?   	github.com/TerraDharitri/drt-go-chain/api/errors	[no test files]
=== RUN   TestCommon_checkArgs
=== PAUSE TestCommon_checkArgs
=== RUN   TestCommon_isLogRouteEnabled
=== PAUSE TestCommon_isLogRouteEnabled
=== RUN   TestNewHttpServer
=== PAUSE TestNewHttpServer
=== RUN   TestHttpServer_Start
=== PAUSE TestHttpServer_Start
=== RUN   TestHttpServer_IsInterfaceNil
=== PAUSE TestHttpServer_IsInterfaceNil
=== RUN   TestNewGinWebServerHandler
=== PAUSE TestNewGinWebServerHandler
=== RUN   TestWebServer_StartHttpServer
=== RUN   TestWebServer_StartHttpServer/RestApiInterface_returns_DefaultRestPortOff
=== RUN   TestWebServer_StartHttpServer/createMiddlewareLimiters_returns_error_due_to_middleware.NewSourceThrottler_error
=== RUN   TestWebServer_StartHttpServer/createMiddlewareLimiters_returns_error_due_to_middleware.NewGlobalThrottler_error
=== RUN   TestWebServer_StartHttpServer/should_work
[0;31mERROR[0m[2026-03-16 10:13:26.615]   websocket: not a websocket handshake: 'Sec-WebSocket-Key' header must be Base64 encoded value of 16-byte in length 
--- PASS: TestWebServer_StartHttpServer (4.00s)
    --- PASS: TestWebServer_StartHttpServer/RestApiInterface_returns_DefaultRestPortOff (0.00s)
    --- PASS: TestWebServer_StartHttpServer/createMiddlewareLimiters_returns_error_due_to_middleware.NewSourceThrottler_error (0.00s)
    --- PASS: TestWebServer_StartHttpServer/createMiddlewareLimiters_returns_error_due_to_middleware.NewGlobalThrottler_error (0.00s)
    --- PASS: TestWebServer_StartHttpServer/should_work (4.00s)
=== RUN   TestWebServer_UpdateFacade
=== PAUSE TestWebServer_UpdateFacade
=== RUN   TestWebServer_CloseWithDisabledServerShouldNotPanic
=== PAUSE TestWebServer_CloseWithDisabledServerShouldNotPanic
=== RUN   TestGinWriter_Write
=== PAUSE TestGinWriter_Write
=== RUN   TestGinErrorWriter_Write
=== PAUSE TestGinErrorWriter_Write
=== CONT  TestCommon_checkArgs
=== CONT  TestNewGinWebServerHandler
=== CONT  TestNewHttpServer
--- PASS: TestCommon_checkArgs (0.00s)
=== CONT  TestHttpServer_Start
=== CONT  TestCommon_isLogRouteEnabled
=== RUN   TestNewHttpServer/nil_server_should_error
=== CONT  TestWebServer_CloseWithDisabledServerShouldNotPanic
=== CONT  TestWebServer_UpdateFacade
=== RUN   TestHttpServer_Start/server_starts
=== CONT  TestGinWriter_Write
=== CONT  TestGinErrorWriter_Write
=== PAUSE TestHttpServer_Start/server_starts
=== RUN   TestHttpServer_Start/server_is_closed
=== PAUSE TestHttpServer_Start/server_is_closed
=== RUN   TestHttpServer_Start/server_returns_other_error
=== PAUSE TestNewHttpServer/nil_server_should_error
=== PAUSE TestHttpServer_Start/server_returns_other_error
=== CONT  TestHttpServer_Start/server_starts
=== CONT  TestHttpServer_Start/server_returns_other_error
=== RUN   TestNewHttpServer/should_work
=== CONT  TestHttpServer_Start/server_is_closed
[0;31mERROR[0m[2026-03-16 10:13:28.616]   could not start webserver                [0;31merror[0m = other error 
=== PAUSE TestNewHttpServer/should_work
=== CONT  TestNewHttpServer/nil_server_should_error
=== RUN   TestNewGinWebServerHandler/nil_facade_should_error
=== PAUSE TestNewGinWebServerHandler/nil_facade_should_error
=== RUN   TestNewGinWebServerHandler/should_work
=== PAUSE TestNewGinWebServerHandler/should_work
=== CONT  TestNewHttpServer/should_work
=== CONT  TestNewGinWebServerHandler/should_work
=== CONT  TestNewGinWebServerHandler/nil_facade_should_error
=== CONT  TestHttpServer_IsInterfaceNil
=== RUN   TestWebServer_UpdateFacade/update_with_nil_facade_should_error
=== PAUSE TestWebServer_UpdateFacade/update_with_nil_facade_should_error
=== RUN   TestWebServer_UpdateFacade/should_work_-_one_of_the_groupHandlers_returns_err
=== PAUSE TestWebServer_UpdateFacade/should_work_-_one_of_the_groupHandlers_returns_err
=== CONT  TestWebServer_UpdateFacade/update_with_nil_facade_should_error
--- PASS: TestCommon_isLogRouteEnabled (0.00s)
=== CONT  TestWebServer_UpdateFacade/should_work_-_one_of_the_groupHandlers_returns_err
[0;31mERROR[0m[2026-03-16 10:13:28.616]   cannot update facade for gin API group   [0;31mgroup name[0m = first [0;31merror[0m = error 
--- PASS: TestWebServer_CloseWithDisabledServerShouldNotPanic (0.00s)
--- PASS: TestGinErrorWriter_Write (0.00s)
--- PASS: TestGinWriter_Write (0.00s)
--- PASS: TestHttpServer_Start (0.00s)
    --- PASS: TestHttpServer_Start/server_starts (0.00s)
    --- PASS: TestHttpServer_Start/server_is_closed (0.00s)
    --- PASS: TestHttpServer_Start/server_returns_other_error (0.00s)
--- PASS: TestNewHttpServer (0.00s)
    --- PASS: TestNewHttpServer/nil_server_should_error (0.00s)
    --- PASS: TestNewHttpServer/should_work (0.00s)
--- PASS: TestNewGinWebServerHandler (0.00s)
    --- PASS: TestNewGinWebServerHandler/should_work (0.00s)
    --- PASS: TestNewGinWebServerHandler/nil_facade_should_error (0.00s)
--- PASS: TestHttpServer_IsInterfaceNil (0.00s)
--- PASS: TestWebServer_UpdateFacade (0.00s)
    --- PASS: TestWebServer_UpdateFacade/update_with_nil_facade_should_error (0.00s)
    --- PASS: TestWebServer_UpdateFacade/should_work_-_one_of_the_groupHandlers_returns_err (0.00s)
PASS
ok  	github.com/TerraDharitri/drt-go-chain/api/gin	(cached)
?   	github.com/TerraDharitri/drt-go-chain/api/mock	[no test files]
=== RUN   TestExtractAccountQueryOptions
=== PAUSE TestExtractAccountQueryOptions
=== RUN   TestParseAccountQueryOptions
=== PAUSE TestParseAccountQueryOptions
=== RUN   TestParseBoolUrlParam
--- PASS: TestParseBoolUrlParam (0.00s)
=== RUN   TestParseUint32UrlParam
--- PASS: TestParseUint32UrlParam (0.00s)
=== RUN   TestParseHexBytesUrlParam
--- PASS: TestParseHexBytesUrlParam (0.00s)
=== RUN   TestNewAddressGroup
=== PAUSE TestNewAddressGroup
=== RUN   TestAddressRoute_EmptyTrailReturns404
=== PAUSE TestAddressRoute_EmptyTrailReturns404
=== RUN   TestAddressGroup_getAccount
=== PAUSE TestAddressGroup_getAccount
=== RUN   TestAddressGroup_getBalance
=== PAUSE TestAddressGroup_getBalance
=== RUN   TestAddressGroup_getAccounts
=== PAUSE TestAddressGroup_getAccounts
=== RUN   TestAddressGroup_getUsername
=== PAUSE TestAddressGroup_getUsername
=== RUN   TestAddressGroup_getCodeHash
=== PAUSE TestAddressGroup_getCodeHash
=== RUN   TestAddressGroup_getValueForKey
=== PAUSE TestAddressGroup_getValueForKey
=== RUN   TestAddressGroup_getGuardianData
=== PAUSE TestAddressGroup_getGuardianData
=== RUN   TestAddressGroup_getKeyValuePairs
=== PAUSE TestAddressGroup_getKeyValuePairs
=== RUN   TestAddressGroup_iterateKeys
=== PAUSE TestAddressGroup_iterateKeys
=== RUN   TestAddressGroup_getDCDTBalance
=== PAUSE TestAddressGroup_getDCDTBalance
=== RUN   TestAddressGroup_getDCDTsRoles
=== PAUSE TestAddressGroup_getDCDTsRoles
=== RUN   TestAddressGroup_getDCDTTokensWithRole
=== PAUSE TestAddressGroup_getDCDTTokensWithRole
=== RUN   TestAddressGroup_getNFTTokenIDsRegisteredByAddress
=== PAUSE TestAddressGroup_getNFTTokenIDsRegisteredByAddress
=== RUN   TestAddressGroup_getDCDTNFTData
=== PAUSE TestAddressGroup_getDCDTNFTData
=== RUN   TestAddressGroup_getAllDCDTData
=== PAUSE TestAddressGroup_getAllDCDTData
=== RUN   TestAddressGroup_UpdateFacade
=== PAUSE TestAddressGroup_UpdateFacade
=== RUN   TestAddressGroup_IsInterfaceNil
=== PAUSE TestAddressGroup_IsInterfaceNil
=== RUN   TestIsDataTrieMigrated
=== PAUSE TestIsDataTrieMigrated
=== RUN   TestNewBlockGroup
=== PAUSE TestNewBlockGroup
=== RUN   TestBlockGroup_getBlockByNonce
=== PAUSE TestBlockGroup_getBlockByNonce
=== RUN   TestBlockGroup_getBlockByHash
=== PAUSE TestBlockGroup_getBlockByHash
=== RUN   TestBlockGroup_getBlockByRound
=== PAUSE TestBlockGroup_getBlockByRound
=== RUN   TestBlockGroup_getAlteredAccountsByNonce
=== PAUSE TestBlockGroup_getAlteredAccountsByNonce
=== RUN   TestBlockGroup_getAlteredAccountsByHash
=== PAUSE TestBlockGroup_getAlteredAccountsByHash
=== RUN   TestBlockGroup_IsInterfaceNil
=== PAUSE TestBlockGroup_IsInterfaceNil
=== RUN   TestBlockGroup_UpdateFacadeStub
=== PAUSE TestBlockGroup_UpdateFacadeStub
=== RUN   TestNewHardforkGroup
=== PAUSE TestNewHardforkGroup
=== RUN   TestHardforkGroup_TriggerCannotExecuteShouldErr
=== PAUSE TestHardforkGroup_TriggerCannotExecuteShouldErr
=== RUN   TestHardforkGroup_TriggerWrongRequestTypeShouldErr
=== PAUSE TestHardforkGroup_TriggerWrongRequestTypeShouldErr
=== RUN   TestHardforkGroup_ManualShouldWork
=== PAUSE TestHardforkGroup_ManualShouldWork
=== RUN   TestHardforkGroup_BroadcastShouldWork
=== PAUSE TestHardforkGroup_BroadcastShouldWork
=== RUN   TestHardforkGroup_IsInterfaceNil
=== PAUSE TestHardforkGroup_IsInterfaceNil
=== RUN   TestHardforkGroup_UpdateFacadeStub
=== PAUSE TestHardforkGroup_UpdateFacadeStub
=== RUN   TestNewInternalBlockGroup
=== PAUSE TestNewInternalBlockGroup
=== RUN   TestInternalBlockGroup_getMetaBlockByNonce
=== PAUSE TestInternalBlockGroup_getMetaBlockByNonce
=== RUN   TestInternalBlockGroup_getRawMetaBlockByRound
=== PAUSE TestInternalBlockGroup_getRawMetaBlockByRound
=== RUN   TestInternalBlockGroup_getRawMetaBlockByHash
=== PAUSE TestInternalBlockGroup_getRawMetaBlockByHash
=== RUN   TestInternalBlockGroup_getRawStartOfEpochMetaBlock
=== PAUSE TestInternalBlockGroup_getRawStartOfEpochMetaBlock
=== RUN   TestInternalBlockGroup_getRawShardBlockByNonce
=== PAUSE TestInternalBlockGroup_getRawShardBlockByNonce
=== RUN   TestInternalBlockGroup_getRawShardBlockByRound
=== PAUSE TestInternalBlockGroup_getRawShardBlockByRound
=== RUN   TestInternalBlockGroup_getRawShardBlockByHash
=== PAUSE TestInternalBlockGroup_getRawShardBlockByHash
=== RUN   TestInternalBlockGroup_getRawMiniBlockByHash
=== PAUSE TestInternalBlockGroup_getRawMiniBlockByHash
=== RUN   TestInternalBlockGroup_getJSONMetaBlockByNonce
=== PAUSE TestInternalBlockGroup_getJSONMetaBlockByNonce
=== RUN   TestInternalBlockGroup_getJSONMetaBlockByRound
=== PAUSE TestInternalBlockGroup_getJSONMetaBlockByRound
=== RUN   TestInternalBlockGroup_getJSONMetaBlockByHash
=== PAUSE TestInternalBlockGroup_getJSONMetaBlockByHash
=== RUN   TestInternalBlockGroup_getJSONStartOfEpochMetaBlock
=== PAUSE TestInternalBlockGroup_getJSONStartOfEpochMetaBlock
=== RUN   TestInternalBlockGroup_getJSONShardBlockByNonce
=== PAUSE TestInternalBlockGroup_getJSONShardBlockByNonce
=== RUN   TestInternalBlockGroup_getJSONShardBlockByRound
=== PAUSE TestInternalBlockGroup_getJSONShardBlockByRound
=== RUN   TestInternalBlockGroup_getJSONShardBlockByHash
=== PAUSE TestInternalBlockGroup_getJSONShardBlockByHash
=== RUN   TestInternalBlockGroup_getJSONMiniBlockByHash
=== PAUSE TestInternalBlockGroup_getJSONMiniBlockByHash
=== RUN   TestInternalBlockGroup_getJSONStartOfEpochValidatorsInfo
=== PAUSE TestInternalBlockGroup_getJSONStartOfEpochValidatorsInfo
=== RUN   TestInternalBlockGroup_IsInterfaceNil
=== PAUSE TestInternalBlockGroup_IsInterfaceNil
=== RUN   TestInternalBlockGroup_UpdateFacadeStub
=== PAUSE TestInternalBlockGroup_UpdateFacadeStub
=== RUN   TestNewNetworkGroup
=== PAUSE TestNewNetworkGroup
=== RUN   TestNetworkConfigMetrics_ShouldWork
=== PAUSE TestNetworkConfigMetrics_ShouldWork
=== RUN   TestGetNetworkConfig_ShouldReturnErrorIfFacadeReturnsError
--- PASS: TestGetNetworkConfig_ShouldReturnErrorIfFacadeReturnsError (0.00s)
=== RUN   TestGetNetworkStatus_ShouldReturnErrorIfFacadeReturnsError
--- PASS: TestGetNetworkStatus_ShouldReturnErrorIfFacadeReturnsError (0.00s)
=== RUN   TestNetworkConfigMetrics_GasLimitGuardedTxShouldWork
=== PAUSE TestNetworkConfigMetrics_GasLimitGuardedTxShouldWork
=== RUN   TestNetworkConfigMetrics_GasLimitRelayedTxShouldWork
=== PAUSE TestNetworkConfigMetrics_GasLimitRelayedTxShouldWork
=== RUN   TestNetworkStatusMetrics_ShouldWork
=== PAUSE TestNetworkStatusMetrics_ShouldWork
=== RUN   TestEconomicsMetrics_ShouldWork
--- PASS: TestEconomicsMetrics_ShouldWork (0.00s)
=== RUN   TestGetEconomicValues_ShouldReturnErrorIfFacadeReturnsError
--- PASS: TestGetEconomicValues_ShouldReturnErrorIfFacadeReturnsError (0.00s)
=== RUN   TestEconomicsMetrics_CannotGetStakeValues
--- PASS: TestEconomicsMetrics_CannotGetStakeValues (0.00s)
=== RUN   TestGetAllIssuedDCDTs_ShouldWork
--- PASS: TestGetAllIssuedDCDTs_ShouldWork (0.00s)
=== RUN   TestGetAllIssuedDCDTs_Error
--- PASS: TestGetAllIssuedDCDTs_Error (0.00s)
=== RUN   TestDirectStakedInfo_ShouldWork
--- PASS: TestDirectStakedInfo_ShouldWork (0.00s)
=== RUN   TestDirectStakedInfo_CannotGetDirectStakedList
--- PASS: TestDirectStakedInfo_CannotGetDirectStakedList (0.00s)
=== RUN   TestDelegatedInfo_ShouldWork
--- PASS: TestDelegatedInfo_ShouldWork (0.00s)
=== RUN   TestDelegatedInfo_CannotGetDelegatedList
--- PASS: TestDelegatedInfo_CannotGetDelegatedList (0.00s)
=== RUN   TestGetEnableEpochs_ShouldReturnErrorIfFacadeReturnsError
--- PASS: TestGetEnableEpochs_ShouldReturnErrorIfFacadeReturnsError (0.00s)
=== RUN   TestGetEnableEpochs_ShouldWork
=== PAUSE TestGetEnableEpochs_ShouldWork
=== RUN   TestGetDCDTTotalSupply_InternalError
=== PAUSE TestGetDCDTTotalSupply_InternalError
=== RUN   TestGetNetworkRatings_ShouldReturnErrorIfFacadeReturnsError
--- PASS: TestGetNetworkRatings_ShouldReturnErrorIfFacadeReturnsError (0.00s)
=== RUN   TestGetNetworkRatings_ShouldWork
--- PASS: TestGetNetworkRatings_ShouldWork (0.00s)
=== RUN   TestGetDCDTTotalSupply
=== PAUSE TestGetDCDTTotalSupply
=== RUN   TestGetGenesisNodes
=== PAUSE TestGetGenesisNodes
=== RUN   TestGetGenesisBalances
=== PAUSE TestGetGenesisBalances
=== RUN   TestGetGasConfigs
=== PAUSE TestGetGasConfigs
=== RUN   TestNetworkGroup_UpdateFacade
=== PAUSE TestNetworkGroup_UpdateFacade
=== RUN   TestNetworkGroup_IsInterfaceNil
=== PAUSE TestNetworkGroup_IsInterfaceNil
=== RUN   TestNewNodeGroup
=== PAUSE TestNewNodeGroup
=== RUN   TestHeartbeatstatus_FromFacadeErrors
=== PAUSE TestHeartbeatstatus_FromFacadeErrors
=== RUN   TestHeartbeatStatus
=== PAUSE TestHeartbeatStatus
=== RUN   TestP2PMetrics_ShouldReturnErrorIfFacadeReturnsError
--- PASS: TestP2PMetrics_ShouldReturnErrorIfFacadeReturnsError (0.00s)
=== RUN   TestNodeStatus_ShouldReturnErrorIfFacadeReturnsError
--- PASS: TestNodeStatus_ShouldReturnErrorIfFacadeReturnsError (0.00s)
=== RUN   TestBootstrapStatus_ShouldReturnErrorIfFacadeReturnsError
--- PASS: TestBootstrapStatus_ShouldReturnErrorIfFacadeReturnsError (0.00s)
=== RUN   TestBootstrapStatusMetrics_ShouldWork
--- PASS: TestBootstrapStatusMetrics_ShouldWork (0.00s)
=== RUN   TestNodeGroup_GetConnectedPeersRatings
=== PAUSE TestNodeGroup_GetConnectedPeersRatings
=== RUN   TestStatusMetrics_ShouldDisplayNonP2pMetrics
--- PASS: TestStatusMetrics_ShouldDisplayNonP2pMetrics (0.00s)
=== RUN   TestP2PStatusMetrics_ShouldDisplayNonP2pMetrics
--- PASS: TestP2PStatusMetrics_ShouldDisplayNonP2pMetrics (0.00s)
=== RUN   TestQueryDebug_ShouldBindJSONErrorsShouldErr
=== PAUSE TestQueryDebug_ShouldBindJSONErrorsShouldErr
=== RUN   TestQueryDebug_GetQueryErrorsShouldErr
=== PAUSE TestQueryDebug_GetQueryErrorsShouldErr
=== RUN   TestQueryDebug_GetQueryShouldWork
=== PAUSE TestQueryDebug_GetQueryShouldWork
=== RUN   TestPeerInfo_PeerInfoErrorsShouldErr
=== PAUSE TestPeerInfo_PeerInfoErrorsShouldErr
=== RUN   TestPeerInfo_PeerInfoShouldWork
=== PAUSE TestPeerInfo_PeerInfoShouldWork
=== RUN   TestEpochStartData_InvalidEpochShouldErr
=== PAUSE TestEpochStartData_InvalidEpochShouldErr
=== RUN   TestEpochStartData_FacadeErrorsShouldErr
=== PAUSE TestEpochStartData_FacadeErrorsShouldErr
=== RUN   TestEpochStartData_ShouldWork
=== PAUSE TestEpochStartData_ShouldWork
=== RUN   TestPrometheusMetrics_ShouldReturnErrorIfFacadeReturnsError
--- PASS: TestPrometheusMetrics_ShouldReturnErrorIfFacadeReturnsError (0.00s)
=== RUN   TestPrometheusMetrics_ShouldWork
--- PASS: TestPrometheusMetrics_ShouldWork (0.00s)
=== RUN   TestNodeGroup_ManagedKeysCount
=== PAUSE TestNodeGroup_ManagedKeysCount
=== RUN   TestNodeGroup_ManagedKeys
=== PAUSE TestNodeGroup_ManagedKeys
=== RUN   TestNodeGroup_LoadedKeys
=== PAUSE TestNodeGroup_LoadedKeys
=== RUN   TestNodeGroup_ManagedKeysEligible
=== PAUSE TestNodeGroup_ManagedKeysEligible
=== RUN   TestNodeGroup_ManagedKeysWaiting
=== PAUSE TestNodeGroup_ManagedKeysWaiting
=== RUN   TestNodeGroup_WaitingEpochsLeft
=== PAUSE TestNodeGroup_WaitingEpochsLeft
=== RUN   TestNodeGroup_UpdateFacade
=== PAUSE TestNodeGroup_UpdateFacade
=== RUN   TestNodeGroup_IsInterfaceNil
=== PAUSE TestNodeGroup_IsInterfaceNil
=== RUN   TestNewProofGroup
=== PAUSE TestNewProofGroup
=== RUN   TestGetProof_GetProofError
=== PAUSE TestGetProof_GetProofError
=== RUN   TestGetProof
=== PAUSE TestGetProof
=== RUN   TestGetProofDataTrie_GetProofError
=== PAUSE TestGetProofDataTrie_GetProofError
=== RUN   TestGetProofDataTrie
=== PAUSE TestGetProofDataTrie
=== RUN   TestGetProofCurrentRootHash_GetProofError
=== PAUSE TestGetProofCurrentRootHash_GetProofError
=== RUN   TestGetProofCurrentRootHash
=== PAUSE TestGetProofCurrentRootHash
=== RUN   TestVerifyProof_BadRequestShouldErr
=== PAUSE TestVerifyProof_BadRequestShouldErr
=== RUN   TestVerifyProof_VerifyProofErr
=== PAUSE TestVerifyProof_VerifyProofErr
=== RUN   TestVerifyProof_VerifyProofCanNotDecodeProof
=== PAUSE TestVerifyProof_VerifyProofCanNotDecodeProof
=== RUN   TestVerifyProof
=== PAUSE TestVerifyProof
=== RUN   TestProofGroup_UpdateFacade
=== PAUSE TestProofGroup_UpdateFacade
=== RUN   TestProofGroup_IsInterfaceNil
=== PAUSE TestProofGroup_IsInterfaceNil
=== RUN   TestNewTransactionGroup
=== PAUSE TestNewTransactionGroup
=== RUN   TestTransactionsGroup_getTransaction
=== PAUSE TestTransactionsGroup_getTransaction
=== RUN   TestTransactionGroup_sendTransaction
=== PAUSE TestTransactionGroup_sendTransaction
=== RUN   TestTransactionsGroup_getSCRsByTxHash
=== PAUSE TestTransactionsGroup_getSCRsByTxHash
=== RUN   TestTransactionGroup_sendMultipleTransactions
=== PAUSE TestTransactionGroup_sendMultipleTransactions
=== RUN   TestTransactionGroup_computeTransactionGasLimit
=== PAUSE TestTransactionGroup_computeTransactionGasLimit
=== RUN   TestTransactionGroup_simulateTransaction
=== PAUSE TestTransactionGroup_simulateTransaction
=== RUN   TestTransactionGroup_getTransactionsPool
=== PAUSE TestTransactionGroup_getTransactionsPool
=== RUN   TestTransactionsGroup_UpdateFacade
=== PAUSE TestTransactionsGroup_UpdateFacade
=== RUN   TestTransactionsGroup_IsInterfaceNil
=== PAUSE TestTransactionsGroup_IsInterfaceNil
=== RUN   TestNewValidatorGroup
=== PAUSE TestNewValidatorGroup
=== RUN   TestValidatorStatistics_ErrorWhenFacadeFails
=== PAUSE TestValidatorStatistics_ErrorWhenFacadeFails
=== RUN   TestValidatorStatistics_ReturnsSuccessfully
=== PAUSE TestValidatorStatistics_ReturnsSuccessfully
=== RUN   TestValidatorGroup_UpdateFacade
=== PAUSE TestValidatorGroup_UpdateFacade
=== RUN   TestValidatorGroup_IsInterfaceNil
=== PAUSE TestValidatorGroup_IsInterfaceNil
=== RUN   TestAuctionList_ErrorWhenFacadeFails
=== PAUSE TestAuctionList_ErrorWhenFacadeFails
=== RUN   TestAuctionList_ReturnsSuccessfully
=== PAUSE TestAuctionList_ReturnsSuccessfully
=== RUN   TestNewVmValuesGroup
=== PAUSE TestNewVmValuesGroup
=== RUN   TestGetHex_ShouldWork
=== PAUSE TestGetHex_ShouldWork
=== RUN   TestGetString_ShouldWork
=== PAUSE TestGetString_ShouldWork
=== RUN   TestGetInt_ShouldWork
=== PAUSE TestGetInt_ShouldWork
=== RUN   TestQuery
=== PAUSE TestQuery
=== RUN   TestCreateSCQuery_ArgumentIsNotHexShouldErr
--- PASS: TestCreateSCQuery_ArgumentIsNotHexShouldErr (0.00s)
=== RUN   TestAllRoutes_FacadeErrorsShouldErr
=== PAUSE TestAllRoutes_FacadeErrorsShouldErr
=== RUN   TestAllRoutes_WhenBadAddressShouldErr
=== PAUSE TestAllRoutes_WhenBadAddressShouldErr
=== RUN   TestAllRoutes_WhenBadArgumentsShouldErr
=== PAUSE TestAllRoutes_WhenBadArgumentsShouldErr
=== RUN   TestAllRoutes_WhenNoVMReturnDataShouldErr
=== PAUSE TestAllRoutes_WhenNoVMReturnDataShouldErr
=== RUN   TestAllRoutes_WhenBadJsonShouldErr
=== PAUSE TestAllRoutes_WhenBadJsonShouldErr
=== RUN   TestAllRoutes_DecodeAddressPubkeyFailsShouldErr
=== PAUSE TestAllRoutes_DecodeAddressPubkeyFailsShouldErr
=== RUN   TestAllRoutes_SetStringFailsShouldErr
=== PAUSE TestAllRoutes_SetStringFailsShouldErr
=== RUN   TestVMValuesGroup_UpdateFacade
=== PAUSE TestVMValuesGroup_UpdateFacade
=== RUN   TestVMValuesGroup_IsInterfaceNil
=== PAUSE TestVMValuesGroup_IsInterfaceNil
=== CONT  TestExtractAccountQueryOptions
=== CONT  TestNewValidatorGroup
=== RUN   TestExtractAccountQueryOptions/good_options
=== PAUSE TestExtractAccountQueryOptions/good_options
=== CONT  TestNewNetworkGroup
=== RUN   TestNewNetworkGroup/nil_facade
=== RUN   TestExtractAccountQueryOptions/bad_options
=== CONT  TestInternalBlockGroup_UpdateFacadeStub
=== RUN   TestNewNetworkGroup/should_work
=== RUN   TestInternalBlockGroup_UpdateFacadeStub/nil_facade_should_error
--- PASS: TestNewNetworkGroup (0.00s)
    --- PASS: TestNewNetworkGroup/nil_facade (0.00s)
    --- PASS: TestNewNetworkGroup/should_work (0.00s)
=== CONT  TestInternalBlockGroup_getRawShardBlockByHash
=== PAUSE TestInternalBlockGroup_UpdateFacadeStub/nil_facade_should_error
=== RUN   TestInternalBlockGroup_getRawShardBlockByHash/empty_hash_should_error
=== RUN   TestInternalBlockGroup_UpdateFacadeStub/cast_failure_should_error
=== PAUSE TestInternalBlockGroup_getRawShardBlockByHash/empty_hash_should_error
=== RUN   TestInternalBlockGroup_getRawShardBlockByHash/facade_error_should_error
=== PAUSE TestInternalBlockGroup_getRawShardBlockByHash/facade_error_should_error
=== RUN   TestInternalBlockGroup_getRawShardBlockByHash/should_work
=== PAUSE TestInternalBlockGroup_getRawShardBlockByHash/should_work
=== CONT  TestInternalBlockGroup_getJSONStartOfEpochValidatorsInfo
=== RUN   TestInternalBlockGroup_getJSONStartOfEpochValidatorsInfo/empty_epoch_should_error
=== PAUSE TestInternalBlockGroup_getJSONStartOfEpochValidatorsInfo/empty_epoch_should_error
=== RUN   TestInternalBlockGroup_getJSONStartOfEpochValidatorsInfo/invalid_epoch_should_error
=== PAUSE TestInternalBlockGroup_UpdateFacadeStub/cast_failure_should_error
=== RUN   TestInternalBlockGroup_UpdateFacadeStub/should_work
=== PAUSE TestInternalBlockGroup_UpdateFacadeStub/should_work
=== PAUSE TestInternalBlockGroup_getJSONStartOfEpochValidatorsInfo/invalid_epoch_should_error
=== CONT  TestVMValuesGroup_UpdateFacade
=== CONT  TestInternalBlockGroup_getJSONShardBlockByHash
=== RUN   TestInternalBlockGroup_getJSONStartOfEpochValidatorsInfo/facade_error_should_fail
=== CONT  TestInternalBlockGroup_getJSONShardBlockByRound
=== CONT  TestInternalBlockGroup_getJSONShardBlockByNonce
=== CONT  TestInternalBlockGroup_getJSONStartOfEpochMetaBlock
=== RUN   TestVMValuesGroup_UpdateFacade/nil_facade_should_error
=== RUN   TestInternalBlockGroup_getJSONStartOfEpochMetaBlock/empty_epoch_should_error
=== PAUSE TestVMValuesGroup_UpdateFacade/nil_facade_should_error
=== PAUSE TestInternalBlockGroup_getJSONStartOfEpochValidatorsInfo/facade_error_should_fail
=== RUN   TestVMValuesGroup_UpdateFacade/cast_failure_should_error
=== RUN   TestInternalBlockGroup_getJSONStartOfEpochValidatorsInfo/should_work
=== RUN   TestInternalBlockGroup_getJSONShardBlockByNonce/empty_nonce_should_error
=== PAUSE TestInternalBlockGroup_getJSONStartOfEpochValidatorsInfo/should_work
=== RUN   TestInternalBlockGroup_getJSONShardBlockByRound/empty_round_should_error
=== PAUSE TestVMValuesGroup_UpdateFacade/cast_failure_should_error
=== PAUSE TestInternalBlockGroup_getJSONStartOfEpochMetaBlock/empty_epoch_should_error
=== RUN   TestInternalBlockGroup_getJSONStartOfEpochMetaBlock/invalid_epoch_should_error
=== PAUSE TestInternalBlockGroup_getJSONShardBlockByNonce/empty_nonce_should_error
=== PAUSE TestInternalBlockGroup_getJSONStartOfEpochMetaBlock/invalid_epoch_should_error
=== RUN   TestInternalBlockGroup_getJSONShardBlockByNonce/invalid_nonce_should_error
=== RUN   TestInternalBlockGroup_getJSONStartOfEpochMetaBlock/facade_error_should_error
=== PAUSE TestInternalBlockGroup_getJSONShardBlockByNonce/invalid_nonce_should_error
=== RUN   TestInternalBlockGroup_getJSONShardBlockByNonce/facade_error_should_error
=== PAUSE TestInternalBlockGroup_getJSONShardBlockByNonce/facade_error_should_error
=== RUN   TestInternalBlockGroup_getJSONShardBlockByNonce/should_work
=== PAUSE TestInternalBlockGroup_getJSONShardBlockByNonce/should_work
=== PAUSE TestInternalBlockGroup_getJSONStartOfEpochMetaBlock/facade_error_should_error
=== CONT  TestAllRoutes_SetStringFailsShouldErr
=== CONT  TestVMValuesGroup_IsInterfaceNil
=== RUN   TestInternalBlockGroup_getJSONStartOfEpochMetaBlock/should_work
=== PAUSE TestInternalBlockGroup_getJSONStartOfEpochMetaBlock/should_work
=== PAUSE TestExtractAccountQueryOptions/bad_options
=== CONT  TestAllRoutes_DecodeAddressPubkeyFailsShouldErr
=== CONT  TestInternalBlockGroup_IsInterfaceNil
=== CONT  TestAllRoutes_WhenBadJsonShouldErr
=== CONT  TestAllRoutes_WhenNoVMReturnDataShouldErr
=== CONT  TestInternalBlockGroup_getRawMetaBlockByHash
=== RUN   TestInternalBlockGroup_getRawMetaBlockByHash/empty_hash_should_error
=== PAUSE TestInternalBlockGroup_getRawMetaBlockByHash/empty_hash_should_error
=== CONT  TestInternalBlockGroup_getRawShardBlockByRound
=== RUN   TestInternalBlockGroup_getRawShardBlockByRound/empty_round_should_error
=== PAUSE TestInternalBlockGroup_getRawShardBlockByRound/empty_round_should_error
=== RUN   TestInternalBlockGroup_getRawShardBlockByRound/invalid_round_should_error
=== PAUSE TestInternalBlockGroup_getRawShardBlockByRound/invalid_round_should_error
=== RUN   TestInternalBlockGroup_getRawShardBlockByRound/facade_error_should_error
=== PAUSE TestInternalBlockGroup_getRawShardBlockByRound/facade_error_should_error
=== RUN   TestInternalBlockGroup_getRawShardBlockByRound/should_work
=== PAUSE TestInternalBlockGroup_getRawShardBlockByRound/should_work
=== CONT  TestInternalBlockGroup_getRawMetaBlockByRound
=== CONT  TestInternalBlockGroup_getJSONMetaBlockByHash
=== CONT  TestInternalBlockGroup_getJSONMetaBlockByRound
=== CONT  TestInternalBlockGroup_getJSONMetaBlockByNonce
=== RUN   TestInternalBlockGroup_getJSONShardBlockByHash/empty_hash_should_error
=== RUN   TestInternalBlockGroup_getRawMetaBlockByRound/empty_round_should_error
=== PAUSE TestInternalBlockGroup_getJSONShardBlockByRound/empty_round_should_error
=== RUN   TestInternalBlockGroup_getJSONShardBlockByRound/invalid_round_should_error
=== PAUSE TestInternalBlockGroup_getJSONShardBlockByRound/invalid_round_should_error
=== RUN   TestInternalBlockGroup_getJSONMetaBlockByHash/empty_hash_should_error
=== PAUSE TestInternalBlockGroup_getJSONShardBlockByHash/empty_hash_should_error
=== RUN   TestVMValuesGroup_UpdateFacade/should_work
=== CONT  TestInternalBlockGroup_getRawShardBlockByNonce
=== RUN   TestInternalBlockGroup_getJSONMetaBlockByRound/empty_round_should_error
=== RUN   TestNewValidatorGroup/nil_facade
=== CONT  TestInternalBlockGroup_getRawMiniBlockByHash
--- PASS: TestVMValuesGroup_IsInterfaceNil (0.00s)
--- PASS: TestInternalBlockGroup_IsInterfaceNil (0.00s)
--- PASS: TestAllRoutes_DecodeAddressPubkeyFailsShouldErr (0.00s)
=== RUN   TestInternalBlockGroup_getJSONMetaBlockByNonce/empty_nonce_should_error
=== PAUSE TestInternalBlockGroup_getJSONMetaBlockByNonce/empty_nonce_should_error
=== RUN   TestInternalBlockGroup_getJSONMetaBlockByNonce/invalid_nonce_should_error
=== CONT  TestInternalBlockGroup_getRawStartOfEpochMetaBlock
=== PAUSE TestInternalBlockGroup_getRawMetaBlockByRound/empty_round_should_error
=== CONT  TestInternalBlockGroup_getJSONMiniBlockByHash
=== RUN   TestInternalBlockGroup_getRawStartOfEpochMetaBlock/empty_epoch_should_error
=== RUN   TestInternalBlockGroup_getRawMetaBlockByHash/facade_error_should_error
=== RUN   TestInternalBlockGroup_getRawMetaBlockByRound/invalid_round_should_error
=== PAUSE TestInternalBlockGroup_getJSONMetaBlockByRound/empty_round_should_error
=== PAUSE TestInternalBlockGroup_getJSONMetaBlockByNonce/invalid_nonce_should_error
=== RUN   TestInternalBlockGroup_getJSONShardBlockByRound/facade_error_should_error
=== RUN   TestInternalBlockGroup_getJSONShardBlockByHash/facade_error_should_error
=== PAUSE TestInternalBlockGroup_getRawStartOfEpochMetaBlock/empty_epoch_should_error
=== RUN   TestInternalBlockGroup_getRawMiniBlockByHash/empty_hash_should_error
=== PAUSE TestInternalBlockGroup_getRawMetaBlockByHash/facade_error_should_error
=== PAUSE TestInternalBlockGroup_getRawMiniBlockByHash/empty_hash_should_error
--- PASS: TestAllRoutes_WhenNoVMReturnDataShouldErr (0.00s)
=== CONT  TestAllRoutes_WhenBadArgumentsShouldErr
--- PASS: TestAllRoutes_WhenBadJsonShouldErr (0.00s)
=== CONT  TestInternalBlockGroup_getMetaBlockByNonce
=== PAUSE TestInternalBlockGroup_getJSONMetaBlockByHash/empty_hash_should_error
=== PAUSE TestVMValuesGroup_UpdateFacade/should_work
=== CONT  TestAllRoutes_WhenBadAddressShouldErr
--- PASS: TestAllRoutes_SetStringFailsShouldErr (0.00s)
=== CONT  TestAllRoutes_FacadeErrorsShouldErr
=== PAUSE TestInternalBlockGroup_getRawMetaBlockByRound/invalid_round_should_error
=== RUN   TestInternalBlockGroup_getJSONMiniBlockByHash/empty_hash_should_error
=== PAUSE TestInternalBlockGroup_getJSONMiniBlockByHash/empty_hash_should_error
=== RUN   TestInternalBlockGroup_getJSONMiniBlockByHash/empty_epoch_should_error
=== PAUSE TestInternalBlockGroup_getJSONMiniBlockByHash/empty_epoch_should_error
=== RUN   TestInternalBlockGroup_getJSONMiniBlockByHash/invalid_epoch_should_error
=== PAUSE TestInternalBlockGroup_getJSONShardBlockByHash/facade_error_should_error
=== RUN   TestInternalBlockGroup_getRawStartOfEpochMetaBlock/invalid_epoch_should_error
=== RUN   TestInternalBlockGroup_getJSONShardBlockByHash/should_work
--- PASS: TestAllRoutes_WhenBadAddressShouldErr (0.00s)
=== RUN   TestInternalBlockGroup_getRawMetaBlockByHash/should_work
=== PAUSE TestInternalBlockGroup_getJSONShardBlockByHash/should_work
=== RUN   TestInternalBlockGroup_getRawMiniBlockByHash/empty_epoch_should_error
=== PAUSE TestInternalBlockGroup_getJSONMiniBlockByHash/invalid_epoch_should_error
=== RUN   TestInternalBlockGroup_getMetaBlockByNonce/empty_nonce_should_error
=== PAUSE TestInternalBlockGroup_getMetaBlockByNonce/empty_nonce_should_error
=== CONT  TestQuery
=== RUN   TestInternalBlockGroup_getRawShardBlockByNonce/empty_nonce_should_error
=== RUN   TestNewValidatorGroup/should_work
--- PASS: TestNewValidatorGroup (0.00s)
    --- PASS: TestNewValidatorGroup/nil_facade (0.00s)
    --- PASS: TestNewValidatorGroup/should_work (0.00s)
=== CONT  TestHardforkGroup_UpdateFacadeStub
=== RUN   TestInternalBlockGroup_getRawMetaBlockByRound/facade_error_should_error
=== PAUSE TestInternalBlockGroup_getRawMetaBlockByRound/facade_error_should_error
--- PASS: TestAllRoutes_FacadeErrorsShouldErr (0.00s)
=== RUN   TestInternalBlockGroup_getRawMetaBlockByRound/should_work
=== CONT  TestGetInt_ShouldWork
=== PAUSE TestInternalBlockGroup_getRawMetaBlockByRound/should_work
=== RUN   TestInternalBlockGroup_getMetaBlockByNonce/invalid_nonce_should_error
=== CONT  TestGetString_ShouldWork
--- PASS: TestAllRoutes_WhenBadArgumentsShouldErr (0.00s)
=== PAUSE TestInternalBlockGroup_getMetaBlockByNonce/invalid_nonce_should_error
=== CONT  TestHardforkGroup_IsInterfaceNil
=== RUN   TestInternalBlockGroup_getMetaBlockByNonce/facade_error_should_error
--- PASS: TestHardforkGroup_IsInterfaceNil (0.00s)
=== RUN   TestHardforkGroup_UpdateFacadeStub/nil_facade_should_error
=== CONT  TestGetHex_ShouldWork
=== PAUSE TestHardforkGroup_UpdateFacadeStub/nil_facade_should_error
=== RUN   TestHardforkGroup_UpdateFacadeStub/cast_failure_should_error
=== PAUSE TestHardforkGroup_UpdateFacadeStub/cast_failure_should_error
=== RUN   TestHardforkGroup_UpdateFacadeStub/should_work
=== PAUSE TestHardforkGroup_UpdateFacadeStub/should_work
=== RUN   TestQuery/invalid_block_nonce_should_error
--- PASS: TestGetInt_ShouldWork (0.00s)
=== PAUSE TestQuery/invalid_block_nonce_should_error
=== CONT  TestNewVmValuesGroup
--- PASS: TestGetHex_ShouldWork (0.00s)
=== RUN   TestQuery/invalid_block_hash_should_error
=== CONT  TestAuctionList_ErrorWhenFacadeFails
=== RUN   TestNewVmValuesGroup/nil_facade
=== CONT  TestNewInternalBlockGroup
=== PAUSE TestQuery/invalid_block_hash_should_error
=== PAUSE TestInternalBlockGroup_getMetaBlockByNonce/facade_error_should_error
=== RUN   TestInternalBlockGroup_getJSONMiniBlockByHash/facade_error_should_error
=== PAUSE TestInternalBlockGroup_getRawStartOfEpochMetaBlock/invalid_epoch_should_error
=== PAUSE TestInternalBlockGroup_getJSONMiniBlockByHash/facade_error_should_error
=== RUN   TestInternalBlockGroup_getRawStartOfEpochMetaBlock/facade_error_should_error
=== RUN   TestInternalBlockGroup_getJSONMiniBlockByHash/should_work
=== PAUSE TestInternalBlockGroup_getRawStartOfEpochMetaBlock/facade_error_should_error
=== PAUSE TestInternalBlockGroup_getJSONMiniBlockByHash/should_work
=== RUN   TestInternalBlockGroup_getRawStartOfEpochMetaBlock/should_work
=== PAUSE TestInternalBlockGroup_getRawStartOfEpochMetaBlock/should_work
=== CONT  TestValidatorGroup_UpdateFacade
=== RUN   TestValidatorGroup_UpdateFacade/nil_facade_should_error
=== PAUSE TestValidatorGroup_UpdateFacade/nil_facade_should_error
=== RUN   TestValidatorGroup_UpdateFacade/cast_failure_should_error
=== PAUSE TestValidatorGroup_UpdateFacade/cast_failure_should_error
=== CONT  TestValidatorStatistics_ReturnsSuccessfully
=== RUN   TestValidatorGroup_UpdateFacade/should_work
=== CONT  TestHardforkGroup_BroadcastShouldWork
=== RUN   TestInternalBlockGroup_getJSONMetaBlockByHash/facade_error_should_error
=== PAUSE TestValidatorGroup_UpdateFacade/should_work
=== PAUSE TestInternalBlockGroup_getRawShardBlockByNonce/empty_nonce_should_error
=== CONT  TestAuctionList_ReturnsSuccessfully
=== CONT  TestHardforkGroup_ManualShouldWork
=== RUN   TestNewInternalBlockGroup/nil_facade
=== CONT  TestHardforkGroup_TriggerWrongRequestTypeShouldErr
=== CONT  TestAddressGroup_getNFTTokenIDsRegisteredByAddress
=== RUN   TestAddressGroup_getNFTTokenIDsRegisteredByAddress/empty_address_should_error
=== PAUSE TestAddressGroup_getNFTTokenIDsRegisteredByAddress/empty_address_should_error
=== RUN   TestAddressGroup_getNFTTokenIDsRegisteredByAddress/invalid_query_options_should_error
=== RUN   TestInternalBlockGroup_getJSONMetaBlockByRound/invalid_round_should_error
=== PAUSE TestAddressGroup_getNFTTokenIDsRegisteredByAddress/invalid_query_options_should_error
=== PAUSE TestInternalBlockGroup_getJSONMetaBlockByRound/invalid_round_should_error
=== CONT  TestHardforkGroup_TriggerCannotExecuteShouldErr
=== RUN   TestInternalBlockGroup_getJSONMetaBlockByRound/facade_error_should_error
=== PAUSE TestInternalBlockGroup_getJSONMetaBlockByRound/facade_error_should_error
=== RUN   TestInternalBlockGroup_getJSONMetaBlockByRound/should_work
=== PAUSE TestInternalBlockGroup_getJSONMetaBlockByRound/should_work
=== CONT  TestAddressGroup_getDCDTTokensWithRole
=== CONT  TestAddressGroup_getDCDTsRoles
=== CONT  TestNewHardforkGroup
=== RUN   TestNewHardforkGroup/nil_facade
=== RUN   TestAddressGroup_getDCDTsRoles/empty_address_should_error
=== RUN   TestAddressGroup_getNFTTokenIDsRegisteredByAddress/with_node_fail_should_err
=== PAUSE TestAddressGroup_getDCDTsRoles/empty_address_should_error
=== RUN   TestAddressGroup_getDCDTsRoles/invalid_query_options_should_error
=== PAUSE TestAddressGroup_getDCDTsRoles/invalid_query_options_should_error
=== RUN   TestAddressGroup_getDCDTsRoles/with_node_fail_should_err
=== PAUSE TestAddressGroup_getDCDTsRoles/with_node_fail_should_err
=== RUN   TestAddressGroup_getDCDTTokensWithRole/empty_address_should_error
=== RUN   TestAddressGroup_getDCDTsRoles/should_work
=== PAUSE TestAddressGroup_getNFTTokenIDsRegisteredByAddress/with_node_fail_should_err
=== PAUSE TestAddressGroup_getDCDTTokensWithRole/empty_address_should_error
=== RUN   TestAddressGroup_getNFTTokenIDsRegisteredByAddress/should_work
=== PAUSE TestAddressGroup_getNFTTokenIDsRegisteredByAddress/should_work
=== RUN   TestAddressGroup_getDCDTTokensWithRole/invalid_query_options_should_error
=== PAUSE TestInternalBlockGroup_getJSONShardBlockByRound/facade_error_should_error
=== PAUSE TestAddressGroup_getDCDTTokensWithRole/invalid_query_options_should_error
=== RUN   TestInternalBlockGroup_getJSONShardBlockByRound/should_work
=== RUN   TestAddressGroup_getDCDTTokensWithRole/invalid_role_should_error
=== PAUSE TestInternalBlockGroup_getJSONShardBlockByRound/should_work
=== RUN   TestInternalBlockGroup_getMetaBlockByNonce/should_work
=== PAUSE TestInternalBlockGroup_getRawMetaBlockByHash/should_work
=== PAUSE TestInternalBlockGroup_getMetaBlockByNonce/should_work
=== CONT  TestBlockGroup_UpdateFacadeStub
--- PASS: TestGetString_ShouldWork (0.00s)
=== RUN   TestBlockGroup_UpdateFacadeStub/nil_facade_should_error
=== CONT  TestValidatorStatistics_ErrorWhenFacadeFails
=== PAUSE TestBlockGroup_UpdateFacadeStub/nil_facade_should_error
=== RUN   TestBlockGroup_UpdateFacadeStub/cast_failure_should_error
=== PAUSE TestBlockGroup_UpdateFacadeStub/cast_failure_should_error
=== RUN   TestBlockGroup_UpdateFacadeStub/should_work
=== PAUSE TestBlockGroup_UpdateFacadeStub/should_work
--- PASS: TestAuctionList_ErrorWhenFacadeFails (0.00s)
=== CONT  TestAddressGroup_iterateKeys
--- PASS: TestHardforkGroup_BroadcastShouldWork (0.00s)
--- PASS: TestAuctionList_ReturnsSuccessfully (0.00s)
=== CONT  TestValidatorGroup_IsInterfaceNil
=== CONT  TestAddressGroup_getKeyValuePairs
=== CONT  TestBlockGroup_getAlteredAccountsByHash
=== CONT  TestAddressGroup_getGuardianData
=== RUN   TestBlockGroup_getAlteredAccountsByHash/empty_hash_should_error
=== PAUSE TestBlockGroup_getAlteredAccountsByHash/empty_hash_should_error
=== RUN   TestBlockGroup_getAlteredAccountsByHash/invalid_hash_should_error
=== PAUSE TestBlockGroup_getAlteredAccountsByHash/invalid_hash_should_error
=== RUN   TestBlockGroup_getAlteredAccountsByHash/facade_error_should_error
=== PAUSE TestBlockGroup_getAlteredAccountsByHash/facade_error_should_error
=== RUN   TestBlockGroup_getAlteredAccountsByHash/should_work
=== PAUSE TestBlockGroup_getAlteredAccountsByHash/should_work
=== CONT  TestBlockGroup_getAlteredAccountsByNonce
=== RUN   TestBlockGroup_getAlteredAccountsByNonce/empty_nonce_should_error
=== PAUSE TestBlockGroup_getAlteredAccountsByNonce/empty_nonce_should_error
=== RUN   TestBlockGroup_getAlteredAccountsByNonce/invalid_nonce_should_error
=== PAUSE TestBlockGroup_getAlteredAccountsByNonce/invalid_nonce_should_error
=== RUN   TestBlockGroup_getAlteredAccountsByNonce/facade_error_should_error
=== PAUSE TestBlockGroup_getAlteredAccountsByNonce/facade_error_should_error
=== RUN   TestNewVmValuesGroup/should_work
=== RUN   TestBlockGroup_getAlteredAccountsByNonce/should_work
=== RUN   TestAddressGroup_getGuardianData/empty_address_should_error
=== PAUSE TestBlockGroup_getAlteredAccountsByNonce/should_work
=== PAUSE TestAddressGroup_getGuardianData/empty_address_should_error
=== CONT  TestAddressGroup_getValueForKey
=== RUN   TestQuery/should_work_-_block_nonce
=== PAUSE TestQuery/should_work_-_block_nonce
=== RUN   TestQuery/should_work_-_block_hash
=== RUN   TestAddressGroup_getGuardianData/invalid_query_options_should_error
=== PAUSE TestAddressGroup_getGuardianData/invalid_query_options_should_error
=== RUN   TestAddressGroup_getGuardianData/with_node_fail_should_err
=== PAUSE TestAddressGroup_getGuardianData/with_node_fail_should_err
=== PAUSE TestQuery/should_work_-_block_hash
=== RUN   TestAddressGroup_getGuardianData/should_work
=== RUN   TestQuery/should_work_-_no_block_coordinates
=== PAUSE TestAddressGroup_getGuardianData/should_work
=== RUN   TestAddressGroup_getValueForKey/empty_address_should_error
=== CONT  TestAddressGroup_getCodeHash
=== PAUSE TestAddressGroup_getValueForKey/empty_address_should_error
=== RUN   TestAddressGroup_getCodeHash/empty_address_should_error
=== RUN   TestAddressGroup_getValueForKey/invalid_query_options_should_error
=== PAUSE TestAddressGroup_getValueForKey/invalid_query_options_should_error
=== RUN   TestAddressGroup_getValueForKey/facade_error_should_error
=== PAUSE TestAddressGroup_getValueForKey/facade_error_should_error
=== RUN   TestAddressGroup_getValueForKey/should_work
=== PAUSE TestAddressGroup_getValueForKey/should_work
=== RUN   TestAddressGroup_iterateKeys/invalid_body_should_error
=== PAUSE TestAddressGroup_iterateKeys/invalid_body_should_error
=== RUN   TestAddressGroup_iterateKeys/empty_address_should_error
=== PAUSE TestAddressGroup_iterateKeys/empty_address_should_error
=== RUN   TestAddressGroup_iterateKeys/invalid_query_options_should_error
=== PAUSE TestAddressGroup_iterateKeys/invalid_query_options_should_error
=== RUN   TestAddressGroup_iterateKeys/with_node_fail_should_err
=== PAUSE TestAddressGroup_iterateKeys/with_node_fail_should_err
=== RUN   TestAddressGroup_iterateKeys/should_work
=== PAUSE TestAddressGroup_iterateKeys/should_work
=== PAUSE TestAddressGroup_getCodeHash/empty_address_should_error
=== CONT  TestAddressGroup_getUsername
=== RUN   TestAddressGroup_getKeyValuePairs/empty_address_should_error
=== RUN   TestAddressGroup_getCodeHash/invalid_query_options_should_error
=== PAUSE TestAddressGroup_getKeyValuePairs/empty_address_should_error
=== RUN   TestAddressGroup_getKeyValuePairs/invalid_query_options_should_error
=== PAUSE TestAddressGroup_getDCDTTokensWithRole/invalid_role_should_error
=== PAUSE TestAddressGroup_getKeyValuePairs/invalid_query_options_should_error
=== RUN   TestAddressGroup_getDCDTTokensWithRole/with_node_fail_should_err
=== RUN   TestAddressGroup_getUsername/empty_address_should_error
=== PAUSE TestAddressGroup_getDCDTTokensWithRole/with_node_fail_should_err
=== PAUSE TestAddressGroup_getUsername/empty_address_should_error
=== RUN   TestAddressGroup_getDCDTTokensWithRole/should_work
=== RUN   TestAddressGroup_getUsername/invalid_query_options_should_error
=== PAUSE TestAddressGroup_getUsername/invalid_query_options_should_error
=== RUN   TestAddressGroup_getUsername/facade_error_should_error
=== PAUSE TestAddressGroup_getUsername/facade_error_should_error
=== RUN   TestAddressGroup_getUsername/should_work
=== PAUSE TestAddressGroup_getUsername/should_work
=== RUN   TestInternalBlockGroup_getJSONMetaBlockByNonce/facade_error_should_error
=== PAUSE TestInternalBlockGroup_getJSONMetaBlockByNonce/facade_error_should_error
=== RUN   TestInternalBlockGroup_getJSONMetaBlockByNonce/should_work
=== CONT  TestBlockGroup_getBlockByHash
=== PAUSE TestInternalBlockGroup_getJSONMetaBlockByNonce/should_work
=== PAUSE TestAddressGroup_getDCDTTokensWithRole/should_work
--- PASS: TestHardforkGroup_ManualShouldWork (0.00s)
=== CONT  TestBlockGroup_getBlockByNonce
=== PAUSE TestInternalBlockGroup_getJSONMetaBlockByHash/facade_error_should_error
=== RUN   TestInternalBlockGroup_getJSONMetaBlockByHash/should_work
=== PAUSE TestInternalBlockGroup_getJSONMetaBlockByHash/should_work
=== CONT  TestAddressGroup_getDCDTBalance
=== RUN   TestAddressGroup_getDCDTBalance/empty_address_should_error
=== PAUSE TestAddressGroup_getDCDTBalance/empty_address_should_error
=== CONT  TestAddressGroup_getBalance
=== RUN   TestAddressGroup_getDCDTBalance/invalid_query_options_should_error
=== RUN   TestAddressGroup_getBalance/empty_address_should_error
=== PAUSE TestAddressGroup_getDCDTBalance/invalid_query_options_should_error
=== RUN   TestAddressGroup_getDCDTBalance/with_node_fail_should_err
=== PAUSE TestAddressGroup_getDCDTBalance/with_node_fail_should_err
=== PAUSE TestAddressGroup_getBalance/empty_address_should_error
=== RUN   TestAddressGroup_getDCDTBalance/should_work
=== RUN   TestAddressGroup_getBalance/invalid_query_options_should_error
=== PAUSE TestAddressGroup_getDCDTBalance/should_work
=== PAUSE TestAddressGroup_getDCDTsRoles/should_work
=== CONT  TestBlockGroup_getBlockByRound
=== RUN   TestBlockGroup_getBlockByRound/empty_round_should_error
=== PAUSE TestBlockGroup_getBlockByRound/empty_round_should_error
=== RUN   TestBlockGroup_getBlockByRound/invalid_round_should_error
=== CONT  TestAddressGroup_getAccount
=== PAUSE TestBlockGroup_getBlockByRound/invalid_round_should_error
=== RUN   TestBlockGroup_getBlockByRound/invalid_query_options_should_error
=== PAUSE TestAddressGroup_getCodeHash/invalid_query_options_should_error
=== CONT  TestNewBlockGroup
=== RUN   TestAddressGroup_getCodeHash/facade_error_should_error
=== RUN   TestNewBlockGroup/nil_facade
=== PAUSE TestBlockGroup_getBlockByRound/invalid_query_options_should_error
=== RUN   TestBlockGroup_getBlockByRound/facade_error_should_error
=== PAUSE TestBlockGroup_getBlockByRound/facade_error_should_error
=== PAUSE TestAddressGroup_getCodeHash/facade_error_should_error
=== RUN   TestAddressGroup_getCodeHash/should_work
=== PAUSE TestAddressGroup_getCodeHash/should_work
=== RUN   TestInternalBlockGroup_getRawShardBlockByNonce/invalid_nonce_should_error
=== PAUSE TestInternalBlockGroup_getRawShardBlockByNonce/invalid_nonce_should_error
=== RUN   TestInternalBlockGroup_getRawShardBlockByNonce/facade_error_should_error
=== PAUSE TestInternalBlockGroup_getRawShardBlockByNonce/facade_error_should_error
=== CONT  TestAddressRoute_EmptyTrailReturns404
=== RUN   TestInternalBlockGroup_getRawShardBlockByNonce/should_work
=== PAUSE TestInternalBlockGroup_getRawShardBlockByNonce/should_work
=== CONT  TestIsDataTrieMigrated
=== RUN   TestIsDataTrieMigrated/should_return_error_if_IsDataTrieMigrated_returns_error
=== CONT  TestNewAddressGroup
=== RUN   TestNewAddressGroup/nil_facade
=== PAUSE TestIsDataTrieMigrated/should_return_error_if_IsDataTrieMigrated_returns_error
=== RUN   TestIsDataTrieMigrated/should_return_true_if_IsDataTrieMigrated_returns_true
=== RUN   TestNewInternalBlockGroup/should_work
=== PAUSE TestIsDataTrieMigrated/should_return_true_if_IsDataTrieMigrated_returns_true
=== RUN   TestIsDataTrieMigrated/should_return_false_if_IsDataTrieMigrated_returns_false
--- PASS: TestHardforkGroup_TriggerWrongRequestTypeShouldErr (0.00s)
=== PAUSE TestIsDataTrieMigrated/should_return_false_if_IsDataTrieMigrated_returns_false
--- PASS: TestValidatorStatistics_ReturnsSuccessfully (0.00s)
=== CONT  TestAddressGroup_IsInterfaceNil
--- PASS: TestHardforkGroup_TriggerCannotExecuteShouldErr (0.00s)
=== PAUSE TestAddressGroup_getBalance/invalid_query_options_should_error
=== RUN   TestNewHardforkGroup/should_work
--- PASS: TestValidatorStatistics_ErrorWhenFacadeFails (0.00s)
=== CONT  TestParseAccountQueryOptions
--- PASS: TestValidatorGroup_IsInterfaceNil (0.00s)
--- PASS: TestNewVmValuesGroup (0.00s)
    --- PASS: TestNewVmValuesGroup/nil_facade (0.00s)
    --- PASS: TestNewVmValuesGroup/should_work (0.00s)
=== CONT  TestVerifyProof_VerifyProofCanNotDecodeProof
=== CONT  TestAddressGroup_UpdateFacade
=== RUN   TestAddressGroup_UpdateFacade/nil_facade_should_error
=== PAUSE TestAddressGroup_UpdateFacade/nil_facade_should_error
=== RUN   TestAddressGroup_UpdateFacade/cast_failure_should_error
=== PAUSE TestAddressGroup_UpdateFacade/cast_failure_should_error
=== RUN   TestAddressGroup_UpdateFacade/should_work
=== PAUSE TestAddressGroup_UpdateFacade/should_work
--- PASS: TestNewHardforkGroup (0.00s)
    --- PASS: TestNewHardforkGroup/nil_facade (0.00s)
    --- PASS: TestNewHardforkGroup/should_work (0.00s)
--- PASS: TestAddressRoute_EmptyTrailReturns404 (0.00s)
=== RUN   TestNewAddressGroup/should_work
--- PASS: TestNewAddressGroup (0.00s)
    --- PASS: TestNewAddressGroup/nil_facade (0.00s)
    --- PASS: TestNewAddressGroup/should_work (0.00s)
=== CONT  TestTransactionsGroup_IsInterfaceNil
--- PASS: TestTransactionsGroup_IsInterfaceNil (0.00s)
=== CONT  TestTransactionsGroup_UpdateFacade
=== CONT  TestAddressGroup_getDCDTNFTData
=== RUN   TestTransactionsGroup_UpdateFacade/nil_facade_should_error
=== RUN   TestAddressGroup_getDCDTNFTData/empty_address_should_error
=== CONT  TestAddressGroup_getAllDCDTData
=== PAUSE TestTransactionsGroup_UpdateFacade/nil_facade_should_error
=== PAUSE TestAddressGroup_getDCDTNFTData/empty_address_should_error
=== RUN   TestAddressGroup_getDCDTNFTData/invalid_query_options_should_error
=== CONT  TestTransactionGroup_getTransactionsPool
=== PAUSE TestAddressGroup_getDCDTNFTData/invalid_query_options_should_error
=== RUN   TestAddressGroup_getDCDTNFTData/invalid_nonce_should_error
=== PAUSE TestAddressGroup_getDCDTNFTData/invalid_nonce_should_error
=== RUN   TestAddressGroup_getDCDTNFTData/nonce_too_long_should_error
=== PAUSE TestAddressGroup_getDCDTNFTData/nonce_too_long_should_error
=== RUN   TestAddressGroup_getDCDTNFTData/with_node_fail_should_err
=== PAUSE TestAddressGroup_getDCDTNFTData/with_node_fail_should_err
=== RUN   TestAddressGroup_getDCDTNFTData/should_work
=== RUN   TestTransactionsGroup_UpdateFacade/cast_failure_should_error
=== PAUSE TestAddressGroup_getDCDTNFTData/should_work
--- PASS: TestParseAccountQueryOptions (0.00s)
--- PASS: TestNewInternalBlockGroup (0.00s)
    --- PASS: TestNewInternalBlockGroup/nil_facade (0.00s)
    --- PASS: TestNewInternalBlockGroup/should_work (0.00s)
=== CONT  TestTransactionGroup_computeTransactionGasLimit
=== RUN   TestTransactionGroup_computeTransactionGasLimit/invalid_params_should_error
=== PAUSE TestTransactionGroup_computeTransactionGasLimit/invalid_params_should_error
=== RUN   TestTransactionGroup_computeTransactionGasLimit/CreateTransaction_error_should_error
=== CONT  TestTransactionGroup_simulateTransaction
--- PASS: TestAddressGroup_IsInterfaceNil (0.00s)
=== RUN   TestAddressGroup_getKeyValuePairs/with_node_fail_should_err
=== PAUSE TestAddressGroup_getKeyValuePairs/with_node_fail_should_err
=== CONT  TestBlockGroup_IsInterfaceNil
=== RUN   TestAddressGroup_getKeyValuePairs/should_work
=== PAUSE TestTransactionsGroup_UpdateFacade/cast_failure_should_error
=== RUN   TestNewBlockGroup/should_work
=== PAUSE TestAddressGroup_getKeyValuePairs/should_work
=== RUN   TestBlockGroup_getBlockByHash/empty_hash_should_error
=== RUN   TestTransactionGroup_simulateTransaction/number_of_go_routines_exceeded
=== PAUSE TestBlockGroup_getBlockByHash/empty_hash_should_error
=== RUN   TestBlockGroup_getBlockByHash/invalid_query_options_should_error
=== PAUSE TestBlockGroup_getBlockByHash/invalid_query_options_should_error
=== RUN   TestBlockGroup_getBlockByHash/facade_error_should_error
=== CONT  TestAddressGroup_getAccounts
=== PAUSE TestBlockGroup_getBlockByHash/facade_error_should_error
=== RUN   TestAddressGroup_getAccounts/wrong_request,_should_err
=== RUN   TestBlockGroup_getBlockByHash/should_work
=== PAUSE TestBlockGroup_getBlockByHash/should_work
=== PAUSE TestAddressGroup_getAccounts/wrong_request,_should_err
=== RUN   TestAddressGroup_getBalance/facade_error_should_error
=== RUN   TestAddressGroup_getAccounts/invalid_query_options_should_error
=== PAUSE TestQuery/should_work_-_no_block_coordinates
=== PAUSE TestAddressGroup_getBalance/facade_error_should_error
=== CONT  TestTransactionsGroup_getSCRsByTxHash
=== RUN   TestAddressGroup_getAccount/invalid_query_options_should_error
=== RUN   TestAddressGroup_getBalance/should_work
=== PAUSE TestAddressGroup_getAccount/invalid_query_options_should_error
=== PAUSE TestAddressGroup_getAccounts/invalid_query_options_should_error
=== RUN   TestAddressGroup_getAccount/facade_error_should_error
=== RUN   TestTransactionGroup_getTransactionsPool/number_of_go_routines_exceeded
=== RUN   TestAddressGroup_getAllDCDTData/empty_address_should_error
=== RUN   TestTransactionsGroup_getSCRsByTxHash/get_SCRsByTxHash_empty_scr_hash_should_error
=== PAUSE TestAddressGroup_getAllDCDTData/empty_address_should_error
=== RUN   TestBlockGroup_getBlockByRound/should_work
=== PAUSE TestTransactionGroup_computeTransactionGasLimit/CreateTransaction_error_should_error
=== RUN   TestAddressGroup_getAllDCDTData/invalid_query_options_should_error
=== PAUSE TestAddressGroup_getAllDCDTData/invalid_query_options_should_error
=== RUN   TestTransactionGroup_computeTransactionGasLimit/ComputeTransactionGasLimit_error_should_error
=== PAUSE TestTransactionGroup_computeTransactionGasLimit/ComputeTransactionGasLimit_error_should_error
=== RUN   TestAddressGroup_getAllDCDTData/with_node_fail_should_err
=== RUN   TestTransactionGroup_computeTransactionGasLimit/should_work
=== PAUSE TestAddressGroup_getBalance/should_work
=== PAUSE TestBlockGroup_getBlockByRound/should_work
=== RUN   TestTransactionsGroup_UpdateFacade/should_work
=== RUN   TestBlockGroup_getBlockByNonce/empty_nonce_should_error
=== CONT  TestVerifyProof_VerifyProofErr
=== PAUSE TestInternalBlockGroup_getRawMiniBlockByHash/empty_epoch_should_error
=== PAUSE TestAddressGroup_getAccount/facade_error_should_error
=== RUN   TestAddressGroup_getAccount/should_work
--- PASS: TestVerifyProof_VerifyProofCanNotDecodeProof (0.00s)
--- PASS: TestBlockGroup_IsInterfaceNil (0.00s)
--- PASS: TestNewBlockGroup (0.00s)
    --- PASS: TestNewBlockGroup/nil_facade (0.00s)
    --- PASS: TestNewBlockGroup/should_work (0.00s)
=== CONT  TestGetProofCurrentRootHash_GetProofError
=== CONT  TestGetProof
--- PASS: TestVerifyProof_VerifyProofErr (0.00s)
=== RUN   TestTransactionGroup_simulateTransaction/invalid_param_transaction_should_error
=== PAUSE TestTransactionGroup_simulateTransaction/invalid_param_transaction_should_error
=== CONT  TestTransactionGroup_sendMultipleTransactions
=== RUN   TestTransactionGroup_simulateTransaction/invalid_param_checkSignature_should_error
=== RUN   TestTransactionsGroup_getSCRsByTxHash/get_scrs_facade_error
=== PAUSE TestTransactionGroup_simulateTransaction/invalid_param_checkSignature_should_error
=== PAUSE TestTransactionsGroup_UpdateFacade/should_work
=== RUN   TestTransactionGroup_simulateTransaction/CreateTransaction_error_should_error
=== CONT  TestTransactionsGroup_getTransaction
=== CONT  TestGetProofDataTrie_GetProofError
=== PAUSE TestTransactionGroup_computeTransactionGasLimit/should_work
=== CONT  TestGetProofCurrentRootHash
--- PASS: TestGetProofCurrentRootHash_GetProofError (0.00s)
--- PASS: TestGetProof (0.00s)
=== CONT  TestNewTransactionGroup
=== RUN   TestNewTransactionGroup/nil_facade
=== RUN   TestNewTransactionGroup/should_work
--- PASS: TestGetProofDataTrie_GetProofError (0.00s)
=== RUN   TestTransactionsGroup_getSCRsByTxHash/get_scrs_should_work
=== CONT  TestProofGroup_IsInterfaceNil
=== PAUSE TestTransactionGroup_simulateTransaction/CreateTransaction_error_should_error
--- PASS: TestNewTransactionGroup (0.00s)
    --- PASS: TestNewTransactionGroup/nil_facade (0.00s)
    --- PASS: TestNewTransactionGroup/should_work (0.00s)
=== RUN   TestAddressGroup_getAccounts/facade_error,_should_err
=== CONT  TestProofGroup_UpdateFacade
=== RUN   TestTransactionGroup_simulateTransaction/ValidateTransactionForSimulation_error_should_error
=== PAUSE TestAddressGroup_getAccounts/facade_error,_should_err
=== PAUSE TestTransactionGroup_simulateTransaction/ValidateTransactionForSimulation_error_should_error
=== RUN   TestTransactionGroup_simulateTransaction/SimulateTransactionExecution_error_should_error
=== CONT  TestVerifyProof
=== PAUSE TestTransactionGroup_simulateTransaction/SimulateTransactionExecution_error_should_error
=== RUN   TestTransactionGroup_simulateTransaction/should_work
=== PAUSE TestTransactionGroup_simulateTransaction/should_work
=== CONT  TestNodeGroup_LoadedKeys
=== CONT  TestNodeGroup_IsInterfaceNil
=== CONT  TestNodeGroup_ManagedKeys
=== RUN   TestProofGroup_UpdateFacade/nil_facade_should_error
=== PAUSE TestProofGroup_UpdateFacade/nil_facade_should_error
=== PAUSE TestAddressGroup_getAllDCDTData/with_node_fail_should_err
=== RUN   TestProofGroup_UpdateFacade/cast_failure_should_error
=== CONT  TestGetProof_GetProofError
=== PAUSE TestProofGroup_UpdateFacade/cast_failure_should_error
=== RUN   TestProofGroup_UpdateFacade/should_work
=== PAUSE TestProofGroup_UpdateFacade/should_work
=== RUN   TestAddressGroup_getAllDCDTData/should_work
=== PAUSE TestAddressGroup_getAllDCDTData/should_work
=== CONT  TestNodeGroup_ManagedKeysCount
=== CONT  TestEpochStartData_ShouldWork
=== CONT  TestQueryDebug_GetQueryShouldWork
=== CONT  TestNewProofGroup
--- PASS: TestProofGroup_IsInterfaceNil (0.00s)
=== RUN   TestNewProofGroup/nil_facade
--- PASS: TestGetProofCurrentRootHash (0.00s)
--- PASS: TestVerifyProof (0.00s)
--- PASS: TestNodeGroup_IsInterfaceNil (0.00s)
--- PASS: TestNodeGroup_LoadedKeys (0.00s)
=== RUN   TestTransactionGroup_getTransactionsPool/invalid_last-nonce_param_should_error
=== PAUSE TestTransactionGroup_getTransactionsPool/invalid_last-nonce_param_should_error
=== RUN   TestTransactionGroup_sendMultipleTransactions/number_of_go_routines_exceeded
=== RUN   TestTransactionGroup_getTransactionsPool/invalid_nonce-gaps_param_should_error
=== CONT  TestQueryDebug_ShouldBindJSONErrorsShouldErr
=== PAUSE TestTransactionGroup_getTransactionsPool/invalid_nonce-gaps_param_should_error
=== RUN   TestTransactionGroup_getTransactionsPool/empty_sender,_requesting_latest_nonce
=== PAUSE TestTransactionGroup_getTransactionsPool/empty_sender,_requesting_latest_nonce
=== CONT  TestEpochStartData_InvalidEpochShouldErr
=== RUN   TestTransactionGroup_getTransactionsPool/empty_sender,_requesting_nonce_gaps
=== PAUSE TestTransactionGroup_getTransactionsPool/empty_sender,_requesting_nonce_gaps
=== CONT  TestVerifyProof_BadRequestShouldErr
=== RUN   TestTransactionGroup_getTransactionsPool/fields_+_latest_nonce
=== CONT  TestPeerInfo_PeerInfoShouldWork
=== PAUSE TestTransactionGroup_getTransactionsPool/fields_+_latest_nonce
=== CONT  TestNodeGroup_GetConnectedPeersRatings
=== CONT  TestHeartbeatstatus_FromFacadeErrors
=== RUN   TestTransactionGroup_getTransactionsPool/fields_+_nonce_gaps
=== PAUSE TestTransactionGroup_getTransactionsPool/fields_+_nonce_gaps
=== RUN   TestTransactionGroup_getTransactionsPool/fields_has_spaces
=== PAUSE TestTransactionGroup_getTransactionsPool/fields_has_spaces
=== CONT  TestHeartbeatStatus
=== CONT  TestEpochStartData_FacadeErrorsShouldErr
=== RUN   TestTransactionGroup_getTransactionsPool/fields_has_numbers
=== PAUSE TestTransactionGroup_getTransactionsPool/fields_has_numbers
=== RUN   TestTransactionGroup_getTransactionsPool/fields_+_wild_card
=== PAUSE TestTransactionGroup_getTransactionsPool/fields_+_wild_card
=== RUN   TestTransactionGroup_getTransactionsPool/GetTransactionsPool_error_should_error
=== PAUSE TestTransactionGroup_getTransactionsPool/GetTransactionsPool_error_should_error
=== CONT  TestNodeGroup_WaitingEpochsLeft
=== RUN   TestTransactionGroup_getTransactionsPool/GetTransactionsPoolForSender_error_should_error
=== RUN   TestNodeGroup_WaitingEpochsLeft/facade_error_should_error
=== PAUSE TestTransactionGroup_getTransactionsPool/GetTransactionsPoolForSender_error_should_error
=== PAUSE TestNodeGroup_WaitingEpochsLeft/facade_error_should_error
=== RUN   TestNodeGroup_WaitingEpochsLeft/should_work
=== RUN   TestAddressGroup_getAccounts/should_work
=== RUN   TestNodeGroup_GetConnectedPeersRatings/facade_error_should_error
=== PAUSE TestNodeGroup_WaitingEpochsLeft/should_work
=== CONT  TestQueryDebug_GetQueryErrorsShouldErr
=== CONT  TestGetDCDTTotalSupply
=== CONT  TestNetworkStatusMetrics_ShouldWork
=== PAUSE TestAddressGroup_getAccounts/should_work
=== RUN   TestTransactionGroup_getTransactionsPool/GetLastPoolNonceForSender_error_should_error
=== PAUSE TestTransactionGroup_getTransactionsPool/GetLastPoolNonceForSender_error_should_error
=== RUN   TestTransactionGroup_getTransactionsPool/GetTransactionsPoolNonceGapsForSender_error_should_error
=== PAUSE TestTransactionGroup_getTransactionsPool/GetTransactionsPoolNonceGapsForSender_error_should_error
=== CONT  TestGetDCDTTotalSupply_InternalError
=== CONT  TestNewNodeGroup
=== PAUSE TestBlockGroup_getBlockByNonce/empty_nonce_should_error
=== RUN   TestTransactionGroup_getTransactionsPool/should_work
=== RUN   TestBlockGroup_getBlockByNonce/invalid_nonce_should_error
=== PAUSE TestTransactionGroup_getTransactionsPool/should_work
=== CONT  TestNetworkGroup_IsInterfaceNil
=== RUN   TestTransactionGroup_getTransactionsPool/should_work_for_sender
=== CONT  TestGetEnableEpochs_ShouldWork
=== PAUSE TestTransactionGroup_getTransactionsPool/should_work_for_sender
=== RUN   TestTransactionGroup_getTransactionsPool/should_work_for_last_pool_nonce
=== PAUSE TestTransactionGroup_getTransactionsPool/should_work_for_last_pool_nonce
=== RUN   TestTransactionGroup_getTransactionsPool/should_work_for_nonce_gaps
=== PAUSE TestTransactionGroup_getTransactionsPool/should_work_for_nonce_gaps
=== PAUSE TestBlockGroup_getBlockByNonce/invalid_nonce_should_error
=== RUN   TestBlockGroup_getBlockByNonce/invalid_query_options_should_error
=== CONT  TestPeerInfo_PeerInfoErrorsShouldErr
=== PAUSE TestBlockGroup_getBlockByNonce/invalid_query_options_should_error
=== CONT  TestNetworkGroup_UpdateFacade
=== RUN   TestBlockGroup_getBlockByNonce/facade_error_should_error
=== PAUSE TestBlockGroup_getBlockByNonce/facade_error_should_error
=== RUN   TestBlockGroup_getBlockByNonce/should_work
=== PAUSE TestBlockGroup_getBlockByNonce/should_work
=== CONT  TestGetGenesisBalances
=== CONT  TestGetGenesisNodes
=== RUN   TestGetGenesisBalances/facade_error,_should_fail
=== RUN   TestGetGenesisNodes/facade_error,_should_fail
=== RUN   TestTransactionsGroup_getTransaction/number_of_go_routines_exceeded
=== PAUSE TestGetGenesisNodes/facade_error,_should_fail
=== RUN   TestGetGenesisNodes/should_work
=== PAUSE TestGetGenesisNodes/should_work
=== RUN   TestNetworkGroup_UpdateFacade/nil_facade_should_error
=== PAUSE TestGetGenesisBalances/facade_error,_should_fail
=== PAUSE TestNetworkGroup_UpdateFacade/nil_facade_should_error
=== RUN   TestNetworkGroup_UpdateFacade/cast_failure_should_error
=== CONT  TestTransactionGroup_sendTransaction
=== PAUSE TestNetworkGroup_UpdateFacade/cast_failure_should_error
=== RUN   TestTransactionGroup_sendTransaction/number_of_go_routines_exceeded
=== PAUSE TestNodeGroup_GetConnectedPeersRatings/facade_error_should_error
=== RUN   TestNodeGroup_GetConnectedPeersRatings/should_work
=== PAUSE TestNodeGroup_GetConnectedPeersRatings/should_work
--- PASS: TestTransactionsGroup_getSCRsByTxHash (0.00s)
    --- PASS: TestTransactionsGroup_getSCRsByTxHash/get_SCRsByTxHash_empty_scr_hash_should_error (0.00s)
    --- PASS: TestTransactionsGroup_getSCRsByTxHash/get_scrs_facade_error (0.00s)
    --- PASS: TestTransactionsGroup_getSCRsByTxHash/get_scrs_should_work (0.00s)
=== CONT  TestNetworkConfigMetrics_GasLimitGuardedTxShouldWork
--- PASS: TestGetProof_GetProofError (0.00s)
--- PASS: TestNodeGroup_ManagedKeys (0.00s)
=== RUN   TestNewProofGroup/should_work
=== RUN   TestTransactionGroup_sendTransaction/invalid_params_should_error
=== PAUSE TestTransactionGroup_sendTransaction/invalid_params_should_error
--- PASS: TestNewProofGroup (0.00s)
    --- PASS: TestNewProofGroup/nil_facade (0.00s)
    --- PASS: TestNewProofGroup/should_work (0.00s)
=== RUN   TestTransactionGroup_sendTransaction/CreateTransaction_error_should_error
--- PASS: TestNodeGroup_ManagedKeysCount (0.00s)
=== PAUSE TestTransactionGroup_sendTransaction/CreateTransaction_error_should_error
--- PASS: TestEpochStartData_ShouldWork (0.00s)
=== RUN   TestTransactionGroup_sendTransaction/ValidateTransaction_error_should_error
--- PASS: TestQueryDebug_GetQueryShouldWork (0.00s)
--- PASS: TestQueryDebug_ShouldBindJSONErrorsShouldErr (0.00s)
=== RUN   TestTransactionGroup_sendMultipleTransactions/invalid_params_should_error
--- PASS: TestEpochStartData_InvalidEpochShouldErr (0.00s)
=== PAUSE TestTransactionGroup_sendTransaction/ValidateTransaction_error_should_error
=== PAUSE TestTransactionGroup_sendMultipleTransactions/invalid_params_should_error
=== CONT  TestInternalBlockGroup_getRawShardBlockByHash/empty_hash_should_error
=== RUN   TestTransactionGroup_sendMultipleTransactions/CreateTransaction_error_should_continue,_error_on_SendBulkTransactions
=== PAUSE TestTransactionGroup_sendMultipleTransactions/CreateTransaction_error_should_continue,_error_on_SendBulkTransactions
=== RUN   TestTransactionGroup_sendMultipleTransactions/ValidateTransaction_error_should_continue,_error_on_SendBulkTransactions
=== PAUSE TestTransactionGroup_sendMultipleTransactions/ValidateTransaction_error_should_continue,_error_on_SendBulkTransactions
=== RUN   TestTransactionGroup_sendMultipleTransactions/SendBulkTransactions_error_error
=== PAUSE TestTransactionGroup_sendMultipleTransactions/SendBulkTransactions_error_error
=== RUN   TestTransactionGroup_sendMultipleTransactions/should_work
=== PAUSE TestTransactionGroup_sendMultipleTransactions/should_work
=== CONT  TestInternalBlockGroup_getRawShardBlockByHash/should_work
json: cannot unmarshal number into Go value of type groups_test.rawBlockResponse
=== CONT  TestInternalBlockGroup_getRawShardBlockByHash/facade_error_should_error
=== CONT  TestNodeGroup_ManagedKeysWaiting
=== CONT  TestInternalBlockGroup_UpdateFacadeStub/nil_facade_should_error
=== CONT  TestInternalBlockGroup_UpdateFacadeStub/should_work
=== CONT  TestInternalBlockGroup_UpdateFacadeStub/cast_failure_should_error
=== RUN   TestNodeGroup_ManagedKeysWaiting/facade_error_should_error
=== PAUSE TestNodeGroup_ManagedKeysWaiting/facade_error_should_error
=== CONT  TestInternalBlockGroup_getJSONStartOfEpochValidatorsInfo/empty_epoch_should_error
=== RUN   TestNodeGroup_ManagedKeysWaiting/should_work
=== PAUSE TestNodeGroup_ManagedKeysWaiting/should_work
=== PAUSE TestAddressGroup_getAccount/should_work
=== CONT  TestInternalBlockGroup_getJSONStartOfEpochValidatorsInfo/should_work
json: cannot unmarshal number into Go value of type groups_test.rawBlockResponse
=== CONT  TestInternalBlockGroup_getJSONStartOfEpochValidatorsInfo/invalid_epoch_should_error
=== CONT  TestInternalBlockGroup_getJSONStartOfEpochValidatorsInfo/facade_error_should_fail
=== CONT  TestGetProofDataTrie
=== CONT  TestNetworkConfigMetrics_GasLimitRelayedTxShouldWork
=== CONT  TestInternalBlockGroup_getJSONShardBlockByNonce/empty_nonce_should_error
=== CONT  TestInternalBlockGroup_getJSONShardBlockByNonce/facade_error_should_error
=== CONT  TestInternalBlockGroup_getJSONShardBlockByNonce/should_work
json: cannot unmarshal number into Go value of type groups_test.rawBlockResponse
=== CONT  TestInternalBlockGroup_getJSONShardBlockByNonce/invalid_nonce_should_error
=== CONT  TestExtractAccountQueryOptions/good_options
=== CONT  TestInternalBlockGroup_getJSONStartOfEpochMetaBlock/should_work
=== CONT  TestInternalBlockGroup_getJSONStartOfEpochMetaBlock/facade_error_should_error
=== CONT  TestExtractAccountQueryOptions/bad_options
=== CONT  TestInternalBlockGroup_getJSONStartOfEpochMetaBlock/empty_epoch_should_error
=== RUN   TestNetworkGroup_UpdateFacade/should_work
=== CONT  TestInternalBlockGroup_getRawShardBlockByRound/empty_round_should_error
=== PAUSE TestNetworkGroup_UpdateFacade/should_work
=== CONT  TestInternalBlockGroup_getRawShardBlockByRound/should_work
json: cannot unmarshal number into Go value of type groups_test.rawBlockResponse
=== CONT  TestInternalBlockGroup_getRawShardBlockByRound/facade_error_should_error
=== CONT  TestInternalBlockGroup_getRawShardBlockByRound/invalid_round_should_error
=== CONT  TestVMValuesGroup_UpdateFacade/nil_facade_should_error
=== CONT  TestVMValuesGroup_UpdateFacade/should_work
=== CONT  TestVMValuesGroup_UpdateFacade/cast_failure_should_error
=== CONT  TestNetworkConfigMetrics_ShouldWork
=== CONT  TestInternalBlockGroup_getJSONShardBlockByHash/empty_hash_should_error
=== CONT  TestNodeGroup_ManagedKeysEligible
=== CONT  TestNodeGroup_UpdateFacade
=== RUN   TestNewNodeGroup/nil_facade
=== RUN   TestInternalBlockGroup_getRawMiniBlockByHash/invalid_epoch_should_error
--- PASS: TestVerifyProof_BadRequestShouldErr (0.00s)
--- PASS: TestPeerInfo_PeerInfoShouldWork (0.00s)
--- PASS: TestHeartbeatstatus_FromFacadeErrors (0.00s)
--- PASS: TestEpochStartData_FacadeErrorsShouldErr (0.00s)
--- PASS: TestQueryDebug_GetQueryErrorsShouldErr (0.00s)
--- PASS: TestHeartbeatStatus (0.00s)
=== RUN   TestNodeGroup_UpdateFacade/nil_facade_should_error
=== CONT  TestInternalBlockGroup_getJSONShardBlockByHash/facade_error_should_error
=== PAUSE TestNodeGroup_UpdateFacade/nil_facade_should_error
=== CONT  TestInternalBlockGroup_getJSONShardBlockByHash/should_work
=== PAUSE TestInternalBlockGroup_getRawMiniBlockByHash/invalid_epoch_should_error
=== RUN   TestInternalBlockGroup_getRawMiniBlockByHash/facade_error_should_error
=== PAUSE TestInternalBlockGroup_getRawMiniBlockByHash/facade_error_should_error
=== RUN   TestInternalBlockGroup_getRawMiniBlockByHash/should_work
=== PAUSE TestInternalBlockGroup_getRawMiniBlockByHash/should_work
=== CONT  TestInternalBlockGroup_getRawMetaBlockByRound/empty_round_should_error
=== CONT  TestInternalBlockGroup_getRawMetaBlockByRound/should_work
=== CONT  TestGetGasConfigs
=== RUN   TestGetGasConfigs/facade_error,_should_fail
=== PAUSE TestGetGasConfigs/facade_error,_should_fail
=== CONT  TestInternalBlockGroup_getRawMetaBlockByRound/invalid_round_should_error
=== CONT  TestInternalBlockGroup_getRawMetaBlockByRound/facade_error_should_error
json: cannot unmarshal number into Go value of type groups_test.rawBlockResponse
json: cannot unmarshal number into Go value of type groups_test.rawBlockResponse
=== RUN   TestNodeGroup_UpdateFacade/cast_failure_should_error
json: cannot unmarshal number into Go value of type groups_test.rawBlockResponse
=== CONT  TestHardforkGroup_UpdateFacadeStub/cast_failure_should_error
=== RUN   TestGetGasConfigs/should_work
=== RUN   TestTransactionGroup_sendTransaction/SendBulkTransactions_error_should_error
--- PASS: TestNetworkStatusMetrics_ShouldWork (0.00s)
=== CONT  TestInternalBlockGroup_getJSONStartOfEpochMetaBlock/invalid_epoch_should_error
--- PASS: TestGetDCDTTotalSupply (0.00s)
--- PASS: TestGetDCDTTotalSupply_InternalError (0.00s)
--- PASS: TestNetworkGroup_IsInterfaceNil (0.00s)
--- PASS: TestPeerInfo_PeerInfoErrorsShouldErr (0.00s)
=== CONT  TestHardforkGroup_UpdateFacadeStub/nil_facade_should_error
--- PASS: TestGetEnableEpochs_ShouldWork (0.00s)
=== CONT  TestHardforkGroup_UpdateFacadeStub/should_work
--- PASS: TestNetworkConfigMetrics_GasLimitGuardedTxShouldWork (0.00s)
=== CONT  TestInternalBlockGroup_getJSONMiniBlockByHash/empty_epoch_should_error
=== RUN   TestGetGenesisBalances/should_work
--- PASS: TestNetworkConfigMetrics_GasLimitRelayedTxShouldWork (0.00s)
--- PASS: TestGetProofDataTrie (0.00s)
=== CONT  TestInternalBlockGroup_getRawStartOfEpochMetaBlock/invalid_epoch_should_error
--- PASS: TestExtractAccountQueryOptions (0.00s)
    --- PASS: TestExtractAccountQueryOptions/good_options (0.00s)
    --- PASS: TestExtractAccountQueryOptions/bad_options (0.00s)
json: cannot unmarshal number into Go value of type groups_test.rawBlockResponse
--- PASS: TestInternalBlockGroup_getRawShardBlockByRound (0.00s)
    --- PASS: TestInternalBlockGroup_getRawShardBlockByRound/empty_round_should_error (0.00s)
    --- PASS: TestInternalBlockGroup_getRawShardBlockByRound/should_work (0.00s)
    --- PASS: TestInternalBlockGroup_getRawShardBlockByRound/facade_error_should_error (0.00s)
    --- PASS: TestInternalBlockGroup_getRawShardBlockByRound/invalid_round_should_error (0.00s)
=== CONT  TestValidatorGroup_UpdateFacade/nil_facade_should_error
--- PASS: TestNetworkConfigMetrics_ShouldWork (0.00s)
--- PASS: TestInternalBlockGroup_getJSONShardBlockByNonce (0.00s)
    --- PASS: TestInternalBlockGroup_getJSONShardBlockByNonce/empty_nonce_should_error (0.00s)
    --- PASS: TestInternalBlockGroup_getJSONShardBlockByNonce/facade_error_should_error (0.00s)
    --- PASS: TestInternalBlockGroup_getJSONShardBlockByNonce/invalid_nonce_should_error (0.00s)
    --- PASS: TestInternalBlockGroup_getJSONShardBlockByNonce/should_work (0.00s)
=== CONT  TestValidatorGroup_UpdateFacade/should_work
--- PASS: TestHardforkGroup_UpdateFacadeStub (0.00s)
    --- PASS: TestHardforkGroup_UpdateFacadeStub/cast_failure_should_error (0.00s)
    --- PASS: TestHardforkGroup_UpdateFacadeStub/nil_facade_should_error (0.00s)
    --- PASS: TestHardforkGroup_UpdateFacadeStub/should_work (0.00s)
--- PASS: TestInternalBlockGroup_getJSONShardBlockByHash (0.00s)
    --- PASS: TestInternalBlockGroup_getJSONShardBlockByHash/facade_error_should_error (0.00s)
    --- PASS: TestInternalBlockGroup_getJSONShardBlockByHash/empty_hash_should_error (0.00s)
    --- PASS: TestInternalBlockGroup_getJSONShardBlockByHash/should_work (0.00s)
--- PASS: TestInternalBlockGroup_getRawMetaBlockByRound (0.00s)
    --- PASS: TestInternalBlockGroup_getRawMetaBlockByRound/empty_round_should_error (0.00s)
    --- PASS: TestInternalBlockGroup_getRawMetaBlockByRound/invalid_round_should_error (0.00s)
    --- PASS: TestInternalBlockGroup_getRawMetaBlockByRound/facade_error_should_error (0.00s)
    --- PASS: TestInternalBlockGroup_getRawMetaBlockByRound/should_work (0.00s)
--- PASS: TestInternalBlockGroup_getJSONStartOfEpochMetaBlock (0.00s)
    --- PASS: TestInternalBlockGroup_getJSONStartOfEpochMetaBlock/facade_error_should_error (0.00s)
    --- PASS: TestInternalBlockGroup_getJSONStartOfEpochMetaBlock/empty_epoch_should_error (0.00s)
    --- PASS: TestInternalBlockGroup_getJSONStartOfEpochMetaBlock/should_work (0.00s)
    --- PASS: TestInternalBlockGroup_getJSONStartOfEpochMetaBlock/invalid_epoch_should_error (0.00s)
--- PASS: TestVMValuesGroup_UpdateFacade (0.00s)
    --- PASS: TestVMValuesGroup_UpdateFacade/nil_facade_should_error (0.00s)
    --- PASS: TestVMValuesGroup_UpdateFacade/cast_failure_should_error (0.00s)
    --- PASS: TestVMValuesGroup_UpdateFacade/should_work (0.00s)
=== CONT  TestInternalBlockGroup_getRawStartOfEpochMetaBlock/facade_error_should_error
=== CONT  TestValidatorGroup_UpdateFacade/cast_failure_should_error
=== CONT  TestInternalBlockGroup_getJSONMetaBlockByRound/empty_round_should_error
=== PAUSE TestTransactionGroup_sendTransaction/SendBulkTransactions_error_should_error
=== PAUSE TestGetGasConfigs/should_work
=== PAUSE TestNodeGroup_UpdateFacade/cast_failure_should_error
=== CONT  TestInternalBlockGroup_getJSONMiniBlockByHash/empty_hash_should_error
=== RUN   TestTransactionsGroup_getTransaction/invalid_params_should_error
=== CONT  TestInternalBlockGroup_getJSONMetaBlockByRound/facade_error_should_error
=== CONT  TestInternalBlockGroup_getJSONMetaBlockByRound/invalid_round_should_error
=== CONT  TestInternalBlockGroup_getJSONMetaBlockByRound/should_work
=== CONT  TestInternalBlockGroup_getJSONMiniBlockByHash/invalid_epoch_should_error
=== RUN   TestNewNodeGroup/should_work
json: cannot unmarshal number into Go value of type groups_test.rawBlockResponse
=== CONT  TestAddressGroup_getNFTTokenIDsRegisteredByAddress/empty_address_should_error
=== RUN   TestTransactionGroup_sendTransaction/should_work
json: cannot unmarshal number into Go value of type groups_test.rawBlockResponse
=== CONT  TestAddressGroup_getNFTTokenIDsRegisteredByAddress/invalid_query_options_should_error
=== CONT  TestInternalBlockGroup_getRawStartOfEpochMetaBlock/empty_epoch_should_error
=== PAUSE TestGetGenesisBalances/should_work
--- PASS: TestValidatorGroup_UpdateFacade (0.00s)
    --- PASS: TestValidatorGroup_UpdateFacade/nil_facade_should_error (0.00s)
    --- PASS: TestValidatorGroup_UpdateFacade/cast_failure_should_error (0.00s)
    --- PASS: TestValidatorGroup_UpdateFacade/should_work (0.00s)
--- PASS: TestNewNodeGroup (0.00s)
    --- PASS: TestNewNodeGroup/nil_facade (0.00s)
    --- PASS: TestNewNodeGroup/should_work (0.00s)
=== CONT  TestInternalBlockGroup_getJSONShardBlockByRound/should_work
=== CONT  TestInternalBlockGroup_getRawMetaBlockByHash/empty_hash_should_error
=== CONT  TestInternalBlockGroup_getMetaBlockByNonce/empty_nonce_should_error
=== CONT  TestInternalBlockGroup_getJSONShardBlockByRound/empty_round_should_error
json: cannot unmarshal number into Go value of type groups_test.rawBlockResponse
json: cannot unmarshal number into Go value of type groups_test.rawBlockResponse
=== RUN   TestNodeGroup_ManagedKeysEligible/facade_error_should_error
json: cannot unmarshal number into Go value of type groups_test.rawBlockResponse
=== CONT  TestInternalBlockGroup_getMetaBlockByNonce/facade_error_should_error
json: cannot unmarshal number into Go value of type groups_test.rawBlockResponse
=== CONT  TestBlockGroup_UpdateFacadeStub/nil_facade_should_error
=== CONT  TestInternalBlockGroup_getRawMetaBlockByHash/should_work
=== PAUSE TestTransactionsGroup_getTransaction/invalid_params_should_error
=== CONT  TestInternalBlockGroup_getRawMetaBlockByHash/facade_error_should_error
=== RUN   TestTransactionsGroup_getTransaction/facade_returns_error_should_error
=== PAUSE TestTransactionsGroup_getTransaction/facade_returns_error_should_error
=== RUN   TestTransactionsGroup_getTransaction/should_work
=== PAUSE TestTransactionsGroup_getTransaction/should_work
=== CONT  TestBlockGroup_UpdateFacadeStub/cast_failure_should_error
=== CONT  TestBlockGroup_getAlteredAccountsByHash/empty_hash_should_error
json: cannot unmarshal number into Go value of type groups_test.blockResponse
=== CONT  TestBlockGroup_getAlteredAccountsByHash/facade_error_should_error
=== CONT  TestBlockGroup_getAlteredAccountsByHash/should_work
=== CONT  TestInternalBlockGroup_getJSONMiniBlockByHash/should_work
=== CONT  TestBlockGroup_getAlteredAccountsByHash/invalid_hash_should_error
=== PAUSE TestTransactionGroup_sendTransaction/should_work
=== CONT  TestBlockGroup_getAlteredAccountsByNonce/empty_nonce_should_error
=== CONT  TestInternalBlockGroup_getJSONMiniBlockByHash/facade_error_should_error
=== CONT  TestBlockGroup_getAlteredAccountsByNonce/invalid_nonce_should_error
json: cannot unmarshal number into Go value of type groups_test.blockResponse
=== CONT  TestBlockGroup_getAlteredAccountsByNonce/should_work
=== CONT  TestBlockGroup_getAlteredAccountsByNonce/facade_error_should_error
=== CONT  TestAddressGroup_getGuardianData/empty_address_should_error
=== CONT  TestAddressGroup_getGuardianData/with_node_fail_should_err
=== CONT  TestInternalBlockGroup_getRawStartOfEpochMetaBlock/should_work
=== CONT  TestAddressGroup_getGuardianData/should_work
=== CONT  TestAddressGroup_getGuardianData/invalid_query_options_should_error
=== CONT  TestAddressGroup_getValueForKey/empty_address_should_error
=== CONT  TestAddressGroup_getValueForKey/should_work
=== CONT  TestAddressGroup_getValueForKey/invalid_query_options_should_error
=== CONT  TestAddressGroup_getValueForKey/facade_error_should_error
=== CONT  TestAddressGroup_iterateKeys/invalid_body_should_error
=== CONT  TestAddressGroup_iterateKeys/should_work
=== CONT  TestAddressGroup_iterateKeys/with_node_fail_should_err
=== CONT  TestAddressGroup_getNFTTokenIDsRegisteredByAddress/should_work
=== CONT  TestAddressGroup_iterateKeys/invalid_query_options_should_error
=== CONT  TestAddressGroup_iterateKeys/empty_address_should_error
=== CONT  TestAddressGroup_getUsername/empty_address_should_error
=== CONT  TestAddressGroup_getUsername/should_work
=== CONT  TestAddressGroup_getUsername/invalid_query_options_should_error
=== CONT  TestInternalBlockGroup_getJSONMetaBlockByNonce/empty_nonce_should_error
=== CONT  TestAddressGroup_getDCDTTokensWithRole/empty_address_should_error
=== CONT  TestInternalBlockGroup_getJSONMetaBlockByNonce/should_work
=== CONT  TestAddressGroup_getUsername/facade_error_should_error
json: cannot unmarshal number into Go value of type groups_test.rawBlockResponse
=== CONT  TestInternalBlockGroup_getJSONMetaBlockByNonce/facade_error_should_error
=== CONT  TestInternalBlockGroup_getJSONMetaBlockByNonce/invalid_nonce_should_error
=== CONT  TestAddressGroup_getDCDTTokensWithRole/should_work
=== CONT  TestAddressGroup_getDCDTTokensWithRole/invalid_role_should_error
=== CONT  TestAddressGroup_getDCDTTokensWithRole/invalid_query_options_should_error
=== CONT  TestInternalBlockGroup_getJSONMetaBlockByHash/empty_hash_should_error
=== CONT  TestInternalBlockGroup_getJSONMetaBlockByHash/should_work
=== CONT  TestInternalBlockGroup_getJSONMetaBlockByHash/facade_error_should_error
=== CONT  TestAddressGroup_getDCDTBalance/empty_address_should_error
=== CONT  TestAddressGroup_getDCDTsRoles/empty_address_should_error
=== CONT  TestAddressGroup_getDCDTsRoles/with_node_fail_should_err
json: cannot unmarshal number into Go value of type groups_test.rawBlockResponse
=== CONT  TestAddressGroup_getDCDTsRoles/should_work
=== CONT  TestAddressGroup_getDCDTBalance/with_node_fail_should_err
=== CONT  TestAddressGroup_getDCDTBalance/should_work
=== CONT  TestAddressGroup_getDCDTBalance/invalid_query_options_should_error
=== CONT  TestAddressGroup_getDCDTsRoles/invalid_query_options_should_error
=== CONT  TestAddressGroup_getCodeHash/empty_address_should_error
=== RUN   TestNodeGroup_UpdateFacade/should_work
=== CONT  TestAddressGroup_getCodeHash/facade_error_should_error
=== CONT  TestAddressGroup_getNFTTokenIDsRegisteredByAddress/with_node_fail_should_err
=== PAUSE TestNodeGroup_UpdateFacade/should_work
=== CONT  TestAddressGroup_getCodeHash/should_work
=== CONT  TestAddressGroup_getCodeHash/invalid_query_options_should_error
=== CONT  TestInternalBlockGroup_getRawShardBlockByNonce/empty_nonce_should_error
=== CONT  TestInternalBlockGroup_getRawShardBlockByNonce/facade_error_should_error
=== CONT  TestInternalBlockGroup_getRawShardBlockByNonce/invalid_nonce_should_error
=== CONT  TestIsDataTrieMigrated/should_return_error_if_IsDataTrieMigrated_returns_error
json: cannot unmarshal number into Go value of type groups_test.rawBlockResponse
=== CONT  TestAddressGroup_UpdateFacade/cast_failure_should_error
=== CONT  TestAddressGroup_UpdateFacade/should_work
=== CONT  TestAddressGroup_getDCDTNFTData/empty_address_should_error
=== CONT  TestAddressGroup_getDCDTNFTData/nonce_too_long_should_error
=== CONT  TestAddressGroup_getDCDTNFTData/invalid_nonce_should_error
=== CONT  TestAddressGroup_getDCDTNFTData/invalid_query_options_should_error
=== CONT  TestAddressGroup_getDCDTNFTData/with_node_fail_should_err
=== CONT  TestAddressGroup_getKeyValuePairs/empty_address_should_error
=== CONT  TestAddressGroup_getKeyValuePairs/should_work
=== CONT  TestAddressGroup_getKeyValuePairs/with_node_fail_should_err
=== CONT  TestAddressGroup_getKeyValuePairs/invalid_query_options_should_error
=== CONT  TestBlockGroup_getBlockByHash/empty_hash_should_error
=== CONT  TestAddressGroup_getDCDTNFTData/should_work
=== CONT  TestInternalBlockGroup_getRawShardBlockByNonce/should_work
json: cannot unmarshal number into Go value of type groups_test.blockResponse
=== CONT  TestBlockGroup_getBlockByHash/should_work
=== CONT  TestBlockGroup_getBlockByHash/invalid_query_options_should_error
=== CONT  TestAddressGroup_getDCDTTokensWithRole/with_node_fail_should_err
=== CONT  TestIsDataTrieMigrated/should_return_false_if_IsDataTrieMigrated_returns_false
=== CONT  TestQuery/invalid_block_nonce_should_error
=== CONT  TestQuery/should_work_-_no_block_coordinates
=== CONT  TestQuery/should_work_-_block_nonce
=== CONT  TestQuery/should_work_-_block_hash
=== CONT  TestQuery/invalid_block_hash_should_error
=== CONT  TestAddressGroup_getBalance/empty_address_should_error
=== CONT  TestBlockGroup_getBlockByRound/empty_round_should_error
=== CONT  TestInternalBlockGroup_getJSONShardBlockByRound/facade_error_should_error
=== CONT  TestInternalBlockGroup_getMetaBlockByNonce/invalid_nonce_should_error
=== CONT  TestBlockGroup_getBlockByRound/should_work
=== CONT  TestBlockGroup_getBlockByRound/facade_error_should_error
=== CONT  TestBlockGroup_getBlockByRound/invalid_query_options_should_error
=== CONT  TestAddressGroup_getBalance/facade_error_should_error
=== CONT  TestBlockGroup_getBlockByRound/invalid_round_should_error
=== CONT  TestAddressGroup_getBalance/should_work
json: cannot unmarshal number into Go value of type groups_test.blockResponse
=== PAUSE TestNodeGroup_ManagedKeysEligible/facade_error_should_error
=== CONT  TestInternalBlockGroup_getMetaBlockByNonce/should_work
=== CONT  TestBlockGroup_UpdateFacadeStub/should_work
--- PASS: TestInternalBlockGroup_getJSONMetaBlockByRound (0.00s)
    --- PASS: TestInternalBlockGroup_getJSONMetaBlockByRound/invalid_round_should_error (0.00s)
    --- PASS: TestInternalBlockGroup_getJSONMetaBlockByRound/empty_round_should_error (0.00s)
    --- PASS: TestInternalBlockGroup_getJSONMetaBlockByRound/facade_error_should_error (0.00s)
    --- PASS: TestInternalBlockGroup_getJSONMetaBlockByRound/should_work (0.00s)
=== CONT  TestTransactionsGroup_UpdateFacade/cast_failure_should_error
=== CONT  TestIsDataTrieMigrated/should_return_true_if_IsDataTrieMigrated_returns_true
=== CONT  TestTransactionGroup_simulateTransaction/SimulateTransactionExecution_error_should_error
=== CONT  TestTransactionGroup_simulateTransaction/invalid_param_checkSignature_should_error
=== CONT  TestAddressGroup_UpdateFacade/nil_facade_should_error
--- PASS: TestInternalBlockGroup_getRawShardBlockByHash (0.00s)
    --- PASS: TestInternalBlockGroup_getRawShardBlockByHash/empty_hash_should_error (0.00s)
    --- PASS: TestInternalBlockGroup_getRawShardBlockByHash/facade_error_should_error (0.00s)
    --- PASS: TestInternalBlockGroup_getRawShardBlockByHash/should_work (0.00s)
--- PASS: TestInternalBlockGroup_UpdateFacadeStub (0.00s)
    --- PASS: TestInternalBlockGroup_UpdateFacadeStub/nil_facade_should_error (0.00s)
    --- PASS: TestInternalBlockGroup_UpdateFacadeStub/cast_failure_should_error (0.00s)
    --- PASS: TestInternalBlockGroup_UpdateFacadeStub/should_work (0.00s)
=== CONT  TestBlockGroup_getBlockByHash/facade_error_should_error
=== CONT  TestTransactionGroup_simulateTransaction/CreateTransaction_error_should_error
=== CONT  TestAddressGroup_getAllDCDTData/empty_address_should_error
=== CONT  TestAddressGroup_getBalance/invalid_query_options_should_error
=== CONT  TestProofGroup_UpdateFacade/cast_failure_should_error
=== CONT  TestProofGroup_UpdateFacade/should_work
=== CONT  TestAddressGroup_getAllDCDTData/with_node_fail_should_err
=== CONT  TestAddressGroup_getAllDCDTData/should_work
=== CONT  TestAddressGroup_getAllDCDTData/invalid_query_options_should_error
=== CONT  TestNodeGroup_WaitingEpochsLeft/facade_error_should_error
=== CONT  TestTransactionsGroup_UpdateFacade/nil_facade_should_error
=== CONT  TestNodeGroup_WaitingEpochsLeft/should_work
=== CONT  TestAddressGroup_getAccounts/wrong_request,_should_err
=== CONT  TestTransactionGroup_computeTransactionGasLimit/ComputeTransactionGasLimit_error_should_error
=== CONT  TestAddressGroup_getAccounts/facade_error,_should_err
=== CONT  TestAddressGroup_getAccounts/invalid_query_options_should_error
=== CONT  TestAddressGroup_getAccounts/should_work
=== CONT  TestTransactionGroup_getTransactionsPool/invalid_last-nonce_param_should_error
=== CONT  TestTransactionGroup_getTransactionsPool/GetTransactionsPool_error_should_error
=== CONT  TestTransactionGroup_getTransactionsPool/should_work_for_nonce_gaps
=== CONT  TestTransactionGroup_getTransactionsPool/should_work_for_last_pool_nonce
=== CONT  TestTransactionGroup_getTransactionsPool/should_work_for_sender
=== CONT  TestTransactionGroup_getTransactionsPool/should_work
=== CONT  TestTransactionGroup_getTransactionsPool/GetTransactionsPoolNonceGapsForSender_error_should_error
=== CONT  TestTransactionGroup_getTransactionsPool/GetLastPoolNonceForSender_error_should_error
=== CONT  TestTransactionsGroup_UpdateFacade/should_work
=== CONT  TestTransactionGroup_getTransactionsPool/GetTransactionsPoolForSender_error_should_error
=== CONT  TestTransactionGroup_getTransactionsPool/fields_+_latest_nonce
=== CONT  TestTransactionGroup_getTransactionsPool/fields_+_wild_card
=== CONT  TestTransactionGroup_getTransactionsPool/fields_has_numbers
=== CONT  TestTransactionGroup_getTransactionsPool/fields_has_spaces
=== CONT  TestTransactionGroup_getTransactionsPool/fields_+_nonce_gaps
=== CONT  TestTransactionGroup_getTransactionsPool/empty_sender,_requesting_latest_nonce
=== CONT  TestTransactionGroup_getTransactionsPool/empty_sender,_requesting_nonce_gaps
=== CONT  TestTransactionGroup_getTransactionsPool/invalid_nonce-gaps_param_should_error
=== CONT  TestGetGenesisNodes/facade_error,_should_fail
=== CONT  TestBlockGroup_getBlockByNonce/empty_nonce_should_error
=== CONT  TestBlockGroup_getBlockByNonce/should_work
=== CONT  TestBlockGroup_getBlockByNonce/facade_error_should_error
json: cannot unmarshal number into Go value of type groups_test.blockResponse
=== CONT  TestBlockGroup_getBlockByNonce/invalid_query_options_should_error
=== CONT  TestBlockGroup_getBlockByNonce/invalid_nonce_should_error
=== CONT  TestGetGenesisNodes/should_work
=== CONT  TestNodeGroup_GetConnectedPeersRatings/facade_error_should_error
=== CONT  TestNodeGroup_GetConnectedPeersRatings/should_work
=== CONT  TestTransactionGroup_sendMultipleTransactions/invalid_params_should_error
=== CONT  TestTransactionGroup_sendMultipleTransactions/SendBulkTransactions_error_error
=== CONT  TestTransactionGroup_sendMultipleTransactions/should_work
=== CONT  TestTransactionGroup_sendMultipleTransactions/ValidateTransaction_error_should_continue,_error_on_SendBulkTransactions
=== CONT  TestTransactionGroup_sendMultipleTransactions/CreateTransaction_error_should_continue,_error_on_SendBulkTransactions
=== CONT  TestNodeGroup_ManagedKeysWaiting/facade_error_should_error
=== CONT  TestAddressGroup_getAccount/invalid_query_options_should_error
=== CONT  TestAddressGroup_getAccount/should_work
=== CONT  TestNodeGroup_ManagedKeysWaiting/should_work
=== CONT  TestAddressGroup_getAccount/facade_error_should_error
=== CONT  TestNetworkGroup_UpdateFacade/nil_facade_should_error
=== CONT  TestNetworkGroup_UpdateFacade/should_work
=== CONT  TestNetworkGroup_UpdateFacade/cast_failure_should_error
=== CONT  TestInternalBlockGroup_getRawMiniBlockByHash/empty_hash_should_error
=== CONT  TestInternalBlockGroup_getRawMiniBlockByHash/should_work
=== CONT  TestInternalBlockGroup_getRawMiniBlockByHash/facade_error_should_error
=== CONT  TestInternalBlockGroup_getRawMiniBlockByHash/invalid_epoch_should_error
json: cannot unmarshal number into Go value of type groups_test.rawBlockResponse
=== CONT  TestInternalBlockGroup_getRawMiniBlockByHash/empty_epoch_should_error
=== CONT  TestGetGasConfigs/facade_error,_should_fail
=== CONT  TestGetGasConfigs/should_work
=== CONT  TestGetGenesisBalances/facade_error,_should_fail
=== CONT  TestGetGenesisBalances/should_work
json: cannot unmarshal number into Go value of type groups_test.rawBlockResponse
=== CONT  TestTransactionsGroup_getTransaction/invalid_params_should_error
=== CONT  TestTransactionsGroup_getTransaction/should_work
=== CONT  TestTransactionsGroup_getTransaction/facade_returns_error_should_error
=== CONT  TestTransactionGroup_sendTransaction/invalid_params_should_error
=== CONT  TestTransactionGroup_computeTransactionGasLimit/invalid_params_should_error
=== CONT  TestTransactionGroup_sendTransaction/SendBulkTransactions_error_should_error
=== CONT  TestTransactionGroup_sendTransaction/ValidateTransaction_error_should_error
=== CONT  TestTransactionGroup_sendTransaction/CreateTransaction_error_should_error
=== CONT  TestTransactionGroup_sendTransaction/should_work
=== CONT  TestNodeGroup_UpdateFacade/should_work
=== CONT  TestNodeGroup_UpdateFacade/cast_failure_should_error
=== CONT  TestTransactionGroup_computeTransactionGasLimit/should_work
=== CONT  TestNodeGroup_UpdateFacade/nil_facade_should_error
json: cannot unmarshal object into Go struct field sendMultipleTxsResponseData.data.txsHashes of type []string
=== CONT  TestTransactionGroup_simulateTransaction/invalid_param_transaction_should_error
=== RUN   TestNodeGroup_ManagedKeysEligible/should_work
=== CONT  TestTransactionGroup_computeTransactionGasLimit/CreateTransaction_error_should_error
=== CONT  TestTransactionGroup_simulateTransaction/ValidateTransactionForSimulation_error_should_error
=== PAUSE TestNodeGroup_ManagedKeysEligible/should_work
=== CONT  TestProofGroup_UpdateFacade/nil_facade_should_error
--- PASS: TestInternalBlockGroup_getJSONStartOfEpochValidatorsInfo (0.00s)
    --- PASS: TestInternalBlockGroup_getJSONStartOfEpochValidatorsInfo/empty_epoch_should_error (0.00s)
    --- PASS: TestInternalBlockGroup_getJSONStartOfEpochValidatorsInfo/invalid_epoch_should_error (0.00s)
    --- PASS: TestInternalBlockGroup_getJSONStartOfEpochValidatorsInfo/facade_error_should_fail (0.00s)
    --- PASS: TestInternalBlockGroup_getJSONStartOfEpochValidatorsInfo/should_work (0.00s)
=== CONT  TestInternalBlockGroup_getJSONShardBlockByRound/invalid_round_should_error
=== CONT  TestTransactionGroup_simulateTransaction/should_work
=== CONT  TestNodeGroup_ManagedKeysEligible/facade_error_should_error
--- PASS: TestInternalBlockGroup_getRawMetaBlockByHash (0.00s)
    --- PASS: TestInternalBlockGroup_getRawMetaBlockByHash/empty_hash_should_error (0.00s)
    --- PASS: TestInternalBlockGroup_getRawMetaBlockByHash/facade_error_should_error (0.00s)
    --- PASS: TestInternalBlockGroup_getRawMetaBlockByHash/should_work (0.00s)
--- PASS: TestInternalBlockGroup_getJSONMiniBlockByHash (0.00s)
    --- PASS: TestInternalBlockGroup_getJSONMiniBlockByHash/empty_epoch_should_error (0.00s)
    --- PASS: TestInternalBlockGroup_getJSONMiniBlockByHash/empty_hash_should_error (0.00s)
    --- PASS: TestInternalBlockGroup_getJSONMiniBlockByHash/invalid_epoch_should_error (0.00s)
    --- PASS: TestInternalBlockGroup_getJSONMiniBlockByHash/should_work (0.00s)
    --- PASS: TestInternalBlockGroup_getJSONMiniBlockByHash/facade_error_should_error (0.00s)
--- PASS: TestInternalBlockGroup_getRawStartOfEpochMetaBlock (0.00s)
    --- PASS: TestInternalBlockGroup_getRawStartOfEpochMetaBlock/invalid_epoch_should_error (0.00s)
    --- PASS: TestInternalBlockGroup_getRawStartOfEpochMetaBlock/facade_error_should_error (0.00s)
    --- PASS: TestInternalBlockGroup_getRawStartOfEpochMetaBlock/empty_epoch_should_error (0.00s)
    --- PASS: TestInternalBlockGroup_getRawStartOfEpochMetaBlock/should_work (0.00s)
--- PASS: TestAddressGroup_getGuardianData (0.00s)
    --- PASS: TestAddressGroup_getGuardianData/empty_address_should_error (0.00s)
    --- PASS: TestAddressGroup_getGuardianData/with_node_fail_should_err (0.00s)
    --- PASS: TestAddressGroup_getGuardianData/invalid_query_options_should_error (0.00s)
    --- PASS: TestAddressGroup_getGuardianData/should_work (0.00s)
=== CONT  TestNodeGroup_ManagedKeysEligible/should_work
--- PASS: TestBlockGroup_getAlteredAccountsByHash (0.00s)
    --- PASS: TestBlockGroup_getAlteredAccountsByHash/empty_hash_should_error (0.00s)
    --- PASS: TestBlockGroup_getAlteredAccountsByHash/invalid_hash_should_error (0.00s)
    --- PASS: TestBlockGroup_getAlteredAccountsByHash/should_work (0.00s)
    --- PASS: TestBlockGroup_getAlteredAccountsByHash/facade_error_should_error (0.00s)
--- PASS: TestAddressGroup_getUsername (0.00s)
    --- PASS: TestAddressGroup_getUsername/empty_address_should_error (0.00s)
    --- PASS: TestAddressGroup_getUsername/should_work (0.00s)
    --- PASS: TestAddressGroup_getUsername/invalid_query_options_should_error (0.00s)
    --- PASS: TestAddressGroup_getUsername/facade_error_should_error (0.00s)
--- PASS: TestInternalBlockGroup_getJSONMetaBlockByNonce (0.00s)
    --- PASS: TestInternalBlockGroup_getJSONMetaBlockByNonce/empty_nonce_should_error (0.00s)
    --- PASS: TestInternalBlockGroup_getJSONMetaBlockByNonce/should_work (0.00s)
    --- PASS: TestInternalBlockGroup_getJSONMetaBlockByNonce/facade_error_should_error (0.00s)
    --- PASS: TestInternalBlockGroup_getJSONMetaBlockByNonce/invalid_nonce_should_error (0.00s)
--- PASS: TestAddressGroup_iterateKeys (0.00s)
    --- PASS: TestAddressGroup_iterateKeys/invalid_body_should_error (0.00s)
    --- PASS: TestAddressGroup_iterateKeys/invalid_query_options_should_error (0.00s)
    --- PASS: TestAddressGroup_iterateKeys/empty_address_should_error (0.00s)
    --- PASS: TestAddressGroup_iterateKeys/should_work (0.00s)
    --- PASS: TestAddressGroup_iterateKeys/with_node_fail_should_err (0.00s)
--- PASS: TestInternalBlockGroup_getJSONMetaBlockByHash (0.00s)
    --- PASS: TestInternalBlockGroup_getJSONMetaBlockByHash/empty_hash_should_error (0.00s)
    --- PASS: TestInternalBlockGroup_getJSONMetaBlockByHash/facade_error_should_error (0.00s)
    --- PASS: TestInternalBlockGroup_getJSONMetaBlockByHash/should_work (0.00s)
--- PASS: TestNodeGroup_ManagedKeysEligible (0.00s)
    --- PASS: TestNodeGroup_ManagedKeysEligible/facade_error_should_error (0.00s)
    --- PASS: TestNodeGroup_ManagedKeysEligible/should_work (0.00s)
--- PASS: TestAddressGroup_getValueForKey (0.00s)
    --- PASS: TestAddressGroup_getValueForKey/empty_address_should_error (0.00s)
    --- PASS: TestAddressGroup_getValueForKey/should_work (0.00s)
    --- PASS: TestAddressGroup_getValueForKey/facade_error_should_error (0.00s)
    --- PASS: TestAddressGroup_getValueForKey/invalid_query_options_should_error (0.00s)
--- PASS: TestAddressGroup_getNFTTokenIDsRegisteredByAddress (0.00s)
    --- PASS: TestAddressGroup_getNFTTokenIDsRegisteredByAddress/empty_address_should_error (0.00s)
    --- PASS: TestAddressGroup_getNFTTokenIDsRegisteredByAddress/invalid_query_options_should_error (0.00s)
    --- PASS: TestAddressGroup_getNFTTokenIDsRegisteredByAddress/should_work (0.00s)
    --- PASS: TestAddressGroup_getNFTTokenIDsRegisteredByAddress/with_node_fail_should_err (0.00s)
--- PASS: TestBlockGroup_getAlteredAccountsByNonce (0.00s)
    --- PASS: TestBlockGroup_getAlteredAccountsByNonce/empty_nonce_should_error (0.00s)
    --- PASS: TestBlockGroup_getAlteredAccountsByNonce/invalid_nonce_should_error (0.00s)
    --- PASS: TestBlockGroup_getAlteredAccountsByNonce/should_work (0.00s)
    --- PASS: TestBlockGroup_getAlteredAccountsByNonce/facade_error_should_error (0.00s)
--- PASS: TestAddressGroup_getCodeHash (0.00s)
    --- PASS: TestAddressGroup_getCodeHash/empty_address_should_error (0.00s)
    --- PASS: TestAddressGroup_getCodeHash/facade_error_should_error (0.00s)
    --- PASS: TestAddressGroup_getCodeHash/invalid_query_options_should_error (0.00s)
    --- PASS: TestAddressGroup_getCodeHash/should_work (0.00s)
--- PASS: TestAddressGroup_getDCDTBalance (0.00s)
    --- PASS: TestAddressGroup_getDCDTBalance/empty_address_should_error (0.00s)
    --- PASS: TestAddressGroup_getDCDTBalance/with_node_fail_should_err (0.00s)
    --- PASS: TestAddressGroup_getDCDTBalance/invalid_query_options_should_error (0.00s)
    --- PASS: TestAddressGroup_getDCDTBalance/should_work (0.00s)
--- PASS: TestAddressGroup_UpdateFacade (0.00s)
    --- PASS: TestAddressGroup_UpdateFacade/cast_failure_should_error (0.00s)
    --- PASS: TestAddressGroup_UpdateFacade/should_work (0.00s)
    --- PASS: TestAddressGroup_UpdateFacade/nil_facade_should_error (0.00s)
--- PASS: TestAddressGroup_getDCDTsRoles (0.00s)
    --- PASS: TestAddressGroup_getDCDTsRoles/empty_address_should_error (0.00s)
    --- PASS: TestAddressGroup_getDCDTsRoles/with_node_fail_should_err (0.00s)
    --- PASS: TestAddressGroup_getDCDTsRoles/should_work (0.00s)
    --- PASS: TestAddressGroup_getDCDTsRoles/invalid_query_options_should_error (0.00s)
--- PASS: TestAddressGroup_getKeyValuePairs (0.00s)
    --- PASS: TestAddressGroup_getKeyValuePairs/empty_address_should_error (0.00s)
    --- PASS: TestAddressGroup_getKeyValuePairs/with_node_fail_should_err (0.00s)
    --- PASS: TestAddressGroup_getKeyValuePairs/invalid_query_options_should_error (0.00s)
    --- PASS: TestAddressGroup_getKeyValuePairs/should_work (0.00s)
--- PASS: TestInternalBlockGroup_getMetaBlockByNonce (0.00s)
    --- PASS: TestInternalBlockGroup_getMetaBlockByNonce/empty_nonce_should_error (0.00s)
    --- PASS: TestInternalBlockGroup_getMetaBlockByNonce/facade_error_should_error (0.00s)
    --- PASS: TestInternalBlockGroup_getMetaBlockByNonce/invalid_nonce_should_error (0.00s)
    --- PASS: TestInternalBlockGroup_getMetaBlockByNonce/should_work (0.00s)
--- PASS: TestInternalBlockGroup_getJSONShardBlockByRound (0.00s)
    --- PASS: TestInternalBlockGroup_getJSONShardBlockByRound/empty_round_should_error (0.00s)
    --- PASS: TestInternalBlockGroup_getJSONShardBlockByRound/should_work (0.00s)
    --- PASS: TestInternalBlockGroup_getJSONShardBlockByRound/facade_error_should_error (0.00s)
    --- PASS: TestInternalBlockGroup_getJSONShardBlockByRound/invalid_round_should_error (0.00s)
--- PASS: TestBlockGroup_UpdateFacadeStub (0.00s)
    --- PASS: TestBlockGroup_UpdateFacadeStub/nil_facade_should_error (0.00s)
    --- PASS: TestBlockGroup_UpdateFacadeStub/cast_failure_should_error (0.00s)
    --- PASS: TestBlockGroup_UpdateFacadeStub/should_work (0.00s)
--- PASS: TestAddressGroup_getDCDTTokensWithRole (0.00s)
    --- PASS: TestAddressGroup_getDCDTTokensWithRole/empty_address_should_error (0.00s)
    --- PASS: TestAddressGroup_getDCDTTokensWithRole/should_work (0.00s)
    --- PASS: TestAddressGroup_getDCDTTokensWithRole/invalid_role_should_error (0.00s)
    --- PASS: TestAddressGroup_getDCDTTokensWithRole/invalid_query_options_should_error (0.00s)
    --- PASS: TestAddressGroup_getDCDTTokensWithRole/with_node_fail_should_err (0.00s)
--- PASS: TestInternalBlockGroup_getRawShardBlockByNonce (0.00s)
    --- PASS: TestInternalBlockGroup_getRawShardBlockByNonce/facade_error_should_error (0.00s)
    --- PASS: TestInternalBlockGroup_getRawShardBlockByNonce/empty_nonce_should_error (0.00s)
    --- PASS: TestInternalBlockGroup_getRawShardBlockByNonce/invalid_nonce_should_error (0.00s)
    --- PASS: TestInternalBlockGroup_getRawShardBlockByNonce/should_work (0.00s)
--- PASS: TestAddressGroup_getBalance (0.00s)
    --- PASS: TestAddressGroup_getBalance/empty_address_should_error (0.00s)
    --- PASS: TestAddressGroup_getBalance/facade_error_should_error (0.00s)
    --- PASS: TestAddressGroup_getBalance/should_work (0.00s)
    --- PASS: TestAddressGroup_getBalance/invalid_query_options_should_error (0.00s)
--- PASS: TestQuery (0.00s)
    --- PASS: TestQuery/invalid_block_nonce_should_error (0.00s)
    --- PASS: TestQuery/invalid_block_hash_should_error (0.00s)
    --- PASS: TestQuery/should_work_-_block_nonce (0.00s)
    --- PASS: TestQuery/should_work_-_block_hash (0.00s)
    --- PASS: TestQuery/should_work_-_no_block_coordinates (0.00s)
--- PASS: TestAddressGroup_getDCDTNFTData (0.00s)
    --- PASS: TestAddressGroup_getDCDTNFTData/empty_address_should_error (0.00s)
    --- PASS: TestAddressGroup_getDCDTNFTData/nonce_too_long_should_error (0.00s)
    --- PASS: TestAddressGroup_getDCDTNFTData/invalid_nonce_should_error (0.00s)
    --- PASS: TestAddressGroup_getDCDTNFTData/invalid_query_options_should_error (0.00s)
    --- PASS: TestAddressGroup_getDCDTNFTData/with_node_fail_should_err (0.00s)
    --- PASS: TestAddressGroup_getDCDTNFTData/should_work (0.00s)
--- PASS: TestBlockGroup_getBlockByRound (0.00s)
    --- PASS: TestBlockGroup_getBlockByRound/should_work (0.00s)
    --- PASS: TestBlockGroup_getBlockByRound/facade_error_should_error (0.00s)
    --- PASS: TestBlockGroup_getBlockByRound/empty_round_should_error (0.00s)
    --- PASS: TestBlockGroup_getBlockByRound/invalid_query_options_should_error (0.00s)
    --- PASS: TestBlockGroup_getBlockByRound/invalid_round_should_error (0.00s)
--- PASS: TestAddressGroup_getAllDCDTData (0.00s)
    --- PASS: TestAddressGroup_getAllDCDTData/empty_address_should_error (0.00s)
    --- PASS: TestAddressGroup_getAllDCDTData/with_node_fail_should_err (0.00s)
    --- PASS: TestAddressGroup_getAllDCDTData/invalid_query_options_should_error (0.00s)
    --- PASS: TestAddressGroup_getAllDCDTData/should_work (0.00s)
--- PASS: TestTransactionsGroup_UpdateFacade (0.00s)
    --- PASS: TestTransactionsGroup_UpdateFacade/cast_failure_should_error (0.00s)
    --- PASS: TestTransactionsGroup_UpdateFacade/nil_facade_should_error (0.00s)
    --- PASS: TestTransactionsGroup_UpdateFacade/should_work (0.00s)
--- PASS: TestBlockGroup_getBlockByNonce (0.00s)
    --- PASS: TestBlockGroup_getBlockByNonce/empty_nonce_should_error (0.00s)
    --- PASS: TestBlockGroup_getBlockByNonce/facade_error_should_error (0.00s)
    --- PASS: TestBlockGroup_getBlockByNonce/invalid_nonce_should_error (0.00s)
    --- PASS: TestBlockGroup_getBlockByNonce/invalid_query_options_should_error (0.00s)
    --- PASS: TestBlockGroup_getBlockByNonce/should_work (0.00s)
--- PASS: TestGetGenesisNodes (0.00s)
    --- PASS: TestGetGenesisNodes/facade_error,_should_fail (0.00s)
    --- PASS: TestGetGenesisNodes/should_work (0.00s)
--- PASS: TestNodeGroup_GetConnectedPeersRatings (0.00s)
    --- PASS: TestNodeGroup_GetConnectedPeersRatings/facade_error_should_error (0.00s)
    --- PASS: TestNodeGroup_GetConnectedPeersRatings/should_work (0.00s)
--- PASS: TestNodeGroup_ManagedKeysWaiting (0.00s)
    --- PASS: TestNodeGroup_ManagedKeysWaiting/facade_error_should_error (0.00s)
    --- PASS: TestNodeGroup_ManagedKeysWaiting/should_work (0.00s)
--- PASS: TestAddressGroup_getAccount (0.00s)
    --- PASS: TestAddressGroup_getAccount/invalid_query_options_should_error (0.00s)
    --- PASS: TestAddressGroup_getAccount/facade_error_should_error (0.00s)
    --- PASS: TestAddressGroup_getAccount/should_work (0.00s)
--- PASS: TestNetworkGroup_UpdateFacade (0.00s)
    --- PASS: TestNetworkGroup_UpdateFacade/nil_facade_should_error (0.00s)
    --- PASS: TestNetworkGroup_UpdateFacade/cast_failure_should_error (0.00s)
    --- PASS: TestNetworkGroup_UpdateFacade/should_work (0.00s)
--- PASS: TestInternalBlockGroup_getRawMiniBlockByHash (0.00s)
    --- PASS: TestInternalBlockGroup_getRawMiniBlockByHash/empty_hash_should_error (0.00s)
    --- PASS: TestInternalBlockGroup_getRawMiniBlockByHash/facade_error_should_error (0.00s)
    --- PASS: TestInternalBlockGroup_getRawMiniBlockByHash/invalid_epoch_should_error (0.00s)
    --- PASS: TestInternalBlockGroup_getRawMiniBlockByHash/should_work (0.00s)
    --- PASS: TestInternalBlockGroup_getRawMiniBlockByHash/empty_epoch_should_error (0.00s)
--- PASS: TestGetGasConfigs (0.00s)
    --- PASS: TestGetGasConfigs/facade_error,_should_fail (0.00s)
    --- PASS: TestGetGasConfigs/should_work (0.00s)
--- PASS: TestTransactionsGroup_getTransaction (0.00s)
    --- PASS: TestTransactionsGroup_getTransaction/number_of_go_routines_exceeded (0.00s)
    --- PASS: TestTransactionsGroup_getTransaction/facade_returns_error_should_error (0.00s)
    --- PASS: TestTransactionsGroup_getTransaction/invalid_params_should_error (0.00s)
    --- PASS: TestTransactionsGroup_getTransaction/should_work (0.00s)
--- PASS: TestTransactionGroup_computeTransactionGasLimit (0.00s)
    --- PASS: TestTransactionGroup_computeTransactionGasLimit/ComputeTransactionGasLimit_error_should_error (0.00s)
    --- PASS: TestTransactionGroup_computeTransactionGasLimit/invalid_params_should_error (0.00s)
    --- PASS: TestTransactionGroup_computeTransactionGasLimit/should_work (0.00s)
    --- PASS: TestTransactionGroup_computeTransactionGasLimit/CreateTransaction_error_should_error (0.00s)
--- PASS: TestTransactionGroup_sendTransaction (0.00s)
    --- PASS: TestTransactionGroup_sendTransaction/number_of_go_routines_exceeded (0.00s)
    --- PASS: TestTransactionGroup_sendTransaction/invalid_params_should_error (0.00s)
    --- PASS: TestTransactionGroup_sendTransaction/SendBulkTransactions_error_should_error (0.00s)
    --- PASS: TestTransactionGroup_sendTransaction/CreateTransaction_error_should_error (0.00s)
    --- PASS: TestTransactionGroup_sendTransaction/ValidateTransaction_error_should_error (0.00s)
    --- PASS: TestTransactionGroup_sendTransaction/should_work (0.00s)
--- PASS: TestGetGenesisBalances (0.00s)
    --- PASS: TestGetGenesisBalances/facade_error,_should_fail (0.00s)
    --- PASS: TestGetGenesisBalances/should_work (0.00s)
--- PASS: TestNodeGroup_UpdateFacade (0.00s)
    --- PASS: TestNodeGroup_UpdateFacade/cast_failure_should_error (0.00s)
    --- PASS: TestNodeGroup_UpdateFacade/should_work (0.00s)
    --- PASS: TestNodeGroup_UpdateFacade/nil_facade_should_error (0.00s)
--- PASS: TestTransactionGroup_sendMultipleTransactions (0.00s)
    --- PASS: TestTransactionGroup_sendMultipleTransactions/number_of_go_routines_exceeded (0.00s)
    --- PASS: TestTransactionGroup_sendMultipleTransactions/invalid_params_should_error (0.00s)
    --- PASS: TestTransactionGroup_sendMultipleTransactions/SendBulkTransactions_error_error (0.00s)
    --- PASS: TestTransactionGroup_sendMultipleTransactions/ValidateTransaction_error_should_continue,_error_on_SendBulkTransactions (0.00s)
    --- PASS: TestTransactionGroup_sendMultipleTransactions/CreateTransaction_error_should_continue,_error_on_SendBulkTransactions (0.00s)
    --- PASS: TestTransactionGroup_sendMultipleTransactions/should_work (0.00s)
--- PASS: TestTransactionGroup_simulateTransaction (0.00s)
    --- PASS: TestTransactionGroup_simulateTransaction/number_of_go_routines_exceeded (0.00s)
    --- PASS: TestTransactionGroup_simulateTransaction/invalid_param_checkSignature_should_error (0.00s)
    --- PASS: TestTransactionGroup_simulateTransaction/SimulateTransactionExecution_error_should_error (0.00s)
    --- PASS: TestTransactionGroup_simulateTransaction/CreateTransaction_error_should_error (0.00s)
    --- PASS: TestTransactionGroup_simulateTransaction/invalid_param_transaction_should_error (0.00s)
    --- PASS: TestTransactionGroup_simulateTransaction/ValidateTransactionForSimulation_error_should_error (0.00s)
    --- PASS: TestTransactionGroup_simulateTransaction/should_work (0.00s)
--- PASS: TestBlockGroup_getBlockByHash (0.00s)
    --- PASS: TestBlockGroup_getBlockByHash/empty_hash_should_error (0.00s)
    --- PASS: TestBlockGroup_getBlockByHash/invalid_query_options_should_error (0.00s)
    --- PASS: TestBlockGroup_getBlockByHash/should_work (0.00s)
    --- PASS: TestBlockGroup_getBlockByHash/facade_error_should_error (0.00s)
--- PASS: TestNodeGroup_WaitingEpochsLeft (0.00s)
    --- PASS: TestNodeGroup_WaitingEpochsLeft/should_work (0.00s)
    --- PASS: TestNodeGroup_WaitingEpochsLeft/facade_error_should_error (0.00s)
--- PASS: TestTransactionGroup_getTransactionsPool (0.00s)
    --- PASS: TestTransactionGroup_getTransactionsPool/number_of_go_routines_exceeded (0.00s)
    --- PASS: TestTransactionGroup_getTransactionsPool/GetTransactionsPool_error_should_error (0.00s)
    --- PASS: TestTransactionGroup_getTransactionsPool/invalid_last-nonce_param_should_error (0.00s)
    --- PASS: TestTransactionGroup_getTransactionsPool/GetTransactionsPoolNonceGapsForSender_error_should_error (0.00s)
    --- PASS: TestTransactionGroup_getTransactionsPool/should_work_for_last_pool_nonce (0.00s)
    --- PASS: TestTransactionGroup_getTransactionsPool/GetLastPoolNonceForSender_error_should_error (0.00s)
    --- PASS: TestTransactionGroup_getTransactionsPool/should_work_for_nonce_gaps (0.00s)
    --- PASS: TestTransactionGroup_getTransactionsPool/GetTransactionsPoolForSender_error_should_error (0.00s)
    --- PASS: TestTransactionGroup_getTransactionsPool/should_work_for_sender (0.00s)
    --- PASS: TestTransactionGroup_getTransactionsPool/fields_+_wild_card (0.00s)
    --- PASS: TestTransactionGroup_getTransactionsPool/fields_+_latest_nonce (0.00s)
    --- PASS: TestTransactionGroup_getTransactionsPool/fields_has_spaces (0.00s)
    --- PASS: TestTransactionGroup_getTransactionsPool/fields_+_nonce_gaps (0.00s)
    --- PASS: TestTransactionGroup_getTransactionsPool/empty_sender,_requesting_latest_nonce (0.00s)
    --- PASS: TestTransactionGroup_getTransactionsPool/empty_sender,_requesting_nonce_gaps (0.00s)
    --- PASS: TestTransactionGroup_getTransactionsPool/fields_has_numbers (0.00s)
    --- PASS: TestTransactionGroup_getTransactionsPool/invalid_nonce-gaps_param_should_error (0.00s)
    --- PASS: TestTransactionGroup_getTransactionsPool/should_work (0.00s)
--- PASS: TestIsDataTrieMigrated (0.00s)
    --- PASS: TestIsDataTrieMigrated/should_return_false_if_IsDataTrieMigrated_returns_false (0.00s)
    --- PASS: TestIsDataTrieMigrated/should_return_error_if_IsDataTrieMigrated_returns_error (0.00s)
    --- PASS: TestIsDataTrieMigrated/should_return_true_if_IsDataTrieMigrated_returns_true (0.00s)
--- PASS: TestProofGroup_UpdateFacade (0.00s)
    --- PASS: TestProofGroup_UpdateFacade/cast_failure_should_error (0.00s)
    --- PASS: TestProofGroup_UpdateFacade/should_work (0.00s)
    --- PASS: TestProofGroup_UpdateFacade/nil_facade_should_error (0.00s)
--- PASS: TestAddressGroup_getAccounts (0.00s)
    --- PASS: TestAddressGroup_getAccounts/wrong_request,_should_err (0.00s)
    --- PASS: TestAddressGroup_getAccounts/facade_error,_should_err (0.00s)
    --- PASS: TestAddressGroup_getAccounts/invalid_query_options_should_error (0.00s)
    --- PASS: TestAddressGroup_getAccounts/should_work (0.00s)
PASS
ok  	github.com/TerraDharitri/drt-go-chain/api/groups	(cached)
=== RUN   TestNewLogSender_NilMarshalizerShouldErr
=== PAUSE TestNewLogSender_NilMarshalizerShouldErr
=== RUN   TestNewLogSender_NilConnectionShouldErr
=== PAUSE TestNewLogSender_NilConnectionShouldErr
=== RUN   TestNewLogSender_NilLoggerShouldErr
=== PAUSE TestNewLogSender_NilLoggerShouldErr
=== RUN   TestNewLogSender_ShouldWork
=== PAUSE TestNewLogSender_ShouldWork
=== RUN   TestLogSender_StartSendingBlockingConnReadMessageErrShouldCloseConn
=== PAUSE TestLogSender_StartSendingBlockingConnReadMessageErrShouldCloseConn
=== RUN   TestLogSender_StartSendingBlockingWrongPatternShouldCloseConn
=== PAUSE TestLogSender_StartSendingBlockingWrongPatternShouldCloseConn
=== RUN   TestLogSender_StartSendingBlockingSendsMessage
=== PAUSE TestLogSender_StartSendingBlockingSendsMessage
=== RUN   TestLogSender_StartSendingBlockingSendsMessageAndStopsWhenReadClose
=== PAUSE TestLogSender_StartSendingBlockingSendsMessageAndStopsWhenReadClose
=== RUN   TestLogSender_StartSendingBlockingConnWriteFailsShouldStop
=== PAUSE TestLogSender_StartSendingBlockingConnWriteFailsShouldStop
=== RUN   TestNewLogWriter
=== PAUSE TestNewLogWriter
=== RUN   TestLogWriter_WriteNilShouldReturnNilAndZero
=== PAUSE TestLogWriter_WriteNilShouldReturnNilAndZero
=== RUN   TestLogWriter_WriteNilMultipleTimeNoReadShouldReturnNilAndZero
=== PAUSE TestLogWriter_WriteNilMultipleTimeNoReadShouldReturnNilAndZero
=== RUN   TestLogWriter_FirstWriteShouldWork
=== PAUSE TestLogWriter_FirstWriteShouldWork
=== RUN   TestLogWriter_SecondWriteNoReadShouldErr
=== PAUSE TestLogWriter_SecondWriteNoReadShouldErr
=== RUN   TestLogWriter_ReadShouldWork
=== PAUSE TestLogWriter_ReadShouldWork
=== RUN   TestLogWriter_SecondWriteWithReadShouldWork
=== PAUSE TestLogWriter_SecondWriteWithReadShouldWork
=== RUN   TestLogWriter_CloseShouldWork
=== PAUSE TestLogWriter_CloseShouldWork
=== RUN   TestLogWriter_DoubleClosingShouldErr
=== PAUSE TestLogWriter_DoubleClosingShouldErr
=== RUN   TestLogWriter_ClosedWriterShouldNotWriteShouldErr
=== PAUSE TestLogWriter_ClosedWriterShouldNotWriteShouldErr
=== CONT  TestNewLogSender_NilMarshalizerShouldErr
=== CONT  TestLogWriter_WriteNilShouldReturnNilAndZero
--- PASS: TestNewLogSender_NilMarshalizerShouldErr (0.00s)
=== CONT  TestLogSender_StartSendingBlockingConnReadMessageErrShouldCloseConn
--- PASS: TestLogWriter_WriteNilShouldReturnNilAndZero (0.00s)
=== CONT  TestLogWriter_ClosedWriterShouldNotWriteShouldErr
--- PASS: TestLogSender_StartSendingBlockingConnReadMessageErrShouldCloseConn (0.00s)
=== CONT  TestNewLogSender_ShouldWork
--- PASS: TestLogWriter_ClosedWriterShouldNotWriteShouldErr (0.00s)
--- PASS: TestNewLogSender_ShouldWork (0.00s)
=== CONT  TestLogWriter_DoubleClosingShouldErr
=== CONT  TestNewLogSender_NilLoggerShouldErr
--- PASS: TestNewLogSender_NilLoggerShouldErr (0.00s)
--- PASS: TestLogWriter_DoubleClosingShouldErr (0.00s)
=== CONT  TestNewLogSender_NilConnectionShouldErr
--- PASS: TestNewLogSender_NilConnectionShouldErr (0.00s)
=== CONT  TestLogWriter_WriteNilMultipleTimeNoReadShouldReturnNilAndZero
=== CONT  TestLogWriter_CloseShouldWork
--- PASS: TestLogWriter_CloseShouldWork (0.00s)
=== CONT  TestLogWriter_SecondWriteWithReadShouldWork
--- PASS: TestLogWriter_WriteNilMultipleTimeNoReadShouldReturnNilAndZero (0.00s)
=== CONT  TestLogWriter_ReadShouldWork
--- PASS: TestLogWriter_SecondWriteWithReadShouldWork (0.00s)
=== CONT  TestLogSender_StartSendingBlockingConnWriteFailsShouldStop
--- PASS: TestLogWriter_ReadShouldWork (0.00s)
=== CONT  TestLogWriter_SecondWriteNoReadShouldErr
--- PASS: TestLogWriter_SecondWriteNoReadShouldErr (0.00s)
=== CONT  TestLogWriter_FirstWriteShouldWork
=== CONT  TestLogSender_StartSendingBlockingWrongPatternShouldCloseConn
--- PASS: TestLogWriter_FirstWriteShouldWork (0.00s)
--- PASS: TestLogSender_StartSendingBlockingConnWriteFailsShouldStop (0.00s)
--- PASS: TestLogSender_StartSendingBlockingWrongPatternShouldCloseConn (0.00s)
=== CONT  TestNewLogWriter
=== CONT  TestLogSender_StartSendingBlockingSendsMessageAndStopsWhenReadClose
--- PASS: TestNewLogWriter (0.00s)
=== CONT  TestLogSender_StartSendingBlockingSendsMessage
--- PASS: TestLogSender_StartSendingBlockingSendsMessageAndStopsWhenReadClose (0.01s)
--- PASS: TestLogSender_StartSendingBlockingSendsMessage (0.01s)
PASS
ok  	github.com/TerraDharitri/drt-go-chain/api/logs	(cached)
=== RUN   TestNewResponseLoggerMiddleware
=== PAUSE TestNewResponseLoggerMiddleware
=== RUN   TestResponseLoggerMiddleware_DurationExceedsTimeout
=== PAUSE TestResponseLoggerMiddleware_DurationExceedsTimeout
=== RUN   TestResponseLoggerMiddleware_BadRequest
=== PAUSE TestResponseLoggerMiddleware_BadRequest
=== RUN   TestResponseLoggerMiddleware_InternalError
=== PAUSE TestResponseLoggerMiddleware_InternalError
=== RUN   TestResponseLoggerMiddleware_ShouldNotCallHandler
=== PAUSE TestResponseLoggerMiddleware_ShouldNotCallHandler
=== RUN   TestCreateEndpointThrottler_NoThrottlerShouldExecute
=== PAUSE TestCreateEndpointThrottler_NoThrottlerShouldExecute
=== RUN   TestCreateEndpointThrottler_ThrottlerCanNotProcessShouldNotExecute
=== PAUSE TestCreateEndpointThrottler_ThrottlerCanNotProcessShouldNotExecute
=== RUN   TestCreateEndpointThrottler_ThrottlerStartShouldExecute
=== PAUSE TestCreateEndpointThrottler_ThrottlerStartShouldExecute
=== RUN   TestNewGlobalThrottler_InvalidMaxConnectionsShouldErr
=== PAUSE TestNewGlobalThrottler_InvalidMaxConnectionsShouldErr
=== RUN   TestNewGlobalThrottler
=== PAUSE TestNewGlobalThrottler
=== RUN   TestGlobalThrottler_LimitUnderShouldProcessRequest
=== PAUSE TestGlobalThrottler_LimitUnderShouldProcessRequest
=== RUN   TestGlobalThrottler_LimitOverShouldError
=== PAUSE TestGlobalThrottler_LimitOverShouldError
=== RUN   TestNewSourceThrottler_InvalidValueShouldErr
=== PAUSE TestNewSourceThrottler_InvalidValueShouldErr
=== RUN   TestNewSourceThrottler
=== PAUSE TestNewSourceThrottler
=== RUN   TestSourceThrottler_LimitBadRequestShouldErr
=== PAUSE TestSourceThrottler_LimitBadRequestShouldErr
=== RUN   TestSourceThrottler_LimitUnderShouldProcessRequest
=== PAUSE TestSourceThrottler_LimitUnderShouldProcessRequest
=== RUN   TestSourceThrottler_LimitOverShouldErr
=== PAUSE TestSourceThrottler_LimitOverShouldErr
=== RUN   TestSourceThrottler_LimitResetShouldWork
=== PAUSE TestSourceThrottler_LimitResetShouldWork
=== CONT  TestNewResponseLoggerMiddleware
--- PASS: TestNewResponseLoggerMiddleware (0.00s)
=== CONT  TestNewGlobalThrottler
=== CONT  TestNewGlobalThrottler_InvalidMaxConnectionsShouldErr
=== CONT  TestCreateEndpointThrottler_ThrottlerStartShouldExecute
=== CONT  TestCreateEndpointThrottler_ThrottlerCanNotProcessShouldNotExecute
=== CONT  TestCreateEndpointThrottler_NoThrottlerShouldExecute
=== CONT  TestResponseLoggerMiddleware_ShouldNotCallHandler
=== CONT  TestResponseLoggerMiddleware_InternalError
=== CONT  TestResponseLoggerMiddleware_BadRequest
=== CONT  TestResponseLoggerMiddleware_DurationExceedsTimeout
=== CONT  TestSourceThrottler_LimitBadRequestShouldErr
=== CONT  TestSourceThrottler_LimitResetShouldWork
=== CONT  TestSourceThrottler_LimitOverShouldErr
=== CONT  TestSourceThrottler_LimitUnderShouldProcessRequest
=== CONT  TestNewSourceThrottler_InvalidValueShouldErr
=== CONT  TestNewSourceThrottler
=== CONT  TestGlobalThrottler_LimitOverShouldError
Starting batch requests 0, making 10 simultaneous requests...
--- PASS: TestNewGlobalThrottler (0.00s)
--- PASS: TestNewGlobalThrottler_InvalidMaxConnectionsShouldErr (0.00s)
=== CONT  TestGlobalThrottler_LimitUnderShouldProcessRequest
--- PASS: TestCreateEndpointThrottler_ThrottlerStartShouldExecute (0.00s)
--- PASS: TestCreateEndpointThrottler_NoThrottlerShouldExecute (0.00s)
--- PASS: TestResponseLoggerMiddleware_ShouldNotCallHandler (0.00s)
--- PASS: TestCreateEndpointThrottler_ThrottlerCanNotProcessShouldNotExecute (0.00s)
--- PASS: TestResponseLoggerMiddleware_InternalError (0.00s)
--- PASS: TestResponseLoggerMiddleware_BadRequest (0.00s)
--- PASS: TestGlobalThrottler_LimitUnderShouldProcessRequest (0.00s)
--- PASS: TestSourceThrottler_LimitBadRequestShouldErr (0.00s)
--- PASS: TestSourceThrottler_LimitResetShouldWork (0.00s)
--- PASS: TestSourceThrottler_LimitOverShouldErr (0.00s)
--- PASS: TestNewSourceThrottler_InvalidValueShouldErr (0.00s)
--- PASS: TestNewSourceThrottler (0.00s)
--- PASS: TestSourceThrottler_LimitUnderShouldProcessRequest (0.00s)
--- PASS: TestResponseLoggerMiddleware_DurationExceedsTimeout (0.01s)
Starting batch requests 1, making 10 simultaneous requests...
--- PASS: TestGlobalThrottler_LimitOverShouldError (4.00s)
PASS
ok  	github.com/TerraDharitri/drt-go-chain/api/middleware	(cached)
?   	github.com/TerraDharitri/drt-go-chain/api/shared/logging	[no test files]
?   	github.com/TerraDharitri/drt-go-chain/api/shared	[no test files]
?   	github.com/TerraDharitri/drt-go-chain/cmd/assessment	[no test files]
=== RUN   TestNewCoordinator_NilSliceShouldErr
=== PAUSE TestNewCoordinator_NilSliceShouldErr
=== RUN   TestNewCoordinator_NilBenchmarkShouldErr
=== PAUSE TestNewCoordinator_NilBenchmarkShouldErr
=== RUN   TestNewCoordinator_ShouldWork
=== PAUSE TestNewCoordinator_ShouldWork
=== RUN   TestCoordinator_RunAllOneErrorsShouldRetErr
=== PAUSE TestCoordinator_RunAllOneErrorsShouldRetErr
=== RUN   TestCoordinator_RunAllShouldWork
=== PAUSE TestCoordinator_RunAllShouldWork
=== RUN   TestDelegationBenchmark_ShouldWork
    delegationBenchmark_test.go:13: this is not a short test
--- SKIP: TestDelegationBenchmark_ShouldWork (0.00s)
=== RUN   TestErc20InCBenchmark_ShouldWork
    erc20Benchmark_test.go:13: this is not a short test
--- SKIP: TestErc20InCBenchmark_ShouldWork (0.00s)
=== RUN   TestErc20InRustBenchmark_ShouldWork
    erc20Benchmark_test.go:38: this is not a short test
--- SKIP: TestErc20InRustBenchmark_ShouldWork (0.00s)
=== RUN   TestTestResults_ToDisplayTable
=== PAUSE TestTestResults_ToDisplayTable
=== RUN   TestTestResults_ToStrings
=== PAUSE TestTestResults_ToStrings
=== RUN   TestWasmBenchmark_ShouldWork
    wasmBenchmark_test.go:13: this is not a short test
--- SKIP: TestWasmBenchmark_ShouldWork (0.00s)
=== CONT  TestNewCoordinator_NilSliceShouldErr
--- PASS: TestNewCoordinator_NilSliceShouldErr (0.00s)
=== CONT  TestCoordinator_RunAllOneErrorsShouldRetErr
=== CONT  TestCoordinator_RunAllShouldWork
=== CONT  TestNewCoordinator_ShouldWork
--- PASS: TestNewCoordinator_ShouldWork (0.00s)
=== CONT  TestNewCoordinator_NilBenchmarkShouldErr
--- PASS: TestNewCoordinator_NilBenchmarkShouldErr (0.00s)
=== CONT  TestTestResults_ToStrings
--- PASS: TestTestResults_ToStrings (0.00s)
=== CONT  TestTestResults_ToDisplayTable
+-----------+-----------------+-------------+
| Benchmark | Time in seconds | Error       |
+-----------+-----------------+-------------+
| test 1    | 2.000           |             |
| test 2    | 3.000           | error found |
| test 3    | 4.000           |             |
+-----------+-----------------+-------------+
| TOTAL     | 1.000           |             |
+-----------+-----------------+-------------+

--- PASS: TestTestResults_ToDisplayTable (0.00s)
[0;32mINFO [0m[2026-03-16 10:13:32.814]   running benchmark 1 out of 2             [0;32mname[0m =  
[0;32mINFO [0m[2026-03-16 10:13:32.814]   running benchmark 2 out of 2             [0;32mname[0m =  
--- PASS: TestCoordinator_RunAllShouldWork (0.00s)
[0;32mINFO [0m[2026-03-16 10:13:32.814]   running benchmark 1 out of 2             [0;32mname[0m =  
[0;32mINFO [0m[2026-03-16 10:13:32.814]   running benchmark 2 out of 2             [0;32mname[0m =  
[0;31mERROR[0m[2026-03-16 10:13:32.814]   error running benchmark                  [0;31mname[0m =  [0;31merror[0m = expected error 
--- PASS: TestCoordinator_RunAllOneErrorsShouldRetErr (0.00s)
PASS
ok  	github.com/TerraDharitri/drt-go-chain/cmd/assessment/benchmarks	(cached)
?   	github.com/TerraDharitri/drt-go-chain/cmd/assessment/mock	[no test files]
=== RUN   TestCreateBenchmarksList
--- PASS: TestCreateBenchmarksList (0.00s)
PASS
ok  	github.com/TerraDharitri/drt-go-chain/cmd/assessment/benchmarks/factory	(cached)
?   	github.com/TerraDharitri/drt-go-chain/cmd/logviewer	[no test files]
?   	github.com/TerraDharitri/drt-go-chain/cmd/logviewer/testing	[no test files]
?   	github.com/TerraDharitri/drt-go-chain/cmd/keygenerator	[no test files]
?   	github.com/TerraDharitri/drt-go-chain/cmd/seednode	[no test files]
?   	github.com/TerraDharitri/drt-go-chain/cmd/termui	[no test files]
=== RUN   TestNewPidPubkeyConverter
=== PAUSE TestNewPidPubkeyConverter
=== RUN   TestPidPubkeyConverter_Encode
=== PAUSE TestPidPubkeyConverter_Encode
=== RUN   TestPidPubkeyConverter_Decode
=== PAUSE TestPidPubkeyConverter_Decode
=== CONT  TestNewPidPubkeyConverter
--- PASS: TestNewPidPubkeyConverter (0.00s)
=== CONT  TestPidPubkeyConverter_Decode
=== CONT  TestPidPubkeyConverter_Encode
=== RUN   TestPidPubkeyConverter_Encode/not_a_valid_public_key_should_not_panic
=== PAUSE TestPidPubkeyConverter_Encode/not_a_valid_public_key_should_not_panic
--- PASS: TestPidPubkeyConverter_Decode (0.00s)
=== RUN   TestPidPubkeyConverter_Encode/valid_public_key_should_work
=== PAUSE TestPidPubkeyConverter_Encode/valid_public_key_should_work
=== CONT  TestPidPubkeyConverter_Encode/not_a_valid_public_key_should_not_panic
=== CONT  TestPidPubkeyConverter_Encode/valid_public_key_should_work
--- PASS: TestPidPubkeyConverter_Encode (0.00s)
    --- PASS: TestPidPubkeyConverter_Encode/not_a_valid_public_key_should_not_panic (0.00s)
    --- PASS: TestPidPubkeyConverter_Encode/valid_public_key_should_work (0.01s)
PASS
ok  	github.com/TerraDharitri/drt-go-chain/cmd/keygenerator/converter	(cached)
?   	github.com/TerraDharitri/drt-go-chain/cmd/seednode/api	[no test files]
?   	github.com/TerraDharitri/drt-go-chain/cmd/node/factory	[no test files]
=== RUN   TestParseFeatures
=== PAUSE TestParseFeatures
=== CONT  TestParseFeatures
=== RUN   TestParseFeatures/unknown_feature_id_should_fail
=== PAUSE TestParseFeatures/unknown_feature_id_should_fail
=== RUN   TestParseFeatures/non_existing_flag_should_fail
=== PAUSE TestParseFeatures/non_existing_flag_should_fail
=== RUN   TestParseFeatures/should_work
=== PAUSE TestParseFeatures/should_work
=== CONT  TestParseFeatures/unknown_feature_id_should_fail
=== CONT  TestParseFeatures/should_work
=== CONT  TestParseFeatures/non_existing_flag_should_fail
--- PASS: TestParseFeatures (0.00s)
    --- PASS: TestParseFeatures/unknown_feature_id_should_fail (0.00s)
    --- PASS: TestParseFeatures/should_work (0.00s)
    --- PASS: TestParseFeatures/non_existing_flag_should_fail (0.00s)
PASS
ok  	github.com/TerraDharitri/drt-go-chain/cmd/node	(cached)
?   	github.com/TerraDharitri/drt-go-chain/cmd/termui/provider	[no test files]
?   	github.com/TerraDharitri/drt-go-chain/cmd/termui/view	[no test files]
=== RUN   TestPresenterStatusHandler_GetNumTxInBlock
=== PAUSE TestPresenterStatusHandler_GetNumTxInBlock
=== RUN   TestPresenterStatusHandler_GetNumTxInBlockShouldBeZero
=== PAUSE TestPresenterStatusHandler_GetNumTxInBlockShouldBeZero
=== RUN   TestPresenterStatusHandler_GetNumTxShouldZeroIfIsNotSet
=== PAUSE TestPresenterStatusHandler_GetNumTxShouldZeroIfIsNotSet
=== RUN   TestPresenterStatusHandler_GetNumMiniBLocks
=== PAUSE TestPresenterStatusHandler_GetNumMiniBLocks
=== RUN   TestPresenterStatusHandler_GetCrossCheckBlockHeight
=== PAUSE TestPresenterStatusHandler_GetCrossCheckBlockHeight
=== RUN   TestPresenterStatusHandler_GetConsensusState
=== PAUSE TestPresenterStatusHandler_GetConsensusState
=== RUN   TestPresenterStatusHandler_GetConsensusStateShouldReturnErrorMessageInvalidType
=== PAUSE TestPresenterStatusHandler_GetConsensusStateShouldReturnErrorMessageInvalidType
=== RUN   TestPresenterStatusHandler_GetConsensusStateShouldReturnErrorMessageInvalidKey
=== PAUSE TestPresenterStatusHandler_GetConsensusStateShouldReturnErrorMessageInvalidKey
=== RUN   TestPresenterStatusHandler_GetConsensusRoundStateState
=== PAUSE TestPresenterStatusHandler_GetConsensusRoundStateState
=== RUN   TestPresenterStatusHandler_GetCurrentBlockHash
=== PAUSE TestPresenterStatusHandler_GetCurrentBlockHash
=== RUN   TestPresenterStatusHandler_GetCurrentRoundTimestamp
=== PAUSE TestPresenterStatusHandler_GetCurrentRoundTimestamp
=== RUN   TestPresenterStatusHandler_GetBlockSize
=== PAUSE TestPresenterStatusHandler_GetBlockSize
=== RUN   TestPresenterStatusHandler_GetHighestFinalBlock
=== PAUSE TestPresenterStatusHandler_GetHighestFinalBlock
=== RUN   TestPresenterStatusHandler_GetNonce
=== PAUSE TestPresenterStatusHandler_GetNonce
=== RUN   TestPresenterStatusHandler_GetIsSyncing
=== PAUSE TestPresenterStatusHandler_GetIsSyncing
=== RUN   TestPresenterStatusHandler_GetTxPoolLoad
=== PAUSE TestPresenterStatusHandler_GetTxPoolLoad
=== RUN   TestPresenterStatusHandler_GetProbableHighestNonce
=== PAUSE TestPresenterStatusHandler_GetProbableHighestNonce
=== RUN   TestPresenterStatusHandler_GetSynchronizedRound
=== PAUSE TestPresenterStatusHandler_GetSynchronizedRound
=== RUN   TestPresenterStatusHandler_GetRoundTime
=== PAUSE TestPresenterStatusHandler_GetRoundTime
=== RUN   TestPresenterStatusHandler_GetLiveValidatorNodes
=== PAUSE TestPresenterStatusHandler_GetLiveValidatorNodes
=== RUN   TestPresenterStatusHandler_GetConnectedNodes
=== PAUSE TestPresenterStatusHandler_GetConnectedNodes
=== RUN   TestPresenterStatusHandler_GetNumConnectedPeers
=== PAUSE TestPresenterStatusHandler_GetNumConnectedPeers
=== RUN   TestPresenterStatusHandler_GetCurrentRound
=== PAUSE TestPresenterStatusHandler_GetCurrentRound
=== RUN   TestPresenterStatusHandler_CalculateTimeToSynchronize
=== PAUSE TestPresenterStatusHandler_CalculateTimeToSynchronize
=== RUN   TestPresenterStatusHandler_CalculateSynchronizationSpeed
=== PAUSE TestPresenterStatusHandler_CalculateSynchronizationSpeed
=== RUN   TestPresenterStatusHandler_CalculateSynchronizationSpeedMultipleRoundsPerSecond
=== PAUSE TestPresenterStatusHandler_CalculateSynchronizationSpeedMultipleRoundsPerSecond
=== RUN   TestPresenterStatusHandler_GetNumTxProcessed
=== PAUSE TestPresenterStatusHandler_GetNumTxProcessed
=== RUN   TestPresenterStatusHandler_GetNumShardHeadersInPool
=== PAUSE TestPresenterStatusHandler_GetNumShardHeadersInPool
=== RUN   TestNewPresenterStatusHandler_GetNumShardHeadersProcessed
=== PAUSE TestNewPresenterStatusHandler_GetNumShardHeadersProcessed
=== RUN   TestPresenterStatusHandler_GetEpochInfo
=== PAUSE TestPresenterStatusHandler_GetEpochInfo
=== RUN   TestPresenterStatusHandler_GetEpochInfoEndOfEpoch
=== PAUSE TestPresenterStatusHandler_GetEpochInfoEndOfEpoch
=== RUN   TestPresenterStatusHandler_GetEpochInfoExtraRound
=== PAUSE TestPresenterStatusHandler_GetEpochInfoExtraRound
=== RUN   TestGetTrieSyncProcessedPercentage
=== PAUSE TestGetTrieSyncProcessedPercentage
=== RUN   TestGetTrieSyncNumBytesReceived
=== PAUSE TestGetTrieSyncNumBytesReceived
=== RUN   TestPresenterStatusHandler_GetAppVersion
=== PAUSE TestPresenterStatusHandler_GetAppVersion
=== RUN   TestPresenterStatusHandler_GetNodeType
=== PAUSE TestPresenterStatusHandler_GetNodeType
=== RUN   TestPresenterStatusHandler_GetPublicKeyBlockSign
=== PAUSE TestPresenterStatusHandler_GetPublicKeyBlockSign
=== RUN   TestPresenterStatusHandler_GetShardId
=== PAUSE TestPresenterStatusHandler_GetShardId
=== RUN   TestPresenterStatusHandler_GetCountConsensus
=== PAUSE TestPresenterStatusHandler_GetCountConsensus
=== RUN   TestPresenterStatusHandler_GetCountLeader
=== PAUSE TestPresenterStatusHandler_GetCountLeader
=== RUN   TestPresenterStatusHandler_GetCountAcceptedBlocks
=== PAUSE TestPresenterStatusHandler_GetCountAcceptedBlocks
=== RUN   TestPresenterStatusHandler_CheckSoftwareVersionNeedUpdate
=== PAUSE TestPresenterStatusHandler_CheckSoftwareVersionNeedUpdate
=== RUN   TestPresenterStatusHandler_CheckSoftwareVersion
=== PAUSE TestPresenterStatusHandler_CheckSoftwareVersion
=== RUN   TestPresenterStatusHandler_GetCountConsensusAcceptedBlocks
=== PAUSE TestPresenterStatusHandler_GetCountConsensusAcceptedBlocks
=== RUN   TestPresenterStatusHandler_GetNodeNameShouldReturnDefaultName
=== PAUSE TestPresenterStatusHandler_GetNodeNameShouldReturnDefaultName
=== RUN   TestPresenterStatusHandler_GetNodeName
=== PAUSE TestPresenterStatusHandler_GetNodeName
=== RUN   TestPresenterStatusHandler_GetRedundancyLevel
=== PAUSE TestPresenterStatusHandler_GetRedundancyLevel
=== RUN   TestPresenterStatusHandler_GetCpuLoadPercent
=== PAUSE TestPresenterStatusHandler_GetCpuLoadPercent
=== RUN   TestPresenterStatusHandler_GetMemLoadPercent
=== PAUSE TestPresenterStatusHandler_GetMemLoadPercent
=== RUN   TestPresenterStatusHandler_GetTotalMem
=== PAUSE TestPresenterStatusHandler_GetTotalMem
=== RUN   TestPresenterStatusHandler_GetMemUsedByNode
=== PAUSE TestPresenterStatusHandler_GetMemUsedByNode
=== RUN   TestPresenterStatusHandler_GetNetworkRecvPercent
=== PAUSE TestPresenterStatusHandler_GetNetworkRecvPercent
=== RUN   TestPresenterStatusHandler_GetNetworkRecvBps
=== PAUSE TestPresenterStatusHandler_GetNetworkRecvBps
=== RUN   TestPresenterStatusHandler_GetNetworkRecvBpsPeak
=== PAUSE TestPresenterStatusHandler_GetNetworkRecvBpsPeak
=== RUN   TestPresenterStatusHandler_GetNetworkSentPercent
=== PAUSE TestPresenterStatusHandler_GetNetworkSentPercent
=== RUN   TestPresenterStatusHandler_GetNetworkSentBps
=== PAUSE TestPresenterStatusHandler_GetNetworkSentBps
=== RUN   TestPresenterStatusHandler_GetNetworkSentBpsPeak
=== PAUSE TestPresenterStatusHandler_GetNetworkSentBpsPeak
=== RUN   TestPresenterStatusHandler_GetNetworkSendBytesInEpoch
=== PAUSE TestPresenterStatusHandler_GetNetworkSendBytesInEpoch
=== RUN   TestPresenterStatusHandler_GetNetworkReceivedBytesInEpoch
=== PAUSE TestPresenterStatusHandler_GetNetworkReceivedBytesInEpoch
=== RUN   TestPresenterStatusHandler_NewPresenterStatusHandler
=== PAUSE TestPresenterStatusHandler_NewPresenterStatusHandler
=== RUN   TestPresenterStatusHandler_TestIncrement
=== PAUSE TestPresenterStatusHandler_TestIncrement
=== RUN   TestPresenterStatusHandler_WrongKeyIncrementShouldDoNothing
=== PAUSE TestPresenterStatusHandler_WrongKeyIncrementShouldDoNothing
=== RUN   TestPresenterStatusHandler_WrongTypeIncrementShouldDoNothing
=== PAUSE TestPresenterStatusHandler_WrongTypeIncrementShouldDoNothing
=== RUN   TestPresenterStatusHandler_TestSetInt64
=== PAUSE TestPresenterStatusHandler_TestSetInt64
=== RUN   TestPresenterStatusHandler_TestSetUInt64
=== PAUSE TestPresenterStatusHandler_TestSetUInt64
=== RUN   TestPresenterStatusHandler_TestSetString
=== PAUSE TestPresenterStatusHandler_TestSetString
=== RUN   TestPresenterStatusHandler_Write
=== PAUSE TestPresenterStatusHandler_Write
=== RUN   TestPresenterStatusHandler_GetLogLine
=== PAUSE TestPresenterStatusHandler_GetLogLine
=== RUN   TestPresenterStatusHandler_Increment
=== PAUSE TestPresenterStatusHandler_Increment
=== RUN   TestPresenterStatusHandler_WrongTypeDecrement
=== PAUSE TestPresenterStatusHandler_WrongTypeDecrement
=== RUN   TestPresenterStatusHandler_DecrementDoNothing
=== PAUSE TestPresenterStatusHandler_DecrementDoNothing
=== RUN   TestPresenterStatusHandler_WrongKeyDecrement
=== PAUSE TestPresenterStatusHandler_WrongKeyDecrement
=== RUN   TestPresenterStatusHandler_Decrement
=== PAUSE TestPresenterStatusHandler_Decrement
=== RUN   TestPresenterStatusHandler_AddUint64
=== PAUSE TestPresenterStatusHandler_AddUint64
=== RUN   TestPresenterStatusHandler_ConcurrentOperations
=== PAUSE TestPresenterStatusHandler_ConcurrentOperations
=== CONT  TestPresenterStatusHandler_GetNumTxInBlock
--- PASS: TestPresenterStatusHandler_GetNumTxInBlock (0.00s)
=== CONT  TestPresenterStatusHandler_ConcurrentOperations
=== CONT  TestPresenterStatusHandler_AddUint64
--- PASS: TestPresenterStatusHandler_AddUint64 (0.00s)
=== CONT  TestPresenterStatusHandler_GetNonce
--- PASS: TestPresenterStatusHandler_GetNonce (0.00s)
=== CONT  TestPresenterStatusHandler_GetHighestFinalBlock
--- PASS: TestPresenterStatusHandler_GetHighestFinalBlock (0.00s)
=== CONT  TestPresenterStatusHandler_DecrementDoNothing
--- PASS: TestPresenterStatusHandler_DecrementDoNothing (0.00s)
=== CONT  TestPresenterStatusHandler_WrongTypeDecrement
--- PASS: TestPresenterStatusHandler_WrongTypeDecrement (0.00s)
=== CONT  TestPresenterStatusHandler_Increment
--- PASS: TestPresenterStatusHandler_Increment (0.00s)
=== CONT  TestPresenterStatusHandler_GetBlockSize
--- PASS: TestPresenterStatusHandler_GetBlockSize (0.00s)
=== CONT  TestPresenterStatusHandler_Write
--- PASS: TestPresenterStatusHandler_Write (0.00s)
=== CONT  TestPresenterStatusHandler_TestSetString
--- PASS: TestPresenterStatusHandler_ConcurrentOperations (0.00s)
=== CONT  TestPresenterStatusHandler_TestSetInt64
=== CONT  TestPresenterStatusHandler_WrongTypeIncrementShouldDoNothing
=== CONT  TestPresenterStatusHandler_WrongKeyIncrementShouldDoNothing
=== CONT  TestPresenterStatusHandler_TestIncrement
=== CONT  TestPresenterStatusHandler_NewPresenterStatusHandler
=== CONT  TestPresenterStatusHandler_GetNetworkReceivedBytesInEpoch
=== CONT  TestPresenterStatusHandler_GetNetworkSendBytesInEpoch
=== CONT  TestPresenterStatusHandler_GetNetworkSentBpsPeak
=== CONT  TestPresenterStatusHandler_TestSetUInt64
=== CONT  TestPresenterStatusHandler_GetCurrentRoundTimestamp
=== CONT  TestPresenterStatusHandler_GetNetworkSentPercent
=== CONT  TestPresenterStatusHandler_GetNetworkRecvBpsPeak
=== CONT  TestPresenterStatusHandler_GetNetworkRecvBps
=== CONT  TestPresenterStatusHandler_GetNetworkRecvPercent
=== CONT  TestPresenterStatusHandler_GetMemUsedByNode
=== CONT  TestPresenterStatusHandler_GetTotalMem
=== CONT  TestPresenterStatusHandler_GetCpuLoadPercent
=== CONT  TestPresenterStatusHandler_GetRedundancyLevel
=== CONT  TestPresenterStatusHandler_GetNodeName
=== CONT  TestPresenterStatusHandler_GetNodeNameShouldReturnDefaultName
=== CONT  TestNewPresenterStatusHandler_GetNumShardHeadersProcessed
=== CONT  TestPresenterStatusHandler_CheckSoftwareVersion
=== CONT  TestPresenterStatusHandler_CheckSoftwareVersionNeedUpdate
--- PASS: TestPresenterStatusHandler_TestSetString (0.00s)
--- PASS: TestPresenterStatusHandler_TestSetInt64 (0.00s)
=== CONT  TestPresenterStatusHandler_GetCountAcceptedBlocks
--- PASS: TestPresenterStatusHandler_WrongTypeIncrementShouldDoNothing (0.00s)
--- PASS: TestPresenterStatusHandler_WrongKeyIncrementShouldDoNothing (0.00s)
=== CONT  TestPresenterStatusHandler_GetCountLeader
=== CONT  TestPresenterStatusHandler_GetCountConsensus
=== CONT  TestPresenterStatusHandler_GetShardId
=== CONT  TestPresenterStatusHandler_GetPublicKeyBlockSign
=== CONT  TestPresenterStatusHandler_GetNodeType
=== CONT  TestPresenterStatusHandler_GetAppVersion
=== CONT  TestGetTrieSyncNumBytesReceived
=== CONT  TestGetTrieSyncProcessedPercentage
=== RUN   TestGetTrieSyncProcessedPercentage/not_valid_num_estimated_nodes
=== PAUSE TestGetTrieSyncProcessedPercentage/not_valid_num_estimated_nodes
=== RUN   TestGetTrieSyncProcessedPercentage/num_nodes_higher_than_estimated_num_nodes,_should_return_100_percentage
=== PAUSE TestGetTrieSyncProcessedPercentage/num_nodes_higher_than_estimated_num_nodes,_should_return_100_percentage
=== CONT  TestPresenterStatusHandler_GetMemLoadPercent
=== CONT  TestPresenterStatusHandler_GetEpochInfoExtraRound
=== RUN   TestGetTrieSyncProcessedPercentage/should_work
=== PAUSE TestGetTrieSyncProcessedPercentage/should_work
--- PASS: TestPresenterStatusHandler_TestIncrement (0.00s)
=== CONT  TestPresenterStatusHandler_GetEpochInfo
=== CONT  TestPresenterStatusHandler_GetNumConnectedPeers
=== CONT  TestPresenterStatusHandler_GetNumShardHeadersInPool
=== CONT  TestPresenterStatusHandler_GetNumTxProcessed
=== CONT  TestPresenterStatusHandler_CalculateSynchronizationSpeedMultipleRoundsPerSecond
=== CONT  TestPresenterStatusHandler_CalculateSynchronizationSpeed
=== CONT  TestPresenterStatusHandler_CalculateTimeToSynchronize
=== CONT  TestPresenterStatusHandler_GetEpochInfoEndOfEpoch
=== CONT  TestPresenterStatusHandler_GetCurrentRound
--- PASS: TestPresenterStatusHandler_NewPresenterStatusHandler (0.00s)
--- PASS: TestPresenterStatusHandler_GetCurrentRound (0.00s)
=== CONT  TestPresenterStatusHandler_GetCurrentBlockHash
=== CONT  TestPresenterStatusHandler_GetSynchronizedRound
=== CONT  TestPresenterStatusHandler_GetConnectedNodes
=== CONT  TestPresenterStatusHandler_GetLiveValidatorNodes
=== CONT  TestPresenterStatusHandler_GetRoundTime
=== CONT  TestPresenterStatusHandler_GetTxPoolLoad
=== CONT  TestPresenterStatusHandler_GetProbableHighestNonce
=== CONT  TestPresenterStatusHandler_GetIsSyncing
=== CONT  TestGetTrieSyncProcessedPercentage/not_valid_num_estimated_nodes
=== CONT  TestGetTrieSyncProcessedPercentage/should_work
=== CONT  TestGetTrieSyncProcessedPercentage/num_nodes_higher_than_estimated_num_nodes,_should_return_100_percentage
=== CONT  TestPresenterStatusHandler_GetConsensusRoundStateState
=== CONT  TestPresenterStatusHandler_GetConsensusStateShouldReturnErrorMessageInvalidKey
=== CONT  TestPresenterStatusHandler_GetConsensusStateShouldReturnErrorMessageInvalidType
=== CONT  TestPresenterStatusHandler_GetConsensusState
=== CONT  TestPresenterStatusHandler_GetCrossCheckBlockHeight
=== CONT  TestPresenterStatusHandler_GetNumMiniBLocks
=== CONT  TestPresenterStatusHandler_GetNumTxShouldZeroIfIsNotSet
=== CONT  TestPresenterStatusHandler_GetNumTxInBlockShouldBeZero
=== CONT  TestPresenterStatusHandler_GetCountConsensusAcceptedBlocks
=== CONT  TestPresenterStatusHandler_Decrement
=== CONT  TestPresenterStatusHandler_WrongKeyDecrement
=== CONT  TestPresenterStatusHandler_GetLogLine
=== CONT  TestPresenterStatusHandler_GetNetworkSentBps
--- PASS: TestPresenterStatusHandler_GetNetworkReceivedBytesInEpoch (0.00s)
--- PASS: TestPresenterStatusHandler_GetNetworkSendBytesInEpoch (0.00s)
--- PASS: TestPresenterStatusHandler_GetNetworkSentBpsPeak (0.00s)
--- PASS: TestPresenterStatusHandler_TestSetUInt64 (0.00s)
--- PASS: TestPresenterStatusHandler_GetNetworkSentPercent (0.00s)
--- PASS: TestPresenterStatusHandler_GetCurrentRoundTimestamp (0.00s)
--- PASS: TestPresenterStatusHandler_GetNetworkRecvBpsPeak (0.00s)
--- PASS: TestPresenterStatusHandler_GetNetworkRecvBps (0.00s)
--- PASS: TestPresenterStatusHandler_GetNetworkRecvPercent (0.00s)
--- PASS: TestPresenterStatusHandler_GetTotalMem (0.00s)
--- PASS: TestPresenterStatusHandler_GetCpuLoadPercent (0.00s)
--- PASS: TestPresenterStatusHandler_GetRedundancyLevel (0.00s)
--- PASS: TestPresenterStatusHandler_GetMemUsedByNode (0.00s)
--- PASS: TestPresenterStatusHandler_GetNodeName (0.00s)
--- PASS: TestPresenterStatusHandler_GetNodeNameShouldReturnDefaultName (0.00s)
--- PASS: TestNewPresenterStatusHandler_GetNumShardHeadersProcessed (0.00s)
--- PASS: TestPresenterStatusHandler_CheckSoftwareVersion (0.00s)
--- PASS: TestPresenterStatusHandler_CheckSoftwareVersionNeedUpdate (0.00s)
--- PASS: TestPresenterStatusHandler_GetCountAcceptedBlocks (0.00s)
--- PASS: TestPresenterStatusHandler_GetCountLeader (0.00s)
--- PASS: TestPresenterStatusHandler_GetCountConsensus (0.00s)
--- PASS: TestPresenterStatusHandler_GetShardId (0.00s)
--- PASS: TestPresenterStatusHandler_GetPublicKeyBlockSign (0.00s)
--- PASS: TestPresenterStatusHandler_GetNodeType (0.00s)
--- PASS: TestPresenterStatusHandler_GetAppVersion (0.00s)
--- PASS: TestGetTrieSyncNumBytesReceived (0.00s)
--- PASS: TestPresenterStatusHandler_GetMemLoadPercent (0.00s)
--- PASS: TestPresenterStatusHandler_GetEpochInfoExtraRound (0.00s)
--- PASS: TestPresenterStatusHandler_GetEpochInfo (0.00s)
--- PASS: TestPresenterStatusHandler_GetNumConnectedPeers (0.00s)
--- PASS: TestPresenterStatusHandler_GetNumShardHeadersInPool (0.00s)
--- PASS: TestPresenterStatusHandler_GetNumTxProcessed (0.00s)
--- PASS: TestPresenterStatusHandler_CalculateSynchronizationSpeedMultipleRoundsPerSecond (0.00s)
--- PASS: TestPresenterStatusHandler_CalculateSynchronizationSpeed (0.00s)
--- PASS: TestPresenterStatusHandler_GetEpochInfoEndOfEpoch (0.00s)
--- PASS: TestPresenterStatusHandler_GetSynchronizedRound (0.00s)
--- PASS: TestPresenterStatusHandler_GetCurrentBlockHash (0.00s)
--- PASS: TestPresenterStatusHandler_GetConnectedNodes (0.00s)
--- PASS: TestPresenterStatusHandler_GetLiveValidatorNodes (0.00s)
--- PASS: TestPresenterStatusHandler_GetRoundTime (0.00s)
--- PASS: TestPresenterStatusHandler_GetTxPoolLoad (0.00s)
--- PASS: TestPresenterStatusHandler_GetProbableHighestNonce (0.00s)
--- PASS: TestPresenterStatusHandler_GetIsSyncing (0.00s)
--- PASS: TestGetTrieSyncProcessedPercentage (0.00s)
    --- PASS: TestGetTrieSyncProcessedPercentage/not_valid_num_estimated_nodes (0.00s)
    --- PASS: TestGetTrieSyncProcessedPercentage/should_work (0.00s)
    --- PASS: TestGetTrieSyncProcessedPercentage/num_nodes_higher_than_estimated_num_nodes,_should_return_100_percentage (0.00s)
--- PASS: TestPresenterStatusHandler_GetConsensusRoundStateState (0.00s)
--- PASS: TestPresenterStatusHandler_GetConsensusStateShouldReturnErrorMessageInvalidKey (0.00s)
--- PASS: TestPresenterStatusHandler_GetConsensusStateShouldReturnErrorMessageInvalidType (0.00s)
--- PASS: TestPresenterStatusHandler_GetConsensusState (0.00s)
--- PASS: TestPresenterStatusHandler_GetCrossCheckBlockHeight (0.00s)
--- PASS: TestPresenterStatusHandler_GetNumMiniBLocks (0.00s)
--- PASS: TestPresenterStatusHandler_GetNumTxShouldZeroIfIsNotSet (0.00s)
--- PASS: TestPresenterStatusHandler_GetNumTxInBlockShouldBeZero (0.00s)
--- PASS: TestPresenterStatusHandler_GetCountConsensusAcceptedBlocks (0.00s)
--- PASS: TestPresenterStatusHandler_Decrement (0.00s)
--- PASS: TestPresenterStatusHandler_WrongKeyDecrement (0.00s)
--- PASS: TestPresenterStatusHandler_GetNetworkSentBps (0.00s)
--- PASS: TestPresenterStatusHandler_GetLogLine (0.50s)
--- PASS: TestPresenterStatusHandler_CalculateTimeToSynchronize (1.00s)
PASS
ok  	github.com/TerraDharitri/drt-go-chain/cmd/termui/presenter	(cached)
?   	github.com/TerraDharitri/drt-go-chain/cmd/termui/view/termuic	[no test files]
=== RUN   TestWidgetsRender_prepareLogLines
=== PAUSE TestWidgetsRender_prepareLogLines
=== CONT  TestWidgetsRender_prepareLogLines
=== RUN   TestWidgetsRender_prepareLogLines/small_size_should_return_empty
=== PAUSE TestWidgetsRender_prepareLogLines/small_size_should_return_empty
=== RUN   TestWidgetsRender_prepareLogLines/equal_size_should_return_the_same_slice
=== PAUSE TestWidgetsRender_prepareLogLines/equal_size_should_return_the_same_slice
=== RUN   TestWidgetsRender_prepareLogLines/should_trim
=== PAUSE TestWidgetsRender_prepareLogLines/should_trim
=== CONT  TestWidgetsRender_prepareLogLines/small_size_should_return_empty
=== CONT  TestWidgetsRender_prepareLogLines/should_trim
=== CONT  TestWidgetsRender_prepareLogLines/equal_size_should_return_the_same_slice
--- PASS: TestWidgetsRender_prepareLogLines (0.00s)
    --- PASS: TestWidgetsRender_prepareLogLines/small_size_should_return_empty (0.00s)
    --- PASS: TestWidgetsRender_prepareLogLines/should_trim (0.00s)
    --- PASS: TestWidgetsRender_prepareLogLines/equal_size_should_return_the_same_slice (0.00s)
PASS
ok  	github.com/TerraDharitri/drt-go-chain/cmd/termui/view/termuic/termuiRenders	(cached)
=== RUN   TestGetClosedUnbufferedChannel
=== PAUSE TestGetClosedUnbufferedChannel
=== RUN   TestUsingUnbufferedChannelForNotifyingEvents
--- PASS: TestUsingUnbufferedChannelForNotifyingEvents (0.00s)
=== RUN   TestIsContextDone
=== PAUSE TestIsContextDone
=== RUN   TestModifiedHashes_Clone
=== PAUSE TestModifiedHashes_Clone
=== RUN   TestPidQueue_PushPopShouldWork
=== PAUSE TestPidQueue_PushPopShouldWork
=== RUN   TestPidQueue_IndexOfShouldWork
=== PAUSE TestPidQueue_IndexOfShouldWork
=== RUN   TestPidQueue_PromoteNoElementsShouldNotPanic
=== PAUSE TestPidQueue_PromoteNoElementsShouldNotPanic
=== RUN   TestPidQueue_PromoteOneElementShouldWork
=== PAUSE TestPidQueue_PromoteOneElementShouldWork
=== RUN   TestPidQueue_PromoteTwoElementsShouldWork
=== PAUSE TestPidQueue_PromoteTwoElementsShouldWork
=== RUN   TestPidQueue_PromoteThreeElementsShouldWork
=== PAUSE TestPidQueue_PromoteThreeElementsShouldWork
=== RUN   TestPidQueue_RemoveShouldWork
=== PAUSE TestPidQueue_RemoveShouldWork
=== RUN   TestPidQueue_DataSizeInBytes
=== PAUSE TestPidQueue_DataSizeInBytes
=== RUN   TestPidQueue_GetShouldWork
=== PAUSE TestPidQueue_GetShouldWork
=== RUN   TestPidQueue_LenShouldWork
=== PAUSE TestPidQueue_LenShouldWork
=== RUN   TestPidQueue_TestConcurrency
=== PAUSE TestPidQueue_TestConcurrency
=== RUN   TestPidQueue_IsInterfaceNil
=== PAUSE TestPidQueue_IsInterfaceNil
=== RUN   TestNewTimeoutHandler
=== PAUSE TestNewTimeoutHandler
=== RUN   TestTimeoutHandler_ResetWatchdog
=== PAUSE TestTimeoutHandler_ResetWatchdog
=== RUN   TestTimeoutHandler_IsTimeout
=== PAUSE TestTimeoutHandler_IsTimeout
=== RUN   TestExtractTokenIDAndNonceFromTokenStorageKey
=== PAUSE TestExtractTokenIDAndNonceFromTokenStorageKey
=== RUN   TestIsEmptyTrie
=== PAUSE TestIsEmptyTrie
=== RUN   TestIsValidRelayedTxV3
=== PAUSE TestIsValidRelayedTxV3
=== RUN   TestIsConsensusBitmapValid
=== PAUSE TestIsConsensusBitmapValid
=== RUN   TestIsEpochChangeBlockForFlagActivation
=== PAUSE TestIsEpochChangeBlockForFlagActivation
=== RUN   TestGetShardIDs
=== PAUSE TestGetShardIDs
=== RUN   TestGetBitmapSize
=== PAUSE TestGetBitmapSize
=== RUN   TestConsesusGroupSizeForShardAndEpoch
=== PAUSE TestConsesusGroupSizeForShardAndEpoch
=== RUN   TestLoadP2PConfig
=== PAUSE TestLoadP2PConfig
=== RUN   TestLoadMainConfig
=== PAUSE TestLoadMainConfig
=== RUN   TestLoadApiConfig
=== PAUSE TestLoadApiConfig
=== RUN   TestLoadEconomicsConfig
=== PAUSE TestLoadEconomicsConfig
=== RUN   TestLoadSystemSmartContractsConfig
=== PAUSE TestLoadSystemSmartContractsConfig
=== RUN   TestLoadRatingsConfig
=== PAUSE TestLoadRatingsConfig
=== RUN   TestLoadPreferencesConfig
=== PAUSE TestLoadPreferencesConfig
=== RUN   TestLoadExternalConfig
=== PAUSE TestLoadExternalConfig
=== RUN   TestLoadGasScheduleConfig
=== PAUSE TestLoadGasScheduleConfig
=== RUN   TestLoadRoundConfig
=== PAUSE TestLoadRoundConfig
=== RUN   TestLoadEpochConfig
=== PAUSE TestLoadEpochConfig
=== RUN   TestGetSkBytesFromP2pKey
=== PAUSE TestGetSkBytesFromP2pKey
=== RUN   TestGetNodeProcessingMode
=== PAUSE TestGetNodeProcessingMode
=== RUN   TestCalculateHash_NilMarshalizer
=== PAUSE TestCalculateHash_NilMarshalizer
=== RUN   TestCalculateHash_NilHasher
=== PAUSE TestCalculateHash_NilHasher
=== RUN   TestCalculateHash_ErrMarshalizer
=== PAUSE TestCalculateHash_ErrMarshalizer
=== RUN   TestCalculateHash_NilObject
=== PAUSE TestCalculateHash_NilObject
=== RUN   TestGetShardIdString
=== PAUSE TestGetShardIdString
=== RUN   TestEpochStartIdentifier
=== PAUSE TestEpochStartIdentifier
=== RUN   TestIsUnknownEpochIdentifier_InvalidIdentifierShouldReturnTrue
=== PAUSE TestIsUnknownEpochIdentifier_InvalidIdentifierShouldReturnTrue
=== RUN   TestIsUnknownEpochIdentifier_IdentifierNotNumericShouldReturnFalse
=== PAUSE TestIsUnknownEpochIdentifier_IdentifierNotNumericShouldReturnFalse
=== RUN   TestIsUnknownEpochIdentifier_OkIdentifierShouldReturnFalse
=== PAUSE TestIsUnknownEpochIdentifier_OkIdentifierShouldReturnFalse
=== RUN   TestIsUnknownEpochIdentifier_Ok
=== PAUSE TestIsUnknownEpochIdentifier_Ok
=== RUN   TestCalculateHash_Good
=== PAUSE TestCalculateHash_Good
=== RUN   TestSecondsToHourMinSec_ShouldWork
=== PAUSE TestSecondsToHourMinSec_ShouldWork
=== RUN   TestCommunicationIdentifierBetweenShards
Shard1: 0, Shard2: 0, identifier: _0
Shard1: 0, Shard2: 1, identifier: _0_1
Shard1: 0, Shard2: 2, identifier: _0_2
Shard1: 0, Shard2: 3, identifier: _0_3
Shard1: 0, Shard2: 4, identifier: _0_4
Shard1: 1, Shard2: 0, identifier: _0_1
Shard1: 1, Shard2: 1, identifier: _1
Shard1: 1, Shard2: 2, identifier: _1_2
Shard1: 1, Shard2: 3, identifier: _1_3
Shard1: 1, Shard2: 4, identifier: _1_4
Shard1: 2, Shard2: 0, identifier: _0_2
Shard1: 2, Shard2: 1, identifier: _1_2
Shard1: 2, Shard2: 2, identifier: _2
Shard1: 2, Shard2: 3, identifier: _2_3
Shard1: 2, Shard2: 4, identifier: _2_4
Shard1: 3, Shard2: 0, identifier: _0_3
Shard1: 3, Shard2: 1, identifier: _1_3
Shard1: 3, Shard2: 2, identifier: _2_3
Shard1: 3, Shard2: 3, identifier: _3
Shard1: 3, Shard2: 4, identifier: _3_4
Shard1: 4, Shard2: 0, identifier: _0_4
Shard1: 4, Shard2: 1, identifier: _1_4
Shard1: 4, Shard2: 2, identifier: _2_4
Shard1: 4, Shard2: 3, identifier: _3_4
Shard1: 4, Shard2: 4, identifier: _4
--- PASS: TestCommunicationIdentifierBetweenShards (0.00s)
=== RUN   TestCommunicationIdentifierBetweenShards_Metachain
--- PASS: TestCommunicationIdentifierBetweenShards_Metachain (0.00s)
=== RUN   TestConvertToEvenHex
=== PAUSE TestConvertToEvenHex
=== RUN   TestConvertToEvenHexBigInt
=== PAUSE TestConvertToEvenHexBigInt
=== RUN   TestConvertShardIDToUint32
=== PAUSE TestConvertShardIDToUint32
=== RUN   TestAssignShardForPubKeyWhenNotSpecified
=== PAUSE TestAssignShardForPubKeyWhenNotSpecified
=== RUN   TestAssignShardForPubKeyWhenNotSpecifiedShouldReturnSameShardForSameKey
=== PAUSE TestAssignShardForPubKeyWhenNotSpecifiedShouldReturnSameShardForSameKey
=== RUN   TestShardAssignment
    converters_test.go:303: 
--- SKIP: TestShardAssignment (0.00s)
=== RUN   TestProcessDestinationShardAsObserver
=== PAUSE TestProcessDestinationShardAsObserver
=== RUN   TestSuffixedMetric
=== PAUSE TestSuffixedMetric
=== RUN   TestIsEpochStartProofForFlagActivation
=== PAUSE TestIsEpochStartProofForFlagActivation
=== RUN   TestVerifyProofAgainstHeader
=== PAUSE TestVerifyProofAgainstHeader
=== RUN   TestGetEpochForConsensus
=== PAUSE TestGetEpochForConsensus
=== CONT  TestGetClosedUnbufferedChannel
=== CONT  TestAssignShardForPubKeyWhenNotSpecifiedShouldReturnSameShardForSameKey
=== CONT  TestIsUnknownEpochIdentifier_Ok
--- PASS: TestAssignShardForPubKeyWhenNotSpecifiedShouldReturnSameShardForSameKey (0.00s)
=== CONT  TestGetEpochForConsensus
--- PASS: TestIsUnknownEpochIdentifier_Ok (0.00s)
=== CONT  TestAssignShardForPubKeyWhenNotSpecified
--- PASS: TestGetEpochForConsensus (0.00s)
=== CONT  TestVerifyProofAgainstHeader
--- PASS: TestAssignShardForPubKeyWhenNotSpecified (0.00s)
=== CONT  TestProcessDestinationShardAsObserver
=== RUN   TestVerifyProofAgainstHeader/nil_proof_or_header
=== RUN   TestProcessDestinationShardAsObserver/empty_shard_should_error
=== PAUSE TestVerifyProofAgainstHeader/nil_proof_or_header
=== CONT  TestConvertToEvenHexBigInt
=== RUN   TestVerifyProofAgainstHeader/nonce_mismatch
=== PAUSE TestVerifyProofAgainstHeader/nonce_mismatch
=== RUN   TestVerifyProofAgainstHeader/round_mismatch
=== PAUSE TestVerifyProofAgainstHeader/round_mismatch
=== RUN   TestVerifyProofAgainstHeader/epoch_mismatch
=== PAUSE TestVerifyProofAgainstHeader/epoch_mismatch
=== RUN   TestVerifyProofAgainstHeader/shard_mismatch
=== PAUSE TestVerifyProofAgainstHeader/shard_mismatch
=== RUN   TestVerifyProofAgainstHeader/nonce_mismatch#01
=== PAUSE TestVerifyProofAgainstHeader/nonce_mismatch#01
=== RUN   TestVerifyProofAgainstHeader/should_work
=== PAUSE TestVerifyProofAgainstHeader/should_work
=== CONT  TestVerifyProofAgainstHeader/nil_proof_or_header
=== CONT  TestSecondsToHourMinSec_ShouldWork
--- PASS: TestSecondsToHourMinSec_ShouldWork (0.00s)
=== CONT  TestCalculateHash_Good
--- PASS: TestCalculateHash_Good (0.00s)
=== CONT  TestIsEpochStartProofForFlagActivation
--- PASS: TestIsEpochStartProofForFlagActivation (0.00s)
=== CONT  TestSuffixedMetric
--- PASS: TestSuffixedMetric (0.00s)
=== CONT  TestConvertToEvenHex
=== CONT  TestVerifyProofAgainstHeader/shard_mismatch
=== CONT  TestVerifyProofAgainstHeader/should_work
=== CONT  TestVerifyProofAgainstHeader/nonce_mismatch#01
=== CONT  TestVerifyProofAgainstHeader/round_mismatch
=== CONT  TestVerifyProofAgainstHeader/epoch_mismatch
=== CONT  TestGetBitmapSize
--- PASS: TestGetBitmapSize (0.00s)
=== CONT  TestIsUnknownEpochIdentifier_OkIdentifierShouldReturnFalse
--- PASS: TestIsUnknownEpochIdentifier_OkIdentifierShouldReturnFalse (0.00s)
=== CONT  TestIsUnknownEpochIdentifier_IdentifierNotNumericShouldReturnFalse
--- PASS: TestIsUnknownEpochIdentifier_IdentifierNotNumericShouldReturnFalse (0.00s)
=== CONT  TestIsUnknownEpochIdentifier_InvalidIdentifierShouldReturnTrue
--- PASS: TestIsUnknownEpochIdentifier_InvalidIdentifierShouldReturnTrue (0.00s)
=== CONT  TestEpochStartIdentifier
--- PASS: TestEpochStartIdentifier (0.00s)
=== CONT  TestGetShardIdString
--- PASS: TestGetShardIdString (0.00s)
=== CONT  TestCalculateHash_NilObject
--- PASS: TestCalculateHash_NilObject (0.00s)
=== CONT  TestCalculateHash_ErrMarshalizer
--- PASS: TestCalculateHash_ErrMarshalizer (0.00s)
=== CONT  TestCalculateHash_NilHasher
--- PASS: TestCalculateHash_NilHasher (0.00s)
=== CONT  TestCalculateHash_NilMarshalizer
--- PASS: TestCalculateHash_NilMarshalizer (0.00s)
=== CONT  TestGetNodeProcessingMode
--- PASS: TestGetNodeProcessingMode (0.00s)
=== CONT  TestGetSkBytesFromP2pKey
=== RUN   TestGetSkBytesFromP2pKey/empty_file_name_should_early_return
=== PAUSE TestGetSkBytesFromP2pKey/empty_file_name_should_early_return
=== RUN   TestGetSkBytesFromP2pKey/invalid_file_should_return_nil
=== PAUSE TestGetSkBytesFromP2pKey/invalid_file_should_return_nil
=== RUN   TestGetSkBytesFromP2pKey/invalid_file_content_should_error
=== PAUSE TestGetSkBytesFromP2pKey/invalid_file_content_should_error
=== RUN   TestGetSkBytesFromP2pKey/invalid_secret_key_should_error
=== PAUSE TestGetSkBytesFromP2pKey/invalid_secret_key_should_error
=== RUN   TestGetSkBytesFromP2pKey/should_work
=== PAUSE TestGetSkBytesFromP2pKey/should_work
=== CONT  TestGetSkBytesFromP2pKey/empty_file_name_should_early_return
=== CONT  TestLoadEpochConfig
=== RUN   TestLoadEpochConfig/invalid_file_should_error
=== PAUSE TestLoadEpochConfig/invalid_file_should_error
=== RUN   TestLoadEpochConfig/should_work
=== PAUSE TestLoadEpochConfig/should_work
=== CONT  TestLoadEpochConfig/invalid_file_should_error
=== CONT  TestLoadRoundConfig
=== RUN   TestLoadRoundConfig/invalid_file_should_error
=== PAUSE TestLoadRoundConfig/invalid_file_should_error
=== RUN   TestLoadRoundConfig/should_work
=== PAUSE TestLoadRoundConfig/should_work
=== CONT  TestLoadRoundConfig/invalid_file_should_error
=== CONT  TestLoadGasScheduleConfig
=== RUN   TestLoadGasScheduleConfig/invalid_file_should_error
=== PAUSE TestLoadGasScheduleConfig/invalid_file_should_error
=== RUN   TestLoadGasScheduleConfig/should_work
=== PAUSE TestLoadGasScheduleConfig/should_work
=== CONT  TestLoadGasScheduleConfig/invalid_file_should_error
=== CONT  TestLoadExternalConfig
=== RUN   TestLoadExternalConfig/invalid_file_should_error
=== PAUSE TestLoadExternalConfig/invalid_file_should_error
=== RUN   TestLoadExternalConfig/should_work
=== PAUSE TestLoadExternalConfig/should_work
=== CONT  TestLoadExternalConfig/invalid_file_should_error
=== CONT  TestLoadPreferencesConfig
=== RUN   TestLoadPreferencesConfig/invalid_file_should_error
=== PAUSE TestLoadPreferencesConfig/invalid_file_should_error
=== RUN   TestLoadPreferencesConfig/should_work
=== PAUSE TestLoadPreferencesConfig/should_work
=== CONT  TestLoadPreferencesConfig/invalid_file_should_error
=== CONT  TestLoadRatingsConfig
=== RUN   TestLoadRatingsConfig/invalid_file_should_error
=== PAUSE TestLoadRatingsConfig/invalid_file_should_error
=== RUN   TestLoadRatingsConfig/should_work
=== PAUSE TestLoadRatingsConfig/should_work
=== CONT  TestLoadRatingsConfig/invalid_file_should_error
=== CONT  TestLoadSystemSmartContractsConfig
=== RUN   TestLoadSystemSmartContractsConfig/invalid_file_should_error
=== PAUSE TestLoadSystemSmartContractsConfig/invalid_file_should_error
=== RUN   TestLoadSystemSmartContractsConfig/should_work
=== PAUSE TestLoadSystemSmartContractsConfig/should_work
=== CONT  TestLoadSystemSmartContractsConfig/invalid_file_should_error
=== CONT  TestLoadEconomicsConfig
=== RUN   TestLoadEconomicsConfig/invalid_file_should_error
=== PAUSE TestLoadEconomicsConfig/invalid_file_should_error
=== RUN   TestLoadEconomicsConfig/should_work
=== PAUSE TestLoadEconomicsConfig/should_work
=== CONT  TestLoadEconomicsConfig/invalid_file_should_error
=== CONT  TestLoadApiConfig
=== RUN   TestLoadApiConfig/invalid_file_should_error
=== PAUSE TestLoadApiConfig/invalid_file_should_error
=== RUN   TestLoadApiConfig/should_work
=== PAUSE TestLoadApiConfig/should_work
=== CONT  TestLoadApiConfig/invalid_file_should_error
=== CONT  TestLoadMainConfig
=== RUN   TestLoadMainConfig/invalid_file_should_error
=== PAUSE TestLoadMainConfig/invalid_file_should_error
=== CONT  TestLoadRoundConfig/should_work
=== CONT  TestLoadApiConfig/should_work
=== RUN   TestLoadMainConfig/should_work
=== PAUSE TestLoadMainConfig/should_work
=== CONT  TestLoadMainConfig/invalid_file_should_error
=== CONT  TestLoadGasScheduleConfig/should_work
=== CONT  TestLoadMainConfig/should_work
--- PASS: TestLoadRoundConfig (0.00s)
    --- PASS: TestLoadRoundConfig/invalid_file_should_error (0.00s)
    --- PASS: TestLoadRoundConfig/should_work (0.00s)
=== CONT  TestLoadP2PConfig
=== RUN   TestLoadP2PConfig/invalid_file_should_error
=== PAUSE TestLoadP2PConfig/invalid_file_should_error
=== RUN   TestLoadP2PConfig/should_work
=== PAUSE TestLoadP2PConfig/should_work
=== CONT  TestLoadP2PConfig/invalid_file_should_error
=== CONT  TestConsesusGroupSizeForShardAndEpoch
=== RUN   TestConsesusGroupSizeForShardAndEpoch/shard_node
=== PAUSE TestConsesusGroupSizeForShardAndEpoch/shard_node
=== RUN   TestConsesusGroupSizeForShardAndEpoch/meta_node
=== PAUSE TestConsesusGroupSizeForShardAndEpoch/meta_node
=== RUN   TestConsesusGroupSizeForShardAndEpoch/on_fail,_use_current_parameters
=== PAUSE TestConsesusGroupSizeForShardAndEpoch/on_fail,_use_current_parameters
=== CONT  TestConsesusGroupSizeForShardAndEpoch/shard_node
=== CONT  TestGetSkBytesFromP2pKey/should_work
=== CONT  TestGetSkBytesFromP2pKey/invalid_secret_key_should_error
--- PASS: TestGetClosedUnbufferedChannel (0.00s)
=== CONT  TestGetShardIDs
--- PASS: TestGetShardIDs (0.00s)
=== CONT  TestIsEpochChangeBlockForFlagActivation
--- PASS: TestIsEpochChangeBlockForFlagActivation (0.00s)
=== CONT  TestIsConsensusBitmapValid
=== RUN   TestIsConsensusBitmapValid/wrong_size_bitmap
=== PAUSE TestIsConsensusBitmapValid/wrong_size_bitmap
=== RUN   TestIsConsensusBitmapValid/not_enough_signatures
=== PAUSE TestIsConsensusBitmapValid/not_enough_signatures
=== RUN   TestIsConsensusBitmapValid/should_work
=== PAUSE TestIsConsensusBitmapValid/should_work
=== RUN   TestIsConsensusBitmapValid/should_work_with_fallback_validation
=== PAUSE TestIsConsensusBitmapValid/should_work_with_fallback_validation
=== CONT  TestIsConsensusBitmapValid/wrong_size_bitmap
=== CONT  TestIsValidRelayedTxV3
--- PASS: TestIsValidRelayedTxV3 (0.00s)
=== CONT  TestIsEmptyTrie
=== RUN   TestIsEmptyTrie/test_nil_root
=== PAUSE TestIsEmptyTrie/test_nil_root
=== RUN   TestIsEmptyTrie/test_empty_root
=== PAUSE TestIsEmptyTrie/test_empty_root
=== RUN   TestIsEmptyTrie/test_empty_root_hash
=== PAUSE TestIsEmptyTrie/test_empty_root_hash
=== RUN   TestIsEmptyTrie/should_work
=== PAUSE TestIsEmptyTrie/should_work
=== CONT  TestIsEmptyTrie/test_nil_root
=== CONT  TestExtractTokenIDAndNonceFromTokenStorageKey
=== RUN   TestExtractTokenIDAndNonceFromTokenStorageKey/regular_dcdt,_should_work
=== PAUSE TestExtractTokenIDAndNonceFromTokenStorageKey/regular_dcdt,_should_work
=== RUN   TestExtractTokenIDAndNonceFromTokenStorageKey/non_fungible,_should_work
=== PAUSE TestExtractTokenIDAndNonceFromTokenStorageKey/non_fungible,_should_work
=== RUN   TestExtractTokenIDAndNonceFromTokenStorageKey/malformed_keys,_should_be_treated_correctly
=== PAUSE TestExtractTokenIDAndNonceFromTokenStorageKey/malformed_keys,_should_be_treated_correctly
=== RUN   TestExtractTokenIDAndNonceFromTokenStorageKey/test_for_edge_case_when_the_nonce_is_the_hyphen_ascii_char
=== PAUSE TestExtractTokenIDAndNonceFromTokenStorageKey/test_for_edge_case_when_the_nonce_is_the_hyphen_ascii_char
=== CONT  TestExtractTokenIDAndNonceFromTokenStorageKey/regular_dcdt,_should_work
=== CONT  TestTimeoutHandler_IsTimeout
--- PASS: TestTimeoutHandler_IsTimeout (0.00s)
=== CONT  TestTimeoutHandler_ResetWatchdog
--- PASS: TestTimeoutHandler_ResetWatchdog (0.00s)
=== CONT  TestNewTimeoutHandler
--- PASS: TestNewTimeoutHandler (0.00s)
=== CONT  TestPidQueue_IsInterfaceNil
--- PASS: TestPidQueue_IsInterfaceNil (0.00s)
=== CONT  TestPidQueue_TestConcurrency
=== CONT  TestConvertShardIDToUint32
=== CONT  TestLoadPreferencesConfig/should_work
=== CONT  TestLoadRatingsConfig/should_work
=== CONT  TestLoadSystemSmartContractsConfig/should_work
=== CONT  TestLoadEconomicsConfig/should_work
=== CONT  TestGetSkBytesFromP2pKey/invalid_file_should_return_nil
=== CONT  TestLoadEpochConfig/should_work
=== CONT  TestLoadExternalConfig/should_work
--- PASS: TestConvertShardIDToUint32 (0.00s)
=== CONT  TestPidQueue_LenShouldWork
--- PASS: TestPidQueue_LenShouldWork (0.00s)
--- PASS: TestLoadApiConfig (0.00s)
    --- PASS: TestLoadApiConfig/invalid_file_should_error (0.00s)
    --- PASS: TestLoadApiConfig/should_work (0.00s)
=== CONT  TestGetSkBytesFromP2pKey/invalid_file_content_should_error
=== PAUSE TestProcessDestinationShardAsObserver/empty_shard_should_error
=== RUN   TestProcessDestinationShardAsObserver/disabled_shard_should_return_disabled
=== PAUSE TestProcessDestinationShardAsObserver/disabled_shard_should_return_disabled
=== RUN   TestProcessDestinationShardAsObserver/metachain_should_return_metachain
=== PAUSE TestProcessDestinationShardAsObserver/metachain_should_return_metachain
=== RUN   TestProcessDestinationShardAsObserver/MeTaChAiN_should_return_metachain
=== PAUSE TestProcessDestinationShardAsObserver/MeTaChAiN_should_return_metachain
=== RUN   TestProcessDestinationShardAsObserver/METACHAIN_should_return_metachain
=== PAUSE TestProcessDestinationShardAsObserver/METACHAIN_should_return_metachain
=== RUN   TestProcessDestinationShardAsObserver/invalid_uint_should_error
=== PAUSE TestProcessDestinationShardAsObserver/invalid_uint_should_error
=== RUN   TestProcessDestinationShardAsObserver/should_work
=== PAUSE TestProcessDestinationShardAsObserver/should_work
--- PASS: TestLoadEconomicsConfig (0.00s)
    --- PASS: TestLoadEconomicsConfig/invalid_file_should_error (0.00s)
    --- PASS: TestLoadEconomicsConfig/should_work (0.00s)
--- PASS: TestLoadSystemSmartContractsConfig (0.00s)
    --- PASS: TestLoadSystemSmartContractsConfig/invalid_file_should_error (0.00s)
    --- PASS: TestLoadSystemSmartContractsConfig/should_work (0.00s)
=== CONT  TestPidQueue_IndexOfShouldWork
--- PASS: TestPidQueue_IndexOfShouldWork (0.00s)
=== CONT  TestPidQueue_PushPopShouldWork
--- PASS: TestPidQueue_PushPopShouldWork (0.00s)
=== CONT  TestModifiedHashes_Clone
--- PASS: TestModifiedHashes_Clone (0.00s)
=== CONT  TestIsContextDone
=== RUN   TestIsContextDone/valid_context_tests
=== RUN   TestIsContextDone/nil_context
--- PASS: TestIsContextDone (0.00s)
    --- PASS: TestIsContextDone/valid_context_tests (0.00s)
    --- PASS: TestIsContextDone/nil_context (0.00s)
=== CONT  TestPidQueue_GetShouldWork
--- PASS: TestPidQueue_GetShouldWork (0.00s)
=== CONT  TestIsConsensusBitmapValid/should_work
=== CONT  TestIsConsensusBitmapValid/not_enough_signatures
--- PASS: TestLoadEpochConfig (0.00s)
    --- PASS: TestLoadEpochConfig/invalid_file_should_error (0.00s)
    --- PASS: TestLoadEpochConfig/should_work (0.00s)
=== CONT  TestIsConsensusBitmapValid/should_work_with_fallback_validation
--- PASS: TestIsConsensusBitmapValid (0.00s)
    --- PASS: TestIsConsensusBitmapValid/wrong_size_bitmap (0.00s)
    --- PASS: TestIsConsensusBitmapValid/should_work (0.00s)
    --- PASS: TestIsConsensusBitmapValid/not_enough_signatures (0.00s)
    --- PASS: TestIsConsensusBitmapValid/should_work_with_fallback_validation (0.00s)
=== CONT  TestVerifyProofAgainstHeader/nonce_mismatch
--- PASS: TestVerifyProofAgainstHeader (0.00s)
    --- PASS: TestVerifyProofAgainstHeader/nil_proof_or_header (0.00s)
    --- PASS: TestVerifyProofAgainstHeader/shard_mismatch (0.00s)
    --- PASS: TestVerifyProofAgainstHeader/should_work (0.00s)
    --- PASS: TestVerifyProofAgainstHeader/nonce_mismatch#01 (0.00s)
    --- PASS: TestVerifyProofAgainstHeader/round_mismatch (0.00s)
    --- PASS: TestVerifyProofAgainstHeader/epoch_mismatch (0.00s)
    --- PASS: TestVerifyProofAgainstHeader/nonce_mismatch (0.00s)
=== CONT  TestIsEmptyTrie/should_work
=== CONT  TestExtractTokenIDAndNonceFromTokenStorageKey/test_for_edge_case_when_the_nonce_is_the_hyphen_ascii_char
=== CONT  TestExtractTokenIDAndNonceFromTokenStorageKey/malformed_keys,_should_be_treated_correctly
=== CONT  TestExtractTokenIDAndNonceFromTokenStorageKey/non_fungible,_should_work
--- PASS: TestExtractTokenIDAndNonceFromTokenStorageKey (0.00s)
    --- PASS: TestExtractTokenIDAndNonceFromTokenStorageKey/regular_dcdt,_should_work (0.00s)
    --- PASS: TestExtractTokenIDAndNonceFromTokenStorageKey/test_for_edge_case_when_the_nonce_is_the_hyphen_ascii_char (0.00s)
    --- PASS: TestExtractTokenIDAndNonceFromTokenStorageKey/malformed_keys,_should_be_treated_correctly (0.00s)
    --- PASS: TestExtractTokenIDAndNonceFromTokenStorageKey/non_fungible,_should_work (0.00s)
--- PASS: TestLoadPreferencesConfig (0.00s)
    --- PASS: TestLoadPreferencesConfig/invalid_file_should_error (0.00s)
    --- PASS: TestLoadPreferencesConfig/should_work (0.00s)
=== CONT  TestIsEmptyTrie/test_empty_root_hash
=== CONT  TestProcessDestinationShardAsObserver/should_work
=== CONT  TestProcessDestinationShardAsObserver/invalid_uint_should_error
=== CONT  TestProcessDestinationShardAsObserver/METACHAIN_should_return_metachain
=== CONT  TestProcessDestinationShardAsObserver/MeTaChAiN_should_return_metachain
=== CONT  TestProcessDestinationShardAsObserver/metachain_should_return_metachain
=== CONT  TestProcessDestinationShardAsObserver/disabled_shard_should_return_disabled
=== CONT  TestPidQueue_DataSizeInBytes
--- PASS: TestPidQueue_DataSizeInBytes (0.00s)
=== CONT  TestPidQueue_RemoveShouldWork
--- PASS: TestPidQueue_RemoveShouldWork (0.00s)
=== CONT  TestPidQueue_PromoteThreeElementsShouldWork
--- PASS: TestPidQueue_PromoteThreeElementsShouldWork (0.00s)
=== CONT  TestPidQueue_PromoteTwoElementsShouldWork
--- PASS: TestPidQueue_PromoteTwoElementsShouldWork (0.00s)
=== CONT  TestPidQueue_PromoteOneElementShouldWork
--- PASS: TestPidQueue_PromoteOneElementShouldWork (0.00s)
=== CONT  TestPidQueue_PromoteNoElementsShouldNotPanic
--- PASS: TestPidQueue_PromoteNoElementsShouldNotPanic (0.00s)
=== CONT  TestIsEmptyTrie/test_empty_root
--- PASS: TestIsEmptyTrie (0.00s)
    --- PASS: TestIsEmptyTrie/test_nil_root (0.00s)
    --- PASS: TestIsEmptyTrie/should_work (0.00s)
    --- PASS: TestIsEmptyTrie/test_empty_root_hash (0.00s)
    --- PASS: TestIsEmptyTrie/test_empty_root (0.00s)
=== CONT  TestProcessDestinationShardAsObserver/empty_shard_should_error
--- PASS: TestProcessDestinationShardAsObserver (0.02s)
    --- PASS: TestProcessDestinationShardAsObserver/should_work (0.00s)
    --- PASS: TestProcessDestinationShardAsObserver/invalid_uint_should_error (0.00s)
    --- PASS: TestProcessDestinationShardAsObserver/METACHAIN_should_return_metachain (0.00s)
    --- PASS: TestProcessDestinationShardAsObserver/MeTaChAiN_should_return_metachain (0.00s)
    --- PASS: TestProcessDestinationShardAsObserver/metachain_should_return_metachain (0.00s)
    --- PASS: TestProcessDestinationShardAsObserver/disabled_shard_should_return_disabled (0.00s)
    --- PASS: TestProcessDestinationShardAsObserver/empty_shard_should_error (0.00s)
--- PASS: TestLoadRatingsConfig (0.00s)
    --- PASS: TestLoadRatingsConfig/invalid_file_should_error (0.00s)
    --- PASS: TestLoadRatingsConfig/should_work (0.00s)
=== CONT  TestLoadP2PConfig/should_work
--- PASS: TestLoadExternalConfig (0.00s)
    --- PASS: TestLoadExternalConfig/invalid_file_should_error (0.00s)
    --- PASS: TestLoadExternalConfig/should_work (0.00s)
--- PASS: TestLoadGasScheduleConfig (0.00s)
    --- PASS: TestLoadGasScheduleConfig/invalid_file_should_error (0.00s)
    --- PASS: TestLoadGasScheduleConfig/should_work (0.01s)
--- PASS: TestLoadMainConfig (0.00s)
    --- PASS: TestLoadMainConfig/invalid_file_should_error (0.00s)
    --- PASS: TestLoadMainConfig/should_work (0.01s)
=== CONT  TestConsesusGroupSizeForShardAndEpoch/on_fail,_use_current_parameters
=== CONT  TestConsesusGroupSizeForShardAndEpoch/meta_node
--- PASS: TestConsesusGroupSizeForShardAndEpoch (0.00s)
    --- PASS: TestConsesusGroupSizeForShardAndEpoch/shard_node (0.00s)
    --- PASS: TestConsesusGroupSizeForShardAndEpoch/on_fail,_use_current_parameters (0.00s)
    --- PASS: TestConsesusGroupSizeForShardAndEpoch/meta_node (0.00s)
--- PASS: TestGetSkBytesFromP2pKey (0.00s)
    --- PASS: TestGetSkBytesFromP2pKey/empty_file_name_should_early_return (0.00s)
    --- PASS: TestGetSkBytesFromP2pKey/should_work (0.00s)
    --- PASS: TestGetSkBytesFromP2pKey/invalid_secret_key_should_error (0.00s)
    --- PASS: TestGetSkBytesFromP2pKey/invalid_file_should_return_nil (0.00s)
    --- PASS: TestGetSkBytesFromP2pKey/invalid_file_content_should_error (0.00s)
--- PASS: TestLoadP2PConfig (0.00s)
    --- PASS: TestLoadP2PConfig/invalid_file_should_error (0.00s)
    --- PASS: TestLoadP2PConfig/should_work (0.00s)
--- PASS: TestConvertToEvenHexBigInt (0.10s)
--- PASS: TestConvertToEvenHex (0.10s)
--- PASS: TestPidQueue_TestConcurrency (1.02s)
PASS
ok  	github.com/TerraDharitri/drt-go-chain/common	(cached)
=== RUN   TestNewChainParametersNotifier
=== PAUSE TestNewChainParametersNotifier
=== RUN   TestChainParametersNotifier_UpdateCurrentChainParameters
=== PAUSE TestChainParametersNotifier_UpdateCurrentChainParameters
=== RUN   TestChainParametersNotifier_RegisterNotifyHandler
=== PAUSE TestChainParametersNotifier_RegisterNotifyHandler
=== RUN   TestChainParametersNotifier_UnRegisterAll
=== PAUSE TestChainParametersNotifier_UnRegisterAll
=== RUN   TestChainParametersNotifier_ConcurrentOperations
=== PAUSE TestChainParametersNotifier_ConcurrentOperations
=== CONT  TestNewChainParametersNotifier
--- PASS: TestNewChainParametersNotifier (0.00s)
=== CONT  TestChainParametersNotifier_ConcurrentOperations
=== CONT  TestChainParametersNotifier_UnRegisterAll
--- PASS: TestChainParametersNotifier_UnRegisterAll (0.00s)
=== CONT  TestChainParametersNotifier_RegisterNotifyHandler
--- PASS: TestChainParametersNotifier_RegisterNotifyHandler (0.00s)
=== CONT  TestChainParametersNotifier_UpdateCurrentChainParameters
--- PASS: TestChainParametersNotifier_UpdateCurrentChainParameters (0.00s)
--- PASS: TestChainParametersNotifier_ConcurrentOperations (0.00s)
PASS
ok  	github.com/TerraDharitri/drt-go-chain/common/chainparametersnotifier	(cached)
?   	github.com/TerraDharitri/drt-go-chain/common/crypto	[no test files]
=== RUN   TestSortIntSlice
--- PASS: TestSortIntSlice (0.00s)
=== RUN   TestSortFloat64Slice
--- PASS: TestSortFloat64Slice (0.00s)
=== RUN   TestSortStringSlice
--- PASS: TestSortStringSlice (0.00s)
=== RUN   TestInts
--- PASS: TestInts (0.00s)
=== RUN   TestFloat64s
--- PASS: TestFloat64s (0.00s)
=== RUN   TestStrings
--- PASS: TestStrings (0.00s)
=== RUN   TestSlice
--- PASS: TestSlice (0.00s)
=== RUN   TestSortLarge_Random
--- PASS: TestSortLarge_Random (0.00s)
=== RUN   TestReverseSortIntSlice
--- PASS: TestReverseSortIntSlice (0.00s)
=== RUN   TestNonDeterministicComparison
--- PASS: TestNonDeterministicComparison (0.00s)
=== RUN   TestSortBM
--- PASS: TestSortBM (0.01s)
=== RUN   TestAdversary
--- PASS: TestAdversary (0.00s)
=== RUN   TestCountSortOps
    quickSorter_test.go:398: Sort        100 elements:         148 Swap,        577 Less
    quickSorter_test.go:398: Sort        300 elements:         593 Swap,       2207 Less
    quickSorter_test.go:398: Sort       1000 elements:        2378 Swap,       9247 Less
    quickSorter_test.go:398: Sort       3000 elements:        8283 Swap,      32801 Less
    quickSorter_test.go:398: Sort      10000 elements:       32154 Swap,     130911 Less
--- PASS: TestCountSortOps (0.00s)
=== RUN   TestSortSlice
=== PAUSE TestSortSlice
=== CONT  TestSortSlice
=== RUN   TestSortSlice/0_or_negative_length_should_not_panic
=== PAUSE TestSortSlice/0_or_negative_length_should_not_panic
=== RUN   TestSortSlice/should_work
=== PAUSE TestSortSlice/should_work
=== CONT  TestSortSlice/0_or_negative_length_should_not_panic
=== CONT  TestSortSlice/should_work
--- PASS: TestSortSlice (0.00s)
    --- PASS: TestSortSlice/0_or_negative_length_should_not_panic (0.00s)
    --- PASS: TestSortSlice/should_work (0.00s)
PASS
ok  	github.com/TerraDharitri/drt-go-chain/common/compatibility	(cached)
=== RUN   TestAppStatusHandler_MethodsShouldNotPanic
=== PAUSE TestAppStatusHandler_MethodsShouldNotPanic
=== RUN   TestOrderedCollection_MethodsShouldNotPanic
=== PAUSE TestOrderedCollection_MethodsShouldNotPanic
=== RUN   TestProcessStatusHandler_MethodsShouldNotPanic
=== PAUSE TestProcessStatusHandler_MethodsShouldNotPanic
=== CONT  TestAppStatusHandler_MethodsShouldNotPanic
--- PASS: TestAppStatusHandler_MethodsShouldNotPanic (0.00s)
=== CONT  TestProcessStatusHandler_MethodsShouldNotPanic
--- PASS: TestProcessStatusHandler_MethodsShouldNotPanic (0.00s)
=== CONT  TestOrderedCollection_MethodsShouldNotPanic
--- PASS: TestOrderedCollection_MethodsShouldNotPanic (0.00s)
PASS
ok  	github.com/TerraDharitri/drt-go-chain/common/disabled	(cached)
=== RUN   TestNewEnableEpochsHandler
=== PAUSE TestNewEnableEpochsHandler
=== RUN   TestNewEnableEpochsHandler_GetCurrentEpoch
=== PAUSE TestNewEnableEpochsHandler_GetCurrentEpoch
=== RUN   TestEnableEpochsHandler_IsFlagDefined
=== PAUSE TestEnableEpochsHandler_IsFlagDefined
=== RUN   TestEnableEpochsHandler_IsFlagEnabledInEpoch
=== PAUSE TestEnableEpochsHandler_IsFlagEnabledInEpoch
=== RUN   TestEnableEpochsHandler_IsFlagEnabled
=== PAUSE TestEnableEpochsHandler_IsFlagEnabled
=== RUN   TestEnableEpochsHandler_GetActivationEpoch
=== PAUSE TestEnableEpochsHandler_GetActivationEpoch
=== RUN   TestEnableEpochsHandler_IsInterfaceNil
=== PAUSE TestEnableEpochsHandler_IsInterfaceNil
=== RUN   TestNewEnableRoundsHandler
=== PAUSE TestNewEnableRoundsHandler
=== RUN   TestFlagsHolder_DisableAsyncCallV1Enabled
=== PAUSE TestFlagsHolder_DisableAsyncCallV1Enabled
=== CONT  TestNewEnableEpochsHandler
=== RUN   TestNewEnableEpochsHandler/nil_epoch_notifier_should_error
=== PAUSE TestNewEnableEpochsHandler/nil_epoch_notifier_should_error
=== RUN   TestNewEnableEpochsHandler/should_work
=== PAUSE TestNewEnableEpochsHandler/should_work
=== CONT  TestNewEnableEpochsHandler/nil_epoch_notifier_should_error
=== CONT  TestFlagsHolder_DisableAsyncCallV1Enabled
=== RUN   TestFlagsHolder_DisableAsyncCallV1Enabled/should_work:_config_round_0
=== PAUSE TestFlagsHolder_DisableAsyncCallV1Enabled/should_work:_config_round_0
=== RUN   TestFlagsHolder_DisableAsyncCallV1Enabled/should_work:_config_round_1
=== PAUSE TestFlagsHolder_DisableAsyncCallV1Enabled/should_work:_config_round_1
=== CONT  TestFlagsHolder_DisableAsyncCallV1Enabled/should_work:_config_round_0
=== CONT  TestNewEnableRoundsHandler
=== RUN   TestNewEnableRoundsHandler/invalid_config:_empty_(unloaded)_round_config
=== PAUSE TestNewEnableRoundsHandler/invalid_config:_empty_(unloaded)_round_config
=== RUN   TestNewEnableRoundsHandler/invalid_round_string
=== PAUSE TestNewEnableRoundsHandler/invalid_round_string
=== RUN   TestNewEnableRoundsHandler/should_work:_round_0
=== PAUSE TestNewEnableRoundsHandler/should_work:_round_0
=== RUN   TestNewEnableRoundsHandler/should_work:_round_non-zero
=== PAUSE TestNewEnableRoundsHandler/should_work:_round_non-zero
=== CONT  TestNewEnableRoundsHandler/invalid_config:_empty_(unloaded)_round_config
=== CONT  TestEnableEpochsHandler_IsInterfaceNil
--- PASS: TestEnableEpochsHandler_IsInterfaceNil (0.00s)
=== CONT  TestEnableEpochsHandler_GetActivationEpoch
[0;33mWARN [0m[2026-03-16 10:13:33.989]   GetActivationEpoch: programming error, got unknown flag [0;33mflag[0m = dummy flag [0;33mstack trace[0m = goroutine 25 [running]:
runtime/debug.Stack()
	/usr/local/go/src/runtime/debug/stack.go:26 +0x5e
github.com/TerraDharitri/drt-go-chain/common/enablers.(*enableEpochsHandler).GetActivationEpoch(0x8d6e18?, {0x83cd42, 0xa})
	/home/dharitri/Dharitri-repos/Drt-repos/Go/Finished/Publish_Required/drt-go-chain/common/enablers/enableEpochsHandler.go:914 +0x45
github.com/TerraDharitri/drt-go-chain/common/enablers.TestEnableEpochsHandler_GetActivationEpoch(0xc0001cda00)
	/home/dharitri/Dharitri-repos/Drt-repos/Go/Finished/Publish_Required/drt-go-chain/common/enablers/enableEpochsHandler_test.go:354 +0xec
testing.tRunner(0xc0001cda00, 0x872e98)
	/usr/local/go/src/testing/testing.go:1690 +0xf4
created by testing.(*T).Run in goroutine 1
	/usr/local/go/src/testing/testing.go:1743 +0x390
 
--- PASS: TestEnableEpochsHandler_GetActivationEpoch (0.00s)
=== CONT  TestEnableEpochsHandler_IsFlagEnabled
--- PASS: TestEnableEpochsHandler_IsFlagEnabled (0.00s)
=== CONT  TestEnableEpochsHandler_IsFlagEnabledInEpoch
[0;33mWARN [0m[2026-03-16 10:13:33.990]   IsFlagEnabledInEpoch: programming error, got unknown flag [0;33mflag[0m = new flag [0;33mepoch[0m = 0 [0;33mstack trace[0m = goroutine 23 [running]:
runtime/debug.Stack()
	/usr/local/go/src/runtime/debug/stack.go:26 +0x5e
github.com/TerraDharitri/drt-go-chain/common/enablers.(*enableEpochsHandler).IsFlagEnabledInEpoch(0x8d6e18?, {0x83be27, 0x8}, 0x0)
	/home/dharitri/Dharitri-repos/Drt-repos/Go/Finished/Publish_Required/drt-go-chain/common/enablers/enableEpochsHandler.go:901 +0x52
github.com/TerraDharitri/drt-go-chain/common/enablers.TestEnableEpochsHandler_IsFlagEnabledInEpoch(0xc0001cd6c0)
	/home/dharitri/Dharitri-repos/Drt-repos/Go/Finished/Publish_Required/drt-go-chain/common/enablers/enableEpochsHandler_test.go:200 +0x1a9
testing.tRunner(0xc0001cd6c0, 0x872eb0)
	/usr/local/go/src/testing/testing.go:1690 +0xf4
created by testing.(*T).Run in goroutine 1
	/usr/local/go/src/testing/testing.go:1743 +0x390
 
--- PASS: TestEnableEpochsHandler_IsFlagEnabledInEpoch (0.00s)
=== CONT  TestEnableEpochsHandler_IsFlagDefined
[0;31mERROR[0m[2026-03-16 10:13:33.990]   programming error, flag is not defined   [0;31mflag[0m = new flag [0;31mstack trace[0m = goroutine 22 [running]:
runtime/debug.Stack()
	/usr/local/go/src/runtime/debug/stack.go:26 +0x5e
github.com/TerraDharitri/drt-go-chain/common/enablers.(*enableEpochsHandler).IsFlagDefined(0x8d6e18?, {0x83be27, 0x8})
	/home/dharitri/Dharitri-repos/Drt-repos/Go/Finished/Publish_Required/drt-go-chain/common/enablers/enableEpochsHandler.go:881 +0x45
github.com/TerraDharitri/drt-go-chain/common/enablers.TestEnableEpochsHandler_IsFlagDefined(0xc0001cd520)
	/home/dharitri/Dharitri-repos/Drt-repos/Go/Finished/Publish_Required/drt-go-chain/common/enablers/enableEpochsHandler_test.go:187 +0x125
testing.tRunner(0xc0001cd520, 0x872ea0)
	/usr/local/go/src/testing/testing.go:1690 +0xf4
created by testing.(*T).Run in goroutine 1
	/usr/local/go/src/testing/testing.go:1743 +0x390
 
--- PASS: TestEnableEpochsHandler_IsFlagDefined (0.00s)
=== CONT  TestNewEnableEpochsHandler_GetCurrentEpoch
--- PASS: TestNewEnableEpochsHandler_GetCurrentEpoch (0.00s)
=== CONT  TestNewEnableEpochsHandler/should_work
--- PASS: TestNewEnableEpochsHandler (0.00s)
    --- PASS: TestNewEnableEpochsHandler/nil_epoch_notifier_should_error (0.00s)
    --- PASS: TestNewEnableEpochsHandler/should_work (0.00s)
=== CONT  TestFlagsHolder_DisableAsyncCallV1Enabled/should_work:_config_round_1
--- PASS: TestFlagsHolder_DisableAsyncCallV1Enabled (0.00s)
    --- PASS: TestFlagsHolder_DisableAsyncCallV1Enabled/should_work:_config_round_0 (0.00s)
    --- PASS: TestFlagsHolder_DisableAsyncCallV1Enabled/should_work:_config_round_1 (0.00s)
=== CONT  TestNewEnableRoundsHandler/should_work:_round_non-zero
=== CONT  TestNewEnableRoundsHandler/should_work:_round_0
=== CONT  TestNewEnableRoundsHandler/invalid_round_string
--- PASS: TestNewEnableRoundsHandler (0.00s)
    --- PASS: TestNewEnableRoundsHandler/invalid_config:_empty_(unloaded)_round_config (0.00s)
    --- PASS: TestNewEnableRoundsHandler/should_work:_round_non-zero (0.00s)
    --- PASS: TestNewEnableRoundsHandler/should_work:_round_0 (0.00s)
    --- PASS: TestNewEnableRoundsHandler/invalid_round_string (0.00s)
PASS
ok  	github.com/TerraDharitri/drt-go-chain/common/enablers	(cached)
=== RUN   TestNewErrChan
=== PAUSE TestNewErrChan
=== RUN   TestErrChan_WriteInChanNonBlocking
=== PAUSE TestErrChan_WriteInChanNonBlocking
=== RUN   TestErrChan_ReadFromChanNonBlocking
=== PAUSE TestErrChan_ReadFromChanNonBlocking
=== RUN   TestErrChan_Close
=== PAUSE TestErrChan_Close
=== RUN   TestErrChan_Len
=== PAUSE TestErrChan_Len
=== RUN   TestErrChan_ConcurrentOperations
=== PAUSE TestErrChan_ConcurrentOperations
=== CONT  TestNewErrChan
--- PASS: TestNewErrChan (0.00s)
=== CONT  TestErrChan_ConcurrentOperations
=== CONT  TestErrChan_Len
--- PASS: TestErrChan_Len (0.00s)
=== CONT  TestErrChan_Close
=== RUN   TestErrChan_Close/close_an_already_closed_channel
=== PAUSE TestErrChan_Close/close_an_already_closed_channel
=== RUN   TestErrChan_Close/close_a_nil_channel
=== PAUSE TestErrChan_Close/close_a_nil_channel
=== CONT  TestErrChan_Close/close_an_already_closed_channel
=== CONT  TestErrChan_ReadFromChanNonBlocking
--- PASS: TestErrChan_ReadFromChanNonBlocking (0.00s)
=== CONT  TestErrChan_WriteInChanNonBlocking
=== RUN   TestErrChan_WriteInChanNonBlocking/write_in_a_nil_channel
=== PAUSE TestErrChan_WriteInChanNonBlocking/write_in_a_nil_channel
=== RUN   TestErrChan_WriteInChanNonBlocking/write_in_a_closed_channel
=== PAUSE TestErrChan_WriteInChanNonBlocking/write_in_a_closed_channel
=== RUN   TestErrChan_WriteInChanNonBlocking/should_work
=== CONT  TestErrChan_WriteInChanNonBlocking/write_in_a_nil_channel
=== CONT  TestErrChan_Close/close_a_nil_channel
--- PASS: TestErrChan_Close (0.00s)
    --- PASS: TestErrChan_Close/close_an_already_closed_channel (0.00s)
    --- PASS: TestErrChan_Close/close_a_nil_channel (0.00s)
=== CONT  TestErrChan_WriteInChanNonBlocking/write_in_a_closed_channel
--- PASS: TestErrChan_WriteInChanNonBlocking (0.00s)
    --- PASS: TestErrChan_WriteInChanNonBlocking/should_work (0.00s)
    --- PASS: TestErrChan_WriteInChanNonBlocking/write_in_a_nil_channel (0.00s)
    --- PASS: TestErrChan_WriteInChanNonBlocking/write_in_a_closed_channel (0.00s)
--- PASS: TestErrChan_ConcurrentOperations (0.00s)
PASS
ok  	github.com/TerraDharitri/drt-go-chain/common/errChan	(cached)
=== RUN   TestNewPubkeyConverter_HexShouldWork
=== PAUSE TestNewPubkeyConverter_HexShouldWork
=== RUN   TestNewPubkeyConverter_Bech32ShouldWork
=== PAUSE TestNewPubkeyConverter_Bech32ShouldWork
=== RUN   TestNewPubkeyConverter_UnknownTypeShouldErr
=== PAUSE TestNewPubkeyConverter_UnknownTypeShouldErr
=== CONT  TestNewPubkeyConverter_HexShouldWork
--- PASS: TestNewPubkeyConverter_HexShouldWork (0.00s)
=== CONT  TestNewPubkeyConverter_UnknownTypeShouldErr
--- PASS: TestNewPubkeyConverter_UnknownTypeShouldErr (0.00s)
=== CONT  TestNewPubkeyConverter_Bech32ShouldWork
--- PASS: TestNewPubkeyConverter_Bech32ShouldWork (0.00s)
PASS
ok  	github.com/TerraDharitri/drt-go-chain/common/factory	(cached)
=== RUN   TestNewFieldsSizeChecker
=== PAUSE TestNewFieldsSizeChecker
=== RUN   TestFieldsSizeChecker_IsProofSizeValid
=== PAUSE TestFieldsSizeChecker_IsProofSizeValid
=== CONT  TestNewFieldsSizeChecker
=== CONT  TestFieldsSizeChecker_IsProofSizeValid
--- PASS: TestFieldsSizeChecker_IsProofSizeValid (0.00s)
=== RUN   TestNewFieldsSizeChecker/nil_chain_parameters_handler
=== PAUSE TestNewFieldsSizeChecker/nil_chain_parameters_handler
=== RUN   TestNewFieldsSizeChecker/nil_hasher
=== PAUSE TestNewFieldsSizeChecker/nil_hasher
=== RUN   TestNewFieldsSizeChecker/should_work
=== PAUSE TestNewFieldsSizeChecker/should_work
=== CONT  TestNewFieldsSizeChecker/nil_chain_parameters_handler
=== CONT  TestNewFieldsSizeChecker/should_work
=== CONT  TestNewFieldsSizeChecker/nil_hasher
--- PASS: TestNewFieldsSizeChecker (0.00s)
    --- PASS: TestNewFieldsSizeChecker/should_work (0.00s)
    --- PASS: TestNewFieldsSizeChecker/nil_chain_parameters_handler (0.00s)
    --- PASS: TestNewFieldsSizeChecker/nil_hasher (0.00s)
PASS
ok  	github.com/TerraDharitri/drt-go-chain/common/fieldsChecker	(cached)
=== RUN   TestNewGasScheduleNotifierConstructorErrors
=== PAUSE TestNewGasScheduleNotifierConstructorErrors
=== RUN   TestNewGasScheduleNotifier
=== PAUSE TestNewGasScheduleNotifier
=== RUN   TestGasScheduleNotifier_RegisterNotifyHandlerNilHandlerShouldNotAdd
=== PAUSE TestGasScheduleNotifier_RegisterNotifyHandlerNilHandlerShouldNotAdd
=== RUN   TestGasScheduleNotifier_RegisterNotifyHandlerShouldWork
=== PAUSE TestGasScheduleNotifier_RegisterNotifyHandlerShouldWork
=== RUN   TestGasScheduleNotifier_UnregisterAllShouldWork
=== PAUSE TestGasScheduleNotifier_UnregisterAllShouldWork
=== RUN   TestGasScheduleNotifier_CheckEpochSameEpochShouldNotCall
=== PAUSE TestGasScheduleNotifier_CheckEpochSameEpochShouldNotCall
=== RUN   TestGasScheduleNotifier_CheckEpochShouldCall
=== PAUSE TestGasScheduleNotifier_CheckEpochShouldCall
=== RUN   TestGasScheduleNotifier_CheckEpochInSyncShouldWork
=== PAUSE TestGasScheduleNotifier_CheckEpochInSyncShouldWork
=== RUN   TestGasScheduleNotifier_EpochConfirmedShouldNotCauseDeadlock
=== PAUSE TestGasScheduleNotifier_EpochConfirmedShouldNotCauseDeadlock
=== RUN   TestGasScheduleNotifier_IsInterfaceNil
=== PAUSE TestGasScheduleNotifier_IsInterfaceNil
=== RUN   TestNewGenericEpochNotifier
=== PAUSE TestNewGenericEpochNotifier
=== RUN   TestGenericEpochNotifier_RegisterNotifyHandlerNilHandlerShouldNotAdd
=== PAUSE TestGenericEpochNotifier_RegisterNotifyHandlerNilHandlerShouldNotAdd
=== RUN   TestGenericEpochNotifier_RegisterNotifyHandlerShouldWork
=== PAUSE TestGenericEpochNotifier_RegisterNotifyHandlerShouldWork
=== RUN   TestGenericEpochNotifier_UnregisterAllShouldWork
=== PAUSE TestGenericEpochNotifier_UnregisterAllShouldWork
=== RUN   TestGenericEpochNotifier_CheckEpochNilHeaderNotCall
=== PAUSE TestGenericEpochNotifier_CheckEpochNilHeaderNotCall
=== RUN   TestGenericEpochNotifier_CheckEpochSameEpochShouldNotCall
=== PAUSE TestGenericEpochNotifier_CheckEpochSameEpochShouldNotCall
=== RUN   TestGenericEpochNotifier_CheckEpochShouldCall
=== PAUSE TestGenericEpochNotifier_CheckEpochShouldCall
=== RUN   TestGenericEpochNotifier_CheckEpochInSyncShouldWork
=== PAUSE TestGenericEpochNotifier_CheckEpochInSyncShouldWork
=== RUN   TestGenericEpochNotifier_ConcurrentOperations
=== PAUSE TestGenericEpochNotifier_ConcurrentOperations
=== RUN   TestNewGenericRoundNotifier
=== PAUSE TestNewGenericRoundNotifier
=== RUN   TestGenericRoundNotifier_RegisterNotifyHandlerNilHandlerShouldNotAdd
=== PAUSE TestGenericRoundNotifier_RegisterNotifyHandlerNilHandlerShouldNotAdd
=== RUN   TestGenericRoundNotifier_RegisterNotifyHandlerShouldWork
=== PAUSE TestGenericRoundNotifier_RegisterNotifyHandlerShouldWork
=== RUN   TestGenericRoundNotifier_UnregisterAllShouldWork
=== PAUSE TestGenericRoundNotifier_UnregisterAllShouldWork
=== RUN   TestGenericRoundNotifier_CheckRoundNilHeaderNotCall
=== PAUSE TestGenericRoundNotifier_CheckRoundNilHeaderNotCall
=== RUN   TestGenericRoundNotifier_CheckRoundSameRoundShouldNotCall
=== PAUSE TestGenericRoundNotifier_CheckRoundSameRoundShouldNotCall
=== RUN   TestGenericRoundNotifier_CheckRoundShouldCall
=== PAUSE TestGenericRoundNotifier_CheckRoundShouldCall
=== RUN   TestGenericRoundNotifier_CheckRoundInSyncShouldWork
=== PAUSE TestGenericRoundNotifier_CheckRoundInSyncShouldWork
=== CONT  TestNewGasScheduleNotifierConstructorErrors
--- PASS: TestNewGasScheduleNotifierConstructorErrors (0.00s)
=== CONT  TestGenericRoundNotifier_CheckRoundInSyncShouldWork
=== CONT  TestGenericRoundNotifier_CheckRoundShouldCall
=== CONT  TestGenericEpochNotifier_UnregisterAllShouldWork
=== CONT  TestGasScheduleNotifier_CheckEpochSameEpochShouldNotCall
=== CONT  TestGasScheduleNotifier_CheckEpochInSyncShouldWork
--- PASS: TestGenericRoundNotifier_CheckRoundShouldCall (0.00s)
--- PASS: TestGenericEpochNotifier_UnregisterAllShouldWork (0.00s)
=== CONT  TestGenericRoundNotifier_CheckRoundSameRoundShouldNotCall
--- PASS: TestGenericRoundNotifier_CheckRoundSameRoundShouldNotCall (0.00s)
=== CONT  TestGenericRoundNotifier_CheckRoundNilHeaderNotCall
--- PASS: TestGenericRoundNotifier_CheckRoundNilHeaderNotCall (0.00s)
=== CONT  TestGenericRoundNotifier_UnregisterAllShouldWork
--- PASS: TestGenericRoundNotifier_UnregisterAllShouldWork (0.00s)
=== CONT  TestGenericRoundNotifier_RegisterNotifyHandlerShouldWork
--- PASS: TestGenericRoundNotifier_RegisterNotifyHandlerShouldWork (0.00s)
=== CONT  TestGenericRoundNotifier_RegisterNotifyHandlerNilHandlerShouldNotAdd
--- PASS: TestGenericRoundNotifier_RegisterNotifyHandlerNilHandlerShouldNotAdd (0.00s)
=== CONT  TestNewGenericRoundNotifier
--- PASS: TestNewGenericRoundNotifier (0.00s)
=== CONT  TestGenericEpochNotifier_RegisterNotifyHandlerNilHandlerShouldNotAdd
=== CONT  TestGenericEpochNotifier_CheckEpochNilHeaderNotCall
--- PASS: TestGenericEpochNotifier_CheckEpochNilHeaderNotCall (0.00s)
=== CONT  TestNewGenericEpochNotifier
--- PASS: TestGenericEpochNotifier_RegisterNotifyHandlerNilHandlerShouldNotAdd (0.00s)
--- PASS: TestNewGenericEpochNotifier (0.00s)
=== CONT  TestGenericEpochNotifier_RegisterNotifyHandlerShouldWork
=== CONT  TestGasScheduleNotifier_IsInterfaceNil
--- PASS: TestGenericEpochNotifier_RegisterNotifyHandlerShouldWork (0.00s)
=== CONT  TestGasScheduleNotifier_EpochConfirmedShouldNotCauseDeadlock
=== CONT  TestGasScheduleNotifier_CheckEpochShouldCall
=== CONT  TestGenericEpochNotifier_ConcurrentOperations
=== CONT  TestGenericEpochNotifier_CheckEpochShouldCall
=== CONT  TestGenericEpochNotifier_CheckEpochSameEpochShouldNotCall
=== CONT  TestGasScheduleNotifier_RegisterNotifyHandlerNilHandlerShouldNotAdd
=== CONT  TestNewGasScheduleNotifier
=== CONT  TestGenericEpochNotifier_CheckEpochInSyncShouldWork
=== CONT  TestGasScheduleNotifier_UnregisterAllShouldWork
=== CONT  TestGasScheduleNotifier_RegisterNotifyHandlerShouldWork
--- PASS: TestGenericEpochNotifier_CheckEpochShouldCall (0.00s)
--- PASS: TestGenericEpochNotifier_CheckEpochSameEpochShouldNotCall (0.00s)
--- PASS: TestGenericEpochNotifier_ConcurrentOperations (0.03s)
--- PASS: TestGasScheduleNotifier_UnregisterAllShouldWork (0.06s)
--- PASS: TestGasScheduleNotifier_CheckEpochSameEpochShouldNotCall (0.06s)
--- PASS: TestNewGasScheduleNotifier (0.06s)
--- PASS: TestGasScheduleNotifier_RegisterNotifyHandlerShouldWork (0.05s)
--- PASS: TestGasScheduleNotifier_IsInterfaceNil (0.07s)
--- PASS: TestGasScheduleNotifier_RegisterNotifyHandlerNilHandlerShouldNotAdd (0.07s)
--- PASS: TestGasScheduleNotifier_CheckEpochShouldCall (0.07s)
--- PASS: TestGenericRoundNotifier_CheckRoundInSyncShouldWork (2.00s)
--- PASS: TestGenericEpochNotifier_CheckEpochInSyncShouldWork (2.00s)
--- PASS: TestGasScheduleNotifier_CheckEpochInSyncShouldWork (2.05s)
--- PASS: TestGasScheduleNotifier_EpochConfirmedShouldNotCauseDeadlock (2.18s)
PASS
ok  	github.com/TerraDharitri/drt-go-chain/common/forking	(cached)
=== RUN   TestGetGoRoutines
--- PASS: TestGetGoRoutines (0.01s)
PASS
ok  	github.com/TerraDharitri/drt-go-chain/common/goroutines	(cached)
=== RUN   TestNewEpochChangeGracePeriod
=== PAUSE TestNewEpochChangeGracePeriod
=== RUN   TestGetGracePeriodForEpoch
=== PAUSE TestGetGracePeriodForEpoch
=== RUN   TestIsInterfaceNil
=== PAUSE TestIsInterfaceNil
=== CONT  TestNewEpochChangeGracePeriod
=== RUN   TestNewEpochChangeGracePeriod/should_return_error_for_empty_config
=== PAUSE TestNewEpochChangeGracePeriod/should_return_error_for_empty_config
=== RUN   TestNewEpochChangeGracePeriod/should_return_error_for_duplicate_epoch_configs
=== CONT  TestIsInterfaceNil
--- PASS: TestIsInterfaceNil (0.00s)
=== PAUSE TestNewEpochChangeGracePeriod/should_return_error_for_duplicate_epoch_configs
=== RUN   TestNewEpochChangeGracePeriod/should_return_error_for_missing_epoch_0_config
=== PAUSE TestNewEpochChangeGracePeriod/should_return_error_for_missing_epoch_0_config
=== RUN   TestNewEpochChangeGracePeriod/should_create_epochChangeGracePeriod_successfully
=== PAUSE TestNewEpochChangeGracePeriod/should_create_epochChangeGracePeriod_successfully
=== CONT  TestNewEpochChangeGracePeriod/should_return_error_for_empty_config
=== CONT  TestGetGracePeriodForEpoch
=== RUN   TestGetGracePeriodForEpoch/should_return_correct_grace_period_for_matching_epoch
=== PAUSE TestGetGracePeriodForEpoch/should_return_correct_grace_period_for_matching_epoch
=== RUN   TestGetGracePeriodForEpoch/should_return_grace_period_for_closest_lower_epoch
=== PAUSE TestGetGracePeriodForEpoch/should_return_grace_period_for_closest_lower_epoch
=== RUN   TestGetGracePeriodForEpoch/should_return_grace_period_for_higher_epochs_than_configured
=== PAUSE TestGetGracePeriodForEpoch/should_return_grace_period_for_higher_epochs_than_configured
=== RUN   TestGetGracePeriodForEpoch/should_return_error_for_empty_config
=== PAUSE TestGetGracePeriodForEpoch/should_return_error_for_empty_config
=== CONT  TestGetGracePeriodForEpoch/should_return_correct_grace_period_for_matching_epoch
=== CONT  TestNewEpochChangeGracePeriod/should_create_epochChangeGracePeriod_successfully
=== CONT  TestNewEpochChangeGracePeriod/should_return_error_for_missing_epoch_0_config
=== CONT  TestNewEpochChangeGracePeriod/should_return_error_for_duplicate_epoch_configs
--- PASS: TestNewEpochChangeGracePeriod (0.00s)
    --- PASS: TestNewEpochChangeGracePeriod/should_return_error_for_empty_config (0.00s)
    --- PASS: TestNewEpochChangeGracePeriod/should_create_epochChangeGracePeriod_successfully (0.00s)
    --- PASS: TestNewEpochChangeGracePeriod/should_return_error_for_missing_epoch_0_config (0.00s)
    --- PASS: TestNewEpochChangeGracePeriod/should_return_error_for_duplicate_epoch_configs (0.00s)
=== CONT  TestGetGracePeriodForEpoch/should_return_error_for_empty_config
=== CONT  TestGetGracePeriodForEpoch/should_return_grace_period_for_higher_epochs_than_configured
=== CONT  TestGetGracePeriodForEpoch/should_return_grace_period_for_closest_lower_epoch
--- PASS: TestGetGracePeriodForEpoch (0.00s)
    --- PASS: TestGetGracePeriodForEpoch/should_return_correct_grace_period_for_matching_epoch (0.00s)
    --- PASS: TestGetGracePeriodForEpoch/should_return_error_for_empty_config (0.00s)
    --- PASS: TestGetGracePeriodForEpoch/should_return_grace_period_for_higher_epochs_than_configured (0.00s)
    --- PASS: TestGetGracePeriodForEpoch/should_return_grace_period_for_closest_lower_epoch (0.00s)
PASS
ok  	github.com/TerraDharitri/drt-go-chain/common/graceperiod	(cached)
=== RUN   TestNewBlockInfo
=== PAUSE TestNewBlockInfo
=== RUN   TestBlockInfo_Equal
=== PAUSE TestBlockInfo_Equal
=== RUN   TestNewReceiptsHolder
--- PASS: TestNewReceiptsHolder (0.00s)
=== RUN   TestReceiptsHolder_IsInterfaceNil
=== PAUSE TestReceiptsHolder_IsInterfaceNil
=== RUN   TestNewRootHashHolder
--- PASS: TestNewRootHashHolder (0.00s)
=== RUN   TestNewRootHashHolderAsEmpty
--- PASS: TestNewRootHashHolderAsEmpty (0.00s)
=== RUN   TestNewRootHashHolder_String
--- PASS: TestNewRootHashHolder_String (0.00s)
=== RUN   TestNewRootHashHolder_IsInterfaceNil
=== PAUSE TestNewRootHashHolder_IsInterfaceNil
=== CONT  TestNewBlockInfo
=== RUN   TestNewBlockInfo/nil_and_default_values
=== PAUSE TestNewBlockInfo/nil_and_default_values
=== RUN   TestNewBlockInfo/some_values
=== PAUSE TestNewBlockInfo/some_values
=== CONT  TestNewBlockInfo/nil_and_default_values
=== CONT  TestNewRootHashHolder_IsInterfaceNil
--- PASS: TestNewRootHashHolder_IsInterfaceNil (0.00s)
=== CONT  TestReceiptsHolder_IsInterfaceNil
--- PASS: TestReceiptsHolder_IsInterfaceNil (0.00s)
=== CONT  TestBlockInfo_Equal
=== RUN   TestBlockInfo_Equal/with_nil
=== PAUSE TestBlockInfo_Equal/with_nil
=== RUN   TestBlockInfo_Equal/different_hash
=== PAUSE TestBlockInfo_Equal/different_hash
=== RUN   TestBlockInfo_Equal/different_nonce
=== PAUSE TestBlockInfo_Equal/different_nonce
=== RUN   TestBlockInfo_Equal/different_root_hash
=== PAUSE TestBlockInfo_Equal/different_root_hash
=== RUN   TestBlockInfo_Equal/equal_with_default_values
=== PAUSE TestBlockInfo_Equal/equal_with_default_values
=== RUN   TestBlockInfo_Equal/equal_values
=== PAUSE TestBlockInfo_Equal/equal_values
=== CONT  TestBlockInfo_Equal/with_nil
=== CONT  TestNewBlockInfo/some_values
--- PASS: TestNewBlockInfo (0.00s)
    --- PASS: TestNewBlockInfo/nil_and_default_values (0.00s)
    --- PASS: TestNewBlockInfo/some_values (0.00s)
=== CONT  TestBlockInfo_Equal/equal_values
=== CONT  TestBlockInfo_Equal/equal_with_default_values
=== CONT  TestBlockInfo_Equal/different_root_hash
=== CONT  TestBlockInfo_Equal/different_nonce
=== CONT  TestBlockInfo_Equal/different_hash
--- PASS: TestBlockInfo_Equal (0.00s)
    --- PASS: TestBlockInfo_Equal/with_nil (0.00s)
    --- PASS: TestBlockInfo_Equal/equal_values (0.00s)
    --- PASS: TestBlockInfo_Equal/equal_with_default_values (0.00s)
    --- PASS: TestBlockInfo_Equal/different_root_hash (0.00s)
    --- PASS: TestBlockInfo_Equal/different_nonce (0.00s)
    --- PASS: TestBlockInfo_Equal/different_hash (0.00s)
PASS
ok  	github.com/TerraDharitri/drt-go-chain/common/holders	(cached)
?   	github.com/TerraDharitri/drt-go-chain/common/mock	[no test files]
=== RUN   TestHostInfo_ToDisplayTable
=== PAUSE TestHostInfo_ToDisplayTable
=== RUN   TestHostInfo_ToStrings
=== PAUSE TestHostInfo_ToStrings
=== RUN   TestHostParametersGetter_GetParameterStringTable
--- PASS: TestHostParametersGetter_GetParameterStringTable (0.00s)
=== CONT  TestHostInfo_ToDisplayTable
=== CONT  TestHostInfo_ToStrings
--- PASS: TestHostInfo_ToStrings (0.00s)
+----------------+------------+
| Parameter      | Value      |
+----------------+------------+
| App version    | appversion |
+----------------+------------+
| CPU model      | cpumodel   |
| CPU numLogical | 1          |
| CPU flags      |  sse fma3  |
| CPU maxFreq    | 2 MHz      |
+----------------+------------+
| Memory size    | 100 GB     |
+----------------+------------+

--- PASS: TestHostInfo_ToDisplayTable (0.00s)
PASS
ok  	github.com/TerraDharitri/drt-go-chain/common/hostParameters	(cached)
=== RUN   TestLogErrAsLevelExceptAsDebugIfClosingError
=== RUN   TestLogErrAsLevelExceptAsDebugIfClosingError/not_a_closing_error
=== RUN   TestLogErrAsLevelExceptAsDebugIfClosingError/a_closing_error
=== RUN   TestLogErrAsLevelExceptAsDebugIfClosingError/no_panic_on_bad_input
[0;31mERROR[0m[2026-03-16 10:13:34.520]                                            [0;31ma[0m = <nil> 
--- PASS: TestLogErrAsLevelExceptAsDebugIfClosingError (0.00s)
    --- PASS: TestLogErrAsLevelExceptAsDebugIfClosingError/not_a_closing_error (0.00s)
    --- PASS: TestLogErrAsLevelExceptAsDebugIfClosingError/a_closing_error (0.00s)
    --- PASS: TestLogErrAsLevelExceptAsDebugIfClosingError/no_panic_on_bad_input (0.00s)
PASS
ok  	github.com/TerraDharitri/drt-go-chain/common/logging	(cached)
=== RUN   TestProcessHistoricalBalancesMode
=== PAUSE TestProcessHistoricalBalancesMode
=== RUN   TestIsInHistoricalBalancesMode
=== PAUSE TestIsInHistoricalBalancesMode
=== RUN   TestCheckOperationModes
=== PAUSE TestCheckOperationModes
=== CONT  TestProcessHistoricalBalancesMode
--- PASS: TestProcessHistoricalBalancesMode (0.00s)
=== CONT  TestCheckOperationModes
=== RUN   TestCheckOperationModes/invalid_operation_mode
=== PAUSE TestCheckOperationModes/invalid_operation_mode
=== RUN   TestCheckOperationModes/bad_config
=== CONT  TestIsInHistoricalBalancesMode
=== RUN   TestIsInHistoricalBalancesMode/empty_configs_should_return_false
=== PAUSE TestIsInHistoricalBalancesMode/empty_configs_should_return_false
=== RUN   TestIsInHistoricalBalancesMode/storage_pruning_disabled_should_return_false
=== PAUSE TestIsInHistoricalBalancesMode/storage_pruning_disabled_should_return_false
=== RUN   TestIsInHistoricalBalancesMode/validator_clean_old_epoch_data_enabled_should_return_false
=== PAUSE TestIsInHistoricalBalancesMode/validator_clean_old_epoch_data_enabled_should_return_false
=== RUN   TestIsInHistoricalBalancesMode/observer_clean_old_epoch_data_enabled_should_return_false
=== PAUSE TestIsInHistoricalBalancesMode/observer_clean_old_epoch_data_enabled_should_return_false
=== RUN   TestIsInHistoricalBalancesMode/start_in_epoch_enabled_should_return_false
=== PAUSE TestIsInHistoricalBalancesMode/start_in_epoch_enabled_should_return_false
=== RUN   TestIsInHistoricalBalancesMode/accounts_trie_clean_old_epoch_data_enabled_should_return_false
=== PAUSE TestIsInHistoricalBalancesMode/accounts_trie_clean_old_epoch_data_enabled_should_return_false
=== RUN   TestIsInHistoricalBalancesMode/accounts_state_pruning_enabled_should_return_false
=== PAUSE TestIsInHistoricalBalancesMode/accounts_state_pruning_enabled_should_return_false
=== RUN   TestIsInHistoricalBalancesMode/db_lookup_extension_disabled_should_return_false
=== PAUSE TestIsInHistoricalBalancesMode/db_lookup_extension_disabled_should_return_false
=== RUN   TestIsInHistoricalBalancesMode/not_a_full_archive_node_should_return_false
=== PAUSE TestIsInHistoricalBalancesMode/not_a_full_archive_node_should_return_false
=== RUN   TestIsInHistoricalBalancesMode/with_historical_balances_config_should_return_true
=== PAUSE TestIsInHistoricalBalancesMode/with_historical_balances_config_should_return_true
=== CONT  TestIsInHistoricalBalancesMode/empty_configs_should_return_false
=== CONT  TestIsInHistoricalBalancesMode/with_historical_balances_config_should_return_true
=== CONT  TestIsInHistoricalBalancesMode/not_a_full_archive_node_should_return_false
=== CONT  TestIsInHistoricalBalancesMode/db_lookup_extension_disabled_should_return_false
=== CONT  TestIsInHistoricalBalancesMode/accounts_state_pruning_enabled_should_return_false
=== CONT  TestIsInHistoricalBalancesMode/accounts_trie_clean_old_epoch_data_enabled_should_return_false
=== CONT  TestIsInHistoricalBalancesMode/start_in_epoch_enabled_should_return_false
=== PAUSE TestCheckOperationModes/bad_config
=== CONT  TestIsInHistoricalBalancesMode/observer_clean_old_epoch_data_enabled_should_return_false
=== RUN   TestCheckOperationModes/ok_config
=== CONT  TestIsInHistoricalBalancesMode/validator_clean_old_epoch_data_enabled_should_return_false
=== CONT  TestIsInHistoricalBalancesMode/storage_pruning_disabled_should_return_false
--- PASS: TestIsInHistoricalBalancesMode (0.00s)
    --- PASS: TestIsInHistoricalBalancesMode/empty_configs_should_return_false (0.00s)
    --- PASS: TestIsInHistoricalBalancesMode/with_historical_balances_config_should_return_true (0.00s)
    --- PASS: TestIsInHistoricalBalancesMode/not_a_full_archive_node_should_return_false (0.00s)
    --- PASS: TestIsInHistoricalBalancesMode/db_lookup_extension_disabled_should_return_false (0.00s)
    --- PASS: TestIsInHistoricalBalancesMode/accounts_state_pruning_enabled_should_return_false (0.00s)
    --- PASS: TestIsInHistoricalBalancesMode/accounts_trie_clean_old_epoch_data_enabled_should_return_false (0.00s)
    --- PASS: TestIsInHistoricalBalancesMode/start_in_epoch_enabled_should_return_false (0.00s)
    --- PASS: TestIsInHistoricalBalancesMode/observer_clean_old_epoch_data_enabled_should_return_false (0.00s)
    --- PASS: TestIsInHistoricalBalancesMode/validator_clean_old_epoch_data_enabled_should_return_false (0.00s)
    --- PASS: TestIsInHistoricalBalancesMode/storage_pruning_disabled_should_return_false (0.00s)
=== PAUSE TestCheckOperationModes/ok_config
=== CONT  TestCheckOperationModes/invalid_operation_mode
=== CONT  TestCheckOperationModes/ok_config
=== CONT  TestCheckOperationModes/bad_config
--- PASS: TestCheckOperationModes (0.00s)
    --- PASS: TestCheckOperationModes/invalid_operation_mode (0.00s)
    --- PASS: TestCheckOperationModes/ok_config (0.00s)
    --- PASS: TestCheckOperationModes/bad_config (0.00s)
PASS
ok  	github.com/TerraDharitri/drt-go-chain/common/operationmodes	(cached)
=== RUN   TestNewOrderedCollection
=== PAUSE TestNewOrderedCollection
=== RUN   TestOrderedCollection_Add
=== PAUSE TestOrderedCollection_Add
=== RUN   TestOrderedCollection_GetOrder
=== PAUSE TestOrderedCollection_GetOrder
=== RUN   TestOrderedCollection_GetItemAtIndex
=== PAUSE TestOrderedCollection_GetItemAtIndex
=== RUN   TestOrderedCollection_GetItems
=== PAUSE TestOrderedCollection_GetItems
=== RUN   TestOrderedCollection_Remove
=== PAUSE TestOrderedCollection_Remove
=== RUN   TestOrderedCollections_RemoveMultiple
--- PASS: TestOrderedCollections_RemoveMultiple (0.00s)
=== RUN   TestOrderedCollection_Clear
=== PAUSE TestOrderedCollection_Clear
=== RUN   TestOrderedCollection_Contains
=== PAUSE TestOrderedCollection_Contains
=== RUN   TestOrderedCollection_IsInterfaceNil
=== PAUSE TestOrderedCollection_IsInterfaceNil
=== RUN   TestBaseProcessor_ConcurrentCallsOrderedCollection
=== PAUSE TestBaseProcessor_ConcurrentCallsOrderedCollection
=== CONT  TestNewOrderedCollection
--- PASS: TestNewOrderedCollection (0.00s)
=== CONT  TestBaseProcessor_ConcurrentCallsOrderedCollection
=== CONT  TestOrderedCollection_IsInterfaceNil
--- PASS: TestOrderedCollection_IsInterfaceNil (0.00s)
=== CONT  TestOrderedCollection_Contains
--- PASS: TestOrderedCollection_Contains (0.00s)
=== CONT  TestOrderedCollection_Clear
--- PASS: TestOrderedCollection_Clear (0.00s)
=== CONT  TestOrderedCollection_Remove
--- PASS: TestOrderedCollection_Remove (0.00s)
=== CONT  TestOrderedCollection_GetItems
--- PASS: TestOrderedCollection_GetItems (0.00s)
=== CONT  TestOrderedCollection_GetItemAtIndex
--- PASS: TestOrderedCollection_GetItemAtIndex (0.00s)
=== CONT  TestOrderedCollection_GetOrder
--- PASS: TestOrderedCollection_GetOrder (0.00s)
=== CONT  TestOrderedCollection_Add
--- PASS: TestOrderedCollection_Add (0.00s)
--- PASS: TestBaseProcessor_ConcurrentCallsOrderedCollection (0.06s)
PASS
ok  	github.com/TerraDharitri/drt-go-chain/common/ordering	(cached)
=== RUN   TestAdaptStructureValueBasedOnPath
=== PAUSE TestAdaptStructureValueBasedOnPath
=== CONT  TestAdaptStructureValueBasedOnPath
=== RUN   TestAdaptStructureValueBasedOnPath/nil_object_to_change,_should_err
=== PAUSE TestAdaptStructureValueBasedOnPath/nil_object_to_change,_should_err
=== RUN   TestAdaptStructureValueBasedOnPath/wrong_path,_should_not_panic,_but_catch_the_error
=== PAUSE TestAdaptStructureValueBasedOnPath/wrong_path,_should_not_panic,_but_catch_the_error
=== RUN   TestAdaptStructureValueBasedOnPath/empty_path,_should_not_panic,_but_catch_the_error
=== PAUSE TestAdaptStructureValueBasedOnPath/empty_path,_should_not_panic,_but_catch_the_error
=== RUN   TestAdaptStructureValueBasedOnPath/should_error_when_invalid_field_during_multiple_levels_depth
=== PAUSE TestAdaptStructureValueBasedOnPath/should_error_when_invalid_field_during_multiple_levels_depth
=== RUN   TestAdaptStructureValueBasedOnPath/should_error_when_the_final_value_is_invalid
=== PAUSE TestAdaptStructureValueBasedOnPath/should_error_when_the_final_value_is_invalid
=== RUN   TestAdaptStructureValueBasedOnPath/should_error_when_setting_unsupported_type_on_struct
=== PAUSE TestAdaptStructureValueBasedOnPath/should_error_when_setting_unsupported_type_on_struct
=== RUN   TestAdaptStructureValueBasedOnPath/should_error_when_setting_invalid_type_on_struct
=== PAUSE TestAdaptStructureValueBasedOnPath/should_error_when_setting_invalid_type_on_struct
=== RUN   TestAdaptStructureValueBasedOnPath/should_error_when_setting_invalid_uint32
=== PAUSE TestAdaptStructureValueBasedOnPath/should_error_when_setting_invalid_uint32
=== RUN   TestAdaptStructureValueBasedOnPath/should_error_when_setting_invalid_uint64
=== PAUSE TestAdaptStructureValueBasedOnPath/should_error_when_setting_invalid_uint64
=== RUN   TestAdaptStructureValueBasedOnPath/should_error_when_setting_invalid_float32
=== PAUSE TestAdaptStructureValueBasedOnPath/should_error_when_setting_invalid_float32
=== RUN   TestAdaptStructureValueBasedOnPath/should_error_when_setting_invalid_float64
=== PAUSE TestAdaptStructureValueBasedOnPath/should_error_when_setting_invalid_float64
=== RUN   TestAdaptStructureValueBasedOnPath/should_error_when_setting_invalid_int64
=== PAUSE TestAdaptStructureValueBasedOnPath/should_error_when_setting_invalid_int64
=== RUN   TestAdaptStructureValueBasedOnPath/should_error_when_setting_invalid_int
=== PAUSE TestAdaptStructureValueBasedOnPath/should_error_when_setting_invalid_int
=== RUN   TestAdaptStructureValueBasedOnPath/should_error_when_setting_invalid_bool
=== PAUSE TestAdaptStructureValueBasedOnPath/should_error_when_setting_invalid_bool
=== RUN   TestAdaptStructureValueBasedOnPath/should_error_if_the_field_is_un-settable_/_unexported
=== PAUSE TestAdaptStructureValueBasedOnPath/should_error_if_the_field_is_un-settable_/_unexported
=== RUN   TestAdaptStructureValueBasedOnPath/should_error_if_the_field_in_the_middle_of_the_path_is_un-settable_/_unexported
=== PAUSE TestAdaptStructureValueBasedOnPath/should_error_if_the_field_in_the_middle_of_the_path_is_un-settable_/_unexported
=== RUN   TestAdaptStructureValueBasedOnPath/should_work_for_single_level_structures
=== PAUSE TestAdaptStructureValueBasedOnPath/should_work_for_single_level_structures
=== RUN   TestAdaptStructureValueBasedOnPath/should_error_if_the_structure_is_passed_as_value
=== PAUSE TestAdaptStructureValueBasedOnPath/should_error_if_the_structure_is_passed_as_value
=== RUN   TestAdaptStructureValueBasedOnPath/should_work_and_override_string_value
=== PAUSE TestAdaptStructureValueBasedOnPath/should_work_and_override_string_value
=== RUN   TestAdaptStructureValueBasedOnPath/should_work_and_override_uint32_value
=== PAUSE TestAdaptStructureValueBasedOnPath/should_work_and_override_uint32_value
=== RUN   TestAdaptStructureValueBasedOnPath/should_work_and_override_float32_value
=== PAUSE TestAdaptStructureValueBasedOnPath/should_work_and_override_float32_value
=== RUN   TestAdaptStructureValueBasedOnPath/should_work_and_override_float64_value
=== PAUSE TestAdaptStructureValueBasedOnPath/should_work_and_override_float64_value
=== RUN   TestAdaptStructureValueBasedOnPath/should_work_and_override_int_value
=== PAUSE TestAdaptStructureValueBasedOnPath/should_work_and_override_int_value
=== RUN   TestAdaptStructureValueBasedOnPath/should_work_and_override_int64_value
=== PAUSE TestAdaptStructureValueBasedOnPath/should_work_and_override_int64_value
=== RUN   TestAdaptStructureValueBasedOnPath/should_work_and_override_uint64_value
=== PAUSE TestAdaptStructureValueBasedOnPath/should_work_and_override_uint64_value
=== RUN   TestAdaptStructureValueBasedOnPath/should_work_and_override_bool_value
=== PAUSE TestAdaptStructureValueBasedOnPath/should_work_and_override_bool_value
=== RUN   TestAdaptStructureValueBasedOnPath/should_work_and_override_uint32_value#01
=== PAUSE TestAdaptStructureValueBasedOnPath/should_work_and_override_uint32_value#01
=== RUN   TestAdaptStructureValueBasedOnPath/should_work_and_override_int32_value
=== PAUSE TestAdaptStructureValueBasedOnPath/should_work_and_override_int32_value
=== RUN   TestAdaptStructureValueBasedOnPath/should_work_and_override_string_value_on_multiple_levels_depth
=== PAUSE TestAdaptStructureValueBasedOnPath/should_work_and_override_string_value_on_multiple_levels_depth
=== RUN   TestAdaptStructureValueBasedOnPath/should_work_and_override_int_value_on_multiple_levels_depth
=== PAUSE TestAdaptStructureValueBasedOnPath/should_work_and_override_int_value_on_multiple_levels_depth
=== RUN   TestAdaptStructureValueBasedOnPath/should_error_if_setting_int_into_string
=== PAUSE TestAdaptStructureValueBasedOnPath/should_error_if_setting_int_into_string
=== RUN   TestAdaptStructureValueBasedOnPath/should_error_for_unsupported_type
=== PAUSE TestAdaptStructureValueBasedOnPath/should_error_for_unsupported_type
=== RUN   TestAdaptStructureValueBasedOnPath/should_error_fit_signed_for_target_type_not_int
=== PAUSE TestAdaptStructureValueBasedOnPath/should_error_fit_signed_for_target_type_not_int
=== RUN   TestAdaptStructureValueBasedOnPath/should_error_fit_signed_for_value_not_int_and_target_type_int
=== PAUSE TestAdaptStructureValueBasedOnPath/should_error_fit_signed_for_value_not_int_and_target_type_int
=== RUN   TestAdaptStructureValueBasedOnPath/should_error_fit_unsigned_for_target_type_not_uint
=== PAUSE TestAdaptStructureValueBasedOnPath/should_error_fit_unsigned_for_target_type_not_uint
=== RUN   TestAdaptStructureValueBasedOnPath/should_error_fit_unsigned_for_value_not_uint_and_target_type_uint
=== PAUSE TestAdaptStructureValueBasedOnPath/should_error_fit_unsigned_for_value_not_uint_and_target_type_uint
=== RUN   TestAdaptStructureValueBasedOnPath/should_error_fit_float_for_target_type_not_float
=== PAUSE TestAdaptStructureValueBasedOnPath/should_error_fit_float_for_target_type_not_float
=== RUN   TestAdaptStructureValueBasedOnPath/should_work_and_override_int8_value
=== PAUSE TestAdaptStructureValueBasedOnPath/should_work_and_override_int8_value
=== RUN   TestAdaptStructureValueBasedOnPath/should_error_int8_value
=== PAUSE TestAdaptStructureValueBasedOnPath/should_error_int8_value
=== RUN   TestAdaptStructureValueBasedOnPath/should_work_and_override_int8_negative_value
=== PAUSE TestAdaptStructureValueBasedOnPath/should_work_and_override_int8_negative_value
=== RUN   TestAdaptStructureValueBasedOnPath/should_error_int8_negative_value
=== PAUSE TestAdaptStructureValueBasedOnPath/should_error_int8_negative_value
=== RUN   TestAdaptStructureValueBasedOnPath/should_work_and_override_int16_value
=== PAUSE TestAdaptStructureValueBasedOnPath/should_work_and_override_int16_value
=== RUN   TestAdaptStructureValueBasedOnPath/should_error_int16_value
=== PAUSE TestAdaptStructureValueBasedOnPath/should_error_int16_value
=== RUN   TestAdaptStructureValueBasedOnPath/should_work_and_override_int16_negative_value
=== PAUSE TestAdaptStructureValueBasedOnPath/should_work_and_override_int16_negative_value
=== RUN   TestAdaptStructureValueBasedOnPath/should_error_int16_negative_value
=== PAUSE TestAdaptStructureValueBasedOnPath/should_error_int16_negative_value
=== RUN   TestAdaptStructureValueBasedOnPath/should_work_and_override_int32_value#01
=== PAUSE TestAdaptStructureValueBasedOnPath/should_work_and_override_int32_value#01
=== RUN   TestAdaptStructureValueBasedOnPath/should_work_and_override_int32_value_with_uint16
=== PAUSE TestAdaptStructureValueBasedOnPath/should_work_and_override_int32_value_with_uint16
=== RUN   TestAdaptStructureValueBasedOnPath/should_error_int32_value
=== PAUSE TestAdaptStructureValueBasedOnPath/should_error_int32_value
=== RUN   TestAdaptStructureValueBasedOnPath/should_work_and_override_int32_negative_value
=== PAUSE TestAdaptStructureValueBasedOnPath/should_work_and_override_int32_negative_value
=== RUN   TestAdaptStructureValueBasedOnPath/should_error_int32_negative_value
=== PAUSE TestAdaptStructureValueBasedOnPath/should_error_int32_negative_value
=== RUN   TestAdaptStructureValueBasedOnPath/should_work_and_override_int64_value#01
=== PAUSE TestAdaptStructureValueBasedOnPath/should_work_and_override_int64_value#01
=== RUN   TestAdaptStructureValueBasedOnPath/should_work_and_override_int64_negative_value
=== PAUSE TestAdaptStructureValueBasedOnPath/should_work_and_override_int64_negative_value
=== RUN   TestAdaptStructureValueBasedOnPath/should_work_and_override_uint8_value
=== PAUSE TestAdaptStructureValueBasedOnPath/should_work_and_override_uint8_value
=== RUN   TestAdaptStructureValueBasedOnPath/should_error_uint8_value
=== PAUSE TestAdaptStructureValueBasedOnPath/should_error_uint8_value
=== RUN   TestAdaptStructureValueBasedOnPath/should_error_uint8_negative_value
=== PAUSE TestAdaptStructureValueBasedOnPath/should_error_uint8_negative_value
=== RUN   TestAdaptStructureValueBasedOnPath/should_work_and_override_uint16_value
=== PAUSE TestAdaptStructureValueBasedOnPath/should_work_and_override_uint16_value
=== RUN   TestAdaptStructureValueBasedOnPath/should_error_uint16_value
=== PAUSE TestAdaptStructureValueBasedOnPath/should_error_uint16_value
=== RUN   TestAdaptStructureValueBasedOnPath/should_error_uint16_negative_value
=== PAUSE TestAdaptStructureValueBasedOnPath/should_error_uint16_negative_value
=== RUN   TestAdaptStructureValueBasedOnPath/should_work_and_override_uint32_value#02
=== PAUSE TestAdaptStructureValueBasedOnPath/should_work_and_override_uint32_value#02
=== RUN   TestAdaptStructureValueBasedOnPath/should_error_uint32_value
=== PAUSE TestAdaptStructureValueBasedOnPath/should_error_uint32_value
=== RUN   TestAdaptStructureValueBasedOnPath/should_error_uint32_negative_value
=== PAUSE TestAdaptStructureValueBasedOnPath/should_error_uint32_negative_value
=== RUN   TestAdaptStructureValueBasedOnPath/should_work_and_override_uint64_value#01
=== PAUSE TestAdaptStructureValueBasedOnPath/should_work_and_override_uint64_value#01
=== RUN   TestAdaptStructureValueBasedOnPath/should_error_uint64_negative_value
=== PAUSE TestAdaptStructureValueBasedOnPath/should_error_uint64_negative_value
=== RUN   TestAdaptStructureValueBasedOnPath/should_work_and_override_float32_value#01
=== PAUSE TestAdaptStructureValueBasedOnPath/should_work_and_override_float32_value#01
=== RUN   TestAdaptStructureValueBasedOnPath/should_error_float32_value
=== PAUSE TestAdaptStructureValueBasedOnPath/should_error_float32_value
=== RUN   TestAdaptStructureValueBasedOnPath/should_work_and_override_float32_negative_value
=== PAUSE TestAdaptStructureValueBasedOnPath/should_work_and_override_float32_negative_value
=== RUN   TestAdaptStructureValueBasedOnPath/should_error_float32_negative_value
=== PAUSE TestAdaptStructureValueBasedOnPath/should_error_float32_negative_value
=== RUN   TestAdaptStructureValueBasedOnPath/should_work_and_override_float64_value#01
=== PAUSE TestAdaptStructureValueBasedOnPath/should_work_and_override_float64_value#01
=== RUN   TestAdaptStructureValueBasedOnPath/should_work_and_override_float64_negative_value
=== PAUSE TestAdaptStructureValueBasedOnPath/should_work_and_override_float64_negative_value
=== RUN   TestAdaptStructureValueBasedOnPath/should_work_and_override_struct
=== PAUSE TestAdaptStructureValueBasedOnPath/should_work_and_override_struct
=== RUN   TestAdaptStructureValueBasedOnPath/should_error_with_field_not_found
=== PAUSE TestAdaptStructureValueBasedOnPath/should_error_with_field_not_found
=== RUN   TestAdaptStructureValueBasedOnPath/should_error_with_different_types
=== PAUSE TestAdaptStructureValueBasedOnPath/should_error_with_different_types
=== RUN   TestAdaptStructureValueBasedOnPath/should_work_and_override_nested_struct
=== PAUSE TestAdaptStructureValueBasedOnPath/should_work_and_override_nested_struct
=== RUN   TestAdaptStructureValueBasedOnPath/should_work_on_slice_and_override_map
=== PAUSE TestAdaptStructureValueBasedOnPath/should_work_on_slice_and_override_map
=== RUN   TestAdaptStructureValueBasedOnPath/should_error_on_slice_when_override_int
=== PAUSE TestAdaptStructureValueBasedOnPath/should_error_on_slice_when_override_int
=== RUN   TestAdaptStructureValueBasedOnPath/should_error_on_slice_when_override_different_type
=== PAUSE TestAdaptStructureValueBasedOnPath/should_error_on_slice_when_override_different_type
=== RUN   TestAdaptStructureValueBasedOnPath/should_error_on_slice_when_override_different_struct
=== PAUSE TestAdaptStructureValueBasedOnPath/should_error_on_slice_when_override_different_struct
=== RUN   TestAdaptStructureValueBasedOnPath/should_error_on_slice_when_override_different_struct_types
=== PAUSE TestAdaptStructureValueBasedOnPath/should_error_on_slice_when_override_different_struct_types
=== RUN   TestAdaptStructureValueBasedOnPath/should_work_on_slice_and_override_struct
=== PAUSE TestAdaptStructureValueBasedOnPath/should_work_on_slice_and_override_struct
=== RUN   TestAdaptStructureValueBasedOnPath/should_work_on_map,_override_and_insert_from_config
=== PAUSE TestAdaptStructureValueBasedOnPath/should_work_on_map,_override_and_insert_from_config
=== RUN   TestAdaptStructureValueBasedOnPath/should_work_on_map_and_insert_from_config
=== PAUSE TestAdaptStructureValueBasedOnPath/should_work_on_map_and_insert_from_config
=== RUN   TestAdaptStructureValueBasedOnPath/should_work_on_map,_override_and_insert_values_in_map
=== PAUSE TestAdaptStructureValueBasedOnPath/should_work_on_map,_override_and_insert_values_in_map
=== RUN   TestAdaptStructureValueBasedOnPath/should_error_on_map_when_override_different_map
=== PAUSE TestAdaptStructureValueBasedOnPath/should_error_on_map_when_override_different_map
=== RUN   TestAdaptStructureValueBasedOnPath/should_error_on_map_when_override_anything_else_other_than_map
=== PAUSE TestAdaptStructureValueBasedOnPath/should_error_on_map_when_override_anything_else_other_than_map
=== RUN   TestAdaptStructureValueBasedOnPath/should_work_and_override_string_array
=== PAUSE TestAdaptStructureValueBasedOnPath/should_work_and_override_string_array
=== RUN   TestAdaptStructureValueBasedOnPath/should_work_and_override_int_array
=== PAUSE TestAdaptStructureValueBasedOnPath/should_work_and_override_int_array
=== RUN   TestAdaptStructureValueBasedOnPath/should_work_and_override_string_array_from_toml
=== PAUSE TestAdaptStructureValueBasedOnPath/should_work_and_override_string_array_from_toml
=== RUN   TestAdaptStructureValueBasedOnPath/should_work_and_override_int_array_from_toml
=== PAUSE TestAdaptStructureValueBasedOnPath/should_work_and_override_int_array_from_toml
=== RUN   TestAdaptStructureValueBasedOnPath/should_work_and_override_struct_of_arrays_from_toml
=== PAUSE TestAdaptStructureValueBasedOnPath/should_work_and_override_struct_of_arrays_from_toml
=== CONT  TestAdaptStructureValueBasedOnPath/nil_object_to_change,_should_err
=== CONT  TestAdaptStructureValueBasedOnPath/should_work_and_override_struct_of_arrays_from_toml
=== CONT  TestAdaptStructureValueBasedOnPath/should_error_int16_negative_value
=== CONT  TestAdaptStructureValueBasedOnPath/should_error_float32_negative_value
=== CONT  TestAdaptStructureValueBasedOnPath/should_work_and_override_uint16_value
=== CONT  TestAdaptStructureValueBasedOnPath/should_work_and_override_int16_negative_value
=== CONT  TestAdaptStructureValueBasedOnPath/should_work_and_override_int_array_from_toml
=== CONT  TestAdaptStructureValueBasedOnPath/should_error_uint8_negative_value
=== CONT  TestAdaptStructureValueBasedOnPath/should_error_int16_value
=== CONT  TestAdaptStructureValueBasedOnPath/should_work_and_override_float32_negative_value
=== CONT  TestAdaptStructureValueBasedOnPath/should_work_and_override_int16_value
=== CONT  TestAdaptStructureValueBasedOnPath/should_error_float32_value
=== CONT  TestAdaptStructureValueBasedOnPath/should_work_and_override_string_array_from_toml
=== CONT  TestAdaptStructureValueBasedOnPath/should_work_and_override_int_array
=== CONT  TestAdaptStructureValueBasedOnPath/should_work_and_override_string_array
=== CONT  TestAdaptStructureValueBasedOnPath/should_error_on_map_when_override_anything_else_other_than_map
=== CONT  TestAdaptStructureValueBasedOnPath/should_error_on_map_when_override_different_map
=== CONT  TestAdaptStructureValueBasedOnPath/should_work_on_map,_override_and_insert_values_in_map
=== CONT  TestAdaptStructureValueBasedOnPath/should_work_on_map_and_insert_from_config
=== CONT  TestAdaptStructureValueBasedOnPath/should_work_on_map,_override_and_insert_from_config
=== CONT  TestAdaptStructureValueBasedOnPath/should_work_on_slice_and_override_struct
=== CONT  TestAdaptStructureValueBasedOnPath/should_error_on_slice_when_override_different_type
=== CONT  TestAdaptStructureValueBasedOnPath/should_error_on_slice_when_override_int
=== CONT  TestAdaptStructureValueBasedOnPath/should_work_and_override_uint64_value#01
=== CONT  TestAdaptStructureValueBasedOnPath/should_error_on_slice_when_override_different_struct_types
=== CONT  TestAdaptStructureValueBasedOnPath/should_work_on_slice_and_override_map
=== CONT  TestAdaptStructureValueBasedOnPath/should_error_uint32_negative_value
=== CONT  TestAdaptStructureValueBasedOnPath/should_work_and_override_nested_struct
=== CONT  TestAdaptStructureValueBasedOnPath/should_error_uint32_value
=== CONT  TestAdaptStructureValueBasedOnPath/should_work_and_override_uint32_value#02
=== CONT  TestAdaptStructureValueBasedOnPath/should_error_uint16_negative_value
=== CONT  TestAdaptStructureValueBasedOnPath/should_error_with_different_types
=== CONT  TestAdaptStructureValueBasedOnPath/should_error_uint16_value
=== CONT  TestAdaptStructureValueBasedOnPath/should_work_and_override_float32_value#01
=== CONT  TestAdaptStructureValueBasedOnPath/should_error_uint64_negative_value
=== CONT  TestAdaptStructureValueBasedOnPath/should_error_on_slice_when_override_different_struct
=== CONT  TestAdaptStructureValueBasedOnPath/should_error_with_field_not_found
=== CONT  TestAdaptStructureValueBasedOnPath/should_work_and_override_struct
=== CONT  TestAdaptStructureValueBasedOnPath/should_work_and_override_float64_negative_value
=== CONT  TestAdaptStructureValueBasedOnPath/should_work_and_override_float64_value#01
=== CONT  TestAdaptStructureValueBasedOnPath/should_work_and_override_float64_value
=== CONT  TestAdaptStructureValueBasedOnPath/should_error_int8_negative_value
=== CONT  TestAdaptStructureValueBasedOnPath/should_work_and_override_int8_negative_value
=== CONT  TestAdaptStructureValueBasedOnPath/should_error_int8_value
=== CONT  TestAdaptStructureValueBasedOnPath/should_work_and_override_int8_value
=== CONT  TestAdaptStructureValueBasedOnPath/should_error_fit_float_for_target_type_not_float
=== CONT  TestAdaptStructureValueBasedOnPath/should_error_fit_unsigned_for_value_not_uint_and_target_type_uint
=== CONT  TestAdaptStructureValueBasedOnPath/should_error_fit_unsigned_for_target_type_not_uint
=== CONT  TestAdaptStructureValueBasedOnPath/should_error_fit_signed_for_value_not_int_and_target_type_int
=== CONT  TestAdaptStructureValueBasedOnPath/should_error_fit_signed_for_target_type_not_int
=== CONT  TestAdaptStructureValueBasedOnPath/should_error_for_unsupported_type
=== CONT  TestAdaptStructureValueBasedOnPath/should_error_if_setting_int_into_string
=== CONT  TestAdaptStructureValueBasedOnPath/should_work_and_override_int_value_on_multiple_levels_depth
=== CONT  TestAdaptStructureValueBasedOnPath/should_work_and_override_string_value_on_multiple_levels_depth
=== CONT  TestAdaptStructureValueBasedOnPath/should_work_and_override_int32_value
=== CONT  TestAdaptStructureValueBasedOnPath/should_work_and_override_uint32_value#01
=== CONT  TestAdaptStructureValueBasedOnPath/should_work_and_override_bool_value
=== CONT  TestAdaptStructureValueBasedOnPath/should_work_and_override_uint64_value
=== CONT  TestAdaptStructureValueBasedOnPath/should_work_and_override_int64_value
=== CONT  TestAdaptStructureValueBasedOnPath/should_work_and_override_int_value
=== CONT  TestAdaptStructureValueBasedOnPath/should_error_when_setting_invalid_int64
=== CONT  TestAdaptStructureValueBasedOnPath/should_work_and_override_float32_value
=== CONT  TestAdaptStructureValueBasedOnPath/should_work_and_override_uint32_value
=== CONT  TestAdaptStructureValueBasedOnPath/should_work_and_override_string_value
=== CONT  TestAdaptStructureValueBasedOnPath/should_error_if_the_structure_is_passed_as_value
=== CONT  TestAdaptStructureValueBasedOnPath/should_work_for_single_level_structures
=== CONT  TestAdaptStructureValueBasedOnPath/should_error_if_the_field_in_the_middle_of_the_path_is_un-settable_/_unexported
=== CONT  TestAdaptStructureValueBasedOnPath/should_error_if_the_field_is_un-settable_/_unexported
=== CONT  TestAdaptStructureValueBasedOnPath/should_error_when_setting_invalid_bool
=== CONT  TestAdaptStructureValueBasedOnPath/should_error_when_setting_invalid_int
=== CONT  TestAdaptStructureValueBasedOnPath/should_error_when_setting_invalid_type_on_struct
=== CONT  TestAdaptStructureValueBasedOnPath/should_error_when_setting_invalid_float64
=== CONT  TestAdaptStructureValueBasedOnPath/should_error_when_setting_invalid_float32
=== CONT  TestAdaptStructureValueBasedOnPath/should_error_when_setting_invalid_uint64
=== CONT  TestAdaptStructureValueBasedOnPath/should_error_when_setting_invalid_uint32
=== CONT  TestAdaptStructureValueBasedOnPath/should_error_when_invalid_field_during_multiple_levels_depth
=== CONT  TestAdaptStructureValueBasedOnPath/should_error_when_setting_unsupported_type_on_struct
=== CONT  TestAdaptStructureValueBasedOnPath/should_error_when_the_final_value_is_invalid
=== CONT  TestAdaptStructureValueBasedOnPath/should_work_and_override_int32_negative_value
=== CONT  TestAdaptStructureValueBasedOnPath/should_error_uint8_value
=== CONT  TestAdaptStructureValueBasedOnPath/should_work_and_override_uint8_value
=== CONT  TestAdaptStructureValueBasedOnPath/should_work_and_override_int64_negative_value
=== CONT  TestAdaptStructureValueBasedOnPath/should_work_and_override_int64_value#01
=== CONT  TestAdaptStructureValueBasedOnPath/should_error_int32_negative_value
=== CONT  TestAdaptStructureValueBasedOnPath/empty_path,_should_not_panic,_but_catch_the_error
=== CONT  TestAdaptStructureValueBasedOnPath/wrong_path,_should_not_panic,_but_catch_the_error
=== CONT  TestAdaptStructureValueBasedOnPath/should_work_and_override_int32_value#01
=== CONT  TestAdaptStructureValueBasedOnPath/should_error_int32_value
=== CONT  TestAdaptStructureValueBasedOnPath/should_work_and_override_int32_value_with_uint16
--- PASS: TestAdaptStructureValueBasedOnPath (0.00s)
    --- PASS: TestAdaptStructureValueBasedOnPath/nil_object_to_change,_should_err (0.00s)
    --- PASS: TestAdaptStructureValueBasedOnPath/should_work_and_override_struct_of_arrays_from_toml (0.00s)
    --- PASS: TestAdaptStructureValueBasedOnPath/should_error_int16_negative_value (0.00s)
    --- PASS: TestAdaptStructureValueBasedOnPath/should_error_float32_negative_value (0.00s)
    --- PASS: TestAdaptStructureValueBasedOnPath/should_work_and_override_int16_negative_value (0.00s)
    --- PASS: TestAdaptStructureValueBasedOnPath/should_work_and_override_uint16_value (0.00s)
    --- PASS: TestAdaptStructureValueBasedOnPath/should_error_on_map_when_override_anything_else_other_than_map (0.00s)
    --- PASS: TestAdaptStructureValueBasedOnPath/should_work_on_map,_override_and_insert_values_in_map (0.00s)
    --- PASS: TestAdaptStructureValueBasedOnPath/should_work_and_override_int_array (0.00s)
    --- PASS: TestAdaptStructureValueBasedOnPath/should_work_and_override_string_array (0.00s)
    --- PASS: TestAdaptStructureValueBasedOnPath/should_work_on_slice_and_override_struct (0.00s)
    --- PASS: TestAdaptStructureValueBasedOnPath/should_error_on_map_when_override_different_map (0.00s)
    --- PASS: TestAdaptStructureValueBasedOnPath/should_error_on_slice_when_override_different_struct_types (0.00s)
    --- PASS: TestAdaptStructureValueBasedOnPath/should_work_and_override_float32_negative_value (0.01s)
    --- PASS: TestAdaptStructureValueBasedOnPath/should_error_int16_value (0.01s)
    --- PASS: TestAdaptStructureValueBasedOnPath/should_work_and_override_int_array_from_toml (0.01s)
    --- PASS: TestAdaptStructureValueBasedOnPath/should_error_uint32_negative_value (0.00s)
    --- PASS: TestAdaptStructureValueBasedOnPath/should_work_on_slice_and_override_map (0.00s)
    --- PASS: TestAdaptStructureValueBasedOnPath/should_work_and_override_uint32_value#02 (0.00s)
    --- PASS: TestAdaptStructureValueBasedOnPath/should_error_uint16_negative_value (0.00s)
    --- PASS: TestAdaptStructureValueBasedOnPath/should_error_uint16_value (0.01s)
    --- PASS: TestAdaptStructureValueBasedOnPath/should_error_with_field_not_found (0.00s)
    --- PASS: TestAdaptStructureValueBasedOnPath/should_work_and_override_int16_value (0.02s)
    --- PASS: TestAdaptStructureValueBasedOnPath/should_work_and_override_struct (0.00s)
    --- PASS: TestAdaptStructureValueBasedOnPath/should_error_on_slice_when_override_different_struct (0.00s)
    --- PASS: TestAdaptStructureValueBasedOnPath/should_work_and_override_float32_value#01 (0.00s)
    --- PASS: TestAdaptStructureValueBasedOnPath/should_error_uint8_negative_value (0.02s)
    --- PASS: TestAdaptStructureValueBasedOnPath/should_work_and_override_float64_value (0.00s)
    --- PASS: TestAdaptStructureValueBasedOnPath/should_work_and_override_float64_value#01 (0.00s)
    --- PASS: TestAdaptStructureValueBasedOnPath/should_work_and_override_int8_value (0.00s)
    --- PASS: TestAdaptStructureValueBasedOnPath/should_error_fit_float_for_target_type_not_float (0.00s)
    --- PASS: TestAdaptStructureValueBasedOnPath/should_error_fit_unsigned_for_value_not_uint_and_target_type_uint (0.00s)
    --- PASS: TestAdaptStructureValueBasedOnPath/should_error_fit_unsigned_for_target_type_not_uint (0.00s)
    --- PASS: TestAdaptStructureValueBasedOnPath/should_error_fit_signed_for_value_not_int_and_target_type_int (0.00s)
    --- PASS: TestAdaptStructureValueBasedOnPath/should_error_fit_signed_for_target_type_not_int (0.00s)
    --- PASS: TestAdaptStructureValueBasedOnPath/should_error_for_unsupported_type (0.00s)
    --- PASS: TestAdaptStructureValueBasedOnPath/should_error_if_setting_int_into_string (0.00s)
    --- PASS: TestAdaptStructureValueBasedOnPath/should_work_and_override_int_value_on_multiple_levels_depth (0.00s)
    --- PASS: TestAdaptStructureValueBasedOnPath/should_work_and_override_string_value_on_multiple_levels_depth (0.00s)
    --- PASS: TestAdaptStructureValueBasedOnPath/should_work_and_override_int32_value (0.00s)
    --- PASS: TestAdaptStructureValueBasedOnPath/should_work_and_override_uint32_value#01 (0.00s)
    --- PASS: TestAdaptStructureValueBasedOnPath/should_work_and_override_bool_value (0.00s)
    --- PASS: TestAdaptStructureValueBasedOnPath/should_work_and_override_uint64_value (0.00s)
    --- PASS: TestAdaptStructureValueBasedOnPath/should_work_and_override_int64_value (0.00s)
    --- PASS: TestAdaptStructureValueBasedOnPath/should_work_and_override_int_value (0.00s)
    --- PASS: TestAdaptStructureValueBasedOnPath/should_error_when_setting_invalid_int64 (0.00s)
    --- PASS: TestAdaptStructureValueBasedOnPath/should_work_and_override_float32_value (0.00s)
    --- PASS: TestAdaptStructureValueBasedOnPath/should_work_and_override_uint32_value (0.00s)
    --- PASS: TestAdaptStructureValueBasedOnPath/should_work_and_override_string_value (0.00s)
    --- PASS: TestAdaptStructureValueBasedOnPath/should_error_if_the_structure_is_passed_as_value (0.00s)
    --- PASS: TestAdaptStructureValueBasedOnPath/should_work_for_single_level_structures (0.00s)
    --- PASS: TestAdaptStructureValueBasedOnPath/should_error_if_the_field_in_the_middle_of_the_path_is_un-settable_/_unexported (0.00s)
    --- PASS: TestAdaptStructureValueBasedOnPath/should_error_if_the_field_is_un-settable_/_unexported (0.00s)
    --- PASS: TestAdaptStructureValueBasedOnPath/should_error_when_setting_invalid_bool (0.00s)
    --- PASS: TestAdaptStructureValueBasedOnPath/should_error_when_setting_invalid_int (0.00s)
    --- PASS: TestAdaptStructureValueBasedOnPath/should_error_when_setting_invalid_type_on_struct (0.00s)
    --- PASS: TestAdaptStructureValueBasedOnPath/should_error_when_setting_invalid_float64 (0.00s)
    --- PASS: TestAdaptStructureValueBasedOnPath/should_error_when_setting_invalid_float32 (0.00s)
    --- PASS: TestAdaptStructureValueBasedOnPath/should_error_when_setting_invalid_uint64 (0.00s)
    --- PASS: TestAdaptStructureValueBasedOnPath/should_error_when_setting_invalid_uint32 (0.00s)
    --- PASS: TestAdaptStructureValueBasedOnPath/should_error_when_invalid_field_during_multiple_levels_depth (0.00s)
    --- PASS: TestAdaptStructureValueBasedOnPath/should_error_when_setting_unsupported_type_on_struct (0.00s)
    --- PASS: TestAdaptStructureValueBasedOnPath/should_error_when_the_final_value_is_invalid (0.00s)
    --- PASS: TestAdaptStructureValueBasedOnPath/should_work_and_override_int32_negative_value (0.00s)
    --- PASS: TestAdaptStructureValueBasedOnPath/should_work_and_override_string_array_from_toml (0.03s)
    --- PASS: TestAdaptStructureValueBasedOnPath/should_error_on_slice_when_override_different_type (0.03s)
    --- PASS: TestAdaptStructureValueBasedOnPath/should_work_on_map,_override_and_insert_from_config (0.03s)
    --- PASS: TestAdaptStructureValueBasedOnPath/should_error_on_slice_when_override_int (0.03s)
    --- PASS: TestAdaptStructureValueBasedOnPath/should_work_and_override_int8_negative_value (0.01s)
    --- PASS: TestAdaptStructureValueBasedOnPath/should_work_on_map_and_insert_from_config (0.03s)
    --- PASS: TestAdaptStructureValueBasedOnPath/should_error_int8_value (0.01s)
    --- PASS: TestAdaptStructureValueBasedOnPath/should_work_and_override_uint64_value#01 (0.03s)
    --- PASS: TestAdaptStructureValueBasedOnPath/should_error_uint32_value (0.03s)
    --- PASS: TestAdaptStructureValueBasedOnPath/should_work_and_override_nested_struct (0.03s)
    --- PASS: TestAdaptStructureValueBasedOnPath/should_error_with_different_types (0.02s)
    --- PASS: TestAdaptStructureValueBasedOnPath/should_work_and_override_float64_negative_value (0.02s)
    --- PASS: TestAdaptStructureValueBasedOnPath/should_error_float32_value (0.03s)
    --- PASS: TestAdaptStructureValueBasedOnPath/should_error_uint64_negative_value (0.00s)
    --- PASS: TestAdaptStructureValueBasedOnPath/should_work_and_override_uint8_value (0.00s)
    --- PASS: TestAdaptStructureValueBasedOnPath/should_error_uint8_value (0.01s)
    --- PASS: TestAdaptStructureValueBasedOnPath/should_work_and_override_int64_negative_value (0.00s)
    --- PASS: TestAdaptStructureValueBasedOnPath/empty_path,_should_not_panic,_but_catch_the_error (0.00s)
    --- PASS: TestAdaptStructureValueBasedOnPath/wrong_path,_should_not_panic,_but_catch_the_error (0.00s)
    --- PASS: TestAdaptStructureValueBasedOnPath/should_error_int8_negative_value (0.01s)
    --- PASS: TestAdaptStructureValueBasedOnPath/should_work_and_override_int64_value#01 (0.00s)
    --- PASS: TestAdaptStructureValueBasedOnPath/should_work_and_override_int32_value_with_uint16 (0.00s)
    --- PASS: TestAdaptStructureValueBasedOnPath/should_error_int32_negative_value (0.00s)
    --- PASS: TestAdaptStructureValueBasedOnPath/should_work_and_override_int32_value#01 (0.00s)
    --- PASS: TestAdaptStructureValueBasedOnPath/should_error_int32_value (0.00s)
PASS
ok  	github.com/TerraDharitri/drt-go-chain/common/reflectcommon	(cached)
=== RUN   TestNewStateStatistics_ShouldWork
=== PAUSE TestNewStateStatistics_ShouldWork
=== RUN   TestStateStatistics_Processing
=== PAUSE TestStateStatistics_Processing
=== RUN   TestStateStatistics_Snapshot
=== PAUSE TestStateStatistics_Snapshot
=== RUN   TestStateStatistics_ConcurrenyOperations
=== PAUSE TestStateStatistics_ConcurrenyOperations
=== RUN   TestNewResourceMonitor_NilNetStatisticsProviderShouldErr
=== PAUSE TestNewResourceMonitor_NilNetStatisticsProviderShouldErr
=== RUN   TestNewResourceMonitor_InvalidRefreshValueShouldErr
=== PAUSE TestNewResourceMonitor_InvalidRefreshValueShouldErr
=== RUN   TestResourceMonitor_NewResourceMonitorShouldWork
=== PAUSE TestResourceMonitor_NewResourceMonitorShouldWork
=== RUN   TestResourceMonitor_GenerateStatisticsShouldPass
=== PAUSE TestResourceMonitor_GenerateStatisticsShouldPass
=== RUN   TestResourceMonitor_SaveStatisticsShouldNotPanic
=== PAUSE TestResourceMonitor_SaveStatisticsShouldNotPanic
=== RUN   TestResourceMonitor_StartMonitoringShouldNotPanic
=== PAUSE TestResourceMonitor_StartMonitoringShouldNotPanic
=== RUN   TestResourceMonitor_IsInterfaceNil
=== PAUSE TestResourceMonitor_IsInterfaceNil
=== CONT  TestNewStateStatistics_ShouldWork
--- PASS: TestNewStateStatistics_ShouldWork (0.00s)
=== CONT  TestResourceMonitor_IsInterfaceNil
=== CONT  TestNewResourceMonitor_InvalidRefreshValueShouldErr
--- PASS: TestNewResourceMonitor_InvalidRefreshValueShouldErr (0.00s)
=== CONT  TestResourceMonitor_StartMonitoringShouldNotPanic
--- PASS: TestResourceMonitor_IsInterfaceNil (0.00s)
=== CONT  TestNewResourceMonitor_NilNetStatisticsProviderShouldErr
--- PASS: TestNewResourceMonitor_NilNetStatisticsProviderShouldErr (0.00s)
=== CONT  TestStateStatistics_ConcurrenyOperations
=== CONT  TestStateStatistics_Snapshot
=== RUN   TestStateStatistics_Snapshot/persister_operations
=== PAUSE TestStateStatistics_Snapshot/persister_operations
=== RUN   TestStateStatistics_Snapshot/cache_operations
=== PAUSE TestStateStatistics_Snapshot/cache_operations
=== CONT  TestStateStatistics_Snapshot/persister_operations
=== CONT  TestStateStatistics_Processing
=== RUN   TestStateStatistics_Processing/trie_operations
=== PAUSE TestStateStatistics_Processing/trie_operations
=== RUN   TestStateStatistics_Processing/persister_operations
=== PAUSE TestStateStatistics_Processing/persister_operations
=== RUN   TestStateStatistics_Processing/cache_operations
=== PAUSE TestStateStatistics_Processing/cache_operations
=== CONT  TestStateStatistics_Processing/trie_operations
=== CONT  TestStateStatistics_Snapshot/cache_operations
--- PASS: TestStateStatistics_Snapshot (0.00s)
    --- PASS: TestStateStatistics_Snapshot/persister_operations (0.00s)
    --- PASS: TestStateStatistics_Snapshot/cache_operations (0.00s)
=== CONT  TestStateStatistics_Processing/cache_operations
=== CONT  TestStateStatistics_Processing/persister_operations
--- PASS: TestStateStatistics_Processing (0.00s)
    --- PASS: TestStateStatistics_Processing/trie_operations (0.00s)
    --- PASS: TestStateStatistics_Processing/cache_operations (0.00s)
    --- PASS: TestStateStatistics_Processing/persister_operations (0.00s)
=== CONT  TestResourceMonitor_GenerateStatisticsShouldPass
=== CONT  TestResourceMonitor_SaveStatisticsShouldNotPanic
=== CONT  TestResourceMonitor_NewResourceMonitorShouldWork
--- PASS: TestResourceMonitor_SaveStatisticsShouldNotPanic (0.01s)
[0;32mINFO [0m[2026-03-16 10:13:34.572]   sample statistics                        [0;32muptime[0m = 0s [0;32mtimestamp[0m = 1773636214 [0;32mnum go[0m = 625 [0;32mheap alloc[0m = 2.70 MB [0;32mheap idle[0m = 4.67 MB [0;32mheap inuse[0m = 3.55 MB [0;32mheap sys[0m = 8.22 MB [0;32mheap num objs[0m = 13285 [0;32msys mem[0m = 16.21 MB [0;32mnum GC[0m = 0 [0;32mos level stats[0m = {VmPeak: 1.66 GB, VmSize: 1.60 GB, VmLck: 0 B, VmPin: 0 B, VmHWM: 15.09 MB, VmRSS: 15.09 MB, RssAnon: 7.95 MB, RssFile: 7.14 MB, RssShmem: 0 B, VmData: 97.62 MB, VmStk: 136.00 KB, VmExe: 2.95 MB, VmLib: 1.71 MB, VmPTE: 176.00 KB, VmSwap: 0 B} [0;32mFDs[0m = 9 [0;32mnum opened files[0m = 8 [0;32mnum conns[0m = 0 [0;32mcpuPercent[0m = 5.24 [0;32mcpuLoadAveragePercent[0m = {avg1min: 4.18, avg5min: 2.03, avg15min: 1.28} [0;32mioStatsString[0m = {readCount: 333, writeCount: 58, readBytes: 0 B, writeBytes: 8.00 KB} [0;32mhost network data size in epoch[0m = {total received: N/A, total sent: N/A} 
--- PASS: TestResourceMonitor_GenerateStatisticsShouldPass (0.01s)
--- PASS: TestResourceMonitor_NewResourceMonitorShouldWork (0.01s)
--- PASS: TestStateStatistics_ConcurrenyOperations (0.03s)
--- PASS: TestResourceMonitor_StartMonitoringShouldNotPanic (1.30s)
PASS
ok  	github.com/TerraDharitri/drt-go-chain/common/statistics	(cached)
=== RUN   TestNewDisabledNetStatistics
=== PAUSE TestNewDisabledNetStatistics
=== RUN   TestNetStatistics_MethodsShouldNotPanic
=== PAUSE TestNetStatistics_MethodsShouldNotPanic
=== RUN   TestNewDisabledStateStatistics
=== PAUSE TestNewDisabledStateStatistics
=== RUN   TestStateStatistics_MethodsShouldNotPanic
=== PAUSE TestStateStatistics_MethodsShouldNotPanic
=== CONT  TestNewDisabledNetStatistics
--- PASS: TestNewDisabledNetStatistics (0.00s)
=== CONT  TestStateStatistics_MethodsShouldNotPanic
--- PASS: TestStateStatistics_MethodsShouldNotPanic (0.00s)
=== CONT  TestNewDisabledStateStatistics
--- PASS: TestNewDisabledStateStatistics (0.00s)
=== CONT  TestNetStatistics_MethodsShouldNotPanic
--- PASS: TestNetStatistics_MethodsShouldNotPanic (0.00s)
PASS
ok  	github.com/TerraDharitri/drt-go-chain/common/statistics/disabled	(cached)
=== RUN   TestCpuStatisticsUsagePercent
=== PAUSE TestCpuStatisticsUsagePercent
=== RUN   TestMemStatisticsUsage
=== PAUSE TestMemStatisticsUsage
=== RUN   TestNewNetStatistics_ShouldWorkAndNotPanic
=== PAUSE TestNewNetStatistics_ShouldWorkAndNotPanic
=== RUN   TestNetStatistics_ComputeStatisticsGetStatisticsErrorsFirstTime
=== PAUSE TestNetStatistics_ComputeStatisticsGetStatisticsErrorsFirstTime
=== RUN   TestNetStatistics_ComputeStatisticsGetStatisticsReturnsEmptyFirstTime
=== PAUSE TestNetStatistics_ComputeStatisticsGetStatisticsReturnsEmptyFirstTime
=== RUN   TestNetStatistics_ComputeStatisticsGetStatisticsErrorsSecondTime
=== PAUSE TestNetStatistics_ComputeStatisticsGetStatisticsErrorsSecondTime
=== RUN   TestNetStatistics_ComputeStatisticsGetStatisticsReturnsEmptySecondTime
=== PAUSE TestNetStatistics_ComputeStatisticsGetStatisticsReturnsEmptySecondTime
=== RUN   TestNetStatistics_ResetShouldWork
=== PAUSE TestNetStatistics_ResetShouldWork
=== RUN   TestNetStatistics_processStatistics
=== PAUSE TestNetStatistics_processStatistics
=== RUN   TestNetStatistics_processStatisticsInvalidEndVsStart
=== PAUSE TestNetStatistics_processStatisticsInvalidEndVsStart
=== RUN   TestNetStatistics_EpochConfirmed
=== PAUSE TestNetStatistics_EpochConfirmed
=== RUN   TestNetStatistics_Close
=== PAUSE TestNetStatistics_Close
=== CONT  TestCpuStatisticsUsagePercent
=== CONT  TestNetStatistics_processStatisticsInvalidEndVsStart
=== CONT  TestNetStatistics_ComputeStatisticsGetStatisticsErrorsSecondTime
=== CONT  TestNetStatistics_EpochConfirmed
=== CONT  TestNetStatistics_ComputeStatisticsGetStatisticsErrorsFirstTime
=== CONT  TestNetStatistics_ComputeStatisticsGetStatisticsReturnsEmptyFirstTime
=== CONT  TestNewNetStatistics_ShouldWorkAndNotPanic
=== CONT  TestNetStatistics_Close
--- PASS: TestNetStatistics_EpochConfirmed (0.00s)
=== CONT  TestNetStatistics_processStatistics
--- PASS: TestNetStatistics_processStatistics (0.00s)
=== CONT  TestNetStatistics_ResetShouldWork
=== CONT  TestNetStatistics_ComputeStatisticsGetStatisticsReturnsEmptySecondTime
=== CONT  TestMemStatisticsUsage
--- PASS: TestMemStatisticsUsage (0.01s)
--- PASS: TestNetStatistics_ComputeStatisticsGetStatisticsReturnsEmptyFirstTime (1.00s)
--- PASS: TestNetStatistics_processStatisticsInvalidEndVsStart (1.00s)
--- PASS: TestNetStatistics_ComputeStatisticsGetStatisticsErrorsFirstTime (1.00s)
CPU usage: 0%
--- PASS: TestCpuStatisticsUsagePercent (1.01s)
--- PASS: TestNetStatistics_ComputeStatisticsGetStatisticsErrorsSecondTime (2.00s)
--- PASS: TestNetStatistics_ComputeStatisticsGetStatisticsReturnsEmptySecondTime (2.00s)
--- PASS: TestNewNetStatistics_ShouldWorkAndNotPanic (2.01s)
Recv: 0 B/s, sent: 0 B/s
Peak recv: 2 B/s, sent: 1 B/s
Recv usage: 0%, sent: 0%
--- PASS: TestNetStatistics_ResetShouldWork (3.00s)
--- PASS: TestNetStatistics_Close (7.50s)
PASS
ok  	github.com/TerraDharitri/drt-go-chain/common/statistics/machine	(cached)
=== RUN   TestReadCurrentMemStats
=== PAUSE TestReadCurrentMemStats
=== RUN   TestParseResponse
=== PAUSE TestParseResponse
=== CONT  TestReadCurrentMemStats
=== CONT  TestParseResponse
=== RUN   TestParseResponse/unparsable_data
=== PAUSE TestParseResponse/unparsable_data
=== RUN   TestParseResponse/invalid_line_should_error
=== PAUSE TestParseResponse/invalid_line_should_error
--- PASS: TestReadCurrentMemStats (0.00s)
=== RUN   TestParseResponse/invalid_value_in_line_should_error
=== PAUSE TestParseResponse/invalid_value_in_line_should_error
=== RUN   TestParseResponse/should_work
=== PAUSE TestParseResponse/should_work
=== CONT  TestParseResponse/unparsable_data
=== CONT  TestParseResponse/should_work
=== CONT  TestParseResponse/invalid_value_in_line_should_error
=== CONT  TestParseResponse/invalid_line_should_error
--- PASS: TestParseResponse (0.00s)
    --- PASS: TestParseResponse/unparsable_data (0.00s)
    --- PASS: TestParseResponse/should_work (0.00s)
    --- PASS: TestParseResponse/invalid_value_in_line_should_error (0.00s)
    --- PASS: TestParseResponse/invalid_line_should_error (0.00s)
PASS
ok  	github.com/TerraDharitri/drt-go-chain/common/statistics/osLevel	(cached)
=== RUN   TestNewSoftwareVersionChecker_NilStatusHandlerShouldErr
=== PAUSE TestNewSoftwareVersionChecker_NilStatusHandlerShouldErr
=== RUN   TestNewSoftwareVersionChecker_NilStableTagProviderShouldErr
=== PAUSE TestNewSoftwareVersionChecker_NilStableTagProviderShouldErr
=== RUN   TestNewSoftwareVersionChecker_InvalidPollingIntervalShouldErr
=== PAUSE TestNewSoftwareVersionChecker_InvalidPollingIntervalShouldErr
=== RUN   TestNewSoftwareVersionChecker
=== PAUSE TestNewSoftwareVersionChecker
=== RUN   TestSoftwareVersionChecker_StartCheckSoftwareVersionShouldWork
=== PAUSE TestSoftwareVersionChecker_StartCheckSoftwareVersionShouldWork
=== RUN   TestSoftwareVersionChecker_StartCheckSoftwareVersionShouldErrWhenFetchFails
=== PAUSE TestSoftwareVersionChecker_StartCheckSoftwareVersionShouldErrWhenFetchFails
=== RUN   TestResourceMonitor_IsInterfaceNil
=== PAUSE TestResourceMonitor_IsInterfaceNil
=== RUN   TestNewStableTagProvider
=== PAUSE TestNewStableTagProvider
=== RUN   TestStableTagProvider_FetchTagVersion
=== PAUSE TestStableTagProvider_FetchTagVersion
=== RUN   TestStableTagProvider_IsInterfaceNil
=== PAUSE TestStableTagProvider_IsInterfaceNil
=== CONT  TestNewSoftwareVersionChecker_NilStatusHandlerShouldErr
=== CONT  TestSoftwareVersionChecker_StartCheckSoftwareVersionShouldErrWhenFetchFails
--- PASS: TestNewSoftwareVersionChecker_NilStatusHandlerShouldErr (0.00s)
=== CONT  TestNewSoftwareVersionChecker_InvalidPollingIntervalShouldErr
=== CONT  TestNewSoftwareVersionChecker_NilStableTagProviderShouldErr
--- PASS: TestNewSoftwareVersionChecker_NilStableTagProviderShouldErr (0.00s)
--- PASS: TestNewSoftwareVersionChecker_InvalidPollingIntervalShouldErr (0.00s)
=== CONT  TestStableTagProvider_FetchTagVersion
=== RUN   TestStableTagProvider_FetchTagVersion/get_failure_should_error
=== PAUSE TestStableTagProvider_FetchTagVersion/get_failure_should_error
=== RUN   TestStableTagProvider_FetchTagVersion/unmarshal_failure_should_error
=== PAUSE TestStableTagProvider_FetchTagVersion/unmarshal_failure_should_error
=== CONT  TestResourceMonitor_IsInterfaceNil
=== RUN   TestStableTagProvider_FetchTagVersion/should_work
=== PAUSE TestStableTagProvider_FetchTagVersion/should_work
=== CONT  TestStableTagProvider_IsInterfaceNil
=== CONT  TestNewSoftwareVersionChecker
=== CONT  TestSoftwareVersionChecker_StartCheckSoftwareVersionShouldWork
--- PASS: TestResourceMonitor_IsInterfaceNil (0.00s)
--- PASS: TestStableTagProvider_IsInterfaceNil (0.00s)
--- PASS: TestNewSoftwareVersionChecker (0.00s)
=== CONT  TestNewStableTagProvider
--- PASS: TestNewStableTagProvider (0.00s)
=== CONT  TestStableTagProvider_FetchTagVersion/get_failure_should_error
--- PASS: TestSoftwareVersionChecker_StartCheckSoftwareVersionShouldWork (0.00s)
=== CONT  TestStableTagProvider_FetchTagVersion/should_work
=== CONT  TestStableTagProvider_FetchTagVersion/unmarshal_failure_should_error
--- PASS: TestStableTagProvider_FetchTagVersion (0.00s)
    --- PASS: TestStableTagProvider_FetchTagVersion/get_failure_should_error (0.00s)
    --- PASS: TestStableTagProvider_FetchTagVersion/unmarshal_failure_should_error (0.00s)
    --- PASS: TestStableTagProvider_FetchTagVersion/should_work (0.00s)
--- PASS: TestSoftwareVersionChecker_StartCheckSoftwareVersionShouldErrWhenFetchFails (0.10s)
PASS
ok  	github.com/TerraDharitri/drt-go-chain/common/statistics/softwareVersion	(cached)
=== RUN   TestNewSoftwareVersionFactory_NilStatusHandlerShouldErr
=== PAUSE TestNewSoftwareVersionFactory_NilStatusHandlerShouldErr
=== RUN   TestSoftwareVersionFactory_Create
=== PAUSE TestSoftwareVersionFactory_Create
=== CONT  TestNewSoftwareVersionFactory_NilStatusHandlerShouldErr
--- PASS: TestNewSoftwareVersionFactory_NilStatusHandlerShouldErr (0.00s)
=== CONT  TestSoftwareVersionFactory_Create
--- PASS: TestSoftwareVersionFactory_Create (0.00s)
PASS
ok  	github.com/TerraDharitri/drt-go-chain/common/statistics/softwareVersion/factory	(cached)
=== RUN   Test_IsLeavingEligible_NilValidatorStatisticsDoesNotErr
--- PASS: Test_IsLeavingEligible_NilValidatorStatisticsDoesNotErr (0.00s)
=== RUN   Test_IsLeavinEligible_Eligible
--- PASS: Test_IsLeavinEligible_Eligible (0.00s)
=== RUN   Test_IsLeavingEligible_NotEligibleNotLeaving
--- PASS: Test_IsLeavingEligible_NotEligibleNotLeaving (0.00s)
=== RUN   Test_IsLeavingEligible_LeavingNoData
--- PASS: Test_IsLeavingEligible_LeavingNoData (0.00s)
=== RUN   Test_IsLeavingEligible_LeavingWithData
--- PASS: Test_IsLeavingEligible_LeavingWithData (0.00s)
=== RUN   TestWasActiveInCurrentEpoch
=== PAUSE TestWasActiveInCurrentEpoch
=== RUN   TestWasJailedEligibleInCurrentEpoch
=== PAUSE TestWasJailedEligibleInCurrentEpoch
=== RUN   TestWasEligibleInCurrentEpoch
=== PAUSE TestWasEligibleInCurrentEpoch
=== CONT  TestWasActiveInCurrentEpoch
--- PASS: TestWasActiveInCurrentEpoch (0.00s)
=== CONT  TestWasEligibleInCurrentEpoch
--- PASS: TestWasEligibleInCurrentEpoch (0.00s)
=== CONT  TestWasJailedEligibleInCurrentEpoch
--- PASS: TestWasJailedEligibleInCurrentEpoch (0.00s)
PASS
ok  	github.com/TerraDharitri/drt-go-chain/common/validatorInfo	(cached)
=== RUN   TestSanityCheckEnableEpochsStakingV4
=== PAUSE TestSanityCheckEnableEpochsStakingV4
=== RUN   TestSanityCheckNodesConfig
=== PAUSE TestSanityCheckNodesConfig
=== RUN   TestRoundConfigLoad
=== PAUSE TestRoundConfigLoad
=== RUN   TestTomlParser
--- PASS: TestTomlParser (0.00s)
=== RUN   TestTomlEconomicsParser
--- PASS: TestTomlEconomicsParser (0.00s)
=== RUN   TestTomlPreferencesParser
--- PASS: TestTomlPreferencesParser (0.00s)
=== RUN   TestTomlExternalParser
--- PASS: TestTomlExternalParser (0.00s)
=== RUN   TestAPIRoutesToml
--- PASS: TestAPIRoutesToml (0.00s)
=== RUN   TestP2pConfig
--- PASS: TestP2pConfig (0.00s)
=== RUN   TestEnableEpochConfig
--- PASS: TestEnableEpochConfig (0.00s)
=== CONT  TestSanityCheckEnableEpochsStakingV4
=== RUN   TestSanityCheckEnableEpochsStakingV4/correct_config,_should_work
=== PAUSE TestSanityCheckEnableEpochsStakingV4/correct_config,_should_work
=== RUN   TestSanityCheckEnableEpochsStakingV4/staking_v4_steps_not_in_ascending_order,_should_return_error
=== PAUSE TestSanityCheckEnableEpochsStakingV4/staking_v4_steps_not_in_ascending_order,_should_return_error
=== RUN   TestSanityCheckEnableEpochsStakingV4/staking_v4_steps_not_in_cardinal_order,_should_return_error
=== PAUSE TestSanityCheckEnableEpochsStakingV4/staking_v4_steps_not_in_cardinal_order,_should_return_error
=== RUN   TestSanityCheckEnableEpochsStakingV4/no_previous_config_for_max_nodes_change_with_one_entry,_should_not_return_error
=== PAUSE TestSanityCheckEnableEpochsStakingV4/no_previous_config_for_max_nodes_change_with_one_entry,_should_not_return_error
=== RUN   TestSanityCheckEnableEpochsStakingV4/no_max_nodes_config_change_for_StakingV4Step3EnableEpoch,_should_return_error
=== PAUSE TestSanityCheckEnableEpochsStakingV4/no_max_nodes_config_change_for_StakingV4Step3EnableEpoch,_should_return_error
=== RUN   TestSanityCheckEnableEpochsStakingV4/max_nodes_config_change_for_StakingV4Step3EnableEpoch_has_no_previous_config_change,_should_not_error
=== PAUSE TestSanityCheckEnableEpochsStakingV4/max_nodes_config_change_for_StakingV4Step3EnableEpoch_has_no_previous_config_change,_should_not_error
=== RUN   TestSanityCheckEnableEpochsStakingV4/stakingV4_config_for_max_nodes_changed_with_different_nodes_to_shuffle,_should_return_error
=== PAUSE TestSanityCheckEnableEpochsStakingV4/stakingV4_config_for_max_nodes_changed_with_different_nodes_to_shuffle,_should_return_error
=== RUN   TestSanityCheckEnableEpochsStakingV4/stakingV4_config_for_max_nodes_changed_with_wrong_max_num_nodes,_should_return_error
=== PAUSE TestSanityCheckEnableEpochsStakingV4/stakingV4_config_for_max_nodes_changed_with_wrong_max_num_nodes,_should_return_error
=== CONT  TestSanityCheckEnableEpochsStakingV4/correct_config,_should_work
=== CONT  TestSanityCheckNodesConfig
=== RUN   TestSanityCheckNodesConfig/should_work
=== PAUSE TestSanityCheckNodesConfig/should_work
=== RUN   TestSanityCheckNodesConfig/zero_nodes_to_shuffle_per_shard,_should_not_return_error
=== PAUSE TestSanityCheckNodesConfig/zero_nodes_to_shuffle_per_shard,_should_not_return_error
=== RUN   TestSanityCheckNodesConfig/maxNumNodes_<_minNumNodesWithHysteresis,_should_return_error_
=== PAUSE TestSanityCheckNodesConfig/maxNumNodes_<_minNumNodesWithHysteresis,_should_return_error_
=== CONT  TestSanityCheckNodesConfig/should_work
=== CONT  TestSanityCheckEnableEpochsStakingV4/stakingV4_config_for_max_nodes_changed_with_wrong_max_num_nodes,_should_return_error
=== CONT  TestSanityCheckEnableEpochsStakingV4/stakingV4_config_for_max_nodes_changed_with_different_nodes_to_shuffle,_should_return_error
=== CONT  TestSanityCheckEnableEpochsStakingV4/max_nodes_config_change_for_StakingV4Step3EnableEpoch_has_no_previous_config_change,_should_not_error
[0;33mWARN [0m[2026-03-16 10:13:34.759]   found config change in MaxNodesChangeEnableEpoch for StakingV4Step3EnableEpoch = 6, but no previous config change entry in MaxNodesChangeEnableEpoch before entry with EpochEnable = StakingV4Step3EnableEpoch  
=== CONT  TestSanityCheckEnableEpochsStakingV4/no_max_nodes_config_change_for_StakingV4Step3EnableEpoch,_should_return_error
=== CONT  TestSanityCheckEnableEpochsStakingV4/no_previous_config_for_max_nodes_change_with_one_entry,_should_not_return_error
=== CONT  TestSanityCheckEnableEpochsStakingV4/staking_v4_steps_not_in_cardinal_order,_should_return_error
=== CONT  TestSanityCheckEnableEpochsStakingV4/staking_v4_steps_not_in_ascending_order,_should_return_error
--- PASS: TestSanityCheckEnableEpochsStakingV4 (0.00s)
    --- PASS: TestSanityCheckEnableEpochsStakingV4/correct_config,_should_work (0.00s)
    --- PASS: TestSanityCheckEnableEpochsStakingV4/stakingV4_config_for_max_nodes_changed_with_wrong_max_num_nodes,_should_return_error (0.00s)
    --- PASS: TestSanityCheckEnableEpochsStakingV4/stakingV4_config_for_max_nodes_changed_with_different_nodes_to_shuffle,_should_return_error (0.00s)
    --- PASS: TestSanityCheckEnableEpochsStakingV4/max_nodes_config_change_for_StakingV4Step3EnableEpoch_has_no_previous_config_change,_should_not_error (0.00s)
    --- PASS: TestSanityCheckEnableEpochsStakingV4/no_max_nodes_config_change_for_StakingV4Step3EnableEpoch,_should_return_error (0.00s)
    --- PASS: TestSanityCheckEnableEpochsStakingV4/no_previous_config_for_max_nodes_change_with_one_entry,_should_not_return_error (0.00s)
    --- PASS: TestSanityCheckEnableEpochsStakingV4/staking_v4_steps_not_in_cardinal_order,_should_return_error (0.00s)
    --- PASS: TestSanityCheckEnableEpochsStakingV4/staking_v4_steps_not_in_ascending_order,_should_return_error (0.00s)
=== CONT  TestRoundConfigLoad
--- PASS: TestRoundConfigLoad (0.00s)
=== CONT  TestSanityCheckNodesConfig/maxNumNodes_<_minNumNodesWithHysteresis,_should_return_error_
=== CONT  TestSanityCheckNodesConfig/zero_nodes_to_shuffle_per_shard,_should_not_return_error
--- PASS: TestSanityCheckNodesConfig (0.00s)
    --- PASS: TestSanityCheckNodesConfig/should_work (0.00s)
    --- PASS: TestSanityCheckNodesConfig/maxNumNodes_<_minNumNodesWithHysteresis,_should_return_error_ (0.00s)
    --- PASS: TestSanityCheckNodesConfig/zero_nodes_to_shuffle_per_shard,_should_not_return_error (0.00s)
PASS
ok  	github.com/TerraDharitri/drt-go-chain/config	(cached)
=== RUN   TestOverrideConfigValues
=== PAUSE TestOverrideConfigValues
=== CONT  TestOverrideConfigValues
=== RUN   TestOverrideConfigValues/empty_overridable_config,_should_not_error
=== PAUSE TestOverrideConfigValues/empty_overridable_config,_should_not_error
=== RUN   TestOverrideConfigValues/invalid_config_file,_should_error
=== PAUSE TestOverrideConfigValues/invalid_config_file,_should_error
=== RUN   TestOverrideConfigValues/nil_config,_should_error
=== PAUSE TestOverrideConfigValues/nil_config,_should_error
=== RUN   TestOverrideConfigValues/should_work_for_config.toml
=== PAUSE TestOverrideConfigValues/should_work_for_config.toml
=== RUN   TestOverrideConfigValues/should_work_for_p2p.toml
=== PAUSE TestOverrideConfigValues/should_work_for_p2p.toml
=== RUN   TestOverrideConfigValues/should_work_for_fullArchiveP2P.toml
=== PAUSE TestOverrideConfigValues/should_work_for_fullArchiveP2P.toml
=== RUN   TestOverrideConfigValues/should_work_for_external.toml
=== PAUSE TestOverrideConfigValues/should_work_for_external.toml
=== RUN   TestOverrideConfigValues/should_work_for_enableEpochs.toml
=== PAUSE TestOverrideConfigValues/should_work_for_enableEpochs.toml
=== RUN   TestOverrideConfigValues/should_work_for_api.toml
=== PAUSE TestOverrideConfigValues/should_work_for_api.toml
=== RUN   TestOverrideConfigValues/should_work_for_economics.toml
=== PAUSE TestOverrideConfigValues/should_work_for_economics.toml
=== RUN   TestOverrideConfigValues/should_work_for_enableRounds.toml
=== PAUSE TestOverrideConfigValues/should_work_for_enableRounds.toml
=== RUN   TestOverrideConfigValues/should_work_for_ratings.toml
=== PAUSE TestOverrideConfigValues/should_work_for_ratings.toml
=== RUN   TestOverrideConfigValues/should_work_for_systemSmartContractsConfig.toml
=== PAUSE TestOverrideConfigValues/should_work_for_systemSmartContractsConfig.toml
=== RUN   TestOverrideConfigValues/should_work_for_go_struct_overwrite
=== PAUSE TestOverrideConfigValues/should_work_for_go_struct_overwrite
=== CONT  TestOverrideConfigValues/empty_overridable_config,_should_not_error
=== CONT  TestOverrideConfigValues/should_work_for_enableEpochs.toml
=== CONT  TestOverrideConfigValues/invalid_config_file,_should_error
=== CONT  TestOverrideConfigValues/should_work_for_external.toml
=== CONT  TestOverrideConfigValues/should_work_for_enableRounds.toml
=== CONT  TestOverrideConfigValues/should_work_for_ratings.toml
[0;32mINFO [0m[2026-03-16 10:13:34.800]   updated config value                     [0;32mfile[0m = external.toml [0;32mpath[0m = ElasticSearchConnector.Password [0;32mvalue[0m = new pass 
[0;32mINFO [0m[2026-03-16 10:13:34.800]   updated config value                     [0;32mfile[0m = enableRounds.toml [0;32mpath[0m = RoundActivations [0;32mvalue[0m = map[DisableAsyncCallV1:{37 []}] 
[0;32mINFO [0m[2026-03-16 10:13:34.800]   updated config value                     [0;32mfile[0m = ratings.toml [0;32mpath[0m = General.StartRating [0;32mvalue[0m = 37 
=== CONT  TestOverrideConfigValues/should_work_for_go_struct_overwrite
=== CONT  TestOverrideConfigValues/should_work_for_fullArchiveP2P.toml
[0;32mINFO [0m[2026-03-16 10:13:34.800]   updated config value                     [0;32mfile[0m = config.toml [0;32mpath[0m = VirtualMachine.Execution.WasmVMVersions [0;32mvalue[0m = [{0 1.5}] 
[0;32mINFO [0m[2026-03-16 10:13:34.800]   updated config value                     [0;32mfile[0m = enableEpochs.toml [0;32mpath[0m = EnableEpochs.DCDTMetadataContinuousCleanupEnableEpoch [0;32mvalue[0m = 37 
=== CONT  TestOverrideConfigValues/should_work_for_systemSmartContractsConfig.toml
[0;32mINFO [0m[2026-03-16 10:13:34.800]   updated config value                     [0;32mfile[0m = systemSmartContractsConfig.toml [0;32mpath[0m = StakingSystemSCConfig.UnBondPeriod [0;32mvalue[0m = 37 
=== CONT  TestOverrideConfigValues/should_work_for_config.toml
[0;32mINFO [0m[2026-03-16 10:13:34.800]   updated config value                     [0;32mfile[0m = config.toml [0;32mpath[0m = BootstrapStorage.DB.FilePath [0;32mvalue[0m = new path 
=== CONT  TestOverrideConfigValues/nil_config,_should_error
=== CONT  TestOverrideConfigValues/should_work_for_economics.toml
=== CONT  TestOverrideConfigValues/should_work_for_api.toml
=== CONT  TestOverrideConfigValues/should_work_for_p2p.toml
[0;32mINFO [0m[2026-03-16 10:13:34.800]   updated config value                     [0;32mfile[0m = p2p.toml [0;32mpath[0m = Sharding.TargetPeerCount [0;32mvalue[0m = 37 
[0;32mINFO [0m[2026-03-16 10:13:34.800]   updated config value                     [0;32mfile[0m = fullArchiveP2P.toml [0;32mpath[0m = Sharding.TargetPeerCount [0;32mvalue[0m = 37 
[0;32mINFO [0m[2026-03-16 10:13:34.800]   updated config value                     [0;32mfile[0m = economics.toml [0;32mpath[0m = GlobalSettings.GenesisTotalSupply [0;32mvalue[0m = 37 
[0;32mINFO [0m[2026-03-16 10:13:34.800]   updated config value                     [0;32mfile[0m = api.toml [0;32mpath[0m = Logging.LoggingEnabled [0;32mvalue[0m = true 
--- PASS: TestOverrideConfigValues (0.00s)
    --- PASS: TestOverrideConfigValues/empty_overridable_config,_should_not_error (0.00s)
    --- PASS: TestOverrideConfigValues/invalid_config_file,_should_error (0.00s)
    --- PASS: TestOverrideConfigValues/should_work_for_external.toml (0.00s)
    --- PASS: TestOverrideConfigValues/should_work_for_enableRounds.toml (0.00s)
    --- PASS: TestOverrideConfigValues/should_work_for_ratings.toml (0.00s)
    --- PASS: TestOverrideConfigValues/should_work_for_go_struct_overwrite (0.00s)
    --- PASS: TestOverrideConfigValues/should_work_for_systemSmartContractsConfig.toml (0.00s)
    --- PASS: TestOverrideConfigValues/should_work_for_config.toml (0.00s)
    --- PASS: TestOverrideConfigValues/nil_config,_should_error (0.00s)
    --- PASS: TestOverrideConfigValues/should_work_for_enableEpochs.toml (0.00s)
    --- PASS: TestOverrideConfigValues/should_work_for_p2p.toml (0.00s)
    --- PASS: TestOverrideConfigValues/should_work_for_fullArchiveP2P.toml (0.00s)
    --- PASS: TestOverrideConfigValues/should_work_for_economics.toml (0.00s)
    --- PASS: TestOverrideConfigValues/should_work_for_api.toml (0.00s)
PASS
ok  	github.com/TerraDharitri/drt-go-chain/config/overridableConfig	(cached)
=== RUN   TestConsensusMessage_NewConsensusMessageShouldWork
=== PAUSE TestConsensusMessage_NewConsensusMessageShouldWork
=== CONT  TestConsensusMessage_NewConsensusMessageShouldWork
--- PASS: TestConsensusMessage_NewConsensusMessageShouldWork (0.00s)
PASS
ok  	github.com/TerraDharitri/drt-go-chain/consensus	(cached)
=== RUN   TestNewPeerBlacklist
=== PAUSE TestNewPeerBlacklist
=== RUN   TestBlacklistPeer
=== PAUSE TestBlacklistPeer
=== RUN   TestIsPeerBlacklisted
=== PAUSE TestIsPeerBlacklisted
=== CONT  TestNewPeerBlacklist
=== RUN   TestNewPeerBlacklist/nil_peer_cacher,_should_fail
=== PAUSE TestNewPeerBlacklist/nil_peer_cacher,_should_fail
=== RUN   TestNewPeerBlacklist/should_work
=== PAUSE TestNewPeerBlacklist/should_work
=== CONT  TestIsPeerBlacklisted
=== CONT  TestNewPeerBlacklist/should_work
=== CONT  TestNewPeerBlacklist/nil_peer_cacher,_should_fail
=== CONT  TestBlacklistPeer
--- PASS: TestIsPeerBlacklisted (0.00s)
--- PASS: TestBlacklistPeer (0.00s)
--- PASS: TestNewPeerBlacklist (0.00s)
    --- PASS: TestNewPeerBlacklist/nil_peer_cacher,_should_fail (0.00s)
    --- PASS: TestNewPeerBlacklist/should_work (5.00s)
PASS
ok  	github.com/TerraDharitri/drt-go-chain/consensus/blacklist	(cached)
?   	github.com/TerraDharitri/drt-go-chain/consensus/broadcast/shared	[no test files]
?   	github.com/TerraDharitri/drt-go-chain/consensus/mock	[no test files]
?   	github.com/TerraDharitri/drt-go-chain/dataRetriever/factory/containers/disabled	[no test files]
?   	github.com/TerraDharitri/drt-go-chain/dataRetriever/factory/resolverscontainer/disabled	[no test files]
?   	github.com/TerraDharitri/drt-go-chain/dataRetriever/mock	[no test files]
?   	github.com/TerraDharitri/drt-go-chain/dataRetriever/requestHandlers/requesters/disabled	[no test files]
?   	github.com/TerraDharitri/drt-go-chain/dataRetriever/resolvers/disabled	[no test files]
?   	github.com/TerraDharitri/drt-go-chain/dblookupext/dcdtSupply/proto	[no test files]
?   	github.com/TerraDharitri/drt-go-chain/dblookupext/disabled	[no test files]
?   	github.com/TerraDharitri/drt-go-chain/debug	[no test files]
?   	github.com/TerraDharitri/drt-go-chain/debug/mock	[no test files]
?   	github.com/TerraDharitri/drt-go-chain/epochStart	[no test files]
?   	github.com/TerraDharitri/drt-go-chain/epochStart/bootstrap/disabled	[no test files]
?   	github.com/TerraDharitri/drt-go-chain/epochStart/bootstrap/factory	[no test files]
?   	github.com/TerraDharitri/drt-go-chain/epochStart/bootstrap/types	[no test files]
?   	github.com/TerraDharitri/drt-go-chain/epochStart/mock	[no test files]
?   	github.com/TerraDharitri/drt-go-chain/errors	[no test files]
?   	github.com/TerraDharitri/drt-go-chain/facade/mock	[no test files]
?   	github.com/TerraDharitri/drt-go-chain/factory/disabled	[no test files]
?   	github.com/TerraDharitri/drt-go-chain/factory/mock	[no test files]
?   	github.com/TerraDharitri/drt-go-chain/fallback/mock	[no test files]
?   	github.com/TerraDharitri/drt-go-chain/genesis	[no test files]
?   	github.com/TerraDharitri/drt-go-chain/genesis/mock	[no test files]
?   	github.com/TerraDharitri/drt-go-chain/heartbeat	[no test files]
?   	github.com/TerraDharitri/drt-go-chain/heartbeat/data	[no test files]
?   	github.com/TerraDharitri/drt-go-chain/heartbeat/mock	[no test files]
?   	github.com/TerraDharitri/drt-go-chain/heartbeat/sender/disabled	[no test files]
?   	github.com/TerraDharitri/drt-go-chain/integrationTests	[no test files]
?   	github.com/TerraDharitri/drt-go-chain/node/chainSimulator/components/heartbeat	[no test files]
?   	github.com/TerraDharitri/drt-go-chain/node/chainSimulator/disabled	[no test files]
?   	github.com/TerraDharitri/drt-go-chain/node/chainSimulator/dtos	[no test files]
?   	github.com/TerraDharitri/drt-go-chain/node/chainSimulator/errors	[no test files]
?   	github.com/TerraDharitri/drt-go-chain/node/disabled	[no test files]
?   	github.com/TerraDharitri/drt-go-chain/node/external/timemachine	[no test files]
?   	github.com/TerraDharitri/drt-go-chain/node/mock	[no test files]
?   	github.com/TerraDharitri/drt-go-chain/node/mock/factory	[no test files]
?   	github.com/TerraDharitri/drt-go-chain/node/trieIterators/disabled	[no test files]
?   	github.com/TerraDharitri/drt-go-chain/outport/disabled	[no test files]
?   	github.com/TerraDharitri/drt-go-chain/outport/mock	[no test files]
?   	github.com/TerraDharitri/drt-go-chain/outport/process/alteredaccounts/shared	[no test files]
?   	github.com/TerraDharitri/drt-go-chain/p2p	[no test files]
?   	github.com/TerraDharitri/drt-go-chain/outport/process/disabled	[no test files]
?   	github.com/TerraDharitri/drt-go-chain/p2p/factory	[no test files]
?   	github.com/TerraDharitri/drt-go-chain/p2p/mock	[no test files]
?   	github.com/TerraDharitri/drt-go-chain/p2p/config	[no test files]
?   	github.com/TerraDharitri/drt-go-chain/p2p/disabled	[no test files]
?   	github.com/TerraDharitri/drt-go-chain/process/factory	[no test files]
?   	github.com/TerraDharitri/drt-go-chain/process/guardian/disabled	[no test files]
?   	github.com/TerraDharitri/drt-go-chain/process/interceptors/disabled	[no test files]
?   	github.com/TerraDharitri/drt-go-chain/process/mock	[no test files]
?   	github.com/TerraDharitri/drt-go-chain/process/sync/disabled	[no test files]
?   	github.com/TerraDharitri/drt-go-chain/process/sync/storageBootstrap/metricsLoader	[no test files]
?   	github.com/TerraDharitri/drt-go-chain/process/transactionEvaluator/data	[no test files]
?   	github.com/TerraDharitri/drt-go-chain/redundancy/mock	[no test files]
?   	github.com/TerraDharitri/drt-go-chain/sharding/mock	[no test files]
?   	github.com/TerraDharitri/drt-go-chain/state/dataTrieValue	[no test files]
?   	github.com/TerraDharitri/drt-go-chain/state/iteratorChannelsProvider	[no test files]
?   	github.com/TerraDharitri/drt-go-chain/state/storagePruningManager/disabled	[no test files]
?   	github.com/TerraDharitri/drt-go-chain/statusHandler/mock	[no test files]
?   	github.com/TerraDharitri/drt-go-chain/storage	[no test files]
?   	github.com/TerraDharitri/drt-go-chain/storage/databaseremover/disabled	[no test files]
?   	github.com/TerraDharitri/drt-go-chain/storage/mock	[no test files]
?   	github.com/TerraDharitri/drt-go-chain/testscommon	[no test files]
?   	github.com/TerraDharitri/drt-go-chain/testscommon/api	[no test files]
?   	github.com/TerraDharitri/drt-go-chain/testscommon/common	[no test files]
?   	github.com/TerraDharitri/drt-go-chain/testscommon/bootstrapMocks/epochStart	[no test files]
?   	github.com/TerraDharitri/drt-go-chain/testscommon/bootstrapperStubs	[no test files]
?   	github.com/TerraDharitri/drt-go-chain/testscommon/cache	[no test files]
?   	github.com/TerraDharitri/drt-go-chain/testscommon/commonmocks	[no test files]
?   	github.com/TerraDharitri/drt-go-chain/testscommon/enableEpochsHandlerMock	[no test files]
?   	github.com/TerraDharitri/drt-go-chain/testscommon/epochstartmock	[no test files]
?   	github.com/TerraDharitri/drt-go-chain/testscommon/factory	[no test files]
?   	github.com/TerraDharitri/drt-go-chain/testscommon/genericMocks	[no test files]
?   	github.com/TerraDharitri/drt-go-chain/testscommon/genesisMocks	[no test files]
?   	github.com/TerraDharitri/drt-go-chain/testscommon/chainParameters	[no test files]
?   	github.com/TerraDharitri/drt-go-chain/testscommon/cryptoMocks	[no test files]
?   	github.com/TerraDharitri/drt-go-chain/testscommon/consensus/initializers	[no test files]
?   	github.com/TerraDharitri/drt-go-chain/testscommon/dblookupext	[no test files]
?   	github.com/TerraDharitri/drt-go-chain/testscommon/economicsmocks	[no test files]
?   	github.com/TerraDharitri/drt-go-chain/testscommon/epochNotifier	[no test files]
?   	github.com/TerraDharitri/drt-go-chain/testscommon/chainSimulator	[no test files]
?   	github.com/TerraDharitri/drt-go-chain/testscommon/bootstrapMocks	[no test files]
?   	github.com/TerraDharitri/drt-go-chain/testscommon/components	[no test files]
?   	github.com/TerraDharitri/drt-go-chain/testscommon/consensus	[no test files]
?   	github.com/TerraDharitri/drt-go-chain/testscommon/dataRetriever	[no test files]
?   	github.com/TerraDharitri/drt-go-chain/testscommon/guardianMocks	[no test files]
?   	github.com/TerraDharitri/drt-go-chain/testscommon/hashingMocks	[no test files]
?   	github.com/TerraDharitri/drt-go-chain/testscommon/interceptedTxMocks	[no test files]
?   	github.com/TerraDharitri/drt-go-chain/testscommon/nodesSetupMock	[no test files]
?   	github.com/TerraDharitri/drt-go-chain/testscommon/outport	[no test files]
?   	github.com/TerraDharitri/drt-go-chain/testscommon/p2pmocks	[no test files]
?   	github.com/TerraDharitri/drt-go-chain/testscommon/shardingMocks/nodesCoordinatorMocks	[no test files]
?   	github.com/TerraDharitri/drt-go-chain/testscommon/state	[no test files]
?   	github.com/TerraDharitri/drt-go-chain/testscommon/storage	[no test files]
?   	github.com/TerraDharitri/drt-go-chain/testscommon/txDataBuilder	[no test files]
?   	github.com/TerraDharitri/drt-go-chain/testscommon/txcachemocks	[no test files]
?   	github.com/TerraDharitri/drt-go-chain/testscommon/txsSenderMock	[no test files]
?   	github.com/TerraDharitri/drt-go-chain/testscommon/vmcommonMocks	[no test files]
?   	github.com/TerraDharitri/drt-go-chain/testscommon/mainFactoryMocks	[no test files]
?   	github.com/TerraDharitri/drt-go-chain/testscommon/stakingcommon	[no test files]
?   	github.com/TerraDharitri/drt-go-chain/testscommon/marshallerMock	[no test files]
?   	github.com/TerraDharitri/drt-go-chain/testscommon/statusHandler	[no test files]
?   	github.com/TerraDharitri/drt-go-chain/testscommon/nodeTypeProviderMock	[no test files]
?   	github.com/TerraDharitri/drt-go-chain/testscommon/storageManager	[no test files]
?   	github.com/TerraDharitri/drt-go-chain/testscommon/syncer	[no test files]
?   	github.com/TerraDharitri/drt-go-chain/testscommon/toml	[no test files]
?   	github.com/TerraDharitri/drt-go-chain/testscommon/trie	[no test files]
?   	github.com/TerraDharitri/drt-go-chain/testscommon/pool	[no test files]
?   	github.com/TerraDharitri/drt-go-chain/testscommon/processMocks	[no test files]
?   	github.com/TerraDharitri/drt-go-chain/testscommon/validatorInfoCacher	[no test files]
?   	github.com/TerraDharitri/drt-go-chain/testscommon/scheduledDataSyncer	[no test files]
?   	github.com/TerraDharitri/drt-go-chain/testscommon/shardingMocks	[no test files]
?   	github.com/TerraDharitri/drt-go-chain/trie/mock	[no test files]
?   	github.com/TerraDharitri/drt-go-chain/update/disabled	[no test files]
?   	github.com/TerraDharitri/drt-go-chain/update/factory	[no test files]
?   	github.com/TerraDharitri/drt-go-chain/update/mock	[no test files]
?   	github.com/TerraDharitri/drt-go-chain/vm	[no test files]
?   	github.com/TerraDharitri/drt-go-chain/vm/mock	[no test files]
?   	github.com/TerraDharitri/drt-go-chain/vm/systemSmartContracts/defaults	[no test files]
=== RUN   TestCommonMessenger_BroadcastConsensusMessageShouldErrWhenSignMessageFail
--- PASS: TestCommonMessenger_BroadcastConsensusMessageShouldErrWhenSignMessageFail (0.00s)
=== RUN   TestCommonMessenger_BroadcastConsensusMessageShouldWork
--- PASS: TestCommonMessenger_BroadcastConsensusMessageShouldWork (0.00s)
=== RUN   TestSubroundEndRound_ExtractMiniBlocksAndTransactionsShouldWork
=== PAUSE TestSubroundEndRound_ExtractMiniBlocksAndTransactionsShouldWork
=== RUN   TestCommonMessenger_BroadcastBlockData
=== RUN   TestCommonMessenger_BroadcastBlockData/original_public_key_of_the_node
=== RUN   TestCommonMessenger_BroadcastBlockData/managed_key
--- PASS: TestCommonMessenger_BroadcastBlockData (2.06s)
    --- PASS: TestCommonMessenger_BroadcastBlockData/original_public_key_of_the_node (1.03s)
    --- PASS: TestCommonMessenger_BroadcastBlockData/managed_key (1.03s)
=== RUN   TestCommonMessenger_broadcast
=== PAUSE TestCommonMessenger_broadcast
=== RUN   TestNewDelayedBlockBroadcaster_NilShardCoordinatorShouldErr
=== PAUSE TestNewDelayedBlockBroadcaster_NilShardCoordinatorShouldErr
=== RUN   TestNewDelayedBlockBroadcaster_NilHeadersSubscriberShouldErr
=== PAUSE TestNewDelayedBlockBroadcaster_NilHeadersSubscriberShouldErr
=== RUN   TestNewDelayedBlockBroadcaster_NilInterceptorsContainerShouldErr
=== PAUSE TestNewDelayedBlockBroadcaster_NilInterceptorsContainerShouldErr
=== RUN   TestNewDelayedBlockBroadcaster_NilAlarmSchedulerShouldErr
=== PAUSE TestNewDelayedBlockBroadcaster_NilAlarmSchedulerShouldErr
=== RUN   TestNewDelayedBlockBroadcasterOK
=== PAUSE TestNewDelayedBlockBroadcasterOK
=== RUN   TestDelayedBlockBroadcaster_HeaderReceivedNoDelayedDataRegistered
=== PAUSE TestDelayedBlockBroadcaster_HeaderReceivedNoDelayedDataRegistered
=== RUN   TestDelayedBlockBroadcaster_HeaderReceivedForRegisteredDelayedDataShouldBroadcastTheData
=== PAUSE TestDelayedBlockBroadcaster_HeaderReceivedForRegisteredDelayedDataShouldBroadcastTheData
=== RUN   TestDelayedBlockBroadcaster_HeaderReceivedForNotRegisteredDelayedDataShouldNotBroadcast
=== PAUSE TestDelayedBlockBroadcaster_HeaderReceivedForNotRegisteredDelayedDataShouldNotBroadcast
=== RUN   TestDelayedBlockBroadcaster_HeaderReceivedWithoutSignaturesForShardShouldNotBroadcastTheData
[0;37mTRACE[0m[2026-03-16 10:16:55.068]   delayedBlockBroadcaster.SetLeaderData: setting leader delay data [0;37mheaderHash[0m = 316865616465722068617368 
[0;37mTRACE[0m[2026-03-16 10:16:55.078]   delayedBlockBroadcaster.headerReceived: header received with no shardData for current shard [0;37mheaderHash[0m = 6d6574612068617368 
--- PASS: TestDelayedBlockBroadcaster_HeaderReceivedWithoutSignaturesForShardShouldNotBroadcastTheData (2.11s)
=== RUN   TestDelayedBlockBroadcaster_HeaderReceivedForNextRegisteredDelayedDataShouldBroadcastBoth
=== PAUSE TestDelayedBlockBroadcaster_HeaderReceivedForNextRegisteredDelayedDataShouldBroadcastBoth
=== RUN   TestDelayedBlockBroadcaster_SetLeaderDataNilDataShouldErr
=== PAUSE TestDelayedBlockBroadcaster_SetLeaderDataNilDataShouldErr
=== RUN   TestDelayedBlockBroadcaster_SetLeaderData
=== PAUSE TestDelayedBlockBroadcaster_SetLeaderData
=== RUN   TestDelayedBlockBroadcaster_SetLeaderDataOverCacheSizeShouldBroadcastOldest
[0;36mDEBUG[0m[2026-03-16 10:16:57.199]   delayedBlockBroadcaster.SetLeaderData: leader broadcasts old data before alarm due to too much delay data [0;36mheaderHash[0m = 316865616465722068617368 [0;36mnbDelayedData[0m = 3 [0;36mmaxDelayCacheSize[0m = 2 
--- PASS: TestDelayedBlockBroadcaster_SetLeaderDataOverCacheSizeShouldBroadcastOldest (0.03s)
=== RUN   TestDelayedBlockBroadcaster_SetValidatorDataNilDataShouldErr
=== PAUSE TestDelayedBlockBroadcaster_SetValidatorDataNilDataShouldErr
=== RUN   TestDelayedBlockBroadcaster_SetValidatorData
=== PAUSE TestDelayedBlockBroadcaster_SetValidatorData
=== RUN   TestDelayedBlockBroadcaster_SetBroadcastHandlersFailsIfNilHandler
=== PAUSE TestDelayedBlockBroadcaster_SetBroadcastHandlersFailsIfNilHandler
=== RUN   TestDelayedBlockBroadcaster_SetHeaderForValidatorWithoutSignaturesShouldNotSetAlarm
[0;37mTRACE[0m[2026-03-16 10:16:57.209]   delayedBlockBroadcaster.SetHeaderForValidator [0;37mnbDelayedBroadcastData[0m = 0 [0;37mnbValBroadcastData[0m = 0 [0;37mnbValHeaderBroadcastData[0m = 0 
[0;37mTRACE[0m[2026-03-16 10:16:57.209]   delayedBlockBroadcaster.SetHeaderForValidator: header alarm has not been set [0;37mvalidatorConsensusOrder[0m = 1 
--- PASS: TestDelayedBlockBroadcaster_SetHeaderForValidatorWithoutSignaturesShouldNotSetAlarm (1.10s)
=== RUN   TestDelayedBlockBroadcaster_SetHeaderForValidatorShouldSetAlarmAndBroadcastHeader
=== PAUSE TestDelayedBlockBroadcaster_SetHeaderForValidatorShouldSetAlarmAndBroadcastHeader
=== RUN   TestDelayedBlockBroadcaster_SetHeaderForValidator_BroadcastHeaderError
[0;33mWARN [0m[2026-03-16 10:16:59.311]   delayedBlockBroadcaster.headerAlarmExpired [0;33merror[0m = broadcast error [0;33mheaderHash[0m = 686561646572206861736830 [0;33malarmID[0m = header_686561646572206861736830 
--- PASS: TestDelayedBlockBroadcaster_SetHeaderForValidator_BroadcastHeaderError (1.10s)
=== RUN   TestDelayedBlockBroadcaster_SetValidatorDataFinalizedMetaHeaderShouldSetAlarmAndBroadcastHeaderAndData
=== PAUSE TestDelayedBlockBroadcaster_SetValidatorDataFinalizedMetaHeaderShouldSetAlarmAndBroadcastHeaderAndData
=== RUN   TestDelayedBlockBroadcaster_InterceptedHeaderShouldCancelAlarm
=== PAUSE TestDelayedBlockBroadcaster_InterceptedHeaderShouldCancelAlarm
=== RUN   TestDelayedBlockBroadcaster_InterceptedHeaderShouldCancelAlarmForHeaderBroadcast
=== PAUSE TestDelayedBlockBroadcaster_InterceptedHeaderShouldCancelAlarmForHeaderBroadcast
=== RUN   TestDelayedBlockBroadcaster_InterceptedHeaderInvalidOrDifferentShouldIgnore
=== PAUSE TestDelayedBlockBroadcaster_InterceptedHeaderInvalidOrDifferentShouldIgnore
=== RUN   TestDelayedBlockBroadcaster_SetValidatorDelayBroadcastAccumulatedDataBounded
=== PAUSE TestDelayedBlockBroadcaster_SetValidatorDelayBroadcastAccumulatedDataBounded
=== RUN   TestDelayedBlockBroadcaster_ScheduleValidatorBroadcastDifferentHeaderRoundShouldDoNothing
=== PAUSE TestDelayedBlockBroadcaster_ScheduleValidatorBroadcastDifferentHeaderRoundShouldDoNothing
=== RUN   TestDelayedBlockBroadcaster_ScheduleValidatorBroadcastDifferentPrevRandShouldDoNothing
=== PAUSE TestDelayedBlockBroadcaster_ScheduleValidatorBroadcastDifferentPrevRandShouldDoNothing
=== RUN   TestDelayedBlockBroadcaster_ScheduleValidatorBroadcastSameRoundAndPrevRandShouldBroadcast
=== PAUSE TestDelayedBlockBroadcaster_ScheduleValidatorBroadcastSameRoundAndPrevRandShouldBroadcast
=== RUN   TestDelayedBlockBroadcaster_AlarmExpiredShouldBroadcastTheDataForRegisteredDelayedData
=== PAUSE TestDelayedBlockBroadcaster_AlarmExpiredShouldBroadcastTheDataForRegisteredDelayedData
=== RUN   TestDelayedBlockBroadcaster_AlarmExpiredShouldDoNothingForNotRegisteredData
=== PAUSE TestDelayedBlockBroadcaster_AlarmExpiredShouldDoNothingForNotRegisteredData
=== RUN   TestDelayedBlockBroadcaster_HeaderAlarmExpired_InvalidAlarmID
[0;31mERROR[0m[2026-03-16 10:16:59.413]   delayedBlockBroadcaster.headerAlarmExpired [0;31merror[0m = encoding/hex: invalid byte: U+0069 'i' [0;31malarmID[0m = invalid_alarm_id 
--- PASS: TestDelayedBlockBroadcaster_HeaderAlarmExpired_InvalidAlarmID (0.00s)
=== RUN   TestDelayedBlockBroadcaster_HeaderAlarmExpired_HeaderDataNil
[0;36mDEBUG[0m[2026-03-16 10:16:59.413]   delayedBlockBroadcaster.headerAlarmExpired: alarm data is nil [0;36mheaderHash[0m = 696e76616c69645f6865616465725f68617368 [0;36malarmID[0m = header_696e76616c69645f6865616465725f68617368 
--- PASS: TestDelayedBlockBroadcaster_HeaderAlarmExpired_HeaderDataNil (0.00s)
=== RUN   TestDelayedBlockBroadcaster_RegisterInterceptorCallback
--- PASS: TestDelayedBlockBroadcaster_RegisterInterceptorCallback (0.00s)
=== RUN   TestDelayedBlockBroadcaster_BroadcastBlockDataFailedBroadcast
[0;31mERROR[0m[2026-03-16 10:16:59.514]   broadcastBlockData.broadcastMiniblocksData [0;31merror[0m = mini blocks broadcast error 
[0;31mERROR[0m[2026-03-16 10:17:00.514]   broadcastBlockData.broadcastTxsData      [0;31merror[0m = transactions broadcast error 
--- PASS: TestDelayedBlockBroadcaster_BroadcastBlockDataFailedBroadcast (1.10s)
=== RUN   TestDelayedBlockBroadcaster_GetShardDataFromMetaChainBlockInvalidMetaHandler
--- PASS: TestDelayedBlockBroadcaster_GetShardDataFromMetaChainBlockInvalidMetaHandler (0.00s)
=== RUN   TestDelayedBlockBroadcaster_GetShardDataFromMetaChainBlock
--- PASS: TestDelayedBlockBroadcaster_GetShardDataFromMetaChainBlock (0.00s)
=== RUN   TestDelayedBlockBroadcaster_InterceptedMiniBlockForNotSetValDataShouldBroadcast
=== PAUSE TestDelayedBlockBroadcaster_InterceptedMiniBlockForNotSetValDataShouldBroadcast
=== RUN   TestDelayedBlockBroadcaster_InterceptedMiniBlockOutOfManyForSetValDataShouldBroadcast
=== PAUSE TestDelayedBlockBroadcaster_InterceptedMiniBlockOutOfManyForSetValDataShouldBroadcast
=== RUN   TestDelayedBlockBroadcaster_InterceptedMiniBlockFinalForSetValDataShouldNotBroadcast
=== PAUSE TestDelayedBlockBroadcaster_InterceptedMiniBlockFinalForSetValDataShouldNotBroadcast
=== RUN   TestDelayedBlockBroadcaster_Close
=== PAUSE TestDelayedBlockBroadcaster_Close
=== RUN   TestMetaChainMessenger_NewMetaChainMessengerNilMarshalizerShouldFail
--- PASS: TestMetaChainMessenger_NewMetaChainMessengerNilMarshalizerShouldFail (0.00s)
=== RUN   TestMetaChainMessenger_NewMetaChainMessengerNilMessengerShouldFail
--- PASS: TestMetaChainMessenger_NewMetaChainMessengerNilMessengerShouldFail (0.00s)
=== RUN   TestMetaChainMessenger_NewMetaChainMessengerNilShardCoordinatorShouldFail
--- PASS: TestMetaChainMessenger_NewMetaChainMessengerNilShardCoordinatorShouldFail (0.00s)
=== RUN   TestMetaChainMessenger_NewMetaChainMessengerNilPeerSignatureHandlerShouldFail
--- PASS: TestMetaChainMessenger_NewMetaChainMessengerNilPeerSignatureHandlerShouldFail (0.00s)
=== RUN   TestMetaChainMessenger_NilKeysHandlerShouldError
--- PASS: TestMetaChainMessenger_NilKeysHandlerShouldError (0.00s)
=== RUN   TestMetaChainMessenger_NilDelayedBroadcasterShouldError
--- PASS: TestMetaChainMessenger_NilDelayedBroadcasterShouldError (0.00s)
=== RUN   TestMetaChainMessenger_NewMetaChainMessengerShouldWork
--- PASS: TestMetaChainMessenger_NewMetaChainMessengerShouldWork (0.00s)
=== RUN   TestMetaChainMessenger_BroadcastBlockShouldErrNilMetaHeader
--- PASS: TestMetaChainMessenger_BroadcastBlockShouldErrNilMetaHeader (0.00s)
=== RUN   TestMetaChainMessenger_BroadcastBlockShouldErrMockMarshalizer
--- PASS: TestMetaChainMessenger_BroadcastBlockShouldErrMockMarshalizer (0.00s)
=== RUN   TestMetaChainMessenger_BroadcastBlockShouldWork
--- PASS: TestMetaChainMessenger_BroadcastBlockShouldWork (0.00s)
=== RUN   TestMetaChainMessenger_BroadcastMiniBlocksShouldWork
--- PASS: TestMetaChainMessenger_BroadcastMiniBlocksShouldWork (0.00s)
=== RUN   TestMetaChainMessenger_BroadcastTransactionsShouldWork
--- PASS: TestMetaChainMessenger_BroadcastTransactionsShouldWork (0.00s)
=== RUN   TestMetaChainMessenger_BroadcastHeaderNilHeaderShouldErr
--- PASS: TestMetaChainMessenger_BroadcastHeaderNilHeaderShouldErr (0.00s)
=== RUN   TestMetaChainMessenger_BroadcastHeaderOkHeaderShouldWork
=== RUN   TestMetaChainMessenger_BroadcastHeaderOkHeaderShouldWork/original_public_key_of_the_node
=== RUN   TestMetaChainMessenger_BroadcastHeaderOkHeaderShouldWork/managed_key
--- PASS: TestMetaChainMessenger_BroadcastHeaderOkHeaderShouldWork (0.00s)
    --- PASS: TestMetaChainMessenger_BroadcastHeaderOkHeaderShouldWork/original_public_key_of_the_node (0.00s)
    --- PASS: TestMetaChainMessenger_BroadcastHeaderOkHeaderShouldWork/managed_key (0.00s)
=== RUN   TestMetaChainMessenger_BroadcastBlockDataLeader
=== RUN   TestMetaChainMessenger_BroadcastBlockDataLeader/original_public_key_of_the_node
=== RUN   TestMetaChainMessenger_BroadcastBlockDataLeader/managed_key
--- PASS: TestMetaChainMessenger_BroadcastBlockDataLeader (4.20s)
    --- PASS: TestMetaChainMessenger_BroadcastBlockDataLeader/original_public_key_of_the_node (2.10s)
    --- PASS: TestMetaChainMessenger_BroadcastBlockDataLeader/managed_key (2.10s)
=== RUN   TestMetaChainMessenger_Close
=== PAUSE TestMetaChainMessenger_Close
=== RUN   TestMetaChainMessenger_PrepareBroadcastHeaderValidator
=== PAUSE TestMetaChainMessenger_PrepareBroadcastHeaderValidator
=== RUN   TestMetaChainMessenger_BroadcastBlock
=== PAUSE TestMetaChainMessenger_BroadcastBlock
=== RUN   TestMetaChainMessenger_NewMetaChainMessengerFailSetBroadcast
=== PAUSE TestMetaChainMessenger_NewMetaChainMessengerFailSetBroadcast
=== RUN   TestShardChainMessenger_NewShardChainMessengerNilMarshalizerShouldFail
--- PASS: TestShardChainMessenger_NewShardChainMessengerNilMarshalizerShouldFail (0.00s)
=== RUN   TestShardChainMessenger_NewShardChainMessengerNilMessengerShouldFail
--- PASS: TestShardChainMessenger_NewShardChainMessengerNilMessengerShouldFail (0.00s)
=== RUN   TestShardChainMessenger_NewShardChainMessengerNilShardCoordinatorShouldFail
--- PASS: TestShardChainMessenger_NewShardChainMessengerNilShardCoordinatorShouldFail (0.00s)
=== RUN   TestShardChainMessenger_NewShardChainMessengerNilPeerSignatureHandlerShouldFail
--- PASS: TestShardChainMessenger_NewShardChainMessengerNilPeerSignatureHandlerShouldFail (0.00s)
=== RUN   TestShardChainMessenger_NewShardChainMessengerNilInterceptorsContainerShouldFail
--- PASS: TestShardChainMessenger_NewShardChainMessengerNilInterceptorsContainerShouldFail (0.00s)
=== RUN   TestShardChainMessenger_NewShardChainMessengerNilHeadersSubscriberShouldFail
--- PASS: TestShardChainMessenger_NewShardChainMessengerNilHeadersSubscriberShouldFail (0.00s)
=== RUN   TestShardChainMessenger_NilDelayedBroadcasterShouldError
--- PASS: TestShardChainMessenger_NilDelayedBroadcasterShouldError (0.00s)
=== RUN   TestShardChainMessenger_NilKeysHandlerShouldError
--- PASS: TestShardChainMessenger_NilKeysHandlerShouldError (0.00s)
=== RUN   TestShardChainMessenger_NewShardChainMessengerShouldWork
--- PASS: TestShardChainMessenger_NewShardChainMessengerShouldWork (0.00s)
=== RUN   TestShardChainMessenger_NewShardChainMessengerShouldErr
--- PASS: TestShardChainMessenger_NewShardChainMessengerShouldErr (0.00s)
=== RUN   TestShardChainMessenger_BroadcastBlockShouldErrNilBody
--- PASS: TestShardChainMessenger_BroadcastBlockShouldErrNilBody (0.00s)
=== RUN   TestShardChainMessenger_BroadcastBlockShouldErrNilHeader
--- PASS: TestShardChainMessenger_BroadcastBlockShouldErrNilHeader (0.00s)
=== RUN   TestShardChainMessenger_BroadcastBlockShouldErrMiniBlockEmpty
--- PASS: TestShardChainMessenger_BroadcastBlockShouldErrMiniBlockEmpty (0.00s)
=== RUN   TestShardChainMessenger_BroadcastBlockShouldErrMockMarshalizer
--- PASS: TestShardChainMessenger_BroadcastBlockShouldErrMockMarshalizer (0.00s)
=== RUN   TestShardChainMessenger_BroadcastBlockShouldWork
--- PASS: TestShardChainMessenger_BroadcastBlockShouldWork (0.00s)
=== RUN   TestShardChainMessenger_BroadcastMiniBlocksShouldBeDone
=== RUN   TestShardChainMessenger_BroadcastMiniBlocksShouldBeDone/original_public_key_of_the_node
=== RUN   TestShardChainMessenger_BroadcastMiniBlocksShouldBeDone/managed_key
--- PASS: TestShardChainMessenger_BroadcastMiniBlocksShouldBeDone (0.00s)
    --- PASS: TestShardChainMessenger_BroadcastMiniBlocksShouldBeDone/original_public_key_of_the_node (0.00s)
    --- PASS: TestShardChainMessenger_BroadcastMiniBlocksShouldBeDone/managed_key (0.00s)
=== RUN   TestShardChainMessenger_BroadcastTransactionsShouldNotBeCalled
--- PASS: TestShardChainMessenger_BroadcastTransactionsShouldNotBeCalled (0.20s)
=== RUN   TestShardChainMessenger_BroadcastTransactionsShouldBeCalled
=== RUN   TestShardChainMessenger_BroadcastTransactionsShouldBeCalled/original_public_key_of_the_node
=== RUN   TestShardChainMessenger_BroadcastTransactionsShouldBeCalled/managed_key
--- PASS: TestShardChainMessenger_BroadcastTransactionsShouldBeCalled (0.60s)
    --- PASS: TestShardChainMessenger_BroadcastTransactionsShouldBeCalled/original_public_key_of_the_node (0.30s)
    --- PASS: TestShardChainMessenger_BroadcastTransactionsShouldBeCalled/managed_key (0.30s)
=== RUN   TestShardChainMessenger_BroadcastHeaderNilHeaderShouldErr
--- PASS: TestShardChainMessenger_BroadcastHeaderNilHeaderShouldErr (0.00s)
=== RUN   TestShardChainMessenger_BroadcastHeaderShouldErr
--- PASS: TestShardChainMessenger_BroadcastHeaderShouldErr (0.00s)
=== RUN   TestShardChainMessenger_BroadcastHeaderShouldWork
=== RUN   TestShardChainMessenger_BroadcastHeaderShouldWork/original_public_key_of_the_node
=== RUN   TestShardChainMessenger_BroadcastHeaderShouldWork/managed_key
--- PASS: TestShardChainMessenger_BroadcastHeaderShouldWork (0.60s)
    --- PASS: TestShardChainMessenger_BroadcastHeaderShouldWork/original_public_key_of_the_node (0.30s)
    --- PASS: TestShardChainMessenger_BroadcastHeaderShouldWork/managed_key (0.30s)
=== RUN   TestShardChainMessenger_BroadcastBlockDataLeaderNilHeaderShouldErr
--- PASS: TestShardChainMessenger_BroadcastBlockDataLeaderNilHeaderShouldErr (0.00s)
=== RUN   TestShardChainMessenger_BroadcastBlockDataLeaderNilMiniblocksShouldReturnNil
--- PASS: TestShardChainMessenger_BroadcastBlockDataLeaderNilMiniblocksShouldReturnNil (0.00s)
=== RUN   TestShardChainMessenger_BroadcastBlockDataLeaderShouldErr
--- PASS: TestShardChainMessenger_BroadcastBlockDataLeaderShouldErr (0.00s)
=== RUN   TestShardChainMessenger_BroadcastBlockDataLeaderShouldErrDelayedBroadcaster
--- PASS: TestShardChainMessenger_BroadcastBlockDataLeaderShouldErrDelayedBroadcaster (0.00s)
=== RUN   TestShardChainMessenger_BroadcastBlockDataLeaderShouldTriggerWaitingDelayedMessage
=== RUN   TestShardChainMessenger_BroadcastBlockDataLeaderShouldTriggerWaitingDelayedMessage/original_public_key_of_the_node
=== RUN   TestShardChainMessenger_BroadcastBlockDataLeaderShouldTriggerWaitingDelayedMessage/managed_key
--- PASS: TestShardChainMessenger_BroadcastBlockDataLeaderShouldTriggerWaitingDelayedMessage (0.04s)
    --- PASS: TestShardChainMessenger_BroadcastBlockDataLeaderShouldTriggerWaitingDelayedMessage/original_public_key_of_the_node (0.02s)
    --- PASS: TestShardChainMessenger_BroadcastBlockDataLeaderShouldTriggerWaitingDelayedMessage/managed_key (0.02s)
=== RUN   TestShardChainMessenger_PrepareBroadcastHeaderValidatorShouldFailHeaderNil
[0;31mERROR[0m[2026-03-16 10:17:06.165]   shardChainMessenger.PrepareBroadcastHeaderValidator [0;31merror[0m = header is nil 
--- PASS: TestShardChainMessenger_PrepareBroadcastHeaderValidatorShouldFailHeaderNil (0.00s)
=== RUN   TestShardChainMessenger_PrepareBroadcastHeaderValidatorShouldFailCalculateHashErr
[0;31mERROR[0m[2026-03-16 10:17:06.165]   shardChainMessenger.PrepareBroadcastHeaderValidator CalculateHash [0;31merror[0m = expected error 
--- PASS: TestShardChainMessenger_PrepareBroadcastHeaderValidatorShouldFailCalculateHashErr (0.00s)
=== RUN   TestShardChainMessenger_PrepareBroadcastHeaderValidatorShouldWork
--- PASS: TestShardChainMessenger_PrepareBroadcastHeaderValidatorShouldWork (0.00s)
=== RUN   TestShardChainMessenger_PrepareBroadcastBlockDataValidatorShouldFailHeaderNil
--- PASS: TestShardChainMessenger_PrepareBroadcastBlockDataValidatorShouldFailHeaderNil (0.00s)
=== RUN   TestShardChainMessenger_PrepareBroadcastBlockDataValidatorShouldFailMiniBlocksLenZero
--- PASS: TestShardChainMessenger_PrepareBroadcastBlockDataValidatorShouldFailMiniBlocksLenZero (0.00s)
=== RUN   TestShardChainMessenger_PrepareBroadcastBlockDataValidatorShouldFailCalculateHashErr
[0;31mERROR[0m[2026-03-16 10:17:06.165]   shardChainMessenger.PrepareBroadcastBlockDataValidator prepareDataToBroadcast [0;31merror[0m = expected error 
--- PASS: TestShardChainMessenger_PrepareBroadcastBlockDataValidatorShouldFailCalculateHashErr (0.00s)
=== RUN   TestShardChainMessenger_PrepareBroadcastBlockDataValidatorShouldWork
--- PASS: TestShardChainMessenger_PrepareBroadcastBlockDataValidatorShouldWork (0.00s)
=== RUN   TestShardChainMessenger_CloseShouldWork
--- PASS: TestShardChainMessenger_CloseShouldWork (0.00s)
=== CONT  TestDelayedBlockBroadcaster_ScheduleValidatorBroadcastSameRoundAndPrevRandShouldBroadcast
=== CONT  TestDelayedBlockBroadcaster_ScheduleValidatorBroadcastDifferentPrevRandShouldDoNothing
=== CONT  TestDelayedBlockBroadcaster_InterceptedMiniBlockFinalForSetValDataShouldNotBroadcast
=== CONT  TestDelayedBlockBroadcaster_ScheduleValidatorBroadcastDifferentHeaderRoundShouldDoNothing
=== CONT  TestDelayedBlockBroadcaster_InterceptedMiniBlockOutOfManyForSetValDataShouldBroadcast
=== CONT  TestDelayedBlockBroadcaster_SetValidatorDelayBroadcastAccumulatedDataBounded
=== CONT  TestMetaChainMessenger_PrepareBroadcastHeaderValidator
=== RUN   TestMetaChainMessenger_PrepareBroadcastHeaderValidator/Nil_header
=== CONT  TestDelayedBlockBroadcaster_InterceptedMiniBlockForNotSetValDataShouldBroadcast
=== PAUSE TestMetaChainMessenger_PrepareBroadcastHeaderValidator/Nil_header
=== CONT  TestDelayedBlockBroadcaster_AlarmExpiredShouldDoNothingForNotRegisteredData
=== CONT  TestDelayedBlockBroadcaster_AlarmExpiredShouldBroadcastTheDataForRegisteredDelayedData
[0;31mERROR[0m[2026-03-16 10:17:06.166]   delayedBlockBroadcaster.alarmExpired     [0;31merror[0m = encoding/hex: invalid byte: U+0097 [0;31mheaderHash[0m =  [0;31malarmID[0m = 976561646572206861736830 
=== CONT  TestSubroundEndRound_ExtractMiniBlocksAndTransactionsShouldWork
=== CONT  TestMetaChainMessenger_Close
--- PASS: TestMetaChainMessenger_Close (0.00s)
=== CONT  TestDelayedBlockBroadcaster_InterceptedHeaderShouldCancelAlarmForHeaderBroadcast
--- PASS: TestSubroundEndRound_ExtractMiniBlocksAndTransactionsShouldWork (0.00s)
=== CONT  TestNewDelayedBlockBroadcasterOK
=== CONT  TestDelayedBlockBroadcaster_Close
=== CONT  TestDelayedBlockBroadcaster_SetLeaderDataNilDataShouldErr
=== CONT  TestMetaChainMessenger_NewMetaChainMessengerFailSetBroadcast
=== CONT  TestDelayedBlockBroadcaster_InterceptedHeaderInvalidOrDifferentShouldIgnore
=== CONT  TestDelayedBlockBroadcaster_SetValidatorDataFinalizedMetaHeaderShouldSetAlarmAndBroadcastHeaderAndData
=== RUN   TestMetaChainMessenger_PrepareBroadcastHeaderValidator/Err_on_core.CalculateHash
=== PAUSE TestMetaChainMessenger_PrepareBroadcastHeaderValidator/Err_on_core.CalculateHash
[0;33mWARN [0m[2026-03-16 10:17:06.166]   delayedBlockBroadcaster.interceptedHeader [0;33merror[0m = wrong type assertion [0;33mheaderHash[0m = 976561646572206861736830 
--- PASS: TestNewDelayedBlockBroadcasterOK (0.00s)
--- PASS: TestDelayedBlockBroadcaster_SetLeaderDataNilDataShouldErr (0.00s)
=== RUN   TestMetaChainMessenger_PrepareBroadcastHeaderValidator/Err_on_SetHeaderForValidator
=== CONT  TestDelayedBlockBroadcaster_InterceptedHeaderShouldCancelAlarm
=== PAUSE TestMetaChainMessenger_PrepareBroadcastHeaderValidator/Err_on_SetHeaderForValidator
--- PASS: TestMetaChainMessenger_NewMetaChainMessengerFailSetBroadcast (0.00s)
=== CONT  TestDelayedBlockBroadcaster_HeaderReceivedForNotRegisteredDelayedDataShouldNotBroadcast
=== CONT  TestDelayedBlockBroadcaster_HeaderReceivedForNextRegisteredDelayedDataShouldBroadcastBoth
--- PASS: TestDelayedBlockBroadcaster_SetValidatorDelayBroadcastAccumulatedDataBounded (0.00s)
=== CONT  TestDelayedBlockBroadcaster_SetHeaderForValidatorShouldSetAlarmAndBroadcastHeader
--- PASS: TestDelayedBlockBroadcaster_HeaderReceivedForNotRegisteredDelayedDataShouldNotBroadcast (0.02s)
=== CONT  TestDelayedBlockBroadcaster_HeaderReceivedForRegisteredDelayedDataShouldBroadcastTheData
--- PASS: TestDelayedBlockBroadcaster_AlarmExpiredShouldDoNothingForNotRegisteredData (0.10s)
=== CONT  TestDelayedBlockBroadcaster_SetBroadcastHandlersFailsIfNilHandler
--- PASS: TestDelayedBlockBroadcaster_SetBroadcastHandlersFailsIfNilHandler (0.00s)
=== CONT  TestDelayedBlockBroadcaster_HeaderReceivedNoDelayedDataRegistered
--- PASS: TestDelayedBlockBroadcaster_HeaderReceivedNoDelayedDataRegistered (0.01s)
=== CONT  TestDelayedBlockBroadcaster_SetValidatorData
--- PASS: TestDelayedBlockBroadcaster_SetValidatorData (0.00s)
=== CONT  TestMetaChainMessenger_BroadcastBlock
=== RUN   TestMetaChainMessenger_BroadcastBlock/Err_nil_blockData
--- PASS: TestMetaChainMessenger_BroadcastBlock (0.00s)
    --- PASS: TestMetaChainMessenger_BroadcastBlock/Err_nil_blockData (0.00s)
=== CONT  TestDelayedBlockBroadcaster_SetValidatorDataNilDataShouldErr
--- PASS: TestDelayedBlockBroadcaster_SetValidatorDataNilDataShouldErr (0.00s)
=== CONT  TestNewDelayedBlockBroadcaster_NilHeadersSubscriberShouldErr
--- PASS: TestNewDelayedBlockBroadcaster_NilHeadersSubscriberShouldErr (0.00s)
=== CONT  TestDelayedBlockBroadcaster_SetLeaderData
--- PASS: TestDelayedBlockBroadcaster_SetLeaderData (0.00s)
=== CONT  TestNewDelayedBlockBroadcaster_NilAlarmSchedulerShouldErr
--- PASS: TestNewDelayedBlockBroadcaster_NilAlarmSchedulerShouldErr (0.00s)
=== CONT  TestNewDelayedBlockBroadcaster_NilInterceptorsContainerShouldErr
--- PASS: TestNewDelayedBlockBroadcaster_NilInterceptorsContainerShouldErr (0.00s)
=== CONT  TestNewDelayedBlockBroadcaster_NilShardCoordinatorShouldErr
--- PASS: TestNewDelayedBlockBroadcaster_NilShardCoordinatorShouldErr (0.00s)
=== CONT  TestCommonMessenger_broadcast
=== RUN   TestCommonMessenger_broadcast/using_the_original_public_key_bytes_of_the_node
=== RUN   TestCommonMessenger_broadcast/using_a_managed_key
=== RUN   TestCommonMessenger_broadcast/managed_key_and_the_keys_handler_fails
[0;31mERROR[0m[2026-03-16 10:17:06.277]   setup error in commonMessenger.broadcast - public key is managed but does not contain p2p sign info [0;31mpk[0m = 6d616e61676564206b6579 [0;31merror[0m = expected error 
--- PASS: TestCommonMessenger_broadcast (0.00s)
    --- PASS: TestCommonMessenger_broadcast/using_the_original_public_key_bytes_of_the_node (0.00s)
    --- PASS: TestCommonMessenger_broadcast/using_a_managed_key (0.00s)
    --- PASS: TestCommonMessenger_broadcast/managed_key_and_the_keys_handler_fails (0.00s)
=== CONT  TestMetaChainMessenger_PrepareBroadcastHeaderValidator/Nil_header
[0;31mERROR[0m[2026-03-16 10:17:06.277]   metaChainMessenger.PrepareBroadcastHeaderValidator [0;31merror[0m = header is nil 
=== CONT  TestMetaChainMessenger_PrepareBroadcastHeaderValidator/Err_on_SetHeaderForValidator
[0;31mERROR[0m[2026-03-16 10:17:06.277]   metaChainMessenger.PrepareBroadcastHeaderValidator [0;31merror[0m = expected error 
=== CONT  TestMetaChainMessenger_PrepareBroadcastHeaderValidator/Err_on_core.CalculateHash
[0;31mERROR[0m[2026-03-16 10:17:06.277]   metaChainMessenger.PrepareBroadcastHeaderValidator [0;31merror[0m = nil marshalizer provided 
--- PASS: TestMetaChainMessenger_PrepareBroadcastHeaderValidator (0.00s)
    --- PASS: TestMetaChainMessenger_PrepareBroadcastHeaderValidator/Nil_header (0.00s)
    --- PASS: TestMetaChainMessenger_PrepareBroadcastHeaderValidator/Err_on_SetHeaderForValidator (0.00s)
    --- PASS: TestMetaChainMessenger_PrepareBroadcastHeaderValidator/Err_on_core.CalculateHash (0.00s)
--- PASS: TestDelayedBlockBroadcaster_InterceptedMiniBlockFinalForSetValDataShouldNotBroadcast (1.10s)
--- PASS: TestDelayedBlockBroadcaster_ScheduleValidatorBroadcastDifferentHeaderRoundShouldDoNothing (1.10s)
--- PASS: TestDelayedBlockBroadcaster_ScheduleValidatorBroadcastDifferentPrevRandShouldDoNothing (1.10s)
--- PASS: TestDelayedBlockBroadcaster_Close (1.10s)
--- PASS: TestDelayedBlockBroadcaster_AlarmExpiredShouldBroadcastTheDataForRegisteredDelayedData (1.10s)
--- PASS: TestDelayedBlockBroadcaster_SetHeaderForValidatorShouldSetAlarmAndBroadcastHeader (1.10s)
--- PASS: TestDelayedBlockBroadcaster_InterceptedHeaderShouldCancelAlarm (2.00s)
--- PASS: TestDelayedBlockBroadcaster_InterceptedHeaderShouldCancelAlarmForHeaderBroadcast (2.00s)
--- PASS: TestDelayedBlockBroadcaster_HeaderReceivedForNextRegisteredDelayedDataShouldBroadcastBoth (2.03s)
--- PASS: TestDelayedBlockBroadcaster_HeaderReceivedForRegisteredDelayedDataShouldBroadcastTheData (2.11s)
--- PASS: TestDelayedBlockBroadcaster_InterceptedMiniBlockOutOfManyForSetValDataShouldBroadcast (3.10s)
--- PASS: TestDelayedBlockBroadcaster_ScheduleValidatorBroadcastSameRoundAndPrevRandShouldBroadcast (3.10s)
--- PASS: TestDelayedBlockBroadcaster_InterceptedMiniBlockForNotSetValDataShouldBroadcast (3.10s)
--- PASS: TestDelayedBlockBroadcaster_InterceptedHeaderInvalidOrDifferentShouldIgnore (3.10s)
--- PASS: TestDelayedBlockBroadcaster_SetValidatorDataFinalizedMetaHeaderShouldSetAlarmAndBroadcastHeaderAndData (3.10s)
PASS
ok  	github.com/TerraDharitri/drt-go-chain/consensus/broadcast	16.281s
=== RUN   TestChronology_NewChronologyNilRoundHandlerShouldFail
=== PAUSE TestChronology_NewChronologyNilRoundHandlerShouldFail
=== RUN   TestChronology_NewChronologyNilSyncerShouldFail
=== PAUSE TestChronology_NewChronologyNilSyncerShouldFail
=== RUN   TestChronology_NewChronologyNilWatchdogShouldFail
=== PAUSE TestChronology_NewChronologyNilWatchdogShouldFail
=== RUN   TestChronology_NewChronologyNilAppStatusHandlerShouldFail
=== PAUSE TestChronology_NewChronologyNilAppStatusHandlerShouldFail
=== RUN   TestChronology_NewChronologyShouldWork
=== PAUSE TestChronology_NewChronologyShouldWork
=== RUN   TestChronology_AddSubroundShouldWork
=== PAUSE TestChronology_AddSubroundShouldWork
=== RUN   TestChronology_RemoveAllSubroundsShouldReturnEmptySubroundHandlersArray
=== PAUSE TestChronology_RemoveAllSubroundsShouldReturnEmptySubroundHandlersArray
=== RUN   TestChronology_StartRoundShouldReturnWhenRoundIndexIsNegative
=== PAUSE TestChronology_StartRoundShouldReturnWhenRoundIndexIsNegative
=== RUN   TestChronology_StartRoundShouldReturnWhenLoadSubroundHandlerReturnsNil
=== PAUSE TestChronology_StartRoundShouldReturnWhenLoadSubroundHandlerReturnsNil
=== RUN   TestChronology_StartRoundShouldReturnWhenDoWorkReturnsFalse
=== PAUSE TestChronology_StartRoundShouldReturnWhenDoWorkReturnsFalse
=== RUN   TestChronology_StartRoundShouldWork
=== PAUSE TestChronology_StartRoundShouldWork
=== RUN   TestChronology_UpdateRoundShouldInitRound
=== PAUSE TestChronology_UpdateRoundShouldInitRound
=== RUN   TestChronology_LoadSubroundHandlerShouldReturnNilWhenSubroundHandlerNotExists
=== PAUSE TestChronology_LoadSubroundHandlerShouldReturnNilWhenSubroundHandlerNotExists
=== RUN   TestChronology_LoadSubroundHandlerShouldReturnNilWhenIndexIsOutOfBound
=== PAUSE TestChronology_LoadSubroundHandlerShouldReturnNilWhenIndexIsOutOfBound
=== RUN   TestChronology_InitRoundShouldNotSetSubroundWhenRoundIndexIsNegative
=== PAUSE TestChronology_InitRoundShouldNotSetSubroundWhenRoundIndexIsNegative
=== RUN   TestChronology_InitRoundShouldSetSubroundWhenRoundIndexIsPositive
=== PAUSE TestChronology_InitRoundShouldSetSubroundWhenRoundIndexIsPositive
=== RUN   TestChronology_StartRoundShouldNotUpdateRoundWhenCurrentRoundIsNotFinished
=== PAUSE TestChronology_StartRoundShouldNotUpdateRoundWhenCurrentRoundIsNotFinished
=== RUN   TestChronology_StartRoundShouldUpdateRoundWhenCurrentRoundIsFinished
=== PAUSE TestChronology_StartRoundShouldUpdateRoundWhenCurrentRoundIsFinished
=== RUN   TestChronology_CheckIfStatusHandlerWorks
=== PAUSE TestChronology_CheckIfStatusHandlerWorks
=== RUN   TestChronology_CloseWatchDogStop
=== PAUSE TestChronology_CloseWatchDogStop
=== RUN   TestChronology_Close
=== PAUSE TestChronology_Close
=== RUN   TestChronology_StartRounds
=== PAUSE TestChronology_StartRounds
=== RUN   TestChronology_StartRoundsShouldWork
=== PAUSE TestChronology_StartRoundsShouldWork
=== CONT  TestChronology_NewChronologyNilRoundHandlerShouldFail
--- PASS: TestChronology_NewChronologyNilRoundHandlerShouldFail (0.00s)
=== CONT  TestChronology_StartRoundsShouldWork
=== CONT  TestChronology_UpdateRoundShouldInitRound
=== CONT  TestChronology_RemoveAllSubroundsShouldReturnEmptySubroundHandlersArray
=== CONT  TestChronology_AddSubroundShouldWork
--- PASS: TestChronology_AddSubroundShouldWork (0.00s)
=== CONT  TestChronology_NewChronologyShouldWork
--- PASS: TestChronology_RemoveAllSubroundsShouldReturnEmptySubroundHandlersArray (0.00s)
=== CONT  TestChronology_StartRoundShouldWork
--- PASS: TestChronology_NewChronologyShouldWork (0.00s)
=== CONT  TestChronology_NewChronologyNilAppStatusHandlerShouldFail
--- PASS: TestChronology_NewChronologyNilAppStatusHandlerShouldFail (0.00s)
=== CONT  TestChronology_NewChronologyNilWatchdogShouldFail
--- PASS: TestChronology_NewChronologyNilWatchdogShouldFail (0.00s)
=== CONT  TestChronology_NewChronologyNilSyncerShouldFail
=== CONT  TestChronology_StartRoundShouldReturnWhenDoWorkReturnsFalse
--- PASS: TestChronology_NewChronologyNilSyncerShouldFail (0.00s)
=== CONT  TestChronology_StartRoundShouldReturnWhenLoadSubroundHandlerReturnsNil
=== CONT  TestChronology_StartRoundShouldReturnWhenRoundIndexIsNegative
--- PASS: TestChronology_StartRoundShouldReturnWhenRoundIndexIsNegative (0.00s)
=== CONT  TestChronology_CloseWatchDogStop
=== CONT  TestChronology_StartRoundShouldUpdateRoundWhenCurrentRoundIsFinished
--- PASS: TestChronology_CloseWatchDogStop (0.00s)
=== CONT  TestChronology_CheckIfStatusHandlerWorks
--- PASS: TestChronology_StartRoundShouldUpdateRoundWhenCurrentRoundIsFinished (0.00s)
=== CONT  TestChronology_StartRounds
--- PASS: TestChronology_CheckIfStatusHandlerWorks (0.00s)
=== CONT  TestChronology_Close
--- PASS: TestChronology_UpdateRoundShouldInitRound (0.00s)
--- PASS: TestChronology_StartRounds (0.00s)
--- PASS: TestChronology_StartRoundShouldWork (0.00s)
=== CONT  TestChronology_InitRoundShouldNotSetSubroundWhenRoundIndexIsNegative
=== CONT  TestChronology_LoadSubroundHandlerShouldReturnNilWhenIndexIsOutOfBound
=== CONT  TestChronology_StartRoundShouldNotUpdateRoundWhenCurrentRoundIsNotFinished
=== CONT  TestChronology_LoadSubroundHandlerShouldReturnNilWhenSubroundHandlerNotExists
=== CONT  TestChronology_InitRoundShouldSetSubroundWhenRoundIndexIsPositive
--- PASS: TestChronology_StartRoundShouldReturnWhenDoWorkReturnsFalse (0.00s)
--- PASS: TestChronology_StartRoundShouldReturnWhenLoadSubroundHandlerReturnsNil (0.00s)
--- PASS: TestChronology_Close (0.00s)
--- PASS: TestChronology_InitRoundShouldNotSetSubroundWhenRoundIndexIsNegative (0.00s)
--- PASS: TestChronology_LoadSubroundHandlerShouldReturnNilWhenIndexIsOutOfBound (0.00s)
--- PASS: TestChronology_StartRoundShouldNotUpdateRoundWhenCurrentRoundIsNotFinished (0.00s)
--- PASS: TestChronology_InitRoundShouldSetSubroundWhenRoundIndexIsPositive (0.00s)
--- PASS: TestChronology_LoadSubroundHandlerShouldReturnNilWhenSubroundHandlerNotExists (0.00s)
--- PASS: TestChronology_StartRoundsShouldWork (0.01s)
PASS
ok  	github.com/TerraDharitri/drt-go-chain/consensus/chronology	(cached)
=== RUN   TestRound_NewRoundShouldErrNilSyncTimer
=== PAUSE TestRound_NewRoundShouldErrNilSyncTimer
=== RUN   TestRound_NewRoundShouldWork
=== PAUSE TestRound_NewRoundShouldWork
=== RUN   TestRound_UpdateRoundShouldNotChangeAnything
=== PAUSE TestRound_UpdateRoundShouldNotChangeAnything
=== RUN   TestRound_UpdateRoundShouldAdvanceOneRound
=== PAUSE TestRound_UpdateRoundShouldAdvanceOneRound
=== RUN   TestRound_IndexShouldReturnFirstIndex
=== PAUSE TestRound_IndexShouldReturnFirstIndex
=== RUN   TestRound_TimeStampShouldReturnTimeStampOfTheNextRound
=== PAUSE TestRound_TimeStampShouldReturnTimeStampOfTheNextRound
=== RUN   TestRound_TimeDurationShouldReturnTheDurationOfOneRound
=== PAUSE TestRound_TimeDurationShouldReturnTheDurationOfOneRound
=== RUN   TestRound_RemainingTimeInCurrentRoundShouldReturnPositiveValue
=== PAUSE TestRound_RemainingTimeInCurrentRoundShouldReturnPositiveValue
=== RUN   TestRound_RemainingTimeInCurrentRoundShouldReturnNegativeValue
=== PAUSE TestRound_RemainingTimeInCurrentRoundShouldReturnNegativeValue
=== RUN   TestRound_RevertOneRound
=== PAUSE TestRound_RevertOneRound
=== RUN   TestRound_BeforeGenesis
=== PAUSE TestRound_BeforeGenesis
=== CONT  TestRound_NewRoundShouldErrNilSyncTimer
=== CONT  TestRound_TimeDurationShouldReturnTheDurationOfOneRound
--- PASS: TestRound_NewRoundShouldErrNilSyncTimer (0.00s)
=== CONT  TestRound_TimeStampShouldReturnTimeStampOfTheNextRound
--- PASS: TestRound_TimeDurationShouldReturnTheDurationOfOneRound (0.00s)
=== CONT  TestRound_BeforeGenesis
--- PASS: TestRound_TimeStampShouldReturnTimeStampOfTheNextRound (0.00s)
=== CONT  TestRound_IndexShouldReturnFirstIndex
--- PASS: TestRound_IndexShouldReturnFirstIndex (0.00s)
=== CONT  TestRound_UpdateRoundShouldAdvanceOneRound
=== CONT  TestRound_RevertOneRound
--- PASS: TestRound_UpdateRoundShouldAdvanceOneRound (0.00s)
=== CONT  TestRound_UpdateRoundShouldNotChangeAnything
--- PASS: TestRound_RevertOneRound (0.00s)
=== CONT  TestRound_RemainingTimeInCurrentRoundShouldReturnNegativeValue
--- PASS: TestRound_UpdateRoundShouldNotChangeAnything (0.00s)
=== CONT  TestRound_RemainingTimeInCurrentRoundShouldReturnPositiveValue
--- PASS: TestRound_RemainingTimeInCurrentRoundShouldReturnNegativeValue (0.00s)
=== CONT  TestRound_NewRoundShouldWork
--- PASS: TestRound_RemainingTimeInCurrentRoundShouldReturnPositiveValue (0.00s)
--- PASS: TestRound_NewRoundShouldWork (0.00s)
--- PASS: TestRound_BeforeGenesis (0.02s)
PASS
ok  	github.com/TerraDharitri/drt-go-chain/consensus/round	(cached)
=== RUN   TestInvalidSignersCache_IsInterfaceNil
=== PAUSE TestInvalidSignersCache_IsInterfaceNil
=== RUN   TestNewInvalidSignersCache
=== PAUSE TestNewInvalidSignersCache
=== RUN   TestInvalidSignersCache
=== PAUSE TestInvalidSignersCache
=== RUN   TestConsensusContainerValidator_ValidateNilConsensusCoreFail
=== PAUSE TestConsensusContainerValidator_ValidateNilConsensusCoreFail
=== RUN   TestConsensusContainerValidator_ValidateNilBlockchainShouldFail
=== PAUSE TestConsensusContainerValidator_ValidateNilBlockchainShouldFail
=== RUN   TestConsensusContainerValidator_ValidateNilProcessorShouldFail
=== PAUSE TestConsensusContainerValidator_ValidateNilProcessorShouldFail
=== RUN   TestConsensusContainerValidator_ValidateNilBootstrapperShouldFail
=== PAUSE TestConsensusContainerValidator_ValidateNilBootstrapperShouldFail
=== RUN   TestConsensusContainerValidator_ValidateNilChronologyShouldFail
=== PAUSE TestConsensusContainerValidator_ValidateNilChronologyShouldFail
=== RUN   TestConsensusContainerValidator_ValidateNilHasherShouldFail
=== PAUSE TestConsensusContainerValidator_ValidateNilHasherShouldFail
=== RUN   TestConsensusContainerValidator_ValidateNilMarshalizerShouldFail
=== PAUSE TestConsensusContainerValidator_ValidateNilMarshalizerShouldFail
=== RUN   TestConsensusContainerValidator_ValidateNilMultiSignerContainerShouldFail
=== PAUSE TestConsensusContainerValidator_ValidateNilMultiSignerContainerShouldFail
=== RUN   TestConsensusContainerValidator_ValidateNilMultiSignerShouldFail
=== PAUSE TestConsensusContainerValidator_ValidateNilMultiSignerShouldFail
=== RUN   TestConsensusContainerValidator_ValidateNilRoundHandlerShouldFail
=== PAUSE TestConsensusContainerValidator_ValidateNilRoundHandlerShouldFail
=== RUN   TestConsensusContainerValidator_ValidateNilShardCoordinatorShouldFail
=== PAUSE TestConsensusContainerValidator_ValidateNilShardCoordinatorShouldFail
=== RUN   TestConsensusContainerValidator_ValidateNilSyncTimerShouldFail
=== PAUSE TestConsensusContainerValidator_ValidateNilSyncTimerShouldFail
=== RUN   TestConsensusContainerValidator_ValidateNilValidatorGroupSelectorShouldFail
=== PAUSE TestConsensusContainerValidator_ValidateNilValidatorGroupSelectorShouldFail
=== RUN   TestConsensusContainerValidator_ValidateNilAntifloodHandlerShouldFail
=== PAUSE TestConsensusContainerValidator_ValidateNilAntifloodHandlerShouldFail
=== RUN   TestConsensusContainerValidator_ValidateNilPeerHonestyHandlerShouldFail
=== PAUSE TestConsensusContainerValidator_ValidateNilPeerHonestyHandlerShouldFail
=== RUN   TestConsensusContainerValidator_ValidateNilHeaderSigVerifierShouldFail
=== PAUSE TestConsensusContainerValidator_ValidateNilHeaderSigVerifierShouldFail
=== RUN   TestConsensusContainerValidator_ValidateNilFallbackHeaderValidatorShouldFail
=== PAUSE TestConsensusContainerValidator_ValidateNilFallbackHeaderValidatorShouldFail
=== RUN   TestConsensusContainerValidator_ValidateNilNodeRedundancyHandlerShouldFail
=== PAUSE TestConsensusContainerValidator_ValidateNilNodeRedundancyHandlerShouldFail
=== RUN   TestConsensusContainerValidator_ValidateNilSignatureHandlerShouldFail
=== PAUSE TestConsensusContainerValidator_ValidateNilSignatureHandlerShouldFail
=== RUN   TestConsensusContainerValidator_ValidateNilEnableEpochsHandlerShouldFail
=== PAUSE TestConsensusContainerValidator_ValidateNilEnableEpochsHandlerShouldFail
=== RUN   TestConsensusContainerValidator_ValidateNilBroadcastMessengerShouldFail
=== PAUSE TestConsensusContainerValidator_ValidateNilBroadcastMessengerShouldFail
=== RUN   TestConsensusContainerValidator_ValidateNilScheduledProcessorShouldFail
=== PAUSE TestConsensusContainerValidator_ValidateNilScheduledProcessorShouldFail
=== RUN   TestConsensusContainerValidator_ValidateNilMessageSigningHandlerShouldFail
=== PAUSE TestConsensusContainerValidator_ValidateNilMessageSigningHandlerShouldFail
=== RUN   TestConsensusContainerValidator_ValidateNilPeerBlacklistHandlerShouldFail
=== PAUSE TestConsensusContainerValidator_ValidateNilPeerBlacklistHandlerShouldFail
=== RUN   TestConsensusContainerValidator_ValidateNilEquivalentProofPoolShouldFail
=== PAUSE TestConsensusContainerValidator_ValidateNilEquivalentProofPoolShouldFail
=== RUN   TestConsensusContainerValidator_ValidateNilEpochNotifierShouldFail
=== PAUSE TestConsensusContainerValidator_ValidateNilEpochNotifierShouldFail
=== RUN   TestConsensusContainerValidator_ValidateNilEpochStartRegistrationHandlerShouldFail
=== PAUSE TestConsensusContainerValidator_ValidateNilEpochStartRegistrationHandlerShouldFail
=== RUN   TestConsensusContainerValidator_ValidateNilInvalidSignersCacheShouldFail
=== PAUSE TestConsensusContainerValidator_ValidateNilInvalidSignersCacheShouldFail
=== RUN   TestConsensusContainerValidator_ShouldWork
=== PAUSE TestConsensusContainerValidator_ShouldWork
=== RUN   TestConsensusCore_WithNilBlockchainShouldFail
=== PAUSE TestConsensusCore_WithNilBlockchainShouldFail
=== RUN   TestConsensusCore_WithNilBlockProcessorShouldFail
=== PAUSE TestConsensusCore_WithNilBlockProcessorShouldFail
=== RUN   TestConsensusCore_WithNilBootstrapperShouldFail
=== PAUSE TestConsensusCore_WithNilBootstrapperShouldFail
=== RUN   TestConsensusCore_WithNilBroadcastMessengerShouldFail
=== PAUSE TestConsensusCore_WithNilBroadcastMessengerShouldFail
=== RUN   TestConsensusCore_WithNilChronologyShouldFail
=== PAUSE TestConsensusCore_WithNilChronologyShouldFail
=== RUN   TestConsensusCore_WithNilHasherShouldFail
=== PAUSE TestConsensusCore_WithNilHasherShouldFail
=== RUN   TestConsensusCore_WithNilMarshalizerShouldFail
=== PAUSE TestConsensusCore_WithNilMarshalizerShouldFail
=== RUN   TestConsensusCore_WithNilMultiSignerContainerShouldFail
=== PAUSE TestConsensusCore_WithNilMultiSignerContainerShouldFail
=== RUN   TestConsensusCore_WithNilMultiSignerShouldFail
=== PAUSE TestConsensusCore_WithNilMultiSignerShouldFail
=== RUN   TestConsensusCore_WithNilRoundHandlerShouldFail
=== PAUSE TestConsensusCore_WithNilRoundHandlerShouldFail
=== RUN   TestConsensusCore_WithNilShardCoordinatorShouldFail
=== PAUSE TestConsensusCore_WithNilShardCoordinatorShouldFail
=== RUN   TestConsensusCore_WithNilNodesCoordinatorShouldFail
=== PAUSE TestConsensusCore_WithNilNodesCoordinatorShouldFail
=== RUN   TestConsensusCore_WithNilSyncTimerShouldFail
=== PAUSE TestConsensusCore_WithNilSyncTimerShouldFail
=== RUN   TestConsensusCore_WithNilAntifloodHandlerShouldFail
=== PAUSE TestConsensusCore_WithNilAntifloodHandlerShouldFail
=== RUN   TestConsensusCore_WithNilPeerHonestyHandlerShouldFail
=== PAUSE TestConsensusCore_WithNilPeerHonestyHandlerShouldFail
=== RUN   TestConsensusCore_WithNilHeaderSigVerifierShouldFail
=== PAUSE TestConsensusCore_WithNilHeaderSigVerifierShouldFail
=== RUN   TestConsensusCore_WithNilFallbackHeaderValidatorShouldFail
=== PAUSE TestConsensusCore_WithNilFallbackHeaderValidatorShouldFail
=== RUN   TestConsensusCore_WithNilNodeRedundancyHandlerShouldFail
=== PAUSE TestConsensusCore_WithNilNodeRedundancyHandlerShouldFail
=== RUN   TestConsensusCore_WithNilScheduledProcessorShouldFail
=== PAUSE TestConsensusCore_WithNilScheduledProcessorShouldFail
=== RUN   TestConsensusCore_WithNilMessageSigningHandlerShouldFail
=== PAUSE TestConsensusCore_WithNilMessageSigningHandlerShouldFail
=== RUN   TestConsensusCore_WithNilPeerBlacklistHandlerShouldFail
=== PAUSE TestConsensusCore_WithNilPeerBlacklistHandlerShouldFail
=== RUN   TestConsensusCore_WithNilEnableEpochsHandlerShouldFail
=== PAUSE TestConsensusCore_WithNilEnableEpochsHandlerShouldFail
=== RUN   TestConsensusCore_WithNilEpochStartRegistrationHandlerShouldFail
=== PAUSE TestConsensusCore_WithNilEpochStartRegistrationHandlerShouldFail
=== RUN   TestConsensusCore_CreateConsensusCoreShouldWork
=== PAUSE TestConsensusCore_CreateConsensusCoreShouldWork
=== RUN   TestNewConsensusMessageValidator
=== PAUSE TestNewConsensusMessageValidator
=== RUN   TestCheckConsensusMessageValidity_WrongChainID
=== PAUSE TestCheckConsensusMessageValidity_WrongChainID
=== RUN   TestCheckMessageWithFinalInfoValidity_InvalidMessage
=== PAUSE TestCheckMessageWithFinalInfoValidity_InvalidMessage
=== RUN   TestCheckMessageWithFinalInfoValidity_InvalidPubKeyBitmap
=== PAUSE TestCheckMessageWithFinalInfoValidity_InvalidPubKeyBitmap
=== RUN   TestCheckMessageWithFinalInfoValidity_InvalidAggregateSignatureSize
=== PAUSE TestCheckMessageWithFinalInfoValidity_InvalidAggregateSignatureSize
=== RUN   TestCheckMessageWithFinalInfo_LeaderSignatureCheck
=== PAUSE TestCheckMessageWithFinalInfo_LeaderSignatureCheck
=== RUN   TestCheckMessageWithFinalInfoValidity_ShouldWork
=== PAUSE TestCheckMessageWithFinalInfoValidity_ShouldWork
=== RUN   TestCheckMessageWithSignatureValidity_InvalidMessage
=== PAUSE TestCheckMessageWithSignatureValidity_InvalidMessage
=== RUN   TestCheckMessageWithSignatureValidity_InvalidSignatureShareSize
=== PAUSE TestCheckMessageWithSignatureValidity_InvalidSignatureShareSize
=== RUN   TestCheckMessageWithSignatureShareValidity_ShouldWork
=== PAUSE TestCheckMessageWithSignatureShareValidity_ShouldWork
=== RUN   TestCheckMessageWithBlockHeaderValidity_InvalidMessage
=== PAUSE TestCheckMessageWithBlockHeaderValidity_InvalidMessage
=== RUN   TestCheckMessageWithBlockHeaderValidity_InvalidHeaderSize
=== PAUSE TestCheckMessageWithBlockHeaderValidity_InvalidHeaderSize
=== RUN   TestCheckMessageWithBlockHeaderValidity_HeaderTooBig
=== PAUSE TestCheckMessageWithBlockHeaderValidity_HeaderTooBig
=== RUN   TestCheckMessageWithBlockHeaderValidity_HeaderSizeZero
=== PAUSE TestCheckMessageWithBlockHeaderValidity_HeaderSizeZero
=== RUN   TestCheckMessageWithBlockHeaderValidity_ShouldWork
=== PAUSE TestCheckMessageWithBlockHeaderValidity_ShouldWork
=== RUN   TestCheckMessageWithBlockBodyValidity_InvalidMessage
=== PAUSE TestCheckMessageWithBlockBodyValidity_InvalidMessage
=== RUN   TestCheckMessageWithBlockBodyValidity_InvalidBodySize
=== PAUSE TestCheckMessageWithBlockBodyValidity_InvalidBodySize
=== RUN   TestCheckMessageWithBlockBodyValidity_ShouldWork
=== PAUSE TestCheckMessageWithBlockBodyValidity_ShouldWork
=== RUN   TestCheckMessageWithBlockBodyAndHeaderValidity_NilSigShareAfterActivation
=== PAUSE TestCheckMessageWithBlockBodyAndHeaderValidity_NilSigShareAfterActivation
=== RUN   TestCheckMessageWithBlockBodyAndHeaderValidity_InvalidMessage
=== PAUSE TestCheckMessageWithBlockBodyAndHeaderValidity_InvalidMessage
=== RUN   TestCheckMessageWithBlockBodyAndHeaderValidity_InvalidBodySize
=== PAUSE TestCheckMessageWithBlockBodyAndHeaderValidity_InvalidBodySize
=== RUN   TestCheckMessageWithBlockBodyAndHeaderValidity_InvalidHeaderSize
=== PAUSE TestCheckMessageWithBlockBodyAndHeaderValidity_InvalidHeaderSize
=== RUN   TestCheckMessageWithBlockBodyAndHeaderValidity_ShouldWork
=== PAUSE TestCheckMessageWithBlockBodyAndHeaderValidity_ShouldWork
=== RUN   TestCheckConsensusMessageValidityForMessageType_MessageWithBlockBodyAndHeaderInvalid
=== PAUSE TestCheckConsensusMessageValidityForMessageType_MessageWithBlockBodyAndHeaderInvalid
=== RUN   TestCheckConsensusMessageValidityForMessageType_MessageWithBlockBodyInvalid
=== PAUSE TestCheckConsensusMessageValidityForMessageType_MessageWithBlockBodyInvalid
=== RUN   TestCheckConsensusMessageValidityForMessageType_MessageWithBlockHeaderInvalid
=== PAUSE TestCheckConsensusMessageValidityForMessageType_MessageWithBlockHeaderInvalid
=== RUN   TestCheckConsensusMessageValidityForMessageType_MessageWithBlockHeaderInvalidAfterFlag
=== PAUSE TestCheckConsensusMessageValidityForMessageType_MessageWithBlockHeaderInvalidAfterFlag
=== RUN   TestCheckConsensusMessageValidityForMessageType_MessageWithSignatureInvalid
=== PAUSE TestCheckConsensusMessageValidityForMessageType_MessageWithSignatureInvalid
=== RUN   TestCheckConsensusMessageValidityForMessageType_MessageWithFinalInfoInvalid
=== PAUSE TestCheckConsensusMessageValidityForMessageType_MessageWithFinalInfoInvalid
=== RUN   TestCheckConsensusMessageValidityForMessageType_MessageWithInvalidSigners
=== PAUSE TestCheckConsensusMessageValidityForMessageType_MessageWithInvalidSigners
=== RUN   TestCheckConsensusMessageValidityForMessageType_MessageUnknownInvalid
=== PAUSE TestCheckConsensusMessageValidityForMessageType_MessageUnknownInvalid
=== RUN   TestIsBlockHeaderHashSizeValid_NotValid
=== PAUSE TestIsBlockHeaderHashSizeValid_NotValid
=== RUN   TestIsBlockHeaderHashSizeValid
=== PAUSE TestIsBlockHeaderHashSizeValid
=== RUN   TestCheckConsensusMessageValidity_InvalidMessage
=== PAUSE TestCheckConsensusMessageValidity_InvalidMessage
=== RUN   TestCheckConsensusMessageValidity_InvalidHeaderHashSize
=== PAUSE TestCheckConsensusMessageValidity_InvalidHeaderHashSize
=== RUN   TestCheckConsensusMessageValidity_InvalidPublicKeySize
=== PAUSE TestCheckConsensusMessageValidity_InvalidPublicKeySize
=== RUN   TestCheckConsensusMessageValidity_InvalidSignatureSize
=== PAUSE TestCheckConsensusMessageValidity_InvalidSignatureSize
=== RUN   TestCheckConsensusMessageValidity_NodeIsNotEligible
=== PAUSE TestCheckConsensusMessageValidity_NodeIsNotEligible
=== RUN   TestCheckConsensusMessageValidity_ErrMessageForFutureRound
=== PAUSE TestCheckConsensusMessageValidity_ErrMessageForFutureRound
=== RUN   TestCheckConsensusMessageValidity_ErrMessageForPastRound
=== PAUSE TestCheckConsensusMessageValidity_ErrMessageForPastRound
=== RUN   TestCheckConsensusMessageValidity_ErrMessageTypeLimitReached
=== PAUSE TestCheckConsensusMessageValidity_ErrMessageTypeLimitReached
=== RUN   TestCheckConsensusMessageValidity_InvalidSignature
=== PAUSE TestCheckConsensusMessageValidity_InvalidSignature
=== RUN   TestCheckConsensusMessageValidity_Ok
=== PAUSE TestCheckConsensusMessageValidity_Ok
=== RUN   TestIsMessageTypeLimitReached_ShouldWork
=== PAUSE TestIsMessageTypeLimitReached_ShouldWork
=== RUN   TestAddMessageTypeToPublicKey_ShouldWork
=== PAUSE TestAddMessageTypeToPublicKey_ShouldWork
=== RUN   TestResetConsensusMessages_ShouldWork
=== PAUSE TestResetConsensusMessages_ShouldWork
=== RUN   TestConsensusState__NewConsensusStateShouldWork
=== PAUSE TestConsensusState__NewConsensusStateShouldWork
=== RUN   TestConsensusState_ResetConsensusStateShouldWork
=== PAUSE TestConsensusState_ResetConsensusStateShouldWork
=== RUN   TestConsensusState_IsNodeLeaderInCurrentRoundShouldReturnFalseWhenGetLeaderErr
=== PAUSE TestConsensusState_IsNodeLeaderInCurrentRoundShouldReturnFalseWhenGetLeaderErr
=== RUN   TestConsensusState_IsNodeLeaderInCurrentRoundShouldReturnFalse
=== PAUSE TestConsensusState_IsNodeLeaderInCurrentRoundShouldReturnFalse
=== RUN   TestConsensusState_IsNodeLeaderInCurrentRoundShouldReturnTrue
=== PAUSE TestConsensusState_IsNodeLeaderInCurrentRoundShouldReturnTrue
=== RUN   TestConsensusState_GetLeaderShoudErrNilConsensusGroup
=== PAUSE TestConsensusState_GetLeaderShoudErrNilConsensusGroup
=== RUN   TestConsensusState_GetLeaderShouldErrEmptyConsensusGroup
=== PAUSE TestConsensusState_GetLeaderShouldErrEmptyConsensusGroup
=== RUN   TestConsensusState_GetLeaderShouldWork
=== PAUSE TestConsensusState_GetLeaderShouldWork
=== RUN   TestConsensusState_GetNextConsensusGroupShouldFailWhenComputeValidatorsGroupErr
=== PAUSE TestConsensusState_GetNextConsensusGroupShouldFailWhenComputeValidatorsGroupErr
=== RUN   TestConsensusState_GetNextConsensusGroupShouldWork
=== PAUSE TestConsensusState_GetNextConsensusGroupShouldWork
=== RUN   TestConsensusState_IsConsensusDataSetShouldReturnTrue
=== PAUSE TestConsensusState_IsConsensusDataSetShouldReturnTrue
=== RUN   TestConsensusState_IsConsensusDataSetShouldReturnFalse
=== PAUSE TestConsensusState_IsConsensusDataSetShouldReturnFalse
=== RUN   TestConsensusState_IsConsensusDataEqualShouldReturnTrue
=== PAUSE TestConsensusState_IsConsensusDataEqualShouldReturnTrue
=== RUN   TestConsensusState_IsConsensusDataEqualShouldReturnFalse
=== PAUSE TestConsensusState_IsConsensusDataEqualShouldReturnFalse
=== RUN   TestConsensusState_IsJobDoneShouldReturnFalse
=== PAUSE TestConsensusState_IsJobDoneShouldReturnFalse
=== RUN   TestConsensusState_IsJobDoneShouldReturnTrue
=== PAUSE TestConsensusState_IsJobDoneShouldReturnTrue
=== RUN   TestConsensusState_IsSelfJobDoneShouldReturnFalse
=== PAUSE TestConsensusState_IsSelfJobDoneShouldReturnFalse
=== RUN   TestConsensusState_IsSelfJobDoneShouldReturnTrue
=== PAUSE TestConsensusState_IsSelfJobDoneShouldReturnTrue
=== RUN   TestConsensusState_IsCurrentSubroundFinishedShouldReturnFalse
=== PAUSE TestConsensusState_IsCurrentSubroundFinishedShouldReturnFalse
=== RUN   TestConsensusState_IsCurrentSubroundFinishedShouldReturnTrue
=== PAUSE TestConsensusState_IsCurrentSubroundFinishedShouldReturnTrue
=== RUN   TestConsensusState_IsNodeSelfShouldReturnFalse
=== PAUSE TestConsensusState_IsNodeSelfShouldReturnFalse
=== RUN   TestConsensusState_IsNodeSelfShouldReturnTrue
=== PAUSE TestConsensusState_IsNodeSelfShouldReturnTrue
=== RUN   TestConsensusState_IsBlockBodyAlreadyReceivedShouldReturnFalse
=== PAUSE TestConsensusState_IsBlockBodyAlreadyReceivedShouldReturnFalse
=== RUN   TestConsensusState_IsBlockBodyAlreadyReceivedShouldReturnTrue
=== PAUSE TestConsensusState_IsBlockBodyAlreadyReceivedShouldReturnTrue
=== RUN   TestConsensusState_IsHeaderAlreadyReceivedShouldReturnFalse
=== PAUSE TestConsensusState_IsHeaderAlreadyReceivedShouldReturnFalse
=== RUN   TestConsensusState_IsHeaderAlreadyReceivedShouldReturnTrue
=== PAUSE TestConsensusState_IsHeaderAlreadyReceivedShouldReturnTrue
=== RUN   TestConsensusState_CanDoSubroundJobShouldReturnFalseWhenConsensusDataNotSet
=== PAUSE TestConsensusState_CanDoSubroundJobShouldReturnFalseWhenConsensusDataNotSet
=== RUN   TestConsensusState_CanDoSubroundJobShouldReturnFalseWhenSelfJobIsDone
=== PAUSE TestConsensusState_CanDoSubroundJobShouldReturnFalseWhenSelfJobIsDone
=== RUN   TestConsensusState_CanDoSubroundJobShouldReturnFalseWhenCurrentRoundIsFinished
=== PAUSE TestConsensusState_CanDoSubroundJobShouldReturnFalseWhenCurrentRoundIsFinished
=== RUN   TestConsensusState_CanDoSubroundJobShouldReturnTrue
=== PAUSE TestConsensusState_CanDoSubroundJobShouldReturnTrue
=== RUN   TestConsensusState_CanProcessReceivedMessageShouldReturnFalseWhenMessageIsReceivedFromItself
=== PAUSE TestConsensusState_CanProcessReceivedMessageShouldReturnFalseWhenMessageIsReceivedFromItself
=== RUN   TestConsensusState_CanProcessReceivedMessageShouldReturnFalseWhenMessageIsReceivedForOtherRound
=== PAUSE TestConsensusState_CanProcessReceivedMessageShouldReturnFalseWhenMessageIsReceivedForOtherRound
=== RUN   TestConsensusState_CanProcessReceivedMessageShouldReturnFalseWhenJobIsDone
=== PAUSE TestConsensusState_CanProcessReceivedMessageShouldReturnFalseWhenJobIsDone
=== RUN   TestConsensusState_CanProcessReceivedMessageShouldReturnFalseWhenCurrentRoundIsFinished
=== PAUSE TestConsensusState_CanProcessReceivedMessageShouldReturnFalseWhenCurrentRoundIsFinished
=== RUN   TestConsensusState_CanProcessReceivedMessageShouldReturnTrue
=== PAUSE TestConsensusState_CanProcessReceivedMessageShouldReturnTrue
=== RUN   TestConsensusState_GenerateBitmapShouldWork
=== PAUSE TestConsensusState_GenerateBitmapShouldWork
=== RUN   TestConsensusState_SetAndGetProcessingBlockShouldWork
=== PAUSE TestConsensusState_SetAndGetProcessingBlockShouldWork
=== RUN   TestConsensusState_IsMultiKeyLeaderInCurrentRound
=== PAUSE TestConsensusState_IsMultiKeyLeaderInCurrentRound
=== RUN   TestConsensusState_IsLeaderJobDone
=== PAUSE TestConsensusState_IsLeaderJobDone
=== RUN   TestConsensusState_IsMultiKeyJobDone
=== PAUSE TestConsensusState_IsMultiKeyJobDone
=== RUN   TestConsensusState_GetMultikeyRedundancyStepInReason
=== PAUSE TestConsensusState_GetMultikeyRedundancyStepInReason
=== RUN   TestConsensusState_ResetRoundsWithoutReceivedMessages
=== PAUSE TestConsensusState_ResetRoundsWithoutReceivedMessages
=== RUN   TestConsensusState_GettersSetters
=== PAUSE TestConsensusState_GettersSetters
=== RUN   TestConsensusState_IsInterfaceNil
=== PAUSE TestConsensusState_IsInterfaceNil
=== RUN   TestRoundConsensus_NewRoundConsensusShouldWork
=== PAUSE TestRoundConsensus_NewRoundConsensusShouldWork
=== RUN   TestRoundConsensus_ConsensusGroupIndexFound
=== PAUSE TestRoundConsensus_ConsensusGroupIndexFound
=== RUN   TestRoundConsensus_ConsensusGroupIndexNotFound
=== PAUSE TestRoundConsensus_ConsensusGroupIndexNotFound
=== RUN   TestRoundConsensus_IndexSelfConsensusGroupInConsesus
=== PAUSE TestRoundConsensus_IndexSelfConsensusGroupInConsesus
=== RUN   TestRoundConsensus_IndexSelfConsensusGroupNotFound
=== PAUSE TestRoundConsensus_IndexSelfConsensusGroupNotFound
=== RUN   TestRoundConsensus_SetEligibleListShouldChangeTheEligibleList
=== PAUSE TestRoundConsensus_SetEligibleListShouldChangeTheEligibleList
=== RUN   TestRoundConsensus_SetConsensusGroupShouldChangeTheConsensusGroup
=== PAUSE TestRoundConsensus_SetConsensusGroupShouldChangeTheConsensusGroup
=== RUN   TestRoundConsensus_SetConsensusGroupSizeShouldChangeTheConsensusGroupSize
=== PAUSE TestRoundConsensus_SetConsensusGroupSizeShouldChangeTheConsensusGroupSize
=== RUN   TestRoundConsensus_SetSelfPubKeyShouldChangeTheSelfPubKey
=== PAUSE TestRoundConsensus_SetSelfPubKeyShouldChangeTheSelfPubKey
=== RUN   TestRoundConsensus_GetJobDoneShouldReturnsFalseWhenValidatorIsNotInTheConsensusGroup
=== PAUSE TestRoundConsensus_GetJobDoneShouldReturnsFalseWhenValidatorIsNotInTheConsensusGroup
=== RUN   TestRoundConsensus_SetJobDoneShouldNotBeSetWhenValidatorIsNotInTheConsensusGroup
=== PAUSE TestRoundConsensus_SetJobDoneShouldNotBeSetWhenValidatorIsNotInTheConsensusGroup
=== RUN   TestRoundConsensus_GetSelfJobDoneShouldReturnFalse
=== PAUSE TestRoundConsensus_GetSelfJobDoneShouldReturnFalse
=== RUN   TestRoundConsensus_GetSelfJobDoneShouldReturnTrue
=== PAUSE TestRoundConsensus_GetSelfJobDoneShouldReturnTrue
=== RUN   TestRoundConsensus_SetSelfJobDoneShouldWork
=== PAUSE TestRoundConsensus_SetSelfJobDoneShouldWork
=== RUN   TestRoundConsensus_IsNodeInConsensusGroup
=== PAUSE TestRoundConsensus_IsNodeInConsensusGroup
=== RUN   TestRoundConsensus_IsNodeInEligibleList
=== PAUSE TestRoundConsensus_IsNodeInEligibleList
=== RUN   TestRoundConsensus_ComputeSize
=== PAUSE TestRoundConsensus_ComputeSize
=== RUN   TestRoundConsensus_ResetValidationMap
=== PAUSE TestRoundConsensus_ResetValidationMap
=== RUN   TestRoundConsensus_IsMultiKeyInConsensusGroup
=== PAUSE TestRoundConsensus_IsMultiKeyInConsensusGroup
=== RUN   TestRoundConsensus_IncrementRoundsWithoutReceivedMessages
=== PAUSE TestRoundConsensus_IncrementRoundsWithoutReceivedMessages
=== RUN   TestRoundState_NewRoundStateShouldWork
=== PAUSE TestRoundState_NewRoundStateShouldWork
=== RUN   TestRoundState_SetJobDoneShouldWork
=== PAUSE TestRoundState_SetJobDoneShouldWork
=== RUN   TestRoundState_ResetJobDoneShouldWork
=== PAUSE TestRoundState_ResetJobDoneShouldWork
=== RUN   TestRoundStatus_NewRoundStatusShouldWork
=== PAUSE TestRoundStatus_NewRoundStatusShouldWork
=== RUN   TestRoundStatus_SetRoundStatusShouldWork
=== PAUSE TestRoundStatus_SetRoundStatusShouldWork
=== RUN   TestRoundStatus_ResetRoundStatusShouldWork
=== PAUSE TestRoundStatus_ResetRoundStatusShouldWork
=== RUN   TestRoundThreshold_NewThresholdShouldWork
=== PAUSE TestRoundThreshold_NewThresholdShouldWork
=== RUN   TestRoundThreshold_SetThresholdShouldWork
=== PAUSE TestRoundThreshold_SetThresholdShouldWork
=== RUN   TestRoundThreshold_SetFallbackThresholdShouldWork
=== PAUSE TestRoundThreshold_SetFallbackThresholdShouldWork
=== RUN   TestProcessingStatus_String
=== PAUSE TestProcessingStatus_String
=== RUN   TestNewScheduledProcessorWrapper_NilSyncTimerShouldErr
=== PAUSE TestNewScheduledProcessorWrapper_NilSyncTimerShouldErr
=== RUN   TestNewScheduledProcessorWrapper_NilBlockProcessorShouldErr
=== PAUSE TestNewScheduledProcessorWrapper_NilBlockProcessorShouldErr
=== RUN   TestNewScheduledProcessorWrapper_NilRoundTimeDurationHandlerShouldErr
=== PAUSE TestNewScheduledProcessorWrapper_NilRoundTimeDurationHandlerShouldErr
=== RUN   TestNewScheduledProcessorWrapper_NilBlockProcessorOK
=== PAUSE TestNewScheduledProcessorWrapper_NilBlockProcessorOK
=== RUN   TestScheduledProcessorWrapper_IsProcessedOKEarlyExit
=== PAUSE TestScheduledProcessorWrapper_IsProcessedOKEarlyExit
=== RUN   TestScheduledProcessorWrapper_IsProcessedInProgressNegativeRemainingTime
=== PAUSE TestScheduledProcessorWrapper_IsProcessedInProgressNegativeRemainingTime
=== RUN   TestScheduledProcessorWrapper_IsProcessedInProgressStartingInFuture
=== PAUSE TestScheduledProcessorWrapper_IsProcessedInProgressStartingInFuture
=== RUN   TestScheduledProcessorWrapper_IsProcessedInProgressEarlyCompletion
=== PAUSE TestScheduledProcessorWrapper_IsProcessedInProgressEarlyCompletion
=== RUN   TestScheduledProcessorWrapper_IsProcessedInProgressEarlyCompletionWithError
=== PAUSE TestScheduledProcessorWrapper_IsProcessedInProgressEarlyCompletionWithError
=== RUN   TestScheduledProcessorWrapper_IsProcessedInProgressAlreadyStartedNoCompletion
=== PAUSE TestScheduledProcessorWrapper_IsProcessedInProgressAlreadyStartedNoCompletion
=== RUN   TestScheduledProcessorWrapper_IsProcessedInProgressTimeout
=== PAUSE TestScheduledProcessorWrapper_IsProcessedInProgressTimeout
=== RUN   TestScheduledProcessorWrapper_StatusGetterAndSetter
=== PAUSE TestScheduledProcessorWrapper_StatusGetterAndSetter
=== RUN   TestScheduledProcessorWrapper_StartScheduledProcessingHeaderV1ProcessingOK
=== PAUSE TestScheduledProcessorWrapper_StartScheduledProcessingHeaderV1ProcessingOK
=== RUN   TestScheduledProcessorWrapper_StartScheduledProcessingHeaderV2ProcessingWithError
=== PAUSE TestScheduledProcessorWrapper_StartScheduledProcessingHeaderV2ProcessingWithError
=== RUN   TestScheduledProcessorWrapper_StartScheduledProcessingHeaderV2ProcessingOK
=== PAUSE TestScheduledProcessorWrapper_StartScheduledProcessingHeaderV2ProcessingOK
=== RUN   TestScheduledProcessorWrapper_StartScheduledProcessingHeaderV2ForceStopped
=== PAUSE TestScheduledProcessorWrapper_StartScheduledProcessingHeaderV2ForceStopped
=== RUN   TestScheduledProcessorWrapper_StartScheduledProcessingHeaderV2ForceStopAfterProcessingEnded
=== PAUSE TestScheduledProcessorWrapper_StartScheduledProcessingHeaderV2ForceStopAfterProcessingEnded
=== RUN   TestSubround_NewSubroundNilConsensusStateShouldFail
=== PAUSE TestSubround_NewSubroundNilConsensusStateShouldFail
=== RUN   TestSubround_NewSubroundNilChannelShouldFail
=== PAUSE TestSubround_NewSubroundNilChannelShouldFail
=== RUN   TestSubround_NewSubroundNilExecuteStoredMessagesShouldFail
=== PAUSE TestSubround_NewSubroundNilExecuteStoredMessagesShouldFail
=== RUN   TestSubround_NewSubroundNilContainerShouldFail
=== PAUSE TestSubround_NewSubroundNilContainerShouldFail
=== RUN   TestSubround_NilContainerBlockchainShouldFail
=== PAUSE TestSubround_NilContainerBlockchainShouldFail
=== RUN   TestSubround_NilContainerBlockprocessorShouldFail
=== PAUSE TestSubround_NilContainerBlockprocessorShouldFail
=== RUN   TestSubround_NilContainerBootstrapperShouldFail
=== PAUSE TestSubround_NilContainerBootstrapperShouldFail
=== RUN   TestSubround_NilContainerChronologyShouldFail
=== PAUSE TestSubround_NilContainerChronologyShouldFail
=== RUN   TestSubround_NilContainerHasherShouldFail
=== PAUSE TestSubround_NilContainerHasherShouldFail
=== RUN   TestSubround_NilContainerMarshalizerShouldFail
=== PAUSE TestSubround_NilContainerMarshalizerShouldFail
=== RUN   TestSubround_NilContainerMultiSignerShouldFail
=== PAUSE TestSubround_NilContainerMultiSignerShouldFail
=== RUN   TestSubround_NilContainerRoundHandlerShouldFail
=== PAUSE TestSubround_NilContainerRoundHandlerShouldFail
=== RUN   TestSubround_NilContainerShardCoordinatorShouldFail
=== PAUSE TestSubround_NilContainerShardCoordinatorShouldFail
=== RUN   TestSubround_NilContainerSyncTimerShouldFail
=== PAUSE TestSubround_NilContainerSyncTimerShouldFail
=== RUN   TestSubround_NilContainerValidatorGroupSelectorShouldFail
=== PAUSE TestSubround_NilContainerValidatorGroupSelectorShouldFail
=== RUN   TestSubround_EmptyChainIDShouldFail
=== PAUSE TestSubround_EmptyChainIDShouldFail
=== RUN   TestSubround_NewSubroundShouldWork
=== PAUSE TestSubround_NewSubroundShouldWork
=== RUN   TestSubround_DoWorkShouldReturnFalseWhenJobFunctionIsNotSet
=== PAUSE TestSubround_DoWorkShouldReturnFalseWhenJobFunctionIsNotSet
=== RUN   TestSubround_DoWorkShouldReturnFalseWhenCheckFunctionIsNotSet
=== PAUSE TestSubround_DoWorkShouldReturnFalseWhenCheckFunctionIsNotSet
=== RUN   TestSubround_DoWorkShouldReturnFalseWhenConsensusIsNotDone
=== PAUSE TestSubround_DoWorkShouldReturnFalseWhenConsensusIsNotDone
=== RUN   TestSubround_DoWorkShouldReturnTrueWhenJobAndConsensusAreDone
=== PAUSE TestSubround_DoWorkShouldReturnTrueWhenJobAndConsensusAreDone
=== RUN   TestSubround_DoWorkShouldReturnTrueWhenJobIsDoneAndConsensusIsDoneAfterAWhile
=== PAUSE TestSubround_DoWorkShouldReturnTrueWhenJobIsDoneAndConsensusIsDoneAfterAWhile
=== RUN   TestSubround_Previous
=== PAUSE TestSubround_Previous
=== RUN   TestSubround_Current
=== PAUSE TestSubround_Current
=== RUN   TestSubround_Next
=== PAUSE TestSubround_Next
=== RUN   TestSubround_StartTime
=== PAUSE TestSubround_StartTime
=== RUN   TestSubround_EndTime
=== PAUSE TestSubround_EndTime
=== RUN   TestSubround_Name
=== PAUSE TestSubround_Name
=== RUN   TestSubround_GetAssociatedPid
=== PAUSE TestSubround_GetAssociatedPid
=== RUN   TestSubround_ShouldConsiderSelfKeyInConsensus
=== PAUSE TestSubround_ShouldConsiderSelfKeyInConsensus
=== RUN   TestSubround_GetLeaderStartRoundMessage
=== PAUSE TestSubround_GetLeaderStartRoundMessage
=== RUN   TestSubround_IsSelfInConsensusGroup
=== PAUSE TestSubround_IsSelfInConsensusGroup
=== RUN   TestSubround_IsSelfLeader
=== PAUSE TestSubround_IsSelfLeader
=== RUN   TestSubround_IsInterfaceNil
=== PAUSE TestSubround_IsInterfaceNil
=== RUN   TestWorker_NewWorkerConsensusServiceNilShouldFail
=== PAUSE TestWorker_NewWorkerConsensusServiceNilShouldFail
=== RUN   TestWorker_NewWorkerBlockChainNilShouldFail
=== PAUSE TestWorker_NewWorkerBlockChainNilShouldFail
=== RUN   TestWorker_NewWorkerBlockProcessorNilShouldFail
=== PAUSE TestWorker_NewWorkerBlockProcessorNilShouldFail
=== RUN   TestWorker_NewWorkerBootstrapperNilShouldFail
=== PAUSE TestWorker_NewWorkerBootstrapperNilShouldFail
=== RUN   TestWorker_NewWorkerBroadcastMessengerNilShouldFail
=== PAUSE TestWorker_NewWorkerBroadcastMessengerNilShouldFail
=== RUN   TestWorker_NewWorkerConsensusStateNilShouldFail
=== PAUSE TestWorker_NewWorkerConsensusStateNilShouldFail
=== RUN   TestWorker_NewWorkerForkDetectorNilShouldFail
=== PAUSE TestWorker_NewWorkerForkDetectorNilShouldFail
=== RUN   TestWorker_NewWorkerMarshalizerNilShouldFail
=== PAUSE TestWorker_NewWorkerMarshalizerNilShouldFail
=== RUN   TestWorker_NewWorkerHasherNilShouldFail
=== PAUSE TestWorker_NewWorkerHasherNilShouldFail
=== RUN   TestWorker_NewWorkerRoundHandlerNilShouldFail
=== PAUSE TestWorker_NewWorkerRoundHandlerNilShouldFail
=== RUN   TestWorker_NewWorkerShardCoordinatorNilShouldFail
=== PAUSE TestWorker_NewWorkerShardCoordinatorNilShouldFail
=== RUN   TestWorker_NewWorkerPeerSignatureHandlerNilShouldFail
=== PAUSE TestWorker_NewWorkerPeerSignatureHandlerNilShouldFail
=== RUN   TestWorker_NewWorkerSyncTimerNilShouldFail
=== PAUSE TestWorker_NewWorkerSyncTimerNilShouldFail
=== RUN   TestWorker_NewWorkerHeaderSigVerifierNilShouldFail
=== PAUSE TestWorker_NewWorkerHeaderSigVerifierNilShouldFail
=== RUN   TestWorker_NewWorkerHeaderIntegrityVerifierShouldFail
=== PAUSE TestWorker_NewWorkerHeaderIntegrityVerifierShouldFail
=== RUN   TestWorker_NewWorkerEmptyChainIDShouldFail
=== PAUSE TestWorker_NewWorkerEmptyChainIDShouldFail
=== RUN   TestWorker_NewWorkerNilNetworkShardingCollectorShouldFail
=== PAUSE TestWorker_NewWorkerNilNetworkShardingCollectorShouldFail
=== RUN   TestWorker_NewWorkerNilAntifloodHandlerShouldFail
=== PAUSE TestWorker_NewWorkerNilAntifloodHandlerShouldFail
=== RUN   TestWorker_NewWorkerPoolAdderNilShouldFail
=== PAUSE TestWorker_NewWorkerPoolAdderNilShouldFail
=== RUN   TestWorker_NewWorkerNodeRedundancyHandlerShouldFail
=== PAUSE TestWorker_NewWorkerNodeRedundancyHandlerShouldFail
=== RUN   TestWorker_NewWorkerPoolEnableEpochsHandlerNilShouldFail
=== PAUSE TestWorker_NewWorkerPoolEnableEpochsHandlerNilShouldFail
=== RUN   TestWorker_NewWorkerPoolInvalidSignersCacheNilShouldFail
=== PAUSE TestWorker_NewWorkerPoolInvalidSignersCacheNilShouldFail
=== RUN   TestWorker_NewWorkerShouldWork
=== PAUSE TestWorker_NewWorkerShouldWork
=== RUN   TestWorker_ProcessReceivedMessageShouldErrIfFloodIsDetectedOnTopic
=== PAUSE TestWorker_ProcessReceivedMessageShouldErrIfFloodIsDetectedOnTopic
=== RUN   TestWorker_ReceivedSyncStateShouldNotSendOnChannelWhenInputIsFalse
=== PAUSE TestWorker_ReceivedSyncStateShouldNotSendOnChannelWhenInputIsFalse
=== RUN   TestWorker_ReceivedSyncStateShouldNotSendOnChannelWhenChannelIsBusy
=== PAUSE TestWorker_ReceivedSyncStateShouldNotSendOnChannelWhenChannelIsBusy
=== RUN   TestWorker_ReceivedSyncStateShouldSendOnChannel
=== PAUSE TestWorker_ReceivedSyncStateShouldSendOnChannel
=== RUN   TestWorker_InitReceivedMessagesShouldInitMap
=== PAUSE TestWorker_InitReceivedMessagesShouldInitMap
=== RUN   TestWorker_AddReceivedMessageCallShouldWork
=== PAUSE TestWorker_AddReceivedMessageCallShouldWork
=== RUN   TestWorker_RemoveAllReceivedMessageCallsShouldWork
=== PAUSE TestWorker_RemoveAllReceivedMessageCallsShouldWork
=== RUN   TestWorker_ProcessReceivedMessageTxBlockBodyShouldRetNil
=== PAUSE TestWorker_ProcessReceivedMessageTxBlockBodyShouldRetNil
=== RUN   TestWorker_ProcessReceivedMessageNilMessageShouldErr
=== PAUSE TestWorker_ProcessReceivedMessageNilMessageShouldErr
=== RUN   TestWorker_ProcessReceivedMessageNilMessageDataFieldShouldErr
=== PAUSE TestWorker_ProcessReceivedMessageNilMessageDataFieldShouldErr
=== RUN   TestWorker_ProcessReceivedMessageEmptySignatureFieldShouldErr
=== PAUSE TestWorker_ProcessReceivedMessageEmptySignatureFieldShouldErr
=== RUN   TestWorker_ProcessReceivedMessageRedundancyNodeShouldResetInactivityIfNeeded
=== PAUSE TestWorker_ProcessReceivedMessageRedundancyNodeShouldResetInactivityIfNeeded
=== RUN   TestWorker_ProcessReceivedMessageNodeNotInEligibleListShouldErr
=== PAUSE TestWorker_ProcessReceivedMessageNodeNotInEligibleListShouldErr
=== RUN   TestWorker_ProcessReceivedMessageComputeReceivedProposedBlockMetric
=== PAUSE TestWorker_ProcessReceivedMessageComputeReceivedProposedBlockMetric
=== RUN   TestWorker_ProcessReceivedMessageInconsistentChainIDInConsensusMessageShouldErr
=== PAUSE TestWorker_ProcessReceivedMessageInconsistentChainIDInConsensusMessageShouldErr
=== RUN   TestWorker_ProcessReceivedMessageTypeInvalidShouldErr
=== PAUSE TestWorker_ProcessReceivedMessageTypeInvalidShouldErr
=== RUN   TestWorker_ProcessReceivedHeaderHashSizeInvalidShouldErr
=== PAUSE TestWorker_ProcessReceivedHeaderHashSizeInvalidShouldErr
=== RUN   TestWorker_ProcessReceivedMessageForFutureRoundShouldErr
=== PAUSE TestWorker_ProcessReceivedMessageForFutureRoundShouldErr
=== RUN   TestWorker_ProcessReceivedMessageForPastRoundShouldErr
=== PAUSE TestWorker_ProcessReceivedMessageForPastRoundShouldErr
=== RUN   TestWorker_ProcessReceivedMessageTypeLimitReachedShouldErr
=== PAUSE TestWorker_ProcessReceivedMessageTypeLimitReachedShouldErr
=== RUN   TestWorker_ProcessReceivedMessageInvalidSignatureShouldErr
=== PAUSE TestWorker_ProcessReceivedMessageInvalidSignatureShouldErr
=== RUN   TestWorker_ProcessReceivedMessageReceivedMessageIsFromSelfShouldRetNilAndNotProcess
=== PAUSE TestWorker_ProcessReceivedMessageReceivedMessageIsFromSelfShouldRetNilAndNotProcess
=== RUN   TestWorker_ProcessReceivedMessageWhenRoundIsCanceledShouldRetNilAndNotProcess
=== PAUSE TestWorker_ProcessReceivedMessageWhenRoundIsCanceledShouldRetNilAndNotProcess
=== RUN   TestWorker_ProcessReceivedMessageWrongChainIDInProposedBlockShouldError
=== PAUSE TestWorker_ProcessReceivedMessageWrongChainIDInProposedBlockShouldError
=== RUN   TestWorker_ProcessReceivedMessageWithABadOriginatorShouldErr
=== PAUSE TestWorker_ProcessReceivedMessageWithABadOriginatorShouldErr
=== RUN   TestWorker_ProcessReceivedMessageWithHeaderAndWrongHash
=== PAUSE TestWorker_ProcessReceivedMessageWithHeaderAndWrongHash
=== RUN   TestWorker_ProcessReceivedMessageOkValsShouldWork
=== PAUSE TestWorker_ProcessReceivedMessageOkValsShouldWork
=== RUN   TestWorker_CheckSelfStateShouldErrMessageFromItself
=== PAUSE TestWorker_CheckSelfStateShouldErrMessageFromItself
=== RUN   TestWorker_CheckSelfStateShouldErrRoundCanceled
=== PAUSE TestWorker_CheckSelfStateShouldErrRoundCanceled
=== RUN   TestWorker_CheckSelfStateShouldNotErr
=== PAUSE TestWorker_CheckSelfStateShouldNotErr
=== RUN   TestWorker_CheckSignatureShouldReturnNilErr
=== PAUSE TestWorker_CheckSignatureShouldReturnNilErr
=== RUN   TestWorker_ExecuteMessagesShouldNotExecuteWhenConsensusDataIsNil
=== PAUSE TestWorker_ExecuteMessagesShouldNotExecuteWhenConsensusDataIsNil
=== RUN   TestWorker_ExecuteMessagesShouldNotExecuteWhenMessageIsForOtherRound
=== PAUSE TestWorker_ExecuteMessagesShouldNotExecuteWhenMessageIsForOtherRound
=== RUN   TestWorker_ExecuteBlockBodyMessagesShouldNotExecuteWhenStartRoundIsNotFinished
=== PAUSE TestWorker_ExecuteBlockBodyMessagesShouldNotExecuteWhenStartRoundIsNotFinished
=== RUN   TestWorker_ExecuteBlockHeaderMessagesShouldNotExecuteWhenStartRoundIsNotFinished
=== PAUSE TestWorker_ExecuteBlockHeaderMessagesShouldNotExecuteWhenStartRoundIsNotFinished
=== RUN   TestWorker_ExecuteSignatureMessagesShouldNotExecuteWhenBlockIsNotFinished
=== PAUSE TestWorker_ExecuteSignatureMessagesShouldNotExecuteWhenBlockIsNotFinished
=== RUN   TestWorker_ExecuteMessagesShouldExecute
=== PAUSE TestWorker_ExecuteMessagesShouldExecute
=== RUN   TestWorker_CheckChannelsShouldWork
=== PAUSE TestWorker_CheckChannelsShouldWork
=== RUN   TestWorker_ConvertHeaderToConsensusMessage
=== PAUSE TestWorker_ConvertHeaderToConsensusMessage
=== RUN   TestWorker_StoredHeadersExecution
=== PAUSE TestWorker_StoredHeadersExecution
=== RUN   TestWorker_ExtendShouldReturnWhenRoundIsCanceled
=== PAUSE TestWorker_ExtendShouldReturnWhenRoundIsCanceled
=== RUN   TestWorker_ExtendShouldReturnWhenGetNodeStateNotReturnSynchronized
=== PAUSE TestWorker_ExtendShouldReturnWhenGetNodeStateNotReturnSynchronized
=== RUN   TestWorker_ExtendShouldReturnWhenCreateEmptyBlockFail
=== PAUSE TestWorker_ExtendShouldReturnWhenCreateEmptyBlockFail
=== RUN   TestWorker_ExtendShouldWorkAfterAWhile
=== PAUSE TestWorker_ExtendShouldWorkAfterAWhile
=== RUN   TestWorker_ExtendShouldWork
=== PAUSE TestWorker_ExtendShouldWork
=== RUN   TestWorker_ExecuteStoredMessagesShouldWork
=== PAUSE TestWorker_ExecuteStoredMessagesShouldWork
=== RUN   TestWorker_AppStatusHandlerNilShouldErr
=== PAUSE TestWorker_AppStatusHandlerNilShouldErr
=== RUN   TestWorker_ProcessReceivedMessageWrongHeaderShouldErr
=== PAUSE TestWorker_ProcessReceivedMessageWrongHeaderShouldErr
=== RUN   TestWorker_ProcessReceivedMessageWithSignature
=== PAUSE TestWorker_ProcessReceivedMessageWithSignature
=== RUN   TestWorker_ProcessReceivedMessageWithInvalidSigners
=== PAUSE TestWorker_ProcessReceivedMessageWithInvalidSigners
=== RUN   TestWorker_ReceivedHeader
=== PAUSE TestWorker_ReceivedHeader
=== RUN   TestWorker_ReceivedProof
=== PAUSE TestWorker_ReceivedProof
=== CONT  TestWorker_NewWorkerConsensusStateNilShouldFail
=== CONT  TestInvalidSignersCache_IsInterfaceNil
=== CONT  TestWorker_NewWorkerBroadcastMessengerNilShouldFail
=== CONT  TestWorker_ReceivedHeader
=== RUN   TestWorker_ReceivedHeader/nil_header_should_early_exit
=== PAUSE TestWorker_ReceivedHeader/nil_header_should_early_exit
=== CONT  TestWorker_NewWorkerBootstrapperNilShouldFail
=== RUN   TestWorker_ReceivedHeader/unprocessable_header_should_early_exit
=== PAUSE TestWorker_ReceivedHeader/unprocessable_header_should_early_exit
=== CONT  TestWorker_NewWorkerBlockProcessorNilShouldFail
=== CONT  TestSubround_StartTime
=== CONT  TestWorker_NewWorkerBlockChainNilShouldFail
=== CONT  TestWorker_ProcessReceivedMessageWithSignature
=== RUN   TestWorker_ProcessReceivedMessageWithSignature/should_work
=== PAUSE TestWorker_ProcessReceivedMessageWithSignature/should_work
=== CONT  TestSubround_Next
=== CONT  TestWorker_NewWorkerConsensusServiceNilShouldFail
=== CONT  TestSubround_Current
=== CONT  TestWorker_ProcessReceivedMessageWrongHeaderShouldErr
=== CONT  TestSubround_Previous
=== CONT  TestWorker_AppStatusHandlerNilShouldErr
=== CONT  TestSubround_DoWorkShouldReturnTrueWhenJobIsDoneAndConsensusIsDoneAfterAWhile
=== CONT  TestWorker_ExecuteStoredMessagesShouldWork
=== CONT  TestSubround_IsInterfaceNil
=== CONT  TestSubround_IsSelfLeader
=== CONT  TestSubround_IsSelfInConsensusGroup
=== RUN   TestSubround_IsSelfLeader/should_work_with_multi_key_node
=== CONT  TestWorker_ExtendShouldWork
=== RUN   TestSubround_IsSelfInConsensusGroup/should_work_with_multi_key_node
=== CONT  TestSubround_DoWorkShouldReturnTrueWhenJobAndConsensusAreDone
=== PAUSE TestSubround_IsSelfLeader/should_work_with_multi_key_node
=== PAUSE TestSubround_IsSelfInConsensusGroup/should_work_with_multi_key_node
=== RUN   TestSubround_IsSelfInConsensusGroup/should_work_with_single_key_node
=== PAUSE TestSubround_IsSelfInConsensusGroup/should_work_with_single_key_node
=== RUN   TestSubround_IsSelfLeader/should_work_with_single_key_node
=== PAUSE TestSubround_IsSelfLeader/should_work_with_single_key_node
=== CONT  TestWorker_ProcessReceivedMessageForFutureRoundShouldErr
=== CONT  TestWorker_ExtendShouldWorkAfterAWhile
=== CONT  TestSubround_DoWorkShouldReturnFalseWhenConsensusIsNotDone
=== CONT  TestSubround_Name
=== CONT  TestSubround_DoWorkShouldReturnFalseWhenCheckFunctionIsNotSet
=== CONT  TestWorker_ExtendShouldReturnWhenGetNodeStateNotReturnSynchronized
=== CONT  TestWorker_ReceivedProof
=== RUN   TestWorker_ReceivedProof/nil_proof_should_early_exit
=== PAUSE TestWorker_ReceivedProof/nil_proof_should_early_exit
--- PASS: TestInvalidSignersCache_IsInterfaceNil (0.00s)
=== CONT  TestSubround_EndTime
=== CONT  TestWorker_ProcessReceivedMessageWithInvalidSigners
=== RUN   TestWorker_ReceivedHeader/should_work
=== CONT  TestSubround_GetAssociatedPid
=== CONT  TestSubround_GetLeaderStartRoundMessage
=== CONT  TestSubround_ShouldConsiderSelfKeyInConsensus
=== CONT  TestWorker_ExtendShouldReturnWhenCreateEmptyBlockFail
=== CONT  TestWorker_ExtendShouldReturnWhenRoundIsCanceled
=== CONT  TestWorker_CheckSelfStateShouldErrRoundCanceled
--- PASS: TestWorker_NewWorkerConsensusStateNilShouldFail (0.00s)
=== RUN   TestWorker_ReceivedProof/should_work
=== RUN   TestSubround_GetLeaderStartRoundMessage/should_work_with_multi_key_node
=== PAUSE TestWorker_ReceivedProof/should_work
=== PAUSE TestSubround_GetLeaderStartRoundMessage/should_work_with_multi_key_node
=== RUN   TestSubround_ShouldConsiderSelfKeyInConsensus/is_main_machine_active,_should_return_true
=== PAUSE TestWorker_ReceivedHeader/should_work
=== RUN   TestSubround_GetLeaderStartRoundMessage/should_work_with_single_key_node
=== PAUSE TestSubround_ShouldConsiderSelfKeyInConsensus/is_main_machine_active,_should_return_true
=== PAUSE TestSubround_GetLeaderStartRoundMessage/should_work_with_single_key_node
=== CONT  TestWorker_ProcessReceivedMessageWithHeaderAndWrongHash
--- PASS: TestWorker_NewWorkerBroadcastMessengerNilShouldFail (0.00s)
=== RUN   TestSubround_GetLeaderStartRoundMessage/should_return_empty_string_when_leader_is_not_managed_by_current_node
--- PASS: TestWorker_NewWorkerBootstrapperNilShouldFail (0.00s)
--- PASS: TestWorker_NewWorkerBlockProcessorNilShouldFail (0.00s)
=== PAUSE TestSubround_GetLeaderStartRoundMessage/should_return_empty_string_when_leader_is_not_managed_by_current_node
=== CONT  TestWorker_ProcessReceivedMessageWithABadOriginatorShouldErr
=== CONT  TestSubround_EmptyChainIDShouldFail
=== CONT  TestWorker_ProcessReceivedMessageWrongChainIDInProposedBlockShouldError
=== CONT  TestSubround_NilContainerValidatorGroupSelectorShouldFail
--- PASS: TestSubround_StartTime (0.00s)
--- PASS: TestSubround_EmptyChainIDShouldFail (0.00s)
=== CONT  TestWorker_CheckSelfStateShouldErrMessageFromItself
--- PASS: TestWorker_NewWorkerConsensusServiceNilShouldFail (0.00s)
--- PASS: TestSubround_Next (0.00s)
--- PASS: TestSubround_Current (0.00s)
--- PASS: TestSubround_Previous (0.00s)
--- PASS: TestWorker_AppStatusHandlerNilShouldErr (0.00s)
--- PASS: TestSubround_IsInterfaceNil (0.00s)
--- PASS: TestWorker_NewWorkerBlockChainNilShouldFail (0.00s)
--- PASS: TestSubround_DoWorkShouldReturnTrueWhenJobAndConsensusAreDone (0.00s)
--- PASS: TestWorker_ExecuteStoredMessagesShouldWork (0.00s)
--- PASS: TestSubround_Name (0.00s)
--- PASS: TestSubround_DoWorkShouldReturnFalseWhenCheckFunctionIsNotSet (0.00s)
--- PASS: TestWorker_ExtendShouldReturnWhenGetNodeStateNotReturnSynchronized (0.00s)
=== CONT  TestSubround_NilContainerSyncTimerShouldFail
--- PASS: TestWorker_ExtendShouldReturnWhenCreateEmptyBlockFail (0.00s)
--- PASS: TestSubround_GetAssociatedPid (0.00s)
--- PASS: TestWorker_CheckSelfStateShouldErrRoundCanceled (0.00s)
--- PASS: TestSubround_NilContainerValidatorGroupSelectorShouldFail (0.00s)
--- PASS: TestWorker_ExtendShouldReturnWhenRoundIsCanceled (0.00s)
=== CONT  TestWorker_ProcessReceivedMessageWhenRoundIsCanceledShouldRetNilAndNotProcess
--- PASS: TestWorker_ProcessReceivedMessageWithInvalidSigners (0.00s)
--- PASS: TestSubround_EndTime (0.00s)
--- PASS: TestWorker_CheckSelfStateShouldErrMessageFromItself (0.00s)
=== CONT  TestWorker_ProcessReceivedMessageReceivedMessageIsFromSelfShouldRetNilAndNotProcess
--- PASS: TestSubround_NilContainerSyncTimerShouldFail (0.00s)
=== CONT  TestSubround_NewSubroundShouldWork
=== CONT  TestWorker_ProcessReceivedMessageInvalidSignatureShouldErr
=== RUN   TestSubround_ShouldConsiderSelfKeyInConsensus/is_redundancy_node_machine_active,_should_return_true
=== PAUSE TestSubround_ShouldConsiderSelfKeyInConsensus/is_redundancy_node_machine_active,_should_return_true
=== RUN   TestSubround_ShouldConsiderSelfKeyInConsensus/is_redundancy_node_machine_but_inactive,_should_return_false
=== PAUSE TestSubround_ShouldConsiderSelfKeyInConsensus/is_redundancy_node_machine_but_inactive,_should_return_false
=== CONT  TestSubround_DoWorkShouldReturnFalseWhenJobFunctionIsNotSet
=== CONT  TestSubround_NilContainerShardCoordinatorShouldFail
--- PASS: TestSubround_NewSubroundShouldWork (0.00s)
=== CONT  TestWorker_ProcessReceivedMessageTypeLimitReachedShouldErr
=== CONT  TestWorker_ProcessReceivedMessageOkValsShouldWork
--- PASS: TestSubround_DoWorkShouldReturnFalseWhenJobFunctionIsNotSet (0.00s)
=== CONT  TestWorker_ProcessReceivedMessageForPastRoundShouldErr
--- PASS: TestSubround_NilContainerShardCoordinatorShouldFail (0.00s)
=== CONT  TestSubround_NilContainerRoundHandlerShouldFail
--- PASS: TestSubround_NilContainerRoundHandlerShouldFail (0.00s)
=== CONT  TestSubround_NilContainerMultiSignerShouldFail
--- PASS: TestSubround_NilContainerMultiSignerShouldFail (0.00s)
=== CONT  TestResetConsensusMessages_ShouldWork
--- PASS: TestResetConsensusMessages_ShouldWork (0.00s)
=== CONT  TestConsensusState__NewConsensusStateShouldWork
--- PASS: TestConsensusState__NewConsensusStateShouldWork (0.00s)
=== CONT  TestAddMessageTypeToPublicKey_ShouldWork
--- PASS: TestAddMessageTypeToPublicKey_ShouldWork (0.00s)
=== CONT  TestSubround_NilContainerMarshalizerShouldFail
--- PASS: TestSubround_NilContainerMarshalizerShouldFail (0.00s)
=== CONT  TestIsMessageTypeLimitReached_ShouldWork
--- PASS: TestIsMessageTypeLimitReached_ShouldWork (0.00s)
=== CONT  TestSubround_NilContainerHasherShouldFail
--- PASS: TestSubround_NilContainerHasherShouldFail (0.00s)
=== CONT  TestSubround_NilContainerChronologyShouldFail
--- PASS: TestSubround_NilContainerChronologyShouldFail (0.00s)
=== CONT  TestCheckConsensusMessageValidity_Ok
--- PASS: TestCheckConsensusMessageValidity_Ok (0.00s)
=== CONT  TestSubround_NilContainerBootstrapperShouldFail
--- PASS: TestSubround_NilContainerBootstrapperShouldFail (0.00s)
=== CONT  TestCheckConsensusMessageValidity_InvalidSignature
--- PASS: TestCheckConsensusMessageValidity_InvalidSignature (0.00s)
=== CONT  TestCheckConsensusMessageValidity_ErrMessageTypeLimitReached
--- PASS: TestCheckConsensusMessageValidity_ErrMessageTypeLimitReached (0.00s)
=== CONT  TestSubround_NilContainerBlockprocessorShouldFail
--- PASS: TestSubround_NilContainerBlockprocessorShouldFail (0.00s)
=== CONT  TestCheckConsensusMessageValidity_ErrMessageForPastRound
--- PASS: TestCheckConsensusMessageValidity_ErrMessageForPastRound (0.00s)
=== CONT  TestSubround_NilContainerBlockchainShouldFail
--- PASS: TestSubround_NilContainerBlockchainShouldFail (0.00s)
=== CONT  TestCheckConsensusMessageValidity_ErrMessageForFutureRound
--- PASS: TestCheckConsensusMessageValidity_ErrMessageForFutureRound (0.00s)
=== CONT  TestSubround_NewSubroundNilContainerShouldFail
--- PASS: TestSubround_NewSubroundNilContainerShouldFail (0.00s)
=== CONT  TestCheckConsensusMessageValidity_NodeIsNotEligible
--- PASS: TestCheckConsensusMessageValidity_NodeIsNotEligible (0.00s)
=== CONT  TestSubround_NewSubroundNilExecuteStoredMessagesShouldFail
--- PASS: TestSubround_NewSubroundNilExecuteStoredMessagesShouldFail (0.00s)
=== CONT  TestWorker_CheckSelfStateShouldNotErr
--- PASS: TestWorker_CheckSelfStateShouldNotErr (0.00s)
=== CONT  TestSubround_NewSubroundNilChannelShouldFail
--- PASS: TestSubround_NewSubroundNilChannelShouldFail (0.00s)
=== CONT  TestWorker_StoredHeadersExecution
=== RUN   TestWorker_StoredHeadersExecution/Test_stored_headers_before_current_round_advances_to_same_round_should_not_finalize_round
--- PASS: TestSubround_DoWorkShouldReturnFalseWhenConsensusIsNotDone (0.10s)
=== CONT  TestCheckConsensusMessageValidity_InvalidSignatureSize
--- PASS: TestCheckConsensusMessageValidity_InvalidSignatureSize (0.00s)
=== CONT  TestWorker_ConvertHeaderToConsensusMessage
=== RUN   TestWorker_ConvertHeaderToConsensusMessage/nil_header_should_error
=== RUN   TestWorker_ConvertHeaderToConsensusMessage/valid_header_v2_should_not_error
=== RUN   TestWorker_ConvertHeaderToConsensusMessage/valid_header_metaHeader_should_not_error
--- PASS: TestWorker_ConvertHeaderToConsensusMessage (0.00s)
    --- PASS: TestWorker_ConvertHeaderToConsensusMessage/nil_header_should_error (0.00s)
    --- PASS: TestWorker_ConvertHeaderToConsensusMessage/valid_header_v2_should_not_error (0.00s)
    --- PASS: TestWorker_ConvertHeaderToConsensusMessage/valid_header_metaHeader_should_not_error (0.00s)
=== CONT  TestWorker_CheckChannelsShouldWork
=== RUN   TestWorker_StoredHeadersExecution/Test_stored_headers_should_finalize_round_after_roundIndex_advances
=== RUN   TestWorker_StoredHeadersExecution/Test_stored_meta_headers_should_finalize_round_after_roundIndex_advances
--- PASS: TestSubround_DoWorkShouldReturnTrueWhenJobIsDoneAndConsensusIsDoneAfterAWhile (1.00s)
=== CONT  TestCheckConsensusMessageValidity_InvalidPublicKeySize
--- PASS: TestWorker_ExtendShouldWork (1.00s)
=== CONT  TestSubround_NewSubroundNilConsensusStateShouldFail
--- PASS: TestSubround_NewSubroundNilConsensusStateShouldFail (0.00s)
--- PASS: TestCheckConsensusMessageValidity_InvalidPublicKeySize (0.00s)
=== CONT  TestCheckConsensusMessageValidity_InvalidHeaderHashSize
--- PASS: TestCheckConsensusMessageValidity_InvalidHeaderHashSize (0.00s)
=== CONT  TestCheckConsensusMessageValidity_InvalidMessage
--- PASS: TestCheckConsensusMessageValidity_InvalidMessage (0.00s)
=== CONT  TestScheduledProcessorWrapper_StartScheduledProcessingHeaderV2ForceStopped
=== CONT  TestScheduledProcessorWrapper_StartScheduledProcessingHeaderV2ForceStopAfterProcessingEnded
--- PASS: TestWorker_ProcessReceivedMessageWithHeaderAndWrongHash (1.00s)
=== CONT  TestIsBlockHeaderHashSizeValid
--- PASS: TestWorker_ProcessReceivedMessageForFutureRoundShouldErr (1.00s)
=== CONT  TestScheduledProcessorWrapper_StartScheduledProcessingHeaderV2ProcessingOK
--- PASS: TestWorker_ProcessReceivedMessageWithABadOriginatorShouldErr (1.00s)
=== CONT  TestScheduledProcessorWrapper_StartScheduledProcessingHeaderV2ProcessingWithError
--- PASS: TestWorker_ProcessReceivedMessageWrongChainIDInProposedBlockShouldError (1.00s)
--- PASS: TestWorker_ProcessReceivedMessageWhenRoundIsCanceledShouldRetNilAndNotProcess (1.00s)
=== CONT  TestIsBlockHeaderHashSizeValid_NotValid
--- PASS: TestWorker_ProcessReceivedMessageWrongHeaderShouldErr (1.00s)
=== CONT  TestCheckConsensusMessageValidityForMessageType_MessageUnknownInvalid
=== CONT  TestScheduledProcessorWrapper_StartScheduledProcessingHeaderV1ProcessingOK
--- PASS: TestWorker_ProcessReceivedMessageInvalidSignatureShouldErr (1.00s)
--- PASS: TestWorker_ProcessReceivedMessageReceivedMessageIsFromSelfShouldRetNilAndNotProcess (1.00s)
=== CONT  TestScheduledProcessorWrapper_StatusGetterAndSetter
=== CONT  TestScheduledProcessorWrapper_IsProcessedInProgressTimeout
--- PASS: TestCheckConsensusMessageValidityForMessageType_MessageUnknownInvalid (0.00s)
=== CONT  TestCheckConsensusMessageValidityForMessageType_MessageWithInvalidSigners
=== RUN   TestCheckConsensusMessageValidityForMessageType_MessageWithInvalidSigners/message_with_header,_invalid_err
--- PASS: TestIsBlockHeaderHashSizeValid (0.00s)
=== PAUSE TestCheckConsensusMessageValidityForMessageType_MessageWithInvalidSigners/message_with_header,_invalid_err
=== CONT  TestWorker_ExecuteMessagesShouldExecute
=== RUN   TestCheckConsensusMessageValidityForMessageType_MessageWithInvalidSigners/message_with_body,_invalid_err
=== PAUSE TestCheckConsensusMessageValidityForMessageType_MessageWithInvalidSigners/message_with_body,_invalid_err
=== RUN   TestCheckConsensusMessageValidityForMessageType_MessageWithInvalidSigners/message_with_pubKeys_bitmap,_invalid_err
=== PAUSE TestCheckConsensusMessageValidityForMessageType_MessageWithInvalidSigners/message_with_pubKeys_bitmap,_invalid_err
=== RUN   TestCheckConsensusMessageValidityForMessageType_MessageWithInvalidSigners/message_with_aggregated_signature,_invalid_err
=== PAUSE TestCheckConsensusMessageValidityForMessageType_MessageWithInvalidSigners/message_with_aggregated_signature,_invalid_err
=== RUN   TestCheckConsensusMessageValidityForMessageType_MessageWithInvalidSigners/message_with_leader_signature,_invalid_err
--- PASS: TestScheduledProcessorWrapper_StatusGetterAndSetter (0.00s)
--- PASS: TestWorker_ProcessReceivedMessageForPastRoundShouldErr (1.00s)
=== CONT  TestScheduledProcessorWrapper_IsProcessedInProgressAlreadyStartedNoCompletion
=== CONT  TestWorker_ExecuteSignatureMessagesShouldNotExecuteWhenBlockIsNotFinished
--- PASS: TestIsBlockHeaderHashSizeValid_NotValid (0.00s)
=== CONT  TestWorker_ExecuteBlockHeaderMessagesShouldNotExecuteWhenStartRoundIsNotFinished
--- PASS: TestWorker_ExecuteMessagesShouldExecute (0.00s)
=== CONT  TestWorker_ExecuteBlockBodyMessagesShouldNotExecuteWhenStartRoundIsNotFinished
--- PASS: TestWorker_ExecuteSignatureMessagesShouldNotExecuteWhenBlockIsNotFinished (0.00s)
=== CONT  TestScheduledProcessorWrapper_IsProcessedInProgressEarlyCompletionWithError
--- PASS: TestWorker_ExecuteBlockHeaderMessagesShouldNotExecuteWhenStartRoundIsNotFinished (0.00s)
=== CONT  TestWorker_ExecuteMessagesShouldNotExecuteWhenMessageIsForOtherRound
=== PAUSE TestCheckConsensusMessageValidityForMessageType_MessageWithInvalidSigners/message_with_leader_signature,_invalid_err
=== CONT  TestScheduledProcessorWrapper_IsProcessedInProgressEarlyCompletion
=== RUN   TestCheckConsensusMessageValidityForMessageType_MessageWithInvalidSigners/valid_message,_should_work
--- PASS: TestWorker_ProcessReceivedMessageOkValsShouldWork (1.00s)
--- PASS: TestWorker_ExecuteBlockBodyMessagesShouldNotExecuteWhenStartRoundIsNotFinished (0.00s)
=== PAUSE TestCheckConsensusMessageValidityForMessageType_MessageWithInvalidSigners/valid_message,_should_work
=== CONT  TestWorker_ExecuteMessagesShouldNotExecuteWhenConsensusDataIsNil
=== CONT  TestWorker_CheckSignatureShouldReturnNilErr
--- PASS: TestWorker_ExecuteMessagesShouldNotExecuteWhenMessageIsForOtherRound (0.00s)
=== CONT  TestScheduledProcessorWrapper_IsProcessedInProgressStartingInFuture
--- PASS: TestScheduledProcessorWrapper_IsProcessedInProgressStartingInFuture (0.00s)
=== CONT  TestConsensusState_IsMultiKeyJobDone
=== RUN   TestConsensusState_IsMultiKeyJobDone/no_managed_keys_should_return_true
--- PASS: TestWorker_CheckSignatureShouldReturnNilErr (0.00s)
=== RUN   TestConsensusState_IsMultiKeyJobDone/node_has_managed_keys_but_no_key_is_in_consensus_group_should_return_true
=== CONT  TestConsensusState_GetMultikeyRedundancyStepInReason
--- PASS: TestConsensusState_GetMultikeyRedundancyStepInReason (0.00s)
=== CONT  TestConsensusState_IsLeaderJobDone
--- PASS: TestWorker_ExecuteMessagesShouldNotExecuteWhenConsensusDataIsNil (0.00s)
=== RUN   TestConsensusState_IsLeaderJobDone/should_work
=== RUN   TestConsensusState_IsMultiKeyJobDone/node_has_managed_keys_and_one_key_is_in_consensus_group
=== CONT  TestScheduledProcessorWrapper_IsProcessedInProgressNegativeRemainingTime
--- PASS: TestConsensusState_IsMultiKeyJobDone (0.00s)
    --- PASS: TestConsensusState_IsMultiKeyJobDone/no_managed_keys_should_return_true (0.00s)
    --- PASS: TestConsensusState_IsMultiKeyJobDone/node_has_managed_keys_but_no_key_is_in_consensus_group_should_return_true (0.00s)
    --- PASS: TestConsensusState_IsMultiKeyJobDone/node_has_managed_keys_and_one_key_is_in_consensus_group (0.00s)
=== CONT  TestScheduledProcessorWrapper_IsProcessedOKEarlyExit
=== RUN   TestConsensusState_IsLeaderJobDone/GetLeader_errors_should_return_false
=== CONT  TestConsensusState_IsMultiKeyLeaderInCurrentRound
--- PASS: TestScheduledProcessorWrapper_IsProcessedOKEarlyExit (0.00s)
=== RUN   TestConsensusState_IsMultiKeyLeaderInCurrentRound/no_managed_keys_from_consensus_group_should_return_false
--- PASS: TestConsensusState_IsLeaderJobDone (0.00s)
    --- PASS: TestConsensusState_IsLeaderJobDone/should_work (0.00s)
    --- PASS: TestConsensusState_IsLeaderJobDone/GetLeader_errors_should_return_false (0.00s)
=== CONT  TestNewScheduledProcessorWrapper_NilBlockProcessorOK
--- PASS: TestNewScheduledProcessorWrapper_NilBlockProcessorOK (0.00s)
=== CONT  TestConsensusState_SetAndGetProcessingBlockShouldWork
=== RUN   TestConsensusState_IsMultiKeyLeaderInCurrentRound/node_has_managed_keys_but_no_managed_key_is_leader_should_return_false
--- PASS: TestConsensusState_SetAndGetProcessingBlockShouldWork (0.00s)
=== RUN   TestConsensusState_IsMultiKeyLeaderInCurrentRound/node_has_managed_keys_and_one_key_is_leader_should_return_true
=== CONT  TestNewScheduledProcessorWrapper_NilRoundTimeDurationHandlerShouldErr
--- PASS: TestConsensusState_IsMultiKeyLeaderInCurrentRound (0.00s)
    --- PASS: TestConsensusState_IsMultiKeyLeaderInCurrentRound/no_managed_keys_from_consensus_group_should_return_false (0.00s)
    --- PASS: TestConsensusState_IsMultiKeyLeaderInCurrentRound/node_has_managed_keys_but_no_managed_key_is_leader_should_return_false (0.00s)
    --- PASS: TestConsensusState_IsMultiKeyLeaderInCurrentRound/node_has_managed_keys_and_one_key_is_leader_should_return_true (0.00s)
=== CONT  TestNewScheduledProcessorWrapper_NilBlockProcessorShouldErr
=== CONT  TestNewScheduledProcessorWrapper_NilSyncTimerShouldErr
=== CONT  TestConsensusState_GenerateBitmapShouldWork
=== CONT  TestWorker_ProcessReceivedMessageShouldErrIfFloodIsDetectedOnTopic
=== CONT  TestConsensusState_CanProcessReceivedMessageShouldReturnTrue
=== CONT  TestCheckConsensusMessageValidityForMessageType_MessageWithFinalInfoInvalid
--- PASS: TestNewScheduledProcessorWrapper_NilRoundTimeDurationHandlerShouldErr (0.00s)
--- PASS: TestNewScheduledProcessorWrapper_NilSyncTimerShouldErr (0.00s)
--- PASS: TestNewScheduledProcessorWrapper_NilBlockProcessorShouldErr (0.00s)
--- PASS: TestConsensusState_GenerateBitmapShouldWork (0.00s)
--- PASS: TestConsensusState_CanProcessReceivedMessageShouldReturnTrue (0.00s)
--- PASS: TestCheckConsensusMessageValidityForMessageType_MessageWithFinalInfoInvalid (0.00s)
=== CONT  TestConsensusState_CanProcessReceivedMessageShouldReturnFalseWhenCurrentRoundIsFinished
--- PASS: TestConsensusState_CanProcessReceivedMessageShouldReturnFalseWhenCurrentRoundIsFinished (0.00s)
=== CONT  TestWorker_ProcessReceivedHeaderHashSizeInvalidShouldErr
--- PASS: TestWorker_ProcessReceivedMessageShouldErrIfFloodIsDetectedOnTopic (0.00s)
=== CONT  TestConsensusState_CanProcessReceivedMessageShouldReturnFalseWhenJobIsDone
--- PASS: TestConsensusState_CanProcessReceivedMessageShouldReturnFalseWhenJobIsDone (0.00s)
=== CONT  TestCheckConsensusMessageValidityForMessageType_MessageWithSignatureInvalid
--- PASS: TestCheckConsensusMessageValidityForMessageType_MessageWithSignatureInvalid (0.00s)
=== CONT  TestProcessingStatus_String
--- PASS: TestProcessingStatus_String (0.00s)
=== CONT  TestWorker_ProcessReceivedMessageTypeInvalidShouldErr
--- PASS: TestWorker_ExtendShouldWorkAfterAWhile (1.01s)
=== CONT  TestRoundThreshold_SetFallbackThresholdShouldWork
--- PASS: TestRoundThreshold_SetFallbackThresholdShouldWork (0.00s)
=== CONT  TestCheckConsensusMessageValidityForMessageType_MessageWithBlockHeaderInvalidAfterFlag
--- PASS: TestCheckConsensusMessageValidityForMessageType_MessageWithBlockHeaderInvalidAfterFlag (0.00s)
=== CONT  TestWorker_ProcessReceivedMessageInconsistentChainIDInConsensusMessageShouldErr
--- PASS: TestWorker_ProcessReceivedMessageInconsistentChainIDInConsensusMessageShouldErr (0.00s)
=== CONT  TestCheckConsensusMessageValidityForMessageType_MessageWithBlockHeaderInvalid
--- PASS: TestCheckConsensusMessageValidityForMessageType_MessageWithBlockHeaderInvalid (0.00s)
=== CONT  TestWorker_ProcessReceivedMessageComputeReceivedProposedBlockMetric
=== RUN   TestWorker_ProcessReceivedMessageComputeReceivedProposedBlockMetric/normal_operation
=== PAUSE TestWorker_ProcessReceivedMessageComputeReceivedProposedBlockMetric/normal_operation
=== RUN   TestWorker_ProcessReceivedMessageComputeReceivedProposedBlockMetric/time.Since_returns_negative_value
=== PAUSE TestWorker_ProcessReceivedMessageComputeReceivedProposedBlockMetric/time.Since_returns_negative_value
=== RUN   TestWorker_ProcessReceivedMessageComputeReceivedProposedBlockMetric/normal_operation_as_a_single-key_redundancy_node
=== PAUSE TestWorker_ProcessReceivedMessageComputeReceivedProposedBlockMetric/normal_operation_as_a_single-key_redundancy_node
=== RUN   TestWorker_ProcessReceivedMessageComputeReceivedProposedBlockMetric/normal_operation_as_a_multikey-key_redundancy_node
=== PAUSE TestWorker_ProcessReceivedMessageComputeReceivedProposedBlockMetric/normal_operation_as_a_multikey-key_redundancy_node
=== CONT  TestCheckConsensusMessageValidityForMessageType_MessageWithBlockBodyInvalid
--- PASS: TestCheckConsensusMessageValidityForMessageType_MessageWithBlockBodyInvalid (0.00s)
=== CONT  TestWorker_ProcessReceivedMessageNodeNotInEligibleListShouldErr
--- PASS: TestScheduledProcessorWrapper_StartScheduledProcessingHeaderV1ProcessingOK (0.01s)
=== CONT  TestWorker_ProcessReceivedMessageRedundancyNodeShouldResetInactivityIfNeeded
--- PASS: TestWorker_ProcessReceivedMessageRedundancyNodeShouldResetInactivityIfNeeded (0.00s)
=== CONT  TestCheckConsensusMessageValidityForMessageType_MessageWithBlockBodyAndHeaderInvalid
--- PASS: TestScheduledProcessorWrapper_IsProcessedInProgressEarlyCompletionWithError (0.01s)
=== CONT  TestWorker_ProcessReceivedMessageEmptySignatureFieldShouldErr
--- PASS: TestScheduledProcessorWrapper_IsProcessedInProgressEarlyCompletion (0.01s)
=== CONT  TestRoundThreshold_SetThresholdShouldWork
--- PASS: TestRoundThreshold_SetThresholdShouldWork (0.00s)
=== CONT  TestCheckMessageWithBlockBodyAndHeaderValidity_ShouldWork
--- PASS: TestCheckConsensusMessageValidityForMessageType_MessageWithBlockBodyAndHeaderInvalid (0.00s)
=== CONT  TestConsensusState_CanProcessReceivedMessageShouldReturnFalseWhenMessageIsReceivedForOtherRound
--- PASS: TestConsensusState_CanProcessReceivedMessageShouldReturnFalseWhenMessageIsReceivedForOtherRound (0.00s)
=== CONT  TestRoundThreshold_NewThresholdShouldWork
--- PASS: TestRoundThreshold_NewThresholdShouldWork (0.00s)
=== CONT  TestCheckMessageWithBlockBodyAndHeaderValidity_InvalidHeaderSize
--- PASS: TestCheckMessageWithBlockBodyAndHeaderValidity_ShouldWork (0.00s)
=== CONT  TestConsensusState_CanProcessReceivedMessageShouldReturnFalseWhenMessageIsReceivedFromItself
--- PASS: TestConsensusState_CanProcessReceivedMessageShouldReturnFalseWhenMessageIsReceivedFromItself (0.00s)
=== CONT  TestCheckMessageWithBlockBodyAndHeaderValidity_InvalidBodySize
--- PASS: TestCheckMessageWithBlockBodyAndHeaderValidity_InvalidBodySize (0.00s)
=== CONT  TestConsensusState_CanDoSubroundJobShouldReturnTrue
--- PASS: TestConsensusState_CanDoSubroundJobShouldReturnTrue (0.00s)
=== CONT  TestCheckMessageWithBlockBodyAndHeaderValidity_InvalidMessage
--- PASS: TestCheckMessageWithBlockBodyAndHeaderValidity_InvalidMessage (0.00s)
=== CONT  TestConsensusState_CanDoSubroundJobShouldReturnFalseWhenCurrentRoundIsFinished
--- PASS: TestConsensusState_CanDoSubroundJobShouldReturnFalseWhenCurrentRoundIsFinished (0.00s)
=== CONT  TestRoundStatus_ResetRoundStatusShouldWork
--- PASS: TestRoundStatus_ResetRoundStatusShouldWork (0.00s)
=== CONT  TestConsensusState_CanDoSubroundJobShouldReturnFalseWhenSelfJobIsDone
--- PASS: TestConsensusState_CanDoSubroundJobShouldReturnFalseWhenSelfJobIsDone (0.00s)
=== CONT  TestRoundStatus_SetRoundStatusShouldWork
--- PASS: TestRoundStatus_SetRoundStatusShouldWork (0.00s)
=== CONT  TestConsensusState_CanDoSubroundJobShouldReturnFalseWhenConsensusDataNotSet
--- PASS: TestConsensusState_CanDoSubroundJobShouldReturnFalseWhenConsensusDataNotSet (0.00s)
=== CONT  TestRoundStatus_NewRoundStatusShouldWork
--- PASS: TestRoundStatus_NewRoundStatusShouldWork (0.00s)
=== CONT  TestConsensusCore_WithNilHasherShouldFail
--- PASS: TestConsensusCore_WithNilHasherShouldFail (0.00s)
=== CONT  TestRoundState_ResetJobDoneShouldWork
--- PASS: TestRoundState_ResetJobDoneShouldWork (0.00s)
=== CONT  TestConsensusState_IsHeaderAlreadyReceivedShouldReturnTrue
--- PASS: TestConsensusState_IsHeaderAlreadyReceivedShouldReturnTrue (0.00s)
=== CONT  TestConsensusCore_WithNilChronologyShouldFail
--- PASS: TestConsensusCore_WithNilChronologyShouldFail (0.00s)
=== CONT  TestConsensusState_IsHeaderAlreadyReceivedShouldReturnFalse
--- PASS: TestConsensusState_IsHeaderAlreadyReceivedShouldReturnFalse (0.00s)
=== CONT  TestConsensusCore_WithNilBroadcastMessengerShouldFail
--- PASS: TestConsensusCore_WithNilBroadcastMessengerShouldFail (0.00s)
=== CONT  TestWorker_ProcessReceivedMessageNilMessageDataFieldShouldErr
--- PASS: TestCheckMessageWithBlockBodyAndHeaderValidity_InvalidHeaderSize (0.01s)
=== CONT  TestRoundState_SetJobDoneShouldWork
--- PASS: TestRoundState_SetJobDoneShouldWork (0.00s)
=== CONT  TestConsensusCore_WithNilBootstrapperShouldFail
--- PASS: TestConsensusCore_WithNilBootstrapperShouldFail (0.00s)
=== CONT  TestRoundState_NewRoundStateShouldWork
--- PASS: TestRoundState_NewRoundStateShouldWork (0.00s)
=== CONT  TestConsensusCore_WithNilBlockProcessorShouldFail
--- PASS: TestConsensusCore_WithNilBlockProcessorShouldFail (0.00s)
=== CONT  TestConsensusState_IsBlockBodyAlreadyReceivedShouldReturnTrue
--- PASS: TestConsensusState_IsBlockBodyAlreadyReceivedShouldReturnTrue (0.00s)
=== CONT  TestConsensusState_IsBlockBodyAlreadyReceivedShouldReturnFalse
--- PASS: TestConsensusState_IsBlockBodyAlreadyReceivedShouldReturnFalse (0.00s)
=== CONT  TestConsensusCore_WithNilBlockchainShouldFail
--- PASS: TestConsensusCore_WithNilBlockchainShouldFail (0.00s)
=== CONT  TestConsensusState_IsNodeSelfShouldReturnTrue
--- PASS: TestConsensusState_IsNodeSelfShouldReturnTrue (0.00s)
=== CONT  TestRoundConsensus_IncrementRoundsWithoutReceivedMessages
--- PASS: TestRoundConsensus_IncrementRoundsWithoutReceivedMessages (0.00s)
=== CONT  TestConsensusContainerValidator_ShouldWork
--- PASS: TestConsensusContainerValidator_ShouldWork (0.00s)
=== CONT  TestConsensusState_IsNodeSelfShouldReturnFalse
--- PASS: TestConsensusState_IsNodeSelfShouldReturnFalse (0.00s)
=== CONT  TestConsensusCore_WithNilMarshalizerShouldFail
--- PASS: TestConsensusCore_WithNilMarshalizerShouldFail (0.00s)
=== CONT  TestConsensusState_IsCurrentSubroundFinishedShouldReturnTrue
--- PASS: TestConsensusState_IsCurrentSubroundFinishedShouldReturnTrue (0.00s)
=== CONT  TestRoundConsensus_IsMultiKeyInConsensusGroup
=== RUN   TestRoundConsensus_IsMultiKeyInConsensusGroup/no_consensus_key_is_managed_by_current_node_should_return_false
=== RUN   TestRoundConsensus_IsMultiKeyInConsensusGroup/consensus_key_is_managed_by_current_node_should_return_true
--- PASS: TestRoundConsensus_IsMultiKeyInConsensusGroup (0.00s)
    --- PASS: TestRoundConsensus_IsMultiKeyInConsensusGroup/no_consensus_key_is_managed_by_current_node_should_return_false (0.00s)
    --- PASS: TestRoundConsensus_IsMultiKeyInConsensusGroup/consensus_key_is_managed_by_current_node_should_return_true (0.00s)
=== CONT  TestCheckMessageWithBlockBodyAndHeaderValidity_NilSigShareAfterActivation
--- PASS: TestCheckMessageWithBlockBodyAndHeaderValidity_NilSigShareAfterActivation (0.00s)
=== CONT  TestConsensusState_IsCurrentSubroundFinishedShouldReturnFalse
--- PASS: TestConsensusState_IsCurrentSubroundFinishedShouldReturnFalse (0.00s)
=== CONT  TestRoundConsensus_ResetValidationMap
--- PASS: TestRoundConsensus_ResetValidationMap (0.00s)
=== CONT  TestCheckMessageWithBlockBodyValidity_ShouldWork
--- PASS: TestCheckMessageWithBlockBodyValidity_ShouldWork (0.00s)
=== CONT  TestConsensusContainerValidator_ValidateNilInvalidSignersCacheShouldFail
--- PASS: TestConsensusContainerValidator_ValidateNilInvalidSignersCacheShouldFail (0.00s)
=== CONT  TestWorker_ProcessReceivedMessageNilMessageShouldErr
--- PASS: TestScheduledProcessorWrapper_StartScheduledProcessingHeaderV2ProcessingWithError (0.10s)
=== CONT  TestCheckMessageWithBlockBodyValidity_InvalidBodySize
--- PASS: TestWorker_CheckChannelsShouldWork (1.00s)
=== CONT  TestConsensusContainerValidator_ValidateNilEpochStartRegistrationHandlerShouldFail
--- PASS: TestConsensusContainerValidator_ValidateNilEpochStartRegistrationHandlerShouldFail (0.00s)
=== CONT  TestRoundConsensus_ComputeSize
--- PASS: TestRoundConsensus_ComputeSize (0.00s)
=== CONT  TestConsensusState_IsSelfJobDoneShouldReturnTrue
--- PASS: TestConsensusState_IsSelfJobDoneShouldReturnTrue (0.00s)
=== CONT  TestRoundConsensus_IsNodeInEligibleList
--- PASS: TestRoundConsensus_IsNodeInEligibleList (0.00s)
=== CONT  TestConsensusContainerValidator_ValidateNilEpochNotifierShouldFail
--- PASS: TestConsensusContainerValidator_ValidateNilEpochNotifierShouldFail (0.00s)
=== CONT  TestRoundConsensus_IsNodeInConsensusGroup
--- PASS: TestRoundConsensus_IsNodeInConsensusGroup (0.00s)
=== CONT  TestConsensusContainerValidator_ValidateNilEquivalentProofPoolShouldFail
--- PASS: TestConsensusContainerValidator_ValidateNilEquivalentProofPoolShouldFail (0.00s)
=== CONT  TestCheckMessageWithBlockBodyValidity_InvalidMessage
--- PASS: TestCheckMessageWithBlockBodyValidity_InvalidMessage (0.00s)
=== CONT  TestWorker_ProcessReceivedMessageTxBlockBodyShouldRetNil
--- PASS: TestCheckMessageWithBlockBodyValidity_InvalidBodySize (0.00s)
=== CONT  TestRoundConsensus_SetSelfJobDoneShouldWork
--- PASS: TestRoundConsensus_SetSelfJobDoneShouldWork (0.00s)
=== CONT  TestWorker_RemoveAllReceivedMessageCallsShouldWork
--- PASS: TestWorker_RemoveAllReceivedMessageCallsShouldWork (0.00s)
=== CONT  TestConsensusContainerValidator_ValidateNilPeerBlacklistHandlerShouldFail
--- PASS: TestConsensusContainerValidator_ValidateNilPeerBlacklistHandlerShouldFail (0.00s)
=== CONT  TestRoundConsensus_GetSelfJobDoneShouldReturnTrue
--- PASS: TestRoundConsensus_GetSelfJobDoneShouldReturnTrue (0.00s)
=== CONT  TestConsensusContainerValidator_ValidateNilMessageSigningHandlerShouldFail
--- PASS: TestConsensusContainerValidator_ValidateNilMessageSigningHandlerShouldFail (0.00s)
=== CONT  TestRoundConsensus_GetSelfJobDoneShouldReturnFalse
--- PASS: TestRoundConsensus_GetSelfJobDoneShouldReturnFalse (0.00s)
=== CONT  TestCheckMessageWithBlockHeaderValidity_ShouldWork
--- PASS: TestCheckMessageWithBlockHeaderValidity_ShouldWork (0.00s)
=== CONT  TestRoundConsensus_SetJobDoneShouldNotBeSetWhenValidatorIsNotInTheConsensusGroup
--- PASS: TestRoundConsensus_SetJobDoneShouldNotBeSetWhenValidatorIsNotInTheConsensusGroup (0.00s)
=== CONT  TestCheckMessageWithBlockHeaderValidity_HeaderSizeZero
--- PASS: TestCheckMessageWithBlockHeaderValidity_HeaderSizeZero (0.00s)
=== CONT  TestRoundConsensus_GetJobDoneShouldReturnsFalseWhenValidatorIsNotInTheConsensusGroup
--- PASS: TestRoundConsensus_GetJobDoneShouldReturnsFalseWhenValidatorIsNotInTheConsensusGroup (0.00s)
=== CONT  TestConsensusContainerValidator_ValidateNilScheduledProcessorShouldFail
--- PASS: TestConsensusContainerValidator_ValidateNilScheduledProcessorShouldFail (0.00s)
=== CONT  TestCheckMessageWithBlockHeaderValidity_HeaderTooBig
--- PASS: TestCheckMessageWithBlockHeaderValidity_HeaderTooBig (0.00s)
=== CONT  TestWorker_AddReceivedMessageCallShouldWork
--- PASS: TestWorker_AddReceivedMessageCallShouldWork (0.00s)
=== CONT  TestConsensusContainerValidator_ValidateNilBroadcastMessengerShouldFail
--- PASS: TestConsensusContainerValidator_ValidateNilBroadcastMessengerShouldFail (0.00s)
=== CONT  TestCheckMessageWithBlockHeaderValidity_InvalidHeaderSize
--- PASS: TestCheckMessageWithBlockHeaderValidity_InvalidHeaderSize (0.00s)
=== CONT  TestWorker_InitReceivedMessagesShouldInitMap
--- PASS: TestWorker_InitReceivedMessagesShouldInitMap (0.00s)
=== CONT  TestConsensusContainerValidator_ValidateNilEnableEpochsHandlerShouldFail
--- PASS: TestConsensusContainerValidator_ValidateNilEnableEpochsHandlerShouldFail (0.00s)
=== CONT  TestCheckMessageWithBlockHeaderValidity_InvalidMessage
--- PASS: TestCheckMessageWithBlockHeaderValidity_InvalidMessage (0.00s)
=== CONT  TestWorker_ReceivedSyncStateShouldSendOnChannel
--- PASS: TestWorker_ReceivedSyncStateShouldSendOnChannel (0.00s)
=== CONT  TestRoundConsensus_SetSelfPubKeyShouldChangeTheSelfPubKey
--- PASS: TestRoundConsensus_SetSelfPubKeyShouldChangeTheSelfPubKey (0.00s)
=== CONT  TestWorker_ReceivedSyncStateShouldNotSendOnChannelWhenChannelIsBusy
--- PASS: TestWorker_ReceivedSyncStateShouldNotSendOnChannelWhenChannelIsBusy (0.00s)
=== CONT  TestCheckMessageWithSignatureShareValidity_ShouldWork
--- PASS: TestCheckMessageWithSignatureShareValidity_ShouldWork (0.00s)
=== CONT  TestRoundConsensus_SetConsensusGroupSizeShouldChangeTheConsensusGroupSize
--- PASS: TestRoundConsensus_SetConsensusGroupSizeShouldChangeTheConsensusGroupSize (0.00s)
=== CONT  TestConsensusContainerValidator_ValidateNilSignatureHandlerShouldFail
--- PASS: TestConsensusContainerValidator_ValidateNilSignatureHandlerShouldFail (0.00s)
=== CONT  TestConsensusState_IsSelfJobDoneShouldReturnFalse
--- PASS: TestConsensusState_IsSelfJobDoneShouldReturnFalse (0.00s)
=== CONT  TestRoundConsensus_SetConsensusGroupShouldChangeTheConsensusGroup
--- PASS: TestRoundConsensus_SetConsensusGroupShouldChangeTheConsensusGroup (0.00s)
=== CONT  TestConsensusContainerValidator_ValidateNilNodeRedundancyHandlerShouldFail
--- PASS: TestConsensusContainerValidator_ValidateNilNodeRedundancyHandlerShouldFail (0.00s)
=== CONT  TestConsensusState_IsJobDoneShouldReturnTrue
--- PASS: TestConsensusState_IsJobDoneShouldReturnTrue (0.00s)
=== CONT  TestRoundConsensus_SetEligibleListShouldChangeTheEligibleList
--- PASS: TestRoundConsensus_SetEligibleListShouldChangeTheEligibleList (0.00s)
=== CONT  TestConsensusContainerValidator_ValidateNilFallbackHeaderValidatorShouldFail
--- PASS: TestConsensusContainerValidator_ValidateNilFallbackHeaderValidatorShouldFail (0.00s)
=== CONT  TestCheckMessageWithSignatureValidity_InvalidSignatureShareSize
--- PASS: TestCheckMessageWithSignatureValidity_InvalidSignatureShareSize (0.00s)
=== CONT  TestRoundConsensus_IndexSelfConsensusGroupNotFound
--- PASS: TestRoundConsensus_IndexSelfConsensusGroupNotFound (0.00s)
=== CONT  TestCheckMessageWithSignatureValidity_InvalidMessage
--- PASS: TestCheckMessageWithSignatureValidity_InvalidMessage (0.00s)
=== CONT  TestRoundConsensus_IndexSelfConsensusGroupInConsesus
--- PASS: TestRoundConsensus_IndexSelfConsensusGroupInConsesus (0.00s)
=== CONT  TestConsensusState_IsJobDoneShouldReturnFalse
--- PASS: TestConsensusState_IsJobDoneShouldReturnFalse (0.00s)
=== CONT  TestCheckMessageWithFinalInfoValidity_ShouldWork
--- PASS: TestCheckMessageWithFinalInfoValidity_ShouldWork (0.00s)
=== CONT  TestWorker_ReceivedSyncStateShouldNotSendOnChannelWhenInputIsFalse
--- PASS: TestScheduledProcessorWrapper_StartScheduledProcessingHeaderV2ForceStopAfterProcessingEnded (0.20s)
=== CONT  TestCheckMessageWithFinalInfo_LeaderSignatureCheck
--- PASS: TestScheduledProcessorWrapper_StartScheduledProcessingHeaderV2ProcessingOK (0.20s)
=== CONT  TestConsensusState_IsConsensusDataEqualShouldReturnFalse
=== RUN   TestCheckMessageWithFinalInfo_LeaderSignatureCheck/should_fail
=== CONT  TestConsensusState_IsConsensusDataEqualShouldReturnTrue
=== CONT  TestWorker_NewWorkerNodeRedundancyHandlerShouldFail
=== PAUSE TestCheckMessageWithFinalInfo_LeaderSignatureCheck/should_fail
=== RUN   TestCheckMessageWithFinalInfo_LeaderSignatureCheck/should_work
=== PAUSE TestCheckMessageWithFinalInfo_LeaderSignatureCheck/should_work
=== CONT  TestConsensusState_IsConsensusDataSetShouldReturnFalse
--- PASS: TestConsensusState_IsConsensusDataEqualShouldReturnFalse (0.00s)
=== CONT  TestConsensusContainerValidator_ValidateNilHeaderSigVerifierShouldFail
--- PASS: TestConsensusState_IsConsensusDataEqualShouldReturnTrue (0.00s)
--- PASS: TestConsensusState_IsConsensusDataSetShouldReturnFalse (0.00s)
--- PASS: TestWorker_NewWorkerNodeRedundancyHandlerShouldFail (0.00s)
=== CONT  TestRoundConsensus_ConsensusGroupIndexNotFound
=== CONT  TestConsensusState_IsConsensusDataSetShouldReturnTrue
=== CONT  TestConsensusState_GetNextConsensusGroupShouldWork
=== CONT  TestRoundConsensus_ConsensusGroupIndexFound
=== CONT  TestCheckMessageWithFinalInfoValidity_InvalidAggregateSignatureSize
=== CONT  TestConsensusState_GetNextConsensusGroupShouldFailWhenComputeValidatorsGroupErr
=== CONT  TestRoundConsensus_NewRoundConsensusShouldWork
--- PASS: TestConsensusContainerValidator_ValidateNilHeaderSigVerifierShouldFail (0.00s)
--- PASS: TestConsensusState_IsConsensusDataSetShouldReturnTrue (0.00s)
--- PASS: TestRoundConsensus_ConsensusGroupIndexNotFound (0.00s)
=== CONT  TestConsensusState_GetLeaderShouldWork
=== CONT  TestCheckMessageWithFinalInfoValidity_InvalidPubKeyBitmap
--- PASS: TestConsensusState_GetNextConsensusGroupShouldWork (0.00s)
--- PASS: TestConsensusState_GetLeaderShouldWork (0.00s)
--- PASS: TestRoundConsensus_ConsensusGroupIndexFound (0.00s)
=== CONT  TestConsensusState_IsInterfaceNil
--- PASS: TestConsensusState_GetNextConsensusGroupShouldFailWhenComputeValidatorsGroupErr (0.00s)
--- PASS: TestRoundConsensus_NewRoundConsensusShouldWork (0.00s)
--- PASS: TestCheckMessageWithFinalInfoValidity_InvalidAggregateSignatureSize (0.00s)
=== CONT  TestWorker_NewWorkerShouldWork
--- PASS: TestConsensusState_IsInterfaceNil (0.00s)
--- PASS: TestWorker_NewWorkerShouldWork (0.00s)
=== CONT  TestWorker_NewWorkerHeaderIntegrityVerifierShouldFail
--- PASS: TestCheckMessageWithFinalInfoValidity_InvalidPubKeyBitmap (0.00s)
=== CONT  TestCheckMessageWithFinalInfoValidity_InvalidMessage
--- PASS: TestWorker_NewWorkerHeaderIntegrityVerifierShouldFail (0.00s)
=== CONT  TestWorker_NewWorkerPoolInvalidSignersCacheNilShouldFail
--- PASS: TestCheckMessageWithFinalInfoValidity_InvalidMessage (0.00s)
=== CONT  TestWorker_NewWorkerPoolAdderNilShouldFail
--- PASS: TestWorker_NewWorkerPoolInvalidSignersCacheNilShouldFail (0.00s)
=== CONT  TestWorker_NewWorkerPoolEnableEpochsHandlerNilShouldFail
--- PASS: TestWorker_NewWorkerPoolAdderNilShouldFail (0.00s)
=== CONT  TestWorker_NewWorkerNilAntifloodHandlerShouldFail
--- PASS: TestWorker_NewWorkerPoolEnableEpochsHandlerNilShouldFail (0.00s)
=== CONT  TestCheckConsensusMessageValidity_WrongChainID
--- PASS: TestCheckConsensusMessageValidity_WrongChainID (0.00s)
=== CONT  TestWorker_NewWorkerNilNetworkShardingCollectorShouldFail
=== CONT  TestConsensusState_ResetRoundsWithoutReceivedMessages
=== CONT  TestConsensusContainerValidator_ValidateNilPeerHonestyHandlerShouldFail
=== CONT  TestWorker_NewWorkerEmptyChainIDShouldFail
--- PASS: TestWorker_NewWorkerNilAntifloodHandlerShouldFail (0.00s)
--- PASS: TestConsensusState_ResetRoundsWithoutReceivedMessages (0.00s)
--- PASS: TestConsensusContainerValidator_ValidateNilPeerHonestyHandlerShouldFail (0.00s)
--- PASS: TestWorker_NewWorkerNilNetworkShardingCollectorShouldFail (0.00s)
=== CONT  TestConsensusState_GetLeaderShouldErrEmptyConsensusGroup
=== CONT  TestNewConsensusMessageValidator
--- PASS: TestWorker_NewWorkerEmptyChainIDShouldFail (0.00s)
=== RUN   TestNewConsensusMessageValidator/nil_ConsensusService
=== PAUSE TestNewConsensusMessageValidator/nil_ConsensusService
=== CONT  TestConsensusContainerValidator_ValidateNilHasherShouldFail
=== RUN   TestNewConsensusMessageValidator/nil_PeerSignatureHandler
=== PAUSE TestNewConsensusMessageValidator/nil_PeerSignatureHandler
=== CONT  TestConsensusCore_CreateConsensusCoreShouldWork
=== RUN   TestNewConsensusMessageValidator/nil_EnableEpochsHandler
=== PAUSE TestNewConsensusMessageValidator/nil_EnableEpochsHandler
=== RUN   TestNewConsensusMessageValidator/nil_Marshaller
=== PAUSE TestNewConsensusMessageValidator/nil_Marshaller
=== RUN   TestNewConsensusMessageValidator/nil_ShardCoordinator
=== PAUSE TestNewConsensusMessageValidator/nil_ShardCoordinator
=== RUN   TestNewConsensusMessageValidator/nil_ConsensusState
=== PAUSE TestNewConsensusMessageValidator/nil_ConsensusState
=== CONT  TestConsensusState_GetLeaderShoudErrNilConsensusGroup
=== RUN   TestNewConsensusMessageValidator/nil_chain_ID
--- PASS: TestConsensusState_GetLeaderShouldErrEmptyConsensusGroup (0.00s)
--- PASS: TestConsensusContainerValidator_ValidateNilHasherShouldFail (0.00s)
--- PASS: TestConsensusCore_CreateConsensusCoreShouldWork (0.00s)
--- PASS: TestConsensusState_GetLeaderShoudErrNilConsensusGroup (0.00s)
=== CONT  TestConsensusState_IsNodeLeaderInCurrentRoundShouldReturnTrue
--- PASS: TestConsensusState_IsNodeLeaderInCurrentRoundShouldReturnTrue (0.00s)
=== CONT  TestConsensusState_GettersSetters
--- PASS: TestConsensusState_GettersSetters (0.00s)
=== CONT  TestConsensusContainerValidator_ValidateNilBlockchainShouldFail
=== PAUSE TestNewConsensusMessageValidator/nil_chain_ID
--- PASS: TestConsensusContainerValidator_ValidateNilBlockchainShouldFail (0.00s)
=== CONT  TestConsensusState_IsNodeLeaderInCurrentRoundShouldReturnFalse
=== RUN   TestNewConsensusMessageValidator/empty_chain_ID
=== PAUSE TestNewConsensusMessageValidator/empty_chain_ID
=== CONT  TestConsensusContainerValidator_ValidateNilAntifloodHandlerShouldFail
=== RUN   TestNewConsensusMessageValidator/invalid_header_hash_size
=== PAUSE TestNewConsensusMessageValidator/invalid_header_hash_size
=== RUN   TestNewConsensusMessageValidator/invalid_public_key_size
=== PAUSE TestNewConsensusMessageValidator/invalid_public_key_size
=== RUN   TestNewConsensusMessageValidator/invalid_signature_size
=== PAUSE TestNewConsensusMessageValidator/invalid_signature_size
=== RUN   TestNewConsensusMessageValidator/should_work
=== PAUSE TestNewConsensusMessageValidator/should_work
=== CONT  TestConsensusState_IsNodeLeaderInCurrentRoundShouldReturnFalseWhenGetLeaderErr
=== CONT  TestConsensusCore_WithNilEpochStartRegistrationHandlerShouldFail
--- PASS: TestConsensusState_IsNodeLeaderInCurrentRoundShouldReturnFalse (0.00s)
--- PASS: TestConsensusCore_WithNilEpochStartRegistrationHandlerShouldFail (0.00s)
=== CONT  TestConsensusContainerValidator_ValidateNilRoundHandlerShouldFail
--- PASS: TestConsensusState_IsNodeLeaderInCurrentRoundShouldReturnFalseWhenGetLeaderErr (0.00s)
=== CONT  TestConsensusState_ResetConsensusStateShouldWork
--- PASS: TestConsensusContainerValidator_ValidateNilAntifloodHandlerShouldFail (0.00s)
--- PASS: TestConsensusContainerValidator_ValidateNilRoundHandlerShouldFail (0.00s)
=== CONT  TestConsensusCore_WithNilEnableEpochsHandlerShouldFail
--- PASS: TestConsensusState_ResetConsensusStateShouldWork (0.00s)
=== CONT  TestConsensusContainerValidator_ValidateNilSyncTimerShouldFail
--- PASS: TestConsensusCore_WithNilEnableEpochsHandlerShouldFail (0.00s)
=== CONT  TestConsensusContainerValidator_ValidateNilConsensusCoreFail
--- PASS: TestConsensusContainerValidator_ValidateNilSyncTimerShouldFail (0.00s)
=== CONT  TestConsensusContainerValidator_ValidateNilValidatorGroupSelectorShouldFail
=== CONT  TestConsensusContainerValidator_ValidateNilChronologyShouldFail
=== CONT  TestWorker_NewWorkerShardCoordinatorNilShouldFail
=== CONT  TestWorker_NewWorkerHeaderSigVerifierNilShouldFail
=== CONT  TestConsensusContainerValidator_ValidateNilShardCoordinatorShouldFail
--- PASS: TestConsensusContainerValidator_ValidateNilConsensusCoreFail (0.00s)
--- PASS: TestConsensusContainerValidator_ValidateNilChronologyShouldFail (0.00s)
=== CONT  TestInvalidSignersCache
--- PASS: TestConsensusContainerValidator_ValidateNilValidatorGroupSelectorShouldFail (0.00s)
--- PASS: TestWorker_NewWorkerShardCoordinatorNilShouldFail (0.00s)
=== RUN   TestInvalidSignersCache/all_ops_should_work
--- PASS: TestConsensusContainerValidator_ValidateNilShardCoordinatorShouldFail (0.00s)
=== PAUSE TestInvalidSignersCache/all_ops_should_work
--- PASS: TestWorker_NewWorkerHeaderSigVerifierNilShouldFail (0.00s)
=== RUN   TestInvalidSignersCache/concurrent_ops_should_work
=== CONT  TestConsensusContainerValidator_ValidateNilMultiSignerShouldFail
=== PAUSE TestInvalidSignersCache/concurrent_ops_should_work
--- PASS: TestConsensusContainerValidator_ValidateNilMultiSignerShouldFail (0.00s)
=== CONT  TestNewInvalidSignersCache
=== CONT  TestWorker_NewWorkerSyncTimerNilShouldFail
=== RUN   TestNewInvalidSignersCache/nil_Hasher_should_error
=== PAUSE TestNewInvalidSignersCache/nil_Hasher_should_error
=== RUN   TestNewInvalidSignersCache/nil_SigningHandler_should_error
=== PAUSE TestNewInvalidSignersCache/nil_SigningHandler_should_error
=== RUN   TestNewInvalidSignersCache/nil_Marshaller_should_error
=== PAUSE TestNewInvalidSignersCache/nil_Marshaller_should_error
=== RUN   TestNewInvalidSignersCache/should_work
=== PAUSE TestNewInvalidSignersCache/should_work
=== CONT  TestConsensusContainerValidator_ValidateNilBootstrapperShouldFail
--- PASS: TestConsensusContainerValidator_ValidateNilBootstrapperShouldFail (0.00s)
=== CONT  TestConsensusCore_WithNilAntifloodHandlerShouldFail
=== CONT  TestConsensusContainerValidator_ValidateNilMultiSignerContainerShouldFail
=== CONT  TestConsensusCore_WithNilShardCoordinatorShouldFail
=== CONT  TestConsensusCore_WithNilMessageSigningHandlerShouldFail
=== CONT  TestConsensusCore_WithNilFallbackHeaderValidatorShouldFail
=== CONT  TestConsensusCore_WithNilSyncTimerShouldFail
=== CONT  TestConsensusContainerValidator_ValidateNilMarshalizerShouldFail
=== CONT  TestConsensusCore_WithNilPeerBlacklistHandlerShouldFail
=== CONT  TestConsensusCore_WithNilRoundHandlerShouldFail
=== CONT  TestConsensusCore_WithNilScheduledProcessorShouldFail
=== CONT  TestConsensusCore_WithNilHeaderSigVerifierShouldFail
=== CONT  TestWorker_NewWorkerPeerSignatureHandlerNilShouldFail
=== CONT  TestConsensusCore_WithNilMultiSignerShouldFail
=== CONT  TestConsensusCore_WithNilPeerHonestyHandlerShouldFail
--- PASS: TestWorker_NewWorkerSyncTimerNilShouldFail (0.00s)
--- PASS: TestConsensusContainerValidator_ValidateNilMultiSignerContainerShouldFail (0.00s)
--- PASS: TestConsensusCore_WithNilAntifloodHandlerShouldFail (0.00s)
--- PASS: TestConsensusCore_WithNilPeerHonestyHandlerShouldFail (0.00s)
--- PASS: TestConsensusCore_WithNilShardCoordinatorShouldFail (0.00s)
=== CONT  TestWorker_NewWorkerHasherNilShouldFail
--- PASS: TestConsensusCore_WithNilMessageSigningHandlerShouldFail (0.00s)
--- PASS: TestConsensusCore_WithNilFallbackHeaderValidatorShouldFail (0.00s)
--- PASS: TestConsensusCore_WithNilSyncTimerShouldFail (0.00s)
--- PASS: TestConsensusCore_WithNilPeerBlacklistHandlerShouldFail (0.00s)
--- PASS: TestConsensusContainerValidator_ValidateNilMarshalizerShouldFail (0.00s)
--- PASS: TestConsensusCore_WithNilRoundHandlerShouldFail (0.00s)
--- PASS: TestConsensusCore_WithNilScheduledProcessorShouldFail (0.00s)
--- PASS: TestConsensusCore_WithNilHeaderSigVerifierShouldFail (0.00s)
--- PASS: TestConsensusCore_WithNilMultiSignerShouldFail (0.00s)
--- PASS: TestWorker_NewWorkerHasherNilShouldFail (0.00s)
=== CONT  TestWorker_NewWorkerMarshalizerNilShouldFail
--- PASS: TestWorker_NewWorkerPeerSignatureHandlerNilShouldFail (0.00s)
=== CONT  TestWorker_NewWorkerRoundHandlerNilShouldFail
--- PASS: TestWorker_NewWorkerMarshalizerNilShouldFail (0.00s)
=== CONT  TestConsensusCore_WithNilMultiSignerContainerShouldFail
--- PASS: TestConsensusCore_WithNilMultiSignerContainerShouldFail (0.00s)
=== CONT  TestConsensusCore_WithNilNodeRedundancyHandlerShouldFail
--- PASS: TestConsensusCore_WithNilNodeRedundancyHandlerShouldFail (0.00s)
=== CONT  TestWorker_NewWorkerForkDetectorNilShouldFail
--- PASS: TestWorker_NewWorkerRoundHandlerNilShouldFail (0.00s)
=== CONT  TestConsensusCore_WithNilNodesCoordinatorShouldFail
--- PASS: TestConsensusCore_WithNilNodesCoordinatorShouldFail (0.00s)
=== CONT  TestConsensusContainerValidator_ValidateNilProcessorShouldFail
--- PASS: TestConsensusContainerValidator_ValidateNilProcessorShouldFail (0.00s)
=== CONT  TestWorker_ProcessReceivedMessageWithSignature/should_work
=== CONT  TestSubround_IsSelfInConsensusGroup/should_work_with_multi_key_node
=== CONT  TestSubround_IsSelfInConsensusGroup/should_work_with_single_key_node
=== CONT  TestSubround_IsSelfLeader/should_work_with_multi_key_node
=== CONT  TestSubround_IsSelfLeader/should_work_with_single_key_node
=== CONT  TestWorker_ReceivedProof/nil_proof_should_early_exit
--- PASS: TestWorker_NewWorkerForkDetectorNilShouldFail (0.00s)
--- PASS: TestSubround_IsSelfInConsensusGroup (0.00s)
    --- PASS: TestSubround_IsSelfInConsensusGroup/should_work_with_multi_key_node (0.00s)
    --- PASS: TestSubround_IsSelfInConsensusGroup/should_work_with_single_key_node (0.00s)
--- PASS: TestSubround_IsSelfLeader (0.00s)
    --- PASS: TestSubround_IsSelfLeader/should_work_with_multi_key_node (0.00s)
    --- PASS: TestSubround_IsSelfLeader/should_work_with_single_key_node (0.00s)
=== CONT  TestWorker_ReceivedHeader/nil_header_should_early_exit
=== CONT  TestWorker_ReceivedProof/should_work
--- PASS: TestWorker_ReceivedProof (0.00s)
    --- PASS: TestWorker_ReceivedProof/nil_proof_should_early_exit (0.00s)
    --- PASS: TestWorker_ReceivedProof/should_work (0.00s)
=== CONT  TestWorker_ReceivedHeader/should_work
=== CONT  TestWorker_ReceivedHeader/unprocessable_header_should_early_exit
--- PASS: TestWorker_ReceivedHeader (0.00s)
    --- PASS: TestWorker_ReceivedHeader/nil_header_should_early_exit (0.00s)
    --- PASS: TestWorker_ReceivedHeader/should_work (0.00s)
    --- PASS: TestWorker_ReceivedHeader/unprocessable_header_should_early_exit (0.00s)
=== CONT  TestSubround_GetLeaderStartRoundMessage/should_work_with_multi_key_node
=== CONT  TestSubround_GetLeaderStartRoundMessage/should_return_empty_string_when_leader_is_not_managed_by_current_node
=== CONT  TestSubround_GetLeaderStartRoundMessage/should_work_with_single_key_node
=== CONT  TestSubround_ShouldConsiderSelfKeyInConsensus/is_main_machine_active,_should_return_true
--- PASS: TestSubround_GetLeaderStartRoundMessage (0.00s)
    --- PASS: TestSubround_GetLeaderStartRoundMessage/should_work_with_multi_key_node (0.00s)
    --- PASS: TestSubround_GetLeaderStartRoundMessage/should_return_empty_string_when_leader_is_not_managed_by_current_node (0.00s)
    --- PASS: TestSubround_GetLeaderStartRoundMessage/should_work_with_single_key_node (0.00s)
=== CONT  TestSubround_ShouldConsiderSelfKeyInConsensus/is_redundancy_node_machine_but_inactive,_should_return_false
=== CONT  TestSubround_ShouldConsiderSelfKeyInConsensus/is_redundancy_node_machine_active,_should_return_true
--- PASS: TestSubround_ShouldConsiderSelfKeyInConsensus (0.00s)
    --- PASS: TestSubround_ShouldConsiderSelfKeyInConsensus/is_main_machine_active,_should_return_true (0.00s)
    --- PASS: TestSubround_ShouldConsiderSelfKeyInConsensus/is_redundancy_node_machine_but_inactive,_should_return_false (0.00s)
    --- PASS: TestSubround_ShouldConsiderSelfKeyInConsensus/is_redundancy_node_machine_active,_should_return_true (0.00s)
=== CONT  TestCheckConsensusMessageValidityForMessageType_MessageWithInvalidSigners/message_with_header,_invalid_err
=== CONT  TestCheckConsensusMessageValidityForMessageType_MessageWithInvalidSigners/message_with_leader_signature,_invalid_err
=== CONT  TestCheckConsensusMessageValidityForMessageType_MessageWithInvalidSigners/valid_message,_should_work
=== CONT  TestCheckConsensusMessageValidityForMessageType_MessageWithInvalidSigners/message_with_pubKeys_bitmap,_invalid_err
=== CONT  TestCheckConsensusMessageValidityForMessageType_MessageWithInvalidSigners/message_with_body,_invalid_err
=== CONT  TestCheckConsensusMessageValidityForMessageType_MessageWithInvalidSigners/message_with_aggregated_signature,_invalid_err
--- PASS: TestCheckConsensusMessageValidityForMessageType_MessageWithInvalidSigners (0.00s)
    --- PASS: TestCheckConsensusMessageValidityForMessageType_MessageWithInvalidSigners/message_with_header,_invalid_err (0.00s)
    --- PASS: TestCheckConsensusMessageValidityForMessageType_MessageWithInvalidSigners/message_with_leader_signature,_invalid_err (0.00s)
    --- PASS: TestCheckConsensusMessageValidityForMessageType_MessageWithInvalidSigners/valid_message,_should_work (0.00s)
    --- PASS: TestCheckConsensusMessageValidityForMessageType_MessageWithInvalidSigners/message_with_pubKeys_bitmap,_invalid_err (0.00s)
    --- PASS: TestCheckConsensusMessageValidityForMessageType_MessageWithInvalidSigners/message_with_body,_invalid_err (0.00s)
    --- PASS: TestCheckConsensusMessageValidityForMessageType_MessageWithInvalidSigners/message_with_aggregated_signature,_invalid_err (0.00s)
=== CONT  TestWorker_ProcessReceivedMessageComputeReceivedProposedBlockMetric/normal_operation
--- PASS: TestWorker_StoredHeadersExecution (1.21s)
    --- PASS: TestWorker_StoredHeadersExecution/Test_stored_headers_before_current_round_advances_to_same_round_should_not_finalize_round (0.40s)
    --- PASS: TestWorker_StoredHeadersExecution/Test_stored_headers_should_finalize_round_after_roundIndex_advances (0.40s)
    --- PASS: TestWorker_StoredHeadersExecution/Test_stored_meta_headers_should_finalize_round_after_roundIndex_advances (0.40s)
=== CONT  TestWorker_ProcessReceivedMessageComputeReceivedProposedBlockMetric/normal_operation_as_a_single-key_redundancy_node
--- PASS: TestWorker_ReceivedSyncStateShouldNotSendOnChannelWhenInputIsFalse (0.10s)
=== CONT  TestWorker_ProcessReceivedMessageComputeReceivedProposedBlockMetric/normal_operation_as_a_multikey-key_redundancy_node
=== CONT  TestWorker_ProcessReceivedMessageComputeReceivedProposedBlockMetric/time.Since_returns_negative_value
=== CONT  TestCheckMessageWithFinalInfo_LeaderSignatureCheck/should_fail
=== CONT  TestCheckMessageWithFinalInfo_LeaderSignatureCheck/should_work
--- PASS: TestCheckMessageWithFinalInfo_LeaderSignatureCheck (0.00s)
    --- PASS: TestCheckMessageWithFinalInfo_LeaderSignatureCheck/should_fail (0.00s)
    --- PASS: TestCheckMessageWithFinalInfo_LeaderSignatureCheck/should_work (0.00s)
=== CONT  TestNewConsensusMessageValidator/nil_ConsensusService
=== CONT  TestNewConsensusMessageValidator/nil_chain_ID
=== CONT  TestNewConsensusMessageValidator/should_work
=== CONT  TestNewConsensusMessageValidator/invalid_signature_size
=== CONT  TestNewConsensusMessageValidator/invalid_public_key_size
=== CONT  TestNewConsensusMessageValidator/invalid_header_hash_size
=== CONT  TestNewConsensusMessageValidator/empty_chain_ID
=== CONT  TestNewConsensusMessageValidator/nil_Marshaller
=== CONT  TestNewConsensusMessageValidator/nil_ConsensusState
=== CONT  TestNewConsensusMessageValidator/nil_ShardCoordinator
=== CONT  TestNewConsensusMessageValidator/nil_EnableEpochsHandler
=== CONT  TestNewConsensusMessageValidator/nil_PeerSignatureHandler
--- PASS: TestNewConsensusMessageValidator (0.00s)
    --- PASS: TestNewConsensusMessageValidator/nil_ConsensusService (0.00s)
    --- PASS: TestNewConsensusMessageValidator/nil_chain_ID (0.00s)
    --- PASS: TestNewConsensusMessageValidator/should_work (0.00s)
    --- PASS: TestNewConsensusMessageValidator/invalid_signature_size (0.00s)
    --- PASS: TestNewConsensusMessageValidator/invalid_public_key_size (0.00s)
    --- PASS: TestNewConsensusMessageValidator/invalid_header_hash_size (0.00s)
    --- PASS: TestNewConsensusMessageValidator/empty_chain_ID (0.00s)
    --- PASS: TestNewConsensusMessageValidator/nil_Marshaller (0.00s)
    --- PASS: TestNewConsensusMessageValidator/nil_ConsensusState (0.00s)
    --- PASS: TestNewConsensusMessageValidator/nil_ShardCoordinator (0.00s)
    --- PASS: TestNewConsensusMessageValidator/nil_EnableEpochsHandler (0.00s)
    --- PASS: TestNewConsensusMessageValidator/nil_PeerSignatureHandler (0.00s)
=== CONT  TestInvalidSignersCache/all_ops_should_work
=== CONT  TestInvalidSignersCache/concurrent_ops_should_work
=== CONT  TestNewInvalidSignersCache/nil_Hasher_should_error
=== CONT  TestNewInvalidSignersCache/nil_Marshaller_should_error
=== CONT  TestNewInvalidSignersCache/should_work
=== CONT  TestNewInvalidSignersCache/nil_SigningHandler_should_error
--- PASS: TestNewInvalidSignersCache (0.00s)
    --- PASS: TestNewInvalidSignersCache/nil_Hasher_should_error (0.00s)
    --- PASS: TestNewInvalidSignersCache/nil_Marshaller_should_error (0.00s)
    --- PASS: TestNewInvalidSignersCache/should_work (0.00s)
    --- PASS: TestNewInvalidSignersCache/nil_SigningHandler_should_error (0.00s)
--- PASS: TestInvalidSignersCache (0.00s)
    --- PASS: TestInvalidSignersCache/concurrent_ops_should_work (0.00s)
    --- PASS: TestInvalidSignersCache/all_ops_should_work (0.01s)
--- PASS: TestWorker_ProcessReceivedMessageTypeInvalidShouldErr (1.00s)
--- PASS: TestWorker_ProcessReceivedHeaderHashSizeInvalidShouldErr (1.00s)
--- PASS: TestWorker_ProcessReceivedMessageNodeNotInEligibleListShouldErr (1.00s)
--- PASS: TestScheduledProcessorWrapper_StartScheduledProcessingHeaderV2ForceStopped (1.01s)
--- PASS: TestWorker_ProcessReceivedMessageEmptySignatureFieldShouldErr (1.00s)
--- PASS: TestWorker_ProcessReceivedMessageNilMessageDataFieldShouldErr (1.00s)
--- PASS: TestWorker_ProcessReceivedMessageNilMessageShouldErr (1.00s)
--- PASS: TestWorker_ProcessReceivedMessageComputeReceivedProposedBlockMetric (0.00s)
    --- PASS: TestWorker_ProcessReceivedMessageComputeReceivedProposedBlockMetric/normal_operation (0.43s)
    --- PASS: TestWorker_ProcessReceivedMessageComputeReceivedProposedBlockMetric/normal_operation_as_a_single-key_redundancy_node (0.43s)
    --- PASS: TestWorker_ProcessReceivedMessageComputeReceivedProposedBlockMetric/normal_operation_as_a_multikey-key_redundancy_node (0.43s)
    --- PASS: TestWorker_ProcessReceivedMessageComputeReceivedProposedBlockMetric/time.Since_returns_negative_value (0.43s)
--- PASS: TestWorker_ProcessReceivedMessageTxBlockBodyShouldRetNil (1.00s)
--- PASS: TestWorker_ProcessReceivedMessageWithSignature (0.00s)
    --- PASS: TestWorker_ProcessReceivedMessageWithSignature/should_work (1.00s)
--- PASS: TestWorker_ProcessReceivedMessageTypeLimitReachedShouldErr (3.00s)
--- PASS: TestScheduledProcessorWrapper_IsProcessedInProgressNegativeRemainingTime (3.80s)
--- PASS: TestScheduledProcessorWrapper_IsProcessedInProgressAlreadyStartedNoCompletion (3.99s)
--- PASS: TestScheduledProcessorWrapper_IsProcessedInProgressTimeout (4.00s)
PASS
ok  	github.com/TerraDharitri/drt-go-chain/consensus/spos	(cached)
=== RUN   TestWorker_NewConsensusServiceShouldWork
=== PAUSE TestWorker_NewConsensusServiceShouldWork
=== RUN   TestWorker_InitReceivedMessagesShouldWork
=== PAUSE TestWorker_InitReceivedMessagesShouldWork
=== RUN   TestWorker_GetMessageRangeShouldWork
=== PAUSE TestWorker_GetMessageRangeShouldWork
=== RUN   TestWorker_CanProceedWithSrStartRoundFinishedForMtBlockBodyAndHeaderShouldWork
=== PAUSE TestWorker_CanProceedWithSrStartRoundFinishedForMtBlockBodyAndHeaderShouldWork
=== RUN   TestWorker_CanProceedWithSrStartRoundNotFinishedForMtBlockBodyAndHeaderShouldNotWork
=== PAUSE TestWorker_CanProceedWithSrStartRoundNotFinishedForMtBlockBodyAndHeaderShouldNotWork
=== RUN   TestWorker_CanProceedWithSrStartRoundFinishedForMtBlockBodyShouldWork
=== PAUSE TestWorker_CanProceedWithSrStartRoundFinishedForMtBlockBodyShouldWork
=== RUN   TestWorker_CanProceedWithSrStartRoundNotFinishedForMtBlockBodyShouldNotWork
=== PAUSE TestWorker_CanProceedWithSrStartRoundNotFinishedForMtBlockBodyShouldNotWork
=== RUN   TestWorker_CanProceedWithSrStartRoundFinishedForMtBlockHeaderShouldWork
=== PAUSE TestWorker_CanProceedWithSrStartRoundFinishedForMtBlockHeaderShouldWork
=== RUN   TestWorker_CanProceedWithSrStartRoundNotFinishedForMtBlockHeaderShouldNotWork
=== PAUSE TestWorker_CanProceedWithSrStartRoundNotFinishedForMtBlockHeaderShouldNotWork
=== RUN   TestWorker_CanProceedWithSrBlockFinishedForMtBlockHeaderShouldWork
=== PAUSE TestWorker_CanProceedWithSrBlockFinishedForMtBlockHeaderShouldWork
=== RUN   TestWorker_CanProceedWithSrBlockRoundNotFinishedForMtBlockHeaderShouldNotWork
=== PAUSE TestWorker_CanProceedWithSrBlockRoundNotFinishedForMtBlockHeaderShouldNotWork
=== RUN   TestWorker_CanProceedWithSrSignatureFinishedForMtBlockHeaderFinalInfoShouldWork
=== PAUSE TestWorker_CanProceedWithSrSignatureFinishedForMtBlockHeaderFinalInfoShouldWork
=== RUN   TestWorker_CanProceedWithSrSignatureRoundNotFinishedForMtBlockHeaderFinalInfoShouldNotWork
=== PAUSE TestWorker_CanProceedWithSrSignatureRoundNotFinishedForMtBlockHeaderFinalInfoShouldNotWork
=== RUN   TestWorker_CanProceedWitUnkownMessageTypeShouldNotWork
=== PAUSE TestWorker_CanProceedWitUnkownMessageTypeShouldNotWork
=== RUN   TestWorker_GetSubroundName
=== PAUSE TestWorker_GetSubroundName
=== RUN   TestWorker_GetStringValue
=== PAUSE TestWorker_GetStringValue
=== RUN   TestWorker_IsMessageWithBlockBodyAndHeader
=== PAUSE TestWorker_IsMessageWithBlockBodyAndHeader
=== RUN   TestWorker_IsMessageWithBlockBody
=== PAUSE TestWorker_IsMessageWithBlockBody
=== RUN   TestWorker_IsMessageWithBlockHeader
=== PAUSE TestWorker_IsMessageWithBlockHeader
=== RUN   TestWorker_IsMessageWithSignature
=== PAUSE TestWorker_IsMessageWithSignature
=== RUN   TestWorker_IsMessageWithFinalInfo
=== PAUSE TestWorker_IsMessageWithFinalInfo
=== RUN   TestWorker_IsMessageWithInvalidSigners
=== PAUSE TestWorker_IsMessageWithInvalidSigners
=== RUN   TestWorker_IsSubroundSignature
=== PAUSE TestWorker_IsSubroundSignature
=== RUN   TestWorker_IsSubroundStartRound
=== PAUSE TestWorker_IsSubroundStartRound
=== RUN   TestWorker_IsMessageTypeValid
=== PAUSE TestWorker_IsMessageTypeValid
=== RUN   TestWorker_GetMaxNumOfMessageTypeAccepted
=== PAUSE TestWorker_GetMaxNumOfMessageTypeAccepted
=== CONT  TestWorker_NewConsensusServiceShouldWork
--- PASS: TestWorker_NewConsensusServiceShouldWork (0.00s)
=== CONT  TestWorker_GetMaxNumOfMessageTypeAccepted
=== RUN   TestWorker_GetMaxNumOfMessageTypeAccepted/message_type_signature
=== PAUSE TestWorker_GetMaxNumOfMessageTypeAccepted/message_type_signature
=== RUN   TestWorker_GetMaxNumOfMessageTypeAccepted/other_message_types
=== PAUSE TestWorker_GetMaxNumOfMessageTypeAccepted/other_message_types
=== CONT  TestWorker_GetMaxNumOfMessageTypeAccepted/message_type_signature
=== CONT  TestWorker_IsMessageTypeValid
--- PASS: TestWorker_IsMessageTypeValid (0.00s)
=== CONT  TestWorker_IsSubroundStartRound
--- PASS: TestWorker_IsSubroundStartRound (0.00s)
=== CONT  TestWorker_IsSubroundSignature
--- PASS: TestWorker_IsSubroundSignature (0.00s)
=== CONT  TestWorker_IsMessageWithInvalidSigners
--- PASS: TestWorker_IsMessageWithInvalidSigners (0.00s)
=== CONT  TestWorker_IsMessageWithFinalInfo
--- PASS: TestWorker_IsMessageWithFinalInfo (0.00s)
=== CONT  TestWorker_IsMessageWithSignature
--- PASS: TestWorker_IsMessageWithSignature (0.00s)
=== CONT  TestWorker_IsMessageWithBlockHeader
--- PASS: TestWorker_IsMessageWithBlockHeader (0.00s)
=== CONT  TestWorker_IsMessageWithBlockBody
--- PASS: TestWorker_IsMessageWithBlockBody (0.00s)
=== CONT  TestWorker_IsMessageWithBlockBodyAndHeader
--- PASS: TestWorker_IsMessageWithBlockBodyAndHeader (0.00s)
=== CONT  TestWorker_GetStringValue
--- PASS: TestWorker_GetStringValue (0.00s)
=== CONT  TestWorker_GetSubroundName
--- PASS: TestWorker_GetSubroundName (0.00s)
=== CONT  TestWorker_CanProceedWitUnkownMessageTypeShouldNotWork
=== CONT  TestWorker_CanProceedWithSrStartRoundNotFinishedForMtBlockBodyShouldNotWork
=== CONT  TestWorker_CanProceedWithSrSignatureFinishedForMtBlockHeaderFinalInfoShouldWork
--- PASS: TestWorker_CanProceedWitUnkownMessageTypeShouldNotWork (0.00s)
--- PASS: TestWorker_CanProceedWithSrSignatureFinishedForMtBlockHeaderFinalInfoShouldWork (0.00s)
=== CONT  TestWorker_CanProceedWithSrStartRoundFinishedForMtBlockBodyShouldWork
--- PASS: TestWorker_CanProceedWithSrStartRoundFinishedForMtBlockBodyShouldWork (0.00s)
=== CONT  TestWorker_CanProceedWithSrStartRoundNotFinishedForMtBlockBodyAndHeaderShouldNotWork
--- PASS: TestWorker_CanProceedWithSrStartRoundNotFinishedForMtBlockBodyAndHeaderShouldNotWork (0.00s)
=== CONT  TestWorker_CanProceedWithSrStartRoundFinishedForMtBlockBodyAndHeaderShouldWork
--- PASS: TestWorker_CanProceedWithSrStartRoundFinishedForMtBlockBodyAndHeaderShouldWork (0.00s)
=== CONT  TestWorker_GetMessageRangeShouldWork
--- PASS: TestWorker_GetMessageRangeShouldWork (0.00s)
=== CONT  TestWorker_InitReceivedMessagesShouldWork
=== CONT  TestWorker_CanProceedWithSrBlockRoundNotFinishedForMtBlockHeaderShouldNotWork
=== CONT  TestWorker_GetMaxNumOfMessageTypeAccepted/other_message_types
=== CONT  TestWorker_CanProceedWithSrStartRoundNotFinishedForMtBlockHeaderShouldNotWork
=== CONT  TestWorker_CanProceedWithSrBlockFinishedForMtBlockHeaderShouldWork
=== CONT  TestWorker_CanProceedWithSrSignatureRoundNotFinishedForMtBlockHeaderFinalInfoShouldNotWork
--- PASS: TestWorker_CanProceedWithSrStartRoundNotFinishedForMtBlockBodyShouldNotWork (0.00s)
--- PASS: TestWorker_InitReceivedMessagesShouldWork (0.00s)
=== CONT  TestWorker_CanProceedWithSrStartRoundFinishedForMtBlockHeaderShouldWork
--- PASS: TestWorker_CanProceedWithSrBlockRoundNotFinishedForMtBlockHeaderShouldNotWork (0.00s)
--- PASS: TestWorker_CanProceedWithSrStartRoundFinishedForMtBlockHeaderShouldWork (0.00s)
--- PASS: TestWorker_GetMaxNumOfMessageTypeAccepted (0.00s)
    --- PASS: TestWorker_GetMaxNumOfMessageTypeAccepted/message_type_signature (0.00s)
    --- PASS: TestWorker_GetMaxNumOfMessageTypeAccepted/other_message_types (0.00s)
--- PASS: TestWorker_CanProceedWithSrStartRoundNotFinishedForMtBlockHeaderShouldNotWork (0.00s)
--- PASS: TestWorker_CanProceedWithSrBlockFinishedForMtBlockHeaderShouldWork (0.00s)
--- PASS: TestWorker_CanProceedWithSrSignatureRoundNotFinishedForMtBlockHeaderFinalInfoShouldNotWork (0.00s)
PASS
ok  	github.com/TerraDharitri/drt-go-chain/consensus/spos/bls	(cached)
=== RUN   TestNewSubroundsHandler
=== PAUSE TestNewSubroundsHandler
=== RUN   TestSubroundsHandler_initSubroundsForEpoch
=== PAUSE TestSubroundsHandler_initSubroundsForEpoch
=== RUN   TestSubroundsHandler_Start
=== PAUSE TestSubroundsHandler_Start
=== RUN   TestSubroundsHandler_IsInterfaceNil
=== PAUSE TestSubroundsHandler_IsInterfaceNil
=== RUN   TestSubroundsHandler_EpochConfirmed
=== PAUSE TestSubroundsHandler_EpochConfirmed
=== CONT  TestNewSubroundsHandler
=== RUN   TestNewSubroundsHandler/nil_chronology_should_error
=== PAUSE TestNewSubroundsHandler/nil_chronology_should_error
=== RUN   TestNewSubroundsHandler/nil_consensus_core_should_error
=== PAUSE TestNewSubroundsHandler/nil_consensus_core_should_error
=== RUN   TestNewSubroundsHandler/nil_consensus_state_should_error
=== PAUSE TestNewSubroundsHandler/nil_consensus_state_should_error
=== RUN   TestNewSubroundsHandler/nil_worker_should_error
=== PAUSE TestNewSubroundsHandler/nil_worker_should_error
=== RUN   TestNewSubroundsHandler/nil_signature_throttler_should_error
=== PAUSE TestNewSubroundsHandler/nil_signature_throttler_should_error
=== CONT  TestSubroundsHandler_IsInterfaceNil
=== RUN   TestNewSubroundsHandler/nil_app_status_handler_should_error
=== CONT  TestSubroundsHandler_EpochConfirmed
=== PAUSE TestNewSubroundsHandler/nil_app_status_handler_should_error
=== RUN   TestSubroundsHandler_IsInterfaceNil/nil_handler
=== CONT  TestSubroundsHandler_initSubroundsForEpoch
=== CONT  TestSubroundsHandler_Start
=== RUN   TestSubroundsHandler_initSubroundsForEpoch/equivalent_messages_not_enabled,_with_previous_consensus_type_not_consensusV1
=== RUN   TestSubroundsHandler_EpochConfirmed/nil_handler_does_not_panic
=== PAUSE TestSubroundsHandler_initSubroundsForEpoch/equivalent_messages_not_enabled,_with_previous_consensus_type_not_consensusV1
=== PAUSE TestSubroundsHandler_IsInterfaceNil/nil_handler
=== PAUSE TestSubroundsHandler_EpochConfirmed/nil_handler_does_not_panic
=== RUN   TestNewSubroundsHandler/nil_outport_handler_should_error
=== RUN   TestSubroundsHandler_Start/equivalent_messages_not_enabled,_with_previous_consensus_type_not_consensusV1
=== PAUSE TestSubroundsHandler_Start/equivalent_messages_not_enabled,_with_previous_consensus_type_not_consensusV1
=== CONT  TestSubroundsHandler_Start/equivalent_messages_not_enabled,_with_previous_consensus_type_not_consensusV1
=== RUN   TestSubroundsHandler_EpochConfirmed/OK
=== PAUSE TestSubroundsHandler_EpochConfirmed/OK
=== CONT  TestSubroundsHandler_EpochConfirmed/nil_handler_does_not_panic
=== PAUSE TestNewSubroundsHandler/nil_outport_handler_should_error
=== CONT  TestSubroundsHandler_EpochConfirmed/OK
=== RUN   TestNewSubroundsHandler/nil_sent_signature_tracker_should_error
=== PAUSE TestNewSubroundsHandler/nil_sent_signature_tracker_should_error
=== RUN   TestNewSubroundsHandler/nil_enable_epochs_handler_should_error
=== PAUSE TestNewSubroundsHandler/nil_enable_epochs_handler_should_error
=== RUN   TestNewSubroundsHandler/nil_chain_ID_should_error
=== PAUSE TestNewSubroundsHandler/nil_chain_ID_should_error
--- PASS: TestSubroundsHandler_Start (0.00s)
    --- PASS: TestSubroundsHandler_Start/equivalent_messages_not_enabled,_with_previous_consensus_type_not_consensusV1 (0.00s)
=== RUN   TestNewSubroundsHandler/empty_current_PID_should_error
=== PAUSE TestNewSubroundsHandler/empty_current_PID_should_error
--- PASS: TestSubroundsHandler_EpochConfirmed (0.00s)
    --- PASS: TestSubroundsHandler_EpochConfirmed/nil_handler_does_not_panic (0.00s)
    --- PASS: TestSubroundsHandler_EpochConfirmed/OK (0.00s)
=== RUN   TestSubroundsHandler_initSubroundsForEpoch/equivalent_messages_not_enabled,_with_previous_consensus_type_consensusV1
=== RUN   TestNewSubroundsHandler/OK
=== PAUSE TestSubroundsHandler_initSubroundsForEpoch/equivalent_messages_not_enabled,_with_previous_consensus_type_consensusV1
=== RUN   TestSubroundsHandler_initSubroundsForEpoch/equivalent_messages_enabled,_with_previous_consensus_type_consensusNone
=== PAUSE TestSubroundsHandler_initSubroundsForEpoch/equivalent_messages_enabled,_with_previous_consensus_type_consensusNone
=== RUN   TestSubroundsHandler_initSubroundsForEpoch/equivalent_messages_enabled,_with_previous_consensus_type_consensusV1
=== PAUSE TestNewSubroundsHandler/OK
=== PAUSE TestSubroundsHandler_initSubroundsForEpoch/equivalent_messages_enabled,_with_previous_consensus_type_consensusV1
=== CONT  TestNewSubroundsHandler/nil_chronology_should_error
=== RUN   TestSubroundsHandler_initSubroundsForEpoch/equivalent_messages_enabled,_with_previous_consensus_type_consensusV2
=== PAUSE TestSubroundsHandler_initSubroundsForEpoch/equivalent_messages_enabled,_with_previous_consensus_type_consensusV2
=== CONT  TestNewSubroundsHandler/nil_enable_epochs_handler_should_error
=== CONT  TestNewSubroundsHandler/nil_worker_should_error
=== CONT  TestSubroundsHandler_initSubroundsForEpoch/equivalent_messages_not_enabled,_with_previous_consensus_type_not_consensusV1
=== CONT  TestNewSubroundsHandler/nil_signature_throttler_should_error
=== CONT  TestNewSubroundsHandler/nil_consensus_core_should_error
=== CONT  TestNewSubroundsHandler/nil_sent_signature_tracker_should_error
=== CONT  TestSubroundsHandler_initSubroundsForEpoch/equivalent_messages_enabled,_with_previous_consensus_type_consensusV1
=== CONT  TestNewSubroundsHandler/nil_chain_ID_should_error
=== RUN   TestSubroundsHandler_IsInterfaceNil/not_nil_handler
=== CONT  TestNewSubroundsHandler/empty_current_PID_should_error
=== CONT  TestNewSubroundsHandler/nil_outport_handler_should_error
=== CONT  TestNewSubroundsHandler/nil_app_status_handler_should_error
=== CONT  TestSubroundsHandler_initSubroundsForEpoch/equivalent_messages_enabled,_with_previous_consensus_type_consensusV2
=== CONT  TestSubroundsHandler_initSubroundsForEpoch/equivalent_messages_enabled,_with_previous_consensus_type_consensusNone
=== PAUSE TestSubroundsHandler_IsInterfaceNil/not_nil_handler
=== CONT  TestSubroundsHandler_IsInterfaceNil/nil_handler
=== CONT  TestNewSubroundsHandler/OK
=== CONT  TestSubroundsHandler_initSubroundsForEpoch/equivalent_messages_not_enabled,_with_previous_consensus_type_consensusV1
=== CONT  TestSubroundsHandler_IsInterfaceNil/not_nil_handler
--- PASS: TestSubroundsHandler_IsInterfaceNil (0.00s)
    --- PASS: TestSubroundsHandler_IsInterfaceNil/nil_handler (0.00s)
    --- PASS: TestSubroundsHandler_IsInterfaceNil/not_nil_handler (0.00s)
=== CONT  TestNewSubroundsHandler/nil_consensus_state_should_error
--- PASS: TestSubroundsHandler_initSubroundsForEpoch (0.00s)
    --- PASS: TestSubroundsHandler_initSubroundsForEpoch/equivalent_messages_not_enabled,_with_previous_consensus_type_not_consensusV1 (0.00s)
    --- PASS: TestSubroundsHandler_initSubroundsForEpoch/equivalent_messages_enabled,_with_previous_consensus_type_consensusV1 (0.00s)
    --- PASS: TestSubroundsHandler_initSubroundsForEpoch/equivalent_messages_enabled,_with_previous_consensus_type_consensusV2 (0.00s)
    --- PASS: TestSubroundsHandler_initSubroundsForEpoch/equivalent_messages_enabled,_with_previous_consensus_type_consensusNone (0.00s)
    --- PASS: TestSubroundsHandler_initSubroundsForEpoch/equivalent_messages_not_enabled,_with_previous_consensus_type_consensusV1 (0.00s)
--- PASS: TestNewSubroundsHandler (0.00s)
    --- PASS: TestNewSubroundsHandler/nil_chronology_should_error (0.00s)
    --- PASS: TestNewSubroundsHandler/nil_worker_should_error (0.00s)
    --- PASS: TestNewSubroundsHandler/nil_enable_epochs_handler_should_error (0.00s)
    --- PASS: TestNewSubroundsHandler/nil_consensus_core_should_error (0.00s)
    --- PASS: TestNewSubroundsHandler/nil_sent_signature_tracker_should_error (0.00s)
    --- PASS: TestNewSubroundsHandler/nil_chain_ID_should_error (0.00s)
    --- PASS: TestNewSubroundsHandler/nil_signature_throttler_should_error (0.00s)
    --- PASS: TestNewSubroundsHandler/nil_outport_handler_should_error (0.00s)
    --- PASS: TestNewSubroundsHandler/empty_current_PID_should_error (0.00s)
    --- PASS: TestNewSubroundsHandler/nil_app_status_handler_should_error (0.00s)
    --- PASS: TestNewSubroundsHandler/OK (0.00s)
    --- PASS: TestNewSubroundsHandler/nil_consensus_state_should_error (0.00s)
PASS
ok  	github.com/TerraDharitri/drt-go-chain/consensus/spos/bls/proxy	(cached)
=== RUN   TestFactory_GetMessageTypeName
=== PAUSE TestFactory_GetMessageTypeName
=== RUN   TestFactory_NewFactoryNilContainerShouldFail
=== PAUSE TestFactory_NewFactoryNilContainerShouldFail
=== RUN   TestFactory_NewFactoryNilConsensusStateShouldFail
=== PAUSE TestFactory_NewFactoryNilConsensusStateShouldFail
=== RUN   TestFactory_NewFactoryNilBlockchainShouldFail
=== PAUSE TestFactory_NewFactoryNilBlockchainShouldFail
=== RUN   TestFactory_NewFactoryNilBlockProcessorShouldFail
=== PAUSE TestFactory_NewFactoryNilBlockProcessorShouldFail
=== RUN   TestFactory_NewFactoryNilBootstrapperShouldFail
=== PAUSE TestFactory_NewFactoryNilBootstrapperShouldFail
=== RUN   TestFactory_NewFactoryNilChronologyHandlerShouldFail
=== PAUSE TestFactory_NewFactoryNilChronologyHandlerShouldFail
=== RUN   TestFactory_NewFactoryNilHasherShouldFail
=== PAUSE TestFactory_NewFactoryNilHasherShouldFail
=== RUN   TestFactory_NewFactoryNilMarshalizerShouldFail
=== PAUSE TestFactory_NewFactoryNilMarshalizerShouldFail
=== RUN   TestFactory_NewFactoryNilMultiSignerContainerShouldFail
=== PAUSE TestFactory_NewFactoryNilMultiSignerContainerShouldFail
=== RUN   TestFactory_NewFactoryNilRoundHandlerShouldFail
=== PAUSE TestFactory_NewFactoryNilRoundHandlerShouldFail
=== RUN   TestFactory_NewFactoryNilShardCoordinatorShouldFail
=== PAUSE TestFactory_NewFactoryNilShardCoordinatorShouldFail
=== RUN   TestFactory_NewFactoryNilSyncTimerShouldFail
=== PAUSE TestFactory_NewFactoryNilSyncTimerShouldFail
=== RUN   TestFactory_NewFactoryNilValidatorGroupSelectorShouldFail
=== PAUSE TestFactory_NewFactoryNilValidatorGroupSelectorShouldFail
=== RUN   TestFactory_NewFactoryNilWorkerShouldFail
=== PAUSE TestFactory_NewFactoryNilWorkerShouldFail
=== RUN   TestFactory_NewFactoryNilAppStatusHandlerShouldFail
=== PAUSE TestFactory_NewFactoryNilAppStatusHandlerShouldFail
=== RUN   TestFactory_NewFactoryNilSignaturesTrackerShouldFail
=== PAUSE TestFactory_NewFactoryNilSignaturesTrackerShouldFail
=== RUN   TestFactory_NewFactoryShouldWork
=== PAUSE TestFactory_NewFactoryShouldWork
=== RUN   TestFactory_NewFactoryEmptyChainIDShouldFail
=== PAUSE TestFactory_NewFactoryEmptyChainIDShouldFail
=== RUN   TestFactory_GenerateSubroundStartRoundShouldFailWhenNewSubroundFail
=== PAUSE TestFactory_GenerateSubroundStartRoundShouldFailWhenNewSubroundFail
=== RUN   TestFactory_GenerateSubroundStartRoundShouldFailWhenNewSubroundStartRoundFail
=== PAUSE TestFactory_GenerateSubroundStartRoundShouldFailWhenNewSubroundStartRoundFail
=== RUN   TestFactory_GenerateSubroundBlockShouldFailWhenNewSubroundFail
=== PAUSE TestFactory_GenerateSubroundBlockShouldFailWhenNewSubroundFail
=== RUN   TestFactory_GenerateSubroundBlockShouldFailWhenNewSubroundBlockFail
=== PAUSE TestFactory_GenerateSubroundBlockShouldFailWhenNewSubroundBlockFail
=== RUN   TestFactory_GenerateSubroundSignatureShouldFailWhenNewSubroundFail
=== PAUSE TestFactory_GenerateSubroundSignatureShouldFailWhenNewSubroundFail
=== RUN   TestFactory_GenerateSubroundSignatureShouldFailWhenNewSubroundSignatureFail
=== PAUSE TestFactory_GenerateSubroundSignatureShouldFailWhenNewSubroundSignatureFail
=== RUN   TestFactory_GenerateSubroundEndRoundShouldFailWhenNewSubroundFail
=== PAUSE TestFactory_GenerateSubroundEndRoundShouldFailWhenNewSubroundFail
=== RUN   TestFactory_GenerateSubroundEndRoundShouldFailWhenNewSubroundEndRoundFail
=== PAUSE TestFactory_GenerateSubroundEndRoundShouldFailWhenNewSubroundEndRoundFail
=== RUN   TestFactory_GenerateSubroundsShouldWork
=== PAUSE TestFactory_GenerateSubroundsShouldWork
=== RUN   TestFactory_GenerateSubroundsNilOutportShouldFail
=== PAUSE TestFactory_GenerateSubroundsNilOutportShouldFail
=== RUN   TestFactory_SetIndexerShouldWork
=== PAUSE TestFactory_SetIndexerShouldWork
=== RUN   TestSubroundBlock_NewSubroundBlockNilSubroundShouldFail
=== PAUSE TestSubroundBlock_NewSubroundBlockNilSubroundShouldFail
=== RUN   TestSubroundBlock_NewSubroundBlockNilBlockchainShouldFail
=== PAUSE TestSubroundBlock_NewSubroundBlockNilBlockchainShouldFail
=== RUN   TestSubroundBlock_NewSubroundBlockNilBlockProcessorShouldFail
=== PAUSE TestSubroundBlock_NewSubroundBlockNilBlockProcessorShouldFail
=== RUN   TestSubroundBlock_NewSubroundBlockNilConsensusStateShouldFail
=== PAUSE TestSubroundBlock_NewSubroundBlockNilConsensusStateShouldFail
=== RUN   TestSubroundBlock_NewSubroundBlockNilHasherShouldFail
=== PAUSE TestSubroundBlock_NewSubroundBlockNilHasherShouldFail
=== RUN   TestSubroundBlock_NewSubroundBlockNilMarshalizerShouldFail
=== PAUSE TestSubroundBlock_NewSubroundBlockNilMarshalizerShouldFail
=== RUN   TestSubroundBlock_NewSubroundBlockNilMultiSignerContainerShouldFail
=== PAUSE TestSubroundBlock_NewSubroundBlockNilMultiSignerContainerShouldFail
=== RUN   TestSubroundBlock_NewSubroundBlockNilRoundHandlerShouldFail
=== PAUSE TestSubroundBlock_NewSubroundBlockNilRoundHandlerShouldFail
=== RUN   TestSubroundBlock_NewSubroundBlockNilShardCoordinatorShouldFail
=== PAUSE TestSubroundBlock_NewSubroundBlockNilShardCoordinatorShouldFail
=== RUN   TestSubroundBlock_NewSubroundBlockNilSyncTimerShouldFail
=== PAUSE TestSubroundBlock_NewSubroundBlockNilSyncTimerShouldFail
=== RUN   TestSubroundBlock_NewSubroundBlockShouldWork
=== PAUSE TestSubroundBlock_NewSubroundBlockShouldWork
=== RUN   TestSubroundBlock_DoBlockJob
=== PAUSE TestSubroundBlock_DoBlockJob
=== RUN   TestSubroundBlock_ReceivedBlockBodyAndHeaderDataAlreadySet
=== PAUSE TestSubroundBlock_ReceivedBlockBodyAndHeaderDataAlreadySet
=== RUN   TestSubroundBlock_ReceivedBlockBodyAndHeaderNodeNotLeaderInCurrentRound
=== PAUSE TestSubroundBlock_ReceivedBlockBodyAndHeaderNodeNotLeaderInCurrentRound
=== RUN   TestSubroundBlock_ReceivedBlockBodyAndHeaderCannotProcessJobDone
=== PAUSE TestSubroundBlock_ReceivedBlockBodyAndHeaderCannotProcessJobDone
=== RUN   TestSubroundBlock_ReceivedBlockBodyAndHeaderErrorDecoding
=== PAUSE TestSubroundBlock_ReceivedBlockBodyAndHeaderErrorDecoding
=== RUN   TestSubroundBlock_ReceivedBlockBodyAndHeaderBodyAlreadyReceived
=== PAUSE TestSubroundBlock_ReceivedBlockBodyAndHeaderBodyAlreadyReceived
=== RUN   TestSubroundBlock_ReceivedBlockBodyAndHeaderHeaderAlreadyReceived
=== PAUSE TestSubroundBlock_ReceivedBlockBodyAndHeaderHeaderAlreadyReceived
=== RUN   TestSubroundBlock_ReceivedBlockBodyAndHeaderOK
=== PAUSE TestSubroundBlock_ReceivedBlockBodyAndHeaderOK
=== RUN   TestSubroundBlock_ReceivedBlock
=== PAUSE TestSubroundBlock_ReceivedBlock
=== RUN   TestSubroundBlock_ProcessReceivedBlockShouldReturnFalseWhenBodyAndHeaderAreNotSet
=== PAUSE TestSubroundBlock_ProcessReceivedBlockShouldReturnFalseWhenBodyAndHeaderAreNotSet
=== RUN   TestSubroundBlock_ProcessReceivedBlockShouldReturnFalseWhenProcessBlockFails
=== PAUSE TestSubroundBlock_ProcessReceivedBlockShouldReturnFalseWhenProcessBlockFails
=== RUN   TestSubroundBlock_ProcessReceivedBlockShouldReturnFalseWhenProcessBlockReturnsInNextRound
=== PAUSE TestSubroundBlock_ProcessReceivedBlockShouldReturnFalseWhenProcessBlockReturnsInNextRound
=== RUN   TestSubroundBlock_ProcessReceivedBlockShouldReturnTrue
=== PAUSE TestSubroundBlock_ProcessReceivedBlockShouldReturnTrue
=== RUN   TestSubroundBlock_RemainingTimeShouldReturnNegativeValue
=== PAUSE TestSubroundBlock_RemainingTimeShouldReturnNegativeValue
=== RUN   TestSubroundBlock_DoBlockConsensusCheckShouldReturnFalseWhenRoundIsCanceled
=== PAUSE TestSubroundBlock_DoBlockConsensusCheckShouldReturnFalseWhenRoundIsCanceled
=== RUN   TestSubroundBlock_DoBlockConsensusCheckShouldReturnTrueWhenSubroundIsFinished
=== PAUSE TestSubroundBlock_DoBlockConsensusCheckShouldReturnTrueWhenSubroundIsFinished
=== RUN   TestSubroundBlock_DoBlockConsensusCheckShouldReturnTrueWhenBlockIsReceivedReturnTrue
=== PAUSE TestSubroundBlock_DoBlockConsensusCheckShouldReturnTrueWhenBlockIsReceivedReturnTrue
=== RUN   TestSubroundBlock_DoBlockConsensusCheckShouldReturnFalseWhenBlockIsReceivedReturnFalse
=== PAUSE TestSubroundBlock_DoBlockConsensusCheckShouldReturnFalseWhenBlockIsReceivedReturnFalse
=== RUN   TestSubroundBlock_IsBlockReceived
=== PAUSE TestSubroundBlock_IsBlockReceived
=== RUN   TestSubroundBlock_HaveTimeInCurrentSubroundShouldReturnTrue
=== PAUSE TestSubroundBlock_HaveTimeInCurrentSubroundShouldReturnTrue
=== RUN   TestSubroundBlock_HaveTimeInCurrentSuboundShouldReturnFalse
=== PAUSE TestSubroundBlock_HaveTimeInCurrentSuboundShouldReturnFalse
=== RUN   TestSubroundBlock_CreateHeaderNilCurrentHeader
--- PASS: TestSubroundBlock_CreateHeaderNilCurrentHeader (0.00s)
=== RUN   TestSubroundBlock_CreateHeaderNotNilCurrentHeader
--- PASS: TestSubroundBlock_CreateHeaderNotNilCurrentHeader (0.00s)
=== RUN   TestSubroundBlock_CreateHeaderMultipleMiniBlocks
--- PASS: TestSubroundBlock_CreateHeaderMultipleMiniBlocks (0.00s)
=== RUN   TestSubroundBlock_CreateHeaderNilMiniBlocks
--- PASS: TestSubroundBlock_CreateHeaderNilMiniBlocks (0.00s)
=== RUN   TestSubroundBlock_CallFuncRemainingTimeWithStructShouldWork
--- PASS: TestSubroundBlock_CallFuncRemainingTimeWithStructShouldWork (0.20s)
=== RUN   TestSubroundBlock_CallFuncRemainingTimeWithStructShouldNotWork
--- PASS: TestSubroundBlock_CallFuncRemainingTimeWithStructShouldNotWork (0.20s)
=== RUN   TestSubroundBlock_ReceivedBlockComputeProcessDuration
=== PAUSE TestSubroundBlock_ReceivedBlockComputeProcessDuration
=== RUN   TestSubroundBlock_ReceivedBlockComputeProcessDurationWithZeroDurationShouldNotPanic
=== PAUSE TestSubroundBlock_ReceivedBlockComputeProcessDurationWithZeroDurationShouldNotPanic
=== RUN   TestNewSubroundEndRound
=== PAUSE TestNewSubroundEndRound
=== RUN   TestSubroundEndRound_NewSubroundEndRoundNilBlockChainShouldFail
=== PAUSE TestSubroundEndRound_NewSubroundEndRoundNilBlockChainShouldFail
=== RUN   TestSubroundEndRound_NewSubroundEndRoundNilBlockProcessorShouldFail
=== PAUSE TestSubroundEndRound_NewSubroundEndRoundNilBlockProcessorShouldFail
=== RUN   TestSubroundEndRound_NewSubroundEndRoundNilConsensusStateShouldFail
=== PAUSE TestSubroundEndRound_NewSubroundEndRoundNilConsensusStateShouldFail
=== RUN   TestSubroundEndRound_NewSubroundEndRoundNilMultiSignerContainerShouldFail
=== PAUSE TestSubroundEndRound_NewSubroundEndRoundNilMultiSignerContainerShouldFail
=== RUN   TestSubroundEndRound_NewSubroundEndRoundNilRoundHandlerShouldFail
=== PAUSE TestSubroundEndRound_NewSubroundEndRoundNilRoundHandlerShouldFail
=== RUN   TestSubroundEndRound_NewSubroundEndRoundNilSyncTimerShouldFail
=== PAUSE TestSubroundEndRound_NewSubroundEndRoundNilSyncTimerShouldFail
=== RUN   TestSubroundEndRound_NewSubroundEndRoundShouldWork
=== PAUSE TestSubroundEndRound_NewSubroundEndRoundShouldWork
=== RUN   TestSubroundEndRound_DoEndRoundJobErrAggregatingSigShouldFail
=== PAUSE TestSubroundEndRound_DoEndRoundJobErrAggregatingSigShouldFail
=== RUN   TestSubroundEndRound_DoEndRoundJobErrCommitBlockShouldFail
=== PAUSE TestSubroundEndRound_DoEndRoundJobErrCommitBlockShouldFail
=== RUN   TestSubroundEndRound_DoEndRoundJobErrTimeIsOutShouldFail
=== PAUSE TestSubroundEndRound_DoEndRoundJobErrTimeIsOutShouldFail
=== RUN   TestSubroundEndRound_DoEndRoundJobErrBroadcastBlockOK
=== PAUSE TestSubroundEndRound_DoEndRoundJobErrBroadcastBlockOK
=== RUN   TestSubroundEndRound_DoEndRoundJobErrMarshalizedDataToBroadcastOK
=== PAUSE TestSubroundEndRound_DoEndRoundJobErrMarshalizedDataToBroadcastOK
=== RUN   TestSubroundEndRound_DoEndRoundJobErrBroadcastMiniBlocksOK
=== PAUSE TestSubroundEndRound_DoEndRoundJobErrBroadcastMiniBlocksOK
=== RUN   TestSubroundEndRound_DoEndRoundJobErrBroadcastTransactionsOK
=== PAUSE TestSubroundEndRound_DoEndRoundJobErrBroadcastTransactionsOK
=== RUN   TestSubroundEndRound_DoEndRoundJobAllOK
=== PAUSE TestSubroundEndRound_DoEndRoundJobAllOK
=== RUN   TestSubroundEndRound_CheckIfSignatureIsFilled
=== PAUSE TestSubroundEndRound_CheckIfSignatureIsFilled
=== RUN   TestSubroundEndRound_DoEndRoundConsensusCheckShouldReturnFalseWhenRoundIsCanceled
=== PAUSE TestSubroundEndRound_DoEndRoundConsensusCheckShouldReturnFalseWhenRoundIsCanceled
=== RUN   TestSubroundEndRound_DoEndRoundConsensusCheckShouldReturnTrueWhenRoundIsFinished
=== PAUSE TestSubroundEndRound_DoEndRoundConsensusCheckShouldReturnTrueWhenRoundIsFinished
=== RUN   TestSubroundEndRound_DoEndRoundConsensusCheckShouldReturnFalseWhenRoundIsNotFinished
=== PAUSE TestSubroundEndRound_DoEndRoundConsensusCheckShouldReturnFalseWhenRoundIsNotFinished
=== RUN   TestSubroundEndRound_CheckSignaturesValidityShouldErrNilSignature
=== PAUSE TestSubroundEndRound_CheckSignaturesValidityShouldErrNilSignature
=== RUN   TestSubroundEndRound_CheckSignaturesValidityShouldReturnNil
=== PAUSE TestSubroundEndRound_CheckSignaturesValidityShouldReturnNil
=== RUN   TestSubroundEndRound_DoEndRoundJobByParticipant_RoundCanceledShouldReturnFalse
=== PAUSE TestSubroundEndRound_DoEndRoundJobByParticipant_RoundCanceledShouldReturnFalse
=== RUN   TestSubroundEndRound_DoEndRoundJobByParticipant_ConsensusDataNotSetShouldReturnFalse
=== PAUSE TestSubroundEndRound_DoEndRoundJobByParticipant_ConsensusDataNotSetShouldReturnFalse
=== RUN   TestSubroundEndRound_DoEndRoundJobByParticipant_PreviousSubroundNotFinishedShouldReturnFalse
=== PAUSE TestSubroundEndRound_DoEndRoundJobByParticipant_PreviousSubroundNotFinishedShouldReturnFalse
=== RUN   TestSubroundEndRound_DoEndRoundJobByParticipant_CurrentSubroundFinishedShouldReturnFalse
=== PAUSE TestSubroundEndRound_DoEndRoundJobByParticipant_CurrentSubroundFinishedShouldReturnFalse
=== RUN   TestSubroundEndRound_DoEndRoundJobByParticipant_ConsensusHeaderNotReceivedShouldReturnFalse
=== PAUSE TestSubroundEndRound_DoEndRoundJobByParticipant_ConsensusHeaderNotReceivedShouldReturnFalse
=== RUN   TestSubroundEndRound_DoEndRoundJobByParticipant_ShouldReturnTrue
=== PAUSE TestSubroundEndRound_DoEndRoundJobByParticipant_ShouldReturnTrue
=== RUN   TestSubroundEndRound_IsConsensusHeaderReceived_NoReceivedHeadersShouldReturnFalse
=== PAUSE TestSubroundEndRound_IsConsensusHeaderReceived_NoReceivedHeadersShouldReturnFalse
=== RUN   TestSubroundEndRound_IsConsensusHeaderReceived_HeaderNotReceivedShouldReturnFalse
=== PAUSE TestSubroundEndRound_IsConsensusHeaderReceived_HeaderNotReceivedShouldReturnFalse
=== RUN   TestSubroundEndRound_IsConsensusHeaderReceivedShouldReturnTrue
=== PAUSE TestSubroundEndRound_IsConsensusHeaderReceivedShouldReturnTrue
=== RUN   TestSubroundEndRound_HaveConsensusHeaderWithFullInfoNilHdrShouldNotWork
=== PAUSE TestSubroundEndRound_HaveConsensusHeaderWithFullInfoNilHdrShouldNotWork
=== RUN   TestSubroundEndRound_HaveConsensusHeaderWithFullInfoShouldWork
=== PAUSE TestSubroundEndRound_HaveConsensusHeaderWithFullInfoShouldWork
=== RUN   TestSubroundEndRound_CreateAndBroadcastHeaderFinalInfoBroadcastShouldBeCalled
=== PAUSE TestSubroundEndRound_CreateAndBroadcastHeaderFinalInfoBroadcastShouldBeCalled
=== RUN   TestSubroundEndRound_ReceivedBlockHeaderFinalInfoShouldWork
=== PAUSE TestSubroundEndRound_ReceivedBlockHeaderFinalInfoShouldWork
=== RUN   TestSubroundEndRound_ReceivedBlockHeaderFinalInfoShouldReturnFalseWhenFinalInfoIsNotValid
=== PAUSE TestSubroundEndRound_ReceivedBlockHeaderFinalInfoShouldReturnFalseWhenFinalInfoIsNotValid
=== RUN   TestSubroundEndRound_IsOutOfTimeShouldReturnFalse
=== PAUSE TestSubroundEndRound_IsOutOfTimeShouldReturnFalse
=== RUN   TestSubroundEndRound_IsOutOfTimeShouldReturnTrue
=== PAUSE TestSubroundEndRound_IsOutOfTimeShouldReturnTrue
=== RUN   TestSubroundEndRound_IsBlockHeaderFinalInfoValidShouldReturnFalseWhenVerifyLeaderSignatureFails
=== PAUSE TestSubroundEndRound_IsBlockHeaderFinalInfoValidShouldReturnFalseWhenVerifyLeaderSignatureFails
=== RUN   TestSubroundEndRound_IsBlockHeaderFinalInfoValidShouldReturnFalseWhenVerifySignatureFails
=== PAUSE TestSubroundEndRound_IsBlockHeaderFinalInfoValidShouldReturnFalseWhenVerifySignatureFails
=== RUN   TestSubroundEndRound_IsBlockHeaderFinalInfoValidShouldReturnTrue
=== PAUSE TestSubroundEndRound_IsBlockHeaderFinalInfoValidShouldReturnTrue
=== RUN   TestVerifyNodesOnAggSigVerificationFail
=== PAUSE TestVerifyNodesOnAggSigVerificationFail
=== RUN   TestComputeAddSigOnValidNodes
=== PAUSE TestComputeAddSigOnValidNodes
=== RUN   TestSubroundEndRound_DoEndRoundJobByLeaderVerificationFail
=== PAUSE TestSubroundEndRound_DoEndRoundJobByLeaderVerificationFail
=== RUN   TestSubroundEndRound_ReceivedInvalidSignersInfo
=== PAUSE TestSubroundEndRound_ReceivedInvalidSignersInfo
=== RUN   TestVerifyInvalidSigners
=== PAUSE TestVerifyInvalidSigners
=== RUN   TestSubroundEndRound_CreateAndBroadcastInvalidSigners
=== PAUSE TestSubroundEndRound_CreateAndBroadcastInvalidSigners
=== RUN   TestGetFullMessagesForInvalidSigners
=== PAUSE TestGetFullMessagesForInvalidSigners
=== RUN   TestSubroundEndRound_getMinConsensusGroupIndexOfManagedKeys
=== PAUSE TestSubroundEndRound_getMinConsensusGroupIndexOfManagedKeys
=== RUN   TestNewSubroundSignature
=== PAUSE TestNewSubroundSignature
=== RUN   TestSubroundSignature_NewSubroundSignatureNilConsensusStateShouldFail
=== PAUSE TestSubroundSignature_NewSubroundSignatureNilConsensusStateShouldFail
=== RUN   TestSubroundSignature_NewSubroundSignatureNilHasherShouldFail
=== PAUSE TestSubroundSignature_NewSubroundSignatureNilHasherShouldFail
=== RUN   TestSubroundSignature_NewSubroundSignatureNilMultiSignerContainerShouldFail
=== PAUSE TestSubroundSignature_NewSubroundSignatureNilMultiSignerContainerShouldFail
=== RUN   TestSubroundSignature_NewSubroundSignatureNilRoundHandlerShouldFail
=== PAUSE TestSubroundSignature_NewSubroundSignatureNilRoundHandlerShouldFail
=== RUN   TestSubroundSignature_NewSubroundSignatureNilSyncTimerShouldFail
=== PAUSE TestSubroundSignature_NewSubroundSignatureNilSyncTimerShouldFail
=== RUN   TestSubroundSignature_NewSubroundSignatureShouldWork
=== PAUSE TestSubroundSignature_NewSubroundSignatureShouldWork
=== RUN   TestSubroundSignature_DoSignatureJob
=== PAUSE TestSubroundSignature_DoSignatureJob
=== RUN   TestSubroundSignature_DoSignatureJobWithMultikey
=== PAUSE TestSubroundSignature_DoSignatureJobWithMultikey
=== RUN   TestSubroundSignature_ReceivedSignature
=== PAUSE TestSubroundSignature_ReceivedSignature
=== RUN   TestSubroundSignature_ReceivedSignatureStoreShareFailed
=== PAUSE TestSubroundSignature_ReceivedSignatureStoreShareFailed
=== RUN   TestSubroundSignature_SignaturesCollected
=== PAUSE TestSubroundSignature_SignaturesCollected
=== RUN   TestSubroundSignature_DoSignatureConsensusCheckShouldReturnFalseWhenRoundIsCanceled
=== PAUSE TestSubroundSignature_DoSignatureConsensusCheckShouldReturnFalseWhenRoundIsCanceled
=== RUN   TestSubroundSignature_DoSignatureConsensusCheckShouldReturnTrueWhenSubroundIsFinished
=== PAUSE TestSubroundSignature_DoSignatureConsensusCheckShouldReturnTrueWhenSubroundIsFinished
=== RUN   TestSubroundSignature_DoSignatureConsensusCheckShouldReturnTrueWhenSignaturesCollectedReturnTrue
=== PAUSE TestSubroundSignature_DoSignatureConsensusCheckShouldReturnTrueWhenSignaturesCollectedReturnTrue
=== RUN   TestSubroundSignature_DoSignatureConsensusCheckShouldReturnFalseWhenSignaturesCollectedReturnFalse
=== PAUSE TestSubroundSignature_DoSignatureConsensusCheckShouldReturnFalseWhenSignaturesCollectedReturnFalse
=== RUN   TestSubroundSignature_DoSignatureConsensusCheckShouldReturnFalseWhenNotAllSignaturesCollectedAndTimeIsNotOut
=== PAUSE TestSubroundSignature_DoSignatureConsensusCheckShouldReturnFalseWhenNotAllSignaturesCollectedAndTimeIsNotOut
=== RUN   TestSubroundSignature_DoSignatureConsensusCheckShouldReturnTrueWhenAllSignaturesCollected
=== PAUSE TestSubroundSignature_DoSignatureConsensusCheckShouldReturnTrueWhenAllSignaturesCollected
=== RUN   TestSubroundSignature_DoSignatureConsensusCheckShouldReturnTrueWhenEnoughButNotAllSignaturesCollectedAndTimeIsOut
=== PAUSE TestSubroundSignature_DoSignatureConsensusCheckShouldReturnTrueWhenEnoughButNotAllSignaturesCollectedAndTimeIsOut
=== RUN   TestSubroundSignature_DoSignatureConsensusCheckShouldReturnFalseWhenFallbackThresholdCouldNotBeApplied
=== PAUSE TestSubroundSignature_DoSignatureConsensusCheckShouldReturnFalseWhenFallbackThresholdCouldNotBeApplied
=== RUN   TestSubroundSignature_DoSignatureConsensusCheckShouldReturnTrueWhenFallbackThresholdCouldBeApplied
=== PAUSE TestSubroundSignature_DoSignatureConsensusCheckShouldReturnTrueWhenFallbackThresholdCouldBeApplied
=== RUN   TestSubroundSignature_ReceivedSignatureReturnFalseWhenConsensusDataIsNotEqual
=== PAUSE TestSubroundSignature_ReceivedSignatureReturnFalseWhenConsensusDataIsNotEqual
=== RUN   TestNewSubroundStartRound
=== PAUSE TestNewSubroundStartRound
=== RUN   TestSubroundStartRound_NewSubroundStartRoundNilBlockChainShouldFail
=== PAUSE TestSubroundStartRound_NewSubroundStartRoundNilBlockChainShouldFail
=== RUN   TestSubroundStartRound_NewSubroundStartRoundNilBootstrapperShouldFail
=== PAUSE TestSubroundStartRound_NewSubroundStartRoundNilBootstrapperShouldFail
=== RUN   TestSubroundStartRound_NewSubroundStartRoundNilConsensusStateShouldFail
=== PAUSE TestSubroundStartRound_NewSubroundStartRoundNilConsensusStateShouldFail
=== RUN   TestSubroundStartRound_NewSubroundStartRoundNilMultiSignerContainerShouldFail
=== PAUSE TestSubroundStartRound_NewSubroundStartRoundNilMultiSignerContainerShouldFail
=== RUN   TestSubroundStartRound_NewSubroundStartRoundNilRoundHandlerShouldFail
=== PAUSE TestSubroundStartRound_NewSubroundStartRoundNilRoundHandlerShouldFail
=== RUN   TestSubroundStartRound_NewSubroundStartRoundNilSyncTimerShouldFail
=== PAUSE TestSubroundStartRound_NewSubroundStartRoundNilSyncTimerShouldFail
=== RUN   TestSubroundStartRound_NewSubroundStartRoundNilValidatorGroupSelectorShouldFail
=== PAUSE TestSubroundStartRound_NewSubroundStartRoundNilValidatorGroupSelectorShouldFail
=== RUN   TestSubroundStartRound_NewSubroundStartRoundShouldWork
=== PAUSE TestSubroundStartRound_NewSubroundStartRoundShouldWork
=== RUN   TestSubroundStartRound_DoStartRoundShouldReturnTrue
=== PAUSE TestSubroundStartRound_DoStartRoundShouldReturnTrue
=== RUN   TestSubroundStartRound_DoStartRoundConsensusCheckShouldReturnFalseWhenRoundIsCanceled
=== PAUSE TestSubroundStartRound_DoStartRoundConsensusCheckShouldReturnFalseWhenRoundIsCanceled
=== RUN   TestSubroundStartRound_DoStartRoundConsensusCheckShouldReturnTrueWhenRoundIsFinished
=== PAUSE TestSubroundStartRound_DoStartRoundConsensusCheckShouldReturnTrueWhenRoundIsFinished
=== RUN   TestSubroundStartRound_DoStartRoundConsensusCheckShouldReturnTrueWhenInitCurrentRoundReturnTrue
=== PAUSE TestSubroundStartRound_DoStartRoundConsensusCheckShouldReturnTrueWhenInitCurrentRoundReturnTrue
=== RUN   TestSubroundStartRound_DoStartRoundConsensusCheckShouldReturnFalseWhenInitCurrentRoundReturnFalse
=== PAUSE TestSubroundStartRound_DoStartRoundConsensusCheckShouldReturnFalseWhenInitCurrentRoundReturnFalse
=== RUN   TestSubroundStartRound_InitCurrentRoundShouldReturnFalseWhenGetNodeStateNotReturnSynchronized
=== PAUSE TestSubroundStartRound_InitCurrentRoundShouldReturnFalseWhenGetNodeStateNotReturnSynchronized
=== RUN   TestSubroundStartRound_InitCurrentRoundShouldReturnFalseWhenGenerateNextConsensusGroupErr
=== PAUSE TestSubroundStartRound_InitCurrentRoundShouldReturnFalseWhenGenerateNextConsensusGroupErr
=== RUN   TestSubroundStartRound_InitCurrentRoundShouldReturnTrueWhenMainMachineIsActive
=== PAUSE TestSubroundStartRound_InitCurrentRoundShouldReturnTrueWhenMainMachineIsActive
=== RUN   TestSubroundStartRound_InitCurrentRoundShouldReturnFalseWhenGetLeaderErr
=== PAUSE TestSubroundStartRound_InitCurrentRoundShouldReturnFalseWhenGetLeaderErr
=== RUN   TestSubroundStartRound_InitCurrentRoundShouldReturnTrueWhenIsNotInTheConsensusGroup
=== PAUSE TestSubroundStartRound_InitCurrentRoundShouldReturnTrueWhenIsNotInTheConsensusGroup
=== RUN   TestSubroundStartRound_InitCurrentRoundShouldReturnFalseWhenTimeIsOut
=== PAUSE TestSubroundStartRound_InitCurrentRoundShouldReturnFalseWhenTimeIsOut
=== RUN   TestSubroundStartRound_InitCurrentRoundShouldReturnTrue
=== PAUSE TestSubroundStartRound_InitCurrentRoundShouldReturnTrue
=== RUN   TestSubroundStartRound_InitCurrentRoundShouldMetrics
=== PAUSE TestSubroundStartRound_InitCurrentRoundShouldMetrics
=== RUN   TestSubroundStartRound_GenerateNextConsensusGroupShouldReturnErr
=== PAUSE TestSubroundStartRound_GenerateNextConsensusGroupShouldReturnErr
=== CONT  TestFactory_GetMessageTypeName
=== CONT  TestSubroundEndRound_CreateAndBroadcastHeaderFinalInfoBroadcastShouldBeCalled
--- PASS: TestFactory_GetMessageTypeName (0.00s)
=== CONT  TestFactory_GenerateSubroundSignatureShouldFailWhenNewSubroundSignatureFail
=== CONT  TestSubroundEndRound_DoEndRoundJobByParticipant_ShouldReturnTrue
=== CONT  TestFactory_GenerateSubroundEndRoundShouldFailWhenNewSubroundFail
=== CONT  TestSubroundEndRound_NewSubroundEndRoundNilSyncTimerShouldFail
=== CONT  TestSubroundBlock_ReceivedBlockBodyAndHeaderErrorDecoding
=== CONT  TestSubroundBlock_NewSubroundBlockNilRoundHandlerShouldFail
=== CONT  TestSubroundEndRound_HaveConsensusHeaderWithFullInfoNilHdrShouldNotWork
--- PASS: TestFactory_GenerateSubroundSignatureShouldFailWhenNewSubroundSignatureFail (0.00s)
=== CONT  TestSubroundBlock_HaveTimeInCurrentSubroundShouldReturnTrue
--- PASS: TestFactory_GenerateSubroundEndRoundShouldFailWhenNewSubroundFail (0.00s)
=== CONT  TestSubroundBlock_ReceivedBlock
=== CONT  TestSubroundEndRound_IsConsensusHeaderReceivedShouldReturnTrue
=== CONT  TestSubroundEndRound_NewSubroundEndRoundNilBlockProcessorShouldFail
=== CONT  TestSubroundEndRound_NewSubroundEndRoundNilBlockChainShouldFail
=== CONT  TestNewSubroundEndRound
=== CONT  TestSubroundBlock_ReceivedBlockComputeProcessDurationWithZeroDurationShouldNotPanic
=== CONT  TestSubroundEndRound_IsConsensusHeaderReceived_NoReceivedHeadersShouldReturnFalse
=== CONT  TestSubroundBlock_ReceivedBlockBodyAndHeaderOK
=== CONT  TestSubroundBlock_ReceivedBlockBodyAndHeaderHeaderAlreadyReceived
=== CONT  TestSubroundBlock_ReceivedBlockBodyAndHeaderBodyAlreadyReceived
--- PASS: TestSubroundEndRound_CreateAndBroadcastHeaderFinalInfoBroadcastShouldBeCalled (0.00s)
--- PASS: TestSubroundBlock_HaveTimeInCurrentSubroundShouldReturnTrue (0.00s)
--- PASS: TestSubroundEndRound_HaveConsensusHeaderWithFullInfoNilHdrShouldNotWork (0.00s)
--- PASS: TestSubroundBlock_ReceivedBlockBodyAndHeaderErrorDecoding (0.00s)
=== CONT  TestSubroundEndRound_IsConsensusHeaderReceived_HeaderNotReceivedShouldReturnFalse
=== CONT  TestSubroundEndRound_NewSubroundEndRoundNilRoundHandlerShouldFail
=== CONT  TestSubroundEndRound_HaveConsensusHeaderWithFullInfoShouldWork
=== CONT  TestSubroundEndRound_NewSubroundEndRoundNilConsensusStateShouldFail
--- PASS: TestSubroundEndRound_NewSubroundEndRoundNilBlockProcessorShouldFail (0.00s)
--- PASS: TestSubroundEndRound_IsConsensusHeaderReceivedShouldReturnTrue (0.00s)
--- PASS: TestSubroundEndRound_DoEndRoundJobByParticipant_ShouldReturnTrue (0.00s)
=== CONT  TestSubroundEndRound_NewSubroundEndRoundNilMultiSignerContainerShouldFail
=== CONT  TestSubroundBlock_ReceivedBlockComputeProcessDuration
--- PASS: TestSubroundEndRound_NewSubroundEndRoundNilMultiSignerContainerShouldFail (0.00s)
=== CONT  TestSubroundBlock_HaveTimeInCurrentSuboundShouldReturnFalse
--- PASS: TestSubroundBlock_HaveTimeInCurrentSuboundShouldReturnFalse (0.00s)
=== CONT  TestFactory_NewFactoryNilSyncTimerShouldFail
--- PASS: TestFactory_NewFactoryNilSyncTimerShouldFail (0.00s)
=== CONT  TestFactory_GenerateSubroundSignatureShouldFailWhenNewSubroundFail
--- PASS: TestFactory_GenerateSubroundSignatureShouldFailWhenNewSubroundFail (0.00s)
=== CONT  TestFactory_GenerateSubroundBlockShouldFailWhenNewSubroundBlockFail
--- PASS: TestSubroundEndRound_NewSubroundEndRoundNilSyncTimerShouldFail (0.00s)
--- PASS: TestSubroundBlock_NewSubroundBlockNilRoundHandlerShouldFail (0.00s)
=== CONT  TestFactory_GenerateSubroundStartRoundShouldFailWhenNewSubroundFail
=== CONT  TestFactory_GenerateSubroundBlockShouldFailWhenNewSubroundFail
--- PASS: TestFactory_GenerateSubroundBlockShouldFailWhenNewSubroundBlockFail (0.00s)
=== CONT  TestFactory_NewFactoryEmptyChainIDShouldFail
--- PASS: TestSubroundEndRound_NewSubroundEndRoundNilBlockChainShouldFail (0.00s)
--- PASS: TestSubroundBlock_ReceivedBlock (0.00s)
=== CONT  TestFactory_GenerateSubroundStartRoundShouldFailWhenNewSubroundStartRoundFail
=== CONT  TestFactory_NewFactoryShouldWork
--- PASS: TestFactory_GenerateSubroundStartRoundShouldFailWhenNewSubroundFail (0.00s)
=== CONT  TestFactory_NewFactoryNilSignaturesTrackerShouldFail
--- PASS: TestFactory_NewFactoryNilSignaturesTrackerShouldFail (0.00s)
=== CONT  TestFactory_NewFactoryNilAppStatusHandlerShouldFail
=== CONT  TestFactory_NewFactoryNilWorkerShouldFail
=== CONT  TestFactory_NewFactoryNilValidatorGroupSelectorShouldFail
--- PASS: TestFactory_NewFactoryShouldWork (0.00s)
--- PASS: TestFactory_NewFactoryNilValidatorGroupSelectorShouldFail (0.00s)
=== CONT  TestSubroundEndRound_DoEndRoundConsensusCheckShouldReturnFalseWhenRoundIsCanceled
=== CONT  TestSubroundEndRound_DoEndRoundJobByParticipant_CurrentSubroundFinishedShouldReturnFalse
=== CONT  TestSubroundEndRound_DoEndRoundJobByParticipant_ConsensusDataNotSetShouldReturnFalse
=== CONT  TestSubroundEndRound_DoEndRoundJobByParticipant_RoundCanceledShouldReturnFalse
=== CONT  TestSubroundEndRound_CheckSignaturesValidityShouldReturnNil
=== CONT  TestSubroundEndRound_CheckSignaturesValidityShouldErrNilSignature
=== CONT  TestSubroundEndRound_DoEndRoundConsensusCheckShouldReturnFalseWhenRoundIsNotFinished
=== CONT  TestSubroundEndRound_DoEndRoundConsensusCheckShouldReturnTrueWhenRoundIsFinished
=== CONT  TestSubroundEndRound_DoEndRoundJobByParticipant_PreviousSubroundNotFinishedShouldReturnFalse
=== CONT  TestSubroundBlock_DoBlockJob
--- PASS: TestFactory_GenerateSubroundBlockShouldFailWhenNewSubroundFail (0.00s)
--- PASS: TestFactory_NewFactoryNilWorkerShouldFail (0.00s)
--- PASS: TestFactory_NewFactoryNilAppStatusHandlerShouldFail (0.00s)
--- PASS: TestSubroundBlock_ReceivedBlockComputeProcessDurationWithZeroDurationShouldNotPanic (0.00s)
=== CONT  TestSubroundBlock_ReceivedBlockBodyAndHeaderCannotProcessJobDone
=== CONT  TestSubroundEndRound_DoEndRoundJobByParticipant_ConsensusHeaderNotReceivedShouldReturnFalse
--- PASS: TestSubroundEndRound_DoEndRoundJobByParticipant_CurrentSubroundFinishedShouldReturnFalse (0.00s)
--- PASS: TestSubroundEndRound_DoEndRoundJobByParticipant_ConsensusDataNotSetShouldReturnFalse (0.00s)
--- PASS: TestSubroundEndRound_IsConsensusHeaderReceived_NoReceivedHeadersShouldReturnFalse (0.00s)
--- PASS: TestSubroundEndRound_CheckSignaturesValidityShouldReturnNil (0.00s)
--- PASS: TestSubroundEndRound_DoEndRoundJobByParticipant_RoundCanceledShouldReturnFalse (0.00s)
--- PASS: TestSubroundEndRound_DoEndRoundConsensusCheckShouldReturnFalseWhenRoundIsNotFinished (0.00s)
--- PASS: TestSubroundEndRound_CheckSignaturesValidityShouldErrNilSignature (0.00s)
--- PASS: TestSubroundEndRound_DoEndRoundConsensusCheckShouldReturnFalseWhenRoundIsCanceled (0.00s)
=== RUN   TestSubroundBlock_ReceivedBlockBodyAndHeaderOK/block_is_valid
--- PASS: TestSubroundBlock_ReceivedBlockBodyAndHeaderBodyAlreadyReceived (0.00s)
=== CONT  TestSubroundBlock_ReceivedBlockBodyAndHeaderNodeNotLeaderInCurrentRound
--- PASS: TestSubroundBlock_ReceivedBlockBodyAndHeaderNodeNotLeaderInCurrentRound (0.00s)
=== CONT  TestSubroundBlock_ReceivedBlockBodyAndHeaderDataAlreadySet
=== RUN   TestSubroundBlock_ReceivedBlockBodyAndHeaderOK/block_is_not_valid
--- PASS: TestSubroundBlock_ReceivedBlockBodyAndHeaderHeaderAlreadyReceived (0.00s)
=== CONT  TestFactory_NewFactoryNilChronologyHandlerShouldFail
--- PASS: TestSubroundBlock_ReceivedBlockBodyAndHeaderDataAlreadySet (0.00s)
=== CONT  TestFactory_NewFactoryNilShardCoordinatorShouldFail
--- PASS: TestSubroundBlock_ReceivedBlockBodyAndHeaderOK (0.00s)
    --- PASS: TestSubroundBlock_ReceivedBlockBodyAndHeaderOK/block_is_valid (0.00s)
    --- PASS: TestSubroundBlock_ReceivedBlockBodyAndHeaderOK/block_is_not_valid (0.00s)
=== CONT  TestFactory_NewFactoryNilRoundHandlerShouldFail
--- PASS: TestFactory_NewFactoryNilChronologyHandlerShouldFail (0.00s)
=== CONT  TestFactory_NewFactoryNilMultiSignerContainerShouldFail
--- PASS: TestFactory_NewFactoryNilShardCoordinatorShouldFail (0.00s)
--- PASS: TestFactory_NewFactoryNilRoundHandlerShouldFail (0.00s)
--- PASS: TestSubroundEndRound_IsConsensusHeaderReceived_HeaderNotReceivedShouldReturnFalse (0.00s)
--- PASS: TestSubroundEndRound_NewSubroundEndRoundNilRoundHandlerShouldFail (0.00s)
--- PASS: TestFactory_NewFactoryNilMultiSignerContainerShouldFail (0.00s)
=== CONT  TestSubroundEndRound_CheckIfSignatureIsFilled
--- PASS: TestSubroundEndRound_HaveConsensusHeaderWithFullInfoShouldWork (0.00s)
=== CONT  TestSubroundBlock_NewSubroundBlockNilMultiSignerContainerShouldFail
=== CONT  TestFactory_NewFactoryNilMarshalizerShouldFail
=== CONT  TestSubroundBlock_NewSubroundBlockNilConsensusStateShouldFail
=== RUN   TestNewSubroundEndRound/nil_subround_should_error
=== CONT  TestSubroundEndRound_DoEndRoundJobErrMarshalizedDataToBroadcastOK
=== CONT  TestSubroundEndRound_DoEndRoundJobErrBroadcastMiniBlocksOK
=== PAUSE TestNewSubroundEndRound/nil_subround_should_error
=== RUN   TestNewSubroundEndRound/nil_extend_function_handler_should_error
=== PAUSE TestNewSubroundEndRound/nil_extend_function_handler_should_error
=== CONT  TestSubroundBlock_NewSubroundBlockNilBlockProcessorShouldFail
=== CONT  TestSubroundSignature_DoSignatureConsensusCheckShouldReturnFalseWhenSignaturesCollectedReturnFalse
=== CONT  TestFactory_GenerateSubroundsNilOutportShouldFail
=== CONT  TestSubroundStartRound_GenerateNextConsensusGroupShouldReturnErr
=== CONT  TestSubroundStartRound_InitCurrentRoundShouldMetrics
=== RUN   TestSubroundStartRound_InitCurrentRoundShouldMetrics/not_in_consensus_node
=== CONT  TestSubroundBlock_NewSubroundBlockNilSubroundShouldFail
--- PASS: TestSubroundBlock_NewSubroundBlockNilMultiSignerContainerShouldFail (0.00s)
=== CONT  TestSubroundBlock_NewSubroundBlockNilMarshalizerShouldFail
=== CONT  TestFactory_SetIndexerShouldWork
=== CONT  TestSubroundEndRound_DoEndRoundJobAllOK
=== CONT  TestSubroundBlock_NewSubroundBlockNilHasherShouldFail
=== CONT  TestSubroundEndRound_DoEndRoundJobErrBroadcastTransactionsOK
=== CONT  TestSubroundBlock_NewSubroundBlockNilBlockchainShouldFail
=== CONT  TestFactory_NewFactoryNilHasherShouldFail
--- PASS: TestSubroundEndRound_NewSubroundEndRoundNilConsensusStateShouldFail (0.00s)
--- PASS: TestSubroundEndRound_CheckIfSignatureIsFilled (0.00s)
--- PASS: TestFactory_NewFactoryEmptyChainIDShouldFail (0.00s)
--- PASS: TestFactory_NewFactoryNilMarshalizerShouldFail (0.00s)
--- PASS: TestFactory_GenerateSubroundStartRoundShouldFailWhenNewSubroundStartRoundFail (0.00s)
--- PASS: TestSubroundEndRound_DoEndRoundConsensusCheckShouldReturnTrueWhenRoundIsFinished (0.00s)
--- PASS: TestSubroundEndRound_DoEndRoundJobErrMarshalizedDataToBroadcastOK (0.00s)
--- PASS: TestSubroundBlock_NewSubroundBlockNilBlockProcessorShouldFail (0.00s)
--- PASS: TestSubroundEndRound_DoEndRoundJobByParticipant_PreviousSubroundNotFinishedShouldReturnFalse (0.00s)
--- PASS: TestSubroundSignature_DoSignatureConsensusCheckShouldReturnFalseWhenSignaturesCollectedReturnFalse (0.00s)
--- PASS: TestSubroundEndRound_DoEndRoundJobErrBroadcastMiniBlocksOK (0.00s)
--- PASS: TestFactory_GenerateSubroundsNilOutportShouldFail (0.00s)
--- PASS: TestSubroundBlock_NewSubroundBlockNilSubroundShouldFail (0.00s)
--- PASS: TestSubroundStartRound_GenerateNextConsensusGroupShouldReturnErr (0.00s)
--- PASS: TestSubroundBlock_DoBlockJob (0.00s)
--- PASS: TestSubroundBlock_NewSubroundBlockNilConsensusStateShouldFail (0.00s)
--- PASS: TestSubroundBlock_ReceivedBlockBodyAndHeaderCannotProcessJobDone (0.00s)
=== CONT  TestSubroundStartRound_InitCurrentRoundShouldReturnTrueWhenIsNotInTheConsensusGroup
=== CONT  TestSubroundStartRound_InitCurrentRoundShouldReturnFalseWhenGetLeaderErr
--- PASS: TestSubroundBlock_NewSubroundBlockNilMarshalizerShouldFail (0.00s)
=== PAUSE TestSubroundStartRound_InitCurrentRoundShouldMetrics/not_in_consensus_node
=== CONT  TestSubroundStartRound_InitCurrentRoundShouldReturnTrue
=== CONT  TestSubroundStartRound_InitCurrentRoundShouldReturnFalseWhenTimeIsOut
=== CONT  TestSubroundStartRound_InitCurrentRoundShouldReturnTrueWhenMainMachineIsActive
--- PASS: TestSubroundEndRound_DoEndRoundJobByParticipant_ConsensusHeaderNotReceivedShouldReturnFalse (0.00s)
=== CONT  TestSubroundStartRound_InitCurrentRoundShouldReturnFalseWhenGenerateNextConsensusGroupErr
=== CONT  TestSubroundBlock_DoBlockConsensusCheckShouldReturnFalseWhenRoundIsCanceled
--- PASS: TestSubroundBlock_DoBlockConsensusCheckShouldReturnFalseWhenRoundIsCanceled (0.00s)
=== RUN   TestNewSubroundEndRound/nil_app_status_handler_should_error
=== CONT  TestSubroundBlock_IsBlockReceived
--- PASS: TestSubroundStartRound_InitCurrentRoundShouldReturnFalseWhenGenerateNextConsensusGroupErr (0.00s)
=== PAUSE TestNewSubroundEndRound/nil_app_status_handler_should_error
=== CONT  TestSubroundStartRound_InitCurrentRoundShouldReturnFalseWhenGetNodeStateNotReturnSynchronized
=== RUN   TestNewSubroundEndRound/nil_sent_signatures_tracker_should_error
--- PASS: TestSubroundBlock_IsBlockReceived (0.00s)
=== PAUSE TestNewSubroundEndRound/nil_sent_signatures_tracker_should_error
=== CONT  TestSubroundStartRound_DoStartRoundConsensusCheckShouldReturnTrueWhenInitCurrentRoundReturnTrue
=== CONT  TestSubroundBlock_DoBlockConsensusCheckShouldReturnTrueWhenSubroundIsFinished
=== CONT  TestSubroundStartRound_DoStartRoundConsensusCheckShouldReturnTrueWhenRoundIsFinished
=== CONT  TestSubroundStartRound_NewSubroundStartRoundNilBlockChainShouldFail
=== CONT  TestSubroundStartRound_NewSubroundStartRoundNilBootstrapperShouldFail
=== CONT  TestNewSubroundStartRound
=== CONT  TestSubroundSignature_ReceivedSignatureReturnFalseWhenConsensusDataIsNotEqual
=== CONT  TestSubroundStartRound_DoStartRoundConsensusCheckShouldReturnFalseWhenRoundIsCanceled
=== RUN   TestNewSubroundStartRound/nil_subround_should_error
--- PASS: TestSubroundEndRound_DoEndRoundJobAllOK (0.00s)
=== PAUSE TestNewSubroundStartRound/nil_subround_should_error
=== CONT  TestSubroundStartRound_DoStartRoundShouldReturnTrue
=== RUN   TestNewSubroundStartRound/nil_extend_function_handler_should_error
=== PAUSE TestNewSubroundStartRound/nil_extend_function_handler_should_error
=== RUN   TestNewSubroundStartRound/nil_executeStoredMessages_function_handler_should_error
=== PAUSE TestNewSubroundStartRound/nil_executeStoredMessages_function_handler_should_error
=== RUN   TestNewSubroundStartRound/nil_resetConsensusMessages_function_handler_should_error
=== PAUSE TestNewSubroundStartRound/nil_resetConsensusMessages_function_handler_should_error
=== CONT  TestSubroundSignature_DoSignatureConsensusCheckShouldReturnFalseWhenFallbackThresholdCouldNotBeApplied
=== RUN   TestNewSubroundStartRound/nil_sent_signatures_tracker_should_error
=== PAUSE TestNewSubroundStartRound/nil_sent_signatures_tracker_should_error
=== CONT  TestSubroundStartRound_NewSubroundStartRoundNilSyncTimerShouldFail
=== CONT  TestSubroundStartRound_NewSubroundStartRoundNilValidatorGroupSelectorShouldFail
=== CONT  TestSubroundSignature_DoSignatureConsensusCheckShouldReturnTrueWhenEnoughButNotAllSignaturesCollectedAndTimeIsOut
=== CONT  TestSubroundStartRound_NewSubroundStartRoundNilRoundHandlerShouldFail
=== CONT  TestSubroundSignature_DoSignatureConsensusCheckShouldReturnTrueWhenAllSignaturesCollected
=== CONT  TestSubroundStartRound_NewSubroundStartRoundNilMultiSignerContainerShouldFail
=== CONT  TestSubroundStartRound_NewSubroundStartRoundNilConsensusStateShouldFail
=== CONT  TestFactory_GenerateSubroundsShouldWork
=== CONT  TestSubroundSignature_DoSignatureJobWithMultikey
=== CONT  TestSubroundSignature_DoSignatureConsensusCheckShouldReturnTrueWhenSignaturesCollectedReturnTrue
=== CONT  TestSubroundSignature_DoSignatureConsensusCheckShouldReturnTrueWhenSubroundIsFinished
=== CONT  TestFactory_NewFactoryNilBlockchainShouldFail
=== CONT  TestSubroundSignature_DoSignatureConsensusCheckShouldReturnFalseWhenRoundIsCanceled
=== CONT  TestSubroundSignature_SignaturesCollected
--- PASS: TestSubroundStartRound_DoStartRoundConsensusCheckShouldReturnFalseWhenRoundIsCanceled (0.00s)
--- PASS: TestSubroundSignature_DoSignatureConsensusCheckShouldReturnFalseWhenRoundIsCanceled (0.00s)
=== CONT  TestSubroundSignature_DoSignatureConsensusCheckShouldReturnTrueWhenFallbackThresholdCouldBeApplied
--- PASS: TestSubroundStartRound_InitCurrentRoundShouldReturnFalseWhenGetNodeStateNotReturnSynchronized (0.00s)
--- PASS: TestSubroundStartRound_DoStartRoundConsensusCheckShouldReturnTrueWhenInitCurrentRoundReturnTrue (0.00s)
--- PASS: TestSubroundBlock_DoBlockConsensusCheckShouldReturnTrueWhenSubroundIsFinished (0.00s)
=== CONT  TestSubroundSignature_DoSignatureConsensusCheckShouldReturnFalseWhenNotAllSignaturesCollectedAndTimeIsNotOut
=== CONT  TestSubroundSignature_ReceivedSignature
=== CONT  TestSubroundStartRound_DoStartRoundConsensusCheckShouldReturnFalseWhenInitCurrentRoundReturnFalse
[0;33mWARN [0m[2026-03-16 10:13:37.004]   subroundSignature.doSignatureConsensusCheck: fallback validation has been applied [0;33mminimum number of signatures required[0m = 5 [0;33mactual number of signatures received[0m = 5 
--- PASS: TestSubroundSignature_DoSignatureConsensusCheckShouldReturnTrueWhenFallbackThresholdCouldBeApplied (0.00s)
=== CONT  TestSubroundSignature_ReceivedSignatureStoreShareFailed
=== CONT  TestSubroundStartRound_NewSubroundStartRoundShouldWork
=== CONT  TestSubroundSignature_NewSubroundSignatureShouldWork
=== CONT  TestSubroundBlock_ProcessReceivedBlockShouldReturnFalseWhenProcessBlockReturnsInNextRound
=== CONT  TestSubroundSignature_DoSignatureJob
=== CONT  TestSubroundBlock_ProcessReceivedBlockShouldReturnTrue
=== CONT  TestSubroundSignature_NewSubroundSignatureNilHasherShouldFail
=== CONT  TestFactory_NewFactoryNilBlockProcessorShouldFail
=== CONT  TestSubroundSignature_NewSubroundSignatureNilMultiSignerContainerShouldFail
--- PASS: TestSubroundSignature_DoSignatureConsensusCheckShouldReturnFalseWhenNotAllSignaturesCollectedAndTimeIsNotOut (0.00s)
--- PASS: TestSubroundStartRound_NewSubroundStartRoundNilBootstrapperShouldFail (0.00s)
--- PASS: TestSubroundStartRound_InitCurrentRoundShouldReturnTrue (0.00s)
--- PASS: TestSubroundStartRound_NewSubroundStartRoundNilBlockChainShouldFail (0.00s)
=== CONT  TestSubroundEndRound_DoEndRoundJobErrCommitBlockShouldFail
=== CONT  TestSubroundBlock_ProcessReceivedBlockShouldReturnFalseWhenProcessBlockFails
=== CONT  TestSubroundEndRound_DoEndRoundJobErrBroadcastBlockOK
=== CONT  TestSubroundEndRound_DoEndRoundJobErrTimeIsOutShouldFail
=== CONT  TestVerifyNodesOnAggSigVerificationFail
=== RUN   TestVerifyNodesOnAggSigVerificationFail/fail_to_get_signature_share
=== PAUSE TestVerifyNodesOnAggSigVerificationFail/fail_to_get_signature_share
=== CONT  TestGetFullMessagesForInvalidSigners
=== CONT  TestFactory_NewFactoryNilContainerShouldFail
=== CONT  TestSubroundBlock_DoBlockConsensusCheckShouldReturnTrueWhenBlockIsReceivedReturnTrue
=== RUN   TestGetFullMessagesForInvalidSigners/empty_p2p_messages_slice_if_not_in_state
=== CONT  TestFactory_NewFactoryNilBootstrapperShouldFail
=== CONT  TestVerifyInvalidSigners
=== CONT  TestFactory_NewFactoryNilConsensusStateShouldFail
=== CONT  TestSubroundEndRound_ReceivedInvalidSignersInfo
=== CONT  TestSubroundSignature_NewSubroundSignatureNilSyncTimerShouldFail
=== CONT  TestSubroundEndRound_DoEndRoundJobByLeaderVerificationFail
=== RUN   TestSubroundEndRound_ReceivedInvalidSignersInfo/consensus_data_is_not_set
=== CONT  TestSubroundBlock_ProcessReceivedBlockShouldReturnFalseWhenBodyAndHeaderAreNotSet
=== PAUSE TestSubroundEndRound_ReceivedInvalidSignersInfo/consensus_data_is_not_set
=== CONT  TestComputeAddSigOnValidNodes
=== RUN   TestSubroundEndRound_ReceivedInvalidSignersInfo/received_message_node_is_not_leader_in_current_round
=== RUN   TestComputeAddSigOnValidNodes/invalid_number_of_valid_sig_shares
=== CONT  TestFactory_GenerateSubroundEndRoundShouldFailWhenNewSubroundEndRoundFail
=== PAUSE TestComputeAddSigOnValidNodes/invalid_number_of_valid_sig_shares
=== CONT  TestSubroundEndRound_IsOutOfTimeShouldReturnTrue
=== RUN   TestComputeAddSigOnValidNodes/fail_to_created_aggregated_sig
=== PAUSE TestComputeAddSigOnValidNodes/fail_to_created_aggregated_sig
=== CONT  TestSubroundEndRound_IsBlockHeaderFinalInfoValidShouldReturnTrue
=== RUN   TestComputeAddSigOnValidNodes/fail_to_set_aggregated_sig
=== PAUSE TestComputeAddSigOnValidNodes/fail_to_set_aggregated_sig
=== RUN   TestComputeAddSigOnValidNodes/should_work
--- PASS: TestSubroundBlock_NewSubroundBlockNilHasherShouldFail (0.00s)
=== PAUSE TestComputeAddSigOnValidNodes/should_work
=== RUN   TestVerifyInvalidSigners/failed_to_deserialize_invalidSigners_field,_should_error
=== PAUSE TestVerifyInvalidSigners/failed_to_deserialize_invalidSigners_field,_should_error
=== CONT  TestSubroundEndRound_ReceivedBlockHeaderFinalInfoShouldReturnFalseWhenFinalInfoIsNotValid
=== RUN   TestVerifyInvalidSigners/failed_to_verify_low_level_p2p_message,_should_error
=== PAUSE TestVerifyInvalidSigners/failed_to_verify_low_level_p2p_message,_should_error
=== RUN   TestVerifyInvalidSigners/failed_to_verify_signature_share
=== CONT  TestSubroundEndRound_IsOutOfTimeShouldReturnFalse
=== CONT  TestSubroundEndRound_ReceivedBlockHeaderFinalInfoShouldWork
=== CONT  TestSubroundEndRound_IsBlockHeaderFinalInfoValidShouldReturnFalseWhenVerifyLeaderSignatureFails
=== CONT  TestSubroundBlock_NewSubroundBlockNilSyncTimerShouldFail
=== CONT  TestSubroundBlock_NewSubroundBlockNilShardCoordinatorShouldFail
=== CONT  TestSubroundBlock_NewSubroundBlockShouldWork
=== CONT  TestSubroundEndRound_DoEndRoundJobErrAggregatingSigShouldFail
=== CONT  TestSubroundEndRound_NewSubroundEndRoundShouldWork
=== CONT  TestSubroundEndRound_IsBlockHeaderFinalInfoValidShouldReturnFalseWhenVerifySignatureFails
=== CONT  TestNewSubroundSignature
=== CONT  TestNewSubroundEndRound/nil_subround_should_error
=== CONT  TestNewSubroundEndRound/nil_sent_signatures_tracker_should_error
=== CONT  TestNewSubroundEndRound/nil_app_status_handler_should_error
=== CONT  TestNewSubroundEndRound/nil_extend_function_handler_should_error
=== RUN   TestNewSubroundSignature/nil_subround_should_error
=== CONT  TestNewSubroundStartRound/nil_resetConsensusMessages_function_handler_should_error
=== PAUSE TestNewSubroundSignature/nil_subround_should_error
=== RUN   TestNewSubroundSignature/nil_extend_function_handler_should_error
=== PAUSE TestNewSubroundSignature/nil_extend_function_handler_should_error
=== RUN   TestNewSubroundSignature/nil_app_status_handler_should_error
=== PAUSE TestNewSubroundSignature/nil_app_status_handler_should_error
=== RUN   TestSubroundEndRound_DoEndRoundJobByLeaderVerificationFail/not_enough_valid_signature_shares
=== RUN   TestNewSubroundSignature/nil_sent_signatures_tracker_should_error
=== PAUSE TestSubroundEndRound_DoEndRoundJobByLeaderVerificationFail/not_enough_valid_signature_shares
=== CONT  TestNewSubroundStartRound/nil_sent_signatures_tracker_should_error
=== RUN   TestSubroundEndRound_DoEndRoundJobByLeaderVerificationFail/should_work
=== PAUSE TestSubroundEndRound_DoEndRoundJobByLeaderVerificationFail/should_work
=== CONT  TestNewSubroundStartRound/nil_executeStoredMessages_function_handler_should_error
=== CONT  TestNewSubroundStartRound/nil_subround_should_error
=== CONT  TestComputeAddSigOnValidNodes/invalid_number_of_valid_sig_shares
=== CONT  TestComputeAddSigOnValidNodes/fail_to_set_aggregated_sig
=== CONT  TestComputeAddSigOnValidNodes/fail_to_created_aggregated_sig
=== CONT  TestComputeAddSigOnValidNodes/should_work
=== CONT  TestSubroundEndRound_DoEndRoundJobByLeaderVerificationFail/not_enough_valid_signature_shares
--- PASS: TestFactory_SetIndexerShouldWork (0.00s)
=== CONT  TestNewSubroundStartRound/nil_extend_function_handler_should_error
--- PASS: TestSubroundSignature_ReceivedSignatureReturnFalseWhenConsensusDataIsNotEqual (0.00s)
--- PASS: TestSubroundEndRound_DoEndRoundJobErrBroadcastTransactionsOK (0.00s)
--- PASS: TestSubroundStartRound_DoStartRoundShouldReturnTrue (0.00s)
=== CONT  TestSubroundSignature_NewSubroundSignatureNilConsensusStateShouldFail
--- PASS: TestSubroundBlock_NewSubroundBlockNilBlockchainShouldFail (0.00s)
=== RUN   TestVerifyNodesOnAggSigVerificationFail/fail_to_verify_signature_share,_job_done_will_be_set_to_false
--- PASS: TestSubroundSignature_DoSignatureConsensusCheckShouldReturnFalseWhenFallbackThresholdCouldNotBeApplied (0.00s)
=== PAUSE TestVerifyNodesOnAggSigVerificationFail/fail_to_verify_signature_share,_job_done_will_be_set_to_false
=== RUN   TestVerifyNodesOnAggSigVerificationFail/should_work
=== PAUSE TestVerifyNodesOnAggSigVerificationFail/should_work
=== PAUSE TestVerifyInvalidSigners/failed_to_verify_signature_share
=== RUN   TestVerifyInvalidSigners/should_work
=== PAUSE TestVerifyInvalidSigners/should_work
=== CONT  TestVerifyInvalidSigners/failed_to_deserialize_invalidSigners_field,_should_error
=== CONT  TestSubroundBlock_RemainingTimeShouldReturnNegativeValue
=== RUN   TestSubroundStartRound_InitCurrentRoundShouldMetrics/main_key_participant
=== CONT  TestVerifyInvalidSigners/failed_to_verify_signature_share
=== PAUSE TestSubroundStartRound_InitCurrentRoundShouldMetrics/main_key_participant
=== CONT  TestVerifyInvalidSigners/failed_to_verify_low_level_p2p_message,_should_error
=== RUN   TestSubroundStartRound_InitCurrentRoundShouldMetrics/multi_key_participant
=== CONT  TestVerifyInvalidSigners/should_work
=== PAUSE TestSubroundStartRound_InitCurrentRoundShouldMetrics/multi_key_participant
=== CONT  TestSubroundEndRound_getMinConsensusGroupIndexOfManagedKeys
=== RUN   TestSubroundStartRound_InitCurrentRoundShouldMetrics/main_key_leader
=== CONT  TestSubroundSignature_NewSubroundSignatureNilRoundHandlerShouldFail
=== PAUSE TestSubroundStartRound_InitCurrentRoundShouldMetrics/main_key_leader
=== RUN   TestSubroundStartRound_InitCurrentRoundShouldMetrics/managed_key_leader
=== RUN   TestSubroundEndRound_getMinConsensusGroupIndexOfManagedKeys/no_managed_keys_from_consensus_group
=== CONT  TestSubroundEndRound_CreateAndBroadcastInvalidSigners
=== PAUSE TestSubroundStartRound_InitCurrentRoundShouldMetrics/managed_key_leader
=== CONT  TestSubroundStartRound_InitCurrentRoundShouldMetrics/not_in_consensus_node
=== CONT  TestSubroundStartRound_InitCurrentRoundShouldMetrics/main_key_leader
=== PAUSE TestGetFullMessagesForInvalidSigners/empty_p2p_messages_slice_if_not_in_state
=== RUN   TestGetFullMessagesForInvalidSigners/should_work
=== PAUSE TestGetFullMessagesForInvalidSigners/should_work
=== CONT  TestSubroundStartRound_InitCurrentRoundShouldMetrics/main_key_participant
=== CONT  TestGetFullMessagesForInvalidSigners/empty_p2p_messages_slice_if_not_in_state
=== CONT  TestSubroundBlock_DoBlockConsensusCheckShouldReturnFalseWhenBlockIsReceivedReturnFalse
=== CONT  TestGetFullMessagesForInvalidSigners/should_work
=== CONT  TestSubroundEndRound_DoEndRoundJobByLeaderVerificationFail/should_work
=== CONT  TestSubroundStartRound_InitCurrentRoundShouldMetrics/multi_key_participant
--- PASS: TestSubroundStartRound_NewSubroundStartRoundNilSyncTimerShouldFail (0.00s)
--- PASS: TestSubroundStartRound_NewSubroundStartRoundNilValidatorGroupSelectorShouldFail (0.00s)
--- PASS: TestSubroundSignature_DoSignatureConsensusCheckShouldReturnTrueWhenEnoughButNotAllSignaturesCollectedAndTimeIsOut (0.00s)
--- PASS: TestFactory_NewFactoryNilHasherShouldFail (0.00s)
--- PASS: TestSubroundStartRound_NewSubroundStartRoundNilRoundHandlerShouldFail (0.00s)
--- PASS: TestSubroundSignature_DoSignatureConsensusCheckShouldReturnTrueWhenAllSignaturesCollected (0.00s)
--- PASS: TestSubroundStartRound_NewSubroundStartRoundNilConsensusStateShouldFail (0.00s)
--- PASS: TestSubroundStartRound_NewSubroundStartRoundNilMultiSignerContainerShouldFail (0.00s)
--- PASS: TestFactory_GenerateSubroundsShouldWork (0.00s)
--- PASS: TestSubroundSignature_DoSignatureConsensusCheckShouldReturnTrueWhenSubroundIsFinished (0.00s)
--- PASS: TestSubroundSignature_DoSignatureJobWithMultikey (0.00s)
--- PASS: TestSubroundSignature_DoSignatureConsensusCheckShouldReturnTrueWhenSignaturesCollectedReturnTrue (0.00s)
--- PASS: TestSubroundSignature_SignaturesCollected (0.00s)
--- PASS: TestSubroundStartRound_DoStartRoundConsensusCheckShouldReturnTrueWhenRoundIsFinished (0.00s)
=== CONT  TestVerifyNodesOnAggSigVerificationFail/fail_to_get_signature_share
=== CONT  TestVerifyNodesOnAggSigVerificationFail/fail_to_verify_signature_share,_job_done_will_be_set_to_false
=== PAUSE TestSubroundEndRound_ReceivedInvalidSignersInfo/received_message_node_is_not_leader_in_current_round
=== RUN   TestSubroundEndRound_ReceivedInvalidSignersInfo/received_message_from_self_leader_should_return_false
=== PAUSE TestSubroundEndRound_ReceivedInvalidSignersInfo/received_message_from_self_leader_should_return_false
=== RUN   TestSubroundEndRound_ReceivedInvalidSignersInfo/received_message_from_self_multikey_leader_should_return_false
=== PAUSE TestSubroundEndRound_ReceivedInvalidSignersInfo/received_message_from_self_multikey_leader_should_return_false
=== RUN   TestSubroundEndRound_CreateAndBroadcastInvalidSigners/redundancy_node_should_not_send_while_main_is_active
=== RUN   TestSubroundEndRound_ReceivedInvalidSignersInfo/received_hash_does_not_match_the_hash_from_current_consensus_state
=== PAUSE TestSubroundEndRound_ReceivedInvalidSignersInfo/received_hash_does_not_match_the_hash_from_current_consensus_state
=== PAUSE TestSubroundEndRound_CreateAndBroadcastInvalidSigners/redundancy_node_should_not_send_while_main_is_active
=== PAUSE TestNewSubroundSignature/nil_sent_signatures_tracker_should_error
=== RUN   TestSubroundEndRound_CreateAndBroadcastInvalidSigners/should_work
=== CONT  TestNewSubroundSignature/nil_subround_should_error
=== CONT  TestNewSubroundSignature/nil_sent_signatures_tracker_should_error
=== PAUSE TestSubroundEndRound_CreateAndBroadcastInvalidSigners/should_work
=== CONT  TestNewSubroundSignature/nil_extend_function_handler_should_error
=== CONT  TestNewSubroundSignature/nil_app_status_handler_should_error
=== CONT  TestSubroundEndRound_CreateAndBroadcastInvalidSigners/should_work
=== CONT  TestVerifyNodesOnAggSigVerificationFail/should_work
=== CONT  TestSubroundStartRound_InitCurrentRoundShouldMetrics/managed_key_leader
=== RUN   TestSubroundEndRound_ReceivedInvalidSignersInfo/process_received_message_verification_failed,_different_round_index
=== PAUSE TestSubroundEndRound_ReceivedInvalidSignersInfo/process_received_message_verification_failed,_different_round_index
=== RUN   TestSubroundEndRound_ReceivedInvalidSignersInfo/empty_invalid_signers
=== CONT  TestSubroundEndRound_CreateAndBroadcastInvalidSigners/redundancy_node_should_not_send_while_main_is_active
--- PASS: TestSubroundStartRound_DoStartRoundConsensusCheckShouldReturnFalseWhenInitCurrentRoundReturnFalse (0.00s)
--- PASS: TestSubroundStartRound_InitCurrentRoundShouldReturnTrueWhenIsNotInTheConsensusGroup (0.00s)
--- PASS: TestSubroundStartRound_NewSubroundStartRoundShouldWork (0.00s)
--- PASS: TestSubroundSignature_ReceivedSignatureStoreShareFailed (0.00s)
--- PASS: TestSubroundSignature_NewSubroundSignatureShouldWork (0.00s)
--- PASS: TestSubroundStartRound_InitCurrentRoundShouldReturnFalseWhenGetLeaderErr (0.00s)
--- PASS: TestSubroundBlock_ProcessReceivedBlockShouldReturnFalseWhenProcessBlockReturnsInNextRound (0.00s)
--- PASS: TestSubroundSignature_DoSignatureJob (0.00s)
--- PASS: TestSubroundSignature_NewSubroundSignatureNilHasherShouldFail (0.00s)
--- PASS: TestFactory_NewFactoryNilBlockProcessorShouldFail (0.00s)
--- PASS: TestSubroundSignature_NewSubroundSignatureNilMultiSignerContainerShouldFail (0.00s)
--- PASS: TestSubroundStartRound_InitCurrentRoundShouldReturnFalseWhenTimeIsOut (0.00s)
--- PASS: TestSubroundBlock_ProcessReceivedBlockShouldReturnTrue (0.00s)
--- PASS: TestSubroundBlock_ProcessReceivedBlockShouldReturnFalseWhenProcessBlockFails (0.00s)
--- PASS: TestSubroundEndRound_DoEndRoundJobErrCommitBlockShouldFail (0.00s)
--- PASS: TestSubroundEndRound_DoEndRoundJobErrBroadcastBlockOK (0.00s)
--- PASS: TestSubroundStartRound_InitCurrentRoundShouldReturnTrueWhenMainMachineIsActive (0.00s)
--- PASS: TestSubroundEndRound_DoEndRoundJobErrTimeIsOutShouldFail (0.00s)
--- PASS: TestFactory_NewFactoryNilContainerShouldFail (0.00s)
=== PAUSE TestSubroundEndRound_ReceivedInvalidSignersInfo/empty_invalid_signers
--- PASS: TestFactory_NewFactoryNilBlockchainShouldFail (0.00s)
=== RUN   TestSubroundEndRound_ReceivedInvalidSignersInfo/invalid_signers_data
--- PASS: TestSubroundBlock_DoBlockConsensusCheckShouldReturnTrueWhenBlockIsReceivedReturnTrue (0.00s)
--- PASS: TestFactory_NewFactoryNilConsensusStateShouldFail (0.00s)
=== PAUSE TestSubroundEndRound_ReceivedInvalidSignersInfo/invalid_signers_data
--- PASS: TestFactory_NewFactoryNilBootstrapperShouldFail (0.00s)
=== RUN   TestSubroundEndRound_ReceivedInvalidSignersInfo/should_work
--- PASS: TestSubroundSignature_NewSubroundSignatureNilSyncTimerShouldFail (0.00s)
=== PAUSE TestSubroundEndRound_ReceivedInvalidSignersInfo/should_work
=== CONT  TestSubroundEndRound_ReceivedInvalidSignersInfo/consensus_data_is_not_set
--- PASS: TestSubroundSignature_ReceivedSignature (0.00s)
--- PASS: TestFactory_GenerateSubroundEndRoundShouldFailWhenNewSubroundEndRoundFail (0.00s)
=== CONT  TestSubroundEndRound_ReceivedInvalidSignersInfo/should_work
=== CONT  TestSubroundEndRound_ReceivedInvalidSignersInfo/invalid_signers_data
=== CONT  TestSubroundEndRound_ReceivedInvalidSignersInfo/received_message_from_self_multikey_leader_should_return_false
=== CONT  TestSubroundEndRound_ReceivedInvalidSignersInfo/process_received_message_verification_failed,_different_round_index
=== CONT  TestSubroundEndRound_ReceivedInvalidSignersInfo/received_message_from_self_leader_should_return_false
=== CONT  TestSubroundEndRound_ReceivedInvalidSignersInfo/empty_invalid_signers
=== CONT  TestSubroundEndRound_ReceivedInvalidSignersInfo/received_hash_does_not_match_the_hash_from_current_consensus_state
=== CONT  TestSubroundEndRound_ReceivedInvalidSignersInfo/received_message_node_is_not_leader_in_current_round
--- PASS: TestSubroundEndRound_IsOutOfTimeShouldReturnTrue (0.00s)
--- PASS: TestSubroundEndRound_IsBlockHeaderFinalInfoValidShouldReturnTrue (0.00s)
--- PASS: TestSubroundBlock_ProcessReceivedBlockShouldReturnFalseWhenBodyAndHeaderAreNotSet (0.00s)
--- PASS: TestSubroundEndRound_ReceivedBlockHeaderFinalInfoShouldReturnFalseWhenFinalInfoIsNotValid (0.00s)
--- PASS: TestSubroundEndRound_IsOutOfTimeShouldReturnFalse (0.00s)
--- PASS: TestSubroundEndRound_ReceivedBlockHeaderFinalInfoShouldWork (0.00s)
--- PASS: TestSubroundEndRound_IsBlockHeaderFinalInfoValidShouldReturnFalseWhenVerifyLeaderSignatureFails (0.00s)
--- PASS: TestSubroundBlock_NewSubroundBlockNilSyncTimerShouldFail (0.00s)
--- PASS: TestSubroundBlock_NewSubroundBlockNilShardCoordinatorShouldFail (0.00s)
--- PASS: TestSubroundBlock_NewSubroundBlockShouldWork (0.00s)
--- PASS: TestSubroundEndRound_DoEndRoundJobErrAggregatingSigShouldFail (0.00s)
--- PASS: TestSubroundEndRound_NewSubroundEndRoundShouldWork (0.00s)
--- PASS: TestSubroundEndRound_IsBlockHeaderFinalInfoValidShouldReturnFalseWhenVerifySignatureFails (0.00s)
--- PASS: TestNewSubroundEndRound (0.00s)
    --- PASS: TestNewSubroundEndRound/nil_subround_should_error (0.00s)
    --- PASS: TestNewSubroundEndRound/nil_sent_signatures_tracker_should_error (0.00s)
    --- PASS: TestNewSubroundEndRound/nil_app_status_handler_should_error (0.00s)
    --- PASS: TestNewSubroundEndRound/nil_extend_function_handler_should_error (0.00s)
--- PASS: TestNewSubroundStartRound (0.00s)
    --- PASS: TestNewSubroundStartRound/nil_resetConsensusMessages_function_handler_should_error (0.00s)
    --- PASS: TestNewSubroundStartRound/nil_sent_signatures_tracker_should_error (0.00s)
    --- PASS: TestNewSubroundStartRound/nil_executeStoredMessages_function_handler_should_error (0.00s)
    --- PASS: TestNewSubroundStartRound/nil_subround_should_error (0.00s)
    --- PASS: TestNewSubroundStartRound/nil_extend_function_handler_should_error (0.00s)
--- PASS: TestComputeAddSigOnValidNodes (0.00s)
    --- PASS: TestComputeAddSigOnValidNodes/invalid_number_of_valid_sig_shares (0.00s)
    --- PASS: TestComputeAddSigOnValidNodes/fail_to_set_aggregated_sig (0.00s)
    --- PASS: TestComputeAddSigOnValidNodes/fail_to_created_aggregated_sig (0.00s)
    --- PASS: TestComputeAddSigOnValidNodes/should_work (0.00s)
--- PASS: TestSubroundSignature_NewSubroundSignatureNilConsensusStateShouldFail (0.00s)
--- PASS: TestSubroundBlock_RemainingTimeShouldReturnNegativeValue (0.00s)
--- PASS: TestSubroundSignature_NewSubroundSignatureNilRoundHandlerShouldFail (0.00s)
=== RUN   TestSubroundEndRound_getMinConsensusGroupIndexOfManagedKeys/first_managed_key_in_consensus_group_should_return_0
--- PASS: TestSubroundBlock_DoBlockConsensusCheckShouldReturnFalseWhenBlockIsReceivedReturnFalse (0.00s)
--- PASS: TestGetFullMessagesForInvalidSigners (0.00s)
    --- PASS: TestGetFullMessagesForInvalidSigners/should_work (0.00s)
    --- PASS: TestGetFullMessagesForInvalidSigners/empty_p2p_messages_slice_if_not_in_state (0.00s)
=== RUN   TestSubroundEndRound_getMinConsensusGroupIndexOfManagedKeys/third_managed_key_in_consensus_group_should_return_2
--- PASS: TestVerifyInvalidSigners (0.00s)
    --- PASS: TestVerifyInvalidSigners/failed_to_deserialize_invalidSigners_field,_should_error (0.00s)
    --- PASS: TestVerifyInvalidSigners/failed_to_verify_low_level_p2p_message,_should_error (0.00s)
    --- PASS: TestVerifyInvalidSigners/failed_to_verify_signature_share (0.00s)
    --- PASS: TestVerifyInvalidSigners/should_work (0.00s)
--- PASS: TestSubroundEndRound_DoEndRoundJobByLeaderVerificationFail (0.00s)
    --- PASS: TestSubroundEndRound_DoEndRoundJobByLeaderVerificationFail/not_enough_valid_signature_shares (0.00s)
    --- PASS: TestSubroundEndRound_DoEndRoundJobByLeaderVerificationFail/should_work (0.00s)
=== RUN   TestSubroundEndRound_getMinConsensusGroupIndexOfManagedKeys/last_managed_key_in_consensus_group_should_return_8
--- PASS: TestSubroundEndRound_getMinConsensusGroupIndexOfManagedKeys (0.00s)
    --- PASS: TestSubroundEndRound_getMinConsensusGroupIndexOfManagedKeys/no_managed_keys_from_consensus_group (0.00s)
    --- PASS: TestSubroundEndRound_getMinConsensusGroupIndexOfManagedKeys/first_managed_key_in_consensus_group_should_return_0 (0.00s)
    --- PASS: TestSubroundEndRound_getMinConsensusGroupIndexOfManagedKeys/third_managed_key_in_consensus_group_should_return_2 (0.00s)
    --- PASS: TestSubroundEndRound_getMinConsensusGroupIndexOfManagedKeys/last_managed_key_in_consensus_group_should_return_8 (0.00s)
--- PASS: TestNewSubroundSignature (0.00s)
    --- PASS: TestNewSubroundSignature/nil_subround_should_error (0.00s)
    --- PASS: TestNewSubroundSignature/nil_sent_signatures_tracker_should_error (0.00s)
    --- PASS: TestNewSubroundSignature/nil_app_status_handler_should_error (0.00s)
    --- PASS: TestNewSubroundSignature/nil_extend_function_handler_should_error (0.00s)
--- PASS: TestVerifyNodesOnAggSigVerificationFail (0.00s)
    --- PASS: TestVerifyNodesOnAggSigVerificationFail/fail_to_get_signature_share (0.00s)
    --- PASS: TestVerifyNodesOnAggSigVerificationFail/fail_to_verify_signature_share,_job_done_will_be_set_to_false (0.00s)
    --- PASS: TestVerifyNodesOnAggSigVerificationFail/should_work (0.00s)
--- PASS: TestSubroundStartRound_InitCurrentRoundShouldMetrics (0.00s)
    --- PASS: TestSubroundStartRound_InitCurrentRoundShouldMetrics/not_in_consensus_node (0.00s)
    --- PASS: TestSubroundStartRound_InitCurrentRoundShouldMetrics/main_key_leader (0.00s)
    --- PASS: TestSubroundStartRound_InitCurrentRoundShouldMetrics/main_key_participant (0.00s)
    --- PASS: TestSubroundStartRound_InitCurrentRoundShouldMetrics/multi_key_participant (0.00s)
    --- PASS: TestSubroundStartRound_InitCurrentRoundShouldMetrics/managed_key_leader (0.00s)
--- PASS: TestSubroundEndRound_ReceivedInvalidSignersInfo (0.00s)
    --- PASS: TestSubroundEndRound_ReceivedInvalidSignersInfo/consensus_data_is_not_set (0.00s)
    --- PASS: TestSubroundEndRound_ReceivedInvalidSignersInfo/should_work (0.00s)
    --- PASS: TestSubroundEndRound_ReceivedInvalidSignersInfo/invalid_signers_data (0.00s)
    --- PASS: TestSubroundEndRound_ReceivedInvalidSignersInfo/received_message_from_self_multikey_leader_should_return_false (0.00s)
    --- PASS: TestSubroundEndRound_ReceivedInvalidSignersInfo/process_received_message_verification_failed,_different_round_index (0.00s)
    --- PASS: TestSubroundEndRound_ReceivedInvalidSignersInfo/received_message_from_self_leader_should_return_false (0.00s)
    --- PASS: TestSubroundEndRound_ReceivedInvalidSignersInfo/empty_invalid_signers (0.00s)
    --- PASS: TestSubroundEndRound_ReceivedInvalidSignersInfo/received_hash_does_not_match_the_hash_from_current_consensus_state (0.00s)
    --- PASS: TestSubroundEndRound_ReceivedInvalidSignersInfo/received_message_node_is_not_leader_in_current_round (0.00s)
--- PASS: TestSubroundEndRound_CreateAndBroadcastInvalidSigners (0.00s)
    --- PASS: TestSubroundEndRound_CreateAndBroadcastInvalidSigners/should_work (0.00s)
    --- PASS: TestSubroundEndRound_CreateAndBroadcastInvalidSigners/redundancy_node_should_not_send_while_main_is_active (0.00s)
--- PASS: TestSubroundBlock_ReceivedBlockComputeProcessDuration (0.01s)
PASS
ok  	github.com/TerraDharitri/drt-go-chain/consensus/spos/bls/v1	(cached)
=== RUN   TestFactory_GetMessageTypeName
=== PAUSE TestFactory_GetMessageTypeName
=== RUN   TestFactory_NewFactoryNilContainerShouldFail
=== PAUSE TestFactory_NewFactoryNilContainerShouldFail
=== RUN   TestFactory_NewFactoryNilConsensusStateShouldFail
=== PAUSE TestFactory_NewFactoryNilConsensusStateShouldFail
=== RUN   TestFactory_NewFactoryNilBlockchainShouldFail
=== PAUSE TestFactory_NewFactoryNilBlockchainShouldFail
=== RUN   TestFactory_NewFactoryNilBlockProcessorShouldFail
=== PAUSE TestFactory_NewFactoryNilBlockProcessorShouldFail
=== RUN   TestFactory_NewFactoryNilBootstrapperShouldFail
=== PAUSE TestFactory_NewFactoryNilBootstrapperShouldFail
=== RUN   TestFactory_NewFactoryNilChronologyHandlerShouldFail
=== PAUSE TestFactory_NewFactoryNilChronologyHandlerShouldFail
=== RUN   TestFactory_NewFactoryNilHasherShouldFail
=== PAUSE TestFactory_NewFactoryNilHasherShouldFail
=== RUN   TestFactory_NewFactoryNilMarshalizerShouldFail
=== PAUSE TestFactory_NewFactoryNilMarshalizerShouldFail
=== RUN   TestFactory_NewFactoryNilMultiSignerContainerShouldFail
=== PAUSE TestFactory_NewFactoryNilMultiSignerContainerShouldFail
=== RUN   TestFactory_NewFactoryNilRoundHandlerShouldFail
=== PAUSE TestFactory_NewFactoryNilRoundHandlerShouldFail
=== RUN   TestFactory_NewFactoryNilShardCoordinatorShouldFail
=== PAUSE TestFactory_NewFactoryNilShardCoordinatorShouldFail
=== RUN   TestFactory_NewFactoryNilSyncTimerShouldFail
=== PAUSE TestFactory_NewFactoryNilSyncTimerShouldFail
=== RUN   TestFactory_NewFactoryNilValidatorGroupSelectorShouldFail
=== PAUSE TestFactory_NewFactoryNilValidatorGroupSelectorShouldFail
=== RUN   TestFactory_NewFactoryNilWorkerShouldFail
=== PAUSE TestFactory_NewFactoryNilWorkerShouldFail
=== RUN   TestFactory_NewFactoryNilAppStatusHandlerShouldFail
=== PAUSE TestFactory_NewFactoryNilAppStatusHandlerShouldFail
=== RUN   TestFactory_NewFactoryNilSignaturesTrackerShouldFail
=== PAUSE TestFactory_NewFactoryNilSignaturesTrackerShouldFail
=== RUN   TestFactory_NewFactoryNilThrottlerShouldFail
=== PAUSE TestFactory_NewFactoryNilThrottlerShouldFail
=== RUN   TestFactory_NewFactoryShouldWork
=== PAUSE TestFactory_NewFactoryShouldWork
=== RUN   TestFactory_NewFactoryEmptyChainIDShouldFail
=== PAUSE TestFactory_NewFactoryEmptyChainIDShouldFail
=== RUN   TestFactory_GenerateSubroundStartRoundShouldFailWhenNewSubroundFail
=== PAUSE TestFactory_GenerateSubroundStartRoundShouldFailWhenNewSubroundFail
=== RUN   TestFactory_GenerateSubroundStartRoundShouldFailWhenNewSubroundStartRoundFail
=== PAUSE TestFactory_GenerateSubroundStartRoundShouldFailWhenNewSubroundStartRoundFail
=== RUN   TestFactory_GenerateSubroundBlockShouldFailWhenNewSubroundFail
=== PAUSE TestFactory_GenerateSubroundBlockShouldFailWhenNewSubroundFail
=== RUN   TestFactory_GenerateSubroundBlockShouldFailWhenNewSubroundBlockFail
=== PAUSE TestFactory_GenerateSubroundBlockShouldFailWhenNewSubroundBlockFail
=== RUN   TestFactory_GenerateSubroundSignatureShouldFailWhenNewSubroundFail
=== PAUSE TestFactory_GenerateSubroundSignatureShouldFailWhenNewSubroundFail
=== RUN   TestFactory_GenerateSubroundSignatureShouldFailWhenNewSubroundSignatureFail
=== PAUSE TestFactory_GenerateSubroundSignatureShouldFailWhenNewSubroundSignatureFail
=== RUN   TestFactory_GenerateSubroundEndRoundShouldFailWhenNewSubroundFail
=== PAUSE TestFactory_GenerateSubroundEndRoundShouldFailWhenNewSubroundFail
=== RUN   TestFactory_GenerateSubroundEndRoundShouldFailWhenNewSubroundEndRoundFail
=== PAUSE TestFactory_GenerateSubroundEndRoundShouldFailWhenNewSubroundEndRoundFail
=== RUN   TestFactory_GenerateSubroundsShouldWork
=== PAUSE TestFactory_GenerateSubroundsShouldWork
=== RUN   TestFactory_GenerateSubroundsNilOutportShouldFail
=== PAUSE TestFactory_GenerateSubroundsNilOutportShouldFail
=== RUN   TestFactory_SetIndexerShouldWork
=== PAUSE TestFactory_SetIndexerShouldWork
=== RUN   TestSubroundBlock_NewSubroundBlockNilSubroundShouldFail
=== PAUSE TestSubroundBlock_NewSubroundBlockNilSubroundShouldFail
=== RUN   TestSubroundBlock_NewSubroundBlockNilBlockchainShouldFail
=== PAUSE TestSubroundBlock_NewSubroundBlockNilBlockchainShouldFail
=== RUN   TestSubroundBlock_NewSubroundBlockNilBlockProcessorShouldFail
=== PAUSE TestSubroundBlock_NewSubroundBlockNilBlockProcessorShouldFail
=== RUN   TestSubroundBlock_NewSubroundBlockNilConsensusStateShouldFail
=== PAUSE TestSubroundBlock_NewSubroundBlockNilConsensusStateShouldFail
=== RUN   TestSubroundBlock_NewSubroundBlockNilHasherShouldFail
=== PAUSE TestSubroundBlock_NewSubroundBlockNilHasherShouldFail
=== RUN   TestSubroundBlock_NewSubroundBlockNilMarshalizerShouldFail
=== PAUSE TestSubroundBlock_NewSubroundBlockNilMarshalizerShouldFail
=== RUN   TestSubroundBlock_NewSubroundBlockNilMultiSignerContainerShouldFail
=== PAUSE TestSubroundBlock_NewSubroundBlockNilMultiSignerContainerShouldFail
=== RUN   TestSubroundBlock_NewSubroundBlockNilRoundHandlerShouldFail
=== PAUSE TestSubroundBlock_NewSubroundBlockNilRoundHandlerShouldFail
=== RUN   TestSubroundBlock_NewSubroundBlockNilShardCoordinatorShouldFail
=== PAUSE TestSubroundBlock_NewSubroundBlockNilShardCoordinatorShouldFail
=== RUN   TestSubroundBlock_NewSubroundBlockNilSyncTimerShouldFail
=== PAUSE TestSubroundBlock_NewSubroundBlockNilSyncTimerShouldFail
=== RUN   TestSubroundBlock_NewSubroundBlockNilWorkerShouldFail
=== PAUSE TestSubroundBlock_NewSubroundBlockNilWorkerShouldFail
=== RUN   TestSubroundBlock_NewSubroundBlockShouldWork
=== PAUSE TestSubroundBlock_NewSubroundBlockShouldWork
=== RUN   TestSubroundBlock_DoBlockJob
=== PAUSE TestSubroundBlock_DoBlockJob
=== RUN   TestSubroundBlock_ReceivedBlock
=== PAUSE TestSubroundBlock_ReceivedBlock
=== RUN   TestSubroundBlock_ProcessReceivedBlockShouldReturnFalseWhenBodyAndHeaderAreNotSet
=== PAUSE TestSubroundBlock_ProcessReceivedBlockShouldReturnFalseWhenBodyAndHeaderAreNotSet
=== RUN   TestSubroundBlock_ProcessReceivedBlockShouldReturnFalseWhenProcessBlockFails
=== PAUSE TestSubroundBlock_ProcessReceivedBlockShouldReturnFalseWhenProcessBlockFails
=== RUN   TestSubroundBlock_ProcessReceivedBlockShouldReturnFalseWhenProcessBlockReturnsInNextRound
=== PAUSE TestSubroundBlock_ProcessReceivedBlockShouldReturnFalseWhenProcessBlockReturnsInNextRound
=== RUN   TestSubroundBlock_ProcessReceivedBlockShouldReturnTrue
=== PAUSE TestSubroundBlock_ProcessReceivedBlockShouldReturnTrue
=== RUN   TestSubroundBlock_RemainingTimeShouldReturnNegativeValue
=== PAUSE TestSubroundBlock_RemainingTimeShouldReturnNegativeValue
=== RUN   TestSubroundBlock_DoBlockConsensusCheckShouldReturnFalseWhenRoundIsCanceled
=== PAUSE TestSubroundBlock_DoBlockConsensusCheckShouldReturnFalseWhenRoundIsCanceled
=== RUN   TestSubroundBlock_DoBlockConsensusCheckShouldReturnTrueWhenSubroundIsFinished
=== PAUSE TestSubroundBlock_DoBlockConsensusCheckShouldReturnTrueWhenSubroundIsFinished
=== RUN   TestSubroundBlock_DoBlockConsensusCheckShouldReturnTrueWhenBlockIsReceivedReturnTrue
=== PAUSE TestSubroundBlock_DoBlockConsensusCheckShouldReturnTrueWhenBlockIsReceivedReturnTrue
=== RUN   TestSubroundBlock_DoBlockConsensusCheckShouldReturnFalseWhenBlockIsReceivedReturnFalse
=== PAUSE TestSubroundBlock_DoBlockConsensusCheckShouldReturnFalseWhenBlockIsReceivedReturnFalse
=== RUN   TestSubroundBlock_IsBlockReceived
=== PAUSE TestSubroundBlock_IsBlockReceived
=== RUN   TestSubroundBlock_HaveTimeInCurrentSubroundShouldReturnTrue
=== PAUSE TestSubroundBlock_HaveTimeInCurrentSubroundShouldReturnTrue
=== RUN   TestSubroundBlock_HaveTimeInCurrentSuboundShouldReturnFalse
=== PAUSE TestSubroundBlock_HaveTimeInCurrentSuboundShouldReturnFalse
=== RUN   TestSubroundBlock_CreateHeaderNilCurrentHeader
--- PASS: TestSubroundBlock_CreateHeaderNilCurrentHeader (0.00s)
=== RUN   TestSubroundBlock_CreateHeaderNotNilCurrentHeader
--- PASS: TestSubroundBlock_CreateHeaderNotNilCurrentHeader (0.00s)
=== RUN   TestSubroundBlock_CreateHeaderMultipleMiniBlocks
--- PASS: TestSubroundBlock_CreateHeaderMultipleMiniBlocks (0.00s)
=== RUN   TestSubroundBlock_CreateHeaderNilMiniBlocks
--- PASS: TestSubroundBlock_CreateHeaderNilMiniBlocks (0.00s)
=== RUN   TestSubroundBlock_CallFuncRemainingTimeWithStructShouldWork
--- PASS: TestSubroundBlock_CallFuncRemainingTimeWithStructShouldWork (0.20s)
=== RUN   TestSubroundBlock_CallFuncRemainingTimeWithStructShouldNotWork
--- PASS: TestSubroundBlock_CallFuncRemainingTimeWithStructShouldNotWork (0.20s)
=== RUN   TestSubroundBlock_ReceivedBlockComputeProcessDuration
=== PAUSE TestSubroundBlock_ReceivedBlockComputeProcessDuration
=== RUN   TestSubroundBlock_ReceivedBlockComputeProcessDurationWithZeroDurationShouldNotPanic
=== PAUSE TestSubroundBlock_ReceivedBlockComputeProcessDurationWithZeroDurationShouldNotPanic
=== RUN   TestSubroundBlock_ReceivedBlockHeader
=== PAUSE TestSubroundBlock_ReceivedBlockHeader
=== RUN   TestSubroundBlock_GetLeaderForHeader
=== PAUSE TestSubroundBlock_GetLeaderForHeader
=== RUN   TestSubroundBlock_IsInterfaceNil
=== PAUSE TestSubroundBlock_IsInterfaceNil
=== RUN   TestNewSubroundEndRound
=== PAUSE TestNewSubroundEndRound
=== RUN   TestSubroundEndRound_NewSubroundEndRoundNilBlockChainShouldFail
=== PAUSE TestSubroundEndRound_NewSubroundEndRoundNilBlockChainShouldFail
=== RUN   TestSubroundEndRound_NewSubroundEndRoundNilBlockProcessorShouldFail
=== PAUSE TestSubroundEndRound_NewSubroundEndRoundNilBlockProcessorShouldFail
=== RUN   TestSubroundEndRound_NewSubroundEndRoundNilConsensusStateShouldFail
=== PAUSE TestSubroundEndRound_NewSubroundEndRoundNilConsensusStateShouldFail
=== RUN   TestSubroundEndRound_NewSubroundEndRoundNilMultiSignerContainerShouldFail
=== PAUSE TestSubroundEndRound_NewSubroundEndRoundNilMultiSignerContainerShouldFail
=== RUN   TestSubroundEndRound_NewSubroundEndRoundNilRoundHandlerShouldFail
=== PAUSE TestSubroundEndRound_NewSubroundEndRoundNilRoundHandlerShouldFail
=== RUN   TestSubroundEndRound_NewSubroundEndRoundNilSyncTimerShouldFail
=== PAUSE TestSubroundEndRound_NewSubroundEndRoundNilSyncTimerShouldFail
=== RUN   TestSubroundEndRound_NewSubroundEndRoundNilThrottlerShouldFail
=== PAUSE TestSubroundEndRound_NewSubroundEndRoundNilThrottlerShouldFail
=== RUN   TestSubroundEndRound_NewSubroundEndRoundShouldWork
=== PAUSE TestSubroundEndRound_NewSubroundEndRoundShouldWork
=== RUN   TestSubroundEndRound_DoEndRoundJobNilHeaderShouldFail
=== PAUSE TestSubroundEndRound_DoEndRoundJobNilHeaderShouldFail
=== RUN   TestSubroundEndRound_DoEndRoundJobErrAggregatingSigShouldFail
=== PAUSE TestSubroundEndRound_DoEndRoundJobErrAggregatingSigShouldFail
=== RUN   TestSubroundEndRound_DoEndRoundJobErrCommitBlockShouldFail
=== PAUSE TestSubroundEndRound_DoEndRoundJobErrCommitBlockShouldFail
=== RUN   TestSubroundEndRound_DoEndRoundJobErrTimeIsOutShouldFail
=== PAUSE TestSubroundEndRound_DoEndRoundJobErrTimeIsOutShouldFail
=== RUN   TestSubroundEndRound_DoEndRoundJobAllOK
=== PAUSE TestSubroundEndRound_DoEndRoundJobAllOK
=== RUN   TestSubroundEndRound_DoEndRoundConsensusCheckShouldReturnFalseWhenRoundIsCanceled
=== PAUSE TestSubroundEndRound_DoEndRoundConsensusCheckShouldReturnFalseWhenRoundIsCanceled
=== RUN   TestSubroundEndRound_DoEndRoundConsensusCheckShouldReturnTrueWhenRoundIsFinished
=== PAUSE TestSubroundEndRound_DoEndRoundConsensusCheckShouldReturnTrueWhenRoundIsFinished
=== RUN   TestSubroundEndRound_DoEndRoundConsensusCheckShouldReturnFalseWhenRoundIsNotFinished
=== PAUSE TestSubroundEndRound_DoEndRoundConsensusCheckShouldReturnFalseWhenRoundIsNotFinished
=== RUN   TestSubroundEndRound_CheckSignaturesValidityShouldErrNilSignature
=== PAUSE TestSubroundEndRound_CheckSignaturesValidityShouldErrNilSignature
=== RUN   TestSubroundEndRound_CheckSignaturesValidityShouldReturnNil
=== PAUSE TestSubroundEndRound_CheckSignaturesValidityShouldReturnNil
=== RUN   TestSubroundEndRound_CreateAndBroadcastProofShouldBeCalled
=== PAUSE TestSubroundEndRound_CreateAndBroadcastProofShouldBeCalled
=== RUN   TestSubroundEndRound_ReceivedProof
=== PAUSE TestSubroundEndRound_ReceivedProof
=== RUN   TestSubroundEndRound_IsOutOfTimeShouldReturnFalse
=== PAUSE TestSubroundEndRound_IsOutOfTimeShouldReturnFalse
=== RUN   TestSubroundEndRound_IsOutOfTimeShouldReturnTrue
=== PAUSE TestSubroundEndRound_IsOutOfTimeShouldReturnTrue
=== RUN   TestVerifyNodesOnAggSigVerificationFail
=== PAUSE TestVerifyNodesOnAggSigVerificationFail
=== RUN   TestComputeAddSigOnValidNodes
=== PAUSE TestComputeAddSigOnValidNodes
=== RUN   TestSubroundEndRound_DoEndRoundJobByNode
=== PAUSE TestSubroundEndRound_DoEndRoundJobByNode
=== RUN   TestSubroundEndRound_ReceivedInvalidSignersInfo
=== PAUSE TestSubroundEndRound_ReceivedInvalidSignersInfo
=== RUN   TestVerifyInvalidSigners
=== PAUSE TestVerifyInvalidSigners
=== RUN   TestSubroundEndRound_CreateAndBroadcastInvalidSigners
=== PAUSE TestSubroundEndRound_CreateAndBroadcastInvalidSigners
=== RUN   TestGetFullMessagesForInvalidSigners
=== PAUSE TestGetFullMessagesForInvalidSigners
=== RUN   TestSubroundEndRound_getMinConsensusGroupIndexOfManagedKeys
=== PAUSE TestSubroundEndRound_getMinConsensusGroupIndexOfManagedKeys
=== RUN   TestSubroundEndRound_ReceivedSignature
=== PAUSE TestSubroundEndRound_ReceivedSignature
=== RUN   TestSubroundEndRound_ReceivedSignatureStoreShareFailed
=== PAUSE TestSubroundEndRound_ReceivedSignatureStoreShareFailed
=== RUN   TestSubroundEndRound_WaitForProof
=== PAUSE TestSubroundEndRound_WaitForProof
=== RUN   TestSubroundEndRound_GetEquivalentProofSender
=== PAUSE TestSubroundEndRound_GetEquivalentProofSender
=== RUN   TestSubroundEndRound_SendProof
=== PAUSE TestSubroundEndRound_SendProof
=== RUN   TestNewSubroundSignature
=== PAUSE TestNewSubroundSignature
=== RUN   TestSubroundSignature_NewSubroundSignatureNilConsensusStateShouldFail
=== PAUSE TestSubroundSignature_NewSubroundSignatureNilConsensusStateShouldFail
=== RUN   TestSubroundSignature_NewSubroundSignatureNilHasherShouldFail
=== PAUSE TestSubroundSignature_NewSubroundSignatureNilHasherShouldFail
=== RUN   TestSubroundSignature_NewSubroundSignatureNilMultiSignerContainerShouldFail
=== PAUSE TestSubroundSignature_NewSubroundSignatureNilMultiSignerContainerShouldFail
=== RUN   TestSubroundSignature_NewSubroundSignatureNilRoundHandlerShouldFail
=== PAUSE TestSubroundSignature_NewSubroundSignatureNilRoundHandlerShouldFail
=== RUN   TestSubroundSignature_NewSubroundSignatureNilSyncTimerShouldFail
=== PAUSE TestSubroundSignature_NewSubroundSignatureNilSyncTimerShouldFail
=== RUN   TestSubroundSignature_NewSubroundSignatureNilAppStatusHandlerShouldFail
=== PAUSE TestSubroundSignature_NewSubroundSignatureNilAppStatusHandlerShouldFail
=== RUN   TestSubroundSignature_NewSubroundSignatureShouldWork
=== PAUSE TestSubroundSignature_NewSubroundSignatureShouldWork
=== RUN   TestSubroundSignature_DoSignatureJob
=== PAUSE TestSubroundSignature_DoSignatureJob
=== RUN   TestSubroundSignature_SendSignature
=== PAUSE TestSubroundSignature_SendSignature
=== RUN   TestSubroundSignature_DoSignatureJobForManagedKeys
=== PAUSE TestSubroundSignature_DoSignatureJobForManagedKeys
=== RUN   TestSubroundSignature_DoSignatureConsensusCheck
=== PAUSE TestSubroundSignature_DoSignatureConsensusCheck
=== RUN   TestSubroundSignature_DoSignatureConsensusCheckAllSignaturesCollected
=== PAUSE TestSubroundSignature_DoSignatureConsensusCheckAllSignaturesCollected
=== RUN   TestSubroundSignature_DoSignatureConsensusCheckEnoughButNotAllSignaturesCollectedAndTimeIsOut
=== PAUSE TestSubroundSignature_DoSignatureConsensusCheckEnoughButNotAllSignaturesCollectedAndTimeIsOut
=== RUN   TestNewSubroundStartRound
=== PAUSE TestNewSubroundStartRound
=== RUN   TestSubroundStartRound_NewSubroundStartRoundNilBlockChainShouldFail
=== PAUSE TestSubroundStartRound_NewSubroundStartRoundNilBlockChainShouldFail
=== RUN   TestSubroundStartRound_NewSubroundStartRoundNilBootstrapperShouldFail
=== PAUSE TestSubroundStartRound_NewSubroundStartRoundNilBootstrapperShouldFail
=== RUN   TestSubroundStartRound_NewSubroundStartRoundNilConsensusStateShouldFail
=== PAUSE TestSubroundStartRound_NewSubroundStartRoundNilConsensusStateShouldFail
=== RUN   TestSubroundStartRound_NewSubroundStartRoundNilMultiSignerContainerShouldFail
=== PAUSE TestSubroundStartRound_NewSubroundStartRoundNilMultiSignerContainerShouldFail
=== RUN   TestSubroundStartRound_NewSubroundStartRoundNilRoundHandlerShouldFail
=== PAUSE TestSubroundStartRound_NewSubroundStartRoundNilRoundHandlerShouldFail
=== RUN   TestSubroundStartRound_NewSubroundStartRoundNilSyncTimerShouldFail
=== PAUSE TestSubroundStartRound_NewSubroundStartRoundNilSyncTimerShouldFail
=== RUN   TestSubroundStartRound_NewSubroundStartRoundNilValidatorGroupSelectorShouldFail
=== PAUSE TestSubroundStartRound_NewSubroundStartRoundNilValidatorGroupSelectorShouldFail
=== RUN   TestSubroundStartRound_NewSubroundStartRoundShouldWork
=== PAUSE TestSubroundStartRound_NewSubroundStartRoundShouldWork
=== RUN   TestSubroundStartRound_DoStartRoundShouldReturnTrue
=== PAUSE TestSubroundStartRound_DoStartRoundShouldReturnTrue
=== RUN   TestSubroundStartRound_DoStartRoundConsensusCheckShouldReturnFalseWhenRoundIsCanceled
=== PAUSE TestSubroundStartRound_DoStartRoundConsensusCheckShouldReturnFalseWhenRoundIsCanceled
=== RUN   TestSubroundStartRound_DoStartRoundConsensusCheckShouldReturnTrueWhenRoundIsFinished
=== PAUSE TestSubroundStartRound_DoStartRoundConsensusCheckShouldReturnTrueWhenRoundIsFinished
=== RUN   TestSubroundStartRound_DoStartRoundConsensusCheckShouldReturnTrueWhenInitCurrentRoundReturnTrue
=== PAUSE TestSubroundStartRound_DoStartRoundConsensusCheckShouldReturnTrueWhenInitCurrentRoundReturnTrue
=== RUN   TestSubroundStartRound_DoStartRoundConsensusCheckShouldReturnFalseWhenInitCurrentRoundReturnFalse
=== PAUSE TestSubroundStartRound_DoStartRoundConsensusCheckShouldReturnFalseWhenInitCurrentRoundReturnFalse
=== RUN   TestSubroundStartRound_InitCurrentRoundShouldReturnFalseWhenGetNodeStateNotReturnSynchronized
=== PAUSE TestSubroundStartRound_InitCurrentRoundShouldReturnFalseWhenGetNodeStateNotReturnSynchronized
=== RUN   TestSubroundStartRound_InitCurrentRoundShouldReturnFalseWhenGenerateNextConsensusGroupErr
=== PAUSE TestSubroundStartRound_InitCurrentRoundShouldReturnFalseWhenGenerateNextConsensusGroupErr
=== RUN   TestSubroundStartRound_InitCurrentRoundShouldReturnTrueWhenMainMachineIsActive
=== PAUSE TestSubroundStartRound_InitCurrentRoundShouldReturnTrueWhenMainMachineIsActive
=== RUN   TestSubroundStartRound_InitCurrentRoundShouldReturnFalseWhenGetLeaderErr
=== PAUSE TestSubroundStartRound_InitCurrentRoundShouldReturnFalseWhenGetLeaderErr
=== RUN   TestSubroundStartRound_InitCurrentRoundShouldReturnTrueWhenIsNotInTheConsensusGroup
=== PAUSE TestSubroundStartRound_InitCurrentRoundShouldReturnTrueWhenIsNotInTheConsensusGroup
=== RUN   TestSubroundStartRound_InitCurrentRoundShouldReturnFalseWhenTimeIsOut
=== PAUSE TestSubroundStartRound_InitCurrentRoundShouldReturnFalseWhenTimeIsOut
=== RUN   TestSubroundStartRound_InitCurrentRoundShouldReturnTrue
=== PAUSE TestSubroundStartRound_InitCurrentRoundShouldReturnTrue
=== RUN   TestSubroundStartRound_InitCurrentRoundShouldMetrics
=== PAUSE TestSubroundStartRound_InitCurrentRoundShouldMetrics
=== RUN   TestSubroundStartRound_GenerateNextConsensusGroupShouldErrNilHeader
=== PAUSE TestSubroundStartRound_GenerateNextConsensusGroupShouldErrNilHeader
=== RUN   TestSubroundStartRound_InitCurrentRoundShouldReturnFalseWhenResetErr
=== PAUSE TestSubroundStartRound_InitCurrentRoundShouldReturnFalseWhenResetErr
=== RUN   TestSubroundStartRound_IndexRoundIfNeededFailShardIdForEpoch
--- PASS: TestSubroundStartRound_IndexRoundIfNeededFailShardIdForEpoch (0.00s)
=== RUN   TestSubroundStartRound_IndexRoundIfNeededGetValidatorsIndexesShouldNotBeCalled
--- PASS: TestSubroundStartRound_IndexRoundIfNeededGetValidatorsIndexesShouldNotBeCalled (0.00s)
=== RUN   TestSubroundStartRound_IndexRoundIfNeededShouldFullyWork
--- PASS: TestSubroundStartRound_IndexRoundIfNeededShouldFullyWork (0.00s)
=== RUN   TestSubroundStartRound_IndexRoundIfNeededDifferentShardIdFail
--- PASS: TestSubroundStartRound_IndexRoundIfNeededDifferentShardIdFail (0.00s)
=== RUN   TestSubroundStartRound_changeEpoch
=== PAUSE TestSubroundStartRound_changeEpoch
=== RUN   TestSubroundStartRound_GenerateNextConsensusGroupShouldReturnErr
=== PAUSE TestSubroundStartRound_GenerateNextConsensusGroupShouldReturnErr
=== CONT  TestSubroundStartRound_GenerateNextConsensusGroupShouldErrNilHeader
=== CONT  TestFactory_GetMessageTypeName
=== CONT  TestSubroundStartRound_InitCurrentRoundShouldMetrics
=== CONT  TestSubroundStartRound_changeEpoch
=== CONT  TestSubroundStartRound_DoStartRoundConsensusCheckShouldReturnFalseWhenInitCurrentRoundReturnFalse
=== CONT  TestSubroundStartRound_InitCurrentRoundShouldReturnFalseWhenResetErr
=== RUN   TestSubroundStartRound_changeEpoch/error_returned_by_nodes_coordinator_should_error
--- PASS: TestSubroundStartRound_DoStartRoundConsensusCheckShouldReturnFalseWhenInitCurrentRoundReturnFalse (0.00s)
=== CONT  TestSubroundStartRound_DoStartRoundConsensusCheckShouldReturnTrueWhenInitCurrentRoundReturnTrue
--- PASS: TestSubroundStartRound_GenerateNextConsensusGroupShouldErrNilHeader (0.00s)
--- PASS: TestFactory_GetMessageTypeName (0.00s)
=== PAUSE TestSubroundStartRound_changeEpoch/error_returned_by_nodes_coordinator_should_error
=== RUN   TestSubroundStartRound_changeEpoch/success_-_no_panic
--- PASS: TestSubroundStartRound_DoStartRoundConsensusCheckShouldReturnTrueWhenInitCurrentRoundReturnTrue (0.00s)
=== CONT  TestSubroundStartRound_NewSubroundStartRoundNilValidatorGroupSelectorShouldFail
=== PAUSE TestSubroundStartRound_changeEpoch/success_-_no_panic
=== RUN   TestSubroundStartRound_InitCurrentRoundShouldMetrics/not_in_consensus_node
=== PAUSE TestSubroundStartRound_InitCurrentRoundShouldMetrics/not_in_consensus_node
=== CONT  TestSubroundStartRound_NewSubroundStartRoundNilRoundHandlerShouldFail
=== RUN   TestSubroundStartRound_InitCurrentRoundShouldMetrics/main_key_participant
=== CONT  TestSubroundStartRound_NewSubroundStartRoundNilSyncTimerShouldFail
=== CONT  TestSubroundStartRound_NewSubroundStartRoundNilMultiSignerContainerShouldFail
=== PAUSE TestSubroundStartRound_InitCurrentRoundShouldMetrics/main_key_participant
=== RUN   TestSubroundStartRound_InitCurrentRoundShouldMetrics/multi_key_participant
=== PAUSE TestSubroundStartRound_InitCurrentRoundShouldMetrics/multi_key_participant
=== RUN   TestSubroundStartRound_InitCurrentRoundShouldMetrics/main_key_leader
=== PAUSE TestSubroundStartRound_InitCurrentRoundShouldMetrics/main_key_leader
=== RUN   TestSubroundStartRound_InitCurrentRoundShouldMetrics/managed_key_leader
=== PAUSE TestSubroundStartRound_InitCurrentRoundShouldMetrics/managed_key_leader
=== CONT  TestSubroundStartRound_InitCurrentRoundShouldReturnFalseWhenGetLeaderErr
=== CONT  TestNewSubroundStartRound
=== RUN   TestNewSubroundStartRound/nil_subround_should_error
=== PAUSE TestNewSubroundStartRound/nil_subround_should_error
=== CONT  TestSubroundSignature_DoSignatureConsensusCheckEnoughButNotAllSignaturesCollectedAndTimeIsOut
=== CONT  TestSubroundStartRound_NewSubroundStartRoundNilConsensusStateShouldFail
=== RUN   TestNewSubroundStartRound/nil_sent_signatures_tracker_should_error
=== PAUSE TestNewSubroundStartRound/nil_sent_signatures_tracker_should_error
=== RUN   TestNewSubroundStartRound/nil_worker_should_error
=== CONT  TestSubroundSignature_DoSignatureConsensusCheckAllSignaturesCollected
=== PAUSE TestNewSubroundStartRound/nil_worker_should_error
=== RUN   TestSubroundSignature_DoSignatureConsensusCheckAllSignaturesCollected/with_flag_active,_should_return_true
=== RUN   TestSubroundSignature_DoSignatureConsensusCheckEnoughButNotAllSignaturesCollectedAndTimeIsOut/with_flag_active,_should_return_true
=== PAUSE TestSubroundSignature_DoSignatureConsensusCheckAllSignaturesCollected/with_flag_active,_should_return_true
=== CONT  TestSubroundSignature_DoSignatureConsensusCheck
=== CONT  TestSubroundStartRound_NewSubroundStartRoundNilBootstrapperShouldFail
=== PAUSE TestSubroundSignature_DoSignatureConsensusCheckEnoughButNotAllSignaturesCollectedAndTimeIsOut/with_flag_active,_should_return_true
=== CONT  TestNewSubroundEndRound
=== CONT  TestSubroundSignature_DoSignatureJob
=== RUN   TestSubroundSignature_DoSignatureJob/job_done_should_return_false
=== PAUSE TestSubroundSignature_DoSignatureJob/job_done_should_return_false
=== RUN   TestSubroundSignature_DoSignatureJob/nil_header_should_return_false
=== PAUSE TestSubroundSignature_DoSignatureJob/nil_header_should_return_false
=== RUN   TestSubroundSignature_DoSignatureJob/proof_already_received_should_return_true
=== PAUSE TestSubroundSignature_DoSignatureJob/proof_already_received_should_return_true
=== RUN   TestSubroundSignature_DoSignatureJob/single_key_error_should_return_false
=== PAUSE TestSubroundSignature_DoSignatureJob/single_key_error_should_return_false
=== RUN   TestSubroundSignature_DoSignatureJob/single_key_mode_should_work
=== CONT  TestSubroundStartRound_DoStartRoundConsensusCheckShouldReturnTrueWhenRoundIsFinished
=== PAUSE TestSubroundSignature_DoSignatureJob/single_key_mode_should_work
=== CONT  TestSubroundSignature_SendSignature
=== CONT  TestSubroundSignature_NewSubroundSignatureShouldWork
=== CONT  TestSubroundSignature_NewSubroundSignatureNilAppStatusHandlerShouldFail
=== CONT  TestSubroundSignature_NewSubroundSignatureNilSyncTimerShouldFail
=== CONT  TestSubroundSignature_NewSubroundSignatureNilRoundHandlerShouldFail
=== CONT  TestSubroundStartRound_DoStartRoundConsensusCheckShouldReturnFalseWhenRoundIsCanceled
=== CONT  TestSubroundSignature_NewSubroundSignatureNilMultiSignerContainerShouldFail
=== CONT  TestSubroundSignature_NewSubroundSignatureNilHasherShouldFail
=== CONT  TestSubroundSignature_NewSubroundSignatureNilConsensusStateShouldFail
=== CONT  TestNewSubroundSignature
=== CONT  TestSubroundEndRound_SendProof
=== RUN   TestSubroundEndRound_SendProof/existing_proof_should_not_send_again
=== RUN   TestNewSubroundSignature/nil_subround_should_error
=== PAUSE TestSubroundEndRound_SendProof/existing_proof_should_not_send_again
=== RUN   TestSubroundSignature_SendSignature/sendSignatureForManagedKey_will_return_false_because_of_error
=== RUN   TestSubroundSignature_DoSignatureJob/multikey_mode_should_work
=== CONT  TestSubroundStartRound_InitCurrentRoundShouldReturnFalseWhenGetNodeStateNotReturnSynchronized
=== RUN   TestNewSubroundEndRound/nil_subround_should_error
=== PAUSE TestNewSubroundEndRound/nil_subround_should_error
=== RUN   TestNewSubroundEndRound/nil_app_status_handler_should_error
=== PAUSE TestNewSubroundEndRound/nil_app_status_handler_should_error
=== PAUSE TestNewSubroundSignature/nil_subround_should_error
=== RUN   TestNewSubroundSignature/nil_worker_should_error
=== PAUSE TestNewSubroundSignature/nil_worker_should_error
=== RUN   TestNewSubroundSignature/nil_app_status_handler_should_error
=== RUN   TestSubroundEndRound_SendProof/not_enough_signatures_should_not_send_proof
=== PAUSE TestNewSubroundSignature/nil_app_status_handler_should_error
=== PAUSE TestSubroundEndRound_SendProof/not_enough_signatures_should_not_send_proof
=== RUN   TestNewSubroundSignature/nil_sent_signatures_tracker_should_error
=== RUN   TestSubroundEndRound_SendProof/signature_aggregation_failure_should_not_send_proof
=== PAUSE TestNewSubroundSignature/nil_sent_signatures_tracker_should_error
=== PAUSE TestSubroundEndRound_SendProof/signature_aggregation_failure_should_not_send_proof
=== PAUSE TestSubroundSignature_SendSignature/sendSignatureForManagedKey_will_return_false_because_of_error
=== RUN   TestSubroundSignature_SendSignature/sendSignatureForManagedKey_should_be_false
=== PAUSE TestSubroundSignature_SendSignature/sendSignatureForManagedKey_should_be_false
=== RUN   TestSubroundSignature_SendSignature/SentSignature_should_be_called
=== PAUSE TestSubroundSignature_SendSignature/SentSignature_should_be_called
=== CONT  TestSubroundEndRound_GetEquivalentProofSender
=== RUN   TestNewSubroundEndRound/nil_sent_signatures_tracker_should_error
=== PAUSE TestNewSubroundEndRound/nil_sent_signatures_tracker_should_error
=== RUN   TestSubroundEndRound_GetEquivalentProofSender/for_single_key,_return_self_pubkey
=== RUN   TestNewSubroundEndRound/nil_worker_should_error
=== PAUSE TestSubroundEndRound_GetEquivalentProofSender/for_single_key,_return_self_pubkey
=== PAUSE TestNewSubroundEndRound/nil_worker_should_error
=== RUN   TestNewSubroundSignature/nil_signatureThrottler_should_error
=== RUN   TestSubroundEndRound_GetEquivalentProofSender/for_multi_key,_return_random_key
=== PAUSE TestNewSubroundSignature/nil_signatureThrottler_should_error
=== PAUSE TestSubroundEndRound_GetEquivalentProofSender/for_multi_key,_return_random_key
=== PAUSE TestSubroundSignature_DoSignatureJob/multikey_mode_should_work
=== RUN   TestSubroundEndRound_SendProof/no_time_left_should_not_send_proof
=== CONT  TestSubroundEndRound_ReceivedSignature
=== CONT  TestSubroundStartRound_InitCurrentRoundShouldReturnTrueWhenIsNotInTheConsensusGroup
=== CONT  TestGetFullMessagesForInvalidSigners
=== PAUSE TestSubroundEndRound_SendProof/no_time_left_should_not_send_proof
=== RUN   TestGetFullMessagesForInvalidSigners/empty_p2p_messages_slice_if_not_in_state
=== RUN   TestSubroundEndRound_SendProof/broadcast_failure_should_not_send_proof
=== PAUSE TestGetFullMessagesForInvalidSigners/empty_p2p_messages_slice_if_not_in_state
=== CONT  TestSubroundEndRound_CreateAndBroadcastInvalidSigners
=== RUN   TestSubroundEndRound_CreateAndBroadcastInvalidSigners/redundancy_node_should_not_send_while_main_is_active
=== PAUSE TestSubroundEndRound_SendProof/broadcast_failure_should_not_send_proof
=== PAUSE TestSubroundEndRound_CreateAndBroadcastInvalidSigners/redundancy_node_should_not_send_while_main_is_active
=== RUN   TestSubroundEndRound_CreateAndBroadcastInvalidSigners/should_work
=== CONT  TestSubroundStartRound_NewSubroundStartRoundNilBlockChainShouldFail
=== PAUSE TestSubroundEndRound_CreateAndBroadcastInvalidSigners/should_work
=== CONT  TestVerifyInvalidSigners
=== CONT  TestSubroundEndRound_ReceivedInvalidSignersInfo
=== CONT  TestSubroundEndRound_ReceivedSignatureStoreShareFailed
=== CONT  TestSubroundEndRound_DoEndRoundJobByNode
=== RUN   TestSubroundEndRound_ReceivedInvalidSignersInfo/consensus_data_is_not_set
=== RUN   TestSubroundEndRound_DoEndRoundJobByNode/equivalent_messages_flag_enabled_and_message_already_received
=== PAUSE TestSubroundEndRound_ReceivedInvalidSignersInfo/consensus_data_is_not_set
=== RUN   TestSubroundEndRound_ReceivedInvalidSignersInfo/consensus_header_is_not_set
=== PAUSE TestSubroundEndRound_ReceivedInvalidSignersInfo/consensus_header_is_not_set
=== RUN   TestSubroundEndRound_ReceivedInvalidSignersInfo/received_message_node_is_not_leader_in_current_round
=== PAUSE TestSubroundEndRound_ReceivedInvalidSignersInfo/received_message_node_is_not_leader_in_current_round
=== RUN   TestSubroundEndRound_ReceivedInvalidSignersInfo/received_message_from_self_leader_should_return_false
=== PAUSE TestSubroundEndRound_ReceivedInvalidSignersInfo/received_message_from_self_leader_should_return_false
=== RUN   TestSubroundEndRound_ReceivedInvalidSignersInfo/received_message_from_self_multikey_leader_should_return_false
=== RUN   TestVerifyInvalidSigners/failed_to_deserialize_invalidSigners_field,_should_error
=== PAUSE TestSubroundEndRound_ReceivedInvalidSignersInfo/received_message_from_self_multikey_leader_should_return_false
=== PAUSE TestVerifyInvalidSigners/failed_to_deserialize_invalidSigners_field,_should_error
=== RUN   TestSubroundEndRound_ReceivedInvalidSignersInfo/received_hash_does_not_match_the_hash_from_current_consensus_state
=== RUN   TestSubroundEndRound_SendProof/should_send
=== RUN   TestVerifyInvalidSigners/failed_to_verify_low_level_p2p_message,_should_error
=== PAUSE TestSubroundEndRound_ReceivedInvalidSignersInfo/received_hash_does_not_match_the_hash_from_current_consensus_state
=== PAUSE TestVerifyInvalidSigners/failed_to_verify_low_level_p2p_message,_should_error
=== PAUSE TestSubroundEndRound_SendProof/should_send
=== RUN   TestSubroundEndRound_ReceivedInvalidSignersInfo/process_received_message_verification_failed,_different_round_index
=== RUN   TestVerifyInvalidSigners/failed_to_verify_signature_share
=== PAUSE TestSubroundEndRound_DoEndRoundJobByNode/equivalent_messages_flag_enabled_and_message_already_received
=== PAUSE TestVerifyInvalidSigners/failed_to_verify_signature_share
=== RUN   TestSubroundEndRound_DoEndRoundJobByNode/should_work_without_equivalent_messages_flag_active
=== RUN   TestVerifyInvalidSigners/should_work
=== PAUSE TestSubroundEndRound_DoEndRoundJobByNode/should_work_without_equivalent_messages_flag_active
=== PAUSE TestVerifyInvalidSigners/should_work
=== RUN   TestSubroundEndRound_DoEndRoundJobByNode/should_work_with_equivalent_messages_flag_active
=== RUN   TestGetFullMessagesForInvalidSigners/should_work
=== PAUSE TestSubroundEndRound_DoEndRoundJobByNode/should_work_with_equivalent_messages_flag_active
=== PAUSE TestGetFullMessagesForInvalidSigners/should_work
=== RUN   TestSubroundEndRound_DoEndRoundJobByNode/invalid_signers_should_wait_for_more_signatures_then_work
=== CONT  TestSubroundEndRound_IsOutOfTimeShouldReturnTrue
=== PAUSE TestSubroundEndRound_DoEndRoundJobByNode/invalid_signers_should_wait_for_more_signatures_then_work
=== RUN   TestSubroundSignature_DoSignatureConsensusCheck/round_canceled_should_return_false
=== PAUSE TestSubroundSignature_DoSignatureConsensusCheck/round_canceled_should_return_false
=== CONT  TestSubroundEndRound_ReceivedProof
=== RUN   TestSubroundSignature_DoSignatureConsensusCheck/subround_already_finished_should_return_true
=== CONT  TestSubroundSignature_DoSignatureJobForManagedKeys
=== PAUSE TestSubroundSignature_DoSignatureConsensusCheck/subround_already_finished_should_return_true
=== RUN   TestSubroundSignature_DoSignatureJobForManagedKeys/should_work
=== PAUSE TestSubroundSignature_DoSignatureJobForManagedKeys/should_work
=== RUN   TestSubroundSignature_DoSignatureConsensusCheck/sig_collection_done_should_return_true
=== PAUSE TestSubroundSignature_DoSignatureConsensusCheck/sig_collection_done_should_return_true
=== RUN   TestSubroundSignature_DoSignatureConsensusCheck/sig_collection_failed_should_return_false
=== PAUSE TestSubroundSignature_DoSignatureConsensusCheck/sig_collection_failed_should_return_false
=== RUN   TestSubroundSignature_DoSignatureConsensusCheck/not_all_sig_collected_in_time_should_return_false
=== PAUSE TestSubroundSignature_DoSignatureConsensusCheck/not_all_sig_collected_in_time_should_return_false
=== RUN   TestSubroundSignature_DoSignatureConsensusCheck/nil_header_should_return_false
=== PAUSE TestSubroundSignature_DoSignatureConsensusCheck/nil_header_should_return_false
=== RUN   TestSubroundSignature_DoSignatureJobForManagedKeys/should_fail
=== PAUSE TestSubroundSignature_DoSignatureJobForManagedKeys/should_fail
=== RUN   TestSubroundSignature_DoSignatureConsensusCheck/node_not_in_consensus_group_should_return_true
=== CONT  TestSubroundEndRound_getMinConsensusGroupIndexOfManagedKeys
=== PAUSE TestSubroundSignature_DoSignatureConsensusCheck/node_not_in_consensus_group_should_return_true
=== CONT  TestComputeAddSigOnValidNodes
=== RUN   TestComputeAddSigOnValidNodes/invalid_number_of_valid_sig_shares
=== RUN   TestSubroundEndRound_getMinConsensusGroupIndexOfManagedKeys/no_managed_keys_from_consensus_group
=== PAUSE TestComputeAddSigOnValidNodes/invalid_number_of_valid_sig_shares
=== RUN   TestComputeAddSigOnValidNodes/fail_to_created_aggregated_sig
=== PAUSE TestComputeAddSigOnValidNodes/fail_to_created_aggregated_sig
=== CONT  TestSubroundEndRound_CheckSignaturesValidityShouldReturnNil
=== RUN   TestComputeAddSigOnValidNodes/fail_to_set_aggregated_sig
=== PAUSE TestComputeAddSigOnValidNodes/fail_to_set_aggregated_sig
=== RUN   TestComputeAddSigOnValidNodes/should_work
=== PAUSE TestComputeAddSigOnValidNodes/should_work
=== CONT  TestSubroundStartRound_DoStartRoundShouldReturnTrue
=== CONT  TestSubroundEndRound_DoEndRoundConsensusCheckShouldReturnFalseWhenRoundIsNotFinished
=== CONT  TestSubroundEndRound_DoEndRoundConsensusCheckShouldReturnFalseWhenRoundIsCanceled
=== CONT  TestSubroundEndRound_DoEndRoundJobAllOK
=== CONT  TestSubroundEndRound_DoEndRoundConsensusCheckShouldReturnTrueWhenRoundIsFinished
=== CONT  TestSubroundStartRound_InitCurrentRoundShouldReturnTrueWhenMainMachineIsActive
=== CONT  TestSubroundEndRound_DoEndRoundJobErrTimeIsOutShouldFail
=== CONT  TestSubroundEndRound_DoEndRoundJobErrCommitBlockShouldFail
=== CONT  TestSubroundEndRound_DoEndRoundJobErrAggregatingSigShouldFail
=== CONT  TestSubroundEndRound_DoEndRoundJobNilHeaderShouldFail
=== CONT  TestSubroundStartRound_InitCurrentRoundShouldReturnFalseWhenGenerateNextConsensusGroupErr
=== CONT  TestSubroundEndRound_NewSubroundEndRoundShouldWork
=== CONT  TestSubroundEndRound_NewSubroundEndRoundNilThrottlerShouldFail
=== CONT  TestSubroundEndRound_NewSubroundEndRoundNilSyncTimerShouldFail
=== CONT  TestSubroundEndRound_NewSubroundEndRoundNilRoundHandlerShouldFail
=== RUN   TestSubroundEndRound_ReceivedProof/should_work
=== CONT  TestSubroundEndRound_NewSubroundEndRoundNilMultiSignerContainerShouldFail
=== CONT  TestSubroundEndRound_NewSubroundEndRoundNilConsensusStateShouldFail
=== PAUSE TestSubroundEndRound_ReceivedProof/should_work
=== CONT  TestSubroundStartRound_NewSubroundStartRoundShouldWork
=== RUN   TestSubroundEndRound_ReceivedProof/should_early_return_when_job_is_already_done
=== CONT  TestSubroundEndRound_NewSubroundEndRoundNilBlockChainShouldFail
=== PAUSE TestSubroundEndRound_ReceivedProof/should_early_return_when_job_is_already_done
=== CONT  TestSubroundBlock_IsInterfaceNil
=== RUN   TestSubroundEndRound_ReceivedProof/should_early_return_when_header_is_nil
=== CONT  TestSubroundBlock_GetLeaderForHeader
=== RUN   TestSubroundBlock_GetLeaderForHeader/should_fail_if_not_able_to_compute_consensus_group
=== CONT  TestSubroundBlock_ReceivedBlockHeader
=== PAUSE TestSubroundBlock_GetLeaderForHeader/should_fail_if_not_able_to_compute_consensus_group
=== RUN   TestSubroundBlock_GetLeaderForHeader/should_work
=== PAUSE TestSubroundBlock_GetLeaderForHeader/should_work
=== CONT  TestSubroundEndRound_WaitForProof
=== RUN   TestSubroundEndRound_WaitForProof/should_return_true_if_there_is_proof
=== PAUSE TestSubroundEndRound_WaitForProof/should_return_true_if_there_is_proof
=== RUN   TestSubroundEndRound_WaitForProof/should_return_true_after_waiting_and_finding_proof
=== PAUSE TestSubroundEndRound_WaitForProof/should_return_true_after_waiting_and_finding_proof
=== RUN   TestSubroundEndRound_WaitForProof/should_return_false_on_timeout
=== PAUSE TestSubroundEndRound_WaitForProof/should_return_false_on_timeout
=== CONT  TestSubroundBlock_NewSubroundBlockNilSubroundShouldFail
=== CONT  TestSubroundBlock_HaveTimeInCurrentSuboundShouldReturnFalse
=== CONT  TestSubroundBlock_ReceivedBlockComputeProcessDuration
=== PAUSE TestSubroundEndRound_ReceivedProof/should_early_return_when_header_is_nil
=== RUN   TestSubroundEndRound_ReceivedProof/should_early_return_when_header_is_not_for_current_consensus
=== PAUSE TestSubroundEndRound_ReceivedProof/should_early_return_when_header_is_not_for_current_consensus
=== RUN   TestSubroundEndRound_ReceivedProof/should_early_return_when_proof_is_not_valid
=== PAUSE TestSubroundEndRound_ReceivedProof/should_early_return_when_proof_is_not_valid
=== RUN   TestSubroundEndRound_ReceivedProof/should_early_return_when_consensus_data_is_not_set
=== CONT  TestSubroundBlock_IsBlockReceived
=== PAUSE TestSubroundEndRound_ReceivedProof/should_early_return_when_consensus_data_is_not_set
=== RUN   TestSubroundEndRound_ReceivedProof/should_early_return_when_sender_is_not_in_consensus_group
=== PAUSE TestSubroundEndRound_ReceivedProof/should_early_return_when_sender_is_not_in_consensus_group
=== RUN   TestSubroundEndRound_ReceivedProof/should_early_return_when_sender_is_self
=== PAUSE TestSubroundEndRound_ReceivedProof/should_early_return_when_sender_is_self
=== CONT  TestSubroundBlock_DoBlockConsensusCheckShouldReturnFalseWhenBlockIsReceivedReturnFalse
=== RUN   TestSubroundEndRound_ReceivedProof/should_early_return_when_different_data_is_received
=== PAUSE TestSubroundEndRound_ReceivedProof/should_early_return_when_different_data_is_received
=== RUN   TestSubroundEndRound_ReceivedProof/should_early_return_when_proof_already_received
=== PAUSE TestSubroundEndRound_ReceivedProof/should_early_return_when_proof_already_received
=== CONT  TestSubroundBlock_HaveTimeInCurrentSubroundShouldReturnTrue
=== CONT  TestSubroundStartRound_changeEpoch/error_returned_by_nodes_coordinator_should_error
=== CONT  TestSubroundBlock_DoBlockConsensusCheckShouldReturnTrueWhenBlockIsReceivedReturnTrue
=== CONT  TestSubroundStartRound_GenerateNextConsensusGroupShouldReturnErr
=== CONT  TestSubroundBlock_DoBlockConsensusCheckShouldReturnTrueWhenSubroundIsFinished
=== CONT  TestSubroundBlock_DoBlockConsensusCheckShouldReturnFalseWhenRoundIsCanceled
=== CONT  TestSubroundBlock_RemainingTimeShouldReturnNegativeValue
=== CONT  TestSubroundBlock_ProcessReceivedBlockShouldReturnTrue
=== CONT  TestSubroundBlock_ProcessReceivedBlockShouldReturnFalseWhenProcessBlockReturnsInNextRound
=== CONT  TestSubroundBlock_ProcessReceivedBlockShouldReturnFalseWhenProcessBlockFails
=== CONT  TestVerifyNodesOnAggSigVerificationFail
=== CONT  TestSubroundBlock_DoBlockJob
=== RUN   TestVerifyNodesOnAggSigVerificationFail/fail_to_get_signature_share
=== PAUSE TestSubroundEndRound_ReceivedInvalidSignersInfo/process_received_message_verification_failed,_different_round_index
=== PAUSE TestVerifyNodesOnAggSigVerificationFail/fail_to_get_signature_share
=== RUN   TestSubroundEndRound_ReceivedInvalidSignersInfo/empty_invalid_signers
=== PAUSE TestSubroundEndRound_ReceivedInvalidSignersInfo/empty_invalid_signers
=== RUN   TestVerifyNodesOnAggSigVerificationFail/fail_to_verify_signature_share,_job_done_will_be_set_to_false
=== PAUSE TestVerifyNodesOnAggSigVerificationFail/fail_to_verify_signature_share,_job_done_will_be_set_to_false
=== RUN   TestVerifyNodesOnAggSigVerificationFail/fail_to_verify_signature_share,_an_element_will_return_an_error_on_SignatureShare,_should_not_panic
=== RUN   TestSubroundEndRound_ReceivedInvalidSignersInfo/invalid_signers_cache_already_has_this_message
=== PAUSE TestSubroundEndRound_ReceivedInvalidSignersInfo/invalid_signers_cache_already_has_this_message
=== RUN   TestSubroundEndRound_ReceivedInvalidSignersInfo/invalid_signers_data
=== PAUSE TestSubroundEndRound_ReceivedInvalidSignersInfo/invalid_signers_data
=== RUN   TestSubroundEndRound_ReceivedInvalidSignersInfo/should_work
=== PAUSE TestSubroundEndRound_ReceivedInvalidSignersInfo/should_work
=== CONT  TestSubroundStartRound_InitCurrentRoundShouldReturnTrue
=== CONT  TestSubroundBlock_NewSubroundBlockShouldWork
=== CONT  TestSubroundBlock_NewSubroundBlockNilWorkerShouldFail
=== CONT  TestSubroundBlock_NewSubroundBlockNilSyncTimerShouldFail
--- PASS: TestSubroundStartRound_NewSubroundStartRoundNilValidatorGroupSelectorShouldFail (0.00s)
=== CONT  TestSubroundStartRound_InitCurrentRoundShouldReturnFalseWhenTimeIsOut
--- PASS: TestSubroundStartRound_InitCurrentRoundShouldReturnFalseWhenResetErr (0.00s)
--- PASS: TestSubroundStartRound_NewSubroundStartRoundNilRoundHandlerShouldFail (0.00s)
--- PASS: TestSubroundStartRound_NewSubroundStartRoundNilSyncTimerShouldFail (0.00s)
--- PASS: TestSubroundStartRound_NewSubroundStartRoundNilMultiSignerContainerShouldFail (0.00s)
--- PASS: TestSubroundStartRound_InitCurrentRoundShouldReturnFalseWhenGetLeaderErr (0.00s)
--- PASS: TestSubroundStartRound_NewSubroundStartRoundNilConsensusStateShouldFail (0.00s)
=== CONT  TestSubroundBlock_NewSubroundBlockNilRoundHandlerShouldFail
=== CONT  TestSubroundBlock_NewSubroundBlockNilShardCoordinatorShouldFail
=== CONT  TestSubroundBlock_NewSubroundBlockNilMarshalizerShouldFail
=== CONT  TestSubroundBlock_NewSubroundBlockNilMultiSignerContainerShouldFail
=== CONT  TestSubroundBlock_NewSubroundBlockNilHasherShouldFail
=== CONT  TestSubroundBlock_NewSubroundBlockNilConsensusStateShouldFail
--- PASS: TestSubroundStartRound_NewSubroundStartRoundNilBootstrapperShouldFail (0.00s)
--- PASS: TestSubroundBlock_NewSubroundBlockNilMultiSignerContainerShouldFail (0.00s)
=== CONT  TestSubroundStartRound_changeEpoch/success_-_no_panic
=== CONT  TestSubroundBlock_NewSubroundBlockNilBlockProcessorShouldFail
--- PASS: TestSubroundSignature_NewSubroundSignatureShouldWork (0.00s)
=== CONT  TestSubroundEndRound_CreateAndBroadcastProofShouldBeCalled
=== CONT  TestFactory_NewFactoryNilAppStatusHandlerShouldFail
=== CONT  TestFactory_SetIndexerShouldWork
=== CONT  TestFactory_GenerateSubroundsNilOutportShouldFail
=== CONT  TestSubroundBlock_ProcessReceivedBlockShouldReturnFalseWhenBodyAndHeaderAreNotSet
=== CONT  TestFactory_GenerateSubroundsShouldWork
=== CONT  TestFactory_GenerateSubroundEndRoundShouldFailWhenNewSubroundEndRoundFail
=== CONT  TestFactory_GenerateSubroundEndRoundShouldFailWhenNewSubroundFail
=== CONT  TestFactory_GenerateSubroundSignatureShouldFailWhenNewSubroundSignatureFail
=== CONT  TestSubroundBlock_ReceivedBlock
=== CONT  TestFactory_GenerateSubroundBlockShouldFailWhenNewSubroundBlockFail
=== CONT  TestFactory_GenerateSubroundBlockShouldFailWhenNewSubroundFail
=== CONT  TestFactory_GenerateSubroundStartRoundShouldFailWhenNewSubroundStartRoundFail
=== CONT  TestFactory_GenerateSubroundStartRoundShouldFailWhenNewSubroundFail
=== CONT  TestFactory_NewFactoryEmptyChainIDShouldFail
=== CONT  TestFactory_NewFactoryShouldWork
=== CONT  TestSubroundEndRound_CheckSignaturesValidityShouldErrNilSignature
=== RUN   TestSubroundBlock_DoBlockJob/not_leader_should_return_false
=== CONT  TestSubroundEndRound_IsOutOfTimeShouldReturnFalse
=== CONT  TestSubroundEndRound_NewSubroundEndRoundNilBlockProcessorShouldFail
=== PAUSE TestVerifyNodesOnAggSigVerificationFail/fail_to_verify_signature_share,_an_element_will_return_an_error_on_SignatureShare,_should_not_panic
=== CONT  TestSubroundBlock_ReceivedBlockComputeProcessDurationWithZeroDurationShouldNotPanic
=== RUN   TestVerifyNodesOnAggSigVerificationFail/should_work
=== CONT  TestSubroundBlock_NewSubroundBlockNilBlockchainShouldFail
--- PASS: TestSubroundSignature_NewSubroundSignatureNilAppStatusHandlerShouldFail (0.00s)
--- PASS: TestSubroundSignature_NewSubroundSignatureNilSyncTimerShouldFail (0.00s)
--- PASS: TestSubroundSignature_NewSubroundSignatureNilRoundHandlerShouldFail (0.00s)
--- PASS: TestSubroundSignature_NewSubroundSignatureNilMultiSignerContainerShouldFail (0.00s)
--- PASS: TestSubroundStartRound_DoStartRoundConsensusCheckShouldReturnFalseWhenRoundIsCanceled (0.00s)
--- PASS: TestSubroundSignature_NewSubroundSignatureNilHasherShouldFail (0.00s)
--- PASS: TestSubroundSignature_NewSubroundSignatureNilConsensusStateShouldFail (0.00s)
--- PASS: TestSubroundStartRound_InitCurrentRoundShouldReturnFalseWhenGetNodeStateNotReturnSynchronized (0.00s)
--- PASS: TestSubroundEndRound_ReceivedSignature (0.00s)
--- PASS: TestSubroundBlock_ReceivedBlock (0.00s)
=== CONT  TestFactory_GenerateSubroundSignatureShouldFailWhenNewSubroundFail
=== CONT  TestFactory_NewFactoryNilShardCoordinatorShouldFail
--- PASS: TestSubroundStartRound_NewSubroundStartRoundNilBlockChainShouldFail (0.00s)
--- PASS: TestSubroundEndRound_ReceivedSignatureStoreShareFailed (0.00s)
--- PASS: TestSubroundEndRound_IsOutOfTimeShouldReturnTrue (0.00s)
=== CONT  TestFactory_NewFactoryNilThrottlerShouldFail
--- PASS: TestSubroundEndRound_CheckSignaturesValidityShouldReturnNil (0.00s)
=== RUN   TestSubroundEndRound_getMinConsensusGroupIndexOfManagedKeys/first_managed_key_in_consensus_group_should_return_0
=== CONT  TestFactory_NewFactoryNilMultiSignerContainerShouldFail
=== CONT  TestFactory_NewFactoryNilMarshalizerShouldFail
=== CONT  TestFactory_NewFactoryNilBootstrapperShouldFail
=== CONT  TestFactory_NewFactoryNilHasherShouldFail
=== CONT  TestFactory_NewFactoryNilBlockProcessorShouldFail
=== CONT  TestFactory_NewFactoryNilBlockchainShouldFail
=== CONT  TestFactory_NewFactoryNilSignaturesTrackerShouldFail
=== CONT  TestFactory_NewFactoryNilConsensusStateShouldFail
=== CONT  TestFactory_NewFactoryNilWorkerShouldFail
=== CONT  TestSubroundStartRound_InitCurrentRoundShouldMetrics/not_in_consensus_node
=== CONT  TestSubroundStartRound_InitCurrentRoundShouldMetrics/main_key_leader
=== CONT  TestFactory_NewFactoryNilContainerShouldFail
=== CONT  TestSubroundStartRound_InitCurrentRoundShouldMetrics/managed_key_leader
=== CONT  TestNewSubroundStartRound/nil_subround_should_error
=== CONT  TestSubroundSignature_DoSignatureConsensusCheckAllSignaturesCollected/with_flag_active,_should_return_true
=== CONT  TestNewSubroundStartRound/nil_worker_should_error
=== CONT  TestNewSubroundStartRound/nil_sent_signatures_tracker_should_error
=== CONT  TestFactory_NewFactoryNilValidatorGroupSelectorShouldFail
=== CONT  TestSubroundSignature_SendSignature/sendSignatureForManagedKey_will_return_false_because_of_error
=== CONT  TestSubroundSignature_SendSignature/sendSignatureForManagedKey_should_be_false
=== CONT  TestSubroundSignature_SendSignature/SentSignature_should_be_called
=== CONT  TestNewSubroundEndRound/nil_subround_should_error
=== CONT  TestNewSubroundEndRound/nil_sent_signatures_tracker_should_error
=== CONT  TestNewSubroundEndRound/nil_app_status_handler_should_error
=== CONT  TestSubroundSignature_DoSignatureConsensusCheckEnoughButNotAllSignaturesCollectedAndTimeIsOut/with_flag_active,_should_return_true
=== CONT  TestSubroundEndRound_GetEquivalentProofSender/for_single_key,_return_self_pubkey
=== CONT  TestSubroundSignature_DoSignatureJob/job_done_should_return_false
=== CONT  TestSubroundStartRound_InitCurrentRoundShouldMetrics/multi_key_participant
=== CONT  TestNewSubroundSignature/nil_subround_should_error
=== CONT  TestNewSubroundSignature/nil_sent_signatures_tracker_should_error
=== CONT  TestNewSubroundSignature/nil_signatureThrottler_should_error
=== CONT  TestNewSubroundSignature/nil_app_status_handler_should_error
=== CONT  TestSubroundSignature_DoSignatureJob/single_key_mode_should_work
=== CONT  TestNewSubroundSignature/nil_worker_should_error
=== CONT  TestSubroundSignature_DoSignatureJob/single_key_error_should_return_false
=== CONT  TestNewSubroundEndRound/nil_worker_should_error
=== CONT  TestSubroundSignature_DoSignatureJob/nil_header_should_return_false
=== CONT  TestSubroundSignature_DoSignatureJob/multikey_mode_should_work
=== CONT  TestSubroundEndRound_CreateAndBroadcastInvalidSigners/redundancy_node_should_not_send_while_main_is_active
=== CONT  TestSubroundEndRound_CreateAndBroadcastInvalidSigners/should_work
=== CONT  TestSubroundEndRound_SendProof/existing_proof_should_not_send_again
[0;31mERROR[0m[2026-03-16 10:13:37.408]   doSignatureJob                           [0;31merror[0m = header is nil 
=== CONT  TestSubroundEndRound_SendProof/should_send
=== CONT  TestSubroundEndRound_SendProof/broadcast_failure_should_not_send_proof
=== CONT  TestSubroundEndRound_SendProof/no_time_left_should_not_send_proof
=== CONT  TestSubroundEndRound_SendProof/signature_aggregation_failure_should_not_send_proof
[0;33mWARN [0m[2026-03-16 10:13:37.408]   sendProof.createAndBroadcastProof        [0;33merror[0m = expected error 
=== CONT  TestSubroundEndRound_SendProof/not_enough_signatures_should_not_send_proof
=== CONT  TestGetFullMessagesForInvalidSigners/empty_p2p_messages_slice_if_not_in_state
=== CONT  TestVerifyInvalidSigners/failed_to_deserialize_invalidSigners_field,_should_error
=== CONT  TestVerifyInvalidSigners/should_work
=== CONT  TestVerifyInvalidSigners/failed_to_verify_signature_share
=== CONT  TestVerifyInvalidSigners/failed_to_verify_low_level_p2p_message,_should_error
=== CONT  TestSubroundSignature_DoSignatureJob/proof_already_received_should_return_true
=== CONT  TestGetFullMessagesForInvalidSigners/should_work
=== CONT  TestSubroundEndRound_DoEndRoundJobByNode/equivalent_messages_flag_enabled_and_message_already_received
=== CONT  TestSubroundEndRound_DoEndRoundJobByNode/invalid_signers_should_wait_for_more_signatures_then_work
=== CONT  TestFactory_NewFactoryNilRoundHandlerShouldFail
=== CONT  TestSubroundEndRound_DoEndRoundJobByNode/should_work_with_equivalent_messages_flag_active
=== CONT  TestSubroundSignature_DoSignatureJobForManagedKeys/should_work
=== CONT  TestSubroundSignature_DoSignatureConsensusCheck/round_canceled_should_return_false
=== CONT  TestSubroundSignature_DoSignatureJobForManagedKeys/should_fail
=== CONT  TestSubroundSignature_DoSignatureConsensusCheck/not_all_sig_collected_in_time_should_return_false
--- PASS: TestFactory_NewFactoryNilThrottlerShouldFail (0.00s)
=== CONT  TestSubroundSignature_DoSignatureConsensusCheck/node_not_in_consensus_group_should_return_true
=== CONT  TestSubroundSignature_DoSignatureConsensusCheck/nil_header_should_return_false
=== PAUSE TestSubroundBlock_DoBlockJob/not_leader_should_return_false
=== CONT  TestSubroundSignature_DoSignatureConsensusCheck/subround_already_finished_should_return_true
=== RUN   TestSubroundBlock_DoBlockJob/round_index_lower_than_last_committed_block_should_return_false
=== CONT  TestComputeAddSigOnValidNodes/invalid_number_of_valid_sig_shares
=== CONT  TestComputeAddSigOnValidNodes/fail_to_set_aggregated_sig
=== PAUSE TestSubroundBlock_DoBlockJob/round_index_lower_than_last_committed_block_should_return_false
=== RUN   TestSubroundBlock_DoBlockJob/leader_job_done_should_return_false
=== CONT  TestComputeAddSigOnValidNodes/should_work
=== PAUSE TestSubroundBlock_DoBlockJob/leader_job_done_should_return_false
=== RUN   TestSubroundBlock_DoBlockJob/subround_finished_should_return_false
=== CONT  TestSubroundStartRound_InitCurrentRoundShouldMetrics/main_key_participant
=== PAUSE TestSubroundBlock_DoBlockJob/subround_finished_should_return_false
=== RUN   TestSubroundBlock_DoBlockJob/create_header_error_should_return_false
=== CONT  TestComputeAddSigOnValidNodes/fail_to_created_aggregated_sig
=== PAUSE TestSubroundBlock_DoBlockJob/create_header_error_should_return_false
=== RUN   TestSubroundBlock_DoBlockJob/create_block_error_should_return_false
=== PAUSE TestSubroundBlock_DoBlockJob/create_block_error_should_return_false
=== CONT  TestSubroundBlock_GetLeaderForHeader/should_work
=== CONT  TestSubroundEndRound_WaitForProof/should_return_true_if_there_is_proof
=== RUN   TestSubroundBlock_DoBlockJob/sign_block_header_failure_should_return_false
=== PAUSE TestSubroundBlock_DoBlockJob/sign_block_header_failure_should_return_false
=== RUN   TestSubroundBlock_DoBlockJob/set_leader_signature_failure_should_return_false
=== CONT  TestSubroundEndRound_WaitForProof/should_return_false_on_timeout
=== PAUSE TestSubroundBlock_DoBlockJob/set_leader_signature_failure_should_return_false
=== RUN   TestSubroundBlock_DoBlockJob/send_block_error_should_return_false
=== PAUSE TestSubroundBlock_DoBlockJob/send_block_error_should_return_false
=== RUN   TestSubroundBlock_DoBlockJob/should_work
=== PAUSE TestSubroundBlock_DoBlockJob/should_work
--- PASS: TestSubroundStartRound_DoStartRoundShouldReturnTrue (0.00s)
--- PASS: TestSubroundEndRound_DoEndRoundConsensusCheckShouldReturnFalseWhenRoundIsNotFinished (0.00s)
--- PASS: TestSubroundEndRound_DoEndRoundJobAllOK (0.00s)
=== CONT  TestSubroundSignature_DoSignatureConsensusCheck/sig_collection_done_should_return_true
=== CONT  TestSubroundEndRound_ReceivedProof/should_early_return_when_sender_is_not_in_consensus_group
=== CONT  TestSubroundEndRound_ReceivedProof/should_early_return_when_header_is_not_for_current_consensus
=== CONT  TestSubroundEndRound_ReceivedProof/should_work
=== CONT  TestSubroundEndRound_ReceivedProof/should_early_return_when_consensus_data_is_not_set
=== CONT  TestSubroundEndRound_ReceivedProof/should_early_return_when_different_data_is_received
=== CONT  TestSubroundEndRound_ReceivedProof/should_early_return_when_proof_is_not_valid
=== CONT  TestSubroundEndRound_ReceivedProof/should_early_return_when_proof_already_received
=== CONT  TestSubroundEndRound_ReceivedProof/should_early_return_when_sender_is_self
=== CONT  TestSubroundEndRound_ReceivedProof/should_early_return_when_job_is_already_done
=== CONT  TestSubroundEndRound_ReceivedProof/should_early_return_when_header_is_nil
=== CONT  TestFactory_NewFactoryNilChronologyHandlerShouldFail
=== CONT  TestSubroundEndRound_ReceivedInvalidSignersInfo/consensus_data_is_not_set
=== CONT  TestSubroundEndRound_ReceivedInvalidSignersInfo/process_received_message_verification_failed,_different_round_index
=== CONT  TestSubroundEndRound_ReceivedInvalidSignersInfo/invalid_signers_data
=== CONT  TestSubroundSignature_DoSignatureConsensusCheck/sig_collection_failed_should_return_false
=== CONT  TestSubroundEndRound_ReceivedInvalidSignersInfo/empty_invalid_signers
=== CONT  TestSubroundEndRound_ReceivedInvalidSignersInfo/invalid_signers_cache_already_has_this_message
=== CONT  TestSubroundEndRound_ReceivedInvalidSignersInfo/received_message_node_is_not_leader_in_current_round
=== CONT  TestSubroundEndRound_ReceivedInvalidSignersInfo/received_hash_does_not_match_the_hash_from_current_consensus_state
=== CONT  TestSubroundEndRound_ReceivedInvalidSignersInfo/received_message_from_self_multikey_leader_should_return_false
=== CONT  TestSubroundEndRound_ReceivedInvalidSignersInfo/should_work
=== CONT  TestSubroundEndRound_ReceivedInvalidSignersInfo/consensus_header_is_not_set
=== PAUSE TestVerifyNodesOnAggSigVerificationFail/should_work
=== CONT  TestSubroundBlock_DoBlockJob/not_leader_should_return_false
=== CONT  TestSubroundEndRound_ReceivedInvalidSignersInfo/received_message_from_self_leader_should_return_false
=== CONT  TestSubroundBlock_DoBlockJob/should_work
=== CONT  TestSubroundBlock_DoBlockJob/send_block_error_should_return_false
=== CONT  TestSubroundBlock_GetLeaderForHeader/should_fail_if_not_able_to_compute_consensus_group
=== CONT  TestSubroundBlock_DoBlockJob/set_leader_signature_failure_should_return_false
=== CONT  TestSubroundBlock_DoBlockJob/sign_block_header_failure_should_return_false
=== CONT  TestSubroundBlock_DoBlockJob/create_block_error_should_return_false
=== CONT  TestSubroundBlock_DoBlockJob/round_index_lower_than_last_committed_block_should_return_false
=== CONT  TestSubroundBlock_DoBlockJob/create_header_error_should_return_false
=== CONT  TestSubroundBlock_DoBlockJob/subround_finished_should_return_false
=== CONT  TestVerifyNodesOnAggSigVerificationFail/fail_to_get_signature_share
=== CONT  TestFactory_NewFactoryNilSyncTimerShouldFail
=== CONT  TestSubroundBlock_DoBlockJob/leader_job_done_should_return_false
=== CONT  TestVerifyNodesOnAggSigVerificationFail/fail_to_verify_signature_share,_an_element_will_return_an_error_on_SignatureShare,_should_not_panic
=== CONT  TestVerifyNodesOnAggSigVerificationFail/fail_to_verify_signature_share,_job_done_will_be_set_to_false
=== CONT  TestSubroundEndRound_WaitForProof/should_return_true_after_waiting_and_finding_proof
=== CONT  TestSubroundEndRound_DoEndRoundJobByNode/should_work_without_equivalent_messages_flag_active
--- PASS: TestSubroundEndRound_DoEndRoundConsensusCheckShouldReturnFalseWhenRoundIsCanceled (0.00s)
--- PASS: TestSubroundEndRound_DoEndRoundConsensusCheckShouldReturnTrueWhenRoundIsFinished (0.00s)
--- PASS: TestSubroundEndRound_DoEndRoundJobErrTimeIsOutShouldFail (0.00s)
=== CONT  TestVerifyNodesOnAggSigVerificationFail/should_work
=== CONT  TestSubroundEndRound_GetEquivalentProofSender/for_multi_key,_return_random_key
--- PASS: TestSubroundStartRound_InitCurrentRoundShouldReturnTrueWhenMainMachineIsActive (0.00s)
--- PASS: TestSubroundStartRound_InitCurrentRoundShouldReturnFalseWhenGenerateNextConsensusGroupErr (0.00s)
--- PASS: TestSubroundEndRound_DoEndRoundJobNilHeaderShouldFail (0.00s)
--- PASS: TestSubroundEndRound_NewSubroundEndRoundShouldWork (0.00s)
--- PASS: TestSubroundEndRound_NewSubroundEndRoundNilRoundHandlerShouldFail (0.00s)
--- PASS: TestSubroundEndRound_NewSubroundEndRoundNilSyncTimerShouldFail (0.00s)
--- PASS: TestSubroundEndRound_NewSubroundEndRoundNilThrottlerShouldFail (0.00s)
--- PASS: TestSubroundEndRound_NewSubroundEndRoundNilConsensusStateShouldFail (0.00s)
--- PASS: TestSubroundEndRound_NewSubroundEndRoundNilMultiSignerContainerShouldFail (0.00s)
--- PASS: TestSubroundStartRound_NewSubroundStartRoundShouldWork (0.00s)
--- PASS: TestSubroundBlock_IsInterfaceNil (0.00s)
--- PASS: TestSubroundBlock_NewSubroundBlockNilSubroundShouldFail (0.00s)
--- PASS: TestSubroundBlock_HaveTimeInCurrentSuboundShouldReturnFalse (0.00s)
--- PASS: TestSubroundBlock_ReceivedBlockHeader (0.00s)
--- PASS: TestSubroundBlock_IsBlockReceived (0.00s)
--- PASS: TestSubroundBlock_DoBlockConsensusCheckShouldReturnFalseWhenBlockIsReceivedReturnFalse (0.00s)
--- PASS: TestSubroundBlock_HaveTimeInCurrentSubroundShouldReturnTrue (0.00s)
--- PASS: TestSubroundStartRound_GenerateNextConsensusGroupShouldReturnErr (0.00s)
--- PASS: TestSubroundBlock_DoBlockConsensusCheckShouldReturnTrueWhenBlockIsReceivedReturnTrue (0.00s)
--- PASS: TestSubroundBlock_DoBlockConsensusCheckShouldReturnTrueWhenSubroundIsFinished (0.00s)
--- PASS: TestSubroundBlock_DoBlockConsensusCheckShouldReturnFalseWhenRoundIsCanceled (0.00s)
--- PASS: TestSubroundBlock_RemainingTimeShouldReturnNegativeValue (0.00s)
--- PASS: TestSubroundBlock_ProcessReceivedBlockShouldReturnFalseWhenProcessBlockReturnsInNextRound (0.00s)
--- PASS: TestSubroundBlock_ProcessReceivedBlockShouldReturnFalseWhenProcessBlockFails (0.00s)
--- PASS: TestSubroundBlock_ProcessReceivedBlockShouldReturnTrue (0.00s)
--- PASS: TestSubroundStartRound_InitCurrentRoundShouldReturnTrue (0.00s)
--- PASS: TestSubroundBlock_NewSubroundBlockNilWorkerShouldFail (0.00s)
--- PASS: TestSubroundBlock_NewSubroundBlockNilSyncTimerShouldFail (0.00s)
--- PASS: TestSubroundBlock_NewSubroundBlockShouldWork (0.00s)
--- PASS: TestSubroundBlock_NewSubroundBlockNilRoundHandlerShouldFail (0.00s)
--- PASS: TestSubroundStartRound_InitCurrentRoundShouldReturnFalseWhenTimeIsOut (0.00s)
--- PASS: TestSubroundBlock_NewSubroundBlockNilShardCoordinatorShouldFail (0.00s)
--- PASS: TestSubroundBlock_NewSubroundBlockNilMarshalizerShouldFail (0.00s)
--- PASS: TestSubroundBlock_NewSubroundBlockNilHasherShouldFail (0.00s)
--- PASS: TestSubroundStartRound_DoStartRoundConsensusCheckShouldReturnTrueWhenRoundIsFinished (0.00s)
--- PASS: TestSubroundBlock_NewSubroundBlockNilConsensusStateShouldFail (0.00s)
--- PASS: TestSubroundStartRound_changeEpoch (0.00s)
    --- PASS: TestSubroundStartRound_changeEpoch/error_returned_by_nodes_coordinator_should_error (0.00s)
    --- PASS: TestSubroundStartRound_changeEpoch/success_-_no_panic (0.00s)
--- PASS: TestFactory_NewFactoryNilAppStatusHandlerShouldFail (0.00s)
--- PASS: TestSubroundBlock_NewSubroundBlockNilBlockProcessorShouldFail (0.00s)
--- PASS: TestSubroundEndRound_CreateAndBroadcastProofShouldBeCalled (0.00s)
--- PASS: TestFactory_GenerateSubroundsNilOutportShouldFail (0.00s)
--- PASS: TestSubroundBlock_ProcessReceivedBlockShouldReturnFalseWhenBodyAndHeaderAreNotSet (0.00s)
--- PASS: TestFactory_GenerateSubroundEndRoundShouldFailWhenNewSubroundEndRoundFail (0.00s)
--- PASS: TestFactory_GenerateSubroundsShouldWork (0.00s)
--- PASS: TestFactory_GenerateSubroundEndRoundShouldFailWhenNewSubroundFail (0.00s)
--- PASS: TestFactory_GenerateSubroundSignatureShouldFailWhenNewSubroundSignatureFail (0.00s)
--- PASS: TestFactory_SetIndexerShouldWork (0.00s)
--- PASS: TestFactory_GenerateSubroundBlockShouldFailWhenNewSubroundFail (0.00s)
--- PASS: TestFactory_GenerateSubroundBlockShouldFailWhenNewSubroundBlockFail (0.00s)
--- PASS: TestFactory_GenerateSubroundStartRoundShouldFailWhenNewSubroundStartRoundFail (0.00s)
--- PASS: TestFactory_GenerateSubroundStartRoundShouldFailWhenNewSubroundFail (0.00s)
--- PASS: TestFactory_NewFactoryShouldWork (0.00s)
--- PASS: TestFactory_NewFactoryEmptyChainIDShouldFail (0.00s)
--- PASS: TestSubroundBlock_NewSubroundBlockNilBlockchainShouldFail (0.00s)
--- PASS: TestSubroundStartRound_InitCurrentRoundShouldReturnTrueWhenIsNotInTheConsensusGroup (0.00s)
--- PASS: TestFactory_GenerateSubroundSignatureShouldFailWhenNewSubroundFail (0.00s)
--- PASS: TestFactory_NewFactoryNilShardCoordinatorShouldFail (0.00s)
--- PASS: TestSubroundEndRound_CheckSignaturesValidityShouldErrNilSignature (0.00s)
--- PASS: TestSubroundEndRound_IsOutOfTimeShouldReturnFalse (0.00s)
--- PASS: TestSubroundEndRound_NewSubroundEndRoundNilBlockProcessorShouldFail (0.00s)
--- PASS: TestSubroundBlock_ReceivedBlockComputeProcessDurationWithZeroDurationShouldNotPanic (0.00s)
--- PASS: TestFactory_NewFactoryNilHasherShouldFail (0.00s)
--- PASS: TestFactory_NewFactoryNilMultiSignerContainerShouldFail (0.00s)
=== RUN   TestSubroundEndRound_getMinConsensusGroupIndexOfManagedKeys/third_managed_key_in_consensus_group_should_return_2
--- PASS: TestFactory_NewFactoryNilMarshalizerShouldFail (0.00s)
--- PASS: TestFactory_NewFactoryNilBlockchainShouldFail (0.00s)
--- PASS: TestFactory_NewFactoryNilConsensusStateShouldFail (0.00s)
--- PASS: TestFactory_NewFactoryNilSignaturesTrackerShouldFail (0.00s)
=== RUN   TestSubroundEndRound_getMinConsensusGroupIndexOfManagedKeys/last_managed_key_in_consensus_group_should_return_8
--- PASS: TestFactory_NewFactoryNilWorkerShouldFail (0.00s)
--- PASS: TestFactory_NewFactoryNilBootstrapperShouldFail (0.00s)
--- PASS: TestFactory_NewFactoryNilBlockProcessorShouldFail (0.00s)
--- PASS: TestSubroundEndRound_getMinConsensusGroupIndexOfManagedKeys (0.00s)
    --- PASS: TestSubroundEndRound_getMinConsensusGroupIndexOfManagedKeys/no_managed_keys_from_consensus_group (0.00s)
    --- PASS: TestSubroundEndRound_getMinConsensusGroupIndexOfManagedKeys/first_managed_key_in_consensus_group_should_return_0 (0.00s)
    --- PASS: TestSubroundEndRound_getMinConsensusGroupIndexOfManagedKeys/third_managed_key_in_consensus_group_should_return_2 (0.00s)
    --- PASS: TestSubroundEndRound_getMinConsensusGroupIndexOfManagedKeys/last_managed_key_in_consensus_group_should_return_8 (0.00s)
--- PASS: TestFactory_NewFactoryNilContainerShouldFail (0.00s)
--- PASS: TestSubroundSignature_DoSignatureConsensusCheckAllSignaturesCollected (0.00s)
    --- PASS: TestSubroundSignature_DoSignatureConsensusCheckAllSignaturesCollected/with_flag_active,_should_return_true (0.00s)
--- PASS: TestNewSubroundStartRound (0.00s)
    --- PASS: TestNewSubroundStartRound/nil_subround_should_error (0.00s)
    --- PASS: TestNewSubroundStartRound/nil_worker_should_error (0.00s)
    --- PASS: TestNewSubroundStartRound/nil_sent_signatures_tracker_should_error (0.00s)
--- PASS: TestFactory_NewFactoryNilValidatorGroupSelectorShouldFail (0.00s)
--- PASS: TestSubroundSignature_SendSignature (0.00s)
    --- PASS: TestSubroundSignature_SendSignature/sendSignatureForManagedKey_will_return_false_because_of_error (0.00s)
    --- PASS: TestSubroundSignature_SendSignature/sendSignatureForManagedKey_should_be_false (0.00s)
    --- PASS: TestSubroundSignature_SendSignature/SentSignature_should_be_called (0.00s)
--- PASS: TestNewSubroundSignature (0.00s)
    --- PASS: TestNewSubroundSignature/nil_subround_should_error (0.00s)
    --- PASS: TestNewSubroundSignature/nil_sent_signatures_tracker_should_error (0.00s)
    --- PASS: TestNewSubroundSignature/nil_signatureThrottler_should_error (0.00s)
    --- PASS: TestNewSubroundSignature/nil_app_status_handler_should_error (0.00s)
    --- PASS: TestNewSubroundSignature/nil_worker_should_error (0.00s)
--- PASS: TestSubroundEndRound_SendProof (0.00s)
    --- PASS: TestSubroundEndRound_SendProof/existing_proof_should_not_send_again (0.00s)
    --- PASS: TestSubroundEndRound_SendProof/should_send (0.00s)
    --- PASS: TestSubroundEndRound_SendProof/broadcast_failure_should_not_send_proof (0.00s)
    --- PASS: TestSubroundEndRound_SendProof/no_time_left_should_not_send_proof (0.00s)
    --- PASS: TestSubroundEndRound_SendProof/not_enough_signatures_should_not_send_proof (0.00s)
    --- PASS: TestSubroundEndRound_SendProof/signature_aggregation_failure_should_not_send_proof (0.00s)
--- PASS: TestGetFullMessagesForInvalidSigners (0.00s)
    --- PASS: TestGetFullMessagesForInvalidSigners/empty_p2p_messages_slice_if_not_in_state (0.00s)
    --- PASS: TestGetFullMessagesForInvalidSigners/should_work (0.00s)
--- PASS: TestFactory_NewFactoryNilRoundHandlerShouldFail (0.00s)
--- PASS: TestSubroundSignature_DoSignatureJobForManagedKeys (0.00s)
    --- PASS: TestSubroundSignature_DoSignatureJobForManagedKeys/should_fail (0.00s)
    --- PASS: TestSubroundSignature_DoSignatureJobForManagedKeys/should_work (0.00s)
--- PASS: TestComputeAddSigOnValidNodes (0.00s)
    --- PASS: TestComputeAddSigOnValidNodes/fail_to_set_aggregated_sig (0.00s)
    --- PASS: TestComputeAddSigOnValidNodes/invalid_number_of_valid_sig_shares (0.00s)
    --- PASS: TestComputeAddSigOnValidNodes/should_work (0.00s)
    --- PASS: TestComputeAddSigOnValidNodes/fail_to_created_aggregated_sig (0.00s)
--- PASS: TestSubroundStartRound_InitCurrentRoundShouldMetrics (0.00s)
    --- PASS: TestSubroundStartRound_InitCurrentRoundShouldMetrics/not_in_consensus_node (0.00s)
    --- PASS: TestSubroundStartRound_InitCurrentRoundShouldMetrics/main_key_leader (0.00s)
    --- PASS: TestSubroundStartRound_InitCurrentRoundShouldMetrics/managed_key_leader (0.00s)
    --- PASS: TestSubroundStartRound_InitCurrentRoundShouldMetrics/multi_key_participant (0.00s)
    --- PASS: TestSubroundStartRound_InitCurrentRoundShouldMetrics/main_key_participant (0.00s)
--- PASS: TestFactory_NewFactoryNilChronologyHandlerShouldFail (0.00s)
--- PASS: TestSubroundEndRound_ReceivedProof (0.00s)
    --- PASS: TestSubroundEndRound_ReceivedProof/should_early_return_when_sender_is_not_in_consensus_group (0.00s)
    --- PASS: TestSubroundEndRound_ReceivedProof/should_early_return_when_header_is_not_for_current_consensus (0.00s)
    --- PASS: TestSubroundEndRound_ReceivedProof/should_early_return_when_consensus_data_is_not_set (0.00s)
    --- PASS: TestSubroundEndRound_ReceivedProof/should_work (0.00s)
    --- PASS: TestSubroundEndRound_ReceivedProof/should_early_return_when_different_data_is_received (0.00s)
    --- PASS: TestSubroundEndRound_ReceivedProof/should_early_return_when_proof_is_not_valid (0.00s)
    --- PASS: TestSubroundEndRound_ReceivedProof/should_early_return_when_proof_already_received (0.00s)
    --- PASS: TestSubroundEndRound_ReceivedProof/should_early_return_when_job_is_already_done (0.00s)
    --- PASS: TestSubroundEndRound_ReceivedProof/should_early_return_when_sender_is_self (0.00s)
    --- PASS: TestSubroundEndRound_ReceivedProof/should_early_return_when_header_is_nil (0.00s)
--- PASS: TestSubroundSignature_DoSignatureConsensusCheck (0.00s)
    --- PASS: TestSubroundSignature_DoSignatureConsensusCheck/round_canceled_should_return_false (0.00s)
    --- PASS: TestSubroundSignature_DoSignatureConsensusCheck/not_all_sig_collected_in_time_should_return_false (0.00s)
    --- PASS: TestSubroundSignature_DoSignatureConsensusCheck/nil_header_should_return_false (0.00s)
    --- PASS: TestSubroundSignature_DoSignatureConsensusCheck/node_not_in_consensus_group_should_return_true (0.00s)
    --- PASS: TestSubroundSignature_DoSignatureConsensusCheck/subround_already_finished_should_return_true (0.00s)
    --- PASS: TestSubroundSignature_DoSignatureConsensusCheck/sig_collection_done_should_return_true (0.00s)
    --- PASS: TestSubroundSignature_DoSignatureConsensusCheck/sig_collection_failed_should_return_false (0.00s)
--- PASS: TestSubroundEndRound_ReceivedInvalidSignersInfo (0.00s)
    --- PASS: TestSubroundEndRound_ReceivedInvalidSignersInfo/consensus_data_is_not_set (0.00s)
    --- PASS: TestSubroundEndRound_ReceivedInvalidSignersInfo/process_received_message_verification_failed,_different_round_index (0.00s)
    --- PASS: TestSubroundEndRound_ReceivedInvalidSignersInfo/invalid_signers_data (0.00s)
    --- PASS: TestSubroundEndRound_ReceivedInvalidSignersInfo/empty_invalid_signers (0.00s)
    --- PASS: TestSubroundEndRound_ReceivedInvalidSignersInfo/received_message_node_is_not_leader_in_current_round (0.00s)
    --- PASS: TestSubroundEndRound_ReceivedInvalidSignersInfo/invalid_signers_cache_already_has_this_message (0.00s)
    --- PASS: TestSubroundEndRound_ReceivedInvalidSignersInfo/received_message_from_self_multikey_leader_should_return_false (0.00s)
    --- PASS: TestSubroundEndRound_ReceivedInvalidSignersInfo/received_hash_does_not_match_the_hash_from_current_consensus_state (0.00s)
    --- PASS: TestSubroundEndRound_ReceivedInvalidSignersInfo/should_work (0.00s)
    --- PASS: TestSubroundEndRound_ReceivedInvalidSignersInfo/consensus_header_is_not_set (0.00s)
    --- PASS: TestSubroundEndRound_ReceivedInvalidSignersInfo/received_message_from_self_leader_should_return_false (0.00s)
--- PASS: TestSubroundBlock_GetLeaderForHeader (0.00s)
    --- PASS: TestSubroundBlock_GetLeaderForHeader/should_work (0.00s)
    --- PASS: TestSubroundBlock_GetLeaderForHeader/should_fail_if_not_able_to_compute_consensus_group (0.00s)
--- PASS: TestFactory_NewFactoryNilSyncTimerShouldFail (0.00s)
--- PASS: TestSubroundBlock_DoBlockJob (0.00s)
    --- PASS: TestSubroundBlock_DoBlockJob/not_leader_should_return_false (0.00s)
    --- PASS: TestSubroundBlock_DoBlockJob/send_block_error_should_return_false (0.00s)
    --- PASS: TestSubroundBlock_DoBlockJob/set_leader_signature_failure_should_return_false (0.00s)
    --- PASS: TestSubroundBlock_DoBlockJob/should_work (0.00s)
    --- PASS: TestSubroundBlock_DoBlockJob/create_block_error_should_return_false (0.00s)
    --- PASS: TestSubroundBlock_DoBlockJob/create_header_error_should_return_false (0.00s)
    --- PASS: TestSubroundBlock_DoBlockJob/round_index_lower_than_last_committed_block_should_return_false (0.00s)
    --- PASS: TestSubroundBlock_DoBlockJob/sign_block_header_failure_should_return_false (0.00s)
    --- PASS: TestSubroundBlock_DoBlockJob/subround_finished_should_return_false (0.00s)
    --- PASS: TestSubroundBlock_DoBlockJob/leader_job_done_should_return_false (0.00s)
--- PASS: TestSubroundEndRound_NewSubroundEndRoundNilBlockChainShouldFail (0.00s)
--- PASS: TestSubroundSignature_DoSignatureConsensusCheckEnoughButNotAllSignaturesCollectedAndTimeIsOut (0.00s)
    --- PASS: TestSubroundSignature_DoSignatureConsensusCheckEnoughButNotAllSignaturesCollectedAndTimeIsOut/with_flag_active,_should_return_true (0.00s)
--- PASS: TestNewSubroundEndRound (0.00s)
    --- PASS: TestNewSubroundEndRound/nil_subround_should_error (0.00s)
    --- PASS: TestNewSubroundEndRound/nil_sent_signatures_tracker_should_error (0.00s)
    --- PASS: TestNewSubroundEndRound/nil_app_status_handler_should_error (0.00s)
    --- PASS: TestNewSubroundEndRound/nil_worker_should_error (0.00s)
--- PASS: TestSubroundEndRound_CreateAndBroadcastInvalidSigners (0.00s)
    --- PASS: TestSubroundEndRound_CreateAndBroadcastInvalidSigners/redundancy_node_should_not_send_while_main_is_active (0.00s)
    --- PASS: TestSubroundEndRound_CreateAndBroadcastInvalidSigners/should_work (0.00s)
--- PASS: TestVerifyInvalidSigners (0.00s)
    --- PASS: TestVerifyInvalidSigners/failed_to_deserialize_invalidSigners_field,_should_error (0.00s)
    --- PASS: TestVerifyInvalidSigners/failed_to_verify_low_level_p2p_message,_should_error (0.00s)
    --- PASS: TestVerifyInvalidSigners/failed_to_verify_signature_share (0.00s)
    --- PASS: TestVerifyInvalidSigners/should_work (0.00s)
--- PASS: TestSubroundSignature_DoSignatureJob (0.00s)
    --- PASS: TestSubroundSignature_DoSignatureJob/single_key_mode_should_work (0.00s)
    --- PASS: TestSubroundSignature_DoSignatureJob/job_done_should_return_false (0.00s)
    --- PASS: TestSubroundSignature_DoSignatureJob/single_key_error_should_return_false (0.00s)
    --- PASS: TestSubroundSignature_DoSignatureJob/nil_header_should_return_false (0.00s)
    --- PASS: TestSubroundSignature_DoSignatureJob/multikey_mode_should_work (0.00s)
    --- PASS: TestSubroundSignature_DoSignatureJob/proof_already_received_should_return_true (0.00s)
--- PASS: TestSubroundEndRound_DoEndRoundJobByNode (0.00s)
    --- PASS: TestSubroundEndRound_DoEndRoundJobByNode/equivalent_messages_flag_enabled_and_message_already_received (0.00s)
    --- PASS: TestSubroundEndRound_DoEndRoundJobByNode/should_work_with_equivalent_messages_flag_active (0.00s)
    --- PASS: TestSubroundEndRound_DoEndRoundJobByNode/should_work_without_equivalent_messages_flag_active (0.00s)
    --- PASS: TestSubroundEndRound_DoEndRoundJobByNode/invalid_signers_should_wait_for_more_signatures_then_work (0.01s)
--- PASS: TestSubroundBlock_ReceivedBlockComputeProcessDuration (0.01s)
--- PASS: TestSubroundEndRound_GetEquivalentProofSender (0.00s)
    --- PASS: TestSubroundEndRound_GetEquivalentProofSender/for_single_key,_return_self_pubkey (0.00s)
    --- PASS: TestSubroundEndRound_GetEquivalentProofSender/for_multi_key,_return_random_key (0.07s)
--- PASS: TestVerifyNodesOnAggSigVerificationFail (0.00s)
    --- PASS: TestVerifyNodesOnAggSigVerificationFail/fail_to_get_signature_share (0.00s)
    --- PASS: TestVerifyNodesOnAggSigVerificationFail/fail_to_verify_signature_share,_job_done_will_be_set_to_false (0.00s)
    --- PASS: TestVerifyNodesOnAggSigVerificationFail/should_work (0.00s)
    --- PASS: TestVerifyNodesOnAggSigVerificationFail/fail_to_verify_signature_share,_an_element_will_return_an_error_on_SignatureShare,_should_not_panic (1.00s)
--- PASS: TestSubroundEndRound_DoEndRoundJobErrCommitBlockShouldFail (4.00s)
--- PASS: TestSubroundEndRound_DoEndRoundJobErrAggregatingSigShouldFail (4.00s)
--- PASS: TestSubroundEndRound_WaitForProof (0.00s)
    --- PASS: TestSubroundEndRound_WaitForProof/should_return_true_if_there_is_proof (0.00s)
    --- PASS: TestSubroundEndRound_WaitForProof/should_return_true_after_waiting_and_finding_proof (0.00s)
    --- PASS: TestSubroundEndRound_WaitForProof/should_return_false_on_timeout (4.00s)
PASS
ok  	github.com/TerraDharitri/drt-go-chain/consensus/spos/bls/v2	(cached)
=== RUN   TestGetConsensusCoreFactory_InvalidTypeShouldErr
=== PAUSE TestGetConsensusCoreFactory_InvalidTypeShouldErr
=== RUN   TestGetConsensusCoreFactory_BlsShouldWork
=== PAUSE TestGetConsensusCoreFactory_BlsShouldWork
=== RUN   TestGetBroadcastMessenger_ShardShouldWork
=== PAUSE TestGetBroadcastMessenger_ShardShouldWork
=== RUN   TestGetBroadcastMessenger_MetachainShouldWork
=== PAUSE TestGetBroadcastMessenger_MetachainShouldWork
=== RUN   TestGetBroadcastMessenger_NilShardCoordinatorShouldErr
=== PAUSE TestGetBroadcastMessenger_NilShardCoordinatorShouldErr
=== RUN   TestGetBroadcastMessenger_InvalidShardIdShouldErr
=== PAUSE TestGetBroadcastMessenger_InvalidShardIdShouldErr
=== CONT  TestGetConsensusCoreFactory_InvalidTypeShouldErr
=== CONT  TestGetBroadcastMessenger_InvalidShardIdShouldErr
--- PASS: TestGetConsensusCoreFactory_InvalidTypeShouldErr (0.00s)
=== CONT  TestGetBroadcastMessenger_MetachainShouldWork
=== CONT  TestGetBroadcastMessenger_NilShardCoordinatorShouldErr
=== CONT  TestGetConsensusCoreFactory_BlsShouldWork
=== CONT  TestGetBroadcastMessenger_ShardShouldWork
--- PASS: TestGetBroadcastMessenger_InvalidShardIdShouldErr (0.00s)
--- PASS: TestGetBroadcastMessenger_MetachainShouldWork (0.00s)
--- PASS: TestGetBroadcastMessenger_NilShardCoordinatorShouldErr (0.00s)
--- PASS: TestGetConsensusCoreFactory_BlsShouldWork (0.00s)
--- PASS: TestGetBroadcastMessenger_ShardShouldWork (0.00s)
PASS
ok  	github.com/TerraDharitri/drt-go-chain/consensus/spos/sposFactory	(cached)
=== RUN   TestUnitType_String
=== PAUSE TestUnitType_String
=== RUN   TestHas_ErrorWhenStorerIsMissing
=== PAUSE TestHas_ErrorWhenStorerIsMissing
=== RUN   TestHas_ReturnsCorrectly
=== PAUSE TestHas_ReturnsCorrectly
=== RUN   TestGet_ErrorWhenStorerIsMissing
=== PAUSE TestGet_ErrorWhenStorerIsMissing
=== RUN   TestGet_ReturnsCorrectly
=== PAUSE TestGet_ReturnsCorrectly
=== RUN   TestPut_ErrorWhenStorerIsMissing
=== PAUSE TestPut_ErrorWhenStorerIsMissing
=== RUN   TestPut_ReturnsCorrectly
=== PAUSE TestPut_ReturnsCorrectly
=== RUN   TestGetAll_ErrorWhenStorerIsMissing
=== PAUSE TestGetAll_ErrorWhenStorerIsMissing
=== RUN   TestGetAll_ErrorWhenStorersGetErrors
=== PAUSE TestGetAll_ErrorWhenStorersGetErrors
=== RUN   TestGetAll_ReturnsCorrectly
=== PAUSE TestGetAll_ReturnsCorrectly
=== RUN   TestDestroy_ErrorsWhenStorerDestroyErrors
=== PAUSE TestDestroy_ErrorsWhenStorerDestroyErrors
=== RUN   TestDestroy_ReturnsCorrectly
=== PAUSE TestDestroy_ReturnsCorrectly
=== RUN   TestBlockChain_SetEpochForPutOperation
=== PAUSE TestBlockChain_SetEpochForPutOperation
=== RUN   TestBlockChain_GetStorer
=== PAUSE TestBlockChain_GetStorer
=== RUN   TestBlockChain_GetAllStorers
=== PAUSE TestBlockChain_GetAllStorers
=== RUN   TestCloseAll_Error
=== PAUSE TestCloseAll_Error
=== RUN   TestCloseAll_Ok
=== PAUSE TestCloseAll_Ok
=== RUN   TestSetEpochHandlerToHdrResolver
=== PAUSE TestSetEpochHandlerToHdrResolver
=== RUN   TestSetEpochHandlerToHdrRequester
=== PAUSE TestSetEpochHandlerToHdrRequester
=== RUN   TestGetHdrNonceHashDataUnit
=== PAUSE TestGetHdrNonceHashDataUnit
=== RUN   TestGetHeadersDataUnit
=== PAUSE TestGetHeadersDataUnit
=== RUN   TestRequestDataType_StringVals
=== PAUSE TestRequestDataType_StringVals
=== RUN   TestRequestDataType_UnknownType
=== PAUSE TestRequestDataType_UnknownType
=== RUN   TestRequestData_UnmarshalNilMarshalizer
=== PAUSE TestRequestData_UnmarshalNilMarshalizer
=== RUN   TestRequestData_UnmarshalNilMessageP2P
=== PAUSE TestRequestData_UnmarshalNilMessageP2P
=== RUN   TestRequestData_UnmarshalNilMessageData
=== PAUSE TestRequestData_UnmarshalNilMessageData
=== RUN   TestRequestData_CannotUnmarshal
=== PAUSE TestRequestData_CannotUnmarshal
=== RUN   TestRequestData_UnmarshalOk
=== PAUSE TestRequestData_UnmarshalOk
=== CONT  TestUnitType_String
--- PASS: TestUnitType_String (0.00s)
=== CONT  TestBlockChain_GetAllStorers
=== CONT  TestBlockChain_GetStorer
=== CONT  TestBlockChain_SetEpochForPutOperation
=== CONT  TestRequestData_CannotUnmarshal
--- PASS: TestBlockChain_SetEpochForPutOperation (0.00s)
=== CONT  TestSetEpochHandlerToHdrRequester
--- PASS: TestRequestData_CannotUnmarshal (0.00s)
=== RUN   TestSetEpochHandlerToHdrRequester/get_function_errors_should_return_error
=== CONT  TestGetHeadersDataUnit
--- PASS: TestGetHeadersDataUnit (0.00s)
=== PAUSE TestSetEpochHandlerToHdrRequester/get_function_errors_should_return_error
=== CONT  TestRequestData_UnmarshalNilMarshalizer
=== RUN   TestSetEpochHandlerToHdrRequester/set_epoch_handler_errors_should_return_error
=== CONT  TestRequestData_UnmarshalNilMessageP2P
=== CONT  TestRequestDataType_UnknownType
=== PAUSE TestSetEpochHandlerToHdrRequester/set_epoch_handler_errors_should_return_error
=== RUN   TestSetEpochHandlerToHdrRequester/wrong_type_should_return_error
=== CONT  TestGetHdrNonceHashDataUnit
=== CONT  TestSetEpochHandlerToHdrResolver
=== RUN   TestSetEpochHandlerToHdrResolver/get_function_errors_should_return_error
=== PAUSE TestSetEpochHandlerToHdrResolver/get_function_errors_should_return_error
=== RUN   TestSetEpochHandlerToHdrResolver/set_epoch_handler_errors_should_return_error
=== PAUSE TestSetEpochHandlerToHdrResolver/set_epoch_handler_errors_should_return_error
=== RUN   TestSetEpochHandlerToHdrResolver/wrong_type_should_return_error
=== PAUSE TestSetEpochHandlerToHdrResolver/wrong_type_should_return_error
=== RUN   TestSetEpochHandlerToHdrResolver/should_work
=== PAUSE TestSetEpochHandlerToHdrResolver/should_work
=== PAUSE TestSetEpochHandlerToHdrRequester/wrong_type_should_return_error
=== RUN   TestSetEpochHandlerToHdrRequester/should_work
=== PAUSE TestSetEpochHandlerToHdrRequester/should_work
=== CONT  TestCloseAll_Error
=== CONT  TestSetEpochHandlerToHdrResolver/get_function_errors_should_return_error
=== CONT  TestSetEpochHandlerToHdrRequester/get_function_errors_should_return_error
=== CONT  TestSetEpochHandlerToHdrResolver/should_work
=== CONT  TestSetEpochHandlerToHdrResolver/wrong_type_should_return_error
=== CONT  TestSetEpochHandlerToHdrResolver/set_epoch_handler_errors_should_return_error
=== CONT  TestCloseAll_Ok
=== CONT  TestSetEpochHandlerToHdrRequester/should_work
=== CONT  TestDestroy_ErrorsWhenStorerDestroyErrors
=== CONT  TestGetAll_ReturnsCorrectly
=== CONT  TestGetAll_ErrorWhenStorersGetErrors
=== CONT  TestGetAll_ErrorWhenStorerIsMissing
=== CONT  TestPut_ReturnsCorrectly
=== CONT  TestPut_ErrorWhenStorerIsMissing
=== CONT  TestGet_ReturnsCorrectly
=== CONT  TestGet_ErrorWhenStorerIsMissing
=== CONT  TestHas_ReturnsCorrectly
=== CONT  TestHas_ErrorWhenStorerIsMissing
=== CONT  TestRequestData_UnmarshalNilMessageData
=== CONT  TestRequestData_UnmarshalOk
=== CONT  TestDestroy_ReturnsCorrectly
--- PASS: TestBlockChain_GetStorer (0.00s)
--- PASS: TestDestroy_ErrorsWhenStorerDestroyErrors (0.00s)
--- PASS: TestRequestData_UnmarshalNilMarshalizer (0.00s)
--- PASS: TestRequestDataType_UnknownType (0.00s)
--- PASS: TestBlockChain_GetAllStorers (0.00s)
--- PASS: TestGetHdrNonceHashDataUnit (0.00s)
--- PASS: TestCloseAll_Error (0.00s)
--- PASS: TestGetAll_ErrorWhenStorersGetErrors (0.00s)
--- PASS: TestHas_ReturnsCorrectly (0.00s)
--- PASS: TestGetAll_ErrorWhenStorerIsMissing (0.00s)
--- PASS: TestGet_ReturnsCorrectly (0.00s)
--- PASS: TestCloseAll_Ok (0.00s)
--- PASS: TestPut_ErrorWhenStorerIsMissing (0.00s)
--- PASS: TestHas_ErrorWhenStorerIsMissing (0.00s)
--- PASS: TestGetAll_ReturnsCorrectly (0.00s)
=== CONT  TestSetEpochHandlerToHdrRequester/wrong_type_should_return_error
--- PASS: TestRequestData_UnmarshalNilMessageP2P (0.00s)
--- PASS: TestGet_ErrorWhenStorerIsMissing (0.00s)
=== CONT  TestRequestDataType_StringVals
=== RUN   TestRequestDataType_StringVals/HashType
=== CONT  TestSetEpochHandlerToHdrRequester/set_epoch_handler_errors_should_return_error
--- PASS: TestRequestData_UnmarshalOk (0.00s)
--- PASS: TestPut_ReturnsCorrectly (0.00s)
--- PASS: TestRequestData_UnmarshalNilMessageData (0.00s)
--- PASS: TestDestroy_ReturnsCorrectly (0.00s)
=== RUN   TestRequestDataType_StringVals/HashArrayType
--- PASS: TestSetEpochHandlerToHdrRequester (0.00s)
    --- PASS: TestSetEpochHandlerToHdrRequester/get_function_errors_should_return_error (0.00s)
    --- PASS: TestSetEpochHandlerToHdrRequester/should_work (0.00s)
    --- PASS: TestSetEpochHandlerToHdrRequester/wrong_type_should_return_error (0.00s)
    --- PASS: TestSetEpochHandlerToHdrRequester/set_epoch_handler_errors_should_return_error (0.00s)
=== RUN   TestRequestDataType_StringVals/NonceType
=== RUN   TestRequestDataType_StringVals/EpochType
--- PASS: TestSetEpochHandlerToHdrResolver (0.00s)
    --- PASS: TestSetEpochHandlerToHdrResolver/get_function_errors_should_return_error (0.00s)
    --- PASS: TestSetEpochHandlerToHdrResolver/should_work (0.00s)
    --- PASS: TestSetEpochHandlerToHdrResolver/wrong_type_should_return_error (0.00s)
    --- PASS: TestSetEpochHandlerToHdrResolver/set_epoch_handler_errors_should_return_error (0.00s)
--- PASS: TestRequestDataType_StringVals (0.00s)
    --- PASS: TestRequestDataType_StringVals/HashType (0.00s)
    --- PASS: TestRequestDataType_StringVals/HashArrayType (0.00s)
    --- PASS: TestRequestDataType_StringVals/NonceType (0.00s)
    --- PASS: TestRequestDataType_StringVals/EpochType (0.00s)
PASS
ok  	github.com/TerraDharitri/drt-go-chain/dataRetriever	(cached)
=== RUN   TestBaseBlockchain_SetAndGetSetFinalBlockInfo
=== PAUSE TestBaseBlockchain_SetAndGetSetFinalBlockInfo
=== RUN   TestBaseBlockchain_SetAndGetSetFinalBlockInfoWorksWithNilValues
=== PAUSE TestBaseBlockchain_SetAndGetSetFinalBlockInfoWorksWithNilValues
=== RUN   TestNewBlockChain_ShouldWork
=== PAUSE TestNewBlockChain_ShouldWork
=== RUN   TestBlockChain_NilAppStatusHandlerShouldErr
=== PAUSE TestBlockChain_NilAppStatusHandlerShouldErr
=== RUN   TestBlockChain_SettersAndGetters
=== PAUSE TestBlockChain_SettersAndGetters
=== RUN   TestBlockChain_SettersAndGettersNilValues
=== PAUSE TestBlockChain_SettersAndGettersNilValues
=== RUN   TestBlockChain_SettersInvalidValues
=== PAUSE TestBlockChain_SettersInvalidValues
=== RUN   TestNewBootstrapBlockchain
=== PAUSE TestNewBootstrapBlockchain
=== RUN   TestNewMetaChain_ShouldWork
=== PAUSE TestNewMetaChain_ShouldWork
=== RUN   TestMetaChain_NilAppStatusHandlerShouldErr
=== PAUSE TestMetaChain_NilAppStatusHandlerShouldErr
=== RUN   TestMetaChain_SettersAndGetters
=== PAUSE TestMetaChain_SettersAndGetters
=== RUN   TestMetaChain_SettersAndGettersNilValues
=== PAUSE TestMetaChain_SettersAndGettersNilValues
=== RUN   TestMetaChain_SettersInvalidValues
=== PAUSE TestMetaChain_SettersInvalidValues
=== CONT  TestBaseBlockchain_SetAndGetSetFinalBlockInfo
--- PASS: TestBaseBlockchain_SetAndGetSetFinalBlockInfo (0.00s)
=== CONT  TestMetaChain_SettersInvalidValues
--- PASS: TestMetaChain_SettersInvalidValues (0.00s)
=== CONT  TestMetaChain_SettersAndGettersNilValues
--- PASS: TestMetaChain_SettersAndGettersNilValues (0.00s)
=== CONT  TestMetaChain_SettersAndGetters
--- PASS: TestMetaChain_SettersAndGetters (0.00s)
=== CONT  TestMetaChain_NilAppStatusHandlerShouldErr
--- PASS: TestMetaChain_NilAppStatusHandlerShouldErr (0.00s)
=== CONT  TestNewMetaChain_ShouldWork
--- PASS: TestNewMetaChain_ShouldWork (0.00s)
=== CONT  TestNewBootstrapBlockchain
--- PASS: TestNewBootstrapBlockchain (0.00s)
=== CONT  TestBlockChain_SettersInvalidValues
--- PASS: TestBlockChain_SettersInvalidValues (0.00s)
=== CONT  TestBlockChain_SettersAndGettersNilValues
--- PASS: TestBlockChain_SettersAndGettersNilValues (0.00s)
=== CONT  TestBlockChain_SettersAndGetters
=== CONT  TestNewBlockChain_ShouldWork
--- PASS: TestNewBlockChain_ShouldWork (0.00s)
=== CONT  TestBlockChain_NilAppStatusHandlerShouldErr
--- PASS: TestBlockChain_NilAppStatusHandlerShouldErr (0.00s)
=== CONT  TestBaseBlockchain_SetAndGetSetFinalBlockInfoWorksWithNilValues
--- PASS: TestBaseBlockchain_SetAndGetSetFinalBlockInfoWorksWithNilValues (0.00s)
--- PASS: TestBlockChain_SettersAndGetters (0.00s)
PASS
ok  	github.com/TerraDharitri/drt-go-chain/dataRetriever/blockchain	(cached)
=== RUN   TestCurrentBlockPool_AddGetCleanTx
=== PAUSE TestCurrentBlockPool_AddGetCleanTx
=== RUN   TestCurrentEpochValidatorInfoPool_AddGetCleanTx
=== PAUSE TestCurrentEpochValidatorInfoPool_AddGetCleanTx
=== RUN   TestNewDataPool_NilTransactionsShouldErr
=== PAUSE TestNewDataPool_NilTransactionsShouldErr
=== RUN   TestNewDataPool_NilUnsignedTransactionsShouldErr
=== PAUSE TestNewDataPool_NilUnsignedTransactionsShouldErr
=== RUN   TestNewDataPool_NilRewardTransactionsShouldErr
=== PAUSE TestNewDataPool_NilRewardTransactionsShouldErr
=== RUN   TestNewDataPool_NilHeadersShouldErr
=== PAUSE TestNewDataPool_NilHeadersShouldErr
=== RUN   TestNewDataPool_NilMiniblockCacheShouldErr
=== PAUSE TestNewDataPool_NilMiniblockCacheShouldErr
=== RUN   TestNewDataPool_NilTrieNodesShouldErr
=== PAUSE TestNewDataPool_NilTrieNodesShouldErr
=== RUN   TestNewDataPool_NilTrieNodesChunksShouldErr
=== PAUSE TestNewDataPool_NilTrieNodesChunksShouldErr
=== RUN   TestNewDataPool_NilSmartContractsShouldErr
=== PAUSE TestNewDataPool_NilSmartContractsShouldErr
=== RUN   TestNewDataPool_NilPeerAuthenticationsShouldErr
=== PAUSE TestNewDataPool_NilPeerAuthenticationsShouldErr
=== RUN   TestNewDataPool_NilHeartbeatsShouldErr
=== PAUSE TestNewDataPool_NilHeartbeatsShouldErr
=== RUN   TestNewDataPool_NilValidatorsInfoShouldErr
=== PAUSE TestNewDataPool_NilValidatorsInfoShouldErr
=== RUN   TestNewDataPool_NilPeerBlocksShouldErr
=== PAUSE TestNewDataPool_NilPeerBlocksShouldErr
=== RUN   TestNewDataPool_NilCurrBlockTransactionsShouldErr
=== PAUSE TestNewDataPool_NilCurrBlockTransactionsShouldErr
=== RUN   TestNewDataPool_NilCurrEpochValidatorInfoShouldErr
=== PAUSE TestNewDataPool_NilCurrEpochValidatorInfoShouldErr
=== RUN   TestNewDataPool_OkValsShouldWork
=== PAUSE TestNewDataPool_OkValsShouldWork
=== RUN   TestNewDataPool_Close
=== PAUSE TestNewDataPool_Close
=== CONT  TestCurrentBlockPool_AddGetCleanTx
--- PASS: TestCurrentBlockPool_AddGetCleanTx (0.00s)
=== CONT  TestNewDataPool_Close
=== RUN   TestNewDataPool_Close/trie_nodes_close_returns_error
=== PAUSE TestNewDataPool_Close/trie_nodes_close_returns_error
=== RUN   TestNewDataPool_Close/peer_authentications_close_returns_error
=== PAUSE TestNewDataPool_Close/peer_authentications_close_returns_error
=== RUN   TestNewDataPool_Close/both_fail
=== PAUSE TestNewDataPool_Close/both_fail
=== RUN   TestNewDataPool_Close/should_work
=== PAUSE TestNewDataPool_Close/should_work
=== CONT  TestNewDataPool_Close/trie_nodes_close_returns_error
[0;31mERROR[0m[2026-03-16 10:13:37.103]   failed to close trie nodes data pool     [0;31merror[0m = expected error 
=== CONT  TestNewDataPool_OkValsShouldWork
--- PASS: TestNewDataPool_OkValsShouldWork (0.00s)
=== CONT  TestNewDataPool_NilCurrEpochValidatorInfoShouldErr
--- PASS: TestNewDataPool_NilCurrEpochValidatorInfoShouldErr (0.00s)
=== CONT  TestNewDataPool_NilCurrBlockTransactionsShouldErr
--- PASS: TestNewDataPool_NilCurrBlockTransactionsShouldErr (0.00s)
=== CONT  TestNewDataPool_NilPeerBlocksShouldErr
--- PASS: TestNewDataPool_NilPeerBlocksShouldErr (0.00s)
=== CONT  TestNewDataPool_NilValidatorsInfoShouldErr
--- PASS: TestNewDataPool_NilValidatorsInfoShouldErr (0.00s)
=== CONT  TestNewDataPool_NilHeartbeatsShouldErr
--- PASS: TestNewDataPool_NilHeartbeatsShouldErr (0.00s)
=== CONT  TestNewDataPool_NilPeerAuthenticationsShouldErr
--- PASS: TestNewDataPool_NilPeerAuthenticationsShouldErr (0.00s)
=== CONT  TestNewDataPool_NilSmartContractsShouldErr
--- PASS: TestNewDataPool_NilSmartContractsShouldErr (0.00s)
=== CONT  TestNewDataPool_NilTrieNodesChunksShouldErr
--- PASS: TestNewDataPool_NilTrieNodesChunksShouldErr (0.00s)
=== CONT  TestNewDataPool_NilTrieNodesShouldErr
--- PASS: TestNewDataPool_NilTrieNodesShouldErr (0.00s)
=== CONT  TestNewDataPool_NilMiniblockCacheShouldErr
--- PASS: TestNewDataPool_NilMiniblockCacheShouldErr (0.00s)
=== CONT  TestNewDataPool_NilHeadersShouldErr
--- PASS: TestNewDataPool_NilHeadersShouldErr (0.00s)
=== CONT  TestNewDataPool_NilRewardTransactionsShouldErr
--- PASS: TestNewDataPool_NilRewardTransactionsShouldErr (0.00s)
=== CONT  TestNewDataPool_NilUnsignedTransactionsShouldErr
--- PASS: TestNewDataPool_NilUnsignedTransactionsShouldErr (0.00s)
=== CONT  TestNewDataPool_NilTransactionsShouldErr
--- PASS: TestNewDataPool_NilTransactionsShouldErr (0.00s)
=== CONT  TestCurrentEpochValidatorInfoPool_AddGetCleanTx
--- PASS: TestCurrentEpochValidatorInfoPool_AddGetCleanTx (0.00s)
=== CONT  TestNewDataPool_Close/should_work
=== CONT  TestNewDataPool_Close/both_fail
[0;31mERROR[0m[2026-03-16 10:13:37.103]   failed to close trie nodes data pool     [0;31merror[0m = tn expected error 
[0;31mERROR[0m[2026-03-16 10:13:37.103]   failed to close peer authentications data pool [0;31merror[0m = pa expected error 
=== CONT  TestNewDataPool_Close/peer_authentications_close_returns_error
[0;31mERROR[0m[2026-03-16 10:13:37.103]   failed to close peer authentications data pool [0;31merror[0m = expected error 
--- PASS: TestNewDataPool_Close (0.00s)
    --- PASS: TestNewDataPool_Close/trie_nodes_close_returns_error (0.00s)
    --- PASS: TestNewDataPool_Close/should_work (0.00s)
    --- PASS: TestNewDataPool_Close/both_fail (0.00s)
    --- PASS: TestNewDataPool_Close/peer_authentications_close_returns_error (0.00s)
PASS
ok  	github.com/TerraDharitri/drt-go-chain/dataRetriever/dataPool	(cached)
=== RUN   TestNewHeadersCacher
=== PAUSE TestNewHeadersCacher
=== RUN   TestNewHeadersCacher_AddHeadersInCache
=== PAUSE TestNewHeadersCacher_AddHeadersInCache
=== RUN   Test_RemoveHeaderByHash
=== PAUSE Test_RemoveHeaderByHash
=== RUN   TestHeadersCacher_AddHeadersInCacheAndRemoveByNonceAndShardId
=== PAUSE TestHeadersCacher_AddHeadersInCacheAndRemoveByNonceAndShardId
=== RUN   TestHeadersCacher_Eviction
=== PAUSE TestHeadersCacher_Eviction
=== RUN   TestHeadersCacher_ConcurrentRequests_NoEviction
=== PAUSE TestHeadersCacher_ConcurrentRequests_NoEviction
=== RUN   TestHeadersCacher_ConcurrentRequests_WithEviction
--- PASS: TestHeadersCacher_ConcurrentRequests_WithEviction (0.00s)
=== RUN   TestHeadersCacher_AddHeadersWithSameNonceShouldBeRemovedAtEviction
=== PAUSE TestHeadersCacher_AddHeadersWithSameNonceShouldBeRemovedAtEviction
=== RUN   TestHeadersCacher_AddALotOfHeadersAndCheckEviction
=== PAUSE TestHeadersCacher_AddALotOfHeadersAndCheckEviction
=== RUN   TestHeadersCacher_BigCacheALotOfHeaders
=== PAUSE TestHeadersCacher_BigCacheALotOfHeaders
=== RUN   TestHeadersCacher_AddHeadersWithDifferentShardIdOnMultipleGoroutines
=== PAUSE TestHeadersCacher_AddHeadersWithDifferentShardIdOnMultipleGoroutines
=== RUN   TestHeadersCacher_TestEvictionRemoveCorrectHeader
=== PAUSE TestHeadersCacher_TestEvictionRemoveCorrectHeader
=== RUN   TestHeadersCacher_TestEvictionRemoveCorrectHeader2
=== PAUSE TestHeadersCacher_TestEvictionRemoveCorrectHeader2
=== RUN   TestHeadersPool_AddHeadersMultipleShards
=== PAUSE TestHeadersPool_AddHeadersMultipleShards
=== RUN   TestHeadersPool_Nonces
=== PAUSE TestHeadersPool_Nonces
=== RUN   TestHeadersPool_RegisterHandler
=== PAUSE TestHeadersPool_RegisterHandler
=== RUN   TestHeadersPool_Clear
=== PAUSE TestHeadersPool_Clear
=== RUN   TestHeadersPool_IsInterfaceNil
=== PAUSE TestHeadersPool_IsInterfaceNil
=== CONT  TestNewHeadersCacher
=== RUN   TestNewHeadersCacher/invalid_MaxHeadersPerShard_should_error
=== PAUSE TestNewHeadersCacher/invalid_MaxHeadersPerShard_should_error
=== RUN   TestNewHeadersCacher/invalid_NumElementsToRemoveOnEviction_should_error
=== PAUSE TestNewHeadersCacher/invalid_NumElementsToRemoveOnEviction_should_error
=== RUN   TestNewHeadersCacher/invalid_config_should_error
=== PAUSE TestNewHeadersCacher/invalid_config_should_error
=== CONT  TestHeadersCacher_AddHeadersWithDifferentShardIdOnMultipleGoroutines
=== CONT  TestHeadersPool_IsInterfaceNil
=== RUN   TestNewHeadersCacher/should_work
=== CONT  TestHeadersCacher_BigCacheALotOfHeaders
=== CONT  TestHeadersPool_Nonces
=== CONT  TestHeadersCacher_TestEvictionRemoveCorrectHeader
--- PASS: TestHeadersPool_IsInterfaceNil (0.00s)
=== CONT  TestHeadersPool_RegisterHandler
=== CONT  TestHeadersCacher_AddALotOfHeadersAndCheckEviction
=== CONT  TestHeadersCacher_AddHeadersWithSameNonceShouldBeRemovedAtEviction
--- PASS: TestHeadersCacher_AddHeadersWithSameNonceShouldBeRemovedAtEviction (0.00s)
=== CONT  TestHeadersCacher_ConcurrentRequests_NoEviction
=== CONT  TestHeadersCacher_Eviction
=== CONT  TestHeadersCacher_AddHeadersInCacheAndRemoveByNonceAndShardId
=== CONT  Test_RemoveHeaderByHash
=== CONT  TestNewHeadersCacher_AddHeadersInCache
=== CONT  TestHeadersCacher_TestEvictionRemoveCorrectHeader2
=== CONT  TestHeadersPool_AddHeadersMultipleShards
=== CONT  TestHeadersPool_Clear
=== PAUSE TestNewHeadersCacher/should_work
=== CONT  TestNewHeadersCacher/should_work
=== CONT  TestNewHeadersCacher/invalid_MaxHeadersPerShard_should_error
--- PASS: TestHeadersCacher_AddHeadersInCacheAndRemoveByNonceAndShardId (0.00s)
--- PASS: Test_RemoveHeaderByHash (0.00s)
--- PASS: TestHeadersPool_Clear (0.00s)
--- PASS: TestNewHeadersCacher_AddHeadersInCache (0.00s)
--- PASS: TestHeadersCacher_TestEvictionRemoveCorrectHeader (0.00s)
=== CONT  TestNewHeadersCacher/invalid_NumElementsToRemoveOnEviction_should_error
=== CONT  TestNewHeadersCacher/invalid_config_should_error
--- PASS: TestNewHeadersCacher (0.00s)
    --- PASS: TestNewHeadersCacher/should_work (0.00s)
    --- PASS: TestNewHeadersCacher/invalid_MaxHeadersPerShard_should_error (0.00s)
    --- PASS: TestNewHeadersCacher/invalid_NumElementsToRemoveOnEviction_should_error (0.00s)
    --- PASS: TestNewHeadersCacher/invalid_config_should_error (0.00s)
--- PASS: TestHeadersCacher_ConcurrentRequests_NoEviction (0.00s)
[0;31mERROR[0m[2026-03-16 10:13:37.097]   attempt to register a nil handler to a cacher object 
--- PASS: TestHeadersPool_RegisterHandler (0.01s)
--- PASS: TestHeadersCacher_AddALotOfHeadersAndCheckEviction (0.01s)
add items in cache took 2.42157ms 
get items by hash took 2.853412ms 
--- PASS: TestHeadersPool_AddHeadersMultipleShards (0.01s)
time need to add 50 in cache 9.190971ms 
--- PASS: TestHeadersCacher_AddHeadersWithDifferentShardIdOnMultipleGoroutines (0.01s)
--- PASS: TestHeadersPool_Nonces (0.01s)
--- PASS: TestHeadersCacher_TestEvictionRemoveCorrectHeader2 (0.01s)
--- PASS: TestHeadersCacher_Eviction (0.01s)
insert 100000 took 82.239103ms 
get header by hash took 1.243µs 
get header by shard id and nonce took 2.314µs 
remove header by shard id and nonce took 2.033µs 
remove header by hash took 1.683µs 
--- PASS: TestHeadersCacher_BigCacheALotOfHeaders (0.25s)
PASS
ok  	github.com/TerraDharitri/drt-go-chain/dataRetriever/dataPool/headersCache	(cached)
=== RUN   TestProofsCache
=== PAUSE TestProofsCache
=== RUN   TestProofsCache_Concurrency
=== PAUSE TestProofsCache_Concurrency
=== RUN   TestNewProofsPool
=== PAUSE TestNewProofsPool
=== RUN   TestProofsPool_ShouldWork
=== PAUSE TestProofsPool_ShouldWork
=== RUN   TestProofsPool_Upsert
=== PAUSE TestProofsPool_Upsert
=== RUN   TestProofsPool_IsProofEqual
=== PAUSE TestProofsPool_IsProofEqual
=== RUN   TestProofsPool_RegisterHandler
=== PAUSE TestProofsPool_RegisterHandler
=== RUN   TestProofsPool_CleanupProofsBehindNonce
=== PAUSE TestProofsPool_CleanupProofsBehindNonce
=== RUN   TestProofsPool_Concurrency
=== PAUSE TestProofsPool_Concurrency
=== CONT  TestProofsCache
=== RUN   TestProofsCache/incremental_nonces,_should_cleanup_all_caches
=== PAUSE TestProofsCache/incremental_nonces,_should_cleanup_all_caches
=== RUN   TestProofsCache/non_incremental_nonces
=== PAUSE TestProofsCache/non_incremental_nonces
=== RUN   TestProofsCache/shuffled_nonces,_should_cleanup_all_caches
=== PAUSE TestProofsCache/shuffled_nonces,_should_cleanup_all_caches
=== CONT  TestProofsCache/incremental_nonces,_should_cleanup_all_caches
=== CONT  TestProofsPool_Concurrency
=== CONT  TestProofsPool_CleanupProofsBehindNonce
=== RUN   TestProofsPool_CleanupProofsBehindNonce/should_not_cleanup_proofs_behind_delta
=== PAUSE TestProofsPool_CleanupProofsBehindNonce/should_not_cleanup_proofs_behind_delta
=== RUN   TestProofsPool_CleanupProofsBehindNonce/should_not_cleanup_if_nonce_smaller_or_equal_to_delta
=== PAUSE TestProofsPool_CleanupProofsBehindNonce/should_not_cleanup_if_nonce_smaller_or_equal_to_delta
=== CONT  TestProofsPool_CleanupProofsBehindNonce/should_not_cleanup_proofs_behind_delta
=== CONT  TestProofsPool_RegisterHandler
[0;31mERROR[0m[2026-03-16 10:13:37.097]   attempt to register a nil handler to proofs pool 
--- PASS: TestProofsPool_RegisterHandler (0.00s)
=== CONT  TestProofsPool_IsProofEqual
=== RUN   TestProofsPool_IsProofEqual/not_existing_proof,_should_fail
=== PAUSE TestProofsPool_IsProofEqual/not_existing_proof,_should_fail
=== RUN   TestProofsPool_IsProofEqual/nil_provided_proof,_should_fail
=== PAUSE TestProofsPool_IsProofEqual/nil_provided_proof,_should_fail
=== RUN   TestProofsPool_IsProofEqual/same_proof,_should_return_true
=== PAUSE TestProofsPool_IsProofEqual/same_proof,_should_return_true
=== RUN   TestProofsPool_IsProofEqual/not_equal,_should_return_false
=== PAUSE TestProofsPool_IsProofEqual/not_equal,_should_return_false
=== CONT  TestProofsPool_IsProofEqual/not_existing_proof,_should_fail
=== CONT  TestProofsPool_Upsert
--- PASS: TestProofsPool_Upsert (0.00s)
=== CONT  TestProofsPool_ShouldWork
--- PASS: TestProofsPool_ShouldWork (0.00s)
=== CONT  TestNewProofsPool
--- PASS: TestNewProofsPool (0.00s)
=== CONT  TestProofsCache_Concurrency
=== CONT  TestProofsCache/shuffled_nonces,_should_cleanup_all_caches
=== CONT  TestProofsPool_CleanupProofsBehindNonce/should_not_cleanup_if_nonce_smaller_or_equal_to_delta
--- PASS: TestProofsPool_CleanupProofsBehindNonce (0.00s)
    --- PASS: TestProofsPool_CleanupProofsBehindNonce/should_not_cleanup_proofs_behind_delta (0.00s)
    --- PASS: TestProofsPool_CleanupProofsBehindNonce/should_not_cleanup_if_nonce_smaller_or_equal_to_delta (0.00s)
=== CONT  TestProofsCache/non_incremental_nonces
--- PASS: TestProofsCache (0.00s)
    --- PASS: TestProofsCache/incremental_nonces,_should_cleanup_all_caches (0.00s)
    --- PASS: TestProofsCache/shuffled_nonces,_should_cleanup_all_caches (0.00s)
    --- PASS: TestProofsCache/non_incremental_nonces (0.00s)
=== CONT  TestProofsPool_IsProofEqual/not_equal,_should_return_false
=== CONT  TestProofsPool_IsProofEqual/same_proof,_should_return_true
=== CONT  TestProofsPool_IsProofEqual/nil_provided_proof,_should_fail
--- PASS: TestProofsPool_IsProofEqual (0.00s)
    --- PASS: TestProofsPool_IsProofEqual/not_existing_proof,_should_fail (0.00s)
    --- PASS: TestProofsPool_IsProofEqual/not_equal,_should_return_false (0.00s)
    --- PASS: TestProofsPool_IsProofEqual/same_proof,_should_return_true (0.00s)
    --- PASS: TestProofsPool_IsProofEqual/nil_provided_proof,_should_fail (0.00s)
--- PASS: TestProofsCache_Concurrency (0.00s)
--- PASS: TestProofsPool_Concurrency (0.01s)
PASS
ok  	github.com/TerraDharitri/drt-go-chain/dataRetriever/dataPool/proofsCache	(cached)
=== RUN   TestNewDataPoolFromConfig
--- PASS: TestNewDataPoolFromConfig (0.00s)
=== RUN   TestNewDataPoolFromConfig_MissingDependencyShouldErr
--- PASS: TestNewDataPoolFromConfig_MissingDependencyShouldErr (0.00s)
=== RUN   TestNewDataPoolFromConfig_BadConfigShouldErr
not supported cache type while creating the cache for the trie chunks
not supported cache type while creating the cache for the smartcontract results
not supported cache type while creating the cache for the heartbeat messages
--- PASS: TestNewDataPoolFromConfig_BadConfigShouldErr (0.00s)
PASS
ok  	github.com/TerraDharitri/drt-go-chain/dataRetriever/factory	(cached)
=== RUN   TestNewRequestersFinder
=== PAUSE TestNewRequestersFinder
=== RUN   TestRequestersFinder_IntraShardRequester
=== PAUSE TestRequestersFinder_IntraShardRequester
=== RUN   TestRequestersFinder_MetaChainRequester
=== PAUSE TestRequestersFinder_MetaChainRequester
=== RUN   TestRequestersFinder_CrossShardRequester
=== PAUSE TestRequestersFinder_CrossShardRequester
=== RUN   TestRequestersFinder_MetaCrossShardRequester
=== PAUSE TestRequestersFinder_MetaCrossShardRequester
=== RUN   TestNewRequestersContainer_ShouldWork
=== PAUSE TestNewRequestersContainer_ShouldWork
=== RUN   TestRequestersContainer_Add
=== PAUSE TestRequestersContainer_Add
=== RUN   TestRequestersContainer_AddMultiple
=== PAUSE TestRequestersContainer_AddMultiple
=== RUN   TestRequestersContainer_Get
=== PAUSE TestRequestersContainer_Get
=== RUN   TestRequestersContainer_Replace
=== PAUSE TestRequestersContainer_Replace
=== RUN   TestRequestersContainer_Remove
=== PAUSE TestRequestersContainer_Remove
=== RUN   TestRequestersContainer_Len
=== PAUSE TestRequestersContainer_Len
=== RUN   TestRequestersContainer_RequesterKeys
=== PAUSE TestRequestersContainer_RequesterKeys
=== RUN   TestRequestersContainer_Iterate
=== PAUSE TestRequestersContainer_Iterate
=== RUN   TestNewResolversContainer_ShouldWork
=== PAUSE TestNewResolversContainer_ShouldWork
=== RUN   TestResolversContainer_AddAlreadyExistingShouldErr
=== PAUSE TestResolversContainer_AddAlreadyExistingShouldErr
=== RUN   TestResolversContainer_AddNilShouldErr
=== PAUSE TestResolversContainer_AddNilShouldErr
=== RUN   TestResolversContainer_AddEmptyKeyShouldWork
=== PAUSE TestResolversContainer_AddEmptyKeyShouldWork
=== RUN   TestResolversContainer_AddShouldWork
=== PAUSE TestResolversContainer_AddShouldWork
=== RUN   TestResolversContainer_AddMultipleAlreadyExistingShouldErr
=== PAUSE TestResolversContainer_AddMultipleAlreadyExistingShouldErr
=== RUN   TestResolversContainer_AddMultipleLenMismatchShouldErr
=== PAUSE TestResolversContainer_AddMultipleLenMismatchShouldErr
=== RUN   TestResolversContainer_AddMultipleShouldWork
=== PAUSE TestResolversContainer_AddMultipleShouldWork
=== RUN   TestResolversContainer_GetNotFoundShouldErr
=== PAUSE TestResolversContainer_GetNotFoundShouldErr
=== RUN   TestResolversContainer_GetWrongTypeShouldErr
=== PAUSE TestResolversContainer_GetWrongTypeShouldErr
=== RUN   TestResolversContainer_GetShouldWork
=== PAUSE TestResolversContainer_GetShouldWork
=== RUN   TestResolversContainer_ReplaceNilValueShouldErrAndNotModify
=== PAUSE TestResolversContainer_ReplaceNilValueShouldErrAndNotModify
=== RUN   TestResolversContainer_ReplaceShouldWork
=== PAUSE TestResolversContainer_ReplaceShouldWork
=== RUN   TestResolversContainer_RemoveShouldWork
=== PAUSE TestResolversContainer_RemoveShouldWork
=== RUN   TestResolversContainer_LenShouldWork
=== PAUSE TestResolversContainer_LenShouldWork
=== RUN   TestResolversContainer_ResolverKeys
=== PAUSE TestResolversContainer_ResolverKeys
=== RUN   TestResolversContainer_IterateNilHandlerShouldNotPanic
=== PAUSE TestResolversContainer_IterateNilHandlerShouldNotPanic
=== RUN   TestResolversContainer_IterateNotAValidKeyShouldWorkAndNotPanic
=== PAUSE TestResolversContainer_IterateNotAValidKeyShouldWorkAndNotPanic
=== RUN   TestResolversContainer_IterateNotAValidValueShouldWorkAndNotPanic
=== PAUSE TestResolversContainer_IterateNotAValidValueShouldWorkAndNotPanic
=== RUN   TestResolversContainer_Iterate
=== PAUSE TestResolversContainer_Iterate
=== RUN   TestResolversContainer_IterateEarlyExitShouldWork
=== PAUSE TestResolversContainer_IterateEarlyExitShouldWork
=== RUN   TestResolversContainer_Close
=== PAUSE TestResolversContainer_Close
=== CONT  TestNewRequestersFinder
=== RUN   TestNewRequestersFinder/nil_container_should_error
=== PAUSE TestNewRequestersFinder/nil_container_should_error
=== RUN   TestNewRequestersFinder/nil_shard_coordinator_should_error
=== PAUSE TestNewRequestersFinder/nil_shard_coordinator_should_error
=== RUN   TestNewRequestersFinder/should_work
=== PAUSE TestNewRequestersFinder/should_work
=== CONT  TestNewRequestersFinder/nil_container_should_error
=== CONT  TestResolversContainer_Close
[0;33mWARN [0m[2026-03-16 10:13:37.103]   error closing resolver                   [0;33mkey[0m = key1 [0;33merror[0m = expected error 
--- PASS: TestResolversContainer_Close (0.00s)
=== CONT  TestResolversContainer_IterateEarlyExitShouldWork
--- PASS: TestResolversContainer_IterateEarlyExitShouldWork (0.00s)
=== CONT  TestResolversContainer_Iterate
--- PASS: TestResolversContainer_Iterate (0.00s)
=== CONT  TestResolversContainer_IterateNotAValidValueShouldWorkAndNotPanic
--- PASS: TestResolversContainer_IterateNotAValidValueShouldWorkAndNotPanic (0.00s)
=== CONT  TestResolversContainer_IterateNotAValidKeyShouldWorkAndNotPanic
--- PASS: TestResolversContainer_IterateNotAValidKeyShouldWorkAndNotPanic (0.00s)
=== CONT  TestResolversContainer_IterateNilHandlerShouldNotPanic
--- PASS: TestResolversContainer_IterateNilHandlerShouldNotPanic (0.00s)
=== CONT  TestResolversContainer_ResolverKeys
--- PASS: TestResolversContainer_ResolverKeys (0.00s)
=== CONT  TestResolversContainer_LenShouldWork
--- PASS: TestResolversContainer_LenShouldWork (0.00s)
=== CONT  TestResolversContainer_RemoveShouldWork
--- PASS: TestResolversContainer_RemoveShouldWork (0.00s)
=== CONT  TestResolversContainer_ReplaceShouldWork
--- PASS: TestResolversContainer_ReplaceShouldWork (0.00s)
=== CONT  TestResolversContainer_ReplaceNilValueShouldErrAndNotModify
--- PASS: TestResolversContainer_ReplaceNilValueShouldErrAndNotModify (0.00s)
=== CONT  TestResolversContainer_GetShouldWork
--- PASS: TestResolversContainer_GetShouldWork (0.00s)
=== CONT  TestResolversContainer_GetWrongTypeShouldErr
--- PASS: TestResolversContainer_GetWrongTypeShouldErr (0.00s)
=== CONT  TestResolversContainer_GetNotFoundShouldErr
--- PASS: TestResolversContainer_GetNotFoundShouldErr (0.00s)
=== CONT  TestResolversContainer_AddMultipleShouldWork
--- PASS: TestResolversContainer_AddMultipleShouldWork (0.00s)
=== CONT  TestResolversContainer_AddMultipleLenMismatchShouldErr
--- PASS: TestResolversContainer_AddMultipleLenMismatchShouldErr (0.00s)
=== CONT  TestResolversContainer_AddMultipleAlreadyExistingShouldErr
--- PASS: TestResolversContainer_AddMultipleAlreadyExistingShouldErr (0.00s)
=== CONT  TestResolversContainer_AddShouldWork
--- PASS: TestResolversContainer_AddShouldWork (0.00s)
=== CONT  TestResolversContainer_AddEmptyKeyShouldWork
--- PASS: TestResolversContainer_AddEmptyKeyShouldWork (0.00s)
=== CONT  TestResolversContainer_AddNilShouldErr
--- PASS: TestResolversContainer_AddNilShouldErr (0.00s)
=== CONT  TestResolversContainer_AddAlreadyExistingShouldErr
--- PASS: TestResolversContainer_AddAlreadyExistingShouldErr (0.00s)
=== CONT  TestNewResolversContainer_ShouldWork
--- PASS: TestNewResolversContainer_ShouldWork (0.00s)
=== CONT  TestRequestersContainer_Iterate
=== RUN   TestRequestersContainer_Iterate/nil_handler_should_not_panic
=== PAUSE TestRequestersContainer_Iterate/nil_handler_should_not_panic
=== RUN   TestRequestersContainer_Iterate/early_exist_should_work
=== PAUSE TestRequestersContainer_Iterate/early_exist_should_work
=== RUN   TestRequestersContainer_Iterate/should_work
=== PAUSE TestRequestersContainer_Iterate/should_work
=== CONT  TestRequestersContainer_Iterate/nil_handler_should_not_panic
=== CONT  TestRequestersContainer_RequesterKeys
--- PASS: TestRequestersContainer_RequesterKeys (0.00s)
=== CONT  TestRequestersContainer_Len
--- PASS: TestRequestersContainer_Len (0.00s)
=== CONT  TestRequestersContainer_Remove
--- PASS: TestRequestersContainer_Remove (0.00s)
=== CONT  TestRequestersContainer_Replace
=== RUN   TestRequestersContainer_Replace/nil_value_should_error
=== PAUSE TestRequestersContainer_Replace/nil_value_should_error
=== RUN   TestRequestersContainer_Replace/should_work
=== PAUSE TestRequestersContainer_Replace/should_work
=== CONT  TestRequestersContainer_Replace/nil_value_should_error
=== CONT  TestRequestersContainer_Get
=== RUN   TestRequestersContainer_Get/key_not_found_should_error
=== PAUSE TestRequestersContainer_Get/key_not_found_should_error
=== RUN   TestRequestersContainer_Get/wrong_type_should_error
=== PAUSE TestRequestersContainer_Get/wrong_type_should_error
=== RUN   TestRequestersContainer_Get/should_work
=== PAUSE TestRequestersContainer_Get/should_work
=== CONT  TestRequestersContainer_Get/key_not_found_should_error
=== CONT  TestRequestersContainer_AddMultiple
=== RUN   TestRequestersContainer_AddMultiple/already_existing_should_error
=== PAUSE TestRequestersContainer_AddMultiple/already_existing_should_error
=== RUN   TestRequestersContainer_AddMultiple/len_mismatch_should_error
=== PAUSE TestRequestersContainer_AddMultiple/len_mismatch_should_error
=== RUN   TestRequestersContainer_AddMultiple/should_work
=== PAUSE TestRequestersContainer_AddMultiple/should_work
=== CONT  TestRequestersContainer_AddMultiple/already_existing_should_error
=== CONT  TestRequestersContainer_Add
=== RUN   TestRequestersContainer_Add/already_existing_should_error
=== PAUSE TestRequestersContainer_Add/already_existing_should_error
=== RUN   TestRequestersContainer_Add/nil_requester_should_error
=== PAUSE TestRequestersContainer_Add/nil_requester_should_error
=== RUN   TestRequestersContainer_Add/empty_key_should_work
=== CONT  TestNewRequestersContainer_ShouldWork
=== CONT  TestRequestersFinder_IntraShardRequester
--- PASS: TestRequestersFinder_IntraShardRequester (0.00s)
=== CONT  TestNewRequestersFinder/should_work
--- PASS: TestNewRequestersContainer_ShouldWork (0.00s)
=== PAUSE TestRequestersContainer_Add/empty_key_should_work
=== RUN   TestRequestersContainer_Add/should_work
=== PAUSE TestRequestersContainer_Add/should_work
=== CONT  TestRequestersContainer_Add/already_existing_should_error
=== CONT  TestRequestersContainer_Iterate/should_work
=== CONT  TestRequestersContainer_Iterate/early_exist_should_work
--- PASS: TestRequestersContainer_Iterate (0.00s)
    --- PASS: TestRequestersContainer_Iterate/nil_handler_should_not_panic (0.00s)
    --- PASS: TestRequestersContainer_Iterate/should_work (0.00s)
    --- PASS: TestRequestersContainer_Iterate/early_exist_should_work (0.00s)
=== CONT  TestRequestersContainer_Add/should_work
=== CONT  TestRequestersContainer_Add/empty_key_should_work
=== CONT  TestRequestersContainer_Get/should_work
=== CONT  TestRequestersContainer_Get/wrong_type_should_error
--- PASS: TestRequestersContainer_Get (0.00s)
    --- PASS: TestRequestersContainer_Get/key_not_found_should_error (0.00s)
    --- PASS: TestRequestersContainer_Get/should_work (0.00s)
    --- PASS: TestRequestersContainer_Get/wrong_type_should_error (0.00s)
=== CONT  TestRequestersContainer_AddMultiple/should_work
=== CONT  TestRequestersContainer_AddMultiple/len_mismatch_should_error
--- PASS: TestRequestersContainer_AddMultiple (0.00s)
    --- PASS: TestRequestersContainer_AddMultiple/already_existing_should_error (0.00s)
    --- PASS: TestRequestersContainer_AddMultiple/should_work (0.00s)
    --- PASS: TestRequestersContainer_AddMultiple/len_mismatch_should_error (0.00s)
=== CONT  TestNewRequestersFinder/nil_shard_coordinator_should_error
--- PASS: TestNewRequestersFinder (0.00s)
    --- PASS: TestNewRequestersFinder/nil_container_should_error (0.00s)
    --- PASS: TestNewRequestersFinder/should_work (0.00s)
    --- PASS: TestNewRequestersFinder/nil_shard_coordinator_should_error (0.00s)
=== CONT  TestRequestersFinder_MetaChainRequester
--- PASS: TestRequestersFinder_MetaChainRequester (0.00s)
=== CONT  TestRequestersFinder_MetaCrossShardRequester
--- PASS: TestRequestersFinder_MetaCrossShardRequester (0.00s)
=== CONT  TestRequestersFinder_CrossShardRequester
--- PASS: TestRequestersFinder_CrossShardRequester (0.00s)
=== CONT  TestRequestersContainer_Add/nil_requester_should_error
--- PASS: TestRequestersContainer_Add (0.00s)
    --- PASS: TestRequestersContainer_Add/already_existing_should_error (0.00s)
    --- PASS: TestRequestersContainer_Add/should_work (0.00s)
    --- PASS: TestRequestersContainer_Add/empty_key_should_work (0.00s)
    --- PASS: TestRequestersContainer_Add/nil_requester_should_error (0.00s)
=== CONT  TestRequestersContainer_Replace/should_work
--- PASS: TestRequestersContainer_Replace (0.00s)
    --- PASS: TestRequestersContainer_Replace/nil_value_should_error (0.00s)
    --- PASS: TestRequestersContainer_Replace/should_work (0.00s)
PASS
ok  	github.com/TerraDharitri/drt-go-chain/dataRetriever/factory/containers	(cached)
=== RUN   TestCreateCurrentEpochProvider_NilCurrentEpochProvider
=== PAUSE TestCreateCurrentEpochProvider_NilCurrentEpochProvider
=== RUN   TestCreateCurrentEpochProvider_ArithmeticEpochProvider
=== PAUSE TestCreateCurrentEpochProvider_ArithmeticEpochProvider
=== CONT  TestCreateCurrentEpochProvider_NilCurrentEpochProvider
--- PASS: TestCreateCurrentEpochProvider_NilCurrentEpochProvider (0.00s)
=== CONT  TestCreateCurrentEpochProvider_ArithmeticEpochProvider
--- PASS: TestCreateCurrentEpochProvider_ArithmeticEpochProvider (0.00s)
PASS
ok  	github.com/TerraDharitri/drt-go-chain/dataRetriever/factory/epochProviders	(cached)
=== RUN   TestNewMetaRequestersContainerFactory_NilShardCoordinatorShouldErr
=== PAUSE TestNewMetaRequestersContainerFactory_NilShardCoordinatorShouldErr
=== RUN   TestNewMetaRequestersContainerFactory_NilMainMessengerShouldErr
=== PAUSE TestNewMetaRequestersContainerFactory_NilMainMessengerShouldErr
=== RUN   TestNewMetaRequestersContainerFactory_NilFullArchiveMessengerShouldErr
=== PAUSE TestNewMetaRequestersContainerFactory_NilFullArchiveMessengerShouldErr
=== RUN   TestNewMetaRequestersContainerFactory_NilMarshallerShouldErr
=== PAUSE TestNewMetaRequestersContainerFactory_NilMarshallerShouldErr
=== RUN   TestNewMetaRequestersContainerFactory_NilMarshallerAndSizeCheckShouldErr
=== PAUSE TestNewMetaRequestersContainerFactory_NilMarshallerAndSizeCheckShouldErr
=== RUN   TestNewMetaRequestersContainerFactory_NilMainPreferredPeersHolderShouldErr
=== PAUSE TestNewMetaRequestersContainerFactory_NilMainPreferredPeersHolderShouldErr
=== RUN   TestNewMetaRequestersContainerFactory_NilFullArchivePreferredPeersHolderShouldErr
=== PAUSE TestNewMetaRequestersContainerFactory_NilFullArchivePreferredPeersHolderShouldErr
=== RUN   TestNewMetaRequestersContainerFactory_NilPeersRatingHandlerShouldErr
=== PAUSE TestNewMetaRequestersContainerFactory_NilPeersRatingHandlerShouldErr
=== RUN   TestNewMetaRequestersContainerFactory_NilUint64SliceConverterShouldErr
=== PAUSE TestNewMetaRequestersContainerFactory_NilUint64SliceConverterShouldErr
=== RUN   TestNewMetaRequestersContainerFactory_NilOutputAntifloodHandlerShouldErr
=== PAUSE TestNewMetaRequestersContainerFactory_NilOutputAntifloodHandlerShouldErr
=== RUN   TestNewMetaRequestersContainerFactory_NilCurrentNetworkEpochProviderShouldErr
=== PAUSE TestNewMetaRequestersContainerFactory_NilCurrentNetworkEpochProviderShouldErr
=== RUN   TestNewMetaRequestersContainerFactory_InvalidNumCrossShardPeersShouldErr
=== PAUSE TestNewMetaRequestersContainerFactory_InvalidNumCrossShardPeersShouldErr
=== RUN   TestNewMetaRequestersContainerFactory_InvalidNumTotalPeersShouldErr
=== PAUSE TestNewMetaRequestersContainerFactory_InvalidNumTotalPeersShouldErr
=== RUN   TestNewMetaRequestersContainerFactory_InvalidNumFullHistoryPeersShouldErr
=== PAUSE TestNewMetaRequestersContainerFactory_InvalidNumFullHistoryPeersShouldErr
=== RUN   TestNewMetaRequestersContainerFactory_ShouldWork
=== PAUSE TestNewMetaRequestersContainerFactory_ShouldWork
=== RUN   TestMetaRequestersContainerFactory_CreateShouldWork
=== PAUSE TestMetaRequestersContainerFactory_CreateShouldWork
=== RUN   TestMetaRequestersContainerFactory_With4ShardsShouldWork
=== PAUSE TestMetaRequestersContainerFactory_With4ShardsShouldWork
=== RUN   TestNewShardRequestersContainerFactory_NilShardCoordinatorShouldErr
=== PAUSE TestNewShardRequestersContainerFactory_NilShardCoordinatorShouldErr
=== RUN   TestNewShardRequestersContainerFactory_NilMainMessengerShouldErr
=== PAUSE TestNewShardRequestersContainerFactory_NilMainMessengerShouldErr
=== RUN   TestNewShardRequestersContainerFactory_NilFullArchiveMessengerShouldErr
=== PAUSE TestNewShardRequestersContainerFactory_NilFullArchiveMessengerShouldErr
=== RUN   TestNewShardRequestersContainerFactory_NilMarshallerShouldErr
=== PAUSE TestNewShardRequestersContainerFactory_NilMarshallerShouldErr
=== RUN   TestNewShardRequestersContainerFactory_NilMarshallerAndSizeShouldErr
=== PAUSE TestNewShardRequestersContainerFactory_NilMarshallerAndSizeShouldErr
=== RUN   TestNewShardRequestersContainerFactory_NilUint64SliceConverterShouldErr
=== PAUSE TestNewShardRequestersContainerFactory_NilUint64SliceConverterShouldErr
=== RUN   TestNewShardRequestersContainerFactory_NilMainPreferredPeersHolderShouldErr
=== PAUSE TestNewShardRequestersContainerFactory_NilMainPreferredPeersHolderShouldErr
=== RUN   TestNewShardRequestersContainerFactory_NilFullArchivePreferredPeersHolderShouldErr
=== PAUSE TestNewShardRequestersContainerFactory_NilFullArchivePreferredPeersHolderShouldErr
=== RUN   TestNewShardRequestersContainerFactory_NilPeersRatingHandlerShouldErr
=== PAUSE TestNewShardRequestersContainerFactory_NilPeersRatingHandlerShouldErr
=== RUN   TestNewShardRequestersContainerFactory_InvalidNumTotalPeersShouldErr
=== PAUSE TestNewShardRequestersContainerFactory_InvalidNumTotalPeersShouldErr
=== RUN   TestNewShardRequestersContainerFactory_InvalidNumCrossShardPeersShouldErr
=== PAUSE TestNewShardRequestersContainerFactory_InvalidNumCrossShardPeersShouldErr
=== RUN   TestNewShardRequestersContainerFactory_InvalidNumFullHistoryPeersShouldErr
=== PAUSE TestNewShardRequestersContainerFactory_InvalidNumFullHistoryPeersShouldErr
=== RUN   TestNewShardRequestersContainerFactory_NilOutputAntifloodHandlerShouldErr
=== PAUSE TestNewShardRequestersContainerFactory_NilOutputAntifloodHandlerShouldErr
=== RUN   TestNewShardRequestersContainerFactory_NilCurrentNetworkEpochProviderShouldErr
=== PAUSE TestNewShardRequestersContainerFactory_NilCurrentNetworkEpochProviderShouldErr
=== RUN   TestNewShardRequestersContainerFactory_ShouldWork
=== PAUSE TestNewShardRequestersContainerFactory_ShouldWork
=== RUN   TestShardRequestersContainerFactory_CreateShouldWork
=== PAUSE TestShardRequestersContainerFactory_CreateShouldWork
=== RUN   TestShardRequestersContainerFactory_With4ShardsShouldWork
=== PAUSE TestShardRequestersContainerFactory_With4ShardsShouldWork
=== CONT  TestNewMetaRequestersContainerFactory_NilShardCoordinatorShouldErr
=== CONT  TestShardRequestersContainerFactory_CreateShouldWork
=== CONT  TestShardRequestersContainerFactory_With4ShardsShouldWork
--- PASS: TestNewMetaRequestersContainerFactory_NilShardCoordinatorShouldErr (0.00s)
=== CONT  TestMetaRequestersContainerFactory_CreateShouldWork
--- PASS: TestMetaRequestersContainerFactory_CreateShouldWork (0.00s)
=== CONT  TestNewMetaRequestersContainerFactory_ShouldWork
--- PASS: TestNewMetaRequestersContainerFactory_ShouldWork (0.00s)
=== CONT  TestNewMetaRequestersContainerFactory_InvalidNumFullHistoryPeersShouldErr
--- PASS: TestNewMetaRequestersContainerFactory_InvalidNumFullHistoryPeersShouldErr (0.00s)
=== CONT  TestNewMetaRequestersContainerFactory_InvalidNumTotalPeersShouldErr
--- PASS: TestShardRequestersContainerFactory_CreateShouldWork (0.00s)
=== RUN   TestNewMetaRequestersContainerFactory_InvalidNumTotalPeersShouldErr/NumTotalPeers_is_lower_than_NumCrossShardPeers
=== CONT  TestNewMetaRequestersContainerFactory_NilFullArchivePreferredPeersHolderShouldErr
=== RUN   TestNewMetaRequestersContainerFactory_InvalidNumTotalPeersShouldErr/NumTotalPeers_is_equal_to_NumCrossShardPeers
--- PASS: TestNewMetaRequestersContainerFactory_NilFullArchivePreferredPeersHolderShouldErr (0.00s)
=== CONT  TestMetaRequestersContainerFactory_With4ShardsShouldWork
=== CONT  TestNewMetaRequestersContainerFactory_InvalidNumCrossShardPeersShouldErr
=== CONT  TestNewShardRequestersContainerFactory_NilMainPreferredPeersHolderShouldErr
=== CONT  TestNewMetaRequestersContainerFactory_NilCurrentNetworkEpochProviderShouldErr
=== CONT  TestNewShardRequestersContainerFactory_NilUint64SliceConverterShouldErr
=== CONT  TestNewShardRequestersContainerFactory_NilMarshallerAndSizeShouldErr
=== CONT  TestNewShardRequestersContainerFactory_NilMainMessengerShouldErr
=== CONT  TestNewShardRequestersContainerFactory_NilFullArchiveMessengerShouldErr
=== CONT  TestNewShardRequestersContainerFactory_NilShardCoordinatorShouldErr
=== CONT  TestNewMetaRequestersContainerFactory_NilMarshallerShouldErr
=== CONT  TestNewMetaRequestersContainerFactory_NilMarshallerAndSizeCheckShouldErr
=== CONT  TestNewMetaRequestersContainerFactory_NilMainPreferredPeersHolderShouldErr
=== CONT  TestNewMetaRequestersContainerFactory_NilMainMessengerShouldErr
=== CONT  TestNewMetaRequestersContainerFactory_NilFullArchiveMessengerShouldErr
--- PASS: TestShardRequestersContainerFactory_With4ShardsShouldWork (0.00s)
=== CONT  TestNewShardRequestersContainerFactory_NilFullArchivePreferredPeersHolderShouldErr
=== CONT  TestNewShardRequestersContainerFactory_ShouldWork
--- PASS: TestNewMetaRequestersContainerFactory_InvalidNumTotalPeersShouldErr (0.00s)
    --- PASS: TestNewMetaRequestersContainerFactory_InvalidNumTotalPeersShouldErr/NumTotalPeers_is_lower_than_NumCrossShardPeers (0.00s)
    --- PASS: TestNewMetaRequestersContainerFactory_InvalidNumTotalPeersShouldErr/NumTotalPeers_is_equal_to_NumCrossShardPeers (0.00s)
=== CONT  TestNewShardRequestersContainerFactory_NilCurrentNetworkEpochProviderShouldErr
--- PASS: TestNewShardRequestersContainerFactory_ShouldWork (0.00s)
--- PASS: TestNewShardRequestersContainerFactory_NilCurrentNetworkEpochProviderShouldErr (0.00s)
--- PASS: TestNewMetaRequestersContainerFactory_InvalidNumCrossShardPeersShouldErr (0.00s)
=== CONT  TestNewShardRequestersContainerFactory_NilOutputAntifloodHandlerShouldErr
--- PASS: TestNewShardRequestersContainerFactory_NilMainPreferredPeersHolderShouldErr (0.00s)
--- PASS: TestNewShardRequestersContainerFactory_NilOutputAntifloodHandlerShouldErr (0.00s)
--- PASS: TestMetaRequestersContainerFactory_With4ShardsShouldWork (0.00s)
--- PASS: TestNewMetaRequestersContainerFactory_NilCurrentNetworkEpochProviderShouldErr (0.00s)
--- PASS: TestNewShardRequestersContainerFactory_NilMainMessengerShouldErr (0.00s)
--- PASS: TestNewShardRequestersContainerFactory_NilMarshallerAndSizeShouldErr (0.00s)
--- PASS: TestNewShardRequestersContainerFactory_NilUint64SliceConverterShouldErr (0.00s)
=== CONT  TestNewShardRequestersContainerFactory_InvalidNumCrossShardPeersShouldErr
=== CONT  TestNewShardRequestersContainerFactory_InvalidNumTotalPeersShouldErr
=== RUN   TestNewShardRequestersContainerFactory_InvalidNumTotalPeersShouldErr/NumTotalPeers_is_lower_than_NumCrossShardPeers
=== PAUSE TestNewShardRequestersContainerFactory_InvalidNumTotalPeersShouldErr/NumTotalPeers_is_lower_than_NumCrossShardPeers
=== RUN   TestNewShardRequestersContainerFactory_InvalidNumTotalPeersShouldErr/NumTotalPeers_is_equal_to_NumCrossShardPeers
=== CONT  TestNewMetaRequestersContainerFactory_NilPeersRatingHandlerShouldErr
=== PAUSE TestNewShardRequestersContainerFactory_InvalidNumTotalPeersShouldErr/NumTotalPeers_is_equal_to_NumCrossShardPeers
=== CONT  TestNewShardRequestersContainerFactory_NilMarshallerShouldErr
=== CONT  TestNewShardRequestersContainerFactory_InvalidNumTotalPeersShouldErr/NumTotalPeers_is_equal_to_NumCrossShardPeers
=== CONT  TestNewShardRequestersContainerFactory_NilPeersRatingHandlerShouldErr
=== CONT  TestNewMetaRequestersContainerFactory_NilOutputAntifloodHandlerShouldErr
=== CONT  TestNewMetaRequestersContainerFactory_NilUint64SliceConverterShouldErr
--- PASS: TestNewShardRequestersContainerFactory_NilFullArchiveMessengerShouldErr (0.00s)
--- PASS: TestNewShardRequestersContainerFactory_NilShardCoordinatorShouldErr (0.00s)
--- PASS: TestNewMetaRequestersContainerFactory_NilMarshallerShouldErr (0.00s)
=== CONT  TestNewShardRequestersContainerFactory_InvalidNumFullHistoryPeersShouldErr
--- PASS: TestNewMetaRequestersContainerFactory_NilMarshallerAndSizeCheckShouldErr (0.00s)
--- PASS: TestNewShardRequestersContainerFactory_InvalidNumFullHistoryPeersShouldErr (0.00s)
=== CONT  TestNewShardRequestersContainerFactory_InvalidNumTotalPeersShouldErr/NumTotalPeers_is_lower_than_NumCrossShardPeers
--- PASS: TestNewMetaRequestersContainerFactory_NilMainPreferredPeersHolderShouldErr (0.00s)
--- PASS: TestNewMetaRequestersContainerFactory_NilMainMessengerShouldErr (0.00s)
--- PASS: TestNewMetaRequestersContainerFactory_NilFullArchiveMessengerShouldErr (0.00s)
--- PASS: TestNewShardRequestersContainerFactory_NilFullArchivePreferredPeersHolderShouldErr (0.00s)
--- PASS: TestNewShardRequestersContainerFactory_InvalidNumCrossShardPeersShouldErr (0.00s)
--- PASS: TestNewMetaRequestersContainerFactory_NilPeersRatingHandlerShouldErr (0.00s)
--- PASS: TestNewShardRequestersContainerFactory_NilMarshallerShouldErr (0.00s)
--- PASS: TestNewShardRequestersContainerFactory_InvalidNumTotalPeersShouldErr (0.00s)
    --- PASS: TestNewShardRequestersContainerFactory_InvalidNumTotalPeersShouldErr/NumTotalPeers_is_equal_to_NumCrossShardPeers (0.00s)
    --- PASS: TestNewShardRequestersContainerFactory_InvalidNumTotalPeersShouldErr/NumTotalPeers_is_lower_than_NumCrossShardPeers (0.00s)
--- PASS: TestNewShardRequestersContainerFactory_NilPeersRatingHandlerShouldErr (0.00s)
--- PASS: TestNewMetaRequestersContainerFactory_NilOutputAntifloodHandlerShouldErr (0.00s)
--- PASS: TestNewMetaRequestersContainerFactory_NilUint64SliceConverterShouldErr (0.00s)
PASS
ok  	github.com/TerraDharitri/drt-go-chain/dataRetriever/factory/requestersContainer	(cached)
=== RUN   TestNewMetaResolversContainerFactory_NewNumGoRoutinesThrottlerFailsShouldErr
=== PAUSE TestNewMetaResolversContainerFactory_NewNumGoRoutinesThrottlerFailsShouldErr
=== RUN   TestNewMetaResolversContainerFactory_NilShardCoordinatorShouldErr
=== PAUSE TestNewMetaResolversContainerFactory_NilShardCoordinatorShouldErr
=== RUN   TestNewMetaResolversContainerFactory_NilMainMessengerShouldErr
=== PAUSE TestNewMetaResolversContainerFactory_NilMainMessengerShouldErr
=== RUN   TestNewMetaResolversContainerFactory_NilFullArchiveMessengerShouldErr
=== PAUSE TestNewMetaResolversContainerFactory_NilFullArchiveMessengerShouldErr
=== RUN   TestNewMetaResolversContainerFactory_NilStoreShouldErr
=== PAUSE TestNewMetaResolversContainerFactory_NilStoreShouldErr
=== RUN   TestNewMetaResolversContainerFactory_NilMarshalizerShouldErr
=== PAUSE TestNewMetaResolversContainerFactory_NilMarshalizerShouldErr
=== RUN   TestNewMetaResolversContainerFactory_NilMarshalizerAndSizeCheckShouldErr
=== PAUSE TestNewMetaResolversContainerFactory_NilMarshalizerAndSizeCheckShouldErr
=== RUN   TestNewMetaResolversContainerFactory_NilDataPoolShouldErr
=== PAUSE TestNewMetaResolversContainerFactory_NilDataPoolShouldErr
=== RUN   TestNewMetaResolversContainerFactory_NilMainPreferredPeersHolderShouldErr
=== PAUSE TestNewMetaResolversContainerFactory_NilMainPreferredPeersHolderShouldErr
=== RUN   TestNewMetaResolversContainerFactory_NilFullArchivePreferredPeersHolderShouldErr
=== PAUSE TestNewMetaResolversContainerFactory_NilFullArchivePreferredPeersHolderShouldErr
=== RUN   TestNewMetaResolversContainerFactory_NilUint64SliceConverterShouldErr
=== PAUSE TestNewMetaResolversContainerFactory_NilUint64SliceConverterShouldErr
=== RUN   TestNewMetaResolversContainerFactory_NilDataPackerShouldErr
=== PAUSE TestNewMetaResolversContainerFactory_NilDataPackerShouldErr
=== RUN   TestNewMetaResolversContainerFactory_NilTrieDataGetterShouldErr
=== PAUSE TestNewMetaResolversContainerFactory_NilTrieDataGetterShouldErr
=== RUN   TestNewMetaResolversContainerFactory_NilInputAntifloodHandlerShouldErr
=== PAUSE TestNewMetaResolversContainerFactory_NilInputAntifloodHandlerShouldErr
=== RUN   TestNewMetaResolversContainerFactory_NilOutputAntifloodHandlerShouldErr
=== PAUSE TestNewMetaResolversContainerFactory_NilOutputAntifloodHandlerShouldErr
=== RUN   TestMetaResolversContainerFactory_CreateRegisterShardHeadersForMetachainOnMainNetworkFailsShouldErr
=== PAUSE TestMetaResolversContainerFactory_CreateRegisterShardHeadersForMetachainOnMainNetworkFailsShouldErr
=== RUN   TestMetaResolversContainerFactory_CreateRegisterShardHeadersForMetachainOnFullArchiveNetworkFailsShouldErr
=== PAUSE TestMetaResolversContainerFactory_CreateRegisterShardHeadersForMetachainOnFullArchiveNetworkFailsShouldErr
=== RUN   TestMetaResolversContainerFactory_CreateShouldWork
=== PAUSE TestMetaResolversContainerFactory_CreateShouldWork
=== RUN   TestMetaResolversContainerFactory_With4ShardsShouldWork
=== PAUSE TestMetaResolversContainerFactory_With4ShardsShouldWork
=== RUN   TestMetaResolversContainerFactory_IsInterfaceNil
=== PAUSE TestMetaResolversContainerFactory_IsInterfaceNil
=== RUN   TestNewShardResolversContainerFactory_NewNumGoRoutinesThrottlerFailsShouldErr
=== PAUSE TestNewShardResolversContainerFactory_NewNumGoRoutinesThrottlerFailsShouldErr
=== RUN   TestNewShardResolversContainerFactory_NilShardCoordinatorShouldErr
=== PAUSE TestNewShardResolversContainerFactory_NilShardCoordinatorShouldErr
=== RUN   TestNewShardResolversContainerFactory_NilMainMessengerShouldErr
=== PAUSE TestNewShardResolversContainerFactory_NilMainMessengerShouldErr
=== RUN   TestNewShardResolversContainerFactory_NilFullArchiveMessengerShouldErr
=== PAUSE TestNewShardResolversContainerFactory_NilFullArchiveMessengerShouldErr
=== RUN   TestNewShardResolversContainerFactory_NilStoreShouldErr
=== PAUSE TestNewShardResolversContainerFactory_NilStoreShouldErr
=== RUN   TestNewShardResolversContainerFactory_NilMarshalizerShouldErr
=== PAUSE TestNewShardResolversContainerFactory_NilMarshalizerShouldErr
=== RUN   TestNewShardResolversContainerFactory_NilMarshalizerAndSizeShouldErr
=== PAUSE TestNewShardResolversContainerFactory_NilMarshalizerAndSizeShouldErr
=== RUN   TestNewShardResolversContainerFactory_NilDataPoolShouldErr
=== PAUSE TestNewShardResolversContainerFactory_NilDataPoolShouldErr
=== RUN   TestNewShardResolversContainerFactory_NilUint64SliceConverterShouldErr
=== PAUSE TestNewShardResolversContainerFactory_NilUint64SliceConverterShouldErr
=== RUN   TestNewShardResolversContainerFactory_NilDataPackerShouldErr
=== PAUSE TestNewShardResolversContainerFactory_NilDataPackerShouldErr
=== RUN   TestNewShardResolversContainerFactory_NilMainPreferredPeersHolderShouldErr
=== PAUSE TestNewShardResolversContainerFactory_NilMainPreferredPeersHolderShouldErr
=== RUN   TestNewShardResolversContainerFactory_NilFullArchivePreferredPeersHolderShouldErr
=== PAUSE TestNewShardResolversContainerFactory_NilFullArchivePreferredPeersHolderShouldErr
=== RUN   TestNewShardResolversContainerFactory_NilTriesContainerShouldErr
=== PAUSE TestNewShardResolversContainerFactory_NilTriesContainerShouldErr
=== RUN   TestNewShardResolversContainerFactory_NilInputAntifloodHandlerShouldErr
=== PAUSE TestNewShardResolversContainerFactory_NilInputAntifloodHandlerShouldErr
=== RUN   TestNewShardResolversContainerFactory_NilOutputAntifloodHandlerShouldErr
=== PAUSE TestNewShardResolversContainerFactory_NilOutputAntifloodHandlerShouldErr
=== RUN   TestShardResolversContainerFactory_CreateRegisterTxFailsOnMainNetworkShouldErr
=== PAUSE TestShardResolversContainerFactory_CreateRegisterTxFailsOnMainNetworkShouldErr
=== RUN   TestShardResolversContainerFactory_CreateRegisterTxFailsOnFullArchiveNetworkShouldErr
=== PAUSE TestShardResolversContainerFactory_CreateRegisterTxFailsOnFullArchiveNetworkShouldErr
=== RUN   TestShardResolversContainerFactory_CreateRegisterHdrFailsOnMainNetworkShouldErr
=== PAUSE TestShardResolversContainerFactory_CreateRegisterHdrFailsOnMainNetworkShouldErr
=== RUN   TestShardResolversContainerFactory_CreateRegisterHdrFailsOnFullArchiveNetworkShouldErr
=== PAUSE TestShardResolversContainerFactory_CreateRegisterHdrFailsOnFullArchiveNetworkShouldErr
=== RUN   TestShardResolversContainerFactory_CreateRegisterMiniBlocksFailsOnMainNetworkShouldErr
=== PAUSE TestShardResolversContainerFactory_CreateRegisterMiniBlocksFailsOnMainNetworkShouldErr
=== RUN   TestShardResolversContainerFactory_CreateRegisterMiniBlocksFailsOnFullArchiveNetworkShouldErr
=== PAUSE TestShardResolversContainerFactory_CreateRegisterMiniBlocksFailsOnFullArchiveNetworkShouldErr
=== RUN   TestShardResolversContainerFactory_CreateRegisterTrieNodesFailsOnMainNetworkShouldErr
=== PAUSE TestShardResolversContainerFactory_CreateRegisterTrieNodesFailsOnMainNetworkShouldErr
=== RUN   TestShardResolversContainerFactory_CreateRegisterTrieNodesFailsOnFullArchiveNetworkShouldErr
=== PAUSE TestShardResolversContainerFactory_CreateRegisterTrieNodesFailsOnFullArchiveNetworkShouldErr
=== RUN   TestShardResolversContainerFactory_CreateRegisterPeerAuthenticationOnMainNetworkShouldErr
=== PAUSE TestShardResolversContainerFactory_CreateRegisterPeerAuthenticationOnMainNetworkShouldErr
=== RUN   TestShardResolversContainerFactory_CreateRegisterPeerAuthenticationOnFullArchiveNetworkShouldErr
=== PAUSE TestShardResolversContainerFactory_CreateRegisterPeerAuthenticationOnFullArchiveNetworkShouldErr
=== RUN   TestShardResolversContainerFactory_CreateShouldWork
=== PAUSE TestShardResolversContainerFactory_CreateShouldWork
=== RUN   TestShardResolversContainerFactory_With4ShardsShouldWork
=== PAUSE TestShardResolversContainerFactory_With4ShardsShouldWork
=== RUN   TestShardResolversContainerFactory_IsInterfaceNil
=== PAUSE TestShardResolversContainerFactory_IsInterfaceNil
=== CONT  TestNewMetaResolversContainerFactory_NewNumGoRoutinesThrottlerFailsShouldErr
=== CONT  TestShardResolversContainerFactory_CreateRegisterMiniBlocksFailsOnMainNetworkShouldErr
=== CONT  TestShardResolversContainerFactory_CreateRegisterHdrFailsOnFullArchiveNetworkShouldErr
=== CONT  TestShardResolversContainerFactory_CreateRegisterPeerAuthenticationOnMainNetworkShouldErr
=== CONT  TestNewShardResolversContainerFactory_NilDataPackerShouldErr
=== CONT  TestShardResolversContainerFactory_CreateShouldWork
=== CONT  TestNewMetaResolversContainerFactory_NilUint64SliceConverterShouldErr
=== CONT  TestMetaResolversContainerFactory_IsInterfaceNil
=== CONT  TestMetaResolversContainerFactory_With4ShardsShouldWork
=== CONT  TestShardResolversContainerFactory_CreateRegisterHdrFailsOnMainNetworkShouldErr
=== CONT  TestMetaResolversContainerFactory_CreateRegisterShardHeadersForMetachainOnMainNetworkFailsShouldErr
=== CONT  TestMetaResolversContainerFactory_CreateRegisterShardHeadersForMetachainOnFullArchiveNetworkFailsShouldErr
=== CONT  TestNewMetaResolversContainerFactory_NilInputAntifloodHandlerShouldErr
=== CONT  TestNewMetaResolversContainerFactory_NilTrieDataGetterShouldErr
=== CONT  TestNewMetaResolversContainerFactory_NilDataPackerShouldErr
=== CONT  TestNewMetaResolversContainerFactory_NilFullArchivePreferredPeersHolderShouldErr
=== CONT  TestNewShardResolversContainerFactory_NilMarshalizerShouldErr
=== CONT  TestNewMetaResolversContainerFactory_NilMainPreferredPeersHolderShouldErr
=== CONT  TestNewShardResolversContainerFactory_NilUint64SliceConverterShouldErr
=== CONT  TestNewShardResolversContainerFactory_NilDataPoolShouldErr
=== CONT  TestShardResolversContainerFactory_CreateRegisterTxFailsOnMainNetworkShouldErr
=== CONT  TestNewShardResolversContainerFactory_NilMarshalizerAndSizeShouldErr
=== CONT  TestNewMetaResolversContainerFactory_NilDataPoolShouldErr
=== CONT  TestNewShardResolversContainerFactory_NilFullArchiveMessengerShouldErr
=== CONT  TestNewMetaResolversContainerFactory_NilMarshalizerAndSizeCheckShouldErr
=== CONT  TestNewMetaResolversContainerFactory_NilMarshalizerShouldErr
=== CONT  TestNewShardResolversContainerFactory_NilMainMessengerShouldErr
=== CONT  TestNewMetaResolversContainerFactory_NilStoreShouldErr
=== CONT  TestNewShardResolversContainerFactory_NilOutputAntifloodHandlerShouldErr
=== CONT  TestNewShardResolversContainerFactory_NilInputAntifloodHandlerShouldErr
=== CONT  TestNewShardResolversContainerFactory_NilTriesContainerShouldErr
=== CONT  TestNewShardResolversContainerFactory_NilFullArchivePreferredPeersHolderShouldErr
=== CONT  TestNewShardResolversContainerFactory_NilMainPreferredPeersHolderShouldErr
=== CONT  TestShardResolversContainerFactory_CreateRegisterTrieNodesFailsOnFullArchiveNetworkShouldErr
=== CONT  TestShardResolversContainerFactory_CreateRegisterPeerAuthenticationOnFullArchiveNetworkShouldErr
=== CONT  TestShardResolversContainerFactory_IsInterfaceNil
--- PASS: TestNewMetaResolversContainerFactory_NewNumGoRoutinesThrottlerFailsShouldErr (0.00s)
=== CONT  TestNewShardResolversContainerFactory_NewNumGoRoutinesThrottlerFailsShouldErr
--- PASS: TestShardResolversContainerFactory_CreateRegisterHdrFailsOnFullArchiveNetworkShouldErr (0.00s)
--- PASS: TestNewShardResolversContainerFactory_NilDataPackerShouldErr (0.00s)
--- PASS: TestShardResolversContainerFactory_CreateShouldWork (0.00s)
--- PASS: TestNewMetaResolversContainerFactory_NilUint64SliceConverterShouldErr (0.00s)
--- PASS: TestMetaResolversContainerFactory_IsInterfaceNil (0.00s)
--- PASS: TestShardResolversContainerFactory_CreateRegisterMiniBlocksFailsOnMainNetworkShouldErr (0.00s)
--- PASS: TestShardResolversContainerFactory_CreateRegisterHdrFailsOnMainNetworkShouldErr (0.00s)
--- PASS: TestShardResolversContainerFactory_CreateRegisterPeerAuthenticationOnMainNetworkShouldErr (0.00s)
--- PASS: TestMetaResolversContainerFactory_With4ShardsShouldWork (0.00s)
--- PASS: TestMetaResolversContainerFactory_CreateRegisterShardHeadersForMetachainOnMainNetworkFailsShouldErr (0.00s)
--- PASS: TestMetaResolversContainerFactory_CreateRegisterShardHeadersForMetachainOnFullArchiveNetworkFailsShouldErr (0.00s)
=== CONT  TestShardResolversContainerFactory_With4ShardsShouldWork
=== CONT  TestMetaResolversContainerFactory_CreateShouldWork
=== CONT  TestShardResolversContainerFactory_CreateRegisterMiniBlocksFailsOnFullArchiveNetworkShouldErr
=== CONT  TestNewMetaResolversContainerFactory_NilOutputAntifloodHandlerShouldErr
=== CONT  TestNewMetaResolversContainerFactory_NilShardCoordinatorShouldErr
=== CONT  TestNewMetaResolversContainerFactory_NilMainMessengerShouldErr
=== CONT  TestNewShardResolversContainerFactory_NilShardCoordinatorShouldErr
--- PASS: TestNewMetaResolversContainerFactory_NilInputAntifloodHandlerShouldErr (0.00s)
--- PASS: TestNewMetaResolversContainerFactory_NilTrieDataGetterShouldErr (0.00s)
--- PASS: TestNewMetaResolversContainerFactory_NilDataPackerShouldErr (0.00s)
--- PASS: TestNewMetaResolversContainerFactory_NilFullArchivePreferredPeersHolderShouldErr (0.00s)
--- PASS: TestNewMetaResolversContainerFactory_NilMainPreferredPeersHolderShouldErr (0.00s)
--- PASS: TestNewShardResolversContainerFactory_NilMarshalizerShouldErr (0.00s)
--- PASS: TestNewShardResolversContainerFactory_NilDataPoolShouldErr (0.00s)
--- PASS: TestNewShardResolversContainerFactory_NilUint64SliceConverterShouldErr (0.00s)
--- PASS: TestNewMetaResolversContainerFactory_NilDataPoolShouldErr (0.00s)
--- PASS: TestNewShardResolversContainerFactory_NilMarshalizerAndSizeShouldErr (0.00s)
--- PASS: TestShardResolversContainerFactory_CreateRegisterTxFailsOnMainNetworkShouldErr (0.00s)
--- PASS: TestNewShardResolversContainerFactory_NilFullArchiveMessengerShouldErr (0.00s)
--- PASS: TestNewMetaResolversContainerFactory_NilMarshalizerShouldErr (0.00s)
--- PASS: TestNewMetaResolversContainerFactory_NilMarshalizerAndSizeCheckShouldErr (0.00s)
--- PASS: TestNewShardResolversContainerFactory_NilMainMessengerShouldErr (0.00s)
--- PASS: TestShardResolversContainerFactory_With4ShardsShouldWork (0.00s)
=== CONT  TestShardResolversContainerFactory_CreateRegisterTxFailsOnFullArchiveNetworkShouldErr
=== CONT  TestNewShardResolversContainerFactory_NilStoreShouldErr
--- PASS: TestNewMetaResolversContainerFactory_NilStoreShouldErr (0.00s)
--- PASS: TestMetaResolversContainerFactory_CreateShouldWork (0.00s)
--- PASS: TestShardResolversContainerFactory_CreateRegisterMiniBlocksFailsOnFullArchiveNetworkShouldErr (0.00s)
--- PASS: TestNewMetaResolversContainerFactory_NilShardCoordinatorShouldErr (0.00s)
--- PASS: TestNewMetaResolversContainerFactory_NilOutputAntifloodHandlerShouldErr (0.00s)
--- PASS: TestNewShardResolversContainerFactory_NilShardCoordinatorShouldErr (0.00s)
--- PASS: TestNewMetaResolversContainerFactory_NilMainMessengerShouldErr (0.00s)
--- PASS: TestNewShardResolversContainerFactory_NilStoreShouldErr (0.00s)
--- PASS: TestShardResolversContainerFactory_CreateRegisterTxFailsOnFullArchiveNetworkShouldErr (0.00s)
=== CONT  TestShardResolversContainerFactory_CreateRegisterTrieNodesFailsOnMainNetworkShouldErr
=== CONT  TestNewMetaResolversContainerFactory_NilFullArchiveMessengerShouldErr
--- PASS: TestNewMetaResolversContainerFactory_NilFullArchiveMessengerShouldErr (0.00s)
--- PASS: TestNewShardResolversContainerFactory_NilOutputAntifloodHandlerShouldErr (0.00s)
--- PASS: TestNewShardResolversContainerFactory_NilInputAntifloodHandlerShouldErr (0.00s)
--- PASS: TestShardResolversContainerFactory_CreateRegisterTrieNodesFailsOnMainNetworkShouldErr (0.00s)
--- PASS: TestNewShardResolversContainerFactory_NilTriesContainerShouldErr (0.00s)
--- PASS: TestNewShardResolversContainerFactory_NilFullArchivePreferredPeersHolderShouldErr (0.00s)
--- PASS: TestNewShardResolversContainerFactory_NilMainPreferredPeersHolderShouldErr (0.00s)
--- PASS: TestShardResolversContainerFactory_CreateRegisterTrieNodesFailsOnFullArchiveNetworkShouldErr (0.00s)
--- PASS: TestShardResolversContainerFactory_CreateRegisterPeerAuthenticationOnFullArchiveNetworkShouldErr (0.00s)
--- PASS: TestShardResolversContainerFactory_IsInterfaceNil (0.00s)
--- PASS: TestNewShardResolversContainerFactory_NewNumGoRoutinesThrottlerFailsShouldErr (0.00s)
PASS
ok  	github.com/TerraDharitri/drt-go-chain/dataRetriever/factory/resolverscontainer	(cached)
=== RUN   TestNewMetaRequestersContainerFactory_NilShardCoordinatorShouldErr
=== PAUSE TestNewMetaRequestersContainerFactory_NilShardCoordinatorShouldErr
=== RUN   TestNewMetaRequestersContainerFactory_NilMessengerShouldErr
=== PAUSE TestNewMetaRequestersContainerFactory_NilMessengerShouldErr
=== RUN   TestNewMetaRequestersContainerFactory_NilStoreShouldErr
=== PAUSE TestNewMetaRequestersContainerFactory_NilStoreShouldErr
=== RUN   TestNewMetaRequestersContainerFactory_NilMarshalizerShouldErr
=== PAUSE TestNewMetaRequestersContainerFactory_NilMarshalizerShouldErr
=== RUN   TestNewMetaRequestersContainerFactory_NilUint64SliceConverterShouldErr
=== PAUSE TestNewMetaRequestersContainerFactory_NilUint64SliceConverterShouldErr
=== RUN   TestNewMetaRequestersContainerFactory_NilDataPackerShouldErr
=== PAUSE TestNewMetaRequestersContainerFactory_NilDataPackerShouldErr
=== RUN   TestNewMetaRequestersContainerFactory_NilStateStatsShouldErr
=== PAUSE TestNewMetaRequestersContainerFactory_NilStateStatsShouldErr
=== RUN   TestNewMetaRequestersContainerFactory_ShouldWork
=== PAUSE TestNewMetaRequestersContainerFactory_ShouldWork
=== RUN   TestMetaRequestersContainerFactory_CreateShouldWork
=== PAUSE TestMetaRequestersContainerFactory_CreateShouldWork
=== RUN   TestMetaRequestersContainerFactory_With4ShardsShouldWork
=== PAUSE TestMetaRequestersContainerFactory_With4ShardsShouldWork
=== RUN   TestNewShardRequestersContainerFactory_NilShardCoordinatorShouldErr
=== PAUSE TestNewShardRequestersContainerFactory_NilShardCoordinatorShouldErr
=== RUN   TestNewShardRequestersContainerFactory_NilMessengerShouldErr
=== PAUSE TestNewShardRequestersContainerFactory_NilMessengerShouldErr
=== RUN   TestNewShardRequestersContainerFactory_NilStoreShouldErr
=== PAUSE TestNewShardRequestersContainerFactory_NilStoreShouldErr
=== RUN   TestNewShardRequestersContainerFactory_NilMarshalizerShouldErr
=== PAUSE TestNewShardRequestersContainerFactory_NilMarshalizerShouldErr
=== RUN   TestNewShardRequestersContainerFactory_NilUint64SliceConverterShouldErr
=== PAUSE TestNewShardRequestersContainerFactory_NilUint64SliceConverterShouldErr
=== RUN   TestNewShardRequestersContainerFactory_NilDataPackerShouldErr
=== PAUSE TestNewShardRequestersContainerFactory_NilDataPackerShouldErr
=== RUN   TestNewShardRequestersContainerFactory_NilStateStatsShouldErr
=== PAUSE TestNewShardRequestersContainerFactory_NilStateStatsShouldErr
=== RUN   TestNewShardRequestersContainerFactory_ShouldWork
=== PAUSE TestNewShardRequestersContainerFactory_ShouldWork
=== RUN   TestShardRequestersContainerFactory_CreateShouldWork
=== PAUSE TestShardRequestersContainerFactory_CreateShouldWork
=== RUN   TestShardRequestersContainerFactory_With4ShardsShouldWork
=== PAUSE TestShardRequestersContainerFactory_With4ShardsShouldWork
=== CONT  TestNewMetaRequestersContainerFactory_NilShardCoordinatorShouldErr
=== CONT  TestNewShardRequestersContainerFactory_NilShardCoordinatorShouldErr
--- PASS: TestNewMetaRequestersContainerFactory_NilShardCoordinatorShouldErr (0.00s)
=== CONT  TestMetaRequestersContainerFactory_With4ShardsShouldWork
=== CONT  TestNewShardRequestersContainerFactory_NilMarshalizerShouldErr
=== CONT  TestNewShardRequestersContainerFactory_NilDataPackerShouldErr
--- PASS: TestNewShardRequestersContainerFactory_NilMarshalizerShouldErr (0.00s)
=== CONT  TestNewShardRequestersContainerFactory_NilStoreShouldErr
--- PASS: TestNewShardRequestersContainerFactory_NilDataPackerShouldErr (0.00s)
=== CONT  TestNewMetaRequestersContainerFactory_ShouldWork
--- PASS: TestNewShardRequestersContainerFactory_NilStoreShouldErr (0.00s)
=== CONT  TestShardRequestersContainerFactory_With4ShardsShouldWork
--- PASS: TestNewMetaRequestersContainerFactory_ShouldWork (0.00s)
=== CONT  TestMetaRequestersContainerFactory_CreateShouldWork
=== CONT  TestNewMetaRequestersContainerFactory_NilUint64SliceConverterShouldErr
=== CONT  TestNewMetaRequestersContainerFactory_NilMarshalizerShouldErr
=== CONT  TestShardRequestersContainerFactory_CreateShouldWork
=== CONT  TestNewMetaRequestersContainerFactory_NilStoreShouldErr
=== CONT  TestNewMetaRequestersContainerFactory_NilDataPackerShouldErr
=== CONT  TestNewShardRequestersContainerFactory_ShouldWork
=== CONT  TestNewShardRequestersContainerFactory_NilUint64SliceConverterShouldErr
=== CONT  TestNewShardRequestersContainerFactory_NilMessengerShouldErr
=== CONT  TestNewMetaRequestersContainerFactory_NilMessengerShouldErr
--- PASS: TestMetaRequestersContainerFactory_With4ShardsShouldWork (0.00s)
--- PASS: TestShardRequestersContainerFactory_With4ShardsShouldWork (0.00s)
--- PASS: TestNewMetaRequestersContainerFactory_NilMarshalizerShouldErr (0.00s)
--- PASS: TestNewMetaRequestersContainerFactory_NilUint64SliceConverterShouldErr (0.00s)
--- PASS: TestMetaRequestersContainerFactory_CreateShouldWork (0.00s)
--- PASS: TestNewMetaRequestersContainerFactory_NilMessengerShouldErr (0.00s)
--- PASS: TestNewMetaRequestersContainerFactory_NilStoreShouldErr (0.00s)
=== CONT  TestNewMetaRequestersContainerFactory_NilStateStatsShouldErr
--- PASS: TestNewMetaRequestersContainerFactory_NilDataPackerShouldErr (0.00s)
--- PASS: TestNewShardRequestersContainerFactory_NilShardCoordinatorShouldErr (0.00s)
--- PASS: TestShardRequestersContainerFactory_CreateShouldWork (0.00s)
=== CONT  TestNewShardRequestersContainerFactory_NilStateStatsShouldErr
--- PASS: TestNewShardRequestersContainerFactory_NilUint64SliceConverterShouldErr (0.00s)
--- PASS: TestNewShardRequestersContainerFactory_ShouldWork (0.00s)
--- PASS: TestNewShardRequestersContainerFactory_NilMessengerShouldErr (0.00s)
--- PASS: TestNewMetaRequestersContainerFactory_NilStateStatsShouldErr (0.00s)
--- PASS: TestNewShardRequestersContainerFactory_NilStateStatsShouldErr (0.00s)
PASS
ok  	github.com/TerraDharitri/drt-go-chain/dataRetriever/factory/storageRequestersContainer	(cached)
=== RUN   TestNewMiniBlockProvider_NilMarshalizerShouldErr
=== PAUSE TestNewMiniBlockProvider_NilMarshalizerShouldErr
=== RUN   TestNewMiniBlockProvider_NilPoolShouldErr
=== PAUSE TestNewMiniBlockProvider_NilPoolShouldErr
=== RUN   TestNewMiniBlockProvider_NilStorageShouldErr
=== PAUSE TestNewMiniBlockProvider_NilStorageShouldErr
=== RUN   TestNewMiniBlockProvider_ShouldWork
=== PAUSE TestNewMiniBlockProvider_ShouldWork
=== RUN   TestMiniBlockProvider_GetMiniBlocksFromPoolFoundInPoolShouldReturn
=== PAUSE TestMiniBlockProvider_GetMiniBlocksFromPoolFoundInPoolShouldReturn
=== RUN   TestMiniBlockProvider_GetMiniBlocksFromPoolTwoFoundInPoolShouldReturn
=== PAUSE TestMiniBlockProvider_GetMiniBlocksFromPoolTwoFoundInPoolShouldReturn
=== RUN   TestMiniBlockProvider_GetMiniBlocksFromPoolWrongTypeInPoolShouldNotReturn
=== PAUSE TestMiniBlockProvider_GetMiniBlocksFromPoolWrongTypeInPoolShouldNotReturn
=== RUN   TestMiniBlockProvider_GetMiniBlocksFoundInPoolShouldReturn
=== PAUSE TestMiniBlockProvider_GetMiniBlocksFoundInPoolShouldReturn
=== RUN   TestMiniBlockProvider_GetMiniBlocksNotFoundInPoolButFoundInStorageShouldReturn
=== PAUSE TestMiniBlockProvider_GetMiniBlocksNotFoundInPoolButFoundInStorageShouldReturn
=== RUN   TestMiniBlockProvider_GetMiniBlocksShouldWork
=== PAUSE TestMiniBlockProvider_GetMiniBlocksShouldWork
=== RUN   TestMiniBlockProvider_GetMiniBlocksFromStorerShouldNotBeFoundInStorage
=== PAUSE TestMiniBlockProvider_GetMiniBlocksFromStorerShouldNotBeFoundInStorage
=== RUN   TestMiniBlockProvider_GetMiniBlocksFromStorerShouldBePartiallyFoundInStorage
=== PAUSE TestMiniBlockProvider_GetMiniBlocksFromStorerShouldBePartiallyFoundInStorage
=== RUN   TestMiniBlockProvider_GetMiniBlocksFromStorerShouldBeFoundInStorage
=== PAUSE TestMiniBlockProvider_GetMiniBlocksFromStorerShouldBeFoundInStorage
=== CONT  TestNewMiniBlockProvider_NilMarshalizerShouldErr
--- PASS: TestNewMiniBlockProvider_NilMarshalizerShouldErr (0.00s)
=== CONT  TestMiniBlockProvider_GetMiniBlocksFoundInPoolShouldReturn
=== CONT  TestMiniBlockProvider_GetMiniBlocksShouldWork
--- PASS: TestMiniBlockProvider_GetMiniBlocksFoundInPoolShouldReturn (0.00s)
=== CONT  TestMiniBlockProvider_GetMiniBlocksFromPoolFoundInPoolShouldReturn
=== CONT  TestMiniBlockProvider_GetMiniBlocksNotFoundInPoolButFoundInStorageShouldReturn
=== CONT  TestNewMiniBlockProvider_NilStorageShouldErr
=== CONT  TestNewMiniBlockProvider_NilPoolShouldErr
=== CONT  TestMiniBlockProvider_GetMiniBlocksFromPoolWrongTypeInPoolShouldNotReturn
=== CONT  TestMiniBlockProvider_GetMiniBlocksFromPoolTwoFoundInPoolShouldReturn
=== CONT  TestMiniBlockProvider_GetMiniBlocksFromStorerShouldNotBeFoundInStorage
=== CONT  TestMiniBlockProvider_GetMiniBlocksFromStorerShouldBeFoundInStorage
=== CONT  TestMiniBlockProvider_GetMiniBlocksFromStorerShouldBePartiallyFoundInStorage
=== CONT  TestNewMiniBlockProvider_ShouldWork
--- PASS: TestMiniBlockProvider_GetMiniBlocksFromPoolFoundInPoolShouldReturn (0.00s)
--- PASS: TestNewMiniBlockProvider_NilStorageShouldErr (0.00s)
--- PASS: TestNewMiniBlockProvider_NilPoolShouldErr (0.00s)
--- PASS: TestMiniBlockProvider_GetMiniBlocksShouldWork (0.00s)
--- PASS: TestMiniBlockProvider_GetMiniBlocksNotFoundInPoolButFoundInStorageShouldReturn (0.00s)
--- PASS: TestMiniBlockProvider_GetMiniBlocksFromPoolTwoFoundInPoolShouldReturn (0.00s)
--- PASS: TestMiniBlockProvider_GetMiniBlocksFromStorerShouldNotBeFoundInStorage (0.00s)
--- PASS: TestMiniBlockProvider_GetMiniBlocksFromStorerShouldBePartiallyFoundInStorage (0.00s)
--- PASS: TestNewMiniBlockProvider_ShouldWork (0.00s)
[0;33mWARN [0m[2026-03-16 10:13:37.870]   miniBlockProvider.getMiniblockFromPool does not contain a miniblock instance [0;33mhash[0m = 6861736831 
[0;33mWARN [0m[2026-03-16 10:13:37.871]   miniBlockProvider.getMiniblockFromPool does not contain a miniblock instance [0;33mhash[0m = 6861736832 
--- PASS: TestMiniBlockProvider_GetMiniBlocksFromPoolWrongTypeInPoolShouldNotReturn (0.00s)
[0;33mWARN [0m[2026-03-16 10:13:37.871]   miniBlockProvider.getMiniBlockFromStorer marshal error [0;33merror[0m = unmarshal fails for coverage 
--- PASS: TestMiniBlockProvider_GetMiniBlocksFromStorerShouldBeFoundInStorage (0.00s)
PASS
ok  	github.com/TerraDharitri/drt-go-chain/dataRetriever/provider	(cached)
=== RUN   TestNewResolverRequestHandler
=== PAUSE TestNewResolverRequestHandler
=== RUN   TestResolverRequestHandler_RequestTransaction
=== PAUSE TestResolverRequestHandler_RequestTransaction
=== RUN   TestResolverRequestHandler_RequestMiniBlock
=== PAUSE TestResolverRequestHandler_RequestMiniBlock
=== RUN   TestResolverRequestHandler_RequestShardHeader
=== PAUSE TestResolverRequestHandler_RequestShardHeader
=== RUN   TestResolverRequestHandler_RequestMetaHeader
=== PAUSE TestResolverRequestHandler_RequestMetaHeader
=== RUN   TestResolverRequestHandler_RequestShardHeaderByNonce
=== PAUSE TestResolverRequestHandler_RequestShardHeaderByNonce
=== RUN   TestResolverRequestHandler_RequestMetaHeaderByNonce
=== PAUSE TestResolverRequestHandler_RequestMetaHeaderByNonce
=== RUN   TestResolverRequestHandler_RequestScrErrorWhenGettingCrossShardRequesterShouldNotPanic
=== PAUSE TestResolverRequestHandler_RequestScrErrorWhenGettingCrossShardRequesterShouldNotPanic
=== RUN   TestResolverRequestHandler_RequestScrWrongResolverShouldNotPanic
=== PAUSE TestResolverRequestHandler_RequestScrWrongResolverShouldNotPanic
=== RUN   TestResolverRequestHandler_RequestScrShouldRequestScr
=== PAUSE TestResolverRequestHandler_RequestScrShouldRequestScr
=== RUN   TestResolverRequestHandler_RequestScrErrorsOnRequestShouldNotPanic
=== PAUSE TestResolverRequestHandler_RequestScrErrorsOnRequestShouldNotPanic
=== RUN   TestResolverRequestHandler_RequestRewardShouldRequestReward
=== PAUSE TestResolverRequestHandler_RequestRewardShouldRequestReward
=== RUN   TestRequestTrieNodes
=== PAUSE TestRequestTrieNodes
=== RUN   TestResolverRequestHandler_RequestStartOfEpochMetaBlock
=== PAUSE TestResolverRequestHandler_RequestStartOfEpochMetaBlock
=== RUN   TestResolverRequestHandler_RequestTrieNodeRequestFails
--- PASS: TestResolverRequestHandler_RequestTrieNodeRequestFails (1.00s)
=== RUN   TestResolverRequestHandler_RequestTrieNodeShouldWork
--- PASS: TestResolverRequestHandler_RequestTrieNodeShouldWork (0.00s)
=== RUN   TestResolverRequestHandler_RequestTrieNodeNilResolver
=== PAUSE TestResolverRequestHandler_RequestTrieNodeNilResolver
=== RUN   TestResolverRequestHandler_RequestTrieNodeNotAValidResolver
=== PAUSE TestResolverRequestHandler_RequestTrieNodeNotAValidResolver
=== RUN   TestResolverRequestHandler_RequestPeerAuthenticationsByHashes
=== PAUSE TestResolverRequestHandler_RequestPeerAuthenticationsByHashes
=== RUN   TestResolverRequestHandler_RequestValidatorInfo
=== PAUSE TestResolverRequestHandler_RequestValidatorInfo
=== RUN   TestResolverRequestHandler_RequestValidatorsInfo
=== PAUSE TestResolverRequestHandler_RequestValidatorsInfo
=== RUN   TestResolverRequestHandler_RequestMiniblocks
=== PAUSE TestResolverRequestHandler_RequestMiniblocks
=== RUN   TestResolverRequestHandler_RequestInterval
=== PAUSE TestResolverRequestHandler_RequestInterval
=== RUN   TestResolverRequestHandler_NumPeersToQuery
=== PAUSE TestResolverRequestHandler_NumPeersToQuery
=== RUN   TestResolverRequestHandler_IsInterfaceNil
=== PAUSE TestResolverRequestHandler_IsInterfaceNil
=== RUN   TestResolverRequestHandler_RequestEquivalentProofByHash
=== PAUSE TestResolverRequestHandler_RequestEquivalentProofByHash
=== CONT  TestNewResolverRequestHandler
=== RUN   TestNewResolverRequestHandler/nil_finder_should_error
=== PAUSE TestNewResolverRequestHandler/nil_finder_should_error
=== RUN   TestNewResolverRequestHandler/nil_requested_items_handler_should_error
=== PAUSE TestNewResolverRequestHandler/nil_requested_items_handler_should_error
=== RUN   TestNewResolverRequestHandler/nil_whitelist_handler_should_error
=== PAUSE TestNewResolverRequestHandler/nil_whitelist_handler_should_error
=== CONT  TestRequestTrieNodes
=== CONT  TestResolverRequestHandler_RequestMetaHeader
=== CONT  TestResolverRequestHandler_RequestMetaHeaderByNonce
=== CONT  TestResolverRequestHandler_RequestMiniblocks
=== CONT  TestResolverRequestHandler_RequestShardHeader
=== CONT  TestResolverRequestHandler_RequestShardHeaderByNonce
=== CONT  TestResolverRequestHandler_RequestMiniBlock
=== CONT  TestResolverRequestHandler_RequestTransaction
=== CONT  TestResolverRequestHandler_RequestValidatorsInfo
=== CONT  TestResolverRequestHandler_RequestEquivalentProofByHash
=== CONT  TestResolverRequestHandler_IsInterfaceNil
=== RUN   TestResolverRequestHandler_RequestMetaHeader/header_already_requested_should_work
=== PAUSE TestResolverRequestHandler_RequestMetaHeader/header_already_requested_should_work
=== CONT  TestResolverRequestHandler_RequestScrWrongResolverShouldNotPanic
=== RUN   TestResolverRequestHandler_RequestMetaHeaderByNonce/nonce_already_requested_should_work
=== RUN   TestNewResolverRequestHandler/invalid_max_txs_to_request_should_error
=== CONT  TestResolverRequestHandler_RequestValidatorInfo
=== PAUSE TestNewResolverRequestHandler/invalid_max_txs_to_request_should_error
=== RUN   TestRequestTrieNodes/should_work
=== CONT  TestResolverRequestHandler_NumPeersToQuery
=== CONT  TestResolverRequestHandler_RequestRewardShouldRequestReward
=== RUN   TestResolverRequestHandler_RequestMiniblocks/no_hash_should_work
=== RUN   TestResolverRequestHandler_RequestShardHeader/hash_already_requested_should_work
=== PAUSE TestResolverRequestHandler_RequestShardHeader/hash_already_requested_should_work
=== RUN   TestNewResolverRequestHandler/invalid_request_interval_should_error
=== PAUSE TestNewResolverRequestHandler/invalid_request_interval_should_error
--- PASS: TestResolverRequestHandler_IsInterfaceNil (0.00s)
=== PAUSE TestRequestTrieNodes/should_work
=== RUN   TestResolverRequestHandler_RequestMetaHeader/cast_fail_should_work
=== PAUSE TestResolverRequestHandler_RequestMetaHeader/cast_fail_should_work
=== RUN   TestResolverRequestHandler_RequestMetaHeader/MetaChainRequester_returns_error_should_work
=== PAUSE TestResolverRequestHandler_RequestMetaHeader/MetaChainRequester_returns_error_should_work
=== RUN   TestResolverRequestHandler_RequestMetaHeader/RequestDataFromHash_returns_error_should_work
=== PAUSE TestResolverRequestHandler_RequestMetaHeader/RequestDataFromHash_returns_error_should_work
=== RUN   TestResolverRequestHandler_RequestMetaHeader/should_work
=== PAUSE TestResolverRequestHandler_RequestMetaHeader/should_work
=== RUN   TestResolverRequestHandler_RequestShardHeader/no_hash_should_work
=== PAUSE TestResolverRequestHandler_RequestShardHeader/no_hash_should_work
=== RUN   TestResolverRequestHandler_RequestShardHeader/RequestDataFromHash_returns_error_should_work
=== PAUSE TestResolverRequestHandler_RequestShardHeader/RequestDataFromHash_returns_error_should_work
=== RUN   TestResolverRequestHandler_RequestShardHeader/should_call_request
=== PAUSE TestResolverRequestHandler_RequestShardHeader/should_call_request
=== CONT  TestResolverRequestHandler_RequestPeerAuthenticationsByHashes
=== RUN   TestResolverRequestHandler_RequestPeerAuthenticationsByHashes/MetaChainRequester_returns_error
=== PAUSE TestResolverRequestHandler_RequestPeerAuthenticationsByHashes/MetaChainRequester_returns_error
=== RUN   TestResolverRequestHandler_RequestPeerAuthenticationsByHashes/cast_fails
=== PAUSE TestResolverRequestHandler_RequestPeerAuthenticationsByHashes/cast_fails
=== RUN   TestResolverRequestHandler_RequestPeerAuthenticationsByHashes/RequestDataFromHashArray_returns_error
=== PAUSE TestResolverRequestHandler_RequestPeerAuthenticationsByHashes/RequestDataFromHashArray_returns_error
=== RUN   TestResolverRequestHandler_RequestPeerAuthenticationsByHashes/should_work
=== PAUSE TestResolverRequestHandler_RequestPeerAuthenticationsByHashes/should_work
=== PAUSE TestResolverRequestHandler_RequestMiniblocks/no_hash_should_work
=== RUN   TestResolverRequestHandler_RequestMiniblocks/CrossShardRequester_fails_should_work
=== PAUSE TestResolverRequestHandler_RequestMiniblocks/CrossShardRequester_fails_should_work
=== RUN   TestResolverRequestHandler_RequestMiniblocks/cast_fails_should_work
=== PAUSE TestResolverRequestHandler_RequestMiniblocks/cast_fails_should_work
=== RUN   TestResolverRequestHandler_RequestMiniblocks/request_data_fails_should_work
=== PAUSE TestResolverRequestHandler_RequestMiniblocks/request_data_fails_should_work
=== RUN   TestResolverRequestHandler_RequestMiniblocks/should_work
=== PAUSE TestResolverRequestHandler_RequestMiniblocks/should_work
=== CONT  TestResolverRequestHandler_RequestTrieNodeNotAValidResolver
[0;33mWARN [0m[2026-03-16 10:13:38.873]   wrong assertion type when creating a trie chunk requester 
=== CONT  TestResolverRequestHandler_RequestScrErrorsOnRequestShouldNotPanic
=== CONT  TestResolverRequestHandler_RequestTrieNodeNilResolver
[0;31mERROR[0m[2026-03-16 10:13:38.873]   requestersFinder.MetaChainRequester      [0;31merror[0m = test error [0;31mtopic[0m = topic 
=== CONT  TestResolverRequestHandler_RequestScrShouldRequestScr
=== CONT  TestResolverRequestHandler_RequestInterval
=== CONT  TestResolverRequestHandler_RequestMetaHeader/header_already_requested_should_work
=== CONT  TestResolverRequestHandler_RequestShardHeader/hash_already_requested_should_work
=== CONT  TestResolverRequestHandler_RequestPeerAuthenticationsByHashes/MetaChainRequester_returns_error
[0;31mERROR[0m[2026-03-16 10:13:38.873]   RequestPeerAuthenticationsByHashes.MetaChainRequester [0;31merror[0m = expected error [0;31mtopic[0m = peerAuthentication [0;31mshard[0m = 15 [0;31mepoch[0m = 0 
=== CONT  TestResolverRequestHandler_RequestMetaHeader/should_work
=== CONT  TestResolverRequestHandler_RequestMetaHeader/RequestDataFromHash_returns_error_should_work
=== CONT  TestResolverRequestHandler_RequestMetaHeader/MetaChainRequester_returns_error_should_work
[0;31mERROR[0m[2026-03-16 10:13:38.873]   RequestMetaHeader.getMetaHeaderRequester [0;31merror[0m = expected error, topic: metachainBlocks, current shard ID: 0 [0;31mhash[0m = 68647248617368 
=== CONT  TestResolverRequestHandler_RequestMetaHeader/cast_fail_should_work
[0;31mERROR[0m[2026-03-16 10:13:38.873]   RequestMetaHeader.getMetaHeaderRequester [0;31merror[0m = wrong type of object inside container, topic: shardBlocks, current shard ID: 0, expected HeaderRequester [0;31mhash[0m = 68647248617368 
=== CONT  TestResolverRequestHandler_RequestMiniblocks/no_hash_should_work
=== CONT  TestResolverRequestHandler_RequestShardHeader/should_call_request
=== CONT  TestResolverRequestHandler_RequestShardHeader/RequestDataFromHash_returns_error_should_work
=== CONT  TestResolverRequestHandler_RequestShardHeader/no_hash_should_work
[0;31mERROR[0m[2026-03-16 10:13:38.873]   RequestShardHeader.getShardHeaderRequester [0;31merror[0m = request should not be done as it doesn't follow the protocol [0;31mshard[0m = 1 
=== CONT  TestResolverRequestHandler_RequestPeerAuthenticationsByHashes/should_work
=== CONT  TestResolverRequestHandler_RequestPeerAuthenticationsByHashes/RequestDataFromHashArray_returns_error
=== CONT  TestResolverRequestHandler_RequestPeerAuthenticationsByHashes/cast_fails
[0;33mWARN [0m[2026-03-16 10:13:38.873]   wrong assertion type when creating peer authentication requester 
=== CONT  TestResolverRequestHandler_RequestStartOfEpochMetaBlock
=== RUN   TestResolverRequestHandler_RequestStartOfEpochMetaBlock/epoch_already_requested
=== PAUSE TestResolverRequestHandler_RequestStartOfEpochMetaBlock/epoch_already_requested
=== RUN   TestResolverRequestHandler_RequestStartOfEpochMetaBlock/missing_resolver
=== PAUSE TestResolverRequestHandler_RequestStartOfEpochMetaBlock/missing_resolver
=== RUN   TestResolverRequestHandler_RequestStartOfEpochMetaBlock/wrong_resolver
=== PAUSE TestResolverRequestHandler_RequestStartOfEpochMetaBlock/wrong_resolver
=== RUN   TestResolverRequestHandler_RequestStartOfEpochMetaBlock/RequestDataFromEpoch_fails
=== PAUSE TestResolverRequestHandler_RequestStartOfEpochMetaBlock/RequestDataFromEpoch_fails
=== RUN   TestResolverRequestHandler_RequestStartOfEpochMetaBlock/add_error
=== PAUSE TestResolverRequestHandler_RequestStartOfEpochMetaBlock/add_error
=== CONT  TestResolverRequestHandler_RequestStartOfEpochMetaBlock/epoch_already_requested
=== CONT  TestResolverRequestHandler_RequestMiniblocks/should_work
=== CONT  TestResolverRequestHandler_RequestMiniblocks/request_data_fails_should_work
=== CONT  TestResolverRequestHandler_RequestMiniblocks/cast_fails_should_work
[0;33mWARN [0m[2026-03-16 10:13:38.873]   wrong assertion type when creating miniblocks requester 
=== CONT  TestResolverRequestHandler_RequestMiniblocks/CrossShardRequester_fails_should_work
[0;31mERROR[0m[2026-03-16 10:13:38.873]   RequestMiniBlocks.CrossShardRequester    [0;31merror[0m = expected error [0;31mtopic[0m = txBlockBodies [0;31mshard[0m = 0 
=== RUN   TestResolverRequestHandler_RequestShardHeaderByNonce/nonce_already_requested_should_work
=== PAUSE TestResolverRequestHandler_RequestShardHeaderByNonce/nonce_already_requested_should_work
=== RUN   TestResolverRequestHandler_RequestShardHeaderByNonce/invalid_nonce_should_work
=== PAUSE TestResolverRequestHandler_RequestShardHeaderByNonce/invalid_nonce_should_work
=== RUN   TestResolverRequestHandler_RequestShardHeaderByNonce/finder_returns_error_should_work_and_not_panic
=== PAUSE TestResolverRequestHandler_RequestShardHeaderByNonce/finder_returns_error_should_work_and_not_panic
=== RUN   TestResolverRequestHandler_RequestShardHeaderByNonce/cast_fails_should_work_and_not_panic
=== PAUSE TestResolverRequestHandler_RequestShardHeaderByNonce/cast_fails_should_work_and_not_panic
=== RUN   TestResolverRequestHandler_RequestShardHeaderByNonce/resolver_fails_should_work_and_not_panic
=== PAUSE TestResolverRequestHandler_RequestShardHeaderByNonce/resolver_fails_should_work_and_not_panic
=== RUN   TestResolverRequestHandler_RequestShardHeaderByNonce/should_work
=== PAUSE TestResolverRequestHandler_RequestShardHeaderByNonce/should_work
=== CONT  TestResolverRequestHandler_RequestShardHeaderByNonce/nonce_already_requested_should_work
=== CONT  TestResolverRequestHandler_RequestStartOfEpochMetaBlock/add_error
=== CONT  TestResolverRequestHandler_RequestStartOfEpochMetaBlock/RequestDataFromEpoch_fails
=== CONT  TestResolverRequestHandler_RequestStartOfEpochMetaBlock/wrong_resolver
[0;33mWARN [0m[2026-03-16 10:13:38.874]   wrong assertion type when creating header requester 
=== CONT  TestResolverRequestHandler_RequestStartOfEpochMetaBlock/missing_resolver
[0;31mERROR[0m[2026-03-16 10:13:38.874]   RequestStartOfEpochMetaBlock.MetaChainRequester [0;31merror[0m = expected error [0;31mtopic[0m = metachainBlocks 
=== RUN   TestResolverRequestHandler_RequestTransaction/no_hash_should_not_panic
=== PAUSE TestResolverRequestHandler_RequestTransaction/no_hash_should_not_panic
=== RUN   TestResolverRequestHandler_RequestTransaction/error_when_getting_cross_shard_requester_should_not_panic
=== PAUSE TestResolverRequestHandler_RequestTransaction/error_when_getting_cross_shard_requester_should_not_panic
=== RUN   TestResolverRequestHandler_RequestTransaction/uncastable_requester_should_not_panic
=== PAUSE TestResolverRequestHandler_RequestTransaction/uncastable_requester_should_not_panic
=== RUN   TestResolverRequestHandler_RequestTransaction/should_request
=== PAUSE TestResolverRequestHandler_RequestTransaction/should_request
=== RUN   TestResolverRequestHandler_RequestTransaction/should_request_4_times_if_different_shards
=== PAUSE TestResolverRequestHandler_RequestTransaction/should_request_4_times_if_different_shards
=== RUN   TestResolverRequestHandler_RequestTransaction/errors_on_request_should_not_panic
=== PAUSE TestResolverRequestHandler_RequestTransaction/errors_on_request_should_not_panic
=== CONT  TestResolverRequestHandler_RequestTransaction/no_hash_should_not_panic
=== CONT  TestResolverRequestHandler_RequestShardHeaderByNonce/should_work
=== CONT  TestResolverRequestHandler_RequestShardHeaderByNonce/resolver_fails_should_work_and_not_panic
=== CONT  TestResolverRequestHandler_RequestShardHeaderByNonce/cast_fails_should_work_and_not_panic
[0;33mWARN [0m[2026-03-16 10:13:38.874]   wrong assertion type when creating header requester 
=== CONT  TestResolverRequestHandler_RequestShardHeaderByNonce/finder_returns_error_should_work_and_not_panic
[0;33mWARN [0m[2026-03-16 10:13:38.874]   available requesters in container        [0;33mrequesters[0m =  
[0;31mERROR[0m[2026-03-16 10:13:38.874]   RequestShardHeaderByNonce.getShardHeaderRequester [0;31merror[0m = expected error, topic: shardBlocks, current shard ID: 0, cross shard ID: 4294967295 [0;31mshard[0m = 0 
=== CONT  TestResolverRequestHandler_RequestShardHeaderByNonce/invalid_nonce_should_work
[0;33mWARN [0m[2026-03-16 10:13:38.874]   available requesters in container        [0;33mrequesters[0m =  
[0;31mERROR[0m[2026-03-16 10:13:38.874]   RequestShardHeaderByNonce.getShardHeaderRequester [0;31merror[0m = expected error, topic: shardBlocks, current shard ID: 4294967295, cross shard ID: 1 [0;31mshard[0m = 1 
=== RUN   TestResolverRequestHandler_RequestValidatorsInfo/no_hash
=== PAUSE TestResolverRequestHandler_RequestValidatorsInfo/no_hash
=== RUN   TestResolverRequestHandler_RequestValidatorsInfo/MetaChainRequester_returns_error
=== PAUSE TestResolverRequestHandler_RequestValidatorsInfo/MetaChainRequester_returns_error
=== RUN   TestResolverRequestHandler_RequestValidatorsInfo/RequestDataFromHashArray_returns_error
=== PAUSE TestResolverRequestHandler_RequestValidatorsInfo/RequestDataFromHashArray_returns_error
=== RUN   TestResolverRequestHandler_RequestValidatorsInfo/cast_fails
=== PAUSE TestResolverRequestHandler_RequestValidatorsInfo/cast_fails
=== RUN   TestResolverRequestHandler_RequestValidatorsInfo/should_work
=== PAUSE TestResolverRequestHandler_RequestValidatorsInfo/should_work
=== CONT  TestResolverRequestHandler_RequestValidatorsInfo/no_hash
=== CONT  TestResolverRequestHandler_RequestTransaction/errors_on_request_should_not_panic
=== CONT  TestResolverRequestHandler_RequestTransaction/should_request_4_times_if_different_shards
=== CONT  TestResolverRequestHandler_RequestTransaction/should_request
=== CONT  TestResolverRequestHandler_RequestTransaction/uncastable_requester_should_not_panic
[0;33mWARN [0m[2026-03-16 10:13:38.874]   wrong assertion type when creating transaction requester 
=== CONT  TestResolverRequestHandler_RequestTransaction/error_when_getting_cross_shard_requester_should_not_panic
[0;31mERROR[0m[2026-03-16 10:13:38.874]   requestByHashes.CrossShardRequester      [0;31merror[0m = expected error [0;31mtopic[0m = transactions [0;31mshard[0m = 0 
=== RUN   TestResolverRequestHandler_RequestEquivalentProofByHash/hash_already_requested_should_work
=== PAUSE TestResolverRequestHandler_RequestEquivalentProofByHash/hash_already_requested_should_work
=== RUN   TestResolverRequestHandler_RequestEquivalentProofByHash/invalid_cross-shard_request_should_early_exit
=== PAUSE TestResolverRequestHandler_RequestEquivalentProofByHash/invalid_cross-shard_request_should_early_exit
=== RUN   TestResolverRequestHandler_RequestEquivalentProofByHash/missing_metachain_requester_should_early_exit
=== PAUSE TestResolverRequestHandler_RequestEquivalentProofByHash/missing_metachain_requester_should_early_exit
=== RUN   TestResolverRequestHandler_RequestEquivalentProofByHash/missing_cross-shard_requester_should_early_exit
=== PAUSE TestResolverRequestHandler_RequestEquivalentProofByHash/missing_cross-shard_requester_should_early_exit
=== RUN   TestResolverRequestHandler_RequestEquivalentProofByHash/MetaChainRequester_returns_error
=== PAUSE TestResolverRequestHandler_RequestEquivalentProofByHash/MetaChainRequester_returns_error
=== RUN   TestResolverRequestHandler_RequestEquivalentProofByHash/CrossChainRequester_returns_error
=== PAUSE TestResolverRequestHandler_RequestEquivalentProofByHash/CrossChainRequester_returns_error
=== RUN   TestResolverRequestHandler_RequestEquivalentProofByHash/RequestDataFromHash_returns_error
=== PAUSE TestResolverRequestHandler_RequestEquivalentProofByHash/RequestDataFromHash_returns_error
=== RUN   TestResolverRequestHandler_RequestEquivalentProofByHash/should_work_shard_0_requesting_from_0
=== PAUSE TestResolverRequestHandler_RequestEquivalentProofByHash/should_work_shard_0_requesting_from_0
=== RUN   TestResolverRequestHandler_RequestEquivalentProofByHash/should_work_shard_meta_requesting_from_0
=== PAUSE TestResolverRequestHandler_RequestEquivalentProofByHash/should_work_shard_meta_requesting_from_0
=== CONT  TestResolverRequestHandler_RequestEquivalentProofByHash/hash_already_requested_should_work
=== CONT  TestResolverRequestHandler_RequestValidatorsInfo/should_work
=== CONT  TestResolverRequestHandler_RequestValidatorsInfo/cast_fails
[0;33mWARN [0m[2026-03-16 10:13:38.874]   wrong assertion type when creating a validator info requester 
=== CONT  TestResolverRequestHandler_RequestValidatorsInfo/RequestDataFromHashArray_returns_error
=== CONT  TestResolverRequestHandler_RequestValidatorsInfo/MetaChainRequester_returns_error
[0;31mERROR[0m[2026-03-16 10:13:38.874]   RequestValidatorInfo.MetaChainRequester  [0;31merror[0m = expected error [0;31mtopic[0m = validatorInfo [0;31mnum hashes[0m = 1 [0;31mepoch[0m = 0 
=== CONT  TestResolverRequestHandler_RequestEquivalentProofByHash/CrossChainRequester_returns_error
[0;33mWARN [0m[2026-03-16 10:13:38.874]   available requesters in container        [0;33mrequesters[0m =  
[0;31mERROR[0m[2026-03-16 10:13:38.874]   RequestEquivalentProofByHash.getEquivalentProofsRequester [0;31merror[0m = expected error, base topic: equivalentProofs, current shard ID: 0, cross shard ID: 4294967295 [0;31mheaderHash[0m = 70726f76696465642068617368 [0;31mepoch[0m = 0 
=== CONT  TestResolverRequestHandler_RequestEquivalentProofByHash/RequestDataFromHash_returns_error
=== CONT  TestResolverRequestHandler_RequestEquivalentProofByHash/missing_cross-shard_requester_should_early_exit
[0;31mERROR[0m[2026-03-16 10:13:38.874]   RequestEquivalentProofByHash.getEquivalentProofsRequester [0;31merror[0m = request should not be done as it doesn't follow the protocol [0;31mheaderHash[0m = 70726f76696465642068617368 [0;31mepoch[0m = 0 
=== CONT  TestResolverRequestHandler_RequestEquivalentProofByHash/missing_metachain_requester_should_early_exit
[0;33mWARN [0m[2026-03-16 10:13:38.874]   available requesters in container        [0;33mrequesters[0m =  
[0;31mERROR[0m[2026-03-16 10:13:38.874]   RequestEquivalentProofByHash.getEquivalentProofsRequester [0;31merror[0m = expected error, topic: equivalentProofs_ALL, current shard ID: 4294967295, requested header shard ID: 4294967295 [0;31mheaderHash[0m = 70726f76696465642068617368 [0;31mepoch[0m = 0 
=== CONT  TestResolverRequestHandler_RequestEquivalentProofByHash/invalid_cross-shard_request_should_early_exit
[0;31mERROR[0m[2026-03-16 10:13:38.874]   RequestEquivalentProofByHash.getEquivalentProofsRequester [0;31merror[0m = request should not be done as it doesn't follow the protocol [0;31mheaderHash[0m = 70726f76696465642068617368 [0;31mepoch[0m = 0 
=== CONT  TestResolverRequestHandler_RequestScrErrorWhenGettingCrossShardRequesterShouldNotPanic
=== CONT  TestResolverRequestHandler_RequestEquivalentProofByHash/should_work_shard_0_requesting_from_0
=== RUN   TestResolverRequestHandler_NumPeersToQuery/get_returns_error
=== PAUSE TestResolverRequestHandler_NumPeersToQuery/get_returns_error
=== RUN   TestResolverRequestHandler_NumPeersToQuery/should_work
=== PAUSE TestResolverRequestHandler_NumPeersToQuery/should_work
=== CONT  TestResolverRequestHandler_NumPeersToQuery/get_returns_error
=== PAUSE TestResolverRequestHandler_RequestMetaHeaderByNonce/nonce_already_requested_should_work
=== RUN   TestResolverRequestHandler_RequestValidatorInfo/hash_already_requested_should_work
=== PAUSE TestResolverRequestHandler_RequestValidatorInfo/hash_already_requested_should_work
--- PASS: TestResolverRequestHandler_RequestScrWrongResolverShouldNotPanic (0.00s)
=== RUN   TestNewResolverRequestHandler/should_work
=== RUN   TestRequestTrieNodes/nil_resolver
=== RUN   TestResolverRequestHandler_RequestMiniBlock/hash_already_requested
=== CONT  TestResolverRequestHandler_RequestEquivalentProofByHash/MetaChainRequester_returns_error
=== RUN   TestResolverRequestHandler_RequestValidatorInfo/MetaChainRequester_returns_error
=== PAUSE TestResolverRequestHandler_RequestValidatorInfo/MetaChainRequester_returns_error
=== RUN   TestResolverRequestHandler_RequestValidatorInfo/RequestDataFromHash_returns_error
[0;33mWARN [0m[2026-03-16 10:13:38.874]   available requesters in container        [0;33mrequesters[0m =  
=== PAUSE TestRequestTrieNodes/nil_resolver
=== PAUSE TestResolverRequestHandler_RequestMiniBlock/hash_already_requested
=== RUN   TestRequestTrieNodes/no_hash
=== PAUSE TestRequestTrieNodes/no_hash
[0;31mERROR[0m[2026-03-16 10:13:38.874]   RequestEquivalentProofByHash.getEquivalentProofsRequester [0;31merror[0m = expected error, topic: equivalentProofs_ALL, current shard ID: 4294967295, requested header shard ID: 4294967295 [0;31mheaderHash[0m = 70726f76696465642068617368 [0;31mepoch[0m = 0 
=== CONT  TestRequestTrieNodes/should_work
=== CONT  TestResolverRequestHandler_RequestEquivalentProofByHash/should_work_shard_meta_requesting_from_0
=== CONT  TestRequestTrieNodes/no_hash
=== CONT  TestRequestTrieNodes/nil_resolver
=== PAUSE TestNewResolverRequestHandler/should_work
=== CONT  TestNewResolverRequestHandler/nil_finder_should_error
=== RUN   TestResolverRequestHandler_RequestMiniBlock/CrossShardRequester_returns_error
[0;31mERROR[0m[2026-03-16 10:13:38.874]   requestersFinder.MetaCrossShardRequester [0;31merror[0m = test error [0;31mtopic[0m = topic [0;31mshard[0m = 4294967295 
=== PAUSE TestResolverRequestHandler_RequestMiniBlock/CrossShardRequester_returns_error
=== CONT  TestResolverRequestHandler_NumPeersToQuery/should_work
=== PAUSE TestResolverRequestHandler_RequestValidatorInfo/RequestDataFromHash_returns_error
=== CONT  TestNewResolverRequestHandler/should_work
=== RUN   TestResolverRequestHandler_RequestValidatorInfo/should_work
=== PAUSE TestResolverRequestHandler_RequestValidatorInfo/should_work
=== CONT  TestResolverRequestHandler_RequestValidatorInfo/hash_already_requested_should_work
=== CONT  TestResolverRequestHandler_RequestValidatorInfo/should_work
=== CONT  TestResolverRequestHandler_RequestValidatorInfo/MetaChainRequester_returns_error
--- PASS: TestResolverRequestHandler_RequestTrieNodeNotAValidResolver (0.00s)
--- PASS: TestResolverRequestHandler_RequestTrieNodeNilResolver (0.00s)
--- PASS: TestResolverRequestHandler_RequestInterval (0.00s)
=== RUN   TestResolverRequestHandler_RequestMetaHeaderByNonce/MetaChainRequester_returns_error_should_work
[0;31mERROR[0m[2026-03-16 10:13:38.875]   RequestValidatorInfo.MetaChainRequester  [0;31merror[0m = expected error [0;31mtopic[0m = validatorInfo [0;31mhash[0m = 70726f76696465642068617368 [0;31mepoch[0m = 0 
=== PAUSE TestResolverRequestHandler_RequestMetaHeaderByNonce/MetaChainRequester_returns_error_should_work
=== CONT  TestResolverRequestHandler_RequestValidatorInfo/RequestDataFromHash_returns_error
=== CONT  TestNewResolverRequestHandler/invalid_max_txs_to_request_should_error
--- PASS: TestResolverRequestHandler_RequestMetaHeader (0.00s)
    --- PASS: TestResolverRequestHandler_RequestMetaHeader/header_already_requested_should_work (0.00s)
    --- PASS: TestResolverRequestHandler_RequestMetaHeader/should_work (0.00s)
    --- PASS: TestResolverRequestHandler_RequestMetaHeader/RequestDataFromHash_returns_error_should_work (0.00s)
    --- PASS: TestResolverRequestHandler_RequestMetaHeader/MetaChainRequester_returns_error_should_work (0.00s)
    --- PASS: TestResolverRequestHandler_RequestMetaHeader/cast_fail_should_work (0.00s)
=== CONT  TestNewResolverRequestHandler/nil_whitelist_handler_should_error
--- PASS: TestResolverRequestHandler_RequestMiniblocks (0.00s)
    --- PASS: TestResolverRequestHandler_RequestMiniblocks/no_hash_should_work (0.00s)
    --- PASS: TestResolverRequestHandler_RequestMiniblocks/should_work (0.00s)
    --- PASS: TestResolverRequestHandler_RequestMiniblocks/request_data_fails_should_work (0.00s)
    --- PASS: TestResolverRequestHandler_RequestMiniblocks/cast_fails_should_work (0.00s)
    --- PASS: TestResolverRequestHandler_RequestMiniblocks/CrossShardRequester_fails_should_work (0.00s)
=== CONT  TestNewResolverRequestHandler/nil_requested_items_handler_should_error
=== RUN   TestResolverRequestHandler_RequestMiniBlock/RequestDataFromHash_error
=== PAUSE TestResolverRequestHandler_RequestMiniBlock/RequestDataFromHash_error
=== RUN   TestResolverRequestHandler_RequestMiniBlock/should_request
=== PAUSE TestResolverRequestHandler_RequestMiniBlock/should_request
=== RUN   TestResolverRequestHandler_RequestMiniBlock/should_call_with_the_correct_epoch
=== PAUSE TestResolverRequestHandler_RequestMiniBlock/should_call_with_the_correct_epoch
=== CONT  TestResolverRequestHandler_RequestMiniBlock/hash_already_requested
=== RUN   TestResolverRequestHandler_RequestMetaHeaderByNonce/RequestDataFromNonce_returns_error_should_work
=== CONT  TestResolverRequestHandler_RequestMiniBlock/should_request
=== PAUSE TestResolverRequestHandler_RequestMetaHeaderByNonce/RequestDataFromNonce_returns_error_should_work
=== CONT  TestResolverRequestHandler_RequestMiniBlock/RequestDataFromHash_error
=== CONT  TestResolverRequestHandler_RequestMiniBlock/should_call_with_the_correct_epoch
=== RUN   TestResolverRequestHandler_RequestMetaHeaderByNonce/should_work
=== PAUSE TestResolverRequestHandler_RequestMetaHeaderByNonce/should_work
=== CONT  TestResolverRequestHandler_RequestMiniBlock/CrossShardRequester_returns_error
=== CONT  TestResolverRequestHandler_RequestMetaHeaderByNonce/nonce_already_requested_should_work
=== CONT  TestResolverRequestHandler_RequestMetaHeaderByNonce/should_work
=== CONT  TestResolverRequestHandler_RequestMetaHeaderByNonce/MetaChainRequester_returns_error_should_work
[0;31mERROR[0m[2026-03-16 10:13:38.875]   RequestMiniBlock.CrossShardRequester     [0;31merror[0m = expected error [0;31mtopic[0m = txBlockBodies [0;31mshard[0m = 0 
[0;31mERROR[0m[2026-03-16 10:13:38.875]   RequestMetaHeaderByNonce.getMetaHeaderRequester [0;31merror[0m = expected error, topic: metachainBlocks, current shard ID: 0 
--- PASS: TestResolverRequestHandler_RequestShardHeader (0.00s)
    --- PASS: TestResolverRequestHandler_RequestShardHeader/hash_already_requested_should_work (0.00s)
    --- PASS: TestResolverRequestHandler_RequestShardHeader/should_call_request (0.00s)
    --- PASS: TestResolverRequestHandler_RequestShardHeader/RequestDataFromHash_returns_error_should_work (0.00s)
    --- PASS: TestResolverRequestHandler_RequestShardHeader/no_hash_should_work (0.00s)
=== CONT  TestResolverRequestHandler_RequestMetaHeaderByNonce/RequestDataFromNonce_returns_error_should_work
=== CONT  TestNewResolverRequestHandler/invalid_request_interval_should_error
--- PASS: TestResolverRequestHandler_RequestStartOfEpochMetaBlock (0.00s)
    --- PASS: TestResolverRequestHandler_RequestStartOfEpochMetaBlock/epoch_already_requested (0.00s)
    --- PASS: TestResolverRequestHandler_RequestStartOfEpochMetaBlock/add_error (0.00s)
    --- PASS: TestResolverRequestHandler_RequestStartOfEpochMetaBlock/RequestDataFromEpoch_fails (0.00s)
    --- PASS: TestResolverRequestHandler_RequestStartOfEpochMetaBlock/wrong_resolver (0.00s)
    --- PASS: TestResolverRequestHandler_RequestStartOfEpochMetaBlock/missing_resolver (0.00s)
--- PASS: TestResolverRequestHandler_RequestShardHeaderByNonce (0.00s)
    --- PASS: TestResolverRequestHandler_RequestShardHeaderByNonce/nonce_already_requested_should_work (0.00s)
    --- PASS: TestResolverRequestHandler_RequestShardHeaderByNonce/should_work (0.00s)
    --- PASS: TestResolverRequestHandler_RequestShardHeaderByNonce/resolver_fails_should_work_and_not_panic (0.00s)
    --- PASS: TestResolverRequestHandler_RequestShardHeaderByNonce/cast_fails_should_work_and_not_panic (0.00s)
    --- PASS: TestResolverRequestHandler_RequestShardHeaderByNonce/finder_returns_error_should_work_and_not_panic (0.00s)
    --- PASS: TestResolverRequestHandler_RequestShardHeaderByNonce/invalid_nonce_should_work (0.00s)
--- PASS: TestResolverRequestHandler_RequestValidatorsInfo (0.00s)
    --- PASS: TestResolverRequestHandler_RequestValidatorsInfo/no_hash (0.00s)
    --- PASS: TestResolverRequestHandler_RequestValidatorsInfo/should_work (0.00s)
    --- PASS: TestResolverRequestHandler_RequestValidatorsInfo/cast_fails (0.00s)
    --- PASS: TestResolverRequestHandler_RequestValidatorsInfo/RequestDataFromHashArray_returns_error (0.00s)
    --- PASS: TestResolverRequestHandler_RequestValidatorsInfo/MetaChainRequester_returns_error (0.00s)
--- PASS: TestResolverRequestHandler_RequestScrErrorWhenGettingCrossShardRequesterShouldNotPanic (0.00s)
--- PASS: TestResolverRequestHandler_RequestEquivalentProofByHash (0.00s)
    --- PASS: TestResolverRequestHandler_RequestEquivalentProofByHash/hash_already_requested_should_work (0.00s)
    --- PASS: TestResolverRequestHandler_RequestEquivalentProofByHash/CrossChainRequester_returns_error (0.00s)
    --- PASS: TestResolverRequestHandler_RequestEquivalentProofByHash/RequestDataFromHash_returns_error (0.00s)
    --- PASS: TestResolverRequestHandler_RequestEquivalentProofByHash/missing_cross-shard_requester_should_early_exit (0.00s)
    --- PASS: TestResolverRequestHandler_RequestEquivalentProofByHash/missing_metachain_requester_should_early_exit (0.00s)
    --- PASS: TestResolverRequestHandler_RequestEquivalentProofByHash/invalid_cross-shard_request_should_early_exit (0.00s)
    --- PASS: TestResolverRequestHandler_RequestEquivalentProofByHash/should_work_shard_0_requesting_from_0 (0.00s)
    --- PASS: TestResolverRequestHandler_RequestEquivalentProofByHash/MetaChainRequester_returns_error (0.00s)
    --- PASS: TestResolverRequestHandler_RequestEquivalentProofByHash/should_work_shard_meta_requesting_from_0 (0.00s)
--- PASS: TestResolverRequestHandler_NumPeersToQuery (0.00s)
    --- PASS: TestResolverRequestHandler_NumPeersToQuery/get_returns_error (0.00s)
    --- PASS: TestResolverRequestHandler_NumPeersToQuery/should_work (0.00s)
--- PASS: TestResolverRequestHandler_RequestValidatorInfo (0.00s)
    --- PASS: TestResolverRequestHandler_RequestValidatorInfo/hash_already_requested_should_work (0.00s)
    --- PASS: TestResolverRequestHandler_RequestValidatorInfo/should_work (0.00s)
    --- PASS: TestResolverRequestHandler_RequestValidatorInfo/MetaChainRequester_returns_error (0.00s)
    --- PASS: TestResolverRequestHandler_RequestValidatorInfo/RequestDataFromHash_returns_error (0.00s)
--- PASS: TestResolverRequestHandler_RequestPeerAuthenticationsByHashes (0.00s)
    --- PASS: TestResolverRequestHandler_RequestPeerAuthenticationsByHashes/MetaChainRequester_returns_error (0.00s)
    --- PASS: TestResolverRequestHandler_RequestPeerAuthenticationsByHashes/should_work (0.00s)
    --- PASS: TestResolverRequestHandler_RequestPeerAuthenticationsByHashes/RequestDataFromHashArray_returns_error (0.00s)
    --- PASS: TestResolverRequestHandler_RequestPeerAuthenticationsByHashes/cast_fails (0.00s)
--- PASS: TestNewResolverRequestHandler (0.00s)
    --- PASS: TestNewResolverRequestHandler/nil_finder_should_error (0.00s)
    --- PASS: TestNewResolverRequestHandler/should_work (0.00s)
    --- PASS: TestNewResolverRequestHandler/invalid_max_txs_to_request_should_error (0.00s)
    --- PASS: TestNewResolverRequestHandler/nil_whitelist_handler_should_error (0.00s)
    --- PASS: TestNewResolverRequestHandler/nil_requested_items_handler_should_error (0.00s)
    --- PASS: TestNewResolverRequestHandler/invalid_request_interval_should_error (0.00s)
--- PASS: TestResolverRequestHandler_RequestMiniBlock (0.00s)
    --- PASS: TestResolverRequestHandler_RequestMiniBlock/hash_already_requested (0.00s)
    --- PASS: TestResolverRequestHandler_RequestMiniBlock/should_request (0.00s)
    --- PASS: TestResolverRequestHandler_RequestMiniBlock/RequestDataFromHash_error (0.00s)
    --- PASS: TestResolverRequestHandler_RequestMiniBlock/should_call_with_the_correct_epoch (0.00s)
    --- PASS: TestResolverRequestHandler_RequestMiniBlock/CrossShardRequester_returns_error (0.00s)
--- PASS: TestResolverRequestHandler_RequestMetaHeaderByNonce (0.00s)
    --- PASS: TestResolverRequestHandler_RequestMetaHeaderByNonce/nonce_already_requested_should_work (0.00s)
    --- PASS: TestResolverRequestHandler_RequestMetaHeaderByNonce/should_work (0.00s)
    --- PASS: TestResolverRequestHandler_RequestMetaHeaderByNonce/MetaChainRequester_returns_error_should_work (0.00s)
    --- PASS: TestResolverRequestHandler_RequestMetaHeaderByNonce/RequestDataFromNonce_returns_error_should_work (0.00s)
--- PASS: TestResolverRequestHandler_RequestRewardShouldRequestReward (1.00s)
--- PASS: TestResolverRequestHandler_RequestScrErrorsOnRequestShouldNotPanic (1.00s)
--- PASS: TestResolverRequestHandler_RequestScrShouldRequestScr (1.00s)
--- PASS: TestRequestTrieNodes (0.00s)
    --- PASS: TestRequestTrieNodes/no_hash (0.00s)
    --- PASS: TestRequestTrieNodes/nil_resolver (0.00s)
    --- PASS: TestRequestTrieNodes/should_work (1.00s)
--- PASS: TestResolverRequestHandler_RequestTransaction (0.00s)
    --- PASS: TestResolverRequestHandler_RequestTransaction/no_hash_should_not_panic (0.00s)
    --- PASS: TestResolverRequestHandler_RequestTransaction/uncastable_requester_should_not_panic (0.00s)
    --- PASS: TestResolverRequestHandler_RequestTransaction/error_when_getting_cross_shard_requester_should_not_panic (0.00s)
    --- PASS: TestResolverRequestHandler_RequestTransaction/should_request (1.00s)
    --- PASS: TestResolverRequestHandler_RequestTransaction/errors_on_request_should_not_panic (1.00s)
    --- PASS: TestResolverRequestHandler_RequestTransaction/should_request_4_times_if_different_shards (3.00s)
PASS
ok  	github.com/TerraDharitri/drt-go-chain/dataRetriever/requestHandlers	(cached)
=== RUN   Test_createBaseRequester
=== PAUSE Test_createBaseRequester
=== RUN   Test_checkArgBase
=== PAUSE Test_checkArgBase
=== RUN   TestBaseRequester_RequestDataFromHash
=== PAUSE TestBaseRequester_RequestDataFromHash
=== RUN   TestBaseRequester_NumPeersToQuery
=== PAUSE TestBaseRequester_NumPeersToQuery
=== RUN   TestBaseRequester_SetDebugHandler
=== PAUSE TestBaseRequester_SetDebugHandler
=== RUN   TestNewHeaderRequester
=== PAUSE TestNewHeaderRequester
=== RUN   TestHeaderRequester_RequestDataFromNonce
=== PAUSE TestHeaderRequester_RequestDataFromNonce
=== RUN   TestHeaderRequester_RequestDataFromEpoch
=== PAUSE TestHeaderRequester_RequestDataFromEpoch
=== RUN   TestHeaderRequester_SetEpochHandler
=== PAUSE TestHeaderRequester_SetEpochHandler
=== RUN   Test_Requesters
=== PAUSE Test_Requesters
=== CONT  Test_createBaseRequester
--- PASS: Test_createBaseRequester (0.00s)
=== CONT  Test_Requesters
=== RUN   Test_Requesters/nil_base_arg_should_error
=== PAUSE Test_Requesters/nil_base_arg_should_error
=== RUN   Test_Requesters/should_work
=== PAUSE Test_Requesters/should_work
=== RUN   Test_Requesters/nil_base_arg_should_error#01
=== PAUSE Test_Requesters/nil_base_arg_should_error#01
=== RUN   Test_Requesters/should_work#01
=== PAUSE Test_Requesters/should_work#01
=== RUN   Test_Requesters/nil_base_arg_should_error#02
=== PAUSE Test_Requesters/nil_base_arg_should_error#02
=== RUN   Test_Requesters/should_work#02
=== PAUSE Test_Requesters/should_work#02
=== RUN   Test_Requesters/nil_base_arg_should_error#03
=== PAUSE Test_Requesters/nil_base_arg_should_error#03
=== RUN   Test_Requesters/should_work#03
=== PAUSE Test_Requesters/should_work#03
=== RUN   Test_Requesters/nil_base_arg_should_error#04
=== PAUSE Test_Requesters/nil_base_arg_should_error#04
=== RUN   Test_Requesters/should_work#04
=== PAUSE Test_Requesters/should_work#04
=== RUN   Test_Requesters/nil_base_arg_should_error#05
=== PAUSE Test_Requesters/nil_base_arg_should_error#05
=== RUN   Test_Requesters/should_work#05
=== PAUSE Test_Requesters/should_work#05
=== RUN   Test_Requesters/marshaller_returns_error
=== PAUSE Test_Requesters/marshaller_returns_error
=== RUN   Test_Requesters/should_work#06
=== PAUSE Test_Requesters/should_work#06
=== RUN   Test_Requesters/marshaller_returns_error#01
=== PAUSE Test_Requesters/marshaller_returns_error#01
=== RUN   Test_Requesters/should_work#07
=== PAUSE Test_Requesters/should_work#07
=== RUN   Test_Requesters/marshaller_returns_error#02
=== PAUSE Test_Requesters/marshaller_returns_error#02
=== RUN   Test_Requesters/should_work#08
=== PAUSE Test_Requesters/should_work#08
=== RUN   Test_Requesters/marshaller_returns_error#03
=== PAUSE Test_Requesters/marshaller_returns_error#03
=== RUN   Test_Requesters/should_work#09
=== PAUSE Test_Requesters/should_work#09
=== RUN   Test_Requesters/marshaller_returns_error#04
=== PAUSE Test_Requesters/marshaller_returns_error#04
=== RUN   Test_Requesters/should_work#10
=== PAUSE Test_Requesters/should_work#10
=== CONT  TestBaseRequester_NumPeersToQuery
=== RUN   Test_Requesters/marshaller_returns_error#05
=== CONT  TestHeaderRequester_SetEpochHandler
=== CONT  TestHeaderRequester_RequestDataFromEpoch
=== CONT  TestHeaderRequester_RequestDataFromNonce
=== CONT  TestBaseRequester_RequestDataFromHash
=== CONT  Test_checkArgBase
=== CONT  TestBaseRequester_SetDebugHandler
=== CONT  TestNewHeaderRequester
=== PAUSE Test_Requesters/marshaller_returns_error#05
=== RUN   Test_Requesters/should_work#11
=== PAUSE Test_Requesters/should_work#11
--- PASS: TestBaseRequester_NumPeersToQuery (0.00s)
=== CONT  Test_Requesters/marshaller_returns_error#03
=== CONT  Test_Requesters/should_work#08
=== CONT  Test_Requesters/marshaller_returns_error#02
=== CONT  Test_Requesters/should_work#07
--- PASS: TestBaseRequester_RequestDataFromHash (0.00s)
--- PASS: TestHeaderRequester_RequestDataFromEpoch (0.00s)
=== CONT  Test_Requesters/should_work#04
--- PASS: TestHeaderRequester_RequestDataFromNonce (0.00s)
=== CONT  Test_Requesters/nil_base_arg_should_error#04
--- PASS: TestBaseRequester_SetDebugHandler (0.00s)
=== CONT  Test_Requesters/should_work#03
=== CONT  Test_Requesters/nil_base_arg_should_error#03
=== RUN   Test_checkArgBase/nil_request_sender_should_error
=== CONT  Test_Requesters/nil_base_arg_should_error#02
=== CONT  Test_Requesters/marshaller_returns_error#01
=== PAUSE Test_checkArgBase/nil_request_sender_should_error
=== CONT  Test_Requesters/nil_base_arg_should_error#01
=== RUN   Test_checkArgBase/nil_marshaller_should_error
--- PASS: TestHeaderRequester_SetEpochHandler (0.00s)
=== CONT  Test_Requesters/nil_base_arg_should_error
=== CONT  Test_Requesters/marshaller_returns_error#04
=== CONT  Test_Requesters/should_work#09
=== PAUSE Test_checkArgBase/nil_marshaller_should_error
=== RUN   Test_checkArgBase/should_work
=== CONT  Test_Requesters/should_work#06
=== PAUSE Test_checkArgBase/should_work
=== CONT  Test_Requesters/marshaller_returns_error
=== CONT  Test_checkArgBase/nil_request_sender_should_error
=== CONT  Test_Requesters/should_work#05
=== CONT  Test_Requesters/marshaller_returns_error#05
=== CONT  Test_Requesters/nil_base_arg_should_error#05
=== CONT  Test_Requesters/should_work#01
=== CONT  Test_Requesters/should_work#02
=== CONT  Test_Requesters/should_work#10
=== CONT  Test_checkArgBase/should_work
=== CONT  Test_Requesters/should_work
=== RUN   TestNewHeaderRequester/nil_base_arg_should_error
=== PAUSE TestNewHeaderRequester/nil_base_arg_should_error
=== RUN   TestNewHeaderRequester/nil_nonce_converter_should_error
=== PAUSE TestNewHeaderRequester/nil_nonce_converter_should_error
=== RUN   TestNewHeaderRequester/should_work
=== PAUSE TestNewHeaderRequester/should_work
=== CONT  TestNewHeaderRequester/nil_base_arg_should_error
=== CONT  TestNewHeaderRequester/should_work
=== CONT  TestNewHeaderRequester/nil_nonce_converter_should_error
--- PASS: TestNewHeaderRequester (0.00s)
    --- PASS: TestNewHeaderRequester/nil_base_arg_should_error (0.00s)
    --- PASS: TestNewHeaderRequester/should_work (0.00s)
    --- PASS: TestNewHeaderRequester/nil_nonce_converter_should_error (0.00s)
=== CONT  Test_checkArgBase/nil_marshaller_should_error
--- PASS: Test_checkArgBase (0.00s)
    --- PASS: Test_checkArgBase/nil_request_sender_should_error (0.00s)
    --- PASS: Test_checkArgBase/should_work (0.00s)
    --- PASS: Test_checkArgBase/nil_marshaller_should_error (0.00s)
=== CONT  Test_Requesters/should_work#11
--- PASS: Test_Requesters (0.00s)
    --- PASS: Test_Requesters/marshaller_returns_error#02 (0.00s)
    --- PASS: Test_Requesters/should_work#07 (0.00s)
    --- PASS: Test_Requesters/marshaller_returns_error#03 (0.00s)
    --- PASS: Test_Requesters/should_work#04 (0.00s)
    --- PASS: Test_Requesters/nil_base_arg_should_error#04 (0.00s)
    --- PASS: Test_Requesters/should_work#03 (0.00s)
    --- PASS: Test_Requesters/nil_base_arg_should_error#03 (0.00s)
    --- PASS: Test_Requesters/nil_base_arg_should_error#02 (0.00s)
    --- PASS: Test_Requesters/marshaller_returns_error#01 (0.00s)
    --- PASS: Test_Requesters/nil_base_arg_should_error#01 (0.00s)
    --- PASS: Test_Requesters/should_work#08 (0.00s)
    --- PASS: Test_Requesters/nil_base_arg_should_error (0.00s)
    --- PASS: Test_Requesters/marshaller_returns_error#04 (0.00s)
    --- PASS: Test_Requesters/should_work#09 (0.00s)
    --- PASS: Test_Requesters/should_work#06 (0.00s)
    --- PASS: Test_Requesters/marshaller_returns_error (0.00s)
    --- PASS: Test_Requesters/should_work#05 (0.00s)
    --- PASS: Test_Requesters/nil_base_arg_should_error#05 (0.00s)
    --- PASS: Test_Requesters/should_work#01 (0.00s)
    --- PASS: Test_Requesters/should_work#02 (0.00s)
    --- PASS: Test_Requesters/should_work#10 (0.00s)
    --- PASS: Test_Requesters/should_work (0.00s)
    --- PASS: Test_Requesters/marshaller_returns_error#05 (0.00s)
    --- PASS: Test_Requesters/should_work#11 (0.00s)
PASS
ok  	github.com/TerraDharitri/drt-go-chain/dataRetriever/requestHandlers/requesters	(cached)
=== RUN   TestBaseFullHistoryResolver_SearchFirst
=== PAUSE TestBaseFullHistoryResolver_SearchFirst
=== RUN   TestBaseFullHistoryResolver_GetFromStorage
=== PAUSE TestBaseFullHistoryResolver_GetFromStorage
=== RUN   TestMessageProcessor_CanProcessNilMessageShouldErr
=== PAUSE TestMessageProcessor_CanProcessNilMessageShouldErr
=== RUN   TestMessageProcessor_CanProcessErrorsShouldErr
=== PAUSE TestMessageProcessor_CanProcessErrorsShouldErr
=== RUN   TestMessageProcessor_CanProcessOnTopicErrorsShouldErr
=== PAUSE TestMessageProcessor_CanProcessOnTopicErrorsShouldErr
=== RUN   TestMessageProcessor_CanProcessThrottlerNotAllowingShouldErr
=== PAUSE TestMessageProcessor_CanProcessThrottlerNotAllowingShouldErr
=== RUN   TestMessageProcessor_CanProcessShouldWork
=== PAUSE TestMessageProcessor_CanProcessShouldWork
=== RUN   TestMessageProcessor_ParseReceivedMessageMarshalizerFailsShouldErr
=== PAUSE TestMessageProcessor_ParseReceivedMessageMarshalizerFailsShouldErr
=== RUN   TestMessageProcessor_ParseReceivedMessageNilValueFieldShouldErr
=== PAUSE TestMessageProcessor_ParseReceivedMessageNilValueFieldShouldErr
=== RUN   TestMessageProcessor_ParseReceivedMessageShouldWork
=== PAUSE TestMessageProcessor_ParseReceivedMessageShouldWork
=== RUN   TestNewEquivalentProofsResolver
=== PAUSE TestNewEquivalentProofsResolver
=== RUN   TestEquivalentProofsResolver_IsInterfaceNil
=== PAUSE TestEquivalentProofsResolver_IsInterfaceNil
=== RUN   TestEquivalentProofsResolver_ProcessReceivedMessage
=== PAUSE TestEquivalentProofsResolver_ProcessReceivedMessage
=== RUN   TestNewHeaderResolver_NilSenderResolverShouldErr
=== PAUSE TestNewHeaderResolver_NilSenderResolverShouldErr
=== RUN   TestNewHeaderResolver_NilHeadersPoolShouldErr
=== PAUSE TestNewHeaderResolver_NilHeadersPoolShouldErr
=== RUN   TestNewHeaderResolver_NilHeadersStorageShouldErr
=== PAUSE TestNewHeaderResolver_NilHeadersStorageShouldErr
=== RUN   TestNewHeaderResolver_NilHeadersNoncesStorageShouldErr
=== PAUSE TestNewHeaderResolver_NilHeadersNoncesStorageShouldErr
=== RUN   TestNewHeaderResolver_NilMarshalizerShouldErr
=== PAUSE TestNewHeaderResolver_NilMarshalizerShouldErr
=== RUN   TestNewHeaderResolver_NilNonceConverterShouldErr
=== PAUSE TestNewHeaderResolver_NilNonceConverterShouldErr
=== RUN   TestNewHeaderResolver_NilShardCoordinatorShouldErr
=== PAUSE TestNewHeaderResolver_NilShardCoordinatorShouldErr
=== RUN   TestNewHeaderResolver_NilAntifloodHandlerShouldErr
=== PAUSE TestNewHeaderResolver_NilAntifloodHandlerShouldErr
=== RUN   TestNewHeaderResolver_NilThrottlerShouldErr
=== PAUSE TestNewHeaderResolver_NilThrottlerShouldErr
=== RUN   TestNewHeaderResolver_OkValsShouldWork
=== PAUSE TestNewHeaderResolver_OkValsShouldWork
=== RUN   TestHeaderResolver_ProcessReceivedCanProcessMessageErrorsShouldErr
=== PAUSE TestHeaderResolver_ProcessReceivedCanProcessMessageErrorsShouldErr
=== RUN   TestHeaderResolver_ProcessReceivedMessageNilValueShouldErr
=== PAUSE TestHeaderResolver_ProcessReceivedMessageNilValueShouldErr
=== RUN   TestHeaderResolver_ProcessReceivedMessage_WrongIdentifierStartBlock
=== PAUSE TestHeaderResolver_ProcessReceivedMessage_WrongIdentifierStartBlock
=== RUN   TestHeaderResolver_ProcessReceivedMessageEpochTypeUnknownEpochShouldWork
=== PAUSE TestHeaderResolver_ProcessReceivedMessageEpochTypeUnknownEpochShouldWork
=== RUN   TestHeaderResolver_ProcessReceivedMessage_Ok
=== PAUSE TestHeaderResolver_ProcessReceivedMessage_Ok
=== RUN   TestHeaderResolver_ProcessReceivedMessageRequestUnknownTypeShouldErr
=== PAUSE TestHeaderResolver_ProcessReceivedMessageRequestUnknownTypeShouldErr
=== RUN   TestHeaderResolver_ValidateRequestHashTypeFoundInHdrPoolShouldSearchAndSend
=== PAUSE TestHeaderResolver_ValidateRequestHashTypeFoundInHdrPoolShouldSearchAndSend
=== RUN   TestHeaderResolver_ValidateRequestHashTypeFoundInHdrPoolShouldSearchAndSendFullHistory
=== PAUSE TestHeaderResolver_ValidateRequestHashTypeFoundInHdrPoolShouldSearchAndSendFullHistory
=== RUN   TestHeaderResolver_ProcessReceivedMessageRequestHashTypeFoundInHdrPoolMarshalizerFailsShouldErr
=== PAUSE TestHeaderResolver_ProcessReceivedMessageRequestHashTypeFoundInHdrPoolMarshalizerFailsShouldErr
=== RUN   TestHeaderResolver_ProcessReceivedMessageRequestRetFromStorageShouldRetValAndSend
=== PAUSE TestHeaderResolver_ProcessReceivedMessageRequestRetFromStorageShouldRetValAndSend
=== RUN   TestHeaderResolver_ProcessReceivedMessageRequestNonceTypeInvalidSliceShouldErr
=== PAUSE TestHeaderResolver_ProcessReceivedMessageRequestNonceTypeInvalidSliceShouldErr
=== RUN   TestHeaderResolver_ProcessReceivedMessageRequestNonceShouldCallWithTheCorrectEpoch
=== PAUSE TestHeaderResolver_ProcessReceivedMessageRequestNonceShouldCallWithTheCorrectEpoch
=== RUN   TestHeaderResolver_ProcessReceivedMessageRequestNonceTypeNotFoundInHdrNoncePoolAndStorageShouldRetNilAndNotSend
=== PAUSE TestHeaderResolver_ProcessReceivedMessageRequestNonceTypeNotFoundInHdrNoncePoolAndStorageShouldRetNilAndNotSend
=== RUN   TestHeaderResolver_ProcessReceivedMessageRequestNonceTypeFoundInHdrNoncePoolShouldRetFromPoolAndSend
=== PAUSE TestHeaderResolver_ProcessReceivedMessageRequestNonceTypeFoundInHdrNoncePoolShouldRetFromPoolAndSend
=== RUN   TestHeaderResolver_ProcessReceivedMessageRequestNonceTypeFoundInHdrNoncePoolShouldRetFromStorageAndSend
=== PAUSE TestHeaderResolver_ProcessReceivedMessageRequestNonceTypeFoundInHdrNoncePoolShouldRetFromStorageAndSend
=== RUN   TestHeaderResolver_ProcessReceivedMessageRequestNonceTypeFoundInHdrNoncePoolButMarshalFailsShouldError
=== PAUSE TestHeaderResolver_ProcessReceivedMessageRequestNonceTypeFoundInHdrNoncePoolButMarshalFailsShouldError
=== RUN   TestHeaderResolver_ProcessReceivedMessageRequestNonceTypeNotFoundInHdrNoncePoolShouldRetFromPoolAndSend
=== PAUSE TestHeaderResolver_ProcessReceivedMessageRequestNonceTypeNotFoundInHdrNoncePoolShouldRetFromPoolAndSend
=== RUN   TestHeaderResolver_ProcessReceivedMessageRequestNonceTypeFoundInHdrNoncePoolCheckRetErr
=== PAUSE TestHeaderResolver_ProcessReceivedMessageRequestNonceTypeFoundInHdrNoncePoolCheckRetErr
=== RUN   TestHeaderResolver_SetEpochHandlerNilShouldErr
=== PAUSE TestHeaderResolver_SetEpochHandlerNilShouldErr
=== RUN   TestHeaderResolver_SetEpochHandlerShouldWork
=== PAUSE TestHeaderResolver_SetEpochHandlerShouldWork
=== RUN   TestHeaderResolver_Close
=== PAUSE TestHeaderResolver_Close
=== RUN   TestHeaderResolver_SetEpochHandlerConcurrency
=== PAUSE TestHeaderResolver_SetEpochHandlerConcurrency
=== RUN   TestNewMiniblockResolver_NilSenderResolverShouldErr
=== PAUSE TestNewMiniblockResolver_NilSenderResolverShouldErr
=== RUN   TestNewMiniblockResolver_NilBlockBodyPoolShouldErr
=== PAUSE TestNewMiniblockResolver_NilBlockBodyPoolShouldErr
=== RUN   TestNewMiniblockResolver_NilBlockBodyStorageShouldErr
=== PAUSE TestNewMiniblockResolver_NilBlockBodyStorageShouldErr
=== RUN   TestNewMiniblockResolver_NilBlockMarshalizerShouldErr
=== PAUSE TestNewMiniblockResolver_NilBlockMarshalizerShouldErr
=== RUN   TestNewMiniblockResolver_NilAntifloodHandlerShouldErr
=== PAUSE TestNewMiniblockResolver_NilAntifloodHandlerShouldErr
=== RUN   TestNewMiniblockResolver_NilThrottlerShouldErr
=== PAUSE TestNewMiniblockResolver_NilThrottlerShouldErr
=== RUN   TestNewMiniblockResolver_NilDataPackerShouldErr
=== PAUSE TestNewMiniblockResolver_NilDataPackerShouldErr
=== RUN   TestNewMiniblockResolver_OkValsShouldWork
=== PAUSE TestNewMiniblockResolver_OkValsShouldWork
=== RUN   TestMiniblockResolver_ProcessReceivedAntifloodErrorsShouldErr
=== PAUSE TestMiniblockResolver_ProcessReceivedAntifloodErrorsShouldErr
=== RUN   TestMiniblockResolver_ProcessReceivedMessageNilValueShouldErr
=== PAUSE TestMiniblockResolver_ProcessReceivedMessageNilValueShouldErr
=== RUN   TestMiniblockResolver_ProcessReceivedMessageWrongTypeShouldErr
=== PAUSE TestMiniblockResolver_ProcessReceivedMessageWrongTypeShouldErr
=== RUN   TestMiniblockResolver_ProcessReceivedMessageFoundInPoolShouldRetValAndSend
=== PAUSE TestMiniblockResolver_ProcessReceivedMessageFoundInPoolShouldRetValAndSend
=== RUN   TestMiniblockResolver_ProcessReceivedMessageFoundInPoolMarshalizerFailShouldErr
=== PAUSE TestMiniblockResolver_ProcessReceivedMessageFoundInPoolMarshalizerFailShouldErr
=== RUN   TestMiniblockResolver_ProcessReceivedMessageUnmarshalFails
=== PAUSE TestMiniblockResolver_ProcessReceivedMessageUnmarshalFails
=== RUN   TestMiniblockResolver_ProcessReceivedMessagePackDataInChunksFails
=== PAUSE TestMiniblockResolver_ProcessReceivedMessagePackDataInChunksFails
=== RUN   TestMiniblockResolver_ProcessReceivedMessageSendFails
=== PAUSE TestMiniblockResolver_ProcessReceivedMessageSendFails
=== RUN   TestMiniblockResolver_ProcessReceivedMessageNotFoundInPoolShouldRetFromStorageAndSend
=== PAUSE TestMiniblockResolver_ProcessReceivedMessageNotFoundInPoolShouldRetFromStorageAndSend
=== RUN   TestMiniblockResolver_ProcessReceivedMessageMarshalFails
=== PAUSE TestMiniblockResolver_ProcessReceivedMessageMarshalFails
=== RUN   TestMiniblockResolver_ProcessReceivedMessageMissingDataShouldNotSend
=== PAUSE TestMiniblockResolver_ProcessReceivedMessageMissingDataShouldNotSend
=== RUN   TestMiniblockResolver_Close
=== PAUSE TestMiniblockResolver_Close
=== RUN   TestNewPeerAuthenticationResolver
=== PAUSE TestNewPeerAuthenticationResolver
=== RUN   TestPeerAuthenticationResolver_ProcessReceivedMessage
=== PAUSE TestPeerAuthenticationResolver_ProcessReceivedMessage
=== RUN   TestNewTxResolver_NilResolverShouldErr
=== PAUSE TestNewTxResolver_NilResolverShouldErr
=== RUN   TestNewTxResolver_NilTxPoolShouldErr
=== PAUSE TestNewTxResolver_NilTxPoolShouldErr
=== RUN   TestNewTxResolver_NilTxStorageShouldErr
=== PAUSE TestNewTxResolver_NilTxStorageShouldErr
=== RUN   TestNewTxResolver_NilMarshalizerShouldErr
=== PAUSE TestNewTxResolver_NilMarshalizerShouldErr
=== RUN   TestNewTxResolver_NilDataPackerShouldErr
=== PAUSE TestNewTxResolver_NilDataPackerShouldErr
=== RUN   TestNewTxResolver_NilAntifloodHandlerShouldErr
=== PAUSE TestNewTxResolver_NilAntifloodHandlerShouldErr
=== RUN   TestNewTxResolver_NilThrottlerShouldErr
=== PAUSE TestNewTxResolver_NilThrottlerShouldErr
=== RUN   TestNewTxResolver_OkValsShouldWork
=== PAUSE TestNewTxResolver_OkValsShouldWork
=== RUN   TestTxResolver_ProcessReceivedMessageCanProcessMessageErrorsShouldErr
=== PAUSE TestTxResolver_ProcessReceivedMessageCanProcessMessageErrorsShouldErr
=== RUN   TestTxResolver_ProcessReceivedMessageNilMessageShouldErr
=== PAUSE TestTxResolver_ProcessReceivedMessageNilMessageShouldErr
=== RUN   TestTxResolver_ProcessReceivedMessageWrongTypeShouldErr
=== PAUSE TestTxResolver_ProcessReceivedMessageWrongTypeShouldErr
=== RUN   TestTxResolver_ProcessReceivedMessageNilValueShouldErr
=== PAUSE TestTxResolver_ProcessReceivedMessageNilValueShouldErr
=== RUN   TestTxResolver_ProcessReceivedMessageFoundInTxPoolShouldSearchAndSend
=== PAUSE TestTxResolver_ProcessReceivedMessageFoundInTxPoolShouldSearchAndSend
=== RUN   TestTxResolver_ProcessReceivedMessageFoundInTxPoolMarshalizerFailShouldRetNilAndErr
=== PAUSE TestTxResolver_ProcessReceivedMessageFoundInTxPoolMarshalizerFailShouldRetNilAndErr
=== RUN   TestTxResolver_ProcessReceivedMessageBatchMarshalFailShouldRetNilAndErr
=== PAUSE TestTxResolver_ProcessReceivedMessageBatchMarshalFailShouldRetNilAndErr
=== RUN   TestTxResolver_ProcessReceivedMessageFoundInTxStorageShouldRetValAndSend
=== PAUSE TestTxResolver_ProcessReceivedMessageFoundInTxStorageShouldRetValAndSend
=== RUN   TestTxResolver_ProcessReceivedMessageFoundInTxStorageCheckRetError
=== PAUSE TestTxResolver_ProcessReceivedMessageFoundInTxStorageCheckRetError
=== RUN   TestTxResolver_ProcessReceivedMessageRequestedTwoSmallTransactionsShouldCallSliceSplitter
=== PAUSE TestTxResolver_ProcessReceivedMessageRequestedTwoSmallTransactionsShouldCallSliceSplitter
=== RUN   TestTxResolver_ProcessReceivedMessageRequestedTwoSmallTransactionsFoundOnlyOneShouldWork
=== PAUSE TestTxResolver_ProcessReceivedMessageRequestedTwoSmallTransactionsFoundOnlyOneShouldWork
=== RUN   TestTxResolver_ProcessReceivedMessageHashArrayUnmarshalFails
=== PAUSE TestTxResolver_ProcessReceivedMessageHashArrayUnmarshalFails
=== RUN   TestTxResolver_ProcessReceivedMessageHashArrayPackDataInChunksFails
=== PAUSE TestTxResolver_ProcessReceivedMessageHashArrayPackDataInChunksFails
=== RUN   TestTxResolver_ProcessReceivedMessageHashArraySendFails
=== PAUSE TestTxResolver_ProcessReceivedMessageHashArraySendFails
=== RUN   TestTxResolver_Close
=== PAUSE TestTxResolver_Close
=== RUN   TestNewTrieNodeResolver_NilResolverShouldErr
=== PAUSE TestNewTrieNodeResolver_NilResolverShouldErr
=== RUN   TestNewTrieNodeResolver_NilTrieShouldErr
=== PAUSE TestNewTrieNodeResolver_NilTrieShouldErr
=== RUN   TestNewTrieNodeResolver_NilMarshalizerShouldErr
=== PAUSE TestNewTrieNodeResolver_NilMarshalizerShouldErr
=== RUN   TestNewTrieNodeResolver_NilAntiflooderShouldErr
=== PAUSE TestNewTrieNodeResolver_NilAntiflooderShouldErr
=== RUN   TestNewTrieNodeResolver_NilThrottlerShouldErr
=== PAUSE TestNewTrieNodeResolver_NilThrottlerShouldErr
=== RUN   TestNewTrieNodeResolver_OkValsShouldWork
=== PAUSE TestNewTrieNodeResolver_OkValsShouldWork
=== RUN   TestTrieNodeResolver_ProcessReceivedAntiflooderCanProcessMessageErrShouldErr
=== PAUSE TestTrieNodeResolver_ProcessReceivedAntiflooderCanProcessMessageErrShouldErr
=== RUN   TestTrieNodeResolver_ProcessReceivedMessageNilMessageShouldErr
=== PAUSE TestTrieNodeResolver_ProcessReceivedMessageNilMessageShouldErr
=== RUN   TestTrieNodeResolver_ProcessReceivedMessageWrongTypeShouldErr
=== PAUSE TestTrieNodeResolver_ProcessReceivedMessageWrongTypeShouldErr
=== RUN   TestTrieNodeResolver_ProcessReceivedMessageNilValueShouldErr
=== PAUSE TestTrieNodeResolver_ProcessReceivedMessageNilValueShouldErr
=== RUN   TestTrieNodeResolver_ProcessReceivedMessageShouldGetFromTrieAndSend
=== PAUSE TestTrieNodeResolver_ProcessReceivedMessageShouldGetFromTrieAndSend
=== RUN   TestTrieNodeResolver_ProcessReceivedMessageShouldGetFromTrieAndMarshalizerFailShouldRetNilAndErr
=== PAUSE TestTrieNodeResolver_ProcessReceivedMessageShouldGetFromTrieAndMarshalizerFailShouldRetNilAndErr
=== RUN   TestTrieNodeResolver_ProcessReceivedMessageTrieErrorsShouldErr
=== PAUSE TestTrieNodeResolver_ProcessReceivedMessageTrieErrorsShouldErr
=== RUN   TestTrieNodeResolver_ProcessReceivedMessageMultipleHashesUnmarshalFails
=== PAUSE TestTrieNodeResolver_ProcessReceivedMessageMultipleHashesUnmarshalFails
=== RUN   TestTrieNodeResolver_ProcessReceivedMessageMultipleHashesGetSerializedNodeErrorsShouldNotSend
=== PAUSE TestTrieNodeResolver_ProcessReceivedMessageMultipleHashesGetSerializedNodeErrorsShouldNotSend
=== RUN   TestTrieNodeResolver_ProcessReceivedMessageMultipleHashesGetSerializedNodesErrorsShouldNotSendSubtrie
=== PAUSE TestTrieNodeResolver_ProcessReceivedMessageMultipleHashesGetSerializedNodesErrorsShouldNotSendSubtrie
=== RUN   TestTrieNodeResolver_ProcessReceivedMessageMultipleHashesNotEnoughSpaceShouldNotReadSubtries
=== PAUSE TestTrieNodeResolver_ProcessReceivedMessageMultipleHashesNotEnoughSpaceShouldNotReadSubtries
=== RUN   TestTrieNodeResolver_ProcessReceivedMessageMultipleHashesShouldWorkWithSubtries
=== PAUSE TestTrieNodeResolver_ProcessReceivedMessageMultipleHashesShouldWorkWithSubtries
=== RUN   TestTrieNodeResolver_ProcessReceivedMessageLargeTrieNodeShouldSendFirstChunk
=== PAUSE TestTrieNodeResolver_ProcessReceivedMessageLargeTrieNodeShouldSendFirstChunk
=== RUN   TestTrieNodeResolver_ProcessReceivedMessageLargeTrieNodeShouldSendRequiredChunk
=== PAUSE TestTrieNodeResolver_ProcessReceivedMessageLargeTrieNodeShouldSendRequiredChunk
=== RUN   TestTrieNodeResolver_Close
=== PAUSE TestTrieNodeResolver_Close
=== RUN   TestNewValidatorInfoResolver
=== PAUSE TestNewValidatorInfoResolver
=== RUN   TestValidatorInfoResolver_ProcessReceivedMessage
=== PAUSE TestValidatorInfoResolver_ProcessReceivedMessage
=== RUN   TestValidatorInfoResolver_SetDebugHandler
=== PAUSE TestValidatorInfoResolver_SetDebugHandler
=== CONT  TestBaseFullHistoryResolver_SearchFirst
=== CONT  TestValidatorInfoResolver_SetDebugHandler
=== CONT  TestMiniblockResolver_ProcessReceivedMessageFoundInPoolMarshalizerFailShouldErr
=== CONT  TestTxResolver_ProcessReceivedMessageRequestedTwoSmallTransactionsFoundOnlyOneShouldWork
--- PASS: TestBaseFullHistoryResolver_SearchFirst (0.00s)
=== CONT  TestMiniblockResolver_ProcessReceivedMessageFoundInPoolShouldRetValAndSend
=== CONT  TestMiniblockResolver_ProcessReceivedMessageWrongTypeShouldErr
--- PASS: TestValidatorInfoResolver_SetDebugHandler (0.00s)
--- PASS: TestMiniblockResolver_ProcessReceivedMessageWrongTypeShouldErr (0.00s)
=== CONT  TestHeaderResolver_SetEpochHandlerShouldWork
--- PASS: TestHeaderResolver_SetEpochHandlerShouldWork (0.00s)
=== CONT  TestHeaderResolver_SetEpochHandlerNilShouldErr
--- PASS: TestHeaderResolver_SetEpochHandlerNilShouldErr (0.00s)
=== CONT  TestHeaderResolver_ProcessReceivedMessageRequestNonceTypeFoundInHdrNoncePoolCheckRetErr
=== CONT  TestMiniblockResolver_ProcessReceivedMessageNilValueShouldErr
--- PASS: TestHeaderResolver_ProcessReceivedMessageRequestNonceTypeFoundInHdrNoncePoolCheckRetErr (0.00s)
=== CONT  TestHeaderResolver_ProcessReceivedMessageRequestNonceTypeNotFoundInHdrNoncePoolShouldRetFromPoolAndSend
--- PASS: TestMiniblockResolver_ProcessReceivedMessageFoundInPoolMarshalizerFailShouldErr (0.00s)
=== CONT  TestHeaderResolver_ProcessReceivedMessageRequestNonceTypeFoundInHdrNoncePoolButMarshalFailsShouldError
--- PASS: TestMiniblockResolver_ProcessReceivedMessageNilValueShouldErr (0.00s)
=== CONT  TestNewMiniblockResolver_OkValsShouldWork
=== CONT  TestNewMiniblockResolver_NilDataPackerShouldErr
--- PASS: TestNewMiniblockResolver_NilDataPackerShouldErr (0.00s)
=== CONT  TestHeaderResolver_ProcessReceivedMessageRequestNonceTypeFoundInHdrNoncePoolShouldRetFromPoolAndSend
=== CONT  TestMiniblockResolver_ProcessReceivedAntifloodErrorsShouldErr
--- PASS: TestHeaderResolver_ProcessReceivedMessageRequestNonceTypeFoundInHdrNoncePoolButMarshalFailsShouldError (0.00s)
=== CONT  TestHeaderResolver_ProcessReceivedMessageRequestNonceTypeNotFoundInHdrNoncePoolAndStorageShouldRetNilAndNotSend
--- PASS: TestMiniblockResolver_ProcessReceivedAntifloodErrorsShouldErr (0.00s)
=== CONT  TestHeaderResolver_ProcessReceivedMessageRequestNonceShouldCallWithTheCorrectEpoch
--- PASS: TestTxResolver_ProcessReceivedMessageRequestedTwoSmallTransactionsFoundOnlyOneShouldWork (0.00s)
=== CONT  TestNewMiniblockResolver_NilThrottlerShouldErr
=== CONT  TestNewMiniblockResolver_NilAntifloodHandlerShouldErr
=== CONT  TestHeaderResolver_ValidateRequestHashTypeFoundInHdrPoolShouldSearchAndSendFullHistory
=== CONT  TestHeaderResolver_ValidateRequestHashTypeFoundInHdrPoolShouldSearchAndSend
=== CONT  TestHeaderResolver_ProcessReceivedMessageRequestUnknownTypeShouldErr
=== CONT  TestHeaderResolver_ProcessReceivedMessageRequestNonceTypeInvalidSliceShouldErr
=== CONT  TestHeaderResolver_ProcessReceivedMessageEpochTypeUnknownEpochShouldWork
=== CONT  TestEquivalentProofsResolver_ProcessReceivedMessage
=== CONT  TestTrieNodeResolver_ProcessReceivedMessageNilValueShouldErr
=== RUN   TestEquivalentProofsResolver_ProcessReceivedMessage/nil_message_should_error
=== CONT  TestValidatorInfoResolver_ProcessReceivedMessage
=== CONT  TestNewValidatorInfoResolver
=== CONT  TestTrieNodeResolver_Close
=== CONT  TestTrieNodeResolver_ProcessReceivedMessageLargeTrieNodeShouldSendRequiredChunk
=== CONT  TestTrieNodeResolver_ProcessReceivedMessageLargeTrieNodeShouldSendFirstChunk
=== RUN   TestNewValidatorInfoResolver/nil_SenderResolver_should_error
=== CONT  TestTrieNodeResolver_ProcessReceivedMessageMultipleHashesShouldWorkWithSubtries
=== CONT  TestNewMiniblockResolver_NilBlockBodyStorageShouldErr
=== CONT  TestTrieNodeResolver_ProcessReceivedMessageMultipleHashesNotEnoughSpaceShouldNotReadSubtries
=== CONT  TestHeaderResolver_ProcessReceivedMessageRequestRetFromStorageShouldRetValAndSend
=== CONT  TestTrieNodeResolver_ProcessReceivedMessageMultipleHashesGetSerializedNodesErrorsShouldNotSendSubtrie
=== CONT  TestHeaderResolver_SetEpochHandlerConcurrency
=== PAUSE TestEquivalentProofsResolver_ProcessReceivedMessage/nil_message_should_error
=== RUN   TestEquivalentProofsResolver_ProcessReceivedMessage/parseReceivedMessage_returns_error_due_to_marshaller_error
=== PAUSE TestEquivalentProofsResolver_ProcessReceivedMessage/parseReceivedMessage_returns_error_due_to_marshaller_error
=== RUN   TestEquivalentProofsResolver_ProcessReceivedMessage/invalid_request_type_should_error
=== PAUSE TestEquivalentProofsResolver_ProcessReceivedMessage/invalid_request_type_should_error
=== RUN   TestEquivalentProofsResolver_ProcessReceivedMessage/resolveHashRequest:_marshal_failure_before_send_should_error
=== PAUSE TestEquivalentProofsResolver_ProcessReceivedMessage/resolveHashRequest:_marshal_failure_before_send_should_error
=== RUN   TestEquivalentProofsResolver_ProcessReceivedMessage/resolveHashRequest:_invalid_key_should_error
=== PAUSE TestEquivalentProofsResolver_ProcessReceivedMessage/resolveHashRequest:_invalid_key_should_error
=== RUN   TestEquivalentProofsResolver_ProcessReceivedMessage/resolveHashRequest:_hash_not_found_anywhere_should_error
=== PAUSE TestEquivalentProofsResolver_ProcessReceivedMessage/resolveHashRequest:_hash_not_found_anywhere_should_error
=== RUN   TestEquivalentProofsResolver_ProcessReceivedMessage/resolveHashRequest:_should_work_and_return_from_pool
=== RUN   TestValidatorInfoResolver_ProcessReceivedMessage/nil_message_should_error
=== PAUSE TestValidatorInfoResolver_ProcessReceivedMessage/nil_message_should_error
=== RUN   TestValidatorInfoResolver_ProcessReceivedMessage/canProcessMessage_due_to_antiflood_handler_error
=== PAUSE TestValidatorInfoResolver_ProcessReceivedMessage/canProcessMessage_due_to_antiflood_handler_error
=== RUN   TestValidatorInfoResolver_ProcessReceivedMessage/parseReceivedMessage_returns_error_due_to_marshalizer_error
=== PAUSE TestValidatorInfoResolver_ProcessReceivedMessage/parseReceivedMessage_returns_error_due_to_marshalizer_error
=== RUN   TestValidatorInfoResolver_ProcessReceivedMessage/invalid_request_type_should_error
=== PAUSE TestValidatorInfoResolver_ProcessReceivedMessage/invalid_request_type_should_error
=== RUN   TestValidatorInfoResolver_ProcessReceivedMessage/data_not_found_in_cache_and_fetchValidatorInfoByteSlice_fails_when_getting_data_from_storage
=== PAUSE TestValidatorInfoResolver_ProcessReceivedMessage/data_not_found_in_cache_and_fetchValidatorInfoByteSlice_fails_when_getting_data_from_storage
=== RUN   TestValidatorInfoResolver_ProcessReceivedMessage/data_found_in_cache_but_marshal_fails
=== PAUSE TestValidatorInfoResolver_ProcessReceivedMessage/data_found_in_cache_but_marshal_fails
=== RUN   TestValidatorInfoResolver_ProcessReceivedMessage/data_found_in_storage_but_marshal_fails
=== PAUSE TestValidatorInfoResolver_ProcessReceivedMessage/data_found_in_storage_but_marshal_fails
=== RUN   TestValidatorInfoResolver_ProcessReceivedMessage/should_work,_data_from_cache
=== PAUSE TestValidatorInfoResolver_ProcessReceivedMessage/should_work,_data_from_cache
=== CONT  TestHeaderResolver_ProcessReceivedMessage_Ok
=== CONT  TestTrieNodeResolver_ProcessReceivedMessageMultipleHashesGetSerializedNodeErrorsShouldNotSend
=== CONT  TestHeaderResolver_Close
=== CONT  TestHeaderResolver_ProcessReceivedMessageRequestNonceTypeFoundInHdrNoncePoolShouldRetFromStorageAndSend
--- PASS: TestHeaderResolver_ProcessReceivedMessageRequestNonceTypeNotFoundInHdrNoncePoolAndStorageShouldRetNilAndNotSend (0.00s)
=== CONT  TestHeaderResolver_ProcessReceivedMessageRequestHashTypeFoundInHdrPoolMarshalizerFailsShouldErr
=== CONT  TestMessageProcessor_ParseReceivedMessageNilValueFieldShouldErr
=== CONT  TestNewMiniblockResolver_NilBlockMarshalizerShouldErr
=== CONT  TestTrieNodeResolver_ProcessReceivedMessageShouldGetFromTrieAndMarshalizerFailShouldRetNilAndErr
=== CONT  TestNewMiniblockResolver_NilBlockBodyPoolShouldErr
=== CONT  TestTrieNodeResolver_ProcessReceivedMessageShouldGetFromTrieAndSend
=== CONT  TestMessageProcessor_CanProcessOnTopicErrorsShouldErr
=== CONT  TestMessageProcessor_ParseReceivedMessageMarshalizerFailsShouldErr
=== CONT  TestMessageProcessor_CanProcessErrorsShouldErr
=== CONT  TestMessageProcessor_CanProcessNilMessageShouldErr
=== CONT  TestMessageProcessor_CanProcessShouldWork
=== CONT  TestBaseFullHistoryResolver_GetFromStorage
=== CONT  TestNewTrieNodeResolver_NilMarshalizerShouldErr
=== CONT  TestTxResolver_Close
=== RUN   TestBaseFullHistoryResolver_GetFromStorage/get_from_epoch_returned_nil_error_and_not_empty_buffer
=== CONT  TestTrieNodeResolver_ProcessReceivedMessageWrongTypeShouldErr
=== CONT  TestMessageProcessor_CanProcessThrottlerNotAllowingShouldErr
=== CONT  TestNewTrieNodeResolver_NilTrieShouldErr
=== CONT  TestTrieNodeResolver_ProcessReceivedMessageNilMessageShouldErr
=== PAUSE TestNewValidatorInfoResolver/nil_SenderResolver_should_error
=== CONT  TestTrieNodeResolver_ProcessReceivedAntiflooderCanProcessMessageErrShouldErr
=== CONT  TestNewTrieNodeResolver_OkValsShouldWork
=== CONT  TestNewTrieNodeResolver_NilResolverShouldErr
=== CONT  TestNewTrieNodeResolver_NilThrottlerShouldErr
=== RUN   TestNewValidatorInfoResolver/nil_marshaller_should_error
=== CONT  TestEquivalentProofsResolver_IsInterfaceNil
--- PASS: TestHeaderResolver_ProcessReceivedMessageRequestNonceShouldCallWithTheCorrectEpoch (0.00s)
=== PAUSE TestNewValidatorInfoResolver/nil_marshaller_should_error
=== RUN   TestNewValidatorInfoResolver/nil_AntifloodHandler_should_error
=== PAUSE TestNewValidatorInfoResolver/nil_AntifloodHandler_should_error
=== CONT  TestHeaderResolver_ProcessReceivedCanProcessMessageErrorsShouldErr
=== CONT  TestNewHeaderResolver_OkValsShouldWork
=== RUN   TestNewValidatorInfoResolver/nil_Throttler_should_error
=== PAUSE TestNewValidatorInfoResolver/nil_Throttler_should_error
=== CONT  TestHeaderResolver_ProcessReceivedMessage_WrongIdentifierStartBlock
=== RUN   TestNewValidatorInfoResolver/nil_ValidatorInfoPool_should_error
=== CONT  TestHeaderResolver_ProcessReceivedMessageNilValueShouldErr
=== PAUSE TestNewValidatorInfoResolver/nil_ValidatorInfoPool_should_error
=== RUN   TestNewValidatorInfoResolver/nil_ValidatorInfoStorage_should_error
=== CONT  TestNewHeaderResolver_NilThrottlerShouldErr
=== CONT  TestNewTxResolver_NilDataPackerShouldErr
=== PAUSE TestNewValidatorInfoResolver/nil_ValidatorInfoStorage_should_error
--- PASS: TestNewMiniblockResolver_NilThrottlerShouldErr (0.00s)
=== CONT  TestTxResolver_ProcessReceivedMessageRequestedTwoSmallTransactionsShouldCallSliceSplitter
--- PASS: TestNewMiniblockResolver_NilAntifloodHandlerShouldErr (0.00s)
=== CONT  TestTrieNodeResolver_ProcessReceivedMessageMultipleHashesUnmarshalFails
=== CONT  TestTxResolver_ProcessReceivedMessageHashArraySendFails
=== RUN   TestNewValidatorInfoResolver/nil_DataPacker_should_error
=== CONT  TestTxResolver_ProcessReceivedMessageNilMessageShouldErr
=== PAUSE TestNewValidatorInfoResolver/nil_DataPacker_should_error
=== CONT  TestTxResolver_ProcessReceivedMessageFoundInTxStorageCheckRetError
=== CONT  TestTxResolver_ProcessReceivedMessageWrongTypeShouldErr
=== CONT  TestNewTxResolver_OkValsShouldWork
=== CONT  TestTxResolver_ProcessReceivedMessageFoundInTxStorageShouldRetValAndSend
=== CONT  TestTxResolver_ProcessReceivedMessageCanProcessMessageErrorsShouldErr
=== CONT  TestNewTxResolver_NilThrottlerShouldErr
=== CONT  TestNewTxResolver_NilAntifloodHandlerShouldErr
=== CONT  TestTxResolver_ProcessReceivedMessageBatchMarshalFailShouldRetNilAndErr
=== CONT  TestTxResolver_ProcessReceivedMessageFoundInTxPoolShouldSearchAndSend
=== CONT  TestTxResolver_ProcessReceivedMessageNilValueShouldErr
=== CONT  TestNewTxResolver_NilTxPoolShouldErr
=== CONT  TestMiniblockResolver_Close
=== CONT  TestNewTxResolver_NilResolverShouldErr
=== CONT  TestNewTxResolver_NilMarshalizerShouldErr
=== CONT  TestNewTxResolver_NilTxStorageShouldErr
=== CONT  TestPeerAuthenticationResolver_ProcessReceivedMessage
=== RUN   TestPeerAuthenticationResolver_ProcessReceivedMessage/nil_message_should_error
=== PAUSE TestPeerAuthenticationResolver_ProcessReceivedMessage/nil_message_should_error
=== RUN   TestPeerAuthenticationResolver_ProcessReceivedMessage/canProcessMessage_due_to_antiflood_handler_error
=== PAUSE TestPeerAuthenticationResolver_ProcessReceivedMessage/canProcessMessage_due_to_antiflood_handler_error
=== RUN   TestPeerAuthenticationResolver_ProcessReceivedMessage/parseReceivedMessage_returns_error_due_to_marshaller_error
=== PAUSE TestPeerAuthenticationResolver_ProcessReceivedMessage/parseReceivedMessage_returns_error_due_to_marshaller_error
=== RUN   TestPeerAuthenticationResolver_ProcessReceivedMessage/invalid_request_type_should_error
=== PAUSE TestPeerAuthenticationResolver_ProcessReceivedMessage/invalid_request_type_should_error
=== RUN   TestPeerAuthenticationResolver_ProcessReceivedMessage/resolveMultipleHashesRequest:_Unmarshal_returns_error
=== PAUSE TestPeerAuthenticationResolver_ProcessReceivedMessage/resolveMultipleHashesRequest:_Unmarshal_returns_error
=== RUN   TestPeerAuthenticationResolver_ProcessReceivedMessage/resolveMultipleHashesRequest:_all_hashes_missing_from_cache_should_error
=== PAUSE TestPeerAuthenticationResolver_ProcessReceivedMessage/resolveMultipleHashesRequest:_all_hashes_missing_from_cache_should_error
=== RUN   TestPeerAuthenticationResolver_ProcessReceivedMessage/resolveMultipleHashesRequest:_all_hashes_will_return_wrong_objects_should_error
=== PAUSE TestPeerAuthenticationResolver_ProcessReceivedMessage/resolveMultipleHashesRequest:_all_hashes_will_return_wrong_objects_should_error
=== RUN   TestPeerAuthenticationResolver_ProcessReceivedMessage/resolveMultipleHashesRequest:_all_hashes_will_return_objects_with_invalid_payload_should_error
=== PAUSE TestPeerAuthenticationResolver_ProcessReceivedMessage/resolveMultipleHashesRequest:_all_hashes_will_return_objects_with_invalid_payload_should_error
=== RUN   TestPeerAuthenticationResolver_ProcessReceivedMessage/resolveMultipleHashesRequest:_some_data_missing_from_cache_should_work
=== PAUSE TestPeerAuthenticationResolver_ProcessReceivedMessage/resolveMultipleHashesRequest:_some_data_missing_from_cache_should_work
=== RUN   TestPeerAuthenticationResolver_ProcessReceivedMessage/resolveMultipleHashesRequest:_PackDataInChunks_returns_error
=== PAUSE TestPeerAuthenticationResolver_ProcessReceivedMessage/resolveMultipleHashesRequest:_PackDataInChunks_returns_error
=== RUN   TestPeerAuthenticationResolver_ProcessReceivedMessage/resolveMultipleHashesRequest:_Send_returns_error
=== PAUSE TestPeerAuthenticationResolver_ProcessReceivedMessage/resolveMultipleHashesRequest:_Send_returns_error
=== RUN   TestPeerAuthenticationResolver_ProcessReceivedMessage/resolveMultipleHashesRequest:_send_large_data_buff
=== PAUSE TestPeerAuthenticationResolver_ProcessReceivedMessage/resolveMultipleHashesRequest:_send_large_data_buff
=== CONT  TestTxResolver_ProcessReceivedMessageFoundInTxPoolMarshalizerFailShouldRetNilAndErr
=== CONT  TestTxResolver_ProcessReceivedMessageHashArrayUnmarshalFails
=== CONT  TestNewHeaderResolver_NilMarshalizerShouldErr
=== CONT  TestNewHeaderResolver_NilHeadersStorageShouldErr
=== CONT  TestNewHeaderResolver_NilShardCoordinatorShouldErr
=== CONT  TestNewHeaderResolver_NilHeadersNoncesStorageShouldErr
=== CONT  TestNewHeaderResolver_NilNonceConverterShouldErr
=== CONT  TestMiniblockResolver_ProcessReceivedMessageNotFoundInPoolShouldRetFromStorageAndSend
=== CONT  TestNewHeaderResolver_NilHeadersPoolShouldErr
=== CONT  TestMiniblockResolver_ProcessReceivedMessageMissingDataShouldNotSend
=== CONT  TestMiniblockResolver_ProcessReceivedMessageMarshalFails
=== CONT  TestMiniblockResolver_ProcessReceivedMessagePackDataInChunksFails
=== CONT  TestMiniblockResolver_ProcessReceivedMessageSendFails
=== CONT  TestMiniblockResolver_ProcessReceivedMessageUnmarshalFails
=== CONT  TestNewHeaderResolver_NilSenderResolverShouldErr
=== CONT  TestPeerAuthenticationResolver_ProcessReceivedMessage/nil_message_should_error
=== CONT  TestNewPeerAuthenticationResolver
=== RUN   TestNewPeerAuthenticationResolver/nil_SenderResolver_should_error
=== PAUSE TestNewPeerAuthenticationResolver/nil_SenderResolver_should_error
=== RUN   TestNewPeerAuthenticationResolver/nil_Marshaller_should_error
=== PAUSE TestNewPeerAuthenticationResolver/nil_Marshaller_should_error
=== RUN   TestNewPeerAuthenticationResolver/nil_AntifloodHandler_should_error
=== PAUSE TestNewPeerAuthenticationResolver/nil_AntifloodHandler_should_error
=== RUN   TestNewPeerAuthenticationResolver/nil_Throttler_should_error
=== PAUSE TestNewPeerAuthenticationResolver/nil_Throttler_should_error
=== RUN   TestNewPeerAuthenticationResolver/nil_PeerAuthenticationPool_should_error
=== PAUSE TestNewPeerAuthenticationResolver/nil_PeerAuthenticationPool_should_error
=== RUN   TestNewPeerAuthenticationResolver/nil_DataPacker_should_error
=== PAUSE TestNewPeerAuthenticationResolver/nil_DataPacker_should_error
=== RUN   TestNewPeerAuthenticationResolver/nil_payload_validator_should_error
=== PAUSE TestNewPeerAuthenticationResolver/nil_payload_validator_should_error
=== RUN   TestNewPeerAuthenticationResolver/should_work
=== PAUSE TestNewPeerAuthenticationResolver/should_work
=== CONT  TestNewPeerAuthenticationResolver/nil_SenderResolver_should_error
=== CONT  TestPeerAuthenticationResolver_ProcessReceivedMessage/resolveMultipleHashesRequest:_send_large_data_buff
=== CONT  TestPeerAuthenticationResolver_ProcessReceivedMessage/resolveMultipleHashesRequest:_Send_returns_error
=== CONT  TestPeerAuthenticationResolver_ProcessReceivedMessage/canProcessMessage_due_to_antiflood_handler_error
=== CONT  TestNewPeerAuthenticationResolver/nil_DataPacker_should_error
=== CONT  TestPeerAuthenticationResolver_ProcessReceivedMessage/resolveMultipleHashesRequest:_PackDataInChunks_returns_error
=== CONT  TestNewMiniblockResolver_NilSenderResolverShouldErr
=== CONT  TestPeerAuthenticationResolver_ProcessReceivedMessage/resolveMultipleHashesRequest:_some_data_missing_from_cache_should_work
=== CONT  TestNewTrieNodeResolver_NilAntiflooderShouldErr
=== CONT  TestPeerAuthenticationResolver_ProcessReceivedMessage/resolveMultipleHashesRequest:_all_hashes_will_return_wrong_objects_should_error
=== CONT  TestPeerAuthenticationResolver_ProcessReceivedMessage/resolveMultipleHashesRequest:_all_hashes_missing_from_cache_should_error
=== CONT  TestPeerAuthenticationResolver_ProcessReceivedMessage/resolveMultipleHashesRequest:_Unmarshal_returns_error
=== CONT  TestPeerAuthenticationResolver_ProcessReceivedMessage/resolveMultipleHashesRequest:_all_hashes_will_return_objects_with_invalid_payload_should_error
=== CONT  TestNewPeerAuthenticationResolver/should_work
=== CONT  TestPeerAuthenticationResolver_ProcessReceivedMessage/invalid_request_type_should_error
=== CONT  TestNewHeaderResolver_NilAntifloodHandlerShouldErr
=== CONT  TestTxResolver_ProcessReceivedMessageHashArrayPackDataInChunksFails
=== PAUSE TestEquivalentProofsResolver_ProcessReceivedMessage/resolveHashRequest:_should_work_and_return_from_pool
--- PASS: TestHeaderResolver_ProcessReceivedMessageRequestNonceTypeNotFoundInHdrNoncePoolShouldRetFromPoolAndSend (0.00s)
--- PASS: TestMiniblockResolver_ProcessReceivedMessageFoundInPoolShouldRetValAndSend (0.00s)
--- PASS: TestHeaderResolver_ValidateRequestHashTypeFoundInHdrPoolShouldSearchAndSend (0.00s)
--- PASS: TestHeaderResolver_ValidateRequestHashTypeFoundInHdrPoolShouldSearchAndSendFullHistory (0.00s)
--- PASS: TestHeaderResolver_ProcessReceivedMessageRequestUnknownTypeShouldErr (0.00s)
--- PASS: TestHeaderResolver_ProcessReceivedMessageEpochTypeUnknownEpochShouldWork (0.00s)
--- PASS: TestHeaderResolver_ProcessReceivedMessageRequestNonceTypeInvalidSliceShouldErr (0.00s)
--- PASS: TestNewMiniblockResolver_OkValsShouldWork (0.00s)
--- PASS: TestTrieNodeResolver_Close (0.00s)
--- PASS: TestHeaderResolver_ProcessReceivedMessageRequestNonceTypeFoundInHdrNoncePoolShouldRetFromPoolAndSend (0.00s)
--- PASS: TestTrieNodeResolver_ProcessReceivedMessageNilValueShouldErr (0.00s)
--- PASS: TestNewMiniblockResolver_NilBlockBodyStorageShouldErr (0.00s)
--- PASS: TestTrieNodeResolver_ProcessReceivedMessageMultipleHashesShouldWorkWithSubtries (0.00s)
--- PASS: TestHeaderResolver_ProcessReceivedMessageRequestRetFromStorageShouldRetValAndSend (0.00s)
--- PASS: TestTrieNodeResolver_ProcessReceivedMessageMultipleHashesGetSerializedNodesErrorsShouldNotSendSubtrie (0.00s)
=== CONT  TestNewEquivalentProofsResolver
--- PASS: TestTrieNodeResolver_ProcessReceivedMessageMultipleHashesGetSerializedNodeErrorsShouldNotSend (0.00s)
--- PASS: TestHeaderResolver_ProcessReceivedMessage_Ok (0.00s)
=== CONT  TestMessageProcessor_ParseReceivedMessageShouldWork
--- PASS: TestHeaderResolver_Close (0.00s)
=== RUN   TestNewEquivalentProofsResolver/nil_SenderResolver_should_error
--- PASS: TestHeaderResolver_ProcessReceivedMessageRequestNonceTypeFoundInHdrNoncePoolShouldRetFromStorageAndSend (0.00s)
--- PASS: TestHeaderResolver_ProcessReceivedMessageRequestHashTypeFoundInHdrPoolMarshalizerFailsShouldErr (0.00s)
--- PASS: TestMessageProcessor_ParseReceivedMessageNilValueFieldShouldErr (0.00s)
=== PAUSE TestNewEquivalentProofsResolver/nil_SenderResolver_should_error
--- PASS: TestNewMiniblockResolver_NilBlockMarshalizerShouldErr (0.00s)
=== RUN   TestNewEquivalentProofsResolver/nil_DataPacker_should_error
--- PASS: TestTrieNodeResolver_ProcessReceivedMessageShouldGetFromTrieAndMarshalizerFailShouldRetNilAndErr (0.00s)
=== PAUSE TestNewEquivalentProofsResolver/nil_DataPacker_should_error
=== RUN   TestValidatorInfoResolver_ProcessReceivedMessage/should_work,_data_from_storage
=== RUN   TestNewEquivalentProofsResolver/nil_Storage_should_error
=== PAUSE TestNewEquivalentProofsResolver/nil_Storage_should_error
=== RUN   TestNewEquivalentProofsResolver/nil_NonceConverter_should_error
=== PAUSE TestNewEquivalentProofsResolver/nil_NonceConverter_should_error
=== RUN   TestNewEquivalentProofsResolver/nil_EquivalentProofsPool_should_error
=== PAUSE TestNewEquivalentProofsResolver/nil_EquivalentProofsPool_should_error
=== RUN   TestNewEquivalentProofsResolver/error_on_GetStorer_should_error
=== PAUSE TestNewEquivalentProofsResolver/error_on_GetStorer_should_error
=== RUN   TestNewEquivalentProofsResolver/should_work
=== PAUSE TestNewEquivalentProofsResolver/should_work
=== CONT  TestNewEquivalentProofsResolver/nil_SenderResolver_should_error
=== CONT  TestNewEquivalentProofsResolver/nil_EquivalentProofsPool_should_error
=== CONT  TestNewEquivalentProofsResolver/nil_NonceConverter_should_error
=== CONT  TestNewEquivalentProofsResolver/should_work
=== CONT  TestNewEquivalentProofsResolver/error_on_GetStorer_should_error
=== CONT  TestNewEquivalentProofsResolver/nil_Storage_should_error
=== PAUSE TestValidatorInfoResolver_ProcessReceivedMessage/should_work,_data_from_storage
=== CONT  TestNewEquivalentProofsResolver/nil_DataPacker_should_error
=== CONT  TestNewPeerAuthenticationResolver/nil_Throttler_should_error
=== CONT  TestNewPeerAuthenticationResolver/nil_AntifloodHandler_should_error
=== RUN   TestValidatorInfoResolver_ProcessReceivedMessage/unmarshal_fails
=== CONT  TestNewPeerAuthenticationResolver/nil_Marshaller_should_error
=== CONT  TestNewPeerAuthenticationResolver/nil_payload_validator_should_error
=== PAUSE TestValidatorInfoResolver_ProcessReceivedMessage/unmarshal_fails
=== RUN   TestValidatorInfoResolver_ProcessReceivedMessage/no_hash_found
=== PAUSE TestValidatorInfoResolver_ProcessReceivedMessage/no_hash_found
=== RUN   TestValidatorInfoResolver_ProcessReceivedMessage/pack_data_in_chunks_returns_error
=== PAUSE TestValidatorInfoResolver_ProcessReceivedMessage/pack_data_in_chunks_returns_error
=== CONT  TestNewPeerAuthenticationResolver/nil_PeerAuthenticationPool_should_error
=== RUN   TestValidatorInfoResolver_ProcessReceivedMessage/send_returns_error
=== PAUSE TestValidatorInfoResolver_ProcessReceivedMessage/send_returns_error
=== RUN   TestEquivalentProofsResolver_ProcessReceivedMessage/resolveHashRequest:_should_work_and_return_from_storage
=== RUN   TestValidatorInfoResolver_ProcessReceivedMessage/all_hashes_in_one_chunk_should_work
=== PAUSE TestEquivalentProofsResolver_ProcessReceivedMessage/resolveHashRequest:_should_work_and_return_from_storage
=== PAUSE TestValidatorInfoResolver_ProcessReceivedMessage/all_hashes_in_one_chunk_should_work
=== RUN   TestNewValidatorInfoResolver/should_work
=== CONT  TestTrieNodeResolver_ProcessReceivedMessageTrieErrorsShouldErr
=== RUN   TestValidatorInfoResolver_ProcessReceivedMessage/multiple_chunks_should_work
=== PAUSE TestNewValidatorInfoResolver/should_work
--- PASS: TestNewMiniblockResolver_NilBlockBodyPoolShouldErr (0.00s)
=== CONT  TestNewValidatorInfoResolver/nil_ValidatorInfoStorage_should_error
=== CONT  TestNewValidatorInfoResolver/nil_ValidatorInfoPool_should_error
=== CONT  TestNewValidatorInfoResolver/nil_Throttler_should_error
=== CONT  TestNewValidatorInfoResolver/nil_AntifloodHandler_should_error
=== CONT  TestNewValidatorInfoResolver/nil_marshaller_should_error
--- PASS: TestMessageProcessor_CanProcessOnTopicErrorsShouldErr (0.00s)
=== PAUSE TestValidatorInfoResolver_ProcessReceivedMessage/multiple_chunks_should_work
--- PASS: TestMessageProcessor_ParseReceivedMessageMarshalizerFailsShouldErr (0.00s)
--- PASS: TestMessageProcessor_CanProcessErrorsShouldErr (0.00s)
=== CONT  TestValidatorInfoResolver_ProcessReceivedMessage/all_hashes_in_one_chunk_should_work
=== CONT  TestValidatorInfoResolver_ProcessReceivedMessage/should_work,_data_from_storage
--- PASS: TestTrieNodeResolver_ProcessReceivedMessageShouldGetFromTrieAndSend (0.00s)
--- PASS: TestMessageProcessor_CanProcessShouldWork (0.00s)
--- PASS: TestNewTrieNodeResolver_NilMarshalizerShouldErr (0.00s)
=== CONT  TestPeerAuthenticationResolver_ProcessReceivedMessage/parseReceivedMessage_returns_error_due_to_marshaller_error
--- PASS: TestTxResolver_Close (0.00s)
=== RUN   TestBaseFullHistoryResolver_GetFromStorage/get_from_epoch_returned_nil_error_and_nil_buffer
=== CONT  TestNewValidatorInfoResolver/nil_SenderResolver_should_error
=== RUN   TestEquivalentProofsResolver_ProcessReceivedMessage/resolveMultipleHashesRequest:_hashes_unmarshall_error_should_error
--- PASS: TestTrieNodeResolver_ProcessReceivedMessageWrongTypeShouldErr (0.00s)
=== PAUSE TestEquivalentProofsResolver_ProcessReceivedMessage/resolveMultipleHashesRequest:_hashes_unmarshall_error_should_error
=== CONT  TestValidatorInfoResolver_ProcessReceivedMessage/data_found_in_cache_but_marshal_fails
=== RUN   TestEquivalentProofsResolver_ProcessReceivedMessage/resolveMultipleHashesRequest:_invalid_key_should_error
=== CONT  TestValidatorInfoResolver_ProcessReceivedMessage/pack_data_in_chunks_returns_error
=== PAUSE TestEquivalentProofsResolver_ProcessReceivedMessage/resolveMultipleHashesRequest:_invalid_key_should_error
--- PASS: TestMessageProcessor_CanProcessThrottlerNotAllowingShouldErr (0.00s)
--- PASS: TestNewTrieNodeResolver_NilTrieShouldErr (0.00s)
=== CONT  TestValidatorInfoResolver_ProcessReceivedMessage/data_found_in_storage_but_marshal_fails
=== CONT  TestValidatorInfoResolver_ProcessReceivedMessage/data_not_found_in_cache_and_fetchValidatorInfoByteSlice_fails_when_getting_data_from_storage
=== CONT  TestValidatorInfoResolver_ProcessReceivedMessage/nil_message_should_error
=== CONT  TestValidatorInfoResolver_ProcessReceivedMessage/invalid_request_type_should_error
=== CONT  TestValidatorInfoResolver_ProcessReceivedMessage/parseReceivedMessage_returns_error_due_to_marshalizer_error
--- PASS: TestTrieNodeResolver_ProcessReceivedMessageNilMessageShouldErr (0.00s)
--- PASS: TestNewTrieNodeResolver_OkValsShouldWork (0.00s)
--- PASS: TestTrieNodeResolver_ProcessReceivedAntiflooderCanProcessMessageErrShouldErr (0.00s)
--- PASS: TestNewTrieNodeResolver_NilResolverShouldErr (0.00s)
=== CONT  TestValidatorInfoResolver_ProcessReceivedMessage/canProcessMessage_due_to_antiflood_handler_error
--- PASS: TestNewTrieNodeResolver_NilThrottlerShouldErr (0.00s)
--- PASS: TestHeaderResolver_SetEpochHandlerConcurrency (0.00s)
=== CONT  TestValidatorInfoResolver_ProcessReceivedMessage/no_hash_found
--- PASS: TestEquivalentProofsResolver_IsInterfaceNil (0.00s)
=== CONT  TestValidatorInfoResolver_ProcessReceivedMessage/unmarshal_fails
--- PASS: TestNewHeaderResolver_OkValsShouldWork (0.00s)
--- PASS: TestHeaderResolver_ProcessReceivedCanProcessMessageErrorsShouldErr (0.00s)
--- PASS: TestHeaderResolver_ProcessReceivedMessage_WrongIdentifierStartBlock (0.00s)
--- PASS: TestHeaderResolver_ProcessReceivedMessageNilValueShouldErr (0.00s)
--- PASS: TestNewHeaderResolver_NilThrottlerShouldErr (0.00s)
--- PASS: TestNewTxResolver_NilDataPackerShouldErr (0.00s)
=== CONT  TestValidatorInfoResolver_ProcessReceivedMessage/send_returns_error
--- PASS: TestTxResolver_ProcessReceivedMessageRequestedTwoSmallTransactionsShouldCallSliceSplitter (0.00s)
--- PASS: TestTrieNodeResolver_ProcessReceivedMessageMultipleHashesUnmarshalFails (0.00s)
=== CONT  TestNewValidatorInfoResolver/should_work
--- PASS: TestTxResolver_ProcessReceivedMessageHashArraySendFails (0.00s)
=== RUN   TestEquivalentProofsResolver_ProcessReceivedMessage/resolveMultipleHashesRequest:_hash_not_found_anywhere_should_error
--- PASS: TestTxResolver_ProcessReceivedMessageNilMessageShouldErr (0.00s)
--- PASS: TestTxResolver_ProcessReceivedMessageFoundInTxStorageCheckRetError (0.00s)
--- PASS: TestTxResolver_ProcessReceivedMessageWrongTypeShouldErr (0.00s)
--- PASS: TestNewTxResolver_OkValsShouldWork (0.00s)
=== CONT  TestValidatorInfoResolver_ProcessReceivedMessage/should_work,_data_from_cache
=== PAUSE TestEquivalentProofsResolver_ProcessReceivedMessage/resolveMultipleHashesRequest:_hash_not_found_anywhere_should_error
=== RUN   TestEquivalentProofsResolver_ProcessReceivedMessage/resolveMultipleHashesRequest:_PackDataInChunks_error_should_error
=== CONT  TestNewValidatorInfoResolver/nil_DataPacker_should_error
=== PAUSE TestEquivalentProofsResolver_ProcessReceivedMessage/resolveMultipleHashesRequest:_PackDataInChunks_error_should_error
--- PASS: TestTxResolver_ProcessReceivedMessageCanProcessMessageErrorsShouldErr (0.00s)
=== RUN   TestEquivalentProofsResolver_ProcessReceivedMessage/resolveMultipleHashesRequest:_Send_error_should_error
--- PASS: TestTxResolver_ProcessReceivedMessageFoundInTxStorageShouldRetValAndSend (0.00s)
=== PAUSE TestEquivalentProofsResolver_ProcessReceivedMessage/resolveMultipleHashesRequest:_Send_error_should_error
--- PASS: TestNewTxResolver_NilThrottlerShouldErr (0.00s)
--- PASS: TestNewTxResolver_NilAntifloodHandlerShouldErr (0.00s)
=== RUN   TestEquivalentProofsResolver_ProcessReceivedMessage/resolveMultipleHashesRequest:_one_hash_should_work_and_return_from_pool
--- PASS: TestTxResolver_ProcessReceivedMessageFoundInTxPoolShouldSearchAndSend (0.00s)
=== PAUSE TestEquivalentProofsResolver_ProcessReceivedMessage/resolveMultipleHashesRequest:_one_hash_should_work_and_return_from_pool
--- PASS: TestTxResolver_ProcessReceivedMessageBatchMarshalFailShouldRetNilAndErr (0.00s)
--- PASS: TestTxResolver_ProcessReceivedMessageNilValueShouldErr (0.00s)
=== RUN   TestEquivalentProofsResolver_ProcessReceivedMessage/resolveMultipleHashesRequest:_one_hash_should_work_and_return_from_storage
--- PASS: TestNewTxResolver_NilTxPoolShouldErr (0.00s)
=== CONT  TestValidatorInfoResolver_ProcessReceivedMessage/multiple_chunks_should_work
--- PASS: TestMiniblockResolver_Close (0.00s)
--- PASS: TestNewTxResolver_NilResolverShouldErr (0.00s)
=== PAUSE TestEquivalentProofsResolver_ProcessReceivedMessage/resolveMultipleHashesRequest:_one_hash_should_work_and_return_from_storage
--- PASS: TestNewTxResolver_NilMarshalizerShouldErr (0.00s)
--- PASS: TestNewTxResolver_NilTxStorageShouldErr (0.00s)
=== RUN   TestEquivalentProofsResolver_ProcessReceivedMessage/resolveMultipleHashesRequest:_one_hash_in_pool,_one_in_storage_should_work
--- PASS: TestTxResolver_ProcessReceivedMessageFoundInTxPoolMarshalizerFailShouldRetNilAndErr (0.00s)
--- PASS: TestTxResolver_ProcessReceivedMessageHashArrayUnmarshalFails (0.00s)
--- PASS: TestNewHeaderResolver_NilMarshalizerShouldErr (0.00s)
=== PAUSE TestEquivalentProofsResolver_ProcessReceivedMessage/resolveMultipleHashesRequest:_one_hash_in_pool,_one_in_storage_should_work
--- PASS: TestNewHeaderResolver_NilHeadersStorageShouldErr (0.00s)
--- PASS: TestNewHeaderResolver_NilShardCoordinatorShouldErr (0.00s)
=== RUN   TestEquivalentProofsResolver_ProcessReceivedMessage/resolveNonceRequest:_marshal_failure_of_proof_should_error
--- PASS: TestNewHeaderResolver_NilHeadersNoncesStorageShouldErr (0.00s)
--- PASS: TestNewHeaderResolver_NilNonceConverterShouldErr (0.00s)
--- PASS: TestMiniblockResolver_ProcessReceivedMessageNotFoundInPoolShouldRetFromStorageAndSend (0.00s)
=== PAUSE TestEquivalentProofsResolver_ProcessReceivedMessage/resolveNonceRequest:_marshal_failure_of_proof_should_error
--- PASS: TestNewHeaderResolver_NilHeadersPoolShouldErr (0.00s)
--- PASS: TestMiniblockResolver_ProcessReceivedMessageMissingDataShouldNotSend (0.00s)
=== RUN   TestEquivalentProofsResolver_ProcessReceivedMessage/resolveNonceRequest:_invalid_key_should_error
--- PASS: TestMiniblockResolver_ProcessReceivedMessageMarshalFails (0.00s)
--- PASS: TestMiniblockResolver_ProcessReceivedMessagePackDataInChunksFails (0.00s)
=== PAUSE TestEquivalentProofsResolver_ProcessReceivedMessage/resolveNonceRequest:_invalid_key_should_error
=== RUN   TestEquivalentProofsResolver_ProcessReceivedMessage/resolveNonceRequest:_error_on_nonceHashStorage_should_error
=== PAUSE TestEquivalentProofsResolver_ProcessReceivedMessage/resolveNonceRequest:_error_on_nonceHashStorage_should_error
=== RUN   TestEquivalentProofsResolver_ProcessReceivedMessage/resolveNonceRequest:_nonce_not_found_anywhere_should_error
=== PAUSE TestEquivalentProofsResolver_ProcessReceivedMessage/resolveNonceRequest:_nonce_not_found_anywhere_should_error
=== RUN   TestEquivalentProofsResolver_ProcessReceivedMessage/resolveNonceRequest:_should_work_and_return_from_pool
=== PAUSE TestEquivalentProofsResolver_ProcessReceivedMessage/resolveNonceRequest:_should_work_and_return_from_pool
=== RUN   TestEquivalentProofsResolver_ProcessReceivedMessage/resolveNonceRequest:_should_work_and_return_from_storage
=== PAUSE TestEquivalentProofsResolver_ProcessReceivedMessage/resolveNonceRequest:_should_work_and_return_from_storage
=== CONT  TestEquivalentProofsResolver_ProcessReceivedMessage/nil_message_should_error
--- PASS: TestMiniblockResolver_ProcessReceivedMessageSendFails (0.00s)
--- PASS: TestMiniblockResolver_ProcessReceivedMessageUnmarshalFails (0.00s)
--- PASS: TestNewHeaderResolver_NilSenderResolverShouldErr (0.00s)
=== CONT  TestEquivalentProofsResolver_ProcessReceivedMessage/resolveNonceRequest:_should_work_and_return_from_storage
=== CONT  TestEquivalentProofsResolver_ProcessReceivedMessage/resolveNonceRequest:_should_work_and_return_from_pool
=== CONT  TestEquivalentProofsResolver_ProcessReceivedMessage/resolveNonceRequest:_nonce_not_found_anywhere_should_error
=== CONT  TestEquivalentProofsResolver_ProcessReceivedMessage/resolveNonceRequest:_error_on_nonceHashStorage_should_error
=== CONT  TestEquivalentProofsResolver_ProcessReceivedMessage/resolveNonceRequest:_invalid_key_should_error
=== CONT  TestEquivalentProofsResolver_ProcessReceivedMessage/resolveNonceRequest:_marshal_failure_of_proof_should_error
=== CONT  TestEquivalentProofsResolver_ProcessReceivedMessage/resolveMultipleHashesRequest:_one_hash_in_pool,_one_in_storage_should_work
=== CONT  TestEquivalentProofsResolver_ProcessReceivedMessage/resolveMultipleHashesRequest:_one_hash_should_work_and_return_from_storage
=== CONT  TestEquivalentProofsResolver_ProcessReceivedMessage/resolveMultipleHashesRequest:_one_hash_should_work_and_return_from_pool
=== CONT  TestEquivalentProofsResolver_ProcessReceivedMessage/resolveMultipleHashesRequest:_Send_error_should_error
=== CONT  TestEquivalentProofsResolver_ProcessReceivedMessage/resolveMultipleHashesRequest:_PackDataInChunks_error_should_error
=== CONT  TestEquivalentProofsResolver_ProcessReceivedMessage/resolveMultipleHashesRequest:_hash_not_found_anywhere_should_error
=== CONT  TestEquivalentProofsResolver_ProcessReceivedMessage/resolveMultipleHashesRequest:_invalid_key_should_error
=== CONT  TestEquivalentProofsResolver_ProcessReceivedMessage/resolveMultipleHashesRequest:_hashes_unmarshall_error_should_error
=== CONT  TestEquivalentProofsResolver_ProcessReceivedMessage/resolveHashRequest:_should_work_and_return_from_storage
=== CONT  TestEquivalentProofsResolver_ProcessReceivedMessage/resolveHashRequest:_should_work_and_return_from_pool
=== CONT  TestEquivalentProofsResolver_ProcessReceivedMessage/resolveHashRequest:_hash_not_found_anywhere_should_error
=== CONT  TestEquivalentProofsResolver_ProcessReceivedMessage/resolveHashRequest:_invalid_key_should_error
=== CONT  TestEquivalentProofsResolver_ProcessReceivedMessage/resolveHashRequest:_marshal_failure_before_send_should_error
=== CONT  TestEquivalentProofsResolver_ProcessReceivedMessage/invalid_request_type_should_error
=== CONT  TestEquivalentProofsResolver_ProcessReceivedMessage/parseReceivedMessage_returns_error_due_to_marshaller_error
--- PASS: TestNewMiniblockResolver_NilSenderResolverShouldErr (0.00s)
--- PASS: TestNewTrieNodeResolver_NilAntiflooderShouldErr (0.00s)
--- PASS: TestNewHeaderResolver_NilAntifloodHandlerShouldErr (0.00s)
--- PASS: TestTxResolver_ProcessReceivedMessageHashArrayPackDataInChunksFails (0.00s)
--- PASS: TestTrieNodeResolver_ProcessReceivedMessageMultipleHashesNotEnoughSpaceShouldNotReadSubtries (0.01s)
--- PASS: TestMessageProcessor_ParseReceivedMessageShouldWork (0.00s)
--- PASS: TestNewEquivalentProofsResolver (0.00s)
    --- PASS: TestNewEquivalentProofsResolver/nil_SenderResolver_should_error (0.00s)
    --- PASS: TestNewEquivalentProofsResolver/nil_EquivalentProofsPool_should_error (0.00s)
    --- PASS: TestNewEquivalentProofsResolver/nil_NonceConverter_should_error (0.00s)
    --- PASS: TestNewEquivalentProofsResolver/error_on_GetStorer_should_error (0.00s)
    --- PASS: TestNewEquivalentProofsResolver/nil_Storage_should_error (0.00s)
    --- PASS: TestNewEquivalentProofsResolver/should_work (0.00s)
    --- PASS: TestNewEquivalentProofsResolver/nil_DataPacker_should_error (0.00s)
--- PASS: TestNewPeerAuthenticationResolver (0.00s)
    --- PASS: TestNewPeerAuthenticationResolver/nil_SenderResolver_should_error (0.00s)
    --- PASS: TestNewPeerAuthenticationResolver/nil_DataPacker_should_error (0.00s)
    --- PASS: TestNewPeerAuthenticationResolver/should_work (0.00s)
    --- PASS: TestNewPeerAuthenticationResolver/nil_Throttler_should_error (0.00s)
    --- PASS: TestNewPeerAuthenticationResolver/nil_AntifloodHandler_should_error (0.00s)
    --- PASS: TestNewPeerAuthenticationResolver/nil_Marshaller_should_error (0.00s)
    --- PASS: TestNewPeerAuthenticationResolver/nil_payload_validator_should_error (0.00s)
    --- PASS: TestNewPeerAuthenticationResolver/nil_PeerAuthenticationPool_should_error (0.00s)
--- PASS: TestTrieNodeResolver_ProcessReceivedMessageTrieErrorsShouldErr (0.00s)
--- PASS: TestMessageProcessor_CanProcessNilMessageShouldErr (0.00s)
--- PASS: TestPeerAuthenticationResolver_ProcessReceivedMessage (0.00s)
    --- PASS: TestPeerAuthenticationResolver_ProcessReceivedMessage/nil_message_should_error (0.00s)
    --- PASS: TestPeerAuthenticationResolver_ProcessReceivedMessage/resolveMultipleHashesRequest:_send_large_data_buff (0.00s)
    --- PASS: TestPeerAuthenticationResolver_ProcessReceivedMessage/resolveMultipleHashesRequest:_Send_returns_error (0.00s)
    --- PASS: TestPeerAuthenticationResolver_ProcessReceivedMessage/canProcessMessage_due_to_antiflood_handler_error (0.00s)
    --- PASS: TestPeerAuthenticationResolver_ProcessReceivedMessage/resolveMultipleHashesRequest:_some_data_missing_from_cache_should_work (0.00s)
    --- PASS: TestPeerAuthenticationResolver_ProcessReceivedMessage/resolveMultipleHashesRequest:_all_hashes_will_return_wrong_objects_should_error (0.00s)
    --- PASS: TestPeerAuthenticationResolver_ProcessReceivedMessage/resolveMultipleHashesRequest:_Unmarshal_returns_error (0.00s)
    --- PASS: TestPeerAuthenticationResolver_ProcessReceivedMessage/resolveMultipleHashesRequest:_all_hashes_missing_from_cache_should_error (0.00s)
    --- PASS: TestPeerAuthenticationResolver_ProcessReceivedMessage/resolveMultipleHashesRequest:_PackDataInChunks_returns_error (0.00s)
    --- PASS: TestPeerAuthenticationResolver_ProcessReceivedMessage/resolveMultipleHashesRequest:_all_hashes_will_return_objects_with_invalid_payload_should_error (0.00s)
    --- PASS: TestPeerAuthenticationResolver_ProcessReceivedMessage/invalid_request_type_should_error (0.00s)
    --- PASS: TestPeerAuthenticationResolver_ProcessReceivedMessage/parseReceivedMessage_returns_error_due_to_marshaller_error (0.00s)
=== RUN   TestBaseFullHistoryResolver_GetFromStorage/get_from_epoch_returned_error_will_fallback_to_search_first
--- PASS: TestBaseFullHistoryResolver_GetFromStorage (0.01s)
    --- PASS: TestBaseFullHistoryResolver_GetFromStorage/get_from_epoch_returned_nil_error_and_not_empty_buffer (0.00s)
    --- PASS: TestBaseFullHistoryResolver_GetFromStorage/get_from_epoch_returned_nil_error_and_nil_buffer (0.00s)
    --- PASS: TestBaseFullHistoryResolver_GetFromStorage/get_from_epoch_returned_error_will_fallback_to_search_first (0.00s)
--- PASS: TestNewValidatorInfoResolver (0.01s)
    --- PASS: TestNewValidatorInfoResolver/nil_Throttler_should_error (0.00s)
    --- PASS: TestNewValidatorInfoResolver/nil_ValidatorInfoStorage_should_error (0.00s)
    --- PASS: TestNewValidatorInfoResolver/nil_AntifloodHandler_should_error (0.00s)
    --- PASS: TestNewValidatorInfoResolver/nil_marshaller_should_error (0.00s)
    --- PASS: TestNewValidatorInfoResolver/nil_ValidatorInfoPool_should_error (0.00s)
    --- PASS: TestNewValidatorInfoResolver/nil_SenderResolver_should_error (0.00s)
    --- PASS: TestNewValidatorInfoResolver/should_work (0.00s)
    --- PASS: TestNewValidatorInfoResolver/nil_DataPacker_should_error (0.00s)
--- PASS: TestEquivalentProofsResolver_ProcessReceivedMessage (0.01s)
    --- PASS: TestEquivalentProofsResolver_ProcessReceivedMessage/nil_message_should_error (0.00s)
    --- PASS: TestEquivalentProofsResolver_ProcessReceivedMessage/resolveNonceRequest:_should_work_and_return_from_storage (0.00s)
    --- PASS: TestEquivalentProofsResolver_ProcessReceivedMessage/resolveNonceRequest:_should_work_and_return_from_pool (0.00s)
    --- PASS: TestEquivalentProofsResolver_ProcessReceivedMessage/resolveNonceRequest:_nonce_not_found_anywhere_should_error (0.00s)
    --- PASS: TestEquivalentProofsResolver_ProcessReceivedMessage/resolveNonceRequest:_error_on_nonceHashStorage_should_error (0.00s)
    --- PASS: TestEquivalentProofsResolver_ProcessReceivedMessage/resolveNonceRequest:_invalid_key_should_error (0.00s)
    --- PASS: TestEquivalentProofsResolver_ProcessReceivedMessage/resolveNonceRequest:_marshal_failure_of_proof_should_error (0.00s)
    --- PASS: TestEquivalentProofsResolver_ProcessReceivedMessage/resolveMultipleHashesRequest:_one_hash_in_pool,_one_in_storage_should_work (0.00s)
    --- PASS: TestEquivalentProofsResolver_ProcessReceivedMessage/resolveMultipleHashesRequest:_one_hash_should_work_and_return_from_storage (0.00s)
    --- PASS: TestEquivalentProofsResolver_ProcessReceivedMessage/resolveMultipleHashesRequest:_one_hash_should_work_and_return_from_pool (0.00s)
    --- PASS: TestEquivalentProofsResolver_ProcessReceivedMessage/resolveMultipleHashesRequest:_Send_error_should_error (0.00s)
    --- PASS: TestEquivalentProofsResolver_ProcessReceivedMessage/resolveMultipleHashesRequest:_PackDataInChunks_error_should_error (0.00s)
    --- PASS: TestEquivalentProofsResolver_ProcessReceivedMessage/resolveMultipleHashesRequest:_hash_not_found_anywhere_should_error (0.00s)
    --- PASS: TestEquivalentProofsResolver_ProcessReceivedMessage/resolveMultipleHashesRequest:_invalid_key_should_error (0.00s)
    --- PASS: TestEquivalentProofsResolver_ProcessReceivedMessage/resolveMultipleHashesRequest:_hashes_unmarshall_error_should_error (0.00s)
    --- PASS: TestEquivalentProofsResolver_ProcessReceivedMessage/resolveHashRequest:_should_work_and_return_from_storage (0.00s)
    --- PASS: TestEquivalentProofsResolver_ProcessReceivedMessage/resolveHashRequest:_should_work_and_return_from_pool (0.00s)
    --- PASS: TestEquivalentProofsResolver_ProcessReceivedMessage/resolveHashRequest:_hash_not_found_anywhere_should_error (0.00s)
    --- PASS: TestEquivalentProofsResolver_ProcessReceivedMessage/resolveHashRequest:_invalid_key_should_error (0.00s)
    --- PASS: TestEquivalentProofsResolver_ProcessReceivedMessage/resolveHashRequest:_marshal_failure_before_send_should_error (0.00s)
    --- PASS: TestEquivalentProofsResolver_ProcessReceivedMessage/invalid_request_type_should_error (0.00s)
    --- PASS: TestEquivalentProofsResolver_ProcessReceivedMessage/parseReceivedMessage_returns_error_due_to_marshaller_error (0.00s)
--- PASS: TestTrieNodeResolver_ProcessReceivedMessageLargeTrieNodeShouldSendFirstChunk (0.01s)
--- PASS: TestTrieNodeResolver_ProcessReceivedMessageLargeTrieNodeShouldSendRequiredChunk (0.02s)
--- PASS: TestValidatorInfoResolver_ProcessReceivedMessage (0.01s)
    --- PASS: TestValidatorInfoResolver_ProcessReceivedMessage/data_found_in_cache_but_marshal_fails (0.00s)
    --- PASS: TestValidatorInfoResolver_ProcessReceivedMessage/data_found_in_storage_but_marshal_fails (0.00s)
    --- PASS: TestValidatorInfoResolver_ProcessReceivedMessage/data_not_found_in_cache_and_fetchValidatorInfoByteSlice_fails_when_getting_data_from_storage (0.00s)
    --- PASS: TestValidatorInfoResolver_ProcessReceivedMessage/pack_data_in_chunks_returns_error (0.00s)
    --- PASS: TestValidatorInfoResolver_ProcessReceivedMessage/nil_message_should_error (0.00s)
    --- PASS: TestValidatorInfoResolver_ProcessReceivedMessage/parseReceivedMessage_returns_error_due_to_marshalizer_error (0.00s)
    --- PASS: TestValidatorInfoResolver_ProcessReceivedMessage/invalid_request_type_should_error (0.00s)
    --- PASS: TestValidatorInfoResolver_ProcessReceivedMessage/canProcessMessage_due_to_antiflood_handler_error (0.00s)
    --- PASS: TestValidatorInfoResolver_ProcessReceivedMessage/should_work,_data_from_storage (0.00s)
    --- PASS: TestValidatorInfoResolver_ProcessReceivedMessage/unmarshal_fails (0.00s)
    --- PASS: TestValidatorInfoResolver_ProcessReceivedMessage/no_hash_found (0.00s)
    --- PASS: TestValidatorInfoResolver_ProcessReceivedMessage/all_hashes_in_one_chunk_should_work (0.00s)
    --- PASS: TestValidatorInfoResolver_ProcessReceivedMessage/send_returns_error (0.00s)
    --- PASS: TestValidatorInfoResolver_ProcessReceivedMessage/should_work,_data_from_cache (0.00s)
    --- PASS: TestValidatorInfoResolver_ProcessReceivedMessage/multiple_chunks_should_work (0.02s)
PASS
ok  	github.com/TerraDharitri/drt-go-chain/dataRetriever/resolvers	(cached)
=== RUN   TestNewArithmeticEpochProvider_InvalidRoundsPerEpoch
=== PAUSE TestNewArithmeticEpochProvider_InvalidRoundsPerEpoch
=== RUN   TestNewArithmeticEpochProvider_InvalidRoundTimeInMilliseconds
=== PAUSE TestNewArithmeticEpochProvider_InvalidRoundTimeInMilliseconds
=== RUN   TestNewArithmeticEpochProvider_InvalidStartTime
=== PAUSE TestNewArithmeticEpochProvider_InvalidStartTime
=== RUN   TestNewArithmeticEpochProvider_ShouldWork
=== PAUSE TestNewArithmeticEpochProvider_ShouldWork
=== RUN   TestArithmeticEpochProvider_ComputeEpochAtGenesis
=== PAUSE TestArithmeticEpochProvider_ComputeEpochAtGenesis
=== RUN   TestArithmeticEpochProvider_EpochConfirmedInvalidTimestamp
=== PAUSE TestArithmeticEpochProvider_EpochConfirmedInvalidTimestamp
=== RUN   TestArithmeticEpochProvider_EpochConfirmed
=== PAUSE TestArithmeticEpochProvider_EpochConfirmed
=== RUN   TestArithmeticEpochProvider_EpochIsActiveInNetwork
=== PAUSE TestArithmeticEpochProvider_EpochIsActiveInNetwork
=== RUN   TestArithmeticEpochProvider_EpochsDiff
=== PAUSE TestArithmeticEpochProvider_EpochsDiff
=== CONT  TestNewArithmeticEpochProvider_InvalidRoundsPerEpoch
=== CONT  TestArithmeticEpochProvider_EpochConfirmedInvalidTimestamp
--- PASS: TestNewArithmeticEpochProvider_InvalidRoundsPerEpoch (0.00s)
=== CONT  TestArithmeticEpochProvider_ComputeEpochAtGenesis
=== CONT  TestArithmeticEpochProvider_EpochIsActiveInNetwork
--- PASS: TestArithmeticEpochProvider_ComputeEpochAtGenesis (0.00s)
--- PASS: TestArithmeticEpochProvider_EpochConfirmedInvalidTimestamp (0.00s)
--- PASS: TestArithmeticEpochProvider_EpochIsActiveInNetwork (0.00s)
=== CONT  TestNewArithmeticEpochProvider_InvalidStartTime
--- PASS: TestNewArithmeticEpochProvider_InvalidStartTime (0.00s)
=== CONT  TestNewArithmeticEpochProvider_InvalidRoundTimeInMilliseconds
--- PASS: TestNewArithmeticEpochProvider_InvalidRoundTimeInMilliseconds (0.00s)
=== CONT  TestArithmeticEpochProvider_EpochsDiff
--- PASS: TestArithmeticEpochProvider_EpochsDiff (0.00s)
=== CONT  TestArithmeticEpochProvider_EpochConfirmed
--- PASS: TestArithmeticEpochProvider_EpochConfirmed (0.00s)
=== CONT  TestNewArithmeticEpochProvider_ShouldWork
--- PASS: TestNewArithmeticEpochProvider_ShouldWork (0.00s)
PASS
ok  	github.com/TerraDharitri/drt-go-chain/dataRetriever/resolvers/epochproviders	(cached)
=== RUN   TestEpochHandler_Epoch
=== PAUSE TestEpochHandler_Epoch
=== RUN   TestEpochProvider
=== PAUSE TestEpochProvider
=== CONT  TestEpochHandler_Epoch
=== CONT  TestEpochProvider
--- PASS: TestEpochHandler_Epoch (0.00s)
--- PASS: TestEpochProvider (0.00s)
PASS
ok  	github.com/TerraDharitri/drt-go-chain/dataRetriever/resolvers/epochproviders/disabled	(cached)
=== RUN   TestNewShardedData_BadConfigShouldErr
=== PAUSE TestNewShardedData_BadConfigShouldErr
=== RUN   TestNewShardedData_GoodConfigShouldWork
=== PAUSE TestNewShardedData_GoodConfigShouldWork
=== RUN   TestShardedData_AddData
=== PAUSE TestShardedData_AddData
=== RUN   TestShardedData_StorageEvictsData
=== PAUSE TestShardedData_StorageEvictsData
=== RUN   TestShardedData_NoDuplicates
=== PAUSE TestShardedData_NoDuplicates
=== RUN   TestShardedData_AddDataInParallel
=== PAUSE TestShardedData_AddDataInParallel
=== RUN   TestShardedData_RemoveData
=== PAUSE TestShardedData_RemoveData
=== RUN   TestShardedData_ClearShardStore
=== PAUSE TestShardedData_ClearShardStore
=== RUN   TestShardedData_MergeShardStores
=== PAUSE TestShardedData_MergeShardStores
=== RUN   TestShardedData_RegisterAddedDataHandlerNilHandlerShouldIgnore
=== PAUSE TestShardedData_RegisterAddedDataHandlerNilHandlerShouldIgnore
=== RUN   TestShardedData_RegisterAddedDataHandlerShouldWork
=== PAUSE TestShardedData_RegisterAddedDataHandlerShouldWork
=== RUN   TestShardedData_RegisterAddedDataHandlerReallyAddsHandler
=== PAUSE TestShardedData_RegisterAddedDataHandlerReallyAddsHandler
=== RUN   TestShardedData_Keys
--- PASS: TestShardedData_Keys (0.00s)
=== RUN   TestShardedData_RegisterAddedDataHandlerNotAddedShouldNotCall
=== PAUSE TestShardedData_RegisterAddedDataHandlerNotAddedShouldNotCall
=== RUN   TestShardedData_SearchFirstDataNotFoundShouldRetNilAndFalse
=== PAUSE TestShardedData_SearchFirstDataNotFoundShouldRetNilAndFalse
=== RUN   TestShardedData_SearchFirstDataFoundShouldRetResults
=== PAUSE TestShardedData_SearchFirstDataFoundShouldRetResults
=== RUN   TestShardedData_RemoveSetOfDataFromPool
=== PAUSE TestShardedData_RemoveSetOfDataFromPool
=== RUN   TestShardedData_ImmunizeSetOfDataAgainstEviction
=== PAUSE TestShardedData_ImmunizeSetOfDataAgainstEviction
=== RUN   TestShardedData_GetCounts
=== PAUSE TestShardedData_GetCounts
=== RUN   TestShardedData_Diagnose
=== PAUSE TestShardedData_Diagnose
=== CONT  TestNewShardedData_BadConfigShouldErr
--- PASS: TestNewShardedData_BadConfigShouldErr (0.00s)
=== CONT  TestShardedData_RegisterAddedDataHandlerNilHandlerShouldIgnore
=== CONT  TestShardedData_RegisterAddedDataHandlerShouldWork
[0;31mERROR[0m[2026-03-16 10:13:38.280]   attempt to register a nil handler to a ShardedData object 
--- PASS: TestShardedData_RegisterAddedDataHandlerNilHandlerShouldIgnore (0.00s)
=== CONT  TestShardedData_NoDuplicates
--- PASS: TestShardedData_NoDuplicates (0.00s)
=== CONT  TestShardedData_StorageEvictsData
=== CONT  TestShardedData_AddDataInParallel
--- PASS: TestShardedData_RegisterAddedDataHandlerShouldWork (0.00s)
=== CONT  TestShardedData_Diagnose
=== CONT  TestShardedData_AddData
=== CONT  TestShardedData_ClearShardStore
=== CONT  TestShardedData_MergeShardStores
=== CONT  TestNewShardedData_GoodConfigShouldWork
--- PASS: TestShardedData_Diagnose (0.00s)
=== CONT  TestShardedData_RemoveData
--- PASS: TestShardedData_ClearShardStore (0.00s)
--- PASS: TestShardedData_MergeShardStores (0.00s)
--- PASS: TestShardedData_AddData (0.00s)
=== CONT  TestShardedData_GetCounts
--- PASS: TestNewShardedData_GoodConfigShouldWork (0.00s)
--- PASS: TestShardedData_GetCounts (0.00s)
=== CONT  TestShardedData_ImmunizeSetOfDataAgainstEviction
--- PASS: TestShardedData_ImmunizeSetOfDataAgainstEviction (0.00s)
--- PASS: TestShardedData_RemoveData (0.00s)
=== CONT  TestShardedData_RemoveSetOfDataFromPool
--- PASS: TestShardedData_RemoveSetOfDataFromPool (0.00s)
=== CONT  TestShardedData_SearchFirstDataFoundShouldRetResults
--- PASS: TestShardedData_SearchFirstDataFoundShouldRetResults (0.00s)
=== CONT  TestShardedData_SearchFirstDataNotFoundShouldRetNilAndFalse
--- PASS: TestShardedData_SearchFirstDataNotFoundShouldRetNilAndFalse (0.00s)
=== CONT  TestShardedData_RegisterAddedDataHandlerNotAddedShouldNotCall
=== CONT  TestShardedData_RegisterAddedDataHandlerReallyAddsHandler
--- PASS: TestShardedData_RegisterAddedDataHandlerReallyAddsHandler (0.00s)
--- PASS: TestShardedData_StorageEvictsData (0.13s)
--- PASS: TestShardedData_AddDataInParallel (0.17s)
--- PASS: TestShardedData_RegisterAddedDataHandlerNotAddedShouldNotCall (2.00s)
PASS
ok  	github.com/TerraDharitri/drt-go-chain/dataRetriever/shardedData	(cached)
=== RUN   TestNewEquivalentProofsRequester
=== PAUSE TestNewEquivalentProofsRequester
=== RUN   TestEquivalentProofsRequester_IsInterfaceNil
--- PASS: TestEquivalentProofsRequester_IsInterfaceNil (0.00s)
=== RUN   TestEquivalentProofsRequester_RequestDataFromHash
=== PAUSE TestEquivalentProofsRequester_RequestDataFromHash
=== RUN   TestEquivalentProofsRequester_RequestDataFromNonce
=== PAUSE TestEquivalentProofsRequester_RequestDataFromNonce
=== RUN   TestNewHeaderRequester_NilMessengerShouldErr
=== PAUSE TestNewHeaderRequester_NilMessengerShouldErr
=== RUN   TestNewHeaderRequester_NilHeaderStorageShouldErr
=== PAUSE TestNewHeaderRequester_NilHeaderStorageShouldErr
=== RUN   TestNewHeaderRequester_NilHeaderNonceStorageShouldErr
=== PAUSE TestNewHeaderRequester_NilHeaderNonceStorageShouldErr
=== RUN   TestNewHeaderRequester_NilNonceConverterShouldErr
=== PAUSE TestNewHeaderRequester_NilNonceConverterShouldErr
=== RUN   TestNewHeaderRequester_NilManualEpochStartNotifierShouldErr
=== PAUSE TestNewHeaderRequester_NilManualEpochStartNotifierShouldErr
=== RUN   TestNewHeaderRequester_NilChanShouldErr
=== PAUSE TestNewHeaderRequester_NilChanShouldErr
=== RUN   TestNewHeaderRequester_ShouldWork
=== PAUSE TestNewHeaderRequester_ShouldWork
=== RUN   TestHeaderRequester_SetEpochHandlerNilHandlerShouldErr
=== PAUSE TestHeaderRequester_SetEpochHandlerNilHandlerShouldErr
=== RUN   TestHeaderRequester_SetEpochHandlerShouldWork
=== PAUSE TestHeaderRequester_SetEpochHandlerShouldWork
=== RUN   TestHeaderRequester_RequestDataFromHashNotFoundNotBufferedChannelShouldErr
=== PAUSE TestHeaderRequester_RequestDataFromHashNotFoundNotBufferedChannelShouldErr
=== RUN   TestHeaderRequester_RequestDataFromHashNotFoundShouldErr
=== PAUSE TestHeaderRequester_RequestDataFromHashNotFoundShouldErr
=== RUN   TestHeaderRequester_RequestDataFromHashShouldWork
=== PAUSE TestHeaderRequester_RequestDataFromHashShouldWork
=== RUN   TestHeaderRequester_RequestDataFromNonceNotFoundShouldErr
=== PAUSE TestHeaderRequester_RequestDataFromNonceNotFoundShouldErr
=== RUN   TestHeaderRequester_RequestDataFromNonceShouldWork
=== PAUSE TestHeaderRequester_RequestDataFromNonceShouldWork
=== RUN   TestHeaderRequester_RequestDataFromEpoch
=== PAUSE TestHeaderRequester_RequestDataFromEpoch
=== RUN   TestHeaderRequester_Close
=== PAUSE TestHeaderRequester_Close
=== RUN   TestNewSliceRequester_NilMessengerShouldErr
=== PAUSE TestNewSliceRequester_NilMessengerShouldErr
=== RUN   TestNewSliceRequester_NilStorageShouldErr
=== PAUSE TestNewSliceRequester_NilStorageShouldErr
=== RUN   TestNewSliceRequester_NilMarshalizerShouldErr
=== PAUSE TestNewSliceRequester_NilMarshalizerShouldErr
=== RUN   TestNewSliceRequester_NilDataPackerShouldErr
=== PAUSE TestNewSliceRequester_NilDataPackerShouldErr
=== RUN   TestNewSliceRequester_NilManualEpochStartNotifierShouldErr
=== PAUSE TestNewSliceRequester_NilManualEpochStartNotifierShouldErr
=== RUN   TestNewSliceRequester_NilGracefullyCloseChanShouldErr
=== PAUSE TestNewSliceRequester_NilGracefullyCloseChanShouldErr
=== RUN   TestNewSliceRequester_ShouldWork
=== PAUSE TestNewSliceRequester_ShouldWork
=== RUN   TestSliceRequester_RequestDataFromHashNotFoundShouldErr
=== PAUSE TestSliceRequester_RequestDataFromHashNotFoundShouldErr
=== RUN   TestSliceRequester_RequestDataFromHashMarshalFails
=== PAUSE TestSliceRequester_RequestDataFromHashMarshalFails
=== RUN   TestSliceRequester_RequestDataFromHashShouldWork
=== PAUSE TestSliceRequester_RequestDataFromHashShouldWork
=== RUN   TestSliceRequester_RequestDataFromHashesPackDataInChunksFails
=== PAUSE TestSliceRequester_RequestDataFromHashesPackDataInChunksFails
=== RUN   TestSliceRequester_RequestDataFromHashesShouldWork
=== PAUSE TestSliceRequester_RequestDataFromHashesShouldWork
=== RUN   TestSliceRequester_GetErroredShouldReturnErr
=== PAUSE TestSliceRequester_GetErroredShouldReturnErr
=== RUN   TestSliceRequester_SendErroredShouldReturnErr
=== PAUSE TestSliceRequester_SendErroredShouldReturnErr
=== RUN   TestSliceRequester_Close
=== PAUSE TestSliceRequester_Close
=== RUN   TestStorageRequester_ImplementedMethodsShouldNotPanic
=== PAUSE TestStorageRequester_ImplementedMethodsShouldNotPanic
=== RUN   TestStorageRequester_signalGracefullyClose
=== PAUSE TestStorageRequester_signalGracefullyClose
=== RUN   TestStorageRequester_signalGracefullyCloseCanNotWriteOnChanShouldNotPanic
=== PAUSE TestStorageRequester_signalGracefullyCloseCanNotWriteOnChanShouldNotPanic
=== RUN   TestStorageRequester_signalGracefullyCloseDoubleSignalShouldNotPanic
=== PAUSE TestStorageRequester_signalGracefullyCloseDoubleSignalShouldNotPanic
=== CONT  TestNewEquivalentProofsRequester
=== CONT  TestNewSliceRequester_NilMessengerShouldErr
--- PASS: TestNewSliceRequester_NilMessengerShouldErr (0.00s)
=== CONT  TestHeaderRequester_SetEpochHandlerNilHandlerShouldErr
--- PASS: TestHeaderRequester_SetEpochHandlerNilHandlerShouldErr (0.00s)
=== CONT  TestNewHeaderRequester_ShouldWork
--- PASS: TestNewHeaderRequester_ShouldWork (0.00s)
=== CONT  TestNewHeaderRequester_NilChanShouldErr
--- PASS: TestNewHeaderRequester_NilChanShouldErr (0.00s)
=== CONT  TestNewHeaderRequester_NilManualEpochStartNotifierShouldErr
--- PASS: TestNewHeaderRequester_NilManualEpochStartNotifierShouldErr (0.00s)
=== CONT  TestSliceRequester_RequestDataFromHashesPackDataInChunksFails
=== RUN   TestNewEquivalentProofsRequester/nil_Messenger_should_error
=== PAUSE TestNewEquivalentProofsRequester/nil_Messenger_should_error
--- PASS: TestSliceRequester_RequestDataFromHashesPackDataInChunksFails (0.00s)
=== CONT  TestHeaderRequester_Close
--- PASS: TestHeaderRequester_Close (0.00s)
=== CONT  TestStorageRequester_signalGracefullyCloseCanNotWriteOnChanShouldNotPanic
=== CONT  TestHeaderRequester_RequestDataFromEpoch
=== RUN   TestHeaderRequester_RequestDataFromEpoch/unknown_epoch_should_error
=== CONT  TestHeaderRequester_RequestDataFromNonceShouldWork
--- PASS: TestHeaderRequester_RequestDataFromNonceShouldWork (0.00s)
=== CONT  TestStorageRequester_signalGracefullyClose
=== CONT  TestHeaderRequester_RequestDataFromNonceNotFoundShouldErr
=== CONT  TestHeaderRequester_RequestDataFromHashShouldWork
=== CONT  TestSliceRequester_Close
=== CONT  TestHeaderRequester_RequestDataFromHashNotFoundShouldErr
=== CONT  TestSliceRequester_SendErroredShouldReturnErr
=== CONT  TestSliceRequester_GetErroredShouldReturnErr
=== CONT  TestHeaderRequester_RequestDataFromHashNotFoundNotBufferedChannelShouldErr
=== CONT  TestNewHeaderRequester_NilHeaderNonceStorageShouldErr
=== CONT  TestNewSliceRequester_NilGracefullyCloseChanShouldErr
=== CONT  TestSliceRequester_RequestDataFromHashShouldWork
=== CONT  TestSliceRequester_RequestDataFromHashesShouldWork
=== CONT  TestSliceRequester_RequestDataFromHashMarshalFails
=== CONT  TestNewHeaderRequester_NilMessengerShouldErr
=== CONT  TestNewSliceRequester_ShouldWork
=== CONT  TestSliceRequester_RequestDataFromHashNotFoundShouldErr
=== CONT  TestNewSliceRequester_NilDataPackerShouldErr
=== CONT  TestNewSliceRequester_NilManualEpochStartNotifierShouldErr
=== CONT  TestEquivalentProofsRequester_RequestDataFromNonce
=== CONT  TestNewSliceRequester_NilStorageShouldErr
=== CONT  TestNewSliceRequester_NilMarshalizerShouldErr
=== CONT  TestNewHeaderRequester_NilNonceConverterShouldErr
=== RUN   TestEquivalentProofsRequester_RequestDataFromNonce/invalid_key_should_error
=== PAUSE TestEquivalentProofsRequester_RequestDataFromNonce/invalid_key_should_error
=== RUN   TestEquivalentProofsRequester_RequestDataFromNonce/getStorerForShard_error_should_error
=== PAUSE TestEquivalentProofsRequester_RequestDataFromNonce/getStorerForShard_error_should_error
=== RUN   TestEquivalentProofsRequester_RequestDataFromNonce/SearchFirst_error_should_error
=== PAUSE TestEquivalentProofsRequester_RequestDataFromNonce/SearchFirst_error_should_error
=== RUN   TestEquivalentProofsRequester_RequestDataFromNonce/should_work_and_send_to_self
=== PAUSE TestEquivalentProofsRequester_RequestDataFromNonce/should_work_and_send_to_self
=== CONT  TestEquivalentProofsRequester_RequestDataFromNonce/invalid_key_should_error
=== CONT  TestEquivalentProofsRequester_RequestDataFromNonce/SearchFirst_error_should_error
=== CONT  TestEquivalentProofsRequester_RequestDataFromNonce/should_work_and_send_to_self
=== CONT  TestHeaderRequester_SetEpochHandlerShouldWork
=== CONT  TestEquivalentProofsRequester_RequestDataFromNonce/getStorerForShard_error_should_error
=== CONT  TestEquivalentProofsRequester_RequestDataFromHash
=== RUN   TestEquivalentProofsRequester_RequestDataFromHash/invalid_key_should_error
=== PAUSE TestEquivalentProofsRequester_RequestDataFromHash/invalid_key_should_error
=== RUN   TestEquivalentProofsRequester_RequestDataFromHash/GetStorer_error_should_error
=== PAUSE TestEquivalentProofsRequester_RequestDataFromHash/GetStorer_error_should_error
=== RUN   TestEquivalentProofsRequester_RequestDataFromHash/SearchFirst_error_should_error
=== PAUSE TestEquivalentProofsRequester_RequestDataFromHash/SearchFirst_error_should_error
=== RUN   TestEquivalentProofsRequester_RequestDataFromHash/should_work_and_send_to_self
=== PAUSE TestEquivalentProofsRequester_RequestDataFromHash/should_work_and_send_to_self
=== RUN   TestNewEquivalentProofsRequester/nil_ManualEpochStartNotifier_should_error
=== CONT  TestEquivalentProofsRequester_RequestDataFromHash/invalid_key_should_error
=== CONT  TestEquivalentProofsRequester_RequestDataFromHash/SearchFirst_error_should_error
=== PAUSE TestNewEquivalentProofsRequester/nil_ManualEpochStartNotifier_should_error
=== CONT  TestEquivalentProofsRequester_RequestDataFromHash/should_work_and_send_to_self
=== RUN   TestNewEquivalentProofsRequester/nil_ChanGracefullyClose_should_error
=== CONT  TestStorageRequester_signalGracefullyCloseDoubleSignalShouldNotPanic
=== PAUSE TestNewEquivalentProofsRequester/nil_ChanGracefullyClose_should_error
=== RUN   TestNewEquivalentProofsRequester/nil_NonceConverter_should_error
=== PAUSE TestNewEquivalentProofsRequester/nil_NonceConverter_should_error
=== RUN   TestNewEquivalentProofsRequester/nil_Storage_should_error
=== PAUSE TestNewEquivalentProofsRequester/nil_Storage_should_error
=== RUN   TestNewEquivalentProofsRequester/nil_Marshaller_should_error
=== PAUSE TestNewEquivalentProofsRequester/nil_Marshaller_should_error
=== RUN   TestNewEquivalentProofsRequester/nil_EnableEpochsHandler_should_error
=== PAUSE TestNewEquivalentProofsRequester/nil_EnableEpochsHandler_should_error
=== RUN   TestNewEquivalentProofsRequester/should_work
=== PAUSE TestNewEquivalentProofsRequester/should_work
=== CONT  TestNewEquivalentProofsRequester/nil_Messenger_should_error
=== PAUSE TestHeaderRequester_RequestDataFromEpoch/unknown_epoch_should_error
=== RUN   TestHeaderRequester_RequestDataFromEpoch/identifier_not_found_should_error
=== PAUSE TestHeaderRequester_RequestDataFromEpoch/identifier_not_found_should_error
=== RUN   TestHeaderRequester_RequestDataFromEpoch/should_work
=== PAUSE TestHeaderRequester_RequestDataFromEpoch/should_work
=== CONT  TestHeaderRequester_RequestDataFromEpoch/unknown_epoch_should_error
=== CONT  TestNewEquivalentProofsRequester/should_work
=== CONT  TestNewEquivalentProofsRequester/nil_EnableEpochsHandler_should_error
=== CONT  TestNewEquivalentProofsRequester/nil_Marshaller_should_error
=== CONT  TestNewEquivalentProofsRequester/nil_Storage_should_error
=== CONT  TestNewEquivalentProofsRequester/nil_NonceConverter_should_error
=== CONT  TestNewEquivalentProofsRequester/nil_ChanGracefullyClose_should_error
--- PASS: TestHeaderRequester_RequestDataFromNonceNotFoundShouldErr (0.00s)
=== CONT  TestHeaderRequester_RequestDataFromEpoch/identifier_not_found_should_error
--- PASS: TestHeaderRequester_RequestDataFromHashShouldWork (0.00s)
=== CONT  TestNewEquivalentProofsRequester/nil_ManualEpochStartNotifier_should_error
--- PASS: TestSliceRequester_Close (0.00s)
--- PASS: TestSliceRequester_SendErroredShouldReturnErr (0.00s)
=== CONT  TestStorageRequester_ImplementedMethodsShouldNotPanic
--- PASS: TestHeaderRequester_RequestDataFromHashNotFoundNotBufferedChannelShouldErr (0.00s)
--- PASS: TestNewHeaderRequester_NilHeaderNonceStorageShouldErr (0.00s)
--- PASS: TestStorageRequester_ImplementedMethodsShouldNotPanic (0.00s)
=== CONT  TestNewHeaderRequester_NilHeaderStorageShouldErr
--- PASS: TestNewSliceRequester_NilGracefullyCloseChanShouldErr (0.00s)
--- PASS: TestSliceRequester_RequestDataFromHashesShouldWork (0.00s)
=== CONT  TestEquivalentProofsRequester_RequestDataFromHash/GetStorer_error_should_error
--- PASS: TestSliceRequester_RequestDataFromHashShouldWork (0.00s)
--- PASS: TestSliceRequester_RequestDataFromHashMarshalFails (0.00s)
--- PASS: TestNewSliceRequester_ShouldWork (0.00s)
--- PASS: TestNewHeaderRequester_NilMessengerShouldErr (0.00s)
--- PASS: TestNewSliceRequester_NilDataPackerShouldErr (0.00s)
=== CONT  TestHeaderRequester_RequestDataFromEpoch/should_work
--- PASS: TestNewSliceRequester_NilManualEpochStartNotifierShouldErr (0.00s)
--- PASS: TestNewSliceRequester_NilStorageShouldErr (0.00s)
--- PASS: TestNewHeaderRequester_NilNonceConverterShouldErr (0.00s)
--- PASS: TestNewSliceRequester_NilMarshalizerShouldErr (0.00s)
--- PASS: TestHeaderRequester_SetEpochHandlerShouldWork (0.00s)
--- PASS: TestEquivalentProofsRequester_RequestDataFromNonce (0.00s)
    --- PASS: TestEquivalentProofsRequester_RequestDataFromNonce/invalid_key_should_error (0.00s)
    --- PASS: TestEquivalentProofsRequester_RequestDataFromNonce/SearchFirst_error_should_error (0.00s)
    --- PASS: TestEquivalentProofsRequester_RequestDataFromNonce/getStorerForShard_error_should_error (0.00s)
    --- PASS: TestEquivalentProofsRequester_RequestDataFromNonce/should_work_and_send_to_self (0.00s)
--- PASS: TestEquivalentProofsRequester_RequestDataFromHash (0.00s)
    --- PASS: TestEquivalentProofsRequester_RequestDataFromHash/invalid_key_should_error (0.00s)
    --- PASS: TestEquivalentProofsRequester_RequestDataFromHash/SearchFirst_error_should_error (0.00s)
    --- PASS: TestEquivalentProofsRequester_RequestDataFromHash/should_work_and_send_to_self (0.00s)
    --- PASS: TestEquivalentProofsRequester_RequestDataFromHash/GetStorer_error_should_error (0.00s)
--- PASS: TestNewEquivalentProofsRequester (0.00s)
    --- PASS: TestNewEquivalentProofsRequester/nil_Messenger_should_error (0.00s)
    --- PASS: TestNewEquivalentProofsRequester/should_work (0.00s)
    --- PASS: TestNewEquivalentProofsRequester/nil_EnableEpochsHandler_should_error (0.00s)
    --- PASS: TestNewEquivalentProofsRequester/nil_Marshaller_should_error (0.00s)
    --- PASS: TestNewEquivalentProofsRequester/nil_Storage_should_error (0.00s)
    --- PASS: TestNewEquivalentProofsRequester/nil_NonceConverter_should_error (0.00s)
    --- PASS: TestNewEquivalentProofsRequester/nil_ChanGracefullyClose_should_error (0.00s)
    --- PASS: TestNewEquivalentProofsRequester/nil_ManualEpochStartNotifier_should_error (0.00s)
--- PASS: TestNewHeaderRequester_NilHeaderStorageShouldErr (0.00s)
--- PASS: TestHeaderRequester_RequestDataFromEpoch (0.00s)
    --- PASS: TestHeaderRequester_RequestDataFromEpoch/unknown_epoch_should_error (0.00s)
    --- PASS: TestHeaderRequester_RequestDataFromEpoch/identifier_not_found_should_error (0.00s)
    --- PASS: TestHeaderRequester_RequestDataFromEpoch/should_work (0.00s)
--- PASS: TestStorageRequester_signalGracefullyClose (0.10s)
--- PASS: TestSliceRequester_GetErroredShouldReturnErr (1.00s)
--- PASS: TestStorageRequester_signalGracefullyCloseCanNotWriteOnChanShouldNotPanic (1.00s)
--- PASS: TestHeaderRequester_RequestDataFromHashNotFoundShouldErr (1.00s)
--- PASS: TestStorageRequester_signalGracefullyCloseDoubleSignalShouldNotPanic (1.00s)
--- PASS: TestSliceRequester_RequestDataFromHashNotFoundShouldErr (1.00s)
PASS
ok  	github.com/TerraDharitri/drt-go-chain/dataRetriever/storageRequesters	(cached)
=== RUN   TestNewDiffPeerListCreator_NilMessengerShouldErr
=== PAUSE TestNewDiffPeerListCreator_NilMessengerShouldErr
=== RUN   TestNewDiffPeerListCreator_EmptyMainTopicShouldErr
=== PAUSE TestNewDiffPeerListCreator_EmptyMainTopicShouldErr
=== RUN   TestNewDiffPeerListCreator_EmptyIntraTopicShouldErr
=== PAUSE TestNewDiffPeerListCreator_EmptyIntraTopicShouldErr
=== RUN   TestNewDiffPeerListCreator_ShouldWork
=== PAUSE TestNewDiffPeerListCreator_ShouldWork
=== RUN   TestMakeDiffList_EmptyExcludedShouldRetAllPeersList
=== PAUSE TestMakeDiffList_EmptyExcludedShouldRetAllPeersList
=== RUN   TestMakeDiffList_AllFoundInExcludedShouldRetEmpty
=== PAUSE TestMakeDiffList_AllFoundInExcludedShouldRetEmpty
=== RUN   TestMakeDiffList_SomeFoundInExcludedShouldRetTheDifference
=== PAUSE TestMakeDiffList_SomeFoundInExcludedShouldRetTheDifference
=== RUN   TestMakeDiffList_NoneFoundInExcludedShouldRetAllPeers
=== PAUSE TestMakeDiffList_NoneFoundInExcludedShouldRetAllPeers
=== RUN   TestDiffPeerListCreator_CrossShardPeersListEmptyMainListShouldRetEmpty
=== PAUSE TestDiffPeerListCreator_CrossShardPeersListEmptyMainListShouldRetEmpty
=== RUN   TestDiffPeerListCreator_CrossShardPeersListNoExcludedTopicSetShouldRetPeersOnMain
=== PAUSE TestDiffPeerListCreator_CrossShardPeersListNoExcludedTopicSetShouldRetPeersOnMain
=== RUN   TestDiffPeerListCreator_CrossShardPeersListDiffShouldWork
=== PAUSE TestDiffPeerListCreator_CrossShardPeersListDiffShouldWork
=== RUN   TestDiffPeerListCreator_CrossShardPeersListNoDifferenceShouldReturnMain
=== PAUSE TestDiffPeerListCreator_CrossShardPeersListNoDifferenceShouldReturnMain
=== RUN   TestDiffPeerListCreator_IntraShardPeersList
=== PAUSE TestDiffPeerListCreator_IntraShardPeersList
=== RUN   TestNewTopicRequestSender
=== PAUSE TestNewTopicRequestSender
=== RUN   TestTopicResolverSender_SendOnRequestTopic
=== PAUSE TestTopicResolverSender_SendOnRequestTopic
=== RUN   TestTopicRequestSender_NumPeersToQuery
=== PAUSE TestTopicRequestSender_NumPeersToQuery
=== RUN   TestNewTopicResolverSender_NilMainMessengerShouldErr
=== PAUSE TestNewTopicResolverSender_NilMainMessengerShouldErr
=== RUN   TestNewTopicResolverSender_NilFullArchiveMessengerShouldErr
=== PAUSE TestNewTopicResolverSender_NilFullArchiveMessengerShouldErr
=== RUN   TestNewTopicResolverSender_NilOutputAntiflooderShouldErr
=== PAUSE TestNewTopicResolverSender_NilOutputAntiflooderShouldErr
=== RUN   TestNewTopicResolverSender_NilMainPreferredPeersHolderShouldErr
=== PAUSE TestNewTopicResolverSender_NilMainPreferredPeersHolderShouldErr
=== RUN   TestNewTopicResolverSender_NilFullArchivePreferredPeersHolderShouldErr
=== PAUSE TestNewTopicResolverSender_NilFullArchivePreferredPeersHolderShouldErr
=== RUN   TestNewTopicResolverSender_OkValsShouldWork
=== PAUSE TestNewTopicResolverSender_OkValsShouldWork
=== RUN   TestTopicResolverSender_SendOutputAntiflooderErrorsShouldNotSendButError
=== PAUSE TestTopicResolverSender_SendOutputAntiflooderErrorsShouldNotSendButError
=== RUN   TestTopicResolverSender_SendShouldNotCheckAntifloodForPreferred
=== PAUSE TestTopicResolverSender_SendShouldNotCheckAntifloodForPreferred
=== RUN   TestTopicResolverSender_SendShouldWork
=== PAUSE TestTopicResolverSender_SendShouldWork
=== RUN   TestTopicResolverSender_Topic
=== PAUSE TestTopicResolverSender_Topic
=== RUN   TestTopicResolverSender_DebugHandler
=== PAUSE TestTopicResolverSender_DebugHandler
=== RUN   TestTopicResolverSender_SetDebugHandlerNilShouldErr
=== PAUSE TestTopicResolverSender_SetDebugHandlerNilShouldErr
=== CONT  TestNewDiffPeerListCreator_NilMessengerShouldErr
--- PASS: TestNewDiffPeerListCreator_NilMessengerShouldErr (0.00s)
=== CONT  TestNewTopicResolverSender_NilMainPreferredPeersHolderShouldErr
=== CONT  TestNewTopicResolverSender_OkValsShouldWork
--- PASS: TestNewTopicResolverSender_NilMainPreferredPeersHolderShouldErr (0.00s)
=== CONT  TestNewDiffPeerListCreator_EmptyMainTopicShouldErr
--- PASS: TestNewDiffPeerListCreator_EmptyMainTopicShouldErr (0.00s)
=== CONT  TestTopicResolverSender_SendShouldNotCheckAntifloodForPreferred
--- PASS: TestNewTopicResolverSender_OkValsShouldWork (0.00s)
=== CONT  TestTopicResolverSender_SendShouldWork
--- PASS: TestTopicResolverSender_SendShouldNotCheckAntifloodForPreferred (0.00s)
=== CONT  TestNewTopicResolverSender_NilFullArchiveMessengerShouldErr
--- PASS: TestNewTopicResolverSender_NilFullArchiveMessengerShouldErr (0.00s)
=== CONT  TestNewTopicResolverSender_NilOutputAntiflooderShouldErr
=== CONT  TestNewTopicRequestSender
=== RUN   TestTopicResolverSender_SendShouldWork/on_main_network
=== RUN   TestNewTopicRequestSender/nil_MainMessenger_should_error
=== PAUSE TestTopicResolverSender_SendShouldWork/on_main_network
=== PAUSE TestNewTopicRequestSender/nil_MainMessenger_should_error
=== CONT  TestNewTopicResolverSender_NilFullArchivePreferredPeersHolderShouldErr
=== RUN   TestNewTopicRequestSender/nil_FullArchiveMessenger_should_error
=== CONT  TestNewTopicResolverSender_NilMainMessengerShouldErr
=== PAUSE TestNewTopicRequestSender/nil_FullArchiveMessenger_should_error
=== RUN   TestNewTopicRequestSender/nil_OutputAntiflooder_should_error
=== RUN   TestTopicResolverSender_SendShouldWork/on_full_archive_network
=== PAUSE TestTopicResolverSender_SendShouldWork/on_full_archive_network
=== CONT  TestTopicResolverSender_SendOutputAntiflooderErrorsShouldNotSendButError
=== CONT  TestTopicResolverSender_DebugHandler
=== CONT  TestTopicRequestSender_NumPeersToQuery
=== CONT  TestTopicResolverSender_Topic
=== CONT  TestTopicResolverSender_SendShouldWork/on_main_network
=== CONT  TestTopicResolverSender_SendShouldWork/on_full_archive_network
=== CONT  TestDiffPeerListCreator_CrossShardPeersListDiffShouldWork
=== CONT  TestDiffPeerListCreator_CrossShardPeersListNoExcludedTopicSetShouldRetPeersOnMain
=== CONT  TestDiffPeerListCreator_CrossShardPeersListEmptyMainListShouldRetEmpty
=== CONT  TestMakeDiffList_NoneFoundInExcludedShouldRetAllPeers
=== CONT  TestMakeDiffList_SomeFoundInExcludedShouldRetTheDifference
=== CONT  TestMakeDiffList_AllFoundInExcludedShouldRetEmpty
=== CONT  TestMakeDiffList_EmptyExcludedShouldRetAllPeersList
=== CONT  TestNewDiffPeerListCreator_ShouldWork
=== CONT  TestNewDiffPeerListCreator_EmptyIntraTopicShouldErr
=== CONT  TestTopicResolverSender_SendOnRequestTopic
=== RUN   TestTopicResolverSender_SendOnRequestTopic/marshal_fails
--- PASS: TestNewTopicResolverSender_NilOutputAntiflooderShouldErr (0.00s)
=== PAUSE TestTopicResolverSender_SendOnRequestTopic/marshal_fails
--- PASS: TestNewTopicResolverSender_NilFullArchivePreferredPeersHolderShouldErr (0.00s)
--- PASS: TestNewTopicResolverSender_NilMainMessengerShouldErr (0.00s)
=== CONT  TestTopicResolverSender_SetDebugHandlerNilShouldErr
--- PASS: TestTopicResolverSender_SendOutputAntiflooderErrorsShouldNotSendButError (0.00s)
=== RUN   TestTopicResolverSender_SendOnRequestTopic/no_peers_should_error
--- PASS: TestTopicResolverSender_DebugHandler (0.00s)
--- PASS: TestTopicResolverSender_Topic (0.00s)
=== PAUSE TestTopicResolverSender_SendOnRequestTopic/no_peers_should_error
=== RUN   TestTopicResolverSender_SendOnRequestTopic/should_work_and_not_send_to_full_history
=== PAUSE TestTopicResolverSender_SendOnRequestTopic/should_work_and_not_send_to_full_history
=== RUN   TestTopicResolverSender_SendOnRequestTopic/should_work_and_send_to_full_history
=== PAUSE TestTopicResolverSender_SendOnRequestTopic/should_work_and_send_to_full_history
=== RUN   TestTopicResolverSender_SendOnRequestTopic/should_work_and_send_to_preferred_regular_peers
=== PAUSE TestTopicResolverSender_SendOnRequestTopic/should_work_and_send_to_preferred_regular_peers
=== RUN   TestTopicResolverSender_SendOnRequestTopic/should_work_and_send_to_preferred_regular_cross_peer_first
=== PAUSE TestTopicResolverSender_SendOnRequestTopic/should_work_and_send_to_preferred_regular_cross_peer_first
=== RUN   TestTopicResolverSender_SendOnRequestTopic/should_work_and_send_to_preferred_regular_intra_peer_first
=== CONT  TestDiffPeerListCreator_IntraShardPeersList
=== PAUSE TestTopicResolverSender_SendOnRequestTopic/should_work_and_send_to_preferred_regular_intra_peer_first
=== RUN   TestTopicResolverSender_SendOnRequestTopic/should_work_and_send_to_preferred_full_archive_first
=== PAUSE TestTopicResolverSender_SendOnRequestTopic/should_work_and_send_to_preferred_full_archive_first
=== RUN   TestTopicResolverSender_SendOnRequestTopic/should_work_and_skip_antiflood_checks_for_preferred_peers
=== PAUSE TestTopicResolverSender_SendOnRequestTopic/should_work_and_skip_antiflood_checks_for_preferred_peers
=== RUN   TestTopicResolverSender_SendOnRequestTopic/should_not_send_to_preferred_peer_if_only_one_peer_to_request
=== CONT  TestDiffPeerListCreator_CrossShardPeersListNoDifferenceShouldReturnMain
=== PAUSE TestNewTopicRequestSender/nil_OutputAntiflooder_should_error
=== RUN   TestNewTopicRequestSender/nil_MainPreferredPeersHolder_should_error
=== PAUSE TestNewTopicRequestSender/nil_MainPreferredPeersHolder_should_error
=== RUN   TestNewTopicRequestSender/nil_FullArchivePreferredPeersHolder_should_error
=== PAUSE TestNewTopicRequestSender/nil_FullArchivePreferredPeersHolder_should_error
=== RUN   TestNewTopicRequestSender/nil_Marshaller_should_error
=== PAUSE TestNewTopicRequestSender/nil_Marshaller_should_error
--- PASS: TestTopicRequestSender_NumPeersToQuery (0.00s)
=== RUN   TestNewTopicRequestSender/nil_Randomizer_should_error
=== PAUSE TestNewTopicRequestSender/nil_Randomizer_should_error
--- PASS: TestTopicResolverSender_SendShouldWork (0.00s)
    --- PASS: TestTopicResolverSender_SendShouldWork/on_full_archive_network (0.00s)
    --- PASS: TestTopicResolverSender_SendShouldWork/on_main_network (0.00s)
=== RUN   TestNewTopicRequestSender/nil_PeerListCreator_should_error
--- PASS: TestDiffPeerListCreator_CrossShardPeersListDiffShouldWork (0.00s)
--- PASS: TestDiffPeerListCreator_CrossShardPeersListNoExcludedTopicSetShouldRetPeersOnMain (0.00s)
=== PAUSE TestNewTopicRequestSender/nil_PeerListCreator_should_error
=== RUN   TestNewTopicRequestSender/nil_CurrentNetworkEpochProvider_should_error
=== PAUSE TestNewTopicRequestSender/nil_CurrentNetworkEpochProvider_should_error
=== RUN   TestNewTopicRequestSender/nil_PeersRatingHandler_should_error
=== PAUSE TestNewTopicRequestSender/nil_PeersRatingHandler_should_error
=== RUN   TestNewTopicRequestSender/nil_SelfShardIdProvider_should_error
=== PAUSE TestNewTopicRequestSender/nil_SelfShardIdProvider_should_error
=== RUN   TestNewTopicRequestSender/invalid_NumIntraShardPeers_should_error
=== PAUSE TestNewTopicRequestSender/invalid_NumIntraShardPeers_should_error
=== RUN   TestNewTopicRequestSender/invalid_NumCrossShardPeers_should_error
=== PAUSE TestNewTopicRequestSender/invalid_NumCrossShardPeers_should_error
--- PASS: TestDiffPeerListCreator_CrossShardPeersListEmptyMainListShouldRetEmpty (0.00s)
--- PASS: TestMakeDiffList_NoneFoundInExcludedShouldRetAllPeers (0.00s)
--- PASS: TestMakeDiffList_SomeFoundInExcludedShouldRetTheDifference (0.00s)
--- PASS: TestMakeDiffList_AllFoundInExcludedShouldRetEmpty (0.00s)
--- PASS: TestMakeDiffList_EmptyExcludedShouldRetAllPeersList (0.00s)
--- PASS: TestNewDiffPeerListCreator_ShouldWork (0.00s)
--- PASS: TestNewDiffPeerListCreator_EmptyIntraTopicShouldErr (0.00s)
=== RUN   TestNewTopicRequestSender/invalid_NumFullHistoryPeers_should_error
--- PASS: TestTopicResolverSender_SetDebugHandlerNilShouldErr (0.00s)
=== PAUSE TestNewTopicRequestSender/invalid_NumFullHistoryPeers_should_error
=== RUN   TestNewTopicRequestSender/invalid_total_number_of_peers_should_error
=== PAUSE TestNewTopicRequestSender/invalid_total_number_of_peers_should_error
=== RUN   TestNewTopicRequestSender/should_work
=== PAUSE TestNewTopicRequestSender/should_work
=== CONT  TestNewTopicRequestSender/nil_MainMessenger_should_error
--- PASS: TestDiffPeerListCreator_IntraShardPeersList (0.00s)
--- PASS: TestDiffPeerListCreator_CrossShardPeersListNoDifferenceShouldReturnMain (0.00s)
=== CONT  TestNewTopicRequestSender/should_work
=== CONT  TestNewTopicRequestSender/invalid_total_number_of_peers_should_error
=== CONT  TestNewTopicRequestSender/nil_PeerListCreator_should_error
=== CONT  TestNewTopicRequestSender/nil_Randomizer_should_error
=== CONT  TestNewTopicRequestSender/invalid_NumFullHistoryPeers_should_error
=== CONT  TestNewTopicRequestSender/nil_Marshaller_should_error
=== CONT  TestNewTopicRequestSender/invalid_NumCrossShardPeers_should_error
=== CONT  TestNewTopicRequestSender/nil_FullArchivePreferredPeersHolder_should_error
=== CONT  TestNewTopicRequestSender/invalid_NumIntraShardPeers_should_error
=== CONT  TestNewTopicRequestSender/nil_MainPreferredPeersHolder_should_error
=== CONT  TestNewTopicRequestSender/nil_OutputAntiflooder_should_error
=== CONT  TestNewTopicRequestSender/nil_FullArchiveMessenger_should_error
=== RUN   TestTopicResolverSender_SendOnRequestTopic/should_stop_after_sending_to_required_num
=== CONT  TestNewTopicRequestSender/nil_CurrentNetworkEpochProvider_should_error
=== PAUSE TestTopicResolverSender_SendOnRequestTopic/should_stop_after_sending_to_required_num
=== CONT  TestNewTopicRequestSender/nil_SelfShardIdProvider_should_error
=== RUN   TestTopicResolverSender_SendOnRequestTopic/should_not_call_intra_shard_peers
=== PAUSE TestTopicResolverSender_SendOnRequestTopic/should_not_call_intra_shard_peers
=== RUN   TestTopicResolverSender_SendOnRequestTopic/should_not_call_cross_shard
=== PAUSE TestTopicResolverSender_SendOnRequestTopic/should_not_call_cross_shard
=== RUN   TestTopicResolverSender_SendOnRequestTopic/SendToConnectedPeerCalled_returns_error
=== PAUSE TestTopicResolverSender_SendOnRequestTopic/SendToConnectedPeerCalled_returns_error
=== RUN   TestTopicResolverSender_SendOnRequestTopic/should_work_and_try_on_both_networks
=== PAUSE TestTopicResolverSender_SendOnRequestTopic/should_work_and_try_on_both_networks
=== CONT  TestTopicResolverSender_SendOnRequestTopic/marshal_fails
=== CONT  TestNewTopicRequestSender/nil_PeersRatingHandler_should_error
--- PASS: TestNewTopicRequestSender (0.00s)
    --- PASS: TestNewTopicRequestSender/nil_MainMessenger_should_error (0.00s)
    --- PASS: TestNewTopicRequestSender/should_work (0.00s)
    --- PASS: TestNewTopicRequestSender/invalid_total_number_of_peers_should_error (0.00s)
    --- PASS: TestNewTopicRequestSender/nil_PeerListCreator_should_error (0.00s)
    --- PASS: TestNewTopicRequestSender/nil_Randomizer_should_error (0.00s)
    --- PASS: TestNewTopicRequestSender/invalid_NumFullHistoryPeers_should_error (0.00s)
    --- PASS: TestNewTopicRequestSender/nil_Marshaller_should_error (0.00s)
    --- PASS: TestNewTopicRequestSender/invalid_NumCrossShardPeers_should_error (0.00s)
    --- PASS: TestNewTopicRequestSender/nil_FullArchivePreferredPeersHolder_should_error (0.00s)
    --- PASS: TestNewTopicRequestSender/nil_OutputAntiflooder_should_error (0.00s)
    --- PASS: TestNewTopicRequestSender/invalid_NumIntraShardPeers_should_error (0.00s)
    --- PASS: TestNewTopicRequestSender/nil_FullArchiveMessenger_should_error (0.00s)
    --- PASS: TestNewTopicRequestSender/nil_MainPreferredPeersHolder_should_error (0.00s)
    --- PASS: TestNewTopicRequestSender/nil_CurrentNetworkEpochProvider_should_error (0.00s)
    --- PASS: TestNewTopicRequestSender/nil_SelfShardIdProvider_should_error (0.00s)
    --- PASS: TestNewTopicRequestSender/nil_PeersRatingHandler_should_error (0.00s)
=== CONT  TestTopicResolverSender_SendOnRequestTopic/should_work_and_try_on_both_networks
=== CONT  TestTopicResolverSender_SendOnRequestTopic/SendToConnectedPeerCalled_returns_error
=== CONT  TestTopicResolverSender_SendOnRequestTopic/should_not_call_cross_shard
=== CONT  TestTopicResolverSender_SendOnRequestTopic/should_not_call_intra_shard_peers
=== CONT  TestTopicResolverSender_SendOnRequestTopic/should_stop_after_sending_to_required_num
=== CONT  TestTopicResolverSender_SendOnRequestTopic/should_work_and_skip_antiflood_checks_for_preferred_peers
=== CONT  TestTopicResolverSender_SendOnRequestTopic/should_work_and_send_to_preferred_full_archive_first
=== CONT  TestTopicResolverSender_SendOnRequestTopic/should_work_and_send_to_preferred_regular_intra_peer_first
=== CONT  TestTopicResolverSender_SendOnRequestTopic/should_work_and_send_to_preferred_regular_cross_peer_first
=== CONT  TestTopicResolverSender_SendOnRequestTopic/should_work_and_send_to_preferred_regular_peers
=== CONT  TestTopicResolverSender_SendOnRequestTopic/should_work_and_send_to_full_history
=== CONT  TestTopicResolverSender_SendOnRequestTopic/should_work_and_not_send_to_full_history
=== CONT  TestTopicResolverSender_SendOnRequestTopic/no_peers_should_error
--- PASS: TestTopicResolverSender_SendOnRequestTopic (0.00s)
    --- PASS: TestTopicResolverSender_SendOnRequestTopic/should_not_send_to_preferred_peer_if_only_one_peer_to_request (0.00s)
    --- PASS: TestTopicResolverSender_SendOnRequestTopic/marshal_fails (0.00s)
    --- PASS: TestTopicResolverSender_SendOnRequestTopic/should_work_and_try_on_both_networks (0.00s)
    --- PASS: TestTopicResolverSender_SendOnRequestTopic/SendToConnectedPeerCalled_returns_error (0.00s)
    --- PASS: TestTopicResolverSender_SendOnRequestTopic/should_not_call_cross_shard (0.00s)
    --- PASS: TestTopicResolverSender_SendOnRequestTopic/should_not_call_intra_shard_peers (0.00s)
    --- PASS: TestTopicResolverSender_SendOnRequestTopic/should_stop_after_sending_to_required_num (0.00s)
    --- PASS: TestTopicResolverSender_SendOnRequestTopic/should_work_and_skip_antiflood_checks_for_preferred_peers (0.00s)
    --- PASS: TestTopicResolverSender_SendOnRequestTopic/should_work_and_send_to_preferred_full_archive_first (0.00s)
    --- PASS: TestTopicResolverSender_SendOnRequestTopic/should_work_and_send_to_preferred_regular_intra_peer_first (0.00s)
    --- PASS: TestTopicResolverSender_SendOnRequestTopic/should_work_and_send_to_preferred_regular_cross_peer_first (0.00s)
    --- PASS: TestTopicResolverSender_SendOnRequestTopic/should_work_and_send_to_preferred_regular_peers (0.00s)
    --- PASS: TestTopicResolverSender_SendOnRequestTopic/should_work_and_send_to_full_history (0.00s)
    --- PASS: TestTopicResolverSender_SendOnRequestTopic/should_work_and_not_send_to_full_history (0.00s)
    --- PASS: TestTopicResolverSender_SendOnRequestTopic/no_peers_should_error (0.00s)
PASS
ok  	github.com/TerraDharitri/drt-go-chain/dataRetriever/topicSender	(cached)
=== RUN   TestNewMempoolHost
=== PAUSE TestNewMempoolHost
=== RUN   TestMempoolHost_GetTransferredValue
=== PAUSE TestMempoolHost_GetTransferredValue
=== RUN   TestBenchmarkMempoolHost_GetTransferredValue
=== RUN   TestBenchmarkMempoolHost_GetTransferredValue/numTransactions_=_5_000
=== RUN   TestBenchmarkMempoolHost_GetTransferredValue/numTransactions_=_10_000
=== RUN   TestBenchmarkMempoolHost_GetTransferredValue/numTransactions_=_20_000
0.036925s (TestBenchmarkMempoolHost_GetTransferredValue/numTransactions_=_10_000)
0.062251s (TestBenchmarkMempoolHost_GetTransferredValue/numTransactions_=_20_000)
0.022527s (TestBenchmarkMempoolHost_GetTransferredValue/numTransactions_=_5_000)
--- PASS: TestBenchmarkMempoolHost_GetTransferredValue (0.15s)
    --- PASS: TestBenchmarkMempoolHost_GetTransferredValue/numTransactions_=_5_000 (0.03s)
    --- PASS: TestBenchmarkMempoolHost_GetTransferredValue/numTransactions_=_10_000 (0.05s)
    --- PASS: TestBenchmarkMempoolHost_GetTransferredValue/numTransactions_=_20_000 (0.07s)
=== RUN   Test_NewShardedTxPool
--- PASS: Test_NewShardedTxPool (0.00s)
=== RUN   Test_NewShardedTxPool_WhenBadConfig
--- PASS: Test_NewShardedTxPool_WhenBadConfig (0.00s)
=== RUN   Test_NewShardedTxPool_ComputesCacheConfig
--- PASS: Test_NewShardedTxPool_ComputesCacheConfig (0.00s)
=== RUN   Test_ShardDataStore_Or_GetTxCache
--- PASS: Test_ShardDataStore_Or_GetTxCache (0.00s)
=== RUN   Test_ShardDataStore_CreatesIfMissingWithoutConcurrencyIssues
--- PASS: Test_ShardDataStore_CreatesIfMissingWithoutConcurrencyIssues (0.01s)
=== RUN   Test_AddData
[0;31mERROR[0m[2026-03-16 10:13:38.877]   shardedTxPool.AddData()                  [0;31merr[0m = invalid identifier for shard cacher 
--- PASS: Test_AddData (0.00s)
=== RUN   Test_AddData_NoPanic_IfNotATransaction
--- PASS: Test_AddData_NoPanic_IfNotATransaction (0.00s)
=== RUN   Test_AddData_CallsOnAddedHandlers
--- PASS: Test_AddData_CallsOnAddedHandlers (0.01s)
=== RUN   Test_SearchFirstData
--- PASS: Test_SearchFirstData (0.00s)
=== RUN   Test_RemoveData
--- PASS: Test_RemoveData (0.00s)
=== RUN   Test_RemoveSetOfDataFromPool
--- PASS: Test_RemoveSetOfDataFromPool (0.00s)
=== RUN   Test_RemoveDataFromAllShards
--- PASS: Test_RemoveDataFromAllShards (0.00s)
=== RUN   Test_MergeShardStores
--- PASS: Test_MergeShardStores (0.00s)
=== RUN   Test_Clear
--- PASS: Test_Clear (0.00s)
=== RUN   Test_ClearShardStore
--- PASS: Test_ClearShardStore (0.00s)
=== RUN   Test_RegisterOnAdded
[0;31mERROR[0m[2026-03-16 10:13:38.887]   attempt to register a nil handler        
--- PASS: Test_RegisterOnAdded (0.00s)
=== RUN   Test_GetCounts
--- PASS: Test_GetCounts (0.00s)
=== RUN   Test_Keys
--- PASS: Test_Keys (0.00s)
=== RUN   TestShardedTxPool_Diagnose
=== PAUSE TestShardedTxPool_Diagnose
=== RUN   TestShardedTxPool_ImmunizeSetOfDataAgainstEviction
=== PAUSE TestShardedTxPool_ImmunizeSetOfDataAgainstEviction
=== RUN   Test_IsInterfaceNil
--- PASS: Test_IsInterfaceNil (0.00s)
=== RUN   Test_routeToCacheUnions
--- PASS: Test_routeToCacheUnions (0.00s)
=== CONT  TestNewMempoolHost
=== CONT  TestShardedTxPool_Diagnose
--- PASS: TestNewMempoolHost (0.00s)
=== CONT  TestMempoolHost_GetTransferredValue
=== RUN   TestMempoolHost_GetTransferredValue/with_value
--- PASS: TestShardedTxPool_Diagnose (0.00s)
=== CONT  TestShardedTxPool_ImmunizeSetOfDataAgainstEviction
=== RUN   TestMempoolHost_GetTransferredValue/with_value_and_data
--- PASS: TestShardedTxPool_ImmunizeSetOfDataAgainstEviction (0.00s)
=== RUN   TestMempoolHost_GetTransferredValue/native_transfer_within_MultiDCDTNFTTransfer
=== RUN   TestMempoolHost_GetTransferredValue/native_transfer_within_MultiDCDTNFTTransfer;_transfer_&_execute
--- PASS: TestMempoolHost_GetTransferredValue (0.00s)
    --- PASS: TestMempoolHost_GetTransferredValue/with_value (0.00s)
    --- PASS: TestMempoolHost_GetTransferredValue/with_value_and_data (0.00s)
    --- PASS: TestMempoolHost_GetTransferredValue/native_transfer_within_MultiDCDTNFTTransfer (0.00s)
    --- PASS: TestMempoolHost_GetTransferredValue/native_transfer_within_MultiDCDTNFTTransfer;_transfer_&_execute (0.00s)
PASS
ok  	github.com/TerraDharitri/drt-go-chain/dataRetriever/txpool	(cached)
=== RUN   TestShardedTxPool_MemoryFootprint
    memory_test.go:30: this is not a short test
--- SKIP: TestShardedTxPool_MemoryFootprint (0.00s)
PASS
ok  	github.com/TerraDharitri/drt-go-chain/dataRetriever/txpool/memorytests	(cached)
=== RUN   TestGetResultsHashesByTxHashShouldErr
=== PAUSE TestGetResultsHashesByTxHashShouldErr
=== RUN   TestSaveAndGetResultsSCRSHashesByTxHash
=== PAUSE TestSaveAndGetResultsSCRSHashesByTxHash
=== RUN   TestSaveAndGetResultsReceiptsHashesByTxHash
[0;31mERROR[0m[2026-03-16 10:13:38.722]   groupTransactionOutcomesByTransactionHash() cannot cast TransactionHandler to Receipt 
--- PASS: TestSaveAndGetResultsReceiptsHashesByTxHash (0.00s)
=== RUN   TestGroupSmartContractResults
=== PAUSE TestGroupSmartContractResults
=== RUN   TestNewHistoryRepository
=== PAUSE TestNewHistoryRepository
=== RUN   TestHistoryRepository_RecordBlockInvalidBlockRoundByHashStorerExpectError
=== PAUSE TestHistoryRepository_RecordBlockInvalidBlockRoundByHashStorerExpectError
=== RUN   TestHistoryRepository_RecordBlock
=== PAUSE TestHistoryRepository_RecordBlock
=== RUN   TestHistoryRepository_GetMiniblockMetadata
=== PAUSE TestHistoryRepository_GetMiniblockMetadata
=== RUN   TestHistoryRepository_GetEpochForHash
=== PAUSE TestHistoryRepository_GetEpochForHash
=== RUN   TestHistoryRepository_OnNotarizedBlocks
=== PAUSE TestHistoryRepository_OnNotarizedBlocks
=== RUN   TestHistoryRepository_OnNotarizedBlocksAtSourceBeforeCommittingAtDestination
=== PAUSE TestHistoryRepository_OnNotarizedBlocksAtSourceBeforeCommittingAtDestination
=== RUN   TestHistoryRepository_OnNotarizedBlocksCrossEpoch
=== PAUSE TestHistoryRepository_OnNotarizedBlocksCrossEpoch
=== RUN   TestHistoryRepository_CommitOnForkThenNewEpochThenCommit
=== PAUSE TestHistoryRepository_CommitOnForkThenNewEpochThenCommit
=== RUN   TestHistoryRepository_getMiniblockMetadataByMiniblockHashGetFromEpochErrorsShouldErr
=== PAUSE TestHistoryRepository_getMiniblockMetadataByMiniblockHashGetFromEpochErrorsShouldErr
=== RUN   TestHistoryRepository_ConcurrentlyRecordAndNotarizeSameBlockMultipleTimes_Loop
--- PASS: TestHistoryRepository_ConcurrentlyRecordAndNotarizeSameBlockMultipleTimes_Loop (0.16s)
=== RUN   TestHistoryRepository_ConcurrentlyRecordAndNotarizeSameBlockMultipleTimes
--- PASS: TestHistoryRepository_ConcurrentlyRecordAndNotarizeSameBlockMultipleTimes (0.00s)
=== CONT  TestGetResultsHashesByTxHashShouldErr
=== CONT  TestHistoryRepository_GetEpochForHash
--- PASS: TestGetResultsHashesByTxHashShouldErr (0.00s)
=== CONT  TestHistoryRepository_GetMiniblockMetadata
=== CONT  TestHistoryRepository_RecordBlock
=== CONT  TestNewHistoryRepository
=== CONT  TestHistoryRepository_OnNotarizedBlocksCrossEpoch
=== CONT  TestHistoryRepository_OnNotarizedBlocksAtSourceBeforeCommittingAtDestination
=== CONT  TestHistoryRepository_getMiniblockMetadataByMiniblockHashGetFromEpochErrorsShouldErr
=== CONT  TestHistoryRepository_OnNotarizedBlocks
--- PASS: TestHistoryRepository_getMiniblockMetadataByMiniblockHashGetFromEpochErrorsShouldErr (0.00s)
--- PASS: TestNewHistoryRepository (0.00s)
=== CONT  TestGroupSmartContractResults
--- PASS: TestHistoryRepository_GetMiniblockMetadata (0.00s)
=== CONT  TestHistoryRepository_CommitOnForkThenNewEpochThenCommit
[0;31mERROR[0m[2026-03-16 10:13:38.883]   groupSmartContractResults() cannot cast TransactionHandler to SmartContractResult 
=== CONT  TestHistoryRepository_RecordBlockInvalidBlockRoundByHashStorerExpectError
=== CONT  TestSaveAndGetResultsSCRSHashesByTxHash
[0;31mERROR[0m[2026-03-16 10:13:38.884]   groupSmartContractResults() cannot cast TransactionHandler to SmartContractResult 
--- PASS: TestHistoryRepository_GetEpochForHash (0.00s)
--- PASS: TestSaveAndGetResultsSCRSHashesByTxHash (0.00s)
--- PASS: TestHistoryRepository_OnNotarizedBlocksCrossEpoch (0.00s)
--- PASS: TestHistoryRepository_RecordBlock (0.00s)
--- PASS: TestGroupSmartContractResults (0.00s)
--- PASS: TestHistoryRepository_RecordBlockInvalidBlockRoundByHashStorerExpectError (0.00s)
--- PASS: TestHistoryRepository_OnNotarizedBlocksAtSourceBeforeCommittingAtDestination (0.00s)
--- PASS: TestHistoryRepository_CommitOnForkThenNewEpochThenCommit (0.00s)
--- PASS: TestHistoryRepository_OnNotarizedBlocks (0.00s)
PASS
ok  	github.com/TerraDharitri/drt-go-chain/dblookupext	(cached)
=== RUN   TestNewSuppliesProcessor
=== PAUSE TestNewSuppliesProcessor
=== RUN   TestProcessLogsSaveSupply
=== PAUSE TestProcessLogsSaveSupply
=== RUN   TestProcessLogsSaveSupplyShouldUpdateSupplyMintedAndBurned
=== PAUSE TestProcessLogsSaveSupplyShouldUpdateSupplyMintedAndBurned
=== RUN   TestProcessLogs_RevertChangesShouldWorkForRevertingMinting
=== PAUSE TestProcessLogs_RevertChangesShouldWorkForRevertingMinting
=== RUN   TestProcessLogs_RevertChangesShouldWorkForRevertingBurning
=== PAUSE TestProcessLogs_RevertChangesShouldWorkForRevertingBurning
=== RUN   TestSupplyDCDT_GetSupply
=== PAUSE TestSupplyDCDT_GetSupply
=== RUN   TestGetLogsBasedOnBody
=== PAUSE TestGetLogsBasedOnBody
=== RUN   TestGetLogsWrongBodyType
=== PAUSE TestGetLogsWrongBodyType
=== RUN   TestProcessLogsSaveSupplyNothingInStorage
=== PAUSE TestProcessLogsSaveSupplyNothingInStorage
=== RUN   TestTestProcessLogsSaveSupplyExistsInStorage
=== PAUSE TestTestProcessLogsSaveSupplyExistsInStorage
=== RUN   TestMakePropertiesNotNil
=== PAUSE TestMakePropertiesNotNil
=== RUN   TestNonceProcessor_shouldProcessLogs_currentNonceLowerThanProcessed
=== PAUSE TestNonceProcessor_shouldProcessLogs_currentNonceLowerThanProcessed
=== RUN   TestNonceProcessor_shouldProcessLogs_currentNonceHigherThanProcessed
=== PAUSE TestNonceProcessor_shouldProcessLogs_currentNonceHigherThanProcessed
=== RUN   TestNonceProcessor_shouldProcessLogs_nothingInStorageShouldProcess
=== PAUSE TestNonceProcessor_shouldProcessLogs_nothingInStorageShouldProcess
=== RUN   TestNonceProcessor_shouldProcessLogs_revertNothingInStorage
=== PAUSE TestNonceProcessor_shouldProcessLogs_revertNothingInStorage
=== RUN   TestNonceProcessor_saveNonceInStorage
=== PAUSE TestNonceProcessor_saveNonceInStorage
=== CONT  TestNewSuppliesProcessor
=== CONT  TestProcessLogsSaveSupplyNothingInStorage
=== CONT  TestNonceProcessor_shouldProcessLogs_currentNonceHigherThanProcessed
=== CONT  TestNonceProcessor_shouldProcessLogs_revertNothingInStorage
--- PASS: TestNewSuppliesProcessor (0.00s)
--- PASS: TestNonceProcessor_shouldProcessLogs_revertNothingInStorage (0.00s)
=== CONT  TestGetLogsWrongBodyType
=== CONT  TestNonceProcessor_saveNonceInStorage
--- PASS: TestGetLogsWrongBodyType (0.00s)
=== CONT  TestGetLogsBasedOnBody
=== CONT  TestNonceProcessor_shouldProcessLogs_nothingInStorageShouldProcess
=== CONT  TestSupplyDCDT_GetSupply
--- PASS: TestNonceProcessor_shouldProcessLogs_nothingInStorageShouldProcess (0.00s)
=== CONT  TestTestProcessLogsSaveSupplyExistsInStorage
=== CONT  TestProcessLogsSaveSupplyShouldUpdateSupplyMintedAndBurned
=== CONT  TestProcessLogsSaveSupply
=== CONT  TestMakePropertiesNotNil
=== CONT  TestProcessLogs_RevertChangesShouldWorkForRevertingBurning
=== CONT  TestProcessLogs_RevertChangesShouldWorkForRevertingMinting
=== CONT  TestNonceProcessor_shouldProcessLogs_currentNonceLowerThanProcessed
=== RUN   TestMakePropertiesNotNil/supply_is_nil
=== PAUSE TestMakePropertiesNotNil/supply_is_nil
=== RUN   TestMakePropertiesNotNil/burned_is_nil
=== PAUSE TestMakePropertiesNotNil/burned_is_nil
=== RUN   TestMakePropertiesNotNil/minted_is_nil
=== PAUSE TestMakePropertiesNotNil/minted_is_nil
=== RUN   TestMakePropertiesNotNil/all_are_nil
=== PAUSE TestMakePropertiesNotNil/all_are_nil
=== RUN   TestMakePropertiesNotNil/none_is_nil
=== PAUSE TestMakePropertiesNotNil/none_is_nil
--- PASS: TestNonceProcessor_shouldProcessLogs_currentNonceHigherThanProcessed (0.00s)
=== CONT  TestMakePropertiesNotNil/burned_is_nil
=== CONT  TestMakePropertiesNotNil/all_are_nil
--- PASS: TestNonceProcessor_saveNonceInStorage (0.00s)
=== CONT  TestMakePropertiesNotNil/none_is_nil
=== CONT  TestMakePropertiesNotNil/supply_is_nil
=== CONT  TestMakePropertiesNotNil/minted_is_nil
--- PASS: TestMakePropertiesNotNil (0.00s)
    --- PASS: TestMakePropertiesNotNil/burned_is_nil (0.00s)
    --- PASS: TestMakePropertiesNotNil/all_are_nil (0.00s)
    --- PASS: TestMakePropertiesNotNil/supply_is_nil (0.00s)
    --- PASS: TestMakePropertiesNotNil/none_is_nil (0.00s)
    --- PASS: TestMakePropertiesNotNil/minted_is_nil (0.00s)
--- PASS: TestGetLogsBasedOnBody (0.00s)
--- PASS: TestProcessLogsSaveSupplyNothingInStorage (0.00s)
--- PASS: TestSupplyDCDT_GetSupply (0.00s)
--- PASS: TestTestProcessLogsSaveSupplyExistsInStorage (0.00s)
--- PASS: TestProcessLogsSaveSupplyShouldUpdateSupplyMintedAndBurned (0.00s)
--- PASS: TestProcessLogsSaveSupply (0.00s)
--- PASS: TestNonceProcessor_shouldProcessLogs_currentNonceLowerThanProcessed (0.00s)
--- PASS: TestProcessLogs_RevertChangesShouldWorkForRevertingBurning (0.00s)
--- PASS: TestProcessLogs_RevertChangesShouldWorkForRevertingMinting (0.00s)
PASS
ok  	github.com/TerraDharitri/drt-go-chain/dblookupext/dcdtSupply	(cached)
=== RUN   TestNewHistoryRepositoryFactory
--- PASS: TestNewHistoryRepositoryFactory (0.00s)
=== RUN   TestHistoryRepositoryFactory_CreateShouldCreateDisabledRepository
--- PASS: TestHistoryRepositoryFactory_CreateShouldCreateDisabledRepository (0.00s)
=== RUN   TestHistoryRepositoryFactory_CreateShouldCreateRegularRepository
--- PASS: TestHistoryRepositoryFactory_CreateShouldCreateRegularRepository (0.00s)
=== RUN   TestHistoryRepositoryFactory_CreateMissingStorersReturnsError
=== PAUSE TestHistoryRepositoryFactory_CreateMissingStorersReturnsError
=== CONT  TestHistoryRepositoryFactory_CreateMissingStorersReturnsError
=== RUN   TestHistoryRepositoryFactory_CreateMissingStorersReturnsError/missing_DCDTSuppliesUnit
=== PAUSE TestHistoryRepositoryFactory_CreateMissingStorersReturnsError/missing_DCDTSuppliesUnit
=== RUN   TestHistoryRepositoryFactory_CreateMissingStorersReturnsError/missing_TxLogsUnit
=== PAUSE TestHistoryRepositoryFactory_CreateMissingStorersReturnsError/missing_TxLogsUnit
=== RUN   TestHistoryRepositoryFactory_CreateMissingStorersReturnsError/missing_RoundHdrHashDataUnit
=== PAUSE TestHistoryRepositoryFactory_CreateMissingStorersReturnsError/missing_RoundHdrHashDataUnit
=== RUN   TestHistoryRepositoryFactory_CreateMissingStorersReturnsError/missing_MiniblocksMetadataUnit
=== PAUSE TestHistoryRepositoryFactory_CreateMissingStorersReturnsError/missing_MiniblocksMetadataUnit
=== RUN   TestHistoryRepositoryFactory_CreateMissingStorersReturnsError/missing_EpochByHashUnit
=== PAUSE TestHistoryRepositoryFactory_CreateMissingStorersReturnsError/missing_EpochByHashUnit
=== RUN   TestHistoryRepositoryFactory_CreateMissingStorersReturnsError/missing_MiniblockHashByTxHashUnit
=== PAUSE TestHistoryRepositoryFactory_CreateMissingStorersReturnsError/missing_MiniblockHashByTxHashUnit
=== RUN   TestHistoryRepositoryFactory_CreateMissingStorersReturnsError/missing_ResultsHashesByTxHashUnit
=== PAUSE TestHistoryRepositoryFactory_CreateMissingStorersReturnsError/missing_ResultsHashesByTxHashUnit
=== CONT  TestHistoryRepositoryFactory_CreateMissingStorersReturnsError/missing_DCDTSuppliesUnit
=== CONT  TestHistoryRepositoryFactory_CreateMissingStorersReturnsError/missing_ResultsHashesByTxHashUnit
=== CONT  TestHistoryRepositoryFactory_CreateMissingStorersReturnsError/missing_MiniblockHashByTxHashUnit
=== CONT  TestHistoryRepositoryFactory_CreateMissingStorersReturnsError/missing_EpochByHashUnit
=== CONT  TestHistoryRepositoryFactory_CreateMissingStorersReturnsError/missing_MiniblocksMetadataUnit
=== CONT  TestHistoryRepositoryFactory_CreateMissingStorersReturnsError/missing_RoundHdrHashDataUnit
=== CONT  TestHistoryRepositoryFactory_CreateMissingStorersReturnsError/missing_TxLogsUnit
--- PASS: TestHistoryRepositoryFactory_CreateMissingStorersReturnsError (0.00s)
    --- PASS: TestHistoryRepositoryFactory_CreateMissingStorersReturnsError/missing_DCDTSuppliesUnit (0.00s)
    --- PASS: TestHistoryRepositoryFactory_CreateMissingStorersReturnsError/missing_ResultsHashesByTxHashUnit (0.00s)
    --- PASS: TestHistoryRepositoryFactory_CreateMissingStorersReturnsError/missing_MiniblockHashByTxHashUnit (0.00s)
    --- PASS: TestHistoryRepositoryFactory_CreateMissingStorersReturnsError/missing_EpochByHashUnit (0.00s)
    --- PASS: TestHistoryRepositoryFactory_CreateMissingStorersReturnsError/missing_MiniblocksMetadataUnit (0.00s)
    --- PASS: TestHistoryRepositoryFactory_CreateMissingStorersReturnsError/missing_RoundHdrHashDataUnit (0.00s)
    --- PASS: TestHistoryRepositoryFactory_CreateMissingStorersReturnsError/missing_TxLogsUnit (0.00s)
PASS
ok  	github.com/TerraDharitri/drt-go-chain/dblookupext/factory	(cached)
=== RUN   TestNewAntifloodDebugger_InvalidCacheSizeShouldError
=== PAUSE TestNewAntifloodDebugger_InvalidCacheSizeShouldError
=== RUN   TestNewAntifloodDebugger_InvalidAutoPrintIntervalShouldError
=== PAUSE TestNewAntifloodDebugger_InvalidAutoPrintIntervalShouldError
=== RUN   TestNewAntifloodDebugger_ShouldWork
=== PAUSE TestNewAntifloodDebugger_ShouldWork
=== RUN   TestAntifloodDebugger_AddDataNotExistingShouldAdd
=== PAUSE TestAntifloodDebugger_AddDataNotExistingShouldAdd
=== RUN   TestAntifloodDebugger_AddDataExistingShouldChange
=== PAUSE TestAntifloodDebugger_AddDataExistingShouldChange
=== RUN   TestAntifloodDebugger_PrintShouldWork
=== PAUSE TestAntifloodDebugger_PrintShouldWork
=== RUN   TestAntifloodDebugger_NothingToPrintShouldWork
=== PAUSE TestAntifloodDebugger_NothingToPrintShouldWork
=== RUN   TestAntifloodDebugger_CloseShouldWork
=== PAUSE TestAntifloodDebugger_CloseShouldWork
=== RUN   TestAntifloodDebugger_DifferentSequenceShouldAppend
=== PAUSE TestAntifloodDebugger_DifferentSequenceShouldAppend
=== RUN   TestAntifloodDebugger_MoreSequencesShouldTrim
=== PAUSE TestAntifloodDebugger_MoreSequencesShouldTrim
=== CONT  TestNewAntifloodDebugger_InvalidCacheSizeShouldError
--- PASS: TestNewAntifloodDebugger_InvalidCacheSizeShouldError (0.00s)
=== CONT  TestAntifloodDebugger_AddDataExistingShouldChange
=== CONT  TestAntifloodDebugger_PrintShouldWork
--- PASS: TestAntifloodDebugger_AddDataExistingShouldChange (0.00s)
=== CONT  TestNewAntifloodDebugger_InvalidAutoPrintIntervalShouldError
=== CONT  TestNewAntifloodDebugger_ShouldWork
--- PASS: TestNewAntifloodDebugger_InvalidAutoPrintIntervalShouldError (0.00s)
=== CONT  TestAntifloodDebugger_DifferentSequenceShouldAppend
=== CONT  TestAntifloodDebugger_CloseShouldWork
pid: ekxT; topic: topic; num rejected: 0; size rejected: 0; sequences: 110, 2347234; is blacklisted: true
=== CONT  TestAntifloodDebugger_AddDataNotExistingShouldAdd
=== CONT  TestAntifloodDebugger_NothingToPrintShouldWork
=== CONT  TestAntifloodDebugger_MoreSequencesShouldTrim
pid: ekxT; topic: topic; num rejected: 0; size rejected: 0; sequences: ..., 33946389, 33946390, 33946391, 33946392, 33946393; is blacklisted: true
--- PASS: TestNewAntifloodDebugger_ShouldWork (0.00s)
--- PASS: TestAntifloodDebugger_DifferentSequenceShouldAppend (0.00s)
--- PASS: TestAntifloodDebugger_AddDataNotExistingShouldAdd (0.00s)
--- PASS: TestAntifloodDebugger_MoreSequencesShouldTrim (0.00s)
--- PASS: TestAntifloodDebugger_PrintShouldWork (1.50s)
--- PASS: TestAntifloodDebugger_NothingToPrintShouldWork (2.50s)
--- PASS: TestAntifloodDebugger_CloseShouldWork (5.01s)
PASS
ok  	github.com/TerraDharitri/drt-go-chain/debug/antiflood	(cached)
=== RUN   TestNewInterceptorResolverDebuggerFactory_DisabledShouldWork
=== PAUSE TestNewInterceptorResolverDebuggerFactory_DisabledShouldWork
=== RUN   TestNewInterceptorResolverDebuggerFactory_InterceptorResolver
=== PAUSE TestNewInterceptorResolverDebuggerFactory_InterceptorResolver
=== RUN   TestCreateProcessDebugger
=== PAUSE TestCreateProcessDebugger
=== CONT  TestNewInterceptorResolverDebuggerFactory_DisabledShouldWork
--- PASS: TestNewInterceptorResolverDebuggerFactory_DisabledShouldWork (0.00s)
=== CONT  TestCreateProcessDebugger
=== RUN   TestCreateProcessDebugger/create_disabled_process_debugger
=== PAUSE TestCreateProcessDebugger/create_disabled_process_debugger
=== RUN   TestCreateProcessDebugger/create_real_process_debugger
=== CONT  TestNewInterceptorResolverDebuggerFactory_InterceptorResolver
=== PAUSE TestCreateProcessDebugger/create_real_process_debugger
=== RUN   TestCreateProcessDebugger/create_real_process_debugger_errors
--- PASS: TestNewInterceptorResolverDebuggerFactory_InterceptorResolver (0.00s)
=== PAUSE TestCreateProcessDebugger/create_real_process_debugger_errors
=== CONT  TestCreateProcessDebugger/create_disabled_process_debugger
=== CONT  TestCreateProcessDebugger/create_real_process_debugger_errors
=== CONT  TestCreateProcessDebugger/create_real_process_debugger
--- PASS: TestCreateProcessDebugger (0.00s)
    --- PASS: TestCreateProcessDebugger/create_disabled_process_debugger (0.00s)
    --- PASS: TestCreateProcessDebugger/create_real_process_debugger_errors (0.00s)
    --- PASS: TestCreateProcessDebugger/create_real_process_debugger (0.00s)
PASS
ok  	github.com/TerraDharitri/drt-go-chain/debug/factory	(cached)
=== RUN   TestGoRoutinesAnalyser_NewGoRoutinesAnalyser
=== PAUSE TestGoRoutinesAnalyser_NewGoRoutinesAnalyser
=== RUN   TestGoRoutinesAnalyser_NewGoRoutinesAnalyserNilProcessorShouldErr
=== PAUSE TestGoRoutinesAnalyser_NewGoRoutinesAnalyserNilProcessorShouldErr
=== RUN   TestGoRoutinesAnalyser_DumpGoRoutinesToLogWithTypesRoutineCountOk
=== PAUSE TestGoRoutinesAnalyser_DumpGoRoutinesToLogWithTypesRoutineCountOk
=== RUN   TestNewGoRoutinesProcessor
=== PAUSE TestNewGoRoutinesProcessor
=== RUN   TestGoRoutinesProcessor_ProcessGoRoutineBufferWithNilBuffer
=== PAUSE TestGoRoutinesProcessor_ProcessGoRoutineBufferWithNilBuffer
=== RUN   TestGoRoutinesProcessor_ProcessGoRoutineBufferOkNew
=== PAUSE TestGoRoutinesProcessor_ProcessGoRoutineBufferOkNew
=== RUN   TestGoRoutinesProcessor_ProcessGoRoutineBufferOkOld
=== PAUSE TestGoRoutinesProcessor_ProcessGoRoutineBufferOkOld
=== CONT  TestGoRoutinesAnalyser_NewGoRoutinesAnalyser
--- PASS: TestGoRoutinesAnalyser_NewGoRoutinesAnalyser (0.00s)
=== CONT  TestNewGoRoutinesProcessor
--- PASS: TestNewGoRoutinesProcessor (0.00s)
=== CONT  TestGoRoutinesAnalyser_NewGoRoutinesAnalyserNilProcessorShouldErr
=== CONT  TestGoRoutinesProcessor_ProcessGoRoutineBufferWithNilBuffer
--- PASS: TestGoRoutinesAnalyser_NewGoRoutinesAnalyserNilProcessorShouldErr (0.00s)
=== CONT  TestGoRoutinesProcessor_ProcessGoRoutineBufferOkOld
=== CONT  TestGoRoutinesAnalyser_DumpGoRoutinesToLogWithTypesRoutineCountOk
--- PASS: TestGoRoutinesProcessor_ProcessGoRoutineBufferWithNilBuffer (0.00s)
--- PASS: TestGoRoutinesProcessor_ProcessGoRoutineBufferOkOld (0.00s)
=== CONT  TestGoRoutinesProcessor_ProcessGoRoutineBufferOkNew
--- PASS: TestGoRoutinesProcessor_ProcessGoRoutineBufferOkNew (0.00s)
--- PASS: TestGoRoutinesAnalyser_DumpGoRoutinesToLogWithTypesRoutineCountOk (0.00s)
PASS
ok  	github.com/TerraDharitri/drt-go-chain/debug/goroutine	(cached)
=== RUN   TestDisabledInterceptorResolver
=== PAUSE TestDisabledInterceptorResolver
=== RUN   TestNewInterceptorResolver_InvalidSizeShouldErr
=== PAUSE TestNewInterceptorResolver_InvalidSizeShouldErr
=== RUN   TestNewInterceptorResolver_InvalidIntervalShouldErr
=== PAUSE TestNewInterceptorResolver_InvalidIntervalShouldErr
=== RUN   TestNewInterceptorResolver_NumResolveFailureThresholdShouldErr
=== PAUSE TestNewInterceptorResolver_NumResolveFailureThresholdShouldErr
=== RUN   TestNewInterceptorResolver_NumRequestsThresholdShouldErr
=== PAUSE TestNewInterceptorResolver_NumRequestsThresholdShouldErr
=== RUN   TestNewInterceptorResolver_DebugLineExpirationShouldErr
=== PAUSE TestNewInterceptorResolver_DebugLineExpirationShouldErr
=== RUN   TestNewInterceptorResolver_ShouldWork
=== PAUSE TestNewInterceptorResolver_ShouldWork
=== RUN   TestNewInterceptorResolver_EnablePrintShouldWork
=== PAUSE TestNewInterceptorResolver_EnablePrintShouldWork
=== RUN   TestInterceptorResolver_LogRequestedDataWithFiveIdentifiersShouldWork
=== PAUSE TestInterceptorResolver_LogRequestedDataWithFiveIdentifiersShouldWork
=== RUN   TestInterceptorResolver_LogRequestedDataSameIdentifierShouldAddRequested
=== PAUSE TestInterceptorResolver_LogRequestedDataSameIdentifierShouldAddRequested
=== RUN   TestInterceptorResolver_LogProcessedHashesNotFoundShouldNotAdd
=== PAUSE TestInterceptorResolver_LogProcessedHashesNotFoundShouldNotAdd
=== RUN   TestInterceptorResolver_LogProcessedHashesExistingNoErrorShouldRemove
=== PAUSE TestInterceptorResolver_LogProcessedHashesExistingNoErrorShouldRemove
=== RUN   TestInterceptorResolver_LogProcessedHashesExistingWithErrorShouldIncrementProcessed
=== PAUSE TestInterceptorResolver_LogProcessedHashesExistingWithErrorShouldIncrementProcessed
=== RUN   TestInterceptorResolver_LogReceivedHashesNotFoundShouldNotAdd
=== PAUSE TestInterceptorResolver_LogReceivedHashesNotFoundShouldNotAdd
=== RUN   TestInterceptorResolver_LogReceivedHashesExistingShouldIncrementReceived
=== PAUSE TestInterceptorResolver_LogReceivedHashesExistingShouldIncrementReceived
=== RUN   TestInterceptorResolver_LogFailedToResolveDataShouldWork
=== PAUSE TestInterceptorResolver_LogFailedToResolveDataShouldWork
=== RUN   TestInterceptorResolver_LogFailedToResolveDataAndRequestedDataShouldWork
=== PAUSE TestInterceptorResolver_LogFailedToResolveDataAndRequestedDataShouldWork
=== RUN   TestInterceptorResolver_LogSucceededToResolveDataShouldWork
=== PAUSE TestInterceptorResolver_LogSucceededToResolveDataShouldWork
=== RUN   TestInterceptorResolver_Query
=== PAUSE TestInterceptorResolver_Query
=== RUN   TestInterceptorResolver_GetStringEventsShouldWork
=== PAUSE TestInterceptorResolver_GetStringEventsShouldWork
=== RUN   TestInterceptorResolver_NumPrintsShouldWork
    interceptorDebugHandler_test.go:397: this is not a short test
--- SKIP: TestInterceptorResolver_NumPrintsShouldWork (0.00s)
=== CONT  TestDisabledInterceptorResolver
--- PASS: TestDisabledInterceptorResolver (0.00s)
=== CONT  TestInterceptorResolver_LogRequestedDataSameIdentifierShouldAddRequested
=== CONT  TestInterceptorResolver_LogProcessedHashesNotFoundShouldNotAdd
=== CONT  TestInterceptorResolver_LogFailedToResolveDataShouldWork
[type: request, topic: topic, hash: 68617368, numReqIntra: 20, numReqCross: 18, numReceived: 0, numProcessed: 0, last err: , last query time: 1970-01-01 11:42:22.000 ]
--- PASS: TestInterceptorResolver_LogRequestedDataSameIdentifierShouldAddRequested (0.00s)
--- PASS: TestInterceptorResolver_LogProcessedHashesNotFoundShouldNotAdd (0.00s)
=== CONT  TestInterceptorResolver_LogReceivedHashesExistingShouldIncrementReceived
=== CONT  TestNewInterceptorResolver_InvalidSizeShouldErr
=== CONT  TestNewInterceptorResolver_InvalidIntervalShouldErr
--- PASS: TestInterceptorResolver_LogFailedToResolveDataShouldWork (0.00s)
--- PASS: TestNewInterceptorResolver_InvalidSizeShouldErr (0.00s)
=== CONT  TestInterceptorResolver_LogFailedToResolveDataAndRequestedDataShouldWork
=== CONT  TestInterceptorResolver_LogProcessedHashesExistingNoErrorShouldRemove
=== CONT  TestInterceptorResolver_LogRequestedDataWithFiveIdentifiersShouldWork
=== CONT  TestInterceptorResolver_GetStringEventsShouldWork
=== CONT  TestInterceptorResolver_LogSucceededToResolveDataShouldWork
--- PASS: TestNewInterceptorResolver_InvalidIntervalShouldErr (0.00s)
=== CONT  TestNewInterceptorResolver_EnablePrintShouldWork
--- PASS: TestInterceptorResolver_LogSucceededToResolveDataShouldWork (0.00s)
--- PASS: TestInterceptorResolver_GetStringEventsShouldWork (0.00s)
=== CONT  TestNewInterceptorResolver_ShouldWork
--- PASS: TestInterceptorResolver_LogProcessedHashesExistingNoErrorShouldRemove (0.00s)
--- PASS: TestNewInterceptorResolver_EnablePrintShouldWork (0.00s)
--- PASS: TestNewInterceptorResolver_ShouldWork (0.00s)
=== CONT  TestNewInterceptorResolver_NumRequestsThresholdShouldErr
[type: request, topic: topic, hash: 68617368, numReqIntra: 10, numReqCross: 9, numReceived: 0, numProcessed: 0, last err: , last query time: 2026-03-16 10:13:39.000  type: resolve, topic: topic, hash: 68617368, numReqIntra: 0, numReqCross: 0, numReceived: 1, numProcessed: 0, last err: , last query time: 2026-03-16 10:13:39.000 ]
--- PASS: TestInterceptorResolver_LogFailedToResolveDataAndRequestedDataShouldWork (0.00s)
=== CONT  TestInterceptorResolver_Query
type: request, topic: topic0, hash: 68617368, numReqIntra: 10, numReqCross: 9, numReceived: 0, numProcessed: 0, last err: , last query time: 1970-01-01 11:42:22.000 
type: request, topic: topic1, hash: 68617368, numReqIntra: 10, numReqCross: 9, numReceived: 0, numProcessed: 0, last err: , last query time: 1970-01-01 11:42:22.000 
type: request, topic: topic2, hash: 68617368, numReqIntra: 10, numReqCross: 9, numReceived: 0, numProcessed: 0, last err: , last query time: 1970-01-01 11:42:22.000 
type: request, topic: topic3, hash: 68617368, numReqIntra: 10, numReqCross: 9, numReceived: 0, numProcessed: 0, last err: , last query time: 1970-01-01 11:42:22.000 
type: request, topic: topic4, hash: 68617368, numReqIntra: 10, numReqCross: 9, numReceived: 0, numProcessed: 0, last err: , last query time: 1970-01-01 11:42:22.000 
--- PASS: TestNewInterceptorResolver_NumRequestsThresholdShouldErr (0.00s)
--- PASS: TestInterceptorResolver_LogReceivedHashesExistingShouldIncrementReceived (0.00s)
--- PASS: TestInterceptorResolver_LogRequestedDataWithFiveIdentifiersShouldWork (0.00s)
=== CONT  TestInterceptorResolver_LogProcessedHashesExistingWithErrorShouldIncrementProcessed
[type: request, topic: topic, hash: 68617368, numReqIntra: 10, numReqCross: 9, numReceived: 0, numProcessed: 1, last err: expected err, last query time: 1970-01-01 11:42:22.000 ]
=== CONT  TestInterceptorResolver_LogReceivedHashesNotFoundShouldNotAdd
=== CONT  TestNewInterceptorResolver_NumResolveFailureThresholdShouldErr
=== CONT  TestNewInterceptorResolver_DebugLineExpirationShouldErr
--- PASS: TestInterceptorResolver_Query (0.00s)
--- PASS: TestInterceptorResolver_LogProcessedHashesExistingWithErrorShouldIncrementProcessed (0.00s)
--- PASS: TestInterceptorResolver_LogReceivedHashesNotFoundShouldNotAdd (0.00s)
--- PASS: TestNewInterceptorResolver_NumResolveFailureThresholdShouldErr (0.00s)
--- PASS: TestNewInterceptorResolver_DebugLineExpirationShouldErr (0.00s)
PASS
ok  	github.com/TerraDharitri/drt-go-chain/debug/handler	(cached)
=== RUN   TestNewP2PDebugger
=== PAUSE TestNewP2PDebugger
=== RUN   TestP2pDebugger_AddIncomingMessageShouldNotProcessWillNotAdd
=== PAUSE TestP2pDebugger_AddIncomingMessageShouldNotProcessWillNotAdd
=== RUN   TestP2pDebugger_AddIncomingMessage
=== PAUSE TestP2pDebugger_AddIncomingMessage
=== RUN   TestP2pDebugger_AddOutgoingMessageShouldNotProcessWillNotAdd
=== PAUSE TestP2pDebugger_AddOutgoingMessageShouldNotProcessWillNotAdd
=== RUN   TestP2pDebugger_AddOutgoingMessage
=== PAUSE TestP2pDebugger_AddOutgoingMessage
=== RUN   TestP2pDebugger_continuouslyPrintStatisticsShouldNotPrint
=== PAUSE TestP2pDebugger_continuouslyPrintStatisticsShouldNotPrint
=== RUN   TestP2pDebugger_continuouslyPrintStatisticsShouldPrint
=== PAUSE TestP2pDebugger_continuouslyPrintStatisticsShouldPrint
=== RUN   TestP2pDebugger_continuouslyPrintStatisticsCloseShouldStop
=== PAUSE TestP2pDebugger_continuouslyPrintStatisticsCloseShouldStop
=== RUN   TestP2pDebugger_statsToString
=== PAUSE TestP2pDebugger_statsToString
=== CONT  TestNewP2PDebugger
--- PASS: TestNewP2PDebugger (0.00s)
=== CONT  TestP2pDebugger_continuouslyPrintStatisticsShouldNotPrint
=== CONT  TestP2pDebugger_AddOutgoingMessage
--- PASS: TestP2pDebugger_AddOutgoingMessage (0.00s)
=== CONT  TestP2pDebugger_AddIncomingMessage
=== CONT  TestP2pDebugger_continuouslyPrintStatisticsShouldPrint
=== CONT  TestP2pDebugger_AddOutgoingMessageShouldNotProcessWillNotAdd
--- PASS: TestP2pDebugger_AddIncomingMessage (0.00s)
--- PASS: TestP2pDebugger_AddOutgoingMessageShouldNotProcessWillNotAdd (0.00s)
=== CONT  TestP2pDebugger_continuouslyPrintStatisticsCloseShouldStop
=== CONT  TestP2pDebugger_statsToString
=== CONT  TestP2pDebugger_AddIncomingMessageShouldNotProcessWillNotAdd
--- PASS: TestP2pDebugger_AddIncomingMessageShouldNotProcessWillNotAdd (0.00s)
--- PASS: TestP2pDebugger_statsToString (0.00s)
--- PASS: TestP2pDebugger_continuouslyPrintStatisticsShouldNotPrint (3.00s)
--- PASS: TestP2pDebugger_continuouslyPrintStatisticsShouldPrint (3.10s)
--- PASS: TestP2pDebugger_continuouslyPrintStatisticsCloseShouldStop (6.20s)
PASS
ok  	github.com/TerraDharitri/drt-go-chain/debug/p2p	(cached)
=== RUN   TestNewProcessDebugger
=== PAUSE TestNewProcessDebugger
=== RUN   TestDebugger_ProcessLoopAndClose
=== PAUSE TestDebugger_ProcessLoopAndClose
=== RUN   TestNewDisabledDebugger
=== PAUSE TestNewDisabledDebugger
=== RUN   TestDisabledDebugger_MethodsShouldNotPanic
=== PAUSE TestDisabledDebugger_MethodsShouldNotPanic
=== RUN   TestExportUserAccountState
=== PAUSE TestExportUserAccountState
=== RUN   TestComputePrefix
=== PAUSE TestComputePrefix
=== CONT  TestNewProcessDebugger
=== RUN   TestNewProcessDebugger/invalid_PollingTimeInSeconds
=== PAUSE TestNewProcessDebugger/invalid_PollingTimeInSeconds
=== RUN   TestNewProcessDebugger/should_work
=== PAUSE TestNewProcessDebugger/should_work
=== CONT  TestNewProcessDebugger/invalid_PollingTimeInSeconds
=== CONT  TestDisabledDebugger_MethodsShouldNotPanic
=== CONT  TestDebugger_ProcessLoopAndClose
=== CONT  TestExportUserAccountState
=== RUN   TestDebugger_ProcessLoopAndClose/node_is_starting,_go_routines_dump_active,_should_not_trigger
=== PAUSE TestDebugger_ProcessLoopAndClose/node_is_starting,_go_routines_dump_active,_should_not_trigger
=== RUN   TestDebugger_ProcessLoopAndClose/node_is_syncing,_go_routines_dump_active,_should_not_trigger
=== PAUSE TestDebugger_ProcessLoopAndClose/node_is_syncing,_go_routines_dump_active,_should_not_trigger
=== RUN   TestDebugger_ProcessLoopAndClose/node_is_running,_go_routines_dump_active,_should_not_trigger
=== PAUSE TestDebugger_ProcessLoopAndClose/node_is_running,_go_routines_dump_active,_should_not_trigger
=== RUN   TestDebugger_ProcessLoopAndClose/node_is_stuck,_go_routines_dump_active,_should_trigger
=== PAUSE TestDebugger_ProcessLoopAndClose/node_is_stuck,_go_routines_dump_active,_should_trigger
=== RUN   TestDebugger_ProcessLoopAndClose/node_is_stuck,_go_routines_dump_inactive,_should_trigger
=== PAUSE TestDebugger_ProcessLoopAndClose/node_is_stuck,_go_routines_dump_inactive,_should_trigger
=== CONT  TestDebugger_ProcessLoopAndClose/node_is_starting,_go_routines_dump_active,_should_not_trigger
=== CONT  TestNewProcessDebugger/should_work
=== CONT  TestDebugger_ProcessLoopAndClose/node_is_running,_go_routines_dump_active,_should_not_trigger
=== CONT  TestDebugger_ProcessLoopAndClose/node_is_stuck,_go_routines_dump_inactive,_should_trigger
=== CONT  TestDebugger_ProcessLoopAndClose/node_is_syncing,_go_routines_dump_active,_should_not_trigger
=== CONT  TestDebugger_ProcessLoopAndClose/node_is_stuck,_go_routines_dump_active,_should_trigger
=== CONT  TestComputePrefix
=== CONT  TestNewDisabledDebugger
--- PASS: TestDisabledDebugger_MethodsShouldNotPanic (0.00s)
--- PASS: TestNewProcessDebugger (0.00s)
    --- PASS: TestNewProcessDebugger/invalid_PollingTimeInSeconds (0.00s)
    --- PASS: TestNewProcessDebugger/should_work (0.00s)
--- PASS: TestComputePrefix (0.00s)
--- PASS: TestNewDisabledDebugger (0.00s)
=== RUN   TestExportUserAccountState/check_fetched_data
=== RUN   TestExportUserAccountState/test_files_are_produced
[0;32mINFO [0m[2026-03-16 10:13:39.251]   ExportUserAccountState.exportCode        [0;32mcontract data[0m = 9 B 
[0;32mINFO [0m[2026-03-16 10:13:39.251]   ExportUserAccountState.exportData        [0;32mnum (key,values)[0m = 100 
--- PASS: TestExportUserAccountState (0.00s)
    --- PASS: TestExportUserAccountState/check_fetched_data (0.00s)
    --- PASS: TestExportUserAccountState/test_files_are_produced (0.00s)
[0;33mWARN [0m[2026-03-16 10:13:41.250]   processDebugger: node is stuck           [0;33mlast committed round[0m = 223 
[0;33mWARN [0m[2026-03-16 10:13:41.250]   processDebugger: node is stuck           [0;33mlast committed round[0m = 223 
[0;33mWARN [0m[2026-03-16 10:13:42.251]   processDebugger: node is stuck           [0;33mlast committed round[0m = 223 
[0;33mWARN [0m[2026-03-16 10:13:42.251]   processDebugger: node is stuck           [0;33mlast committed round[0m = 223 
--- PASS: TestDebugger_ProcessLoopAndClose (0.00s)
    --- PASS: TestDebugger_ProcessLoopAndClose/node_is_syncing,_go_routines_dump_active,_should_not_trigger (4.50s)
    --- PASS: TestDebugger_ProcessLoopAndClose/node_is_stuck,_go_routines_dump_active,_should_trigger (6.50s)
    --- PASS: TestDebugger_ProcessLoopAndClose/node_is_running,_go_routines_dump_active,_should_not_trigger (6.50s)
    --- PASS: TestDebugger_ProcessLoopAndClose/node_is_stuck,_go_routines_dump_inactive,_should_trigger (6.50s)
    --- PASS: TestDebugger_ProcessLoopAndClose/node_is_starting,_go_routines_dump_active,_should_not_trigger (9.50s)
PASS
ok  	github.com/TerraDharitri/drt-go-chain/debug/process	(cached)
=== RUN   TestSaveMiniBlocksFromComponents
--- PASS: TestSaveMiniBlocksFromComponents (0.00s)
=== RUN   TestNewEpochStartMetaBlockProcessor_NilMessengerShouldErr
=== PAUSE TestNewEpochStartMetaBlockProcessor_NilMessengerShouldErr
=== RUN   TestNewEpochStartMetaBlockProcessor_NilRequestHandlerShouldErr
=== PAUSE TestNewEpochStartMetaBlockProcessor_NilRequestHandlerShouldErr
=== RUN   TestNewEpochStartMetaBlockProcessor_NilMarshalizerShouldErr
=== PAUSE TestNewEpochStartMetaBlockProcessor_NilMarshalizerShouldErr
=== RUN   TestNewEpochStartMetaBlockProcessor_NilHasherShouldErr
=== PAUSE TestNewEpochStartMetaBlockProcessor_NilHasherShouldErr
=== RUN   TestNewEpochStartMetaBlockProcessor_InvalidConsensusPercentageShouldErr
=== PAUSE TestNewEpochStartMetaBlockProcessor_InvalidConsensusPercentageShouldErr
=== RUN   TestNewEpochStartMetaBlockProcessorOkValsShouldWork
=== PAUSE TestNewEpochStartMetaBlockProcessorOkValsShouldWork
=== RUN   TestNewEpochStartMetaBlockProcessorOkValsShouldWorkAfterMoreTriesWaitingForConnectedPeers
=== PAUSE TestNewEpochStartMetaBlockProcessorOkValsShouldWorkAfterMoreTriesWaitingForConnectedPeers
=== RUN   TestEpochStartMetaBlockProcessor_Validate
=== PAUSE TestEpochStartMetaBlockProcessor_Validate
=== RUN   TestEpochStartMetaBlockProcessor_SaveNilInterceptedDataShouldNotReturnError
=== PAUSE TestEpochStartMetaBlockProcessor_SaveNilInterceptedDataShouldNotReturnError
=== RUN   TestEpochStartMetaBlockProcessor_SaveOkInterceptedDataShouldWork
=== PAUSE TestEpochStartMetaBlockProcessor_SaveOkInterceptedDataShouldWork
=== RUN   TestEpochStartMetaBlockProcessor_GetEpochStartMetaBlockShouldTimeOut
=== PAUSE TestEpochStartMetaBlockProcessor_GetEpochStartMetaBlockShouldTimeOut
=== RUN   TestEpochStartMetaBlockProcessor_GetEpochStartMetaBlockShouldReturnMostReceivedAfterTimeOut
=== PAUSE TestEpochStartMetaBlockProcessor_GetEpochStartMetaBlockShouldReturnMostReceivedAfterTimeOut
=== RUN   TestEpochStartMetaBlockProcessor_GetEpochStartMetaBlockShouldWorkFromFirstTry
=== PAUSE TestEpochStartMetaBlockProcessor_GetEpochStartMetaBlockShouldWorkFromFirstTry
=== RUN   TestEpochStartMetaBlockProcessor_GetEpochStartMetaBlock_BeforeAndromeda
=== PAUSE TestEpochStartMetaBlockProcessor_GetEpochStartMetaBlock_BeforeAndromeda
=== RUN   TestEpochStartMetaBlockProcessor_GetEpochStartMetaBlock_AfterAndromeda
=== PAUSE TestEpochStartMetaBlockProcessor_GetEpochStartMetaBlock_AfterAndromeda
=== RUN   TestPrepareEpochFromStorage
--- PASS: TestPrepareEpochFromStorage (0.00s)
=== RUN   TestGetEpochStartMetaFromStorage
--- PASS: TestGetEpochStartMetaFromStorage (0.00s)
=== RUN   TestGetLastBootstrapData
--- PASS: TestGetLastBootstrapData (0.00s)
=== RUN   TestCheckIfShuffledOut_ValidatorIsInWaitingList
--- PASS: TestCheckIfShuffledOut_ValidatorIsInWaitingList (0.00s)
=== RUN   TestCheckIfShuffledOut_ValidatorIsInEligibleList
--- PASS: TestCheckIfShuffledOut_ValidatorIsInEligibleList (0.00s)
=== RUN   TestCheckIfShuffledOut_ValidatorIsShuffledToEligibleList
--- PASS: TestCheckIfShuffledOut_ValidatorIsShuffledToEligibleList (0.00s)
=== RUN   TestCheckIfShuffledOut_ValidatorNotInEligibleOrWaiting
--- PASS: TestCheckIfShuffledOut_ValidatorNotInEligibleOrWaiting (0.00s)
=== RUN   TestNewMetaStorageHandler_InvalidConfigErr
--- PASS: TestNewMetaStorageHandler_InvalidConfigErr (0.00s)
=== RUN   TestNewMetaStorageHandler_CreateForMetaErr
--- PASS: TestNewMetaStorageHandler_CreateForMetaErr (0.00s)
=== RUN   TestMetaStorageHandler_saveLastHeader
--- PASS: TestMetaStorageHandler_saveLastHeader (0.00s)
=== RUN   TestMetaStorageHandler_saveLastCrossNotarizedHeaders
--- PASS: TestMetaStorageHandler_saveLastCrossNotarizedHeaders (0.00s)
=== RUN   TestMetaStorageHandler_saveTriggerRegistry
--- PASS: TestMetaStorageHandler_saveTriggerRegistry (0.00s)
=== RUN   TestMetaStorageHandler_saveDataToStorage
--- PASS: TestMetaStorageHandler_saveDataToStorage (0.00s)
=== RUN   TestMetaStorageHandler_SaveDataToStorageMissingStorer
=== PAUSE TestMetaStorageHandler_SaveDataToStorageMissingStorer
=== RUN   TestNewEpochStartBootstrap_NilArgsChecks
=== PAUSE TestNewEpochStartBootstrap_NilArgsChecks
=== RUN   TestNewEpochStartBootstrap
=== PAUSE TestNewEpochStartBootstrap
=== RUN   TestEpochStartBootstrap_Boostrap
=== PAUSE TestEpochStartBootstrap_Boostrap
=== RUN   TestIsStartInEpochZero
=== PAUSE TestIsStartInEpochZero
=== RUN   TestEpochStartBootstrap_BootstrapStartInEpochNotEnabled
[0;33mWARN [0m[2026-03-16 10:13:40.242]   fast bootstrap is disabled               
--- PASS: TestEpochStartBootstrap_BootstrapStartInEpochNotEnabled (0.00s)
=== RUN   TestEpochStartBootstrap_BootstrapShouldStartBootstrapProcess
--- PASS: TestEpochStartBootstrap_BootstrapShouldStartBootstrapProcess (1.00s)
=== RUN   TestPrepareForEpochZero
--- PASS: TestPrepareForEpochZero (0.00s)
=== RUN   TestPrepareForEpochZero_NodeInGenesisShouldNotAlterShardID
--- PASS: TestPrepareForEpochZero_NodeInGenesisShouldNotAlterShardID (0.00s)
=== RUN   TestPrepareForEpochZero_NodeNotInGenesisShouldAlterShardID
--- PASS: TestPrepareForEpochZero_NodeNotInGenesisShouldAlterShardID (0.00s)
=== RUN   TestCreateSyncers
--- PASS: TestCreateSyncers (0.00s)
=== RUN   TestSyncHeadersFrom_MockHeadersSyncerShouldSyncHeaders
--- PASS: TestSyncHeadersFrom_MockHeadersSyncerShouldSyncHeaders (0.00s)
=== RUN   TestSyncValidatorAccountsState_NilRequestHandlerErr
--- PASS: TestSyncValidatorAccountsState_NilRequestHandlerErr (0.00s)
=== RUN   TestCreateTriesForNewShardID
--- PASS: TestCreateTriesForNewShardID (0.00s)
=== RUN   TestSyncUserAccountsState
--- PASS: TestSyncUserAccountsState (0.00s)
=== RUN   TestRequestAndProcessForShard_ShouldFail
=== RUN   TestRequestAndProcessForShard_ShouldFail/find_self_shard_epoch_start_data_not_found
=== PAUSE TestRequestAndProcessForShard_ShouldFail/find_self_shard_epoch_start_data_not_found
=== RUN   TestRequestAndProcessForShard_ShouldFail/fail_to_sync_pending_miniblocks
=== PAUSE TestRequestAndProcessForShard_ShouldFail/fail_to_sync_pending_miniblocks
=== RUN   TestRequestAndProcessForShard_ShouldFail/fail_to_get_pending_miniblocks
=== PAUSE TestRequestAndProcessForShard_ShouldFail/fail_to_get_pending_miniblocks
=== RUN   TestRequestAndProcessForShard_ShouldFail/fail_to_sync_missing_headers
=== PAUSE TestRequestAndProcessForShard_ShouldFail/fail_to_sync_missing_headers
=== RUN   TestRequestAndProcessForShard_ShouldFail/fail_to_get_needed_headers
=== PAUSE TestRequestAndProcessForShard_ShouldFail/fail_to_get_needed_headers
=== RUN   TestRequestAndProcessForShard_ShouldFail/fail_to_get_data_to_sync
=== PAUSE TestRequestAndProcessForShard_ShouldFail/fail_to_get_data_to_sync
=== RUN   TestRequestAndProcessForShard_ShouldFail/fail_to_create_user_accounts_syncer
=== PAUSE TestRequestAndProcessForShard_ShouldFail/fail_to_create_user_accounts_syncer
=== RUN   TestRequestAndProcessForShard_ShouldFail/fail_to_save_data_to_storage
=== PAUSE TestRequestAndProcessForShard_ShouldFail/fail_to_save_data_to_storage
=== CONT  TestRequestAndProcessForShard_ShouldFail/find_self_shard_epoch_start_data_not_found
=== CONT  TestRequestAndProcessForShard_ShouldFail/fail_to_get_needed_headers
=== CONT  TestRequestAndProcessForShard_ShouldFail/fail_to_get_data_to_sync
=== CONT  TestRequestAndProcessForShard_ShouldFail/fail_to_sync_pending_miniblocks
=== CONT  TestRequestAndProcessForShard_ShouldFail/fail_to_get_pending_miniblocks
=== CONT  TestRequestAndProcessForShard_ShouldFail/fail_to_save_data_to_storage
=== CONT  TestRequestAndProcessForShard_ShouldFail/fail_to_sync_missing_headers
=== CONT  TestRequestAndProcessForShard_ShouldFail/fail_to_create_user_accounts_syncer
--- PASS: TestRequestAndProcessForShard_ShouldFail (0.00s)
    --- PASS: TestRequestAndProcessForShard_ShouldFail/find_self_shard_epoch_start_data_not_found (0.00s)
    --- PASS: TestRequestAndProcessForShard_ShouldFail/fail_to_get_needed_headers (0.00s)
    --- PASS: TestRequestAndProcessForShard_ShouldFail/fail_to_sync_pending_miniblocks (0.00s)
    --- PASS: TestRequestAndProcessForShard_ShouldFail/fail_to_get_data_to_sync (0.00s)
    --- PASS: TestRequestAndProcessForShard_ShouldFail/fail_to_get_pending_miniblocks (0.00s)
    --- PASS: TestRequestAndProcessForShard_ShouldFail/fail_to_sync_missing_headers (0.00s)
    --- PASS: TestRequestAndProcessForShard_ShouldFail/fail_to_create_user_accounts_syncer (0.00s)
    --- PASS: TestRequestAndProcessForShard_ShouldFail/fail_to_save_data_to_storage (0.00s)
=== RUN   TestRequestAndProcessForMeta_ShouldFail
=== RUN   TestRequestAndProcessForMeta_ShouldFail/fail_to_create_storage_handler_component
[0;32mINFO [0m[2026-03-16 10:13:41.244]   finished trie sync                       [0;32mname[0m = user accounts for shard 0 [0;32mtime elapsed[0m = 0s [0;32mnum processed[0m = 0 [0;32mnum large nodes[0m = 0 [0;32mnum missing[0m = 0 [0;32mstate data size[0m = 0 B [0;32mtotal iterations[0m = 0 [0;32mtotal CPU time[0m = 1s [0;32mpeak processing speed[0m = 0 B/s [0;32maverage processing speed[0m = N/A 
=== PAUSE TestRequestAndProcessForMeta_ShouldFail/fail_to_create_storage_handler_component
=== RUN   TestRequestAndProcessForMeta_ShouldFail/fail_to_create_validators_accounts_syncer
=== PAUSE TestRequestAndProcessForMeta_ShouldFail/fail_to_create_validators_accounts_syncer
=== RUN   TestRequestAndProcessForMeta_ShouldFail/fail_to_sync_user_accounts_state
=== PAUSE TestRequestAndProcessForMeta_ShouldFail/fail_to_sync_user_accounts_state
=== CONT  TestRequestAndProcessForMeta_ShouldFail/fail_to_create_storage_handler_component
=== CONT  TestRequestAndProcessForMeta_ShouldFail/fail_to_sync_user_accounts_state
=== CONT  TestRequestAndProcessForMeta_ShouldFail/fail_to_create_validators_accounts_syncer
[0;32mINFO [0m[2026-03-16 10:13:41.245]   finished trie sync                       [0;32mname[0m = peer accounts [0;32mtime elapsed[0m = 0s [0;32mnum processed[0m = 0 [0;32mnum large nodes[0m = 0 [0;32mnum missing[0m = 0 [0;32mstate data size[0m = 0 B [0;32mtotal iterations[0m = 0 [0;32mtotal CPU time[0m = 0s [0;32mpeak processing speed[0m = 0 B/s [0;32maverage processing speed[0m = N/A 
[0;32mINFO [0m[2026-03-16 10:13:41.245]   finished trie sync                       [0;32mname[0m = user accounts for shard 0 [0;32mtime elapsed[0m = 0s [0;32mnum processed[0m = 0 [0;32mnum large nodes[0m = 0 [0;32mnum missing[0m = 0 [0;32mstate data size[0m = 0 B [0;32mtotal iterations[0m = 0 [0;32mtotal CPU time[0m = 1s [0;32mpeak processing speed[0m = 0 B/s [0;32maverage processing speed[0m = N/A 
--- PASS: TestRequestAndProcessForMeta_ShouldFail (0.00s)
    --- PASS: TestRequestAndProcessForMeta_ShouldFail/fail_to_create_storage_handler_component (0.00s)
    --- PASS: TestRequestAndProcessForMeta_ShouldFail/fail_to_sync_user_accounts_state (0.00s)
    --- PASS: TestRequestAndProcessForMeta_ShouldFail/fail_to_create_validators_accounts_syncer (0.00s)
=== RUN   TestPrepareComponentsToSyncFromNetwork
=== PAUSE TestPrepareComponentsToSyncFromNetwork
=== RUN   TestRequestAndProcessing
=== RUN   TestRequestAndProcessing/fail_to_sync_headers_from_epoch_start
=== PAUSE TestRequestAndProcessing/fail_to_sync_headers_from_epoch_start
=== RUN   TestRequestAndProcessing/fail_with_wrong_type_assertion_on_epoch_start_meta
=== PAUSE TestRequestAndProcessing/fail_with_wrong_type_assertion_on_epoch_start_meta
=== RUN   TestRequestAndProcessing/fail_to_get_public_key_bytes
=== PAUSE TestRequestAndProcessing/fail_to_get_public_key_bytes
=== RUN   TestRequestAndProcessing/failed_to_set_shard_coordinator,_wrong_number_of_shards
=== PAUSE TestRequestAndProcessing/failed_to_set_shard_coordinator,_wrong_number_of_shards
=== RUN   TestRequestAndProcessing/failed_to_create_main_messenger_topic
=== PAUSE TestRequestAndProcessing/failed_to_create_main_messenger_topic
=== RUN   TestRequestAndProcessing/request_and_process_for_shard_fail,_invalid_num_active_persisters
[0;32mINFO [0m[2026-03-16 10:13:41.245]   new nodes config is set for epoch        [0;32mepoch[0m = 0 
=== RUN   TestRequestAndProcessing/request_and_process_for_meta_fail,_invalid_num_active_persisters
[0;32mINFO [0m[2026-03-16 10:13:41.245]   new nodes config is set for epoch        [0;32mepoch[0m = 0 
=== RUN   TestRequestAndProcessing/should_work_for_shard
=== PAUSE TestRequestAndProcessing/should_work_for_shard
=== RUN   TestRequestAndProcessing/should_work_for_meta
=== PAUSE TestRequestAndProcessing/should_work_for_meta
=== CONT  TestRequestAndProcessing/fail_to_sync_headers_from_epoch_start
=== CONT  TestRequestAndProcessing/failed_to_create_main_messenger_topic
=== CONT  TestRequestAndProcessing/should_work_for_meta
=== CONT  TestRequestAndProcessing/failed_to_set_shard_coordinator,_wrong_number_of_shards
=== CONT  TestRequestAndProcessing/fail_to_get_public_key_bytes
=== CONT  TestRequestAndProcessing/should_work_for_shard
=== CONT  TestRequestAndProcessing/fail_with_wrong_type_assertion_on_epoch_start_meta
[0;32mINFO [0m[2026-03-16 10:13:41.245]   new nodes config is set for epoch        [0;32mepoch[0m = 0 
[0;32mINFO [0m[2026-03-16 10:13:41.245]   new nodes config is set for epoch        [0;32mepoch[0m = 0 
[0;32mINFO [0m[2026-03-16 10:13:41.245]   new nodes config is set for epoch        [0;32mepoch[0m = 0 
[0;32mINFO [0m[2026-03-16 10:13:41.245]   new nodes config is set for epoch        [0;32mepoch[0m = 0 
[0;32mINFO [0m[2026-03-16 10:13:41.246]   finished trie sync                       [0;32mname[0m = peer accounts [0;32mtime elapsed[0m = 0s [0;32mnum processed[0m = 0 [0;32mnum large nodes[0m = 0 [0;32mnum missing[0m = 0 [0;32mstate data size[0m = 0 B [0;32mtotal iterations[0m = 0 [0;32mtotal CPU time[0m = 0s [0;32mpeak processing speed[0m = 0 B/s [0;32maverage processing speed[0m = N/A 
[0;32mINFO [0m[2026-03-16 10:13:41.246]   finished trie sync                       [0;32mname[0m = user accounts for shard 0 [0;32mtime elapsed[0m = 0s [0;32mnum processed[0m = 0 [0;32mnum large nodes[0m = 0 [0;32mnum missing[0m = 0 [0;32mstate data size[0m = 0 B [0;32mtotal iterations[0m = 0 [0;32mtotal CPU time[0m = 1s [0;32mpeak processing speed[0m = 0 B/s [0;32maverage processing speed[0m = N/A 
[0;32mINFO [0m[2026-03-16 10:13:41.246]   saved bootstrap data to storage          [0;32mround[0m = 0 
--- PASS: TestRequestAndProcessing (0.00s)
    --- PASS: TestRequestAndProcessing/request_and_process_for_shard_fail,_invalid_num_active_persisters (0.00s)
    --- PASS: TestRequestAndProcessing/request_and_process_for_meta_fail,_invalid_num_active_persisters (0.00s)
    --- PASS: TestRequestAndProcessing/fail_to_sync_headers_from_epoch_start (0.00s)
    --- PASS: TestRequestAndProcessing/fail_to_get_public_key_bytes (0.00s)
    --- PASS: TestRequestAndProcessing/failed_to_set_shard_coordinator,_wrong_number_of_shards (0.00s)
    --- PASS: TestRequestAndProcessing/fail_with_wrong_type_assertion_on_epoch_start_meta (0.00s)
    --- PASS: TestRequestAndProcessing/failed_to_create_main_messenger_topic (0.00s)
    --- PASS: TestRequestAndProcessing/should_work_for_meta (0.00s)
    --- PASS: TestRequestAndProcessing/should_work_for_shard (0.00s)
=== RUN   TestEpochStartBootstrap_WithDisabledShardIDAsObserver
[0;32mINFO [0m[2026-03-16 10:13:41.246]   finished trie sync                       [0;32mname[0m = user accounts for shard metachain [0;32mtime elapsed[0m = 0s [0;32mnum processed[0m = 0 [0;32mnum large nodes[0m = 0 [0;32mnum missing[0m = 0 [0;32mstate data size[0m = 0 B [0;32mtotal iterations[0m = 0 [0;32mtotal CPU time[0m = 1s [0;32mpeak processing speed[0m = 0 B/s [0;32maverage processing speed[0m = N/A 
=== PAUSE TestEpochStartBootstrap_WithDisabledShardIDAsObserver
=== RUN   TestEpochStartBootstrap_updateDataForScheduledNoScheduledRootHash_UpdateSyncDataIfNeededWithError
=== PAUSE TestEpochStartBootstrap_updateDataForScheduledNoScheduledRootHash_UpdateSyncDataIfNeededWithError
=== RUN   TestEpochStartBootstrap_updateDataForScheduled_ScheduledTxExecutionCreationWithErr
=== PAUSE TestEpochStartBootstrap_updateDataForScheduled_ScheduledTxExecutionCreationWithErr
=== RUN   TestEpochStartBootstrap_updateDataForScheduled_ScheduledSyncerCreateWithError
=== PAUSE TestEpochStartBootstrap_updateDataForScheduled_ScheduledSyncerCreateWithError
=== RUN   TestEpochStartBootstrap_updateDataForScheduled
=== PAUSE TestEpochStartBootstrap_updateDataForScheduled
=== RUN   TestEpochStartBootstrap_getDataToSyncErrorOpeningDB
=== PAUSE TestEpochStartBootstrap_getDataToSyncErrorOpeningDB
=== RUN   TestEpochStartBootstrap_getDataToSyncErrorUpdatingDataForScheduled
=== PAUSE TestEpochStartBootstrap_getDataToSyncErrorUpdatingDataForScheduled
=== RUN   TestEpochStartBootstrap_getDataToSyncWithSCRStorageCloseErr
=== PAUSE TestEpochStartBootstrap_getDataToSyncWithSCRStorageCloseErr
=== RUN   TestEpochStartBootstrap_ComputeAllPendingMiniblocks
=== PAUSE TestEpochStartBootstrap_ComputeAllPendingMiniblocks
=== RUN   TestEpochStartBootstrap_Close
=== PAUSE TestEpochStartBootstrap_Close
=== RUN   TestSyncSetGuardianTransaction
--- PASS: TestSyncSetGuardianTransaction (1.00s)
=== RUN   TestNewScheduledDataSyncerFactory
--- PASS: TestNewScheduledDataSyncerFactory (0.00s)
=== RUN   TestScheduledDataSyncerFactory_CreateNilScheduledTxsHandler
--- PASS: TestScheduledDataSyncerFactory_CreateNilScheduledTxsHandler (0.00s)
=== RUN   TestScheduledDataSyncerFactory_CreateNilHeadersSyncer
--- PASS: TestScheduledDataSyncerFactory_CreateNilHeadersSyncer (0.00s)
=== RUN   TestScheduledDataSyncerFactory_CreateNilMiniBlocksSyncer
--- PASS: TestScheduledDataSyncerFactory_CreateNilMiniBlocksSyncer (0.00s)
=== RUN   TestScheduledDataSyncerFactory_CreateNilTxSyncer
--- PASS: TestScheduledDataSyncerFactory_CreateNilTxSyncer (0.00s)
=== RUN   TestScheduledDataSyncerFactory_Create
--- PASS: TestScheduledDataSyncerFactory_Create (0.00s)
=== RUN   TestScheduledDataSyncerFactory_IsInterfaceNil
--- PASS: TestScheduledDataSyncerFactory_IsInterfaceNil (0.00s)
=== RUN   TestNewShardStorageHandler_ShouldWork
--- PASS: TestNewShardStorageHandler_ShouldWork (0.00s)
=== RUN   TestShardStorageHandler_SaveDataToStorageShardDataNotFound
--- PASS: TestShardStorageHandler_SaveDataToStorageShardDataNotFound (0.00s)
=== RUN   TestShardStorageHandler_SaveDataToStorageMissingHeader
--- PASS: TestShardStorageHandler_SaveDataToStorageMissingHeader (0.00s)
=== RUN   TestShardStorageHandler_SaveDataToStorageMissingStorer
=== PAUSE TestShardStorageHandler_SaveDataToStorageMissingStorer
=== RUN   TestShardStorageHandler_SaveDataToStorage
[0;32mINFO [0m[2026-03-16 10:13:42.249]   saved bootstrap data to storage          [0;32mround[0m = 0 
--- PASS: TestShardStorageHandler_SaveDataToStorage (0.00s)
=== RUN   Test_getMiniBlockHeadersForDest
=== PAUSE Test_getMiniBlockHeadersForDest
=== RUN   TestShardStorageHandler_getCrossProcessedMiniBlockHeadersDestMe
--- PASS: TestShardStorageHandler_getCrossProcessedMiniBlockHeadersDestMe (0.00s)
=== RUN   TestShardStorageHandler_getProcessedAndPendingMiniBlocksWithScheduledErrorGettingProcessedAndPendingMbs
=== PAUSE TestShardStorageHandler_getProcessedAndPendingMiniBlocksWithScheduledErrorGettingProcessedAndPendingMbs
=== RUN   TestShardStorageHandler_getProcessedAndPendingMiniBlocksWithScheduledNoScheduled
=== PAUSE TestShardStorageHandler_getProcessedAndPendingMiniBlocksWithScheduledNoScheduled
=== RUN   TestShardStorageHandler_getProcessedAndPendingMiniBlocksWithScheduledWrongHeaderType
=== PAUSE TestShardStorageHandler_getProcessedAndPendingMiniBlocksWithScheduledWrongHeaderType
=== RUN   TestShardStorageHandler_getProcessedAndPendingMiniBlocksWithScheduled
=== PAUSE TestShardStorageHandler_getProcessedAndPendingMiniBlocksWithScheduled
=== RUN   Test_addMiniBlockToPendingListNoPreviousEntryForShard
=== PAUSE Test_addMiniBlockToPendingListNoPreviousEntryForShard
=== RUN   Test_addMiniBlockToPendingListWithPreviousEntryForShard
=== PAUSE Test_addMiniBlockToPendingListWithPreviousEntryForShard
=== RUN   Test_addMiniBlocksToPending
=== PAUSE Test_addMiniBlocksToPending
=== RUN   TestShardStorageHandler_getProcessedAndPendingMiniBlocksErrorGettingEpochStartShardData
=== PAUSE TestShardStorageHandler_getProcessedAndPendingMiniBlocksErrorGettingEpochStartShardData
=== RUN   TestShardStorageHandler_getProcessedAndPendingMiniBlocksMissingHeader
=== PAUSE TestShardStorageHandler_getProcessedAndPendingMiniBlocksMissingHeader
=== RUN   TestShardStorageHandler_getProcessedAndPendingMiniBlocksWrongHeader
=== PAUSE TestShardStorageHandler_getProcessedAndPendingMiniBlocksWrongHeader
=== RUN   TestShardStorageHandler_getProcessedAndPendingMiniBlocksNilMetaBlock
=== PAUSE TestShardStorageHandler_getProcessedAndPendingMiniBlocksNilMetaBlock
=== RUN   TestShardStorageHandler_getProcessedAndPendingMiniBlocksNoProcessedNoPendingMbs
=== PAUSE TestShardStorageHandler_getProcessedAndPendingMiniBlocksNoProcessedNoPendingMbs
=== RUN   TestShardStorageHandler_getProcessedAndPendingMiniBlocksWithProcessedAndPendingMbs
=== PAUSE TestShardStorageHandler_getProcessedAndPendingMiniBlocksWithProcessedAndPendingMbs
=== RUN   TestShardStorageHandler_saveLastCrossNotarizedHeadersWithoutScheduledGetShardHeaderErr
=== PAUSE TestShardStorageHandler_saveLastCrossNotarizedHeadersWithoutScheduledGetShardHeaderErr
=== RUN   TestShardStorageHandler_saveLastCrossNotarizedHeadersWithoutScheduledMissingLastCrossMetaHdrHash
=== PAUSE TestShardStorageHandler_saveLastCrossNotarizedHeadersWithoutScheduledMissingLastCrossMetaHdrHash
=== RUN   TestShardStorageHandler_saveLastCrossNotarizedHeadersWithoutScheduledWrongTypeAssertion
=== PAUSE TestShardStorageHandler_saveLastCrossNotarizedHeadersWithoutScheduledWrongTypeAssertion
=== RUN   TestShardStorageHandler_saveLastCrossNotarizedHeadersWithoutScheduledErrorWritingToStorage
=== PAUSE TestShardStorageHandler_saveLastCrossNotarizedHeadersWithoutScheduledErrorWritingToStorage
=== RUN   TestShardStorageHandler_saveLastCrossNotarizedHeadersWithoutScheduled
=== PAUSE TestShardStorageHandler_saveLastCrossNotarizedHeadersWithoutScheduled
=== RUN   TestShardStorageHandler_saveLastCrossNotarizedHeadersWithScheduledErrorUpdatingLastCrossMetaHeaders
=== PAUSE TestShardStorageHandler_saveLastCrossNotarizedHeadersWithScheduledErrorUpdatingLastCrossMetaHeaders
=== RUN   TestShardStorageHandler_saveLastCrossNotarizedHeadersWithScheduled
=== PAUSE TestShardStorageHandler_saveLastCrossNotarizedHeadersWithScheduled
=== RUN   Test_updateLastCrossMetaHdrHashIfNeededGetShardHeaderErr
=== PAUSE Test_updateLastCrossMetaHdrHashIfNeededGetShardHeaderErr
=== RUN   Test_updateLastCrossMetaHdrHashIfNeededNoFinalizedMetaHashesInShardHeader
=== PAUSE Test_updateLastCrossMetaHdrHashIfNeededNoFinalizedMetaHashesInShardHeader
=== RUN   Test_updateLastCrossMetaHdrHashIfNeededMissingOneReferencedMetaHeader
=== PAUSE Test_updateLastCrossMetaHdrHashIfNeededMissingOneReferencedMetaHeader
=== RUN   Test_updateLastCrossMetaHdrHashIfNeeded
=== PAUSE Test_updateLastCrossMetaHdrHashIfNeeded
=== RUN   Test_getShardHeaderAndMetaHashesHeaderNotFound
=== PAUSE Test_getShardHeaderAndMetaHashesHeaderNotFound
=== RUN   Test_getShardHeaderAndMetaHashesWrongHeaderType
=== PAUSE Test_getShardHeaderAndMetaHashesWrongHeaderType
=== RUN   Test_getShardHeaderAndMetaHashes
=== PAUSE Test_getShardHeaderAndMetaHashes
=== RUN   Test_updatePendingMiniBlocksForScheduled
=== PAUSE Test_updatePendingMiniBlocksForScheduled
=== RUN   Test_getProcessedMiniBlocksForFinishedMeta
=== PAUSE Test_getProcessedMiniBlocksForFinishedMeta
=== RUN   Test_updateProcessedMiniBlocksForScheduled
=== PAUSE Test_updateProcessedMiniBlocksForScheduled
=== RUN   Test_getPendingMiniBlocksHashes
--- PASS: Test_getPendingMiniBlocksHashes (0.00s)
=== RUN   Test_getProcessedMiniBlockHashesForMetaBlockHash
=== PAUSE Test_getProcessedMiniBlockHashesForMetaBlockHash
=== RUN   Test_getProcessedMiniBlockHashesForMetaBlockHashMissingHeaderShouldErr
--- PASS: Test_getProcessedMiniBlockHashesForMetaBlockHashMissingHeaderShouldErr (0.00s)
=== RUN   Test_getProcessedMiniBlockHashesForMetaBlockHashInvalidHeaderShouldErr
--- PASS: Test_getProcessedMiniBlockHashesForMetaBlockHashInvalidHeaderShouldErr (0.00s)
=== RUN   Test_removeHash
--- PASS: Test_removeHash (0.00s)
=== RUN   Test_removeHashes
--- PASS: Test_removeHashes (0.00s)
=== RUN   Test_getNeededMetaBlock
=== PAUSE Test_getNeededMetaBlock
=== RUN   Test_getProcessedMiniBlocks
=== PAUSE Test_getProcessedMiniBlocks
=== RUN   Test_setMiniBlocksInfoWithPendingMiniBlocks
=== PAUSE Test_setMiniBlocksInfoWithPendingMiniBlocks
=== RUN   Test_newStartInEpochShardHeaderDataSyncerWithScheduledNilScheduledTxHandler
=== PAUSE Test_newStartInEpochShardHeaderDataSyncerWithScheduledNilScheduledTxHandler
=== RUN   Test_newStartInEpochShardHeaderDataSyncerWithScheduledNilHeadersSyncer
=== PAUSE Test_newStartInEpochShardHeaderDataSyncerWithScheduledNilHeadersSyncer
=== RUN   Test_newStartInEpochShardHeaderDataSyncerWithScheduledNilMiniBlocksSyncer
=== PAUSE Test_newStartInEpochShardHeaderDataSyncerWithScheduledNilMiniBlocksSyncer
=== RUN   Test_newStartInEpochShardHeaderDataSyncerWithScheduledNilTxSyncer
=== PAUSE Test_newStartInEpochShardHeaderDataSyncerWithScheduledNilTxSyncer
=== RUN   Test_newStartInEpochShardHeaderDataSyncerWithScheduled
=== PAUSE Test_newStartInEpochShardHeaderDataSyncerWithScheduled
=== RUN   TestStartInEpochWithScheduledDataSyncer_UpdateSyncDataIfNeededScheduledNotEnabled
=== PAUSE TestStartInEpochWithScheduledDataSyncer_UpdateSyncDataIfNeededScheduledNotEnabled
=== RUN   TestStartInEpochWithScheduledDataSyncer_UpdateSyncDataIfNeededGetRequiredHeadersWithError
=== PAUSE TestStartInEpochWithScheduledDataSyncer_UpdateSyncDataIfNeededGetRequiredHeadersWithError
=== RUN   TestStartInEpochWithScheduledDataSyncer_UpdateSyncDataIfNeededGetMiniBlocksWithError
=== PAUSE TestStartInEpochWithScheduledDataSyncer_UpdateSyncDataIfNeededGetMiniBlocksWithError
=== RUN   TestStartInEpochWithScheduledDataSyncer_UpdateSyncDataIfNeededGetMiniBlocksSyncedMiniblocksShouldBeReturned
=== PAUSE TestStartInEpochWithScheduledDataSyncer_UpdateSyncDataIfNeededGetMiniBlocksSyncedMiniblocksShouldBeReturned
=== RUN   TestStartInEpochWithScheduledDataSyncer_UpdateSyncDataIfNeededScheduledEnabled
=== PAUSE TestStartInEpochWithScheduledDataSyncer_UpdateSyncDataIfNeededScheduledEnabled
=== RUN   TestStartInEpochWithScheduledDataSyncer_getRequiredHeaderByHash
--- PASS: TestStartInEpochWithScheduledDataSyncer_getRequiredHeaderByHash (0.00s)
=== RUN   TestStartInEpochWithScheduledDataSyncer_syncHeadersShouldErrOnFailureToSync
=== PAUSE TestStartInEpochWithScheduledDataSyncer_syncHeadersShouldErrOnFailureToSync
=== RUN   TestStartInEpochWithScheduledDataSyncer_syncHeaders
=== PAUSE TestStartInEpochWithScheduledDataSyncer_syncHeaders
=== RUN   TestStartInEpochWithScheduledDataSyncer_getMiniBlocks
--- PASS: TestStartInEpochWithScheduledDataSyncer_getMiniBlocks (0.00s)
=== RUN   TestStartInEpochWithScheduledDataSyncer_getRequiredMiniBlocksByMbHeaderWithSyncPendingMbsError
=== PAUSE TestStartInEpochWithScheduledDataSyncer_getRequiredMiniBlocksByMbHeaderWithSyncPendingMbsError
=== RUN   TestStartInEpochWithScheduledDataSyncer_getRequiredMiniBlocksByMbHeader
=== PAUSE TestStartInEpochWithScheduledDataSyncer_getRequiredMiniBlocksByMbHeader
=== RUN   TestStartInEpochWithScheduledDataSyncer_GetRootHashToSyncNoScheduled
=== PAUSE TestStartInEpochWithScheduledDataSyncer_GetRootHashToSyncNoScheduled
=== RUN   TestStartInEpochWithScheduledDataSyncer_GetRootHashToSyncWithScheduled
=== PAUSE TestStartInEpochWithScheduledDataSyncer_GetRootHashToSyncWithScheduled
=== RUN   TestStartInEpochWithScheduledDataSyncer_prepareScheduledSCRs
--- PASS: TestStartInEpochWithScheduledDataSyncer_prepareScheduledSCRs (0.00s)
=== RUN   TestStartInEpochWithScheduledDataSyncer_filterScheduledIntermediateTxs
=== PAUSE TestStartInEpochWithScheduledDataSyncer_filterScheduledIntermediateTxs
=== RUN   TestStartInEpochWithScheduledDataSyncer_getScheduledIntermediateTxsMap
--- PASS: TestStartInEpochWithScheduledDataSyncer_getScheduledIntermediateTxsMap (0.00s)
=== RUN   TestStartInEpochWithScheduledDataSyncer_saveScheduledInfoNoScheduledRootHash
=== PAUSE TestStartInEpochWithScheduledDataSyncer_saveScheduledInfoNoScheduledRootHash
=== RUN   TestStartInEpochWithScheduledDataSyncer_saveScheduledInfo
=== PAUSE TestStartInEpochWithScheduledDataSyncer_saveScheduledInfo
=== RUN   TestStartInEpochWithScheduledDataSyncer_getAllTransactionsForMiniBlocksWithSyncErrorShouldErr
=== PAUSE TestStartInEpochWithScheduledDataSyncer_getAllTransactionsForMiniBlocksWithSyncErrorShouldErr
=== RUN   TestStartInEpochWithScheduledDataSyncer_getAllTransactionsForMiniBlocks
=== PAUSE TestStartInEpochWithScheduledDataSyncer_getAllTransactionsForMiniBlocks
=== RUN   TestStartInEpochWithScheduledDataSyncer_getScheduledMiniBlockHeaders
--- PASS: TestStartInEpochWithScheduledDataSyncer_getScheduledMiniBlockHeaders (0.00s)
=== RUN   TestStartInEpochWithScheduledDataSyncer_getScheduledTransactionHashesWithDestMe
[0;33mWARN [0m[2026-03-16 10:13:42.250]   startInEpochWithScheduledDataSyncer.getMiniBlockAndProcessedIndexes: mini block was not found [0;33mmb hash[0m = 686173684d6233 
--- PASS: TestStartInEpochWithScheduledDataSyncer_getScheduledTransactionHashesWithDestMe (0.00s)
=== RUN   Test_getShardIDAndHashesForIncludedMetaBlocks
--- PASS: Test_getShardIDAndHashesForIncludedMetaBlocks (0.00s)
=== RUN   Test_getPreviousToFirstReferencedMetaHeaderHashNoMetaBlocksReturnsNil
--- PASS: Test_getPreviousToFirstReferencedMetaHeaderHashNoMetaBlocksReturnsNil (0.00s)
=== RUN   Test_getPreviousToFirstReferencedMetaHeaderHashFirstReferencedMetaNotInMap
[0;31mERROR[0m[2026-03-16 10:13:42.250]   getPreviousToFirstReferencedMetaHeaderHash [0;31mhash[0m = 6d65746148617368 [0;31merror[0m = missing header 
--- PASS: Test_getPreviousToFirstReferencedMetaHeaderHashFirstReferencedMetaNotInMap (0.00s)
=== RUN   Test_getPreviousToFirstReferencedMetaHeaderHashFirstReferencedMetaInvalid
[0;31mERROR[0m[2026-03-16 10:13:42.250]   getPreviousToFirstReferencedMetaHeaderHash [0;31mhash[0m = 6d65746148617368 [0;31merror[0m = wrong type assertion 
--- PASS: Test_getPreviousToFirstReferencedMetaHeaderHashFirstReferencedMetaInvalid (0.00s)
=== RUN   Test_getPreviousToFirstReferencedMetaHeaderHashOK
--- PASS: Test_getPreviousToFirstReferencedMetaHeaderHashOK (0.00s)
=== RUN   TestGetBlockTypeOfTx
=== PAUSE TestGetBlockTypeOfTx
=== RUN   TestGetScheduledMiniBlocks
=== PAUSE TestGetScheduledMiniBlocks
=== RUN   TestNumScheduledIntermediateTxs
=== PAUSE TestNumScheduledIntermediateTxs
=== RUN   Test_isScheduledIntermediateTx
=== PAUSE Test_isScheduledIntermediateTx
=== RUN   Test_getMiniBlockAndProcessedIndexes
=== PAUSE Test_getMiniBlockAndProcessedIndexes
=== RUN   Test_createScheduledTxsForShardMap
=== PAUSE Test_createScheduledTxsForShardMap
=== RUN   Test_getNumScheduledIntermediateTxs
=== PAUSE Test_getNumScheduledIntermediateTxs
=== RUN   TestNewStorageEpochStartMetaBlockProcessor_InvalidArgumentsShouldErr
=== PAUSE TestNewStorageEpochStartMetaBlockProcessor_InvalidArgumentsShouldErr
=== RUN   TestNewStorageEpochStartMetaBlockProcessor_ShouldWork
=== PAUSE TestNewStorageEpochStartMetaBlockProcessor_ShouldWork
=== RUN   TestStorageEpochStartMetaBlockProcessor_Validate
=== PAUSE TestStorageEpochStartMetaBlockProcessor_Validate
=== RUN   TestStorageEpochStartMetaBlockProcessor_RegisterHandlerShouldNotPanic
=== PAUSE TestStorageEpochStartMetaBlockProcessor_RegisterHandlerShouldNotPanic
=== RUN   TestStorageEpochStartMetaBlockProcessor_SaveNilData
=== PAUSE TestStorageEpochStartMetaBlockProcessor_SaveNilData
=== RUN   TestStorageEpochStartMetaBlockProcessor_SaveNotAHeader
=== PAUSE TestStorageEpochStartMetaBlockProcessor_SaveNotAHeader
=== RUN   TestStorageEpochStartMetaBlockProcessor_SaveNotAnEpochStartBlock
=== PAUSE TestStorageEpochStartMetaBlockProcessor_SaveNotAnEpochStartBlock
=== RUN   TestStorageEpochStartMetaBlockProcessor_SaveShouldWork
=== PAUSE TestStorageEpochStartMetaBlockProcessor_SaveShouldWork
=== RUN   TestStorageEpochStartMetaBlockProcessor_GetEpochStartMetaBlockShouldRequestRepeatedly
=== PAUSE TestStorageEpochStartMetaBlockProcessor_GetEpochStartMetaBlockShouldRequestRepeatedly
=== RUN   TestStorageEpochStartMetaBlockProcessor_GetEpochStartMetaBlockContextDoneShouldReturnImmediately
=== PAUSE TestStorageEpochStartMetaBlockProcessor_GetEpochStartMetaBlockContextDoneShouldReturnImmediately
=== RUN   TestNewStorageEpochStartBootstrap_InvalidArgumentsShouldErr
=== PAUSE TestNewStorageEpochStartBootstrap_InvalidArgumentsShouldErr
=== RUN   TestNewStorageEpochStartBootstrap_ShouldWork
=== PAUSE TestNewStorageEpochStartBootstrap_ShouldWork
=== RUN   TestStorageEpochStartBootstrap_BootstrapStartInEpochNotEnabled
[0;33mWARN [0m[2026-03-16 10:13:42.251]   fast bootstrap is disabled               
--- PASS: TestStorageEpochStartBootstrap_BootstrapStartInEpochNotEnabled (0.00s)
=== RUN   TestStorageEpochStartBootstrap_BootstrapFromGenesis
--- PASS: TestStorageEpochStartBootstrap_BootstrapFromGenesis (0.00s)
=== RUN   TestStorageEpochStartBootstrap_BootstrapMetablockNotFound
[0;32mINFO [0m[2026-03-16 10:13:42.251]   manualEpochStartNotifier.NewEpoch        [0;32mepoch[0m = 1 
--- PASS: TestStorageEpochStartBootstrap_BootstrapMetablockNotFound (1.00s)
=== RUN   TestStorageEpochStartBootstrap_requestAndProcessFromStorage
=== PAUSE TestStorageEpochStartBootstrap_requestAndProcessFromStorage
=== RUN   TestStorageEpochStartBootstrap_syncHeadersFromStorage
=== PAUSE TestStorageEpochStartBootstrap_syncHeadersFromStorage
=== RUN   TestStorageEpochStartBootstrap_processNodesConfig
=== PAUSE TestStorageEpochStartBootstrap_processNodesConfig
=== RUN   TestStorageEpochStartBootstrap_applyCurrentShardIDOnMiniblocksCopy
=== PAUSE TestStorageEpochStartBootstrap_applyCurrentShardIDOnMiniblocksCopy
=== RUN   TestNewEpochStartMetaSyncer_NilsShouldError
=== PAUSE TestNewEpochStartMetaSyncer_NilsShouldError
=== RUN   TestNewEpochStartMetaSyncer_ShouldWork
=== PAUSE TestNewEpochStartMetaSyncer_ShouldWork
=== RUN   TestEpochStartMetaSyncer_SyncEpochStartMetaRegisterMessengerProcessorFailsShouldErr
=== PAUSE TestEpochStartMetaSyncer_SyncEpochStartMetaRegisterMessengerProcessorFailsShouldErr
=== RUN   TestEpochStartMetaSyncer_SyncEpochStartMetaProcessorFailsShouldErr
=== PAUSE TestEpochStartMetaSyncer_SyncEpochStartMetaProcessorFailsShouldErr
=== RUN   TestEpochStartMetaSyncer_SyncEpochStartMetaShouldWork
=== PAUSE TestEpochStartMetaSyncer_SyncEpochStartMetaShouldWork
=== RUN   TestNewSyncValidatorStatus_ShouldWork
=== PAUSE TestNewSyncValidatorStatus_ShouldWork
=== RUN   TestSyncValidatorStatus_NodesConfigFromMetaBlock
=== PAUSE TestSyncValidatorStatus_NodesConfigFromMetaBlock
=== RUN   TestSyncValidatorStatus_processValidatorChangesFor
=== PAUSE TestSyncValidatorStatus_processValidatorChangesFor
=== RUN   TestSyncValidatorStatus_findPeerMiniBlockHeaders
=== PAUSE TestSyncValidatorStatus_findPeerMiniBlockHeaders
=== RUN   TestSyncValidatorStatus_getPeerBlockBodyForMeta
=== PAUSE TestSyncValidatorStatus_getPeerBlockBodyForMeta
=== CONT  Test_getMiniBlockAndProcessedIndexes
=== CONT  Test_isScheduledIntermediateTx
=== CONT  TestNumScheduledIntermediateTxs
--- PASS: TestNumScheduledIntermediateTxs (0.00s)
=== CONT  TestGetScheduledMiniBlocks
[0;33mWARN [0m[2026-03-16 10:13:43.253]   startInEpochWithScheduledDataSyncer.getMiniBlockAndProcessedIndexes: mini block was not found [0;33mmb hash[0m = 68617368 
=== CONT  TestNewStorageEpochStartBootstrap_ShouldWork
--- PASS: TestGetScheduledMiniBlocks (0.00s)
[0;33mWARN [0m[2026-03-16 10:13:43.253]   startInEpochWithScheduledDataSyncer.getMiniBlockAndProcessedIndexes: wrong first/last index [0;33mmb hash[0m = 68617368 [0;33mindex of first tx processed[0m = 3 [0;33mindex of last tx processed[0m = 2 [0;33mnum txs[0m = 0 
=== CONT  TestStorageEpochStartMetaBlockProcessor_SaveNilData
=== CONT  TestGetBlockTypeOfTx
=== RUN   TestGetBlockTypeOfTx/tx_not_found_in_miniBlocks,_get_default_block_type
=== CONT  TestStartInEpochWithScheduledDataSyncer_getAllTransactionsForMiniBlocks
=== PAUSE TestGetBlockTypeOfTx/tx_not_found_in_miniBlocks,_get_default_block_type
=== RUN   TestGetBlockTypeOfTx/should_work
=== PAUSE TestGetBlockTypeOfTx/should_work
=== CONT  TestNewStorageEpochStartBootstrap_InvalidArgumentsShouldErr
=== CONT  TestSyncValidatorStatus_getPeerBlockBodyForMeta
=== CONT  TestEpochStartMetaSyncer_SyncEpochStartMetaProcessorFailsShouldErr
=== CONT  TestStartInEpochWithScheduledDataSyncer_GetRootHashToSyncNoScheduled
=== CONT  TestSyncValidatorStatus_findPeerMiniBlockHeaders
=== CONT  TestStartInEpochWithScheduledDataSyncer_getAllTransactionsForMiniBlocksWithSyncErrorShouldErr
=== CONT  TestSyncValidatorStatus_processValidatorChangesFor
=== CONT  TestSyncValidatorStatus_NodesConfigFromMetaBlock
=== CONT  TestNewSyncValidatorStatus_ShouldWork
=== CONT  TestEpochStartMetaSyncer_SyncEpochStartMetaShouldWork
=== CONT  TestStorageEpochStartMetaBlockProcessor_GetEpochStartMetaBlockContextDoneShouldReturnImmediately
=== CONT  TestStartInEpochWithScheduledDataSyncer_getRequiredMiniBlocksByMbHeader
=== CONT  TestStartInEpochWithScheduledDataSyncer_saveScheduledInfo
=== CONT  TestNewStorageEpochStartMetaBlockProcessor_InvalidArgumentsShouldErr
=== CONT  TestStorageEpochStartMetaBlockProcessor_RegisterHandlerShouldNotPanic
[0;31mERROR[0m[2026-03-16 10:13:43.253]   storageEpochStartMetaBlockProcessor.RegisterHandler not implemented 
=== CONT  TestStartInEpochWithScheduledDataSyncer_getRequiredMiniBlocksByMbHeaderWithSyncPendingMbsError
=== CONT  TestStorageEpochStartMetaBlockProcessor_Validate
=== CONT  TestStartInEpochWithScheduledDataSyncer_syncHeaders
=== CONT  TestStorageEpochStartMetaBlockProcessor_GetEpochStartMetaBlockShouldRequestRepeatedly
=== CONT  TestNewStorageEpochStartMetaBlockProcessor_ShouldWork
=== CONT  TestStartInEpochWithScheduledDataSyncer_syncHeadersShouldErrOnFailureToSync
=== CONT  Test_addMiniBlocksToPending
=== CONT  TestStartInEpochWithScheduledDataSyncer_saveScheduledInfoNoScheduledRootHash
=== CONT  Test_getNumScheduledIntermediateTxs
=== CONT  TestStorageEpochStartMetaBlockProcessor_SaveShouldWork
=== CONT  TestStartInEpochWithScheduledDataSyncer_UpdateSyncDataIfNeededScheduledEnabled
=== CONT  Test_createScheduledTxsForShardMap
=== CONT  Test_addMiniBlockToPendingListWithPreviousEntryForShard
=== CONT  TestStorageEpochStartMetaBlockProcessor_SaveNotAnEpochStartBlock
[0;32mINFO [0m[2026-03-16 10:13:43.253]   new nodes config is set for epoch        [0;32mepoch[0m = 0 
=== CONT  TestStartInEpochWithScheduledDataSyncer_UpdateSyncDataIfNeededGetMiniBlocksSyncedMiniblocksShouldBeReturned
[0;33mWARN [0m[2026-03-16 10:13:43.253]   received metablock is not of type epoch start [0;33merror[0m = not epoch start block 
[0;33mWARN [0m[2026-03-16 10:13:43.253]   startInEpochWithScheduledDataSyncer.createScheduledTxsForShardMap: index out of bound [0;33mmb hash[0m = 6d6248617368 [0;33mindex[0m = 1 [0;33mnum txs[0m = 0 
=== CONT  Test_addMiniBlockToPendingListNoPreviousEntryForShard
[0;31mERROR[0m[2026-03-16 10:13:43.253]   getPreviousToFirstReferencedMetaHeaderHash [0;31mhash[0m = 6d657461426c6f636b48617368 [0;31merror[0m = missing header 
=== CONT  TestStartInEpochWithScheduledDataSyncer_UpdateSyncDataIfNeededGetMiniBlocksWithError
=== CONT  TestShardStorageHandler_getProcessedAndPendingMiniBlocksWithScheduled
=== CONT  TestStartInEpochWithScheduledDataSyncer_UpdateSyncDataIfNeededGetRequiredHeadersWithError
[0;32mINFO [0m[2026-03-16 10:13:43.253]   new nodes config is set for epoch        [0;32mepoch[0m = 0 
=== CONT  TestStartInEpochWithScheduledDataSyncer_UpdateSyncDataIfNeededScheduledNotEnabled
=== CONT  Test_newStartInEpochShardHeaderDataSyncerWithScheduled
[0;32mINFO [0m[2026-03-16 10:13:43.253]   new nodes config is set for epoch        [0;32mepoch[0m = 0 
[0;32mINFO [0m[2026-03-16 10:13:43.253]   new nodes config is set for epoch        [0;32mepoch[0m = 0 
[0;31mERROR[0m[2026-03-16 10:13:43.253]   getPreviousToFirstReferencedMetaHeaderHash [0;31mhash[0m = 6d657461426c6f636b48617368 [0;31merror[0m = missing header 
=== CONT  Test_newStartInEpochShardHeaderDataSyncerWithScheduledNilTxSyncer
=== CONT  Test_newStartInEpochShardHeaderDataSyncerWithScheduledNilScheduledTxHandler
=== CONT  TestShardStorageHandler_getProcessedAndPendingMiniBlocksWithScheduledWrongHeaderType
=== CONT  TestShardStorageHandler_SaveDataToStorageMissingStorer
=== RUN   TestShardStorageHandler_SaveDataToStorageMissingStorer/missing_BootstrapUnit
=== PAUSE TestShardStorageHandler_SaveDataToStorageMissingStorer/missing_BootstrapUnit
=== RUN   TestShardStorageHandler_SaveDataToStorageMissingStorer/missing_BlockHeaderUnit
=== PAUSE TestShardStorageHandler_SaveDataToStorageMissingStorer/missing_BlockHeaderUnit
=== RUN   TestShardStorageHandler_SaveDataToStorageMissingStorer/missing_ShardHdrNonceHashDataUnit
=== CONT  TestShardStorageHandler_getProcessedAndPendingMiniBlocksWithScheduledNoScheduled
=== PAUSE TestShardStorageHandler_SaveDataToStorageMissingStorer/missing_ShardHdrNonceHashDataUnit
=== RUN   TestShardStorageHandler_SaveDataToStorageMissingStorer/missing_MetaBlockUnit
=== PAUSE TestShardStorageHandler_SaveDataToStorageMissingStorer/missing_MetaBlockUnit
--- PASS: Test_getMiniBlockAndProcessedIndexes (0.00s)
=== RUN   TestShardStorageHandler_SaveDataToStorageMissingStorer/missing_BootstrapUnit#01
--- PASS: TestStorageEpochStartMetaBlockProcessor_SaveNilData (0.00s)
--- PASS: TestStartInEpochWithScheduledDataSyncer_getAllTransactionsForMiniBlocks (0.00s)
--- PASS: TestNewStorageEpochStartBootstrap_ShouldWork (0.00s)
--- PASS: TestStartInEpochWithScheduledDataSyncer_GetRootHashToSyncNoScheduled (0.00s)
--- PASS: TestEpochStartMetaSyncer_SyncEpochStartMetaProcessorFailsShouldErr (0.00s)
=== PAUSE TestShardStorageHandler_SaveDataToStorageMissingStorer/missing_BootstrapUnit#01
--- PASS: TestStartInEpochWithScheduledDataSyncer_getAllTransactionsForMiniBlocksWithSyncErrorShouldErr (0.00s)
--- PASS: TestSyncValidatorStatus_findPeerMiniBlockHeaders (0.00s)
=== RUN   TestShardStorageHandler_SaveDataToStorageMissingStorer/missing_MetaBlockUnit#01
=== CONT  TestNewEpochStartMetaBlockProcessor_NilMessengerShouldErr
=== PAUSE TestShardStorageHandler_SaveDataToStorageMissingStorer/missing_MetaBlockUnit#01
=== RUN   TestShardStorageHandler_SaveDataToStorageMissingStorer/missing_BootstrapUnit#02
=== PAUSE TestShardStorageHandler_SaveDataToStorageMissingStorer/missing_BootstrapUnit#02
--- PASS: TestNewStorageEpochStartBootstrap_InvalidArgumentsShouldErr (0.00s)
--- PASS: TestEpochStartMetaSyncer_SyncEpochStartMetaShouldWork (0.00s)
--- PASS: TestStartInEpochWithScheduledDataSyncer_getRequiredMiniBlocksByMbHeader (0.00s)
--- PASS: TestNewStorageEpochStartMetaBlockProcessor_InvalidArgumentsShouldErr (0.00s)
--- PASS: TestStorageEpochStartMetaBlockProcessor_RegisterHandlerShouldNotPanic (0.00s)
--- PASS: TestStartInEpochWithScheduledDataSyncer_getRequiredMiniBlocksByMbHeaderWithSyncPendingMbsError (0.00s)
--- PASS: TestStorageEpochStartMetaBlockProcessor_Validate (0.00s)
--- PASS: TestStartInEpochWithScheduledDataSyncer_syncHeaders (0.00s)
--- PASS: TestNewStorageEpochStartMetaBlockProcessor_ShouldWork (0.00s)
--- PASS: TestStartInEpochWithScheduledDataSyncer_saveScheduledInfo (0.00s)
--- PASS: TestStartInEpochWithScheduledDataSyncer_syncHeadersShouldErrOnFailureToSync (0.00s)
--- PASS: Test_addMiniBlocksToPending (0.00s)
=== CONT  Test_getNeededMetaBlock
=== CONT  Test_getProcessedMiniBlocks
=== CONT  TestMetaStorageHandler_SaveDataToStorageMissingStorer
--- PASS: TestStartInEpochWithScheduledDataSyncer_saveScheduledInfoNoScheduledRootHash (0.00s)
--- PASS: TestStorageEpochStartMetaBlockProcessor_SaveShouldWork (0.00s)
=== RUN   TestMetaStorageHandler_SaveDataToStorageMissingStorer/missing_BootstrapUnit
--- PASS: Test_addMiniBlockToPendingListWithPreviousEntryForShard (0.00s)
--- PASS: TestStorageEpochStartMetaBlockProcessor_SaveNotAnEpochStartBlock (0.00s)
--- PASS: Test_createScheduledTxsForShardMap (0.00s)
--- PASS: TestSyncValidatorStatus_getPeerBlockBodyForMeta (0.00s)
--- PASS: Test_getNumScheduledIntermediateTxs (0.00s)
--- PASS: Test_addMiniBlockToPendingListNoPreviousEntryForShard (0.00s)
--- PASS: TestStartInEpochWithScheduledDataSyncer_UpdateSyncDataIfNeededGetMiniBlocksSyncedMiniblocksShouldBeReturned (0.00s)
--- PASS: TestStartInEpochWithScheduledDataSyncer_UpdateSyncDataIfNeededScheduledNotEnabled (0.00s)
--- PASS: TestSyncValidatorStatus_processValidatorChangesFor (0.00s)
--- PASS: TestStartInEpochWithScheduledDataSyncer_UpdateSyncDataIfNeededGetMiniBlocksWithError (0.00s)
--- PASS: Test_newStartInEpochShardHeaderDataSyncerWithScheduled (0.00s)
--- PASS: TestNewSyncValidatorStatus_ShouldWork (0.00s)
--- PASS: TestStartInEpochWithScheduledDataSyncer_UpdateSyncDataIfNeededGetRequiredHeadersWithError (0.00s)
=== CONT  TestStartInEpochWithScheduledDataSyncer_filterScheduledIntermediateTxs
--- PASS: TestSyncValidatorStatus_NodesConfigFromMetaBlock (0.00s)
--- PASS: TestStartInEpochWithScheduledDataSyncer_UpdateSyncDataIfNeededScheduledEnabled (0.00s)
--- PASS: Test_newStartInEpochShardHeaderDataSyncerWithScheduledNilScheduledTxHandler (0.00s)
--- PASS: Test_newStartInEpochShardHeaderDataSyncerWithScheduledNilTxSyncer (0.00s)
--- PASS: TestNewEpochStartMetaBlockProcessor_NilMessengerShouldErr (0.00s)
=== CONT  Test_newStartInEpochShardHeaderDataSyncerWithScheduledNilMiniBlocksSyncer
[0;33mWARN [0m[2026-03-16 10:13:43.254]   getBlockTypeOfTx: tx not found in mini blocks [0;33mtx hash[0m = 7363686564756c6564205343522031 
[0;33mWARN [0m[2026-03-16 10:13:43.254]   getBlockTypeOfTx: tx not found in mini blocks [0;33mtx hash[0m = 7363686564756c6564205343522032 
--- PASS: TestStartInEpochWithScheduledDataSyncer_filterScheduledIntermediateTxs (0.00s)
=== CONT  Test_updateProcessedMiniBlocksForScheduled
--- PASS: Test_updateProcessedMiniBlocksForScheduled (0.00s)
=== CONT  TestEpochStartMetaBlockProcessor_GetEpochStartMetaBlock_AfterAndromeda
=== CONT  Test_getProcessedMiniBlocksForFinishedMeta
=== CONT  Test_newStartInEpochShardHeaderDataSyncerWithScheduledNilHeadersSyncer
=== CONT  TestEpochStartMetaBlockProcessor_GetEpochStartMetaBlock_BeforeAndromeda
--- PASS: Test_newStartInEpochShardHeaderDataSyncerWithScheduledNilMiniBlocksSyncer (0.00s)
--- PASS: Test_getNeededMetaBlock (0.00s)
--- PASS: Test_getProcessedMiniBlocks (0.00s)
--- PASS: Test_getProcessedMiniBlocksForFinishedMeta (0.00s)
--- PASS: Test_newStartInEpochShardHeaderDataSyncerWithScheduledNilHeadersSyncer (0.00s)
=== CONT  TestEpochStartMetaBlockProcessor_GetEpochStartMetaBlockShouldWorkFromFirstTry
--- PASS: TestShardStorageHandler_getProcessedAndPendingMiniBlocksWithScheduled (0.00s)
=== CONT  Test_setMiniBlocksInfoWithPendingMiniBlocks
--- PASS: TestShardStorageHandler_getProcessedAndPendingMiniBlocksWithScheduledNoScheduled (0.00s)
=== RUN   Test_setMiniBlocksInfoWithPendingMiniBlocks/set_mini_blocks_info_with_pending_mini_blocks,_having_reserved_field_nil
=== CONT  Test_getShardHeaderAndMetaHashes
--- PASS: TestShardStorageHandler_getProcessedAndPendingMiniBlocksWithScheduledWrongHeaderType (0.00s)
=== CONT  TestStorageEpochStartMetaBlockProcessor_SaveNotAHeader
=== PAUSE Test_setMiniBlocksInfoWithPendingMiniBlocks/set_mini_blocks_info_with_pending_mini_blocks,_having_reserved_field_nil
=== CONT  Test_getShardHeaderAndMetaHashesWrongHeaderType
=== RUN   Test_setMiniBlocksInfoWithPendingMiniBlocks/set_mini_blocks_info_with_pending_mini_blocks,_having_index_of_last_tx_processed_set_before_first_tx
=== CONT  TestEpochStartMetaBlockProcessor_GetEpochStartMetaBlockShouldTimeOut
=== PAUSE Test_setMiniBlocksInfoWithPendingMiniBlocks/set_mini_blocks_info_with_pending_mini_blocks,_having_index_of_last_tx_processed_set_before_first_tx
[0;33mWARN [0m[2026-03-16 10:13:43.254]   saving epoch start meta block error      [0;33merror[0m = wrong type assertion 
=== RUN   Test_isScheduledIntermediateTx/executed_in_self_shard_-_scheduled
=== RUN   Test_setMiniBlocksInfoWithPendingMiniBlocks/set_mini_blocks_info_with_pending_mini_blocks,_having_index_of_last_tx_processed_set_to_last_tx
=== CONT  TestStartInEpochWithScheduledDataSyncer_GetRootHashToSyncWithScheduled
=== PAUSE TestMetaStorageHandler_SaveDataToStorageMissingStorer/missing_BootstrapUnit
=== RUN   TestMetaStorageHandler_SaveDataToStorageMissingStorer/missing_MetaBlockUnit
=== PAUSE TestMetaStorageHandler_SaveDataToStorageMissingStorer/missing_MetaBlockUnit
=== RUN   TestMetaStorageHandler_SaveDataToStorageMissingStorer/missing_MetaHdrNonceHashDataUnit
=== CONT  TestNewEpochStartBootstrap_NilArgsChecks
=== CONT  Test_getProcessedMiniBlockHashesForMetaBlockHash
=== PAUSE Test_setMiniBlocksInfoWithPendingMiniBlocks/set_mini_blocks_info_with_pending_mini_blocks,_having_index_of_last_tx_processed_set_to_last_tx
=== PAUSE TestMetaStorageHandler_SaveDataToStorageMissingStorer/missing_MetaHdrNonceHashDataUnit
=== CONT  TestEpochStartMetaBlockProcessor_SaveOkInterceptedDataShouldWork
=== RUN   TestNewEpochStartBootstrap_NilArgsChecks/nil_shardCoordinator
=== CONT  Test_updatePendingMiniBlocksForScheduled
=== CONT  Test_updateLastCrossMetaHdrHashIfNeeded
=== CONT  Test_updateLastCrossMetaHdrHashIfNeededMissingOneReferencedMetaHeader
=== CONT  TestEpochStartMetaBlockProcessor_SaveNilInterceptedDataShouldNotReturnError
=== PAUSE TestNewEpochStartBootstrap_NilArgsChecks/nil_shardCoordinator
=== CONT  Test_updateLastCrossMetaHdrHashIfNeededNoFinalizedMetaHashesInShardHeader
=== CONT  TestShardStorageHandler_getProcessedAndPendingMiniBlocksWithScheduledErrorGettingProcessedAndPendingMbs
=== RUN   TestNewEpochStartBootstrap_NilArgsChecks/nil_main_messenger
=== RUN   Test_setMiniBlocksInfoWithPendingMiniBlocks/set_mini_blocks_info_with_pending_mini_blocks,_having_index_of_last_tx_processed_set_to_first_tx
=== CONT  Test_getMiniBlockHeadersForDest
--- PASS: Test_getShardHeaderAndMetaHashes (0.00s)
--- PASS: Test_getShardHeaderAndMetaHashesWrongHeaderType (0.00s)
=== CONT  TestEpochStartMetaBlockProcessor_GetEpochStartMetaBlockShouldReturnMostReceivedAfterTimeOut
=== CONT  Test_getShardHeaderAndMetaHashesHeaderNotFound
=== CONT  Test_updateLastCrossMetaHdrHashIfNeededGetShardHeaderErr
=== RUN   TestMetaStorageHandler_SaveDataToStorageMissingStorer/missing_MetaBlockUnit#01
=== CONT  TestEpochStartBootstrap_Close
--- PASS: TestStorageEpochStartMetaBlockProcessor_SaveNotAHeader (0.00s)
--- PASS: TestStartInEpochWithScheduledDataSyncer_GetRootHashToSyncWithScheduled (0.00s)
--- PASS: Test_getProcessedMiniBlockHashesForMetaBlockHash (0.00s)
--- PASS: TestEpochStartMetaBlockProcessor_SaveOkInterceptedDataShouldWork (0.00s)
--- PASS: Test_updatePendingMiniBlocksForScheduled (0.00s)
--- PASS: Test_updateLastCrossMetaHdrHashIfNeededMissingOneReferencedMetaHeader (0.00s)
--- PASS: TestEpochStartMetaBlockProcessor_SaveNilInterceptedDataShouldNotReturnError (0.00s)
--- PASS: Test_updateLastCrossMetaHdrHashIfNeeded (0.00s)
--- PASS: Test_updateLastCrossMetaHdrHashIfNeededNoFinalizedMetaHashesInShardHeader (0.00s)
=== RUN   Test_isScheduledIntermediateTx/invalid_scheduled
--- PASS: Test_getShardHeaderAndMetaHashesHeaderNotFound (0.00s)
--- PASS: Test_updateLastCrossMetaHdrHashIfNeededGetShardHeaderErr (0.00s)
=== PAUSE TestNewEpochStartBootstrap_NilArgsChecks/nil_main_messenger
=== PAUSE Test_setMiniBlocksInfoWithPendingMiniBlocks/set_mini_blocks_info_with_pending_mini_blocks,_having_index_of_last_tx_processed_set_to_first_tx
=== RUN   Test_isScheduledIntermediateTx/normal_tx
=== RUN   TestNewEpochStartBootstrap_NilArgsChecks/nil_full_archive_messenger
=== RUN   Test_setMiniBlocksInfoWithPendingMiniBlocks/set_mini_blocks_info_with_pending_mini_blocks,_having_index_of_last_tx_processed_set_to_penultimate_tx
--- PASS: Test_isScheduledIntermediateTx (0.00s)
    --- PASS: Test_isScheduledIntermediateTx/executed_in_self_shard_-_scheduled (0.00s)
    --- PASS: Test_isScheduledIntermediateTx/invalid_scheduled (0.00s)
    --- PASS: Test_isScheduledIntermediateTx/normal_tx (0.00s)
=== PAUSE TestNewEpochStartBootstrap_NilArgsChecks/nil_full_archive_messenger
=== CONT  TestEpochStartBootstrap_getDataToSyncWithSCRStorageCloseErr
=== PAUSE Test_setMiniBlocksInfoWithPendingMiniBlocks/set_mini_blocks_info_with_pending_mini_blocks,_having_index_of_last_tx_processed_set_to_penultimate_tx
--- PASS: Test_getMiniBlockHeadersForDest (0.00s)
=== RUN   TestNewEpochStartBootstrap_NilArgsChecks/nil_economicsData
=== CONT  TestEpochStartMetaBlockProcessor_Validate
=== RUN   Test_setMiniBlocksInfoWithPendingMiniBlocks/set_mini_blocks_info_with_pending_mini_blocks,_having_index_of_last_tx_processed_set_somewhere_in_the_middle_of_the_range
=== PAUSE TestNewEpochStartBootstrap_NilArgsChecks/nil_economicsData
=== PAUSE Test_setMiniBlocksInfoWithPendingMiniBlocks/set_mini_blocks_info_with_pending_mini_blocks,_having_index_of_last_tx_processed_set_somewhere_in_the_middle_of_the_range
=== RUN   TestNewEpochStartBootstrap_NilArgsChecks/nil_coreComponentsHolder
=== CONT  TestEpochStartBootstrap_ComputeAllPendingMiniblocks
=== CONT  TestNewEpochStartMetaBlockProcessorOkValsShouldWorkAfterMoreTriesWaitingForConnectedPeers
=== CONT  TestShardStorageHandler_saveLastCrossNotarizedHeadersWithScheduledErrorUpdatingLastCrossMetaHeaders
=== PAUSE TestMetaStorageHandler_SaveDataToStorageMissingStorer/missing_MetaBlockUnit#01
=== RUN   TestMetaStorageHandler_SaveDataToStorageMissingStorer/missing_BootstrapUnit#01
=== CONT  TestEpochStartBootstrap_getDataToSyncErrorUpdatingDataForScheduled
=== PAUSE TestMetaStorageHandler_SaveDataToStorageMissingStorer/missing_BootstrapUnit#01
=== RUN   TestMetaStorageHandler_SaveDataToStorageMissingStorer/missing_MetaBlockUnit#02
=== CONT  TestShardStorageHandler_saveLastCrossNotarizedHeadersWithoutScheduled
=== PAUSE TestNewEpochStartBootstrap_NilArgsChecks/nil_coreComponentsHolder
=== RUN   TestNewEpochStartBootstrap_NilArgsChecks/nil_cryptoComponentsHolder
=== PAUSE TestNewEpochStartBootstrap_NilArgsChecks/nil_cryptoComponentsHolder
=== CONT  TestNewEpochStartMetaBlockProcessorOkValsShouldWork
=== CONT  TestShardStorageHandler_saveLastCrossNotarizedHeadersWithScheduled
=== CONT  TestEpochStartBootstrap_getDataToSyncErrorOpeningDB
=== CONT  TestShardStorageHandler_saveLastCrossNotarizedHeadersWithoutScheduledErrorWritingToStorage
=== PAUSE TestMetaStorageHandler_SaveDataToStorageMissingStorer/missing_MetaBlockUnit#02
=== RUN   TestNewEpochStartBootstrap_NilArgsChecks/nil_pubKey
=== RUN   TestMetaStorageHandler_SaveDataToStorageMissingStorer/missing_BootstrapUnit#02
=== PAUSE TestNewEpochStartBootstrap_NilArgsChecks/nil_pubKey
=== PAUSE TestMetaStorageHandler_SaveDataToStorageMissingStorer/missing_BootstrapUnit#02
=== RUN   TestNewEpochStartBootstrap_NilArgsChecks/nil_hasher
=== RUN   TestMetaStorageHandler_SaveDataToStorageMissingStorer/missing_MetaBlockUnit#03
=== PAUSE TestNewEpochStartBootstrap_NilArgsChecks/nil_hasher
=== PAUSE TestMetaStorageHandler_SaveDataToStorageMissingStorer/missing_MetaBlockUnit#03
=== RUN   TestNewEpochStartBootstrap_NilArgsChecks/nil_marshalizer
=== RUN   TestMetaStorageHandler_SaveDataToStorageMissingStorer/missing_MetaHdrNonceHashDataUnit#01
=== PAUSE TestMetaStorageHandler_SaveDataToStorageMissingStorer/missing_MetaHdrNonceHashDataUnit#01
=== PAUSE TestNewEpochStartBootstrap_NilArgsChecks/nil_marshalizer
=== CONT  TestNewEpochStartMetaBlockProcessor_InvalidConsensusPercentageShouldErr
=== CONT  TestEpochStartBootstrap_updateDataForScheduled
=== RUN   TestNewEpochStartBootstrap_NilArgsChecks/nil_blockKeyGen
=== CONT  TestShardStorageHandler_saveLastCrossNotarizedHeadersWithoutScheduledWrongTypeAssertion
=== PAUSE TestNewEpochStartBootstrap_NilArgsChecks/nil_blockKeyGen
=== RUN   TestNewEpochStartBootstrap_NilArgsChecks/nil_keyGen
=== PAUSE TestNewEpochStartBootstrap_NilArgsChecks/nil_keyGen
=== RUN   TestNewEpochStartBootstrap_NilArgsChecks/nil_singleSigner
=== PAUSE TestNewEpochStartBootstrap_NilArgsChecks/nil_singleSigner
=== RUN   TestNewEpochStartBootstrap_NilArgsChecks/nil_blockSingleSigner
=== PAUSE TestNewEpochStartBootstrap_NilArgsChecks/nil_blockSingleSigner
=== RUN   TestNewEpochStartBootstrap_NilArgsChecks/nil_txSignMarshalizer
=== PAUSE TestNewEpochStartBootstrap_NilArgsChecks/nil_txSignMarshalizer
=== RUN   TestNewEpochStartBootstrap_NilArgsChecks/nil_pathManager
=== CONT  TestNewEpochStartMetaBlockProcessor_NilHasherShouldErr
=== PAUSE TestNewEpochStartBootstrap_NilArgsChecks/nil_pathManager
=== CONT  TestShardStorageHandler_saveLastCrossNotarizedHeadersWithoutScheduledMissingLastCrossMetaHdrHash
--- PASS: TestEpochStartMetaBlockProcessor_Validate (0.00s)
=== RUN   TestNewEpochStartBootstrap_NilArgsChecks/nil_genesisNodesConfig
--- PASS: TestEpochStartBootstrap_ComputeAllPendingMiniblocks (0.00s)
--- PASS: TestEpochStartBootstrap_getDataToSyncWithSCRStorageCloseErr (0.00s)
--- PASS: TestEpochStartBootstrap_Close (0.00s)
--- PASS: TestNewEpochStartMetaBlockProcessorOkValsShouldWork (0.00s)
=== PAUSE TestNewEpochStartBootstrap_NilArgsChecks/nil_genesisNodesConfig
--- PASS: TestEpochStartBootstrap_getDataToSyncErrorUpdatingDataForScheduled (0.00s)
--- PASS: TestEpochStartBootstrap_getDataToSyncErrorOpeningDB (0.00s)
=== RUN   TestNewEpochStartBootstrap_NilArgsChecks/nil_rater
--- PASS: TestNewEpochStartMetaBlockProcessor_InvalidConsensusPercentageShouldErr (0.00s)
--- PASS: TestEpochStartBootstrap_updateDataForScheduled (0.00s)
=== PAUSE TestNewEpochStartBootstrap_NilArgsChecks/nil_rater
--- PASS: TestNewEpochStartMetaBlockProcessor_NilHasherShouldErr (0.00s)
=== RUN   TestNewEpochStartBootstrap_NilArgsChecks/nil_pubkeyConverter
=== PAUSE TestNewEpochStartBootstrap_NilArgsChecks/nil_pubkeyConverter
=== RUN   TestNewEpochStartBootstrap_NilArgsChecks/nil_trieSyncStatistics
=== PAUSE TestNewEpochStartBootstrap_NilArgsChecks/nil_trieSyncStatistics
=== RUN   TestNewEpochStartBootstrap_NilArgsChecks/nil_roundHandler
=== PAUSE TestNewEpochStartBootstrap_NilArgsChecks/nil_roundHandler
=== RUN   TestNewEpochStartBootstrap_NilArgsChecks/nil_storageUnitOpener
=== PAUSE TestNewEpochStartBootstrap_NilArgsChecks/nil_storageUnitOpener
=== RUN   TestNewEpochStartBootstrap_NilArgsChecks/nil_latestStorageDataProvider
=== PAUSE TestNewEpochStartBootstrap_NilArgsChecks/nil_latestStorageDataProvider
=== RUN   TestNewEpochStartBootstrap_NilArgsChecks/nil_uint64Converter
=== PAUSE TestNewEpochStartBootstrap_NilArgsChecks/nil_uint64Converter
=== RUN   TestNewEpochStartBootstrap_NilArgsChecks/nil_shuffler
=== PAUSE TestNewEpochStartBootstrap_NilArgsChecks/nil_shuffler
=== RUN   TestNewEpochStartBootstrap_NilArgsChecks/not_enough_num_of_peers_to_consider_block_valid_from_config
=== PAUSE TestNewEpochStartBootstrap_NilArgsChecks/not_enough_num_of_peers_to_consider_block_valid_from_config
=== RUN   TestNewEpochStartBootstrap_NilArgsChecks/not_enough_num_connected_peers
=== PAUSE TestNewEpochStartBootstrap_NilArgsChecks/not_enough_num_connected_peers
=== RUN   TestNewEpochStartBootstrap_NilArgsChecks/nil_argumentsParser
=== PAUSE TestNewEpochStartBootstrap_NilArgsChecks/nil_argumentsParser
=== RUN   TestNewEpochStartBootstrap_NilArgsChecks/nil_statusHandler
=== PAUSE TestNewEpochStartBootstrap_NilArgsChecks/nil_statusHandler
=== RUN   TestNewEpochStartBootstrap_NilArgsChecks/nil_headerIntegrityVerifier
=== PAUSE TestNewEpochStartBootstrap_NilArgsChecks/nil_headerIntegrityVerifier
=== RUN   TestNewEpochStartBootstrap_NilArgsChecks/nil_scheduledDataSyncerFactory
=== PAUSE TestNewEpochStartBootstrap_NilArgsChecks/nil_scheduledDataSyncerFactory
=== RUN   TestNewEpochStartBootstrap_NilArgsChecks/nil_hasher#01
=== PAUSE TestNewEpochStartBootstrap_NilArgsChecks/nil_hasher#01
=== RUN   TestNewEpochStartBootstrap_NilArgsChecks/nil_epochNotifier
=== PAUSE TestNewEpochStartBootstrap_NilArgsChecks/nil_epochNotifier
=== RUN   TestNewEpochStartBootstrap_NilArgsChecks/invalid_max_hardcap_for_missing_nodes
=== PAUSE TestNewEpochStartBootstrap_NilArgsChecks/invalid_max_hardcap_for_missing_nodes
=== RUN   TestNewEpochStartBootstrap_NilArgsChecks/invalid_num_concurrent_trie_syncers
=== PAUSE TestNewEpochStartBootstrap_NilArgsChecks/invalid_num_concurrent_trie_syncers
=== RUN   TestNewEpochStartBootstrap_NilArgsChecks/fail_to_create_whiteList_cache
=== PAUSE TestNewEpochStartBootstrap_NilArgsChecks/fail_to_create_whiteList_cache
=== RUN   TestNewEpochStartBootstrap_NilArgsChecks/nil_managed_peers_holder
=== PAUSE TestNewEpochStartBootstrap_NilArgsChecks/nil_managed_peers_holder
=== RUN   TestNewEpochStartBootstrap_NilArgsChecks/nil_state_statistics_handler
=== PAUSE TestNewEpochStartBootstrap_NilArgsChecks/nil_state_statistics_handler
=== CONT  TestEpochStartBootstrap_updateDataForScheduled_ScheduledSyncerCreateWithError
--- PASS: TestEpochStartBootstrap_updateDataForScheduled_ScheduledSyncerCreateWithError (0.00s)
=== CONT  TestShardStorageHandler_saveLastCrossNotarizedHeadersWithoutScheduledGetShardHeaderErr
--- PASS: TestShardStorageHandler_saveLastCrossNotarizedHeadersWithoutScheduledWrongTypeAssertion (0.00s)
=== CONT  TestNewEpochStartMetaBlockProcessor_NilMarshalizerShouldErr
--- PASS: TestNewEpochStartMetaBlockProcessor_NilMarshalizerShouldErr (0.00s)
=== CONT  TestShardStorageHandler_getProcessedAndPendingMiniBlocksWithProcessedAndPendingMbs
--- PASS: TestShardStorageHandler_saveLastCrossNotarizedHeadersWithoutScheduledGetShardHeaderErr (0.00s)
=== CONT  TestEpochStartBootstrap_updateDataForScheduled_ScheduledTxExecutionCreationWithErr
--- PASS: TestEpochStartBootstrap_updateDataForScheduled_ScheduledTxExecutionCreationWithErr (0.00s)
=== CONT  TestNewEpochStartMetaBlockProcessor_NilRequestHandlerShouldErr
--- PASS: TestNewEpochStartMetaBlockProcessor_NilRequestHandlerShouldErr (0.00s)
--- PASS: TestShardStorageHandler_saveLastCrossNotarizedHeadersWithoutScheduledMissingLastCrossMetaHdrHash (0.00s)
=== CONT  TestShardStorageHandler_getProcessedAndPendingMiniBlocksNoProcessedNoPendingMbs
--- PASS: TestShardStorageHandler_getProcessedAndPendingMiniBlocksNoProcessedNoPendingMbs (0.00s)
=== CONT  TestShardStorageHandler_getProcessedAndPendingMiniBlocksNilMetaBlock
--- PASS: TestShardStorageHandler_getProcessedAndPendingMiniBlocksNilMetaBlock (0.00s)
=== CONT  TestEpochStartBootstrap_Boostrap
=== RUN   TestEpochStartBootstrap_Boostrap/failed_to_set_shard_coordinator,_wrong_number_of_shards
=== PAUSE TestEpochStartBootstrap_Boostrap/failed_to_set_shard_coordinator,_wrong_number_of_shards
=== RUN   TestEpochStartBootstrap_Boostrap/boostrap_from_local_storage,_fail_to_get_boostrap_data
=== PAUSE TestEpochStartBootstrap_Boostrap/boostrap_from_local_storage,_fail_to_get_boostrap_data
=== RUN   TestEpochStartBootstrap_Boostrap/bootstrap_from_local_storage_with_StartInEpoch_not_enabled,_should_work
=== PAUSE TestEpochStartBootstrap_Boostrap/bootstrap_from_local_storage_with_StartInEpoch_not_enabled,_should_work
=== RUN   TestEpochStartBootstrap_Boostrap/bootstrap_from_saved_epoch,_should_work
=== PAUSE TestEpochStartBootstrap_Boostrap/bootstrap_from_saved_epoch,_should_work
=== CONT  TestEpochStartBootstrap_updateDataForScheduledNoScheduledRootHash_UpdateSyncDataIfNeededWithError
--- PASS: TestEpochStartBootstrap_updateDataForScheduledNoScheduledRootHash_UpdateSyncDataIfNeededWithError (0.00s)
=== CONT  TestShardStorageHandler_getProcessedAndPendingMiniBlocksWrongHeader
--- PASS: TestShardStorageHandler_getProcessedAndPendingMiniBlocksWrongHeader (0.00s)
=== CONT  TestStorageEpochStartBootstrap_applyCurrentShardIDOnMiniblocksCopy
--- PASS: TestStorageEpochStartBootstrap_applyCurrentShardIDOnMiniblocksCopy (0.00s)
=== CONT  TestEpochStartMetaSyncer_SyncEpochStartMetaRegisterMessengerProcessorFailsShouldErr
--- PASS: TestEpochStartMetaSyncer_SyncEpochStartMetaRegisterMessengerProcessorFailsShouldErr (0.00s)
=== CONT  TestShardStorageHandler_getProcessedAndPendingMiniBlocksMissingHeader
--- PASS: TestShardStorageHandler_getProcessedAndPendingMiniBlocksMissingHeader (0.00s)
=== CONT  TestNewEpochStartMetaSyncer_ShouldWork
--- PASS: TestNewEpochStartMetaSyncer_ShouldWork (0.00s)
=== CONT  TestNewEpochStartMetaSyncer_NilsShouldError
--- PASS: TestNewEpochStartMetaSyncer_NilsShouldError (0.00s)
=== CONT  TestShardStorageHandler_getProcessedAndPendingMiniBlocksErrorGettingEpochStartShardData
--- PASS: TestShardStorageHandler_getProcessedAndPendingMiniBlocksErrorGettingEpochStartShardData (0.00s)
=== CONT  TestNewEpochStartBootstrap
=== CONT  TestEpochStartBootstrap_WithDisabledShardIDAsObserver
=== RUN   TestNewEpochStartBootstrap/hardfork_disabled
=== PAUSE TestNewEpochStartBootstrap/hardfork_disabled
=== RUN   TestNewEpochStartBootstrap/hardfork_enabled
=== PAUSE TestNewEpochStartBootstrap/hardfork_enabled
=== CONT  TestStorageEpochStartBootstrap_syncHeadersFromStorage
=== RUN   TestStorageEpochStartBootstrap_syncHeadersFromStorage/fail_to_sync_missing_headers
=== PAUSE TestStorageEpochStartBootstrap_syncHeadersFromStorage/fail_to_sync_missing_headers
=== RUN   TestStorageEpochStartBootstrap_syncHeadersFromStorage/fail_to_get_synced_headers
=== PAUSE TestStorageEpochStartBootstrap_syncHeadersFromStorage/fail_to_get_synced_headers
=== RUN   TestStorageEpochStartBootstrap_syncHeadersFromStorage/empty_prev_meta_block_when_first_epoch
=== PAUSE TestStorageEpochStartBootstrap_syncHeadersFromStorage/empty_prev_meta_block_when_first_epoch
=== RUN   TestStorageEpochStartBootstrap_syncHeadersFromStorage/should_work
[0;32mINFO [0m[2026-03-16 10:13:43.258]   new nodes config is set for epoch        [0;32mepoch[0m = 0 
=== PAUSE TestStorageEpochStartBootstrap_syncHeadersFromStorage/should_work
=== CONT  TestStorageEpochStartBootstrap_processNodesConfig
--- PASS: TestEpochStartBootstrap_WithDisabledShardIDAsObserver (0.00s)
=== CONT  TestPrepareComponentsToSyncFromNetwork
--- PASS: TestShardStorageHandler_getProcessedAndPendingMiniBlocksWithProcessedAndPendingMbs (0.00s)
=== CONT  TestStorageEpochStartBootstrap_requestAndProcessFromStorage
=== RUN   TestStorageEpochStartBootstrap_requestAndProcessFromStorage/request_and_process_for_shard
=== PAUSE TestStorageEpochStartBootstrap_requestAndProcessFromStorage/request_and_process_for_shard
=== RUN   TestStorageEpochStartBootstrap_requestAndProcessFromStorage/request_and_process_for_meta
=== PAUSE TestStorageEpochStartBootstrap_requestAndProcessFromStorage/request_and_process_for_meta
=== CONT  TestIsStartInEpochZero
--- PASS: TestShardStorageHandler_getProcessedAndPendingMiniBlocksWithScheduledErrorGettingProcessedAndPendingMbs (0.00s)
=== CONT  TestGetBlockTypeOfTx/tx_not_found_in_miniBlocks,_get_default_block_type
[0;33mWARN [0m[2026-03-16 10:13:43.258]   getBlockTypeOfTx: tx not found in mini blocks [0;33mtx hash[0m = 68617368 
=== CONT  TestGetBlockTypeOfTx/should_work
[0;32mINFO [0m[2026-03-16 10:13:43.258]   new nodes config is set for epoch        [0;32mepoch[0m = 0 
--- PASS: TestGetBlockTypeOfTx (0.00s)
    --- PASS: TestGetBlockTypeOfTx/tx_not_found_in_miniBlocks,_get_default_block_type (0.00s)
    --- PASS: TestGetBlockTypeOfTx/should_work (0.00s)
--- PASS: TestIsStartInEpochZero (0.00s)
=== CONT  TestShardStorageHandler_SaveDataToStorageMissingStorer/missing_BootstrapUnit
=== CONT  TestShardStorageHandler_SaveDataToStorageMissingStorer/missing_BootstrapUnit#01
--- PASS: TestStorageEpochStartBootstrap_processNodesConfig (0.00s)
=== CONT  TestShardStorageHandler_SaveDataToStorageMissingStorer/missing_MetaBlockUnit
--- PASS: TestPrepareComponentsToSyncFromNetwork (0.00s)
=== CONT  TestShardStorageHandler_SaveDataToStorageMissingStorer/missing_ShardHdrNonceHashDataUnit
--- PASS: TestShardStorageHandler_saveLastCrossNotarizedHeadersWithScheduled (0.00s)
=== CONT  TestShardStorageHandler_SaveDataToStorageMissingStorer/missing_BlockHeaderUnit
--- PASS: TestShardStorageHandler_saveLastCrossNotarizedHeadersWithoutScheduledErrorWritingToStorage (0.00s)
=== CONT  TestShardStorageHandler_SaveDataToStorageMissingStorer/missing_BootstrapUnit#02
=== CONT  TestShardStorageHandler_SaveDataToStorageMissingStorer/missing_MetaBlockUnit#01
=== CONT  Test_setMiniBlocksInfoWithPendingMiniBlocks/set_mini_blocks_info_with_pending_mini_blocks,_having_index_of_last_tx_processed_set_to_first_tx
=== CONT  Test_setMiniBlocksInfoWithPendingMiniBlocks/set_mini_blocks_info_with_pending_mini_blocks,_having_index_of_last_tx_processed_set_somewhere_in_the_middle_of_the_range
=== CONT  Test_setMiniBlocksInfoWithPendingMiniBlocks/set_mini_blocks_info_with_pending_mini_blocks,_having_index_of_last_tx_processed_set_to_last_tx
=== CONT  Test_setMiniBlocksInfoWithPendingMiniBlocks/set_mini_blocks_info_with_pending_mini_blocks,_having_index_of_last_tx_processed_set_to_penultimate_tx
=== CONT  Test_setMiniBlocksInfoWithPendingMiniBlocks/set_mini_blocks_info_with_pending_mini_blocks,_having_index_of_last_tx_processed_set_before_first_tx
=== CONT  TestMetaStorageHandler_SaveDataToStorageMissingStorer/missing_BootstrapUnit
--- PASS: TestShardStorageHandler_saveLastCrossNotarizedHeadersWithoutScheduled (0.01s)
=== CONT  Test_setMiniBlocksInfoWithPendingMiniBlocks/set_mini_blocks_info_with_pending_mini_blocks,_having_reserved_field_nil
=== CONT  TestMetaStorageHandler_SaveDataToStorageMissingStorer/missing_MetaBlockUnit#03
=== CONT  TestMetaStorageHandler_SaveDataToStorageMissingStorer/missing_BootstrapUnit#02
=== CONT  TestMetaStorageHandler_SaveDataToStorageMissingStorer/missing_MetaHdrNonceHashDataUnit#01
--- PASS: TestShardStorageHandler_saveLastCrossNotarizedHeadersWithScheduledErrorUpdatingLastCrossMetaHeaders (0.01s)
--- PASS: Test_setMiniBlocksInfoWithPendingMiniBlocks (0.00s)
    --- PASS: Test_setMiniBlocksInfoWithPendingMiniBlocks/set_mini_blocks_info_with_pending_mini_blocks,_having_index_of_last_tx_processed_set_to_first_tx (0.00s)
    --- PASS: Test_setMiniBlocksInfoWithPendingMiniBlocks/set_mini_blocks_info_with_pending_mini_blocks,_having_index_of_last_tx_processed_set_somewhere_in_the_middle_of_the_range (0.00s)
    --- PASS: Test_setMiniBlocksInfoWithPendingMiniBlocks/set_mini_blocks_info_with_pending_mini_blocks,_having_index_of_last_tx_processed_set_to_last_tx (0.00s)
    --- PASS: Test_setMiniBlocksInfoWithPendingMiniBlocks/set_mini_blocks_info_with_pending_mini_blocks,_having_index_of_last_tx_processed_set_before_first_tx (0.00s)
    --- PASS: Test_setMiniBlocksInfoWithPendingMiniBlocks/set_mini_blocks_info_with_pending_mini_blocks,_having_index_of_last_tx_processed_set_to_penultimate_tx (0.00s)
    --- PASS: Test_setMiniBlocksInfoWithPendingMiniBlocks/set_mini_blocks_info_with_pending_mini_blocks,_having_reserved_field_nil (0.00s)
=== CONT  TestMetaStorageHandler_SaveDataToStorageMissingStorer/missing_MetaBlockUnit#02
=== CONT  TestMetaStorageHandler_SaveDataToStorageMissingStorer/missing_BootstrapUnit#01
=== CONT  TestMetaStorageHandler_SaveDataToStorageMissingStorer/missing_MetaBlockUnit#01
=== CONT  TestMetaStorageHandler_SaveDataToStorageMissingStorer/missing_MetaHdrNonceHashDataUnit
=== CONT  TestMetaStorageHandler_SaveDataToStorageMissingStorer/missing_MetaBlockUnit
--- PASS: TestShardStorageHandler_SaveDataToStorageMissingStorer (0.00s)
    --- PASS: TestShardStorageHandler_SaveDataToStorageMissingStorer/missing_BootstrapUnit (0.00s)
    --- PASS: TestShardStorageHandler_SaveDataToStorageMissingStorer/missing_BlockHeaderUnit (0.00s)
    --- PASS: TestShardStorageHandler_SaveDataToStorageMissingStorer/missing_ShardHdrNonceHashDataUnit (0.00s)
    --- PASS: TestShardStorageHandler_SaveDataToStorageMissingStorer/missing_BootstrapUnit#01 (0.00s)
    --- PASS: TestShardStorageHandler_SaveDataToStorageMissingStorer/missing_MetaBlockUnit#01 (0.00s)
    --- PASS: TestShardStorageHandler_SaveDataToStorageMissingStorer/missing_MetaBlockUnit (0.00s)
    --- PASS: TestShardStorageHandler_SaveDataToStorageMissingStorer/missing_BootstrapUnit#02 (0.00s)
=== CONT  TestNewEpochStartBootstrap_NilArgsChecks/not_enough_num_connected_peers
=== CONT  TestNewEpochStartBootstrap_NilArgsChecks/nil_shardCoordinator
=== CONT  TestNewEpochStartBootstrap_NilArgsChecks/not_enough_num_of_peers_to_consider_block_valid_from_config
=== CONT  TestNewEpochStartBootstrap_NilArgsChecks/nil_uint64Converter
=== CONT  TestNewEpochStartBootstrap_NilArgsChecks/nil_shuffler
=== CONT  TestNewEpochStartBootstrap_NilArgsChecks/nil_storageUnitOpener
=== CONT  TestNewEpochStartBootstrap_NilArgsChecks/nil_roundHandler
=== CONT  TestNewEpochStartBootstrap_NilArgsChecks/nil_pubkeyConverter
=== CONT  TestNewEpochStartBootstrap_NilArgsChecks/nil_genesisNodesConfig
=== CONT  TestNewEpochStartBootstrap_NilArgsChecks/nil_pathManager
=== CONT  TestNewEpochStartBootstrap_NilArgsChecks/nil_rater
=== CONT  TestNewEpochStartBootstrap_NilArgsChecks/nil_txSignMarshalizer
=== CONT  TestNewEpochStartBootstrap_NilArgsChecks/nil_latestStorageDataProvider
=== CONT  TestNewEpochStartBootstrap_NilArgsChecks/nil_blockSingleSigner
=== CONT  TestNewEpochStartBootstrap_NilArgsChecks/nil_singleSigner
=== CONT  TestNewEpochStartBootstrap_NilArgsChecks/nil_blockKeyGen
=== CONT  TestNewEpochStartBootstrap_NilArgsChecks/nil_trieSyncStatistics
=== CONT  TestNewEpochStartBootstrap_NilArgsChecks/nil_marshalizer
=== CONT  TestNewEpochStartBootstrap_NilArgsChecks/nil_hasher
=== CONT  TestNewEpochStartBootstrap_NilArgsChecks/nil_pubKey
=== CONT  TestNewEpochStartBootstrap_NilArgsChecks/nil_keyGen
=== CONT  TestNewEpochStartBootstrap_NilArgsChecks/nil_cryptoComponentsHolder
=== CONT  TestNewEpochStartBootstrap_NilArgsChecks/nil_coreComponentsHolder
=== CONT  TestNewEpochStartBootstrap_NilArgsChecks/nil_economicsData
=== CONT  TestNewEpochStartBootstrap_NilArgsChecks/nil_full_archive_messenger
=== CONT  TestNewEpochStartBootstrap_NilArgsChecks/nil_main_messenger
=== CONT  TestNewEpochStartBootstrap_NilArgsChecks/nil_state_statistics_handler
=== CONT  TestNewEpochStartBootstrap_NilArgsChecks/nil_managed_peers_holder
=== CONT  TestNewEpochStartBootstrap_NilArgsChecks/invalid_num_concurrent_trie_syncers
=== CONT  TestNewEpochStartBootstrap_NilArgsChecks/fail_to_create_whiteList_cache
=== CONT  TestNewEpochStartBootstrap_NilArgsChecks/nil_headerIntegrityVerifier
=== CONT  TestNewEpochStartBootstrap_NilArgsChecks/invalid_max_hardcap_for_missing_nodes
=== CONT  TestNewEpochStartBootstrap_NilArgsChecks/nil_statusHandler
=== CONT  TestNewEpochStartBootstrap_NilArgsChecks/nil_epochNotifier
=== CONT  TestNewEpochStartBootstrap_NilArgsChecks/nil_argumentsParser
=== CONT  TestEpochStartBootstrap_Boostrap/failed_to_set_shard_coordinator,_wrong_number_of_shards
=== CONT  TestEpochStartBootstrap_Boostrap/bootstrap_from_saved_epoch,_should_work
=== CONT  TestEpochStartBootstrap_Boostrap/bootstrap_from_local_storage_with_StartInEpoch_not_enabled,_should_work
=== CONT  TestEpochStartBootstrap_Boostrap/boostrap_from_local_storage,_fail_to_get_boostrap_data
=== CONT  TestNewEpochStartBootstrap/hardfork_disabled
=== CONT  TestNewEpochStartBootstrap/hardfork_enabled
[0;33mWARN [0m[2026-03-16 10:13:43.263]   fast bootstrap is disabled               
=== CONT  TestStorageEpochStartBootstrap_syncHeadersFromStorage/empty_prev_meta_block_when_first_epoch
=== CONT  TestNewEpochStartBootstrap_NilArgsChecks/nil_hasher#01
[0;33mWARN [0m[2026-03-16 10:13:43.263]   fast bootstrap is disabled               
=== CONT  TestStorageEpochStartBootstrap_syncHeadersFromStorage/should_work
=== CONT  TestStorageEpochStartBootstrap_requestAndProcessFromStorage/request_and_process_for_shard
=== CONT  TestStorageEpochStartBootstrap_requestAndProcessFromStorage/request_and_process_for_meta
=== CONT  TestStorageEpochStartBootstrap_syncHeadersFromStorage/fail_to_sync_missing_headers
=== CONT  TestStorageEpochStartBootstrap_syncHeadersFromStorage/fail_to_get_synced_headers
[0;32mINFO [0m[2026-03-16 10:13:43.263]   new nodes config is set for epoch        [0;32mepoch[0m = 0 
[0;32mINFO [0m[2026-03-16 10:13:43.263]   new nodes config is set for epoch        [0;32mepoch[0m = 0 
--- PASS: TestMetaStorageHandler_SaveDataToStorageMissingStorer (0.00s)
    --- PASS: TestMetaStorageHandler_SaveDataToStorageMissingStorer/missing_BootstrapUnit (0.00s)
    --- PASS: TestMetaStorageHandler_SaveDataToStorageMissingStorer/missing_MetaBlockUnit#03 (0.00s)
    --- PASS: TestMetaStorageHandler_SaveDataToStorageMissingStorer/missing_MetaBlockUnit#02 (0.00s)
    --- PASS: TestMetaStorageHandler_SaveDataToStorageMissingStorer/missing_BootstrapUnit#02 (0.00s)
    --- PASS: TestMetaStorageHandler_SaveDataToStorageMissingStorer/missing_BootstrapUnit#01 (0.00s)
    --- PASS: TestMetaStorageHandler_SaveDataToStorageMissingStorer/missing_MetaHdrNonceHashDataUnit (0.00s)
    --- PASS: TestMetaStorageHandler_SaveDataToStorageMissingStorer/missing_MetaBlockUnit (0.00s)
    --- PASS: TestMetaStorageHandler_SaveDataToStorageMissingStorer/missing_MetaBlockUnit#01 (0.00s)
    --- PASS: TestMetaStorageHandler_SaveDataToStorageMissingStorer/missing_MetaHdrNonceHashDataUnit#01 (0.00s)
=== CONT  TestNewEpochStartBootstrap_NilArgsChecks/nil_scheduledDataSyncerFactory
--- PASS: TestNewEpochStartBootstrap (0.00s)
    --- PASS: TestNewEpochStartBootstrap/hardfork_disabled (0.00s)
    --- PASS: TestNewEpochStartBootstrap/hardfork_enabled (0.00s)
--- PASS: TestEpochStartBootstrap_Boostrap (0.00s)
    --- PASS: TestEpochStartBootstrap_Boostrap/failed_to_set_shard_coordinator,_wrong_number_of_shards (0.00s)
    --- PASS: TestEpochStartBootstrap_Boostrap/boostrap_from_local_storage,_fail_to_get_boostrap_data (0.00s)
    --- PASS: TestEpochStartBootstrap_Boostrap/bootstrap_from_saved_epoch,_should_work (0.00s)
    --- PASS: TestEpochStartBootstrap_Boostrap/bootstrap_from_local_storage_with_StartInEpoch_not_enabled,_should_work (0.00s)
--- PASS: TestStorageEpochStartBootstrap_syncHeadersFromStorage (0.00s)
    --- PASS: TestStorageEpochStartBootstrap_syncHeadersFromStorage/should_work (0.00s)
    --- PASS: TestStorageEpochStartBootstrap_syncHeadersFromStorage/empty_prev_meta_block_when_first_epoch (0.00s)
    --- PASS: TestStorageEpochStartBootstrap_syncHeadersFromStorage/fail_to_sync_missing_headers (0.00s)
    --- PASS: TestStorageEpochStartBootstrap_syncHeadersFromStorage/fail_to_get_synced_headers (0.00s)
--- PASS: TestNewEpochStartBootstrap_NilArgsChecks (0.00s)
    --- PASS: TestNewEpochStartBootstrap_NilArgsChecks/not_enough_num_connected_peers (0.00s)
    --- PASS: TestNewEpochStartBootstrap_NilArgsChecks/nil_shardCoordinator (0.00s)
    --- PASS: TestNewEpochStartBootstrap_NilArgsChecks/not_enough_num_of_peers_to_consider_block_valid_from_config (0.00s)
    --- PASS: TestNewEpochStartBootstrap_NilArgsChecks/nil_uint64Converter (0.00s)
    --- PASS: TestNewEpochStartBootstrap_NilArgsChecks/nil_storageUnitOpener (0.00s)
    --- PASS: TestNewEpochStartBootstrap_NilArgsChecks/nil_shuffler (0.00s)
    --- PASS: TestNewEpochStartBootstrap_NilArgsChecks/nil_roundHandler (0.00s)
    --- PASS: TestNewEpochStartBootstrap_NilArgsChecks/nil_pubkeyConverter (0.00s)
    --- PASS: TestNewEpochStartBootstrap_NilArgsChecks/nil_genesisNodesConfig (0.00s)
    --- PASS: TestNewEpochStartBootstrap_NilArgsChecks/nil_pathManager (0.00s)
    --- PASS: TestNewEpochStartBootstrap_NilArgsChecks/nil_txSignMarshalizer (0.00s)
    --- PASS: TestNewEpochStartBootstrap_NilArgsChecks/nil_rater (0.00s)
    --- PASS: TestNewEpochStartBootstrap_NilArgsChecks/nil_latestStorageDataProvider (0.00s)
    --- PASS: TestNewEpochStartBootstrap_NilArgsChecks/nil_blockKeyGen (0.00s)
    --- PASS: TestNewEpochStartBootstrap_NilArgsChecks/nil_trieSyncStatistics (0.00s)
    --- PASS: TestNewEpochStartBootstrap_NilArgsChecks/nil_singleSigner (0.00s)
    --- PASS: TestNewEpochStartBootstrap_NilArgsChecks/nil_blockSingleSigner (0.00s)
    --- PASS: TestNewEpochStartBootstrap_NilArgsChecks/nil_marshalizer (0.00s)
    --- PASS: TestNewEpochStartBootstrap_NilArgsChecks/nil_hasher (0.00s)
    --- PASS: TestNewEpochStartBootstrap_NilArgsChecks/nil_keyGen (0.00s)
    --- PASS: TestNewEpochStartBootstrap_NilArgsChecks/nil_full_archive_messenger (0.00s)
    --- PASS: TestNewEpochStartBootstrap_NilArgsChecks/nil_cryptoComponentsHolder (0.00s)
    --- PASS: TestNewEpochStartBootstrap_NilArgsChecks/nil_economicsData (0.00s)
    --- PASS: TestNewEpochStartBootstrap_NilArgsChecks/nil_coreComponentsHolder (0.00s)
    --- PASS: TestNewEpochStartBootstrap_NilArgsChecks/nil_main_messenger (0.00s)
    --- PASS: TestNewEpochStartBootstrap_NilArgsChecks/nil_state_statistics_handler (0.00s)
    --- PASS: TestNewEpochStartBootstrap_NilArgsChecks/nil_pubKey (0.00s)
    --- PASS: TestNewEpochStartBootstrap_NilArgsChecks/fail_to_create_whiteList_cache (0.00s)
    --- PASS: TestNewEpochStartBootstrap_NilArgsChecks/nil_managed_peers_holder (0.00s)
    --- PASS: TestNewEpochStartBootstrap_NilArgsChecks/invalid_num_concurrent_trie_syncers (0.00s)
    --- PASS: TestNewEpochStartBootstrap_NilArgsChecks/nil_headerIntegrityVerifier (0.00s)
    --- PASS: TestNewEpochStartBootstrap_NilArgsChecks/invalid_max_hardcap_for_missing_nodes (0.00s)
    --- PASS: TestNewEpochStartBootstrap_NilArgsChecks/nil_statusHandler (0.00s)
    --- PASS: TestNewEpochStartBootstrap_NilArgsChecks/nil_epochNotifier (0.00s)
    --- PASS: TestNewEpochStartBootstrap_NilArgsChecks/nil_argumentsParser (0.00s)
    --- PASS: TestNewEpochStartBootstrap_NilArgsChecks/nil_hasher#01 (0.00s)
    --- PASS: TestNewEpochStartBootstrap_NilArgsChecks/nil_scheduledDataSyncerFactory (0.00s)
[0;32mINFO [0m[2026-03-16 10:13:43.264]   finished trie sync                       [0;32mname[0m = peer accounts [0;32mtime elapsed[0m = 0s [0;32mnum processed[0m = 0 [0;32mnum large nodes[0m = 0 [0;32mnum missing[0m = 0 [0;32mstate data size[0m = 0 B [0;32mtotal iterations[0m = 0 [0;32mtotal CPU time[0m = 0s [0;32mpeak processing speed[0m = 0 B/s [0;32maverage processing speed[0m = N/A 
[0;32mINFO [0m[2026-03-16 10:13:43.264]   finished trie sync                       [0;32mname[0m = user accounts for shard metachain [0;32mtime elapsed[0m = 0s [0;32mnum processed[0m = 0 [0;32mnum large nodes[0m = 0 [0;32mnum missing[0m = 0 [0;32mstate data size[0m = 0 B [0;32mtotal iterations[0m = 0 [0;32mtotal CPU time[0m = 1s [0;32mpeak processing speed[0m = 0 B/s [0;32maverage processing speed[0m = N/A 
[0;32mINFO [0m[2026-03-16 10:13:43.264]   saved bootstrap data to storage          [0;32mround[0m = 0 
[0;32mINFO [0m[2026-03-16 10:13:43.264]   finished trie sync                       [0;32mname[0m = user accounts for shard 0 [0;32mtime elapsed[0m = 0s [0;32mnum processed[0m = 0 [0;32mnum large nodes[0m = 0 [0;32mnum missing[0m = 0 [0;32mstate data size[0m = 0 B [0;32mtotal iterations[0m = 0 [0;32mtotal CPU time[0m = 1s [0;32mpeak processing speed[0m = 0 B/s [0;32maverage processing speed[0m = N/A 
--- PASS: TestStorageEpochStartBootstrap_requestAndProcessFromStorage (0.00s)
    --- PASS: TestStorageEpochStartBootstrap_requestAndProcessFromStorage/request_and_process_for_meta (0.00s)
    --- PASS: TestStorageEpochStartBootstrap_requestAndProcessFromStorage/request_and_process_for_shard (0.00s)
--- PASS: TestEpochStartMetaBlockProcessor_GetEpochStartMetaBlockShouldTimeOut (0.01s)
[0;32mINFO [0m[2026-03-16 10:13:43.455]   got consensus for epoch start metablock  [0;32mlen[0m = 6 
[0;32mINFO [0m[2026-03-16 10:13:43.455]   got consensus for epoch start metablock  [0;32mlen[0m = 5 
--- PASS: TestEpochStartMetaBlockProcessor_GetEpochStartMetaBlockShouldReturnMostReceivedAfterTimeOut (0.20s)
--- PASS: TestEpochStartMetaBlockProcessor_GetEpochStartMetaBlockShouldWorkFromFirstTry (0.20s)
[0;32mINFO [0m[2026-03-16 10:13:43.656]   got consensus for epoch start metablock  [0;32mlen[0m = 4 
--- PASS: TestEpochStartMetaBlockProcessor_GetEpochStartMetaBlock_BeforeAndromeda (0.40s)
[0;32mINFO [0m[2026-03-16 10:13:43.656]   got consensus for epoch start metablock  [0;32mlen[0m = 4 
--- PASS: TestEpochStartMetaBlockProcessor_GetEpochStartMetaBlock_AfterAndromeda (0.40s)
--- PASS: TestNewEpochStartMetaBlockProcessorOkValsShouldWorkAfterMoreTriesWaitingForConnectedPeers (0.50s)
--- PASS: TestStorageEpochStartMetaBlockProcessor_GetEpochStartMetaBlockShouldRequestRepeatedly (2.00s)
--- PASS: TestStorageEpochStartMetaBlockProcessor_GetEpochStartMetaBlockContextDoneShouldReturnImmediately (2.00s)
PASS
ok  	github.com/TerraDharitri/drt-go-chain/epochStart/bootstrap	(cached)
=== RUN   TestNewAuctionListDisplayer
=== PAUSE TestNewAuctionListDisplayer
=== RUN   TestAuctionListDisplayer_DisplayOwnersData
--- PASS: TestAuctionListDisplayer_DisplayOwnersData (0.00s)
=== RUN   TestAuctionListDisplayer_DisplayOwnersSelectedNodes
--- PASS: TestAuctionListDisplayer_DisplayOwnersSelectedNodes (0.00s)
=== RUN   TestAuctionListDisplayer_DisplayAuctionList
--- PASS: TestAuctionListDisplayer_DisplayAuctionList (0.00s)
=== RUN   TestGetPrettyValue
=== PAUSE TestGetPrettyValue
=== RUN   TestNewAuctionListSelector
=== PAUSE TestNewAuctionListSelector
=== RUN   TestGetAuctionConfig
=== PAUSE TestGetAuctionConfig
=== RUN   TestAuctionListSelector_SelectNodesFromAuction
=== PAUSE TestAuctionListSelector_SelectNodesFromAuction
=== RUN   TestAuctionListSelector_calcSoftAuctionNodesConfigEdgeCases
=== PAUSE TestAuctionListSelector_calcSoftAuctionNodesConfigEdgeCases
=== RUN   TestAuctionListSelector_calcSoftAuctionNodesConfig
=== PAUSE TestAuctionListSelector_calcSoftAuctionNodesConfig
=== RUN   TestCalcNormalizedRandomness
=== PAUSE TestCalcNormalizedRandomness
=== RUN   TestBaseRewardsCreator_NilShardCoordinator
=== PAUSE TestBaseRewardsCreator_NilShardCoordinator
=== RUN   TestBaseRewardsCreator_NilPubkeyConverter
=== PAUSE TestBaseRewardsCreator_NilPubkeyConverter
=== RUN   TestBaseRewardsCreator_NilRewardsStorage
=== PAUSE TestBaseRewardsCreator_NilRewardsStorage
=== RUN   TestBaseRewardsCreator_NilMiniBlockStorage
=== PAUSE TestBaseRewardsCreator_NilMiniBlockStorage
=== RUN   TestBaseRewardsCreator_NilHasher
=== PAUSE TestBaseRewardsCreator_NilHasher
=== RUN   TestBaseRewardsCreator_NilMarshalizer
=== PAUSE TestBaseRewardsCreator_NilMarshalizer
=== RUN   TestBaseRewardsCreator_NilDataPoolHolder
=== PAUSE TestBaseRewardsCreator_NilDataPoolHolder
=== RUN   TestBaseRewardsCreator_NilNodesConfigProvider
=== PAUSE TestBaseRewardsCreator_NilNodesConfigProvider
=== RUN   TestBaseRewardsCreator_NilUserAccountsDB
=== PAUSE TestBaseRewardsCreator_NilUserAccountsDB
=== RUN   TestBaseRewardsCreator_NilEnableEpochsHandler
=== PAUSE TestBaseRewardsCreator_NilEnableEpochsHandler
=== RUN   TestBaseRewardsCreator_NilRewardsHandler
=== PAUSE TestBaseRewardsCreator_NilRewardsHandler
=== RUN   TestBaseRewardsCreator_InvalidEnableEpochsHandler
=== PAUSE TestBaseRewardsCreator_InvalidEnableEpochsHandler
=== RUN   TestBaseRewardsCreator_clean
=== PAUSE TestBaseRewardsCreator_clean
=== RUN   TestBaseRewardsCreator_OkValsShouldWork
=== PAUSE TestBaseRewardsCreator_OkValsShouldWork
=== RUN   TestBaseRewardsCreator_GetLocalTxCache
=== PAUSE TestBaseRewardsCreator_GetLocalTxCache
=== RUN   TestBaseRewardsCreator_addAcceleratorRewardToMiniBlocks
=== PAUSE TestBaseRewardsCreator_addAcceleratorRewardToMiniBlocks
=== RUN   TestBaseRewardsCreator_CreateMarshalizedDataNilMiniblocksEmptyMap
=== PAUSE TestBaseRewardsCreator_CreateMarshalizedDataNilMiniblocksEmptyMap
=== RUN   TestBaseRewardsCreator_CreateMarshalizedDataEmptyMiniblocksEmptyMap
=== PAUSE TestBaseRewardsCreator_CreateMarshalizedDataEmptyMiniblocksEmptyMap
=== RUN   TestBaseRewardsCreator_CreateMarshalizedDataOnlyRewardsMiniblocksGetMarshalized
=== PAUSE TestBaseRewardsCreator_CreateMarshalizedDataOnlyRewardsMiniblocksGetMarshalized
=== RUN   TestBaseRewardsCreator_CreateMarshalizedDataWrongSenderNotIncluded
=== PAUSE TestBaseRewardsCreator_CreateMarshalizedDataWrongSenderNotIncluded
=== RUN   TestBaseRewardsCreator_CreateMarshalizedDataNotFoundTxHashIgnored
=== PAUSE TestBaseRewardsCreator_CreateMarshalizedDataNotFoundTxHashIgnored
=== RUN   TestBaseRewardsCreator_GetRewardsTxsNonRewardsMiniBlocksGetIgnored
=== PAUSE TestBaseRewardsCreator_GetRewardsTxsNonRewardsMiniBlocksGetIgnored
=== RUN   TestBaseRewardsCreator_GetRewardsTxsRewardMiniBlockNotFoundTxIgnored
=== PAUSE TestBaseRewardsCreator_GetRewardsTxsRewardMiniBlockNotFoundTxIgnored
=== RUN   TestBaseRewardsCreator_GetRewardsTxsRewardMiniBlockOK
=== PAUSE TestBaseRewardsCreator_GetRewardsTxsRewardMiniBlockOK
=== RUN   TestBaseRewardsCreator_SaveTxBlockToStorageNilBodyNoPanic
=== PAUSE TestBaseRewardsCreator_SaveTxBlockToStorageNilBodyNoPanic
=== RUN   TestBaseRewardsCreator_SaveTxBlockToStorageNonRewardsMiniBlocksAreIgnored
=== PAUSE TestBaseRewardsCreator_SaveTxBlockToStorageNonRewardsMiniBlocksAreIgnored
=== RUN   TestBaseRewardsCreator_SaveTxBlockToStorageNotFoundTxIgnored
=== PAUSE TestBaseRewardsCreator_SaveTxBlockToStorageNotFoundTxIgnored
=== RUN   TestBaseRewardsCreator_DeleteTxsFromStorageNilMetablockNoPanic
=== PAUSE TestBaseRewardsCreator_DeleteTxsFromStorageNilMetablockNoPanic
=== RUN   TestBaseRewardsCreator_DeleteTxsFromStorageNilBlockBodyNoPanic
=== PAUSE TestBaseRewardsCreator_DeleteTxsFromStorageNilBlockBodyNoPanic
=== RUN   TestBaseRewardsCreator_DeleteTxsFromStorageNonRewardsMiniBlocksIgnored
=== PAUSE TestBaseRewardsCreator_DeleteTxsFromStorageNonRewardsMiniBlocksIgnored
=== RUN   TestBaseRewardsCreator_DeleteTxsFromStorage
=== PAUSE TestBaseRewardsCreator_DeleteTxsFromStorage
=== RUN   TestBaseRewardsCreator_RemoveBlockDataFromPoolsNilMetablockNoPanic
=== PAUSE TestBaseRewardsCreator_RemoveBlockDataFromPoolsNilMetablockNoPanic
=== RUN   TestBaseRewardsCreator_RemoveBlockDataFromPoolsNilBlockBodyNoPanic
=== PAUSE TestBaseRewardsCreator_RemoveBlockDataFromPoolsNilBlockBodyNoPanic
=== RUN   TestBaseRewardsCreator_RemoveBlockDataFromPoolsNonRewardsMiniBlocksIgnored
=== PAUSE TestBaseRewardsCreator_RemoveBlockDataFromPoolsNonRewardsMiniBlocksIgnored
=== RUN   TestBaseRewardsCreator_RemoveBlockDataFromPools
=== PAUSE TestBaseRewardsCreator_RemoveBlockDataFromPools
=== RUN   TestBaseRewardsCreator_isSystemDelegationSC
=== PAUSE TestBaseRewardsCreator_isSystemDelegationSC
=== RUN   TestBaseRewardsCreator_isSystemDelegationSCTrue
=== PAUSE TestBaseRewardsCreator_isSystemDelegationSCTrue
=== RUN   TestBaseRewardsCreator_createProtocolSustainabilityRewardTransaction
=== PAUSE TestBaseRewardsCreator_createProtocolSustainabilityRewardTransaction
=== RUN   TestBaseRewardsCreator_createRewardFromRwdInfo
=== PAUSE TestBaseRewardsCreator_createRewardFromRwdInfo
=== RUN   TestBaseRewardsCreator_initializeRewardsMiniBlocks
=== PAUSE TestBaseRewardsCreator_initializeRewardsMiniBlocks
=== RUN   TestBaseRewardsCreator_finalizeMiniBlocksOrdersTxsAscending
=== PAUSE TestBaseRewardsCreator_finalizeMiniBlocksOrdersTxsAscending
=== RUN   TestBaseRewardsCreator_finalizeMiniBlocksEmptyMbsAreRemoved
=== PAUSE TestBaseRewardsCreator_finalizeMiniBlocksEmptyMbsAreRemoved
=== RUN   TestBaseRewardsCreator_fillBaseRewardsPerBlockPerNode
=== PAUSE TestBaseRewardsCreator_fillBaseRewardsPerBlockPerNode
=== RUN   TestBaseRewardsCreator_verifyCreatedRewardMiniBlocksWithMetaBlockNonRewardsMbsHeadersAreIgnored
=== PAUSE TestBaseRewardsCreator_verifyCreatedRewardMiniBlocksWithMetaBlockNonRewardsMbsHeadersAreIgnored
=== RUN   TestBaseRewardsCreator_verifyCreatedRewardMiniBlocksWithMetaBlockMiniBlockHashMismatchReceiverShardMB
=== PAUSE TestBaseRewardsCreator_verifyCreatedRewardMiniBlocksWithMetaBlockMiniBlockHashMismatchReceiverShardMB
=== RUN   TestBaseRewardsCreator_verifyCreatedRewardMiniBlocksWithMetaBlockMiniBlockHashMismatch
=== PAUSE TestBaseRewardsCreator_verifyCreatedRewardMiniBlocksWithMetaBlockMiniBlockHashMismatch
=== RUN   TestBaseRewardsCreator_verifyCreatedRewardMiniBlocksWithMetaBlockMiniBlockNumMismatch
=== PAUSE TestBaseRewardsCreator_verifyCreatedRewardMiniBlocksWithMetaBlockMiniBlockNumMismatch
=== RUN   TestBaseRewardsCreator_getMiniBlockWithReceiverShardIDNotFound
--- PASS: TestBaseRewardsCreator_getMiniBlockWithReceiverShardIDNotFound (0.00s)
=== RUN   TestBaseRewardsCreator_getMiniBlockWithReceiverShardIDFound
--- PASS: TestBaseRewardsCreator_getMiniBlockWithReceiverShardIDFound (0.00s)
=== RUN   TestEpochEconomics_NewEndOfEpochEconomicsDataCreatorNilMarshalizer
=== PAUSE TestEpochEconomics_NewEndOfEpochEconomicsDataCreatorNilMarshalizer
=== RUN   TestEpochEconomics_NewEndOfEpochEconomicsDataCreatorNilStore
=== PAUSE TestEpochEconomics_NewEndOfEpochEconomicsDataCreatorNilStore
=== RUN   TestEpochEconomics_NewEndOfEpochEconomicsDataCreatorNilShardCoordinator
=== PAUSE TestEpochEconomics_NewEndOfEpochEconomicsDataCreatorNilShardCoordinator
=== RUN   TestEpochEconomics_NewEndOfEpochEconomicsDataCreatorNilRewardsHandler
=== PAUSE TestEpochEconomics_NewEndOfEpochEconomicsDataCreatorNilRewardsHandler
=== RUN   TestEpochEconomics_NewEndOfEpochEconomicsDataCreatorNilRoundHandler
=== PAUSE TestEpochEconomics_NewEndOfEpochEconomicsDataCreatorNilRoundHandler
=== RUN   TestEpochEconomics_NewEndOfEpochEconomicsDataCreatorShouldWork
=== PAUSE TestEpochEconomics_NewEndOfEpochEconomicsDataCreatorShouldWork
=== RUN   TestNewEndOfEpochEconomicsDataCreator_NilMarshalizer
=== PAUSE TestNewEndOfEpochEconomicsDataCreator_NilMarshalizer
=== RUN   TestNewEndOfEpochEconomicsDataCreator_NilStore
=== PAUSE TestNewEndOfEpochEconomicsDataCreator_NilStore
=== RUN   TestNewEndOfEpochEconomicsDataCreator_NilShardCoordinator
=== PAUSE TestNewEndOfEpochEconomicsDataCreator_NilShardCoordinator
=== RUN   TestNewEndOfEpochEconomicsDataCreator_NilRewardsHandler
=== PAUSE TestNewEndOfEpochEconomicsDataCreator_NilRewardsHandler
=== RUN   TestNewEndOfEpochEconomicsDataCreator_NilRoundTimeDurationHandler
=== PAUSE TestNewEndOfEpochEconomicsDataCreator_NilRoundTimeDurationHandler
=== RUN   TestNewEndOfEpochEconomicsDataCreator_ShouldWork
=== PAUSE TestNewEndOfEpochEconomicsDataCreator_ShouldWork
=== RUN   TestEconomics_ComputeEndOfEpochEconomics_NilMetaBlockShouldErr
=== PAUSE TestEconomics_ComputeEndOfEpochEconomics_NilMetaBlockShouldErr
=== RUN   TestEconomics_ComputeEndOfEpochEconomics_NilAccumulatedFeesInEpochShouldErr
=== PAUSE TestEconomics_ComputeEndOfEpochEconomics_NilAccumulatedFeesInEpochShouldErr
=== RUN   TestEconomics_ComputeEndOfEpochEconomics_NilDevFeesInEpochShouldErr
=== PAUSE TestEconomics_ComputeEndOfEpochEconomics_NilDevFeesInEpochShouldErr
=== RUN   TestEconomics_ComputeRewardsForProtocolSustainability
--- PASS: TestEconomics_ComputeRewardsForProtocolSustainability (0.00s)
=== RUN   TestEconomics_AdjustRewardsPerBlockWithProtocolSustainabilityRewards
--- PASS: TestEconomics_AdjustRewardsPerBlockWithProtocolSustainabilityRewards (0.00s)
=== RUN   TestEconomics_AdjustRewardsPerBlockWithLeaderPercentage
--- PASS: TestEconomics_AdjustRewardsPerBlockWithLeaderPercentage (0.00s)
=== RUN   TestEconomics_AdjustRewardsPerBlockWithLeaderPercentageAndDevFees
--- PASS: TestEconomics_AdjustRewardsPerBlockWithLeaderPercentageAndDevFees (0.00s)
=== RUN   TestEconomics_AdjustRewardsPerBlockWithDeveloperFees
--- PASS: TestEconomics_AdjustRewardsPerBlockWithDeveloperFees (0.00s)
=== RUN   TestEconomics_ComputeEndOfEpochEconomics_NotEpochStartShouldErr
=== PAUSE TestEconomics_ComputeEndOfEpochEconomics_NotEpochStartShouldErr
=== RUN   TestEconomics_ComputeInflationRate
--- PASS: TestEconomics_ComputeInflationRate (0.00s)
=== RUN   TestEconomics_ComputeEndOfEpochEconomics
=== PAUSE TestEconomics_ComputeEndOfEpochEconomics
=== RUN   TestEconomics_VerifyRewardsPerBlock_DifferentHitRates
=== PAUSE TestEconomics_VerifyRewardsPerBlock_DifferentHitRates
=== RUN   TestEconomics_VerifyRewardsPerBlock_DifferentFees
=== PAUSE TestEconomics_VerifyRewardsPerBlock_DifferentFees
=== RUN   TestEconomics_VerifyRewardsPerBlock_MoreFeesThanInflation
=== PAUSE TestEconomics_VerifyRewardsPerBlock_MoreFeesThanInflation
=== RUN   TestEconomics_VerifyRewardsPerBlock_InflationZero
=== PAUSE TestEconomics_VerifyRewardsPerBlock_InflationZero
=== RUN   TestComputeEndOfEpochEconomicsV2
=== PAUSE TestComputeEndOfEpochEconomicsV2
=== RUN   TestEconomics_checkEconomicsInvariantsV1ReturnsOK
=== PAUSE TestEconomics_checkEconomicsInvariantsV1ReturnsOK
=== RUN   TestEconomics_checkEconomicsInvariantsInflationOutOfRange
=== PAUSE TestEconomics_checkEconomicsInvariantsInflationOutOfRange
=== RUN   TestEconomics_checkEconomicsInvariantsAccumulatedFeesOutOfRange
=== PAUSE TestEconomics_checkEconomicsInvariantsAccumulatedFeesOutOfRange
=== RUN   TestEconomics_checkEconomicsInvariantsRewardsForProtocolSustainabilityOutOfRange
=== PAUSE TestEconomics_checkEconomicsInvariantsRewardsForProtocolSustainabilityOutOfRange
=== RUN   TestEconomics_checkEconomicsInvariantsMintedOutOfRange
=== PAUSE TestEconomics_checkEconomicsInvariantsMintedOutOfRange
=== RUN   TestEconomics_checkEconomicsInvariantsTotalToDistributeOutOfRange
=== PAUSE TestEconomics_checkEconomicsInvariantsTotalToDistributeOutOfRange
=== RUN   TestEconomics_checkEconomicsInvariantsSumRewardsOutOfRange
=== PAUSE TestEconomics_checkEconomicsInvariantsSumRewardsOutOfRange
=== RUN   TestEconomics_checkEconomicsInvariantsV2ReturnsOK
=== PAUSE TestEconomics_checkEconomicsInvariantsV2ReturnsOK
=== RUN   TestEconomics_checkEconomicsInvariantsV2ExtraBlocksNotarized
=== PAUSE TestEconomics_checkEconomicsInvariantsV2ExtraBlocksNotarized
=== RUN   TestEconomics_ComputeRewardsForAccelerator
=== PAUSE TestEconomics_ComputeRewardsForAccelerator
=== RUN   TestEconomics_LogEconomicsDifferences
=== PAUSE TestEconomics_LogEconomicsDifferences
=== RUN   TestEconomics_VerifyRewardsPerBlockError
=== PAUSE TestEconomics_VerifyRewardsPerBlockError
=== RUN   TestEconomics_ComputeEndOfEpochEconomicsWithTailInflation
=== PAUSE TestEconomics_ComputeEndOfEpochEconomicsWithTailInflation
=== RUN   TestEconomics_ComputeEndOfEpochEconomicsWithPrevEpochTotalSupply
=== PAUSE TestEconomics_ComputeEndOfEpochEconomicsWithPrevEpochTotalSupply
=== RUN   TestEconomics_TotalSupplyCalculation
=== PAUSE TestEconomics_TotalSupplyCalculation
=== RUN   TestEpochStartData_NilMarshalizer
=== PAUSE TestEpochStartData_NilMarshalizer
=== RUN   TestEpochStartData_NilHasher
=== PAUSE TestEpochStartData_NilHasher
=== RUN   TestEpochStartData_NilStore
=== PAUSE TestEpochStartData_NilStore
=== RUN   TestEpochStartData_NilDataPool
=== PAUSE TestEpochStartData_NilDataPool
=== RUN   TestEpochStartData_NilBlockTracker
=== PAUSE TestEpochStartData_NilBlockTracker
=== RUN   TestEpochStartData_NilShardCoordinator
=== PAUSE TestEpochStartData_NilShardCoordinator
=== RUN   TestEpochStartData_NilRequestHandler
=== PAUSE TestEpochStartData_NilRequestHandler
=== RUN   TestEpochStartData_NilEnableEpochsHandler
=== PAUSE TestEpochStartData_NilEnableEpochsHandler
=== RUN   TestEpochStartData_InvalidEnableEpochsHandler
=== PAUSE TestEpochStartData_InvalidEnableEpochsHandler
=== RUN   TestVerifyEpochStartDataForMetablock_NotEpochStartBlock
=== PAUSE TestVerifyEpochStartDataForMetablock_NotEpochStartBlock
=== RUN   TestVerifyEpochStartDataForMetablock_DataDoesNotMatch
=== PAUSE TestVerifyEpochStartDataForMetablock_DataDoesNotMatch
=== RUN   TestEpochStartCreator_getLastFinalizedMetaHashForShardMetaHashNotReturnsGenesis
=== PAUSE TestEpochStartCreator_getLastFinalizedMetaHashForShardMetaHashNotReturnsGenesis
=== RUN   TestEpochStartCreator_getLastFinalizedMetaHashForShardShouldWork
=== PAUSE TestEpochStartCreator_getLastFinalizedMetaHashForShardShouldWork
=== RUN   TestEpochStartCreator_CreateEpochStartFromMetaBlockEpochIsNotStarted
=== PAUSE TestEpochStartCreator_CreateEpochStartFromMetaBlockEpochIsNotStarted
=== RUN   TestMetaProcessor_CreateEpochStartFromMetaBlockShouldWork
=== PAUSE TestMetaProcessor_CreateEpochStartFromMetaBlockShouldWork
=== RUN   TestMetaProcessor_CreateEpochStartFromMetaBlockEdgeCaseChecking
=== PAUSE TestMetaProcessor_CreateEpochStartFromMetaBlockEdgeCaseChecking
=== RUN   TestEpochStartCreator_computeStillPending
=== PAUSE TestEpochStartCreator_computeStillPending
=== RUN   Test_initIndexesOfProcessedTxs
=== PAUSE Test_initIndexesOfProcessedTxs
=== RUN   Test_computeStillPendingInShardHeader
=== PAUSE Test_computeStillPendingInShardHeader
=== RUN   Test_updateIndexesOfProcessedTxsEdgeCaseWithIndex0
=== PAUSE Test_updateIndexesOfProcessedTxsEdgeCaseWithIndex0
=== RUN   Test_setIndexOfFirstAndLastTxProcessedShouldNotSetReserved
=== PAUSE Test_setIndexOfFirstAndLastTxProcessedShouldNotSetReserved
=== RUN   Test_setIndexOfFirstAndLastTxProcessedShouldSetReserved
=== PAUSE Test_setIndexOfFirstAndLastTxProcessedShouldSetReserved
=== RUN   TestNewRewardsCreatorProxy_MissingRewardsCreatorV1ArgumentShouldErr
=== PAUSE TestNewRewardsCreatorProxy_MissingRewardsCreatorV1ArgumentShouldErr
=== RUN   TestNewRewardsCreatorProxy_MissingRewardsCreatorV2ArgumentShouldErr
=== PAUSE TestNewRewardsCreatorProxy_MissingRewardsCreatorV2ArgumentShouldErr
=== RUN   TestNewRewardsCreatorProxy_OK
=== PAUSE TestNewRewardsCreatorProxy_OK
=== RUN   TestRewardsCreatorProxy_CreateRewardsMiniBlocksWithError
=== PAUSE TestRewardsCreatorProxy_CreateRewardsMiniBlocksWithError
=== RUN   TestRewardsCreatorProxy_CreateRewardsMiniBlocksOK
=== PAUSE TestRewardsCreatorProxy_CreateRewardsMiniBlocksOK
=== RUN   TestRewardsCreatorProxy_CreateRewardsMiniBlocksWithSwitchToRewardsCreatorV2
=== PAUSE TestRewardsCreatorProxy_CreateRewardsMiniBlocksWithSwitchToRewardsCreatorV2
=== RUN   TestRewardsCreatorProxy_CreateRewardsMiniBlocksWithSwitchToRewardsCreatorV1
=== PAUSE TestRewardsCreatorProxy_CreateRewardsMiniBlocksWithSwitchToRewardsCreatorV1
=== RUN   TestRewardsCreatorProxy_VerifyRewardsMiniBlocksWithError
=== PAUSE TestRewardsCreatorProxy_VerifyRewardsMiniBlocksWithError
=== RUN   TestRewardsCreatorProxy_VerifyRewardsMiniBlocksOK
=== PAUSE TestRewardsCreatorProxy_VerifyRewardsMiniBlocksOK
=== RUN   TestRewardsCreatorProxy_GetAcceleratorRewards
=== PAUSE TestRewardsCreatorProxy_GetAcceleratorRewards
=== RUN   TestRewardsCreatorProxy_GetLocalTxCache
=== PAUSE TestRewardsCreatorProxy_GetLocalTxCache
=== RUN   TestRewardsCreatorProxy_CreateMarshalizedData
=== PAUSE TestRewardsCreatorProxy_CreateMarshalizedData
=== RUN   TestRewardsCreatorProxy_GetRewardsTxs
=== PAUSE TestRewardsCreatorProxy_GetRewardsTxs
=== RUN   TestRewardsCreatorProxy_SaveTxBlockToStorage
=== PAUSE TestRewardsCreatorProxy_SaveTxBlockToStorage
=== RUN   TestRewardsCreatorProxy_DeleteTxsFromStorage
=== PAUSE TestRewardsCreatorProxy_DeleteTxsFromStorage
=== RUN   TestRewardsCreatorProxy_RemoveBlockDataFromPools
=== PAUSE TestRewardsCreatorProxy_RemoveBlockDataFromPools
=== RUN   TestRewardsCreatorProxy_IsInterfaceNil
=== PAUSE TestRewardsCreatorProxy_IsInterfaceNil
=== RUN   TestNewRewardsCreator_InvalidBaseRewardsCreatorArgs
=== PAUSE TestNewRewardsCreator_InvalidBaseRewardsCreatorArgs
=== RUN   TestNewRewardsCreator_NilStakingDataProvider
=== PAUSE TestNewRewardsCreator_NilStakingDataProvider
=== RUN   TestNewRewardsCreator_NilEconomicsDataProvider
=== PAUSE TestNewRewardsCreator_NilEconomicsDataProvider
=== RUN   TestNewRewardsCreator_NilRewardsHandlerShouldErr
=== PAUSE TestNewRewardsCreator_NilRewardsHandlerShouldErr
=== RUN   TestNewRewardsCreatorOK
=== PAUSE TestNewRewardsCreatorOK
=== RUN   TestNewRewardsCreatorV2_initNodesRewardsInfo
=== PAUSE TestNewRewardsCreatorV2_initNodesRewardsInfo
=== RUN   TestNewRewardsCreatorV2_getTopUpForAllEligibleNodes
=== PAUSE TestNewRewardsCreatorV2_getTopUpForAllEligibleNodes
=== RUN   TestNewRewardsCreatorV2_getTopUpForAllEligibleSomeBLSKeysNotFoundZeroed
=== PAUSE TestNewRewardsCreatorV2_getTopUpForAllEligibleSomeBLSKeysNotFoundZeroed
=== RUN   TestRewardsCreatorV2_adjustProtocolSustainabilityRewardsPositiveValue
=== PAUSE TestRewardsCreatorV2_adjustProtocolSustainabilityRewardsPositiveValue
=== RUN   TestRewardsCreatorV2_adjustProtocolSustainabilityRewardsNegValueNotAccepted
=== PAUSE TestRewardsCreatorV2_adjustProtocolSustainabilityRewardsNegValueNotAccepted
=== RUN   TestRewardsCreatorV2_adjustProtocolSustainabilityRewardsInitialNegativeValue
=== PAUSE TestRewardsCreatorV2_adjustProtocolSustainabilityRewardsInitialNegativeValue
=== RUN   TestNewRewardsCreatorV2_aggregateBaseAndTopUpRewardsPerNode
=== PAUSE TestNewRewardsCreatorV2_aggregateBaseAndTopUpRewardsPerNode
=== RUN   TestNewRewardsCreatorV2_computeNodePowerInShardOfflineNodeZeroPower
=== PAUSE TestNewRewardsCreatorV2_computeNodePowerInShardOfflineNodeZeroPower
=== RUN   TestNewRewardsCreatorV2_computeNodePowerInShard
=== PAUSE TestNewRewardsCreatorV2_computeNodePowerInShard
=== RUN   TestNewRewardsCreatorV2_computeNodesPowerInShard
=== PAUSE TestNewRewardsCreatorV2_computeNodesPowerInShard
=== RUN   TestNewRewardsCreatorV2_computeShardsPower
=== PAUSE TestNewRewardsCreatorV2_computeShardsPower
=== RUN   TestNewRewardsCreatorV2_computeRewardsForPowerPerShardZeroTotalPower
=== PAUSE TestNewRewardsCreatorV2_computeRewardsForPowerPerShardZeroTotalPower
=== RUN   TestNewRewardsCreatorV2_computeRewardsForPowerPerShard
=== PAUSE TestNewRewardsCreatorV2_computeRewardsForPowerPerShard
=== RUN   TestNewRewardsCreatorV2_computeTopUpRewardsPerShardNoBlockPerShard
=== PAUSE TestNewRewardsCreatorV2_computeTopUpRewardsPerShardNoBlockPerShard
=== RUN   TestNewRewardsCreatorV2_computeTopUpRewardsPerShard
=== PAUSE TestNewRewardsCreatorV2_computeTopUpRewardsPerShard
=== RUN   TestNewRewardsCreatorV2_computeTopUpRewardsZeroTopup
=== PAUSE TestNewRewardsCreatorV2_computeTopUpRewardsZeroTopup
=== RUN   TestNewRewardsCreatorV2_computeTopUpRewardsNegativeToDistribute
=== PAUSE TestNewRewardsCreatorV2_computeTopUpRewardsNegativeToDistribute
=== RUN   TestNewRewardsCreatorV2_computeTopUpRewards
=== PAUSE TestNewRewardsCreatorV2_computeTopUpRewards
=== RUN   TestNewRewardsCreatorV2_computeTopUpRewardsPerNode
=== PAUSE TestNewRewardsCreatorV2_computeTopUpRewardsPerNode
=== RUN   TestNewRewardsCreatorV2_computeTopUpRewardsPerNodeNotFoundBLSKeys
=== PAUSE TestNewRewardsCreatorV2_computeTopUpRewardsPerNodeNotFoundBLSKeys
=== RUN   TestNewRewardsCreatorV2_computeBaseRewardsPerNode
=== PAUSE TestNewRewardsCreatorV2_computeBaseRewardsPerNode
=== RUN   TestNewRewardsCreatorV2_computeRewardsPerNode
=== PAUSE TestNewRewardsCreatorV2_computeRewardsPerNode
=== RUN   TestNewRewardsCreatorV2_computeAverageRewardsPer2169Nodes
=== PAUSE TestNewRewardsCreatorV2_computeAverageRewardsPer2169Nodes
=== RUN   TestNewRewardsCreatorV2_computeAverageRewardsPer1920Nodes
=== PAUSE TestNewRewardsCreatorV2_computeAverageRewardsPer1920Nodes
=== RUN   TestNewRewardsCreatorV2_computeAverageRewardsPer3200Nodes
=== PAUSE TestNewRewardsCreatorV2_computeAverageRewardsPer3200Nodes
=== RUN   TestNewRewardsCreatorV35_computeAverageRewardsPer3200Nodes
=== PAUSE TestNewRewardsCreatorV35_computeAverageRewardsPer3200Nodes
=== RUN   TestNewRewardsCreatorV35_computeRewardsPer3200NodesWithDifferentTopups
=== PAUSE TestNewRewardsCreatorV35_computeRewardsPer3200NodesWithDifferentTopups
=== RUN   TestNewRewardsCreatorV2_computeRewardsPer3200NodesWithDifferentTopups
=== PAUSE TestNewRewardsCreatorV2_computeRewardsPer3200NodesWithDifferentTopups
=== RUN   TestNewRewardsCreatorV2_computeValidatorInfoPerRewardAddress
=== PAUSE TestNewRewardsCreatorV2_computeValidatorInfoPerRewardAddress
=== RUN   TestNewRewardsCreatorV2_computeValidatorInfoPerRewardAddressWithOfflineValidators
=== PAUSE TestNewRewardsCreatorV2_computeValidatorInfoPerRewardAddressWithOfflineValidators
=== RUN   TestNewRewardsCreatorV2_computeValidatorInfoPerRewardAddressWithLeavingValidators
=== PAUSE TestNewRewardsCreatorV2_computeValidatorInfoPerRewardAddressWithLeavingValidators
=== RUN   TestNewRewardsCreatorV2_computeValidatorInfoPerRewardAddressWithDustLeaderFees
=== PAUSE TestNewRewardsCreatorV2_computeValidatorInfoPerRewardAddressWithDustLeaderFees
=== RUN   TestNewRewardsCreatorV2_addValidatorRewardsToMiniBlocks
=== PAUSE TestNewRewardsCreatorV2_addValidatorRewardsToMiniBlocks
=== RUN   TestNewRewardsCreatorV2_addValidatorRewardsToMiniBlocksAddressInMetaChainDelegationDisabled
=== PAUSE TestNewRewardsCreatorV2_addValidatorRewardsToMiniBlocksAddressInMetaChainDelegationDisabled
=== RUN   TestNewRewardsCreatorV2_CreateRewardsMiniBlocks
=== PAUSE TestNewRewardsCreatorV2_CreateRewardsMiniBlocks
=== RUN   TestNewRewardsCreatorV2_CreateRewardsMiniBlocks2169Nodes
=== PAUSE TestNewRewardsCreatorV2_CreateRewardsMiniBlocks2169Nodes
=== RUN   TestRewardsCreatorV2_CreateRewardsMiniBlocksWithTopUp
=== PAUSE TestRewardsCreatorV2_CreateRewardsMiniBlocksWithTopUp
=== RUN   TestNewRewardsCreator_NilShardCoordinator
=== PAUSE TestNewRewardsCreator_NilShardCoordinator
=== RUN   TestNewRewardsCreator_NilPubkeyConverter
=== PAUSE TestNewRewardsCreator_NilPubkeyConverter
=== RUN   TestNewRewardsCreator_NilRewardsStorage
=== PAUSE TestNewRewardsCreator_NilRewardsStorage
=== RUN   TestNewRewardsCreator_NilMiniBlockStorage
=== PAUSE TestNewRewardsCreator_NilMiniBlockStorage
=== RUN   TestNewRewardsCreator_NilHasher
=== PAUSE TestNewRewardsCreator_NilHasher
=== RUN   TestNewRewardsCreator_NilMarshalizer
=== PAUSE TestNewRewardsCreator_NilMarshalizer
=== RUN   TestNewRewardsCreator_OkValsShouldWork
=== PAUSE TestNewRewardsCreator_OkValsShouldWork
=== RUN   TestRewardsCreator_CreateRewardsMiniBlocks
=== PAUSE TestRewardsCreator_CreateRewardsMiniBlocks
=== RUN   TestRewardsCreator_VerifyRewardsMiniBlocksHashDoesNotMatch
=== PAUSE TestRewardsCreator_VerifyRewardsMiniBlocksHashDoesNotMatch
=== RUN   TestRewardsCreator_VerifyRewardsMiniBlocksRewardsMbNumDoesNotMatch
=== PAUSE TestRewardsCreator_VerifyRewardsMiniBlocksRewardsMbNumDoesNotMatch
=== RUN   TestRewardsCreator_adjustProtocolSustainabilityRewardsPositiveValue
=== PAUSE TestRewardsCreator_adjustProtocolSustainabilityRewardsPositiveValue
=== RUN   TestRewardsCreator_adjustProtocolSustainabilityRewardsNegValueShouldWork
=== PAUSE TestRewardsCreator_adjustProtocolSustainabilityRewardsNegValueShouldWork
=== RUN   TestRewardsCreator_adjustProtocolSustainabilityRewardsInitialNegativeValue
=== PAUSE TestRewardsCreator_adjustProtocolSustainabilityRewardsInitialNegativeValue
=== RUN   TestRewardsCreator_VerifyRewardsMiniBlocksShouldWork
=== PAUSE TestRewardsCreator_VerifyRewardsMiniBlocksShouldWork
=== RUN   TestRewardsCreator_VerifyRewardsMiniBlocksShouldWorkEvenIfNotAllShardsHaveRewards
=== PAUSE TestRewardsCreator_VerifyRewardsMiniBlocksShouldWorkEvenIfNotAllShardsHaveRewards
=== RUN   TestRewardsCreator_CreateMarshalizedData
=== PAUSE TestRewardsCreator_CreateMarshalizedData
=== RUN   TestRewardsCreator_SaveTxBlockToStorage
=== PAUSE TestRewardsCreator_SaveTxBlockToStorage
=== RUN   TestRewardsCreator_addValidatorRewardsToMiniBlocks
=== PAUSE TestRewardsCreator_addValidatorRewardsToMiniBlocks
=== RUN   TestRewardsCreator_ProtocolRewardsForValidatorFromMultipleShards
=== PAUSE TestRewardsCreator_ProtocolRewardsForValidatorFromMultipleShards
=== RUN   TestRewardsCreator_CreateProtocolSustainabilityRewardTransaction
=== PAUSE TestRewardsCreator_CreateProtocolSustainabilityRewardTransaction
=== RUN   TestRewardsCreator_AddProtocolSustainabilityRewardToMiniBlocks
=== PAUSE TestRewardsCreator_AddProtocolSustainabilityRewardToMiniBlocks
=== RUN   TestRewardsCreator_ValidatorInfoWithMetaAddressAddedToProtocolSustainabilityReward
=== PAUSE TestRewardsCreator_ValidatorInfoWithMetaAddressAddedToProtocolSustainabilityReward
=== RUN   TestNewStakingDataProvider_NilInputPointersShouldErr
=== PAUSE TestNewStakingDataProvider_NilInputPointersShouldErr
=== RUN   TestStakingDataProvider_PrepareDataForBlsKeyGetBlsKeyOwnerErrorsShouldErr
=== PAUSE TestStakingDataProvider_PrepareDataForBlsKeyGetBlsKeyOwnerErrorsShouldErr
=== RUN   TestStakingDataProvider_PrepareDataForBlsKeyLoadOwnerDataErrorsShouldErr
=== PAUSE TestStakingDataProvider_PrepareDataForBlsKeyLoadOwnerDataErrorsShouldErr
=== RUN   TestStakingDataProvider_PrepareDataForBlsKeyFromSCShouldWork
=== PAUSE TestStakingDataProvider_PrepareDataForBlsKeyFromSCShouldWork
=== RUN   TestStakingDataProvider_PrepareDataForBlsKeyCachedResponseShouldWork
=== PAUSE TestStakingDataProvider_PrepareDataForBlsKeyCachedResponseShouldWork
=== RUN   TestStakingDataProvider_PrepareDataForBlsKeyWithRealSystemVmShouldWork
=== PAUSE TestStakingDataProvider_PrepareDataForBlsKeyWithRealSystemVmShouldWork
=== RUN   TestStakingDataProvider_ComputeUnQualifiedNodes
--- PASS: TestStakingDataProvider_ComputeUnQualifiedNodes (0.02s)
=== RUN   TestStakingDataProvider_ComputeUnQualifiedNodesWithStakingV4ReceivedNewListNode
--- PASS: TestStakingDataProvider_ComputeUnQualifiedNodesWithStakingV4ReceivedNewListNode (0.00s)
=== RUN   TestStakingDataProvider_ComputeUnQualifiedNodesWithOwnerNotEnoughFunds
id: addressinactive00, num bls keys: 1
id: addresseligible42949672950, num bls keys: 1
id: addresswaiting42949672950, num bls keys: 1
id: addresseligible00, num bls keys: 1
id: addresswaiting00, num bls keys: 2
id: addressleaving00, num bls keys: 1
--- PASS: TestStakingDataProvider_ComputeUnQualifiedNodesWithOwnerNotEnoughFunds (0.00s)
=== RUN   TestStakingDataProvider_ComputeUnQualifiedNodesWithOwnerNotEnoughFundsWithStakingV4
--- PASS: TestStakingDataProvider_ComputeUnQualifiedNodesWithOwnerNotEnoughFundsWithStakingV4 (0.00s)
=== RUN   TestStakingDataProvider_GetTotalStakeEligibleNodes
=== PAUSE TestStakingDataProvider_GetTotalStakeEligibleNodes
=== RUN   TestStakingDataProvider_GetTotalTopUpStakeEligibleNodes
=== PAUSE TestStakingDataProvider_GetTotalTopUpStakeEligibleNodes
=== RUN   TestStakingDataProvider_GetNodeStakedTopUpOwnerNotInCacheShouldErr
=== PAUSE TestStakingDataProvider_GetNodeStakedTopUpOwnerNotInCacheShouldErr
=== RUN   TestStakingDataProvider_GetNodeStakedTopUpScCallError
=== PAUSE TestStakingDataProvider_GetNodeStakedTopUpScCallError
=== RUN   TestStakingDataProvider_GetNodeStakedTopUpShouldWork
=== PAUSE TestStakingDataProvider_GetNodeStakedTopUpShouldWork
=== RUN   TestStakingDataProvider_PrepareStakingDataForRewards
=== PAUSE TestStakingDataProvider_PrepareStakingDataForRewards
=== RUN   TestStakingDataProvider_FillValidatorInfo
=== PAUSE TestStakingDataProvider_FillValidatorInfo
=== RUN   TestCheckAndFillOwnerValidatorAuctionData
=== PAUSE TestCheckAndFillOwnerValidatorAuctionData
=== RUN   TestSelectKeysToUnStake
=== PAUSE TestSelectKeysToUnStake
=== RUN   TestNewSystemSCProcessor
=== PAUSE TestNewSystemSCProcessor
=== RUN   TestSystemSCProcessor_ProcessSystemSmartContract
=== PAUSE TestSystemSCProcessor_ProcessSystemSmartContract
=== RUN   TestSystemSCProcessor_JailedNodesShouldNotBeSwappedAllAtOnce
=== PAUSE TestSystemSCProcessor_JailedNodesShouldNotBeSwappedAllAtOnce
=== RUN   TestSystemSCProcessor_NobodyToSwapWithStakingV2
=== PAUSE TestSystemSCProcessor_NobodyToSwapWithStakingV2
=== RUN   TestSystemSCProcessor_UpdateStakingV2ShouldWork
=== PAUSE TestSystemSCProcessor_UpdateStakingV2ShouldWork
=== RUN   TestSystemSCProcessor_UpdateStakingV2MoreKeysShouldWork
=== PAUSE TestSystemSCProcessor_UpdateStakingV2MoreKeysShouldWork
=== RUN   TestSystemSCProcessor_ProcessSystemSmartContractInitDelegationMgr
=== PAUSE TestSystemSCProcessor_ProcessSystemSmartContractInitDelegationMgr
=== RUN   TestSystemSCProcessor_ProcessSystemSmartContractInitGovernance
=== PAUSE TestSystemSCProcessor_ProcessSystemSmartContractInitGovernance
=== RUN   TestSystemSCProcessor_ProcessDelegationRewardsNothingToExecute
=== PAUSE TestSystemSCProcessor_ProcessDelegationRewardsNothingToExecute
=== RUN   TestSystemSCProcessor_ProcessDelegationRewardsErrors
=== PAUSE TestSystemSCProcessor_ProcessDelegationRewardsErrors
=== RUN   TestSystemSCProcessor_ProcessDelegationRewards
=== PAUSE TestSystemSCProcessor_ProcessDelegationRewards
=== RUN   TestSystemSCProcessor_ProcessSystemSmartContractMaxNodesStakedFromQueue
=== PAUSE TestSystemSCProcessor_ProcessSystemSmartContractMaxNodesStakedFromQueue
=== RUN   TestSystemSCProcessor_ProcessSystemSmartContractMaxNodesStakedFromQueueOwnerNotSet
=== PAUSE TestSystemSCProcessor_ProcessSystemSmartContractMaxNodesStakedFromQueueOwnerNotSet
=== RUN   TestSystemSCProcessor_DCDTInitShouldWork
=== PAUSE TestSystemSCProcessor_DCDTInitShouldWork
=== RUN   TestSystemSCProcessor_ProcessSystemSmartContractUnStakeOneNodeStakeOthers
=== PAUSE TestSystemSCProcessor_ProcessSystemSmartContractUnStakeOneNodeStakeOthers
=== RUN   TestSystemSCProcessor_ProcessSystemSmartContractUnStakeTheOnlyNodeShouldWork
=== PAUSE TestSystemSCProcessor_ProcessSystemSmartContractUnStakeTheOnlyNodeShouldWork
=== RUN   TestSystemSCProcessor_ProcessSystemSmartContractUnStakeFromDelegationContract
=== PAUSE TestSystemSCProcessor_ProcessSystemSmartContractUnStakeFromDelegationContract
=== RUN   TestSystemSCProcessor_ProcessSystemSmartContractShouldUnStakeFromAdditionalQueueOnly
=== PAUSE TestSystemSCProcessor_ProcessSystemSmartContractShouldUnStakeFromAdditionalQueueOnly
=== RUN   TestSystemSCProcessor_ProcessSystemSmartContractUnStakeFromAdditionalQueue
=== PAUSE TestSystemSCProcessor_ProcessSystemSmartContractUnStakeFromAdditionalQueue
=== RUN   TestSystemSCProcessor_ProcessSystemSmartContractWrongValidatorInfoShouldBeCleaned
=== PAUSE TestSystemSCProcessor_ProcessSystemSmartContractWrongValidatorInfoShouldBeCleaned
=== RUN   TestSystemSCProcessor_TogglePauseUnPause
=== PAUSE TestSystemSCProcessor_TogglePauseUnPause
=== RUN   TestSystemSCProcessor_ResetUnJailListErrors
=== PAUSE TestSystemSCProcessor_ResetUnJailListErrors
=== RUN   TestSystemSCProcessor_ProcessSystemSmartContractJailAndUnStake
=== PAUSE TestSystemSCProcessor_ProcessSystemSmartContractJailAndUnStake
=== RUN   TestSystemSCProcessor_ProcessSystemSmartContractSwapJailedWithWaiting
=== PAUSE TestSystemSCProcessor_ProcessSystemSmartContractSwapJailedWithWaiting
=== RUN   TestSystemSCProcessor_ProcessSystemSmartContractStakingV4Init
=== PAUSE TestSystemSCProcessor_ProcessSystemSmartContractStakingV4Init
=== RUN   TestSystemSCProcessor_ProcessSystemSmartContractStakingV4EnabledCannotPrepareStakingData
=== PAUSE TestSystemSCProcessor_ProcessSystemSmartContractStakingV4EnabledCannotPrepareStakingData
=== RUN   TestSystemSCProcessor_ProcessSystemSmartContractStakingV4Enabled
=== PAUSE TestSystemSCProcessor_ProcessSystemSmartContractStakingV4Enabled
=== RUN   TestSystemSCProcessor_LegacyEpochConfirmedCorrectMaxNumNodesAfterNodeRestart
=== PAUSE TestSystemSCProcessor_LegacyEpochConfirmedCorrectMaxNumNodesAfterNodeRestart
=== RUN   TestSystemSCProcessor_ProcessSystemSmartContractNilInputValues
=== PAUSE TestSystemSCProcessor_ProcessSystemSmartContractNilInputValues
=== RUN   TestLegacySystemSCProcessor_addNewlyStakedNodesToValidatorTrie
=== PAUSE TestLegacySystemSCProcessor_addNewlyStakedNodesToValidatorTrie
=== RUN   TestTrigger_LoadStateAfterSave
=== PAUSE TestTrigger_LoadStateAfterSave
=== RUN   TestTrigger_LoadStateBackwardsCompatibility
=== PAUSE TestTrigger_LoadStateBackwardsCompatibility
=== RUN   TestNewEpochStartTrigger_NilArgumentsShouldErr
=== PAUSE TestNewEpochStartTrigger_NilArgumentsShouldErr
=== RUN   TestNewEpochStartTrigger_NilSettingsShouldErr
=== PAUSE TestNewEpochStartTrigger_NilSettingsShouldErr
=== RUN   TestNewEpochStartTrigger_InvalidSettingsShouldErr
=== PAUSE TestNewEpochStartTrigger_InvalidSettingsShouldErr
=== RUN   TestNewEpochStartTrigger_NilEpochStartNotifierShouldErr
=== PAUSE TestNewEpochStartTrigger_NilEpochStartNotifierShouldErr
=== RUN   TestNewEpochStartTrigger_InvalidSettingsShouldErr2
=== PAUSE TestNewEpochStartTrigger_InvalidSettingsShouldErr2
=== RUN   TestNewEpochStartTrigger_InvalidSettingsShouldErr3
=== PAUSE TestNewEpochStartTrigger_InvalidSettingsShouldErr3
=== RUN   TestNewEpochStartTrigger_MissingBootstrapUnit
=== PAUSE TestNewEpochStartTrigger_MissingBootstrapUnit
=== RUN   TestNewEpochStartTrigger_MissingMetaBlockUnit
=== PAUSE TestNewEpochStartTrigger_MissingMetaBlockUnit
=== RUN   TestNewEpochStartTrigger_ShouldOk
=== PAUSE TestNewEpochStartTrigger_ShouldOk
=== RUN   TestTrigger_Update
=== PAUSE TestTrigger_Update
=== RUN   TestTrigger_ForceEpochStartCloseToNormalEpochStartShouldNotForce
=== PAUSE TestTrigger_ForceEpochStartCloseToNormalEpochStartShouldNotForce
=== RUN   TestTrigger_ForceEpochStartUnderMinimumBetweenEpochs
=== PAUSE TestTrigger_ForceEpochStartUnderMinimumBetweenEpochs
=== RUN   TestTrigger_ForceEpochStartShouldOk
=== PAUSE TestTrigger_ForceEpochStartShouldOk
=== RUN   TestTrigger_LastCommitedMetaEpochStartBlock
=== PAUSE TestTrigger_LastCommitedMetaEpochStartBlock
=== RUN   TestTrigger_UpdateRevertToEndOfEpochUpdate
=== PAUSE TestTrigger_UpdateRevertToEndOfEpochUpdate
=== RUN   TestTrigger_RevertBehindEpochStartBlock
=== PAUSE TestTrigger_RevertBehindEpochStartBlock
=== RUN   TestEpochValidatorInfoCreator_NewValidatorInfoCreatorNilMarshalizer
=== PAUSE TestEpochValidatorInfoCreator_NewValidatorInfoCreatorNilMarshalizer
=== RUN   TestEpochValidatorInfoCreator_NewValidatorInfoCreatorNilHasher
=== PAUSE TestEpochValidatorInfoCreator_NewValidatorInfoCreatorNilHasher
=== RUN   TestEpochValidatorInfoCreator_NewValidatorInfoCreatorNilStore
=== PAUSE TestEpochValidatorInfoCreator_NewValidatorInfoCreatorNilStore
=== RUN   TestEpochValidatorInfoCreator_NewValidatorInfoCreatorNilShardCoordinator
=== PAUSE TestEpochValidatorInfoCreator_NewValidatorInfoCreatorNilShardCoordinator
=== RUN   TestEpochValidatorInfoCreator_NewValidatorInfoCreatorNilDataPool
=== PAUSE TestEpochValidatorInfoCreator_NewValidatorInfoCreatorNilDataPool
=== RUN   TestEpochValidatorInfoCreator_NewValidatorInfoCreatorNilEnableEpochsHandler
=== PAUSE TestEpochValidatorInfoCreator_NewValidatorInfoCreatorNilEnableEpochsHandler
=== RUN   TestEpochValidatorInfoCreator_NewValidatorInfoCreatorInvalidEnableEpochsHandler
=== PAUSE TestEpochValidatorInfoCreator_NewValidatorInfoCreatorInvalidEnableEpochsHandler
=== RUN   TestEpochValidatorInfoCreator_NewValidatorInfoCreatorShouldWork
=== PAUSE TestEpochValidatorInfoCreator_NewValidatorInfoCreatorShouldWork
=== RUN   TestEpochValidatorInfoCreator_CreateValidatorInfoMiniBlocksNilValidatorInfo
=== PAUSE TestEpochValidatorInfoCreator_CreateValidatorInfoMiniBlocksNilValidatorInfo
=== RUN   TestEpochValidatorInfoCreator_CreateValidatorInfoMiniBlocksErrMarshal
=== PAUSE TestEpochValidatorInfoCreator_CreateValidatorInfoMiniBlocksErrMarshal
=== RUN   TestEpochValidatorInfoCreator_CreateValidatorInfoMiniBlocksShouldWork
=== PAUSE TestEpochValidatorInfoCreator_CreateValidatorInfoMiniBlocksShouldWork
=== RUN   TestEpochValidatorInfoCreator_CreateValidatorInfoMiniBlocksShouldBeCorrect
=== PAUSE TestEpochValidatorInfoCreator_CreateValidatorInfoMiniBlocksShouldBeCorrect
=== RUN   TestEpochValidatorInfoCreator_VerifyValidatorInfoMiniBlocksShouldBeCorrect
=== PAUSE TestEpochValidatorInfoCreator_VerifyValidatorInfoMiniBlocksShouldBeCorrect
=== RUN   TestEpochValidatorInfoCreator_VerifyValidatorInfoMiniBlocksNilValidatorInfo
=== PAUSE TestEpochValidatorInfoCreator_VerifyValidatorInfoMiniBlocksNilValidatorInfo
=== RUN   TestEpochValidatorInfoCreator_VerifyValidatorInfoMiniBlocksNumberNoMatch
=== PAUSE TestEpochValidatorInfoCreator_VerifyValidatorInfoMiniBlocksNumberNoMatch
=== RUN   TestEpochValidatorInfoCreator_VerifyValidatorInfoMiniBlocksTxHashDoNotMatch
=== PAUSE TestEpochValidatorInfoCreator_VerifyValidatorInfoMiniBlocksTxHashDoNotMatch
=== RUN   TestEpochValidatorInfoCreator_VerifyValidatorInfoMiniBlocksNilMiniblocks
=== PAUSE TestEpochValidatorInfoCreator_VerifyValidatorInfoMiniBlocksNilMiniblocks
=== RUN   TestEpochValidatorInfoCreator_VerifyValidatorInfoMiniBlocksNilOneMiniblock
=== PAUSE TestEpochValidatorInfoCreator_VerifyValidatorInfoMiniBlocksNilOneMiniblock
=== RUN   TestEpochValidatorInfoCreator_SaveValidatorInfoBlockDataToStorage
--- PASS: TestEpochValidatorInfoCreator_SaveValidatorInfoBlockDataToStorage (0.00s)
=== RUN   TestEpochValidatorInfoCreator_DeleteValidatorInfoBlockDataFromStorage
--- PASS: TestEpochValidatorInfoCreator_DeleteValidatorInfoBlockDataFromStorage (0.00s)
=== RUN   TestEpochValidatorInfoCreator_DeleteValidatorInfoBlockDataFromStorageDoesDeleteOnlyPeerBlocks
--- PASS: TestEpochValidatorInfoCreator_DeleteValidatorInfoBlockDataFromStorageDoesDeleteOnlyPeerBlocks (0.00s)
=== RUN   TestEpochValidatorInfoCreator_IsInterfaceNil
=== PAUSE TestEpochValidatorInfoCreator_IsInterfaceNil
=== RUN   TestEpochValidatorInfoCreator_GetShardValidatorInfoData
=== PAUSE TestEpochValidatorInfoCreator_GetShardValidatorInfoData
=== RUN   TestEpochValidatorInfoCreator_CreateMarshalledData
=== PAUSE TestEpochValidatorInfoCreator_CreateMarshalledData
=== RUN   TestEpochValidatorInfoCreator_SetMarshalledValidatorInfoTxsShouldWork
=== PAUSE TestEpochValidatorInfoCreator_SetMarshalledValidatorInfoTxsShouldWork
=== RUN   TestEpochValidatorInfoCreator_GetValidatorInfoTxsShouldWork
=== PAUSE TestEpochValidatorInfoCreator_GetValidatorInfoTxsShouldWork
=== RUN   TestEpochValidatorInfoCreator_SetMapShardValidatorInfoShouldWork
=== PAUSE TestEpochValidatorInfoCreator_SetMapShardValidatorInfoShouldWork
=== RUN   TestEpochValidatorInfoCreator_GetShardValidatorInfoShouldWork
=== PAUSE TestEpochValidatorInfoCreator_GetShardValidatorInfoShouldWork
=== RUN   TestEpochValidatorInfoCreator_SaveValidatorInfoShouldWork
=== PAUSE TestEpochValidatorInfoCreator_SaveValidatorInfoShouldWork
=== RUN   TestEpochValidatorInfoCreator_RemoveValidatorInfoShouldWork
=== PAUSE TestEpochValidatorInfoCreator_RemoveValidatorInfoShouldWork
=== RUN   TestEpochValidatorInfoCreator_RemoveValidatorInfoFromPoolShouldWork
=== PAUSE TestEpochValidatorInfoCreator_RemoveValidatorInfoFromPoolShouldWork
=== RUN   TestValidatorInfoCreator_CreateMiniblockBackwardsCompatibility
=== PAUSE TestValidatorInfoCreator_CreateMiniblockBackwardsCompatibility
=== RUN   TestValidatorInfoCreator_printAllMiniBlocksShouldNotPanic
=== RUN   TestValidatorInfoCreator_printAllMiniBlocksShouldNotPanic/nil_and_empty_slices,_should_not_panic
=== RUN   TestValidatorInfoCreator_printAllMiniBlocksShouldNotPanic/slice_contains_a_nil_miniblock,_should_not_panic
[0;33mWARN [0m[2026-03-16 10:13:40.687]   nil miniblock found in printAllMiniBlocks, range on received [0;33mindex[0m = 1 
[0;33mWARN [0m[2026-03-16 10:13:40.687]   nil miniblock found in printAllMiniBlocks, range on created [0;33mindex[0m = 1 
=== RUN   TestValidatorInfoCreator_printAllMiniBlocksShouldNotPanic/marshal_outputs_error,_should_not_panic
[0;33mWARN [0m[2026-03-16 10:13:40.687]   error computing hash in validatorInfoCreator.printMiniBlock [0;33mindex[0m = 0 [0;33merror[0m = marshal error 
[0;33mWARN [0m[2026-03-16 10:13:40.687]   error computing hash in validatorInfoCreator.printMiniBlock [0;33mindex[0m = 1 [0;33merror[0m = marshal error 
[0;33mWARN [0m[2026-03-16 10:13:40.687]   error computing hash in validatorInfoCreator.printMiniBlock [0;33mindex[0m = 2 [0;33merror[0m = marshal error 
[0;33mWARN [0m[2026-03-16 10:13:40.688]   error computing hash in validatorInfoCreator.printMiniBlock [0;33mindex[0m = 3 [0;33merror[0m = marshal error 
[0;33mWARN [0m[2026-03-16 10:13:40.688]   error computing hash in validatorInfoCreator.printMiniBlock [0;33mindex[0m = 0 [0;33merror[0m = marshal error 
[0;33mWARN [0m[2026-03-16 10:13:40.688]   error computing hash in validatorInfoCreator.printMiniBlock [0;33mindex[0m = 1 [0;33merror[0m = marshal error 
[0;33mWARN [0m[2026-03-16 10:13:40.688]   error computing hash in validatorInfoCreator.printMiniBlock [0;33mindex[0m = 2 [0;33merror[0m = marshal error 
[0;33mWARN [0m[2026-03-16 10:13:40.688]   error computing hash in validatorInfoCreator.printMiniBlock [0;33mindex[0m = 3 [0;33merror[0m = marshal error 
--- PASS: TestValidatorInfoCreator_printAllMiniBlocksShouldNotPanic (0.00s)
    --- PASS: TestValidatorInfoCreator_printAllMiniBlocksShouldNotPanic/nil_and_empty_slices,_should_not_panic (0.00s)
    --- PASS: TestValidatorInfoCreator_printAllMiniBlocksShouldNotPanic/slice_contains_a_nil_miniblock,_should_not_panic (0.00s)
    --- PASS: TestValidatorInfoCreator_printAllMiniBlocksShouldNotPanic/marshal_outputs_error,_should_not_panic (0.00s)
=== RUN   TestValidatorInfoCreator_sortValidators
=== PAUSE TestValidatorInfoCreator_sortValidators
=== CONT  TestSystemSCProcessor_ProcessSystemSmartContractWrongValidatorInfoShouldBeCleaned
=== CONT  TestNewAuctionListDisplayer
=== RUN   TestNewAuctionListDisplayer/invalid_auction_config
=== RUN   TestNewAuctionListDisplayer/should_work
--- PASS: TestNewAuctionListDisplayer (0.00s)
    --- PASS: TestNewAuctionListDisplayer/invalid_auction_config (0.00s)
    --- PASS: TestNewAuctionListDisplayer/should_work (0.00s)
=== CONT  TestRewardsCreatorProxy_SaveTxBlockToStorage
=== CONT  TestSystemSCProcessor_DCDTInitShouldWork
=== CONT  TestRewardsCreatorProxy_GetRewardsTxs
--- PASS: TestSystemSCProcessor_DCDTInitShouldWork (0.00s)
=== CONT  TestRewardsCreatorProxy_CreateRewardsMiniBlocksWithSwitchToRewardsCreatorV2
--- PASS: TestRewardsCreatorProxy_GetRewardsTxs (0.00s)
=== CONT  TestSystemSCProcessor_ProcessSystemSmartContractMaxNodesStakedFromQueueOwnerNotSet
=== CONT  TestRewardsCreatorProxy_DeleteTxsFromStorage
=== CONT  TestRewardsCreatorProxy_CreateMarshalizedData
=== CONT  TestSystemSCProcessor_ProcessSystemSmartContractUnStakeFromAdditionalQueue
=== CONT  TestRewardsCreatorProxy_GetLocalTxCache
=== CONT  TestSystemSCProcessor_ProcessSystemSmartContractShouldUnStakeFromAdditionalQueueOnly
=== CONT  TestRewardsCreatorProxy_GetAcceleratorRewards
=== CONT  TestSystemSCProcessor_ProcessSystemSmartContractUnStakeFromDelegationContract
=== CONT  TestRewardsCreatorProxy_VerifyRewardsMiniBlocksOK
=== CONT  TestSystemSCProcessor_ProcessSystemSmartContractUnStakeTheOnlyNodeShouldWork
=== CONT  TestRewardsCreatorProxy_VerifyRewardsMiniBlocksWithError
=== CONT  TestSystemSCProcessor_ProcessSystemSmartContractUnStakeOneNodeStakeOthers
=== CONT  TestRewardsCreatorProxy_CreateRewardsMiniBlocksWithSwitchToRewardsCreatorV1
[0;31mERROR[0m[2026-03-16 10:13:40.690]   fillStakingDataForNonEligible            [0;31merror[0m = error executing system SC code, error: user error 
[0;31mERROR[0m[2026-03-16 10:13:40.690]   fillStakingDataForNonEligible removeAccount [0;31merror[0m = account was not found in RemoveAccount for address stakedPubKey0 
[0;31mERROR[0m[2026-03-16 10:13:40.690]   fillStakingDataForNonEligible            [0;31merror[0m = error executing system SC code, error: user error 
[0;31mERROR[0m[2026-03-16 10:13:40.690]   fillStakingDataForNonEligible removeAccount [0;31merror[0m = account was not found in RemoveAccount for address stakedPubKey1 
[0;31mERROR[0m[2026-03-16 10:13:40.690]   fillStakingDataForNonEligible            [0;31merror[0m = error executing system SC code, error: user error 
[0;31mERROR[0m[2026-03-16 10:13:40.690]   fillStakingDataForNonEligible removeAccount [0;31merror[0m = account was not found in RemoveAccount for address stakedPubKey2 
[0;31mERROR[0m[2026-03-16 10:13:40.690]   fillStakingDataForNonEligible            [0;31merror[0m = error executing system SC code, error: user error 
[0;31mERROR[0m[2026-03-16 10:13:40.690]   fillStakingDataForNonEligible removeAccount [0;31merror[0m = account was not found in RemoveAccount for address stakedPubKey3 
--- PASS: TestRewardsCreatorProxy_SaveTxBlockToStorage (0.00s)
=== CONT  TestRewardsCreatorProxy_CreateRewardsMiniBlocksOK
--- PASS: TestSystemSCProcessor_ProcessSystemSmartContractWrongValidatorInfoShouldBeCleaned (0.00s)
=== CONT  TestSystemSCProcessor_ProcessSystemSmartContractMaxNodesStakedFromQueue
[0;32mINFO [0m[2026-03-16 10:13:40.690]   rewardsCreatorProxy.switchToRewardsCreatorV2 
--- PASS: TestRewardsCreatorProxy_CreateRewardsMiniBlocksOK (0.01s)
=== CONT  TestEpochValidatorInfoCreator_NewValidatorInfoCreatorNilHasher
--- PASS: TestRewardsCreatorProxy_CreateMarshalizedData (0.01s)
=== CONT  TestRewardsCreatorProxy_CreateRewardsMiniBlocksWithError
--- PASS: TestEpochValidatorInfoCreator_NewValidatorInfoCreatorNilHasher (0.00s)
=== CONT  TestValidatorInfoCreator_sortValidators
--- PASS: TestSystemSCProcessor_ProcessSystemSmartContractMaxNodesStakedFromQueueOwnerNotSet (0.01s)
=== CONT  TestValidatorInfoCreator_CreateMiniblockBackwardsCompatibility
=== RUN   TestValidatorInfoCreator_CreateMiniblockBackwardsCompatibility/legacy_mode
=== RUN   TestValidatorInfoCreator_sortValidators/legacy_sort_should_not_change_order
=== PAUSE TestValidatorInfoCreator_sortValidators/legacy_sort_should_not_change_order
=== RUN   TestValidatorInfoCreator_sortValidators/deterministic_sort_should_change_order_taking_into_consideration_all_fields
=== PAUSE TestValidatorInfoCreator_sortValidators/deterministic_sort_should_change_order_taking_into_consideration_all_fields
[0;32mINFO [0m[2026-03-16 10:13:40.696]   rewards to be distributed                [0;32mtotalStakeEligible[0m = 0 [0;32mtotalTopUpEligible[0m = 0 [0;32mbaseRewards[0m = 0 [0;32mtopUpRewards[0m = 0 
=== CONT  TestNewRewardsCreatorProxy_OK
[0;32mINFO [0m[2026-03-16 10:13:40.696]   rewardsCreatorProxy                      [0;32mconfigured[0m = rewardsCreatorV1 
[0;33mWARN [0m[2026-03-16 10:13:40.696]   rewardsCreatorV2.computeTopUpRewardsPerShard [0;33merror[0m = empty blocksPerShard 
--- PASS: TestNewRewardsCreatorProxy_OK (0.00s)
=== CONT  TestEpochValidatorInfoCreator_RemoveValidatorInfoFromPoolShouldWork
--- PASS: TestEpochValidatorInfoCreator_RemoveValidatorInfoFromPoolShouldWork (0.00s)
=== CONT  TestEpochValidatorInfoCreator_RemoveValidatorInfoShouldWork
--- PASS: TestRewardsCreatorProxy_VerifyRewardsMiniBlocksOK (0.00s)
=== CONT  TestNewRewardsCreatorProxy_MissingRewardsCreatorV2ArgumentShouldErr
=== CONT  TestNewRewardsCreatorProxy_MissingRewardsCreatorV1ArgumentShouldErr
--- PASS: TestEpochValidatorInfoCreator_RemoveValidatorInfoShouldWork (0.00s)
--- PASS: TestNewRewardsCreatorProxy_MissingRewardsCreatorV2ArgumentShouldErr (0.00s)
=== CONT  TestEpochValidatorInfoCreator_SaveValidatorInfoShouldWork
--- PASS: TestNewRewardsCreatorProxy_MissingRewardsCreatorV1ArgumentShouldErr (0.00s)
[0;31mERROR[0m[2026-03-16 10:13:40.697]   validatorInfoCreator.saveValidatorInfo.GetValidatorInfo [0;31mhash[0m = 63 [0;31merror[0m = error 
--- PASS: TestEpochValidatorInfoCreator_SaveValidatorInfoShouldWork (0.00s)
=== CONT  TestEpochValidatorInfoCreator_GetShardValidatorInfoShouldWork
=== RUN   TestEpochValidatorInfoCreator_GetShardValidatorInfoShouldWork/get_shard_validator_info_before_refactor_peers_mini_block_activation_flag_is_set
--- PASS: TestRewardsCreatorProxy_GetLocalTxCache (0.01s)
=== CONT  Test_setIndexOfFirstAndLastTxProcessedShouldNotSetReserved
--- PASS: Test_setIndexOfFirstAndLastTxProcessedShouldNotSetReserved (0.00s)
=== CONT  Test_updateIndexesOfProcessedTxsEdgeCaseWithIndex0
--- PASS: Test_updateIndexesOfProcessedTxsEdgeCaseWithIndex0 (0.00s)
=== CONT  TestEpochValidatorInfoCreator_SetMapShardValidatorInfoShouldWork
[0;31mERROR[0m[2026-03-16 10:13:40.697]   validatorInfoCreator.setMapShardValidatorInfo [0;31mhash[0m = 63 [0;31merror[0m = error 
--- PASS: TestEpochValidatorInfoCreator_SetMapShardValidatorInfoShouldWork (0.00s)
=== CONT  Test_computeStillPendingInShardHeader
--- PASS: Test_computeStillPendingInShardHeader (0.00s)
=== CONT  TestSystemSCProcessor_ProcessDelegationRewards
--- PASS: TestRewardsCreatorProxy_CreateRewardsMiniBlocksWithError (0.00s)
=== CONT  TestSystemSCProcessor_ProcessDelegationRewardsErrors
--- PASS: TestRewardsCreatorProxy_VerifyRewardsMiniBlocksWithError (0.00s)
=== CONT  Test_initIndexesOfProcessedTxs
--- PASS: Test_initIndexesOfProcessedTxs (0.00s)
=== CONT  TestSystemSCProcessor_ProcessDelegationRewardsNothingToExecute
--- PASS: TestSystemSCProcessor_ProcessSystemSmartContractUnStakeFromDelegationContract (0.01s)
=== CONT  TestEpochStartCreator_computeStillPending
--- PASS: TestEpochStartCreator_computeStillPending (0.00s)
=== CONT  TestSystemSCProcessor_ProcessSystemSmartContractInitGovernance
=== RUN   TestSystemSCProcessor_ProcessSystemSmartContractInitGovernance/flag_not_active
=== RUN   TestSystemSCProcessor_ProcessSystemSmartContractInitGovernance/flag_active
=== RUN   TestSystemSCProcessor_ProcessSystemSmartContractInitGovernance/flag_active_but_contract_call_errors,_should_error
--- PASS: TestSystemSCProcessor_ProcessSystemSmartContractInitGovernance (0.00s)
    --- PASS: TestSystemSCProcessor_ProcessSystemSmartContractInitGovernance/flag_not_active (0.00s)
    --- PASS: TestSystemSCProcessor_ProcessSystemSmartContractInitGovernance/flag_active (0.00s)
    --- PASS: TestSystemSCProcessor_ProcessSystemSmartContractInitGovernance/flag_active_but_contract_call_errors,_should_error (0.00s)
=== CONT  TestEpochValidatorInfoCreator_GetValidatorInfoTxsShouldWork
--- PASS: TestSystemSCProcessor_ProcessDelegationRewards (0.00s)
=== CONT  TestMetaProcessor_CreateEpochStartFromMetaBlockEdgeCaseChecking
--- PASS: TestEpochValidatorInfoCreator_GetValidatorInfoTxsShouldWork (0.00s)
=== CONT  TestSystemSCProcessor_ProcessSystemSmartContractInitDelegationMgr
=== RUN   TestSystemSCProcessor_ProcessSystemSmartContractInitDelegationMgr/flag_not_active
=== RUN   TestSystemSCProcessor_ProcessSystemSmartContractInitDelegationMgr/flag_active
=== RUN   TestSystemSCProcessor_ProcessSystemSmartContractInitDelegationMgr/flag_active_but_contract_create_call_errors,_should_error
--- PASS: TestSystemSCProcessor_ProcessDelegationRewardsNothingToExecute (0.00s)
=== CONT  TestMetaProcessor_CreateEpochStartFromMetaBlockShouldWork
--- PASS: TestSystemSCProcessor_ProcessSystemSmartContractInitDelegationMgr (0.00s)
    --- PASS: TestSystemSCProcessor_ProcessSystemSmartContractInitDelegationMgr/flag_not_active (0.00s)
    --- PASS: TestSystemSCProcessor_ProcessSystemSmartContractInitDelegationMgr/flag_active (0.00s)
    --- PASS: TestSystemSCProcessor_ProcessSystemSmartContractInitDelegationMgr/flag_active_but_contract_create_call_errors,_should_error (0.00s)
=== CONT  TestEpochStartCreator_CreateEpochStartFromMetaBlockEpochIsNotStarted
=== CONT  TestSystemSCProcessor_UpdateStakingV2MoreKeysShouldWork
=== CONT  TestEpochStartCreator_getLastFinalizedMetaHashForShardShouldWork
=== CONT  TestSystemSCProcessor_UpdateStakingV2ShouldWork
--- PASS: TestSystemSCProcessor_ProcessDelegationRewardsErrors (0.00s)
--- PASS: TestEpochStartCreator_CreateEpochStartFromMetaBlockEpochIsNotStarted (0.00s)
--- PASS: TestEpochStartCreator_getLastFinalizedMetaHashForShardShouldWork (0.00s)
--- PASS: TestMetaProcessor_CreateEpochStartFromMetaBlockShouldWork (0.00s)
=== CONT  TestEpochValidatorInfoCreator_SetMarshalledValidatorInfoTxsShouldWork
--- PASS: TestSystemSCProcessor_ProcessSystemSmartContractUnStakeTheOnlyNodeShouldWork (0.00s)
=== CONT  TestEpochStartCreator_getLastFinalizedMetaHashForShardMetaHashNotReturnsGenesis
[0;31mERROR[0m[2026-03-16 10:13:40.699]   validatorInfoCreator.getMarshalledValidatorInfoTxs.GetValidatorInfo [0;31mhash[0m = 62 [0;31merror[0m = error 
--- PASS: TestEpochValidatorInfoCreator_SetMarshalledValidatorInfoTxsShouldWork (0.00s)
=== CONT  TestSystemSCProcessor_NobodyToSwapWithStakingV2
--- PASS: TestRewardsCreatorProxy_DeleteTxsFromStorage (0.01s)
=== CONT  TestVerifyEpochStartDataForMetablock_DataDoesNotMatch
--- PASS: TestMetaProcessor_CreateEpochStartFromMetaBlockEdgeCaseChecking (0.00s)
--- PASS: TestRewardsCreatorProxy_GetAcceleratorRewards (0.01s)
=== CONT  Test_setIndexOfFirstAndLastTxProcessedShouldSetReserved
=== CONT  TestSystemSCProcessor_JailedNodesShouldNotBeSwappedAllAtOnce
[0;33mWARN [0m[2026-03-16 10:13:40.699]   received epoch start data                [0;33mhash[0m = f179500a [0;33mstartData[0m = (*block.EpochStart)(0xc000cd25c8)(&EpochStart{LastFinalizedHeaders:[]EpochStartShardData{EpochStartShardData{ShardID:0,HeaderHash:[104 97 115 104],RootHash:[],FirstPendingMetaBlock:[],LastFinishedMetaBlock:[],PendingMiniBlockHeaders:[]MiniBlockHeader{},Round:0,Nonce:0,Epoch:0,ScheduledRootHash:[],},},Economics:Economics{TotalSupply:<nil>,TotalToDistribute:<nil>,TotalNewlyMinted:<nil>,RewardsPerBlock:<nil>,RewardsForProtocolSustainability:<nil>,NodePrice:<nil>,PrevEpochStartRound:0,PrevEpochStartHash:[],},})
 
=== CONT  TestVerifyEpochStartDataForMetablock_NotEpochStartBlock
[0;33mWARN [0m[2026-03-16 10:13:40.699]   epoch start shard data                   [0;33mshardID[0m = 0 [0;33mnum pending miniblocks[0m = 0 [0;33mfirst pending meta[0m =  [0;33mlast finished meta[0m =  [0;33mrootHash[0m =  [0;33mheaderHash[0m = 68617368 
--- PASS: TestVerifyEpochStartDataForMetablock_NotEpochStartBlock (0.00s)
=== CONT  TestSystemSCProcessor_ProcessSystemSmartContract
[0;33mWARN [0m[2026-03-16 10:13:40.699]   created epoch start data                 [0;33mhash[0m = 7856b9af [0;33mstartData[0m = (*block.EpochStart)(0xc000286000)(&EpochStart{LastFinalizedHeaders:[]EpochStartShardData{},Economics:Economics{TotalSupply:<nil>,TotalToDistribute:<nil>,TotalNewlyMinted:<nil>,RewardsPerBlock:<nil>,RewardsForProtocolSustainability:<nil>,NodePrice:<nil>,PrevEpochStartRound:0,PrevEpochStartHash:[],},})
 
--- PASS: TestVerifyEpochStartDataForMetablock_DataDoesNotMatch (0.00s)
=== CONT  TestEpochStartData_InvalidEnableEpochsHandler
--- PASS: Test_setIndexOfFirstAndLastTxProcessedShouldSetReserved (0.00s)
=== CONT  TestNewSystemSCProcessor
--- PASS: TestEpochStartData_InvalidEnableEpochsHandler (0.00s)
=== CONT  TestEpochStartData_NilEnableEpochsHandler
--- PASS: TestEpochStartData_NilEnableEpochsHandler (0.00s)
=== CONT  TestSelectKeysToUnStake
=== RUN   TestSelectKeysToUnStake/no_validator_removed
=== PAUSE TestSelectKeysToUnStake/no_validator_removed
=== RUN   TestSelectKeysToUnStake/overflow_from_waiting
--- PASS: TestSystemSCProcessor_ProcessSystemSmartContractUnStakeFromAdditionalQueue (0.01s)
--- PASS: TestEpochStartCreator_getLastFinalizedMetaHashForShardMetaHashNotReturnsGenesis (0.00s)
=== PAUSE TestEpochValidatorInfoCreator_GetShardValidatorInfoShouldWork/get_shard_validator_info_before_refactor_peers_mini_block_activation_flag_is_set
=== RUN   TestEpochValidatorInfoCreator_GetShardValidatorInfoShouldWork/get_shard_validator_info_after_refactor_peers_mini_block_activation_flag_is_set
=== PAUSE TestEpochValidatorInfoCreator_GetShardValidatorInfoShouldWork/get_shard_validator_info_after_refactor_peers_mini_block_activation_flag_is_set
=== CONT  TestEpochStartData_NilRequestHandler
=== CONT  TestEpochStartData_NilShardCoordinator
--- PASS: TestEpochStartData_NilRequestHandler (0.00s)
[0;32mINFO [0m[2026-03-16 10:13:40.700]   rewardsCreatorProxy.switchToRewardsCreatorV1 
=== CONT  TestEpochStartData_NilBlockTracker
--- PASS: TestEpochStartData_NilShardCoordinator (0.00s)
=== CONT  TestStakingDataProvider_FillValidatorInfo
=== RUN   TestStakingDataProvider_FillValidatorInfo/should_work
=== PAUSE TestStakingDataProvider_FillValidatorInfo/should_work
=== RUN   TestStakingDataProvider_FillValidatorInfo/concurrent_calls_should_work
=== PAUSE TestStakingDataProvider_FillValidatorInfo/concurrent_calls_should_work
--- PASS: TestEpochStartData_NilBlockTracker (0.00s)
=== CONT  TestEpochStartData_NilDataPool
--- PASS: TestEpochStartData_NilDataPool (0.00s)
=== CONT  TestStakingDataProvider_PrepareStakingDataForRewards
=== CONT  TestEpochStartData_NilStore
=== PAUSE TestSelectKeysToUnStake/overflow_from_waiting
--- PASS: TestEpochStartData_NilStore (0.00s)
--- PASS: TestStakingDataProvider_PrepareStakingDataForRewards (0.00s)
=== CONT  TestEpochStartData_NilHasher
=== CONT  TestStakingDataProvider_GetNodeStakedTopUpShouldWork
=== RUN   TestSelectKeysToUnStake/overflow_from_eligible
--- PASS: TestEpochStartData_NilHasher (0.00s)
--- PASS: TestStakingDataProvider_GetNodeStakedTopUpShouldWork (0.00s)
=== CONT  TestEpochStartData_NilMarshalizer
=== CONT  TestEconomics_TotalSupplyCalculation
=== PAUSE TestSelectKeysToUnStake/overflow_from_eligible
=== RUN   TestSelectKeysToUnStake/no_overflow
--- PASS: TestEpochStartData_NilMarshalizer (0.00s)
=== CONT  TestStakingDataProvider_GetNodeStakedTopUpScCallError
=== PAUSE TestSelectKeysToUnStake/no_overflow
--- PASS: TestStakingDataProvider_GetNodeStakedTopUpScCallError (0.00s)
=== CONT  TestStakingDataProvider_GetNodeStakedTopUpOwnerNotInCacheShouldErr
=== CONT  TestEconomics_ComputeEndOfEpochEconomicsWithPrevEpochTotalSupply
--- PASS: TestEconomics_TotalSupplyCalculation (0.00s)
=== CONT  TestEconomics_ComputeEndOfEpochEconomicsWithTailInflation
--- PASS: TestEconomics_ComputeEndOfEpochEconomicsWithPrevEpochTotalSupply (0.00s)
=== CONT  TestStakingDataProvider_GetTotalTopUpStakeEligibleNodes
--- PASS: TestEconomics_ComputeEndOfEpochEconomicsWithTailInflation (0.00s)
=== CONT  TestEconomics_VerifyRewardsPerBlockError
[0;33mWARN [0m[2026-03-16 10:13:40.700]   VerifyRewardsPerBlock error              [0;33m
computed total to distribute[0m = <nil> [0;33mcomputed total newly minted[0m = <nil> [0;33mcomputed total supply[0m = 0 [0;33mcomputed rewards per block per node[0m = <nil> [0;33mcomputed rewards for protocol sustainability[0m = 0 [0;33mcomputed node price[0m = <nil> [0;33m
received total to distribute[0m = <nil> [0;33mreceived total newly minted[0m = <nil> [0;33mreceived total supply[0m = 1 [0;33mreceived rewards per block per node[0m = <nil> [0;33mreceived rewards for protocol sustainability[0m = 0 [0;33mreceived node price[0m = <nil> 
--- PASS: TestEconomics_VerifyRewardsPerBlockError (0.00s)
=== CONT  TestStakingDataProvider_GetTotalStakeEligibleNodes
--- PASS: TestSystemSCProcessor_ProcessSystemSmartContractMaxNodesStakedFromQueue (0.01s)
=== CONT  TestEconomics_LogEconomicsDifferences
[0;33mWARN [0m[2026-03-16 10:13:40.700]   computeValidatorInfoPerRewardAddress negative rewards [0;33mestimatedLeaderFees[0m = 0 [0;33mdistributedLeaderFees[0m = 120000 [0;33mdust[0m = -120000 
[0;33mWARN [0m[2026-03-16 10:13:40.700]   VerifyRewardsPerBlock error              [0;33m
computed total to distribute[0m = <nil> [0;33mcomputed total newly minted[0m = <nil> [0;33mcomputed total supply[0m = <nil> [0;33mcomputed rewards per block per node[0m = <nil> [0;33mcomputed rewards for protocol sustainability[0m = <nil> [0;33mcomputed node price[0m = <nil> [0;33m
received total to distribute[0m = <nil> [0;33mreceived total newly minted[0m = <nil> [0;33mreceived total supply[0m = <nil> [0;33mreceived rewards per block per node[0m = <nil> [0;33mreceived rewards for protocol sustainability[0m = <nil> [0;33mreceived node price[0m = <nil> 
--- PASS: TestEconomics_LogEconomicsDifferences (0.00s)
=== CONT  TestEconomics_ComputeRewardsForAccelerator
--- PASS: TestEconomics_ComputeRewardsForAccelerator (0.00s)
=== CONT  TestEconomics_checkEconomicsInvariantsV2ExtraBlocksNotarized
--- PASS: TestEconomics_checkEconomicsInvariantsV2ExtraBlocksNotarized (0.00s)
=== CONT  TestEconomics_checkEconomicsInvariantsV2ReturnsOK
--- PASS: TestEconomics_checkEconomicsInvariantsV2ReturnsOK (0.00s)
=== CONT  TestEconomics_checkEconomicsInvariantsSumRewardsOutOfRange
--- PASS: TestEconomics_checkEconomicsInvariantsSumRewardsOutOfRange (0.00s)
=== CONT  TestEconomics_checkEconomicsInvariantsTotalToDistributeOutOfRange
--- PASS: TestEconomics_checkEconomicsInvariantsTotalToDistributeOutOfRange (0.00s)
=== CONT  TestEpochValidatorInfoCreator_CreateMarshalledData
=== RUN   TestEpochValidatorInfoCreator_CreateMarshalledData/CreateMarshalledData_should_return_nil_before_refactor_peers_mini_block_activation_flag_is_set
=== PAUSE TestEpochValidatorInfoCreator_CreateMarshalledData/CreateMarshalledData_should_return_nil_before_refactor_peers_mini_block_activation_flag_is_set
=== RUN   TestEpochValidatorInfoCreator_CreateMarshalledData/CreateMarshalledData_should_return_nil_body_is_nil
=== PAUSE TestEpochValidatorInfoCreator_CreateMarshalledData/CreateMarshalledData_should_return_nil_body_is_nil
=== RUN   TestEpochValidatorInfoCreator_CreateMarshalledData/CreateMarshalledData_should_return_empty_slice_when_there_is_no_peer_mini_block_in_body
=== PAUSE TestEpochValidatorInfoCreator_CreateMarshalledData/CreateMarshalledData_should_return_empty_slice_when_there_is_no_peer_mini_block_in_body
=== RUN   TestEpochValidatorInfoCreator_CreateMarshalledData/CreateMarshalledData_should_return_empty_slice_when_sender_or_receiver_do_not_match
=== PAUSE TestEpochValidatorInfoCreator_CreateMarshalledData/CreateMarshalledData_should_return_empty_slice_when_sender_or_receiver_do_not_match
=== RUN   TestEpochValidatorInfoCreator_CreateMarshalledData/CreateMarshalledData_should_return_empty_slice_when_tx_hash_does_not_exist_in_validator_info_cacher
=== PAUSE TestEpochValidatorInfoCreator_CreateMarshalledData/CreateMarshalledData_should_return_empty_slice_when_tx_hash_does_not_exist_in_validator_info_cacher
=== RUN   TestEpochValidatorInfoCreator_CreateMarshalledData/CreateMarshalledData_should_work
=== PAUSE TestEpochValidatorInfoCreator_CreateMarshalledData/CreateMarshalledData_should_work
=== CONT  TestEpochValidatorInfoCreator_GetShardValidatorInfoData
=== RUN   TestEpochValidatorInfoCreator_GetShardValidatorInfoData/get_shard_validator_info_data_before_refactor_peers_mini_block_activation_flag_is_set
=== PAUSE TestEpochValidatorInfoCreator_GetShardValidatorInfoData/get_shard_validator_info_data_before_refactor_peers_mini_block_activation_flag_is_set
=== RUN   TestEpochValidatorInfoCreator_GetShardValidatorInfoData/get_shard_validator_info_data_after_refactor_peers_mini_block_activation_flag_is_set
=== PAUSE TestEpochValidatorInfoCreator_GetShardValidatorInfoData/get_shard_validator_info_data_after_refactor_peers_mini_block_activation_flag_is_set
=== CONT  TestEpochValidatorInfoCreator_IsInterfaceNil
--- PASS: TestEpochValidatorInfoCreator_IsInterfaceNil (0.00s)
=== CONT  TestEconomics_checkEconomicsInvariantsMintedOutOfRange
--- PASS: TestEconomics_checkEconomicsInvariantsMintedOutOfRange (0.00s)
=== CONT  TestEpochValidatorInfoCreator_VerifyValidatorInfoMiniBlocksNilOneMiniblock
--- PASS: TestEpochValidatorInfoCreator_VerifyValidatorInfoMiniBlocksNilOneMiniblock (0.00s)
=== CONT  TestEconomics_checkEconomicsInvariantsRewardsForProtocolSustainabilityOutOfRange
--- PASS: TestEconomics_checkEconomicsInvariantsRewardsForProtocolSustainabilityOutOfRange (0.00s)
=== CONT  TestEpochValidatorInfoCreator_VerifyValidatorInfoMiniBlocksNilMiniblocks
--- PASS: TestEpochValidatorInfoCreator_VerifyValidatorInfoMiniBlocksNilMiniblocks (0.00s)
=== CONT  TestEpochValidatorInfoCreator_VerifyValidatorInfoMiniBlocksTxHashDoNotMatch
--- PASS: TestEpochValidatorInfoCreator_VerifyValidatorInfoMiniBlocksTxHashDoNotMatch (0.00s)
=== CONT  TestEconomics_checkEconomicsInvariantsAccumulatedFeesOutOfRange
--- PASS: TestEconomics_checkEconomicsInvariantsAccumulatedFeesOutOfRange (0.00s)
=== CONT  TestEpochValidatorInfoCreator_VerifyValidatorInfoMiniBlocksNumberNoMatch
--- PASS: TestStakingDataProvider_GetTotalStakeEligibleNodes (0.00s)
=== CONT  TestEpochValidatorInfoCreator_VerifyValidatorInfoMiniBlocksNilValidatorInfo
--- PASS: TestEpochValidatorInfoCreator_VerifyValidatorInfoMiniBlocksNilValidatorInfo (0.00s)
--- PASS: TestEpochValidatorInfoCreator_VerifyValidatorInfoMiniBlocksNumberNoMatch (0.00s)
=== CONT  TestStakingDataProvider_PrepareDataForBlsKeyWithRealSystemVmShouldWork
--- PASS: TestStakingDataProvider_GetNodeStakedTopUpOwnerNotInCacheShouldErr (0.00s)
=== CONT  TestEconomics_checkEconomicsInvariantsInflationOutOfRange
=== CONT  TestEpochValidatorInfoCreator_VerifyValidatorInfoMiniBlocksShouldBeCorrect
=== CONT  TestStakingDataProvider_PrepareDataForBlsKeyCachedResponseShouldWork
=== CONT  TestEconomics_checkEconomicsInvariantsV1ReturnsOK
=== CONT  TestEpochValidatorInfoCreator_CreateValidatorInfoMiniBlocksShouldBeCorrect
=== CONT  TestNewEpochStartTrigger_InvalidSettingsShouldErr
=== CONT  TestStakingDataProvider_PrepareDataForBlsKeyFromSCShouldWork
=== CONT  TestEpochValidatorInfoCreator_NewValidatorInfoCreatorNilMarshalizer
=== CONT  TestTrigger_RevertBehindEpochStartBlock
=== CONT  TestStakingDataProvider_PrepareDataForBlsKeyLoadOwnerDataErrorsShouldErr
=== CONT  TestComputeEndOfEpochEconomicsV2
--- PASS: TestEconomics_checkEconomicsInvariantsInflationOutOfRange (0.00s)
--- PASS: TestStakingDataProvider_PrepareDataForBlsKeyCachedResponseShouldWork (0.00s)
--- PASS: TestEpochValidatorInfoCreator_VerifyValidatorInfoMiniBlocksShouldBeCorrect (0.00s)
--- PASS: TestEconomics_checkEconomicsInvariantsV1ReturnsOK (0.00s)
--- PASS: TestNewEpochStartTrigger_InvalidSettingsShouldErr (0.00s)
--- PASS: TestStakingDataProvider_PrepareDataForBlsKeyFromSCShouldWork (0.00s)
--- PASS: TestEpochValidatorInfoCreator_CreateValidatorInfoMiniBlocksShouldBeCorrect (0.00s)
--- PASS: TestEpochValidatorInfoCreator_NewValidatorInfoCreatorNilMarshalizer (0.00s)
--- PASS: TestStakingDataProvider_PrepareDataForBlsKeyLoadOwnerDataErrorsShouldErr (0.00s)
Hit rate per shard 100.0000%, Total block produced: 64800 
Total supply: 20004479REWA, TotalToDistribute 5479REWA, TotalNewlyMinted 4479REWA, RewardsPerBlock 0REWA, RewardsForProtocolSustainability 547REWA, NodePrice: 1000REWA
Hit rate per shard 50.0000%, Total block produced: 32400 
Total supply: 20001739REWA, TotalToDistribute 2739REWA, TotalNewlyMinted 1739REWA, RewardsPerBlock 0REWA, RewardsForProtocolSustainability 273REWA, NodePrice: 1000REWA
Hit rate per shard 25.0000%, Total block produced: 16200 
=== CONT  TestCheckAndFillOwnerValidatorAuctionData
=== RUN   TestCheckAndFillOwnerValidatorAuctionData/validator_not_in_auction,_expect_no_error,_no_owner_data_update
=== PAUSE TestCheckAndFillOwnerValidatorAuctionData/validator_not_in_auction,_expect_no_error,_no_owner_data_update
=== RUN   TestCheckAndFillOwnerValidatorAuctionData/validator_in_auction,_but_no_staked_node,_expect_error
=== PAUSE TestCheckAndFillOwnerValidatorAuctionData/validator_in_auction,_but_no_staked_node,_expect_error
=== RUN   TestCheckAndFillOwnerValidatorAuctionData/validator_in_auction,_staking_v4_not_enabled_yet,_expect_error
=== PAUSE TestCheckAndFillOwnerValidatorAuctionData/validator_in_auction,_staking_v4_not_enabled_yet,_expect_error
=== RUN   TestCheckAndFillOwnerValidatorAuctionData/should_update_owner's_data
=== PAUSE TestCheckAndFillOwnerValidatorAuctionData/should_update_owner's_data
=== CONT  TestStakingDataProvider_PrepareDataForBlsKeyGetBlsKeyOwnerErrorsShouldErr
--- PASS: TestSystemSCProcessor_ProcessSystemSmartContractUnStakeOneNodeStakeOthers (0.01s)
=== CONT  TestEconomics_VerifyRewardsPerBlock_InflationZero
=== CONT  TestEpochValidatorInfoCreator_CreateValidatorInfoMiniBlocksShouldWork
=== RUN   TestEconomics_VerifyRewardsPerBlock_InflationZero/no_fees
=== CONT  TestEpochValidatorInfoCreator_CreateValidatorInfoMiniBlocksErrMarshal
=== CONT  TestEconomics_VerifyRewardsPerBlock_MoreFeesThanInflation
=== CONT  TestTrigger_UpdateRevertToEndOfEpochUpdate
=== RUN   TestEconomics_VerifyRewardsPerBlock_MoreFeesThanInflation/no_fees
=== CONT  TestEconomics_VerifyRewardsPerBlock_DifferentFees
=== RUN   TestEconomics_VerifyRewardsPerBlock_DifferentFees/test1
=== CONT  TestEpochValidatorInfoCreator_CreateValidatorInfoMiniBlocksNilValidatorInfo
--- PASS: TestStakingDataProvider_PrepareDataForBlsKeyGetBlsKeyOwnerErrorsShouldErr (0.00s)
--- PASS: TestEpochValidatorInfoCreator_CreateValidatorInfoMiniBlocksShouldWork (0.00s)
--- PASS: TestStakingDataProvider_GetTotalTopUpStakeEligibleNodes (0.00s)
--- PASS: TestEpochValidatorInfoCreator_CreateValidatorInfoMiniBlocksErrMarshal (0.00s)
--- PASS: TestTrigger_UpdateRevertToEndOfEpochUpdate (0.00s)
=== RUN   TestEconomics_VerifyRewardsPerBlock_InflationZero/accFees_(100/block)_no_devFees
=== RUN   TestEconomics_VerifyRewardsPerBlock_DifferentFees/test2
--- PASS: TestStakingDataProvider_PrepareDataForBlsKeyWithRealSystemVmShouldWork (0.00s)
=== CONT  TestEpochValidatorInfoCreator_NewValidatorInfoCreatorShouldWork
--- PASS: TestEpochValidatorInfoCreator_NewValidatorInfoCreatorShouldWork (0.00s)
=== CONT  TestTrigger_LastCommitedMetaEpochStartBlock
--- PASS: TestSystemSCProcessor_ProcessSystemSmartContractShouldUnStakeFromAdditionalQueueOnly (0.01s)
--- PASS: TestTrigger_LastCommitedMetaEpochStartBlock (0.00s)
=== RUN   TestEconomics_VerifyRewardsPerBlock_InflationZero/accFees_(100/block)_and_devFees_(30%)
=== RUN   TestEconomics_VerifyRewardsPerBlock_DifferentFees/test3
=== RUN   TestEconomics_VerifyRewardsPerBlock_MoreFeesThanInflation/accFees_equal_inflation
--- PASS: TestSystemSCProcessor_NobodyToSwapWithStakingV2 (0.00s)
=== CONT  TestTrigger_ForceEpochStartShouldOk
--- PASS: TestTrigger_ForceEpochStartShouldOk (0.00s)
=== CONT  TestEconomics_ComputeEndOfEpochEconomics_NotEpochStartShouldErr
--- PASS: TestEconomics_ComputeEndOfEpochEconomics_NotEpochStartShouldErr (0.00s)
=== CONT  TestRewardsCreator_ValidatorInfoWithMetaAddressAddedToProtocolSustainabilityReward
=== RUN   TestEconomics_VerifyRewardsPerBlock_MoreFeesThanInflation/accFees_and_devFees_so_that_rewardPerBlock_is_1
=== RUN   TestEconomics_VerifyRewardsPerBlock_DifferentFees/test3#01
=== RUN   TestEconomics_VerifyRewardsPerBlock_InflationZero/accFees_(100/block)_and_devFees_(10%)
--- PASS: TestRewardsCreator_ValidatorInfoWithMetaAddressAddedToProtocolSustainabilityReward (0.00s)
=== CONT  TestTrigger_ForceEpochStartUnderMinimumBetweenEpochs
--- PASS: TestTrigger_ForceEpochStartUnderMinimumBetweenEpochs (0.00s)
=== CONT  TestEconomics_ComputeEndOfEpochEconomics_NilDevFeesInEpochShouldErr
--- PASS: TestEconomics_ComputeEndOfEpochEconomics_NilDevFeesInEpochShouldErr (0.00s)
=== CONT  TestRewardsCreator_AddProtocolSustainabilityRewardToMiniBlocks
=== RUN   TestEconomics_VerifyRewardsPerBlock_DifferentFees/test4
=== RUN   TestEconomics_VerifyRewardsPerBlock_InflationZero/accFees_(100/block)_devFees_(20%)
--- PASS: TestSystemSCProcessor_UpdateStakingV2ShouldWork (0.01s)
--- PASS: TestEpochValidatorInfoCreator_CreateValidatorInfoMiniBlocksNilValidatorInfo (0.00s)
=== CONT  TestEconomics_ComputeEndOfEpochEconomics_NilAccumulatedFeesInEpochShouldErr
=== RUN   TestEconomics_VerifyRewardsPerBlock_MoreFeesThanInflation/accFees_and_devFees_so_that_rewardPerBlock_is_exactly_0
--- PASS: TestEconomics_ComputeEndOfEpochEconomics_NilAccumulatedFeesInEpochShouldErr (0.00s)
=== CONT  TestRewardsCreator_CreateProtocolSustainabilityRewardTransaction
--- PASS: TestRewardsCreator_AddProtocolSustainabilityRewardToMiniBlocks (0.00s)
=== CONT  TestTrigger_ForceEpochStartCloseToNormalEpochStartShouldNotForce
--- PASS: TestTrigger_ForceEpochStartCloseToNormalEpochStartShouldNotForce (0.00s)
=== CONT  TestEpochValidatorInfoCreator_NewValidatorInfoCreatorInvalidEnableEpochsHandler
--- PASS: TestEpochValidatorInfoCreator_NewValidatorInfoCreatorInvalidEnableEpochsHandler (0.00s)
=== CONT  TestEconomics_ComputeEndOfEpochEconomics_NilMetaBlockShouldErr
--- PASS: TestEconomics_ComputeEndOfEpochEconomics_NilMetaBlockShouldErr (0.00s)
=== CONT  TestTrigger_Update
--- PASS: TestRewardsCreator_CreateProtocolSustainabilityRewardTransaction (0.00s)
=== CONT  TestEpochValidatorInfoCreator_NewValidatorInfoCreatorNilEnableEpochsHandler
--- PASS: TestTrigger_Update (0.00s)
=== CONT  TestNewEndOfEpochEconomicsDataCreator_ShouldWork
--- PASS: TestEconomics_VerifyRewardsPerBlock_InflationZero (0.00s)
    --- PASS: TestEconomics_VerifyRewardsPerBlock_InflationZero/no_fees (0.00s)
    --- PASS: TestEconomics_VerifyRewardsPerBlock_InflationZero/accFees_(100/block)_no_devFees (0.00s)
    --- PASS: TestEconomics_VerifyRewardsPerBlock_InflationZero/accFees_(100/block)_and_devFees_(30%) (0.00s)
    --- PASS: TestEconomics_VerifyRewardsPerBlock_InflationZero/accFees_(100/block)_and_devFees_(10%) (0.00s)
    --- PASS: TestEconomics_VerifyRewardsPerBlock_InflationZero/accFees_(100/block)_devFees_(20%) (0.00s)
--- PASS: TestNewEndOfEpochEconomicsDataCreator_ShouldWork (0.00s)
=== CONT  TestEconomics_ComputeEndOfEpochEconomics
=== RUN   TestEconomics_VerifyRewardsPerBlock_DifferentFees/test5
=== CONT  TestNewEpochStartTrigger_ShouldOk
=== CONT  TestNewStakingDataProvider_NilInputPointersShouldErr
=== CONT  TestEpochValidatorInfoCreator_NewValidatorInfoCreatorNilShardCoordinator
=== RUN   TestNewStakingDataProvider_NilInputPointersShouldErr/nil_system_vm
--- PASS: TestEpochValidatorInfoCreator_NewValidatorInfoCreatorNilEnableEpochsHandler (0.00s)
--- PASS: TestTrigger_RevertBehindEpochStartBlock (0.00s)
--- PASS: TestNewEpochStartTrigger_ShouldOk (0.00s)
--- PASS: TestEpochValidatorInfoCreator_NewValidatorInfoCreatorNilShardCoordinator (0.00s)
=== CONT  TestNewEpochStartTrigger_MissingMetaBlockUnit
=== CONT  TestRewardsCreator_ProtocolRewardsForValidatorFromMultipleShards
=== RUN   TestEconomics_VerifyRewardsPerBlock_MoreFeesThanInflation/accFees_equal_to_inflation_so_baseReward_should_be_still_0
--- PASS: TestNewEpochStartTrigger_MissingMetaBlockUnit (0.00s)
=== CONT  TestNewEpochStartTrigger_MissingBootstrapUnit
--- PASS: TestNewEpochStartTrigger_MissingBootstrapUnit (0.00s)
=== CONT  TestNewEndOfEpochEconomicsDataCreator_NilRoundTimeDurationHandler
--- PASS: TestEconomics_ComputeEndOfEpochEconomics (0.00s)
--- PASS: TestNewEndOfEpochEconomicsDataCreator_NilRoundTimeDurationHandler (0.00s)
=== CONT  TestEpochValidatorInfoCreator_NewValidatorInfoCreatorNilDataPool
=== CONT  TestNewEpochStartTrigger_InvalidSettingsShouldErr3
--- PASS: TestNewEpochStartTrigger_InvalidSettingsShouldErr3 (0.00s)
=== CONT  TestNewEpochStartTrigger_InvalidSettingsShouldErr2
--- PASS: TestRewardsCreator_ProtocolRewardsForValidatorFromMultipleShards (0.00s)
=== CONT  TestNewEpochStartTrigger_NilEpochStartNotifierShouldErr
--- PASS: TestNewEpochStartTrigger_InvalidSettingsShouldErr2 (0.00s)
--- PASS: TestEpochValidatorInfoCreator_NewValidatorInfoCreatorNilDataPool (0.00s)
=== CONT  TestRewardsCreator_VerifyRewardsMiniBlocksShouldWorkEvenIfNotAllShardsHaveRewards
=== CONT  TestRewardsCreator_addValidatorRewardsToMiniBlocks
=== CONT  TestRewardsCreator_SaveTxBlockToStorage
--- PASS: TestNewEpochStartTrigger_NilEpochStartNotifierShouldErr (0.00s)
=== RUN   TestNewStakingDataProvider_NilInputPointersShouldErr/nil_epoch_notifier
=== RUN   TestNewStakingDataProvider_NilInputPointersShouldErr/should_work
--- PASS: TestNewStakingDataProvider_NilInputPointersShouldErr (0.00s)
    --- PASS: TestNewStakingDataProvider_NilInputPointersShouldErr/nil_system_vm (0.00s)
    --- PASS: TestNewStakingDataProvider_NilInputPointersShouldErr/nil_epoch_notifier (0.00s)
    --- PASS: TestNewStakingDataProvider_NilInputPointersShouldErr/should_work (0.00s)
=== RUN   TestEconomics_VerifyRewardsPerBlock_DifferentFees/test6
--- PASS: TestRewardsCreator_SaveTxBlockToStorage (0.00s)
=== CONT  TestNewEndOfEpochEconomicsDataCreator_NilRewardsHandler
--- PASS: TestNewEndOfEpochEconomicsDataCreator_NilRewardsHandler (0.00s)
--- PASS: TestRewardsCreator_VerifyRewardsMiniBlocksShouldWorkEvenIfNotAllShardsHaveRewards (0.00s)
=== CONT  TestEconomics_VerifyRewardsPerBlock_DifferentHitRates
=== CONT  TestEpochValidatorInfoCreator_NewValidatorInfoCreatorNilStore
--- PASS: TestEpochValidatorInfoCreator_NewValidatorInfoCreatorNilStore (0.00s)
=== CONT  TestBaseRewardsCreator_NilUserAccountsDB
Total supply: 20000369REWA, TotalToDistribute 1369REWA, TotalNewlyMinted 369REWA, RewardsPerBlock 0REWA, RewardsForProtocolSustainability 136REWA, NodePrice: 1000REWA
Hit rate per shard 12.5000%, Total block produced: 8100 
Total supply: 20000000REWA, TotalToDistribute 1000REWA, TotalNewlyMinted 0REWA, RewardsPerBlock 0REWA, RewardsForProtocolSustainability 100REWA, NodePrice: 1000REWA
Hit rate per shard 6.2500%, Total block produced: 4050 
Total supply: 20000000REWA, TotalToDistribute 1000REWA, TotalNewlyMinted 0REWA, RewardsPerBlock 0REWA, RewardsForProtocolSustainability 100REWA, NodePrice: 1000REWA
Hit rate per shard 3.1250%, Total block produced: 2025 
Total supply: 20000000REWA, TotalToDistribute 1000REWA, TotalNewlyMinted 0REWA, RewardsPerBlock 0REWA, RewardsForProtocolSustainability 100REWA, NodePrice: 1000REWA
=== CONT  TestBaseRewardsCreator_GetRewardsTxsRewardMiniBlockOK
=== RUN   TestEconomics_VerifyRewardsPerBlock_MoreFeesThanInflation/accFees_and_devFees_much_larger_than_inflation
Hit rate per shard 1.5602%, Total block produced: 1011 
--- PASS: TestBaseRewardsCreator_NilUserAccountsDB (0.00s)
Total supply: 20000000REWA, TotalToDistribute 10000000REWA, TotalNewlyMinted 0REWA, RewardsPerBlock 7823REWA, RewardsForProtocolSustainability 1000000REWA, NodePrice: 1000REWA
--- PASS: TestRewardsCreator_addValidatorRewardsToMiniBlocks (0.00s)
=== CONT  TestBaseRewardsCreator_NilNodesConfigProvider
--- PASS: TestBaseRewardsCreator_GetRewardsTxsRewardMiniBlockOK (0.00s)
=== CONT  TestBaseRewardsCreator_NilDataPoolHolder
Hit rate per shard 100.0000%, Total block produced: 64800 
--- PASS: TestBaseRewardsCreator_NilNodesConfigProvider (0.00s)
=== CONT  TestRewardsCreator_VerifyRewardsMiniBlocksShouldWork
Total supply: 20000000REWA, TotalToDistribute 10000000REWA, TotalNewlyMinted 0REWA, RewardsPerBlock 119REWA, RewardsForProtocolSustainability 1000000REWA, NodePrice: 1000REWA
--- PASS: TestBaseRewardsCreator_NilDataPoolHolder (0.00s)
=== CONT  TestBaseRewardsCreator_GetRewardsTxsNonRewardsMiniBlocksGetIgnored
--- PASS: TestComputeEndOfEpochEconomicsV2 (0.00s)
=== CONT  TestNewEndOfEpochEconomicsDataCreator_NilShardCoordinator
--- PASS: TestNewEndOfEpochEconomicsDataCreator_NilShardCoordinator (0.00s)
=== CONT  TestBaseRewardsCreator_NilMarshalizer
--- PASS: TestBaseRewardsCreator_GetRewardsTxsNonRewardsMiniBlocksGetIgnored (0.00s)
=== CONT  TestRewardsCreator_adjustProtocolSustainabilityRewardsInitialNegativeValue
--- PASS: TestBaseRewardsCreator_NilMarshalizer (0.00s)
--- PASS: TestRewardsCreator_VerifyRewardsMiniBlocksShouldWork (0.00s)
[0;31mERROR[0m[2026-03-16 10:13:40.705]   negative rewards protocol sustainability 
--- PASS: TestRewardsCreator_adjustProtocolSustainabilityRewardsInitialNegativeValue (0.00s)
=== CONT  TestRewardsCreator_adjustProtocolSustainabilityRewardsNegValueShouldWork
=== CONT  TestBaseRewardsCreator_NilHasher
=== CONT  TestBaseRewardsCreator_CreateMarshalizedDataNotFoundTxHashIgnored
--- PASS: TestBaseRewardsCreator_NilHasher (0.00s)
=== CONT  TestBaseRewardsCreator_GetRewardsTxsRewardMiniBlockNotFoundTxIgnored
=== CONT  TestBaseRewardsCreator_SaveTxBlockToStorageNilBodyNoPanic
[0;31mERROR[0m[2026-03-16 10:13:40.705]   rewardsCreator.CreateMarshalledData.GetTx [0;31mhash[0m = 6e6f7420666f756e6420747848617368 [0;31merror[0m = transaction was not found in the current block pool 
=== CONT  TestBaseRewardsCreator_CreateMarshalizedDataOnlyRewardsMiniblocksGetMarshalized
=== CONT  TestBaseRewardsCreator_NilMiniBlockStorage
=== CONT  TestBaseRewardsCreator_CreateMarshalizedDataWrongSenderNotIncluded
=== CONT  TestBaseRewardsCreator_NilRewardsStorage
--- PASS: TestRewardsCreator_adjustProtocolSustainabilityRewardsNegValueShouldWork (0.00s)
=== CONT  TestRewardsCreator_CreateMarshalizedData
=== CONT  TestRewardsCreator_adjustProtocolSustainabilityRewardsPositiveValue
--- PASS: TestBaseRewardsCreator_CreateMarshalizedDataNotFoundTxHashIgnored (0.00s)
--- PASS: TestBaseRewardsCreator_SaveTxBlockToStorageNilBodyNoPanic (0.00s)
--- PASS: TestBaseRewardsCreator_GetRewardsTxsRewardMiniBlockNotFoundTxIgnored (0.00s)
--- PASS: TestBaseRewardsCreator_CreateMarshalizedDataOnlyRewardsMiniblocksGetMarshalized (0.00s)
--- PASS: TestBaseRewardsCreator_NilRewardsStorage (0.00s)
--- PASS: TestRewardsCreator_CreateMarshalizedData (0.00s)
=== CONT  TestRewardsCreator_VerifyRewardsMiniBlocksRewardsMbNumDoesNotMatch
--- PASS: TestRewardsCreator_VerifyRewardsMiniBlocksRewardsMbNumDoesNotMatch (0.00s)
=== CONT  TestNewEndOfEpochEconomicsDataCreator_NilMarshalizer
--- PASS: TestNewEndOfEpochEconomicsDataCreator_NilMarshalizer (0.00s)
=== CONT  TestBaseRewardsCreator_CreateMarshalizedDataNilMiniblocksEmptyMap
=== CONT  TestNewEndOfEpochEconomicsDataCreator_NilStore
--- PASS: TestBaseRewardsCreator_CreateMarshalizedDataNilMiniblocksEmptyMap (0.00s)
=== CONT  TestRewardsCreator_VerifyRewardsMiniBlocksHashDoesNotMatch
--- PASS: TestBaseRewardsCreator_CreateMarshalizedDataWrongSenderNotIncluded (0.00s)
=== CONT  TestBaseRewardsCreator_NilPubkeyConverter
=== CONT  TestBaseRewardsCreator_CreateMarshalizedDataEmptyMiniblocksEmptyMap
--- PASS: TestBaseRewardsCreator_NilPubkeyConverter (0.00s)
=== CONT  TestRewardsCreator_CreateRewardsMiniBlocks
--- PASS: TestRewardsCreator_VerifyRewardsMiniBlocksHashDoesNotMatch (0.00s)
=== CONT  TestNewRewardsCreator_OkValsShouldWork
--- PASS: TestBaseRewardsCreator_CreateMarshalizedDataEmptyMiniblocksEmptyMap (0.00s)
=== CONT  TestBaseRewardsCreator_NilShardCoordinator
--- PASS: TestRewardsCreator_adjustProtocolSustainabilityRewardsPositiveValue (0.00s)
=== CONT  TestEpochEconomics_NewEndOfEpochEconomicsDataCreatorShouldWork
--- PASS: TestNewRewardsCreator_OkValsShouldWork (0.00s)
--- PASS: TestRewardsCreator_CreateRewardsMiniBlocks (0.00s)
=== CONT  TestNewRewardsCreator_NilMarshalizer
=== CONT  TestNewRewardsCreator_NilHasher
=== CONT  TestBaseRewardsCreator_addAcceleratorRewardToMiniBlocks
=== CONT  TestAuctionListSelector_calcSoftAuctionNodesConfig
--- PASS: TestBaseRewardsCreator_NilShardCoordinator (0.00s)
--- PASS: TestEpochEconomics_NewEndOfEpochEconomicsDataCreatorShouldWork (0.00s)
--- PASS: TestBaseRewardsCreator_addAcceleratorRewardToMiniBlocks (0.00s)
=== CONT  TestCalcNormalizedRandomness
=== CONT  TestAuctionListSelector_calcSoftAuctionNodesConfigEdgeCases
=== RUN   TestCalcNormalizedRandomness/randomness_longer_than_expected_len
=== PAUSE TestCalcNormalizedRandomness/randomness_longer_than_expected_len
=== RUN   TestAuctionListSelector_calcSoftAuctionNodesConfigEdgeCases/two_validators,_both_have_zero_top_up
=== PAUSE TestAuctionListSelector_calcSoftAuctionNodesConfigEdgeCases/two_validators,_both_have_zero_top_up
=== RUN   TestAuctionListSelector_calcSoftAuctionNodesConfigEdgeCases/one_validator_with_zero_top_up,_one_with_min_top_up,_one_with_top_up
=== PAUSE TestAuctionListSelector_calcSoftAuctionNodesConfigEdgeCases/one_validator_with_zero_top_up,_one_with_min_top_up,_one_with_top_up
=== RUN   TestAuctionListSelector_calcSoftAuctionNodesConfigEdgeCases/two_validators,_both_have_same_top_up
--- PASS: TestNewRewardsCreator_NilMarshalizer (0.00s)
--- PASS: TestNewRewardsCreator_NilHasher (0.00s)
=== RUN   TestCalcNormalizedRandomness/randomness_length_equal_to_expected_len
=== PAUSE TestCalcNormalizedRandomness/randomness_length_equal_to_expected_len
=== RUN   TestValidatorInfoCreator_CreateMiniblockBackwardsCompatibility/full_deterministic_mode
=== RUN   TestCalcNormalizedRandomness/randomness_length_less_than_expected_len
=== PAUSE TestCalcNormalizedRandomness/randomness_length_less_than_expected_len
=== RUN   TestCalcNormalizedRandomness/expected_len_is_zero
=== PAUSE TestCalcNormalizedRandomness/expected_len_is_zero
=== CONT  TestNewRewardsCreator_NilMiniBlockStorage
=== RUN   TestAuctionListSelector_calcSoftAuctionNodesConfigEdgeCases/two_validators,_top_up_difference_less_than_step
=== RUN   TestEconomics_VerifyRewardsPerBlock_DifferentFees/test7
--- PASS: TestNewRewardsCreator_NilMiniBlockStorage (0.00s)
=== CONT  TestBaseRewardsCreator_GetLocalTxCache
=== RUN   TestAuctionListSelector_calcSoftAuctionNodesConfigEdgeCases/three_validators,_top_up_difference_equal_to_step
--- PASS: TestBaseRewardsCreator_GetLocalTxCache (0.00s)
=== CONT  TestAuctionListSelector_SelectNodesFromAuction
=== RUN   TestAuctionListSelector_SelectNodesFromAuction/nil_randomness,_expect_error
=== PAUSE TestAuctionListSelector_SelectNodesFromAuction/nil_randomness,_expect_error
=== RUN   TestAuctionListSelector_SelectNodesFromAuction/empty_auction_list
--- PASS: TestEconomics_VerifyRewardsPerBlock_DifferentHitRates (0.00s)
=== PAUSE TestAuctionListSelector_SelectNodesFromAuction/empty_auction_list
=== RUN   TestAuctionListSelector_SelectNodesFromAuction/not_enough_available_slots_to_select_auction_nodes
=== PAUSE TestAuctionListSelector_SelectNodesFromAuction/not_enough_available_slots_to_select_auction_nodes
=== RUN   TestAuctionListSelector_SelectNodesFromAuction/one_eligible_+_one_auction,_max_num_nodes_=_1,_number_of_nodes_after_shuffling_=_0,_expect_node_in_auction_is_selected
=== PAUSE TestAuctionListSelector_SelectNodesFromAuction/one_eligible_+_one_auction,_max_num_nodes_=_1,_number_of_nodes_after_shuffling_=_0,_expect_node_in_auction_is_selected
=== RUN   TestAuctionListSelector_SelectNodesFromAuction/two_available_slots_for_auction_nodes,_but_only_one_node_in_auction
=== PAUSE TestAuctionListSelector_SelectNodesFromAuction/two_available_slots_for_auction_nodes,_but_only_one_node_in_auction
=== CONT  TestEpochEconomics_NewEndOfEpochEconomicsDataCreatorNilRewardsHandler
=== RUN   TestEconomics_VerifyRewardsPerBlock_DifferentFees/test8
--- PASS: TestEpochEconomics_NewEndOfEpochEconomicsDataCreatorNilRewardsHandler (0.00s)
=== CONT  TestEpochEconomics_NewEndOfEpochEconomicsDataCreatorNilShardCoordinator
=== RUN   TestAuctionListSelector_calcSoftAuctionNodesConfigEdgeCases/large_top_up_difference,_would_qualify_more_nodes_than_an_owner_has,_expect_correct_computation
--- PASS: TestEpochEconomics_NewEndOfEpochEconomicsDataCreatorNilShardCoordinator (0.00s)
=== CONT  TestNewAuctionListSelector
=== RUN   TestNewAuctionListSelector/nil_shard_coordinator
=== PAUSE TestNewAuctionListSelector/nil_shard_coordinator
=== RUN   TestNewAuctionListSelector/nil_staking_data_provider
=== PAUSE TestNewAuctionListSelector/nil_staking_data_provider
=== RUN   TestNewAuctionListSelector/nil_max_nodes_change_config_provider
=== PAUSE TestNewAuctionListSelector/nil_max_nodes_change_config_provider
=== RUN   TestNewAuctionListSelector/nil_auction_list_displayer
=== PAUSE TestNewAuctionListSelector/nil_auction_list_displayer
=== RUN   TestNewAuctionListSelector/invalid_soft_auction_config
=== PAUSE TestNewAuctionListSelector/invalid_soft_auction_config
=== CONT  TestEpochEconomics_NewEndOfEpochEconomicsDataCreatorNilRoundHandler
=== CONT  TestGetAuctionConfig
=== RUN   TestGetAuctionConfig/invalid_step
=== RUN   TestNewAuctionListSelector/should_work
=== PAUSE TestNewAuctionListSelector/should_work
--- PASS: TestNewEndOfEpochEconomicsDataCreator_NilStore (0.00s)
=== CONT  TestEpochEconomics_NewEndOfEpochEconomicsDataCreatorNilStore
--- PASS: TestBaseRewardsCreator_NilMiniBlockStorage (0.00s)
=== CONT  TestBaseRewardsCreator_OkValsShouldWork
--- PASS: TestEpochEconomics_NewEndOfEpochEconomicsDataCreatorNilStore (0.00s)
=== CONT  TestEpochEconomics_NewEndOfEpochEconomicsDataCreatorNilMarshalizer
--- PASS: TestEpochEconomics_NewEndOfEpochEconomicsDataCreatorNilMarshalizer (0.00s)
=== CONT  TestNewRewardsCreator_NilShardCoordinator
--- PASS: TestBaseRewardsCreator_OkValsShouldWork (0.00s)
=== CONT  TestGetPrettyValue
--- PASS: TestNewRewardsCreator_NilShardCoordinator (0.00s)
=== CONT  TestRewardsCreatorV2_CreateRewardsMiniBlocksWithTopUp
--- PASS: TestSystemSCProcessor_ProcessSystemSmartContract (0.01s)
=== CONT  TestBaseRewardsCreator_clean
=== RUN   TestEconomics_VerifyRewardsPerBlock_MoreFeesThanInflation/200_accFees_and_devFees_(30%)_and_1_block
=== CONT  TestBaseRewardsCreator_NilEnableEpochsHandler
=== CONT  TestNewRewardsCreatorV2_CreateRewardsMiniBlocks
[0;32mINFO [0m[2026-03-16 10:13:40.707]   using temporary directory                [0;32mpath[0m = /tmp/TestSystemSCProcessor_UpdateStakingV2MoreKeysShouldWork2465477257/001 
[0;32mINFO [0m[2026-03-16 10:13:40.707]   rewards to be distributed                [0;32mtotalStakeEligible[0m = 0 [0;32mtotalTopUpEligible[0m = 13500 [0;32mbaseRewards[0m = 4999999999999999999997 [0;32mtopUpRewards[0m = 3 
=== CONT  TestBaseRewardsCreator_NilRewardsHandler
[0;32mINFO [0m[2026-03-16 10:13:40.707]   rewards to be distributed                [0;32mtotalStakeEligible[0m = 0 [0;32mtotalTopUpEligible[0m = 3000000000000000000000000 [0;32mbaseRewards[0m = 4375000000000000000000 [0;32mtopUpRewards[0m = 625000000000000000000 
=== CONT  TestNewRewardsCreatorV2_computeTopUpRewardsPerShardNoBlockPerShard
[0;33mWARN [0m[2026-03-16 10:13:40.707]   computeValidatorInfoPerRewardAddress negative rewards [0;33mestimatedLeaderFees[0m = 0 [0;33mdistributedLeaderFees[0m = 3000 [0;33mdust[0m = -3000 
[0;33mWARN [0m[2026-03-16 10:13:40.707]   computeValidatorInfoPerRewardAddress negative rewards [0;33mestimatedLeaderFees[0m = 0 [0;33mdistributedLeaderFees[0m = 300 [0;33mdust[0m = -300 
[0;32mINFO [0m[2026-03-16 10:13:40.707]   rewards to be distributed                [0;32mtotalStakeEligible[0m = 0 [0;32mtotalTopUpEligible[0m = 3000000000000000000000000 [0;32mbaseRewards[0m = 4375000000000000000000 [0;32mtopUpRewards[0m = 625000000000000000000 
[0;33mWARN [0m[2026-03-16 10:13:40.707]   computeValidatorInfoPerRewardAddress negative rewards [0;33mestimatedLeaderFees[0m = 0 [0;33mdistributedLeaderFees[0m = 300 [0;33mdust[0m = -300 
=== CONT  TestBaseRewardsCreator_InvalidEnableEpochsHandler
=== CONT  TestBaseRewardsCreator_verifyCreatedRewardMiniBlocksWithMetaBlockMiniBlockNumMismatch
=== CONT  TestSystemSCProcessor_ProcessSystemSmartContractStakingV4Enabled
=== CONT  TestNewRewardsCreator_NilPubkeyConverter
=== CONT  TestNewRewardsCreatorV2_addValidatorRewardsToMiniBlocks
=== CONT  TestNewEpochStartTrigger_NilSettingsShouldErr
=== CONT  TestNewRewardsCreatorV2_computeValidatorInfoPerRewardAddressWithDustLeaderFees
=== CONT  TestNewRewardsCreatorV2_addValidatorRewardsToMiniBlocksAddressInMetaChainDelegationDisabled
--- PASS: TestGetPrettyValue (0.00s)
=== CONT  TestNewRewardsCreatorV2_CreateRewardsMiniBlocks2169Nodes
=== PAUSE TestGetAuctionConfig/invalid_step
=== RUN   TestGetAuctionConfig/invalid_min_top_up
=== CONT  TestNewRewardsCreator_NilRewardsStorage
=== PAUSE TestGetAuctionConfig/invalid_min_top_up
=== RUN   TestGetAuctionConfig/invalid_max_top_up
--- PASS: TestBaseRewardsCreator_clean (0.00s)
--- PASS: TestBaseRewardsCreator_NilEnableEpochsHandler (0.00s)
=== RUN   TestEconomics_VerifyRewardsPerBlock_DifferentFees/test9
=== PAUSE TestGetAuctionConfig/invalid_max_top_up
=== RUN   TestGetAuctionConfig/invalid_denomination
=== PAUSE TestGetAuctionConfig/invalid_denomination
=== RUN   TestGetAuctionConfig/zero_max_number_of_iterations
=== PAUSE TestGetAuctionConfig/zero_max_number_of_iterations
=== RUN   TestGetAuctionConfig/min_top_up_>_max_top_up
=== PAUSE TestGetAuctionConfig/min_top_up_>_max_top_up
=== RUN   TestGetAuctionConfig/min_top_up_<_denominator
=== PAUSE TestGetAuctionConfig/min_top_up_<_denominator
=== RUN   TestGetAuctionConfig/step_<_denominator
=== PAUSE TestGetAuctionConfig/step_<_denominator
=== RUN   TestGetAuctionConfig/should_work
=== PAUSE TestGetAuctionConfig/should_work
--- PASS: TestNewRewardsCreator_NilRewardsStorage (0.00s)
=== CONT  TestNewEpochStartTrigger_NilArgumentsShouldErr
--- PASS: TestNewEpochStartTrigger_NilArgumentsShouldErr (0.00s)
=== CONT  TestTrigger_LoadStateBackwardsCompatibility
--- PASS: TestEconomics_VerifyRewardsPerBlock_DifferentFees (0.01s)
    --- PASS: TestEconomics_VerifyRewardsPerBlock_DifferentFees/test1 (0.00s)
    --- PASS: TestEconomics_VerifyRewardsPerBlock_DifferentFees/test2 (0.00s)
    --- PASS: TestEconomics_VerifyRewardsPerBlock_DifferentFees/test3 (0.00s)
    --- PASS: TestEconomics_VerifyRewardsPerBlock_DifferentFees/test3#01 (0.00s)
    --- PASS: TestEconomics_VerifyRewardsPerBlock_DifferentFees/test4 (0.00s)
    --- PASS: TestEconomics_VerifyRewardsPerBlock_DifferentFees/test5 (0.00s)
    --- PASS: TestEconomics_VerifyRewardsPerBlock_DifferentFees/test6 (0.00s)
    --- PASS: TestEconomics_VerifyRewardsPerBlock_DifferentFees/test7 (0.00s)
    --- PASS: TestEconomics_VerifyRewardsPerBlock_DifferentFees/test8 (0.00s)
    --- PASS: TestEconomics_VerifyRewardsPerBlock_DifferentFees/test9 (0.00s)
=== CONT  TestNewRewardsCreatorV2_computeRewardsForPowerPerShard
--- PASS: TestTrigger_LoadStateBackwardsCompatibility (0.00s)
=== CONT  TestTrigger_LoadStateAfterSave
=== CONT  TestNewRewardsCreatorV2_computeValidatorInfoPerRewardAddressWithLeavingValidators
--- PASS: TestNewRewardsCreatorV2_computeRewardsForPowerPerShard (0.00s)
=== CONT  TestLegacySystemSCProcessor_addNewlyStakedNodesToValidatorTrie
--- PASS: TestTrigger_LoadStateAfterSave (0.00s)
=== CONT  TestBaseRewardsCreator_verifyCreatedRewardMiniBlocksWithMetaBlockMiniBlockHashMismatch
--- PASS: TestEpochEconomics_NewEndOfEpochEconomicsDataCreatorNilRoundHandler (0.00s)
--- PASS: TestBaseRewardsCreator_NilRewardsHandler (0.00s)
--- PASS: TestEconomics_VerifyRewardsPerBlock_MoreFeesThanInflation (0.01s)
    --- PASS: TestEconomics_VerifyRewardsPerBlock_MoreFeesThanInflation/no_fees (0.00s)
    --- PASS: TestEconomics_VerifyRewardsPerBlock_MoreFeesThanInflation/accFees_equal_inflation (0.00s)
    --- PASS: TestEconomics_VerifyRewardsPerBlock_MoreFeesThanInflation/accFees_and_devFees_so_that_rewardPerBlock_is_1 (0.00s)
    --- PASS: TestEconomics_VerifyRewardsPerBlock_MoreFeesThanInflation/accFees_and_devFees_so_that_rewardPerBlock_is_exactly_0 (0.00s)
    --- PASS: TestEconomics_VerifyRewardsPerBlock_MoreFeesThanInflation/accFees_equal_to_inflation_so_baseReward_should_be_still_0 (0.00s)
    --- PASS: TestEconomics_VerifyRewardsPerBlock_MoreFeesThanInflation/accFees_and_devFees_much_larger_than_inflation (0.00s)
    --- PASS: TestEconomics_VerifyRewardsPerBlock_MoreFeesThanInflation/200_accFees_and_devFees_(30%)_and_1_block (0.00s)
=== CONT  TestNewRewardsCreatorV2_computeValidatorInfoPerRewardAddressWithOfflineValidators
--- PASS: TestBaseRewardsCreator_verifyCreatedRewardMiniBlocksWithMetaBlockMiniBlockHashMismatch (0.00s)
=== CONT  TestSystemSCProcessor_ProcessSystemSmartContractNilInputValues
--- PASS: TestNewRewardsCreatorV2_CreateRewardsMiniBlocks (0.00s)
--- PASS: TestRewardsCreatorV2_CreateRewardsMiniBlocksWithTopUp (0.00s)
--- PASS: TestBaseRewardsCreator_InvalidEnableEpochsHandler (0.00s)
--- PASS: TestBaseRewardsCreator_verifyCreatedRewardMiniBlocksWithMetaBlockMiniBlockNumMismatch (0.00s)
--- PASS: TestNewRewardsCreator_NilPubkeyConverter (0.00s)
--- PASS: TestNewEpochStartTrigger_NilSettingsShouldErr (0.00s)
--- PASS: TestAuctionListSelector_calcSoftAuctionNodesConfig (0.00s)
--- PASS: TestRewardsCreatorProxy_CreateRewardsMiniBlocksWithSwitchToRewardsCreatorV1 (0.02s)
=== RUN   TestSystemSCProcessor_ProcessSystemSmartContractNilInputValues/nil_validators_info_map,_expect_error
=== CONT  TestBaseRewardsCreator_verifyCreatedRewardMiniBlocksWithMetaBlockMiniBlockHashMismatchReceiverShardMB
--- PASS: TestLegacySystemSCProcessor_addNewlyStakedNodesToValidatorTrie (0.00s)
=== CONT  TestNewRewardsCreatorV2_computeValidatorInfoPerRewardAddress
--- PASS: TestBaseRewardsCreator_verifyCreatedRewardMiniBlocksWithMetaBlockMiniBlockHashMismatchReceiverShardMB (0.00s)
=== CONT  TestNewRewardsCreatorV2_computeRewardsForPowerPerShardZeroTotalPower
--- PASS: TestNewRewardsCreatorV2_computeRewardsForPowerPerShardZeroTotalPower (0.00s)
=== CONT  TestSystemSCProcessor_LegacyEpochConfirmedCorrectMaxNumNodesAfterNodeRestart
=== PAUSE TestSystemSCProcessor_ProcessSystemSmartContractNilInputValues/nil_validators_info_map,_expect_error
=== RUN   TestSystemSCProcessor_ProcessSystemSmartContractNilInputValues/nil_header,_expect_error
=== PAUSE TestSystemSCProcessor_ProcessSystemSmartContractNilInputValues/nil_header,_expect_error
=== CONT  TestBaseRewardsCreator_verifyCreatedRewardMiniBlocksWithMetaBlockNonRewardsMbsHeadersAreIgnored
--- PASS: TestBaseRewardsCreator_verifyCreatedRewardMiniBlocksWithMetaBlockNonRewardsMbsHeadersAreIgnored (0.00s)
=== CONT  TestNewRewardsCreatorV2_computeRewardsPer3200NodesWithDifferentTopups
=== RUN   TestNewRewardsCreatorV2_computeRewardsPer3200NodesWithDifferentTopups/#00
[0;33mWARN [0m[2026-03-16 10:13:40.711]   computeValidatorInfoPerRewardAddress negative rewards [0;33mestimatedLeaderFees[0m = 0 [0;33mdistributedLeaderFees[0m = 120000 [0;33mdust[0m = -120000 
--- PASS: TestRewardsCreatorProxy_CreateRewardsMiniBlocksWithSwitchToRewardsCreatorV2 (0.02s)
=== CONT  TestBaseRewardsCreator_fillBaseRewardsPerBlockPerNode
--- PASS: TestBaseRewardsCreator_fillBaseRewardsPerBlockPerNode (0.00s)
=== CONT  TestNewRewardsCreatorV35_computeRewardsPer3200NodesWithDifferentTopups
=== RUN   TestNewRewardsCreatorV35_computeRewardsPer3200NodesWithDifferentTopups/#00
--- PASS: TestSystemSCProcessor_LegacyEpochConfirmedCorrectMaxNumNodesAfterNodeRestart (0.00s)
=== CONT  TestNewRewardsCreatorV2_computeShardsPower
--- PASS: TestNewSystemSCProcessor (0.01s)
=== CONT  TestBaseRewardsCreator_finalizeMiniBlocksEmptyMbsAreRemoved
--- PASS: TestNewRewardsCreatorV2_computeShardsPower (0.00s)
=== CONT  TestNewRewardsCreatorV2_getTopUpForAllEligibleNodes
--- PASS: TestBaseRewardsCreator_finalizeMiniBlocksEmptyMbsAreRemoved (0.00s)
=== CONT  TestNewRewardsCreatorV2_initNodesRewardsInfo
[0;32mINFO [0m[2026-03-16 10:13:40.712]   auctionListSelector.SelectNodesFromAuctionList [0;32mmax nodes[0m = 9 [0;32mcurrent number of validators[0m = 5 [0;32mnum of nodes which will be shuffled out[0m = 0 [0;32mnum forced to stay[0m = 1 [0;32mnum of validators after shuffling with forced to stay[0m = 6 [0;32mauction list size[0m = 7 [0;32mavailable slots (9 - 6)[0m = 3 
--- PASS: TestSystemSCProcessor_ProcessSystemSmartContractStakingV4Enabled (0.01s)
=== CONT  TestBaseRewardsCreator_finalizeMiniBlocksOrdersTxsAscending
--- PASS: TestBaseRewardsCreator_finalizeMiniBlocksOrdersTxsAscending (0.00s)
=== CONT  TestNewRewardsCreatorOK
--- PASS: TestNewRewardsCreatorOK (0.00s)
=== CONT  TestNewRewardsCreator_NilRewardsHandlerShouldErr
--- PASS: TestNewRewardsCreator_NilRewardsHandlerShouldErr (0.00s)
=== CONT  TestNewRewardsCreatorV2_computeNodesPowerInShard
[0;33mWARN [0m[2026-03-16 10:13:40.715]   computeValidatorInfoPerRewardAddress negative rewards [0;33mestimatedLeaderFees[0m = 0 [0;33mdistributedLeaderFees[0m = 120000 [0;33mdust[0m = -120000 
--- PASS: TestNewRewardsCreatorV2_computeValidatorInfoPerRewardAddress (0.00s)
=== CONT  TestBaseRewardsCreator_initializeRewardsMiniBlocks
--- PASS: TestBaseRewardsCreator_initializeRewardsMiniBlocks (0.00s)
=== CONT  TestNewRewardsCreator_NilEconomicsDataProvider
--- PASS: TestNewRewardsCreator_NilEconomicsDataProvider (0.00s)
=== CONT  TestNewRewardsCreatorV2_computeNodePowerInShard
--- PASS: TestNewRewardsCreatorV2_computeNodePowerInShard (0.00s)
=== CONT  TestNewRewardsCreator_NilStakingDataProvider
--- PASS: TestNewRewardsCreator_NilStakingDataProvider (0.00s)
=== CONT  TestBaseRewardsCreator_createRewardFromRwdInfo
--- PASS: TestBaseRewardsCreator_createRewardFromRwdInfo (0.00s)
=== CONT  TestNewRewardsCreatorV2_computeNodePowerInShardOfflineNodeZeroPower
--- PASS: TestNewRewardsCreatorV2_computeNodePowerInShardOfflineNodeZeroPower (0.00s)
=== CONT  TestBaseRewardsCreator_createProtocolSustainabilityRewardTransaction
--- PASS: TestBaseRewardsCreator_createProtocolSustainabilityRewardTransaction (0.00s)
=== CONT  TestNewRewardsCreatorV2_aggregateBaseAndTopUpRewardsPerNode
--- PASS: TestNewRewardsCreatorV2_aggregateBaseAndTopUpRewardsPerNode (0.00s)
=== CONT  TestNewRewardsCreator_InvalidBaseRewardsCreatorArgs
--- PASS: TestNewRewardsCreator_InvalidBaseRewardsCreatorArgs (0.00s)
=== CONT  TestBaseRewardsCreator_isSystemDelegationSCTrue
--- PASS: TestBaseRewardsCreator_isSystemDelegationSCTrue (0.00s)
=== CONT  TestRewardsCreatorProxy_IsInterfaceNil
--- PASS: TestNewRewardsCreatorV2_getTopUpForAllEligibleNodes (0.00s)
=== CONT  TestBaseRewardsCreator_isSystemDelegationSC
--- PASS: TestBaseRewardsCreator_isSystemDelegationSC (0.00s)
--- PASS: TestNewRewardsCreatorV2_computeValidatorInfoPerRewardAddressWithOfflineValidators (0.01s)
=== CONT  TestBaseRewardsCreator_RemoveBlockDataFromPools
--- PASS: TestNewRewardsCreatorV2_computeValidatorInfoPerRewardAddressWithDustLeaderFees (0.01s)
=== CONT  TestRewardsCreatorV2_adjustProtocolSustainabilityRewardsInitialNegativeValue
=== CONT  TestBaseRewardsCreator_RemoveBlockDataFromPoolsNonRewardsMiniBlocksIgnored
[0;31mERROR[0m[2026-03-16 10:13:40.718]   negative rewards protocol sustainability 
=== CONT  TestBaseRewardsCreator_RemoveBlockDataFromPoolsNilBlockBodyNoPanic
=== CONT  TestNewRewardsCreatorV2_computeTopUpRewardsPerNodeNotFoundBLSKeys
=== CONT  TestBaseRewardsCreator_RemoveBlockDataFromPoolsNilMetablockNoPanic
=== CONT  TestRewardsCreatorV2_adjustProtocolSustainabilityRewardsPositiveValue
=== CONT  TestBaseRewardsCreator_DeleteTxsFromStorage
=== CONT  TestNewRewardsCreatorV2_getTopUpForAllEligibleSomeBLSKeysNotFoundZeroed
[0;33mWARN [0m[2026-03-16 10:13:40.718]   rewardsCreatorV2.getTopUpForAllEligible  [0;33merror[0m = not found [0;33mblsKey[0m = 6e6f74466f756e64 
[0;33mWARN [0m[2026-03-16 10:13:40.718]   rewardsCreatorV2.getTopUpForAllEligible  [0;33merror[0m = not found [0;33mblsKey[0m = 6e6f74466f756e64 
[0;33mWARN [0m[2026-03-16 10:13:40.718]   rewardsCreatorV2.getTopUpForAllEligible  [0;33merror[0m = not found [0;33mblsKey[0m = 6e6f74466f756e64 
[0;33mWARN [0m[2026-03-16 10:13:40.718]   rewardsCreatorV2.getTopUpForAllEligible  [0;33merror[0m = not found [0;33mblsKey[0m = 6e6f74466f756e64 
[0;33mWARN [0m[2026-03-16 10:13:40.718]   rewardsCreatorV2.getTopUpForAllEligible  [0;33merror[0m = not found [0;33mblsKey[0m = 6e6f74466f756e64 
[0;32mINFO [0m[2026-03-16 10:13:40.718]   rewards to be distributed                [0;32mtotalStakeEligible[0m = 4000000000000000000000000 [0;32mtotalTopUpEligible[0m = 1200000000000000000000000 [0;32mbaseRewards[0m = 4920237626817846725926 [0;32mtopUpRewards[0m = 1022228126606810808320 
[0;33mWARN [0m[2026-03-16 10:13:40.718]   rewardsCreatorV2.getTopUpForAllEligible  [0;33merror[0m = not found [0;33mblsKey[0m = 6e6f74466f756e64 
=== CONT  TestBaseRewardsCreator_DeleteTxsFromStorageNonRewardsMiniBlocksIgnored
=== CONT  TestSystemSCProcessor_ProcessSystemSmartContractJailAndUnStake
=== CONT  TestBaseRewardsCreator_DeleteTxsFromStorageNilBlockBodyNoPanic
=== CONT  TestNewRewardsCreatorV2_computeAverageRewardsPer3200Nodes
=== RUN   TestNewRewardsCreatorV2_computeAverageRewardsPer3200Nodes/#00
=== CONT  TestRewardsCreatorV2_adjustProtocolSustainabilityRewardsNegValueNotAccepted
[0;31mERROR[0m[2026-03-16 10:13:40.719]   trying to adjust protocol rewards with negative value [0;31mdustRewards[0m = -10 
=== CONT  TestBaseRewardsCreator_DeleteTxsFromStorageNilMetablockNoPanic
=== CONT  TestNewRewardsCreatorV2_computeAverageRewardsPer1920Nodes
=== RUN   TestNewRewardsCreatorV2_computeAverageRewardsPer1920Nodes/#00
=== CONT  TestBaseRewardsCreator_SaveTxBlockToStorageNotFoundTxIgnored
=== CONT  TestNewRewardsCreatorV2_computeAverageRewardsPer2169Nodes
=== RUN   TestNewRewardsCreatorV2_computeAverageRewardsPer2169Nodes/#00
[0;33mWARN [0m[2026-03-16 10:13:40.719]   rewardsCreatorV2.getTopUpForAllEligible  [0;33merror[0m = not found [0;33mblsKey[0m = 7075624b6579424c533030 
[0;33mWARN [0m[2026-03-16 10:13:40.719]   rewardsCreatorV2.getTopUpForAllEligible  [0;33merror[0m = not found [0;33mblsKey[0m = 7075624b6579424c533031 
[0;33mWARN [0m[2026-03-16 10:13:40.719]   rewardsCreatorV2.getTopUpForAllEligible  [0;33merror[0m = not found [0;33mblsKey[0m = 7075624b6579424c533032 
[0;33mWARN [0m[2026-03-16 10:13:40.719]   rewardsCreatorV2.getTopUpForAllEligible  [0;33merror[0m = not found [0;33mblsKey[0m = 7075624b6579424c533033 
[0;33mWARN [0m[2026-03-16 10:13:40.719]   rewardsCreatorV2.getTopUpForAllEligible  [0;33merror[0m = not found [0;33mblsKey[0m = 7075624b6579424c533034 
[0;33mWARN [0m[2026-03-16 10:13:40.719]   rewardsCreatorV2.getTopUpForAllEligible  [0;33merror[0m = not found [0;33mblsKey[0m = 7075624b6579424c533035 
[0;33mWARN [0m[2026-03-16 10:13:40.719]   rewardsCreatorV2.getTopUpForAllEligible  [0;33merror[0m = not found [0;33mblsKey[0m = 7075624b6579424c533036 
[0;33mWARN [0m[2026-03-16 10:13:40.720]   rewardsCreatorV2.getTopUpForAllEligible  [0;33merror[0m = not found [0;33mblsKey[0m = 7075624b6579424c533037 
[0;33mWARN [0m[2026-03-16 10:13:40.720]   rewardsCreatorV2.getTopUpForAllEligible  [0;33merror[0m = not found [0;33mblsKey[0m = 7075624b6579424c533038 
[0;33mWARN [0m[2026-03-16 10:13:40.720]   rewardsCreatorV2.getTopUpForAllEligible  [0;33merror[0m = not found [0;33mblsKey[0m = 7075624b6579424c533039 
[0;33mWARN [0m[2026-03-16 10:13:40.720]   rewardsCreatorV2.getTopUpForAllEligible  [0;33merror[0m = not found [0;33mblsKey[0m = 7075624b6579424c53303130 
[0;33mWARN [0m[2026-03-16 10:13:40.720]   rewardsCreatorV2.getTopUpForAllEligible  [0;33merror[0m = not found [0;33mblsKey[0m = 7075624b6579424c53303131 
[0;33mWARN [0m[2026-03-16 10:13:40.720]   rewardsCreatorV2.getTopUpForAllEligible  [0;33merror[0m = not found [0;33mblsKey[0m = 7075624b6579424c53303132 
[0;33mWARN [0m[2026-03-16 10:13:40.720]   rewardsCreatorV2.getTopUpForAllEligible  [0;33merror[0m = not found [0;33mblsKey[0m = 7075624b6579424c53303133 
[0;33mWARN [0m[2026-03-16 10:13:40.720]   rewardsCreatorV2.getTopUpForAllEligible  [0;33merror[0m = not found [0;33mblsKey[0m = 7075624b6579424c53303134 
[0;33mWARN [0m[2026-03-16 10:13:40.720]   rewardsCreatorV2.getTopUpForAllEligible  [0;33merror[0m = not found [0;33mblsKey[0m = 7075624b6579424c53303135 
[0;33mWARN [0m[2026-03-16 10:13:40.720]   rewardsCreatorV2.getTopUpForAllEligible  [0;33merror[0m = not found [0;33mblsKey[0m = 7075624b6579424c53303136 
[0;33mWARN [0m[2026-03-16 10:13:40.720]   rewardsCreatorV2.getTopUpForAllEligible  [0;33merror[0m = not found [0;33mblsKey[0m = 7075624b6579424c53303137 
[0;33mWARN [0m[2026-03-16 10:13:40.720]   rewardsCreatorV2.getTopUpForAllEligible  [0;33merror[0m = not found [0;33mblsKey[0m = 7075624b6579424c53303138 
[0;33mWARN [0m[2026-03-16 10:13:40.720]   rewardsCreatorV2.getTopUpForAllEligible  [0;33merror[0m = not found [0;33mblsKey[0m = 7075624b6579424c53303139 
[0;33mWARN [0m[2026-03-16 10:13:40.720]   rewardsCreatorV2.getTopUpForAllEligible  [0;33merror[0m = not found [0;33mblsKey[0m = 7075624b6579424c53303230 
[0;33mWARN [0m[2026-03-16 10:13:40.720]   rewardsCreatorV2.getTopUpForAllEligible  [0;33merror[0m = not found [0;33mblsKey[0m = 7075624b6579424c53303231 
[0;33mWARN [0m[2026-03-16 10:13:40.720]   rewardsCreatorV2.getTopUpForAllEligible  [0;33merror[0m = not found [0;33mblsKey[0m = 7075624b6579424c53303232 
[0;33mWARN [0m[2026-03-16 10:13:40.720]   rewardsCreatorV2.getTopUpForAllEligible  [0;33merror[0m = not found [0;33mblsKey[0m = 7075624b6579424c53303233 
[0;33mWARN [0m[2026-03-16 10:13:40.720]   rewardsCreatorV2.getTopUpForAllEligible  [0;33merror[0m = not found [0;33mblsKey[0m = 7075624b6579424c53303234 
[0;33mWARN [0m[2026-03-16 10:13:40.720]   rewardsCreatorV2.getTopUpForAllEligible  [0;33merror[0m = not found [0;33mblsKey[0m = 7075624b6579424c53303235 
[0;33mWARN [0m[2026-03-16 10:13:40.720]   rewardsCreatorV2.getTopUpForAllEligible  [0;33merror[0m = not found [0;33mblsKey[0m = 7075624b6579424c53303236 
[0;33mWARN [0m[2026-03-16 10:13:40.720]   rewardsCreatorV2.getTopUpForAllEligible  [0;33merror[0m = not found [0;33mblsKey[0m = 7075624b6579424c53303237 
[0;33mWARN [0m[2026-03-16 10:13:40.720]   rewardsCreatorV2.getTopUpForAllEligible  [0;33merror[0m = not found [0;33mblsKey[0m = 7075624b6579424c53303238 
[0;33mWARN [0m[2026-03-16 10:13:40.720]   rewardsCreatorV2.getTopUpForAllEligible  [0;33merror[0m = not found [0;33mblsKey[0m = 7075624b6579424c53303239 
[0;33mWARN [0m[2026-03-16 10:13:40.720]   rewardsCreatorV2.getTopUpForAllEligible  [0;33merror[0m = not found [0;33mblsKey[0m = 7075624b6579424c53303330 
[0;33mWARN [0m[2026-03-16 10:13:40.720]   rewardsCreatorV2.getTopUpForAllEligible  [0;33merror[0m = not found [0;33mblsKey[0m = 7075624b6579424c53303331 
[0;33mWARN [0m[2026-03-16 10:13:40.720]   rewardsCreatorV2.getTopUpForAllEligible  [0;33merror[0m = not found [0;33mblsKey[0m = 7075624b6579424c53303332 
[0;33mWARN [0m[2026-03-16 10:13:40.720]   rewardsCreatorV2.getTopUpForAllEligible  [0;33merror[0m = not found [0;33mblsKey[0m = 7075624b6579424c53303333 
[0;33mWARN [0m[2026-03-16 10:13:40.720]   rewardsCreatorV2.getTopUpForAllEligible  [0;33merror[0m = not found [0;33mblsKey[0m = 7075624b6579424c53303334 
[0;33mWARN [0m[2026-03-16 10:13:40.720]   rewardsCreatorV2.getTopUpForAllEligible  [0;33merror[0m = not found [0;33mblsKey[0m = 7075624b6579424c53303335 
[0;33mWARN [0m[2026-03-16 10:13:40.720]   rewardsCreatorV2.getTopUpForAllEligible  [0;33merror[0m = not found [0;33mblsKey[0m = 7075624b6579424c53303336 
[0;33mWARN [0m[2026-03-16 10:13:40.720]   rewardsCreatorV2.getTopUpForAllEligible  [0;33merror[0m = not found [0;33mblsKey[0m = 7075624b6579424c53303337 
[0;33mWARN [0m[2026-03-16 10:13:40.720]   rewardsCreatorV2.getTopUpForAllEligible  [0;33merror[0m = not found [0;33mblsKey[0m = 7075624b6579424c53303338 
[0;33mWARN [0m[2026-03-16 10:13:40.720]   rewardsCreatorV2.getTopUpForAllEligible  [0;33merror[0m = not found [0;33mblsKey[0m = 7075624b6579424c53303339 
[0;33mWARN [0m[2026-03-16 10:13:40.720]   rewardsCreatorV2.getTopUpForAllEligible  [0;33merror[0m = not found [0;33mblsKey[0m = 7075624b6579424c53303430 
[0;33mWARN [0m[2026-03-16 10:13:40.720]   rewardsCreatorV2.getTopUpForAllEligible  [0;33merror[0m = not found [0;33mblsKey[0m = 7075624b6579424c53303431 
[0;33mWARN [0m[2026-03-16 10:13:40.720]   rewardsCreatorV2.getTopUpForAllEligible  [0;33merror[0m = not found [0;33mblsKey[0m = 7075624b6579424c53303432 
[0;33mWARN [0m[2026-03-16 10:13:40.720]   rewardsCreatorV2.getTopUpForAllEligible  [0;33merror[0m = not found [0;33mblsKey[0m = 7075624b6579424c53303433 
[0;33mWARN [0m[2026-03-16 10:13:40.720]   rewardsCreatorV2.getTopUpForAllEligible  [0;33merror[0m = not found [0;33mblsKey[0m = 7075624b6579424c53303434 
[0;33mWARN [0m[2026-03-16 10:13:40.720]   rewardsCreatorV2.getTopUpForAllEligible  [0;33merror[0m = not found [0;33mblsKey[0m = 7075624b6579424c53303435 
[0;33mWARN [0m[2026-03-16 10:13:40.720]   rewardsCreatorV2.getTopUpForAllEligible  [0;33merror[0m = not found [0;33mblsKey[0m = 7075624b6579424c53303436 
[0;33mWARN [0m[2026-03-16 10:13:40.720]   rewardsCreatorV2.getTopUpForAllEligible  [0;33merror[0m = not found [0;33mblsKey[0m = 7075624b6579424c53303437 
[0;33mWARN [0m[2026-03-16 10:13:40.720]   rewardsCreatorV2.getTopUpForAllEligible  [0;33merror[0m = not found [0;33mblsKey[0m = 7075624b6579424c53303438 
[0;33mWARN [0m[2026-03-16 10:13:40.720]   rewardsCreatorV2.getTopUpForAllEligible  [0;33merror[0m = not found [0;33mblsKey[0m = 7075624b6579424c53303439 
[0;33mWARN [0m[2026-03-16 10:13:40.720]   rewardsCreatorV2.getTopUpForAllEligible  [0;33merror[0m = not found [0;33mblsKey[0m = 7075624b6579424c53303530 
[0;33mWARN [0m[2026-03-16 10:13:40.720]   rewardsCreatorV2.getTopUpForAllEligible  [0;33merror[0m = not found [0;33mblsKey[0m = 7075624b6579424c53303531 
[0;33mWARN [0m[2026-03-16 10:13:40.720]   rewardsCreatorV2.getTopUpForAllEligible  [0;33merror[0m = not found [0;33mblsKey[0m = 7075624b6579424c53303532 
[0;33mWARN [0m[2026-03-16 10:13:40.720]   rewardsCreatorV2.getTopUpForAllEligible  [0;33merror[0m = not found [0;33mblsKey[0m = 7075624b6579424c53303533 
[0;33mWARN [0m[2026-03-16 10:13:40.720]   rewardsCreatorV2.getTopUpForAllEligible  [0;33merror[0m = not found [0;33mblsKey[0m = 7075624b6579424c53303534 
[0;33mWARN [0m[2026-03-16 10:13:40.720]   rewardsCreatorV2.getTopUpForAllEligible  [0;33merror[0m = not found [0;33mblsKey[0m = 7075624b6579424c53303535 
[0;33mWARN [0m[2026-03-16 10:13:40.720]   rewardsCreatorV2.getTopUpForAllEligible  [0;33merror[0m = not found [0;33mblsKey[0m = 7075624b6579424c53303536 
[0;33mWARN [0m[2026-03-16 10:13:40.720]   rewardsCreatorV2.getTopUpForAllEligible  [0;33merror[0m = not found [0;33mblsKey[0m = 7075624b6579424c53303537 
[0;33mWARN [0m[2026-03-16 10:13:40.720]   rewardsCreatorV2.getTopUpForAllEligible  [0;33merror[0m = not found [0;33mblsKey[0m = 7075624b6579424c53303538 
[0;33mWARN [0m[2026-03-16 10:13:40.720]   rewardsCreatorV2.getTopUpForAllEligible  [0;33merror[0m = not found [0;33mblsKey[0m = 7075624b6579424c53303539 
[0;33mWARN [0m[2026-03-16 10:13:40.720]   rewardsCreatorV2.getTopUpForAllEligible  [0;33merror[0m = not found [0;33mblsKey[0m = 7075624b6579424c53303630 
[0;33mWARN [0m[2026-03-16 10:13:40.720]   rewardsCreatorV2.getTopUpForAllEligible  [0;33merror[0m = not found [0;33mblsKey[0m = 7075624b6579424c53303631 
[0;33mWARN [0m[2026-03-16 10:13:40.720]   rewardsCreatorV2.getTopUpForAllEligible  [0;33merror[0m = not found [0;33mblsKey[0m = 7075624b6579424c53303632 
[0;33mWARN [0m[2026-03-16 10:13:40.720]   rewardsCreatorV2.getTopUpForAllEligible  [0;33merror[0m = not found [0;33mblsKey[0m = 7075624b6579424c53303633 
[0;33mWARN [0m[2026-03-16 10:13:40.720]   rewardsCreatorV2.getTopUpForAllEligible  [0;33merror[0m = not found [0;33mblsKey[0m = 7075624b6579424c53303634 
[0;33mWARN [0m[2026-03-16 10:13:40.720]   rewardsCreatorV2.getTopUpForAllEligible  [0;33merror[0m = not found [0;33mblsKey[0m = 7075624b6579424c53303635 
[0;33mWARN [0m[2026-03-16 10:13:40.720]   rewardsCreatorV2.getTopUpForAllEligible  [0;33merror[0m = not found [0;33mblsKey[0m = 7075624b6579424c53303636 
[0;33mWARN [0m[2026-03-16 10:13:40.720]   rewardsCreatorV2.getTopUpForAllEligible  [0;33merror[0m = not found [0;33mblsKey[0m = 7075624b6579424c53303637 
[0;33mWARN [0m[2026-03-16 10:13:40.720]   rewardsCreatorV2.getTopUpForAllEligible  [0;33merror[0m = not found [0;33mblsKey[0m = 7075624b6579424c53303638 
[0;33mWARN [0m[2026-03-16 10:13:40.720]   rewardsCreatorV2.getTopUpForAllEligible  [0;33merror[0m = not found [0;33mblsKey[0m = 7075624b6579424c53303639 
[0;33mWARN [0m[2026-03-16 10:13:40.720]   rewardsCreatorV2.getTopUpForAllEligible  [0;33merror[0m = not found [0;33mblsKey[0m = 7075624b6579424c53303730 
[0;33mWARN [0m[2026-03-16 10:13:40.720]   rewardsCreatorV2.getTopUpForAllEligible  [0;33merror[0m = not found [0;33mblsKey[0m = 7075624b6579424c53303731 
[0;33mWARN [0m[2026-03-16 10:13:40.720]   rewardsCreatorV2.getTopUpForAllEligible  [0;33merror[0m = not found [0;33mblsKey[0m = 7075624b6579424c53303732 
[0;33mWARN [0m[2026-03-16 10:13:40.720]   rewardsCreatorV2.getTopUpForAllEligible  [0;33merror[0m = not found [0;33mblsKey[0m = 7075624b6579424c53303733 
[0;33mWARN [0m[2026-03-16 10:13:40.720]   rewardsCreatorV2.getTopUpForAllEligible  [0;33merror[0m = not found [0;33mblsKey[0m = 7075624b6579424c53303734 
[0;33mWARN [0m[2026-03-16 10:13:40.720]   rewardsCreatorV2.getTopUpForAllEligible  [0;33merror[0m = not found [0;33mblsKey[0m = 7075624b6579424c53303735 
[0;33mWARN [0m[2026-03-16 10:13:40.720]   rewardsCreatorV2.getTopUpForAllEligible  [0;33merror[0m = not found [0;33mblsKey[0m = 7075624b6579424c53303736 
[0;33mWARN [0m[2026-03-16 10:13:40.720]   rewardsCreatorV2.getTopUpForAllEligible  [0;33merror[0m = not found [0;33mblsKey[0m = 7075624b6579424c53303737 
[0;33mWARN [0m[2026-03-16 10:13:40.720]   rewardsCreatorV2.getTopUpForAllEligible  [0;33merror[0m = not found [0;33mblsKey[0m = 7075624b6579424c53303738 
[0;33mWARN [0m[2026-03-16 10:13:40.720]   rewardsCreatorV2.getTopUpForAllEligible  [0;33merror[0m = not found [0;33mblsKey[0m = 7075624b6579424c53303739 
[0;33mWARN [0m[2026-03-16 10:13:40.720]   rewardsCreatorV2.getTopUpForAllEligible  [0;33merror[0m = not found [0;33mblsKey[0m = 7075624b6579424c53303830 
[0;33mWARN [0m[2026-03-16 10:13:40.720]   rewardsCreatorV2.getTopUpForAllEligible  [0;33merror[0m = not found [0;33mblsKey[0m = 7075624b6579424c53303831 
[0;33mWARN [0m[2026-03-16 10:13:40.720]   rewardsCreatorV2.getTopUpForAllEligible  [0;33merror[0m = not found [0;33mblsKey[0m = 7075624b6579424c53303832 
[0;33mWARN [0m[2026-03-16 10:13:40.720]   rewardsCreatorV2.getTopUpForAllEligible  [0;33merror[0m = not found [0;33mblsKey[0m = 7075624b6579424c53303833 
[0;33mWARN [0m[2026-03-16 10:13:40.720]   rewardsCreatorV2.getTopUpForAllEligible  [0;33merror[0m = not found [0;33mblsKey[0m = 7075624b6579424c53303834 
[0;33mWARN [0m[2026-03-16 10:13:40.720]   rewardsCreatorV2.getTopUpForAllEligible  [0;33merror[0m = not found [0;33mblsKey[0m = 7075624b6579424c53303835 
[0;33mWARN [0m[2026-03-16 10:13:40.720]   rewardsCreatorV2.getTopUpForAllEligible  [0;33merror[0m = not found [0;33mblsKey[0m = 7075624b6579424c53303836 
[0;33mWARN [0m[2026-03-16 10:13:40.720]   rewardsCreatorV2.getTopUpForAllEligible  [0;33merror[0m = not found [0;33mblsKey[0m = 7075624b6579424c53303837 
[0;33mWARN [0m[2026-03-16 10:13:40.720]   rewardsCreatorV2.getTopUpForAllEligible  [0;33merror[0m = not found [0;33mblsKey[0m = 7075624b6579424c53303838 
[0;33mWARN [0m[2026-03-16 10:13:40.720]   rewardsCreatorV2.getTopUpForAllEligible  [0;33merror[0m = not found [0;33mblsKey[0m = 7075624b6579424c53303839 
[0;33mWARN [0m[2026-03-16 10:13:40.720]   rewardsCreatorV2.getTopUpForAllEligible  [0;33merror[0m = not found [0;33mblsKey[0m = 7075624b6579424c53303930 
[0;33mWARN [0m[2026-03-16 10:13:40.720]   rewardsCreatorV2.getTopUpForAllEligible  [0;33merror[0m = not found [0;33mblsKey[0m = 7075624b6579424c53303931 
[0;33mWARN [0m[2026-03-16 10:13:40.720]   rewardsCreatorV2.getTopUpForAllEligible  [0;33merror[0m = not found [0;33mblsKey[0m = 7075624b6579424c53303932 
[0;33mWARN [0m[2026-03-16 10:13:40.720]   rewardsCreatorV2.getTopUpForAllEligible  [0;33merror[0m = not found [0;33mblsKey[0m = 7075624b6579424c53303933 
[0;33mWARN [0m[2026-03-16 10:13:40.720]   rewardsCreatorV2.getTopUpForAllEligible  [0;33merror[0m = not found [0;33mblsKey[0m = 7075624b6579424c53303934 
[0;33mWARN [0m[2026-03-16 10:13:40.720]   rewardsCreatorV2.getTopUpForAllEligible  [0;33merror[0m = not found [0;33mblsKey[0m = 7075624b6579424c53303935 
[0;33mWARN [0m[2026-03-16 10:13:40.720]   rewardsCreatorV2.getTopUpForAllEligible  [0;33merror[0m = not found [0;33mblsKey[0m = 7075624b6579424c53303936 
[0;33mWARN [0m[2026-03-16 10:13:40.720]   rewardsCreatorV2.getTopUpForAllEligible  [0;33merror[0m = not found [0;33mblsKey[0m = 7075624b6579424c53303937 
[0;33mWARN [0m[2026-03-16 10:13:40.720]   rewardsCreatorV2.getTopUpForAllEligible  [0;33merror[0m = not found [0;33mblsKey[0m = 7075624b6579424c53303938 
[0;33mWARN [0m[2026-03-16 10:13:40.720]   rewardsCreatorV2.getTopUpForAllEligible  [0;33merror[0m = not found [0;33mblsKey[0m = 7075624b6579424c53303939 
[0;33mWARN [0m[2026-03-16 10:13:40.720]   rewardsCreatorV2.getTopUpForAllEligible  [0;33merror[0m = not found [0;33mblsKey[0m = 7075624b6579424c5330313030 
[0;33mWARN [0m[2026-03-16 10:13:40.720]   rewardsCreatorV2.getTopUpForAllEligible  [0;33merror[0m = not found [0;33mblsKey[0m = 7075624b6579424c5330313031 
[0;33mWARN [0m[2026-03-16 10:13:40.720]   rewardsCreatorV2.getTopUpForAllEligible  [0;33merror[0m = not found [0;33mblsKey[0m = 7075624b6579424c5330313032 
[0;33mWARN [0m[2026-03-16 10:13:40.720]   rewardsCreatorV2.getTopUpForAllEligible  [0;33merror[0m = not found [0;33mblsKey[0m = 7075624b6579424c5330313033 
[0;33mWARN [0m[2026-03-16 10:13:40.720]   rewardsCreatorV2.getTopUpForAllEligible  [0;33merror[0m = not found [0;33mblsKey[0m = 7075624b6579424c5330313034 
[0;33mWARN [0m[2026-03-16 10:13:40.720]   rewardsCreatorV2.getTopUpForAllEligible  [0;33merror[0m = not found [0;33mblsKey[0m = 7075624b6579424c5330313035 
[0;33mWARN [0m[2026-03-16 10:13:40.720]   rewardsCreatorV2.getTopUpForAllEligible  [0;33merror[0m = not found [0;33mblsKey[0m = 7075624b6579424c5330313036 
[0;33mWARN [0m[2026-03-16 10:13:40.720]   rewardsCreatorV2.getTopUpForAllEligible  [0;33merror[0m = not found [0;33mblsKey[0m = 7075624b6579424c5330313037 
[0;33mWARN [0m[2026-03-16 10:13:40.720]   rewardsCreatorV2.getTopUpForAllEligible  [0;33merror[0m = not found [0;33mblsKey[0m = 7075624b6579424c5330313038 
[0;33mWARN [0m[2026-03-16 10:13:40.720]   rewardsCreatorV2.getTopUpForAllEligible  [0;33merror[0m = not found [0;33mblsKey[0m = 7075624b6579424c5330313039 
[0;33mWARN [0m[2026-03-16 10:13:40.720]   rewardsCreatorV2.getTopUpForAllEligible  [0;33merror[0m = not found [0;33mblsKey[0m = 7075624b6579424c5330313130 
[0;33mWARN [0m[2026-03-16 10:13:40.720]   rewardsCreatorV2.getTopUpForAllEligible  [0;33merror[0m = not found [0;33mblsKey[0m = 7075624b6579424c5330313131 
[0;33mWARN [0m[2026-03-16 10:13:40.720]   rewardsCreatorV2.getTopUpForAllEligible  [0;33merror[0m = not found [0;33mblsKey[0m = 7075624b6579424c5330313132 
[0;33mWARN [0m[2026-03-16 10:13:40.720]   rewardsCreatorV2.getTopUpForAllEligible  [0;33merror[0m = not found [0;33mblsKey[0m = 7075624b6579424c5330313133 
[0;33mWARN [0m[2026-03-16 10:13:40.720]   rewardsCreatorV2.getTopUpForAllEligible  [0;33merror[0m = not found [0;33mblsKey[0m = 7075624b6579424c5330313134 
[0;33mWARN [0m[2026-03-16 10:13:40.720]   rewardsCreatorV2.getTopUpForAllEligible  [0;33merror[0m = not found [0;33mblsKey[0m = 7075624b6579424c5330313135 
[0;33mWARN [0m[2026-03-16 10:13:40.720]   rewardsCreatorV2.getTopUpForAllEligible  [0;33merror[0m = not found [0;33mblsKey[0m = 7075624b6579424c5330313136 
[0;33mWARN [0m[2026-03-16 10:13:40.720]   rewardsCreatorV2.getTopUpForAllEligible  [0;33merror[0m = not found [0;33mblsKey[0m = 7075624b6579424c5330313137 
[0;33mWARN [0m[2026-03-16 10:13:40.720]   rewardsCreatorV2.getTopUpForAllEligible  [0;33merror[0m = not found [0;33mblsKey[0m = 7075624b6579424c5330313138 
=== CONT  TestBaseRewardsCreator_SaveTxBlockToStorageNonRewardsMiniBlocksAreIgnored
[0;33mWARN [0m[2026-03-16 10:13:40.720]   rewardsCreatorV2.getTopUpForAllEligible  [0;33merror[0m = not found [0;33mblsKey[0m = 7075624b6579424c5330313139 
[0;33mWARN [0m[2026-03-16 10:13:40.720]   rewardsCreatorV2.getTopUpForAllEligible  [0;33merror[0m = not found [0;33mblsKey[0m = 7075624b6579424c5330313230 
[0;33mWARN [0m[2026-03-16 10:13:40.720]   rewardsCreatorV2.getTopUpForAllEligible  [0;33merror[0m = not found [0;33mblsKey[0m = 7075624b6579424c5330313231 
[0;33mWARN [0m[2026-03-16 10:13:40.720]   rewardsCreatorV2.getTopUpForAllEligible  [0;33merror[0m = not found [0;33mblsKey[0m = 7075624b6579424c5330313232 
[0;33mWARN [0m[2026-03-16 10:13:40.720]   rewardsCreatorV2.getTopUpForAllEligible  [0;33merror[0m = not found [0;33mblsKey[0m = 7075624b6579424c5330313233 
[0;33mWARN [0m[2026-03-16 10:13:40.720]   rewardsCreatorV2.getTopUpForAllEligible  [0;33merror[0m = not found [0;33mblsKey[0m = 7075624b6579424c5330313234 
[0;33mWARN [0m[2026-03-16 10:13:40.720]   rewardsCreatorV2.getTopUpForAllEligible  [0;33merror[0m = not found [0;33mblsKey[0m = 7075624b6579424c5330313235 
[0;33mWARN [0m[2026-03-16 10:13:40.720]   rewardsCreatorV2.getTopUpForAllEligible  [0;33merror[0m = not found [0;33mblsKey[0m = 7075624b6579424c5330313236 
[0;33mWARN [0m[2026-03-16 10:13:40.720]   rewardsCreatorV2.getTopUpForAllEligible  [0;33merror[0m = not found [0;33mblsKey[0m = 7075624b6579424c5330313237 
[0;33mWARN [0m[2026-03-16 10:13:40.720]   rewardsCreatorV2.getTopUpForAllEligible  [0;33merror[0m = not found [0;33mblsKey[0m = 7075624b6579424c5330313238 
[0;33mWARN [0m[2026-03-16 10:13:40.720]   rewardsCreatorV2.getTopUpForAllEligible  [0;33merror[0m = not found [0;33mblsKey[0m = 7075624b6579424c5330313239 
[0;33mWARN [0m[2026-03-16 10:13:40.720]   rewardsCreatorV2.getTopUpForAllEligible  [0;33merror[0m = not found [0;33mblsKey[0m = 7075624b6579424c5330313330 
[0;33mWARN [0m[2026-03-16 10:13:40.720]   rewardsCreatorV2.getTopUpForAllEligible  [0;33merror[0m = not found [0;33mblsKey[0m = 7075624b6579424c5330313331 
[0;33mWARN [0m[2026-03-16 10:13:40.720]   rewardsCreatorV2.getTopUpForAllEligible  [0;33merror[0m = not found [0;33mblsKey[0m = 7075624b6579424c5330313332 
[0;33mWARN [0m[2026-03-16 10:13:40.720]   rewardsCreatorV2.getTopUpForAllEligible  [0;33merror[0m = not found [0;33mblsKey[0m = 7075624b6579424c5330313333 
[0;33mWARN [0m[2026-03-16 10:13:40.720]   rewardsCreatorV2.getTopUpForAllEligible  [0;33merror[0m = not found [0;33mblsKey[0m = 7075624b6579424c5330313334 
[0;33mWARN [0m[2026-03-16 10:13:40.720]   rewardsCreatorV2.getTopUpForAllEligible  [0;33merror[0m = not found [0;33mblsKey[0m = 7075624b6579424c5330313335 
[0;33mWARN [0m[2026-03-16 10:13:40.720]   rewardsCreatorV2.getTopUpForAllEligible  [0;33merror[0m = not found [0;33mblsKey[0m = 7075624b6579424c5330313336 
[0;33mWARN [0m[2026-03-16 10:13:40.720]   rewardsCreatorV2.getTopUpForAllEligible  [0;33merror[0m = not found [0;33mblsKey[0m = 7075624b6579424c5330313337 
[0;33mWARN [0m[2026-03-16 10:13:40.720]   rewardsCreatorV2.getTopUpForAllEligible  [0;33merror[0m = not found [0;33mblsKey[0m = 7075624b6579424c5330313338 
[0;33mWARN [0m[2026-03-16 10:13:40.720]   rewardsCreatorV2.getTopUpForAllEligible  [0;33merror[0m = not found [0;33mblsKey[0m = 7075624b6579424c5330313339 
[0;33mWARN [0m[2026-03-16 10:13:40.720]   rewardsCreatorV2.getTopUpForAllEligible  [0;33merror[0m = not found [0;33mblsKey[0m = 7075624b6579424c5330313430 
[0;33mWARN [0m[2026-03-16 10:13:40.720]   rewardsCreatorV2.getTopUpForAllEligible  [0;33merror[0m = not found [0;33mblsKey[0m = 7075624b6579424c5330313431 
[0;33mWARN [0m[2026-03-16 10:13:40.720]   rewardsCreatorV2.getTopUpForAllEligible  [0;33merror[0m = not found [0;33mblsKey[0m = 7075624b6579424c5330313432 
[0;33mWARN [0m[2026-03-16 10:13:40.720]   rewardsCreatorV2.getTopUpForAllEligible  [0;33merror[0m = not found [0;33mblsKey[0m = 7075624b6579424c5330313433 
[0;33mWARN [0m[2026-03-16 10:13:40.720]   rewardsCreatorV2.getTopUpForAllEligible  [0;33merror[0m = not found [0;33mblsKey[0m = 7075624b6579424c5330313434 
[0;33mWARN [0m[2026-03-16 10:13:40.720]   rewardsCreatorV2.getTopUpForAllEligible  [0;33merror[0m = not found [0;33mblsKey[0m = 7075624b6579424c5330313435 
[0;33mWARN [0m[2026-03-16 10:13:40.720]   rewardsCreatorV2.getTopUpForAllEligible  [0;33merror[0m = not found [0;33mblsKey[0m = 7075624b6579424c5330313436 
[0;33mWARN [0m[2026-03-16 10:13:40.720]   rewardsCreatorV2.getTopUpForAllEligible  [0;33merror[0m = not found [0;33mblsKey[0m = 7075624b6579424c5330313437 
[0;33mWARN [0m[2026-03-16 10:13:40.720]   rewardsCreatorV2.getTopUpForAllEligible  [0;33merror[0m = not found [0;33mblsKey[0m = 7075624b6579424c5330313438 
[0;33mWARN [0m[2026-03-16 10:13:40.720]   rewardsCreatorV2.getTopUpForAllEligible  [0;33merror[0m = not found [0;33mblsKey[0m = 7075624b6579424c5330313439 
[0;33mWARN [0m[2026-03-16 10:13:40.720]   rewardsCreatorV2.getTopUpForAllEligible  [0;33merror[0m = not found [0;33mblsKey[0m = 7075624b6579424c5330313530 
[0;33mWARN [0m[2026-03-16 10:13:40.720]   found 2 entries in validatorInfoCreator.deterministicSortValidators with the same public key [0;33mvalidator a[0m = &state.ValidatorInfo{PublicKey: []byte{0x56, 0x7c, 0xe6, 0xbf, 0x42, 0x22, 0x36, 0x5a, 0xf2, 0xd0, 0xfb, 0xae, 0x26, 0x85, 0xaa, 0xc8, 0xe8, 0x4e, 0xb4, 0x59, 0x4e, 0x67, 0xd0, 0x3a, 0x3b, 0x4a, 0x63, 0x5e, 0x9d, 0x3, 0xf7, 0x49, 0x64, 0x69, 0x86, 0x2f, 0x85, 0xe3, 0xcf, 0xf5, 0xf6, 0x9c, 0xea, 0x89, 0xd4, 0x6, 0x80, 0x9, 0x23, 0xa9, 0xa, 0x9c, 0x9, 0x57, 0x42, 0x64, 0x4a, 0xd7, 0xa1, 0x3d, 0x64, 0xda, 0x3e, 0x2a, 0x54, 0xc0, 0xe3, 0xcd, 0xb, 0x26, 0xa4, 0xc, 0xa6, 0xd9, 0x9, 0x9, 0x89, 0xe6, 0xc7, 0x4d, 0x13, 0x99, 0x5, 0xd7, 0xf, 0x24, 0x97, 0x24, 0x69, 0xc, 0xeb, 0x8c, 0xba, 0xe3, 0xe1, 0x8f},
ShardId: 0x1,
List: "new",
Index: 0x73f515,
TempRating: 0x4c4b41,
Rating: 0x4c4b41,
RatingModifier: 0,
RewardAddress: []byte{0x0, 0x0, 0x0, 0x0, 0x0, 0x0, 0x0, 0x0, 0x0, 0x1, 0x0, 0x0, 0x0, 0x0, 0x0, 0x0, 0x0, 0x0, 0x0, 0x0, 0x0, 0x0, 0x0, 0x0, 0x0, 0x0, 0x0, 0x0, 0x1e, 0xff, 0xff, 0xff},
LeaderSuccess: 0x0,
LeaderFailure: 0x0,
ValidatorSuccess: 0x0,
ValidatorFailure: 0x0,
ValidatorIgnoredSignatures: 0x0,
NumSelectedInSuccessBlocks: 0x0,
AccumulatedFees: 0,
TotalLeaderSuccess: 0x0,
TotalLeaderFailure: 0x0,
TotalValidatorSuccess: 0x0,
TotalValidatorFailure: 0x0,
TotalValidatorIgnoredSignatures: 0x0,
PreviousList: "",
PreviousIndex: 0x0,
} [0;33mvalidator b[0m = &state.ValidatorInfo{PublicKey: []byte{0x56, 0x7c, 0xe6, 0xbf, 0x42, 0x22, 0x36, 0x5a, 0xf2, 0xd0, 0xfb, 0xae, 0x26, 0x85, 0xaa, 0xc8, 0xe8, 0x4e, 0xb4, 0x59, 0x4e, 0x67, 0xd0, 0x3a, 0x3b, 0x4a, 0x63, 0x5e, 0x9d, 0x3, 0xf7, 0x49, 0x64, 0x69, 0x86, 0x2f, 0x85, 0xe3, 0xcf, 0xf5, 0xf6, 0x9c, 0xea, 0x89, 0xd4, 0x6, 0x80, 0x9, 0x23, 0xa9, 0xa, 0x9c, 0x9, 0x57, 0x42, 0x64, 0x4a, 0xd7, 0xa1, 0x3d, 0x64, 0xda, 0x3e, 0x2a, 0x54, 0xc0, 0xe3, 0xcd, 0xb, 0x26, 0xa4, 0xc, 0xa6, 0xd9, 0x9, 0x9, 0x89, 0xe6, 0xc7, 0x4d, 0x13, 0x99, 0x5, 0xd7, 0xf, 0x24, 0x97, 0x24, 0x69, 0xc, 0xeb, 0x8c, 0xba, 0xe3, 0xe1, 0x8f},
ShardId: 0x1,
List: "inactive",
Index: 0x72a634,
TempRating: 0x4c4b41,
Rating: 0x4c4b41,
RatingModifier: 1,
RewardAddress: []byte{0x0, 0x0, 0x0, 0x0, 0x0, 0x0, 0x0, 0x0, 0x0, 0x1, 0x0, 0x0, 0x0, 0x0, 0x0, 0x0, 0x0, 0x0, 0x0, 0x0, 0x0, 0x0, 0x0, 0x0, 0x0, 0x0, 0x0, 0x0, 0x1e, 0xff, 0xff, 0xff},
LeaderSuccess: 0x0,
LeaderFailure: 0x0,
ValidatorSuccess: 0x0,
ValidatorFailure: 0x0,
ValidatorIgnoredSignatures: 0x0,
NumSelectedInSuccessBlocks: 0x0,
AccumulatedFees: 0,
TotalLeaderSuccess: 0x2b87,
TotalLeaderFailure: 0x34,
TotalValidatorSuccess: 0x17740d,
TotalValidatorFailure: 0x95a,
TotalValidatorIgnoredSignatures: 0x298e,
PreviousList: "",
PreviousIndex: 0x0,
} [0;33mvalidator a pub key[0m = 567ce6bf4222365af2d0fbae2685aac8e84eb4594e67d03a3b4a635e9d03f7496469862f85e3cff5f69cea89d406800923a90a9c095742644ad7a13d64da3e2a54c0e3cd0b26a40ca6d9090989e6c74d139905d70f249724690ceb8cbae3e18f [0;33mvalidator b pub key[0m = 567ce6bf4222365af2d0fbae2685aac8e84eb4594e67d03a3b4a635e9d03f7496469862f85e3cff5f69cea89d406800923a90a9c095742644ad7a13d64da3e2a54c0e3cd0b26a40ca6d9090989e6c74d139905d70f249724690ceb8cbae3e18f 
[0;33mWARN [0m[2026-03-16 10:13:40.720]   found 2 entries in validatorInfoCreator.deterministicSortValidators with the same public key [0;33mvalidator a[0m = &state.ValidatorInfo{PublicKey: []byte{0x79, 0x2, 0xe6, 0x74, 0x3a, 0xb, 0xee, 0x66, 0x71, 0xb7, 0xec, 0x6d, 0x12, 0x97, 0x49, 0x6d, 0x8c, 0x46, 0xa4, 0x77, 0x2, 0x4b, 0x24, 0xf4, 0x18, 0x49, 0xd5, 0x26, 0xb1, 0x60, 0x54, 0x73, 0xee, 0x84, 0x8f, 0xa3, 0x71, 0xe2, 0x7d, 0xb5, 0xfb, 0xc5, 0xbd, 0x65, 0x6, 0x2f, 0xd0, 0xd, 0x11, 0x2, 0x4, 0x5f, 0x57, 0x93, 0xf7, 0xcb, 0xc, 0xdb, 0x1a, 0x7d, 0x66, 0xcf, 0x66, 0x46, 0x0, 0x58, 0xe, 0xbe, 0xa7, 0x4a, 0xb1, 0x21, 0xc1, 0x5f, 0xe0, 0xaf, 0xe6, 0x2c, 0x50, 0x4b, 0x4d, 0x1c, 0x44, 0xa3, 0x39, 0x53, 0x22, 0xd0, 0xba, 0x7e, 0xfd, 0x33, 0x17, 0x6b, 0x5, 0x97},
ShardId: 0x1,
List: "new",
Index: 0x73f515,
TempRating: 0x4c4b41,
Rating: 0x4c4b41,
RatingModifier: 0,
RewardAddress: []byte{0x0, 0x0, 0x0, 0x0, 0x0, 0x0, 0x0, 0x0, 0x0, 0x1, 0x0, 0x0, 0x0, 0x0, 0x0, 0x0, 0x0, 0x0, 0x0, 0x0, 0x0, 0x0, 0x0, 0x0, 0x0, 0x0, 0x0, 0x0, 0x1e, 0xff, 0xff, 0xff},
LeaderSuccess: 0x0,
LeaderFailure: 0x0,
ValidatorSuccess: 0x0,
ValidatorFailure: 0x0,
ValidatorIgnoredSignatures: 0x0,
NumSelectedInSuccessBlocks: 0x0,
AccumulatedFees: 0,
TotalLeaderSuccess: 0x0,
TotalLeaderFailure: 0x0,
TotalValidatorSuccess: 0x0,
TotalValidatorFailure: 0x0,
TotalValidatorIgnoredSignatures: 0x0,
PreviousList: "",
PreviousIndex: 0x0,
} [0;33mvalidator b[0m = &state.ValidatorInfo{PublicKey: []byte{0x79, 0x2, 0xe6, 0x74, 0x3a, 0xb, 0xee, 0x66, 0x71, 0xb7, 0xec, 0x6d, 0x12, 0x97, 0x49, 0x6d, 0x8c, 0x46, 0xa4, 0x77, 0x2, 0x4b, 0x24, 0xf4, 0x18, 0x49, 0xd5, 0x26, 0xb1, 0x60, 0x54, 0x73, 0xee, 0x84, 0x8f, 0xa3, 0x71, 0xe2, 0x7d, 0xb5, 0xfb, 0xc5, 0xbd, 0x65, 0x6, 0x2f, 0xd0, 0xd, 0x11, 0x2, 0x4, 0x5f, 0x57, 0x93, 0xf7, 0xcb, 0xc, 0xdb, 0x1a, 0x7d, 0x66, 0xcf, 0x66, 0x46, 0x0, 0x58, 0xe, 0xbe, 0xa7, 0x4a, 0xb1, 0x21, 0xc1, 0x5f, 0xe0, 0xaf, 0xe6, 0x2c, 0x50, 0x4b, 0x4d, 0x1c, 0x44, 0xa3, 0x39, 0x53, 0x22, 0xd0, 0xba, 0x7e, 0xfd, 0x33, 0x17, 0x6b, 0x5, 0x97},
ShardId: 0x1,
List: "inactive",
Index: 0x72a62d,
TempRating: 0x4c4b41,
Rating: 0x4c4b41,
RatingModifier: 1,
RewardAddress: []byte{0x0, 0x0, 0x0, 0x0, 0x0, 0x0, 0x0, 0x0, 0x0, 0x1, 0x0, 0x0, 0x0, 0x0, 0x0, 0x0, 0x0, 0x0, 0x0, 0x0, 0x0, 0x0, 0x0, 0x0, 0x0, 0x0, 0x0, 0x0, 0x1e, 0xff, 0xff, 0xff},
LeaderSuccess: 0x0,
LeaderFailure: 0x0,
ValidatorSuccess: 0x0,
ValidatorFailure: 0x0,
ValidatorIgnoredSignatures: 0x0,
NumSelectedInSuccessBlocks: 0x0,
AccumulatedFees: 0,
TotalLeaderSuccess: 0x2b2a,
TotalLeaderFailure: 0x23,
TotalValidatorSuccess: 0x1c48cb,
TotalValidatorFailure: 0xcc0,
TotalValidatorIgnoredSignatures: 0x1cca,
PreviousList: "",
PreviousIndex: 0x0,
} [0;33mvalidator a pub key[0m = 7902e6743a0bee6671b7ec6d1297496d8c46a477024b24f41849d526b1605473ee848fa371e27db5fbc5bd65062fd00d1102045f5793f7cb0cdb1a7d66cf664600580ebea74ab121c15fe0afe62c504b4d1c44a3395322d0ba7efd33176b0597 [0;33mvalidator b pub key[0m = 7902e6743a0bee6671b7ec6d1297496d8c46a477024b24f41849d526b1605473ee848fa371e27db5fbc5bd65062fd00d1102045f5793f7cb0cdb1a7d66cf664600580ebea74ab121c15fe0afe62c504b4d1c44a3395322d0ba7efd33176b0597 
[0;33mWARN [0m[2026-03-16 10:13:40.720]   rewardsCreatorV2.getTopUpForAllEligible  [0;33merror[0m = not found [0;33mblsKey[0m = 7075624b6579424c5330313531 
=== CONT  TestNewRewardsCreatorV2_computeRewardsPerNode
--- PASS: TestNewRewardsCreatorV2_addValidatorRewardsToMiniBlocks (0.01s)
--- PASS: TestBaseRewardsCreator_RemoveBlockDataFromPools (0.00s)
--- PASS: TestRewardsCreatorV2_adjustProtocolSustainabilityRewardsInitialNegativeValue (0.00s)
--- PASS: TestBaseRewardsCreator_RemoveBlockDataFromPoolsNilBlockBodyNoPanic (0.00s)
--- PASS: TestBaseRewardsCreator_RemoveBlockDataFromPoolsNonRewardsMiniBlocksIgnored (0.00s)
--- PASS: TestBaseRewardsCreator_RemoveBlockDataFromPoolsNilMetablockNoPanic (0.00s)
--- PASS: TestRewardsCreatorV2_adjustProtocolSustainabilityRewardsPositiveValue (0.00s)
--- PASS: TestBaseRewardsCreator_DeleteTxsFromStorage (0.00s)
--- PASS: TestNewRewardsCreatorV2_getTopUpForAllEligibleSomeBLSKeysNotFoundZeroed (0.00s)
--- PASS: TestBaseRewardsCreator_DeleteTxsFromStorageNonRewardsMiniBlocksIgnored (0.00s)
--- PASS: TestNewRewardsCreatorV2_computeValidatorInfoPerRewardAddressWithLeavingValidators (0.01s)
--- PASS: TestBaseRewardsCreator_DeleteTxsFromStorageNilBlockBodyNoPanic (0.00s)
--- PASS: TestRewardsCreatorV2_adjustProtocolSustainabilityRewardsNegValueNotAccepted (0.00s)
--- PASS: TestBaseRewardsCreator_DeleteTxsFromStorageNilMetablockNoPanic (0.00s)
--- PASS: TestSystemSCProcessor_JailedNodesShouldNotBeSwappedAllAtOnce (0.02s)
--- PASS: TestBaseRewardsCreator_SaveTxBlockToStorageNotFoundTxIgnored (0.00s)
--- PASS: TestNewRewardsCreatorV2_computeNodesPowerInShard (0.01s)
--- PASS: TestBaseRewardsCreator_SaveTxBlockToStorageNonRewardsMiniBlocksAreIgnored (0.00s)
[0;33mWARN [0m[2026-03-16 10:13:40.724]   rewardsCreatorV2.getTopUpForAllEligible  [0;33merror[0m = not found [0;33mblsKey[0m = 7075624b6579424c5330313532 
[0;33mWARN [0m[2026-03-16 10:13:40.724]   rewardsCreatorV2.getTopUpForAllEligible  [0;33merror[0m = not found [0;33mblsKey[0m = 7075624b6579424c5330313533 
[0;33mWARN [0m[2026-03-16 10:13:40.724]   rewardsCreatorV2.getTopUpForAllEligible  [0;33merror[0m = not found [0;33mblsKey[0m = 7075624b6579424c5330313534 
[0;33mWARN [0m[2026-03-16 10:13:40.724]   rewardsCreatorV2.getTopUpForAllEligible  [0;33merror[0m = not found [0;33mblsKey[0m = 7075624b6579424c5330313535 
[0;33mWARN [0m[2026-03-16 10:13:40.724]   rewardsCreatorV2.getTopUpForAllEligible  [0;33merror[0m = not found [0;33mblsKey[0m = 7075624b6579424c5330313536 
[0;33mWARN [0m[2026-03-16 10:13:40.724]   rewardsCreatorV2.getTopUpForAllEligible  [0;33merror[0m = not found [0;33mblsKey[0m = 7075624b6579424c5330313537 
[0;33mWARN [0m[2026-03-16 10:13:40.724]   rewardsCreatorV2.getTopUpForAllEligible  [0;33merror[0m = not found [0;33mblsKey[0m = 7075624b6579424c5330313538 
[0;33mWARN [0m[2026-03-16 10:13:40.724]   rewardsCreatorV2.getTopUpForAllEligible  [0;33merror[0m = not found [0;33mblsKey[0m = 7075624b6579424c5330313539 
[0;33mWARN [0m[2026-03-16 10:13:40.724]   rewardsCreatorV2.getTopUpForAllEligible  [0;33merror[0m = not found [0;33mblsKey[0m = 7075624b6579424c5330313630 
[0;33mWARN [0m[2026-03-16 10:13:40.724]   rewardsCreatorV2.getTopUpForAllEligible  [0;33merror[0m = not found [0;33mblsKey[0m = 7075624b6579424c5330313631 
[0;33mWARN [0m[2026-03-16 10:13:40.724]   rewardsCreatorV2.getTopUpForAllEligible  [0;33merror[0m = not found [0;33mblsKey[0m = 7075624b6579424c5330313632 
[0;33mWARN [0m[2026-03-16 10:13:40.724]   rewardsCreatorV2.getTopUpForAllEligible  [0;33merror[0m = not found [0;33mblsKey[0m = 7075624b6579424c5330313633 
[0;33mWARN [0m[2026-03-16 10:13:40.724]   rewardsCreatorV2.getTopUpForAllEligible  [0;33merror[0m = not found [0;33mblsKey[0m = 7075624b6579424c5330313634 
[0;33mWARN [0m[2026-03-16 10:13:40.724]   rewardsCreatorV2.getTopUpForAllEligible  [0;33merror[0m = not found [0;33mblsKey[0m = 7075624b6579424c5330313635 
[0;33mWARN [0m[2026-03-16 10:13:40.724]   rewardsCreatorV2.getTopUpForAllEligible  [0;33merror[0m = not found [0;33mblsKey[0m = 7075624b6579424c5330313636 
[0;33mWARN [0m[2026-03-16 10:13:40.724]   rewardsCreatorV2.getTopUpForAllEligible  [0;33merror[0m = not found [0;33mblsKey[0m = 7075624b6579424c5330313637 
[0;33mWARN [0m[2026-03-16 10:13:40.724]   rewardsCreatorV2.getTopUpForAllEligible  [0;33merror[0m = not found [0;33mblsKey[0m = 7075624b6579424c5330313638 
[0;33mWARN [0m[2026-03-16 10:13:40.724]   rewardsCreatorV2.getTopUpForAllEligible  [0;33merror[0m = not found [0;33mblsKey[0m = 7075624b6579424c5330313639 
[0;33mWARN [0m[2026-03-16 10:13:40.724]   rewardsCreatorV2.getTopUpForAllEligible  [0;33merror[0m = not found [0;33mblsKey[0m = 7075624b6579424c5330313730 
[0;33mWARN [0m[2026-03-16 10:13:40.724]   rewardsCreatorV2.getTopUpForAllEligible  [0;33merror[0m = not found [0;33mblsKey[0m = 7075624b6579424c5330313731 
[0;33mWARN [0m[2026-03-16 10:13:40.724]   rewardsCreatorV2.getTopUpForAllEligible  [0;33merror[0m = not found [0;33mblsKey[0m = 7075624b6579424c5330313732 
[0;33mWARN [0m[2026-03-16 10:13:40.724]   rewardsCreatorV2.getTopUpForAllEligible  [0;33merror[0m = not found [0;33mblsKey[0m = 7075624b6579424c5330313733 
[0;33mWARN [0m[2026-03-16 10:13:40.724]   rewardsCreatorV2.getTopUpForAllEligible  [0;33merror[0m = not found [0;33mblsKey[0m = 7075624b6579424c5330313734 
[0;33mWARN [0m[2026-03-16 10:13:40.724]   rewardsCreatorV2.getTopUpForAllEligible  [0;33merror[0m = not found [0;33mblsKey[0m = 7075624b6579424c5330313735 
[0;33mWARN [0m[2026-03-16 10:13:40.724]   rewardsCreatorV2.getTopUpForAllEligible  [0;33merror[0m = not found [0;33mblsKey[0m = 7075624b6579424c5330313736 
[0;33mWARN [0m[2026-03-16 10:13:40.724]   rewardsCreatorV2.getTopUpForAllEligible  [0;33merror[0m = not found [0;33mblsKey[0m = 7075624b6579424c5330313737 
[0;33mWARN [0m[2026-03-16 10:13:40.724]   rewardsCreatorV2.getTopUpForAllEligible  [0;33merror[0m = not found [0;33mblsKey[0m = 7075624b6579424c5330313738 
[0;33mWARN [0m[2026-03-16 10:13:40.724]   rewardsCreatorV2.getTopUpForAllEligible  [0;33merror[0m = not found [0;33mblsKey[0m = 7075624b6579424c5330313739 
[0;33mWARN [0m[2026-03-16 10:13:40.724]   rewardsCreatorV2.getTopUpForAllEligible  [0;33merror[0m = not found [0;33mblsKey[0m = 7075624b6579424c5330313830 
[0;33mWARN [0m[2026-03-16 10:13:40.724]   rewardsCreatorV2.getTopUpForAllEligible  [0;33merror[0m = not found [0;33mblsKey[0m = 7075624b6579424c5330313831 
[0;33mWARN [0m[2026-03-16 10:13:40.724]   rewardsCreatorV2.getTopUpForAllEligible  [0;33merror[0m = not found [0;33mblsKey[0m = 7075624b6579424c5330313832 
[0;33mWARN [0m[2026-03-16 10:13:40.724]   rewardsCreatorV2.getTopUpForAllEligible  [0;33merror[0m = not found [0;33mblsKey[0m = 7075624b6579424c5330313833 
[0;33mWARN [0m[2026-03-16 10:13:40.724]   rewardsCreatorV2.getTopUpForAllEligible  [0;33merror[0m = not found [0;33mblsKey[0m = 7075624b6579424c5330313834 
[0;33mWARN [0m[2026-03-16 10:13:40.724]   rewardsCreatorV2.getTopUpForAllEligible  [0;33merror[0m = not found [0;33mblsKey[0m = 7075624b6579424c5330313835 
[0;33mWARN [0m[2026-03-16 10:13:40.724]   rewardsCreatorV2.getTopUpForAllEligible  [0;33merror[0m = not found [0;33mblsKey[0m = 7075624b6579424c5330313836 
[0;33mWARN [0m[2026-03-16 10:13:40.724]   rewardsCreatorV2.computeTopUpRewardsPerShard [0;33merror[0m = empty blocksPerShard 
[0;33mWARN [0m[2026-03-16 10:13:40.724]   rewardsCreatorV2.getTopUpForAllEligible  [0;33merror[0m = not found [0;33mblsKey[0m = 7075624b6579424c5330313837 
[0;33mWARN [0m[2026-03-16 10:13:40.724]   rewardsCreatorV2.getTopUpForAllEligible  [0;33merror[0m = not found [0;33mblsKey[0m = 7075624b6579424c5330313838 
[0;33mWARN [0m[2026-03-16 10:13:40.724]   rewardsCreatorV2.getTopUpForAllEligible  [0;33merror[0m = not found [0;33mblsKey[0m = 7075624b6579424c5330313839 
[0;33mWARN [0m[2026-03-16 10:13:40.724]   rewardsCreatorV2.getTopUpForAllEligible  [0;33merror[0m = not found [0;33mblsKey[0m = 7075624b6579424c5330313930 
[0;33mWARN [0m[2026-03-16 10:13:40.724]   rewardsCreatorV2.getTopUpForAllEligible  [0;33merror[0m = not found [0;33mblsKey[0m = 7075624b6579424c5330313931 
[0;33mWARN [0m[2026-03-16 10:13:40.724]   rewardsCreatorV2.getTopUpForAllEligible  [0;33merror[0m = not found [0;33mblsKey[0m = 7075624b6579424c5330313932 
[0;33mWARN [0m[2026-03-16 10:13:40.724]   rewardsCreatorV2.getTopUpForAllEligible  [0;33merror[0m = not found [0;33mblsKey[0m = 7075624b6579424c5330313933 
[0;33mWARN [0m[2026-03-16 10:13:40.724]   rewardsCreatorV2.getTopUpForAllEligible  [0;33merror[0m = not found [0;33mblsKey[0m = 7075624b6579424c5330313934 
[0;33mWARN [0m[2026-03-16 10:13:40.724]   rewardsCreatorV2.getTopUpForAllEligible  [0;33merror[0m = not found [0;33mblsKey[0m = 7075624b6579424c5330313935 
[0;33mWARN [0m[2026-03-16 10:13:40.724]   rewardsCreatorV2.getTopUpForAllEligible  [0;33merror[0m = not found [0;33mblsKey[0m = 7075624b6579424c5330313936 
[0;33mWARN [0m[2026-03-16 10:13:40.724]   rewardsCreatorV2.getTopUpForAllEligible  [0;33merror[0m = not found [0;33mblsKey[0m = 7075624b6579424c5330313937 
[0;33mWARN [0m[2026-03-16 10:13:40.724]   rewardsCreatorV2.getTopUpForAllEligible  [0;33merror[0m = not found [0;33mblsKey[0m = 7075624b6579424c5330313938 
[0;33mWARN [0m[2026-03-16 10:13:40.724]   rewardsCreatorV2.getTopUpForAllEligible  [0;33merror[0m = not found [0;33mblsKey[0m = 7075624b6579424c5330313939 
[0;33mWARN [0m[2026-03-16 10:13:40.724]   rewardsCreatorV2.getTopUpForAllEligible  [0;33merror[0m = not found [0;33mblsKey[0m = 7075624b6579424c5330323030 
--- PASS: TestNewRewardsCreatorV2_computeTopUpRewardsPerShardNoBlockPerShard (0.02s)
=== CONT  TestSystemSCProcessor_ProcessSystemSmartContractStakingV4EnabledCannotPrepareStakingData
[0;32mINFO [0m[2026-03-16 10:13:40.724]   rewards to be distributed                [0;32mtotalStakeEligible[0m = 0 [0;32mtotalTopUpEligible[0m = 3000000000000000000000000 [0;32mbaseRewards[0m = 4375000000000000000000 [0;32mtopUpRewards[0m = 625000000000000000000 
[0;33mWARN [0m[2026-03-16 10:13:40.724]   rewardsCreatorV2.getTopUpForAllEligible  [0;33merror[0m = not found [0;33mblsKey[0m = 7075624b6579424c5330323031 
[0;33mWARN [0m[2026-03-16 10:13:40.724]   rewardsCreatorV2.getTopUpForAllEligible  [0;33merror[0m = not found [0;33mblsKey[0m = 7075624b6579424c5330323032 
[0;33mWARN [0m[2026-03-16 10:13:40.724]   rewardsCreatorV2.getTopUpForAllEligible  [0;33merror[0m = not found [0;33mblsKey[0m = 7075624b6579424c5330323033 
[0;33mWARN [0m[2026-03-16 10:13:40.724]   rewardsCreatorV2.getTopUpForAllEligible  [0;33merror[0m = not found [0;33mblsKey[0m = 7075624b6579424c5330323034 
[0;33mWARN [0m[2026-03-16 10:13:40.725]   rewardsCreatorV2.getTopUpForAllEligible  [0;33merror[0m = not found [0;33mblsKey[0m = 7075624b6579424c5330323035 
[0;33mWARN [0m[2026-03-16 10:13:40.725]   rewardsCreatorV2.getTopUpForAllEligible  [0;33merror[0m = not found [0;33mblsKey[0m = 7075624b6579424c5330323036 
[0;33mWARN [0m[2026-03-16 10:13:40.725]   rewardsCreatorV2.getTopUpForAllEligible  [0;33merror[0m = not found [0;33mblsKey[0m = 7075624b6579424c5330323037 
[0;33mWARN [0m[2026-03-16 10:13:40.725]   rewardsCreatorV2.getTopUpForAllEligible  [0;33merror[0m = not found [0;33mblsKey[0m = 7075624b6579424c5330323038 
[0;33mWARN [0m[2026-03-16 10:13:40.725]   rewardsCreatorV2.getTopUpForAllEligible  [0;33merror[0m = not found [0;33mblsKey[0m = 7075624b6579424c5330323039 
[0;33mWARN [0m[2026-03-16 10:13:40.725]   rewardsCreatorV2.getTopUpForAllEligible  [0;33merror[0m = not found [0;33mblsKey[0m = 7075624b6579424c5330323130 
[0;33mWARN [0m[2026-03-16 10:13:40.725]   rewardsCreatorV2.getTopUpForAllEligible  [0;33merror[0m = not found [0;33mblsKey[0m = 7075624b6579424c5330323131 
[0;33mWARN [0m[2026-03-16 10:13:40.725]   rewardsCreatorV2.getTopUpForAllEligible  [0;33merror[0m = not found [0;33mblsKey[0m = 7075624b6579424c5330323132 
[0;33mWARN [0m[2026-03-16 10:13:40.725]   rewardsCreatorV2.getTopUpForAllEligible  [0;33merror[0m = not found [0;33mblsKey[0m = 7075624b6579424c5330323133 
[0;33mWARN [0m[2026-03-16 10:13:40.725]   rewardsCreatorV2.getTopUpForAllEligible  [0;33merror[0m = not found [0;33mblsKey[0m = 7075624b6579424c5330323134 
[0;33mWARN [0m[2026-03-16 10:13:40.725]   rewardsCreatorV2.getTopUpForAllEligible  [0;33merror[0m = not found [0;33mblsKey[0m = 7075624b6579424c5330323135 
[0;33mWARN [0m[2026-03-16 10:13:40.725]   rewardsCreatorV2.getTopUpForAllEligible  [0;33merror[0m = not found [0;33mblsKey[0m = 7075624b6579424c5330323136 
[0;33mWARN [0m[2026-03-16 10:13:40.725]   rewardsCreatorV2.getTopUpForAllEligible  [0;33merror[0m = not found [0;33mblsKey[0m = 7075624b6579424c5330323137 
--- PASS: TestSystemSCProcessor_ProcessSystemSmartContractJailAndUnStake (0.01s)
=== CONT  TestNewRewardsCreatorV2_computeBaseRewardsPerNode
[0;33mWARN [0m[2026-03-16 10:13:40.725]   rewardsCreatorV2.getTopUpForAllEligible  [0;33merror[0m = not found [0;33mblsKey[0m = 7075624b6579424c5330323138 
[0;33mWARN [0m[2026-03-16 10:13:40.725]   rewardsCreatorV2.getTopUpForAllEligible  [0;33merror[0m = not found [0;33mblsKey[0m = 7075624b6579424c5330323139 
[0;33mWARN [0m[2026-03-16 10:13:40.725]   rewardsCreatorV2.getTopUpForAllEligible  [0;33merror[0m = not found [0;33mblsKey[0m = 7075624b6579424c5330323230 
[0;33mWARN [0m[2026-03-16 10:13:40.725]   rewardsCreatorV2.getTopUpForAllEligible  [0;33merror[0m = not found [0;33mblsKey[0m = 7075624b6579424c5330323231 
[0;33mWARN [0m[2026-03-16 10:13:40.725]   rewardsCreatorV2.getTopUpForAllEligible  [0;33merror[0m = not found [0;33mblsKey[0m = 7075624b6579424c5330323232 
[0;33mWARN [0m[2026-03-16 10:13:40.725]   rewardsCreatorV2.getTopUpForAllEligible  [0;33merror[0m = not found [0;33mblsKey[0m = 7075624b6579424c5330323233 
[0;33mWARN [0m[2026-03-16 10:13:40.725]   rewardsCreatorV2.getTopUpForAllEligible  [0;33merror[0m = not found [0;33mblsKey[0m = 7075624b6579424c5330323234 
[0;33mWARN [0m[2026-03-16 10:13:40.725]   rewardsCreatorV2.getTopUpForAllEligible  [0;33merror[0m = not found [0;33mblsKey[0m = 7075624b6579424c5330323235 
[0;33mWARN [0m[2026-03-16 10:13:40.725]   rewardsCreatorV2.getTopUpForAllEligible  [0;33merror[0m = not found [0;33mblsKey[0m = 7075624b6579424c5330323236 
[0;33mWARN [0m[2026-03-16 10:13:40.725]   rewardsCreatorV2.getTopUpForAllEligible  [0;33merror[0m = not found [0;33mblsKey[0m = 7075624b6579424c5330323237 
[0;33mWARN [0m[2026-03-16 10:13:40.725]   rewardsCreatorV2.getTopUpForAllEligible  [0;33merror[0m = not found [0;33mblsKey[0m = 7075624b6579424c5330323238 
[0;33mWARN [0m[2026-03-16 10:13:40.725]   rewardsCreatorV2.getTopUpForAllEligible  [0;33merror[0m = not found [0;33mblsKey[0m = 7075624b6579424c5330323239 
[0;33mWARN [0m[2026-03-16 10:13:40.725]   rewardsCreatorV2.getTopUpForAllEligible  [0;33merror[0m = not found [0;33mblsKey[0m = 7075624b6579424c5330323330 
[0;33mWARN [0m[2026-03-16 10:13:40.725]   rewardsCreatorV2.getTopUpForAllEligible  [0;33merror[0m = not found [0;33mblsKey[0m = 7075624b6579424c5330323331 
[0;33mWARN [0m[2026-03-16 10:13:40.725]   rewardsCreatorV2.getTopUpForAllEligible  [0;33merror[0m = not found [0;33mblsKey[0m = 7075624b6579424c5330323332 
[0;33mWARN [0m[2026-03-16 10:13:40.725]   rewardsCreatorV2.getTopUpForAllEligible  [0;33merror[0m = not found [0;33mblsKey[0m = 7075624b6579424c5330323333 
[0;33mWARN [0m[2026-03-16 10:13:40.725]   rewardsCreatorV2.getTopUpForAllEligible  [0;33merror[0m = not found [0;33mblsKey[0m = 7075624b6579424c5330323334 
[0;33mWARN [0m[2026-03-16 10:13:40.725]   rewardsCreatorV2.getTopUpForAllEligible  [0;33merror[0m = not found [0;33mblsKey[0m = 7075624b6579424c5330323335 
[0;33mWARN [0m[2026-03-16 10:13:40.725]   rewardsCreatorV2.getTopUpForAllEligible  [0;33merror[0m = not found [0;33mblsKey[0m = 7075624b6579424c5330323336 
[0;33mWARN [0m[2026-03-16 10:13:40.725]   rewardsCreatorV2.getTopUpForAllEligible  [0;33merror[0m = not found [0;33mblsKey[0m = 7075624b6579424c5330323337 
[0;33mWARN [0m[2026-03-16 10:13:40.725]   rewardsCreatorV2.getTopUpForAllEligible  [0;33merror[0m = not found [0;33mblsKey[0m = 7075624b6579424c5330323338 
[0;33mWARN [0m[2026-03-16 10:13:40.725]   rewardsCreatorV2.getTopUpForAllEligible  [0;33merror[0m = not found [0;33mblsKey[0m = 7075624b6579424c5330323339 
[0;33mWARN [0m[2026-03-16 10:13:40.725]   rewardsCreatorV2.getTopUpForAllEligible  [0;33merror[0m = not found [0;33mblsKey[0m = 7075624b6579424c5330323430 
[0;33mWARN [0m[2026-03-16 10:13:40.725]   rewardsCreatorV2.getTopUpForAllEligible  [0;33merror[0m = not found [0;33mblsKey[0m = 7075624b6579424c5330323431 
[0;33mWARN [0m[2026-03-16 10:13:40.725]   rewardsCreatorV2.getTopUpForAllEligible  [0;33merror[0m = not found [0;33mblsKey[0m = 7075624b6579424c5330323432 
[0;33mWARN [0m[2026-03-16 10:13:40.725]   rewardsCreatorV2.getTopUpForAllEligible  [0;33merror[0m = not found [0;33mblsKey[0m = 7075624b6579424c5330323433 
[0;33mWARN [0m[2026-03-16 10:13:40.725]   rewardsCreatorV2.getTopUpForAllEligible  [0;33merror[0m = not found [0;33mblsKey[0m = 7075624b6579424c5330323434 
[0;33mWARN [0m[2026-03-16 10:13:40.725]   rewardsCreatorV2.getTopUpForAllEligible  [0;33merror[0m = not found [0;33mblsKey[0m = 7075624b6579424c5330323435 
[0;33mWARN [0m[2026-03-16 10:13:40.725]   rewardsCreatorV2.getTopUpForAllEligible  [0;33merror[0m = not found [0;33mblsKey[0m = 7075624b6579424c5330323436 
[0;33mWARN [0m[2026-03-16 10:13:40.725]   rewardsCreatorV2.getTopUpForAllEligible  [0;33merror[0m = not found [0;33mblsKey[0m = 7075624b6579424c5330323437 
[0;33mWARN [0m[2026-03-16 10:13:40.725]   rewardsCreatorV2.getTopUpForAllEligible  [0;33merror[0m = not found [0;33mblsKey[0m = 7075624b6579424c5330323438 
[0;33mWARN [0m[2026-03-16 10:13:40.725]   rewardsCreatorV2.getTopUpForAllEligible  [0;33merror[0m = not found [0;33mblsKey[0m = 7075624b6579424c5330323439 
[0;33mWARN [0m[2026-03-16 10:13:40.725]   rewardsCreatorV2.getTopUpForAllEligible  [0;33merror[0m = not found [0;33mblsKey[0m = 7075624b6579424c5330323530 
[0;33mWARN [0m[2026-03-16 10:13:40.725]   rewardsCreatorV2.getTopUpForAllEligible  [0;33merror[0m = not found [0;33mblsKey[0m = 7075624b6579424c5330323531 
[0;33mWARN [0m[2026-03-16 10:13:40.725]   rewardsCreatorV2.getTopUpForAllEligible  [0;33merror[0m = not found [0;33mblsKey[0m = 7075624b6579424c5330323532 
[0;33mWARN [0m[2026-03-16 10:13:40.725]   rewardsCreatorV2.getTopUpForAllEligible  [0;33merror[0m = not found [0;33mblsKey[0m = 7075624b6579424c5330323533 
[0;33mWARN [0m[2026-03-16 10:13:40.725]   rewardsCreatorV2.getTopUpForAllEligible  [0;33merror[0m = not found [0;33mblsKey[0m = 7075624b6579424c5330323534 
[0;33mWARN [0m[2026-03-16 10:13:40.725]   rewardsCreatorV2.getTopUpForAllEligible  [0;33merror[0m = not found [0;33mblsKey[0m = 7075624b6579424c5330323535 
[0;33mWARN [0m[2026-03-16 10:13:40.725]   rewardsCreatorV2.getTopUpForAllEligible  [0;33merror[0m = not found [0;33mblsKey[0m = 7075624b6579424c5330323536 
[0;33mWARN [0m[2026-03-16 10:13:40.725]   rewardsCreatorV2.getTopUpForAllEligible  [0;33merror[0m = not found [0;33mblsKey[0m = 7075624b6579424c5330323537 
[0;33mWARN [0m[2026-03-16 10:13:40.725]   rewardsCreatorV2.getTopUpForAllEligible  [0;33merror[0m = not found [0;33mblsKey[0m = 7075624b6579424c5330323538 
[0;33mWARN [0m[2026-03-16 10:13:40.725]   rewardsCreatorV2.getTopUpForAllEligible  [0;33merror[0m = not found [0;33mblsKey[0m = 7075624b6579424c5330323539 
[0;33mWARN [0m[2026-03-16 10:13:40.725]   rewardsCreatorV2.getTopUpForAllEligible  [0;33merror[0m = not found [0;33mblsKey[0m = 7075624b6579424c5330323630 
[0;33mWARN [0m[2026-03-16 10:13:40.725]   rewardsCreatorV2.getTopUpForAllEligible  [0;33merror[0m = not found [0;33mblsKey[0m = 7075624b6579424c5330323631 
[0;33mWARN [0m[2026-03-16 10:13:40.725]   rewardsCreatorV2.getTopUpForAllEligible  [0;33merror[0m = not found [0;33mblsKey[0m = 7075624b6579424c5330323632 
[0;33mWARN [0m[2026-03-16 10:13:40.725]   rewardsCreatorV2.getTopUpForAllEligible  [0;33merror[0m = not found [0;33mblsKey[0m = 7075624b6579424c5330323633 
[0;33mWARN [0m[2026-03-16 10:13:40.725]   rewardsCreatorV2.getTopUpForAllEligible  [0;33merror[0m = not found [0;33mblsKey[0m = 7075624b6579424c5330323634 
[0;33mWARN [0m[2026-03-16 10:13:40.725]   rewardsCreatorV2.getTopUpForAllEligible  [0;33merror[0m = not found [0;33mblsKey[0m = 7075624b6579424c5330323635 
[0;33mWARN [0m[2026-03-16 10:13:40.725]   rewardsCreatorV2.getTopUpForAllEligible  [0;33merror[0m = not found [0;33mblsKey[0m = 7075624b6579424c5330323636 
[0;33mWARN [0m[2026-03-16 10:13:40.725]   rewardsCreatorV2.getTopUpForAllEligible  [0;33merror[0m = not found [0;33mblsKey[0m = 7075624b6579424c5330323637 
[0;33mWARN [0m[2026-03-16 10:13:40.725]   rewardsCreatorV2.getTopUpForAllEligible  [0;33merror[0m = not found [0;33mblsKey[0m = 7075624b6579424c5330323638 
[0;33mWARN [0m[2026-03-16 10:13:40.725]   rewardsCreatorV2.getTopUpForAllEligible  [0;33merror[0m = not found [0;33mblsKey[0m = 7075624b6579424c5330323639 
[0;33mWARN [0m[2026-03-16 10:13:40.725]   rewardsCreatorV2.getTopUpForAllEligible  [0;33merror[0m = not found [0;33mblsKey[0m = 7075624b6579424c5330323730 
[0;33mWARN [0m[2026-03-16 10:13:40.725]   rewardsCreatorV2.getTopUpForAllEligible  [0;33merror[0m = not found [0;33mblsKey[0m = 7075624b6579424c5330323731 
[0;33mWARN [0m[2026-03-16 10:13:40.725]   rewardsCreatorV2.getTopUpForAllEligible  [0;33merror[0m = not found [0;33mblsKey[0m = 7075624b6579424c5330323732 
[0;33mWARN [0m[2026-03-16 10:13:40.725]   rewardsCreatorV2.getTopUpForAllEligible  [0;33merror[0m = not found [0;33mblsKey[0m = 7075624b6579424c5330323733 
[0;33mWARN [0m[2026-03-16 10:13:40.725]   rewardsCreatorV2.getTopUpForAllEligible  [0;33merror[0m = not found [0;33mblsKey[0m = 7075624b6579424c5330323734 
[0;33mWARN [0m[2026-03-16 10:13:40.725]   rewardsCreatorV2.getTopUpForAllEligible  [0;33merror[0m = not found [0;33mblsKey[0m = 7075624b6579424c5330323735 
[0;33mWARN [0m[2026-03-16 10:13:40.725]   rewardsCreatorV2.getTopUpForAllEligible  [0;33merror[0m = not found [0;33mblsKey[0m = 7075624b6579424c5330323736 
[0;33mWARN [0m[2026-03-16 10:13:40.725]   rewardsCreatorV2.getTopUpForAllEligible  [0;33merror[0m = not found [0;33mblsKey[0m = 7075624b6579424c5330323737 
[0;33mWARN [0m[2026-03-16 10:13:40.725]   rewardsCreatorV2.getTopUpForAllEligible  [0;33merror[0m = not found [0;33mblsKey[0m = 7075624b6579424c5330323738 
[0;33mWARN [0m[2026-03-16 10:13:40.725]   rewardsCreatorV2.getTopUpForAllEligible  [0;33merror[0m = not found [0;33mblsKey[0m = 7075624b6579424c5330323739 
[0;33mWARN [0m[2026-03-16 10:13:40.725]   rewardsCreatorV2.getTopUpForAllEligible  [0;33merror[0m = not found [0;33mblsKey[0m = 7075624b6579424c5330323830 
[0;33mWARN [0m[2026-03-16 10:13:40.725]   rewardsCreatorV2.getTopUpForAllEligible  [0;33merror[0m = not found [0;33mblsKey[0m = 7075624b6579424c5330323831 
[0;33mWARN [0m[2026-03-16 10:13:40.725]   rewardsCreatorV2.getTopUpForAllEligible  [0;33merror[0m = not found [0;33mblsKey[0m = 7075624b6579424c5330323832 
[0;33mWARN [0m[2026-03-16 10:13:40.725]   rewardsCreatorV2.getTopUpForAllEligible  [0;33merror[0m = not found [0;33mblsKey[0m = 7075624b6579424c5330323833 
[0;33mWARN [0m[2026-03-16 10:13:40.725]   rewardsCreatorV2.getTopUpForAllEligible  [0;33merror[0m = not found [0;33mblsKey[0m = 7075624b6579424c5330323834 
[0;33mWARN [0m[2026-03-16 10:13:40.725]   rewardsCreatorV2.getTopUpForAllEligible  [0;33merror[0m = not found [0;33mblsKey[0m = 7075624b6579424c5330323835 
[0;33mWARN [0m[2026-03-16 10:13:40.725]   rewardsCreatorV2.getTopUpForAllEligible  [0;33merror[0m = not found [0;33mblsKey[0m = 7075624b6579424c5330323836 
[0;33mWARN [0m[2026-03-16 10:13:40.725]   rewardsCreatorV2.getTopUpForAllEligible  [0;33merror[0m = not found [0;33mblsKey[0m = 7075624b6579424c5330323837 
[0;33mWARN [0m[2026-03-16 10:13:40.725]   rewardsCreatorV2.getTopUpForAllEligible  [0;33merror[0m = not found [0;33mblsKey[0m = 7075624b6579424c5330323838 
[0;33mWARN [0m[2026-03-16 10:13:40.725]   rewardsCreatorV2.getTopUpForAllEligible  [0;33merror[0m = not found [0;33mblsKey[0m = 7075624b6579424c5330323839 
[0;33mWARN [0m[2026-03-16 10:13:40.725]   rewardsCreatorV2.getTopUpForAllEligible  [0;33merror[0m = not found [0;33mblsKey[0m = 7075624b6579424c5330323930 
[0;33mWARN [0m[2026-03-16 10:13:40.725]   rewardsCreatorV2.getTopUpForAllEligible  [0;33merror[0m = not found [0;33mblsKey[0m = 7075624b6579424c5330323931 
[0;33mWARN [0m[2026-03-16 10:13:40.725]   rewardsCreatorV2.getTopUpForAllEligible  [0;33merror[0m = not found [0;33mblsKey[0m = 7075624b6579424c5330323932 
[0;33mWARN [0m[2026-03-16 10:13:40.725]   rewardsCreatorV2.getTopUpForAllEligible  [0;33merror[0m = not found [0;33mblsKey[0m = 7075624b6579424c5330323933 
[0;33mWARN [0m[2026-03-16 10:13:40.725]   rewardsCreatorV2.getTopUpForAllEligible  [0;33merror[0m = not found [0;33mblsKey[0m = 7075624b6579424c5330323934 
[0;33mWARN [0m[2026-03-16 10:13:40.725]   rewardsCreatorV2.getTopUpForAllEligible  [0;33merror[0m = not found [0;33mblsKey[0m = 7075624b6579424c5330323935 
[0;33mWARN [0m[2026-03-16 10:13:40.725]   rewardsCreatorV2.getTopUpForAllEligible  [0;33merror[0m = not found [0;33mblsKey[0m = 7075624b6579424c5330323936 
[0;33mWARN [0m[2026-03-16 10:13:40.725]   rewardsCreatorV2.getTopUpForAllEligible  [0;33merror[0m = not found [0;33mblsKey[0m = 7075624b6579424c5330323937 
[0;33mWARN [0m[2026-03-16 10:13:40.725]   rewardsCreatorV2.getTopUpForAllEligible  [0;33merror[0m = not found [0;33mblsKey[0m = 7075624b6579424c5330323938 
--- PASS: TestValidatorInfoCreator_CreateMiniblockBackwardsCompatibility (0.03s)
    --- PASS: TestValidatorInfoCreator_CreateMiniblockBackwardsCompatibility/legacy_mode (0.01s)
    --- PASS: TestValidatorInfoCreator_CreateMiniblockBackwardsCompatibility/full_deterministic_mode (0.02s)
=== CONT  TestSystemSCProcessor_ProcessSystemSmartContractStakingV4Init
[0;33mWARN [0m[2026-03-16 10:13:40.725]   rewardsCreatorV2.getTopUpForAllEligible  [0;33merror[0m = not found [0;33mblsKey[0m = 7075624b6579424c5330323939 
[0;33mWARN [0m[2026-03-16 10:13:40.726]   rewardsCreatorV2.getTopUpForAllEligible  [0;33merror[0m = not found [0;33mblsKey[0m = 7075624b6579424c5330333030 
[0;33mWARN [0m[2026-03-16 10:13:40.726]   rewardsCreatorV2.getTopUpForAllEligible  [0;33merror[0m = not found [0;33mblsKey[0m = 7075624b6579424c5330333031 
[0;33mWARN [0m[2026-03-16 10:13:40.726]   rewardsCreatorV2.getTopUpForAllEligible  [0;33merror[0m = not found [0;33mblsKey[0m = 7075624b6579424c5330333032 
[0;33mWARN [0m[2026-03-16 10:13:40.726]   rewardsCreatorV2.getTopUpForAllEligible  [0;33merror[0m = not found [0;33mblsKey[0m = 7075624b6579424c5330333033 
[0;33mWARN [0m[2026-03-16 10:13:40.726]   rewardsCreatorV2.getTopUpForAllEligible  [0;33merror[0m = not found [0;33mblsKey[0m = 7075624b6579424c5330333034 
[0;33mWARN [0m[2026-03-16 10:13:40.726]   rewardsCreatorV2.getTopUpForAllEligible  [0;33merror[0m = not found [0;33mblsKey[0m = 7075624b6579424c5330333035 
[0;33mWARN [0m[2026-03-16 10:13:40.726]   rewardsCreatorV2.getTopUpForAllEligible  [0;33merror[0m = not found [0;33mblsKey[0m = 7075624b6579424c5330333036 
[0;33mWARN [0m[2026-03-16 10:13:40.726]   rewardsCreatorV2.getTopUpForAllEligible  [0;33merror[0m = not found [0;33mblsKey[0m = 7075624b6579424c5330333037 
[0;33mWARN [0m[2026-03-16 10:13:40.726]   rewardsCreatorV2.getTopUpForAllEligible  [0;33merror[0m = not found [0;33mblsKey[0m = 7075624b6579424c5330333038 
[0;33mWARN [0m[2026-03-16 10:13:40.726]   rewardsCreatorV2.getTopUpForAllEligible  [0;33merror[0m = not found [0;33mblsKey[0m = 7075624b6579424c5330333039 
[0;32mINFO [0m[2026-03-16 10:13:40.726]   rewards to be distributed                [0;32mtotalStakeEligible[0m = 4000000000000000000000000 [0;32mtotalTopUpEligible[0m = 400000000000000000000 [0;32mbaseRewards[0m = 5942339650385563233062 [0;32mtopUpRewards[0m = 126103039094301184 
[0;33mWARN [0m[2026-03-16 10:13:40.726]   rewardsCreatorV2.getTopUpForAllEligible  [0;33merror[0m = not found [0;33mblsKey[0m = 7075624b6579424c5330333130 
[0;33mWARN [0m[2026-03-16 10:13:40.726]   rewardsCreatorV2.getTopUpForAllEligible  [0;33merror[0m = not found [0;33mblsKey[0m = 7075624b6579424c5330333131 
[0;33mWARN [0m[2026-03-16 10:13:40.726]   rewardsCreatorV2.getTopUpForAllEligible  [0;33merror[0m = not found [0;33mblsKey[0m = 7075624b6579424c5330333132 
[0;33mWARN [0m[2026-03-16 10:13:40.726]   rewardsCreatorV2.getTopUpForAllEligible  [0;33merror[0m = not found [0;33mblsKey[0m = 7075624b6579424c5330333133 
[0;33mWARN [0m[2026-03-16 10:13:40.726]   rewardsCreatorV2.getTopUpForAllEligible  [0;33merror[0m = not found [0;33mblsKey[0m = 7075624b6579424c5330333134 
[0;33mWARN [0m[2026-03-16 10:13:40.726]   rewardsCreatorV2.getTopUpForAllEligible  [0;33merror[0m = not found [0;33mblsKey[0m = 7075624b6579424c5330333135 
[0;33mWARN [0m[2026-03-16 10:13:40.726]   rewardsCreatorV2.getTopUpForAllEligible  [0;33merror[0m = not found [0;33mblsKey[0m = 7075624b6579424c5330333136 
[0;33mWARN [0m[2026-03-16 10:13:40.726]   rewardsCreatorV2.getTopUpForAllEligible  [0;33merror[0m = not found [0;33mblsKey[0m = 7075624b6579424c5330333137 
[0;33mWARN [0m[2026-03-16 10:13:40.726]   rewardsCreatorV2.getTopUpForAllEligible  [0;33merror[0m = not found [0;33mblsKey[0m = 7075624b6579424c5330333138 
[0;33mWARN [0m[2026-03-16 10:13:40.726]   rewardsCreatorV2.getTopUpForAllEligible  [0;33merror[0m = not found [0;33mblsKey[0m = 7075624b6579424c5330333139 
[0;33mWARN [0m[2026-03-16 10:13:40.726]   rewardsCreatorV2.getTopUpForAllEligible  [0;33merror[0m = not found [0;33mblsKey[0m = 7075624b6579424c5330333230 
[0;33mWARN [0m[2026-03-16 10:13:40.726]   rewardsCreatorV2.getTopUpForAllEligible  [0;33merror[0m = not found [0;33mblsKey[0m = 7075624b6579424c5330333231 
[0;33mWARN [0m[2026-03-16 10:13:40.726]   rewardsCreatorV2.getTopUpForAllEligible  [0;33merror[0m = not found [0;33mblsKey[0m = 7075624b6579424c5330333232 
[0;33mWARN [0m[2026-03-16 10:13:40.726]   rewardsCreatorV2.getTopUpForAllEligible  [0;33merror[0m = not found [0;33mblsKey[0m = 7075624b6579424c5330333233 
[0;33mWARN [0m[2026-03-16 10:13:40.726]   rewardsCreatorV2.getTopUpForAllEligible  [0;33merror[0m = not found [0;33mblsKey[0m = 7075624b6579424c5330333234 
[0;33mWARN [0m[2026-03-16 10:13:40.726]   rewardsCreatorV2.getTopUpForAllEligible  [0;33merror[0m = not found [0;33mblsKey[0m = 7075624b6579424c5330333235 
[0;33mWARN [0m[2026-03-16 10:13:40.726]   rewardsCreatorV2.getTopUpForAllEligible  [0;33merror[0m = not found [0;33mblsKey[0m = 7075624b6579424c5330333236 
[0;33mWARN [0m[2026-03-16 10:13:40.726]   rewardsCreatorV2.getTopUpForAllEligible  [0;33merror[0m = not found [0;33mblsKey[0m = 7075624b6579424c5330333237 
[0;33mWARN [0m[2026-03-16 10:13:40.726]   rewardsCreatorV2.getTopUpForAllEligible  [0;33merror[0m = not found [0;33mblsKey[0m = 7075624b6579424c5330333238 
[0;33mWARN [0m[2026-03-16 10:13:40.726]   rewardsCreatorV2.getTopUpForAllEligible  [0;33merror[0m = not found [0;33mblsKey[0m = 7075624b6579424c5330333239 
[0;33mWARN [0m[2026-03-16 10:13:40.726]   rewardsCreatorV2.getTopUpForAllEligible  [0;33merror[0m = not found [0;33mblsKey[0m = 7075624b6579424c5330333330 
[0;32mINFO [0m[2026-03-16 10:13:40.726]   rewards to be distributed                [0;32mtotalStakeEligible[0m = 4000000000000000000000000 [0;32mtotalTopUpEligible[0m = 0 [0;32mbaseRewards[0m = 5942465753424657534246 [0;32mtopUpRewards[0m = 0 
[0;33mWARN [0m[2026-03-16 10:13:40.726]   rewardsCreatorV2.getTopUpForAllEligible  [0;33merror[0m = not found [0;33mblsKey[0m = 7075624b6579424c5330333331 
[0;33mWARN [0m[2026-03-16 10:13:40.726]   rewardsCreatorV2.getTopUpForAllEligible  [0;33merror[0m = not found [0;33mblsKey[0m = 7075624b6579424c5330333332 
[0;33mWARN [0m[2026-03-16 10:13:40.726]   rewardsCreatorV2.getTopUpForAllEligible  [0;33merror[0m = not found [0;33mblsKey[0m = 7075624b6579424c5330333333 
[0;33mWARN [0m[2026-03-16 10:13:40.726]   rewardsCreatorV2.getTopUpForAllEligible  [0;33merror[0m = not found [0;33mblsKey[0m = 7075624b6579424c5330333334 
[0;33mWARN [0m[2026-03-16 10:13:40.726]   rewardsCreatorV2.getTopUpForAllEligible  [0;33merror[0m = not found [0;33mblsKey[0m = 7075624b6579424c5330333335 
[0;33mWARN [0m[2026-03-16 10:13:40.726]   rewardsCreatorV2.getTopUpForAllEligible  [0;33merror[0m = not found [0;33mblsKey[0m = 7075624b6579424c5330333336 
[0;33mWARN [0m[2026-03-16 10:13:40.726]   rewardsCreatorV2.getTopUpForAllEligible  [0;33merror[0m = not found [0;33mblsKey[0m = 7075624b6579424c5330333337 
[0;33mWARN [0m[2026-03-16 10:13:40.726]   rewardsCreatorV2.getTopUpForAllEligible  [0;33merror[0m = not found [0;33mblsKey[0m = 7075624b6579424c5330333338 
[0;33mWARN [0m[2026-03-16 10:13:40.726]   rewardsCreatorV2.getTopUpForAllEligible  [0;33merror[0m = not found [0;33mblsKey[0m = 7075624b6579424c5330333339 
[0;33mWARN [0m[2026-03-16 10:13:40.726]   rewardsCreatorV2.getTopUpForAllEligible  [0;33merror[0m = not found [0;33mblsKey[0m = 7075624b6579424c5330333430 
[0;33mWARN [0m[2026-03-16 10:13:40.726]   rewardsCreatorV2.getTopUpForAllEligible  [0;33merror[0m = not found [0;33mblsKey[0m = 7075624b6579424c5330333431 
[0;33mWARN [0m[2026-03-16 10:13:40.726]   rewardsCreatorV2.getTopUpForAllEligible  [0;33merror[0m = not found [0;33mblsKey[0m = 7075624b6579424c5330333432 
[0;33mWARN [0m[2026-03-16 10:13:40.726]   rewardsCreatorV2.getTopUpForAllEligible  [0;33merror[0m = not found [0;33mblsKey[0m = 7075624b6579424c5330333433 
[0;33mWARN [0m[2026-03-16 10:13:40.726]   rewardsCreatorV2.getTopUpForAllEligible  [0;33merror[0m = not found [0;33mblsKey[0m = 7075624b6579424c5330333434 
[0;33mWARN [0m[2026-03-16 10:13:40.726]   rewardsCreatorV2.getTopUpForAllEligible  [0;33merror[0m = not found [0;33mblsKey[0m = 7075624b6579424c5330333435 
[0;33mWARN [0m[2026-03-16 10:13:40.726]   rewardsCreatorV2.getTopUpForAllEligible  [0;33merror[0m = not found [0;33mblsKey[0m = 7075624b6579424c5330333436 
[0;33mWARN [0m[2026-03-16 10:13:40.726]   rewardsCreatorV2.getTopUpForAllEligible  [0;33merror[0m = not found [0;33mblsKey[0m = 7075624b6579424c5330333437 
[0;33mWARN [0m[2026-03-16 10:13:40.726]   rewardsCreatorV2.getTopUpForAllEligible  [0;33merror[0m = not found [0;33mblsKey[0m = 7075624b6579424c5330333438 
[0;33mWARN [0m[2026-03-16 10:13:40.726]   rewardsCreatorV2.getTopUpForAllEligible  [0;33merror[0m = not found [0;33mblsKey[0m = 7075624b6579424c5330333439 
[0;33mWARN [0m[2026-03-16 10:13:40.726]   rewardsCreatorV2.getTopUpForAllEligible  [0;33merror[0m = not found [0;33mblsKey[0m = 7075624b6579424c5330333530 
[0;33mWARN [0m[2026-03-16 10:13:40.726]   rewardsCreatorV2.getTopUpForAllEligible  [0;33merror[0m = not found [0;33mblsKey[0m = 7075624b6579424c5330333531 
[0;33mWARN [0m[2026-03-16 10:13:40.726]   rewardsCreatorV2.getTopUpForAllEligible  [0;33merror[0m = not found [0;33mblsKey[0m = 7075624b6579424c5330333532 
[0;33mWARN [0m[2026-03-16 10:13:40.726]   rewardsCreatorV2.getTopUpForAllEligible  [0;33merror[0m = not found [0;33mblsKey[0m = 7075624b6579424c5330333533 
[0;33mWARN [0m[2026-03-16 10:13:40.726]   rewardsCreatorV2.getTopUpForAllEligible  [0;33merror[0m = not found [0;33mblsKey[0m = 7075624b6579424c5330333534 
[0;33mWARN [0m[2026-03-16 10:13:40.726]   rewardsCreatorV2.getTopUpForAllEligible  [0;33merror[0m = not found [0;33mblsKey[0m = 7075624b6579424c5330333535 
[0;33mWARN [0m[2026-03-16 10:13:40.726]   rewardsCreatorV2.getTopUpForAllEligible  [0;33merror[0m = not found [0;33mblsKey[0m = 7075624b6579424c5330333536 
[0;33mWARN [0m[2026-03-16 10:13:40.726]   rewardsCreatorV2.getTopUpForAllEligible  [0;33merror[0m = not found [0;33mblsKey[0m = 7075624b6579424c5330333537 
[0;33mWARN [0m[2026-03-16 10:13:40.726]   rewardsCreatorV2.getTopUpForAllEligible  [0;33merror[0m = not found [0;33mblsKey[0m = 7075624b6579424c5330333538 
[0;33mWARN [0m[2026-03-16 10:13:40.726]   rewardsCreatorV2.getTopUpForAllEligible  [0;33merror[0m = not found [0;33mblsKey[0m = 7075624b6579424c5330333539 
[0;33mWARN [0m[2026-03-16 10:13:40.726]   rewardsCreatorV2.getTopUpForAllEligible  [0;33merror[0m = not found [0;33mblsKey[0m = 7075624b6579424c5330333630 
[0;33mWARN [0m[2026-03-16 10:13:40.726]   rewardsCreatorV2.getTopUpForAllEligible  [0;33merror[0m = not found [0;33mblsKey[0m = 7075624b6579424c5330333631 
[0;33mWARN [0m[2026-03-16 10:13:40.726]   rewardsCreatorV2.getTopUpForAllEligible  [0;33merror[0m = not found [0;33mblsKey[0m = 7075624b6579424c5330333632 
[0;33mWARN [0m[2026-03-16 10:13:40.726]   rewardsCreatorV2.getTopUpForAllEligible  [0;33merror[0m = not found [0;33mblsKey[0m = 7075624b6579424c5330333633 
[0;33mWARN [0m[2026-03-16 10:13:40.726]   rewardsCreatorV2.getTopUpForAllEligible  [0;33merror[0m = not found [0;33mblsKey[0m = 7075624b6579424c5330333634 
[0;33mWARN [0m[2026-03-16 10:13:40.726]   rewardsCreatorV2.getTopUpForAllEligible  [0;33merror[0m = not found [0;33mblsKey[0m = 7075624b6579424c5330333635 
[0;33mWARN [0m[2026-03-16 10:13:40.726]   rewardsCreatorV2.getTopUpForAllEligible  [0;33merror[0m = not found [0;33mblsKey[0m = 7075624b6579424c5330333636 
[0;33mWARN [0m[2026-03-16 10:13:40.726]   rewardsCreatorV2.getTopUpForAllEligible  [0;33merror[0m = not found [0;33mblsKey[0m = 7075624b6579424c5330333637 
[0;33mWARN [0m[2026-03-16 10:13:40.726]   rewardsCreatorV2.getTopUpForAllEligible  [0;33merror[0m = not found [0;33mblsKey[0m = 7075624b6579424c5330333638 
[0;33mWARN [0m[2026-03-16 10:13:40.726]   rewardsCreatorV2.getTopUpForAllEligible  [0;33merror[0m = not found [0;33mblsKey[0m = 7075624b6579424c5330333639 
[0;33mWARN [0m[2026-03-16 10:13:40.726]   rewardsCreatorV2.getTopUpForAllEligible  [0;33merror[0m = not found [0;33mblsKey[0m = 7075624b6579424c5330333730 
[0;32mINFO [0m[2026-03-16 10:13:40.726]   rewards to be distributed                [0;32mtotalStakeEligible[0m = 4000000000000000000000000 [0;32mtotalTopUpEligible[0m = 400000000000000000000 [0;32mbaseRewards[0m = 5942339650385563233062 [0;32mtopUpRewards[0m = 126103039094301184 
[0;33mWARN [0m[2026-03-16 10:13:40.726]   rewardsCreatorV2.getTopUpForAllEligible  [0;33merror[0m = not found [0;33mblsKey[0m = 7075624b6579424c5330333731 
[0;33mWARN [0m[2026-03-16 10:13:40.726]   rewardsCreatorV2.getTopUpForAllEligible  [0;33merror[0m = not found [0;33mblsKey[0m = 7075624b6579424c5330333732 
[0;33mWARN [0m[2026-03-16 10:13:40.726]   rewardsCreatorV2.getTopUpForAllEligible  [0;33merror[0m = not found [0;33mblsKey[0m = 7075624b6579424c5330333733 
[0;33mWARN [0m[2026-03-16 10:13:40.726]   rewardsCreatorV2.getTopUpForAllEligible  [0;33merror[0m = not found [0;33mblsKey[0m = 7075624b6579424c5330333734 
[0;33mWARN [0m[2026-03-16 10:13:40.726]   rewardsCreatorV2.getTopUpForAllEligible  [0;33merror[0m = not found [0;33mblsKey[0m = 7075624b6579424c5330333735 
[0;33mWARN [0m[2026-03-16 10:13:40.726]   rewardsCreatorV2.getTopUpForAllEligible  [0;33merror[0m = not found [0;33mblsKey[0m = 7075624b6579424c5330333736 
[0;33mWARN [0m[2026-03-16 10:13:40.726]   rewardsCreatorV2.getTopUpForAllEligible  [0;33merror[0m = not found [0;33mblsKey[0m = 7075624b6579424c5330333737 
[0;33mWARN [0m[2026-03-16 10:13:40.727]   rewardsCreatorV2.getTopUpForAllEligible  [0;33merror[0m = not found [0;33mblsKey[0m = 7075624b6579424c5330333738 
[0;33mWARN [0m[2026-03-16 10:13:40.727]   rewardsCreatorV2.getTopUpForAllEligible  [0;33merror[0m = not found [0;33mblsKey[0m = 7075624b6579424c5330333739 
[0;33mWARN [0m[2026-03-16 10:13:40.727]   rewardsCreatorV2.getTopUpForAllEligible  [0;33merror[0m = not found [0;33mblsKey[0m = 7075624b6579424c5330333830 
[0;33mWARN [0m[2026-03-16 10:13:40.727]   rewardsCreatorV2.getTopUpForAllEligible  [0;33merror[0m = not found [0;33mblsKey[0m = 7075624b6579424c5330333831 
--- PASS: TestRewardsCreatorProxy_IsInterfaceNil (0.01s)
=== CONT  TestNewRewardsCreatorV2_computeTopUpRewardsNegativeToDistribute
--- PASS: TestNewRewardsCreatorV2_computeTopUpRewardsNegativeToDistribute (0.00s)
=== CONT  TestSystemSCProcessor_ProcessSystemSmartContractSwapJailedWithWaiting
--- PASS: TestSystemSCProcessor_ProcessSystemSmartContractSwapJailedWithWaiting (0.00s)
=== CONT  TestSystemSCProcessor_TogglePauseUnPause
--- PASS: TestSystemSCProcessor_TogglePauseUnPause (0.00s)
=== CONT  TestNewRewardsCreatorV2_computeTopUpRewardsPerNode
=== CONT  TestRewardsCreatorProxy_RemoveBlockDataFromPools
[0;32mINFO [0m[2026-03-16 10:13:40.731]   rewards to be distributed                [0;32mtotalStakeEligible[0m = 4000000000000000000000000 [0;32mtotalTopUpEligible[0m = 1200000000000000000000000 [0;32mbaseRewards[0m = 5582593172177343368486 [0;32mtopUpRewards[0m = 359872581247314165760 
--- PASS: TestSystemSCProcessor_ProcessSystemSmartContractStakingV4EnabledCannotPrepareStakingData (0.01s)
=== CONT  TestSystemSCProcessor_ResetUnJailListErrors
[0;33mWARN [0m[2026-03-16 10:13:40.727]   rewardsCreatorV2.getTopUpForAllEligible  [0;33merror[0m = not found [0;33mblsKey[0m = 7075624b6579424c5330333832 
[0;33mWARN [0m[2026-03-16 10:13:40.731]   rewardsCreatorV2.getTopUpForAllEligible  [0;33merror[0m = not found [0;33mblsKey[0m = 7075624b6579424c5330333833 
[0;33mWARN [0m[2026-03-16 10:13:40.731]   rewardsCreatorV2.getTopUpForAllEligible  [0;33merror[0m = not found [0;33mblsKey[0m = 7075624b6579424c5330333834 
[0;33mWARN [0m[2026-03-16 10:13:40.731]   rewardsCreatorV2.getTopUpForAllEligible  [0;33merror[0m = not found [0;33mblsKey[0m = 7075624b6579424c5330333835 
[0;33mWARN [0m[2026-03-16 10:13:40.731]   rewardsCreatorV2.getTopUpForAllEligible  [0;33merror[0m = not found [0;33mblsKey[0m = 7075624b6579424c5330333836 
[0;33mWARN [0m[2026-03-16 10:13:40.731]   rewardsCreatorV2.getTopUpForAllEligible  [0;33merror[0m = not found [0;33mblsKey[0m = 7075624b6579424c5330333837 
[0;33mWARN [0m[2026-03-16 10:13:40.731]   rewardsCreatorV2.getTopUpForAllEligible  [0;33merror[0m = not found [0;33mblsKey[0m = 7075624b6579424c5330333838 
[0;33mWARN [0m[2026-03-16 10:13:40.731]   rewardsCreatorV2.getTopUpForAllEligible  [0;33merror[0m = not found [0;33mblsKey[0m = 7075624b6579424c5330333839 
[0;33mWARN [0m[2026-03-16 10:13:40.731]   rewardsCreatorV2.getTopUpForAllEligible  [0;33merror[0m = not found [0;33mblsKey[0m = 7075624b6579424c5330333930 
[0;33mWARN [0m[2026-03-16 10:13:40.731]   rewardsCreatorV2.getTopUpForAllEligible  [0;33merror[0m = not found [0;33mblsKey[0m = 7075624b6579424c5330333931 
[0;33mWARN [0m[2026-03-16 10:13:40.731]   rewardsCreatorV2.getTopUpForAllEligible  [0;33merror[0m = not found [0;33mblsKey[0m = 7075624b6579424c5330333932 
[0;33mWARN [0m[2026-03-16 10:13:40.731]   rewardsCreatorV2.getTopUpForAllEligible  [0;33merror[0m = not found [0;33mblsKey[0m = 7075624b6579424c5330333933 
[0;33mWARN [0m[2026-03-16 10:13:40.731]   rewardsCreatorV2.getTopUpForAllEligible  [0;33merror[0m = not found [0;33mblsKey[0m = 7075624b6579424c5330333934 
[0;33mWARN [0m[2026-03-16 10:13:40.731]   rewardsCreatorV2.getTopUpForAllEligible  [0;33merror[0m = not found [0;33mblsKey[0m = 7075624b6579424c5330333935 
[0;33mWARN [0m[2026-03-16 10:13:40.731]   rewardsCreatorV2.getTopUpForAllEligible  [0;33merror[0m = not found [0;33mblsKey[0m = 7075624b6579424c5330333936 
[0;33mWARN [0m[2026-03-16 10:13:40.731]   rewardsCreatorV2.getTopUpForAllEligible  [0;33merror[0m = not found [0;33mblsKey[0m = 7075624b6579424c5330333937 
[0;33mWARN [0m[2026-03-16 10:13:40.731]   rewardsCreatorV2.getTopUpForAllEligible  [0;33merror[0m = not found [0;33mblsKey[0m = 7075624b6579424c5330333938 
[0;33mWARN [0m[2026-03-16 10:13:40.731]   rewardsCreatorV2.getTopUpForAllEligible  [0;33merror[0m = not found [0;33mblsKey[0m = 7075624b6579424c5330333939 
[0;33mWARN [0m[2026-03-16 10:13:40.731]   rewardsCreatorV2.getTopUpForAllEligible  [0;33merror[0m = not found [0;33mblsKey[0m = 7075624b6579424c533130 
[0;33mWARN [0m[2026-03-16 10:13:40.731]   rewardsCreatorV2.getTopUpForAllEligible  [0;33merror[0m = not found [0;33mblsKey[0m = 7075624b6579424c533131 
[0;33mWARN [0m[2026-03-16 10:13:40.731]   rewardsCreatorV2.getTopUpForAllEligible  [0;33merror[0m = not found [0;33mblsKey[0m = 7075624b6579424c533132 
[0;33mWARN [0m[2026-03-16 10:13:40.731]   rewardsCreatorV2.getTopUpForAllEligible  [0;33merror[0m = not found [0;33mblsKey[0m = 7075624b6579424c533133 
[0;33mWARN [0m[2026-03-16 10:13:40.731]   rewardsCreatorV2.getTopUpForAllEligible  [0;33merror[0m = not found [0;33mblsKey[0m = 7075624b6579424c533134 
[0;33mWARN [0m[2026-03-16 10:13:40.731]   rewardsCreatorV2.getTopUpForAllEligible  [0;33merror[0m = not found [0;33mblsKey[0m = 7075624b6579424c533135 
[0;33mWARN [0m[2026-03-16 10:13:40.731]   rewardsCreatorV2.getTopUpForAllEligible  [0;33merror[0m = not found [0;33mblsKey[0m = 7075624b6579424c533136 
[0;33mWARN [0m[2026-03-16 10:13:40.731]   rewardsCreatorV2.getTopUpForAllEligible  [0;33merror[0m = not found [0;33mblsKey[0m = 7075624b6579424c533137 
[0;33mWARN [0m[2026-03-16 10:13:40.731]   rewardsCreatorV2.getTopUpForAllEligible  [0;33merror[0m = not found [0;33mblsKey[0m = 7075624b6579424c533138 
[0;33mWARN [0m[2026-03-16 10:13:40.731]   rewardsCreatorV2.getTopUpForAllEligible  [0;33merror[0m = not found [0;33mblsKey[0m = 7075624b6579424c533139 
[0;33mWARN [0m[2026-03-16 10:13:40.731]   rewardsCreatorV2.getTopUpForAllEligible  [0;33merror[0m = not found [0;33mblsKey[0m = 7075624b6579424c53313130 
[0;33mWARN [0m[2026-03-16 10:13:40.731]   rewardsCreatorV2.getTopUpForAllEligible  [0;33merror[0m = not found [0;33mblsKey[0m = 7075624b6579424c53313131 
[0;33mWARN [0m[2026-03-16 10:13:40.731]   rewardsCreatorV2.getTopUpForAllEligible  [0;33merror[0m = not found [0;33mblsKey[0m = 7075624b6579424c53313132 
--- PASS: TestRewardsCreatorProxy_RemoveBlockDataFromPools (0.00s)
[0;33mWARN [0m[2026-03-16 10:13:40.731]   rewardsCreatorV2.getTopUpForAllEligible  [0;33merror[0m = not found [0;33mblsKey[0m = 7075624b6579424c53313133 
[0;33mWARN [0m[2026-03-16 10:13:40.731]   rewardsCreatorV2.getTopUpForAllEligible  [0;33merror[0m = not found [0;33mblsKey[0m = 7075624b6579424c53313134 
[0;33mWARN [0m[2026-03-16 10:13:40.731]   rewardsCreatorV2.getTopUpForAllEligible  [0;33merror[0m = not found [0;33mblsKey[0m = 7075624b6579424c53313135 
[0;33mWARN [0m[2026-03-16 10:13:40.731]   rewardsCreatorV2.getTopUpForAllEligible  [0;33merror[0m = not found [0;33mblsKey[0m = 7075624b6579424c53313136 
[0;33mWARN [0m[2026-03-16 10:13:40.731]   rewardsCreatorV2.getTopUpForAllEligible  [0;33merror[0m = not found [0;33mblsKey[0m = 7075624b6579424c53313137 
[0;33mWARN [0m[2026-03-16 10:13:40.731]   rewardsCreatorV2.getTopUpForAllEligible  [0;33merror[0m = not found [0;33mblsKey[0m = 7075624b6579424c53313138 
[0;33mWARN [0m[2026-03-16 10:13:40.731]   rewardsCreatorV2.getTopUpForAllEligible  [0;33merror[0m = not found [0;33mblsKey[0m = 7075624b6579424c53313139 
[0;33mWARN [0m[2026-03-16 10:13:40.731]   rewardsCreatorV2.getTopUpForAllEligible  [0;33merror[0m = not found [0;33mblsKey[0m = 7075624b6579424c53313230 
[0;33mWARN [0m[2026-03-16 10:13:40.731]   rewardsCreatorV2.getTopUpForAllEligible  [0;33merror[0m = not found [0;33mblsKey[0m = 7075624b6579424c53313231 
[0;33mWARN [0m[2026-03-16 10:13:40.731]   rewardsCreatorV2.getTopUpForAllEligible  [0;33merror[0m = not found [0;33mblsKey[0m = 7075624b6579424c53313232 
[0;33mWARN [0m[2026-03-16 10:13:40.731]   rewardsCreatorV2.getTopUpForAllEligible  [0;33merror[0m = not found [0;33mblsKey[0m = 7075624b6579424c53313233 
[0;33mWARN [0m[2026-03-16 10:13:40.731]   rewardsCreatorV2.getTopUpForAllEligible  [0;33merror[0m = not found [0;33mblsKey[0m = 7075624b6579424c53313234 
[0;33mWARN [0m[2026-03-16 10:13:40.731]   rewardsCreatorV2.getTopUpForAllEligible  [0;33merror[0m = not found [0;33mblsKey[0m = 7075624b6579424c53313235 
[0;33mWARN [0m[2026-03-16 10:13:40.731]   rewardsCreatorV2.getTopUpForAllEligible  [0;33merror[0m = not found [0;33mblsKey[0m = 7075624b6579424c53313236 
[0;33mWARN [0m[2026-03-16 10:13:40.731]   rewardsCreatorV2.getTopUpForAllEligible  [0;33merror[0m = not found [0;33mblsKey[0m = 7075624b6579424c53313237 
[0;33mWARN [0m[2026-03-16 10:13:40.731]   rewardsCreatorV2.getTopUpForAllEligible  [0;33merror[0m = not found [0;33mblsKey[0m = 7075624b6579424c53313238 
[0;33mWARN [0m[2026-03-16 10:13:40.731]   rewardsCreatorV2.getTopUpForAllEligible  [0;33merror[0m = not found [0;33mblsKey[0m = 7075624b6579424c53313239 
[0;33mWARN [0m[2026-03-16 10:13:40.731]   rewardsCreatorV2.getTopUpForAllEligible  [0;33merror[0m = not found [0;33mblsKey[0m = 7075624b6579424c53313330 
[0;33mWARN [0m[2026-03-16 10:13:40.731]   rewardsCreatorV2.getTopUpForAllEligible  [0;33merror[0m = not found [0;33mblsKey[0m = 7075624b6579424c53313331 
[0;33mWARN [0m[2026-03-16 10:13:40.731]   rewardsCreatorV2.getTopUpForAllEligible  [0;33merror[0m = not found [0;33mblsKey[0m = 7075624b6579424c53313332 
[0;33mWARN [0m[2026-03-16 10:13:40.731]   rewardsCreatorV2.getTopUpForAllEligible  [0;33merror[0m = not found [0;33mblsKey[0m = 7075624b6579424c53313333 
[0;33mWARN [0m[2026-03-16 10:13:40.731]   rewardsCreatorV2.getTopUpForAllEligible  [0;33merror[0m = not found [0;33mblsKey[0m = 7075624b6579424c53313334 
[0;33mWARN [0m[2026-03-16 10:13:40.731]   rewardsCreatorV2.getTopUpForAllEligible  [0;33merror[0m = not found [0;33mblsKey[0m = 7075624b6579424c53313335 
[0;33mWARN [0m[2026-03-16 10:13:40.731]   rewardsCreatorV2.getTopUpForAllEligible  [0;33merror[0m = not found [0;33mblsKey[0m = 7075624b6579424c53313336 
[0;33mWARN [0m[2026-03-16 10:13:40.731]   rewardsCreatorV2.getTopUpForAllEligible  [0;33merror[0m = not found [0;33mblsKey[0m = 7075624b6579424c53313337 
[0;33mWARN [0m[2026-03-16 10:13:40.731]   rewardsCreatorV2.getTopUpForAllEligible  [0;33merror[0m = not found [0;33mblsKey[0m = 7075624b6579424c53313338 
[0;33mWARN [0m[2026-03-16 10:13:40.731]   rewardsCreatorV2.getTopUpForAllEligible  [0;33merror[0m = not found [0;33mblsKey[0m = 7075624b6579424c53313339 
[0;33mWARN [0m[2026-03-16 10:13:40.731]   rewardsCreatorV2.getTopUpForAllEligible  [0;33merror[0m = not found [0;33mblsKey[0m = 7075624b6579424c53313430 
[0;33mWARN [0m[2026-03-16 10:13:40.731]   rewardsCreatorV2.getTopUpForAllEligible  [0;33merror[0m = not found [0;33mblsKey[0m = 7075624b6579424c53313431 
[0;33mWARN [0m[2026-03-16 10:13:40.731]   rewardsCreatorV2.getTopUpForAllEligible  [0;33merror[0m = not found [0;33mblsKey[0m = 7075624b6579424c53313432 
[0;33mWARN [0m[2026-03-16 10:13:40.731]   rewardsCreatorV2.getTopUpForAllEligible  [0;33merror[0m = not found [0;33mblsKey[0m = 7075624b6579424c53313433 
[0;33mWARN [0m[2026-03-16 10:13:40.731]   rewardsCreatorV2.getTopUpForAllEligible  [0;33merror[0m = not found [0;33mblsKey[0m = 7075624b6579424c53313434 
[0;33mWARN [0m[2026-03-16 10:13:40.731]   rewardsCreatorV2.getTopUpForAllEligible  [0;33merror[0m = not found [0;33mblsKey[0m = 7075624b6579424c53313435 
[0;33mWARN [0m[2026-03-16 10:13:40.731]   rewardsCreatorV2.getTopUpForAllEligible  [0;33merror[0m = not found [0;33mblsKey[0m = 7075624b6579424c53313436 
[0;33mWARN [0m[2026-03-16 10:13:40.731]   rewardsCreatorV2.getTopUpForAllEligible  [0;33merror[0m = not found [0;33mblsKey[0m = 7075624b6579424c53313437 
=== CONT  TestNewRewardsCreatorV2_computeTopUpRewards
[0;33mWARN [0m[2026-03-16 10:13:40.731]   rewardsCreatorV2.getTopUpForAllEligible  [0;33merror[0m = not found [0;33mblsKey[0m = 7075624b6579424c53313438 
[0;33mWARN [0m[2026-03-16 10:13:40.731]   rewardsCreatorV2.getTopUpForAllEligible  [0;33merror[0m = not found [0;33mblsKey[0m = 7075624b6579424c53313439 
[0;33mWARN [0m[2026-03-16 10:13:40.731]   rewardsCreatorV2.getTopUpForAllEligible  [0;33merror[0m = not found [0;33mblsKey[0m = 7075624b6579424c53313530 
[0;33mWARN [0m[2026-03-16 10:13:40.731]   rewardsCreatorV2.getTopUpForAllEligible  [0;33merror[0m = not found [0;33mblsKey[0m = 7075624b6579424c53313531 
[0;33mWARN [0m[2026-03-16 10:13:40.731]   rewardsCreatorV2.getTopUpForAllEligible  [0;33merror[0m = not found [0;33mblsKey[0m = 7075624b6579424c53313532 
[0;33mWARN [0m[2026-03-16 10:13:40.731]   rewardsCreatorV2.getTopUpForAllEligible  [0;33merror[0m = not found [0;33mblsKey[0m = 7075624b6579424c53313533 
[0;33mWARN [0m[2026-03-16 10:13:40.731]   rewardsCreatorV2.getTopUpForAllEligible  [0;33merror[0m = not found [0;33mblsKey[0m = 7075624b6579424c53313534 
[0;33mWARN [0m[2026-03-16 10:13:40.731]   rewardsCreatorV2.getTopUpForAllEligible  [0;33merror[0m = not found [0;33mblsKey[0m = 7075624b6579424c53313535 
[0;33mWARN [0m[2026-03-16 10:13:40.731]   rewardsCreatorV2.getTopUpForAllEligible  [0;33merror[0m = not found [0;33mblsKey[0m = 7075624b6579424c53313536 
[0;33mWARN [0m[2026-03-16 10:13:40.731]   rewardsCreatorV2.getTopUpForAllEligible  [0;33merror[0m = not found [0;33mblsKey[0m = 7075624b6579424c53313537 
[0;33mWARN [0m[2026-03-16 10:13:40.731]   rewardsCreatorV2.getTopUpForAllEligible  [0;33merror[0m = not found [0;33mblsKey[0m = 7075624b6579424c53313538 
[0;33mWARN [0m[2026-03-16 10:13:40.731]   rewardsCreatorV2.getTopUpForAllEligible  [0;33merror[0m = not found [0;33mblsKey[0m = 7075624b6579424c53313539 
[0;33mWARN [0m[2026-03-16 10:13:40.731]   rewardsCreatorV2.getTopUpForAllEligible  [0;33merror[0m = not found [0;33mblsKey[0m = 7075624b6579424c53313630 
[0;33mWARN [0m[2026-03-16 10:13:40.731]   rewardsCreatorV2.getTopUpForAllEligible  [0;33merror[0m = not found [0;33mblsKey[0m = 7075624b6579424c53313631 
[0;33mWARN [0m[2026-03-16 10:13:40.731]   rewardsCreatorV2.getTopUpForAllEligible  [0;33merror[0m = not found [0;33mblsKey[0m = 7075624b6579424c53313632 
[0;33mWARN [0m[2026-03-16 10:13:40.731]   rewardsCreatorV2.getTopUpForAllEligible  [0;33merror[0m = not found [0;33mblsKey[0m = 7075624b6579424c53313633 
[0;33mWARN [0m[2026-03-16 10:13:40.731]   rewardsCreatorV2.getTopUpForAllEligible  [0;33merror[0m = not found [0;33mblsKey[0m = 7075624b6579424c53313634 
[0;33mWARN [0m[2026-03-16 10:13:40.731]   rewardsCreatorV2.getTopUpForAllEligible  [0;33merror[0m = not found [0;33mblsKey[0m = 7075624b6579424c53313635 
[0;33mWARN [0m[2026-03-16 10:13:40.731]   rewardsCreatorV2.getTopUpForAllEligible  [0;33merror[0m = not found [0;33mblsKey[0m = 7075624b6579424c53313636 
[0;33mWARN [0m[2026-03-16 10:13:40.731]   rewardsCreatorV2.getTopUpForAllEligible  [0;33merror[0m = not found [0;33mblsKey[0m = 7075624b6579424c53313637 
[0;33mWARN [0m[2026-03-16 10:13:40.731]   rewardsCreatorV2.getTopUpForAllEligible  [0;33merror[0m = not found [0;33mblsKey[0m = 7075624b6579424c53313638 
[0;33mWARN [0m[2026-03-16 10:13:40.731]   rewardsCreatorV2.getTopUpForAllEligible  [0;33merror[0m = not found [0;33mblsKey[0m = 7075624b6579424c53313639 
[0;33mWARN [0m[2026-03-16 10:13:40.731]   rewardsCreatorV2.getTopUpForAllEligible  [0;33merror[0m = not found [0;33mblsKey[0m = 7075624b6579424c53313730 
[0;33mWARN [0m[2026-03-16 10:13:40.731]   rewardsCreatorV2.getTopUpForAllEligible  [0;33merror[0m = not found [0;33mblsKey[0m = 7075624b6579424c53313731 
[0;33mWARN [0m[2026-03-16 10:13:40.731]   rewardsCreatorV2.getTopUpForAllEligible  [0;33merror[0m = not found [0;33mblsKey[0m = 7075624b6579424c53313732 
[0;33mWARN [0m[2026-03-16 10:13:40.731]   rewardsCreatorV2.getTopUpForAllEligible  [0;33merror[0m = not found [0;33mblsKey[0m = 7075624b6579424c53313733 
[0;33mWARN [0m[2026-03-16 10:13:40.731]   rewardsCreatorV2.getTopUpForAllEligible  [0;33merror[0m = not found [0;33mblsKey[0m = 7075624b6579424c53313734 
[0;33mWARN [0m[2026-03-16 10:13:40.731]   rewardsCreatorV2.getTopUpForAllEligible  [0;33merror[0m = not found [0;33mblsKey[0m = 7075624b6579424c53313735 
[0;33mWARN [0m[2026-03-16 10:13:40.731]   rewardsCreatorV2.getTopUpForAllEligible  [0;33merror[0m = not found [0;33mblsKey[0m = 7075624b6579424c53313736 
[0;33mWARN [0m[2026-03-16 10:13:40.731]   rewardsCreatorV2.getTopUpForAllEligible  [0;33merror[0m = not found [0;33mblsKey[0m = 7075624b6579424c53313737 
[0;33mWARN [0m[2026-03-16 10:13:40.731]   rewardsCreatorV2.getTopUpForAllEligible  [0;33merror[0m = not found [0;33mblsKey[0m = 7075624b6579424c53313738 
[0;33mWARN [0m[2026-03-16 10:13:40.731]   rewardsCreatorV2.getTopUpForAllEligible  [0;33merror[0m = not found [0;33mblsKey[0m = 7075624b6579424c53313739 
[0;33mWARN [0m[2026-03-16 10:13:40.731]   rewardsCreatorV2.getTopUpForAllEligible  [0;33merror[0m = not found [0;33mblsKey[0m = 7075624b6579424c53313830 
[0;33mWARN [0m[2026-03-16 10:13:40.731]   rewardsCreatorV2.getTopUpForAllEligible  [0;33merror[0m = not found [0;33mblsKey[0m = 7075624b6579424c53313831 
[0;33mWARN [0m[2026-03-16 10:13:40.731]   rewardsCreatorV2.getTopUpForAllEligible  [0;33merror[0m = not found [0;33mblsKey[0m = 7075624b6579424c53313832 
[0;33mWARN [0m[2026-03-16 10:13:40.731]   rewardsCreatorV2.getTopUpForAllEligible  [0;33merror[0m = not found [0;33mblsKey[0m = 7075624b6579424c53313833 
[0;33mWARN [0m[2026-03-16 10:13:40.731]   rewardsCreatorV2.getTopUpForAllEligible  [0;33merror[0m = not found [0;33mblsKey[0m = 7075624b6579424c53313834 
[0;33mWARN [0m[2026-03-16 10:13:40.731]   rewardsCreatorV2.getTopUpForAllEligible  [0;33merror[0m = not found [0;33mblsKey[0m = 7075624b6579424c53313835 
[0;33mWARN [0m[2026-03-16 10:13:40.731]   rewardsCreatorV2.getTopUpForAllEligible  [0;33merror[0m = not found [0;33mblsKey[0m = 7075624b6579424c53313836 
[0;33mWARN [0m[2026-03-16 10:13:40.731]   rewardsCreatorV2.getTopUpForAllEligible  [0;33merror[0m = not found [0;33mblsKey[0m = 7075624b6579424c53313837 
[0;33mWARN [0m[2026-03-16 10:13:40.731]   rewardsCreatorV2.getTopUpForAllEligible  [0;33merror[0m = not found [0;33mblsKey[0m = 7075624b6579424c53313838 
[0;33mWARN [0m[2026-03-16 10:13:40.731]   rewardsCreatorV2.getTopUpForAllEligible  [0;33merror[0m = not found [0;33mblsKey[0m = 7075624b6579424c53313839 
[0;33mWARN [0m[2026-03-16 10:13:40.731]   rewardsCreatorV2.getTopUpForAllEligible  [0;33merror[0m = not found [0;33mblsKey[0m = 7075624b6579424c53313930 
[0;33mWARN [0m[2026-03-16 10:13:40.731]   rewardsCreatorV2.getTopUpForAllEligible  [0;33merror[0m = not found [0;33mblsKey[0m = 7075624b6579424c53313931 
[0;33mWARN [0m[2026-03-16 10:13:40.731]   rewardsCreatorV2.getTopUpForAllEligible  [0;33merror[0m = not found [0;33mblsKey[0m = 7075624b6579424c53313932 
[0;33mWARN [0m[2026-03-16 10:13:40.731]   rewardsCreatorV2.getTopUpForAllEligible  [0;33merror[0m = not found [0;33mblsKey[0m = 7075624b6579424c53313933 
[0;33mWARN [0m[2026-03-16 10:13:40.731]   rewardsCreatorV2.getTopUpForAllEligible  [0;33merror[0m = not found [0;33mblsKey[0m = 7075624b6579424c53313934 
[0;33mWARN [0m[2026-03-16 10:13:40.731]   rewardsCreatorV2.getTopUpForAllEligible  [0;33merror[0m = not found [0;33mblsKey[0m = 7075624b6579424c53313935 
[0;33mWARN [0m[2026-03-16 10:13:40.731]   rewardsCreatorV2.getTopUpForAllEligible  [0;33merror[0m = not found [0;33mblsKey[0m = 7075624b6579424c53313936 
[0;33mWARN [0m[2026-03-16 10:13:40.731]   rewardsCreatorV2.getTopUpForAllEligible  [0;33merror[0m = not found [0;33mblsKey[0m = 7075624b6579424c53313937 
[0;33mWARN [0m[2026-03-16 10:13:40.731]   rewardsCreatorV2.getTopUpForAllEligible  [0;33merror[0m = not found [0;33mblsKey[0m = 7075624b6579424c53313938 
[0;33mWARN [0m[2026-03-16 10:13:40.731]   rewardsCreatorV2.getTopUpForAllEligible  [0;33merror[0m = not found [0;33mblsKey[0m = 7075624b6579424c53313939 
[0;33mWARN [0m[2026-03-16 10:13:40.731]   rewardsCreatorV2.getTopUpForAllEligible  [0;33merror[0m = not found [0;33mblsKey[0m = 7075624b6579424c5331313030 
[0;33mWARN [0m[2026-03-16 10:13:40.731]   rewardsCreatorV2.getTopUpForAllEligible  [0;33merror[0m = not found [0;33mblsKey[0m = 7075624b6579424c5331313031 
[0;33mWARN [0m[2026-03-16 10:13:40.731]   rewardsCreatorV2.getTopUpForAllEligible  [0;33merror[0m = not found [0;33mblsKey[0m = 7075624b6579424c5331313032 
[0;33mWARN [0m[2026-03-16 10:13:40.731]   rewardsCreatorV2.getTopUpForAllEligible  [0;33merror[0m = not found [0;33mblsKey[0m = 7075624b6579424c5331313033 
[0;33mWARN [0m[2026-03-16 10:13:40.731]   rewardsCreatorV2.getTopUpForAllEligible  [0;33merror[0m = not found [0;33mblsKey[0m = 7075624b6579424c5331313034 
[0;33mWARN [0m[2026-03-16 10:13:40.731]   rewardsCreatorV2.getTopUpForAllEligible  [0;33merror[0m = not found [0;33mblsKey[0m = 7075624b6579424c5331313035 
[0;33mWARN [0m[2026-03-16 10:13:40.731]   rewardsCreatorV2.getTopUpForAllEligible  [0;33merror[0m = not found [0;33mblsKey[0m = 7075624b6579424c5331313036 
[0;33mWARN [0m[2026-03-16 10:13:40.731]   rewardsCreatorV2.getTopUpForAllEligible  [0;33merror[0m = not found [0;33mblsKey[0m = 7075624b6579424c5331313037 
[0;33mWARN [0m[2026-03-16 10:13:40.731]   rewardsCreatorV2.getTopUpForAllEligible  [0;33merror[0m = not found [0;33mblsKey[0m = 7075624b6579424c5331313038 
[0;33mWARN [0m[2026-03-16 10:13:40.731]   rewardsCreatorV2.getTopUpForAllEligible  [0;33merror[0m = not found [0;33mblsKey[0m = 7075624b6579424c5331313039 
[0;33mWARN [0m[2026-03-16 10:13:40.731]   rewardsCreatorV2.getTopUpForAllEligible  [0;33merror[0m = not found [0;33mblsKey[0m = 7075624b6579424c5331313130 
[0;33mWARN [0m[2026-03-16 10:13:40.731]   rewardsCreatorV2.getTopUpForAllEligible  [0;33merror[0m = not found [0;33mblsKey[0m = 7075624b6579424c5331313131 
[0;33mWARN [0m[2026-03-16 10:13:40.731]   rewardsCreatorV2.getTopUpForAllEligible  [0;33merror[0m = not found [0;33mblsKey[0m = 7075624b6579424c5331313132 
[0;33mWARN [0m[2026-03-16 10:13:40.731]   rewardsCreatorV2.getTopUpForAllEligible  [0;33merror[0m = not found [0;33mblsKey[0m = 7075624b6579424c5331313133 
[0;33mWARN [0m[2026-03-16 10:13:40.731]   rewardsCreatorV2.getTopUpForAllEligible  [0;33merror[0m = not found [0;33mblsKey[0m = 7075624b6579424c5331313134 
[0;33mWARN [0m[2026-03-16 10:13:40.731]   rewardsCreatorV2.getTopUpForAllEligible  [0;33merror[0m = not found [0;33mblsKey[0m = 7075624b6579424c5331313135 
[0;33mWARN [0m[2026-03-16 10:13:40.731]   rewardsCreatorV2.getTopUpForAllEligible  [0;33merror[0m = not found [0;33mblsKey[0m = 7075624b6579424c5331313136 
[0;33mWARN [0m[2026-03-16 10:13:40.731]   rewardsCreatorV2.getTopUpForAllEligible  [0;33merror[0m = not found [0;33mblsKey[0m = 7075624b6579424c5331313137 
[0;33mWARN [0m[2026-03-16 10:13:40.731]   rewardsCreatorV2.getTopUpForAllEligible  [0;33merror[0m = not found [0;33mblsKey[0m = 7075624b6579424c5331313138 
[0;33mWARN [0m[2026-03-16 10:13:40.731]   rewardsCreatorV2.getTopUpForAllEligible  [0;33merror[0m = not found [0;33mblsKey[0m = 7075624b6579424c5331313139 
[0;33mWARN [0m[2026-03-16 10:13:40.731]   rewardsCreatorV2.getTopUpForAllEligible  [0;33merror[0m = not found [0;33mblsKey[0m = 7075624b6579424c5331313230 
[0;33mWARN [0m[2026-03-16 10:13:40.731]   rewardsCreatorV2.getTopUpForAllEligible  [0;33merror[0m = not found [0;33mblsKey[0m = 7075624b6579424c5331313231 
[0;33mWARN [0m[2026-03-16 10:13:40.731]   rewardsCreatorV2.getTopUpForAllEligible  [0;33merror[0m = not found [0;33mblsKey[0m = 7075624b6579424c5331313232 
[0;33mWARN [0m[2026-03-16 10:13:40.731]   rewardsCreatorV2.getTopUpForAllEligible  [0;33merror[0m = not found [0;33mblsKey[0m = 7075624b6579424c5331313233 
[0;33mWARN [0m[2026-03-16 10:13:40.731]   rewardsCreatorV2.getTopUpForAllEligible  [0;33merror[0m = not found [0;33mblsKey[0m = 7075624b6579424c5331313234 
[0;33mWARN [0m[2026-03-16 10:13:40.731]   rewardsCreatorV2.getTopUpForAllEligible  [0;33merror[0m = not found [0;33mblsKey[0m = 7075624b6579424c5331313235 
[0;33mWARN [0m[2026-03-16 10:13:40.731]   rewardsCreatorV2.getTopUpForAllEligible  [0;33merror[0m = not found [0;33mblsKey[0m = 7075624b6579424c5331313236 
[0;33mWARN [0m[2026-03-16 10:13:40.731]   rewardsCreatorV2.getTopUpForAllEligible  [0;33merror[0m = not found [0;33mblsKey[0m = 7075624b6579424c5331313237 
[0;33mWARN [0m[2026-03-16 10:13:40.731]   rewardsCreatorV2.getTopUpForAllEligible  [0;33merror[0m = not found [0;33mblsKey[0m = 7075624b6579424c5331313238 
[0;33mWARN [0m[2026-03-16 10:13:40.731]   rewardsCreatorV2.getTopUpForAllEligible  [0;33merror[0m = not found [0;33mblsKey[0m = 7075624b6579424c5331313239 
[0;33mWARN [0m[2026-03-16 10:13:40.731]   rewardsCreatorV2.getTopUpForAllEligible  [0;33merror[0m = not found [0;33mblsKey[0m = 7075624b6579424c5331313330 
[0;33mWARN [0m[2026-03-16 10:13:40.731]   rewardsCreatorV2.getTopUpForAllEligible  [0;33merror[0m = not found [0;33mblsKey[0m = 7075624b6579424c5331313331 
[0;33mWARN [0m[2026-03-16 10:13:40.731]   rewardsCreatorV2.getTopUpForAllEligible  [0;33merror[0m = not found [0;33mblsKey[0m = 7075624b6579424c5331313332 
[0;33mWARN [0m[2026-03-16 10:13:40.731]   rewardsCreatorV2.getTopUpForAllEligible  [0;33merror[0m = not found [0;33mblsKey[0m = 7075624b6579424c5331313333 
[0;33mWARN [0m[2026-03-16 10:13:40.731]   rewardsCreatorV2.getTopUpForAllEligible  [0;33merror[0m = not found [0;33mblsKey[0m = 7075624b6579424c5331313334 
[0;33mWARN [0m[2026-03-16 10:13:40.731]   rewardsCreatorV2.getTopUpForAllEligible  [0;33merror[0m = not found [0;33mblsKey[0m = 7075624b6579424c5331313335 
[0;33mWARN [0m[2026-03-16 10:13:40.731]   rewardsCreatorV2.getTopUpForAllEligible  [0;33merror[0m = not found [0;33mblsKey[0m = 7075624b6579424c5331313336 
[0;33mWARN [0m[2026-03-16 10:13:40.731]   rewardsCreatorV2.getTopUpForAllEligible  [0;33merror[0m = not found [0;33mblsKey[0m = 7075624b6579424c5331313337 
[0;33mWARN [0m[2026-03-16 10:13:40.731]   rewardsCreatorV2.getTopUpForAllEligible  [0;33merror[0m = not found [0;33mblsKey[0m = 7075624b6579424c5331313338 
[0;33mWARN [0m[2026-03-16 10:13:40.731]   rewardsCreatorV2.getTopUpForAllEligible  [0;33merror[0m = not found [0;33mblsKey[0m = 7075624b6579424c5331313339 
[0;33mWARN [0m[2026-03-16 10:13:40.731]   rewardsCreatorV2.getTopUpForAllEligible  [0;33merror[0m = not found [0;33mblsKey[0m = 7075624b6579424c5331313430 
[0;33mWARN [0m[2026-03-16 10:13:40.731]   rewardsCreatorV2.getTopUpForAllEligible  [0;33merror[0m = not found [0;33mblsKey[0m = 7075624b6579424c5331313431 
[0;33mWARN [0m[2026-03-16 10:13:40.732]   rewardsCreatorV2.getTopUpForAllEligible  [0;33merror[0m = not found [0;33mblsKey[0m = 7075624b6579424c5331313432 
[0;33mWARN [0m[2026-03-16 10:13:40.732]   rewardsCreatorV2.getTopUpForAllEligible  [0;33merror[0m = not found [0;33mblsKey[0m = 7075624b6579424c5331313433 
[0;33mWARN [0m[2026-03-16 10:13:40.732]   rewardsCreatorV2.getTopUpForAllEligible  [0;33merror[0m = not found [0;33mblsKey[0m = 7075624b6579424c5331313434 
[0;33mWARN [0m[2026-03-16 10:13:40.732]   rewardsCreatorV2.getTopUpForAllEligible  [0;33merror[0m = not found [0;33mblsKey[0m = 7075624b6579424c5331313435 
[0;33mWARN [0m[2026-03-16 10:13:40.732]   rewardsCreatorV2.getTopUpForAllEligible  [0;33merror[0m = not found [0;33mblsKey[0m = 7075624b6579424c5331313436 
--- PASS: TestSystemSCProcessor_ResetUnJailListErrors (0.00s)
[0;33mWARN [0m[2026-03-16 10:13:40.732]   rewardsCreatorV2.getTopUpForAllEligible  [0;33merror[0m = not found [0;33mblsKey[0m = 7075624b6579424c5331313437 
=== CONT  TestNewRewardsCreatorV2_computeTopUpRewardsZeroTopup
[0;33mWARN [0m[2026-03-16 10:13:40.732]   rewardsCreatorV2.getTopUpForAllEligible  [0;33merror[0m = not found [0;33mblsKey[0m = 7075624b6579424c5331313438 
[0;33mWARN [0m[2026-03-16 10:13:40.734]   rewardsCreatorV2.getTopUpForAllEligible  [0;33merror[0m = not found [0;33mblsKey[0m = 7075624b6579424c5331313439 
[0;33mWARN [0m[2026-03-16 10:13:40.734]   rewardsCreatorV2.getTopUpForAllEligible  [0;33merror[0m = not found [0;33mblsKey[0m = 7075624b6579424c5331313530 
[0;33mWARN [0m[2026-03-16 10:13:40.734]   rewardsCreatorV2.getTopUpForAllEligible  [0;33merror[0m = not found [0;33mblsKey[0m = 7075624b6579424c5331313531 
[0;33mWARN [0m[2026-03-16 10:13:40.734]   rewardsCreatorV2.getTopUpForAllEligible  [0;33merror[0m = not found [0;33mblsKey[0m = 7075624b6579424c5331313532 
[0;33mWARN [0m[2026-03-16 10:13:40.734]   rewardsCreatorV2.getTopUpForAllEligible  [0;33merror[0m = not found [0;33mblsKey[0m = 7075624b6579424c5331313533 
[0;33mWARN [0m[2026-03-16 10:13:40.734]   rewardsCreatorV2.getTopUpForAllEligible  [0;33merror[0m = not found [0;33mblsKey[0m = 7075624b6579424c5331313534 
[0;33mWARN [0m[2026-03-16 10:13:40.734]   rewardsCreatorV2.getTopUpForAllEligible  [0;33merror[0m = not found [0;33mblsKey[0m = 7075624b6579424c5331313535 
[0;33mWARN [0m[2026-03-16 10:13:40.734]   rewardsCreatorV2.getTopUpForAllEligible  [0;33merror[0m = not found [0;33mblsKey[0m = 7075624b6579424c5331313536 
[0;33mWARN [0m[2026-03-16 10:13:40.734]   rewardsCreatorV2.getTopUpForAllEligible  [0;33merror[0m = not found [0;33mblsKey[0m = 7075624b6579424c5331313537 
[0;33mWARN [0m[2026-03-16 10:13:40.734]   rewardsCreatorV2.getTopUpForAllEligible  [0;33merror[0m = not found [0;33mblsKey[0m = 7075624b6579424c5331313538 
[0;33mWARN [0m[2026-03-16 10:13:40.734]   rewardsCreatorV2.getTopUpForAllEligible  [0;33merror[0m = not found [0;33mblsKey[0m = 7075624b6579424c5331313539 
[0;33mWARN [0m[2026-03-16 10:13:40.734]   rewardsCreatorV2.getTopUpForAllEligible  [0;33merror[0m = not found [0;33mblsKey[0m = 7075624b6579424c5331313630 
[0;33mWARN [0m[2026-03-16 10:13:40.734]   rewardsCreatorV2.getTopUpForAllEligible  [0;33merror[0m = not found [0;33mblsKey[0m = 7075624b6579424c5331313631 
[0;33mWARN [0m[2026-03-16 10:13:40.734]   rewardsCreatorV2.getTopUpForAllEligible  [0;33merror[0m = not found [0;33mblsKey[0m = 7075624b6579424c5331313632 
[0;33mWARN [0m[2026-03-16 10:13:40.734]   rewardsCreatorV2.getTopUpForAllEligible  [0;33merror[0m = not found [0;33mblsKey[0m = 7075624b6579424c5331313633 
[0;33mWARN [0m[2026-03-16 10:13:40.734]   rewardsCreatorV2.getTopUpForAllEligible  [0;33merror[0m = not found [0;33mblsKey[0m = 7075624b6579424c5331313634 
[0;33mWARN [0m[2026-03-16 10:13:40.734]   rewardsCreatorV2.getTopUpForAllEligible  [0;33merror[0m = not found [0;33mblsKey[0m = 7075624b6579424c5331313635 
[0;33mWARN [0m[2026-03-16 10:13:40.734]   rewardsCreatorV2.getTopUpForAllEligible  [0;33merror[0m = not found [0;33mblsKey[0m = 7075624b6579424c5331313636 
[0;33mWARN [0m[2026-03-16 10:13:40.734]   rewardsCreatorV2.getTopUpForAllEligible  [0;33merror[0m = not found [0;33mblsKey[0m = 7075624b6579424c5331313637 
[0;33mWARN [0m[2026-03-16 10:13:40.734]   rewardsCreatorV2.getTopUpForAllEligible  [0;33merror[0m = not found [0;33mblsKey[0m = 7075624b6579424c5331313638 
[0;33mWARN [0m[2026-03-16 10:13:40.734]   rewardsCreatorV2.getTopUpForAllEligible  [0;33merror[0m = not found [0;33mblsKey[0m = 7075624b6579424c5331313639 
[0;33mWARN [0m[2026-03-16 10:13:40.734]   rewardsCreatorV2.getTopUpForAllEligible  [0;33merror[0m = not found [0;33mblsKey[0m = 7075624b6579424c5331313730 
[0;33mWARN [0m[2026-03-16 10:13:40.734]   rewardsCreatorV2.getTopUpForAllEligible  [0;33merror[0m = not found [0;33mblsKey[0m = 7075624b6579424c5331313731 
[0;33mWARN [0m[2026-03-16 10:13:40.734]   rewardsCreatorV2.getTopUpForAllEligible  [0;33merror[0m = not found [0;33mblsKey[0m = 7075624b6579424c5331313732 
[0;33mWARN [0m[2026-03-16 10:13:40.734]   rewardsCreatorV2.getTopUpForAllEligible  [0;33merror[0m = not found [0;33mblsKey[0m = 7075624b6579424c5331313733 
[0;33mWARN [0m[2026-03-16 10:13:40.734]   rewardsCreatorV2.getTopUpForAllEligible  [0;33merror[0m = not found [0;33mblsKey[0m = 7075624b6579424c5331313734 
[0;33mWARN [0m[2026-03-16 10:13:40.734]   rewardsCreatorV2.getTopUpForAllEligible  [0;33merror[0m = not found [0;33mblsKey[0m = 7075624b6579424c5331313735 
[0;33mWARN [0m[2026-03-16 10:13:40.734]   rewardsCreatorV2.getTopUpForAllEligible  [0;33merror[0m = not found [0;33mblsKey[0m = 7075624b6579424c5331313736 
[0;33mWARN [0m[2026-03-16 10:13:40.734]   rewardsCreatorV2.getTopUpForAllEligible  [0;33merror[0m = not found [0;33mblsKey[0m = 7075624b6579424c5331313737 
[0;33mWARN [0m[2026-03-16 10:13:40.735]   rewardsCreatorV2.getTopUpForAllEligible  [0;33merror[0m = not found [0;33mblsKey[0m = 7075624b6579424c5331313738 
[0;33mWARN [0m[2026-03-16 10:13:40.735]   rewardsCreatorV2.getTopUpForAllEligible  [0;33merror[0m = not found [0;33mblsKey[0m = 7075624b6579424c5331313739 
[0;33mWARN [0m[2026-03-16 10:13:40.735]   rewardsCreatorV2.getTopUpForAllEligible  [0;33merror[0m = not found [0;33mblsKey[0m = 7075624b6579424c5331313830 
[0;33mWARN [0m[2026-03-16 10:13:40.735]   rewardsCreatorV2.getTopUpForAllEligible  [0;33merror[0m = not found [0;33mblsKey[0m = 7075624b6579424c5331313831 
[0;33mWARN [0m[2026-03-16 10:13:40.735]   rewardsCreatorV2.getTopUpForAllEligible  [0;33merror[0m = not found [0;33mblsKey[0m = 7075624b6579424c5331313832 
[0;33mWARN [0m[2026-03-16 10:13:40.735]   rewardsCreatorV2.getTopUpForAllEligible  [0;33merror[0m = not found [0;33mblsKey[0m = 7075624b6579424c5331313833 
[0;33mWARN [0m[2026-03-16 10:13:40.735]   rewardsCreatorV2.getTopUpForAllEligible  [0;33merror[0m = not found [0;33mblsKey[0m = 7075624b6579424c5331313834 
[0;33mWARN [0m[2026-03-16 10:13:40.735]   rewardsCreatorV2.getTopUpForAllEligible  [0;33merror[0m = not found [0;33mblsKey[0m = 7075624b6579424c5331313835 
[0;33mWARN [0m[2026-03-16 10:13:40.735]   rewardsCreatorV2.getTopUpForAllEligible  [0;33merror[0m = not found [0;33mblsKey[0m = 7075624b6579424c5331313836 
[0;33mWARN [0m[2026-03-16 10:13:40.735]   rewardsCreatorV2.getTopUpForAllEligible  [0;33merror[0m = not found [0;33mblsKey[0m = 7075624b6579424c5331313837 
[0;33mWARN [0m[2026-03-16 10:13:40.735]   rewardsCreatorV2.getTopUpForAllEligible  [0;33merror[0m = not found [0;33mblsKey[0m = 7075624b6579424c5331313838 
[0;33mWARN [0m[2026-03-16 10:13:40.735]   rewardsCreatorV2.getTopUpForAllEligible  [0;33merror[0m = not found [0;33mblsKey[0m = 7075624b6579424c5331313839 
[0;33mWARN [0m[2026-03-16 10:13:40.735]   rewardsCreatorV2.getTopUpForAllEligible  [0;33merror[0m = not found [0;33mblsKey[0m = 7075624b6579424c5331313930 
[0;33mWARN [0m[2026-03-16 10:13:40.735]   rewardsCreatorV2.getTopUpForAllEligible  [0;33merror[0m = not found [0;33mblsKey[0m = 7075624b6579424c5331313931 
[0;33mWARN [0m[2026-03-16 10:13:40.735]   rewardsCreatorV2.getTopUpForAllEligible  [0;33merror[0m = not found [0;33mblsKey[0m = 7075624b6579424c5331313932 
[0;33mWARN [0m[2026-03-16 10:13:40.735]   rewardsCreatorV2.getTopUpForAllEligible  [0;33merror[0m = not found [0;33mblsKey[0m = 7075624b6579424c5331313933 
[0;33mWARN [0m[2026-03-16 10:13:40.735]   rewardsCreatorV2.getTopUpForAllEligible  [0;33merror[0m = not found [0;33mblsKey[0m = 7075624b6579424c5331313934 
[0;33mWARN [0m[2026-03-16 10:13:40.735]   rewardsCreatorV2.getTopUpForAllEligible  [0;33merror[0m = not found [0;33mblsKey[0m = 7075624b6579424c5331313935 
[0;33mWARN [0m[2026-03-16 10:13:40.735]   rewardsCreatorV2.getTopUpForAllEligible  [0;33merror[0m = not found [0;33mblsKey[0m = 7075624b6579424c5331313936 
[0;33mWARN [0m[2026-03-16 10:13:40.735]   rewardsCreatorV2.getTopUpForAllEligible  [0;33merror[0m = not found [0;33mblsKey[0m = 7075624b6579424c5331313937 
[0;33mWARN [0m[2026-03-16 10:13:40.735]   rewardsCreatorV2.getTopUpForAllEligible  [0;33merror[0m = not found [0;33mblsKey[0m = 7075624b6579424c5331313938 
[0;33mWARN [0m[2026-03-16 10:13:40.735]   rewardsCreatorV2.getTopUpForAllEligible  [0;33merror[0m = not found [0;33mblsKey[0m = 7075624b6579424c5331313939 
[0;33mWARN [0m[2026-03-16 10:13:40.735]   rewardsCreatorV2.getTopUpForAllEligible  [0;33merror[0m = not found [0;33mblsKey[0m = 7075624b6579424c5331323030 
[0;33mWARN [0m[2026-03-16 10:13:40.735]   rewardsCreatorV2.getTopUpForAllEligible  [0;33merror[0m = not found [0;33mblsKey[0m = 7075624b6579424c5331323031 
[0;33mWARN [0m[2026-03-16 10:13:40.735]   rewardsCreatorV2.getTopUpForAllEligible  [0;33merror[0m = not found [0;33mblsKey[0m = 7075624b6579424c5331323032 
[0;33mWARN [0m[2026-03-16 10:13:40.735]   rewardsCreatorV2.getTopUpForAllEligible  [0;33merror[0m = not found [0;33mblsKey[0m = 7075624b6579424c5331323033 
[0;33mWARN [0m[2026-03-16 10:13:40.735]   rewardsCreatorV2.getTopUpForAllEligible  [0;33merror[0m = not found [0;33mblsKey[0m = 7075624b6579424c5331323034 
[0;33mWARN [0m[2026-03-16 10:13:40.735]   rewardsCreatorV2.getTopUpForAllEligible  [0;33merror[0m = not found [0;33mblsKey[0m = 7075624b6579424c5331323035 
[0;33mWARN [0m[2026-03-16 10:13:40.735]   rewardsCreatorV2.getTopUpForAllEligible  [0;33merror[0m = not found [0;33mblsKey[0m = 7075624b6579424c5331323036 
[0;33mWARN [0m[2026-03-16 10:13:40.735]   rewardsCreatorV2.getTopUpForAllEligible  [0;33merror[0m = not found [0;33mblsKey[0m = 7075624b6579424c5331323037 
[0;33mWARN [0m[2026-03-16 10:13:40.735]   rewardsCreatorV2.getTopUpForAllEligible  [0;33merror[0m = not found [0;33mblsKey[0m = 7075624b6579424c5331323038 
[0;33mWARN [0m[2026-03-16 10:13:40.735]   rewardsCreatorV2.getTopUpForAllEligible  [0;33merror[0m = not found [0;33mblsKey[0m = 7075624b6579424c5331323039 
[0;33mWARN [0m[2026-03-16 10:13:40.735]   rewardsCreatorV2.getTopUpForAllEligible  [0;33merror[0m = not found [0;33mblsKey[0m = 7075624b6579424c5331323130 
[0;33mWARN [0m[2026-03-16 10:13:40.735]   rewardsCreatorV2.getTopUpForAllEligible  [0;33merror[0m = not found [0;33mblsKey[0m = 7075624b6579424c5331323131 
[0;33mWARN [0m[2026-03-16 10:13:40.735]   rewardsCreatorV2.getTopUpForAllEligible  [0;33merror[0m = not found [0;33mblsKey[0m = 7075624b6579424c5331323132 
[0;33mWARN [0m[2026-03-16 10:13:40.735]   rewardsCreatorV2.getTopUpForAllEligible  [0;33merror[0m = not found [0;33mblsKey[0m = 7075624b6579424c5331323133 
[0;33mWARN [0m[2026-03-16 10:13:40.735]   rewardsCreatorV2.getTopUpForAllEligible  [0;33merror[0m = not found [0;33mblsKey[0m = 7075624b6579424c5331323134 
[0;33mWARN [0m[2026-03-16 10:13:40.735]   rewardsCreatorV2.getTopUpForAllEligible  [0;33merror[0m = not found [0;33mblsKey[0m = 7075624b6579424c5331323135 
[0;33mWARN [0m[2026-03-16 10:13:40.735]   rewardsCreatorV2.getTopUpForAllEligible  [0;33merror[0m = not found [0;33mblsKey[0m = 7075624b6579424c5331323136 
[0;33mWARN [0m[2026-03-16 10:13:40.735]   rewardsCreatorV2.getTopUpForAllEligible  [0;33merror[0m = not found [0;33mblsKey[0m = 7075624b6579424c5331323137 
[0;33mWARN [0m[2026-03-16 10:13:40.735]   rewardsCreatorV2.getTopUpForAllEligible  [0;33merror[0m = not found [0;33mblsKey[0m = 7075624b6579424c5331323138 
[0;33mWARN [0m[2026-03-16 10:13:40.735]   rewardsCreatorV2.getTopUpForAllEligible  [0;33merror[0m = not found [0;33mblsKey[0m = 7075624b6579424c5331323139 
[0;33mWARN [0m[2026-03-16 10:13:40.735]   rewardsCreatorV2.getTopUpForAllEligible  [0;33merror[0m = not found [0;33mblsKey[0m = 7075624b6579424c5331323230 
[0;33mWARN [0m[2026-03-16 10:13:40.735]   rewardsCreatorV2.getTopUpForAllEligible  [0;33merror[0m = not found [0;33mblsKey[0m = 7075624b6579424c5331323231 
[0;33mWARN [0m[2026-03-16 10:13:40.735]   rewardsCreatorV2.getTopUpForAllEligible  [0;33merror[0m = not found [0;33mblsKey[0m = 7075624b6579424c5331323232 
[0;33mWARN [0m[2026-03-16 10:13:40.735]   rewardsCreatorV2.getTopUpForAllEligible  [0;33merror[0m = not found [0;33mblsKey[0m = 7075624b6579424c5331323233 
[0;33mWARN [0m[2026-03-16 10:13:40.735]   rewardsCreatorV2.getTopUpForAllEligible  [0;33merror[0m = not found [0;33mblsKey[0m = 7075624b6579424c5331323234 
[0;33mWARN [0m[2026-03-16 10:13:40.735]   rewardsCreatorV2.getTopUpForAllEligible  [0;33merror[0m = not found [0;33mblsKey[0m = 7075624b6579424c5331323235 
[0;33mWARN [0m[2026-03-16 10:13:40.735]   rewardsCreatorV2.getTopUpForAllEligible  [0;33merror[0m = not found [0;33mblsKey[0m = 7075624b6579424c5331323236 
[0;33mWARN [0m[2026-03-16 10:13:40.735]   rewardsCreatorV2.getTopUpForAllEligible  [0;33merror[0m = not found [0;33mblsKey[0m = 7075624b6579424c5331323237 
[0;33mWARN [0m[2026-03-16 10:13:40.735]   rewardsCreatorV2.getTopUpForAllEligible  [0;33merror[0m = not found [0;33mblsKey[0m = 7075624b6579424c5331323238 
[0;33mWARN [0m[2026-03-16 10:13:40.735]   rewardsCreatorV2.getTopUpForAllEligible  [0;33merror[0m = not found [0;33mblsKey[0m = 7075624b6579424c5331323239 
[0;33mWARN [0m[2026-03-16 10:13:40.735]   rewardsCreatorV2.getTopUpForAllEligible  [0;33merror[0m = not found [0;33mblsKey[0m = 7075624b6579424c5331323330 
[0;33mWARN [0m[2026-03-16 10:13:40.735]   rewardsCreatorV2.getTopUpForAllEligible  [0;33merror[0m = not found [0;33mblsKey[0m = 7075624b6579424c5331323331 
[0;33mWARN [0m[2026-03-16 10:13:40.735]   rewardsCreatorV2.getTopUpForAllEligible  [0;33merror[0m = not found [0;33mblsKey[0m = 7075624b6579424c5331323332 
[0;33mWARN [0m[2026-03-16 10:13:40.735]   rewardsCreatorV2.getTopUpForAllEligible  [0;33merror[0m = not found [0;33mblsKey[0m = 7075624b6579424c5331323333 
[0;33mWARN [0m[2026-03-16 10:13:40.735]   rewardsCreatorV2.getTopUpForAllEligible  [0;33merror[0m = not found [0;33mblsKey[0m = 7075624b6579424c5331323334 
[0;33mWARN [0m[2026-03-16 10:13:40.735]   rewardsCreatorV2.getTopUpForAllEligible  [0;33merror[0m = not found [0;33mblsKey[0m = 7075624b6579424c5331323335 
[0;33mWARN [0m[2026-03-16 10:13:40.735]   rewardsCreatorV2.getTopUpForAllEligible  [0;33merror[0m = not found [0;33mblsKey[0m = 7075624b6579424c5331323336 
[0;33mWARN [0m[2026-03-16 10:13:40.735]   rewardsCreatorV2.getTopUpForAllEligible  [0;33merror[0m = not found [0;33mblsKey[0m = 7075624b6579424c5331323337 
[0;33mWARN [0m[2026-03-16 10:13:40.735]   rewardsCreatorV2.getTopUpForAllEligible  [0;33merror[0m = not found [0;33mblsKey[0m = 7075624b6579424c5331323338 
[0;33mWARN [0m[2026-03-16 10:13:40.735]   rewardsCreatorV2.getTopUpForAllEligible  [0;33merror[0m = not found [0;33mblsKey[0m = 7075624b6579424c5331323339 
[0;33mWARN [0m[2026-03-16 10:13:40.735]   rewardsCreatorV2.getTopUpForAllEligible  [0;33merror[0m = not found [0;33mblsKey[0m = 7075624b6579424c5331323430 
[0;33mWARN [0m[2026-03-16 10:13:40.735]   rewardsCreatorV2.getTopUpForAllEligible  [0;33merror[0m = not found [0;33mblsKey[0m = 7075624b6579424c5331323431 
[0;33mWARN [0m[2026-03-16 10:13:40.735]   rewardsCreatorV2.getTopUpForAllEligible  [0;33merror[0m = not found [0;33mblsKey[0m = 7075624b6579424c5331323432 
[0;33mWARN [0m[2026-03-16 10:13:40.735]   rewardsCreatorV2.getTopUpForAllEligible  [0;33merror[0m = not found [0;33mblsKey[0m = 7075624b6579424c5331323433 
[0;33mWARN [0m[2026-03-16 10:13:40.735]   rewardsCreatorV2.getTopUpForAllEligible  [0;33merror[0m = not found [0;33mblsKey[0m = 7075624b6579424c5331323434 
[0;33mWARN [0m[2026-03-16 10:13:40.735]   rewardsCreatorV2.getTopUpForAllEligible  [0;33merror[0m = not found [0;33mblsKey[0m = 7075624b6579424c5331323435 
[0;33mWARN [0m[2026-03-16 10:13:40.735]   rewardsCreatorV2.getTopUpForAllEligible  [0;33merror[0m = not found [0;33mblsKey[0m = 7075624b6579424c5331323436 
[0;33mWARN [0m[2026-03-16 10:13:40.735]   rewardsCreatorV2.getTopUpForAllEligible  [0;33merror[0m = not found [0;33mblsKey[0m = 7075624b6579424c5331323437 
[0;33mWARN [0m[2026-03-16 10:13:40.735]   rewardsCreatorV2.getTopUpForAllEligible  [0;33merror[0m = not found [0;33mblsKey[0m = 7075624b6579424c5331323438 
[0;33mWARN [0m[2026-03-16 10:13:40.735]   rewardsCreatorV2.getTopUpForAllEligible  [0;33merror[0m = not found [0;33mblsKey[0m = 7075624b6579424c5331323439 
[0;33mWARN [0m[2026-03-16 10:13:40.735]   rewardsCreatorV2.getTopUpForAllEligible  [0;33merror[0m = not found [0;33mblsKey[0m = 7075624b6579424c5331323530 
[0;33mWARN [0m[2026-03-16 10:13:40.735]   rewardsCreatorV2.getTopUpForAllEligible  [0;33merror[0m = not found [0;33mblsKey[0m = 7075624b6579424c5331323531 
[0;33mWARN [0m[2026-03-16 10:13:40.735]   rewardsCreatorV2.getTopUpForAllEligible  [0;33merror[0m = not found [0;33mblsKey[0m = 7075624b6579424c5331323532 
[0;33mWARN [0m[2026-03-16 10:13:40.735]   rewardsCreatorV2.getTopUpForAllEligible  [0;33merror[0m = not found [0;33mblsKey[0m = 7075624b6579424c5331323533 
[0;33mWARN [0m[2026-03-16 10:13:40.735]   rewardsCreatorV2.getTopUpForAllEligible  [0;33merror[0m = not found [0;33mblsKey[0m = 7075624b6579424c5331323534 
[0;33mWARN [0m[2026-03-16 10:13:40.735]   rewardsCreatorV2.getTopUpForAllEligible  [0;33merror[0m = not found [0;33mblsKey[0m = 7075624b6579424c5331323535 
[0;33mWARN [0m[2026-03-16 10:13:40.735]   rewardsCreatorV2.getTopUpForAllEligible  [0;33merror[0m = not found [0;33mblsKey[0m = 7075624b6579424c5331323536 
[0;33mWARN [0m[2026-03-16 10:13:40.735]   rewardsCreatorV2.getTopUpForAllEligible  [0;33merror[0m = not found [0;33mblsKey[0m = 7075624b6579424c5331323537 
[0;33mWARN [0m[2026-03-16 10:13:40.735]   rewardsCreatorV2.getTopUpForAllEligible  [0;33merror[0m = not found [0;33mblsKey[0m = 7075624b6579424c5331323538 
[0;33mWARN [0m[2026-03-16 10:13:40.735]   rewardsCreatorV2.getTopUpForAllEligible  [0;33merror[0m = not found [0;33mblsKey[0m = 7075624b6579424c5331323539 
[0;33mWARN [0m[2026-03-16 10:13:40.735]   rewardsCreatorV2.getTopUpForAllEligible  [0;33merror[0m = not found [0;33mblsKey[0m = 7075624b6579424c5331323630 
[0;33mWARN [0m[2026-03-16 10:13:40.735]   rewardsCreatorV2.getTopUpForAllEligible  [0;33merror[0m = not found [0;33mblsKey[0m = 7075624b6579424c5331323631 
[0;33mWARN [0m[2026-03-16 10:13:40.735]   rewardsCreatorV2.getTopUpForAllEligible  [0;33merror[0m = not found [0;33mblsKey[0m = 7075624b6579424c5331323632 
[0;33mWARN [0m[2026-03-16 10:13:40.735]   rewardsCreatorV2.getTopUpForAllEligible  [0;33merror[0m = not found [0;33mblsKey[0m = 7075624b6579424c5331323633 
[0;33mWARN [0m[2026-03-16 10:13:40.735]   rewardsCreatorV2.getTopUpForAllEligible  [0;33merror[0m = not found [0;33mblsKey[0m = 7075624b6579424c5331323634 
[0;33mWARN [0m[2026-03-16 10:13:40.735]   rewardsCreatorV2.getTopUpForAllEligible  [0;33merror[0m = not found [0;33mblsKey[0m = 7075624b6579424c5331323635 
[0;33mWARN [0m[2026-03-16 10:13:40.735]   rewardsCreatorV2.getTopUpForAllEligible  [0;33merror[0m = not found [0;33mblsKey[0m = 7075624b6579424c5331323636 
[0;33mWARN [0m[2026-03-16 10:13:40.735]   rewardsCreatorV2.getTopUpForAllEligible  [0;33merror[0m = not found [0;33mblsKey[0m = 7075624b6579424c5331323637 
[0;33mWARN [0m[2026-03-16 10:13:40.735]   rewardsCreatorV2.getTopUpForAllEligible  [0;33merror[0m = not found [0;33mblsKey[0m = 7075624b6579424c5331323638 
[0;33mWARN [0m[2026-03-16 10:13:40.735]   rewardsCreatorV2.getTopUpForAllEligible  [0;33merror[0m = not found [0;33mblsKey[0m = 7075624b6579424c5331323639 
[0;33mWARN [0m[2026-03-16 10:13:40.735]   rewardsCreatorV2.getTopUpForAllEligible  [0;33merror[0m = not found [0;33mblsKey[0m = 7075624b6579424c5331323730 
[0;33mWARN [0m[2026-03-16 10:13:40.735]   rewardsCreatorV2.getTopUpForAllEligible  [0;33merror[0m = not found [0;33mblsKey[0m = 7075624b6579424c5331323731 
[0;33mWARN [0m[2026-03-16 10:13:40.735]   rewardsCreatorV2.getTopUpForAllEligible  [0;33merror[0m = not found [0;33mblsKey[0m = 7075624b6579424c5331323732 
[0;33mWARN [0m[2026-03-16 10:13:40.735]   rewardsCreatorV2.getTopUpForAllEligible  [0;33merror[0m = not found [0;33mblsKey[0m = 7075624b6579424c5331323733 
[0;33mWARN [0m[2026-03-16 10:13:40.735]   rewardsCreatorV2.getTopUpForAllEligible  [0;33merror[0m = not found [0;33mblsKey[0m = 7075624b6579424c5331323734 
[0;33mWARN [0m[2026-03-16 10:13:40.735]   rewardsCreatorV2.getTopUpForAllEligible  [0;33merror[0m = not found [0;33mblsKey[0m = 7075624b6579424c5331323735 
[0;33mWARN [0m[2026-03-16 10:13:40.735]   rewardsCreatorV2.getTopUpForAllEligible  [0;33merror[0m = not found [0;33mblsKey[0m = 7075624b6579424c5331323736 
[0;33mWARN [0m[2026-03-16 10:13:40.735]   rewardsCreatorV2.getTopUpForAllEligible  [0;33merror[0m = not found [0;33mblsKey[0m = 7075624b6579424c5331323737 
[0;33mWARN [0m[2026-03-16 10:13:40.735]   rewardsCreatorV2.getTopUpForAllEligible  [0;33merror[0m = not found [0;33mblsKey[0m = 7075624b6579424c5331323738 
[0;33mWARN [0m[2026-03-16 10:13:40.735]   rewardsCreatorV2.getTopUpForAllEligible  [0;33merror[0m = not found [0;33mblsKey[0m = 7075624b6579424c5331323739 
[0;33mWARN [0m[2026-03-16 10:13:40.735]   rewardsCreatorV2.getTopUpForAllEligible  [0;33merror[0m = not found [0;33mblsKey[0m = 7075624b6579424c5331323830 
[0;33mWARN [0m[2026-03-16 10:13:40.735]   rewardsCreatorV2.getTopUpForAllEligible  [0;33merror[0m = not found [0;33mblsKey[0m = 7075624b6579424c5331323831 
[0;33mWARN [0m[2026-03-16 10:13:40.735]   rewardsCreatorV2.getTopUpForAllEligible  [0;33merror[0m = not found [0;33mblsKey[0m = 7075624b6579424c5331323832 
[0;33mWARN [0m[2026-03-16 10:13:40.735]   rewardsCreatorV2.getTopUpForAllEligible  [0;33merror[0m = not found [0;33mblsKey[0m = 7075624b6579424c5331323833 
[0;33mWARN [0m[2026-03-16 10:13:40.735]   rewardsCreatorV2.getTopUpForAllEligible  [0;33merror[0m = not found [0;33mblsKey[0m = 7075624b6579424c5331323834 
[0;33mWARN [0m[2026-03-16 10:13:40.735]   rewardsCreatorV2.getTopUpForAllEligible  [0;33merror[0m = not found [0;33mblsKey[0m = 7075624b6579424c5331323835 
[0;33mWARN [0m[2026-03-16 10:13:40.735]   rewardsCreatorV2.getTopUpForAllEligible  [0;33merror[0m = not found [0;33mblsKey[0m = 7075624b6579424c5331323836 
[0;33mWARN [0m[2026-03-16 10:13:40.735]   rewardsCreatorV2.getTopUpForAllEligible  [0;33merror[0m = not found [0;33mblsKey[0m = 7075624b6579424c5331323837 
[0;33mWARN [0m[2026-03-16 10:13:40.735]   rewardsCreatorV2.getTopUpForAllEligible  [0;33merror[0m = not found [0;33mblsKey[0m = 7075624b6579424c5331323838 
[0;33mWARN [0m[2026-03-16 10:13:40.735]   rewardsCreatorV2.getTopUpForAllEligible  [0;33merror[0m = not found [0;33mblsKey[0m = 7075624b6579424c5331323839 
[0;33mWARN [0m[2026-03-16 10:13:40.735]   rewardsCreatorV2.getTopUpForAllEligible  [0;33merror[0m = not found [0;33mblsKey[0m = 7075624b6579424c5331323930 
[0;33mWARN [0m[2026-03-16 10:13:40.735]   rewardsCreatorV2.getTopUpForAllEligible  [0;33merror[0m = not found [0;33mblsKey[0m = 7075624b6579424c5331323931 
[0;33mWARN [0m[2026-03-16 10:13:40.735]   rewardsCreatorV2.getTopUpForAllEligible  [0;33merror[0m = not found [0;33mblsKey[0m = 7075624b6579424c5331323932 
[0;33mWARN [0m[2026-03-16 10:13:40.735]   rewardsCreatorV2.getTopUpForAllEligible  [0;33merror[0m = not found [0;33mblsKey[0m = 7075624b6579424c5331323933 
[0;33mWARN [0m[2026-03-16 10:13:40.735]   rewardsCreatorV2.getTopUpForAllEligible  [0;33merror[0m = not found [0;33mblsKey[0m = 7075624b6579424c5331323934 
[0;33mWARN [0m[2026-03-16 10:13:40.735]   rewardsCreatorV2.getTopUpForAllEligible  [0;33merror[0m = not found [0;33mblsKey[0m = 7075624b6579424c5331323935 
[0;33mWARN [0m[2026-03-16 10:13:40.735]   rewardsCreatorV2.getTopUpForAllEligible  [0;33merror[0m = not found [0;33mblsKey[0m = 7075624b6579424c5331323936 
[0;33mWARN [0m[2026-03-16 10:13:40.735]   rewardsCreatorV2.getTopUpForAllEligible  [0;33merror[0m = not found [0;33mblsKey[0m = 7075624b6579424c5331323937 
[0;33mWARN [0m[2026-03-16 10:13:40.735]   rewardsCreatorV2.getTopUpForAllEligible  [0;33merror[0m = not found [0;33mblsKey[0m = 7075624b6579424c5331323938 
[0;33mWARN [0m[2026-03-16 10:13:40.735]   rewardsCreatorV2.getTopUpForAllEligible  [0;33merror[0m = not found [0;33mblsKey[0m = 7075624b6579424c5331323939 
[0;33mWARN [0m[2026-03-16 10:13:40.735]   rewardsCreatorV2.getTopUpForAllEligible  [0;33merror[0m = not found [0;33mblsKey[0m = 7075624b6579424c5331333030 
[0;33mWARN [0m[2026-03-16 10:13:40.735]   rewardsCreatorV2.getTopUpForAllEligible  [0;33merror[0m = not found [0;33mblsKey[0m = 7075624b6579424c5331333031 
[0;33mWARN [0m[2026-03-16 10:13:40.735]   rewardsCreatorV2.getTopUpForAllEligible  [0;33merror[0m = not found [0;33mblsKey[0m = 7075624b6579424c5331333032 
[0;33mWARN [0m[2026-03-16 10:13:40.735]   rewardsCreatorV2.getTopUpForAllEligible  [0;33merror[0m = not found [0;33mblsKey[0m = 7075624b6579424c5331333033 
[0;33mWARN [0m[2026-03-16 10:13:40.735]   rewardsCreatorV2.getTopUpForAllEligible  [0;33merror[0m = not found [0;33mblsKey[0m = 7075624b6579424c5331333034 
[0;33mWARN [0m[2026-03-16 10:13:40.735]   rewardsCreatorV2.getTopUpForAllEligible  [0;33merror[0m = not found [0;33mblsKey[0m = 7075624b6579424c5331333035 
[0;33mWARN [0m[2026-03-16 10:13:40.735]   rewardsCreatorV2.getTopUpForAllEligible  [0;33merror[0m = not found [0;33mblsKey[0m = 7075624b6579424c5331333036 
[0;33mWARN [0m[2026-03-16 10:13:40.735]   rewardsCreatorV2.getTopUpForAllEligible  [0;33merror[0m = not found [0;33mblsKey[0m = 7075624b6579424c5331333037 
[0;33mWARN [0m[2026-03-16 10:13:40.735]   rewardsCreatorV2.getTopUpForAllEligible  [0;33merror[0m = not found [0;33mblsKey[0m = 7075624b6579424c5331333038 
[0;33mWARN [0m[2026-03-16 10:13:40.735]   rewardsCreatorV2.getTopUpForAllEligible  [0;33merror[0m = not found [0;33mblsKey[0m = 7075624b6579424c5331333039 
[0;33mWARN [0m[2026-03-16 10:13:40.735]   rewardsCreatorV2.getTopUpForAllEligible  [0;33merror[0m = not found [0;33mblsKey[0m = 7075624b6579424c5331333130 
[0;33mWARN [0m[2026-03-16 10:13:40.735]   rewardsCreatorV2.getTopUpForAllEligible  [0;33merror[0m = not found [0;33mblsKey[0m = 7075624b6579424c5331333131 
[0;33mWARN [0m[2026-03-16 10:13:40.735]   rewardsCreatorV2.getTopUpForAllEligible  [0;33merror[0m = not found [0;33mblsKey[0m = 7075624b6579424c5331333132 
[0;33mWARN [0m[2026-03-16 10:13:40.735]   rewardsCreatorV2.getTopUpForAllEligible  [0;33merror[0m = not found [0;33mblsKey[0m = 7075624b6579424c5331333133 
[0;33mWARN [0m[2026-03-16 10:13:40.735]   rewardsCreatorV2.getTopUpForAllEligible  [0;33merror[0m = not found [0;33mblsKey[0m = 7075624b6579424c5331333134 
[0;33mWARN [0m[2026-03-16 10:13:40.736]   rewardsCreatorV2.getTopUpForAllEligible  [0;33merror[0m = not found [0;33mblsKey[0m = 7075624b6579424c5331333135 
[0;33mWARN [0m[2026-03-16 10:13:40.736]   rewardsCreatorV2.getTopUpForAllEligible  [0;33merror[0m = not found [0;33mblsKey[0m = 7075624b6579424c5331333136 
[0;33mWARN [0m[2026-03-16 10:13:40.736]   rewardsCreatorV2.getTopUpForAllEligible  [0;33merror[0m = not found [0;33mblsKey[0m = 7075624b6579424c5331333137 
[0;33mWARN [0m[2026-03-16 10:13:40.736]   rewardsCreatorV2.getTopUpForAllEligible  [0;33merror[0m = not found [0;33mblsKey[0m = 7075624b6579424c5331333138 
[0;33mWARN [0m[2026-03-16 10:13:40.736]   rewardsCreatorV2.getTopUpForAllEligible  [0;33merror[0m = not found [0;33mblsKey[0m = 7075624b6579424c5331333139 
[0;33mWARN [0m[2026-03-16 10:13:40.736]   rewardsCreatorV2.getTopUpForAllEligible  [0;33merror[0m = not found [0;33mblsKey[0m = 7075624b6579424c5331333230 
[0;33mWARN [0m[2026-03-16 10:13:40.736]   rewardsCreatorV2.getTopUpForAllEligible  [0;33merror[0m = not found [0;33mblsKey[0m = 7075624b6579424c5331333231 
[0;33mWARN [0m[2026-03-16 10:13:40.736]   rewardsCreatorV2.getTopUpForAllEligible  [0;33merror[0m = not found [0;33mblsKey[0m = 7075624b6579424c5331333232 
[0;33mWARN [0m[2026-03-16 10:13:40.736]   rewardsCreatorV2.getTopUpForAllEligible  [0;33merror[0m = not found [0;33mblsKey[0m = 7075624b6579424c5331333233 
[0;33mWARN [0m[2026-03-16 10:13:40.736]   rewardsCreatorV2.getTopUpForAllEligible  [0;33merror[0m = not found [0;33mblsKey[0m = 7075624b6579424c5331333234 
[0;33mWARN [0m[2026-03-16 10:13:40.736]   rewardsCreatorV2.getTopUpForAllEligible  [0;33merror[0m = not found [0;33mblsKey[0m = 7075624b6579424c5331333235 
[0;33mWARN [0m[2026-03-16 10:13:40.736]   rewardsCreatorV2.getTopUpForAllEligible  [0;33merror[0m = not found [0;33mblsKey[0m = 7075624b6579424c5331333236 
[0;33mWARN [0m[2026-03-16 10:13:40.736]   rewardsCreatorV2.getTopUpForAllEligible  [0;33merror[0m = not found [0;33mblsKey[0m = 7075624b6579424c5331333237 
[0;33mWARN [0m[2026-03-16 10:13:40.736]   rewardsCreatorV2.getTopUpForAllEligible  [0;33merror[0m = not found [0;33mblsKey[0m = 7075624b6579424c5331333238 
[0;33mWARN [0m[2026-03-16 10:13:40.736]   rewardsCreatorV2.getTopUpForAllEligible  [0;33merror[0m = not found [0;33mblsKey[0m = 7075624b6579424c5331333239 
[0;33mWARN [0m[2026-03-16 10:13:40.736]   rewardsCreatorV2.getTopUpForAllEligible  [0;33merror[0m = not found [0;33mblsKey[0m = 7075624b6579424c5331333330 
[0;33mWARN [0m[2026-03-16 10:13:40.736]   rewardsCreatorV2.getTopUpForAllEligible  [0;33merror[0m = not found [0;33mblsKey[0m = 7075624b6579424c5331333331 
[0;33mWARN [0m[2026-03-16 10:13:40.736]   rewardsCreatorV2.getTopUpForAllEligible  [0;33merror[0m = not found [0;33mblsKey[0m = 7075624b6579424c5331333332 
[0;33mWARN [0m[2026-03-16 10:13:40.736]   rewardsCreatorV2.getTopUpForAllEligible  [0;33merror[0m = not found [0;33mblsKey[0m = 7075624b6579424c5331333333 
[0;33mWARN [0m[2026-03-16 10:13:40.736]   rewardsCreatorV2.getTopUpForAllEligible  [0;33merror[0m = not found [0;33mblsKey[0m = 7075624b6579424c5331333334 
[0;33mWARN [0m[2026-03-16 10:13:40.736]   rewardsCreatorV2.getTopUpForAllEligible  [0;33merror[0m = not found [0;33mblsKey[0m = 7075624b6579424c5331333335 
[0;33mWARN [0m[2026-03-16 10:13:40.736]   rewardsCreatorV2.getTopUpForAllEligible  [0;33merror[0m = not found [0;33mblsKey[0m = 7075624b6579424c5331333336 
[0;33mWARN [0m[2026-03-16 10:13:40.736]   rewardsCreatorV2.getTopUpForAllEligible  [0;33merror[0m = not found [0;33mblsKey[0m = 7075624b6579424c5331333337 
[0;33mWARN [0m[2026-03-16 10:13:40.736]   rewardsCreatorV2.getTopUpForAllEligible  [0;33merror[0m = not found [0;33mblsKey[0m = 7075624b6579424c5331333338 
[0;33mWARN [0m[2026-03-16 10:13:40.736]   rewardsCreatorV2.getTopUpForAllEligible  [0;33merror[0m = not found [0;33mblsKey[0m = 7075624b6579424c5331333339 
[0;33mWARN [0m[2026-03-16 10:13:40.736]   rewardsCreatorV2.getTopUpForAllEligible  [0;33merror[0m = not found [0;33mblsKey[0m = 7075624b6579424c5331333430 
[0;33mWARN [0m[2026-03-16 10:13:40.736]   rewardsCreatorV2.getTopUpForAllEligible  [0;33merror[0m = not found [0;33mblsKey[0m = 7075624b6579424c5331333431 
[0;33mWARN [0m[2026-03-16 10:13:40.736]   rewardsCreatorV2.getTopUpForAllEligible  [0;33merror[0m = not found [0;33mblsKey[0m = 7075624b6579424c5331333432 
[0;33mWARN [0m[2026-03-16 10:13:40.736]   rewardsCreatorV2.getTopUpForAllEligible  [0;33merror[0m = not found [0;33mblsKey[0m = 7075624b6579424c5331333433 
[0;33mWARN [0m[2026-03-16 10:13:40.736]   rewardsCreatorV2.getTopUpForAllEligible  [0;33merror[0m = not found [0;33mblsKey[0m = 7075624b6579424c5331333434 
[0;33mWARN [0m[2026-03-16 10:13:40.736]   rewardsCreatorV2.getTopUpForAllEligible  [0;33merror[0m = not found [0;33mblsKey[0m = 7075624b6579424c5331333435 
[0;33mWARN [0m[2026-03-16 10:13:40.736]   rewardsCreatorV2.getTopUpForAllEligible  [0;33merror[0m = not found [0;33mblsKey[0m = 7075624b6579424c5331333436 
[0;33mWARN [0m[2026-03-16 10:13:40.736]   rewardsCreatorV2.getTopUpForAllEligible  [0;33merror[0m = not found [0;33mblsKey[0m = 7075624b6579424c5331333437 
[0;33mWARN [0m[2026-03-16 10:13:40.736]   rewardsCreatorV2.getTopUpForAllEligible  [0;33merror[0m = not found [0;33mblsKey[0m = 7075624b6579424c5331333438 
[0;33mWARN [0m[2026-03-16 10:13:40.736]   rewardsCreatorV2.getTopUpForAllEligible  [0;33merror[0m = not found [0;33mblsKey[0m = 7075624b6579424c5331333439 
[0;33mWARN [0m[2026-03-16 10:13:40.736]   rewardsCreatorV2.getTopUpForAllEligible  [0;33merror[0m = not found [0;33mblsKey[0m = 7075624b6579424c5331333530 
[0;33mWARN [0m[2026-03-16 10:13:40.736]   rewardsCreatorV2.getTopUpForAllEligible  [0;33merror[0m = not found [0;33mblsKey[0m = 7075624b6579424c5331333531 
[0;33mWARN [0m[2026-03-16 10:13:40.736]   rewardsCreatorV2.getTopUpForAllEligible  [0;33merror[0m = not found [0;33mblsKey[0m = 7075624b6579424c5331333532 
[0;33mWARN [0m[2026-03-16 10:13:40.736]   rewardsCreatorV2.getTopUpForAllEligible  [0;33merror[0m = not found [0;33mblsKey[0m = 7075624b6579424c5331333533 
[0;33mWARN [0m[2026-03-16 10:13:40.736]   rewardsCreatorV2.getTopUpForAllEligible  [0;33merror[0m = not found [0;33mblsKey[0m = 7075624b6579424c5331333534 
[0;33mWARN [0m[2026-03-16 10:13:40.736]   rewardsCreatorV2.getTopUpForAllEligible  [0;33merror[0m = not found [0;33mblsKey[0m = 7075624b6579424c5331333535 
[0;33mWARN [0m[2026-03-16 10:13:40.736]   rewardsCreatorV2.getTopUpForAllEligible  [0;33merror[0m = not found [0;33mblsKey[0m = 7075624b6579424c5331333536 
[0;33mWARN [0m[2026-03-16 10:13:40.736]   rewardsCreatorV2.getTopUpForAllEligible  [0;33merror[0m = not found [0;33mblsKey[0m = 7075624b6579424c5331333537 
[0;33mWARN [0m[2026-03-16 10:13:40.736]   rewardsCreatorV2.getTopUpForAllEligible  [0;33merror[0m = not found [0;33mblsKey[0m = 7075624b6579424c5331333538 
[0;33mWARN [0m[2026-03-16 10:13:40.736]   rewardsCreatorV2.getTopUpForAllEligible  [0;33merror[0m = not found [0;33mblsKey[0m = 7075624b6579424c5331333539 
[0;33mWARN [0m[2026-03-16 10:13:40.736]   rewardsCreatorV2.getTopUpForAllEligible  [0;33merror[0m = not found [0;33mblsKey[0m = 7075624b6579424c5331333630 
[0;33mWARN [0m[2026-03-16 10:13:40.736]   rewardsCreatorV2.getTopUpForAllEligible  [0;33merror[0m = not found [0;33mblsKey[0m = 7075624b6579424c5331333631 
[0;33mWARN [0m[2026-03-16 10:13:40.736]   rewardsCreatorV2.getTopUpForAllEligible  [0;33merror[0m = not found [0;33mblsKey[0m = 7075624b6579424c5331333632 
[0;33mWARN [0m[2026-03-16 10:13:40.736]   rewardsCreatorV2.getTopUpForAllEligible  [0;33merror[0m = not found [0;33mblsKey[0m = 7075624b6579424c5331333633 
[0;33mWARN [0m[2026-03-16 10:13:40.736]   rewardsCreatorV2.getTopUpForAllEligible  [0;33merror[0m = not found [0;33mblsKey[0m = 7075624b6579424c5331333634 
[0;33mWARN [0m[2026-03-16 10:13:40.736]   rewardsCreatorV2.getTopUpForAllEligible  [0;33merror[0m = not found [0;33mblsKey[0m = 7075624b6579424c5331333635 
[0;33mWARN [0m[2026-03-16 10:13:40.736]   rewardsCreatorV2.getTopUpForAllEligible  [0;33merror[0m = not found [0;33mblsKey[0m = 7075624b6579424c5331333636 
[0;33mWARN [0m[2026-03-16 10:13:40.736]   rewardsCreatorV2.getTopUpForAllEligible  [0;33merror[0m = not found [0;33mblsKey[0m = 7075624b6579424c5331333637 
[0;33mWARN [0m[2026-03-16 10:13:40.736]   rewardsCreatorV2.getTopUpForAllEligible  [0;33merror[0m = not found [0;33mblsKey[0m = 7075624b6579424c5331333638 
[0;33mWARN [0m[2026-03-16 10:13:40.736]   rewardsCreatorV2.getTopUpForAllEligible  [0;33merror[0m = not found [0;33mblsKey[0m = 7075624b6579424c5331333639 
[0;33mWARN [0m[2026-03-16 10:13:40.736]   rewardsCreatorV2.getTopUpForAllEligible  [0;33merror[0m = not found [0;33mblsKey[0m = 7075624b6579424c5331333730 
[0;33mWARN [0m[2026-03-16 10:13:40.736]   rewardsCreatorV2.getTopUpForAllEligible  [0;33merror[0m = not found [0;33mblsKey[0m = 7075624b6579424c5331333731 
[0;33mWARN [0m[2026-03-16 10:13:40.736]   rewardsCreatorV2.getTopUpForAllEligible  [0;33merror[0m = not found [0;33mblsKey[0m = 7075624b6579424c5331333732 
[0;33mWARN [0m[2026-03-16 10:13:40.736]   rewardsCreatorV2.getTopUpForAllEligible  [0;33merror[0m = not found [0;33mblsKey[0m = 7075624b6579424c5331333733 
[0;33mWARN [0m[2026-03-16 10:13:40.736]   rewardsCreatorV2.getTopUpForAllEligible  [0;33merror[0m = not found [0;33mblsKey[0m = 7075624b6579424c5331333734 
[0;33mWARN [0m[2026-03-16 10:13:40.736]   rewardsCreatorV2.getTopUpForAllEligible  [0;33merror[0m = not found [0;33mblsKey[0m = 7075624b6579424c5331333735 
[0;33mWARN [0m[2026-03-16 10:13:40.736]   rewardsCreatorV2.getTopUpForAllEligible  [0;33merror[0m = not found [0;33mblsKey[0m = 7075624b6579424c5331333736 
[0;33mWARN [0m[2026-03-16 10:13:40.736]   rewardsCreatorV2.getTopUpForAllEligible  [0;33merror[0m = not found [0;33mblsKey[0m = 7075624b6579424c5331333737 
[0;33mWARN [0m[2026-03-16 10:13:40.736]   rewardsCreatorV2.getTopUpForAllEligible  [0;33merror[0m = not found [0;33mblsKey[0m = 7075624b6579424c5331333738 
[0;33mWARN [0m[2026-03-16 10:13:40.736]   rewardsCreatorV2.getTopUpForAllEligible  [0;33merror[0m = not found [0;33mblsKey[0m = 7075624b6579424c5331333739 
[0;33mWARN [0m[2026-03-16 10:13:40.736]   rewardsCreatorV2.getTopUpForAllEligible  [0;33merror[0m = not found [0;33mblsKey[0m = 7075624b6579424c5331333830 
[0;33mWARN [0m[2026-03-16 10:13:40.736]   rewardsCreatorV2.getTopUpForAllEligible  [0;33merror[0m = not found [0;33mblsKey[0m = 7075624b6579424c5331333831 
[0;33mWARN [0m[2026-03-16 10:13:40.736]   rewardsCreatorV2.getTopUpForAllEligible  [0;33merror[0m = not found [0;33mblsKey[0m = 7075624b6579424c5331333832 
[0;33mWARN [0m[2026-03-16 10:13:40.736]   rewardsCreatorV2.getTopUpForAllEligible  [0;33merror[0m = not found [0;33mblsKey[0m = 7075624b6579424c5331333833 
[0;33mWARN [0m[2026-03-16 10:13:40.736]   rewardsCreatorV2.getTopUpForAllEligible  [0;33merror[0m = not found [0;33mblsKey[0m = 7075624b6579424c5331333834 
[0;33mWARN [0m[2026-03-16 10:13:40.736]   rewardsCreatorV2.getTopUpForAllEligible  [0;33merror[0m = not found [0;33mblsKey[0m = 7075624b6579424c5331333835 
[0;33mWARN [0m[2026-03-16 10:13:40.736]   rewardsCreatorV2.getTopUpForAllEligible  [0;33merror[0m = not found [0;33mblsKey[0m = 7075624b6579424c5331333836 
[0;33mWARN [0m[2026-03-16 10:13:40.736]   rewardsCreatorV2.getTopUpForAllEligible  [0;33merror[0m = not found [0;33mblsKey[0m = 7075624b6579424c5331333837 
[0;33mWARN [0m[2026-03-16 10:13:40.736]   rewardsCreatorV2.getTopUpForAllEligible  [0;33merror[0m = not found [0;33mblsKey[0m = 7075624b6579424c5331333838 
[0;33mWARN [0m[2026-03-16 10:13:40.736]   rewardsCreatorV2.getTopUpForAllEligible  [0;33merror[0m = not found [0;33mblsKey[0m = 7075624b6579424c5331333839 
[0;33mWARN [0m[2026-03-16 10:13:40.736]   rewardsCreatorV2.getTopUpForAllEligible  [0;33merror[0m = not found [0;33mblsKey[0m = 7075624b6579424c5331333930 
[0;33mWARN [0m[2026-03-16 10:13:40.736]   rewardsCreatorV2.getTopUpForAllEligible  [0;33merror[0m = not found [0;33mblsKey[0m = 7075624b6579424c5331333931 
[0;33mWARN [0m[2026-03-16 10:13:40.736]   rewardsCreatorV2.getTopUpForAllEligible  [0;33merror[0m = not found [0;33mblsKey[0m = 7075624b6579424c5331333932 
[0;33mWARN [0m[2026-03-16 10:13:40.736]   rewardsCreatorV2.getTopUpForAllEligible  [0;33merror[0m = not found [0;33mblsKey[0m = 7075624b6579424c5331333933 
[0;33mWARN [0m[2026-03-16 10:13:40.736]   rewardsCreatorV2.getTopUpForAllEligible  [0;33merror[0m = not found [0;33mblsKey[0m = 7075624b6579424c5331333934 
[0;33mWARN [0m[2026-03-16 10:13:40.736]   rewardsCreatorV2.getTopUpForAllEligible  [0;33merror[0m = not found [0;33mblsKey[0m = 7075624b6579424c5331333935 
[0;33mWARN [0m[2026-03-16 10:13:40.736]   rewardsCreatorV2.getTopUpForAllEligible  [0;33merror[0m = not found [0;33mblsKey[0m = 7075624b6579424c5331333936 
[0;33mWARN [0m[2026-03-16 10:13:40.736]   rewardsCreatorV2.getTopUpForAllEligible  [0;33merror[0m = not found [0;33mblsKey[0m = 7075624b6579424c5331333937 
[0;33mWARN [0m[2026-03-16 10:13:40.736]   rewardsCreatorV2.getTopUpForAllEligible  [0;33merror[0m = not found [0;33mblsKey[0m = 7075624b6579424c5331333938 
[0;33mWARN [0m[2026-03-16 10:13:40.736]   rewardsCreatorV2.getTopUpForAllEligible  [0;33merror[0m = not found [0;33mblsKey[0m = 7075624b6579424c5331333939 
[0;33mWARN [0m[2026-03-16 10:13:40.736]   rewardsCreatorV2.getTopUpForAllEligible  [0;33merror[0m = not found [0;33mblsKey[0m = 7075624b6579424c533432393439363732393530 
[0;33mWARN [0m[2026-03-16 10:13:40.736]   rewardsCreatorV2.getTopUpForAllEligible  [0;33merror[0m = not found [0;33mblsKey[0m = 7075624b6579424c533432393439363732393531 
[0;33mWARN [0m[2026-03-16 10:13:40.736]   rewardsCreatorV2.getTopUpForAllEligible  [0;33merror[0m = not found [0;33mblsKey[0m = 7075624b6579424c533432393439363732393532 
[0;33mWARN [0m[2026-03-16 10:13:40.736]   rewardsCreatorV2.getTopUpForAllEligible  [0;33merror[0m = not found [0;33mblsKey[0m = 7075624b6579424c533432393439363732393533 
[0;33mWARN [0m[2026-03-16 10:13:40.736]   rewardsCreatorV2.getTopUpForAllEligible  [0;33merror[0m = not found [0;33mblsKey[0m = 7075624b6579424c533432393439363732393534 
[0;33mWARN [0m[2026-03-16 10:13:40.736]   rewardsCreatorV2.getTopUpForAllEligible  [0;33merror[0m = not found [0;33mblsKey[0m = 7075624b6579424c533432393439363732393535 
[0;33mWARN [0m[2026-03-16 10:13:40.736]   rewardsCreatorV2.getTopUpForAllEligible  [0;33merror[0m = not found [0;33mblsKey[0m = 7075624b6579424c533432393439363732393536 
[0;33mWARN [0m[2026-03-16 10:13:40.736]   rewardsCreatorV2.getTopUpForAllEligible  [0;33merror[0m = not found [0;33mblsKey[0m = 7075624b6579424c533432393439363732393537 
[0;33mWARN [0m[2026-03-16 10:13:40.736]   rewardsCreatorV2.getTopUpForAllEligible  [0;33merror[0m = not found [0;33mblsKey[0m = 7075624b6579424c533432393439363732393538 
[0;33mWARN [0m[2026-03-16 10:13:40.736]   rewardsCreatorV2.getTopUpForAllEligible  [0;33merror[0m = not found [0;33mblsKey[0m = 7075624b6579424c533432393439363732393539 
[0;33mWARN [0m[2026-03-16 10:13:40.736]   rewardsCreatorV2.getTopUpForAllEligible  [0;33merror[0m = not found [0;33mblsKey[0m = 7075624b6579424c53343239343936373239353130 
[0;33mWARN [0m[2026-03-16 10:13:40.736]   rewardsCreatorV2.getTopUpForAllEligible  [0;33merror[0m = not found [0;33mblsKey[0m = 7075624b6579424c53343239343936373239353131 
[0;33mWARN [0m[2026-03-16 10:13:40.736]   rewardsCreatorV2.getTopUpForAllEligible  [0;33merror[0m = not found [0;33mblsKey[0m = 7075624b6579424c53343239343936373239353132 
[0;33mWARN [0m[2026-03-16 10:13:40.736]   rewardsCreatorV2.getTopUpForAllEligible  [0;33merror[0m = not found [0;33mblsKey[0m = 7075624b6579424c53343239343936373239353133 
[0;33mWARN [0m[2026-03-16 10:13:40.736]   rewardsCreatorV2.getTopUpForAllEligible  [0;33merror[0m = not found [0;33mblsKey[0m = 7075624b6579424c53343239343936373239353134 
[0;33mWARN [0m[2026-03-16 10:13:40.736]   rewardsCreatorV2.getTopUpForAllEligible  [0;33merror[0m = not found [0;33mblsKey[0m = 7075624b6579424c53343239343936373239353135 
[0;33mWARN [0m[2026-03-16 10:13:40.736]   rewardsCreatorV2.getTopUpForAllEligible  [0;33merror[0m = not found [0;33mblsKey[0m = 7075624b6579424c53343239343936373239353136 
[0;33mWARN [0m[2026-03-16 10:13:40.736]   rewardsCreatorV2.getTopUpForAllEligible  [0;33merror[0m = not found [0;33mblsKey[0m = 7075624b6579424c53343239343936373239353137 
[0;33mWARN [0m[2026-03-16 10:13:40.736]   rewardsCreatorV2.getTopUpForAllEligible  [0;33merror[0m = not found [0;33mblsKey[0m = 7075624b6579424c53343239343936373239353138 
[0;33mWARN [0m[2026-03-16 10:13:40.736]   rewardsCreatorV2.getTopUpForAllEligible  [0;33merror[0m = not found [0;33mblsKey[0m = 7075624b6579424c53343239343936373239353139 
[0;33mWARN [0m[2026-03-16 10:13:40.736]   rewardsCreatorV2.getTopUpForAllEligible  [0;33merror[0m = not found [0;33mblsKey[0m = 7075624b6579424c53343239343936373239353230 
[0;33mWARN [0m[2026-03-16 10:13:40.736]   rewardsCreatorV2.getTopUpForAllEligible  [0;33merror[0m = not found [0;33mblsKey[0m = 7075624b6579424c53343239343936373239353231 
[0;33mWARN [0m[2026-03-16 10:13:40.736]   rewardsCreatorV2.getTopUpForAllEligible  [0;33merror[0m = not found [0;33mblsKey[0m = 7075624b6579424c53343239343936373239353232 
[0;33mWARN [0m[2026-03-16 10:13:40.736]   rewardsCreatorV2.getTopUpForAllEligible  [0;33merror[0m = not found [0;33mblsKey[0m = 7075624b6579424c53343239343936373239353233 
[0;33mWARN [0m[2026-03-16 10:13:40.736]   rewardsCreatorV2.getTopUpForAllEligible  [0;33merror[0m = not found [0;33mblsKey[0m = 7075624b6579424c53343239343936373239353234 
[0;33mWARN [0m[2026-03-16 10:13:40.736]   rewardsCreatorV2.getTopUpForAllEligible  [0;33merror[0m = not found [0;33mblsKey[0m = 7075624b6579424c53343239343936373239353235 
[0;33mWARN [0m[2026-03-16 10:13:40.736]   rewardsCreatorV2.getTopUpForAllEligible  [0;33merror[0m = not found [0;33mblsKey[0m = 7075624b6579424c53343239343936373239353236 
[0;33mWARN [0m[2026-03-16 10:13:40.736]   rewardsCreatorV2.getTopUpForAllEligible  [0;33merror[0m = not found [0;33mblsKey[0m = 7075624b6579424c53343239343936373239353237 
[0;33mWARN [0m[2026-03-16 10:13:40.736]   rewardsCreatorV2.getTopUpForAllEligible  [0;33merror[0m = not found [0;33mblsKey[0m = 7075624b6579424c53343239343936373239353238 
[0;33mWARN [0m[2026-03-16 10:13:40.736]   rewardsCreatorV2.getTopUpForAllEligible  [0;33merror[0m = not found [0;33mblsKey[0m = 7075624b6579424c53343239343936373239353239 
[0;33mWARN [0m[2026-03-16 10:13:40.736]   rewardsCreatorV2.getTopUpForAllEligible  [0;33merror[0m = not found [0;33mblsKey[0m = 7075624b6579424c53343239343936373239353330 
[0;33mWARN [0m[2026-03-16 10:13:40.736]   rewardsCreatorV2.getTopUpForAllEligible  [0;33merror[0m = not found [0;33mblsKey[0m = 7075624b6579424c53343239343936373239353331 
[0;33mWARN [0m[2026-03-16 10:13:40.736]   rewardsCreatorV2.getTopUpForAllEligible  [0;33merror[0m = not found [0;33mblsKey[0m = 7075624b6579424c53343239343936373239353332 
[0;33mWARN [0m[2026-03-16 10:13:40.736]   rewardsCreatorV2.getTopUpForAllEligible  [0;33merror[0m = not found [0;33mblsKey[0m = 7075624b6579424c53343239343936373239353333 
[0;33mWARN [0m[2026-03-16 10:13:40.736]   rewardsCreatorV2.getTopUpForAllEligible  [0;33merror[0m = not found [0;33mblsKey[0m = 7075624b6579424c53343239343936373239353334 
[0;33mWARN [0m[2026-03-16 10:13:40.736]   rewardsCreatorV2.getTopUpForAllEligible  [0;33merror[0m = not found [0;33mblsKey[0m = 7075624b6579424c53343239343936373239353335 
[0;33mWARN [0m[2026-03-16 10:13:40.736]   rewardsCreatorV2.getTopUpForAllEligible  [0;33merror[0m = not found [0;33mblsKey[0m = 7075624b6579424c53343239343936373239353336 
[0;33mWARN [0m[2026-03-16 10:13:40.736]   rewardsCreatorV2.getTopUpForAllEligible  [0;33merror[0m = not found [0;33mblsKey[0m = 7075624b6579424c53343239343936373239353337 
[0;33mWARN [0m[2026-03-16 10:13:40.736]   rewardsCreatorV2.getTopUpForAllEligible  [0;33merror[0m = not found [0;33mblsKey[0m = 7075624b6579424c53343239343936373239353338 
[0;33mWARN [0m[2026-03-16 10:13:40.736]   rewardsCreatorV2.getTopUpForAllEligible  [0;33merror[0m = not found [0;33mblsKey[0m = 7075624b6579424c53343239343936373239353339 
[0;33mWARN [0m[2026-03-16 10:13:40.736]   rewardsCreatorV2.getTopUpForAllEligible  [0;33merror[0m = not found [0;33mblsKey[0m = 7075624b6579424c53343239343936373239353430 
[0;33mWARN [0m[2026-03-16 10:13:40.736]   rewardsCreatorV2.getTopUpForAllEligible  [0;33merror[0m = not found [0;33mblsKey[0m = 7075624b6579424c53343239343936373239353431 
[0;33mWARN [0m[2026-03-16 10:13:40.736]   rewardsCreatorV2.getTopUpForAllEligible  [0;33merror[0m = not found [0;33mblsKey[0m = 7075624b6579424c53343239343936373239353432 
[0;33mWARN [0m[2026-03-16 10:13:40.736]   rewardsCreatorV2.getTopUpForAllEligible  [0;33merror[0m = not found [0;33mblsKey[0m = 7075624b6579424c53343239343936373239353433 
[0;33mWARN [0m[2026-03-16 10:13:40.736]   rewardsCreatorV2.getTopUpForAllEligible  [0;33merror[0m = not found [0;33mblsKey[0m = 7075624b6579424c53343239343936373239353434 
[0;33mWARN [0m[2026-03-16 10:13:40.736]   rewardsCreatorV2.getTopUpForAllEligible  [0;33merror[0m = not found [0;33mblsKey[0m = 7075624b6579424c53343239343936373239353435 
[0;33mWARN [0m[2026-03-16 10:13:40.736]   rewardsCreatorV2.getTopUpForAllEligible  [0;33merror[0m = not found [0;33mblsKey[0m = 7075624b6579424c53343239343936373239353436 
[0;33mWARN [0m[2026-03-16 10:13:40.736]   rewardsCreatorV2.getTopUpForAllEligible  [0;33merror[0m = not found [0;33mblsKey[0m = 7075624b6579424c53343239343936373239353437 
[0;33mWARN [0m[2026-03-16 10:13:40.736]   rewardsCreatorV2.getTopUpForAllEligible  [0;33merror[0m = not found [0;33mblsKey[0m = 7075624b6579424c53343239343936373239353438 
[0;33mWARN [0m[2026-03-16 10:13:40.736]   rewardsCreatorV2.getTopUpForAllEligible  [0;33merror[0m = not found [0;33mblsKey[0m = 7075624b6579424c53343239343936373239353439 
[0;33mWARN [0m[2026-03-16 10:13:40.737]   rewardsCreatorV2.getTopUpForAllEligible  [0;33merror[0m = not found [0;33mblsKey[0m = 7075624b6579424c53343239343936373239353530 
[0;33mWARN [0m[2026-03-16 10:13:40.737]   rewardsCreatorV2.getTopUpForAllEligible  [0;33merror[0m = not found [0;33mblsKey[0m = 7075624b6579424c53343239343936373239353531 
[0;33mWARN [0m[2026-03-16 10:13:40.737]   rewardsCreatorV2.getTopUpForAllEligible  [0;33merror[0m = not found [0;33mblsKey[0m = 7075624b6579424c53343239343936373239353532 
[0;33mWARN [0m[2026-03-16 10:13:40.737]   rewardsCreatorV2.getTopUpForAllEligible  [0;33merror[0m = not found [0;33mblsKey[0m = 7075624b6579424c53343239343936373239353533 
[0;33mWARN [0m[2026-03-16 10:13:40.737]   rewardsCreatorV2.getTopUpForAllEligible  [0;33merror[0m = not found [0;33mblsKey[0m = 7075624b6579424c53343239343936373239353534 
[0;33mWARN [0m[2026-03-16 10:13:40.737]   rewardsCreatorV2.getTopUpForAllEligible  [0;33merror[0m = not found [0;33mblsKey[0m = 7075624b6579424c53343239343936373239353535 
[0;33mWARN [0m[2026-03-16 10:13:40.737]   rewardsCreatorV2.getTopUpForAllEligible  [0;33merror[0m = not found [0;33mblsKey[0m = 7075624b6579424c53343239343936373239353536 
[0;33mWARN [0m[2026-03-16 10:13:40.737]   rewardsCreatorV2.getTopUpForAllEligible  [0;33merror[0m = not found [0;33mblsKey[0m = 7075624b6579424c53343239343936373239353537 
[0;33mWARN [0m[2026-03-16 10:13:40.737]   rewardsCreatorV2.getTopUpForAllEligible  [0;33merror[0m = not found [0;33mblsKey[0m = 7075624b6579424c53343239343936373239353538 
[0;33mWARN [0m[2026-03-16 10:13:40.737]   rewardsCreatorV2.getTopUpForAllEligible  [0;33merror[0m = not found [0;33mblsKey[0m = 7075624b6579424c53343239343936373239353539 
[0;33mWARN [0m[2026-03-16 10:13:40.737]   rewardsCreatorV2.getTopUpForAllEligible  [0;33merror[0m = not found [0;33mblsKey[0m = 7075624b6579424c53343239343936373239353630 
[0;33mWARN [0m[2026-03-16 10:13:40.737]   rewardsCreatorV2.getTopUpForAllEligible  [0;33merror[0m = not found [0;33mblsKey[0m = 7075624b6579424c53343239343936373239353631 
[0;33mWARN [0m[2026-03-16 10:13:40.737]   rewardsCreatorV2.getTopUpForAllEligible  [0;33merror[0m = not found [0;33mblsKey[0m = 7075624b6579424c53343239343936373239353632 
[0;33mWARN [0m[2026-03-16 10:13:40.737]   rewardsCreatorV2.getTopUpForAllEligible  [0;33merror[0m = not found [0;33mblsKey[0m = 7075624b6579424c53343239343936373239353633 
[0;33mWARN [0m[2026-03-16 10:13:40.737]   rewardsCreatorV2.getTopUpForAllEligible  [0;33merror[0m = not found [0;33mblsKey[0m = 7075624b6579424c53343239343936373239353634 
[0;33mWARN [0m[2026-03-16 10:13:40.737]   rewardsCreatorV2.getTopUpForAllEligible  [0;33merror[0m = not found [0;33mblsKey[0m = 7075624b6579424c53343239343936373239353635 
[0;33mWARN [0m[2026-03-16 10:13:40.737]   rewardsCreatorV2.getTopUpForAllEligible  [0;33merror[0m = not found [0;33mblsKey[0m = 7075624b6579424c53343239343936373239353636 
[0;33mWARN [0m[2026-03-16 10:13:40.737]   rewardsCreatorV2.getTopUpForAllEligible  [0;33merror[0m = not found [0;33mblsKey[0m = 7075624b6579424c53343239343936373239353637 
[0;33mWARN [0m[2026-03-16 10:13:40.737]   rewardsCreatorV2.getTopUpForAllEligible  [0;33merror[0m = not found [0;33mblsKey[0m = 7075624b6579424c53343239343936373239353638 
[0;33mWARN [0m[2026-03-16 10:13:40.737]   rewardsCreatorV2.getTopUpForAllEligible  [0;33merror[0m = not found [0;33mblsKey[0m = 7075624b6579424c53343239343936373239353639 
[0;33mWARN [0m[2026-03-16 10:13:40.737]   rewardsCreatorV2.getTopUpForAllEligible  [0;33merror[0m = not found [0;33mblsKey[0m = 7075624b6579424c53343239343936373239353730 
[0;33mWARN [0m[2026-03-16 10:13:40.737]   rewardsCreatorV2.getTopUpForAllEligible  [0;33merror[0m = not found [0;33mblsKey[0m = 7075624b6579424c53343239343936373239353731 
[0;33mWARN [0m[2026-03-16 10:13:40.737]   rewardsCreatorV2.getTopUpForAllEligible  [0;33merror[0m = not found [0;33mblsKey[0m = 7075624b6579424c53343239343936373239353732 
[0;33mWARN [0m[2026-03-16 10:13:40.737]   rewardsCreatorV2.getTopUpForAllEligible  [0;33merror[0m = not found [0;33mblsKey[0m = 7075624b6579424c53343239343936373239353733 
[0;33mWARN [0m[2026-03-16 10:13:40.737]   rewardsCreatorV2.getTopUpForAllEligible  [0;33merror[0m = not found [0;33mblsKey[0m = 7075624b6579424c53343239343936373239353734 
[0;33mWARN [0m[2026-03-16 10:13:40.737]   rewardsCreatorV2.getTopUpForAllEligible  [0;33merror[0m = not found [0;33mblsKey[0m = 7075624b6579424c53343239343936373239353735 
[0;33mWARN [0m[2026-03-16 10:13:40.737]   rewardsCreatorV2.getTopUpForAllEligible  [0;33merror[0m = not found [0;33mblsKey[0m = 7075624b6579424c53343239343936373239353736 
[0;33mWARN [0m[2026-03-16 10:13:40.737]   rewardsCreatorV2.getTopUpForAllEligible  [0;33merror[0m = not found [0;33mblsKey[0m = 7075624b6579424c53343239343936373239353737 
[0;33mWARN [0m[2026-03-16 10:13:40.737]   rewardsCreatorV2.getTopUpForAllEligible  [0;33merror[0m = not found [0;33mblsKey[0m = 7075624b6579424c53343239343936373239353738 
[0;33mWARN [0m[2026-03-16 10:13:40.737]   rewardsCreatorV2.getTopUpForAllEligible  [0;33merror[0m = not found [0;33mblsKey[0m = 7075624b6579424c53343239343936373239353739 
[0;33mWARN [0m[2026-03-16 10:13:40.737]   rewardsCreatorV2.getTopUpForAllEligible  [0;33merror[0m = not found [0;33mblsKey[0m = 7075624b6579424c53343239343936373239353830 
[0;33mWARN [0m[2026-03-16 10:13:40.737]   rewardsCreatorV2.getTopUpForAllEligible  [0;33merror[0m = not found [0;33mblsKey[0m = 7075624b6579424c53343239343936373239353831 
[0;33mWARN [0m[2026-03-16 10:13:40.737]   rewardsCreatorV2.getTopUpForAllEligible  [0;33merror[0m = not found [0;33mblsKey[0m = 7075624b6579424c53343239343936373239353832 
[0;33mWARN [0m[2026-03-16 10:13:40.737]   rewardsCreatorV2.getTopUpForAllEligible  [0;33merror[0m = not found [0;33mblsKey[0m = 7075624b6579424c53343239343936373239353833 
[0;33mWARN [0m[2026-03-16 10:13:40.737]   rewardsCreatorV2.getTopUpForAllEligible  [0;33merror[0m = not found [0;33mblsKey[0m = 7075624b6579424c53343239343936373239353834 
[0;33mWARN [0m[2026-03-16 10:13:40.737]   rewardsCreatorV2.getTopUpForAllEligible  [0;33merror[0m = not found [0;33mblsKey[0m = 7075624b6579424c53343239343936373239353835 
[0;33mWARN [0m[2026-03-16 10:13:40.737]   rewardsCreatorV2.getTopUpForAllEligible  [0;33merror[0m = not found [0;33mblsKey[0m = 7075624b6579424c53343239343936373239353836 
[0;33mWARN [0m[2026-03-16 10:13:40.737]   rewardsCreatorV2.getTopUpForAllEligible  [0;33merror[0m = not found [0;33mblsKey[0m = 7075624b6579424c53343239343936373239353837 
[0;33mWARN [0m[2026-03-16 10:13:40.737]   rewardsCreatorV2.getTopUpForAllEligible  [0;33merror[0m = not found [0;33mblsKey[0m = 7075624b6579424c53343239343936373239353838 
[0;33mWARN [0m[2026-03-16 10:13:40.737]   rewardsCreatorV2.getTopUpForAllEligible  [0;33merror[0m = not found [0;33mblsKey[0m = 7075624b6579424c53343239343936373239353839 
[0;33mWARN [0m[2026-03-16 10:13:40.737]   rewardsCreatorV2.getTopUpForAllEligible  [0;33merror[0m = not found [0;33mblsKey[0m = 7075624b6579424c53343239343936373239353930 
[0;33mWARN [0m[2026-03-16 10:13:40.737]   rewardsCreatorV2.getTopUpForAllEligible  [0;33merror[0m = not found [0;33mblsKey[0m = 7075624b6579424c53343239343936373239353931 
[0;33mWARN [0m[2026-03-16 10:13:40.737]   rewardsCreatorV2.getTopUpForAllEligible  [0;33merror[0m = not found [0;33mblsKey[0m = 7075624b6579424c53343239343936373239353932 
[0;33mWARN [0m[2026-03-16 10:13:40.737]   rewardsCreatorV2.getTopUpForAllEligible  [0;33merror[0m = not found [0;33mblsKey[0m = 7075624b6579424c53343239343936373239353933 
[0;33mWARN [0m[2026-03-16 10:13:40.737]   rewardsCreatorV2.getTopUpForAllEligible  [0;33merror[0m = not found [0;33mblsKey[0m = 7075624b6579424c53343239343936373239353934 
[0;33mWARN [0m[2026-03-16 10:13:40.737]   rewardsCreatorV2.getTopUpForAllEligible  [0;33merror[0m = not found [0;33mblsKey[0m = 7075624b6579424c53343239343936373239353935 
[0;33mWARN [0m[2026-03-16 10:13:40.737]   rewardsCreatorV2.getTopUpForAllEligible  [0;33merror[0m = not found [0;33mblsKey[0m = 7075624b6579424c53343239343936373239353936 
[0;33mWARN [0m[2026-03-16 10:13:40.737]   rewardsCreatorV2.getTopUpForAllEligible  [0;33merror[0m = not found [0;33mblsKey[0m = 7075624b6579424c53343239343936373239353937 
[0;33mWARN [0m[2026-03-16 10:13:40.737]   rewardsCreatorV2.getTopUpForAllEligible  [0;33merror[0m = not found [0;33mblsKey[0m = 7075624b6579424c53343239343936373239353938 
[0;33mWARN [0m[2026-03-16 10:13:40.737]   rewardsCreatorV2.getTopUpForAllEligible  [0;33merror[0m = not found [0;33mblsKey[0m = 7075624b6579424c53343239343936373239353939 
[0;33mWARN [0m[2026-03-16 10:13:40.737]   rewardsCreatorV2.getTopUpForAllEligible  [0;33merror[0m = not found [0;33mblsKey[0m = 7075624b6579424c5334323934393637323935313030 
[0;33mWARN [0m[2026-03-16 10:13:40.737]   rewardsCreatorV2.getTopUpForAllEligible  [0;33merror[0m = not found [0;33mblsKey[0m = 7075624b6579424c5334323934393637323935313031 
[0;33mWARN [0m[2026-03-16 10:13:40.737]   rewardsCreatorV2.getTopUpForAllEligible  [0;33merror[0m = not found [0;33mblsKey[0m = 7075624b6579424c5334323934393637323935313032 
[0;33mWARN [0m[2026-03-16 10:13:40.737]   rewardsCreatorV2.getTopUpForAllEligible  [0;33merror[0m = not found [0;33mblsKey[0m = 7075624b6579424c5334323934393637323935313033 
[0;33mWARN [0m[2026-03-16 10:13:40.737]   rewardsCreatorV2.getTopUpForAllEligible  [0;33merror[0m = not found [0;33mblsKey[0m = 7075624b6579424c5334323934393637323935313034 
[0;33mWARN [0m[2026-03-16 10:13:40.737]   rewardsCreatorV2.getTopUpForAllEligible  [0;33merror[0m = not found [0;33mblsKey[0m = 7075624b6579424c5334323934393637323935313035 
[0;33mWARN [0m[2026-03-16 10:13:40.737]   rewardsCreatorV2.getTopUpForAllEligible  [0;33merror[0m = not found [0;33mblsKey[0m = 7075624b6579424c5334323934393637323935313036 
[0;33mWARN [0m[2026-03-16 10:13:40.737]   rewardsCreatorV2.getTopUpForAllEligible  [0;33merror[0m = not found [0;33mblsKey[0m = 7075624b6579424c5334323934393637323935313037 
[0;33mWARN [0m[2026-03-16 10:13:40.737]   rewardsCreatorV2.getTopUpForAllEligible  [0;33merror[0m = not found [0;33mblsKey[0m = 7075624b6579424c5334323934393637323935313038 
[0;33mWARN [0m[2026-03-16 10:13:40.737]   rewardsCreatorV2.getTopUpForAllEligible  [0;33merror[0m = not found [0;33mblsKey[0m = 7075624b6579424c5334323934393637323935313039 
[0;33mWARN [0m[2026-03-16 10:13:40.737]   rewardsCreatorV2.getTopUpForAllEligible  [0;33merror[0m = not found [0;33mblsKey[0m = 7075624b6579424c5334323934393637323935313130 
[0;33mWARN [0m[2026-03-16 10:13:40.737]   rewardsCreatorV2.getTopUpForAllEligible  [0;33merror[0m = not found [0;33mblsKey[0m = 7075624b6579424c5334323934393637323935313131 
[0;33mWARN [0m[2026-03-16 10:13:40.737]   rewardsCreatorV2.getTopUpForAllEligible  [0;33merror[0m = not found [0;33mblsKey[0m = 7075624b6579424c5334323934393637323935313132 
[0;33mWARN [0m[2026-03-16 10:13:40.737]   rewardsCreatorV2.getTopUpForAllEligible  [0;33merror[0m = not found [0;33mblsKey[0m = 7075624b6579424c5334323934393637323935313133 
[0;33mWARN [0m[2026-03-16 10:13:40.737]   rewardsCreatorV2.getTopUpForAllEligible  [0;33merror[0m = not found [0;33mblsKey[0m = 7075624b6579424c5334323934393637323935313134 
[0;33mWARN [0m[2026-03-16 10:13:40.737]   rewardsCreatorV2.getTopUpForAllEligible  [0;33merror[0m = not found [0;33mblsKey[0m = 7075624b6579424c5334323934393637323935313135 
[0;33mWARN [0m[2026-03-16 10:13:40.737]   rewardsCreatorV2.getTopUpForAllEligible  [0;33merror[0m = not found [0;33mblsKey[0m = 7075624b6579424c5334323934393637323935313136 
[0;33mWARN [0m[2026-03-16 10:13:40.737]   rewardsCreatorV2.getTopUpForAllEligible  [0;33merror[0m = not found [0;33mblsKey[0m = 7075624b6579424c5334323934393637323935313137 
[0;33mWARN [0m[2026-03-16 10:13:40.737]   rewardsCreatorV2.getTopUpForAllEligible  [0;33merror[0m = not found [0;33mblsKey[0m = 7075624b6579424c5334323934393637323935313138 
[0;33mWARN [0m[2026-03-16 10:13:40.737]   rewardsCreatorV2.getTopUpForAllEligible  [0;33merror[0m = not found [0;33mblsKey[0m = 7075624b6579424c5334323934393637323935313139 
[0;33mWARN [0m[2026-03-16 10:13:40.737]   rewardsCreatorV2.getTopUpForAllEligible  [0;33merror[0m = not found [0;33mblsKey[0m = 7075624b6579424c5334323934393637323935313230 
[0;33mWARN [0m[2026-03-16 10:13:40.737]   rewardsCreatorV2.getTopUpForAllEligible  [0;33merror[0m = not found [0;33mblsKey[0m = 7075624b6579424c5334323934393637323935313231 
[0;33mWARN [0m[2026-03-16 10:13:40.737]   rewardsCreatorV2.getTopUpForAllEligible  [0;33merror[0m = not found [0;33mblsKey[0m = 7075624b6579424c5334323934393637323935313232 
[0;33mWARN [0m[2026-03-16 10:13:40.737]   rewardsCreatorV2.getTopUpForAllEligible  [0;33merror[0m = not found [0;33mblsKey[0m = 7075624b6579424c5334323934393637323935313233 
[0;33mWARN [0m[2026-03-16 10:13:40.737]   rewardsCreatorV2.getTopUpForAllEligible  [0;33merror[0m = not found [0;33mblsKey[0m = 7075624b6579424c5334323934393637323935313234 
[0;33mWARN [0m[2026-03-16 10:13:40.738]   computeValidatorInfoPerRewardAddress negative rewards [0;33mestimatedLeaderFees[0m = 0 [0;33mdistributedLeaderFees[0m = 120000 [0;33mdust[0m = -120000 
=== CONT  TestNewRewardsCreatorV2_computeTopUpRewardsPerShard
--- PASS: TestNewRewardsCreatorV2_computeTopUpRewards (0.00s)
--- PASS: TestNewRewardsCreatorV2_computeBaseRewardsPerNode (0.01s)
=== CONT  TestNewRewardsCreatorV35_computeAverageRewardsPer3200Nodes
=== RUN   TestNewRewardsCreatorV35_computeAverageRewardsPer3200Nodes/#00
--- PASS: TestNewRewardsCreatorV2_computeTopUpRewardsZeroTopup (0.00s)
=== CONT  TestValidatorInfoCreator_sortValidators/legacy_sort_should_not_change_order
=== CONT  TestValidatorInfoCreator_sortValidators/deterministic_sort_should_change_order_taking_into_consideration_all_fields
[0;33mWARN [0m[2026-03-16 10:13:40.739]   found 2 entries in validatorInfoCreator.deterministicSortValidators with the same public key [0;33mvalidator a[0m = &state.ValidatorInfo{PublicKey: []byte{0x70, 0x75, 0x62, 0x6b, 0x65, 0x79},
ShardId: 0x1,
List: "a",
Index: 0x2,
TempRating: 0x3,
Rating: 0x4,
RatingModifier: 5,
RewardAddress: []byte{0x72, 0x65, 0x77, 0x61, 0x72, 0x64, 0x20, 0x61, 0x64, 0x64, 0x72, 0x65, 0x73, 0x73},
LeaderSuccess: 0x6,
LeaderFailure: 0x7,
ValidatorSuccess: 0x8,
ValidatorFailure: 0x9,
ValidatorIgnoredSignatures: 0xa,
NumSelectedInSuccessBlocks: 0xb,
AccumulatedFees: 12,
TotalLeaderSuccess: 0xd,
TotalLeaderFailure: 0xe,
TotalValidatorSuccess: 0xf,
TotalValidatorFailure: 0x10,
TotalValidatorIgnoredSignatures: 0x11,
PreviousList: "",
PreviousIndex: 0x0,
} [0;33mvalidator b[0m = &state.ValidatorInfo{PublicKey: []byte{0x70, 0x75, 0x62, 0x6b, 0x65, 0x79},
ShardId: 0x1,
List: "b",
Index: 0x2,
TempRating: 0x3,
Rating: 0x4,
RatingModifier: 5,
RewardAddress: []byte{0x72, 0x65, 0x77, 0x61, 0x72, 0x64, 0x20, 0x61, 0x64, 0x64, 0x72, 0x65, 0x73, 0x73},
LeaderSuccess: 0x6,
LeaderFailure: 0x7,
ValidatorSuccess: 0x8,
ValidatorFailure: 0x9,
ValidatorIgnoredSignatures: 0xa,
NumSelectedInSuccessBlocks: 0xb,
AccumulatedFees: 12,
TotalLeaderSuccess: 0xd,
TotalLeaderFailure: 0xe,
TotalValidatorSuccess: 0xf,
TotalValidatorFailure: 0x10,
TotalValidatorIgnoredSignatures: 0x11,
PreviousList: "",
PreviousIndex: 0x0,
} [0;33mvalidator a pub key[0m = 7075626b6579 [0;33mvalidator b pub key[0m = 7075626b6579 
--- PASS: TestValidatorInfoCreator_sortValidators (0.00s)
    --- PASS: TestValidatorInfoCreator_sortValidators/legacy_sort_should_not_change_order (0.00s)
    --- PASS: TestValidatorInfoCreator_sortValidators/deterministic_sort_should_change_order_taking_into_consideration_all_fields (0.00s)
=== CONT  TestEpochValidatorInfoCreator_GetShardValidatorInfoShouldWork/get_shard_validator_info_before_refactor_peers_mini_block_activation_flag_is_set
=== CONT  TestEpochValidatorInfoCreator_GetShardValidatorInfoShouldWork/get_shard_validator_info_after_refactor_peers_mini_block_activation_flag_is_set
=== CONT  TestStakingDataProvider_FillValidatorInfo/should_work
--- PASS: TestEpochValidatorInfoCreator_GetShardValidatorInfoShouldWork (0.00s)
    --- PASS: TestEpochValidatorInfoCreator_GetShardValidatorInfoShouldWork/get_shard_validator_info_before_refactor_peers_mini_block_activation_flag_is_set (0.00s)
    --- PASS: TestEpochValidatorInfoCreator_GetShardValidatorInfoShouldWork/get_shard_validator_info_after_refactor_peers_mini_block_activation_flag_is_set (0.00s)
=== CONT  TestStakingDataProvider_FillValidatorInfo/concurrent_calls_should_work
[0;32mINFO [0m[2026-03-16 10:13:40.740]   2                                        
[0;32mINFO [0m[2026-03-16 10:13:40.740]   3                                        
[0;32mINFO [0m[2026-03-16 10:13:40.740]   4                                        
[0;32mINFO [0m[2026-03-16 10:13:40.740]   5                                        
[0;32mINFO [0m[2026-03-16 10:13:40.740]   6                                        
[0;32mINFO [0m[2026-03-16 10:13:40.740]   7                                        
[0;33mWARN [0m[2026-03-16 10:13:40.737]   rewardsCreatorV2.getTopUpForAllEligible  [0;33merror[0m = not found [0;33mblsKey[0m = 7075624b6579424c5334323934393637323935313235 
[0;33mWARN [0m[2026-03-16 10:13:40.740]   rewardsCreatorV2.getTopUpForAllEligible  [0;33merror[0m = not found [0;33mblsKey[0m = 7075624b6579424c5334323934393637323935313236 
[0;33mWARN [0m[2026-03-16 10:13:40.740]   rewardsCreatorV2.getTopUpForAllEligible  [0;33merror[0m = not found [0;33mblsKey[0m = 7075624b6579424c5334323934393637323935313237 
[0;33mWARN [0m[2026-03-16 10:13:40.740]   rewardsCreatorV2.getTopUpForAllEligible  [0;33merror[0m = not found [0;33mblsKey[0m = 7075624b6579424c5334323934393637323935313238 
[0;33mWARN [0m[2026-03-16 10:13:40.740]   rewardsCreatorV2.getTopUpForAllEligible  [0;33merror[0m = not found [0;33mblsKey[0m = 7075624b6579424c5334323934393637323935313239 
[0;33mWARN [0m[2026-03-16 10:13:40.740]   rewardsCreatorV2.getTopUpForAllEligible  [0;33merror[0m = not found [0;33mblsKey[0m = 7075624b6579424c5334323934393637323935313330 
[0;33mWARN [0m[2026-03-16 10:13:40.740]   rewardsCreatorV2.getTopUpForAllEligible  [0;33merror[0m = not found [0;33mblsKey[0m = 7075624b6579424c5334323934393637323935313331 
[0;33mWARN [0m[2026-03-16 10:13:40.740]   rewardsCreatorV2.getTopUpForAllEligible  [0;33merror[0m = not found [0;33mblsKey[0m = 7075624b6579424c5334323934393637323935313332 
[0;33mWARN [0m[2026-03-16 10:13:40.740]   rewardsCreatorV2.getTopUpForAllEligible  [0;33merror[0m = not found [0;33mblsKey[0m = 7075624b6579424c5334323934393637323935313333 
[0;33mWARN [0m[2026-03-16 10:13:40.740]   rewardsCreatorV2.getTopUpForAllEligible  [0;33merror[0m = not found [0;33mblsKey[0m = 7075624b6579424c5334323934393637323935313334 
[0;33mWARN [0m[2026-03-16 10:13:40.740]   rewardsCreatorV2.getTopUpForAllEligible  [0;33merror[0m = not found [0;33mblsKey[0m = 7075624b6579424c5334323934393637323935313335 
[0;33mWARN [0m[2026-03-16 10:13:40.740]   rewardsCreatorV2.getTopUpForAllEligible  [0;33merror[0m = not found [0;33mblsKey[0m = 7075624b6579424c5334323934393637323935313336 
[0;33mWARN [0m[2026-03-16 10:13:40.740]   rewardsCreatorV2.getTopUpForAllEligible  [0;33merror[0m = not found [0;33mblsKey[0m = 7075624b6579424c5334323934393637323935313337 
[0;33mWARN [0m[2026-03-16 10:13:40.740]   rewardsCreatorV2.getTopUpForAllEligible  [0;33merror[0m = not found [0;33mblsKey[0m = 7075624b6579424c5334323934393637323935313338 
[0;33mWARN [0m[2026-03-16 10:13:40.740]   rewardsCreatorV2.getTopUpForAllEligible  [0;33merror[0m = not found [0;33mblsKey[0m = 7075624b6579424c5334323934393637323935313339 
[0;33mWARN [0m[2026-03-16 10:13:40.740]   rewardsCreatorV2.getTopUpForAllEligible  [0;33merror[0m = not found [0;33mblsKey[0m = 7075624b6579424c5334323934393637323935313430 
[0;33mWARN [0m[2026-03-16 10:13:40.740]   rewardsCreatorV2.getTopUpForAllEligible  [0;33merror[0m = not found [0;33mblsKey[0m = 7075624b6579424c5334323934393637323935313431 
[0;33mWARN [0m[2026-03-16 10:13:40.740]   rewardsCreatorV2.getTopUpForAllEligible  [0;33merror[0m = not found [0;33mblsKey[0m = 7075624b6579424c5334323934393637323935313432 
[0;33mWARN [0m[2026-03-16 10:13:40.740]   rewardsCreatorV2.getTopUpForAllEligible  [0;33merror[0m = not found [0;33mblsKey[0m = 7075624b6579424c5334323934393637323935313433 
[0;33mWARN [0m[2026-03-16 10:13:40.740]   rewardsCreatorV2.getTopUpForAllEligible  [0;33merror[0m = not found [0;33mblsKey[0m = 7075624b6579424c5334323934393637323935313434 
[0;33mWARN [0m[2026-03-16 10:13:40.740]   rewardsCreatorV2.getTopUpForAllEligible  [0;33merror[0m = not found [0;33mblsKey[0m = 7075624b6579424c5334323934393637323935313435 
[0;33mWARN [0m[2026-03-16 10:13:40.740]   rewardsCreatorV2.getTopUpForAllEligible  [0;33merror[0m = not found [0;33mblsKey[0m = 7075624b6579424c5334323934393637323935313436 
[0;33mWARN [0m[2026-03-16 10:13:40.740]   rewardsCreatorV2.getTopUpForAllEligible  [0;33merror[0m = not found [0;33mblsKey[0m = 7075624b6579424c5334323934393637323935313437 
[0;33mWARN [0m[2026-03-16 10:13:40.740]   rewardsCreatorV2.getTopUpForAllEligible  [0;33merror[0m = not found [0;33mblsKey[0m = 7075624b6579424c5334323934393637323935313438 
[0;33mWARN [0m[2026-03-16 10:13:40.740]   rewardsCreatorV2.getTopUpForAllEligible  [0;33merror[0m = not found [0;33mblsKey[0m = 7075624b6579424c5334323934393637323935313439 
[0;33mWARN [0m[2026-03-16 10:13:40.740]   rewardsCreatorV2.getTopUpForAllEligible  [0;33merror[0m = not found [0;33mblsKey[0m = 7075624b6579424c5334323934393637323935313530 
[0;33mWARN [0m[2026-03-16 10:13:40.740]   rewardsCreatorV2.getTopUpForAllEligible  [0;33merror[0m = not found [0;33mblsKey[0m = 7075624b6579424c5334323934393637323935313531 
[0;33mWARN [0m[2026-03-16 10:13:40.740]   rewardsCreatorV2.getTopUpForAllEligible  [0;33merror[0m = not found [0;33mblsKey[0m = 7075624b6579424c5334323934393637323935313532 
[0;33mWARN [0m[2026-03-16 10:13:40.740]   rewardsCreatorV2.getTopUpForAllEligible  [0;33merror[0m = not found [0;33mblsKey[0m = 7075624b6579424c5334323934393637323935313533 
[0;33mWARN [0m[2026-03-16 10:13:40.740]   rewardsCreatorV2.getTopUpForAllEligible  [0;33merror[0m = not found [0;33mblsKey[0m = 7075624b6579424c5334323934393637323935313534 
[0;33mWARN [0m[2026-03-16 10:13:40.740]   rewardsCreatorV2.getTopUpForAllEligible  [0;33merror[0m = not found [0;33mblsKey[0m = 7075624b6579424c5334323934393637323935313535 
[0;33mWARN [0m[2026-03-16 10:13:40.740]   rewardsCreatorV2.getTopUpForAllEligible  [0;33merror[0m = not found [0;33mblsKey[0m = 7075624b6579424c5334323934393637323935313536 
[0;33mWARN [0m[2026-03-16 10:13:40.740]   rewardsCreatorV2.getTopUpForAllEligible  [0;33merror[0m = not found [0;33mblsKey[0m = 7075624b6579424c5334323934393637323935313537 
[0;33mWARN [0m[2026-03-16 10:13:40.740]   rewardsCreatorV2.getTopUpForAllEligible  [0;33merror[0m = not found [0;33mblsKey[0m = 7075624b6579424c5334323934393637323935313538 
[0;33mWARN [0m[2026-03-16 10:13:40.740]   rewardsCreatorV2.getTopUpForAllEligible  [0;33merror[0m = not found [0;33mblsKey[0m = 7075624b6579424c5334323934393637323935313539 
[0;33mWARN [0m[2026-03-16 10:13:40.740]   rewardsCreatorV2.getTopUpForAllEligible  [0;33merror[0m = not found [0;33mblsKey[0m = 7075624b6579424c5334323934393637323935313630 
[0;33mWARN [0m[2026-03-16 10:13:40.740]   rewardsCreatorV2.getTopUpForAllEligible  [0;33merror[0m = not found [0;33mblsKey[0m = 7075624b6579424c5334323934393637323935313631 
[0;33mWARN [0m[2026-03-16 10:13:40.740]   rewardsCreatorV2.getTopUpForAllEligible  [0;33merror[0m = not found [0;33mblsKey[0m = 7075624b6579424c5334323934393637323935313632 
[0;33mWARN [0m[2026-03-16 10:13:40.741]   rewardsCreatorV2.getTopUpForAllEligible  [0;33merror[0m = not found [0;33mblsKey[0m = 7075624b6579424c5334323934393637323935313633 
[0;33mWARN [0m[2026-03-16 10:13:40.741]   rewardsCreatorV2.getTopUpForAllEligible  [0;33merror[0m = not found [0;33mblsKey[0m = 7075624b6579424c5334323934393637323935313634 
[0;33mWARN [0m[2026-03-16 10:13:40.741]   rewardsCreatorV2.getTopUpForAllEligible  [0;33merror[0m = not found [0;33mblsKey[0m = 7075624b6579424c5334323934393637323935313635 
[0;33mWARN [0m[2026-03-16 10:13:40.741]   rewardsCreatorV2.getTopUpForAllEligible  [0;33merror[0m = not found [0;33mblsKey[0m = 7075624b6579424c5334323934393637323935313636 
[0;33mWARN [0m[2026-03-16 10:13:40.741]   rewardsCreatorV2.getTopUpForAllEligible  [0;33merror[0m = not found [0;33mblsKey[0m = 7075624b6579424c5334323934393637323935313637 
[0;33mWARN [0m[2026-03-16 10:13:40.741]   rewardsCreatorV2.getTopUpForAllEligible  [0;33merror[0m = not found [0;33mblsKey[0m = 7075624b6579424c5334323934393637323935313638 
[0;33mWARN [0m[2026-03-16 10:13:40.741]   rewardsCreatorV2.getTopUpForAllEligible  [0;33merror[0m = not found [0;33mblsKey[0m = 7075624b6579424c5334323934393637323935313639 
[0;33mWARN [0m[2026-03-16 10:13:40.741]   rewardsCreatorV2.getTopUpForAllEligible  [0;33merror[0m = not found [0;33mblsKey[0m = 7075624b6579424c5334323934393637323935313730 
[0;33mWARN [0m[2026-03-16 10:13:40.741]   rewardsCreatorV2.getTopUpForAllEligible  [0;33merror[0m = not found [0;33mblsKey[0m = 7075624b6579424c5334323934393637323935313731 
[0;33mWARN [0m[2026-03-16 10:13:40.741]   rewardsCreatorV2.getTopUpForAllEligible  [0;33merror[0m = not found [0;33mblsKey[0m = 7075624b6579424c5334323934393637323935313732 
[0;33mWARN [0m[2026-03-16 10:13:40.741]   rewardsCreatorV2.getTopUpForAllEligible  [0;33merror[0m = not found [0;33mblsKey[0m = 7075624b6579424c5334323934393637323935313733 
[0;33mWARN [0m[2026-03-16 10:13:40.741]   rewardsCreatorV2.getTopUpForAllEligible  [0;33merror[0m = not found [0;33mblsKey[0m = 7075624b6579424c5334323934393637323935313734 
[0;33mWARN [0m[2026-03-16 10:13:40.741]   rewardsCreatorV2.getTopUpForAllEligible  [0;33merror[0m = not found [0;33mblsKey[0m = 7075624b6579424c5334323934393637323935313735 
[0;33mWARN [0m[2026-03-16 10:13:40.741]   rewardsCreatorV2.getTopUpForAllEligible  [0;33merror[0m = not found [0;33mblsKey[0m = 7075624b6579424c5334323934393637323935313736 
[0;33mWARN [0m[2026-03-16 10:13:40.741]   rewardsCreatorV2.getTopUpForAllEligible  [0;33merror[0m = not found [0;33mblsKey[0m = 7075624b6579424c5334323934393637323935313737 
[0;33mWARN [0m[2026-03-16 10:13:40.741]   rewardsCreatorV2.getTopUpForAllEligible  [0;33merror[0m = not found [0;33mblsKey[0m = 7075624b6579424c5334323934393637323935313738 
[0;33mWARN [0m[2026-03-16 10:13:40.741]   rewardsCreatorV2.getTopUpForAllEligible  [0;33merror[0m = not found [0;33mblsKey[0m = 7075624b6579424c5334323934393637323935313739 
[0;33mWARN [0m[2026-03-16 10:13:40.741]   rewardsCreatorV2.getTopUpForAllEligible  [0;33merror[0m = not found [0;33mblsKey[0m = 7075624b6579424c5334323934393637323935313830 
[0;33mWARN [0m[2026-03-16 10:13:40.741]   rewardsCreatorV2.getTopUpForAllEligible  [0;33merror[0m = not found [0;33mblsKey[0m = 7075624b6579424c5334323934393637323935313831 
[0;33mWARN [0m[2026-03-16 10:13:40.741]   rewardsCreatorV2.getTopUpForAllEligible  [0;33merror[0m = not found [0;33mblsKey[0m = 7075624b6579424c5334323934393637323935313832 
[0;33mWARN [0m[2026-03-16 10:13:40.741]   rewardsCreatorV2.getTopUpForAllEligible  [0;33merror[0m = not found [0;33mblsKey[0m = 7075624b6579424c5334323934393637323935313833 
[0;33mWARN [0m[2026-03-16 10:13:40.741]   rewardsCreatorV2.getTopUpForAllEligible  [0;33merror[0m = not found [0;33mblsKey[0m = 7075624b6579424c5334323934393637323935313834 
[0;33mWARN [0m[2026-03-16 10:13:40.741]   rewardsCreatorV2.getTopUpForAllEligible  [0;33merror[0m = not found [0;33mblsKey[0m = 7075624b6579424c5334323934393637323935313835 
[0;33mWARN [0m[2026-03-16 10:13:40.741]   rewardsCreatorV2.getTopUpForAllEligible  [0;33merror[0m = not found [0;33mblsKey[0m = 7075624b6579424c5334323934393637323935313836 
[0;33mWARN [0m[2026-03-16 10:13:40.741]   rewardsCreatorV2.getTopUpForAllEligible  [0;33merror[0m = not found [0;33mblsKey[0m = 7075624b6579424c5334323934393637323935313837 
[0;33mWARN [0m[2026-03-16 10:13:40.741]   rewardsCreatorV2.getTopUpForAllEligible  [0;33merror[0m = not found [0;33mblsKey[0m = 7075624b6579424c5334323934393637323935313838 
[0;32mINFO [0m[2026-03-16 10:13:40.741]   7                                        
[0;32mINFO [0m[2026-03-16 10:13:40.741]   7                                        
[0;32mINFO [0m[2026-03-16 10:13:40.741]   7                                        
[0;32mINFO [0m[2026-03-16 10:13:40.741]   7                                        
[0;32mINFO [0m[2026-03-16 10:13:40.741]   7                                        
[0;32mINFO [0m[2026-03-16 10:13:40.741]   7                                        
[0;32mINFO [0m[2026-03-16 10:13:40.741]   7                                        
[0;32mINFO [0m[2026-03-16 10:13:40.741]   7                                        
[0;32mINFO [0m[2026-03-16 10:13:40.741]   7                                        
[0;32mINFO [0m[2026-03-16 10:13:40.741]   7                                        
[0;32mINFO [0m[2026-03-16 10:13:40.741]   7                                        
[0;32mINFO [0m[2026-03-16 10:13:40.741]   7                                        
[0;32mINFO [0m[2026-03-16 10:13:40.741]   7                                        
[0;32mINFO [0m[2026-03-16 10:13:40.742]   7                                        
[0;32mINFO [0m[2026-03-16 10:13:40.742]   7                                        
[0;32mINFO [0m[2026-03-16 10:13:40.742]   7                                        
[0;32mINFO [0m[2026-03-16 10:13:40.742]   7                                        
[0;32mINFO [0m[2026-03-16 10:13:40.742]   7                                        
[0;32mINFO [0m[2026-03-16 10:13:40.742]   7                                        
[0;32mINFO [0m[2026-03-16 10:13:40.742]   7                                        
[0;32mINFO [0m[2026-03-16 10:13:40.742]   7                                        
[0;32mINFO [0m[2026-03-16 10:13:40.742]   7                                        
[0;32mINFO [0m[2026-03-16 10:13:40.742]   7                                        
[0;32mINFO [0m[2026-03-16 10:13:40.742]   7                                        
[0;32mINFO [0m[2026-03-16 10:13:40.742]   7                                        
[0;32mINFO [0m[2026-03-16 10:13:40.742]   7                                        
[0;32mINFO [0m[2026-03-16 10:13:40.742]   7                                        
[0;32mINFO [0m[2026-03-16 10:13:40.742]   7                                        
[0;32mINFO [0m[2026-03-16 10:13:40.742]   7                                        
[0;32mINFO [0m[2026-03-16 10:13:40.742]   7                                        
[0;32mINFO [0m[2026-03-16 10:13:40.742]   7                                        
[0;32mINFO [0m[2026-03-16 10:13:40.742]   7                                        
[0;32mINFO [0m[2026-03-16 10:13:40.742]   7                                        
[0;32mINFO [0m[2026-03-16 10:13:40.742]   7                                        
[0;32mINFO [0m[2026-03-16 10:13:40.742]   7                                        
[0;32mINFO [0m[2026-03-16 10:13:40.742]   7                                        
[0;32mINFO [0m[2026-03-16 10:13:40.742]   7                                        
[0;32mINFO [0m[2026-03-16 10:13:40.742]   7                                        
[0;32mINFO [0m[2026-03-16 10:13:40.742]   7                                        
[0;32mINFO [0m[2026-03-16 10:13:40.742]   7                                        
[0;32mINFO [0m[2026-03-16 10:13:40.742]   7                                        
[0;32mINFO [0m[2026-03-16 10:13:40.742]   7                                        
[0;32mINFO [0m[2026-03-16 10:13:40.742]   7                                        
[0;32mINFO [0m[2026-03-16 10:13:40.742]   7                                        
[0;32mINFO [0m[2026-03-16 10:13:40.742]   rewards to be distributed                [0;32mtotalStakeEligible[0m = 0 [0;32mtotalTopUpEligible[0m = 14406000000000000000000 [0;32mbaseRewards[0m = 4996178719188080911872 [0;32mtopUpRewards[0m = 3821280811919088128 
--- PASS: TestStakingDataProvider_FillValidatorInfo (0.00s)
    --- PASS: TestStakingDataProvider_FillValidatorInfo/should_work (0.00s)
    --- PASS: TestStakingDataProvider_FillValidatorInfo/concurrent_calls_should_work (0.00s)
=== CONT  TestSelectKeysToUnStake/no_validator_removed
=== CONT  TestSelectKeysToUnStake/overflow_from_eligible
=== CONT  TestSelectKeysToUnStake/no_overflow
=== CONT  TestSelectKeysToUnStake/overflow_from_waiting
--- PASS: TestSelectKeysToUnStake (0.00s)
    --- PASS: TestSelectKeysToUnStake/no_validator_removed (0.00s)
    --- PASS: TestSelectKeysToUnStake/overflow_from_eligible (0.00s)
    --- PASS: TestSelectKeysToUnStake/no_overflow (0.00s)
    --- PASS: TestSelectKeysToUnStake/overflow_from_waiting (0.00s)
=== CONT  TestEpochValidatorInfoCreator_CreateMarshalledData/CreateMarshalledData_should_return_nil_before_refactor_peers_mini_block_activation_flag_is_set
=== CONT  TestEpochValidatorInfoCreator_GetShardValidatorInfoData/get_shard_validator_info_data_before_refactor_peers_mini_block_activation_flag_is_set
=== CONT  TestEpochValidatorInfoCreator_CreateMarshalledData/CreateMarshalledData_should_work
=== CONT  TestEpochValidatorInfoCreator_CreateMarshalledData/CreateMarshalledData_should_return_empty_slice_when_tx_hash_does_not_exist_in_validator_info_cacher
[0;31mERROR[0m[2026-03-16 10:13:40.742]   validatorInfoCreator.getMarshalledValidatorInfoTxs.GetValidatorInfo [0;31mhash[0m = 61 [0;31merror[0m = error 
[0;31mERROR[0m[2026-03-16 10:13:40.742]   validatorInfoCreator.getMarshalledValidatorInfoTxs.GetValidatorInfo [0;31mhash[0m = 62 [0;31merror[0m = error 
[0;31mERROR[0m[2026-03-16 10:13:40.742]   validatorInfoCreator.getMarshalledValidatorInfoTxs.GetValidatorInfo [0;31mhash[0m = 63 [0;31merror[0m = error 
=== CONT  TestEpochValidatorInfoCreator_CreateMarshalledData/CreateMarshalledData_should_return_empty_slice_when_sender_or_receiver_do_not_match
=== CONT  TestEpochValidatorInfoCreator_CreateMarshalledData/CreateMarshalledData_should_return_empty_slice_when_there_is_no_peer_mini_block_in_body
=== CONT  TestEpochValidatorInfoCreator_CreateMarshalledData/CreateMarshalledData_should_return_nil_body_is_nil
--- PASS: TestEpochValidatorInfoCreator_CreateMarshalledData (0.00s)
    --- PASS: TestEpochValidatorInfoCreator_CreateMarshalledData/CreateMarshalledData_should_return_nil_before_refactor_peers_mini_block_activation_flag_is_set (0.00s)
    --- PASS: TestEpochValidatorInfoCreator_CreateMarshalledData/CreateMarshalledData_should_work (0.00s)
    --- PASS: TestEpochValidatorInfoCreator_CreateMarshalledData/CreateMarshalledData_should_return_empty_slice_when_tx_hash_does_not_exist_in_validator_info_cacher (0.00s)
    --- PASS: TestEpochValidatorInfoCreator_CreateMarshalledData/CreateMarshalledData_should_return_empty_slice_when_sender_or_receiver_do_not_match (0.00s)
    --- PASS: TestEpochValidatorInfoCreator_CreateMarshalledData/CreateMarshalledData_should_return_empty_slice_when_there_is_no_peer_mini_block_in_body (0.00s)
    --- PASS: TestEpochValidatorInfoCreator_CreateMarshalledData/CreateMarshalledData_should_return_nil_body_is_nil (0.00s)
=== CONT  TestEpochValidatorInfoCreator_GetShardValidatorInfoData/get_shard_validator_info_data_after_refactor_peers_mini_block_activation_flag_is_set
--- PASS: TestEpochValidatorInfoCreator_GetShardValidatorInfoData (0.00s)
    --- PASS: TestEpochValidatorInfoCreator_GetShardValidatorInfoData/get_shard_validator_info_data_before_refactor_peers_mini_block_activation_flag_is_set (0.00s)
    --- PASS: TestEpochValidatorInfoCreator_GetShardValidatorInfoData/get_shard_validator_info_data_after_refactor_peers_mini_block_activation_flag_is_set (0.00s)
=== CONT  TestCheckAndFillOwnerValidatorAuctionData/validator_not_in_auction,_expect_no_error,_no_owner_data_update
=== CONT  TestCheckAndFillOwnerValidatorAuctionData/validator_in_auction,_staking_v4_not_enabled_yet,_expect_error
=== CONT  TestCheckAndFillOwnerValidatorAuctionData/should_update_owner's_data
=== CONT  TestCheckAndFillOwnerValidatorAuctionData/validator_in_auction,_but_no_staked_node,_expect_error
--- PASS: TestCheckAndFillOwnerValidatorAuctionData (0.00s)
    --- PASS: TestCheckAndFillOwnerValidatorAuctionData/validator_not_in_auction,_expect_no_error,_no_owner_data_update (0.00s)
    --- PASS: TestCheckAndFillOwnerValidatorAuctionData/validator_in_auction,_staking_v4_not_enabled_yet,_expect_error (0.00s)
    --- PASS: TestCheckAndFillOwnerValidatorAuctionData/should_update_owner's_data (0.00s)
    --- PASS: TestCheckAndFillOwnerValidatorAuctionData/validator_in_auction,_but_no_staked_node,_expect_error (0.00s)
=== CONT  TestCalcNormalizedRandomness/randomness_longer_than_expected_len
=== CONT  TestCalcNormalizedRandomness/expected_len_is_zero
=== CONT  TestCalcNormalizedRandomness/randomness_length_less_than_expected_len
=== CONT  TestCalcNormalizedRandomness/randomness_length_equal_to_expected_len
--- PASS: TestCalcNormalizedRandomness (0.00s)
    --- PASS: TestCalcNormalizedRandomness/randomness_longer_than_expected_len (0.00s)
    --- PASS: TestCalcNormalizedRandomness/expected_len_is_zero (0.00s)
    --- PASS: TestCalcNormalizedRandomness/randomness_length_less_than_expected_len (0.00s)
    --- PASS: TestCalcNormalizedRandomness/randomness_length_equal_to_expected_len (0.00s)
=== CONT  TestAuctionListSelector_SelectNodesFromAuction/nil_randomness,_expect_error
=== CONT  TestAuctionListSelector_SelectNodesFromAuction/one_eligible_+_one_auction,_max_num_nodes_=_1,_number_of_nodes_after_shuffling_=_0,_expect_node_in_auction_is_selected
--- PASS: TestNewRewardsCreatorV2_computeTopUpRewardsPerShard (0.01s)
=== CONT  TestAuctionListSelector_SelectNodesFromAuction/two_available_slots_for_auction_nodes,_but_only_one_node_in_auction
[0;32mINFO [0m[2026-03-16 10:13:40.744]   auctionListSelector.SelectNodesFromAuctionList [0;32mmax nodes[0m = 2 [0;32mcurrent number of validators[0m = 0 [0;32mnum of nodes which will be shuffled out[0m = 0 [0;32mnum forced to stay[0m = 0 [0;32mnum of validators after shuffling with forced to stay[0m = 0 [0;32mauction list size[0m = 1 [0;32mavailable slots (2 - 0)[0m = 2 
=== CONT  TestAuctionListSelector_SelectNodesFromAuction/not_enough_available_slots_to_select_auction_nodes
[0;32mINFO [0m[2026-03-16 10:13:40.745]   auctionListSelector.SelectNodesFromAuctionList: <nil> or zero value when trying to compute availableSlots = 1 - 1 (maxNodes - numOfValidatorsAfterShuffling+numForcedToStay); skip selecting nodes from auction list 
=== CONT  TestAuctionListSelector_SelectNodesFromAuction/empty_auction_list
[0;32mINFO [0m[2026-03-16 10:13:40.746]   auctionListSelector.SelectNodesFromAuctionList: empty auction list; skip selection 
=== CONT  TestNewAuctionListSelector/nil_shard_coordinator
=== CONT  TestAuctionListSelector_calcSoftAuctionNodesConfigEdgeCases/two_validators,_both_have_zero_top_up
=== CONT  TestNewAuctionListSelector/should_work
=== CONT  TestAuctionListSelector_calcSoftAuctionNodesConfigEdgeCases/one_validator_with_zero_top_up,_one_with_min_top_up,_one_with_top_up
--- PASS: TestAuctionListSelector_calcSoftAuctionNodesConfigEdgeCases (0.00s)
    --- PASS: TestAuctionListSelector_calcSoftAuctionNodesConfigEdgeCases/two_validators,_both_have_same_top_up (0.00s)
    --- PASS: TestAuctionListSelector_calcSoftAuctionNodesConfigEdgeCases/two_validators,_top_up_difference_less_than_step (0.00s)
    --- PASS: TestAuctionListSelector_calcSoftAuctionNodesConfigEdgeCases/three_validators,_top_up_difference_equal_to_step (0.00s)
    --- PASS: TestAuctionListSelector_calcSoftAuctionNodesConfigEdgeCases/large_top_up_difference,_would_qualify_more_nodes_than_an_owner_has,_expect_correct_computation (0.00s)
    --- PASS: TestAuctionListSelector_calcSoftAuctionNodesConfigEdgeCases/two_validators,_both_have_zero_top_up (0.00s)
    --- PASS: TestAuctionListSelector_calcSoftAuctionNodesConfigEdgeCases/one_validator_with_zero_top_up,_one_with_min_top_up,_one_with_top_up (0.00s)
=== CONT  TestNewAuctionListSelector/nil_auction_list_displayer
=== CONT  TestNewAuctionListSelector/invalid_soft_auction_config
=== CONT  TestGetAuctionConfig/invalid_step
=== CONT  TestNewAuctionListSelector/nil_max_nodes_change_config_provider
=== CONT  TestNewAuctionListSelector/nil_staking_data_provider
--- PASS: TestNewAuctionListSelector (0.00s)
    --- PASS: TestNewAuctionListSelector/nil_shard_coordinator (0.00s)
    --- PASS: TestNewAuctionListSelector/should_work (0.00s)
    --- PASS: TestNewAuctionListSelector/nil_auction_list_displayer (0.00s)
    --- PASS: TestNewAuctionListSelector/invalid_soft_auction_config (0.00s)
    --- PASS: TestNewAuctionListSelector/nil_max_nodes_change_config_provider (0.00s)
    --- PASS: TestNewAuctionListSelector/nil_staking_data_provider (0.00s)
=== CONT  TestGetAuctionConfig/min_top_up_>_max_top_up
=== CONT  TestGetAuctionConfig/zero_max_number_of_iterations
=== CONT  TestGetAuctionConfig/invalid_denomination
=== CONT  TestGetAuctionConfig/invalid_max_top_up
=== CONT  TestGetAuctionConfig/invalid_min_top_up
=== CONT  TestGetAuctionConfig/should_work
=== CONT  TestGetAuctionConfig/step_<_denominator
=== CONT  TestGetAuctionConfig/min_top_up_<_denominator
--- PASS: TestGetAuctionConfig (0.00s)
    --- PASS: TestGetAuctionConfig/invalid_step (0.00s)
    --- PASS: TestGetAuctionConfig/min_top_up_>_max_top_up (0.00s)
    --- PASS: TestGetAuctionConfig/zero_max_number_of_iterations (0.00s)
    --- PASS: TestGetAuctionConfig/invalid_denomination (0.00s)
    --- PASS: TestGetAuctionConfig/invalid_max_top_up (0.00s)
    --- PASS: TestGetAuctionConfig/invalid_min_top_up (0.00s)
    --- PASS: TestGetAuctionConfig/should_work (0.00s)
    --- PASS: TestGetAuctionConfig/step_<_denominator (0.00s)
    --- PASS: TestGetAuctionConfig/min_top_up_<_denominator (0.00s)
=== CONT  TestSystemSCProcessor_ProcessSystemSmartContractNilInputValues/nil_validators_info_map,_expect_error
=== CONT  TestSystemSCProcessor_ProcessSystemSmartContractNilInputValues/nil_header,_expect_error
--- PASS: TestSystemSCProcessor_ProcessSystemSmartContractNilInputValues (0.00s)
    --- PASS: TestSystemSCProcessor_ProcessSystemSmartContractNilInputValues/nil_validators_info_map,_expect_error (0.00s)
    --- PASS: TestSystemSCProcessor_ProcessSystemSmartContractNilInputValues/nil_header,_expect_error (0.00s)
[0;33mWARN [0m[2026-03-16 10:13:40.748]   auctionListSelector.SelectNodesFromAuctionList: uint32 subtraction overflowed when trying to compute numOfValidatorsAfterShuffling = 1 - 4 (currNumOfValidators - numOfShuffledNodes) 
[0;32mINFO [0m[2026-03-16 10:13:40.748]   auctionListSelector.SelectNodesFromAuctionList [0;32mmax nodes[0m = 1 [0;32mcurrent number of validators[0m = 1 [0;32mnum of nodes which will be shuffled out[0m = 4 [0;32mnum forced to stay[0m = 0 [0;32mnum of validators after shuffling with forced to stay[0m = 0 [0;32mauction list size[0m = 1 [0;32mavailable slots (1 - 0)[0m = 1 
--- PASS: TestAuctionListSelector_SelectNodesFromAuction (0.00s)
    --- PASS: TestAuctionListSelector_SelectNodesFromAuction/nil_randomness,_expect_error (0.00s)
    --- PASS: TestAuctionListSelector_SelectNodesFromAuction/two_available_slots_for_auction_nodes,_but_only_one_node_in_auction (0.00s)
    --- PASS: TestAuctionListSelector_SelectNodesFromAuction/not_enough_available_slots_to_select_auction_nodes (0.00s)
    --- PASS: TestAuctionListSelector_SelectNodesFromAuction/empty_auction_list (0.00s)
    --- PASS: TestAuctionListSelector_SelectNodesFromAuction/one_eligible_+_one_auction,_max_num_nodes_=_1,_number_of_nodes_after_shuffling_=_0,_expect_node_in_auction_is_selected (0.00s)
[0;32mINFO [0m[2026-03-16 10:13:40.749]   rewards to be distributed                [0;32mtotalStakeEligible[0m = 4000000000000000000000000 [0;32mtotalTopUpEligible[0m = 400000000000000000000 [0;32mbaseRewards[0m = 5942087444310176920358 [0;32mtopUpRewards[0m = 378309114480613888 
[0;33mWARN [0m[2026-03-16 10:13:40.749]   rewardsCreatorV2.getTopUpForAllEligible  [0;33merror[0m = not found [0;33mblsKey[0m = 7075624b6579424c5334323934393637323935313839 
[0;33mWARN [0m[2026-03-16 10:13:40.749]   rewardsCreatorV2.getTopUpForAllEligible  [0;33merror[0m = not found [0;33mblsKey[0m = 7075624b6579424c5334323934393637323935313930 
[0;33mWARN [0m[2026-03-16 10:13:40.749]   rewardsCreatorV2.getTopUpForAllEligible  [0;33merror[0m = not found [0;33mblsKey[0m = 7075624b6579424c5334323934393637323935313931 
[0;33mWARN [0m[2026-03-16 10:13:40.749]   rewardsCreatorV2.getTopUpForAllEligible  [0;33merror[0m = not found [0;33mblsKey[0m = 7075624b6579424c5334323934393637323935313932 
[0;33mWARN [0m[2026-03-16 10:13:40.749]   rewardsCreatorV2.getTopUpForAllEligible  [0;33merror[0m = not found [0;33mblsKey[0m = 7075624b6579424c5334323934393637323935313933 
[0;33mWARN [0m[2026-03-16 10:13:40.749]   rewardsCreatorV2.getTopUpForAllEligible  [0;33merror[0m = not found [0;33mblsKey[0m = 7075624b6579424c5334323934393637323935313934 
[0;33mWARN [0m[2026-03-16 10:13:40.749]   rewardsCreatorV2.getTopUpForAllEligible  [0;33merror[0m = not found [0;33mblsKey[0m = 7075624b6579424c5334323934393637323935313935 
[0;33mWARN [0m[2026-03-16 10:13:40.749]   rewardsCreatorV2.getTopUpForAllEligible  [0;33merror[0m = not found [0;33mblsKey[0m = 7075624b6579424c5334323934393637323935313936 
[0;33mWARN [0m[2026-03-16 10:13:40.749]   rewardsCreatorV2.getTopUpForAllEligible  [0;33merror[0m = not found [0;33mblsKey[0m = 7075624b6579424c5334323934393637323935313937 
[0;33mWARN [0m[2026-03-16 10:13:40.749]   rewardsCreatorV2.getTopUpForAllEligible  [0;33merror[0m = not found [0;33mblsKey[0m = 7075624b6579424c5334323934393637323935313938 
[0;33mWARN [0m[2026-03-16 10:13:40.749]   rewardsCreatorV2.getTopUpForAllEligible  [0;33merror[0m = not found [0;33mblsKey[0m = 7075624b6579424c5334323934393637323935313939 
[0;33mWARN [0m[2026-03-16 10:13:40.749]   rewardsCreatorV2.getTopUpForAllEligible  [0;33merror[0m = not found [0;33mblsKey[0m = 7075624b6579424c5334323934393637323935323030 
[0;33mWARN [0m[2026-03-16 10:13:40.749]   rewardsCreatorV2.getTopUpForAllEligible  [0;33merror[0m = not found [0;33mblsKey[0m = 7075624b6579424c5334323934393637323935323031 
[0;33mWARN [0m[2026-03-16 10:13:40.749]   rewardsCreatorV2.getTopUpForAllEligible  [0;33merror[0m = not found [0;33mblsKey[0m = 7075624b6579424c5334323934393637323935323032 
[0;33mWARN [0m[2026-03-16 10:13:40.749]   rewardsCreatorV2.getTopUpForAllEligible  [0;33merror[0m = not found [0;33mblsKey[0m = 7075624b6579424c5334323934393637323935323033 
[0;33mWARN [0m[2026-03-16 10:13:40.749]   rewardsCreatorV2.getTopUpForAllEligible  [0;33merror[0m = not found [0;33mblsKey[0m = 7075624b6579424c5334323934393637323935323034 
[0;33mWARN [0m[2026-03-16 10:13:40.749]   rewardsCreatorV2.getTopUpForAllEligible  [0;33merror[0m = not found [0;33mblsKey[0m = 7075624b6579424c5334323934393637323935323035 
[0;33mWARN [0m[2026-03-16 10:13:40.749]   rewardsCreatorV2.getTopUpForAllEligible  [0;33merror[0m = not found [0;33mblsKey[0m = 7075624b6579424c5334323934393637323935323036 
[0;33mWARN [0m[2026-03-16 10:13:40.749]   rewardsCreatorV2.getTopUpForAllEligible  [0;33merror[0m = not found [0;33mblsKey[0m = 7075624b6579424c5334323934393637323935323037 
[0;33mWARN [0m[2026-03-16 10:13:40.749]   rewardsCreatorV2.getTopUpForAllEligible  [0;33merror[0m = not found [0;33mblsKey[0m = 7075624b6579424c5334323934393637323935323038 
[0;33mWARN [0m[2026-03-16 10:13:40.749]   rewardsCreatorV2.getTopUpForAllEligible  [0;33merror[0m = not found [0;33mblsKey[0m = 7075624b6579424c5334323934393637323935323039 
[0;33mWARN [0m[2026-03-16 10:13:40.749]   rewardsCreatorV2.getTopUpForAllEligible  [0;33merror[0m = not found [0;33mblsKey[0m = 7075624b6579424c5334323934393637323935323130 
[0;33mWARN [0m[2026-03-16 10:13:40.749]   rewardsCreatorV2.getTopUpForAllEligible  [0;33merror[0m = not found [0;33mblsKey[0m = 7075624b6579424c5334323934393637323935323131 
[0;33mWARN [0m[2026-03-16 10:13:40.749]   rewardsCreatorV2.getTopUpForAllEligible  [0;33merror[0m = not found [0;33mblsKey[0m = 7075624b6579424c5334323934393637323935323132 
[0;33mWARN [0m[2026-03-16 10:13:40.749]   rewardsCreatorV2.getTopUpForAllEligible  [0;33merror[0m = not found [0;33mblsKey[0m = 7075624b6579424c5334323934393637323935323133 
[0;33mWARN [0m[2026-03-16 10:13:40.749]   rewardsCreatorV2.getTopUpForAllEligible  [0;33merror[0m = not found [0;33mblsKey[0m = 7075624b6579424c5334323934393637323935323134 
[0;33mWARN [0m[2026-03-16 10:13:40.750]   rewardsCreatorV2.getTopUpForAllEligible  [0;33merror[0m = not found [0;33mblsKey[0m = 7075624b6579424c5334323934393637323935323135 
[0;33mWARN [0m[2026-03-16 10:13:40.750]   rewardsCreatorV2.getTopUpForAllEligible  [0;33merror[0m = not found [0;33mblsKey[0m = 7075624b6579424c5334323934393637323935323136 
[0;33mWARN [0m[2026-03-16 10:13:40.750]   rewardsCreatorV2.getTopUpForAllEligible  [0;33merror[0m = not found [0;33mblsKey[0m = 7075624b6579424c5334323934393637323935323137 
[0;33mWARN [0m[2026-03-16 10:13:40.750]   rewardsCreatorV2.getTopUpForAllEligible  [0;33merror[0m = not found [0;33mblsKey[0m = 7075624b6579424c5334323934393637323935323138 
[0;33mWARN [0m[2026-03-16 10:13:40.750]   rewardsCreatorV2.getTopUpForAllEligible  [0;33merror[0m = not found [0;33mblsKey[0m = 7075624b6579424c5334323934393637323935323139 
[0;33mWARN [0m[2026-03-16 10:13:40.750]   rewardsCreatorV2.getTopUpForAllEligible  [0;33merror[0m = not found [0;33mblsKey[0m = 7075624b6579424c5334323934393637323935323230 
[0;33mWARN [0m[2026-03-16 10:13:40.750]   rewardsCreatorV2.getTopUpForAllEligible  [0;33merror[0m = not found [0;33mblsKey[0m = 7075624b6579424c5334323934393637323935323231 
[0;33mWARN [0m[2026-03-16 10:13:40.750]   rewardsCreatorV2.getTopUpForAllEligible  [0;33merror[0m = not found [0;33mblsKey[0m = 7075624b6579424c5334323934393637323935323232 
[0;33mWARN [0m[2026-03-16 10:13:40.750]   rewardsCreatorV2.getTopUpForAllEligible  [0;33merror[0m = not found [0;33mblsKey[0m = 7075624b6579424c5334323934393637323935323233 
[0;33mWARN [0m[2026-03-16 10:13:40.750]   rewardsCreatorV2.getTopUpForAllEligible  [0;33merror[0m = not found [0;33mblsKey[0m = 7075624b6579424c5334323934393637323935323234 
[0;33mWARN [0m[2026-03-16 10:13:40.750]   rewardsCreatorV2.getTopUpForAllEligible  [0;33merror[0m = not found [0;33mblsKey[0m = 7075624b6579424c5334323934393637323935323235 
[0;33mWARN [0m[2026-03-16 10:13:40.750]   rewardsCreatorV2.getTopUpForAllEligible  [0;33merror[0m = not found [0;33mblsKey[0m = 7075624b6579424c5334323934393637323935323236 
[0;33mWARN [0m[2026-03-16 10:13:40.750]   rewardsCreatorV2.getTopUpForAllEligible  [0;33merror[0m = not found [0;33mblsKey[0m = 7075624b6579424c5334323934393637323935323237 
[0;33mWARN [0m[2026-03-16 10:13:40.750]   rewardsCreatorV2.getTopUpForAllEligible  [0;33merror[0m = not found [0;33mblsKey[0m = 7075624b6579424c5334323934393637323935323238 
[0;33mWARN [0m[2026-03-16 10:13:40.750]   rewardsCreatorV2.getTopUpForAllEligible  [0;33merror[0m = not found [0;33mblsKey[0m = 7075624b6579424c5334323934393637323935323239 
[0;33mWARN [0m[2026-03-16 10:13:40.750]   rewardsCreatorV2.getTopUpForAllEligible  [0;33merror[0m = not found [0;33mblsKey[0m = 7075624b6579424c5334323934393637323935323330 
[0;33mWARN [0m[2026-03-16 10:13:40.750]   rewardsCreatorV2.getTopUpForAllEligible  [0;33merror[0m = not found [0;33mblsKey[0m = 7075624b6579424c5334323934393637323935323331 
[0;33mWARN [0m[2026-03-16 10:13:40.750]   rewardsCreatorV2.getTopUpForAllEligible  [0;33merror[0m = not found [0;33mblsKey[0m = 7075624b6579424c5334323934393637323935323332 
[0;33mWARN [0m[2026-03-16 10:13:40.750]   rewardsCreatorV2.getTopUpForAllEligible  [0;33merror[0m = not found [0;33mblsKey[0m = 7075624b6579424c5334323934393637323935323333 
[0;33mWARN [0m[2026-03-16 10:13:40.750]   rewardsCreatorV2.getTopUpForAllEligible  [0;33merror[0m = not found [0;33mblsKey[0m = 7075624b6579424c5334323934393637323935323334 
[0;33mWARN [0m[2026-03-16 10:13:40.750]   rewardsCreatorV2.getTopUpForAllEligible  [0;33merror[0m = not found [0;33mblsKey[0m = 7075624b6579424c5334323934393637323935323335 
[0;33mWARN [0m[2026-03-16 10:13:40.750]   rewardsCreatorV2.getTopUpForAllEligible  [0;33merror[0m = not found [0;33mblsKey[0m = 7075624b6579424c5334323934393637323935323336 
[0;33mWARN [0m[2026-03-16 10:13:40.750]   rewardsCreatorV2.getTopUpForAllEligible  [0;33merror[0m = not found [0;33mblsKey[0m = 7075624b6579424c5334323934393637323935323337 
[0;33mWARN [0m[2026-03-16 10:13:40.750]   rewardsCreatorV2.getTopUpForAllEligible  [0;33merror[0m = not found [0;33mblsKey[0m = 7075624b6579424c5334323934393637323935323338 
[0;33mWARN [0m[2026-03-16 10:13:40.750]   rewardsCreatorV2.getTopUpForAllEligible  [0;33merror[0m = not found [0;33mblsKey[0m = 7075624b6579424c5334323934393637323935323339 
[0;33mWARN [0m[2026-03-16 10:13:40.750]   rewardsCreatorV2.getTopUpForAllEligible  [0;33merror[0m = not found [0;33mblsKey[0m = 7075624b6579424c5334323934393637323935323430 
[0;33mWARN [0m[2026-03-16 10:13:40.750]   rewardsCreatorV2.getTopUpForAllEligible  [0;33merror[0m = not found [0;33mblsKey[0m = 7075624b6579424c5334323934393637323935323431 
[0;33mWARN [0m[2026-03-16 10:13:40.750]   rewardsCreatorV2.getTopUpForAllEligible  [0;33merror[0m = not found [0;33mblsKey[0m = 7075624b6579424c5334323934393637323935323432 
[0;33mWARN [0m[2026-03-16 10:13:40.750]   rewardsCreatorV2.getTopUpForAllEligible  [0;33merror[0m = not found [0;33mblsKey[0m = 7075624b6579424c5334323934393637323935323433 
[0;33mWARN [0m[2026-03-16 10:13:40.750]   rewardsCreatorV2.getTopUpForAllEligible  [0;33merror[0m = not found [0;33mblsKey[0m = 7075624b6579424c5334323934393637323935323434 
[0;33mWARN [0m[2026-03-16 10:13:40.750]   rewardsCreatorV2.getTopUpForAllEligible  [0;33merror[0m = not found [0;33mblsKey[0m = 7075624b6579424c5334323934393637323935323435 
[0;33mWARN [0m[2026-03-16 10:13:40.750]   rewardsCreatorV2.getTopUpForAllEligible  [0;33merror[0m = not found [0;33mblsKey[0m = 7075624b6579424c5334323934393637323935323436 
[0;33mWARN [0m[2026-03-16 10:13:40.750]   rewardsCreatorV2.getTopUpForAllEligible  [0;33merror[0m = not found [0;33mblsKey[0m = 7075624b6579424c5334323934393637323935323437 
[0;33mWARN [0m[2026-03-16 10:13:40.750]   rewardsCreatorV2.getTopUpForAllEligible  [0;33merror[0m = not found [0;33mblsKey[0m = 7075624b6579424c5334323934393637323935323438 
[0;33mWARN [0m[2026-03-16 10:13:40.750]   rewardsCreatorV2.getTopUpForAllEligible  [0;33merror[0m = not found [0;33mblsKey[0m = 7075624b6579424c5334323934393637323935323439 
[0;33mWARN [0m[2026-03-16 10:13:40.750]   rewardsCreatorV2.getTopUpForAllEligible  [0;33merror[0m = not found [0;33mblsKey[0m = 7075624b6579424c5334323934393637323935323530 
[0;33mWARN [0m[2026-03-16 10:13:40.750]   rewardsCreatorV2.getTopUpForAllEligible  [0;33merror[0m = not found [0;33mblsKey[0m = 7075624b6579424c5334323934393637323935323531 
[0;33mWARN [0m[2026-03-16 10:13:40.750]   rewardsCreatorV2.getTopUpForAllEligible  [0;33merror[0m = not found [0;33mblsKey[0m = 7075624b6579424c5334323934393637323935323532 
[0;33mWARN [0m[2026-03-16 10:13:40.750]   rewardsCreatorV2.getTopUpForAllEligible  [0;33merror[0m = not found [0;33mblsKey[0m = 7075624b6579424c5334323934393637323935323533 
[0;33mWARN [0m[2026-03-16 10:13:40.750]   rewardsCreatorV2.getTopUpForAllEligible  [0;33merror[0m = not found [0;33mblsKey[0m = 7075624b6579424c5334323934393637323935323534 
[0;33mWARN [0m[2026-03-16 10:13:40.750]   rewardsCreatorV2.getTopUpForAllEligible  [0;33merror[0m = not found [0;33mblsKey[0m = 7075624b6579424c5334323934393637323935323535 
[0;33mWARN [0m[2026-03-16 10:13:40.750]   rewardsCreatorV2.getTopUpForAllEligible  [0;33merror[0m = not found [0;33mblsKey[0m = 7075624b6579424c5334323934393637323935323536 
[0;33mWARN [0m[2026-03-16 10:13:40.750]   rewardsCreatorV2.getTopUpForAllEligible  [0;33merror[0m = not found [0;33mblsKey[0m = 7075624b6579424c5334323934393637323935323537 
[0;33mWARN [0m[2026-03-16 10:13:40.750]   rewardsCreatorV2.getTopUpForAllEligible  [0;33merror[0m = not found [0;33mblsKey[0m = 7075624b6579424c5334323934393637323935323538 
[0;33mWARN [0m[2026-03-16 10:13:40.750]   rewardsCreatorV2.getTopUpForAllEligible  [0;33merror[0m = not found [0;33mblsKey[0m = 7075624b6579424c5334323934393637323935323539 
[0;33mWARN [0m[2026-03-16 10:13:40.750]   rewardsCreatorV2.getTopUpForAllEligible  [0;33merror[0m = not found [0;33mblsKey[0m = 7075624b6579424c5334323934393637323935323630 
[0;33mWARN [0m[2026-03-16 10:13:40.750]   rewardsCreatorV2.getTopUpForAllEligible  [0;33merror[0m = not found [0;33mblsKey[0m = 7075624b6579424c5334323934393637323935323631 
[0;33mWARN [0m[2026-03-16 10:13:40.750]   rewardsCreatorV2.getTopUpForAllEligible  [0;33merror[0m = not found [0;33mblsKey[0m = 7075624b6579424c5334323934393637323935323632 
[0;33mWARN [0m[2026-03-16 10:13:40.750]   rewardsCreatorV2.getTopUpForAllEligible  [0;33merror[0m = not found [0;33mblsKey[0m = 7075624b6579424c5334323934393637323935323633 
[0;33mWARN [0m[2026-03-16 10:13:40.750]   rewardsCreatorV2.getTopUpForAllEligible  [0;33merror[0m = not found [0;33mblsKey[0m = 7075624b6579424c5334323934393637323935323634 
[0;33mWARN [0m[2026-03-16 10:13:40.750]   rewardsCreatorV2.getTopUpForAllEligible  [0;33merror[0m = not found [0;33mblsKey[0m = 7075624b6579424c5334323934393637323935323635 
[0;33mWARN [0m[2026-03-16 10:13:40.750]   rewardsCreatorV2.getTopUpForAllEligible  [0;33merror[0m = not found [0;33mblsKey[0m = 7075624b6579424c5334323934393637323935323636 
[0;33mWARN [0m[2026-03-16 10:13:40.750]   rewardsCreatorV2.getTopUpForAllEligible  [0;33merror[0m = not found [0;33mblsKey[0m = 7075624b6579424c5334323934393637323935323637 
[0;33mWARN [0m[2026-03-16 10:13:40.750]   rewardsCreatorV2.getTopUpForAllEligible  [0;33merror[0m = not found [0;33mblsKey[0m = 7075624b6579424c5334323934393637323935323638 
[0;33mWARN [0m[2026-03-16 10:13:40.750]   rewardsCreatorV2.getTopUpForAllEligible  [0;33merror[0m = not found [0;33mblsKey[0m = 7075624b6579424c5334323934393637323935323639 
[0;33mWARN [0m[2026-03-16 10:13:40.750]   rewardsCreatorV2.getTopUpForAllEligible  [0;33merror[0m = not found [0;33mblsKey[0m = 7075624b6579424c5334323934393637323935323730 
[0;33mWARN [0m[2026-03-16 10:13:40.750]   rewardsCreatorV2.getTopUpForAllEligible  [0;33merror[0m = not found [0;33mblsKey[0m = 7075624b6579424c5334323934393637323935323731 
[0;33mWARN [0m[2026-03-16 10:13:40.750]   rewardsCreatorV2.getTopUpForAllEligible  [0;33merror[0m = not found [0;33mblsKey[0m = 7075624b6579424c5334323934393637323935323732 
[0;33mWARN [0m[2026-03-16 10:13:40.750]   rewardsCreatorV2.getTopUpForAllEligible  [0;33merror[0m = not found [0;33mblsKey[0m = 7075624b6579424c5334323934393637323935323733 
[0;33mWARN [0m[2026-03-16 10:13:40.750]   rewardsCreatorV2.getTopUpForAllEligible  [0;33merror[0m = not found [0;33mblsKey[0m = 7075624b6579424c5334323934393637323935323734 
[0;33mWARN [0m[2026-03-16 10:13:40.750]   rewardsCreatorV2.getTopUpForAllEligible  [0;33merror[0m = not found [0;33mblsKey[0m = 7075624b6579424c5334323934393637323935323735 
[0;33mWARN [0m[2026-03-16 10:13:40.750]   rewardsCreatorV2.getTopUpForAllEligible  [0;33merror[0m = not found [0;33mblsKey[0m = 7075624b6579424c5334323934393637323935323736 
[0;33mWARN [0m[2026-03-16 10:13:40.750]   rewardsCreatorV2.getTopUpForAllEligible  [0;33merror[0m = not found [0;33mblsKey[0m = 7075624b6579424c5334323934393637323935323737 
[0;33mWARN [0m[2026-03-16 10:13:40.750]   rewardsCreatorV2.getTopUpForAllEligible  [0;33merror[0m = not found [0;33mblsKey[0m = 7075624b6579424c5334323934393637323935323738 
[0;33mWARN [0m[2026-03-16 10:13:40.750]   rewardsCreatorV2.getTopUpForAllEligible  [0;33merror[0m = not found [0;33mblsKey[0m = 7075624b6579424c5334323934393637323935323739 
[0;33mWARN [0m[2026-03-16 10:13:40.750]   rewardsCreatorV2.getTopUpForAllEligible  [0;33merror[0m = not found [0;33mblsKey[0m = 7075624b6579424c5334323934393637323935323830 
[0;33mWARN [0m[2026-03-16 10:13:40.750]   rewardsCreatorV2.getTopUpForAllEligible  [0;33merror[0m = not found [0;33mblsKey[0m = 7075624b6579424c5334323934393637323935323831 
[0;33mWARN [0m[2026-03-16 10:13:40.750]   rewardsCreatorV2.getTopUpForAllEligible  [0;33merror[0m = not found [0;33mblsKey[0m = 7075624b6579424c5334323934393637323935323832 
[0;33mWARN [0m[2026-03-16 10:13:40.750]   rewardsCreatorV2.getTopUpForAllEligible  [0;33merror[0m = not found [0;33mblsKey[0m = 7075624b6579424c5334323934393637323935323833 
[0;33mWARN [0m[2026-03-16 10:13:40.750]   rewardsCreatorV2.getTopUpForAllEligible  [0;33merror[0m = not found [0;33mblsKey[0m = 7075624b6579424c5334323934393637323935323834 
[0;33mWARN [0m[2026-03-16 10:13:40.750]   rewardsCreatorV2.getTopUpForAllEligible  [0;33merror[0m = not found [0;33mblsKey[0m = 7075624b6579424c5334323934393637323935323835 
[0;33mWARN [0m[2026-03-16 10:13:40.750]   rewardsCreatorV2.getTopUpForAllEligible  [0;33merror[0m = not found [0;33mblsKey[0m = 7075624b6579424c5334323934393637323935323836 
[0;33mWARN [0m[2026-03-16 10:13:40.750]   rewardsCreatorV2.getTopUpForAllEligible  [0;33merror[0m = not found [0;33mblsKey[0m = 7075624b6579424c5334323934393637323935323837 
[0;33mWARN [0m[2026-03-16 10:13:40.750]   rewardsCreatorV2.getTopUpForAllEligible  [0;33merror[0m = not found [0;33mblsKey[0m = 7075624b6579424c5334323934393637323935323838 
[0;33mWARN [0m[2026-03-16 10:13:40.750]   rewardsCreatorV2.getTopUpForAllEligible  [0;33merror[0m = not found [0;33mblsKey[0m = 7075624b6579424c5334323934393637323935323839 
[0;33mWARN [0m[2026-03-16 10:13:40.750]   rewardsCreatorV2.getTopUpForAllEligible  [0;33merror[0m = not found [0;33mblsKey[0m = 7075624b6579424c5334323934393637323935323930 
[0;33mWARN [0m[2026-03-16 10:13:40.750]   rewardsCreatorV2.getTopUpForAllEligible  [0;33merror[0m = not found [0;33mblsKey[0m = 7075624b6579424c5334323934393637323935323931 
[0;33mWARN [0m[2026-03-16 10:13:40.750]   rewardsCreatorV2.getTopUpForAllEligible  [0;33merror[0m = not found [0;33mblsKey[0m = 7075624b6579424c5334323934393637323935323932 
[0;33mWARN [0m[2026-03-16 10:13:40.750]   rewardsCreatorV2.getTopUpForAllEligible  [0;33merror[0m = not found [0;33mblsKey[0m = 7075624b6579424c5334323934393637323935323933 
[0;33mWARN [0m[2026-03-16 10:13:40.750]   rewardsCreatorV2.getTopUpForAllEligible  [0;33merror[0m = not found [0;33mblsKey[0m = 7075624b6579424c5334323934393637323935323934 
[0;33mWARN [0m[2026-03-16 10:13:40.750]   rewardsCreatorV2.getTopUpForAllEligible  [0;33merror[0m = not found [0;33mblsKey[0m = 7075624b6579424c5334323934393637323935323935 
[0;33mWARN [0m[2026-03-16 10:13:40.750]   rewardsCreatorV2.getTopUpForAllEligible  [0;33merror[0m = not found [0;33mblsKey[0m = 7075624b6579424c5334323934393637323935323936 
[0;33mWARN [0m[2026-03-16 10:13:40.750]   rewardsCreatorV2.getTopUpForAllEligible  [0;33merror[0m = not found [0;33mblsKey[0m = 7075624b6579424c5334323934393637323935323937 
[0;33mWARN [0m[2026-03-16 10:13:40.750]   rewardsCreatorV2.getTopUpForAllEligible  [0;33merror[0m = not found [0;33mblsKey[0m = 7075624b6579424c5334323934393637323935323938 
[0;33mWARN [0m[2026-03-16 10:13:40.750]   rewardsCreatorV2.getTopUpForAllEligible  [0;33merror[0m = not found [0;33mblsKey[0m = 7075624b6579424c5334323934393637323935323939 
[0;33mWARN [0m[2026-03-16 10:13:40.750]   rewardsCreatorV2.getTopUpForAllEligible  [0;33merror[0m = not found [0;33mblsKey[0m = 7075624b6579424c5334323934393637323935333030 
[0;33mWARN [0m[2026-03-16 10:13:40.750]   rewardsCreatorV2.getTopUpForAllEligible  [0;33merror[0m = not found [0;33mblsKey[0m = 7075624b6579424c5334323934393637323935333031 
[0;33mWARN [0m[2026-03-16 10:13:40.750]   rewardsCreatorV2.getTopUpForAllEligible  [0;33merror[0m = not found [0;33mblsKey[0m = 7075624b6579424c5334323934393637323935333032 
[0;33mWARN [0m[2026-03-16 10:13:40.750]   rewardsCreatorV2.getTopUpForAllEligible  [0;33merror[0m = not found [0;33mblsKey[0m = 7075624b6579424c5334323934393637323935333033 
[0;33mWARN [0m[2026-03-16 10:13:40.750]   rewardsCreatorV2.getTopUpForAllEligible  [0;33merror[0m = not found [0;33mblsKey[0m = 7075624b6579424c5334323934393637323935333034 
[0;33mWARN [0m[2026-03-16 10:13:40.750]   rewardsCreatorV2.getTopUpForAllEligible  [0;33merror[0m = not found [0;33mblsKey[0m = 7075624b6579424c5334323934393637323935333035 
[0;33mWARN [0m[2026-03-16 10:13:40.750]   rewardsCreatorV2.getTopUpForAllEligible  [0;33merror[0m = not found [0;33mblsKey[0m = 7075624b6579424c5334323934393637323935333036 
[0;33mWARN [0m[2026-03-16 10:13:40.750]   rewardsCreatorV2.getTopUpForAllEligible  [0;33merror[0m = not found [0;33mblsKey[0m = 7075624b6579424c5334323934393637323935333037 
[0;33mWARN [0m[2026-03-16 10:13:40.750]   rewardsCreatorV2.getTopUpForAllEligible  [0;33merror[0m = not found [0;33mblsKey[0m = 7075624b6579424c5334323934393637323935333038 
[0;33mWARN [0m[2026-03-16 10:13:40.750]   rewardsCreatorV2.getTopUpForAllEligible  [0;33merror[0m = not found [0;33mblsKey[0m = 7075624b6579424c5334323934393637323935333039 
[0;33mWARN [0m[2026-03-16 10:13:40.750]   rewardsCreatorV2.getTopUpForAllEligible  [0;33merror[0m = not found [0;33mblsKey[0m = 7075624b6579424c5334323934393637323935333130 
[0;33mWARN [0m[2026-03-16 10:13:40.750]   rewardsCreatorV2.getTopUpForAllEligible  [0;33merror[0m = not found [0;33mblsKey[0m = 7075624b6579424c5334323934393637323935333131 
[0;33mWARN [0m[2026-03-16 10:13:40.750]   rewardsCreatorV2.getTopUpForAllEligible  [0;33merror[0m = not found [0;33mblsKey[0m = 7075624b6579424c5334323934393637323935333132 
[0;33mWARN [0m[2026-03-16 10:13:40.750]   rewardsCreatorV2.getTopUpForAllEligible  [0;33merror[0m = not found [0;33mblsKey[0m = 7075624b6579424c5334323934393637323935333133 
[0;33mWARN [0m[2026-03-16 10:13:40.750]   rewardsCreatorV2.getTopUpForAllEligible  [0;33merror[0m = not found [0;33mblsKey[0m = 7075624b6579424c5334323934393637323935333134 
[0;33mWARN [0m[2026-03-16 10:13:40.750]   rewardsCreatorV2.getTopUpForAllEligible  [0;33merror[0m = not found [0;33mblsKey[0m = 7075624b6579424c5334323934393637323935333135 
[0;33mWARN [0m[2026-03-16 10:13:40.750]   rewardsCreatorV2.getTopUpForAllEligible  [0;33merror[0m = not found [0;33mblsKey[0m = 7075624b6579424c5334323934393637323935333136 
[0;33mWARN [0m[2026-03-16 10:13:40.750]   rewardsCreatorV2.getTopUpForAllEligible  [0;33merror[0m = not found [0;33mblsKey[0m = 7075624b6579424c5334323934393637323935333137 
[0;33mWARN [0m[2026-03-16 10:13:40.750]   rewardsCreatorV2.getTopUpForAllEligible  [0;33merror[0m = not found [0;33mblsKey[0m = 7075624b6579424c5334323934393637323935333138 
[0;33mWARN [0m[2026-03-16 10:13:40.750]   rewardsCreatorV2.getTopUpForAllEligible  [0;33merror[0m = not found [0;33mblsKey[0m = 7075624b6579424c5334323934393637323935333139 
[0;33mWARN [0m[2026-03-16 10:13:40.750]   rewardsCreatorV2.getTopUpForAllEligible  [0;33merror[0m = not found [0;33mblsKey[0m = 7075624b6579424c5334323934393637323935333230 
[0;33mWARN [0m[2026-03-16 10:13:40.750]   rewardsCreatorV2.getTopUpForAllEligible  [0;33merror[0m = not found [0;33mblsKey[0m = 7075624b6579424c5334323934393637323935333231 
[0;33mWARN [0m[2026-03-16 10:13:40.750]   rewardsCreatorV2.getTopUpForAllEligible  [0;33merror[0m = not found [0;33mblsKey[0m = 7075624b6579424c5334323934393637323935333232 
[0;33mWARN [0m[2026-03-16 10:13:40.750]   rewardsCreatorV2.getTopUpForAllEligible  [0;33merror[0m = not found [0;33mblsKey[0m = 7075624b6579424c5334323934393637323935333233 
[0;33mWARN [0m[2026-03-16 10:13:40.750]   rewardsCreatorV2.getTopUpForAllEligible  [0;33merror[0m = not found [0;33mblsKey[0m = 7075624b6579424c5334323934393637323935333234 
[0;33mWARN [0m[2026-03-16 10:13:40.750]   rewardsCreatorV2.getTopUpForAllEligible  [0;33merror[0m = not found [0;33mblsKey[0m = 7075624b6579424c5334323934393637323935333235 
[0;33mWARN [0m[2026-03-16 10:13:40.750]   rewardsCreatorV2.getTopUpForAllEligible  [0;33merror[0m = not found [0;33mblsKey[0m = 7075624b6579424c5334323934393637323935333236 
[0;33mWARN [0m[2026-03-16 10:13:40.750]   rewardsCreatorV2.getTopUpForAllEligible  [0;33merror[0m = not found [0;33mblsKey[0m = 7075624b6579424c5334323934393637323935333237 
[0;33mWARN [0m[2026-03-16 10:13:40.750]   rewardsCreatorV2.getTopUpForAllEligible  [0;33merror[0m = not found [0;33mblsKey[0m = 7075624b6579424c5334323934393637323935333238 
[0;33mWARN [0m[2026-03-16 10:13:40.750]   rewardsCreatorV2.getTopUpForAllEligible  [0;33merror[0m = not found [0;33mblsKey[0m = 7075624b6579424c5334323934393637323935333239 
[0;33mWARN [0m[2026-03-16 10:13:40.750]   rewardsCreatorV2.getTopUpForAllEligible  [0;33merror[0m = not found [0;33mblsKey[0m = 7075624b6579424c5334323934393637323935333330 
[0;33mWARN [0m[2026-03-16 10:13:40.750]   rewardsCreatorV2.getTopUpForAllEligible  [0;33merror[0m = not found [0;33mblsKey[0m = 7075624b6579424c5334323934393637323935333331 
[0;33mWARN [0m[2026-03-16 10:13:40.750]   rewardsCreatorV2.getTopUpForAllEligible  [0;33merror[0m = not found [0;33mblsKey[0m = 7075624b6579424c5334323934393637323935333332 
[0;33mWARN [0m[2026-03-16 10:13:40.750]   rewardsCreatorV2.getTopUpForAllEligible  [0;33merror[0m = not found [0;33mblsKey[0m = 7075624b6579424c5334323934393637323935333333 
[0;33mWARN [0m[2026-03-16 10:13:40.750]   rewardsCreatorV2.getTopUpForAllEligible  [0;33merror[0m = not found [0;33mblsKey[0m = 7075624b6579424c5334323934393637323935333334 
[0;33mWARN [0m[2026-03-16 10:13:40.750]   rewardsCreatorV2.getTopUpForAllEligible  [0;33merror[0m = not found [0;33mblsKey[0m = 7075624b6579424c5334323934393637323935333335 
[0;33mWARN [0m[2026-03-16 10:13:40.750]   rewardsCreatorV2.getTopUpForAllEligible  [0;33merror[0m = not found [0;33mblsKey[0m = 7075624b6579424c5334323934393637323935333336 
[0;33mWARN [0m[2026-03-16 10:13:40.750]   rewardsCreatorV2.getTopUpForAllEligible  [0;33merror[0m = not found [0;33mblsKey[0m = 7075624b6579424c5334323934393637323935333337 
[0;33mWARN [0m[2026-03-16 10:13:40.750]   rewardsCreatorV2.getTopUpForAllEligible  [0;33merror[0m = not found [0;33mblsKey[0m = 7075624b6579424c5334323934393637323935333338 
[0;33mWARN [0m[2026-03-16 10:13:40.750]   rewardsCreatorV2.getTopUpForAllEligible  [0;33merror[0m = not found [0;33mblsKey[0m = 7075624b6579424c5334323934393637323935333339 
[0;33mWARN [0m[2026-03-16 10:13:40.750]   rewardsCreatorV2.getTopUpForAllEligible  [0;33merror[0m = not found [0;33mblsKey[0m = 7075624b6579424c5334323934393637323935333430 
[0;33mWARN [0m[2026-03-16 10:13:40.750]   rewardsCreatorV2.getTopUpForAllEligible  [0;33merror[0m = not found [0;33mblsKey[0m = 7075624b6579424c5334323934393637323935333431 
[0;33mWARN [0m[2026-03-16 10:13:40.750]   rewardsCreatorV2.getTopUpForAllEligible  [0;33merror[0m = not found [0;33mblsKey[0m = 7075624b6579424c5334323934393637323935333432 
[0;33mWARN [0m[2026-03-16 10:13:40.750]   rewardsCreatorV2.getTopUpForAllEligible  [0;33merror[0m = not found [0;33mblsKey[0m = 7075624b6579424c5334323934393637323935333433 
[0;33mWARN [0m[2026-03-16 10:13:40.750]   rewardsCreatorV2.getTopUpForAllEligible  [0;33merror[0m = not found [0;33mblsKey[0m = 7075624b6579424c5334323934393637323935333434 
[0;33mWARN [0m[2026-03-16 10:13:40.750]   rewardsCreatorV2.getTopUpForAllEligible  [0;33merror[0m = not found [0;33mblsKey[0m = 7075624b6579424c5334323934393637323935333435 
[0;33mWARN [0m[2026-03-16 10:13:40.750]   rewardsCreatorV2.getTopUpForAllEligible  [0;33merror[0m = not found [0;33mblsKey[0m = 7075624b6579424c5334323934393637323935333436 
[0;33mWARN [0m[2026-03-16 10:13:40.750]   rewardsCreatorV2.getTopUpForAllEligible  [0;33merror[0m = not found [0;33mblsKey[0m = 7075624b6579424c5334323934393637323935333437 
[0;33mWARN [0m[2026-03-16 10:13:40.750]   rewardsCreatorV2.getTopUpForAllEligible  [0;33merror[0m = not found [0;33mblsKey[0m = 7075624b6579424c5334323934393637323935333438 
[0;33mWARN [0m[2026-03-16 10:13:40.750]   rewardsCreatorV2.getTopUpForAllEligible  [0;33merror[0m = not found [0;33mblsKey[0m = 7075624b6579424c5334323934393637323935333439 
[0;33mWARN [0m[2026-03-16 10:13:40.750]   rewardsCreatorV2.getTopUpForAllEligible  [0;33merror[0m = not found [0;33mblsKey[0m = 7075624b6579424c5334323934393637323935333530 
[0;33mWARN [0m[2026-03-16 10:13:40.750]   rewardsCreatorV2.getTopUpForAllEligible  [0;33merror[0m = not found [0;33mblsKey[0m = 7075624b6579424c5334323934393637323935333531 
[0;33mWARN [0m[2026-03-16 10:13:40.750]   rewardsCreatorV2.getTopUpForAllEligible  [0;33merror[0m = not found [0;33mblsKey[0m = 7075624b6579424c5334323934393637323935333532 
[0;33mWARN [0m[2026-03-16 10:13:40.750]   rewardsCreatorV2.getTopUpForAllEligible  [0;33merror[0m = not found [0;33mblsKey[0m = 7075624b6579424c5334323934393637323935333533 
[0;33mWARN [0m[2026-03-16 10:13:40.750]   rewardsCreatorV2.getTopUpForAllEligible  [0;33merror[0m = not found [0;33mblsKey[0m = 7075624b6579424c5334323934393637323935333534 
[0;33mWARN [0m[2026-03-16 10:13:40.750]   rewardsCreatorV2.getTopUpForAllEligible  [0;33merror[0m = not found [0;33mblsKey[0m = 7075624b6579424c5334323934393637323935333535 
[0;33mWARN [0m[2026-03-16 10:13:40.750]   rewardsCreatorV2.getTopUpForAllEligible  [0;33merror[0m = not found [0;33mblsKey[0m = 7075624b6579424c5334323934393637323935333536 
[0;33mWARN [0m[2026-03-16 10:13:40.750]   rewardsCreatorV2.getTopUpForAllEligible  [0;33merror[0m = not found [0;33mblsKey[0m = 7075624b6579424c5334323934393637323935333537 
[0;33mWARN [0m[2026-03-16 10:13:40.750]   rewardsCreatorV2.getTopUpForAllEligible  [0;33merror[0m = not found [0;33mblsKey[0m = 7075624b6579424c5334323934393637323935333538 
[0;33mWARN [0m[2026-03-16 10:13:40.750]   rewardsCreatorV2.getTopUpForAllEligible  [0;33merror[0m = not found [0;33mblsKey[0m = 7075624b6579424c5334323934393637323935333539 
[0;33mWARN [0m[2026-03-16 10:13:40.750]   rewardsCreatorV2.getTopUpForAllEligible  [0;33merror[0m = not found [0;33mblsKey[0m = 7075624b6579424c5334323934393637323935333630 
[0;33mWARN [0m[2026-03-16 10:13:40.750]   rewardsCreatorV2.getTopUpForAllEligible  [0;33merror[0m = not found [0;33mblsKey[0m = 7075624b6579424c5334323934393637323935333631 
[0;33mWARN [0m[2026-03-16 10:13:40.750]   rewardsCreatorV2.getTopUpForAllEligible  [0;33merror[0m = not found [0;33mblsKey[0m = 7075624b6579424c5334323934393637323935333632 
[0;33mWARN [0m[2026-03-16 10:13:40.750]   rewardsCreatorV2.getTopUpForAllEligible  [0;33merror[0m = not found [0;33mblsKey[0m = 7075624b6579424c5334323934393637323935333633 
[0;33mWARN [0m[2026-03-16 10:13:40.750]   rewardsCreatorV2.getTopUpForAllEligible  [0;33merror[0m = not found [0;33mblsKey[0m = 7075624b6579424c5334323934393637323935333634 
[0;33mWARN [0m[2026-03-16 10:13:40.750]   rewardsCreatorV2.getTopUpForAllEligible  [0;33merror[0m = not found [0;33mblsKey[0m = 7075624b6579424c5334323934393637323935333635 
[0;33mWARN [0m[2026-03-16 10:13:40.750]   rewardsCreatorV2.getTopUpForAllEligible  [0;33merror[0m = not found [0;33mblsKey[0m = 7075624b6579424c5334323934393637323935333636 
[0;33mWARN [0m[2026-03-16 10:13:40.750]   rewardsCreatorV2.getTopUpForAllEligible  [0;33merror[0m = not found [0;33mblsKey[0m = 7075624b6579424c5334323934393637323935333637 
[0;33mWARN [0m[2026-03-16 10:13:40.750]   rewardsCreatorV2.getTopUpForAllEligible  [0;33merror[0m = not found [0;33mblsKey[0m = 7075624b6579424c5334323934393637323935333638 
[0;33mWARN [0m[2026-03-16 10:13:40.750]   rewardsCreatorV2.getTopUpForAllEligible  [0;33merror[0m = not found [0;33mblsKey[0m = 7075624b6579424c5334323934393637323935333639 
[0;33mWARN [0m[2026-03-16 10:13:40.750]   rewardsCreatorV2.getTopUpForAllEligible  [0;33merror[0m = not found [0;33mblsKey[0m = 7075624b6579424c5334323934393637323935333730 
[0;33mWARN [0m[2026-03-16 10:13:40.750]   rewardsCreatorV2.getTopUpForAllEligible  [0;33merror[0m = not found [0;33mblsKey[0m = 7075624b6579424c5334323934393637323935333731 
[0;33mWARN [0m[2026-03-16 10:13:40.750]   rewardsCreatorV2.getTopUpForAllEligible  [0;33merror[0m = not found [0;33mblsKey[0m = 7075624b6579424c5334323934393637323935333732 
[0;33mWARN [0m[2026-03-16 10:13:40.750]   rewardsCreatorV2.getTopUpForAllEligible  [0;33merror[0m = not found [0;33mblsKey[0m = 7075624b6579424c5334323934393637323935333733 
[0;33mWARN [0m[2026-03-16 10:13:40.750]   rewardsCreatorV2.getTopUpForAllEligible  [0;33merror[0m = not found [0;33mblsKey[0m = 7075624b6579424c5334323934393637323935333734 
[0;33mWARN [0m[2026-03-16 10:13:40.750]   rewardsCreatorV2.getTopUpForAllEligible  [0;33merror[0m = not found [0;33mblsKey[0m = 7075624b6579424c5334323934393637323935333735 
[0;33mWARN [0m[2026-03-16 10:13:40.750]   rewardsCreatorV2.getTopUpForAllEligible  [0;33merror[0m = not found [0;33mblsKey[0m = 7075624b6579424c5334323934393637323935333736 
[0;33mWARN [0m[2026-03-16 10:13:40.751]   rewardsCreatorV2.getTopUpForAllEligible  [0;33merror[0m = not found [0;33mblsKey[0m = 7075624b6579424c5334323934393637323935333737 
[0;33mWARN [0m[2026-03-16 10:13:40.751]   rewardsCreatorV2.getTopUpForAllEligible  [0;33merror[0m = not found [0;33mblsKey[0m = 7075624b6579424c5334323934393637323935333738 
[0;33mWARN [0m[2026-03-16 10:13:40.751]   rewardsCreatorV2.getTopUpForAllEligible  [0;33merror[0m = not found [0;33mblsKey[0m = 7075624b6579424c5334323934393637323935333739 
[0;33mWARN [0m[2026-03-16 10:13:40.751]   rewardsCreatorV2.getTopUpForAllEligible  [0;33merror[0m = not found [0;33mblsKey[0m = 7075624b6579424c5334323934393637323935333830 
[0;33mWARN [0m[2026-03-16 10:13:40.751]   rewardsCreatorV2.getTopUpForAllEligible  [0;33merror[0m = not found [0;33mblsKey[0m = 7075624b6579424c5334323934393637323935333831 
[0;33mWARN [0m[2026-03-16 10:13:40.751]   rewardsCreatorV2.getTopUpForAllEligible  [0;33merror[0m = not found [0;33mblsKey[0m = 7075624b6579424c5334323934393637323935333832 
[0;33mWARN [0m[2026-03-16 10:13:40.751]   rewardsCreatorV2.getTopUpForAllEligible  [0;33merror[0m = not found [0;33mblsKey[0m = 7075624b6579424c5334323934393637323935333833 
[0;33mWARN [0m[2026-03-16 10:13:40.751]   rewardsCreatorV2.getTopUpForAllEligible  [0;33merror[0m = not found [0;33mblsKey[0m = 7075624b6579424c5334323934393637323935333834 
[0;33mWARN [0m[2026-03-16 10:13:40.751]   rewardsCreatorV2.getTopUpForAllEligible  [0;33merror[0m = not found [0;33mblsKey[0m = 7075624b6579424c5334323934393637323935333835 
[0;33mWARN [0m[2026-03-16 10:13:40.751]   rewardsCreatorV2.getTopUpForAllEligible  [0;33merror[0m = not found [0;33mblsKey[0m = 7075624b6579424c5334323934393637323935333836 
[0;33mWARN [0m[2026-03-16 10:13:40.751]   rewardsCreatorV2.getTopUpForAllEligible  [0;33merror[0m = not found [0;33mblsKey[0m = 7075624b6579424c5334323934393637323935333837 
[0;33mWARN [0m[2026-03-16 10:13:40.751]   rewardsCreatorV2.getTopUpForAllEligible  [0;33merror[0m = not found [0;33mblsKey[0m = 7075624b6579424c5334323934393637323935333838 
[0;33mWARN [0m[2026-03-16 10:13:40.751]   rewardsCreatorV2.getTopUpForAllEligible  [0;33merror[0m = not found [0;33mblsKey[0m = 7075624b6579424c5334323934393637323935333839 
[0;33mWARN [0m[2026-03-16 10:13:40.751]   rewardsCreatorV2.getTopUpForAllEligible  [0;33merror[0m = not found [0;33mblsKey[0m = 7075624b6579424c5334323934393637323935333930 
[0;33mWARN [0m[2026-03-16 10:13:40.751]   rewardsCreatorV2.getTopUpForAllEligible  [0;33merror[0m = not found [0;33mblsKey[0m = 7075624b6579424c5334323934393637323935333931 
[0;33mWARN [0m[2026-03-16 10:13:40.751]   rewardsCreatorV2.getTopUpForAllEligible  [0;33merror[0m = not found [0;33mblsKey[0m = 7075624b6579424c5334323934393637323935333932 
[0;33mWARN [0m[2026-03-16 10:13:40.751]   rewardsCreatorV2.getTopUpForAllEligible  [0;33merror[0m = not found [0;33mblsKey[0m = 7075624b6579424c5334323934393637323935333933 
[0;33mWARN [0m[2026-03-16 10:13:40.751]   rewardsCreatorV2.getTopUpForAllEligible  [0;33merror[0m = not found [0;33mblsKey[0m = 7075624b6579424c5334323934393637323935333934 
[0;33mWARN [0m[2026-03-16 10:13:40.751]   rewardsCreatorV2.getTopUpForAllEligible  [0;33merror[0m = not found [0;33mblsKey[0m = 7075624b6579424c5334323934393637323935333935 
[0;33mWARN [0m[2026-03-16 10:13:40.751]   rewardsCreatorV2.getTopUpForAllEligible  [0;33merror[0m = not found [0;33mblsKey[0m = 7075624b6579424c5334323934393637323935333936 
[0;33mWARN [0m[2026-03-16 10:13:40.751]   rewardsCreatorV2.getTopUpForAllEligible  [0;33merror[0m = not found [0;33mblsKey[0m = 7075624b6579424c5334323934393637323935333937 
[0;33mWARN [0m[2026-03-16 10:13:40.751]   rewardsCreatorV2.getTopUpForAllEligible  [0;33merror[0m = not found [0;33mblsKey[0m = 7075624b6579424c5334323934393637323935333938 
[0;33mWARN [0m[2026-03-16 10:13:40.751]   rewardsCreatorV2.getTopUpForAllEligible  [0;33merror[0m = not found [0;33mblsKey[0m = 7075624b6579424c5334323934393637323935333939 
--- PASS: TestNewRewardsCreatorV2_computeTopUpRewardsPerNodeNotFoundBLSKeys (0.04s)
--- PASS: TestSystemSCProcessor_ProcessSystemSmartContractStakingV4Init (0.03s)
--- PASS: TestNewRewardsCreatorV2_addValidatorRewardsToMiniBlocksAddressInMetaChainDelegationDisabled (0.06s)
--- PASS: TestNewRewardsCreatorV2_initNodesRewardsInfo (0.07s)
--- PASS: TestNewRewardsCreatorV2_computeTopUpRewardsPerNode (0.05s)
--- PASS: TestNewRewardsCreatorV2_computeRewardsPerNode (0.06s)
[0;33mWARN [0m[2026-03-16 10:13:40.802]   computeValidatorInfoPerRewardAddress negative rewards [0;33mestimatedLeaderFees[0m = 0 [0;33mdistributedLeaderFees[0m = 120000 [0;33mdust[0m = -120000 
=== RUN   TestNewRewardsCreatorV2_computeAverageRewardsPer3200Nodes/#01
[0;32mINFO [0m[2026-03-16 10:13:40.810]   rewards to be distributed                [0;32mtotalStakeEligible[0m = 4000000000000000000000000 [0;32mtotalTopUpEligible[0m = 800000000000000000000000 [0;32mbaseRewards[0m = 5695995100004715744550 [0;32mtopUpRewards[0m = 246470653419941789696 
=== RUN   TestNewRewardsCreatorV2_computeAverageRewardsPer1920Nodes/#01
=== RUN   TestNewRewardsCreatorV2_computeRewardsPer3200NodesWithDifferentTopups/#01
[0;32mINFO [0m[2026-03-16 10:13:40.813]   rewards to be distributed                [0;32mtotalStakeEligible[0m = 0 [0;32mtotalTopUpEligible[0m = 3000000000000000000000000 [0;32mbaseRewards[0m = 4375000000000000000000 [0;32mtopUpRewards[0m = 625000000000000000000 
[0;32mINFO [0m[2026-03-16 10:13:40.817]   rewards to be distributed                [0;32mtotalStakeEligible[0m = 4000000000000000000000000 [0;32mtotalTopUpEligible[0m = 1200000000000000000000000 [0;32mbaseRewards[0m = 5582593172177343368486 [0;32mtopUpRewards[0m = 359872581247314165760 
[0;32mINFO [0m[2026-03-16 10:13:40.817]   rewards to be distributed                [0;32mtotalStakeEligible[0m = 4000000000000000000000000 [0;32mtotalTopUpEligible[0m = 800000000000000000000000 [0;32mbaseRewards[0m = 5695995100004715744550 [0;32mtopUpRewards[0m = 246470653419941789696 
[0;32mINFO [0m[2026-03-16 10:13:40.818]   baseReward                               [0;32mamount[0m = 3075148516761152748 
=== RUN   TestNewRewardsCreatorV35_computeRewardsPer3200NodesWithDifferentTopups/#01
[0;32mINFO [0m[2026-03-16 10:13:40.822]   rewards to be distributed                [0;32mtotalStakeEligible[0m = 4000000000000000000000000 [0;32mtotalTopUpEligible[0m = 1200000000000000000000000 [0;32mbaseRewards[0m = 4920237626817846725926 [0;32mtopUpRewards[0m = 1022228126606810808320 
=== RUN   TestNewRewardsCreatorV2_computeAverageRewardsPer2169Nodes/#01
[0;32mINFO [0m[2026-03-16 10:13:40.836]   rewards to be distributed                [0;32mtotalStakeEligible[0m = 4000000000000000000000000 [0;32mtotalTopUpEligible[0m = 800000000000000000000000 [0;32mbaseRewards[0m = 5695995100004715744550 [0;32mtopUpRewards[0m = 246470653419941789696 
[0;33mWARN [0m[2026-03-16 10:13:40.839]   computeValidatorInfoPerRewardAddress negative rewards [0;33mestimatedLeaderFees[0m = 0 [0;33mdistributedLeaderFees[0m = 120000 [0;33mdust[0m = -120000 
=== RUN   TestNewRewardsCreatorV35_computeAverageRewardsPer3200Nodes/#01
[0;32mINFO [0m[2026-03-16 10:13:40.847]   rewards to be distributed                [0;32mtotalStakeEligible[0m = 4000000000000000000000000 [0;32mtotalTopUpEligible[0m = 800000000000000000000000 [0;32mbaseRewards[0m = 5222720590930029333798 [0;32mtopUpRewards[0m = 719745162494628200448 
--- PASS: TestNewRewardsCreatorV2_CreateRewardsMiniBlocks2169Nodes (0.14s)
=== RUN   TestNewRewardsCreatorV2_computeRewardsPer3200NodesWithDifferentTopups/#02
=== RUN   TestNewRewardsCreatorV2_computeAverageRewardsPer3200Nodes/#02
[0;32mINFO [0m[2026-03-16 10:13:40.869]   rewards to be distributed                [0;32mtotalStakeEligible[0m = 4000000000000000000000000 [0;32mtotalTopUpEligible[0m = 1200000000000000000000000 [0;32mbaseRewards[0m = 5582593172177343368486 [0;32mtopUpRewards[0m = 359872581247314165760 
[0;32mINFO [0m[2026-03-16 10:13:40.869]   rewards to be distributed                [0;32mtotalStakeEligible[0m = 4000000000000000000000000 [0;32mtotalTopUpEligible[0m = 2400000000000000000000000 [0;32mbaseRewards[0m = 5304314124024951229734 [0;32mtopUpRewards[0m = 638151629399706304512 
=== RUN   TestNewRewardsCreatorV2_computeAverageRewardsPer1920Nodes/#02
[0;32mINFO [0m[2026-03-16 10:13:40.875]   baseReward                               [0;32mamount[0m = 3075148516761152748 
=== RUN   TestNewRewardsCreatorV35_computeRewardsPer3200NodesWithDifferentTopups/#02
[0;32mINFO [0m[2026-03-16 10:13:40.880]   rewards to be distributed                [0;32mtotalStakeEligible[0m = 4000000000000000000000000 [0;32mtotalTopUpEligible[0m = 2400000000000000000000000 [0;32mbaseRewards[0m = 5304314124024951229734 [0;32mtopUpRewards[0m = 638151629399706304512 
[0;32mINFO [0m[2026-03-16 10:13:40.885]   rewards to be distributed                [0;32mtotalStakeEligible[0m = 4000000000000000000000000 [0;32mtotalTopUpEligible[0m = 1200000000000000000000000 [0;32mbaseRewards[0m = 4920237626817846725926 [0;32mtopUpRewards[0m = 1022228126606810808320 
=== RUN   TestNewRewardsCreatorV2_computeAverageRewardsPer2169Nodes/#02
[0;32mINFO [0m[2026-03-16 10:13:40.896]   rewards to be distributed                [0;32mtotalStakeEligible[0m = 4000000000000000000000000 [0;32mtotalTopUpEligible[0m = 2400000000000000000000000 [0;32mbaseRewards[0m = 5304314124024951229734 [0;32mtopUpRewards[0m = 638151629399706304512 
=== RUN   TestNewRewardsCreatorV35_computeAverageRewardsPer3200Nodes/#02
[0;32mINFO [0m[2026-03-16 10:13:40.911]   rewards to be distributed                [0;32mtotalStakeEligible[0m = 4000000000000000000000000 [0;32mtotalTopUpEligible[0m = 2400000000000000000000000 [0;32mbaseRewards[0m = 4285362004552864648486 [0;32mtopUpRewards[0m = 1657103748871792885760 
=== RUN   TestNewRewardsCreatorV2_computeRewardsPer3200NodesWithDifferentTopups/#03
=== RUN   TestNewRewardsCreatorV2_computeAverageRewardsPer3200Nodes/#03
[0;32mINFO [0m[2026-03-16 10:13:40.920]   rewards to be distributed                [0;32mtotalStakeEligible[0m = 4000000000000000000000000 [0;32mtotalTopUpEligible[0m = 1200000000000000000000000 [0;32mbaseRewards[0m = 5582593172177343368486 [0;32mtopUpRewards[0m = 359872581247314165760 
[0;32mINFO [0m[2026-03-16 10:13:40.922]   rewards to be distributed                [0;32mtotalStakeEligible[0m = 4000000000000000000000000 [0;32mtotalTopUpEligible[0m = 4000000000000000000000000 [0;32mbaseRewards[0m = 5065455159770438978854 [0;32mtopUpRewards[0m = 877010593654218555392 
[0;32mINFO [0m[2026-03-16 10:13:40.930]   baseReward                               [0;32mamount[0m = 3075148516761152748 
=== RUN   TestNewRewardsCreatorV35_computeRewardsPer3200NodesWithDifferentTopups/#03
=== RUN   TestNewRewardsCreatorV2_computeAverageRewardsPer1920Nodes/#03
[0;32mINFO [0m[2026-03-16 10:13:40.934]   rewards to be distributed                [0;32mtotalStakeEligible[0m = 4000000000000000000000000 [0;32mtotalTopUpEligible[0m = 1200000000000000000000000 [0;32mbaseRewards[0m = 4920237626817846725926 [0;32mtopUpRewards[0m = 1022228126606810808320 
[0;32mINFO [0m[2026-03-16 10:13:40.942]   rewards to be distributed                [0;32mtotalStakeEligible[0m = 4000000000000000000000000 [0;32mtotalTopUpEligible[0m = 4000000000000000000000000 [0;32mbaseRewards[0m = 5065455159770438978854 [0;32mtopUpRewards[0m = 877010593654218555392 
=== RUN   TestNewRewardsCreatorV2_computeAverageRewardsPer2169Nodes/#03
[0;32mINFO [0m[2026-03-16 10:13:40.950]   rewards to be distributed                [0;32mtotalStakeEligible[0m = 4000000000000000000000000 [0;32mtotalTopUpEligible[0m = 4000000000000000000000000 [0;32mbaseRewards[0m = 5065455159770438978854 [0;32mtopUpRewards[0m = 877010593654218555392 
=== RUN   TestNewRewardsCreatorV35_computeAverageRewardsPer3200Nodes/#03
[0;32mINFO [0m[2026-03-16 10:13:40.967]   rewards to be distributed                [0;32mtotalStakeEligible[0m = 4000000000000000000000000 [0;32mtotalTopUpEligible[0m = 4000000000000000000000000 [0;32mbaseRewards[0m = 3848243470366547528998 [0;32mtopUpRewards[0m = 2094222283058110005248 
=== RUN   TestNewRewardsCreatorV2_computeRewardsPer3200NodesWithDifferentTopups/#04
=== RUN   TestNewRewardsCreatorV2_computeAverageRewardsPer3200Nodes/#04
[0;32mINFO [0m[2026-03-16 10:13:40.974]   rewards to be distributed                [0;32mtotalStakeEligible[0m = 4000000000000000000000000 [0;32mtotalTopUpEligible[0m = 8000000000000000000000000 [0;32mbaseRewards[0m = 4796164856021891435814 [0;32mtopUpRewards[0m = 1146300897402766098432 
[0;32mINFO [0m[2026-03-16 10:13:40.974]   rewards to be distributed                [0;32mtotalStakeEligible[0m = 4000000000000000000000000 [0;32mtotalTopUpEligible[0m = 1200000000000000000000000 [0;32mbaseRewards[0m = 5582593172177343368486 [0;32mtopUpRewards[0m = 359872581247314165760 
[0;32mINFO [0m[2026-03-16 10:13:40.979]   baseReward                               [0;32mamount[0m = 3075148516761152748 
=== RUN   TestNewRewardsCreatorV35_computeRewardsPer3200NodesWithDifferentTopups/#04
[0;32mINFO [0m[2026-03-16 10:13:40.984]   rewards to be distributed                [0;32mtotalStakeEligible[0m = 4000000000000000000000000 [0;32mtotalTopUpEligible[0m = 1200000000000000000000000 [0;32mbaseRewards[0m = 4920237626817846725926 [0;32mtopUpRewards[0m = 1022228126606810808320 
--- PASS: TestNewRewardsCreatorV2_computeAverageRewardsPer1920Nodes (0.27s)
    --- PASS: TestNewRewardsCreatorV2_computeAverageRewardsPer1920Nodes/#00 (0.09s)
    --- PASS: TestNewRewardsCreatorV2_computeAverageRewardsPer1920Nodes/#01 (0.06s)
    --- PASS: TestNewRewardsCreatorV2_computeAverageRewardsPer1920Nodes/#02 (0.06s)
    --- PASS: TestNewRewardsCreatorV2_computeAverageRewardsPer1920Nodes/#03 (0.06s)
--- PASS: TestNewRewardsCreatorV2_computeAverageRewardsPer2169Nodes (0.28s)
    --- PASS: TestNewRewardsCreatorV2_computeAverageRewardsPer2169Nodes/#00 (0.11s)
    --- PASS: TestNewRewardsCreatorV2_computeAverageRewardsPer2169Nodes/#01 (0.06s)
    --- PASS: TestNewRewardsCreatorV2_computeAverageRewardsPer2169Nodes/#02 (0.06s)
    --- PASS: TestNewRewardsCreatorV2_computeAverageRewardsPer2169Nodes/#03 (0.05s)
=== RUN   TestNewRewardsCreatorV35_computeAverageRewardsPer3200Nodes/#04
[0;32mINFO [0m[2026-03-16 10:13:41.008]   rewards to be distributed                [0;32mtotalStakeEligible[0m = 4000000000000000000000000 [0;32mtotalTopUpEligible[0m = 8000000000000000000000000 [0;32mbaseRewards[0m = 3434621188461682642214 [0;32mtopUpRewards[0m = 2507844564962974892032 
=== RUN   TestNewRewardsCreatorV2_computeRewardsPer3200NodesWithDifferentTopups/#05
[0;32mINFO [0m[2026-03-16 10:13:41.014]   rewards to be distributed                [0;32mtotalStakeEligible[0m = 4000000000000000000000000 [0;32mtotalTopUpEligible[0m = 1200000000000000000000000 [0;32mbaseRewards[0m = 5582593172177343368486 [0;32mtopUpRewards[0m = 359872581247314165760 
=== RUN   TestNewRewardsCreatorV2_computeAverageRewardsPer3200Nodes/#05
[0;32mINFO [0m[2026-03-16 10:13:41.021]   rewards to be distributed                [0;32mtotalStakeEligible[0m = 4000000000000000000000000 [0;32mtotalTopUpEligible[0m = 12000000000000000000000000 [0;32mbaseRewards[0m = 4688543470943170088230 [0;32mtopUpRewards[0m = 1253922282481487446016 
[0;32mINFO [0m[2026-03-16 10:13:41.023]   baseReward                               [0;32mamount[0m = 3075148516761152748 
=== RUN   TestNewRewardsCreatorV35_computeRewardsPer3200NodesWithDifferentTopups/#05
[0;32mINFO [0m[2026-03-16 10:13:41.026]   rewards to be distributed                [0;32mtotalStakeEligible[0m = 4000000000000000000000000 [0;32mtotalTopUpEligible[0m = 1200000000000000000000000 [0;32mbaseRewards[0m = 4920237626817846725926 [0;32mtopUpRewards[0m = 1022228126606810808320 
=== RUN   TestNewRewardsCreatorV35_computeAverageRewardsPer3200Nodes/#05
[0;32mINFO [0m[2026-03-16 10:13:41.046]   rewards to be distributed                [0;32mtotalStakeEligible[0m = 4000000000000000000000000 [0;32mtotalTopUpEligible[0m = 12000000000000000000000000 [0;32mbaseRewards[0m = 3283619130429339225382 [0;32mtopUpRewards[0m = 2658846622995318308864 
--- PASS: TestNewRewardsCreatorV2_computeRewardsPer3200NodesWithDifferentTopups (0.34s)
    --- PASS: TestNewRewardsCreatorV2_computeRewardsPer3200NodesWithDifferentTopups/#00 (0.10s)
    --- PASS: TestNewRewardsCreatorV2_computeRewardsPer3200NodesWithDifferentTopups/#01 (0.05s)
    --- PASS: TestNewRewardsCreatorV2_computeRewardsPer3200NodesWithDifferentTopups/#02 (0.05s)
    --- PASS: TestNewRewardsCreatorV2_computeRewardsPer3200NodesWithDifferentTopups/#03 (0.05s)
    --- PASS: TestNewRewardsCreatorV2_computeRewardsPer3200NodesWithDifferentTopups/#04 (0.04s)
    --- PASS: TestNewRewardsCreatorV2_computeRewardsPer3200NodesWithDifferentTopups/#05 (0.03s)
--- PASS: TestNewRewardsCreatorV2_computeAverageRewardsPer3200Nodes (0.34s)
    --- PASS: TestNewRewardsCreatorV2_computeAverageRewardsPer3200Nodes/#00 (0.08s)
    --- PASS: TestNewRewardsCreatorV2_computeAverageRewardsPer3200Nodes/#01 (0.06s)
    --- PASS: TestNewRewardsCreatorV2_computeAverageRewardsPer3200Nodes/#02 (0.05s)
    --- PASS: TestNewRewardsCreatorV2_computeAverageRewardsPer3200Nodes/#03 (0.05s)
    --- PASS: TestNewRewardsCreatorV2_computeAverageRewardsPer3200Nodes/#04 (0.05s)
    --- PASS: TestNewRewardsCreatorV2_computeAverageRewardsPer3200Nodes/#05 (0.04s)
[0;32mINFO [0m[2026-03-16 10:13:41.055]   baseReward                               [0;32mamount[0m = 3075148516761152748 
--- PASS: TestNewRewardsCreatorV35_computeRewardsPer3200NodesWithDifferentTopups (0.34s)
    --- PASS: TestNewRewardsCreatorV35_computeRewardsPer3200NodesWithDifferentTopups/#00 (0.11s)
    --- PASS: TestNewRewardsCreatorV35_computeRewardsPer3200NodesWithDifferentTopups/#01 (0.06s)
    --- PASS: TestNewRewardsCreatorV35_computeRewardsPer3200NodesWithDifferentTopups/#02 (0.05s)
    --- PASS: TestNewRewardsCreatorV35_computeRewardsPer3200NodesWithDifferentTopups/#03 (0.05s)
    --- PASS: TestNewRewardsCreatorV35_computeRewardsPer3200NodesWithDifferentTopups/#04 (0.04s)
    --- PASS: TestNewRewardsCreatorV35_computeRewardsPer3200NodesWithDifferentTopups/#05 (0.03s)
--- PASS: TestNewRewardsCreatorV35_computeAverageRewardsPer3200Nodes (0.33s)
    --- PASS: TestNewRewardsCreatorV35_computeAverageRewardsPer3200Nodes/#00 (0.10s)
    --- PASS: TestNewRewardsCreatorV35_computeAverageRewardsPer3200Nodes/#01 (0.07s)
    --- PASS: TestNewRewardsCreatorV35_computeAverageRewardsPer3200Nodes/#02 (0.06s)
    --- PASS: TestNewRewardsCreatorV35_computeAverageRewardsPer3200Nodes/#03 (0.04s)
    --- PASS: TestNewRewardsCreatorV35_computeAverageRewardsPer3200Nodes/#04 (0.04s)
    --- PASS: TestNewRewardsCreatorV35_computeAverageRewardsPer3200Nodes/#05 (0.03s)
[0;32mINFO [0m[2026-03-16 10:13:43.469]   TestSystemSCProcessor_UpdateStakingV2MoreKeysShouldWork time measurements [0;32mcomplete test[0m = 2.7623s [0;32mdo stake[0m = 2.5421s [0;32minitial check[0m = 0.0740s [0;32mupdateOwnersForBlsKeys[0m = 0.0755s [0;32mfinal check[0m = 0.0470s 
--- PASS: TestSystemSCProcessor_UpdateStakingV2MoreKeysShouldWork (2.83s)
PASS
ok  	github.com/TerraDharitri/drt-go-chain/epochStart/metachain	(cached)
=== RUN   TestNewManualEpochStartNotifier
=== PAUSE TestNewManualEpochStartNotifier
=== RUN   TestManualEpochStartNotifier_RegisterHandler
=== PAUSE TestManualEpochStartNotifier_RegisterHandler
=== RUN   TestManualEpochStartNotifier_NewEpochWorks
=== PAUSE TestManualEpochStartNotifier_NewEpochWorks
=== RUN   TestManualEpochStartNotifier_NewEpochLowerValueShouldNotCallUpdate
=== PAUSE TestManualEpochStartNotifier_NewEpochLowerValueShouldNotCallUpdate
=== RUN   TestNewNodesConfigProviderAPI
=== PAUSE TestNewNodesConfigProviderAPI
=== RUN   TestNodesConfigProviderAPI_GetCurrentNodesConfig
=== PAUSE TestNodesConfigProviderAPI_GetCurrentNodesConfig
=== RUN   TestNewNodesConfigProvider
=== PAUSE TestNewNodesConfigProvider
=== RUN   TestNodesConfigProvider_GetAllNodesConfigSorted
=== PAUSE TestNodesConfigProvider_GetAllNodesConfigSorted
=== RUN   TestNodesConfigProvider_EpochConfirmedCorrectMaxNumNodesAfterNodeRestart
=== PAUSE TestNodesConfigProvider_EpochConfirmedCorrectMaxNumNodesAfterNodeRestart
=== RUN   TestNewEpochStartSubscriptionHandler
=== PAUSE TestNewEpochStartSubscriptionHandler
=== RUN   TestEpochStartSubscriptionHandler_RegisterHandlerNilHandlerShouldNotAdd
=== PAUSE TestEpochStartSubscriptionHandler_RegisterHandlerNilHandlerShouldNotAdd
=== RUN   TestEpochStartSubscriptionHandler_RegisterHandlerOkHandlerShouldAdd
=== PAUSE TestEpochStartSubscriptionHandler_RegisterHandlerOkHandlerShouldAdd
=== RUN   TestEpochStartSubscriptionHandler_RegisterHandlerShouldNotAllowDuplicates
=== PAUSE TestEpochStartSubscriptionHandler_RegisterHandlerShouldNotAllowDuplicates
=== RUN   TestEpochStartSubscriptionHandler_UnregisterHandlerNilHandlerShouldDoNothing
=== PAUSE TestEpochStartSubscriptionHandler_UnregisterHandlerNilHandlerShouldDoNothing
=== RUN   TestEpochStartSubscriptionHandler_UnregisterHandlerOkHandlerShouldRemove
=== PAUSE TestEpochStartSubscriptionHandler_UnregisterHandlerOkHandlerShouldRemove
=== RUN   TestEpochStartSubscriptionHandler_NotifyAll
=== PAUSE TestEpochStartSubscriptionHandler_NotifyAll
=== RUN   TestEpochStartSubscriptionHandler_ConcurrentOperations
=== PAUSE TestEpochStartSubscriptionHandler_ConcurrentOperations
=== CONT  TestNewManualEpochStartNotifier
=== CONT  TestNewEpochStartSubscriptionHandler
--- PASS: TestNewEpochStartSubscriptionHandler (0.00s)
=== CONT  TestEpochStartSubscriptionHandler_ConcurrentOperations
=== CONT  TestNodesConfigProviderAPI_GetCurrentNodesConfig
=== CONT  TestNodesConfigProvider_GetAllNodesConfigSorted
--- PASS: TestNodesConfigProvider_GetAllNodesConfigSorted (0.00s)
=== CONT  TestNodesConfigProvider_EpochConfirmedCorrectMaxNumNodesAfterNodeRestart
--- PASS: TestNodesConfigProviderAPI_GetCurrentNodesConfig (0.00s)
=== CONT  TestNewNodesConfigProvider
--- PASS: TestNewNodesConfigProvider (0.00s)
=== CONT  TestEpochStartSubscriptionHandler_NotifyAll
--- PASS: TestNodesConfigProvider_EpochConfirmedCorrectMaxNumNodesAfterNodeRestart (0.00s)
--- PASS: TestEpochStartSubscriptionHandler_NotifyAll (0.00s)
=== CONT  TestEpochStartSubscriptionHandler_UnregisterHandlerOkHandlerShouldRemove
--- PASS: TestEpochStartSubscriptionHandler_UnregisterHandlerOkHandlerShouldRemove (0.00s)
=== CONT  TestEpochStartSubscriptionHandler_UnregisterHandlerNilHandlerShouldDoNothing
=== CONT  TestEpochStartSubscriptionHandler_RegisterHandlerShouldNotAllowDuplicates
--- PASS: TestEpochStartSubscriptionHandler_UnregisterHandlerNilHandlerShouldDoNothing (0.00s)
--- PASS: TestNewManualEpochStartNotifier (0.00s)
=== CONT  TestManualEpochStartNotifier_RegisterHandler
--- PASS: TestManualEpochStartNotifier_RegisterHandler (0.00s)
=== CONT  TestEpochStartSubscriptionHandler_RegisterHandlerOkHandlerShouldAdd
=== CONT  TestNewNodesConfigProviderAPI
--- PASS: TestEpochStartSubscriptionHandler_RegisterHandlerOkHandlerShouldAdd (0.00s)
=== CONT  TestEpochStartSubscriptionHandler_RegisterHandlerNilHandlerShouldNotAdd
--- PASS: TestEpochStartSubscriptionHandler_RegisterHandlerNilHandlerShouldNotAdd (0.00s)
=== RUN   TestNewNodesConfigProviderAPI/nil_epoch_notifier,_should_return_error
=== CONT  TestManualEpochStartNotifier_NewEpochWorks
[0;31mERROR[0m[2026-03-16 10:13:40.655]   epochStartSubscriptionHandler.RegisterHandler - trying to add a duplicated handler [0;31mstack trace[0m = goroutine 20 [running]:
runtime/debug.Stack()
	/usr/local/go/src/runtime/debug/stack.go:26 +0x5e
github.com/TerraDharitri/drt-go-chain/epochStart/notifier.(*epochStartSubscriptionHandler).RegisterHandler(0xc0002b4000, {0x8cd150, 0xc00029a318})
	/home/dharitri/Dharitri-repos/Drt-repos/Go/Finished/Publish_Required/drt-go-chain/epochStart/notifier/epochStartSubscriptionHandler.go:54 +0x131
github.com/TerraDharitri/drt-go-chain/epochStart/notifier_test.TestEpochStartSubscriptionHandler_RegisterHandlerShouldNotAllowDuplicates(0xc0001ea680)
	/home/dharitri/Dharitri-repos/Drt-repos/Go/Finished/Publish_Required/drt-go-chain/epochStart/notifier/epochStartSubscriptionHandler_test.go:54 +0xa5
testing.tRunner(0xc0001ea680, 0x868348)
	/usr/local/go/src/testing/testing.go:1690 +0xf4
created by testing.(*T).Run in goroutine 1
	/usr/local/go/src/testing/testing.go:1743 +0x390
 
=== RUN   TestNewNodesConfigProviderAPI/no_nodes_config_for_staking_v4_step_3,_should_return_error
--- PASS: TestEpochStartSubscriptionHandler_RegisterHandlerShouldNotAllowDuplicates (0.00s)
[0;32mINFO [0m[2026-03-16 10:13:40.656]   manualEpochStartNotifier.NewEpoch        [0;32mepoch[0m = 6483 
--- PASS: TestManualEpochStartNotifier_NewEpochWorks (0.00s)
=== RUN   TestNewNodesConfigProviderAPI/should_work
--- PASS: TestNewNodesConfigProviderAPI (0.00s)
    --- PASS: TestNewNodesConfigProviderAPI/nil_epoch_notifier,_should_return_error (0.00s)
    --- PASS: TestNewNodesConfigProviderAPI/no_nodes_config_for_staking_v4_step_3,_should_return_error (0.00s)
    --- PASS: TestNewNodesConfigProviderAPI/should_work (0.00s)
=== CONT  TestManualEpochStartNotifier_NewEpochLowerValueShouldNotCallUpdate
[0;32mINFO [0m[2026-03-16 10:13:40.657]   manualEpochStartNotifier.NewEpoch        [0;32mepoch[0m = 6483 
--- PASS: TestManualEpochStartNotifier_NewEpochLowerValueShouldNotCallUpdate (0.00s)
--- PASS: TestEpochStartSubscriptionHandler_ConcurrentOperations (0.00s)
PASS
ok  	github.com/TerraDharitri/drt-go-chain/epochStart/notifier	(cached)
=== RUN   TestNewValidatorInfoProcessor_NilMiniBlocksPoolErr
=== PAUSE TestNewValidatorInfoProcessor_NilMiniBlocksPoolErr
=== RUN   TestNewValidatorInfoProcessor_NilValidatorsInfoPoolShouldErr
=== PAUSE TestNewValidatorInfoProcessor_NilValidatorsInfoPoolShouldErr
=== RUN   TestNewValidatorInfoProcessor_NilRequestHandlerShouldErr
=== PAUSE TestNewValidatorInfoProcessor_NilRequestHandlerShouldErr
=== RUN   TestValidatorInfoProcessor_IsInterfaceNil
--- PASS: TestValidatorInfoProcessor_IsInterfaceNil (0.00s)
=== RUN   TestValidatorInfoProcessor_ShouldWork
--- PASS: TestValidatorInfoProcessor_ShouldWork (0.00s)
=== RUN   TestValidatorInfoProcessor_ProcessMetaBlockThatIsNoStartOfEpochShouldWork
--- PASS: TestValidatorInfoProcessor_ProcessMetaBlockThatIsNoStartOfEpochShouldWork (0.00s)
=== RUN   TestValidatorInfoProcessor_ProcesStartOfEpochWithNoPeerMiniblocksShouldWork
--- PASS: TestValidatorInfoProcessor_ProcesStartOfEpochWithNoPeerMiniblocksShouldWork (0.00s)
=== RUN   TestValidatorInfoProcessor_ProcesStartOfEpochWithPeerMiniblocksInPoolShouldProcess
--- PASS: TestValidatorInfoProcessor_ProcesStartOfEpochWithPeerMiniblocksInPoolShouldProcess (0.00s)
=== RUN   TestValidatorInfoProcessor_ProcesStartOfEpochWithMissinPeerMiniblocksShouldProcess
--- PASS: TestValidatorInfoProcessor_ProcesStartOfEpochWithMissinPeerMiniblocksShouldProcess (0.00s)
=== RUN   TestValidatorInfoProcessor_ProcesStartOfEpochWithMissinPeerMiniblocksTimeoutShouldErr
--- PASS: TestValidatorInfoProcessor_ProcesStartOfEpochWithMissinPeerMiniblocksTimeoutShouldErr (5.00s)
=== RUN   TestValidatorInfoProcessor_SyncValidatorsInfo
=== PAUSE TestValidatorInfoProcessor_SyncValidatorsInfo
=== RUN   TestValidatorInfoProcessor_ReceivedValidatorInfo
=== PAUSE TestValidatorInfoProcessor_ReceivedValidatorInfo
=== RUN   TestValidatorInfoProcessor_GetAllValidatorsInfoShouldWork
=== PAUSE TestValidatorInfoProcessor_GetAllValidatorsInfoShouldWork
=== RUN   TestValidatorInfoProcessor_ComputeMissingValidatorsInfoShouldWork
=== PAUSE TestValidatorInfoProcessor_ComputeMissingValidatorsInfoShouldWork
=== RUN   TestValidatorInfoProcessor_RetrieveMissingValidatorsInfo
=== PAUSE TestValidatorInfoProcessor_RetrieveMissingValidatorsInfo
=== RUN   TestValidatorInfoProcessor_GetAllMissingValidatorsInfoHashesShouldWork
=== PAUSE TestValidatorInfoProcessor_GetAllMissingValidatorsInfoHashesShouldWork
=== RUN   TestTrigger_LoadHeaderV1StateAfterSave
=== PAUSE TestTrigger_LoadHeaderV1StateAfterSave
=== RUN   TestTrigger_LoadHeaderV2StateAfterSave
=== PAUSE TestTrigger_LoadHeaderV2StateAfterSave
=== RUN   TestTrigger_LoadStateBackwardsCompatibility
=== PAUSE TestTrigger_LoadStateBackwardsCompatibility
=== RUN   TestNewEpochStartTrigger_NilArgumentsShouldErr
=== PAUSE TestNewEpochStartTrigger_NilArgumentsShouldErr
=== RUN   TestNewEpochStartTrigger_NilHasherShouldErr
=== PAUSE TestNewEpochStartTrigger_NilHasherShouldErr
=== RUN   TestNewEpochStartTrigger_NilMarshalizerShouldErr
=== PAUSE TestNewEpochStartTrigger_NilMarshalizerShouldErr
=== RUN   TestNewEpochStartTrigger_NilHeaderShouldErr
=== PAUSE TestNewEpochStartTrigger_NilHeaderShouldErr
=== RUN   TestNewEpochStartTrigger_NilDataPoolShouldErr
=== PAUSE TestNewEpochStartTrigger_NilDataPoolShouldErr
=== RUN   TestNewEpochStartTrigger_NilStorageShouldErr
=== PAUSE TestNewEpochStartTrigger_NilStorageShouldErr
=== RUN   TestNewEpochStartTrigger_NilRequestHandlerShouldErr
=== PAUSE TestNewEpochStartTrigger_NilRequestHandlerShouldErr
=== RUN   TestNewEpochStartTrigger_NilUint64ConverterShouldErr
=== PAUSE TestNewEpochStartTrigger_NilUint64ConverterShouldErr
=== RUN   TestNewEpochStartTrigger_NilEpochStartNotifierShouldErr
=== PAUSE TestNewEpochStartTrigger_NilEpochStartNotifierShouldErr
=== RUN   TestNewEpochStartTrigger_GetStorerReturnsErr
=== PAUSE TestNewEpochStartTrigger_GetStorerReturnsErr
=== RUN   TestNewEpochStartTrigger_NilHeadersPoolShouldErr
=== PAUSE TestNewEpochStartTrigger_NilHeadersPoolShouldErr
=== RUN   TestNewEpochStartTrigger_NilValidatorInfoProcessorShouldErr
=== PAUSE TestNewEpochStartTrigger_NilValidatorInfoProcessorShouldErr
=== RUN   TestNewEpochStartTrigger_NilRoundHandlerShouldErr
=== PAUSE TestNewEpochStartTrigger_NilRoundHandlerShouldErr
=== RUN   TestNewEpochStartTrigger_NilEnableEpochsHandlerShouldErr
=== PAUSE TestNewEpochStartTrigger_NilEnableEpochsHandlerShouldErr
=== RUN   TestNewEpochStartTrigger_InvalidEnableEpochsHandlerShouldErr
=== PAUSE TestNewEpochStartTrigger_InvalidEnableEpochsHandlerShouldErr
=== RUN   TestNewEpochStartTrigger_ShouldOk
=== PAUSE TestNewEpochStartTrigger_ShouldOk
=== RUN   TestTrigger_ReceivedHeaderNotEpochStart
=== PAUSE TestTrigger_ReceivedHeaderNotEpochStart
=== RUN   TestTrigger_ReceivedHeaderIsEpochStartTrue
=== PAUSE TestTrigger_ReceivedHeaderIsEpochStartTrue
=== RUN   TestTrigger_ReceivedHeaderIsEpochStartTrueWithPeerMiniblocks
=== PAUSE TestTrigger_ReceivedHeaderIsEpochStartTrueWithPeerMiniblocks
=== RUN   TestTrigger_Epoch
=== PAUSE TestTrigger_Epoch
=== RUN   TestTrigger_RequestEpochStartIfNeeded
=== PAUSE TestTrigger_RequestEpochStartIfNeeded
=== RUN   TestTrigger_RevertStateToBlockBehindEpochStart
=== PAUSE TestTrigger_RevertStateToBlockBehindEpochStart
=== RUN   TestTrigger_LastCommitedShardEpochStartBlock
=== PAUSE TestTrigger_LastCommitedShardEpochStartBlock
=== RUN   TestTrigger_RevertStateToBlockBehindEpochStartNoBlockInAnEpoch
=== PAUSE TestTrigger_RevertStateToBlockBehindEpochStartNoBlockInAnEpoch
=== RUN   TestTrigger_ReceivedEpochStartHeaderChangeEpochFinalityAttestingRound
=== PAUSE TestTrigger_ReceivedEpochStartHeaderChangeEpochFinalityAttestingRound
=== RUN   TestTrigger_ReceivedHeaderChangeEpochWithoutPrevHeader
=== PAUSE TestTrigger_ReceivedHeaderChangeEpochWithoutPrevHeader
=== RUN   TestTrigger_ClearMissingValidatorsInfoMapShouldWork
=== PAUSE TestTrigger_ClearMissingValidatorsInfoMapShouldWork
=== RUN   TestTrigger_UpdateMissingValidatorsInfo
=== PAUSE TestTrigger_UpdateMissingValidatorsInfo
=== RUN   TestTrigger_AddMissingValidatorsInfo
=== PAUSE TestTrigger_AddMissingValidatorsInfo
=== RUN   TestTrigger_ReceivedProof
=== PAUSE TestTrigger_ReceivedProof
=== CONT  TestNewValidatorInfoProcessor_NilMiniBlocksPoolErr
--- PASS: TestNewValidatorInfoProcessor_NilMiniBlocksPoolErr (0.00s)
=== CONT  TestTrigger_ReceivedProof
=== RUN   TestTrigger_ReceivedProof/early_exits
=== CONT  TestNewEpochStartTrigger_GetStorerReturnsErr
=== RUN   TestNewEpochStartTrigger_GetStorerReturnsErr/missing_MetaBlockUnit
=== PAUSE TestNewEpochStartTrigger_GetStorerReturnsErr/missing_MetaBlockUnit
=== RUN   TestNewEpochStartTrigger_GetStorerReturnsErr/missing_BootstrapUnit
=== PAUSE TestNewEpochStartTrigger_GetStorerReturnsErr/missing_BootstrapUnit
=== RUN   TestNewEpochStartTrigger_GetStorerReturnsErr/missing_MetaHdrNonceHashDataUnit
=== PAUSE TestNewEpochStartTrigger_GetStorerReturnsErr/missing_MetaHdrNonceHashDataUnit
=== RUN   TestNewEpochStartTrigger_GetStorerReturnsErr/missing_BlockHeaderUnit
=== PAUSE TestNewEpochStartTrigger_GetStorerReturnsErr/missing_BlockHeaderUnit
=== PAUSE TestTrigger_ReceivedProof/early_exits
=== RUN   TestTrigger_ReceivedProof/GetHeaderByHash_error_should_early_exit
=== PAUSE TestTrigger_ReceivedProof/GetHeaderByHash_error_should_early_exit
=== RUN   TestTrigger_ReceivedProof/not_meta_block_should_exit
=== PAUSE TestTrigger_ReceivedProof/not_meta_block_should_exit
=== RUN   TestTrigger_ReceivedProof/should_not_update_trigger_should_early_exit
=== PAUSE TestTrigger_ReceivedProof/should_not_update_trigger_should_early_exit
=== RUN   TestTrigger_ReceivedProof/should_work_and_notify
=== PAUSE TestTrigger_ReceivedProof/should_work_and_notify
=== CONT  TestValidatorInfoProcessor_ComputeMissingValidatorsInfoShouldWork
--- PASS: TestValidatorInfoProcessor_ComputeMissingValidatorsInfoShouldWork (0.00s)
=== CONT  TestValidatorInfoProcessor_ReceivedValidatorInfo
=== RUN   TestValidatorInfoProcessor_ReceivedValidatorInfo/received_validators_info_with_wrong_type_assertion
=== PAUSE TestValidatorInfoProcessor_ReceivedValidatorInfo/received_validators_info_with_wrong_type_assertion
=== RUN   TestValidatorInfoProcessor_ReceivedValidatorInfo/received_validators_info_with_not_requested_validator_info
=== PAUSE TestValidatorInfoProcessor_ReceivedValidatorInfo/received_validators_info_with_not_requested_validator_info
=== RUN   TestValidatorInfoProcessor_ReceivedValidatorInfo/received_validators_info_with_already_received_validator_info
=== PAUSE TestValidatorInfoProcessor_ReceivedValidatorInfo/received_validators_info_with_already_received_validator_info
=== RUN   TestValidatorInfoProcessor_ReceivedValidatorInfo/received_validators_info_with_missing_validator_info
=== PAUSE TestValidatorInfoProcessor_ReceivedValidatorInfo/received_validators_info_with_missing_validator_info
=== CONT  TestNewEpochStartTrigger_NilEpochStartNotifierShouldErr
--- PASS: TestNewEpochStartTrigger_NilEpochStartNotifierShouldErr (0.00s)
=== CONT  TestNewValidatorInfoProcessor_NilRequestHandlerShouldErr
--- PASS: TestNewValidatorInfoProcessor_NilRequestHandlerShouldErr (0.00s)
=== CONT  TestNewValidatorInfoProcessor_NilValidatorsInfoPoolShouldErr
--- PASS: TestNewValidatorInfoProcessor_NilValidatorsInfoPoolShouldErr (0.00s)
=== CONT  TestValidatorInfoProcessor_GetAllValidatorsInfoShouldWork
--- PASS: TestValidatorInfoProcessor_GetAllValidatorsInfoShouldWork (0.00s)
=== CONT  TestTrigger_AddMissingValidatorsInfo
[0;33mWARN [0m[2026-03-16 10:13:45.867]   different delay for request block info: the epoch change trigger might not behave normally [0;33mvalue from config[0m = 0s [0;33mexpected[0m = 3s 
--- PASS: TestTrigger_AddMissingValidatorsInfo (0.00s)
=== CONT  TestTrigger_UpdateMissingValidatorsInfo
=== RUN   TestTrigger_UpdateMissingValidatorsInfo/update_missing_validators_when_there_are_no_missing_validators
=== PAUSE TestTrigger_UpdateMissingValidatorsInfo/update_missing_validators_when_there_are_no_missing_validators
=== RUN   TestTrigger_UpdateMissingValidatorsInfo/update_missing_validators_when_there_are_missing_validators
=== PAUSE TestTrigger_UpdateMissingValidatorsInfo/update_missing_validators_when_there_are_missing_validators
=== CONT  TestValidatorInfoProcessor_SyncValidatorsInfo
=== RUN   TestValidatorInfoProcessor_SyncValidatorsInfo/sync_validators_info_with_nil_block_body
=== PAUSE TestValidatorInfoProcessor_SyncValidatorsInfo/sync_validators_info_with_nil_block_body
=== RUN   TestValidatorInfoProcessor_SyncValidatorsInfo/sync_validators_info_with_missing_validators_info
=== PAUSE TestValidatorInfoProcessor_SyncValidatorsInfo/sync_validators_info_with_missing_validators_info
=== RUN   TestValidatorInfoProcessor_SyncValidatorsInfo/sync_validators_info_without_missing_validators_info
=== PAUSE TestValidatorInfoProcessor_SyncValidatorsInfo/sync_validators_info_without_missing_validators_info
=== CONT  TestNewEpochStartTrigger_NilUint64ConverterShouldErr
--- PASS: TestNewEpochStartTrigger_NilUint64ConverterShouldErr (0.00s)
=== CONT  TestTrigger_ReceivedEpochStartHeaderChangeEpochFinalityAttestingRound
[0;33mWARN [0m[2026-03-16 10:13:45.867]   different delay for request block info: the epoch change trigger might not behave normally [0;33mvalue from config[0m = 0s [0;33mexpected[0m = 3s 
--- PASS: TestTrigger_ReceivedEpochStartHeaderChangeEpochFinalityAttestingRound (0.00s)
=== CONT  TestTrigger_RevertStateToBlockBehindEpochStartNoBlockInAnEpoch
[0;33mWARN [0m[2026-03-16 10:13:45.867]   different delay for request block info: the epoch change trigger might not behave normally [0;33mvalue from config[0m = 0s [0;33mexpected[0m = 3s 
--- PASS: TestTrigger_RevertStateToBlockBehindEpochStartNoBlockInAnEpoch (0.00s)
=== CONT  TestTrigger_LastCommitedShardEpochStartBlock
[0;33mWARN [0m[2026-03-16 10:13:45.867]   different delay for request block info: the epoch change trigger might not behave normally [0;33mvalue from config[0m = 0s [0;33mexpected[0m = 3s 
--- PASS: TestTrigger_LastCommitedShardEpochStartBlock (0.00s)
=== CONT  TestTrigger_RevertStateToBlockBehindEpochStart
[0;33mWARN [0m[2026-03-16 10:13:45.867]   different delay for request block info: the epoch change trigger might not behave normally [0;33mvalue from config[0m = 0s [0;33mexpected[0m = 3s 
--- PASS: TestTrigger_RevertStateToBlockBehindEpochStart (0.00s)
=== CONT  TestTrigger_RequestEpochStartIfNeeded
[0;33mWARN [0m[2026-03-16 10:13:45.867]   different delay for request block info: the epoch change trigger might not behave normally [0;33mvalue from config[0m = 0s [0;33mexpected[0m = 3s 
--- PASS: TestTrigger_RequestEpochStartIfNeeded (0.00s)
=== CONT  TestNewEpochStartTrigger_InvalidEnableEpochsHandlerShouldErr
--- PASS: TestNewEpochStartTrigger_InvalidEnableEpochsHandlerShouldErr (0.00s)
=== CONT  TestTrigger_ReceivedHeaderIsEpochStartTrueWithPeerMiniblocks
[0;33mWARN [0m[2026-03-16 10:13:45.867]   different delay for request block info: the epoch change trigger might not behave normally [0;33mvalue from config[0m = 0s [0;33mexpected[0m = 3s 
--- PASS: TestTrigger_ReceivedHeaderIsEpochStartTrueWithPeerMiniblocks (0.00s)
=== CONT  TestTrigger_ReceivedHeaderIsEpochStartTrue
[0;33mWARN [0m[2026-03-16 10:13:45.867]   different delay for request block info: the epoch change trigger might not behave normally [0;33mvalue from config[0m = 0s [0;33mexpected[0m = 3s 
--- PASS: TestTrigger_ReceivedHeaderIsEpochStartTrue (0.00s)
=== CONT  TestTrigger_ReceivedHeaderNotEpochStart
[0;33mWARN [0m[2026-03-16 10:13:45.867]   different delay for request block info: the epoch change trigger might not behave normally [0;33mvalue from config[0m = 0s [0;33mexpected[0m = 3s 
--- PASS: TestTrigger_ReceivedHeaderNotEpochStart (0.00s)
=== CONT  TestNewEpochStartTrigger_ShouldOk
[0;33mWARN [0m[2026-03-16 10:13:45.867]   different delay for request block info: the epoch change trigger might not behave normally [0;33mvalue from config[0m = 0s [0;33mexpected[0m = 3s 
--- PASS: TestNewEpochStartTrigger_ShouldOk (0.00s)
=== CONT  TestNewEpochStartTrigger_NilRoundHandlerShouldErr
--- PASS: TestNewEpochStartTrigger_NilRoundHandlerShouldErr (0.00s)
=== CONT  TestNewEpochStartTrigger_NilEnableEpochsHandlerShouldErr
--- PASS: TestNewEpochStartTrigger_NilEnableEpochsHandlerShouldErr (0.00s)
=== CONT  TestNewEpochStartTrigger_NilValidatorInfoProcessorShouldErr
--- PASS: TestNewEpochStartTrigger_NilValidatorInfoProcessorShouldErr (0.00s)
=== CONT  TestNewEpochStartTrigger_NilHeadersPoolShouldErr
--- PASS: TestNewEpochStartTrigger_NilHeadersPoolShouldErr (0.00s)
=== CONT  TestNewEpochStartTrigger_GetStorerReturnsErr/missing_MetaBlockUnit
=== CONT  TestTrigger_Epoch
[0;33mWARN [0m[2026-03-16 10:13:45.867]   different delay for request block info: the epoch change trigger might not behave normally [0;33mvalue from config[0m = 0s [0;33mexpected[0m = 3s 
--- PASS: TestTrigger_Epoch (0.00s)
=== CONT  TestValidatorInfoProcessor_ReceivedValidatorInfo/received_validators_info_with_wrong_type_assertion
[0;31mERROR[0m[2026-03-16 10:13:45.867]   receivedValidatorInfo                    [0;31mkey[0m = 61 [0;31merror[0m = wrong type assertion 
=== CONT  TestTrigger_ClearMissingValidatorsInfoMapShouldWork
[0;33mWARN [0m[2026-03-16 10:13:45.867]   different delay for request block info: the epoch change trigger might not behave normally [0;33mvalue from config[0m = 0s [0;33mexpected[0m = 3s 
--- PASS: TestTrigger_ClearMissingValidatorsInfoMapShouldWork (0.00s)
=== CONT  TestNewEpochStartTrigger_GetStorerReturnsErr/missing_MetaHdrNonceHashDataUnit
=== CONT  TestNewEpochStartTrigger_GetStorerReturnsErr/missing_BootstrapUnit
=== CONT  TestTrigger_ReceivedHeaderChangeEpochWithoutPrevHeader
[0;33mWARN [0m[2026-03-16 10:13:45.867]   different delay for request block info: the epoch change trigger might not behave normally [0;33mvalue from config[0m = 0s [0;33mexpected[0m = 3s 
--- PASS: TestTrigger_ReceivedHeaderChangeEpochWithoutPrevHeader (0.00s)
=== CONT  TestTrigger_ReceivedProof/should_work_and_notify
[0;33mWARN [0m[2026-03-16 10:13:45.867]   different delay for request block info: the epoch change trigger might not behave normally [0;33mvalue from config[0m = 0s [0;33mexpected[0m = 3s 
=== CONT  TestTrigger_ReceivedProof/should_not_update_trigger_should_early_exit
[0;33mWARN [0m[2026-03-16 10:13:45.868]   different delay for request block info: the epoch change trigger might not behave normally [0;33mvalue from config[0m = 0s [0;33mexpected[0m = 3s 
=== CONT  TestTrigger_ReceivedProof/not_meta_block_should_exit
[0;33mWARN [0m[2026-03-16 10:13:45.868]   different delay for request block info: the epoch change trigger might not behave normally [0;33mvalue from config[0m = 0s [0;33mexpected[0m = 3s 
=== CONT  TestTrigger_ReceivedProof/GetHeaderByHash_error_should_early_exit
[0;33mWARN [0m[2026-03-16 10:13:45.868]   different delay for request block info: the epoch change trigger might not behave normally [0;33mvalue from config[0m = 0s [0;33mexpected[0m = 3s 
=== CONT  TestValidatorInfoProcessor_SyncValidatorsInfo/sync_validators_info_with_nil_block_body
=== CONT  TestNewEpochStartTrigger_NilRequestHandlerShouldErr
--- PASS: TestNewEpochStartTrigger_NilRequestHandlerShouldErr (0.00s)
=== CONT  TestValidatorInfoProcessor_ReceivedValidatorInfo/received_validators_info_with_already_received_validator_info
=== CONT  TestValidatorInfoProcessor_ReceivedValidatorInfo/received_validators_info_with_not_requested_validator_info
=== CONT  TestTrigger_ReceivedProof/early_exits
--- PASS: TestTrigger_ReceivedProof (0.00s)
    --- PASS: TestTrigger_ReceivedProof/should_work_and_notify (0.00s)
    --- PASS: TestTrigger_ReceivedProof/should_not_update_trigger_should_early_exit (0.00s)
    --- PASS: TestTrigger_ReceivedProof/not_meta_block_should_exit (0.00s)
    --- PASS: TestTrigger_ReceivedProof/GetHeaderByHash_error_should_early_exit (0.00s)
    --- PASS: TestTrigger_ReceivedProof/early_exits (0.00s)
=== CONT  TestNewEpochStartTrigger_GetStorerReturnsErr/missing_BlockHeaderUnit
--- PASS: TestNewEpochStartTrigger_GetStorerReturnsErr (0.00s)
    --- PASS: TestNewEpochStartTrigger_GetStorerReturnsErr/missing_MetaBlockUnit (0.00s)
    --- PASS: TestNewEpochStartTrigger_GetStorerReturnsErr/missing_MetaHdrNonceHashDataUnit (0.00s)
    --- PASS: TestNewEpochStartTrigger_GetStorerReturnsErr/missing_BootstrapUnit (0.00s)
    --- PASS: TestNewEpochStartTrigger_GetStorerReturnsErr/missing_BlockHeaderUnit (0.00s)
=== CONT  TestTrigger_UpdateMissingValidatorsInfo/update_missing_validators_when_there_are_no_missing_validators
[0;33mWARN [0m[2026-03-16 10:13:45.868]   different delay for request block info: the epoch change trigger might not behave normally [0;33mvalue from config[0m = 0s [0;33mexpected[0m = 3s 
=== CONT  TestValidatorInfoProcessor_ReceivedValidatorInfo/received_validators_info_with_missing_validator_info
--- PASS: TestValidatorInfoProcessor_ReceivedValidatorInfo (0.00s)
    --- PASS: TestValidatorInfoProcessor_ReceivedValidatorInfo/received_validators_info_with_wrong_type_assertion (0.00s)
    --- PASS: TestValidatorInfoProcessor_ReceivedValidatorInfo/received_validators_info_with_already_received_validator_info (0.00s)
    --- PASS: TestValidatorInfoProcessor_ReceivedValidatorInfo/received_validators_info_with_not_requested_validator_info (0.00s)
    --- PASS: TestValidatorInfoProcessor_ReceivedValidatorInfo/received_validators_info_with_missing_validator_info (0.00s)
=== CONT  TestNewEpochStartTrigger_NilStorageShouldErr
--- PASS: TestNewEpochStartTrigger_NilStorageShouldErr (0.00s)
=== CONT  TestNewEpochStartTrigger_NilDataPoolShouldErr
--- PASS: TestNewEpochStartTrigger_NilDataPoolShouldErr (0.00s)
=== CONT  TestNewEpochStartTrigger_NilHeaderShouldErr
--- PASS: TestNewEpochStartTrigger_NilHeaderShouldErr (0.00s)
=== CONT  TestNewEpochStartTrigger_NilMarshalizerShouldErr
--- PASS: TestNewEpochStartTrigger_NilMarshalizerShouldErr (0.00s)
=== CONT  TestNewEpochStartTrigger_NilHasherShouldErr
--- PASS: TestNewEpochStartTrigger_NilHasherShouldErr (0.00s)
=== CONT  TestNewEpochStartTrigger_NilArgumentsShouldErr
--- PASS: TestNewEpochStartTrigger_NilArgumentsShouldErr (0.00s)
=== CONT  TestTrigger_LoadStateBackwardsCompatibility
[0;33mWARN [0m[2026-03-16 10:13:45.868]   different delay for request block info: the epoch change trigger might not behave normally [0;33mvalue from config[0m = 0s [0;33mexpected[0m = 3s 
=== CONT  TestTrigger_UpdateMissingValidatorsInfo/update_missing_validators_when_there_are_missing_validators
[0;33mWARN [0m[2026-03-16 10:13:45.868]   different delay for request block info: the epoch change trigger might not behave normally [0;33mvalue from config[0m = 0s [0;33mexpected[0m = 3s 
--- PASS: TestTrigger_LoadStateBackwardsCompatibility (0.00s)
=== CONT  TestTrigger_LoadHeaderV2StateAfterSave
--- PASS: TestTrigger_UpdateMissingValidatorsInfo (0.00s)
    --- PASS: TestTrigger_UpdateMissingValidatorsInfo/update_missing_validators_when_there_are_no_missing_validators (0.00s)
    --- PASS: TestTrigger_UpdateMissingValidatorsInfo/update_missing_validators_when_there_are_missing_validators (0.00s)
=== CONT  TestValidatorInfoProcessor_SyncValidatorsInfo/sync_validators_info_without_missing_validators_info
[0;33mWARN [0m[2026-03-16 10:13:45.868]   different delay for request block info: the epoch change trigger might not behave normally [0;33mvalue from config[0m = 0s [0;33mexpected[0m = 3s 
=== CONT  TestValidatorInfoProcessor_SyncValidatorsInfo/sync_validators_info_with_missing_validators_info
=== CONT  TestTrigger_LoadHeaderV1StateAfterSave
[0;33mWARN [0m[2026-03-16 10:13:45.868]   different delay for request block info: the epoch change trigger might not behave normally [0;33mvalue from config[0m = 0s [0;33mexpected[0m = 3s 
--- PASS: TestTrigger_LoadHeaderV2StateAfterSave (0.00s)
=== CONT  TestValidatorInfoProcessor_GetAllMissingValidatorsInfoHashesShouldWork
--- PASS: TestValidatorInfoProcessor_GetAllMissingValidatorsInfoHashesShouldWork (0.00s)
=== CONT  TestValidatorInfoProcessor_RetrieveMissingValidatorsInfo
=== RUN   TestValidatorInfoProcessor_RetrieveMissingValidatorsInfo/retrieve_missing_validators_info_without_missing_validators_info
=== PAUSE TestValidatorInfoProcessor_RetrieveMissingValidatorsInfo/retrieve_missing_validators_info_without_missing_validators_info
=== RUN   TestValidatorInfoProcessor_RetrieveMissingValidatorsInfo/retrieve_missing_validators_info_with_not_all_validators_info_received
=== PAUSE TestValidatorInfoProcessor_RetrieveMissingValidatorsInfo/retrieve_missing_validators_info_with_not_all_validators_info_received
--- PASS: TestTrigger_LoadHeaderV1StateAfterSave (0.00s)
=== RUN   TestValidatorInfoProcessor_RetrieveMissingValidatorsInfo/retrieve_missing_validators_info_with_all_validators_info_received
=== PAUSE TestValidatorInfoProcessor_RetrieveMissingValidatorsInfo/retrieve_missing_validators_info_with_all_validators_info_received
=== CONT  TestValidatorInfoProcessor_RetrieveMissingValidatorsInfo/retrieve_missing_validators_info_without_missing_validators_info
=== CONT  TestValidatorInfoProcessor_RetrieveMissingValidatorsInfo/retrieve_missing_validators_info_with_all_validators_info_received
=== CONT  TestValidatorInfoProcessor_RetrieveMissingValidatorsInfo/retrieve_missing_validators_info_with_not_all_validators_info_received
[0;31mERROR[0m[2026-03-16 10:13:45.962]   receivedMiniBlock                        [0;31mkey[0m = 7b227478486173686573223a5b2265794a7764574a7361574e4c5a586b694f6d353162477773496e4e6f59584a6b535751694f6a4173496d7870633351694f6949694c434a70626d526c654349364d4377696447567463464a6864476c755a7949364d437769636d46306157356e496a6f774c434a7959585270626d644e623252705a6d6c6c636949364d437769624756685a4756795533566a5932567a637949364d437769624756685a475679526d4670624856795a5349364d437769646d467361575268644739795533566a5932567a637949364d437769646d46736157526864473979526d4670624856795a5349364d437769646d467361575268644739795357647562334a6c5a464e705a323568644856795a584d694f6a4173496d353162564e6c6247566a6447566b5357355464574e6a5a584e7a516d78765932747a496a6f774c434a30623352686245786c5957526c636c4e3159324e6c63334d694f6a4173496e527664474673544756685a475679526d4670624856795a5349364d4377696447393059577857595778705a47463062334a5464574e6a5a584e7a496a6f774c434a306233526862465a6862476c6b59585276636b5a6861577831636d55694f6a4173496e527664474673566d467361575268644739795357647562334a6c5a464e705a323568644856795a584d694f6a4239225d2c22726563656976657253686172644944223a343239343936373238302c2273656e64657253686172644944223a343239343936373239352c2274797065223a36307d [0;31merror[0m = wrong type assertion 
--- PASS: TestValidatorInfoProcessor_SyncValidatorsInfo (0.00s)
    --- PASS: TestValidatorInfoProcessor_SyncValidatorsInfo/sync_validators_info_with_nil_block_body (0.00s)
    --- PASS: TestValidatorInfoProcessor_SyncValidatorsInfo/sync_validators_info_without_missing_validators_info (0.00s)
    --- PASS: TestValidatorInfoProcessor_SyncValidatorsInfo/sync_validators_info_with_missing_validators_info (5.00s)
--- PASS: TestValidatorInfoProcessor_RetrieveMissingValidatorsInfo (0.00s)
    --- PASS: TestValidatorInfoProcessor_RetrieveMissingValidatorsInfo/retrieve_missing_validators_info_without_missing_validators_info (0.00s)
    --- PASS: TestValidatorInfoProcessor_RetrieveMissingValidatorsInfo/retrieve_missing_validators_info_with_all_validators_info_received (2.50s)
    --- PASS: TestValidatorInfoProcessor_RetrieveMissingValidatorsInfo/retrieve_missing_validators_info_with_not_all_validators_info_received (5.00s)
PASS
ok  	github.com/TerraDharitri/drt-go-chain/epochStart/shardchain	(cached)
=== RUN   TestHexAddressToBech32Address
=== PAUSE TestHexAddressToBech32Address
=== RUN   TestBech32AddressToHexAddress
=== PAUSE TestBech32AddressToHexAddress
=== RUN   TestShardOfAddress
=== PAUSE TestShardOfAddress
=== RUN   TestSystemSCsAddressesAndSpecialAddresses
+--------------------------------+----------------------------------------------------------------+
| Smart contract/Special address | Address                                                        |
+--------------------------------+----------------------------------------------------------------+
| Contract deploy                | drt1qqqqqqqqqqqqqqqqqqqqqqqqqqqqqqqqqqqqqqqqqqqqqqqqqqqq85hk5z |
| Staking                        | drt1qqqqqqqqqqqqqqqpqqqqqqqqqqqqqqqqqqqqqqqqqqqqqqqqlllsjr0pnq |
| Validator                      | drt1qqqqqqqqqqqqqqqpqqqqqqqqqqqqqqqqqqqqqqqqqqqqqqqplllskzf8kp |
| DCDT                           | drt1qqqqqqqqqqqqqqqpqqqqqqqqqqqqqqqqqqqqqqqqqqqqqqqzllls6prdez |
| Governance                     | drt1qqqqqqqqqqqqqqqpqqqqqqqqqqqqqqqqqqqqqqqqqqqqqqqrllls7q9tur |
| Jailing address                | drt1qqqqqqqqqqqqqqqpqqqqqqqqqrlllllllllllllllllllllllllswxc2vg |
| End of epoch address           | drt1qqqqqqqqqqqqqqqpqqqqqqqqllllllllllllllllllllllllllls7el70e |
| Delegation manager             | drt1qqqqqqqqqqqqqqqpqqqqqqqqqqqqqqqqqqqqqqqqqqqqqqqylllsz8he8y |
| First delegation               | drt1qqqqqqqqqqqqqqqpqqqqqqqqqqqqqqqqqqqqqqqqqqqqqq0llllsa22qry |
| Genesis Minting Address        | drt17rc0pu8s7rc0pu8s7rc0pu8s7rc0pu8s7rc0pu8s7rc0pu8s7rcqa2qg80 |
| System Account Address         | drt1llllllllllllllllllllllllllllllllllllllllllllllllllls9258a4 |
| DCDT Global Settings Shard 0   | drt1llllllllllllllllllllllllllllllllllllllllllllllllluqqh8x2vh |
| DCDT Global Settings Shard 1   | drt1llllllllllllllllllllllllllllllllllllllllllllllllluqszxwjey |
| DCDT Global Settings Shard 2   | drt1lllllllllllllllllllllllllllllllllllllllllllllllllupqc6fs83 |
+--------------------------------+----------------------------------------------------------------+

--- PASS: TestSystemSCsAddressesAndSpecialAddresses (0.00s)
=== RUN   TestBLSSigning
message: message to be signed
publicKey: cb66c844dc64e0cab854997df9b3fd1b1c071ee25e6634e6b95bdb15f0acb38e7c5ac20d02f231a03fde3abb8220951328a7f550915ff9da4a1960c8005d6dfabc50f776bd17433f29e8d0566871380b439024a70dfade593173c6462ad49318
signature: 00b41a7b718a85c64407964c0b7b7bf1fbf576886693d8826577f94f8d724835067e2ec05b0267d735facce2571e8b0a

--- PASS: TestBLSSigning (0.00s)
=== RUN   TestConstructTransaction_NoDataNoValue
--- PASS: TestConstructTransaction_NoDataNoValue (0.00s)
=== RUN   TestConstructTransaction_Usernames
--- PASS: TestConstructTransaction_Usernames (0.00s)
=== RUN   TestConstructTransaction_WithDataNoValue
--- PASS: TestConstructTransaction_WithDataNoValue (0.00s)
=== RUN   TestConstructTransaction_WithDataWithValue
--- PASS: TestConstructTransaction_WithDataWithValue (0.00s)
=== RUN   TestConstructTransaction_WithDataWithLargeValue
--- PASS: TestConstructTransaction_WithDataWithLargeValue (0.00s)
=== RUN   TestConstructTransaction_WithGuardianFields
--- PASS: TestConstructTransaction_WithGuardianFields (0.00s)
=== RUN   TestConstructTransaction_WithNonceZero
--- PASS: TestConstructTransaction_WithNonceZero (0.00s)
=== RUN   TestConstructMiniBlockHeaderReserved_WithMaxValues
size: 12
--- PASS: TestConstructMiniBlockHeaderReserved_WithMaxValues (0.00s)
=== RUN   TestVerifyMessageSignatureFromLedger
--- PASS: TestVerifyMessageSignatureFromLedger (0.00s)
=== RUN   TestVerifyMessageSignature
--- PASS: TestVerifyMessageSignature (0.00s)
=== RUN   TestMessageSigning
+--------------------------+----------------------------------------------------------------------------------------------------------------------------------+
| Parameter                | Value                                                                                                                            |
+--------------------------+----------------------------------------------------------------------------------------------------------------------------------+
| Message to sign          | custom message of Alice                                                                                                          |
| Bech32 Address of signer | drt1qyu5wthldzr8wx5c9ucg8kjagg0jfs53s8nr3zpz3hypefsdd8ssey5egf                                                                   |
| Hash that was signed     | 867f20e81c812b3eee6c52588ebd0eb57ddda306e63e7b1964330ed186d60745                                                                 |
| Signature                | 07e3e890e53c43e549800bd13540da28459f72d88b0b34f19c91e39a9fc5134ed75bbdeea63414db874e16837020e6d08448234613e130773d776ef645e27e00 |
+--------------------------+----------------------------------------------------------------------------------------------------------------------------------+

--- PASS: TestMessageSigning (0.00s)
=== RUN   TestComputeTokenStorageKey
=== PAUSE TestComputeTokenStorageKey
=== RUN   TestDecodeTokenFromProtoBytes
=== PAUSE TestDecodeTokenFromProtoBytes
=== CONT  TestHexAddressToBech32Address
--- PASS: TestHexAddressToBech32Address (0.00s)
=== CONT  TestShardOfAddress
=== CONT  TestComputeTokenStorageKey
=== CONT  TestBech32AddressToHexAddress
--- PASS: TestShardOfAddress (0.00s)
--- PASS: TestBech32AddressToHexAddress (0.00s)
--- PASS: TestComputeTokenStorageKey (0.00s)
=== CONT  TestDecodeTokenFromProtoBytes
--- PASS: TestDecodeTokenFromProtoBytes (0.00s)
PASS
ok  	github.com/TerraDharitri/drt-go-chain/examples	(cached)
=== RUN   TestNewNodeFacade
=== PAUSE TestNewNodeFacade
=== RUN   TestNodeFacade_GetBalanceWithValidAddressShouldReturnBalance
=== PAUSE TestNodeFacade_GetBalanceWithValidAddressShouldReturnBalance
=== RUN   TestNodeFacade_GetBalanceWithUnknownAddressShouldReturnZeroBalance
=== PAUSE TestNodeFacade_GetBalanceWithUnknownAddressShouldReturnZeroBalance
=== RUN   TestNodeFacade_GetBalanceWithErrorOnNodeShouldReturnZeroBalanceAndError
=== PAUSE TestNodeFacade_GetBalanceWithErrorOnNodeShouldReturnZeroBalanceAndError
=== RUN   TestNodeFacade_GetTransactionWithValidInputsShouldNotReturnError
=== PAUSE TestNodeFacade_GetTransactionWithValidInputsShouldNotReturnError
=== RUN   TestNodeFacade_GetTransactionWithUnknowHashShouldReturnNilAndNoError
=== PAUSE TestNodeFacade_GetTransactionWithUnknowHashShouldReturnNilAndNoError
=== RUN   TestNodeFacade_SetSyncer
=== PAUSE TestNodeFacade_SetSyncer
=== RUN   TestNodeFacade_GetAccount
=== PAUSE TestNodeFacade_GetAccount
=== RUN   TestNodeFacade_GetAccounts
=== PAUSE TestNodeFacade_GetAccounts
=== RUN   TestNodeFacade_GetUsername
=== PAUSE TestNodeFacade_GetUsername
=== RUN   TestNodeFacade_GetCodeHash
=== PAUSE TestNodeFacade_GetCodeHash
=== RUN   TestNodeFacade_GetHeartbeatsReturnsNilShouldErr
=== PAUSE TestNodeFacade_GetHeartbeatsReturnsNilShouldErr
=== RUN   TestNodeFacade_GetHeartbeats
=== PAUSE TestNodeFacade_GetHeartbeats
=== RUN   TestNodeFacade_GetDataValue
=== PAUSE TestNodeFacade_GetDataValue
=== RUN   TestNodeFacade_EmptyRestInterface
=== PAUSE TestNodeFacade_EmptyRestInterface
=== RUN   TestNodeFacade_RestInterface
=== PAUSE TestNodeFacade_RestInterface
=== RUN   TestNodeFacade_ValidatorStatisticsApi
=== PAUSE TestNodeFacade_ValidatorStatisticsApi
=== RUN   TestNodeFacade_SendBulkTransactions
=== PAUSE TestNodeFacade_SendBulkTransactions
=== RUN   TestNodeFacade_StatusMetrics
=== PAUSE TestNodeFacade_StatusMetrics
=== RUN   TestNodeFacade_PprofEnabled
=== PAUSE TestNodeFacade_PprofEnabled
=== RUN   TestNodeFacade_P2PPrometheusMetricsEnabled
=== PAUSE TestNodeFacade_P2PPrometheusMetricsEnabled
=== RUN   TestNodeFacade_RestAPIServerDebugMode
=== PAUSE TestNodeFacade_RestAPIServerDebugMode
=== RUN   TestNodeFacade_CreateTransaction
=== PAUSE TestNodeFacade_CreateTransaction
=== RUN   TestNodeFacade_Trigger
=== PAUSE TestNodeFacade_Trigger
=== RUN   TestNodeFacade_IsSelfTrigger
=== PAUSE TestNodeFacade_IsSelfTrigger
=== RUN   TestNodeFacade_EncodeDecodeAddressPubkey
=== PAUSE TestNodeFacade_EncodeDecodeAddressPubkey
=== RUN   TestNodeFacade_GetQueryHandler
=== PAUSE TestNodeFacade_GetQueryHandler
=== RUN   TestNodeFacade_GetPeerInfo
=== PAUSE TestNodeFacade_GetPeerInfo
=== RUN   TestNodeFacade_GetThrottlerForEndpointAntifloodDisabledShouldReturnDisabled
=== PAUSE TestNodeFacade_GetThrottlerForEndpointAntifloodDisabledShouldReturnDisabled
=== RUN   TestNodeFacade_GetThrottlerForEndpointNoConfigShouldReturnNilAndFalse
=== PAUSE TestNodeFacade_GetThrottlerForEndpointNoConfigShouldReturnNilAndFalse
=== RUN   TestNodeFacade_GetThrottlerForEndpointNotFoundShouldReturnNilAndFalse
=== PAUSE TestNodeFacade_GetThrottlerForEndpointNotFoundShouldReturnNilAndFalse
=== RUN   TestNodeFacade_GetThrottlerForEndpointShouldFindAndReturn
=== PAUSE TestNodeFacade_GetThrottlerForEndpointShouldFindAndReturn
=== RUN   TestNodeFacade_GetKeyValuePairs
=== PAUSE TestNodeFacade_GetKeyValuePairs
=== RUN   TestNodeFacade_GetGuardianData
=== PAUSE TestNodeFacade_GetGuardianData
=== RUN   TestNodeFacade_GetAllDCDTTokens
=== PAUSE TestNodeFacade_GetAllDCDTTokens
=== RUN   TestNodeFacade_GetDCDTData
=== PAUSE TestNodeFacade_GetDCDTData
=== RUN   TestNodeFacade_GetValueForKey
=== PAUSE TestNodeFacade_GetValueForKey
=== RUN   TestNodeFacade_GetAllIssuedDCDTs
=== PAUSE TestNodeFacade_GetAllIssuedDCDTs
=== RUN   TestNodeFacade_GetDCDTsWithRole
=== PAUSE TestNodeFacade_GetDCDTsWithRole
=== RUN   TestNodeFacade_GetNFTTokenIDsRegisteredByAddress
=== PAUSE TestNodeFacade_GetNFTTokenIDsRegisteredByAddress
=== RUN   TestNodeFacade_GetAllIssuedDCDTsWithError
=== PAUSE TestNodeFacade_GetAllIssuedDCDTsWithError
=== RUN   TestNodeFacade_ValidateTransactionForSimulation
=== PAUSE TestNodeFacade_ValidateTransactionForSimulation
=== RUN   TestNodeFacade_GetTotalStakedValue
=== PAUSE TestNodeFacade_GetTotalStakedValue
=== RUN   TestNodeFacade_GetDelegatorsList
=== PAUSE TestNodeFacade_GetDelegatorsList
=== RUN   TestNodeFacade_GetDirectStakedList
=== PAUSE TestNodeFacade_GetDirectStakedList
=== RUN   TestNodeFacade_GetProofCurrentRootHashIsEmptyShouldErr
=== PAUSE TestNodeFacade_GetProofCurrentRootHashIsEmptyShouldErr
=== RUN   TestNodeFacade_GetProof
=== PAUSE TestNodeFacade_GetProof
=== RUN   TestNodeFacade_GetProofCurrentRootHash
=== PAUSE TestNodeFacade_GetProofCurrentRootHash
=== RUN   TestNodeFacade_GetProofDataTrie
=== PAUSE TestNodeFacade_GetProofDataTrie
=== RUN   TestNodeFacade_VerifyProof
=== PAUSE TestNodeFacade_VerifyProof
=== RUN   TestNodeFacade_IsDataTrieMigrated
=== PAUSE TestNodeFacade_IsDataTrieMigrated
=== RUN   TestNodeFacade_GetManagedKeysCount
=== PAUSE TestNodeFacade_GetManagedKeysCount
=== RUN   TestNodeFacade_GetManagedKeys
=== PAUSE TestNodeFacade_GetManagedKeys
=== RUN   TestNodeFacade_GetWaitingManagedKeys
=== PAUSE TestNodeFacade_GetWaitingManagedKeys
=== RUN   TestNodeFacade_GetEligibleManagedKeys
=== PAUSE TestNodeFacade_GetEligibleManagedKeys
=== RUN   TestNodeFacade_GetLoadedKeys
=== PAUSE TestNodeFacade_GetLoadedKeys
=== RUN   TestNodeFacade_GetWaitingEpochsLeftForPublicKey
=== PAUSE TestNodeFacade_GetWaitingEpochsLeftForPublicKey
=== RUN   TestNodeFacade_ExecuteSCQuery
=== PAUSE TestNodeFacade_ExecuteSCQuery
=== RUN   TestNodeFacade_GetBlockByRoundShouldWork
=== PAUSE TestNodeFacade_GetBlockByRoundShouldWork
=== RUN   TestNodeFacade_GetInternalMetaBlockByNonceShouldWork
=== PAUSE TestNodeFacade_GetInternalMetaBlockByNonceShouldWork
=== RUN   TestNodeFacade_GetInternalMetaBlockByRoundShouldWork
=== PAUSE TestNodeFacade_GetInternalMetaBlockByRoundShouldWork
=== RUN   TestNodeFacade_GetInternalMetaBlockByHashShouldWork
=== PAUSE TestNodeFacade_GetInternalMetaBlockByHashShouldWork
=== RUN   TestNodeFacade_GetInternalShardBlockByNonceShouldWork
=== PAUSE TestNodeFacade_GetInternalShardBlockByNonceShouldWork
=== RUN   TestNodeFacade_GetInternalShardBlockByRoundShouldWork
=== PAUSE TestNodeFacade_GetInternalShardBlockByRoundShouldWork
=== RUN   TestNodeFacade_GetInternalShardBlockByHashShouldWork
=== PAUSE TestNodeFacade_GetInternalShardBlockByHashShouldWork
=== RUN   TestNodeFacade_GetInternalMiniBlockByHashShouldWork
=== PAUSE TestNodeFacade_GetInternalMiniBlockByHashShouldWork
=== RUN   TestFacade_convertVmOutputToApiResponseNilLogData
--- PASS: TestFacade_convertVmOutputToApiResponseNilLogData (0.00s)
=== RUN   TestFacade_convertVmOutputToApiResponseEmptyLogData
--- PASS: TestFacade_convertVmOutputToApiResponseEmptyLogData (0.00s)
=== RUN   TestFacade_convertVmOutputToApiResponseSingleLogData
--- PASS: TestFacade_convertVmOutputToApiResponseSingleLogData (0.00s)
=== RUN   TestFacade_convertVmOutputToApiResponseMultiLogData
--- PASS: TestFacade_convertVmOutputToApiResponseMultiLogData (0.00s)
=== RUN   TestNodeFacade_GetTransactionsPool
=== PAUSE TestNodeFacade_GetTransactionsPool
=== RUN   TestNodeFacade_GetGenesisNodesPubKeys
=== PAUSE TestNodeFacade_GetGenesisNodesPubKeys
=== RUN   TestNodeFacade_GetGenesisBalances
=== PAUSE TestNodeFacade_GetGenesisBalances
=== RUN   TestGetGasConfigs
=== PAUSE TestGetGasConfigs
=== RUN   TestNodeFacade_GetTransactionsPoolForSender
=== PAUSE TestNodeFacade_GetTransactionsPoolForSender
=== RUN   TestNodeFacade_GetLastPoolNonceForSender
=== PAUSE TestNodeFacade_GetLastPoolNonceForSender
=== RUN   TestNodeFacade_GetTransactionsPoolNonceGapsForSender
=== PAUSE TestNodeFacade_GetTransactionsPoolNonceGapsForSender
=== RUN   TestNodeFacade_InternalValidatorsInfo
=== PAUSE TestNodeFacade_InternalValidatorsInfo
=== RUN   TestNodeFacade_GetDCDTsRoles
=== PAUSE TestNodeFacade_GetDCDTsRoles
=== RUN   TestNodeFacade_GetTokenSupply
=== PAUSE TestNodeFacade_GetTokenSupply
=== RUN   TestNodeFacade_ValidateTransaction
=== PAUSE TestNodeFacade_ValidateTransaction
=== RUN   TestNodeFacade_SimulateTransactionExecution
=== PAUSE TestNodeFacade_SimulateTransactionExecution
=== RUN   TestNodeFacade_ComputeTransactionGasLimit
=== PAUSE TestNodeFacade_ComputeTransactionGasLimit
=== RUN   TestNodeFacade_GetEpochStartDataAPI
=== PAUSE TestNodeFacade_GetEpochStartDataAPI
=== RUN   TestNodeFacade_GetConnectedPeersRatingsOnMainNetwork
=== PAUSE TestNodeFacade_GetConnectedPeersRatingsOnMainNetwork
=== RUN   TestNodeFacade_GetBlockByHash
=== PAUSE TestNodeFacade_GetBlockByHash
=== RUN   TestNodeFacade_GetBlockByNonce
=== PAUSE TestNodeFacade_GetBlockByNonce
=== RUN   TestNodeFacade_GetAlteredAccountsForBlock
=== PAUSE TestNodeFacade_GetAlteredAccountsForBlock
=== RUN   TestNodeFacade_GetInternalStartOfEpochMetaBlock
=== PAUSE TestNodeFacade_GetInternalStartOfEpochMetaBlock
=== RUN   TestNodeFacade_Close
=== PAUSE TestNodeFacade_Close
=== RUN   TestNodeFacade_IsInterfaceNil
=== PAUSE TestNodeFacade_IsInterfaceNil
=== CONT  TestNewNodeFacade
=== RUN   TestNewNodeFacade/nil_Node_should_error
=== PAUSE TestNewNodeFacade/nil_Node_should_error
=== RUN   TestNewNodeFacade/nil_ApiResolver_should_error
=== PAUSE TestNewNodeFacade/nil_ApiResolver_should_error
=== RUN   TestNewNodeFacade/invalid_ApiRoutesConfig_should_error
=== PAUSE TestNewNodeFacade/invalid_ApiRoutesConfig_should_error
=== RUN   TestNewNodeFacade/invalid_SimultaneousRequests_should_error
=== PAUSE TestNewNodeFacade/invalid_SimultaneousRequests_should_error
=== RUN   TestNewNodeFacade/invalid_SameSourceRequests_should_error
=== PAUSE TestNewNodeFacade/invalid_SameSourceRequests_should_error
=== CONT  TestNodeFacade_GetDirectStakedList
=== CONT  TestNodeFacade_SendBulkTransactions
=== CONT  TestNodeFacade_CreateTransaction
=== RUN   TestNewNodeFacade/invalid_SameSourceResetIntervalInSec_should_error
--- PASS: TestNodeFacade_GetDirectStakedList (0.00s)
=== CONT  TestNodeFacade_P2PPrometheusMetricsEnabled
=== CONT  TestNodeFacade_GetAccounts
--- PASS: TestNodeFacade_P2PPrometheusMetricsEnabled (0.00s)
=== CONT  TestNodeFacade_GetAccount
=== RUN   TestNodeFacade_GetAccounts/too_many_addresses_in_bulk
=== RUN   TestNodeFacade_GetAccount/should_error
=== CONT  TestNodeFacade_SetSyncer
=== CONT  TestNodeFacade_GetTransactionWithUnknowHashShouldReturnNilAndNoError
--- PASS: TestNodeFacade_SendBulkTransactions (0.00s)
--- PASS: TestNodeFacade_CreateTransaction (0.00s)
--- PASS: TestNodeFacade_GetTransactionWithUnknowHashShouldReturnNilAndNoError (0.00s)
=== CONT  TestNodeFacade_StatusMetrics
=== CONT  TestNodeFacade_GetTransactionWithValidInputsShouldNotReturnError
--- PASS: TestNodeFacade_StatusMetrics (0.00s)
--- PASS: TestNodeFacade_GetTransactionWithValidInputsShouldNotReturnError (0.00s)
=== CONT  TestNodeFacade_PprofEnabled
=== CONT  TestNodeFacade_GetBalanceWithUnknownAddressShouldReturnZeroBalance
=== CONT  TestNodeFacade_GetBalanceWithValidAddressShouldReturnBalance
=== CONT  TestNodeFacade_GetLoadedKeys
=== CONT  TestNodeFacade_GetInternalShardBlockByRoundShouldWork
=== CONT  TestNodeFacade_GetInternalShardBlockByHashShouldWork
=== PAUSE TestNodeFacade_GetAccounts/too_many_addresses_in_bulk
=== CONT  TestNodeFacade_GetInternalShardBlockByNonceShouldWork
=== CONT  TestNodeFacade_GetTransactionsPool
=== PAUSE TestNewNodeFacade/invalid_SameSourceResetIntervalInSec_should_error
=== RUN   TestNewNodeFacade/invalid_TrieOperationsDeadlineMilliseconds_should_error
=== PAUSE TestNewNodeFacade/invalid_TrieOperationsDeadlineMilliseconds_should_error
=== RUN   TestNewNodeFacade/nil_AccountsState_should_error
=== PAUSE TestNodeFacade_GetAccount/should_error
=== CONT  TestNodeFacade_GetBalanceWithErrorOnNodeShouldReturnZeroBalanceAndError
=== RUN   TestNodeFacade_GetAccount/should_work
=== CONT  TestNodeFacade_GetInternalMetaBlockByRoundShouldWork
=== PAUSE TestNodeFacade_GetAccount/should_work
=== CONT  TestNodeFacade_GetInternalMetaBlockByNonceShouldWork
=== CONT  TestNodeFacade_GetBlockByRoundShouldWork
=== CONT  TestNodeFacade_ExecuteSCQuery
=== RUN   TestNodeFacade_ExecuteSCQuery/should_error
=== PAUSE TestNodeFacade_ExecuteSCQuery/should_error
=== RUN   TestNodeFacade_ExecuteSCQuery/should_work
=== PAUSE TestNodeFacade_ExecuteSCQuery/should_work
=== CONT  TestNodeFacade_IsInterfaceNil
=== CONT  TestNodeFacade_GetDataValue
=== CONT  TestNodeFacade_GetWaitingEpochsLeftForPublicKey
=== CONT  TestNodeFacade_GetInternalStartOfEpochMetaBlock
=== CONT  TestNodeFacade_GetTokenSupply
=== CONT  TestNodeFacade_Close
=== CONT  TestNodeFacade_GetDCDTsRoles
=== CONT  TestNodeFacade_GetAlteredAccountsForBlock
=== CONT  TestNodeFacade_GetHeartbeats
=== CONT  TestNodeFacade_InternalValidatorsInfo
=== RUN   TestNodeFacade_InternalValidatorsInfo/should_fail_on_facade_error
=== CONT  TestNodeFacade_GetTransactionsPoolNonceGapsForSender
=== PAUSE TestNodeFacade_InternalValidatorsInfo/should_fail_on_facade_error
=== RUN   TestNodeFacade_GetTransactionsPoolNonceGapsForSender/GetAccount_error_should_error
=== PAUSE TestNodeFacade_GetTransactionsPoolNonceGapsForSender/GetAccount_error_should_error
=== CONT  TestNodeFacade_GetLastPoolNonceForSender
=== RUN   TestNodeFacade_GetTransactionsPoolNonceGapsForSender/should_error
=== PAUSE TestNodeFacade_GetTransactionsPoolNonceGapsForSender/should_error
=== RUN   TestNodeFacade_GetTransactionsPoolNonceGapsForSender/should_work
=== PAUSE TestNodeFacade_GetTransactionsPoolNonceGapsForSender/should_work
=== RUN   TestNodeFacade_InternalValidatorsInfo/should_work
=== PAUSE TestNodeFacade_InternalValidatorsInfo/should_work
=== CONT  TestNodeFacade_GetBlockByNonce
=== CONT  TestNodeFacade_GetBlockByHash
=== CONT  TestNodeFacade_GetConnectedPeersRatingsOnMainNetwork
=== CONT  TestNodeFacade_GetEpochStartDataAPI
[{pk1 2026-03-16 10:13:41.241964823 +0530 IST m=+0.006014652 true 0 0     0 0 0  0} {pk2 2026-03-16 10:13:41.241964863 +0530 IST m=+0.006014702 true 0 0     0 0 0  0}]
=== CONT  TestNodeFacade_ComputeTransactionGasLimit
=== CONT  TestNodeFacade_GetTransactionsPoolForSender
=== CONT  TestGetGasConfigs
=== RUN   TestNodeFacade_GetTransactionsPoolForSender/should_error
=== RUN   TestGetGasConfigs/empty_gas_configs_map
=== PAUSE TestNodeFacade_GetTransactionsPoolForSender/should_error
=== PAUSE TestGetGasConfigs/empty_gas_configs_map
=== RUN   TestGetGasConfigs/should_work
=== PAUSE TestGetGasConfigs/should_work
=== RUN   TestNodeFacade_GetLastPoolNonceForSender/should_error
=== PAUSE TestNodeFacade_GetLastPoolNonceForSender/should_error
=== RUN   TestNodeFacade_GetLastPoolNonceForSender/should_work
=== PAUSE TestNodeFacade_GetLastPoolNonceForSender/should_work
=== RUN   TestNodeFacade_GetTransactionsPoolForSender/should_work
=== PAUSE TestNodeFacade_GetTransactionsPoolForSender/should_work
=== CONT  TestNodeFacade_GetGenesisBalances
=== CONT  TestNodeFacade_SimulateTransactionExecution
=== RUN   TestNodeFacade_GetGenesisBalances/GetGenesisBalances_error_should_return_error
=== CONT  TestNodeFacade_GetGenesisNodesPubKeys
=== CONT  TestNodeFacade_GetHeartbeatsReturnsNilShouldErr
=== PAUSE TestNodeFacade_GetGenesisBalances/GetGenesisBalances_error_should_return_error
=== CONT  TestNodeFacade_GetTotalStakedValue
=== RUN   TestNodeFacade_GetGenesisNodesPubKeys/should_return_error
=== RUN   TestNodeFacade_GetGenesisBalances/GetGenesisBalances_returns_empty_initial_accounts_should_return_error
=== PAUSE TestNodeFacade_GetGenesisNodesPubKeys/should_return_error
=== RUN   TestNodeFacade_GetGenesisNodesPubKeys/should_work
=== PAUSE TestNodeFacade_GetGenesisNodesPubKeys/should_work
=== CONT  TestNodeFacade_GetDelegatorsList
=== CONT  TestNodeFacade_ValidateTransactionForSimulation
=== CONT  TestNodeFacade_GetValueForKey
=== CONT  TestNodeFacade_GetAllIssuedDCDTs
=== CONT  TestNodeFacade_GetDCDTData
=== CONT  TestNodeFacade_GetAllIssuedDCDTsWithError
=== CONT  TestNodeFacade_RestAPIServerDebugMode
=== CONT  TestNodeFacade_GetNFTTokenIDsRegisteredByAddress
=== CONT  TestNodeFacade_GetThrottlerForEndpointAntifloodDisabledShouldReturnDisabled
=== CONT  TestNodeFacade_GetKeyValuePairs
=== CONT  TestNodeFacade_GetAllDCDTTokens
=== CONT  TestNodeFacade_GetThrottlerForEndpointNotFoundShouldReturnNilAndFalse
=== CONT  TestNodeFacade_GetThrottlerForEndpointShouldFindAndReturn
=== CONT  TestNodeFacade_VerifyProof
=== CONT  TestNodeFacade_GetThrottlerForEndpointNoConfigShouldReturnNilAndFalse
=== CONT  TestNodeFacade_GetProof
=== CONT  TestNodeFacade_GetEligibleManagedKeys
=== CONT  TestNodeFacade_GetProofDataTrie
=== CONT  TestNodeFacade_GetWaitingManagedKeys
=== CONT  TestNodeFacade_GetManagedKeys
=== CONT  TestNodeFacade_GetManagedKeysCount
=== CONT  TestNodeFacade_GetPeerInfo
=== CONT  TestNodeFacade_IsSelfTrigger
=== CONT  TestNodeFacade_EncodeDecodeAddressPubkey
=== CONT  TestNodeFacade_ValidateTransaction
=== CONT  TestNodeFacade_IsDataTrieMigrated
=== CONT  TestNodeFacade_Trigger
=== RUN   TestNodeFacade_IsDataTrieMigrated/should_return_false_if_trie_is_not_migrated
=== CONT  TestNodeFacade_GetProofCurrentRootHashIsEmptyShouldErr
=== PAUSE TestNodeFacade_IsDataTrieMigrated/should_return_false_if_trie_is_not_migrated
=== CONT  TestNodeFacade_GetQueryHandler
=== RUN   TestNodeFacade_IsDataTrieMigrated/should_return_true_if_trie_is_migrated
=== PAUSE TestNodeFacade_IsDataTrieMigrated/should_return_true_if_trie_is_migrated
=== RUN   TestNodeFacade_IsDataTrieMigrated/should_return_error_if_node_returns_err
=== PAUSE TestNodeFacade_IsDataTrieMigrated/should_return_error_if_node_returns_err
=== CONT  TestNodeFacade_GetProofCurrentRootHash
=== CONT  TestNodeFacade_GetAccount/should_work
=== CONT  TestNodeFacade_ExecuteSCQuery/should_work
=== CONT  TestNodeFacade_GetTransactionsPoolNonceGapsForSender/GetAccount_error_should_error
=== CONT  TestNodeFacade_GetTransactionsPoolNonceGapsForSender/should_work
=== CONT  TestNodeFacade_GetTransactionsPoolNonceGapsForSender/should_error
=== CONT  TestNodeFacade_InternalValidatorsInfo/should_fail_on_facade_error
=== CONT  TestNodeFacade_InternalValidatorsInfo/should_work
=== CONT  TestGetGasConfigs/empty_gas_configs_map
=== CONT  TestNodeFacade_GetLastPoolNonceForSender/should_error
=== CONT  TestGetGasConfigs/should_work
=== CONT  TestNodeFacade_GetTransactionsPoolForSender/should_error
=== CONT  TestNodeFacade_GetTransactionsPoolForSender/should_work
=== CONT  TestNodeFacade_GetLastPoolNonceForSender/should_work
=== CONT  TestNodeFacade_GetGenesisNodesPubKeys/should_return_error
=== CONT  TestNodeFacade_GetGenesisNodesPubKeys/should_work
=== CONT  TestNodeFacade_IsDataTrieMigrated/should_return_false_if_trie_is_not_migrated
=== CONT  TestNodeFacade_ExecuteSCQuery/should_error
=== CONT  TestNodeFacade_IsDataTrieMigrated/should_return_error_if_node_returns_err
=== CONT  TestNodeFacade_IsDataTrieMigrated/should_return_true_if_trie_is_migrated
=== CONT  TestNodeFacade_GetAccount/should_error
=== RUN   TestNodeFacade_GetAccounts/node_responds_with_error,_should_err
=== PAUSE TestNodeFacade_GetAccounts/node_responds_with_error,_should_err
=== RUN   TestNodeFacade_GetAccounts/should_work
=== PAUSE TestNodeFacade_GetAccounts/should_work
=== CONT  TestNodeFacade_GetAccounts/too_many_addresses_in_bulk
=== CONT  TestNodeFacade_GetAccounts/should_work
=== RUN   TestNodeFacade_GetTransactionsPool/should_error
=== PAUSE TestNodeFacade_GetTransactionsPool/should_error
=== CONT  TestNodeFacade_GetAccounts/node_responds_with_error,_should_err
=== RUN   TestNodeFacade_GetTransactionsPool/should_work
=== CONT  TestNodeFacade_GetInternalMetaBlockByHashShouldWork
=== PAUSE TestNodeFacade_GetTransactionsPool/should_work
=== CONT  TestNodeFacade_GetTransactionsPool/should_error
=== PAUSE TestNewNodeFacade/nil_AccountsState_should_error
=== CONT  TestNodeFacade_GetTransactionsPool/should_work
=== RUN   TestNewNodeFacade/nil_PeerState_should_error
=== PAUSE TestNewNodeFacade/nil_PeerState_should_error
=== RUN   TestNewNodeFacade/nil_Blockchain_should_error
=== PAUSE TestNewNodeFacade/nil_Blockchain_should_error
=== RUN   TestNewNodeFacade/should_work
=== PAUSE TestNewNodeFacade/should_work
=== CONT  TestNewNodeFacade/nil_Node_should_error
=== CONT  TestNewNodeFacade/invalid_TrieOperationsDeadlineMilliseconds_should_error
=== CONT  TestNewNodeFacade/invalid_SameSourceResetIntervalInSec_should_error
=== CONT  TestNodeFacade_GetInternalMiniBlockByHashShouldWork
=== CONT  TestNewNodeFacade/nil_PeerState_should_error
=== CONT  TestNodeFacade_GetGuardianData
=== CONT  TestNewNodeFacade/should_work
=== CONT  TestNewNodeFacade/nil_Blockchain_should_error
=== RUN   TestNodeFacade_GetGuardianData/with_error
=== CONT  TestNewNodeFacade/invalid_SameSourceRequests_should_error
=== CONT  TestNewNodeFacade/invalid_ApiRoutesConfig_should_error
=== CONT  TestNewNodeFacade/nil_ApiResolver_should_error
=== CONT  TestNodeFacade_GetDCDTsWithRole
=== CONT  TestNodeFacade_GetUsername
=== PAUSE TestNodeFacade_GetGenesisBalances/GetGenesisBalances_returns_empty_initial_accounts_should_return_error
=== RUN   TestNodeFacade_GetGenesisBalances/should_work
[0;33mWARN [0m[2026-03-16 10:13:41.242]   error when setting the maximum go routines throttler for endpoint [0;33mendpoint[0m = endpoint_2 [0;33mmax go routines[0m = 0 [0;33merror[0m = the provided value is not positive 
=== PAUSE TestNodeFacade_GetGenesisBalances/should_work
=== CONT  TestNodeFacade_ValidatorStatisticsApi
--- PASS: TestNodeFacade_SetSyncer (0.00s)
--- PASS: TestNodeFacade_PprofEnabled (0.00s)
--- PASS: TestNodeFacade_GetBalanceWithValidAddressShouldReturnBalance (0.00s)
--- PASS: TestNodeFacade_GetBalanceWithUnknownAddressShouldReturnZeroBalance (0.00s)
--- PASS: TestNodeFacade_GetLoadedKeys (0.00s)
--- PASS: TestNodeFacade_GetInternalShardBlockByRoundShouldWork (0.00s)
--- PASS: TestNodeFacade_GetInternalShardBlockByNonceShouldWork (0.00s)
--- PASS: TestNodeFacade_GetInternalShardBlockByHashShouldWork (0.00s)
--- PASS: TestNodeFacade_GetBalanceWithErrorOnNodeShouldReturnZeroBalanceAndError (0.00s)
--- PASS: TestNodeFacade_GetInternalMetaBlockByRoundShouldWork (0.00s)
=== CONT  TestNewNodeFacade/nil_AccountsState_should_error
=== CONT  TestNodeFacade_GetGenesisBalances/GetGenesisBalances_error_should_return_error
=== CONT  TestNodeFacade_RestInterface
=== CONT  TestNodeFacade_EmptyRestInterface
=== CONT  TestNewNodeFacade/invalid_SimultaneousRequests_should_error
--- PASS: TestNodeFacade_GetInternalMetaBlockByNonceShouldWork (0.00s)
--- PASS: TestNodeFacade_ValidatorStatisticsApi (0.00s)
--- PASS: TestNodeFacade_GetBlockByRoundShouldWork (0.00s)
=== CONT  TestNodeFacade_GetGenesisBalances/should_work
--- PASS: TestNodeFacade_IsInterfaceNil (0.00s)
--- PASS: TestNodeFacade_GetWaitingEpochsLeftForPublicKey (0.00s)
--- PASS: TestNodeFacade_GetInternalStartOfEpochMetaBlock (0.00s)
--- PASS: TestNodeFacade_GetTokenSupply (0.00s)
--- PASS: TestNodeFacade_GetDataValue (0.00s)
--- PASS: TestNodeFacade_Close (0.00s)
=== CONT  TestNodeFacade_GetGenesisBalances/GetGenesisBalances_returns_empty_initial_accounts_should_return_error
=== CONT  TestNodeFacade_GetCodeHash
--- PASS: TestNodeFacade_RestInterface (0.00s)
--- PASS: TestNodeFacade_GetAlteredAccountsForBlock (0.00s)
--- PASS: TestNodeFacade_GetBlockByNonce (0.00s)
--- PASS: TestNodeFacade_GetBlockByHash (0.00s)
--- PASS: TestNodeFacade_GetConnectedPeersRatingsOnMainNetwork (0.00s)
--- PASS: TestNodeFacade_GetHeartbeats (0.00s)
--- PASS: TestNodeFacade_GetEpochStartDataAPI (0.00s)
--- PASS: TestNodeFacade_ComputeTransactionGasLimit (0.00s)
--- PASS: TestNodeFacade_SimulateTransactionExecution (0.00s)
--- PASS: TestNodeFacade_GetHeartbeatsReturnsNilShouldErr (0.00s)
--- PASS: TestNodeFacade_GetTotalStakedValue (0.00s)
--- PASS: TestNodeFacade_GetDelegatorsList (0.00s)
--- PASS: TestNodeFacade_ValidateTransactionForSimulation (0.00s)
--- PASS: TestNodeFacade_GetValueForKey (0.00s)
--- PASS: TestNodeFacade_GetAllIssuedDCDTs (0.00s)
--- PASS: TestNodeFacade_GetAllIssuedDCDTsWithError (0.00s)
--- PASS: TestNodeFacade_RestAPIServerDebugMode (0.00s)
--- PASS: TestNodeFacade_GetDCDTData (0.00s)
--- PASS: TestNodeFacade_GetNFTTokenIDsRegisteredByAddress (0.00s)
--- PASS: TestNodeFacade_GetThrottlerForEndpointAntifloodDisabledShouldReturnDisabled (0.00s)
--- PASS: TestNodeFacade_GetAllDCDTTokens (0.00s)
--- PASS: TestNodeFacade_GetKeyValuePairs (0.00s)
--- PASS: TestNodeFacade_GetThrottlerForEndpointNotFoundShouldReturnNilAndFalse (0.00s)
--- PASS: TestNodeFacade_GetThrottlerForEndpointShouldFindAndReturn (0.00s)
--- PASS: TestNodeFacade_VerifyProof (0.00s)
--- PASS: TestNodeFacade_GetThrottlerForEndpointNoConfigShouldReturnNilAndFalse (0.00s)
--- PASS: TestNodeFacade_GetProof (0.00s)
--- PASS: TestNodeFacade_GetEligibleManagedKeys (0.00s)
--- PASS: TestNodeFacade_GetProofDataTrie (0.00s)
--- PASS: TestNodeFacade_GetWaitingManagedKeys (0.00s)
--- PASS: TestNodeFacade_GetManagedKeys (0.00s)
--- PASS: TestNodeFacade_GetManagedKeysCount (0.00s)
--- PASS: TestNodeFacade_GetPeerInfo (0.00s)
--- PASS: TestNodeFacade_IsSelfTrigger (0.00s)
--- PASS: TestNodeFacade_EncodeDecodeAddressPubkey (0.00s)
--- PASS: TestNodeFacade_ValidateTransaction (0.00s)
--- PASS: TestNodeFacade_Trigger (0.00s)
--- PASS: TestNodeFacade_GetProofCurrentRootHashIsEmptyShouldErr (0.00s)
--- PASS: TestNodeFacade_GetQueryHandler (0.00s)
--- PASS: TestNodeFacade_GetProofCurrentRootHash (0.00s)
--- PASS: TestNodeFacade_GetTransactionsPoolNonceGapsForSender (0.00s)
    --- PASS: TestNodeFacade_GetTransactionsPoolNonceGapsForSender/GetAccount_error_should_error (0.00s)
    --- PASS: TestNodeFacade_GetTransactionsPoolNonceGapsForSender/should_work (0.00s)
    --- PASS: TestNodeFacade_GetTransactionsPoolNonceGapsForSender/should_error (0.00s)
--- PASS: TestNodeFacade_InternalValidatorsInfo (0.00s)
    --- PASS: TestNodeFacade_InternalValidatorsInfo/should_fail_on_facade_error (0.00s)
    --- PASS: TestNodeFacade_InternalValidatorsInfo/should_work (0.00s)
--- PASS: TestGetGasConfigs (0.00s)
    --- PASS: TestGetGasConfigs/empty_gas_configs_map (0.00s)
    --- PASS: TestGetGasConfigs/should_work (0.00s)
--- PASS: TestNodeFacade_GetTransactionsPoolForSender (0.00s)
    --- PASS: TestNodeFacade_GetTransactionsPoolForSender/should_error (0.00s)
    --- PASS: TestNodeFacade_GetTransactionsPoolForSender/should_work (0.00s)
--- PASS: TestNodeFacade_GetLastPoolNonceForSender (0.00s)
    --- PASS: TestNodeFacade_GetLastPoolNonceForSender/should_error (0.00s)
    --- PASS: TestNodeFacade_GetLastPoolNonceForSender/should_work (0.00s)
--- PASS: TestNodeFacade_ExecuteSCQuery (0.00s)
    --- PASS: TestNodeFacade_ExecuteSCQuery/should_work (0.00s)
    --- PASS: TestNodeFacade_ExecuteSCQuery/should_error (0.00s)
--- PASS: TestNodeFacade_IsDataTrieMigrated (0.00s)
    --- PASS: TestNodeFacade_IsDataTrieMigrated/should_return_false_if_trie_is_not_migrated (0.00s)
    --- PASS: TestNodeFacade_IsDataTrieMigrated/should_return_error_if_node_returns_err (0.00s)
    --- PASS: TestNodeFacade_IsDataTrieMigrated/should_return_true_if_trie_is_migrated (0.00s)
--- PASS: TestNodeFacade_GetAccount (0.00s)
    --- PASS: TestNodeFacade_GetAccount/should_work (0.00s)
    --- PASS: TestNodeFacade_GetAccount/should_error (0.00s)
--- PASS: TestNodeFacade_GetInternalMetaBlockByHashShouldWork (0.00s)
--- PASS: TestNodeFacade_GetAccounts (0.00s)
    --- PASS: TestNodeFacade_GetAccounts/too_many_addresses_in_bulk (0.00s)
    --- PASS: TestNodeFacade_GetAccounts/should_work (0.00s)
    --- PASS: TestNodeFacade_GetAccounts/node_responds_with_error,_should_err (0.00s)
--- PASS: TestNodeFacade_GetTransactionsPool (0.00s)
    --- PASS: TestNodeFacade_GetTransactionsPool/should_error (0.00s)
    --- PASS: TestNodeFacade_GetTransactionsPool/should_work (0.00s)
--- PASS: TestNodeFacade_GetInternalMiniBlockByHashShouldWork (0.00s)
=== RUN   TestNodeFacade_GetGuardianData/ok
--- PASS: TestNodeFacade_GetGuardianData (0.00s)
    --- PASS: TestNodeFacade_GetGuardianData/with_error (0.00s)
    --- PASS: TestNodeFacade_GetGuardianData/ok (0.00s)
--- PASS: TestNodeFacade_GetDCDTsWithRole (0.00s)
--- PASS: TestNodeFacade_GetUsername (0.00s)
--- PASS: TestNewNodeFacade (0.00s)
    --- PASS: TestNewNodeFacade/nil_Node_should_error (0.00s)
    --- PASS: TestNewNodeFacade/invalid_TrieOperationsDeadlineMilliseconds_should_error (0.00s)
    --- PASS: TestNewNodeFacade/invalid_SameSourceResetIntervalInSec_should_error (0.00s)
    --- PASS: TestNewNodeFacade/nil_PeerState_should_error (0.00s)
    --- PASS: TestNewNodeFacade/nil_Blockchain_should_error (0.00s)
    --- PASS: TestNewNodeFacade/invalid_SameSourceRequests_should_error (0.00s)
    --- PASS: TestNewNodeFacade/invalid_ApiRoutesConfig_should_error (0.00s)
    --- PASS: TestNewNodeFacade/nil_ApiResolver_should_error (0.00s)
    --- PASS: TestNewNodeFacade/should_work (0.00s)
    --- PASS: TestNewNodeFacade/nil_AccountsState_should_error (0.00s)
    --- PASS: TestNewNodeFacade/invalid_SimultaneousRequests_should_error (0.00s)
--- PASS: TestNodeFacade_GetGenesisBalances (0.00s)
    --- PASS: TestNodeFacade_GetGenesisBalances/should_work (0.00s)
    --- PASS: TestNodeFacade_GetGenesisBalances/GetGenesisBalances_error_should_return_error (0.00s)
    --- PASS: TestNodeFacade_GetGenesisBalances/GetGenesisBalances_returns_empty_initial_accounts_should_return_error (0.00s)
--- PASS: TestNodeFacade_GetDCDTsRoles (0.00s)
--- PASS: TestNodeFacade_EmptyRestInterface (0.00s)
--- PASS: TestNodeFacade_GetCodeHash (0.00s)
--- PASS: TestNodeFacade_GetGenesisNodesPubKeys (0.00s)
    --- PASS: TestNodeFacade_GetGenesisNodesPubKeys/should_return_error (0.00s)
    --- PASS: TestNodeFacade_GetGenesisNodesPubKeys/should_work (0.00s)
PASS
ok  	github.com/TerraDharitri/drt-go-chain/facade	(cached)
=== RUN   TestInitialNodeFacade
=== PAUSE TestInitialNodeFacade
=== RUN   TestInitialNodeFacade_AllMethodsShouldNotPanic
=== PAUSE TestInitialNodeFacade_AllMethodsShouldNotPanic
=== RUN   TestInitialNodeFacade_IsInterfaceNil
=== PAUSE TestInitialNodeFacade_IsInterfaceNil
=== RUN   TestNewInitialStatusMetricsProvider
=== PAUSE TestNewInitialStatusMetricsProvider
=== CONT  TestInitialNodeFacade
=== CONT  TestInitialNodeFacade_IsInterfaceNil
=== CONT  TestNewInitialStatusMetricsProvider
--- PASS: TestInitialNodeFacade_IsInterfaceNil (0.00s)
=== RUN   TestNewInitialStatusMetricsProvider/nil_statusHandler_should_error
=== PAUSE TestNewInitialStatusMetricsProvider/nil_statusHandler_should_error
=== RUN   TestNewInitialStatusMetricsProvider/should_work
=== PAUSE TestNewInitialStatusMetricsProvider/should_work
=== CONT  TestNewInitialStatusMetricsProvider/nil_statusHandler_should_error
=== RUN   TestInitialNodeFacade/nil_status_metrics_should_error
=== CONT  TestNewInitialStatusMetricsProvider/should_work
=== CONT  TestInitialNodeFacade_AllMethodsShouldNotPanic
=== PAUSE TestInitialNodeFacade/nil_status_metrics_should_error
=== RUN   TestInitialNodeFacade/should_work
=== PAUSE TestInitialNodeFacade/should_work
=== CONT  TestInitialNodeFacade/nil_status_metrics_should_error
--- PASS: TestNewInitialStatusMetricsProvider (0.00s)
    --- PASS: TestNewInitialStatusMetricsProvider/nil_statusHandler_should_error (0.00s)
    --- PASS: TestNewInitialStatusMetricsProvider/should_work (0.00s)
=== CONT  TestInitialNodeFacade/should_work
--- PASS: TestInitialNodeFacade_AllMethodsShouldNotPanic (0.00s)
--- PASS: TestInitialNodeFacade (0.00s)
    --- PASS: TestInitialNodeFacade/nil_status_metrics_should_error (0.00s)
    --- PASS: TestInitialNodeFacade/should_work (0.00s)
PASS
ok  	github.com/TerraDharitri/drt-go-chain/facade/initial	(cached)
=== RUN   Test_DecodeAddressesError
=== PAUSE Test_DecodeAddressesError
=== RUN   Test_DecodeAddressesShouldWork
=== PAUSE Test_DecodeAddressesShouldWork
=== CONT  Test_DecodeAddressesError
=== RUN   Test_DecodeAddressesError/nil_pkConverter
=== CONT  Test_DecodeAddressesShouldWork
=== PAUSE Test_DecodeAddressesError/nil_pkConverter
=== RUN   Test_DecodeAddressesError/decode_error
=== PAUSE Test_DecodeAddressesError/decode_error
=== CONT  Test_DecodeAddressesError/nil_pkConverter
=== CONT  Test_DecodeAddressesError/decode_error
--- PASS: Test_DecodeAddressesShouldWork (0.00s)
--- PASS: Test_DecodeAddressesError (0.00s)
    --- PASS: Test_DecodeAddressesError/nil_pkConverter (0.00s)
    --- PASS: Test_DecodeAddressesError/decode_error (0.00s)
PASS
ok  	github.com/TerraDharitri/drt-go-chain/factory	(cached)
=== RUN   TestCreateApiResolver
=== PAUSE TestCreateApiResolver
=== RUN   TestCreateApiResolver_createScQueryElement
=== PAUSE TestCreateApiResolver_createScQueryElement
=== RUN   TestCreateApiResolver_createBlockchainForScQuery
=== PAUSE TestCreateApiResolver_createBlockchainForScQuery
=== CONT  TestCreateApiResolver
=== CONT  TestCreateApiResolver_createBlockchainForScQuery
=== RUN   TestCreateApiResolver_createBlockchainForScQuery/for_metachain
=== PAUSE TestCreateApiResolver_createBlockchainForScQuery/for_metachain
=== RUN   TestCreateApiResolver_createBlockchainForScQuery/for_shard
=== RUN   TestCreateApiResolver/createScQueryService_fails_should_error
=== PAUSE TestCreateApiResolver_createBlockchainForScQuery/for_shard
=== CONT  TestCreateApiResolver_createBlockchainForScQuery/for_metachain
=== PAUSE TestCreateApiResolver/createScQueryService_fails_should_error
=== CONT  TestCreateApiResolver_createScQueryElement
=== RUN   TestCreateApiResolver_createScQueryElement/nil_guardian_handler_should_error
=== CONT  TestCreateApiResolver_createBlockchainForScQuery/for_shard
--- PASS: TestCreateApiResolver_createBlockchainForScQuery (0.00s)
    --- PASS: TestCreateApiResolver_createBlockchainForScQuery/for_metachain (0.00s)
    --- PASS: TestCreateApiResolver_createBlockchainForScQuery/for_shard (0.00s)
=== PAUSE TestCreateApiResolver_createScQueryElement/nil_guardian_handler_should_error
=== RUN   TestCreateApiResolver_createScQueryElement/DecodeAddresses_fails
=== PAUSE TestCreateApiResolver_createScQueryElement/DecodeAddresses_fails
=== RUN   TestCreateApiResolver_createScQueryElement/createBuiltinFuncs_fails
=== PAUSE TestCreateApiResolver_createScQueryElement/createBuiltinFuncs_fails
=== RUN   TestCreateApiResolver_createScQueryElement/NewCache_fails
=== PAUSE TestCreateApiResolver_createScQueryElement/NewCache_fails
=== RUN   TestCreateApiResolver_createScQueryElement/metachain_-_NewVMContainerFactory_fails
=== PAUSE TestCreateApiResolver_createScQueryElement/metachain_-_NewVMContainerFactory_fails
=== RUN   TestCreateApiResolver_createScQueryElement/shard_-_NewVMContainerFactory_fails
=== PAUSE TestCreateApiResolver_createScQueryElement/shard_-_NewVMContainerFactory_fails
=== CONT  TestCreateApiResolver_createScQueryElement/nil_guardian_handler_should_error
=== CONT  TestCreateApiResolver_createScQueryElement/NewCache_fails
=== CONT  TestCreateApiResolver_createScQueryElement/createBuiltinFuncs_fails
=== CONT  TestCreateApiResolver_createScQueryElement/DecodeAddresses_fails
=== CONT  TestCreateApiResolver_createScQueryElement/shard_-_NewVMContainerFactory_fails
=== CONT  TestCreateApiResolver_createScQueryElement/metachain_-_NewVMContainerFactory_fails
--- PASS: TestCreateApiResolver_createScQueryElement (0.00s)
    --- PASS: TestCreateApiResolver_createScQueryElement/DecodeAddresses_fails (0.00s)
    --- PASS: TestCreateApiResolver_createScQueryElement/createBuiltinFuncs_fails (0.00s)
    --- PASS: TestCreateApiResolver_createScQueryElement/shard_-_NewVMContainerFactory_fails (0.00s)
    --- PASS: TestCreateApiResolver_createScQueryElement/nil_guardian_handler_should_error (0.00s)
    --- PASS: TestCreateApiResolver_createScQueryElement/metachain_-_NewVMContainerFactory_fails (0.00s)
    --- PASS: TestCreateApiResolver_createScQueryElement/NewCache_fails (0.00s)
[0;32mINFO [0m[2026-03-16 10:13:44.792]   start time                               [0;32mformatted[0m = Mon Mar 16 10:14:00 IST 2026 [0;32mseconds[0m = 1773636240 
[0;32mINFO [0m[2026-03-16 10:13:44.792]   the node loaded the validatorKey.pem file and is running in single-key mode 
[0;32mINFO [0m[2026-03-16 10:13:44.809]   p2p private key: generated a new private key for p2p signing 
[0;32mINFO [0m[2026-03-16 10:13:44.819]   listening on addresses                   [0;32maddr0[0m = /ip4/127.0.0.1/tcp/38541/p2p/16Uiu2HAmP6RdHRagZQHwxYiQLw1WAjZ9ejNdbB7tDsbKuV6PZEke 
[0;32mINFO [0m[2026-03-16 10:13:44.824]   started the network discovery process... 
[0;32mINFO [0m[2026-03-16 10:13:45.825]   start time                               [0;32mformatted[0m = Mon Mar 16 10:14:00 IST 2026 [0;32mseconds[0m = 1773636240 
[0;32mINFO [0m[2026-03-16 10:13:45.827]   the node loaded the validatorKey.pem file and is running in single-key mode 
[0;32mINFO [0m[2026-03-16 10:13:45.827]   p2p private key: generated a new private key for p2p signing 
[0;32mINFO [0m[2026-03-16 10:13:46.828]   start time                               [0;32mformatted[0m = Mon Mar 16 10:14:00 IST 2026 [0;32mseconds[0m = 1773636240 
[0;32mINFO [0m[2026-03-16 10:13:47.836]   start time                               [0;32mformatted[0m = Mon Mar 16 10:14:00 IST 2026 [0;32mseconds[0m = 1773636240 
[0;32mINFO [0m[2026-03-16 10:13:48.841]   start time                               [0;32mformatted[0m = Mon Mar 16 10:14:00 IST 2026 [0;32mseconds[0m = 1773636240 
[0;32mINFO [0m[2026-03-16 10:13:48.841]   the node loaded the validatorKey.pem file and is running in single-key mode 
[0;32mINFO [0m[2026-03-16 10:13:48.841]   p2p private key: generated a new private key for p2p signing 
[0;32mINFO [0m[2026-03-16 10:13:48.885]   listening on addresses                   [0;32maddr0[0m = /ip4/127.0.0.1/tcp/40907/p2p/16Uiu2HAmLTEYrGiWBKsVdyp2hiW9a7VUMjFmgairG23Wi7aCfJ5h 
[0;32mINFO [0m[2026-03-16 10:13:48.885]   started the network discovery process... 
[0;32mINFO [0m[2026-03-16 10:13:49.888]   start time                               [0;32mformatted[0m = Mon Mar 16 10:14:00 IST 2026 [0;32mseconds[0m = 1773636240 
[0;32mINFO [0m[2026-03-16 10:13:49.897]   starting as observer node                
[0;32mINFO [0m[2026-03-16 10:13:49.897]   shard info                               [0;32mstarted in shard[0m = 0 
[0;32mINFO [0m[2026-03-16 10:13:49.898]   bootstrap parameters                     [0;32mshardId[0m = 0 [0;32mepoch[0m = 0 [0;32mnumShards[0m = 2 
[0;32mINFO [0m[2026-03-16 10:13:50.906]   start time                               [0;32mformatted[0m = Mon Mar 16 10:14:00 IST 2026 [0;32mseconds[0m = 1773636240 
[0;31mERROR[0m[2026-03-16 10:13:50.913]   maxPerTransaction definition is missing in the current gas schedule, using old values 
[0;32mINFO [0m[2026-03-16 10:13:50.913]   VM 1.5 created                           
[0;32mINFO [0m[2026-03-16 10:13:50.970]   processorProxy                           [0;32mconfigured[0m = 1 
[0;31mERROR[0m[2026-03-16 10:13:50.970]   maxPerTransaction definition is missing in the current gas schedule, using old values 
[0;32mINFO [0m[2026-03-16 10:13:50.970]   processorProxy                           [0;32mconfigured[0m = 1 
[0;32mINFO [0m[2026-03-16 10:13:50.996]   genesisBlockCreator.createHeaders        [0;32mshard[0m = 0 [0;32mnonce[0m = 0 [0;32mround[0m = 0 [0;32mroot hash[0m = 0000000000000000000000000000000000000000000000000000000000000000 
[0;32mINFO [0m[2026-03-16 10:13:50.996]   genesisBlockCreator.createHeaders        [0;32mshard[0m = 4294967295 [0;32mnonce[0m = 0 [0;32mround[0m = 0 [0;32mroot hash[0m = a3f83f06913a7af0d65f57212640d8b8503dfd0c2f6289758a8e7e2f48b4aa9a 
[0;33mWARN [0m[2026-03-16 10:13:50.997]   different delay for request block info: the epoch change trigger might not behave normally [0;33mvalue from config[0m = 0s [0;33mexpected[0m = 3s 
[0;31mERROR[0m[2026-03-16 10:13:51.028]   maxPerTransaction definition is missing in the current gas schedule, using old values 
[0;32mINFO [0m[2026-03-16 10:13:51.028]   VM 1.5 created                           
[0;32mINFO [0m[2026-03-16 10:13:51.073]   processorProxy                           [0;32mconfigured[0m = 1 
[0;32mINFO [0m[2026-03-16 10:13:51.074]   indexGenesisBlocks(): historyRepo.RecordBlock [0;32mshardID[0m = 0 [0;32mhash[0m = 30c819041d8a27160ebd5d34b3d2cf7c14a471da1a76fbe860a1d147cf76aeff 
[0;31mERROR[0m[2026-03-16 10:13:51.076]   maxPerTransaction definition is missing in the current gas schedule, using old values 
[0;32mINFO [0m[2026-03-16 10:13:51.076]   VM 1.5 created                           
[0;32mINFO [0m[2026-03-16 10:13:51.103]   processorProxy                           [0;32mconfigured[0m = 1 
[0;32mINFO [0m[2026-03-16 10:13:52.108]   start time                               [0;32mformatted[0m = Mon Mar 16 10:14:00 IST 2026 [0;32mseconds[0m = 1773636240 
[0;32mINFO [0m[2026-03-16 10:13:52.108]   the node loaded the validatorKey.pem file and is running in single-key mode 
[0;32mINFO [0m[2026-03-16 10:13:52.109]   p2p private key: generated a new private key for p2p signing 
[0;32mINFO [0m[2026-03-16 10:13:52.138]   listening on addresses                   [0;32maddr0[0m = /ip4/127.0.0.1/tcp/46131/p2p/16Uiu2HAmA9c4oZtAHPNDjbN5Y1UHmxa4TQ7pYe4xywxJuCHv4T7W 
[0;32mINFO [0m[2026-03-16 10:13:52.138]   started the network discovery process... 
[0;32mINFO [0m[2026-03-16 10:13:53.140]   start time                               [0;32mformatted[0m = Mon Mar 16 10:14:00 IST 2026 [0;32mseconds[0m = 1773636240 
[0;32mINFO [0m[2026-03-16 10:13:53.155]   starting as observer node                
[0;32mINFO [0m[2026-03-16 10:13:53.155]   shard info                               [0;32mstarted in shard[0m = 0 
[0;32mINFO [0m[2026-03-16 10:13:53.155]   bootstrap parameters                     [0;32mshardId[0m = 0 [0;32mepoch[0m = 0 [0;32mnumShards[0m = 2 
[0;32mINFO [0m[2026-03-16 10:13:54.171]   start time                               [0;32mformatted[0m = Mon Mar 16 10:14:00 IST 2026 [0;32mseconds[0m = 1773636240 
=== RUN   TestCreateApiResolver/DecodeAddresses_fails_causing_createScQueryElement_error_should_error
=== RUN   TestCreateApiResolver/DecodeAddresses_fails_should_error
=== RUN   TestCreateApiResolver/createBuiltinFuncs_fails_should_error
=== RUN   TestCreateApiResolver/NewDCDTTransferParser_fails_should_error
nil marshaller
=== RUN   TestCreateApiResolver/NewTxTypeHandler_fails_should_error
=== RUN   TestCreateApiResolver/NewTransactionCostEstimator_fails_should_error
[0;32mINFO [0m[2026-03-16 10:13:54.184]   VM 1.5 created                           
[0;32mINFO [0m[2026-03-16 10:13:54.213]   VM 1.5 created                           
=== RUN   TestCreateApiResolver/createLogsFacade_fails_should_error
[0;32mINFO [0m[2026-03-16 10:13:54.237]   VM 1.5 created                           
[0;32mINFO [0m[2026-03-16 10:13:54.268]   VM 1.5 created                           
=== RUN   TestCreateApiResolver/NewOperationDataFieldParser_fails_should_error
[0;32mINFO [0m[2026-03-16 10:13:54.307]   VM 1.5 created                           
[0;32mINFO [0m[2026-03-16 10:13:54.323]   VM 1.5 created                           
=== RUN   TestCreateApiResolver/NewAPITransactionProcessor_fails_should_error
[0;32mINFO [0m[2026-03-16 10:13:54.361]   VM 1.5 created                           
[0;32mINFO [0m[2026-03-16 10:13:54.403]   VM 1.5 created                           
=== RUN   TestCreateApiResolver/createAPIBlockProcessor_fails_because_createAPIBlockProcessorArgs_fails_should_error
[0;32mINFO [0m[2026-03-16 10:13:54.416]   VM 1.5 created                           
[0;32mINFO [0m[2026-03-16 10:13:54.427]   VM 1.5 created                           
=== RUN   TestCreateApiResolver/createAPIInternalBlockProcessor_fails_because_createAPIBlockProcessorArgs_fails_should_error
[0;32mINFO [0m[2026-03-16 10:13:54.471]   VM 1.5 created                           
[0;32mINFO [0m[2026-03-16 10:13:54.498]   VM 1.5 created                           
=== RUN   TestCreateApiResolver/createAPIBlockProcessorArgs_fails_because_createLogsFacade_fails_should_error
[0;32mINFO [0m[2026-03-16 10:13:54.505]   VM 1.5 created                           
[0;32mINFO [0m[2026-03-16 10:13:54.516]   VM 1.5 created                           
=== RUN   TestCreateApiResolver/createAPIBlockProcessorArgs_fails_because_NewAlteredAccountsProvider_fails_should_error
[0;32mINFO [0m[2026-03-16 10:13:54.533]   VM 1.5 created                           
[0;32mINFO [0m[2026-03-16 10:13:54.545]   VM 1.5 created                           
=== RUN   TestCreateApiResolver/should_work
[0;32mINFO [0m[2026-03-16 10:13:54.550]   VM 1.5 created                           
[0;32mINFO [0m[2026-03-16 10:13:54.553]   VM 1.5 created                           
=== CONT  TestCreateApiResolver/createScQueryService_fails_should_error
[0;32mINFO [0m[2026-03-16 10:13:55.568]   start time                               [0;32mformatted[0m = Mon Mar 16 10:14:00 IST 2026 [0;32mseconds[0m = 1773636240 
[0;32mINFO [0m[2026-03-16 10:13:55.569]   the node loaded the validatorKey.pem file and is running in single-key mode 
[0;32mINFO [0m[2026-03-16 10:13:55.569]   p2p private key: generated a new private key for p2p signing 
[0;32mINFO [0m[2026-03-16 10:13:55.590]   listening on addresses                   [0;32maddr0[0m = /ip4/127.0.0.1/tcp/35037/p2p/16Uiu2HAmPzTMWGum1Maz72W28LF32hKjfPVncr2EF781VrPnnHyh 
[0;32mINFO [0m[2026-03-16 10:13:55.590]   started the network discovery process... 
[0;32mINFO [0m[2026-03-16 10:13:56.628]   start time                               [0;32mformatted[0m = Mon Mar 16 10:14:00 IST 2026 [0;32mseconds[0m = 1773636240 
[0;32mINFO [0m[2026-03-16 10:13:56.630]   the node loaded the validatorKey.pem file and is running in single-key mode 
[0;32mINFO [0m[2026-03-16 10:13:56.630]   p2p private key: generated a new private key for p2p signing 
[0;32mINFO [0m[2026-03-16 10:13:57.637]   start time                               [0;32mformatted[0m = Mon Mar 16 10:14:00 IST 2026 [0;32mseconds[0m = 1773636240 
[0;32mINFO [0m[2026-03-16 10:13:58.649]   start time                               [0;32mformatted[0m = Mon Mar 16 10:14:00 IST 2026 [0;32mseconds[0m = 1773636240 
[0;32mINFO [0m[2026-03-16 10:13:59.669]   start time                               [0;32mformatted[0m = Mon Mar 16 10:14:00 IST 2026 [0;32mseconds[0m = 1773636240 
[0;32mINFO [0m[2026-03-16 10:13:59.670]   the node loaded the validatorKey.pem file and is running in single-key mode 
[0;32mINFO [0m[2026-03-16 10:13:59.670]   p2p private key: generated a new private key for p2p signing 
[0;32mINFO [0m[2026-03-16 10:13:59.760]   listening on addresses                   [0;32maddr0[0m = /ip4/127.0.0.1/tcp/36129/p2p/16Uiu2HAm8HCpa4yixH4DPvCX3uGGyiRuvg81tjt5WvNHjdqtYLjg 
[0;32mINFO [0m[2026-03-16 10:13:59.760]   started the network discovery process... 
[0;32mINFO [0m[2026-03-16 10:14:00.840]   start time                               [0;32mformatted[0m = Mon Mar 16 10:15:00 IST 2026 [0;32mseconds[0m = 1773636300 
[0;32mINFO [0m[2026-03-16 10:14:00.894]   starting as observer node                
[0;32mINFO [0m[2026-03-16 10:14:00.894]   shard info                               [0;32mstarted in shard[0m = 0 
[0;32mINFO [0m[2026-03-16 10:14:00.894]   bootstrap parameters                     [0;32mshardId[0m = 0 [0;32mepoch[0m = 0 [0;32mnumShards[0m = 2 
[0;32mINFO [0m[2026-03-16 10:14:01.935]   start time                               [0;32mformatted[0m = Mon Mar 16 10:15:00 IST 2026 [0;32mseconds[0m = 1773636300 
[0;31mERROR[0m[2026-03-16 10:14:01.937]   maxPerTransaction definition is missing in the current gas schedule, using old values 
[0;32mINFO [0m[2026-03-16 10:14:01.937]   VM 1.5 created                           
[0;32mINFO [0m[2026-03-16 10:14:01.949]   processorProxy                           [0;32mconfigured[0m = 1 
[0;31mERROR[0m[2026-03-16 10:14:01.949]   maxPerTransaction definition is missing in the current gas schedule, using old values 
[0;32mINFO [0m[2026-03-16 10:14:01.949]   processorProxy                           [0;32mconfigured[0m = 1 
[0;32mINFO [0m[2026-03-16 10:14:01.971]   genesisBlockCreator.createHeaders        [0;32mshard[0m = 0 [0;32mnonce[0m = 0 [0;32mround[0m = 0 [0;32mroot hash[0m = 0000000000000000000000000000000000000000000000000000000000000000 
[0;32mINFO [0m[2026-03-16 10:14:01.982]   genesisBlockCreator.createHeaders        [0;32mshard[0m = 4294967295 [0;32mnonce[0m = 0 [0;32mround[0m = 0 [0;32mroot hash[0m = a3f83f06913a7af0d65f57212640d8b8503dfd0c2f6289758a8e7e2f48b4aa9a 
[0;33mWARN [0m[2026-03-16 10:14:01.983]   different delay for request block info: the epoch change trigger might not behave normally [0;33mvalue from config[0m = 0s [0;33mexpected[0m = 3s 
[0;31mERROR[0m[2026-03-16 10:14:01.984]   maxPerTransaction definition is missing in the current gas schedule, using old values 
[0;32mINFO [0m[2026-03-16 10:14:01.984]   VM 1.5 created                           
[0;32mINFO [0m[2026-03-16 10:14:01.991]   processorProxy                           [0;32mconfigured[0m = 1 
[0;32mINFO [0m[2026-03-16 10:14:02.045]   indexGenesisBlocks(): historyRepo.RecordBlock [0;32mshardID[0m = 0 [0;32mhash[0m = 30c819041d8a27160ebd5d34b3d2cf7c14a471da1a76fbe860a1d147cf76aeff 
[0;31mERROR[0m[2026-03-16 10:14:02.048]   maxPerTransaction definition is missing in the current gas schedule, using old values 
[0;32mINFO [0m[2026-03-16 10:14:02.048]   VM 1.5 created                           
[0;32mINFO [0m[2026-03-16 10:14:02.091]   processorProxy                           [0;32mconfigured[0m = 1 
[0;32mINFO [0m[2026-03-16 10:14:03.096]   start time                               [0;32mformatted[0m = Mon Mar 16 10:15:00 IST 2026 [0;32mseconds[0m = 1773636300 
[0;32mINFO [0m[2026-03-16 10:14:03.097]   the node loaded the validatorKey.pem file and is running in single-key mode 
[0;32mINFO [0m[2026-03-16 10:14:03.097]   p2p private key: generated a new private key for p2p signing 
[0;32mINFO [0m[2026-03-16 10:14:03.209]   listening on addresses                   [0;32maddr0[0m = /ip4/127.0.0.1/tcp/44921/p2p/16Uiu2HAmSNepwYE2uLHfSamJEC9GgPzd8RChcXkFG6UzxR44BHsc 
[0;32mINFO [0m[2026-03-16 10:14:03.209]   started the network discovery process... 
[0;32mINFO [0m[2026-03-16 10:14:04.261]   start time                               [0;32mformatted[0m = Mon Mar 16 10:15:00 IST 2026 [0;32mseconds[0m = 1773636300 
[0;32mINFO [0m[2026-03-16 10:14:04.263]   starting as observer node                
[0;32mINFO [0m[2026-03-16 10:14:04.263]   shard info                               [0;32mstarted in shard[0m = 0 
[0;32mINFO [0m[2026-03-16 10:14:04.263]   bootstrap parameters                     [0;32mshardId[0m = 0 [0;32mepoch[0m = 0 [0;32mnumShards[0m = 2 
[0;32mINFO [0m[2026-03-16 10:14:05.276]   start time                               [0;32mformatted[0m = Mon Mar 16 10:15:00 IST 2026 [0;32mseconds[0m = 1773636300 
--- PASS: TestCreateApiResolver (10.77s)
    --- PASS: TestCreateApiResolver/DecodeAddresses_fails_causing_createScQueryElement_error_should_error (0.00s)
    --- PASS: TestCreateApiResolver/DecodeAddresses_fails_should_error (0.00s)
    --- PASS: TestCreateApiResolver/createBuiltinFuncs_fails_should_error (0.00s)
    --- PASS: TestCreateApiResolver/NewDCDTTransferParser_fails_should_error (0.01s)
    --- PASS: TestCreateApiResolver/NewTxTypeHandler_fails_should_error (0.00s)
    --- PASS: TestCreateApiResolver/NewTransactionCostEstimator_fails_should_error (0.05s)
    --- PASS: TestCreateApiResolver/createLogsFacade_fails_should_error (0.06s)
    --- PASS: TestCreateApiResolver/NewOperationDataFieldParser_fails_should_error (0.06s)
    --- PASS: TestCreateApiResolver/NewAPITransactionProcessor_fails_should_error (0.05s)
    --- PASS: TestCreateApiResolver/createAPIBlockProcessor_fails_because_createAPIBlockProcessorArgs_fails_should_error (0.05s)
    --- PASS: TestCreateApiResolver/createAPIInternalBlockProcessor_fails_because_createAPIBlockProcessorArgs_fails_should_error (0.03s)
    --- PASS: TestCreateApiResolver/createAPIBlockProcessorArgs_fails_because_createLogsFacade_fails_should_error (0.03s)
    --- PASS: TestCreateApiResolver/createAPIBlockProcessorArgs_fails_because_NewAlteredAccountsProvider_fails_should_error (0.02s)
    --- PASS: TestCreateApiResolver/should_work (0.01s)
    --- PASS: TestCreateApiResolver/createScQueryService_fails_should_error (10.72s)
PASS
ok  	github.com/TerraDharitri/drt-go-chain/factory/api	(cached)
=== RUN   TestNewHeaderIntegrityVerifierr_InvalidVersionElementOnEpochValuesEqualShouldErr
=== PAUSE TestNewHeaderIntegrityVerifierr_InvalidVersionElementOnEpochValuesEqualShouldErr
=== RUN   TestNewHeaderIntegrityVerifier_InvalidVersionElementOnStringTooLongShouldErr
=== PAUSE TestNewHeaderIntegrityVerifier_InvalidVersionElementOnStringTooLongShouldErr
=== RUN   TestNewHeaderIntegrityVerifierr_InvalidDefaultVersionShouldErr
=== PAUSE TestNewHeaderIntegrityVerifierr_InvalidDefaultVersionShouldErr
=== RUN   TestNewHeaderIntegrityVerifier_NilCacherShouldErr
=== PAUSE TestNewHeaderIntegrityVerifier_NilCacherShouldErr
=== RUN   TestNewHeaderIntegrityVerifier_EmptyListShouldErr
=== PAUSE TestNewHeaderIntegrityVerifier_EmptyListShouldErr
=== RUN   TestNewHeaderIntegrityVerifier_ZerothElementIsNotOnEpochZeroShouldErr
=== PAUSE TestNewHeaderIntegrityVerifier_ZerothElementIsNotOnEpochZeroShouldErr
=== RUN   TestNewHeaderIntegrityVerifier_ShouldWork
=== PAUSE TestNewHeaderIntegrityVerifier_ShouldWork
=== RUN   TestHeaderIntegrityVerifier_PopulatedReservedShouldErr
=== PAUSE TestHeaderIntegrityVerifier_PopulatedReservedShouldErr
=== RUN   TestHeaderIntegrityVerifier_VerifySoftwareVersionEmptyVersionInHeaderShouldErr
=== PAUSE TestHeaderIntegrityVerifier_VerifySoftwareVersionEmptyVersionInHeaderShouldErr
=== RUN   TestHeaderIntegrityVerifierr_VerifySoftwareVersionWrongVersionShouldErr
=== PAUSE TestHeaderIntegrityVerifierr_VerifySoftwareVersionWrongVersionShouldErr
=== RUN   TestHeaderIntegrityVerifier_VerifySoftwareVersionWildcardShouldWork
=== PAUSE TestHeaderIntegrityVerifier_VerifySoftwareVersionWildcardShouldWork
=== RUN   TestHeaderIntegrityVerifier_VerifyShouldWork
=== PAUSE TestHeaderIntegrityVerifier_VerifyShouldWork
=== RUN   TestHeaderIntegrityVerifier_VerifyNotWildcardShouldWork
=== PAUSE TestHeaderIntegrityVerifier_VerifyNotWildcardShouldWork
=== RUN   TestHeaderIntegrityVerifier_GetVersionShouldWork
=== PAUSE TestHeaderIntegrityVerifier_GetVersionShouldWork
=== RUN   TestHeaderIntegrityVerifier_ExistsInInternalCacheShouldReturn
=== PAUSE TestHeaderIntegrityVerifier_ExistsInInternalCacheShouldReturn
=== RUN   TestNewMetaHeaderFactory_NilHeaderVersionHandlerShouldErr
=== PAUSE TestNewMetaHeaderFactory_NilHeaderVersionHandlerShouldErr
=== RUN   TestNewMetaHeaderFactory_OK
=== PAUSE TestNewMetaHeaderFactory_OK
=== RUN   TestNewMetaHeaderFactory_CreateOK
=== PAUSE TestNewMetaHeaderFactory_CreateOK
=== RUN   TestNewShardHeaderFactory_NilHeaderVersionHandlerShouldErr
=== PAUSE TestNewShardHeaderFactory_NilHeaderVersionHandlerShouldErr
=== RUN   TestNewShardHeaderFactory_OK
=== PAUSE TestNewShardHeaderFactory_OK
=== RUN   TestNewShardHeaderFactory_CreateOK
=== PAUSE TestNewShardHeaderFactory_CreateOK
=== CONT  TestNewHeaderIntegrityVerifierr_InvalidVersionElementOnEpochValuesEqualShouldErr
=== CONT  TestHeaderIntegrityVerifier_VerifyShouldWork
=== CONT  TestNewHeaderIntegrityVerifier_InvalidVersionElementOnStringTooLongShouldErr
--- PASS: TestNewHeaderIntegrityVerifierr_InvalidVersionElementOnEpochValuesEqualShouldErr (0.00s)
=== CONT  TestNewHeaderIntegrityVerifier_ZerothElementIsNotOnEpochZeroShouldErr
--- PASS: TestNewHeaderIntegrityVerifier_ZerothElementIsNotOnEpochZeroShouldErr (0.00s)
=== CONT  TestNewHeaderIntegrityVerifier_EmptyListShouldErr
--- PASS: TestNewHeaderIntegrityVerifier_EmptyListShouldErr (0.00s)
=== CONT  TestNewHeaderIntegrityVerifier_NilCacherShouldErr
=== CONT  TestNewHeaderIntegrityVerifierr_InvalidDefaultVersionShouldErr
--- PASS: TestNewHeaderIntegrityVerifierr_InvalidDefaultVersionShouldErr (0.00s)
--- PASS: TestNewHeaderIntegrityVerifier_InvalidVersionElementOnStringTooLongShouldErr (0.00s)
=== CONT  TestHeaderIntegrityVerifierr_VerifySoftwareVersionWrongVersionShouldErr
--- PASS: TestHeaderIntegrityVerifierr_VerifySoftwareVersionWrongVersionShouldErr (0.00s)
=== CONT  TestHeaderIntegrityVerifier_VerifySoftwareVersionWildcardShouldWork
--- PASS: TestHeaderIntegrityVerifier_VerifySoftwareVersionWildcardShouldWork (0.00s)
=== CONT  TestHeaderIntegrityVerifier_VerifySoftwareVersionEmptyVersionInHeaderShouldErr
=== CONT  TestHeaderIntegrityVerifier_PopulatedReservedShouldErr
=== CONT  TestNewMetaHeaderFactory_OK
=== CONT  TestNewShardHeaderFactory_CreateOK
--- PASS: TestHeaderIntegrityVerifier_VerifySoftwareVersionEmptyVersionInHeaderShouldErr (0.00s)
--- PASS: TestHeaderIntegrityVerifier_VerifyShouldWork (0.00s)
--- PASS: TestNewHeaderIntegrityVerifier_NilCacherShouldErr (0.00s)
=== CONT  TestHeaderIntegrityVerifier_ExistsInInternalCacheShouldReturn
--- PASS: TestHeaderIntegrityVerifier_ExistsInInternalCacheShouldReturn (0.00s)
=== CONT  TestNewShardHeaderFactory_OK
--- PASS: TestNewShardHeaderFactory_OK (0.00s)
=== CONT  TestNewShardHeaderFactory_NilHeaderVersionHandlerShouldErr
--- PASS: TestHeaderIntegrityVerifier_PopulatedReservedShouldErr (0.00s)
=== CONT  TestNewMetaHeaderFactory_NilHeaderVersionHandlerShouldErr
--- PASS: TestNewMetaHeaderFactory_OK (0.00s)
--- PASS: TestNewShardHeaderFactory_CreateOK (0.00s)
--- PASS: TestNewShardHeaderFactory_NilHeaderVersionHandlerShouldErr (0.00s)
--- PASS: TestNewMetaHeaderFactory_NilHeaderVersionHandlerShouldErr (0.00s)
=== CONT  TestNewMetaHeaderFactory_CreateOK
=== CONT  TestHeaderIntegrityVerifier_GetVersionShouldWork
--- PASS: TestHeaderIntegrityVerifier_GetVersionShouldWork (0.00s)
=== CONT  TestHeaderIntegrityVerifier_VerifyNotWildcardShouldWork
--- PASS: TestHeaderIntegrityVerifier_VerifyNotWildcardShouldWork (0.00s)
=== CONT  TestNewHeaderIntegrityVerifier_ShouldWork
--- PASS: TestNewMetaHeaderFactory_CreateOK (0.00s)
--- PASS: TestNewHeaderIntegrityVerifier_ShouldWork (0.00s)
PASS
ok  	github.com/TerraDharitri/drt-go-chain/factory/block	(cached)
=== RUN   TestCreateShardCoordinator
=== PAUSE TestCreateShardCoordinator
=== RUN   TestCreateNodesCoordinator
=== PAUSE TestCreateNodesCoordinator
=== RUN   TestCreateNodesShuffleOut
=== PAUSE TestCreateNodesShuffleOut
=== RUN   TestNewManagedBootstrapComponents
=== PAUSE TestNewManagedBootstrapComponents
=== RUN   TestNewBootstrapComponentsFactory_NilFactory
=== PAUSE TestNewBootstrapComponentsFactory_NilFactory
=== RUN   TestManagedBootstrapComponents_MethodsNoCreate
=== PAUSE TestManagedBootstrapComponents_MethodsNoCreate
=== RUN   TestManagedBootstrapComponents_MethodsCreate
=== PAUSE TestManagedBootstrapComponents_MethodsCreate
=== RUN   TestManagedBootstrapComponents_CreateNilInternalMarshalizer
=== PAUSE TestManagedBootstrapComponents_CreateNilInternalMarshalizer
=== RUN   TestManagedBootstrapComponents_Close
=== PAUSE TestManagedBootstrapComponents_Close
=== RUN   TestManagedBootstrapComponents_IsInterfaceNil
=== PAUSE TestManagedBootstrapComponents_IsInterfaceNil
=== RUN   TestNewBootstrapComponentsFactory
=== PAUSE TestNewBootstrapComponentsFactory
=== RUN   TestBootstrapComponentsFactory_Create
=== PAUSE TestBootstrapComponentsFactory_Create
=== RUN   TestBootstrapComponents
=== PAUSE TestBootstrapComponents
=== CONT  TestCreateShardCoordinator
=== RUN   TestCreateShardCoordinator/nil_nodes_config_should_error
=== PAUSE TestCreateShardCoordinator/nil_nodes_config_should_error
=== RUN   TestCreateShardCoordinator/nil_pub_key_should_error
=== PAUSE TestCreateShardCoordinator/nil_pub_key_should_error
=== RUN   TestCreateShardCoordinator/nil_logger_should_error
=== PAUSE TestCreateShardCoordinator/nil_logger_should_error
=== RUN   TestCreateShardCoordinator/getShardIdFromNodePubKey_fails_should_error
=== PAUSE TestCreateShardCoordinator/getShardIdFromNodePubKey_fails_should_error
=== RUN   TestCreateShardCoordinator/public_key_not_in_genesis_-_ProcessDestinationShardAsObserver_fails_should_error
=== PAUSE TestCreateShardCoordinator/public_key_not_in_genesis_-_ProcessDestinationShardAsObserver_fails_should_error
=== RUN   TestCreateShardCoordinator/public_key_not_in_genesis,_destination_shard_disabled_-_ToByteArray_fails_should_error
=== PAUSE TestCreateShardCoordinator/public_key_not_in_genesis,_destination_shard_disabled_-_ToByteArray_fails_should_error
=== RUN   TestCreateShardCoordinator/public_key_not_in_genesis,_destination_shard_disabled_-_should_work
=== PAUSE TestCreateShardCoordinator/public_key_not_in_genesis,_destination_shard_disabled_-_should_work
=== RUN   TestCreateShardCoordinator/metachain_but_0_shards_should_error
=== PAUSE TestCreateShardCoordinator/metachain_but_0_shards_should_error
=== RUN   TestCreateShardCoordinator/metachain_should_work
=== PAUSE TestCreateShardCoordinator/metachain_should_work
=== CONT  TestCreateShardCoordinator/nil_nodes_config_should_error
=== CONT  TestBootstrapComponents
=== CONT  TestCreateNodesShuffleOut
=== RUN   TestCreateNodesShuffleOut/nil_nodes_config_should_error
=== PAUSE TestCreateNodesShuffleOut/nil_nodes_config_should_error
=== RUN   TestCreateNodesShuffleOut/invalid_MaxShuffledOutRestartThreshold_should_error
=== PAUSE TestCreateNodesShuffleOut/invalid_MaxShuffledOutRestartThreshold_should_error
=== RUN   TestCreateNodesShuffleOut/invalid_MaxShuffledOutRestartThreshold_should_error#01
=== PAUSE TestCreateNodesShuffleOut/invalid_MaxShuffledOutRestartThreshold_should_error#01
=== RUN   TestCreateNodesShuffleOut/NewShuffleOutCloser_fails_should_error
=== PAUSE TestCreateNodesShuffleOut/NewShuffleOutCloser_fails_should_error
=== RUN   TestCreateNodesShuffleOut/should_work
=== PAUSE TestCreateNodesShuffleOut/should_work
=== CONT  TestCreateNodesShuffleOut/nil_nodes_config_should_error
=== CONT  TestBootstrapComponentsFactory_Create
=== RUN   TestBootstrapComponentsFactory_Create/should_work
=== PAUSE TestBootstrapComponentsFactory_Create/should_work
=== RUN   TestBootstrapComponentsFactory_Create/ProcessDestinationShardAsObserver_fails_should_error
=== PAUSE TestBootstrapComponentsFactory_Create/ProcessDestinationShardAsObserver_fails_should_error
=== RUN   TestBootstrapComponentsFactory_Create/NewCache_fails_should_error
=== PAUSE TestBootstrapComponentsFactory_Create/NewCache_fails_should_error
=== RUN   TestBootstrapComponentsFactory_Create/NewHeaderVersionHandler_fails_should_error
=== PAUSE TestBootstrapComponentsFactory_Create/NewHeaderVersionHandler_fails_should_error
=== RUN   TestBootstrapComponentsFactory_Create/NewHeaderIntegrityVerifier_fails_should_error
=== PAUSE TestBootstrapComponentsFactory_Create/NewHeaderIntegrityVerifier_fails_should_error
=== RUN   TestBootstrapComponentsFactory_Create/CreateShardCoordinator_fails_should_error
=== PAUSE TestBootstrapComponentsFactory_Create/CreateShardCoordinator_fails_should_error
=== RUN   TestBootstrapComponentsFactory_Create/NewBootstrapDataProvider_fails_should_error
=== PAUSE TestBootstrapComponentsFactory_Create/NewBootstrapDataProvider_fails_should_error
=== RUN   TestBootstrapComponentsFactory_Create/import_db_mode_-_NewStorageEpochStartBootstrap_fails_should_error
=== PAUSE TestBootstrapComponentsFactory_Create/import_db_mode_-_NewStorageEpochStartBootstrap_fails_should_error
=== RUN   TestBootstrapComponentsFactory_Create/NewStorageEpochStartBootstrap_fails_should_error
=== PAUSE TestBootstrapComponentsFactory_Create/NewStorageEpochStartBootstrap_fails_should_error
=== CONT  TestBootstrapComponentsFactory_Create/should_work
=== CONT  TestCreateNodesCoordinator
=== CONT  TestCreateShardCoordinator/metachain_should_work
=== RUN   TestCreateNodesCoordinator/nil_nodes_shuffler_out_closer_should_error
=== CONT  TestNewBootstrapComponentsFactory_NilFactory
=== PAUSE TestCreateNodesCoordinator/nil_nodes_shuffler_out_closer_should_error
=== RUN   TestCreateNodesCoordinator/nil_nodes_config_should_error
=== CONT  TestBootstrapComponentsFactory_Create/CreateShardCoordinator_fails_should_error
=== PAUSE TestCreateNodesCoordinator/nil_nodes_config_should_error
=== RUN   TestCreateNodesCoordinator/nil_epoch_start_notifier_should_error
=== PAUSE TestCreateNodesCoordinator/nil_epoch_start_notifier_should_error
=== RUN   TestCreateNodesCoordinator/nil_pub_key_should_error
=== PAUSE TestCreateNodesCoordinator/nil_pub_key_should_error
=== RUN   TestCreateNodesCoordinator/nil_bootstrap_params_should_error
--- PASS: TestNewBootstrapComponentsFactory_NilFactory (0.00s)
=== CONT  TestCreateShardCoordinator/getShardIdFromNodePubKey_fails_should_error
=== CONT  TestManagedBootstrapComponents_Close
=== CONT  TestCreateShardCoordinator/public_key_not_in_genesis_-_ProcessDestinationShardAsObserver_fails_should_error
=== CONT  TestCreateNodesShuffleOut/invalid_MaxShuffledOutRestartThreshold_should_error#01
=== CONT  TestManagedBootstrapComponents_MethodsNoCreate
=== CONT  TestCreateShardCoordinator/metachain_but_0_shards_should_error
=== CONT  TestCreateShardCoordinator/public_key_not_in_genesis,_destination_shard_disabled_-_should_work
=== CONT  TestBootstrapComponentsFactory_Create/ProcessDestinationShardAsObserver_fails_should_error
=== CONT  TestBootstrapComponentsFactory_Create/NewHeaderVersionHandler_fails_should_error
=== CONT  TestNewBootstrapComponentsFactory
=== CONT  TestCreateShardCoordinator/public_key_not_in_genesis,_destination_shard_disabled_-_ToByteArray_fails_should_error
=== CONT  TestBootstrapComponentsFactory_Create/NewCache_fails_should_error
=== CONT  TestBootstrapComponentsFactory_Create/NewHeaderIntegrityVerifier_fails_should_error
=== CONT  TestCreateNodesShuffleOut/invalid_MaxShuffledOutRestartThreshold_should_error
=== CONT  TestBootstrapComponentsFactory_Create/NewStorageEpochStartBootstrap_fails_should_error
=== CONT  TestBootstrapComponentsFactory_Create/import_db_mode_-_NewStorageEpochStartBootstrap_fails_should_error
=== CONT  TestManagedBootstrapComponents_IsInterfaceNil
=== CONT  TestBootstrapComponentsFactory_Create/NewBootstrapDataProvider_fails_should_error
=== PAUSE TestCreateNodesCoordinator/nil_bootstrap_params_should_error
=== RUN   TestCreateNodesCoordinator/nil_chan_should_error
=== PAUSE TestCreateNodesCoordinator/nil_chan_should_error
=== RUN   TestCreateNodesCoordinator/invalid_shard_should_error
=== PAUSE TestCreateNodesCoordinator/invalid_shard_should_error
=== RUN   TestCreateNodesCoordinator/destination_shard_disabled_-_ToByteArray_fails_should_error
=== PAUSE TestCreateNodesCoordinator/destination_shard_disabled_-_ToByteArray_fails_should_error
=== RUN   TestCreateNodesCoordinator/ToByteArray_fails_should_error
=== PAUSE TestCreateNodesCoordinator/ToByteArray_fails_should_error
=== RUN   TestCreateNodesCoordinator/NewShuffledOutTrigger_fails_should_error
=== PAUSE TestCreateNodesCoordinator/NewShuffledOutTrigger_fails_should_error
=== RUN   TestCreateNodesCoordinator/NewIndexHashedNodesCoordinator_fails_should_error
=== PAUSE TestCreateNodesCoordinator/NewIndexHashedNodesCoordinator_fails_should_error
=== CONT  TestCreateShardCoordinator/nil_logger_should_error
=== RUN   TestCreateNodesCoordinator/NewIndexHashedNodesCoordinatorWithRater_fails_should_error
=== PAUSE TestCreateNodesCoordinator/NewIndexHashedNodesCoordinatorWithRater_fails_should_error
=== CONT  TestManagedBootstrapComponents_MethodsCreate
=== RUN   TestCreateNodesCoordinator/should_work_with_nodes_config
=== PAUSE TestCreateNodesCoordinator/should_work_with_nodes_config
=== CONT  TestCreateNodesShuffleOut/should_work
=== CONT  TestNewManagedBootstrapComponents
[0;32mINFO [0m[2026-03-16 10:13:44.813]   start time                               [0;32mformatted[0m = Mon Mar 16 10:14:00 IST 2026 [0;32mseconds[0m = 1773636240 
[0;32mINFO [0m[2026-03-16 10:13:44.813]   the node loaded the validatorKey.pem file and is running in single-key mode 
[0;32mINFO [0m[2026-03-16 10:13:44.816]   start time                               [0;32mformatted[0m = Mon Mar 16 10:14:00 IST 2026 [0;32mseconds[0m = 1773636240 
[0;32mINFO [0m[2026-03-16 10:13:44.816]   start time                               [0;32mformatted[0m = Mon Mar 16 10:14:00 IST 2026 [0;32mseconds[0m = 1773636240 
[0;32mINFO [0m[2026-03-16 10:13:44.817]   the node loaded the validatorKey.pem file and is running in single-key mode 
[0;32mINFO [0m[2026-03-16 10:13:44.817]   start time                               [0;32mformatted[0m = Mon Mar 16 10:14:00 IST 2026 [0;32mseconds[0m = 1773636240 
[0;32mINFO [0m[2026-03-16 10:13:44.817]   the node loaded the validatorKey.pem file and is running in single-key mode 
[0;32mINFO [0m[2026-03-16 10:13:44.817]   start time                               [0;32mformatted[0m = Mon Mar 16 10:14:00 IST 2026 [0;32mseconds[0m = 1773636240 
[0;32mINFO [0m[2026-03-16 10:13:44.817]   the node loaded the validatorKey.pem file and is running in single-key mode 
[0;32mINFO [0m[2026-03-16 10:13:44.817]   start time                               [0;32mformatted[0m = Mon Mar 16 10:14:00 IST 2026 [0;32mseconds[0m = 1773636240 
[0;32mINFO [0m[2026-03-16 10:13:44.821]   the node loaded the validatorKey.pem file and is running in single-key mode 
[0;32mINFO [0m[2026-03-16 10:13:44.821]   start time                               [0;32mformatted[0m = Mon Mar 16 10:14:00 IST 2026 [0;32mseconds[0m = 1773636240 
[0;32mINFO [0m[2026-03-16 10:13:44.821]   start time                               [0;32mformatted[0m = Mon Mar 16 10:14:00 IST 2026 [0;32mseconds[0m = 1773636240 
[0;32mINFO [0m[2026-03-16 10:13:44.821]   the node loaded the validatorKey.pem file and is running in single-key mode 
[0;32mINFO [0m[2026-03-16 10:13:44.821]   the node loaded the validatorKey.pem file and is running in single-key mode 
[0;32mINFO [0m[2026-03-16 10:13:44.821]   start time                               [0;32mformatted[0m = Mon Mar 16 10:14:00 IST 2026 [0;32mseconds[0m = 1773636240 
[0;32mINFO [0m[2026-03-16 10:13:44.822]   start time                               [0;32mformatted[0m = Mon Mar 16 10:14:00 IST 2026 [0;32mseconds[0m = 1773636240 
[0;32mINFO [0m[2026-03-16 10:13:44.822]   the node loaded the validatorKey.pem file and is running in single-key mode 
[0;32mINFO [0m[2026-03-16 10:13:44.822]   the node loaded the validatorKey.pem file and is running in single-key mode 
[0;32mINFO [0m[2026-03-16 10:13:44.822]   start time                               [0;32mformatted[0m = Mon Mar 16 10:14:00 IST 2026 [0;32mseconds[0m = 1773636240 
[0;32mINFO [0m[2026-03-16 10:13:44.822]   start time                               [0;32mformatted[0m = Mon Mar 16 10:14:00 IST 2026 [0;32mseconds[0m = 1773636240 
[0;32mINFO [0m[2026-03-16 10:13:44.822]   the node loaded the validatorKey.pem file and is running in single-key mode 
[0;32mINFO [0m[2026-03-16 10:13:44.822]   the node loaded the validatorKey.pem file and is running in single-key mode 
[0;32mINFO [0m[2026-03-16 10:13:44.823]   the node loaded the validatorKey.pem file and is running in single-key mode 
[0;32mINFO [0m[2026-03-16 10:13:44.849]   start time                               [0;32mformatted[0m = Mon Mar 16 10:14:00 IST 2026 [0;32mseconds[0m = 1773636240 
[0;32mINFO [0m[2026-03-16 10:13:44.863]   start time                               [0;32mformatted[0m = Mon Mar 16 10:14:00 IST 2026 [0;32mseconds[0m = 1773636240 
[0;32mINFO [0m[2026-03-16 10:13:44.864]   the node loaded the validatorKey.pem file and is running in single-key mode 
[0;32mINFO [0m[2026-03-16 10:13:44.864]   start time                               [0;32mformatted[0m = Mon Mar 16 10:14:00 IST 2026 [0;32mseconds[0m = 1773636240 
[0;32mINFO [0m[2026-03-16 10:13:44.864]   start time                               [0;32mformatted[0m = Mon Mar 16 10:14:00 IST 2026 [0;32mseconds[0m = 1773636240 
[0;32mINFO [0m[2026-03-16 10:13:44.888]   the node loaded the validatorKey.pem file and is running in single-key mode 
[0;32mINFO [0m[2026-03-16 10:13:44.888]   the node loaded the validatorKey.pem file and is running in single-key mode 
[0;32mINFO [0m[2026-03-16 10:13:44.891]   the node loaded the validatorKey.pem file and is running in single-key mode 
[0;32mINFO [0m[2026-03-16 10:13:44.939]   p2p private key: generated a new private key for p2p signing 
[0;32mINFO [0m[2026-03-16 10:13:44.951]   p2p private key: generated a new private key for p2p signing 
[0;32mINFO [0m[2026-03-16 10:13:44.951]   listening on addresses                   [0;32maddr0[0m = /ip4/127.0.0.1/tcp/37605/p2p/16Uiu2HAmRWzuXKgxpPaahmMzWA98hazfP141uaLGfkGajde52LBU 
[0;32mINFO [0m[2026-03-16 10:13:44.951]   started the network discovery process... 
[0;32mINFO [0m[2026-03-16 10:13:44.956]   p2p private key: generated a new private key for p2p signing 
[0;32mINFO [0m[2026-03-16 10:13:44.979]   listening on addresses                   [0;32maddr0[0m = /ip4/127.0.0.1/tcp/45143/p2p/16Uiu2HAmRmfXFf39XGUpzFVVra36vLLPfJHMoyi13yBEeaT4DLs8 
[0;32mINFO [0m[2026-03-16 10:13:44.979]   started the network discovery process... 
[0;32mINFO [0m[2026-03-16 10:13:44.982]   p2p private key: generated a new private key for p2p signing 
[0;32mINFO [0m[2026-03-16 10:13:44.993]   p2p private key: generated a new private key for p2p signing 
[0;32mINFO [0m[2026-03-16 10:13:44.994]   p2p private key: generated a new private key for p2p signing 
[0;32mINFO [0m[2026-03-16 10:13:44.994]   p2p private key: generated a new private key for p2p signing 
[0;32mINFO [0m[2026-03-16 10:13:44.995]   p2p private key: generated a new private key for p2p signing 
[0;32mINFO [0m[2026-03-16 10:13:44.995]   p2p private key: generated a new private key for p2p signing 
[0;32mINFO [0m[2026-03-16 10:13:44.995]   p2p private key: generated a new private key for p2p signing 
[0;32mINFO [0m[2026-03-16 10:13:44.995]   p2p private key: generated a new private key for p2p signing 
[0;32mINFO [0m[2026-03-16 10:13:44.999]   p2p private key: generated a new private key for p2p signing 
[0;32mINFO [0m[2026-03-16 10:13:44.995]   p2p private key: generated a new private key for p2p signing 
[0;32mINFO [0m[2026-03-16 10:13:44.995]   p2p private key: generated a new private key for p2p signing 
[0;32mINFO [0m[2026-03-16 10:13:44.995]   p2p private key: generated a new private key for p2p signing 
[0;32mINFO [0m[2026-03-16 10:13:44.995]   p2p private key: generated a new private key for p2p signing 
[0;32mINFO [0m[2026-03-16 10:13:45.011]   listening on addresses                   [0;32maddr0[0m = /ip4/127.0.0.1/tcp/45485/p2p/16Uiu2HAm5FS8hs9dwcohhum3fwDG3E6Ri5tYKD6gNC18GUFoA6QN 
[0;32mINFO [0m[2026-03-16 10:13:45.011]   started the network discovery process... 
[0;32mINFO [0m[2026-03-16 10:13:45.099]   listening on addresses                   [0;32maddr0[0m = /ip4/127.0.0.1/tcp/39069/p2p/16Uiu2HAmFU6ty2K3EPTXBEPZZj1tEMEZL6XvvQNPxd7kjpxKYrkt 
[0;32mINFO [0m[2026-03-16 10:13:45.099]   started the network discovery process... 
[0;32mINFO [0m[2026-03-16 10:13:45.100]   listening on addresses                   [0;32maddr0[0m = /ip4/127.0.0.1/tcp/33089/p2p/16Uiu2HAm7KrAWB7gyxotCnPiJhS8LFjJ6RDKhWZMq6NyiNRbvfJa 
[0;32mINFO [0m[2026-03-16 10:13:45.100]   started the network discovery process... 
[0;32mINFO [0m[2026-03-16 10:13:45.100]   listening on addresses                   [0;32maddr0[0m = /ip4/127.0.0.1/tcp/34607/p2p/16Uiu2HAkvTBZJZoJTycknCkWbbcWEbYstcX5TqQ93aYCgnNFK9ES 
[0;32mINFO [0m[2026-03-16 10:13:45.100]   started the network discovery process... 
[0;32mINFO [0m[2026-03-16 10:13:45.109]   listening on addresses                   [0;32maddr0[0m = /ip4/127.0.0.1/tcp/33201/p2p/16Uiu2HAmUJk5pagMv59aZHprCGEHscmpX5KKFej8MAj5yhcnRmSx 
[0;32mINFO [0m[2026-03-16 10:13:45.109]   started the network discovery process... 
[0;32mINFO [0m[2026-03-16 10:13:45.173]   listening on addresses                   [0;32maddr0[0m = /ip4/127.0.0.1/tcp/38605/p2p/16Uiu2HAmSavMF5YmSyK85wZ5xS31Vfn9x2uFQVKVpJfohBN1AnR6 
[0;32mINFO [0m[2026-03-16 10:13:45.173]   started the network discovery process... 
[0;32mINFO [0m[2026-03-16 10:13:45.174]   listening on addresses                   [0;32maddr0[0m = /ip4/127.0.0.1/tcp/39579/p2p/16Uiu2HAmVBS3JrrBit9Ew2hPodfwZ7sa6ZMsCd6N4Xs33hawhCBn 
[0;32mINFO [0m[2026-03-16 10:13:45.174]   started the network discovery process... 
[0;32mINFO [0m[2026-03-16 10:13:45.357]   listening on addresses                   [0;32maddr0[0m = /ip4/127.0.0.1/tcp/33609/p2p/16Uiu2HAm3FTrmeLXdw7EybptfyDawmH9mw7isLVz6xtsrnxCzSA1 
[0;32mINFO [0m[2026-03-16 10:13:45.357]   started the network discovery process... 
[0;32mINFO [0m[2026-03-16 10:13:45.361]   listening on addresses                   [0;32maddr0[0m = /ip4/127.0.0.1/tcp/41885/p2p/16Uiu2HAm3LLvTQ53jByHb4Z8dJR8ERQ51aotTi3fq7LuiP6YsEXt 
[0;32mINFO [0m[2026-03-16 10:13:45.361]   started the network discovery process... 
[0;32mINFO [0m[2026-03-16 10:13:45.362]   listening on addresses                   [0;32maddr0[0m = /ip4/127.0.0.1/tcp/39905/p2p/16Uiu2HAmUB1SRNyFCXn1Yk7jNsUKgJztbs42yF3jvqzAedZXavQt 
[0;32mINFO [0m[2026-03-16 10:13:45.362]   started the network discovery process... 
[0;32mINFO [0m[2026-03-16 10:13:45.364]   listening on addresses                   [0;32maddr0[0m = /ip4/127.0.0.1/tcp/45833/p2p/16Uiu2HAmCHMT6VacqQU4rrv3i1KK3GCKZmzV7tgE4ew3tWC4zjm6 
[0;32mINFO [0m[2026-03-16 10:13:45.364]   started the network discovery process... 
[0;32mINFO [0m[2026-03-16 10:13:45.442]   listening on addresses                   [0;32maddr0[0m = /ip4/127.0.0.1/tcp/41245/p2p/16Uiu2HAmLr7uGdgN2JoKohiwt2XSHPKiCf5ZxPFYjMm2WrGnrCxj 
[0;32mINFO [0m[2026-03-16 10:13:45.442]   started the network discovery process... 
[0;32mINFO [0m[2026-03-16 10:13:45.494]   listening on addresses                   [0;32maddr0[0m = /ip4/127.0.0.1/tcp/43337/p2p/16Uiu2HAmBsdPE4NFjmkH67oy3uuMxt13ufPEMxLWXvpxX1tUQbtQ 
[0;32mINFO [0m[2026-03-16 10:13:45.494]   started the network discovery process... 
[0;32mINFO [0m[2026-03-16 10:13:45.596]   listening on addresses                   [0;32maddr0[0m = /ip4/127.0.0.1/tcp/36975/p2p/16Uiu2HAmBmwxza4jBKTSMmZuWDkZ32BgXzNA4SuSesBh3TB5Dxes 
[0;32mINFO [0m[2026-03-16 10:13:45.596]   started the network discovery process... 
[0;32mINFO [0m[2026-03-16 10:13:45.955]   start time                               [0;32mformatted[0m = Mon Mar 16 10:14:00 IST 2026 [0;32mseconds[0m = 1773636240 
[0;32mINFO [0m[2026-03-16 10:13:45.957]   starting as observer node                
[0;32mINFO [0m[2026-03-16 10:13:45.960]   shard info                               [0;32mstarted in shard[0m = 0 
[0;32mINFO [0m[2026-03-16 10:13:45.960]   bootstrap parameters                     [0;32mshardId[0m = 0 [0;32mepoch[0m = 0 [0;32mnumShards[0m = 2 
--- PASS: TestBootstrapComponents (2.17s)
=== CONT  TestCreateShardCoordinator/nil_pub_key_should_error
--- PASS: TestCreateShardCoordinator (0.00s)
    --- PASS: TestCreateShardCoordinator/nil_nodes_config_should_error (0.00s)
    --- PASS: TestCreateShardCoordinator/metachain_should_work (0.00s)
    --- PASS: TestCreateShardCoordinator/getShardIdFromNodePubKey_fails_should_error (0.00s)
    --- PASS: TestCreateShardCoordinator/public_key_not_in_genesis_-_ProcessDestinationShardAsObserver_fails_should_error (0.00s)
    --- PASS: TestCreateShardCoordinator/metachain_but_0_shards_should_error (0.00s)
    --- PASS: TestCreateShardCoordinator/public_key_not_in_genesis,_destination_shard_disabled_-_should_work (0.00s)
    --- PASS: TestCreateShardCoordinator/public_key_not_in_genesis,_destination_shard_disabled_-_ToByteArray_fails_should_error (0.00s)
    --- PASS: TestCreateShardCoordinator/nil_logger_should_error (0.00s)
    --- PASS: TestCreateShardCoordinator/nil_pub_key_should_error (0.00s)
[0;32mINFO [0m[2026-03-16 10:13:45.960]   closing mapTimeCacher's sweep go routine... 
=== CONT  TestCreateNodesShuffleOut/NewShuffleOutCloser_fails_should_error
--- PASS: TestCreateNodesShuffleOut (0.00s)
    --- PASS: TestCreateNodesShuffleOut/nil_nodes_config_should_error (0.00s)
    --- PASS: TestCreateNodesShuffleOut/invalid_MaxShuffledOutRestartThreshold_should_error#01 (0.00s)
    --- PASS: TestCreateNodesShuffleOut/invalid_MaxShuffledOutRestartThreshold_should_error (0.00s)
    --- PASS: TestCreateNodesShuffleOut/should_work (0.00s)
    --- PASS: TestCreateNodesShuffleOut/NewShuffleOutCloser_fails_should_error (0.00s)
=== CONT  TestManagedBootstrapComponents_CreateNilInternalMarshalizer
[0;32mINFO [0m[2026-03-16 10:13:45.998]   start time                               [0;32mformatted[0m = Mon Mar 16 10:14:00 IST 2026 [0;32mseconds[0m = 1773636240 
[0;32mINFO [0m[2026-03-16 10:13:46.018]   start time                               [0;32mformatted[0m = Mon Mar 16 10:14:00 IST 2026 [0;32mseconds[0m = 1773636240 
=== CONT  TestCreateNodesCoordinator/nil_nodes_shuffler_out_closer_should_error
=== CONT  TestCreateNodesCoordinator/destination_shard_disabled_-_ToByteArray_fails_should_error
=== CONT  TestCreateNodesCoordinator/should_work_with_nodes_config
[0;32mINFO [0m[2026-03-16 10:13:46.020]   new nodes config is set for epoch        [0;32mepoch[0m = 0 
=== CONT  TestCreateNodesCoordinator/NewIndexHashedNodesCoordinatorWithRater_fails_should_error
[0;32mINFO [0m[2026-03-16 10:13:46.020]   new nodes config is set for epoch        [0;32mepoch[0m = 0 
=== CONT  TestCreateNodesCoordinator/NewIndexHashedNodesCoordinator_fails_should_error
=== CONT  TestCreateNodesCoordinator/NewShuffledOutTrigger_fails_should_error
=== CONT  TestCreateNodesCoordinator/ToByteArray_fails_should_error
=== CONT  TestCreateNodesCoordinator/nil_bootstrap_params_should_error
=== CONT  TestCreateNodesCoordinator/invalid_shard_should_error
=== CONT  TestCreateNodesCoordinator/nil_chan_should_error
=== CONT  TestCreateNodesCoordinator/nil_epoch_start_notifier_should_error
=== CONT  TestCreateNodesCoordinator/nil_pub_key_should_error
=== CONT  TestCreateNodesCoordinator/nil_nodes_config_should_error
--- PASS: TestCreateNodesCoordinator (0.00s)
    --- PASS: TestCreateNodesCoordinator/nil_nodes_shuffler_out_closer_should_error (0.00s)
    --- PASS: TestCreateNodesCoordinator/destination_shard_disabled_-_ToByteArray_fails_should_error (0.00s)
    --- PASS: TestCreateNodesCoordinator/should_work_with_nodes_config (0.00s)
    --- PASS: TestCreateNodesCoordinator/NewIndexHashedNodesCoordinatorWithRater_fails_should_error (0.00s)
    --- PASS: TestCreateNodesCoordinator/NewIndexHashedNodesCoordinator_fails_should_error (0.00s)
    --- PASS: TestCreateNodesCoordinator/NewShuffledOutTrigger_fails_should_error (0.00s)
    --- PASS: TestCreateNodesCoordinator/ToByteArray_fails_should_error (0.00s)
    --- PASS: TestCreateNodesCoordinator/nil_bootstrap_params_should_error (0.00s)
    --- PASS: TestCreateNodesCoordinator/invalid_shard_should_error (0.00s)
    --- PASS: TestCreateNodesCoordinator/nil_chan_should_error (0.00s)
    --- PASS: TestCreateNodesCoordinator/nil_epoch_start_notifier_should_error (0.00s)
    --- PASS: TestCreateNodesCoordinator/nil_pub_key_should_error (0.00s)
    --- PASS: TestCreateNodesCoordinator/nil_nodes_config_should_error (0.00s)
[0;32mINFO [0m[2026-03-16 10:13:46.099]   starting as observer node                
[0;32mINFO [0m[2026-03-16 10:13:46.099]   shard info                               [0;32mstarted in shard[0m = 0 
[0;32mINFO [0m[2026-03-16 10:13:46.100]   bootstrap parameters                     [0;32mshardId[0m = 0 [0;32mepoch[0m = 0 [0;32mnumShards[0m = 2 
[0;32mINFO [0m[2026-03-16 10:13:46.100]   start time                               [0;32mformatted[0m = Mon Mar 16 10:14:00 IST 2026 [0;32mseconds[0m = 1773636240 
[0;32mINFO [0m[2026-03-16 10:13:46.103]   start time                               [0;32mformatted[0m = Mon Mar 16 10:14:00 IST 2026 [0;32mseconds[0m = 1773636240 
[0;32mINFO [0m[2026-03-16 10:13:46.104]   start time                               [0;32mformatted[0m = Mon Mar 16 10:14:00 IST 2026 [0;32mseconds[0m = 1773636240 
--- PASS: TestManagedBootstrapComponents_MethodsNoCreate (2.32s)
[0;32mINFO [0m[2026-03-16 10:13:46.176]   start time                               [0;32mformatted[0m = Mon Mar 16 10:14:00 IST 2026 [0;32mseconds[0m = 1773636240 
[0;32mINFO [0m[2026-03-16 10:13:46.181]   start time                               [0;32mformatted[0m = Mon Mar 16 10:14:00 IST 2026 [0;32mseconds[0m = 1773636240 
=== RUN   TestNewBootstrapComponentsFactory/should_work
=== PAUSE TestNewBootstrapComponentsFactory/should_work
=== RUN   TestNewBootstrapComponentsFactory/nil_core_components_should_error
=== PAUSE TestNewBootstrapComponentsFactory/nil_core_components_should_error
=== RUN   TestNewBootstrapComponentsFactory/nil_enable_epochs_handler_should_error
=== PAUSE TestNewBootstrapComponentsFactory/nil_enable_epochs_handler_should_error
=== RUN   TestNewBootstrapComponentsFactory/nil_crypto_components_should_error
=== PAUSE TestNewBootstrapComponentsFactory/nil_crypto_components_should_error
=== RUN   TestNewBootstrapComponentsFactory/nil_network_components_should_error
=== PAUSE TestNewBootstrapComponentsFactory/nil_network_components_should_error
=== RUN   TestNewBootstrapComponentsFactory/nil_status_core_components_should_error
=== PAUSE TestNewBootstrapComponentsFactory/nil_status_core_components_should_error
=== RUN   TestNewBootstrapComponentsFactory/nil_trie_sync_statistics_should_error
=== PAUSE TestNewBootstrapComponentsFactory/nil_trie_sync_statistics_should_error
=== RUN   TestNewBootstrapComponentsFactory/nil_app_status_handler_should_error
=== PAUSE TestNewBootstrapComponentsFactory/nil_app_status_handler_should_error
=== RUN   TestNewBootstrapComponentsFactory/empty_working_dir_should_error
=== PAUSE TestNewBootstrapComponentsFactory/empty_working_dir_should_error
=== CONT  TestNewBootstrapComponentsFactory/should_work
[0;32mINFO [0m[2026-03-16 10:13:46.183]   shard info                               [0;32mstarted in shard[0m = 0 
=== CONT  TestNewBootstrapComponentsFactory/nil_status_core_components_should_error
=== CONT  TestNewBootstrapComponentsFactory/empty_working_dir_should_error
=== CONT  TestNewBootstrapComponentsFactory/nil_app_status_handler_should_error
=== CONT  TestNewBootstrapComponentsFactory/nil_crypto_components_should_error
=== CONT  TestNewBootstrapComponentsFactory/nil_enable_epochs_handler_should_error
=== CONT  TestNewBootstrapComponentsFactory/nil_trie_sync_statistics_should_error
=== CONT  TestNewBootstrapComponentsFactory/nil_network_components_should_error
=== CONT  TestNewBootstrapComponentsFactory/nil_core_components_should_error
--- PASS: TestNewBootstrapComponentsFactory (2.39s)
    --- PASS: TestNewBootstrapComponentsFactory/should_work (0.00s)
    --- PASS: TestNewBootstrapComponentsFactory/nil_status_core_components_should_error (0.00s)
    --- PASS: TestNewBootstrapComponentsFactory/empty_working_dir_should_error (0.00s)
    --- PASS: TestNewBootstrapComponentsFactory/nil_app_status_handler_should_error (0.00s)
    --- PASS: TestNewBootstrapComponentsFactory/nil_crypto_components_should_error (0.00s)
    --- PASS: TestNewBootstrapComponentsFactory/nil_enable_epochs_handler_should_error (0.00s)
    --- PASS: TestNewBootstrapComponentsFactory/nil_trie_sync_statistics_should_error (0.00s)
    --- PASS: TestNewBootstrapComponentsFactory/nil_network_components_should_error (0.00s)
    --- PASS: TestNewBootstrapComponentsFactory/nil_core_components_should_error (0.00s)
[0;32mINFO [0m[2026-03-16 10:13:46.205]   start time                               [0;32mformatted[0m = Mon Mar 16 10:14:00 IST 2026 [0;32mseconds[0m = 1773636240 
[0;32mINFO [0m[2026-03-16 10:13:46.211]   shard info                               [0;32mstarted in shard[0m = 0 
[0;32mINFO [0m[2026-03-16 10:13:46.360]   start time                               [0;32mformatted[0m = Mon Mar 16 10:14:00 IST 2026 [0;32mseconds[0m = 1773636240 
--- PASS: TestManagedBootstrapComponents_IsInterfaceNil (2.57s)
[0;32mINFO [0m[2026-03-16 10:13:46.364]   start time                               [0;32mformatted[0m = Mon Mar 16 10:14:00 IST 2026 [0;32mseconds[0m = 1773636240 
[0;32mINFO [0m[2026-03-16 10:13:46.364]   start time                               [0;32mformatted[0m = Mon Mar 16 10:14:00 IST 2026 [0;32mseconds[0m = 1773636240 
[0;32mINFO [0m[2026-03-16 10:13:46.457]   start time                               [0;32mformatted[0m = Mon Mar 16 10:14:00 IST 2026 [0;32mseconds[0m = 1773636240 
[0;32mINFO [0m[2026-03-16 10:13:46.476]   starting as observer node                
[0;32mINFO [0m[2026-03-16 10:13:46.476]   shard info                               [0;32mstarted in shard[0m = 0 
[0;32mINFO [0m[2026-03-16 10:13:46.476]   bootstrap parameters                     [0;32mshardId[0m = 0 [0;32mepoch[0m = 0 [0;32mnumShards[0m = 2 
--- PASS: TestManagedBootstrapComponents_MethodsCreate (2.68s)
[0;32mINFO [0m[2026-03-16 10:13:46.476]   closing mapTimeCacher's sweep go routine... 
[0;32mINFO [0m[2026-03-16 10:13:46.487]   shard info                               [0;32mstarted in shard[0m = 0 
[0;32mINFO [0m[2026-03-16 10:13:46.507]   start time                               [0;32mformatted[0m = Mon Mar 16 10:14:00 IST 2026 [0;32mseconds[0m = 1773636240 
--- PASS: TestBootstrapComponentsFactory_Create (0.00s)
    --- PASS: TestBootstrapComponentsFactory_Create/ProcessDestinationShardAsObserver_fails_should_error (2.23s)
    --- PASS: TestBootstrapComponentsFactory_Create/should_work (2.31s)
    --- PASS: TestBootstrapComponentsFactory_Create/NewHeaderIntegrityVerifier_fails_should_error (2.31s)
    --- PASS: TestBootstrapComponentsFactory_Create/NewCache_fails_should_error (2.31s)
    --- PASS: TestBootstrapComponentsFactory_Create/NewBootstrapDataProvider_fails_should_error (2.39s)
    --- PASS: TestBootstrapComponentsFactory_Create/NewStorageEpochStartBootstrap_fails_should_error (2.42s)
    --- PASS: TestBootstrapComponentsFactory_Create/CreateShardCoordinator_fails_should_error (2.67s)
    --- PASS: TestBootstrapComponentsFactory_Create/import_db_mode_-_NewStorageEpochStartBootstrap_fails_should_error (2.69s)
    --- PASS: TestBootstrapComponentsFactory_Create/NewHeaderVersionHandler_fails_should_error (2.72s)
[0;32mINFO [0m[2026-03-16 10:13:46.547]   start time                               [0;32mformatted[0m = Mon Mar 16 10:14:00 IST 2026 [0;32mseconds[0m = 1773636240 
[0;32mINFO [0m[2026-03-16 10:13:46.600]   start time                               [0;32mformatted[0m = Mon Mar 16 10:14:00 IST 2026 [0;32mseconds[0m = 1773636240 
--- PASS: TestNewManagedBootstrapComponents (2.81s)
[0;32mINFO [0m[2026-03-16 10:13:46.648]   starting as observer node                
[0;32mINFO [0m[2026-03-16 10:13:46.648]   shard info                               [0;32mstarted in shard[0m = 0 
[0;32mINFO [0m[2026-03-16 10:13:46.649]   bootstrap parameters                     [0;32mshardId[0m = 0 [0;32mepoch[0m = 0 [0;32mnumShards[0m = 2 
--- PASS: TestManagedBootstrapComponents_Close (2.86s)
[0;32mINFO [0m[2026-03-16 10:13:46.649]   closing mapTimeCacher's sweep go routine... 
[0;32mINFO [0m[2026-03-16 10:13:46.961]   start time                               [0;32mformatted[0m = Mon Mar 16 10:14:00 IST 2026 [0;32mseconds[0m = 1773636240 
[0;32mINFO [0m[2026-03-16 10:13:46.962]   the node loaded the validatorKey.pem file and is running in single-key mode 
[0;32mINFO [0m[2026-03-16 10:13:46.962]   p2p private key: generated a new private key for p2p signing 
[0;32mINFO [0m[2026-03-16 10:13:47.038]   listening on addresses                   [0;32maddr0[0m = /ip4/127.0.0.1/tcp/44851/p2p/16Uiu2HAmEHRLmqMCgaRmPMmb4f9eNX2VQr4aRKeSgLsrZpKWA5ix 
[0;32mINFO [0m[2026-03-16 10:13:47.038]   started the network discovery process... 
[0;32mINFO [0m[2026-03-16 10:13:48.127]   start time                               [0;32mformatted[0m = Mon Mar 16 10:14:00 IST 2026 [0;32mseconds[0m = 1773636240 
[0;32mINFO [0m[2026-03-16 10:13:48.129]   shard info                               [0;32mstarted in shard[0m = 0 
--- PASS: TestManagedBootstrapComponents_CreateNilInternalMarshalizer (2.17s)
PASS
ok  	github.com/TerraDharitri/drt-go-chain/factory/bootstrap	(cached)
=== RUN   TestNewManagedConsensusComponents
=== PAUSE TestNewManagedConsensusComponents
=== RUN   TestManagedConsensusComponents_Create
=== PAUSE TestManagedConsensusComponents_Create
=== RUN   TestManagedConsensusComponents_CheckSubcomponents
=== PAUSE TestManagedConsensusComponents_CheckSubcomponents
=== RUN   TestManagedConsensusComponents_IsInterfaceNil
=== PAUSE TestManagedConsensusComponents_IsInterfaceNil
=== RUN   TestManagedConsensusComponents_Close
=== PAUSE TestManagedConsensusComponents_Close
=== RUN   TestNewConsensusComponentsFactory
=== PAUSE TestNewConsensusComponentsFactory
=== RUN   TestConsensusComponentsFactory_Create
=== PAUSE TestConsensusComponentsFactory_Create
=== CONT  TestNewManagedConsensusComponents
=== CONT  TestManagedConsensusComponents_Close
=== CONT  TestManagedConsensusComponents_IsInterfaceNil
=== RUN   TestNewManagedConsensusComponents/nil_factory_should_error
--- PASS: TestManagedConsensusComponents_IsInterfaceNil (0.00s)
=== PAUSE TestNewManagedConsensusComponents/nil_factory_should_error
=== RUN   TestNewManagedConsensusComponents/should_work
=== PAUSE TestNewManagedConsensusComponents/should_work
=== CONT  TestNewManagedConsensusComponents/nil_factory_should_error
=== CONT  TestConsensusComponentsFactory_Create
=== RUN   TestConsensusComponentsFactory_Create/invalid_shard_id_should_error
=== PAUSE TestConsensusComponentsFactory_Create/invalid_shard_id_should_error
=== RUN   TestConsensusComponentsFactory_Create/genesis_block_not_initialized_should_error
[0;32mINFO [0m[2026-03-16 10:13:43.911]   starting consensus                       [0;32mepoch[0m = 0 
=== PAUSE TestConsensusComponentsFactory_Create/genesis_block_not_initialized_should_error
=== RUN   TestConsensusComponentsFactory_Create/createChronology_fails_should_error
=== PAUSE TestConsensusComponentsFactory_Create/createChronology_fails_should_error
=== RUN   TestConsensusComponentsFactory_Create/createBootstrapper_fails_due_to_nil_shard_coordinator_should_error
=== PAUSE TestConsensusComponentsFactory_Create/createBootstrapper_fails_due_to_nil_shard_coordinator_should_error
=== RUN   TestConsensusComponentsFactory_Create/createBootstrapper_fails_due_to_invalid_shard_coordinator_should_error
=== PAUSE TestConsensusComponentsFactory_Create/createBootstrapper_fails_due_to_invalid_shard_coordinator_should_error
=== RUN   TestConsensusComponentsFactory_Create/createUserAccountsSyncer_fails_due_to_missing_UserAccountTrie_should_error
=== PAUSE TestConsensusComponentsFactory_Create/createUserAccountsSyncer_fails_due_to_missing_UserAccountTrie_should_error
=== RUN   TestConsensusComponentsFactory_Create/createUserAccountsSyncer_fails_due_to_invalid_NumConcurrentTrieSyncers_should_error
=== PAUSE TestConsensusComponentsFactory_Create/createUserAccountsSyncer_fails_due_to_invalid_NumConcurrentTrieSyncers_should_error
=== RUN   TestConsensusComponentsFactory_Create/createUserAccountsSyncer_fails_due_to_missing_UserAccountTrie_should_error#01
=== PAUSE TestConsensusComponentsFactory_Create/createUserAccountsSyncer_fails_due_to_missing_UserAccountTrie_should_error#01
=== RUN   TestConsensusComponentsFactory_Create/createValidatorAccountsSyncer_fails_due_to_missing_PeerAccountTrie_should_error
=== PAUSE TestConsensusComponentsFactory_Create/createValidatorAccountsSyncer_fails_due_to_missing_PeerAccountTrie_should_error
=== RUN   TestConsensusComponentsFactory_Create/createConsensusState_fails_due_to_nil_public_key_should_error
=== PAUSE TestConsensusComponentsFactory_Create/createConsensusState_fails_due_to_nil_public_key_should_error
=== RUN   TestConsensusComponentsFactory_Create/createConsensusState_fails_due_to_ToByteArray_failure_should_error
=== PAUSE TestConsensusComponentsFactory_Create/createConsensusState_fails_due_to_ToByteArray_failure_should_error
=== RUN   TestConsensusComponentsFactory_Create/createConsensusState_fails_due_to_GetConsensusWhitelistedNodes_failure_should_error
=== PAUSE TestConsensusComponentsFactory_Create/createConsensusState_fails_due_to_GetConsensusWhitelistedNodes_failure_should_error
=== RUN   TestConsensusComponentsFactory_Create/GetConsensusCoreFactory_failure_should_error
=== PAUSE TestConsensusComponentsFactory_Create/GetConsensusCoreFactory_failure_should_error
=== RUN   TestConsensusComponentsFactory_Create/GetBroadcastMessenger_failure_should_error
=== PAUSE TestConsensusComponentsFactory_Create/GetBroadcastMessenger_failure_should_error
=== RUN   TestConsensusComponentsFactory_Create/NewWorker_failure_should_error
=== PAUSE TestConsensusComponentsFactory_Create/NewWorker_failure_should_error
=== RUN   TestConsensusComponentsFactory_Create/createConsensusTopic_fails_due_nil_shard_coordinator_should_error
=== PAUSE TestConsensusComponentsFactory_Create/createConsensusTopic_fails_due_nil_shard_coordinator_should_error
=== RUN   TestConsensusComponentsFactory_Create/createConsensusTopic_fails_due_nil_messenger_should_error
--- PASS: TestManagedConsensusComponents_Close (0.00s)
=== CONT  TestManagedConsensusComponents_CheckSubcomponents
=== CONT  TestManagedConsensusComponents_Create
[0;32mINFO [0m[2026-03-16 10:13:43.913]   starting consensus                       [0;32mepoch[0m = 0 
=== RUN   TestManagedConsensusComponents_Create/invalid_params_should_error
=== CONT  TestNewConsensusComponentsFactory
=== CONT  TestNewManagedConsensusComponents/should_work
=== PAUSE TestConsensusComponentsFactory_Create/createConsensusTopic_fails_due_nil_messenger_should_error
=== RUN   TestConsensusComponentsFactory_Create/createConsensusTopic_fails_due_CreateTopic_failure_should_error
=== PAUSE TestConsensusComponentsFactory_Create/createConsensusTopic_fails_due_CreateTopic_failure_should_error
=== RUN   TestConsensusComponentsFactory_Create/createConsensusState_fails_due_to_nil_KeysHandler_should_error
=== PAUSE TestManagedConsensusComponents_Create/invalid_params_should_error
=== PAUSE TestConsensusComponentsFactory_Create/createConsensusState_fails_due_to_nil_KeysHandler_should_error
=== RUN   TestManagedConsensusComponents_Create/should_work_with_getters
=== RUN   TestConsensusComponentsFactory_Create/NewConsensusCore_failure_should_error
=== PAUSE TestConsensusComponentsFactory_Create/NewConsensusCore_failure_should_error
=== PAUSE TestManagedConsensusComponents_Create/should_work_with_getters
=== RUN   TestConsensusComponentsFactory_Create/addCloserInstances_failure_should_error
=== CONT  TestManagedConsensusComponents_Create/invalid_params_should_error
=== CONT  TestManagedConsensusComponents_Create/should_work_with_getters
=== PAUSE TestConsensusComponentsFactory_Create/addCloserInstances_failure_should_error
=== RUN   TestConsensusComponentsFactory_Create/should_work
=== PAUSE TestConsensusComponentsFactory_Create/should_work
=== CONT  TestConsensusComponentsFactory_Create/invalid_shard_id_should_error
=== RUN   TestNewConsensusComponentsFactory/should_work
--- PASS: TestManagedConsensusComponents_CheckSubcomponents (0.00s)
=== CONT  TestConsensusComponentsFactory_Create/createBootstrapper_fails_due_to_nil_shard_coordinator_should_error
=== CONT  TestConsensusComponentsFactory_Create/createChronology_fails_should_error
=== CONT  TestConsensusComponentsFactory_Create/createConsensusState_fails_due_to_GetConsensusWhitelistedNodes_failure_should_error
=== CONT  TestConsensusComponentsFactory_Create/createBootstrapper_fails_due_to_invalid_shard_coordinator_should_error
=== CONT  TestConsensusComponentsFactory_Create/genesis_block_not_initialized_should_error
[0;33mWARN [0m[2026-03-16 10:13:43.915]   node is running with an outport with attached drivers. Chronology watchdog will be turned off as it is incompatible with the indexing process. 
[0;33mWARN [0m[2026-03-16 10:13:43.915]   node is running in import mode. Chronology watchdog will be turned off as it is incompatible with the import-db process. 
[0;33mWARN [0m[2026-03-16 10:13:43.915]   Chronology watchdog will be turned off (explicitly). 
=== CONT  TestConsensusComponentsFactory_Create/createConsensusState_fails_due_to_nil_public_key_should_error
=== CONT  TestConsensusComponentsFactory_Create/createConsensusState_fails_due_to_ToByteArray_failure_should_error
=== CONT  TestConsensusComponentsFactory_Create/createUserAccountsSyncer_fails_due_to_missing_UserAccountTrie_should_error
[0;32mINFO [0m[2026-03-16 10:13:43.915]   starting consensus                       [0;32mepoch[0m = 0 
[0;32mINFO [0m[2026-03-16 10:13:43.915]   starting consensus                       [0;32mepoch[0m = 0 
=== CONT  TestConsensusComponentsFactory_Create/createValidatorAccountsSyncer_fails_due_to_missing_PeerAccountTrie_should_error
=== CONT  TestConsensusComponentsFactory_Create/createUserAccountsSyncer_fails_due_to_invalid_NumConcurrentTrieSyncers_should_error
[0;32mINFO [0m[2026-03-16 10:13:43.915]   starting consensus                       [0;32mepoch[0m = 0 
=== CONT  TestConsensusComponentsFactory_Create/NewWorker_failure_should_error
=== CONT  TestConsensusComponentsFactory_Create/createConsensusTopic_fails_due_nil_messenger_should_error
=== CONT  TestConsensusComponentsFactory_Create/addCloserInstances_failure_should_error
=== CONT  TestConsensusComponentsFactory_Create/NewConsensusCore_failure_should_error
=== CONT  TestConsensusComponentsFactory_Create/createConsensusState_fails_due_to_nil_KeysHandler_should_error
=== CONT  TestConsensusComponentsFactory_Create/createConsensusTopic_fails_due_CreateTopic_failure_should_error
[0;32mINFO [0m[2026-03-16 10:13:43.915]   starting consensus                       [0;32mepoch[0m = 0 
[0;32mINFO [0m[2026-03-16 10:13:43.915]   starting consensus                       [0;32mepoch[0m = 0 
=== CONT  TestConsensusComponentsFactory_Create/should_work
[0;32mINFO [0m[2026-03-16 10:13:43.915]   starting consensus                       [0;32mepoch[0m = 0 
[0;32mINFO [0m[2026-03-16 10:13:43.915]   starting consensus                       [0;32mepoch[0m = 0 
--- PASS: TestNewManagedConsensusComponents (0.00s)
    --- PASS: TestNewManagedConsensusComponents/nil_factory_should_error (0.00s)
    --- PASS: TestNewManagedConsensusComponents/should_work (0.00s)
=== PAUSE TestNewConsensusComponentsFactory/should_work
=== RUN   TestNewConsensusComponentsFactory/nil_CoreComponents_should_error
=== PAUSE TestNewConsensusComponentsFactory/nil_CoreComponents_should_error
=== RUN   TestNewConsensusComponentsFactory/nil_GenesisNodesSetup_should_error
=== PAUSE TestNewConsensusComponentsFactory/nil_GenesisNodesSetup_should_error
=== RUN   TestNewConsensusComponentsFactory/nil_DataComponents_should_error
=== PAUSE TestNewConsensusComponentsFactory/nil_DataComponents_should_error
=== RUN   TestNewConsensusComponentsFactory/nil_Datapool_should_error
=== PAUSE TestNewConsensusComponentsFactory/nil_Datapool_should_error
=== RUN   TestNewConsensusComponentsFactory/nil_BlockChain_should_error
=== PAUSE TestNewConsensusComponentsFactory/nil_BlockChain_should_error
=== RUN   TestNewConsensusComponentsFactory/nil_CryptoComponents_should_error
=== PAUSE TestNewConsensusComponentsFactory/nil_CryptoComponents_should_error
=== RUN   TestNewConsensusComponentsFactory/nil_PublicKey_should_error
=== PAUSE TestNewConsensusComponentsFactory/nil_PublicKey_should_error
=== RUN   TestNewConsensusComponentsFactory/nil_PrivateKey_should_error
=== PAUSE TestNewConsensusComponentsFactory/nil_PrivateKey_should_error
=== RUN   TestNewConsensusComponentsFactory/nil_NetworkComponents_should_error
=== PAUSE TestNewConsensusComponentsFactory/nil_NetworkComponents_should_error
=== RUN   TestNewConsensusComponentsFactory/nil_Messenger_should_error
=== PAUSE TestNewConsensusComponentsFactory/nil_Messenger_should_error
=== RUN   TestNewConsensusComponentsFactory/nil_ProcessComponents_should_error
=== PAUSE TestNewConsensusComponentsFactory/nil_ProcessComponents_should_error
=== RUN   TestNewConsensusComponentsFactory/nil_NodesCoordinator_should_error
=== PAUSE TestNewConsensusComponentsFactory/nil_NodesCoordinator_should_error
=== RUN   TestNewConsensusComponentsFactory/nil_ShardCoordinator_should_error
=== PAUSE TestNewConsensusComponentsFactory/nil_ShardCoordinator_should_error
=== RUN   TestNewConsensusComponentsFactory/nil_RoundHandler_should_error
=== PAUSE TestNewConsensusComponentsFactory/nil_RoundHandler_should_error
=== RUN   TestNewConsensusComponentsFactory/nil_HardforkTrigger_should_error
=== PAUSE TestNewConsensusComponentsFactory/nil_HardforkTrigger_should_error
=== RUN   TestNewConsensusComponentsFactory/nil_StateComponents_should_error
=== PAUSE TestNewConsensusComponentsFactory/nil_StateComponents_should_error
=== RUN   TestNewConsensusComponentsFactory/nil_StatusComponents_should_error
=== PAUSE TestNewConsensusComponentsFactory/nil_StatusComponents_should_error
=== RUN   TestNewConsensusComponentsFactory/nil_OutportHandler_should_error
[0;32mINFO [0m[2026-03-16 10:13:43.916]   starting consensus                       [0;32mepoch[0m = 0 
=== CONT  TestConsensusComponentsFactory_Create/GetConsensusCoreFactory_failure_should_error
=== CONT  TestConsensusComponentsFactory_Create/createConsensusTopic_fails_due_nil_shard_coordinator_should_error
[0;32mINFO [0m[2026-03-16 10:13:43.917]   starting consensus                       [0;32mepoch[0m = 0 
[0;32mINFO [0m[2026-03-16 10:13:43.917]   starting consensus                       [0;32mepoch[0m = 0 
=== CONT  TestConsensusComponentsFactory_Create/GetBroadcastMessenger_failure_should_error
[0;32mINFO [0m[2026-03-16 10:13:43.917]   starting consensus                       [0;32mepoch[0m = 0 
=== CONT  TestConsensusComponentsFactory_Create/createUserAccountsSyncer_fails_due_to_missing_UserAccountTrie_should_error#01
[0;32mINFO [0m[2026-03-16 10:13:43.917]   starting consensus                       [0;32mepoch[0m = 0 
=== PAUSE TestNewConsensusComponentsFactory/nil_OutportHandler_should_error
=== RUN   TestNewConsensusComponentsFactory/nil_ScheduledProcessor_should_error
=== PAUSE TestNewConsensusComponentsFactory/nil_ScheduledProcessor_should_error
[0;32mINFO [0m[2026-03-16 10:13:43.917]   starting consensus                       [0;32mepoch[0m = 0 
--- PASS: TestConsensusComponentsFactory_Create (0.00s)
    --- PASS: TestConsensusComponentsFactory_Create/invalid_shard_id_should_error (0.00s)
    --- PASS: TestConsensusComponentsFactory_Create/createChronology_fails_should_error (0.00s)
    --- PASS: TestConsensusComponentsFactory_Create/createBootstrapper_fails_due_to_invalid_shard_coordinator_should_error (0.00s)
    --- PASS: TestConsensusComponentsFactory_Create/createConsensusState_fails_due_to_nil_public_key_should_error (0.00s)
    --- PASS: TestConsensusComponentsFactory_Create/createConsensusState_fails_due_to_ToByteArray_failure_should_error (0.00s)
    --- PASS: TestConsensusComponentsFactory_Create/genesis_block_not_initialized_should_error (0.00s)
    --- PASS: TestConsensusComponentsFactory_Create/createConsensusState_fails_due_to_GetConsensusWhitelistedNodes_failure_should_error (0.00s)
    --- PASS: TestConsensusComponentsFactory_Create/createBootstrapper_fails_due_to_nil_shard_coordinator_should_error (0.00s)
    --- PASS: TestConsensusComponentsFactory_Create/createValidatorAccountsSyncer_fails_due_to_missing_PeerAccountTrie_should_error (0.00s)
    --- PASS: TestConsensusComponentsFactory_Create/createConsensusState_fails_due_to_nil_KeysHandler_should_error (0.00s)
    --- PASS: TestConsensusComponentsFactory_Create/NewConsensusCore_failure_should_error (0.00s)
    --- PASS: TestConsensusComponentsFactory_Create/createUserAccountsSyncer_fails_due_to_missing_UserAccountTrie_should_error (0.00s)
    --- PASS: TestConsensusComponentsFactory_Create/createConsensusTopic_fails_due_CreateTopic_failure_should_error (0.00s)
    --- PASS: TestConsensusComponentsFactory_Create/should_work (0.00s)
    --- PASS: TestConsensusComponentsFactory_Create/createConsensusTopic_fails_due_nil_shard_coordinator_should_error (0.00s)
    --- PASS: TestConsensusComponentsFactory_Create/GetConsensusCoreFactory_failure_should_error (0.00s)
    --- PASS: TestConsensusComponentsFactory_Create/GetBroadcastMessenger_failure_should_error (0.00s)
    --- PASS: TestConsensusComponentsFactory_Create/createUserAccountsSyncer_fails_due_to_missing_UserAccountTrie_should_error#01 (0.00s)
    --- PASS: TestConsensusComponentsFactory_Create/createConsensusTopic_fails_due_nil_messenger_should_error (0.00s)
    --- PASS: TestConsensusComponentsFactory_Create/createUserAccountsSyncer_fails_due_to_invalid_NumConcurrentTrieSyncers_should_error (0.00s)
    --- PASS: TestConsensusComponentsFactory_Create/addCloserInstances_failure_should_error (0.00s)
    --- PASS: TestConsensusComponentsFactory_Create/NewWorker_failure_should_error (0.00s)
=== RUN   TestNewConsensusComponentsFactory/nil_StatusCoreComponents_should_error
=== PAUSE TestNewConsensusComponentsFactory/nil_StatusCoreComponents_should_error
=== CONT  TestNewConsensusComponentsFactory/should_work
=== CONT  TestNewConsensusComponentsFactory/nil_StatusCoreComponents_should_error
=== CONT  TestNewConsensusComponentsFactory/nil_ScheduledProcessor_should_error
=== CONT  TestNewConsensusComponentsFactory/nil_OutportHandler_should_error
=== CONT  TestNewConsensusComponentsFactory/nil_StatusComponents_should_error
=== CONT  TestNewConsensusComponentsFactory/nil_StateComponents_should_error
=== CONT  TestNewConsensusComponentsFactory/nil_HardforkTrigger_should_error
=== CONT  TestNewConsensusComponentsFactory/nil_RoundHandler_should_error
=== CONT  TestNewConsensusComponentsFactory/nil_ShardCoordinator_should_error
=== CONT  TestNewConsensusComponentsFactory/nil_NodesCoordinator_should_error
=== CONT  TestNewConsensusComponentsFactory/nil_ProcessComponents_should_error
=== CONT  TestNewConsensusComponentsFactory/nil_Messenger_should_error
=== CONT  TestNewConsensusComponentsFactory/nil_NetworkComponents_should_error
=== CONT  TestNewConsensusComponentsFactory/nil_PrivateKey_should_error
=== CONT  TestNewConsensusComponentsFactory/nil_PublicKey_should_error
=== CONT  TestNewConsensusComponentsFactory/nil_CryptoComponents_should_error
=== CONT  TestNewConsensusComponentsFactory/nil_BlockChain_should_error
=== CONT  TestNewConsensusComponentsFactory/nil_Datapool_should_error
=== CONT  TestNewConsensusComponentsFactory/nil_DataComponents_should_error
=== CONT  TestNewConsensusComponentsFactory/nil_GenesisNodesSetup_should_error
=== CONT  TestNewConsensusComponentsFactory/nil_CoreComponents_should_error
--- PASS: TestNewConsensusComponentsFactory (0.00s)
    --- PASS: TestNewConsensusComponentsFactory/should_work (0.00s)
    --- PASS: TestNewConsensusComponentsFactory/nil_StatusCoreComponents_should_error (0.00s)
    --- PASS: TestNewConsensusComponentsFactory/nil_ScheduledProcessor_should_error (0.00s)
    --- PASS: TestNewConsensusComponentsFactory/nil_OutportHandler_should_error (0.00s)
    --- PASS: TestNewConsensusComponentsFactory/nil_StatusComponents_should_error (0.00s)
    --- PASS: TestNewConsensusComponentsFactory/nil_StateComponents_should_error (0.00s)
    --- PASS: TestNewConsensusComponentsFactory/nil_HardforkTrigger_should_error (0.00s)
    --- PASS: TestNewConsensusComponentsFactory/nil_RoundHandler_should_error (0.00s)
    --- PASS: TestNewConsensusComponentsFactory/nil_ShardCoordinator_should_error (0.00s)
    --- PASS: TestNewConsensusComponentsFactory/nil_NodesCoordinator_should_error (0.00s)
    --- PASS: TestNewConsensusComponentsFactory/nil_ProcessComponents_should_error (0.00s)
    --- PASS: TestNewConsensusComponentsFactory/nil_Messenger_should_error (0.00s)
    --- PASS: TestNewConsensusComponentsFactory/nil_NetworkComponents_should_error (0.00s)
    --- PASS: TestNewConsensusComponentsFactory/nil_PrivateKey_should_error (0.00s)
    --- PASS: TestNewConsensusComponentsFactory/nil_PublicKey_should_error (0.00s)
    --- PASS: TestNewConsensusComponentsFactory/nil_CryptoComponents_should_error (0.00s)
    --- PASS: TestNewConsensusComponentsFactory/nil_BlockChain_should_error (0.00s)
    --- PASS: TestNewConsensusComponentsFactory/nil_Datapool_should_error (0.00s)
    --- PASS: TestNewConsensusComponentsFactory/nil_DataComponents_should_error (0.00s)
    --- PASS: TestNewConsensusComponentsFactory/nil_GenesisNodesSetup_should_error (0.00s)
    --- PASS: TestNewConsensusComponentsFactory/nil_CoreComponents_should_error (0.00s)
[0;32mINFO [0m[2026-03-16 10:13:44.913]   start time                               [0;32mformatted[0m = Mon Mar 16 10:14:00 IST 2026 [0;32mseconds[0m = 1773636240 
[0;32mINFO [0m[2026-03-16 10:13:44.914]   the node loaded the validatorKey.pem file and is running in single-key mode 
[0;33mWARN [0m[2026-03-16 10:13:44.919]   sync block failed                        [0;33merror[0m = time is out 
[0;33mWARN [0m[2026-03-16 10:13:44.920]   sync block failed                        [0;33merror[0m = time is out 
[0;33mWARN [0m[2026-03-16 10:13:44.920]   sync block failed                        [0;33merror[0m = time is out 
[0;33mWARN [0m[2026-03-16 10:13:44.920]   sync block failed                        [0;33merror[0m = time is out 
[0;33mWARN [0m[2026-03-16 10:13:44.921]   sync block failed                        [0;33merror[0m = time is out 
[0;33mWARN [0m[2026-03-16 10:13:44.922]   sync block failed                        [0;33merror[0m = time is out 
[0;33mWARN [0m[2026-03-16 10:13:44.923]   sync block failed                        [0;33merror[0m = time is out 
[0;33mWARN [0m[2026-03-16 10:13:44.924]   sync block failed                        [0;33merror[0m = time is out 
[0;33mWARN [0m[2026-03-16 10:13:44.924]   sync block failed                        [0;33merror[0m = time is out 
[0;33mWARN [0m[2026-03-16 10:13:44.924]   sync block failed                        [0;33merror[0m = time is out 
[0;33mWARN [0m[2026-03-16 10:13:44.924]   sync block failed                        [0;33merror[0m = time is out 
[0;33mWARN [0m[2026-03-16 10:13:44.924]   sync block failed                        [0;33merror[0m = time is out 
[0;32mINFO [0m[2026-03-16 10:13:44.941]   p2p private key: generated a new private key for p2p signing 
[0;32mINFO [0m[2026-03-16 10:13:44.947]   listening on addresses                   [0;32maddr0[0m = /ip4/127.0.0.1/tcp/46701/p2p/16Uiu2HAmDZYp8G5sJX1NXH8fhM6N6mjH4AhSNvvDZ72gaD8LsyHp 
[0;32mINFO [0m[2026-03-16 10:13:44.947]   started the network discovery process... 
[0;33mWARN [0m[2026-03-16 10:13:45.925]   sync block failed                        [0;33merror[0m = time is out 
[0;33mWARN [0m[2026-03-16 10:13:45.928]   sync block failed                        [0;33merror[0m = time is out 
[0;33mWARN [0m[2026-03-16 10:13:45.928]   sync block failed                        [0;33merror[0m = time is out 
[0;33mWARN [0m[2026-03-16 10:13:45.928]   sync block failed                        [0;33merror[0m = time is out 
[0;33mWARN [0m[2026-03-16 10:13:45.928]   sync block failed                        [0;33merror[0m = time is out 
[0;33mWARN [0m[2026-03-16 10:13:45.928]   sync block failed                        [0;33merror[0m = time is out 
[0;33mWARN [0m[2026-03-16 10:13:45.931]   sync block failed                        [0;33merror[0m = time is out 
[0;33mWARN [0m[2026-03-16 10:13:45.936]   sync block failed                        [0;33merror[0m = time is out 
[0;33mWARN [0m[2026-03-16 10:13:45.936]   sync block failed                        [0;33merror[0m = time is out 
[0;33mWARN [0m[2026-03-16 10:13:45.936]   sync block failed                        [0;33merror[0m = time is out 
[0;33mWARN [0m[2026-03-16 10:13:45.936]   sync block failed                        [0;33merror[0m = time is out 
[0;33mWARN [0m[2026-03-16 10:13:45.936]   sync block failed                        [0;33merror[0m = time is out 
[0;32mINFO [0m[2026-03-16 10:13:45.949]   start time                               [0;32mformatted[0m = Mon Mar 16 10:14:00 IST 2026 [0;32mseconds[0m = 1773636240 
[0;33mWARN [0m[2026-03-16 10:13:46.932]   sync block failed                        [0;33merror[0m = time is out 
[0;33mWARN [0m[2026-03-16 10:13:46.934]   sync block failed                        [0;33merror[0m = time is out 
[0;33mWARN [0m[2026-03-16 10:13:46.934]   sync block failed                        [0;33merror[0m = time is out 
[0;33mWARN [0m[2026-03-16 10:13:46.934]   sync block failed                        [0;33merror[0m = time is out 
[0;33mWARN [0m[2026-03-16 10:13:46.934]   sync block failed                        [0;33merror[0m = time is out 
[0;33mWARN [0m[2026-03-16 10:13:46.934]   sync block failed                        [0;33merror[0m = time is out 
[0;33mWARN [0m[2026-03-16 10:13:46.938]   sync block failed                        [0;33merror[0m = time is out 
[0;33mWARN [0m[2026-03-16 10:13:46.942]   sync block failed                        [0;33merror[0m = time is out 
[0;33mWARN [0m[2026-03-16 10:13:46.942]   sync block failed                        [0;33merror[0m = time is out 
[0;33mWARN [0m[2026-03-16 10:13:46.942]   sync block failed                        [0;33merror[0m = time is out 
[0;33mWARN [0m[2026-03-16 10:13:46.942]   sync block failed                        [0;33merror[0m = time is out 
[0;33mWARN [0m[2026-03-16 10:13:46.943]   sync block failed                        [0;33merror[0m = time is out 
[0;32mINFO [0m[2026-03-16 10:13:46.961]   start time                               [0;32mformatted[0m = Mon Mar 16 10:14:00 IST 2026 [0;32mseconds[0m = 1773636240 
[0;32mINFO [0m[2026-03-16 10:13:46.964]   the node loaded the validatorKey.pem file and is running in single-key mode 
[0;32mINFO [0m[2026-03-16 10:13:46.964]   p2p private key: generated a new private key for p2p signing 
[0;33mWARN [0m[2026-03-16 10:13:47.944]   sync block failed                        [0;33merror[0m = time is out 
[0;33mWARN [0m[2026-03-16 10:13:47.944]   sync block failed                        [0;33merror[0m = time is out 
[0;33mWARN [0m[2026-03-16 10:13:47.944]   sync block failed                        [0;33merror[0m = time is out 
[0;33mWARN [0m[2026-03-16 10:13:47.944]   sync block failed                        [0;33merror[0m = time is out 
[0;33mWARN [0m[2026-03-16 10:13:47.944]   sync block failed                        [0;33merror[0m = time is out 
[0;33mWARN [0m[2026-03-16 10:13:47.944]   sync block failed                        [0;33merror[0m = time is out 
[0;33mWARN [0m[2026-03-16 10:13:47.945]   sync block failed                        [0;33merror[0m = time is out 
[0;33mWARN [0m[2026-03-16 10:13:47.950]   sync block failed                        [0;33merror[0m = time is out 
[0;33mWARN [0m[2026-03-16 10:13:47.950]   sync block failed                        [0;33merror[0m = time is out 
[0;33mWARN [0m[2026-03-16 10:13:47.950]   sync block failed                        [0;33merror[0m = time is out 
[0;33mWARN [0m[2026-03-16 10:13:47.950]   sync block failed                        [0;33merror[0m = time is out 
[0;33mWARN [0m[2026-03-16 10:13:47.950]   sync block failed                        [0;33merror[0m = time is out 
[0;32mINFO [0m[2026-03-16 10:13:47.974]   start time                               [0;32mformatted[0m = Mon Mar 16 10:14:00 IST 2026 [0;32mseconds[0m = 1773636240 
[0;33mWARN [0m[2026-03-16 10:13:48.961]   sync block failed                        [0;33merror[0m = time is out 
[0;33mWARN [0m[2026-03-16 10:13:48.961]   sync block failed                        [0;33merror[0m = time is out 
[0;33mWARN [0m[2026-03-16 10:13:48.961]   sync block failed                        [0;33merror[0m = time is out 
[0;33mWARN [0m[2026-03-16 10:13:48.971]   sync block failed                        [0;33merror[0m = time is out 
[0;33mWARN [0m[2026-03-16 10:13:48.983]   sync block failed                        [0;33merror[0m = time is out 
[0;32mINFO [0m[2026-03-16 10:13:48.983]   start time                               [0;32mformatted[0m = Mon Mar 16 10:14:00 IST 2026 [0;32mseconds[0m = 1773636240 
[0;32mINFO [0m[2026-03-16 10:13:48.983]   the node loaded the validatorKey.pem file and is running in single-key mode 
[0;32mINFO [0m[2026-03-16 10:13:48.983]   p2p private key: generated a new private key for p2p signing 
[0;33mWARN [0m[2026-03-16 10:13:48.989]   sync block failed                        [0;33merror[0m = time is out 
[0;33mWARN [0m[2026-03-16 10:13:48.989]   sync block failed                        [0;33merror[0m = time is out 
[0;33mWARN [0m[2026-03-16 10:13:48.989]   sync block failed                        [0;33merror[0m = time is out 
[0;33mWARN [0m[2026-03-16 10:13:48.989]   sync block failed                        [0;33merror[0m = time is out 
[0;33mWARN [0m[2026-03-16 10:13:48.989]   sync block failed                        [0;33merror[0m = time is out 
[0;33mWARN [0m[2026-03-16 10:13:48.989]   sync block failed                        [0;33merror[0m = time is out 
[0;33mWARN [0m[2026-03-16 10:13:48.996]   sync block failed                        [0;33merror[0m = time is out 
[0;32mINFO [0m[2026-03-16 10:13:49.017]   listening on addresses                   [0;32maddr0[0m = /ip4/127.0.0.1/tcp/40347/p2p/16Uiu2HAm9wCcwB1WofXDxvn4bEBZbLqNon69DveF2mNrxmfc25Qw 
[0;32mINFO [0m[2026-03-16 10:13:49.017]   started the network discovery process... 
[0;33mWARN [0m[2026-03-16 10:13:49.967]   sync block failed                        [0;33merror[0m = time is out 
[0;33mWARN [0m[2026-03-16 10:13:49.967]   sync block failed                        [0;33merror[0m = time is out 
[0;33mWARN [0m[2026-03-16 10:13:49.967]   sync block failed                        [0;33merror[0m = time is out 
[0;33mWARN [0m[2026-03-16 10:13:49.988]   sync block failed                        [0;33merror[0m = time is out 
[0;33mWARN [0m[2026-03-16 10:13:50.001]   sync block failed                        [0;33merror[0m = time is out 
[0;33mWARN [0m[2026-03-16 10:13:50.001]   sync block failed                        [0;33merror[0m = time is out 
[0;33mWARN [0m[2026-03-16 10:13:50.001]   sync block failed                        [0;33merror[0m = time is out 
[0;33mWARN [0m[2026-03-16 10:13:50.001]   sync block failed                        [0;33merror[0m = time is out 
[0;33mWARN [0m[2026-03-16 10:13:50.001]   sync block failed                        [0;33merror[0m = time is out 
[0;33mWARN [0m[2026-03-16 10:13:50.001]   sync block failed                        [0;33merror[0m = time is out 
[0;33mWARN [0m[2026-03-16 10:13:49.989]   sync block failed                        [0;33merror[0m = time is out 
[0;33mWARN [0m[2026-03-16 10:13:50.018]   sync block failed                        [0;33merror[0m = time is out 
[0;32mINFO [0m[2026-03-16 10:13:50.018]   start time                               [0;32mformatted[0m = Mon Mar 16 10:14:00 IST 2026 [0;32mseconds[0m = 1773636240 
[0;32mINFO [0m[2026-03-16 10:13:50.020]   starting as observer node                
[0;32mINFO [0m[2026-03-16 10:13:50.022]   shard info                               [0;32mstarted in shard[0m = 0 
[0;32mINFO [0m[2026-03-16 10:13:50.022]   bootstrap parameters                     [0;32mshardId[0m = 0 [0;32mepoch[0m = 0 [0;32mnumShards[0m = 2 
[0;33mWARN [0m[2026-03-16 10:13:50.980]   sync block failed                        [0;33merror[0m = time is out 
[0;33mWARN [0m[2026-03-16 10:13:50.980]   sync block failed                        [0;33merror[0m = time is out 
[0;33mWARN [0m[2026-03-16 10:13:50.980]   sync block failed                        [0;33merror[0m = time is out 
[0;33mWARN [0m[2026-03-16 10:13:51.008]   sync block failed                        [0;33merror[0m = time is out 
[0;33mWARN [0m[2026-03-16 10:13:51.008]   sync block failed                        [0;33merror[0m = time is out 
[0;33mWARN [0m[2026-03-16 10:13:51.008]   sync block failed                        [0;33merror[0m = time is out 
[0;33mWARN [0m[2026-03-16 10:13:51.008]   sync block failed                        [0;33merror[0m = time is out 
[0;33mWARN [0m[2026-03-16 10:13:51.008]   sync block failed                        [0;33merror[0m = time is out 
[0;33mWARN [0m[2026-03-16 10:13:51.008]   sync block failed                        [0;33merror[0m = time is out 
[0;33mWARN [0m[2026-03-16 10:13:51.008]   sync block failed                        [0;33merror[0m = time is out 
[0;33mWARN [0m[2026-03-16 10:13:51.042]   sync block failed                        [0;33merror[0m = time is out 
[0;32mINFO [0m[2026-03-16 10:13:51.053]   start time                               [0;32mformatted[0m = Mon Mar 16 10:14:00 IST 2026 [0;32mseconds[0m = 1773636240 
[0;31mERROR[0m[2026-03-16 10:13:51.060]   maxPerTransaction definition is missing in the current gas schedule, using old values 
[0;32mINFO [0m[2026-03-16 10:13:51.062]   VM 1.5 created                           
[0;33mWARN [0m[2026-03-16 10:13:51.074]   sync block failed                        [0;33merror[0m = time is out 
[0;32mINFO [0m[2026-03-16 10:13:51.097]   processorProxy                           [0;32mconfigured[0m = 1 
[0;31mERROR[0m[2026-03-16 10:13:51.097]   maxPerTransaction definition is missing in the current gas schedule, using old values 
[0;32mINFO [0m[2026-03-16 10:13:51.097]   VM 1.5 created                           
[0;32mINFO [0m[2026-03-16 10:13:51.111]   processorProxy                           [0;32mconfigured[0m = 1 
[0;31mERROR[0m[2026-03-16 10:13:51.111]   maxPerTransaction definition is missing in the current gas schedule, using old values 
[0;32mINFO [0m[2026-03-16 10:13:51.111]   processorProxy                           [0;32mconfigured[0m = 1 
[0;32mINFO [0m[2026-03-16 10:13:51.134]   genesisBlockCreator.createHeaders        [0;32mshard[0m = 0 [0;32mnonce[0m = 0 [0;32mround[0m = 0 [0;32mroot hash[0m = 0000000000000000000000000000000000000000000000000000000000000000 
[0;32mINFO [0m[2026-03-16 10:13:51.134]   genesisBlockCreator.createHeaders        [0;32mshard[0m = 1 [0;32mnonce[0m = 0 [0;32mround[0m = 0 [0;32mroot hash[0m = 0000000000000000000000000000000000000000000000000000000000000000 
[0;32mINFO [0m[2026-03-16 10:13:51.134]   genesisBlockCreator.createHeaders        [0;32mshard[0m = 4294967295 [0;32mnonce[0m = 0 [0;32mround[0m = 0 [0;32mroot hash[0m = a3f83f06913a7af0d65f57212640d8b8503dfd0c2f6289758a8e7e2f48b4aa9a 
[0;33mWARN [0m[2026-03-16 10:13:51.135]   different delay for request block info: the epoch change trigger might not behave normally [0;33mvalue from config[0m = 0s [0;33mexpected[0m = 3s 
[0;31mERROR[0m[2026-03-16 10:13:51.146]   maxPerTransaction definition is missing in the current gas schedule, using old values 
[0;32mINFO [0m[2026-03-16 10:13:51.146]   VM 1.5 created                           
[0;32mINFO [0m[2026-03-16 10:13:51.156]   processorProxy                           [0;32mconfigured[0m = 1 
[0;32mINFO [0m[2026-03-16 10:13:51.157]   indexGenesisBlocks(): historyRepo.RecordBlock [0;32mshardID[0m = 0 [0;32mhash[0m = 30c819041d8a27160ebd5d34b3d2cf7c14a471da1a76fbe860a1d147cf76aeff 
[0;31mERROR[0m[2026-03-16 10:13:51.159]   maxPerTransaction definition is missing in the current gas schedule, using old values 
[0;32mINFO [0m[2026-03-16 10:13:51.159]   VM 1.5 created                           
[0;32mINFO [0m[2026-03-16 10:13:51.177]   processorProxy                           [0;32mconfigured[0m = 1 
[0;33mWARN [0m[2026-03-16 10:13:52.037]   sync block failed                        [0;33merror[0m = time is out 
[0;33mWARN [0m[2026-03-16 10:13:52.037]   sync block failed                        [0;33merror[0m = time is out 
[0;33mWARN [0m[2026-03-16 10:13:52.037]   sync block failed                        [0;33merror[0m = time is out 
[0;33mWARN [0m[2026-03-16 10:13:52.049]   sync block failed                        [0;33merror[0m = time is out 
[0;33mWARN [0m[2026-03-16 10:13:52.049]   sync block failed                        [0;33merror[0m = time is out 
[0;33mWARN [0m[2026-03-16 10:13:52.049]   sync block failed                        [0;33merror[0m = time is out 
[0;33mWARN [0m[2026-03-16 10:13:52.049]   sync block failed                        [0;33merror[0m = time is out 
[0;33mWARN [0m[2026-03-16 10:13:52.049]   sync block failed                        [0;33merror[0m = time is out 
[0;33mWARN [0m[2026-03-16 10:13:52.052]   sync block failed                        [0;33merror[0m = time is out 
[0;33mWARN [0m[2026-03-16 10:13:52.052]   sync block failed                        [0;33merror[0m = time is out 
[0;33mWARN [0m[2026-03-16 10:13:52.067]   sync block failed                        [0;33merror[0m = time is out 
[0;33mWARN [0m[2026-03-16 10:13:52.141]   sync block failed                        [0;33merror[0m = time is out 
[0;32mINFO [0m[2026-03-16 10:13:52.182]   start time                               [0;32mformatted[0m = Mon Mar 16 10:14:00 IST 2026 [0;32mseconds[0m = 1773636240 
[0;33mWARN [0m[2026-03-16 10:13:53.055]   sync block failed                        [0;33merror[0m = time is out 
[0;33mWARN [0m[2026-03-16 10:13:53.055]   sync block failed                        [0;33merror[0m = time is out 
[0;33mWARN [0m[2026-03-16 10:13:53.055]   sync block failed                        [0;33merror[0m = time is out 
[0;33mWARN [0m[2026-03-16 10:13:53.055]   sync block failed                        [0;33merror[0m = time is out 
[0;33mWARN [0m[2026-03-16 10:13:53.055]   sync block failed                        [0;33merror[0m = time is out 
[0;33mWARN [0m[2026-03-16 10:13:53.056]   sync block failed                        [0;33merror[0m = time is out 
[0;33mWARN [0m[2026-03-16 10:13:53.056]   sync block failed                        [0;33merror[0m = time is out 
[0;33mWARN [0m[2026-03-16 10:13:53.056]   sync block failed                        [0;33merror[0m = time is out 
[0;33mWARN [0m[2026-03-16 10:13:53.058]   sync block failed                        [0;33merror[0m = time is out 
[0;33mWARN [0m[2026-03-16 10:13:53.058]   sync block failed                        [0;33merror[0m = time is out 
[0;33mWARN [0m[2026-03-16 10:13:53.086]   sync block failed                        [0;33merror[0m = time is out 
[0;33mWARN [0m[2026-03-16 10:13:53.162]   sync block failed                        [0;33merror[0m = time is out 
[0;32mINFO [0m[2026-03-16 10:13:53.202]   start time                               [0;32mformatted[0m = Mon Mar 16 10:14:00 IST 2026 [0;32mseconds[0m = 1773636240 
[0;32mINFO [0m[2026-03-16 10:13:53.203]   starting consensus                       [0;32mepoch[0m = 0 
--- PASS: TestManagedConsensusComponents_Create (0.00s)
    --- PASS: TestManagedConsensusComponents_Create/invalid_params_should_error (0.00s)
    --- PASS: TestManagedConsensusComponents_Create/should_work_with_getters (9.29s)
PASS
ok  	github.com/TerraDharitri/drt-go-chain/factory/consensus	(cached)
=== RUN   TestManagedCoreComponents
=== PAUSE TestManagedCoreComponents
=== RUN   TestManagedCoreComponents_CheckSubcomponents
=== PAUSE TestManagedCoreComponents_CheckSubcomponents
=== RUN   TestManagedCoreComponents_Close
=== PAUSE TestManagedCoreComponents_Close
=== RUN   TestManagedCoreComponents_IsInterfaceNil
=== PAUSE TestManagedCoreComponents_IsInterfaceNil
=== RUN   TestNewCoreComponentsFactory_OkValuesShouldWork
=== PAUSE TestNewCoreComponentsFactory_OkValuesShouldWork
=== RUN   TestCoreComponentsFactory_CreateCoreComponentsNoHasherConfigShouldErr
=== PAUSE TestCoreComponentsFactory_CreateCoreComponentsNoHasherConfigShouldErr
=== RUN   TestCoreComponentsFactory_CreateCoreComponentsInvalidHasherConfigShouldErr
=== PAUSE TestCoreComponentsFactory_CreateCoreComponentsInvalidHasherConfigShouldErr
=== RUN   TestCoreComponentsFactory_CreateCoreComponentsNoInternalMarshallerConfigShouldErr
=== PAUSE TestCoreComponentsFactory_CreateCoreComponentsNoInternalMarshallerConfigShouldErr
=== RUN   TestCoreComponentsFactory_CreateCoreComponentsInvalidInternalMarshallerConfigShouldErr
=== PAUSE TestCoreComponentsFactory_CreateCoreComponentsInvalidInternalMarshallerConfigShouldErr
=== RUN   TestCoreComponentsFactory_CreateCoreComponentsNoVmMarshallerConfigShouldErr
=== PAUSE TestCoreComponentsFactory_CreateCoreComponentsNoVmMarshallerConfigShouldErr
=== RUN   TestCoreComponentsFactory_CreateCoreComponentsInvalidVmMarshallerConfigShouldErr
=== PAUSE TestCoreComponentsFactory_CreateCoreComponentsInvalidVmMarshallerConfigShouldErr
=== RUN   TestCoreComponentsFactory_CreateCoreComponentsNoTxSignMarshallerConfigShouldErr
=== PAUSE TestCoreComponentsFactory_CreateCoreComponentsNoTxSignMarshallerConfigShouldErr
=== RUN   TestCoreComponentsFactory_CreateCoreComponentsInvalidTxSignMarshallerConfigShouldErr
=== PAUSE TestCoreComponentsFactory_CreateCoreComponentsInvalidTxSignMarshallerConfigShouldErr
=== RUN   TestCoreComponentsFactory_CreateCoreComponentsInvalidTxSignHasherConfigShouldErr
=== PAUSE TestCoreComponentsFactory_CreateCoreComponentsInvalidTxSignHasherConfigShouldErr
=== RUN   TestCoreComponentsFactory_CreateCoreComponentsInvalidValPubKeyConverterShouldErr
=== PAUSE TestCoreComponentsFactory_CreateCoreComponentsInvalidValPubKeyConverterShouldErr
=== RUN   TestCoreComponentsFactory_CreateCoreComponentsInvalidAddrPubKeyConverterShouldErr
=== PAUSE TestCoreComponentsFactory_CreateCoreComponentsInvalidAddrPubKeyConverterShouldErr
=== RUN   TestCoreComponentsFactory_CreateCoreComponentsNilChanStopNodeProcessShouldErr
=== PAUSE TestCoreComponentsFactory_CreateCoreComponentsNilChanStopNodeProcessShouldErr
=== RUN   TestCoreComponentsFactory_CreateCoreComponentsInvalidRoundConfigShouldErr
=== PAUSE TestCoreComponentsFactory_CreateCoreComponentsInvalidRoundConfigShouldErr
=== RUN   TestCoreComponentsFactory_CreateCoreComponentsInvalidGenesisMaxNumberOfShardsShouldErr
=== PAUSE TestCoreComponentsFactory_CreateCoreComponentsInvalidGenesisMaxNumberOfShardsShouldErr
=== RUN   TestCoreComponentsFactory_CreateCoreComponentsInvalidEconomicsConfigShouldErr
=== PAUSE TestCoreComponentsFactory_CreateCoreComponentsInvalidEconomicsConfigShouldErr
=== RUN   TestCoreComponentsFactory_CreateCoreComponentsInvalidRatingsConfigShouldErr
=== PAUSE TestCoreComponentsFactory_CreateCoreComponentsInvalidRatingsConfigShouldErr
=== RUN   TestCoreComponentsFactory_CreateCoreComponentsInvalidHardforkPubKeyShouldErr
=== PAUSE TestCoreComponentsFactory_CreateCoreComponentsInvalidHardforkPubKeyShouldErr
=== RUN   TestCoreComponentsFactory_CreateCoreComponentsShouldWork
=== PAUSE TestCoreComponentsFactory_CreateCoreComponentsShouldWork
=== RUN   TestCoreComponentsFactory_CreateCoreComponentsShouldWorkAfterHardfork
=== PAUSE TestCoreComponentsFactory_CreateCoreComponentsShouldWorkAfterHardfork
=== RUN   TestCoreComponents_CloseShouldWork
=== PAUSE TestCoreComponents_CloseShouldWork
=== CONT  TestManagedCoreComponents
=== RUN   TestManagedCoreComponents/nil_factory_should_error
=== PAUSE TestManagedCoreComponents/nil_factory_should_error
=== RUN   TestManagedCoreComponents/invalid_args_should_error
=== CONT  TestCoreComponentsFactory_CreateCoreComponentsInvalidTxSignHasherConfigShouldErr
=== PAUSE TestManagedCoreComponents/invalid_args_should_error
=== RUN   TestManagedCoreComponents/should_work_with_getters
=== CONT  TestCoreComponentsFactory_CreateCoreComponentsInvalidTxSignMarshallerConfigShouldErr
=== PAUSE TestManagedCoreComponents/should_work_with_getters
=== CONT  TestManagedCoreComponents/nil_factory_should_error
=== CONT  TestCoreComponentsFactory_CreateCoreComponentsInvalidHasherConfigShouldErr
--- PASS: TestCoreComponentsFactory_CreateCoreComponentsInvalidTxSignMarshallerConfigShouldErr (0.00s)
=== CONT  TestCoreComponentsFactory_CreateCoreComponentsNoTxSignMarshallerConfigShouldErr
=== CONT  TestCoreComponents_CloseShouldWork
=== CONT  TestCoreComponentsFactory_CreateCoreComponentsInvalidRatingsConfigShouldErr
--- PASS: TestCoreComponentsFactory_CreateCoreComponentsInvalidHasherConfigShouldErr (0.00s)
=== CONT  TestCoreComponentsFactory_CreateCoreComponentsNoVmMarshallerConfigShouldErr
--- PASS: TestCoreComponentsFactory_CreateCoreComponentsNoTxSignMarshallerConfigShouldErr (0.00s)
=== CONT  TestCoreComponentsFactory_CreateCoreComponentsInvalidEconomicsConfigShouldErr
--- PASS: TestCoreComponentsFactory_CreateCoreComponentsNoVmMarshallerConfigShouldErr (0.00s)
=== CONT  TestCoreComponentsFactory_CreateCoreComponentsInvalidVmMarshallerConfigShouldErr
--- PASS: TestCoreComponentsFactory_CreateCoreComponentsInvalidVmMarshallerConfigShouldErr (0.00s)
=== CONT  TestCoreComponentsFactory_CreateCoreComponentsInvalidAddrPubKeyConverterShouldErr
--- PASS: TestCoreComponentsFactory_CreateCoreComponentsInvalidAddrPubKeyConverterShouldErr (0.00s)
=== CONT  TestCoreComponentsFactory_CreateCoreComponentsInvalidRoundConfigShouldErr
=== CONT  TestCoreComponentsFactory_CreateCoreComponentsNoInternalMarshallerConfigShouldErr
=== CONT  TestCoreComponentsFactory_CreateCoreComponentsNoHasherConfigShouldErr
--- PASS: TestCoreComponentsFactory_CreateCoreComponentsNoInternalMarshallerConfigShouldErr (0.00s)
=== CONT  TestCoreComponentsFactory_CreateCoreComponentsNilChanStopNodeProcessShouldErr
=== CONT  TestNewCoreComponentsFactory_OkValuesShouldWork
--- PASS: TestNewCoreComponentsFactory_OkValuesShouldWork (0.00s)
=== CONT  TestCoreComponentsFactory_CreateCoreComponentsInvalidValPubKeyConverterShouldErr
--- PASS: TestCoreComponentsFactory_CreateCoreComponentsInvalidValPubKeyConverterShouldErr (0.00s)
=== CONT  TestCoreComponentsFactory_CreateCoreComponentsInvalidInternalMarshallerConfigShouldErr
=== CONT  TestManagedCoreComponents_IsInterfaceNil
--- PASS: TestManagedCoreComponents_IsInterfaceNil (0.00s)
=== CONT  TestManagedCoreComponents_Close
=== CONT  TestManagedCoreComponents_CheckSubcomponents
--- PASS: TestCoreComponentsFactory_CreateCoreComponentsInvalidTxSignHasherConfigShouldErr (0.00s)
=== CONT  TestManagedCoreComponents/should_work_with_getters
=== CONT  TestManagedCoreComponents/invalid_args_should_error
=== CONT  TestCoreComponentsFactory_CreateCoreComponentsInvalidGenesisMaxNumberOfShardsShouldErr
=== CONT  TestCoreComponentsFactory_CreateCoreComponentsShouldWorkAfterHardfork
=== CONT  TestCoreComponentsFactory_CreateCoreComponentsShouldWork
=== CONT  TestCoreComponentsFactory_CreateCoreComponentsInvalidHardforkPubKeyShouldErr
--- PASS: TestCoreComponentsFactory_CreateCoreComponentsNoHasherConfigShouldErr (0.00s)
--- PASS: TestCoreComponentsFactory_CreateCoreComponentsInvalidGenesisMaxNumberOfShardsShouldErr (0.00s)
--- PASS: TestCoreComponentsFactory_CreateCoreComponentsInvalidInternalMarshallerConfigShouldErr (0.02s)
[0;32mINFO [0m[2026-03-16 10:13:44.909]   start time                               [0;32mformatted[0m = Mon Mar 16 10:14:00 IST 2026 [0;32mseconds[0m = 1773636240 
--- PASS: TestCoreComponents_CloseShouldWork (1.00s)
[0;32mINFO [0m[2026-03-16 10:13:44.910]   start time                               [0;32mformatted[0m = Mon Mar 16 10:14:00 IST 2026 [0;32mseconds[0m = 1773636240 
--- PASS: TestManagedCoreComponents_Close (1.00s)
[0;32mINFO [0m[2026-03-16 10:13:44.910]   start time                               [0;32mformatted[0m = Mon Mar 16 10:14:00 IST 2026 [0;32mseconds[0m = 1773636240 
--- PASS: TestCoreComponentsFactory_CreateCoreComponentsInvalidRoundConfigShouldErr (1.00s)
[0;32mINFO [0m[2026-03-16 10:13:44.911]   start time                               [0;32mformatted[0m = Mon Mar 16 10:14:00 IST 2026 [0;32mseconds[0m = 1773636240 
[0;32mINFO [0m[2026-03-16 10:13:44.911]   start time                               [0;32mformatted[0m = Mon Mar 16 10:14:00 IST 2026 [0;32mseconds[0m = 1773636240 
--- PASS: TestCoreComponentsFactory_CreateCoreComponentsNilChanStopNodeProcessShouldErr (1.00s)
--- PASS: TestManagedCoreComponents (0.00s)
    --- PASS: TestManagedCoreComponents/nil_factory_should_error (0.00s)
    --- PASS: TestManagedCoreComponents/invalid_args_should_error (0.00s)
    --- PASS: TestManagedCoreComponents/should_work_with_getters (1.00s)
[0;32mINFO [0m[2026-03-16 10:13:44.912]   start time                               [0;32mformatted[0m = Mon Mar 16 10:14:00 IST 2026 [0;32mseconds[0m = 1773636240 
--- PASS: TestCoreComponentsFactory_CreateCoreComponentsInvalidRatingsConfigShouldErr (1.00s)
[0;32mINFO [0m[2026-03-16 10:13:44.914]   start time                               [0;32mformatted[0m = Mon Mar 16 10:14:00 IST 2026 [0;32mseconds[0m = 1773636240 
--- PASS: TestCoreComponentsFactory_CreateCoreComponentsShouldWork (1.00s)
[0;32mINFO [0m[2026-03-16 10:13:44.921]   start time                               [0;32mformatted[0m = Mon Mar 16 10:14:00 IST 2026 [0;32mseconds[0m = 1773636240 
--- PASS: TestManagedCoreComponents_CheckSubcomponents (1.01s)
[0;32mINFO [0m[2026-03-16 10:13:44.923]   start time                               [0;32mformatted[0m = Mon Mar 16 10:14:00 IST 2026 [0;32mseconds[0m = 1773636240 
[0;32mINFO [0m[2026-03-16 10:13:44.924]   start time                               [0;32mformatted[0m = Mon Mar 16 10:14:00 IST 2026 [0;32mseconds[0m = 1773636240 
--- PASS: TestCoreComponentsFactory_CreateCoreComponentsInvalidEconomicsConfigShouldErr (1.02s)
--- PASS: TestCoreComponentsFactory_CreateCoreComponentsShouldWorkAfterHardfork (1.07s)
[0;32mINFO [0m[2026-03-16 10:13:44.982]   start time                               [0;32mformatted[0m = Mon Mar 16 10:14:00 IST 2026 [0;32mseconds[0m = 1773636240 
--- PASS: TestCoreComponentsFactory_CreateCoreComponentsInvalidHardforkPubKeyShouldErr (1.07s)
PASS
ok  	github.com/TerraDharitri/drt-go-chain/factory/core	(cached)
=== RUN   Test_NewMultiSignerContainer
=== PAUSE Test_NewMultiSignerContainer
=== RUN   TestContainer_GetMultiSigner
=== PAUSE TestContainer_GetMultiSigner
=== RUN   TestContainer_IsInterfaceNil
=== PAUSE TestContainer_IsInterfaceNil
=== RUN   TestContainer_createMultiSigner
=== PAUSE TestContainer_createMultiSigner
=== RUN   TestContainer_createLowLevelSigner
=== PAUSE TestContainer_createLowLevelSigner
=== RUN   TestContainer_getMultiSigHasherFromConfig
=== PAUSE TestContainer_getMultiSigHasherFromConfig
=== RUN   TestContainer_sortMultiSignerConfig
--- PASS: TestContainer_sortMultiSignerConfig (0.00s)
=== RUN   Test_getMultiSigHasherFromConfigInvalidHasherShouldErr
=== PAUSE Test_getMultiSigHasherFromConfigInvalidHasherShouldErr
=== RUN   Test_getMultiSigHasherFromConfigMismatchConsensusTypeMultiSigHasher
=== PAUSE Test_getMultiSigHasherFromConfigMismatchConsensusTypeMultiSigHasher
=== RUN   Test_getMultiSigHasherFromConfigOK
=== PAUSE Test_getMultiSigHasherFromConfigOK
=== RUN   TestManagedCryptoComponents
=== PAUSE TestManagedCryptoComponents
=== RUN   TestNewManagedCryptoComponents_CheckSubcomponents
=== PAUSE TestNewManagedCryptoComponents_CheckSubcomponents
=== RUN   TestNewManagedCryptoComponents_SetMultiSignerContainer
=== PAUSE TestNewManagedCryptoComponents_SetMultiSignerContainer
=== RUN   TestManagedCryptoComponents_Clone
=== PAUSE TestManagedCryptoComponents_Clone
=== RUN   TestNewManagedCryptoComponents_IsInterfaceNil
=== PAUSE TestNewManagedCryptoComponents_IsInterfaceNil
=== RUN   TestNewCryptoComponentsFactory_NilCoreComponentsHandlerShouldErr
=== PAUSE TestNewCryptoComponentsFactory_NilCoreComponentsHandlerShouldErr
=== RUN   TestNewCryptoComponentsFactory_NilValidatorPublicKeyConverterShouldErr
=== PAUSE TestNewCryptoComponentsFactory_NilValidatorPublicKeyConverterShouldErr
=== RUN   TestNewCryptoComponentsFactory_NilPemFileShouldErr
=== PAUSE TestNewCryptoComponentsFactory_NilPemFileShouldErr
=== RUN   TestCryptoComponentsFactory_CreateCryptoParamsNilKeyLoaderShouldErr
=== PAUSE TestCryptoComponentsFactory_CreateCryptoParamsNilKeyLoaderShouldErr
=== RUN   TestNewCryptoComponentsFactory_OkValsShouldWork
=== PAUSE TestNewCryptoComponentsFactory_OkValsShouldWork
=== RUN   TestNewCryptoComponentsFactory_DisabledSigShouldWork
=== PAUSE TestNewCryptoComponentsFactory_DisabledSigShouldWork
=== RUN   TestNewCryptoComponentsFactory_CreateInvalidConsensusTypeShouldErr
=== PAUSE TestNewCryptoComponentsFactory_CreateInvalidConsensusTypeShouldErr
=== RUN   TestCryptoComponentsFactory_CreateShouldErrDueToMissingConfig
=== PAUSE TestCryptoComponentsFactory_CreateShouldErrDueToMissingConfig
=== RUN   TestCryptoComponentsFactory_CreateInvalidMultiSigHasherShouldErr
=== PAUSE TestCryptoComponentsFactory_CreateInvalidMultiSigHasherShouldErr
=== RUN   TestCryptoComponentsFactory_CreateOK
=== PAUSE TestCryptoComponentsFactory_CreateOK
=== RUN   TestCryptoComponentsFactory_CreateWithDisabledSig
=== PAUSE TestCryptoComponentsFactory_CreateWithDisabledSig
=== RUN   TestCryptoComponentsFactory_CreateWithAutoGenerateKey
=== PAUSE TestCryptoComponentsFactory_CreateWithAutoGenerateKey
=== RUN   TestCryptoComponentsFactory_CreateSingleSignerInvalidConsensusTypeShouldErr
=== PAUSE TestCryptoComponentsFactory_CreateSingleSignerInvalidConsensusTypeShouldErr
=== RUN   TestCryptoComponentsFactory_CreateSingleSignerOK
=== PAUSE TestCryptoComponentsFactory_CreateSingleSignerOK
=== RUN   TestCryptoComponentsFactory_CreateMultiSignerInvalidConsensusTypeShouldErr
=== PAUSE TestCryptoComponentsFactory_CreateMultiSignerInvalidConsensusTypeShouldErr
=== RUN   TestCryptoComponentsFactory_CreateMultiSignerOK
=== PAUSE TestCryptoComponentsFactory_CreateMultiSignerOK
=== RUN   TestCryptoComponentsFactory_GetSuiteInvalidConsensusTypeShouldErr
=== PAUSE TestCryptoComponentsFactory_GetSuiteInvalidConsensusTypeShouldErr
=== RUN   TestCryptoComponentsFactory_GetSuiteOK
=== PAUSE TestCryptoComponentsFactory_GetSuiteOK
=== RUN   TestCryptoComponentsFactory_CreateCryptoParamsInvalidPrivateKeyByteArrayShouldNotError
=== PAUSE TestCryptoComponentsFactory_CreateCryptoParamsInvalidPrivateKeyByteArrayShouldNotError
=== RUN   TestCryptoComponentsFactory_CreateCryptoParamsLoadKeysFailShouldNotError
=== PAUSE TestCryptoComponentsFactory_CreateCryptoParamsLoadKeysFailShouldNotError
=== RUN   TestCryptoComponentsFactory_CreateCryptoParamsOK
=== PAUSE TestCryptoComponentsFactory_CreateCryptoParamsOK
=== RUN   TestCryptoComponentsFactory_GetSkPkInvalidSkBytesShouldErr
=== PAUSE TestCryptoComponentsFactory_GetSkPkInvalidSkBytesShouldErr
=== RUN   TestCryptoComponentsFactory_GetSkPkInvalidPkBytesShouldErr
=== PAUSE TestCryptoComponentsFactory_GetSkPkInvalidPkBytesShouldErr
=== RUN   TestCryptoComponentsFactory_GetSkPkOK
=== PAUSE TestCryptoComponentsFactory_GetSkPkOK
=== RUN   TestCryptoComponentsFactory_MultiKey
=== PAUSE TestCryptoComponentsFactory_MultiKey
=== RUN   TestNewSigningHandler
=== PAUSE TestNewSigningHandler
=== RUN   TestSigningHandler_Create
=== PAUSE TestSigningHandler_Create
=== RUN   TestSigningHandler_Reset
=== PAUSE TestSigningHandler_Reset
=== RUN   TestSigningHandler_CreateSignatureShareForPublicKey
=== PAUSE TestSigningHandler_CreateSignatureShareForPublicKey
=== RUN   TestSigningHandler_VerifySignatureShare
=== PAUSE TestSigningHandler_VerifySignatureShare
=== RUN   TestSigningHandler_StoreSignatureShare
=== PAUSE TestSigningHandler_StoreSignatureShare
=== RUN   TestSigningHandler_SignatureShare
=== PAUSE TestSigningHandler_SignatureShare
=== RUN   TestSigningHandler_AggregateSigs
=== PAUSE TestSigningHandler_AggregateSigs
=== RUN   TestSigningHandler_Verify
=== PAUSE TestSigningHandler_Verify
=== RUN   TestSigningHandler_CreateSignatureForPublicKey
=== PAUSE TestSigningHandler_CreateSignatureForPublicKey
=== RUN   TestSigningHandler_VerifySingleSignature
=== PAUSE TestSigningHandler_VerifySingleSignature
=== CONT  Test_NewMultiSignerContainer
=== RUN   Test_NewMultiSignerContainer/nil_multiSigner_config_should_err
=== RUN   Test_NewMultiSignerContainer/missing_epoch_0_config_should_err
=== RUN   Test_NewMultiSignerContainer/invalid_multiSigner_type_should_err
=== RUN   Test_NewMultiSignerContainer/valid_params
--- PASS: Test_NewMultiSignerContainer (0.00s)
    --- PASS: Test_NewMultiSignerContainer/nil_multiSigner_config_should_err (0.00s)
    --- PASS: Test_NewMultiSignerContainer/missing_epoch_0_config_should_err (0.00s)
    --- PASS: Test_NewMultiSignerContainer/invalid_multiSigner_type_should_err (0.00s)
    --- PASS: Test_NewMultiSignerContainer/valid_params (0.00s)
=== CONT  TestSigningHandler_VerifySingleSignature
=== RUN   TestSigningHandler_VerifySingleSignature/not_a_valid_public_key_should_error
=== PAUSE TestSigningHandler_VerifySingleSignature/not_a_valid_public_key_should_error
=== RUN   TestSigningHandler_VerifySingleSignature/should_work
=== PAUSE TestSigningHandler_VerifySingleSignature/should_work
=== CONT  TestSigningHandler_VerifySingleSignature/not_a_valid_public_key_should_error
=== CONT  TestCryptoComponentsFactory_CreateWithDisabledSig
=== CONT  TestCryptoComponentsFactory_CreateInvalidMultiSigHasherShouldErr
=== CONT  TestNewManagedCryptoComponents_SetMultiSignerContainer
=== CONT  TestSigningHandler_CreateSignatureForPublicKey
--- PASS: TestSigningHandler_CreateSignatureForPublicKey (0.00s)
=== CONT  TestSigningHandler_Verify
=== RUN   TestSigningHandler_Verify/verify_agg_sig_should_fail
=== PAUSE TestSigningHandler_Verify/verify_agg_sig_should_fail
=== RUN   TestSigningHandler_Verify/bitmap_mismatch
=== PAUSE TestSigningHandler_Verify/bitmap_mismatch
=== RUN   TestSigningHandler_Verify/verify_agg_sig_should_fail#01
=== PAUSE TestSigningHandler_Verify/verify_agg_sig_should_fail#01
=== RUN   TestSigningHandler_Verify/failed_to_get_current_multi_signer
=== PAUSE TestSigningHandler_Verify/failed_to_get_current_multi_signer
=== RUN   TestSigningHandler_Verify/should_work
=== PAUSE TestSigningHandler_Verify/should_work
=== CONT  TestSigningHandler_Verify/verify_agg_sig_should_fail
=== CONT  TestSigningHandler_AggregateSigs
=== RUN   TestSigningHandler_AggregateSigs/nil_bitmap
=== PAUSE TestSigningHandler_AggregateSigs/nil_bitmap
=== RUN   TestSigningHandler_AggregateSigs/bitmap_mismatch
=== PAUSE TestSigningHandler_AggregateSigs/bitmap_mismatch
=== RUN   TestSigningHandler_AggregateSigs/failed_to_get_aggregated_sig
=== PAUSE TestSigningHandler_AggregateSigs/failed_to_get_aggregated_sig
=== RUN   TestSigningHandler_AggregateSigs/failed_to_get_current_multi_signer
=== PAUSE TestSigningHandler_AggregateSigs/failed_to_get_current_multi_signer
=== RUN   TestSigningHandler_AggregateSigs/should_work
=== PAUSE TestSigningHandler_AggregateSigs/should_work
=== CONT  TestCryptoComponentsFactory_CreateCryptoParamsNilKeyLoaderShouldErr
=== CONT  TestNewSigningHandler
=== RUN   TestNewSigningHandler/nil_multi_signer
=== PAUSE TestNewSigningHandler/nil_multi_signer
=== RUN   TestNewSigningHandler/nil_single_signer
=== PAUSE TestNewSigningHandler/nil_single_signer
=== RUN   TestNewSigningHandler/nil_key_generator
=== PAUSE TestNewSigningHandler/nil_key_generator
=== RUN   TestNewSigningHandler/nil_keys_handler
=== PAUSE TestNewSigningHandler/nil_keys_handler
=== RUN   TestNewSigningHandler/no_public_keys
=== PAUSE TestNewSigningHandler/no_public_keys
=== RUN   TestNewSigningHandler/should_work
=== PAUSE TestNewSigningHandler/should_work
=== CONT  TestNewManagedCryptoComponents_CheckSubcomponents
=== CONT  TestCryptoComponentsFactory_CreateOK
=== CONT  TestSigningHandler_AggregateSigs/nil_bitmap
=== CONT  TestNewCryptoComponentsFactory_CreateInvalidConsensusTypeShouldErr
=== CONT  TestContainer_getMultiSigHasherFromConfig
=== RUN   TestContainer_getMultiSigHasherFromConfig/mismatch_config_consensus_type_and_hasher_type
=== RUN   TestContainer_getMultiSigHasherFromConfig/sha256_config
=== CONT  TestSigningHandler_SignatureShare
=== CONT  TestSigningHandler_StoreSignatureShare
=== CONT  TestSigningHandler_VerifySignatureShare
=== CONT  TestSigningHandler_CreateSignatureShareForPublicKey
=== CONT  TestSigningHandler_Reset
=== CONT  TestSigningHandler_Create
=== CONT  TestCryptoComponentsFactory_CreateShouldErrDueToMissingConfig
=== RUN   TestSigningHandler_SignatureShare/index_out_of_bounds
=== RUN   TestSigningHandler_StoreSignatureShare/index_out_of_bounds
=== RUN   TestSigningHandler_VerifySignatureShare/invalid_signature_share
=== RUN   TestSigningHandler_CreateSignatureShareForPublicKey/nil_message
=== RUN   TestSigningHandler_Reset/nil_public_keys
=== RUN   TestSigningHandler_Create/empty_pubkeys_in_list
=== RUN   TestContainer_getMultiSigHasherFromConfig/invalid_hasher_config
=== RUN   TestContainer_getMultiSigHasherFromConfig/blake2b_config_and_bls_consensus
=== RUN   TestContainer_getMultiSigHasherFromConfig/blake2b_config_and_non-bls_consensus
--- PASS: TestContainer_getMultiSigHasherFromConfig (0.00s)
    --- PASS: TestContainer_getMultiSigHasherFromConfig/mismatch_config_consensus_type_and_hasher_type (0.00s)
    --- PASS: TestContainer_getMultiSigHasherFromConfig/sha256_config (0.00s)
    --- PASS: TestContainer_getMultiSigHasherFromConfig/invalid_hasher_config (0.00s)
    --- PASS: TestContainer_getMultiSigHasherFromConfig/blake2b_config_and_bls_consensus (0.00s)
    --- PASS: TestContainer_getMultiSigHasherFromConfig/blake2b_config_and_non-bls_consensus (0.00s)
=== CONT  TestNewCryptoComponentsFactory_OkValsShouldWork
=== CONT  TestNewCryptoComponentsFactory_DisabledSigShouldWork
=== PAUSE TestSigningHandler_SignatureShare/index_out_of_bounds
=== RUN   TestSigningHandler_SignatureShare/nil_element_at_index
=== PAUSE TestSigningHandler_SignatureShare/nil_element_at_index
=== RUN   TestSigningHandler_SignatureShare/should_work
=== PAUSE TestSigningHandler_SignatureShare/should_work
=== PAUSE TestSigningHandler_StoreSignatureShare/index_out_of_bounds
=== RUN   TestSigningHandler_StoreSignatureShare/should_work
=== PAUSE TestSigningHandler_StoreSignatureShare/should_work
=== CONT  TestNewSigningHandler/nil_multi_signer
=== PAUSE TestSigningHandler_VerifySignatureShare/invalid_signature_share
=== RUN   TestSigningHandler_VerifySignatureShare/index_out_of_bounds
=== PAUSE TestSigningHandler_VerifySignatureShare/index_out_of_bounds
=== RUN   TestSigningHandler_VerifySignatureShare/signature_share_verification_failed
=== PAUSE TestSigningHandler_VerifySignatureShare/signature_share_verification_failed
=== RUN   TestSigningHandler_VerifySignatureShare/failed_to_get_current_multi_signer
=== PAUSE TestSigningHandler_VerifySignatureShare/failed_to_get_current_multi_signer
=== RUN   TestSigningHandler_VerifySignatureShare/should_work
=== PAUSE TestSigningHandler_VerifySignatureShare/should_work
=== CONT  TestCryptoComponentsFactory_MultiKey
=== RUN   TestCryptoComponentsFactory_MultiKey/internal_error,_LoadAllKeys_returns_different_lengths_for_private_and_public_keys
=== CONT  TestCryptoComponentsFactory_GetSkPkOK
=== PAUSE TestCryptoComponentsFactory_MultiKey/internal_error,_LoadAllKeys_returns_different_lengths_for_private_and_public_keys
=== RUN   TestCryptoComponentsFactory_MultiKey/encoded_private_key_can_not_be_hex_decoded
=== PAUSE TestSigningHandler_CreateSignatureShareForPublicKey/nil_message
=== PAUSE TestSigningHandler_Reset/nil_public_keys
=== PAUSE TestSigningHandler_Create/empty_pubkeys_in_list
=== RUN   TestSigningHandler_CreateSignatureShareForPublicKey/create_sig_share_failed
=== PAUSE TestSigningHandler_CreateSignatureShareForPublicKey/create_sig_share_failed
=== CONT  TestCryptoComponentsFactory_GetSkPkInvalidPkBytesShouldErr
=== PAUSE TestCryptoComponentsFactory_MultiKey/encoded_private_key_can_not_be_hex_decoded
=== RUN   TestSigningHandler_Reset/empty_pubkeys_in_list
=== PAUSE TestSigningHandler_Reset/empty_pubkeys_in_list
=== RUN   TestSigningHandler_Reset/should_work
=== PAUSE TestSigningHandler_Reset/should_work
=== CONT  TestCryptoComponentsFactory_GetSkPkInvalidSkBytesShouldErr
=== RUN   TestSigningHandler_CreateSignatureShareForPublicKey/failed_to_get_current_multi_signer
=== PAUSE TestSigningHandler_CreateSignatureShareForPublicKey/failed_to_get_current_multi_signer
=== RUN   TestSigningHandler_CreateSignatureShareForPublicKey/should_work
=== PAUSE TestSigningHandler_CreateSignatureShareForPublicKey/should_work
=== RUN   TestSigningHandler_Create/should_work
=== PAUSE TestSigningHandler_Create/should_work
=== CONT  TestCryptoComponentsFactory_CreateCryptoParamsOK
=== RUN   TestCryptoComponentsFactory_MultiKey/encoded_public_key_can_not_be_hex_decoded
=== PAUSE TestCryptoComponentsFactory_MultiKey/encoded_public_key_can_not_be_hex_decoded
=== RUN   TestCryptoComponentsFactory_MultiKey/not_a_valid_private_key
=== PAUSE TestCryptoComponentsFactory_MultiKey/not_a_valid_private_key
=== RUN   TestCryptoComponentsFactory_MultiKey/wrong_public_string_read_from_file
=== PAUSE TestCryptoComponentsFactory_MultiKey/wrong_public_string_read_from_file
=== RUN   TestCryptoComponentsFactory_MultiKey/should_work
=== PAUSE TestCryptoComponentsFactory_MultiKey/should_work
=== CONT  TestCryptoComponentsFactory_CreateCryptoParamsLoadKeysFailShouldNotError
=== CONT  TestCryptoComponentsFactory_CreateCryptoParamsInvalidPrivateKeyByteArrayShouldNotError
[0;32mINFO [0m[2026-03-16 10:13:44.912]   start time                               [0;32mformatted[0m = Mon Mar 16 10:14:00 IST 2026 [0;32mseconds[0m = 1773636240 
--- PASS: TestCryptoComponentsFactory_CreateShouldErrDueToMissingConfig (1.00s)
=== CONT  TestCryptoComponentsFactory_GetSuiteOK
[0;32mINFO [0m[2026-03-16 10:13:44.915]   start time                               [0;32mformatted[0m = Mon Mar 16 10:14:00 IST 2026 [0;32mseconds[0m = 1773636240 
[0;32mINFO [0m[2026-03-16 10:13:44.915]   start time                               [0;32mformatted[0m = Mon Mar 16 10:14:00 IST 2026 [0;32mseconds[0m = 1773636240 
--- PASS: TestNewCryptoComponentsFactory_DisabledSigShouldWork (1.00s)
--- PASS: TestNewCryptoComponentsFactory_CreateInvalidConsensusTypeShouldErr (1.00s)
[0;32mINFO [0m[2026-03-16 10:13:44.915]   start time                               [0;32mformatted[0m = Mon Mar 16 10:14:00 IST 2026 [0;32mseconds[0m = 1773636240 
--- PASS: TestCryptoComponentsFactory_CreateCryptoParamsNilKeyLoaderShouldErr (1.02s)
[0;32mINFO [0m[2026-03-16 10:13:44.929]   start time                               [0;32mformatted[0m = Mon Mar 16 10:14:00 IST 2026 [0;32mseconds[0m = 1773636240 
[0;32mINFO [0m[2026-03-16 10:13:44.931]   the node loaded the validatorKey.pem file and is running in single-key mode 
--- PASS: TestCryptoComponentsFactory_CreateInvalidMultiSigHasherShouldErr (1.02s)
=== CONT  TestCryptoComponentsFactory_CreateSingleSignerOK
=== CONT  TestCryptoComponentsFactory_GetSuiteInvalidConsensusTypeShouldErr
[0;32mINFO [0m[2026-03-16 10:13:44.933]   start time                               [0;32mformatted[0m = Mon Mar 16 10:14:00 IST 2026 [0;32mseconds[0m = 1773636240 
[0;32mINFO [0m[2026-03-16 10:13:44.933]   start time                               [0;32mformatted[0m = Mon Mar 16 10:14:00 IST 2026 [0;32mseconds[0m = 1773636240 
--- PASS: TestNewCryptoComponentsFactory_OkValsShouldWork (1.02s)
--- PASS: TestCryptoComponentsFactory_GetSkPkOK (1.00s)
=== CONT  TestCryptoComponentsFactory_CreateSingleSignerInvalidConsensusTypeShouldErr
[0;32mINFO [0m[2026-03-16 10:13:44.915]   start time                               [0;32mformatted[0m = Mon Mar 16 10:14:00 IST 2026 [0;32mseconds[0m = 1773636240 
=== CONT  TestCryptoComponentsFactory_CreateMultiSignerOK
[0;32mINFO [0m[2026-03-16 10:13:44.918]   start time                               [0;32mformatted[0m = Mon Mar 16 10:14:00 IST 2026 [0;32mseconds[0m = 1773636240 
[0;32mINFO [0m[2026-03-16 10:13:44.929]   start time                               [0;32mformatted[0m = Mon Mar 16 10:14:00 IST 2026 [0;32mseconds[0m = 1773636240 
[0;32mINFO [0m[2026-03-16 10:13:44.938]   the node is in import-db mode! Will generate a fresh new BLS key 
[0;32mINFO [0m[2026-03-16 10:13:44.929]   start time                               [0;32mformatted[0m = Mon Mar 16 10:14:00 IST 2026 [0;32mseconds[0m = 1773636240 
[0;32mINFO [0m[2026-03-16 10:13:44.943]   the node loaded the validatorKey.pem file and is running in single-key mode 
[0;32mINFO [0m[2026-03-16 10:13:44.951]   start time                               [0;32mformatted[0m = Mon Mar 16 10:14:00 IST 2026 [0;32mseconds[0m = 1773636240 
[0;32mINFO [0m[2026-03-16 10:13:44.951]   the node is running in single-key mode! Will generate a fresh new BLS key 
--- PASS: TestCryptoComponentsFactory_CreateCryptoParamsInvalidPrivateKeyByteArrayShouldNotError (1.00s)
=== CONT  TestManagedCryptoComponents
=== RUN   TestManagedCryptoComponents/nil_factory_should_error
=== PAUSE TestManagedCryptoComponents/nil_factory_should_error
=== RUN   TestManagedCryptoComponents/invalid_args_should_error
=== PAUSE TestManagedCryptoComponents/invalid_args_should_error
=== RUN   TestManagedCryptoComponents/pub_key_mismatch_will_not_return_critical_error
=== PAUSE TestManagedCryptoComponents/pub_key_mismatch_will_not_return_critical_error
=== RUN   TestManagedCryptoComponents/should_work_with_activateBLSPubKeyMessageVerification
=== PAUSE TestManagedCryptoComponents/should_work_with_activateBLSPubKeyMessageVerification
=== RUN   TestManagedCryptoComponents/should_work_with_getters
=== PAUSE TestManagedCryptoComponents/should_work_with_getters
=== CONT  Test_getMultiSigHasherFromConfigOK
--- PASS: Test_getMultiSigHasherFromConfigOK (0.00s)
=== CONT  Test_getMultiSigHasherFromConfigMismatchConsensusTypeMultiSigHasher
--- PASS: Test_getMultiSigHasherFromConfigMismatchConsensusTypeMultiSigHasher (0.00s)
=== CONT  Test_getMultiSigHasherFromConfigInvalidHasherShouldErr
--- PASS: Test_getMultiSigHasherFromConfigInvalidHasherShouldErr (0.00s)
=== CONT  TestSigningHandler_Verify/should_work
=== CONT  TestSigningHandler_Verify/failed_to_get_current_multi_signer
=== CONT  TestSigningHandler_Verify/verify_agg_sig_should_fail#01
=== CONT  TestSigningHandler_Verify/bitmap_mismatch
--- PASS: TestSigningHandler_Verify (0.00s)
    --- PASS: TestSigningHandler_Verify/verify_agg_sig_should_fail (0.00s)
    --- PASS: TestSigningHandler_Verify/should_work (0.00s)
    --- PASS: TestSigningHandler_Verify/failed_to_get_current_multi_signer (0.00s)
    --- PASS: TestSigningHandler_Verify/verify_agg_sig_should_fail#01 (0.00s)
    --- PASS: TestSigningHandler_Verify/bitmap_mismatch (0.00s)
=== CONT  TestSigningHandler_AggregateSigs/should_work
=== CONT  TestSigningHandler_AggregateSigs/failed_to_get_current_multi_signer
=== CONT  TestSigningHandler_AggregateSigs/failed_to_get_aggregated_sig
=== CONT  TestSigningHandler_AggregateSigs/bitmap_mismatch
--- PASS: TestSigningHandler_AggregateSigs (0.00s)
    --- PASS: TestSigningHandler_AggregateSigs/nil_bitmap (0.00s)
    --- PASS: TestSigningHandler_AggregateSigs/should_work (0.00s)
    --- PASS: TestSigningHandler_AggregateSigs/failed_to_get_current_multi_signer (0.00s)
    --- PASS: TestSigningHandler_AggregateSigs/failed_to_get_aggregated_sig (0.00s)
    --- PASS: TestSigningHandler_AggregateSigs/bitmap_mismatch (0.00s)
=== CONT  TestNewSigningHandler/should_work
=== CONT  TestNewSigningHandler/no_public_keys
=== CONT  TestNewSigningHandler/nil_keys_handler
=== CONT  TestNewSigningHandler/nil_key_generator
=== CONT  TestNewSigningHandler/nil_single_signer
--- PASS: TestNewSigningHandler (0.00s)
    --- PASS: TestNewSigningHandler/nil_multi_signer (0.00s)
    --- PASS: TestNewSigningHandler/should_work (0.00s)
    --- PASS: TestNewSigningHandler/no_public_keys (0.00s)
    --- PASS: TestNewSigningHandler/nil_keys_handler (0.00s)
    --- PASS: TestNewSigningHandler/nil_key_generator (0.00s)
    --- PASS: TestNewSigningHandler/nil_single_signer (0.00s)
=== CONT  TestContainer_IsInterfaceNil
--- PASS: TestContainer_IsInterfaceNil (0.00s)
=== CONT  TestContainer_createLowLevelSigner
=== RUN   TestContainer_createLowLevelSigner/nil_hasher_should_err
=== RUN   TestContainer_createLowLevelSigner/not_supported_multiSig_type_should_err
=== RUN   TestContainer_createLowLevelSigner/multiSig_of_type_no_KOSK
=== RUN   TestContainer_createLowLevelSigner/multiSig_of_type_KOSK
--- PASS: TestContainer_createLowLevelSigner (0.00s)
    --- PASS: TestContainer_createLowLevelSigner/nil_hasher_should_err (0.00s)
    --- PASS: TestContainer_createLowLevelSigner/not_supported_multiSig_type_should_err (0.00s)
    --- PASS: TestContainer_createLowLevelSigner/multiSig_of_type_no_KOSK (0.00s)
    --- PASS: TestContainer_createLowLevelSigner/multiSig_of_type_KOSK (0.00s)
=== CONT  TestContainer_createMultiSigner
=== RUN   TestContainer_createMultiSigner/create_disabled_multi_signer
[0;33mWARN [0m[2026-03-16 10:13:44.952]   using disabled multi signer because the node is running in import-db 'turbo mode' 
=== RUN   TestContainer_createMultiSigner/invalid_consensus_config
=== RUN   TestContainer_createMultiSigner/bls_consensus_type_invalid_hasher_config
=== RUN   TestContainer_createMultiSigner/bls_consensus_type_signer_not_supported
=== RUN   TestContainer_createMultiSigner/bls_consensus_type_KOSK_OK
=== RUN   TestContainer_createMultiSigner/bls_consensus_type_no-KOSK_OK
=== RUN   TestContainer_createMultiSigner/disabledSigChecking
[0;33mWARN [0m[2026-03-16 10:13:44.952]   using disabled multi signer              
--- PASS: TestContainer_createMultiSigner (0.00s)
    --- PASS: TestContainer_createMultiSigner/create_disabled_multi_signer (0.00s)
    --- PASS: TestContainer_createMultiSigner/invalid_consensus_config (0.00s)
    --- PASS: TestContainer_createMultiSigner/bls_consensus_type_invalid_hasher_config (0.00s)
    --- PASS: TestContainer_createMultiSigner/bls_consensus_type_signer_not_supported (0.00s)
    --- PASS: TestContainer_createMultiSigner/bls_consensus_type_KOSK_OK (0.00s)
    --- PASS: TestContainer_createMultiSigner/bls_consensus_type_no-KOSK_OK (0.00s)
    --- PASS: TestContainer_createMultiSigner/disabledSigChecking (0.00s)
=== CONT  TestContainer_GetMultiSigner
=== RUN   TestContainer_GetMultiSigner/missing_epoch_config_should_err_(can_only_happen_if_epoch_0_is_missing)
=== RUN   TestContainer_GetMultiSigner/get_multi_signer_OK
--- PASS: TestContainer_GetMultiSigner (0.00s)
    --- PASS: TestContainer_GetMultiSigner/missing_epoch_config_should_err_(can_only_happen_if_epoch_0_is_missing) (0.00s)
    --- PASS: TestContainer_GetMultiSigner/get_multi_signer_OK (0.00s)
=== CONT  TestSigningHandler_VerifySingleSignature/should_work
--- PASS: TestSigningHandler_VerifySingleSignature (0.00s)
    --- PASS: TestSigningHandler_VerifySingleSignature/not_a_valid_public_key_should_error (0.00s)
    --- PASS: TestSigningHandler_VerifySingleSignature/should_work (0.00s)
=== CONT  TestNewCryptoComponentsFactory_NilCoreComponentsHandlerShouldErr
--- PASS: TestNewCryptoComponentsFactory_NilCoreComponentsHandlerShouldErr (0.00s)
=== CONT  TestNewCryptoComponentsFactory_NilPemFileShouldErr
[0;32mINFO [0m[2026-03-16 10:13:44.954]   p2p private key: generated a new private key for p2p signing 
--- PASS: TestCryptoComponentsFactory_CreateWithDisabledSig (1.05s)
=== CONT  TestNewCryptoComponentsFactory_NilValidatorPublicKeyConverterShouldErr
    cryptoComponents_test.go:31: this is not a short test
--- SKIP: TestNewCryptoComponentsFactory_NilValidatorPublicKeyConverterShouldErr (0.00s)
=== CONT  TestNewManagedCryptoComponents_IsInterfaceNil
[0;32mINFO [0m[2026-03-16 10:13:44.969]   p2p private key: generated a new private key for p2p signing 
--- PASS: TestNewManagedCryptoComponents_SetMultiSignerContainer (1.06s)
=== CONT  TestManagedCryptoComponents_Clone
=== CONT  TestCryptoComponentsFactory_CreateWithAutoGenerateKey
[0;32mINFO [0m[2026-03-16 10:13:45.017]   the node loaded the validatorKey.pem file and is running in single-key mode 
[0;32mINFO [0m[2026-03-16 10:13:45.017]   p2p private key: generated a new private key for p2p signing 
--- PASS: TestNewManagedCryptoComponents_CheckSubcomponents (1.11s)
=== CONT  TestSigningHandler_SignatureShare/index_out_of_bounds
=== CONT  TestCryptoComponentsFactory_CreateMultiSignerInvalidConsensusTypeShouldErr
=== CONT  TestSigningHandler_StoreSignatureShare/index_out_of_bounds
=== CONT  TestSigningHandler_SignatureShare/should_work
=== CONT  TestSigningHandler_SignatureShare/nil_element_at_index
--- PASS: TestSigningHandler_SignatureShare (0.02s)
    --- PASS: TestSigningHandler_SignatureShare/index_out_of_bounds (0.00s)
    --- PASS: TestSigningHandler_SignatureShare/should_work (0.00s)
    --- PASS: TestSigningHandler_SignatureShare/nil_element_at_index (0.00s)
=== CONT  TestSigningHandler_VerifySignatureShare/invalid_signature_share
=== CONT  TestSigningHandler_StoreSignatureShare/should_work
--- PASS: TestSigningHandler_StoreSignatureShare (0.02s)
    --- PASS: TestSigningHandler_StoreSignatureShare/index_out_of_bounds (0.00s)
    --- PASS: TestSigningHandler_StoreSignatureShare/should_work (0.00s)
=== CONT  TestSigningHandler_VerifySignatureShare/failed_to_get_current_multi_signer
=== CONT  TestSigningHandler_VerifySignatureShare/should_work
=== CONT  TestSigningHandler_VerifySignatureShare/signature_share_verification_failed
=== CONT  TestSigningHandler_VerifySignatureShare/index_out_of_bounds
--- PASS: TestSigningHandler_VerifySignatureShare (0.02s)
    --- PASS: TestSigningHandler_VerifySignatureShare/invalid_signature_share (0.00s)
    --- PASS: TestSigningHandler_VerifySignatureShare/failed_to_get_current_multi_signer (0.00s)
    --- PASS: TestSigningHandler_VerifySignatureShare/should_work (0.00s)
    --- PASS: TestSigningHandler_VerifySignatureShare/signature_share_verification_failed (0.00s)
    --- PASS: TestSigningHandler_VerifySignatureShare/index_out_of_bounds (0.00s)
=== CONT  TestSigningHandler_Reset/nil_public_keys
=== CONT  TestSigningHandler_Reset/should_work
=== CONT  TestSigningHandler_Reset/empty_pubkeys_in_list
--- PASS: TestSigningHandler_Reset (0.03s)
    --- PASS: TestSigningHandler_Reset/nil_public_keys (0.00s)
    --- PASS: TestSigningHandler_Reset/should_work (0.00s)
    --- PASS: TestSigningHandler_Reset/empty_pubkeys_in_list (0.00s)
=== CONT  TestSigningHandler_CreateSignatureShareForPublicKey/nil_message
=== CONT  TestSigningHandler_Create/empty_pubkeys_in_list
=== CONT  TestSigningHandler_CreateSignatureShareForPublicKey/should_work
=== CONT  TestSigningHandler_CreateSignatureShareForPublicKey/failed_to_get_current_multi_signer
=== CONT  TestSigningHandler_CreateSignatureShareForPublicKey/create_sig_share_failed
--- PASS: TestSigningHandler_CreateSignatureShareForPublicKey (0.03s)
    --- PASS: TestSigningHandler_CreateSignatureShareForPublicKey/nil_message (0.00s)
    --- PASS: TestSigningHandler_CreateSignatureShareForPublicKey/should_work (0.00s)
    --- PASS: TestSigningHandler_CreateSignatureShareForPublicKey/failed_to_get_current_multi_signer (0.00s)
    --- PASS: TestSigningHandler_CreateSignatureShareForPublicKey/create_sig_share_failed (0.00s)
=== CONT  TestCryptoComponentsFactory_MultiKey/internal_error,_LoadAllKeys_returns_different_lengths_for_private_and_public_keys
[0;32mINFO [0m[2026-03-16 10:13:45.030]   start time                               [0;32mformatted[0m = Mon Mar 16 10:14:00 IST 2026 [0;32mseconds[0m = 1773636240 
--- PASS: TestCryptoComponentsFactory_GetSkPkInvalidSkBytesShouldErr (1.09s)
=== CONT  TestSigningHandler_Create/should_work
--- PASS: TestSigningHandler_Create (0.03s)
    --- PASS: TestSigningHandler_Create/empty_pubkeys_in_list (0.00s)
    --- PASS: TestSigningHandler_Create/should_work (0.00s)
=== CONT  TestCryptoComponentsFactory_MultiKey/should_work
[0;32mINFO [0m[2026-03-16 10:13:45.035]   start time                               [0;32mformatted[0m = Mon Mar 16 10:14:00 IST 2026 [0;32mseconds[0m = 1773636240 
[0;32mINFO [0m[2026-03-16 10:13:45.036]   the node loaded the validatorKey.pem file and is running in single-key mode 
--- PASS: TestCryptoComponentsFactory_CreateCryptoParamsOK (1.10s)
=== CONT  TestCryptoComponentsFactory_MultiKey/wrong_public_string_read_from_file
[0;32mINFO [0m[2026-03-16 10:13:45.036]   start time                               [0;32mformatted[0m = Mon Mar 16 10:14:00 IST 2026 [0;32mseconds[0m = 1773636240 
--- PASS: TestCryptoComponentsFactory_GetSkPkInvalidPkBytesShouldErr (1.11s)
=== CONT  TestCryptoComponentsFactory_MultiKey/not_a_valid_private_key
[0;32mINFO [0m[2026-03-16 10:13:45.038]   start time                               [0;32mformatted[0m = Mon Mar 16 10:14:00 IST 2026 [0;32mseconds[0m = 1773636240 
[0;32mINFO [0m[2026-03-16 10:13:45.038]   the node is running in single-key mode! Will generate a fresh new BLS key 
--- PASS: TestCryptoComponentsFactory_CreateCryptoParamsLoadKeysFailShouldNotError (1.10s)
=== CONT  TestCryptoComponentsFactory_MultiKey/encoded_public_key_can_not_be_hex_decoded
[0;32mINFO [0m[2026-03-16 10:13:45.052]   the node loaded the validatorKey.pem file and is running in single-key mode 
[0;32mINFO [0m[2026-03-16 10:13:45.053]   p2p private key: generated a new private key for p2p signing 
--- PASS: TestCryptoComponentsFactory_CreateOK (1.14s)
=== CONT  TestCryptoComponentsFactory_MultiKey/encoded_private_key_can_not_be_hex_decoded
[0;32mINFO [0m[2026-03-16 10:13:45.913]   start time                               [0;32mformatted[0m = Mon Mar 16 10:14:00 IST 2026 [0;32mseconds[0m = 1773636240 
--- PASS: TestCryptoComponentsFactory_GetSuiteOK (1.00s)
=== CONT  TestManagedCryptoComponents/nil_factory_should_error
=== CONT  TestManagedCryptoComponents/should_work_with_getters
[0;32mINFO [0m[2026-03-16 10:13:45.961]   start time                               [0;32mformatted[0m = Mon Mar 16 10:14:00 IST 2026 [0;32mseconds[0m = 1773636240 
--- PASS: TestNewManagedCryptoComponents_IsInterfaceNil (1.00s)
=== CONT  TestManagedCryptoComponents/should_work_with_activateBLSPubKeyMessageVerification
[0;32mINFO [0m[2026-03-16 10:13:45.972]   start time                               [0;32mformatted[0m = Mon Mar 16 10:14:00 IST 2026 [0;32mseconds[0m = 1773636240 
[0;32mINFO [0m[2026-03-16 10:13:45.973]   the node loaded the validatorKey.pem file and is running in single-key mode 
[0;32mINFO [0m[2026-03-16 10:13:45.973]   p2p private key: generated a new private key for p2p signing 
[0;32mINFO [0m[2026-03-16 10:13:45.973]   start time                               [0;32mformatted[0m = Mon Mar 16 10:14:00 IST 2026 [0;32mseconds[0m = 1773636240 
--- PASS: TestNewCryptoComponentsFactory_NilPemFileShouldErr (1.02s)
=== CONT  TestManagedCryptoComponents/pub_key_mismatch_will_not_return_critical_error
[0;32mINFO [0m[2026-03-16 10:13:45.973]   the node loaded the validatorKey.pem file and is running in single-key mode 
[0;32mINFO [0m[2026-03-16 10:13:45.973]   p2p private key: generated a new private key for p2p signing 
--- PASS: TestManagedCryptoComponents_Clone (1.00s)
=== CONT  TestManagedCryptoComponents/invalid_args_should_error
[0;32mINFO [0m[2026-03-16 10:13:46.008]   start time                               [0;32mformatted[0m = Mon Mar 16 10:14:00 IST 2026 [0;32mseconds[0m = 1773636240 
[0;32mINFO [0m[2026-03-16 10:13:46.009]   the node loaded the validatorKey.pem file and is running in single-key mode 
[0;32mINFO [0m[2026-03-16 10:13:46.009]   p2p private key: generated a new private key for p2p signing 
--- PASS: TestCryptoComponentsFactory_CreateWithAutoGenerateKey (1.01s)
[0;32mINFO [0m[2026-03-16 10:13:46.015]   start time                               [0;32mformatted[0m = Mon Mar 16 10:14:00 IST 2026 [0;32mseconds[0m = 1773636240 
--- PASS: TestCryptoComponentsFactory_CreateMultiSignerOK (1.00s)
[0;32mINFO [0m[2026-03-16 10:13:46.029]   start time                               [0;32mformatted[0m = Mon Mar 16 10:14:00 IST 2026 [0;32mseconds[0m = 1773636240 
[0;32mINFO [0m[2026-03-16 10:13:46.032]   start time                               [0;32mformatted[0m = Mon Mar 16 10:14:00 IST 2026 [0;32mseconds[0m = 1773636240 
[0;32mINFO [0m[2026-03-16 10:13:46.033]   the node loaded the validatorKey.pem file and is running in multi-key mode, managing 4 keys 
[0;32mINFO [0m[2026-03-16 10:13:46.033]   p2p private key: generated a new private key for p2p signing 
[0;32mINFO [0m[2026-03-16 10:13:46.035]   start time                               [0;32mformatted[0m = Mon Mar 16 10:14:00 IST 2026 [0;32mseconds[0m = 1773636240 
--- PASS: TestCryptoComponentsFactory_CreateMultiSignerInvalidConsensusTypeShouldErr (1.02s)
[0;32mINFO [0m[2026-03-16 10:13:46.054]   start time                               [0;32mformatted[0m = Mon Mar 16 10:14:00 IST 2026 [0;32mseconds[0m = 1773636240 
[0;32mINFO [0m[2026-03-16 10:13:46.177]   start time                               [0;32mformatted[0m = Mon Mar 16 10:14:00 IST 2026 [0;32mseconds[0m = 1773636240 
--- PASS: TestCryptoComponentsFactory_CreateSingleSignerInvalidConsensusTypeShouldErr (1.24s)
[0;32mINFO [0m[2026-03-16 10:13:46.180]   start time                               [0;32mformatted[0m = Mon Mar 16 10:14:00 IST 2026 [0;32mseconds[0m = 1773636240 
--- PASS: TestCryptoComponentsFactory_GetSuiteInvalidConsensusTypeShouldErr (1.25s)
[0;32mINFO [0m[2026-03-16 10:13:46.201]   start time                               [0;32mformatted[0m = Mon Mar 16 10:14:00 IST 2026 [0;32mseconds[0m = 1773636240 
[0;32mINFO [0m[2026-03-16 10:13:46.221]   start time                               [0;32mformatted[0m = Mon Mar 16 10:14:00 IST 2026 [0;32mseconds[0m = 1773636240 
--- PASS: TestCryptoComponentsFactory_CreateSingleSignerOK (1.29s)
[0;32mINFO [0m[2026-03-16 10:13:46.245]   start time                               [0;32mformatted[0m = Mon Mar 16 10:14:00 IST 2026 [0;32mseconds[0m = 1773636240 
[0;32mINFO [0m[2026-03-16 10:13:46.304]   start time                               [0;32mformatted[0m = Mon Mar 16 10:14:00 IST 2026 [0;32mseconds[0m = 1773636240 
--- PASS: TestCryptoComponentsFactory_MultiKey (0.01s)
    --- PASS: TestCryptoComponentsFactory_MultiKey/internal_error,_LoadAllKeys_returns_different_lengths_for_private_and_public_keys (1.01s)
    --- PASS: TestCryptoComponentsFactory_MultiKey/should_work (1.00s)
    --- PASS: TestCryptoComponentsFactory_MultiKey/encoded_private_key_can_not_be_hex_decoded (1.00s)
    --- PASS: TestCryptoComponentsFactory_MultiKey/wrong_public_string_read_from_file (1.17s)
    --- PASS: TestCryptoComponentsFactory_MultiKey/encoded_public_key_can_not_be_hex_decoded (1.21s)
    --- PASS: TestCryptoComponentsFactory_MultiKey/not_a_valid_private_key (1.27s)
[0;32mINFO [0m[2026-03-16 10:13:46.914]   start time                               [0;32mformatted[0m = Mon Mar 16 10:14:00 IST 2026 [0;32mseconds[0m = 1773636240 
[0;32mINFO [0m[2026-03-16 10:13:46.915]   the node loaded the validatorKey.pem file and is running in single-key mode 
[0;32mINFO [0m[2026-03-16 10:13:46.915]   p2p private key: generated a new private key for p2p signing 
[0;32mINFO [0m[2026-03-16 10:13:46.975]   start time                               [0;32mformatted[0m = Mon Mar 16 10:14:00 IST 2026 [0;32mseconds[0m = 1773636240 
[0;32mINFO [0m[2026-03-16 10:13:46.985]   start time                               [0;32mformatted[0m = Mon Mar 16 10:14:00 IST 2026 [0;32mseconds[0m = 1773636240 
[0;33mWARN [0m[2026-03-16 10:13:46.985]   using disabled multi signer              
[0;32mINFO [0m[2026-03-16 10:13:46.985]   the node is running in single-key mode! Will generate a fresh new BLS key 
[0;33mWARN [0m[2026-03-16 10:13:46.985]   using disabled single signer             
[0;33mWARN [0m[2026-03-16 10:13:46.985]   using disabled single signer             
[0;33mWARN [0m[2026-03-16 10:13:46.985]   using disabled multi signer              
[0;32mINFO [0m[2026-03-16 10:13:46.985]   p2p private key: generated a new private key for p2p signing 
[0;32mINFO [0m[2026-03-16 10:13:47.302]   start time                               [0;32mformatted[0m = Mon Mar 16 10:14:00 IST 2026 [0;32mseconds[0m = 1773636240 
[0;32mINFO [0m[2026-03-16 10:13:47.302]   the node loaded the validatorKey.pem file and is running in single-key mode 
[0;32mINFO [0m[2026-03-16 10:13:47.303]   p2p private key: generated a new private key for p2p signing 
--- PASS: TestManagedCryptoComponents (0.00s)
    --- PASS: TestManagedCryptoComponents/nil_factory_should_error (0.00s)
    --- PASS: TestManagedCryptoComponents/should_work_with_getters (1.01s)
    --- PASS: TestManagedCryptoComponents/invalid_args_should_error (1.00s)
    --- PASS: TestManagedCryptoComponents/pub_key_mismatch_will_not_return_critical_error (1.01s)
    --- PASS: TestManagedCryptoComponents/should_work_with_activateBLSPubKeyMessageVerification (1.34s)
PASS
ok  	github.com/TerraDharitri/drt-go-chain/factory/crypto	(cached)
=== RUN   TestNewManagedDataComponents
=== PAUSE TestNewManagedDataComponents
=== RUN   TestManagedDataComponents_Create
=== PAUSE TestManagedDataComponents_Create
=== RUN   TestManagedDataComponents_CheckSubcomponents
=== PAUSE TestManagedDataComponents_CheckSubcomponents
=== RUN   TestManagedDataComponents_SetBlockchain
=== PAUSE TestManagedDataComponents_SetBlockchain
=== RUN   TestManagedDataComponents_Close
=== PAUSE TestManagedDataComponents_Close
=== RUN   TestManagedDataComponents_Clone
=== PAUSE TestManagedDataComponents_Clone
=== RUN   TestManagedDataComponents_IsInterfaceNil
=== PAUSE TestManagedDataComponents_IsInterfaceNil
=== RUN   TestNewDataComponentsFactory
=== PAUSE TestNewDataComponentsFactory
=== RUN   TestDataComponentsFactory_Create
=== PAUSE TestDataComponentsFactory_Create
=== RUN   TestManagedDataComponents_CloseShouldWork
=== PAUSE TestManagedDataComponents_CloseShouldWork
=== CONT  TestNewManagedDataComponents
=== CONT  TestManagedDataComponents_Clone
=== CONT  TestManagedDataComponents_Close
=== CONT  TestManagedDataComponents_CheckSubcomponents
=== CONT  TestManagedDataComponents_Create
=== RUN   TestManagedDataComponents_Create/invalid_config_should_error
=== CONT  TestManagedDataComponents_SetBlockchain
=== RUN   TestNewManagedDataComponents/nil_factory_should_error
=== PAUSE TestNewManagedDataComponents/nil_factory_should_error
=== RUN   TestNewManagedDataComponents/should_work
=== PAUSE TestNewManagedDataComponents/should_work
=== CONT  TestNewManagedDataComponents/nil_factory_should_error
=== CONT  TestNewManagedDataComponents/should_work
=== CONT  TestManagedDataComponents_CloseShouldWork
=== CONT  TestDataComponentsFactory_Create
=== RUN   TestDataComponentsFactory_Create/NewBlockChain_returns_error_for_shard
=== PAUSE TestDataComponentsFactory_Create/NewBlockChain_returns_error_for_shard
=== RUN   TestDataComponentsFactory_Create/NewBlockChain_returns_error_for_meta
=== PAUSE TestDataComponentsFactory_Create/NewBlockChain_returns_error_for_meta
=== RUN   TestDataComponentsFactory_Create/createBlockChainFromConfig_returns_error
=== PAUSE TestDataComponentsFactory_Create/createBlockChainFromConfig_returns_error
=== RUN   TestDataComponentsFactory_Create/NewStorageServiceFactory_returns_error
=== PAUSE TestDataComponentsFactory_Create/NewStorageServiceFactory_returns_error
=== RUN   TestDataComponentsFactory_Create/createDataStoreFromConfig_fails_for_shard_due_to_bad_config
=== PAUSE TestDataComponentsFactory_Create/createDataStoreFromConfig_fails_for_shard_due_to_bad_config
=== RUN   TestDataComponentsFactory_Create/createDataStoreFromConfig_fails,_invalid_shard
=== PAUSE TestDataComponentsFactory_Create/createDataStoreFromConfig_fails,_invalid_shard
=== RUN   TestDataComponentsFactory_Create/NewDataPoolFromConfig_fails_should_error
=== PAUSE TestDataComponentsFactory_Create/NewDataPoolFromConfig_fails_should_error
=== RUN   TestDataComponentsFactory_Create/should_work_for_shard
=== PAUSE TestDataComponentsFactory_Create/should_work_for_shard
=== RUN   TestDataComponentsFactory_Create/should_work_for_meta
=== PAUSE TestDataComponentsFactory_Create/should_work_for_meta
=== CONT  TestDataComponentsFactory_Create/NewBlockChain_returns_error_for_shard
=== CONT  TestNewDataComponentsFactory
=== CONT  TestManagedDataComponents_IsInterfaceNil
=== PAUSE TestManagedDataComponents_Create/invalid_config_should_error
=== CONT  TestDataComponentsFactory_Create/should_work_for_meta
=== CONT  TestDataComponentsFactory_Create/createDataStoreFromConfig_fails_for_shard_due_to_bad_config
=== CONT  TestDataComponentsFactory_Create/NewDataPoolFromConfig_fails_should_error
=== CONT  TestDataComponentsFactory_Create/NewStorageServiceFactory_returns_error
=== CONT  TestDataComponentsFactory_Create/createDataStoreFromConfig_fails,_invalid_shard
=== CONT  TestDataComponentsFactory_Create/should_work_for_shard
=== RUN   TestManagedDataComponents_Create/should_work_with_getters
=== PAUSE TestManagedDataComponents_Create/should_work_with_getters
=== RUN   TestNewDataComponentsFactory/nil_shard_coordinator_should_error
=== PAUSE TestNewDataComponentsFactory/nil_shard_coordinator_should_error
=== RUN   TestNewDataComponentsFactory/nil_core_components_should_error
=== PAUSE TestNewDataComponentsFactory/nil_core_components_should_error
=== RUN   TestNewDataComponentsFactory/nil_status_core_components_should_error
=== PAUSE TestNewDataComponentsFactory/nil_status_core_components_should_error
=== RUN   TestNewDataComponentsFactory/nil_crypto_components_should_error
=== PAUSE TestNewDataComponentsFactory/nil_crypto_components_should_error
=== RUN   TestNewDataComponentsFactory/should_work
=== PAUSE TestNewDataComponentsFactory/should_work
=== CONT  TestDataComponentsFactory_Create/createBlockChainFromConfig_returns_error
=== CONT  TestDataComponentsFactory_Create/NewBlockChain_returns_error_for_meta
[0;32mINFO [0m[2026-03-16 10:13:44.984]   start time                               [0;32mformatted[0m = Mon Mar 16 10:14:00 IST 2026 [0;32mseconds[0m = 1773636240 
[0;32mINFO [0m[2026-03-16 10:13:44.987]   start time                               [0;32mformatted[0m = Mon Mar 16 10:14:00 IST 2026 [0;32mseconds[0m = 1773636240 
[0;32mINFO [0m[2026-03-16 10:13:44.987]   start time                               [0;32mformatted[0m = Mon Mar 16 10:14:00 IST 2026 [0;32mseconds[0m = 1773636240 
[0;32mINFO [0m[2026-03-16 10:13:45.029]   start time                               [0;32mformatted[0m = Mon Mar 16 10:14:00 IST 2026 [0;32mseconds[0m = 1773636240 
[0;32mINFO [0m[2026-03-16 10:13:45.047]   start time                               [0;32mformatted[0m = Mon Mar 16 10:14:00 IST 2026 [0;32mseconds[0m = 1773636240 
[0;32mINFO [0m[2026-03-16 10:13:45.049]   start time                               [0;32mformatted[0m = Mon Mar 16 10:14:00 IST 2026 [0;32mseconds[0m = 1773636240 
[0;32mINFO [0m[2026-03-16 10:13:45.049]   start time                               [0;32mformatted[0m = Mon Mar 16 10:14:00 IST 2026 [0;32mseconds[0m = 1773636240 
[0;32mINFO [0m[2026-03-16 10:13:45.054]   start time                               [0;32mformatted[0m = Mon Mar 16 10:14:00 IST 2026 [0;32mseconds[0m = 1773636240 
[0;32mINFO [0m[2026-03-16 10:13:45.054]   start time                               [0;32mformatted[0m = Mon Mar 16 10:14:00 IST 2026 [0;32mseconds[0m = 1773636240 
[0;32mINFO [0m[2026-03-16 10:13:45.056]   start time                               [0;32mformatted[0m = Mon Mar 16 10:14:00 IST 2026 [0;32mseconds[0m = 1773636240 
[0;32mINFO [0m[2026-03-16 10:13:45.055]   start time                               [0;32mformatted[0m = Mon Mar 16 10:14:00 IST 2026 [0;32mseconds[0m = 1773636240 
[0;32mINFO [0m[2026-03-16 10:13:45.072]   start time                               [0;32mformatted[0m = Mon Mar 16 10:14:00 IST 2026 [0;32mseconds[0m = 1773636240 
[0;32mINFO [0m[2026-03-16 10:13:45.056]   start time                               [0;32mformatted[0m = Mon Mar 16 10:14:00 IST 2026 [0;32mseconds[0m = 1773636240 
[0;32mINFO [0m[2026-03-16 10:13:45.055]   start time                               [0;32mformatted[0m = Mon Mar 16 10:14:00 IST 2026 [0;32mseconds[0m = 1773636240 
[0;32mINFO [0m[2026-03-16 10:13:45.056]   start time                               [0;32mformatted[0m = Mon Mar 16 10:14:00 IST 2026 [0;32mseconds[0m = 1773636240 
[0;32mINFO [0m[2026-03-16 10:13:45.056]   start time                               [0;32mformatted[0m = Mon Mar 16 10:14:00 IST 2026 [0;32mseconds[0m = 1773636240 
[0;32mINFO [0m[2026-03-16 10:13:46.034]   start time                               [0;32mformatted[0m = Mon Mar 16 10:14:00 IST 2026 [0;32mseconds[0m = 1773636240 
[0;32mINFO [0m[2026-03-16 10:13:46.038]   the node loaded the validatorKey.pem file and is running in single-key mode 
[0;32mINFO [0m[2026-03-16 10:13:46.042]   start time                               [0;32mformatted[0m = Mon Mar 16 10:14:00 IST 2026 [0;32mseconds[0m = 1773636240 
[0;32mINFO [0m[2026-03-16 10:13:46.044]   the node loaded the validatorKey.pem file and is running in single-key mode 
[0;32mINFO [0m[2026-03-16 10:13:46.054]   start time                               [0;32mformatted[0m = Mon Mar 16 10:14:00 IST 2026 [0;32mseconds[0m = 1773636240 
[0;32mINFO [0m[2026-03-16 10:13:46.059]   the node loaded the validatorKey.pem file and is running in single-key mode 
[0;32mINFO [0m[2026-03-16 10:13:46.059]   start time                               [0;32mformatted[0m = Mon Mar 16 10:14:00 IST 2026 [0;32mseconds[0m = 1773636240 
[0;32mINFO [0m[2026-03-16 10:13:46.060]   start time                               [0;32mformatted[0m = Mon Mar 16 10:14:00 IST 2026 [0;32mseconds[0m = 1773636240 
[0;32mINFO [0m[2026-03-16 10:13:46.061]   start time                               [0;32mformatted[0m = Mon Mar 16 10:14:00 IST 2026 [0;32mseconds[0m = 1773636240 
[0;32mINFO [0m[2026-03-16 10:13:46.061]   the node loaded the validatorKey.pem file and is running in single-key mode 
[0;32mINFO [0m[2026-03-16 10:13:46.062]   start time                               [0;32mformatted[0m = Mon Mar 16 10:14:00 IST 2026 [0;32mseconds[0m = 1773636240 
[0;32mINFO [0m[2026-03-16 10:13:46.063]   the node loaded the validatorKey.pem file and is running in single-key mode 
[0;32mINFO [0m[2026-03-16 10:13:46.071]   the node loaded the validatorKey.pem file and is running in single-key mode 
[0;32mINFO [0m[2026-03-16 10:13:46.071]   start time                               [0;32mformatted[0m = Mon Mar 16 10:14:00 IST 2026 [0;32mseconds[0m = 1773636240 
[0;32mINFO [0m[2026-03-16 10:13:46.073]   start time                               [0;32mformatted[0m = Mon Mar 16 10:14:00 IST 2026 [0;32mseconds[0m = 1773636240 
[0;32mINFO [0m[2026-03-16 10:13:46.074]   start time                               [0;32mformatted[0m = Mon Mar 16 10:14:00 IST 2026 [0;32mseconds[0m = 1773636240 
[0;32mINFO [0m[2026-03-16 10:13:46.077]   the node loaded the validatorKey.pem file and is running in single-key mode 
[0;32mINFO [0m[2026-03-16 10:13:46.078]   the node loaded the validatorKey.pem file and is running in single-key mode 
[0;32mINFO [0m[2026-03-16 10:13:46.078]   the node loaded the validatorKey.pem file and is running in single-key mode 
[0;32mINFO [0m[2026-03-16 10:13:46.086]   start time                               [0;32mformatted[0m = Mon Mar 16 10:14:00 IST 2026 [0;32mseconds[0m = 1773636240 
[0;32mINFO [0m[2026-03-16 10:13:46.092]   the node loaded the validatorKey.pem file and is running in single-key mode 
[0;32mINFO [0m[2026-03-16 10:13:46.232]   the node loaded the validatorKey.pem file and is running in single-key mode 
[0;32mINFO [0m[2026-03-16 10:13:46.257]   p2p private key: generated a new private key for p2p signing 
--- PASS: TestManagedDataComponents_CloseShouldWork (2.35s)
=== CONT  TestManagedDataComponents_Create/invalid_config_should_error
[0;32mINFO [0m[2026-03-16 10:13:46.259]   p2p private key: generated a new private key for p2p signing 
--- PASS: TestManagedDataComponents_Clone (2.36s)
=== CONT  TestNewDataComponentsFactory/nil_shard_coordinator_should_error
[0;32mINFO [0m[2026-03-16 10:13:46.261]   p2p private key: generated a new private key for p2p signing 
[0;32mINFO [0m[2026-03-16 10:13:46.262]   p2p private key: generated a new private key for p2p signing 
[0;32mINFO [0m[2026-03-16 10:13:46.262]   closing mapTimeCacher's sweep go routine... 
[0;32mINFO [0m[2026-03-16 10:13:46.262]   closing mapTimeCacher's sweep go routine... 
=== CONT  TestNewDataComponentsFactory/should_work
=== CONT  TestManagedDataComponents_Create/should_work_with_getters
[0;32mINFO [0m[2026-03-16 10:13:46.277]   p2p private key: generated a new private key for p2p signing 
[0;32mINFO [0m[2026-03-16 10:13:46.277]   p2p private key: generated a new private key for p2p signing 
[0;32mINFO [0m[2026-03-16 10:13:46.277]   p2p private key: generated a new private key for p2p signing 
[0;32mINFO [0m[2026-03-16 10:13:46.277]   p2p private key: generated a new private key for p2p signing 
=== CONT  TestNewDataComponentsFactory/nil_status_core_components_should_error
=== CONT  TestNewDataComponentsFactory/nil_crypto_components_should_error
[0;32mINFO [0m[2026-03-16 10:13:46.278]   p2p private key: generated a new private key for p2p signing 
[0;32mINFO [0m[2026-03-16 10:13:46.278]   p2p private key: generated a new private key for p2p signing 
[0;32mINFO [0m[2026-03-16 10:13:46.278]   p2p private key: generated a new private key for p2p signing 
=== CONT  TestNewDataComponentsFactory/nil_core_components_should_error
--- PASS: TestManagedDataComponents_SetBlockchain (2.37s)
[0;32mINFO [0m[2026-03-16 10:13:46.354]   start time                               [0;32mformatted[0m = Mon Mar 16 10:14:00 IST 2026 [0;32mseconds[0m = 1773636240 
[0;32mINFO [0m[2026-03-16 10:13:46.370]   start time                               [0;32mformatted[0m = Mon Mar 16 10:14:00 IST 2026 [0;32mseconds[0m = 1773636240 
[0;32mINFO [0m[2026-03-16 10:13:46.370]   start time                               [0;32mformatted[0m = Mon Mar 16 10:14:00 IST 2026 [0;32mseconds[0m = 1773636240 
[0;32mINFO [0m[2026-03-16 10:13:46.370]   start time                               [0;32mformatted[0m = Mon Mar 16 10:14:00 IST 2026 [0;32mseconds[0m = 1773636240 
[0;32mINFO [0m[2026-03-16 10:13:46.373]   start time                               [0;32mformatted[0m = Mon Mar 16 10:14:00 IST 2026 [0;32mseconds[0m = 1773636240 
[0;32mINFO [0m[2026-03-16 10:13:46.398]   the node loaded the validatorKey.pem file and is running in single-key mode 
[0;32mINFO [0m[2026-03-16 10:13:46.398]   p2p private key: generated a new private key for p2p signing 
--- PASS: TestManagedDataComponents_CheckSubcomponents (2.50s)
[0;32mINFO [0m[2026-03-16 10:13:46.404]   the node loaded the validatorKey.pem file and is running in single-key mode 
[0;32mINFO [0m[2026-03-16 10:13:46.404]   p2p private key: generated a new private key for p2p signing 
--- PASS: TestManagedDataComponents_IsInterfaceNil (2.49s)
[0;32mINFO [0m[2026-03-16 10:13:46.427]   the node loaded the validatorKey.pem file and is running in single-key mode 
[0;32mINFO [0m[2026-03-16 10:13:46.428]   p2p private key: generated a new private key for p2p signing 
--- PASS: TestDataComponentsFactory_Create (0.00s)
    --- PASS: TestDataComponentsFactory_Create/NewBlockChain_returns_error_for_shard (2.35s)
    --- PASS: TestDataComponentsFactory_Create/NewDataPoolFromConfig_fails_should_error (2.35s)
    --- PASS: TestDataComponentsFactory_Create/NewStorageServiceFactory_returns_error (2.36s)
    --- PASS: TestDataComponentsFactory_Create/NewBlockChain_returns_error_for_meta (2.36s)
    --- PASS: TestDataComponentsFactory_Create/createBlockChainFromConfig_returns_error (2.36s)
    --- PASS: TestDataComponentsFactory_Create/createDataStoreFromConfig_fails_for_shard_due_to_bad_config (2.37s)
    --- PASS: TestDataComponentsFactory_Create/should_work_for_meta (2.37s)
    --- PASS: TestDataComponentsFactory_Create/should_work_for_shard (2.37s)
    --- PASS: TestDataComponentsFactory_Create/createDataStoreFromConfig_fails,_invalid_shard (2.52s)
[0;32mINFO [0m[2026-03-16 10:13:46.567]   the node loaded the validatorKey.pem file and is running in single-key mode 
[0;32mINFO [0m[2026-03-16 10:13:46.567]   p2p private key: generated a new private key for p2p signing 
--- PASS: TestManagedDataComponents_Close (2.66s)
[0;32mINFO [0m[2026-03-16 10:13:46.568]   closing mapTimeCacher's sweep go routine... 
[0;32mINFO [0m[2026-03-16 10:13:46.645]   the node loaded the validatorKey.pem file and is running in single-key mode 
[0;32mINFO [0m[2026-03-16 10:13:46.646]   p2p private key: generated a new private key for p2p signing 
--- PASS: TestNewManagedDataComponents (0.00s)
    --- PASS: TestNewManagedDataComponents/nil_factory_should_error (0.00s)
    --- PASS: TestNewManagedDataComponents/should_work (2.75s)
[0;32mINFO [0m[2026-03-16 10:13:47.265]   start time                               [0;32mformatted[0m = Mon Mar 16 10:14:00 IST 2026 [0;32mseconds[0m = 1773636240 
[0;32mINFO [0m[2026-03-16 10:13:47.266]   start time                               [0;32mformatted[0m = Mon Mar 16 10:14:00 IST 2026 [0;32mseconds[0m = 1773636240 
[0;32mINFO [0m[2026-03-16 10:13:47.277]   start time                               [0;32mformatted[0m = Mon Mar 16 10:14:00 IST 2026 [0;32mseconds[0m = 1773636240 
[0;32mINFO [0m[2026-03-16 10:13:47.364]   start time                               [0;32mformatted[0m = Mon Mar 16 10:14:00 IST 2026 [0;32mseconds[0m = 1773636240 
[0;32mINFO [0m[2026-03-16 10:13:47.398]   start time                               [0;32mformatted[0m = Mon Mar 16 10:14:00 IST 2026 [0;32mseconds[0m = 1773636240 
[0;32mINFO [0m[2026-03-16 10:13:47.339]   start time                               [0;32mformatted[0m = Mon Mar 16 10:14:00 IST 2026 [0;32mseconds[0m = 1773636240 
[0;32mINFO [0m[2026-03-16 10:13:47.403]   start time                               [0;32mformatted[0m = Mon Mar 16 10:14:00 IST 2026 [0;32mseconds[0m = 1773636240 
[0;31mERROR[0m[2026-03-16 10:13:47.549]   getCryptoComponents NewManagedCryptoComponents [0;31merror[0m = nil crypto components factory 
[0;32mINFO [0m[2026-03-16 10:13:48.266]   start time                               [0;32mformatted[0m = Mon Mar 16 10:14:00 IST 2026 [0;32mseconds[0m = 1773636240 
[0;32mINFO [0m[2026-03-16 10:13:48.270]   start time                               [0;32mformatted[0m = Mon Mar 16 10:14:00 IST 2026 [0;32mseconds[0m = 1773636240 
[0;32mINFO [0m[2026-03-16 10:13:48.272]   the node loaded the validatorKey.pem file and is running in single-key mode 
[0;32mINFO [0m[2026-03-16 10:13:48.272]   p2p private key: generated a new private key for p2p signing 
[0;32mINFO [0m[2026-03-16 10:13:48.274]   the node loaded the validatorKey.pem file and is running in single-key mode 
[0;32mINFO [0m[2026-03-16 10:13:48.275]   p2p private key: generated a new private key for p2p signing 
[0;32mINFO [0m[2026-03-16 10:13:48.279]   start time                               [0;32mformatted[0m = Mon Mar 16 10:14:00 IST 2026 [0;32mseconds[0m = 1773636240 
[0;32mINFO [0m[2026-03-16 10:13:48.327]   the node loaded the validatorKey.pem file and is running in single-key mode 
[0;32mINFO [0m[2026-03-16 10:13:48.330]   p2p private key: generated a new private key for p2p signing 
[0;32mINFO [0m[2026-03-16 10:13:48.369]   start time                               [0;32mformatted[0m = Mon Mar 16 10:14:00 IST 2026 [0;32mseconds[0m = 1773636240 
[0;32mINFO [0m[2026-03-16 10:13:48.454]   start time                               [0;32mformatted[0m = Mon Mar 16 10:14:00 IST 2026 [0;32mseconds[0m = 1773636240 
[0;32mINFO [0m[2026-03-16 10:13:48.523]   the node loaded the validatorKey.pem file and is running in single-key mode 
[0;32mINFO [0m[2026-03-16 10:13:48.524]   p2p private key: generated a new private key for p2p signing 
[0;32mINFO [0m[2026-03-16 10:13:48.520]   the node loaded the validatorKey.pem file and is running in single-key mode 
[0;32mINFO [0m[2026-03-16 10:13:48.524]   p2p private key: generated a new private key for p2p signing 
--- PASS: TestNewDataComponentsFactory (0.00s)
    --- PASS: TestNewDataComponentsFactory/nil_core_components_should_error (1.27s)
    --- PASS: TestNewDataComponentsFactory/nil_shard_coordinator_should_error (2.01s)
    --- PASS: TestNewDataComponentsFactory/should_work (2.07s)
    --- PASS: TestNewDataComponentsFactory/nil_crypto_components_should_error (2.25s)
    --- PASS: TestNewDataComponentsFactory/nil_status_core_components_should_error (2.25s)
[0;32mINFO [0m[2026-03-16 10:13:48.613]   start time                               [0;32mformatted[0m = Mon Mar 16 10:14:00 IST 2026 [0;32mseconds[0m = 1773636240 
[0;32mINFO [0m[2026-03-16 10:13:48.621]   the node loaded the validatorKey.pem file and is running in single-key mode 
[0;32mINFO [0m[2026-03-16 10:13:48.621]   p2p private key: generated a new private key for p2p signing 
--- PASS: TestManagedDataComponents_Create (0.01s)
    --- PASS: TestManagedDataComponents_Create/should_work_with_getters (2.01s)
    --- PASS: TestManagedDataComponents_Create/invalid_config_should_error (2.36s)
PASS
ok  	github.com/TerraDharitri/drt-go-chain/factory/data	(cached)
=== RUN   TestNewManagedHeartbeatV2Components
=== PAUSE TestNewManagedHeartbeatV2Components
=== RUN   TestManagedHeartbeatV2Components_Create
=== PAUSE TestManagedHeartbeatV2Components_Create
=== RUN   TestManagedHeartbeatV2Components_CheckSubcomponents
=== PAUSE TestManagedHeartbeatV2Components_CheckSubcomponents
=== RUN   TestManagedHeartbeatV2Components_Close
=== PAUSE TestManagedHeartbeatV2Components_Close
=== RUN   TestManagedHeartbeatV2Components_IsInterfaceNil
=== PAUSE TestManagedHeartbeatV2Components_IsInterfaceNil
=== RUN   TestNewHeartbeatV2ComponentsFactory
=== PAUSE TestNewHeartbeatV2ComponentsFactory
=== RUN   TestHeartbeatV2Components_Create
=== PAUSE TestHeartbeatV2Components_Create
=== RUN   TestHeartbeatV2ComponentsFactory_IsInterfaceNil
=== PAUSE TestHeartbeatV2ComponentsFactory_IsInterfaceNil
=== CONT  TestNewManagedHeartbeatV2Components
=== CONT  TestHeartbeatV2Components_Create
=== CONT  TestManagedHeartbeatV2Components_IsInterfaceNil
=== CONT  TestManagedHeartbeatV2Components_Close
=== RUN   TestHeartbeatV2Components_Create/main_messenger_does_not_have_PeerAuthenticationTopic_and_fails_to_create_it
=== PAUSE TestHeartbeatV2Components_Create/main_messenger_does_not_have_PeerAuthenticationTopic_and_fails_to_create_it
=== RUN   TestHeartbeatV2Components_Create/main_messenger_does_not_have_HeartbeatV2Topic_and_fails_to_create_it
--- PASS: TestNewManagedHeartbeatV2Components (0.00s)
=== CONT  TestNewHeartbeatV2ComponentsFactory
=== PAUSE TestHeartbeatV2Components_Create/main_messenger_does_not_have_HeartbeatV2Topic_and_fails_to_create_it
=== RUN   TestNewHeartbeatV2ComponentsFactory/should_work
=== RUN   TestHeartbeatV2Components_Create/full_archive_messenger_does_not_have_PeerAuthenticationTopic_and_fails_to_create_it
=== PAUSE TestHeartbeatV2Components_Create/full_archive_messenger_does_not_have_PeerAuthenticationTopic_and_fails_to_create_it
=== PAUSE TestNewHeartbeatV2ComponentsFactory/should_work
=== RUN   TestHeartbeatV2Components_Create/full_archive_messenger_does_not_have_HeartbeatV2Topic_and_fails_to_create_it
=== RUN   TestNewHeartbeatV2ComponentsFactory/nil_BootstrapComponents_should_error
=== PAUSE TestHeartbeatV2Components_Create/full_archive_messenger_does_not_have_HeartbeatV2Topic_and_fails_to_create_it
=== RUN   TestHeartbeatV2Components_Create/invalid_config_should_error
=== PAUSE TestNewHeartbeatV2ComponentsFactory/nil_BootstrapComponents_should_error
=== RUN   TestNewHeartbeatV2ComponentsFactory/nil_CoreComponents_should_error
=== PAUSE TestHeartbeatV2Components_Create/invalid_config_should_error
=== RUN   TestHeartbeatV2Components_Create/NewPeerTypeProvider_fails_should_error
--- PASS: TestManagedHeartbeatV2Components_Close (0.00s)
=== CONT  TestHeartbeatV2ComponentsFactory_IsInterfaceNil
=== PAUSE TestNewHeartbeatV2ComponentsFactory/nil_CoreComponents_should_error
=== CONT  TestManagedHeartbeatV2Components_CheckSubcomponents
=== RUN   TestNewHeartbeatV2ComponentsFactory/nil_DataComponents_should_error
=== PAUSE TestNewHeartbeatV2ComponentsFactory/nil_DataComponents_should_error
--- PASS: TestHeartbeatV2ComponentsFactory_IsInterfaceNil (0.00s)
--- PASS: TestManagedHeartbeatV2Components_IsInterfaceNil (0.00s)
=== RUN   TestNewHeartbeatV2ComponentsFactory/nil_DataPool_should_error
=== CONT  TestManagedHeartbeatV2Components_Create
=== PAUSE TestNewHeartbeatV2ComponentsFactory/nil_DataPool_should_error
=== RUN   TestNewHeartbeatV2ComponentsFactory/nil_NetworkComponents_should_error
--- PASS: TestManagedHeartbeatV2Components_CheckSubcomponents (0.00s)
=== PAUSE TestNewHeartbeatV2ComponentsFactory/nil_NetworkComponents_should_error
=== PAUSE TestHeartbeatV2Components_Create/NewPeerTypeProvider_fails_should_error
=== RUN   TestHeartbeatV2Components_Create/NewSender_fails_should_error
=== RUN   TestManagedHeartbeatV2Components_Create/invalid_config_should_error
=== PAUSE TestHeartbeatV2Components_Create/NewSender_fails_should_error
=== RUN   TestHeartbeatV2Components_Create/NewPeerAuthenticationRequestsProcessor_fails_should_error
=== PAUSE TestManagedHeartbeatV2Components_Create/invalid_config_should_error
=== RUN   TestManagedHeartbeatV2Components_Create/should_work_with_getters
=== RUN   TestNewHeartbeatV2ComponentsFactory/nil_NetworkMessenger_should_error
=== PAUSE TestNewHeartbeatV2ComponentsFactory/nil_NetworkMessenger_should_error
=== RUN   TestNewHeartbeatV2ComponentsFactory/nil_FullArchiveNetworkMessenger_should_error
=== PAUSE TestManagedHeartbeatV2Components_Create/should_work_with_getters
=== CONT  TestManagedHeartbeatV2Components_Create/invalid_config_should_error
=== PAUSE TestNewHeartbeatV2ComponentsFactory/nil_FullArchiveNetworkMessenger_should_error
=== RUN   TestNewHeartbeatV2ComponentsFactory/nil_CryptoComponents_should_error
=== PAUSE TestNewHeartbeatV2ComponentsFactory/nil_CryptoComponents_should_error
=== PAUSE TestHeartbeatV2Components_Create/NewPeerAuthenticationRequestsProcessor_fails_should_error
=== RUN   TestHeartbeatV2Components_Create/NewPeerShardSender_fails_should_error
=== CONT  TestManagedHeartbeatV2Components_Create/should_work_with_getters
=== PAUSE TestHeartbeatV2Components_Create/NewPeerShardSender_fails_should_error
=== RUN   TestHeartbeatV2Components_Create/NewHeartbeatV2Monitor_fails_should_error
=== PAUSE TestHeartbeatV2Components_Create/NewHeartbeatV2Monitor_fails_should_error
=== RUN   TestHeartbeatV2Components_Create/NewMetricsUpdater_fails_should_error
=== PAUSE TestHeartbeatV2Components_Create/NewMetricsUpdater_fails_should_error
=== RUN   TestHeartbeatV2Components_Create/NewDirectConnectionProcessor_fails_should_error
=== PAUSE TestHeartbeatV2Components_Create/NewDirectConnectionProcessor_fails_should_error
=== RUN   TestHeartbeatV2Components_Create/should_work
=== PAUSE TestHeartbeatV2Components_Create/should_work
=== CONT  TestHeartbeatV2Components_Create/main_messenger_does_not_have_PeerAuthenticationTopic_and_fails_to_create_it
=== CONT  TestHeartbeatV2Components_Create/should_work
=== CONT  TestHeartbeatV2Components_Create/invalid_config_should_error
--- PASS: TestManagedHeartbeatV2Components_Create (0.00s)
    --- PASS: TestManagedHeartbeatV2Components_Create/invalid_config_should_error (0.00s)
    --- PASS: TestManagedHeartbeatV2Components_Create/should_work_with_getters (0.00s)
=== CONT  TestHeartbeatV2Components_Create/full_archive_messenger_does_not_have_HeartbeatV2Topic_and_fails_to_create_it
=== CONT  TestHeartbeatV2Components_Create/NewHeartbeatV2Monitor_fails_should_error
=== CONT  TestHeartbeatV2Components_Create/full_archive_messenger_does_not_have_PeerAuthenticationTopic_and_fails_to_create_it
=== CONT  TestHeartbeatV2Components_Create/NewPeerShardSender_fails_should_error
=== CONT  TestHeartbeatV2Components_Create/NewSender_fails_should_error
=== CONT  TestHeartbeatV2Components_Create/main_messenger_does_not_have_HeartbeatV2Topic_and_fails_to_create_it
=== CONT  TestHeartbeatV2Components_Create/NewPeerTypeProvider_fails_should_error
=== CONT  TestHeartbeatV2Components_Create/NewDirectConnectionProcessor_fails_should_error
=== CONT  TestHeartbeatV2Components_Create/NewPeerAuthenticationRequestsProcessor_fails_should_error
=== RUN   TestNewHeartbeatV2ComponentsFactory/nil_ProcessComponents_should_error
=== CONT  TestHeartbeatV2Components_Create/NewMetricsUpdater_fails_should_error
=== PAUSE TestNewHeartbeatV2ComponentsFactory/nil_ProcessComponents_should_error
=== RUN   TestNewHeartbeatV2ComponentsFactory/nil_EpochStartTrigger_should_error
--- PASS: TestHeartbeatV2Components_Create (0.00s)
    --- PASS: TestHeartbeatV2Components_Create/main_messenger_does_not_have_PeerAuthenticationTopic_and_fails_to_create_it (0.00s)
    --- PASS: TestHeartbeatV2Components_Create/full_archive_messenger_does_not_have_HeartbeatV2Topic_and_fails_to_create_it (0.00s)
    --- PASS: TestHeartbeatV2Components_Create/should_work (0.00s)
    --- PASS: TestHeartbeatV2Components_Create/invalid_config_should_error (0.00s)
    --- PASS: TestHeartbeatV2Components_Create/NewPeerShardSender_fails_should_error (0.00s)
    --- PASS: TestHeartbeatV2Components_Create/NewSender_fails_should_error (0.00s)
    --- PASS: TestHeartbeatV2Components_Create/full_archive_messenger_does_not_have_PeerAuthenticationTopic_and_fails_to_create_it (0.00s)
    --- PASS: TestHeartbeatV2Components_Create/NewHeartbeatV2Monitor_fails_should_error (0.00s)
    --- PASS: TestHeartbeatV2Components_Create/NewPeerTypeProvider_fails_should_error (0.00s)
    --- PASS: TestHeartbeatV2Components_Create/main_messenger_does_not_have_HeartbeatV2Topic_and_fails_to_create_it (0.00s)
    --- PASS: TestHeartbeatV2Components_Create/NewPeerAuthenticationRequestsProcessor_fails_should_error (0.00s)
    --- PASS: TestHeartbeatV2Components_Create/NewDirectConnectionProcessor_fails_should_error (0.00s)
    --- PASS: TestHeartbeatV2Components_Create/NewMetricsUpdater_fails_should_error (0.00s)
=== PAUSE TestNewHeartbeatV2ComponentsFactory/nil_EpochStartTrigger_should_error
=== RUN   TestNewHeartbeatV2ComponentsFactory/nil_StatusCoreComponents_should_error
=== PAUSE TestNewHeartbeatV2ComponentsFactory/nil_StatusCoreComponents_should_error
=== CONT  TestNewHeartbeatV2ComponentsFactory/should_work
=== CONT  TestNewHeartbeatV2ComponentsFactory/nil_NetworkMessenger_should_error
=== CONT  TestNewHeartbeatV2ComponentsFactory/nil_DataComponents_should_error
=== CONT  TestNewHeartbeatV2ComponentsFactory/nil_ProcessComponents_should_error
=== CONT  TestNewHeartbeatV2ComponentsFactory/nil_StatusCoreComponents_should_error
=== CONT  TestNewHeartbeatV2ComponentsFactory/nil_EpochStartTrigger_should_error
=== CONT  TestNewHeartbeatV2ComponentsFactory/nil_NetworkComponents_should_error
=== CONT  TestNewHeartbeatV2ComponentsFactory/nil_FullArchiveNetworkMessenger_should_error
=== CONT  TestNewHeartbeatV2ComponentsFactory/nil_DataPool_should_error
=== CONT  TestNewHeartbeatV2ComponentsFactory/nil_CryptoComponents_should_error
=== CONT  TestNewHeartbeatV2ComponentsFactory/nil_BootstrapComponents_should_error
=== CONT  TestNewHeartbeatV2ComponentsFactory/nil_CoreComponents_should_error
--- PASS: TestNewHeartbeatV2ComponentsFactory (0.00s)
    --- PASS: TestNewHeartbeatV2ComponentsFactory/nil_NetworkMessenger_should_error (0.00s)
    --- PASS: TestNewHeartbeatV2ComponentsFactory/nil_DataComponents_should_error (0.00s)
    --- PASS: TestNewHeartbeatV2ComponentsFactory/nil_FullArchiveNetworkMessenger_should_error (0.00s)
    --- PASS: TestNewHeartbeatV2ComponentsFactory/nil_NetworkComponents_should_error (0.00s)
    --- PASS: TestNewHeartbeatV2ComponentsFactory/nil_DataPool_should_error (0.00s)
    --- PASS: TestNewHeartbeatV2ComponentsFactory/nil_BootstrapComponents_should_error (0.00s)
    --- PASS: TestNewHeartbeatV2ComponentsFactory/nil_CryptoComponents_should_error (0.00s)
    --- PASS: TestNewHeartbeatV2ComponentsFactory/should_work (0.00s)
    --- PASS: TestNewHeartbeatV2ComponentsFactory/nil_CoreComponents_should_error (0.00s)
    --- PASS: TestNewHeartbeatV2ComponentsFactory/nil_EpochStartTrigger_should_error (0.00s)
    --- PASS: TestNewHeartbeatV2ComponentsFactory/nil_ProcessComponents_should_error (0.00s)
    --- PASS: TestNewHeartbeatV2ComponentsFactory/nil_StatusCoreComponents_should_error (0.00s)
PASS
ok  	github.com/TerraDharitri/drt-go-chain/factory/heartbeat	(cached)
=== RUN   TestNewManagedNetworkComponents
=== PAUSE TestNewManagedNetworkComponents
=== RUN   TestManagedNetworkComponents_Create
=== PAUSE TestManagedNetworkComponents_Create
=== RUN   TestManagedNetworkComponents_CheckSubcomponents
=== PAUSE TestManagedNetworkComponents_CheckSubcomponents
=== RUN   TestManagedNetworkComponents_Close
=== PAUSE TestManagedNetworkComponents_Close
=== RUN   TestManagedNetworkComponents_IsInterfaceNil
=== PAUSE TestManagedNetworkComponents_IsInterfaceNil
=== RUN   TestNewNetworkComponentsFactory
=== PAUSE TestNewNetworkComponentsFactory
=== RUN   TestNetworkComponentsFactory_Create
=== PAUSE TestNetworkComponentsFactory_Create
=== RUN   TestNetworkComponents_Close
=== PAUSE TestNetworkComponents_Close
=== CONT  TestNewManagedNetworkComponents
=== RUN   TestNewManagedNetworkComponents/nil_factory_should_error
=== CONT  TestManagedNetworkComponents_IsInterfaceNil
=== CONT  TestManagedNetworkComponents_CheckSubcomponents
=== CONT  TestNetworkComponentsFactory_Create
=== CONT  TestNewNetworkComponentsFactory
=== RUN   TestNetworkComponentsFactory_Create/NewPeersHolder_fails_should_error
=== RUN   TestNewNetworkComponentsFactory/nil_StatusHandler_should_error
=== PAUSE TestNetworkComponentsFactory_Create/NewPeersHolder_fails_should_error
--- PASS: TestManagedNetworkComponents_IsInterfaceNil (0.00s)
=== RUN   TestNetworkComponentsFactory_Create/first_NewLRUCache_fails_should_error
=== PAUSE TestNewManagedNetworkComponents/nil_factory_should_error
=== PAUSE TestNetworkComponentsFactory_Create/first_NewLRUCache_fails_should_error
=== RUN   TestNetworkComponentsFactory_Create/second_NewLRUCache_fails_should_error
=== RUN   TestNewManagedNetworkComponents/should_work
=== PAUSE TestNetworkComponentsFactory_Create/second_NewLRUCache_fails_should_error
=== RUN   TestNetworkComponentsFactory_Create/NewP2PAntiFloodComponents_fails_should_error
=== PAUSE TestNewManagedNetworkComponents/should_work
=== PAUSE TestNetworkComponentsFactory_Create/NewP2PAntiFloodComponents_fails_should_error
=== CONT  TestNewManagedNetworkComponents/nil_factory_should_error
=== RUN   TestNetworkComponentsFactory_Create/NewAntifloodDebugger_fails_should_error
=== CONT  TestManagedNetworkComponents_Close
=== PAUSE TestNetworkComponentsFactory_Create/NewAntifloodDebugger_fails_should_error
=== RUN   TestNetworkComponentsFactory_Create/createPeerHonestyHandler_fails_should_error
=== NAME  TestManagedNetworkComponents_Close
    networkComponentsHandler_test.go:102: this is not a short test
=== CONT  TestNetworkComponents_Close
--- SKIP: TestManagedNetworkComponents_Close (0.00s)
=== CONT  TestNewManagedNetworkComponents/should_work
--- PASS: TestNewManagedNetworkComponents (0.00s)
    --- PASS: TestNewManagedNetworkComponents/nil_factory_should_error (0.00s)
    --- PASS: TestNewManagedNetworkComponents/should_work (0.00s)
=== CONT  TestManagedNetworkComponents_Create
=== RUN   TestManagedNetworkComponents_Create/invalid_config_should_error
=== PAUSE TestManagedNetworkComponents_Create/invalid_config_should_error
=== RUN   TestManagedNetworkComponents_Create/should_work_with_getters
=== PAUSE TestManagedNetworkComponents_Create/should_work_with_getters
=== CONT  TestManagedNetworkComponents_Create/invalid_config_should_error
=== CONT  TestManagedNetworkComponents_Create/should_work_with_getters
=== PAUSE TestNetworkComponentsFactory_Create/createPeerHonestyHandler_fails_should_error
=== RUN   TestNetworkComponentsFactory_Create/should_work
=== PAUSE TestNetworkComponentsFactory_Create/should_work
=== CONT  TestNetworkComponentsFactory_Create/NewPeersHolder_fails_should_error
=== CONT  TestNetworkComponentsFactory_Create/should_work
=== CONT  TestNetworkComponentsFactory_Create/first_NewLRUCache_fails_should_error
=== CONT  TestNetworkComponentsFactory_Create/createPeerHonestyHandler_fails_should_error
=== CONT  TestNetworkComponentsFactory_Create/NewAntifloodDebugger_fails_should_error
=== CONT  TestNetworkComponentsFactory_Create/NewP2PAntiFloodComponents_fails_should_error
=== PAUSE TestNewNetworkComponentsFactory/nil_StatusHandler_should_error
=== RUN   TestNewNetworkComponentsFactory/nil_Marshalizer_should_error
=== PAUSE TestNewNetworkComponentsFactory/nil_Marshalizer_should_error
=== RUN   TestNewNetworkComponentsFactory/nil_Syncer_should_error
=== PAUSE TestNewNetworkComponentsFactory/nil_Syncer_should_error
=== RUN   TestNewNetworkComponentsFactory/nil_CryptoComponents_should_error
=== PAUSE TestNewNetworkComponentsFactory/nil_CryptoComponents_should_error
=== RUN   TestNewNetworkComponentsFactory/invalid_node_operation_mode_should_error
=== PAUSE TestNewNetworkComponentsFactory/invalid_node_operation_mode_should_error
=== RUN   TestNewNetworkComponentsFactory/should_work
=== CONT  TestNetworkComponentsFactory_Create/second_NewLRUCache_fails_should_error
=== PAUSE TestNewNetworkComponentsFactory/should_work
=== CONT  TestNewNetworkComponentsFactory/nil_StatusHandler_should_error
=== CONT  TestNewNetworkComponentsFactory/should_work
=== CONT  TestNewNetworkComponentsFactory/invalid_node_operation_mode_should_error
=== CONT  TestNewNetworkComponentsFactory/nil_CryptoComponents_should_error
=== CONT  TestNewNetworkComponentsFactory/nil_Syncer_should_error
=== CONT  TestNewNetworkComponentsFactory/nil_Marshalizer_should_error
--- PASS: TestNewNetworkComponentsFactory (0.01s)
    --- PASS: TestNewNetworkComponentsFactory/nil_StatusHandler_should_error (0.00s)
    --- PASS: TestNewNetworkComponentsFactory/should_work (0.00s)
    --- PASS: TestNewNetworkComponentsFactory/invalid_node_operation_mode_should_error (0.00s)
    --- PASS: TestNewNetworkComponentsFactory/nil_CryptoComponents_should_error (0.00s)
    --- PASS: TestNewNetworkComponentsFactory/nil_Syncer_should_error (0.00s)
    --- PASS: TestNewNetworkComponentsFactory/nil_Marshalizer_should_error (0.00s)
[0;32mINFO [0m[2026-03-16 10:13:46.440]   listening on addresses                   [0;32maddr0[0m = /ip4/127.0.0.1/tcp/39103/p2p/16Uiu2HAmAt2w4ep8d9w5d4KjL4z6k7bfsKqTmJ3TZB7eiKKciTC5 
[0;32mINFO [0m[2026-03-16 10:13:46.440]   started the network discovery process... 
--- PASS: TestManagedNetworkComponents_Create (0.00s)
    --- PASS: TestManagedNetworkComponents_Create/invalid_config_should_error (0.00s)
    --- PASS: TestManagedNetworkComponents_Create/should_work_with_getters (0.05s)
[0;32mINFO [0m[2026-03-16 10:13:46.441]   listening on addresses                   [0;32maddr0[0m = /ip4/127.0.0.1/tcp/34377/p2p/16Uiu2HAmAt2w4ep8d9w5d4KjL4z6k7bfsKqTmJ3TZB7eiKKciTC5 
[0;32mINFO [0m[2026-03-16 10:13:46.441]   started the network discovery process... 
[0;32mINFO [0m[2026-03-16 10:13:46.442]   network messenger closed successfully    
--- PASS: TestNetworkComponents_Close (0.06s)
[0;32mINFO [0m[2026-03-16 10:13:46.446]   listening on addresses                   [0;32maddr0[0m = /ip4/127.0.0.1/tcp/41805/p2p/16Uiu2HAmAt2w4ep8d9w5d4KjL4z6k7bfsKqTmJ3TZB7eiKKciTC5 
[0;32mINFO [0m[2026-03-16 10:13:46.446]   listening on addresses                   [0;32maddr0[0m = /ip4/127.0.0.1/tcp/46421/p2p/16Uiu2HAmAt2w4ep8d9w5d4KjL4z6k7bfsKqTmJ3TZB7eiKKciTC5 
[0;32mINFO [0m[2026-03-16 10:13:46.446]   started the network discovery process... 
[0;32mINFO [0m[2026-03-16 10:13:46.446]   listening on addresses                   [0;32maddr0[0m = /ip4/127.0.0.1/tcp/33659/p2p/16Uiu2HAmAt2w4ep8d9w5d4KjL4z6k7bfsKqTmJ3TZB7eiKKciTC5 
[0;32mINFO [0m[2026-03-16 10:13:46.448]   listening on addresses                   [0;32maddr0[0m = /ip4/127.0.0.1/tcp/33073/p2p/16Uiu2HAmAt2w4ep8d9w5d4KjL4z6k7bfsKqTmJ3TZB7eiKKciTC5 
[0;32mINFO [0m[2026-03-16 10:13:46.448]   listening on addresses                   [0;32maddr0[0m = /ip4/127.0.0.1/tcp/42085/p2p/16Uiu2HAmAt2w4ep8d9w5d4KjL4z6k7bfsKqTmJ3TZB7eiKKciTC5 
[0;32mINFO [0m[2026-03-16 10:13:46.451]   started the network discovery process... 
--- PASS: TestManagedNetworkComponents_CheckSubcomponents (0.06s)
[0;32mINFO [0m[2026-03-16 10:13:46.451]   network messenger closed successfully    
--- PASS: TestNetworkComponentsFactory_Create (0.00s)
    --- PASS: TestNetworkComponentsFactory_Create/NewPeersHolder_fails_should_error (0.00s)
    --- PASS: TestNetworkComponentsFactory_Create/first_NewLRUCache_fails_should_error (0.00s)
    --- PASS: TestNetworkComponentsFactory_Create/second_NewLRUCache_fails_should_error (0.00s)
    --- PASS: TestNetworkComponentsFactory_Create/createPeerHonestyHandler_fails_should_error (0.06s)
    --- PASS: TestNetworkComponentsFactory_Create/NewP2PAntiFloodComponents_fails_should_error (0.05s)
    --- PASS: TestNetworkComponentsFactory_Create/NewAntifloodDebugger_fails_should_error (0.06s)
    --- PASS: TestNetworkComponentsFactory_Create/should_work (0.06s)
PASS
ok  	github.com/TerraDharitri/drt-go-chain/factory/network	(cached)
=== RUN   TestNewPeerSignatureHandler_NilCacherShouldErr
=== PAUSE TestNewPeerSignatureHandler_NilCacherShouldErr
=== RUN   TestNewPeerSignatureHandler_NilSingleSignerShouldErr
=== PAUSE TestNewPeerSignatureHandler_NilSingleSignerShouldErr
=== RUN   TestNewPeerSignatureHandler_NilKeyGenShouldErr
=== PAUSE TestNewPeerSignatureHandler_NilKeyGenShouldErr
=== RUN   TestNewPeerSignatureHandler_OkParamsShouldWork
=== PAUSE TestNewPeerSignatureHandler_OkParamsShouldWork
=== RUN   TestPeerSignatureHandler_VerifyPeerSignatureInvalidPk
=== PAUSE TestPeerSignatureHandler_VerifyPeerSignatureInvalidPk
=== RUN   TestPeerSignatureHandler_VerifyPeerSignatureInvalidPID
=== PAUSE TestPeerSignatureHandler_VerifyPeerSignatureInvalidPID
=== RUN   TestPeerSignatureHandler_VerifyPeerSignatureInvalidSignature
=== PAUSE TestPeerSignatureHandler_VerifyPeerSignatureInvalidSignature
=== RUN   TestPeerSignatureHandler_VerifyPeerSignatureCantGetPubKeyBytes
=== PAUSE TestPeerSignatureHandler_VerifyPeerSignatureCantGetPubKeyBytes
=== RUN   TestPeerSignatureHandler_VerifyPeerSignatureSigNotFoundInCache
=== PAUSE TestPeerSignatureHandler_VerifyPeerSignatureSigNotFoundInCache
=== RUN   TestPeerSignatureHandler_VerifyPeerSignatureWrongEntryInCache
=== PAUSE TestPeerSignatureHandler_VerifyPeerSignatureWrongEntryInCache
=== RUN   TestPeerSignatureHandler_VerifyPeerSignatureNewPidAndSig
=== PAUSE TestPeerSignatureHandler_VerifyPeerSignatureNewPidAndSig
=== RUN   TestPeerSignatureHandler_VerifyPeerSignatureDifferentPid
=== PAUSE TestPeerSignatureHandler_VerifyPeerSignatureDifferentPid
=== RUN   TestPeerSignatureHandler_VerifyPeerSignatureDifferentSig
=== PAUSE TestPeerSignatureHandler_VerifyPeerSignatureDifferentSig
=== RUN   TestPeerSignatureHandler_VerifyPeerSignatureGetFromCache
=== PAUSE TestPeerSignatureHandler_VerifyPeerSignatureGetFromCache
=== RUN   TestPeerSignatureHandler_GetPeerSignatureErrInConvertingPrivateKeyToByteArray
=== PAUSE TestPeerSignatureHandler_GetPeerSignatureErrInConvertingPrivateKeyToByteArray
=== RUN   TestPeerSignatureHandler_GetPeerSignatureNotPresentInCache
=== PAUSE TestPeerSignatureHandler_GetPeerSignatureNotPresentInCache
=== RUN   TestPeerSignatureHandler_GetPeerSignatureWrongEntryInCache
=== PAUSE TestPeerSignatureHandler_GetPeerSignatureWrongEntryInCache
=== RUN   TestPeerSignatureHandler_GetPeerSignatureDifferentPidInCache
=== PAUSE TestPeerSignatureHandler_GetPeerSignatureDifferentPidInCache
=== RUN   TestPeerSignatureHandler_GetPeerSignatureGetFromCache
=== PAUSE TestPeerSignatureHandler_GetPeerSignatureGetFromCache
=== CONT  TestNewPeerSignatureHandler_NilCacherShouldErr
--- PASS: TestNewPeerSignatureHandler_NilCacherShouldErr (0.00s)
=== CONT  TestPeerSignatureHandler_GetPeerSignatureWrongEntryInCache
--- PASS: TestPeerSignatureHandler_GetPeerSignatureWrongEntryInCache (0.00s)
=== CONT  TestPeerSignatureHandler_GetPeerSignatureNotPresentInCache
--- PASS: TestPeerSignatureHandler_GetPeerSignatureNotPresentInCache (0.00s)
=== CONT  TestPeerSignatureHandler_GetPeerSignatureErrInConvertingPrivateKeyToByteArray
--- PASS: TestPeerSignatureHandler_GetPeerSignatureErrInConvertingPrivateKeyToByteArray (0.00s)
=== CONT  TestPeerSignatureHandler_VerifyPeerSignatureGetFromCache
--- PASS: TestPeerSignatureHandler_VerifyPeerSignatureGetFromCache (0.00s)
=== CONT  TestPeerSignatureHandler_VerifyPeerSignatureDifferentSig
=== CONT  TestPeerSignatureHandler_GetPeerSignatureDifferentPidInCache
=== CONT  TestPeerSignatureHandler_VerifyPeerSignatureInvalidPk
--- PASS: TestPeerSignatureHandler_VerifyPeerSignatureDifferentSig (0.00s)
--- PASS: TestPeerSignatureHandler_VerifyPeerSignatureInvalidPk (0.00s)
=== CONT  TestPeerSignatureHandler_VerifyPeerSignatureDifferentPid
--- PASS: TestPeerSignatureHandler_VerifyPeerSignatureDifferentPid (0.00s)
=== CONT  TestPeerSignatureHandler_VerifyPeerSignatureNewPidAndSig
--- PASS: TestPeerSignatureHandler_VerifyPeerSignatureNewPidAndSig (0.00s)
=== CONT  TestPeerSignatureHandler_VerifyPeerSignatureWrongEntryInCache
--- PASS: TestPeerSignatureHandler_GetPeerSignatureDifferentPidInCache (0.00s)
--- PASS: TestPeerSignatureHandler_VerifyPeerSignatureWrongEntryInCache (0.00s)
=== CONT  TestPeerSignatureHandler_VerifyPeerSignatureSigNotFoundInCache
--- PASS: TestPeerSignatureHandler_VerifyPeerSignatureSigNotFoundInCache (0.00s)
=== CONT  TestPeerSignatureHandler_VerifyPeerSignatureCantGetPubKeyBytes
--- PASS: TestPeerSignatureHandler_VerifyPeerSignatureCantGetPubKeyBytes (0.00s)
=== CONT  TestPeerSignatureHandler_VerifyPeerSignatureInvalidSignature
--- PASS: TestPeerSignatureHandler_VerifyPeerSignatureInvalidSignature (0.00s)
=== CONT  TestPeerSignatureHandler_VerifyPeerSignatureInvalidPID
--- PASS: TestPeerSignatureHandler_VerifyPeerSignatureInvalidPID (0.00s)
=== CONT  TestNewPeerSignatureHandler_OkParamsShouldWork
--- PASS: TestNewPeerSignatureHandler_OkParamsShouldWork (0.00s)
=== CONT  TestNewPeerSignatureHandler_NilKeyGenShouldErr
--- PASS: TestNewPeerSignatureHandler_NilKeyGenShouldErr (0.00s)
=== CONT  TestNewPeerSignatureHandler_NilSingleSignerShouldErr
--- PASS: TestNewPeerSignatureHandler_NilSingleSignerShouldErr (0.00s)
=== CONT  TestPeerSignatureHandler_GetPeerSignatureGetFromCache
--- PASS: TestPeerSignatureHandler_GetPeerSignatureGetFromCache (0.00s)
PASS
ok  	github.com/TerraDharitri/drt-go-chain/factory/peerSignatureHandler	(cached)
=== RUN   Test_newBlockProcessorCreatorForShard
=== PAUSE Test_newBlockProcessorCreatorForShard
=== RUN   Test_newBlockProcessorCreatorForMeta
=== PAUSE Test_newBlockProcessorCreatorForMeta
=== RUN   TestNewManagedProcessComponents
=== PAUSE TestNewManagedProcessComponents
=== RUN   TestManagedProcessComponents_Create
=== PAUSE TestManagedProcessComponents_Create
=== RUN   TestManagedProcessComponents_CheckSubcomponents
=== PAUSE TestManagedProcessComponents_CheckSubcomponents
=== RUN   TestManagedProcessComponents_Close
=== PAUSE TestManagedProcessComponents_Close
=== RUN   TestManagedProcessComponents_IsInterfaceNil
=== PAUSE TestManagedProcessComponents_IsInterfaceNil
=== RUN   TestNewProcessComponentsFactory
=== PAUSE TestNewProcessComponentsFactory
=== RUN   TestProcessComponentsFactory_Create
=== PAUSE TestProcessComponentsFactory_Create
=== RUN   TestManagedProcessComponents_createAPITransactionEvaluator
=== PAUSE TestManagedProcessComponents_createAPITransactionEvaluator
=== CONT  Test_newBlockProcessorCreatorForShard
=== CONT  TestManagedProcessComponents_Close
[0;32mINFO [0m[2026-03-16 10:13:48.761]   VM 1.5 created                           
=== CONT  TestManagedProcessComponents_Create
=== CONT  TestManagedProcessComponents_CheckSubcomponents
=== RUN   TestManagedProcessComponents_Create/invalid_params_should_error
=== PAUSE TestManagedProcessComponents_Create/invalid_params_should_error
=== RUN   TestManagedProcessComponents_Create/should_work_with_getters
=== PAUSE TestManagedProcessComponents_Create/should_work_with_getters
=== CONT  TestNewProcessComponentsFactory
=== CONT  TestManagedProcessComponents_Create/should_work_with_getters
=== RUN   TestNewProcessComponentsFactory/nil_AccountsParser_should_error
=== PAUSE TestNewProcessComponentsFactory/nil_AccountsParser_should_error
=== RUN   TestNewProcessComponentsFactory/nil_GasSchedule_should_error
=== PAUSE TestNewProcessComponentsFactory/nil_GasSchedule_should_error
=== RUN   TestNewProcessComponentsFactory/nil_Data_should_error
=== PAUSE TestNewProcessComponentsFactory/nil_Data_should_error
=== RUN   TestNewProcessComponentsFactory/nil_BlockChain_should_error
=== PAUSE TestNewProcessComponentsFactory/nil_BlockChain_should_error
=== RUN   TestNewProcessComponentsFactory/nil_DataPool_should_error
=== PAUSE TestNewProcessComponentsFactory/nil_DataPool_should_error
=== RUN   TestNewProcessComponentsFactory/nil_StorageService_should_error
=== PAUSE TestNewProcessComponentsFactory/nil_StorageService_should_error
=== RUN   TestNewProcessComponentsFactory/nil_CoreData_should_error
=== PAUSE TestNewProcessComponentsFactory/nil_CoreData_should_error
=== RUN   TestNewProcessComponentsFactory/nil_EconomicsData_should_error
=== PAUSE TestNewProcessComponentsFactory/nil_EconomicsData_should_error
=== RUN   TestNewProcessComponentsFactory/nil_GenesisNodesSetup_should_error
=== PAUSE TestNewProcessComponentsFactory/nil_GenesisNodesSetup_should_error
=== RUN   TestNewProcessComponentsFactory/nil_AddressPubKeyConverter_should_error
=== PAUSE TestNewProcessComponentsFactory/nil_AddressPubKeyConverter_should_error
=== CONT  TestManagedProcessComponents_IsInterfaceNil
=== CONT  TestProcessComponentsFactory_Create
=== RUN   TestProcessComponentsFactory_Create/CreateCurrentEpochProvider_fails_should_error
=== PAUSE TestProcessComponentsFactory_Create/CreateCurrentEpochProvider_fails_should_error
=== RUN   TestProcessComponentsFactory_Create/createNetworkShardingCollector_fails_due_to_invalid_PublicKeyPeerId_config_should_error
=== PAUSE TestProcessComponentsFactory_Create/createNetworkShardingCollector_fails_due_to_invalid_PublicKeyPeerId_config_should_error
=== RUN   TestProcessComponentsFactory_Create/createNetworkShardingCollector_fails_due_to_invalid_PublicKeyShardId_config_should_error
=== PAUSE TestProcessComponentsFactory_Create/createNetworkShardingCollector_fails_due_to_invalid_PublicKeyShardId_config_should_error
=== RUN   TestProcessComponentsFactory_Create/createNetworkShardingCollector_fails_due_to_invalid_PeerIdShardId_config_should_error
=== CONT  TestNewManagedProcessComponents
=== CONT  TestManagedProcessComponents_createAPITransactionEvaluator
=== CONT  Test_newBlockProcessorCreatorForMeta
=== CONT  TestManagedProcessComponents_Create/invalid_params_should_error
=== PAUSE TestProcessComponentsFactory_Create/createNetworkShardingCollector_fails_due_to_invalid_PeerIdShardId_config_should_error
=== RUN   TestProcessComponentsFactory_Create/prepareNetworkShardingCollector_fails_due_to_SetPeerShardResolver_failure_should_error
=== PAUSE TestProcessComponentsFactory_Create/prepareNetworkShardingCollector_fails_due_to_SetPeerShardResolver_failure_should_error
=== RUN   TestProcessComponentsFactory_Create/prepareNetworkShardingCollector_fails_due_to_SetPeerValidatorMapper_failure_should_error
=== PAUSE TestProcessComponentsFactory_Create/prepareNetworkShardingCollector_fails_due_to_SetPeerValidatorMapper_failure_should_error
=== RUN   TestProcessComponentsFactory_Create/newStorageRequester_fails_due_to_NewStorageServiceFactory_failure_should_error
=== PAUSE TestProcessComponentsFactory_Create/newStorageRequester_fails_due_to_NewStorageServiceFactory_failure_should_error
[0;32mINFO [0m[2026-03-16 10:13:48.767]   VM 1.5 created                           
=== RUN   TestProcessComponentsFactory_Create/newResolverContainerFactory_fails_due_to_NewPeerAuthenticationPayloadValidator_failure_should_error
=== PAUSE TestProcessComponentsFactory_Create/newResolverContainerFactory_fails_due_to_NewPeerAuthenticationPayloadValidator_failure_should_error
=== RUN   TestProcessComponentsFactory_Create/generateGenesisHeadersAndApplyInitialBalances_fails_due_to_invalid_GenesisNodePrice_should_error
=== RUN   TestNewProcessComponentsFactory/nil_EpochNotifier_should_error
=== RUN   TestManagedProcessComponents_createAPITransactionEvaluator/invalid_VMOutputCacher_config_should_error
=== RUN   TestNewManagedProcessComponents/nil_factory_should_error
[0;32mINFO [0m[2026-03-16 10:13:48.767]   VM 1.5 created                           
--- PASS: TestManagedProcessComponents_IsInterfaceNil (0.00s)
=== PAUSE TestNewManagedProcessComponents/nil_factory_should_error
=== RUN   TestNewManagedProcessComponents/should_work
=== PAUSE TestNewManagedProcessComponents/should_work
=== CONT  TestNewManagedProcessComponents/nil_factory_should_error
=== PAUSE TestProcessComponentsFactory_Create/generateGenesisHeadersAndApplyInitialBalances_fails_due_to_invalid_GenesisNodePrice_should_error
=== RUN   TestProcessComponentsFactory_Create/newValidatorStatisticsProcessor_fails_due_to_nil_genesis_header_should_error
=== PAUSE TestProcessComponentsFactory_Create/newValidatorStatisticsProcessor_fails_due_to_nil_genesis_header_should_error
=== RUN   TestProcessComponentsFactory_Create/indexGenesisBlocks_fails_due_to_GenerateInitialTransactions_failure_should_error
=== PAUSE TestProcessComponentsFactory_Create/indexGenesisBlocks_fails_due_to_GenerateInitialTransactions_failure_should_error
=== RUN   TestProcessComponentsFactory_Create/NewMiniBlocksPoolsCleaner_fails_should_error
=== PAUSE TestProcessComponentsFactory_Create/NewMiniBlocksPoolsCleaner_fails_should_error
=== RUN   TestProcessComponentsFactory_Create/NewTxsPoolsCleaner_fails_should_error
=== PAUSE TestProcessComponentsFactory_Create/NewTxsPoolsCleaner_fails_should_error
=== RUN   TestProcessComponentsFactory_Create/createHardforkTrigger_fails_due_to_Decode_failure_should_error
=== PAUSE TestProcessComponentsFactory_Create/createHardforkTrigger_fails_due_to_Decode_failure_should_error
=== RUN   TestProcessComponentsFactory_Create/NewCache_fails_for_vmOutput_should_error
=== PAUSE TestProcessComponentsFactory_Create/NewCache_fails_for_vmOutput_should_error
=== RUN   TestProcessComponentsFactory_Create/newShardBlockProcessor:_attachProcessDebugger_fails_should_error
=== PAUSE TestProcessComponentsFactory_Create/newShardBlockProcessor:_attachProcessDebugger_fails_should_error
=== RUN   TestProcessComponentsFactory_Create/nodesSetupChecker.Check_fails_should_error
=== PAUSE TestProcessComponentsFactory_Create/nodesSetupChecker.Check_fails_should_error
=== RUN   TestProcessComponentsFactory_Create/should_work_with_indexAndReturnGenesisAccounts_failing_due_to_RootHash_failure
=== PAUSE TestProcessComponentsFactory_Create/should_work_with_indexAndReturnGenesisAccounts_failing_due_to_RootHash_failure
=== RUN   TestProcessComponentsFactory_Create/should_work_with_indexAndReturnGenesisAccounts_failing_due_to_GetAllLeaves_failure
=== PAUSE TestProcessComponentsFactory_Create/should_work_with_indexAndReturnGenesisAccounts_failing_due_to_GetAllLeaves_failure
=== RUN   TestProcessComponentsFactory_Create/should_work_with_indexAndReturnGenesisAccounts_failing_due_to_Unmarshal_failure
=== PAUSE TestProcessComponentsFactory_Create/should_work_with_indexAndReturnGenesisAccounts_failing_due_to_Unmarshal_failure
=== RUN   TestProcessComponentsFactory_Create/should_work_with_indexAndReturnGenesisAccounts_failing_due_to_error_on_GetAllLeaves
=== PAUSE TestProcessComponentsFactory_Create/should_work_with_indexAndReturnGenesisAccounts_failing_due_to_error_on_GetAllLeaves
=== RUN   TestProcessComponentsFactory_Create/should_work_with_indexAndReturnGenesisAccounts_failing_due_to_error_on_Encode
=== PAUSE TestProcessComponentsFactory_Create/should_work_with_indexAndReturnGenesisAccounts_failing_due_to_error_on_Encode
=== RUN   TestProcessComponentsFactory_Create/should_work_-_shard
=== CONT  TestNewManagedProcessComponents/should_work
=== PAUSE TestNewProcessComponentsFactory/nil_EpochNotifier_should_error
=== RUN   TestNewProcessComponentsFactory/nil_ValidatorPubKeyConverter_should_error
=== PAUSE TestNewProcessComponentsFactory/nil_ValidatorPubKeyConverter_should_error
=== RUN   TestNewProcessComponentsFactory/nil_InternalMarshalizer_should_error
=== PAUSE TestNewProcessComponentsFactory/nil_InternalMarshalizer_should_error
=== RUN   TestNewProcessComponentsFactory/nil_Uint64ByteSliceConverter_should_error
=== PAUSE TestNewProcessComponentsFactory/nil_Uint64ByteSliceConverter_should_error
=== RUN   TestNewProcessComponentsFactory/nil_Crypto_should_error
=== PAUSE TestNewProcessComponentsFactory/nil_Crypto_should_error
=== RUN   TestNewProcessComponentsFactory/nil_BlockSignKeyGen_should_error
=== PAUSE TestNewProcessComponentsFactory/nil_BlockSignKeyGen_should_error
--- PASS: TestNewManagedProcessComponents (0.01s)
    --- PASS: TestNewManagedProcessComponents/nil_factory_should_error (0.00s)
    --- PASS: TestNewManagedProcessComponents/should_work (0.00s)
=== RUN   TestNewProcessComponentsFactory/nil_State_should_error
=== PAUSE TestNewProcessComponentsFactory/nil_State_should_error
=== RUN   TestNewProcessComponentsFactory/nil_AccountsAdapter_should_error
=== PAUSE TestNewProcessComponentsFactory/nil_AccountsAdapter_should_error
=== RUN   TestNewProcessComponentsFactory/nil_Network_should_error
=== PAUSE TestNewProcessComponentsFactory/nil_Network_should_error
=== RUN   TestNewProcessComponentsFactory/nil_NetworkMessenger_should_error
=== PAUSE TestNewProcessComponentsFactory/nil_NetworkMessenger_should_error
=== RUN   TestNewProcessComponentsFactory/nil_InputAntiFloodHandler_should_error
=== PAUSE TestNewProcessComponentsFactory/nil_InputAntiFloodHandler_should_error
=== RUN   TestNewProcessComponentsFactory/nil_SystemSCConfig_should_error
=== PAUSE TestNewProcessComponentsFactory/nil_SystemSCConfig_should_error
=== RUN   TestNewProcessComponentsFactory/nil_BootstrapComponents_should_error
=== PAUSE TestNewProcessComponentsFactory/nil_BootstrapComponents_should_error
=== RUN   TestNewProcessComponentsFactory/nil_ShardCoordinator_should_error
=== PAUSE TestNewProcessComponentsFactory/nil_ShardCoordinator_should_error
=== RUN   TestNewProcessComponentsFactory/nil_EpochBootstrapParams_should_error
=== PAUSE TestNewProcessComponentsFactory/nil_EpochBootstrapParams_should_error
=== RUN   TestNewProcessComponentsFactory/nil_StatusComponents_should_error
=== PAUSE TestNewProcessComponentsFactory/nil_StatusComponents_should_error
=== RUN   TestNewProcessComponentsFactory/nil_OutportHandler_should_error
=== PAUSE TestNewProcessComponentsFactory/nil_OutportHandler_should_error
=== RUN   TestNewProcessComponentsFactory/nil_HistoryRepo_should_error
=== PAUSE TestNewProcessComponentsFactory/nil_HistoryRepo_should_error
=== RUN   TestNewProcessComponentsFactory/nil_StatusCoreComponents_should_error
=== PAUSE TestNewProcessComponentsFactory/nil_StatusCoreComponents_should_error
=== RUN   TestNewProcessComponentsFactory/should_work
=== PAUSE TestNewProcessComponentsFactory/should_work
=== CONT  TestNewProcessComponentsFactory/nil_AccountsParser_should_error
=== CONT  TestNewProcessComponentsFactory/nil_Uint64ByteSliceConverter_should_error
=== CONT  TestNewProcessComponentsFactory/should_work
=== CONT  TestNewProcessComponentsFactory/nil_StatusCoreComponents_should_error
=== CONT  TestNewProcessComponentsFactory/nil_HistoryRepo_should_error
=== CONT  TestNewProcessComponentsFactory/nil_OutportHandler_should_error
=== CONT  TestNewProcessComponentsFactory/nil_StatusComponents_should_error
=== CONT  TestNewProcessComponentsFactory/nil_EpochBootstrapParams_should_error
=== CONT  TestNewProcessComponentsFactory/nil_ShardCoordinator_should_error
=== CONT  TestNewProcessComponentsFactory/nil_BootstrapComponents_should_error
=== CONT  TestNewProcessComponentsFactory/nil_SystemSCConfig_should_error
=== CONT  TestNewProcessComponentsFactory/nil_InputAntiFloodHandler_should_error
=== CONT  TestNewProcessComponentsFactory/nil_NetworkMessenger_should_error
=== CONT  TestNewProcessComponentsFactory/nil_Network_should_error
=== CONT  TestNewProcessComponentsFactory/nil_AccountsAdapter_should_error
=== CONT  TestNewProcessComponentsFactory/nil_State_should_error
=== CONT  TestNewProcessComponentsFactory/nil_BlockSignKeyGen_should_error
=== CONT  TestNewProcessComponentsFactory/nil_Crypto_should_error
=== CONT  TestNewProcessComponentsFactory/nil_DataPool_should_error
=== CONT  TestNewProcessComponentsFactory/nil_InternalMarshalizer_should_error
=== CONT  TestNewProcessComponentsFactory/nil_ValidatorPubKeyConverter_should_error
=== CONT  TestNewProcessComponentsFactory/nil_EpochNotifier_should_error
=== CONT  TestNewProcessComponentsFactory/nil_AddressPubKeyConverter_should_error
=== CONT  TestNewProcessComponentsFactory/nil_GenesisNodesSetup_should_error
=== CONT  TestNewProcessComponentsFactory/nil_EconomicsData_should_error
=== CONT  TestNewProcessComponentsFactory/nil_CoreData_should_error
=== CONT  TestNewProcessComponentsFactory/nil_GasSchedule_should_error
=== CONT  TestNewProcessComponentsFactory/nil_StorageService_should_error
=== CONT  TestNewProcessComponentsFactory/nil_Data_should_error
=== CONT  TestNewProcessComponentsFactory/nil_BlockChain_should_error
--- PASS: TestNewProcessComponentsFactory (0.03s)
    --- PASS: TestNewProcessComponentsFactory/nil_AccountsParser_should_error (0.00s)
    --- PASS: TestNewProcessComponentsFactory/nil_Uint64ByteSliceConverter_should_error (0.00s)
    --- PASS: TestNewProcessComponentsFactory/should_work (0.00s)
    --- PASS: TestNewProcessComponentsFactory/nil_StatusCoreComponents_should_error (0.00s)
    --- PASS: TestNewProcessComponentsFactory/nil_HistoryRepo_should_error (0.00s)
    --- PASS: TestNewProcessComponentsFactory/nil_OutportHandler_should_error (0.00s)
    --- PASS: TestNewProcessComponentsFactory/nil_StatusComponents_should_error (0.00s)
    --- PASS: TestNewProcessComponentsFactory/nil_EpochBootstrapParams_should_error (0.00s)
    --- PASS: TestNewProcessComponentsFactory/nil_ShardCoordinator_should_error (0.00s)
    --- PASS: TestNewProcessComponentsFactory/nil_BootstrapComponents_should_error (0.00s)
    --- PASS: TestNewProcessComponentsFactory/nil_SystemSCConfig_should_error (0.00s)
    --- PASS: TestNewProcessComponentsFactory/nil_InputAntiFloodHandler_should_error (0.00s)
    --- PASS: TestNewProcessComponentsFactory/nil_NetworkMessenger_should_error (0.00s)
    --- PASS: TestNewProcessComponentsFactory/nil_Network_should_error (0.00s)
    --- PASS: TestNewProcessComponentsFactory/nil_AccountsAdapter_should_error (0.00s)
    --- PASS: TestNewProcessComponentsFactory/nil_State_should_error (0.00s)
    --- PASS: TestNewProcessComponentsFactory/nil_BlockSignKeyGen_should_error (0.00s)
    --- PASS: TestNewProcessComponentsFactory/nil_Crypto_should_error (0.00s)
    --- PASS: TestNewProcessComponentsFactory/nil_DataPool_should_error (0.00s)
    --- PASS: TestNewProcessComponentsFactory/nil_InternalMarshalizer_should_error (0.00s)
    --- PASS: TestNewProcessComponentsFactory/nil_ValidatorPubKeyConverter_should_error (0.00s)
    --- PASS: TestNewProcessComponentsFactory/nil_EpochNotifier_should_error (0.00s)
    --- PASS: TestNewProcessComponentsFactory/nil_AddressPubKeyConverter_should_error (0.00s)
    --- PASS: TestNewProcessComponentsFactory/nil_GenesisNodesSetup_should_error (0.00s)
    --- PASS: TestNewProcessComponentsFactory/nil_EconomicsData_should_error (0.00s)
    --- PASS: TestNewProcessComponentsFactory/nil_GasSchedule_should_error (0.00s)
    --- PASS: TestNewProcessComponentsFactory/nil_Data_should_error (0.00s)
    --- PASS: TestNewProcessComponentsFactory/nil_BlockChain_should_error (0.00s)
    --- PASS: TestNewProcessComponentsFactory/nil_CoreData_should_error (0.01s)
    --- PASS: TestNewProcessComponentsFactory/nil_StorageService_should_error (0.01s)
[0;32mINFO [0m[2026-03-16 10:13:48.934]   processorProxy                           [0;32mconfigured[0m = 1 
[0;32mINFO [0m[2026-03-16 10:13:48.935]   VM 1.5 created                           
[0;32mINFO [0m[2026-03-16 10:13:48.939]   processorProxy                           [0;32mconfigured[0m = 1 
[0;32mINFO [0m[2026-03-16 10:13:48.941]   VM 1.5 created                           
[0;32mINFO [0m[2026-03-16 10:13:48.958]   processorProxy                           [0;32mconfigured[0m = 1 
[0;32mINFO [0m[2026-03-16 10:13:48.958]   processorProxy                           [0;32mconfigured[0m = 1 
[0;32mINFO [0m[2026-03-16 10:13:48.966]   genesisBlockCreator.createHeaders        [0;32mshard[0m = 0 [0;32mnonce[0m = 0 [0;32mround[0m = 0 [0;32mroot hash[0m = 0000000000000000000000000000000000000000000000000000000000000000 
[0;32mINFO [0m[2026-03-16 10:13:48.966]   genesisBlockCreator.createHeaders        [0;32mshard[0m = 1 [0;32mnonce[0m = 0 [0;32mround[0m = 0 [0;32mroot hash[0m = 0000000000000000000000000000000000000000000000000000000000000000 
[0;32mINFO [0m[2026-03-16 10:13:48.966]   genesisBlockCreator.createHeaders        [0;32mshard[0m = 4294967295 [0;32mnonce[0m = 0 [0;32mround[0m = 0 [0;32mroot hash[0m = c0db3716ed463285cd11a9741f3aac4faa83795c52fdba286b028464d23a71a3 
[0;33mWARN [0m[2026-03-16 10:13:48.966]   different delay for request block info: the epoch change trigger might not behave normally [0;33mvalue from config[0m = 0s [0;33mexpected[0m = 3s 
[0;32mINFO [0m[2026-03-16 10:13:48.967]   VM 1.5 created                           
[0;32mINFO [0m[2026-03-16 10:13:48.969]   processorProxy                           [0;32mconfigured[0m = 1 
[0;32mINFO [0m[2026-03-16 10:13:48.989]   processorProxy                           [0;32mconfigured[0m = 1 
[0;32mINFO [0m[2026-03-16 10:13:48.989]   processorProxy                           [0;32mconfigured[0m = 0 
[0;32mINFO [0m[2026-03-16 10:13:48.989]   indexGenesisBlocks(): historyRepo.RecordBlock [0;32mshardID[0m = 0 [0;32mhash[0m = 06126e2d2abf26140ba2cf255fd27fe48405bbc62f51e46d00326defa5cdf140 
[0;32mINFO [0m[2026-03-16 10:13:48.990]   processorProxy                           [0;32mconfigured[0m = 1 
[0;32mINFO [0m[2026-03-16 10:13:48.990]   VM 1.5 created                           
[0;32mINFO [0m[2026-03-16 10:13:49.000]   genesisBlockCreator.createHeaders        [0;32mshard[0m = 0 [0;32mnonce[0m = 0 [0;32mround[0m = 0 [0;32mroot hash[0m = 0000000000000000000000000000000000000000000000000000000000000000 
[0;32mINFO [0m[2026-03-16 10:13:49.001]   genesisBlockCreator.createHeaders        [0;32mshard[0m = 1 [0;32mnonce[0m = 0 [0;32mround[0m = 0 [0;32mroot hash[0m = 0000000000000000000000000000000000000000000000000000000000000000 
[0;32mINFO [0m[2026-03-16 10:13:49.001]   genesisBlockCreator.createHeaders        [0;32mshard[0m = 4294967295 [0;32mnonce[0m = 0 [0;32mround[0m = 0 [0;32mroot hash[0m = c0db3716ed463285cd11a9741f3aac4faa83795c52fdba286b028464d23a71a3 
[0;33mWARN [0m[2026-03-16 10:13:49.001]   different delay for request block info: the epoch change trigger might not behave normally [0;33mvalue from config[0m = 0s [0;33mexpected[0m = 3s 
[0;32mINFO [0m[2026-03-16 10:13:49.000]   VM 1.5 created                           
[0;32mINFO [0m[2026-03-16 10:13:49.003]   VM 1.5 created                           
[0;32mINFO [0m[2026-03-16 10:13:49.032]   processorProxy                           [0;32mconfigured[0m = 1 
[0;32mINFO [0m[2026-03-16 10:13:49.035]   processorProxy                           [0;32mconfigured[0m = 0 
--- PASS: TestManagedProcessComponents_Close (0.27s)
[0;32mINFO [0m[2026-03-16 10:13:49.035]   closing mapTimeCacher's sweep go routine... 
[0;32mINFO [0m[2026-03-16 10:13:49.036]   closing mapTimeCacher's sweep go routine... 
[0;32mINFO [0m[2026-03-16 10:13:49.036]   closing mapTimeCacher's sweep go routine... 
[0;32mINFO [0m[2026-03-16 10:13:49.036]   closing mapTimeCacher's sweep go routine... 
[0;32mINFO [0m[2026-03-16 10:13:49.036]   closing mapTimeCacher's sweep go routine... 
[0;32mINFO [0m[2026-03-16 10:13:49.036]   closing mapTimeCacher's sweep go routine... 
[0;32mINFO [0m[2026-03-16 10:13:49.036]   closing mapTimeCacher's sweep go routine... 
[0;32mINFO [0m[2026-03-16 10:13:49.036]   closing mapTimeCacher's sweep go routine... 
[0;32mINFO [0m[2026-03-16 10:13:49.036]   closing mapTimeCacher's sweep go routine... 
[0;32mINFO [0m[2026-03-16 10:13:49.036]   closing mapTimeCacher's sweep go routine... 
[0;32mINFO [0m[2026-03-16 10:13:49.036]   closing mapTimeCacher's sweep go routine... 
[0;32mINFO [0m[2026-03-16 10:13:49.036]   closing mapTimeCacher's sweep go routine... 
[0;32mINFO [0m[2026-03-16 10:13:49.036]   closing mapTimeCacher's sweep go routine... 
[0;32mINFO [0m[2026-03-16 10:13:49.036]   closing mapTimeCacher's sweep go routine... 
[0;32mINFO [0m[2026-03-16 10:13:49.036]   closing mapTimeCacher's sweep go routine... 
[0;32mINFO [0m[2026-03-16 10:13:49.036]   closing mapTimeCacher's sweep go routine... 
[0;32mINFO [0m[2026-03-16 10:13:49.036]   closing mapTimeCacher's sweep go routine... 
[0;32mINFO [0m[2026-03-16 10:13:49.036]   closing mapTimeCacher's sweep go routine... 
[0;32mINFO [0m[2026-03-16 10:13:49.036]   closing mapTimeCacher's sweep go routine... 
[0;32mINFO [0m[2026-03-16 10:13:49.036]   closing mapTimeCacher's sweep go routine... 
[0;32mINFO [0m[2026-03-16 10:13:49.045]   processorProxy                           [0;32mconfigured[0m = 1 
[0;32mINFO [0m[2026-03-16 10:13:49.066]   processorProxy                           [0;32mconfigured[0m = 0 
[0;32mINFO [0m[2026-03-16 10:13:49.067]   indexGenesisBlocks(): historyRepo.RecordBlock [0;32mshardID[0m = 0 [0;32mhash[0m = 06126e2d2abf26140ba2cf255fd27fe48405bbc62f51e46d00326defa5cdf140 
[0;32mINFO [0m[2026-03-16 10:13:49.067]   VM 1.5 created                           
[0;32mINFO [0m[2026-03-16 10:13:49.069]   genesisBlockCreator.createHeaders        [0;32mshard[0m = 0 [0;32mnonce[0m = 0 [0;32mround[0m = 0 [0;32mroot hash[0m = 0000000000000000000000000000000000000000000000000000000000000000 
[0;32mINFO [0m[2026-03-16 10:13:49.069]   genesisBlockCreator.createHeaders        [0;32mshard[0m = 1 [0;32mnonce[0m = 0 [0;32mround[0m = 0 [0;32mroot hash[0m = 0000000000000000000000000000000000000000000000000000000000000000 
[0;32mINFO [0m[2026-03-16 10:13:49.069]   genesisBlockCreator.createHeaders        [0;32mshard[0m = 4294967295 [0;32mnonce[0m = 0 [0;32mround[0m = 0 [0;32mroot hash[0m = c0db3716ed463285cd11a9741f3aac4faa83795c52fdba286b028464d23a71a3 
[0;33mWARN [0m[2026-03-16 10:13:49.069]   different delay for request block info: the epoch change trigger might not behave normally [0;33mvalue from config[0m = 0s [0;33mexpected[0m = 3s 
[0;32mINFO [0m[2026-03-16 10:13:49.085]   processorProxy                           [0;32mconfigured[0m = 0 
--- PASS: TestManagedProcessComponents_CheckSubcomponents (0.32s)
[0;32mINFO [0m[2026-03-16 10:13:49.086]   VM 1.5 created                           
[0;32mINFO [0m[2026-03-16 10:13:49.110]   processorProxy                           [0;32mconfigured[0m = 0 
[0;32mINFO [0m[2026-03-16 10:13:49.110]   indexGenesisBlocks(): historyRepo.RecordBlock [0;32mshardID[0m = 0 [0;32mhash[0m = 06126e2d2abf26140ba2cf255fd27fe48405bbc62f51e46d00326defa5cdf140 
[0;32mINFO [0m[2026-03-16 10:13:49.111]   VM 1.5 created                           
[0;32mINFO [0m[2026-03-16 10:13:49.128]   processorProxy                           [0;32mconfigured[0m = 0 
--- PASS: TestManagedProcessComponents_Create (0.00s)
    --- PASS: TestManagedProcessComponents_Create/invalid_params_should_error (0.00s)
    --- PASS: TestManagedProcessComponents_Create/should_work_with_getters (0.37s)
[0;32mINFO [0m[2026-03-16 10:13:49.767]   start time                               [0;32mformatted[0m = Mon Mar 16 10:14:00 IST 2026 [0;32mseconds[0m = 1773636240 
[0;32mINFO [0m[2026-03-16 10:13:49.779]   start time                               [0;32mformatted[0m = Mon Mar 16 10:14:00 IST 2026 [0;32mseconds[0m = 1773636240 
[0;32mINFO [0m[2026-03-16 10:13:49.780]   the node loaded the validatorKey.pem file and is running in single-key mode 
[0;32mINFO [0m[2026-03-16 10:13:49.789]   start time                               [0;32mformatted[0m = Mon Mar 16 10:14:00 IST 2026 [0;32mseconds[0m = 1773636240 
[0;32mINFO [0m[2026-03-16 10:13:49.790]   the node loaded the validatorKey.pem file and is running in single-key mode 
[0;32mINFO [0m[2026-03-16 10:13:49.791]   start time                               [0;32mformatted[0m = Mon Mar 16 10:14:00 IST 2026 [0;32mseconds[0m = 1773636240 
[0;32mINFO [0m[2026-03-16 10:13:49.792]   the node loaded the validatorKey.pem file and is running in single-key mode 
[0;32mINFO [0m[2026-03-16 10:13:49.827]   p2p private key: generated a new private key for p2p signing 
[0;32mINFO [0m[2026-03-16 10:13:49.837]   p2p private key: generated a new private key for p2p signing 
[0;32mINFO [0m[2026-03-16 10:13:49.843]   listening on addresses                   [0;32maddr0[0m = /ip4/127.0.0.1/tcp/44003/p2p/16Uiu2HAmA2wdNeaLWsiDbsdTZHYiK2N8qmbomht9rKKbPZWcxqst 
[0;32mINFO [0m[2026-03-16 10:13:49.843]   started the network discovery process... 
[0;32mINFO [0m[2026-03-16 10:13:49.843]   listening on addresses                   [0;32maddr0[0m = /ip4/127.0.0.1/tcp/35223/p2p/16Uiu2HAmH8gAdVrq2MkhHkYUandZ8G6z8gTf5mT7PqbqhUwB3crz 
[0;32mINFO [0m[2026-03-16 10:13:49.843]   started the network discovery process... 
[0;32mINFO [0m[2026-03-16 10:13:49.862]   p2p private key: generated a new private key for p2p signing 
[0;32mINFO [0m[2026-03-16 10:13:49.908]   listening on addresses                   [0;32maddr0[0m = /ip4/127.0.0.1/tcp/38879/p2p/16Uiu2HAkvs1AHbW8FL3Bv9J2xJs1YUoKzJ5QU6P75eVgutRTz4XE 
[0;32mINFO [0m[2026-03-16 10:13:49.908]   started the network discovery process... 
[0;32mINFO [0m[2026-03-16 10:13:50.778]   start time                               [0;32mformatted[0m = Mon Mar 16 10:14:00 IST 2026 [0;32mseconds[0m = 1773636240 
[0;32mINFO [0m[2026-03-16 10:13:50.780]   the node loaded the validatorKey.pem file and is running in single-key mode 
[0;32mINFO [0m[2026-03-16 10:13:50.780]   p2p private key: generated a new private key for p2p signing 
[0;32mINFO [0m[2026-03-16 10:13:50.781]   the node loaded the validatorKey.pem file and is running in single-key mode 
[0;32mINFO [0m[2026-03-16 10:13:50.790]   p2p private key: generated a new private key for p2p signing 
[0;32mINFO [0m[2026-03-16 10:13:50.796]   listening on addresses                   [0;32maddr0[0m = /ip4/127.0.0.1/tcp/33099/p2p/16Uiu2HAmUXQmxDGyJ2ijg4JSRgtDtzKnDwzZyJzjUE5mZBZwsEEv 
[0;32mINFO [0m[2026-03-16 10:13:50.796]   started the network discovery process... 
[0;32mINFO [0m[2026-03-16 10:13:50.845]   start time                               [0;32mformatted[0m = Mon Mar 16 10:14:00 IST 2026 [0;32mseconds[0m = 1773636240 
[0;32mINFO [0m[2026-03-16 10:13:50.846]   start time                               [0;32mformatted[0m = Mon Mar 16 10:14:00 IST 2026 [0;32mseconds[0m = 1773636240 
[0;32mINFO [0m[2026-03-16 10:13:50.847]   the node loaded the validatorKey.pem file and is running in single-key mode 
[0;32mINFO [0m[2026-03-16 10:13:50.847]   p2p private key: generated a new private key for p2p signing 
[0;32mINFO [0m[2026-03-16 10:13:50.852]   the node loaded the validatorKey.pem file and is running in single-key mode 
[0;32mINFO [0m[2026-03-16 10:13:50.858]   p2p private key: generated a new private key for p2p signing 
[0;32mINFO [0m[2026-03-16 10:13:50.943]   start time                               [0;32mformatted[0m = Mon Mar 16 10:14:00 IST 2026 [0;32mseconds[0m = 1773636240 
[0;32mINFO [0m[2026-03-16 10:13:50.945]   the node loaded the validatorKey.pem file and is running in single-key mode 
[0;32mINFO [0m[2026-03-16 10:13:50.945]   p2p private key: generated a new private key for p2p signing 
[0;32mINFO [0m[2026-03-16 10:13:51.797]   start time                               [0;32mformatted[0m = Mon Mar 16 10:14:00 IST 2026 [0;32mseconds[0m = 1773636240 
[0;32mINFO [0m[2026-03-16 10:13:51.915]   start time                               [0;32mformatted[0m = Mon Mar 16 10:14:00 IST 2026 [0;32mseconds[0m = 1773636240 
[0;32mINFO [0m[2026-03-16 10:13:51.915]   start time                               [0;32mformatted[0m = Mon Mar 16 10:14:00 IST 2026 [0;32mseconds[0m = 1773636240 
[0;32mINFO [0m[2026-03-16 10:13:51.950]   start time                               [0;32mformatted[0m = Mon Mar 16 10:14:00 IST 2026 [0;32mseconds[0m = 1773636240 
[0;32mINFO [0m[2026-03-16 10:13:52.826]   start time                               [0;32mformatted[0m = Mon Mar 16 10:14:00 IST 2026 [0;32mseconds[0m = 1773636240 
[0;32mINFO [0m[2026-03-16 10:13:52.827]   the node loaded the validatorKey.pem file and is running in single-key mode 
[0;32mINFO [0m[2026-03-16 10:13:52.827]   p2p private key: generated a new private key for p2p signing 
[0;32mINFO [0m[2026-03-16 10:13:52.912]   listening on addresses                   [0;32maddr0[0m = /ip4/127.0.0.1/tcp/46323/p2p/16Uiu2HAmRJhcYDtSmBAWT6P5StPgwD45wD2PAjp1HwRRiSBkoiWR 
[0;32mINFO [0m[2026-03-16 10:13:52.912]   started the network discovery process... 
[0;32mINFO [0m[2026-03-16 10:13:52.917]   start time                               [0;32mformatted[0m = Mon Mar 16 10:14:00 IST 2026 [0;32mseconds[0m = 1773636240 
[0;32mINFO [0m[2026-03-16 10:13:52.919]   start time                               [0;32mformatted[0m = Mon Mar 16 10:14:00 IST 2026 [0;32mseconds[0m = 1773636240 
[0;32mINFO [0m[2026-03-16 10:13:52.958]   start time                               [0;32mformatted[0m = Mon Mar 16 10:14:00 IST 2026 [0;32mseconds[0m = 1773636240 
[0;32mINFO [0m[2026-03-16 10:13:53.912]   start time                               [0;32mformatted[0m = Mon Mar 16 10:14:00 IST 2026 [0;32mseconds[0m = 1773636240 
[0;32mINFO [0m[2026-03-16 10:13:53.918]   starting as observer node                
[0;32mINFO [0m[2026-03-16 10:13:53.918]   shard info                               [0;32mstarted in shard[0m = 0 
[0;32mINFO [0m[2026-03-16 10:13:53.918]   bootstrap parameters                     [0;32mshardId[0m = 0 [0;32mepoch[0m = 0 [0;32mnumShards[0m = 2 
[0;32mINFO [0m[2026-03-16 10:13:53.919]   start time                               [0;32mformatted[0m = Mon Mar 16 10:14:00 IST 2026 [0;32mseconds[0m = 1773636240 
[0;32mINFO [0m[2026-03-16 10:13:53.920]   the node loaded the validatorKey.pem file and is running in single-key mode 
[0;32mINFO [0m[2026-03-16 10:13:53.920]   p2p private key: generated a new private key for p2p signing 
[0;32mINFO [0m[2026-03-16 10:13:53.920]   start time                               [0;32mformatted[0m = Mon Mar 16 10:14:00 IST 2026 [0;32mseconds[0m = 1773636240 
[0;32mINFO [0m[2026-03-16 10:13:53.921]   the node loaded the validatorKey.pem file and is running in single-key mode 
[0;32mINFO [0m[2026-03-16 10:13:53.921]   p2p private key: generated a new private key for p2p signing 
[0;32mINFO [0m[2026-03-16 10:13:53.974]   listening on addresses                   [0;32maddr0[0m = /ip4/127.0.0.1/tcp/40991/p2p/16Uiu2HAm9UiMkQKcfthBReXpPEUjyGqkMm4zcWtKg4qVBGVJfwdt 
[0;32mINFO [0m[2026-03-16 10:13:53.974]   started the network discovery process... 
[0;32mINFO [0m[2026-03-16 10:13:53.989]   start time                               [0;32mformatted[0m = Mon Mar 16 10:14:00 IST 2026 [0;32mseconds[0m = 1773636240 
[0;32mINFO [0m[2026-03-16 10:13:53.989]   the node loaded the validatorKey.pem file and is running in single-key mode 
[0;32mINFO [0m[2026-03-16 10:13:53.989]   p2p private key: generated a new private key for p2p signing 
[0;32mINFO [0m[2026-03-16 10:13:53.993]   listening on addresses                   [0;32maddr0[0m = /ip4/127.0.0.1/tcp/46377/p2p/16Uiu2HAkwRfo8ce1r2XgcT4fFMH1RDD26aXNX9kKusGPbwgpaAqV 
[0;32mINFO [0m[2026-03-16 10:13:53.997]   started the network discovery process... 
[0;32mINFO [0m[2026-03-16 10:13:54.002]   listening on addresses                   [0;32maddr0[0m = /ip4/127.0.0.1/tcp/44023/p2p/16Uiu2HAmD8yUwdWPiSYyAKiPuXv74GLLWeL93uikR84hVWSumsW7 
[0;32mINFO [0m[2026-03-16 10:13:54.002]   started the network discovery process... 
[0;32mINFO [0m[2026-03-16 10:13:54.928]   start time                               [0;32mformatted[0m = Mon Mar 16 10:14:00 IST 2026 [0;32mseconds[0m = 1773636240 
[0;31mERROR[0m[2026-03-16 10:13:54.931]   maxPerTransaction definition is missing in the current gas schedule, using old values 
[0;32mINFO [0m[2026-03-16 10:13:54.931]   VM 1.5 created                           
[0;32mINFO [0m[2026-03-16 10:13:55.004]   start time                               [0;32mformatted[0m = Mon Mar 16 10:14:00 IST 2026 [0;32mseconds[0m = 1773636240 
[0;32mINFO [0m[2026-03-16 10:13:55.004]   start time                               [0;32mformatted[0m = Mon Mar 16 10:14:00 IST 2026 [0;32mseconds[0m = 1773636240 
[0;32mINFO [0m[2026-03-16 10:13:55.006]   starting as observer node                
[0;32mINFO [0m[2026-03-16 10:13:55.006]   shard info                               [0;32mstarted in shard[0m = 0 
[0;32mINFO [0m[2026-03-16 10:13:55.006]   bootstrap parameters                     [0;32mshardId[0m = 0 [0;32mepoch[0m = 0 [0;32mnumShards[0m = 2 
[0;32mINFO [0m[2026-03-16 10:13:55.009]   starting as observer node                
[0;32mINFO [0m[2026-03-16 10:13:55.010]   shard info                               [0;32mstarted in shard[0m = 0 
[0;32mINFO [0m[2026-03-16 10:13:55.010]   bootstrap parameters                     [0;32mshardId[0m = 0 [0;32mepoch[0m = 0 [0;32mnumShards[0m = 2 
[0;32mINFO [0m[2026-03-16 10:13:55.045]   start time                               [0;32mformatted[0m = Mon Mar 16 10:14:00 IST 2026 [0;32mseconds[0m = 1773636240 
[0;32mINFO [0m[2026-03-16 10:13:55.048]   processorProxy                           [0;32mconfigured[0m = 1 
[0;31mERROR[0m[2026-03-16 10:13:55.049]   maxPerTransaction definition is missing in the current gas schedule, using old values 
[0;32mINFO [0m[2026-03-16 10:13:55.050]   starting as observer node                
[0;32mINFO [0m[2026-03-16 10:13:55.050]   shard info                               [0;32mstarted in shard[0m = 0 
[0;32mINFO [0m[2026-03-16 10:13:55.050]   bootstrap parameters                     [0;32mshardId[0m = 0 [0;32mepoch[0m = 0 [0;32mnumShards[0m = 2 
[0;32mINFO [0m[2026-03-16 10:13:55.050]   processorProxy                           [0;32mconfigured[0m = 1 
[0;32mINFO [0m[2026-03-16 10:13:55.112]   genesisBlockCreator.createHeaders        [0;32mshard[0m = 0 [0;32mnonce[0m = 0 [0;32mround[0m = 0 [0;32mroot hash[0m = 0000000000000000000000000000000000000000000000000000000000000000 
[0;32mINFO [0m[2026-03-16 10:13:55.112]   genesisBlockCreator.createHeaders        [0;32mshard[0m = 4294967295 [0;32mnonce[0m = 0 [0;32mround[0m = 0 [0;32mroot hash[0m = da40c7f7303ca163f19767c645a4d5484bb86ade44c1e764b648235e82bf8a99 
[0;31mERROR[0m[2026-03-16 10:13:55.113]   maxPerTransaction definition is missing in the current gas schedule, using old values 
[0;32mINFO [0m[2026-03-16 10:13:55.113]   processorProxy                           [0;32mconfigured[0m = 1 
[0;32mINFO [0m[2026-03-16 10:13:55.113]   rewardsCreatorProxy                      [0;32mconfigured[0m = rewardsCreatorV1 
[0;32mINFO [0m[2026-03-16 10:13:55.114]   indexGenesisBlocks(): historyRepo.RecordBlock [0;32mshardID[0m = 4294967295 [0;32mhash[0m = f26214a4b2e68cbd4d00ed0e8e3d8ccfc2360933c354d2016df4772b823740c3 
[0;31mERROR[0m[2026-03-16 10:13:55.120]   maxPerTransaction definition is missing in the current gas schedule, using old values 
[0;31mERROR[0m[2026-03-16 10:13:55.142]   maxPerTransaction definition is missing in the current gas schedule, using old values 
[0;32mINFO [0m[2026-03-16 10:13:55.142]   processorProxy                           [0;32mconfigured[0m = 1 
[0;32mINFO [0m[2026-03-16 10:13:55.142]   rewardsCreatorProxy                      [0;32mconfigured[0m = rewardsCreatorV1 
--- PASS: Test_newBlockProcessorCreatorForMeta (6.38s)
[0;32mINFO [0m[2026-03-16 10:13:56.012]   start time                               [0;32mformatted[0m = Mon Mar 16 10:14:00 IST 2026 [0;32mseconds[0m = 1773636240 
[0;31mERROR[0m[2026-03-16 10:13:56.015]   maxPerTransaction definition is missing in the current gas schedule, using old values 
[0;32mINFO [0m[2026-03-16 10:13:56.015]   VM 1.5 created                           
[0;32mINFO [0m[2026-03-16 10:13:56.029]   start time                               [0;32mformatted[0m = Mon Mar 16 10:14:00 IST 2026 [0;32mseconds[0m = 1773636240 
[0;32mINFO [0m[2026-03-16 10:13:56.030]   processorProxy                           [0;32mconfigured[0m = 1 
[0;31mERROR[0m[2026-03-16 10:13:56.031]   maxPerTransaction definition is missing in the current gas schedule, using old values 
[0;32mINFO [0m[2026-03-16 10:13:56.031]   VM 1.5 created                           
[0;32mINFO [0m[2026-03-16 10:13:56.051]   start time                               [0;32mformatted[0m = Mon Mar 16 10:14:00 IST 2026 [0;32mseconds[0m = 1773636240 
[0;31mERROR[0m[2026-03-16 10:13:56.054]   maxPerTransaction definition is missing in the current gas schedule, using old values 
[0;32mINFO [0m[2026-03-16 10:13:56.054]   VM 1.5 created                           
=== RUN   TestManagedProcessComponents_createAPITransactionEvaluator/should_work_for_shard
[0;32mINFO [0m[2026-03-16 10:13:56.060]   processorProxy                           [0;32mconfigured[0m = 1 
[0;31mERROR[0m[2026-03-16 10:13:56.060]   maxPerTransaction definition is missing in the current gas schedule, using old values 
[0;32mINFO [0m[2026-03-16 10:13:56.060]   processorProxy                           [0;32mconfigured[0m = 1 
[0;32mINFO [0m[2026-03-16 10:13:56.065]   genesisBlockCreator.createHeaders        [0;32mshard[0m = 0 [0;32mnonce[0m = 0 [0;32mround[0m = 0 [0;32mroot hash[0m = 0000000000000000000000000000000000000000000000000000000000000000 
[0;32mINFO [0m[2026-03-16 10:13:56.066]   genesisBlockCreator.createHeaders        [0;32mshard[0m = 1 [0;32mnonce[0m = 0 [0;32mround[0m = 0 [0;32mroot hash[0m = 0000000000000000000000000000000000000000000000000000000000000000 
[0;32mINFO [0m[2026-03-16 10:13:56.066]   genesisBlockCreator.createHeaders        [0;32mshard[0m = 4294967295 [0;32mnonce[0m = 0 [0;32mround[0m = 0 [0;32mroot hash[0m = a3f83f06913a7af0d65f57212640d8b8503dfd0c2f6289758a8e7e2f48b4aa9a 
[0;32mINFO [0m[2026-03-16 10:13:56.086]   processorProxy                           [0;32mconfigured[0m = 1 
[0;31mERROR[0m[2026-03-16 10:13:56.086]   maxPerTransaction definition is missing in the current gas schedule, using old values 
[0;32mINFO [0m[2026-03-16 10:13:56.086]   VM 1.5 created                           
[0;33mWARN [0m[2026-03-16 10:13:56.103]   different delay for request block info: the epoch change trigger might not behave normally [0;33mvalue from config[0m = 0s [0;33mexpected[0m = 3s 
[0;31mERROR[0m[2026-03-16 10:13:56.104]   maxPerTransaction definition is missing in the current gas schedule, using old values 
[0;32mINFO [0m[2026-03-16 10:13:56.104]   VM 1.5 created                           
[0;32mINFO [0m[2026-03-16 10:13:56.111]   processorProxy                           [0;32mconfigured[0m = 1 
[0;32mINFO [0m[2026-03-16 10:13:56.112]   indexGenesisBlocks(): historyRepo.RecordBlock [0;32mshardID[0m = 0 [0;32mhash[0m = 30c819041d8a27160ebd5d34b3d2cf7c14a471da1a76fbe860a1d147cf76aeff 
[0;31mERROR[0m[2026-03-16 10:13:56.114]   maxPerTransaction definition is missing in the current gas schedule, using old values 
[0;32mINFO [0m[2026-03-16 10:13:56.114]   VM 1.5 created                           
[0;32mINFO [0m[2026-03-16 10:13:56.144]   processorProxy                           [0;32mconfigured[0m = 1 
[0;32mINFO [0m[2026-03-16 10:13:56.145]   network messenger closed successfully    
=== RUN   TestProcessComponentsFactory_Create/should_work_-_meta
[0;32mINFO [0m[2026-03-16 10:13:56.146]   closing mapTimeCacher's sweep go routine... 
[0;32mINFO [0m[2026-03-16 10:13:56.146]   closing mapTimeCacher's sweep go routine... 
[0;32mINFO [0m[2026-03-16 10:13:56.146]   closing mapTimeCacher's sweep go routine... 
[0;32mINFO [0m[2026-03-16 10:13:56.146]   closing mapTimeCacher's sweep go routine... 
[0;32mINFO [0m[2026-03-16 10:13:56.146]   closing mapTimeCacher's sweep go routine... 
[0;32mINFO [0m[2026-03-16 10:13:56.146]   closing mapTimeCacher's sweep go routine... 
[0;32mINFO [0m[2026-03-16 10:13:56.146]   closing mapTimeCacher's sweep go routine... 
[0;32mINFO [0m[2026-03-16 10:13:56.146]   closing mapTimeCacher's sweep go routine... 
[0;32mINFO [0m[2026-03-16 10:13:56.146]   closing mapTimeCacher's sweep go routine... 
[0;32mINFO [0m[2026-03-16 10:13:56.146]   closing mapTimeCacher's sweep go routine... 
[0;32mINFO [0m[2026-03-16 10:13:56.146]   closing mapTimeCacher's sweep go routine... 
[0;32mINFO [0m[2026-03-16 10:13:56.146]   closing mapTimeCacher's sweep go routine... 
[0;32mINFO [0m[2026-03-16 10:13:56.146]   closing mapTimeCacher's sweep go routine... 
[0;32mINFO [0m[2026-03-16 10:13:56.146]   closing mapTimeCacher's sweep go routine... 
[0;32mINFO [0m[2026-03-16 10:13:56.146]   closing mapTimeCacher's sweep go routine... 
[0;32mINFO [0m[2026-03-16 10:13:56.146]   closing mapTimeCacher's sweep go routine... 
[0;32mINFO [0m[2026-03-16 10:13:56.146]   closing mapTimeCacher's sweep go routine... 
[0;32mINFO [0m[2026-03-16 10:13:56.146]   closing mapTimeCacher's sweep go routine... 
[0;32mINFO [0m[2026-03-16 10:13:56.146]   closing mapTimeCacher's sweep go routine... 
[0;32mINFO [0m[2026-03-16 10:13:56.146]   closing mapTimeCacher's sweep go routine... 
[0;32mINFO [0m[2026-03-16 10:13:56.228]   processorProxy                           [0;32mconfigured[0m = 1 
[0;31mERROR[0m[2026-03-16 10:13:56.228]   maxPerTransaction definition is missing in the current gas schedule, using old values 
[0;32mINFO [0m[2026-03-16 10:13:56.228]   processorProxy                           [0;32mconfigured[0m = 1 
[0;32mINFO [0m[2026-03-16 10:13:56.247]   genesisBlockCreator.createHeaders        [0;32mshard[0m = 0 [0;32mnonce[0m = 0 [0;32mround[0m = 0 [0;32mroot hash[0m = 0000000000000000000000000000000000000000000000000000000000000000 
[0;32mINFO [0m[2026-03-16 10:13:56.247]   genesisBlockCreator.createHeaders        [0;32mshard[0m = 1 [0;32mnonce[0m = 0 [0;32mround[0m = 0 [0;32mroot hash[0m = 0000000000000000000000000000000000000000000000000000000000000000 
[0;32mINFO [0m[2026-03-16 10:13:56.247]   genesisBlockCreator.createHeaders        [0;32mshard[0m = 4294967295 [0;32mnonce[0m = 0 [0;32mround[0m = 0 [0;32mroot hash[0m = a3f83f06913a7af0d65f57212640d8b8503dfd0c2f6289758a8e7e2f48b4aa9a 
[0;33mWARN [0m[2026-03-16 10:13:56.268]   different delay for request block info: the epoch change trigger might not behave normally [0;33mvalue from config[0m = 0s [0;33mexpected[0m = 3s 
[0;31mERROR[0m[2026-03-16 10:13:56.272]   maxPerTransaction definition is missing in the current gas schedule, using old values 
[0;32mINFO [0m[2026-03-16 10:13:56.272]   VM 1.5 created                           
[0;32mINFO [0m[2026-03-16 10:13:56.406]   processorProxy                           [0;32mconfigured[0m = 1 
[0;32mINFO [0m[2026-03-16 10:13:56.411]   indexGenesisBlocks(): historyRepo.RecordBlock [0;32mshardID[0m = 0 [0;32mhash[0m = 30c819041d8a27160ebd5d34b3d2cf7c14a471da1a76fbe860a1d147cf76aeff 
[0;31mERROR[0m[2026-03-16 10:13:56.414]   maxPerTransaction definition is missing in the current gas schedule, using old values 
[0;32mINFO [0m[2026-03-16 10:13:56.414]   VM 1.5 created                           
[0;32mINFO [0m[2026-03-16 10:13:56.436]   processorProxy                           [0;32mconfigured[0m = 1 
[0;31mERROR[0m[2026-03-16 10:13:56.436]   maxPerTransaction definition is missing in the current gas schedule, using old values 
[0;32mINFO [0m[2026-03-16 10:13:56.436]   VM 1.5 created                           
[0;32mINFO [0m[2026-03-16 10:13:56.443]   processorProxy                           [0;32mconfigured[0m = 1 
--- PASS: Test_newBlockProcessorCreatorForShard (7.68s)
[0;32mINFO [0m[2026-03-16 10:13:57.097]   start time                               [0;32mformatted[0m = Mon Mar 16 10:14:00 IST 2026 [0;32mseconds[0m = 1773636240 
[0;32mINFO [0m[2026-03-16 10:13:57.098]   the node loaded the validatorKey.pem file and is running in single-key mode 
[0;32mINFO [0m[2026-03-16 10:13:57.098]   p2p private key: generated a new private key for p2p signing 
[0;32mINFO [0m[2026-03-16 10:13:57.114]   listening on addresses                   [0;32maddr0[0m = /ip4/127.0.0.1/tcp/43779/p2p/16Uiu2HAmTLGg53LaHS2qGzVFMw8nqshpzutDrh48aJ2qV4unpDry 
[0;32mINFO [0m[2026-03-16 10:13:57.114]   started the network discovery process... 
[0;32mINFO [0m[2026-03-16 10:13:57.149]   start time                               [0;32mformatted[0m = Mon Mar 16 10:14:00 IST 2026 [0;32mseconds[0m = 1773636240 
[0;32mINFO [0m[2026-03-16 10:13:57.150]   the node loaded the validatorKey.pem file and is running in single-key mode 
[0;32mINFO [0m[2026-03-16 10:13:57.150]   p2p private key: generated a new private key for p2p signing 
[0;32mINFO [0m[2026-03-16 10:13:57.158]   listening on addresses                   [0;32maddr0[0m = /ip4/127.0.0.1/tcp/35659/p2p/16Uiu2HAmFJX8AW6rV8indcdZVFZyALv2xmTyVQ8E41x1Pmy7u4yb 
[0;32mINFO [0m[2026-03-16 10:13:57.158]   started the network discovery process... 
[0;32mINFO [0m[2026-03-16 10:13:58.157]   start time                               [0;32mformatted[0m = Mon Mar 16 10:14:00 IST 2026 [0;32mseconds[0m = 1773636240 
[0;32mINFO [0m[2026-03-16 10:13:58.163]   the node loaded the validatorKey.pem file and is running in single-key mode 
[0;32mINFO [0m[2026-03-16 10:13:58.163]   p2p private key: generated a new private key for p2p signing 
[0;32mINFO [0m[2026-03-16 10:13:58.167]   start time                               [0;32mformatted[0m = Mon Mar 16 10:14:00 IST 2026 [0;32mseconds[0m = 1773636240 
[0;32mINFO [0m[2026-03-16 10:13:58.365]   the node loaded the validatorKey.pem file and is running in single-key mode 
[0;32mINFO [0m[2026-03-16 10:13:58.365]   p2p private key: generated a new private key for p2p signing 
[0;32mINFO [0m[2026-03-16 10:13:59.168]   start time                               [0;32mformatted[0m = Mon Mar 16 10:14:00 IST 2026 [0;32mseconds[0m = 1773636240 
[0;32mINFO [0m[2026-03-16 10:13:59.410]   start time                               [0;32mformatted[0m = Mon Mar 16 10:14:00 IST 2026 [0;32mseconds[0m = 1773636240 
[0;32mINFO [0m[2026-03-16 10:14:00.174]   start time                               [0;32mformatted[0m = Mon Mar 16 10:15:00 IST 2026 [0;32mseconds[0m = 1773636300 
[0;32mINFO [0m[2026-03-16 10:14:00.595]   start time                               [0;32mformatted[0m = Mon Mar 16 10:15:00 IST 2026 [0;32mseconds[0m = 1773636300 
[0;32mINFO [0m[2026-03-16 10:14:01.389]   start time                               [0;32mformatted[0m = Mon Mar 16 10:15:00 IST 2026 [0;32mseconds[0m = 1773636300 
[0;32mINFO [0m[2026-03-16 10:14:01.390]   the node loaded the validatorKey.pem file and is running in single-key mode 
[0;32mINFO [0m[2026-03-16 10:14:01.390]   p2p private key: generated a new private key for p2p signing 
[0;32mINFO [0m[2026-03-16 10:14:01.544]   listening on addresses                   [0;32maddr0[0m = /ip4/127.0.0.1/tcp/40229/p2p/16Uiu2HAmPAsSpNBt5NXzqksYusJMXaKDgnFQrcQpp1m3gR2EC5s1 
[0;32mINFO [0m[2026-03-16 10:14:01.548]   started the network discovery process... 
[0;32mINFO [0m[2026-03-16 10:14:01.598]   start time                               [0;32mformatted[0m = Mon Mar 16 10:15:00 IST 2026 [0;32mseconds[0m = 1773636300 
[0;32mINFO [0m[2026-03-16 10:14:01.598]   the node loaded the validatorKey.pem file and is running in single-key mode 
[0;32mINFO [0m[2026-03-16 10:14:01.599]   p2p private key: generated a new private key for p2p signing 
[0;32mINFO [0m[2026-03-16 10:14:01.636]   listening on addresses                   [0;32maddr0[0m = /ip4/127.0.0.1/tcp/45961/p2p/16Uiu2HAm94VLSfm11oS1TrLGf3zWSDZzHfwWEZnRakmA8VxKpDSw 
[0;32mINFO [0m[2026-03-16 10:14:01.723]   started the network discovery process... 
[0;32mINFO [0m[2026-03-16 10:14:02.557]   start time                               [0;32mformatted[0m = Mon Mar 16 10:15:00 IST 2026 [0;32mseconds[0m = 1773636300 
[0;32mINFO [0m[2026-03-16 10:14:02.694]   starting as observer node                
[0;32mINFO [0m[2026-03-16 10:14:02.694]   shard info                               [0;32mstarted in shard[0m = 0 
[0;32mINFO [0m[2026-03-16 10:14:02.695]   bootstrap parameters                     [0;32mshardId[0m = 0 [0;32mepoch[0m = 0 [0;32mnumShards[0m = 2 
[0;32mINFO [0m[2026-03-16 10:14:02.974]   start time                               [0;32mformatted[0m = Mon Mar 16 10:15:00 IST 2026 [0;32mseconds[0m = 1773636300 
[0;32mINFO [0m[2026-03-16 10:14:02.975]   starting as observer node                
[0;32mINFO [0m[2026-03-16 10:14:02.975]   shard info                               [0;32mstarted in shard[0m = 0 
[0;32mINFO [0m[2026-03-16 10:14:02.976]   bootstrap parameters                     [0;32mshardId[0m = 0 [0;32mepoch[0m = 0 [0;32mnumShards[0m = 2 
[0;32mINFO [0m[2026-03-16 10:14:03.767]   start time                               [0;32mformatted[0m = Mon Mar 16 10:15:00 IST 2026 [0;32mseconds[0m = 1773636300 
[0;32mINFO [0m[2026-03-16 10:14:03.979]   start time                               [0;32mformatted[0m = Mon Mar 16 10:15:00 IST 2026 [0;32mseconds[0m = 1773636300 
[0;31mERROR[0m[2026-03-16 10:14:04.318]   maxPerTransaction definition is missing in the current gas schedule, using old values 
[0;32mINFO [0m[2026-03-16 10:14:04.318]   VM 1.5 created                           
[0;31mERROR[0m[2026-03-16 10:14:04.321]   maxPerTransaction definition is missing in the current gas schedule, using old values 
[0;32mINFO [0m[2026-03-16 10:14:04.322]   VM 1.5 created                           
[0;32mINFO [0m[2026-03-16 10:14:04.375]   processorProxy                           [0;32mconfigured[0m = 1 
[0;31mERROR[0m[2026-03-16 10:14:04.376]   maxPerTransaction definition is missing in the current gas schedule, using old values 
[0;32mINFO [0m[2026-03-16 10:14:04.376]   VM 1.5 created                           
[0;32mINFO [0m[2026-03-16 10:14:04.530]   processorProxy                           [0;32mconfigured[0m = 1 
=== RUN   TestManagedProcessComponents_createAPITransactionEvaluator/should_work_for_metachain
[0;32mINFO [0m[2026-03-16 10:14:04.557]   processorProxy                           [0;32mconfigured[0m = 1 
[0;31mERROR[0m[2026-03-16 10:14:04.557]   maxPerTransaction definition is missing in the current gas schedule, using old values 
[0;32mINFO [0m[2026-03-16 10:14:04.557]   processorProxy                           [0;32mconfigured[0m = 1 
[0;32mINFO [0m[2026-03-16 10:14:04.595]   genesisBlockCreator.createHeaders        [0;32mshard[0m = 0 [0;32mnonce[0m = 0 [0;32mround[0m = 0 [0;32mroot hash[0m = 0000000000000000000000000000000000000000000000000000000000000000 
[0;32mINFO [0m[2026-03-16 10:14:04.595]   genesisBlockCreator.createHeaders        [0;32mshard[0m = 1 [0;32mnonce[0m = 0 [0;32mround[0m = 0 [0;32mroot hash[0m = 0000000000000000000000000000000000000000000000000000000000000000 
[0;32mINFO [0m[2026-03-16 10:14:04.595]   genesisBlockCreator.createHeaders        [0;32mshard[0m = 4294967295 [0;32mnonce[0m = 0 [0;32mround[0m = 0 [0;32mroot hash[0m = b270fc62e28b00d6926d4d0d2315f6a1c161db4d4fb2473adabbf77e440f87ee 
[0;31mERROR[0m[2026-03-16 10:14:04.742]   maxPerTransaction definition is missing in the current gas schedule, using old values 
[0;32mINFO [0m[2026-03-16 10:14:04.743]   processorProxy                           [0;32mconfigured[0m = 1 
[0;32mINFO [0m[2026-03-16 10:14:04.743]   rewardsCreatorProxy                      [0;32mconfigured[0m = rewardsCreatorV1 
[0;32mINFO [0m[2026-03-16 10:14:04.743]   indexGenesisBlocks(): historyRepo.RecordBlock [0;32mshardID[0m = 4294967295 [0;32mhash[0m = c92a3199dbabc25736ce91a356db9e199ac8ba7de51c5944b2280dccf25a79af 
[0;31mERROR[0m[2026-03-16 10:14:04.746]   maxPerTransaction definition is missing in the current gas schedule, using old values 
[0;32mINFO [0m[2026-03-16 10:14:04.747]   network messenger closed successfully    
=== CONT  TestProcessComponentsFactory_Create/CreateCurrentEpochProvider_fails_should_error
[0;32mINFO [0m[2026-03-16 10:14:04.748]   closing mapTimeCacher's sweep go routine... 
[0;32mINFO [0m[2026-03-16 10:14:04.748]   closing mapTimeCacher's sweep go routine... 
[0;32mINFO [0m[2026-03-16 10:14:04.748]   closing mapTimeCacher's sweep go routine... 
[0;32mINFO [0m[2026-03-16 10:14:04.748]   closing mapTimeCacher's sweep go routine... 
[0;32mINFO [0m[2026-03-16 10:14:04.748]   closing mapTimeCacher's sweep go routine... 
[0;32mINFO [0m[2026-03-16 10:14:04.748]   closing mapTimeCacher's sweep go routine... 
[0;32mINFO [0m[2026-03-16 10:14:04.748]   closing mapTimeCacher's sweep go routine... 
[0;32mINFO [0m[2026-03-16 10:14:04.748]   closing mapTimeCacher's sweep go routine... 
[0;32mINFO [0m[2026-03-16 10:14:04.748]   closing mapTimeCacher's sweep go routine... 
[0;32mINFO [0m[2026-03-16 10:14:04.748]   closing mapTimeCacher's sweep go routine... 
[0;32mINFO [0m[2026-03-16 10:14:04.748]   closing mapTimeCacher's sweep go routine... 
[0;32mINFO [0m[2026-03-16 10:14:04.748]   closing mapTimeCacher's sweep go routine... 
[0;32mINFO [0m[2026-03-16 10:14:04.748]   closing mapTimeCacher's sweep go routine... 
[0;32mINFO [0m[2026-03-16 10:14:04.748]   closing mapTimeCacher's sweep go routine... 
[0;32mINFO [0m[2026-03-16 10:14:04.748]   closing mapTimeCacher's sweep go routine... 
[0;32mINFO [0m[2026-03-16 10:14:04.749]   closing mapTimeCacher's sweep go routine... 
[0;32mINFO [0m[2026-03-16 10:14:04.749]   closing mapTimeCacher's sweep go routine... 
[0;32mINFO [0m[2026-03-16 10:14:04.749]   closing mapTimeCacher's sweep go routine... 
[0;32mINFO [0m[2026-03-16 10:14:04.749]   closing mapTimeCacher's sweep go routine... 
[0;32mINFO [0m[2026-03-16 10:14:04.749]   closing mapTimeCacher's sweep go routine... 
[0;32mINFO [0m[2026-03-16 10:14:04.749]   closing mapTimeCacher's sweep go routine... 
[0;32mINFO [0m[2026-03-16 10:14:04.749]   closing mapTimeCacher's sweep go routine... 
[0;32mINFO [0m[2026-03-16 10:14:04.749]   closing mapTimeCacher's sweep go routine... 
[0;32mINFO [0m[2026-03-16 10:14:04.749]   closing mapTimeCacher's sweep go routine... 
=== CONT  TestProcessComponentsFactory_Create/should_work_with_indexAndReturnGenesisAccounts_failing_due_to_error_on_Encode
=== CONT  TestProcessComponentsFactory_Create/newStorageRequester_fails_due_to_NewStorageServiceFactory_failure_should_error
=== CONT  TestProcessComponentsFactory_Create/NewCache_fails_for_vmOutput_should_error
[0;32mINFO [0m[2026-03-16 10:14:04.749]   manualEpochStartNotifier.NewEpoch        [0;32mepoch[0m = 1 
=== CONT  TestProcessComponentsFactory_Create/createHardforkTrigger_fails_due_to_Decode_failure_should_error
[0;32mINFO [0m[2026-03-16 10:14:04.749]   VM 1.5 created                           
[0;32mINFO [0m[2026-03-16 10:14:04.750]   VM 1.5 created                           
[0;32mINFO [0m[2026-03-16 10:14:04.750]   VM 1.5 created                           
=== CONT  TestProcessComponentsFactory_Create/generateGenesisHeadersAndApplyInitialBalances_fails_due_to_invalid_GenesisNodePrice_should_error
[0;33mWARN [0m[2026-03-16 10:14:04.755]   processComponentsFactory.Create() node will save logs in storage because DbLookupExtensions is enabled 
=== CONT  TestProcessComponentsFactory_Create/prepareNetworkShardingCollector_fails_due_to_SetPeerValidatorMapper_failure_should_error
=== CONT  TestProcessComponentsFactory_Create/createNetworkShardingCollector_fails_due_to_invalid_PublicKeyShardId_config_should_error
=== CONT  TestProcessComponentsFactory_Create/createNetworkShardingCollector_fails_due_to_invalid_PeerIdShardId_config_should_error
=== CONT  TestProcessComponentsFactory_Create/prepareNetworkShardingCollector_fails_due_to_SetPeerShardResolver_failure_should_error
=== CONT  TestProcessComponentsFactory_Create/createNetworkShardingCollector_fails_due_to_invalid_PublicKeyPeerId_config_should_error
[0;32mINFO [0m[2026-03-16 10:14:04.758]   processorProxy                           [0;32mconfigured[0m = 1 
[0;32mINFO [0m[2026-03-16 10:14:04.759]   VM 1.5 created                           
=== CONT  TestProcessComponentsFactory_Create/NewTxsPoolsCleaner_fails_should_error
=== CONT  TestProcessComponentsFactory_Create/NewMiniBlocksPoolsCleaner_fails_should_error
=== CONT  TestProcessComponentsFactory_Create/indexGenesisBlocks_fails_due_to_GenerateInitialTransactions_failure_should_error
=== CONT  TestProcessComponentsFactory_Create/newValidatorStatisticsProcessor_fails_due_to_nil_genesis_header_should_error
=== CONT  TestProcessComponentsFactory_Create/newResolverContainerFactory_fails_due_to_NewPeerAuthenticationPayloadValidator_failure_should_error
=== CONT  TestProcessComponentsFactory_Create/nodesSetupChecker.Check_fails_should_error
=== CONT  TestProcessComponentsFactory_Create/should_work_with_indexAndReturnGenesisAccounts_failing_due_to_error_on_GetAllLeaves
=== CONT  TestProcessComponentsFactory_Create/should_work_with_indexAndReturnGenesisAccounts_failing_due_to_GetAllLeaves_failure
=== CONT  TestProcessComponentsFactory_Create/should_work_with_indexAndReturnGenesisAccounts_failing_due_to_RootHash_failure
=== CONT  TestProcessComponentsFactory_Create/should_work_with_indexAndReturnGenesisAccounts_failing_due_to_Unmarshal_failure
=== CONT  TestProcessComponentsFactory_Create/newShardBlockProcessor:_attachProcessDebugger_fails_should_error
[0;32mINFO [0m[2026-03-16 10:14:04.827]   manualEpochStartNotifier.NewEpoch        [0;32mepoch[0m = 1 
[0;32mINFO [0m[2026-03-16 10:14:04.827]   VM 1.5 created                           
[0;32mINFO [0m[2026-03-16 10:14:04.829]   VM 1.5 created                           
[0;32mINFO [0m[2026-03-16 10:14:04.833]   VM 1.5 created                           
[0;32mINFO [0m[2026-03-16 10:14:04.833]   VM 1.5 created                           
[0;32mINFO [0m[2026-03-16 10:14:04.841]   processorProxy                           [0;32mconfigured[0m = 1 
[0;32mINFO [0m[2026-03-16 10:14:04.842]   processorProxy                           [0;32mconfigured[0m = 1 
[0;32mINFO [0m[2026-03-16 10:14:04.843]   processorProxy                           [0;32mconfigured[0m = 1 
[0;32mINFO [0m[2026-03-16 10:14:04.843]   genesisBlockCreator.createHeaders        [0;32mshard[0m = 0 [0;32mnonce[0m = 0 [0;32mround[0m = 0 [0;32mroot hash[0m = 0000000000000000000000000000000000000000000000000000000000000000 
[0;32mINFO [0m[2026-03-16 10:14:04.843]   genesisBlockCreator.createHeaders        [0;32mshard[0m = 1 [0;32mnonce[0m = 0 [0;32mround[0m = 0 [0;32mroot hash[0m = 0000000000000000000000000000000000000000000000000000000000000000 
[0;32mINFO [0m[2026-03-16 10:14:04.843]   genesisBlockCreator.createHeaders        [0;32mshard[0m = 4294967295 [0;32mnonce[0m = 0 [0;32mround[0m = 0 [0;32mroot hash[0m = 0000000000000000000000000000000000000000000000000000000000000000 
[0;33mWARN [0m[2026-03-16 10:14:04.843]   cannot index genesis accounts            [0;33merror[0m = wrong size when encoding address, expected length 32, received 0 
[0;33mWARN [0m[2026-03-16 10:14:04.843]   different delay for request block info: the epoch change trigger might not behave normally [0;33mvalue from config[0m = 0s [0;33mexpected[0m = 3s 
[0;32mINFO [0m[2026-03-16 10:14:04.844]   VM 1.5 created                           
[0;32mINFO [0m[2026-03-16 10:14:04.847]   VM 1.5 created                           
[0;32mINFO [0m[2026-03-16 10:14:04.861]   VM 1.5 created                           
[0;32mINFO [0m[2026-03-16 10:14:04.870]   processorProxy                           [0;32mconfigured[0m = 1 
[0;32mINFO [0m[2026-03-16 10:14:04.870]   VM 1.5 created                           
[0;32mINFO [0m[2026-03-16 10:14:04.882]   processorProxy                           [0;32mconfigured[0m = 0 
[0;32mINFO [0m[2026-03-16 10:14:04.883]   indexGenesisBlocks(): indexer.SaveBlock  [0;32mhash[0m = 0e5751c026e543b2e8ab2eb06099daa1d1e5df47778f7787faab45cdf12fe3a8 
[0;32mINFO [0m[2026-03-16 10:14:04.883]   indexGenesisBlocks(): historyRepo.RecordBlock [0;32mshardID[0m = 0 [0;32mhash[0m = 0e5751c026e543b2e8ab2eb06099daa1d1e5df47778f7787faab45cdf12fe3a8 
[0;32mINFO [0m[2026-03-16 10:14:04.883]   VM 1.5 created                           
[0;32mINFO [0m[2026-03-16 10:14:04.884]   processorProxy                           [0;32mconfigured[0m = 1 
[0;32mINFO [0m[2026-03-16 10:14:04.893]   VM 1.5 created                           
[0;32mINFO [0m[2026-03-16 10:14:04.903]   processorProxy                           [0;32mconfigured[0m = 1 
[0;32mINFO [0m[2026-03-16 10:14:04.903]   VM 1.5 created                           
[0;32mINFO [0m[2026-03-16 10:14:04.909]   processorProxy                           [0;32mconfigured[0m = 1 
[0;32mINFO [0m[2026-03-16 10:14:04.910]   VM 1.5 created                           
[0;32mINFO [0m[2026-03-16 10:14:04.912]   VM 1.5 created                           
[0;32mINFO [0m[2026-03-16 10:14:04.918]   VM 1.5 created                           
[0;32mINFO [0m[2026-03-16 10:14:04.922]   processorProxy                           [0;32mconfigured[0m = 1 
[0;32mINFO [0m[2026-03-16 10:14:04.922]   VM 1.5 created                           
[0;32mINFO [0m[2026-03-16 10:14:04.933]   processorProxy                           [0;32mconfigured[0m = 1 
[0;32mINFO [0m[2026-03-16 10:14:04.934]   VM 1.5 created                           
[0;32mINFO [0m[2026-03-16 10:14:04.935]   VM 1.5 created                           
[0;32mINFO [0m[2026-03-16 10:14:04.954]   processorProxy                           [0;32mconfigured[0m = 1 
[0;32mINFO [0m[2026-03-16 10:14:04.955]   processorProxy                           [0;32mconfigured[0m = 1 
[0;32mINFO [0m[2026-03-16 10:14:04.958]   VM 1.5 created                           
[0;32mINFO [0m[2026-03-16 10:14:04.975]   processorProxy                           [0;32mconfigured[0m = 1 
[0;32mINFO [0m[2026-03-16 10:14:04.975]   VM 1.5 created                           
[0;32mINFO [0m[2026-03-16 10:14:04.978]   processorProxy                           [0;32mconfigured[0m = 1 
[0;32mINFO [0m[2026-03-16 10:14:04.978]   processorProxy                           [0;32mconfigured[0m = 1 
[0;32mINFO [0m[2026-03-16 10:14:04.979]   processorProxy                           [0;32mconfigured[0m = 1 
[0;32mINFO [0m[2026-03-16 10:14:04.979]   processorProxy                           [0;32mconfigured[0m = 1 
[0;32mINFO [0m[2026-03-16 10:14:04.980]   genesisBlockCreator.createHeaders        [0;32mshard[0m = 0 [0;32mnonce[0m = 0 [0;32mround[0m = 0 [0;32mroot hash[0m = 0000000000000000000000000000000000000000000000000000000000000000 
[0;32mINFO [0m[2026-03-16 10:14:04.980]   genesisBlockCreator.createHeaders        [0;32mshard[0m = 0 [0;32mnonce[0m = 0 [0;32mround[0m = 0 [0;32mroot hash[0m = 0000000000000000000000000000000000000000000000000000000000000000 
[0;32mINFO [0m[2026-03-16 10:14:04.980]   genesisBlockCreator.createHeaders        [0;32mshard[0m = 1 [0;32mnonce[0m = 0 [0;32mround[0m = 0 [0;32mroot hash[0m = 0000000000000000000000000000000000000000000000000000000000000000 
[0;32mINFO [0m[2026-03-16 10:14:04.980]   genesisBlockCreator.createHeaders        [0;32mshard[0m = 4294967295 [0;32mnonce[0m = 0 [0;32mround[0m = 0 [0;32mroot hash[0m = c0db3716ed463285cd11a9741f3aac4faa83795c52fdba286b028464d23a71a3 
[0;33mWARN [0m[2026-03-16 10:14:04.980]   different delay for request block info: the epoch change trigger might not behave normally [0;33mvalue from config[0m = 0s [0;33mexpected[0m = 3s 
[0;32mINFO [0m[2026-03-16 10:14:04.981]   VM 1.5 created                           
[0;32mINFO [0m[2026-03-16 10:14:04.980]   genesisBlockCreator.createHeaders        [0;32mshard[0m = 1 [0;32mnonce[0m = 0 [0;32mround[0m = 0 [0;32mroot hash[0m = 0000000000000000000000000000000000000000000000000000000000000000 
[0;32mINFO [0m[2026-03-16 10:14:05.006]   genesisBlockCreator.createHeaders        [0;32mshard[0m = 4294967295 [0;32mnonce[0m = 0 [0;32mround[0m = 0 [0;32mroot hash[0m = c0db3716ed463285cd11a9741f3aac4faa83795c52fdba286b028464d23a71a3 
[0;33mWARN [0m[2026-03-16 10:14:05.006]   different delay for request block info: the epoch change trigger might not behave normally [0;33mvalue from config[0m = 0s [0;33mexpected[0m = 3s 
[0;32mINFO [0m[2026-03-16 10:14:05.029]   processorProxy                           [0;32mconfigured[0m = 1 
[0;32mINFO [0m[2026-03-16 10:14:05.037]   processorProxy                           [0;32mconfigured[0m = 1 
[0;32mINFO [0m[2026-03-16 10:14:05.040]   processorProxy                           [0;32mconfigured[0m = 1 
[0;32mINFO [0m[2026-03-16 10:14:05.051]   VM 1.5 created                           
[0;32mINFO [0m[2026-03-16 10:14:05.033]   processorProxy                           [0;32mconfigured[0m = 1 
[0;32mINFO [0m[2026-03-16 10:14:05.061]   processorProxy                           [0;32mconfigured[0m = 1 
[0;32mINFO [0m[2026-03-16 10:14:05.062]   genesisBlockCreator.createHeaders        [0;32mshard[0m = 0 [0;32mnonce[0m = 0 [0;32mround[0m = 0 [0;32mroot hash[0m = 0000000000000000000000000000000000000000000000000000000000000000 
[0;32mINFO [0m[2026-03-16 10:14:05.062]   genesisBlockCreator.createHeaders        [0;32mshard[0m = 1 [0;32mnonce[0m = 0 [0;32mround[0m = 0 [0;32mroot hash[0m = 0000000000000000000000000000000000000000000000000000000000000000 
[0;32mINFO [0m[2026-03-16 10:14:05.062]   genesisBlockCreator.createHeaders        [0;32mshard[0m = 4294967295 [0;32mnonce[0m = 0 [0;32mround[0m = 0 [0;32mroot hash[0m = c0db3716ed463285cd11a9741f3aac4faa83795c52fdba286b028464d23a71a3 
[0;32mINFO [0m[2026-03-16 10:14:05.086]   processorProxy                           [0;32mconfigured[0m = 1 
[0;32mINFO [0m[2026-03-16 10:14:05.104]   processorProxy                           [0;32mconfigured[0m = 1 
[0;32mINFO [0m[2026-03-16 10:14:05.106]   genesisBlockCreator.createHeaders        [0;32mshard[0m = 0 [0;32mnonce[0m = 0 [0;32mround[0m = 0 [0;32mroot hash[0m = 0000000000000000000000000000000000000000000000000000000000000000 
[0;32mINFO [0m[2026-03-16 10:14:05.106]   genesisBlockCreator.createHeaders        [0;32mshard[0m = 1 [0;32mnonce[0m = 0 [0;32mround[0m = 0 [0;32mroot hash[0m = 0000000000000000000000000000000000000000000000000000000000000000 
[0;32mINFO [0m[2026-03-16 10:14:05.106]   genesisBlockCreator.createHeaders        [0;32mshard[0m = 4294967295 [0;32mnonce[0m = 0 [0;32mround[0m = 0 [0;32mroot hash[0m = c0db3716ed463285cd11a9741f3aac4faa83795c52fdba286b028464d23a71a3 
[0;33mWARN [0m[2026-03-16 10:14:05.106]   cannot index genesis accounts            [0;33merror[0m = expected error 
[0;33mWARN [0m[2026-03-16 10:14:05.106]   different delay for request block info: the epoch change trigger might not behave normally [0;33mvalue from config[0m = 0s [0;33mexpected[0m = 3s 
[0;32mINFO [0m[2026-03-16 10:14:05.107]   processorProxy                           [0;32mconfigured[0m = 0 
[0;32mINFO [0m[2026-03-16 10:14:05.108]   VM 1.5 created                           
[0;32mINFO [0m[2026-03-16 10:14:05.113]   closing mapTimeCacher's sweep go routine... 
[0;32mINFO [0m[2026-03-16 10:14:05.114]   closing mapTimeCacher's sweep go routine... 
[0;32mINFO [0m[2026-03-16 10:14:05.114]   closing mapTimeCacher's sweep go routine... 
[0;32mINFO [0m[2026-03-16 10:14:05.114]   closing mapTimeCacher's sweep go routine... 
[0;32mINFO [0m[2026-03-16 10:14:05.114]   closing mapTimeCacher's sweep go routine... 
[0;32mINFO [0m[2026-03-16 10:14:05.114]   closing mapTimeCacher's sweep go routine... 
[0;32mINFO [0m[2026-03-16 10:14:05.114]   closing mapTimeCacher's sweep go routine... 
[0;32mINFO [0m[2026-03-16 10:14:05.114]   closing mapTimeCacher's sweep go routine... 
[0;32mINFO [0m[2026-03-16 10:14:05.114]   closing mapTimeCacher's sweep go routine... 
[0;32mINFO [0m[2026-03-16 10:14:05.114]   closing mapTimeCacher's sweep go routine... 
[0;32mINFO [0m[2026-03-16 10:14:05.114]   closing mapTimeCacher's sweep go routine... 
[0;32mINFO [0m[2026-03-16 10:14:05.114]   closing mapTimeCacher's sweep go routine... 
[0;32mINFO [0m[2026-03-16 10:14:05.114]   closing mapTimeCacher's sweep go routine... 
[0;32mINFO [0m[2026-03-16 10:14:05.114]   closing mapTimeCacher's sweep go routine... 
[0;32mINFO [0m[2026-03-16 10:14:05.114]   closing mapTimeCacher's sweep go routine... 
[0;32mINFO [0m[2026-03-16 10:14:05.114]   closing mapTimeCacher's sweep go routine... 
[0;32mINFO [0m[2026-03-16 10:14:05.114]   closing mapTimeCacher's sweep go routine... 
[0;32mINFO [0m[2026-03-16 10:14:05.114]   closing mapTimeCacher's sweep go routine... 
[0;32mINFO [0m[2026-03-16 10:14:05.114]   closing mapTimeCacher's sweep go routine... 
[0;32mINFO [0m[2026-03-16 10:14:05.114]   closing mapTimeCacher's sweep go routine... 
[0;32mINFO [0m[2026-03-16 10:14:05.116]   VM 1.5 created                           
[0;32mINFO [0m[2026-03-16 10:14:05.133]   processorProxy                           [0;32mconfigured[0m = 0 
[0;32mINFO [0m[2026-03-16 10:14:05.133]   indexGenesisBlocks(): indexer.SaveBlock  [0;32mhash[0m = 06126e2d2abf26140ba2cf255fd27fe48405bbc62f51e46d00326defa5cdf140 
[0;32mINFO [0m[2026-03-16 10:14:05.133]   indexGenesisBlocks(): historyRepo.RecordBlock [0;32mshardID[0m = 0 [0;32mhash[0m = 06126e2d2abf26140ba2cf255fd27fe48405bbc62f51e46d00326defa5cdf140 
[0;32mINFO [0m[2026-03-16 10:14:05.134]   VM 1.5 created                           
[0;32mINFO [0m[2026-03-16 10:14:05.138]   processorProxy                           [0;32mconfigured[0m = 0 
[0;32mINFO [0m[2026-03-16 10:14:05.139]   closing mapTimeCacher's sweep go routine... 
[0;32mINFO [0m[2026-03-16 10:14:05.139]   closing mapTimeCacher's sweep go routine... 
[0;32mINFO [0m[2026-03-16 10:14:05.139]   closing mapTimeCacher's sweep go routine... 
[0;32mINFO [0m[2026-03-16 10:14:05.139]   closing mapTimeCacher's sweep go routine... 
[0;32mINFO [0m[2026-03-16 10:14:05.139]   closing mapTimeCacher's sweep go routine... 
[0;32mINFO [0m[2026-03-16 10:14:05.139]   closing mapTimeCacher's sweep go routine... 
[0;32mINFO [0m[2026-03-16 10:14:05.139]   closing mapTimeCacher's sweep go routine... 
[0;32mINFO [0m[2026-03-16 10:14:05.139]   closing mapTimeCacher's sweep go routine... 
[0;32mINFO [0m[2026-03-16 10:14:05.139]   closing mapTimeCacher's sweep go routine... 
[0;32mINFO [0m[2026-03-16 10:14:05.139]   closing mapTimeCacher's sweep go routine... 
[0;32mINFO [0m[2026-03-16 10:14:05.139]   closing mapTimeCacher's sweep go routine... 
[0;32mINFO [0m[2026-03-16 10:14:05.139]   closing mapTimeCacher's sweep go routine... 
[0;32mINFO [0m[2026-03-16 10:14:05.139]   closing mapTimeCacher's sweep go routine... 
[0;32mINFO [0m[2026-03-16 10:14:05.139]   closing mapTimeCacher's sweep go routine... 
[0;32mINFO [0m[2026-03-16 10:14:05.139]   closing mapTimeCacher's sweep go routine... 
[0;32mINFO [0m[2026-03-16 10:14:05.139]   closing mapTimeCacher's sweep go routine... 
[0;32mINFO [0m[2026-03-16 10:14:05.139]   closing mapTimeCacher's sweep go routine... 
[0;32mINFO [0m[2026-03-16 10:14:05.139]   closing mapTimeCacher's sweep go routine... 
[0;32mINFO [0m[2026-03-16 10:14:05.139]   closing mapTimeCacher's sweep go routine... 
[0;32mINFO [0m[2026-03-16 10:14:05.139]   closing mapTimeCacher's sweep go routine... 
[0;32mINFO [0m[2026-03-16 10:14:05.150]   processorProxy                           [0;32mconfigured[0m = 1 
[0;32mINFO [0m[2026-03-16 10:14:05.151]   processorProxy                           [0;32mconfigured[0m = 1 
[0;32mINFO [0m[2026-03-16 10:14:05.193]   processorProxy                           [0;32mconfigured[0m = 1 
[0;32mINFO [0m[2026-03-16 10:14:05.193]   processorProxy                           [0;32mconfigured[0m = 1 
[0;32mINFO [0m[2026-03-16 10:14:05.195]   genesisBlockCreator.createHeaders        [0;32mshard[0m = 0 [0;32mnonce[0m = 0 [0;32mround[0m = 0 [0;32mroot hash[0m = 0000000000000000000000000000000000000000000000000000000000000000 
[0;32mINFO [0m[2026-03-16 10:14:05.195]   genesisBlockCreator.createHeaders        [0;32mshard[0m = 1 [0;32mnonce[0m = 0 [0;32mround[0m = 0 [0;32mroot hash[0m = 0000000000000000000000000000000000000000000000000000000000000000 
[0;32mINFO [0m[2026-03-16 10:14:05.195]   genesisBlockCreator.createHeaders        [0;32mshard[0m = 4294967295 [0;32mnonce[0m = 0 [0;32mround[0m = 0 [0;32mroot hash[0m = c0db3716ed463285cd11a9741f3aac4faa83795c52fdba286b028464d23a71a3 
[0;33mWARN [0m[2026-03-16 10:14:05.195]   cannot index genesis accounts            [0;33merror[0m = expected error 
[0;33mWARN [0m[2026-03-16 10:14:05.195]   different delay for request block info: the epoch change trigger might not behave normally [0;33mvalue from config[0m = 0s [0;33mexpected[0m = 3s 
[0;32mINFO [0m[2026-03-16 10:14:05.195]   VM 1.5 created                           
[0;32mINFO [0m[2026-03-16 10:14:05.196]   processorProxy                           [0;32mconfigured[0m = 1 
[0;32mINFO [0m[2026-03-16 10:14:05.196]   processorProxy                           [0;32mconfigured[0m = 1 
[0;32mINFO [0m[2026-03-16 10:14:05.198]   processorProxy                           [0;32mconfigured[0m = 0 
[0;32mINFO [0m[2026-03-16 10:14:05.198]   indexGenesisBlocks(): historyRepo.RecordBlock [0;32mshardID[0m = 0 [0;32mhash[0m = 06126e2d2abf26140ba2cf255fd27fe48405bbc62f51e46d00326defa5cdf140 
[0;32mINFO [0m[2026-03-16 10:14:05.210]   genesisBlockCreator.createHeaders        [0;32mshard[0m = 0 [0;32mnonce[0m = 0 [0;32mround[0m = 0 [0;32mroot hash[0m = 0000000000000000000000000000000000000000000000000000000000000000 
[0;32mINFO [0m[2026-03-16 10:14:05.210]   genesisBlockCreator.createHeaders        [0;32mshard[0m = 1 [0;32mnonce[0m = 0 [0;32mround[0m = 0 [0;32mroot hash[0m = 0000000000000000000000000000000000000000000000000000000000000000 
[0;32mINFO [0m[2026-03-16 10:14:05.210]   genesisBlockCreator.createHeaders        [0;32mshard[0m = 4294967295 [0;32mnonce[0m = 0 [0;32mround[0m = 0 [0;32mroot hash[0m = c0db3716ed463285cd11a9741f3aac4faa83795c52fdba286b028464d23a71a3 
[0;33mWARN [0m[2026-03-16 10:14:05.210]   different delay for request block info: the epoch change trigger might not behave normally [0;33mvalue from config[0m = 0s [0;33mexpected[0m = 3s 
[0;32mINFO [0m[2026-03-16 10:14:05.212]   VM 1.5 created                           
[0;32mINFO [0m[2026-03-16 10:14:05.245]   genesisBlockCreator.createHeaders        [0;32mshard[0m = 0 [0;32mnonce[0m = 0 [0;32mround[0m = 0 [0;32mroot hash[0m = 0000000000000000000000000000000000000000000000000000000000000000 
[0;32mINFO [0m[2026-03-16 10:14:05.245]   genesisBlockCreator.createHeaders        [0;32mshard[0m = 1 [0;32mnonce[0m = 0 [0;32mround[0m = 0 [0;32mroot hash[0m = 0000000000000000000000000000000000000000000000000000000000000000 
[0;32mINFO [0m[2026-03-16 10:14:05.245]   genesisBlockCreator.createHeaders        [0;32mshard[0m = 4294967295 [0;32mnonce[0m = 0 [0;32mround[0m = 0 [0;32mroot hash[0m = c0db3716ed463285cd11a9741f3aac4faa83795c52fdba286b028464d23a71a3 
[0;33mWARN [0m[2026-03-16 10:14:05.245]   different delay for request block info: the epoch change trigger might not behave normally [0;33mvalue from config[0m = 0s [0;33mexpected[0m = 3s 
[0;32mINFO [0m[2026-03-16 10:14:05.249]   processorProxy                           [0;32mconfigured[0m = 1 
[0;32mINFO [0m[2026-03-16 10:14:05.250]   processorProxy                           [0;32mconfigured[0m = 1 
[0;32mINFO [0m[2026-03-16 10:14:05.250]   genesisBlockCreator.createHeaders        [0;32mshard[0m = 0 [0;32mnonce[0m = 0 [0;32mround[0m = 0 [0;32mroot hash[0m = 0000000000000000000000000000000000000000000000000000000000000000 
[0;32mINFO [0m[2026-03-16 10:14:05.250]   genesisBlockCreator.createHeaders        [0;32mshard[0m = 1 [0;32mnonce[0m = 0 [0;32mround[0m = 0 [0;32mroot hash[0m = 0000000000000000000000000000000000000000000000000000000000000000 
[0;32mINFO [0m[2026-03-16 10:14:05.251]   genesisBlockCreator.createHeaders        [0;32mshard[0m = 4294967295 [0;32mnonce[0m = 0 [0;32mround[0m = 0 [0;32mroot hash[0m = c0db3716ed463285cd11a9741f3aac4faa83795c52fdba286b028464d23a71a3 
[0;33mWARN [0m[2026-03-16 10:14:05.251]   different delay for request block info: the epoch change trigger might not behave normally [0;33mvalue from config[0m = 0s [0;33mexpected[0m = 3s 
[0;32mINFO [0m[2026-03-16 10:14:05.252]   VM 1.5 created                           
[0;32mINFO [0m[2026-03-16 10:14:05.287]   processorProxy                           [0;32mconfigured[0m = 1 
[0;32mINFO [0m[2026-03-16 10:14:05.296]   VM 1.5 created                           
[0;32mINFO [0m[2026-03-16 10:14:05.309]   processorProxy                           [0;32mconfigured[0m = 1 
[0;32mINFO [0m[2026-03-16 10:14:05.309]   processorProxy                           [0;32mconfigured[0m = 1 
[0;32mINFO [0m[2026-03-16 10:14:05.313]   genesisBlockCreator.createHeaders        [0;32mshard[0m = 0 [0;32mnonce[0m = 0 [0;32mround[0m = 0 [0;32mroot hash[0m = 0000000000000000000000000000000000000000000000000000000000000000 
[0;32mINFO [0m[2026-03-16 10:14:05.313]   genesisBlockCreator.createHeaders        [0;32mshard[0m = 1 [0;32mnonce[0m = 0 [0;32mround[0m = 0 [0;32mroot hash[0m = 0000000000000000000000000000000000000000000000000000000000000000 
[0;32mINFO [0m[2026-03-16 10:14:05.313]   genesisBlockCreator.createHeaders        [0;32mshard[0m = 4294967295 [0;32mnonce[0m = 0 [0;32mround[0m = 0 [0;32mroot hash[0m = 0000000000000000000000000000000000000000000000000000000000000000 
[0;33mWARN [0m[2026-03-16 10:14:05.313]   cannot index genesis accounts            [0;33merror[0m = wrong size when encoding address, expected length 32, received 0 
[0;33mWARN [0m[2026-03-16 10:14:05.313]   different delay for request block info: the epoch change trigger might not behave normally [0;33mvalue from config[0m = 0s [0;33mexpected[0m = 3s 
[0;32mINFO [0m[2026-03-16 10:14:05.314]   VM 1.5 created                           
[0;32mINFO [0m[2026-03-16 10:14:05.319]   processorProxy                           [0;32mconfigured[0m = 1 
[0;32mINFO [0m[2026-03-16 10:14:05.327]   processorProxy                           [0;32mconfigured[0m = 0 
[0;32mINFO [0m[2026-03-16 10:14:05.337]   genesisBlockCreator.createHeaders        [0;32mshard[0m = 0 [0;32mnonce[0m = 0 [0;32mround[0m = 0 [0;32mroot hash[0m = 0000000000000000000000000000000000000000000000000000000000000000 
[0;32mINFO [0m[2026-03-16 10:14:05.338]   genesisBlockCreator.createHeaders        [0;32mshard[0m = 1 [0;32mnonce[0m = 0 [0;32mround[0m = 0 [0;32mroot hash[0m = 0000000000000000000000000000000000000000000000000000000000000000 
[0;32mINFO [0m[2026-03-16 10:14:05.338]   genesisBlockCreator.createHeaders        [0;32mshard[0m = 4294967295 [0;32mnonce[0m = 0 [0;32mround[0m = 0 [0;32mroot hash[0m = c0db3716ed463285cd11a9741f3aac4faa83795c52fdba286b028464d23a71a3 
[0;33mWARN [0m[2026-03-16 10:14:05.338]   different delay for request block info: the epoch change trigger might not behave normally [0;33mvalue from config[0m = 0s [0;33mexpected[0m = 3s 
[0;32mINFO [0m[2026-03-16 10:14:05.340]   VM 1.5 created                           
[0;32mINFO [0m[2026-03-16 10:14:05.359]   processorProxy                           [0;32mconfigured[0m = 1 
[0;32mINFO [0m[2026-03-16 10:14:05.360]   VM 1.5 created                           
[0;32mINFO [0m[2026-03-16 10:14:05.368]   processorProxy                           [0;32mconfigured[0m = 0 
[0;32mINFO [0m[2026-03-16 10:14:05.381]   processorProxy                           [0;32mconfigured[0m = 0 
[0;32mINFO [0m[2026-03-16 10:14:05.382]   indexGenesisBlocks(): indexer.SaveBlock  [0;32mhash[0m = 0e5751c026e543b2e8ab2eb06099daa1d1e5df47778f7787faab45cdf12fe3a8 
[0;32mINFO [0m[2026-03-16 10:14:05.382]   indexGenesisBlocks(): historyRepo.RecordBlock [0;32mshardID[0m = 0 [0;32mhash[0m = 0e5751c026e543b2e8ab2eb06099daa1d1e5df47778f7787faab45cdf12fe3a8 
[0;32mINFO [0m[2026-03-16 10:14:05.382]   VM 1.5 created                           
[0;32mINFO [0m[2026-03-16 10:14:05.388]   processorProxy                           [0;32mconfigured[0m = 0 
[0;32mINFO [0m[2026-03-16 10:14:05.388]   indexGenesisBlocks(): indexer.SaveBlock  [0;32mhash[0m = 06126e2d2abf26140ba2cf255fd27fe48405bbc62f51e46d00326defa5cdf140 
[0;32mINFO [0m[2026-03-16 10:14:05.388]   indexGenesisBlocks(): historyRepo.RecordBlock [0;32mshardID[0m = 0 [0;32mhash[0m = 06126e2d2abf26140ba2cf255fd27fe48405bbc62f51e46d00326defa5cdf140 
[0;32mINFO [0m[2026-03-16 10:14:05.395]   VM 1.5 created                           
[0;32mINFO [0m[2026-03-16 10:14:05.399]   processorProxy                           [0;32mconfigured[0m = 1 
[0;32mINFO [0m[2026-03-16 10:14:05.400]   processorProxy                           [0;32mconfigured[0m = 1 
[0;32mINFO [0m[2026-03-16 10:14:05.402]   processorProxy                           [0;32mconfigured[0m = 0 
[0;32mINFO [0m[2026-03-16 10:14:05.402]   closing mapTimeCacher's sweep go routine... 
[0;32mINFO [0m[2026-03-16 10:14:05.402]   closing mapTimeCacher's sweep go routine... 
[0;32mINFO [0m[2026-03-16 10:14:05.402]   closing mapTimeCacher's sweep go routine... 
[0;32mINFO [0m[2026-03-16 10:14:05.402]   closing mapTimeCacher's sweep go routine... 
[0;32mINFO [0m[2026-03-16 10:14:05.402]   closing mapTimeCacher's sweep go routine... 
[0;32mINFO [0m[2026-03-16 10:14:05.402]   closing mapTimeCacher's sweep go routine... 
[0;32mINFO [0m[2026-03-16 10:14:05.402]   closing mapTimeCacher's sweep go routine... 
[0;32mINFO [0m[2026-03-16 10:14:05.402]   closing mapTimeCacher's sweep go routine... 
[0;32mINFO [0m[2026-03-16 10:14:05.403]   closing mapTimeCacher's sweep go routine... 
[0;32mINFO [0m[2026-03-16 10:14:05.403]   closing mapTimeCacher's sweep go routine... 
[0;32mINFO [0m[2026-03-16 10:14:05.403]   closing mapTimeCacher's sweep go routine... 
[0;32mINFO [0m[2026-03-16 10:14:05.403]   closing mapTimeCacher's sweep go routine... 
[0;32mINFO [0m[2026-03-16 10:14:05.408]   closing mapTimeCacher's sweep go routine... 
[0;32mINFO [0m[2026-03-16 10:14:05.408]   closing mapTimeCacher's sweep go routine... 
[0;32mINFO [0m[2026-03-16 10:14:05.408]   closing mapTimeCacher's sweep go routine... 
[0;32mINFO [0m[2026-03-16 10:14:05.408]   closing mapTimeCacher's sweep go routine... 
[0;32mINFO [0m[2026-03-16 10:14:05.408]   closing mapTimeCacher's sweep go routine... 
[0;32mINFO [0m[2026-03-16 10:14:05.408]   closing mapTimeCacher's sweep go routine... 
[0;32mINFO [0m[2026-03-16 10:14:05.408]   closing mapTimeCacher's sweep go routine... 
[0;32mINFO [0m[2026-03-16 10:14:05.408]   closing mapTimeCacher's sweep go routine... 
[0;32mINFO [0m[2026-03-16 10:14:05.443]   genesisBlockCreator.createHeaders        [0;32mshard[0m = 0 [0;32mnonce[0m = 0 [0;32mround[0m = 0 [0;32mroot hash[0m = 0000000000000000000000000000000000000000000000000000000000000000 
[0;32mINFO [0m[2026-03-16 10:14:05.443]   genesisBlockCreator.createHeaders        [0;32mshard[0m = 1 [0;32mnonce[0m = 0 [0;32mround[0m = 0 [0;32mroot hash[0m = 0000000000000000000000000000000000000000000000000000000000000000 
[0;32mINFO [0m[2026-03-16 10:14:05.443]   genesisBlockCreator.createHeaders        [0;32mshard[0m = 4294967295 [0;32mnonce[0m = 0 [0;32mround[0m = 0 [0;32mroot hash[0m = c0db3716ed463285cd11a9741f3aac4faa83795c52fdba286b028464d23a71a3 
[0;33mWARN [0m[2026-03-16 10:14:05.443]   different delay for request block info: the epoch change trigger might not behave normally [0;33mvalue from config[0m = 0s [0;33mexpected[0m = 3s 
[0;32mINFO [0m[2026-03-16 10:14:05.444]   VM 1.5 created                           
[0;32mINFO [0m[2026-03-16 10:14:05.469]   processorProxy                           [0;32mconfigured[0m = 0 
[0;32mINFO [0m[2026-03-16 10:14:05.469]   indexGenesisBlocks(): historyRepo.RecordBlock [0;32mshardID[0m = 0 [0;32mhash[0m = 06126e2d2abf26140ba2cf255fd27fe48405bbc62f51e46d00326defa5cdf140 
[0;32mINFO [0m[2026-03-16 10:14:05.470]   processorProxy                           [0;32mconfigured[0m = 0 
[0;32mINFO [0m[2026-03-16 10:14:05.489]   genesisBlockCreator.createHeaders        [0;32mshard[0m = 0 [0;32mnonce[0m = 0 [0;32mround[0m = 0 [0;32mroot hash[0m = 0000000000000000000000000000000000000000000000000000000000000000 
[0;32mINFO [0m[2026-03-16 10:14:05.489]   genesisBlockCreator.createHeaders        [0;32mshard[0m = 1 [0;32mnonce[0m = 0 [0;32mround[0m = 0 [0;32mroot hash[0m = 0000000000000000000000000000000000000000000000000000000000000000 
[0;32mINFO [0m[2026-03-16 10:14:05.489]   genesisBlockCreator.createHeaders        [0;32mshard[0m = 4294967295 [0;32mnonce[0m = 0 [0;32mround[0m = 0 [0;32mroot hash[0m = c0db3716ed463285cd11a9741f3aac4faa83795c52fdba286b028464d23a71a3 
[0;33mWARN [0m[2026-03-16 10:14:05.489]   cannot index genesis accounts            [0;33merror[0m = expected error 
[0;33mWARN [0m[2026-03-16 10:14:05.489]   different delay for request block info: the epoch change trigger might not behave normally [0;33mvalue from config[0m = 0s [0;33mexpected[0m = 3s 
[0;32mINFO [0m[2026-03-16 10:14:05.490]   VM 1.5 created                           
[0;32mINFO [0m[2026-03-16 10:14:05.496]   processorProxy                           [0;32mconfigured[0m = 0 
[0;32mINFO [0m[2026-03-16 10:14:05.497]   indexGenesisBlocks(): indexer.SaveBlock  [0;32mhash[0m = 06126e2d2abf26140ba2cf255fd27fe48405bbc62f51e46d00326defa5cdf140 
[0;32mINFO [0m[2026-03-16 10:14:05.497]   indexGenesisBlocks(): historyRepo.RecordBlock [0;32mshardID[0m = 0 [0;32mhash[0m = 06126e2d2abf26140ba2cf255fd27fe48405bbc62f51e46d00326defa5cdf140 
[0;32mINFO [0m[2026-03-16 10:14:05.497]   VM 1.5 created                           
[0;32mINFO [0m[2026-03-16 10:14:05.530]   closing mapTimeCacher's sweep go routine... 
[0;32mINFO [0m[2026-03-16 10:14:05.530]   closing mapTimeCacher's sweep go routine... 
[0;32mINFO [0m[2026-03-16 10:14:05.530]   closing mapTimeCacher's sweep go routine... 
[0;32mINFO [0m[2026-03-16 10:14:05.530]   closing mapTimeCacher's sweep go routine... 
[0;32mINFO [0m[2026-03-16 10:14:05.530]   closing mapTimeCacher's sweep go routine... 
[0;32mINFO [0m[2026-03-16 10:14:05.530]   closing mapTimeCacher's sweep go routine... 
[0;32mINFO [0m[2026-03-16 10:14:05.530]   closing mapTimeCacher's sweep go routine... 
[0;32mINFO [0m[2026-03-16 10:14:05.530]   closing mapTimeCacher's sweep go routine... 
[0;32mINFO [0m[2026-03-16 10:14:05.530]   closing mapTimeCacher's sweep go routine... 
[0;32mINFO [0m[2026-03-16 10:14:05.530]   closing mapTimeCacher's sweep go routine... 
[0;32mINFO [0m[2026-03-16 10:14:05.530]   closing mapTimeCacher's sweep go routine... 
[0;32mINFO [0m[2026-03-16 10:14:05.530]   closing mapTimeCacher's sweep go routine... 
[0;32mINFO [0m[2026-03-16 10:14:05.530]   closing mapTimeCacher's sweep go routine... 
[0;32mINFO [0m[2026-03-16 10:14:05.530]   closing mapTimeCacher's sweep go routine... 
[0;32mINFO [0m[2026-03-16 10:14:05.530]   closing mapTimeCacher's sweep go routine... 
[0;32mINFO [0m[2026-03-16 10:14:05.530]   closing mapTimeCacher's sweep go routine... 
[0;32mINFO [0m[2026-03-16 10:14:05.530]   closing mapTimeCacher's sweep go routine... 
[0;32mINFO [0m[2026-03-16 10:14:05.530]   closing mapTimeCacher's sweep go routine... 
[0;32mINFO [0m[2026-03-16 10:14:05.530]   closing mapTimeCacher's sweep go routine... 
[0;32mINFO [0m[2026-03-16 10:14:05.530]   closing mapTimeCacher's sweep go routine... 
[0;32mINFO [0m[2026-03-16 10:14:05.530]   start time                               [0;32mformatted[0m = Mon Mar 16 10:15:00 IST 2026 [0;32mseconds[0m = 1773636300 
[0;32mINFO [0m[2026-03-16 10:14:05.531]   the node loaded the validatorKey.pem file and is running in single-key mode 
[0;32mINFO [0m[2026-03-16 10:14:05.531]   p2p private key: generated a new private key for p2p signing 
[0;32mINFO [0m[2026-03-16 10:14:05.637]   listening on addresses                   [0;32maddr0[0m = /ip4/127.0.0.1/tcp/36743/p2p/16Uiu2HAmMofUgYpnJpcQ7akeHBLDBBtQcPmoYXM6mDn9S19G1Bk1 
[0;32mINFO [0m[2026-03-16 10:14:05.637]   started the network discovery process... 
[0;32mINFO [0m[2026-03-16 10:14:05.805]   processorProxy                           [0;32mconfigured[0m = 0 
--- PASS: TestProcessComponentsFactory_Create (15.98s)
    --- PASS: TestProcessComponentsFactory_Create/should_work_-_shard (7.37s)
    --- PASS: TestProcessComponentsFactory_Create/should_work_-_meta (8.60s)
    --- PASS: TestProcessComponentsFactory_Create/CreateCurrentEpochProvider_fails_should_error (0.00s)
    --- PASS: TestProcessComponentsFactory_Create/newStorageRequester_fails_due_to_NewStorageServiceFactory_failure_should_error (0.00s)
    --- PASS: TestProcessComponentsFactory_Create/generateGenesisHeadersAndApplyInitialBalances_fails_due_to_invalid_GenesisNodePrice_should_error (0.00s)
    --- PASS: TestProcessComponentsFactory_Create/prepareNetworkShardingCollector_fails_due_to_SetPeerValidatorMapper_failure_should_error (0.00s)
    --- PASS: TestProcessComponentsFactory_Create/createNetworkShardingCollector_fails_due_to_invalid_PublicKeyShardId_config_should_error (0.00s)
    --- PASS: TestProcessComponentsFactory_Create/createNetworkShardingCollector_fails_due_to_invalid_PeerIdShardId_config_should_error (0.00s)
    --- PASS: TestProcessComponentsFactory_Create/prepareNetworkShardingCollector_fails_due_to_SetPeerShardResolver_failure_should_error (0.00s)
    --- PASS: TestProcessComponentsFactory_Create/createNetworkShardingCollector_fails_due_to_invalid_PublicKeyPeerId_config_should_error (0.00s)
    --- PASS: TestProcessComponentsFactory_Create/newResolverContainerFactory_fails_due_to_NewPeerAuthenticationPayloadValidator_failure_should_error (0.00s)
    --- PASS: TestProcessComponentsFactory_Create/NewTxsPoolsCleaner_fails_should_error (0.18s)
    --- PASS: TestProcessComponentsFactory_Create/newValidatorStatisticsProcessor_fails_due_to_nil_genesis_header_should_error (0.24s)
    --- PASS: TestProcessComponentsFactory_Create/should_work_with_indexAndReturnGenesisAccounts_failing_due_to_error_on_Encode (0.36s)
    --- PASS: TestProcessComponentsFactory_Create/should_work_with_indexAndReturnGenesisAccounts_failing_due_to_error_on_GetAllLeaves (0.26s)
    --- PASS: TestProcessComponentsFactory_Create/nodesSetupChecker.Check_fails_should_error (0.37s)
    --- PASS: TestProcessComponentsFactory_Create/NewMiniBlocksPoolsCleaner_fails_should_error (0.42s)
    --- PASS: TestProcessComponentsFactory_Create/indexGenesisBlocks_fails_due_to_GenerateInitialTransactions_failure_should_error (0.48s)
    --- PASS: TestProcessComponentsFactory_Create/createHardforkTrigger_fails_due_to_Decode_failure_should_error (0.59s)
    --- PASS: TestProcessComponentsFactory_Create/newShardBlockProcessor:_attachProcessDebugger_fails_should_error (0.49s)
    --- PASS: TestProcessComponentsFactory_Create/should_work_with_indexAndReturnGenesisAccounts_failing_due_to_Unmarshal_failure (0.15s)
    --- PASS: TestProcessComponentsFactory_Create/NewCache_fails_for_vmOutput_should_error (0.72s)
    --- PASS: TestProcessComponentsFactory_Create/should_work_with_indexAndReturnGenesisAccounts_failing_due_to_RootHash_failure (0.61s)
    --- PASS: TestProcessComponentsFactory_Create/should_work_with_indexAndReturnGenesisAccounts_failing_due_to_GetAllLeaves_failure (0.85s)
[0;32mINFO [0m[2026-03-16 10:14:05.806]   closing mapTimeCacher's sweep go routine... 
[0;32mINFO [0m[2026-03-16 10:14:05.806]   closing mapTimeCacher's sweep go routine... 
[0;32mINFO [0m[2026-03-16 10:14:05.806]   closing mapTimeCacher's sweep go routine... 
[0;32mINFO [0m[2026-03-16 10:14:05.806]   closing mapTimeCacher's sweep go routine... 
[0;32mINFO [0m[2026-03-16 10:14:05.806]   closing mapTimeCacher's sweep go routine... 
[0;32mINFO [0m[2026-03-16 10:14:05.806]   closing mapTimeCacher's sweep go routine... 
[0;32mINFO [0m[2026-03-16 10:14:05.806]   closing mapTimeCacher's sweep go routine... 
[0;32mINFO [0m[2026-03-16 10:14:05.806]   closing mapTimeCacher's sweep go routine... 
[0;32mINFO [0m[2026-03-16 10:14:05.806]   closing mapTimeCacher's sweep go routine... 
[0;32mINFO [0m[2026-03-16 10:14:05.806]   closing mapTimeCacher's sweep go routine... 
[0;32mINFO [0m[2026-03-16 10:14:05.806]   closing mapTimeCacher's sweep go routine... 
[0;32mINFO [0m[2026-03-16 10:14:05.806]   closing mapTimeCacher's sweep go routine... 
[0;32mINFO [0m[2026-03-16 10:14:05.806]   closing mapTimeCacher's sweep go routine... 
[0;32mINFO [0m[2026-03-16 10:14:05.806]   closing mapTimeCacher's sweep go routine... 
[0;32mINFO [0m[2026-03-16 10:14:05.806]   closing mapTimeCacher's sweep go routine... 
[0;32mINFO [0m[2026-03-16 10:14:05.806]   closing mapTimeCacher's sweep go routine... 
[0;32mINFO [0m[2026-03-16 10:14:05.806]   closing mapTimeCacher's sweep go routine... 
[0;32mINFO [0m[2026-03-16 10:14:05.806]   closing mapTimeCacher's sweep go routine... 
[0;32mINFO [0m[2026-03-16 10:14:05.806]   closing mapTimeCacher's sweep go routine... 
[0;32mINFO [0m[2026-03-16 10:14:05.806]   closing mapTimeCacher's sweep go routine... 
[0;32mINFO [0m[2026-03-16 10:14:06.640]   start time                               [0;32mformatted[0m = Mon Mar 16 10:15:00 IST 2026 [0;32mseconds[0m = 1773636300 
[0;32mINFO [0m[2026-03-16 10:14:06.647]   the node loaded the validatorKey.pem file and is running in single-key mode 
[0;32mINFO [0m[2026-03-16 10:14:06.647]   p2p private key: generated a new private key for p2p signing 
[0;32mINFO [0m[2026-03-16 10:14:07.651]   start time                               [0;32mformatted[0m = Mon Mar 16 10:15:00 IST 2026 [0;32mseconds[0m = 1773636300 
[0;32mINFO [0m[2026-03-16 10:14:08.655]   start time                               [0;32mformatted[0m = Mon Mar 16 10:15:00 IST 2026 [0;32mseconds[0m = 1773636300 
[0;32mINFO [0m[2026-03-16 10:14:09.754]   start time                               [0;32mformatted[0m = Mon Mar 16 10:15:00 IST 2026 [0;32mseconds[0m = 1773636300 
[0;32mINFO [0m[2026-03-16 10:14:09.758]   the node loaded the validatorKey.pem file and is running in single-key mode 
[0;32mINFO [0m[2026-03-16 10:14:09.758]   p2p private key: generated a new private key for p2p signing 
[0;32mINFO [0m[2026-03-16 10:14:09.958]   listening on addresses                   [0;32maddr0[0m = /ip4/127.0.0.1/tcp/37759/p2p/16Uiu2HAmJDc651M6YMh4oF6qKcG4RYrHfwq7Gvsa2V5KCj9qUwu7 
[0;32mINFO [0m[2026-03-16 10:14:09.958]   started the network discovery process... 
[0;32mINFO [0m[2026-03-16 10:14:11.051]   start time                               [0;32mformatted[0m = Mon Mar 16 10:15:00 IST 2026 [0;32mseconds[0m = 1773636300 
[0;32mINFO [0m[2026-03-16 10:14:11.053]   starting as observer node                
[0;32mINFO [0m[2026-03-16 10:14:11.053]   shard info                               [0;32mstarted in shard[0m = 0 
[0;32mINFO [0m[2026-03-16 10:14:11.053]   bootstrap parameters                     [0;32mshardId[0m = 0 [0;32mepoch[0m = 0 [0;32mnumShards[0m = 2 
[0;32mINFO [0m[2026-03-16 10:14:12.059]   start time                               [0;32mformatted[0m = Mon Mar 16 10:15:00 IST 2026 [0;32mseconds[0m = 1773636300 
[0;31mERROR[0m[2026-03-16 10:14:12.126]   maxPerTransaction definition is missing in the current gas schedule, using old values 
--- PASS: TestManagedProcessComponents_createAPITransactionEvaluator (23.36s)
    --- PASS: TestManagedProcessComponents_createAPITransactionEvaluator/invalid_VMOutputCacher_config_should_error (7.28s)
    --- PASS: TestManagedProcessComponents_createAPITransactionEvaluator/should_work_for_shard (8.48s)
    --- PASS: TestManagedProcessComponents_createAPITransactionEvaluator/should_work_for_metachain (7.60s)
PASS
ok  	github.com/TerraDharitri/drt-go-chain/factory/processing	(cached)
=== RUN   TestStateComponents_ParseStateChangesTypesToCollect
=== PAUSE TestStateComponents_ParseStateChangesTypesToCollect
=== RUN   TestNewManagedStateComponents
=== PAUSE TestNewManagedStateComponents
=== RUN   TestManagedStateComponents_Create
=== PAUSE TestManagedStateComponents_Create
=== RUN   TestManagedStateComponents_Close
=== PAUSE TestManagedStateComponents_Close
=== RUN   TestManagedStateComponents_CheckSubcomponents
=== PAUSE TestManagedStateComponents_CheckSubcomponents
=== RUN   TestManagedStateComponents_Setters
=== PAUSE TestManagedStateComponents_Setters
=== RUN   TestManagedStateComponents_IsInterfaceNil
=== PAUSE TestManagedStateComponents_IsInterfaceNil
=== RUN   TestNewStateComponentsFactory
=== PAUSE TestNewStateComponentsFactory
=== RUN   TestStateComponentsFactory_Create
=== PAUSE TestStateComponentsFactory_Create
=== RUN   TestStateComponents_Close
=== PAUSE TestStateComponents_Close
=== CONT  TestStateComponents_ParseStateChangesTypesToCollect
=== CONT  TestManagedStateComponents_Setters
=== RUN   TestStateComponents_ParseStateChangesTypesToCollect/should_parse_state_changes:_1_read_1_write
=== PAUSE TestStateComponents_ParseStateChangesTypesToCollect/should_parse_state_changes:_1_read_1_write
=== CONT  TestManagedStateComponents_Close
=== CONT  TestNewManagedStateComponents
=== RUN   TestNewManagedStateComponents/nil_factory_should_error
=== PAUSE TestNewManagedStateComponents/nil_factory_should_error
=== RUN   TestNewManagedStateComponents/should_work
=== PAUSE TestNewManagedStateComponents/should_work
=== CONT  TestNewManagedStateComponents/nil_factory_should_error
=== RUN   TestStateComponents_ParseStateChangesTypesToCollect/should_parse_state_changes:_multiple_types
=== PAUSE TestStateComponents_ParseStateChangesTypesToCollect/should_parse_state_changes:_multiple_types
=== RUN   TestStateComponents_ParseStateChangesTypesToCollect/should_parse_state_changes:_inconsistent_strings
=== RUN   TestStateComponents_ParseStateChangesTypesToCollect/should_parse_state_changes:_no_types
=== PAUSE TestStateComponents_ParseStateChangesTypesToCollect/should_parse_state_changes:_no_types
=== RUN   TestStateComponents_ParseStateChangesTypesToCollect/should_not_parse_state_changes:_invalid_types
=== PAUSE TestStateComponents_ParseStateChangesTypesToCollect/should_not_parse_state_changes:_invalid_types
=== CONT  TestStateComponents_ParseStateChangesTypesToCollect/should_parse_state_changes:_1_read_1_write
=== CONT  TestNewManagedStateComponents/should_work
=== CONT  TestStateComponents_Close
=== CONT  TestManagedStateComponents_Create
=== RUN   TestManagedStateComponents_Create/invalid_config_should_error
=== PAUSE TestManagedStateComponents_Create/invalid_config_should_error
=== RUN   TestManagedStateComponents_Create/should_work_with_getters
=== PAUSE TestManagedStateComponents_Create/should_work_with_getters
=== CONT  TestManagedStateComponents_Create/invalid_config_should_error
=== CONT  TestManagedStateComponents_Create/should_work_with_getters
=== CONT  TestStateComponents_ParseStateChangesTypesToCollect/should_not_parse_state_changes:_invalid_types
=== CONT  TestStateComponents_ParseStateChangesTypesToCollect/should_parse_state_changes:_no_types
=== CONT  TestStateComponents_ParseStateChangesTypesToCollect/should_parse_state_changes:_multiple_types
--- PASS: TestStateComponents_ParseStateChangesTypesToCollect (0.00s)
    --- PASS: TestStateComponents_ParseStateChangesTypesToCollect/should_parse_state_changes:_inconsistent_strings (0.00s)
    --- PASS: TestStateComponents_ParseStateChangesTypesToCollect/should_parse_state_changes:_1_read_1_write (0.00s)
    --- PASS: TestStateComponents_ParseStateChangesTypesToCollect/should_not_parse_state_changes:_invalid_types (0.00s)
    --- PASS: TestStateComponents_ParseStateChangesTypesToCollect/should_parse_state_changes:_no_types (0.00s)
    --- PASS: TestStateComponents_ParseStateChangesTypesToCollect/should_parse_state_changes:_multiple_types (0.00s)
=== CONT  TestManagedStateComponents_CheckSubcomponents
=== CONT  TestStateComponentsFactory_Create
=== RUN   TestStateComponentsFactory_Create/CreateTriesComponentsForShardId_fails_should_error
=== PAUSE TestStateComponentsFactory_Create/CreateTriesComponentsForShardId_fails_should_error
=== RUN   TestStateComponentsFactory_Create/NewMemoryEvictionWaitingList_fails_should_error
=== PAUSE TestStateComponentsFactory_Create/NewMemoryEvictionWaitingList_fails_should_error
=== RUN   TestStateComponentsFactory_Create/NewAccountsDB_fails_should_error
=== PAUSE TestStateComponentsFactory_Create/NewAccountsDB_fails_should_error
=== RUN   TestStateComponentsFactory_Create/CreateAccountsAdapterAPIOnFinal_fails_should_error
=== PAUSE TestStateComponentsFactory_Create/CreateAccountsAdapterAPIOnFinal_fails_should_error
=== RUN   TestStateComponentsFactory_Create/should_work
=== PAUSE TestStateComponentsFactory_Create/should_work
=== CONT  TestStateComponentsFactory_Create/CreateTriesComponentsForShardId_fails_should_error
=== CONT  TestStateComponentsFactory_Create/should_work
=== CONT  TestStateComponentsFactory_Create/NewAccountsDB_fails_should_error
=== CONT  TestStateComponentsFactory_Create/CreateAccountsAdapterAPIOnFinal_fails_should_error
=== CONT  TestStateComponentsFactory_Create/NewMemoryEvictionWaitingList_fails_should_error
=== CONT  TestNewStateComponentsFactory
=== CONT  TestManagedStateComponents_IsInterfaceNil
=== RUN   TestNewStateComponentsFactory/nil_Core_should_error
=== PAUSE TestNewStateComponentsFactory/nil_Core_should_error
=== RUN   TestNewStateComponentsFactory/nil_StatusCore_should_error
=== PAUSE TestNewStateComponentsFactory/nil_StatusCore_should_error
=== RUN   TestNewStateComponentsFactory/should_work
=== PAUSE TestNewStateComponentsFactory/should_work
=== CONT  TestNewStateComponentsFactory/nil_Core_should_error
=== CONT  TestNewStateComponentsFactory/should_work
=== CONT  TestNewStateComponentsFactory/nil_StatusCore_should_error
[0;32mINFO [0m[2026-03-16 10:13:49.764]   start time                               [0;32mformatted[0m = Mon Mar 16 10:14:00 IST 2026 [0;32mseconds[0m = 1773636240 
[0;32mINFO [0m[2026-03-16 10:13:49.773]   start time                               [0;32mformatted[0m = Mon Mar 16 10:14:00 IST 2026 [0;32mseconds[0m = 1773636240 
[0;32mINFO [0m[2026-03-16 10:13:49.782]   start time                               [0;32mformatted[0m = Mon Mar 16 10:14:00 IST 2026 [0;32mseconds[0m = 1773636240 
[0;32mINFO [0m[2026-03-16 10:13:49.782]   start time                               [0;32mformatted[0m = Mon Mar 16 10:14:00 IST 2026 [0;32mseconds[0m = 1773636240 
[0;32mINFO [0m[2026-03-16 10:13:49.785]   start time                               [0;32mformatted[0m = Mon Mar 16 10:14:00 IST 2026 [0;32mseconds[0m = 1773636240 
[0;32mINFO [0m[2026-03-16 10:13:49.785]   start time                               [0;32mformatted[0m = Mon Mar 16 10:14:00 IST 2026 [0;32mseconds[0m = 1773636240 
[0;32mINFO [0m[2026-03-16 10:13:49.785]   start time                               [0;32mformatted[0m = Mon Mar 16 10:14:00 IST 2026 [0;32mseconds[0m = 1773636240 
[0;32mINFO [0m[2026-03-16 10:13:49.785]   start time                               [0;32mformatted[0m = Mon Mar 16 10:14:00 IST 2026 [0;32mseconds[0m = 1773636240 
[0;32mINFO [0m[2026-03-16 10:13:49.782]   start time                               [0;32mformatted[0m = Mon Mar 16 10:14:00 IST 2026 [0;32mseconds[0m = 1773636240 
[0;32mINFO [0m[2026-03-16 10:13:49.797]   start time                               [0;32mformatted[0m = Mon Mar 16 10:14:00 IST 2026 [0;32mseconds[0m = 1773636240 
[0;32mINFO [0m[2026-03-16 10:13:49.797]   start time                               [0;32mformatted[0m = Mon Mar 16 10:14:00 IST 2026 [0;32mseconds[0m = 1773636240 
[0;32mINFO [0m[2026-03-16 10:13:49.801]   start time                               [0;32mformatted[0m = Mon Mar 16 10:14:00 IST 2026 [0;32mseconds[0m = 1773636240 
[0;32mINFO [0m[2026-03-16 10:13:49.812]   start time                               [0;32mformatted[0m = Mon Mar 16 10:14:00 IST 2026 [0;32mseconds[0m = 1773636240 
[0;32mINFO [0m[2026-03-16 10:13:49.815]   start time                               [0;32mformatted[0m = Mon Mar 16 10:14:00 IST 2026 [0;32mseconds[0m = 1773636240 
[0;32mINFO [0m[2026-03-16 10:13:49.840]   start time                               [0;32mformatted[0m = Mon Mar 16 10:14:00 IST 2026 [0;32mseconds[0m = 1773636240 
[0;32mINFO [0m[2026-03-16 10:13:49.855]   start time                               [0;32mformatted[0m = Mon Mar 16 10:14:00 IST 2026 [0;32mseconds[0m = 1773636240 
[0;32mINFO [0m[2026-03-16 10:13:50.782]   start time                               [0;32mformatted[0m = Mon Mar 16 10:14:00 IST 2026 [0;32mseconds[0m = 1773636240 
--- PASS: TestManagedStateComponents_Setters (2.02s)
[0;32mINFO [0m[2026-03-16 10:13:50.784]   start time                               [0;32mformatted[0m = Mon Mar 16 10:14:00 IST 2026 [0;32mseconds[0m = 1773636240 
[0;32mINFO [0m[2026-03-16 10:13:50.787]   start time                               [0;32mformatted[0m = Mon Mar 16 10:14:00 IST 2026 [0;32mseconds[0m = 1773636240 
[0;32mINFO [0m[2026-03-16 10:13:50.789]   start time                               [0;32mformatted[0m = Mon Mar 16 10:14:00 IST 2026 [0;32mseconds[0m = 1773636240 
[0;32mINFO [0m[2026-03-16 10:13:50.790]   start time                               [0;32mformatted[0m = Mon Mar 16 10:14:00 IST 2026 [0;32mseconds[0m = 1773636240 
[0;32mINFO [0m[2026-03-16 10:13:50.790]   start time                               [0;32mformatted[0m = Mon Mar 16 10:14:00 IST 2026 [0;32mseconds[0m = 1773636240 
--- PASS: TestManagedStateComponents_CheckSubcomponents (2.02s)
[0;32mINFO [0m[2026-03-16 10:13:50.791]   start time                               [0;32mformatted[0m = Mon Mar 16 10:14:00 IST 2026 [0;32mseconds[0m = 1773636240 
[0;32mINFO [0m[2026-03-16 10:13:50.791]   start time                               [0;32mformatted[0m = Mon Mar 16 10:14:00 IST 2026 [0;32mseconds[0m = 1773636240 
[0;32mINFO [0m[2026-03-16 10:13:50.801]   start time                               [0;32mformatted[0m = Mon Mar 16 10:14:00 IST 2026 [0;32mseconds[0m = 1773636240 
--- PASS: TestManagedStateComponents_Close (2.05s)
[0;32mINFO [0m[2026-03-16 10:13:50.806]   start time                               [0;32mformatted[0m = Mon Mar 16 10:14:00 IST 2026 [0;32mseconds[0m = 1773636240 
--- PASS: TestManagedStateComponents_IsInterfaceNil (2.03s)
[0;32mINFO [0m[2026-03-16 10:13:50.825]   start time                               [0;32mformatted[0m = Mon Mar 16 10:14:00 IST 2026 [0;32mseconds[0m = 1773636240 
[0;32mINFO [0m[2026-03-16 10:13:50.830]   start time                               [0;32mformatted[0m = Mon Mar 16 10:14:00 IST 2026 [0;32mseconds[0m = 1773636240 
[0;32mINFO [0m[2026-03-16 10:13:50.834]   start time                               [0;32mformatted[0m = Mon Mar 16 10:14:00 IST 2026 [0;32mseconds[0m = 1773636240 
[0;32mINFO [0m[2026-03-16 10:13:50.832]   start time                               [0;32mformatted[0m = Mon Mar 16 10:14:00 IST 2026 [0;32mseconds[0m = 1773636240 
[0;32mINFO [0m[2026-03-16 10:13:50.928]   start time                               [0;32mformatted[0m = Mon Mar 16 10:14:00 IST 2026 [0;32mseconds[0m = 1773636240 
[0;32mINFO [0m[2026-03-16 10:13:50.928]   start time                               [0;32mformatted[0m = Mon Mar 16 10:14:00 IST 2026 [0;32mseconds[0m = 1773636240 
--- PASS: TestNewManagedStateComponents (0.04s)
    --- PASS: TestNewManagedStateComponents/nil_factory_should_error (0.00s)
    --- PASS: TestNewManagedStateComponents/should_work (2.15s)
--- PASS: TestStateComponentsFactory_Create (0.04s)
    --- PASS: TestStateComponentsFactory_Create/CreateAccountsAdapterAPIOnFinal_fails_should_error (2.01s)
    --- PASS: TestStateComponentsFactory_Create/CreateTriesComponentsForShardId_fails_should_error (2.02s)
    --- PASS: TestStateComponentsFactory_Create/should_work (2.02s)
    --- PASS: TestStateComponentsFactory_Create/NewAccountsDB_fails_should_error (2.02s)
    --- PASS: TestStateComponentsFactory_Create/NewMemoryEvictionWaitingList_fails_should_error (2.13s)
--- PASS: TestManagedStateComponents_Create (0.00s)
    --- PASS: TestManagedStateComponents_Create/invalid_config_should_error (2.04s)
    --- PASS: TestManagedStateComponents_Create/should_work_with_getters (2.26s)
--- PASS: TestStateComponents_Close (2.32s)
--- PASS: TestNewStateComponentsFactory (0.00s)
    --- PASS: TestNewStateComponentsFactory/should_work (2.01s)
    --- PASS: TestNewStateComponentsFactory/nil_Core_should_error (2.03s)
    --- PASS: TestNewStateComponentsFactory/nil_StatusCore_should_error (2.49s)
PASS
ok  	github.com/TerraDharitri/drt-go-chain/factory/state	(cached)
=== RUN   TestNewManagedStatusComponents
=== RUN   TestNewManagedStatusComponents/nil_factory_should_error
=== RUN   TestNewManagedStatusComponents/should_work
--- PASS: TestNewManagedStatusComponents (0.00s)
    --- PASS: TestNewManagedStatusComponents/nil_factory_should_error (0.00s)
    --- PASS: TestNewManagedStatusComponents/should_work (0.00s)
=== RUN   TestManagedStatusComponents_Create
=== RUN   TestManagedStatusComponents_Create/invalid_params_should_error
=== RUN   TestManagedStatusComponents_Create/should_work_with_getters
--- PASS: TestManagedStatusComponents_Create (0.00s)
    --- PASS: TestManagedStatusComponents_Create/invalid_params_should_error (0.00s)
    --- PASS: TestManagedStatusComponents_Create/should_work_with_getters (0.00s)
=== RUN   TestManagedStatusComponents_Close
--- PASS: TestManagedStatusComponents_Close (0.00s)
=== RUN   TestManagedStatusComponents_CheckSubcomponents
--- PASS: TestManagedStatusComponents_CheckSubcomponents (0.00s)
=== RUN   TestManagedStatusComponents_SetForkDetector
--- PASS: TestManagedStatusComponents_SetForkDetector (0.00s)
=== RUN   TestManagedStatusComponents_StartPolling
=== RUN   TestManagedStatusComponents_StartPolling/NewAppStatusPolling_fails_should_error
=== RUN   TestManagedStatusComponents_StartPolling/RegisterPollingFunc_fails_should_error
=== RUN   TestManagedStatusComponents_StartPolling/should_work
--- PASS: TestManagedStatusComponents_StartPolling (0.00s)
    --- PASS: TestManagedStatusComponents_StartPolling/NewAppStatusPolling_fails_should_error (0.00s)
    --- PASS: TestManagedStatusComponents_StartPolling/RegisterPollingFunc_fails_should_error (0.00s)
    --- PASS: TestManagedStatusComponents_StartPolling/should_work (0.00s)
=== RUN   TestComputeNumConnectedPeers
=== RUN   TestComputeNumConnectedPeers/main_network
=== RUN   TestComputeNumConnectedPeers/full_archive_network
--- PASS: TestComputeNumConnectedPeers (0.00s)
    --- PASS: TestComputeNumConnectedPeers/main_network (0.00s)
    --- PASS: TestComputeNumConnectedPeers/full_archive_network (0.00s)
=== RUN   TestComputeConnectedPeers
=== RUN   TestComputeConnectedPeers/main_network
=== RUN   TestComputeConnectedPeers/full_archive_network
--- PASS: TestComputeConnectedPeers (0.00s)
    --- PASS: TestComputeConnectedPeers/main_network (0.00s)
    --- PASS: TestComputeConnectedPeers/full_archive_network (0.00s)
=== RUN   TestManagedStatusComponents_IsInterfaceNil
--- PASS: TestManagedStatusComponents_IsInterfaceNil (0.00s)
=== RUN   TestNewStatusComponentsFactory
=== RUN   TestNewStatusComponentsFactory/nil_CoreComponents_should_error
=== RUN   TestNewStatusComponentsFactory/CoreComponents_with_nil_GenesisNodesSetup_should_error
=== RUN   TestNewStatusComponentsFactory/nil_NetworkComponents_should_error
=== RUN   TestNewStatusComponentsFactory/nil_ShardCoordinator_should_error
=== RUN   TestNewStatusComponentsFactory/nil_NodesCoordinator_should_error
=== RUN   TestNewStatusComponentsFactory/nil_EpochStartNotifier_should_error
=== RUN   TestNewStatusComponentsFactory/nil_StatusCoreComponents_should_error
=== RUN   TestNewStatusComponentsFactory/nil_CryptoComponents_should_error
=== RUN   TestNewStatusComponentsFactory/should_work
--- PASS: TestNewStatusComponentsFactory (0.00s)
    --- PASS: TestNewStatusComponentsFactory/nil_CoreComponents_should_error (0.00s)
    --- PASS: TestNewStatusComponentsFactory/CoreComponents_with_nil_GenesisNodesSetup_should_error (0.00s)
    --- PASS: TestNewStatusComponentsFactory/nil_NetworkComponents_should_error (0.00s)
    --- PASS: TestNewStatusComponentsFactory/nil_ShardCoordinator_should_error (0.00s)
    --- PASS: TestNewStatusComponentsFactory/nil_NodesCoordinator_should_error (0.00s)
    --- PASS: TestNewStatusComponentsFactory/nil_EpochStartNotifier_should_error (0.00s)
    --- PASS: TestNewStatusComponentsFactory/nil_StatusCoreComponents_should_error (0.00s)
    --- PASS: TestNewStatusComponentsFactory/nil_CryptoComponents_should_error (0.00s)
    --- PASS: TestNewStatusComponentsFactory/should_work (0.00s)
=== RUN   TestStatusComponentsFactory_Create
    statusComponents_test.go:139: this is not a short test
--- SKIP: TestStatusComponentsFactory_Create (0.00s)
=== RUN   TestStatusComponentsFactory_epochStartEventHandler
[0;33mWARN [0m[2026-03-16 10:13:48.767]   pc.nodesCoordinator.GetAllEligibleValidatorPublicKeys for current epoch failed [0;33mepoch[0m = 0 [0;33merror[0m = fail for coverage 
--- PASS: TestStatusComponentsFactory_epochStartEventHandler (0.00s)
=== RUN   TestStatusComponentsFactory_IsInterfaceNil
--- PASS: TestStatusComponentsFactory_IsInterfaceNil (0.00s)
=== RUN   TestStatusComponents_Close
--- PASS: TestStatusComponents_Close (0.00s)
=== RUN   TestMakeHostDriversArgs
--- PASS: TestMakeHostDriversArgs (0.00s)
PASS
ok  	github.com/TerraDharitri/drt-go-chain/factory/status	(cached)
=== RUN   TestNewManagedStatusCoreComponents
=== PAUSE TestNewManagedStatusCoreComponents
=== RUN   TestManagedStatusCoreComponents_Create
=== PAUSE TestManagedStatusCoreComponents_Create
=== RUN   TestManagedStatusCoreComponents_CheckSubcomponents
=== PAUSE TestManagedStatusCoreComponents_CheckSubcomponents
=== RUN   TestManagedStatusCoreComponents_Close
=== PAUSE TestManagedStatusCoreComponents_Close
=== RUN   TestManagedStatusCoreComponents_IsInterfaceNil
=== PAUSE TestManagedStatusCoreComponents_IsInterfaceNil
=== RUN   TestNewStatusCoreComponentsFactory
=== PAUSE TestNewStatusCoreComponentsFactory
=== RUN   TestStatusCoreComponentsFactory_Create
=== PAUSE TestStatusCoreComponentsFactory_Create
=== RUN   TestStatusCoreComponents_CloseShouldWork
=== PAUSE TestStatusCoreComponents_CloseShouldWork
=== CONT  TestNewManagedStatusCoreComponents
=== CONT  TestManagedStatusCoreComponents_CheckSubcomponents
=== CONT  TestManagedStatusCoreComponents_Create
=== RUN   TestManagedStatusCoreComponents_Create/invalid_params_should_error
=== PAUSE TestManagedStatusCoreComponents_Create/invalid_params_should_error
=== RUN   TestManagedStatusCoreComponents_Create/should_work_with_getters
=== PAUSE TestManagedStatusCoreComponents_Create/should_work_with_getters
=== CONT  TestManagedStatusCoreComponents_Create/invalid_params_should_error
=== CONT  TestManagedStatusCoreComponents_IsInterfaceNil
=== CONT  TestManagedStatusCoreComponents_Close
=== CONT  TestStatusCoreComponents_CloseShouldWork
=== CONT  TestStatusCoreComponentsFactory_Create
=== CONT  TestNewStatusCoreComponentsFactory
=== RUN   TestNewManagedStatusCoreComponents/nil_factory_should_error
=== PAUSE TestNewManagedStatusCoreComponents/nil_factory_should_error
=== RUN   TestStatusCoreComponentsFactory_Create/NewResourceMonitor_fails_should_error
=== RUN   TestNewManagedStatusCoreComponents/should_work
=== PAUSE TestNewManagedStatusCoreComponents/should_work
=== CONT  TestNewManagedStatusCoreComponents/nil_factory_should_error
=== RUN   TestNewStatusCoreComponentsFactory/nil_core_components_should_error
=== PAUSE TestNewStatusCoreComponentsFactory/nil_core_components_should_error
=== RUN   TestNewStatusCoreComponentsFactory/nil_economics_data_should_error
=== PAUSE TestNewStatusCoreComponentsFactory/nil_economics_data_should_error
=== RUN   TestNewStatusCoreComponentsFactory/should_work
=== PAUSE TestNewStatusCoreComponentsFactory/should_work
=== CONT  TestNewStatusCoreComponentsFactory/nil_core_components_should_error
=== CONT  TestNewManagedStatusCoreComponents/should_work
--- PASS: TestNewManagedStatusCoreComponents (0.00s)
    --- PASS: TestNewManagedStatusCoreComponents/nil_factory_should_error (0.00s)
    --- PASS: TestNewManagedStatusCoreComponents/should_work (0.00s)
=== CONT  TestNewStatusCoreComponentsFactory/nil_economics_data_should_error
=== PAUSE TestStatusCoreComponentsFactory_Create/NewResourceMonitor_fails_should_error
=== RUN   TestStatusCoreComponentsFactory_Create/NewPersistentStatusHandler_fails_should_error
=== PAUSE TestStatusCoreComponentsFactory_Create/NewPersistentStatusHandler_fails_should_error
=== RUN   TestStatusCoreComponentsFactory_Create/SetStatusHandler_on_economics_data_fails_should_error
=== PAUSE TestStatusCoreComponentsFactory_Create/SetStatusHandler_on_economics_data_fails_should_error
=== RUN   TestStatusCoreComponentsFactory_Create/SetStatusHandler_on_ratings_data_fails_should_error
=== CONT  TestNewStatusCoreComponentsFactory/should_work
=== PAUSE TestStatusCoreComponentsFactory_Create/SetStatusHandler_on_ratings_data_fails_should_error
=== RUN   TestStatusCoreComponentsFactory_Create/should_work
=== CONT  TestManagedStatusCoreComponents_Create/should_work_with_getters
=== PAUSE TestStatusCoreComponentsFactory_Create/should_work
=== CONT  TestStatusCoreComponentsFactory_Create/NewResourceMonitor_fails_should_error
=== CONT  TestStatusCoreComponentsFactory_Create/SetStatusHandler_on_ratings_data_fails_should_error
=== CONT  TestStatusCoreComponentsFactory_Create/SetStatusHandler_on_economics_data_fails_should_error
=== CONT  TestStatusCoreComponentsFactory_Create/NewPersistentStatusHandler_fails_should_error
=== CONT  TestStatusCoreComponentsFactory_Create/should_work
[0;32mINFO [0m[2026-03-16 10:13:49.739]   start time                               [0;32mformatted[0m = Mon Mar 16 10:14:00 IST 2026 [0;32mseconds[0m = 1773636240 
[0;32mINFO [0m[2026-03-16 10:13:49.739]   start time                               [0;32mformatted[0m = Mon Mar 16 10:14:00 IST 2026 [0;32mseconds[0m = 1773636240 
--- PASS: TestManagedStatusCoreComponents_IsInterfaceNil (1.00s)
[0;32mINFO [0m[2026-03-16 10:13:49.740]   start time                               [0;32mformatted[0m = Mon Mar 16 10:14:00 IST 2026 [0;32mseconds[0m = 1773636240 
[0;32mINFO [0m[2026-03-16 10:13:49.740]   start time                               [0;32mformatted[0m = Mon Mar 16 10:14:00 IST 2026 [0;32mseconds[0m = 1773636240 
[0;32mINFO [0m[2026-03-16 10:13:49.749]   start time                               [0;32mformatted[0m = Mon Mar 16 10:14:00 IST 2026 [0;32mseconds[0m = 1773636240 
--- PASS: TestManagedStatusCoreComponents_Close (1.02s)
[0;32mINFO [0m[2026-03-16 10:13:49.782]   start time                               [0;32mformatted[0m = Mon Mar 16 10:14:00 IST 2026 [0;32mseconds[0m = 1773636240 
--- PASS: TestStatusCoreComponents_CloseShouldWork (1.05s)
[0;32mINFO [0m[2026-03-16 10:13:49.791]   start time                               [0;32mformatted[0m = Mon Mar 16 10:14:00 IST 2026 [0;32mseconds[0m = 1773636240 
--- PASS: TestNewStatusCoreComponentsFactory (0.00s)
    --- PASS: TestNewStatusCoreComponentsFactory/nil_core_components_should_error (0.00s)
    --- PASS: TestNewStatusCoreComponentsFactory/nil_economics_data_should_error (0.00s)
    --- PASS: TestNewStatusCoreComponentsFactory/should_work (1.06s)
--- PASS: TestManagedStatusCoreComponents_Create (0.00s)
    --- PASS: TestManagedStatusCoreComponents_Create/invalid_params_should_error (0.00s)
    --- PASS: TestManagedStatusCoreComponents_Create/should_work_with_getters (1.07s)
[0;32mINFO [0m[2026-03-16 10:13:49.812]   start time                               [0;32mformatted[0m = Mon Mar 16 10:14:00 IST 2026 [0;32mseconds[0m = 1773636240 
[0;32mINFO [0m[2026-03-16 10:13:49.813]   start time                               [0;32mformatted[0m = Mon Mar 16 10:14:00 IST 2026 [0;32mseconds[0m = 1773636240 
[0;32mINFO [0m[2026-03-16 10:13:49.778]   start time                               [0;32mformatted[0m = Mon Mar 16 10:14:00 IST 2026 [0;32mseconds[0m = 1773636240 
[0;32mINFO [0m[2026-03-16 10:13:49.782]   start time                               [0;32mformatted[0m = Mon Mar 16 10:14:00 IST 2026 [0;32mseconds[0m = 1773636240 
--- PASS: TestManagedStatusCoreComponents_CheckSubcomponents (1.09s)
--- PASS: TestStatusCoreComponentsFactory_Create (0.06s)
    --- PASS: TestStatusCoreComponentsFactory_Create/NewResourceMonitor_fails_should_error (1.00s)
    --- PASS: TestStatusCoreComponentsFactory_Create/NewPersistentStatusHandler_fails_should_error (1.07s)
    --- PASS: TestStatusCoreComponentsFactory_Create/should_work (1.07s)
    --- PASS: TestStatusCoreComponentsFactory_Create/SetStatusHandler_on_economics_data_fails_should_error (1.10s)
    --- PASS: TestStatusCoreComponentsFactory_Create/SetStatusHandler_on_ratings_data_fails_should_error (1.11s)
PASS
ok  	github.com/TerraDharitri/drt-go-chain/factory/statusCore	(cached)
=== RUN   TestNewFallbackHeaderValidator_ShouldErrNilHeadersDataPool
=== PAUSE TestNewFallbackHeaderValidator_ShouldErrNilHeadersDataPool
=== RUN   TestNewFallbackHeaderValidator_ShouldErrNilMarshalizer
=== PAUSE TestNewFallbackHeaderValidator_ShouldErrNilMarshalizer
=== RUN   TestNewFallbackHeaderValidator_ShouldErrNilStorage
=== PAUSE TestNewFallbackHeaderValidator_ShouldErrNilStorage
=== RUN   TestNewFallbackHeaderValidator_ShouldWork
=== PAUSE TestNewFallbackHeaderValidator_ShouldWork
=== RUN   TestShouldApplyFallbackConsensus_ShouldReturnFalseWhenHeaderIsNil
=== PAUSE TestShouldApplyFallbackConsensus_ShouldReturnFalseWhenHeaderIsNil
=== RUN   TestShouldApplyFallbackConsensus_ShouldReturnFalseWhenIsNotMetachainBlock
=== PAUSE TestShouldApplyFallbackConsensus_ShouldReturnFalseWhenIsNotMetachainBlock
=== RUN   TestShouldApplyFallbackConsensus_ShouldReturnFalseWhenIsNotStartOfEpochMetachainBlock
=== PAUSE TestShouldApplyFallbackConsensus_ShouldReturnFalseWhenIsNotStartOfEpochMetachainBlock
=== RUN   TestShouldApplyFallbackConsensus_ShouldReturnFalseWhenPreviousHeaderIsNotFound
=== PAUSE TestShouldApplyFallbackConsensus_ShouldReturnFalseWhenPreviousHeaderIsNotFound
=== RUN   TestShouldApplyFallbackConsensus_ShouldReturnFalseWhenRoundIsNotTooOld
=== PAUSE TestShouldApplyFallbackConsensus_ShouldReturnFalseWhenRoundIsNotTooOld
=== RUN   TestShouldApplyFallbackConsensus_ShouldReturnTrue
=== PAUSE TestShouldApplyFallbackConsensus_ShouldReturnTrue
=== CONT  TestNewFallbackHeaderValidator_ShouldErrNilHeadersDataPool
=== CONT  TestShouldApplyFallbackConsensus_ShouldReturnFalseWhenIsNotMetachainBlock
=== CONT  TestShouldApplyFallbackConsensus_ShouldReturnFalseWhenHeaderIsNil
=== CONT  TestNewFallbackHeaderValidator_ShouldWork
=== CONT  TestShouldApplyFallbackConsensus_ShouldReturnFalseWhenRoundIsNotTooOld
=== CONT  TestShouldApplyFallbackConsensus_ShouldReturnTrue
=== CONT  TestNewFallbackHeaderValidator_ShouldErrNilStorage
=== CONT  TestNewFallbackHeaderValidator_ShouldErrNilMarshalizer
--- PASS: TestShouldApplyFallbackConsensus_ShouldReturnFalseWhenIsNotMetachainBlock (0.00s)
=== CONT  TestShouldApplyFallbackConsensus_ShouldReturnFalseWhenPreviousHeaderIsNotFound
=== CONT  TestShouldApplyFallbackConsensus_ShouldReturnFalseWhenIsNotStartOfEpochMetachainBlock
--- PASS: TestNewFallbackHeaderValidator_ShouldErrNilHeadersDataPool (0.00s)
--- PASS: TestShouldApplyFallbackConsensus_ShouldReturnFalseWhenHeaderIsNil (0.00s)
--- PASS: TestNewFallbackHeaderValidator_ShouldWork (0.00s)
--- PASS: TestShouldApplyFallbackConsensus_ShouldReturnFalseWhenRoundIsNotTooOld (0.00s)
--- PASS: TestShouldApplyFallbackConsensus_ShouldReturnTrue (0.00s)
--- PASS: TestNewFallbackHeaderValidator_ShouldErrNilStorage (0.00s)
--- PASS: TestNewFallbackHeaderValidator_ShouldErrNilMarshalizer (0.00s)
--- PASS: TestShouldApplyFallbackConsensus_ShouldReturnFalseWhenPreviousHeaderIsNotFound (0.00s)
--- PASS: TestShouldApplyFallbackConsensus_ShouldReturnFalseWhenIsNotStartOfEpochMetachainBlock (0.00s)
PASS
ok  	github.com/TerraDharitri/drt-go-chain/fallback	(cached)
=== RUN   TestNewNodesSetupChecker_NilGenesisParserShouldErr
=== PAUSE TestNewNodesSetupChecker_NilGenesisParserShouldErr
=== RUN   TestNewNodesSetupChecker_NilInitialNodePriceShouldErr
=== PAUSE TestNewNodesSetupChecker_NilInitialNodePriceShouldErr
=== RUN   TestNewNodesSetupChecker_InvalidInitialNodePriceShouldErr
=== PAUSE TestNewNodesSetupChecker_InvalidInitialNodePriceShouldErr
=== RUN   TestNewNodesSetupChecker_NilValidatorPubkeyConverterShouldErr
=== PAUSE TestNewNodesSetupChecker_NilValidatorPubkeyConverterShouldErr
=== RUN   TestNewNodesSetupChecker_NilKeyGeneratorShouldErr
=== PAUSE TestNewNodesSetupChecker_NilKeyGeneratorShouldErr
=== RUN   TestNewNodesSetupChecker_ShouldWork
=== PAUSE TestNewNodesSetupChecker_ShouldWork
=== RUN   TestNewNodesSetupChecker_CheckNotAValidPubkeyShouldErr
=== PAUSE TestNewNodesSetupChecker_CheckNotAValidPubkeyShouldErr
=== RUN   TestNewNodeSetupChecker_CheckNotStakedShouldErr
=== PAUSE TestNewNodeSetupChecker_CheckNotStakedShouldErr
=== RUN   TestNewNodeSetupChecker_CheckNotEnoughStakedShouldErr
=== PAUSE TestNewNodeSetupChecker_CheckNotEnoughStakedShouldErr
=== RUN   TestNewNodeSetupChecker_CheckTooMuchStakedShouldErr
=== PAUSE TestNewNodeSetupChecker_CheckTooMuchStakedShouldErr
=== RUN   TestNewNodeSetupChecker_CheckNotEnoughDelegatedShouldErr
=== PAUSE TestNewNodeSetupChecker_CheckNotEnoughDelegatedShouldErr
=== RUN   TestNewNodeSetupChecker_CheckTooMuchDelegatedShouldErr
=== PAUSE TestNewNodeSetupChecker_CheckTooMuchDelegatedShouldErr
=== RUN   TestNewNodeSetupChecker_CheckStakedAndDelegatedShouldWork
=== PAUSE TestNewNodeSetupChecker_CheckStakedAndDelegatedShouldWork
=== CONT  TestNewNodesSetupChecker_NilGenesisParserShouldErr
--- PASS: TestNewNodesSetupChecker_NilGenesisParserShouldErr (0.00s)
=== CONT  TestNewNodeSetupChecker_CheckStakedAndDelegatedShouldWork
--- PASS: TestNewNodeSetupChecker_CheckStakedAndDelegatedShouldWork (0.00s)
=== CONT  TestNewNodeSetupChecker_CheckTooMuchDelegatedShouldErr
--- PASS: TestNewNodeSetupChecker_CheckTooMuchDelegatedShouldErr (0.00s)
=== CONT  TestNewNodeSetupChecker_CheckNotEnoughDelegatedShouldErr
--- PASS: TestNewNodeSetupChecker_CheckNotEnoughDelegatedShouldErr (0.00s)
=== CONT  TestNewNodeSetupChecker_CheckTooMuchStakedShouldErr
--- PASS: TestNewNodeSetupChecker_CheckTooMuchStakedShouldErr (0.00s)
=== CONT  TestNewNodeSetupChecker_CheckNotEnoughStakedShouldErr
--- PASS: TestNewNodeSetupChecker_CheckNotEnoughStakedShouldErr (0.00s)
=== CONT  TestNewNodeSetupChecker_CheckNotStakedShouldErr
--- PASS: TestNewNodeSetupChecker_CheckNotStakedShouldErr (0.00s)
=== CONT  TestNewNodesSetupChecker_CheckNotAValidPubkeyShouldErr
--- PASS: TestNewNodesSetupChecker_CheckNotAValidPubkeyShouldErr (0.00s)
=== CONT  TestNewNodesSetupChecker_ShouldWork
--- PASS: TestNewNodesSetupChecker_ShouldWork (0.00s)
=== CONT  TestNewNodesSetupChecker_NilKeyGeneratorShouldErr
--- PASS: TestNewNodesSetupChecker_NilKeyGeneratorShouldErr (0.00s)
=== CONT  TestNewNodesSetupChecker_NilValidatorPubkeyConverterShouldErr
--- PASS: TestNewNodesSetupChecker_NilValidatorPubkeyConverterShouldErr (0.00s)
=== CONT  TestNewNodesSetupChecker_InvalidInitialNodePriceShouldErr
--- PASS: TestNewNodesSetupChecker_InvalidInitialNodePriceShouldErr (0.00s)
=== CONT  TestNewNodesSetupChecker_NilInitialNodePriceShouldErr
--- PASS: TestNewNodesSetupChecker_NilInitialNodePriceShouldErr (0.00s)
PASS
ok  	github.com/TerraDharitri/drt-go-chain/genesis/checking	(cached)
=== RUN   TestDelegationData_UnmarshalJSONInvalidValue
=== PAUSE TestDelegationData_UnmarshalJSONInvalidValue
=== RUN   TestDelegationData_MarshalUnmarshalEmptyStruct
=== PAUSE TestDelegationData_MarshalUnmarshalEmptyStruct
=== RUN   TestDelegationData_MarshalUnmarshalValidStruct
=== PAUSE TestDelegationData_MarshalUnmarshalValidStruct
=== RUN   TestDelegationData_UnmarshalNotAValidValueShouldErr
=== PAUSE TestDelegationData_UnmarshalNotAValidValueShouldErr
=== RUN   TestDelegationData_AddressBytes
=== PAUSE TestDelegationData_AddressBytes
=== RUN   TestDelegationData_Clone
=== PAUSE TestDelegationData_Clone
=== RUN   TestDelegationData_Getters
=== PAUSE TestDelegationData_Getters
=== RUN   TestInitialAccount_UnmarshalJSONInvalidValue
=== PAUSE TestInitialAccount_UnmarshalJSONInvalidValue
=== RUN   TestInitialAccount_UnmarshalJSON_MarshalUnmarshalEmptyStruct
=== PAUSE TestInitialAccount_UnmarshalJSON_MarshalUnmarshalEmptyStruct
=== RUN   TestInitialAccount_MarshalUnmarshalValidStruct
=== PAUSE TestInitialAccount_MarshalUnmarshalValidStruct
=== RUN   TestInitialAccount_UnmarshalNotAValidSupplyShouldErr
=== PAUSE TestInitialAccount_UnmarshalNotAValidSupplyShouldErr
=== RUN   TestInitialAccount_UnmarshalNotAValidBalanceShouldErr
=== PAUSE TestInitialAccount_UnmarshalNotAValidBalanceShouldErr
=== RUN   TestInitialAccount_UnmarshalNotAValidStakingValueShouldErr
=== PAUSE TestInitialAccount_UnmarshalNotAValidStakingValueShouldErr
=== RUN   TestInitialAccount_AddressBytes
=== PAUSE TestInitialAccount_AddressBytes
=== RUN   TestInitialAccount_Clone
=== PAUSE TestInitialAccount_Clone
=== RUN   TestInitialAccount_Getters
=== PAUSE TestInitialAccount_Getters
=== RUN   TestInitialSmartContract_OwnerBytes
=== PAUSE TestInitialSmartContract_OwnerBytes
=== RUN   TestInitialSmartContract_VmTypeBytes
=== PAUSE TestInitialSmartContract_VmTypeBytes
=== RUN   TestInitialSmartContract_Getters
=== PAUSE TestInitialSmartContract_Getters
=== RUN   TestInitialSmartContract_AddressBytes
=== PAUSE TestInitialSmartContract_AddressBytes
=== RUN   TestInitialSmartContract_Address
=== PAUSE TestInitialSmartContract_Address
=== CONT  TestDelegationData_UnmarshalJSONInvalidValue
--- PASS: TestDelegationData_UnmarshalJSONInvalidValue (0.00s)
=== CONT  TestInitialSmartContract_Address
--- PASS: TestInitialSmartContract_Address (0.00s)
=== CONT  TestInitialSmartContract_AddressBytes
--- PASS: TestInitialSmartContract_AddressBytes (0.00s)
=== CONT  TestInitialSmartContract_Getters
--- PASS: TestInitialSmartContract_Getters (0.00s)
=== CONT  TestInitialSmartContract_VmTypeBytes
--- PASS: TestInitialSmartContract_VmTypeBytes (0.00s)
=== CONT  TestInitialSmartContract_OwnerBytes
--- PASS: TestInitialSmartContract_OwnerBytes (0.00s)
=== CONT  TestInitialAccount_Getters
--- PASS: TestInitialAccount_Getters (0.00s)
=== CONT  TestInitialAccount_Clone
--- PASS: TestInitialAccount_Clone (0.00s)
=== CONT  TestInitialAccount_AddressBytes
--- PASS: TestInitialAccount_AddressBytes (0.00s)
=== CONT  TestInitialAccount_UnmarshalNotAValidStakingValueShouldErr
--- PASS: TestInitialAccount_UnmarshalNotAValidStakingValueShouldErr (0.00s)
=== CONT  TestInitialAccount_UnmarshalNotAValidBalanceShouldErr
--- PASS: TestInitialAccount_UnmarshalNotAValidBalanceShouldErr (0.00s)
=== CONT  TestInitialAccount_UnmarshalNotAValidSupplyShouldErr
--- PASS: TestInitialAccount_UnmarshalNotAValidSupplyShouldErr (0.00s)
=== CONT  TestInitialAccount_MarshalUnmarshalValidStruct
--- PASS: TestInitialAccount_MarshalUnmarshalValidStruct (0.00s)
=== CONT  TestInitialAccount_UnmarshalJSON_MarshalUnmarshalEmptyStruct
--- PASS: TestInitialAccount_UnmarshalJSON_MarshalUnmarshalEmptyStruct (0.00s)
=== CONT  TestInitialAccount_UnmarshalJSONInvalidValue
--- PASS: TestInitialAccount_UnmarshalJSONInvalidValue (0.00s)
=== CONT  TestDelegationData_Getters
--- PASS: TestDelegationData_Getters (0.00s)
=== CONT  TestDelegationData_Clone
--- PASS: TestDelegationData_Clone (0.00s)
=== CONT  TestDelegationData_AddressBytes
--- PASS: TestDelegationData_AddressBytes (0.00s)
=== CONT  TestDelegationData_UnmarshalNotAValidValueShouldErr
--- PASS: TestDelegationData_UnmarshalNotAValidValueShouldErr (0.00s)
=== CONT  TestDelegationData_MarshalUnmarshalValidStruct
--- PASS: TestDelegationData_MarshalUnmarshalValidStruct (0.00s)
=== CONT  TestDelegationData_MarshalUnmarshalEmptyStruct
--- PASS: TestDelegationData_MarshalUnmarshalEmptyStruct (0.00s)
PASS
ok  	github.com/TerraDharitri/drt-go-chain/genesis/data	(cached)
=== RUN   TestNewAccountsParser_NilEntireBalanceShouldErr
=== PAUSE TestNewAccountsParser_NilEntireBalanceShouldErr
=== RUN   TestNewAccountsParser_ZeroEntireBalanceShouldErr
=== PAUSE TestNewAccountsParser_ZeroEntireBalanceShouldErr
=== RUN   TestNewAccountsParser_BadFilenameShouldErr
=== PAUSE TestNewAccountsParser_BadFilenameShouldErr
=== RUN   TestNewAccountsParser_NilPubkeyConverterShouldErr
=== PAUSE TestNewAccountsParser_NilPubkeyConverterShouldErr
=== RUN   TestNewAccountsParser_NilKeyGeneratorShouldErr
=== PAUSE TestNewAccountsParser_NilKeyGeneratorShouldErr
=== RUN   TestNewAccountsParser_NilHasherShouldErr
=== PAUSE TestNewAccountsParser_NilHasherShouldErr
=== RUN   TestNewAccountsParser_NilMarshalizerShouldErr
=== PAUSE TestNewAccountsParser_NilMarshalizerShouldErr
=== RUN   TestNewAccountsParser_WrongMinterAddressFormatShouldErr
=== PAUSE TestNewAccountsParser_WrongMinterAddressFormatShouldErr
=== RUN   TestNewAccountsParser_BadJsonShouldErr
=== PAUSE TestNewAccountsParser_BadJsonShouldErr
=== RUN   TestNewAccountsParser_ShouldWork
=== PAUSE TestNewAccountsParser_ShouldWork
=== RUN   TestAccountsParser_ProcessEmptyAddressShouldErr
=== PAUSE TestAccountsParser_ProcessEmptyAddressShouldErr
=== RUN   TestAccountsParser_ProcessInvalidAddressShouldErr
=== PAUSE TestAccountsParser_ProcessInvalidAddressShouldErr
=== RUN   TestAccountsParser_ProcessInvalidPublicKeyShouldErr
=== PAUSE TestAccountsParser_ProcessInvalidPublicKeyShouldErr
=== RUN   TestAccountsParser_ProcessEmptyDelegationAddressButWithBalanceShouldErr
=== PAUSE TestAccountsParser_ProcessEmptyDelegationAddressButWithBalanceShouldErr
=== RUN   TestAccountsParser_ProcessInvalidDelegationAddressShouldErr
=== PAUSE TestAccountsParser_ProcessInvalidDelegationAddressShouldErr
=== RUN   TestAccountsParser_ProcessInvalidSupplyShouldErr
=== PAUSE TestAccountsParser_ProcessInvalidSupplyShouldErr
=== RUN   TestAccountsParser_ProcessInvalidBalanceShouldErr
=== PAUSE TestAccountsParser_ProcessInvalidBalanceShouldErr
=== RUN   TestAccountsParser_ProcessInvalidStakingBalanceShouldErr
=== PAUSE TestAccountsParser_ProcessInvalidStakingBalanceShouldErr
=== RUN   TestAccountsParser_ProcessInvalidDelegationValueShouldErr
=== PAUSE TestAccountsParser_ProcessInvalidDelegationValueShouldErr
=== RUN   TestAccountsParser_ProcessSupplyMismatchShouldErr
=== PAUSE TestAccountsParser_ProcessSupplyMismatchShouldErr
=== RUN   TestAccountsParser_ProcessDuplicatesShouldErr
=== PAUSE TestAccountsParser_ProcessDuplicatesShouldErr
=== RUN   TestAccountsParser_ProcessEntireSupplyMismatchShouldErr
=== PAUSE TestAccountsParser_ProcessEntireSupplyMismatchShouldErr
=== RUN   TestAccountsParser_AddressIsSmartContractShouldErr
=== PAUSE TestAccountsParser_AddressIsSmartContractShouldErr
=== RUN   TestAccountsParser_ProcessShouldWork
=== PAUSE TestAccountsParser_ProcessShouldWork
=== RUN   TestAccountsParser_InitialAccountsSplitOnAddressesShardsNilShardCoordinatorShouldErr
=== PAUSE TestAccountsParser_InitialAccountsSplitOnAddressesShardsNilShardCoordinatorShouldErr
=== RUN   TestAccountsParser_InitialAccountsSplitOnAddressesShards
=== PAUSE TestAccountsParser_InitialAccountsSplitOnAddressesShards
=== RUN   TestAccountsParser_GetInitialAccountsForDelegated
=== PAUSE TestAccountsParser_GetInitialAccountsForDelegated
=== RUN   TestAccountsParser_GenerateInitialTransactionsShouldErr
=== PAUSE TestAccountsParser_GenerateInitialTransactionsShouldErr
=== RUN   TestAccountsParser_getShardIDs
=== PAUSE TestAccountsParser_getShardIDs
=== RUN   TestAccountsParser_createMintTransaction
--- PASS: TestAccountsParser_createMintTransaction (0.00s)
=== RUN   TestAccountsParser_createMintTransactions
--- PASS: TestAccountsParser_createMintTransactions (0.00s)
=== RUN   TestAccountsParser_createMiniBlocks
=== PAUSE TestAccountsParser_createMiniBlocks
=== RUN   TestAccountsParser_setScrsTxsPool
=== PAUSE TestAccountsParser_setScrsTxsPool
=== RUN   TestAccountsParser_GenerateInitialTransactionsTxsPool
=== PAUSE TestAccountsParser_GenerateInitialTransactionsTxsPool
=== RUN   TestAccountsParser_GenerateInitialTransactionsZeroGasLimitShouldWork
=== PAUSE TestAccountsParser_GenerateInitialTransactionsZeroGasLimitShouldWork
=== RUN   TestAccountsParser_GenerateInitialTransactionsVerifyTxsHashes
=== PAUSE TestAccountsParser_GenerateInitialTransactionsVerifyTxsHashes
=== RUN   TestAccountsParser_GenesisMintingAddress
=== PAUSE TestAccountsParser_GenesisMintingAddress
=== RUN   TestNewSmartContractsParser_NilPubkeyConverterShouldErr
=== PAUSE TestNewSmartContractsParser_NilPubkeyConverterShouldErr
=== RUN   TestNewSmartContractsParser_NilKeyGeneratorShouldErr
=== PAUSE TestNewSmartContractsParser_NilKeyGeneratorShouldErr
=== RUN   TestNewSmartContractsParser_BadFilenameShouldEr
=== PAUSE TestNewSmartContractsParser_BadFilenameShouldEr
=== RUN   TestNewSmartContractsParser_BadJsonShouldErr
=== PAUSE TestNewSmartContractsParser_BadJsonShouldErr
=== RUN   TestNewSmartContractsParser_ShouldWork
=== PAUSE TestNewSmartContractsParser_ShouldWork
=== RUN   TestSmartContractsParser_ProcessEmptyOwnerAddressShouldErr
=== PAUSE TestSmartContractsParser_ProcessEmptyOwnerAddressShouldErr
=== RUN   TestSmartContractsParser_ProcessInvalidOwnerAddressShouldErr
=== PAUSE TestSmartContractsParser_ProcessInvalidOwnerAddressShouldErr
=== RUN   TestSmartContractsParser_ProcessInvalidOwnerPublicKeyShouldErr
=== PAUSE TestSmartContractsParser_ProcessInvalidOwnerPublicKeyShouldErr
=== RUN   TestSmartContractsParser_ProcessEmptyVmTypeShouldErr
=== PAUSE TestSmartContractsParser_ProcessEmptyVmTypeShouldErr
=== RUN   TestSmartContractsParser_ProcessInvalidVmTypeShouldErr
=== PAUSE TestSmartContractsParser_ProcessInvalidVmTypeShouldErr
=== RUN   TestSmartContractsParser_FileErrorShouldErr
=== PAUSE TestSmartContractsParser_FileErrorShouldErr
=== RUN   TestSmartContractsParser_InitialSmartContractsSplitOnOwnersShardsNilShardCoordinatorShouldErr
=== PAUSE TestSmartContractsParser_InitialSmartContractsSplitOnOwnersShardsNilShardCoordinatorShouldErr
=== RUN   TestSmartContractsParser_InitialSmartContractsSplitOnOwnersShards
=== PAUSE TestSmartContractsParser_InitialSmartContractsSplitOnOwnersShards
=== RUN   TestSmartContractsParser_InitialSmartContractsNoNeedtoSplit
=== PAUSE TestSmartContractsParser_InitialSmartContractsNoNeedtoSplit
=== RUN   TestSmartContractsParser_ProcessDNSTwiceShouldError
=== PAUSE TestSmartContractsParser_ProcessDNSTwiceShouldError
=== CONT  TestNewAccountsParser_NilEntireBalanceShouldErr
--- PASS: TestNewAccountsParser_NilEntireBalanceShouldErr (0.00s)
=== CONT  TestAccountsParser_InitialAccountsSplitOnAddressesShardsNilShardCoordinatorShouldErr
--- PASS: TestAccountsParser_InitialAccountsSplitOnAddressesShardsNilShardCoordinatorShouldErr (0.00s)
=== CONT  TestAccountsParser_InitialAccountsSplitOnAddressesShards
=== CONT  TestAccountsParser_ProcessShouldWork
=== CONT  TestNewAccountsParser_BadJsonShouldErr
=== CONT  TestNewAccountsParser_WrongMinterAddressFormatShouldErr
=== CONT  TestNewAccountsParser_NilMarshalizerShouldErr
=== CONT  TestNewAccountsParser_NilHasherShouldErr
=== CONT  TestNewAccountsParser_NilKeyGeneratorShouldErr
=== CONT  TestNewAccountsParser_NilPubkeyConverterShouldErr
=== CONT  TestNewAccountsParser_BadFilenameShouldErr
=== CONT  TestAccountsParser_AddressIsSmartContractShouldErr
=== CONT  TestNewAccountsParser_ZeroEntireBalanceShouldErr
=== CONT  TestSmartContractsParser_ProcessInvalidVmTypeShouldErr
=== CONT  TestAccountsParser_ProcessEntireSupplyMismatchShouldErr
=== CONT  TestSmartContractsParser_InitialSmartContractsSplitOnOwnersShards
=== CONT  TestSmartContractsParser_InitialSmartContractsNoNeedtoSplit
=== CONT  TestAccountsParser_ProcessDuplicatesShouldErr
=== CONT  TestSmartContractsParser_InitialSmartContractsSplitOnOwnersShardsNilShardCoordinatorShouldErr
=== CONT  TestSmartContractsParser_FileErrorShouldErr
=== CONT  TestSmartContractsParser_ProcessInvalidOwnerAddressShouldErr
=== CONT  TestSmartContractsParser_ProcessInvalidOwnerPublicKeyShouldErr
=== CONT  TestAccountsParser_GenerateInitialTransactionsZeroGasLimitShouldWork
=== CONT  TestSmartContractsParser_ProcessDNSTwiceShouldError
=== CONT  TestAccountsParser_ProcessInvalidDelegationValueShouldErr
=== CONT  TestAccountsParser_ProcessInvalidStakingBalanceShouldErr
=== CONT  TestSmartContractsParser_ProcessEmptyVmTypeShouldErr
=== CONT  TestAccountsParser_ProcessInvalidBalanceShouldErr
=== CONT  TestAccountsParser_ProcessInvalidSupplyShouldErr
=== CONT  TestAccountsParser_ProcessInvalidDelegationAddressShouldErr
=== CONT  TestAccountsParser_ProcessEmptyDelegationAddressButWithBalanceShouldErr
=== CONT  TestAccountsParser_ProcessInvalidPublicKeyShouldErr
=== CONT  TestAccountsParser_ProcessInvalidAddressShouldErr
=== CONT  TestAccountsParser_ProcessEmptyAddressShouldErr
=== CONT  TestNewAccountsParser_ShouldWork
--- PASS: TestAccountsParser_InitialAccountsSplitOnAddressesShards (0.00s)
--- PASS: TestAccountsParser_ProcessShouldWork (0.00s)
--- PASS: TestNewAccountsParser_WrongMinterAddressFormatShouldErr (0.00s)
--- PASS: TestNewAccountsParser_NilMarshalizerShouldErr (0.00s)
--- PASS: TestNewAccountsParser_NilHasherShouldErr (0.00s)
--- PASS: TestNewAccountsParser_NilKeyGeneratorShouldErr (0.00s)
--- PASS: TestNewAccountsParser_NilPubkeyConverterShouldErr (0.00s)
--- PASS: TestAccountsParser_AddressIsSmartContractShouldErr (0.00s)
--- PASS: TestNewAccountsParser_BadFilenameShouldErr (0.00s)
--- PASS: TestNewAccountsParser_ZeroEntireBalanceShouldErr (0.00s)
=== CONT  TestAccountsParser_ProcessSupplyMismatchShouldErr
--- PASS: TestAccountsParser_ProcessSupplyMismatchShouldErr (0.00s)
=== CONT  TestAccountsParser_GenerateInitialTransactionsVerifyTxsHashes
--- PASS: TestAccountsParser_ProcessEntireSupplyMismatchShouldErr (0.00s)
--- PASS: TestSmartContractsParser_ProcessInvalidVmTypeShouldErr (0.00s)
--- PASS: TestAccountsParser_ProcessDuplicatesShouldErr (0.00s)
--- PASS: TestSmartContractsParser_InitialSmartContractsSplitOnOwnersShards (0.00s)
--- PASS: TestSmartContractsParser_FileErrorShouldErr (0.00s)
--- PASS: TestSmartContractsParser_InitialSmartContractsSplitOnOwnersShardsNilShardCoordinatorShouldErr (0.00s)
--- PASS: TestSmartContractsParser_ProcessInvalidOwnerAddressShouldErr (0.00s)
--- PASS: TestSmartContractsParser_ProcessInvalidOwnerPublicKeyShouldErr (0.00s)
--- PASS: TestNewAccountsParser_BadJsonShouldErr (0.00s)
--- PASS: TestSmartContractsParser_InitialSmartContractsNoNeedtoSplit (0.00s)
--- PASS: TestSmartContractsParser_ProcessDNSTwiceShouldError (0.00s)
--- PASS: TestSmartContractsParser_ProcessEmptyVmTypeShouldErr (0.00s)
--- PASS: TestAccountsParser_GenerateInitialTransactionsZeroGasLimitShouldWork (0.00s)
=== CONT  TestAccountsParser_createMiniBlocks
--- PASS: TestAccountsParser_createMiniBlocks (0.00s)
=== CONT  TestAccountsParser_GenerateInitialTransactionsTxsPool
--- PASS: TestAccountsParser_GenerateInitialTransactionsTxsPool (0.00s)
=== CONT  TestAccountsParser_setScrsTxsPool
--- PASS: TestAccountsParser_setScrsTxsPool (0.00s)
=== CONT  TestSmartContractsParser_ProcessEmptyOwnerAddressShouldErr
--- PASS: TestSmartContractsParser_ProcessEmptyOwnerAddressShouldErr (0.00s)
=== CONT  TestAccountsParser_GenerateInitialTransactionsShouldErr
--- PASS: TestAccountsParser_GenerateInitialTransactionsShouldErr (0.00s)
=== CONT  TestAccountsParser_getShardIDs
--- PASS: TestAccountsParser_getShardIDs (0.00s)
=== CONT  TestAccountsParser_GetInitialAccountsForDelegated
--- PASS: TestAccountsParser_GetInitialAccountsForDelegated (0.00s)
=== CONT  TestNewSmartContractsParser_ShouldWork
--- PASS: TestAccountsParser_GenerateInitialTransactionsVerifyTxsHashes (0.00s)
=== CONT  TestNewSmartContractsParser_BadJsonShouldErr
--- PASS: TestNewSmartContractsParser_ShouldWork (0.00s)
--- PASS: TestNewSmartContractsParser_BadJsonShouldErr (0.00s)
=== CONT  TestNewSmartContractsParser_BadFilenameShouldEr
--- PASS: TestNewSmartContractsParser_BadFilenameShouldEr (0.00s)
=== CONT  TestNewSmartContractsParser_NilKeyGeneratorShouldErr
--- PASS: TestNewSmartContractsParser_NilKeyGeneratorShouldErr (0.00s)
=== CONT  TestNewSmartContractsParser_NilPubkeyConverterShouldErr
--- PASS: TestNewSmartContractsParser_NilPubkeyConverterShouldErr (0.00s)
--- PASS: TestAccountsParser_ProcessInvalidDelegationValueShouldErr (0.00s)
--- PASS: TestAccountsParser_ProcessInvalidStakingBalanceShouldErr (0.00s)
=== CONT  TestAccountsParser_GenesisMintingAddress
--- PASS: TestAccountsParser_GenesisMintingAddress (0.00s)
--- PASS: TestAccountsParser_ProcessInvalidBalanceShouldErr (0.00s)
--- PASS: TestAccountsParser_ProcessInvalidSupplyShouldErr (0.00s)
--- PASS: TestAccountsParser_ProcessInvalidDelegationAddressShouldErr (0.00s)
--- PASS: TestAccountsParser_ProcessEmptyDelegationAddressButWithBalanceShouldErr (0.00s)
--- PASS: TestAccountsParser_ProcessInvalidPublicKeyShouldErr (0.00s)
--- PASS: TestAccountsParser_ProcessInvalidAddressShouldErr (0.00s)
--- PASS: TestAccountsParser_ProcessEmptyAddressShouldErr (0.00s)
--- PASS: TestNewAccountsParser_ShouldWork (0.00s)
PASS
ok  	github.com/TerraDharitri/drt-go-chain/genesis/parsing	(cached)
=== RUN   TestNewGenesisBlockCreator
=== PAUSE TestNewGenesisBlockCreator
=== RUN   TestGenesisBlockCreator_CreateGenesisBlockAfterHardForkShouldCreateSCResultingAddresses
[0;32mINFO [0m[2026-03-16 10:13:50.730]   VM 1.5 created                           
[0;32mINFO [0m[2026-03-16 10:13:50.737]   processorProxy                           [0;32mconfigured[0m = 0 
[0;32mINFO [0m[2026-03-16 10:13:51.130]   VM 1.5 created                           
[0;32mINFO [0m[2026-03-16 10:13:51.139]   processorProxy                           [0;32mconfigured[0m = 0 
[0;32mINFO [0m[2026-03-16 10:13:51.418]   processorProxy                           [0;32mconfigured[0m = 0 
[0;32mINFO [0m[2026-03-16 10:13:51.433]   genesisBlockCreator.createHeaders        [0;32mshard[0m = 0 [0;32mnonce[0m = 0 [0;32mround[0m = 0 [0;32mroot hash[0m = 2f422f8c9f0e2c7be493d974f29baa04161e01ad03bfc179a02baf61c3cd5f70 
[0;32mINFO [0m[2026-03-16 10:13:51.433]   genesisBlockCreator.createHeaders        [0;32mshard[0m = 1 [0;32mnonce[0m = 0 [0;32mround[0m = 0 [0;32mroot hash[0m = a022d32425f78f8ca7372a6538b0c2e17a5072e1741c4e11b766404c3595b5bd 
[0;32mINFO [0m[2026-03-16 10:13:51.433]   genesisBlockCreator.createHeaders        [0;32mshard[0m = 4294967295 [0;32mnonce[0m = 0 [0;32mround[0m = 0 [0;32mroot hash[0m = f6b664ab458a1af32bb0e2277568584542c5507cc5fd2ccbeda8e193d9694c86 
--- PASS: TestGenesisBlockCreator_CreateGenesisBlockAfterHardForkShouldCreateSCResultingAddresses (0.71s)
=== RUN   TestGenesisBlockCreator_CreateGenesisBlocksJustDelegationShouldWorkAndDNS
[0;32mINFO [0m[2026-03-16 10:13:51.434]   VM 1.5 created                           
[0;32mINFO [0m[2026-03-16 10:13:51.442]   processorProxy                           [0;32mconfigured[0m = 0 
[0;32mINFO [0m[2026-03-16 10:13:51.877]   VM 1.5 created                           
[0;32mINFO [0m[2026-03-16 10:13:51.887]   processorProxy                           [0;32mconfigured[0m = 0 
[0;32mINFO [0m[2026-03-16 10:13:52.285]   processorProxy                           [0;32mconfigured[0m = 0 
[0;32mINFO [0m[2026-03-16 10:13:52.288]   genesisBlockCreator.createHeaders        [0;32mshard[0m = 0 [0;32mnonce[0m = 0 [0;32mround[0m = 0 [0;32mroot hash[0m = 2f422f8c9f0e2c7be493d974f29baa04161e01ad03bfc179a02baf61c3cd5f70 
[0;32mINFO [0m[2026-03-16 10:13:52.288]   genesisBlockCreator.createHeaders        [0;32mshard[0m = 1 [0;32mnonce[0m = 0 [0;32mround[0m = 0 [0;32mroot hash[0m = a022d32425f78f8ca7372a6538b0c2e17a5072e1741c4e11b766404c3595b5bd 
[0;32mINFO [0m[2026-03-16 10:13:52.288]   genesisBlockCreator.createHeaders        [0;32mshard[0m = 4294967295 [0;32mnonce[0m = 0 [0;32mround[0m = 0 [0;32mroot hash[0m = 4736ddddb1f9efee0acc9ae7d8f708e6852a1f95ceadb8bce0ee589d3d3a07c7 
--- PASS: TestGenesisBlockCreator_CreateGenesisBlocksJustDelegationShouldWorkAndDNS (0.85s)
=== RUN   TestGenesisBlockCreator_CreateGenesisBlocksStakingAndDelegationShouldWorkAndDNS
[0;32mINFO [0m[2026-03-16 10:13:52.288]   VM 1.5 created                           
[0;32mINFO [0m[2026-03-16 10:13:52.293]   processorProxy                           [0;32mconfigured[0m = 0 
[0;32mINFO [0m[2026-03-16 10:13:52.703]   VM 1.5 created                           
[0;32mINFO [0m[2026-03-16 10:13:52.708]   processorProxy                           [0;32mconfigured[0m = 0 
[0;32mINFO [0m[2026-03-16 10:13:53.119]   processorProxy                           [0;32mconfigured[0m = 0 
[0;32mINFO [0m[2026-03-16 10:13:53.128]   genesisBlockCreator.createHeaders        [0;32mshard[0m = 0 [0;32mnonce[0m = 0 [0;32mround[0m = 0 [0;32mroot hash[0m = 93fd3175e2e97449bc3fc1a822da54d2e301a20d134daef81e87e38bdf41eef9 
[0;32mINFO [0m[2026-03-16 10:13:53.129]   genesisBlockCreator.createHeaders        [0;32mshard[0m = 1 [0;32mnonce[0m = 0 [0;32mround[0m = 0 [0;32mroot hash[0m = 26bcc7c2dd3aca079cc4bfd3ce11efebe0669fed82a342c336e2b522a074bc49 
[0;32mINFO [0m[2026-03-16 10:13:53.129]   genesisBlockCreator.createHeaders        [0;32mshard[0m = 4294967295 [0;32mnonce[0m = 0 [0;32mround[0m = 0 [0;32mroot hash[0m = e062b9ed1594b19bc57563cd1eeeaee6ea1471807ca5f1f87753e473a5f96eea 
=== RUN   TestGenesisBlockCreator_CreateGenesisBlocksStakingAndDelegationShouldWorkAndDNS/backwards_compatibility_on_nonces:_for_a_shard_!=_0,_all_accounts_not_having_a_delegation_value_would_have_caused_an_artificial_increase_in_their_accounts_nonce
--- PASS: TestGenesisBlockCreator_CreateGenesisBlocksStakingAndDelegationShouldWorkAndDNS (0.84s)
    --- PASS: TestGenesisBlockCreator_CreateGenesisBlocksStakingAndDelegationShouldWorkAndDNS/backwards_compatibility_on_nonces:_for_a_shard_!=_0,_all_accounts_not_having_a_delegation_value_would_have_caused_an_artificial_increase_in_their_accounts_nonce (0.00s)
=== RUN   TestGenesisBlockCreator_GetIndexingDataShouldWork
[0;32mINFO [0m[2026-03-16 10:13:53.129]   VM 1.5 created                           
[0;32mINFO [0m[2026-03-16 10:13:53.133]   processorProxy                           [0;32mconfigured[0m = 0 
[0;32mINFO [0m[2026-03-16 10:13:53.505]   VM 1.5 created                           
[0;32mINFO [0m[2026-03-16 10:13:53.509]   processorProxy                           [0;32mconfigured[0m = 0 
[0;32mINFO [0m[2026-03-16 10:13:53.783]   processorProxy                           [0;32mconfigured[0m = 0 
[0;32mINFO [0m[2026-03-16 10:13:53.787]   genesisBlockCreator.createHeaders        [0;32mshard[0m = 0 [0;32mnonce[0m = 0 [0;32mround[0m = 0 [0;32mroot hash[0m = be5f3c6ba9ca61a810153bd3985eb4f9ceb95c3660242ad3e62f102805111d1c 
[0;32mINFO [0m[2026-03-16 10:13:53.787]   genesisBlockCreator.createHeaders        [0;32mshard[0m = 1 [0;32mnonce[0m = 0 [0;32mround[0m = 0 [0;32mroot hash[0m = 26bcc7c2dd3aca079cc4bfd3ce11efebe0669fed82a342c336e2b522a074bc49 
[0;32mINFO [0m[2026-03-16 10:13:53.787]   genesisBlockCreator.createHeaders        [0;32mshard[0m = 4294967295 [0;32mnonce[0m = 0 [0;32mround[0m = 0 [0;32mroot hash[0m = e062b9ed1594b19bc57563cd1eeeaee6ea1471807ca5f1f87753e473a5f96eea 
--- PASS: TestGenesisBlockCreator_GetIndexingDataShouldWork (0.66s)
=== RUN   TestCreateArgsGenesisBlockCreator_ShouldErrWhenGetNewArgForShardFails
--- PASS: TestCreateArgsGenesisBlockCreator_ShouldErrWhenGetNewArgForShardFails (0.00s)
=== RUN   TestCreateArgsGenesisBlockCreator_ShouldWork
--- PASS: TestCreateArgsGenesisBlockCreator_ShouldWork (0.00s)
=== RUN   TestCreateHardForkBlockProcessors_ShouldWork
[0;32mINFO [0m[2026-03-16 10:13:53.789]   VM 1.5 created                           
[0;32mINFO [0m[2026-03-16 10:13:53.801]   processorProxy                           [0;32mconfigured[0m = 0 
[0;32mINFO [0m[2026-03-16 10:13:53.801]   processorProxy                           [0;32mconfigured[0m = 0 
--- PASS: TestCreateHardForkBlockProcessors_ShouldWork (0.01s)
=== RUN   TestCreateArgsGenesisBlockCreator_ShouldWorkAndCreateEmpty
=== PAUSE TestCreateArgsGenesisBlockCreator_ShouldWorkAndCreateEmpty
=== CONT  TestNewGenesisBlockCreator
=== RUN   TestNewGenesisBlockCreator/nil_Accounts_should_error
=== PAUSE TestNewGenesisBlockCreator/nil_Accounts_should_error
=== RUN   TestNewGenesisBlockCreator/nil_Core_should_error
=== PAUSE TestNewGenesisBlockCreator/nil_Core_should_error
=== RUN   TestNewGenesisBlockCreator/nil_Data_should_error
=== PAUSE TestNewGenesisBlockCreator/nil_Data_should_error
=== RUN   TestNewGenesisBlockCreator/nil_AddressPubKeyConverter_should_error
=== PAUSE TestNewGenesisBlockCreator/nil_AddressPubKeyConverter_should_error
=== RUN   TestNewGenesisBlockCreator/nil_InitialNodesSetup_should_error
=== PAUSE TestNewGenesisBlockCreator/nil_InitialNodesSetup_should_error
=== RUN   TestNewGenesisBlockCreator/nil_Economics_should_error
=== PAUSE TestNewGenesisBlockCreator/nil_Economics_should_error
=== RUN   TestNewGenesisBlockCreator/nil_ShardCoordinator_should_error
=== PAUSE TestNewGenesisBlockCreator/nil_ShardCoordinator_should_error
=== RUN   TestNewGenesisBlockCreator/nil_StorageService_should_error
=== PAUSE TestNewGenesisBlockCreator/nil_StorageService_should_error
=== RUN   TestNewGenesisBlockCreator/nil_InternalMarshalizer_should_error
=== PAUSE TestNewGenesisBlockCreator/nil_InternalMarshalizer_should_error
=== RUN   TestNewGenesisBlockCreator/nil_Hasher_should_error
=== PAUSE TestNewGenesisBlockCreator/nil_Hasher_should_error
=== RUN   TestNewGenesisBlockCreator/nil_DataPool_should_error
=== PAUSE TestNewGenesisBlockCreator/nil_DataPool_should_error
=== RUN   TestNewGenesisBlockCreator/nil_AccountsParser_should_error
=== PAUSE TestNewGenesisBlockCreator/nil_AccountsParser_should_error
=== RUN   TestNewGenesisBlockCreator/nil_GasSchedule_should_error
=== PAUSE TestNewGenesisBlockCreator/nil_GasSchedule_should_error
=== RUN   TestNewGenesisBlockCreator/nil_SmartContractParser_should_error
=== PAUSE TestNewGenesisBlockCreator/nil_SmartContractParser_should_error
=== RUN   TestNewGenesisBlockCreator/nil_TrieStorageManagers_should_error
=== PAUSE TestNewGenesisBlockCreator/nil_TrieStorageManagers_should_error
=== RUN   TestNewGenesisBlockCreator/invalid_GenesisNodePrice_should_error
=== PAUSE TestNewGenesisBlockCreator/invalid_GenesisNodePrice_should_error
=== RUN   TestNewGenesisBlockCreator/nil_HistoryRepository_should_error
=== PAUSE TestNewGenesisBlockCreator/nil_HistoryRepository_should_error
=== RUN   TestNewGenesisBlockCreator/should_work
=== PAUSE TestNewGenesisBlockCreator/should_work
=== CONT  TestNewGenesisBlockCreator/nil_Accounts_should_error
=== CONT  TestCreateArgsGenesisBlockCreator_ShouldWorkAndCreateEmpty
=== CONT  TestNewGenesisBlockCreator/nil_InternalMarshalizer_should_error
=== CONT  TestNewGenesisBlockCreator/nil_AddressPubKeyConverter_should_error
=== CONT  TestNewGenesisBlockCreator/should_work
=== CONT  TestNewGenesisBlockCreator/nil_StorageService_should_error
=== CONT  TestNewGenesisBlockCreator/nil_HistoryRepository_should_error
=== CONT  TestNewGenesisBlockCreator/nil_ShardCoordinator_should_error
=== CONT  TestNewGenesisBlockCreator/invalid_GenesisNodePrice_should_error
=== CONT  TestNewGenesisBlockCreator/nil_Economics_should_error
=== CONT  TestNewGenesisBlockCreator/nil_TrieStorageManagers_should_error
=== CONT  TestNewGenesisBlockCreator/nil_InitialNodesSetup_should_error
=== CONT  TestNewGenesisBlockCreator/nil_SmartContractParser_should_error
=== CONT  TestNewGenesisBlockCreator/nil_Data_should_error
=== CONT  TestNewGenesisBlockCreator/nil_GasSchedule_should_error
=== CONT  TestNewGenesisBlockCreator/nil_Core_should_error
=== CONT  TestNewGenesisBlockCreator/nil_AccountsParser_should_error
=== CONT  TestNewGenesisBlockCreator/nil_DataPool_should_error
=== CONT  TestNewGenesisBlockCreator/nil_Hasher_should_error
--- PASS: TestCreateArgsGenesisBlockCreator_ShouldWorkAndCreateEmpty (0.01s)
--- PASS: TestNewGenesisBlockCreator (0.00s)
    --- PASS: TestNewGenesisBlockCreator/nil_Accounts_should_error (0.00s)
    --- PASS: TestNewGenesisBlockCreator/nil_InternalMarshalizer_should_error (0.00s)
    --- PASS: TestNewGenesisBlockCreator/should_work (0.00s)
    --- PASS: TestNewGenesisBlockCreator/nil_AddressPubKeyConverter_should_error (0.00s)
    --- PASS: TestNewGenesisBlockCreator/nil_StorageService_should_error (0.00s)
    --- PASS: TestNewGenesisBlockCreator/nil_HistoryRepository_should_error (0.00s)
    --- PASS: TestNewGenesisBlockCreator/nil_ShardCoordinator_should_error (0.00s)
    --- PASS: TestNewGenesisBlockCreator/invalid_GenesisNodePrice_should_error (0.00s)
    --- PASS: TestNewGenesisBlockCreator/nil_Economics_should_error (0.00s)
    --- PASS: TestNewGenesisBlockCreator/nil_TrieStorageManagers_should_error (0.00s)
    --- PASS: TestNewGenesisBlockCreator/nil_InitialNodesSetup_should_error (0.00s)
    --- PASS: TestNewGenesisBlockCreator/nil_SmartContractParser_should_error (0.00s)
    --- PASS: TestNewGenesisBlockCreator/nil_Data_should_error (0.00s)
    --- PASS: TestNewGenesisBlockCreator/nil_GasSchedule_should_error (0.00s)
    --- PASS: TestNewGenesisBlockCreator/nil_Core_should_error (0.00s)
    --- PASS: TestNewGenesisBlockCreator/nil_AccountsParser_should_error (0.00s)
    --- PASS: TestNewGenesisBlockCreator/nil_DataPool_should_error (0.00s)
    --- PASS: TestNewGenesisBlockCreator/nil_Hasher_should_error (0.00s)
PASS
ok  	github.com/TerraDharitri/drt-go-chain/genesis/process	(cached)
=== RUN   TestBalanceComputationHandler
=== PAUSE TestBalanceComputationHandler
=== RUN   TestBlockSizeComputationHandler
=== PAUSE TestBlockSizeComputationHandler
=== RUN   TestBlockTracker
=== PAUSE TestBlockTracker
=== RUN   TestDCDTGlobalSettingsHandler
=== PAUSE TestDCDTGlobalSettingsHandler
=== RUN   TestFeeHandler
=== PAUSE TestFeeHandler
=== RUN   TestProcessedMiniBlocksTracker
=== PAUSE TestProcessedMiniBlocksTracker
=== RUN   TestRater
=== PAUSE TestRater
=== RUN   TestRequestHandler
=== PAUSE TestRequestHandler
=== RUN   TestRewardTxProcessor
=== PAUSE TestRewardTxProcessor
=== RUN   TestScheduledTxsExecutionHandler
=== PAUSE TestScheduledTxsExecutionHandler
=== RUN   TestSimpleNFTStorage
=== PAUSE TestSimpleNFTStorage
=== RUN   TestTxVersionChecker
=== PAUSE TestTxVersionChecker
=== RUN   TestNewMessageSignVerifier
=== PAUSE TestNewMessageSignVerifier
=== RUN   TestMessageSignVerifier_Verify
=== PAUSE TestMessageSignVerifier_Verify
=== RUN   TestMessageSignVerifier_IsInterfaceNil
=== PAUSE TestMessageSignVerifier_IsInterfaceNil
=== CONT  TestBalanceComputationHandler
--- PASS: TestBalanceComputationHandler (0.00s)
=== CONT  TestMessageSignVerifier_IsInterfaceNil
--- PASS: TestMessageSignVerifier_IsInterfaceNil (0.00s)
=== CONT  TestMessageSignVerifier_Verify
=== RUN   TestMessageSignVerifier_Verify/empty_key_should_error
=== PAUSE TestMessageSignVerifier_Verify/empty_key_should_error
=== RUN   TestMessageSignVerifier_Verify/invalid_pub_key_should_error
=== PAUSE TestMessageSignVerifier_Verify/invalid_pub_key_should_error
=== RUN   TestMessageSignVerifier_Verify/should_work
=== PAUSE TestMessageSignVerifier_Verify/should_work
=== CONT  TestMessageSignVerifier_Verify/empty_key_should_error
=== CONT  TestNewMessageSignVerifier
=== RUN   TestNewMessageSignVerifier/nil_key_gen_should_error
=== PAUSE TestNewMessageSignVerifier/nil_key_gen_should_error
=== RUN   TestNewMessageSignVerifier/should_work
=== PAUSE TestNewMessageSignVerifier/should_work
=== CONT  TestNewMessageSignVerifier/nil_key_gen_should_error
=== CONT  TestTxVersionChecker
--- PASS: TestTxVersionChecker (0.00s)
=== CONT  TestSimpleNFTStorage
--- PASS: TestSimpleNFTStorage (0.00s)
=== CONT  TestScheduledTxsExecutionHandler
--- PASS: TestScheduledTxsExecutionHandler (0.00s)
=== CONT  TestRewardTxProcessor
--- PASS: TestRewardTxProcessor (0.00s)
=== CONT  TestRequestHandler
--- PASS: TestRequestHandler (0.00s)
=== CONT  TestRater
--- PASS: TestRater (0.00s)
=== CONT  TestProcessedMiniBlocksTracker
=== CONT  TestBlockSizeComputationHandler
--- PASS: TestBlockSizeComputationHandler (0.00s)
=== CONT  TestFeeHandler
--- PASS: TestFeeHandler (0.00s)
=== CONT  TestDCDTGlobalSettingsHandler
--- PASS: TestDCDTGlobalSettingsHandler (0.00s)
=== CONT  TestBlockTracker
--- PASS: TestBlockTracker (0.00s)
=== CONT  TestMessageSignVerifier_Verify/invalid_pub_key_should_error
=== CONT  TestMessageSignVerifier_Verify/should_work
--- PASS: TestMessageSignVerifier_Verify (0.00s)
    --- PASS: TestMessageSignVerifier_Verify/empty_key_should_error (0.00s)
    --- PASS: TestMessageSignVerifier_Verify/invalid_pub_key_should_error (0.00s)
    --- PASS: TestMessageSignVerifier_Verify/should_work (0.00s)
=== CONT  TestNewMessageSignVerifier/should_work
--- PASS: TestNewMessageSignVerifier (0.00s)
    --- PASS: TestNewMessageSignVerifier/nil_key_gen_should_error (0.00s)
    --- PASS: TestNewMessageSignVerifier/should_work (0.00s)
--- PASS: TestProcessedMiniBlocksTracker (0.00s)
PASS
ok  	github.com/TerraDharitri/drt-go-chain/genesis/process/disabled	(cached)
=== RUN   TestNewDeployProcessor_NilExecutorShouldErr
=== PAUSE TestNewDeployProcessor_NilExecutorShouldErr
=== RUN   TestNewDeployProcessor_NilPubkeyConverterShouldErr
=== PAUSE TestNewDeployProcessor_NilPubkeyConverterShouldErr
=== RUN   TestNewDeployProcessor_NilBlockchainHookShouldErr
=== PAUSE TestNewDeployProcessor_NilBlockchainHookShouldErr
=== RUN   TestNewDeployProcessor_NilQueryServiceShouldErr
=== PAUSE TestNewDeployProcessor_NilQueryServiceShouldErr
=== RUN   TestNewDeployProcessor_ShouldWork
=== PAUSE TestNewDeployProcessor_ShouldWork
=== RUN   TestDeployProcessor_DeployGetCodeFailsShouldErr
=== PAUSE TestDeployProcessor_DeployGetCodeFailsShouldErr
=== RUN   TestDeployProcessor_DeployGetNonceFailsShouldErr
=== PAUSE TestDeployProcessor_DeployGetNonceFailsShouldErr
=== RUN   TestDeployProcessor_DeployNewAddressFailsShouldErr
=== PAUSE TestDeployProcessor_DeployNewAddressFailsShouldErr
=== RUN   TestDeployProcessor_DeployMissingVersionShouldWork
=== PAUSE TestDeployProcessor_DeployMissingVersionShouldWork
=== RUN   TestDeployProcessor_DeployExecuteQueryFailureShouldError
=== PAUSE TestDeployProcessor_DeployExecuteQueryFailureShouldError
=== RUN   TestDeployProcessor_DeployExecuteQueryReturnsMultipleReturnDataShouldError
=== PAUSE TestDeployProcessor_DeployExecuteQueryReturnsMultipleReturnDataShouldError
=== RUN   TestDeployProcessor_DeployShouldWork
=== PAUSE TestDeployProcessor_DeployShouldWork
=== RUN   TestDeployProcessor_GetSCCodeAsHexShouldWork
=== PAUSE TestDeployProcessor_GetSCCodeAsHexShouldWork
=== RUN   TestNewNodesListSplitter_NilNodesHandlerShouldErr
=== PAUSE TestNewNodesListSplitter_NilNodesHandlerShouldErr
=== RUN   TestNewNodesListSplitter_NilAccountsParserShouldErr
=== PAUSE TestNewNodesListSplitter_NilAccountsParserShouldErr
=== RUN   TestNewNodesListSplitter_GetAllNodes
=== PAUSE TestNewNodesListSplitter_GetAllNodes
=== RUN   TestNodesListSplitter_GetDelegatedNodes
=== PAUSE TestNodesListSplitter_GetDelegatedNodes
=== RUN   TestNewStandardDelegationProcessor_NilExecutorShouldErr
=== PAUSE TestNewStandardDelegationProcessor_NilExecutorShouldErr
=== RUN   TestNewStandardDelegationProcessor_NilShardCoordinatorShouldErr
=== PAUSE TestNewStandardDelegationProcessor_NilShardCoordinatorShouldErr
=== RUN   TestNewStandardDelegationProcessor_NilAccountsParserShouldErr
=== PAUSE TestNewStandardDelegationProcessor_NilAccountsParserShouldErr
=== RUN   TestNewStandardDelegationProcessor_NilSmartContractParserShouldErr
=== PAUSE TestNewStandardDelegationProcessor_NilSmartContractParserShouldErr
=== RUN   TestNewStandardDelegationProcessor_NilNodesSplitterShouldErr
=== PAUSE TestNewStandardDelegationProcessor_NilNodesSplitterShouldErr
=== RUN   TestNewStandardDelegationProcessor_NilQueryServiceShouldErr
=== PAUSE TestNewStandardDelegationProcessor_NilQueryServiceShouldErr
=== RUN   TestNewStandardDelegationProcessor_NilNodePriceShouldErr
=== PAUSE TestNewStandardDelegationProcessor_NilNodePriceShouldErr
=== RUN   TestNewStandardDelegationProcessor_ZeroNodePriceShouldErr
=== PAUSE TestNewStandardDelegationProcessor_ZeroNodePriceShouldErr
=== RUN   TestNewStandardDelegationProcessor_ShouldWork
=== PAUSE TestNewStandardDelegationProcessor_ShouldWork
=== RUN   TestStandardDelegationProcessor_ExecuteDelegationSplitFailsShouldErr
=== PAUSE TestStandardDelegationProcessor_ExecuteDelegationSplitFailsShouldErr
=== RUN   TestStandardDelegationProcessor_ExecuteDelegationNoDelegationScShouldRetNil
=== PAUSE TestStandardDelegationProcessor_ExecuteDelegationNoDelegationScShouldRetNil
=== RUN   TestStandardDelegationProcessor_ExecuteDelegationStakeShouldWork
=== PAUSE TestStandardDelegationProcessor_ExecuteDelegationStakeShouldWork
=== RUN   TestNewTxExecutionProcessor_NilTxProcessorShouldErr
=== PAUSE TestNewTxExecutionProcessor_NilTxProcessorShouldErr
=== RUN   TestNewTxExecutionProcessor_NilAccountsAdapterShouldErr
=== PAUSE TestNewTxExecutionProcessor_NilAccountsAdapterShouldErr
=== RUN   TestNewTxExecutionProcessor_ShouldWork
=== PAUSE TestNewTxExecutionProcessor_ShouldWork
=== RUN   TestTxExecutionProcessor_ExecuteTransaction
=== PAUSE TestTxExecutionProcessor_ExecuteTransaction
=== RUN   TestTxExecutionProcessor_GetNonceAccountsErrShouldErr
=== PAUSE TestTxExecutionProcessor_GetNonceAccountsErrShouldErr
=== RUN   TestTxExecutionProcessor_GetNonceShouldWork
=== PAUSE TestTxExecutionProcessor_GetNonceShouldWork
=== RUN   TestTxExecutionProcessor_GetAccount
=== PAUSE TestTxExecutionProcessor_GetAccount
=== RUN   TestTxExecutionProcessor_AddBalanceAccountsErrShouldErr
=== PAUSE TestTxExecutionProcessor_AddBalanceAccountsErrShouldErr
=== RUN   TestTxExecutionProcessor_AddBalanceWrongTypeShouldErr
=== PAUSE TestTxExecutionProcessor_AddBalanceWrongTypeShouldErr
=== RUN   TestTxExecutionProcessor_AddBalanceNegativeValueShouldErr
=== PAUSE TestTxExecutionProcessor_AddBalanceNegativeValueShouldErr
=== RUN   TestTxExecutionProcessor_AddBalanceShouldWork
=== PAUSE TestTxExecutionProcessor_AddBalanceShouldWork
=== RUN   TestTxExecutionProcessor_AddNonceAccountsErrShouldErr
=== PAUSE TestTxExecutionProcessor_AddNonceAccountsErrShouldErr
=== RUN   TestTxExecutionProcessor_AddNonceShouldWork
=== PAUSE TestTxExecutionProcessor_AddNonceShouldWork
=== RUN   TestTxExecutionProcessor_GetExecutedTransactionsEmpty
=== PAUSE TestTxExecutionProcessor_GetExecutedTransactionsEmpty
=== RUN   TestTxExecutionProcessor_GetExecutedTransactionsNonEmpty
=== PAUSE TestTxExecutionProcessor_GetExecutedTransactionsNonEmpty
=== CONT  TestNewDeployProcessor_NilExecutorShouldErr
--- PASS: TestNewDeployProcessor_NilExecutorShouldErr (0.00s)
=== CONT  TestTxExecutionProcessor_GetExecutedTransactionsNonEmpty
--- PASS: TestTxExecutionProcessor_GetExecutedTransactionsNonEmpty (0.00s)
=== CONT  TestTxExecutionProcessor_GetExecutedTransactionsEmpty
--- PASS: TestTxExecutionProcessor_GetExecutedTransactionsEmpty (0.00s)
=== CONT  TestTxExecutionProcessor_AddNonceShouldWork
--- PASS: TestTxExecutionProcessor_AddNonceShouldWork (0.00s)
=== CONT  TestTxExecutionProcessor_AddNonceAccountsErrShouldErr
--- PASS: TestTxExecutionProcessor_AddNonceAccountsErrShouldErr (0.00s)
=== CONT  TestTxExecutionProcessor_AddBalanceShouldWork
--- PASS: TestTxExecutionProcessor_AddBalanceShouldWork (0.00s)
=== CONT  TestTxExecutionProcessor_AddBalanceNegativeValueShouldErr
--- PASS: TestTxExecutionProcessor_AddBalanceNegativeValueShouldErr (0.00s)
=== CONT  TestTxExecutionProcessor_AddBalanceWrongTypeShouldErr
--- PASS: TestTxExecutionProcessor_AddBalanceWrongTypeShouldErr (0.00s)
=== CONT  TestTxExecutionProcessor_AddBalanceAccountsErrShouldErr
--- PASS: TestTxExecutionProcessor_AddBalanceAccountsErrShouldErr (0.00s)
=== CONT  TestTxExecutionProcessor_GetAccount
=== RUN   TestTxExecutionProcessor_GetAccount/GetExistingAccount_error_should_error
=== PAUSE TestTxExecutionProcessor_GetAccount/GetExistingAccount_error_should_error
=== RUN   TestTxExecutionProcessor_GetAccount/GetExistingAccount_returns_invalid_data_should_error
=== PAUSE TestTxExecutionProcessor_GetAccount/GetExistingAccount_returns_invalid_data_should_error
=== RUN   TestTxExecutionProcessor_GetAccount/should_work
=== PAUSE TestTxExecutionProcessor_GetAccount/should_work
=== CONT  TestTxExecutionProcessor_GetAccount/GetExistingAccount_error_should_error
=== CONT  TestTxExecutionProcessor_GetNonceShouldWork
--- PASS: TestTxExecutionProcessor_GetNonceShouldWork (0.00s)
=== CONT  TestTxExecutionProcessor_GetNonceAccountsErrShouldErr
--- PASS: TestTxExecutionProcessor_GetNonceAccountsErrShouldErr (0.00s)
=== CONT  TestTxExecutionProcessor_ExecuteTransaction
--- PASS: TestTxExecutionProcessor_ExecuteTransaction (0.00s)
=== CONT  TestNewTxExecutionProcessor_ShouldWork
--- PASS: TestNewTxExecutionProcessor_ShouldWork (0.00s)
=== CONT  TestNewTxExecutionProcessor_NilAccountsAdapterShouldErr
--- PASS: TestNewTxExecutionProcessor_NilAccountsAdapterShouldErr (0.00s)
=== CONT  TestNewTxExecutionProcessor_NilTxProcessorShouldErr
--- PASS: TestNewTxExecutionProcessor_NilTxProcessorShouldErr (0.00s)
=== CONT  TestStandardDelegationProcessor_ExecuteDelegationStakeShouldWork
--- PASS: TestStandardDelegationProcessor_ExecuteDelegationStakeShouldWork (0.00s)
=== CONT  TestStandardDelegationProcessor_ExecuteDelegationNoDelegationScShouldRetNil
--- PASS: TestStandardDelegationProcessor_ExecuteDelegationNoDelegationScShouldRetNil (0.00s)
=== CONT  TestStandardDelegationProcessor_ExecuteDelegationSplitFailsShouldErr
--- PASS: TestStandardDelegationProcessor_ExecuteDelegationSplitFailsShouldErr (0.00s)
=== CONT  TestNewStandardDelegationProcessor_ShouldWork
--- PASS: TestNewStandardDelegationProcessor_ShouldWork (0.00s)
=== CONT  TestNewStandardDelegationProcessor_ZeroNodePriceShouldErr
--- PASS: TestNewStandardDelegationProcessor_ZeroNodePriceShouldErr (0.00s)
=== CONT  TestNewStandardDelegationProcessor_NilNodePriceShouldErr
--- PASS: TestNewStandardDelegationProcessor_NilNodePriceShouldErr (0.00s)
=== CONT  TestNewStandardDelegationProcessor_NilQueryServiceShouldErr
--- PASS: TestNewStandardDelegationProcessor_NilQueryServiceShouldErr (0.00s)
=== CONT  TestNewStandardDelegationProcessor_NilNodesSplitterShouldErr
--- PASS: TestNewStandardDelegationProcessor_NilNodesSplitterShouldErr (0.00s)
=== CONT  TestNewStandardDelegationProcessor_NilSmartContractParserShouldErr
--- PASS: TestNewStandardDelegationProcessor_NilSmartContractParserShouldErr (0.00s)
=== CONT  TestNewStandardDelegationProcessor_NilAccountsParserShouldErr
--- PASS: TestNewStandardDelegationProcessor_NilAccountsParserShouldErr (0.00s)
=== CONT  TestNewStandardDelegationProcessor_NilShardCoordinatorShouldErr
--- PASS: TestNewStandardDelegationProcessor_NilShardCoordinatorShouldErr (0.00s)
=== CONT  TestNewStandardDelegationProcessor_NilExecutorShouldErr
--- PASS: TestNewStandardDelegationProcessor_NilExecutorShouldErr (0.00s)
=== CONT  TestNodesListSplitter_GetDelegatedNodes
--- PASS: TestNodesListSplitter_GetDelegatedNodes (0.00s)
=== CONT  TestNewNodesListSplitter_GetAllNodes
--- PASS: TestNewNodesListSplitter_GetAllNodes (0.00s)
=== CONT  TestNewNodesListSplitter_NilAccountsParserShouldErr
--- PASS: TestNewNodesListSplitter_NilAccountsParserShouldErr (0.00s)
=== CONT  TestNewNodesListSplitter_NilNodesHandlerShouldErr
--- PASS: TestNewNodesListSplitter_NilNodesHandlerShouldErr (0.00s)
=== CONT  TestDeployProcessor_GetSCCodeAsHexShouldWork
--- PASS: TestDeployProcessor_GetSCCodeAsHexShouldWork (0.00s)
=== CONT  TestDeployProcessor_DeployShouldWork
--- PASS: TestDeployProcessor_DeployShouldWork (0.00s)
=== CONT  TestDeployProcessor_DeployExecuteQueryReturnsMultipleReturnDataShouldError
--- PASS: TestDeployProcessor_DeployExecuteQueryReturnsMultipleReturnDataShouldError (0.00s)
=== CONT  TestDeployProcessor_DeployExecuteQueryFailureShouldError
--- PASS: TestDeployProcessor_DeployExecuteQueryFailureShouldError (0.00s)
=== CONT  TestDeployProcessor_DeployMissingVersionShouldWork
--- PASS: TestDeployProcessor_DeployMissingVersionShouldWork (0.00s)
=== CONT  TestDeployProcessor_DeployNewAddressFailsShouldErr
--- PASS: TestDeployProcessor_DeployNewAddressFailsShouldErr (0.00s)
=== CONT  TestDeployProcessor_DeployGetNonceFailsShouldErr
--- PASS: TestDeployProcessor_DeployGetNonceFailsShouldErr (0.00s)
=== CONT  TestDeployProcessor_DeployGetCodeFailsShouldErr
--- PASS: TestDeployProcessor_DeployGetCodeFailsShouldErr (0.00s)
=== CONT  TestNewDeployProcessor_ShouldWork
--- PASS: TestNewDeployProcessor_ShouldWork (0.00s)
=== CONT  TestNewDeployProcessor_NilQueryServiceShouldErr
--- PASS: TestNewDeployProcessor_NilQueryServiceShouldErr (0.00s)
=== CONT  TestNewDeployProcessor_NilBlockchainHookShouldErr
--- PASS: TestNewDeployProcessor_NilBlockchainHookShouldErr (0.00s)
=== CONT  TestNewDeployProcessor_NilPubkeyConverterShouldErr
--- PASS: TestNewDeployProcessor_NilPubkeyConverterShouldErr (0.00s)
=== CONT  TestTxExecutionProcessor_GetAccount/should_work
=== CONT  TestTxExecutionProcessor_GetAccount/GetExistingAccount_returns_invalid_data_should_error
--- PASS: TestTxExecutionProcessor_GetAccount (0.00s)
    --- PASS: TestTxExecutionProcessor_GetAccount/GetExistingAccount_error_should_error (0.00s)
    --- PASS: TestTxExecutionProcessor_GetAccount/should_work (0.00s)
    --- PASS: TestTxExecutionProcessor_GetAccount/GetExistingAccount_returns_invalid_data_should_error (0.00s)
PASS
ok  	github.com/TerraDharitri/drt-go-chain/genesis/process/intermediate	(cached)
=== RUN   TestHealthService_RegisterComponent_BadComponentsShouldErr
--- PASS: TestHealthService_RegisterComponent_BadComponentsShouldErr (0.00s)
=== RUN   TestHealthService_DiagnoseComponents
--- PASS: TestHealthService_DiagnoseComponents (0.00s)
=== RUN   TestHealthService_MonitorMemory
--- PASS: TestHealthService_MonitorMemory (0.00s)
=== RUN   TestHealthService_MonitorContinuously
--- PASS: TestHealthService_MonitorContinuously (0.00s)
=== RUN   TestMemoryUsageRecord_GetFilename
--- PASS: TestMemoryUsageRecord_GetFilename (0.00s)
=== RUN   TestMemoryUsageRecord_SaveThenDelete
--- PASS: TestMemoryUsageRecord_SaveThenDelete (0.00s)
=== RUN   TestMemoryUsageRecord_IsMoreImportantThan
--- PASS: TestMemoryUsageRecord_IsMoreImportantThan (0.00s)
=== RUN   TestWriteMemoryUseInfo
--- PASS: TestWriteMemoryUseInfo (0.00s)
=== RUN   TestRecords_AddRecord
--- PASS: TestRecords_AddRecord (0.00s)
=== RUN   TestRecords_AddRecordDoesNotAddLessImportantWhenFullCapacity
--- PASS: TestRecords_AddRecordDoesNotAddLessImportantWhenFullCapacity (0.00s)
=== RUN   TestRecords_AddRecordEvictsLessImportantWhenFullCapacity
--- PASS: TestRecords_AddRecordEvictsLessImportantWhenFullCapacity (0.00s)
=== RUN   TestRecords_ConcurrentAddition
--- PASS: TestRecords_ConcurrentAddition (0.00s)
PASS
ok  	github.com/TerraDharitri/drt-go-chain/health	(cached)
=== RUN   TestNewHeartbeatV2Monitor
=== PAUSE TestNewHeartbeatV2Monitor
=== RUN   TestHeartbeatV2Monitor_parseMessage
=== PAUSE TestHeartbeatV2Monitor_parseMessage
=== RUN   TestHeartbeatV2Monitor_getMessageAge
=== PAUSE TestHeartbeatV2Monitor_getMessageAge
=== RUN   TestHeartbeatV2Monitor_isActive
=== PAUSE TestHeartbeatV2Monitor_isActive
=== RUN   TestHeartbeatV2Monitor_shouldSkipMessage
=== PAUSE TestHeartbeatV2Monitor_shouldSkipMessage
=== RUN   TestHeartbeatV2Monitor_GetHeartbeats
=== PAUSE TestHeartbeatV2Monitor_GetHeartbeats
=== CONT  TestNewHeartbeatV2Monitor
=== RUN   TestNewHeartbeatV2Monitor/nil_cache_should_error
=== PAUSE TestNewHeartbeatV2Monitor/nil_cache_should_error
=== RUN   TestNewHeartbeatV2Monitor/nil_pub_key_converter_should_error
=== PAUSE TestNewHeartbeatV2Monitor/nil_pub_key_converter_should_error
=== RUN   TestNewHeartbeatV2Monitor/nil_marshaller_should_error
=== PAUSE TestNewHeartbeatV2Monitor/nil_marshaller_should_error
=== RUN   TestNewHeartbeatV2Monitor/invalid_max_duration_peer_unresponsive_should_error
=== PAUSE TestNewHeartbeatV2Monitor/invalid_max_duration_peer_unresponsive_should_error
=== RUN   TestNewHeartbeatV2Monitor/invalid_hide_inactive_validator_interval_should_error
=== PAUSE TestNewHeartbeatV2Monitor/invalid_hide_inactive_validator_interval_should_error
=== RUN   TestNewHeartbeatV2Monitor/nil_peer_type_provider_should_error
=== PAUSE TestNewHeartbeatV2Monitor/nil_peer_type_provider_should_error
=== RUN   TestNewHeartbeatV2Monitor/should_work
=== PAUSE TestNewHeartbeatV2Monitor/should_work
=== CONT  TestNewHeartbeatV2Monitor/nil_cache_should_error
=== CONT  TestHeartbeatV2Monitor_GetHeartbeats
=== RUN   TestHeartbeatV2Monitor_GetHeartbeats/should_work_-_one_of_the_messages_should_be_skipped
=== PAUSE TestHeartbeatV2Monitor_GetHeartbeats/should_work_-_one_of_the_messages_should_be_skipped
=== RUN   TestHeartbeatV2Monitor_GetHeartbeats/should_remove_all_inactive_messages_except_from_the_latest_message
=== PAUSE TestHeartbeatV2Monitor_GetHeartbeats/should_remove_all_inactive_messages_except_from_the_latest_message
=== RUN   TestHeartbeatV2Monitor_GetHeartbeats/should_remove_all_inactive_messages_if_one_is_active
=== PAUSE TestHeartbeatV2Monitor_GetHeartbeats/should_remove_all_inactive_messages_if_one_is_active
=== RUN   TestHeartbeatV2Monitor_GetHeartbeats/nil_message_in_cache_should_remove
=== PAUSE TestHeartbeatV2Monitor_GetHeartbeats/nil_message_in_cache_should_remove
=== RUN   TestHeartbeatV2Monitor_GetHeartbeats/should_work_with_2_public_keys_on_different_pids_and_one_public_key
=== PAUSE TestHeartbeatV2Monitor_GetHeartbeats/should_work_with_2_public_keys_on_different_pids_and_one_public_key
=== RUN   TestHeartbeatV2Monitor_GetHeartbeats/should_choose_the_'smaller'_pid_if_multiple_active_messages_are_found_(sort_should_work)
=== PAUSE TestHeartbeatV2Monitor_GetHeartbeats/should_choose_the_'smaller'_pid_if_multiple_active_messages_are_found_(sort_should_work)
=== CONT  TestHeartbeatV2Monitor_GetHeartbeats/should_work_-_one_of_the_messages_should_be_skipped
=== CONT  TestHeartbeatV2Monitor_shouldSkipMessage
--- PASS: TestHeartbeatV2Monitor_shouldSkipMessage (0.00s)
=== CONT  TestHeartbeatV2Monitor_isActive
--- PASS: TestHeartbeatV2Monitor_isActive (0.00s)
=== CONT  TestHeartbeatV2Monitor_getMessageAge
--- PASS: TestHeartbeatV2Monitor_getMessageAge (0.00s)
=== CONT  TestHeartbeatV2Monitor_parseMessage
=== RUN   TestHeartbeatV2Monitor_parseMessage/wrong_message_type_should_error
=== PAUSE TestHeartbeatV2Monitor_parseMessage/wrong_message_type_should_error
=== RUN   TestHeartbeatV2Monitor_parseMessage/unmarshal_returns_error
=== PAUSE TestHeartbeatV2Monitor_parseMessage/unmarshal_returns_error
=== RUN   TestHeartbeatV2Monitor_parseMessage/skippable_message_should_return_error
=== PAUSE TestHeartbeatV2Monitor_parseMessage/skippable_message_should_return_error
=== RUN   TestHeartbeatV2Monitor_parseMessage/should_work,_peer_type_provider_returns_error
=== PAUSE TestHeartbeatV2Monitor_parseMessage/should_work,_peer_type_provider_returns_error
=== RUN   TestHeartbeatV2Monitor_parseMessage/should_work
=== PAUSE TestHeartbeatV2Monitor_parseMessage/should_work
=== CONT  TestHeartbeatV2Monitor_parseMessage/wrong_message_type_should_error
=== CONT  TestNewHeartbeatV2Monitor/should_work
=== CONT  TestNewHeartbeatV2Monitor/nil_peer_type_provider_should_error
=== CONT  TestNewHeartbeatV2Monitor/invalid_hide_inactive_validator_interval_should_error
=== CONT  TestNewHeartbeatV2Monitor/invalid_max_duration_peer_unresponsive_should_error
=== CONT  TestNewHeartbeatV2Monitor/nil_marshaller_should_error
=== CONT  TestNewHeartbeatV2Monitor/nil_pub_key_converter_should_error
--- PASS: TestNewHeartbeatV2Monitor (0.00s)
    --- PASS: TestNewHeartbeatV2Monitor/nil_cache_should_error (0.00s)
    --- PASS: TestNewHeartbeatV2Monitor/should_work (0.00s)
    --- PASS: TestNewHeartbeatV2Monitor/nil_peer_type_provider_should_error (0.00s)
    --- PASS: TestNewHeartbeatV2Monitor/invalid_hide_inactive_validator_interval_should_error (0.00s)
    --- PASS: TestNewHeartbeatV2Monitor/invalid_max_duration_peer_unresponsive_should_error (0.00s)
    --- PASS: TestNewHeartbeatV2Monitor/nil_marshaller_should_error (0.00s)
    --- PASS: TestNewHeartbeatV2Monitor/nil_pub_key_converter_should_error (0.00s)
=== CONT  TestHeartbeatV2Monitor_GetHeartbeats/should_choose_the_'smaller'_pid_if_multiple_active_messages_are_found_(sort_should_work)
=== CONT  TestHeartbeatV2Monitor_GetHeartbeats/should_work_with_2_public_keys_on_different_pids_and_one_public_key
=== CONT  TestHeartbeatV2Monitor_GetHeartbeats/nil_message_in_cache_should_remove
=== CONT  TestHeartbeatV2Monitor_GetHeartbeats/should_remove_all_inactive_messages_if_one_is_active
=== CONT  TestHeartbeatV2Monitor_GetHeartbeats/should_remove_all_inactive_messages_except_from_the_latest_message
--- PASS: TestHeartbeatV2Monitor_GetHeartbeats (0.00s)
    --- PASS: TestHeartbeatV2Monitor_GetHeartbeats/should_work_-_one_of_the_messages_should_be_skipped (0.00s)
    --- PASS: TestHeartbeatV2Monitor_GetHeartbeats/should_choose_the_'smaller'_pid_if_multiple_active_messages_are_found_(sort_should_work) (0.00s)
    --- PASS: TestHeartbeatV2Monitor_GetHeartbeats/should_work_with_2_public_keys_on_different_pids_and_one_public_key (0.00s)
    --- PASS: TestHeartbeatV2Monitor_GetHeartbeats/nil_message_in_cache_should_remove (0.00s)
    --- PASS: TestHeartbeatV2Monitor_GetHeartbeats/should_remove_all_inactive_messages_if_one_is_active (0.00s)
    --- PASS: TestHeartbeatV2Monitor_GetHeartbeats/should_remove_all_inactive_messages_except_from_the_latest_message (0.00s)
=== CONT  TestHeartbeatV2Monitor_parseMessage/should_work
=== CONT  TestHeartbeatV2Monitor_parseMessage/should_work,_peer_type_provider_returns_error
[0;33mWARN [0m[2026-03-16 10:13:50.773]   heartbeatV2Monitor: computePeerType      [0;33merror[0m = some error 
=== CONT  TestHeartbeatV2Monitor_parseMessage/skippable_message_should_return_error
=== CONT  TestHeartbeatV2Monitor_parseMessage/unmarshal_returns_error
--- PASS: TestHeartbeatV2Monitor_parseMessage (0.00s)
    --- PASS: TestHeartbeatV2Monitor_parseMessage/wrong_message_type_should_error (0.00s)
    --- PASS: TestHeartbeatV2Monitor_parseMessage/should_work (0.00s)
    --- PASS: TestHeartbeatV2Monitor_parseMessage/should_work,_peer_type_provider_returns_error (0.00s)
    --- PASS: TestHeartbeatV2Monitor_parseMessage/skippable_message_should_return_error (0.00s)
    --- PASS: TestHeartbeatV2Monitor_parseMessage/unmarshal_returns_error (0.00s)
PASS
ok  	github.com/TerraDharitri/drt-go-chain/heartbeat/monitor	(cached)
=== RUN   TestNewDirectConnectionProcessor
=== PAUSE TestNewDirectConnectionProcessor
=== RUN   TestDirectConnectionProcessor_ProcessingShouldWork
=== PAUSE TestDirectConnectionProcessor_ProcessingShouldWork
=== RUN   TestDirectConnectionProcessor_Close
=== PAUSE TestDirectConnectionProcessor_Close
=== RUN   TestNewPeerAuthenticationRequestsProcessor
=== PAUSE TestNewPeerAuthenticationRequestsProcessor
=== RUN   TestPeerAuthenticationRequestsProcessor_startRequestingMessages
=== PAUSE TestPeerAuthenticationRequestsProcessor_startRequestingMessages
=== RUN   TestPeerAuthenticationRequestsProcessor_isThresholdReached
=== PAUSE TestPeerAuthenticationRequestsProcessor_isThresholdReached
=== RUN   TestPeerAuthenticationRequestsProcessor_requestMissingKeys
=== PAUSE TestPeerAuthenticationRequestsProcessor_requestMissingKeys
=== RUN   TestPeerAuthenticationRequestsProcessor_getRandMaxMissingKeys
=== PAUSE TestPeerAuthenticationRequestsProcessor_getRandMaxMissingKeys
=== RUN   TestPeerAuthenticationRequestsProcessor_goRoutineIsWorkingAndCloseShouldStopIt
=== PAUSE TestPeerAuthenticationRequestsProcessor_goRoutineIsWorkingAndCloseShouldStopIt
=== RUN   TestPeerAuthenticationRequestsProcessor_CloseCalledTwiceShouldNotPanicNorError
=== PAUSE TestPeerAuthenticationRequestsProcessor_CloseCalledTwiceShouldNotPanicNorError
=== CONT  TestNewDirectConnectionProcessor
=== RUN   TestNewDirectConnectionProcessor/invalid_TimeToReadDirectConnections_should_error
=== PAUSE TestNewDirectConnectionProcessor/invalid_TimeToReadDirectConnections_should_error
=== RUN   TestNewDirectConnectionProcessor/nil_Messenger_should_error
=== PAUSE TestNewDirectConnectionProcessor/nil_Messenger_should_error
=== RUN   TestNewDirectConnectionProcessor/nil_PeerShardMapper_should_error
=== PAUSE TestNewDirectConnectionProcessor/nil_PeerShardMapper_should_error
=== RUN   TestNewDirectConnectionProcessor/nil_ShardCoordinator_should_error
=== PAUSE TestNewDirectConnectionProcessor/nil_ShardCoordinator_should_error
=== RUN   TestNewDirectConnectionProcessor/empty_BaseIntraShardTopic_should_error
=== PAUSE TestNewDirectConnectionProcessor/empty_BaseIntraShardTopic_should_error
=== RUN   TestNewDirectConnectionProcessor/empty_BaseCrossShardTopic_should_error
=== PAUSE TestNewDirectConnectionProcessor/empty_BaseCrossShardTopic_should_error
=== RUN   TestNewDirectConnectionProcessor/should_work
=== PAUSE TestNewDirectConnectionProcessor/should_work
=== CONT  TestNewDirectConnectionProcessor/invalid_TimeToReadDirectConnections_should_error
=== CONT  TestPeerAuthenticationRequestsProcessor_CloseCalledTwiceShouldNotPanicNorError
=== CONT  TestPeerAuthenticationRequestsProcessor_goRoutineIsWorkingAndCloseShouldStopIt
=== CONT  TestPeerAuthenticationRequestsProcessor_getRandMaxMissingKeys
--- PASS: TestPeerAuthenticationRequestsProcessor_getRandMaxMissingKeys (0.00s)
=== CONT  TestPeerAuthenticationRequestsProcessor_requestMissingKeys
=== RUN   TestPeerAuthenticationRequestsProcessor_requestMissingKeys/get_missing_keys_returns_nil
=== PAUSE TestPeerAuthenticationRequestsProcessor_requestMissingKeys/get_missing_keys_returns_nil
=== CONT  TestPeerAuthenticationRequestsProcessor_requestMissingKeys/get_missing_keys_returns_nil
--- PASS: TestPeerAuthenticationRequestsProcessor_requestMissingKeys (0.00s)
    --- PASS: TestPeerAuthenticationRequestsProcessor_requestMissingKeys/get_missing_keys_returns_nil (0.00s)
=== CONT  TestPeerAuthenticationRequestsProcessor_isThresholdReached
--- PASS: TestPeerAuthenticationRequestsProcessor_isThresholdReached (0.00s)
=== CONT  TestPeerAuthenticationRequestsProcessor_startRequestingMessages
=== RUN   TestPeerAuthenticationRequestsProcessor_startRequestingMessages/should_work:_<-requestsTimer.C
=== PAUSE TestPeerAuthenticationRequestsProcessor_startRequestingMessages/should_work:_<-requestsTimer.C
=== CONT  TestPeerAuthenticationRequestsProcessor_startRequestingMessages/should_work:_<-requestsTimer.C
=== CONT  TestNewPeerAuthenticationRequestsProcessor
=== RUN   TestNewPeerAuthenticationRequestsProcessor/nil_request_handler_should_error
=== PAUSE TestNewPeerAuthenticationRequestsProcessor/nil_request_handler_should_error
=== RUN   TestNewPeerAuthenticationRequestsProcessor/nil_nodes_coordinator_should_error
=== PAUSE TestNewPeerAuthenticationRequestsProcessor/nil_nodes_coordinator_should_error
=== RUN   TestNewPeerAuthenticationRequestsProcessor/nil_peer_auth_pool_should_error
=== CONT  TestDirectConnectionProcessor_Close
=== CONT  TestDirectConnectionProcessor_ProcessingShouldWork
=== RUN   TestDirectConnectionProcessor_ProcessingShouldWork/node_is_in_shard_1,_process_should_work
=== CONT  TestNewDirectConnectionProcessor/should_work
=== CONT  TestNewDirectConnectionProcessor/empty_BaseCrossShardTopic_should_error
=== CONT  TestNewDirectConnectionProcessor/empty_BaseIntraShardTopic_should_error
=== CONT  TestNewDirectConnectionProcessor/nil_ShardCoordinator_should_error
=== CONT  TestNewDirectConnectionProcessor/nil_PeerShardMapper_should_error
=== CONT  TestNewDirectConnectionProcessor/nil_Messenger_should_error
--- PASS: TestNewDirectConnectionProcessor (0.00s)
    --- PASS: TestNewDirectConnectionProcessor/invalid_TimeToReadDirectConnections_should_error (0.00s)
    --- PASS: TestNewDirectConnectionProcessor/should_work (0.00s)
    --- PASS: TestNewDirectConnectionProcessor/empty_BaseCrossShardTopic_should_error (0.00s)
    --- PASS: TestNewDirectConnectionProcessor/empty_BaseIntraShardTopic_should_error (0.00s)
    --- PASS: TestNewDirectConnectionProcessor/nil_ShardCoordinator_should_error (0.00s)
    --- PASS: TestNewDirectConnectionProcessor/nil_PeerShardMapper_should_error (0.00s)
    --- PASS: TestNewDirectConnectionProcessor/nil_Messenger_should_error (0.00s)
=== PAUSE TestNewPeerAuthenticationRequestsProcessor/nil_peer_auth_pool_should_error
=== RUN   TestNewPeerAuthenticationRequestsProcessor/invalid_min_peers_threshold_should_error
=== PAUSE TestNewPeerAuthenticationRequestsProcessor/invalid_min_peers_threshold_should_error
=== RUN   TestNewPeerAuthenticationRequestsProcessor/min_peers_threshold_too_big_should_error
=== PAUSE TestNewPeerAuthenticationRequestsProcessor/min_peers_threshold_too_big_should_error
=== RUN   TestNewPeerAuthenticationRequestsProcessor/invalid_delay_between_requests_should_error
=== PAUSE TestNewPeerAuthenticationRequestsProcessor/invalid_delay_between_requests_should_error
=== RUN   TestNewPeerAuthenticationRequestsProcessor/invalid_max_missing_keys_should_error
=== PAUSE TestNewPeerAuthenticationRequestsProcessor/invalid_max_missing_keys_should_error
=== RUN   TestNewPeerAuthenticationRequestsProcessor/invalid_max_timeout_for_requests_should_error
=== PAUSE TestNewPeerAuthenticationRequestsProcessor/invalid_max_timeout_for_requests_should_error
=== RUN   TestNewPeerAuthenticationRequestsProcessor/nil_randomizer_should_error
=== PAUSE TestNewPeerAuthenticationRequestsProcessor/nil_randomizer_should_error
=== RUN   TestNewPeerAuthenticationRequestsProcessor/should_work
=== PAUSE TestNewPeerAuthenticationRequestsProcessor/should_work
=== CONT  TestNewPeerAuthenticationRequestsProcessor/nil_request_handler_should_error
=== PAUSE TestDirectConnectionProcessor_ProcessingShouldWork/node_is_in_shard_1,_process_should_work
=== RUN   TestDirectConnectionProcessor_ProcessingShouldWork/node_is_in_shard_meta,_process_should_work
=== PAUSE TestDirectConnectionProcessor_ProcessingShouldWork/node_is_in_shard_meta,_process_should_work
=== CONT  TestDirectConnectionProcessor_ProcessingShouldWork/node_is_in_shard_1,_process_should_work
=== CONT  TestNewPeerAuthenticationRequestsProcessor/should_work
=== CONT  TestNewPeerAuthenticationRequestsProcessor/nil_randomizer_should_error
=== CONT  TestNewPeerAuthenticationRequestsProcessor/invalid_max_timeout_for_requests_should_error
=== CONT  TestNewPeerAuthenticationRequestsProcessor/invalid_max_missing_keys_should_error
=== CONT  TestNewPeerAuthenticationRequestsProcessor/invalid_delay_between_requests_should_error
=== CONT  TestNewPeerAuthenticationRequestsProcessor/min_peers_threshold_too_big_should_error
=== CONT  TestNewPeerAuthenticationRequestsProcessor/invalid_min_peers_threshold_should_error
=== CONT  TestNewPeerAuthenticationRequestsProcessor/nil_peer_auth_pool_should_error
=== CONT  TestNewPeerAuthenticationRequestsProcessor/nil_nodes_coordinator_should_error
--- PASS: TestNewPeerAuthenticationRequestsProcessor (0.00s)
    --- PASS: TestNewPeerAuthenticationRequestsProcessor/nil_request_handler_should_error (0.00s)
    --- PASS: TestNewPeerAuthenticationRequestsProcessor/should_work (0.00s)
    --- PASS: TestNewPeerAuthenticationRequestsProcessor/nil_randomizer_should_error (0.00s)
    --- PASS: TestNewPeerAuthenticationRequestsProcessor/invalid_max_timeout_for_requests_should_error (0.00s)
    --- PASS: TestNewPeerAuthenticationRequestsProcessor/invalid_max_missing_keys_should_error (0.00s)
    --- PASS: TestNewPeerAuthenticationRequestsProcessor/invalid_delay_between_requests_should_error (0.00s)
    --- PASS: TestNewPeerAuthenticationRequestsProcessor/min_peers_threshold_too_big_should_error (0.00s)
    --- PASS: TestNewPeerAuthenticationRequestsProcessor/invalid_min_peers_threshold_should_error (0.00s)
    --- PASS: TestNewPeerAuthenticationRequestsProcessor/nil_peer_auth_pool_should_error (0.00s)
    --- PASS: TestNewPeerAuthenticationRequestsProcessor/nil_nodes_coordinator_should_error (0.00s)
=== CONT  TestDirectConnectionProcessor_ProcessingShouldWork/node_is_in_shard_meta,_process_should_work
--- PASS: TestDirectConnectionProcessor_ProcessingShouldWork (0.00s)
    --- PASS: TestDirectConnectionProcessor_ProcessingShouldWork/node_is_in_shard_1,_process_should_work (1.50s)
    --- PASS: TestDirectConnectionProcessor_ProcessingShouldWork/node_is_in_shard_meta,_process_should_work (1.50s)
--- PASS: TestPeerAuthenticationRequestsProcessor_CloseCalledTwiceShouldNotPanicNorError (2.30s)
--- PASS: TestPeerAuthenticationRequestsProcessor_startRequestingMessages (0.00s)
    --- PASS: TestPeerAuthenticationRequestsProcessor_startRequestingMessages/should_work:_<-requestsTimer.C (3.00s)
--- PASS: TestDirectConnectionProcessor_Close (5.50s)
--- PASS: TestPeerAuthenticationRequestsProcessor_goRoutineIsWorkingAndCloseShouldStopIt (5.60s)
PASS
ok  	github.com/TerraDharitri/drt-go-chain/heartbeat/processor	(cached)
=== RUN   TestBaseSender_computeRandomDuration
=== PAUSE TestBaseSender_computeRandomDuration
=== RUN   TestNewBootstrapSender
=== PAUSE TestNewBootstrapSender
=== RUN   TestBootstrapSender_Close
=== PAUSE TestBootstrapSender_Close
=== RUN   TestBootstrapSender_IsInterfaceNil
=== PAUSE TestBootstrapSender_IsInterfaceNil
=== RUN   TestHeartbeatSenderFactory_createHeartbeatSender
=== PAUSE TestHeartbeatSenderFactory_createHeartbeatSender
=== RUN   TestNewHeartbeatSender
=== PAUSE TestNewHeartbeatSender
=== RUN   TestHeartbeatSender_Execute
=== PAUSE TestHeartbeatSender_Execute
=== RUN   TestHeartbeatSender_execute
=== PAUSE TestHeartbeatSender_execute
=== RUN   TestHeartbeatSender_GetCurrentNodeType
=== PAUSE TestHeartbeatSender_GetCurrentNodeType
=== RUN   TestHeartbeatSender_IsInterfaceNil
=== PAUSE TestHeartbeatSender_IsInterfaceNil
=== RUN   TestNewMultikeyHeartbeatSender
=== PAUSE TestNewMultikeyHeartbeatSender
=== RUN   TestMultikeyHeartbeatSender_Execute
=== PAUSE TestMultikeyHeartbeatSender_Execute
=== RUN   TestMultikeyHeartbeatSender_execute
=== PAUSE TestMultikeyHeartbeatSender_execute
=== RUN   TestMultikeyHeartbeatSender_generateMessageBytes
=== PAUSE TestMultikeyHeartbeatSender_generateMessageBytes
=== RUN   TestMultikeyHeartbeatSender_IsInterfaceNil
=== PAUSE TestMultikeyHeartbeatSender_IsInterfaceNil
=== RUN   TestNewMultikeyPeerAuthenticationSender
=== PAUSE TestNewMultikeyPeerAuthenticationSender
=== RUN   TestNewMultikeyPeerAuthenticationSender_Execute
=== PAUSE TestNewMultikeyPeerAuthenticationSender_Execute
=== RUN   TestMultikeyPeerAuthenticationSender_IsInterfaceNil
=== PAUSE TestMultikeyPeerAuthenticationSender_IsInterfaceNil
=== RUN   TestPeerAuthenticationSenderFactory_createPeerAuthenticationSender
=== PAUSE TestPeerAuthenticationSenderFactory_createPeerAuthenticationSender
=== RUN   TestNewPeerAuthenticationSender
=== PAUSE TestNewPeerAuthenticationSender
=== RUN   TestPeerAuthenticationSender_execute
=== PAUSE TestPeerAuthenticationSender_execute
=== RUN   TestPeerAuthenticationSender_Execute
=== PAUSE TestPeerAuthenticationSender_Execute
=== RUN   TestPeerAuthenticationSender_getCurrentPrivateAndPublicKeys
=== PAUSE TestPeerAuthenticationSender_getCurrentPrivateAndPublicKeys
=== RUN   TestPeerAuthenticationSender_getHardforkPayload
=== PAUSE TestPeerAuthenticationSender_getHardforkPayload
=== RUN   TestPeerAuthenticationSender_ShouldTriggerHardfork
=== PAUSE TestPeerAuthenticationSender_ShouldTriggerHardfork
=== RUN   TestPeerAuthenticationSender_IsInterfaceNil
=== PAUSE TestPeerAuthenticationSender_IsInterfaceNil
=== RUN   TestNewPeerShardSender
=== PAUSE TestNewPeerShardSender
=== RUN   TestPeerShardSender_IsInterfaceNil
=== PAUSE TestPeerShardSender_IsInterfaceNil
=== RUN   TestRoutineHandler_ShouldWork
=== PAUSE TestRoutineHandler_ShouldWork
=== RUN   TestRoutineHandler_Close
=== PAUSE TestRoutineHandler_Close
=== RUN   TestNewSender
=== PAUSE TestNewSender
=== RUN   TestSender_Close
=== PAUSE TestSender_Close
=== RUN   TestSender_GetCurrentNodeTypeShouldNotPanic
=== PAUSE TestSender_GetCurrentNodeTypeShouldNotPanic
=== RUN   TestSender_IsInterfaceNil
=== PAUSE TestSender_IsInterfaceNil
=== RUN   TestTimerWrapper_createTimerAndExecutionReadyChannel
=== PAUSE TestTimerWrapper_createTimerAndExecutionReadyChannel
=== RUN   TestTimerWrapper_Close
=== PAUSE TestTimerWrapper_Close
=== RUN   TestTimerWrapper_ExecutionReadyChannelMultipleTriggers
=== PAUSE TestTimerWrapper_ExecutionReadyChannelMultipleTriggers
=== CONT  TestBaseSender_computeRandomDuration
--- PASS: TestBaseSender_computeRandomDuration (0.00s)
=== CONT  TestTimerWrapper_ExecutionReadyChannelMultipleTriggers
=== CONT  TestTimerWrapper_Close
=== RUN   TestTimerWrapper_Close/close_on_a_nil_timer_should_not_panic
=== RUN   TestTimerWrapper_Close/double_close_on_a_valid_timer_should_not_panic
=== RUN   TestTimerWrapper_Close/close_should_stop_the_timer
=== CONT  TestTimerWrapper_createTimerAndExecutionReadyChannel
=== RUN   TestTimerWrapper_createTimerAndExecutionReadyChannel/should_work
=== PAUSE TestTimerWrapper_createTimerAndExecutionReadyChannel/should_work
=== RUN   TestTimerWrapper_createTimerAndExecutionReadyChannel/double_call_to_should_execute,_should_work
=== PAUSE TestTimerWrapper_createTimerAndExecutionReadyChannel/double_call_to_should_execute,_should_work
=== CONT  TestTimerWrapper_createTimerAndExecutionReadyChannel/should_work
=== CONT  TestSender_IsInterfaceNil
--- PASS: TestSender_IsInterfaceNil (0.00s)
=== CONT  TestSender_GetCurrentNodeTypeShouldNotPanic
--- PASS: TestSender_GetCurrentNodeTypeShouldNotPanic (0.00s)
=== CONT  TestSender_Close
--- PASS: TestSender_Close (0.00s)
=== CONT  TestNewSender
=== RUN   TestNewSender/nil_main_messenger_should_error
=== PAUSE TestNewSender/nil_main_messenger_should_error
=== RUN   TestNewSender/nil_full_archive_messenger_should_error
=== PAUSE TestNewSender/nil_full_archive_messenger_should_error
=== RUN   TestNewSender/nil_marshaller_should_error
=== PAUSE TestNewSender/nil_marshaller_should_error
=== RUN   TestNewSender/empty_peer_auth_topic_should_error
=== PAUSE TestNewSender/empty_peer_auth_topic_should_error
=== RUN   TestNewSender/empty_heartbeat_topic_should_error
=== PAUSE TestNewSender/empty_heartbeat_topic_should_error
=== RUN   TestNewSender/invalid_peer_auth_time_between_sends_should_error
=== PAUSE TestNewSender/invalid_peer_auth_time_between_sends_should_error
=== RUN   TestNewSender/invalid_peer_auth_time_between_sends_should_error#01
=== PAUSE TestNewSender/invalid_peer_auth_time_between_sends_should_error#01
=== RUN   TestNewSender/invalid_time_between_sends_should_error
=== PAUSE TestNewSender/invalid_time_between_sends_should_error
=== RUN   TestNewSender/invalid_time_between_sends_when_error_should_error
=== PAUSE TestNewSender/invalid_time_between_sends_when_error_should_error
=== RUN   TestNewSender/version_number_too_long_should_error
=== PAUSE TestNewSender/version_number_too_long_should_error
=== RUN   TestNewSender/node_display_name_too_long_should_error
=== PAUSE TestNewSender/node_display_name_too_long_should_error
=== RUN   TestNewSender/identity_name_too_long_should_error
=== PAUSE TestNewSender/identity_name_too_long_should_error
=== RUN   TestNewSender/nil_current_block_provider_should_error
=== PAUSE TestNewSender/nil_current_block_provider_should_error
=== RUN   TestNewSender/nil_nodes_coordinator_should_error
=== PAUSE TestNewSender/nil_nodes_coordinator_should_error
=== RUN   TestNewSender/nil_peer_signature_handler_should_error
=== PAUSE TestNewSender/nil_peer_signature_handler_should_error
=== RUN   TestNewSender/nil_private_key_should_error
=== PAUSE TestNewSender/nil_private_key_should_error
=== RUN   TestNewSender/nil_redundancy_handler_should_error
=== PAUSE TestNewSender/nil_redundancy_handler_should_error
=== RUN   TestNewSender/nil_hardfork_trigger_should_error
=== PAUSE TestNewSender/nil_hardfork_trigger_should_error
=== RUN   TestNewSender/invalid_time_between_hardforks_should_error
=== PAUSE TestNewSender/invalid_time_between_hardforks_should_error
=== RUN   TestNewSender/invalid_hardfork_pub_key_should_error
=== PAUSE TestNewSender/invalid_hardfork_pub_key_should_error
=== RUN   TestNewSender/nil_peer_type_provider_should_error
=== PAUSE TestNewSender/nil_peer_type_provider_should_error
=== RUN   TestNewSender/nil_managed_peers_holder_should_error
=== PAUSE TestNewSender/nil_managed_peers_holder_should_error
=== RUN   TestNewSender/invalid_time_between_checks_should_error
=== PAUSE TestNewSender/invalid_time_between_checks_should_error
=== RUN   TestNewSender/nil_shard_coordinator_should_error
=== PAUSE TestNewSender/nil_shard_coordinator_should_error
=== RUN   TestNewSender/should_work
=== PAUSE TestNewSender/should_work
=== CONT  TestNewSender/nil_main_messenger_should_error
=== CONT  TestRoutineHandler_Close
=== RUN   TestRoutineHandler_Close/Close()_call_should_end_the_go_routine
=== PAUSE TestRoutineHandler_Close/Close()_call_should_end_the_go_routine
=== RUN   TestRoutineHandler_Close/Close()_call_while_hardfork_handler_is_triggered_should_close_immediately
=== PAUSE TestRoutineHandler_Close/Close()_call_while_hardfork_handler_is_triggered_should_close_immediately
=== CONT  TestRoutineHandler_Close/Close()_call_should_end_the_go_routine
=== CONT  TestRoutineHandler_ShouldWork
=== RUN   TestRoutineHandler_ShouldWork/should_work_concurrently,_calling_all_handlers,_twice
=== PAUSE TestRoutineHandler_ShouldWork/should_work_concurrently,_calling_all_handlers,_twice
=== RUN   TestRoutineHandler_ShouldWork/close_should_work
=== PAUSE TestRoutineHandler_ShouldWork/close_should_work
=== CONT  TestRoutineHandler_ShouldWork/should_work_concurrently,_calling_all_handlers,_twice
=== CONT  TestPeerShardSender_IsInterfaceNil
--- PASS: TestPeerShardSender_IsInterfaceNil (0.00s)
=== CONT  TestNewPeerShardSender
=== RUN   TestNewPeerShardSender/nil_main_messenger_should_error
=== PAUSE TestNewPeerShardSender/nil_main_messenger_should_error
=== RUN   TestNewPeerShardSender/nil_full_archive_messenger_should_error
=== PAUSE TestNewPeerShardSender/nil_full_archive_messenger_should_error
=== RUN   TestNewPeerShardSender/nil_marshaller_should_error
=== PAUSE TestNewPeerShardSender/nil_marshaller_should_error
=== RUN   TestNewPeerShardSender/nil_shard_coordinator_should_error
=== PAUSE TestNewPeerShardSender/nil_shard_coordinator_should_error
=== RUN   TestNewPeerShardSender/invalid_time_between_sends_should_error
=== PAUSE TestNewPeerShardSender/invalid_time_between_sends_should_error
=== RUN   TestNewPeerShardSender/invalid_threshold_between_sends_should_error
=== PAUSE TestNewPeerShardSender/invalid_threshold_between_sends_should_error
=== RUN   TestNewPeerShardSender/nil_nodes_coordinator_should_error
=== PAUSE TestNewPeerShardSender/nil_nodes_coordinator_should_error
=== RUN   TestNewPeerShardSender/should_work_and_validator_should_not_broadcast
=== PAUSE TestNewPeerShardSender/should_work_and_validator_should_not_broadcast
=== RUN   TestNewPeerShardSender/should_work_and_broadcast
=== PAUSE TestNewPeerShardSender/should_work_and_broadcast
=== CONT  TestNewPeerShardSender/nil_main_messenger_should_error
=== CONT  TestPeerAuthenticationSender_IsInterfaceNil
--- PASS: TestPeerAuthenticationSender_IsInterfaceNil (0.00s)
=== CONT  TestPeerAuthenticationSender_ShouldTriggerHardfork
=== CONT  TestPeerAuthenticationSender_getHardforkPayload
=== RUN   TestPeerAuthenticationSender_getHardforkPayload/hardfork_not_triggered_should_work
=== PAUSE TestPeerAuthenticationSender_getHardforkPayload/hardfork_not_triggered_should_work
=== RUN   TestPeerAuthenticationSender_getHardforkPayload/hardfork_triggered_should_work
=== PAUSE TestPeerAuthenticationSender_getHardforkPayload/hardfork_triggered_should_work
=== CONT  TestPeerAuthenticationSender_getHardforkPayload/hardfork_not_triggered_should_work
=== CONT  TestPeerAuthenticationSender_getCurrentPrivateAndPublicKeys
=== RUN   TestPeerAuthenticationSender_getCurrentPrivateAndPublicKeys/is_not_redundancy_node_should_return_regular_keys
=== PAUSE TestPeerAuthenticationSender_getCurrentPrivateAndPublicKeys/is_not_redundancy_node_should_return_regular_keys
=== RUN   TestPeerAuthenticationSender_getCurrentPrivateAndPublicKeys/is_redundancy_node_but_the_main_machine_is_not_active_should_return_regular_keys
=== PAUSE TestPeerAuthenticationSender_getCurrentPrivateAndPublicKeys/is_redundancy_node_but_the_main_machine_is_not_active_should_return_regular_keys
=== RUN   TestPeerAuthenticationSender_getCurrentPrivateAndPublicKeys/is_redundancy_node_but_the_main_machine_is_active_should_return_the_observer_keys
=== PAUSE TestPeerAuthenticationSender_getCurrentPrivateAndPublicKeys/is_redundancy_node_but_the_main_machine_is_active_should_return_the_observer_keys
=== RUN   TestPeerAuthenticationSender_getCurrentPrivateAndPublicKeys/call_from_multiple_threads
=== PAUSE TestPeerAuthenticationSender_getCurrentPrivateAndPublicKeys/call_from_multiple_threads
=== CONT  TestPeerAuthenticationSender_getCurrentPrivateAndPublicKeys/is_not_redundancy_node_should_return_regular_keys
=== CONT  TestPeerAuthenticationSender_Execute
=== RUN   TestPeerAuthenticationSender_Execute/observer_should_not_execute
=== PAUSE TestPeerAuthenticationSender_Execute/observer_should_not_execute
=== RUN   TestPeerAuthenticationSender_Execute/execute_errors,_should_set_the_error_time_duration_value
=== PAUSE TestPeerAuthenticationSender_Execute/execute_errors,_should_set_the_error_time_duration_value
=== RUN   TestPeerAuthenticationSender_Execute/execute_worked,_should_set_the_normal_time_duration_value
=== PAUSE TestPeerAuthenticationSender_Execute/execute_worked,_should_set_the_normal_time_duration_value
=== RUN   TestPeerAuthenticationSender_Execute/observer->validator->observer_should_work
=== PAUSE TestPeerAuthenticationSender_Execute/observer->validator->observer_should_work
=== RUN   TestPeerAuthenticationSender_Execute/execute_worked,_should_set_the_hardfork_time_duration_value
=== PAUSE TestPeerAuthenticationSender_Execute/execute_worked,_should_set_the_hardfork_time_duration_value
=== CONT  TestPeerAuthenticationSender_Execute/observer_should_not_execute
=== CONT  TestPeerAuthenticationSender_execute
=== RUN   TestPeerAuthenticationSender_execute/messenger_Sign_method_fails,_should_return_error
=== PAUSE TestPeerAuthenticationSender_execute/messenger_Sign_method_fails,_should_return_error
=== RUN   TestPeerAuthenticationSender_execute/marshaller_fails_in_first_time,_should_return_error
=== PAUSE TestPeerAuthenticationSender_execute/marshaller_fails_in_first_time,_should_return_error
=== RUN   TestPeerAuthenticationSender_execute/get_peer_signature_method_fails,_should_return_error
=== PAUSE TestPeerAuthenticationSender_execute/get_peer_signature_method_fails,_should_return_error
=== RUN   TestPeerAuthenticationSender_execute/marshaller_fails_for_the_second_time,_should_return_error
=== PAUSE TestPeerAuthenticationSender_execute/marshaller_fails_for_the_second_time,_should_return_error
=== RUN   TestPeerAuthenticationSender_execute/should_work_with_stubs
=== PAUSE TestPeerAuthenticationSender_execute/should_work_with_stubs
=== RUN   TestPeerAuthenticationSender_execute/should_work_with_some_real_components
=== PAUSE TestPeerAuthenticationSender_execute/should_work_with_some_real_components
=== CONT  TestPeerAuthenticationSender_execute/messenger_Sign_method_fails,_should_return_error
=== CONT  TestNewPeerAuthenticationSender
=== RUN   TestNewPeerAuthenticationSender/nil_main_messenger_should_error
=== PAUSE TestNewPeerAuthenticationSender/nil_main_messenger_should_error
=== RUN   TestNewPeerAuthenticationSender/nil_nodes_coordinator_should_error
=== PAUSE TestNewPeerAuthenticationSender/nil_nodes_coordinator_should_error
=== RUN   TestNewPeerAuthenticationSender/nil_peer_signature_handler_should_error
=== PAUSE TestNewPeerAuthenticationSender/nil_peer_signature_handler_should_error
=== RUN   TestNewPeerAuthenticationSender/nil_private_key_should_error
=== PAUSE TestNewPeerAuthenticationSender/nil_private_key_should_error
=== RUN   TestNewPeerAuthenticationSender/nil_marshaller_should_error
=== PAUSE TestNewPeerAuthenticationSender/nil_marshaller_should_error
=== RUN   TestNewPeerAuthenticationSender/empty_topic_should_error
=== PAUSE TestNewPeerAuthenticationSender/empty_topic_should_error
=== RUN   TestNewPeerAuthenticationSender/nil_redundancy_handler_should_error
=== PAUSE TestNewPeerAuthenticationSender/nil_redundancy_handler_should_error
=== RUN   TestNewPeerAuthenticationSender/invalid_time_between_sends_should_error
=== PAUSE TestNewPeerAuthenticationSender/invalid_time_between_sends_should_error
=== RUN   TestNewPeerAuthenticationSender/invalid_time_between_sends_when_error_should_error
=== PAUSE TestNewPeerAuthenticationSender/invalid_time_between_sends_when_error_should_error
=== RUN   TestNewPeerAuthenticationSender/threshold_too_small_should_error
=== PAUSE TestNewPeerAuthenticationSender/threshold_too_small_should_error
=== RUN   TestNewPeerAuthenticationSender/threshold_too_big_should_error
=== PAUSE TestNewPeerAuthenticationSender/threshold_too_big_should_error
=== RUN   TestNewPeerAuthenticationSender/nil_hardfork_trigger_should_error
=== PAUSE TestNewPeerAuthenticationSender/nil_hardfork_trigger_should_error
=== RUN   TestNewPeerAuthenticationSender/invalid_time_between_hardforks_should_error
=== PAUSE TestNewPeerAuthenticationSender/invalid_time_between_hardforks_should_error
=== RUN   TestNewPeerAuthenticationSender/should_work
=== PAUSE TestNewPeerAuthenticationSender/should_work
=== CONT  TestNewPeerAuthenticationSender/nil_main_messenger_should_error
=== CONT  TestPeerAuthenticationSenderFactory_createPeerAuthenticationSender
=== RUN   TestPeerAuthenticationSenderFactory_createPeerAuthenticationSender/ToByteArray_fails_should_error
=== PAUSE TestPeerAuthenticationSenderFactory_createPeerAuthenticationSender/ToByteArray_fails_should_error
=== RUN   TestPeerAuthenticationSenderFactory_createPeerAuthenticationSender/validator_with_keys_managed_should_error
=== PAUSE TestPeerAuthenticationSenderFactory_createPeerAuthenticationSender/validator_with_keys_managed_should_error
=== RUN   TestPeerAuthenticationSenderFactory_createPeerAuthenticationSender/validator_should_create_regular_sender
=== PAUSE TestPeerAuthenticationSenderFactory_createPeerAuthenticationSender/validator_should_create_regular_sender
=== RUN   TestPeerAuthenticationSenderFactory_createPeerAuthenticationSender/regular_observer_should_create_regular_sender
=== PAUSE TestPeerAuthenticationSenderFactory_createPeerAuthenticationSender/regular_observer_should_create_regular_sender
=== RUN   TestPeerAuthenticationSenderFactory_createPeerAuthenticationSender/not_validator_with_keys_managed_should_create_multikey_sender
=== PAUSE TestPeerAuthenticationSenderFactory_createPeerAuthenticationSender/not_validator_with_keys_managed_should_create_multikey_sender
=== CONT  TestPeerAuthenticationSenderFactory_createPeerAuthenticationSender/ToByteArray_fails_should_error
=== CONT  TestMultikeyPeerAuthenticationSender_IsInterfaceNil
=== CONT  TestNewSender/nil_full_archive_messenger_should_error
=== CONT  TestNewMultikeyPeerAuthenticationSender_Execute
=== RUN   TestNewMultikeyPeerAuthenticationSender_Execute/should_work_for_the_first_time_with_some_real_components
=== PAUSE TestNewMultikeyPeerAuthenticationSender_Execute/should_work_for_the_first_time_with_some_real_components
=== RUN   TestNewMultikeyPeerAuthenticationSender_Execute/should_work_with_some_real_components
=== PAUSE TestNewMultikeyPeerAuthenticationSender_Execute/should_work_with_some_real_components
=== RUN   TestNewMultikeyPeerAuthenticationSender_Execute/should_work_with_some_real_components_and_one_key_not_handled_by_the_current_node
=== PAUSE TestNewMultikeyPeerAuthenticationSender_Execute/should_work_with_some_real_components_and_one_key_not_handled_by_the_current_node
=== RUN   TestNewMultikeyPeerAuthenticationSender_Execute/should_work_with_some_real_components_one_key_not_a_validator
=== PAUSE TestNewMultikeyPeerAuthenticationSender_Execute/should_work_with_some_real_components_one_key_not_a_validator
=== RUN   TestNewMultikeyPeerAuthenticationSender_Execute/should_work_with_some_real_components_one_key_is_on_a_different_shard
=== PAUSE TestNewMultikeyPeerAuthenticationSender_Execute/should_work_with_some_real_components_one_key_is_on_a_different_shard
=== RUN   TestNewMultikeyPeerAuthenticationSender_Execute/should_work_with_some_real_components_and_hardfork_trigger
=== PAUSE TestNewMultikeyPeerAuthenticationSender_Execute/should_work_with_some_real_components_and_hardfork_trigger
=== CONT  TestHeartbeatSender_execute
=== RUN   TestHeartbeatSender_execute/marshal_returns_error_first_time
=== PAUSE TestHeartbeatSender_execute/marshal_returns_error_first_time
=== RUN   TestHeartbeatSender_execute/marshal_returns_error_second_time
=== PAUSE TestHeartbeatSender_execute/marshal_returns_error_second_time
=== RUN   TestHeartbeatSender_execute/should_work
=== PAUSE TestHeartbeatSender_execute/should_work
=== CONT  TestNewMultikeyPeerAuthenticationSender
=== RUN   TestNewMultikeyPeerAuthenticationSender/nil_main_messenger_should_error
=== PAUSE TestNewMultikeyPeerAuthenticationSender/nil_main_messenger_should_error
=== RUN   TestNewMultikeyPeerAuthenticationSender/nil_full_archive_messenger_should_error
=== PAUSE TestNewMultikeyPeerAuthenticationSender/nil_full_archive_messenger_should_error
=== RUN   TestNewMultikeyPeerAuthenticationSender/nil_marshaller_should_error
=== PAUSE TestNewMultikeyPeerAuthenticationSender/nil_marshaller_should_error
=== RUN   TestNewMultikeyPeerAuthenticationSender/empty_topic_should_error
=== PAUSE TestNewMultikeyPeerAuthenticationSender/empty_topic_should_error
=== RUN   TestNewMultikeyPeerAuthenticationSender/invalid_time_between_sends_should_error
=== PAUSE TestNewMultikeyPeerAuthenticationSender/invalid_time_between_sends_should_error
=== RUN   TestNewMultikeyPeerAuthenticationSender/invalid_time_between_sends_should_error#01
=== PAUSE TestNewMultikeyPeerAuthenticationSender/invalid_time_between_sends_should_error#01
=== RUN   TestNewMultikeyPeerAuthenticationSender/threshold_too_small_should_error
=== PAUSE TestNewMultikeyPeerAuthenticationSender/threshold_too_small_should_error
=== RUN   TestNewMultikeyPeerAuthenticationSender/threshold_too_big_should_error
=== PAUSE TestNewMultikeyPeerAuthenticationSender/threshold_too_big_should_error
=== RUN   TestNewMultikeyPeerAuthenticationSender/nil_nodes_coordinator_should_error
=== PAUSE TestNewMultikeyPeerAuthenticationSender/nil_nodes_coordinator_should_error
=== RUN   TestNewMultikeyPeerAuthenticationSender/nil_peer_signature_handler_should_error
=== PAUSE TestNewMultikeyPeerAuthenticationSender/nil_peer_signature_handler_should_error
=== RUN   TestNewMultikeyPeerAuthenticationSender/nil_hardfork_trigger_should_error
=== PAUSE TestNewMultikeyPeerAuthenticationSender/nil_hardfork_trigger_should_error
=== RUN   TestNewMultikeyPeerAuthenticationSender/invalid_time_between_hardforks_should_error
=== PAUSE TestNewMultikeyPeerAuthenticationSender/invalid_time_between_hardforks_should_error
=== RUN   TestNewMultikeyPeerAuthenticationSender/nil_managed_peers_holder_should_error
=== PAUSE TestNewMultikeyPeerAuthenticationSender/nil_managed_peers_holder_should_error
=== RUN   TestNewMultikeyPeerAuthenticationSender/invalid_time_between_checks_should_error
=== PAUSE TestNewMultikeyPeerAuthenticationSender/invalid_time_between_checks_should_error
=== RUN   TestNewMultikeyPeerAuthenticationSender/nil_shard_coordinator_should_error
=== PAUSE TestNewMultikeyPeerAuthenticationSender/nil_shard_coordinator_should_error
=== RUN   TestNewMultikeyPeerAuthenticationSender/should_work
=== PAUSE TestNewMultikeyPeerAuthenticationSender/should_work
=== CONT  TestHeartbeatSender_Execute
=== RUN   TestHeartbeatSender_Execute/execute_errors,_should_set_the_error_time_duration_value
=== PAUSE TestHeartbeatSender_Execute/execute_errors,_should_set_the_error_time_duration_value
=== RUN   TestHeartbeatSender_Execute/execute_worked,_should_set_the_normal_time_duration_value
=== PAUSE TestHeartbeatSender_Execute/execute_worked,_should_set_the_normal_time_duration_value
=== CONT  TestNewHeartbeatSender
=== RUN   TestNewHeartbeatSender/nil_main_messenger_should_error
=== PAUSE TestNewHeartbeatSender/nil_main_messenger_should_error
=== RUN   TestNewHeartbeatSender/nil_full_archive_messenger_should_error
=== PAUSE TestNewHeartbeatSender/nil_full_archive_messenger_should_error
=== RUN   TestNewHeartbeatSender/nil_marshaller_should_error
=== PAUSE TestNewHeartbeatSender/nil_marshaller_should_error
=== RUN   TestNewHeartbeatSender/empty_topic_should_error
=== PAUSE TestNewHeartbeatSender/empty_topic_should_error
=== RUN   TestNewHeartbeatSender/invalid_time_between_sends_should_error
=== PAUSE TestNewHeartbeatSender/invalid_time_between_sends_should_error
=== RUN   TestNewHeartbeatSender/invalid_time_between_sends_when_error_should_error
=== PAUSE TestNewHeartbeatSender/invalid_time_between_sends_when_error_should_error
=== RUN   TestNewHeartbeatSender/nil_private_key_should_error
=== PAUSE TestNewHeartbeatSender/nil_private_key_should_error
=== RUN   TestNewHeartbeatSender/nil_redundancy_handler_should_error
=== PAUSE TestNewHeartbeatSender/nil_redundancy_handler_should_error
=== RUN   TestNewHeartbeatSender/version_number_too_long_should_error
=== PAUSE TestNewHeartbeatSender/version_number_too_long_should_error
=== RUN   TestNewHeartbeatSender/node_display_name_too_long_should_error
=== PAUSE TestNewHeartbeatSender/node_display_name_too_long_should_error
=== RUN   TestNewHeartbeatSender/identity_too_long_should_error
=== PAUSE TestNewHeartbeatSender/identity_too_long_should_error
=== RUN   TestNewHeartbeatSender/nil_current_block_provider_should_error
=== PAUSE TestNewHeartbeatSender/nil_current_block_provider_should_error
=== RUN   TestNewHeartbeatSender/threshold_too_small_should_error
=== PAUSE TestNewHeartbeatSender/threshold_too_small_should_error
=== RUN   TestNewHeartbeatSender/threshold_too_big_should_error
=== PAUSE TestNewHeartbeatSender/threshold_too_big_should_error
=== RUN   TestNewHeartbeatSender/nil_peer_type_provider_should_error
=== PAUSE TestNewHeartbeatSender/nil_peer_type_provider_should_error
=== RUN   TestNewHeartbeatSender/nil_trie_sync_statistics_provider_should_error
=== PAUSE TestNewHeartbeatSender/nil_trie_sync_statistics_provider_should_error
=== RUN   TestNewHeartbeatSender/should_work
=== PAUSE TestNewHeartbeatSender/should_work
=== CONT  TestMultikeyHeartbeatSender_IsInterfaceNil
--- PASS: TestMultikeyHeartbeatSender_IsInterfaceNil (0.00s)
=== CONT  TestNewBootstrapSender
=== RUN   TestNewBootstrapSender/nil_main_messenger_should_error
=== PAUSE TestNewBootstrapSender/nil_main_messenger_should_error
=== RUN   TestNewBootstrapSender/nil_full_archive_messenger_should_error
=== PAUSE TestNewBootstrapSender/nil_full_archive_messenger_should_error
=== RUN   TestNewBootstrapSender/nil_marshaller_should_error
=== PAUSE TestNewBootstrapSender/nil_marshaller_should_error
=== RUN   TestNewBootstrapSender/empty_heartbeat_topic_should_error
=== PAUSE TestNewBootstrapSender/empty_heartbeat_topic_should_error
=== RUN   TestNewBootstrapSender/invalid_time_between_sends_should_error
=== PAUSE TestNewBootstrapSender/invalid_time_between_sends_should_error
=== RUN   TestNewBootstrapSender/invalid_time_between_sends_when_error_should_error
=== PAUSE TestNewBootstrapSender/invalid_time_between_sends_when_error_should_error
=== RUN   TestNewBootstrapSender/version_number_too_long_should_error
=== PAUSE TestNewBootstrapSender/version_number_too_long_should_error
=== RUN   TestNewBootstrapSender/node_display_name_too_long_should_error
=== PAUSE TestNewBootstrapSender/node_display_name_too_long_should_error
=== RUN   TestNewBootstrapSender/identity_name_too_long_should_error
=== PAUSE TestNewBootstrapSender/identity_name_too_long_should_error
=== RUN   TestNewBootstrapSender/nil_current_block_provider_should_error
=== PAUSE TestNewBootstrapSender/nil_current_block_provider_should_error
=== RUN   TestNewBootstrapSender/nil_private_key_should_error
=== PAUSE TestNewBootstrapSender/nil_private_key_should_error
=== RUN   TestNewBootstrapSender/nil_redundancy_handler_should_error
=== PAUSE TestNewBootstrapSender/nil_redundancy_handler_should_error
=== RUN   TestNewBootstrapSender/nil_peer_type_provider_should_error
=== PAUSE TestNewBootstrapSender/nil_peer_type_provider_should_error
=== RUN   TestNewBootstrapSender/nil_trie_sync_statistics_provider_should_error
=== PAUSE TestNewBootstrapSender/nil_trie_sync_statistics_provider_should_error
=== RUN   TestNewBootstrapSender/should_work
=== PAUSE TestNewBootstrapSender/should_work
=== CONT  TestHeartbeatSenderFactory_createHeartbeatSender
=== RUN   TestHeartbeatSenderFactory_createHeartbeatSender/ToByteArray_fails_should_error
=== PAUSE TestHeartbeatSenderFactory_createHeartbeatSender/ToByteArray_fails_should_error
=== RUN   TestHeartbeatSenderFactory_createHeartbeatSender/validator_with_keys_managed_should_error
=== PAUSE TestHeartbeatSenderFactory_createHeartbeatSender/validator_with_keys_managed_should_error
=== RUN   TestHeartbeatSenderFactory_createHeartbeatSender/validator_should_create_regular_sender
=== PAUSE TestHeartbeatSenderFactory_createHeartbeatSender/validator_should_create_regular_sender
=== RUN   TestHeartbeatSenderFactory_createHeartbeatSender/regular_observer_should_create_regular_sender
=== PAUSE TestHeartbeatSenderFactory_createHeartbeatSender/regular_observer_should_create_regular_sender
=== RUN   TestHeartbeatSenderFactory_createHeartbeatSender/not_validator_with_keys_managed_should_create_multikey_sender
=== PAUSE TestHeartbeatSenderFactory_createHeartbeatSender/not_validator_with_keys_managed_should_create_multikey_sender
=== CONT  TestBootstrapSender_IsInterfaceNil
--- PASS: TestBootstrapSender_IsInterfaceNil (0.00s)
=== CONT  TestNewSender/nil_shard_coordinator_should_error
=== CONT  TestNewSender/invalid_time_between_checks_should_error
=== CONT  TestNewSender/nil_managed_peers_holder_should_error
=== CONT  TestNewSender/nil_peer_type_provider_should_error
=== CONT  TestNewSender/invalid_hardfork_pub_key_should_error
=== CONT  TestNewSender/invalid_time_between_hardforks_should_error
=== CONT  TestNewSender/nil_hardfork_trigger_should_error
=== CONT  TestNewSender/nil_redundancy_handler_should_error
=== CONT  TestNewSender/nil_private_key_should_error
=== CONT  TestNewSender/nil_peer_signature_handler_should_error
=== CONT  TestNewSender/nil_nodes_coordinator_should_error
=== CONT  TestNewSender/nil_current_block_provider_should_error
=== CONT  TestNewSender/identity_name_too_long_should_error
=== CONT  TestNewSender/node_display_name_too_long_should_error
=== CONT  TestNewSender/version_number_too_long_should_error
=== CONT  TestNewSender/invalid_time_between_sends_when_error_should_error
=== CONT  TestNewSender/invalid_time_between_sends_should_error
=== CONT  TestNewSender/invalid_peer_auth_time_between_sends_should_error#01
=== CONT  TestNewSender/invalid_peer_auth_time_between_sends_should_error
=== CONT  TestNewSender/empty_heartbeat_topic_should_error
=== CONT  TestNewSender/empty_peer_auth_topic_should_error
=== CONT  TestNewSender/nil_marshaller_should_error
=== CONT  TestBootstrapSender_Close
--- PASS: TestBootstrapSender_Close (0.00s)
=== CONT  TestRoutineHandler_Close/Close()_call_while_hardfork_handler_is_triggered_should_close_immediately
=== CONT  TestMultikeyHeartbeatSender_generateMessageBytes
=== RUN   TestMultikeyHeartbeatSender_generateMessageBytes/version_too_long_should_error
=== PAUSE TestMultikeyHeartbeatSender_generateMessageBytes/version_too_long_should_error
=== RUN   TestMultikeyHeartbeatSender_generateMessageBytes/node_name_too_long_should_error
=== PAUSE TestMultikeyHeartbeatSender_generateMessageBytes/node_name_too_long_should_error
=== RUN   TestMultikeyHeartbeatSender_generateMessageBytes/identity_too_long_should_error
=== PAUSE TestMultikeyHeartbeatSender_generateMessageBytes/identity_too_long_should_error
=== CONT  TestTimerWrapper_createTimerAndExecutionReadyChannel/double_call_to_should_execute,_should_work
=== CONT  TestNewSender/should_work
--- PASS: TestNewSender (0.00s)
    --- PASS: TestNewSender/nil_main_messenger_should_error (0.00s)
    --- PASS: TestNewSender/nil_full_archive_messenger_should_error (0.00s)
    --- PASS: TestNewSender/nil_shard_coordinator_should_error (0.00s)
    --- PASS: TestNewSender/invalid_time_between_checks_should_error (0.00s)
    --- PASS: TestNewSender/nil_managed_peers_holder_should_error (0.00s)
    --- PASS: TestNewSender/nil_peer_type_provider_should_error (0.00s)
    --- PASS: TestNewSender/invalid_hardfork_pub_key_should_error (0.00s)
    --- PASS: TestNewSender/invalid_time_between_hardforks_should_error (0.00s)
    --- PASS: TestNewSender/nil_hardfork_trigger_should_error (0.00s)
    --- PASS: TestNewSender/nil_redundancy_handler_should_error (0.00s)
    --- PASS: TestNewSender/nil_private_key_should_error (0.00s)
    --- PASS: TestNewSender/nil_peer_signature_handler_should_error (0.00s)
    --- PASS: TestNewSender/nil_nodes_coordinator_should_error (0.00s)
    --- PASS: TestNewSender/nil_current_block_provider_should_error (0.00s)
    --- PASS: TestNewSender/identity_name_too_long_should_error (0.00s)
    --- PASS: TestNewSender/node_display_name_too_long_should_error (0.00s)
    --- PASS: TestNewSender/version_number_too_long_should_error (0.00s)
    --- PASS: TestNewSender/invalid_time_between_sends_when_error_should_error (0.00s)
    --- PASS: TestNewSender/invalid_time_between_sends_should_error (0.00s)
    --- PASS: TestNewSender/invalid_peer_auth_time_between_sends_should_error#01 (0.00s)
    --- PASS: TestNewSender/invalid_peer_auth_time_between_sends_should_error (0.00s)
    --- PASS: TestNewSender/empty_heartbeat_topic_should_error (0.00s)
    --- PASS: TestNewSender/empty_peer_auth_topic_should_error (0.00s)
    --- PASS: TestNewSender/nil_marshaller_should_error (0.00s)
    --- PASS: TestNewSender/should_work (0.00s)
=== CONT  TestPeerAuthenticationSender_execute/should_work_with_stubs
=== CONT  TestNewPeerShardSender/should_work_and_validator_should_not_broadcast
=== CONT  TestMultikeyHeartbeatSender_execute
=== RUN   TestMultikeyHeartbeatSender_execute/should_send_the_current_node_heartbeat
=== PAUSE TestMultikeyHeartbeatSender_execute/should_send_the_current_node_heartbeat
=== RUN   TestMultikeyHeartbeatSender_execute/should_send_the_current_node_heartbeat_and_some_multikey_heartbeats
=== PAUSE TestMultikeyHeartbeatSender_execute/should_send_the_current_node_heartbeat_and_some_multikey_heartbeats
=== CONT  TestRoutineHandler_ShouldWork/close_should_work
=== CONT  TestNewPeerShardSender/should_work_and_broadcast
=== CONT  TestMultikeyHeartbeatSender_Execute
=== RUN   TestMultikeyHeartbeatSender_Execute/execute_errors,_should_set_the_error_time_duration_value
=== PAUSE TestMultikeyHeartbeatSender_Execute/execute_errors,_should_set_the_error_time_duration_value
=== RUN   TestMultikeyHeartbeatSender_Execute/execute_worked,_should_set_the_normal_time_duration_value
=== PAUSE TestMultikeyHeartbeatSender_Execute/execute_worked,_should_set_the_normal_time_duration_value
=== CONT  TestNewPeerShardSender/nil_nodes_coordinator_should_error
=== CONT  TestNewPeerShardSender/invalid_time_between_sends_should_error
=== CONT  TestNewPeerShardSender/nil_shard_coordinator_should_error
=== CONT  TestNewPeerShardSender/nil_marshaller_should_error
--- PASS: TestMultikeyPeerAuthenticationSender_IsInterfaceNil (0.00s)
=== CONT  TestNewPeerShardSender/invalid_threshold_between_sends_should_error
=== CONT  TestNewPeerShardSender/nil_full_archive_messenger_should_error
=== CONT  TestNewMultikeyHeartbeatSender
=== RUN   TestNewMultikeyHeartbeatSender/nil_main_messenger_should_error
=== PAUSE TestNewMultikeyHeartbeatSender/nil_main_messenger_should_error
=== RUN   TestNewMultikeyHeartbeatSender/nil_full_archive_messenger_should_error
=== PAUSE TestNewMultikeyHeartbeatSender/nil_full_archive_messenger_should_error
=== RUN   TestNewMultikeyHeartbeatSender/nil_marshaller_should_error
=== PAUSE TestNewMultikeyHeartbeatSender/nil_marshaller_should_error
=== RUN   TestNewMultikeyHeartbeatSender/empty_topic_should_error
=== PAUSE TestNewMultikeyHeartbeatSender/empty_topic_should_error
=== RUN   TestNewMultikeyHeartbeatSender/invalid_time_between_sends_should_error
=== PAUSE TestNewMultikeyHeartbeatSender/invalid_time_between_sends_should_error
=== RUN   TestNewMultikeyHeartbeatSender/invalid_time_between_sends_should_error#01
=== PAUSE TestNewMultikeyHeartbeatSender/invalid_time_between_sends_should_error#01
=== RUN   TestNewMultikeyHeartbeatSender/threshold_too_small_should_error
=== PAUSE TestNewMultikeyHeartbeatSender/threshold_too_small_should_error
=== RUN   TestNewMultikeyHeartbeatSender/threshold_too_big_should_error
=== PAUSE TestNewMultikeyHeartbeatSender/threshold_too_big_should_error
=== RUN   TestNewMultikeyHeartbeatSender/nil_peerTypeProvider_should_error
=== PAUSE TestNewMultikeyHeartbeatSender/nil_peerTypeProvider_should_error
=== RUN   TestNewMultikeyHeartbeatSender/version_number_too_long_should_error
=== PAUSE TestNewMultikeyHeartbeatSender/version_number_too_long_should_error
=== RUN   TestNewMultikeyHeartbeatSender/base_version_number_too_long_should_error
=== PAUSE TestNewMultikeyHeartbeatSender/base_version_number_too_long_should_error
=== RUN   TestNewMultikeyHeartbeatSender/node_display_name_too_long_should_error
=== PAUSE TestNewMultikeyHeartbeatSender/node_display_name_too_long_should_error
=== RUN   TestNewMultikeyHeartbeatSender/identity_too_long_should_error
=== PAUSE TestNewMultikeyHeartbeatSender/identity_too_long_should_error
=== RUN   TestNewMultikeyHeartbeatSender/nil_currentBlockProvider_should_error
=== PAUSE TestNewMultikeyHeartbeatSender/nil_currentBlockProvider_should_error
=== RUN   TestNewMultikeyHeartbeatSender/nil_managed_peers_holder_should_error
=== PAUSE TestNewMultikeyHeartbeatSender/nil_managed_peers_holder_should_error
=== RUN   TestNewMultikeyHeartbeatSender/nil_shard_coordinator_should_error
=== PAUSE TestNewMultikeyHeartbeatSender/nil_shard_coordinator_should_error
=== RUN   TestNewMultikeyHeartbeatSender/should_work
=== PAUSE TestNewMultikeyHeartbeatSender/should_work
=== CONT  TestPeerAuthenticationSender_getHardforkPayload/hardfork_triggered_should_work
--- PASS: TestPeerAuthenticationSender_getHardforkPayload (0.00s)
    --- PASS: TestPeerAuthenticationSender_getHardforkPayload/hardfork_not_triggered_should_work (0.00s)
    --- PASS: TestPeerAuthenticationSender_getHardforkPayload/hardfork_triggered_should_work (0.00s)
=== CONT  TestHeartbeatSender_IsInterfaceNil
--- PASS: TestHeartbeatSender_IsInterfaceNil (0.00s)
=== CONT  TestPeerAuthenticationSender_getCurrentPrivateAndPublicKeys/is_redundancy_node_but_the_main_machine_is_not_active_should_return_regular_keys
=== CONT  TestPeerAuthenticationSender_getCurrentPrivateAndPublicKeys/call_from_multiple_threads
=== CONT  TestPeerAuthenticationSender_getCurrentPrivateAndPublicKeys/is_redundancy_node_but_the_main_machine_is_active_should_return_the_observer_keys
=== CONT  TestPeerAuthenticationSender_Execute/execute_worked,_should_set_the_hardfork_time_duration_value
=== CONT  TestPeerAuthenticationSender_Execute/execute_worked,_should_set_the_normal_time_duration_value
=== CONT  TestPeerAuthenticationSender_Execute/execute_errors,_should_set_the_error_time_duration_value
[0;31mERROR[0m[2026-03-16 10:13:52.444]   error sending peer authentication message [0;31merror[0m = error [0;31mis hardfork triggered[0m = false [0;31mnext send will be in[0m = 3s 
--- PASS: TestPeerAuthenticationSender_getCurrentPrivateAndPublicKeys (0.00s)
    --- PASS: TestPeerAuthenticationSender_getCurrentPrivateAndPublicKeys/is_not_redundancy_node_should_return_regular_keys (0.00s)
    --- PASS: TestPeerAuthenticationSender_getCurrentPrivateAndPublicKeys/is_redundancy_node_but_the_main_machine_is_not_active_should_return_regular_keys (0.00s)
    --- PASS: TestPeerAuthenticationSender_getCurrentPrivateAndPublicKeys/is_redundancy_node_but_the_main_machine_is_active_should_return_the_observer_keys (0.00s)
    --- PASS: TestPeerAuthenticationSender_getCurrentPrivateAndPublicKeys/call_from_multiple_threads (0.00s)
=== CONT  TestPeerAuthenticationSender_Execute/observer->validator->observer_should_work
--- PASS: TestPeerAuthenticationSender_Execute (0.00s)
    --- PASS: TestPeerAuthenticationSender_Execute/observer_should_not_execute (0.00s)
    --- PASS: TestPeerAuthenticationSender_Execute/execute_worked,_should_set_the_hardfork_time_duration_value (0.00s)
    --- PASS: TestPeerAuthenticationSender_Execute/execute_worked,_should_set_the_normal_time_duration_value (0.00s)
    --- PASS: TestPeerAuthenticationSender_Execute/execute_errors,_should_set_the_error_time_duration_value (0.00s)
    --- PASS: TestPeerAuthenticationSender_Execute/observer->validator->observer_should_work (0.00s)
=== CONT  TestPeerAuthenticationSender_execute/should_work_with_some_real_components
=== CONT  TestNewPeerAuthenticationSender/invalid_time_between_sends_should_error
=== CONT  TestPeerAuthenticationSender_execute/get_peer_signature_method_fails,_should_return_error
=== CONT  TestPeerAuthenticationSender_execute/marshaller_fails_in_first_time,_should_return_error
=== CONT  TestNewPeerAuthenticationSender/should_work
=== CONT  TestNewPeerAuthenticationSender/invalid_time_between_hardforks_should_error
=== CONT  TestNewPeerAuthenticationSender/nil_hardfork_trigger_should_error
=== CONT  TestNewPeerAuthenticationSender/threshold_too_big_should_error
=== CONT  TestNewPeerAuthenticationSender/threshold_too_small_should_error
=== CONT  TestNewPeerAuthenticationSender/invalid_time_between_sends_when_error_should_error
=== CONT  TestNewPeerAuthenticationSender/nil_peer_signature_handler_should_error
=== CONT  TestNewPeerAuthenticationSender/nil_redundancy_handler_should_error
=== CONT  TestNewPeerAuthenticationSender/empty_topic_should_error
=== CONT  TestNewPeerAuthenticationSender/nil_marshaller_should_error
=== CONT  TestNewPeerAuthenticationSender/nil_private_key_should_error
=== CONT  TestPeerAuthenticationSenderFactory_createPeerAuthenticationSender/regular_observer_should_create_regular_sender
=== CONT  TestNewPeerAuthenticationSender/nil_nodes_coordinator_should_error
--- PASS: TestNewPeerAuthenticationSender (0.00s)
    --- PASS: TestNewPeerAuthenticationSender/nil_main_messenger_should_error (0.00s)
    --- PASS: TestNewPeerAuthenticationSender/invalid_time_between_sends_should_error (0.00s)
    --- PASS: TestNewPeerAuthenticationSender/should_work (0.00s)
    --- PASS: TestNewPeerAuthenticationSender/invalid_time_between_hardforks_should_error (0.00s)
    --- PASS: TestNewPeerAuthenticationSender/nil_hardfork_trigger_should_error (0.00s)
    --- PASS: TestNewPeerAuthenticationSender/threshold_too_big_should_error (0.00s)
    --- PASS: TestNewPeerAuthenticationSender/threshold_too_small_should_error (0.00s)
    --- PASS: TestNewPeerAuthenticationSender/invalid_time_between_sends_when_error_should_error (0.00s)
    --- PASS: TestNewPeerAuthenticationSender/nil_peer_signature_handler_should_error (0.00s)
    --- PASS: TestNewPeerAuthenticationSender/nil_redundancy_handler_should_error (0.00s)
    --- PASS: TestNewPeerAuthenticationSender/empty_topic_should_error (0.00s)
    --- PASS: TestNewPeerAuthenticationSender/nil_marshaller_should_error (0.00s)
    --- PASS: TestNewPeerAuthenticationSender/nil_private_key_should_error (0.00s)
    --- PASS: TestNewPeerAuthenticationSender/nil_nodes_coordinator_should_error (0.00s)
=== CONT  TestPeerAuthenticationSenderFactory_createPeerAuthenticationSender/not_validator_with_keys_managed_should_create_multikey_sender
=== CONT  TestPeerAuthenticationSenderFactory_createPeerAuthenticationSender/validator_should_create_regular_sender
=== CONT  TestPeerAuthenticationSenderFactory_createPeerAuthenticationSender/validator_with_keys_managed_should_error
--- PASS: TestPeerAuthenticationSenderFactory_createPeerAuthenticationSender (0.00s)
    --- PASS: TestPeerAuthenticationSenderFactory_createPeerAuthenticationSender/ToByteArray_fails_should_error (0.00s)
    --- PASS: TestPeerAuthenticationSenderFactory_createPeerAuthenticationSender/regular_observer_should_create_regular_sender (0.00s)
    --- PASS: TestPeerAuthenticationSenderFactory_createPeerAuthenticationSender/not_validator_with_keys_managed_should_create_multikey_sender (0.00s)
    --- PASS: TestPeerAuthenticationSenderFactory_createPeerAuthenticationSender/validator_should_create_regular_sender (0.00s)
    --- PASS: TestPeerAuthenticationSenderFactory_createPeerAuthenticationSender/validator_with_keys_managed_should_error (0.00s)
=== CONT  TestNewMultikeyPeerAuthenticationSender_Execute/should_work_for_the_first_time_with_some_real_components
=== CONT  TestPeerAuthenticationSender_execute/marshaller_fails_for_the_second_time,_should_return_error
=== CONT  TestHeartbeatSender_execute/marshal_returns_error_first_time
=== CONT  TestNewMultikeyPeerAuthenticationSender/nil_main_messenger_should_error
=== CONT  TestHeartbeatSender_Execute/execute_errors,_should_set_the_error_time_duration_value
[0;31mERROR[0m[2026-03-16 10:13:52.447]   error sending heartbeat message          [0;31merror[0m = expected error [0;31mnext send will be in[0m = 3s 
=== CONT  TestNewMultikeyPeerAuthenticationSender_Execute/should_work_with_some_real_components_and_hardfork_trigger
=== CONT  TestNewMultikeyPeerAuthenticationSender_Execute/should_work_with_some_real_components_one_key_is_on_a_different_shard
=== CONT  TestHeartbeatSender_GetCurrentNodeType
--- PASS: TestHeartbeatSender_GetCurrentNodeType (0.00s)
=== CONT  TestNewMultikeyPeerAuthenticationSender_Execute/should_work_with_some_real_components_one_key_not_a_validator
[0;32mINFO [0m[2026-03-16 10:13:52.453]   args                                     [0;32mpid[0m = 4ZroZbaaSo868W1oBhno8jubPdvCPRHhXsMsaeWJkmZh [0;32mbls sk[0m = 4a39a6daa38bb574f85524d207e92f9ba4b31ed173dbc384e9c4a7df1e7cf63c [0;32mbls pk[0m = 9eccd7e7a20c3375e404d790446e56a848e7eb6a70bfe6a7fafa49dcb084bed0e655ff23c60b498196ca66f0f13cd2090e716af107c65c7f166d02bea5193472b65b373a1cea7cfb5f37b742fe9baf554f7a42f39ef14417a26534a38159fd87 
=== RUN   TestPeerAuthenticationSender_execute/should_work_with_some_real_components/verify_BLS_sig_on_having_the_payload_==_message's_pid
=== RUN   TestPeerAuthenticationSender_execute/should_work_with_some_real_components/verify_ed25519_sig_having_the_payload_==_message's_payload
=== RUN   TestPeerAuthenticationSender_execute/should_work_with_some_real_components/verify_payload
--- PASS: TestPeerAuthenticationSender_execute (0.00s)
    --- PASS: TestPeerAuthenticationSender_execute/messenger_Sign_method_fails,_should_return_error (0.00s)
    --- PASS: TestPeerAuthenticationSender_execute/should_work_with_stubs (0.00s)
    --- PASS: TestPeerAuthenticationSender_execute/get_peer_signature_method_fails,_should_return_error (0.00s)
    --- PASS: TestPeerAuthenticationSender_execute/marshaller_fails_in_first_time,_should_return_error (0.00s)
    --- PASS: TestPeerAuthenticationSender_execute/marshaller_fails_for_the_second_time,_should_return_error (0.00s)
    --- PASS: TestPeerAuthenticationSender_execute/should_work_with_some_real_components (0.02s)
        --- PASS: TestPeerAuthenticationSender_execute/should_work_with_some_real_components/verify_BLS_sig_on_having_the_payload_==_message's_pid (0.01s)
        --- PASS: TestPeerAuthenticationSender_execute/should_work_with_some_real_components/verify_ed25519_sig_having_the_payload_==_message's_payload (0.00s)
        --- PASS: TestPeerAuthenticationSender_execute/should_work_with_some_real_components/verify_payload (0.00s)
=== CONT  TestNewMultikeyPeerAuthenticationSender_Execute/should_work_with_some_real_components_and_one_key_not_handled_by_the_current_node
=== CONT  TestNewMultikeyPeerAuthenticationSender_Execute/should_work_with_some_real_components
iteration 0
=== CONT  TestNewHeartbeatSender/nil_main_messenger_should_error
=== CONT  TestHeartbeatSender_execute/should_work
=== CONT  TestHeartbeatSender_execute/marshal_returns_error_second_time
--- PASS: TestHeartbeatSender_execute (0.00s)
    --- PASS: TestHeartbeatSender_execute/marshal_returns_error_first_time (0.00s)
    --- PASS: TestHeartbeatSender_execute/should_work (0.00s)
    --- PASS: TestHeartbeatSender_execute/marshal_returns_error_second_time (0.00s)
=== CONT  TestNewBootstrapSender/nil_main_messenger_should_error
=== CONT  TestHeartbeatSenderFactory_createHeartbeatSender/ToByteArray_fails_should_error
=== CONT  TestNewMultikeyPeerAuthenticationSender/should_work
=== CONT  TestNewMultikeyPeerAuthenticationSender/nil_shard_coordinator_should_error
=== CONT  TestNewMultikeyPeerAuthenticationSender/invalid_time_between_checks_should_error
=== CONT  TestNewMultikeyPeerAuthenticationSender/nil_managed_peers_holder_should_error
=== CONT  TestNewMultikeyPeerAuthenticationSender/invalid_time_between_hardforks_should_error
=== CONT  TestNewMultikeyPeerAuthenticationSender/nil_hardfork_trigger_should_error
=== CONT  TestNewMultikeyPeerAuthenticationSender/nil_peer_signature_handler_should_error
=== CONT  TestNewMultikeyPeerAuthenticationSender/nil_nodes_coordinator_should_error
=== CONT  TestNewMultikeyPeerAuthenticationSender/threshold_too_big_should_error
=== CONT  TestNewMultikeyPeerAuthenticationSender/threshold_too_small_should_error
=== CONT  TestNewMultikeyPeerAuthenticationSender/invalid_time_between_sends_should_error#01
=== CONT  TestNewMultikeyPeerAuthenticationSender/invalid_time_between_sends_should_error
=== CONT  TestNewMultikeyPeerAuthenticationSender/empty_topic_should_error
=== CONT  TestNewMultikeyPeerAuthenticationSender/nil_marshaller_should_error
=== CONT  TestNewMultikeyPeerAuthenticationSender/nil_full_archive_messenger_should_error
--- PASS: TestNewMultikeyPeerAuthenticationSender (0.00s)
    --- PASS: TestNewMultikeyPeerAuthenticationSender/nil_main_messenger_should_error (0.00s)
    --- PASS: TestNewMultikeyPeerAuthenticationSender/should_work (0.00s)
    --- PASS: TestNewMultikeyPeerAuthenticationSender/nil_shard_coordinator_should_error (0.00s)
    --- PASS: TestNewMultikeyPeerAuthenticationSender/invalid_time_between_checks_should_error (0.00s)
    --- PASS: TestNewMultikeyPeerAuthenticationSender/nil_managed_peers_holder_should_error (0.00s)
    --- PASS: TestNewMultikeyPeerAuthenticationSender/invalid_time_between_hardforks_should_error (0.00s)
    --- PASS: TestNewMultikeyPeerAuthenticationSender/nil_hardfork_trigger_should_error (0.00s)
    --- PASS: TestNewMultikeyPeerAuthenticationSender/nil_peer_signature_handler_should_error (0.00s)
    --- PASS: TestNewMultikeyPeerAuthenticationSender/nil_nodes_coordinator_should_error (0.00s)
    --- PASS: TestNewMultikeyPeerAuthenticationSender/threshold_too_big_should_error (0.00s)
    --- PASS: TestNewMultikeyPeerAuthenticationSender/threshold_too_small_should_error (0.00s)
    --- PASS: TestNewMultikeyPeerAuthenticationSender/invalid_time_between_sends_should_error#01 (0.00s)
    --- PASS: TestNewMultikeyPeerAuthenticationSender/invalid_time_between_sends_should_error (0.00s)
    --- PASS: TestNewMultikeyPeerAuthenticationSender/empty_topic_should_error (0.00s)
    --- PASS: TestNewMultikeyPeerAuthenticationSender/nil_marshaller_should_error (0.00s)
    --- PASS: TestNewMultikeyPeerAuthenticationSender/nil_full_archive_messenger_should_error (0.00s)
=== CONT  TestHeartbeatSender_Execute/execute_worked,_should_set_the_normal_time_duration_value
--- PASS: TestHeartbeatSender_Execute (0.00s)
    --- PASS: TestHeartbeatSender_Execute/execute_errors,_should_set_the_error_time_duration_value (0.00s)
    --- PASS: TestHeartbeatSender_Execute/execute_worked,_should_set_the_normal_time_duration_value (0.00s)
=== CONT  TestNewHeartbeatSender/should_work
=== CONT  TestNewHeartbeatSender/nil_trie_sync_statistics_provider_should_error
=== CONT  TestNewHeartbeatSender/nil_peer_type_provider_should_error
=== CONT  TestNewHeartbeatSender/threshold_too_big_should_error
=== CONT  TestNewHeartbeatSender/threshold_too_small_should_error
=== CONT  TestNewHeartbeatSender/nil_current_block_provider_should_error
=== CONT  TestNewHeartbeatSender/identity_too_long_should_error
=== CONT  TestNewHeartbeatSender/node_display_name_too_long_should_error
=== CONT  TestNewHeartbeatSender/version_number_too_long_should_error
=== CONT  TestNewHeartbeatSender/nil_redundancy_handler_should_error
=== CONT  TestNewHeartbeatSender/nil_private_key_should_error
=== CONT  TestNewHeartbeatSender/invalid_time_between_sends_when_error_should_error
=== CONT  TestNewHeartbeatSender/invalid_time_between_sends_should_error
=== CONT  TestNewHeartbeatSender/empty_topic_should_error
=== CONT  TestNewHeartbeatSender/nil_marshaller_should_error
=== CONT  TestNewHeartbeatSender/nil_full_archive_messenger_should_error
--- PASS: TestNewHeartbeatSender (0.00s)
    --- PASS: TestNewHeartbeatSender/nil_main_messenger_should_error (0.00s)
    --- PASS: TestNewHeartbeatSender/should_work (0.00s)
    --- PASS: TestNewHeartbeatSender/nil_trie_sync_statistics_provider_should_error (0.00s)
    --- PASS: TestNewHeartbeatSender/nil_peer_type_provider_should_error (0.00s)
    --- PASS: TestNewHeartbeatSender/threshold_too_big_should_error (0.00s)
    --- PASS: TestNewHeartbeatSender/threshold_too_small_should_error (0.00s)
    --- PASS: TestNewHeartbeatSender/nil_current_block_provider_should_error (0.00s)
    --- PASS: TestNewHeartbeatSender/identity_too_long_should_error (0.00s)
    --- PASS: TestNewHeartbeatSender/node_display_name_too_long_should_error (0.00s)
    --- PASS: TestNewHeartbeatSender/version_number_too_long_should_error (0.00s)
    --- PASS: TestNewHeartbeatSender/nil_redundancy_handler_should_error (0.00s)
    --- PASS: TestNewHeartbeatSender/nil_private_key_should_error (0.00s)
    --- PASS: TestNewHeartbeatSender/invalid_time_between_sends_when_error_should_error (0.00s)
    --- PASS: TestNewHeartbeatSender/invalid_time_between_sends_should_error (0.00s)
    --- PASS: TestNewHeartbeatSender/empty_topic_should_error (0.00s)
    --- PASS: TestNewHeartbeatSender/nil_marshaller_should_error (0.00s)
    --- PASS: TestNewHeartbeatSender/nil_full_archive_messenger_should_error (0.00s)
=== CONT  TestMultikeyHeartbeatSender_generateMessageBytes/version_too_long_should_error
=== CONT  TestNewBootstrapSender/should_work
=== CONT  TestNewBootstrapSender/nil_trie_sync_statistics_provider_should_error
=== CONT  TestNewBootstrapSender/nil_peer_type_provider_should_error
=== CONT  TestNewBootstrapSender/nil_redundancy_handler_should_error
=== CONT  TestNewBootstrapSender/nil_private_key_should_error
=== CONT  TestNewBootstrapSender/nil_current_block_provider_should_error
=== CONT  TestNewBootstrapSender/identity_name_too_long_should_error
=== CONT  TestNewBootstrapSender/node_display_name_too_long_should_error
=== CONT  TestNewBootstrapSender/version_number_too_long_should_error
=== CONT  TestNewBootstrapSender/invalid_time_between_sends_when_error_should_error
=== CONT  TestNewBootstrapSender/invalid_time_between_sends_should_error
=== CONT  TestNewBootstrapSender/empty_heartbeat_topic_should_error
=== CONT  TestNewBootstrapSender/nil_marshaller_should_error
=== CONT  TestNewBootstrapSender/nil_full_archive_messenger_should_error
--- PASS: TestNewBootstrapSender (0.00s)
    --- PASS: TestNewBootstrapSender/nil_main_messenger_should_error (0.00s)
    --- PASS: TestNewBootstrapSender/should_work (0.00s)
    --- PASS: TestNewBootstrapSender/nil_trie_sync_statistics_provider_should_error (0.00s)
    --- PASS: TestNewBootstrapSender/nil_peer_type_provider_should_error (0.00s)
    --- PASS: TestNewBootstrapSender/nil_redundancy_handler_should_error (0.00s)
    --- PASS: TestNewBootstrapSender/nil_private_key_should_error (0.00s)
    --- PASS: TestNewBootstrapSender/nil_current_block_provider_should_error (0.00s)
    --- PASS: TestNewBootstrapSender/identity_name_too_long_should_error (0.00s)
    --- PASS: TestNewBootstrapSender/node_display_name_too_long_should_error (0.00s)
    --- PASS: TestNewBootstrapSender/version_number_too_long_should_error (0.00s)
    --- PASS: TestNewBootstrapSender/invalid_time_between_sends_when_error_should_error (0.00s)
    --- PASS: TestNewBootstrapSender/invalid_time_between_sends_should_error (0.00s)
    --- PASS: TestNewBootstrapSender/empty_heartbeat_topic_should_error (0.00s)
    --- PASS: TestNewBootstrapSender/nil_marshaller_should_error (0.00s)
    --- PASS: TestNewBootstrapSender/nil_full_archive_messenger_should_error (0.00s)
=== CONT  TestHeartbeatSenderFactory_createHeartbeatSender/not_validator_with_keys_managed_should_create_multikey_sender
=== CONT  TestHeartbeatSenderFactory_createHeartbeatSender/regular_observer_should_create_regular_sender
=== CONT  TestHeartbeatSenderFactory_createHeartbeatSender/validator_should_create_regular_sender
=== CONT  TestHeartbeatSenderFactory_createHeartbeatSender/validator_with_keys_managed_should_error
--- PASS: TestHeartbeatSenderFactory_createHeartbeatSender (0.00s)
    --- PASS: TestHeartbeatSenderFactory_createHeartbeatSender/ToByteArray_fails_should_error (0.00s)
    --- PASS: TestHeartbeatSenderFactory_createHeartbeatSender/not_validator_with_keys_managed_should_create_multikey_sender (0.00s)
    --- PASS: TestHeartbeatSenderFactory_createHeartbeatSender/regular_observer_should_create_regular_sender (0.00s)
    --- PASS: TestHeartbeatSenderFactory_createHeartbeatSender/validator_should_create_regular_sender (0.00s)
    --- PASS: TestHeartbeatSenderFactory_createHeartbeatSender/validator_with_keys_managed_should_error (0.00s)
=== CONT  TestMultikeyHeartbeatSender_execute/should_send_the_current_node_heartbeat
=== CONT  TestMultikeyHeartbeatSender_generateMessageBytes/identity_too_long_should_error
=== CONT  TestMultikeyHeartbeatSender_generateMessageBytes/node_name_too_long_should_error
--- PASS: TestMultikeyHeartbeatSender_generateMessageBytes (0.00s)
    --- PASS: TestMultikeyHeartbeatSender_generateMessageBytes/version_too_long_should_error (0.00s)
    --- PASS: TestMultikeyHeartbeatSender_generateMessageBytes/identity_too_long_should_error (0.00s)
    --- PASS: TestMultikeyHeartbeatSender_generateMessageBytes/node_name_too_long_should_error (0.00s)
=== CONT  TestMultikeyHeartbeatSender_Execute/execute_errors,_should_set_the_error_time_duration_value
[0;31mERROR[0m[2026-03-16 10:13:53.436]   error sending heartbeat messages         [0;31merror[0m = expected error [0;31mnext send will be in[0m = 3s 
=== CONT  TestMultikeyHeartbeatSender_execute/should_send_the_current_node_heartbeat_and_some_multikey_heartbeats
--- PASS: TestPeerAuthenticationSender_ShouldTriggerHardfork (1.00s)
=== CONT  TestNewMultikeyHeartbeatSender/nil_main_messenger_should_error
=== CONT  TestNewMultikeyHeartbeatSender/should_work
=== CONT  TestNewMultikeyHeartbeatSender/nil_managed_peers_holder_should_error
=== CONT  TestNewMultikeyHeartbeatSender/nil_currentBlockProvider_should_error
=== CONT  TestNewMultikeyHeartbeatSender/identity_too_long_should_error
=== CONT  TestNewMultikeyHeartbeatSender/node_display_name_too_long_should_error
=== CONT  TestNewMultikeyHeartbeatSender/base_version_number_too_long_should_error
=== CONT  TestNewMultikeyHeartbeatSender/version_number_too_long_should_error
=== CONT  TestNewMultikeyHeartbeatSender/nil_peerTypeProvider_should_error
=== CONT  TestNewMultikeyHeartbeatSender/threshold_too_big_should_error
=== CONT  TestNewMultikeyHeartbeatSender/threshold_too_small_should_error
=== CONT  TestNewMultikeyHeartbeatSender/invalid_time_between_sends_should_error#01
=== CONT  TestNewMultikeyHeartbeatSender/invalid_time_between_sends_should_error
=== CONT  TestNewMultikeyHeartbeatSender/empty_topic_should_error
=== CONT  TestNewMultikeyHeartbeatSender/nil_marshaller_should_error
=== CONT  TestNewMultikeyHeartbeatSender/nil_full_archive_messenger_should_error
=== CONT  TestNewMultikeyHeartbeatSender/nil_shard_coordinator_should_error
--- PASS: TestNewMultikeyHeartbeatSender (0.00s)
    --- PASS: TestNewMultikeyHeartbeatSender/nil_main_messenger_should_error (0.00s)
    --- PASS: TestNewMultikeyHeartbeatSender/should_work (0.00s)
    --- PASS: TestNewMultikeyHeartbeatSender/nil_managed_peers_holder_should_error (0.00s)
    --- PASS: TestNewMultikeyHeartbeatSender/nil_currentBlockProvider_should_error (0.00s)
    --- PASS: TestNewMultikeyHeartbeatSender/identity_too_long_should_error (0.00s)
    --- PASS: TestNewMultikeyHeartbeatSender/node_display_name_too_long_should_error (0.00s)
    --- PASS: TestNewMultikeyHeartbeatSender/base_version_number_too_long_should_error (0.00s)
    --- PASS: TestNewMultikeyHeartbeatSender/version_number_too_long_should_error (0.00s)
    --- PASS: TestNewMultikeyHeartbeatSender/nil_peerTypeProvider_should_error (0.00s)
    --- PASS: TestNewMultikeyHeartbeatSender/threshold_too_big_should_error (0.00s)
    --- PASS: TestNewMultikeyHeartbeatSender/threshold_too_small_should_error (0.00s)
    --- PASS: TestNewMultikeyHeartbeatSender/invalid_time_between_sends_should_error#01 (0.00s)
    --- PASS: TestNewMultikeyHeartbeatSender/invalid_time_between_sends_should_error (0.00s)
    --- PASS: TestNewMultikeyHeartbeatSender/empty_topic_should_error (0.00s)
    --- PASS: TestNewMultikeyHeartbeatSender/nil_marshaller_should_error (0.00s)
    --- PASS: TestNewMultikeyHeartbeatSender/nil_full_archive_messenger_should_error (0.00s)
    --- PASS: TestNewMultikeyHeartbeatSender/nil_shard_coordinator_should_error (0.00s)
=== CONT  TestMultikeyHeartbeatSender_Execute/execute_worked,_should_set_the_normal_time_duration_value
--- PASS: TestMultikeyHeartbeatSender_Execute (0.00s)
    --- PASS: TestMultikeyHeartbeatSender_Execute/execute_errors,_should_set_the_error_time_duration_value (0.00s)
    --- PASS: TestMultikeyHeartbeatSender_Execute/execute_worked,_should_set_the_normal_time_duration_value (0.00s)
--- PASS: TestTimerWrapper_createTimerAndExecutionReadyChannel (0.00s)
    --- PASS: TestTimerWrapper_createTimerAndExecutionReadyChannel/should_work (1.00s)
    --- PASS: TestTimerWrapper_createTimerAndExecutionReadyChannel/double_call_to_should_execute,_should_work (1.00s)
--- PASS: TestMultikeyHeartbeatSender_execute (0.00s)
    --- PASS: TestMultikeyHeartbeatSender_execute/should_send_the_current_node_heartbeat (0.00s)
    --- PASS: TestMultikeyHeartbeatSender_execute/should_send_the_current_node_heartbeat_and_some_multikey_heartbeats (0.60s)
iteration 1
--- PASS: TestRoutineHandler_Close (0.00s)
    --- PASS: TestRoutineHandler_Close/Close()_call_should_end_the_go_routine (1.00s)
    --- PASS: TestRoutineHandler_Close/Close()_call_while_hardfork_handler_is_triggered_should_close_immediately (2.01s)
iteration 2
--- PASS: TestNewPeerShardSender (0.00s)
    --- PASS: TestNewPeerShardSender/nil_main_messenger_should_error (0.00s)
    --- PASS: TestNewPeerShardSender/nil_nodes_coordinator_should_error (0.00s)
    --- PASS: TestNewPeerShardSender/invalid_time_between_sends_should_error (0.00s)
    --- PASS: TestNewPeerShardSender/nil_shard_coordinator_should_error (0.00s)
    --- PASS: TestNewPeerShardSender/invalid_threshold_between_sends_should_error (0.00s)
    --- PASS: TestNewPeerShardSender/nil_full_archive_messenger_should_error (0.00s)
    --- PASS: TestNewPeerShardSender/nil_marshaller_should_error (0.01s)
    --- PASS: TestNewPeerShardSender/should_work_and_broadcast (3.00s)
    --- PASS: TestNewPeerShardSender/should_work_and_validator_should_not_broadcast (3.00s)
--- PASS: TestRoutineHandler_ShouldWork (0.00s)
    --- PASS: TestRoutineHandler_ShouldWork/close_should_work (2.01s)
    --- PASS: TestRoutineHandler_ShouldWork/should_work_concurrently,_calling_all_handlers,_twice (4.00s)
iteration 3
iteration 4
--- PASS: TestTimerWrapper_ExecutionReadyChannelMultipleTriggers (5.00s)
--- PASS: TestNewMultikeyPeerAuthenticationSender_Execute (0.00s)
    --- PASS: TestNewMultikeyPeerAuthenticationSender_Execute/should_work_for_the_first_time_with_some_real_components (0.62s)
    --- PASS: TestNewMultikeyPeerAuthenticationSender_Execute/should_work_with_some_real_components_one_key_not_a_validator (5.84s)
    --- PASS: TestNewMultikeyPeerAuthenticationSender_Execute/should_work_with_some_real_components_and_one_key_not_handled_by_the_current_node (5.83s)
    --- PASS: TestNewMultikeyPeerAuthenticationSender_Execute/should_work_with_some_real_components_one_key_is_on_a_different_shard (5.84s)
    --- PASS: TestNewMultikeyPeerAuthenticationSender_Execute/should_work_with_some_real_components (6.23s)
    --- PASS: TestNewMultikeyPeerAuthenticationSender_Execute/should_work_with_some_real_components_and_hardfork_trigger (8.86s)
--- PASS: TestTimerWrapper_Close (10.00s)
    --- PASS: TestTimerWrapper_Close/close_on_a_nil_timer_should_not_panic (0.00s)
    --- PASS: TestTimerWrapper_Close/double_close_on_a_valid_timer_should_not_panic (0.00s)
    --- PASS: TestTimerWrapper_Close/close_should_stop_the_timer (10.00s)
PASS
ok  	github.com/TerraDharitri/drt-go-chain/heartbeat/sender	(cached)
=== RUN   TestNewMetricsUpdater
=== PAUSE TestNewMetricsUpdater
=== RUN   TestMetricsUpdater_Close
=== PAUSE TestMetricsUpdater_Close
=== RUN   TestMetricsUpdater_updateMetrics
=== PAUSE TestMetricsUpdater_updateMetrics
=== RUN   TestMetricsUpdater_MetricLiveValidatorNodesUpdatesDirectly
=== PAUSE TestMetricsUpdater_MetricLiveValidatorNodesUpdatesDirectly
=== CONT  TestNewMetricsUpdater
=== RUN   TestNewMetricsUpdater/nil_peer_authentication_cacher_should_error
=== PAUSE TestNewMetricsUpdater/nil_peer_authentication_cacher_should_error
=== RUN   TestNewMetricsUpdater/nil_heartbeat_monitor_should_error
=== PAUSE TestNewMetricsUpdater/nil_heartbeat_monitor_should_error
=== RUN   TestNewMetricsUpdater/nil_heartbeat_sender_info_provider_should_error
=== PAUSE TestNewMetricsUpdater/nil_heartbeat_sender_info_provider_should_error
=== RUN   TestNewMetricsUpdater/nil_app_status_handler_should_error
=== PAUSE TestNewMetricsUpdater/nil_app_status_handler_should_error
=== RUN   TestNewMetricsUpdater/invalid_TimeBetweenConnectionsMetricsUpdate_should_error
=== PAUSE TestNewMetricsUpdater/invalid_TimeBetweenConnectionsMetricsUpdate_should_error
=== RUN   TestNewMetricsUpdater/should_work
=== PAUSE TestNewMetricsUpdater/should_work
=== CONT  TestNewMetricsUpdater/nil_peer_authentication_cacher_should_error
=== CONT  TestMetricsUpdater_MetricLiveValidatorNodesUpdatesDirectly
=== CONT  TestMetricsUpdater_updateMetrics
=== RUN   TestMetricsUpdater_updateMetrics/should_send_connection_metrics
=== CONT  TestMetricsUpdater_Close
=== CONT  TestNewMetricsUpdater/should_work
=== RUN   TestMetricsUpdater_updateMetrics/should_send_sender_metrics
=== CONT  TestNewMetricsUpdater/nil_heartbeat_sender_info_provider_should_error
=== CONT  TestNewMetricsUpdater/nil_app_status_handler_should_error
=== RUN   TestMetricsUpdater_updateMetrics/should_send_sender_metrics/eligible_node
=== CONT  TestNewMetricsUpdater/nil_heartbeat_monitor_should_error
=== CONT  TestNewMetricsUpdater/invalid_TimeBetweenConnectionsMetricsUpdate_should_error
=== RUN   TestMetricsUpdater_updateMetrics/should_send_sender_metrics/waiting_node
--- PASS: TestNewMetricsUpdater (0.00s)
    --- PASS: TestNewMetricsUpdater/nil_peer_authentication_cacher_should_error (0.00s)
    --- PASS: TestNewMetricsUpdater/should_work (0.00s)
    --- PASS: TestNewMetricsUpdater/nil_heartbeat_sender_info_provider_should_error (0.00s)
    --- PASS: TestNewMetricsUpdater/nil_app_status_handler_should_error (0.00s)
    --- PASS: TestNewMetricsUpdater/nil_heartbeat_monitor_should_error (0.00s)
    --- PASS: TestNewMetricsUpdater/invalid_TimeBetweenConnectionsMetricsUpdate_should_error (0.00s)
=== RUN   TestMetricsUpdater_updateMetrics/should_send_sender_metrics/observer_node
=== RUN   TestMetricsUpdater_updateMetrics/GetSenderInfo_errors
[0;33mWARN [0m[2026-03-16 10:13:52.413]   error while updating metrics in heartbeat v2 metricsUpdater [0;33merror[0m = expected error 
--- PASS: TestMetricsUpdater_updateMetrics (0.00s)
    --- PASS: TestMetricsUpdater_updateMetrics/should_send_connection_metrics (0.00s)
    --- PASS: TestMetricsUpdater_updateMetrics/should_send_sender_metrics (0.00s)
        --- PASS: TestMetricsUpdater_updateMetrics/should_send_sender_metrics/eligible_node (0.00s)
        --- PASS: TestMetricsUpdater_updateMetrics/should_send_sender_metrics/waiting_node (0.00s)
        --- PASS: TestMetricsUpdater_updateMetrics/should_send_sender_metrics/observer_node (0.00s)
    --- PASS: TestMetricsUpdater_updateMetrics/GetSenderInfo_errors (0.00s)
--- PASS: TestMetricsUpdater_MetricLiveValidatorNodesUpdatesDirectly (2.00s)
--- PASS: TestMetricsUpdater_Close (8.01s)
PASS
ok  	github.com/TerraDharitri/drt-go-chain/heartbeat/status	(cached)
=== RUN   TestNewManagedPeersMonitor
=== PAUSE TestNewManagedPeersMonitor
=== RUN   TestManagedPeersMonitor_IsInterfaceNil
=== PAUSE TestManagedPeersMonitor_IsInterfaceNil
=== RUN   TestManagedPeersMonitor_GetManagedKeysCount
=== PAUSE TestManagedPeersMonitor_GetManagedKeysCount
=== RUN   TestManagedPeersMonitor_GetEligibleManagedKeys
=== PAUSE TestManagedPeersMonitor_GetEligibleManagedKeys
=== RUN   TestManagedPeersMonitor_GetGetWaitingManagedKeys
=== PAUSE TestManagedPeersMonitor_GetGetWaitingManagedKeys
=== RUN   TestManagedPeersMonitor_GetManagedKeys
=== PAUSE TestManagedPeersMonitor_GetManagedKeys
=== RUN   TestManagedPeersMonitor_GetLoadedKeys
=== PAUSE TestManagedPeersMonitor_GetLoadedKeys
=== RUN   TestNewKeysHandler
=== PAUSE TestNewKeysHandler
=== RUN   TestKeysHandler_GetHandledPrivateKey
=== PAUSE TestKeysHandler_GetHandledPrivateKey
=== RUN   TestKeysHandler_GetP2PIdentity
=== PAUSE TestKeysHandler_GetP2PIdentity
=== RUN   TestKeysHandler_IsKeyManagedByCurrentNode
=== PAUSE TestKeysHandler_IsKeyManagedByCurrentNode
=== RUN   TestKeysHandler_IncrementRoundsWithoutReceivedMessages
=== PAUSE TestKeysHandler_IncrementRoundsWithoutReceivedMessages
=== RUN   TestKeysHandler_GetAssociatedPid
=== PAUSE TestKeysHandler_GetAssociatedPid
=== RUN   TestKeysHandler_ResetRoundsWithoutReceivedMessages
=== PAUSE TestKeysHandler_ResetRoundsWithoutReceivedMessages
=== RUN   TestKeysHandler_GetRedundancyStepInReason
=== PAUSE TestKeysHandler_GetRedundancyStepInReason
=== RUN   TestNewManagedPeersHolder
=== PAUSE TestNewManagedPeersHolder
=== RUN   TestManagedPeersHolder_AddManagedPeer
=== PAUSE TestManagedPeersHolder_AddManagedPeer
=== RUN   TestManagedPeersHolder_GetPrivateKey
=== PAUSE TestManagedPeersHolder_GetPrivateKey
=== RUN   TestManagedPeersHolder_GetP2PIdentity
=== PAUSE TestManagedPeersHolder_GetP2PIdentity
=== RUN   TestManagedPeersHolder_GetMachineID
=== PAUSE TestManagedPeersHolder_GetMachineID
=== RUN   TestManagedPeersHolder_GetNameAndIdentity
=== PAUSE TestManagedPeersHolder_GetNameAndIdentity
=== RUN   TestManagedPeersHolder_IncrementRoundsWithoutReceivedMessages
=== PAUSE TestManagedPeersHolder_IncrementRoundsWithoutReceivedMessages
=== RUN   TestManagedPeersHolder_ResetRoundsWithoutReceivedMessages
=== PAUSE TestManagedPeersHolder_ResetRoundsWithoutReceivedMessages
=== RUN   TestManagedPeersHolder_GetManagedKeysByCurrentNode
=== PAUSE TestManagedPeersHolder_GetManagedKeysByCurrentNode
=== RUN   TestManagedPeersHolder_GetLoadedKeysByCurrentNode
=== PAUSE TestManagedPeersHolder_GetLoadedKeysByCurrentNode
=== RUN   TestManagedPeersHolder_IsKeyManagedByCurrentNode
=== PAUSE TestManagedPeersHolder_IsKeyManagedByCurrentNode
=== RUN   TestManagedPeersHolder_IsKeyRegistered
=== PAUSE TestManagedPeersHolder_IsKeyRegistered
=== RUN   TestManagedPeersHolder_IsPidManagedByCurrentNode
=== PAUSE TestManagedPeersHolder_IsPidManagedByCurrentNode
=== RUN   TestManagedPeersHolder_IsKeyValidator
=== PAUSE TestManagedPeersHolder_IsKeyValidator
=== RUN   TestManagedPeersHolder_GetNextPeerAuthenticationTime
=== PAUSE TestManagedPeersHolder_GetNextPeerAuthenticationTime
=== RUN   TestManagedPeersHolder_IsMultiKeyMode
=== PAUSE TestManagedPeersHolder_IsMultiKeyMode
=== RUN   TestManagedPeersHolder_GetRedundancyStepInReason
=== PAUSE TestManagedPeersHolder_GetRedundancyStepInReason
=== RUN   TestManagedPeersHolder_ParallelOperationsShouldNotPanic
--- PASS: TestManagedPeersHolder_ParallelOperationsShouldNotPanic (0.02s)
=== CONT  TestNewManagedPeersMonitor
=== RUN   TestNewManagedPeersMonitor/nil_ManagedPeersHolder_should_error
=== PAUSE TestNewManagedPeersMonitor/nil_ManagedPeersHolder_should_error
=== RUN   TestNewManagedPeersMonitor/nil_NodesCoordinator_should_error
=== PAUSE TestNewManagedPeersMonitor/nil_NodesCoordinator_should_error
=== RUN   TestNewManagedPeersMonitor/nil_ShardProvider_should_error
=== PAUSE TestNewManagedPeersMonitor/nil_ShardProvider_should_error
=== RUN   TestNewManagedPeersMonitor/nil_EpochProvider_should_error
=== PAUSE TestNewManagedPeersMonitor/nil_EpochProvider_should_error
=== RUN   TestNewManagedPeersMonitor/should_work
=== PAUSE TestNewManagedPeersMonitor/should_work
=== CONT  TestNewManagedPeersMonitor/nil_ManagedPeersHolder_should_error
=== CONT  TestManagedPeersHolder_GetRedundancyStepInReason
=== RUN   TestManagedPeersHolder_GetRedundancyStepInReason/main_machine_mode
=== RUN   TestManagedPeersHolder_GetRedundancyStepInReason/redundancy_machine_mode_but_no_managed_keys
=== CONT  TestKeysHandler_GetRedundancyStepInReason
=== CONT  TestManagedPeersHolder_GetManagedKeysByCurrentNode
--- PASS: TestKeysHandler_GetRedundancyStepInReason (0.00s)
=== CONT  TestManagedPeersHolder_ResetRoundsWithoutReceivedMessages
=== RUN   TestManagedPeersHolder_GetManagedKeysByCurrentNode/main_machine_should_return_all_keys,_always
=== RUN   TestManagedPeersHolder_ResetRoundsWithoutReceivedMessages/is_main_machine_should_ignore_the_call
=== RUN   TestManagedPeersHolder_ResetRoundsWithoutReceivedMessages/is_main_machine_should_ignore_the_call/missing_public_key_should_not_panic
=== RUN   TestManagedPeersHolder_ResetRoundsWithoutReceivedMessages/is_main_machine_should_ignore_the_call/existing_public_key
=== RUN   TestManagedPeersHolder_GetManagedKeysByCurrentNode/is_secondary_machine_should_return_managed_keys
=== RUN   TestManagedPeersHolder_GetManagedKeysByCurrentNode/is_secondary_machine_should_return_managed_keys/MaxRoundsWithoutReceivedMessages_not_reached_should_return_none
=== RUN   TestManagedPeersHolder_ResetRoundsWithoutReceivedMessages/is_secondary_machine_should_reset,_if_existing
=== CONT  TestManagedPeersHolder_IncrementRoundsWithoutReceivedMessages
=== RUN   TestManagedPeersHolder_GetManagedKeysByCurrentNode/is_secondary_machine_should_return_managed_keys/MaxRoundsWithoutReceivedMessages_reached,_should_return_failed_pk
=== RUN   TestManagedPeersHolder_IncrementRoundsWithoutReceivedMessages/is_main_machine_should_ignore_the_call
=== RUN   TestManagedPeersHolder_IncrementRoundsWithoutReceivedMessages/is_main_machine_should_ignore_the_call/missing_public_key_should_not_panic
--- PASS: TestManagedPeersHolder_GetManagedKeysByCurrentNode (0.00s)
    --- PASS: TestManagedPeersHolder_GetManagedKeysByCurrentNode/main_machine_should_return_all_keys,_always (0.00s)
    --- PASS: TestManagedPeersHolder_GetManagedKeysByCurrentNode/is_secondary_machine_should_return_managed_keys (0.00s)
        --- PASS: TestManagedPeersHolder_GetManagedKeysByCurrentNode/is_secondary_machine_should_return_managed_keys/MaxRoundsWithoutReceivedMessages_not_reached_should_return_none (0.00s)
        --- PASS: TestManagedPeersHolder_GetManagedKeysByCurrentNode/is_secondary_machine_should_return_managed_keys/MaxRoundsWithoutReceivedMessages_reached,_should_return_failed_pk (0.00s)
=== CONT  TestManagedPeersHolder_IsMultiKeyMode
=== RUN   TestManagedPeersHolder_IncrementRoundsWithoutReceivedMessages/is_main_machine_should_ignore_the_call/existing_public_key
=== RUN   TestManagedPeersHolder_IsMultiKeyMode/main_machine_mode
=== RUN   TestManagedPeersHolder_IncrementRoundsWithoutReceivedMessages/is_secondary_machine_should_increment,_if_existing
=== RUN   TestManagedPeersHolder_IsMultiKeyMode/backup_machine_mode
=== RUN   TestManagedPeersHolder_IncrementRoundsWithoutReceivedMessages/is_secondary_machine_should_increment,_if_existing/missing_public_key_should_not_panic
--- PASS: TestManagedPeersHolder_IsMultiKeyMode (0.00s)
    --- PASS: TestManagedPeersHolder_IsMultiKeyMode/main_machine_mode (0.00s)
    --- PASS: TestManagedPeersHolder_IsMultiKeyMode/backup_machine_mode (0.00s)
=== CONT  TestManagedPeersHolder_GetNextPeerAuthenticationTime
=== RUN   TestManagedPeersHolder_IncrementRoundsWithoutReceivedMessages/is_secondary_machine_should_increment,_if_existing/existing_public_key_should_increment
=== RUN   TestManagedPeersHolder_GetNextPeerAuthenticationTime/missing_key_should_return_error
--- PASS: TestManagedPeersHolder_IncrementRoundsWithoutReceivedMessages (0.00s)
    --- PASS: TestManagedPeersHolder_IncrementRoundsWithoutReceivedMessages/is_main_machine_should_ignore_the_call (0.00s)
        --- PASS: TestManagedPeersHolder_IncrementRoundsWithoutReceivedMessages/is_main_machine_should_ignore_the_call/missing_public_key_should_not_panic (0.00s)
        --- PASS: TestManagedPeersHolder_IncrementRoundsWithoutReceivedMessages/is_main_machine_should_ignore_the_call/existing_public_key (0.00s)
    --- PASS: TestManagedPeersHolder_IncrementRoundsWithoutReceivedMessages/is_secondary_machine_should_increment,_if_existing (0.00s)
        --- PASS: TestManagedPeersHolder_IncrementRoundsWithoutReceivedMessages/is_secondary_machine_should_increment,_if_existing/missing_public_key_should_not_panic (0.00s)
        --- PASS: TestManagedPeersHolder_IncrementRoundsWithoutReceivedMessages/is_secondary_machine_should_increment,_if_existing/existing_public_key_should_increment (0.00s)
=== CONT  TestManagedPeersHolder_GetNameAndIdentity
=== CONT  TestManagedPeersHolder_IsKeyValidator
=== RUN   TestManagedPeersHolder_GetNameAndIdentity/public_key_not_added_should_error
=== RUN   TestManagedPeersHolder_IsKeyValidator/missing_key_should_return_false
=== RUN   TestManagedPeersHolder_GetNameAndIdentity/public_key_exists_should_return_name_and_identity
=== RUN   TestManagedPeersHolder_IsKeyValidator/key_found,_but_not_validator_should_return_false
=== CONT  TestManagedPeersHolder_GetMachineID
=== RUN   TestManagedPeersHolder_IsKeyValidator/key_found_and_validator_should_return_true
--- PASS: TestManagedPeersHolder_IsKeyValidator (0.00s)
    --- PASS: TestManagedPeersHolder_IsKeyValidator/missing_key_should_return_false (0.00s)
    --- PASS: TestManagedPeersHolder_IsKeyValidator/key_found,_but_not_validator_should_return_false (0.00s)
    --- PASS: TestManagedPeersHolder_IsKeyValidator/key_found_and_validator_should_return_true (0.00s)
=== CONT  TestManagedPeersHolder_IsPidManagedByCurrentNode
=== CONT  TestManagedPeersHolder_GetPrivateKey
=== RUN   TestManagedPeersHolder_IsPidManagedByCurrentNode/empty_holder_should_return_false
=== RUN   TestManagedPeersHolder_GetPrivateKey/public_key_not_added_should_error
=== RUN   TestManagedPeersHolder_IsPidManagedByCurrentNode/pid_not_managed_by_current_should_return_false
=== RUN   TestManagedPeersHolder_GetPrivateKey/identity_provided_but_not_the_actual_key_should_not_provide_a_nil_key
=== RUN   TestManagedPeersHolder_IsPidManagedByCurrentNode/pid_managed_by_current_should_return_true
--- PASS: TestManagedPeersHolder_IsPidManagedByCurrentNode (0.00s)
    --- PASS: TestManagedPeersHolder_IsPidManagedByCurrentNode/empty_holder_should_return_false (0.00s)
    --- PASS: TestManagedPeersHolder_IsPidManagedByCurrentNode/pid_not_managed_by_current_should_return_false (0.00s)
    --- PASS: TestManagedPeersHolder_IsPidManagedByCurrentNode/pid_managed_by_current_should_return_true (0.00s)
=== RUN   TestManagedPeersHolder_GetPrivateKey/public_key_exists_should_return_the_private_key
=== CONT  TestManagedPeersHolder_IsKeyManagedByCurrentNode
=== CONT  TestManagedPeersHolder_GetLoadedKeysByCurrentNode
=== RUN   TestManagedPeersHolder_GetPrivateKey/identity_provided_and_the_actual_key_should_work
--- PASS: TestManagedPeersHolder_GetLoadedKeysByCurrentNode (0.00s)
=== RUN   TestManagedPeersHolder_ResetRoundsWithoutReceivedMessages/is_secondary_machine_should_reset,_if_existing/missing_public_key_should_not_panic
=== RUN   TestManagedPeersHolder_GetPrivateKey/identity_provided_on_slave_machine_should_not_panic_on_increment_rounds_without_received_message
=== RUN   TestManagedPeersHolder_ResetRoundsWithoutReceivedMessages/is_secondary_machine_should_reset,_if_existing/existing_public_key_should_reset
--- PASS: TestManagedPeersHolder_GetPrivateKey (0.00s)
    --- PASS: TestManagedPeersHolder_GetPrivateKey/public_key_not_added_should_error (0.00s)
    --- PASS: TestManagedPeersHolder_GetPrivateKey/identity_provided_but_not_the_actual_key_should_not_provide_a_nil_key (0.00s)
    --- PASS: TestManagedPeersHolder_GetPrivateKey/public_key_exists_should_return_the_private_key (0.00s)
    --- PASS: TestManagedPeersHolder_GetPrivateKey/identity_provided_and_the_actual_key_should_work (0.00s)
    --- PASS: TestManagedPeersHolder_GetPrivateKey/identity_provided_on_slave_machine_should_not_panic_on_increment_rounds_without_received_message (0.00s)
=== RUN   TestManagedPeersHolder_GetNameAndIdentity/complex_scenarios_with_multiple_identities_should_work
--- PASS: TestManagedPeersHolder_ResetRoundsWithoutReceivedMessages (0.00s)
    --- PASS: TestManagedPeersHolder_ResetRoundsWithoutReceivedMessages/is_main_machine_should_ignore_the_call (0.00s)
        --- PASS: TestManagedPeersHolder_ResetRoundsWithoutReceivedMessages/is_main_machine_should_ignore_the_call/missing_public_key_should_not_panic (0.00s)
        --- PASS: TestManagedPeersHolder_ResetRoundsWithoutReceivedMessages/is_main_machine_should_ignore_the_call/existing_public_key (0.00s)
    --- PASS: TestManagedPeersHolder_ResetRoundsWithoutReceivedMessages/is_secondary_machine_should_reset,_if_existing (0.00s)
        --- PASS: TestManagedPeersHolder_ResetRoundsWithoutReceivedMessages/is_secondary_machine_should_reset,_if_existing/missing_public_key_should_not_panic (0.00s)
        --- PASS: TestManagedPeersHolder_ResetRoundsWithoutReceivedMessages/is_secondary_machine_should_reset,_if_existing/existing_public_key_should_reset (0.00s)
=== CONT  TestManagedPeersHolder_AddManagedPeer
=== RUN   TestManagedPeersHolder_AddManagedPeer/private_key_from_byte_array_errors
=== RUN   TestManagedPeersHolder_AddManagedPeer/public_key_from_byte_array_errors
=== RUN   TestManagedPeersHolder_AddManagedPeer/p2p_key_generation_returns_an_invalid_private_key_creation_errors
=== RUN   TestManagedPeersHolder_AddManagedPeer/should_work_for_a_new_pk
=== RUN   TestManagedPeersHolder_AddManagedPeer/should_work_for_a_new_pk_with_identity_from_config
--- PASS: TestManagedPeersHolder_GetNameAndIdentity (0.00s)
    --- PASS: TestManagedPeersHolder_GetNameAndIdentity/public_key_not_added_should_error (0.00s)
    --- PASS: TestManagedPeersHolder_GetNameAndIdentity/public_key_exists_should_return_name_and_identity (0.00s)
    --- PASS: TestManagedPeersHolder_GetNameAndIdentity/complex_scenarios_with_multiple_identities_should_work (0.00s)
=== RUN   TestManagedPeersHolder_GetMachineID/public_key_not_added_should_error
=== RUN   TestManagedPeersHolder_GetMachineID/public_key_exists_should_return_machine_ID
=== CONT  TestNewManagedPeersHolder
=== RUN   TestNewManagedPeersHolder/nil_key_generator_should_error
--- PASS: TestManagedPeersHolder_GetMachineID (0.00s)
    --- PASS: TestManagedPeersHolder_GetMachineID/public_key_not_added_should_error (0.00s)
    --- PASS: TestManagedPeersHolder_GetMachineID/public_key_exists_should_return_machine_ID (0.00s)
=== CONT  TestManagedPeersHolder_GetP2PIdentity
=== RUN   TestManagedPeersHolder_GetNextPeerAuthenticationTime/key_found_should_work
=== RUN   TestManagedPeersHolder_GetP2PIdentity/public_key_not_added_should_error
--- PASS: TestManagedPeersHolder_GetNextPeerAuthenticationTime (0.00s)
    --- PASS: TestManagedPeersHolder_GetNextPeerAuthenticationTime/missing_key_should_return_error (0.00s)
    --- PASS: TestManagedPeersHolder_GetNextPeerAuthenticationTime/key_found_should_work (0.00s)
=== CONT  TestManagedPeersHolder_IsKeyRegistered
=== RUN   TestManagedPeersHolder_IsKeyRegistered/main_machine
=== RUN   TestManagedPeersHolder_GetP2PIdentity/public_key_exists_should_return_the_p2p_identity
--- PASS: TestManagedPeersHolder_GetP2PIdentity (0.00s)
    --- PASS: TestManagedPeersHolder_GetP2PIdentity/public_key_not_added_should_error (0.00s)
    --- PASS: TestManagedPeersHolder_GetP2PIdentity/public_key_exists_should_return_the_p2p_identity (0.00s)
=== RUN   TestManagedPeersHolder_IsKeyRegistered/main_machine/foreign_public_key_should_return_false
=== RUN   TestManagedPeersHolder_AddManagedPeer/should_error_when_trying_to_add_the_same_pk
=== RUN   TestManagedPeersHolder_IsKeyRegistered/main_machine/registered_key_should_return_true
=== RUN   TestManagedPeersHolder_AddManagedPeer/should_work_for_2_new_public_keys
=== RUN   TestManagedPeersHolder_IsKeyRegistered/secondary_machine
=== RUN   TestManagedPeersHolder_IsKeyRegistered/secondary_machine/foreign_public_key_should_return_false
--- PASS: TestManagedPeersHolder_AddManagedPeer (0.00s)
    --- PASS: TestManagedPeersHolder_AddManagedPeer/private_key_from_byte_array_errors (0.00s)
    --- PASS: TestManagedPeersHolder_AddManagedPeer/public_key_from_byte_array_errors (0.00s)
    --- PASS: TestManagedPeersHolder_AddManagedPeer/p2p_key_generation_returns_an_invalid_private_key_creation_errors (0.00s)
    --- PASS: TestManagedPeersHolder_AddManagedPeer/should_work_for_a_new_pk (0.00s)
    --- PASS: TestManagedPeersHolder_AddManagedPeer/should_work_for_a_new_pk_with_identity_from_config (0.00s)
    --- PASS: TestManagedPeersHolder_AddManagedPeer/should_error_when_trying_to_add_the_same_pk (0.00s)
    --- PASS: TestManagedPeersHolder_AddManagedPeer/should_work_for_2_new_public_keys (0.00s)
=== RUN   TestManagedPeersHolder_IsKeyManagedByCurrentNode/main_machine
=== RUN   TestManagedPeersHolder_IsKeyRegistered/secondary_machine/registered_key_should_return_true
=== RUN   TestManagedPeersHolder_IsKeyManagedByCurrentNode/main_machine/foreign_public_key_should_return_false
--- PASS: TestManagedPeersHolder_IsKeyRegistered (0.00s)
    --- PASS: TestManagedPeersHolder_IsKeyRegistered/main_machine (0.00s)
        --- PASS: TestManagedPeersHolder_IsKeyRegistered/main_machine/foreign_public_key_should_return_false (0.00s)
        --- PASS: TestManagedPeersHolder_IsKeyRegistered/main_machine/registered_key_should_return_true (0.00s)
    --- PASS: TestManagedPeersHolder_IsKeyRegistered/secondary_machine (0.00s)
        --- PASS: TestManagedPeersHolder_IsKeyRegistered/secondary_machine/foreign_public_key_should_return_false (0.00s)
        --- PASS: TestManagedPeersHolder_IsKeyRegistered/secondary_machine/registered_key_should_return_true (0.00s)
=== PAUSE TestNewManagedPeersHolder/nil_key_generator_should_error
=== RUN   TestManagedPeersHolder_IsKeyManagedByCurrentNode/main_machine/managed_key_should_return_true
=== RUN   TestNewManagedPeersHolder/nil_p2p_key_generator_should_error
=== PAUSE TestNewManagedPeersHolder/nil_p2p_key_generator_should_error
=== RUN   TestNewManagedPeersHolder/invalid_MaxRoundsWithoutReceivedMessages_should_error
=== RUN   TestManagedPeersHolder_IsKeyManagedByCurrentNode/secondary_machine
=== PAUSE TestNewManagedPeersHolder/invalid_MaxRoundsWithoutReceivedMessages_should_error
=== RUN   TestNewManagedPeersHolder/invalid_key_from_config_should_error
=== RUN   TestManagedPeersHolder_IsKeyManagedByCurrentNode/secondary_machine/foreign_public_key_should_return_false
=== PAUSE TestNewManagedPeersHolder/invalid_key_from_config_should_error
=== RUN   TestNewManagedPeersHolder/nil_p2p_key_converter_should_error
=== PAUSE TestNewManagedPeersHolder/nil_p2p_key_converter_should_error
=== RUN   TestManagedPeersHolder_IsKeyManagedByCurrentNode/secondary_machine/managed_key_should_return_false_while_MaxRoundsWithoutReceivedMessages_is_not_reached
=== RUN   TestNewManagedPeersHolder/valid_arguments_should_work
=== PAUSE TestNewManagedPeersHolder/valid_arguments_should_work
=== CONT  TestNewManagedPeersHolder/nil_key_generator_should_error
=== RUN   TestManagedPeersHolder_IsKeyManagedByCurrentNode/secondary_machine/managed_key_should_return_false_while_MaxRoundsWithoutReceivedMessages_is_not_reached/reset_called_from_the_same_pid_should_not_reset
=== CONT  TestNewManagedPeersHolder/valid_arguments_should_work
=== CONT  TestNewManagedPeersHolder/nil_p2p_key_converter_should_error
=== RUN   TestManagedPeersHolder_IsKeyManagedByCurrentNode/secondary_machine/managed_key_should_return_false_while_MaxRoundsWithoutReceivedMessages_is_not_reached/reset_called_from_the_another_pid_should_reset
=== CONT  TestNewManagedPeersHolder/invalid_key_from_config_should_error
=== CONT  TestNewManagedPeersHolder/invalid_MaxRoundsWithoutReceivedMessages_should_error
=== CONT  TestNewManagedPeersHolder/nil_p2p_key_generator_should_error
--- PASS: TestManagedPeersHolder_IsKeyManagedByCurrentNode (0.00s)
    --- PASS: TestManagedPeersHolder_IsKeyManagedByCurrentNode/main_machine (0.00s)
        --- PASS: TestManagedPeersHolder_IsKeyManagedByCurrentNode/main_machine/foreign_public_key_should_return_false (0.00s)
        --- PASS: TestManagedPeersHolder_IsKeyManagedByCurrentNode/main_machine/managed_key_should_return_true (0.00s)
    --- PASS: TestManagedPeersHolder_IsKeyManagedByCurrentNode/secondary_machine (0.00s)
        --- PASS: TestManagedPeersHolder_IsKeyManagedByCurrentNode/secondary_machine/foreign_public_key_should_return_false (0.00s)
        --- PASS: TestManagedPeersHolder_IsKeyManagedByCurrentNode/secondary_machine/managed_key_should_return_false_while_MaxRoundsWithoutReceivedMessages_is_not_reached (0.00s)
            --- PASS: TestManagedPeersHolder_IsKeyManagedByCurrentNode/secondary_machine/managed_key_should_return_false_while_MaxRoundsWithoutReceivedMessages_is_not_reached/reset_called_from_the_same_pid_should_not_reset (0.00s)
            --- PASS: TestManagedPeersHolder_IsKeyManagedByCurrentNode/secondary_machine/managed_key_should_return_false_while_MaxRoundsWithoutReceivedMessages_is_not_reached/reset_called_from_the_another_pid_should_reset (0.00s)
=== CONT  TestKeysHandler_IsKeyManagedByCurrentNode
=== CONT  TestManagedPeersMonitor_GetManagedKeys
=== RUN   TestNewManagedPeersHolder/invalid_MaxRoundsWithoutReceivedMessages_should_error/negative_value
--- PASS: TestManagedPeersMonitor_GetManagedKeys (0.00s)
=== RUN   TestNewManagedPeersHolder/invalid_MaxRoundsWithoutReceivedMessages_should_error/value_of_1
=== CONT  TestKeysHandler_GetP2PIdentity
--- PASS: TestKeysHandler_GetP2PIdentity (0.00s)
--- PASS: TestKeysHandler_IsKeyManagedByCurrentNode (0.00s)
=== CONT  TestKeysHandler_ResetRoundsWithoutReceivedMessages
=== CONT  TestKeysHandler_GetAssociatedPid
--- PASS: TestNewManagedPeersHolder (0.00s)
    --- PASS: TestNewManagedPeersHolder/nil_key_generator_should_error (0.00s)
    --- PASS: TestNewManagedPeersHolder/valid_arguments_should_work (0.00s)
    --- PASS: TestNewManagedPeersHolder/nil_p2p_key_converter_should_error (0.00s)
    --- PASS: TestNewManagedPeersHolder/invalid_key_from_config_should_error (0.00s)
    --- PASS: TestNewManagedPeersHolder/nil_p2p_key_generator_should_error (0.00s)
    --- PASS: TestNewManagedPeersHolder/invalid_MaxRoundsWithoutReceivedMessages_should_error (0.00s)
        --- PASS: TestNewManagedPeersHolder/invalid_MaxRoundsWithoutReceivedMessages_should_error/negative_value (0.00s)
        --- PASS: TestNewManagedPeersHolder/invalid_MaxRoundsWithoutReceivedMessages_should_error/value_of_1 (0.00s)
=== RUN   TestKeysHandler_GetAssociatedPid/is_original_public_key_of_the_node
--- PASS: TestKeysHandler_ResetRoundsWithoutReceivedMessages (0.00s)
=== PAUSE TestKeysHandler_GetAssociatedPid/is_original_public_key_of_the_node
=== CONT  TestManagedPeersMonitor_GetLoadedKeys
=== RUN   TestKeysHandler_GetAssociatedPid/managedPeersHolder.GetP2PIdentity_errors
--- PASS: TestManagedPeersMonitor_GetLoadedKeys (0.00s)
=== PAUSE TestKeysHandler_GetAssociatedPid/managedPeersHolder.GetP2PIdentity_errors
=== CONT  TestManagedPeersMonitor_IsInterfaceNil
=== RUN   TestKeysHandler_GetAssociatedPid/managedPeersHolder.GetP2PIdentity_returns_the_identity
--- PASS: TestManagedPeersMonitor_IsInterfaceNil (0.00s)
=== CONT  TestManagedPeersMonitor_GetEligibleManagedKeys
=== CONT  TestManagedPeersMonitor_GetManagedKeysCount
--- PASS: TestManagedPeersMonitor_GetManagedKeysCount (0.00s)
=== CONT  TestKeysHandler_GetHandledPrivateKey
=== CONT  TestManagedPeersMonitor_GetGetWaitingManagedKeys
=== RUN   TestKeysHandler_GetHandledPrivateKey/is_original_public_key_of_the_node
=== CONT  TestNewManagedPeersMonitor/should_work
=== PAUSE TestKeysHandler_GetHandledPrivateKey/is_original_public_key_of_the_node
=== RUN   TestKeysHandler_GetHandledPrivateKey/managedPeersHolder.GetPrivateKey_errors
=== PAUSE TestKeysHandler_GetAssociatedPid/managedPeersHolder.GetP2PIdentity_returns_the_identity
=== PAUSE TestKeysHandler_GetHandledPrivateKey/managedPeersHolder.GetPrivateKey_errors
=== CONT  TestKeysHandler_GetAssociatedPid/managedPeersHolder.GetP2PIdentity_errors
=== RUN   TestKeysHandler_GetHandledPrivateKey/managedPeersHolder.GetPrivateKey_returns_the_private_key
=== PAUSE TestKeysHandler_GetHandledPrivateKey/managedPeersHolder.GetPrivateKey_returns_the_private_key
=== CONT  TestKeysHandler_GetHandledPrivateKey/is_original_public_key_of_the_node
=== CONT  TestKeysHandler_GetHandledPrivateKey/managedPeersHolder.GetPrivateKey_returns_the_private_key
=== CONT  TestKeysHandler_GetHandledPrivateKey/managedPeersHolder.GetPrivateKey_errors
=== CONT  TestNewManagedPeersMonitor/nil_ShardProvider_should_error
=== CONT  TestNewManagedPeersMonitor/nil_NodesCoordinator_should_error
=== RUN   TestManagedPeersMonitor_GetGetWaitingManagedKeys/nodes_coordinator_returns_error_should_error
=== PAUSE TestManagedPeersMonitor_GetGetWaitingManagedKeys/nodes_coordinator_returns_error_should_error
=== RUN   TestManagedPeersMonitor_GetGetWaitingManagedKeys/shard_not_found_should_error
=== PAUSE TestManagedPeersMonitor_GetGetWaitingManagedKeys/shard_not_found_should_error
=== RUN   TestManagedPeersMonitor_GetGetWaitingManagedKeys/should_work
=== PAUSE TestManagedPeersMonitor_GetGetWaitingManagedKeys/should_work
=== CONT  TestManagedPeersMonitor_GetGetWaitingManagedKeys/nodes_coordinator_returns_error_should_error
[0;33mWARN [0m[2026-03-16 10:13:52.480]   setup error in keysHandler.GetHandledPrivateKey, returning original private key [0;33merror[0m = private key not found 
=== CONT  TestNewKeysHandler
--- PASS: TestKeysHandler_GetHandledPrivateKey (0.00s)
    --- PASS: TestKeysHandler_GetHandledPrivateKey/is_original_public_key_of_the_node (0.00s)
    --- PASS: TestKeysHandler_GetHandledPrivateKey/managedPeersHolder.GetPrivateKey_returns_the_private_key (0.00s)
    --- PASS: TestKeysHandler_GetHandledPrivateKey/managedPeersHolder.GetPrivateKey_errors (0.00s)
=== CONT  TestManagedPeersMonitor_GetGetWaitingManagedKeys/shard_not_found_should_error
=== CONT  TestManagedPeersMonitor_GetGetWaitingManagedKeys/should_work
[0;33mWARN [0m[2026-03-16 10:13:52.480]   setup error in keysHandler.GetAssociatedPid, returning original pid [0;33merror[0m = identity not found 
=== RUN   TestNewKeysHandler/nil_managed_peers_holder_should_error
--- PASS: TestManagedPeersMonitor_GetGetWaitingManagedKeys (0.00s)
    --- PASS: TestManagedPeersMonitor_GetGetWaitingManagedKeys/nodes_coordinator_returns_error_should_error (0.00s)
    --- PASS: TestManagedPeersMonitor_GetGetWaitingManagedKeys/shard_not_found_should_error (0.00s)
    --- PASS: TestManagedPeersMonitor_GetGetWaitingManagedKeys/should_work (0.00s)
=== PAUSE TestNewKeysHandler/nil_managed_peers_holder_should_error
=== RUN   TestNewKeysHandler/nil_private_key_should_error
=== PAUSE TestNewKeysHandler/nil_private_key_should_error
=== RUN   TestManagedPeersMonitor_GetEligibleManagedKeys/nodes_coordinator_returns_error_should_error
=== RUN   TestNewKeysHandler/empty_pid_should_error
=== PAUSE TestNewKeysHandler/empty_pid_should_error
=== RUN   TestNewKeysHandler/public_key_bytes_generation_errors_should_error
=== CONT  TestKeysHandler_GetAssociatedPid/is_original_public_key_of_the_node
=== PAUSE TestNewKeysHandler/public_key_bytes_generation_errors_should_error
=== RUN   TestNewKeysHandler/should_work
=== CONT  TestKeysHandler_GetAssociatedPid/managedPeersHolder.GetP2PIdentity_returns_the_identity
=== CONT  TestKeysHandler_IncrementRoundsWithoutReceivedMessages
--- PASS: TestKeysHandler_IncrementRoundsWithoutReceivedMessages (0.00s)
=== CONT  TestNewManagedPeersMonitor/nil_EpochProvider_should_error
=== PAUSE TestManagedPeersMonitor_GetEligibleManagedKeys/nodes_coordinator_returns_error_should_error
=== RUN   TestManagedPeersMonitor_GetEligibleManagedKeys/shard_not_found_should_error
=== PAUSE TestNewKeysHandler/should_work
=== PAUSE TestManagedPeersMonitor_GetEligibleManagedKeys/shard_not_found_should_error
=== CONT  TestNewKeysHandler/nil_private_key_should_error
=== RUN   TestManagedPeersMonitor_GetEligibleManagedKeys/should_work
=== CONT  TestNewKeysHandler/nil_managed_peers_holder_should_error
=== PAUSE TestManagedPeersMonitor_GetEligibleManagedKeys/should_work
=== CONT  TestManagedPeersMonitor_GetEligibleManagedKeys/nodes_coordinator_returns_error_should_error
=== CONT  TestManagedPeersMonitor_GetEligibleManagedKeys/should_work
=== CONT  TestManagedPeersMonitor_GetEligibleManagedKeys/shard_not_found_should_error
--- PASS: TestKeysHandler_GetAssociatedPid (0.00s)
    --- PASS: TestKeysHandler_GetAssociatedPid/managedPeersHolder.GetP2PIdentity_errors (0.00s)
    --- PASS: TestKeysHandler_GetAssociatedPid/is_original_public_key_of_the_node (0.00s)
    --- PASS: TestKeysHandler_GetAssociatedPid/managedPeersHolder.GetP2PIdentity_returns_the_identity (0.00s)
=== CONT  TestNewKeysHandler/should_work
--- PASS: TestNewManagedPeersMonitor (0.00s)
    --- PASS: TestNewManagedPeersMonitor/nil_ManagedPeersHolder_should_error (0.00s)
    --- PASS: TestNewManagedPeersMonitor/should_work (0.00s)
    --- PASS: TestNewManagedPeersMonitor/nil_ShardProvider_should_error (0.00s)
    --- PASS: TestNewManagedPeersMonitor/nil_NodesCoordinator_should_error (0.00s)
    --- PASS: TestNewManagedPeersMonitor/nil_EpochProvider_should_error (0.00s)
=== CONT  TestNewKeysHandler/public_key_bytes_generation_errors_should_error
=== CONT  TestNewKeysHandler/empty_pid_should_error
--- PASS: TestManagedPeersMonitor_GetEligibleManagedKeys (0.00s)
    --- PASS: TestManagedPeersMonitor_GetEligibleManagedKeys/nodes_coordinator_returns_error_should_error (0.00s)
    --- PASS: TestManagedPeersMonitor_GetEligibleManagedKeys/shard_not_found_should_error (0.00s)
    --- PASS: TestManagedPeersMonitor_GetEligibleManagedKeys/should_work (0.00s)
--- PASS: TestNewKeysHandler (0.00s)
    --- PASS: TestNewKeysHandler/nil_private_key_should_error (0.00s)
    --- PASS: TestNewKeysHandler/nil_managed_peers_holder_should_error (0.00s)
    --- PASS: TestNewKeysHandler/should_work (0.00s)
    --- PASS: TestNewKeysHandler/public_key_bytes_generation_errors_should_error (0.00s)
    --- PASS: TestNewKeysHandler/empty_pid_should_error (0.00s)
=== RUN   TestManagedPeersHolder_GetRedundancyStepInReason/redundancy_machine_mode_with_one_managed_key,_main_active
=== RUN   TestManagedPeersHolder_GetRedundancyStepInReason/redundancy_machine_mode_with_one_managed_key,_main_inactive
=== RUN   TestManagedPeersHolder_GetRedundancyStepInReason/redundancy_machine_mode_with_2_managed_keys,_main_active
=== RUN   TestManagedPeersHolder_GetRedundancyStepInReason/redundancy_machine_mode_with_2_managed_keys,_main_inactive
--- PASS: TestManagedPeersHolder_GetRedundancyStepInReason (0.00s)
    --- PASS: TestManagedPeersHolder_GetRedundancyStepInReason/main_machine_mode (0.00s)
    --- PASS: TestManagedPeersHolder_GetRedundancyStepInReason/redundancy_machine_mode_but_no_managed_keys (0.00s)
    --- PASS: TestManagedPeersHolder_GetRedundancyStepInReason/redundancy_machine_mode_with_one_managed_key,_main_active (0.00s)
    --- PASS: TestManagedPeersHolder_GetRedundancyStepInReason/redundancy_machine_mode_with_one_managed_key,_main_inactive (0.00s)
    --- PASS: TestManagedPeersHolder_GetRedundancyStepInReason/redundancy_machine_mode_with_2_managed_keys,_main_active (0.00s)
    --- PASS: TestManagedPeersHolder_GetRedundancyStepInReason/redundancy_machine_mode_with_2_managed_keys,_main_inactive (0.00s)
PASS
ok  	github.com/TerraDharitri/drt-go-chain/keysManagement	(cached)
=== RUN   TestApplyArchCustomConfigs
=== PAUSE TestApplyArchCustomConfigs
=== RUN   TestMemoryConfig
--- PASS: TestMemoryConfig (0.02s)
=== RUN   TestNewNodeRunner
    nodeRunner_test.go:24: this is not a short test
--- SKIP: TestNewNodeRunner (0.00s)
=== RUN   TestNodeRunner_StartAndCloseNodeUsingSIGINT
    nodeRunner_test.go:49: this is not a short test
--- SKIP: TestNodeRunner_StartAndCloseNodeUsingSIGINT (0.00s)
=== RUN   TestCopyDirectory
    nodeRunner_test.go:82: this is not a short test
--- SKIP: TestCopyDirectory (0.00s)
=== RUN   TestWaitForSignal
    nodeRunner_test.go:142: this is not a short test
--- SKIP: TestWaitForSignal (0.00s)
=== RUN   TestWithInitialNodesPubKeys
=== PAUSE TestWithInitialNodesPubKeys
=== RUN   TestWithPublicKey
=== PAUSE TestWithPublicKey
=== RUN   TestWithRoundDuration_ZeroDurationShouldErr
=== PAUSE TestWithRoundDuration_ZeroDurationShouldErr
=== RUN   TestWithRoundDuration_ShouldWork
=== PAUSE TestWithRoundDuration_ShouldWork
=== RUN   TestWithGenesisTime
=== PAUSE TestWithGenesisTime
=== RUN   TestWithConsensusBls_ShouldWork
=== PAUSE TestWithConsensusBls_ShouldWork
=== RUN   TestWithRequestedItemsHandler_NilRequestedItemsHandlerShouldErr
=== PAUSE TestWithRequestedItemsHandler_NilRequestedItemsHandlerShouldErr
=== RUN   TestWithRequestedItemsHandler_OkRequestedItemsHandlerShouldWork
=== PAUSE TestWithRequestedItemsHandler_OkRequestedItemsHandlerShouldWork
=== RUN   TestWithBootstrapRoundIndex
=== PAUSE TestWithBootstrapRoundIndex
=== RUN   TestWithPeerDenialEvaluator_NilBlackListHandlerShouldErr
=== PAUSE TestWithPeerDenialEvaluator_NilBlackListHandlerShouldErr
=== RUN   TestWithPeerDenialEvaluator_OkHandlerShouldWork
=== PAUSE TestWithPeerDenialEvaluator_OkHandlerShouldWork
=== RUN   TestWithAddressSignatureSize
=== PAUSE TestWithAddressSignatureSize
=== RUN   TestWithValidatorSignatureSize
=== PAUSE TestWithValidatorSignatureSize
=== RUN   TestWithPublicKeySize
=== PAUSE TestWithPublicKeySize
=== RUN   TestWithNodeStopChannel_NilNodeStopChannelShouldErr
=== PAUSE TestWithNodeStopChannel_NilNodeStopChannelShouldErr
=== RUN   TestWithNodeStopChannel_OkNodeStopChannelShouldWork
=== PAUSE TestWithNodeStopChannel_OkNodeStopChannelShouldWork
=== RUN   TestWithSignTxWithHashEpoch_EnableSignTxWithHashEpochShouldWork
=== PAUSE TestWithSignTxWithHashEpoch_EnableSignTxWithHashEpochShouldWork
=== RUN   TestWithDCDTNFTStorageHandler
=== PAUSE TestWithDCDTNFTStorageHandler
=== RUN   TestNode_GetBlockHeaderByHash
=== RUN   TestNode_GetBlockHeaderByHash/with_dblookupext
=== RUN   TestNode_GetBlockHeaderByHash/without_dblookupext
--- PASS: TestNode_GetBlockHeaderByHash (0.00s)
    --- PASS: TestNode_GetBlockHeaderByHash/with_dblookupext (0.00s)
    --- PASS: TestNode_GetBlockHeaderByHash/without_dblookupext (0.00s)
=== RUN   TestNode_GetAccountWithOptionsShouldWork
=== PAUSE TestNode_GetAccountWithOptionsShouldWork
=== RUN   TestNode_GetCodeWithOptionsShouldWork
=== PAUSE TestNode_GetCodeWithOptionsShouldWork
=== RUN   TestNode_AddBlockCoordinatesToAccountQueryOptions
=== RUN   TestNode_AddBlockCoordinatesToAccountQueryOptions/blockRootHash_is_set
=== RUN   TestNode_AddBlockCoordinatesToAccountQueryOptions/blockHash_is_set_(without_scheduled)
=== RUN   TestNode_AddBlockCoordinatesToAccountQueryOptions/blockHash_is_set_(with_scheduled)
=== RUN   TestNode_AddBlockCoordinatesToAccountQueryOptions/blockNonce_is_set_(without_scheduled)
=== RUN   TestNode_AddBlockCoordinatesToAccountQueryOptions/blockNonce_is_set_(with_scheduled)
--- PASS: TestNode_AddBlockCoordinatesToAccountQueryOptions (0.00s)
    --- PASS: TestNode_AddBlockCoordinatesToAccountQueryOptions/blockRootHash_is_set (0.00s)
    --- PASS: TestNode_AddBlockCoordinatesToAccountQueryOptions/blockHash_is_set_(without_scheduled) (0.00s)
    --- PASS: TestNode_AddBlockCoordinatesToAccountQueryOptions/blockHash_is_set_(with_scheduled) (0.00s)
    --- PASS: TestNode_AddBlockCoordinatesToAccountQueryOptions/blockNonce_is_set_(without_scheduled) (0.00s)
    --- PASS: TestNode_AddBlockCoordinatesToAccountQueryOptions/blockNonce_is_set_(with_scheduled) (0.00s)
=== RUN   TestMergeAccountQueryOptionsIntoBlockInfo
--- PASS: TestMergeAccountQueryOptionsIntoBlockInfo (0.00s)
=== RUN   TestExtractApiBlockInfoIfErrAccountNotFoundAtBlock
--- PASS: TestExtractApiBlockInfoIfErrAccountNotFoundAtBlock (0.00s)
=== RUN   TestGenerateAndSendBulkTransactions_ZeroTxShouldErr
--- PASS: TestGenerateAndSendBulkTransactions_ZeroTxShouldErr (0.00s)
=== RUN   TestGenerateAndSendBulkTransactions_NilAccountAdapterShouldErr
--- PASS: TestGenerateAndSendBulkTransactions_NilAccountAdapterShouldErr (0.00s)
=== RUN   TestGenerateAndSendBulkTransactions_NilSingleSignerShouldErr
--- PASS: TestGenerateAndSendBulkTransactions_NilSingleSignerShouldErr (0.00s)
=== RUN   TestGenerateAndSendBulkTransactions_NilShardCoordinatorShouldErr
--- PASS: TestGenerateAndSendBulkTransactions_NilShardCoordinatorShouldErr (0.00s)
=== RUN   TestGenerateAndSendBulkTransactions_NilPubkeyConverterShouldErr
--- PASS: TestGenerateAndSendBulkTransactions_NilPubkeyConverterShouldErr (0.00s)
=== RUN   TestGenerateAndSendBulkTransactions_NilPrivateKeyShouldErr
--- PASS: TestGenerateAndSendBulkTransactions_NilPrivateKeyShouldErr (0.00s)
=== RUN   TestGenerateAndSendBulkTransactions_InvalidReceiverAddressShouldErr
--- PASS: TestGenerateAndSendBulkTransactions_InvalidReceiverAddressShouldErr (0.00s)
=== RUN   TestGenerateAndSendBulkTransactions_MarshalizerErrorsShouldErr
--- PASS: TestGenerateAndSendBulkTransactions_MarshalizerErrorsShouldErr (0.00s)
=== RUN   TestGenerateAndSendBulkTransactions_ShouldWork
--- PASS: TestGenerateAndSendBulkTransactions_ShouldWork (0.04s)
=== RUN   TestNewNode
--- PASS: TestNewNode (0.00s)
=== RUN   TestNewNode_NilOptionShouldError
=== PAUSE TestNewNode_NilOptionShouldError
=== RUN   TestNewNode_ApplyNilOptionShouldError
=== PAUSE TestNewNode_ApplyNilOptionShouldError
=== RUN   TestGetBalance_GetAccountFailsShouldError
=== PAUSE TestGetBalance_GetAccountFailsShouldError
=== RUN   TestGetBalance_AccountNotFoundShouldReturnZeroBalance
=== PAUSE TestGetBalance_AccountNotFoundShouldReturnZeroBalance
=== RUN   TestNode_GetBalanceAccNotFoundShouldReturnEmpty
=== PAUSE TestNode_GetBalanceAccNotFoundShouldReturnEmpty
=== RUN   TestGetBalance
=== PAUSE TestGetBalance
=== RUN   TestGetUsername
=== PAUSE TestGetUsername
=== RUN   TestNode_GetCodeHashAccNotFoundShouldReturnEmpty
=== PAUSE TestNode_GetCodeHashAccNotFoundShouldReturnEmpty
=== RUN   TestGetCodeHash
=== PAUSE TestGetCodeHash
=== RUN   TestNode_GetKeyValuePairsAccNotFoundShouldReturnEmpty
=== PAUSE TestNode_GetKeyValuePairsAccNotFoundShouldReturnEmpty
=== RUN   TestNode_GetKeyValuePairs
=== PAUSE TestNode_GetKeyValuePairs
=== RUN   TestNode_GetKeyValuePairs_GetAllLeavesShouldFail
=== PAUSE TestNode_GetKeyValuePairs_GetAllLeavesShouldFail
=== RUN   TestNode_GetKeyValuePairsContextShouldTimeout
=== PAUSE TestNode_GetKeyValuePairsContextShouldTimeout
=== RUN   TestNode_GetValueForKeyAccNotFoundShouldReturnEmpty
=== PAUSE TestNode_GetValueForKeyAccNotFoundShouldReturnEmpty
=== RUN   TestNode_GetValueForKey
=== PAUSE TestNode_GetValueForKey
=== RUN   TestNode_GetDCDTDataAccNotFoundShouldReturnEmpty
=== PAUSE TestNode_GetDCDTDataAccNotFoundShouldReturnEmpty
=== RUN   TestNode_GetDCDTData
=== PAUSE TestNode_GetDCDTData
=== RUN   TestNode_GetDCDTDataForNFT
=== PAUSE TestNode_GetDCDTDataForNFT
=== RUN   TestNode_GetAllDCDTTokens
=== PAUSE TestNode_GetAllDCDTTokens
=== RUN   TestNode_GetAllDCDTTokens_GetAllLeavesShouldFail
=== PAUSE TestNode_GetAllDCDTTokens_GetAllLeavesShouldFail
=== RUN   TestNode_GetAllDCDTTokensContextShouldTimeout
=== PAUSE TestNode_GetAllDCDTTokensContextShouldTimeout
=== RUN   TestNode_GetAllDCDTsAccNotFoundShouldReturnEmpty
=== PAUSE TestNode_GetAllDCDTsAccNotFoundShouldReturnEmpty
=== RUN   TestNode_GetAllDCDTTokensShouldReturnDcdtAndFormattedNft
=== PAUSE TestNode_GetAllDCDTTokensShouldReturnDcdtAndFormattedNft
=== RUN   TestNode_GetAllIssuedDCDTs
=== PAUSE TestNode_GetAllIssuedDCDTs
=== RUN   TestNode_GetDCDTsWithRole
=== PAUSE TestNode_GetDCDTsWithRole
=== RUN   TestNode_GetDCDTsRoles
=== PAUSE TestNode_GetDCDTsRoles
=== RUN   TestNode_GetNFTTokenIDsRegisteredByAddress
=== PAUSE TestNode_GetNFTTokenIDsRegisteredByAddress
=== RUN   TestNode_GetNFTTokenIDsRegisteredByAddressContextShouldTimeout
=== PAUSE TestNode_GetNFTTokenIDsRegisteredByAddressContextShouldTimeout
=== RUN   TestGenerateTransaction_NoAddrConverterShouldError
=== PAUSE TestGenerateTransaction_NoAddrConverterShouldError
=== RUN   TestGenerateTransaction_NoAccAdapterShouldError
=== PAUSE TestGenerateTransaction_NoAccAdapterShouldError
=== RUN   TestGenerateTransaction_NoPrivateKeyShouldError
=== PAUSE TestGenerateTransaction_NoPrivateKeyShouldError
=== RUN   TestGenerateTransaction_CreateAddressFailsShouldError
=== PAUSE TestGenerateTransaction_CreateAddressFailsShouldError
=== RUN   TestGenerateTransaction_GetAccountFailsShouldError
=== PAUSE TestGenerateTransaction_GetAccountFailsShouldError
=== RUN   TestGenerateTransaction_GetAccountReturnsNilShouldWork
=== PAUSE TestGenerateTransaction_GetAccountReturnsNilShouldWork
=== RUN   TestGenerateTransaction_GetExistingAccountShouldWork
=== PAUSE TestGenerateTransaction_GetExistingAccountShouldWork
=== RUN   TestGenerateTransaction_MarshalErrorsShouldError
=== PAUSE TestGenerateTransaction_MarshalErrorsShouldError
=== RUN   TestGenerateTransaction_SignTxErrorsShouldError
=== PAUSE TestGenerateTransaction_SignTxErrorsShouldError
=== RUN   TestGenerateTransaction_ShouldSetCorrectSignature
=== PAUSE TestGenerateTransaction_ShouldSetCorrectSignature
=== RUN   TestGenerateTransaction_ShouldSetCorrectNonce
=== PAUSE TestGenerateTransaction_ShouldSetCorrectNonce
=== RUN   TestGenerateTransaction_CorrectParamsShouldNotError
=== PAUSE TestGenerateTransaction_CorrectParamsShouldNotError
=== RUN   TestCreateTransaction_NilArgsShouldErr
=== PAUSE TestCreateTransaction_NilArgsShouldErr
=== RUN   TestCreateTransaction_NilAddrConverterShouldErr
=== PAUSE TestCreateTransaction_NilAddrConverterShouldErr
=== RUN   TestCreateTransaction_NilAccountsAdapterShouldErr
=== PAUSE TestCreateTransaction_NilAccountsAdapterShouldErr
=== RUN   TestCreateTransaction_InvalidSignatureShouldErr
=== PAUSE TestCreateTransaction_InvalidSignatureShouldErr
=== RUN   TestCreateTransaction_ChainIDFieldChecks
=== PAUSE TestCreateTransaction_ChainIDFieldChecks
=== RUN   TestCreateTransaction_InvalidTxVersionShouldErr
=== PAUSE TestCreateTransaction_InvalidTxVersionShouldErr
=== RUN   TestCreateTransaction_SenderShardIdIsInDifferentShardShouldNotValidate
=== PAUSE TestCreateTransaction_SenderShardIdIsInDifferentShardShouldNotValidate
=== RUN   TestCreateTransaction_SignatureLengthChecks
=== PAUSE TestCreateTransaction_SignatureLengthChecks
=== RUN   TestCreateTransaction_SenderLengthChecks
=== PAUSE TestCreateTransaction_SenderLengthChecks
=== RUN   TestCreateTransaction_ReceiverLengthChecks
=== PAUSE TestCreateTransaction_ReceiverLengthChecks
=== RUN   TestCreateTransaction_TooBigSenderUsernameShouldErr
=== PAUSE TestCreateTransaction_TooBigSenderUsernameShouldErr
=== RUN   TestCreateTransaction_TooBigReceiverUsernameShouldErr
=== PAUSE TestCreateTransaction_TooBigReceiverUsernameShouldErr
=== RUN   TestCreateTransaction_DataFieldSizeExceedsMaxShouldErr
=== PAUSE TestCreateTransaction_DataFieldSizeExceedsMaxShouldErr
=== RUN   TestCreateTransaction_TooLargeValueFieldShouldErr
=== PAUSE TestCreateTransaction_TooLargeValueFieldShouldErr
=== RUN   TestCreateTransaction_InvalidGuardianSigShouldErr
=== PAUSE TestCreateTransaction_InvalidGuardianSigShouldErr
=== RUN   TestCreateTransaction_InvalidGuardianAddressLenShouldErr
=== PAUSE TestCreateTransaction_InvalidGuardianAddressLenShouldErr
=== RUN   TestCreateTransaction_AddressPubKeyConverterDecode
=== PAUSE TestCreateTransaction_AddressPubKeyConverterDecode
=== RUN   TestCreateTransaction_OkValsShouldWork
=== PAUSE TestCreateTransaction_OkValsShouldWork
=== RUN   TestCreateTransaction_TxSignedWithHashShouldErrVersionShoudBe2
=== PAUSE TestCreateTransaction_TxSignedWithHashShouldErrVersionShoudBe2
=== RUN   TestCreateTransaction_TxSignedWithHashNoEnabledShouldErr
=== PAUSE TestCreateTransaction_TxSignedWithHashNoEnabledShouldErr
=== RUN   TestValidateTransaction_ShouldAdaptAccountNotFoundError
=== PAUSE TestValidateTransaction_ShouldAdaptAccountNotFoundError
=== RUN   TestCreateShardedStores_NilShardCoordinatorShouldError
--- PASS: TestCreateShardedStores_NilShardCoordinatorShouldError (0.00s)
=== RUN   TestCreateShardedStores_NilDataPoolShouldError
--- PASS: TestCreateShardedStores_NilDataPoolShouldError (0.00s)
=== RUN   TestCreateShardedStores_NilTransactionDataPoolShouldError
--- PASS: TestCreateShardedStores_NilTransactionDataPoolShouldError (0.00s)
=== RUN   TestCreateShardedStores_NilHeaderDataPoolShouldError
--- PASS: TestCreateShardedStores_NilHeaderDataPoolShouldError (0.00s)
=== RUN   TestCreateShardedStores_ReturnsSuccessfully
--- PASS: TestCreateShardedStores_ReturnsSuccessfully (0.00s)
=== RUN   TestNode_ValidatorStatisticsApi
=== PAUSE TestNode_ValidatorStatisticsApi
=== RUN   TestNode_GetAccountPubkeyConverterFailsShouldErr
=== PAUSE TestNode_GetAccountPubkeyConverterFailsShouldErr
=== RUN   TestNode_GetAccountAccountDoesNotExistsShouldRetEmpty
=== PAUSE TestNode_GetAccountAccountDoesNotExistsShouldRetEmpty
=== RUN   TestNode_GetAccountAccountsRepositoryFailsShouldErr
=== PAUSE TestNode_GetAccountAccountsRepositoryFailsShouldErr
=== RUN   TestNode_GetAccountAccNotFoundShouldReturnEmpty
=== PAUSE TestNode_GetAccountAccNotFoundShouldReturnEmpty
=== RUN   TestNode_GetAccountAccountExistsShouldReturn
=== PAUSE TestNode_GetAccountAccountExistsShouldReturn
=== RUN   TestNode_GetAccountAccountWithKeysErrorShouldFail
--- PASS: TestNode_GetAccountAccountWithKeysErrorShouldFail (0.00s)
=== RUN   TestNode_GetAccountAccountWithKeysShouldWork
=== PAUSE TestNode_GetAccountAccountWithKeysShouldWork
=== RUN   TestNode_GetAccountAccountWithKeysNeverUsedAccountShouldWork
=== PAUSE TestNode_GetAccountAccountWithKeysNeverUsedAccountShouldWork
=== RUN   TestNode_GetAccountAccountWithKeysNilDataTrieShouldWork
=== PAUSE TestNode_GetAccountAccountWithKeysNilDataTrieShouldWork
=== RUN   TestNode_AppStatusHandlersShouldIncrement
=== PAUSE TestNode_AppStatusHandlersShouldIncrement
=== RUN   TestNode_AppStatusHandlerShouldDecrement
=== PAUSE TestNode_AppStatusHandlerShouldDecrement
=== RUN   TestNode_AppStatusHandlerShouldSetInt64Value
=== PAUSE TestNode_AppStatusHandlerShouldSetInt64Value
=== RUN   TestNode_AppStatusHandlerShouldSetUInt64Value
=== PAUSE TestNode_AppStatusHandlerShouldSetUInt64Value
=== RUN   TestNode_EncodeDecodeAddressPubkey
=== PAUSE TestNode_EncodeDecodeAddressPubkey
=== RUN   TestNode_EncodeDecodeAddressPubkeyWithNilConverterShouldErr
=== PAUSE TestNode_EncodeDecodeAddressPubkeyWithNilConverterShouldErr
=== RUN   TestNode_DecodeAddressPubkeyWithNilConverterShouldErr
=== PAUSE TestNode_DecodeAddressPubkeyWithNilConverterShouldErr
=== RUN   TestNode_DirectTrigger
=== PAUSE TestNode_DirectTrigger
=== RUN   TestNode_IsSelfTrigger
=== PAUSE TestNode_IsSelfTrigger
=== RUN   TestNode_AddQueryHandlerNilHandlerShouldErr
=== PAUSE TestNode_AddQueryHandlerNilHandlerShouldErr
=== RUN   TestNode_AddQueryHandlerEmptyNameShouldErr
=== PAUSE TestNode_AddQueryHandlerEmptyNameShouldErr
=== RUN   TestNode_AddQueryHandlerExistsShouldErr
=== PAUSE TestNode_AddQueryHandlerExistsShouldErr
=== RUN   TestNode_GetQueryHandlerNotExistsShouldErr
=== PAUSE TestNode_GetQueryHandlerNotExistsShouldErr
=== RUN   TestNode_GetQueryHandlerShouldWork
=== PAUSE TestNode_GetQueryHandlerShouldWork
=== RUN   TestNode_GetPeerInfoUnknownPeerShouldErr
=== PAUSE TestNode_GetPeerInfoUnknownPeerShouldErr
=== RUN   TestNode_ShouldWork
=== PAUSE TestNode_ShouldWork
=== RUN   TestNode_ValidateTransactionForSimulation_CheckSignatureFalse
=== PAUSE TestNode_ValidateTransactionForSimulation_CheckSignatureFalse
=== RUN   TestGetKeyValuePairs_CannotDecodeAddress
=== PAUSE TestGetKeyValuePairs_CannotDecodeAddress
=== RUN   TestNode_Close
=== PAUSE TestNode_Close
=== RUN   TestNode_getClosableComponentName
=== PAUSE TestNode_getClosableComponentName
=== RUN   TestNode_GetProofInvalidRootHash
=== PAUSE TestNode_GetProofInvalidRootHash
=== RUN   TestNode_GetProofInvalidKey
=== PAUSE TestNode_GetProofInvalidKey
=== RUN   TestNode_GetProofShouldWork
=== PAUSE TestNode_GetProofShouldWork
=== RUN   TestNode_getProofTrieNotPresent
=== PAUSE TestNode_getProofTrieNotPresent
=== RUN   TestNode_getProofErrWhenComputingProof
=== PAUSE TestNode_getProofErrWhenComputingProof
=== RUN   TestNode_GetProofDataTrieInvalidRootHash
=== PAUSE TestNode_GetProofDataTrieInvalidRootHash
=== RUN   TestNode_GetProofDataTrieInvalidAddress
=== PAUSE TestNode_GetProofDataTrieInvalidAddress
=== RUN   TestNode_GetProofDataTrieInvalidKey
=== PAUSE TestNode_GetProofDataTrieInvalidKey
=== RUN   TestNode_GetProofDataTrieShouldWork
=== PAUSE TestNode_GetProofDataTrieShouldWork
=== RUN   TestNode_VerifyProofInvalidRootHash
=== PAUSE TestNode_VerifyProofInvalidRootHash
=== RUN   TestNode_VerifyProofInvalidAddress
=== PAUSE TestNode_VerifyProofInvalidAddress
=== RUN   TestNode_VerifyProof
=== PAUSE TestNode_VerifyProof
=== RUN   TestNode_IsDataTrieMigrated
=== PAUSE TestNode_IsDataTrieMigrated
=== RUN   TestGetDCDTSupplyError
=== PAUSE TestGetDCDTSupplyError
=== RUN   TestGetDCDTSupply
=== PAUSE TestGetDCDTSupply
=== RUN   TestNode_SendBulkTransactions
=== PAUSE TestNode_SendBulkTransactions
=== RUN   TestNode_GetHeartbeats
=== PAUSE TestNode_GetHeartbeats
=== RUN   TestNode_Getters
=== PAUSE TestNode_Getters
=== RUN   TestNode_GetEpochStartDataAPI
=== PAUSE TestNode_GetEpochStartDataAPI
=== RUN   TestNode_setTxGuardianData
=== PAUSE TestNode_setTxGuardianData
=== RUN   TestNode_GetGuardianData
=== RUN   TestNode_GetGuardianData/error_on_loadUserAccountHandlerByAddress
=== RUN   TestNode_GetGuardianData/error_on_loadUserAccountHandlerByAddress_but_account_is_new
=== RUN   TestNode_GetGuardianData/getPendingAndActiveGuardians_with_error
=== RUN   TestNode_GetGuardianData/one_active
=== RUN   TestNode_GetGuardianData/one_pending
=== RUN   TestNode_GetGuardianData/one_active_and_one_pending
=== RUN   TestNode_GetGuardianData/one_active_and_one_pending_and_account_guarded
--- PASS: TestNode_GetGuardianData (0.00s)
    --- PASS: TestNode_GetGuardianData/error_on_loadUserAccountHandlerByAddress (0.00s)
    --- PASS: TestNode_GetGuardianData/error_on_loadUserAccountHandlerByAddress_but_account_is_new (0.00s)
    --- PASS: TestNode_GetGuardianData/getPendingAndActiveGuardians_with_error (0.00s)
    --- PASS: TestNode_GetGuardianData/one_active (0.00s)
    --- PASS: TestNode_GetGuardianData/one_pending (0.00s)
    --- PASS: TestNode_GetGuardianData/one_active_and_one_pending (0.00s)
    --- PASS: TestNode_GetGuardianData/one_active_and_one_pending_and_account_guarded (0.00s)
=== RUN   TestNode_getPendingAndActiveGuardians
=== RUN   TestNode_getPendingAndActiveGuardians/get_configured_guardians_with_error_should_propagate_error
=== RUN   TestNode_getPendingAndActiveGuardians/no_pending_and_no_active_but_no_error
=== RUN   TestNode_getPendingAndActiveGuardians/one_active
=== RUN   TestNode_getPendingAndActiveGuardians/one_pending
=== RUN   TestNode_getPendingAndActiveGuardians/one_active_one_pending
--- PASS: TestNode_getPendingAndActiveGuardians (0.00s)
    --- PASS: TestNode_getPendingAndActiveGuardians/get_configured_guardians_with_error_should_propagate_error (0.00s)
    --- PASS: TestNode_getPendingAndActiveGuardians/no_pending_and_no_active_but_no_error (0.00s)
    --- PASS: TestNode_getPendingAndActiveGuardians/one_active (0.00s)
    --- PASS: TestNode_getPendingAndActiveGuardians/one_pending (0.00s)
    --- PASS: TestNode_getPendingAndActiveGuardians/one_active_one_pending (0.00s)
=== RUN   TestNode_IsInterfaceNil
=== PAUSE TestNode_IsInterfaceNil
=== CONT  TestApplyArchCustomConfigs
=== RUN   TestApplyArchCustomConfigs/providing_a_configuration_should_not_alter_it
=== PAUSE TestApplyArchCustomConfigs/providing_a_configuration_should_not_alter_it
=== RUN   TestApplyArchCustomConfigs/empty_config_should_return_an_empty_config
=== PAUSE TestApplyArchCustomConfigs/empty_config_should_return_an_empty_config
=== CONT  TestApplyArchCustomConfigs/providing_a_configuration_should_not_alter_it
=== CONT  TestCreateTransaction_ChainIDFieldChecks
=== CONT  TestNode_IsInterfaceNil
--- PASS: TestNode_IsInterfaceNil (0.00s)
=== CONT  TestNode_setTxGuardianData
=== RUN   TestNode_setTxGuardianData/invalid_guardian_address_should_err
=== RUN   TestNode_setTxGuardianData/invalid_guardian_sig_hex_should_err
--- PASS: TestCreateTransaction_ChainIDFieldChecks (0.00s)
=== CONT  TestNode_IsSelfTrigger
=== RUN   TestNode_setTxGuardianData/no_guardian_option_set_on_tx_should_err
--- PASS: TestNode_IsSelfTrigger (0.00s)
=== CONT  TestCreateTransaction_InvalidSignatureShouldErr
--- PASS: TestCreateTransaction_InvalidSignatureShouldErr (0.00s)
=== RUN   TestNode_setTxGuardianData/setTxGuardianData_ok
=== CONT  TestCreateTransaction_NilAddrConverterShouldErr
--- PASS: TestCreateTransaction_NilAddrConverterShouldErr (0.00s)
--- PASS: TestNode_setTxGuardianData (0.00s)
    --- PASS: TestNode_setTxGuardianData/invalid_guardian_address_should_err (0.00s)
    --- PASS: TestNode_setTxGuardianData/invalid_guardian_sig_hex_should_err (0.00s)
    --- PASS: TestNode_setTxGuardianData/no_guardian_option_set_on_tx_should_err (0.00s)
    --- PASS: TestNode_setTxGuardianData/setTxGuardianData_ok (0.00s)
=== CONT  TestGenerateTransaction_ShouldSetCorrectNonce
=== CONT  TestNode_GetEpochStartDataAPI
=== RUN   TestNode_GetEpochStartDataAPI/genesis_block_should_work
=== RUN   TestNode_GetEpochStartDataAPI/should_work_for_metachain
--- PASS: TestGenerateTransaction_ShouldSetCorrectNonce (0.00s)
=== CONT  TestCreateTransaction_NilArgsShouldErr
--- PASS: TestCreateTransaction_NilArgsShouldErr (0.00s)
=== CONT  TestGenerateTransaction_CorrectParamsShouldNotError
--- PASS: TestGenerateTransaction_CorrectParamsShouldNotError (0.00s)
=== CONT  TestGenerateTransaction_ShouldSetCorrectSignature
--- PASS: TestGenerateTransaction_ShouldSetCorrectSignature (0.00s)
=== CONT  TestGenerateTransaction_SignTxErrorsShouldError
--- PASS: TestGenerateTransaction_SignTxErrorsShouldError (0.00s)
=== CONT  TestGenerateTransaction_MarshalErrorsShouldError
--- PASS: TestGenerateTransaction_MarshalErrorsShouldError (0.00s)
=== RUN   TestNode_GetEpochStartDataAPI/should_work_for_shard_chain
=== CONT  TestNode_Getters
--- PASS: TestNode_Getters (0.00s)
=== CONT  TestNode_getProofTrieNotPresent
--- PASS: TestNode_GetEpochStartDataAPI (0.00s)
    --- PASS: TestNode_GetEpochStartDataAPI/genesis_block_should_work (0.00s)
    --- PASS: TestNode_GetEpochStartDataAPI/should_work_for_metachain (0.00s)
    --- PASS: TestNode_GetEpochStartDataAPI/should_work_for_shard_chain (0.00s)
=== CONT  TestNode_GetProofShouldWork
--- PASS: TestNode_getProofTrieNotPresent (0.00s)
=== CONT  TestNode_GetProofInvalidKey
--- PASS: TestNode_GetProofShouldWork (0.00s)
=== CONT  TestNode_GetProofInvalidRootHash
--- PASS: TestNode_GetProofInvalidRootHash (0.00s)
=== CONT  TestNode_Close
--- PASS: TestNode_GetProofInvalidKey (0.00s)
=== CONT  TestNode_getClosableComponentName
--- PASS: TestNode_getClosableComponentName (0.00s)
=== CONT  TestGetKeyValuePairs_CannotDecodeAddress
--- PASS: TestGetKeyValuePairs_CannotDecodeAddress (0.00s)
=== CONT  TestNode_ValidateTransactionForSimulation_CheckSignatureFalse
--- PASS: TestNode_ValidateTransactionForSimulation_CheckSignatureFalse (0.00s)
=== CONT  TestNode_ShouldWork
--- PASS: TestNode_ShouldWork (0.00s)
=== CONT  TestNode_GetPeerInfoUnknownPeerShouldErr
--- PASS: TestNode_GetPeerInfoUnknownPeerShouldErr (0.00s)
=== CONT  TestNode_GetQueryHandlerShouldWork
--- PASS: TestNode_GetQueryHandlerShouldWork (0.00s)
=== CONT  TestNode_GetQueryHandlerNotExistsShouldErr
--- PASS: TestNode_GetQueryHandlerNotExistsShouldErr (0.00s)
=== CONT  TestNode_AddQueryHandlerExistsShouldErr
--- PASS: TestNode_AddQueryHandlerExistsShouldErr (0.00s)
=== CONT  TestNode_AddQueryHandlerEmptyNameShouldErr
--- PASS: TestNode_AddQueryHandlerEmptyNameShouldErr (0.00s)
=== CONT  TestNode_AddQueryHandlerNilHandlerShouldErr
--- PASS: TestNode_AddQueryHandlerNilHandlerShouldErr (0.00s)
=== CONT  TestNode_GetAccountPubkeyConverterFailsShouldErr
--- PASS: TestNode_GetAccountPubkeyConverterFailsShouldErr (0.00s)
=== CONT  TestNode_DirectTrigger
--- PASS: TestNode_DirectTrigger (0.00s)
=== CONT  TestNode_DecodeAddressPubkeyWithNilConverterShouldErr
--- PASS: TestNode_DecodeAddressPubkeyWithNilConverterShouldErr (0.00s)
=== CONT  TestNode_EncodeDecodeAddressPubkeyWithNilConverterShouldErr
--- PASS: TestNode_EncodeDecodeAddressPubkeyWithNilConverterShouldErr (0.00s)
=== CONT  TestNode_EncodeDecodeAddressPubkey
--- PASS: TestNode_EncodeDecodeAddressPubkey (0.00s)
=== CONT  TestNode_AppStatusHandlerShouldSetUInt64Value
--- PASS: TestNode_AppStatusHandlerShouldSetUInt64Value (0.00s)
=== CONT  TestNode_AppStatusHandlerShouldSetInt64Value
--- PASS: TestNode_AppStatusHandlerShouldSetInt64Value (0.00s)
=== CONT  TestNode_AppStatusHandlerShouldDecrement
--- PASS: TestNode_AppStatusHandlerShouldDecrement (0.00s)
=== CONT  TestNode_AppStatusHandlersShouldIncrement
--- PASS: TestNode_AppStatusHandlersShouldIncrement (0.00s)
=== CONT  TestNode_GetAccountAccountWithKeysNilDataTrieShouldWork
--- PASS: TestNode_GetAccountAccountWithKeysNilDataTrieShouldWork (0.00s)
=== CONT  TestNode_GetAccountAccountWithKeysNeverUsedAccountShouldWork
[0;31mERROR[0m[2026-03-16 10:13:56.291]   node.castAccountToUserAccount(): unexpected nil account 
--- PASS: TestNode_GetAccountAccountWithKeysNeverUsedAccountShouldWork (0.00s)
=== CONT  TestNode_GetAccountAccountWithKeysShouldWork
--- PASS: TestNode_GetAccountAccountWithKeysShouldWork (0.00s)
=== CONT  TestNode_GetAccountAccountExistsShouldReturn
--- PASS: TestNode_GetAccountAccountExistsShouldReturn (0.00s)
=== CONT  TestNode_GetAccountAccNotFoundShouldReturnEmpty
--- PASS: TestNode_GetAccountAccNotFoundShouldReturnEmpty (0.00s)
=== CONT  TestNode_GetAccountAccountsRepositoryFailsShouldErr
--- PASS: TestNode_GetAccountAccountsRepositoryFailsShouldErr (0.00s)
=== CONT  TestNode_GetAccountAccountDoesNotExistsShouldRetEmpty
--- PASS: TestNode_GetAccountAccountDoesNotExistsShouldRetEmpty (0.00s)
=== CONT  TestNode_GetCodeHashAccNotFoundShouldReturnEmpty
=== CONT  TestNode_SendBulkTransactions
=== CONT  TestGetDCDTSupply
=== CONT  TestGetDCDTSupplyError
=== CONT  TestNode_IsDataTrieMigrated
=== CONT  TestNode_VerifyProof
=== CONT  TestNode_VerifyProofInvalidAddress
=== CONT  TestNode_VerifyProofInvalidRootHash
=== CONT  TestNode_GetProofDataTrieShouldWork
=== CONT  TestNode_GetProofDataTrieInvalidKey
=== CONT  TestNode_GetProofDataTrieInvalidAddress
=== CONT  TestNode_GetProofDataTrieInvalidRootHash
=== CONT  TestNode_getProofErrWhenComputingProof
=== CONT  TestCreateTransaction_NilAccountsAdapterShouldErr
=== CONT  TestNode_GetHeartbeats
--- PASS: TestNode_GetHeartbeats (0.00s)
=== CONT  TestGenerateTransaction_GetExistingAccountShouldWork
--- PASS: TestGenerateTransaction_GetExistingAccountShouldWork (0.00s)
=== CONT  TestGenerateTransaction_GetAccountReturnsNilShouldWork
--- PASS: TestGenerateTransaction_GetAccountReturnsNilShouldWork (0.00s)
=== CONT  TestGenerateTransaction_GetAccountFailsShouldError
--- PASS: TestGenerateTransaction_GetAccountFailsShouldError (0.00s)
=== CONT  TestGenerateTransaction_CreateAddressFailsShouldError
--- PASS: TestGenerateTransaction_CreateAddressFailsShouldError (0.00s)
=== CONT  TestGenerateTransaction_NoPrivateKeyShouldError
--- PASS: TestGenerateTransaction_NoPrivateKeyShouldError (0.00s)
=== CONT  TestGenerateTransaction_NoAccAdapterShouldError
--- PASS: TestNode_VerifyProofInvalidAddress (0.00s)
--- PASS: TestNode_GetProofDataTrieShouldWork (0.00s)
--- PASS: TestNode_GetProofDataTrieInvalidKey (0.00s)
=== CONT  TestNode_GetNFTTokenIDsRegisteredByAddress
=== CONT  TestNode_GetDCDTsRoles
=== CONT  TestNode_GetAllIssuedDCDTs
=== CONT  TestNode_GetDCDTsWithRole
=== CONT  TestGenerateTransaction_NoAddrConverterShouldError
=== RUN   TestNode_IsDataTrieMigrated/invalid_address
=== CONT  TestNode_GetNFTTokenIDsRegisteredByAddressContextShouldTimeout
=== CONT  TestNode_GetAllDCDTTokensShouldReturnDcdtAndFormattedNft
=== CONT  TestNode_GetAllDCDTsAccNotFoundShouldReturnEmpty
=== CONT  TestNode_GetAllDCDTTokens_GetAllLeavesShouldFail
=== PAUSE TestNode_IsDataTrieMigrated/invalid_address
=== RUN   TestNode_IsDataTrieMigrated/load_account_err
=== PAUSE TestNode_IsDataTrieMigrated/load_account_err
=== RUN   TestNode_IsDataTrieMigrated/wrong_type_assertion
=== CONT  TestNode_GetDCDTData
=== PAUSE TestNode_IsDataTrieMigrated/wrong_type_assertion
=== CONT  TestNode_GetAllDCDTTokens
--- PASS: TestGetDCDTSupply (0.00s)
--- PASS: TestNode_GetCodeHashAccNotFoundShouldReturnEmpty (0.00s)
--- PASS: TestGetDCDTSupplyError (0.00s)
=== CONT  TestNode_GetValueForKey
=== CONT  TestNode_GetValueForKeyAccNotFoundShouldReturnEmpty
=== CONT  TestNode_GetKeyValuePairsContextShouldTimeout
=== CONT  TestNode_GetKeyValuePairs_GetAllLeavesShouldFail
=== CONT  TestNode_GetKeyValuePairs
=== CONT  TestNode_GetAllDCDTTokensContextShouldTimeout
=== CONT  TestNode_GetKeyValuePairsAccNotFoundShouldReturnEmpty
=== CONT  TestGetCodeHash
=== CONT  TestCreateTransaction_InvalidGuardianSigShouldErr
=== CONT  TestNode_ValidatorStatisticsApi
=== CONT  TestValidateTransaction_ShouldAdaptAccountNotFoundError
=== CONT  TestCreateTransaction_TxSignedWithHashNoEnabledShouldErr
=== CONT  TestCreateTransaction_TxSignedWithHashShouldErrVersionShoudBe2
=== CONT  TestCreateTransaction_OkValsShouldWork
=== RUN   TestValidateTransaction_ShouldAdaptAccountNotFoundError/normal_tx
=== CONT  TestCreateTransaction_InvalidGuardianAddressLenShouldErr
=== CONT  TestCreateTransaction_AddressPubKeyConverterDecode
=== RUN   TestCreateTransaction_AddressPubKeyConverterDecode/fail_to_decode_receiver
=== CONT  TestCreateTransaction_TooBigSenderUsernameShouldErr
=== PAUSE TestCreateTransaction_AddressPubKeyConverterDecode/fail_to_decode_receiver
=== RUN   TestCreateTransaction_AddressPubKeyConverterDecode/fail_to_decode_sender
=== CONT  TestCreateTransaction_DataFieldSizeExceedsMaxShouldErr
=== CONT  TestNode_GetDCDTDataForNFT
--- PASS: TestCreateTransaction_NilAccountsAdapterShouldErr (0.00s)
=== CONT  TestCreateTransaction_TooBigReceiverUsernameShouldErr
--- PASS: TestNode_GetProofDataTrieInvalidRootHash (0.00s)
--- PASS: TestCreateTransaction_TooBigReceiverUsernameShouldErr (0.00s)
=== CONT  TestCreateTransaction_TooLargeValueFieldShouldErr
--- PASS: TestCreateTransaction_TooLargeValueFieldShouldErr (0.00s)
=== CONT  TestGetUsername
--- PASS: TestGetUsername (0.00s)
=== CONT  TestGetBalance
--- PASS: TestGetBalance (0.00s)
=== CONT  TestNode_GetBalanceAccNotFoundShouldReturnEmpty
--- PASS: TestNode_GetBalanceAccNotFoundShouldReturnEmpty (0.00s)
=== CONT  TestGetBalance_AccountNotFoundShouldReturnZeroBalance
[0;31mERROR[0m[2026-03-16 10:13:56.294]   node.castAccountToUserAccount(): unexpected nil account 
--- PASS: TestGetBalance_AccountNotFoundShouldReturnZeroBalance (0.00s)
=== CONT  TestGetBalance_GetAccountFailsShouldError
--- PASS: TestGetBalance_GetAccountFailsShouldError (0.00s)
=== CONT  TestNewNode_ApplyNilOptionShouldError
--- PASS: TestNewNode_ApplyNilOptionShouldError (0.00s)
=== CONT  TestNewNode_NilOptionShouldError
--- PASS: TestNewNode_NilOptionShouldError (0.00s)
=== CONT  TestNode_GetCodeWithOptionsShouldWork
--- PASS: TestNode_GetCodeWithOptionsShouldWork (0.00s)
=== CONT  TestNode_GetAccountWithOptionsShouldWork
--- PASS: TestNode_GetAccountWithOptionsShouldWork (0.00s)
=== CONT  TestWithDCDTNFTStorageHandler
=== RUN   TestWithDCDTNFTStorageHandler/nil_dcdt_nft_storage,_should_error
=== PAUSE TestWithDCDTNFTStorageHandler/nil_dcdt_nft_storage,_should_error
=== CONT  TestWithSignTxWithHashEpoch_EnableSignTxWithHashEpochShouldWork
=== CONT  TestNode_GetDCDTDataAccNotFoundShouldReturnEmpty
=== CONT  TestWithNodeStopChannel_OkNodeStopChannelShouldWork
=== CONT  TestWithNodeStopChannel_NilNodeStopChannelShouldErr
=== CONT  TestWithPublicKeySize
=== CONT  TestCreateTransaction_SenderLengthChecks
=== CONT  TestCreateTransaction_ReceiverLengthChecks
=== CONT  TestCreateTransaction_SignatureLengthChecks
=== RUN   TestNode_IsDataTrieMigrated/should_work_and_return_false
=== PAUSE TestNode_IsDataTrieMigrated/should_work_and_return_false
=== RUN   TestNode_IsDataTrieMigrated/should_work_and_return_true
=== PAUSE TestNode_IsDataTrieMigrated/should_work_and_return_true
=== PAUSE TestCreateTransaction_AddressPubKeyConverterDecode/fail_to_decode_sender
=== CONT  TestWithValidatorSignatureSize
=== CONT  TestWithPeerDenialEvaluator_NilBlackListHandlerShouldErr
=== CONT  TestWithBootstrapRoundIndex
=== CONT  TestWithRequestedItemsHandler_OkRequestedItemsHandlerShouldWork
=== CONT  TestWithRequestedItemsHandler_NilRequestedItemsHandlerShouldErr
=== CONT  TestCreateTransaction_SenderShardIdIsInDifferentShardShouldNotValidate
=== CONT  TestWithPublicKey
=== CONT  TestWithGenesisTime
=== CONT  TestWithRoundDuration_ShouldWork
=== CONT  TestWithRoundDuration_ZeroDurationShouldErr
=== CONT  TestApplyArchCustomConfigs/empty_config_should_return_an_empty_config
=== CONT  TestWithInitialNodesPubKeys
=== CONT  TestCreateTransaction_InvalidTxVersionShouldErr
=== CONT  TestNode_IsDataTrieMigrated/invalid_address
=== CONT  TestCreateTransaction_AddressPubKeyConverterDecode/fail_to_decode_receiver
--- PASS: TestNode_GetAllIssuedDCDTs (0.00s)
--- PASS: TestWithSignTxWithHashEpoch_EnableSignTxWithHashEpochShouldWork (0.00s)
--- PASS: TestNode_GetProofDataTrieInvalidAddress (0.00s)
--- PASS: TestGenerateTransaction_NoAccAdapterShouldError (0.00s)
--- PASS: TestApplyArchCustomConfigs (0.00s)
    --- PASS: TestApplyArchCustomConfigs/providing_a_configuration_should_not_alter_it (0.00s)
    --- PASS: TestApplyArchCustomConfigs/empty_config_should_return_an_empty_config (0.00s)
=== CONT  TestWithConsensusBls_ShouldWork
=== CONT  TestWithAddressSignatureSize
--- PASS: TestWithConsensusBls_ShouldWork (0.00s)
--- PASS: TestWithAddressSignatureSize (0.00s)
=== CONT  TestNode_IsDataTrieMigrated/should_work_and_return_true
=== CONT  TestNode_IsDataTrieMigrated/should_work_and_return_false
=== CONT  TestNode_IsDataTrieMigrated/wrong_type_assertion
=== CONT  TestNode_IsDataTrieMigrated/load_account_err
=== RUN   TestWithDCDTNFTStorageHandler/should_work
=== PAUSE TestWithDCDTNFTStorageHandler/should_work
=== CONT  TestWithDCDTNFTStorageHandler/nil_dcdt_nft_storage,_should_error
=== CONT  TestWithPeerDenialEvaluator_OkHandlerShouldWork
--- PASS: TestWithPeerDenialEvaluator_OkHandlerShouldWork (0.00s)
=== CONT  TestCreateTransaction_AddressPubKeyConverterDecode/fail_to_decode_sender
--- PASS: TestNode_SendBulkTransactions (0.00s)
--- PASS: TestNode_VerifyProofInvalidRootHash (0.00s)
--- PASS: TestNode_getProofErrWhenComputingProof (0.00s)
--- PASS: TestNode_GetDCDTData (0.00s)
--- PASS: TestNode_GetAllDCDTTokens_GetAllLeavesShouldFail (0.00s)
--- PASS: TestNode_GetValueForKey (0.00s)
--- PASS: TestNode_GetValueForKeyAccNotFoundShouldReturnEmpty (0.00s)
--- PASS: TestNode_GetAllDCDTTokens (0.00s)
--- PASS: TestNode_GetKeyValuePairs_GetAllLeavesShouldFail (0.00s)
--- PASS: TestNode_GetKeyValuePairsAccNotFoundShouldReturnEmpty (0.00s)
--- PASS: TestNode_GetKeyValuePairs (0.00s)
--- PASS: TestGetCodeHash (0.00s)
--- PASS: TestCreateTransaction_InvalidGuardianSigShouldErr (0.00s)
--- PASS: TestNode_GetNFTTokenIDsRegisteredByAddress (0.00s)
--- PASS: TestNode_ValidatorStatisticsApi (0.00s)
--- PASS: TestCreateTransaction_TxSignedWithHashNoEnabledShouldErr (0.00s)
--- PASS: TestCreateTransaction_TxSignedWithHashShouldErrVersionShoudBe2 (0.00s)
--- PASS: TestCreateTransaction_InvalidGuardianAddressLenShouldErr (0.00s)
--- PASS: TestCreateTransaction_TooBigSenderUsernameShouldErr (0.00s)
--- PASS: TestNode_GetDCDTsWithRole (0.00s)
=== RUN   TestValidateTransaction_ShouldAdaptAccountNotFoundError/relayed_tx_v3,_no_funds_for_sender
=== RUN   TestValidateTransaction_ShouldAdaptAccountNotFoundError/relayed_tx_v3,_no_funds_for_relayer
--- PASS: TestValidateTransaction_ShouldAdaptAccountNotFoundError (0.00s)
    --- PASS: TestValidateTransaction_ShouldAdaptAccountNotFoundError/normal_tx (0.00s)
    --- PASS: TestValidateTransaction_ShouldAdaptAccountNotFoundError/relayed_tx_v3,_no_funds_for_sender (0.00s)
    --- PASS: TestValidateTransaction_ShouldAdaptAccountNotFoundError/relayed_tx_v3,_no_funds_for_relayer (0.00s)
--- PASS: TestWithNodeStopChannel_OkNodeStopChannelShouldWork (0.00s)
--- PASS: TestWithNodeStopChannel_NilNodeStopChannelShouldErr (0.00s)
--- PASS: TestNode_GetDCDTDataAccNotFoundShouldReturnEmpty (0.00s)
--- PASS: TestWithPublicKeySize (0.00s)
--- PASS: TestCreateTransaction_ReceiverLengthChecks (0.00s)
--- PASS: TestCreateTransaction_SenderLengthChecks (0.00s)
--- PASS: TestWithValidatorSignatureSize (0.00s)
--- PASS: TestWithPeerDenialEvaluator_NilBlackListHandlerShouldErr (0.00s)
--- PASS: TestWithBootstrapRoundIndex (0.00s)
--- PASS: TestCreateTransaction_SignatureLengthChecks (0.00s)
--- PASS: TestCreateTransaction_DataFieldSizeExceedsMaxShouldErr (0.00s)
--- PASS: TestWithRequestedItemsHandler_NilRequestedItemsHandlerShouldErr (0.00s)
--- PASS: TestWithRequestedItemsHandler_OkRequestedItemsHandlerShouldWork (0.00s)
--- PASS: TestWithPublicKey (0.00s)
--- PASS: TestWithGenesisTime (0.00s)
--- PASS: TestWithRoundDuration_ShouldWork (0.00s)
--- PASS: TestWithRoundDuration_ZeroDurationShouldErr (0.00s)
--- PASS: TestCreateTransaction_SenderShardIdIsInDifferentShardShouldNotValidate (0.00s)
--- PASS: TestWithInitialNodesPubKeys (0.00s)
=== CONT  TestWithDCDTNFTStorageHandler/should_work
--- PASS: TestNode_GetAllDCDTTokensShouldReturnDcdtAndFormattedNft (0.00s)
--- PASS: TestWithDCDTNFTStorageHandler (0.00s)
    --- PASS: TestWithDCDTNFTStorageHandler/nil_dcdt_nft_storage,_should_error (0.00s)
    --- PASS: TestWithDCDTNFTStorageHandler/should_work (0.00s)
--- PASS: TestCreateTransaction_InvalidTxVersionShouldErr (0.00s)
--- PASS: TestNode_IsDataTrieMigrated (0.00s)
    --- PASS: TestNode_IsDataTrieMigrated/invalid_address (0.00s)
    --- PASS: TestNode_IsDataTrieMigrated/should_work_and_return_true (0.00s)
    --- PASS: TestNode_IsDataTrieMigrated/should_work_and_return_false (0.00s)
    --- PASS: TestNode_IsDataTrieMigrated/wrong_type_assertion (0.00s)
    --- PASS: TestNode_IsDataTrieMigrated/load_account_err (0.00s)
--- PASS: TestCreateTransaction_AddressPubKeyConverterDecode (0.00s)
    --- PASS: TestCreateTransaction_AddressPubKeyConverterDecode/fail_to_decode_receiver (0.00s)
    --- PASS: TestCreateTransaction_AddressPubKeyConverterDecode/fail_to_decode_sender (0.00s)
--- PASS: TestNode_GetAllDCDTsAccNotFoundShouldReturnEmpty (0.00s)
--- PASS: TestNode_GetDCDTDataForNFT (0.00s)
--- PASS: TestNode_VerifyProof (0.00s)
--- PASS: TestGenerateTransaction_NoAddrConverterShouldError (0.00s)
--- PASS: TestCreateTransaction_OkValsShouldWork (0.00s)
--- PASS: TestNode_GetDCDTsRoles (0.00s)
--- PASS: TestNode_GetAllDCDTTokensContextShouldTimeout (1.00s)
--- PASS: TestNode_GetKeyValuePairsContextShouldTimeout (1.00s)
--- PASS: TestNode_GetNFTTokenIDsRegisteredByAddressContextShouldTimeout (1.00s)
--- PASS: TestNode_Close (5.00s)
PASS
ok  	github.com/TerraDharitri/drt-go-chain/node	(cached)
=== RUN   TestNewChainSimulator
    chainSimulator_test.go:27: this is not a short test
--- SKIP: TestNewChainSimulator (0.00s)
=== RUN   TestChainSimulator_GenerateBlocksShouldWork
    chainSimulator_test.go:65: this is not a short test
--- SKIP: TestChainSimulator_GenerateBlocksShouldWork (0.00s)
=== RUN   TestChainSimulator_GenerateBlocksAndEpochChangeShouldWork
    chainSimulator_test.go:111: this is not a short test
--- SKIP: TestChainSimulator_GenerateBlocksAndEpochChangeShouldWork (0.00s)
=== RUN   TestSimulator_TriggerChangeOfEpoch
    chainSimulator_test.go:168: this is not a short test
--- SKIP: TestSimulator_TriggerChangeOfEpoch (0.00s)
=== RUN   TestChainSimulator_SetState
    chainSimulator_test.go:213: this is not a short test
--- SKIP: TestChainSimulator_SetState (0.00s)
=== RUN   TestChainSimulator_SetEntireState
    chainSimulator_test.go:244: this is not a short test
--- SKIP: TestChainSimulator_SetEntireState (0.00s)
=== RUN   TestChainSimulator_SetEntireStateWithRemoval
    chainSimulator_test.go:292: this is not a short test
--- SKIP: TestChainSimulator_SetEntireStateWithRemoval (0.00s)
=== RUN   TestChainSimulator_GetAccount
    chainSimulator_test.go:339: this is not a short test
--- SKIP: TestChainSimulator_GetAccount (0.00s)
=== RUN   TestSimulator_SendTransactions
    chainSimulator_test.go:373: this is not a short test
--- SKIP: TestSimulator_SendTransactions (0.00s)
=== RUN   TestSimulator_SentMoveBalanceNoGasForFee
    chainSimulator_test.go:404: this is not a short test
--- SKIP: TestSimulator_SentMoveBalanceNoGasForFee (0.00s)
=== RUN   TestNewChainSimulatorFacade
=== PAUSE TestNewChainSimulatorFacade
=== RUN   TestChainSimulatorFacade_GetExistingAccountFromBech32AddressString
=== PAUSE TestChainSimulatorFacade_GetExistingAccountFromBech32AddressString
=== CONT  TestNewChainSimulatorFacade
=== RUN   TestNewChainSimulatorFacade/should_work
=== PAUSE TestNewChainSimulatorFacade/should_work
=== RUN   TestNewChainSimulatorFacade/nil_chain_simulator_should_error
=== PAUSE TestNewChainSimulatorFacade/nil_chain_simulator_should_error
=== RUN   TestNewChainSimulatorFacade/nil_node_handler_returned_by_chain_simulator_should_error
=== PAUSE TestNewChainSimulatorFacade/nil_node_handler_returned_by_chain_simulator_should_error
=== CONT  TestNewChainSimulatorFacade/should_work
=== CONT  TestChainSimulatorFacade_GetExistingAccountFromBech32AddressString
=== RUN   TestChainSimulatorFacade_GetExistingAccountFromBech32AddressString/address_decode_failure_should_error
=== PAUSE TestChainSimulatorFacade_GetExistingAccountFromBech32AddressString/address_decode_failure_should_error
=== RUN   TestChainSimulatorFacade_GetExistingAccountFromBech32AddressString/nil_shard_node_should_error
=== PAUSE TestChainSimulatorFacade_GetExistingAccountFromBech32AddressString/nil_shard_node_should_error
=== RUN   TestChainSimulatorFacade_GetExistingAccountFromBech32AddressString/shard_node_GetExistingAccount_should_error
=== PAUSE TestChainSimulatorFacade_GetExistingAccountFromBech32AddressString/shard_node_GetExistingAccount_should_error
=== RUN   TestChainSimulatorFacade_GetExistingAccountFromBech32AddressString/should_work
=== PAUSE TestChainSimulatorFacade_GetExistingAccountFromBech32AddressString/should_work
=== CONT  TestChainSimulatorFacade_GetExistingAccountFromBech32AddressString/address_decode_failure_should_error
=== CONT  TestNewChainSimulatorFacade/nil_node_handler_returned_by_chain_simulator_should_error
=== CONT  TestNewChainSimulatorFacade/nil_chain_simulator_should_error
--- PASS: TestNewChainSimulatorFacade (0.00s)
    --- PASS: TestNewChainSimulatorFacade/should_work (0.00s)
    --- PASS: TestNewChainSimulatorFacade/nil_node_handler_returned_by_chain_simulator_should_error (0.00s)
    --- PASS: TestNewChainSimulatorFacade/nil_chain_simulator_should_error (0.00s)
=== CONT  TestChainSimulatorFacade_GetExistingAccountFromBech32AddressString/should_work
=== CONT  TestChainSimulatorFacade_GetExistingAccountFromBech32AddressString/shard_node_GetExistingAccount_should_error
=== CONT  TestChainSimulatorFacade_GetExistingAccountFromBech32AddressString/nil_shard_node_should_error
--- PASS: TestChainSimulatorFacade_GetExistingAccountFromBech32AddressString (0.00s)
    --- PASS: TestChainSimulatorFacade_GetExistingAccountFromBech32AddressString/address_decode_failure_should_error (0.00s)
    --- PASS: TestChainSimulatorFacade_GetExistingAccountFromBech32AddressString/should_work (0.00s)
    --- PASS: TestChainSimulatorFacade_GetExistingAccountFromBech32AddressString/shard_node_GetExistingAccount_should_error (0.00s)
    --- PASS: TestChainSimulatorFacade_GetExistingAccountFromBech32AddressString/nil_shard_node_should_error (0.00s)
PASS
ok  	github.com/TerraDharitri/drt-go-chain/node/chainSimulator	(cached)
=== RUN   TestCreateBootstrapComponents
=== PAUSE TestCreateBootstrapComponents
=== RUN   TestBootstrapComponentsHolder_IsInterfaceNil
=== PAUSE TestBootstrapComponentsHolder_IsInterfaceNil
=== RUN   TestBootstrapComponentsHolder_Getters
=== PAUSE TestBootstrapComponentsHolder_Getters
=== RUN   TestCloseHandler
=== PAUSE TestCloseHandler
=== RUN   TestCreateCoreComponents
=== PAUSE TestCreateCoreComponents
=== RUN   TestCoreComponentsHolder_IsInterfaceNil
=== PAUSE TestCoreComponentsHolder_IsInterfaceNil
=== RUN   TestCoreComponents_GettersSetters
=== PAUSE TestCoreComponents_GettersSetters
=== RUN   TestCreateCryptoComponents
=== PAUSE TestCreateCryptoComponents
=== RUN   TestCryptoComponentsHolder_IsInterfaceNil
=== PAUSE TestCryptoComponentsHolder_IsInterfaceNil
=== RUN   TestCryptoComponentsHolder_GettersSetters
=== PAUSE TestCryptoComponentsHolder_GettersSetters
=== RUN   TestCryptoComponentsHolder_Clone
=== PAUSE TestCryptoComponentsHolder_Clone
=== RUN   TestCreateDataComponents
=== PAUSE TestCreateDataComponents
=== RUN   TestDataComponentsHolder_IsInterfaceNil
=== PAUSE TestDataComponentsHolder_IsInterfaceNil
=== RUN   TestDataComponentsHolder_Getters
=== PAUSE TestDataComponentsHolder_Getters
=== RUN   TestDataComponentsHolder_Clone
=== PAUSE TestDataComponentsHolder_Clone
=== RUN   TestNewInstantBroadcastMessenger
=== PAUSE TestNewInstantBroadcastMessenger
=== RUN   TestInstantBroadcastMessenger_IsInterfaceNil
=== PAUSE TestInstantBroadcastMessenger_IsInterfaceNil
=== RUN   TestInstantBroadcastMessenger_BroadcastBlockDataLeader
=== PAUSE TestInstantBroadcastMessenger_BroadcastBlockDataLeader
=== RUN   TestNewManualRoundHandler
=== PAUSE TestNewManualRoundHandler
=== RUN   TestManualRoundHandler_IsInterfaceNil
=== PAUSE TestManualRoundHandler_IsInterfaceNil
=== RUN   TestManualRoundHandler_Operations
=== PAUSE TestManualRoundHandler_Operations
=== RUN   TestCreateMemUnitForTries
=== PAUSE TestCreateMemUnitForTries
=== RUN   TestCreateNetworkComponents
=== PAUSE TestCreateNetworkComponents
=== RUN   TestNetworkComponentsHolder_IsInterfaceNil
=== PAUSE TestNetworkComponentsHolder_IsInterfaceNil
=== RUN   TestNetworkComponentsHolder_Getters
=== PAUSE TestNetworkComponentsHolder_Getters
=== RUN   TestCreateProcessComponents
    processComponents_test.go:247: this is not a short test
--- SKIP: TestCreateProcessComponents (0.00s)
=== RUN   TestProcessComponentsHolder_IsInterfaceNil
    processComponents_test.go:357: this is not a short test
--- SKIP: TestProcessComponentsHolder_IsInterfaceNil (0.00s)
=== RUN   TestProcessComponentsHolder_Getters
    processComponents_test.go:370: this is not a short test
--- SKIP: TestProcessComponentsHolder_Getters (0.00s)
=== RUN   TestCreateStateComponents
=== PAUSE TestCreateStateComponents
=== RUN   TestStateComponentsHolder_IsInterfaceNil
=== PAUSE TestStateComponentsHolder_IsInterfaceNil
=== RUN   TestStateComponentsHolder_Getters
=== PAUSE TestStateComponentsHolder_Getters
=== RUN   TestCreateStatusComponents
=== PAUSE TestCreateStatusComponents
=== RUN   TestStatusComponentsHolder_IsInterfaceNil
=== PAUSE TestStatusComponentsHolder_IsInterfaceNil
=== RUN   TestStatusComponentsHolder_Getters
=== PAUSE TestStatusComponentsHolder_Getters
=== RUN   TestStatusComponentsHolder_SetForkDetector
=== PAUSE TestStatusComponentsHolder_SetForkDetector
=== RUN   TestStatusComponentsHolder_StartPolling
=== PAUSE TestStatusComponentsHolder_StartPolling
=== RUN   TestCreateStatusCoreComponents
=== PAUSE TestCreateStatusCoreComponents
=== RUN   TestStatusCoreComponentsHolder_IsInterfaceNil
=== PAUSE TestStatusCoreComponentsHolder_IsInterfaceNil
=== RUN   TestStatusCoreComponentsHolder_Getters
=== PAUSE TestStatusCoreComponentsHolder_Getters
=== RUN   TestCreateStore
=== PAUSE TestCreateStore
=== RUN   TestSyncedBroadcastNetwork_BroadcastShouldWorkOn3Peers
=== PAUSE TestSyncedBroadcastNetwork_BroadcastShouldWorkOn3Peers
=== RUN   TestSyncedBroadcastNetwork_BroadcastOnAnUnjoinedTopicShouldDiscardMessage
=== PAUSE TestSyncedBroadcastNetwork_BroadcastOnAnUnjoinedTopicShouldDiscardMessage
=== RUN   TestSyncedBroadcastNetwork_SendDirectlyShouldWorkBetween2peers
=== PAUSE TestSyncedBroadcastNetwork_SendDirectlyShouldWorkBetween2peers
=== RUN   TestSyncedBroadcastNetwork_SendDirectlyToSelfShouldWork
=== PAUSE TestSyncedBroadcastNetwork_SendDirectlyToSelfShouldWork
=== RUN   TestSyncedBroadcastNetwork_SendDirectlyShouldNotDeadlock
=== PAUSE TestSyncedBroadcastNetwork_SendDirectlyShouldNotDeadlock
=== RUN   TestSyncedBroadcastNetwork_ConnectedPeersAndAddresses
=== PAUSE TestSyncedBroadcastNetwork_ConnectedPeersAndAddresses
=== RUN   TestSyncedBroadcastNetwork_GetConnectedPeersOnTopic
=== PAUSE TestSyncedBroadcastNetwork_GetConnectedPeersOnTopic
=== RUN   TestNewSyncedMessenger
=== PAUSE TestNewSyncedMessenger
=== RUN   TestSyncedMessenger_IsInterfaceNil
=== PAUSE TestSyncedMessenger_IsInterfaceNil
=== RUN   TestSyncedMessenger_DisabledMethodsShouldNotPanic
=== PAUSE TestSyncedMessenger_DisabledMethodsShouldNotPanic
=== RUN   TestSyncedMessenger_RegisterMessageProcessor
=== PAUSE TestSyncedMessenger_RegisterMessageProcessor
=== RUN   TestSyncedMessenger_UnregisterAllMessageProcessors
=== PAUSE TestSyncedMessenger_UnregisterAllMessageProcessors
=== RUN   TestSyncedMessenger_UnregisterMessageProcessor
=== PAUSE TestSyncedMessenger_UnregisterMessageProcessor
=== RUN   TestSyncedMessenger_UnJoinAllTopics
=== PAUSE TestSyncedMessenger_UnJoinAllTopics
=== RUN   TestNewSyncedTxsSender
=== PAUSE TestNewSyncedTxsSender
=== RUN   TestSyncedTxsSender_IsInterfaceNil
=== PAUSE TestSyncedTxsSender_IsInterfaceNil
=== RUN   TestSyncedTxsSender_Close
=== PAUSE TestSyncedTxsSender_Close
=== RUN   TestSyncedTxsSender_SendBulkTransactions
=== PAUSE TestSyncedTxsSender_SendBulkTransactions
=== RUN   TestNewTestOnlyProcessingNode
    testOnlyProcessingNode_test.go:61: this is not a short test
--- SKIP: TestNewTestOnlyProcessingNode (0.00s)
=== RUN   TestTestOnlyProcessingNode_SetKeyValueForAddress
    testOnlyProcessingNode_test.go:151: this is not a short test
--- SKIP: TestTestOnlyProcessingNode_SetKeyValueForAddress (0.00s)
=== RUN   TestTestOnlyProcessingNode_SetStateForAddress
    testOnlyProcessingNode_test.go:262: this is not a short test
--- SKIP: TestTestOnlyProcessingNode_SetStateForAddress (0.00s)
=== RUN   TestTestOnlyProcessingNode_IsInterfaceNil
    testOnlyProcessingNode_test.go:428: this is not a short test
--- SKIP: TestTestOnlyProcessingNode_IsInterfaceNil (0.00s)
=== RUN   TestTestOnlyProcessingNode_Close
    testOnlyProcessingNode_test.go:440: this is not a short test
--- SKIP: TestTestOnlyProcessingNode_Close (0.00s)
=== RUN   TestTestOnlyProcessingNode_Getters
    testOnlyProcessingNode_test.go:451: this is not a short test
--- SKIP: TestTestOnlyProcessingNode_Getters (0.00s)
=== CONT  TestCreateBootstrapComponents
=== CONT  TestCreateStatusComponents
=== RUN   TestCreateBootstrapComponents/should_work
=== RUN   TestCreateStatusComponents/should_work
=== PAUSE TestCreateBootstrapComponents/should_work
=== PAUSE TestCreateStatusComponents/should_work
=== CONT  TestCreateMemUnitForTries
=== RUN   TestCreateStatusComponents/nil_app_status_handler_should_error
=== PAUSE TestCreateStatusComponents/nil_app_status_handler_should_error
=== CONT  TestCreateStatusComponents/should_work
=== CONT  TestSyncedTxsSender_SendBulkTransactions
--- PASS: TestCreateMemUnitForTries (0.00s)
=== CONT  TestManualRoundHandler_Operations
--- PASS: TestManualRoundHandler_Operations (0.00s)
=== CONT  TestManualRoundHandler_IsInterfaceNil
--- PASS: TestManualRoundHandler_IsInterfaceNil (0.00s)
=== CONT  TestNewManualRoundHandler
--- PASS: TestNewManualRoundHandler (0.00s)
=== CONT  TestInstantBroadcastMessenger_BroadcastBlockDataLeader
=== RUN   TestInstantBroadcastMessenger_BroadcastBlockDataLeader/meta_should_work
=== PAUSE TestInstantBroadcastMessenger_BroadcastBlockDataLeader/meta_should_work
=== RUN   TestInstantBroadcastMessenger_BroadcastBlockDataLeader/shard_should_work
=== PAUSE TestInstantBroadcastMessenger_BroadcastBlockDataLeader/shard_should_work
=== CONT  TestCryptoComponentsHolder_GettersSetters
=== CONT  TestDataComponentsHolder_Getters
=== CONT  TestDataComponentsHolder_IsInterfaceNil
=== CONT  TestNewInstantBroadcastMessenger
=== RUN   TestSyncedTxsSender_SendBulkTransactions/no_transactions_provided_should_error
=== CONT  TestCryptoComponentsHolder_Clone
=== RUN   TestCreateBootstrapComponents/NewBootstrapComponentsFactory_failure_should_error
=== CONT  TestInstantBroadcastMessenger_IsInterfaceNil
=== CONT  TestCreateDataComponents
=== CONT  TestStateComponentsHolder_Getters
=== CONT  TestStateComponentsHolder_IsInterfaceNil
=== CONT  TestCreateStateComponents
=== CONT  TestNetworkComponentsHolder_Getters
=== CONT  TestNetworkComponentsHolder_IsInterfaceNil
[0;32mINFO [0m[2026-03-16 10:13:56.220]   the node is running in single-key mode! Will generate a fresh new BLS key 
--- PASS: TestDataComponentsHolder_Getters (0.00s)
=== CONT  TestDataComponentsHolder_Clone
--- PASS: TestDataComponentsHolder_Clone (0.00s)
=== CONT  TestSyncedBroadcastNetwork_SendDirectlyShouldWorkBetween2peers
--- PASS: TestDataComponentsHolder_IsInterfaceNil (0.00s)
=== CONT  TestCoreComponentsHolder_IsInterfaceNil
--- PASS: TestCoreComponentsHolder_IsInterfaceNil (0.00s)
=== CONT  TestSyncedBroadcastNetwork_BroadcastOnAnUnjoinedTopicShouldDiscardMessage
=== PAUSE TestSyncedTxsSender_SendBulkTransactions/no_transactions_provided_should_error
[0;32mINFO [0m[2026-03-16 10:13:56.221]   the node is running in single-key mode! Will generate a fresh new BLS key 
=== PAUSE TestCreateBootstrapComponents/NewBootstrapComponentsFactory_failure_should_error
--- PASS: TestInstantBroadcastMessenger_IsInterfaceNil (0.00s)
=== CONT  TestCryptoComponentsHolder_IsInterfaceNil
[0;32mINFO [0m[2026-03-16 10:13:56.221]   the node is running in single-key mode! Will generate a fresh new BLS key 
--- PASS: TestStateComponentsHolder_Getters (0.00s)
=== CONT  TestCreateCryptoComponents
--- PASS: TestStateComponentsHolder_IsInterfaceNil (0.00s)
=== CONT  TestSyncedBroadcastNetwork_BroadcastShouldWorkOn3Peers
=== RUN   TestInstantBroadcastMessenger_BroadcastBlockDataLeader/shard,_empty_miniblocks_should_early_exit
=== PAUSE TestInstantBroadcastMessenger_BroadcastBlockDataLeader/shard,_empty_miniblocks_should_early_exit
=== RUN   TestNewInstantBroadcastMessenger/nil_broadcastMessenger_should_error
=== PAUSE TestNewInstantBroadcastMessenger/nil_broadcastMessenger_should_error
=== RUN   TestNewInstantBroadcastMessenger/nil_shardCoordinator_should_error
=== PAUSE TestNewInstantBroadcastMessenger/nil_shardCoordinator_should_error
=== RUN   TestNewInstantBroadcastMessenger/should_work
=== PAUSE TestNewInstantBroadcastMessenger/should_work
=== CONT  TestCoreComponents_GettersSetters
--- PASS: TestCoreComponents_GettersSetters (0.00s)
=== CONT  TestStatusComponentsHolder_SetForkDetector
--- PASS: TestStatusComponentsHolder_SetForkDetector (0.00s)
=== CONT  TestStatusCoreComponentsHolder_Getters
=== RUN   TestSyncedTxsSender_SendBulkTransactions/should_work
=== PAUSE TestSyncedTxsSender_SendBulkTransactions/should_work
=== RUN   TestCreateBootstrapComponents/managedBootstrapCreate_failure_should_error
=== PAUSE TestCreateBootstrapComponents/managedBootstrapCreate_failure_should_error
=== CONT  TestStatusComponentsHolder_Getters
--- PASS: TestStatusComponentsHolder_Getters (0.00s)
=== CONT  TestStatusCoreComponentsHolder_IsInterfaceNil
=== CONT  TestCreateNetworkComponents
=== RUN   TestCreateNetworkComponents/should_work
=== PAUSE TestCreateNetworkComponents/should_work
=== RUN   TestCreateNetworkComponents/nil_network_should_error
=== PAUSE TestCreateNetworkComponents/nil_network_should_error
=== CONT  TestCreateStatusCoreComponents
=== RUN   TestCreateStatusCoreComponents/should_work
=== PAUSE TestCreateStatusCoreComponents/should_work
=== RUN   TestCreateStatusCoreComponents/NewStatusCoreComponentsFactory_failure_should_error
=== PAUSE TestCreateStatusCoreComponents/NewStatusCoreComponentsFactory_failure_should_error
=== RUN   TestCreateStatusCoreComponents/managedStatusCoreComponents.Create_failure_should_error
=== PAUSE TestCreateStatusCoreComponents/managedStatusCoreComponents.Create_failure_should_error
=== CONT  TestStatusComponentsHolder_StartPolling
=== RUN   TestStatusComponentsHolder_StartPolling/nil_fork_detector_should_error
=== PAUSE TestStatusComponentsHolder_StartPolling/nil_fork_detector_should_error
=== RUN   TestCreateStateComponents/should_work
=== PAUSE TestCreateStateComponents/should_work
=== RUN   TestCreateStateComponents/NewStateComponentsFactory_failure_should_error
=== PAUSE TestCreateStateComponents/NewStateComponentsFactory_failure_should_error
=== RUN   TestCreateStateComponents/stateComp.Create_failure_should_error
=== PAUSE TestCreateStateComponents/stateComp.Create_failure_should_error
=== RUN   TestStatusComponentsHolder_StartPolling/NewAppStatusPolling_failure_should_error
=== PAUSE TestStatusComponentsHolder_StartPolling/NewAppStatusPolling_failure_should_error
=== RUN   TestStatusComponentsHolder_StartPolling/should_work
=== PAUSE TestStatusComponentsHolder_StartPolling/should_work
=== CONT  TestCloseHandler
[0;31mERROR[0m[2026-03-16 10:13:56.226]   programming error in closeHandler.AddComponent: nil component [0;31mstack[0m = goroutine 82 [running]:
runtime/debug.Stack()
	/usr/local/go/src/runtime/debug/stack.go:26 +0x5e
github.com/TerraDharitri/drt-go-chain/node/chainSimulator/components.(*closeHandler).AddComponent(0xc00036f530, {0x0, 0x0})
	/home/dharitri/Dharitri-repos/Drt-repos/Go/Finished/Publish_Required/drt-go-chain/node/chainSimulator/components/closeHandler.go:40 +0x3c
github.com/TerraDharitri/drt-go-chain/node/chainSimulator/components.TestCloseHandler(0xc000642820)
	/home/dharitri/Dharitri-repos/Drt-repos/Go/Finished/Publish_Required/drt-go-chain/node/chainSimulator/components/closeHandler_test.go:50 +0x6a
testing.tRunner(0xc000642820, 0x1cb16b8)
	/usr/local/go/src/testing/testing.go:1690 +0xf4
created by testing.(*T).Run in goroutine 1
	/usr/local/go/src/testing/testing.go:1743 +0x390
 
--- PASS: TestCloseHandler (0.00s)
=== CONT  TestCreateCoreComponents
=== RUN   TestCreateCoreComponents/should_work
=== RUN   TestCreateCryptoComponents/should_work
=== RUN   TestCreateDataComponents/should_work
=== CONT  TestStatusComponentsHolder_IsInterfaceNil
--- PASS: TestStatusComponentsHolder_IsInterfaceNil (0.00s)
=== CONT  TestSyncedMessenger_RegisterMessageProcessor
=== RUN   TestSyncedMessenger_RegisterMessageProcessor/nil_message_processor_should_error
=== PAUSE TestSyncedMessenger_RegisterMessageProcessor/nil_message_processor_should_error
=== RUN   TestSyncedMessenger_RegisterMessageProcessor/processor_exists,_should_error
=== PAUSE TestSyncedMessenger_RegisterMessageProcessor/processor_exists,_should_error
=== RUN   TestSyncedMessenger_RegisterMessageProcessor/should_work
=== PAUSE TestCreateCryptoComponents/should_work
=== RUN   TestCreateCryptoComponents/should_work_with_bypass_tx_sig_check
=== PAUSE TestCreateCryptoComponents/should_work_with_bypass_tx_sig_check
=== RUN   TestCreateCryptoComponents/NewCryptoComponentsFactory_failure_should_error
=== PAUSE TestCreateCryptoComponents/NewCryptoComponentsFactory_failure_should_error
=== RUN   TestCreateCryptoComponents/managedCryptoComponents.Create_failure_should_error
=== CONT  TestCreateStatusComponents/nil_app_status_handler_should_error
=== CONT  TestCreateStore
=== PAUSE TestCreateCoreComponents/should_work
=== RUN   TestCreateCoreComponents/internal_NewMarshalizer_failure_should_error
=== PAUSE TestCreateDataComponents/should_work
=== RUN   TestCreateDataComponents/NewMiniBlockProvider_failure_should_error
=== PAUSE TestCreateDataComponents/NewMiniBlockProvider_failure_should_error
=== RUN   TestCreateDataComponents/GetStorer_failure_should_error
=== PAUSE TestCreateDataComponents/GetStorer_failure_should_error
=== PAUSE TestCreateCoreComponents/internal_NewMarshalizer_failure_should_error
=== RUN   TestCreateCoreComponents/tx_NewMarshalizer_failure_should_error
=== PAUSE TestCreateCoreComponents/tx_NewMarshalizer_failure_should_error
=== RUN   TestCreateCoreComponents/vm_NewMarshalizer_failure_should_error
=== PAUSE TestCreateCoreComponents/vm_NewMarshalizer_failure_should_error
=== RUN   TestCreateCoreComponents/main_NewHasher_failure_should_error
=== PAUSE TestCreateCoreComponents/main_NewHasher_failure_should_error
=== RUN   TestCreateCoreComponents/tx_NewHasher_failure_should_error
=== PAUSE TestCreateCoreComponents/tx_NewHasher_failure_should_error
=== RUN   TestCreateCoreComponents/address_NewPubkeyConverter_failure_should_error
=== PAUSE TestCreateCoreComponents/address_NewPubkeyConverter_failure_should_error
=== RUN   TestCreateCoreComponents/validator_NewPubkeyConverter_failure_should_error
=== PAUSE TestCreateCoreComponents/validator_NewPubkeyConverter_failure_should_error
=== RUN   TestCreateCoreComponents/NewNodesSetup_failure_should_error
=== PAUSE TestCreateCoreComponents/NewNodesSetup_failure_should_error
=== RUN   TestCreateCoreComponents/NewEconomicsData_failure_should_error
=== PAUSE TestCreateCoreComponents/NewEconomicsData_failure_should_error
=== RUN   TestCreateCoreComponents/validatorPubKeyConverter.Decode_failure_should_error
=== PAUSE TestCreateCoreComponents/validatorPubKeyConverter.Decode_failure_should_error
=== PAUSE TestSyncedMessenger_RegisterMessageProcessor/should_work
=== CONT  TestSyncedMessenger_UnregisterMessageProcessor
=== RUN   TestSyncedMessenger_UnregisterMessageProcessor/topic_not_found_should_error
=== PAUSE TestSyncedMessenger_UnregisterMessageProcessor/topic_not_found_should_error
=== RUN   TestSyncedMessenger_UnregisterMessageProcessor/should_work
=== PAUSE TestSyncedMessenger_UnregisterMessageProcessor/should_work
=== CONT  TestNewSyncedMessenger
=== RUN   TestNewSyncedMessenger/nil_network_should_error
=== PAUSE TestNewSyncedMessenger/nil_network_should_error
=== RUN   TestNewSyncedMessenger/should_work
=== PAUSE TestNewSyncedMessenger/should_work
=== CONT  TestSyncedTxsSender_IsInterfaceNil
=== CONT  TestSyncedMessenger_IsInterfaceNil
--- PASS: TestStatusCoreComponentsHolder_Getters (0.01s)
--- PASS: TestCreateStatusComponents (0.00s)
    --- PASS: TestCreateStatusComponents/should_work (0.00s)
    --- PASS: TestCreateStatusComponents/nil_app_status_handler_should_error (0.00s)
=== CONT  TestSyncedMessenger_UnregisterAllMessageProcessors
=== RUN   TestSyncedMessenger_UnregisterAllMessageProcessors/no_topics_should_work
=== PAUSE TestSyncedMessenger_UnregisterAllMessageProcessors/no_topics_should_work
=== RUN   TestSyncedMessenger_UnregisterAllMessageProcessors/one_topic_but_no_processor_should_work
=== PAUSE TestSyncedMessenger_UnregisterAllMessageProcessors/one_topic_but_no_processor_should_work
=== RUN   TestSyncedMessenger_UnregisterAllMessageProcessors/one_topic_with_processor_should_work
=== PAUSE TestSyncedMessenger_UnregisterAllMessageProcessors/one_topic_with_processor_should_work
=== CONT  TestBootstrapComponentsHolder_Getters
[0;32mINFO [0m[2026-03-16 10:13:56.239]   shard info                               [0;32mstarted in shard[0m = 0 
[0;33mWARN [0m[2026-03-16 10:13:56.239]   fast bootstrap is disabled               
[0;32mINFO [0m[2026-03-16 10:13:56.239]   bootstrap parameters                     [0;32mshardId[0m = 0 [0;32mepoch[0m = 0 [0;32mnumShards[0m = 1 
--- PASS: TestBootstrapComponentsHolder_Getters (0.00s)
=== CONT  TestSyncedBroadcastNetwork_ConnectedPeersAndAddresses
=== CONT  TestSyncedMessenger_DisabledMethodsShouldNotPanic
=== CONT  TestNewSyncedTxsSender
=== RUN   TestNewSyncedTxsSender/nil_marshaller_should_error
=== PAUSE TestNewSyncedTxsSender/nil_marshaller_should_error
=== RUN   TestNewSyncedTxsSender/nil_shard_coordinator_should_error
=== PAUSE TestNewSyncedTxsSender/nil_shard_coordinator_should_error
=== RUN   TestNewSyncedTxsSender/nil_network_messenger_should_error
=== PAUSE TestNewSyncedTxsSender/nil_network_messenger_should_error
=== RUN   TestNewSyncedTxsSender/nil_data_packer_should_error
=== PAUSE TestNewSyncedTxsSender/nil_data_packer_should_error
=== RUN   TestNewSyncedTxsSender/should_work
=== PAUSE TestNewSyncedTxsSender/should_work
--- PASS: TestStatusCoreComponentsHolder_IsInterfaceNil (0.02s)
--- PASS: TestCreateStore (0.01s)
--- PASS: TestSyncedTxsSender_IsInterfaceNil (0.00s)
=== CONT  TestBootstrapComponentsHolder_IsInterfaceNil
[0;32mINFO [0m[2026-03-16 10:13:56.240]   shard info                               [0;32mstarted in shard[0m = 0 
[0;33mWARN [0m[2026-03-16 10:13:56.240]   fast bootstrap is disabled               
[0;32mINFO [0m[2026-03-16 10:13:56.240]   bootstrap parameters                     [0;32mshardId[0m = 0 [0;32mepoch[0m = 0 [0;32mnumShards[0m = 1 
--- PASS: TestBootstrapComponentsHolder_IsInterfaceNil (0.00s)
=== CONT  TestSyncedBroadcastNetwork_SendDirectlyShouldNotDeadlock
=== PAUSE TestCreateCryptoComponents/managedCryptoComponents.Create_failure_should_error
=== CONT  TestSyncedBroadcastNetwork_GetConnectedPeersOnTopic
=== CONT  TestSyncedMessenger_UnJoinAllTopics
=== RUN   TestSyncedMessenger_UnJoinAllTopics/no_topics_registered_should_work
=== PAUSE TestSyncedMessenger_UnJoinAllTopics/no_topics_registered_should_work
=== RUN   TestSyncedMessenger_UnJoinAllTopics/one_registered_topic_should_work
=== PAUSE TestSyncedMessenger_UnJoinAllTopics/one_registered_topic_should_work
=== CONT  TestInstantBroadcastMessenger_BroadcastBlockDataLeader/meta_should_work
[0;33mWARN [0m[2026-03-16 10:13:56.240]   instantBroadcastMessenger.BroadcastBlockData: broadcast miniblocks [0;33merror[0m = expected error 
[0;33mWARN [0m[2026-03-16 10:13:56.240]   instantBroadcastMessenger.BroadcastBlockData: broadcast transactions [0;33merror[0m = expected error 
=== CONT  TestSyncedTxsSender_Close
--- PASS: TestSyncedTxsSender_Close (0.00s)
=== CONT  TestSyncedTxsSender_SendBulkTransactions/no_transactions_provided_should_error
=== CONT  TestNewInstantBroadcastMessenger/nil_broadcastMessenger_should_error
=== CONT  TestSyncedBroadcastNetwork_SendDirectlyToSelfShouldWork
=== CONT  TestInstantBroadcastMessenger_BroadcastBlockDataLeader/shard,_empty_miniblocks_should_early_exit
=== CONT  TestCreateBootstrapComponents/should_work
[0;32mINFO [0m[2026-03-16 10:13:56.240]   shard info                               [0;32mstarted in shard[0m = 0 
[0;33mWARN [0m[2026-03-16 10:13:56.240]   fast bootstrap is disabled               
[0;32mINFO [0m[2026-03-16 10:13:56.240]   bootstrap parameters                     [0;32mshardId[0m = 0 [0;32mepoch[0m = 0 [0;32mnumShards[0m = 1 
=== CONT  TestInstantBroadcastMessenger_BroadcastBlockDataLeader/shard_should_work
--- PASS: TestInstantBroadcastMessenger_BroadcastBlockDataLeader (0.00s)
    --- PASS: TestInstantBroadcastMessenger_BroadcastBlockDataLeader/meta_should_work (0.00s)
    --- PASS: TestInstantBroadcastMessenger_BroadcastBlockDataLeader/shard,_empty_miniblocks_should_early_exit (0.00s)
    --- PASS: TestInstantBroadcastMessenger_BroadcastBlockDataLeader/shard_should_work (0.00s)
=== CONT  TestCreateNetworkComponents/should_work
=== CONT  TestCreateStatusCoreComponents/should_work
=== CONT  TestCreateNetworkComponents/nil_network_should_error
=== CONT  TestSyncedTxsSender_SendBulkTransactions/should_work
--- PASS: TestSyncedTxsSender_SendBulkTransactions (0.00s)
    --- PASS: TestSyncedTxsSender_SendBulkTransactions/no_transactions_provided_should_error (0.00s)
    --- PASS: TestSyncedTxsSender_SendBulkTransactions/should_work (0.00s)
=== CONT  TestCreateStatusCoreComponents/managedStatusCoreComponents.Create_failure_should_error
=== CONT  TestCreateStatusCoreComponents/NewStatusCoreComponentsFactory_failure_should_error
--- PASS: TestCreateStatusCoreComponents (0.00s)
    --- PASS: TestCreateStatusCoreComponents/should_work (0.01s)
    --- PASS: TestCreateStatusCoreComponents/managedStatusCoreComponents.Create_failure_should_error (0.00s)
    --- PASS: TestCreateStatusCoreComponents/NewStatusCoreComponentsFactory_failure_should_error (0.00s)
=== CONT  TestCreateBootstrapComponents/managedBootstrapCreate_failure_should_error
[0;32mINFO [0m[2026-03-16 10:13:56.249]   shard info                               [0;32mstarted in shard[0m = 0 
=== CONT  TestCreateBootstrapComponents/NewBootstrapComponentsFactory_failure_should_error
--- PASS: TestCreateBootstrapComponents (0.00s)
    --- PASS: TestCreateBootstrapComponents/should_work (0.00s)
    --- PASS: TestCreateBootstrapComponents/managedBootstrapCreate_failure_should_error (0.00s)
    --- PASS: TestCreateBootstrapComponents/NewBootstrapComponentsFactory_failure_should_error (0.00s)
=== CONT  TestCreateStateComponents/should_work
=== CONT  TestStatusComponentsHolder_StartPolling/nil_fork_detector_should_error
=== CONT  TestCreateStateComponents/stateComp.Create_failure_should_error
=== CONT  TestCreateStateComponents/NewStateComponentsFactory_failure_should_error
--- PASS: TestCreateStateComponents (0.00s)
    --- PASS: TestCreateStateComponents/should_work (0.00s)
    --- PASS: TestCreateStateComponents/stateComp.Create_failure_should_error (0.00s)
    --- PASS: TestCreateStateComponents/NewStateComponentsFactory_failure_should_error (0.00s)
=== CONT  TestStatusComponentsHolder_StartPolling/should_work
[0;32mINFO [0m[2026-03-16 10:13:56.257]   p2p private key: generated a new private key for p2p signing 
[0;32mINFO [0m[2026-03-16 10:13:56.257]   createP2PPrivateKey: generated a new private key for p2p signing 
[0;32mINFO [0m[2026-03-16 10:13:56.257]   createP2PPrivateKey: generated a new private key for p2p signing 
[0;32mINFO [0m[2026-03-16 10:13:56.257]   createP2PPrivateKey: generated a new private key for p2p signing 
[0;32mINFO [0m[2026-03-16 10:13:56.258]   createP2PPrivateKey: generated a new private key for p2p signing 
--- PASS: TestSyncedBroadcastNetwork_BroadcastOnAnUnjoinedTopicShouldDiscardMessage (0.04s)
--- PASS: TestCryptoComponentsHolder_GettersSetters (0.04s)
=== CONT  TestStatusComponentsHolder_StartPolling/NewAppStatusPolling_failure_should_error
[0;32mINFO [0m[2026-03-16 10:13:56.258]   createP2PPrivateKey: generated a new private key for p2p signing 
[0;32mINFO [0m[2026-03-16 10:13:56.258]   p2p private key: generated a new private key for p2p signing 
--- PASS: TestSyncedBroadcastNetwork_SendDirectlyShouldWorkBetween2peers (0.04s)
=== CONT  TestCreateDataComponents/should_work
=== CONT  TestNewInstantBroadcastMessenger/should_work
=== CONT  TestSyncedMessenger_RegisterMessageProcessor/nil_message_processor_should_error
[0;32mINFO [0m[2026-03-16 10:13:56.258]   createP2PPrivateKey: generated a new private key for p2p signing 
=== CONT  TestCreateCoreComponents/should_work
--- PASS: TestCryptoComponentsHolder_Clone (0.04s)
=== CONT  TestCreateDataComponents/GetStorer_failure_should_error
=== CONT  TestCreateDataComponents/NewMiniBlockProvider_failure_should_error
--- PASS: TestCreateDataComponents (0.02s)
    --- PASS: TestCreateDataComponents/should_work (0.00s)
    --- PASS: TestCreateDataComponents/GetStorer_failure_should_error (0.00s)
    --- PASS: TestCreateDataComponents/NewMiniBlockProvider_failure_should_error (0.00s)
=== CONT  TestNewInstantBroadcastMessenger/nil_shardCoordinator_should_error
--- PASS: TestNewInstantBroadcastMessenger (0.00s)
    --- PASS: TestNewInstantBroadcastMessenger/nil_broadcastMessenger_should_error (0.00s)
    --- PASS: TestNewInstantBroadcastMessenger/should_work (0.00s)
    --- PASS: TestNewInstantBroadcastMessenger/nil_shardCoordinator_should_error (0.00s)
[0;32mINFO [0m[2026-03-16 10:13:56.258]   p2p private key: generated a new private key for p2p signing 
--- PASS: TestCryptoComponentsHolder_IsInterfaceNil (0.04s)
=== CONT  TestCreateCoreComponents/NewEconomicsData_failure_should_error
=== CONT  TestCreateCoreComponents/validator_NewPubkeyConverter_failure_should_error
=== CONT  TestCreateCoreComponents/address_NewPubkeyConverter_failure_should_error
=== CONT  TestCreateCoreComponents/tx_NewHasher_failure_should_error
=== CONT  TestCreateCoreComponents/main_NewHasher_failure_should_error
=== CONT  TestCreateCoreComponents/vm_NewMarshalizer_failure_should_error
[0;32mINFO [0m[2026-03-16 10:13:56.268]   createP2PPrivateKey: generated a new private key for p2p signing 
=== CONT  TestCreateCoreComponents/tx_NewMarshalizer_failure_should_error
=== CONT  TestCreateCoreComponents/internal_NewMarshalizer_failure_should_error
=== CONT  TestSyncedMessenger_UnregisterAllMessageProcessors/no_topics_should_work
[0;32mINFO [0m[2026-03-16 10:13:56.268]   createP2PPrivateKey: generated a new private key for p2p signing 
[0;32mINFO [0m[2026-03-16 10:13:56.268]   createP2PPrivateKey: generated a new private key for p2p signing 
=== CONT  TestSyncedMessenger_RegisterMessageProcessor/should_work
[0;32mINFO [0m[2026-03-16 10:13:56.268]   createP2PPrivateKey: generated a new private key for p2p signing 
[0;32mINFO [0m[2026-03-16 10:13:56.268]   createP2PPrivateKey: generated a new private key for p2p signing 
=== CONT  TestSyncedMessenger_RegisterMessageProcessor/processor_exists,_should_error
[0;32mINFO [0m[2026-03-16 10:13:56.268]   createP2PPrivateKey: generated a new private key for p2p signing 
--- PASS: TestSyncedBroadcastNetwork_BroadcastShouldWorkOn3Peers (0.05s)
=== CONT  TestSyncedMessenger_UnregisterMessageProcessor/should_work
[0;32mINFO [0m[2026-03-16 10:13:56.268]   createP2PPrivateKey: generated a new private key for p2p signing 
--- PASS: TestSyncedMessenger_RegisterMessageProcessor (0.01s)
    --- PASS: TestSyncedMessenger_RegisterMessageProcessor/nil_message_processor_should_error (0.00s)
    --- PASS: TestSyncedMessenger_RegisterMessageProcessor/should_work (0.00s)
    --- PASS: TestSyncedMessenger_RegisterMessageProcessor/processor_exists,_should_error (0.00s)
=== CONT  TestNewSyncedMessenger/should_work
=== CONT  TestNewSyncedTxsSender/nil_marshaller_should_error
=== CONT  TestNewSyncedMessenger/nil_network_should_error
=== CONT  TestSyncedMessenger_UnregisterMessageProcessor/topic_not_found_should_error
=== CONT  TestCreateCoreComponents/validatorPubKeyConverter.Decode_failure_should_error
[0;32mINFO [0m[2026-03-16 10:13:56.268]   createP2PPrivateKey: generated a new private key for p2p signing 
--- PASS: TestSyncedMessenger_UnregisterMessageProcessor (0.00s)
    --- PASS: TestSyncedMessenger_UnregisterMessageProcessor/should_work (0.00s)
    --- PASS: TestSyncedMessenger_UnregisterMessageProcessor/topic_not_found_should_error (0.00s)
=== CONT  TestCreateCryptoComponents/should_work
[0;32mINFO [0m[2026-03-16 10:13:56.268]   the node is running in single-key mode! Will generate a fresh new BLS key 
[0;32mINFO [0m[2026-03-16 10:13:56.269]   p2p private key: generated a new private key for p2p signing 
=== CONT  TestNewSyncedTxsSender/should_work
=== CONT  TestNewSyncedTxsSender/nil_data_packer_should_error
=== CONT  TestNewSyncedTxsSender/nil_network_messenger_should_error
=== CONT  TestNewSyncedTxsSender/nil_shard_coordinator_should_error
--- PASS: TestNewSyncedTxsSender (0.00s)
    --- PASS: TestNewSyncedTxsSender/nil_marshaller_should_error (0.00s)
    --- PASS: TestNewSyncedTxsSender/should_work (0.00s)
    --- PASS: TestNewSyncedTxsSender/nil_data_packer_should_error (0.00s)
    --- PASS: TestNewSyncedTxsSender/nil_network_messenger_should_error (0.00s)
    --- PASS: TestNewSyncedTxsSender/nil_shard_coordinator_should_error (0.00s)
[0;32mINFO [0m[2026-03-16 10:13:56.269]   createP2PPrivateKey: generated a new private key for p2p signing 
=== CONT  TestCreateCryptoComponents/managedCryptoComponents.Create_failure_should_error
--- PASS: TestNetworkComponentsHolder_Getters (0.05s)
=== CONT  TestCreateCryptoComponents/NewCryptoComponentsFactory_failure_should_error
[0;32mINFO [0m[2026-03-16 10:13:56.269]   the node is running in single-key mode! Will generate a fresh new BLS key 
=== CONT  TestCreateCryptoComponents/should_work_with_bypass_tx_sig_check
[0;32mINFO [0m[2026-03-16 10:13:56.269]   the node is running in single-key mode! Will generate a fresh new BLS key 
=== CONT  TestSyncedMessenger_UnJoinAllTopics/one_registered_topic_should_work
[0;32mINFO [0m[2026-03-16 10:13:56.270]   createP2PPrivateKey: generated a new private key for p2p signing 
[0;32mINFO [0m[2026-03-16 10:13:56.270]   p2p private key: generated a new private key for p2p signing 
=== CONT  TestSyncedMessenger_UnregisterAllMessageProcessors/one_topic_but_no_processor_should_work
[0;32mINFO [0m[2026-03-16 10:13:56.270]   createP2PPrivateKey: generated a new private key for p2p signing 
=== CONT  TestSyncedMessenger_UnregisterAllMessageProcessors/one_topic_with_processor_should_work
[0;32mINFO [0m[2026-03-16 10:13:56.270]   createP2PPrivateKey: generated a new private key for p2p signing 
--- PASS: TestSyncedMessenger_UnregisterAllMessageProcessors (0.00s)
    --- PASS: TestSyncedMessenger_UnregisterAllMessageProcessors/no_topics_should_work (0.00s)
    --- PASS: TestSyncedMessenger_UnregisterAllMessageProcessors/one_topic_but_no_processor_should_work (0.00s)
    --- PASS: TestSyncedMessenger_UnregisterAllMessageProcessors/one_topic_with_processor_should_work (0.00s)
[0;32mINFO [0m[2026-03-16 10:13:56.268]   createP2PPrivateKey: generated a new private key for p2p signing 
--- PASS: TestCreateCryptoComponents (0.02s)
    --- PASS: TestCreateCryptoComponents/should_work (0.00s)
    --- PASS: TestCreateCryptoComponents/NewCryptoComponentsFactory_failure_should_error (0.00s)
    --- PASS: TestCreateCryptoComponents/managedCryptoComponents.Create_failure_should_error (0.00s)
    --- PASS: TestCreateCryptoComponents/should_work_with_bypass_tx_sig_check (0.00s)
=== CONT  TestSyncedMessenger_UnJoinAllTopics/no_topics_registered_should_work
[0;32mINFO [0m[2026-03-16 10:13:56.270]   createP2PPrivateKey: generated a new private key for p2p signing 
--- PASS: TestSyncedMessenger_UnJoinAllTopics (0.00s)
    --- PASS: TestSyncedMessenger_UnJoinAllTopics/one_registered_topic_should_work (0.00s)
    --- PASS: TestSyncedMessenger_UnJoinAllTopics/no_topics_registered_should_work (0.00s)
=== CONT  TestCreateCoreComponents/NewNodesSetup_failure_should_error
--- PASS: TestCreateCoreComponents (0.01s)
    --- PASS: TestCreateCoreComponents/NewEconomicsData_failure_should_error (0.01s)
    --- PASS: TestCreateCoreComponents/should_work (0.01s)
    --- PASS: TestCreateCoreComponents/validator_NewPubkeyConverter_failure_should_error (0.00s)
    --- PASS: TestCreateCoreComponents/address_NewPubkeyConverter_failure_should_error (0.00s)
    --- PASS: TestCreateCoreComponents/tx_NewHasher_failure_should_error (0.00s)
    --- PASS: TestCreateCoreComponents/main_NewHasher_failure_should_error (0.00s)
    --- PASS: TestCreateCoreComponents/vm_NewMarshalizer_failure_should_error (0.00s)
    --- PASS: TestCreateCoreComponents/tx_NewMarshalizer_failure_should_error (0.00s)
    --- PASS: TestCreateCoreComponents/internal_NewMarshalizer_failure_should_error (0.00s)
    --- PASS: TestCreateCoreComponents/validatorPubKeyConverter.Decode_failure_should_error (0.00s)
    --- PASS: TestCreateCoreComponents/NewNodesSetup_failure_should_error (0.00s)
[0;32mINFO [0m[2026-03-16 10:13:56.272]   createP2PPrivateKey: generated a new private key for p2p signing 
--- PASS: TestNetworkComponentsHolder_IsInterfaceNil (0.05s)
[0;32mINFO [0m[2026-03-16 10:13:56.272]   createP2PPrivateKey: generated a new private key for p2p signing 
[0;32mINFO [0m[2026-03-16 10:13:56.272]   createP2PPrivateKey: generated a new private key for p2p signing 
--- PASS: TestSyncedBroadcastNetwork_ConnectedPeersAndAddresses (0.03s)
[0;32mINFO [0m[2026-03-16 10:13:56.272]   createP2PPrivateKey: generated a new private key for p2p signing 
--- PASS: TestSyncedMessenger_DisabledMethodsShouldNotPanic (0.03s)
[0;32mINFO [0m[2026-03-16 10:13:56.272]   createP2PPrivateKey: generated a new private key for p2p signing 
[0;32mINFO [0m[2026-03-16 10:13:56.272]   createP2PPrivateKey: generated a new private key for p2p signing 
[0;32mINFO [0m[2026-03-16 10:13:56.272]   createP2PPrivateKey: generated a new private key for p2p signing 
--- PASS: TestSyncedBroadcastNetwork_SendDirectlyShouldNotDeadlock (0.03s)
[0;32mINFO [0m[2026-03-16 10:13:56.273]   createP2PPrivateKey: generated a new private key for p2p signing 
[0;32mINFO [0m[2026-03-16 10:13:56.273]   createP2PPrivateKey: generated a new private key for p2p signing 
[0;32mINFO [0m[2026-03-16 10:13:56.273]   createP2PPrivateKey: generated a new private key for p2p signing 
--- PASS: TestSyncedBroadcastNetwork_GetConnectedPeersOnTopic (0.03s)
--- PASS: TestNewSyncedMessenger (0.00s)
    --- PASS: TestNewSyncedMessenger/nil_network_should_error (0.00s)
    --- PASS: TestNewSyncedMessenger/should_work (0.01s)
[0;32mINFO [0m[2026-03-16 10:13:56.274]   createP2PPrivateKey: generated a new private key for p2p signing 
[0;32mINFO [0m[2026-03-16 10:13:56.274]   createP2PPrivateKey: generated a new private key for p2p signing 
[0;32mINFO [0m[2026-03-16 10:13:56.274]   createP2PPrivateKey: generated a new private key for p2p signing 
--- PASS: TestSyncedMessenger_IsInterfaceNil (0.03s)
--- PASS: TestCreateNetworkComponents (0.00s)
    --- PASS: TestCreateNetworkComponents/nil_network_should_error (0.00s)
    --- PASS: TestCreateNetworkComponents/should_work (0.03s)
--- PASS: TestSyncedBroadcastNetwork_SendDirectlyToSelfShouldWork (0.03s)
--- PASS: TestStatusComponentsHolder_StartPolling (0.00s)
    --- PASS: TestStatusComponentsHolder_StartPolling/nil_fork_detector_should_error (0.00s)
    --- PASS: TestStatusComponentsHolder_StartPolling/NewAppStatusPolling_failure_should_error (0.00s)
    --- PASS: TestStatusComponentsHolder_StartPolling/should_work (2.01s)
PASS
ok  	github.com/TerraDharitri/drt-go-chain/node/chainSimulator/components	(cached)
=== RUN   TestNewFixedPortAPIConfigurator
=== PAUSE TestNewFixedPortAPIConfigurator
=== RUN   TestNewFreePortAPIConfigurator
=== PAUSE TestNewFreePortAPIConfigurator
=== RUN   TestNewNoApiInterface
=== PAUSE TestNewNoApiInterface
=== CONT  TestNewFixedPortAPIConfigurator
--- PASS: TestNewFixedPortAPIConfigurator (0.00s)
=== CONT  TestNewNoApiInterface
--- PASS: TestNewNoApiInterface (0.00s)
=== CONT  TestNewFreePortAPIConfigurator
--- PASS: TestNewFreePortAPIConfigurator (0.00s)
PASS
ok  	github.com/TerraDharitri/drt-go-chain/node/chainSimulator/components/api	(cached)
=== RUN   TestNewProcessorRunnerChainArguments
    configs_test.go:13: this is not a short test
--- SKIP: TestNewProcessorRunnerChainArguments (0.00s)
PASS
ok  	github.com/TerraDharitri/drt-go-chain/node/chainSimulator/configs	(cached)
=== RUN   TestNewBlocksCreator
=== PAUSE TestNewBlocksCreator
=== RUN   TestBlocksCreator_IsInterfaceNil
=== PAUSE TestBlocksCreator_IsInterfaceNil
=== RUN   TestBlocksCreator_IncrementRound
=== PAUSE TestBlocksCreator_IncrementRound
=== RUN   TestBlocksCreator_CreateNewBlock
=== PAUSE TestBlocksCreator_CreateNewBlock
=== RUN   TestGeneratePubKeyBitmap
=== PAUSE TestGeneratePubKeyBitmap
=== CONT  TestNewBlocksCreator
=== RUN   TestNewBlocksCreator/nil_node_handler_should_error
=== PAUSE TestNewBlocksCreator/nil_node_handler_should_error
=== RUN   TestNewBlocksCreator/should_work
=== PAUSE TestNewBlocksCreator/should_work
=== CONT  TestNewBlocksCreator/nil_node_handler_should_error
=== CONT  TestGeneratePubKeyBitmap
--- PASS: TestGeneratePubKeyBitmap (0.00s)
=== CONT  TestBlocksCreator_CreateNewBlock
=== RUN   TestBlocksCreator_CreateNewBlock/CreateNewHeader_failure_should_error
=== PAUSE TestBlocksCreator_CreateNewBlock/CreateNewHeader_failure_should_error
=== RUN   TestBlocksCreator_CreateNewBlock/SetShardID_failure_should_error
=== PAUSE TestBlocksCreator_CreateNewBlock/SetShardID_failure_should_error
=== RUN   TestBlocksCreator_CreateNewBlock/SetPrevHash_failure_should_error
=== PAUSE TestBlocksCreator_CreateNewBlock/SetPrevHash_failure_should_error
=== RUN   TestBlocksCreator_CreateNewBlock/SetPrevRandSeed_failure_should_error
=== PAUSE TestBlocksCreator_CreateNewBlock/SetPrevRandSeed_failure_should_error
=== RUN   TestBlocksCreator_CreateNewBlock/SetPubKeysBitmap_failure_should_error
=== PAUSE TestBlocksCreator_CreateNewBlock/SetPubKeysBitmap_failure_should_error
=== RUN   TestBlocksCreator_CreateNewBlock/SetChainID_failure_should_error
=== PAUSE TestBlocksCreator_CreateNewBlock/SetChainID_failure_should_error
=== RUN   TestBlocksCreator_CreateNewBlock/SetTimeStamp_failure_should_error
=== PAUSE TestBlocksCreator_CreateNewBlock/SetTimeStamp_failure_should_error
=== RUN   TestBlocksCreator_CreateNewBlock/ComputeConsensusGroup_failure_should_error
=== PAUSE TestBlocksCreator_CreateNewBlock/ComputeConsensusGroup_failure_should_error
=== RUN   TestBlocksCreator_CreateNewBlock/key_not_managed_by_the_current_node_should_return_nil
=== PAUSE TestBlocksCreator_CreateNewBlock/key_not_managed_by_the_current_node_should_return_nil
=== RUN   TestBlocksCreator_CreateNewBlock/CreateSignatureForPublicKey_failure_should_error
=== PAUSE TestBlocksCreator_CreateNewBlock/CreateSignatureForPublicKey_failure_should_error
=== RUN   TestBlocksCreator_CreateNewBlock/SetRandSeed_failure_should_error
=== PAUSE TestBlocksCreator_CreateNewBlock/SetRandSeed_failure_should_error
=== RUN   TestBlocksCreator_CreateNewBlock/CreateBlock_failure_should_error
=== PAUSE TestBlocksCreator_CreateNewBlock/CreateBlock_failure_should_error
=== RUN   TestBlocksCreator_CreateNewBlock/setHeaderSignatures.Marshal_failure_should_error
=== PAUSE TestBlocksCreator_CreateNewBlock/setHeaderSignatures.Marshal_failure_should_error
=== RUN   TestBlocksCreator_CreateNewBlock/setHeaderSignatures.Reset_failure_should_error
=== PAUSE TestBlocksCreator_CreateNewBlock/setHeaderSignatures.Reset_failure_should_error
=== RUN   TestBlocksCreator_CreateNewBlock/setHeaderSignatures.CreateSignatureShareForPublicKey_failure_should_error
=== PAUSE TestBlocksCreator_CreateNewBlock/setHeaderSignatures.CreateSignatureShareForPublicKey_failure_should_error
=== RUN   TestBlocksCreator_CreateNewBlock/setHeaderSignatures.AggregateSigs_failure_should_error
=== PAUSE TestBlocksCreator_CreateNewBlock/setHeaderSignatures.AggregateSigs_failure_should_error
=== RUN   TestBlocksCreator_CreateNewBlock/setHeaderSignatures.SetSignature_failure_should_error
=== PAUSE TestBlocksCreator_CreateNewBlock/setHeaderSignatures.SetSignature_failure_should_error
=== RUN   TestBlocksCreator_CreateNewBlock/createLeaderSignature.SetLeaderSignature_failure_should_error
=== PAUSE TestBlocksCreator_CreateNewBlock/createLeaderSignature.SetLeaderSignature_failure_should_error
=== RUN   TestBlocksCreator_CreateNewBlock/createLeaderSignature.SetLeaderSignature_failure_should_error#01
=== PAUSE TestBlocksCreator_CreateNewBlock/createLeaderSignature.SetLeaderSignature_failure_should_error#01
=== RUN   TestBlocksCreator_CreateNewBlock/setHeaderSignatures.SetLeaderSignature_failure_should_error
=== PAUSE TestBlocksCreator_CreateNewBlock/setHeaderSignatures.SetLeaderSignature_failure_should_error
=== RUN   TestBlocksCreator_CreateNewBlock/CommitBlock_failure_should_error
=== PAUSE TestBlocksCreator_CreateNewBlock/CommitBlock_failure_should_error
=== RUN   TestBlocksCreator_CreateNewBlock/MarshalizedDataToBroadcast_failure_should_error
=== PAUSE TestBlocksCreator_CreateNewBlock/MarshalizedDataToBroadcast_failure_should_error
=== RUN   TestBlocksCreator_CreateNewBlock/BroadcastHeader_failure_should_error
=== PAUSE TestBlocksCreator_CreateNewBlock/BroadcastHeader_failure_should_error
=== RUN   TestBlocksCreator_CreateNewBlock/should_work
=== PAUSE TestBlocksCreator_CreateNewBlock/should_work
=== CONT  TestBlocksCreator_CreateNewBlock/CreateNewHeader_failure_should_error
=== CONT  TestBlocksCreator_IncrementRound
--- PASS: TestBlocksCreator_IncrementRound (0.00s)
=== CONT  TestBlocksCreator_IsInterfaceNil
--- PASS: TestBlocksCreator_IsInterfaceNil (0.00s)
=== CONT  TestNewBlocksCreator/should_work
--- PASS: TestNewBlocksCreator (0.00s)
    --- PASS: TestNewBlocksCreator/nil_node_handler_should_error (0.00s)
    --- PASS: TestNewBlocksCreator/should_work (0.00s)
=== CONT  TestBlocksCreator_CreateNewBlock/should_work
=== CONT  TestBlocksCreator_CreateNewBlock/BroadcastHeader_failure_should_error
=== CONT  TestBlocksCreator_CreateNewBlock/MarshalizedDataToBroadcast_failure_should_error
=== CONT  TestBlocksCreator_CreateNewBlock/CommitBlock_failure_should_error
=== CONT  TestBlocksCreator_CreateNewBlock/setHeaderSignatures.SetLeaderSignature_failure_should_error
=== CONT  TestBlocksCreator_CreateNewBlock/createLeaderSignature.SetLeaderSignature_failure_should_error#01
=== CONT  TestBlocksCreator_CreateNewBlock/createLeaderSignature.SetLeaderSignature_failure_should_error
=== CONT  TestBlocksCreator_CreateNewBlock/setHeaderSignatures.SetSignature_failure_should_error
=== CONT  TestBlocksCreator_CreateNewBlock/setHeaderSignatures.AggregateSigs_failure_should_error
[0;33mWARN [0m[2026-03-16 10:13:56.222]   total                                    [0;33mtotal[0m = 1 [0;33merr[0m = expected error 
=== CONT  TestBlocksCreator_CreateNewBlock/setHeaderSignatures.CreateSignatureShareForPublicKey_failure_should_error
=== CONT  TestBlocksCreator_CreateNewBlock/setHeaderSignatures.Reset_failure_should_error
=== CONT  TestBlocksCreator_CreateNewBlock/setHeaderSignatures.Marshal_failure_should_error
=== CONT  TestBlocksCreator_CreateNewBlock/CreateBlock_failure_should_error
=== CONT  TestBlocksCreator_CreateNewBlock/SetRandSeed_failure_should_error
=== CONT  TestBlocksCreator_CreateNewBlock/CreateSignatureForPublicKey_failure_should_error
=== CONT  TestBlocksCreator_CreateNewBlock/key_not_managed_by_the_current_node_should_return_nil
=== CONT  TestBlocksCreator_CreateNewBlock/ComputeConsensusGroup_failure_should_error
=== CONT  TestBlocksCreator_CreateNewBlock/SetTimeStamp_failure_should_error
=== CONT  TestBlocksCreator_CreateNewBlock/SetChainID_failure_should_error
=== CONT  TestBlocksCreator_CreateNewBlock/SetPubKeysBitmap_failure_should_error
=== CONT  TestBlocksCreator_CreateNewBlock/SetPrevRandSeed_failure_should_error
=== CONT  TestBlocksCreator_CreateNewBlock/SetPrevHash_failure_should_error
=== CONT  TestBlocksCreator_CreateNewBlock/SetShardID_failure_should_error
--- PASS: TestBlocksCreator_CreateNewBlock (0.00s)
    --- PASS: TestBlocksCreator_CreateNewBlock/CreateNewHeader_failure_should_error (0.00s)
    --- PASS: TestBlocksCreator_CreateNewBlock/should_work (0.00s)
    --- PASS: TestBlocksCreator_CreateNewBlock/BroadcastHeader_failure_should_error (0.00s)
    --- PASS: TestBlocksCreator_CreateNewBlock/MarshalizedDataToBroadcast_failure_should_error (0.00s)
    --- PASS: TestBlocksCreator_CreateNewBlock/CommitBlock_failure_should_error (0.00s)
    --- PASS: TestBlocksCreator_CreateNewBlock/setHeaderSignatures.SetLeaderSignature_failure_should_error (0.00s)
    --- PASS: TestBlocksCreator_CreateNewBlock/createLeaderSignature.SetLeaderSignature_failure_should_error#01 (0.00s)
    --- PASS: TestBlocksCreator_CreateNewBlock/createLeaderSignature.SetLeaderSignature_failure_should_error (0.00s)
    --- PASS: TestBlocksCreator_CreateNewBlock/setHeaderSignatures.SetSignature_failure_should_error (0.00s)
    --- PASS: TestBlocksCreator_CreateNewBlock/setHeaderSignatures.AggregateSigs_failure_should_error (0.00s)
    --- PASS: TestBlocksCreator_CreateNewBlock/setHeaderSignatures.CreateSignatureShareForPublicKey_failure_should_error (0.00s)
    --- PASS: TestBlocksCreator_CreateNewBlock/setHeaderSignatures.Reset_failure_should_error (0.00s)
    --- PASS: TestBlocksCreator_CreateNewBlock/setHeaderSignatures.Marshal_failure_should_error (0.00s)
    --- PASS: TestBlocksCreator_CreateNewBlock/CreateBlock_failure_should_error (0.00s)
    --- PASS: TestBlocksCreator_CreateNewBlock/SetRandSeed_failure_should_error (0.00s)
    --- PASS: TestBlocksCreator_CreateNewBlock/CreateSignatureForPublicKey_failure_should_error (0.00s)
    --- PASS: TestBlocksCreator_CreateNewBlock/key_not_managed_by_the_current_node_should_return_nil (0.00s)
    --- PASS: TestBlocksCreator_CreateNewBlock/ComputeConsensusGroup_failure_should_error (0.00s)
    --- PASS: TestBlocksCreator_CreateNewBlock/SetTimeStamp_failure_should_error (0.00s)
    --- PASS: TestBlocksCreator_CreateNewBlock/SetChainID_failure_should_error (0.00s)
    --- PASS: TestBlocksCreator_CreateNewBlock/SetPubKeysBitmap_failure_should_error (0.00s)
    --- PASS: TestBlocksCreator_CreateNewBlock/SetPrevRandSeed_failure_should_error (0.00s)
    --- PASS: TestBlocksCreator_CreateNewBlock/SetPrevHash_failure_should_error (0.00s)
    --- PASS: TestBlocksCreator_CreateNewBlock/SetShardID_failure_should_error (0.00s)
PASS
ok  	github.com/TerraDharitri/drt-go-chain/node/chainSimulator/process	(cached)
=== RUN   TestNewNodeApiResolver_NilSCQueryServiceShouldErr
=== PAUSE TestNewNodeApiResolver_NilSCQueryServiceShouldErr
=== RUN   TestNewNodeApiResolver_NilStatusMetricsShouldErr
=== PAUSE TestNewNodeApiResolver_NilStatusMetricsShouldErr
=== RUN   TestNewNodeApiResolver_NilTransactionCostEstimator
=== PAUSE TestNewNodeApiResolver_NilTransactionCostEstimator
=== RUN   TestNewNodeApiResolver_NilTotalStakedValueHandler
=== PAUSE TestNewNodeApiResolver_NilTotalStakedValueHandler
=== RUN   TestNewNodeApiResolver_NilDirectStakedListHandler
=== PAUSE TestNewNodeApiResolver_NilDirectStakedListHandler
=== RUN   TestNewNodeApiResolver_NilDelegatedListHandler
=== PAUSE TestNewNodeApiResolver_NilDelegatedListHandler
=== RUN   TestNewNodeApiResolver_NilGasSchedules
=== PAUSE TestNewNodeApiResolver_NilGasSchedules
=== RUN   TestNewNodeApiResolver_NilNodesCoordinator
=== PAUSE TestNewNodeApiResolver_NilNodesCoordinator
=== RUN   TestNewNodeApiResolver_ShouldWork
=== PAUSE TestNewNodeApiResolver_ShouldWork
=== RUN   TestNodeApiResolver_CloseShouldReturnNil
=== PAUSE TestNodeApiResolver_CloseShouldReturnNil
=== RUN   TestNodeApiResolver_GetDataValueShouldCall
=== PAUSE TestNodeApiResolver_GetDataValueShouldCall
=== RUN   TestNodeApiResolver_StatusMetricsMapWithoutP2PShouldBeCalled
=== PAUSE TestNodeApiResolver_StatusMetricsMapWithoutP2PShouldBeCalled
=== RUN   TestNodeApiResolver_StatusP2PMetricsMapShouldBeCalled
=== PAUSE TestNodeApiResolver_StatusP2PMetricsMapShouldBeCalled
=== RUN   TestNodeApiResolver_NetworkMetricsMapShouldBeCalled
=== PAUSE TestNodeApiResolver_NetworkMetricsMapShouldBeCalled
=== RUN   TestNodeApiResolver_GetTotalStakedValue
=== PAUSE TestNodeApiResolver_GetTotalStakedValue
=== RUN   TestNodeApiResolver_GetDelegatorsList
=== PAUSE TestNodeApiResolver_GetDelegatorsList
=== RUN   TestNodeApiResolver_GetDirectStakedList
=== PAUSE TestNodeApiResolver_GetDirectStakedList
=== RUN   TestNodeApiResolver_APIBlockHandler
=== PAUSE TestNodeApiResolver_APIBlockHandler
=== RUN   TestNodeApiResolver_APITransactionHandler
=== PAUSE TestNodeApiResolver_APITransactionHandler
=== RUN   TestNodeApiResolver_GetTransactionsPool
=== PAUSE TestNodeApiResolver_GetTransactionsPool
=== RUN   TestNodeApiResolver_GetTransactionsPoolForSender
=== PAUSE TestNodeApiResolver_GetTransactionsPoolForSender
=== RUN   TestNodeApiResolver_GetLastPoolNonceForSender
=== PAUSE TestNodeApiResolver_GetLastPoolNonceForSender
=== RUN   TestNodeApiResolver_GetTransactionsPoolNonceGapsForSender
=== PAUSE TestNodeApiResolver_GetTransactionsPoolNonceGapsForSender
=== RUN   TestNodeApiResolver_GetGenesisNodesPubKeys
=== PAUSE TestNodeApiResolver_GetGenesisNodesPubKeys
=== RUN   TestNodeApiResolver_GetGenesisBalances
=== PAUSE TestNodeApiResolver_GetGenesisBalances
=== RUN   TestNodeApiResolver_GetGasConfigs
=== PAUSE TestNodeApiResolver_GetGasConfigs
=== RUN   TestNodeApiResolver_GetManagedKeysCount
=== PAUSE TestNodeApiResolver_GetManagedKeysCount
=== RUN   TestNodeApiResolver_GetManagedKeys
=== PAUSE TestNodeApiResolver_GetManagedKeys
=== RUN   TestNodeApiResolver_GetLoadedKeys
=== PAUSE TestNodeApiResolver_GetLoadedKeys
=== RUN   TestNodeApiResolver_GetEligibleManagedKeys
=== PAUSE TestNodeApiResolver_GetEligibleManagedKeys
=== RUN   TestNodeApiResolver_GetWaitingManagedKeys
=== PAUSE TestNodeApiResolver_GetWaitingManagedKeys
=== RUN   TestNodeApiResolver_GetWaitingEpochsLeftForPublicKey
=== PAUSE TestNodeApiResolver_GetWaitingEpochsLeftForPublicKey
=== RUN   TestNodeApiResolver_IsInterfaceNil
=== PAUSE TestNodeApiResolver_IsInterfaceNil
=== CONT  TestNewNodeApiResolver_NilSCQueryServiceShouldErr
=== CONT  TestNodeApiResolver_GetWaitingManagedKeys
=== CONT  TestNodeApiResolver_GetDelegatorsList
=== RUN   TestNodeApiResolver_GetWaitingManagedKeys/monitor_error_should_error
--- PASS: TestNewNodeApiResolver_NilSCQueryServiceShouldErr (0.00s)
=== PAUSE TestNodeApiResolver_GetWaitingManagedKeys/monitor_error_should_error
--- PASS: TestNodeApiResolver_GetDelegatorsList (0.00s)
=== CONT  TestNodeApiResolver_GetTotalStakedValue
--- PASS: TestNodeApiResolver_GetTotalStakedValue (0.00s)
=== CONT  TestNodeApiResolver_GetGenesisNodesPubKeys
--- PASS: TestNodeApiResolver_GetGenesisNodesPubKeys (0.00s)
=== CONT  TestNodeApiResolver_GetEligibleManagedKeys
=== RUN   TestNodeApiResolver_GetEligibleManagedKeys/monitor_error_should_error
=== PAUSE TestNodeApiResolver_GetEligibleManagedKeys/monitor_error_should_error
=== RUN   TestNodeApiResolver_GetEligibleManagedKeys/should_work
=== PAUSE TestNodeApiResolver_GetEligibleManagedKeys/should_work
=== CONT  TestNodeApiResolver_NetworkMetricsMapShouldBeCalled
--- PASS: TestNodeApiResolver_NetworkMetricsMapShouldBeCalled (0.00s)
=== CONT  TestNodeApiResolver_GetManagedKeysCount
--- PASS: TestNodeApiResolver_GetManagedKeysCount (0.00s)
=== CONT  TestNodeApiResolver_GetGasConfigs
--- PASS: TestNodeApiResolver_GetGasConfigs (0.00s)
=== CONT  TestNodeApiResolver_GetManagedKeys
--- PASS: TestNodeApiResolver_GetManagedKeys (0.00s)
=== CONT  TestNodeApiResolver_GetGenesisBalances
=== RUN   TestNodeApiResolver_GetGenesisBalances/should_return_empty_slice
=== PAUSE TestNodeApiResolver_GetGenesisBalances/should_return_empty_slice
=== RUN   TestNodeApiResolver_GetGenesisBalances/should_work
=== PAUSE TestNodeApiResolver_GetGenesisBalances/should_work
=== CONT  TestNodeApiResolver_GetLoadedKeys
=== RUN   TestNodeApiResolver_GetLoadedKeys/multikey_should_work
=== PAUSE TestNodeApiResolver_GetLoadedKeys/multikey_should_work
=== RUN   TestNodeApiResolver_GetLoadedKeys/single_key_should_work
=== PAUSE TestNodeApiResolver_GetLoadedKeys/single_key_should_work
=== CONT  TestNodeApiResolver_StatusP2PMetricsMapShouldBeCalled
--- PASS: TestNodeApiResolver_StatusP2PMetricsMapShouldBeCalled (0.00s)
=== CONT  TestNodeApiResolver_APITransactionHandler
--- PASS: TestNodeApiResolver_APITransactionHandler (0.00s)
=== CONT  TestNodeApiResolver_GetTransactionsPoolNonceGapsForSender
=== RUN   TestNodeApiResolver_GetTransactionsPoolNonceGapsForSender/should_error
=== PAUSE TestNodeApiResolver_GetTransactionsPoolNonceGapsForSender/should_error
=== RUN   TestNodeApiResolver_GetTransactionsPoolNonceGapsForSender/should_work
=== PAUSE TestNodeApiResolver_GetTransactionsPoolNonceGapsForSender/should_work
=== CONT  TestNodeApiResolver_GetTransactionsPool
=== RUN   TestNodeApiResolver_GetTransactionsPool/should_error
=== PAUSE TestNodeApiResolver_GetTransactionsPool/should_error
=== RUN   TestNodeApiResolver_GetTransactionsPool/should_work
=== PAUSE TestNodeApiResolver_GetTransactionsPool/should_work
=== CONT  TestNodeApiResolver_APIBlockHandler
=== RUN   TestNodeApiResolver_APIBlockHandler/GetBlockByNonce
=== PAUSE TestNodeApiResolver_APIBlockHandler/GetBlockByNonce
=== RUN   TestNodeApiResolver_APIBlockHandler/GetBlockByHash
=== PAUSE TestNodeApiResolver_APIBlockHandler/GetBlockByHash
=== RUN   TestNodeApiResolver_APIBlockHandler/GetBlockByRound
=== PAUSE TestNodeApiResolver_APIBlockHandler/GetBlockByRound
=== CONT  TestNodeApiResolver_StatusMetricsMapWithoutP2PShouldBeCalled
--- PASS: TestNodeApiResolver_StatusMetricsMapWithoutP2PShouldBeCalled (0.00s)
=== CONT  TestNodeApiResolver_GetDirectStakedList
--- PASS: TestNodeApiResolver_GetDirectStakedList (0.00s)
=== CONT  TestNodeApiResolver_GetEligibleManagedKeys/monitor_error_should_error
=== CONT  TestNodeApiResolver_GetWaitingEpochsLeftForPublicKey
=== RUN   TestNodeApiResolver_GetWaitingEpochsLeftForPublicKey/invalid_public_key_should_error
=== PAUSE TestNodeApiResolver_GetWaitingEpochsLeftForPublicKey/invalid_public_key_should_error
=== RUN   TestNodeApiResolver_GetWaitingEpochsLeftForPublicKey/should_work
=== PAUSE TestNodeApiResolver_GetWaitingEpochsLeftForPublicKey/should_work
=== CONT  TestNodeApiResolver_GetLastPoolNonceForSender
=== RUN   TestNodeApiResolver_GetLastPoolNonceForSender/should_error
=== PAUSE TestNodeApiResolver_GetLastPoolNonceForSender/should_error
=== RUN   TestNodeApiResolver_GetLastPoolNonceForSender/should_work
=== PAUSE TestNodeApiResolver_GetLastPoolNonceForSender/should_work
=== CONT  TestNodeApiResolver_GetTransactionsPoolForSender
=== RUN   TestNodeApiResolver_GetTransactionsPoolForSender/should_error
=== PAUSE TestNodeApiResolver_GetTransactionsPoolForSender/should_error
=== RUN   TestNodeApiResolver_GetTransactionsPoolForSender/should_work
=== PAUSE TestNodeApiResolver_GetTransactionsPoolForSender/should_work
=== CONT  TestNodeApiResolver_GetDataValueShouldCall
--- PASS: TestNodeApiResolver_GetDataValueShouldCall (0.00s)
=== CONT  TestNodeApiResolver_GetTransactionsPool/should_error
=== CONT  TestNodeApiResolver_GetGenesisBalances/should_return_empty_slice
=== CONT  TestNodeApiResolver_GetLoadedKeys/multikey_should_work
=== CONT  TestNodeApiResolver_GetEligibleManagedKeys/should_work
--- PASS: TestNodeApiResolver_GetEligibleManagedKeys (0.00s)
    --- PASS: TestNodeApiResolver_GetEligibleManagedKeys/monitor_error_should_error (0.00s)
    --- PASS: TestNodeApiResolver_GetEligibleManagedKeys/should_work (0.00s)
=== CONT  TestNodeApiResolver_GetTransactionsPoolNonceGapsForSender/should_error
=== CONT  TestNodeApiResolver_CloseShouldReturnNil
--- PASS: TestNodeApiResolver_CloseShouldReturnNil (0.00s)
=== CONT  TestNodeApiResolver_GetLastPoolNonceForSender/should_error
=== CONT  TestNodeApiResolver_GetGenesisBalances/should_work
--- PASS: TestNodeApiResolver_GetGenesisBalances (0.00s)
    --- PASS: TestNodeApiResolver_GetGenesisBalances/should_return_empty_slice (0.00s)
    --- PASS: TestNodeApiResolver_GetGenesisBalances/should_work (0.00s)
=== CONT  TestNodeApiResolver_APIBlockHandler/GetBlockByNonce
=== CONT  TestNodeApiResolver_GetLoadedKeys/single_key_should_work
--- PASS: TestNodeApiResolver_GetLoadedKeys (0.00s)
    --- PASS: TestNodeApiResolver_GetLoadedKeys/multikey_should_work (0.00s)
    --- PASS: TestNodeApiResolver_GetLoadedKeys/single_key_should_work (0.00s)
=== CONT  TestNodeApiResolver_GetWaitingEpochsLeftForPublicKey/invalid_public_key_should_error
=== CONT  TestNodeApiResolver_GetTransactionsPoolNonceGapsForSender/should_work
--- PASS: TestNodeApiResolver_GetTransactionsPoolNonceGapsForSender (0.00s)
    --- PASS: TestNodeApiResolver_GetTransactionsPoolNonceGapsForSender/should_error (0.00s)
    --- PASS: TestNodeApiResolver_GetTransactionsPoolNonceGapsForSender/should_work (0.00s)
=== CONT  TestNewNodeApiResolver_ShouldWork
--- PASS: TestNewNodeApiResolver_ShouldWork (0.00s)
=== CONT  TestNodeApiResolver_GetTransactionsPoolForSender/should_work
=== CONT  TestNodeApiResolver_GetTransactionsPool/should_work
--- PASS: TestNodeApiResolver_GetTransactionsPool (0.00s)
    --- PASS: TestNodeApiResolver_GetTransactionsPool/should_error (0.00s)
    --- PASS: TestNodeApiResolver_GetTransactionsPool/should_work (0.00s)
=== CONT  TestNodeApiResolver_GetTransactionsPoolForSender/should_error
--- PASS: TestNodeApiResolver_GetTransactionsPoolForSender (0.00s)
    --- PASS: TestNodeApiResolver_GetTransactionsPoolForSender/should_work (0.00s)
    --- PASS: TestNodeApiResolver_GetTransactionsPoolForSender/should_error (0.00s)
=== CONT  TestNodeApiResolver_APIBlockHandler/GetBlockByRound
=== CONT  TestNodeApiResolver_APIBlockHandler/GetBlockByHash
--- PASS: TestNodeApiResolver_APIBlockHandler (0.00s)
    --- PASS: TestNodeApiResolver_APIBlockHandler/GetBlockByNonce (0.00s)
    --- PASS: TestNodeApiResolver_APIBlockHandler/GetBlockByRound (0.00s)
    --- PASS: TestNodeApiResolver_APIBlockHandler/GetBlockByHash (0.00s)
=== CONT  TestNodeApiResolver_GetWaitingEpochsLeftForPublicKey/should_work
--- PASS: TestNodeApiResolver_GetWaitingEpochsLeftForPublicKey (0.00s)
    --- PASS: TestNodeApiResolver_GetWaitingEpochsLeftForPublicKey/invalid_public_key_should_error (0.00s)
    --- PASS: TestNodeApiResolver_GetWaitingEpochsLeftForPublicKey/should_work (0.00s)
=== CONT  TestNewNodeApiResolver_NilNodesCoordinator
--- PASS: TestNewNodeApiResolver_NilNodesCoordinator (0.00s)
=== CONT  TestNewNodeApiResolver_NilGasSchedules
=== CONT  TestNewNodeApiResolver_NilDelegatedListHandler
=== CONT  TestNewNodeApiResolver_NilDirectStakedListHandler
=== CONT  TestNewNodeApiResolver_NilTotalStakedValueHandler
=== CONT  TestNewNodeApiResolver_NilTransactionCostEstimator
=== CONT  TestNewNodeApiResolver_NilStatusMetricsShouldErr
=== CONT  TestNodeApiResolver_IsInterfaceNil
=== RUN   TestNodeApiResolver_GetWaitingManagedKeys/should_work
=== CONT  TestNodeApiResolver_GetLastPoolNonceForSender/should_work
--- PASS: TestNodeApiResolver_GetLastPoolNonceForSender (0.00s)
    --- PASS: TestNodeApiResolver_GetLastPoolNonceForSender/should_error (0.00s)
    --- PASS: TestNodeApiResolver_GetLastPoolNonceForSender/should_work (0.00s)
--- PASS: TestNewNodeApiResolver_NilGasSchedules (0.00s)
--- PASS: TestNewNodeApiResolver_NilDelegatedListHandler (0.00s)
--- PASS: TestNewNodeApiResolver_NilDirectStakedListHandler (0.00s)
--- PASS: TestNewNodeApiResolver_NilTotalStakedValueHandler (0.00s)
--- PASS: TestNewNodeApiResolver_NilTransactionCostEstimator (0.00s)
--- PASS: TestNewNodeApiResolver_NilStatusMetricsShouldErr (0.00s)
--- PASS: TestNodeApiResolver_IsInterfaceNil (0.00s)
=== PAUSE TestNodeApiResolver_GetWaitingManagedKeys/should_work
=== CONT  TestNodeApiResolver_GetWaitingManagedKeys/monitor_error_should_error
=== CONT  TestNodeApiResolver_GetWaitingManagedKeys/should_work
--- PASS: TestNodeApiResolver_GetWaitingManagedKeys (0.00s)
    --- PASS: TestNodeApiResolver_GetWaitingManagedKeys/monitor_error_should_error (0.00s)
    --- PASS: TestNodeApiResolver_GetWaitingManagedKeys/should_work (0.00s)
PASS
ok  	github.com/TerraDharitri/drt-go-chain/node/external	(cached)
=== RUN   TestCreateAPIBlockProcessorNilArgs
=== PAUSE TestCreateAPIBlockProcessorNilArgs
=== RUN   TestGetBlockByHash_KeyNotFound
=== PAUSE TestGetBlockByHash_KeyNotFound
=== RUN   TestGetBlockByHashFromHistoryNode
=== PAUSE TestGetBlockByHashFromHistoryNode
=== RUN   TestGetBlockByHashFromNormalNode
=== PAUSE TestGetBlockByHashFromNormalNode
=== RUN   TestGetBlockByNonceFromHistoryNode
=== PAUSE TestGetBlockByNonceFromHistoryNode
=== RUN   TestGetBlockByNonce_GetBlockByRound_FromNormalNode
=== PAUSE TestGetBlockByNonce_GetBlockByRound_FromNormalNode
=== RUN   TestGetBlockByHashFromHistoryNode_StatusReverted
=== PAUSE TestGetBlockByHashFromHistoryNode_StatusReverted
=== RUN   TestBaseBlockGetIntraMiniblocksSCRS
=== PAUSE TestBaseBlockGetIntraMiniblocksSCRS
=== RUN   TestBaseBlockGetIntraMiniblocksReceipts
=== PAUSE TestBaseBlockGetIntraMiniblocksReceipts
=== RUN   TestBaseBlock_getAndAttachTxsToMb_MiniblockTxBlock
=== PAUSE TestBaseBlock_getAndAttachTxsToMb_MiniblockTxBlock
=== RUN   TestBaseBlock_getAndAttachTxsToMbShouldIncludeLogsAsSpecified
=== PAUSE TestBaseBlock_getAndAttachTxsToMbShouldIncludeLogsAsSpecified
=== RUN   TestExtractExecutedTxHashes
=== PAUSE TestExtractExecutedTxHashes
=== RUN   TestAddScheduledInfoInBlock
=== PAUSE TestAddScheduledInfoInBlock
=== RUN   TestProofToAPIProof
=== PAUSE TestProofToAPIProof
=== RUN   TestAddProof
=== PAUSE TestAddProof
=== RUN   TestBigInToString
=== PAUSE TestBigInToString
=== RUN   TestBaseBlock_getAndAttachTxsToMb_MiniblockTxBlockgetFromStore
=== PAUSE TestBaseBlock_getAndAttachTxsToMb_MiniblockTxBlockgetFromStore
=== RUN   TestInternalBlockProcessor_ConvertShardBlockBytesToInternalBlockShouldFail
=== PAUSE TestInternalBlockProcessor_ConvertShardBlockBytesToInternalBlockShouldFail
=== RUN   TestInternalBlockProcessor_ConvertShardBlockBytesToInternalBlockShouldWork
=== PAUSE TestInternalBlockProcessor_ConvertShardBlockBytesToInternalBlockShouldWork
=== RUN   TestInternalBlockProcessor_ConvertShardBlockBytesByOutputFormat
=== PAUSE TestInternalBlockProcessor_ConvertShardBlockBytesByOutputFormat
=== RUN   TestInternalBlockProcessor_GetInternalShardBlockShouldFail
=== PAUSE TestInternalBlockProcessor_GetInternalShardBlockShouldFail
=== RUN   TestInternalBlockProcessor_GetInternalShardBlockByHash
=== PAUSE TestInternalBlockProcessor_GetInternalShardBlockByHash
=== RUN   TestInternalBlockProcessor_GetProtoShardBlockByHash
=== PAUSE TestInternalBlockProcessor_GetProtoShardBlockByHash
=== RUN   TestInternalBlockProcessor_GetInternalShardBlockByNonce
=== PAUSE TestInternalBlockProcessor_GetInternalShardBlockByNonce
=== RUN   TestInternalBlockProcessor_GetProtoShardBlockByNonce
=== PAUSE TestInternalBlockProcessor_GetProtoShardBlockByNonce
=== RUN   TestInternalBlockProcessor_GetInternalShardBlockByRound
=== PAUSE TestInternalBlockProcessor_GetInternalShardBlockByRound
=== RUN   TestInternalBlockProcessor_GetProtoShardBlockByRound
=== PAUSE TestInternalBlockProcessor_GetProtoShardBlockByRound
=== RUN   TestInternalBlockProcessor_ConvertMetaBlockBytesToInternalBlock_ShouldFail
=== PAUSE TestInternalBlockProcessor_ConvertMetaBlockBytesToInternalBlock_ShouldFail
=== RUN   TestInternalBlockProcessor_ConvertMetaBlockBytesToInternalBlockShouldWork
=== PAUSE TestInternalBlockProcessor_ConvertMetaBlockBytesToInternalBlockShouldWork
=== RUN   TestInternalBlockProcessor_ConvertMetaBlockBytesByOutputFormat
=== PAUSE TestInternalBlockProcessor_ConvertMetaBlockBytesByOutputFormat
=== RUN   TestInternalBlockProcessor_GetInternalMetaBlockShouldFail
=== PAUSE TestInternalBlockProcessor_GetInternalMetaBlockShouldFail
=== RUN   TestInternalBlockProcessor_GetInternalMetaBlockByHash
=== PAUSE TestInternalBlockProcessor_GetInternalMetaBlockByHash
=== RUN   TestInternalBlockProcessor_GetProtoMetaBlockByHash
=== PAUSE TestInternalBlockProcessor_GetProtoMetaBlockByHash
=== RUN   TestInternalBlockProcessor_GetInternalMetaBlockByNonce
=== PAUSE TestInternalBlockProcessor_GetInternalMetaBlockByNonce
=== RUN   TestInternalBlockProcessor_GetProtoMetaBlockByNonce
=== PAUSE TestInternalBlockProcessor_GetProtoMetaBlockByNonce
=== RUN   TestInternalBlockProcessor_GetInternalMetaBlockByRound
=== PAUSE TestInternalBlockProcessor_GetInternalMetaBlockByRound
=== RUN   TestInternalBlockProcessor_GetProtoMetaBlockByRound
=== PAUSE TestInternalBlockProcessor_GetProtoMetaBlockByRound
=== RUN   TestInternalBlockProcessor_GetInternalMiniBlockByHash
=== PAUSE TestInternalBlockProcessor_GetInternalMiniBlockByHash
=== RUN   TestInternalBlockProcessor_GetInternalStartOfEpochMetaBlock
=== PAUSE TestInternalBlockProcessor_GetInternalStartOfEpochMetaBlock
=== RUN   TestInternalBlockProcessor_GetInternalStartOfEpochValidatorsInfo
=== PAUSE TestInternalBlockProcessor_GetInternalStartOfEpochValidatorsInfo
=== RUN   TestMetaAPIBlockProcessor_GetBlockByHashInvalidHashShouldErr
=== PAUSE TestMetaAPIBlockProcessor_GetBlockByHashInvalidHashShouldErr
=== RUN   TestMetaAPIBlockProcessor_BlockByNonceNonceTooHighShouldErr
=== PAUSE TestMetaAPIBlockProcessor_BlockByNonceNonceTooHighShouldErr
=== RUN   TestMetaAPIBlockProcessor_GetBlockByNonceInvalidNonceShouldErr
=== PAUSE TestMetaAPIBlockProcessor_GetBlockByNonceInvalidNonceShouldErr
=== RUN   TestMetaAPIBlockProcessor_GetBlockByRoundInvalidRoundShouldErr
=== PAUSE TestMetaAPIBlockProcessor_GetBlockByRoundInvalidRoundShouldErr
=== RUN   TestMetaAPIBlockProcessor_GetBlockByHashFromHistoryNode
=== PAUSE TestMetaAPIBlockProcessor_GetBlockByHashFromHistoryNode
=== RUN   TestMetaAPIBlockProcessor_GetBlockByHashFromGenesis
=== PAUSE TestMetaAPIBlockProcessor_GetBlockByHashFromGenesis
=== RUN   TestMetaAPIBlockProcessor_GetBlockByNonceFromHistoryNode
=== PAUSE TestMetaAPIBlockProcessor_GetBlockByNonceFromHistoryNode
=== RUN   TestMetaAPIBlockProcessor_GetBlockByNonceFromGenesis
=== PAUSE TestMetaAPIBlockProcessor_GetBlockByNonceFromGenesis
=== RUN   TestMetaAPIBlockProcessor_GetBlockByRoundFromStorer
=== PAUSE TestMetaAPIBlockProcessor_GetBlockByRoundFromStorer
=== RUN   TestMetaAPIBlockProcessor_GetBlockByHashFromHistoryNodeStatusReverted
=== PAUSE TestMetaAPIBlockProcessor_GetBlockByHashFromHistoryNodeStatusReverted
=== RUN   TestMetaAPIBlockProcessor_GetBlockByRound_GetBlockByNonce_EpochStartBlock
=== PAUSE TestMetaAPIBlockProcessor_GetBlockByRound_GetBlockByNonce_EpochStartBlock
=== RUN   TestMetaAPIBlockProcessor_GetAlteredAccountsForBlock
=== PAUSE TestMetaAPIBlockProcessor_GetAlteredAccountsForBlock
=== RUN   TestFilterOutDuplicatedMiniblocks
--- PASS: TestFilterOutDuplicatedMiniblocks (0.00s)
=== RUN   TestShardAPIBlockProcessor_GetBlockByHashInvalidHashShouldErr
=== PAUSE TestShardAPIBlockProcessor_GetBlockByHashInvalidHashShouldErr
=== RUN   TestShardAPIBlockProcessor_GetBlockByNonceInvalidNonceShouldErr
=== PAUSE TestShardAPIBlockProcessor_GetBlockByNonceInvalidNonceShouldErr
=== RUN   TestShardAPIBlockProcessor_BlockByNonceNonceTooHighShouldErr
=== PAUSE TestShardAPIBlockProcessor_BlockByNonceNonceTooHighShouldErr
=== RUN   TestShardAPIBlockProcessor_GetBlockByRoundInvalidRoundShouldErr
=== PAUSE TestShardAPIBlockProcessor_GetBlockByRoundInvalidRoundShouldErr
=== RUN   TestShardAPIBlockProcessor_GetBlockByHashFromNormalNode
=== PAUSE TestShardAPIBlockProcessor_GetBlockByHashFromNormalNode
=== RUN   TestShardAPIBlockProcessor_GetBlockByHashFromGenesis
=== PAUSE TestShardAPIBlockProcessor_GetBlockByHashFromGenesis
=== RUN   TestShardAPIBlockProcessor_GetBlockByNonceFromHistoryNode
=== PAUSE TestShardAPIBlockProcessor_GetBlockByNonceFromHistoryNode
=== RUN   TestShardAPIBlockProcessor_GetBlockByNonceFromGenesis
=== PAUSE TestShardAPIBlockProcessor_GetBlockByNonceFromGenesis
=== RUN   TestShardAPIBlockProcessor_GetBlockByRoundFromStorer
=== PAUSE TestShardAPIBlockProcessor_GetBlockByRoundFromStorer
=== RUN   TestShardAPIBlockProcessor_GetBlockByHashFromHistoryNodeStatusReverted
=== PAUSE TestShardAPIBlockProcessor_GetBlockByHashFromHistoryNodeStatusReverted
=== RUN   TestShardAPIBlockProcessor_GetAlteredAccountsForBlock
=== PAUSE TestShardAPIBlockProcessor_GetAlteredAccountsForBlock
=== CONT  TestCreateAPIBlockProcessorNilArgs
=== CONT  TestInternalBlockProcessor_GetProtoMetaBlockByHash
--- PASS: TestInternalBlockProcessor_GetProtoMetaBlockByHash (0.00s)
=== CONT  TestShardAPIBlockProcessor_GetAlteredAccountsForBlock
=== RUN   TestShardAPIBlockProcessor_GetAlteredAccountsForBlock/header_not_found_in_storage_-_should_err
=== PAUSE TestShardAPIBlockProcessor_GetAlteredAccountsForBlock/header_not_found_in_storage_-_should_err
=== RUN   TestShardAPIBlockProcessor_GetAlteredAccountsForBlock/get_altered_account_by_block_hash_-_should_work
=== PAUSE TestShardAPIBlockProcessor_GetAlteredAccountsForBlock/get_altered_account_by_block_hash_-_should_work
=== CONT  TestShardAPIBlockProcessor_GetAlteredAccountsForBlock/header_not_found_in_storage_-_should_err
=== CONT  TestShardAPIBlockProcessor_GetBlockByHashFromHistoryNodeStatusReverted
--- PASS: TestShardAPIBlockProcessor_GetBlockByHashFromHistoryNodeStatusReverted (0.00s)
=== CONT  TestShardAPIBlockProcessor_GetBlockByRoundFromStorer
--- PASS: TestShardAPIBlockProcessor_GetBlockByRoundFromStorer (0.00s)
=== CONT  TestShardAPIBlockProcessor_GetBlockByNonceFromGenesis
--- PASS: TestShardAPIBlockProcessor_GetBlockByNonceFromGenesis (0.00s)
=== CONT  TestShardAPIBlockProcessor_GetBlockByNonceFromHistoryNode
--- PASS: TestShardAPIBlockProcessor_GetBlockByNonceFromHistoryNode (0.00s)
=== CONT  TestShardAPIBlockProcessor_GetBlockByHashFromGenesis
--- PASS: TestShardAPIBlockProcessor_GetBlockByHashFromGenesis (0.00s)
=== CONT  TestShardAPIBlockProcessor_GetBlockByHashFromNormalNode
--- PASS: TestShardAPIBlockProcessor_GetBlockByHashFromNormalNode (0.00s)
=== CONT  TestShardAPIBlockProcessor_GetBlockByRoundInvalidRoundShouldErr
--- PASS: TestShardAPIBlockProcessor_GetBlockByRoundInvalidRoundShouldErr (0.00s)
=== CONT  TestShardAPIBlockProcessor_BlockByNonceNonceTooHighShouldErr
--- PASS: TestShardAPIBlockProcessor_BlockByNonceNonceTooHighShouldErr (0.00s)
=== CONT  TestShardAPIBlockProcessor_GetBlockByNonceInvalidNonceShouldErr
--- PASS: TestShardAPIBlockProcessor_GetBlockByNonceInvalidNonceShouldErr (0.00s)
=== CONT  TestShardAPIBlockProcessor_GetBlockByHashInvalidHashShouldErr
--- PASS: TestShardAPIBlockProcessor_GetBlockByHashInvalidHashShouldErr (0.00s)
=== CONT  TestMetaAPIBlockProcessor_GetAlteredAccountsForBlock
=== RUN   TestMetaAPIBlockProcessor_GetAlteredAccountsForBlock/header_not_found_in_storage_-_should_err
=== PAUSE TestMetaAPIBlockProcessor_GetAlteredAccountsForBlock/header_not_found_in_storage_-_should_err
=== RUN   TestMetaAPIBlockProcessor_GetAlteredAccountsForBlock/get_altered_account_by_block_hash_-_should_work
=== PAUSE TestMetaAPIBlockProcessor_GetAlteredAccountsForBlock/get_altered_account_by_block_hash_-_should_work
=== CONT  TestMetaAPIBlockProcessor_GetAlteredAccountsForBlock/header_not_found_in_storage_-_should_err
=== CONT  TestMetaAPIBlockProcessor_GetBlockByRound_GetBlockByNonce_EpochStartBlock
--- PASS: TestMetaAPIBlockProcessor_GetBlockByRound_GetBlockByNonce_EpochStartBlock (0.00s)
=== CONT  TestMetaAPIBlockProcessor_GetBlockByHashFromHistoryNodeStatusReverted
--- PASS: TestMetaAPIBlockProcessor_GetBlockByHashFromHistoryNodeStatusReverted (0.00s)
=== CONT  TestMetaAPIBlockProcessor_GetBlockByRoundFromStorer
--- PASS: TestMetaAPIBlockProcessor_GetBlockByRoundFromStorer (0.00s)
=== CONT  TestMetaAPIBlockProcessor_GetBlockByNonceFromGenesis
--- PASS: TestMetaAPIBlockProcessor_GetBlockByNonceFromGenesis (0.00s)
=== CONT  TestMetaAPIBlockProcessor_GetBlockByNonceFromHistoryNode
--- PASS: TestMetaAPIBlockProcessor_GetBlockByNonceFromHistoryNode (0.00s)
=== CONT  TestMetaAPIBlockProcessor_GetBlockByHashFromGenesis
=== RUN   TestCreateAPIBlockProcessorNilArgs/NilArgShouldErr
=== PAUSE TestCreateAPIBlockProcessorNilArgs/NilArgShouldErr
=== RUN   TestCreateAPIBlockProcessorNilArgs/NilUint64Converter
=== PAUSE TestCreateAPIBlockProcessorNilArgs/NilUint64Converter
=== RUN   TestCreateAPIBlockProcessorNilArgs/NilStore
=== PAUSE TestCreateAPIBlockProcessorNilArgs/NilStore
=== RUN   TestCreateAPIBlockProcessorNilArgs/NilMarshalizer
=== CONT  TestInternalBlockProcessor_GetInternalMiniBlockByHash
=== CONT  TestShardAPIBlockProcessor_GetAlteredAccountsForBlock/get_altered_account_by_block_hash_-_should_work
=== RUN   TestInternalBlockProcessor_GetInternalMiniBlockByHash/storer_not_found
=== PAUSE TestInternalBlockProcessor_GetInternalMiniBlockByHash/storer_not_found
=== RUN   TestInternalBlockProcessor_GetInternalMiniBlockByHash/provided_hash_not_in_storer
=== PAUSE TestInternalBlockProcessor_GetInternalMiniBlockByHash/provided_hash_not_in_storer
=== RUN   TestInternalBlockProcessor_GetInternalMiniBlockByHash/provided_hash_not_in_storer#01
=== PAUSE TestInternalBlockProcessor_GetInternalMiniBlockByHash/provided_hash_not_in_storer#01
=== RUN   TestInternalBlockProcessor_GetInternalMiniBlockByHash/proto_raw_data_mini_block,_should_work
=== PAUSE TestInternalBlockProcessor_GetInternalMiniBlockByHash/proto_raw_data_mini_block,_should_work
=== RUN   TestInternalBlockProcessor_GetInternalMiniBlockByHash/internal_data_mini_block,_should_work
=== PAUSE TestInternalBlockProcessor_GetInternalMiniBlockByHash/internal_data_mini_block,_should_work
=== CONT  TestInternalBlockProcessor_GetInternalMiniBlockByHash/storer_not_found
=== CONT  TestInternalBlockProcessor_GetInternalMetaBlockByHash
=== CONT  TestBaseBlock_getAndAttachTxsToMb_MiniblockTxBlockgetFromStore
--- PASS: TestBaseBlock_getAndAttachTxsToMb_MiniblockTxBlockgetFromStore (0.00s)
=== CONT  TestInternalBlockProcessor_GetInternalStartOfEpochMetaBlock
--- PASS: TestInternalBlockProcessor_GetInternalMetaBlockByHash (0.00s)
=== CONT  TestInternalBlockProcessor_GetInternalMiniBlockByHash/internal_data_mini_block,_should_work
=== RUN   TestInternalBlockProcessor_GetInternalStartOfEpochMetaBlock/not_metachain_shard,_should_fail
=== PAUSE TestInternalBlockProcessor_GetInternalStartOfEpochMetaBlock/not_metachain_shard,_should_fail
=== RUN   TestInternalBlockProcessor_GetInternalStartOfEpochMetaBlock/fail_to_get_from_storer
=== PAUSE TestInternalBlockProcessor_GetInternalStartOfEpochMetaBlock/fail_to_get_from_storer
=== RUN   TestInternalBlockProcessor_GetInternalStartOfEpochMetaBlock/proto_raw_data_meta_block,_should_work
=== PAUSE TestInternalBlockProcessor_GetInternalStartOfEpochMetaBlock/proto_raw_data_meta_block,_should_work
=== RUN   TestInternalBlockProcessor_GetInternalStartOfEpochMetaBlock/internal_data_meta_block,_should_work
=== PAUSE TestInternalBlockProcessor_GetInternalStartOfEpochMetaBlock/internal_data_meta_block,_should_work
=== CONT  TestMetaAPIBlockProcessor_GetBlockByHashFromHistoryNode
=== CONT  TestInternalBlockProcessor_GetInternalMiniBlockByHash/provided_hash_not_in_storer#01
=== CONT  TestInternalBlockProcessor_GetInternalMiniBlockByHash/proto_raw_data_mini_block,_should_work
=== CONT  TestBaseBlockGetIntraMiniblocksReceipts
=== CONT  TestBigInToString
=== CONT  TestAddProof
=== RUN   TestAddProof/no_proof_for_required_block_should_error
=== PAUSE TestAddProof/no_proof_for_required_block_should_error
=== RUN   TestAddProof/proof_for_current_block_returned_from_pool
=== PAUSE TestAddProof/proof_for_current_block_returned_from_pool
=== RUN   TestAddProof/no_previous_proof_only_current_proof
=== CONT  TestProofToAPIProof
=== PAUSE TestAddProof/no_previous_proof_only_current_proof
=== CONT  TestAddScheduledInfoInBlock
=== RUN   TestAddProof/proof_for_block_returned_from_storage
=== CONT  TestInternalBlockProcessor_GetInternalMetaBlockByNonce
=== CONT  TestInternalBlockProcessor_GetInternalMetaBlockByRound
=== CONT  TestInternalBlockProcessor_GetProtoMetaBlockByNonce
=== PAUSE TestAddProof/proof_for_block_returned_from_storage
=== CONT  TestBaseBlock_getAndAttachTxsToMbShouldIncludeLogsAsSpecified
=== CONT  TestGetBlockByNonceFromHistoryNode
=== CONT  TestBaseBlockGetIntraMiniblocksSCRS
=== CONT  TestMetaAPIBlockProcessor_GetBlockByHashInvalidHashShouldErr
=== CONT  TestMetaAPIBlockProcessor_BlockByNonceNonceTooHighShouldErr
=== CONT  TestInternalBlockProcessor_GetInternalStartOfEpochValidatorsInfo
=== RUN   TestInternalBlockProcessor_GetInternalStartOfEpochValidatorsInfo/not_metachain_shard,_should_fail
=== CONT  TestGetBlockByHashFromHistoryNode_StatusReverted
=== CONT  TestMetaAPIBlockProcessor_GetBlockByRoundInvalidRoundShouldErr
=== CONT  TestMetaAPIBlockProcessor_GetBlockByNonceInvalidNonceShouldErr
=== PAUSE TestCreateAPIBlockProcessorNilArgs/NilMarshalizer
=== RUN   TestCreateAPIBlockProcessorNilArgs/NilHistoryRepo
[0;33mWARN [0m[2026-03-16 10:13:57.907]   extractExecutedTxHashes encountered invalid indices [0;33mfirstProcessed[0m = 0 [0;33mlastProcessed[0m = -1 [0;33mlen(mbTxHashes)[0m = 3 
=== CONT  TestExtractExecutedTxHashes
[0;33mWARN [0m[2026-03-16 10:13:57.907]   extractExecutedTxHashes encountered invalid indices [0;33mfirstProcessed[0m = 0 [0;33mlastProcessed[0m = 10 [0;33mlen(mbTxHashes)[0m = 10 
=== CONT  TestMetaAPIBlockProcessor_GetAlteredAccountsForBlock/get_altered_account_by_block_hash_-_should_work
[0;33mWARN [0m[2026-03-16 10:13:57.907]   extractExecutedTxHashes encountered invalid indices [0;33mfirstProcessed[0m = -1 [0;33mlastProcessed[0m = 10 [0;33mlen(mbTxHashes)[0m = 10 
[0;33mWARN [0m[2026-03-16 10:13:57.907]   extractExecutedTxHashes encountered invalid indices [0;33mfirstProcessed[0m = 20 [0;33mlastProcessed[0m = 10 [0;33mlen(mbTxHashes)[0m = 10 
[0;33mWARN [0m[2026-03-16 10:13:57.907]   extractExecutedTxHashes encountered invalid indices [0;33mfirstProcessed[0m = 0 [0;33mlastProcessed[0m = 11 [0;33mlen(mbTxHashes)[0m = 10 
=== CONT  TestInternalBlockProcessor_GetInternalMiniBlockByHash/provided_hash_not_in_storer
--- PASS: TestShardAPIBlockProcessor_GetAlteredAccountsForBlock (0.00s)
    --- PASS: TestShardAPIBlockProcessor_GetAlteredAccountsForBlock/header_not_found_in_storage_-_should_err (0.00s)
    --- PASS: TestShardAPIBlockProcessor_GetAlteredAccountsForBlock/get_altered_account_by_block_hash_-_should_work (0.00s)
--- PASS: TestBigInToString (0.00s)
=== CONT  TestInternalBlockProcessor_ConvertMetaBlockBytesToInternalBlock_ShouldFail
--- PASS: TestMetaAPIBlockProcessor_GetBlockByHashFromHistoryNode (0.00s)
--- PASS: TestBaseBlockGetIntraMiniblocksReceipts (0.00s)
--- PASS: TestInternalBlockProcessor_ConvertMetaBlockBytesToInternalBlock_ShouldFail (0.00s)
=== CONT  TestInternalBlockProcessor_GetProtoMetaBlockByRound
=== CONT  TestGetBlockByHashFromHistoryNode
=== CONT  TestGetBlockByHashFromNormalNode
=== CONT  TestInternalBlockProcessor_GetProtoShardBlockByRound
=== CONT  TestGetBlockByHash_KeyNotFound
--- PASS: TestProofToAPIProof (0.00s)
=== CONT  TestInternalBlockProcessor_GetInternalShardBlockByRound
--- PASS: TestInternalBlockProcessor_GetProtoMetaBlockByNonce (0.00s)
--- PASS: TestAddScheduledInfoInBlock (0.00s)
--- PASS: TestInternalBlockProcessor_GetInternalMetaBlockByNonce (0.00s)
--- PASS: TestMetaAPIBlockProcessor_GetBlockByHashInvalidHashShouldErr (0.00s)
--- PASS: TestBaseBlock_getAndAttachTxsToMbShouldIncludeLogsAsSpecified (0.00s)
--- PASS: TestBaseBlockGetIntraMiniblocksSCRS (0.00s)
--- PASS: TestMetaAPIBlockProcessor_BlockByNonceNonceTooHighShouldErr (0.00s)
--- PASS: TestExtractExecutedTxHashes (0.00s)
--- PASS: TestMetaAPIBlockProcessor_GetAlteredAccountsForBlock (0.00s)
    --- PASS: TestMetaAPIBlockProcessor_GetAlteredAccountsForBlock/header_not_found_in_storage_-_should_err (0.00s)
    --- PASS: TestMetaAPIBlockProcessor_GetAlteredAccountsForBlock/get_altered_account_by_block_hash_-_should_work (0.00s)
--- PASS: TestMetaAPIBlockProcessor_GetBlockByRoundInvalidRoundShouldErr (0.00s)
--- PASS: TestMetaAPIBlockProcessor_GetBlockByNonceInvalidNonceShouldErr (0.00s)
--- PASS: TestInternalBlockProcessor_GetInternalMetaBlockByRound (0.00s)
--- PASS: TestInternalBlockProcessor_GetProtoMetaBlockByRound (0.00s)
--- PASS: TestGetBlockByHashFromNormalNode (0.00s)
=== CONT  TestGetBlockByNonce_GetBlockByRound_FromNormalNode
=== PAUSE TestCreateAPIBlockProcessorNilArgs/NilHistoryRepo
--- PASS: TestMetaAPIBlockProcessor_GetBlockByHashFromGenesis (0.00s)
=== CONT  TestInternalBlockProcessor_GetInternalShardBlockByNonce
=== RUN   TestCreateAPIBlockProcessorNilArgs/NilTxHandler
=== PAUSE TestCreateAPIBlockProcessorNilArgs/NilTxHandler
=== RUN   TestCreateAPIBlockProcessorNilArgs/NilHasher
=== PAUSE TestCreateAPIBlockProcessorNilArgs/NilHasher
=== CONT  TestInternalBlockProcessor_GetProtoShardBlockByHash
=== RUN   TestCreateAPIBlockProcessorNilArgs/NilPubKeyConverter
--- PASS: TestInternalBlockProcessor_GetInternalShardBlockByNonce (0.00s)
=== CONT  TestInternalBlockProcessor_GetInternalMetaBlockShouldFail
=== CONT  TestBaseBlock_getAndAttachTxsToMb_MiniblockTxBlock
--- PASS: TestInternalBlockProcessor_GetProtoShardBlockByHash (0.00s)
=== CONT  TestInternalBlockProcessor_GetInternalShardBlockByHash
--- PASS: TestInternalBlockProcessor_GetInternalShardBlockByHash (0.00s)
=== CONT  TestInternalBlockProcessor_ConvertShardBlockBytesToInternalBlockShouldWork
[0;33mWARN [0m[2026-03-16 10:13:57.908]   extractExecutedTxHashes encountered invalid indices [0;33mfirstProcessed[0m = 0 [0;33mlastProcessed[0m = 1 [0;33mlen(mbTxHashes)[0m = 1 
--- PASS: TestGetBlockByNonce_GetBlockByRound_FromNormalNode (0.00s)
=== CONT  TestInternalBlockProcessor_ConvertShardBlockBytesByOutputFormat
--- PASS: TestInternalBlockProcessor_ConvertShardBlockBytesToInternalBlockShouldWork (0.00s)
=== CONT  TestInternalBlockProcessor_ConvertShardBlockBytesToInternalBlockShouldFail
=== PAUSE TestCreateAPIBlockProcessorNilArgs/NilPubKeyConverter
=== RUN   TestInternalBlockProcessor_ConvertShardBlockBytesByOutputFormat/invalid_output_format,_should_fail
=== RUN   TestCreateAPIBlockProcessorNilArgs/NilLogsFacade
=== CONT  TestInternalBlockProcessor_GetProtoShardBlockByNonce
=== PAUSE TestCreateAPIBlockProcessorNilArgs/NilLogsFacade
=== CONT  TestInternalBlockProcessor_GetInternalStartOfEpochMetaBlock/proto_raw_data_meta_block,_should_work
=== RUN   TestCreateAPIBlockProcessorNilArgs/NilReceiptsRepository
=== PAUSE TestCreateAPIBlockProcessorNilArgs/NilReceiptsRepository
=== RUN   TestCreateAPIBlockProcessorNilArgs/NilAlteredAccountsProvider
=== PAUSE TestCreateAPIBlockProcessorNilArgs/NilAlteredAccountsProvider
=== PAUSE TestInternalBlockProcessor_ConvertShardBlockBytesByOutputFormat/invalid_output_format,_should_fail
=== RUN   TestCreateAPIBlockProcessorNilArgs/NilAccountsRepository
=== CONT  TestInternalBlockProcessor_GetInternalStartOfEpochMetaBlock/fail_to_get_from_storer
=== PAUSE TestCreateAPIBlockProcessorNilArgs/NilAccountsRepository
=== PAUSE TestInternalBlockProcessor_GetInternalStartOfEpochValidatorsInfo/not_metachain_shard,_should_fail
=== CONT  TestAddProof/proof_for_block_returned_from_storage
=== RUN   TestInternalBlockProcessor_GetInternalStartOfEpochValidatorsInfo/fail_to_get_from_storer
=== PAUSE TestInternalBlockProcessor_GetInternalStartOfEpochValidatorsInfo/fail_to_get_from_storer
=== RUN   TestInternalBlockProcessor_GetInternalStartOfEpochValidatorsInfo/without_refactor_peers_miniblock_activated,_should_work
=== PAUSE TestInternalBlockProcessor_GetInternalStartOfEpochValidatorsInfo/without_refactor_peers_miniblock_activated,_should_work
=== CONT  TestAddProof/no_previous_proof_only_current_proof
=== RUN   TestInternalBlockProcessor_GetInternalStartOfEpochValidatorsInfo/with_refactor_peers_miniblock_activated,_should_work
=== PAUSE TestInternalBlockProcessor_GetInternalStartOfEpochValidatorsInfo/with_refactor_peers_miniblock_activated,_should_work
=== CONT  TestInternalBlockProcessor_GetInternalStartOfEpochMetaBlock/internal_data_meta_block,_should_work
=== CONT  TestInternalBlockProcessor_GetInternalStartOfEpochValidatorsInfo/not_metachain_shard,_should_fail
=== CONT  TestAddProof/no_proof_for_required_block_should_error
--- PASS: TestBaseBlock_getAndAttachTxsToMb_MiniblockTxBlock (0.00s)
=== CONT  TestInternalBlockProcessor_GetInternalStartOfEpochValidatorsInfo/with_refactor_peers_miniblock_activated,_should_work
--- PASS: TestInternalBlockProcessor_ConvertShardBlockBytesToInternalBlockShouldFail (0.00s)
--- PASS: TestInternalBlockProcessor_GetInternalMiniBlockByHash (0.00s)
    --- PASS: TestInternalBlockProcessor_GetInternalMiniBlockByHash/storer_not_found (0.00s)
    --- PASS: TestInternalBlockProcessor_GetInternalMiniBlockByHash/internal_data_mini_block,_should_work (0.00s)
    --- PASS: TestInternalBlockProcessor_GetInternalMiniBlockByHash/provided_hash_not_in_storer#01 (0.00s)
    --- PASS: TestInternalBlockProcessor_GetInternalMiniBlockByHash/proto_raw_data_mini_block,_should_work (0.00s)
    --- PASS: TestInternalBlockProcessor_GetInternalMiniBlockByHash/provided_hash_not_in_storer (0.00s)
=== CONT  TestAddProof/proof_for_current_block_returned_from_pool
--- PASS: TestGetBlockByHash_KeyNotFound (0.00s)
--- PASS: TestGetBlockByHashFromHistoryNode_StatusReverted (0.00s)
--- PASS: TestInternalBlockProcessor_GetInternalShardBlockByRound (0.00s)
=== RUN   TestInternalBlockProcessor_GetInternalMetaBlockShouldFail/storer_not_found
=== PAUSE TestInternalBlockProcessor_GetInternalMetaBlockShouldFail/storer_not_found
=== RUN   TestInternalBlockProcessor_ConvertShardBlockBytesByOutputFormat/internal_format,_should_work
=== PAUSE TestInternalBlockProcessor_ConvertShardBlockBytesByOutputFormat/internal_format,_should_work
=== CONT  TestInternalBlockProcessor_ConvertMetaBlockBytesToInternalBlockShouldWork
=== RUN   TestInternalBlockProcessor_ConvertShardBlockBytesByOutputFormat/proto_format,_should_work
=== PAUSE TestInternalBlockProcessor_ConvertShardBlockBytesByOutputFormat/proto_format,_should_work
=== CONT  TestInternalBlockProcessor_ConvertShardBlockBytesByOutputFormat/invalid_output_format,_should_fail
=== CONT  TestInternalBlockProcessor_GetInternalShardBlockShouldFail
=== CONT  TestInternalBlockProcessor_GetInternalStartOfEpochValidatorsInfo/without_refactor_peers_miniblock_activated,_should_work
=== CONT  TestInternalBlockProcessor_GetInternalStartOfEpochValidatorsInfo/fail_to_get_from_storer
=== CONT  TestInternalBlockProcessor_GetInternalStartOfEpochMetaBlock/not_metachain_shard,_should_fail
=== RUN   TestInternalBlockProcessor_GetInternalShardBlockShouldFail/storer_not_found
=== CONT  TestInternalBlockProcessor_ConvertShardBlockBytesByOutputFormat/proto_format,_should_work
=== PAUSE TestInternalBlockProcessor_GetInternalShardBlockShouldFail/storer_not_found
--- PASS: TestAddProof (0.00s)
    --- PASS: TestAddProof/no_previous_proof_only_current_proof (0.00s)
    --- PASS: TestAddProof/proof_for_block_returned_from_storage (0.00s)
    --- PASS: TestAddProof/no_proof_for_required_block_should_error (0.00s)
    --- PASS: TestAddProof/proof_for_current_block_returned_from_pool (0.00s)
--- PASS: TestGetBlockByHashFromHistoryNode (0.00s)
--- PASS: TestInternalBlockProcessor_GetProtoShardBlockByNonce (0.00s)
--- PASS: TestInternalBlockProcessor_ConvertMetaBlockBytesToInternalBlockShouldWork (0.00s)
=== RUN   TestInternalBlockProcessor_GetInternalMetaBlockShouldFail/provided_hash_not_in_storer
=== CONT  TestInternalBlockProcessor_ConvertShardBlockBytesByOutputFormat/internal_format,_should_work
=== PAUSE TestInternalBlockProcessor_GetInternalMetaBlockShouldFail/provided_hash_not_in_storer
=== RUN   TestInternalBlockProcessor_GetInternalMetaBlockShouldFail/provided_nonce_not_in_storer
=== PAUSE TestInternalBlockProcessor_GetInternalMetaBlockShouldFail/provided_nonce_not_in_storer
=== RUN   TestInternalBlockProcessor_GetInternalMetaBlockShouldFail/provided_round_not_in_storer
=== PAUSE TestInternalBlockProcessor_GetInternalMetaBlockShouldFail/provided_round_not_in_storer
=== CONT  TestInternalBlockProcessor_GetInternalMetaBlockShouldFail/storer_not_found
=== CONT  TestInternalBlockProcessor_ConvertMetaBlockBytesByOutputFormat
--- PASS: TestInternalBlockProcessor_GetInternalStartOfEpochMetaBlock (0.00s)
    --- PASS: TestInternalBlockProcessor_GetInternalStartOfEpochMetaBlock/proto_raw_data_meta_block,_should_work (0.00s)
    --- PASS: TestInternalBlockProcessor_GetInternalStartOfEpochMetaBlock/fail_to_get_from_storer (0.00s)
    --- PASS: TestInternalBlockProcessor_GetInternalStartOfEpochMetaBlock/internal_data_meta_block,_should_work (0.00s)
    --- PASS: TestInternalBlockProcessor_GetInternalStartOfEpochMetaBlock/not_metachain_shard,_should_fail (0.00s)
=== RUN   TestCreateAPIBlockProcessorNilArgs/NilScheduledTxsExecutionHandler
=== PAUSE TestCreateAPIBlockProcessorNilArgs/NilScheduledTxsExecutionHandler
=== RUN   TestInternalBlockProcessor_ConvertMetaBlockBytesByOutputFormat/invalid_output_format,_should_fail
=== RUN   TestCreateAPIBlockProcessorNilArgs/NilEnableEpochsHandler
=== CONT  TestInternalBlockProcessor_GetInternalMetaBlockShouldFail/provided_nonce_not_in_storer
=== PAUSE TestCreateAPIBlockProcessorNilArgs/NilEnableEpochsHandler
=== RUN   TestCreateAPIBlockProcessorNilArgs/NilProofsPool
=== PAUSE TestCreateAPIBlockProcessorNilArgs/NilProofsPool
=== CONT  TestInternalBlockProcessor_GetInternalMetaBlockShouldFail/provided_round_not_in_storer
=== RUN   TestCreateAPIBlockProcessorNilArgs/NilBlockChain
=== CONT  TestInternalBlockProcessor_GetInternalMetaBlockShouldFail/provided_hash_not_in_storer
=== PAUSE TestCreateAPIBlockProcessorNilArgs/NilBlockChain
--- PASS: TestInternalBlockProcessor_GetInternalStartOfEpochValidatorsInfo (0.00s)
    --- PASS: TestInternalBlockProcessor_GetInternalStartOfEpochValidatorsInfo/not_metachain_shard,_should_fail (0.00s)
    --- PASS: TestInternalBlockProcessor_GetInternalStartOfEpochValidatorsInfo/with_refactor_peers_miniblock_activated,_should_work (0.00s)
    --- PASS: TestInternalBlockProcessor_GetInternalStartOfEpochValidatorsInfo/fail_to_get_from_storer (0.00s)
    --- PASS: TestInternalBlockProcessor_GetInternalStartOfEpochValidatorsInfo/without_refactor_peers_miniblock_activated,_should_work (0.00s)
=== CONT  TestCreateAPIBlockProcessorNilArgs/NilAlteredAccountsProvider
=== CONT  TestCreateAPIBlockProcessorNilArgs/NilReceiptsRepository
=== CONT  TestCreateAPIBlockProcessorNilArgs/NilMarshalizer
=== CONT  TestCreateAPIBlockProcessorNilArgs/NilTxHandler
=== CONT  TestCreateAPIBlockProcessorNilArgs/NilLogsFacade
=== CONT  TestCreateAPIBlockProcessorNilArgs/NilHistoryRepo
--- PASS: TestInternalBlockProcessor_GetProtoShardBlockByRound (0.00s)
=== CONT  TestCreateAPIBlockProcessorNilArgs/NilHasher
--- PASS: TestInternalBlockProcessor_ConvertShardBlockBytesByOutputFormat (0.00s)
    --- PASS: TestInternalBlockProcessor_ConvertShardBlockBytesByOutputFormat/invalid_output_format,_should_fail (0.00s)
    --- PASS: TestInternalBlockProcessor_ConvertShardBlockBytesByOutputFormat/proto_format,_should_work (0.00s)
    --- PASS: TestInternalBlockProcessor_ConvertShardBlockBytesByOutputFormat/internal_format,_should_work (0.00s)
=== CONT  TestCreateAPIBlockProcessorNilArgs/NilStore
=== PAUSE TestInternalBlockProcessor_ConvertMetaBlockBytesByOutputFormat/invalid_output_format,_should_fail
--- PASS: TestInternalBlockProcessor_GetInternalMetaBlockShouldFail (0.00s)
    --- PASS: TestInternalBlockProcessor_GetInternalMetaBlockShouldFail/storer_not_found (0.00s)
    --- PASS: TestInternalBlockProcessor_GetInternalMetaBlockShouldFail/provided_nonce_not_in_storer (0.00s)
    --- PASS: TestInternalBlockProcessor_GetInternalMetaBlockShouldFail/provided_round_not_in_storer (0.00s)
    --- PASS: TestInternalBlockProcessor_GetInternalMetaBlockShouldFail/provided_hash_not_in_storer (0.00s)
=== RUN   TestInternalBlockProcessor_ConvertMetaBlockBytesByOutputFormat/internal_format,_should_work
=== PAUSE TestInternalBlockProcessor_ConvertMetaBlockBytesByOutputFormat/internal_format,_should_work
=== CONT  TestCreateAPIBlockProcessorNilArgs/NilArgShouldErr
=== RUN   TestInternalBlockProcessor_ConvertMetaBlockBytesByOutputFormat/proto_format,_should_work
=== CONT  TestCreateAPIBlockProcessorNilArgs/NilProofsPool
=== PAUSE TestInternalBlockProcessor_ConvertMetaBlockBytesByOutputFormat/proto_format,_should_work
=== CONT  TestInternalBlockProcessor_ConvertMetaBlockBytesByOutputFormat/invalid_output_format,_should_fail
=== CONT  TestInternalBlockProcessor_ConvertMetaBlockBytesByOutputFormat/proto_format,_should_work
=== CONT  TestInternalBlockProcessor_ConvertMetaBlockBytesByOutputFormat/internal_format,_should_work
=== CONT  TestCreateAPIBlockProcessorNilArgs/NilEnableEpochsHandler
=== CONT  TestCreateAPIBlockProcessorNilArgs/NilScheduledTxsExecutionHandler
=== CONT  TestCreateAPIBlockProcessorNilArgs/NilAccountsRepository
--- PASS: TestInternalBlockProcessor_ConvertMetaBlockBytesByOutputFormat (0.00s)
    --- PASS: TestInternalBlockProcessor_ConvertMetaBlockBytesByOutputFormat/invalid_output_format,_should_fail (0.00s)
    --- PASS: TestInternalBlockProcessor_ConvertMetaBlockBytesByOutputFormat/proto_format,_should_work (0.00s)
    --- PASS: TestInternalBlockProcessor_ConvertMetaBlockBytesByOutputFormat/internal_format,_should_work (0.00s)
=== CONT  TestCreateAPIBlockProcessorNilArgs/NilBlockChain
=== RUN   TestInternalBlockProcessor_GetInternalShardBlockShouldFail/provided_hash_not_in_storer
=== PAUSE TestInternalBlockProcessor_GetInternalShardBlockShouldFail/provided_hash_not_in_storer
=== RUN   TestInternalBlockProcessor_GetInternalShardBlockShouldFail/provided_nonce_not_in_storer
=== PAUSE TestInternalBlockProcessor_GetInternalShardBlockShouldFail/provided_nonce_not_in_storer
--- PASS: TestGetBlockByNonceFromHistoryNode (0.00s)
=== RUN   TestInternalBlockProcessor_GetInternalShardBlockShouldFail/provided_round_not_in_storer
=== PAUSE TestInternalBlockProcessor_GetInternalShardBlockShouldFail/provided_round_not_in_storer
=== CONT  TestInternalBlockProcessor_GetInternalShardBlockShouldFail/storer_not_found
=== CONT  TestCreateAPIBlockProcessorNilArgs/NilUint64Converter
=== CONT  TestInternalBlockProcessor_GetInternalShardBlockShouldFail/provided_round_not_in_storer
=== CONT  TestInternalBlockProcessor_GetInternalShardBlockShouldFail/provided_nonce_not_in_storer
=== CONT  TestInternalBlockProcessor_GetInternalShardBlockShouldFail/provided_hash_not_in_storer
--- PASS: TestInternalBlockProcessor_GetInternalShardBlockShouldFail (0.00s)
    --- PASS: TestInternalBlockProcessor_GetInternalShardBlockShouldFail/storer_not_found (0.00s)
    --- PASS: TestInternalBlockProcessor_GetInternalShardBlockShouldFail/provided_round_not_in_storer (0.00s)
    --- PASS: TestInternalBlockProcessor_GetInternalShardBlockShouldFail/provided_nonce_not_in_storer (0.00s)
    --- PASS: TestInternalBlockProcessor_GetInternalShardBlockShouldFail/provided_hash_not_in_storer (0.00s)
=== CONT  TestCreateAPIBlockProcessorNilArgs/NilPubKeyConverter
--- PASS: TestCreateAPIBlockProcessorNilArgs (0.00s)
    --- PASS: TestCreateAPIBlockProcessorNilArgs/NilAlteredAccountsProvider (0.00s)
    --- PASS: TestCreateAPIBlockProcessorNilArgs/NilReceiptsRepository (0.00s)
    --- PASS: TestCreateAPIBlockProcessorNilArgs/NilMarshalizer (0.00s)
    --- PASS: TestCreateAPIBlockProcessorNilArgs/NilTxHandler (0.00s)
    --- PASS: TestCreateAPIBlockProcessorNilArgs/NilLogsFacade (0.00s)
    --- PASS: TestCreateAPIBlockProcessorNilArgs/NilHistoryRepo (0.00s)
    --- PASS: TestCreateAPIBlockProcessorNilArgs/NilHasher (0.00s)
    --- PASS: TestCreateAPIBlockProcessorNilArgs/NilStore (0.00s)
    --- PASS: TestCreateAPIBlockProcessorNilArgs/NilArgShouldErr (0.00s)
    --- PASS: TestCreateAPIBlockProcessorNilArgs/NilProofsPool (0.00s)
    --- PASS: TestCreateAPIBlockProcessorNilArgs/NilEnableEpochsHandler (0.00s)
    --- PASS: TestCreateAPIBlockProcessorNilArgs/NilScheduledTxsExecutionHandler (0.00s)
    --- PASS: TestCreateAPIBlockProcessorNilArgs/NilAccountsRepository (0.00s)
    --- PASS: TestCreateAPIBlockProcessorNilArgs/NilBlockChain (0.00s)
    --- PASS: TestCreateAPIBlockProcessorNilArgs/NilUint64Converter (0.00s)
    --- PASS: TestCreateAPIBlockProcessorNilArgs/NilPubKeyConverter (0.00s)
PASS
ok  	github.com/TerraDharitri/drt-go-chain/node/external/blockAPI	(cached)
=== RUN   TestLogsConverter_TxLogToApiResourceShouldWork
--- PASS: TestLogsConverter_TxLogToApiResourceShouldWork (0.00s)
=== RUN   TestNewLogsFacade
=== RUN   TestNewLogsFacade/NilStorageService
=== RUN   TestNewLogsFacade/NilMarshaller
=== RUN   TestNewLogsFacade/NilPubKeyConverter
--- PASS: TestNewLogsFacade (0.00s)
    --- PASS: TestNewLogsFacade/NilStorageService (0.00s)
    --- PASS: TestNewLogsFacade/NilMarshaller (0.00s)
    --- PASS: TestNewLogsFacade/NilPubKeyConverter (0.00s)
=== RUN   TestLogsFacade_GetLogShouldWork
--- PASS: TestLogsFacade_GetLogShouldWork (0.00s)
=== RUN   TestLogsFacade_IncludeLogsInTransactionsShouldWork
--- PASS: TestLogsFacade_IncludeLogsInTransactionsShouldWork (0.00s)
=== RUN   TestLogsFacade_IsInterfaceNil
=== PAUSE TestLogsFacade_IsInterfaceNil
=== RUN   TestNewLogsRepository
=== PAUSE TestNewLogsRepository
=== RUN   TestLogsRepository_GetLogsShouldWork
--- PASS: TestLogsRepository_GetLogsShouldWork (0.00s)
=== RUN   TestLogsRepository_GetLogShouldFallbackToPreviousEpoch
--- PASS: TestLogsRepository_GetLogShouldFallbackToPreviousEpoch (0.00s)
=== RUN   TestLogsRepository_GetLogShouldNotFallbackToPreviousEpochIfZero
--- PASS: TestLogsRepository_GetLogShouldNotFallbackToPreviousEpochIfZero (0.00s)
=== RUN   TestLogsRepository_GetLogsShouldFallbackToPreviousEpoch
--- PASS: TestLogsRepository_GetLogsShouldFallbackToPreviousEpoch (0.00s)
=== RUN   TestLogsRepository_GetLogsShouldNotFallbackToPreviousEpochIfZero
--- PASS: TestLogsRepository_GetLogsShouldNotFallbackToPreviousEpochIfZero (0.00s)
=== RUN   TestLogsRepository_GetLogsShouldErr
--- PASS: TestLogsRepository_GetLogsShouldErr (0.00s)
=== CONT  TestLogsFacade_IsInterfaceNil
--- PASS: TestLogsFacade_IsInterfaceNil (0.00s)
=== CONT  TestNewLogsRepository
=== RUN   TestNewLogsRepository/storer_not_found
=== PAUSE TestNewLogsRepository/storer_not_found
=== RUN   TestNewLogsRepository/should_work
=== PAUSE TestNewLogsRepository/should_work
=== CONT  TestNewLogsRepository/storer_not_found
=== CONT  TestNewLogsRepository/should_work
--- PASS: TestNewLogsRepository (0.00s)
    --- PASS: TestNewLogsRepository/storer_not_found (0.00s)
    --- PASS: TestNewLogsRepository/should_work (0.00s)
PASS
ok  	github.com/TerraDharitri/drt-go-chain/node/external/logs	(cached)
=== RUN   TestNewFeeComputer
=== PAUSE TestNewFeeComputer
=== RUN   TestFeeComputer_ComputeGasUsedAndFeeBasedOnRefundValue
--- PASS: TestFeeComputer_ComputeGasUsedAndFeeBasedOnRefundValue (0.00s)
=== RUN   TestFeeComputer_ComputeFeeBasedOnGasUsed
--- PASS: TestFeeComputer_ComputeFeeBasedOnGasUsed (0.00s)
=== RUN   TestFeeComputer_ComputeGasLimit
--- PASS: TestFeeComputer_ComputeGasLimit (0.00s)
=== RUN   TestFeeComputer_ComputeTransactionFeeShouldWorkForDifferentEpochs
--- PASS: TestFeeComputer_ComputeTransactionFeeShouldWorkForDifferentEpochs (0.00s)
=== RUN   TestFeeComputer_InHighConcurrency
--- PASS: TestFeeComputer_InHighConcurrency (0.01s)
=== RUN   TestFeeComputer_IsInterfaceNil
=== PAUSE TestFeeComputer_IsInterfaceNil
=== CONT  TestNewFeeComputer
=== CONT  TestFeeComputer_IsInterfaceNil
--- PASS: TestFeeComputer_IsInterfaceNil (0.00s)
=== RUN   TestNewFeeComputer/nil_economics_data_should_error
=== PAUSE TestNewFeeComputer/nil_economics_data_should_error
=== RUN   TestNewFeeComputer/should_work
=== PAUSE TestNewFeeComputer/should_work
=== CONT  TestNewFeeComputer/nil_economics_data_should_error
=== CONT  TestNewFeeComputer/should_work
--- PASS: TestNewFeeComputer (0.00s)
    --- PASS: TestNewFeeComputer/nil_economics_data_should_error (0.00s)
    --- PASS: TestNewFeeComputer/should_work (0.00s)
PASS
ok  	github.com/TerraDharitri/drt-go-chain/node/external/timemachine/fee	(cached)
=== RUN   TestFeeComputer_MemoryFootprint
    memory_test.go:24: this test is not relevant and will fail if started with -race
--- SKIP: TestFeeComputer_MemoryFootprint (0.00s)
PASS
ok  	github.com/TerraDharitri/drt-go-chain/node/external/timemachine/fee/memoryFootprint	(cached)
=== RUN   TestNewAPITransactionProcessor
=== PAUSE TestNewAPITransactionProcessor
=== RUN   TestNode_GetTransactionInvalidHashShouldErr
=== PAUSE TestNode_GetTransactionInvalidHashShouldErr
=== RUN   TestNode_GetTransactionFromPool
=== PAUSE TestNode_GetTransactionFromPool
=== RUN   TestNode_GetSCRs
--- PASS: TestNode_GetSCRs (0.00s)
=== RUN   TestNode_GetTransactionFromStorage
=== PAUSE TestNode_GetTransactionFromStorage
=== RUN   TestNode_GetTransactionWithResultsFromStorageMissingStorer
=== PAUSE TestNode_GetTransactionWithResultsFromStorageMissingStorer
=== RUN   TestNode_GetTransactionWithResultsFromStorage
=== PAUSE TestNode_GetTransactionWithResultsFromStorage
=== RUN   TestNode_lookupHistoricalTransaction
=== PAUSE TestNode_lookupHistoricalTransaction
=== RUN   TestNode_PutHistoryFieldsInTransaction
--- PASS: TestNode_PutHistoryFieldsInTransaction (0.00s)
=== RUN   TestApiTransactionProcessor_GetTransactionsPool
=== PAUSE TestApiTransactionProcessor_GetTransactionsPool
=== RUN   TestApiTransactionProcessor_GetTransactionsPoolForSender
=== PAUSE TestApiTransactionProcessor_GetTransactionsPoolForSender
=== RUN   TestApiTransactionProcessor_GetLastPoolNonceForSender
=== PAUSE TestApiTransactionProcessor_GetLastPoolNonceForSender
=== RUN   TestApiTransactionProcessor_GetTransactionsPoolNonceGapsForSender
=== PAUSE TestApiTransactionProcessor_GetTransactionsPoolNonceGapsForSender
=== RUN   TestPrepareUnsignedTx
=== PAUSE TestPrepareUnsignedTx
=== RUN   TestNode_ComputeTimestampForRound
--- PASS: TestNode_ComputeTimestampForRound (0.00s)
=== RUN   TestApiTransactionProcessor_GetTransactionPopulatesComputedFields
=== RUN   TestApiTransactionProcessor_GetTransactionPopulatesComputedFields/InitiallyPaidFee
=== RUN   TestApiTransactionProcessor_GetTransactionPopulatesComputedFields/InitiallyPaidFee_(missing_on_unsigned_transaction)
=== RUN   TestApiTransactionProcessor_GetTransactionPopulatesComputedFields/ProcessingType
=== RUN   TestApiTransactionProcessor_GetTransactionPopulatesComputedFields/ProcessingType_(with_relayed_v3)
=== RUN   TestApiTransactionProcessor_GetTransactionPopulatesComputedFields/IsRefund_(false)
=== RUN   TestApiTransactionProcessor_GetTransactionPopulatesComputedFields/IsRefund_(true)
--- PASS: TestApiTransactionProcessor_GetTransactionPopulatesComputedFields (0.00s)
    --- PASS: TestApiTransactionProcessor_GetTransactionPopulatesComputedFields/InitiallyPaidFee (0.00s)
    --- PASS: TestApiTransactionProcessor_GetTransactionPopulatesComputedFields/InitiallyPaidFee_(missing_on_unsigned_transaction) (0.00s)
    --- PASS: TestApiTransactionProcessor_GetTransactionPopulatesComputedFields/ProcessingType (0.00s)
    --- PASS: TestApiTransactionProcessor_GetTransactionPopulatesComputedFields/ProcessingType_(with_relayed_v3) (0.00s)
    --- PASS: TestApiTransactionProcessor_GetTransactionPopulatesComputedFields/IsRefund_(false) (0.00s)
    --- PASS: TestApiTransactionProcessor_GetTransactionPopulatesComputedFields/IsRefund_(true) (0.00s)
=== RUN   TestApiTransactionProcessor_PopulateComputedFields
--- PASS: TestApiTransactionProcessor_PopulateComputedFields (0.00s)
=== RUN   TestPutEventsInTransactionReceipt
=== PAUSE TestPutEventsInTransactionReceipt
=== RUN   TestApiTransactionProcessor_PutResultsInTransactionWhenNoResultsShouldWork
=== PAUSE TestApiTransactionProcessor_PutResultsInTransactionWhenNoResultsShouldWork
=== RUN   TestPutEventsInTransactionSmartContractResults
=== PAUSE TestPutEventsInTransactionSmartContractResults
=== RUN   TestPutLogsInTransaction
=== PAUSE TestPutLogsInTransaction
=== RUN   Test_newFieldsHandler
=== PAUSE Test_newFieldsHandler
=== RUN   TestComputeTransactionGasUsedAndFeeMoveBalance
=== PAUSE TestComputeTransactionGasUsedAndFeeMoveBalance
=== RUN   TestComputeTransactionGasUsedAndFeeLogWithError
=== PAUSE TestComputeTransactionGasUsedAndFeeLogWithError
=== RUN   TestComputeTransactionGasUsedAndFeeRelayedTxWithWriteLog
=== PAUSE TestComputeTransactionGasUsedAndFeeRelayedTxWithWriteLog
=== RUN   TestComputeTransactionGasUsedAndFeeTransactionWithScrWithRefund
--- PASS: TestComputeTransactionGasUsedAndFeeTransactionWithScrWithRefund (0.00s)
=== RUN   TestNFTTransferWithScCall
--- PASS: TestNFTTransferWithScCall (0.00s)
=== RUN   TestComputeAndAttachGasUsedAndFeeTransactionWithMultipleScrWithRefund
=== PAUSE TestComputeAndAttachGasUsedAndFeeTransactionWithMultipleScrWithRefund
=== RUN   TestComputeAndAttachGasUsedAndFeeFailedRelayedV1
=== PAUSE TestComputeAndAttachGasUsedAndFeeFailedRelayedV1
=== RUN   TestComputeAndAttachGasUsedAndFeeRelayedV1CreateNewDelegationContractWithRefund
=== PAUSE TestComputeAndAttachGasUsedAndFeeRelayedV1CreateNewDelegationContractWithRefund
=== RUN   TestComputeAndAttachGasUsedAndFeeRelayedV3WithMultipleRefunds
=== PAUSE TestComputeAndAttachGasUsedAndFeeRelayedV3WithMultipleRefunds
=== RUN   TestRefundDetector_IsRefundShouldDetectRefund
--- PASS: TestRefundDetector_IsRefundShouldDetectRefund (0.00s)
=== RUN   TestGetEncodedAddress
=== PAUSE TestGetEncodedAddress
=== RUN   TestBigIntToStr
=== PAUSE TestBigIntToStr
=== CONT  TestNewAPITransactionProcessor
=== RUN   TestNewAPITransactionProcessor/NilArg
=== PAUSE TestNewAPITransactionProcessor/NilArg
=== RUN   TestNewAPITransactionProcessor/NilMarshalizer
=== PAUSE TestNewAPITransactionProcessor/NilMarshalizer
=== RUN   TestNewAPITransactionProcessor/NilDataPool
=== PAUSE TestNewAPITransactionProcessor/NilDataPool
=== RUN   TestNewAPITransactionProcessor/NilHistoryRepository
=== PAUSE TestNewAPITransactionProcessor/NilHistoryRepository
=== RUN   TestNewAPITransactionProcessor/NilShardCoordinator
=== PAUSE TestNewAPITransactionProcessor/NilShardCoordinator
=== RUN   TestNewAPITransactionProcessor/NilPubKeyConverter
=== PAUSE TestNewAPITransactionProcessor/NilPubKeyConverter
=== RUN   TestNewAPITransactionProcessor/NilStorageService
=== PAUSE TestNewAPITransactionProcessor/NilStorageService
=== RUN   TestNewAPITransactionProcessor/NilUint64Converter
=== PAUSE TestNewAPITransactionProcessor/NilUint64Converter
=== RUN   TestNewAPITransactionProcessor/NilTxFeeComputer
=== PAUSE TestNewAPITransactionProcessor/NilTxFeeComputer
=== RUN   TestNewAPITransactionProcessor/NilTypeHandler
=== PAUSE TestNewAPITransactionProcessor/NilTypeHandler
=== RUN   TestNewAPITransactionProcessor/NilLogsFacade
=== PAUSE TestNewAPITransactionProcessor/NilLogsFacade
=== RUN   TestNewAPITransactionProcessor/NilDataFieldParser
=== PAUSE TestNewAPITransactionProcessor/NilDataFieldParser
=== RUN   TestNewAPITransactionProcessor/NilTxMarshaller
=== PAUSE TestNewAPITransactionProcessor/NilTxMarshaller
=== RUN   TestNewAPITransactionProcessor/NilEnableEpochsHandler
=== PAUSE TestNewAPITransactionProcessor/NilEnableEpochsHandler
=== CONT  TestNewAPITransactionProcessor/NilArg
=== CONT  TestBigIntToStr
--- PASS: TestBigIntToStr (0.00s)
=== CONT  TestGetEncodedAddress
--- PASS: TestGetEncodedAddress (0.00s)
=== CONT  TestComputeAndAttachGasUsedAndFeeRelayedV3WithMultipleRefunds
--- PASS: TestComputeAndAttachGasUsedAndFeeRelayedV3WithMultipleRefunds (0.00s)
=== CONT  TestComputeAndAttachGasUsedAndFeeRelayedV1CreateNewDelegationContractWithRefund
=== CONT  TestNode_GetTransactionWithResultsFromStorage
--- PASS: TestComputeAndAttachGasUsedAndFeeRelayedV1CreateNewDelegationContractWithRefund (0.00s)
=== CONT  TestNode_GetTransactionWithResultsFromStorageMissingStorer
=== RUN   TestNode_GetTransactionWithResultsFromStorageMissingStorer/missing_TransactionUnit
=== PAUSE TestNode_GetTransactionWithResultsFromStorageMissingStorer/missing_TransactionUnit
=== CONT  TestApiTransactionProcessor_PutResultsInTransactionWhenNoResultsShouldWork
--- PASS: TestApiTransactionProcessor_PutResultsInTransactionWhenNoResultsShouldWork (0.00s)
=== CONT  TestComputeTransactionGasUsedAndFeeMoveBalance
=== CONT  TestComputeTransactionGasUsedAndFeeLogWithError
--- PASS: TestComputeTransactionGasUsedAndFeeMoveBalance (0.00s)
=== CONT  Test_newFieldsHandler
--- PASS: Test_newFieldsHandler (0.00s)
=== CONT  TestPutLogsInTransaction
--- PASS: TestPutLogsInTransaction (0.00s)
=== CONT  TestPutEventsInTransactionSmartContractResults
=== CONT  TestNewAPITransactionProcessor/NilTypeHandler
--- PASS: TestComputeTransactionGasUsedAndFeeLogWithError (0.00s)
=== CONT  TestComputeAndAttachGasUsedAndFeeFailedRelayedV1
=== CONT  TestNode_GetTransactionFromStorage
--- PASS: TestPutEventsInTransactionSmartContractResults (0.00s)
=== CONT  TestNewAPITransactionProcessor/NilEnableEpochsHandler
=== CONT  TestApiTransactionProcessor_GetLastPoolNonceForSender
=== CONT  TestNode_GetTransactionFromPool
--- PASS: TestNode_GetTransactionFromPool (0.00s)
=== CONT  TestPutEventsInTransactionReceipt
--- PASS: TestPutEventsInTransactionReceipt (0.00s)
=== CONT  TestApiTransactionProcessor_GetTransactionsPoolNonceGapsForSender
=== CONT  TestNewAPITransactionProcessor/NilLogsFacade
=== CONT  TestPrepareUnsignedTx
=== CONT  TestApiTransactionProcessor_GetTransactionsPool
--- PASS: TestApiTransactionProcessor_GetTransactionsPoolNonceGapsForSender (0.00s)
=== CONT  TestNewAPITransactionProcessor/NilUint64Converter
=== CONT  TestNode_lookupHistoricalTransaction
--- PASS: TestPrepareUnsignedTx (0.00s)
=== RUN   TestNode_GetTransactionWithResultsFromStorageMissingStorer/missing_UnsignedTransactionUnit
=== CONT  TestNewAPITransactionProcessor/NilShardCoordinator
--- PASS: TestApiTransactionProcessor_GetTransactionsPool (0.00s)
=== CONT  TestApiTransactionProcessor_GetTransactionsPoolForSender
=== CONT  TestNewAPITransactionProcessor/NilMarshalizer
=== CONT  TestNewAPITransactionProcessor/NilHistoryRepository
=== PAUSE TestNode_GetTransactionWithResultsFromStorageMissingStorer/missing_UnsignedTransactionUnit
=== RUN   TestNode_GetTransactionWithResultsFromStorageMissingStorer/missing_RewardTransactionUnit
=== PAUSE TestNode_GetTransactionWithResultsFromStorageMissingStorer/missing_RewardTransactionUnit
=== CONT  TestNode_GetTransactionWithResultsFromStorageMissingStorer/missing_TransactionUnit
--- PASS: TestNode_GetTransactionFromStorage (0.00s)
--- PASS: TestNode_GetTransactionWithResultsFromStorage (0.00s)
--- PASS: TestApiTransactionProcessor_GetTransactionsPoolForSender (0.00s)
=== CONT  TestNewAPITransactionProcessor/NilTxMarshaller
=== CONT  TestNode_GetTransactionInvalidHashShouldErr
--- PASS: TestApiTransactionProcessor_GetLastPoolNonceForSender (0.00s)
=== CONT  TestComputeAndAttachGasUsedAndFeeTransactionWithMultipleScrWithRefund
=== CONT  TestNode_GetTransactionWithResultsFromStorageMissingStorer/missing_RewardTransactionUnit
=== CONT  TestNode_GetTransactionWithResultsFromStorageMissingStorer/missing_UnsignedTransactionUnit
[0;33mWARN [0m[2026-03-16 10:13:57.910]   lookupHistoricalTransaction(): unexpected condition, cannot find transaction in storage 
--- PASS: TestNode_GetTransactionWithResultsFromStorageMissingStorer (0.00s)
    --- PASS: TestNode_GetTransactionWithResultsFromStorageMissingStorer/missing_TransactionUnit (0.00s)
    --- PASS: TestNode_GetTransactionWithResultsFromStorageMissingStorer/missing_RewardTransactionUnit (0.00s)
    --- PASS: TestNode_GetTransactionWithResultsFromStorageMissingStorer/missing_UnsignedTransactionUnit (0.00s)
--- PASS: TestNode_GetTransactionInvalidHashShouldErr (0.00s)
--- PASS: TestNode_lookupHistoricalTransaction (0.00s)
=== CONT  TestNewAPITransactionProcessor/NilPubKeyConverter
=== CONT  TestNewAPITransactionProcessor/NilStorageService
=== CONT  TestNewAPITransactionProcessor/NilTxFeeComputer
=== CONT  TestNewAPITransactionProcessor/NilDataFieldParser
=== CONT  TestNewAPITransactionProcessor/NilDataPool
=== CONT  TestComputeTransactionGasUsedAndFeeRelayedTxWithWriteLog
--- PASS: TestComputeAndAttachGasUsedAndFeeFailedRelayedV1 (0.00s)
--- PASS: TestNewAPITransactionProcessor (0.00s)
    --- PASS: TestNewAPITransactionProcessor/NilArg (0.00s)
    --- PASS: TestNewAPITransactionProcessor/NilTypeHandler (0.00s)
    --- PASS: TestNewAPITransactionProcessor/NilLogsFacade (0.00s)
    --- PASS: TestNewAPITransactionProcessor/NilUint64Converter (0.00s)
    --- PASS: TestNewAPITransactionProcessor/NilShardCoordinator (0.00s)
    --- PASS: TestNewAPITransactionProcessor/NilMarshalizer (0.00s)
    --- PASS: TestNewAPITransactionProcessor/NilHistoryRepository (0.00s)
    --- PASS: TestNewAPITransactionProcessor/NilEnableEpochsHandler (0.00s)
    --- PASS: TestNewAPITransactionProcessor/NilTxMarshaller (0.00s)
    --- PASS: TestNewAPITransactionProcessor/NilPubKeyConverter (0.00s)
    --- PASS: TestNewAPITransactionProcessor/NilStorageService (0.00s)
    --- PASS: TestNewAPITransactionProcessor/NilTxFeeComputer (0.00s)
    --- PASS: TestNewAPITransactionProcessor/NilDataFieldParser (0.00s)
    --- PASS: TestNewAPITransactionProcessor/NilDataPool (0.00s)
--- PASS: TestComputeAndAttachGasUsedAndFeeTransactionWithMultipleScrWithRefund (0.00s)
--- PASS: TestComputeTransactionGasUsedAndFeeRelayedTxWithWriteLog (0.00s)
PASS
ok  	github.com/TerraDharitri/drt-go-chain/node/external/transactionAPI	(cached)
=== RUN   TestStatusFilters_ApplyStatusFilters
=== PAUSE TestStatusFilters_ApplyStatusFilters
=== RUN   TestStatusFilters_SetStatusIfIsFailedDCDTTransfer
=== PAUSE TestStatusFilters_SetStatusIfIsFailedDCDTTransfer
=== CONT  TestStatusFilters_ApplyStatusFilters
--- PASS: TestStatusFilters_ApplyStatusFilters (0.00s)
=== CONT  TestStatusFilters_SetStatusIfIsFailedDCDTTransfer
--- PASS: TestStatusFilters_SetStatusIfIsFailedDCDTTransfer (0.00s)
PASS
ok  	github.com/TerraDharitri/drt-go-chain/node/filters	(cached)
=== RUN   TestInitBaseMetrics
=== PAUSE TestInitBaseMetrics
=== RUN   TestInitConfigMetrics
=== PAUSE TestInitConfigMetrics
=== RUN   TestInitRatingsMetrics
=== PAUSE TestInitRatingsMetrics
=== RUN   TestInitMetrics
=== PAUSE TestInitMetrics
=== RUN   TestSaveStringMetric
=== PAUSE TestSaveStringMetric
=== RUN   TestSaveUint64Metric
=== PAUSE TestSaveUint64Metric
=== CONT  TestInitBaseMetrics
=== CONT  TestInitMetrics
=== CONT  TestSaveUint64Metric
=== RUN   TestSaveUint64Metric/should_not_panic_if_appStatusHandler_is_nil
--- PASS: TestInitBaseMetrics (0.00s)
=== CONT  TestInitConfigMetrics
--- PASS: TestInitConfigMetrics (0.00s)
=== CONT  TestSaveStringMetric
=== RUN   TestSaveStringMetric/should_not_panic_if_appStatusHandler_is_nil
[0;31mERROR[0m[2026-03-16 10:13:57.891]   programming error: nil AppStatusHandler in SaveStringMetric [0;31mstack[0m = goroutine 14 [running]:
runtime/debug.Stack()
	/usr/local/go/src/runtime/debug/stack.go:26 +0x5e
github.com/TerraDharitri/drt-go-chain/node/metrics.SaveStringMetric({0x0, 0x0}, {0x96ca62, 0x3}, {0x96d400, 0x5})
	/home/dharitri/Dharitri-repos/Drt-repos/Go/Finished/Publish_Required/drt-go-chain/node/metrics/metrics.go:376 +0x73
github.com/TerraDharitri/drt-go-chain/node/metrics.TestSaveStringMetric.func1.1()
	/home/dharitri/Dharitri-repos/Drt-repos/Go/Finished/Publish_Required/drt-go-chain/node/metrics/metrics_test.go:745 +0x30
github.com/stretchr/testify/assert.didPanic(0xd658e0?)
	/home/dharitri/go/pkg/mod/github.com/stretchr/testify@v1.10.0/assert/assertions.go:1239 +0x75
github.com/stretchr/testify/assert.NotPanics({0xa373c0, 0xc0003eb520}, 0x9b1650, {0x0, 0x0, 0x0})
	/home/dharitri/go/pkg/mod/github.com/stretchr/testify@v1.10.0/assert/assertions.go:1310 +0x7e
github.com/TerraDharitri/drt-go-chain/node/metrics.TestSaveStringMetric.func1(0xc0003eb520?)
	/home/dharitri/Dharitri-repos/Drt-repos/Go/Finished/Publish_Required/drt-go-chain/node/metrics/metrics_test.go:744 +0x2b
testing.tRunner(0xc0003eb520, 0x9b1648)
	/usr/local/go/src/testing/testing.go:1690 +0xf4
created by testing.(*T).Run in goroutine 11
	/usr/local/go/src/testing/testing.go:1743 +0x390
 
=== RUN   TestSaveStringMetric/should_work
--- PASS: TestSaveStringMetric (0.00s)
    --- PASS: TestSaveStringMetric/should_not_panic_if_appStatusHandler_is_nil (0.00s)
    --- PASS: TestSaveStringMetric/should_work (0.00s)
=== RUN   TestInitMetrics/nil_app_status_handler_should_error
=== PAUSE TestInitMetrics/nil_app_status_handler_should_error
=== RUN   TestInitMetrics/nil_shard_coordinator_should_error
=== PAUSE TestInitMetrics/nil_shard_coordinator_should_error
=== RUN   TestInitMetrics/nil_nodes_configs_should_error
=== PAUSE TestInitMetrics/nil_nodes_configs_should_error
=== RUN   TestInitMetrics/nil_economics_configs_should_error
=== PAUSE TestInitMetrics/nil_economics_configs_should_error
=== RUN   TestInitMetrics/should_work
=== PAUSE TestInitMetrics/should_work
=== RUN   TestInitMetrics/should_work_-_metachain
=== PAUSE TestInitMetrics/should_work_-_metachain
=== RUN   TestInitMetrics/should_work_-_invalid_shard_id
=== PAUSE TestInitMetrics/should_work_-_invalid_shard_id
=== CONT  TestInitMetrics/nil_app_status_handler_should_error
=== CONT  TestInitRatingsMetrics
--- PASS: TestInitRatingsMetrics (0.00s)
=== CONT  TestInitMetrics/should_work_-_invalid_shard_id
=== CONT  TestInitMetrics/should_work_-_metachain
=== CONT  TestInitMetrics/should_work
=== CONT  TestInitMetrics/nil_economics_configs_should_error
=== CONT  TestInitMetrics/nil_nodes_configs_should_error
=== CONT  TestInitMetrics/nil_shard_coordinator_should_error
--- PASS: TestInitMetrics (0.00s)
    --- PASS: TestInitMetrics/nil_app_status_handler_should_error (0.00s)
    --- PASS: TestInitMetrics/should_work_-_invalid_shard_id (0.00s)
    --- PASS: TestInitMetrics/should_work_-_metachain (0.00s)
    --- PASS: TestInitMetrics/should_work (0.00s)
    --- PASS: TestInitMetrics/nil_economics_configs_should_error (0.00s)
    --- PASS: TestInitMetrics/nil_nodes_configs_should_error (0.00s)
    --- PASS: TestInitMetrics/nil_shard_coordinator_should_error (0.00s)
[0;31mERROR[0m[2026-03-16 10:13:57.891]   programming error: nil AppStatusHandler in SaveUint64Metric [0;31mstack[0m = goroutine 13 [running]:
runtime/debug.Stack()
	/usr/local/go/src/runtime/debug/stack.go:26 +0x5e
github.com/TerraDharitri/drt-go-chain/node/metrics.SaveUint64Metric({0x0, 0x0}, {0x96ca62, 0x3}, 0x1)
	/home/dharitri/Dharitri-repos/Drt-repos/Go/Finished/Publish_Required/drt-go-chain/node/metrics/metrics.go:366 +0x6d
github.com/TerraDharitri/drt-go-chain/node/metrics.TestSaveUint64Metric.func1.1()
	/home/dharitri/Dharitri-repos/Drt-repos/Go/Finished/Publish_Required/drt-go-chain/node/metrics/metrics_test.go:767 +0x28
github.com/stretchr/testify/assert.didPanic(0xd658e0?)
	/home/dharitri/go/pkg/mod/github.com/stretchr/testify@v1.10.0/assert/assertions.go:1239 +0x75
github.com/stretchr/testify/assert.NotPanics({0xa373c0, 0xc0003eb380}, 0x9b1668, {0x0, 0x0, 0x0})
	/home/dharitri/go/pkg/mod/github.com/stretchr/testify@v1.10.0/assert/assertions.go:1310 +0x7e
github.com/TerraDharitri/drt-go-chain/node/metrics.TestSaveUint64Metric.func1(0xc0003eb380?)
	/home/dharitri/Dharitri-repos/Drt-repos/Go/Finished/Publish_Required/drt-go-chain/node/metrics/metrics_test.go:766 +0x2b
testing.tRunner(0xc0003eb380, 0x9b1660)
	/usr/local/go/src/testing/testing.go:1690 +0xf4
created by testing.(*T).Run in goroutine 12
	/usr/local/go/src/testing/testing.go:1743 +0x390
 
=== RUN   TestSaveUint64Metric/should_work
--- PASS: TestSaveUint64Metric (0.00s)
    --- PASS: TestSaveUint64Metric/should_not_panic_if_appStatusHandler_is_nil (0.00s)
    --- PASS: TestSaveUint64Metric/should_work (0.00s)
PASS
ok  	github.com/TerraDharitri/drt-go-chain/node/metrics	(cached)
=== RUN   TestCreateInterceptedDebugHandler_NilNodeWrapperShouldErr
=== PAUSE TestCreateInterceptedDebugHandler_NilNodeWrapperShouldErr
=== RUN   TestCreateInterceptedDebugHandler_NilInterceptorsShouldErr
=== PAUSE TestCreateInterceptedDebugHandler_NilInterceptorsShouldErr
=== RUN   TestCreateInterceptedDebugHandler_NilResolversShouldErr
=== PAUSE TestCreateInterceptedDebugHandler_NilResolversShouldErr
=== RUN   TestCreateInterceptedDebugHandler_NilRequestersShouldErr
=== PAUSE TestCreateInterceptedDebugHandler_NilRequestersShouldErr
=== RUN   TestCreateInterceptedDebugHandler_InvalidDebugConfigShouldErr
=== PAUSE TestCreateInterceptedDebugHandler_InvalidDebugConfigShouldErr
=== RUN   TestCreateInterceptedDebugHandler_SettingOnInterceptorsErrShouldErr
=== PAUSE TestCreateInterceptedDebugHandler_SettingOnInterceptorsErrShouldErr
=== RUN   TestCreateInterceptedDebugHandler_SettingOnResolverErrShouldErr
=== PAUSE TestCreateInterceptedDebugHandler_SettingOnResolverErrShouldErr
=== RUN   TestCreateInterceptedDebugHandler_ShouldWork
=== PAUSE TestCreateInterceptedDebugHandler_ShouldWork
=== CONT  TestCreateInterceptedDebugHandler_NilNodeWrapperShouldErr
=== CONT  TestCreateInterceptedDebugHandler_InvalidDebugConfigShouldErr
=== CONT  TestCreateInterceptedDebugHandler_NilRequestersShouldErr
=== CONT  TestCreateInterceptedDebugHandler_NilResolversShouldErr
=== CONT  TestCreateInterceptedDebugHandler_NilInterceptorsShouldErr
=== CONT  TestCreateInterceptedDebugHandler_ShouldWork
=== CONT  TestCreateInterceptedDebugHandler_SettingOnResolverErrShouldErr
--- PASS: TestCreateInterceptedDebugHandler_NilNodeWrapperShouldErr (0.00s)
=== CONT  TestCreateInterceptedDebugHandler_SettingOnInterceptorsErrShouldErr
--- PASS: TestCreateInterceptedDebugHandler_SettingOnInterceptorsErrShouldErr (0.00s)
--- PASS: TestCreateInterceptedDebugHandler_InvalidDebugConfigShouldErr (0.00s)
--- PASS: TestCreateInterceptedDebugHandler_NilRequestersShouldErr (0.00s)
--- PASS: TestCreateInterceptedDebugHandler_NilResolversShouldErr (0.00s)
--- PASS: TestCreateInterceptedDebugHandler_NilInterceptorsShouldErr (0.00s)
--- PASS: TestCreateInterceptedDebugHandler_ShouldWork (0.00s)
--- PASS: TestCreateInterceptedDebugHandler_SettingOnResolverErrShouldErr (0.00s)
PASS
ok  	github.com/TerraDharitri/drt-go-chain/node/nodeDebugFactory	(cached)
=== RUN   TestNewDelegatedListProcessor
=== PAUSE TestNewDelegatedListProcessor
=== RUN   TestDelegatedListProc_GetDelegatorsListGetAllContractAddressesFailsShouldErr
=== PAUSE TestDelegatedListProc_GetDelegatorsListGetAllContractAddressesFailsShouldErr
=== RUN   TestDelegatedListProc_GetDelegatorsListContextShouldTimeout
=== PAUSE TestDelegatedListProc_GetDelegatorsListContextShouldTimeout
=== RUN   TestDelegatedListProc_GetDelegatorsListShouldWork
=== PAUSE TestDelegatedListProc_GetDelegatorsListShouldWork
=== RUN   TestDelegatedListProcessor_IsInterfaceNil
=== PAUSE TestDelegatedListProcessor_IsInterfaceNil
=== RUN   TestNewDirectStakedListProcessor
=== PAUSE TestNewDirectStakedListProcessor
=== RUN   TestDirectStakedListProc_GetDelegatorsListContextShouldTimeout
=== PAUSE TestDirectStakedListProc_GetDelegatorsListContextShouldTimeout
=== RUN   TestDirectStakedListProc_GetDelegatorsListShouldWork
=== PAUSE TestDirectStakedListProc_GetDelegatorsListShouldWork
=== RUN   TestDirectStakedListProcessor_IsInterfaceNil
=== PAUSE TestDirectStakedListProcessor_IsInterfaceNil
=== RUN   TestNewTotalStakedValueProcessor
=== PAUSE TestNewTotalStakedValueProcessor
=== RUN   TestTotalStakedValueProcessor_GetTotalStakedValue_CannotGetAccount
=== PAUSE TestTotalStakedValueProcessor_GetTotalStakedValue_CannotGetAccount
=== RUN   TestTotalStakedValueProcessor_GetTotalStakedValueAccountsAdapterErrors
=== PAUSE TestTotalStakedValueProcessor_GetTotalStakedValueAccountsAdapterErrors
=== RUN   TestTotalStakedValueProcessor_GetTotalStakedValue_CannotCastAccount
=== PAUSE TestTotalStakedValueProcessor_GetTotalStakedValue_CannotCastAccount
=== RUN   TestTotalStakedValueProcessor_GetTotalStakedValue_CannotGetRootHash
=== PAUSE TestTotalStakedValueProcessor_GetTotalStakedValue_CannotGetRootHash
=== RUN   TestTotalStakedValueProcessor_GetTotalStakedValue_ContextShouldTimeout
=== PAUSE TestTotalStakedValueProcessor_GetTotalStakedValue_ContextShouldTimeout
=== RUN   TestTotalStakedValueProcessor_GetTotalStakedValue_CannotGetAllLeaves
=== PAUSE TestTotalStakedValueProcessor_GetTotalStakedValue_CannotGetAllLeaves
=== RUN   TestTotalStakedValueProcessor_GetTotalStakedValue
=== PAUSE TestTotalStakedValueProcessor_GetTotalStakedValue
=== CONT  TestNewDelegatedListProcessor
=== RUN   TestNewDelegatedListProcessor/NilAccounts
--- PASS: TestNewDelegatedListProcessor (0.00s)
    --- PASS: TestNewDelegatedListProcessor/NilAccounts (0.00s)
=== CONT  TestTotalStakedValueProcessor_GetTotalStakedValue
--- PASS: TestTotalStakedValueProcessor_GetTotalStakedValue (0.00s)
=== CONT  TestTotalStakedValueProcessor_GetTotalStakedValue_CannotGetAllLeaves
--- PASS: TestTotalStakedValueProcessor_GetTotalStakedValue_CannotGetAllLeaves (0.00s)
=== CONT  TestTotalStakedValueProcessor_GetTotalStakedValue_ContextShouldTimeout
=== CONT  TestTotalStakedValueProcessor_GetTotalStakedValue_CannotGetRootHash
--- PASS: TestTotalStakedValueProcessor_GetTotalStakedValue_CannotGetRootHash (0.00s)
=== CONT  TestDirectStakedListProc_GetDelegatorsListShouldWork
=== CONT  TestDelegatedListProc_GetDelegatorsListGetAllContractAddressesFailsShouldErr
--- PASS: TestDelegatedListProc_GetDelegatorsListGetAllContractAddressesFailsShouldErr (0.00s)
=== CONT  TestDirectStakedListProc_GetDelegatorsListContextShouldTimeout
=== CONT  TestNewDirectStakedListProcessor
=== RUN   TestNewDirectStakedListProcessor/NilAccounts
--- PASS: TestDirectStakedListProc_GetDelegatorsListShouldWork (0.00s)
=== CONT  TestDelegatedListProcessor_IsInterfaceNil
--- PASS: TestDelegatedListProcessor_IsInterfaceNil (0.00s)
=== CONT  TestDelegatedListProc_GetDelegatorsListShouldWork
--- PASS: TestNewDirectStakedListProcessor (0.00s)
    --- PASS: TestNewDirectStakedListProcessor/NilAccounts (0.00s)
=== CONT  TestTotalStakedValueProcessor_GetTotalStakedValue_CannotCastAccount
=== CONT  TestDelegatedListProc_GetDelegatorsListContextShouldTimeout
--- PASS: TestTotalStakedValueProcessor_GetTotalStakedValue_CannotCastAccount (0.00s)
=== CONT  TestTotalStakedValueProcessor_GetTotalStakedValue_CannotGetAccount
--- PASS: TestTotalStakedValueProcessor_GetTotalStakedValue_CannotGetAccount (0.00s)
=== CONT  TestTotalStakedValueProcessor_GetTotalStakedValueAccountsAdapterErrors
--- PASS: TestTotalStakedValueProcessor_GetTotalStakedValueAccountsAdapterErrors (0.00s)
=== CONT  TestNewTotalStakedValueProcessor
=== RUN   TestNewTotalStakedValueProcessor/NilAccounts
=== RUN   TestNewTotalStakedValueProcessor/ShouldWork
=== RUN   TestNewTotalStakedValueProcessor/NilQueryService
=== CONT  TestDirectStakedListProcessor_IsInterfaceNil
--- PASS: TestDelegatedListProc_GetDelegatorsListShouldWork (0.00s)
--- PASS: TestDirectStakedListProcessor_IsInterfaceNil (0.00s)
=== RUN   TestNewTotalStakedValueProcessor/NilPubKeyConverter
=== RUN   TestNewTotalStakedValueProcessor/NilAccountsWrapperMutex
--- PASS: TestNewTotalStakedValueProcessor (0.00s)
    --- PASS: TestNewTotalStakedValueProcessor/NilAccounts (0.00s)
    --- PASS: TestNewTotalStakedValueProcessor/ShouldWork (0.00s)
    --- PASS: TestNewTotalStakedValueProcessor/NilQueryService (0.00s)
    --- PASS: TestNewTotalStakedValueProcessor/NilPubKeyConverter (0.00s)
    --- PASS: TestNewTotalStakedValueProcessor/NilAccountsWrapperMutex (0.00s)
--- PASS: TestTotalStakedValueProcessor_GetTotalStakedValue_ContextShouldTimeout (1.00s)
--- PASS: TestDirectStakedListProc_GetDelegatorsListContextShouldTimeout (1.00s)
--- PASS: TestDelegatedListProc_GetDelegatorsListContextShouldTimeout (1.00s)
PASS
ok  	github.com/TerraDharitri/drt-go-chain/node/trieIterators	(cached)
=== RUN   TestCreateDelegatedListHandlerHandler_Disabled
=== PAUSE TestCreateDelegatedListHandlerHandler_Disabled
=== RUN   TestCreateDelegatedListHandlerHandler_DelegatedListProcessor
=== PAUSE TestCreateDelegatedListHandlerHandler_DelegatedListProcessor
=== RUN   TestCreateDirectStakedListHandlerHandler_Disabled
=== PAUSE TestCreateDirectStakedListHandlerHandler_Disabled
=== RUN   TestCreateDirectStakedListHandlerHandler_DirectStakedListProcessor
=== PAUSE TestCreateDirectStakedListHandlerHandler_DirectStakedListProcessor
=== RUN   TestCreateTotalStakedValueHandler_Disabled
=== PAUSE TestCreateTotalStakedValueHandler_Disabled
=== RUN   TestCreateTotalStakedValueHandler_TotalStakedValueProcessor
=== PAUSE TestCreateTotalStakedValueHandler_TotalStakedValueProcessor
=== CONT  TestCreateDelegatedListHandlerHandler_Disabled
--- PASS: TestCreateDelegatedListHandlerHandler_Disabled (0.00s)
=== CONT  TestCreateTotalStakedValueHandler_TotalStakedValueProcessor
--- PASS: TestCreateTotalStakedValueHandler_TotalStakedValueProcessor (0.00s)
=== CONT  TestCreateTotalStakedValueHandler_Disabled
--- PASS: TestCreateTotalStakedValueHandler_Disabled (0.00s)
=== CONT  TestCreateDirectStakedListHandlerHandler_DirectStakedListProcessor
--- PASS: TestCreateDirectStakedListHandlerHandler_DirectStakedListProcessor (0.00s)
=== CONT  TestCreateDirectStakedListHandlerHandler_Disabled
--- PASS: TestCreateDirectStakedListHandlerHandler_Disabled (0.00s)
=== CONT  TestCreateDelegatedListHandlerHandler_DelegatedListProcessor
--- PASS: TestCreateDelegatedListHandlerHandler_DelegatedListProcessor (0.00s)
PASS
ok  	github.com/TerraDharitri/drt-go-chain/node/trieIterators/factory	(cached)
=== RUN   TestHandleErrorInDoSync
Hosts: []
Hosts: []
Hosts: []
Hosts: []
Hosts: []
Hosts: []
Hosts: []
Hosts: []
Hosts: []
Hosts: []
Hosts: []
Hosts: []
Hosts: []
Hosts: []
Hosts: []
Hosts: []
Hosts: []
Hosts: []
Hosts: []
Hosts: []
--- PASS: TestHandleErrorInDoSync (0.00s)
=== RUN   TestValueInDoSync
Hosts: []
Hosts: []
Hosts: []
Hosts: []
Hosts: []
Hosts: []
Hosts: []
Hosts: []
Hosts: []
Hosts: []
Hosts: []
Hosts: []
Hosts: []
Hosts: []
Hosts: []
Hosts: []
Hosts: []
Hosts: []
Hosts: []
Hosts: []
--- PASS: TestValueInDoSync (0.00s)
=== RUN   TestGetOffset
Hosts: []
Hosts: []
Hosts: []
Hosts: []
Hosts: []
Hosts: []
Hosts: []
Hosts: []
Hosts: []
Hosts: []
--- PASS: TestGetOffset (0.00s)
=== RUN   TestCallQuery
Hosts: []
Hosts: []
Hosts: []
Hosts: []
Hosts: []
Hosts: []
Hosts: []
Hosts: []
Hosts: []
Hosts: []
Current time: 2026-03-16 10:13:59.374308883 
--- PASS: TestCallQuery (0.10s)
=== RUN   TestCallQueryShouldErrIndexOutOfBounds
=== PAUSE TestCallQueryShouldErrIndexOutOfBounds
=== RUN   TestCallQueryShouldWork
    syncTime_test.go:164: rework this test as to not rely on the internet connection
--- SKIP: TestCallQueryShouldWork (0.00s)
=== RUN   TestNtpHostIsChange
=== PAUSE TestNtpHostIsChange
=== RUN   TestSyncShouldNotUpdateClockOffset
=== PAUSE TestSyncShouldNotUpdateClockOffset
=== RUN   TestGetClockOffsetsWithoutEdges
=== PAUSE TestGetClockOffsetsWithoutEdges
=== RUN   TestGetHarmonicMean
=== PAUSE TestGetHarmonicMean
=== RUN   TestGetSleepTime
=== PAUSE TestGetSleepTime
=== RUN   TestCallQueryShouldNotUpdateOnOutOfBoundValuesPositive
=== PAUSE TestCallQueryShouldNotUpdateOnOutOfBoundValuesPositive
=== RUN   TestCallQueryShouldNotUpdateOnOutOfBoundValuesNegative
=== PAUSE TestCallQueryShouldNotUpdateOnOutOfBoundValuesNegative
=== CONT  TestCallQueryShouldErrIndexOutOfBounds
--- PASS: TestCallQueryShouldErrIndexOutOfBounds (0.00s)
=== CONT  TestCallQueryShouldNotUpdateOnOutOfBoundValuesNegative
[0;31mERROR[0m[2026-03-16 10:13:59.374]   syncTime.sync: clock offset is out of expected bounds [0;31mclock offset harmonic mean[0m = -1.000000001s 
--- PASS: TestCallQueryShouldNotUpdateOnOutOfBoundValuesNegative (0.00s)
=== CONT  TestCallQueryShouldNotUpdateOnOutOfBoundValuesPositive
[0;31mERROR[0m[2026-03-16 10:13:59.374]   syncTime.sync: clock offset is out of expected bounds [0;31mclock offset harmonic mean[0m = 1.000000001s 
--- PASS: TestCallQueryShouldNotUpdateOnOutOfBoundValuesPositive (0.00s)
=== CONT  TestGetSleepTime
given time = 3600000000000
min time = 2880000000000
max time = 4320000000000

4243312489942
4007307773695
3719292222114
3438808131895
3901993651981
3014195621859
4167608053282
3808666660509
3404665404530
3379516467526
3777648573320
3227570773070
3038752613358
3288240208949
3399585933095
3416433577194
3173787134957
2971530685735
2981946383179
4240725338960
3788844655138
4183115175345
3416527759149
4018780304753
3519808966227
3972845670048
2998749110695
3206543409141
3433163984076
3927876451035
3566227917507
3865179178640
4253902554232
3926611279555
3064707005918
3016082300479
3758017342388
3619911963524
4007955469570
4280506756562
3186223999518
3297447035317
3960264187082
3698945671901
3287529720305
2932822304541
4144074092039
3796979548062
4135461607940
3537560317223
3985194578733
3459652992083
4303131536118
3583408839286
4316263962699
3791948371932
3051241964045
3476688139080
3200918049615
4022524068372
2965331284844
3338443972123
3279511296165
3972310191673
4005800419299
4137313144183
3170573333252
3970793546453
3840434057212
2926891178238
3588982200820
3747469193891
3255192620896
3582729508744
2988041619647
4184241407174
3007670110505
4214290882798
3069895375696
4010861858246
3607775577004
4230621679742
4011969807381
3314578380249
3709392768677
4004883661381
2910663769542
3161585838007
2964606887200
2885790764541
4120655150919
3410219376749
3419058670415
4016625036476
3871937675942
3925076179699
3120034160299
3102108692852
3074259535811
3475950226246
4140695282156
3315514366369
3739300477094
3365521372809
3378757508821
3663875186744
3683116425636
3699153376233
3502910129570
2934202792403
4270786160722
3293679583009
2948237247725
4088734119003
2880942537731
3486496281655
4207386866595
2925650647570
3341212927033
3780637485961
3230167658105
3636891197746
3567654775855
3161656397341
3974583588589
3602552501945
3447839847238
3170263433965
3370618219220
3274272096193
3381839853377
4002571171437
3194147684449
3294324343424
4307022635919
3573493303151
3694678461537
2985188257131
3211024055710
3271913107998
3133969847439
2924553010793
4290371797349
3272790040146
2924311563864
3721933058397
3582506747703
3761494173351
3880221661807
3089798118053
3072829914761
3937982596819
3364279461620
3224089877322
3350221746801
4203548524407
2955622603801
3666145062877
3669515858483
2984468660048
3014867346102
3284280560530
3373704773657
3631946511555
3991289409692
2905578641538
3933787480032
3965537301581
2943844182907
3953651687717
4295023245408
3882790176641
3693912137106
3932299099269
2905658024525
3900605261673
3582999719118
3779859218218
3050489749646
3715262625597
2967255102827
4255892117437
3926463015088
3871125502942
3731024625116
4013451647499
4270567254105
4173520349919
3741097280984
4148898230330
3386580396856
3677162820175
4169073258488
3999406230492
4046974278286
3611299791021
3072368211742
2935534926812
4060467582915
3804588442098
4083902052556
3651739435203
3781097307861
3090583992601
3092526861330
3086834752880
3925645448738
3904232604048
3734793683223
3691677830858
4102258475991
4086890011680
3009454761816
2890351634094
3944080576070
3041000648993
3311721492248
4141492367303
4221344150702
4162131814165
4104739890583
3769539035089
3432268675164
3077929584407
3303668161113
4224776976890
4147683858163
4148919744466
4088229506837
4317486421323
3465591592041
3839121472189
4284200659839
3668227697436
3052962239077
4116684711667
3634057229621
4144667346496
3722148249689
3560122783477
3868838119422
2982212064266
3267270144964
3581501070797
3793245079919
3096304874239
3935852345258
3044109681689
3099581218856
3243521361450
3489021990281
4292503727035
3928407574892
4284931028473
2964752740070
3075320572260
4290983831372
4082905049968
3856458956996
4319350783765
4297779556912
4252556375238
3555590694146
3142646052886
4134889843807
3172257298567
3728830217526
3335569619887
3080335318283
4052886551801
4261363892244
2908442443028
3562782332859
3101368188116
2976383431825
3106578144115
3090951744565
4238701502129
3082282577646
3822898709836
3440875690647
2972133705925
3195459139944
4012820594674
4319373704288
3366486561691
3077454477302
3991653880800
3222537728634
3461058874962
4290151983991
3267507748056
4187970577297
3587723559278
3646160813733
3331981332721
3257029168971
3863436119244
3318651573686
3457030503976
4192602913895
4067972526462
3164192655477
4110593367927
3092060929228
3224658011988
3979493878905
3059348472957
3201133309693
3489087908591
3614858613602
3457079889141
3539024957466
3712488740827
3985588648097
3432273726739
3881258849534
2901816409818
3620119978806
3395034148584
3131931846533
3090690537820
2907461911066
3370920473401
3413307976392
3866637553497
3052086400472
4015508592302
3164758195567
4169384114112
4217795723682
3028520944519
3811512963023
3534676755085
3428418274444
3552178913137
3929074725905
3777109171653
3854567148065
2910955170095
2885688205749
3840642211521
3691404811613
2912903313273
4010444463708
3740946427203
4050277912949
3114461505255
4168089266811
3024860570304
4068411462851
3639644280983
4169138569094
3110306140826
4165922423730
3269126190309
3200563232110
3285253955907
4060554282143
3609714167544
3918992614703
2910898769248
3307086087985
3271873565789
3260999316120
3655602968787
4085037649246
3049334963174
3286952875312
3686474019509
4212234358886
3340104714712
3301625340641
3366597208509
4038038436428
3134770394478
3408498203253
3729643473261
3931988016142
3024466402052
3178313916257
3018415811093
3592674308036
3954373092545
3794170512116
2959158418022
4137243554908
3566361467099
3796111435788
2934287013615
3903377256956
3776970511712
3344044789517
4055542727504
4201398213393
4057600771947
4027496843643
3751580863536
3608868725754
2881312422048
3453308278838
3494637186670
3292333111891
3886202748336
3192721177262
2905182626952
3458794617626
4192318338359
3932207268020
3888648902854
4174486032249
3839474457412
4077063962705
3994353645795
4237225584876
3733877897359
3054063193073
3680188402490
4179858300331
3786414685564
2992311011170
3492106165502
4186910475028
4253606912955
3009225569266
4204578773726
3731341771710
2906817264833
2949393670089
3232805083881
3268991049820
3520722949913
4248250753575
3617451781389
4188968610584
4159300358184
2978424245649
3358587681683
3536110951222
3421938137928
3050258583231
3663344807974
3237473394565
3201597179414
4101234070215
3475555527899
3695856571779
3910998638542
3074121473323
2903878652932
3460786839120
4250428938490
4119350978417
3871291359777
3720379740498
4260865646002
4067794967372
4278925306415
3774093193609
3832200854027
3310838034739
3432039625813
3808130857503
3696639375399
3648093022244
3640112166471
4313052344443
2926074881295
3521942464375
3856453884338
2933190436108
3736420627977
4196072866478
3897769336308
3347919630799
3765316188734
4229232486134
3056939699271
3235679353406
3211655620934
4296007546049
3908829635928
3950665484789
3672159308744
3174604426745
3900573913728
3566445424149
2995838178917
3069761852381
4308781928318
3872980314064
4192819038689
3115746530290
2915080196886
3989421334528
3216213237979
2936123776931
2958867024009
3484546262036
3838916334217
3089335206812
3216778406126
3799505259293
4132309499009
3092945766297
4142971466928
3400972593187
3172946399789
3335126605341
3607723534963
4084832711644
4178333646930
3470620552202
4041887035499
3782803806201
2990763134012
2950291010265
3278807063159
3332806654079
3173232887926
3295298079519
3435285321755
3542093869332
4186989010991
3977850113132
3913967099975
4025801993355
3682699207932
4149548958310
3862657327753
4063019704099
3589526592460
3727585306197
3611071093731
4173488079864
4167754391093
3493071816030
3136415895270
4246293674204
3195222356084
3393002329924
2987391674057
3530176303396
3825615195211
3512035621387
3850244897262
4108903196226
3247039446685
3748356035981
3328709988723
3565649393742
3673794655157
3246083494660
3654718833603
3862555392378
3538098580374
4154960166681
3805132728356
3666723624609
4031533977744
4014287356464
4043922958069
4173254099826
3838646791554
4181877789390
3758174927102
4194916122670
3360257440768
3271842921481
3425733028139
3895574619752
3582979485004
4304501832822
4017059403842
3887574662663
3484872255986
4195330422519
3198485686002
3406157464425
4227520359397
3546072567077
3320211220744
3494268160369
3544038551455
4304557907391
4026561068531
4239660900054
3121620309729
3926010689934
3481668013438
4225629462765
2916507466508
2932815463336
3553266865550
3084923446837
3167764939735
4036912697544
4044199047111
4198661288273
3945812945532
3483425585492
3175516044154
4132682806773
4247850908744
3968437111459
3511725763995
3711247875136
3861428756603
3297069881353
4039235164199
3861373440785
3826830691398
3035940339242
3980509937777
2982412585897
3125598171002
3658740045604
4155544415351
3509067885949
2926484603316
3283682232889
4053386521083
3084052059936
3275506307996
3236766854078
4024152678043
2966253456838
3635750993771
3818528053470
3314536419576
2970762048925
4205358534676
3888177563454
3997612985527
3533233784133
4233366009185
3700382646975
4132629234571
3723418380350
3399243755972
3674606103546
3068732982594
3976030499245
3707865020873
4218512221552
4059792813608
3769636314795
3456529873506
3387529534271
3733624256360
3842567320422
3963320963266
3902561700836
4089829060054
3546529724985
3897323393018
4282519659131
3976914117769
3344038922531
3804694560777
3646732457273
3775637207998
4238400129545
2997867770928
4040384662760
4303459680675
2939123561973
3628373726905
3384798319494
3189342307975
3732552067169
3305616035082
2944488621870
4184660608763
3907273916025
3336400389988
3535697956584
4255961993119
4293628789325
3597877565015
3368756437789
3093549750075
3057284362914
3375671310940
3424213395357
4316956369602
4114954410946
3148642630022
3838175740503
4155554425689
3636063044422
4097185054832
3366001834425
3232865057714
3656290853123
4310654259762
2997112413090
3296553071704
3308961904835
3055774481111
2907628114033
3862008885640
4110511413086
3136299741879
3222638735741
3908042046023
2910422703421
3072267227006
3897362374569
2981476811466
3255131074173
4307260086904
3788236662309
3071433567893
4154764423702
3439824641939
3738765481476
4216288603838
4312619715293
4031548274359
3774482853163
3618830066568
4070569986936
3864975808813
3793138786077
3479617005077
2918791586789
3196902368761
4214602909753
3994533360654
3642182947493
4185061000057
3561309722421
2923888654009
3956037201511
3164509720040
2916246748000
2882449013210
3505008733935
4047870459361
3920064708834
3015812268184
4122060333788
3717612813103
3928343119882
3396167867320
4036818712324
3811098434779
4003382128453
3643685442633
3568530141963
3206822126575
4057287054478
2953141647565
4300545609621
3377331675957
3104094770917
3191343236218
3087153251854
3535796362911
3032177255140
2992671823315
3676622097495
4275816777584
3373952607281
3640810189242
4038171754680
2923332599165
4274816618449
3860563663118
3585839690603
4291753672132
4182500055608
4078087340975
4126310551818
3390015275889
3557532543630
2951657906448
3967610467356
4041884962893
3041524262379
3967444090520
2983935638030
2918552752127
2958075192396
4149852655732
3931696743295
3366517756262
3071749510733
3105191337648
4089347452261
3629493346327
3564017214453
3072685038708
4174327716291
3221635283225
3465620821721
4228133921009
3708321933770
2909412344272
3054823226953
3137862503653
4315301135051
3898152723715
3645957687526
3753190102470
3725070145556
3723454763280
3865880534693
3495111228091
4063926852941
3269593463136
3124145328747
3544212613369
4141854236187
3297985929200
3057784892342
4170936481550
4205520308390
3301703206202
3751030842535
3166600419370
3486415344209
4084809049456
4018592956658
3936865510424
3958136651859
4130099726254
3327389603700
2911982093411
3055774446742
2910577892539
3864036520109
3095462508991
3281365564669
3346782329575
4046896706389
4040667934697
2940343939643
3542097782394
3319672656195
3687656774238
3853079024634
4247228208552
3839942680878
3846656551801
3980030103280
3499289706788
2906782399320
2990664542335
4309576705897
4157704610679
4146111459278
3432236752181
4256753213075
3488691917660
4052557794218
3813259285958
3248437410168
4261734338196
3316241395761
3124200314790
3747449181822
3640369981644
3490544772698
3841745060154
3551759686599
3472007674321
3431243602217
4083671419425
4137759180398
3940065528503
3295855246306
4151535098644
3486460688801
4152659094890
3397645271340
3674176715986
=== CONT  TestGetClockOffsetsWithoutEdges
--- PASS: TestGetClockOffsetsWithoutEdges (0.00s)
=== CONT  TestGetHarmonicMean
--- PASS: TestGetHarmonicMean (0.00s)
=== CONT  TestSyncShouldNotUpdateClockOffset
--- PASS: TestSyncShouldNotUpdateClockOffset (0.00s)
=== CONT  TestNtpHostIsChange
--- PASS: TestNtpHostIsChange (0.00s)
3955898448413
3093574455159
4284052106002
4248187337972
3512511608342
3737111553212
3551912429540
3469426066285
3808112252024
3359583067676
4066656454255
3225208315640
3529445983034
4302967851705
3252052573019
3038786274462
3779097257837
3816960253115
3571911462103
3713530992451
3611133775531
3787073263256
4009294386261
3606022387296
3621024095286
2923593696896
3295788719921
4274018601307
4065778159953
4309504021762
2892685746837
3079182244877
3585770923154
3067365677604
3583172693558
3739060466044
3427685490419
4061110050764
2929424358135
3621323578302
4154328571842
3713873893029
3854955025210
4130857749087
3978582604478
4269141538773
3269661279828
3116103657564
3240857738717
3853183412930
4258514833050
3124385557018
3414881928416
4231152101197
3992012413557
3011316753187
3222192418220
3227149072626
3922789305292
3926381779256
3281652573473
3334671096091
4231605238797
2900627094335
3236066195316
3677331922303
3476278142509
4031143890941
3705724455017
3121404483015
3169768734072
3366608374799
2960200353416
4311741098237
4287647290528
3120650507964
4237760806427
3233238259843
3889225051847
3385434983075
4107301961659
4070864891433
4283439920071
3567276173593
3759474731819
4198614186456
4009163851098
4110563976692
2969277041366
3216110513779
3193354127687
4202209279789
4064518761118
3680401194132
3014105987875
3393435102954
4132366730785
3336536291532
3773126797484
2957675617892
3896939417485
3871831857917
4173968180032
3003837257273
3252863665594
3043419126720
3047091009187
3383989088071
3057212978867
4246796911721
3776243296844
3955699835669
2919868727002
4030073474818
3379207227411
3574894868624
3229549283411
2995446418187
2947637637522
4086544713947
3674497305789
3096787529972
--- PASS: TestGetSleepTime (0.01s)
PASS
ok  	github.com/TerraDharitri/drt-go-chain/ntp	(cached)
=== RUN   TestNewOutport
=== PAUSE TestNewOutport
=== RUN   TestOutport_SaveAccounts
=== PAUSE TestOutport_SaveAccounts
=== RUN   TestOutport_SaveBlock
=== PAUSE TestOutport_SaveBlock
=== RUN   TestOutport_SaveRoundsInfo
=== PAUSE TestOutport_SaveRoundsInfo
=== RUN   TestOutport_SaveValidatorsPubKeys
=== PAUSE TestOutport_SaveValidatorsPubKeys
=== RUN   TestOutport_SaveValidatorsRating
=== PAUSE TestOutport_SaveValidatorsRating
=== RUN   TestOutport_RevertIndexedBlock
=== PAUSE TestOutport_RevertIndexedBlock
=== RUN   TestOutport_FinalizedBlock
=== PAUSE TestOutport_FinalizedBlock
=== RUN   TestOutport_SubscribeDriver
=== PAUSE TestOutport_SubscribeDriver
=== RUN   TestOutport_Close
=== PAUSE TestOutport_Close
=== RUN   TestOutport_CloseWhileDriverIsStuckInContinuousErrors
=== PAUSE TestOutport_CloseWhileDriverIsStuckInContinuousErrors
=== RUN   TestOutport_SaveBlockDriverStuck
=== PAUSE TestOutport_SaveBlockDriverStuck
=== RUN   TestOutport_SaveBlockDriverIsNotStuck
=== PAUSE TestOutport_SaveBlockDriverIsNotStuck
=== RUN   TestOutport_SettingsRequestAndReceive
=== PAUSE TestOutport_SettingsRequestAndReceive
=== CONT  TestNewOutport
=== RUN   TestNewOutport/invalid_retrial_time_should_error
=== RUN   TestNewOutport/should_work
--- PASS: TestNewOutport (0.00s)
    --- PASS: TestNewOutport/invalid_retrial_time_should_error (0.00s)
    --- PASS: TestNewOutport/should_work (0.00s)
=== CONT  TestOutport_SettingsRequestAndReceive
=== RUN   TestOutport_SettingsRequestAndReceive/RegisterHandlerForSettingsRequest_errors,_should_not_add_the_driver
=== PAUSE TestOutport_SettingsRequestAndReceive/RegisterHandlerForSettingsRequest_errors,_should_not_add_the_driver
=== RUN   TestOutport_SettingsRequestAndReceive/SetCurrentSettings_errors,_should_not_panic
=== PAUSE TestOutport_SettingsRequestAndReceive/SetCurrentSettings_errors,_should_not_panic
=== RUN   TestOutport_SettingsRequestAndReceive/should_work
=== PAUSE TestOutport_SettingsRequestAndReceive/should_work
=== CONT  TestOutport_SettingsRequestAndReceive/RegisterHandlerForSettingsRequest_errors,_should_not_add_the_driver
=== CONT  TestOutport_SaveBlockDriverIsNotStuck
=== CONT  TestOutport_SaveBlockDriverStuck
=== CONT  TestOutport_CloseWhileDriverIsStuckInContinuousErrors
=== CONT  TestOutport_Close
[0;31mERROR[0m[2026-03-16 10:13:59.283]   cannot close driver                      [0;31merror[0m = local err 
--- PASS: TestOutport_Close (0.00s)
=== CONT  TestOutport_SubscribeDriver
=== RUN   TestOutport_SubscribeDriver/nil_driver_should_error
=== RUN   TestOutport_SubscribeDriver/should_work
--- PASS: TestOutport_SubscribeDriver (0.00s)
    --- PASS: TestOutport_SubscribeDriver/nil_driver_should_error (0.00s)
    --- PASS: TestOutport_SubscribeDriver/should_work (0.00s)
=== CONT  TestOutport_FinalizedBlock
=== CONT  TestOutport_RevertIndexedBlock
=== CONT  TestOutport_SaveValidatorsRating
=== CONT  TestOutport_SaveValidatorsPubKeys
=== CONT  TestOutport_SaveRoundsInfo
[0;31mERROR[0m[2026-03-16 10:13:59.283]   error calling SaveRoundsInfo, will retry [0;31mdriver[0m = *mock.DriverStub [0;31mretrial in[0m = 10ms [0;31merror[0m = expected error 
=== CONT  TestOutport_SaveBlock
[0;31mERROR[0m[2026-03-16 10:13:59.283]   error calling SaveBlock, will retry      [0;31mdriver[0m = *mock.DriverStub [0;31mretrial in[0m = 10ms [0;31merror[0m = expected error 
=== CONT  TestOutport_SaveAccounts
=== CONT  TestOutport_SettingsRequestAndReceive/should_work
=== CONT  TestOutport_SettingsRequestAndReceive/SetCurrentSettings_errors,_should_not_panic
--- PASS: TestOutport_SettingsRequestAndReceive (0.00s)
    --- PASS: TestOutport_SettingsRequestAndReceive/RegisterHandlerForSettingsRequest_errors,_should_not_add_the_driver (0.00s)
    --- PASS: TestOutport_SettingsRequestAndReceive/should_work (0.00s)
    --- PASS: TestOutport_SettingsRequestAndReceive/SetCurrentSettings_errors,_should_not_panic (0.00s)
[0;31mERROR[0m[2026-03-16 10:13:59.283]   error calling SaveAccounts, will retry   [0;31mdriver[0m = *mock.DriverStub [0;31mretrial in[0m = 10ms [0;31merror[0m = driver stuck in error 
[0;31mERROR[0m[2026-03-16 10:13:59.283]   error calling SaveRoundsInfo, will retry [0;31mdriver[0m = *mock.DriverStub [0;31mretrial in[0m = 10ms [0;31merror[0m = driver stuck in error 
[0;31mERROR[0m[2026-03-16 10:13:59.283]   error calling SaveValidatorsPubKeys, will retry [0;31mdriver[0m = *mock.DriverStub [0;31mretrial in[0m = 10ms [0;31merror[0m = driver stuck in error 
[0;31mERROR[0m[2026-03-16 10:13:59.283]   error calling SaveValidatorsRating, will retry [0;31mdriver[0m = *mock.DriverStub [0;31mretrial in[0m = 10ms [0;31merror[0m = driver stuck in error 
[0;31mERROR[0m[2026-03-16 10:13:59.283]   error calling SaveAccounts, will retry   [0;31mdriver[0m = *mock.DriverStub [0;31mretrial in[0m = 10ms [0;31merror[0m = driver stuck in error 
[0;31mERROR[0m[2026-03-16 10:13:59.283]   error calling FinalizedBlock, will retry [0;31mdriver[0m = *mock.DriverStub [0;31mretrial in[0m = 10ms [0;31merror[0m = driver stuck in error 
--- PASS: TestOutport_CloseWhileDriverIsStuckInContinuousErrors (0.00s)
[0;31mERROR[0m[2026-03-16 10:13:59.293]   error calling SaveRoundsInfo, will retry [0;31mdriver[0m = *mock.DriverStub [0;31mretrial in[0m = 10ms [0;31merror[0m = expected error 
[0;31mERROR[0m[2026-03-16 10:13:59.293]   error calling SaveBlock, will retry      [0;31mdriver[0m = *mock.DriverStub [0;31mretrial in[0m = 10ms [0;31merror[0m = expected error 
[0;31mERROR[0m[2026-03-16 10:13:59.303]   error calling SaveBlock, will retry      [0;31mdriver[0m = *mock.DriverStub [0;31mretrial in[0m = 10ms [0;31merror[0m = expected error 
[0;31mERROR[0m[2026-03-16 10:13:59.303]   error calling SaveRoundsInfo, will retry [0;31mdriver[0m = *mock.DriverStub [0;31mretrial in[0m = 10ms [0;31merror[0m = expected error 
[0;31mERROR[0m[2026-03-16 10:13:59.314]   error calling SaveRoundsInfo, will retry [0;31mdriver[0m = *mock.DriverStub [0;31mretrial in[0m = 10ms [0;31merror[0m = expected error 
[0;31mERROR[0m[2026-03-16 10:13:59.314]   error calling SaveBlock, will retry      [0;31mdriver[0m = *mock.DriverStub [0;31mretrial in[0m = 10ms [0;31merror[0m = expected error 
[0;31mERROR[0m[2026-03-16 10:13:59.324]   error calling SaveRoundsInfo, will retry [0;31mdriver[0m = *mock.DriverStub [0;31mretrial in[0m = 10ms [0;31merror[0m = expected error 
[0;31mERROR[0m[2026-03-16 10:13:59.324]   error calling SaveBlock, will retry      [0;31mdriver[0m = *mock.DriverStub [0;31mretrial in[0m = 10ms [0;31merror[0m = expected error 
[0;31mERROR[0m[2026-03-16 10:13:59.334]   error calling SaveBlock, will retry      [0;31mdriver[0m = *mock.DriverStub [0;31mretrial in[0m = 10ms [0;31merror[0m = expected error 
[0;31mERROR[0m[2026-03-16 10:13:59.334]   error calling SaveRoundsInfo, will retry [0;31mdriver[0m = *mock.DriverStub [0;31mretrial in[0m = 10ms [0;31merror[0m = expected error 
[0;31mERROR[0m[2026-03-16 10:13:59.344]   error calling SaveBlock, will retry      [0;31mdriver[0m = *mock.DriverStub [0;31mretrial in[0m = 10ms [0;31merror[0m = expected error 
[0;31mERROR[0m[2026-03-16 10:13:59.344]   error calling SaveRoundsInfo, will retry [0;31mdriver[0m = *mock.DriverStub [0;31mretrial in[0m = 10ms [0;31merror[0m = expected error 
[0;31mERROR[0m[2026-03-16 10:13:59.355]   error calling SaveBlock, will retry      [0;31mdriver[0m = *mock.DriverStub [0;31mretrial in[0m = 10ms [0;31merror[0m = expected error 
[0;31mERROR[0m[2026-03-16 10:13:59.355]   error calling SaveRoundsInfo, will retry [0;31mdriver[0m = *mock.DriverStub [0;31mretrial in[0m = 10ms [0;31merror[0m = expected error 
[0;31mERROR[0m[2026-03-16 10:13:59.365]   error calling SaveRoundsInfo, will retry [0;31mdriver[0m = *mock.DriverStub [0;31mretrial in[0m = 10ms [0;31merror[0m = expected error 
[0;31mERROR[0m[2026-03-16 10:13:59.365]   error calling SaveBlock, will retry      [0;31mdriver[0m = *mock.DriverStub [0;31mretrial in[0m = 10ms [0;31merror[0m = expected error 
--- PASS: TestOutport_SaveBlockDriverIsNotStuck (1.00s)
[0;31mERROR[0m[2026-03-16 10:14:00.283]   error calling FinalizedBlock, will retry [0;31mdriver[0m = *mock.DriverStub [0;31mretrial in[0m = 10ms [0;31merror[0m = expected error 
[0;31mERROR[0m[2026-03-16 10:14:00.283]   error calling SaveValidatorsPubKeys, will retry [0;31mdriver[0m = *mock.DriverStub [0;31mretrial in[0m = 10ms [0;31merror[0m = expected error 
[0;31mERROR[0m[2026-03-16 10:14:00.283]   error calling SaveAccounts, will retry   [0;31mdriver[0m = *mock.DriverStub [0;31mretrial in[0m = 10ms [0;31merror[0m = expected error 
[0;31mERROR[0m[2026-03-16 10:14:00.283]   error calling RevertIndexedBlock, will retry [0;31mdriver[0m = *mock.DriverStub [0;31mretrial in[0m = 10ms [0;31merror[0m = expected error 
[0;31mERROR[0m[2026-03-16 10:14:00.283]   error calling SaveValidatorsRating, will retry [0;31mdriver[0m = *mock.DriverStub [0;31mretrial in[0m = 10ms [0;31merror[0m = expected error 
[0;31mERROR[0m[2026-03-16 10:14:00.293]   error calling SaveValidatorsRating, will retry [0;31mdriver[0m = *mock.DriverStub [0;31mretrial in[0m = 10ms [0;31merror[0m = expected error 
[0;31mERROR[0m[2026-03-16 10:14:00.293]   error calling FinalizedBlock, will retry [0;31mdriver[0m = *mock.DriverStub [0;31mretrial in[0m = 10ms [0;31merror[0m = expected error 
[0;31mERROR[0m[2026-03-16 10:14:00.293]   error calling SaveValidatorsPubKeys, will retry [0;31mdriver[0m = *mock.DriverStub [0;31mretrial in[0m = 10ms [0;31merror[0m = expected error 
[0;31mERROR[0m[2026-03-16 10:14:00.293]   error calling SaveAccounts, will retry   [0;31mdriver[0m = *mock.DriverStub [0;31mretrial in[0m = 10ms [0;31merror[0m = expected error 
[0;31mERROR[0m[2026-03-16 10:14:00.293]   error calling RevertIndexedBlock, will retry [0;31mdriver[0m = *mock.DriverStub [0;31mretrial in[0m = 10ms [0;31merror[0m = expected error 
[0;31mERROR[0m[2026-03-16 10:14:00.303]   error calling RevertIndexedBlock, will retry [0;31mdriver[0m = *mock.DriverStub [0;31mretrial in[0m = 10ms [0;31merror[0m = expected error 
[0;31mERROR[0m[2026-03-16 10:14:00.303]   error calling SaveValidatorsRating, will retry [0;31mdriver[0m = *mock.DriverStub [0;31mretrial in[0m = 10ms [0;31merror[0m = expected error 
[0;31mERROR[0m[2026-03-16 10:14:00.303]   error calling FinalizedBlock, will retry [0;31mdriver[0m = *mock.DriverStub [0;31mretrial in[0m = 10ms [0;31merror[0m = expected error 
[0;31mERROR[0m[2026-03-16 10:14:00.303]   error calling SaveValidatorsPubKeys, will retry [0;31mdriver[0m = *mock.DriverStub [0;31mretrial in[0m = 10ms [0;31merror[0m = expected error 
[0;31mERROR[0m[2026-03-16 10:14:00.303]   error calling SaveAccounts, will retry   [0;31mdriver[0m = *mock.DriverStub [0;31mretrial in[0m = 10ms [0;31merror[0m = expected error 
[0;31mERROR[0m[2026-03-16 10:14:00.314]   error calling SaveAccounts, will retry   [0;31mdriver[0m = *mock.DriverStub [0;31mretrial in[0m = 10ms [0;31merror[0m = expected error 
[0;31mERROR[0m[2026-03-16 10:14:00.314]   error calling RevertIndexedBlock, will retry [0;31mdriver[0m = *mock.DriverStub [0;31mretrial in[0m = 10ms [0;31merror[0m = expected error 
[0;31mERROR[0m[2026-03-16 10:14:00.314]   error calling SaveValidatorsRating, will retry [0;31mdriver[0m = *mock.DriverStub [0;31mretrial in[0m = 10ms [0;31merror[0m = expected error 
[0;31mERROR[0m[2026-03-16 10:14:00.314]   error calling FinalizedBlock, will retry [0;31mdriver[0m = *mock.DriverStub [0;31mretrial in[0m = 10ms [0;31merror[0m = expected error 
[0;31mERROR[0m[2026-03-16 10:14:00.314]   error calling SaveValidatorsPubKeys, will retry [0;31mdriver[0m = *mock.DriverStub [0;31mretrial in[0m = 10ms [0;31merror[0m = expected error 
[0;31mERROR[0m[2026-03-16 10:14:00.325]   error calling SaveValidatorsPubKeys, will retry [0;31mdriver[0m = *mock.DriverStub [0;31mretrial in[0m = 10ms [0;31merror[0m = expected error 
[0;31mERROR[0m[2026-03-16 10:14:00.325]   error calling SaveAccounts, will retry   [0;31mdriver[0m = *mock.DriverStub [0;31mretrial in[0m = 10ms [0;31merror[0m = expected error 
[0;31mERROR[0m[2026-03-16 10:14:00.325]   error calling RevertIndexedBlock, will retry [0;31mdriver[0m = *mock.DriverStub [0;31mretrial in[0m = 10ms [0;31merror[0m = expected error 
[0;31mERROR[0m[2026-03-16 10:14:00.325]   error calling SaveValidatorsRating, will retry [0;31mdriver[0m = *mock.DriverStub [0;31mretrial in[0m = 10ms [0;31merror[0m = expected error 
[0;31mERROR[0m[2026-03-16 10:14:00.325]   error calling FinalizedBlock, will retry [0;31mdriver[0m = *mock.DriverStub [0;31mretrial in[0m = 10ms [0;31merror[0m = expected error 
[0;31mERROR[0m[2026-03-16 10:14:00.336]   error calling FinalizedBlock, will retry [0;31mdriver[0m = *mock.DriverStub [0;31mretrial in[0m = 10ms [0;31merror[0m = expected error 
[0;31mERROR[0m[2026-03-16 10:14:00.336]   error calling SaveValidatorsPubKeys, will retry [0;31mdriver[0m = *mock.DriverStub [0;31mretrial in[0m = 10ms [0;31merror[0m = expected error 
[0;31mERROR[0m[2026-03-16 10:14:00.336]   error calling SaveAccounts, will retry   [0;31mdriver[0m = *mock.DriverStub [0;31mretrial in[0m = 10ms [0;31merror[0m = expected error 
[0;31mERROR[0m[2026-03-16 10:14:00.336]   error calling RevertIndexedBlock, will retry [0;31mdriver[0m = *mock.DriverStub [0;31mretrial in[0m = 10ms [0;31merror[0m = expected error 
[0;31mERROR[0m[2026-03-16 10:14:00.336]   error calling SaveValidatorsRating, will retry [0;31mdriver[0m = *mock.DriverStub [0;31mretrial in[0m = 10ms [0;31merror[0m = expected error 
[0;31mERROR[0m[2026-03-16 10:14:00.348]   error calling SaveValidatorsRating, will retry [0;31mdriver[0m = *mock.DriverStub [0;31mretrial in[0m = 10ms [0;31merror[0m = expected error 
[0;31mERROR[0m[2026-03-16 10:14:00.348]   error calling FinalizedBlock, will retry [0;31mdriver[0m = *mock.DriverStub [0;31mretrial in[0m = 10ms [0;31merror[0m = expected error 
[0;31mERROR[0m[2026-03-16 10:14:00.348]   error calling SaveValidatorsPubKeys, will retry [0;31mdriver[0m = *mock.DriverStub [0;31mretrial in[0m = 10ms [0;31merror[0m = expected error 
[0;31mERROR[0m[2026-03-16 10:14:00.348]   error calling SaveAccounts, will retry   [0;31mdriver[0m = *mock.DriverStub [0;31mretrial in[0m = 10ms [0;31merror[0m = expected error 
[0;31mERROR[0m[2026-03-16 10:14:00.348]   error calling RevertIndexedBlock, will retry [0;31mdriver[0m = *mock.DriverStub [0;31mretrial in[0m = 10ms [0;31merror[0m = expected error 
[0;31mERROR[0m[2026-03-16 10:14:00.358]   error calling RevertIndexedBlock, will retry [0;31mdriver[0m = *mock.DriverStub [0;31mretrial in[0m = 10ms [0;31merror[0m = expected error 
[0;31mERROR[0m[2026-03-16 10:14:00.359]   error calling FinalizedBlock, will retry [0;31mdriver[0m = *mock.DriverStub [0;31mretrial in[0m = 10ms [0;31merror[0m = expected error 
[0;31mERROR[0m[2026-03-16 10:14:00.359]   error calling SaveValidatorsRating, will retry [0;31mdriver[0m = *mock.DriverStub [0;31mretrial in[0m = 10ms [0;31merror[0m = expected error 
[0;31mERROR[0m[2026-03-16 10:14:00.359]   error calling SaveValidatorsPubKeys, will retry [0;31mdriver[0m = *mock.DriverStub [0;31mretrial in[0m = 10ms [0;31merror[0m = expected error 
[0;31mERROR[0m[2026-03-16 10:14:00.359]   error calling SaveAccounts, will retry   [0;31mdriver[0m = *mock.DriverStub [0;31mretrial in[0m = 10ms [0;31merror[0m = expected error 
[0;31mERROR[0m[2026-03-16 10:14:00.369]   error calling SaveAccounts, will retry   [0;31mdriver[0m = *mock.DriverStub [0;31mretrial in[0m = 10ms [0;31merror[0m = expected error 
[0;31mERROR[0m[2026-03-16 10:14:00.369]   error calling FinalizedBlock, will retry [0;31mdriver[0m = *mock.DriverStub [0;31mretrial in[0m = 10ms [0;31merror[0m = expected error 
[0;31mERROR[0m[2026-03-16 10:14:00.369]   error calling RevertIndexedBlock, will retry [0;31mdriver[0m = *mock.DriverStub [0;31mretrial in[0m = 10ms [0;31merror[0m = expected error 
[0;31mERROR[0m[2026-03-16 10:14:00.369]   error calling SaveValidatorsRating, will retry [0;31mdriver[0m = *mock.DriverStub [0;31mretrial in[0m = 10ms [0;31merror[0m = expected error 
[0;31mERROR[0m[2026-03-16 10:14:00.369]   error calling SaveValidatorsPubKeys, will retry [0;31mdriver[0m = *mock.DriverStub [0;31mretrial in[0m = 10ms [0;31merror[0m = expected error 
--- PASS: TestOutport_SaveBlock (1.09s)
--- PASS: TestOutport_SaveRoundsInfo (1.09s)
--- PASS: TestOutport_SaveValidatorsRating (2.10s)
--- PASS: TestOutport_SaveValidatorsPubKeys (2.10s)
--- PASS: TestOutport_SaveAccounts (2.10s)
--- PASS: TestOutport_FinalizedBlock (2.10s)
--- PASS: TestOutport_RevertIndexedBlock (2.10s)
--- PASS: TestOutport_SaveBlockDriverStuck (5.00s)
PASS
ok  	github.com/TerraDharitri/drt-go-chain/outport	(cached)
=== RUN   TestCreateHostDriver
=== PAUSE TestCreateHostDriver
=== RUN   TestCreateEventNotifier
=== PAUSE TestCreateEventNotifier
=== RUN   TestNewIndexerFactory
=== PAUSE TestNewIndexerFactory
=== RUN   TestCreateOutport_EnabledDriversNilMockArgsExpectErrorSubscribingDrivers
=== PAUSE TestCreateOutport_EnabledDriversNilMockArgsExpectErrorSubscribingDrivers
=== RUN   TestCreateOutport_SubscribeNotifierDriver
--- PASS: TestCreateOutport_SubscribeNotifierDriver (0.00s)
=== RUN   TestCreateOutport_SubscribeMultipleHostDrivers
[0;32mINFO [0m[2026-03-16 10:13:59.289]   closing client...                        
[0;33mWARN [0m[2026-03-16 10:13:59.289]   client.Close() cannot close connection   [0;33merror[0m = connection not open 
[0;31mERROR[0m[2026-03-16 10:13:59.289]   cannot close driver                      [0;31merror[0m = connection not open 
[0;32mINFO [0m[2026-03-16 10:13:59.289]   closing client...                        
[0;33mWARN [0m[2026-03-16 10:13:59.289]   client.Close() cannot close connection   [0;33merror[0m = connection not open 
[0;31mERROR[0m[2026-03-16 10:13:59.289]   cannot close driver                      [0;31merror[0m = connection not open 
--- PASS: TestCreateOutport_SubscribeMultipleHostDrivers (0.00s)
=== RUN   TestCreateAndSubscribeDriversShouldReturnError
--- PASS: TestCreateAndSubscribeDriversShouldReturnError (0.00s)
=== CONT  TestCreateHostDriver
--- PASS: TestCreateHostDriver (0.00s)
=== CONT  TestCreateOutport_EnabledDriversNilMockArgsExpectErrorSubscribingDrivers
--- PASS: TestCreateOutport_EnabledDriversNilMockArgsExpectErrorSubscribingDrivers (0.00s)
[0;33mWARN [0m[2026-03-16 10:13:59.289]   c.openConnection(), retrying in 1s...    [0;33merror[0m = dial tcp 127.0.0.1:80: connect: connection refused 
[0;33mWARN [0m[2026-03-16 10:13:59.289]   wt.Listen()-> connection problem         [0;33merror[0m = connection not open 
=== CONT  TestCreateEventNotifier
=== RUN   TestCreateEventNotifier/nil_marshaller
=== PAUSE TestCreateEventNotifier/nil_marshaller
=== RUN   TestCreateEventNotifier/should_work
=== PAUSE TestCreateEventNotifier/should_work
=== CONT  TestCreateEventNotifier/nil_marshaller
=== CONT  TestNewIndexerFactory
=== RUN   TestNewIndexerFactory/NilArgsOutportFactory
=== RUN   TestNewIndexerFactory/invalid_retrial_duration
=== RUN   TestNewIndexerFactory/AllOkShouldWork
--- PASS: TestNewIndexerFactory (0.00s)
    --- PASS: TestNewIndexerFactory/NilArgsOutportFactory (0.00s)
    --- PASS: TestNewIndexerFactory/invalid_retrial_duration (0.00s)
    --- PASS: TestNewIndexerFactory/AllOkShouldWork (0.00s)
=== CONT  TestCreateEventNotifier/should_work
--- PASS: TestCreateEventNotifier (0.00s)
    --- PASS: TestCreateEventNotifier/nil_marshaller (0.00s)
    --- PASS: TestCreateEventNotifier/should_work (0.00s)
PASS
ok  	github.com/TerraDharitri/drt-go-chain/outport/factory	(cached)
=== RUN   TestNewWebsocketOutportDriverNodePart
=== PAUSE TestNewWebsocketOutportDriverNodePart
=== RUN   TestWebsocketOutportDriverNodePart_SaveBlock
=== PAUSE TestWebsocketOutportDriverNodePart_SaveBlock
=== RUN   TestWebsocketOutportDriverNodePart_FinalizedBlock
=== PAUSE TestWebsocketOutportDriverNodePart_FinalizedBlock
=== RUN   TestWebsocketOutportDriverNodePart_RevertIndexedBlock
=== PAUSE TestWebsocketOutportDriverNodePart_RevertIndexedBlock
=== RUN   TestWebsocketOutportDriverNodePart_SaveAccounts
=== PAUSE TestWebsocketOutportDriverNodePart_SaveAccounts
=== RUN   TestWebsocketOutportDriverNodePart_SaveRoundsInfo
=== PAUSE TestWebsocketOutportDriverNodePart_SaveRoundsInfo
=== RUN   TestWebsocketOutportDriverNodePart_SaveValidatorsPubKeys
=== PAUSE TestWebsocketOutportDriverNodePart_SaveValidatorsPubKeys
=== RUN   TestWebsocketOutportDriverNodePart_SaveValidatorsRating
=== PAUSE TestWebsocketOutportDriverNodePart_SaveValidatorsRating
=== RUN   TestWebsocketOutportDriverNodePart_SaveBlock_PayloadCheck
=== PAUSE TestWebsocketOutportDriverNodePart_SaveBlock_PayloadCheck
=== RUN   TestWebsocketOutportDriverNodePart_Close
=== PAUSE TestWebsocketOutportDriverNodePart_Close
=== RUN   TestPayloadProcessor_New
=== PAUSE TestPayloadProcessor_New
=== RUN   TestPayloadProcessor_SetHandlerFunc
=== PAUSE TestPayloadProcessor_SetHandlerFunc
=== CONT  TestNewWebsocketOutportDriverNodePart
=== RUN   TestNewWebsocketOutportDriverNodePart/nil_marshaller
=== PAUSE TestNewWebsocketOutportDriverNodePart/nil_marshaller
=== RUN   TestNewWebsocketOutportDriverNodePart/nil_logger
=== PAUSE TestNewWebsocketOutportDriverNodePart/nil_logger
=== RUN   TestNewWebsocketOutportDriverNodePart/should_work
=== PAUSE TestNewWebsocketOutportDriverNodePart/should_work
=== CONT  TestNewWebsocketOutportDriverNodePart/nil_marshaller
=== CONT  TestPayloadProcessor_SetHandlerFunc
--- PASS: TestPayloadProcessor_SetHandlerFunc (0.00s)
=== CONT  TestPayloadProcessor_New
--- PASS: TestPayloadProcessor_New (0.00s)
=== CONT  TestWebsocketOutportDriverNodePart_Close
--- PASS: TestWebsocketOutportDriverNodePart_Close (0.00s)
=== CONT  TestWebsocketOutportDriverNodePart_SaveBlock_PayloadCheck
--- PASS: TestWebsocketOutportDriverNodePart_SaveBlock_PayloadCheck (0.00s)
=== CONT  TestWebsocketOutportDriverNodePart_SaveValidatorsRating
=== RUN   TestWebsocketOutportDriverNodePart_SaveValidatorsRating/SaveValidatorsRating_-_should_error
=== RUN   TestWebsocketOutportDriverNodePart_SaveValidatorsRating/SaveValidatorsRating_block_-_should_work
--- PASS: TestWebsocketOutportDriverNodePart_SaveValidatorsRating (0.00s)
    --- PASS: TestWebsocketOutportDriverNodePart_SaveValidatorsRating/SaveValidatorsRating_-_should_error (0.00s)
    --- PASS: TestWebsocketOutportDriverNodePart_SaveValidatorsRating/SaveValidatorsRating_block_-_should_work (0.00s)
=== CONT  TestWebsocketOutportDriverNodePart_SaveValidatorsPubKeys
=== RUN   TestWebsocketOutportDriverNodePart_SaveValidatorsPubKeys/SaveValidatorsPubKeys_-_should_error
=== RUN   TestWebsocketOutportDriverNodePart_SaveValidatorsPubKeys/SaveValidatorsPubKeys_block_-_should_work
--- PASS: TestWebsocketOutportDriverNodePart_SaveValidatorsPubKeys (0.00s)
    --- PASS: TestWebsocketOutportDriverNodePart_SaveValidatorsPubKeys/SaveValidatorsPubKeys_-_should_error (0.00s)
    --- PASS: TestWebsocketOutportDriverNodePart_SaveValidatorsPubKeys/SaveValidatorsPubKeys_block_-_should_work (0.00s)
=== CONT  TestWebsocketOutportDriverNodePart_SaveRoundsInfo
=== RUN   TestWebsocketOutportDriverNodePart_SaveRoundsInfo/SaveRoundsInfo_-_should_error
=== RUN   TestWebsocketOutportDriverNodePart_SaveRoundsInfo/SaveRoundsInfo_block_-_should_work
--- PASS: TestWebsocketOutportDriverNodePart_SaveRoundsInfo (0.00s)
    --- PASS: TestWebsocketOutportDriverNodePart_SaveRoundsInfo/SaveRoundsInfo_-_should_error (0.00s)
    --- PASS: TestWebsocketOutportDriverNodePart_SaveRoundsInfo/SaveRoundsInfo_block_-_should_work (0.00s)
=== CONT  TestWebsocketOutportDriverNodePart_SaveAccounts
=== RUN   TestWebsocketOutportDriverNodePart_SaveAccounts/SaveAccounts_-_should_error
=== RUN   TestWebsocketOutportDriverNodePart_SaveAccounts/SaveAccounts_block_-_should_work
--- PASS: TestWebsocketOutportDriverNodePart_SaveAccounts (0.00s)
    --- PASS: TestWebsocketOutportDriverNodePart_SaveAccounts/SaveAccounts_-_should_error (0.00s)
    --- PASS: TestWebsocketOutportDriverNodePart_SaveAccounts/SaveAccounts_block_-_should_work (0.00s)
=== CONT  TestWebsocketOutportDriverNodePart_RevertIndexedBlock
=== RUN   TestWebsocketOutportDriverNodePart_RevertIndexedBlock/RevertIndexedBlock_-_should_error
=== RUN   TestWebsocketOutportDriverNodePart_RevertIndexedBlock/RevertIndexedBlock_block_-_should_work
--- PASS: TestWebsocketOutportDriverNodePart_RevertIndexedBlock (0.00s)
    --- PASS: TestWebsocketOutportDriverNodePart_RevertIndexedBlock/RevertIndexedBlock_-_should_error (0.00s)
    --- PASS: TestWebsocketOutportDriverNodePart_RevertIndexedBlock/RevertIndexedBlock_block_-_should_work (0.00s)
=== CONT  TestWebsocketOutportDriverNodePart_FinalizedBlock
=== RUN   TestWebsocketOutportDriverNodePart_FinalizedBlock/Finalized_block_-_should_error
=== RUN   TestWebsocketOutportDriverNodePart_FinalizedBlock/Finalized_block_-_should_work
--- PASS: TestWebsocketOutportDriverNodePart_FinalizedBlock (0.00s)
    --- PASS: TestWebsocketOutportDriverNodePart_FinalizedBlock/Finalized_block_-_should_error (0.00s)
    --- PASS: TestWebsocketOutportDriverNodePart_FinalizedBlock/Finalized_block_-_should_work (0.00s)
=== CONT  TestWebsocketOutportDriverNodePart_SaveBlock
=== RUN   TestWebsocketOutportDriverNodePart_SaveBlock/SaveBlock_-_should_error
=== PAUSE TestWebsocketOutportDriverNodePart_SaveBlock/SaveBlock_-_should_error
=== RUN   TestWebsocketOutportDriverNodePart_SaveBlock/SaveBlock_-_should_work
=== PAUSE TestWebsocketOutportDriverNodePart_SaveBlock/SaveBlock_-_should_work
=== CONT  TestWebsocketOutportDriverNodePart_SaveBlock/SaveBlock_-_should_error
=== CONT  TestNewWebsocketOutportDriverNodePart/should_work
=== CONT  TestNewWebsocketOutportDriverNodePart/nil_logger
--- PASS: TestNewWebsocketOutportDriverNodePart (0.00s)
    --- PASS: TestNewWebsocketOutportDriverNodePart/nil_marshaller (0.00s)
    --- PASS: TestNewWebsocketOutportDriverNodePart/should_work (0.00s)
    --- PASS: TestNewWebsocketOutportDriverNodePart/nil_logger (0.00s)
=== CONT  TestWebsocketOutportDriverNodePart_SaveBlock/SaveBlock_-_should_work
--- PASS: TestWebsocketOutportDriverNodePart_SaveBlock (0.00s)
    --- PASS: TestWebsocketOutportDriverNodePart_SaveBlock/SaveBlock_-_should_error (0.00s)
    --- PASS: TestWebsocketOutportDriverNodePart_SaveBlock/SaveBlock_-_should_work (0.00s)
PASS
ok  	github.com/TerraDharitri/drt-go-chain/outport/host	(cached)
=== RUN   TestNewEventNotifier
=== PAUSE TestNewEventNotifier
=== RUN   TestSaveBlock
=== PAUSE TestSaveBlock
=== RUN   TestRevertIndexedBlock
=== PAUSE TestRevertIndexedBlock
=== RUN   TestFinalizedBlock
=== PAUSE TestFinalizedBlock
=== RUN   TestMockFunctions
=== PAUSE TestMockFunctions
=== RUN   TestNewHTTPClient
=== PAUSE TestNewHTTPClient
=== RUN   TestPOST
=== PAUSE TestPOST
=== RUN   TestPOSTShouldFail
=== PAUSE TestPOSTShouldFail
=== CONT  TestNewEventNotifier
=== CONT  TestMockFunctions
--- PASS: TestMockFunctions (0.00s)
=== CONT  TestPOSTShouldFail
=== CONT  TestPOST
=== CONT  TestNewHTTPClient
=== CONT  TestRevertIndexedBlock
=== CONT  TestFinalizedBlock
=== CONT  TestSaveBlock
=== RUN   TestNewEventNotifier/nil_http_client
=== PAUSE TestNewEventNotifier/nil_http_client
=== RUN   TestNewEventNotifier/nil_marshaller
=== PAUSE TestNewEventNotifier/nil_marshaller
=== RUN   TestNewEventNotifier/nil_block_container
[0;33mWARN [0m[2026-03-16 10:13:59.281]   httpClient: received HTTP status         [0;33mcode[0m = 502 [0;33mresponseBody[0m = {"hash":"hash1"} 
--- PASS: TestPOSTShouldFail (0.00s)
=== RUN   TestNewHTTPClient/invalid_request_timeout,_should_fail
=== PAUSE TestNewHTTPClient/invalid_request_timeout,_should_fail
=== RUN   TestNewHTTPClient/should_work
=== PAUSE TestNewHTTPClient/should_work
=== CONT  TestNewHTTPClient/invalid_request_timeout,_should_fail
=== RUN   TestRevertIndexedBlock/should_return_err_if_http_request_failed
=== PAUSE TestRevertIndexedBlock/should_return_err_if_http_request_failed
=== RUN   TestRevertIndexedBlock/should_work
=== PAUSE TestRevertIndexedBlock/should_work
=== CONT  TestRevertIndexedBlock/should_return_err_if_http_request_failed
=== CONT  TestNewHTTPClient/should_work
--- PASS: TestNewHTTPClient (0.00s)
    --- PASS: TestNewHTTPClient/invalid_request_timeout,_should_fail (0.00s)
    --- PASS: TestNewHTTPClient/should_work (0.00s)
=== RUN   TestFinalizedBlock/should_return_err_if_http_request_failed
--- PASS: TestPOST (0.00s)
=== CONT  TestRevertIndexedBlock/should_work
=== RUN   TestSaveBlock/should_return_err_if_http_request_failed
=== PAUSE TestSaveBlock/should_return_err_if_http_request_failed
=== RUN   TestSaveBlock/should_work
=== PAUSE TestSaveBlock/should_work
=== CONT  TestSaveBlock/should_return_err_if_http_request_failed
=== CONT  TestSaveBlock/should_work
--- PASS: TestSaveBlock (0.00s)
    --- PASS: TestSaveBlock/should_return_err_if_http_request_failed (0.00s)
    --- PASS: TestSaveBlock/should_work (0.00s)
=== PAUSE TestNewEventNotifier/nil_block_container
=== RUN   TestNewEventNotifier/should_work
=== PAUSE TestNewEventNotifier/should_work
=== CONT  TestNewEventNotifier/nil_http_client
=== CONT  TestNewEventNotifier/should_work
=== CONT  TestNewEventNotifier/nil_block_container
=== CONT  TestNewEventNotifier/nil_marshaller
--- PASS: TestNewEventNotifier (0.00s)
    --- PASS: TestNewEventNotifier/nil_http_client (0.00s)
    --- PASS: TestNewEventNotifier/should_work (0.00s)
    --- PASS: TestNewEventNotifier/nil_block_container (0.00s)
    --- PASS: TestNewEventNotifier/nil_marshaller (0.00s)
=== PAUSE TestFinalizedBlock/should_return_err_if_http_request_failed
=== RUN   TestFinalizedBlock/should_work
--- PASS: TestRevertIndexedBlock (0.00s)
    --- PASS: TestRevertIndexedBlock/should_return_err_if_http_request_failed (0.00s)
    --- PASS: TestRevertIndexedBlock/should_work (0.00s)
=== PAUSE TestFinalizedBlock/should_work
=== CONT  TestFinalizedBlock/should_return_err_if_http_request_failed
=== CONT  TestFinalizedBlock/should_work
--- PASS: TestFinalizedBlock (0.00s)
    --- PASS: TestFinalizedBlock/should_return_err_if_http_request_failed (0.00s)
    --- PASS: TestFinalizedBlock/should_work (0.00s)
PASS
ok  	github.com/TerraDharitri/drt-go-chain/outport/notifier	(cached)
=== RUN   TestNewOutportDataProvider
=== PAUSE TestNewOutportDataProvider
=== RUN   TestPrepareOutportSaveBlockDataNilHeader
=== PAUSE TestPrepareOutportSaveBlockDataNilHeader
=== RUN   TestPrepareOutportSaveBlockDataNilBody
=== PAUSE TestPrepareOutportSaveBlockDataNilBody
=== RUN   TestPrepareOutportSaveBlockData
=== PAUSE TestPrepareOutportSaveBlockData
=== RUN   TestOutportDataProvider_GetIntraShardMiniBlocks
=== PAUSE TestOutportDataProvider_GetIntraShardMiniBlocks
=== RUN   Test_extractExecutedTxsFromMb
=== PAUSE Test_extractExecutedTxsFromMb
=== RUN   Test_setExecutionOrderInTransactionPool
=== PAUSE Test_setExecutionOrderInTransactionPool
=== RUN   Test_checkTxOrder
=== PAUSE Test_checkTxOrder
=== RUN   Test_checkBodyTransactionsHaveOrder
=== PAUSE Test_checkBodyTransactionsHaveOrder
=== RUN   Test_collectExecutedTxHashes
=== PAUSE Test_collectExecutedTxHashes
=== RUN   TestFindLeaderIndex
=== PAUSE TestFindLeaderIndex
=== CONT  TestNewOutportDataProvider
=== CONT  Test_setExecutionOrderInTransactionPool
=== CONT  TestPrepareOutportSaveBlockData
=== RUN   Test_setExecutionOrderInTransactionPool/nil_pool
=== CONT  TestFindLeaderIndex
=== CONT  Test_collectExecutedTxHashes
=== RUN   Test_collectExecutedTxHashes/mismatch_between_miniblocks_and_miniblock_headers
--- PASS: TestPrepareOutportSaveBlockData (0.00s)
=== CONT  TestPrepareOutportSaveBlockDataNilBody
--- PASS: TestPrepareOutportSaveBlockDataNilBody (0.00s)
=== CONT  TestOutportDataProvider_GetIntraShardMiniBlocks
=== RUN   Test_setExecutionOrderInTransactionPool/nil_pool_txs,_scrs,_rewards
=== RUN   Test_setExecutionOrderInTransactionPool/transactions_not_found_in_pool_txs,_scrs_or_rewards
[0;33mWARN [0m[2026-03-16 10:13:59.886]   PrepareOutportSaveBlockData - collectExecutedTxHashes [0;33merror[0m = mini blocks headers mismatch 
=== RUN   Test_setExecutionOrderInTransactionPool/transactions_partially_found_(first_txs_in_list)_in_pool_txs,_scrs_or_rewards
--- PASS: TestOutportDataProvider_GetIntraShardMiniBlocks (0.00s)
=== CONT  Test_extractExecutedTxsFromMb
=== RUN   Test_setExecutionOrderInTransactionPool/transactions_partially_found_(last_txs_in_list)_in_pool_txs,_scrs_or_rewards
=== RUN   Test_extractExecutedTxsFromMb/nil_mini_block_header
=== RUN   Test_extractExecutedTxsFromMb/nil_mini_block
--- PASS: Test_setExecutionOrderInTransactionPool (0.00s)
    --- PASS: Test_setExecutionOrderInTransactionPool/nil_pool (0.00s)
    --- PASS: Test_setExecutionOrderInTransactionPool/nil_pool_txs,_scrs,_rewards (0.00s)
    --- PASS: Test_setExecutionOrderInTransactionPool/transactions_not_found_in_pool_txs,_scrs_or_rewards (0.00s)
    --- PASS: Test_setExecutionOrderInTransactionPool/transactions_partially_found_(first_txs_in_list)_in_pool_txs,_scrs_or_rewards (0.00s)
    --- PASS: Test_setExecutionOrderInTransactionPool/transactions_partially_found_(last_txs_in_list)_in_pool_txs,_scrs_or_rewards (0.00s)
--- PASS: TestFindLeaderIndex (0.00s)
=== RUN   Test_extractExecutedTxsFromMb/nil_executed_tx_hashes
=== CONT  TestPrepareOutportSaveBlockDataNilHeader
--- PASS: TestPrepareOutportSaveBlockDataNilHeader (0.00s)
=== CONT  Test_checkBodyTransactionsHaveOrder
=== RUN   Test_checkBodyTransactionsHaveOrder/nil_orderedTxHashes
=== RUN   Test_extractExecutedTxsFromMb/should_skip_peer_miniBlocks
=== RUN   Test_checkBodyTransactionsHaveOrder/empty_orderedTxHashes
=== RUN   Test_extractExecutedTxsFromMb/should_skip_processed_miniBlocks
=== RUN   Test_checkBodyTransactionsHaveOrder/nil_executedTxHashes
=== RUN   Test_extractExecutedTxsFromMb/should_only_return_processed_range_(first_txs_in_range)
=== RUN   Test_checkBodyTransactionsHaveOrder/empty_executedTxHashes
=== RUN   Test_extractExecutedTxsFromMb/should_only_return_processed_range_(last_txs_in_range)
=== RUN   Test_checkBodyTransactionsHaveOrder/executedTxHashes_not_found_in_orderedTxHashes
=== RUN   Test_extractExecutedTxsFromMb/should_only_return_processed_range_(middle_txs_in_range)
--- PASS: Test_checkBodyTransactionsHaveOrder (0.00s)
    --- PASS: Test_checkBodyTransactionsHaveOrder/nil_orderedTxHashes (0.00s)
    --- PASS: Test_checkBodyTransactionsHaveOrder/empty_orderedTxHashes (0.00s)
    --- PASS: Test_checkBodyTransactionsHaveOrder/nil_executedTxHashes (0.00s)
    --- PASS: Test_checkBodyTransactionsHaveOrder/empty_executedTxHashes (0.00s)
    --- PASS: Test_checkBodyTransactionsHaveOrder/executedTxHashes_not_found_in_orderedTxHashes (0.00s)
=== CONT  Test_checkTxOrder
=== RUN   Test_extractExecutedTxsFromMb/should_only_return_processed_range_(all_txs_in_range)
=== RUN   Test_checkTxOrder/nil_ordered_txHashes_with_empty_executed_txs
=== RUN   Test_checkTxOrder/nil_ordered_txHashes_with_non-empty_executed_txs
--- PASS: Test_extractExecutedTxsFromMb (0.00s)
    --- PASS: Test_extractExecutedTxsFromMb/nil_mini_block_header (0.00s)
    --- PASS: Test_extractExecutedTxsFromMb/nil_mini_block (0.00s)
    --- PASS: Test_extractExecutedTxsFromMb/nil_executed_tx_hashes (0.00s)
    --- PASS: Test_extractExecutedTxsFromMb/should_skip_peer_miniBlocks (0.00s)
    --- PASS: Test_extractExecutedTxsFromMb/should_skip_processed_miniBlocks (0.00s)
    --- PASS: Test_extractExecutedTxsFromMb/should_only_return_processed_range_(first_txs_in_range) (0.00s)
    --- PASS: Test_extractExecutedTxsFromMb/should_only_return_processed_range_(last_txs_in_range) (0.00s)
    --- PASS: Test_extractExecutedTxsFromMb/should_only_return_processed_range_(middle_txs_in_range) (0.00s)
    --- PASS: Test_extractExecutedTxsFromMb/should_only_return_processed_range_(all_txs_in_range) (0.00s)
=== RUN   Test_checkTxOrder/nil_executed_txHashes_with_empty_ordered_txHashes
=== RUN   Test_checkTxOrder/nil_executed_txHashes_with_non-empty_ordered_txHashes
=== RUN   Test_checkTxOrder/foundTxHashes_<_len(orderedTxHashes)
=== RUN   Test_checkTxOrder/foundTxHashes_==_len(orderedTxHashes)_and_all_txHashes_found
=== RUN   Test_checkTxOrder/foundTxHashes_==_len(orderedTxHashes)_and_not_all_executed_txHashes_found
--- PASS: Test_checkTxOrder (0.00s)
    --- PASS: Test_checkTxOrder/nil_ordered_txHashes_with_empty_executed_txs (0.00s)
    --- PASS: Test_checkTxOrder/nil_ordered_txHashes_with_non-empty_executed_txs (0.00s)
    --- PASS: Test_checkTxOrder/nil_executed_txHashes_with_empty_ordered_txHashes (0.00s)
    --- PASS: Test_checkTxOrder/nil_executed_txHashes_with_non-empty_ordered_txHashes (0.00s)
    --- PASS: Test_checkTxOrder/foundTxHashes_<_len(orderedTxHashes) (0.00s)
    --- PASS: Test_checkTxOrder/foundTxHashes_==_len(orderedTxHashes)_and_all_txHashes_found (0.00s)
    --- PASS: Test_checkTxOrder/foundTxHashes_==_len(orderedTxHashes)_and_not_all_executed_txHashes_found (0.00s)
--- PASS: TestNewOutportDataProvider (0.00s)
=== RUN   Test_collectExecutedTxHashes/should_work_with_empty_miniBlocks
=== RUN   Test_collectExecutedTxHashes/should_work_with_nil_miniBlocks
=== RUN   Test_collectExecutedTxHashes/should_work
--- PASS: Test_collectExecutedTxHashes (0.00s)
    --- PASS: Test_collectExecutedTxHashes/mismatch_between_miniblocks_and_miniblock_headers (0.00s)
    --- PASS: Test_collectExecutedTxHashes/should_work_with_empty_miniBlocks (0.00s)
    --- PASS: Test_collectExecutedTxHashes/should_work_with_nil_miniBlocks (0.00s)
    --- PASS: Test_collectExecutedTxHashes/should_work (0.00s)
PASS
ok  	github.com/TerraDharitri/drt-go-chain/outport/process	(cached)
=== RUN   TestNewAlteredAccountsProvider
=== PAUSE TestNewAlteredAccountsProvider
=== RUN   TestGetAlteredAccountFromUserAccount
=== PAUSE TestGetAlteredAccountFromUserAccount
=== RUN   TestAlteredAccountsProvider_ExtractAlteredAccountsFromPool
=== PAUSE TestAlteredAccountsProvider_ExtractAlteredAccountsFromPool
=== RUN   TestTokenProcessorProcessEventWrongNumberOfTopics
=== PAUSE TestTokenProcessorProcessEventWrongNumberOfTopics
=== RUN   TestTokenProcessorProcessEventMultiTransferV2
=== PAUSE TestTokenProcessorProcessEventMultiTransferV2
=== RUN   TestTokenProcessorProcessEventMultiTransferV2WithREWA
=== PAUSE TestTokenProcessorProcessEventMultiTransferV2WithREWA
=== RUN   TestTokenProcessorProcessEventMultiTransferV2WithREWAAndMoreTokens
=== PAUSE TestTokenProcessorProcessEventMultiTransferV2WithREWAAndMoreTokens
=== CONT  TestNewAlteredAccountsProvider
=== RUN   TestNewAlteredAccountsProvider/nil_shard_coordinator
=== PAUSE TestNewAlteredAccountsProvider/nil_shard_coordinator
=== RUN   TestNewAlteredAccountsProvider/nil_address_converter
=== PAUSE TestNewAlteredAccountsProvider/nil_address_converter
=== RUN   TestNewAlteredAccountsProvider/nil_accounts_adapter
=== PAUSE TestNewAlteredAccountsProvider/nil_accounts_adapter
=== RUN   TestNewAlteredAccountsProvider/nil_dcdt_data_storage_handler
=== CONT  TestTokenProcessorProcessEventMultiTransferV2WithREWAAndMoreTokens
--- PASS: TestTokenProcessorProcessEventMultiTransferV2WithREWAAndMoreTokens (0.00s)
=== CONT  TestTokenProcessorProcessEventMultiTransferV2WithREWA
--- PASS: TestTokenProcessorProcessEventMultiTransferV2WithREWA (0.00s)
=== CONT  TestTokenProcessorProcessEventMultiTransferV2
--- PASS: TestTokenProcessorProcessEventMultiTransferV2 (0.00s)
=== CONT  TestTokenProcessorProcessEventWrongNumberOfTopics
=== CONT  TestAlteredAccountsProvider_ExtractAlteredAccountsFromPool
=== RUN   TestAlteredAccountsProvider_ExtractAlteredAccountsFromPool/no_transaction,_should_return_empty_map
=== PAUSE TestAlteredAccountsProvider_ExtractAlteredAccountsFromPool/no_transaction,_should_return_empty_map
=== RUN   TestAlteredAccountsProvider_ExtractAlteredAccountsFromPool/should_return_sender_shard_accounts
=== PAUSE TestAlteredAccountsProvider_ExtractAlteredAccountsFromPool/should_return_sender_shard_accounts
=== RUN   TestAlteredAccountsProvider_ExtractAlteredAccountsFromPool/should_return_receiver_shard_accounts
=== PAUSE TestAlteredAccountsProvider_ExtractAlteredAccountsFromPool/should_return_receiver_shard_accounts
=== RUN   TestAlteredAccountsProvider_ExtractAlteredAccountsFromPool/should_return_all_addresses_in_self_shard
=== PAUSE TestAlteredAccountsProvider_ExtractAlteredAccountsFromPool/should_return_all_addresses_in_self_shard
=== RUN   TestAlteredAccountsProvider_ExtractAlteredAccountsFromPool/should_return_addresses_from_scrs,_invalid_and_rewards
=== PAUSE TestAlteredAccountsProvider_ExtractAlteredAccountsFromPool/should_return_addresses_from_scrs,_invalid_and_rewards
=== RUN   TestAlteredAccountsProvider_ExtractAlteredAccountsFromPool/should_check_data_from_trie
=== PAUSE TestAlteredAccountsProvider_ExtractAlteredAccountsFromPool/should_check_data_from_trie
=== RUN   TestAlteredAccountsProvider_ExtractAlteredAccountsFromPool/should_error_when_casting_to_vm_common_user_account_handler
[0;33mWARN [0m[2026-03-16 10:14:00.111]   tokensProcessor.processMultiTransferEvent: wrong number of topics [0;33mgot[0m = 3 
=== PAUSE TestAlteredAccountsProvider_ExtractAlteredAccountsFromPool/should_error_when_casting_to_vm_common_user_account_handler
=== RUN   TestAlteredAccountsProvider_ExtractAlteredAccountsFromPool/should_include_dcdt_data
=== PAUSE TestAlteredAccountsProvider_ExtractAlteredAccountsFromPool/should_include_dcdt_data
[0;33mWARN [0m[2026-03-16 10:14:00.113]   tokensProcessor.processMultiTransferEvent: wrong number of topics [0;33mgot[0m = 5 
=== RUN   TestAlteredAccountsProvider_ExtractAlteredAccountsFromPool/should_include_nft_data
=== PAUSE TestNewAlteredAccountsProvider/nil_dcdt_data_storage_handler
=== RUN   TestNewAlteredAccountsProvider/should_work
=== PAUSE TestNewAlteredAccountsProvider/should_work
=== CONT  TestNewAlteredAccountsProvider/nil_shard_coordinator
=== CONT  TestNewAlteredAccountsProvider/nil_dcdt_data_storage_handler
=== CONT  TestNewAlteredAccountsProvider/nil_accounts_adapter
=== CONT  TestNewAlteredAccountsProvider/nil_address_converter
=== PAUSE TestAlteredAccountsProvider_ExtractAlteredAccountsFromPool/should_include_nft_data
=== CONT  TestNewAlteredAccountsProvider/should_work
=== RUN   TestAlteredAccountsProvider_ExtractAlteredAccountsFromPool/should_not_include_receiver_if_log_if_nft_create
--- PASS: TestTokenProcessorProcessEventWrongNumberOfTopics (0.00s)
=== CONT  TestGetAlteredAccountFromUserAccount
=== PAUSE TestAlteredAccountsProvider_ExtractAlteredAccountsFromPool/should_not_include_receiver_if_log_if_nft_create
=== RUN   TestAlteredAccountsProvider_ExtractAlteredAccountsFromPool/should_include_receiver_from_tokens_logs
--- PASS: TestGetAlteredAccountFromUserAccount (0.00s)
--- PASS: TestNewAlteredAccountsProvider (0.00s)
    --- PASS: TestNewAlteredAccountsProvider/nil_shard_coordinator (0.00s)
    --- PASS: TestNewAlteredAccountsProvider/nil_accounts_adapter (0.00s)
    --- PASS: TestNewAlteredAccountsProvider/nil_dcdt_data_storage_handler (0.00s)
    --- PASS: TestNewAlteredAccountsProvider/nil_address_converter (0.00s)
    --- PASS: TestNewAlteredAccountsProvider/should_work (0.00s)
=== PAUSE TestAlteredAccountsProvider_ExtractAlteredAccountsFromPool/should_include_receiver_from_tokens_logs
=== RUN   TestAlteredAccountsProvider_ExtractAlteredAccountsFromPool/should_work_when_an_address_has_balance_changes,_dcdt_and_nft
=== PAUSE TestAlteredAccountsProvider_ExtractAlteredAccountsFromPool/should_work_when_an_address_has_balance_changes,_dcdt_and_nft
=== RUN   TestAlteredAccountsProvider_ExtractAlteredAccountsFromPool/should_work_when_an_address_has_multiple_nfts_with_different_nonces
=== PAUSE TestAlteredAccountsProvider_ExtractAlteredAccountsFromPool/should_work_when_an_address_has_multiple_nfts_with_different_nonces
=== RUN   TestAlteredAccountsProvider_ExtractAlteredAccountsFromPool/should_work_for_multi_transfer_v2
=== PAUSE TestAlteredAccountsProvider_ExtractAlteredAccountsFromPool/should_work_for_multi_transfer_v2
=== RUN   TestAlteredAccountsProvider_ExtractAlteredAccountsFromPool/should_not_return_balanceChanged_for_a_receiver_on_an_DCDTTransfer
=== PAUSE TestAlteredAccountsProvider_ExtractAlteredAccountsFromPool/should_not_return_balanceChanged_for_a_receiver_on_an_DCDTTransfer
=== RUN   TestAlteredAccountsProvider_ExtractAlteredAccountsFromPool/should_return_balanceChanged_for_sender_and_receiver
=== PAUSE TestAlteredAccountsProvider_ExtractAlteredAccountsFromPool/should_return_balanceChanged_for_sender_and_receiver
=== RUN   TestAlteredAccountsProvider_ExtractAlteredAccountsFromPool/should_return_balanceChanged_only_for_sender
=== RUN   TestAlteredAccountsProvider_ExtractAlteredAccountsFromPool/should_return_balanceChanged_for_sender_nft_create
=== PAUSE TestAlteredAccountsProvider_ExtractAlteredAccountsFromPool/should_return_balanceChanged_for_sender_nft_create
=== RUN   TestAlteredAccountsProvider_ExtractAlteredAccountsFromPool/should_work_with_transaction_value_nil
=== PAUSE TestAlteredAccountsProvider_ExtractAlteredAccountsFromPool/should_work_with_transaction_value_nil
=== CONT  TestAlteredAccountsProvider_ExtractAlteredAccountsFromPool/no_transaction,_should_return_empty_map
=== CONT  TestAlteredAccountsProvider_ExtractAlteredAccountsFromPool/should_include_nft_data
=== CONT  TestAlteredAccountsProvider_ExtractAlteredAccountsFromPool/should_include_dcdt_data
=== CONT  TestAlteredAccountsProvider_ExtractAlteredAccountsFromPool/should_error_when_casting_to_vm_common_user_account_handler
=== CONT  TestAlteredAccountsProvider_ExtractAlteredAccountsFromPool/should_not_return_balanceChanged_for_a_receiver_on_an_DCDTTransfer
=== CONT  TestAlteredAccountsProvider_ExtractAlteredAccountsFromPool/should_check_data_from_trie
=== CONT  TestAlteredAccountsProvider_ExtractAlteredAccountsFromPool/should_return_addresses_from_scrs,_invalid_and_rewards
=== CONT  TestAlteredAccountsProvider_ExtractAlteredAccountsFromPool/should_work_with_transaction_value_nil
=== CONT  TestAlteredAccountsProvider_ExtractAlteredAccountsFromPool/should_return_all_addresses_in_self_shard
=== CONT  TestAlteredAccountsProvider_ExtractAlteredAccountsFromPool/should_return_balanceChanged_for_sender_nft_create
=== CONT  TestAlteredAccountsProvider_ExtractAlteredAccountsFromPool/should_return_balanceChanged_for_sender_and_receiver
=== CONT  TestAlteredAccountsProvider_ExtractAlteredAccountsFromPool/should_not_include_receiver_if_log_if_nft_create
=== CONT  TestAlteredAccountsProvider_ExtractAlteredAccountsFromPool/should_work_for_multi_transfer_v2
=== CONT  TestAlteredAccountsProvider_ExtractAlteredAccountsFromPool/should_work_when_an_address_has_multiple_nfts_with_different_nonces
=== CONT  TestAlteredAccountsProvider_ExtractAlteredAccountsFromPool/should_work_when_an_address_has_balance_changes,_dcdt_and_nft
=== CONT  TestAlteredAccountsProvider_ExtractAlteredAccountsFromPool/should_include_receiver_from_tokens_logs
=== CONT  TestAlteredAccountsProvider_ExtractAlteredAccountsFromPool/should_return_receiver_shard_accounts
=== CONT  TestAlteredAccountsProvider_ExtractAlteredAccountsFromPool/should_return_sender_shard_accounts
--- PASS: TestAlteredAccountsProvider_ExtractAlteredAccountsFromPool (0.00s)
    --- PASS: TestAlteredAccountsProvider_ExtractAlteredAccountsFromPool/should_return_balanceChanged_only_for_sender (0.00s)
    --- PASS: TestAlteredAccountsProvider_ExtractAlteredAccountsFromPool/no_transaction,_should_return_empty_map (0.00s)
    --- PASS: TestAlteredAccountsProvider_ExtractAlteredAccountsFromPool/should_include_nft_data (0.00s)
    --- PASS: TestAlteredAccountsProvider_ExtractAlteredAccountsFromPool/should_include_dcdt_data (0.00s)
    --- PASS: TestAlteredAccountsProvider_ExtractAlteredAccountsFromPool/should_error_when_casting_to_vm_common_user_account_handler (0.00s)
    --- PASS: TestAlteredAccountsProvider_ExtractAlteredAccountsFromPool/should_check_data_from_trie (0.00s)
    --- PASS: TestAlteredAccountsProvider_ExtractAlteredAccountsFromPool/should_not_return_balanceChanged_for_a_receiver_on_an_DCDTTransfer (0.00s)
    --- PASS: TestAlteredAccountsProvider_ExtractAlteredAccountsFromPool/should_return_addresses_from_scrs,_invalid_and_rewards (0.00s)
    --- PASS: TestAlteredAccountsProvider_ExtractAlteredAccountsFromPool/should_work_with_transaction_value_nil (0.00s)
    --- PASS: TestAlteredAccountsProvider_ExtractAlteredAccountsFromPool/should_return_balanceChanged_for_sender_nft_create (0.00s)
    --- PASS: TestAlteredAccountsProvider_ExtractAlteredAccountsFromPool/should_return_balanceChanged_for_sender_and_receiver (0.00s)
    --- PASS: TestAlteredAccountsProvider_ExtractAlteredAccountsFromPool/should_not_include_receiver_if_log_if_nft_create (0.00s)
    --- PASS: TestAlteredAccountsProvider_ExtractAlteredAccountsFromPool/should_work_for_multi_transfer_v2 (0.00s)
    --- PASS: TestAlteredAccountsProvider_ExtractAlteredAccountsFromPool/should_work_when_an_address_has_multiple_nfts_with_different_nonces (0.00s)
    --- PASS: TestAlteredAccountsProvider_ExtractAlteredAccountsFromPool/should_work_when_an_address_has_balance_changes,_dcdt_and_nft (0.00s)
    --- PASS: TestAlteredAccountsProvider_ExtractAlteredAccountsFromPool/should_include_receiver_from_tokens_logs (0.00s)
    --- PASS: TestAlteredAccountsProvider_ExtractAlteredAccountsFromPool/should_return_receiver_shard_accounts (0.00s)
    --- PASS: TestAlteredAccountsProvider_ExtractAlteredAccountsFromPool/should_return_sender_shard_accounts (0.00s)
    --- PASS: TestAlteredAccountsProvider_ExtractAlteredAccountsFromPool/should_return_all_addresses_in_self_shard (0.00s)
PASS
ok  	github.com/TerraDharitri/drt-go-chain/outport/process/alteredaccounts	(cached)
=== RUN   TestCheckArgCreateOutportDataProvider
=== PAUSE TestCheckArgCreateOutportDataProvider
=== RUN   TestCreateOutportDataProviderDisabled
=== PAUSE TestCreateOutportDataProviderDisabled
=== RUN   TestCreateOutportDataProviderError
=== PAUSE TestCreateOutportDataProviderError
=== RUN   TestCreateOutportDataProvider
=== PAUSE TestCreateOutportDataProvider
=== CONT  TestCheckArgCreateOutportDataProvider
=== CONT  TestCreateOutportDataProviderError
=== CONT  TestCreateOutportDataProviderDisabled
=== CONT  TestCreateOutportDataProvider
--- PASS: TestCreateOutportDataProviderError (0.00s)
--- PASS: TestCreateOutportDataProviderDisabled (0.00s)
--- PASS: TestCheckArgCreateOutportDataProvider (0.00s)
--- PASS: TestCreateOutportDataProvider (0.00s)
PASS
ok  	github.com/TerraDharitri/drt-go-chain/outport/process/factory	(cached)
=== RUN   TestTransactionsAndScrsHolder
=== PAUSE TestTransactionsAndScrsHolder
=== RUN   TestNewTransactionFeeProcessor
=== PAUSE TestNewTransactionFeeProcessor
=== RUN   TestPutFeeAndGasUsedTx1
=== PAUSE TestPutFeeAndGasUsedTx1
=== RUN   TestPutFeeAndGasUsedScrNoTx
=== PAUSE TestPutFeeAndGasUsedScrNoTx
=== RUN   TestPutFeeAndGasUsedInvalidTxs
=== PAUSE TestPutFeeAndGasUsedInvalidTxs
=== RUN   TestPutFeeAndGasUsedLogWithErrorAndInformative
=== PAUSE TestPutFeeAndGasUsedLogWithErrorAndInformative
=== RUN   TestPutFeeAndGasUsedWrongRelayedTx
=== PAUSE TestPutFeeAndGasUsedWrongRelayedTx
=== RUN   TestPutFeeAndGasUsedDCDTWithScCall
=== PAUSE TestPutFeeAndGasUsedDCDTWithScCall
=== RUN   TestPutFeeAndGasUsedScrWithRefundNoTx
=== PAUSE TestPutFeeAndGasUsedScrWithRefundNoTx
=== RUN   TestPutFeeAndGasUsedScrWithRefundNotForInitialSender
=== PAUSE TestPutFeeAndGasUsedScrWithRefundNotForInitialSender
=== RUN   TestPutFeeAndGasUsedScrWithRefund
=== PAUSE TestPutFeeAndGasUsedScrWithRefund
=== RUN   TestMoveBalanceWithSignalError
--- PASS: TestMoveBalanceWithSignalError (0.00s)
=== RUN   TestPutFeeAndGasUsedRelayedTxV3
=== PAUSE TestPutFeeAndGasUsedRelayedTxV3
=== CONT  TestTransactionsAndScrsHolder
--- PASS: TestTransactionsAndScrsHolder (0.00s)
=== CONT  TestPutFeeAndGasUsedRelayedTxV3
--- PASS: TestPutFeeAndGasUsedRelayedTxV3 (0.00s)
=== CONT  TestPutFeeAndGasUsedScrWithRefund
--- PASS: TestPutFeeAndGasUsedScrWithRefund (0.00s)
=== CONT  TestPutFeeAndGasUsedScrWithRefundNotForInitialSender
--- PASS: TestPutFeeAndGasUsedScrWithRefundNotForInitialSender (0.00s)
=== CONT  TestPutFeeAndGasUsedScrWithRefundNoTx
--- PASS: TestPutFeeAndGasUsedScrWithRefundNoTx (0.00s)
=== CONT  TestPutFeeAndGasUsedDCDTWithScCall
--- PASS: TestPutFeeAndGasUsedDCDTWithScCall (0.00s)
=== CONT  TestPutFeeAndGasUsedWrongRelayedTx
=== RUN   TestPutFeeAndGasUsedWrongRelayedTx/should_work_before_deactivation
=== PAUSE TestPutFeeAndGasUsedWrongRelayedTx/should_work_before_deactivation
=== RUN   TestPutFeeAndGasUsedWrongRelayedTx/should_work_as_move_balance_after_deactivation
=== PAUSE TestPutFeeAndGasUsedWrongRelayedTx/should_work_as_move_balance_after_deactivation
=== CONT  TestPutFeeAndGasUsedWrongRelayedTx/should_work_before_deactivation
=== CONT  TestPutFeeAndGasUsedLogWithErrorAndInformative
[0;31mERROR[0m[2026-03-16 10:14:00.117]   SplitTxGasInCategories - insufficient gas for move [0;31mprovidedGas[0m = 0 [0;31mcomputedMinimumRequired[0m = 50000 [0;31mdataLen[0m = 0 
--- PASS: TestPutFeeAndGasUsedLogWithErrorAndInformative (0.00s)
=== CONT  TestPutFeeAndGasUsedInvalidTxs
--- PASS: TestPutFeeAndGasUsedInvalidTxs (0.00s)
=== CONT  TestPutFeeAndGasUsedScrNoTx
--- PASS: TestPutFeeAndGasUsedScrNoTx (0.00s)
=== CONT  TestPutFeeAndGasUsedTx1
--- PASS: TestPutFeeAndGasUsedTx1 (0.00s)
=== CONT  TestNewTransactionFeeProcessor
--- PASS: TestNewTransactionFeeProcessor (0.00s)
=== CONT  TestPutFeeAndGasUsedWrongRelayedTx/should_work_as_move_balance_after_deactivation
--- PASS: TestPutFeeAndGasUsedWrongRelayedTx (0.00s)
    --- PASS: TestPutFeeAndGasUsedWrongRelayedTx/should_work_before_deactivation (0.00s)
    --- PASS: TestPutFeeAndGasUsedWrongRelayedTx/should_work_as_move_balance_after_deactivation (0.00s)
PASS
ok  	github.com/TerraDharitri/drt-go-chain/outport/process/transactionsfee	(cached)
=== RUN   TestIdentifiers_ShardCacherIdentifier
--- PASS: TestIdentifiers_ShardCacherIdentifier (0.00s)
=== RUN   TestIdentifiers_ParseShardCacherIdentifier
--- PASS: TestIdentifiers_ParseShardCacherIdentifier (0.00s)
=== RUN   TestIdentifiers_IsShardCacherIdentifierForSourceMe
--- PASS: TestIdentifiers_IsShardCacherIdentifierForSourceMe (0.00s)
=== RUN   TestGetShardHeaderShouldErrNilCacher
=== PAUSE TestGetShardHeaderShouldErrNilCacher
=== RUN   TestGetShardHeaderShouldErrNilMarshalizer
=== PAUSE TestGetShardHeaderShouldErrNilMarshalizer
=== RUN   TestGetShardHeaderShouldErrNilStorage
=== PAUSE TestGetShardHeaderShouldErrNilStorage
=== RUN   TestGetShardHeaderShouldGetHeaderFromPool
=== PAUSE TestGetShardHeaderShouldGetHeaderFromPool
=== RUN   TestGetShardHeaderShouldGetHeaderFromStorage
=== PAUSE TestGetShardHeaderShouldGetHeaderFromStorage
=== RUN   TestGetMetaHeaderShouldErrNilCacher
=== PAUSE TestGetMetaHeaderShouldErrNilCacher
=== RUN   TestGetMetaHeaderShouldErrNilMarshalizer
=== PAUSE TestGetMetaHeaderShouldErrNilMarshalizer
=== RUN   TestGetMetaHeaderShouldErrNilStorage
=== PAUSE TestGetMetaHeaderShouldErrNilStorage
=== RUN   TestGetMetaHeaderShouldGetHeaderFromPool
=== PAUSE TestGetMetaHeaderShouldGetHeaderFromPool
=== RUN   TestGetMetaHeaderShouldGetHeaderFromStorage
=== PAUSE TestGetMetaHeaderShouldGetHeaderFromStorage
=== RUN   TestGetShardHeaderFromPoolShouldErrNilCacher
=== PAUSE TestGetShardHeaderFromPoolShouldErrNilCacher
=== RUN   TestGetShardHeaderFromPoolShouldErrMissingHeader
=== PAUSE TestGetShardHeaderFromPoolShouldErrMissingHeader
=== RUN   TestGetShardHeaderFromPoolShouldErrWrongTypeAssertion
=== PAUSE TestGetShardHeaderFromPoolShouldErrWrongTypeAssertion
=== RUN   TestGetShardHeaderFromPoolShouldWork
=== PAUSE TestGetShardHeaderFromPoolShouldWork
=== RUN   TestGetMetaHeaderFromPoolShouldErrNilCacher
=== PAUSE TestGetMetaHeaderFromPoolShouldErrNilCacher
=== RUN   TestGetMetaHeaderFromPoolShouldErrMissingHeader
=== PAUSE TestGetMetaHeaderFromPoolShouldErrMissingHeader
=== RUN   TestGetMetaHeaderFromPoolShouldErrWrongTypeAssertion
=== PAUSE TestGetMetaHeaderFromPoolShouldErrWrongTypeAssertion
=== RUN   TestGetMetaHeaderFromPoolShouldWork
=== PAUSE TestGetMetaHeaderFromPoolShouldWork
=== RUN   TestGetHeaderFromStorageShouldWork
=== PAUSE TestGetHeaderFromStorageShouldWork
=== RUN   TestGetShardHeaderFromStorageShouldErrNilCacher
=== PAUSE TestGetShardHeaderFromStorageShouldErrNilCacher
=== RUN   TestGetShardHeaderFromStorageShouldErrNilStorage
=== PAUSE TestGetShardHeaderFromStorageShouldErrNilStorage
=== RUN   TestGetShardHeaderFromStorageShouldErrGetHeadersStorageReturnsErr
=== PAUSE TestGetShardHeaderFromStorageShouldErrGetHeadersStorageReturnsErr
=== RUN   TestGetShardHeaderFromStorageShouldErrMissingHeader
=== PAUSE TestGetShardHeaderFromStorageShouldErrMissingHeader
=== RUN   TestGetShardHeaderFromStorageShouldErrUnmarshalWithoutSuccess
=== PAUSE TestGetShardHeaderFromStorageShouldErrUnmarshalWithoutSuccess
=== RUN   TestGetShardHeaderFromStorageShouldWork
=== PAUSE TestGetShardHeaderFromStorageShouldWork
=== RUN   TestGetMetaHeaderFromStorageShouldErrNilCacher
=== PAUSE TestGetMetaHeaderFromStorageShouldErrNilCacher
=== RUN   TestGetMetaHeaderFromStorageShouldErrNilStorage
=== PAUSE TestGetMetaHeaderFromStorageShouldErrNilStorage
=== RUN   TestGetMetaHeaderFromStorageShouldErrGetHeadersStorageReturnsErr
=== PAUSE TestGetMetaHeaderFromStorageShouldErrGetHeadersStorageReturnsErr
=== RUN   TestGetMetaHeaderFromStorageShouldErrMissingHeader
=== PAUSE TestGetMetaHeaderFromStorageShouldErrMissingHeader
=== RUN   TestGetMetaHeaderFromStorageShouldErrUnmarshalWithoutSuccess
=== PAUSE TestGetMetaHeaderFromStorageShouldErrUnmarshalWithoutSuccess
=== RUN   TestGetMetaHeaderFromStorageShouldWork
=== PAUSE TestGetMetaHeaderFromStorageShouldWork
=== RUN   TestGetMarshalizedHeaderFromStorageShouldErrNilMarshalizer
=== PAUSE TestGetMarshalizedHeaderFromStorageShouldErrNilMarshalizer
=== RUN   TestGetMarshalizedHeaderFromStorageShouldErrNilStorage
=== PAUSE TestGetMarshalizedHeaderFromStorageShouldErrNilStorage
=== RUN   TestGetMarshalizedHeaderFromStorageShouldErrGetHeadersStorageReturnsErr
=== PAUSE TestGetMarshalizedHeaderFromStorageShouldErrGetHeadersStorageReturnsErr
=== RUN   TestGetMarshalizedHeaderFromStorageShouldErrMissingHeader
=== PAUSE TestGetMarshalizedHeaderFromStorageShouldErrMissingHeader
=== RUN   TestGetMarshalizedHeaderFromStorageShouldWork
=== PAUSE TestGetMarshalizedHeaderFromStorageShouldWork
=== RUN   TestGetShardHeaderWithNonceShouldErrNilCacher
=== PAUSE TestGetShardHeaderWithNonceShouldErrNilCacher
=== RUN   TestGetShardHeaderWithNonceShouldErrNilMarshalizer
=== PAUSE TestGetShardHeaderWithNonceShouldErrNilMarshalizer
=== RUN   TestGetShardHeaderWithNonceShouldErrNilStorage
=== PAUSE TestGetShardHeaderWithNonceShouldErrNilStorage
=== RUN   TestGetShardHeaderWithNonceShouldErrNilUint64Converter
=== PAUSE TestGetShardHeaderWithNonceShouldErrNilUint64Converter
=== RUN   TestGetShardHeaderWithNonceShouldGetHeaderFromPool
=== PAUSE TestGetShardHeaderWithNonceShouldGetHeaderFromPool
=== RUN   TestGetShardHeaderWithNonceShouldGetHeaderFromStorage
=== PAUSE TestGetShardHeaderWithNonceShouldGetHeaderFromStorage
=== RUN   TestGetMetaHeaderWithNonceShouldErrNilCacher
=== PAUSE TestGetMetaHeaderWithNonceShouldErrNilCacher
=== RUN   TestGetMetaHeaderWithNonceShouldErrNilMarshalizer
=== PAUSE TestGetMetaHeaderWithNonceShouldErrNilMarshalizer
=== RUN   TestGetMetaHeaderWithNonceShouldErrNilStorage
=== PAUSE TestGetMetaHeaderWithNonceShouldErrNilStorage
=== RUN   TestGetMetaHeaderWithNonceShouldErrNilUint64Converter
=== PAUSE TestGetMetaHeaderWithNonceShouldErrNilUint64Converter
=== RUN   TestGetMetaHeaderWithNonceShouldGetHeaderFromPool
=== PAUSE TestGetMetaHeaderWithNonceShouldGetHeaderFromPool
=== RUN   TestGetMetaHeaderWithNonceShouldGetHeaderFromStorage
=== PAUSE TestGetMetaHeaderWithNonceShouldGetHeaderFromStorage
=== RUN   TestGetShardHeaderFromPoolWithNonceShouldErrNilCacher
=== PAUSE TestGetShardHeaderFromPoolWithNonceShouldErrNilCacher
=== RUN   TestGetShardHeaderFromPoolWithNonceShouldErrMissingHashForHeaderNonceWhenShardIdHashMapIsNil
=== PAUSE TestGetShardHeaderFromPoolWithNonceShouldErrMissingHashForHeaderNonceWhenShardIdHashMapIsNil
=== RUN   TestGetShardHeaderFromPoolWithNonceShouldErrMissingHashForHeaderNonceWhenLoadFromShardIdHashMapFails
=== PAUSE TestGetShardHeaderFromPoolWithNonceShouldErrMissingHashForHeaderNonceWhenLoadFromShardIdHashMapFails
=== RUN   TestGetShardHeaderFromPoolWithNonceShouldErrMissingHeader
=== PAUSE TestGetShardHeaderFromPoolWithNonceShouldErrMissingHeader
=== RUN   TestGetShardHeaderFromPoolWithNonceShouldErrWrongTypeAssertion
=== PAUSE TestGetShardHeaderFromPoolWithNonceShouldErrWrongTypeAssertion
=== RUN   TestGetShardHeaderFromPoolWithNonceShouldWork
=== PAUSE TestGetShardHeaderFromPoolWithNonceShouldWork
=== RUN   TestGetMetaHeaderFromPoolWithNonceShouldErrNilCacher
=== PAUSE TestGetMetaHeaderFromPoolWithNonceShouldErrNilCacher
=== RUN   TestGetMetaHeaderFromPoolWithNonceShouldErrMissingHashForHeaderNonceWhenShardIdHashMapIsNil
=== PAUSE TestGetMetaHeaderFromPoolWithNonceShouldErrMissingHashForHeaderNonceWhenShardIdHashMapIsNil
=== RUN   TestGetMetaHeaderFromPoolWithNonceShouldErrMissingHashForHeaderNonceWhenLoadFromShardIdHashMapFails
=== PAUSE TestGetMetaHeaderFromPoolWithNonceShouldErrMissingHashForHeaderNonceWhenLoadFromShardIdHashMapFails
=== RUN   TestGetMetaHeaderFromPoolWithNonceShouldErrMissingHeader
=== PAUSE TestGetMetaHeaderFromPoolWithNonceShouldErrMissingHeader
=== RUN   TestGetMetaHeaderFromPoolWithNonceShouldErrWrongTypeAssertion
=== PAUSE TestGetMetaHeaderFromPoolWithNonceShouldErrWrongTypeAssertion
=== RUN   TestGetMetaHeaderFromPoolWithNonceShouldWork
=== PAUSE TestGetMetaHeaderFromPoolWithNonceShouldWork
=== RUN   TestGetShardHeaderFromStorageWithNonceShouldErrNilStorage
=== PAUSE TestGetShardHeaderFromStorageWithNonceShouldErrNilStorage
=== RUN   TestGetShardHeaderFromStorageWithNonceShouldErrNilUint64Converter
=== PAUSE TestGetShardHeaderFromStorageWithNonceShouldErrNilUint64Converter
=== RUN   TestGetShardHeaderFromStorageWithNonceShouldErrNilMarshalizer
=== PAUSE TestGetShardHeaderFromStorageWithNonceShouldErrNilMarshalizer
=== RUN   TestGetShardHeaderFromStorageWithNonceShouldErrGetHeadersStorageReturnsErr
=== PAUSE TestGetShardHeaderFromStorageWithNonceShouldErrGetHeadersStorageReturnsErr
=== RUN   TestGetShardHeaderFromStorageWithNonceShouldErrMissingHashForHeaderNonce
=== PAUSE TestGetShardHeaderFromStorageWithNonceShouldErrMissingHashForHeaderNonce
=== RUN   TestGetShardHeaderFromStorageWithNonceShouldErrMissingHeader
=== PAUSE TestGetShardHeaderFromStorageWithNonceShouldErrMissingHeader
=== RUN   TestGetShardHeaderFromStorageWithNonceShouldErrUnmarshalWithoutSuccess
=== PAUSE TestGetShardHeaderFromStorageWithNonceShouldErrUnmarshalWithoutSuccess
=== RUN   TestGetHeaderFromStorageWithNonceShouldWorkForShard
=== PAUSE TestGetHeaderFromStorageWithNonceShouldWorkForShard
=== RUN   TestGetShardHeaderFromStorageWithNonceShouldWorkForShard
=== PAUSE TestGetShardHeaderFromStorageWithNonceShouldWorkForShard
=== RUN   TestGetMetaHeaderFromStorageWithNonceShouldErrNilStorage
=== PAUSE TestGetMetaHeaderFromStorageWithNonceShouldErrNilStorage
=== RUN   TestGetMetaHeaderFromStorageWithNonceShouldErrNilUint64Converter
=== PAUSE TestGetMetaHeaderFromStorageWithNonceShouldErrNilUint64Converter
=== RUN   TestGetMetaHeaderFromStorageWithNonceShouldErrNilMarshalizer
=== PAUSE TestGetMetaHeaderFromStorageWithNonceShouldErrNilMarshalizer
=== RUN   TestGetMetaHeaderFromStorageWithNonceShouldErrGetHeadersStorageReturnsErr
=== PAUSE TestGetMetaHeaderFromStorageWithNonceShouldErrGetHeadersStorageReturnsErr
=== RUN   TestGetMetaHeaderFromStorageWithNonceShouldErrMissingHashForHeaderNonce
=== PAUSE TestGetMetaHeaderFromStorageWithNonceShouldErrMissingHashForHeaderNonce
=== RUN   TestGetMetaHeaderFromStorageWithNonceShouldErrMissingHeader
=== PAUSE TestGetMetaHeaderFromStorageWithNonceShouldErrMissingHeader
=== RUN   TestGetMetaHeaderFromStorageWithNonceShouldErrUnmarshalWithoutSuccess
=== PAUSE TestGetMetaHeaderFromStorageWithNonceShouldErrUnmarshalWithoutSuccess
=== RUN   TestGetMetaHeaderFromStorageWithNonceShouldWork
=== PAUSE TestGetMetaHeaderFromStorageWithNonceShouldWork
=== RUN   TestGetHeaderFromStorageWithNonceShouldWorkForMeta
=== PAUSE TestGetHeaderFromStorageWithNonceShouldWorkForMeta
=== RUN   TestGetTransactionHandler_Errors
=== PAUSE TestGetTransactionHandler_Errors
=== RUN   TestGetTransactionHandlerShouldGetTransactionFromPool
=== PAUSE TestGetTransactionHandlerShouldGetTransactionFromPool
=== RUN   TestGetTransactionHandlerShouldGetTransactionFromStorage
=== PAUSE TestGetTransactionHandlerShouldGetTransactionFromStorage
=== RUN   TestGetTransactionHandlerFromPool_Errors
=== PAUSE TestGetTransactionHandlerFromPool_Errors
=== RUN   TestGetTransactionHandlerFromPoolShouldErrTxNotFound
=== PAUSE TestGetTransactionHandlerFromPoolShouldErrTxNotFound
=== RUN   TestGetTransactionHandlerFromPoolShouldErrInvalidTxInPool
=== PAUSE TestGetTransactionHandlerFromPoolShouldErrInvalidTxInPool
=== RUN   TestGetTransactionHandlerFromPoolShouldWorkWithPeek
=== PAUSE TestGetTransactionHandlerFromPoolShouldWorkWithPeek
=== RUN   TestGetTransactionHandlerFromPoolShouldWorkWithSearchFirst
=== PAUSE TestGetTransactionHandlerFromPoolShouldWorkWithSearchFirst
=== RUN   TestGetTransactionHandlerFromPoolShouldWorkWithPeekFallbackToSearchFirst
=== PAUSE TestGetTransactionHandlerFromPoolShouldWorkWithPeekFallbackToSearchFirst
=== RUN   TestGetTransactionHandlerFromStorageShouldErrNilStorage
=== PAUSE TestGetTransactionHandlerFromStorageShouldErrNilStorage
=== RUN   TestGetTransactionHandlerFromStorageShouldErrNilMarshalizer
=== PAUSE TestGetTransactionHandlerFromStorageShouldErrNilMarshalizer
=== RUN   TestGetTransactionHandlerFromStorageShouldErrWhenTxIsNotFound
=== PAUSE TestGetTransactionHandlerFromStorageShouldErrWhenTxIsNotFound
=== RUN   TestGetTransactionHandlerFromStorageShouldErrWhenUnmarshalFail
=== PAUSE TestGetTransactionHandlerFromStorageShouldErrWhenUnmarshalFail
=== RUN   TestGetTransactionHandlerFromStorageShouldWork
=== PAUSE TestGetTransactionHandlerFromStorageShouldWork
=== RUN   TestSortHeadersByNonceShouldWork
=== PAUSE TestSortHeadersByNonceShouldWork
=== RUN   TestGetFinalCrossMiniBlockHashes
=== PAUSE TestGetFinalCrossMiniBlockHashes
=== RUN   TestGetMiniBlockHeaderWithHash
=== PAUSE TestGetMiniBlockHeaderWithHash
=== RUN   Test_IsBuiltinFuncCallWithParam
=== RUN   Test_IsBuiltinFuncCallWithParam/no_function
=== RUN   Test_IsBuiltinFuncCallWithParam/non_target_function
=== RUN   Test_IsBuiltinFuncCallWithParam/target_function
--- PASS: Test_IsBuiltinFuncCallWithParam (0.00s)
    --- PASS: Test_IsBuiltinFuncCallWithParam/no_function (0.00s)
    --- PASS: Test_IsBuiltinFuncCallWithParam/non_target_function (0.00s)
    --- PASS: Test_IsBuiltinFuncCallWithParam/target_function (0.00s)
=== RUN   Test_IsSetGuardianCall
=== PAUSE Test_IsSetGuardianCall
=== RUN   TestCheckIfIndexesAreOutOfBound
=== PAUSE TestCheckIfIndexesAreOutOfBound
=== RUN   TestUnmarshalHeader
=== PAUSE TestUnmarshalHeader
=== RUN   TestShardedCacheSearchMethod_ToString
=== PAUSE TestShardedCacheSearchMethod_ToString
=== RUN   TestRequiredDataPool_ExpectedData
--- PASS: TestRequiredDataPool_ExpectedData (0.00s)
=== RUN   TestRequiredDataPool_SetHashesNilListResets
--- PASS: TestRequiredDataPool_SetHashesNilListResets (0.00s)
=== RUN   TestRequiredDataPool_SetHashesEmptyListResets
--- PASS: TestRequiredDataPool_SetHashesEmptyListResets (0.00s)
=== RUN   TestRequiredDataPool_SetReceivedHashSettingAllWorks
--- PASS: TestRequiredDataPool_SetReceivedHashSettingAllWorks (0.00s)
=== RUN   TestRequiredDataPool_SetReceivedHashSettingIncompleteWorks
--- PASS: TestRequiredDataPool_SetReceivedHashSettingIncompleteWorks (0.00s)
=== RUN   TestRequiredDataPool_SetReceivedHashSettingWrongHashWorks
--- PASS: TestRequiredDataPool_SetReceivedHashSettingWrongHashWorks (0.00s)
=== RUN   TestRequiredDataPool_SetReceivedHashSettingWrongHashThenCorrectWorks
--- PASS: TestRequiredDataPool_SetReceivedHashSettingWrongHashThenCorrectWorks (0.00s)
=== RUN   TestRequiredDataPool_SetReceivedHashMultipleSettingAllWorks
--- PASS: TestRequiredDataPool_SetReceivedHashMultipleSettingAllWorks (0.00s)
=== CONT  TestGetShardHeaderShouldErrNilCacher
--- PASS: TestGetShardHeaderShouldErrNilCacher (0.00s)
=== CONT  TestGetShardHeaderFromPoolWithNonceShouldErrMissingHashForHeaderNonceWhenLoadFromShardIdHashMapFails
=== CONT  TestGetShardHeaderFromPoolWithNonceShouldErrNilCacher
--- PASS: TestGetShardHeaderFromPoolWithNonceShouldErrNilCacher (0.00s)
=== CONT  TestGetMetaHeaderWithNonceShouldGetHeaderFromStorage
--- PASS: TestGetShardHeaderFromPoolWithNonceShouldErrMissingHashForHeaderNonceWhenLoadFromShardIdHashMapFails (0.00s)
=== CONT  TestGetShardHeaderFromPoolWithNonceShouldErrMissingHashForHeaderNonceWhenShardIdHashMapIsNil
--- PASS: TestGetShardHeaderFromPoolWithNonceShouldErrMissingHashForHeaderNonceWhenShardIdHashMapIsNil (0.00s)
=== CONT  TestShardedCacheSearchMethod_ToString
--- PASS: TestShardedCacheSearchMethod_ToString (0.00s)
=== CONT  TestUnmarshalHeader
=== CONT  TestGetMetaHeaderFromStorageWithNonceShouldErrMissingHeader
--- PASS: TestGetMetaHeaderFromStorageWithNonceShouldErrMissingHeader (0.00s)
=== CONT  TestGetShardHeaderFromStorageWithNonceShouldErrNilMarshalizer
=== CONT  TestGetShardHeaderFromStorageWithNonceShouldErrNilUint64Converter
=== CONT  TestGetMetaHeaderFromStorageWithNonceShouldErrGetHeadersStorageReturnsErr
--- PASS: TestGetShardHeaderFromStorageWithNonceShouldErrNilMarshalizer (0.00s)
--- PASS: TestGetMetaHeaderFromStorageWithNonceShouldErrGetHeadersStorageReturnsErr (0.00s)
=== CONT  TestGetShardHeaderFromStorageWithNonceShouldErrNilStorage
=== CONT  TestGetMetaHeaderFromStorageWithNonceShouldErrNilMarshalizer
--- PASS: TestGetShardHeaderFromStorageWithNonceShouldErrNilUint64Converter (0.00s)
=== CONT  TestGetMetaHeaderFromStorageWithNonceShouldErrNilStorage
=== CONT  TestGetMetaHeaderFromPoolWithNonceShouldWork
--- PASS: TestGetShardHeaderFromStorageWithNonceShouldErrNilStorage (0.00s)
--- PASS: TestGetMetaHeaderFromStorageWithNonceShouldErrNilMarshalizer (0.00s)
=== CONT  TestGetMetaHeaderFromPoolWithNonceShouldErrMissingHeader
=== CONT  TestGetHeaderFromStorageWithNonceShouldWorkForShard
--- PASS: TestGetMetaHeaderFromStorageWithNonceShouldErrNilStorage (0.00s)
=== CONT  TestGetShardHeaderFromStorageWithNonceShouldErrUnmarshalWithoutSuccess
=== CONT  TestGetMetaHeaderFromPoolWithNonceShouldErrMissingHashForHeaderNonceWhenLoadFromShardIdHashMapFails
=== CONT  TestGetMetaHeaderFromPoolWithNonceShouldErrMissingHashForHeaderNonceWhenShardIdHashMapIsNil
=== CONT  TestGetShardHeaderFromStorageWithNonceShouldErrMissingHashForHeaderNonce
--- PASS: TestGetMetaHeaderFromPoolWithNonceShouldWork (0.00s)
=== CONT  TestGetShardHeaderFromStorageWithNonceShouldErrGetHeadersStorageReturnsErr
=== CONT  TestGetShardHeaderFromPoolWithNonceShouldWork
=== CONT  Test_IsSetGuardianCall
=== CONT  TestGetShardHeaderFromPoolWithNonceShouldErrWrongTypeAssertion
=== CONT  TestGetTransactionHandlerFromStorageShouldWork
=== RUN   Test_IsSetGuardianCall/should_return_false_for_tx_with_other_builtin_function_call_or_random_data
=== CONT  TestGetMetaHeaderFromStorageWithNonceShouldErrMissingHashForHeaderNonce
=== CONT  TestGetShardHeaderFromStorageWithNonceShouldWorkForShard
=== CONT  TestGetTransactionHandlerFromStorageShouldErrWhenUnmarshalFail
=== CONT  TestGetShardHeaderFromStorageWithNonceShouldErrMissingHeader
=== CONT  TestGetTransactionHandlerFromStorageShouldErrWhenTxIsNotFound
=== CONT  TestGetTransactionHandlerFromStorageShouldErrNilMarshalizer
=== CONT  TestGetTransactionHandlerFromStorageShouldErrNilStorage
--- PASS: TestGetMetaHeaderFromPoolWithNonceShouldErrMissingHeader (0.00s)
--- PASS: TestGetMetaHeaderFromPoolWithNonceShouldErrMissingHashForHeaderNonceWhenLoadFromShardIdHashMapFails (0.00s)
=== CONT  TestSortHeadersByNonceShouldWork
=== CONT  TestGetMetaHeaderFromPoolWithNonceShouldErrNilCacher
=== CONT  TestGetMetaHeaderWithNonceShouldGetHeaderFromPool
=== CONT  TestGetMetaHeaderWithNonceShouldErrNilUint64Converter
=== CONT  TestCheckIfIndexesAreOutOfBound
=== CONT  TestGetTransactionHandlerFromPoolShouldWorkWithSearchFirst
=== CONT  TestGetMetaHeaderWithNonceShouldErrNilMarshalizer
=== CONT  TestGetShardHeaderWithNonceShouldGetHeaderFromStorage
=== CONT  TestGetShardHeaderFromStorageShouldWork
=== CONT  TestGetMetaHeaderFromPoolWithNonceShouldErrWrongTypeAssertion
=== CONT  TestGetShardHeaderWithNonceShouldGetHeaderFromPool
=== CONT  TestGetShardHeaderWithNonceShouldErrNilUint64Converter
=== CONT  TestGetShardHeaderWithNonceShouldErrNilStorage
=== CONT  TestGetShardHeaderWithNonceShouldErrNilMarshalizer
=== CONT  TestGetShardHeaderWithNonceShouldErrNilCacher
=== CONT  TestGetMetaHeaderWithNonceShouldErrNilCacher
=== CONT  TestGetMarshalizedHeaderFromStorageShouldWork
=== CONT  TestGetMarshalizedHeaderFromStorageShouldErrMissingHeader
=== CONT  TestGetMiniBlockHeaderWithHash
=== CONT  TestGetMarshalizedHeaderFromStorageShouldErrGetHeadersStorageReturnsErr
=== CONT  TestGetMarshalizedHeaderFromStorageShouldErrNilStorage
=== RUN   TestGetMiniBlockHeaderWithHash/not_equal_hashes
=== CONT  TestGetMetaHeaderFromStorageShouldWork
=== PAUSE TestGetMiniBlockHeaderWithHash/not_equal_hashes
=== RUN   TestGetMiniBlockHeaderWithHash/hashes_matches
=== PAUSE TestGetMiniBlockHeaderWithHash/hashes_matches
=== CONT  TestGetTransactionHandlerFromPoolShouldWorkWithPeekFallbackToSearchFirst
=== CONT  TestGetMetaHeaderFromStorageShouldErrMissingHeader
=== CONT  TestGetMetaHeaderFromStorageShouldErrGetHeadersStorageReturnsErr
=== CONT  TestGetMetaHeaderFromStorageShouldErrNilStorage
=== CONT  TestGetShardHeaderFromPoolShouldErrWrongTypeAssertion
=== CONT  TestGetShardHeaderFromStorageShouldErrMissingHeader
=== CONT  TestGetShardHeaderFromStorageShouldErrGetHeadersStorageReturnsErr
=== CONT  TestGetShardHeaderFromStorageShouldErrNilStorage
=== CONT  TestGetShardHeaderFromStorageShouldErrNilCacher
=== CONT  TestGetShardHeaderFromPoolWithNonceShouldErrMissingHeader
=== CONT  TestGetHeaderFromStorageShouldWork
=== CONT  TestGetMetaHeaderFromPoolShouldWork
=== CONT  TestGetMetaHeaderFromPoolShouldErrWrongTypeAssertion
=== CONT  TestGetMetaHeaderFromStorageShouldErrNilCacher
--- PASS: TestGetShardHeaderFromStorageWithNonceShouldErrUnmarshalWithoutSuccess (0.00s)
--- PASS: TestGetMetaHeaderFromPoolWithNonceShouldErrMissingHashForHeaderNonceWhenShardIdHashMapIsNil (0.00s)
--- PASS: TestGetShardHeaderFromStorageWithNonceShouldErrMissingHashForHeaderNonce (0.00s)
--- PASS: TestGetShardHeaderFromStorageWithNonceShouldErrGetHeadersStorageReturnsErr (0.00s)
--- PASS: TestGetShardHeaderFromPoolWithNonceShouldWork (0.00s)
--- PASS: TestGetShardHeaderFromPoolWithNonceShouldErrWrongTypeAssertion (0.00s)
--- PASS: TestGetMetaHeaderFromStorageWithNonceShouldErrMissingHashForHeaderNonce (0.00s)
--- PASS: TestGetTransactionHandlerFromStorageShouldErrWhenUnmarshalFail (0.00s)
=== CONT  TestGetMetaHeaderFromPoolShouldErrNilCacher
=== CONT  TestGetShardHeaderFromPoolShouldWork
=== CONT  TestGetTransactionHandlerShouldGetTransactionFromStorage
=== CONT  TestGetTransactionHandlerFromPoolShouldWorkWithPeek
=== CONT  TestGetTransactionHandlerFromPoolShouldErrTxNotFound
=== CONT  TestGetTransactionHandlerShouldGetTransactionFromPool
=== CONT  TestGetTransactionHandler_Errors
=== CONT  TestGetHeaderFromStorageWithNonceShouldWorkForMeta
=== RUN   TestGetTransactionHandler_Errors/errors_if_the_sharded_cacher_is_nil
=== CONT  TestGetMetaHeaderFromStorageWithNonceShouldWork
=== PAUSE TestGetTransactionHandler_Errors/errors_if_the_sharded_cacher_is_nil
=== RUN   TestGetTransactionHandler_Errors/errors_if_the_storage_service_is_nil
=== PAUSE TestGetTransactionHandler_Errors/errors_if_the_storage_service_is_nil
=== CONT  TestGetMetaHeaderFromPoolShouldErrMissingHeader
=== RUN   TestGetTransactionHandler_Errors/errors_if_the_marshaller_is_nil
=== PAUSE TestGetTransactionHandler_Errors/errors_if_the_marshaller_is_nil
=== CONT  TestGetTransactionHandlerFromPool_Errors
=== RUN   TestGetTransactionHandlerFromPool_Errors/nil_sharded_cache
=== CONT  TestGetMetaHeaderShouldGetHeaderFromStorage
=== CONT  TestGetMetaHeaderShouldGetHeaderFromPool
=== CONT  TestGetTransactionHandlerFromPoolShouldErrInvalidTxInPool
=== CONT  TestGetMetaHeaderShouldErrNilStorage
=== CONT  TestGetShardHeaderShouldGetHeaderFromPool
=== CONT  TestGetMetaHeaderShouldErrNilCacher
=== CONT  TestGetShardHeaderShouldGetHeaderFromStorage
=== CONT  TestGetShardHeaderShouldErrNilMarshalizer
=== CONT  TestGetMetaHeaderShouldErrNilMarshalizer
=== CONT  TestGetMiniBlockHeaderWithHash/not_equal_hashes
=== CONT  TestGetMiniBlockHeaderWithHash/hashes_matches
=== CONT  TestGetTransactionHandler_Errors/errors_if_the_sharded_cacher_is_nil
=== CONT  TestGetTransactionHandler_Errors/errors_if_the_marshaller_is_nil
=== CONT  TestGetTransactionHandler_Errors/errors_if_the_storage_service_is_nil
=== CONT  TestGetShardHeaderFromPoolShouldErrNilCacher
=== CONT  TestGetShardHeaderFromPoolShouldErrMissingHeader
=== CONT  TestGetFinalCrossMiniBlockHashes
=== CONT  TestGetShardHeaderShouldErrNilStorage
=== RUN   TestUnmarshalHeader/should_work
--- PASS: TestGetShardHeaderFromStorageWithNonceShouldErrMissingHeader (0.00s)
--- PASS: TestGetTransactionHandlerFromStorageShouldErrWhenTxIsNotFound (0.00s)
--- PASS: TestGetTransactionHandlerFromStorageShouldErrNilMarshalizer (0.00s)
--- PASS: TestGetTransactionHandlerFromStorageShouldErrNilStorage (0.00s)
--- PASS: TestGetMetaHeaderFromPoolWithNonceShouldErrNilCacher (0.00s)
--- PASS: TestSortHeadersByNonceShouldWork (0.00s)
=== RUN   Test_IsSetGuardianCall/should_return_false_for_tx_with_setGuardian_without_params_(no_builtin_function_call)
=== RUN   Test_IsSetGuardianCall/should_return_true_for_setGuardian_call_with_invalid_num_of_params
=== CONT  TestGetMetaHeaderFromStorageWithNonceShouldErrUnmarshalWithoutSuccess
--- PASS: TestGetMetaHeaderFromStorageWithNonceShouldErrUnmarshalWithoutSuccess (0.00s)
=== CONT  TestGetShardHeaderFromStorageShouldErrUnmarshalWithoutSuccess
=== RUN   Test_IsSetGuardianCall/should_return_true_for_setGuardian_call_with_empty_param
--- PASS: TestGetShardHeaderFromStorageShouldErrUnmarshalWithoutSuccess (0.00s)
=== CONT  TestGetMetaHeaderFromStorageWithNonceShouldErrNilUint64Converter
--- PASS: TestGetMetaHeaderFromStorageWithNonceShouldErrNilUint64Converter (0.00s)
=== CONT  TestGetMetaHeaderWithNonceShouldErrNilStorage
--- PASS: TestGetMetaHeaderWithNonceShouldErrNilUint64Converter (0.00s)
--- PASS: TestGetMetaHeaderWithNonceShouldGetHeaderFromPool (0.00s)
--- PASS: TestGetMetaHeaderWithNonceShouldErrNilStorage (0.00s)
=== CONT  TestGetMarshalizedHeaderFromStorageShouldErrNilMarshalizer
--- PASS: TestCheckIfIndexesAreOutOfBound (0.00s)
--- PASS: TestGetTransactionHandlerFromPoolShouldWorkWithSearchFirst (0.00s)
--- PASS: TestGetMarshalizedHeaderFromStorageShouldErrNilMarshalizer (0.00s)
=== CONT  TestGetMetaHeaderFromStorageShouldErrUnmarshalWithoutSuccess
--- PASS: TestGetMetaHeaderWithNonceShouldErrNilMarshalizer (0.00s)
=== PAUSE TestUnmarshalHeader/should_work
=== RUN   TestUnmarshalHeader/should_err
=== PAUSE TestUnmarshalHeader/should_err
=== CONT  TestUnmarshalHeader/should_work
=== RUN   Test_IsSetGuardianCall/should_return_true_for_setGuardian_call
=== CONT  TestUnmarshalHeader/should_err
--- PASS: TestGetMetaHeaderFromStorageShouldErrUnmarshalWithoutSuccess (0.00s)
--- PASS: TestGetMetaHeaderFromPoolWithNonceShouldErrWrongTypeAssertion (0.00s)
--- PASS: TestGetShardHeaderWithNonceShouldGetHeaderFromPool (0.00s)
--- PASS: TestGetShardHeaderWithNonceShouldErrNilUint64Converter (0.00s)
--- PASS: TestGetShardHeaderWithNonceShouldErrNilStorage (0.00s)
--- PASS: TestGetShardHeaderWithNonceShouldErrNilMarshalizer (0.00s)
--- PASS: TestGetShardHeaderWithNonceShouldErrNilCacher (0.00s)
--- PASS: TestGetMetaHeaderWithNonceShouldErrNilCacher (0.00s)
--- PASS: TestGetMarshalizedHeaderFromStorageShouldErrMissingHeader (0.00s)
--- PASS: TestGetMarshalizedHeaderFromStorageShouldErrGetHeadersStorageReturnsErr (0.00s)
--- PASS: TestGetMarshalizedHeaderFromStorageShouldErrNilStorage (0.00s)
--- PASS: TestGetTransactionHandlerFromPoolShouldWorkWithPeekFallbackToSearchFirst (0.00s)
--- PASS: TestGetMetaHeaderFromStorageShouldErrMissingHeader (0.00s)
--- PASS: TestGetMetaHeaderWithNonceShouldGetHeaderFromStorage (0.00s)
--- PASS: TestGetMetaHeaderFromStorageShouldErrGetHeadersStorageReturnsErr (0.00s)
--- PASS: TestGetMetaHeaderFromStorageShouldErrNilStorage (0.00s)
--- PASS: TestGetMarshalizedHeaderFromStorageShouldWork (0.00s)
--- PASS: TestGetShardHeaderFromPoolShouldErrWrongTypeAssertion (0.00s)
--- PASS: TestGetShardHeaderFromStorageShouldErrMissingHeader (0.00s)
--- PASS: TestGetShardHeaderFromStorageShouldErrGetHeadersStorageReturnsErr (0.00s)
--- PASS: TestGetShardHeaderFromStorageShouldErrNilStorage (0.00s)
--- PASS: TestGetShardHeaderFromStorageShouldErrNilCacher (0.00s)
--- PASS: TestGetShardHeaderFromPoolWithNonceShouldErrMissingHeader (0.00s)
--- PASS: TestGetTransactionHandlerFromStorageShouldWork (0.00s)
--- PASS: TestGetHeaderFromStorageWithNonceShouldWorkForShard (0.00s)
--- PASS: TestGetMetaHeaderFromPoolShouldWork (0.00s)
--- PASS: TestGetHeaderFromStorageShouldWork (0.00s)
--- PASS: TestGetMetaHeaderFromPoolShouldErrNilCacher (0.00s)
--- PASS: TestGetShardHeaderFromPoolShouldWork (0.00s)
--- PASS: TestGetMetaHeaderFromPoolShouldErrWrongTypeAssertion (0.00s)
--- PASS: TestGetShardHeaderFromStorageWithNonceShouldWorkForShard (0.00s)
--- PASS: TestGetShardHeaderWithNonceShouldGetHeaderFromStorage (0.00s)
--- PASS: TestGetTransactionHandlerFromPoolShouldWorkWithPeek (0.00s)
--- PASS: TestGetMetaHeaderFromStorageShouldErrNilCacher (0.00s)
--- PASS: TestGetTransactionHandlerFromPoolShouldErrTxNotFound (0.00s)
--- PASS: TestGetTransactionHandlerShouldGetTransactionFromPool (0.00s)
--- PASS: TestGetTransactionHandlerShouldGetTransactionFromStorage (0.00s)
--- PASS: TestGetHeaderFromStorageWithNonceShouldWorkForMeta (0.00s)
--- PASS: TestGetMetaHeaderFromStorageWithNonceShouldWork (0.00s)
--- PASS: TestGetMetaHeaderFromPoolShouldErrMissingHeader (0.00s)
--- PASS: TestGetShardHeaderFromStorageShouldWork (0.00s)
--- PASS: TestGetMetaHeaderFromStorageShouldWork (0.00s)
--- PASS: TestGetMetaHeaderShouldGetHeaderFromPool (0.00s)
--- PASS: TestGetTransactionHandlerFromPoolShouldErrInvalidTxInPool (0.00s)
--- PASS: TestGetMetaHeaderShouldErrNilStorage (0.00s)
--- PASS: TestGetMetaHeaderShouldErrNilCacher (0.00s)
--- PASS: TestGetShardHeaderShouldGetHeaderFromPool (0.00s)
--- PASS: TestGetMetaHeaderShouldGetHeaderFromStorage (0.00s)
--- PASS: TestGetShardHeaderShouldErrNilMarshalizer (0.00s)
--- PASS: TestGetMetaHeaderShouldErrNilMarshalizer (0.00s)
--- PASS: TestGetShardHeaderShouldGetHeaderFromStorage (0.00s)
--- PASS: TestGetMiniBlockHeaderWithHash (0.00s)
    --- PASS: TestGetMiniBlockHeaderWithHash/not_equal_hashes (0.00s)
    --- PASS: TestGetMiniBlockHeaderWithHash/hashes_matches (0.00s)
--- PASS: TestGetTransactionHandler_Errors (0.00s)
    --- PASS: TestGetTransactionHandler_Errors/errors_if_the_sharded_cacher_is_nil (0.00s)
    --- PASS: TestGetTransactionHandler_Errors/errors_if_the_marshaller_is_nil (0.00s)
    --- PASS: TestGetTransactionHandler_Errors/errors_if_the_storage_service_is_nil (0.00s)
--- PASS: TestGetShardHeaderFromPoolShouldErrMissingHeader (0.00s)
--- PASS: TestGetShardHeaderFromPoolShouldErrNilCacher (0.00s)
--- PASS: TestGetShardHeaderShouldErrNilStorage (0.00s)
--- PASS: TestGetFinalCrossMiniBlockHashes (0.00s)
--- PASS: Test_IsSetGuardianCall (0.00s)
    --- PASS: Test_IsSetGuardianCall/should_return_false_for_tx_with_other_builtin_function_call_or_random_data (0.00s)
    --- PASS: Test_IsSetGuardianCall/should_return_false_for_tx_with_setGuardian_without_params_(no_builtin_function_call) (0.00s)
    --- PASS: Test_IsSetGuardianCall/should_return_true_for_setGuardian_call_with_invalid_num_of_params (0.00s)
    --- PASS: Test_IsSetGuardianCall/should_return_true_for_setGuardian_call_with_empty_param (0.00s)
    --- PASS: Test_IsSetGuardianCall/should_return_true_for_setGuardian_call (0.00s)
--- PASS: TestUnmarshalHeader (0.00s)
    --- PASS: TestUnmarshalHeader/should_work (0.00s)
    --- PASS: TestUnmarshalHeader/should_err (0.00s)
=== RUN   TestGetTransactionHandlerFromPool_Errors/invalid_method
=== RUN   TestGetTransactionHandlerFromPool_Errors/nil_cache
--- PASS: TestGetTransactionHandlerFromPool_Errors (0.00s)
    --- PASS: TestGetTransactionHandlerFromPool_Errors/nil_sharded_cache (0.00s)
    --- PASS: TestGetTransactionHandlerFromPool_Errors/invalid_method (0.00s)
    --- PASS: TestGetTransactionHandlerFromPool_Errors/nil_cache (0.00s)
PASS
ok  	github.com/TerraDharitri/drt-go-chain/process	(cached)
=== RUN   TestDisplayBlock_NewTransactionCounterShouldErrWhenHasherIsNil
=== PAUSE TestDisplayBlock_NewTransactionCounterShouldErrWhenHasherIsNil
=== RUN   TestDisplayBlock_NewTransactionCounterShouldErrWhenMarshalizerIsNil
=== PAUSE TestDisplayBlock_NewTransactionCounterShouldErrWhenMarshalizerIsNil
=== RUN   TestDisplayBlock_NewTransactionCounterShouldErrWhenAppStatusHandlerIsNil
=== PAUSE TestDisplayBlock_NewTransactionCounterShouldErrWhenAppStatusHandlerIsNil
=== RUN   TestDisplayBlock_NewTransactionCounterShouldWork
=== PAUSE TestDisplayBlock_NewTransactionCounterShouldWork
=== RUN   TestDisplayBlock_DisplayMetaHashesIncluded
=== PAUSE TestDisplayBlock_DisplayMetaHashesIncluded
=== RUN   TestDisplayBlock_DisplayTxBlockBody
=== PAUSE TestDisplayBlock_DisplayTxBlockBody
=== RUN   TestDisplayBlock_GetConstructionStateAsString
--- PASS: TestDisplayBlock_GetConstructionStateAsString (0.00s)
=== RUN   TestDisplayBlock_ConcurrencyTestForTotalTxs
=== PAUSE TestDisplayBlock_ConcurrencyTestForTotalTxs
=== RUN   TestTransactionCounter_HeaderExecutedAndReverted
=== PAUSE TestTransactionCounter_HeaderExecutedAndReverted
=== RUN   TestMetrics_CalculateRoundDuration
=== PAUSE TestMetrics_CalculateRoundDuration
=== RUN   TestMetrics_IncrementMetricCountConsensusAcceptedBlocks
=== PAUSE TestMetrics_IncrementMetricCountConsensusAcceptedBlocks
=== RUN   TestCheckProcessorNilParameters
=== PAUSE TestCheckProcessorNilParameters
=== RUN   TestBlockProcessor_CheckBlockValidity
=== PAUSE TestBlockProcessor_CheckBlockValidity
=== RUN   TestVerifyStateRoot_ShouldWork
=== PAUSE TestVerifyStateRoot_ShouldWork
=== RUN   TestBaseProcessor_SetIndexOfFirstTxProcessed
=== PAUSE TestBaseProcessor_SetIndexOfFirstTxProcessed
=== RUN   TestBaseProcessor_SetIndexOfLastTxProcessed
=== PAUSE TestBaseProcessor_SetIndexOfLastTxProcessed
=== RUN   TestBaseProcessor_SetProcessingTypeAndConstructionStateForScheduledMb
=== PAUSE TestBaseProcessor_SetProcessingTypeAndConstructionStateForScheduledMb
=== RUN   TestBaseProcessor_SetProcessingTypeAndConstructionStateForNormalMb
=== PAUSE TestBaseProcessor_SetProcessingTypeAndConstructionStateForNormalMb
=== RUN   TestBaseProcessor_RevertStateRecreateTrieFailsShouldErr
=== PAUSE TestBaseProcessor_RevertStateRecreateTrieFailsShouldErr
=== RUN   TestBaseProcessor_RemoveHeadersBehindNonceFromPools
=== PAUSE TestBaseProcessor_RemoveHeadersBehindNonceFromPools
=== RUN   TestBlockProcessor_computeHeaderHashMarshalizerFail1ShouldErr
=== PAUSE TestBlockProcessor_computeHeaderHashMarshalizerFail1ShouldErr
=== RUN   TestBlockPorcessor_ComputeNewNoncePrevHashShouldWork
=== PAUSE TestBlockPorcessor_ComputeNewNoncePrevHashShouldWork
=== RUN   TestBaseProcessor_SaveLastNotarizedInOneShardHdrsSliceForShardIsNil
=== PAUSE TestBaseProcessor_SaveLastNotarizedInOneShardHdrsSliceForShardIsNil
=== RUN   TestBaseProcessor_SaveLastNotarizedInMultiShardHdrsSliceForShardIsNil
=== PAUSE TestBaseProcessor_SaveLastNotarizedInMultiShardHdrsSliceForShardIsNil
=== RUN   TestBaseProcessor_SaveLastNotarizedHdrShardGood
=== PAUSE TestBaseProcessor_SaveLastNotarizedHdrShardGood
=== RUN   TestBaseProcessor_SaveLastNotarizedHdrMetaGood
=== PAUSE TestBaseProcessor_SaveLastNotarizedHdrMetaGood
=== RUN   TestShardProcessor_ProcessBlockEpochDoesNotMatchShouldErr
=== PAUSE TestShardProcessor_ProcessBlockEpochDoesNotMatchShouldErr
=== RUN   TestShardProcessor_ProcessBlockEpochDoesNotMatchShouldErr2
=== PAUSE TestShardProcessor_ProcessBlockEpochDoesNotMatchShouldErr2
=== RUN   TestShardProcessor_ProcessBlockEpochDoesNotMatchShouldErr3
=== PAUSE TestShardProcessor_ProcessBlockEpochDoesNotMatchShouldErr3
=== RUN   TestShardProcessor_ProcessBlockEpochDoesNotMatchShouldErrMetaHashDoesNotMatch
=== PAUSE TestShardProcessor_ProcessBlockEpochDoesNotMatchShouldErrMetaHashDoesNotMatch
=== RUN   TestShardProcessor_ProcessBlockEpochDoesNotMatchShouldErrMetaHashDoesNotMatchForOldEpoch
=== PAUSE TestShardProcessor_ProcessBlockEpochDoesNotMatchShouldErrMetaHashDoesNotMatchForOldEpoch
=== RUN   TestBlockProcessor_PruneStateOnRollbackPrunesPeerTrieIfAccPruneIsDisabled
=== PAUSE TestBlockProcessor_PruneStateOnRollbackPrunesPeerTrieIfAccPruneIsDisabled
=== RUN   TestBlockProcessor_PruneStateOnRollbackPrunesPeerTrieIfSameRootHashButDifferentValidatorRootHash
=== PAUSE TestBlockProcessor_PruneStateOnRollbackPrunesPeerTrieIfSameRootHashButDifferentValidatorRootHash
=== RUN   TestBlockProcessor_RequestHeadersIfMissingShouldWorkWhenSortedHeadersListIsEmpty
=== PAUSE TestBlockProcessor_RequestHeadersIfMissingShouldWorkWhenSortedHeadersListIsEmpty
=== RUN   TestBlockProcessor_RequestHeadersIfMissingShouldWork
=== PAUSE TestBlockProcessor_RequestHeadersIfMissingShouldWork
=== RUN   TestBlockProcessor_RequestHeadersIfMissingShouldAddHeaderIntoTrackerPool
=== PAUSE TestBlockProcessor_RequestHeadersIfMissingShouldAddHeaderIntoTrackerPool
=== RUN   TestAddHeaderIntoTrackerPool_ShouldWork
=== PAUSE TestAddHeaderIntoTrackerPool_ShouldWork
=== RUN   TestBaseProcessor_commitTrieEpochRootHashIfNeededNilStorerShouldErr
=== PAUSE TestBaseProcessor_commitTrieEpochRootHashIfNeededNilStorerShouldErr
=== RUN   TestBaseProcessor_commitTrieEpochRootHashIfNeededDisabledStorerShouldNotErr
=== PAUSE TestBaseProcessor_commitTrieEpochRootHashIfNeededDisabledStorerShouldNotErr
=== RUN   TestBaseProcessor_commitTrieEpochRootHashIfNeededCannotFindUserAccountStateShouldErr
=== PAUSE TestBaseProcessor_commitTrieEpochRootHashIfNeededCannotFindUserAccountStateShouldErr
=== RUN   TestBaseProcessor_commitTrieEpochRootHashIfNeededShouldWork
=== PAUSE TestBaseProcessor_commitTrieEpochRootHashIfNeededShouldWork
=== RUN   TestBaseProcessor_commitTrieEpochRootHashIfNeeded_GetAllLeaves
=== PAUSE TestBaseProcessor_commitTrieEpochRootHashIfNeeded_GetAllLeaves
=== RUN   TestBaseProcessor_commitTrieEpochRootHashIfNeededShouldUseDataTrieIfNeededWork
=== PAUSE TestBaseProcessor_commitTrieEpochRootHashIfNeededShouldUseDataTrieIfNeededWork
=== RUN   TestBaseProcessor_updateState
=== PAUSE TestBaseProcessor_updateState
=== RUN   TestBaseProcessor_ProcessScheduledBlockShouldFail
=== PAUSE TestBaseProcessor_ProcessScheduledBlockShouldFail
=== RUN   TestBaseProcessor_ProcessScheduledBlockShouldWork
=== PAUSE TestBaseProcessor_ProcessScheduledBlockShouldWork
=== RUN   TestBaseProcessor_gasAndFeesDelta
=== RUN   TestBaseProcessor_gasAndFeesDelta/final_accumulatedFees_lower_then_initial_accumulatedFees
=== PAUSE TestBaseProcessor_gasAndFeesDelta/final_accumulatedFees_lower_then_initial_accumulatedFees
=== RUN   TestBaseProcessor_gasAndFeesDelta/final_devFees_lower_then_initial_devFees
=== PAUSE TestBaseProcessor_gasAndFeesDelta/final_devFees_lower_then_initial_devFees
=== RUN   TestBaseProcessor_gasAndFeesDelta/final_gasProvided_lower_then_initial_gasProvided
=== PAUSE TestBaseProcessor_gasAndFeesDelta/final_gasProvided_lower_then_initial_gasProvided
=== RUN   TestBaseProcessor_gasAndFeesDelta/final_gasPenalized_lower_then_initial_gasPenalized
=== PAUSE TestBaseProcessor_gasAndFeesDelta/final_gasPenalized_lower_then_initial_gasPenalized
=== RUN   TestBaseProcessor_gasAndFeesDelta/final_gasRefunded_lower_then_initial_gasRefunded
=== PAUSE TestBaseProcessor_gasAndFeesDelta/final_gasRefunded_lower_then_initial_gasRefunded
=== RUN   TestBaseProcessor_gasAndFeesDelta/should_work
=== PAUSE TestBaseProcessor_gasAndFeesDelta/should_work
=== CONT  TestBaseProcessor_gasAndFeesDelta/final_accumulatedFees_lower_then_initial_accumulatedFees
[0;31mERROR[0m[2026-03-16 10:14:04.979]   gasAndFeesDelta                          [0;31minitial accumulatedFees[0m = 100 [0;31mfinal accumulatedFees[0m = 10 [0;31merror[0m = negative value 
=== CONT  TestBaseProcessor_gasAndFeesDelta/should_work
=== CONT  TestBaseProcessor_gasAndFeesDelta/final_gasRefunded_lower_then_initial_gasRefunded
[0;31mERROR[0m[2026-03-16 10:14:04.979]   gasAndFeesDelta                          [0;31minitial gasRefunded[0m = 100 [0;31mfinal gasRefunded[0m = 10 [0;31merror[0m = negative value 
=== CONT  TestBaseProcessor_gasAndFeesDelta/final_gasPenalized_lower_then_initial_gasPenalized
[0;31mERROR[0m[2026-03-16 10:14:04.980]   gasAndFeesDelta                          [0;31minitial gasPenalized[0m = 100 [0;31mfinal gasPenalized[0m = 10 [0;31merror[0m = negative value 
=== CONT  TestBaseProcessor_gasAndFeesDelta/final_gasProvided_lower_then_initial_gasProvided
[0;31mERROR[0m[2026-03-16 10:14:04.980]   gasAndFeesDelta                          [0;31minitial gasProvided[0m = 100 [0;31mfinal gasProvided[0m = 10 [0;31merror[0m = negative value 
=== CONT  TestBaseProcessor_gasAndFeesDelta/final_devFees_lower_then_initial_devFees
[0;31mERROR[0m[2026-03-16 10:14:04.980]   gasAndFeesDelta                          [0;31minitial devFees[0m = 100 [0;31mfinal devFees[0m = 10 [0;31merror[0m = negative value 
--- PASS: TestBaseProcessor_gasAndFeesDelta (0.00s)
    --- PASS: TestBaseProcessor_gasAndFeesDelta/final_accumulatedFees_lower_then_initial_accumulatedFees (0.00s)
    --- PASS: TestBaseProcessor_gasAndFeesDelta/should_work (0.00s)
    --- PASS: TestBaseProcessor_gasAndFeesDelta/final_gasRefunded_lower_then_initial_gasRefunded (0.00s)
    --- PASS: TestBaseProcessor_gasAndFeesDelta/final_gasPenalized_lower_then_initial_gasPenalized (0.00s)
    --- PASS: TestBaseProcessor_gasAndFeesDelta/final_gasProvided_lower_then_initial_gasProvided (0.00s)
    --- PASS: TestBaseProcessor_gasAndFeesDelta/final_devFees_lower_then_initial_devFees (0.00s)
=== RUN   TestBaseProcessor_getIndexOfFirstMiniBlockToBeExecuted
=== PAUSE TestBaseProcessor_getIndexOfFirstMiniBlockToBeExecuted
=== RUN   TestBaseProcessor_getFinalMiniBlocks
=== PAUSE TestBaseProcessor_getFinalMiniBlocks
=== RUN   TestBaseProcessor_getScheduledMiniBlocksFromMe
=== PAUSE TestBaseProcessor_getScheduledMiniBlocksFromMe
=== RUN   TestBaseProcessor_checkScheduledMiniBlockValidity
=== PAUSE TestBaseProcessor_checkScheduledMiniBlockValidity
=== RUN   TestBaseProcessor_setMiniBlockHeaderReservedField
=== PAUSE TestBaseProcessor_setMiniBlockHeaderReservedField
=== RUN   TestMetaProcessor_RestoreBlockBodyIntoPoolsShouldErrNilBlockBody
=== PAUSE TestMetaProcessor_RestoreBlockBodyIntoPoolsShouldErrNilBlockBody
=== RUN   TestMetaProcessor_RestoreBlockBodyIntoPoolsShouldErrWhenRestoreBlockDataFromStorageFails
=== PAUSE TestMetaProcessor_RestoreBlockBodyIntoPoolsShouldErrWhenRestoreBlockDataFromStorageFails
=== RUN   TestMetaProcessor_RestoreBlockBodyIntoPoolsShouldWork
=== PAUSE TestMetaProcessor_RestoreBlockBodyIntoPoolsShouldWork
=== RUN   TestBaseProcessor_getPruningHandler
--- PASS: TestBaseProcessor_getPruningHandler (0.00s)
=== RUN   TestBaseProcessor_getPruningHandlerSetsDefaulPruningDelay
--- PASS: TestBaseProcessor_getPruningHandlerSetsDefaulPruningDelay (0.00s)
=== RUN   TestBaseProcessor_checkConstructionStateAndIndexesCorrectness
=== PAUSE TestBaseProcessor_checkConstructionStateAndIndexesCorrectness
=== RUN   TestBaseProcessor_ConcurrentCallsNonceOfFirstCommittedBlock
=== PAUSE TestBaseProcessor_ConcurrentCallsNonceOfFirstCommittedBlock
=== RUN   TestBaseProcessor_CheckSentSignaturesAtCommitTime
=== PAUSE TestBaseProcessor_CheckSentSignaturesAtCommitTime
=== RUN   TestBaseProcessor_FilterHeadersWithoutProofs
=== PAUSE TestBaseProcessor_FilterHeadersWithoutProofs
=== RUN   TestBaseProcessor_DisplayHeader
=== PAUSE TestBaseProcessor_DisplayHeader
=== RUN   TestMetaProcessor_computeExistingAndRequestMissingShardHeaders
=== PAUSE TestMetaProcessor_computeExistingAndRequestMissingShardHeaders
=== RUN   TestMetaProcessor_receivedShardHeader
=== PAUSE TestMetaProcessor_receivedShardHeader
=== RUN   TestNewMetaProcessor_NilAccountsAdapterShouldErr
=== PAUSE TestNewMetaProcessor_NilAccountsAdapterShouldErr
=== RUN   TestNewMetaProcessor_NilDataPoolShouldErr
=== PAUSE TestNewMetaProcessor_NilDataPoolShouldErr
=== RUN   TestNewMetaProcessor_NilHeadersDataPoolShouldErr
=== PAUSE TestNewMetaProcessor_NilHeadersDataPoolShouldErr
=== RUN   TestNewMetaProcessor_NilSCToProtocolShouldErr
=== PAUSE TestNewMetaProcessor_NilSCToProtocolShouldErr
=== RUN   TestNewMetaProcessor_NilForkDetectorShouldErr
=== PAUSE TestNewMetaProcessor_NilForkDetectorShouldErr
=== RUN   TestNewMetaProcessor_NilEpochStartDataCreatorShouldErr
=== PAUSE TestNewMetaProcessor_NilEpochStartDataCreatorShouldErr
=== RUN   TestNewMetaProcessor_NilEpochEconomicsShouldErr
=== PAUSE TestNewMetaProcessor_NilEpochEconomicsShouldErr
=== RUN   TestNewMetaProcessor_NilEpochRewardsCreatorShouldErr
=== PAUSE TestNewMetaProcessor_NilEpochRewardsCreatorShouldErr
=== RUN   TestNewMetaProcessor_NilEpochValidatorInfoCreatorShouldErr
=== PAUSE TestNewMetaProcessor_NilEpochValidatorInfoCreatorShouldErr
=== RUN   TestNewMetaProcessor_NilValidatorStatisticsProcessorShouldErr
=== PAUSE TestNewMetaProcessor_NilValidatorStatisticsProcessorShouldErr
=== RUN   TestNewMetaProcessor_NilEpochSystemSCProcessorShouldErr
=== PAUSE TestNewMetaProcessor_NilEpochSystemSCProcessorShouldErr
=== RUN   TestNewMetaProcessor_NilShardCoordinatorShouldErr
=== PAUSE TestNewMetaProcessor_NilShardCoordinatorShouldErr
=== RUN   TestNewMetaProcessor_NilHasherShouldErr
=== PAUSE TestNewMetaProcessor_NilHasherShouldErr
=== RUN   TestNewMetaProcessor_NilMarshalizerShouldErr
=== PAUSE TestNewMetaProcessor_NilMarshalizerShouldErr
=== RUN   TestNewMetaProcessor_NilChainStorerShouldErr
=== PAUSE TestNewMetaProcessor_NilChainStorerShouldErr
=== RUN   TestNewMetaProcessor_NilRequestHeaderHandlerShouldErr
=== PAUSE TestNewMetaProcessor_NilRequestHeaderHandlerShouldErr
=== RUN   TestNewMetaProcessor_NilTxCoordinatorShouldErr
=== PAUSE TestNewMetaProcessor_NilTxCoordinatorShouldErr
=== RUN   TestNewMetaProcessor_NilEpochStartShouldErr
=== PAUSE TestNewMetaProcessor_NilEpochStartShouldErr
=== RUN   TestNewMetaProcessor_NilRoundNotifierShouldErr
=== PAUSE TestNewMetaProcessor_NilRoundNotifierShouldErr
=== RUN   TestNewMetaProcessor_NilPendingMiniBlocksShouldErr
=== PAUSE TestNewMetaProcessor_NilPendingMiniBlocksShouldErr
=== RUN   TestNewMetaProcessor_NilBlockSizeThrottlerShouldErr
=== PAUSE TestNewMetaProcessor_NilBlockSizeThrottlerShouldErr
=== RUN   TestNewMetaProcessor_NilScheduledTxsExecutionHandlerShouldErr
=== PAUSE TestNewMetaProcessor_NilScheduledTxsExecutionHandlerShouldErr
=== RUN   TestNewMetaProcessor_NilBlockProcessingCutoffHandlerShouldErr
=== PAUSE TestNewMetaProcessor_NilBlockProcessingCutoffHandlerShouldErr
=== RUN   TestNewMetaProcessor_OkValsShouldWork
=== PAUSE TestNewMetaProcessor_OkValsShouldWork
=== RUN   TestMetaProcessor_CheckHeaderBodyCorrelationReceiverMissmatch
=== PAUSE TestMetaProcessor_CheckHeaderBodyCorrelationReceiverMissmatch
=== RUN   TestMetaProcessor_CheckHeaderBodyCorrelationSenderMissmatch
=== PAUSE TestMetaProcessor_CheckHeaderBodyCorrelationSenderMissmatch
=== RUN   TestMetaProcessor_CheckHeaderBodyCorrelationTxCountMissmatch
=== PAUSE TestMetaProcessor_CheckHeaderBodyCorrelationTxCountMissmatch
=== RUN   TestMetaProcessor_CheckHeaderBodyCorrelationHashMissmatch
=== PAUSE TestMetaProcessor_CheckHeaderBodyCorrelationHashMissmatch
=== RUN   TestMetaProcessor_CheckHeaderBodyCorrelationShouldPass
=== PAUSE TestMetaProcessor_CheckHeaderBodyCorrelationShouldPass
=== RUN   TestMetaProcessor_CheckHeaderBodyCorrelationNilMiniBlock
=== PAUSE TestMetaProcessor_CheckHeaderBodyCorrelationNilMiniBlock
=== RUN   TestMetaProcessor_ProcessBlockWithNilHeaderShouldErr
=== PAUSE TestMetaProcessor_ProcessBlockWithNilHeaderShouldErr
=== RUN   TestMetaProcessor_ProcessBlockWithNilBlockBodyShouldErr
=== PAUSE TestMetaProcessor_ProcessBlockWithNilBlockBodyShouldErr
=== RUN   TestMetaProcessor_ProcessBlockWithNilHaveTimeFuncShouldErr
=== PAUSE TestMetaProcessor_ProcessBlockWithNilHaveTimeFuncShouldErr
=== RUN   TestMetaProcessor_ProcessWithDirtyAccountShouldErr
=== PAUSE TestMetaProcessor_ProcessWithDirtyAccountShouldErr
=== RUN   TestMetaProcessor_ProcessWithHeaderNotFirstShouldErr
=== PAUSE TestMetaProcessor_ProcessWithHeaderNotFirstShouldErr
=== RUN   TestMetaProcessor_ProcessWithHeaderNotCorrectNonceShouldErr
=== PAUSE TestMetaProcessor_ProcessWithHeaderNotCorrectNonceShouldErr
=== RUN   TestMetaProcessor_ProcessWithHeaderNotCorrectPrevHashShouldErr
=== PAUSE TestMetaProcessor_ProcessWithHeaderNotCorrectPrevHashShouldErr
=== RUN   TestMetaProcessor_ProcessBlockWithErrOnVerifyStateRootCallShouldRevertState
=== PAUSE TestMetaProcessor_ProcessBlockWithErrOnVerifyStateRootCallShouldRevertState
=== RUN   TestMetaProcessor_RequestFinalMissingHeaderShouldPass
=== PAUSE TestMetaProcessor_RequestFinalMissingHeaderShouldPass
=== RUN   TestMetaProcessor_CommitBlockMarshalizerFailForHeaderShouldErr
=== PAUSE TestMetaProcessor_CommitBlockMarshalizerFailForHeaderShouldErr
=== RUN   TestMetaProcessor_CommitBlockStorageFailsForHeaderShouldNotReturnError
=== PAUSE TestMetaProcessor_CommitBlockStorageFailsForHeaderShouldNotReturnError
=== RUN   TestMetaProcessor_CommitBlockNoTxInPoolShouldErr
=== PAUSE TestMetaProcessor_CommitBlockNoTxInPoolShouldErr
=== RUN   TestMetaProcessor_CommitBlockOkValsShouldWork
=== PAUSE TestMetaProcessor_CommitBlockOkValsShouldWork
=== RUN   TestBlockProc_RequestTransactionFromNetwork
=== PAUSE TestBlockProc_RequestTransactionFromNetwork
=== RUN   TestMetaProcessor_ApplyBodyToHeaderShouldWork
=== PAUSE TestMetaProcessor_ApplyBodyToHeaderShouldWork
=== RUN   TestMetaProcessor_ApplyBodyToHeaderShouldSetEpochStart
=== PAUSE TestMetaProcessor_ApplyBodyToHeaderShouldSetEpochStart
=== RUN   TestMetaProcessor_CommitBlockShouldRevertCurrentBlockWhenErr
=== PAUSE TestMetaProcessor_CommitBlockShouldRevertCurrentBlockWhenErr
=== RUN   TestMetaProcessor_RevertStateRevertPeerStateFailsShouldErr
--- PASS: TestMetaProcessor_RevertStateRevertPeerStateFailsShouldErr (0.00s)
=== RUN   TestMetaProcessor_RevertStateShouldWork
--- PASS: TestMetaProcessor_RevertStateShouldWork (0.00s)
=== RUN   TestMetaProcessor_MarshalizedDataToBroadcastShouldWork
=== PAUSE TestMetaProcessor_MarshalizedDataToBroadcastShouldWork
=== RUN   TestMetaProcessor_ReceivedHeaderShouldDecreaseMissing
=== PAUSE TestMetaProcessor_ReceivedHeaderShouldDecreaseMissing
=== RUN   TestMetaProcessor_CreateShardInfoShouldWorkNoHdrAddataRetrieverMockdedNotValid
=== PAUSE TestMetaProcessor_CreateShardInfoShouldWorkNoHdrAddataRetrieverMockdedNotValid
=== RUN   TestMetaProcessor_CreateShardInfoShouldWorkNoHdrAddedNotFinal
=== PAUSE TestMetaProcessor_CreateShardInfoShouldWorkNoHdrAddedNotFinal
=== RUN   TestMetaProcessor_CreateShardInfoShouldWorkHdrsAdded
=== PAUSE TestMetaProcessor_CreateShardInfoShouldWorkHdrsAdded
=== RUN   TestMetaProcessor_CreateShardInfoEmptyBlockHDRRoundTooHigh
=== PAUSE TestMetaProcessor_CreateShardInfoEmptyBlockHDRRoundTooHigh
=== RUN   TestMetaProcessor_RestoreBlockIntoPoolsShouldErrNilMetaBlockHeader
=== PAUSE TestMetaProcessor_RestoreBlockIntoPoolsShouldErrNilMetaBlockHeader
=== RUN   TestMetaProcessor_RestoreBlockIntoPoolsShouldWork
=== PAUSE TestMetaProcessor_RestoreBlockIntoPoolsShouldWork
=== RUN   TestMetaProcessor_CreateLastNotarizedHdrs
=== PAUSE TestMetaProcessor_CreateLastNotarizedHdrs
=== RUN   TestMetaProcessor_CheckShardHeadersValidity
=== PAUSE TestMetaProcessor_CheckShardHeadersValidity
=== RUN   TestMetaProcessor_CheckShardHeadersValidityWrongNonceFromLastNoted
=== PAUSE TestMetaProcessor_CheckShardHeadersValidityWrongNonceFromLastNoted
=== RUN   TestMetaProcessor_CheckShardHeadersValidityRoundZeroLastNoted
=== PAUSE TestMetaProcessor_CheckShardHeadersValidityRoundZeroLastNoted
=== RUN   TestMetaProcessor_CheckShardHeadersFinality
=== PAUSE TestMetaProcessor_CheckShardHeadersFinality
=== RUN   TestMetaProcessor_IsHdrConstructionValid
=== PAUSE TestMetaProcessor_IsHdrConstructionValid
=== RUN   TestMetaProcessor_DecodeBlockBody
=== PAUSE TestMetaProcessor_DecodeBlockBody
=== RUN   TestMetaProcessor_DecodeBlockHeader
=== PAUSE TestMetaProcessor_DecodeBlockHeader
=== RUN   TestMetaProcessor_UpdateShardsHeadersNonce_ShouldWork
=== PAUSE TestMetaProcessor_UpdateShardsHeadersNonce_ShouldWork
=== RUN   TestMetaProcessor_CreateMiniBlocksJournalLenNotZeroShouldReturnEmptyBody
=== PAUSE TestMetaProcessor_CreateMiniBlocksJournalLenNotZeroShouldReturnEmptyBody
=== RUN   TestMetaProcessor_CreateMiniBlocksNoTimeShouldReturnEmptyBody
=== PAUSE TestMetaProcessor_CreateMiniBlocksNoTimeShouldReturnEmptyBody
=== RUN   TestMetaProcessor_CreateMiniBlocksDestMe
=== PAUSE TestMetaProcessor_CreateMiniBlocksDestMe
=== RUN   TestMetaProcessor_ProcessBlockWrongHeaderShouldErr
=== PAUSE TestMetaProcessor_ProcessBlockWrongHeaderShouldErr
=== RUN   TestMetaProcessor_ProcessBlockNoShardHeadersReceivedShouldErr
=== PAUSE TestMetaProcessor_ProcessBlockNoShardHeadersReceivedShouldErr
=== RUN   TestMetaProcessor_VerifyCrossShardMiniBlocksDstMe
=== PAUSE TestMetaProcessor_VerifyCrossShardMiniBlocksDstMe
=== RUN   TestMetaProcess_CreateNewBlockHeaderProcessHeaderExpectCheckRoundCalled
=== PAUSE TestMetaProcess_CreateNewBlockHeaderProcessHeaderExpectCheckRoundCalled
=== RUN   TestMetaProcessor_CreateBlockCreateHeaderProcessBlock
=== PAUSE TestMetaProcessor_CreateBlockCreateHeaderProcessBlock
=== RUN   TestMetaProcessor_RequestShardHeadersIfNeededShouldAddHeaderIntoTrackerPool
=== PAUSE TestMetaProcessor_RequestShardHeadersIfNeededShouldAddHeaderIntoTrackerPool
=== RUN   TestMetaProcessor_CreateAndProcessBlockCallsProcessAfterFirstEpoch
=== PAUSE TestMetaProcessor_CreateAndProcessBlockCallsProcessAfterFirstEpoch
=== RUN   TestMetaProcessor_CreateNewHeaderErrWrongTypeAssertion
=== PAUSE TestMetaProcessor_CreateNewHeaderErrWrongTypeAssertion
=== RUN   TestMetaProcessor_CreateNewHeaderValsOK
=== PAUSE TestMetaProcessor_CreateNewHeaderValsOK
=== RUN   TestMetaProcessor_ProcessEpochStartMetaBlock
=== PAUSE TestMetaProcessor_ProcessEpochStartMetaBlock
=== RUN   TestMetaProcessor_UpdateEpochStartHeader
=== PAUSE TestMetaProcessor_UpdateEpochStartHeader
=== RUN   TestMetaProcessor_CreateEpochStartBodyShouldFail
=== PAUSE TestMetaProcessor_CreateEpochStartBodyShouldFail
=== RUN   TestMetaProcessor_CreateEpochStartBodyShouldWork
=== PAUSE TestMetaProcessor_CreateEpochStartBodyShouldWork
=== RUN   TestMetaProcessor_getFinalMiniBlockHashes
=== PAUSE TestMetaProcessor_getFinalMiniBlockHashes
=== RUN   TestMetaProcessor_getAllMarshalledTxs
=== PAUSE TestMetaProcessor_getAllMarshalledTxs
=== RUN   TestMetaProcessor_CrossChecksBlockHeightsMetrics
=== PAUSE TestMetaProcessor_CrossChecksBlockHeightsMetrics
=== RUN   TestShardProcessor_RequestMissingFinalityAttestingHeaders
=== PAUSE TestShardProcessor_RequestMissingFinalityAttestingHeaders
=== RUN   TestShardProcessor_computeExistingAndRequestMissingMetaHeaders
=== PAUSE TestShardProcessor_computeExistingAndRequestMissingMetaHeaders
=== RUN   TestShardProcessor_receivedMetaBlock
=== PAUSE TestShardProcessor_receivedMetaBlock
=== RUN   TestNewShardProcessor
=== PAUSE TestNewShardProcessor
=== RUN   TestShardProcessor_ProcessBlockWithNilHeaderShouldErr
=== PAUSE TestShardProcessor_ProcessBlockWithNilHeaderShouldErr
=== RUN   TestShardProcessor_ProcessBlockWithNilBlockBodyShouldErr
=== PAUSE TestShardProcessor_ProcessBlockWithNilBlockBodyShouldErr
=== RUN   TestShardProcessor_ProcessBlockWithNilHaveTimeFuncShouldErr
=== PAUSE TestShardProcessor_ProcessBlockWithNilHaveTimeFuncShouldErr
=== RUN   TestShardProcess_CreateNewBlockHeaderProcessHeaderExpectCheckRoundCalled
=== PAUSE TestShardProcess_CreateNewBlockHeaderProcessHeaderExpectCheckRoundCalled
=== RUN   TestShardProcessor_ProcessWithDirtyAccountShouldErr
=== PAUSE TestShardProcessor_ProcessWithDirtyAccountShouldErr
=== RUN   TestShardProcessor_ProcessBlockHeaderBodyMismatchShouldErr
=== PAUSE TestShardProcessor_ProcessBlockHeaderBodyMismatchShouldErr
=== RUN   TestShardProcessor_ProcessBlockWithInvalidTransactionShouldErr
=== PAUSE TestShardProcessor_ProcessBlockWithInvalidTransactionShouldErr
=== RUN   TestShardProcessor_ProcessWithHeaderNotFirstShouldErr
=== PAUSE TestShardProcessor_ProcessWithHeaderNotFirstShouldErr
=== RUN   TestShardProcessor_ProcessWithHeaderNotCorrectNonceShouldErr
=== PAUSE TestShardProcessor_ProcessWithHeaderNotCorrectNonceShouldErr
=== RUN   TestShardProcessor_ProcessWithHeaderNotCorrectPrevHashShouldErr
=== PAUSE TestShardProcessor_ProcessWithHeaderNotCorrectPrevHashShouldErr
=== RUN   TestShardProcessor_ProcessBlockWithErrOnProcessBlockTransactionsCallShouldRevertState
=== PAUSE TestShardProcessor_ProcessBlockWithErrOnProcessBlockTransactionsCallShouldRevertState
=== RUN   TestShardProcessor_ProcessBlockWithErrOnVerifyStateRootCallShouldRevertState
=== PAUSE TestShardProcessor_ProcessBlockWithErrOnVerifyStateRootCallShouldRevertState
=== RUN   TestShardProcessor_ProcessBlockOnlyIntraShardShouldPass
=== PAUSE TestShardProcessor_ProcessBlockOnlyIntraShardShouldPass
=== RUN   TestShardProcessor_ProcessBlockCrossShardWithoutMetaShouldFail
=== PAUSE TestShardProcessor_ProcessBlockCrossShardWithoutMetaShouldFail
=== RUN   TestShardProcessor_ProcessBlockCrossShardWithMetaShouldPass
=== PAUSE TestShardProcessor_ProcessBlockCrossShardWithMetaShouldPass
=== RUN   TestShardProcessor_ProcessBlockHaveTimeLessThanZeroShouldErr
=== PAUSE TestShardProcessor_ProcessBlockHaveTimeLessThanZeroShouldErr
=== RUN   TestShardProcessor_ProcessBlockWithMissingMetaHdrShouldErr
=== PAUSE TestShardProcessor_ProcessBlockWithMissingMetaHdrShouldErr
=== RUN   TestShardProcessor_ProcessBlockWithWrongMiniBlockHeaderShouldErr
=== PAUSE TestShardProcessor_ProcessBlockWithWrongMiniBlockHeaderShouldErr
=== RUN   TestShardProcessor_RequestEpochStartInfo
=== PAUSE TestShardProcessor_RequestEpochStartInfo
=== RUN   TestShardProcessor_CheckAndRequestIfMetaHeadersMissingShouldErr
=== PAUSE TestShardProcessor_CheckAndRequestIfMetaHeadersMissingShouldErr
=== RUN   TestShardProcessor_CheckMetaHeadersValidityAndFinalityShouldPass
=== PAUSE TestShardProcessor_CheckMetaHeadersValidityAndFinalityShouldPass
=== RUN   TestShardProcessor_CheckMetaHeadersValidityAndFinalityShouldReturnNilWhenNoMetaBlocksAreUsed
=== PAUSE TestShardProcessor_CheckMetaHeadersValidityAndFinalityShouldReturnNilWhenNoMetaBlocksAreUsed
=== RUN   TestShardProcessor_CommitBlockMarshalizerFailForHeaderShouldErr
=== PAUSE TestShardProcessor_CommitBlockMarshalizerFailForHeaderShouldErr
=== RUN   TestShardProcessor_CommitBlockStorageFailsForHeaderShouldErr
=== PAUSE TestShardProcessor_CommitBlockStorageFailsForHeaderShouldErr
=== RUN   TestShardProcessor_CommitBlockStorageFailsForBodyShouldWork
=== PAUSE TestShardProcessor_CommitBlockStorageFailsForBodyShouldWork
=== RUN   TestShardProcessor_CommitBlockOkValsShouldWork
=== PAUSE TestShardProcessor_CommitBlockOkValsShouldWork
=== RUN   TestShardProcessor_CommitBlockCallsIndexerMethods
=== PAUSE TestShardProcessor_CommitBlockCallsIndexerMethods
=== RUN   TestShardProcessor_CreateTxBlockBodyWithDirtyAccStateShouldReturnEmptyBody
=== PAUSE TestShardProcessor_CreateTxBlockBodyWithDirtyAccStateShouldReturnEmptyBody
=== RUN   TestShardProcessor_CreateTxBlockBodyWithNoTimeShouldReturnEmptyBody
=== PAUSE TestShardProcessor_CreateTxBlockBodyWithNoTimeShouldReturnEmptyBody
=== RUN   TestShardProcessor_CreateTxBlockBodyOK
=== PAUSE TestShardProcessor_CreateTxBlockBodyOK
=== RUN   TestNode_ComputeNewNoncePrevHashShouldWork
=== PAUSE TestNode_ComputeNewNoncePrevHashShouldWork
=== RUN   TestShardProcessor_DisplayLogInfo
=== PAUSE TestShardProcessor_DisplayLogInfo
=== RUN   TestBlockProcessor_ApplyBodyToHeaderNilBodyError
=== PAUSE TestBlockProcessor_ApplyBodyToHeaderNilBodyError
=== RUN   TestBlockProcessor_ApplyBodyToHeaderShouldNotReturnNil
=== PAUSE TestBlockProcessor_ApplyBodyToHeaderShouldNotReturnNil
=== RUN   TestShardProcessor_ApplyBodyToHeaderShouldErrWhenMarshalizerErrors
=== PAUSE TestShardProcessor_ApplyBodyToHeaderShouldErrWhenMarshalizerErrors
=== RUN   TestShardProcessor_ApplyBodyToHeaderReturnsOK
=== PAUSE TestShardProcessor_ApplyBodyToHeaderReturnsOK
=== RUN   TestShardProcessor_CommitBlockShouldRevertCurrentBlockWhenErr
=== PAUSE TestShardProcessor_CommitBlockShouldRevertCurrentBlockWhenErr
=== RUN   TestShardProcessor_MarshalizedDataToBroadcastShouldWork
=== PAUSE TestShardProcessor_MarshalizedDataToBroadcastShouldWork
=== RUN   TestShardProcessor_MarshalizedDataWrongType
=== PAUSE TestShardProcessor_MarshalizedDataWrongType
=== RUN   TestShardProcessor_MarshalizedDataNilInput
=== PAUSE TestShardProcessor_MarshalizedDataNilInput
=== RUN   TestShardProcessor_MarshalizedDataMarshalWithoutSuccess
=== PAUSE TestShardProcessor_MarshalizedDataMarshalWithoutSuccess
=== RUN   TestShardProcessor_ReceivedMetaBlockShouldRequestMissingMiniBlocks
=== PAUSE TestShardProcessor_ReceivedMetaBlockShouldRequestMissingMiniBlocks
=== RUN   TestShardProcessor_ReceivedMetaBlockNoMissingMiniBlocksShouldPass
=== PAUSE TestShardProcessor_ReceivedMetaBlockNoMissingMiniBlocksShouldPass
=== RUN   TestShardProcessor_CreateAndProcessCrossMiniBlocksDstMe
=== PAUSE TestShardProcessor_CreateAndProcessCrossMiniBlocksDstMe
=== RUN   TestShardProcessor_CreateAndProcessCrossMiniBlocksDstMeProcessPartOfMiniBlocksInMetaBlock
=== PAUSE TestShardProcessor_CreateAndProcessCrossMiniBlocksDstMeProcessPartOfMiniBlocksInMetaBlock
=== RUN   TestShardProcessor_CreateMiniBlocksShouldWorkWithIntraShardTxs
=== PAUSE TestShardProcessor_CreateMiniBlocksShouldWorkWithIntraShardTxs
=== RUN   TestShardProcessor_GetProcessedMetaBlockFromPoolShouldWork
=== PAUSE TestShardProcessor_GetProcessedMetaBlockFromPoolShouldWork
=== RUN   TestBlockProcessor_RestoreBlockIntoPoolsShouldErrNilBlockHeader
=== PAUSE TestBlockProcessor_RestoreBlockIntoPoolsShouldErrNilBlockHeader
=== RUN   TestBlockProcessor_RestoreBlockIntoPoolsShouldWorkNilTxBlockBody
=== PAUSE TestBlockProcessor_RestoreBlockIntoPoolsShouldWorkNilTxBlockBody
=== RUN   TestShardProcessor_RestoreBlockIntoPoolsShouldWork
=== PAUSE TestShardProcessor_RestoreBlockIntoPoolsShouldWork
=== RUN   TestShardProcessor_DecodeBlockBody
=== PAUSE TestShardProcessor_DecodeBlockBody
=== RUN   TestShardProcessor_DecodeBlockHeader
=== PAUSE TestShardProcessor_DecodeBlockHeader
=== RUN   TestShardProcessor_IsHdrConstructionValid
=== PAUSE TestShardProcessor_IsHdrConstructionValid
=== RUN   TestShardProcessor_RemoveAndSaveLastNotarizedMetaHdrNoDstMB
=== PAUSE TestShardProcessor_RemoveAndSaveLastNotarizedMetaHdrNoDstMB
=== RUN   TestShardProcessor_RemoveAndSaveLastNotarizedMetaHdrNotAllMBFinished
=== PAUSE TestShardProcessor_RemoveAndSaveLastNotarizedMetaHdrNotAllMBFinished
=== RUN   TestShardProcessor_RemoveAndSaveLastNotarizedMetaHdrAllMBFinished
=== PAUSE TestShardProcessor_RemoveAndSaveLastNotarizedMetaHdrAllMBFinished
=== RUN   TestShardProcessor_CheckHeaderBodyCorrelationReceiverMissmatch
=== PAUSE TestShardProcessor_CheckHeaderBodyCorrelationReceiverMissmatch
=== RUN   TestShardProcessor_CheckHeaderBodyCorrelationSenderMissmatch
=== PAUSE TestShardProcessor_CheckHeaderBodyCorrelationSenderMissmatch
=== RUN   TestShardProcessor_CheckHeaderBodyCorrelationTxCountMissmatch
=== PAUSE TestShardProcessor_CheckHeaderBodyCorrelationTxCountMissmatch
=== RUN   TestShardProcessor_CheckHeaderBodyCorrelationHashMissmatch
=== PAUSE TestShardProcessor_CheckHeaderBodyCorrelationHashMissmatch
=== RUN   TestShardProcessor_CheckHeaderBodyCorrelationShouldPass
=== PAUSE TestShardProcessor_CheckHeaderBodyCorrelationShouldPass
=== RUN   TestShardProcessor_CheckHeaderBodyCorrelationNilMiniBlock
=== PAUSE TestShardProcessor_CheckHeaderBodyCorrelationNilMiniBlock
=== RUN   TestShardProcessor_RestoreMetaBlockIntoPoolShouldPass
=== PAUSE TestShardProcessor_RestoreMetaBlockIntoPoolShouldPass
=== RUN   TestShardPreprocessor_getAllMiniBlockDstMeFromMetaShouldPass
=== PAUSE TestShardPreprocessor_getAllMiniBlockDstMeFromMetaShouldPass
=== RUN   TestShardProcessor_GetHighestHdrForOwnShardFromMetachainNothingToProcess
=== PAUSE TestShardProcessor_GetHighestHdrForOwnShardFromMetachainNothingToProcess
=== RUN   TestShardProcessor_GetHighestHdrForOwnShardFromMetachaiMetaHdrsWithoutOwnHdr
=== PAUSE TestShardProcessor_GetHighestHdrForOwnShardFromMetachaiMetaHdrsWithoutOwnHdr
=== RUN   TestShardProcessor_GetHighestHdrForOwnShardFromMetachaiMetaHdrsWithOwnHdrButNotStored
=== PAUSE TestShardProcessor_GetHighestHdrForOwnShardFromMetachaiMetaHdrsWithOwnHdrButNotStored
=== RUN   TestShardProcessor_GetHighestHdrForOwnShardFromMetachaiMetaHdrsWithOwnHdrStored
=== PAUSE TestShardProcessor_GetHighestHdrForOwnShardFromMetachaiMetaHdrsWithOwnHdrStored
=== RUN   TestShardProcessor_RestoreMetaBlockIntoPoolVerifyMiniblocks
=== PAUSE TestShardProcessor_RestoreMetaBlockIntoPoolVerifyMiniblocks
=== RUN   TestShardProcessor_updateStateStorage
=== PAUSE TestShardProcessor_updateStateStorage
=== RUN   TestShardProcessor_checkEpochCorrectnessCrossChainNilCurrentBlock
=== PAUSE TestShardProcessor_checkEpochCorrectnessCrossChainNilCurrentBlock
=== RUN   TestShardProcessor_checkEpochCorrectnessCrossChainCorrectEpoch
=== PAUSE TestShardProcessor_checkEpochCorrectnessCrossChainCorrectEpoch
=== RUN   TestShardProcessor_checkEpochCorrectnessCrossChainInCorrectEpochStorageError
=== PAUSE TestShardProcessor_checkEpochCorrectnessCrossChainInCorrectEpochStorageError
=== RUN   TestShardProcessor_checkEpochCorrectnessCrossChainInCorrectEpochRollback1Block
=== PAUSE TestShardProcessor_checkEpochCorrectnessCrossChainInCorrectEpochRollback1Block
=== RUN   TestShardProcessor_checkEpochCorrectnessCrossChainInCorrectEpochRollback2Blocks
=== PAUSE TestShardProcessor_checkEpochCorrectnessCrossChainInCorrectEpochRollback2Blocks
=== RUN   TestShardProcessor_GetBootstrapHeadersInfoShouldReturnNilWhenNoSelfNotarizedHeadersExists
=== PAUSE TestShardProcessor_GetBootstrapHeadersInfoShouldReturnNilWhenNoSelfNotarizedHeadersExists
=== RUN   TestShardProcessor_GetBootstrapHeadersInfoShouldReturnOneItemWhenFinalNonceIsHigherThanGenesis
=== PAUSE TestShardProcessor_GetBootstrapHeadersInfoShouldReturnOneItemWhenFinalNonceIsHigherThanGenesis
=== RUN   TestShardProcessor_GetBootstrapHeadersInfoShouldReturnOneItemWhenFinalNonceIsNotHigherThanSelfNotarizedNonce
=== PAUSE TestShardProcessor_GetBootstrapHeadersInfoShouldReturnOneItemWhenFinalNonceIsNotHigherThanSelfNotarizedNonce
=== RUN   TestShardProcessor_GetBootstrapHeadersInfoShouldReturnTwoItemsWhenFinalNonceIsHigherThanSelfNotarizedNonce
=== PAUSE TestShardProcessor_GetBootstrapHeadersInfoShouldReturnTwoItemsWhenFinalNonceIsHigherThanSelfNotarizedNonce
=== RUN   TestShardProcessor_RequestMetaHeadersIfNeededShouldAddHeaderIntoTrackerPool
=== PAUSE TestShardProcessor_RequestMetaHeadersIfNeededShouldAddHeaderIntoTrackerPool
=== RUN   TestShardProcessor_CheckEpochCorrectnessShouldRemoveAndRequestStartOfEpochMetaBlockWhenEpochDoesNotMatch
=== PAUSE TestShardProcessor_CheckEpochCorrectnessShouldRemoveAndRequestStartOfEpochMetaBlockWhenEpochDoesNotMatch
=== RUN   TestShardProcessor_CreateNewHeaderErrWrongTypeAssertion
=== PAUSE TestShardProcessor_CreateNewHeaderErrWrongTypeAssertion
=== RUN   TestShardProcessor_CreateNewHeaderValsOK
=== PAUSE TestShardProcessor_CreateNewHeaderValsOK
=== RUN   TestShardProcessor_createMiniBlocks
=== PAUSE TestShardProcessor_createMiniBlocks
=== RUN   TestShardProcessor_RollBackProcessedMiniBlockInfo
=== PAUSE TestShardProcessor_RollBackProcessedMiniBlockInfo
=== RUN   TestShardProcessor_SetProcessedMiniBlocksInfo
=== PAUSE TestShardProcessor_SetProcessedMiniBlocksInfo
=== RUN   TestShardProcessor_GetIndexOfLastTxProcessedInMiniBlock
=== PAUSE TestShardProcessor_GetIndexOfLastTxProcessedInMiniBlock
=== RUN   TestShardProcessor_RollBackProcessedMiniBlocksInfo
=== PAUSE TestShardProcessor_RollBackProcessedMiniBlocksInfo
=== RUN   TestShardProcessor_CreateBlock
=== PAUSE TestShardProcessor_CreateBlock
=== CONT  TestDisplayBlock_NewTransactionCounterShouldErrWhenHasherIsNil
--- PASS: TestDisplayBlock_NewTransactionCounterShouldErrWhenHasherIsNil (0.00s)
=== CONT  TestShardProcessor_CreateBlock
=== RUN   TestShardProcessor_CreateBlock/nil_block_should_error
=== RUN   TestShardProcessor_CreateBlock/wrong_block_type_should_error
=== RUN   TestShardProcessor_CreateBlock/should_work_with_empty_header_v1
=== RUN   TestShardProcessor_CreateBlock/should_work_with_empty_header_v2
=== RUN   TestShardProcessor_CreateBlock/should_work_with_empty_header_v2_and_epoch_start_rewriting_the_epoch_value
--- PASS: TestShardProcessor_CreateBlock (0.00s)
    --- PASS: TestShardProcessor_CreateBlock/nil_block_should_error (0.00s)
    --- PASS: TestShardProcessor_CreateBlock/wrong_block_type_should_error (0.00s)
    --- PASS: TestShardProcessor_CreateBlock/should_work_with_empty_header_v1 (0.00s)
    --- PASS: TestShardProcessor_CreateBlock/should_work_with_empty_header_v2 (0.00s)
    --- PASS: TestShardProcessor_CreateBlock/should_work_with_empty_header_v2_and_epoch_start_rewriting_the_epoch_value (0.00s)
=== CONT  TestShardProcessor_RollBackProcessedMiniBlocksInfo
[0;33mWARN [0m[2026-03-16 10:14:04.987]   shardProcessor.rollBackProcessedMiniBlocksInfo: GetMiniBlockHeaderWithHash [0;33mmb hash[0m = mbHash1 [0;33merror[0m = missing mini block header 
--- PASS: TestShardProcessor_RollBackProcessedMiniBlocksInfo (0.00s)
=== CONT  TestShardProcessor_GetIndexOfLastTxProcessedInMiniBlock
[0;33mWARN [0m[2026-03-16 10:14:04.988]   shardProcessor.getIndexOfLastTxProcessedInMiniBlock [0;33mminiBlock hash[0m = 6d624861736833 [0;33mmetaBlock round[0m = 0 [0;33mmetaBlock nonce[0m = 0 [0;33merror[0m = missing mini block 
--- PASS: TestShardProcessor_GetIndexOfLastTxProcessedInMiniBlock (0.00s)
=== CONT  TestShardProcessor_SetProcessedMiniBlocksInfo
--- PASS: TestShardProcessor_SetProcessedMiniBlocksInfo (0.00s)
=== CONT  TestShardProcessor_RollBackProcessedMiniBlockInfo
[0;33mWARN [0m[2026-03-16 10:14:04.988]   shardProcessor.rollBackProcessedMiniBlockInfo: mini block was not found in ProcessedMiniBlockTracker component [0;33msender shard[0m = 0 [0;33mreceiver shard[0m = 0 [0;33mtx count[0m = 0 [0;33mmb hash[0m = 6d625f686173685f6d697373696e67 
--- PASS: TestShardProcessor_RollBackProcessedMiniBlockInfo (0.00s)
=== CONT  TestShardProcessor_createMiniBlocks
--- PASS: TestShardProcessor_createMiniBlocks (0.00s)
=== CONT  TestShardProcessor_CreateNewHeaderValsOK
--- PASS: TestShardProcessor_CreateNewHeaderValsOK (0.00s)
=== CONT  TestShardProcessor_CreateNewHeaderErrWrongTypeAssertion
--- PASS: TestShardProcessor_CreateNewHeaderErrWrongTypeAssertion (0.00s)
=== CONT  TestShardProcessor_CheckEpochCorrectnessShouldRemoveAndRequestStartOfEpochMetaBlockWhenEpochDoesNotMatch
--- PASS: TestShardProcessor_CheckEpochCorrectnessShouldRemoveAndRequestStartOfEpochMetaBlockWhenEpochDoesNotMatch (0.00s)
=== CONT  TestShardProcessor_RequestMetaHeadersIfNeededShouldAddHeaderIntoTrackerPool
--- PASS: TestShardProcessor_RequestMetaHeadersIfNeededShouldAddHeaderIntoTrackerPool (0.00s)
=== CONT  TestShardProcessor_GetBootstrapHeadersInfoShouldReturnTwoItemsWhenFinalNonceIsHigherThanSelfNotarizedNonce
--- PASS: TestShardProcessor_GetBootstrapHeadersInfoShouldReturnTwoItemsWhenFinalNonceIsHigherThanSelfNotarizedNonce (0.00s)
=== CONT  TestShardProcessor_GetBootstrapHeadersInfoShouldReturnOneItemWhenFinalNonceIsNotHigherThanSelfNotarizedNonce
--- PASS: TestShardProcessor_GetBootstrapHeadersInfoShouldReturnOneItemWhenFinalNonceIsNotHigherThanSelfNotarizedNonce (0.00s)
=== CONT  TestShardProcessor_GetBootstrapHeadersInfoShouldReturnOneItemWhenFinalNonceIsHigherThanGenesis
--- PASS: TestShardProcessor_GetBootstrapHeadersInfoShouldReturnOneItemWhenFinalNonceIsHigherThanGenesis (0.00s)
=== CONT  TestShardProcessor_GetBootstrapHeadersInfoShouldReturnNilWhenNoSelfNotarizedHeadersExists
--- PASS: TestShardProcessor_GetBootstrapHeadersInfoShouldReturnNilWhenNoSelfNotarizedHeadersExists (0.00s)
=== CONT  TestShardProcessor_checkEpochCorrectnessCrossChainInCorrectEpochRollback2Blocks
=== CONT  TestMetaProcessor_ReceivedHeaderShouldDecreaseMissing
=== CONT  TestMetaProcessor_UpdateEpochStartHeader
=== RUN   TestMetaProcessor_UpdateEpochStartHeader/fail_to_compute_end_of_epoch_economics
--- PASS: TestShardProcessor_checkEpochCorrectnessCrossChainInCorrectEpochRollback2Blocks (0.00s)
=== CONT  TestMetaProcessor_MarshalizedDataToBroadcastShouldWork
=== RUN   TestMetaProcessor_UpdateEpochStartHeader/should_work
=== CONT  TestMetaProcessor_ProcessEpochStartMetaBlock
=== RUN   TestMetaProcessor_ProcessEpochStartMetaBlock/rewards_V2_enabled
--- PASS: TestMetaProcessor_MarshalizedDataToBroadcastShouldWork (0.00s)
=== CONT  TestMetaProcessor_CommitBlockShouldRevertCurrentBlockWhenErr
=== PAUSE TestMetaProcessor_ProcessEpochStartMetaBlock/rewards_V2_enabled
=== RUN   TestMetaProcessor_ProcessEpochStartMetaBlock/rewards_V2_Not_enabled
=== CONT  TestShardProcessor_ProcessBlockWithWrongMiniBlockHeaderShouldErr
=== PAUSE TestMetaProcessor_ProcessEpochStartMetaBlock/rewards_V2_Not_enabled
=== CONT  TestMetaProcessor_ProcessEpochStartMetaBlock/rewards_V2_enabled
=== CONT  TestMetaProcessor_ApplyBodyToHeaderShouldSetEpochStart
=== CONT  TestMetaProcessor_CreateNewHeaderValsOK
=== CONT  TestMetaProcessor_CreateNewHeaderErrWrongTypeAssertion
=== CONT  TestMetaProcessor_ApplyBodyToHeaderShouldWork
=== CONT  TestShardProcessor_ProcessBlockWithMissingMetaHdrShouldErr
=== CONT  TestShardProcessor_ProcessBlockHaveTimeLessThanZeroShouldErr
=== CONT  TestMetaProcessor_CreateAndProcessBlockCallsProcessAfterFirstEpoch
=== CONT  TestBlockProc_RequestTransactionFromNetwork
=== CONT  TestMetaProcessor_CommitBlockOkValsShouldWork
=== CONT  TestNewMetaProcessor_NilRoundNotifierShouldErr
=== CONT  TestNewMetaProcessor_NilEpochStartShouldErr
=== CONT  TestNewMetaProcessor_NilTxCoordinatorShouldErr
=== CONT  TestNewMetaProcessor_NilRequestHeaderHandlerShouldErr
=== CONT  TestMetaProcessor_CheckHeaderBodyCorrelationHashMissmatch
=== CONT  TestNewMetaProcessor_NilChainStorerShouldErr
=== CONT  TestNewMetaProcessor_NilMarshalizerShouldErr
=== CONT  TestNewMetaProcessor_NilHasherShouldErr
=== CONT  TestNewMetaProcessor_NilShardCoordinatorShouldErr
=== CONT  TestShardProcessor_RequestEpochStartInfo
=== CONT  TestNewMetaProcessor_NilValidatorStatisticsProcessorShouldErr
=== RUN   TestShardProcessor_RequestEpochStartInfo/header_is_not_start_of_epoch,_should_not_request_any_header
=== PAUSE TestShardProcessor_RequestEpochStartInfo/header_is_not_start_of_epoch,_should_not_request_any_header
=== CONT  TestMetaProcessor_CheckHeaderBodyCorrelationTxCountMissmatch
=== RUN   TestShardProcessor_RequestEpochStartInfo/meta_epoch_greater_than_header_epoch,_should_not_request_any_header
=== PAUSE TestShardProcessor_RequestEpochStartInfo/meta_epoch_greater_than_header_epoch,_should_not_request_any_header
=== RUN   TestShardProcessor_RequestEpochStartInfo/is_epoch_start,_should_not_request_meta_header
=== PAUSE TestShardProcessor_RequestEpochStartInfo/is_epoch_start,_should_not_request_meta_header
=== CONT  TestNewMetaProcessor_NilEpochRewardsCreatorShouldErr
=== RUN   TestShardProcessor_RequestEpochStartInfo/epoch_start_triggered_while_trying_to_request_header_from_pool
=== PAUSE TestShardProcessor_RequestEpochStartInfo/epoch_start_triggered_while_trying_to_request_header_from_pool
=== RUN   TestShardProcessor_RequestEpochStartInfo/no_time_left
=== PAUSE TestShardProcessor_RequestEpochStartInfo/no_time_left
=== RUN   TestShardProcessor_RequestEpochStartInfo/cannot_get_meta_header_by_hash_first_time,_expect_second_time_is_returned
=== PAUSE TestShardProcessor_RequestEpochStartInfo/cannot_get_meta_header_by_hash_first_time,_expect_second_time_is_returned
=== RUN   TestShardProcessor_RequestEpochStartInfo/get_headers_by_nonce_and_shard_id_from_headers_pool_should_work_without_any_additional_requests
[0;32mINFO [0m[2026-03-16 10:14:04.992]   meta block has been committed successfully [0;32mepoch[0m = 0 [0;32mshard[0m = 4294967295 [0;32mround[0m = 1 [0;32mnonce[0m = 1 [0;32mhash[0m =  
=== PAUSE TestShardProcessor_RequestEpochStartInfo/get_headers_by_nonce_and_shard_id_from_headers_pool_should_work_without_any_additional_requests
=== RUN   TestShardProcessor_RequestEpochStartInfo/cannot_get_header_by_nonce_and_shard_id_from_headers_pool_from_first_try,_request_it_and_expect_we_get_it
=== PAUSE TestShardProcessor_RequestEpochStartInfo/cannot_get_header_by_nonce_and_shard_id_from_headers_pool_from_first_try,_request_it_and_expect_we_get_it
=== CONT  TestNewMetaProcessor_NilEpochValidatorInfoCreatorShouldErr
=== CONT  TestNewMetaProcessor_NilEpochSystemSCProcessorShouldErr
=== CONT  TestNewMetaProcessor_NilEpochStartDataCreatorShouldErr
=== CONT  TestNewMetaProcessor_NilEpochEconomicsShouldErr
=== CONT  TestNewMetaProcessor_NilSCToProtocolShouldErr
=== CONT  TestNewMetaProcessor_NilHeadersDataPoolShouldErr
=== CONT  TestNewMetaProcessor_NilDataPoolShouldErr
=== CONT  TestNewMetaProcessor_NilAccountsAdapterShouldErr
=== CONT  TestMetaProcessor_receivedShardHeader
=== CONT  TestMetaProcessor_computeExistingAndRequestMissingShardHeaders
=== CONT  TestMetaProcessor_CheckHeaderBodyCorrelationReceiverMissmatch
=== CONT  TestNewMetaProcessor_NilForkDetectorShouldErr
=== RUN   TestMetaProcessor_receivedShardHeader/receiving_the_last_used_in_block_shard_header
=== PAUSE TestMetaProcessor_receivedShardHeader/receiving_the_last_used_in_block_shard_header
=== RUN   TestMetaProcessor_receivedShardHeader/shard_header_used_in_block_received,_not_latest
=== CONT  TestBaseProcessor_FilterHeadersWithoutProofs
=== PAUSE TestMetaProcessor_receivedShardHeader/shard_header_used_in_block_received,_not_latest
=== RUN   TestMetaProcessor_receivedShardHeader/all_needed_shard_attestation_headers_received
=== CONT  TestNewMetaProcessor_OkValsShouldWork
=== CONT  TestBaseProcessor_CheckSentSignaturesAtCommitTime
=== RUN   TestBaseProcessor_CheckSentSignaturesAtCommitTime/nodes_coordinator_errors,_should_return_error
=== CONT  TestBaseProcessor_ConcurrentCallsNonceOfFirstCommittedBlock
=== CONT  TestBaseProcessor_checkConstructionStateAndIndexesCorrectness
=== CONT  TestNewMetaProcessor_NilBlockSizeThrottlerShouldErr
=== CONT  TestMetaProcessor_RestoreBlockBodyIntoPoolsShouldWork
=== CONT  TestMetaProcessor_RestoreBlockBodyIntoPoolsShouldErrWhenRestoreBlockDataFromStorageFails
=== CONT  TestNewMetaProcessor_NilPendingMiniBlocksShouldErr
=== CONT  TestMetaProcessor_RestoreBlockBodyIntoPoolsShouldErrNilBlockBody
=== CONT  TestBaseProcessor_setMiniBlockHeaderReservedField
=== RUN   TestBaseProcessor_setMiniBlockHeaderReservedField/scheduledMiniBlocks_flag_not_set
=== PAUSE TestBaseProcessor_setMiniBlockHeaderReservedField/scheduledMiniBlocks_flag_not_set
=== RUN   TestBaseProcessor_setMiniBlockHeaderReservedField/no_scheduled_miniBlock,_miniBlock_Not_executed
=== PAUSE TestBaseProcessor_setMiniBlockHeaderReservedField/no_scheduled_miniBlock,_miniBlock_Not_executed
=== RUN   TestBaseProcessor_setMiniBlockHeaderReservedField/no_scheduled_miniBlock,_miniBlock_executed
=== PAUSE TestBaseProcessor_setMiniBlockHeaderReservedField/no_scheduled_miniBlock,_miniBlock_executed
=== RUN   TestBaseProcessor_setMiniBlockHeaderReservedField/is_scheduled_miniBlock,_different_shardId
=== CONT  TestBaseProcessor_checkScheduledMiniBlockValidity
=== PAUSE TestBaseProcessor_setMiniBlockHeaderReservedField/is_scheduled_miniBlock,_different_shardId
=== RUN   TestBaseProcessor_checkScheduledMiniBlockValidity/scheduledMiniBlocks_flag_not_set
=== RUN   TestBaseProcessor_setMiniBlockHeaderReservedField/is_scheduled_miniBlock,_same_shardId
=== PAUSE TestBaseProcessor_checkScheduledMiniBlockValidity/scheduledMiniBlocks_flag_not_set
=== PAUSE TestBaseProcessor_setMiniBlockHeaderReservedField/is_scheduled_miniBlock,_same_shardId
=== RUN   TestBaseProcessor_checkScheduledMiniBlockValidity/fail_to_calculate_hash
=== CONT  TestBaseProcessor_getScheduledMiniBlocksFromMe
=== RUN   TestBaseProcessor_getScheduledMiniBlocksFromMe/wrong_body_type
=== PAUSE TestBaseProcessor_getScheduledMiniBlocksFromMe/wrong_body_type
=== RUN   TestBaseProcessor_getScheduledMiniBlocksFromMe/should_work
=== PAUSE TestBaseProcessor_getScheduledMiniBlocksFromMe/should_work
=== PAUSE TestBaseProcessor_checkScheduledMiniBlockValidity/fail_to_calculate_hash
=== RUN   TestBaseProcessor_checkScheduledMiniBlockValidity/scheduled_miniblocks_mismatch
--- PASS: TestMetaProcessor_UpdateEpochStartHeader (0.00s)
    --- PASS: TestMetaProcessor_UpdateEpochStartHeader/fail_to_compute_end_of_epoch_economics (0.00s)
    --- PASS: TestMetaProcessor_UpdateEpochStartHeader/should_work (0.00s)
--- PASS: TestMetaProcessor_CommitBlockShouldRevertCurrentBlockWhenErr (0.00s)
=== CONT  TestMetaProcessor_CheckHeaderBodyCorrelationSenderMissmatch
=== CONT  TestBaseProcessor_DisplayHeader
=== RUN   TestMetaProcessor_computeExistingAndRequestMissingShardHeaders/all_referenced_shard_headers_missing
=== CONT  TestNewMetaProcessor_NilBlockProcessingCutoffHandlerShouldErr
=== PAUSE TestMetaProcessor_receivedShardHeader/all_needed_shard_attestation_headers_received
=== CONT  TestNewMetaProcessor_NilScheduledTxsExecutionHandlerShouldErr
=== CONT  TestMetaProcessor_ProcessWithHeaderNotCorrectPrevHashShouldErr
=== CONT  TestBaseProcessor_getIndexOfFirstMiniBlockToBeExecuted
=== CONT  TestBaseProcessor_getFinalMiniBlocks
=== CONT  TestBaseProcessor_ProcessScheduledBlockShouldWork
=== CONT  TestBaseProcessor_ProcessScheduledBlockShouldFail
=== RUN   TestBaseProcessor_ProcessScheduledBlockShouldFail/execute_all_scheduled_txs_fail
=== PAUSE TestBaseProcessor_ProcessScheduledBlockShouldFail/execute_all_scheduled_txs_fail
=== RUN   TestBaseProcessor_ProcessScheduledBlockShouldFail/get_root_hash_fail
=== PAUSE TestBaseProcessor_ProcessScheduledBlockShouldFail/get_root_hash_fail
--- PASS: TestMetaProcessor_CheckHeaderBodyCorrelationSenderMissmatch (0.00s)
=== CONT  TestBaseProcessor_commitTrieEpochRootHashIfNeededShouldUseDataTrieIfNeededWork
--- PASS: TestBaseProcessor_commitTrieEpochRootHashIfNeededShouldUseDataTrieIfNeededWork (0.00s)
=== CONT  TestBaseProcessor_commitTrieEpochRootHashIfNeeded_GetAllLeaves
=== RUN   TestBaseProcessor_commitTrieEpochRootHashIfNeeded_GetAllLeaves/error_on_getting_the_leaves
=== PAUSE TestBaseProcessor_commitTrieEpochRootHashIfNeeded_GetAllLeaves/error_on_getting_the_leaves
=== RUN   TestBaseProcessor_commitTrieEpochRootHashIfNeeded_GetAllLeaves/error_on_trie_iterator_chan
=== PAUSE TestBaseProcessor_commitTrieEpochRootHashIfNeeded_GetAllLeaves/error_on_trie_iterator_chan
=== RUN   TestBaseProcessor_DisplayHeader/shard_header_with_proof_info
=== PAUSE TestBaseProcessor_DisplayHeader/shard_header_with_proof_info
=== RUN   TestBaseProcessor_DisplayHeader/meta_header_with_proof_info
=== PAUSE TestBaseProcessor_DisplayHeader/meta_header_with_proof_info
--- PASS: TestNewMetaProcessor_NilBlockProcessingCutoffHandlerShouldErr (0.00s)
=== CONT  TestBaseProcessor_commitTrieEpochRootHashIfNeededCannotFindUserAccountStateShouldErr
--- PASS: TestBaseProcessor_commitTrieEpochRootHashIfNeededCannotFindUserAccountStateShouldErr (0.00s)
=== CONT  TestBaseProcessor_commitTrieEpochRootHashIfNeededDisabledStorerShouldNotErr
--- PASS: TestBaseProcessor_commitTrieEpochRootHashIfNeededDisabledStorerShouldNotErr (0.00s)
=== CONT  TestBaseProcessor_commitTrieEpochRootHashIfNeededNilStorerShouldErr
--- PASS: TestBaseProcessor_commitTrieEpochRootHashIfNeededNilStorerShouldErr (0.00s)
=== CONT  TestAddHeaderIntoTrackerPool_ShouldWork
--- PASS: TestAddHeaderIntoTrackerPool_ShouldWork (0.00s)
=== CONT  TestBlockProcessor_RequestHeadersIfMissingShouldWork
=== RUN   TestMetaProcessor_receivedShardHeader/all_needed_shard_attestation_headers_received,_when_multiple_shards_headers_missing
=== PAUSE TestMetaProcessor_receivedShardHeader/all_needed_shard_attestation_headers_received,_when_multiple_shards_headers_missing
--- PASS: TestNewMetaProcessor_NilScheduledTxsExecutionHandlerShouldErr (0.00s)
=== CONT  TestBlockProcessor_PruneStateOnRollbackPrunesPeerTrieIfSameRootHashButDifferentValidatorRootHash
--- PASS: TestBlockProcessor_PruneStateOnRollbackPrunesPeerTrieIfSameRootHashButDifferentValidatorRootHash (0.00s)
=== CONT  TestBlockProcessor_PruneStateOnRollbackPrunesPeerTrieIfAccPruneIsDisabled
--- PASS: TestBlockProcessor_PruneStateOnRollbackPrunesPeerTrieIfAccPruneIsDisabled (0.00s)
=== CONT  TestShardProcessor_ProcessBlockEpochDoesNotMatchShouldErrMetaHashDoesNotMatchForOldEpoch
--- PASS: TestShardProcessor_ProcessBlockEpochDoesNotMatchShouldErrMetaHashDoesNotMatchForOldEpoch (0.00s)
=== CONT  TestShardProcessor_ProcessBlockEpochDoesNotMatchShouldErrMetaHashDoesNotMatch
[0;33mWARN [0m[2026-03-16 10:14:04.999]   epoch start meta hash mismatch           [0;33mproposed[0m = 65706f6368537461727448617368 [0;33mcalculated[0m =  
--- PASS: TestShardProcessor_ProcessBlockEpochDoesNotMatchShouldErrMetaHashDoesNotMatch (0.00s)
=== CONT  TestShardProcessor_ProcessBlockEpochDoesNotMatchShouldErr3
--- PASS: TestShardProcessor_ProcessBlockEpochDoesNotMatchShouldErr3 (0.00s)
=== CONT  TestShardProcessor_ProcessBlockEpochDoesNotMatchShouldErr2
=== CONT  TestBlockProcessor_RequestHeadersIfMissingShouldWorkWhenSortedHeadersListIsEmpty
--- PASS: TestMetaProcessor_ProcessWithHeaderNotCorrectPrevHashShouldErr (0.00s)
=== CONT  TestShardProcessor_ProcessBlockEpochDoesNotMatchShouldErr
--- PASS: TestShardProcessor_ProcessBlockEpochDoesNotMatchShouldErr (0.00s)
=== CONT  TestBaseProcessor_SaveLastNotarizedHdrMetaGood
=== RUN   TestBaseProcessor_getIndexOfFirstMiniBlockToBeExecuted/scheduledMiniBlocks_flag_not_set
=== PAUSE TestBaseProcessor_getIndexOfFirstMiniBlockToBeExecuted/scheduledMiniBlocks_flag_not_set
=== RUN   TestBaseProcessor_getIndexOfFirstMiniBlockToBeExecuted/scheduledMiniBlocks_flag_is_set,_empty_block
=== PAUSE TestBaseProcessor_getIndexOfFirstMiniBlockToBeExecuted/scheduledMiniBlocks_flag_is_set,_empty_block
=== RUN   TestBaseProcessor_getIndexOfFirstMiniBlockToBeExecuted/get_first_index_for_the_miniBlockHeader_which_is_not_processed_executionType
=== PAUSE TestBaseProcessor_getIndexOfFirstMiniBlockToBeExecuted/get_first_index_for_the_miniBlockHeader_which_is_not_processed_executionType
=== RUN   TestBaseProcessor_getFinalMiniBlocks/scheduledMiniBlocks_flag_not_set
=== PAUSE TestBaseProcessor_getFinalMiniBlocks/scheduledMiniBlocks_flag_not_set
--- PASS: TestBaseProcessor_SaveLastNotarizedHdrMetaGood (0.00s)
=== RUN   TestBaseProcessor_getFinalMiniBlocks/scheduledMiniBlocks_flag_is_set,_empty_body
=== CONT  TestBaseProcessor_SaveLastNotarizedInMultiShardHdrsSliceForShardIsNil
=== PAUSE TestBaseProcessor_getFinalMiniBlocks/scheduledMiniBlocks_flag_is_set,_empty_body
=== CONT  TestBaseProcessor_commitTrieEpochRootHashIfNeededShouldWork
=== RUN   TestBaseProcessor_getFinalMiniBlocks/should_work
=== PAUSE TestBaseProcessor_getFinalMiniBlocks/should_work
=== PAUSE TestBaseProcessor_checkScheduledMiniBlockValidity/scheduled_miniblocks_mismatch
=== RUN   TestBaseProcessor_checkScheduledMiniBlockValidity/num_header_miniblocks_lower_than_scheduled_miniblocks,_should_fail
=== PAUSE TestBaseProcessor_checkScheduledMiniBlockValidity/num_header_miniblocks_lower_than_scheduled_miniblocks,_should_fail
=== RUN   TestBaseProcessor_checkScheduledMiniBlockValidity/same_hash,_should_work
=== PAUSE TestBaseProcessor_checkScheduledMiniBlockValidity/same_hash,_should_work
=== CONT  TestBaseProcessor_updateState
=== CONT  TestBlockProcessor_computeHeaderHashMarshalizerFail1ShouldErr
=== CONT  TestBaseProcessor_RemoveHeadersBehindNonceFromPools
=== CONT  TestBaseProcessor_RevertStateRecreateTrieFailsShouldErr
=== CONT  TestBaseProcessor_SetProcessingTypeAndConstructionStateForNormalMb
=== RUN   TestBaseProcessor_SetProcessingTypeAndConstructionStateForNormalMb/set_processing/construction_for_normal_mini_blocks_not_processed,_should_work
=== PAUSE TestBaseProcessor_SetProcessingTypeAndConstructionStateForNormalMb/set_processing/construction_for_normal_mini_blocks_not_processed,_should_work
=== RUN   TestBaseProcessor_SetProcessingTypeAndConstructionStateForNormalMb/set_processing/construction_for_normal_mini_blocks_already_processed,_should_work
=== PAUSE TestBaseProcessor_SetProcessingTypeAndConstructionStateForNormalMb/set_processing/construction_for_normal_mini_blocks_already_processed,_should_work
=== CONT  TestBaseProcessor_SetProcessingTypeAndConstructionStateForScheduledMb
=== CONT  TestBaseProcessor_SetIndexOfLastTxProcessed
=== CONT  TestBaseProcessor_SetIndexOfFirstTxProcessed
=== CONT  TestVerifyStateRoot_ShouldWork
=== CONT  TestBlockProcessor_CheckBlockValidity
=== CONT  TestCheckProcessorNilParameters
=== CONT  TestMetrics_IncrementMetricCountConsensusAcceptedBlocks
=== RUN   TestMetrics_IncrementMetricCountConsensusAcceptedBlocks/nodes_coordinator_returns_error_should_early_exit
=== PAUSE TestMetrics_IncrementMetricCountConsensusAcceptedBlocks/nodes_coordinator_returns_error_should_early_exit
=== RUN   TestMetrics_IncrementMetricCountConsensusAcceptedBlocks/should_work
=== PAUSE TestMetrics_IncrementMetricCountConsensusAcceptedBlocks/should_work
=== CONT  TestMetrics_CalculateRoundDuration
=== CONT  TestTransactionCounter_HeaderExecutedAndReverted
=== RUN   TestTransactionCounter_HeaderExecutedAndReverted/headerExecuted
=== PAUSE TestTransactionCounter_HeaderExecutedAndReverted/headerExecuted
=== RUN   TestTransactionCounter_HeaderExecutedAndReverted/headerReverted
=== PAUSE TestTransactionCounter_HeaderExecutedAndReverted/headerReverted
=== RUN   TestTransactionCounter_HeaderExecutedAndReverted/headerExecuted_then_headerReverted
=== PAUSE TestTransactionCounter_HeaderExecutedAndReverted/headerExecuted_then_headerReverted
=== CONT  TestDisplayBlock_ConcurrencyTestForTotalTxs
=== CONT  TestBaseProcessor_SaveLastNotarizedHdrShardGood
=== CONT  TestDisplayBlock_DisplayTxBlockBody
=== CONT  TestDisplayBlock_DisplayMetaHashesIncluded
=== CONT  TestDisplayBlock_NewTransactionCounterShouldWork
=== CONT  TestDisplayBlock_NewTransactionCounterShouldErrWhenAppStatusHandlerIsNil
=== CONT  TestDisplayBlock_NewTransactionCounterShouldErrWhenMarshalizerIsNil
=== CONT  TestMetaProcessor_ProcessWithHeaderNotCorrectNonceShouldErr
=== CONT  TestMetaProcessor_ProcessWithHeaderNotFirstShouldErr
=== CONT  TestBlockProcessor_RequestHeadersIfMissingShouldAddHeaderIntoTrackerPool
=== CONT  TestMetaProcessor_ProcessBlockWithNilHaveTimeFuncShouldErr
=== CONT  TestMetaProcessor_ProcessBlockWithNilBlockBodyShouldErr
=== CONT  TestMetaProcessor_ProcessBlockWithNilHeaderShouldErr
=== CONT  TestMetaProcessor_CheckHeaderBodyCorrelationNilMiniBlock
=== CONT  TestMetaProcessor_CheckHeaderBodyCorrelationShouldPass
=== CONT  TestMetaProcessor_RequestShardHeadersIfNeededShouldAddHeaderIntoTrackerPool
=== CONT  TestMetaProcessor_CreateBlockCreateHeaderProcessBlock
=== CONT  TestMetaProcess_CreateNewBlockHeaderProcessHeaderExpectCheckRoundCalled
=== CONT  TestMetaProcessor_VerifyCrossShardMiniBlocksDstMe
=== CONT  TestMetaProcessor_ProcessBlockNoShardHeadersReceivedShouldErr
=== CONT  TestMetaProcessor_ProcessBlockWrongHeaderShouldErr
=== CONT  TestMetaProcessor_CreateMiniBlocksDestMe
=== CONT  TestMetaProcessor_CreateMiniBlocksNoTimeShouldReturnEmptyBody
=== CONT  TestMetaProcessor_ProcessWithDirtyAccountShouldErr
=== CONT  TestMetaProcessor_CreateMiniBlocksJournalLenNotZeroShouldReturnEmptyBody
[0;31mERROR[0m[2026-03-16 10:14:05.001]   metaProcessor.ProcessBlock first entry   [0;31mstack[0m =  
=== CONT  TestMetaProcessor_UpdateShardsHeadersNonce_ShouldWork
=== CONT  TestMetaProcessor_DecodeBlockHeader
=== CONT  TestMetaProcessor_DecodeBlockBody
=== CONT  TestMetaProcessor_IsHdrConstructionValid
=== CONT  TestMetaProcessor_CheckShardHeadersFinality
=== CONT  TestMetaProcessor_CheckShardHeadersValidityRoundZeroLastNoted
=== CONT  TestMetaProcessor_CheckShardHeadersValidityWrongNonceFromLastNoted
=== CONT  TestMetaProcessor_CheckShardHeadersValidity
=== CONT  TestMetaProcessor_CreateLastNotarizedHdrs
=== CONT  TestMetaProcessor_RestoreBlockIntoPoolsShouldWork
=== CONT  TestMetaProcessor_RestoreBlockIntoPoolsShouldErrNilMetaBlockHeader
=== CONT  TestMetaProcessor_CreateShardInfoEmptyBlockHDRRoundTooHigh
=== CONT  TestMetaProcessor_CreateShardInfoShouldWorkHdrsAdded
--- PASS: TestShardProcessor_ProcessBlockWithWrongMiniBlockHeaderShouldErr (0.00s)
--- PASS: TestMetaProcessor_CreateNewHeaderValsOK (0.00s)
--- PASS: TestMetaProcessor_ApplyBodyToHeaderShouldSetEpochStart (0.00s)
--- PASS: TestMetaProcessor_CreateNewHeaderErrWrongTypeAssertion (0.00s)
--- PASS: TestMetaProcessor_ApplyBodyToHeaderShouldWork (0.00s)
--- PASS: TestShardProcessor_ProcessBlockHaveTimeLessThanZeroShouldErr (0.00s)
--- PASS: TestBlockProc_RequestTransactionFromNetwork (0.00s)
--- PASS: TestNewMetaProcessor_NilRoundNotifierShouldErr (0.00s)
--- PASS: TestNewMetaProcessor_NilEpochStartShouldErr (0.00s)
--- PASS: TestNewMetaProcessor_NilTxCoordinatorShouldErr (0.00s)
--- PASS: TestNewMetaProcessor_NilRequestHeaderHandlerShouldErr (0.00s)
--- PASS: TestNewMetaProcessor_NilChainStorerShouldErr (0.00s)
--- PASS: TestMetaProcessor_CheckHeaderBodyCorrelationHashMissmatch (0.00s)
--- PASS: TestNewMetaProcessor_NilHasherShouldErr (0.00s)
--- PASS: TestNewMetaProcessor_NilMarshalizerShouldErr (0.00s)
--- PASS: TestNewMetaProcessor_NilShardCoordinatorShouldErr (0.00s)
--- PASS: TestNewMetaProcessor_NilValidatorStatisticsProcessorShouldErr (0.00s)
--- PASS: TestMetaProcessor_CheckHeaderBodyCorrelationTxCountMissmatch (0.00s)
--- PASS: TestNewMetaProcessor_NilEpochRewardsCreatorShouldErr (0.00s)
--- PASS: TestNewMetaProcessor_NilEpochValidatorInfoCreatorShouldErr (0.00s)
--- PASS: TestNewMetaProcessor_NilEpochSystemSCProcessorShouldErr (0.00s)
--- PASS: TestNewMetaProcessor_NilSCToProtocolShouldErr (0.00s)
--- PASS: TestNewMetaProcessor_NilEpochEconomicsShouldErr (0.00s)
--- PASS: TestNewMetaProcessor_NilEpochStartDataCreatorShouldErr (0.00s)
--- PASS: TestNewMetaProcessor_NilHeadersDataPoolShouldErr (0.00s)
--- PASS: TestNewMetaProcessor_NilDataPoolShouldErr (0.00s)
--- PASS: TestNewMetaProcessor_NilAccountsAdapterShouldErr (0.00s)
--- PASS: TestNewMetaProcessor_NilForkDetectorShouldErr (0.00s)
--- PASS: TestMetaProcessor_CheckHeaderBodyCorrelationReceiverMissmatch (0.00s)
--- PASS: TestBaseProcessor_FilterHeadersWithoutProofs (0.00s)
--- PASS: TestNewMetaProcessor_OkValsShouldWork (0.00s)
=== NAME  TestMetaProcessor_CreateMiniBlocksDestMe
    metablock_test.go:2596: The block: &block.Body{MiniBlocks: []*block.MiniBlock{&block.MiniBlock{TxHashes: [][]uint8{[]uint8{0x68, 0x61, 0x73, 0x68, 0x31}},
        ReceiverShardID: 0x0,
        SenderShardID: 0x0,
        Type: 0,
        Reserved: []byte(nil),
        }, &block.MiniBlock{TxHashes: [][]uint8{[]uint8{0x68, 0x61, 0x73, 0x68, 0x32}},
        ReceiverShardID: 0x0,
        SenderShardID: 0x0,
        Type: 0,
        Reserved: []byte(nil),
        }},
        }
--- PASS: TestMetaProcessor_CreateMiniBlocksDestMe (0.00s)
=== CONT  TestMetaProcessor_CreateShardInfoShouldWorkNoHdrAddedNotFinal
--- PASS: TestNewMetaProcessor_NilBlockSizeThrottlerShouldErr (0.00s)
--- PASS: TestBaseProcessor_checkConstructionStateAndIndexesCorrectness (0.00s)
--- PASS: TestMetaProcessor_RestoreBlockBodyIntoPoolsShouldWork (0.00s)
--- PASS: TestMetaProcessor_RestoreBlockBodyIntoPoolsShouldErrWhenRestoreBlockDataFromStorageFails (0.00s)
--- PASS: TestMetaProcessor_RestoreBlockBodyIntoPoolsShouldErrNilBlockBody (0.00s)
--- PASS: TestNewMetaProcessor_NilPendingMiniBlocksShouldErr (0.00s)
--- PASS: TestMetaProcessor_CreateAndProcessBlockCallsProcessAfterFirstEpoch (0.00s)
--- PASS: TestBaseProcessor_ProcessScheduledBlockShouldWork (0.00s)
--- PASS: TestBaseProcessor_commitTrieEpochRootHashIfNeededShouldWork (0.00s)
--- PASS: TestBlockProcessor_computeHeaderHashMarshalizerFail1ShouldErr (0.00s)
--- PASS: TestBaseProcessor_updateState (0.00s)
--- PASS: TestBaseProcessor_RemoveHeadersBehindNonceFromPools (0.00s)
--- PASS: TestBaseProcessor_RevertStateRecreateTrieFailsShouldErr (0.00s)
--- PASS: TestBaseProcessor_SetProcessingTypeAndConstructionStateForScheduledMb (0.00s)
--- PASS: TestBaseProcessor_SetIndexOfLastTxProcessed (0.00s)
--- PASS: TestBaseProcessor_SetIndexOfFirstTxProcessed (0.00s)
--- PASS: TestVerifyStateRoot_ShouldWork (0.00s)
--- PASS: TestBlockProcessor_CheckBlockValidity (0.00s)
--- PASS: TestMetrics_CalculateRoundDuration (0.00s)
--- PASS: TestBaseProcessor_SaveLastNotarizedHdrShardGood (0.00s)
--- PASS: TestDisplayBlock_DisplayTxBlockBody (0.00s)
--- PASS: TestDisplayBlock_DisplayMetaHashesIncluded (0.00s)
--- PASS: TestDisplayBlock_NewTransactionCounterShouldWork (0.00s)
--- PASS: TestDisplayBlock_NewTransactionCounterShouldErrWhenAppStatusHandlerIsNil (0.00s)
--- PASS: TestDisplayBlock_NewTransactionCounterShouldErrWhenMarshalizerIsNil (0.00s)
--- PASS: TestCheckProcessorNilParameters (0.00s)
--- PASS: TestMetaProcessor_ProcessWithHeaderNotCorrectNonceShouldErr (0.00s)
--- PASS: TestMetaProcessor_ProcessWithHeaderNotFirstShouldErr (0.00s)
--- PASS: TestMetaProcessor_ProcessBlockWithNilHaveTimeFuncShouldErr (0.00s)
--- PASS: TestMetaProcessor_ProcessBlockWithNilBlockBodyShouldErr (0.00s)
--- PASS: TestMetaProcessor_ProcessBlockWithNilHeaderShouldErr (0.00s)
--- PASS: TestBlockProcessor_RequestHeadersIfMissingShouldAddHeaderIntoTrackerPool (0.00s)
--- PASS: TestMetaProcessor_CheckHeaderBodyCorrelationShouldPass (0.00s)
--- PASS: TestMetaProcessor_CheckHeaderBodyCorrelationNilMiniBlock (0.00s)
--- PASS: TestMetaProcessor_RequestShardHeadersIfNeededShouldAddHeaderIntoTrackerPool (0.00s)
--- PASS: TestMetaProcessor_CreateBlockCreateHeaderProcessBlock (0.00s)
--- PASS: TestMetaProcess_CreateNewBlockHeaderProcessHeaderExpectCheckRoundCalled (0.00s)
--- PASS: TestMetaProcessor_VerifyCrossShardMiniBlocksDstMe (0.00s)
--- PASS: TestMetaProcessor_ProcessBlockWrongHeaderShouldErr (0.00s)
--- PASS: TestBaseProcessor_SaveLastNotarizedInMultiShardHdrsSliceForShardIsNil (0.00s)
--- PASS: TestMetaProcessor_CreateMiniBlocksNoTimeShouldReturnEmptyBody (0.00s)
--- PASS: TestMetaProcessor_ProcessWithDirtyAccountShouldErr (0.00s)
--- PASS: TestMetaProcessor_CreateMiniBlocksJournalLenNotZeroShouldReturnEmptyBody (0.00s)
--- PASS: TestMetaProcessor_UpdateShardsHeadersNonce_ShouldWork (0.00s)
--- PASS: TestMetaProcessor_DecodeBlockHeader (0.00s)
--- PASS: TestMetaProcessor_DecodeBlockBody (0.00s)
--- PASS: TestMetaProcessor_IsHdrConstructionValid (0.00s)
--- PASS: TestMetaProcessor_CheckShardHeadersFinality (0.00s)
--- PASS: TestMetaProcessor_CheckShardHeadersValidityRoundZeroLastNoted (0.00s)
--- PASS: TestMetaProcessor_CheckShardHeadersValidityWrongNonceFromLastNoted (0.00s)
--- PASS: TestMetaProcessor_CheckShardHeadersValidity (0.00s)
--- PASS: TestMetaProcessor_CreateLastNotarizedHdrs (0.00s)
--- PASS: TestMetaProcessor_RestoreBlockIntoPoolsShouldWork (0.00s)
--- PASS: TestMetaProcessor_RestoreBlockIntoPoolsShouldErrNilMetaBlockHeader (0.00s)
=== CONT  TestBaseProcessor_SaveLastNotarizedInOneShardHdrsSliceForShardIsNil
--- PASS: TestMetaProcessor_CreateShardInfoShouldWorkNoHdrAddedNotFinal (0.00s)
=== CONT  TestMetaProcessor_CreateShardInfoShouldWorkNoHdrAddataRetrieverMockdedNotValid
--- PASS: TestBaseProcessor_SaveLastNotarizedInOneShardHdrsSliceForShardIsNil (0.00s)
=== CONT  TestMetaProcessor_ProcessEpochStartMetaBlock/rewards_V2_Not_enabled
--- PASS: TestMetaProcessor_ProcessEpochStartMetaBlock (0.00s)
    --- PASS: TestMetaProcessor_ProcessEpochStartMetaBlock/rewards_V2_enabled (0.00s)
    --- PASS: TestMetaProcessor_ProcessEpochStartMetaBlock/rewards_V2_Not_enabled (0.00s)
=== CONT  TestMetaProcessor_CommitBlockStorageFailsForHeaderShouldNotReturnError
--- PASS: TestMetaProcessor_CreateShardInfoShouldWorkNoHdrAddataRetrieverMockdedNotValid (0.00s)
=== CONT  TestMetaProcessor_CommitBlockNoTxInPoolShouldErr
[0;33mWARN [0m[2026-03-16 10:14:05.003]   saveMetaHeader.Put -> MetaBlockUnit      [0;33merr[0m = failure 
[0;32mINFO [0m[2026-03-16 10:14:05.003]   meta block has been committed successfully [0;32mepoch[0m = 0 [0;32mshard[0m = 4294967295 [0;32mround[0m = 1 [0;32mnonce[0m = 1 [0;32mhash[0m =  
--- PASS: TestMetaProcessor_CommitBlockStorageFailsForHeaderShouldNotReturnError (0.00s)
=== CONT  TestShardProcessor_ProcessBlockWithNilHaveTimeFuncShouldErr
--- PASS: TestMetaProcessor_CommitBlockNoTxInPoolShouldErr (0.00s)
=== CONT  TestShardProcessor_ProcessBlockCrossShardWithMetaShouldPass
--- PASS: TestShardProcessor_ProcessBlockWithNilHaveTimeFuncShouldErr (0.00s)
=== CONT  TestShardProcessor_ProcessBlockCrossShardWithoutMetaShouldFail
--- PASS: TestShardProcessor_ProcessBlockCrossShardWithoutMetaShouldFail (0.00s)
--- PASS: TestShardProcessor_ProcessBlockCrossShardWithMetaShouldPass (0.00s)
=== CONT  TestShardProcessor_ProcessBlockWithErrOnVerifyStateRootCallShouldRevertState
=== PAUSE TestMetaProcessor_computeExistingAndRequestMissingShardHeaders/all_referenced_shard_headers_missing
--- PASS: TestShardProcessor_ProcessBlockWithErrOnVerifyStateRootCallShouldRevertState (0.00s)
=== CONT  TestShardProcessor_ProcessBlockWithErrOnProcessBlockTransactionsCallShouldRevertState
=== RUN   TestMetaProcessor_computeExistingAndRequestMissingShardHeaders/one_referenced_shard_header_present_and_one_missing
=== PAUSE TestMetaProcessor_computeExistingAndRequestMissingShardHeaders/one_referenced_shard_header_present_and_one_missing
=== CONT  TestBlockPorcessor_ComputeNewNoncePrevHashShouldWork
=== RUN   TestBaseProcessor_CheckSentSignaturesAtCommitTime/should_work_with_bitmap
--- PASS: TestBlockPorcessor_ComputeNewNoncePrevHashShouldWork (0.00s)
=== CONT  TestShardProcessor_ProcessWithHeaderNotCorrectPrevHashShouldErr
--- PASS: TestShardProcessor_ProcessWithHeaderNotCorrectPrevHashShouldErr (0.00s)
=== CONT  TestShardProcessor_ProcessWithHeaderNotCorrectNonceShouldErr
--- PASS: TestBaseProcessor_CheckSentSignaturesAtCommitTime (0.01s)
    --- PASS: TestBaseProcessor_CheckSentSignaturesAtCommitTime/nodes_coordinator_errors,_should_return_error (0.00s)
    --- PASS: TestBaseProcessor_CheckSentSignaturesAtCommitTime/should_work_with_bitmap (0.00s)
=== CONT  TestShardProcessor_ProcessWithHeaderNotFirstShouldErr
--- PASS: TestShardProcessor_ProcessWithHeaderNotFirstShouldErr (0.00s)
=== CONT  TestShardProcessor_ProcessBlockWithInvalidTransactionShouldErr
--- PASS: TestShardProcessor_ProcessWithHeaderNotCorrectNonceShouldErr (0.00s)
=== CONT  TestShardProcessor_ProcessBlockHeaderBodyMismatchShouldErr
--- PASS: TestShardProcessor_ProcessBlockHeaderBodyMismatchShouldErr (0.00s)
=== CONT  TestShardProcessor_ProcessWithDirtyAccountShouldErr
[0;31mERROR[0m[2026-03-16 10:14:05.004]   shardProcessor.ProcessBlock first entry  [0;31mstack[0m =  
--- PASS: TestShardProcessor_ProcessWithDirtyAccountShouldErr (0.00s)
=== CONT  TestShardProcess_CreateNewBlockHeaderProcessHeaderExpectCheckRoundCalled
--- PASS: TestShardProcessor_ProcessBlockWithInvalidTransactionShouldErr (0.00s)
=== CONT  TestMetaProcessor_CrossChecksBlockHeightsMetrics
--- PASS: TestShardProcess_CreateNewBlockHeaderProcessHeaderExpectCheckRoundCalled (0.00s)
=== CONT  TestShardProcessor_ProcessBlockWithNilBlockBodyShouldErr
--- PASS: TestMetaProcessor_CrossChecksBlockHeightsMetrics (0.00s)
=== CONT  TestShardProcessor_ProcessBlockWithNilHeaderShouldErr
--- PASS: TestShardProcessor_ProcessBlockWithNilBlockBodyShouldErr (0.00s)
=== CONT  TestNewShardProcessor
--- PASS: TestShardProcessor_ProcessBlockWithNilHeaderShouldErr (0.00s)
=== CONT  TestShardProcessor_receivedMetaBlock
=== RUN   TestShardProcessor_receivedMetaBlock/received_non_referenced_metaBlock,_while_still_having_missing_referenced_metaBlocks
=== PAUSE TestShardProcessor_receivedMetaBlock/received_non_referenced_metaBlock,_while_still_having_missing_referenced_metaBlocks
=== RUN   TestShardProcessor_receivedMetaBlock/received_missing_referenced_metaBlock,_other_referenced_metaBlock_still_missing
=== PAUSE TestShardProcessor_receivedMetaBlock/received_missing_referenced_metaBlock,_other_referenced_metaBlock_still_missing
=== RUN   TestShardProcessor_receivedMetaBlock/received_non_missing_referenced_metaBlock
=== PAUSE TestShardProcessor_receivedMetaBlock/received_non_missing_referenced_metaBlock
=== RUN   TestShardProcessor_receivedMetaBlock/received_missing_attestation_metaBlock
=== PAUSE TestShardProcessor_receivedMetaBlock/received_missing_attestation_metaBlock
=== CONT  TestShardProcessor_ProcessBlockOnlyIntraShardShouldPass
--- PASS: TestNewShardProcessor (0.00s)
=== CONT  TestShardProcessor_RequestMissingFinalityAttestingHeaders
=== RUN   TestShardProcessor_RequestMissingFinalityAttestingHeaders/missing_attesting_meta_header
=== PAUSE TestShardProcessor_RequestMissingFinalityAttestingHeaders/missing_attesting_meta_header
=== RUN   TestShardProcessor_RequestMissingFinalityAttestingHeaders/no_missing_attesting_meta_header
=== PAUSE TestShardProcessor_RequestMissingFinalityAttestingHeaders/no_missing_attesting_meta_header
=== CONT  TestShardProcessor_GetProcessedMetaBlockFromPoolShouldWork
--- PASS: TestShardProcessor_ProcessBlockOnlyIntraShardShouldPass (0.00s)
=== CONT  TestShardProcessor_checkEpochCorrectnessCrossChainInCorrectEpochRollback1Block
--- PASS: TestShardProcessor_GetProcessedMetaBlockFromPoolShouldWork (0.00s)
=== CONT  TestShardProcessor_checkEpochCorrectnessCrossChainInCorrectEpochStorageError
--- PASS: TestShardProcessor_checkEpochCorrectnessCrossChainInCorrectEpochRollback1Block (0.00s)
=== CONT  TestShardProcessor_checkEpochCorrectnessCrossChainCorrectEpoch
--- PASS: TestShardProcessor_checkEpochCorrectnessCrossChainInCorrectEpochStorageError (0.00s)
=== CONT  TestShardProcessor_checkEpochCorrectnessCrossChainNilCurrentBlock
=== CONT  TestShardProcessor_computeExistingAndRequestMissingMetaHeaders
--- PASS: TestShardProcessor_checkEpochCorrectnessCrossChainCorrectEpoch (0.00s)
=== CONT  TestShardProcessor_updateStateStorage
=== RUN   TestShardProcessor_computeExistingAndRequestMissingMetaHeaders/one_referenced_metaBlock_missing_will_be_requested
=== PAUSE TestShardProcessor_computeExistingAndRequestMissingMetaHeaders/one_referenced_metaBlock_missing_will_be_requested
=== RUN   TestShardProcessor_computeExistingAndRequestMissingMetaHeaders/multiple_referenced_metaBlocks_missing_will_be_requested
--- PASS: TestShardProcessor_checkEpochCorrectnessCrossChainNilCurrentBlock (0.00s)
=== PAUSE TestShardProcessor_computeExistingAndRequestMissingMetaHeaders/multiple_referenced_metaBlocks_missing_will_be_requested
=== CONT  TestShardProcessor_RestoreMetaBlockIntoPoolVerifyMiniblocks
=== RUN   TestShardProcessor_computeExistingAndRequestMissingMetaHeaders/all_referenced_metaBlocks_existing_with_missing_attestation,_will_request_the_attestation_metaBlock
=== PAUSE TestShardProcessor_computeExistingAndRequestMissingMetaHeaders/all_referenced_metaBlocks_existing_with_missing_attestation,_will_request_the_attestation_metaBlock
=== RUN   TestShardProcessor_computeExistingAndRequestMissingMetaHeaders/all_referenced_metaBlocks_existing_and_existing_attestation_metaBlock_will_not_request
=== PAUSE TestShardProcessor_computeExistingAndRequestMissingMetaHeaders/all_referenced_metaBlocks_existing_and_existing_attestation_metaBlock_will_not_request
=== RUN   TestMetaProcessor_computeExistingAndRequestMissingShardHeaders/all_referenced_shard_headers_present,_all_attestation_headers_missing
=== PAUSE TestMetaProcessor_computeExistingAndRequestMissingShardHeaders/all_referenced_shard_headers_present,_all_attestation_headers_missing
=== RUN   TestMetaProcessor_computeExistingAndRequestMissingShardHeaders/all_referenced_shard_headers_present,_one_attestation_header_missing
=== PAUSE TestMetaProcessor_computeExistingAndRequestMissingShardHeaders/all_referenced_shard_headers_present,_one_attestation_header_missing
=== RUN   TestMetaProcessor_computeExistingAndRequestMissingShardHeaders/all_referenced_shard_headers_present,_all_attestation_headers_present
=== PAUSE TestMetaProcessor_computeExistingAndRequestMissingShardHeaders/all_referenced_shard_headers_present,_all_attestation_headers_present
=== CONT  TestShardProcessor_GetHighestHdrForOwnShardFromMetachaiMetaHdrsWithOwnHdrStored
--- PASS: TestShardProcessor_updateStateStorage (0.00s)
=== CONT  TestShardProcessor_RequestEpochStartInfo/header_is_not_start_of_epoch,_should_not_request_any_header
=== CONT  TestShardProcessor_GetHighestHdrForOwnShardFromMetachaiMetaHdrsWithOwnHdrButNotStored
--- PASS: TestShardProcessor_RestoreMetaBlockIntoPoolVerifyMiniblocks (0.00s)
=== CONT  TestShardProcessor_GetHighestHdrForOwnShardFromMetachaiMetaHdrsWithoutOwnHdr
--- PASS: TestShardProcessor_GetHighestHdrForOwnShardFromMetachaiMetaHdrsWithOwnHdrStored (0.00s)
=== CONT  TestShardProcessor_GetHighestHdrForOwnShardFromMetachainNothingToProcess
--- PASS: TestShardProcessor_GetHighestHdrForOwnShardFromMetachaiMetaHdrsWithOwnHdrButNotStored (0.00s)
=== CONT  TestShardPreprocessor_getAllMiniBlockDstMeFromMetaShouldPass
--- PASS: TestShardProcessor_GetHighestHdrForOwnShardFromMetachainNothingToProcess (0.00s)
=== CONT  TestShardProcessor_RestoreMetaBlockIntoPoolShouldPass
--- PASS: TestShardPreprocessor_getAllMiniBlockDstMeFromMetaShouldPass (0.00s)
=== CONT  TestShardProcessor_CheckHeaderBodyCorrelationShouldPass
=== CONT  TestShardProcessor_CheckHeaderBodyCorrelationNilMiniBlock
=== CONT  TestShardProcessor_CheckHeaderBodyCorrelationHashMissmatch
=== CONT  TestShardProcessor_CheckHeaderBodyCorrelationSenderMissmatch
=== CONT  TestShardProcessor_CheckHeaderBodyCorrelationTxCountMissmatch
=== CONT  TestShardProcessor_CheckHeaderBodyCorrelationReceiverMissmatch
=== CONT  TestShardProcessor_RemoveAndSaveLastNotarizedMetaHdrAllMBFinished
--- PASS: TestShardProcessor_GetHighestHdrForOwnShardFromMetachaiMetaHdrsWithoutOwnHdr (0.00s)
--- PASS: TestShardProcessor_RestoreMetaBlockIntoPoolShouldPass (0.00s)
--- PASS: TestShardProcessor_CheckHeaderBodyCorrelationSenderMissmatch (0.01s)
--- PASS: TestMetaProcessor_CreateShardInfoEmptyBlockHDRRoundTooHigh (0.01s)
--- PASS: TestShardProcessor_CheckHeaderBodyCorrelationShouldPass (0.00s)
--- PASS: TestShardProcessor_CheckHeaderBodyCorrelationHashMissmatch (0.00s)
--- PASS: TestShardProcessor_CheckHeaderBodyCorrelationTxCountMissmatch (0.00s)
=== CONT  TestShardProcessor_RemoveAndSaveLastNotarizedMetaHdrNotAllMBFinished
--- PASS: TestShardProcessor_ProcessBlockWithErrOnProcessBlockTransactionsCallShouldRevertState (0.01s)
=== CONT  TestShardProcessor_IsHdrConstructionValid
--- PASS: TestShardProcessor_RemoveAndSaveLastNotarizedMetaHdrNotAllMBFinished (0.00s)
=== CONT  TestShardProcessor_DecodeBlockHeader
--- PASS: TestShardProcessor_IsHdrConstructionValid (0.00s)
=== CONT  TestShardProcessor_DecodeBlockBody
--- PASS: TestShardProcessor_DecodeBlockBody (0.00s)
=== CONT  TestShardProcessor_RestoreBlockIntoPoolsShouldWork
--- PASS: TestShardProcessor_DecodeBlockHeader (0.00s)
=== CONT  TestBlockProcessor_RestoreBlockIntoPoolsShouldWorkNilTxBlockBody
--- PASS: TestBlockProcessor_RestoreBlockIntoPoolsShouldWorkNilTxBlockBody (0.00s)
=== CONT  TestBlockProcessor_RestoreBlockIntoPoolsShouldErrNilBlockHeader
--- PASS: TestBlockProcessor_RestoreBlockIntoPoolsShouldErrNilBlockHeader (0.00s)
=== CONT  TestShardProcessor_RequestEpochStartInfo/cannot_get_meta_header_by_hash_first_time,_expect_second_time_is_returned
=== CONT  TestShardProcessor_RemoveAndSaveLastNotarizedMetaHdrNoDstMB
--- PASS: TestShardProcessor_RestoreBlockIntoPoolsShouldWork (0.00s)
=== CONT  TestShardProcessor_RequestEpochStartInfo/cannot_get_header_by_nonce_and_shard_id_from_headers_pool_from_first_try,_request_it_and_expect_we_get_it
--- PASS: TestShardProcessor_ProcessBlockEpochDoesNotMatchShouldErr2 (0.01s)
=== CONT  TestShardProcessor_RequestEpochStartInfo/no_time_left
--- PASS: TestShardProcessor_RemoveAndSaveLastNotarizedMetaHdrNoDstMB (0.00s)
=== CONT  TestShardProcessor_RequestEpochStartInfo/epoch_start_triggered_while_trying_to_request_header_from_pool
--- PASS: TestMetaProcessor_CreateShardInfoShouldWorkHdrsAdded (0.01s)
=== CONT  TestShardProcessor_RequestEpochStartInfo/is_epoch_start,_should_not_request_meta_header
--- PASS: TestShardProcessor_CheckHeaderBodyCorrelationNilMiniBlock (0.00s)
--- PASS: TestDisplayBlock_ConcurrencyTestForTotalTxs (0.01s)
=== CONT  TestShardProcessor_RequestEpochStartInfo/meta_epoch_greater_than_header_epoch,_should_not_request_any_header
--- PASS: TestShardProcessor_CheckHeaderBodyCorrelationReceiverMissmatch (0.01s)
=== CONT  TestShardProcessor_RequestEpochStartInfo/get_headers_by_nonce_and_shard_id_from_headers_pool_should_work_without_any_additional_requests
--- PASS: TestShardProcessor_RemoveAndSaveLastNotarizedMetaHdrAllMBFinished (0.01s)
=== CONT  TestMetaProcessor_CreateEpochStartBodyShouldWork
=== RUN   TestMetaProcessor_CreateEpochStartBodyShouldWork/rewards_V2_enabled
=== PAUSE TestMetaProcessor_CreateEpochStartBodyShouldWork/rewards_V2_enabled
=== RUN   TestMetaProcessor_CreateEpochStartBodyShouldWork/rewards_V2_Not_enabled
=== PAUSE TestMetaProcessor_CreateEpochStartBodyShouldWork/rewards_V2_Not_enabled
=== CONT  TestMetaProcessor_getAllMarshalledTxs
--- PASS: TestBaseProcessor_ConcurrentCallsNonceOfFirstCommittedBlock (0.02s)
=== CONT  TestMetaProcessor_getFinalMiniBlockHashes
=== RUN   TestMetaProcessor_getFinalMiniBlockHashes/scheduledMiniBlocks_flag_not_set
=== PAUSE TestMetaProcessor_getFinalMiniBlockHashes/scheduledMiniBlocks_flag_not_set
=== RUN   TestMetaProcessor_getFinalMiniBlockHashes/should_work,_return_only_final_mini_block_header
=== PAUSE TestMetaProcessor_getFinalMiniBlockHashes/should_work,_return_only_final_mini_block_header
=== CONT  TestMetaProcessor_CreateEpochStartBodyShouldFail
--- PASS: TestMetaProcessor_getAllMarshalledTxs (0.00s)
=== RUN   TestMetaProcessor_CreateEpochStartBodyShouldFail/fail_to_get_root_hash
=== CONT  TestMetaProcessor_RequestFinalMissingHeaderShouldPass
=== PAUSE TestMetaProcessor_CreateEpochStartBodyShouldFail/fail_to_get_root_hash
=== RUN   TestMetaProcessor_CreateEpochStartBodyShouldFail/fail_to_get_validators_info_root_hash
=== PAUSE TestMetaProcessor_CreateEpochStartBodyShouldFail/fail_to_get_validators_info_root_hash
=== RUN   TestMetaProcessor_CreateEpochStartBodyShouldFail/fail_to_process_ratings_end_of_epoch
=== PAUSE TestMetaProcessor_CreateEpochStartBodyShouldFail/fail_to_process_ratings_end_of_epoch
=== CONT  TestMetaProcessor_CommitBlockMarshalizerFailForHeaderShouldErr
--- PASS: TestMetaProcessor_RequestFinalMissingHeaderShouldPass (0.00s)
=== CONT  TestMetaProcessor_ProcessBlockWithErrOnVerifyStateRootCallShouldRevertState
--- PASS: TestMetaProcessor_CommitBlockMarshalizerFailForHeaderShouldErr (0.00s)
=== CONT  TestBlockProcessor_ApplyBodyToHeaderNilBodyError
--- PASS: TestBlockProcessor_ApplyBodyToHeaderNilBodyError (0.00s)
=== CONT  TestShardProcessor_MarshalizedDataNilInput
--- PASS: TestMetaProcessor_ProcessBlockWithErrOnVerifyStateRootCallShouldRevertState (0.00s)
=== CONT  TestShardProcessor_MarshalizedDataWrongType
--- PASS: TestShardProcessor_MarshalizedDataNilInput (0.00s)
=== CONT  TestShardProcessor_CreateMiniBlocksShouldWorkWithIntraShardTxs
--- PASS: TestShardProcessor_MarshalizedDataWrongType (0.00s)
=== CONT  TestShardProcessor_MarshalizedDataToBroadcastShouldWork
[0;33mWARN [0m[2026-03-16 10:14:05.014]   basePreProcess.createMarshalledData: tx not found [0;33mhash[0m = 74784861736831 
[0;33mWARN [0m[2026-03-16 10:14:05.014]   basePreProcess.createMarshalledData: tx not found [0;33mhash[0m = 74784861736831 
--- PASS: TestShardProcessor_CreateMiniBlocksShouldWorkWithIntraShardTxs (0.00s)
--- PASS: TestShardProcessor_MarshalizedDataToBroadcastShouldWork (0.00s)
=== CONT  TestShardProcessor_CreateAndProcessCrossMiniBlocksDstMeProcessPartOfMiniBlocksInMetaBlock
=== CONT  TestShardProcessor_CommitBlockShouldRevertCurrentBlockWhenErr
--- PASS: TestShardProcessor_CreateAndProcessCrossMiniBlocksDstMeProcessPartOfMiniBlocksInMetaBlock (0.00s)
=== CONT  TestShardProcessor_CreateAndProcessCrossMiniBlocksDstMe
--- PASS: TestShardProcessor_CommitBlockShouldRevertCurrentBlockWhenErr (0.00s)
=== CONT  TestShardProcessor_ApplyBodyToHeaderReturnsOK
--- PASS: TestShardProcessor_CreateAndProcessCrossMiniBlocksDstMe (0.00s)
=== CONT  TestShardProcessor_ReceivedMetaBlockNoMissingMiniBlocksShouldPass
--- PASS: TestShardProcessor_ApplyBodyToHeaderReturnsOK (0.00s)
=== CONT  TestShardProcessor_ApplyBodyToHeaderShouldErrWhenMarshalizerErrors
--- PASS: TestShardProcessor_ApplyBodyToHeaderShouldErrWhenMarshalizerErrors (0.00s)
=== CONT  TestShardProcessor_ReceivedMetaBlockShouldRequestMissingMiniBlocks
[0;33mWARN [0m[2026-03-16 10:14:05.015]   transactionCoordinator.requestMissingMiniBlocksAndTransactions: getPreProcessor [0;33mmb type[0m = TxBlock [0;33merror[0m = preprocessor is nil 
[0;33mWARN [0m[2026-03-16 10:14:05.015]   transactionCoordinator.requestMissingMiniBlocksAndTransactions: getPreProcessor [0;33mmb type[0m = TxBlock [0;33merror[0m = preprocessor is nil 
--- PASS: TestMetaProcessor_ReceivedHeaderShouldDecreaseMissing (0.10s)
=== CONT  TestBlockProcessor_ApplyBodyToHeaderShouldNotReturnNil
--- PASS: TestBlockProcessor_ApplyBodyToHeaderShouldNotReturnNil (0.00s)
=== CONT  TestShardProcessor_MarshalizedDataMarshalWithoutSuccess
[0;33mWARN [0m[2026-03-16 10:14:05.090]   basePreProcess.createMarshalledData: tx not found [0;33mhash[0m = 74784861736830 
[0;31mERROR[0m[2026-03-16 10:14:05.090]   shardProcessor.MarshalizedDataToBroadcast.Marshal [0;31merror[0m = marshal without success 
--- PASS: TestShardProcessor_MarshalizedDataMarshalWithoutSuccess (0.00s)
=== CONT  TestShardProcessor_CommitBlockOkValsShouldWork
[0;32mINFO [0m[2026-03-16 10:14:05.091]   shard block has been committed successfully [0;32mepoch[0m = 0 [0;32mshard[0m = 0 [0;32mround[0m = 1 [0;32mnonce[0m = 1 [0;32mhash[0m = 6865616465722068617368 
--- PASS: TestBlockProcessor_RequestHeadersIfMissingShouldWork (0.20s)
=== CONT  TestShardProcessor_CommitBlockMarshalizerFailForHeaderShouldErr
--- PASS: TestShardProcessor_CommitBlockMarshalizerFailForHeaderShouldErr (0.00s)
=== CONT  TestShardProcessor_DisplayLogInfo
--- PASS: TestShardProcessor_DisplayLogInfo (0.00s)
=== CONT  TestNode_ComputeNewNoncePrevHashShouldWork
--- PASS: TestNode_ComputeNewNoncePrevHashShouldWork (0.00s)
=== CONT  TestShardProcessor_CreateTxBlockBodyOK
--- PASS: TestShardProcessor_CreateTxBlockBodyOK (0.00s)
=== CONT  TestShardProcessor_CreateTxBlockBodyWithNoTimeShouldReturnEmptyBody
--- PASS: TestShardProcessor_CreateTxBlockBodyWithNoTimeShouldReturnEmptyBody (0.00s)
=== CONT  TestShardProcessor_CreateTxBlockBodyWithDirtyAccStateShouldReturnEmptyBody
[0;31mERROR[0m[2026-03-16 10:14:05.201]   shardProcessor.createMiniBlocks          [0;31merror[0m = accountState was dirty before starting to change [0;31mstack[0m =  
--- PASS: TestShardProcessor_CreateTxBlockBodyWithDirtyAccStateShouldReturnEmptyBody (0.00s)
=== CONT  TestShardProcessor_CommitBlockCallsIndexerMethods
[0;32mINFO [0m[2026-03-16 10:14:05.201]   shard block has been committed successfully [0;32mepoch[0m = 0 [0;32mshard[0m = 0 [0;32mround[0m = 1 [0;32mnonce[0m = 1 [0;32mhash[0m = 6865616465722068617368 
--- PASS: TestBlockProcessor_RequestHeadersIfMissingShouldWorkWhenSortedHeadersListIsEmpty (0.20s)
=== CONT  TestShardProcessor_CommitBlockStorageFailsForHeaderShouldErr
[0;33mWARN [0m[2026-03-16 10:14:05.201]   saveHeader.Put -> BlockHeaderUnit        [0;33merr[0m = failure 
[0;32mINFO [0m[2026-03-16 10:14:05.201]   shard block has been committed successfully [0;32mepoch[0m = 0 [0;32mshard[0m = 0 [0;32mround[0m = 1 [0;32mnonce[0m = 1 [0;32mhash[0m =  
--- PASS: TestShardProcessor_CommitBlockStorageFailsForHeaderShouldErr (0.00s)
=== CONT  TestShardProcessor_CommitBlockStorageFailsForBodyShouldWork
[0;33mWARN [0m[2026-03-16 10:14:05.202]   saveBody.Put -> MiniBlockUnit            [0;33merr[0m = failure 
[0;32mINFO [0m[2026-03-16 10:14:05.202]   shard block has been committed successfully [0;32mepoch[0m = 0 [0;32mshard[0m = 0 [0;32mround[0m = 1 [0;32mnonce[0m = 1 [0;32mhash[0m =  
--- PASS: TestShardProcessor_CommitBlockStorageFailsForBodyShouldWork (0.00s)
=== CONT  TestShardProcessor_CheckMetaHeadersValidityAndFinalityShouldPass
--- PASS: TestShardProcessor_CheckMetaHeadersValidityAndFinalityShouldPass (0.00s)
=== CONT  TestShardProcessor_CheckAndRequestIfMetaHeadersMissingShouldErr
--- PASS: TestMetaProcessor_CommitBlockOkValsShouldWork (1.00s)
=== CONT  TestShardProcessor_CheckMetaHeadersValidityAndFinalityShouldReturnNilWhenNoMetaBlocksAreUsed
--- PASS: TestShardProcessor_CheckMetaHeadersValidityAndFinalityShouldReturnNilWhenNoMetaBlocksAreUsed (0.00s)
=== CONT  TestBaseProcessor_setMiniBlockHeaderReservedField/scheduledMiniBlocks_flag_not_set
=== CONT  TestBaseProcessor_setMiniBlockHeaderReservedField/is_scheduled_miniBlock,_different_shardId
=== CONT  TestBaseProcessor_setMiniBlockHeaderReservedField/is_scheduled_miniBlock,_same_shardId
=== CONT  TestBaseProcessor_getScheduledMiniBlocksFromMe/wrong_body_type
=== CONT  TestBaseProcessor_setMiniBlockHeaderReservedField/no_scheduled_miniBlock,_miniBlock_executed
=== CONT  TestBaseProcessor_setMiniBlockHeaderReservedField/no_scheduled_miniBlock,_miniBlock_Not_executed
--- PASS: TestBaseProcessor_setMiniBlockHeaderReservedField (0.00s)
    --- PASS: TestBaseProcessor_setMiniBlockHeaderReservedField/scheduledMiniBlocks_flag_not_set (0.00s)
    --- PASS: TestBaseProcessor_setMiniBlockHeaderReservedField/is_scheduled_miniBlock,_different_shardId (0.00s)
    --- PASS: TestBaseProcessor_setMiniBlockHeaderReservedField/is_scheduled_miniBlock,_same_shardId (0.00s)
    --- PASS: TestBaseProcessor_setMiniBlockHeaderReservedField/no_scheduled_miniBlock,_miniBlock_executed (0.00s)
    --- PASS: TestBaseProcessor_setMiniBlockHeaderReservedField/no_scheduled_miniBlock,_miniBlock_Not_executed (0.00s)
=== CONT  TestBaseProcessor_getScheduledMiniBlocksFromMe/should_work
--- PASS: TestBaseProcessor_getScheduledMiniBlocksFromMe (0.00s)
    --- PASS: TestBaseProcessor_getScheduledMiniBlocksFromMe/wrong_body_type (0.00s)
    --- PASS: TestBaseProcessor_getScheduledMiniBlocksFromMe/should_work (0.00s)
=== CONT  TestBaseProcessor_ProcessScheduledBlockShouldFail/execute_all_scheduled_txs_fail
=== CONT  TestBaseProcessor_commitTrieEpochRootHashIfNeeded_GetAllLeaves/error_on_getting_the_leaves
=== CONT  TestBaseProcessor_DisplayHeader/shard_header_with_proof_info
=== CONT  TestMetaProcessor_receivedShardHeader/receiving_the_last_used_in_block_shard_header
=== CONT  TestMetaProcessor_receivedShardHeader/all_needed_shard_attestation_headers_received,_when_multiple_shards_headers_missing
=== CONT  TestMetaProcessor_receivedShardHeader/all_needed_shard_attestation_headers_received
=== CONT  TestMetaProcessor_receivedShardHeader/shard_header_used_in_block_received,_not_latest
--- PASS: TestShardProcessor_CommitBlockOkValsShouldWork (1.00s)
=== CONT  TestBaseProcessor_getIndexOfFirstMiniBlockToBeExecuted/scheduledMiniBlocks_flag_not_set
=== CONT  TestBaseProcessor_commitTrieEpochRootHashIfNeeded_GetAllLeaves/error_on_trie_iterator_chan
--- PASS: TestBaseProcessor_commitTrieEpochRootHashIfNeeded_GetAllLeaves (0.00s)
    --- PASS: TestBaseProcessor_commitTrieEpochRootHashIfNeeded_GetAllLeaves/error_on_getting_the_leaves (0.00s)
    --- PASS: TestBaseProcessor_commitTrieEpochRootHashIfNeeded_GetAllLeaves/error_on_trie_iterator_chan (0.00s)
=== CONT  TestBaseProcessor_getFinalMiniBlocks/scheduledMiniBlocks_flag_not_set
=== CONT  TestBaseProcessor_checkScheduledMiniBlockValidity/scheduledMiniBlocks_flag_not_set
=== CONT  TestBaseProcessor_SetProcessingTypeAndConstructionStateForNormalMb/set_processing/construction_for_normal_mini_blocks_not_processed,_should_work
=== CONT  TestMetrics_IncrementMetricCountConsensusAcceptedBlocks/nodes_coordinator_returns_error_should_early_exit
=== CONT  TestBaseProcessor_SetProcessingTypeAndConstructionStateForNormalMb/set_processing/construction_for_normal_mini_blocks_already_processed,_should_work
--- PASS: TestBaseProcessor_SetProcessingTypeAndConstructionStateForNormalMb (0.00s)
    --- PASS: TestBaseProcessor_SetProcessingTypeAndConstructionStateForNormalMb/set_processing/construction_for_normal_mini_blocks_not_processed,_should_work (0.00s)
    --- PASS: TestBaseProcessor_SetProcessingTypeAndConstructionStateForNormalMb/set_processing/construction_for_normal_mini_blocks_already_processed,_should_work (0.00s)
=== CONT  TestTransactionCounter_HeaderExecutedAndReverted/headerExecuted
=== RUN   TestTransactionCounter_HeaderExecutedAndReverted/headerExecuted/nil_header_should_not_panic
[0;33mWARN [0m[2026-03-16 10:14:06.092]   programming error: nil header in transactionCounter.headerExecuted function 
=== RUN   TestTransactionCounter_HeaderExecutedAndReverted/headerExecuted/empty_header
=== RUN   TestTransactionCounter_HeaderExecutedAndReverted/headerExecuted/header_with_peer_miniblocks_&_rewards_miniblocks
=== RUN   TestTransactionCounter_HeaderExecutedAndReverted/headerExecuted/header_with_scheduled_from_self_and_shard_1
=== CONT  TestMetrics_IncrementMetricCountConsensusAcceptedBlocks/should_work
--- PASS: TestMetrics_IncrementMetricCountConsensusAcceptedBlocks (0.00s)
    --- PASS: TestMetrics_IncrementMetricCountConsensusAcceptedBlocks/nodes_coordinator_returns_error_should_early_exit (0.00s)
    --- PASS: TestMetrics_IncrementMetricCountConsensusAcceptedBlocks/should_work (0.00s)
=== CONT  TestTransactionCounter_HeaderExecutedAndReverted/headerExecuted_then_headerReverted
=== CONT  TestTransactionCounter_HeaderExecutedAndReverted/headerReverted
=== RUN   TestTransactionCounter_HeaderExecutedAndReverted/headerReverted/nil_header_should_not_panic
[0;33mWARN [0m[2026-03-16 10:14:06.092]   programming error: nil header in transactionCounter.headerReverted function 
=== RUN   TestTransactionCounter_HeaderExecutedAndReverted/headerReverted/empty_header
=== RUN   TestTransactionCounter_HeaderExecutedAndReverted/headerReverted/header_with_peer_miniblocks_&_rewards_miniblocks
=== RUN   TestTransactionCounter_HeaderExecutedAndReverted/headerReverted/header_with_scheduled_from_self_and_shard_1
--- PASS: TestTransactionCounter_HeaderExecutedAndReverted (0.00s)
    --- PASS: TestTransactionCounter_HeaderExecutedAndReverted/headerExecuted (0.00s)
        --- PASS: TestTransactionCounter_HeaderExecutedAndReverted/headerExecuted/nil_header_should_not_panic (0.00s)
        --- PASS: TestTransactionCounter_HeaderExecutedAndReverted/headerExecuted/empty_header (0.00s)
        --- PASS: TestTransactionCounter_HeaderExecutedAndReverted/headerExecuted/header_with_peer_miniblocks_&_rewards_miniblocks (0.00s)
        --- PASS: TestTransactionCounter_HeaderExecutedAndReverted/headerExecuted/header_with_scheduled_from_self_and_shard_1 (0.00s)
    --- PASS: TestTransactionCounter_HeaderExecutedAndReverted/headerExecuted_then_headerReverted (0.00s)
    --- PASS: TestTransactionCounter_HeaderExecutedAndReverted/headerReverted (0.00s)
        --- PASS: TestTransactionCounter_HeaderExecutedAndReverted/headerReverted/nil_header_should_not_panic (0.00s)
        --- PASS: TestTransactionCounter_HeaderExecutedAndReverted/headerReverted/empty_header (0.00s)
        --- PASS: TestTransactionCounter_HeaderExecutedAndReverted/headerReverted/header_with_peer_miniblocks_&_rewards_miniblocks (0.00s)
        --- PASS: TestTransactionCounter_HeaderExecutedAndReverted/headerReverted/header_with_scheduled_from_self_and_shard_1 (0.00s)
=== CONT  TestBaseProcessor_ProcessScheduledBlockShouldFail/get_root_hash_fail
--- PASS: TestBaseProcessor_ProcessScheduledBlockShouldFail (0.00s)
    --- PASS: TestBaseProcessor_ProcessScheduledBlockShouldFail/execute_all_scheduled_txs_fail (0.00s)
    --- PASS: TestBaseProcessor_ProcessScheduledBlockShouldFail/get_root_hash_fail (0.00s)
=== CONT  TestBaseProcessor_DisplayHeader/meta_header_with_proof_info
--- PASS: TestBaseProcessor_DisplayHeader (0.00s)
    --- PASS: TestBaseProcessor_DisplayHeader/shard_header_with_proof_info (0.00s)
    --- PASS: TestBaseProcessor_DisplayHeader/meta_header_with_proof_info (0.00s)
=== CONT  TestBaseProcessor_checkScheduledMiniBlockValidity/same_hash,_should_work
=== CONT  TestBaseProcessor_getIndexOfFirstMiniBlockToBeExecuted/get_first_index_for_the_miniBlockHeader_which_is_not_processed_executionType
=== CONT  TestBaseProcessor_getIndexOfFirstMiniBlockToBeExecuted/scheduledMiniBlocks_flag_is_set,_empty_block
--- PASS: TestBaseProcessor_getIndexOfFirstMiniBlockToBeExecuted (0.00s)
    --- PASS: TestBaseProcessor_getIndexOfFirstMiniBlockToBeExecuted/scheduledMiniBlocks_flag_not_set (0.00s)
    --- PASS: TestBaseProcessor_getIndexOfFirstMiniBlockToBeExecuted/get_first_index_for_the_miniBlockHeader_which_is_not_processed_executionType (0.00s)
    --- PASS: TestBaseProcessor_getIndexOfFirstMiniBlockToBeExecuted/scheduledMiniBlocks_flag_is_set,_empty_block (0.00s)
=== CONT  TestBaseProcessor_checkScheduledMiniBlockValidity/num_header_miniblocks_lower_than_scheduled_miniblocks,_should_fail
=== CONT  TestBaseProcessor_checkScheduledMiniBlockValidity/scheduled_miniblocks_mismatch
=== CONT  TestBaseProcessor_checkScheduledMiniBlockValidity/fail_to_calculate_hash
--- PASS: TestBaseProcessor_checkScheduledMiniBlockValidity (0.01s)
    --- PASS: TestBaseProcessor_checkScheduledMiniBlockValidity/scheduledMiniBlocks_flag_not_set (0.00s)
    --- PASS: TestBaseProcessor_checkScheduledMiniBlockValidity/same_hash,_should_work (0.00s)
    --- PASS: TestBaseProcessor_checkScheduledMiniBlockValidity/num_header_miniblocks_lower_than_scheduled_miniblocks,_should_fail (0.00s)
    --- PASS: TestBaseProcessor_checkScheduledMiniBlockValidity/scheduled_miniblocks_mismatch (0.00s)
    --- PASS: TestBaseProcessor_checkScheduledMiniBlockValidity/fail_to_calculate_hash (0.00s)
=== CONT  TestBaseProcessor_getFinalMiniBlocks/scheduledMiniBlocks_flag_is_set,_empty_body
=== CONT  TestBaseProcessor_getFinalMiniBlocks/should_work
--- PASS: TestBaseProcessor_getFinalMiniBlocks (0.00s)
    --- PASS: TestBaseProcessor_getFinalMiniBlocks/scheduledMiniBlocks_flag_not_set (0.00s)
    --- PASS: TestBaseProcessor_getFinalMiniBlocks/scheduledMiniBlocks_flag_is_set,_empty_body (0.00s)
    --- PASS: TestBaseProcessor_getFinalMiniBlocks/should_work (0.00s)
=== CONT  TestShardProcessor_receivedMetaBlock/received_non_referenced_metaBlock,_while_still_having_missing_referenced_metaBlocks
=== CONT  TestShardProcessor_RequestMissingFinalityAttestingHeaders/missing_attesting_meta_header
=== CONT  TestShardProcessor_receivedMetaBlock/received_non_missing_referenced_metaBlock
=== CONT  TestShardProcessor_receivedMetaBlock/received_missing_attestation_metaBlock
=== CONT  TestShardProcessor_receivedMetaBlock/received_missing_referenced_metaBlock,_other_referenced_metaBlock_still_missing
=== CONT  TestShardProcessor_RequestMissingFinalityAttestingHeaders/no_missing_attesting_meta_header
=== CONT  TestMetaProcessor_computeExistingAndRequestMissingShardHeaders/all_referenced_shard_headers_missing
=== CONT  TestShardProcessor_computeExistingAndRequestMissingMetaHeaders/one_referenced_metaBlock_missing_will_be_requested
=== CONT  TestShardProcessor_computeExistingAndRequestMissingMetaHeaders/all_referenced_metaBlocks_existing_and_existing_attestation_metaBlock_will_not_request
=== CONT  TestShardProcessor_computeExistingAndRequestMissingMetaHeaders/all_referenced_metaBlocks_existing_with_missing_attestation,_will_request_the_attestation_metaBlock
=== CONT  TestShardProcessor_computeExistingAndRequestMissingMetaHeaders/multiple_referenced_metaBlocks_missing_will_be_requested
--- PASS: TestShardProcessor_receivedMetaBlock (0.00s)
    --- PASS: TestShardProcessor_receivedMetaBlock/received_missing_attestation_metaBlock (0.00s)
    --- PASS: TestShardProcessor_receivedMetaBlock/received_non_referenced_metaBlock,_while_still_having_missing_referenced_metaBlocks (0.10s)
    --- PASS: TestShardProcessor_receivedMetaBlock/received_non_missing_referenced_metaBlock (0.10s)
    --- PASS: TestShardProcessor_receivedMetaBlock/received_missing_referenced_metaBlock,_other_referenced_metaBlock_still_missing (0.10s)
--- PASS: TestShardProcessor_RequestMissingFinalityAttestingHeaders (0.00s)
    --- PASS: TestShardProcessor_RequestMissingFinalityAttestingHeaders/missing_attesting_meta_header (0.10s)
    --- PASS: TestShardProcessor_RequestMissingFinalityAttestingHeaders/no_missing_attesting_meta_header (0.10s)
=== CONT  TestMetaProcessor_computeExistingAndRequestMissingShardHeaders/all_referenced_shard_headers_present,_all_attestation_headers_present
=== CONT  TestMetaProcessor_computeExistingAndRequestMissingShardHeaders/all_referenced_shard_headers_present,_one_attestation_header_missing
=== CONT  TestMetaProcessor_computeExistingAndRequestMissingShardHeaders/all_referenced_shard_headers_present,_all_attestation_headers_missing
=== CONT  TestMetaProcessor_computeExistingAndRequestMissingShardHeaders/one_referenced_shard_header_present_and_one_missing
=== CONT  TestMetaProcessor_CreateEpochStartBodyShouldWork/rewards_V2_enabled
=== CONT  TestMetaProcessor_CreateEpochStartBodyShouldWork/rewards_V2_Not_enabled
--- PASS: TestMetaProcessor_CreateEpochStartBodyShouldWork (0.00s)
    --- PASS: TestMetaProcessor_CreateEpochStartBodyShouldWork/rewards_V2_enabled (0.00s)
    --- PASS: TestMetaProcessor_CreateEpochStartBodyShouldWork/rewards_V2_Not_enabled (0.00s)
=== CONT  TestMetaProcessor_getFinalMiniBlockHashes/scheduledMiniBlocks_flag_not_set
=== CONT  TestMetaProcessor_CreateEpochStartBodyShouldFail/fail_to_get_root_hash
=== CONT  TestMetaProcessor_getFinalMiniBlockHashes/should_work,_return_only_final_mini_block_header
--- PASS: TestMetaProcessor_getFinalMiniBlockHashes (0.00s)
    --- PASS: TestMetaProcessor_getFinalMiniBlockHashes/scheduledMiniBlocks_flag_not_set (0.00s)
    --- PASS: TestMetaProcessor_getFinalMiniBlockHashes/should_work,_return_only_final_mini_block_header (0.00s)
=== CONT  TestMetaProcessor_CreateEpochStartBodyShouldFail/fail_to_process_ratings_end_of_epoch
=== CONT  TestMetaProcessor_CreateEpochStartBodyShouldFail/fail_to_get_validators_info_root_hash
--- PASS: TestMetaProcessor_CreateEpochStartBodyShouldFail (0.00s)
    --- PASS: TestMetaProcessor_CreateEpochStartBodyShouldFail/fail_to_get_root_hash (0.00s)
    --- PASS: TestMetaProcessor_CreateEpochStartBodyShouldFail/fail_to_process_ratings_end_of_epoch (0.00s)
    --- PASS: TestMetaProcessor_CreateEpochStartBodyShouldFail/fail_to_get_validators_info_root_hash (0.00s)
--- PASS: TestShardProcessor_RequestEpochStartInfo (0.00s)
    --- PASS: TestShardProcessor_RequestEpochStartInfo/header_is_not_start_of_epoch,_should_not_request_any_header (1.00s)
    --- PASS: TestShardProcessor_RequestEpochStartInfo/is_epoch_start,_should_not_request_meta_header (1.00s)
    --- PASS: TestShardProcessor_RequestEpochStartInfo/meta_epoch_greater_than_header_epoch,_should_not_request_any_header (1.00s)
    --- PASS: TestShardProcessor_RequestEpochStartInfo/get_headers_by_nonce_and_shard_id_from_headers_pool_should_work_without_any_additional_requests (1.10s)
    --- PASS: TestShardProcessor_RequestEpochStartInfo/epoch_start_triggered_while_trying_to_request_header_from_pool (1.11s)
    --- PASS: TestShardProcessor_RequestEpochStartInfo/no_time_left (1.11s)
    --- PASS: TestShardProcessor_RequestEpochStartInfo/cannot_get_header_by_nonce_and_shard_id_from_headers_pool_from_first_try,_request_it_and_expect_we_get_it (1.22s)
    --- PASS: TestShardProcessor_RequestEpochStartInfo/cannot_get_meta_header_by_hash_first_time,_expect_second_time_is_returned (1.22s)
--- PASS: TestMetaProcessor_receivedShardHeader (0.01s)
    --- PASS: TestMetaProcessor_receivedShardHeader/receiving_the_last_used_in_block_shard_header (0.10s)
    --- PASS: TestMetaProcessor_receivedShardHeader/all_needed_shard_attestation_headers_received (0.10s)
    --- PASS: TestMetaProcessor_receivedShardHeader/shard_header_used_in_block_received,_not_latest (0.10s)
    --- PASS: TestMetaProcessor_receivedShardHeader/all_needed_shard_attestation_headers_received,_when_multiple_shards_headers_missing (0.30s)
--- PASS: TestShardProcessor_computeExistingAndRequestMissingMetaHeaders (0.00s)
    --- PASS: TestShardProcessor_computeExistingAndRequestMissingMetaHeaders/one_referenced_metaBlock_missing_will_be_requested (0.10s)
    --- PASS: TestShardProcessor_computeExistingAndRequestMissingMetaHeaders/all_referenced_metaBlocks_existing_and_existing_attestation_metaBlock_will_not_request (0.10s)
    --- PASS: TestShardProcessor_computeExistingAndRequestMissingMetaHeaders/all_referenced_metaBlocks_existing_with_missing_attestation,_will_request_the_attestation_metaBlock (0.10s)
    --- PASS: TestShardProcessor_computeExistingAndRequestMissingMetaHeaders/multiple_referenced_metaBlocks_missing_will_be_requested (0.10s)
--- PASS: TestMetaProcessor_computeExistingAndRequestMissingShardHeaders (0.01s)
    --- PASS: TestMetaProcessor_computeExistingAndRequestMissingShardHeaders/all_referenced_shard_headers_missing (0.10s)
    --- PASS: TestMetaProcessor_computeExistingAndRequestMissingShardHeaders/all_referenced_shard_headers_present,_one_attestation_header_missing (0.10s)
    --- PASS: TestMetaProcessor_computeExistingAndRequestMissingShardHeaders/all_referenced_shard_headers_present,_all_attestation_headers_present (0.10s)
    --- PASS: TestMetaProcessor_computeExistingAndRequestMissingShardHeaders/all_referenced_shard_headers_present,_all_attestation_headers_missing (0.10s)
    --- PASS: TestMetaProcessor_computeExistingAndRequestMissingShardHeaders/one_referenced_shard_header_present_and_one_missing (0.10s)
--- PASS: TestShardProcessor_ProcessBlockWithMissingMetaHdrShouldErr (2.00s)
--- PASS: TestMetaProcessor_ProcessBlockNoShardHeadersReceivedShouldErr (2.00s)
--- PASS: TestShardProcessor_CommitBlockCallsIndexerMethods (2.00s)
--- PASS: TestShardProcessor_CheckAndRequestIfMetaHeadersMissingShouldErr (2.10s)
--- PASS: TestShardProcessor_ReceivedMetaBlockShouldRequestMissingMiniBlocks (4.00s)
--- PASS: TestShardProcessor_ReceivedMetaBlockNoMissingMiniBlocksShouldPass (4.00s)
PASS
ok  	github.com/TerraDharitri/drt-go-chain/process/block	(cached)
=== RUN   TestMiniBlocksInMeta_IsFullyProcessedShouldWork
=== PAUSE TestMiniBlocksInMeta_IsFullyProcessedShouldWork
=== RUN   TestMiniBlocksInMeta_GetIndexOfLastTxProcessedInMiniBlock
=== PAUSE TestMiniBlocksInMeta_GetIndexOfLastTxProcessedInMiniBlock
=== RUN   TestNewBootstrapStorer_NilStorerShouldErr
=== PAUSE TestNewBootstrapStorer_NilStorerShouldErr
=== RUN   TestNewBootstrapStorer_NilMarshalizerShouldErr
=== PAUSE TestNewBootstrapStorer_NilMarshalizerShouldErr
=== RUN   TestNewBootstrapStorer_ShouldWork
=== PAUSE TestNewBootstrapStorer_ShouldWork
=== RUN   TestBootstrapStorer_PutAndGet
=== PAUSE TestBootstrapStorer_PutAndGet
=== RUN   TestBootstrapStorer_SaveLastRound
=== PAUSE TestBootstrapStorer_SaveLastRound
=== CONT  TestMiniBlocksInMeta_IsFullyProcessedShouldWork
--- PASS: TestMiniBlocksInMeta_IsFullyProcessedShouldWork (0.00s)
=== CONT  TestBootstrapStorer_SaveLastRound
=== CONT  TestNewBootstrapStorer_NilMarshalizerShouldErr
--- PASS: TestNewBootstrapStorer_NilMarshalizerShouldErr (0.00s)
=== CONT  TestBootstrapStorer_PutAndGet
=== CONT  TestNewBootstrapStorer_NilStorerShouldErr
--- PASS: TestNewBootstrapStorer_NilStorerShouldErr (0.00s)
=== CONT  TestNewBootstrapStorer_ShouldWork
--- PASS: TestBootstrapStorer_SaveLastRound (0.00s)
=== CONT  TestMiniBlocksInMeta_GetIndexOfLastTxProcessedInMiniBlock
--- PASS: TestNewBootstrapStorer_ShouldWork (0.00s)
--- PASS: TestMiniBlocksInMeta_GetIndexOfLastTxProcessedInMiniBlock (0.00s)
--- PASS: TestBootstrapStorer_PutAndGet (0.00s)
PASS
ok  	github.com/TerraDharitri/drt-go-chain/process/block/bootstrapStorage	(cached)
=== RUN   TestCreateBlockProcessingCutoffHandler
=== PAUSE TestCreateBlockProcessingCutoffHandler
=== RUN   TestNewBlockProcessingCutoffHandler
=== PAUSE TestNewBlockProcessingCutoffHandler
=== RUN   TestBlockProcessingCutoffHandler_HandlePauseBackoff
=== PAUSE TestBlockProcessingCutoffHandler_HandlePauseBackoff
=== RUN   TestBlockProcessingCutoffHandler_HandleProcessErrorBackoff
=== PAUSE TestBlockProcessingCutoffHandler_HandleProcessErrorBackoff
=== RUN   TestDisabledBlockProcessingCutoff_FunctionsShouldNotPanic
=== PAUSE TestDisabledBlockProcessingCutoff_FunctionsShouldNotPanic
=== CONT  TestCreateBlockProcessingCutoffHandler
=== RUN   TestCreateBlockProcessingCutoffHandler/should_create_disabled_instance
=== PAUSE TestCreateBlockProcessingCutoffHandler/should_create_disabled_instance
=== CONT  TestBlockProcessingCutoffHandler_HandleProcessErrorBackoff
=== RUN   TestBlockProcessingCutoffHandler_HandleProcessErrorBackoff/bad_config_-_should_skip
=== RUN   TestCreateBlockProcessingCutoffHandler/should_create_regular_instance
=== PAUSE TestCreateBlockProcessingCutoffHandler/should_create_regular_instance
=== PAUSE TestBlockProcessingCutoffHandler_HandleProcessErrorBackoff/bad_config_-_should_skip
=== CONT  TestCreateBlockProcessingCutoffHandler/should_create_disabled_instance
=== RUN   TestBlockProcessingCutoffHandler_HandleProcessErrorBackoff/process_error_via_round_-_should_work
=== PAUSE TestBlockProcessingCutoffHandler_HandleProcessErrorBackoff/process_error_via_round_-_should_work
=== RUN   TestBlockProcessingCutoffHandler_HandleProcessErrorBackoff/process_error_via_nonce_-_should_work
=== PAUSE TestBlockProcessingCutoffHandler_HandleProcessErrorBackoff/process_error_via_nonce_-_should_work
=== RUN   TestBlockProcessingCutoffHandler_HandleProcessErrorBackoff/process_error_via_epoch_-_should_work
=== CONT  TestBlockProcessingCutoffHandler_HandlePauseBackoff
=== PAUSE TestBlockProcessingCutoffHandler_HandleProcessErrorBackoff/process_error_via_epoch_-_should_work
=== CONT  TestBlockProcessingCutoffHandler_HandleProcessErrorBackoff/bad_config_-_should_skip
=== RUN   TestBlockProcessingCutoffHandler_HandlePauseBackoff/bad_config_-_should_skip
=== PAUSE TestBlockProcessingCutoffHandler_HandlePauseBackoff/bad_config_-_should_skip
=== RUN   TestBlockProcessingCutoffHandler_HandlePauseBackoff/pause_via_round_-_should_work
=== PAUSE TestBlockProcessingCutoffHandler_HandlePauseBackoff/pause_via_round_-_should_work
=== RUN   TestBlockProcessingCutoffHandler_HandlePauseBackoff/pause_via_nonce_-_should_work
=== PAUSE TestBlockProcessingCutoffHandler_HandlePauseBackoff/pause_via_nonce_-_should_work
=== RUN   TestBlockProcessingCutoffHandler_HandlePauseBackoff/pause_via_epoch_-_should_work
=== PAUSE TestBlockProcessingCutoffHandler_HandlePauseBackoff/pause_via_epoch_-_should_work
=== CONT  TestBlockProcessingCutoffHandler_HandlePauseBackoff/bad_config_-_should_skip
=== CONT  TestCreateBlockProcessingCutoffHandler/should_create_regular_instance
=== CONT  TestDisabledBlockProcessingCutoff_FunctionsShouldNotPanic
--- PASS: TestDisabledBlockProcessingCutoff_FunctionsShouldNotPanic (0.00s)
=== CONT  TestBlockProcessingCutoffHandler_HandlePauseBackoff/pause_via_epoch_-_should_work
=== CONT  TestBlockProcessingCutoffHandler_HandlePauseBackoff/pause_via_nonce_-_should_work
=== CONT  TestBlockProcessingCutoffHandler_HandlePauseBackoff/pause_via_round_-_should_work
=== CONT  TestBlockProcessingCutoffHandler_HandleProcessErrorBackoff/process_error_via_epoch_-_should_work
=== CONT  TestNewBlockProcessingCutoffHandler
=== RUN   TestNewBlockProcessingCutoffHandler/invalid_mode_-_should_error
=== PAUSE TestNewBlockProcessingCutoffHandler/invalid_mode_-_should_error
=== RUN   TestNewBlockProcessingCutoffHandler/invalid_cutoff_trigger_-_should_error
[0;33mWARN [0m[2026-03-16 10:14:04.957]   node is started by using block processing cutoff and will pause/error at the provided coordinate [0;33mmode[0m = pause [0;33mnonce[0m = 0 
=== PAUSE TestNewBlockProcessingCutoffHandler/invalid_cutoff_trigger_-_should_error
=== RUN   TestNewBlockProcessingCutoffHandler/should_work
=== CONT  TestBlockProcessingCutoffHandler_HandleProcessErrorBackoff/process_error_via_round_-_should_work
=== PAUSE TestNewBlockProcessingCutoffHandler/should_work
=== CONT  TestNewBlockProcessingCutoffHandler/invalid_mode_-_should_error
[0;33mWARN [0m[2026-03-16 10:14:04.957]   node is started by using block processing cutoff and will pause/error at the provided coordinate [0;33mmode[0m = process-error [0;33mround[0m = 20 
=== CONT  TestBlockProcessingCutoffHandler_HandleProcessErrorBackoff/process_error_via_nonce_-_should_work
[0;33mWARN [0m[2026-03-16 10:14:04.957]   node is started by using block processing cutoff and will pause/error at the provided coordinate [0;33mmode[0m = pause [0;33mnonce[0m = 0 
[0;33mWARN [0m[2026-03-16 10:14:04.957]   node is started by using block processing cutoff and will pause/error at the provided coordinate [0;33mmode[0m = pause [0;33mnonce[0m = 37 
[0;33mWARN [0m[2026-03-16 10:14:04.957]   node is started by using block processing cutoff and will pause/error at the provided coordinate [0;33mmode[0m = process-error [0;33mnonce[0m = 20 
--- PASS: TestCreateBlockProcessingCutoffHandler (0.00s)
    --- PASS: TestCreateBlockProcessingCutoffHandler/should_create_disabled_instance (0.00s)
    --- PASS: TestCreateBlockProcessingCutoffHandler/should_create_regular_instance (0.00s)
=== CONT  TestNewBlockProcessingCutoffHandler/should_work
[0;33mWARN [0m[2026-03-16 10:14:04.957]   node is started by using block processing cutoff and will pause/error at the provided coordinate [0;33mmode[0m = pause [0;33mepoch[0m = 20 
[0;33mWARN [0m[2026-03-16 10:14:04.957]   node is started by using block processing cutoff and will pause/error at the provided coordinate [0;33mmode[0m = pause [0;33mepoch[0m = 0 
[0;32mINFO [0m[2026-03-16 10:14:04.957]   block processing cutoff - return err     [0;32mround[0m = 20 
=== CONT  TestNewBlockProcessingCutoffHandler/invalid_cutoff_trigger_-_should_error
[0;32mINFO [0m[2026-03-16 10:14:04.957]   block processing cutoff - return err     [0;32mnonce[0m = 20 
[0;32mINFO [0m[2026-03-16 10:14:04.957]   cutting off the block processing. The node will not advance [0;32mepoch[0m = 20 
--- PASS: TestNewBlockProcessingCutoffHandler (0.00s)
    --- PASS: TestNewBlockProcessingCutoffHandler/invalid_mode_-_should_error (0.00s)
    --- PASS: TestNewBlockProcessingCutoffHandler/should_work (0.00s)
    --- PASS: TestNewBlockProcessingCutoffHandler/invalid_cutoff_trigger_-_should_error (0.00s)
[0;33mWARN [0m[2026-03-16 10:14:04.957]   node is started by using block processing cutoff and will pause/error at the provided coordinate [0;33mmode[0m = pause [0;33mnonce[0m = 20 
[0;32mINFO [0m[2026-03-16 10:14:04.957]   cutting off the block processing. The node will not advance [0;32mnonce[0m = 20 
[0;33mWARN [0m[2026-03-16 10:14:04.957]   node is started by using block processing cutoff and will pause/error at the provided coordinate [0;33mmode[0m = pause [0;33mround[0m = 20 
[0;32mINFO [0m[2026-03-16 10:14:04.957]   cutting off the block processing. The node will not advance [0;32mround[0m = 20 
[0;33mWARN [0m[2026-03-16 10:14:04.957]   node is started by using block processing cutoff and will pause/error at the provided coordinate [0;33mmode[0m = process-error [0;33mepoch[0m = 20 
[0;32mINFO [0m[2026-03-16 10:14:04.957]   block processing cutoff - return err     [0;32mepoch[0m = 20 
--- PASS: TestBlockProcessingCutoffHandler_HandleProcessErrorBackoff (0.00s)
    --- PASS: TestBlockProcessingCutoffHandler_HandleProcessErrorBackoff/bad_config_-_should_skip (0.00s)
    --- PASS: TestBlockProcessingCutoffHandler_HandleProcessErrorBackoff/process_error_via_round_-_should_work (0.00s)
    --- PASS: TestBlockProcessingCutoffHandler_HandleProcessErrorBackoff/process_error_via_nonce_-_should_work (0.00s)
    --- PASS: TestBlockProcessingCutoffHandler_HandleProcessErrorBackoff/process_error_via_epoch_-_should_work (0.00s)
--- PASS: TestBlockProcessingCutoffHandler_HandlePauseBackoff (0.00s)
    --- PASS: TestBlockProcessingCutoffHandler_HandlePauseBackoff/bad_config_-_should_skip (0.00s)
    --- PASS: TestBlockProcessingCutoffHandler_HandlePauseBackoff/pause_via_round_-_should_work (0.11s)
    --- PASS: TestBlockProcessingCutoffHandler_HandlePauseBackoff/pause_via_epoch_-_should_work (0.11s)
    --- PASS: TestBlockProcessingCutoffHandler_HandlePauseBackoff/pause_via_nonce_-_should_work (0.11s)
PASS
ok  	github.com/TerraDharitri/drt-go-chain/process/block/cutoff	(cached)
=== RUN   TestComputeRandomnessForTxSorting
=== PAUSE TestComputeRandomnessForTxSorting
=== CONT  TestComputeRandomnessForTxSorting
=== RUN   TestComputeRandomnessForTxSorting/flag_not_active_should_return_previous_randomness
=== PAUSE TestComputeRandomnessForTxSorting/flag_not_active_should_return_previous_randomness
=== RUN   TestComputeRandomnessForTxSorting/flag_active_should_return_current_randomness
=== PAUSE TestComputeRandomnessForTxSorting/flag_active_should_return_current_randomness
=== CONT  TestComputeRandomnessForTxSorting/flag_not_active_should_return_previous_randomness
=== CONT  TestComputeRandomnessForTxSorting/flag_active_should_return_current_randomness
--- PASS: TestComputeRandomnessForTxSorting (0.00s)
    --- PASS: TestComputeRandomnessForTxSorting/flag_not_active_should_return_previous_randomness (0.00s)
    --- PASS: TestComputeRandomnessForTxSorting/flag_active_should_return_current_randomness (0.00s)
PASS
ok  	github.com/TerraDharitri/drt-go-chain/process/block/helpers	(cached)
=== RUN   TestCheckBlockHeaderArgument_NilArgumentShouldErr
=== PAUSE TestCheckBlockHeaderArgument_NilArgumentShouldErr
=== RUN   TestCheckBlockHeaderArgument_NilHdrShouldErr
=== PAUSE TestCheckBlockHeaderArgument_NilHdrShouldErr
=== RUN   TestCheckBlockHeaderArgument_NilMarshalizerShouldErr
=== PAUSE TestCheckBlockHeaderArgument_NilMarshalizerShouldErr
=== RUN   TestCheckBlockHeaderArgument_NilHeaderSigVerifierShouldErr
=== PAUSE TestCheckBlockHeaderArgument_NilHeaderSigVerifierShouldErr
=== RUN   TestCheckBlockHeaderArgument_NilHasherShouldErr
=== PAUSE TestCheckBlockHeaderArgument_NilHasherShouldErr
=== RUN   TestCheckBlockHeaderArgument_NilShardCoordinatorShouldErr
=== PAUSE TestCheckBlockHeaderArgument_NilShardCoordinatorShouldErr
=== RUN   TestCheckBlockHeaderArgument_NilHeaderIntegrityVerifierShouldErr
=== PAUSE TestCheckBlockHeaderArgument_NilHeaderIntegrityVerifierShouldErr
=== RUN   TestCheckBlockHeaderArgument_NilEpochStartTriggerShouldErr
=== PAUSE TestCheckBlockHeaderArgument_NilEpochStartTriggerShouldErr
=== RUN   TestCheckBlockHeaderArgument_NilValidityAttesterShouldErr
=== PAUSE TestCheckBlockHeaderArgument_NilValidityAttesterShouldErr
=== RUN   TestCheckBlockHeaderArgument_NilEnableEpochsHandlerShouldErr
=== PAUSE TestCheckBlockHeaderArgument_NilEnableEpochsHandlerShouldErr
=== RUN   TestCheckBlockHeaderArgument_ShouldWork
=== PAUSE TestCheckBlockHeaderArgument_ShouldWork
=== RUN   TestCheckMiniblockArgument_NilArgumentShouldErr
=== PAUSE TestCheckMiniblockArgument_NilArgumentShouldErr
=== RUN   TestCheckMiniblockArgument_NilHdrShouldErr
=== PAUSE TestCheckMiniblockArgument_NilHdrShouldErr
=== RUN   TestCheckMiniblockArgument_NilMarshalizerShouldErr
=== PAUSE TestCheckMiniblockArgument_NilMarshalizerShouldErr
=== RUN   TestCheckMiniblockArgument_NilHasherShouldErr
=== PAUSE TestCheckMiniblockArgument_NilHasherShouldErr
=== RUN   TestCheckMiniblockArgument_NilShardCoordinatorShouldErr
=== PAUSE TestCheckMiniblockArgument_NilShardCoordinatorShouldErr
=== RUN   TestCheckMiniblockArgument_ShouldWork
=== PAUSE TestCheckMiniblockArgument_ShouldWork
=== RUN   TestCheckHeaderHandler_NilPubKeysBitmapShouldErr
=== PAUSE TestCheckHeaderHandler_NilPubKeysBitmapShouldErr
=== RUN   TestCheckHeaderHandler_NilPrevHashShouldErr
=== PAUSE TestCheckHeaderHandler_NilPrevHashShouldErr
=== RUN   TestCheckHeaderHandler_NilSignatureShouldErr
=== PAUSE TestCheckHeaderHandler_NilSignatureShouldErr
=== RUN   TestCheckHeaderHandler_NilRootHashErr
=== PAUSE TestCheckHeaderHandler_NilRootHashErr
=== RUN   TestCheckHeaderHandler_NilRandSeedErr
=== PAUSE TestCheckHeaderHandler_NilRandSeedErr
=== RUN   TestCheckHeaderHandler_NilPrevRandSeedErr
=== PAUSE TestCheckHeaderHandler_NilPrevRandSeedErr
=== RUN   TestCheckHeaderHandler_CheckFieldsForNilErrors
=== PAUSE TestCheckHeaderHandler_CheckFieldsForNilErrors
=== RUN   TestCheckHeaderHandler_ShouldWork
=== PAUSE TestCheckHeaderHandler_ShouldWork
=== RUN   TestCheckMetaShardInfo_WithNilOrEmptyShouldReturnNil
=== PAUSE TestCheckMetaShardInfo_WithNilOrEmptyShouldReturnNil
=== RUN   TestCheckMetaShardInfo_ShouldNotCheckShardInfoForShards
=== PAUSE TestCheckMetaShardInfo_ShouldNotCheckShardInfoForShards
=== RUN   TestCheckMetaShardInfo_WrongShardIdShouldErr
=== PAUSE TestCheckMetaShardInfo_WrongShardIdShouldErr
=== RUN   TestCheckMetaShardInfo_WrongMiniblockSenderShardIdShouldErr
=== PAUSE TestCheckMetaShardInfo_WrongMiniblockSenderShardIdShouldErr
=== RUN   TestCheckMetaShardInfo_WrongMiniblockReceiverShardIdShouldErr
=== PAUSE TestCheckMetaShardInfo_WrongMiniblockReceiverShardIdShouldErr
=== RUN   TestCheckMetaShardInfo_ReservedPopulatedShouldErr
=== PAUSE TestCheckMetaShardInfo_ReservedPopulatedShouldErr
=== RUN   TestCheckMetaShardInfo_OkValsShouldWork
=== PAUSE TestCheckMetaShardInfo_OkValsShouldWork
=== RUN   TestCheckMetaShardInfo_WithMultipleShardData
=== PAUSE TestCheckMetaShardInfo_WithMultipleShardData
=== RUN   TestCheckMiniBlocksHeaders_WithNilOrEmptyShouldReturnNil
=== PAUSE TestCheckMiniBlocksHeaders_WithNilOrEmptyShouldReturnNil
=== RUN   TestCheckMiniBlocksHeaders_WrongMiniblockSenderShardIdShouldErr
=== PAUSE TestCheckMiniBlocksHeaders_WrongMiniblockSenderShardIdShouldErr
=== RUN   TestCheckMiniBlocksHeaders_WrongMiniblockReceiverShardIdShouldErr
=== PAUSE TestCheckMiniBlocksHeaders_WrongMiniblockReceiverShardIdShouldErr
=== RUN   TestCheckMiniBlocksHeaders_ReservedPopulatedShouldErr
=== PAUSE TestCheckMiniBlocksHeaders_ReservedPopulatedShouldErr
=== RUN   TestCheckMiniBlocksHeaders_ReservedPopulatedCorrectly
=== PAUSE TestCheckMiniBlocksHeaders_ReservedPopulatedCorrectly
=== RUN   TestCheckMiniBlocksHeaders_OkValsShouldWork
=== PAUSE TestCheckMiniBlocksHeaders_OkValsShouldWork
=== RUN   TestInterceptedEquivalentProof_IsInterfaceNil
=== PAUSE TestInterceptedEquivalentProof_IsInterfaceNil
=== RUN   TestNewInterceptedEquivalentProof
=== PAUSE TestNewInterceptedEquivalentProof
=== RUN   TestInterceptedEquivalentProof_CheckValidity
=== PAUSE TestInterceptedEquivalentProof_CheckValidity
=== RUN   TestInterceptedEquivalentProof_IsForCurrentShard
=== PAUSE TestInterceptedEquivalentProof_IsForCurrentShard
=== RUN   TestInterceptedEquivalentProof_Getters
=== PAUSE TestInterceptedEquivalentProof_Getters
=== RUN   TestNewInterceptedHeader_NilArgumentShouldErr
=== PAUSE TestNewInterceptedHeader_NilArgumentShouldErr
=== RUN   TestNewInterceptedHeader_MarshalizerFailShouldErr
=== PAUSE TestNewInterceptedHeader_MarshalizerFailShouldErr
=== RUN   TestNewInterceptedHeader_NotForThisShardShouldWork
=== PAUSE TestNewInterceptedHeader_NotForThisShardShouldWork
=== RUN   TestNewInterceptedHeader_ForThisShardShouldWork
=== PAUSE TestNewInterceptedHeader_ForThisShardShouldWork
=== RUN   TestNewInterceptedHeader_MetachainForThisShardShouldWork
=== PAUSE TestNewInterceptedHeader_MetachainForThisShardShouldWork
=== RUN   TestInterceptedHeader_CheckValidityNilPubKeyBitmapShouldErr
=== PAUSE TestInterceptedHeader_CheckValidityNilPubKeyBitmapShouldErr
=== RUN   TestInterceptedHeader_CheckValidityLeaderSignatureNotCorrectShouldErr
=== PAUSE TestInterceptedHeader_CheckValidityLeaderSignatureNotCorrectShouldErr
=== RUN   TestInterceptedHeader_CheckValidityLeaderSignatureOkShouldWork
=== PAUSE TestInterceptedHeader_CheckValidityLeaderSignatureOkShouldWork
=== RUN   TestInterceptedHeader_CheckValidityLeaderSignatureOkWithFlagActiveShouldWork
=== PAUSE TestInterceptedHeader_CheckValidityLeaderSignatureOkWithFlagActiveShouldWork
=== RUN   TestInterceptedHeader_ErrorInMiniBlockShouldErr
=== PAUSE TestInterceptedHeader_ErrorInMiniBlockShouldErr
=== RUN   TestInterceptedHeader_CheckValidityShouldWork
=== PAUSE TestInterceptedHeader_CheckValidityShouldWork
=== RUN   TestInterceptedHeader_CheckAgainstRoundHandlerErrorsShouldErr
=== PAUSE TestInterceptedHeader_CheckAgainstRoundHandlerErrorsShouldErr
=== RUN   TestInterceptedHeader_CheckAgainstFinalHeaderErrorsShouldErr
=== PAUSE TestInterceptedHeader_CheckAgainstFinalHeaderErrorsShouldErr
=== RUN   TestInterceptedHeader_Getters
=== PAUSE TestInterceptedHeader_Getters
=== RUN   TestInterceptedHeader_IsInterfaceNil
=== PAUSE TestInterceptedHeader_IsInterfaceNil
=== RUN   Test_UnmarshalHeaderV1FromHeaderV1
--- PASS: Test_UnmarshalHeaderV1FromHeaderV1 (0.00s)
=== RUN   Test_UnmarshalHeaderV1FromHeaderV2
--- PASS: Test_UnmarshalHeaderV1FromHeaderV2 (0.00s)
=== RUN   Test_UnmarshalHeaderV2FromHeaderV1
--- PASS: Test_UnmarshalHeaderV2FromHeaderV1 (0.00s)
=== RUN   Test_UnmarshalHeaderV2FromHeaderV2
--- PASS: Test_UnmarshalHeaderV2FromHeaderV2 (0.00s)
=== RUN   Test_UnmarshalHeaderV2FromHeaderV1WithJson
--- PASS: Test_UnmarshalHeaderV2FromHeaderV1WithJson (0.00s)
=== RUN   TestNewInterceptedMetaHeader_NilArgumentShouldErr
=== PAUSE TestNewInterceptedMetaHeader_NilArgumentShouldErr
=== RUN   TestNewInterceptedMetaHeader_MarshalizerFailShouldErr
=== PAUSE TestNewInterceptedMetaHeader_MarshalizerFailShouldErr
=== RUN   TestNewInterceptedMetaHeader_ShouldWork
=== PAUSE TestNewInterceptedMetaHeader_ShouldWork
=== RUN   TestInterceptedMetaHeader_CheckValidityNilPubKeyBitmapShouldErr
=== PAUSE TestInterceptedMetaHeader_CheckValidityNilPubKeyBitmapShouldErr
=== RUN   TestInterceptedMetaHeader_ErrorInMiniBlockShouldErr
=== PAUSE TestInterceptedMetaHeader_ErrorInMiniBlockShouldErr
=== RUN   TestInterceptedMetaHeader_CheckValidityShouldWork
=== PAUSE TestInterceptedMetaHeader_CheckValidityShouldWork
=== RUN   TestInterceptedMetaHeader_CheckAgainstRoundHandlerAttesterFailsShouldErr
=== PAUSE TestInterceptedMetaHeader_CheckAgainstRoundHandlerAttesterFailsShouldErr
=== RUN   TestInterceptedMetaHeader_CheckAgainstFinalHeaderAttesterFailsShouldErr
=== PAUSE TestInterceptedMetaHeader_CheckAgainstFinalHeaderAttesterFailsShouldErr
=== RUN   TestInterceptedMetaHeader_Getters
=== PAUSE TestInterceptedMetaHeader_Getters
=== RUN   TestInterceptedMetaHeader_CheckValidityLeaderSignatureNotCorrectShouldErr
=== PAUSE TestInterceptedMetaHeader_CheckValidityLeaderSignatureNotCorrectShouldErr
=== RUN   TestInterceptedMetaHeader_CheckValidityLeaderSignatureOkShouldWork
=== PAUSE TestInterceptedMetaHeader_CheckValidityLeaderSignatureOkShouldWork
=== RUN   TestInterceptedMetaHeader_isMetaHeaderEpochOutOfRange
=== RUN   TestInterceptedMetaHeader_isMetaHeaderEpochOutOfRange/old_epoch_header_accepted
=== RUN   TestInterceptedMetaHeader_isMetaHeaderEpochOutOfRange/current_epoch_header_accepted
=== RUN   TestInterceptedMetaHeader_isMetaHeaderEpochOutOfRange/next_epoch_header_accepted
=== RUN   TestInterceptedMetaHeader_isMetaHeaderEpochOutOfRange/larger_epoch_difference_header_rejected
--- PASS: TestInterceptedMetaHeader_isMetaHeaderEpochOutOfRange (0.00s)
    --- PASS: TestInterceptedMetaHeader_isMetaHeaderEpochOutOfRange/old_epoch_header_accepted (0.00s)
    --- PASS: TestInterceptedMetaHeader_isMetaHeaderEpochOutOfRange/current_epoch_header_accepted (0.00s)
    --- PASS: TestInterceptedMetaHeader_isMetaHeaderEpochOutOfRange/next_epoch_header_accepted (0.00s)
    --- PASS: TestInterceptedMetaHeader_isMetaHeaderEpochOutOfRange/larger_epoch_difference_header_rejected (0.00s)
=== RUN   TestInterceptedMetaHeader_IsInterfaceNil
=== PAUSE TestInterceptedMetaHeader_IsInterfaceNil
=== RUN   TestNewInterceptedMiniblock_NilArgumentShouldErr
=== PAUSE TestNewInterceptedMiniblock_NilArgumentShouldErr
=== RUN   TestNewInterceptedMiniblock_MarshalizerFailShouldErr
=== PAUSE TestNewInterceptedMiniblock_MarshalizerFailShouldErr
=== RUN   TestNewInterceptedMiniblock_ShouldWork
=== PAUSE TestNewInterceptedMiniblock_ShouldWork
=== RUN   TestInterceptedMiniblock_InvalidReceiverShardIdShouldErr
=== PAUSE TestInterceptedMiniblock_InvalidReceiverShardIdShouldErr
=== RUN   TestInterceptedMiniblock_InvalidSenderShardIdShouldErr
=== PAUSE TestInterceptedMiniblock_InvalidSenderShardIdShouldErr
=== RUN   TestInterceptedMiniblock_ContainsNilHashShouldErr
=== PAUSE TestInterceptedMiniblock_ContainsNilHashShouldErr
=== RUN   TestInterceptedMiniblock_ShouldWork
=== PAUSE TestInterceptedMiniblock_ShouldWork
=== RUN   TestInterceptedMiniblock_Getters
=== PAUSE TestInterceptedMiniblock_Getters
=== RUN   TestInterceptedMiniblock_IsForCurrentShardMiniblockForOtherShardsShouldRetFalse
=== PAUSE TestInterceptedMiniblock_IsForCurrentShardMiniblockForOtherShardsShouldRetFalse
=== RUN   TestInterceptedMiniblock_IsForCurrentShardMiniblockWithSenderInShardShouldRetTrue
=== PAUSE TestInterceptedMiniblock_IsForCurrentShardMiniblockWithSenderInShardShouldRetTrue
=== RUN   TestInterceptedMiniblock_IsForCurrentShardMiniblockWithReceiverInShardShouldRetTrue
=== PAUSE TestInterceptedMiniblock_IsForCurrentShardMiniblockWithReceiverInShardShouldRetTrue
=== CONT  TestCheckBlockHeaderArgument_NilArgumentShouldErr
--- PASS: TestCheckBlockHeaderArgument_NilArgumentShouldErr (0.00s)
=== CONT  TestInterceptedMiniblock_IsForCurrentShardMiniblockWithReceiverInShardShouldRetTrue
--- PASS: TestInterceptedMiniblock_IsForCurrentShardMiniblockWithReceiverInShardShouldRetTrue (0.00s)
=== CONT  TestInterceptedMiniblock_IsForCurrentShardMiniblockWithSenderInShardShouldRetTrue
--- PASS: TestInterceptedMiniblock_IsForCurrentShardMiniblockWithSenderInShardShouldRetTrue (0.00s)
=== CONT  TestInterceptedMiniblock_IsForCurrentShardMiniblockForOtherShardsShouldRetFalse
--- PASS: TestInterceptedMiniblock_IsForCurrentShardMiniblockForOtherShardsShouldRetFalse (0.00s)
=== CONT  TestInterceptedMiniblock_Getters
--- PASS: TestInterceptedMiniblock_Getters (0.00s)
=== CONT  TestInterceptedMiniblock_ShouldWork
--- PASS: TestInterceptedMiniblock_ShouldWork (0.00s)
=== CONT  TestInterceptedMiniblock_ContainsNilHashShouldErr
--- PASS: TestInterceptedMiniblock_ContainsNilHashShouldErr (0.00s)
=== CONT  TestInterceptedMiniblock_InvalidSenderShardIdShouldErr
--- PASS: TestInterceptedMiniblock_InvalidSenderShardIdShouldErr (0.00s)
=== CONT  TestInterceptedMiniblock_InvalidReceiverShardIdShouldErr
--- PASS: TestInterceptedMiniblock_InvalidReceiverShardIdShouldErr (0.00s)
=== CONT  TestNewInterceptedMiniblock_ShouldWork
--- PASS: TestNewInterceptedMiniblock_ShouldWork (0.00s)
=== CONT  TestNewInterceptedMiniblock_MarshalizerFailShouldErr
--- PASS: TestNewInterceptedMiniblock_MarshalizerFailShouldErr (0.00s)
=== CONT  TestNewInterceptedMiniblock_NilArgumentShouldErr
--- PASS: TestNewInterceptedMiniblock_NilArgumentShouldErr (0.00s)
=== CONT  TestInterceptedMetaHeader_IsInterfaceNil
--- PASS: TestInterceptedMetaHeader_IsInterfaceNil (0.00s)
=== CONT  TestInterceptedMetaHeader_CheckValidityLeaderSignatureOkShouldWork
--- PASS: TestInterceptedMetaHeader_CheckValidityLeaderSignatureOkShouldWork (0.00s)
=== CONT  TestInterceptedMetaHeader_CheckValidityLeaderSignatureNotCorrectShouldErr
--- PASS: TestInterceptedMetaHeader_CheckValidityLeaderSignatureNotCorrectShouldErr (0.00s)
=== CONT  TestInterceptedMetaHeader_Getters
--- PASS: TestInterceptedMetaHeader_Getters (0.00s)
=== CONT  TestInterceptedMetaHeader_CheckAgainstFinalHeaderAttesterFailsShouldErr
--- PASS: TestInterceptedMetaHeader_CheckAgainstFinalHeaderAttesterFailsShouldErr (0.00s)
=== CONT  TestInterceptedMetaHeader_CheckAgainstRoundHandlerAttesterFailsShouldErr
--- PASS: TestInterceptedMetaHeader_CheckAgainstRoundHandlerAttesterFailsShouldErr (0.00s)
=== CONT  TestInterceptedMetaHeader_CheckValidityShouldWork
--- PASS: TestInterceptedMetaHeader_CheckValidityShouldWork (0.00s)
=== CONT  TestInterceptedMetaHeader_ErrorInMiniBlockShouldErr
--- PASS: TestInterceptedMetaHeader_ErrorInMiniBlockShouldErr (0.00s)
=== CONT  TestInterceptedMetaHeader_CheckValidityNilPubKeyBitmapShouldErr
--- PASS: TestInterceptedMetaHeader_CheckValidityNilPubKeyBitmapShouldErr (0.00s)
=== CONT  TestNewInterceptedMetaHeader_ShouldWork
--- PASS: TestNewInterceptedMetaHeader_ShouldWork (0.00s)
=== CONT  TestNewInterceptedMetaHeader_MarshalizerFailShouldErr
--- PASS: TestNewInterceptedMetaHeader_MarshalizerFailShouldErr (0.00s)
=== CONT  TestNewInterceptedMetaHeader_NilArgumentShouldErr
--- PASS: TestNewInterceptedMetaHeader_NilArgumentShouldErr (0.00s)
=== CONT  TestInterceptedHeader_IsInterfaceNil
--- PASS: TestInterceptedHeader_IsInterfaceNil (0.00s)
=== CONT  TestInterceptedHeader_Getters
--- PASS: TestInterceptedHeader_Getters (0.00s)
=== CONT  TestInterceptedHeader_CheckAgainstFinalHeaderErrorsShouldErr
--- PASS: TestInterceptedHeader_CheckAgainstFinalHeaderErrorsShouldErr (0.00s)
=== CONT  TestInterceptedHeader_CheckAgainstRoundHandlerErrorsShouldErr
--- PASS: TestInterceptedHeader_CheckAgainstRoundHandlerErrorsShouldErr (0.00s)
=== CONT  TestInterceptedHeader_CheckValidityShouldWork
--- PASS: TestInterceptedHeader_CheckValidityShouldWork (0.00s)
=== CONT  TestInterceptedHeader_ErrorInMiniBlockShouldErr
--- PASS: TestInterceptedHeader_ErrorInMiniBlockShouldErr (0.00s)
=== CONT  TestInterceptedHeader_CheckValidityLeaderSignatureOkWithFlagActiveShouldWork
--- PASS: TestInterceptedHeader_CheckValidityLeaderSignatureOkWithFlagActiveShouldWork (0.00s)
=== CONT  TestInterceptedHeader_CheckValidityLeaderSignatureOkShouldWork
--- PASS: TestInterceptedHeader_CheckValidityLeaderSignatureOkShouldWork (0.00s)
=== CONT  TestInterceptedHeader_CheckValidityLeaderSignatureNotCorrectShouldErr
--- PASS: TestInterceptedHeader_CheckValidityLeaderSignatureNotCorrectShouldErr (0.00s)
=== CONT  TestInterceptedHeader_CheckValidityNilPubKeyBitmapShouldErr
--- PASS: TestInterceptedHeader_CheckValidityNilPubKeyBitmapShouldErr (0.00s)
=== CONT  TestNewInterceptedHeader_MetachainForThisShardShouldWork
--- PASS: TestNewInterceptedHeader_MetachainForThisShardShouldWork (0.00s)
=== CONT  TestNewInterceptedHeader_ForThisShardShouldWork
--- PASS: TestNewInterceptedHeader_ForThisShardShouldWork (0.00s)
=== CONT  TestNewInterceptedHeader_NotForThisShardShouldWork
--- PASS: TestNewInterceptedHeader_NotForThisShardShouldWork (0.00s)
=== CONT  TestNewInterceptedHeader_MarshalizerFailShouldErr
--- PASS: TestNewInterceptedHeader_MarshalizerFailShouldErr (0.00s)
=== CONT  TestNewInterceptedHeader_NilArgumentShouldErr
--- PASS: TestNewInterceptedHeader_NilArgumentShouldErr (0.00s)
=== CONT  TestInterceptedEquivalentProof_Getters
--- PASS: TestInterceptedEquivalentProof_Getters (0.00s)
=== CONT  TestInterceptedEquivalentProof_IsForCurrentShard
=== RUN   TestInterceptedEquivalentProof_IsForCurrentShard/meta_should_return_true
=== PAUSE TestInterceptedEquivalentProof_IsForCurrentShard/meta_should_return_true
=== RUN   TestInterceptedEquivalentProof_IsForCurrentShard/meta_proof_on_different_shard_should_return_true
=== PAUSE TestInterceptedEquivalentProof_IsForCurrentShard/meta_proof_on_different_shard_should_return_true
=== RUN   TestInterceptedEquivalentProof_IsForCurrentShard/self_shard_id_return_true
=== PAUSE TestInterceptedEquivalentProof_IsForCurrentShard/self_shard_id_return_true
=== RUN   TestInterceptedEquivalentProof_IsForCurrentShard/other_shard_id_return_true
=== PAUSE TestInterceptedEquivalentProof_IsForCurrentShard/other_shard_id_return_true
=== CONT  TestInterceptedEquivalentProof_IsForCurrentShard/meta_should_return_true
=== CONT  TestInterceptedEquivalentProof_CheckValidity
=== RUN   TestInterceptedEquivalentProof_CheckValidity/invalid_proof_should_error
=== PAUSE TestInterceptedEquivalentProof_CheckValidity/invalid_proof_should_error
=== RUN   TestInterceptedEquivalentProof_CheckValidity/already_exiting_proof_should_error
=== PAUSE TestInterceptedEquivalentProof_CheckValidity/already_exiting_proof_should_error
=== RUN   TestInterceptedEquivalentProof_CheckValidity/should_work
=== PAUSE TestInterceptedEquivalentProof_CheckValidity/should_work
=== RUN   TestInterceptedEquivalentProof_CheckValidity/concurrent_calls_should_work
=== PAUSE TestInterceptedEquivalentProof_CheckValidity/concurrent_calls_should_work
=== CONT  TestInterceptedEquivalentProof_CheckValidity/invalid_proof_should_error
=== CONT  TestNewInterceptedEquivalentProof
=== RUN   TestNewInterceptedEquivalentProof/nil_DataBuff_should_error
=== PAUSE TestNewInterceptedEquivalentProof/nil_DataBuff_should_error
=== RUN   TestNewInterceptedEquivalentProof/nil_Marshaller_should_error
=== PAUSE TestNewInterceptedEquivalentProof/nil_Marshaller_should_error
=== RUN   TestNewInterceptedEquivalentProof/nil_ShardCoordinator_should_error
=== PAUSE TestNewInterceptedEquivalentProof/nil_ShardCoordinator_should_error
=== RUN   TestNewInterceptedEquivalentProof/nil_HeaderSigVerifier_should_error
=== PAUSE TestNewInterceptedEquivalentProof/nil_HeaderSigVerifier_should_error
=== RUN   TestNewInterceptedEquivalentProof/nil_proofs_pool_should_error
=== PAUSE TestNewInterceptedEquivalentProof/nil_proofs_pool_should_error
=== RUN   TestNewInterceptedEquivalentProof/nil_Hasher_should_error
=== PAUSE TestNewInterceptedEquivalentProof/nil_Hasher_should_error
=== RUN   TestNewInterceptedEquivalentProof/unmarshal_error_should_error
=== PAUSE TestNewInterceptedEquivalentProof/unmarshal_error_should_error
=== RUN   TestNewInterceptedEquivalentProof/nil_ProofSizeChecker_should_error
=== PAUSE TestNewInterceptedEquivalentProof/nil_ProofSizeChecker_should_error
=== RUN   TestNewInterceptedEquivalentProof/nil_KeyRWMutexHandler_should_error
=== PAUSE TestNewInterceptedEquivalentProof/nil_KeyRWMutexHandler_should_error
=== RUN   TestNewInterceptedEquivalentProof/should_work
=== PAUSE TestNewInterceptedEquivalentProof/should_work
=== CONT  TestNewInterceptedEquivalentProof/nil_DataBuff_should_error
=== CONT  TestInterceptedEquivalentProof_IsInterfaceNil
--- PASS: TestInterceptedEquivalentProof_IsInterfaceNil (0.00s)
=== CONT  TestCheckMiniBlocksHeaders_OkValsShouldWork
--- PASS: TestCheckMiniBlocksHeaders_OkValsShouldWork (0.00s)
=== CONT  TestCheckMiniBlocksHeaders_ReservedPopulatedCorrectly
--- PASS: TestCheckMiniBlocksHeaders_ReservedPopulatedCorrectly (0.00s)
=== CONT  TestCheckMiniBlocksHeaders_ReservedPopulatedShouldErr
--- PASS: TestCheckMiniBlocksHeaders_ReservedPopulatedShouldErr (0.00s)
=== CONT  TestCheckMiniBlocksHeaders_WrongMiniblockReceiverShardIdShouldErr
--- PASS: TestCheckMiniBlocksHeaders_WrongMiniblockReceiverShardIdShouldErr (0.00s)
=== CONT  TestCheckMiniBlocksHeaders_WrongMiniblockSenderShardIdShouldErr
--- PASS: TestCheckMiniBlocksHeaders_WrongMiniblockSenderShardIdShouldErr (0.00s)
=== CONT  TestCheckMiniBlocksHeaders_WithNilOrEmptyShouldReturnNil
--- PASS: TestCheckMiniBlocksHeaders_WithNilOrEmptyShouldReturnNil (0.00s)
=== CONT  TestCheckMetaShardInfo_WithMultipleShardData
=== RUN   TestCheckMetaShardInfo_WithMultipleShardData/should_return_invalid_shard_id_error,_with_multiple_shard_data
=== PAUSE TestCheckMetaShardInfo_WithMultipleShardData/should_return_invalid_shard_id_error,_with_multiple_shard_data
=== CONT  TestCheckMetaShardInfo_WithMultipleShardData/should_return_invalid_shard_id_error,_with_multiple_shard_data
--- PASS: TestCheckMetaShardInfo_WithMultipleShardData (0.00s)
    --- PASS: TestCheckMetaShardInfo_WithMultipleShardData/should_return_invalid_shard_id_error,_with_multiple_shard_data (0.00s)
=== CONT  TestCheckMetaShardInfo_OkValsShouldWork
--- PASS: TestCheckMetaShardInfo_OkValsShouldWork (0.00s)
=== CONT  TestCheckMetaShardInfo_ReservedPopulatedShouldErr
--- PASS: TestCheckMetaShardInfo_ReservedPopulatedShouldErr (0.00s)
=== CONT  TestCheckMetaShardInfo_WrongMiniblockReceiverShardIdShouldErr
--- PASS: TestCheckMetaShardInfo_WrongMiniblockReceiverShardIdShouldErr (0.00s)
=== CONT  TestCheckMetaShardInfo_WrongMiniblockSenderShardIdShouldErr
--- PASS: TestCheckMetaShardInfo_WrongMiniblockSenderShardIdShouldErr (0.00s)
=== CONT  TestCheckMetaShardInfo_WrongShardIdShouldErr
--- PASS: TestCheckMetaShardInfo_WrongShardIdShouldErr (0.00s)
=== CONT  TestCheckMetaShardInfo_ShouldNotCheckShardInfoForShards
--- PASS: TestCheckMetaShardInfo_ShouldNotCheckShardInfoForShards (0.00s)
=== CONT  TestCheckMetaShardInfo_WithNilOrEmptyShouldReturnNil
--- PASS: TestCheckMetaShardInfo_WithNilOrEmptyShouldReturnNil (0.00s)
=== CONT  TestCheckHeaderHandler_ShouldWork
--- PASS: TestCheckHeaderHandler_ShouldWork (0.00s)
=== CONT  TestCheckHeaderHandler_CheckFieldsForNilErrors
--- PASS: TestCheckHeaderHandler_CheckFieldsForNilErrors (0.00s)
=== CONT  TestCheckHeaderHandler_NilPrevRandSeedErr
--- PASS: TestCheckHeaderHandler_NilPrevRandSeedErr (0.00s)
=== CONT  TestCheckHeaderHandler_NilRandSeedErr
--- PASS: TestCheckHeaderHandler_NilRandSeedErr (0.00s)
=== CONT  TestCheckHeaderHandler_NilRootHashErr
--- PASS: TestCheckHeaderHandler_NilRootHashErr (0.00s)
=== CONT  TestCheckHeaderHandler_NilSignatureShouldErr
--- PASS: TestCheckHeaderHandler_NilSignatureShouldErr (0.00s)
=== CONT  TestCheckHeaderHandler_NilPrevHashShouldErr
--- PASS: TestCheckHeaderHandler_NilPrevHashShouldErr (0.00s)
=== CONT  TestCheckHeaderHandler_NilPubKeysBitmapShouldErr
--- PASS: TestCheckHeaderHandler_NilPubKeysBitmapShouldErr (0.00s)
=== CONT  TestCheckMiniblockArgument_ShouldWork
--- PASS: TestCheckMiniblockArgument_ShouldWork (0.00s)
=== CONT  TestCheckMiniblockArgument_NilShardCoordinatorShouldErr
--- PASS: TestCheckMiniblockArgument_NilShardCoordinatorShouldErr (0.00s)
=== CONT  TestCheckMiniblockArgument_NilHasherShouldErr
--- PASS: TestCheckMiniblockArgument_NilHasherShouldErr (0.00s)
=== CONT  TestCheckMiniblockArgument_NilMarshalizerShouldErr
--- PASS: TestCheckMiniblockArgument_NilMarshalizerShouldErr (0.00s)
=== CONT  TestCheckMiniblockArgument_NilHdrShouldErr
--- PASS: TestCheckMiniblockArgument_NilHdrShouldErr (0.00s)
=== CONT  TestCheckMiniblockArgument_NilArgumentShouldErr
--- PASS: TestCheckMiniblockArgument_NilArgumentShouldErr (0.00s)
=== CONT  TestCheckBlockHeaderArgument_ShouldWork
--- PASS: TestCheckBlockHeaderArgument_ShouldWork (0.00s)
=== CONT  TestCheckBlockHeaderArgument_NilEnableEpochsHandlerShouldErr
--- PASS: TestCheckBlockHeaderArgument_NilEnableEpochsHandlerShouldErr (0.00s)
=== CONT  TestCheckBlockHeaderArgument_NilValidityAttesterShouldErr
--- PASS: TestCheckBlockHeaderArgument_NilValidityAttesterShouldErr (0.00s)
=== CONT  TestCheckBlockHeaderArgument_NilEpochStartTriggerShouldErr
--- PASS: TestCheckBlockHeaderArgument_NilEpochStartTriggerShouldErr (0.00s)
=== CONT  TestCheckBlockHeaderArgument_NilHeaderIntegrityVerifierShouldErr
--- PASS: TestCheckBlockHeaderArgument_NilHeaderIntegrityVerifierShouldErr (0.00s)
=== CONT  TestCheckBlockHeaderArgument_NilShardCoordinatorShouldErr
--- PASS: TestCheckBlockHeaderArgument_NilShardCoordinatorShouldErr (0.00s)
=== CONT  TestCheckBlockHeaderArgument_NilHasherShouldErr
--- PASS: TestCheckBlockHeaderArgument_NilHasherShouldErr (0.00s)
=== CONT  TestCheckBlockHeaderArgument_NilHeaderSigVerifierShouldErr
--- PASS: TestCheckBlockHeaderArgument_NilHeaderSigVerifierShouldErr (0.00s)
=== CONT  TestCheckBlockHeaderArgument_NilMarshalizerShouldErr
--- PASS: TestCheckBlockHeaderArgument_NilMarshalizerShouldErr (0.00s)
=== CONT  TestCheckBlockHeaderArgument_NilHdrShouldErr
--- PASS: TestCheckBlockHeaderArgument_NilHdrShouldErr (0.00s)
=== CONT  TestInterceptedEquivalentProof_IsForCurrentShard/other_shard_id_return_true
=== CONT  TestInterceptedEquivalentProof_IsForCurrentShard/self_shard_id_return_true
=== CONT  TestNewInterceptedEquivalentProof/nil_ProofSizeChecker_should_error
=== CONT  TestInterceptedEquivalentProof_IsForCurrentShard/meta_proof_on_different_shard_should_return_true
=== CONT  TestInterceptedEquivalentProof_CheckValidity/concurrent_calls_should_work
=== CONT  TestInterceptedEquivalentProof_CheckValidity/should_work
=== CONT  TestInterceptedEquivalentProof_CheckValidity/already_exiting_proof_should_error
=== CONT  TestNewInterceptedEquivalentProof/should_work
=== CONT  TestNewInterceptedEquivalentProof/nil_KeyRWMutexHandler_should_error
--- PASS: TestInterceptedEquivalentProof_IsForCurrentShard (0.00s)
    --- PASS: TestInterceptedEquivalentProof_IsForCurrentShard/meta_should_return_true (0.00s)
    --- PASS: TestInterceptedEquivalentProof_IsForCurrentShard/other_shard_id_return_true (0.00s)
    --- PASS: TestInterceptedEquivalentProof_IsForCurrentShard/meta_proof_on_different_shard_should_return_true (0.00s)
    --- PASS: TestInterceptedEquivalentProof_IsForCurrentShard/self_shard_id_return_true (0.01s)
=== CONT  TestNewInterceptedEquivalentProof/nil_proofs_pool_should_error
=== CONT  TestNewInterceptedEquivalentProof/unmarshal_error_should_error
=== CONT  TestNewInterceptedEquivalentProof/nil_Hasher_should_error
=== CONT  TestNewInterceptedEquivalentProof/nil_ShardCoordinator_should_error
=== CONT  TestNewInterceptedEquivalentProof/nil_HeaderSigVerifier_should_error
=== CONT  TestNewInterceptedEquivalentProof/nil_Marshaller_should_error
--- PASS: TestNewInterceptedEquivalentProof (0.00s)
    --- PASS: TestNewInterceptedEquivalentProof/nil_DataBuff_should_error (0.00s)
    --- PASS: TestNewInterceptedEquivalentProof/nil_ProofSizeChecker_should_error (0.00s)
    --- PASS: TestNewInterceptedEquivalentProof/should_work (0.00s)
    --- PASS: TestNewInterceptedEquivalentProof/nil_KeyRWMutexHandler_should_error (0.00s)
    --- PASS: TestNewInterceptedEquivalentProof/nil_proofs_pool_should_error (0.00s)
    --- PASS: TestNewInterceptedEquivalentProof/unmarshal_error_should_error (0.00s)
    --- PASS: TestNewInterceptedEquivalentProof/nil_Hasher_should_error (0.00s)
    --- PASS: TestNewInterceptedEquivalentProof/nil_ShardCoordinator_should_error (0.00s)
    --- PASS: TestNewInterceptedEquivalentProof/nil_HeaderSigVerifier_should_error (0.00s)
    --- PASS: TestNewInterceptedEquivalentProof/nil_Marshaller_should_error (0.00s)
--- PASS: TestInterceptedEquivalentProof_CheckValidity (0.00s)
    --- PASS: TestInterceptedEquivalentProof_CheckValidity/invalid_proof_should_error (0.00s)
    --- PASS: TestInterceptedEquivalentProof_CheckValidity/should_work (0.00s)
    --- PASS: TestInterceptedEquivalentProof_CheckValidity/already_exiting_proof_should_error (0.00s)
    --- PASS: TestInterceptedEquivalentProof_CheckValidity/concurrent_calls_should_work (0.03s)
PASS
ok  	github.com/TerraDharitri/drt-go-chain/process/block/interceptedBlocks	(cached)
=== RUN   TestNewPendingMiniBlocks_ShouldWork
=== PAUSE TestNewPendingMiniBlocks_ShouldWork
=== RUN   TestPendingMiniBlockHeaders_AddProcessedHeaderNilHeaderShouldErr
=== PAUSE TestPendingMiniBlockHeaders_AddProcessedHeaderNilHeaderShouldErr
=== RUN   TestPendingMiniBlockHeaders_AddProcessedHeaderWrongHeaderShouldErr
=== PAUSE TestPendingMiniBlockHeaders_AddProcessedHeaderWrongHeaderShouldErr
=== RUN   TestPendingMiniBlockHeaders_AddProcessedHeaderShouldWork
=== PAUSE TestPendingMiniBlockHeaders_AddProcessedHeaderShouldWork
=== RUN   TestPendingMiniBlockHeaders_Revert
=== PAUSE TestPendingMiniBlockHeaders_Revert
=== RUN   TestPendingMiniBlockHeaders_SetPendingMiniBlocks
=== PAUSE TestPendingMiniBlockHeaders_SetPendingMiniBlocks
=== CONT  TestNewPendingMiniBlocks_ShouldWork
--- PASS: TestNewPendingMiniBlocks_ShouldWork (0.00s)
=== CONT  TestPendingMiniBlockHeaders_SetPendingMiniBlocks
--- PASS: TestPendingMiniBlockHeaders_SetPendingMiniBlocks (0.00s)
=== CONT  TestPendingMiniBlockHeaders_Revert
=== RUN   TestPendingMiniBlockHeaders_Revert/nil_header_should_error
=== PAUSE TestPendingMiniBlockHeaders_Revert/nil_header_should_error
=== RUN   TestPendingMiniBlockHeaders_Revert/wrong_header_should_error
=== PAUSE TestPendingMiniBlockHeaders_Revert/wrong_header_should_error
=== CONT  TestPendingMiniBlockHeaders_AddProcessedHeaderShouldWork
=== RUN   TestPendingMiniBlockHeaders_Revert/not_an_epoch_start_should_revert
=== RUN   TestPendingMiniBlockHeaders_AddProcessedHeaderShouldWork/same_sender_and_receiver_shard,_empty_pendingMb
=== CONT  TestPendingMiniBlockHeaders_AddProcessedHeaderNilHeaderShouldErr
=== CONT  TestPendingMiniBlockHeaders_AddProcessedHeaderWrongHeaderShouldErr
=== PAUSE TestPendingMiniBlockHeaders_Revert/not_an_epoch_start_should_revert
--- PASS: TestPendingMiniBlockHeaders_AddProcessedHeaderWrongHeaderShouldErr (0.00s)
=== RUN   TestPendingMiniBlockHeaders_AddProcessedHeaderShouldWork/metachain_receiver_shard,_empty_pendingMb
--- PASS: TestPendingMiniBlockHeaders_AddProcessedHeaderNilHeaderShouldErr (0.00s)
=== RUN   TestPendingMiniBlockHeaders_Revert/epoch_start_should_revert_completely
=== PAUSE TestPendingMiniBlockHeaders_Revert/epoch_start_should_revert_completely
=== RUN   TestPendingMiniBlockHeaders_AddProcessedHeaderShouldWork/metachain_sender_shard,_empty_pendingMb
=== CONT  TestPendingMiniBlockHeaders_Revert/wrong_header_should_error
=== CONT  TestPendingMiniBlockHeaders_Revert/nil_header_should_error
=== CONT  TestPendingMiniBlockHeaders_Revert/epoch_start_should_revert_completely
=== RUN   TestPendingMiniBlockHeaders_AddProcessedHeaderShouldWork/different_sender_and_receiver_shard,_non_empty_pendingMb
=== CONT  TestPendingMiniBlockHeaders_Revert/not_an_epoch_start_should_revert
=== RUN   TestPendingMiniBlockHeaders_AddProcessedHeaderShouldWork/different_sender_and_receiver_shard,_delete_already_added,_non_empty_pendingMb
--- PASS: TestPendingMiniBlockHeaders_Revert (0.00s)
    --- PASS: TestPendingMiniBlockHeaders_Revert/wrong_header_should_error (0.00s)
    --- PASS: TestPendingMiniBlockHeaders_Revert/nil_header_should_error (0.00s)
    --- PASS: TestPendingMiniBlockHeaders_Revert/epoch_start_should_revert_completely (0.00s)
    --- PASS: TestPendingMiniBlockHeaders_Revert/not_an_epoch_start_should_revert (0.00s)
=== RUN   TestPendingMiniBlockHeaders_AddProcessedHeaderShouldWork/epoch_start_should_reprocess_everything
=== PAUSE TestPendingMiniBlockHeaders_AddProcessedHeaderShouldWork/epoch_start_should_reprocess_everything
=== CONT  TestPendingMiniBlockHeaders_AddProcessedHeaderShouldWork/epoch_start_should_reprocess_everything
--- PASS: TestPendingMiniBlockHeaders_AddProcessedHeaderShouldWork (0.00s)
    --- PASS: TestPendingMiniBlockHeaders_AddProcessedHeaderShouldWork/same_sender_and_receiver_shard,_empty_pendingMb (0.00s)
    --- PASS: TestPendingMiniBlockHeaders_AddProcessedHeaderShouldWork/metachain_receiver_shard,_empty_pendingMb (0.00s)
    --- PASS: TestPendingMiniBlockHeaders_AddProcessedHeaderShouldWork/metachain_sender_shard,_empty_pendingMb (0.00s)
    --- PASS: TestPendingMiniBlockHeaders_AddProcessedHeaderShouldWork/different_sender_and_receiver_shard,_non_empty_pendingMb (0.00s)
    --- PASS: TestPendingMiniBlockHeaders_AddProcessedHeaderShouldWork/different_sender_and_receiver_shard,_delete_already_added,_non_empty_pendingMb (0.00s)
    --- PASS: TestPendingMiniBlockHeaders_AddProcessedHeaderShouldWork/epoch_start_should_reprocess_everything (0.00s)
PASS
ok  	github.com/TerraDharitri/drt-go-chain/process/block/pendingMb	(cached)
=== RUN   TestNewMiniBlocksPoolsCleaner_NilMiniblockPoolShouldErr
=== PAUSE TestNewMiniBlocksPoolsCleaner_NilMiniblockPoolShouldErr
=== RUN   TestNewMiniBlocksPoolsCleaner_NilRoundHandlerShouldErr
=== PAUSE TestNewMiniBlocksPoolsCleaner_NilRoundHandlerShouldErr
=== RUN   TestNewMiniBlocksPoolsCleaner_NilShardCoordinatorShouldErr
=== PAUSE TestNewMiniBlocksPoolsCleaner_NilShardCoordinatorShouldErr
=== RUN   TestNewMiniBlocksPoolsCleaner_InvalidMaxRoundsToKeepUnprocessedDataShouldErr
=== PAUSE TestNewMiniBlocksPoolsCleaner_InvalidMaxRoundsToKeepUnprocessedDataShouldErr
=== RUN   TestNewMiniBlocksPoolsCleaner_ShouldWork
=== PAUSE TestNewMiniBlocksPoolsCleaner_ShouldWork
=== RUN   TestReceivedMiniBlock_WrongTypeShouldBeIgnored
=== PAUSE TestReceivedMiniBlock_WrongTypeShouldBeIgnored
=== RUN   TestReceivedMiniBlock_ShouldBeAddedInMap
=== PAUSE TestReceivedMiniBlock_ShouldBeAddedInMap
=== RUN   TestCleanMiniblocksPoolsIfNeeded_MiniblockNotInPoolShouldBeRemovedFromMap
=== PAUSE TestCleanMiniblocksPoolsIfNeeded_MiniblockNotInPoolShouldBeRemovedFromMap
=== RUN   TestCleanMiniblocksPoolsIfNeeded_RoundDiffTooSmallMiniblockShouldRemainInMap
=== PAUSE TestCleanMiniblocksPoolsIfNeeded_RoundDiffTooSmallMiniblockShouldRemainInMap
=== RUN   TestCleanMiniblocksPoolsIfNeeded_MbShouldBeRemovedFromPoolAndMap
=== PAUSE TestCleanMiniblocksPoolsIfNeeded_MbShouldBeRemovedFromPoolAndMap
=== RUN   TestNewTxsPoolsCleaner_NilAddrConverterErr
=== PAUSE TestNewTxsPoolsCleaner_NilAddrConverterErr
=== RUN   TestNewTxsPoolsCleaner_NilDataPoolHolderErr
=== PAUSE TestNewTxsPoolsCleaner_NilDataPoolHolderErr
=== RUN   TestNewTxsPoolsCleaner_NilTxsPoolErr
=== PAUSE TestNewTxsPoolsCleaner_NilTxsPoolErr
=== RUN   TestNewTxsPoolsCleaner_NilRewardTxsPoolErr
=== PAUSE TestNewTxsPoolsCleaner_NilRewardTxsPoolErr
=== RUN   TestNewTxsPoolsCleaner_NilUnsignedTxsPoolErr
=== PAUSE TestNewTxsPoolsCleaner_NilUnsignedTxsPoolErr
=== RUN   TestNewTxsPoolsCleaner_NilRoundHandlerErr
=== PAUSE TestNewTxsPoolsCleaner_NilRoundHandlerErr
=== RUN   TestNewTxsPoolsCleaner_NilShardCoordinatorErr
=== PAUSE TestNewTxsPoolsCleaner_NilShardCoordinatorErr
=== RUN   TestNewTxsPoolsCleaner_InvalidMaxRoundsToKeepUnprocessedDataShouldErr
=== PAUSE TestNewTxsPoolsCleaner_InvalidMaxRoundsToKeepUnprocessedDataShouldErr
=== RUN   TestNewTxsPoolsCleaner_ShouldWork
=== PAUSE TestNewTxsPoolsCleaner_ShouldWork
=== RUN   TestGetShardFromAddress
=== PAUSE TestGetShardFromAddress
=== RUN   TestReceivedBlockTx_ShouldBeAddedInMapTxsRounds
=== PAUSE TestReceivedBlockTx_ShouldBeAddedInMapTxsRounds
=== RUN   TestReceivedRewardTx_ShouldBeAddedInMapTxsRounds
=== PAUSE TestReceivedRewardTx_ShouldBeAddedInMapTxsRounds
=== RUN   TestReceivedUnsignedTx_ShouldBeAddedInMapTxsRounds
=== PAUSE TestReceivedUnsignedTx_ShouldBeAddedInMapTxsRounds
=== RUN   TestCleanTxsPoolsIfNeeded_CannotFindTxInPoolShouldBeRemovedFromMap
=== PAUSE TestCleanTxsPoolsIfNeeded_CannotFindTxInPoolShouldBeRemovedFromMap
=== RUN   TestCleanTxsPoolsIfNeeded_RoundDiffTooSmallShouldNotBeRemoved
=== PAUSE TestCleanTxsPoolsIfNeeded_RoundDiffTooSmallShouldNotBeRemoved
=== RUN   TestCleanTxsPoolsIfNeeded_RoundDiffTooBigShouldBeRemoved
=== PAUSE TestCleanTxsPoolsIfNeeded_RoundDiffTooBigShouldBeRemoved
=== CONT  TestNewMiniBlocksPoolsCleaner_NilMiniblockPoolShouldErr
=== CONT  TestNewTxsPoolsCleaner_NilRewardTxsPoolErr
--- PASS: TestNewMiniBlocksPoolsCleaner_NilMiniblockPoolShouldErr (0.00s)
=== CONT  TestCleanTxsPoolsIfNeeded_RoundDiffTooBigShouldBeRemoved
--- PASS: TestNewTxsPoolsCleaner_NilRewardTxsPoolErr (0.00s)
=== CONT  TestCleanTxsPoolsIfNeeded_RoundDiffTooSmallShouldNotBeRemoved
--- PASS: TestCleanTxsPoolsIfNeeded_RoundDiffTooBigShouldBeRemoved (0.00s)
=== CONT  TestCleanTxsPoolsIfNeeded_CannotFindTxInPoolShouldBeRemovedFromMap
--- PASS: TestCleanTxsPoolsIfNeeded_CannotFindTxInPoolShouldBeRemovedFromMap (0.00s)
=== CONT  TestReceivedUnsignedTx_ShouldBeAddedInMapTxsRounds
--- PASS: TestCleanTxsPoolsIfNeeded_RoundDiffTooSmallShouldNotBeRemoved (0.00s)
=== CONT  TestReceivedRewardTx_ShouldBeAddedInMapTxsRounds
--- PASS: TestReceivedUnsignedTx_ShouldBeAddedInMapTxsRounds (0.00s)
=== CONT  TestReceivedBlockTx_ShouldBeAddedInMapTxsRounds
--- PASS: TestReceivedRewardTx_ShouldBeAddedInMapTxsRounds (0.00s)
--- PASS: TestReceivedBlockTx_ShouldBeAddedInMapTxsRounds (0.00s)
=== CONT  TestGetShardFromAddress
=== CONT  TestNewTxsPoolsCleaner_ShouldWork
--- PASS: TestGetShardFromAddress (0.00s)
--- PASS: TestNewTxsPoolsCleaner_ShouldWork (0.00s)
=== CONT  TestNewTxsPoolsCleaner_InvalidMaxRoundsToKeepUnprocessedDataShouldErr
=== CONT  TestNewTxsPoolsCleaner_NilShardCoordinatorErr
--- PASS: TestNewTxsPoolsCleaner_NilShardCoordinatorErr (0.00s)
=== CONT  TestNewTxsPoolsCleaner_NilRoundHandlerErr
=== CONT  TestNewTxsPoolsCleaner_NilUnsignedTxsPoolErr
--- PASS: TestNewTxsPoolsCleaner_InvalidMaxRoundsToKeepUnprocessedDataShouldErr (0.00s)
--- PASS: TestNewTxsPoolsCleaner_NilRoundHandlerErr (0.00s)
=== CONT  TestNewTxsPoolsCleaner_NilTxsPoolErr
=== CONT  TestCleanMiniblocksPoolsIfNeeded_MiniblockNotInPoolShouldBeRemovedFromMap
=== CONT  TestNewTxsPoolsCleaner_NilAddrConverterErr
--- PASS: TestNewTxsPoolsCleaner_NilUnsignedTxsPoolErr (0.00s)
--- PASS: TestCleanMiniblocksPoolsIfNeeded_MiniblockNotInPoolShouldBeRemovedFromMap (0.00s)
--- PASS: TestNewTxsPoolsCleaner_NilTxsPoolErr (0.00s)
=== CONT  TestNewTxsPoolsCleaner_NilDataPoolHolderErr
--- PASS: TestNewTxsPoolsCleaner_NilAddrConverterErr (0.00s)
=== CONT  TestNewMiniBlocksPoolsCleaner_ShouldWork
--- PASS: TestNewMiniBlocksPoolsCleaner_ShouldWork (0.00s)
=== CONT  TestReceivedMiniBlock_ShouldBeAddedInMap
--- PASS: TestReceivedMiniBlock_ShouldBeAddedInMap (0.00s)
=== CONT  TestReceivedMiniBlock_WrongTypeShouldBeIgnored
--- PASS: TestNewTxsPoolsCleaner_NilDataPoolHolderErr (0.00s)
=== CONT  TestNewMiniBlocksPoolsCleaner_NilShardCoordinatorShouldErr
--- PASS: TestNewMiniBlocksPoolsCleaner_NilShardCoordinatorShouldErr (0.00s)
=== CONT  TestNewMiniBlocksPoolsCleaner_InvalidMaxRoundsToKeepUnprocessedDataShouldErr
--- PASS: TestNewMiniBlocksPoolsCleaner_InvalidMaxRoundsToKeepUnprocessedDataShouldErr (0.00s)
=== CONT  TestNewMiniBlocksPoolsCleaner_NilRoundHandlerShouldErr
--- PASS: TestNewMiniBlocksPoolsCleaner_NilRoundHandlerShouldErr (0.00s)
[0;33mWARN [0m[2026-03-16 10:14:04.974]   miniBlocksPoolsCleaner.receivedMiniBlock [0;33merror[0m = wrong type assertion [0;33mfound type[0m = *block.MiniBlockHeader 
--- PASS: TestReceivedMiniBlock_WrongTypeShouldBeIgnored (0.00s)
=== CONT  TestCleanMiniblocksPoolsIfNeeded_MbShouldBeRemovedFromPoolAndMap
=== CONT  TestCleanMiniblocksPoolsIfNeeded_RoundDiffTooSmallMiniblockShouldRemainInMap
--- PASS: TestCleanMiniblocksPoolsIfNeeded_MbShouldBeRemovedFromPoolAndMap (0.00s)
--- PASS: TestCleanMiniblocksPoolsIfNeeded_RoundDiffTooSmallMiniblockShouldRemainInMap (0.00s)
PASS
ok  	github.com/TerraDharitri/drt-go-chain/process/block/poolsCleaner	(cached)
=== RUN   TestBasePostProcessor_InitAddAndRemove
=== RUN   TestBasePostProcessor_InitAddAndRemove/InitProcessedResults_for_header,_miniblock_and_txs,_remove_one_tx,_then_miniblock
=== RUN   TestBasePostProcessor_InitAddAndRemove/InitProcessedResults_for_header,_miniblock_and_txs,_remove_directly_the_miniblock
=== RUN   TestBasePostProcessor_InitAddAndRemove/InitProcessedResults_for_header,_miniblock_and_txs,_remove_directly_the_headerhash
--- PASS: TestBasePostProcessor_InitAddAndRemove (0.31s)
    --- PASS: TestBasePostProcessor_InitAddAndRemove/InitProcessedResults_for_header,_miniblock_and_txs,_remove_one_tx,_then_miniblock (0.09s)
    --- PASS: TestBasePostProcessor_InitAddAndRemove/InitProcessedResults_for_header,_miniblock_and_txs,_remove_directly_the_miniblock (0.09s)
    --- PASS: TestBasePostProcessor_InitAddAndRemove/InitProcessedResults_for_header,_miniblock_and_txs,_remove_directly_the_headerhash (0.10s)
=== RUN   TestNewIntermediateResultsProcessor_NilHashes
=== PAUSE TestNewIntermediateResultsProcessor_NilHashes
=== RUN   TestNewIntermediateResultsProcessor_NilMarshalizer
=== PAUSE TestNewIntermediateResultsProcessor_NilMarshalizer
=== RUN   TestNewIntermediateResultsProcessor_NilShardCoordinator
=== PAUSE TestNewIntermediateResultsProcessor_NilShardCoordinator
=== RUN   TestNewIntermediateResultsProcessor_NilPubkeyConverter
=== PAUSE TestNewIntermediateResultsProcessor_NilPubkeyConverter
=== RUN   TestNewIntermediateResultsProcessor_NilStorer
=== PAUSE TestNewIntermediateResultsProcessor_NilStorer
=== RUN   TestNewIntermediateResultsProcessor_NilTxForCurrentBlockHandler
=== PAUSE TestNewIntermediateResultsProcessor_NilTxForCurrentBlockHandler
=== RUN   TestNewIntermediateResultsProcessor_NilEconomicsFeeHandler
=== PAUSE TestNewIntermediateResultsProcessor_NilEconomicsFeeHandler
=== RUN   TestNewIntermediateResultsProcessor_NilEpochHandler
=== PAUSE TestNewIntermediateResultsProcessor_NilEpochHandler
=== RUN   TestNewIntermediateResultsProcessor_InvalidEpochHandler
=== PAUSE TestNewIntermediateResultsProcessor_InvalidEpochHandler
=== RUN   TestNewIntermediateResultsProcessor_NilTxExecutionOrderHandler
=== PAUSE TestNewIntermediateResultsProcessor_NilTxExecutionOrderHandler
=== RUN   TestNewIntermediateResultsProcessor_Good
=== PAUSE TestNewIntermediateResultsProcessor_Good
=== RUN   TestIntermediateResultsProcessor_getShardIdsFromAddressesGood
=== PAUSE TestIntermediateResultsProcessor_getShardIdsFromAddressesGood
=== RUN   TestIntermediateResultsProcessor_AddIntermediateTransactions
=== PAUSE TestIntermediateResultsProcessor_AddIntermediateTransactions
=== RUN   TestIntermediateResultsProcessor_AddIntermediateTransactionsWrongType
=== PAUSE TestIntermediateResultsProcessor_AddIntermediateTransactionsWrongType
=== RUN   TestIntermediateResultsProcessor_AddIntermediateTransactionsNilSender
=== PAUSE TestIntermediateResultsProcessor_AddIntermediateTransactionsNilSender
=== RUN   TestIntermediateResultsProcessor_AddIntermediateTransactionsNilReceiver
=== PAUSE TestIntermediateResultsProcessor_AddIntermediateTransactionsNilReceiver
=== RUN   TestIntermediateResultsProcessor_AddIntermediateTransactionsShardIdMismatch
=== PAUSE TestIntermediateResultsProcessor_AddIntermediateTransactionsShardIdMismatch
=== RUN   TestIntermediateResultsProcessor_AddIntermediateTransactionsNegativeValueIntraAndCrossShard
=== PAUSE TestIntermediateResultsProcessor_AddIntermediateTransactionsNegativeValueIntraAndCrossShard
=== RUN   TestIntermediateResultsProcessor_AddIntermediateTransactionsAddrGood
=== PAUSE TestIntermediateResultsProcessor_AddIntermediateTransactionsAddrGood
=== RUN   TestIntermediateResultsProcessor_AddIntermediateTransactionsAddAndRevert
=== PAUSE TestIntermediateResultsProcessor_AddIntermediateTransactionsAddAndRevert
=== RUN   TestIntermediateResultsProcessor_CreateAllInterMiniBlocksNothingInCache
=== PAUSE TestIntermediateResultsProcessor_CreateAllInterMiniBlocksNothingInCache
=== RUN   TestIntermediateResultsProcessor_CreateAllInterMiniBlocksNotCrossShard
=== PAUSE TestIntermediateResultsProcessor_CreateAllInterMiniBlocksNotCrossShard
=== RUN   TestIntermediateResultsProcessor_CreateAllInterMiniBlocksCrossShard
=== PAUSE TestIntermediateResultsProcessor_CreateAllInterMiniBlocksCrossShard
=== RUN   TestIntermediateResultsProcessor_GetNumOfCrossInterMbsAndTxsShouldWork
=== PAUSE TestIntermediateResultsProcessor_GetNumOfCrossInterMbsAndTxsShouldWork
=== RUN   TestIntermediateResultsProcessor_VerifyInterMiniBlocksNilBody
=== PAUSE TestIntermediateResultsProcessor_VerifyInterMiniBlocksNilBody
=== RUN   TestIntermediateResultsProcessor_VerifyInterMiniBlocksBodyShouldpassAsNotCrossSrcFromThisShard
=== PAUSE TestIntermediateResultsProcessor_VerifyInterMiniBlocksBodyShouldpassAsNotCrossSrcFromThisShard
=== RUN   TestIntermediateResultsProcessor_VerifyInterMiniBlocksBodyMissingMiniblock
=== PAUSE TestIntermediateResultsProcessor_VerifyInterMiniBlocksBodyMissingMiniblock
=== RUN   TestIntermediateResultsProcessor_VerifyInterMiniBlocksBodyMiniBlockMissmatch
=== PAUSE TestIntermediateResultsProcessor_VerifyInterMiniBlocksBodyMiniBlockMissmatch
=== RUN   TestIntermediateResultsProcessor_VerifyInterMiniBlocksBodyShouldPass
=== PAUSE TestIntermediateResultsProcessor_VerifyInterMiniBlocksBodyShouldPass
=== RUN   TestIntermediateResultsProcessor_SaveCurrentIntermediateTxToStorageShouldSave
=== PAUSE TestIntermediateResultsProcessor_SaveCurrentIntermediateTxToStorageShouldSave
=== RUN   TestIntermediateResultsProcessor_CreateMarshalizedDataNothingToMarshal
=== PAUSE TestIntermediateResultsProcessor_CreateMarshalizedDataNothingToMarshal
=== RUN   TestIntermediateResultsProcessor_CreateMarshalizedData
=== PAUSE TestIntermediateResultsProcessor_CreateMarshalizedData
=== RUN   TestIntermediateResultsProcessor_GetAllCurrentUsedTxs
=== PAUSE TestIntermediateResultsProcessor_GetAllCurrentUsedTxs
=== RUN   TestIntermediateResultsProcessor_SplitMiniBlocksIfNeededShouldWork
=== PAUSE TestIntermediateResultsProcessor_SplitMiniBlocksIfNeededShouldWork
=== RUN   TestIntermediateResultsProcessor_addIntermediateTxToResultsForBlock
=== PAUSE TestIntermediateResultsProcessor_addIntermediateTxToResultsForBlock
=== RUN   TestNewOneMBPostProcessor_NilHasher
=== PAUSE TestNewOneMBPostProcessor_NilHasher
=== RUN   TestNewOneMBPostProcessor_NilMarshalizer
=== PAUSE TestNewOneMBPostProcessor_NilMarshalizer
=== RUN   TestNewOneMBPostProcessor_NilShardCoord
=== PAUSE TestNewOneMBPostProcessor_NilShardCoord
=== RUN   TestNewOneMBPostProcessor_NilStorer
=== PAUSE TestNewOneMBPostProcessor_NilStorer
=== RUN   TestNewOneMBPostProcessor_NilEconomicsFeeHandler
=== PAUSE TestNewOneMBPostProcessor_NilEconomicsFeeHandler
=== RUN   TestNewOneMBPostProcessor_OK
=== PAUSE TestNewOneMBPostProcessor_OK
=== RUN   TestOneMBPostProcessor_CreateAllInterMiniBlocks
=== PAUSE TestOneMBPostProcessor_CreateAllInterMiniBlocks
=== RUN   TestOneMBPostProcessor_CreateAllInterMiniBlocksOneMinBlock
=== PAUSE TestOneMBPostProcessor_CreateAllInterMiniBlocksOneMinBlock
=== RUN   TestOneMBPostProcessor_VerifyNilBody
=== PAUSE TestOneMBPostProcessor_VerifyNilBody
=== RUN   TestOneMBPostProcessor_VerifyTooManyBlock
=== PAUSE TestOneMBPostProcessor_VerifyTooManyBlock
=== RUN   TestOneMBPostProcessor_VerifyNilMiniBlocks
=== PAUSE TestOneMBPostProcessor_VerifyNilMiniBlocks
=== RUN   TestOneMBPostProcessor_VerifyOk
=== PAUSE TestOneMBPostProcessor_VerifyOk
=== RUN   TestNewFeeAccumulator
=== PAUSE TestNewFeeAccumulator
=== RUN   TestFeeHandler_CreateBlockStarted
=== PAUSE TestFeeHandler_CreateBlockStarted
=== RUN   TestFeeHandler_GetAccumulatedFees
=== PAUSE TestFeeHandler_GetAccumulatedFees
=== RUN   TestFeeHandler_GetDeveloperFees
=== PAUSE TestFeeHandler_GetDeveloperFees
=== RUN   TestFeeHandler_ProcessTransactionFee
=== PAUSE TestFeeHandler_ProcessTransactionFee
=== RUN   TestFeeHandler_RevertFees
=== PAUSE TestFeeHandler_RevertFees
=== RUN   TestFeeHandler_CompleteRevertFeesUserTxs
=== PAUSE TestFeeHandler_CompleteRevertFeesUserTxs
=== RUN   TestFeeHandler_PartialRevertFeesUserTxs
=== PAUSE TestFeeHandler_PartialRevertFeesUserTxs
=== RUN   TestFeeHandler_IsInterfaceNil
=== PAUSE TestFeeHandler_IsInterfaceNil
=== CONT  TestNewIntermediateResultsProcessor_NilHashes
--- PASS: TestNewIntermediateResultsProcessor_NilHashes (0.00s)
=== CONT  TestFeeHandler_IsInterfaceNil
--- PASS: TestFeeHandler_IsInterfaceNil (0.00s)
=== CONT  TestFeeHandler_PartialRevertFeesUserTxs
=== RUN   TestFeeHandler_PartialRevertFeesUserTxs/revert_partial_originalTxs
=== RUN   TestFeeHandler_PartialRevertFeesUserTxs/revert_all_userTxs
=== RUN   TestFeeHandler_PartialRevertFeesUserTxs/revert_partial_userTxs
--- PASS: TestFeeHandler_PartialRevertFeesUserTxs (0.00s)
    --- PASS: TestFeeHandler_PartialRevertFeesUserTxs/revert_partial_originalTxs (0.00s)
    --- PASS: TestFeeHandler_PartialRevertFeesUserTxs/revert_all_userTxs (0.00s)
    --- PASS: TestFeeHandler_PartialRevertFeesUserTxs/revert_partial_userTxs (0.00s)
=== CONT  TestFeeHandler_CompleteRevertFeesUserTxs
--- PASS: TestFeeHandler_CompleteRevertFeesUserTxs (0.00s)
=== CONT  TestFeeHandler_RevertFees
--- PASS: TestFeeHandler_RevertFees (0.00s)
=== CONT  TestFeeHandler_ProcessTransactionFee
--- PASS: TestFeeHandler_ProcessTransactionFee (0.00s)
=== CONT  TestFeeHandler_GetDeveloperFees
--- PASS: TestFeeHandler_GetDeveloperFees (0.00s)
=== CONT  TestFeeHandler_GetAccumulatedFees
--- PASS: TestFeeHandler_GetAccumulatedFees (0.00s)
=== CONT  TestFeeHandler_CreateBlockStarted
--- PASS: TestFeeHandler_CreateBlockStarted (0.00s)
=== CONT  TestNewFeeAccumulator
--- PASS: TestNewFeeAccumulator (0.00s)
=== CONT  TestOneMBPostProcessor_VerifyOk
--- PASS: TestOneMBPostProcessor_VerifyOk (0.00s)
=== CONT  TestOneMBPostProcessor_VerifyNilMiniBlocks
--- PASS: TestOneMBPostProcessor_VerifyNilMiniBlocks (0.00s)
=== CONT  TestOneMBPostProcessor_VerifyTooManyBlock
--- PASS: TestOneMBPostProcessor_VerifyTooManyBlock (0.00s)
=== CONT  TestOneMBPostProcessor_VerifyNilBody
--- PASS: TestOneMBPostProcessor_VerifyNilBody (0.00s)
=== CONT  TestOneMBPostProcessor_CreateAllInterMiniBlocksOneMinBlock
--- PASS: TestOneMBPostProcessor_CreateAllInterMiniBlocksOneMinBlock (0.00s)
=== CONT  TestOneMBPostProcessor_CreateAllInterMiniBlocks
--- PASS: TestOneMBPostProcessor_CreateAllInterMiniBlocks (0.00s)
=== CONT  TestNewOneMBPostProcessor_OK
--- PASS: TestNewOneMBPostProcessor_OK (0.00s)
=== CONT  TestNewOneMBPostProcessor_NilEconomicsFeeHandler
--- PASS: TestNewOneMBPostProcessor_NilEconomicsFeeHandler (0.00s)
=== CONT  TestNewOneMBPostProcessor_NilStorer
--- PASS: TestNewOneMBPostProcessor_NilStorer (0.00s)
=== CONT  TestNewOneMBPostProcessor_NilShardCoord
--- PASS: TestNewOneMBPostProcessor_NilShardCoord (0.00s)
=== CONT  TestNewOneMBPostProcessor_NilMarshalizer
--- PASS: TestNewOneMBPostProcessor_NilMarshalizer (0.00s)
=== CONT  TestNewOneMBPostProcessor_NilHasher
--- PASS: TestNewOneMBPostProcessor_NilHasher (0.00s)
=== CONT  TestIntermediateResultsProcessor_addIntermediateTxToResultsForBlock
--- PASS: TestIntermediateResultsProcessor_addIntermediateTxToResultsForBlock (0.00s)
=== CONT  TestIntermediateResultsProcessor_SplitMiniBlocksIfNeededShouldWork
[0;33mWARN [0m[2026-03-16 10:14:05.290]   basePostProcessor.splitMiniBlockIfNeeded: missing tx [0;33mhash[0m = 6861736836 
[0;33mWARN [0m[2026-03-16 10:14:05.291]   basePostProcessor.splitMiniBlockIfNeeded: missing tx [0;33mhash[0m = 6861736836 
--- PASS: TestIntermediateResultsProcessor_SplitMiniBlocksIfNeededShouldWork (0.00s)
=== CONT  TestIntermediateResultsProcessor_GetAllCurrentUsedTxs
--- PASS: TestIntermediateResultsProcessor_GetAllCurrentUsedTxs (0.00s)
=== CONT  TestIntermediateResultsProcessor_CreateMarshalizedData
--- PASS: TestIntermediateResultsProcessor_CreateMarshalizedData (0.00s)
=== CONT  TestIntermediateResultsProcessor_CreateMarshalizedDataNothingToMarshal
--- PASS: TestIntermediateResultsProcessor_CreateMarshalizedDataNothingToMarshal (0.00s)
=== CONT  TestIntermediateResultsProcessor_SaveCurrentIntermediateTxToStorageShouldSave
--- PASS: TestIntermediateResultsProcessor_SaveCurrentIntermediateTxToStorageShouldSave (0.00s)
=== CONT  TestIntermediateResultsProcessor_VerifyInterMiniBlocksBodyShouldPass
=== CONT  TestIntermediateResultsProcessor_AddIntermediateTransactionsNilSender
--- PASS: TestIntermediateResultsProcessor_VerifyInterMiniBlocksBodyShouldPass (0.00s)
=== CONT  TestIntermediateResultsProcessor_AddIntermediateTransactionsWrongType
--- PASS: TestIntermediateResultsProcessor_AddIntermediateTransactionsWrongType (0.00s)
=== CONT  TestIntermediateResultsProcessor_AddIntermediateTransactions
--- PASS: TestIntermediateResultsProcessor_AddIntermediateTransactions (0.00s)
=== CONT  TestIntermediateResultsProcessor_getShardIdsFromAddressesGood
--- PASS: TestIntermediateResultsProcessor_getShardIdsFromAddressesGood (0.00s)
=== CONT  TestNewIntermediateResultsProcessor_Good
--- PASS: TestNewIntermediateResultsProcessor_Good (0.00s)
=== CONT  TestNewIntermediateResultsProcessor_NilTxExecutionOrderHandler
--- PASS: TestNewIntermediateResultsProcessor_NilTxExecutionOrderHandler (0.00s)
=== CONT  TestNewIntermediateResultsProcessor_InvalidEpochHandler
[0;31mERROR[0m[2026-03-16 10:14:05.291]   AddIntermediateTransaction               [0;31merror[0m = nil sender address [0;31mdump[0m = (*smartContractResult.SmartContractResult)(0xc00146a000)(&SmartContractResult{Nonce:0,Value:-100,RcvAddr:[114 99 118],SndAddr:[],RelayerAddr:[],RelayedValue:<nil>,Code:[],Data:[],PrevTxHash:[104 97 115 104],OriginalTxHash:[],GasLimit:0,GasPrice:0,CallType:0,CodeMetadata:[],ReturnMessage:[],OriginalSender:[],})
 
--- PASS: TestNewIntermediateResultsProcessor_InvalidEpochHandler (0.00s)
--- PASS: TestIntermediateResultsProcessor_AddIntermediateTransactionsNilSender (0.00s)
=== CONT  TestNewIntermediateResultsProcessor_NilEpochHandler
=== CONT  TestIntermediateResultsProcessor_VerifyInterMiniBlocksBodyMissingMiniblock
--- PASS: TestNewIntermediateResultsProcessor_NilEpochHandler (0.00s)
=== CONT  TestIntermediateResultsProcessor_VerifyInterMiniBlocksBodyMiniBlockMissmatch
--- PASS: TestIntermediateResultsProcessor_VerifyInterMiniBlocksBodyMissingMiniblock (0.00s)
=== CONT  TestIntermediateResultsProcessor_VerifyInterMiniBlocksBodyShouldpassAsNotCrossSrcFromThisShard
--- PASS: TestIntermediateResultsProcessor_VerifyInterMiniBlocksBodyShouldpassAsNotCrossSrcFromThisShard (0.00s)
=== CONT  TestIntermediateResultsProcessor_VerifyInterMiniBlocksNilBody
--- PASS: TestIntermediateResultsProcessor_VerifyInterMiniBlocksNilBody (0.00s)
=== CONT  TestIntermediateResultsProcessor_GetNumOfCrossInterMbsAndTxsShouldWork
--- PASS: TestIntermediateResultsProcessor_VerifyInterMiniBlocksBodyMiniBlockMissmatch (0.00s)
=== CONT  TestNewIntermediateResultsProcessor_NilEconomicsFeeHandler
--- PASS: TestNewIntermediateResultsProcessor_NilEconomicsFeeHandler (0.00s)
=== CONT  TestNewIntermediateResultsProcessor_NilTxForCurrentBlockHandler
--- PASS: TestNewIntermediateResultsProcessor_NilTxForCurrentBlockHandler (0.00s)
=== CONT  TestNewIntermediateResultsProcessor_NilStorer
--- PASS: TestNewIntermediateResultsProcessor_NilStorer (0.00s)
=== CONT  TestNewIntermediateResultsProcessor_NilPubkeyConverter
--- PASS: TestNewIntermediateResultsProcessor_NilPubkeyConverter (0.00s)
=== CONT  TestNewIntermediateResultsProcessor_NilShardCoordinator
=== CONT  TestIntermediateResultsProcessor_CreateAllInterMiniBlocksNotCrossShard
--- PASS: TestIntermediateResultsProcessor_GetNumOfCrossInterMbsAndTxsShouldWork (0.00s)
--- PASS: TestNewIntermediateResultsProcessor_NilShardCoordinator (0.00s)
=== CONT  TestNewIntermediateResultsProcessor_NilMarshalizer
--- PASS: TestIntermediateResultsProcessor_CreateAllInterMiniBlocksNotCrossShard (0.00s)
=== CONT  TestIntermediateResultsProcessor_CreateAllInterMiniBlocksCrossShard
--- PASS: TestNewIntermediateResultsProcessor_NilMarshalizer (0.00s)
=== CONT  TestIntermediateResultsProcessor_CreateAllInterMiniBlocksNothingInCache
--- PASS: TestIntermediateResultsProcessor_CreateAllInterMiniBlocksNothingInCache (0.00s)
=== CONT  TestIntermediateResultsProcessor_AddIntermediateTransactionsShardIdMismatch
--- PASS: TestIntermediateResultsProcessor_CreateAllInterMiniBlocksCrossShard (0.00s)
=== CONT  TestIntermediateResultsProcessor_AddIntermediateTransactionsAddAndRevert
=== CONT  TestIntermediateResultsProcessor_AddIntermediateTransactionsNilReceiver
[0;31mERROR[0m[2026-03-16 10:14:05.291]   AddIntermediateTransaction               [0;31merror[0m = shard ID missmatch [0;31mdump[0m = (*smartContractResult.SmartContractResult)(0xc00146ad80)(&SmartContractResult{Nonce:0,Value:100,RcvAddr:[114 99 118],SndAddr:[115 110 100],RelayerAddr:[],RelayedValue:<nil>,Code:[],Data:[],PrevTxHash:[104 97 115 104],OriginalTxHash:[],GasLimit:0,GasPrice:0,CallType:0,CodeMetadata:[],ReturnMessage:[],OriginalSender:[],})
 
--- PASS: TestIntermediateResultsProcessor_AddIntermediateTransactionsShardIdMismatch (0.00s)
=== CONT  TestIntermediateResultsProcessor_AddIntermediateTransactionsAddrGood
--- PASS: TestIntermediateResultsProcessor_AddIntermediateTransactionsAddAndRevert (0.00s)
--- PASS: TestIntermediateResultsProcessor_AddIntermediateTransactionsAddrGood (0.00s)
[0;31mERROR[0m[2026-03-16 10:14:05.291]   AddIntermediateTransaction               [0;31merror[0m = nil receiver address [0;31mdump[0m = (*smartContractResult.SmartContractResult)(0xc0003d2000)(&SmartContractResult{Nonce:0,Value:-100,RcvAddr:[],SndAddr:[115 110 100],RelayerAddr:[],RelayedValue:<nil>,Code:[],Data:[],PrevTxHash:[104 97 115 104],OriginalTxHash:[],GasLimit:0,GasPrice:0,CallType:0,CodeMetadata:[],ReturnMessage:[],OriginalSender:[],})
 
--- PASS: TestIntermediateResultsProcessor_AddIntermediateTransactionsNilReceiver (0.00s)
=== CONT  TestIntermediateResultsProcessor_AddIntermediateTransactionsNegativeValueIntraAndCrossShard
[0;31mERROR[0m[2026-03-16 10:14:05.291]   AddIntermediateTransaction               [0;31merror[0m = negative value [0;31mdump[0m = (*smartContractResult.SmartContractResult)(0xc00060e000)(&SmartContractResult{Nonce:0,Value:-100,RcvAddr:[114 99 118],SndAddr:[115 110 100],RelayerAddr:[],RelayedValue:<nil>,Code:[],Data:[],PrevTxHash:[104 97 115 104],OriginalTxHash:[],GasLimit:0,GasPrice:0,CallType:0,CodeMetadata:[],ReturnMessage:[],OriginalSender:[],})
 
--- PASS: TestIntermediateResultsProcessor_AddIntermediateTransactionsNegativeValueIntraAndCrossShard (0.00s)
PASS
ok  	github.com/TerraDharitri/drt-go-chain/process/block/postprocess	(cached)
=== RUN   TestBasePreProcess_handleProcessTransactionInit
=== PAUSE TestBasePreProcess_handleProcessTransactionInit
=== RUN   Test_computeGasProvidedSelfSenderMoveBalanceIntra
=== PAUSE Test_computeGasProvidedSelfSenderMoveBalanceIntra
=== RUN   Test_computeGasProvidedSelfSenderSCCallIntra
=== PAUSE Test_computeGasProvidedSelfSenderSCCallIntra
=== RUN   Test_computeGasProvidedByTxSelfSenderMoveBalanceCross
=== PAUSE Test_computeGasProvidedByTxSelfSenderMoveBalanceCross
=== RUN   Test_computeGasProvidedByTxSelfSenderScCallCross
=== PAUSE Test_computeGasProvidedByTxSelfSenderScCallCross
=== RUN   Test_computeGasProvidedByTxGasHandlerComputeGasErrors
=== PAUSE Test_computeGasProvidedByTxGasHandlerComputeGasErrors
=== RUN   Test_computeGasProvidedByTxGasHandlerRefundGasLargerThanLimit
=== PAUSE Test_computeGasProvidedByTxGasHandlerRefundGasLargerThanLimit
=== RUN   Test_computeGasProvidedWithErrorForGasConsumedForTx
=== PAUSE Test_computeGasProvidedWithErrorForGasConsumedForTx
=== RUN   Test_computeGasProvidedMaxGasLimitInSenderShardReached
=== PAUSE Test_computeGasProvidedMaxGasLimitInSenderShardReached
=== RUN   Test_computeGasProvidedMaxGasLimitInReceiverShardReached
=== PAUSE Test_computeGasProvidedMaxGasLimitInReceiverShardReached
=== RUN   Test_computeGasProvidedMaxGasLimitPerBlockReached
=== PAUSE Test_computeGasProvidedMaxGasLimitPerBlockReached
=== RUN   Test_computeGasProvidedOK
=== PAUSE Test_computeGasProvidedOK
=== RUN   Test_newMiniBlockBuilderWithError
=== PAUSE Test_newMiniBlockBuilderWithError
=== RUN   Test_newMiniBlockBuilderOK
=== PAUSE Test_newMiniBlockBuilderOK
=== RUN   Test_checkMiniBlocksBuilderArgsNilShardCoordinatorShouldErr
=== PAUSE Test_checkMiniBlocksBuilderArgsNilShardCoordinatorShouldErr
=== RUN   Test_checkMiniBlocksBuilderArgsNilGasHandlerShouldErr
=== PAUSE Test_checkMiniBlocksBuilderArgsNilGasHandlerShouldErr
=== RUN   Test_checkMiniBlocksBuilderArgsNilFeeHandlerShouldErr
=== PAUSE Test_checkMiniBlocksBuilderArgsNilFeeHandlerShouldErr
=== RUN   Test_checkMiniBlocksBuilderArgsNilBlockSizeComputationHandlerShouldErr
=== PAUSE Test_checkMiniBlocksBuilderArgsNilBlockSizeComputationHandlerShouldErr
=== RUN   Test_checkMiniBlocksBuilderArgsNilBalanceComputationHandlerShouldErr
=== PAUSE Test_checkMiniBlocksBuilderArgsNilBalanceComputationHandlerShouldErr
=== RUN   Test_checkMiniBlocksBuilderArgsNilHaveTimeHandlerShouldErr
=== PAUSE Test_checkMiniBlocksBuilderArgsNilHaveTimeHandlerShouldErr
=== RUN   Test_checkMiniBlocksBuilderArgsNilShardStuckHandlerShouldErr
=== PAUSE Test_checkMiniBlocksBuilderArgsNilShardStuckHandlerShouldErr
=== RUN   Test_checkMiniBlocksBuilderArgsNilMaxBlockSizeReachedHandlerShouldErr
=== PAUSE Test_checkMiniBlocksBuilderArgsNilMaxBlockSizeReachedHandlerShouldErr
=== RUN   Test_checkMiniBlocksBuilderArgsNilTxMaxTotalCostHandlerShouldErr
=== PAUSE Test_checkMiniBlocksBuilderArgsNilTxMaxTotalCostHandlerShouldErr
=== RUN   Test_checkMiniBlocksBuilderArgsOK
=== PAUSE Test_checkMiniBlocksBuilderArgsOK
=== RUN   Test_MiniBlocksBuilderHandleGasRefundIntraShard
=== PAUSE Test_MiniBlocksBuilderHandleGasRefundIntraShard
=== RUN   Test_MiniBlocksBuilderHandleGasRefundCrossShard
=== PAUSE Test_MiniBlocksBuilderHandleGasRefundCrossShard
=== RUN   Test_MiniBlocksBuilderHandleFailedTransactionAddsToCount
=== PAUSE Test_MiniBlocksBuilderHandleFailedTransactionAddsToCount
=== RUN   Test_MiniBlocksBuilderHandleCrossShardScCallOrSpecialTx
=== PAUSE Test_MiniBlocksBuilderHandleCrossShardScCallOrSpecialTx
=== RUN   Test_isCrossShardScCallOrSpecialTxIntraShard
=== PAUSE Test_isCrossShardScCallOrSpecialTxIntraShard
=== RUN   Test_isCrossShardScCallOrSpecialTxCrossShardTransferTx
=== PAUSE Test_isCrossShardScCallOrSpecialTxCrossShardTransferTx
=== RUN   Test_isCrossShardScCallOrSpecialTxCrossShardScCall
=== PAUSE Test_isCrossShardScCallOrSpecialTxCrossShardScCall
=== RUN   Test_isCrossShardScCallOrSpecialTxCrossShardWithUsername
=== PAUSE Test_isCrossShardScCallOrSpecialTxCrossShardWithUsername
=== RUN   Test_MiniBlocksBuilderWouldExceedBlockSizeWithTxWithNormalTxWithinBlockLimit
=== PAUSE Test_MiniBlocksBuilderWouldExceedBlockSizeWithTxWithNormalTxWithinBlockLimit
=== RUN   Test_MiniBlocksBuilderWouldExceedBlockSizeWithTxWithNormalTxBlockLimitExceeded
=== PAUSE Test_MiniBlocksBuilderWouldExceedBlockSizeWithTxWithNormalTxBlockLimitExceeded
=== RUN   Test_MiniBlocksBuilderWouldExceedBlockSizeWithTxWithSpecialTxWithinBlockLimit
=== PAUSE Test_MiniBlocksBuilderWouldExceedBlockSizeWithTxWithSpecialTxWithinBlockLimit
=== RUN   Test_MiniBlocksBuilderWouldExceedBlockSizeWithTxWithSpecialTxBlockLimitExceededDueToSCR
=== PAUSE Test_MiniBlocksBuilderWouldExceedBlockSizeWithTxWithSpecialTxBlockLimitExceededDueToSCR
=== RUN   Test_MiniBlocksBuilderAddTxAndUpdateBlockSize
=== PAUSE Test_MiniBlocksBuilderAddTxAndUpdateBlockSize
=== RUN   Test_MiniBlocksBuilderAddTxAndUpdateBlockSizeCrossShardSmartContractCall
=== PAUSE Test_MiniBlocksBuilderAddTxAndUpdateBlockSizeCrossShardSmartContractCall
=== RUN   Test_MiniBlocksBuilderHandleBadTransactionWithSkip
=== PAUSE Test_MiniBlocksBuilderHandleBadTransactionWithSkip
=== RUN   Test_MiniBlocksBuilderHandleBadTransactionNoSkip
=== PAUSE Test_MiniBlocksBuilderHandleBadTransactionNoSkip
=== RUN   Test_MiniBlocksBuilderShouldSenderBeSkippedNoConfiguredSenderToSkip
=== PAUSE Test_MiniBlocksBuilderShouldSenderBeSkippedNoConfiguredSenderToSkip
=== RUN   Test_MiniBlocksBuilderShouldSenderBeSkippedDifferentConfiguredSenderToSkip
=== PAUSE Test_MiniBlocksBuilderShouldSenderBeSkippedDifferentConfiguredSenderToSkip
=== RUN   Test_MiniBlocksBuilderShouldSenderBeSkippedSenderConfiguredToSkip
=== PAUSE Test_MiniBlocksBuilderShouldSenderBeSkippedSenderConfiguredToSkip
=== RUN   Test_MiniBlocksBuilderAccountGasForTxComputeGasProvidedWithErr
=== PAUSE Test_MiniBlocksBuilderAccountGasForTxComputeGasProvidedWithErr
=== RUN   Test_MiniBlocksBuilderAccountGasForTxComputeGasProvidedOK
=== PAUSE Test_MiniBlocksBuilderAccountGasForTxComputeGasProvidedOK
=== RUN   Test_MiniBlocksBuilderAccountHasEnoughBalanceAddressNotSet
=== PAUSE Test_MiniBlocksBuilderAccountHasEnoughBalanceAddressNotSet
=== RUN   Test_MiniBlocksBuilderAccountHasEnoughBalanceAddressSetNotEnoughBalance
=== PAUSE Test_MiniBlocksBuilderAccountHasEnoughBalanceAddressSetNotEnoughBalance
=== RUN   Test_MiniBlocksBuilderAccountHasEnoughBalanceAddressSetEnoughBalance
=== PAUSE Test_MiniBlocksBuilderAccountHasEnoughBalanceAddressSetEnoughBalance
=== RUN   Test_MiniBlocksBuilderCheckAddTransactionWrongTypeAssertion
=== PAUSE Test_MiniBlocksBuilderCheckAddTransactionWrongTypeAssertion
=== RUN   Test_MiniBlocksBuilderCheckAddTransactionNotEnoughTime
=== PAUSE Test_MiniBlocksBuilderCheckAddTransactionNotEnoughTime
=== RUN   Test_MiniBlocksBuilderCheckAddTransactionInitializedMiniBlockNotFound
=== PAUSE Test_MiniBlocksBuilderCheckAddTransactionInitializedMiniBlockNotFound
=== RUN   Test_MiniBlocksBuilderCheckAddTransactionExceedsBlockSize
=== PAUSE Test_MiniBlocksBuilderCheckAddTransactionExceedsBlockSize
=== RUN   Test_MiniBlocksBuilderCheckAddTransactionStuckShard
=== PAUSE Test_MiniBlocksBuilderCheckAddTransactionStuckShard
=== RUN   Test_MiniBlocksBuilderCheckAddTransactionWithSenderSkip
=== PAUSE Test_MiniBlocksBuilderCheckAddTransactionWithSenderSkip
=== RUN   Test_MiniBlocksBuilderCheckAddTransactionNotEnoughBalance
=== PAUSE Test_MiniBlocksBuilderCheckAddTransactionNotEnoughBalance
=== RUN   Test_MiniBlocksBuilderCheckAddTransactionGasAccountingError
=== PAUSE Test_MiniBlocksBuilderCheckAddTransactionGasAccountingError
=== RUN   Test_MiniBlocksBuilderCheckAddTransactionOK
=== PAUSE Test_MiniBlocksBuilderCheckAddTransactionOK
=== RUN   TestNewRewardTxPreprocessor_NilRewardTxDataPoolShouldErr
=== PAUSE TestNewRewardTxPreprocessor_NilRewardTxDataPoolShouldErr
=== RUN   TestNewRewardTxPreprocessor_NilStoreShouldErr
=== PAUSE TestNewRewardTxPreprocessor_NilStoreShouldErr
=== RUN   TestNewRewardTxPreprocessor_NilHasherShouldErr
=== PAUSE TestNewRewardTxPreprocessor_NilHasherShouldErr
=== RUN   TestNewRewardTxPreprocessor_NilMarshalizerShouldErr
=== PAUSE TestNewRewardTxPreprocessor_NilMarshalizerShouldErr
=== RUN   TestNewRewardTxPreprocessor_NilRewardTxProcessorShouldErr
=== PAUSE TestNewRewardTxPreprocessor_NilRewardTxProcessorShouldErr
=== RUN   TestNewRewardTxPreprocessor_NilShardCoordinatorShouldErr
=== PAUSE TestNewRewardTxPreprocessor_NilShardCoordinatorShouldErr
=== RUN   TestNewRewardTxPreprocessor_NilAccountsShouldErr
=== PAUSE TestNewRewardTxPreprocessor_NilAccountsShouldErr
=== RUN   TestNewRewardTxPreprocessor_NilRequestHandlerShouldErr
=== PAUSE TestNewRewardTxPreprocessor_NilRequestHandlerShouldErr
=== RUN   TestNewRewardTxPreprocessor_NilGasHandlerShouldErr
=== PAUSE TestNewRewardTxPreprocessor_NilGasHandlerShouldErr
=== RUN   TestNewRewardTxPreprocessor_NilPubkeyConverterShouldErr
=== PAUSE TestNewRewardTxPreprocessor_NilPubkeyConverterShouldErr
=== RUN   TestNewRewardTxPreprocessor_NilBlockSizeComputationHandlerShouldErr
=== PAUSE TestNewRewardTxPreprocessor_NilBlockSizeComputationHandlerShouldErr
=== RUN   TestNewRewardTxPreprocessor_NilBalanceComputationHandlerShouldErr
=== PAUSE TestNewRewardTxPreprocessor_NilBalanceComputationHandlerShouldErr
=== RUN   TestNewRewardTxPreprocessor_NilProcessedMiniBlocksTrackerShouldErr
=== PAUSE TestNewRewardTxPreprocessor_NilProcessedMiniBlocksTrackerShouldErr
=== RUN   TestNewRewardTxPreprocessor_NilTxExecutionOrderHandlerShouldErr
=== PAUSE TestNewRewardTxPreprocessor_NilTxExecutionOrderHandlerShouldErr
=== RUN   TestNewRewardTxPreprocessor_OkValsShouldWork
=== PAUSE TestNewRewardTxPreprocessor_OkValsShouldWork
=== RUN   TestRewardTxPreprocessor_CreateMarshalizedDataShouldWork
=== PAUSE TestRewardTxPreprocessor_CreateMarshalizedDataShouldWork
=== RUN   TestRewardTxPreprocessor_ProcessMiniBlockInvalidMiniBlockTypeShouldErr
=== PAUSE TestRewardTxPreprocessor_ProcessMiniBlockInvalidMiniBlockTypeShouldErr
=== RUN   TestRewardTxPreprocessor_ProcessMiniBlockShouldWork
=== PAUSE TestRewardTxPreprocessor_ProcessMiniBlockShouldWork
=== RUN   TestRewardTxPreprocessor_ProcessMiniBlockNotFromMeta
=== PAUSE TestRewardTxPreprocessor_ProcessMiniBlockNotFromMeta
=== RUN   TestRewardTxPreprocessor_SaveTxsToStorageShouldWork
=== PAUSE TestRewardTxPreprocessor_SaveTxsToStorageShouldWork
=== RUN   TestRewardTxPreprocessor_RequestBlockTransactionsNoMissingTxsShouldWork
=== PAUSE TestRewardTxPreprocessor_RequestBlockTransactionsNoMissingTxsShouldWork
=== RUN   TestRewardTxPreprocessor_RequestTransactionsForMiniBlockShouldWork
=== PAUSE TestRewardTxPreprocessor_RequestTransactionsForMiniBlockShouldWork
=== RUN   TestRewardTxPreprocessor_ProcessBlockTransactions
=== PAUSE TestRewardTxPreprocessor_ProcessBlockTransactions
=== RUN   TestRewardTxPreprocessor_ProcessBlockTransactionsMissingTrieNode
=== PAUSE TestRewardTxPreprocessor_ProcessBlockTransactionsMissingTrieNode
=== RUN   TestRewardTxPreprocessor_IsDataPreparedShouldErr
=== PAUSE TestRewardTxPreprocessor_IsDataPreparedShouldErr
=== RUN   TestRewardTxPreprocessor_IsDataPrepared
=== PAUSE TestRewardTxPreprocessor_IsDataPrepared
=== RUN   TestRewardTxPreprocessor_RestoreBlockDataIntoPools
=== PAUSE TestRewardTxPreprocessor_RestoreBlockDataIntoPools
=== RUN   TestRewardTxPreprocessor_CreateAndProcessMiniBlocksShouldWork
=== PAUSE TestRewardTxPreprocessor_CreateAndProcessMiniBlocksShouldWork
=== RUN   TestRewardTxPreprocessor_CreateBlockStartedShouldCleanMap
=== PAUSE TestRewardTxPreprocessor_CreateBlockStartedShouldCleanMap
=== RUN   TestScheduledTxsExecution_NewScheduledTxsExecutionNilTxProcessor
=== PAUSE TestScheduledTxsExecution_NewScheduledTxsExecutionNilTxProcessor
=== RUN   TestScheduledTxsExecution_NewScheduledTxsExecutionNilTxCoordinator
=== PAUSE TestScheduledTxsExecution_NewScheduledTxsExecutionNilTxCoordinator
=== RUN   TestScheduledTxsExecution_NewScheduledTxsExecutionNilStorer
=== PAUSE TestScheduledTxsExecution_NewScheduledTxsExecutionNilStorer
=== RUN   TestScheduledTxsExecution_NewScheduledTxsExecutionNilMarshaller
=== PAUSE TestScheduledTxsExecution_NewScheduledTxsExecutionNilMarshaller
=== RUN   TestScheduledTxsExecution_NewScheduledTxsExecutionNilHasher
=== PAUSE TestScheduledTxsExecution_NewScheduledTxsExecutionNilHasher
=== RUN   TestScheduledTxsExecution_NewScheduledTxsExecutionNilShardCoordinator
=== PAUSE TestScheduledTxsExecution_NewScheduledTxsExecutionNilShardCoordinator
=== RUN   TestScheduledTxsExecution_NewScheduledTxsNilTxExecutionOrderHandler
=== PAUSE TestScheduledTxsExecution_NewScheduledTxsNilTxExecutionOrderHandler
=== RUN   TestScheduledTxsExecution_NewScheduledTxsExecutionOk
=== PAUSE TestScheduledTxsExecution_NewScheduledTxsExecutionOk
=== RUN   TestScheduledTxsExecution_InitShouldWork
=== PAUSE TestScheduledTxsExecution_InitShouldWork
=== RUN   TestScheduledTxsExecution_AddShouldWork
=== PAUSE TestScheduledTxsExecution_AddShouldWork
=== RUN   TestScheduledTxsExecution_ExecuteShouldErrMissingTransaction
=== PAUSE TestScheduledTxsExecution_ExecuteShouldErrMissingTransaction
=== RUN   TestScheduledTxsExecution_ExecuteShouldErr
=== PAUSE TestScheduledTxsExecution_ExecuteShouldErr
=== RUN   TestScheduledTxsExecution_ExecuteShouldWorkOnErrFailedTransaction
=== PAUSE TestScheduledTxsExecution_ExecuteShouldWorkOnErrFailedTransaction
=== RUN   TestScheduledTxsExecution_ExecuteShouldWork
=== PAUSE TestScheduledTxsExecution_ExecuteShouldWork
=== RUN   TestScheduledTxsExecution_ExecuteAllShouldErrNilHaveTimeHandler
=== PAUSE TestScheduledTxsExecution_ExecuteAllShouldErrNilHaveTimeHandler
=== RUN   TestScheduledTxsExecution_ExecuteAllShouldErrTimeIsOut
=== PAUSE TestScheduledTxsExecution_ExecuteAllShouldErrTimeIsOut
=== RUN   TestScheduledTxsExecution_ExecuteAllShouldErrFailedTransaction
=== PAUSE TestScheduledTxsExecution_ExecuteAllShouldErrFailedTransaction
=== RUN   TestScheduledTxsExecution_ExecuteAllShouldWorkOnErrFailedTransaction
=== PAUSE TestScheduledTxsExecution_ExecuteAllShouldWorkOnErrFailedTransaction
=== RUN   TestScheduledTxsExecution_ExecuteAllShouldWork
=== PAUSE TestScheduledTxsExecution_ExecuteAllShouldWork
=== RUN   TestScheduledTxsExecution_executeShouldErr
=== PAUSE TestScheduledTxsExecution_executeShouldErr
=== RUN   TestScheduledTxsExecution_executeShouldWork
=== PAUSE TestScheduledTxsExecution_executeShouldWork
=== RUN   TestScheduledTxsExecution_computeScheduledSCRsShouldWork
=== PAUSE TestScheduledTxsExecution_computeScheduledSCRsShouldWork
=== RUN   TestScheduledTxsExecution_computeScheduledSCRsShouldRemoveInvalidSCRs
=== PAUSE TestScheduledTxsExecution_computeScheduledSCRsShouldRemoveInvalidSCRs
=== RUN   TestScheduledTxsExecution_getAllIntermediateTxsAfterScheduledExecution
=== PAUSE TestScheduledTxsExecution_getAllIntermediateTxsAfterScheduledExecution
=== RUN   TestScheduledTxsExecution_GetScheduledIntermediateTxsNonEmptySCRsMap
=== PAUSE TestScheduledTxsExecution_GetScheduledIntermediateTxsNonEmptySCRsMap
=== RUN   TestScheduledTxsExecution_GetScheduledIntermediateTxsEmptySCRsMap
=== PAUSE TestScheduledTxsExecution_GetScheduledIntermediateTxsEmptySCRsMap
=== RUN   TestScheduledTxsExecution_SetScheduledInfo
=== PAUSE TestScheduledTxsExecution_SetScheduledInfo
=== RUN   TestScheduledTxsExecution_Setters
=== PAUSE TestScheduledTxsExecution_Setters
=== RUN   TestScheduledTxsExecution_getScheduledInfoForHeaderShouldFail
=== PAUSE TestScheduledTxsExecution_getScheduledInfoForHeaderShouldFail
=== RUN   TestScheduledTxsExecution_getScheduledInfoForHeaderShouldWork
=== PAUSE TestScheduledTxsExecution_getScheduledInfoForHeaderShouldWork
=== RUN   TestScheduledTxsExecution_getMarshalledScheduledInfoShouldWork
=== PAUSE TestScheduledTxsExecution_getMarshalledScheduledInfoShouldWork
=== RUN   TestScheduledTxsExecution_RollBackToBlockShouldFail
=== PAUSE TestScheduledTxsExecution_RollBackToBlockShouldFail
=== RUN   TestScheduledTxsExecution_RollBackToBlockShouldWork
=== PAUSE TestScheduledTxsExecution_RollBackToBlockShouldWork
=== RUN   TestScheduledTxsExecution_SaveState
=== PAUSE TestScheduledTxsExecution_SaveState
=== RUN   TestScheduledTxsExecution_SaveStateIfNeeded
=== PAUSE TestScheduledTxsExecution_SaveStateIfNeeded
=== RUN   TestScheduledTxsExecution_IsScheduledTx
=== PAUSE TestScheduledTxsExecution_IsScheduledTx
=== RUN   TestScheduledTxsExecution_AddMiniBlocksWithNilReservedNilTxHashes
=== RUN   TestScheduledTxsExecution_AddMiniBlocksWithNilReservedNilTxHashes/nil_Reserved
=== PAUSE TestScheduledTxsExecution_AddMiniBlocksWithNilReservedNilTxHashes/nil_Reserved
=== RUN   TestScheduledTxsExecution_AddMiniBlocksWithNilReservedNilTxHashes/nil_TxHashes
=== PAUSE TestScheduledTxsExecution_AddMiniBlocksWithNilReservedNilTxHashes/nil_TxHashes
=== CONT  TestScheduledTxsExecution_AddMiniBlocksWithNilReservedNilTxHashes/nil_Reserved
=== CONT  TestScheduledTxsExecution_AddMiniBlocksWithNilReservedNilTxHashes/nil_TxHashes
--- PASS: TestScheduledTxsExecution_AddMiniBlocksWithNilReservedNilTxHashes (0.00s)
    --- PASS: TestScheduledTxsExecution_AddMiniBlocksWithNilReservedNilTxHashes/nil_Reserved (0.00s)
    --- PASS: TestScheduledTxsExecution_AddMiniBlocksWithNilReservedNilTxHashes/nil_TxHashes (0.00s)
=== RUN   TestScheduledTxsExecution_AddMiniBlocksShouldWork
=== PAUSE TestScheduledTxsExecution_AddMiniBlocksShouldWork
=== RUN   TestScheduledTxsExecution_GetScheduledTxs
=== PAUSE TestScheduledTxsExecution_GetScheduledTxs
=== RUN   TestScheduledTxsExecution_GetScheduledMBs
=== PAUSE TestScheduledTxsExecution_GetScheduledMBs
=== RUN   TestScheduledTxsExecution_GetScheduledRootHashForHeaderWithErrorShouldFail
=== PAUSE TestScheduledTxsExecution_GetScheduledRootHashForHeaderWithErrorShouldFail
=== RUN   TestScheduledTxsExecution_GetScheduledRootHashForHeaderShouldWork
=== PAUSE TestScheduledTxsExecution_GetScheduledRootHashForHeaderShouldWork
=== RUN   TestScheduledTxsExecution_removeInvalidTxsFromScheduledMiniBlocks
=== PAUSE TestScheduledTxsExecution_removeInvalidTxsFromScheduledMiniBlocks
=== RUN   TestScheduledTxsExecution_getIndexOfTxHashInMiniBlock
=== PAUSE TestScheduledTxsExecution_getIndexOfTxHashInMiniBlock
=== RUN   TestScheduledTxsExecution_setScheduledMiniBlockHashes
=== PAUSE TestScheduledTxsExecution_setScheduledMiniBlockHashes
=== RUN   TestScheduledTxsExecution_IsMiniBlockExecuted
=== PAUSE TestScheduledTxsExecution_IsMiniBlockExecuted
=== RUN   TestNewSelectionSession
=== PAUSE TestNewSelectionSession
=== RUN   TestSelectionSession_GetAccountState
=== PAUSE TestSelectionSession_GetAccountState
=== RUN   TestSelectionSession_IsIncorrectlyGuarded
=== PAUSE TestSelectionSession_IsIncorrectlyGuarded
=== RUN   TestSelectionSession_ephemeralAccountsCache_IsSharedAmongCalls
=== PAUSE TestSelectionSession_ephemeralAccountsCache_IsSharedAmongCalls
=== RUN   TestScrsPreprocessor_NewSmartContractResultPreprocessorNilPool
=== PAUSE TestScrsPreprocessor_NewSmartContractResultPreprocessorNilPool
=== RUN   TestScrsPreprocessor_NewSmartContractResultPreprocessorNilStore
=== PAUSE TestScrsPreprocessor_NewSmartContractResultPreprocessorNilStore
=== RUN   TestScrsPreprocessor_NewSmartContractResultPreprocessorNilHasher
=== PAUSE TestScrsPreprocessor_NewSmartContractResultPreprocessorNilHasher
=== RUN   TestScrsPreprocessor_NewSmartContractResultPreprocessorNilMarsalizer
=== PAUSE TestScrsPreprocessor_NewSmartContractResultPreprocessorNilMarsalizer
=== RUN   TestScrsPreprocessor_NewSmartContractResultPreprocessorNilTxProce
=== PAUSE TestScrsPreprocessor_NewSmartContractResultPreprocessorNilTxProce
=== RUN   TestScrsPreprocessor_NewSmartContractResultPreprocessorNilShardCoord
=== PAUSE TestScrsPreprocessor_NewSmartContractResultPreprocessorNilShardCoord
=== RUN   TestScrsPreprocessor_NewSmartContractResultPreprocessorNilAccounts
=== PAUSE TestScrsPreprocessor_NewSmartContractResultPreprocessorNilAccounts
=== RUN   TestScrsPreprocessor_NewSmartContractResultPreprocessorNilRequestFunc
=== PAUSE TestScrsPreprocessor_NewSmartContractResultPreprocessorNilRequestFunc
=== RUN   TestScrsPreprocessor_NewSmartContractResultPreprocessorNilGasHandler
=== PAUSE TestScrsPreprocessor_NewSmartContractResultPreprocessorNilGasHandler
=== RUN   TestScrsPreprocessor_NewSmartContractResultPreprocessorShouldWork
=== PAUSE TestScrsPreprocessor_NewSmartContractResultPreprocessorShouldWork
=== RUN   TestScrsPreprocessor_NewSmartContractResultPreprocessorNilPubkeyConverter
=== PAUSE TestScrsPreprocessor_NewSmartContractResultPreprocessorNilPubkeyConverter
=== RUN   TestScrsPreprocessor_NewSmartContractResultPreprocessorNilBlockSizeComputationHandler
=== PAUSE TestScrsPreprocessor_NewSmartContractResultPreprocessorNilBlockSizeComputationHandler
=== RUN   TestScrsPreprocessor_NewSmartContractResultPreprocessorNilBalanceComputationHandler
=== PAUSE TestScrsPreprocessor_NewSmartContractResultPreprocessorNilBalanceComputationHandler
=== RUN   TestScrsPreprocessor_NewSmartContractResultPreprocessorNilEnableEpochsHandler
=== PAUSE TestScrsPreprocessor_NewSmartContractResultPreprocessorNilEnableEpochsHandler
=== RUN   TestScrsPreprocessor_NewSmartContractResultPreprocessorInvalidEnableEpochsHandler
=== PAUSE TestScrsPreprocessor_NewSmartContractResultPreprocessorInvalidEnableEpochsHandler
=== RUN   TestScrsPreprocessor_NewSmartContractResultPreprocessorNilProcessedMiniBlocksTracker
=== PAUSE TestScrsPreprocessor_NewSmartContractResultPreprocessorNilProcessedMiniBlocksTracker
=== RUN   TestNewSmartContractResult_NilTxExecutionOrderHandlerShouldErr
=== PAUSE TestNewSmartContractResult_NilTxExecutionOrderHandlerShouldErr
=== RUN   TestScrsPreProcessor_GetTransactionFromPool
=== PAUSE TestScrsPreProcessor_GetTransactionFromPool
=== RUN   TestScrsPreprocessor_RequestTransactionNothingToRequestAsGeneratedAtProcessing
=== PAUSE TestScrsPreprocessor_RequestTransactionNothingToRequestAsGeneratedAtProcessing
=== RUN   TestScrsPreprocessor_RequestTransactionFromNetwork
=== PAUSE TestScrsPreprocessor_RequestTransactionFromNetwork
=== RUN   TestScrsPreprocessor_RequestBlockTransactionFromMiniBlockFromNetwork
=== PAUSE TestScrsPreprocessor_RequestBlockTransactionFromMiniBlockFromNetwork
=== RUN   TestScrsPreprocessor_ReceivedTransactionShouldEraseRequested
=== PAUSE TestScrsPreprocessor_ReceivedTransactionShouldEraseRequested
=== RUN   TestScrsPreprocessor_GetAllTxsFromMiniBlockShouldWork
=== PAUSE TestScrsPreprocessor_GetAllTxsFromMiniBlockShouldWork
=== RUN   TestScrsPreprocessor_GetAllTxsFromMiniBlockShouldWorkEvenIfScrIsMisplaced
=== PAUSE TestScrsPreprocessor_GetAllTxsFromMiniBlockShouldWorkEvenIfScrIsMisplaced
=== RUN   TestScrsPreprocessor_RemoveBlockDataFromPoolsNilBlockShouldErr
=== PAUSE TestScrsPreprocessor_RemoveBlockDataFromPoolsNilBlockShouldErr
=== RUN   TestScrsPreprocessor_RemoveBlockDataFromPoolsOK
=== PAUSE TestScrsPreprocessor_RemoveBlockDataFromPoolsOK
=== RUN   TestScrsPreprocessor_IsDataPreparedErr
=== PAUSE TestScrsPreprocessor_IsDataPreparedErr
=== RUN   TestScrsPreprocessor_IsDataPrepared
=== PAUSE TestScrsPreprocessor_IsDataPrepared
=== RUN   TestScrsPreprocessor_SaveTxsToStorage
=== PAUSE TestScrsPreprocessor_SaveTxsToStorage
=== RUN   TestScrsPreprocessor_SaveTxsToStorageShouldSaveCorrectly
=== PAUSE TestScrsPreprocessor_SaveTxsToStorageShouldSaveCorrectly
=== RUN   TestScrsPreprocessor_SaveTxsToStorageMissingTransactionsShouldNotErr
=== PAUSE TestScrsPreprocessor_SaveTxsToStorageMissingTransactionsShouldNotErr
=== RUN   TestScrsPreprocessor_ProcessBlockTransactionsShouldWork
=== PAUSE TestScrsPreprocessor_ProcessBlockTransactionsShouldWork
=== RUN   TestScrsPreprocessor_ProcessBlockTransactionsMissingTrieNode
=== PAUSE TestScrsPreprocessor_ProcessBlockTransactionsMissingTrieNode
=== RUN   TestScrsPreprocessor_ProcessBlockTransactionsShouldErrMaxGasLimitPerBlockInSelfShardIsReached
=== PAUSE TestScrsPreprocessor_ProcessBlockTransactionsShouldErrMaxGasLimitPerBlockInSelfShardIsReached
=== RUN   TestScrsPreprocessor_ProcessMiniBlock
=== PAUSE TestScrsPreprocessor_ProcessMiniBlock
=== RUN   TestScrsPreprocessor_ProcessMiniBlockWrongTypeMiniblockShouldErr
=== PAUSE TestScrsPreprocessor_ProcessMiniBlockWrongTypeMiniblockShouldErr
=== RUN   TestScrsPreprocessor_RestoreBlockDataIntoPools
=== PAUSE TestScrsPreprocessor_RestoreBlockDataIntoPools
=== RUN   TestScrsPreprocessor_RestoreBlockDataIntoPoolsNilMiniblockPoolShouldErr
=== PAUSE TestScrsPreprocessor_RestoreBlockDataIntoPoolsNilMiniblockPoolShouldErr
=== RUN   TestSmartContractResults_CreateBlockStartedShouldEmptyTxHashAndInfo
=== PAUSE TestSmartContractResults_CreateBlockStartedShouldEmptyTxHashAndInfo
=== RUN   TestSmartContractResults_GetAllCurrentUsedTxs
=== PAUSE TestSmartContractResults_GetAllCurrentUsedTxs
=== RUN   TestTransactions_ApplyVerifiedTransactionShouldWork
=== PAUSE TestTransactions_ApplyVerifiedTransactionShouldWork
=== RUN   TestTransactions_GetScheduledTxAndMbInfoShouldWork
=== PAUSE TestTransactions_GetScheduledTxAndMbInfoShouldWork
=== RUN   TestTransactions_ShouldContinueProcessingScheduledTxShouldWork
=== PAUSE TestTransactions_ShouldContinueProcessingScheduledTxShouldWork
=== RUN   TestTransactions_ApplyExecutedTransactionShouldWork
=== PAUSE TestTransactions_ApplyExecutedTransactionShouldWork
=== RUN   TestTransactions_GetTxAndMbInfoShouldWork
=== PAUSE TestTransactions_GetTxAndMbInfoShouldWork
=== RUN   TestTransactions_ShouldContinueProcessingTxShouldWork
=== PAUSE TestTransactions_ShouldContinueProcessingTxShouldWork
=== RUN   TestTransactions_VerifyTransactionShouldWork
=== PAUSE TestTransactions_VerifyTransactionShouldWork
=== RUN   TestTransactions_CreateScheduledMiniBlocksShouldWork
=== PAUSE TestTransactions_CreateScheduledMiniBlocksShouldWork
=== RUN   TestTransactions_GetMiniBlockSliceFromMapV2ShouldWork
=== PAUSE TestTransactions_GetMiniBlockSliceFromMapV2ShouldWork
=== RUN   TestTransactions_CreateAndProcessMiniBlocksFromMeV2ShouldWork
=== PAUSE TestTransactions_CreateAndProcessMiniBlocksFromMeV2ShouldWork
=== RUN   TestTransactions_CreateAndProcessMiniBlocksFromMeV2MissingTrieNode
=== PAUSE TestTransactions_CreateAndProcessMiniBlocksFromMeV2MissingTrieNode
=== RUN   TestTransactions_ProcessTransactionShouldWork
=== PAUSE TestTransactions_ProcessTransactionShouldWork
=== RUN   TestTxsPreprocessor_NewTransactionPreprocessorNilPool
=== PAUSE TestTxsPreprocessor_NewTransactionPreprocessorNilPool
=== RUN   TestTxsPreprocessor_NewTransactionPreprocessorNilStore
=== PAUSE TestTxsPreprocessor_NewTransactionPreprocessorNilStore
=== RUN   TestTxsPreprocessor_NewTransactionPreprocessorNilHasher
=== PAUSE TestTxsPreprocessor_NewTransactionPreprocessorNilHasher
=== RUN   TestTxsPreprocessor_NewTransactionPreprocessorNilMarsalizer
=== PAUSE TestTxsPreprocessor_NewTransactionPreprocessorNilMarsalizer
=== RUN   TestTxsPreprocessor_NewTransactionPreprocessorNilTxProce
=== PAUSE TestTxsPreprocessor_NewTransactionPreprocessorNilTxProce
=== RUN   TestTxsPreprocessor_NewTransactionPreprocessorNilShardCoord
=== PAUSE TestTxsPreprocessor_NewTransactionPreprocessorNilShardCoord
=== RUN   TestTxsPreprocessor_NewTransactionPreprocessorNilAccounts
=== PAUSE TestTxsPreprocessor_NewTransactionPreprocessorNilAccounts
=== RUN   TestTxsPreprocessor_NewTransactionPreprocessorNilRequestFunc
=== PAUSE TestTxsPreprocessor_NewTransactionPreprocessorNilRequestFunc
=== RUN   TestTxsPreprocessor_NewTransactionPreprocessorNilFeeHandler
=== PAUSE TestTxsPreprocessor_NewTransactionPreprocessorNilFeeHandler
=== RUN   TestTxsPreprocessor_NewTransactionPreprocessorNilGasHandler
=== PAUSE TestTxsPreprocessor_NewTransactionPreprocessorNilGasHandler
=== RUN   TestTxsPreprocessor_NewTransactionPreprocessorNilBlockTracker
=== PAUSE TestTxsPreprocessor_NewTransactionPreprocessorNilBlockTracker
=== RUN   TestTxsPreprocessor_NewTransactionPreprocessorNilPubkeyConverter
=== PAUSE TestTxsPreprocessor_NewTransactionPreprocessorNilPubkeyConverter
=== RUN   TestTxsPreprocessor_NewTransactionPreprocessorNilBlockSizeComputationHandler
=== PAUSE TestTxsPreprocessor_NewTransactionPreprocessorNilBlockSizeComputationHandler
=== RUN   TestTxsPreprocessor_NewTransactionPreprocessorNilBalanceComputationHandler
=== PAUSE TestTxsPreprocessor_NewTransactionPreprocessorNilBalanceComputationHandler
=== RUN   TestTxsPreprocessor_NewTransactionPreprocessorNilEnableEpochsHandler
=== PAUSE TestTxsPreprocessor_NewTransactionPreprocessorNilEnableEpochsHandler
=== RUN   TestTxsPreprocessor_NewTransactionPreprocessorInvalidEnableEpochsHandler
=== PAUSE TestTxsPreprocessor_NewTransactionPreprocessorInvalidEnableEpochsHandler
=== RUN   TestTxsPreprocessor_NewTransactionPreprocessorNilTxTypeHandler
=== PAUSE TestTxsPreprocessor_NewTransactionPreprocessorNilTxTypeHandler
=== RUN   TestTxsPreprocessor_NewTransactionPreprocessorNilScheduledTxsExecutionHandler
=== PAUSE TestTxsPreprocessor_NewTransactionPreprocessorNilScheduledTxsExecutionHandler
=== RUN   TestTxsPreprocessor_NewTransactionPreprocessorNilProcessedMiniBlocksTracker
=== PAUSE TestTxsPreprocessor_NewTransactionPreprocessorNilProcessedMiniBlocksTracker
=== RUN   TestTxsPreprocessor_NewTransactionPreprocessorNilTxExecutionOrderHandler
=== PAUSE TestTxsPreprocessor_NewTransactionPreprocessorNilTxExecutionOrderHandler
=== RUN   TestTxsPreprocessor_NewTransactionPreprocessorOkValsShouldWork
=== PAUSE TestTxsPreprocessor_NewTransactionPreprocessorOkValsShouldWork
=== RUN   TestTxsPreProcessor_GetTransactionFromPool
=== PAUSE TestTxsPreProcessor_GetTransactionFromPool
=== RUN   TestTransactionPreprocessor_RequestTransactionFromNetwork
=== PAUSE TestTransactionPreprocessor_RequestTransactionFromNetwork
=== RUN   TestTransactionPreprocessor_RequestBlockTransactionFromMiniBlockFromNetwork
=== PAUSE TestTransactionPreprocessor_RequestBlockTransactionFromMiniBlockFromNetwork
=== RUN   TestTransactionPreprocessor_ReceivedTransactionShouldEraseRequested
=== PAUSE TestTransactionPreprocessor_ReceivedTransactionShouldEraseRequested
=== RUN   TestTransactionPreprocessor_GetAllTxsFromMiniBlockShouldWork
=== PAUSE TestTransactionPreprocessor_GetAllTxsFromMiniBlockShouldWork
=== RUN   TestTransactionPreprocessor_RemoveBlockDataFromPoolsNilBlockShouldErr
=== PAUSE TestTransactionPreprocessor_RemoveBlockDataFromPoolsNilBlockShouldErr
=== RUN   TestTransactionPreprocessor_RemoveBlockDataFromPoolsOK
=== PAUSE TestTransactionPreprocessor_RemoveBlockDataFromPoolsOK
=== RUN   TestTransactions_CreateAndProcessMiniBlockCrossShardGasLimitAddAll
=== PAUSE TestTransactions_CreateAndProcessMiniBlockCrossShardGasLimitAddAll
=== RUN   TestTransactions_CreateAndProcessMiniBlockCrossShardGasLimitAddAllAsNoSCCalls
=== PAUSE TestTransactions_CreateAndProcessMiniBlockCrossShardGasLimitAddAllAsNoSCCalls
=== RUN   TestTransactions_CreateAndProcessMiniBlockCrossShardGasLimitAddOnly5asSCCall
=== PAUSE TestTransactions_CreateAndProcessMiniBlockCrossShardGasLimitAddOnly5asSCCall
=== RUN   TestTransactions_IsDataPrepared_NumMissingTxsZeroShouldWork
=== PAUSE TestTransactions_IsDataPrepared_NumMissingTxsZeroShouldWork
=== RUN   TestTransactions_IsDataPrepared_NumMissingTxsGreaterThanZeroTxNotReceivedShouldTimeout
=== PAUSE TestTransactions_IsDataPrepared_NumMissingTxsGreaterThanZeroTxNotReceivedShouldTimeout
=== RUN   TestTransactions_IsDataPrepared_NumMissingTxsGreaterThanZeroShouldWork
=== PAUSE TestTransactions_IsDataPrepared_NumMissingTxsGreaterThanZeroShouldWork
=== RUN   TestTransactions_GetTotalGasConsumedShouldWork
=== PAUSE TestTransactions_GetTotalGasConsumedShouldWork
=== RUN   TestTransactions_UpdateGasConsumedWithGasRefundedAndGasPenalizedShouldWork
=== PAUSE TestTransactions_UpdateGasConsumedWithGasRefundedAndGasPenalizedShouldWork
=== RUN   TestTransactionPreprocessor_ProcessTxsToMeShouldUseCorrectSenderAndReceiverShards
=== PAUSE TestTransactionPreprocessor_ProcessTxsToMeShouldUseCorrectSenderAndReceiverShards
=== RUN   TestTransactionPreprocessor_ProcessTxsToMeMissingTrieNode
=== PAUSE TestTransactionPreprocessor_ProcessTxsToMeMissingTrieNode
=== RUN   TestTransactionsPreprocessor_ProcessMiniBlockShouldWork
=== PAUSE TestTransactionsPreprocessor_ProcessMiniBlockShouldWork
=== RUN   TestTransactionsPreprocessor_ProcessMiniBlockShouldErrMaxGasLimitUsedForDestMeTxsIsReached
=== PAUSE TestTransactionsPreprocessor_ProcessMiniBlockShouldErrMaxGasLimitUsedForDestMeTxsIsReached
=== RUN   TestTransactionsPreprocessor_ComputeGasProvidedShouldWork
=== PAUSE TestTransactionsPreprocessor_ComputeGasProvidedShouldWork
=== RUN   TestTransactionsPreprocessor_SplitMiniBlocksIfNeededShouldWork
=== PAUSE TestTransactionsPreprocessor_SplitMiniBlocksIfNeededShouldWork
=== RUN   TestTransactionsPreProcessor_preFilterTransactionsNoBandwidth
--- PASS: TestTransactionsPreProcessor_preFilterTransactionsNoBandwidth (0.00s)
=== RUN   TestTransactionsPreProcessor_preFilterTransactionsLimitedBandwidthMultipleTxs
--- PASS: TestTransactionsPreProcessor_preFilterTransactionsLimitedBandwidthMultipleTxs (0.00s)
=== RUN   TestTransactionsPreProcessor_preFilterTransactionsLimitedBandwidthMultipleTxsWithSkippedMoveBalance
--- PASS: TestTransactionsPreProcessor_preFilterTransactionsLimitedBandwidthMultipleTxsWithSkippedMoveBalance (0.00s)
=== RUN   TestTransactionsPreProcessor_preFilterTransactionsHighBandwidth
--- PASS: TestTransactionsPreProcessor_preFilterTransactionsHighBandwidth (0.00s)
=== RUN   TestTransactionsPreProcessor_getRemainingGasPerBlock
--- PASS: TestTransactionsPreProcessor_getRemainingGasPerBlock (0.00s)
=== RUN   TestTransactionsPreProcessor_getRemainingGasPerBlockAsScheduled
--- PASS: TestTransactionsPreProcessor_getRemainingGasPerBlockAsScheduled (0.00s)
=== RUN   TestTxsPreprocessor_AddTxsFromMiniBlocksShouldWork
=== PAUSE TestTxsPreprocessor_AddTxsFromMiniBlocksShouldWork
=== RUN   TestTransactions_AddTransactions
=== RUN   TestTransactions_AddTransactions/marshaling_error_should_not_add_tx
=== PAUSE TestTransactions_AddTransactions/marshaling_error_should_not_add_tx
=== RUN   TestTransactions_AddTransactions/should_add_txs
=== PAUSE TestTransactions_AddTransactions/should_add_txs
=== CONT  TestTransactions_AddTransactions/marshaling_error_should_not_add_tx
[0;33mWARN [0m[2026-03-16 10:14:04.998]   transactions.AddTransactions CalculateHash [0;33merror[0m = expected error 
=== CONT  TestTransactions_AddTransactions/should_add_txs
--- PASS: TestTransactions_AddTransactions (0.00s)
    --- PASS: TestTransactions_AddTransactions/marshaling_error_should_not_add_tx (0.00s)
    --- PASS: TestTransactions_AddTransactions/should_add_txs (0.00s)
=== RUN   TestSortTransactionsBySenderAndNonceWithFrontRunningProtection_TestnetBids
[0;32mINFO [0m[2026-03-16 10:14:05.199]   test parameters                          [0;32mnum calls[0m = 10000 [0;32mexpected wins per sender[0m = 1111 [0;32mdelta[0m = 111 [0;32mmin wins[0m = 1000 [0;32mmax wins[0m = 1222 
[0;32mINFO [0m[2026-03-16 10:14:05.199]   address wins                             [0;32maddress[0m = drt18dp32dj2gm626uhtd3mezkd24phzev2gmef06y9fs4f94uyy4swszrtfkv [0;32mnum wins[0m = 1088 
[0;32mINFO [0m[2026-03-16 10:14:05.199]   address wins                             [0;32maddress[0m = drt19rywmefgq6m0ddmwv9uc23ns7q8s236hag2qp9h8aps0cnxf9qnswc204c [0;32mnum wins[0m = 1138 
[0;32mINFO [0m[2026-03-16 10:14:05.199]   address wins                             [0;32maddress[0m = drt18ljvzsj74ehku7ej80lm35jsxdcxxrwc9t5swkgkyzayep52qe2spwmx9v [0;32mnum wins[0m = 1090 
[0;32mINFO [0m[2026-03-16 10:14:05.199]   address wins                             [0;32maddress[0m = drt1lr7k9z8l6lgud6709pr3lnm84mfnqqrj40rq66n4rtassfyvcl8skp5rgh [0;32mnum wins[0m = 1113 
[0;32mINFO [0m[2026-03-16 10:14:05.199]   address wins                             [0;32maddress[0m = drt1xls5cejdna07m3jptt43trhhcw39hz5xe673d6lmfnapmcxz9a3s6mnm0g [0;32mnum wins[0m = 1108 
[0;32mINFO [0m[2026-03-16 10:14:05.199]   address wins                             [0;32maddress[0m = drt13l5pgsz32u2t7mpanr9hyalahn2newj6ew85s8pgaln5kglm5s3srjdhaf [0;32mnum wins[0m = 1120 
[0;32mINFO [0m[2026-03-16 10:14:05.199]   address wins                             [0;32maddress[0m = drt1hshz86ke95z58920xl59jnakv5ppmsfarwtump6scjjcyfr9zxwssn08y6 [0;32mnum wins[0m = 1166 
[0;32mINFO [0m[2026-03-16 10:14:05.199]   address wins                             [0;32maddress[0m = drt1pvr8n50q9tqvng03c450d3ac4pz5dt0gxedvvf80rj9r77s3ds0snwxj6r [0;32mnum wins[0m = 1103 
[0;32mINFO [0m[2026-03-16 10:14:05.199]   address wins                             [0;32maddress[0m = drt1qrzudpvn7xmqvx8w0sc726arp4rpuxxw5zk87rjh9yy3v09knjascjjvaq [0;32mnum wins[0m = 1074 
--- PASS: TestSortTransactionsBySenderAndNonceWithFrontRunningProtection_TestnetBids (0.20s)
=== RUN   TestTransactions_ComputeCacheIdentifier
=== PAUSE TestTransactions_ComputeCacheIdentifier
=== RUN   TestTransactions_RestoreBlockDataIntoPools
=== PAUSE TestTransactions_RestoreBlockDataIntoPools
=== RUN   TestTransactions_getMiniBlockHeaderOfMiniBlock
=== PAUSE TestTransactions_getMiniBlockHeaderOfMiniBlock
=== RUN   TestTransactions_getIndexesOfLastTxProcessed
=== PAUSE TestTransactions_getIndexesOfLastTxProcessed
=== RUN   TestNewValidatorInfoPreprocessor_NilHasherShouldErr
=== PAUSE TestNewValidatorInfoPreprocessor_NilHasherShouldErr
=== RUN   TestNewValidatorInfoPreprocessor_NilMarshalizerShouldErr
=== PAUSE TestNewValidatorInfoPreprocessor_NilMarshalizerShouldErr
=== RUN   TestNewValidatorInfoPreprocessor_NilBlockSizeComputationHandlerShouldErr
=== PAUSE TestNewValidatorInfoPreprocessor_NilBlockSizeComputationHandlerShouldErr
=== RUN   TestNewValidatorInfoPreprocessor_NilValidatorInfoPoolShouldErr
=== PAUSE TestNewValidatorInfoPreprocessor_NilValidatorInfoPoolShouldErr
=== RUN   TestNewValidatorInfoPreprocessor_NilStoreShouldErr
=== PAUSE TestNewValidatorInfoPreprocessor_NilStoreShouldErr
=== RUN   TestNewValidatorInfoPreprocessor_NilEnableEpochHandlerShouldErr
=== PAUSE TestNewValidatorInfoPreprocessor_NilEnableEpochHandlerShouldErr
=== RUN   TestNewValidatorInfoPreprocessor_InvalidEnableEpochHandlerShouldErr
=== PAUSE TestNewValidatorInfoPreprocessor_InvalidEnableEpochHandlerShouldErr
=== RUN   TestNewValidatorInfoPreprocessor_OkValsShouldWork
=== PAUSE TestNewValidatorInfoPreprocessor_OkValsShouldWork
=== RUN   TestNewValidatorInfoPreprocessor_CreateMarshalizedDataShouldWork
=== PAUSE TestNewValidatorInfoPreprocessor_CreateMarshalizedDataShouldWork
=== RUN   TestNewValidatorInfoPreprocessor_ProcessMiniBlockInvalidMiniBlockTypeShouldErr
=== PAUSE TestNewValidatorInfoPreprocessor_ProcessMiniBlockInvalidMiniBlockTypeShouldErr
=== RUN   TestNewValidatorInfoPreprocessor_ProcessMiniBlockShouldWork
=== PAUSE TestNewValidatorInfoPreprocessor_ProcessMiniBlockShouldWork
=== RUN   TestNewValidatorInfoPreprocessor_ProcessMiniBlockNotFromMeta
=== PAUSE TestNewValidatorInfoPreprocessor_ProcessMiniBlockNotFromMeta
=== RUN   TestNewValidatorInfoPreprocessor_RestorePeerBlockIntoPools
=== PAUSE TestNewValidatorInfoPreprocessor_RestorePeerBlockIntoPools
=== RUN   TestNewValidatorInfoPreprocessor_RestoreOtherBlockTypeIntoPoolsShouldNotRestore
=== PAUSE TestNewValidatorInfoPreprocessor_RestoreOtherBlockTypeIntoPoolsShouldNotRestore
=== RUN   TestNewValidatorInfoPreprocessor_RemovePeerBlockFromPool
=== PAUSE TestNewValidatorInfoPreprocessor_RemovePeerBlockFromPool
=== RUN   TestNewValidatorInfoPreprocessor_RemoveOtherBlockTypeFromPoolShouldNotRemove
=== PAUSE TestNewValidatorInfoPreprocessor_RemoveOtherBlockTypeFromPoolShouldNotRemove
=== RUN   TestNewValidatorInfoPreprocessor_RestoreValidatorsInfo
=== PAUSE TestNewValidatorInfoPreprocessor_RestoreValidatorsInfo
=== RUN   TestValidatorInfoPreprocessor_SaveTxsToStorageShouldWork
=== PAUSE TestValidatorInfoPreprocessor_SaveTxsToStorageShouldWork
=== RUN   TestNewBalanceComputation_ShouldWork
=== PAUSE TestNewBalanceComputation_ShouldWork
=== RUN   TestNewBalanceComputation_InitShouldWork
=== PAUSE TestNewBalanceComputation_InitShouldWork
=== RUN   TestNewBalanceComputation_SetAndGetBalanceShouldWork
=== PAUSE TestNewBalanceComputation_SetAndGetBalanceShouldWork
=== RUN   TestNewBalanceComputation_AddBalanceToAddressShouldWork
=== PAUSE TestNewBalanceComputation_AddBalanceToAddressShouldWork
=== RUN   TestNewBalanceComputation_SubBalanceFromAddressShouldWork
=== PAUSE TestNewBalanceComputation_SubBalanceFromAddressShouldWork
=== RUN   TestNewBalanceComputation_IsAddressSetShouldWork
=== PAUSE TestNewBalanceComputation_IsAddressSetShouldWork
=== RUN   TestNewBalanceComputation_AddressHasEnoughBalanceShouldWork
=== PAUSE TestNewBalanceComputation_AddressHasEnoughBalanceShouldWork
=== RUN   TestNewBlockSizeComputation_NilMarshalizerShouldErr
=== PAUSE TestNewBlockSizeComputation_NilMarshalizerShouldErr
=== RUN   TestNewBlockSizeComputation_NilBlockSizeThrottlerShouldErr
=== PAUSE TestNewBlockSizeComputation_NilBlockSizeThrottlerShouldErr
=== RUN   TestNewBlockSizeComputation_WithMockMarshalizerShouldWorkAndComputeValues
=== PAUSE TestNewBlockSizeComputation_WithMockMarshalizerShouldWorkAndComputeValues
=== RUN   TestNewBlockSizeComputation_MarshalizerFailsShouldErr
=== PAUSE TestNewBlockSizeComputation_MarshalizerFailsShouldErr
=== RUN   TestBlockSizeComputation_AddNumMiniBlocks
=== PAUSE TestBlockSizeComputation_AddNumMiniBlocks
=== RUN   TestBlockSizeComputation_AddNumTxs
=== PAUSE TestBlockSizeComputation_AddNumTxs
=== RUN   TestBlockSizeComputation_Init
=== PAUSE TestBlockSizeComputation_Init
=== RUN   TestBlockSizeComputation_IsMaxBlockSizeReachedShouldWork
=== PAUSE TestBlockSizeComputation_IsMaxBlockSizeReachedShouldWork
=== RUN   TestBlockSizeComputation_IsMaxBlockSizeWithoutThrottleReachedShouldWork
=== PAUSE TestBlockSizeComputation_IsMaxBlockSizeWithoutThrottleReachedShouldWork
=== RUN   TestBlockSizeComputation_MaxTransactionsInOneMiniblock
=== PAUSE TestBlockSizeComputation_MaxTransactionsInOneMiniblock
=== RUN   TestNewGasComputation_NilEconomicsFeeHandlerShouldErr
=== PAUSE TestNewGasComputation_NilEconomicsFeeHandlerShouldErr
=== RUN   TestNewGasComputation_NilEnableEpochsHandlerShouldErr
=== PAUSE TestNewGasComputation_NilEnableEpochsHandlerShouldErr
=== RUN   TestNewGasComputation_InvalidEnableEpochsHandlerShouldErr
=== PAUSE TestNewGasComputation_InvalidEnableEpochsHandlerShouldErr
=== RUN   TestNewGasComputation_ShouldWork
=== PAUSE TestNewGasComputation_ShouldWork
=== RUN   TestGasProvided_ShouldWork
=== PAUSE TestGasProvided_ShouldWork
=== RUN   TestGasRefunded_ShouldWork
=== PAUSE TestGasRefunded_ShouldWork
=== RUN   TestGasPenalized_ShouldWork
=== PAUSE TestGasPenalized_ShouldWork
=== RUN   TestComputeGasProvidedByTx_ShouldErrWrongTypeAssertion
=== PAUSE TestComputeGasProvidedByTx_ShouldErrWrongTypeAssertion
=== RUN   TestComputeGasProvidedByTx_ShouldWorkWhenTxReceiverAddressIsNotASmartContract
=== PAUSE TestComputeGasProvidedByTx_ShouldWorkWhenTxReceiverAddressIsNotASmartContract
=== RUN   TestComputeGasProvidedByTx_ShouldWorkWhenTxReceiverAddressIsASmartContractInShard
=== PAUSE TestComputeGasProvidedByTx_ShouldWorkWhenTxReceiverAddressIsASmartContractInShard
=== RUN   TestComputeGasProvidedByTx_ShouldWorkWhenTxReceiverAddressIsASmartContractCrossShard
=== PAUSE TestComputeGasProvidedByTx_ShouldWorkWhenTxReceiverAddressIsASmartContractCrossShard
=== RUN   TestComputeGasProvidedByTx_ShouldReturnZeroIf0GasLimit
=== PAUSE TestComputeGasProvidedByTx_ShouldReturnZeroIf0GasLimit
=== RUN   TestComputeGasProvidedByTx_ShouldReturnGasLimitIfLessThanMoveBalance
=== PAUSE TestComputeGasProvidedByTx_ShouldReturnGasLimitIfLessThanMoveBalance
=== RUN   TestComputeGasProvidedByTx_ShouldReturnGasLimitWhenRelayed
=== PAUSE TestComputeGasProvidedByTx_ShouldReturnGasLimitWhenRelayed
=== RUN   TestComputeGasProvidedByTx_ShouldReturnGasLimitWhenRelayedV2
=== PAUSE TestComputeGasProvidedByTx_ShouldReturnGasLimitWhenRelayedV2
=== RUN   TestComputeGasProvidedByMiniBlock_ShouldErrMissingTransaction
=== PAUSE TestComputeGasProvidedByMiniBlock_ShouldErrMissingTransaction
=== RUN   TestComputeGasProvidedByMiniBlock_ShouldReturnZeroWhenOneTxIsMissing
=== PAUSE TestComputeGasProvidedByMiniBlock_ShouldReturnZeroWhenOneTxIsMissing
=== RUN   TestComputeGasProvidedByMiniBlock_ShouldWork
=== PAUSE TestComputeGasProvidedByMiniBlock_ShouldWork
=== RUN   TestComputeGasProvidedByMiniBlock_ShouldWorkV1
=== PAUSE TestComputeGasProvidedByMiniBlock_ShouldWorkV1
=== RUN   TestComputeGasProvidedByTx_ShouldWorkWhenTxReceiverAddressIsNotASmartContractV1
=== PAUSE TestComputeGasProvidedByTx_ShouldWorkWhenTxReceiverAddressIsNotASmartContractV1
=== RUN   TestComputeGasProvidedByTx_ShouldWorkWhenTxReceiverAddressIsASmartContractInShardV1
=== PAUSE TestComputeGasProvidedByTx_ShouldWorkWhenTxReceiverAddressIsASmartContractInShardV1
=== RUN   TestComputeGasProvidedByTx_ShouldWorkWhenTxReceiverAddressIsASmartContractCrossShardV1
=== PAUSE TestComputeGasProvidedByTx_ShouldWorkWhenTxReceiverAddressIsASmartContractCrossShardV1
=== RUN   TestReset_ShouldWork
=== PAUSE TestReset_ShouldWork
=== RUN   TestRestoreGasSinceLastReset_ShouldWork
=== PAUSE TestRestoreGasSinceLastReset_ShouldWork
=== CONT  TestBasePreProcess_handleProcessTransactionInit
--- PASS: TestBasePreProcess_handleProcessTransactionInit (0.00s)
=== CONT  TestScrsPreprocessor_SaveTxsToStorageShouldSaveCorrectly
--- PASS: TestScrsPreprocessor_SaveTxsToStorageShouldSaveCorrectly (0.00s)
=== CONT  TestScrsPreprocessor_SaveTxsToStorage
--- PASS: TestScrsPreprocessor_SaveTxsToStorage (0.00s)
=== CONT  TestScrsPreprocessor_IsDataPrepared
=== CONT  TestRestoreGasSinceLastReset_ShouldWork
--- PASS: TestRestoreGasSinceLastReset_ShouldWork (0.00s)
=== CONT  TestReset_ShouldWork
--- PASS: TestReset_ShouldWork (0.00s)
=== CONT  TestComputeGasProvidedByTx_ShouldWorkWhenTxReceiverAddressIsASmartContractCrossShardV1
--- PASS: TestComputeGasProvidedByTx_ShouldWorkWhenTxReceiverAddressIsASmartContractCrossShardV1 (0.00s)
=== CONT  TestComputeGasProvidedByTx_ShouldWorkWhenTxReceiverAddressIsASmartContractInShardV1
--- PASS: TestComputeGasProvidedByTx_ShouldWorkWhenTxReceiverAddressIsASmartContractInShardV1 (0.00s)
=== CONT  TestComputeGasProvidedByTx_ShouldWorkWhenTxReceiverAddressIsNotASmartContractV1
--- PASS: TestComputeGasProvidedByTx_ShouldWorkWhenTxReceiverAddressIsNotASmartContractV1 (0.00s)
=== CONT  TestComputeGasProvidedByMiniBlock_ShouldWorkV1
--- PASS: TestComputeGasProvidedByMiniBlock_ShouldWorkV1 (0.00s)
=== CONT  TestComputeGasProvidedByMiniBlock_ShouldWork
--- PASS: TestComputeGasProvidedByMiniBlock_ShouldWork (0.00s)
=== CONT  TestComputeGasProvidedByMiniBlock_ShouldReturnZeroWhenOneTxIsMissing
--- PASS: TestComputeGasProvidedByMiniBlock_ShouldReturnZeroWhenOneTxIsMissing (0.00s)
=== CONT  TestComputeGasProvidedByMiniBlock_ShouldErrMissingTransaction
--- PASS: TestComputeGasProvidedByMiniBlock_ShouldErrMissingTransaction (0.00s)
=== CONT  TestComputeGasProvidedByTx_ShouldReturnGasLimitWhenRelayedV2
--- PASS: TestComputeGasProvidedByTx_ShouldReturnGasLimitWhenRelayedV2 (0.00s)
=== CONT  TestComputeGasProvidedByTx_ShouldReturnGasLimitWhenRelayed
--- PASS: TestComputeGasProvidedByTx_ShouldReturnGasLimitWhenRelayed (0.00s)
=== CONT  TestComputeGasProvidedByTx_ShouldReturnGasLimitIfLessThanMoveBalance
--- PASS: TestComputeGasProvidedByTx_ShouldReturnGasLimitIfLessThanMoveBalance (0.00s)
=== CONT  TestGasPenalized_ShouldWork
--- PASS: TestGasPenalized_ShouldWork (0.00s)
=== CONT  TestComputeGasProvidedByTx_ShouldReturnZeroIf0GasLimit
--- PASS: TestComputeGasProvidedByTx_ShouldReturnZeroIf0GasLimit (0.00s)
=== CONT  TestComputeGasProvidedByTx_ShouldWorkWhenTxReceiverAddressIsASmartContractCrossShard
--- PASS: TestComputeGasProvidedByTx_ShouldWorkWhenTxReceiverAddressIsASmartContractCrossShard (0.00s)
=== CONT  TestComputeGasProvidedByTx_ShouldWorkWhenTxReceiverAddressIsASmartContractInShard
--- PASS: TestComputeGasProvidedByTx_ShouldWorkWhenTxReceiverAddressIsASmartContractInShard (0.00s)
=== CONT  TestComputeGasProvidedByTx_ShouldWorkWhenTxReceiverAddressIsNotASmartContract
--- PASS: TestComputeGasProvidedByTx_ShouldWorkWhenTxReceiverAddressIsNotASmartContract (0.00s)
=== CONT  TestComputeGasProvidedByTx_ShouldErrWrongTypeAssertion
--- PASS: TestComputeGasProvidedByTx_ShouldErrWrongTypeAssertion (0.00s)
=== CONT  TestGasRefunded_ShouldWork
--- PASS: TestGasRefunded_ShouldWork (0.00s)
=== CONT  TestGasProvided_ShouldWork
--- PASS: TestGasProvided_ShouldWork (0.00s)
=== CONT  TestNewGasComputation_ShouldWork
--- PASS: TestNewGasComputation_ShouldWork (0.00s)
=== CONT  TestNewGasComputation_InvalidEnableEpochsHandlerShouldErr
--- PASS: TestNewGasComputation_InvalidEnableEpochsHandlerShouldErr (0.00s)
=== CONT  TestNewGasComputation_NilEnableEpochsHandlerShouldErr
--- PASS: TestNewGasComputation_NilEnableEpochsHandlerShouldErr (0.00s)
=== CONT  TestNewGasComputation_NilEconomicsFeeHandlerShouldErr
--- PASS: TestNewGasComputation_NilEconomicsFeeHandlerShouldErr (0.00s)
=== CONT  TestBlockSizeComputation_MaxTransactionsInOneMiniblock
--- PASS: TestBlockSizeComputation_MaxTransactionsInOneMiniblock (0.00s)
=== CONT  TestBlockSizeComputation_IsMaxBlockSizeWithoutThrottleReachedShouldWork
=== RUN   TestBlockSizeComputation_IsMaxBlockSizeWithoutThrottleReachedShouldWork/with_miniblocks_0_and_txs_0
=== RUN   TestBlockSizeComputation_IsMaxBlockSizeWithoutThrottleReachedShouldWork/with_miniblocks_1000000_and_txs_0
=== RUN   TestBlockSizeComputation_IsMaxBlockSizeWithoutThrottleReachedShouldWork/with_miniblocks_0_and_txs_1000000
=== RUN   TestBlockSizeComputation_IsMaxBlockSizeWithoutThrottleReachedShouldWork/with_miniblocks_15_and_txs_1000
=== RUN   TestBlockSizeComputation_IsMaxBlockSizeWithoutThrottleReachedShouldWork/with_miniblocks_1_and_txs_27756
=== RUN   TestBlockSizeComputation_IsMaxBlockSizeWithoutThrottleReachedShouldWork/with_miniblocks_1_and_txs_27757
=== RUN   TestBlockSizeComputation_IsMaxBlockSizeWithoutThrottleReachedShouldWork/with_miniblocks_2_and_txs_27756
--- PASS: TestBlockSizeComputation_IsMaxBlockSizeWithoutThrottleReachedShouldWork (0.00s)
    --- PASS: TestBlockSizeComputation_IsMaxBlockSizeWithoutThrottleReachedShouldWork/with_miniblocks_0_and_txs_0 (0.00s)
    --- PASS: TestBlockSizeComputation_IsMaxBlockSizeWithoutThrottleReachedShouldWork/with_miniblocks_1000000_and_txs_0 (0.00s)
    --- PASS: TestBlockSizeComputation_IsMaxBlockSizeWithoutThrottleReachedShouldWork/with_miniblocks_0_and_txs_1000000 (0.00s)
    --- PASS: TestBlockSizeComputation_IsMaxBlockSizeWithoutThrottleReachedShouldWork/with_miniblocks_15_and_txs_1000 (0.00s)
    --- PASS: TestBlockSizeComputation_IsMaxBlockSizeWithoutThrottleReachedShouldWork/with_miniblocks_1_and_txs_27756 (0.00s)
    --- PASS: TestBlockSizeComputation_IsMaxBlockSizeWithoutThrottleReachedShouldWork/with_miniblocks_1_and_txs_27757 (0.00s)
    --- PASS: TestBlockSizeComputation_IsMaxBlockSizeWithoutThrottleReachedShouldWork/with_miniblocks_2_and_txs_27756 (0.00s)
=== CONT  TestBlockSizeComputation_IsMaxBlockSizeReachedShouldWork
=== RUN   TestBlockSizeComputation_IsMaxBlockSizeReachedShouldWork/with_miniblocks_0_and_txs_0
=== RUN   TestBlockSizeComputation_IsMaxBlockSizeReachedShouldWork/with_miniblocks_1000000_and_txs_0
=== RUN   TestBlockSizeComputation_IsMaxBlockSizeReachedShouldWork/with_miniblocks_0_and_txs_1000000
=== RUN   TestBlockSizeComputation_IsMaxBlockSizeReachedShouldWork/with_miniblocks_15_and_txs_1000
=== RUN   TestBlockSizeComputation_IsMaxBlockSizeReachedShouldWork/with_miniblocks_1_and_txs_27756
=== RUN   TestBlockSizeComputation_IsMaxBlockSizeReachedShouldWork/with_miniblocks_1_and_txs_27757
=== RUN   TestBlockSizeComputation_IsMaxBlockSizeReachedShouldWork/with_miniblocks_2_and_txs_27756
--- PASS: TestBlockSizeComputation_IsMaxBlockSizeReachedShouldWork (0.00s)
    --- PASS: TestBlockSizeComputation_IsMaxBlockSizeReachedShouldWork/with_miniblocks_0_and_txs_0 (0.00s)
    --- PASS: TestBlockSizeComputation_IsMaxBlockSizeReachedShouldWork/with_miniblocks_1000000_and_txs_0 (0.00s)
    --- PASS: TestBlockSizeComputation_IsMaxBlockSizeReachedShouldWork/with_miniblocks_0_and_txs_1000000 (0.00s)
    --- PASS: TestBlockSizeComputation_IsMaxBlockSizeReachedShouldWork/with_miniblocks_15_and_txs_1000 (0.00s)
    --- PASS: TestBlockSizeComputation_IsMaxBlockSizeReachedShouldWork/with_miniblocks_1_and_txs_27756 (0.00s)
    --- PASS: TestBlockSizeComputation_IsMaxBlockSizeReachedShouldWork/with_miniblocks_1_and_txs_27757 (0.00s)
    --- PASS: TestBlockSizeComputation_IsMaxBlockSizeReachedShouldWork/with_miniblocks_2_and_txs_27756 (0.00s)
=== CONT  TestBlockSizeComputation_Init
--- PASS: TestBlockSizeComputation_Init (0.00s)
=== CONT  TestBlockSizeComputation_AddNumTxs
--- PASS: TestBlockSizeComputation_AddNumTxs (0.00s)
=== CONT  TestBlockSizeComputation_AddNumMiniBlocks
--- PASS: TestBlockSizeComputation_AddNumMiniBlocks (0.00s)
=== CONT  TestNewBlockSizeComputation_MarshalizerFailsShouldErr
--- PASS: TestNewBlockSizeComputation_MarshalizerFailsShouldErr (0.00s)
=== CONT  TestNewBlockSizeComputation_WithMockMarshalizerShouldWorkAndComputeValues
--- PASS: TestNewBlockSizeComputation_WithMockMarshalizerShouldWorkAndComputeValues (0.00s)
=== CONT  TestNewBlockSizeComputation_NilBlockSizeThrottlerShouldErr
--- PASS: TestNewBlockSizeComputation_NilBlockSizeThrottlerShouldErr (0.00s)
=== CONT  TestNewBlockSizeComputation_NilMarshalizerShouldErr
--- PASS: TestNewBlockSizeComputation_NilMarshalizerShouldErr (0.00s)
=== CONT  TestNewBalanceComputation_AddressHasEnoughBalanceShouldWork
--- PASS: TestNewBalanceComputation_AddressHasEnoughBalanceShouldWork (0.00s)
=== CONT  TestNewBalanceComputation_IsAddressSetShouldWork
--- PASS: TestNewBalanceComputation_IsAddressSetShouldWork (0.00s)
=== CONT  TestNewBalanceComputation_SubBalanceFromAddressShouldWork
--- PASS: TestNewBalanceComputation_SubBalanceFromAddressShouldWork (0.00s)
=== CONT  TestNewBalanceComputation_AddBalanceToAddressShouldWork
--- PASS: TestNewBalanceComputation_AddBalanceToAddressShouldWork (0.00s)
=== CONT  TestNewBalanceComputation_SetAndGetBalanceShouldWork
--- PASS: TestNewBalanceComputation_SetAndGetBalanceShouldWork (0.00s)
=== CONT  TestNewBalanceComputation_InitShouldWork
--- PASS: TestNewBalanceComputation_InitShouldWork (0.00s)
=== CONT  TestNewBalanceComputation_ShouldWork
--- PASS: TestNewBalanceComputation_ShouldWork (0.00s)
=== CONT  TestValidatorInfoPreprocessor_SaveTxsToStorageShouldWork
[0;33mWARN [0m[2026-03-16 10:14:05.204]   validatorInfoPreprocessor.saveValidatorInfoToStorage: wrong type assertion [0;33mtxHash[0m = 74784861736832 
--- PASS: TestValidatorInfoPreprocessor_SaveTxsToStorageShouldWork (0.00s)
=== CONT  TestNewValidatorInfoPreprocessor_RestoreValidatorsInfo
=== RUN   TestNewValidatorInfoPreprocessor_RestoreValidatorsInfo/restore_validators_info_with_not_all_txs_found_in_storage
=== PAUSE TestNewValidatorInfoPreprocessor_RestoreValidatorsInfo/restore_validators_info_with_not_all_txs_found_in_storage
=== RUN   TestNewValidatorInfoPreprocessor_RestoreValidatorsInfo/restore_validators_info_with_all_txs_found_in_storage
=== PAUSE TestNewValidatorInfoPreprocessor_RestoreValidatorsInfo/restore_validators_info_with_all_txs_found_in_storage
=== CONT  TestNewValidatorInfoPreprocessor_RestoreValidatorsInfo/restore_validators_info_with_not_all_txs_found_in_storage
=== CONT  TestNewValidatorInfoPreprocessor_RemoveOtherBlockTypeFromPoolShouldNotRemove
--- PASS: TestNewValidatorInfoPreprocessor_RemoveOtherBlockTypeFromPoolShouldNotRemove (0.00s)
=== CONT  TestNewValidatorInfoPreprocessor_RemovePeerBlockFromPool
--- PASS: TestNewValidatorInfoPreprocessor_RemovePeerBlockFromPool (0.00s)
=== CONT  TestNewValidatorInfoPreprocessor_RestoreValidatorsInfo/restore_validators_info_with_all_txs_found_in_storage
--- PASS: TestNewValidatorInfoPreprocessor_RestoreValidatorsInfo (0.00s)
    --- PASS: TestNewValidatorInfoPreprocessor_RestoreValidatorsInfo/restore_validators_info_with_not_all_txs_found_in_storage (0.00s)
    --- PASS: TestNewValidatorInfoPreprocessor_RestoreValidatorsInfo/restore_validators_info_with_all_txs_found_in_storage (0.00s)
=== CONT  TestNewValidatorInfoPreprocessor_RestoreOtherBlockTypeIntoPoolsShouldNotRestore
--- PASS: TestNewValidatorInfoPreprocessor_RestoreOtherBlockTypeIntoPoolsShouldNotRestore (0.00s)
=== CONT  TestNewValidatorInfoPreprocessor_RestorePeerBlockIntoPools
--- PASS: TestNewValidatorInfoPreprocessor_RestorePeerBlockIntoPools (0.00s)
=== CONT  TestNewValidatorInfoPreprocessor_ProcessMiniBlockNotFromMeta
--- PASS: TestNewValidatorInfoPreprocessor_ProcessMiniBlockNotFromMeta (0.00s)
=== CONT  TestNewValidatorInfoPreprocessor_ProcessMiniBlockShouldWork
--- PASS: TestNewValidatorInfoPreprocessor_ProcessMiniBlockShouldWork (0.00s)
=== CONT  TestNewValidatorInfoPreprocessor_ProcessMiniBlockInvalidMiniBlockTypeShouldErr
--- PASS: TestNewValidatorInfoPreprocessor_ProcessMiniBlockInvalidMiniBlockTypeShouldErr (0.00s)
=== CONT  TestNewValidatorInfoPreprocessor_CreateMarshalizedDataShouldWork
--- PASS: TestNewValidatorInfoPreprocessor_CreateMarshalizedDataShouldWork (0.00s)
=== CONT  TestNewValidatorInfoPreprocessor_OkValsShouldWork
--- PASS: TestNewValidatorInfoPreprocessor_OkValsShouldWork (0.00s)
=== CONT  TestNewValidatorInfoPreprocessor_InvalidEnableEpochHandlerShouldErr
--- PASS: TestNewValidatorInfoPreprocessor_InvalidEnableEpochHandlerShouldErr (0.00s)
=== CONT  TestNewValidatorInfoPreprocessor_NilEnableEpochHandlerShouldErr
--- PASS: TestNewValidatorInfoPreprocessor_NilEnableEpochHandlerShouldErr (0.00s)
=== CONT  TestNewValidatorInfoPreprocessor_NilStoreShouldErr
--- PASS: TestNewValidatorInfoPreprocessor_NilStoreShouldErr (0.00s)
=== CONT  TestNewValidatorInfoPreprocessor_NilValidatorInfoPoolShouldErr
--- PASS: TestNewValidatorInfoPreprocessor_NilValidatorInfoPoolShouldErr (0.00s)
=== CONT  TestNewValidatorInfoPreprocessor_NilBlockSizeComputationHandlerShouldErr
--- PASS: TestNewValidatorInfoPreprocessor_NilBlockSizeComputationHandlerShouldErr (0.00s)
=== CONT  TestNewValidatorInfoPreprocessor_NilMarshalizerShouldErr
--- PASS: TestNewValidatorInfoPreprocessor_NilMarshalizerShouldErr (0.00s)
=== CONT  TestNewValidatorInfoPreprocessor_NilHasherShouldErr
--- PASS: TestNewValidatorInfoPreprocessor_NilHasherShouldErr (0.00s)
=== CONT  TestTransactions_getIndexesOfLastTxProcessed
=== RUN   TestTransactions_getIndexesOfLastTxProcessed/calculating_hash_error_should_not_get_indexes
=== PAUSE TestTransactions_getIndexesOfLastTxProcessed/calculating_hash_error_should_not_get_indexes
=== RUN   TestTransactions_getIndexesOfLastTxProcessed/missing_mini_block_header_should_not_get_indexes
=== PAUSE TestTransactions_getIndexesOfLastTxProcessed/missing_mini_block_header_should_not_get_indexes
=== RUN   TestTransactions_getIndexesOfLastTxProcessed/should_get_indexes
=== PAUSE TestTransactions_getIndexesOfLastTxProcessed/should_get_indexes
=== CONT  TestTransactions_getIndexesOfLastTxProcessed/calculating_hash_error_should_not_get_indexes
=== CONT  TestTransactions_getMiniBlockHeaderOfMiniBlock
--- PASS: TestTransactions_getMiniBlockHeaderOfMiniBlock (0.00s)
=== CONT  TestTransactions_getIndexesOfLastTxProcessed/should_get_indexes
=== CONT  TestTransactions_getIndexesOfLastTxProcessed/missing_mini_block_header_should_not_get_indexes
--- PASS: TestTransactions_getIndexesOfLastTxProcessed (0.00s)
    --- PASS: TestTransactions_getIndexesOfLastTxProcessed/calculating_hash_error_should_not_get_indexes (0.00s)
    --- PASS: TestTransactions_getIndexesOfLastTxProcessed/should_get_indexes (0.00s)
    --- PASS: TestTransactions_getIndexesOfLastTxProcessed/missing_mini_block_header_should_not_get_indexes (0.00s)
=== CONT  TestTransactions_RestoreBlockDataIntoPools
=== RUN   TestTransactions_RestoreBlockDataIntoPools/nil_block_body_should_error
=== RUN   TestTransactions_RestoreBlockDataIntoPools/nil_cacher_should_error
=== RUN   TestTransactions_RestoreBlockDataIntoPools/invalid_miniblock_should_not_restore
=== RUN   TestTransactions_RestoreBlockDataIntoPools/feat_scheduled_not_activated
=== CONT  TestScrsPreprocessor_IsDataPreparedErr
=== RUN   TestTransactions_RestoreBlockDataIntoPools/feat_scheduled_activated
=== CONT  TestScrsPreprocessor_RemoveBlockDataFromPoolsOK
--- PASS: TestScrsPreprocessor_RemoveBlockDataFromPoolsOK (0.00s)
=== CONT  TestScrsPreprocessor_RemoveBlockDataFromPoolsNilBlockShouldErr
--- PASS: TestScrsPreprocessor_RemoveBlockDataFromPoolsNilBlockShouldErr (0.00s)
=== CONT  TestScrsPreprocessor_GetAllTxsFromMiniBlockShouldWorkEvenIfScrIsMisplaced
--- PASS: TestTransactions_RestoreBlockDataIntoPools (0.00s)
    --- PASS: TestTransactions_RestoreBlockDataIntoPools/nil_block_body_should_error (0.00s)
    --- PASS: TestTransactions_RestoreBlockDataIntoPools/nil_cacher_should_error (0.00s)
    --- PASS: TestTransactions_RestoreBlockDataIntoPools/invalid_miniblock_should_not_restore (0.00s)
    --- PASS: TestTransactions_RestoreBlockDataIntoPools/feat_scheduled_not_activated (0.00s)
    --- PASS: TestTransactions_RestoreBlockDataIntoPools/feat_scheduled_activated (0.00s)
=== CONT  TestTransactions_ComputeCacheIdentifier
=== RUN   TestTransactions_ComputeCacheIdentifier/not_an_invalid_miniblock_should_return_the_original_cache_identifier
=== CONT  TestTransactionsPreprocessor_ProcessMiniBlockShouldErrMaxGasLimitUsedForDestMeTxsIsReached
--- PASS: TestTransactionsPreprocessor_ProcessMiniBlockShouldErrMaxGasLimitUsedForDestMeTxsIsReached (0.00s)
=== PAUSE TestTransactions_ComputeCacheIdentifier/not_an_invalid_miniblock_should_return_the_original_cache_identifier
=== RUN   TestTransactions_ComputeCacheIdentifier/invalid_miniblock_but_flag_not_activated_should_return_the_original_cache_identifier
=== PAUSE TestTransactions_ComputeCacheIdentifier/invalid_miniblock_but_flag_not_activated_should_return_the_original_cache_identifier
=== RUN   TestTransactions_ComputeCacheIdentifier/invalid_miniblock_with_activated_flag_should_recompute_the_identifier
=== PAUSE TestTransactions_ComputeCacheIdentifier/invalid_miniblock_with_activated_flag_should_recompute_the_identifier
=== CONT  TestTransactions_ComputeCacheIdentifier/not_an_invalid_miniblock_should_return_the_original_cache_identifier
=== CONT  TestTxsPreprocessor_AddTxsFromMiniBlocksShouldWork
--- PASS: TestScrsPreprocessor_GetAllTxsFromMiniBlockShouldWorkEvenIfScrIsMisplaced (0.00s)
[0;33mWARN [0m[2026-03-16 10:14:05.205]   transactions.addTxsFromScheduledMiniBlocks: mini block type is not correct [0;33mtype[0m = SmartContractResultBlock [0;33msender[0m = 0 [0;33mreceiver[0m = 0 [0;33mnum txs[0m = 0 
=== CONT  TestScrsPreprocessor_GetAllTxsFromMiniBlockShouldWork
--- PASS: TestTxsPreprocessor_AddTxsFromMiniBlocksShouldWork (0.00s)
=== CONT  TestTransactionsPreprocessor_SplitMiniBlocksIfNeededShouldWork
[0;33mWARN [0m[2026-03-16 10:14:05.205]   transactions.splitMiniBlockIfNeeded: missing tx [0;33mhash[0m = 6861736837 
[0;33mWARN [0m[2026-03-16 10:14:05.205]   transactions.splitMiniBlockIfNeeded: missing tx [0;33mhash[0m = 6861736837 
--- PASS: TestTransactionsPreprocessor_SplitMiniBlocksIfNeededShouldWork (0.00s)
=== CONT  TestTransactionsPreprocessor_ComputeGasProvidedShouldWork
--- PASS: TestScrsPreprocessor_GetAllTxsFromMiniBlockShouldWork (0.00s)
--- PASS: TestTransactionsPreprocessor_ComputeGasProvidedShouldWork (0.00s)
=== CONT  TestTransactions_ComputeCacheIdentifier/invalid_miniblock_with_activated_flag_should_recompute_the_identifier
=== CONT  TestScrsPreprocessor_ReceivedTransactionShouldEraseRequested
=== RUN   TestTransactions_ComputeCacheIdentifier/invalid_miniblock_with_activated_flag_should_recompute_the_identifier/shard_1_address_with_deploy_address
=== RUN   TestTransactions_ComputeCacheIdentifier/invalid_miniblock_with_activated_flag_should_recompute_the_identifier/shard_1_address_with_a_shard_2_address
--- PASS: TestScrsPreprocessor_ReceivedTransactionShouldEraseRequested (0.00s)
=== CONT  TestScrsPreprocessor_RequestBlockTransactionFromMiniBlockFromNetwork
=== RUN   TestTransactions_ComputeCacheIdentifier/invalid_miniblock_with_activated_flag_should_recompute_the_identifier/shard_1_address_with_DCDT_contract_address
--- PASS: TestScrsPreprocessor_RequestBlockTransactionFromMiniBlockFromNetwork (0.00s)
=== CONT  TestScrsPreprocessor_RequestTransactionFromNetwork
=== CONT  TestTransactions_ComputeCacheIdentifier/invalid_miniblock_but_flag_not_activated_should_return_the_original_cache_identifier
--- PASS: TestScrsPreprocessor_RequestTransactionFromNetwork (0.00s)
--- PASS: TestTransactions_ComputeCacheIdentifier (0.00s)
    --- PASS: TestTransactions_ComputeCacheIdentifier/not_an_invalid_miniblock_should_return_the_original_cache_identifier (0.00s)
    --- PASS: TestTransactions_ComputeCacheIdentifier/invalid_miniblock_with_activated_flag_should_recompute_the_identifier (0.00s)
        --- PASS: TestTransactions_ComputeCacheIdentifier/invalid_miniblock_with_activated_flag_should_recompute_the_identifier/shard_1_address_with_deploy_address (0.00s)
        --- PASS: TestTransactions_ComputeCacheIdentifier/invalid_miniblock_with_activated_flag_should_recompute_the_identifier/shard_1_address_with_a_shard_2_address (0.00s)
        --- PASS: TestTransactions_ComputeCacheIdentifier/invalid_miniblock_with_activated_flag_should_recompute_the_identifier/shard_1_address_with_DCDT_contract_address (0.00s)
    --- PASS: TestTransactions_ComputeCacheIdentifier/invalid_miniblock_but_flag_not_activated_should_return_the_original_cache_identifier (0.00s)
=== CONT  TestScrsPreprocessor_NewSmartContractResultPreprocessorNilBalanceComputationHandler
=== CONT  TestScrsPreprocessor_RequestTransactionNothingToRequestAsGeneratedAtProcessing
--- PASS: TestScrsPreprocessor_RequestTransactionNothingToRequestAsGeneratedAtProcessing (0.00s)
--- PASS: TestScrsPreprocessor_NewSmartContractResultPreprocessorNilBalanceComputationHandler (0.00s)
=== CONT  TestScrsPreProcessor_GetTransactionFromPool
=== CONT  TestScrsPreprocessor_NewSmartContractResultPreprocessorNilBlockSizeComputationHandler
--- PASS: TestScrsPreprocessor_NewSmartContractResultPreprocessorNilBlockSizeComputationHandler (0.00s)
--- PASS: TestScrsPreProcessor_GetTransactionFromPool (0.00s)
=== CONT  TestScrsPreprocessor_NewSmartContractResultPreprocessorNilPubkeyConverter
=== CONT  TestTransactionsPreprocessor_ProcessMiniBlockShouldWork
--- PASS: TestScrsPreprocessor_NewSmartContractResultPreprocessorNilPubkeyConverter (0.00s)
=== CONT  TestScrsPreprocessor_NewSmartContractResultPreprocessorNilProcessedMiniBlocksTracker
--- PASS: TestScrsPreprocessor_NewSmartContractResultPreprocessorNilProcessedMiniBlocksTracker (0.00s)
=== CONT  TestScrsPreprocessor_NewSmartContractResultPreprocessorInvalidEnableEpochsHandler
--- PASS: TestScrsPreprocessor_NewSmartContractResultPreprocessorInvalidEnableEpochsHandler (0.00s)
=== CONT  TestScrsPreprocessor_NewSmartContractResultPreprocessorNilEnableEpochsHandler
--- PASS: TestScrsPreprocessor_NewSmartContractResultPreprocessorNilEnableEpochsHandler (0.00s)
=== CONT  TestTransactionPreprocessor_ProcessTxsToMeMissingTrieNode
=== CONT  TestScrsPreprocessor_NewSmartContractResultPreprocessorShouldWork
=== CONT  TestScrsPreprocessor_NewSmartContractResultPreprocessorNilGasHandler
=== CONT  TestScrsPreprocessor_NewSmartContractResultPreprocessorNilRequestFunc
=== CONT  TestScrsPreprocessor_NewSmartContractResultPreprocessorNilAccounts
=== CONT  TestScrsPreprocessor_NewSmartContractResultPreprocessorNilShardCoord
--- PASS: TestTransactionsPreprocessor_ProcessMiniBlockShouldWork (0.00s)
--- PASS: TestScrsPreprocessor_NewSmartContractResultPreprocessorShouldWork (0.00s)
--- PASS: TestScrsPreprocessor_NewSmartContractResultPreprocessorNilGasHandler (0.00s)
=== CONT  TestScrsPreprocessor_NewSmartContractResultPreprocessorNilMarsalizer
--- PASS: TestScrsPreprocessor_NewSmartContractResultPreprocessorNilRequestFunc (0.00s)
--- PASS: TestScrsPreprocessor_NewSmartContractResultPreprocessorNilAccounts (0.00s)
--- PASS: TestTransactionPreprocessor_ProcessTxsToMeMissingTrieNode (0.00s)
=== CONT  TestScrsPreprocessor_NewSmartContractResultPreprocessorNilHasher
=== CONT  TestTransactions_UpdateGasConsumedWithGasRefundedAndGasPenalizedShouldWork
--- PASS: TestScrsPreprocessor_NewSmartContractResultPreprocessorNilShardCoord (0.00s)
--- PASS: TestScrsPreprocessor_NewSmartContractResultPreprocessorNilMarsalizer (0.00s)
--- PASS: TestScrsPreprocessor_NewSmartContractResultPreprocessorNilHasher (0.00s)
=== CONT  TestScrsPreprocessor_NewSmartContractResultPreprocessorNilStore
--- PASS: TestScrsPreprocessor_NewSmartContractResultPreprocessorNilStore (0.00s)
[0;33mWARN [0m[2026-03-16 10:14:05.205]   basePreProcess.updateGasConsumedWithGasRefundedAndGasPenalized: too much gas to be subtracted [0;33mgasRefunded[0m = 10 [0;33mgasPenalized[0m = 1 [0;33mgasToBeSubtracted[0m = 11 [0;33mgasConsumedByMiniBlockInReceiverShard[0m = 5 [0;33mtotalGasConsumedInSelfShard[0m = 10 
=== CONT  TestScrsPreprocessor_NewSmartContractResultPreprocessorNilPool
[0;33mWARN [0m[2026-03-16 10:14:05.205]   basePreProcess.updateGasConsumedWithGasRefundedAndGasPenalized: too much gas to be subtracted [0;33mgasRefunded[0m = 5 [0;33mgasPenalized[0m = 1 [0;33mgasToBeSubtracted[0m = 6 [0;33mgasConsumedByMiniBlockInReceiverShard[0m = 5 [0;33mtotalGasConsumedInSelfShard[0m = 10 
--- PASS: TestScrsPreprocessor_NewSmartContractResultPreprocessorNilPool (0.00s)
=== CONT  TestScheduledTxsExecution_GetScheduledRootHashForHeaderShouldWork
=== CONT  TestSelectionSession_ephemeralAccountsCache_IsSharedAmongCalls
--- PASS: TestTransactions_UpdateGasConsumedWithGasRefundedAndGasPenalizedShouldWork (0.00s)
--- PASS: TestSelectionSession_ephemeralAccountsCache_IsSharedAmongCalls (0.00s)
=== CONT  TestSelectionSession_IsIncorrectlyGuarded
--- PASS: TestSelectionSession_IsIncorrectlyGuarded (0.00s)
=== CONT  TestSelectionSession_GetAccountState
--- PASS: TestSelectionSession_GetAccountState (0.00s)
=== CONT  TestNewSelectionSession
=== CONT  TestTransactions_GetTotalGasConsumedShouldWork
[0;33mWARN [0m[2026-03-16 10:14:05.207]   basePreProcess.getTotalGasConsumed: too much gas to be subtracted [0;33mtotalGasRefunded[0m = 5 [0;33mtotalGasPenalized[0m = 6 [0;33mtotalGasToBeSubtracted[0m = 11 [0;33mtotalGasProvided[0m = 10 
=== CONT  TestTransactionPreprocessor_ProcessTxsToMeShouldUseCorrectSenderAndReceiverShards
=== CONT  TestTransactionPreprocessor_ReceivedTransactionShouldEraseRequested
=== CONT  TestTransactionPreprocessor_RequestBlockTransactionFromMiniBlockFromNetwork
=== CONT  TestTransactionPreprocessor_RequestTransactionFromNetwork
=== CONT  TestTxsPreProcessor_GetTransactionFromPool
=== CONT  TestTxsPreprocessor_NewTransactionPreprocessorOkValsShouldWork
=== CONT  TestTxsPreprocessor_NewTransactionPreprocessorNilTxExecutionOrderHandler
=== CONT  TestTxsPreprocessor_NewTransactionPreprocessorNilProcessedMiniBlocksTracker
=== CONT  TestTxsPreprocessor_NewTransactionPreprocessorNilScheduledTxsExecutionHandler
=== CONT  TestTxsPreprocessor_NewTransactionPreprocessorNilTxTypeHandler
=== CONT  TestTxsPreprocessor_NewTransactionPreprocessorInvalidEnableEpochsHandler
=== CONT  TestTxsPreprocessor_NewTransactionPreprocessorNilEnableEpochsHandler
=== CONT  TestTxsPreprocessor_NewTransactionPreprocessorNilBalanceComputationHandler
=== CONT  TestTxsPreprocessor_NewTransactionPreprocessorNilBlockSizeComputationHandler
=== CONT  TestTxsPreprocessor_NewTransactionPreprocessorNilPubkeyConverter
=== CONT  TestTxsPreprocessor_NewTransactionPreprocessorNilBlockTracker
=== CONT  TestTransactions_CreateAndProcessMiniBlockCrossShardGasLimitAddOnly5asSCCall
=== CONT  TestScrsPreprocessor_NewSmartContractResultPreprocessorNilTxProce
=== CONT  TestScheduledTxsExecution_setScheduledMiniBlockHashes
=== CONT  TestScheduledTxsExecution_getIndexOfTxHashInMiniBlock
=== CONT  TestScheduledTxsExecution_removeInvalidTxsFromScheduledMiniBlocks
=== CONT  TestTransactions_CreateAndProcessMiniBlockCrossShardGasLimitAddAllAsNoSCCalls
=== CONT  TestTransactions_CreateAndProcessMiniBlockCrossShardGasLimitAddAll
=== CONT  TestTransactionPreprocessor_RemoveBlockDataFromPoolsOK
--- PASS: TestNewSelectionSession (0.00s)
=== CONT  TestTransactionPreprocessor_RemoveBlockDataFromPoolsNilBlockShouldErr
=== CONT  TestNewSmartContractResult_NilTxExecutionOrderHandlerShouldErr
=== CONT  TestScheduledTxsExecution_IsMiniBlockExecuted
=== CONT  TestTransactionPreprocessor_GetAllTxsFromMiniBlockShouldWork
=== CONT  TestTxsPreprocessor_NewTransactionPreprocessorNilGasHandler
=== CONT  TestTxsPreprocessor_NewTransactionPreprocessorNilAccounts
=== CONT  TestTxsPreprocessor_NewTransactionPreprocessorNilFeeHandler
=== CONT  TestTxsPreprocessor_NewTransactionPreprocessorNilRequestFunc
--- PASS: TestTransactions_GetTotalGasConsumedShouldWork (0.00s)
--- PASS: TestTransactionPreprocessor_ProcessTxsToMeShouldUseCorrectSenderAndReceiverShards (0.00s)
--- PASS: TestTransactionPreprocessor_ReceivedTransactionShouldEraseRequested (0.00s)
--- PASS: TestTransactionPreprocessor_RequestBlockTransactionFromMiniBlockFromNetwork (0.00s)
--- PASS: TestTransactionPreprocessor_RequestTransactionFromNetwork (0.00s)
--- PASS: TestTxsPreProcessor_GetTransactionFromPool (0.00s)
--- PASS: TestTxsPreprocessor_NewTransactionPreprocessorOkValsShouldWork (0.00s)
--- PASS: TestTxsPreprocessor_NewTransactionPreprocessorNilTxExecutionOrderHandler (0.00s)
--- PASS: TestTxsPreprocessor_NewTransactionPreprocessorNilProcessedMiniBlocksTracker (0.00s)
--- PASS: TestTxsPreprocessor_NewTransactionPreprocessorNilScheduledTxsExecutionHandler (0.00s)
--- PASS: TestTxsPreprocessor_NewTransactionPreprocessorNilTxTypeHandler (0.00s)
--- PASS: TestTxsPreprocessor_NewTransactionPreprocessorInvalidEnableEpochsHandler (0.00s)
--- PASS: TestTxsPreprocessor_NewTransactionPreprocessorNilEnableEpochsHandler (0.00s)
--- PASS: TestTxsPreprocessor_NewTransactionPreprocessorNilBalanceComputationHandler (0.00s)
--- PASS: TestTxsPreprocessor_NewTransactionPreprocessorNilBlockSizeComputationHandler (0.00s)
--- PASS: TestTxsPreprocessor_NewTransactionPreprocessorNilPubkeyConverter (0.00s)
--- PASS: TestTxsPreprocessor_NewTransactionPreprocessorNilBlockTracker (0.00s)
--- PASS: TestTxsPreprocessor_NewTransactionPreprocessorNilGasHandler (0.00s)
--- PASS: TestTxsPreprocessor_NewTransactionPreprocessorNilAccounts (0.00s)
--- PASS: TestTxsPreprocessor_NewTransactionPreprocessorNilFeeHandler (0.00s)
--- PASS: TestTxsPreprocessor_NewTransactionPreprocessorNilRequestFunc (0.00s)
--- PASS: TestTransactionPreprocessor_RemoveBlockDataFromPoolsOK (0.00s)
--- PASS: TestTransactionPreprocessor_RemoveBlockDataFromPoolsNilBlockShouldErr (0.00s)
=== CONT  TestTxsPreprocessor_NewTransactionPreprocessorNilMarsalizer
--- PASS: TestTxsPreprocessor_NewTransactionPreprocessorNilMarsalizer (0.00s)
=== CONT  TestTxsPreprocessor_NewTransactionPreprocessorNilHasher
--- PASS: TestTxsPreprocessor_NewTransactionPreprocessorNilHasher (0.00s)
=== CONT  TestTxsPreprocessor_NewTransactionPreprocessorNilStore
--- PASS: TestTxsPreprocessor_NewTransactionPreprocessorNilStore (0.00s)
=== CONT  TestTxsPreprocessor_NewTransactionPreprocessorNilPool
--- PASS: TestTxsPreprocessor_NewTransactionPreprocessorNilPool (0.00s)
=== CONT  TestTransactions_ProcessTransactionShouldWork
[0;33mWARN [0m[2026-03-16 10:14:05.212]   revert to snapshot                       [0;33merror[0m = not implemented 
--- PASS: TestTransactions_ProcessTransactionShouldWork (0.00s)
=== CONT  TestTransactions_CreateAndProcessMiniBlocksFromMeV2MissingTrieNode
[0;33mWARN [0m[2026-03-16 10:14:05.212]   revert to snapshot                       [0;33merror[0m = not implemented 
--- PASS: TestTransactions_CreateAndProcessMiniBlocksFromMeV2MissingTrieNode (0.00s)
=== CONT  TestTransactions_CreateAndProcessMiniBlocksFromMeV2ShouldWork
[0;31mERROR[0m[2026-03-16 10:14:05.212]   applyExecutedTransaction.SubBalanceFromAddress [0;31msender address[0m =  [0;31mtx max total cost[0m = 0 [0;31merr[0m = insufficient funds 
[0;31mERROR[0m[2026-03-16 10:14:05.212]   applyExecutedTransaction.SubBalanceFromAddress [0;31msender address[0m =  [0;31mtx max total cost[0m = 0 [0;31merr[0m = insufficient funds 
[0;31mERROR[0m[2026-03-16 10:14:05.212]   applyExecutedTransaction.SubBalanceFromAddress [0;31msender address[0m =  [0;31mtx max total cost[0m = 0 [0;31merr[0m = insufficient funds 
--- PASS: TestTransactions_CreateAndProcessMiniBlocksFromMeV2ShouldWork (0.00s)
=== CONT  TestTransactions_GetMiniBlockSliceFromMapV2ShouldWork
--- PASS: TestTransactions_GetMiniBlockSliceFromMapV2ShouldWork (0.00s)
=== CONT  TestTransactions_CreateScheduledMiniBlocksShouldWork
[0;31mERROR[0m[2026-03-16 10:14:05.212]   applyVerifiedTransaction.SubBalanceFromAddress [0;31msender address[0m =  [0;31mtx max total cost[0m = 0 [0;31merr[0m = insufficient funds 
[0;31mERROR[0m[2026-03-16 10:14:05.212]   applyVerifiedTransaction.SubBalanceFromAddress [0;31msender address[0m =  [0;31mtx max total cost[0m = 0 [0;31merr[0m = insufficient funds 
--- PASS: TestTransactions_CreateScheduledMiniBlocksShouldWork (0.00s)
=== CONT  TestTransactions_VerifyTransactionShouldWork
--- PASS: TestTransactions_VerifyTransactionShouldWork (0.00s)
=== CONT  TestTransactions_ShouldContinueProcessingTxShouldWork
--- PASS: TestTransactions_ShouldContinueProcessingTxShouldWork (0.00s)
=== CONT  TestTransactions_GetTxAndMbInfoShouldWork
--- PASS: TestTransactions_GetTxAndMbInfoShouldWork (0.00s)
=== CONT  TestTransactions_ApplyExecutedTransactionShouldWork
[0;31mERROR[0m[2026-03-16 10:14:05.212]   applyExecutedTransaction.SubBalanceFromAddress [0;31msender address[0m =  [0;31mtx max total cost[0m = 0 [0;31merr[0m = insufficient funds 
--- PASS: TestTransactions_CreateAndProcessMiniBlockCrossShardGasLimitAddOnly5asSCCall (0.00s)
=== CONT  TestTransactions_ShouldContinueProcessingScheduledTxShouldWork
--- PASS: TestTransactions_ShouldContinueProcessingScheduledTxShouldWork (0.00s)
=== CONT  TestTransactions_GetScheduledTxAndMbInfoShouldWork
--- PASS: TestTransactions_GetScheduledTxAndMbInfoShouldWork (0.00s)
=== CONT  TestTransactions_ApplyVerifiedTransactionShouldWork
[0;31mERROR[0m[2026-03-16 10:14:05.212]   applyVerifiedTransaction.SubBalanceFromAddress [0;31msender address[0m =  [0;31mtx max total cost[0m = 0 [0;31merr[0m = insufficient funds 
--- PASS: TestTransactions_ApplyVerifiedTransactionShouldWork (0.00s)
=== CONT  TestSmartContractResults_GetAllCurrentUsedTxs
--- PASS: TestSmartContractResults_GetAllCurrentUsedTxs (0.00s)
=== CONT  TestSmartContractResults_CreateBlockStartedShouldEmptyTxHashAndInfo
--- PASS: TestSmartContractResults_CreateBlockStartedShouldEmptyTxHashAndInfo (0.00s)
=== CONT  TestScrsPreprocessor_RestoreBlockDataIntoPoolsNilMiniblockPoolShouldErr
--- PASS: TestScrsPreprocessor_RestoreBlockDataIntoPoolsNilMiniblockPoolShouldErr (0.00s)
=== CONT  TestScrsPreprocessor_RestoreBlockDataIntoPools
--- PASS: TestScrsPreprocessor_RestoreBlockDataIntoPools (0.00s)
=== CONT  TestScrsPreprocessor_ProcessMiniBlockWrongTypeMiniblockShouldErr
--- PASS: TestScrsPreprocessor_ProcessMiniBlockWrongTypeMiniblockShouldErr (0.00s)
=== CONT  TestScrsPreprocessor_ProcessMiniBlock
--- PASS: TestScrsPreprocessor_ProcessMiniBlock (0.00s)
=== CONT  TestScrsPreprocessor_ProcessBlockTransactionsShouldErrMaxGasLimitPerBlockInSelfShardIsReached
--- PASS: TestScrsPreprocessor_ProcessBlockTransactionsShouldErrMaxGasLimitPerBlockInSelfShardIsReached (0.00s)
=== CONT  TestScrsPreprocessor_ProcessBlockTransactionsMissingTrieNode
--- PASS: TestScrsPreprocessor_ProcessBlockTransactionsMissingTrieNode (0.00s)
=== CONT  TestScrsPreprocessor_ProcessBlockTransactionsShouldWork
--- PASS: TestScrsPreprocessor_ProcessBlockTransactionsShouldWork (0.00s)
=== CONT  TestScrsPreprocessor_SaveTxsToStorageMissingTransactionsShouldNotErr
[0;33mWARN [0m[2026-03-16 10:14:05.213]   basePreProcess.saveTransactionToStorage  [0;33mtxHash[0m =  [0;33mdataUnit[0m = UnsignedTransactionUnit [0;33merror[0m = missing transaction 
--- PASS: TestScrsPreprocessor_SaveTxsToStorageMissingTransactionsShouldNotErr (0.00s)
=== CONT  Test_MiniBlocksBuilderAddTxAndUpdateBlockSize
--- PASS: Test_MiniBlocksBuilderAddTxAndUpdateBlockSize (0.00s)
=== CONT  TestTransactions_IsDataPrepared_NumMissingTxsGreaterThanZeroTxNotReceivedShouldTimeout
--- PASS: TestScrsPreprocessor_NewSmartContractResultPreprocessorNilTxProce (0.00s)
=== CONT  TestTransactions_IsDataPrepared_NumMissingTxsGreaterThanZeroShouldWork
--- PASS: TestTransactions_IsDataPrepared_NumMissingTxsGreaterThanZeroShouldWork (0.00s)
=== CONT  TestTransactions_IsDataPrepared_NumMissingTxsZeroShouldWork
--- PASS: TestTransactions_IsDataPrepared_NumMissingTxsZeroShouldWork (0.00s)
=== CONT  TestNewRewardTxPreprocessor_NilShardCoordinatorShouldErr
--- PASS: TestScheduledTxsExecution_IsMiniBlockExecuted (0.00s)
--- PASS: TestNewRewardTxPreprocessor_NilShardCoordinatorShouldErr (0.00s)
=== CONT  TestScheduledTxsExecution_GetScheduledMBs
--- PASS: TestNewSmartContractResult_NilTxExecutionOrderHandlerShouldErr (0.00s)
=== CONT  TestScheduledTxsExecution_GetScheduledTxs
--- PASS: TestScheduledTxsExecution_GetScheduledMBs (0.00s)
=== CONT  TestScheduledTxsExecution_AddMiniBlocksShouldWork
--- PASS: TestScheduledTxsExecution_GetScheduledTxs (0.00s)
=== CONT  TestScheduledTxsExecution_GetScheduledRootHashForHeaderWithErrorShouldFail
=== CONT  TestScheduledTxsExecution_IsScheduledTx
=== CONT  TestScheduledTxsExecution_SaveStateIfNeeded
=== RUN   TestScheduledTxsExecution_GetScheduledRootHashForHeaderWithErrorShouldFail/without_epoch
--- PASS: TestScheduledTxsExecution_AddMiniBlocksShouldWork (0.00s)
=== RUN   TestScheduledTxsExecution_GetScheduledRootHashForHeaderWithErrorShouldFail/with_epoch
--- PASS: TestScheduledTxsExecution_SaveStateIfNeeded (0.00s)
=== CONT  TestScheduledTxsExecution_NewScheduledTxsExecutionNilHasher
--- PASS: TestScheduledTxsExecution_GetScheduledRootHashForHeaderWithErrorShouldFail (0.00s)
    --- PASS: TestScheduledTxsExecution_GetScheduledRootHashForHeaderWithErrorShouldFail/without_epoch (0.00s)
    --- PASS: TestScheduledTxsExecution_GetScheduledRootHashForHeaderWithErrorShouldFail/with_epoch (0.00s)
--- PASS: TestScheduledTxsExecution_NewScheduledTxsExecutionNilHasher (0.00s)
=== CONT  TestScheduledTxsExecution_NewScheduledTxsExecutionNilMarshaller
=== CONT  TestScheduledTxsExecution_NewScheduledTxsExecutionNilTxCoordinator
=== CONT  TestScheduledTxsExecution_NewScheduledTxsExecutionNilTxProcessor
=== CONT  TestRewardTxPreprocessor_CreateBlockStartedShouldCleanMap
=== CONT  TestRewardTxPreprocessor_CreateAndProcessMiniBlocksShouldWork
=== CONT  TestRewardTxPreprocessor_RestoreBlockDataIntoPools
=== CONT  TestRewardTxPreprocessor_IsDataPrepared
=== CONT  TestScheduledTxsExecution_NewScheduledTxsExecutionNilStorer
=== CONT  TestRewardTxPreprocessor_IsDataPreparedShouldErr
--- PASS: TestScheduledTxsExecution_IsScheduledTx (0.00s)
--- PASS: TestScheduledTxsExecution_NewScheduledTxsExecutionNilMarshaller (0.00s)
--- PASS: TestScheduledTxsExecution_NewScheduledTxsExecutionNilTxCoordinator (0.00s)
--- PASS: TestScheduledTxsExecution_NewScheduledTxsExecutionNilTxProcessor (0.00s)
--- PASS: TestRewardTxPreprocessor_CreateBlockStartedShouldCleanMap (0.00s)
--- PASS: TestRewardTxPreprocessor_CreateAndProcessMiniBlocksShouldWork (0.00s)
--- PASS: TestScheduledTxsExecution_NewScheduledTxsExecutionNilStorer (0.00s)
--- PASS: TestRewardTxPreprocessor_RestoreBlockDataIntoPools (0.00s)
=== CONT  TestScheduledTxsExecution_NewScheduledTxsExecutionNilShardCoordinator
--- PASS: TestScheduledTxsExecution_NewScheduledTxsExecutionNilShardCoordinator (0.00s)
=== CONT  TestRewardTxPreprocessor_ProcessBlockTransactionsMissingTrieNode
--- PASS: TestRewardTxPreprocessor_ProcessBlockTransactionsMissingTrieNode (0.00s)
=== CONT  TestScheduledTxsExecution_SaveState
--- PASS: TestScheduledTxsExecution_SaveState (0.00s)
=== CONT  TestScheduledTxsExecution_RollBackToBlockShouldWork
--- PASS: TestTransactionPreprocessor_GetAllTxsFromMiniBlockShouldWork (0.00s)
=== CONT  TestRewardTxPreprocessor_ProcessBlockTransactions
--- PASS: TestScheduledTxsExecution_RollBackToBlockShouldWork (0.00s)
=== CONT  TestScheduledTxsExecution_RollBackToBlockShouldFail
=== CONT  TestRewardTxPreprocessor_RequestTransactionsForMiniBlockShouldWork
=== CONT  TestRewardTxPreprocessor_RequestBlockTransactionsNoMissingTxsShouldWork
=== CONT  TestScheduledTxsExecution_getMarshalledScheduledInfoShouldWork
=== RUN   TestScheduledTxsExecution_GetScheduledRootHashForHeaderShouldWork/without_epoch
[0;33mWARN [0m[2026-03-16 10:14:05.213]   basePreProcess.saveTransactionToStorage  [0;33mtxHash[0m = 7478315f68617368 [0;33mdataUnit[0m = RewardTransactionUnit [0;33merror[0m = missing transaction 
--- PASS: TestRewardTxPreprocessor_ProcessBlockTransactions (0.00s)
[0;33mWARN [0m[2026-03-16 10:14:05.213]   basePreProcess.saveTransactionToStorage  [0;33mtxHash[0m = 7478315f68617368 [0;33mdataUnit[0m = RewardTransactionUnit [0;33merror[0m = missing transaction 
--- PASS: TestScheduledTxsExecution_RollBackToBlockShouldFail (0.00s)
--- PASS: TestRewardTxPreprocessor_RequestTransactionsForMiniBlockShouldWork (0.00s)
=== CONT  TestRewardTxPreprocessor_SaveTxsToStorageShouldWork
--- PASS: TestRewardTxPreprocessor_RequestBlockTransactionsNoMissingTxsShouldWork (0.00s)
=== RUN   TestScheduledTxsExecution_GetScheduledRootHashForHeaderShouldWork/with_epoch
--- PASS: TestRewardTxPreprocessor_SaveTxsToStorageShouldWork (0.00s)
=== CONT  TestRewardTxPreprocessor_ProcessMiniBlockNotFromMeta
--- PASS: TestRewardTxPreprocessor_ProcessMiniBlockNotFromMeta (0.00s)
=== CONT  TestScheduledTxsExecution_getScheduledInfoForHeaderShouldWork
--- PASS: TestScheduledTxsExecution_GetScheduledRootHashForHeaderShouldWork (0.01s)
    --- PASS: TestScheduledTxsExecution_GetScheduledRootHashForHeaderShouldWork/without_epoch (0.00s)
    --- PASS: TestScheduledTxsExecution_GetScheduledRootHashForHeaderShouldWork/with_epoch (0.00s)
=== CONT  TestRewardTxPreprocessor_ProcessMiniBlockShouldWork
--- PASS: TestScheduledTxsExecution_getMarshalledScheduledInfoShouldWork (0.00s)
=== CONT  TestScheduledTxsExecution_getScheduledInfoForHeaderShouldFail
=== CONT  TestScheduledTxsExecution_Setters
=== RUN   TestScheduledTxsExecution_getScheduledInfoForHeaderShouldFail/failed_to_get_SCRs_saved_data_from_storage
=== CONT  TestRewardTxPreprocessor_CreateMarshalizedDataShouldWork
=== PAUSE TestScheduledTxsExecution_getScheduledInfoForHeaderShouldFail/failed_to_get_SCRs_saved_data_from_storage
=== CONT  TestScheduledTxsExecution_SetScheduledInfo
=== RUN   TestScheduledTxsExecution_getScheduledInfoForHeaderShouldFail/failed_to_unmarshal_data
=== PAUSE TestScheduledTxsExecution_getScheduledInfoForHeaderShouldFail/failed_to_unmarshal_data
--- PASS: TestRewardTxPreprocessor_ProcessMiniBlockShouldWork (0.00s)
--- PASS: TestScheduledTxsExecution_getScheduledInfoForHeaderShouldWork (0.00s)
--- PASS: TestScheduledTxsExecution_Setters (0.00s)
--- PASS: TestRewardTxPreprocessor_CreateMarshalizedDataShouldWork (0.00s)
=== CONT  TestNewRewardTxPreprocessor_OkValsShouldWork
--- PASS: TestScheduledTxsExecution_SetScheduledInfo (0.00s)
=== CONT  TestScheduledTxsExecution_GetScheduledIntermediateTxsEmptySCRsMap
--- PASS: TestScheduledTxsExecution_GetScheduledIntermediateTxsEmptySCRsMap (0.00s)
=== CONT  TestNewRewardTxPreprocessor_NilTxExecutionOrderHandlerShouldErr
--- PASS: TestNewRewardTxPreprocessor_OkValsShouldWork (0.00s)
=== CONT  TestNewRewardTxPreprocessor_NilProcessedMiniBlocksTrackerShouldErr
--- PASS: TestNewRewardTxPreprocessor_NilTxExecutionOrderHandlerShouldErr (0.00s)
=== CONT  TestRewardTxPreprocessor_ProcessMiniBlockInvalidMiniBlockTypeShouldErr
--- PASS: TestNewRewardTxPreprocessor_NilProcessedMiniBlocksTrackerShouldErr (0.00s)
=== CONT  TestScheduledTxsExecution_getAllIntermediateTxsAfterScheduledExecution
--- PASS: TestRewardTxPreprocessor_ProcessMiniBlockInvalidMiniBlockTypeShouldErr (0.00s)
=== RUN   TestScheduledTxsExecution_getAllIntermediateTxsAfterScheduledExecution/not_already_existing_txs,_different_shard
=== CONT  TestScheduledTxsExecution_computeScheduledSCRsShouldRemoveInvalidSCRs
=== PAUSE TestScheduledTxsExecution_getAllIntermediateTxsAfterScheduledExecution/not_already_existing_txs,_different_shard
=== RUN   TestScheduledTxsExecution_getAllIntermediateTxsAfterScheduledExecution/not_already_existing_txs,_same_shard,_scr
--- PASS: TestScheduledTxsExecution_computeScheduledSCRsShouldRemoveInvalidSCRs (0.00s)
=== PAUSE TestScheduledTxsExecution_getAllIntermediateTxsAfterScheduledExecution/not_already_existing_txs,_same_shard,_scr
=== CONT  TestScheduledTxsExecution_GetScheduledIntermediateTxsNonEmptySCRsMap
=== RUN   TestScheduledTxsExecution_getAllIntermediateTxsAfterScheduledExecution/not_already_existing_txs,_same_shard,_receipt
=== PAUSE TestScheduledTxsExecution_getAllIntermediateTxsAfterScheduledExecution/not_already_existing_txs,_same_shard,_receipt
--- PASS: TestScheduledTxsExecution_GetScheduledIntermediateTxsNonEmptySCRsMap (0.00s)
=== CONT  TestScheduledTxsExecution_executeShouldWork
--- PASS: TestScheduledTxsExecution_executeShouldWork (0.00s)
=== CONT  TestScheduledTxsExecution_executeShouldErr
--- PASS: TestScheduledTxsExecution_executeShouldErr (0.00s)
=== CONT  TestNewRewardTxPreprocessor_NilBalanceComputationHandlerShouldErr
--- PASS: TestNewRewardTxPreprocessor_NilBalanceComputationHandlerShouldErr (0.00s)
=== CONT  TestNewRewardTxPreprocessor_NilBlockSizeComputationHandlerShouldErr
--- PASS: TestNewRewardTxPreprocessor_NilBlockSizeComputationHandlerShouldErr (0.00s)
=== CONT  TestNewRewardTxPreprocessor_NilPubkeyConverterShouldErr
=== RUN   TestScheduledTxsExecution_getAllIntermediateTxsAfterScheduledExecution/not_already_existing_txs,_same_shard,_transaction
--- PASS: TestNewRewardTxPreprocessor_NilPubkeyConverterShouldErr (0.00s)
=== PAUSE TestScheduledTxsExecution_getAllIntermediateTxsAfterScheduledExecution/not_already_existing_txs,_same_shard,_transaction
=== RUN   TestScheduledTxsExecution_getAllIntermediateTxsAfterScheduledExecution/not_already_existing_txs,_same_shard,_invalid
=== PAUSE TestScheduledTxsExecution_getAllIntermediateTxsAfterScheduledExecution/not_already_existing_txs,_same_shard,_invalid
=== RUN   TestScheduledTxsExecution_getAllIntermediateTxsAfterScheduledExecution/not_existing_block_type,_different_shard
=== PAUSE TestScheduledTxsExecution_getAllIntermediateTxsAfterScheduledExecution/not_existing_block_type,_different_shard
=== CONT  TestNewRewardTxPreprocessor_NilGasHandlerShouldErr
--- PASS: TestNewRewardTxPreprocessor_NilGasHandlerShouldErr (0.00s)
=== RUN   TestScheduledTxsExecution_getAllIntermediateTxsAfterScheduledExecution/already_existing_txs,_different_shard
=== CONT  TestNewRewardTxPreprocessor_NilRequestHandlerShouldErr
=== PAUSE TestScheduledTxsExecution_getAllIntermediateTxsAfterScheduledExecution/already_existing_txs,_different_shard
=== CONT  TestScheduledTxsExecution_ExecuteAllShouldWork
=== CONT  TestScheduledTxsExecution_computeScheduledSCRsShouldWork
=== CONT  TestScheduledTxsExecution_ExecuteAllShouldWorkOnErrFailedTransaction
--- PASS: TestNewRewardTxPreprocessor_NilRequestHandlerShouldErr (0.00s)
--- PASS: TestScheduledTxsExecution_ExecuteAllShouldWorkOnErrFailedTransaction (0.00s)
=== CONT  TestNewRewardTxPreprocessor_NilAccountsShouldErr
=== CONT  TestScheduledTxsExecution_ExecuteAllShouldErrFailedTransaction
=== CONT  Test_isCrossShardScCallOrSpecialTxCrossShardTransferTx
=== CONT  TestScheduledTxsExecution_ExecuteAllShouldErrTimeIsOut
=== CONT  TestNewRewardTxPreprocessor_NilRewardTxProcessorShouldErr
=== CONT  TestScheduledTxsExecution_ExecuteAllShouldErrNilHaveTimeHandler
=== CONT  TestNewRewardTxPreprocessor_NilMarshalizerShouldErr
=== CONT  TestScheduledTxsExecution_ExecuteShouldWork
=== CONT  TestScheduledTxsExecution_ExecuteShouldWorkOnErrFailedTransaction
=== CONT  TestNewRewardTxPreprocessor_NilHasherShouldErr
=== CONT  TestScheduledTxsExecution_ExecuteShouldErr
=== CONT  TestNewRewardTxPreprocessor_NilStoreShouldErr
=== CONT  TestScheduledTxsExecution_ExecuteShouldErrMissingTransaction
=== CONT  TestNewRewardTxPreprocessor_NilRewardTxDataPoolShouldErr
=== CONT  Test_MiniBlocksBuilderCheckAddTransactionOK
=== CONT  Test_MiniBlocksBuilderCheckAddTransactionGasAccountingError
=== RUN   TestScheduledTxsExecution_computeScheduledSCRsShouldWork/nil_maps,_empty_scheduled_scrs
=== PAUSE TestScheduledTxsExecution_computeScheduledSCRsShouldWork/nil_maps,_empty_scheduled_scrs
=== RUN   TestScheduledTxsExecution_computeScheduledSCRsShouldWork/nil_map_after_txs_execution,_empty_scheduled_scrs
=== CONT  Test_MiniBlocksBuilderCheckAddTransactionNotEnoughBalance
--- PASS: TestScheduledTxsExecution_ExecuteAllShouldWork (0.00s)
=== PAUSE TestScheduledTxsExecution_computeScheduledSCRsShouldWork/nil_map_after_txs_execution,_empty_scheduled_scrs
=== RUN   TestScheduledTxsExecution_computeScheduledSCRsShouldWork/nil_map_after_txs_execution,_empty_scheduled_scrs#01
=== PAUSE TestScheduledTxsExecution_computeScheduledSCRsShouldWork/nil_map_after_txs_execution,_empty_scheduled_scrs#01
=== RUN   TestScheduledTxsExecution_computeScheduledSCRsShouldWork/should_work
=== PAUSE TestScheduledTxsExecution_computeScheduledSCRsShouldWork/should_work
=== CONT  Test_MiniBlocksBuilderCheckAddTransactionWithSenderSkip
--- PASS: TestNewRewardTxPreprocessor_NilAccountsShouldErr (0.00s)
--- PASS: TestScheduledTxsExecution_ExecuteAllShouldErrFailedTransaction (0.00s)
--- PASS: Test_isCrossShardScCallOrSpecialTxCrossShardTransferTx (0.00s)
--- PASS: TestScheduledTxsExecution_ExecuteAllShouldErrTimeIsOut (0.00s)
--- PASS: Test_MiniBlocksBuilderCheckAddTransactionWithSenderSkip (0.00s)
=== CONT  TestScheduledTxsExecution_AddShouldWork
--- PASS: TestNewRewardTxPreprocessor_NilRewardTxProcessorShouldErr (0.00s)
--- PASS: TestScheduledTxsExecution_ExecuteAllShouldErrNilHaveTimeHandler (0.00s)
--- PASS: TestNewRewardTxPreprocessor_NilMarshalizerShouldErr (0.00s)
--- PASS: TestScheduledTxsExecution_ExecuteShouldWork (0.00s)
--- PASS: TestScheduledTxsExecution_ExecuteShouldWorkOnErrFailedTransaction (0.00s)
--- PASS: TestNewRewardTxPreprocessor_NilHasherShouldErr (0.00s)
--- PASS: TestScheduledTxsExecution_ExecuteShouldErr (0.00s)
=== CONT  TestScheduledTxsExecution_InitShouldWork
=== CONT  Test_MiniBlocksBuilderCheckAddTransactionExceedsBlockSize
=== CONT  Test_MiniBlocksBuilderShouldSenderBeSkippedDifferentConfiguredSenderToSkip
=== CONT  Test_MiniBlocksBuilderCheckAddTransactionStuckShard
=== CONT  Test_MiniBlocksBuilderCheckAddTransactionInitializedMiniBlockNotFound
=== CONT  Test_MiniBlocksBuilderShouldSenderBeSkippedNoConfiguredSenderToSkip
=== CONT  Test_MiniBlocksBuilderHandleBadTransactionWithSkip
=== CONT  Test_MiniBlocksBuilderAddTxAndUpdateBlockSizeCrossShardSmartContractCall
=== CONT  Test_MiniBlocksBuilderWouldExceedBlockSizeWithTxWithSpecialTxBlockLimitExceededDueToSCR
=== CONT  Test_MiniBlocksBuilderWouldExceedBlockSizeWithTxWithSpecialTxWithinBlockLimit
[0;31mERROR[0m[2026-03-16 10:14:05.214]   applyExecutedTransaction.SubBalanceFromAddress [0;31msender address[0m =  [0;31mtx max total cost[0m = 0 [0;31merr[0m = insufficient funds 
=== CONT  Test_MiniBlocksBuilderCheckAddTransactionNotEnoughTime
=== CONT  Test_MiniBlocksBuilderCheckAddTransactionWrongTypeAssertion
=== CONT  Test_MiniBlocksBuilderWouldExceedBlockSizeWithTxWithNormalTxBlockLimitExceeded
=== CONT  Test_MiniBlocksBuilderAccountHasEnoughBalanceAddressSetEnoughBalance
--- PASS: TestNewRewardTxPreprocessor_NilStoreShouldErr (0.00s)
--- PASS: TestNewRewardTxPreprocessor_NilRewardTxDataPoolShouldErr (0.00s)
--- PASS: TestScheduledTxsExecution_ExecuteShouldErrMissingTransaction (0.00s)
--- PASS: Test_MiniBlocksBuilderCheckAddTransactionOK (0.00s)
--- PASS: Test_MiniBlocksBuilderCheckAddTransactionNotEnoughBalance (0.00s)
--- PASS: Test_MiniBlocksBuilderCheckAddTransactionGasAccountingError (0.00s)
--- PASS: TestScheduledTxsExecution_AddShouldWork (0.00s)
--- PASS: TestTransactions_IsDataPrepared_NumMissingTxsGreaterThanZeroTxNotReceivedShouldTimeout (0.00s)
--- PASS: TestScheduledTxsExecution_InitShouldWork (0.00s)
--- PASS: Test_MiniBlocksBuilderShouldSenderBeSkippedDifferentConfiguredSenderToSkip (0.00s)
--- PASS: Test_MiniBlocksBuilderCheckAddTransactionStuckShard (0.00s)
--- PASS: Test_MiniBlocksBuilderCheckAddTransactionInitializedMiniBlockNotFound (0.00s)
--- PASS: Test_MiniBlocksBuilderCheckAddTransactionExceedsBlockSize (0.00s)
--- PASS: Test_MiniBlocksBuilderShouldSenderBeSkippedNoConfiguredSenderToSkip (0.00s)
--- PASS: Test_MiniBlocksBuilderHandleBadTransactionWithSkip (0.00s)
--- PASS: Test_MiniBlocksBuilderAddTxAndUpdateBlockSizeCrossShardSmartContractCall (0.00s)
--- PASS: Test_MiniBlocksBuilderWouldExceedBlockSizeWithTxWithSpecialTxBlockLimitExceededDueToSCR (0.00s)
--- PASS: TestTransactions_ApplyExecutedTransactionShouldWork (0.00s)
--- PASS: Test_MiniBlocksBuilderCheckAddTransactionNotEnoughTime (0.00s)
--- PASS: Test_MiniBlocksBuilderCheckAddTransactionWrongTypeAssertion (0.00s)
--- PASS: Test_MiniBlocksBuilderWouldExceedBlockSizeWithTxWithNormalTxBlockLimitExceeded (0.00s)
=== CONT  Test_MiniBlocksBuilderHandleBadTransactionNoSkip
--- PASS: Test_MiniBlocksBuilderHandleBadTransactionNoSkip (0.00s)
=== CONT  Test_MiniBlocksBuilderWouldExceedBlockSizeWithTxWithNormalTxWithinBlockLimit
--- PASS: Test_MiniBlocksBuilderWouldExceedBlockSizeWithTxWithNormalTxWithinBlockLimit (0.00s)
=== CONT  Test_MiniBlocksBuilderAccountHasEnoughBalanceAddressSetNotEnoughBalance
--- PASS: Test_MiniBlocksBuilderAccountHasEnoughBalanceAddressSetNotEnoughBalance (0.00s)
=== CONT  Test_MiniBlocksBuilderAccountHasEnoughBalanceAddressNotSet
--- PASS: Test_MiniBlocksBuilderAccountHasEnoughBalanceAddressNotSet (0.00s)
=== CONT  Test_MiniBlocksBuilderAccountGasForTxComputeGasProvidedOK
--- PASS: Test_MiniBlocksBuilderAccountGasForTxComputeGasProvidedOK (0.00s)
=== CONT  Test_MiniBlocksBuilderAccountGasForTxComputeGasProvidedWithErr
--- PASS: Test_MiniBlocksBuilderAccountGasForTxComputeGasProvidedWithErr (0.00s)
=== CONT  Test_isCrossShardScCallOrSpecialTxCrossShardWithUsername
--- PASS: Test_isCrossShardScCallOrSpecialTxCrossShardWithUsername (0.00s)
=== CONT  Test_MiniBlocksBuilderShouldSenderBeSkippedSenderConfiguredToSkip
--- PASS: Test_MiniBlocksBuilderShouldSenderBeSkippedSenderConfiguredToSkip (0.00s)
=== CONT  Test_isCrossShardScCallOrSpecialTxCrossShardScCall
=== CONT  TestScheduledTxsExecution_NewScheduledTxsExecutionOk
=== CONT  TestScheduledTxsExecution_NewScheduledTxsNilTxExecutionOrderHandler
--- PASS: Test_MiniBlocksBuilderWouldExceedBlockSizeWithTxWithSpecialTxWithinBlockLimit (0.00s)
=== CONT  Test_newMiniBlockBuilderOK
--- PASS: Test_isCrossShardScCallOrSpecialTxCrossShardScCall (0.00s)
=== CONT  Test_computeGasProvidedByTxGasHandlerComputeGasErrors
=== CONT  Test_isCrossShardScCallOrSpecialTxIntraShard
--- PASS: Test_isCrossShardScCallOrSpecialTxIntraShard (0.00s)
=== CONT  Test_newMiniBlockBuilderWithError
--- PASS: Test_newMiniBlockBuilderWithError (0.00s)
=== CONT  Test_MiniBlocksBuilderHandleCrossShardScCallOrSpecialTx
--- PASS: Test_MiniBlocksBuilderHandleCrossShardScCallOrSpecialTx (0.00s)
=== CONT  Test_computeGasProvidedOK
--- PASS: Test_computeGasProvidedOK (0.00s)
=== CONT  Test_computeGasProvidedMaxGasLimitPerBlockReached
--- PASS: Test_computeGasProvidedMaxGasLimitPerBlockReached (0.00s)
=== CONT  Test_computeGasProvidedMaxGasLimitInReceiverShardReached
--- PASS: Test_computeGasProvidedMaxGasLimitInReceiverShardReached (0.00s)
=== CONT  Test_MiniBlocksBuilderHandleFailedTransactionAddsToCount
--- PASS: Test_MiniBlocksBuilderHandleFailedTransactionAddsToCount (0.00s)
=== CONT  Test_computeGasProvidedMaxGasLimitInSenderShardReached
--- PASS: Test_computeGasProvidedMaxGasLimitInSenderShardReached (0.00s)
=== CONT  Test_MiniBlocksBuilderHandleGasRefundCrossShard
--- PASS: Test_MiniBlocksBuilderHandleGasRefundCrossShard (0.00s)
=== CONT  Test_computeGasProvidedWithErrorForGasConsumedForTx
--- PASS: Test_computeGasProvidedByTxGasHandlerComputeGasErrors (0.00s)
--- PASS: TestScheduledTxsExecution_NewScheduledTxsExecutionOk (0.00s)
--- PASS: TestScheduledTxsExecution_NewScheduledTxsNilTxExecutionOrderHandler (0.00s)
--- PASS: Test_newMiniBlockBuilderOK (0.00s)
--- PASS: Test_MiniBlocksBuilderAccountHasEnoughBalanceAddressSetEnoughBalance (0.00s)
=== CONT  Test_computeGasProvidedByTxGasHandlerRefundGasLargerThanLimit
--- PASS: Test_computeGasProvidedByTxGasHandlerRefundGasLargerThanLimit (0.00s)
=== CONT  Test_checkMiniBlocksBuilderArgsNilHaveTimeHandlerShouldErr
--- PASS: Test_checkMiniBlocksBuilderArgsNilHaveTimeHandlerShouldErr (0.00s)
=== CONT  Test_checkMiniBlocksBuilderArgsNilFeeHandlerShouldErr
--- PASS: Test_checkMiniBlocksBuilderArgsNilFeeHandlerShouldErr (0.00s)
=== CONT  Test_checkMiniBlocksBuilderArgsOK
--- PASS: Test_checkMiniBlocksBuilderArgsOK (0.00s)
=== CONT  Test_checkMiniBlocksBuilderArgsNilGasHandlerShouldErr
--- PASS: Test_checkMiniBlocksBuilderArgsNilGasHandlerShouldErr (0.00s)
=== CONT  Test_checkMiniBlocksBuilderArgsNilTxMaxTotalCostHandlerShouldErr
--- PASS: Test_checkMiniBlocksBuilderArgsNilTxMaxTotalCostHandlerShouldErr (0.00s)
=== CONT  Test_checkMiniBlocksBuilderArgsNilShardCoordinatorShouldErr
--- PASS: Test_checkMiniBlocksBuilderArgsNilShardCoordinatorShouldErr (0.00s)
=== CONT  Test_checkMiniBlocksBuilderArgsNilMaxBlockSizeReachedHandlerShouldErr
--- PASS: Test_checkMiniBlocksBuilderArgsNilMaxBlockSizeReachedHandlerShouldErr (0.00s)
=== CONT  Test_checkMiniBlocksBuilderArgsNilShardStuckHandlerShouldErr
--- PASS: Test_checkMiniBlocksBuilderArgsNilShardStuckHandlerShouldErr (0.00s)
=== CONT  Test_computeGasProvidedSelfSenderMoveBalanceIntra
--- PASS: Test_computeGasProvidedSelfSenderMoveBalanceIntra (0.00s)
=== CONT  Test_MiniBlocksBuilderHandleGasRefundIntraShard
--- PASS: Test_MiniBlocksBuilderHandleGasRefundIntraShard (0.00s)
=== CONT  Test_computeGasProvidedByTxSelfSenderMoveBalanceCross
--- PASS: Test_computeGasProvidedByTxSelfSenderMoveBalanceCross (0.00s)
=== CONT  Test_computeGasProvidedSelfSenderSCCallIntra
--- PASS: Test_computeGasProvidedSelfSenderSCCallIntra (0.00s)
=== CONT  Test_computeGasProvidedByTxSelfSenderScCallCross
--- PASS: Test_computeGasProvidedByTxSelfSenderScCallCross (0.00s)
=== CONT  Test_checkMiniBlocksBuilderArgsNilBalanceComputationHandlerShouldErr
--- PASS: Test_checkMiniBlocksBuilderArgsNilBalanceComputationHandlerShouldErr (0.00s)
=== CONT  TestScheduledTxsExecution_getAllIntermediateTxsAfterScheduledExecution/not_already_existing_txs,_different_shard
=== CONT  TestScheduledTxsExecution_getScheduledInfoForHeaderShouldFail/failed_to_get_SCRs_saved_data_from_storage
=== CONT  TestScheduledTxsExecution_getScheduledInfoForHeaderShouldFail/failed_to_unmarshal_data
--- PASS: TestScheduledTxsExecution_getScheduledInfoForHeaderShouldFail (0.00s)
    --- PASS: TestScheduledTxsExecution_getScheduledInfoForHeaderShouldFail/failed_to_get_SCRs_saved_data_from_storage (0.00s)
    --- PASS: TestScheduledTxsExecution_getScheduledInfoForHeaderShouldFail/failed_to_unmarshal_data (0.00s)
=== CONT  Test_checkMiniBlocksBuilderArgsNilBlockSizeComputationHandlerShouldErr
--- PASS: Test_checkMiniBlocksBuilderArgsNilBlockSizeComputationHandlerShouldErr (0.00s)
=== CONT  TestScheduledTxsExecution_getAllIntermediateTxsAfterScheduledExecution/not_already_existing_txs,_same_shard,_transaction
=== CONT  TestScheduledTxsExecution_getAllIntermediateTxsAfterScheduledExecution/not_already_existing_txs,_same_shard,_receipt
=== CONT  TestScheduledTxsExecution_getAllIntermediateTxsAfterScheduledExecution/not_already_existing_txs,_same_shard,_scr
=== CONT  TestScheduledTxsExecution_getAllIntermediateTxsAfterScheduledExecution/already_existing_txs,_different_shard
=== CONT  TestScheduledTxsExecution_computeScheduledSCRsShouldWork/nil_map_after_txs_execution,_empty_scheduled_scrs#01
=== CONT  TestScheduledTxsExecution_computeScheduledSCRsShouldWork/should_work
=== CONT  TestScheduledTxsExecution_computeScheduledSCRsShouldWork/nil_map_after_txs_execution,_empty_scheduled_scrs
=== CONT  TestScheduledTxsExecution_getAllIntermediateTxsAfterScheduledExecution/not_existing_block_type,_different_shard
=== CONT  TestScheduledTxsExecution_getAllIntermediateTxsAfterScheduledExecution/not_already_existing_txs,_same_shard,_invalid
--- PASS: TestScheduledTxsExecution_getAllIntermediateTxsAfterScheduledExecution (0.00s)
    --- PASS: TestScheduledTxsExecution_getAllIntermediateTxsAfterScheduledExecution/not_already_existing_txs,_different_shard (0.00s)
    --- PASS: TestScheduledTxsExecution_getAllIntermediateTxsAfterScheduledExecution/not_already_existing_txs,_same_shard,_transaction (0.00s)
    --- PASS: TestScheduledTxsExecution_getAllIntermediateTxsAfterScheduledExecution/not_already_existing_txs,_same_shard,_receipt (0.00s)
    --- PASS: TestScheduledTxsExecution_getAllIntermediateTxsAfterScheduledExecution/not_already_existing_txs,_same_shard,_scr (0.00s)
    --- PASS: TestScheduledTxsExecution_getAllIntermediateTxsAfterScheduledExecution/already_existing_txs,_different_shard (0.00s)
    --- PASS: TestScheduledTxsExecution_getAllIntermediateTxsAfterScheduledExecution/not_existing_block_type,_different_shard (0.00s)
    --- PASS: TestScheduledTxsExecution_getAllIntermediateTxsAfterScheduledExecution/not_already_existing_txs,_same_shard,_invalid (0.00s)
=== CONT  TestScheduledTxsExecution_computeScheduledSCRsShouldWork/nil_maps,_empty_scheduled_scrs
--- PASS: TestScheduledTxsExecution_computeScheduledSCRsShouldWork (0.00s)
    --- PASS: TestScheduledTxsExecution_computeScheduledSCRsShouldWork/nil_map_after_txs_execution,_empty_scheduled_scrs#01 (0.00s)
    --- PASS: TestScheduledTxsExecution_computeScheduledSCRsShouldWork/should_work (0.00s)
    --- PASS: TestScheduledTxsExecution_computeScheduledSCRsShouldWork/nil_map_after_txs_execution,_empty_scheduled_scrs (0.00s)
    --- PASS: TestScheduledTxsExecution_computeScheduledSCRsShouldWork/nil_maps,_empty_scheduled_scrs (0.00s)
--- PASS: Test_computeGasProvidedWithErrorForGasConsumedForTx (0.00s)
=== CONT  TestTxsPreprocessor_NewTransactionPreprocessorNilShardCoord
--- PASS: TestTxsPreprocessor_NewTransactionPreprocessorNilShardCoord (0.00s)
=== RUN   TestScheduledTxsExecution_setScheduledMiniBlockHashes/fail_to_calculate_hash
=== RUN   TestScheduledTxsExecution_setScheduledMiniBlockHashes/should_work
--- PASS: TestScheduledTxsExecution_setScheduledMiniBlockHashes (0.00s)
    --- PASS: TestScheduledTxsExecution_setScheduledMiniBlockHashes/fail_to_calculate_hash (0.00s)
    --- PASS: TestScheduledTxsExecution_setScheduledMiniBlockHashes/should_work (0.00s)
--- PASS: TestScheduledTxsExecution_getIndexOfTxHashInMiniBlock (0.00s)
--- PASS: TestScheduledTxsExecution_removeInvalidTxsFromScheduledMiniBlocks (0.00s)
--- PASS: TestTransactions_CreateAndProcessMiniBlockCrossShardGasLimitAddAllAsNoSCCalls (0.01s)
--- PASS: TestTransactions_CreateAndProcessMiniBlockCrossShardGasLimitAddAll (0.01s)
=== CONT  TestTxsPreprocessor_NewTransactionPreprocessorNilTxProce
--- PASS: TestTxsPreprocessor_NewTransactionPreprocessorNilTxProce (0.00s)
--- PASS: TestScrsPreprocessor_IsDataPrepared (0.05s)
--- PASS: TestRewardTxPreprocessor_IsDataPrepared (0.05s)
--- PASS: TestScrsPreprocessor_IsDataPreparedErr (2.00s)
--- PASS: TestRewardTxPreprocessor_IsDataPreparedShouldErr (2.00s)
=== RUN   Example_sortTransactionsBySenderAndNonce
--- PASS: Example_sortTransactionsBySenderAndNonce (0.00s)
=== RUN   Example_sortTransactionsBySenderAndNonce2
--- PASS: Example_sortTransactionsBySenderAndNonce2 (0.00s)
=== RUN   Example_sortTransactionsBySenderAndNonceWithFrontRunningProtection
--- PASS: Example_sortTransactionsBySenderAndNonceWithFrontRunningProtection (0.00s)
PASS
ok  	github.com/TerraDharitri/drt-go-chain/process/block/preprocess	(cached)
=== RUN   TestProcessedMiniBlocks_SetProcessedMiniBlockInfoShouldWork
=== PAUSE TestProcessedMiniBlocks_SetProcessedMiniBlockInfoShouldWork
=== RUN   TestProcessedMiniBlocks_GetProcessedMiniBlocksInfo
=== PAUSE TestProcessedMiniBlocks_GetProcessedMiniBlocksInfo
=== RUN   TestProcessedMiniBlocks_ConvertSliceToProcessedMiniBlocksMap
=== PAUSE TestProcessedMiniBlocks_ConvertSliceToProcessedMiniBlocksMap
=== RUN   TestProcessedMiniBlocks_GetProcessedMiniBlockInfo
=== PAUSE TestProcessedMiniBlocks_GetProcessedMiniBlockInfo
=== CONT  TestProcessedMiniBlocks_SetProcessedMiniBlockInfoShouldWork
--- PASS: TestProcessedMiniBlocks_SetProcessedMiniBlockInfoShouldWork (0.00s)
=== CONT  TestProcessedMiniBlocks_GetProcessedMiniBlockInfo
--- PASS: TestProcessedMiniBlocks_GetProcessedMiniBlockInfo (0.00s)
=== CONT  TestProcessedMiniBlocks_ConvertSliceToProcessedMiniBlocksMap
--- PASS: TestProcessedMiniBlocks_ConvertSliceToProcessedMiniBlocksMap (0.00s)
=== CONT  TestProcessedMiniBlocks_GetProcessedMiniBlocksInfo
--- PASS: TestProcessedMiniBlocks_GetProcessedMiniBlocksInfo (0.00s)
PASS
ok  	github.com/TerraDharitri/drt-go-chain/process/block/processedMb	(cached)
=== RUN   TestNewPrintDoubleTransactionsDetector
=== PAUSE TestNewPrintDoubleTransactionsDetector
=== RUN   TestPrintDoubleTransactionsDetector_ProcessBlockBody
=== PAUSE TestPrintDoubleTransactionsDetector_ProcessBlockBody
=== RUN   TestNewTransactionCoordinator_NilHasher
=== PAUSE TestNewTransactionCoordinator_NilHasher
=== RUN   TestNewTransactionCoordinator_TxLogProcessor
=== PAUSE TestNewTransactionCoordinator_TxLogProcessor
=== RUN   TestNewTransactionCoordinator_NilMarshalizer
=== PAUSE TestNewTransactionCoordinator_NilMarshalizer
=== RUN   TestNewTransactionCoordinator_NilShardCoordinator
=== PAUSE TestNewTransactionCoordinator_NilShardCoordinator
=== RUN   TestNewTransactionCoordinator_NilAccountsStub
=== PAUSE TestNewTransactionCoordinator_NilAccountsStub
=== RUN   TestNewTransactionCoordinator_NilDataPool
=== PAUSE TestNewTransactionCoordinator_NilDataPool
=== RUN   TestNewTransactionCoordinator_NilRequestHandler
=== PAUSE TestNewTransactionCoordinator_NilRequestHandler
=== RUN   TestNewTransactionCoordinator_NilPreProcessor
=== PAUSE TestNewTransactionCoordinator_NilPreProcessor
=== RUN   TestNewTransactionCoordinator_NilInterProcessor
=== PAUSE TestNewTransactionCoordinator_NilInterProcessor
=== RUN   TestNewTransactionCoordinator_NilGasHandler
=== PAUSE TestNewTransactionCoordinator_NilGasHandler
=== RUN   TestNewTransactionCoordinator_NilFeeAccumulator
=== PAUSE TestNewTransactionCoordinator_NilFeeAccumulator
=== RUN   TestNewTransactionCoordinator_NilBlockSizeComputation
=== PAUSE TestNewTransactionCoordinator_NilBlockSizeComputation
=== RUN   TestNewTransactionCoordinator_NilBalanceComputation
=== PAUSE TestNewTransactionCoordinator_NilBalanceComputation
=== RUN   TestNewTransactionCoordinator_NilEconomicsFee
=== PAUSE TestNewTransactionCoordinator_NilEconomicsFee
=== RUN   TestNewTransactionCoordinator_NilTxTypeHandler
=== PAUSE TestNewTransactionCoordinator_NilTxTypeHandler
=== RUN   TestNewTransactionCoordinator_NilTxLogsProcessor
=== PAUSE TestNewTransactionCoordinator_NilTxLogsProcessor
=== RUN   TestNewTransactionCoordinator_NilEnableEpochsHandler
=== PAUSE TestNewTransactionCoordinator_NilEnableEpochsHandler
=== RUN   TestNewTransactionCoordinator_InvalidEnableEpochsHandler
=== PAUSE TestNewTransactionCoordinator_InvalidEnableEpochsHandler
=== RUN   TestNewTransactionCoordinator_NilScheduledTxsExecutionHandler
=== PAUSE TestNewTransactionCoordinator_NilScheduledTxsExecutionHandler
=== RUN   TestNewTransactionCoordinator_NilDoubleTransactionsDetector
=== PAUSE TestNewTransactionCoordinator_NilDoubleTransactionsDetector
=== RUN   TestNewTransactionCoordinator_NilProcessedMiniBlocksTracker
=== PAUSE TestNewTransactionCoordinator_NilProcessedMiniBlocksTracker
=== RUN   TestNewTransactionCoordinator_OK
=== PAUSE TestNewTransactionCoordinator_OK
=== RUN   TestTransactionCoordinator_GetAllCurrentLogs
=== PAUSE TestTransactionCoordinator_GetAllCurrentLogs
=== RUN   TestTransactionCoordinator_SeparateBody
=== PAUSE TestTransactionCoordinator_SeparateBody
=== RUN   TestTransactionCoordinator_CreateBlockStarted
=== PAUSE TestTransactionCoordinator_CreateBlockStarted
=== RUN   TestTransactionCoordinator_CreateMarshalizedDataNilBody
=== PAUSE TestTransactionCoordinator_CreateMarshalizedDataNilBody
=== RUN   TestTransactionCoordinator_CreateMarshalizedData
=== PAUSE TestTransactionCoordinator_CreateMarshalizedData
=== RUN   TestTransactionCoordinator_CreateMarshalizedDataWithTxsAndScr
=== PAUSE TestTransactionCoordinator_CreateMarshalizedDataWithTxsAndScr
=== RUN   TestTransactionCoordinator_CreateMbsAndProcessCrossShardTransactionsDstMeNilHeader
=== PAUSE TestTransactionCoordinator_CreateMbsAndProcessCrossShardTransactionsDstMeNilHeader
=== RUN   TestTransactionCoordinator_CreateMbsAndProcessCrossShardTransactionsDstMeNoTime
=== PAUSE TestTransactionCoordinator_CreateMbsAndProcessCrossShardTransactionsDstMeNoTime
=== RUN   TestTransactionCoordinator_CreateMbsAndProcessCrossShardTransactionsNothingInPool
=== PAUSE TestTransactionCoordinator_CreateMbsAndProcessCrossShardTransactionsNothingInPool
=== RUN   TestTransactionCoordinator_CreateMbsAndProcessCrossShardTransactions
=== PAUSE TestTransactionCoordinator_CreateMbsAndProcessCrossShardTransactions
=== RUN   TestTransactionCoordinator_CreateMbsAndProcessCrossShardTransactionsWithSkippedShard
=== PAUSE TestTransactionCoordinator_CreateMbsAndProcessCrossShardTransactionsWithSkippedShard
=== RUN   TestTransactionCoordinator_HandleProcessMiniBlockInit
=== RUN   TestTransactionCoordinator_HandleProcessMiniBlockInit/shard_0_should_call_init
=== RUN   TestTransactionCoordinator_HandleProcessMiniBlockInit/shard_meta_should_call_init
--- PASS: TestTransactionCoordinator_HandleProcessMiniBlockInit (0.00s)
    --- PASS: TestTransactionCoordinator_HandleProcessMiniBlockInit/shard_0_should_call_init (0.00s)
    --- PASS: TestTransactionCoordinator_HandleProcessMiniBlockInit/shard_meta_should_call_init (0.00s)
=== RUN   TestTransactionCoordinator_CreateMbsAndProcessCrossShardTransactionsNilPreProcessor
=== PAUSE TestTransactionCoordinator_CreateMbsAndProcessCrossShardTransactionsNilPreProcessor
=== RUN   TestTransactionCoordinator_CreateMbsAndProcessTransactionsFromMeNothingToProcess
=== PAUSE TestTransactionCoordinator_CreateMbsAndProcessTransactionsFromMeNothingToProcess
=== RUN   TestTransactionCoordinator_CreateMbsAndProcessTransactionsFromMeNoTime
=== PAUSE TestTransactionCoordinator_CreateMbsAndProcessTransactionsFromMeNoTime
=== RUN   TestTransactionCoordinator_CreateMbsAndProcessTransactionsFromMeNoSpace
=== PAUSE TestTransactionCoordinator_CreateMbsAndProcessTransactionsFromMeNoSpace
=== RUN   TestTransactionCoordinator_CreateMbsAndProcessTransactionsFromMe
=== PAUSE TestTransactionCoordinator_CreateMbsAndProcessTransactionsFromMe
=== RUN   TestTransactionCoordinator_CreateMbsAndProcessTransactionsFromMeMultipleMiniblocks
=== PAUSE TestTransactionCoordinator_CreateMbsAndProcessTransactionsFromMeMultipleMiniblocks
=== RUN   TestTransactionCoordinator_CreateMbsAndProcessTransactionsFromMeMultipleMiniblocksShouldApplyGasLimit
=== PAUSE TestTransactionCoordinator_CreateMbsAndProcessTransactionsFromMeMultipleMiniblocksShouldApplyGasLimit
=== RUN   TestTransactionCoordinator_CompactAndExpandMiniblocksShouldWork
=== PAUSE TestTransactionCoordinator_CompactAndExpandMiniblocksShouldWork
=== RUN   TestTransactionCoordinator_GetAllCurrentUsedTxs
=== PAUSE TestTransactionCoordinator_GetAllCurrentUsedTxs
=== RUN   TestTransactionCoordinator_RequestBlockTransactionsNilBody
=== PAUSE TestTransactionCoordinator_RequestBlockTransactionsNilBody
=== RUN   TestTransactionCoordinator_RequestBlockTransactionsRequestOne
=== PAUSE TestTransactionCoordinator_RequestBlockTransactionsRequestOne
=== RUN   TestTransactionCoordinator_IsDataPreparedForProcessing
=== PAUSE TestTransactionCoordinator_IsDataPreparedForProcessing
=== RUN   TestTransactionCoordinator_SaveTxsToStorage
=== PAUSE TestTransactionCoordinator_SaveTxsToStorage
=== RUN   TestTransactionCoordinator_RestoreBlockDataFromStorage
=== PAUSE TestTransactionCoordinator_RestoreBlockDataFromStorage
=== RUN   TestTransactionCoordinator_RemoveBlockDataFromPool
=== PAUSE TestTransactionCoordinator_RemoveBlockDataFromPool
=== RUN   TestTransactionCoordinator_ProcessBlockTransactionProcessTxError
=== PAUSE TestTransactionCoordinator_ProcessBlockTransactionProcessTxError
=== RUN   TestTransactionCoordinator_ProcessBlockTransaction
=== PAUSE TestTransactionCoordinator_ProcessBlockTransaction
=== RUN   TestTransactionCoordinator_RequestMiniblocks
=== PAUSE TestTransactionCoordinator_RequestMiniblocks
=== RUN   TestShardProcessor_ProcessMiniBlockCompleteWithOkTxsShouldExecuteThemAndNotRevertAccntState
=== PAUSE TestShardProcessor_ProcessMiniBlockCompleteWithOkTxsShouldExecuteThemAndNotRevertAccntState
=== RUN   TestShardProcessor_ProcessMiniBlockCompleteWithErrorWhileProcessShouldCallRevertAccntState
=== PAUSE TestShardProcessor_ProcessMiniBlockCompleteWithErrorWhileProcessShouldCallRevertAccntState
=== RUN   TestTransactionCoordinator_VerifyCreatedBlockTransactionsNilOrMiss
=== PAUSE TestTransactionCoordinator_VerifyCreatedBlockTransactionsNilOrMiss
=== RUN   TestTransactionCoordinator_VerifyCreatedBlockTransactionsOk
=== PAUSE TestTransactionCoordinator_VerifyCreatedBlockTransactionsOk
=== RUN   TestTransactionCoordinator_SaveTxsToStorageCallsSaveIntermediate
=== PAUSE TestTransactionCoordinator_SaveTxsToStorageCallsSaveIntermediate
=== RUN   TestTransactionCoordinator_PreprocessorsHasToBeOrderedRewardsAreLast
=== PAUSE TestTransactionCoordinator_PreprocessorsHasToBeOrderedRewardsAreLast
=== RUN   TestTransactionCoordinator_GetCreatedInShardMiniBlocksShouldWork
=== PAUSE TestTransactionCoordinator_GetCreatedInShardMiniBlocksShouldWork
=== RUN   TestTransactionCoordinator_GetNumOfCrossInterMbsAndTxsShouldWork
=== PAUSE TestTransactionCoordinator_GetNumOfCrossInterMbsAndTxsShouldWork
=== RUN   TestTransactionCoordinator_IsMaxBlockSizeReachedShouldWork
=== PAUSE TestTransactionCoordinator_IsMaxBlockSizeReachedShouldWork
=== RUN   TestTransactionCoordinator_GetNumOfCrossShardScCallsShouldWork
=== PAUSE TestTransactionCoordinator_GetNumOfCrossShardScCallsShouldWork
=== RUN   TestTransactionCoordinator_GetNumOfCrossShardSpecialTxsShouldWork
=== PAUSE TestTransactionCoordinator_GetNumOfCrossShardSpecialTxsShouldWork
=== RUN   TestTransactionCoordinator_VerifyCreatedMiniBlocksShouldReturnWhenEpochIsNotEnabled
=== PAUSE TestTransactionCoordinator_VerifyCreatedMiniBlocksShouldReturnWhenEpochIsNotEnabled
=== RUN   TestTransactionCoordinator_VerifyCreatedMiniBlocksShouldErrMaxGasLimitPerMiniBlockInReceiverShardIsReached
=== PAUSE TestTransactionCoordinator_VerifyCreatedMiniBlocksShouldErrMaxGasLimitPerMiniBlockInReceiverShardIsReached
=== RUN   TestTransactionCoordinator_VerifyCreatedMiniBlocksShouldErrMaxAccumulatedFeesExceeded
=== PAUSE TestTransactionCoordinator_VerifyCreatedMiniBlocksShouldErrMaxAccumulatedFeesExceeded
=== RUN   TestTransactionCoordinator_VerifyCreatedMiniBlocksShouldErrMaxDeveloperFeesExceeded
=== PAUSE TestTransactionCoordinator_VerifyCreatedMiniBlocksShouldErrMaxDeveloperFeesExceeded
=== RUN   TestTransactionCoordinator_VerifyCreatedMiniBlocksShouldWork
=== PAUSE TestTransactionCoordinator_VerifyCreatedMiniBlocksShouldWork
=== RUN   TestTransactionCoordinator_GetAllTransactionsShouldWork
=== PAUSE TestTransactionCoordinator_GetAllTransactionsShouldWork
=== RUN   TestTransactionCoordinator_VerifyGasLimitShouldErrMaxGasLimitPerMiniBlockInReceiverShardIsReached
=== PAUSE TestTransactionCoordinator_VerifyGasLimitShouldErrMaxGasLimitPerMiniBlockInReceiverShardIsReached
=== RUN   TestTransactionCoordinator_VerifyGasLimitShouldWork
=== PAUSE TestTransactionCoordinator_VerifyGasLimitShouldWork
=== RUN   TestTransactionCoordinator_CheckGasProvidedByMiniBlockInReceiverShardShouldErrMissingTransaction
=== PAUSE TestTransactionCoordinator_CheckGasProvidedByMiniBlockInReceiverShardShouldErrMissingTransaction
=== RUN   TestTransactionCoordinator_CheckGasProvidedByMiniBlockInReceiverShardShouldErrSubtractionOverflow
=== PAUSE TestTransactionCoordinator_CheckGasProvidedByMiniBlockInReceiverShardShouldErrSubtractionOverflow
=== RUN   TestTransactionCoordinator_CheckGasProvidedByMiniBlockInReceiverShardShouldErrAdditionOverflow
=== PAUSE TestTransactionCoordinator_CheckGasProvidedByMiniBlockInReceiverShardShouldErrAdditionOverflow
=== RUN   TestTransactionCoordinator_CheckGasProvidedByMiniBlockInReceiverShardShouldErrMaxGasLimitPerMiniBlockInReceiverShardIsReached
=== PAUSE TestTransactionCoordinator_CheckGasProvidedByMiniBlockInReceiverShardShouldErrMaxGasLimitPerMiniBlockInReceiverShardIsReached
=== RUN   TestTransactionCoordinator_CheckGasProvidedByMiniBlockInReceiverShardShouldWork
=== PAUSE TestTransactionCoordinator_CheckGasProvidedByMiniBlockInReceiverShardShouldWork
=== RUN   TestTransactionCoordinator_VerifyFeesShouldErrMissingTransaction
=== PAUSE TestTransactionCoordinator_VerifyFeesShouldErrMissingTransaction
=== RUN   TestTransactionCoordinator_VerifyFeesShouldErrMaxAccumulatedFeesExceeded
=== PAUSE TestTransactionCoordinator_VerifyFeesShouldErrMaxAccumulatedFeesExceeded
=== RUN   TestTransactionCoordinator_VerifyFeesShouldErrMaxDeveloperFeesExceeded
=== PAUSE TestTransactionCoordinator_VerifyFeesShouldErrMaxDeveloperFeesExceeded
=== RUN   TestTransactionCoordinator_VerifyFeesShouldErrMaxAccumulatedFeesExceededWhenScheduledFeesAreNotAdded
=== PAUSE TestTransactionCoordinator_VerifyFeesShouldErrMaxAccumulatedFeesExceededWhenScheduledFeesAreNotAdded
=== RUN   TestTransactionCoordinator_VerifyFeesShouldErrMaxDeveloperFeesExceededWhenScheduledFeesAreNotAdded
=== PAUSE TestTransactionCoordinator_VerifyFeesShouldErrMaxDeveloperFeesExceededWhenScheduledFeesAreNotAdded
=== RUN   TestTransactionCoordinator_VerifyFeesShouldWork
=== PAUSE TestTransactionCoordinator_VerifyFeesShouldWork
=== RUN   TestTransactionCoordinator_GetMaxAccumulatedAndDeveloperFeesShouldErr
=== PAUSE TestTransactionCoordinator_GetMaxAccumulatedAndDeveloperFeesShouldErr
=== RUN   TestTransactionCoordinator_GetMaxAccumulatedAndDeveloperFeesShouldWork
=== PAUSE TestTransactionCoordinator_GetMaxAccumulatedAndDeveloperFeesShouldWork
=== RUN   TestTransactionCoordinator_RevertIfNeededShouldWork
=== PAUSE TestTransactionCoordinator_RevertIfNeededShouldWork
=== RUN   TestTransactionCoordinator_getFinalCrossMiniBlockInfos
=== PAUSE TestTransactionCoordinator_getFinalCrossMiniBlockInfos
=== RUN   TestTransactionCoordinator_AddIntermediateTransactions
=== PAUSE TestTransactionCoordinator_AddIntermediateTransactions
=== RUN   TestTransactionCoordinator_GetAllIntermediateTxs
=== PAUSE TestTransactionCoordinator_GetAllIntermediateTxs
=== RUN   TestTransactionCoordinator_AddTxsFromMiniBlocks
=== RUN   TestTransactionCoordinator_AddTxsFromMiniBlocks/adding_txs_from_miniBlocks
[0;33mWARN [0m[2026-03-16 10:14:04.975]   transactionCoordinator.AddTxsFromMiniBlocks: preProc is nil [0;33mblockType[0m = InvalidBlock 
--- PASS: TestTransactionCoordinator_AddTxsFromMiniBlocks (0.00s)
    --- PASS: TestTransactionCoordinator_AddTxsFromMiniBlocks/adding_txs_from_miniBlocks (0.00s)
=== RUN   TestTransactionCoordinator_AddTransactions
=== RUN   TestTransactionCoordinator_AddTransactions/missing_preprocessor_should_not_panic
[0;33mWARN [0m[2026-03-16 10:14:04.976]   transactionCoordinator.AddTransactions preProc is nil [0;33mblockType[0m = InvalidBlock 
=== RUN   TestTransactionCoordinator_AddTransactions/valid_preprocessor_should_add
--- PASS: TestTransactionCoordinator_AddTransactions (0.00s)
    --- PASS: TestTransactionCoordinator_AddTransactions/missing_preprocessor_should_not_panic (0.00s)
    --- PASS: TestTransactionCoordinator_AddTransactions/valid_preprocessor_should_add (0.00s)
=== RUN   TestGetProcessedMiniBlockInfo_ShouldWork
--- PASS: TestGetProcessedMiniBlockInfo_ShouldWork (0.00s)
=== RUN   TestTransactionCoordinator_getIndexesOfLastTxProcessed
=== PAUSE TestTransactionCoordinator_getIndexesOfLastTxProcessed
=== RUN   TestTransactionCoordinator_requestMissingMiniBlocksAndTransactionsShouldWork
=== PAUSE TestTransactionCoordinator_requestMissingMiniBlocksAndTransactionsShouldWork
=== RUN   TestNewTxTypeHandler_NilAddrConv
=== PAUSE TestNewTxTypeHandler_NilAddrConv
=== RUN   TestNewTxTypeHandler_NilShardCoord
=== PAUSE TestNewTxTypeHandler_NilShardCoord
=== RUN   TestNewTxTypeHandler_NilArgParser
=== PAUSE TestNewTxTypeHandler_NilArgParser
=== RUN   TestNewTxTypeHandler_NilEnableEpochsHandler
=== PAUSE TestNewTxTypeHandler_NilEnableEpochsHandler
=== RUN   TestNewTxTypeHandler_InvalidEnableEpochsHandler
=== PAUSE TestNewTxTypeHandler_InvalidEnableEpochsHandler
=== RUN   TestNewTxTypeHandler_NilBuiltInFuncs
=== PAUSE TestNewTxTypeHandler_NilBuiltInFuncs
=== RUN   TestNewTxTypeHandler_ValsOk
=== PAUSE TestNewTxTypeHandler_ValsOk
=== RUN   TestTxTypeHandler_ComputeTransactionTypeNil
=== PAUSE TestTxTypeHandler_ComputeTransactionTypeNil
=== RUN   TestTxTypeHandler_ComputeTransactionTypeNilTx
=== PAUSE TestTxTypeHandler_ComputeTransactionTypeNilTx
=== RUN   TestTxTypeHandler_ComputeTransactionTypeErrWrongTransaction
=== PAUSE TestTxTypeHandler_ComputeTransactionTypeErrWrongTransaction
=== RUN   TestTxTypeHandler_ComputeTransactionTypeScDeployment
=== PAUSE TestTxTypeHandler_ComputeTransactionTypeScDeployment
=== RUN   TestTxTypeHandler_ComputeTransactionTypeBuiltInFunctionCallNftTransfer
=== PAUSE TestTxTypeHandler_ComputeTransactionTypeBuiltInFunctionCallNftTransfer
=== RUN   TestTxTypeHandler_ComputeTransactionTypeBuiltInFunctionCallDcdtTransfer
=== PAUSE TestTxTypeHandler_ComputeTransactionTypeBuiltInFunctionCallDcdtTransfer
=== RUN   TestTxTypeHandler_ComputeTransactionTypeRecv0AddressWrongTransaction
=== PAUSE TestTxTypeHandler_ComputeTransactionTypeRecv0AddressWrongTransaction
=== RUN   TestTxTypeHandler_ComputeTransactionTypeScInvoking
=== PAUSE TestTxTypeHandler_ComputeTransactionTypeScInvoking
=== RUN   TestTxTypeHandler_ComputeTransactionTypeMoveBalance
=== PAUSE TestTxTypeHandler_ComputeTransactionTypeMoveBalance
=== RUN   TestTxTypeHandler_ComputeTransactionTypeBuiltInFunc
=== PAUSE TestTxTypeHandler_ComputeTransactionTypeBuiltInFunc
=== RUN   TestTxTypeHandler_ComputeTransactionTypeBuiltInFuncNotActiveMoveBalance
=== PAUSE TestTxTypeHandler_ComputeTransactionTypeBuiltInFuncNotActiveMoveBalance
=== RUN   TestTxTypeHandler_ComputeTransactionTypeBuiltInFuncNotActiveSCCall
=== PAUSE TestTxTypeHandler_ComputeTransactionTypeBuiltInFuncNotActiveSCCall
=== RUN   TestTxTypeHandler_ComputeTransactionTypeRelayedFunc
=== PAUSE TestTxTypeHandler_ComputeTransactionTypeRelayedFunc
=== RUN   TestTxTypeHandler_ComputeTransactionTypeRelayedV2Func
=== PAUSE TestTxTypeHandler_ComputeTransactionTypeRelayedV2Func
=== RUN   TestTxTypeHandler_ComputeTransactionDisabledRelayed
=== PAUSE TestTxTypeHandler_ComputeTransactionDisabledRelayed
=== RUN   TestTxTypeHandler_ComputeTransactionTypeRelayedV3
=== PAUSE TestTxTypeHandler_ComputeTransactionTypeRelayedV3
=== RUN   TestTxTypeHandler_ComputeTransactionTypeForSCRCallBack
=== PAUSE TestTxTypeHandler_ComputeTransactionTypeForSCRCallBack
=== CONT  TestNewPrintDoubleTransactionsDetector
=== RUN   TestNewPrintDoubleTransactionsDetector/nil_marshaller_should_error
=== PAUSE TestNewPrintDoubleTransactionsDetector/nil_marshaller_should_error
=== RUN   TestNewPrintDoubleTransactionsDetector/nil_hasher_should_error
=== PAUSE TestNewPrintDoubleTransactionsDetector/nil_hasher_should_error
=== RUN   TestNewPrintDoubleTransactionsDetector/nil_enable_epochs_handler_should_error
=== PAUSE TestNewPrintDoubleTransactionsDetector/nil_enable_epochs_handler_should_error
=== RUN   TestNewPrintDoubleTransactionsDetector/invalid_enable_epochs_handler_should_error
=== PAUSE TestNewPrintDoubleTransactionsDetector/invalid_enable_epochs_handler_should_error
=== RUN   TestNewPrintDoubleTransactionsDetector/should_work
=== PAUSE TestNewPrintDoubleTransactionsDetector/should_work
=== CONT  TestTransactionCoordinator_PreprocessorsHasToBeOrderedRewardsAreLast
=== CONT  TestTxTypeHandler_ComputeTransactionDisabledRelayed
--- PASS: TestTxTypeHandler_ComputeTransactionDisabledRelayed (0.00s)
=== CONT  TestTransactionCoordinator_CheckGasProvidedByMiniBlockInReceiverShardShouldErrMaxGasLimitPerMiniBlockInReceiverShardIsReached
--- PASS: TestTransactionCoordinator_CheckGasProvidedByMiniBlockInReceiverShardShouldErrMaxGasLimitPerMiniBlockInReceiverShardIsReached (0.00s)
=== CONT  TestTxTypeHandler_ComputeTransactionTypeRelayedV2Func
--- PASS: TestTxTypeHandler_ComputeTransactionTypeRelayedV2Func (0.00s)
=== CONT  TestTransactionCoordinator_CheckGasProvidedByMiniBlockInReceiverShardShouldErrAdditionOverflow
--- PASS: TestTransactionCoordinator_CheckGasProvidedByMiniBlockInReceiverShardShouldErrAdditionOverflow (0.00s)
=== CONT  TestTxTypeHandler_ComputeTransactionTypeRelayedFunc
--- PASS: TestTxTypeHandler_ComputeTransactionTypeRelayedFunc (0.00s)
=== CONT  TestTransactionCoordinator_CheckGasProvidedByMiniBlockInReceiverShardShouldErrSubtractionOverflow
--- PASS: TestTransactionCoordinator_CheckGasProvidedByMiniBlockInReceiverShardShouldErrSubtractionOverflow (0.00s)
=== CONT  TestTxTypeHandler_ComputeTransactionTypeBuiltInFuncNotActiveSCCall
--- PASS: TestTxTypeHandler_ComputeTransactionTypeBuiltInFuncNotActiveSCCall (0.00s)
=== CONT  TestTransactionCoordinator_CheckGasProvidedByMiniBlockInReceiverShardShouldErrMissingTransaction
--- PASS: TestTransactionCoordinator_CheckGasProvidedByMiniBlockInReceiverShardShouldErrMissingTransaction (0.00s)
=== CONT  TestTxTypeHandler_ComputeTransactionTypeBuiltInFuncNotActiveMoveBalance
--- PASS: TestTxTypeHandler_ComputeTransactionTypeBuiltInFuncNotActiveMoveBalance (0.00s)
=== CONT  TestTxTypeHandler_ComputeTransactionTypeBuiltInFunc
--- PASS: TestTxTypeHandler_ComputeTransactionTypeBuiltInFunc (0.00s)
=== CONT  TestTransactionCoordinator_VerifyGasLimitShouldWork
--- PASS: TestTransactionCoordinator_VerifyGasLimitShouldWork (0.00s)
=== CONT  TestTxTypeHandler_ComputeTransactionTypeMoveBalance
--- PASS: TestTxTypeHandler_ComputeTransactionTypeMoveBalance (0.00s)
=== CONT  TestTxTypeHandler_ComputeTransactionTypeScInvoking
--- PASS: TestTxTypeHandler_ComputeTransactionTypeScInvoking (0.00s)
=== CONT  TestTxTypeHandler_ComputeTransactionTypeRecv0AddressWrongTransaction
--- PASS: TestTxTypeHandler_ComputeTransactionTypeRecv0AddressWrongTransaction (0.00s)
=== CONT  TestTransactionCoordinator_VerifyGasLimitShouldErrMaxGasLimitPerMiniBlockInReceiverShardIsReached
--- PASS: TestTransactionCoordinator_VerifyGasLimitShouldErrMaxGasLimitPerMiniBlockInReceiverShardIsReached (0.00s)
=== CONT  TestTxTypeHandler_ComputeTransactionTypeBuiltInFunctionCallDcdtTransfer
--- PASS: TestTxTypeHandler_ComputeTransactionTypeBuiltInFunctionCallDcdtTransfer (0.00s)
=== CONT  TestTransactionCoordinator_GetAllTransactionsShouldWork
--- PASS: TestTransactionCoordinator_GetAllTransactionsShouldWork (0.00s)
=== CONT  TestTransactionCoordinator_VerifyCreatedMiniBlocksShouldWork
--- PASS: TestTransactionCoordinator_VerifyCreatedMiniBlocksShouldWork (0.00s)
=== CONT  TestTxTypeHandler_ComputeTransactionTypeBuiltInFunctionCallNftTransfer
--- PASS: TestTxTypeHandler_ComputeTransactionTypeBuiltInFunctionCallNftTransfer (0.00s)
=== CONT  TestTransactionCoordinator_VerifyCreatedMiniBlocksShouldErrMaxDeveloperFeesExceeded
--- PASS: TestTransactionCoordinator_VerifyCreatedMiniBlocksShouldErrMaxDeveloperFeesExceeded (0.00s)
=== CONT  TestTxTypeHandler_ComputeTransactionTypeScDeployment
--- PASS: TestTxTypeHandler_ComputeTransactionTypeScDeployment (0.00s)
=== CONT  TestTransactionCoordinator_VerifyCreatedMiniBlocksShouldErrMaxAccumulatedFeesExceeded
--- PASS: TestTransactionCoordinator_VerifyCreatedMiniBlocksShouldErrMaxAccumulatedFeesExceeded (0.00s)
=== CONT  TestTxTypeHandler_ComputeTransactionTypeErrWrongTransaction
--- PASS: TestTxTypeHandler_ComputeTransactionTypeErrWrongTransaction (0.00s)
=== CONT  TestTransactionCoordinator_VerifyCreatedMiniBlocksShouldErrMaxGasLimitPerMiniBlockInReceiverShardIsReached
--- PASS: TestTransactionCoordinator_VerifyCreatedMiniBlocksShouldErrMaxGasLimitPerMiniBlockInReceiverShardIsReached (0.00s)
=== CONT  TestTxTypeHandler_ComputeTransactionTypeNilTx
--- PASS: TestTxTypeHandler_ComputeTransactionTypeNilTx (0.00s)
=== CONT  TestTxTypeHandler_ComputeTransactionTypeNil
--- PASS: TestTxTypeHandler_ComputeTransactionTypeNil (0.00s)
=== CONT  TestTransactionCoordinator_VerifyCreatedMiniBlocksShouldReturnWhenEpochIsNotEnabled
--- PASS: TestTransactionCoordinator_VerifyCreatedMiniBlocksShouldReturnWhenEpochIsNotEnabled (0.00s)
=== CONT  TestNewTxTypeHandler_ValsOk
--- PASS: TestNewTxTypeHandler_ValsOk (0.00s)
=== CONT  TestTransactionCoordinator_GetNumOfCrossShardSpecialTxsShouldWork
[0;33mWARN [0m[2026-03-16 10:14:04.978]   transactionCoordinator.getNumOfCrossShardScCallsOrSpecialTxs: tx not found [0;33mmb type[0m = TxBlock [0;33msenderShardID[0m = 0 [0;33mreceiverShardID[0m = 1 [0;33mnumTxHashes[0m = 1 [0;33mtx hash[0m = 74784861736831 
--- PASS: TestTransactionCoordinator_GetNumOfCrossShardSpecialTxsShouldWork (0.00s)
=== CONT  TestNewTxTypeHandler_NilBuiltInFuncs
--- PASS: TestNewTxTypeHandler_NilBuiltInFuncs (0.00s)
=== CONT  TestTransactionCoordinator_GetNumOfCrossShardScCallsShouldWork
[0;33mWARN [0m[2026-03-16 10:14:04.978]   transactionCoordinator.getNumOfCrossShardScCallsOrSpecialTxs: tx not found [0;33mmb type[0m = TxBlock [0;33msenderShardID[0m = 0 [0;33mreceiverShardID[0m = 1 [0;33mnumTxHashes[0m = 1 [0;33mtx hash[0m = 74784861736831 
--- PASS: TestTransactionCoordinator_GetNumOfCrossShardScCallsShouldWork (0.00s)
=== CONT  TestNewTxTypeHandler_InvalidEnableEpochsHandler
--- PASS: TestNewTxTypeHandler_InvalidEnableEpochsHandler (0.00s)
=== CONT  TestTransactionCoordinator_IsMaxBlockSizeReachedShouldWork
--- PASS: TestTransactionCoordinator_IsMaxBlockSizeReachedShouldWork (0.00s)
=== CONT  TestNewTxTypeHandler_NilEnableEpochsHandler
--- PASS: TestNewTxTypeHandler_NilEnableEpochsHandler (0.00s)
=== CONT  TestNewTxTypeHandler_NilArgParser
--- PASS: TestNewTxTypeHandler_NilArgParser (0.00s)
=== CONT  TestNewTxTypeHandler_NilShardCoord
--- PASS: TestNewTxTypeHandler_NilShardCoord (0.00s)
=== CONT  TestTransactionCoordinator_GetNumOfCrossInterMbsAndTxsShouldWork
--- PASS: TestTransactionCoordinator_GetNumOfCrossInterMbsAndTxsShouldWork (0.00s)
=== CONT  TestNewTxTypeHandler_NilAddrConv
--- PASS: TestNewTxTypeHandler_NilAddrConv (0.00s)
=== CONT  TestTransactionCoordinator_GetCreatedInShardMiniBlocksShouldWork
--- PASS: TestTransactionCoordinator_GetCreatedInShardMiniBlocksShouldWork (0.00s)
=== CONT  TestTransactionCoordinator_requestMissingMiniBlocksAndTransactionsShouldWork
[0;33mWARN [0m[2026-03-16 10:14:04.979]   transactionCoordinator.requestMissingMiniBlocksAndTransactions [0;33mmb hash[0m = 6861736830 [0;33merror[0m = wrong type assertion 
[0;33mWARN [0m[2026-03-16 10:14:04.979]   transactionCoordinator.requestMissingMiniBlocksAndTransactions: getPreProcessor [0;33mmb type[0m = PeerBlock [0;33merror[0m = preprocessor is nil 
--- PASS: TestTransactionCoordinator_requestMissingMiniBlocksAndTransactionsShouldWork (0.00s)
=== CONT  TestTransactionCoordinator_getIndexesOfLastTxProcessed
=== RUN   TestTransactionCoordinator_getIndexesOfLastTxProcessed/calculating_hash_error_should_not_get_indexes
=== PAUSE TestTransactionCoordinator_getIndexesOfLastTxProcessed/calculating_hash_error_should_not_get_indexes
=== RUN   TestTransactionCoordinator_getIndexesOfLastTxProcessed/should_get_indexes
=== PAUSE TestTransactionCoordinator_getIndexesOfLastTxProcessed/should_get_indexes
=== CONT  TestTransactionCoordinator_GetAllIntermediateTxs
--- PASS: TestTransactionCoordinator_GetAllIntermediateTxs (0.00s)
=== CONT  TestTransactionCoordinator_CreateMarshalizedDataWithTxsAndScr
[0;33mWARN [0m[2026-03-16 10:14:04.979]   basePreProcess.createMarshalledData: tx not found [0;33mhash[0m = 74785f6861736831 
--- PASS: TestTransactionCoordinator_CreateMarshalizedDataWithTxsAndScr (0.00s)
=== CONT  TestTransactionCoordinator_SaveTxsToStorageCallsSaveIntermediate
--- PASS: TestTransactionCoordinator_SaveTxsToStorageCallsSaveIntermediate (0.00s)
=== CONT  TestTransactionCoordinator_VerifyCreatedBlockTransactionsOk
--- PASS: TestTransactionCoordinator_VerifyCreatedBlockTransactionsOk (0.00s)
=== CONT  TestTransactionCoordinator_VerifyCreatedBlockTransactionsNilOrMiss
--- PASS: TestTransactionCoordinator_VerifyCreatedBlockTransactionsNilOrMiss (0.00s)
=== CONT  TestShardProcessor_ProcessMiniBlockCompleteWithErrorWhileProcessShouldCallRevertAccntState
--- PASS: TestShardProcessor_ProcessMiniBlockCompleteWithErrorWhileProcessShouldCallRevertAccntState (0.00s)
=== CONT  TestShardProcessor_ProcessMiniBlockCompleteWithOkTxsShouldExecuteThemAndNotRevertAccntState
--- PASS: TestShardProcessor_ProcessMiniBlockCompleteWithOkTxsShouldExecuteThemAndNotRevertAccntState (0.00s)
=== CONT  TestTransactionCoordinator_RequestMiniblocks
--- PASS: TestTransactionCoordinator_PreprocessorsHasToBeOrderedRewardsAreLast (0.00s)
=== CONT  TestTransactionCoordinator_ProcessBlockTransaction
[0;33mWARN [0m[2026-03-16 10:14:04.980]   missing transaction in computeTxsFromMiniBlock [0;33mtype[0m = TxBlock [0;33mtxHash[0m = 74785f686173686e6f74696e506f6f6c 
--- PASS: TestTransactionCoordinator_ProcessBlockTransaction (0.00s)
=== CONT  TestTransactionCoordinator_ProcessBlockTransactionProcessTxError
--- PASS: TestTransactionCoordinator_ProcessBlockTransactionProcessTxError (0.00s)
=== CONT  TestTransactionCoordinator_RemoveBlockDataFromPool
--- PASS: TestTransactionCoordinator_RemoveBlockDataFromPool (0.00s)
=== CONT  TestTransactionCoordinator_RestoreBlockDataFromStorage
[0;33mWARN [0m[2026-03-16 10:14:04.980]   basePreProcess.saveTransactionToStorage  [0;33mtxHash[0m = 74785f686173686e6f74696e506f6f6c [0;33mdataUnit[0m = TransactionUnit [0;33merror[0m = missing transaction 
--- PASS: TestTransactionCoordinator_RestoreBlockDataFromStorage (0.00s)
=== CONT  TestTransactionCoordinator_SaveTxsToStorage
[0;33mWARN [0m[2026-03-16 10:14:04.980]   basePreProcess.saveTransactionToStorage  [0;33mtxHash[0m = 74785f686173686e6f74696e506f6f6c [0;33mdataUnit[0m = TransactionUnit [0;33merror[0m = missing transaction 
--- PASS: TestTransactionCoordinator_SaveTxsToStorage (0.00s)
=== CONT  TestTransactionCoordinator_IsDataPreparedForProcessing
--- PASS: TestTransactionCoordinator_IsDataPreparedForProcessing (0.00s)
=== CONT  TestTransactionCoordinator_RequestBlockTransactionsRequestOne
=== CONT  TestTransactionCoordinator_getFinalCrossMiniBlockInfos
=== RUN   TestTransactionCoordinator_getFinalCrossMiniBlockInfos/scheduledMiniBlocks_flag_not_set
=== PAUSE TestTransactionCoordinator_getFinalCrossMiniBlockInfos/scheduledMiniBlocks_flag_not_set
=== RUN   TestTransactionCoordinator_getFinalCrossMiniBlockInfos/should_work,_miniblocks_info_found_for_final_miniBlock_header
=== PAUSE TestTransactionCoordinator_getFinalCrossMiniBlockInfos/should_work,_miniblocks_info_found_for_final_miniBlock_header
=== CONT  TestTransactionCoordinator_RevertIfNeededShouldWork
--- PASS: TestTransactionCoordinator_RevertIfNeededShouldWork (0.00s)
=== CONT  TestTransactionCoordinator_GetAllCurrentUsedTxs
--- PASS: TestTransactionCoordinator_GetAllCurrentUsedTxs (0.00s)
=== CONT  TestNewTransactionCoordinator_NilEconomicsFee
--- PASS: TestNewTransactionCoordinator_NilEconomicsFee (0.00s)
=== CONT  TestTransactionCoordinator_CompactAndExpandMiniblocksShouldWork
=== CONT  TestTransactionCoordinator_RequestBlockTransactionsNilBody
--- PASS: TestTransactionCoordinator_RequestBlockTransactionsNilBody (0.00s)
=== CONT  TestTransactionCoordinator_CreateMarshalizedData
[0;33mWARN [0m[2026-03-16 10:14:04.981]   basePreProcess.createMarshalledData: tx not found [0;33mhash[0m = 74785f6861736831 
[0;33mWARN [0m[2026-03-16 10:14:04.981]   basePreProcess.createMarshalledData: tx not found [0;33mhash[0m = 74785f6861736832 
[0;33mWARN [0m[2026-03-16 10:14:04.981]   basePreProcess.createMarshalledData: tx not found [0;33mhash[0m = 74785f6861736833 
--- PASS: TestTransactionCoordinator_CreateMarshalizedData (0.00s)
=== CONT  TestTransactionCoordinator_CreateMbsAndProcessTransactionsFromMeMultipleMiniblocksShouldApplyGasLimit
=== CONT  TestTransactionCoordinator_GetMaxAccumulatedAndDeveloperFeesShouldWork
--- PASS: TestTransactionCoordinator_GetMaxAccumulatedAndDeveloperFeesShouldWork (0.00s)
=== CONT  TestTransactionCoordinator_CreateMbsAndProcessTransactionsFromMeMultipleMiniblocks
=== CONT  TestTransactionCoordinator_GetMaxAccumulatedAndDeveloperFeesShouldErr
=== CONT  TestTransactionCoordinator_VerifyFeesShouldWork
=== CONT  TestTransactionCoordinator_VerifyFeesShouldErrMaxDeveloperFeesExceededWhenScheduledFeesAreNotAdded
=== CONT  TestTransactionCoordinator_VerifyFeesShouldErrMaxAccumulatedFeesExceededWhenScheduledFeesAreNotAdded
=== CONT  TestTransactionCoordinator_VerifyFeesShouldErrMaxDeveloperFeesExceeded
=== CONT  TestTransactionCoordinator_AddIntermediateTransactions
=== CONT  TestTransactionCoordinator_VerifyFeesShouldErrMaxAccumulatedFeesExceeded
=== CONT  TestTxTypeHandler_ComputeTransactionTypeForSCRCallBack
=== CONT  TestTransactionCoordinator_VerifyFeesShouldErrMissingTransaction
=== CONT  TestTxTypeHandler_ComputeTransactionTypeRelayedV3
=== CONT  TestTransactionCoordinator_CheckGasProvidedByMiniBlockInReceiverShardShouldWork
--- PASS: TestTxTypeHandler_ComputeTransactionTypeRelayedV3 (0.00s)
=== CONT  TestTransactionCoordinator_CreateMarshalizedDataNilBody
--- PASS: TestTransactionCoordinator_CreateMarshalizedDataNilBody (0.00s)
=== CONT  TestTransactionCoordinator_CreateMbsAndProcessTransactionsFromMe
--- PASS: TestTransactionCoordinator_CreateMbsAndProcessTransactionsFromMe (0.00s)
=== CONT  TestTransactionCoordinator_CreateBlockStarted
--- PASS: TestTransactionCoordinator_CreateBlockStarted (0.00s)
=== CONT  TestTransactionCoordinator_CreateMbsAndProcessTransactionsFromMeNoSpace
[0;31mERROR[0m[2026-03-16 10:14:04.986]   Could not create a real [SortedTransactionsProvider], will create a disabled one 
--- PASS: TestTransactionCoordinator_CreateMbsAndProcessTransactionsFromMeNoSpace (0.00s)
=== CONT  TestTransactionCoordinator_SeparateBody
--- PASS: TestTransactionCoordinator_SeparateBody (0.00s)
=== CONT  TestTransactionCoordinator_CreateMbsAndProcessTransactionsFromMeNoTime
[0;31mERROR[0m[2026-03-16 10:14:04.986]   Could not create a real [SortedTransactionsProvider], will create a disabled one 
--- PASS: TestTransactionCoordinator_CreateMbsAndProcessTransactionsFromMeNoTime (0.00s)
=== CONT  TestTransactionCoordinator_GetAllCurrentLogs
--- PASS: TestTransactionCoordinator_GetAllCurrentLogs (0.00s)
=== CONT  TestTransactionCoordinator_CreateMbsAndProcessTransactionsFromMeNothingToProcess
[0;31mERROR[0m[2026-03-16 10:14:04.986]   Could not create a real [SortedTransactionsProvider], will create a disabled one 
--- PASS: TestTransactionCoordinator_CreateMbsAndProcessTransactionsFromMeNothingToProcess (0.00s)
=== CONT  TestNewTransactionCoordinator_OK
--- PASS: TestNewTransactionCoordinator_OK (0.00s)
=== CONT  TestTransactionCoordinator_CreateMbsAndProcessCrossShardTransactionsNilPreProcessor
[0;33mWARN [0m[2026-03-16 10:14:04.987]   transactionCoordinator.requestMissingMiniBlocksAndTransactions: getPreProcessor [0;33mmb type[0m = 254 [0;33merror[0m = preprocessor is nil 
--- PASS: TestTransactionCoordinator_CreateMbsAndProcessCrossShardTransactionsNilPreProcessor (0.00s)
=== CONT  TestNewTransactionCoordinator_NilProcessedMiniBlocksTracker
--- PASS: TestNewTransactionCoordinator_NilProcessedMiniBlocksTracker (0.00s)
=== CONT  TestTransactionCoordinator_CreateMbsAndProcessCrossShardTransactionsWithSkippedShard
--- PASS: TestTransactionCoordinator_CreateMbsAndProcessCrossShardTransactionsWithSkippedShard (0.00s)
=== CONT  TestNewTransactionCoordinator_NilDoubleTransactionsDetector
--- PASS: TestNewTransactionCoordinator_NilDoubleTransactionsDetector (0.00s)
=== CONT  TestNewTransactionCoordinator_NilScheduledTxsExecutionHandler
--- PASS: TestNewTransactionCoordinator_NilScheduledTxsExecutionHandler (0.00s)
=== CONT  TestTransactionCoordinator_CreateMbsAndProcessCrossShardTransactions
--- PASS: TestTransactionCoordinator_CreateMbsAndProcessCrossShardTransactions (0.00s)
=== CONT  TestNewTransactionCoordinator_InvalidEnableEpochsHandler
--- PASS: TestNewTransactionCoordinator_InvalidEnableEpochsHandler (0.00s)
=== CONT  TestTransactionCoordinator_CreateMbsAndProcessCrossShardTransactionsNothingInPool
--- PASS: TestTransactionCoordinator_CreateMbsAndProcessCrossShardTransactionsNothingInPool (0.00s)
=== CONT  TestNewTransactionCoordinator_NilEnableEpochsHandler
--- PASS: TestNewTransactionCoordinator_NilEnableEpochsHandler (0.00s)
=== CONT  TestTransactionCoordinator_CreateMbsAndProcessCrossShardTransactionsDstMeNoTime
--- PASS: TestTransactionCoordinator_CreateMbsAndProcessCrossShardTransactionsDstMeNoTime (0.00s)
=== CONT  TestTransactionCoordinator_CreateMbsAndProcessCrossShardTransactionsDstMeNilHeader
[0;33mWARN [0m[2026-03-16 10:14:04.988]   transactionCoordinator.CreateMbsAndProcessCrossShardTransactionsDstMe header is nil 
--- PASS: TestTransactionCoordinator_CreateMbsAndProcessCrossShardTransactionsDstMeNilHeader (0.00s)
=== CONT  TestNewTransactionCoordinator_NilTxLogsProcessor
--- PASS: TestNewTransactionCoordinator_NilTxLogsProcessor (0.00s)
=== CONT  TestNewTransactionCoordinator_NilRequestHandler
--- PASS: TestNewTransactionCoordinator_NilRequestHandler (0.00s)
=== CONT  TestNewTransactionCoordinator_NilTxTypeHandler
--- PASS: TestNewTransactionCoordinator_NilTxTypeHandler (0.00s)
=== CONT  TestNewTransactionCoordinator_NilBalanceComputation
--- PASS: TestNewTransactionCoordinator_NilBalanceComputation (0.00s)
=== CONT  TestNewTransactionCoordinator_NilGasHandler
--- PASS: TestNewTransactionCoordinator_NilGasHandler (0.00s)
=== CONT  TestNewTransactionCoordinator_NilInterProcessor
--- PASS: TestNewTransactionCoordinator_NilInterProcessor (0.00s)
=== CONT  TestNewTransactionCoordinator_NilBlockSizeComputation
--- PASS: TestNewTransactionCoordinator_NilBlockSizeComputation (0.00s)
=== CONT  TestNewTransactionCoordinator_NilPreProcessor
--- PASS: TestNewTransactionCoordinator_NilPreProcessor (0.00s)
=== CONT  TestNewTransactionCoordinator_NilFeeAccumulator
--- PASS: TestNewTransactionCoordinator_NilFeeAccumulator (0.00s)
=== CONT  TestNewTransactionCoordinator_NilMarshalizer
--- PASS: TestNewTransactionCoordinator_NilMarshalizer (0.00s)
=== CONT  TestNewTransactionCoordinator_NilHasher
--- PASS: TestNewTransactionCoordinator_NilHasher (0.00s)
=== CONT  TestNewTransactionCoordinator_NilDataPool
--- PASS: TestNewTransactionCoordinator_NilDataPool (0.00s)
=== CONT  TestNewTransactionCoordinator_NilAccountsStub
--- PASS: TestTransactionCoordinator_CreateMbsAndProcessTransactionsFromMeMultipleMiniblocks (0.00s)
=== CONT  TestNewTransactionCoordinator_NilShardCoordinator
--- PASS: TestNewTransactionCoordinator_NilShardCoordinator (0.00s)
=== CONT  TestPrintDoubleTransactionsDetector_ProcessBlockBody
=== RUN   TestPrintDoubleTransactionsDetector_ProcessBlockBody/nil_block_body
=== PAUSE TestPrintDoubleTransactionsDetector_ProcessBlockBody/nil_block_body
=== RUN   TestPrintDoubleTransactionsDetector_ProcessBlockBody/empty_block_body
=== PAUSE TestPrintDoubleTransactionsDetector_ProcessBlockBody/empty_block_body
=== RUN   TestPrintDoubleTransactionsDetector_ProcessBlockBody/no_doubled_transactions
=== PAUSE TestPrintDoubleTransactionsDetector_ProcessBlockBody/no_doubled_transactions
=== RUN   TestPrintDoubleTransactionsDetector_ProcessBlockBody/doubled_transactions_in_different_miniblocks_but_feature_not_active
=== PAUSE TestPrintDoubleTransactionsDetector_ProcessBlockBody/doubled_transactions_in_different_miniblocks_but_feature_not_active
=== RUN   TestPrintDoubleTransactionsDetector_ProcessBlockBody/doubled_transactions_in_different_miniblocks
=== PAUSE TestPrintDoubleTransactionsDetector_ProcessBlockBody/doubled_transactions_in_different_miniblocks
=== RUN   TestPrintDoubleTransactionsDetector_ProcessBlockBody/doubled_transactions_in_same_miniblock
=== PAUSE TestPrintDoubleTransactionsDetector_ProcessBlockBody/doubled_transactions_in_same_miniblock
=== CONT  TestNewPrintDoubleTransactionsDetector/nil_marshaller_should_error
=== CONT  TestNewPrintDoubleTransactionsDetector/invalid_enable_epochs_handler_should_error
=== CONT  TestNewPrintDoubleTransactionsDetector/should_work
=== CONT  TestTransactionCoordinator_getIndexesOfLastTxProcessed/calculating_hash_error_should_not_get_indexes
=== CONT  TestTransactionCoordinator_getIndexesOfLastTxProcessed/should_get_indexes
--- PASS: TestTransactionCoordinator_getIndexesOfLastTxProcessed (0.00s)
    --- PASS: TestTransactionCoordinator_getIndexesOfLastTxProcessed/calculating_hash_error_should_not_get_indexes (0.00s)
    --- PASS: TestTransactionCoordinator_getIndexesOfLastTxProcessed/should_get_indexes (0.00s)
=== CONT  TestNewPrintDoubleTransactionsDetector/nil_enable_epochs_handler_should_error
=== CONT  TestNewPrintDoubleTransactionsDetector/nil_hasher_should_error
--- PASS: TestNewPrintDoubleTransactionsDetector (0.00s)
    --- PASS: TestNewPrintDoubleTransactionsDetector/nil_marshaller_should_error (0.00s)
    --- PASS: TestNewPrintDoubleTransactionsDetector/invalid_enable_epochs_handler_should_error (0.00s)
    --- PASS: TestNewPrintDoubleTransactionsDetector/should_work (0.00s)
    --- PASS: TestNewPrintDoubleTransactionsDetector/nil_enable_epochs_handler_should_error (0.00s)
    --- PASS: TestNewPrintDoubleTransactionsDetector/nil_hasher_should_error (0.00s)
=== CONT  TestTransactionCoordinator_getFinalCrossMiniBlockInfos/scheduledMiniBlocks_flag_not_set
=== CONT  TestTransactionCoordinator_getFinalCrossMiniBlockInfos/should_work,_miniblocks_info_found_for_final_miniBlock_header
--- PASS: TestTransactionCoordinator_getFinalCrossMiniBlockInfos (0.00s)
    --- PASS: TestTransactionCoordinator_getFinalCrossMiniBlockInfos/scheduledMiniBlocks_flag_not_set (0.00s)
    --- PASS: TestTransactionCoordinator_getFinalCrossMiniBlockInfos/should_work,_miniblocks_info_found_for_final_miniBlock_header (0.00s)
=== CONT  TestPrintDoubleTransactionsDetector_ProcessBlockBody/nil_block_body
=== CONT  TestPrintDoubleTransactionsDetector_ProcessBlockBody/doubled_transactions_in_same_miniblock
=== CONT  TestPrintDoubleTransactionsDetector_ProcessBlockBody/doubled_transactions_in_different_miniblocks
=== CONT  TestPrintDoubleTransactionsDetector_ProcessBlockBody/doubled_transactions_in_different_miniblocks_but_feature_not_active
=== CONT  TestPrintDoubleTransactionsDetector_ProcessBlockBody/no_doubled_transactions
=== CONT  TestPrintDoubleTransactionsDetector_ProcessBlockBody/empty_block_body
--- PASS: TestPrintDoubleTransactionsDetector_ProcessBlockBody (0.00s)
    --- PASS: TestPrintDoubleTransactionsDetector_ProcessBlockBody/nil_block_body (0.00s)
    --- PASS: TestPrintDoubleTransactionsDetector_ProcessBlockBody/doubled_transactions_in_same_miniblock (0.00s)
    --- PASS: TestPrintDoubleTransactionsDetector_ProcessBlockBody/doubled_transactions_in_different_miniblocks (0.00s)
    --- PASS: TestPrintDoubleTransactionsDetector_ProcessBlockBody/doubled_transactions_in_different_miniblocks_but_feature_not_active (0.00s)
    --- PASS: TestPrintDoubleTransactionsDetector_ProcessBlockBody/no_doubled_transactions (0.00s)
    --- PASS: TestPrintDoubleTransactionsDetector_ProcessBlockBody/empty_block_body (0.00s)
--- PASS: TestTransactionCoordinator_VerifyFeesShouldErrMissingTransaction (0.00s)
--- PASS: TestTransactionCoordinator_CreateMbsAndProcessTransactionsFromMeMultipleMiniblocksShouldApplyGasLimit (0.01s)
--- PASS: TestTxTypeHandler_ComputeTransactionTypeForSCRCallBack (0.00s)
=== CONT  TestNewTransactionCoordinator_TxLogProcessor
--- PASS: TestNewTransactionCoordinator_TxLogProcessor (0.00s)
--- PASS: TestNewTransactionCoordinator_NilAccountsStub (0.00s)
--- PASS: TestTransactionCoordinator_VerifyFeesShouldErrMaxDeveloperFeesExceededWhenScheduledFeesAreNotAdded (0.01s)
--- PASS: TestTransactionCoordinator_VerifyFeesShouldErrMaxAccumulatedFeesExceededWhenScheduledFeesAreNotAdded (0.01s)
--- PASS: TestTransactionCoordinator_VerifyFeesShouldWork (0.01s)
=== RUN   TestTransactionCoordinator_AddIntermediateTransactions/nil_interim_processor
=== PAUSE TestTransactionCoordinator_AddIntermediateTransactions/nil_interim_processor
=== RUN   TestTransactionCoordinator_AddIntermediateTransactions/failed_to_add_intermediate_transactions
=== PAUSE TestTransactionCoordinator_AddIntermediateTransactions/failed_to_add_intermediate_transactions
=== RUN   TestTransactionCoordinator_AddIntermediateTransactions/should_work
=== PAUSE TestTransactionCoordinator_AddIntermediateTransactions/should_work
=== CONT  TestTransactionCoordinator_AddIntermediateTransactions/nil_interim_processor
=== CONT  TestTransactionCoordinator_AddIntermediateTransactions/should_work
=== CONT  TestTransactionCoordinator_AddIntermediateTransactions/failed_to_add_intermediate_transactions
--- PASS: TestTransactionCoordinator_AddIntermediateTransactions (0.01s)
    --- PASS: TestTransactionCoordinator_AddIntermediateTransactions/nil_interim_processor (0.00s)
    --- PASS: TestTransactionCoordinator_AddIntermediateTransactions/should_work (0.00s)
    --- PASS: TestTransactionCoordinator_AddIntermediateTransactions/failed_to_add_intermediate_transactions (0.00s)
--- PASS: TestTransactionCoordinator_CompactAndExpandMiniblocksShouldWork (0.02s)
--- PASS: TestTransactionCoordinator_VerifyFeesShouldErrMaxAccumulatedFeesExceeded (0.01s)
--- PASS: TestTransactionCoordinator_GetMaxAccumulatedAndDeveloperFeesShouldErr (0.01s)
--- PASS: TestTransactionCoordinator_CheckGasProvidedByMiniBlockInReceiverShardShouldWork (0.01s)
--- PASS: TestTransactionCoordinator_VerifyFeesShouldErrMaxDeveloperFeesExceeded (0.01s)
--- PASS: TestTransactionCoordinator_RequestBlockTransactionsRequestOne (1.00s)
--- PASS: TestTransactionCoordinator_RequestMiniblocks (2.00s)
PASS
ok  	github.com/TerraDharitri/drt-go-chain/process/coordinator	(cached)
=== RUN   TestNewDisabledTxValidator
=== PAUSE TestNewDisabledTxValidator
=== RUN   TestDisabledTxValidator_MethodsShouldNotPanic
=== PAUSE TestDisabledTxValidator_MethodsShouldNotPanic
=== RUN   TestNewTxValidator_NilAccountsShouldErr
=== PAUSE TestNewTxValidator_NilAccountsShouldErr
=== RUN   TestNewTxValidator_NilShardCoordinatorShouldErr
=== PAUSE TestNewTxValidator_NilShardCoordinatorShouldErr
=== RUN   TestTxValidator_NewValidatorNilWhiteListHandlerShouldErr
=== PAUSE TestTxValidator_NewValidatorNilWhiteListHandlerShouldErr
=== RUN   TestNewTxValidator_NilPubkeyConverterShouldErr
=== PAUSE TestNewTxValidator_NilPubkeyConverterShouldErr
=== RUN   TestNewTxValidator_NilTxVersionCheckerShouldErr
=== PAUSE TestNewTxValidator_NilTxVersionCheckerShouldErr
=== RUN   TestNewTxValidator_ShouldWork
=== PAUSE TestNewTxValidator_ShouldWork
=== RUN   TestTxValidator_CheckTxValidityTxCrossShardShouldWork
=== PAUSE TestTxValidator_CheckTxValidityTxCrossShardShouldWork
=== RUN   TestTxValidator_CheckTxValidityAccountNonceIsGreaterThanTxNonceShouldReturnFalse
=== PAUSE TestTxValidator_CheckTxValidityAccountNonceIsGreaterThanTxNonceShouldReturnFalse
=== RUN   TestTxValidator_CheckTxValidityTxNonceIsTooHigh
=== PAUSE TestTxValidator_CheckTxValidityTxNonceIsTooHigh
=== RUN   TestTxValidator_CheckTxValidityAccountBalanceIsLessThanTxTotalValueShouldReturnFalse
=== PAUSE TestTxValidator_CheckTxValidityAccountBalanceIsLessThanTxTotalValueShouldReturnFalse
=== RUN   TestTxValidator_CheckTxValidityAccountNotExitsShouldReturnFalse
=== PAUSE TestTxValidator_CheckTxValidityAccountNotExitsShouldReturnFalse
=== RUN   TestTxValidator_CheckTxValidityAccountNotExitsButWhiteListedShouldReturnTrue
=== PAUSE TestTxValidator_CheckTxValidityAccountNotExitsButWhiteListedShouldReturnTrue
=== RUN   TestTxValidator_CheckTxValidityWrongAccountTypeShouldReturnFalse
=== PAUSE TestTxValidator_CheckTxValidityWrongAccountTypeShouldReturnFalse
=== RUN   TestTxValidator_CheckTxValidityTxIsOkShouldReturnTrue
=== PAUSE TestTxValidator_CheckTxValidityTxIsOkShouldReturnTrue
=== RUN   Test_getTxData
=== RUN   Test_getTxData/nil_tx_in_intercepted_tx_returns_error
=== RUN   Test_getTxData/non_nil_intercepted_tx_without_data
=== RUN   Test_getTxData/non_nil_intercepted_tx_with_data
--- PASS: Test_getTxData (0.00s)
    --- PASS: Test_getTxData/nil_tx_in_intercepted_tx_returns_error (0.00s)
    --- PASS: Test_getTxData/non_nil_intercepted_tx_without_data (0.00s)
    --- PASS: Test_getTxData/non_nil_intercepted_tx_with_data (0.00s)
=== RUN   TestTxValidator_IsInterfaceNil
=== PAUSE TestTxValidator_IsInterfaceNil
=== CONT  TestNewDisabledTxValidator
--- PASS: TestNewDisabledTxValidator (0.00s)
=== CONT  TestTxValidator_CheckTxValidityTxIsOkShouldReturnTrue
--- PASS: TestTxValidator_CheckTxValidityTxIsOkShouldReturnTrue (0.00s)
=== CONT  TestTxValidator_CheckTxValidityWrongAccountTypeShouldReturnFalse
--- PASS: TestTxValidator_CheckTxValidityWrongAccountTypeShouldReturnFalse (0.00s)
=== CONT  TestTxValidator_CheckTxValidityAccountNotExitsButWhiteListedShouldReturnTrue
--- PASS: TestTxValidator_CheckTxValidityAccountNotExitsButWhiteListedShouldReturnTrue (0.00s)
=== CONT  TestTxValidator_CheckTxValidityAccountNotExitsShouldReturnFalse
--- PASS: TestTxValidator_CheckTxValidityAccountNotExitsShouldReturnFalse (0.00s)
=== CONT  TestTxValidator_CheckTxValidityAccountBalanceIsLessThanTxTotalValueShouldReturnFalse
=== RUN   TestTxValidator_CheckTxValidityAccountBalanceIsLessThanTxTotalValueShouldReturnFalse/normal_tx_should_return_false_for_sender
=== PAUSE TestTxValidator_CheckTxValidityAccountBalanceIsLessThanTxTotalValueShouldReturnFalse/normal_tx_should_return_false_for_sender
=== RUN   TestTxValidator_CheckTxValidityAccountBalanceIsLessThanTxTotalValueShouldReturnFalse/relayed_tx_v3_should_return_false_for_relayer
=== PAUSE TestTxValidator_CheckTxValidityAccountBalanceIsLessThanTxTotalValueShouldReturnFalse/relayed_tx_v3_should_return_false_for_relayer
=== CONT  TestTxValidator_CheckTxValidityAccountBalanceIsLessThanTxTotalValueShouldReturnFalse/normal_tx_should_return_false_for_sender
=== CONT  TestTxValidator_IsInterfaceNil
--- PASS: TestTxValidator_IsInterfaceNil (0.00s)
=== CONT  TestTxValidator_CheckTxValidityAccountBalanceIsLessThanTxTotalValueShouldReturnFalse/relayed_tx_v3_should_return_false_for_relayer
--- PASS: TestTxValidator_CheckTxValidityAccountBalanceIsLessThanTxTotalValueShouldReturnFalse (0.00s)
    --- PASS: TestTxValidator_CheckTxValidityAccountBalanceIsLessThanTxTotalValueShouldReturnFalse/normal_tx_should_return_false_for_sender (0.00s)
    --- PASS: TestTxValidator_CheckTxValidityAccountBalanceIsLessThanTxTotalValueShouldReturnFalse/relayed_tx_v3_should_return_false_for_relayer (0.00s)
=== CONT  TestNewTxValidator_NilTxVersionCheckerShouldErr
--- PASS: TestNewTxValidator_NilTxVersionCheckerShouldErr (0.00s)
=== CONT  TestTxValidator_CheckTxValidityTxNonceIsTooHigh
--- PASS: TestTxValidator_CheckTxValidityTxNonceIsTooHigh (0.00s)
=== CONT  TestTxValidator_CheckTxValidityAccountNonceIsGreaterThanTxNonceShouldReturnFalse
--- PASS: TestTxValidator_CheckTxValidityAccountNonceIsGreaterThanTxNonceShouldReturnFalse (0.00s)
=== CONT  TestTxValidator_CheckTxValidityTxCrossShardShouldWork
--- PASS: TestTxValidator_CheckTxValidityTxCrossShardShouldWork (0.00s)
=== CONT  TestNewTxValidator_ShouldWork
--- PASS: TestNewTxValidator_ShouldWork (0.00s)
=== CONT  TestNewTxValidator_NilShardCoordinatorShouldErr
--- PASS: TestNewTxValidator_NilShardCoordinatorShouldErr (0.00s)
=== CONT  TestNewTxValidator_NilPubkeyConverterShouldErr
--- PASS: TestNewTxValidator_NilPubkeyConverterShouldErr (0.00s)
=== CONT  TestTxValidator_NewValidatorNilWhiteListHandlerShouldErr
--- PASS: TestTxValidator_NewValidatorNilWhiteListHandlerShouldErr (0.00s)
=== CONT  TestNewTxValidator_NilAccountsShouldErr
--- PASS: TestNewTxValidator_NilAccountsShouldErr (0.00s)
=== CONT  TestDisabledTxValidator_MethodsShouldNotPanic
--- PASS: TestDisabledTxValidator_MethodsShouldNotPanic (0.00s)
PASS
ok  	github.com/TerraDharitri/drt-go-chain/process/dataValidators	(cached)
=== RUN   TestGlobalSettingsHandler_maxInflationRate
=== PAUSE TestGlobalSettingsHandler_maxInflationRate
=== RUN   TestGlobalSettingsMaxInflation
--- PASS: TestGlobalSettingsMaxInflation (0.00s)
=== RUN   TestGlobalSettingsMaxInflationRate_withSupply
--- PASS: TestGlobalSettingsMaxInflationRate_withSupply (0.00s)
=== RUN   TestNewAPIEconomicsData
=== PAUSE TestNewAPIEconomicsData
=== RUN   TestApiEconomicsData_CheckValidityTxValues
=== PAUSE TestApiEconomicsData_CheckValidityTxValues
=== RUN   TestNewEconomicsData_NilOrEmptyEpochRewardsConfigShouldErr
=== PAUSE TestNewEconomicsData_NilOrEmptyEpochRewardsConfigShouldErr
=== RUN   TestNewEconomicsData_NilOrEmptyYearSettingsShouldErr
=== PAUSE TestNewEconomicsData_NilOrEmptyYearSettingsShouldErr
=== RUN   TestNewEconomicsData_NilOrEmptyGasLimitSettingsShouldErr
=== PAUSE TestNewEconomicsData_NilOrEmptyGasLimitSettingsShouldErr
=== RUN   TestNewEconomicsData_InvalidMaxGasLimitPerBlockShouldErr
=== PAUSE TestNewEconomicsData_InvalidMaxGasLimitPerBlockShouldErr
=== RUN   TestNewEconomicsData_InvalidMaxGasLimitPerMiniBlockShouldErr
=== PAUSE TestNewEconomicsData_InvalidMaxGasLimitPerMiniBlockShouldErr
=== RUN   TestNewEconomicsData_InvalidMaxGasLimitPerMetaBlockShouldErr
=== PAUSE TestNewEconomicsData_InvalidMaxGasLimitPerMetaBlockShouldErr
=== RUN   TestNewEconomicsData_InvalidMaxGasLimitPerMetaMiniBlockShouldErr
=== PAUSE TestNewEconomicsData_InvalidMaxGasLimitPerMetaMiniBlockShouldErr
=== RUN   TestNewEconomicsData_InvalidMaxGasLimitPerTxShouldErr
=== PAUSE TestNewEconomicsData_InvalidMaxGasLimitPerTxShouldErr
=== RUN   TestNewEconomicsData_InvalidMinGasPriceShouldErr
=== PAUSE TestNewEconomicsData_InvalidMinGasPriceShouldErr
=== RUN   TestNewEconomicsData_InvalidMinGasLimitShouldErr
=== PAUSE TestNewEconomicsData_InvalidMinGasLimitShouldErr
=== RUN   TestNewEconomicsData_InvalidLeaderPercentageShouldErr
=== PAUSE TestNewEconomicsData_InvalidLeaderPercentageShouldErr
=== RUN   TestNewEconomicsData_InvalidMinimumInflationShouldErr
=== PAUSE TestNewEconomicsData_InvalidMinimumInflationShouldErr
=== RUN   TestNewEconomicsData_InvalidMaximumInflationShouldErr
=== PAUSE TestNewEconomicsData_InvalidMaximumInflationShouldErr
=== RUN   TestNewEconomicsData_InvalidGasPriceModifierShouldErr
=== PAUSE TestNewEconomicsData_InvalidGasPriceModifierShouldErr
=== RUN   TestNewEconomicsData_InvalidExtraGasLimitGuardedTxShouldErr
=== PAUSE TestNewEconomicsData_InvalidExtraGasLimitGuardedTxShouldErr
=== RUN   TestNewEconomicsData_InvalidMaxGasHigherFactorAccepted
=== PAUSE TestNewEconomicsData_InvalidMaxGasHigherFactorAccepted
=== RUN   TestNewEconomicsData_MaxGasLimitPerBlockLowerThanMinGasLimitShouldErr
=== PAUSE TestNewEconomicsData_MaxGasLimitPerBlockLowerThanMinGasLimitShouldErr
=== RUN   TestNewEconomicsData_MaxGasLimitPerMiniBlockLowerThanMinGasLimitShouldErr
=== PAUSE TestNewEconomicsData_MaxGasLimitPerMiniBlockLowerThanMinGasLimitShouldErr
=== RUN   TestNewEconomicsData_MaxGasLimitPerMetaBlockLowerThanMinGasLimitShouldErr
=== PAUSE TestNewEconomicsData_MaxGasLimitPerMetaBlockLowerThanMinGasLimitShouldErr
=== RUN   TestNewEconomicsData_MaxGasLimitPerMetaMiniBlockLowerThanMinGasLimitShouldErr
=== PAUSE TestNewEconomicsData_MaxGasLimitPerMetaMiniBlockLowerThanMinGasLimitShouldErr
=== RUN   TestNewEconomicsData_MaxGasLimitPerTxLowerThanMinGasLimitShouldErr
=== PAUSE TestNewEconomicsData_MaxGasLimitPerTxLowerThanMinGasLimitShouldErr
=== RUN   TestNewEconomicsData_InvalidGasPerDataByteShouldErr
=== PAUSE TestNewEconomicsData_InvalidGasPerDataByteShouldErr
=== RUN   TestNewEconomicsData_InvalidMaxGasPriceSetGuardianShouldErr
=== PAUSE TestNewEconomicsData_InvalidMaxGasPriceSetGuardianShouldErr
=== RUN   TestNewEconomicsData_InvalidGenesisTotalSupplyShouldErr
=== PAUSE TestNewEconomicsData_InvalidGenesisTotalSupplyShouldErr
=== RUN   TestNewEconomicsData_InvalidProtocolSustainabilityAddressShouldErr
=== PAUSE TestNewEconomicsData_InvalidProtocolSustainabilityAddressShouldErr
=== RUN   TestNewEconomicsData_InvalidTopUpGradientPointShouldErr
=== PAUSE TestNewEconomicsData_InvalidTopUpGradientPointShouldErr
=== RUN   TestNewEconomicsData_NilTxVersionCheckerShouldErr
=== PAUSE TestNewEconomicsData_NilTxVersionCheckerShouldErr
=== RUN   TestNewEconomicsData_NilEpochNotifierShouldErr
=== PAUSE TestNewEconomicsData_NilEpochNotifierShouldErr
=== RUN   TestNewEconomicsData_NilEnableEpochsHandlerShouldErr
=== PAUSE TestNewEconomicsData_NilEnableEpochsHandlerShouldErr
=== RUN   TestNewEconomicsData_InvalidEnableEpochsHandlerShouldErr
=== PAUSE TestNewEconomicsData_InvalidEnableEpochsHandlerShouldErr
=== RUN   TestNewEconomicsData_NilPubkeyConverter
=== PAUSE TestNewEconomicsData_NilPubkeyConverter
=== RUN   TestNewEconomicsData_NilShardCoordinator
=== PAUSE TestNewEconomicsData_NilShardCoordinator
=== RUN   TestEconomicsData_InvalidProtocolSustainabilityAddressShouldError
=== RUN   TestEconomicsData_InvalidProtocolSustainabilityAddressShouldError/empty_address
=== PAUSE TestEconomicsData_InvalidProtocolSustainabilityAddressShouldError/empty_address
=== RUN   TestEconomicsData_InvalidProtocolSustainabilityAddressShouldError/invalid_address
=== PAUSE TestEconomicsData_InvalidProtocolSustainabilityAddressShouldError/invalid_address
=== RUN   TestEconomicsData_InvalidProtocolSustainabilityAddressShouldError/meta_address
=== PAUSE TestEconomicsData_InvalidProtocolSustainabilityAddressShouldError/meta_address
=== CONT  TestEconomicsData_InvalidProtocolSustainabilityAddressShouldError/empty_address
=== CONT  TestEconomicsData_InvalidProtocolSustainabilityAddressShouldError/meta_address
=== CONT  TestEconomicsData_InvalidProtocolSustainabilityAddressShouldError/invalid_address
[0;33mWARN [0m[2026-03-16 10:14:05.108]   invalid reward address                   [0;33merr[0m = invalid bech32 string length 3 [0;33mprovided address[0m = xyz 
--- PASS: TestEconomicsData_InvalidProtocolSustainabilityAddressShouldError (0.00s)
    --- PASS: TestEconomicsData_InvalidProtocolSustainabilityAddressShouldError/meta_address (0.00s)
    --- PASS: TestEconomicsData_InvalidProtocolSustainabilityAddressShouldError/invalid_address (0.00s)
    --- PASS: TestEconomicsData_InvalidProtocolSustainabilityAddressShouldError/empty_address (0.00s)
=== RUN   TestNewEconomicsData_ShouldWork
=== PAUSE TestNewEconomicsData_ShouldWork
=== RUN   TestEconomicsData_LeaderPercentage
=== PAUSE TestEconomicsData_LeaderPercentage
=== RUN   TestEconomicsData_ComputeMoveBalanceFeeNoTxData
=== PAUSE TestEconomicsData_ComputeMoveBalanceFeeNoTxData
=== RUN   TestEconomicsData_ComputeMoveBalanceFeeWithTxData
=== PAUSE TestEconomicsData_ComputeMoveBalanceFeeWithTxData
=== RUN   TestEconomicsData_ComputeTxFeeShouldWork
=== PAUSE TestEconomicsData_ComputeTxFeeShouldWork
=== RUN   TestEconomicsData_ConfirmedEpochRewardsSettingsChangeOrderedConfigs
=== PAUSE TestEconomicsData_ConfirmedEpochRewardsSettingsChangeOrderedConfigs
=== RUN   TestEconomicsData_ConfirmedGasLimitSettingsChangeOrderedConfigs
=== PAUSE TestEconomicsData_ConfirmedGasLimitSettingsChangeOrderedConfigs
=== RUN   TestEconomicsData_ConfirmedEpochRewardsSettingsChangeUnOrderedConfigs
=== PAUSE TestEconomicsData_ConfirmedEpochRewardsSettingsChangeUnOrderedConfigs
=== RUN   TestEconomicsData_ConfirmedGasLimitSettingsChangeUnOrderedConfigs
=== PAUSE TestEconomicsData_ConfirmedGasLimitSettingsChangeUnOrderedConfigs
=== RUN   TestEconomicsData_TxWithLowerGasPriceShouldErr
=== PAUSE TestEconomicsData_TxWithLowerGasPriceShouldErr
=== RUN   TestEconomicsData_TxWithLowerGasLimitShouldErr
=== PAUSE TestEconomicsData_TxWithLowerGasLimitShouldErr
=== RUN   TestEconomicsData_TxWithHigherGasLimitShouldErr
=== PAUSE TestEconomicsData_TxWithHigherGasLimitShouldErr
=== RUN   TestEconomicsData_TxWithWithMinGasPriceAndLimitShouldWork
=== PAUSE TestEconomicsData_TxWithWithMinGasPriceAndLimitShouldWork
=== RUN   TestEconomicsData_TxWithWithMoreGasLimitThanMaximumPerMiniBlockForSafeCrossShardShouldNotWork
=== PAUSE TestEconomicsData_TxWithWithMoreGasLimitThanMaximumPerMiniBlockForSafeCrossShardShouldNotWork
=== RUN   TestEconomicsData_TxWithWithMoreValueThanGenesisSupplyShouldError
=== PAUSE TestEconomicsData_TxWithWithMoreValueThanGenesisSupplyShouldError
=== RUN   TestEconomicsData_SCRWithNotEnoughMoveBalanceShouldNotError
=== PAUSE TestEconomicsData_SCRWithNotEnoughMoveBalanceShouldNotError
=== RUN   TestEconomicsData_MoveBalanceNoData
=== PAUSE TestEconomicsData_MoveBalanceNoData
=== RUN   TestEconomicsData_MoveBalanceWithData
=== PAUSE TestEconomicsData_MoveBalanceWithData
=== RUN   TestEconomicsData_ComputeGasUsedAndFeeBasedOnRefundValue
=== PAUSE TestEconomicsData_ComputeGasUsedAndFeeBasedOnRefundValue
=== RUN   TestEconomicsData_ComputeGasUsedAndFeeBasedOnRefundValueFeeMultiplier
=== PAUSE TestEconomicsData_ComputeGasUsedAndFeeBasedOnRefundValueFeeMultiplier
=== RUN   TestEconomicsData_ComputeTxFeeBasedOnGasUsed
=== PAUSE TestEconomicsData_ComputeTxFeeBasedOnGasUsed
=== RUN   TestEconomicsData_ComputeGasUsedAndFeeBasedOnRefundValueZero
=== PAUSE TestEconomicsData_ComputeGasUsedAndFeeBasedOnRefundValueZero
=== RUN   TestEconomicsData_ComputeGasUsedAndFeeBasedOnRefundValueCheckGasUsedValue
=== PAUSE TestEconomicsData_ComputeGasUsedAndFeeBasedOnRefundValueCheckGasUsedValue
=== RUN   TestEconomicsData_ComputeGasUsedAndFeeBasedOnRefundValueCheck
=== PAUSE TestEconomicsData_ComputeGasUsedAndFeeBasedOnRefundValueCheck
=== RUN   TestEconomicsData_ComputeGasUsedAndFeeBasedOnRefundValueSpecialBuiltIn_ToMuchGasProvided
=== PAUSE TestEconomicsData_ComputeGasUsedAndFeeBasedOnRefundValueSpecialBuiltIn_ToMuchGasProvided
=== RUN   TestEconomicsData_ComputeGasUsedAndFeeBasedOnRefundValueStakeTx
--- PASS: TestEconomicsData_ComputeGasUsedAndFeeBasedOnRefundValueStakeTx (0.00s)
=== RUN   TestEconomicsData_ComputeGasUsedAndFeeBasedOnRefundValueSpecialBuiltIn
=== PAUSE TestEconomicsData_ComputeGasUsedAndFeeBasedOnRefundValueSpecialBuiltIn
=== RUN   TestEconomicsData_ComputeGasUsedAndFeeBasedOnRefundValueSpecialBuiltInTooMuchGas
=== PAUSE TestEconomicsData_ComputeGasUsedAndFeeBasedOnRefundValueSpecialBuiltInTooMuchGas
=== RUN   TestEconomicsData_ComputeGasLimitBasedOnBalance
=== PAUSE TestEconomicsData_ComputeGasLimitBasedOnBalance
=== RUN   TestEconomicsData_MaxGasPriceSetGuardian
=== PAUSE TestEconomicsData_MaxGasPriceSetGuardian
=== RUN   TestEconomicsData_SetStatusHandler
=== PAUSE TestEconomicsData_SetStatusHandler
=== RUN   TestEconomicsData_MaxInflationRate
=== PAUSE TestEconomicsData_MaxInflationRate
=== RUN   TestEconomicsData_MinGasPrice
=== PAUSE TestEconomicsData_MinGasPrice
=== RUN   TestEconomicsData_MinGasPriceForProcessing
=== PAUSE TestEconomicsData_MinGasPriceForProcessing
=== RUN   TestEconomicsData_MinGasLimit
=== PAUSE TestEconomicsData_MinGasLimit
=== RUN   TestEconomicsData_ExtraGasLimitGuardedTx
=== PAUSE TestEconomicsData_ExtraGasLimitGuardedTx
=== RUN   TestEconomicsData_GasPerDataByte
=== PAUSE TestEconomicsData_GasPerDataByte
=== RUN   TestEconomicsData_ComputeFeeForProcessing
=== PAUSE TestEconomicsData_ComputeFeeForProcessing
=== RUN   TestEconomicsData_GasPriceForProcessing
=== PAUSE TestEconomicsData_GasPriceForProcessing
=== RUN   TestEconomicsData_MaxGasLimitPerBlock
=== PAUSE TestEconomicsData_MaxGasLimitPerBlock
=== RUN   TestEconomicsData_MaxGasLimitPerMiniBlock
=== PAUSE TestEconomicsData_MaxGasLimitPerMiniBlock
=== RUN   TestEconomicsData_MaxGasLimitPerBlockForSafeCrossShard
=== PAUSE TestEconomicsData_MaxGasLimitPerBlockForSafeCrossShard
=== RUN   TestEconomicsData_MaxGasLimitPerMiniBlockForSafeCrossShard
=== PAUSE TestEconomicsData_MaxGasLimitPerMiniBlockForSafeCrossShard
=== RUN   TestEconomicsData_MaxGasLimitPerTx
=== PAUSE TestEconomicsData_MaxGasLimitPerTx
=== RUN   TestEconomicsData_DeveloperPercentage
=== PAUSE TestEconomicsData_DeveloperPercentage
=== RUN   TestEconomicsData_ProtocolSustainabilityPercentage
=== PAUSE TestEconomicsData_ProtocolSustainabilityPercentage
=== RUN   TestEconomicsData_ProtocolSustainabilityAddress
=== PAUSE TestEconomicsData_ProtocolSustainabilityAddress
=== RUN   TestEconomicsData_RewardsTopUpGradientPoint
=== PAUSE TestEconomicsData_RewardsTopUpGradientPoint
=== RUN   TestEconomicsData_RewardsTopUpFactor
=== PAUSE TestEconomicsData_RewardsTopUpFactor
=== RUN   TestEconomicsData_RewardsSettingsGetters
=== PAUSE TestEconomicsData_RewardsSettingsGetters
=== CONT  TestGlobalSettingsHandler_maxInflationRate
--- PASS: TestGlobalSettingsHandler_maxInflationRate (0.00s)
=== CONT  TestEconomicsData_RewardsSettingsGetters
--- PASS: TestEconomicsData_RewardsSettingsGetters (0.00s)
=== CONT  TestEconomicsData_RewardsTopUpFactor
--- PASS: TestEconomicsData_RewardsTopUpFactor (0.00s)
=== CONT  TestEconomicsData_RewardsTopUpGradientPoint
--- PASS: TestEconomicsData_RewardsTopUpGradientPoint (0.00s)
=== CONT  TestEconomicsData_ProtocolSustainabilityAddress
--- PASS: TestEconomicsData_ProtocolSustainabilityAddress (0.00s)
=== CONT  TestEconomicsData_ProtocolSustainabilityPercentage
--- PASS: TestEconomicsData_ProtocolSustainabilityPercentage (0.00s)
=== CONT  TestEconomicsData_DeveloperPercentage
--- PASS: TestEconomicsData_DeveloperPercentage (0.00s)
=== CONT  TestEconomicsData_MaxGasLimitPerTx
--- PASS: TestEconomicsData_MaxGasLimitPerTx (0.00s)
=== CONT  TestEconomicsData_MaxGasLimitPerMiniBlockForSafeCrossShard
--- PASS: TestEconomicsData_MaxGasLimitPerMiniBlockForSafeCrossShard (0.00s)
=== CONT  TestEconomicsData_MaxGasLimitPerBlockForSafeCrossShard
--- PASS: TestEconomicsData_MaxGasLimitPerBlockForSafeCrossShard (0.00s)
=== CONT  TestEconomicsData_MaxGasLimitPerMiniBlock
--- PASS: TestEconomicsData_MaxGasLimitPerMiniBlock (0.00s)
=== CONT  TestEconomicsData_MaxGasLimitPerBlock
--- PASS: TestEconomicsData_MaxGasLimitPerBlock (0.00s)
=== CONT  TestEconomicsData_GasPriceForProcessing
--- PASS: TestEconomicsData_GasPriceForProcessing (0.00s)
=== CONT  TestEconomicsData_ComputeFeeForProcessing
--- PASS: TestEconomicsData_ComputeFeeForProcessing (0.00s)
=== CONT  TestEconomicsData_GasPerDataByte
--- PASS: TestEconomicsData_GasPerDataByte (0.00s)
=== CONT  TestEconomicsData_ExtraGasLimitGuardedTx
--- PASS: TestEconomicsData_ExtraGasLimitGuardedTx (0.00s)
=== CONT  TestEconomicsData_MinGasLimit
--- PASS: TestEconomicsData_MinGasLimit (0.00s)
=== CONT  TestEconomicsData_MinGasPriceForProcessing
--- PASS: TestEconomicsData_MinGasPriceForProcessing (0.00s)
=== CONT  TestEconomicsData_MinGasPrice
--- PASS: TestEconomicsData_MinGasPrice (0.00s)
=== CONT  TestEconomicsData_MaxInflationRate
--- PASS: TestEconomicsData_MaxInflationRate (0.00s)
=== CONT  TestEconomicsData_SetStatusHandler
=== RUN   TestEconomicsData_SetStatusHandler/nil_status_handler_should_error
=== PAUSE TestEconomicsData_SetStatusHandler/nil_status_handler_should_error
=== RUN   TestEconomicsData_SetStatusHandler/should_work
=== PAUSE TestEconomicsData_SetStatusHandler/should_work
=== CONT  TestEconomicsData_SetStatusHandler/nil_status_handler_should_error
=== CONT  TestEconomicsData_MaxGasPriceSetGuardian
--- PASS: TestEconomicsData_MaxGasPriceSetGuardian (0.00s)
=== CONT  TestEconomicsData_ComputeGasLimitBasedOnBalance
--- PASS: TestEconomicsData_ComputeGasLimitBasedOnBalance (0.00s)
=== CONT  TestEconomicsData_ComputeGasUsedAndFeeBasedOnRefundValueSpecialBuiltInTooMuchGas
--- PASS: TestEconomicsData_ComputeGasUsedAndFeeBasedOnRefundValueSpecialBuiltInTooMuchGas (0.00s)
=== CONT  TestEconomicsData_ComputeGasUsedAndFeeBasedOnRefundValueSpecialBuiltIn
--- PASS: TestEconomicsData_ComputeGasUsedAndFeeBasedOnRefundValueSpecialBuiltIn (0.00s)
=== CONT  TestEconomicsData_ComputeGasUsedAndFeeBasedOnRefundValueSpecialBuiltIn_ToMuchGasProvided
--- PASS: TestEconomicsData_ComputeGasUsedAndFeeBasedOnRefundValueSpecialBuiltIn_ToMuchGasProvided (0.00s)
=== CONT  TestEconomicsData_ComputeGasUsedAndFeeBasedOnRefundValueCheck
--- PASS: TestEconomicsData_ComputeGasUsedAndFeeBasedOnRefundValueCheck (0.00s)
=== CONT  TestEconomicsData_ComputeGasUsedAndFeeBasedOnRefundValueCheckGasUsedValue
--- PASS: TestEconomicsData_ComputeGasUsedAndFeeBasedOnRefundValueCheckGasUsedValue (0.00s)
=== CONT  TestEconomicsData_ComputeGasUsedAndFeeBasedOnRefundValueZero
--- PASS: TestEconomicsData_ComputeGasUsedAndFeeBasedOnRefundValueZero (0.00s)
=== CONT  TestEconomicsData_ComputeTxFeeBasedOnGasUsed
--- PASS: TestEconomicsData_ComputeTxFeeBasedOnGasUsed (0.00s)
=== CONT  TestEconomicsData_ComputeGasUsedAndFeeBasedOnRefundValueFeeMultiplier
--- PASS: TestEconomicsData_ComputeGasUsedAndFeeBasedOnRefundValueFeeMultiplier (0.00s)
=== CONT  TestEconomicsData_ComputeGasUsedAndFeeBasedOnRefundValue
--- PASS: TestEconomicsData_ComputeGasUsedAndFeeBasedOnRefundValue (0.00s)
=== CONT  TestEconomicsData_MoveBalanceWithData
--- PASS: TestEconomicsData_MoveBalanceWithData (0.00s)
=== CONT  TestEconomicsData_MoveBalanceNoData
--- PASS: TestEconomicsData_MoveBalanceNoData (0.00s)
=== CONT  TestEconomicsData_SCRWithNotEnoughMoveBalanceShouldNotError
--- PASS: TestEconomicsData_SCRWithNotEnoughMoveBalanceShouldNotError (0.00s)
=== CONT  TestEconomicsData_TxWithWithMoreValueThanGenesisSupplyShouldError
--- PASS: TestEconomicsData_TxWithWithMoreValueThanGenesisSupplyShouldError (0.00s)
=== CONT  TestEconomicsData_TxWithWithMoreGasLimitThanMaximumPerMiniBlockForSafeCrossShardShouldNotWork
=== RUN   TestEconomicsData_TxWithWithMoreGasLimitThanMaximumPerMiniBlockForSafeCrossShardShouldNotWork/maximum_gas_limit_as_defined_should_work
=== RUN   TestEconomicsData_TxWithWithMoreGasLimitThanMaximumPerMiniBlockForSafeCrossShardShouldNotWork/maximum_gas_limit_+_1_as_defined_should_error
=== RUN   TestEconomicsData_TxWithWithMoreGasLimitThanMaximumPerMiniBlockForSafeCrossShardShouldNotWork/maximum_gas_limit_-_1_as_defined_should_work
--- PASS: TestEconomicsData_TxWithWithMoreGasLimitThanMaximumPerMiniBlockForSafeCrossShardShouldNotWork (0.00s)
    --- PASS: TestEconomicsData_TxWithWithMoreGasLimitThanMaximumPerMiniBlockForSafeCrossShardShouldNotWork/maximum_gas_limit_as_defined_should_work (0.00s)
    --- PASS: TestEconomicsData_TxWithWithMoreGasLimitThanMaximumPerMiniBlockForSafeCrossShardShouldNotWork/maximum_gas_limit_+_1_as_defined_should_error (0.00s)
    --- PASS: TestEconomicsData_TxWithWithMoreGasLimitThanMaximumPerMiniBlockForSafeCrossShardShouldNotWork/maximum_gas_limit_-_1_as_defined_should_work (0.00s)
=== CONT  TestEconomicsData_TxWithWithMinGasPriceAndLimitShouldWork
--- PASS: TestEconomicsData_TxWithWithMinGasPriceAndLimitShouldWork (0.00s)
=== CONT  TestEconomicsData_TxWithHigherGasLimitShouldErr
--- PASS: TestEconomicsData_TxWithHigherGasLimitShouldErr (0.00s)
=== CONT  TestEconomicsData_TxWithLowerGasLimitShouldErr
--- PASS: TestEconomicsData_TxWithLowerGasLimitShouldErr (0.00s)
=== CONT  TestEconomicsData_TxWithLowerGasPriceShouldErr
--- PASS: TestEconomicsData_TxWithLowerGasPriceShouldErr (0.00s)
=== CONT  TestEconomicsData_ConfirmedGasLimitSettingsChangeUnOrderedConfigs
--- PASS: TestEconomicsData_ConfirmedGasLimitSettingsChangeUnOrderedConfigs (0.00s)
=== CONT  TestEconomicsData_ConfirmedEpochRewardsSettingsChangeUnOrderedConfigs
--- PASS: TestEconomicsData_ConfirmedEpochRewardsSettingsChangeUnOrderedConfigs (0.00s)
=== CONT  TestEconomicsData_ConfirmedGasLimitSettingsChangeOrderedConfigs
--- PASS: TestEconomicsData_ConfirmedGasLimitSettingsChangeOrderedConfigs (0.00s)
=== CONT  TestEconomicsData_ConfirmedEpochRewardsSettingsChangeOrderedConfigs
--- PASS: TestEconomicsData_ConfirmedEpochRewardsSettingsChangeOrderedConfigs (0.00s)
=== CONT  TestEconomicsData_ComputeTxFeeShouldWork
--- PASS: TestEconomicsData_ComputeTxFeeShouldWork (0.00s)
=== CONT  TestEconomicsData_ComputeMoveBalanceFeeWithTxData
--- PASS: TestEconomicsData_ComputeMoveBalanceFeeWithTxData (0.00s)
=== CONT  TestEconomicsData_ComputeMoveBalanceFeeNoTxData
--- PASS: TestEconomicsData_ComputeMoveBalanceFeeNoTxData (0.00s)
=== CONT  TestEconomicsData_LeaderPercentage
--- PASS: TestEconomicsData_LeaderPercentage (0.00s)
=== CONT  TestNewEconomicsData_ShouldWork
--- PASS: TestNewEconomicsData_ShouldWork (0.00s)
=== CONT  TestNewEconomicsData_NilShardCoordinator
--- PASS: TestNewEconomicsData_NilShardCoordinator (0.00s)
=== CONT  TestNewEconomicsData_NilPubkeyConverter
--- PASS: TestNewEconomicsData_NilPubkeyConverter (0.00s)
=== CONT  TestNewEconomicsData_InvalidEnableEpochsHandlerShouldErr
--- PASS: TestNewEconomicsData_InvalidEnableEpochsHandlerShouldErr (0.00s)
=== CONT  TestNewEconomicsData_NilEnableEpochsHandlerShouldErr
--- PASS: TestNewEconomicsData_NilEnableEpochsHandlerShouldErr (0.00s)
=== CONT  TestNewEconomicsData_NilEpochNotifierShouldErr
--- PASS: TestNewEconomicsData_NilEpochNotifierShouldErr (0.00s)
=== CONT  TestNewEconomicsData_NilTxVersionCheckerShouldErr
--- PASS: TestNewEconomicsData_NilTxVersionCheckerShouldErr (0.00s)
=== CONT  TestNewEconomicsData_InvalidTopUpGradientPointShouldErr
--- PASS: TestNewEconomicsData_InvalidTopUpGradientPointShouldErr (0.00s)
=== CONT  TestNewEconomicsData_InvalidProtocolSustainabilityAddressShouldErr
--- PASS: TestNewEconomicsData_InvalidProtocolSustainabilityAddressShouldErr (0.00s)
=== CONT  TestNewEconomicsData_InvalidGenesisTotalSupplyShouldErr
--- PASS: TestNewEconomicsData_InvalidGenesisTotalSupplyShouldErr (0.00s)
=== CONT  TestNewEconomicsData_InvalidMaxGasPriceSetGuardianShouldErr
--- PASS: TestNewEconomicsData_InvalidMaxGasPriceSetGuardianShouldErr (0.00s)
=== CONT  TestNewEconomicsData_InvalidGasPerDataByteShouldErr
--- PASS: TestNewEconomicsData_InvalidGasPerDataByteShouldErr (0.00s)
=== CONT  TestNewEconomicsData_MaxGasLimitPerTxLowerThanMinGasLimitShouldErr
--- PASS: TestNewEconomicsData_MaxGasLimitPerTxLowerThanMinGasLimitShouldErr (0.00s)
=== CONT  TestNewEconomicsData_MaxGasLimitPerMetaMiniBlockLowerThanMinGasLimitShouldErr
--- PASS: TestNewEconomicsData_MaxGasLimitPerMetaMiniBlockLowerThanMinGasLimitShouldErr (0.00s)
=== CONT  TestNewEconomicsData_MaxGasLimitPerMetaBlockLowerThanMinGasLimitShouldErr
--- PASS: TestNewEconomicsData_MaxGasLimitPerMetaBlockLowerThanMinGasLimitShouldErr (0.00s)
=== CONT  TestNewEconomicsData_MaxGasLimitPerMiniBlockLowerThanMinGasLimitShouldErr
--- PASS: TestNewEconomicsData_MaxGasLimitPerMiniBlockLowerThanMinGasLimitShouldErr (0.00s)
=== CONT  TestNewEconomicsData_MaxGasLimitPerBlockLowerThanMinGasLimitShouldErr
--- PASS: TestNewEconomicsData_MaxGasLimitPerBlockLowerThanMinGasLimitShouldErr (0.00s)
=== CONT  TestNewEconomicsData_InvalidMaxGasHigherFactorAccepted
--- PASS: TestNewEconomicsData_InvalidMaxGasHigherFactorAccepted (0.00s)
=== CONT  TestNewEconomicsData_InvalidExtraGasLimitGuardedTxShouldErr
--- PASS: TestNewEconomicsData_InvalidExtraGasLimitGuardedTxShouldErr (0.00s)
=== CONT  TestNewEconomicsData_InvalidGasPriceModifierShouldErr
--- PASS: TestNewEconomicsData_InvalidGasPriceModifierShouldErr (0.00s)
=== CONT  TestNewEconomicsData_InvalidMaximumInflationShouldErr
--- PASS: TestNewEconomicsData_InvalidMaximumInflationShouldErr (0.00s)
=== CONT  TestNewEconomicsData_InvalidMinimumInflationShouldErr
--- PASS: TestNewEconomicsData_InvalidMinimumInflationShouldErr (0.00s)
=== CONT  TestNewEconomicsData_InvalidLeaderPercentageShouldErr
--- PASS: TestNewEconomicsData_InvalidLeaderPercentageShouldErr (0.00s)
=== CONT  TestNewEconomicsData_InvalidMinGasLimitShouldErr
--- PASS: TestNewEconomicsData_InvalidMinGasLimitShouldErr (0.00s)
=== CONT  TestNewEconomicsData_InvalidMinGasPriceShouldErr
--- PASS: TestNewEconomicsData_InvalidMinGasPriceShouldErr (0.00s)
=== CONT  TestNewEconomicsData_InvalidMaxGasLimitPerTxShouldErr
--- PASS: TestNewEconomicsData_InvalidMaxGasLimitPerTxShouldErr (0.00s)
=== CONT  TestNewEconomicsData_InvalidMaxGasLimitPerMetaMiniBlockShouldErr
--- PASS: TestNewEconomicsData_InvalidMaxGasLimitPerMetaMiniBlockShouldErr (0.00s)
=== CONT  TestNewEconomicsData_InvalidMaxGasLimitPerMetaBlockShouldErr
--- PASS: TestNewEconomicsData_InvalidMaxGasLimitPerMetaBlockShouldErr (0.00s)
=== CONT  TestNewEconomicsData_InvalidMaxGasLimitPerMiniBlockShouldErr
--- PASS: TestNewEconomicsData_InvalidMaxGasLimitPerMiniBlockShouldErr (0.00s)
=== CONT  TestNewEconomicsData_InvalidMaxGasLimitPerBlockShouldErr
--- PASS: TestNewEconomicsData_InvalidMaxGasLimitPerBlockShouldErr (0.00s)
=== CONT  TestNewEconomicsData_NilOrEmptyGasLimitSettingsShouldErr
--- PASS: TestNewEconomicsData_NilOrEmptyGasLimitSettingsShouldErr (0.00s)
=== CONT  TestNewEconomicsData_NilOrEmptyYearSettingsShouldErr
--- PASS: TestNewEconomicsData_NilOrEmptyYearSettingsShouldErr (0.00s)
=== CONT  TestNewEconomicsData_NilOrEmptyEpochRewardsConfigShouldErr
--- PASS: TestNewEconomicsData_NilOrEmptyEpochRewardsConfigShouldErr (0.00s)
=== CONT  TestApiEconomicsData_CheckValidityTxValues
=== RUN   TestApiEconomicsData_CheckValidityTxValues/maximum_gas_limit_as_defined_should_work
=== PAUSE TestApiEconomicsData_CheckValidityTxValues/maximum_gas_limit_as_defined_should_work
=== RUN   TestApiEconomicsData_CheckValidityTxValues/maximum_gas_limit_+_1_as_defined_should_error
=== PAUSE TestApiEconomicsData_CheckValidityTxValues/maximum_gas_limit_+_1_as_defined_should_error
=== RUN   TestApiEconomicsData_CheckValidityTxValues/maximum_gas_limit_-_1_as_defined_should_work
=== PAUSE TestApiEconomicsData_CheckValidityTxValues/maximum_gas_limit_-_1_as_defined_should_work
=== CONT  TestApiEconomicsData_CheckValidityTxValues/maximum_gas_limit_as_defined_should_work
=== CONT  TestNewAPIEconomicsData
=== RUN   TestNewAPIEconomicsData/nil_economics_data
=== PAUSE TestNewAPIEconomicsData/nil_economics_data
=== RUN   TestNewAPIEconomicsData/should_work
=== PAUSE TestNewAPIEconomicsData/should_work
=== CONT  TestNewAPIEconomicsData/nil_economics_data
=== CONT  TestEconomicsData_SetStatusHandler/should_work
--- PASS: TestEconomicsData_SetStatusHandler (0.00s)
    --- PASS: TestEconomicsData_SetStatusHandler/nil_status_handler_should_error (0.00s)
    --- PASS: TestEconomicsData_SetStatusHandler/should_work (0.00s)
=== CONT  TestApiEconomicsData_CheckValidityTxValues/maximum_gas_limit_-_1_as_defined_should_work
=== CONT  TestApiEconomicsData_CheckValidityTxValues/maximum_gas_limit_+_1_as_defined_should_error
--- PASS: TestApiEconomicsData_CheckValidityTxValues (0.00s)
    --- PASS: TestApiEconomicsData_CheckValidityTxValues/maximum_gas_limit_as_defined_should_work (0.00s)
    --- PASS: TestApiEconomicsData_CheckValidityTxValues/maximum_gas_limit_-_1_as_defined_should_work (0.00s)
    --- PASS: TestApiEconomicsData_CheckValidityTxValues/maximum_gas_limit_+_1_as_defined_should_error (0.00s)
=== CONT  TestNewAPIEconomicsData/should_work
--- PASS: TestNewAPIEconomicsData (0.00s)
    --- PASS: TestNewAPIEconomicsData/nil_economics_data (0.00s)
    --- PASS: TestNewAPIEconomicsData/should_work (0.00s)
PASS
ok  	github.com/TerraDharitri/drt-go-chain/process/economics	(cached)
=== RUN   TestNewInterceptorsContainer_ShouldWork
=== PAUSE TestNewInterceptorsContainer_ShouldWork
=== RUN   TestInterceptorsContainer_AddAlreadyExistingShouldErr
=== PAUSE TestInterceptorsContainer_AddAlreadyExistingShouldErr
=== RUN   TestInterceptorsContainer_AddNilShouldErr
=== PAUSE TestInterceptorsContainer_AddNilShouldErr
=== RUN   TestInterceptorsContainer_AddShouldWork
=== PAUSE TestInterceptorsContainer_AddShouldWork
=== RUN   TestInterceptorsContainer_AddMultipleAlreadyExistingShouldErr
=== PAUSE TestInterceptorsContainer_AddMultipleAlreadyExistingShouldErr
=== RUN   TestInterceptorsContainer_AddMultipleLenMismatchShouldErr
=== PAUSE TestInterceptorsContainer_AddMultipleLenMismatchShouldErr
=== RUN   TestInterceptorsContainer_AddMultipleShouldWork
=== PAUSE TestInterceptorsContainer_AddMultipleShouldWork
=== RUN   TestInterceptorsContainer_GetNotFoundShouldErr
=== PAUSE TestInterceptorsContainer_GetNotFoundShouldErr
=== RUN   TestInterceptorsContainer_GetWrongTypeShouldErr
=== PAUSE TestInterceptorsContainer_GetWrongTypeShouldErr
=== RUN   TestInterceptorsContainer_GetShouldWork
=== PAUSE TestInterceptorsContainer_GetShouldWork
=== RUN   TestInterceptorsContainer_ReplaceNilValueShouldErrAndNotModify
=== PAUSE TestInterceptorsContainer_ReplaceNilValueShouldErrAndNotModify
=== RUN   TestInterceptorsContainer_ReplaceShouldWork
=== PAUSE TestInterceptorsContainer_ReplaceShouldWork
=== RUN   TestInterceptorsContainer_RemoveShouldWork
=== PAUSE TestInterceptorsContainer_RemoveShouldWork
=== RUN   TestInterceptorsContainer_LenShouldWork
=== PAUSE TestInterceptorsContainer_LenShouldWork
=== RUN   TestInterceptorsContainer_IterateNilHandlerShouldNotPanic
=== PAUSE TestInterceptorsContainer_IterateNilHandlerShouldNotPanic
=== RUN   TestInterceptorsContainer_IterateNotAValidKeyShouldWorkAndNotPanic
=== PAUSE TestInterceptorsContainer_IterateNotAValidKeyShouldWorkAndNotPanic
=== RUN   TestInterceptorsContainer_IterateNotAValidValueShouldWorkAndNotPanic
=== PAUSE TestInterceptorsContainer_IterateNotAValidValueShouldWorkAndNotPanic
=== RUN   TestInterceptorsContainer_Iterate
=== PAUSE TestInterceptorsContainer_Iterate
=== RUN   TestInterceptorsContainer_IterateEarlyExitShouldWork
=== PAUSE TestInterceptorsContainer_IterateEarlyExitShouldWork
=== RUN   TestInterceptorsContainer_Close
=== PAUSE TestInterceptorsContainer_Close
=== RUN   TestNewIntermediateTransactionHandlersContainer_ShouldWork
=== PAUSE TestNewIntermediateTransactionHandlersContainer_ShouldWork
=== RUN   TestIntermediateTransactionHandlersContainer_AddAlreadyExistingShouldErr
=== PAUSE TestIntermediateTransactionHandlersContainer_AddAlreadyExistingShouldErr
=== RUN   TestIntermediateTransactionHandlersContainer_AddNilShouldErr
=== PAUSE TestIntermediateTransactionHandlersContainer_AddNilShouldErr
=== RUN   TestIntermediateTransactionHandlersContainer_AddShouldWork
=== PAUSE TestIntermediateTransactionHandlersContainer_AddShouldWork
=== RUN   TestIntermediateTransactionHandlersContainer_AddMultipleAlreadyExistingShouldErr
=== PAUSE TestIntermediateTransactionHandlersContainer_AddMultipleAlreadyExistingShouldErr
=== RUN   TestIntermediateTransactionHandlersContainer_AddMultipleLenMismatchShouldErr
=== PAUSE TestIntermediateTransactionHandlersContainer_AddMultipleLenMismatchShouldErr
=== RUN   TestIntermediateTransactionHandlersContainer_AddMultipleShouldWork
=== PAUSE TestIntermediateTransactionHandlersContainer_AddMultipleShouldWork
=== RUN   TestIntermediateTransactionHandlersContainer_GetNotFoundShouldErr
=== PAUSE TestIntermediateTransactionHandlersContainer_GetNotFoundShouldErr
=== RUN   TestIntermediateTransactionHandlersContainer_GetWrongTypeShouldErr
=== PAUSE TestIntermediateTransactionHandlersContainer_GetWrongTypeShouldErr
=== RUN   TestIntermediateTransactionHandlersContainer_GetShouldWork
=== PAUSE TestIntermediateTransactionHandlersContainer_GetShouldWork
=== RUN   TestIntermediateTransactionHandlersContainer_ReplaceNilValueShouldErrAndNotModify
=== PAUSE TestIntermediateTransactionHandlersContainer_ReplaceNilValueShouldErrAndNotModify
=== RUN   TestIntermediateTransactionHandlersContainer_ReplaceShouldWork
=== PAUSE TestIntermediateTransactionHandlersContainer_ReplaceShouldWork
=== RUN   TestIntermediateTransactionHandlersContainer_RemoveShouldWork
=== PAUSE TestIntermediateTransactionHandlersContainer_RemoveShouldWork
=== RUN   TestIntermediateTransactionHandlersContainer_LenShouldWork
=== PAUSE TestIntermediateTransactionHandlersContainer_LenShouldWork
=== RUN   TestNewPreProcessorsContainer_ShouldWork
=== PAUSE TestNewPreProcessorsContainer_ShouldWork
=== RUN   TestPreProcessorsContainer_AddAlreadyExistingShouldErr
=== PAUSE TestPreProcessorsContainer_AddAlreadyExistingShouldErr
=== RUN   TestPreProcessorsContainer_AddNilShouldErr
=== PAUSE TestPreProcessorsContainer_AddNilShouldErr
=== RUN   TestPreProcessorsContainer_AddShouldWork
=== PAUSE TestPreProcessorsContainer_AddShouldWork
=== RUN   TestPreProcessorsContainer_AddMultipleAlreadyExistingShouldErr
=== PAUSE TestPreProcessorsContainer_AddMultipleAlreadyExistingShouldErr
=== RUN   TestPreProcessorsContainer_AddMultipleLenMismatchShouldErr
=== PAUSE TestPreProcessorsContainer_AddMultipleLenMismatchShouldErr
=== RUN   TestPreProcessorsContainer_AddMultipleShouldWork
=== PAUSE TestPreProcessorsContainer_AddMultipleShouldWork
=== RUN   TestPreProcessorsContainer_GetNotFoundShouldErr
=== PAUSE TestPreProcessorsContainer_GetNotFoundShouldErr
=== RUN   TestPreProcessorsContainer_GetWrongTypeShouldErr
=== PAUSE TestPreProcessorsContainer_GetWrongTypeShouldErr
=== RUN   TestPreProcessorsContainer_GetShouldWork
=== PAUSE TestPreProcessorsContainer_GetShouldWork
=== RUN   TestPreProcessorsContainer_ReplaceNilValueShouldErrAndNotModify
=== PAUSE TestPreProcessorsContainer_ReplaceNilValueShouldErrAndNotModify
=== RUN   TestPreProcessorsContainer_ReplaceShouldWork
=== PAUSE TestPreProcessorsContainer_ReplaceShouldWork
=== RUN   TestPreProcessorsContainer_RemoveShouldWork
=== PAUSE TestPreProcessorsContainer_RemoveShouldWork
=== RUN   TestPreProcessorsContainer_LenShouldWork
=== PAUSE TestPreProcessorsContainer_LenShouldWork
=== RUN   TestNewVirtualMachinesContainer_ShouldWork
=== PAUSE TestNewVirtualMachinesContainer_ShouldWork
=== RUN   TestVirtualMachinesContainer_AddAlreadyExistingShouldErr
=== PAUSE TestVirtualMachinesContainer_AddAlreadyExistingShouldErr
=== RUN   TestVirtualMachinesContainer_AddNilShouldErr
=== PAUSE TestVirtualMachinesContainer_AddNilShouldErr
=== RUN   TestVirtualMachinesContainer_AddShouldWork
=== PAUSE TestVirtualMachinesContainer_AddShouldWork
=== RUN   TestVirtualMachinesContainer_AddMultipleAlreadyExistingShouldErr
=== PAUSE TestVirtualMachinesContainer_AddMultipleAlreadyExistingShouldErr
=== RUN   TestVirtualMachinesContainer_AddMultipleLenMismatchShouldErr
=== PAUSE TestVirtualMachinesContainer_AddMultipleLenMismatchShouldErr
=== RUN   TestVirtualMachinesContainer_AddMultipleShouldWork
=== PAUSE TestVirtualMachinesContainer_AddMultipleShouldWork
=== RUN   TestVirtualMachinesContainer_GetNotFoundShouldErr
=== PAUSE TestVirtualMachinesContainer_GetNotFoundShouldErr
=== RUN   TestVirtualMachinesContainer_GetWrongTypeShouldErr
=== PAUSE TestVirtualMachinesContainer_GetWrongTypeShouldErr
=== RUN   TestVirtualMachinesContainer_GetShouldWork
=== PAUSE TestVirtualMachinesContainer_GetShouldWork
=== RUN   TestVirtualMachinesContainer_ReplaceNilValueShouldErrAndNotModify
=== PAUSE TestVirtualMachinesContainer_ReplaceNilValueShouldErrAndNotModify
=== RUN   TestVirtualMachinesContainer_ReplaceShouldWork
=== PAUSE TestVirtualMachinesContainer_ReplaceShouldWork
=== RUN   TestVirtualMachinesContainer_RemoveShouldWork
=== PAUSE TestVirtualMachinesContainer_RemoveShouldWork
=== RUN   TestVirtualMachinesContainer_LenShouldWork
=== PAUSE TestVirtualMachinesContainer_LenShouldWork
=== RUN   TestVirtualMachinesContainer_Close
=== PAUSE TestVirtualMachinesContainer_Close
=== CONT  TestNewInterceptorsContainer_ShouldWork
--- PASS: TestNewInterceptorsContainer_ShouldWork (0.00s)
=== CONT  TestVirtualMachinesContainer_Close
[0;33mWARN [0m[2026-03-16 10:14:05.835]   cannot close vm container item           [0;33mitem[0m = *mock.VMExecutionHandlerStub [0;33merr[0m = expected Error 
--- PASS: TestVirtualMachinesContainer_Close (0.00s)
=== CONT  TestVirtualMachinesContainer_LenShouldWork
--- PASS: TestVirtualMachinesContainer_LenShouldWork (0.00s)
=== CONT  TestVirtualMachinesContainer_RemoveShouldWork
--- PASS: TestVirtualMachinesContainer_RemoveShouldWork (0.00s)
=== CONT  TestVirtualMachinesContainer_ReplaceShouldWork
--- PASS: TestVirtualMachinesContainer_ReplaceShouldWork (0.00s)
=== CONT  TestVirtualMachinesContainer_ReplaceNilValueShouldErrAndNotModify
--- PASS: TestVirtualMachinesContainer_ReplaceNilValueShouldErrAndNotModify (0.00s)
=== CONT  TestVirtualMachinesContainer_GetShouldWork
--- PASS: TestVirtualMachinesContainer_GetShouldWork (0.00s)
=== CONT  TestVirtualMachinesContainer_GetWrongTypeShouldErr
--- PASS: TestVirtualMachinesContainer_GetWrongTypeShouldErr (0.00s)
=== CONT  TestVirtualMachinesContainer_GetNotFoundShouldErr
--- PASS: TestVirtualMachinesContainer_GetNotFoundShouldErr (0.00s)
=== CONT  TestVirtualMachinesContainer_AddMultipleShouldWork
--- PASS: TestVirtualMachinesContainer_AddMultipleShouldWork (0.00s)
=== CONT  TestVirtualMachinesContainer_AddMultipleLenMismatchShouldErr
--- PASS: TestVirtualMachinesContainer_AddMultipleLenMismatchShouldErr (0.00s)
=== CONT  TestVirtualMachinesContainer_AddMultipleAlreadyExistingShouldErr
--- PASS: TestVirtualMachinesContainer_AddMultipleAlreadyExistingShouldErr (0.00s)
=== CONT  TestVirtualMachinesContainer_AddShouldWork
--- PASS: TestVirtualMachinesContainer_AddShouldWork (0.00s)
=== CONT  TestVirtualMachinesContainer_AddNilShouldErr
--- PASS: TestVirtualMachinesContainer_AddNilShouldErr (0.00s)
=== CONT  TestVirtualMachinesContainer_AddAlreadyExistingShouldErr
--- PASS: TestVirtualMachinesContainer_AddAlreadyExistingShouldErr (0.00s)
=== CONT  TestNewVirtualMachinesContainer_ShouldWork
--- PASS: TestNewVirtualMachinesContainer_ShouldWork (0.00s)
=== CONT  TestPreProcessorsContainer_LenShouldWork
--- PASS: TestPreProcessorsContainer_LenShouldWork (0.00s)
=== CONT  TestPreProcessorsContainer_RemoveShouldWork
--- PASS: TestPreProcessorsContainer_RemoveShouldWork (0.00s)
=== CONT  TestPreProcessorsContainer_ReplaceShouldWork
--- PASS: TestPreProcessorsContainer_ReplaceShouldWork (0.00s)
=== CONT  TestPreProcessorsContainer_ReplaceNilValueShouldErrAndNotModify
--- PASS: TestPreProcessorsContainer_ReplaceNilValueShouldErrAndNotModify (0.00s)
=== CONT  TestPreProcessorsContainer_GetShouldWork
--- PASS: TestPreProcessorsContainer_GetShouldWork (0.00s)
=== CONT  TestPreProcessorsContainer_GetWrongTypeShouldErr
--- PASS: TestPreProcessorsContainer_GetWrongTypeShouldErr (0.00s)
=== CONT  TestPreProcessorsContainer_GetNotFoundShouldErr
--- PASS: TestPreProcessorsContainer_GetNotFoundShouldErr (0.00s)
=== CONT  TestPreProcessorsContainer_AddMultipleShouldWork
--- PASS: TestPreProcessorsContainer_AddMultipleShouldWork (0.00s)
=== CONT  TestPreProcessorsContainer_AddMultipleLenMismatchShouldErr
--- PASS: TestPreProcessorsContainer_AddMultipleLenMismatchShouldErr (0.00s)
=== CONT  TestPreProcessorsContainer_AddMultipleAlreadyExistingShouldErr
--- PASS: TestPreProcessorsContainer_AddMultipleAlreadyExistingShouldErr (0.00s)
=== CONT  TestPreProcessorsContainer_AddShouldWork
--- PASS: TestPreProcessorsContainer_AddShouldWork (0.00s)
=== CONT  TestPreProcessorsContainer_AddNilShouldErr
--- PASS: TestPreProcessorsContainer_AddNilShouldErr (0.00s)
=== CONT  TestPreProcessorsContainer_AddAlreadyExistingShouldErr
--- PASS: TestPreProcessorsContainer_AddAlreadyExistingShouldErr (0.00s)
=== CONT  TestNewPreProcessorsContainer_ShouldWork
--- PASS: TestNewPreProcessorsContainer_ShouldWork (0.00s)
=== CONT  TestIntermediateTransactionHandlersContainer_LenShouldWork
--- PASS: TestIntermediateTransactionHandlersContainer_LenShouldWork (0.00s)
=== CONT  TestIntermediateTransactionHandlersContainer_RemoveShouldWork
--- PASS: TestIntermediateTransactionHandlersContainer_RemoveShouldWork (0.00s)
=== CONT  TestIntermediateTransactionHandlersContainer_ReplaceShouldWork
--- PASS: TestIntermediateTransactionHandlersContainer_ReplaceShouldWork (0.00s)
=== CONT  TestIntermediateTransactionHandlersContainer_ReplaceNilValueShouldErrAndNotModify
--- PASS: TestIntermediateTransactionHandlersContainer_ReplaceNilValueShouldErrAndNotModify (0.00s)
=== CONT  TestIntermediateTransactionHandlersContainer_GetShouldWork
--- PASS: TestIntermediateTransactionHandlersContainer_GetShouldWork (0.00s)
=== CONT  TestIntermediateTransactionHandlersContainer_GetWrongTypeShouldErr
--- PASS: TestIntermediateTransactionHandlersContainer_GetWrongTypeShouldErr (0.00s)
=== CONT  TestIntermediateTransactionHandlersContainer_GetNotFoundShouldErr
--- PASS: TestIntermediateTransactionHandlersContainer_GetNotFoundShouldErr (0.00s)
=== CONT  TestIntermediateTransactionHandlersContainer_AddMultipleShouldWork
--- PASS: TestIntermediateTransactionHandlersContainer_AddMultipleShouldWork (0.00s)
=== CONT  TestIntermediateTransactionHandlersContainer_AddMultipleLenMismatchShouldErr
--- PASS: TestIntermediateTransactionHandlersContainer_AddMultipleLenMismatchShouldErr (0.00s)
=== CONT  TestIntermediateTransactionHandlersContainer_AddMultipleAlreadyExistingShouldErr
--- PASS: TestIntermediateTransactionHandlersContainer_AddMultipleAlreadyExistingShouldErr (0.00s)
=== CONT  TestIntermediateTransactionHandlersContainer_AddShouldWork
--- PASS: TestIntermediateTransactionHandlersContainer_AddShouldWork (0.00s)
=== CONT  TestIntermediateTransactionHandlersContainer_AddNilShouldErr
--- PASS: TestIntermediateTransactionHandlersContainer_AddNilShouldErr (0.00s)
=== CONT  TestIntermediateTransactionHandlersContainer_AddAlreadyExistingShouldErr
--- PASS: TestIntermediateTransactionHandlersContainer_AddAlreadyExistingShouldErr (0.00s)
=== CONT  TestNewIntermediateTransactionHandlersContainer_ShouldWork
--- PASS: TestNewIntermediateTransactionHandlersContainer_ShouldWork (0.00s)
=== CONT  TestInterceptorsContainer_Close
[0;31mERROR[0m[2026-03-16 10:14:05.836]   error closing interceptor                [0;31mkey[0m = key1 [0;31merror[0m = expected error 
--- PASS: TestInterceptorsContainer_Close (0.00s)
=== CONT  TestInterceptorsContainer_IterateEarlyExitShouldWork
--- PASS: TestInterceptorsContainer_IterateEarlyExitShouldWork (0.00s)
=== CONT  TestInterceptorsContainer_Iterate
--- PASS: TestInterceptorsContainer_Iterate (0.00s)
=== CONT  TestInterceptorsContainer_IterateNotAValidValueShouldWorkAndNotPanic
--- PASS: TestInterceptorsContainer_IterateNotAValidValueShouldWorkAndNotPanic (0.00s)
=== CONT  TestInterceptorsContainer_IterateNotAValidKeyShouldWorkAndNotPanic
--- PASS: TestInterceptorsContainer_IterateNotAValidKeyShouldWorkAndNotPanic (0.00s)
=== CONT  TestInterceptorsContainer_IterateNilHandlerShouldNotPanic
--- PASS: TestInterceptorsContainer_IterateNilHandlerShouldNotPanic (0.00s)
=== CONT  TestInterceptorsContainer_LenShouldWork
--- PASS: TestInterceptorsContainer_LenShouldWork (0.00s)
=== CONT  TestInterceptorsContainer_RemoveShouldWork
--- PASS: TestInterceptorsContainer_RemoveShouldWork (0.00s)
=== CONT  TestInterceptorsContainer_ReplaceShouldWork
--- PASS: TestInterceptorsContainer_ReplaceShouldWork (0.00s)
=== CONT  TestInterceptorsContainer_ReplaceNilValueShouldErrAndNotModify
--- PASS: TestInterceptorsContainer_ReplaceNilValueShouldErrAndNotModify (0.00s)
=== CONT  TestInterceptorsContainer_GetShouldWork
--- PASS: TestInterceptorsContainer_GetShouldWork (0.00s)
=== CONT  TestInterceptorsContainer_GetWrongTypeShouldErr
--- PASS: TestInterceptorsContainer_GetWrongTypeShouldErr (0.00s)
=== CONT  TestInterceptorsContainer_GetNotFoundShouldErr
--- PASS: TestInterceptorsContainer_GetNotFoundShouldErr (0.00s)
=== CONT  TestInterceptorsContainer_AddMultipleShouldWork
--- PASS: TestInterceptorsContainer_AddMultipleShouldWork (0.00s)
=== CONT  TestInterceptorsContainer_AddMultipleLenMismatchShouldErr
--- PASS: TestInterceptorsContainer_AddMultipleLenMismatchShouldErr (0.00s)
=== CONT  TestInterceptorsContainer_AddMultipleAlreadyExistingShouldErr
--- PASS: TestInterceptorsContainer_AddMultipleAlreadyExistingShouldErr (0.00s)
=== CONT  TestInterceptorsContainer_AddShouldWork
--- PASS: TestInterceptorsContainer_AddShouldWork (0.00s)
=== CONT  TestInterceptorsContainer_AddNilShouldErr
--- PASS: TestInterceptorsContainer_AddNilShouldErr (0.00s)
=== CONT  TestInterceptorsContainer_AddAlreadyExistingShouldErr
--- PASS: TestInterceptorsContainer_AddAlreadyExistingShouldErr (0.00s)
PASS
ok  	github.com/TerraDharitri/drt-go-chain/process/factory/containers	(cached)
=== RUN   TestNewMetaInterceptorsContainerFactory_NilShardCoordinatorShouldErr
=== PAUSE TestNewMetaInterceptorsContainerFactory_NilShardCoordinatorShouldErr
=== RUN   TestNewMetaInterceptorsContainerFactory_InvalidChainIDShouldErr
=== PAUSE TestNewMetaInterceptorsContainerFactory_InvalidChainIDShouldErr
=== RUN   TestNewMetaInterceptorsContainerFactory_InvalidMinTransactionVersionShouldErr
=== PAUSE TestNewMetaInterceptorsContainerFactory_InvalidMinTransactionVersionShouldErr
=== RUN   TestNewMetaInterceptorsContainerFactory_NilNodesCoordinatorShouldErr
=== PAUSE TestNewMetaInterceptorsContainerFactory_NilNodesCoordinatorShouldErr
=== RUN   TestNewMetaInterceptorsContainerFactory_NilMainTopicHandlerShouldErr
=== PAUSE TestNewMetaInterceptorsContainerFactory_NilMainTopicHandlerShouldErr
=== RUN   TestNewMetaInterceptorsContainerFactory_NilFullArchiveTopicHandlerShouldErr
=== PAUSE TestNewMetaInterceptorsContainerFactory_NilFullArchiveTopicHandlerShouldErr
=== RUN   TestNewMetaInterceptorsContainerFactory_NilStoreShouldErr
=== PAUSE TestNewMetaInterceptorsContainerFactory_NilStoreShouldErr
=== RUN   TestNewMetaInterceptorsContainerFactory_NilMarshalizerShouldErr
=== PAUSE TestNewMetaInterceptorsContainerFactory_NilMarshalizerShouldErr
=== RUN   TestNewMetaInterceptorsContainerFactory_NilMarshalizerAndSizeCheckShouldErr
=== PAUSE TestNewMetaInterceptorsContainerFactory_NilMarshalizerAndSizeCheckShouldErr
=== RUN   TestNewMetaInterceptorsContainerFactory_NilHasherShouldErr
=== PAUSE TestNewMetaInterceptorsContainerFactory_NilHasherShouldErr
=== RUN   TestNewMetaInterceptorsContainerFactory_NilHeaderSigVerifierShouldErr
=== PAUSE TestNewMetaInterceptorsContainerFactory_NilHeaderSigVerifierShouldErr
=== RUN   TestNewMetaInterceptorsContainerFactory_NilHeaderIntegrityVerifierShouldErr
=== PAUSE TestNewMetaInterceptorsContainerFactory_NilHeaderIntegrityVerifierShouldErr
=== RUN   TestNewMetaInterceptorsContainerFactory_NilMultiSignerShouldErr
=== PAUSE TestNewMetaInterceptorsContainerFactory_NilMultiSignerShouldErr
=== RUN   TestNewMetaInterceptorsContainerFactory_NilDataPoolShouldErr
=== PAUSE TestNewMetaInterceptorsContainerFactory_NilDataPoolShouldErr
=== RUN   TestNewMetaInterceptorsContainerFactory_NilAccountsShouldErr
=== PAUSE TestNewMetaInterceptorsContainerFactory_NilAccountsShouldErr
=== RUN   TestNewMetaInterceptorsContainerFactory_NilAddrConvShouldErr
=== PAUSE TestNewMetaInterceptorsContainerFactory_NilAddrConvShouldErr
=== RUN   TestNewMetaInterceptorsContainerFactory_NilSingleSignerShouldErr
=== PAUSE TestNewMetaInterceptorsContainerFactory_NilSingleSignerShouldErr
=== RUN   TestNewMetaInterceptorsContainerFactory_NilKeyGenShouldErr
=== PAUSE TestNewMetaInterceptorsContainerFactory_NilKeyGenShouldErr
=== RUN   TestNewMetaInterceptorsContainerFactory_NilTxSignHasherShouldErr
=== PAUSE TestNewMetaInterceptorsContainerFactory_NilTxSignHasherShouldErr
=== RUN   TestNewMetaInterceptorsContainerFactory_NilEpochNotifierShouldErr
=== PAUSE TestNewMetaInterceptorsContainerFactory_NilEpochNotifierShouldErr
=== RUN   TestNewMetaInterceptorsContainerFactory_NilFeeHandlerShouldErr
=== PAUSE TestNewMetaInterceptorsContainerFactory_NilFeeHandlerShouldErr
=== RUN   TestNewMetaInterceptorsContainerFactory_NilBlackListHandlerShouldErr
=== PAUSE TestNewMetaInterceptorsContainerFactory_NilBlackListHandlerShouldErr
=== RUN   TestNewMetaInterceptorsContainerFactory_NilValidityAttesterShouldErr
=== PAUSE TestNewMetaInterceptorsContainerFactory_NilValidityAttesterShouldErr
=== RUN   TestNewMetaInterceptorsContainerFactory_NilSignaturesHandler
=== PAUSE TestNewMetaInterceptorsContainerFactory_NilSignaturesHandler
=== RUN   TestNewMetaInterceptorsContainerFactory_NilPeerSignatureHandler
=== PAUSE TestNewMetaInterceptorsContainerFactory_NilPeerSignatureHandler
=== RUN   TestNewMetaInterceptorsContainerFactory_NilInterceptedDataVerifierFactory
=== PAUSE TestNewMetaInterceptorsContainerFactory_NilInterceptedDataVerifierFactory
=== RUN   TestNewMetaInterceptorsContainerFactory_InvalidExpiryTimespan
=== PAUSE TestNewMetaInterceptorsContainerFactory_InvalidExpiryTimespan
=== RUN   TestNewMetaInterceptorsContainerFactory_EpochStartTriggerShouldErr
=== PAUSE TestNewMetaInterceptorsContainerFactory_EpochStartTriggerShouldErr
=== RUN   TestNewMetaInterceptorsContainerFactory_NilRequestHandlerShouldErr
=== PAUSE TestNewMetaInterceptorsContainerFactory_NilRequestHandlerShouldErr
=== RUN   TestNewMetaInterceptorsContainerFactory_NilMainPeerShardMapperShouldErr
=== PAUSE TestNewMetaInterceptorsContainerFactory_NilMainPeerShardMapperShouldErr
=== RUN   TestNewMetaInterceptorsContainerFactory_NilFullArchivePeerShardMapperShouldErr
=== PAUSE TestNewMetaInterceptorsContainerFactory_NilFullArchivePeerShardMapperShouldErr
=== RUN   TestNewMetaInterceptorsContainerFactory_NilHardforkTriggerShouldErr
=== PAUSE TestNewMetaInterceptorsContainerFactory_NilHardforkTriggerShouldErr
=== RUN   TestNewMetaInterceptorsContainerFactory_ShouldWork
=== PAUSE TestNewMetaInterceptorsContainerFactory_ShouldWork
=== RUN   TestNewMetaInterceptorsContainerFactory_ShouldWorkWithSizeCheck
=== PAUSE TestNewMetaInterceptorsContainerFactory_ShouldWorkWithSizeCheck
=== RUN   TestMetaInterceptorsContainerFactory_CreateTopicsAndRegisterFailure
=== PAUSE TestMetaInterceptorsContainerFactory_CreateTopicsAndRegisterFailure
=== RUN   TestMetaInterceptorsContainerFactory_CreateShouldWork
=== PAUSE TestMetaInterceptorsContainerFactory_CreateShouldWork
=== RUN   TestMetaInterceptorsContainerFactory_With4ShardsShouldWork
=== PAUSE TestMetaInterceptorsContainerFactory_With4ShardsShouldWork
=== RUN   TestNewShardInterceptorsContainerFactory_NilAccountsAdapter
=== PAUSE TestNewShardInterceptorsContainerFactory_NilAccountsAdapter
=== RUN   TestNewShardInterceptorsContainerFactory_NilShardCoordinatorShouldErr
=== PAUSE TestNewShardInterceptorsContainerFactory_NilShardCoordinatorShouldErr
=== RUN   TestNewShardInterceptorsContainerFactory_NilNodesCoordinatorShouldErr
=== PAUSE TestNewShardInterceptorsContainerFactory_NilNodesCoordinatorShouldErr
=== RUN   TestNewShardInterceptorsContainerFactory_NilMainMessengerShouldErr
=== PAUSE TestNewShardInterceptorsContainerFactory_NilMainMessengerShouldErr
=== RUN   TestNewShardInterceptorsContainerFactory_NilFullArchiveMessengerShouldErr
=== PAUSE TestNewShardInterceptorsContainerFactory_NilFullArchiveMessengerShouldErr
=== RUN   TestNewShardInterceptorsContainerFactory_NilStoreShouldErr
=== PAUSE TestNewShardInterceptorsContainerFactory_NilStoreShouldErr
=== RUN   TestNewShardInterceptorsContainerFactory_NilEpochNotifierShouldErr
=== PAUSE TestNewShardInterceptorsContainerFactory_NilEpochNotifierShouldErr
=== RUN   TestNewShardInterceptorsContainerFactory_NilMarshalizerShouldErr
=== PAUSE TestNewShardInterceptorsContainerFactory_NilMarshalizerShouldErr
=== RUN   TestNewShardInterceptorsContainerFactory_NilMarshalizerAndSizeCheckShouldErr
=== PAUSE TestNewShardInterceptorsContainerFactory_NilMarshalizerAndSizeCheckShouldErr
=== RUN   TestNewShardInterceptorsContainerFactory_NilHasherShouldErr
=== PAUSE TestNewShardInterceptorsContainerFactory_NilHasherShouldErr
=== RUN   TestNewShardInterceptorsContainerFactory_NilKeyGenShouldErr
=== PAUSE TestNewShardInterceptorsContainerFactory_NilKeyGenShouldErr
=== RUN   TestNewShardInterceptorsContainerFactory_NilHeaderSigVerifierShouldErr
=== PAUSE TestNewShardInterceptorsContainerFactory_NilHeaderSigVerifierShouldErr
=== RUN   TestNewShardInterceptorsContainerFactory_NilHeaderIntegrityVerifierShouldErr
=== PAUSE TestNewShardInterceptorsContainerFactory_NilHeaderIntegrityVerifierShouldErr
=== RUN   TestNewShardInterceptorsContainerFactory_NilTxSignHasherShouldErr
=== PAUSE TestNewShardInterceptorsContainerFactory_NilTxSignHasherShouldErr
=== RUN   TestNewShardInterceptorsContainerFactory_NilSingleSignerShouldErr
=== PAUSE TestNewShardInterceptorsContainerFactory_NilSingleSignerShouldErr
=== RUN   TestNewShardInterceptorsContainerFactory_NilMultiSignerShouldErr
=== PAUSE TestNewShardInterceptorsContainerFactory_NilMultiSignerShouldErr
=== RUN   TestNewShardInterceptorsContainerFactory_NilDataPoolShouldErr
=== PAUSE TestNewShardInterceptorsContainerFactory_NilDataPoolShouldErr
=== RUN   TestNewShardInterceptorsContainerFactory_NilAddrConverterShouldErr
=== PAUSE TestNewShardInterceptorsContainerFactory_NilAddrConverterShouldErr
=== RUN   TestNewShardInterceptorsContainerFactory_NilTxFeeHandlerShouldErr
=== PAUSE TestNewShardInterceptorsContainerFactory_NilTxFeeHandlerShouldErr
=== RUN   TestNewShardInterceptorsContainerFactory_NilBlackListHandlerShouldErr
=== PAUSE TestNewShardInterceptorsContainerFactory_NilBlackListHandlerShouldErr
=== RUN   TestNewShardInterceptorsContainerFactory_NilValidityAttesterShouldErr
=== PAUSE TestNewShardInterceptorsContainerFactory_NilValidityAttesterShouldErr
=== RUN   TestNewShardInterceptorsContainerFactory_NilInterceptedDataVerifierFactory
=== PAUSE TestNewShardInterceptorsContainerFactory_NilInterceptedDataVerifierFactory
=== RUN   TestNewShardInterceptorsContainerFactory_InvalidChainIDShouldErr
=== PAUSE TestNewShardInterceptorsContainerFactory_InvalidChainIDShouldErr
=== RUN   TestNewShardInterceptorsContainerFactory_InvalidMinTransactionVersionShouldErr
=== PAUSE TestNewShardInterceptorsContainerFactory_InvalidMinTransactionVersionShouldErr
=== RUN   TestNewShardInterceptorsContainerFactory_EmptyEpochStartTriggerShouldErr
=== PAUSE TestNewShardInterceptorsContainerFactory_EmptyEpochStartTriggerShouldErr
=== RUN   TestNewShardInterceptorsContainerFactory_NilMainPeerShardMapperShouldErr
=== PAUSE TestNewShardInterceptorsContainerFactory_NilMainPeerShardMapperShouldErr
=== RUN   TestNewShardInterceptorsContainerFactory_NilFullArchivePeerShardMapperShouldErr
=== PAUSE TestNewShardInterceptorsContainerFactory_NilFullArchivePeerShardMapperShouldErr
=== RUN   TestNewShardInterceptorsContainerFactory_NilHardforkTriggerShouldErr
=== PAUSE TestNewShardInterceptorsContainerFactory_NilHardforkTriggerShouldErr
=== RUN   TestNewShardInterceptorsContainerFactory_ShouldWork
=== PAUSE TestNewShardInterceptorsContainerFactory_ShouldWork
=== RUN   TestNewShardInterceptorsContainerFactory_ShouldWorkWithSizeCheck
=== PAUSE TestNewShardInterceptorsContainerFactory_ShouldWorkWithSizeCheck
=== RUN   TestShardInterceptorsContainerFactory_CreateTopicsAndRegisterFailure
=== PAUSE TestShardInterceptorsContainerFactory_CreateTopicsAndRegisterFailure
=== RUN   TestShardInterceptorsContainerFactory_NilSignaturesHandler
=== PAUSE TestShardInterceptorsContainerFactory_NilSignaturesHandler
=== RUN   TestShardInterceptorsContainerFactory_NilPeerSignatureHandler
=== PAUSE TestShardInterceptorsContainerFactory_NilPeerSignatureHandler
=== RUN   TestShardInterceptorsContainerFactory_InvalidExpiryTimespan
=== PAUSE TestShardInterceptorsContainerFactory_InvalidExpiryTimespan
=== RUN   TestShardInterceptorsContainerFactory_CreateShouldWork
=== PAUSE TestShardInterceptorsContainerFactory_CreateShouldWork
=== RUN   TestShardInterceptorsContainerFactory_With4ShardsShouldWork
=== PAUSE TestShardInterceptorsContainerFactory_With4ShardsShouldWork
=== CONT  TestNewMetaInterceptorsContainerFactory_NilShardCoordinatorShouldErr
--- PASS: TestNewMetaInterceptorsContainerFactory_NilShardCoordinatorShouldErr (0.00s)
=== CONT  TestShardInterceptorsContainerFactory_With4ShardsShouldWork
=== RUN   TestShardInterceptorsContainerFactory_With4ShardsShouldWork/normal_mode
=== PAUSE TestShardInterceptorsContainerFactory_With4ShardsShouldWork/normal_mode
=== RUN   TestShardInterceptorsContainerFactory_With4ShardsShouldWork/full_archive_mode
=== PAUSE TestShardInterceptorsContainerFactory_With4ShardsShouldWork/full_archive_mode
=== CONT  TestShardInterceptorsContainerFactory_With4ShardsShouldWork/normal_mode
=== CONT  TestShardInterceptorsContainerFactory_CreateShouldWork
--- PASS: TestShardInterceptorsContainerFactory_CreateShouldWork (0.00s)
=== CONT  TestShardInterceptorsContainerFactory_InvalidExpiryTimespan
--- PASS: TestShardInterceptorsContainerFactory_InvalidExpiryTimespan (0.00s)
=== CONT  TestShardInterceptorsContainerFactory_NilPeerSignatureHandler
--- PASS: TestShardInterceptorsContainerFactory_NilPeerSignatureHandler (0.00s)
=== CONT  TestShardInterceptorsContainerFactory_NilSignaturesHandler
--- PASS: TestShardInterceptorsContainerFactory_NilSignaturesHandler (0.00s)
=== CONT  TestShardInterceptorsContainerFactory_CreateTopicsAndRegisterFailure
=== RUN   TestShardInterceptorsContainerFactory_CreateTopicsAndRegisterFailure/generateTxInterceptors_createmain_messenger
=== PAUSE TestShardInterceptorsContainerFactory_CreateTopicsAndRegisterFailure/generateTxInterceptors_createmain_messenger
=== RUN   TestShardInterceptorsContainerFactory_CreateTopicsAndRegisterFailure/generateTxInterceptors_createfull_archive_messenger
=== PAUSE TestShardInterceptorsContainerFactory_CreateTopicsAndRegisterFailure/generateTxInterceptors_createfull_archive_messenger
=== RUN   TestShardInterceptorsContainerFactory_CreateTopicsAndRegisterFailure/generateTxInterceptors_registermain_messenger
=== PAUSE TestShardInterceptorsContainerFactory_CreateTopicsAndRegisterFailure/generateTxInterceptors_registermain_messenger
=== RUN   TestShardInterceptorsContainerFactory_CreateTopicsAndRegisterFailure/generateTxInterceptors_registerfull_archive_messenger
=== PAUSE TestShardInterceptorsContainerFactory_CreateTopicsAndRegisterFailure/generateTxInterceptors_registerfull_archive_messenger
=== CONT  TestNewMetaInterceptorsContainerFactory_ShouldWorkWithSizeCheck
=== CONT  TestNewMetaInterceptorsContainerFactory_ShouldWork
=== CONT  TestNewMetaInterceptorsContainerFactory_NilHardforkTriggerShouldErr
--- PASS: TestNewMetaInterceptorsContainerFactory_NilHardforkTriggerShouldErr (0.00s)
=== CONT  TestNewMetaInterceptorsContainerFactory_NilFullArchivePeerShardMapperShouldErr
--- PASS: TestNewMetaInterceptorsContainerFactory_ShouldWorkWithSizeCheck (0.00s)
--- PASS: TestNewMetaInterceptorsContainerFactory_NilFullArchivePeerShardMapperShouldErr (0.00s)
=== CONT  TestNewMetaInterceptorsContainerFactory_NilMainPeerShardMapperShouldErr
=== CONT  TestNewShardInterceptorsContainerFactory_ShouldWork
=== CONT  TestNewShardInterceptorsContainerFactory_NilHardforkTriggerShouldErr
--- PASS: TestNewMetaInterceptorsContainerFactory_ShouldWork (0.00s)
--- PASS: TestNewShardInterceptorsContainerFactory_ShouldWork (0.00s)
--- PASS: TestNewShardInterceptorsContainerFactory_NilHardforkTriggerShouldErr (0.00s)
=== CONT  TestNewMetaInterceptorsContainerFactory_EpochStartTriggerShouldErr
=== CONT  TestNewShardInterceptorsContainerFactory_NilFullArchivePeerShardMapperShouldErr
--- PASS: TestNewMetaInterceptorsContainerFactory_NilMainPeerShardMapperShouldErr (0.00s)
--- PASS: TestNewMetaInterceptorsContainerFactory_EpochStartTriggerShouldErr (0.00s)
=== CONT  TestNewMetaInterceptorsContainerFactory_InvalidExpiryTimespan
--- PASS: TestNewShardInterceptorsContainerFactory_NilFullArchivePeerShardMapperShouldErr (0.00s)
=== CONT  TestNewShardInterceptorsContainerFactory_NilMainPeerShardMapperShouldErr
--- PASS: TestNewMetaInterceptorsContainerFactory_InvalidExpiryTimespan (0.00s)
=== CONT  TestNewMetaInterceptorsContainerFactory_NilInterceptedDataVerifierFactory
--- PASS: TestNewShardInterceptorsContainerFactory_NilMainPeerShardMapperShouldErr (0.00s)
=== CONT  TestNewMetaInterceptorsContainerFactory_NilSignaturesHandler
--- PASS: TestNewMetaInterceptorsContainerFactory_NilInterceptedDataVerifierFactory (0.00s)
=== CONT  TestNewShardInterceptorsContainerFactory_EmptyEpochStartTriggerShouldErr
--- PASS: TestNewMetaInterceptorsContainerFactory_NilSignaturesHandler (0.00s)
=== CONT  TestNewMetaInterceptorsContainerFactory_NilValidityAttesterShouldErr
=== CONT  TestNewShardInterceptorsContainerFactory_InvalidChainIDShouldErr
--- PASS: TestNewShardInterceptorsContainerFactory_EmptyEpochStartTriggerShouldErr (0.00s)
--- PASS: TestNewShardInterceptorsContainerFactory_InvalidChainIDShouldErr (0.00s)
=== CONT  TestNewMetaInterceptorsContainerFactory_NilFeeHandlerShouldErr
--- PASS: TestNewMetaInterceptorsContainerFactory_NilValidityAttesterShouldErr (0.00s)
=== CONT  TestNewShardInterceptorsContainerFactory_NilInterceptedDataVerifierFactory
--- PASS: TestNewMetaInterceptorsContainerFactory_NilFeeHandlerShouldErr (0.00s)
=== CONT  TestNewMetaInterceptorsContainerFactory_NilEpochNotifierShouldErr
--- PASS: TestNewShardInterceptorsContainerFactory_NilInterceptedDataVerifierFactory (0.00s)
=== CONT  TestNewShardInterceptorsContainerFactory_NilValidityAttesterShouldErr
--- PASS: TestNewMetaInterceptorsContainerFactory_NilEpochNotifierShouldErr (0.00s)
=== CONT  TestNewMetaInterceptorsContainerFactory_NilTxSignHasherShouldErr
--- PASS: TestNewMetaInterceptorsContainerFactory_NilTxSignHasherShouldErr (0.00s)
--- PASS: TestNewShardInterceptorsContainerFactory_NilValidityAttesterShouldErr (0.00s)
=== CONT  TestNewMetaInterceptorsContainerFactory_NilSingleSignerShouldErr
=== CONT  TestNewShardInterceptorsContainerFactory_NilBlackListHandlerShouldErr
--- PASS: TestNewShardInterceptorsContainerFactory_NilBlackListHandlerShouldErr (0.00s)
=== CONT  TestNewShardInterceptorsContainerFactory_NilTxFeeHandlerShouldErr
=== CONT  TestNewMetaInterceptorsContainerFactory_NilAccountsShouldErr
=== CONT  TestNewMetaInterceptorsContainerFactory_NilKeyGenShouldErr
=== CONT  TestNewMetaInterceptorsContainerFactory_NilDataPoolShouldErr
--- PASS: TestNewMetaInterceptorsContainerFactory_NilSingleSignerShouldErr (0.00s)
--- PASS: TestNewShardInterceptorsContainerFactory_NilTxFeeHandlerShouldErr (0.00s)
--- PASS: TestNewMetaInterceptorsContainerFactory_NilAccountsShouldErr (0.00s)
=== CONT  TestNewMetaInterceptorsContainerFactory_NilMultiSignerShouldErr
=== CONT  TestNewShardInterceptorsContainerFactory_NilDataPoolShouldErr
--- PASS: TestNewMetaInterceptorsContainerFactory_NilKeyGenShouldErr (0.00s)
--- PASS: TestNewShardInterceptorsContainerFactory_NilDataPoolShouldErr (0.00s)
=== CONT  TestNewMetaInterceptorsContainerFactory_NilHeaderIntegrityVerifierShouldErr
=== CONT  TestNewShardInterceptorsContainerFactory_NilMultiSignerShouldErr
--- PASS: TestNewMetaInterceptorsContainerFactory_NilDataPoolShouldErr (0.00s)
=== CONT  TestNewShardInterceptorsContainerFactory_NilHeaderSigVerifierShouldErr
=== CONT  TestNewMetaInterceptorsContainerFactory_NilHeaderSigVerifierShouldErr
--- PASS: TestNewMetaInterceptorsContainerFactory_NilMultiSignerShouldErr (0.00s)
=== CONT  TestNewMetaInterceptorsContainerFactory_NilHasherShouldErr
=== CONT  TestNewShardInterceptorsContainerFactory_NilKeyGenShouldErr
--- PASS: TestNewShardInterceptorsContainerFactory_NilMultiSignerShouldErr (0.00s)
--- PASS: TestNewShardInterceptorsContainerFactory_NilKeyGenShouldErr (0.00s)
=== CONT  TestNewMetaInterceptorsContainerFactory_NilMarshalizerAndSizeCheckShouldErr
=== CONT  TestNewShardInterceptorsContainerFactory_NilHasherShouldErr
--- PASS: TestNewShardInterceptorsContainerFactory_NilHeaderSigVerifierShouldErr (0.00s)
--- PASS: TestNewShardInterceptorsContainerFactory_NilHasherShouldErr (0.00s)
=== CONT  TestNewMetaInterceptorsContainerFactory_NilMarshalizerShouldErr
=== CONT  TestNewShardInterceptorsContainerFactory_NilMarshalizerAndSizeCheckShouldErr
--- PASS: TestNewMetaInterceptorsContainerFactory_NilHeaderSigVerifierShouldErr (0.00s)
=== CONT  TestNewShardInterceptorsContainerFactory_NilMarshalizerShouldErr
=== CONT  TestNewMetaInterceptorsContainerFactory_NilStoreShouldErr
--- PASS: TestNewMetaInterceptorsContainerFactory_NilHasherShouldErr (0.00s)
--- PASS: TestNewMetaInterceptorsContainerFactory_NilStoreShouldErr (0.00s)
=== CONT  TestNewShardInterceptorsContainerFactory_NilStoreShouldErr
--- PASS: TestNewMetaInterceptorsContainerFactory_NilHeaderIntegrityVerifierShouldErr (0.00s)
--- PASS: TestNewMetaInterceptorsContainerFactory_NilMarshalizerAndSizeCheckShouldErr (0.00s)
--- PASS: TestNewMetaInterceptorsContainerFactory_NilMarshalizerShouldErr (0.00s)
--- PASS: TestNewShardInterceptorsContainerFactory_NilMarshalizerAndSizeCheckShouldErr (0.00s)
--- PASS: TestNewShardInterceptorsContainerFactory_NilMarshalizerShouldErr (0.00s)
--- PASS: TestNewShardInterceptorsContainerFactory_NilStoreShouldErr (0.00s)
=== CONT  TestNewMetaInterceptorsContainerFactory_NilNodesCoordinatorShouldErr
=== CONT  TestNewShardInterceptorsContainerFactory_NilFullArchiveMessengerShouldErr
--- PASS: TestNewMetaInterceptorsContainerFactory_NilNodesCoordinatorShouldErr (0.00s)
=== CONT  TestNewShardInterceptorsContainerFactory_NilNodesCoordinatorShouldErr
--- PASS: TestNewShardInterceptorsContainerFactory_NilFullArchiveMessengerShouldErr (0.00s)
=== CONT  TestNewShardInterceptorsContainerFactory_ShouldWorkWithSizeCheck
--- PASS: TestNewShardInterceptorsContainerFactory_NilNodesCoordinatorShouldErr (0.00s)
=== CONT  TestNewMetaInterceptorsContainerFactory_InvalidMinTransactionVersionShouldErr
--- PASS: TestNewShardInterceptorsContainerFactory_ShouldWorkWithSizeCheck (0.00s)
=== CONT  TestNewMetaInterceptorsContainerFactory_InvalidChainIDShouldErr
--- PASS: TestNewMetaInterceptorsContainerFactory_InvalidMinTransactionVersionShouldErr (0.00s)
=== CONT  TestShardInterceptorsContainerFactory_With4ShardsShouldWork/full_archive_mode
--- PASS: TestNewMetaInterceptorsContainerFactory_InvalidChainIDShouldErr (0.00s)
=== CONT  TestNewShardInterceptorsContainerFactory_NilAddrConverterShouldErr
--- PASS: TestNewShardInterceptorsContainerFactory_NilAddrConverterShouldErr (0.00s)
=== CONT  TestNewShardInterceptorsContainerFactory_NilSingleSignerShouldErr
--- PASS: TestNewShardInterceptorsContainerFactory_NilSingleSignerShouldErr (0.00s)
=== CONT  TestNewShardInterceptorsContainerFactory_NilHeaderIntegrityVerifierShouldErr
--- PASS: TestNewShardInterceptorsContainerFactory_NilHeaderIntegrityVerifierShouldErr (0.00s)
=== CONT  TestNewShardInterceptorsContainerFactory_NilEpochNotifierShouldErr
--- PASS: TestNewShardInterceptorsContainerFactory_NilEpochNotifierShouldErr (0.00s)
=== CONT  TestNewMetaInterceptorsContainerFactory_NilFullArchiveTopicHandlerShouldErr
--- PASS: TestNewMetaInterceptorsContainerFactory_NilFullArchiveTopicHandlerShouldErr (0.00s)
=== CONT  TestNewShardInterceptorsContainerFactory_NilMainMessengerShouldErr
--- PASS: TestNewShardInterceptorsContainerFactory_NilMainMessengerShouldErr (0.00s)
=== CONT  TestNewMetaInterceptorsContainerFactory_NilMainTopicHandlerShouldErr
--- PASS: TestNewMetaInterceptorsContainerFactory_NilMainTopicHandlerShouldErr (0.00s)
=== CONT  TestNewMetaInterceptorsContainerFactory_NilRequestHandlerShouldErr
--- PASS: TestShardInterceptorsContainerFactory_With4ShardsShouldWork (0.00s)
    --- PASS: TestShardInterceptorsContainerFactory_With4ShardsShouldWork/normal_mode (0.00s)
    --- PASS: TestShardInterceptorsContainerFactory_With4ShardsShouldWork/full_archive_mode (0.00s)
=== CONT  TestNewMetaInterceptorsContainerFactory_NilPeerSignatureHandler
--- PASS: TestNewMetaInterceptorsContainerFactory_NilRequestHandlerShouldErr (0.00s)
=== CONT  TestNewShardInterceptorsContainerFactory_NilShardCoordinatorShouldErr
--- PASS: TestNewMetaInterceptorsContainerFactory_NilPeerSignatureHandler (0.00s)
--- PASS: TestNewShardInterceptorsContainerFactory_NilShardCoordinatorShouldErr (0.00s)
=== CONT  TestNewMetaInterceptorsContainerFactory_NilBlackListHandlerShouldErr
=== CONT  TestMetaInterceptorsContainerFactory_CreateShouldWork
--- PASS: TestNewMetaInterceptorsContainerFactory_NilBlackListHandlerShouldErr (0.00s)
=== CONT  TestNewShardInterceptorsContainerFactory_InvalidMinTransactionVersionShouldErr
--- PASS: TestNewShardInterceptorsContainerFactory_InvalidMinTransactionVersionShouldErr (0.00s)
=== CONT  TestNewMetaInterceptorsContainerFactory_NilAddrConvShouldErr
--- PASS: TestNewMetaInterceptorsContainerFactory_NilAddrConvShouldErr (0.00s)
=== CONT  TestMetaInterceptorsContainerFactory_CreateTopicsAndRegisterFailure
=== CONT  TestNewShardInterceptorsContainerFactory_NilAccountsAdapter
=== RUN   TestMetaInterceptorsContainerFactory_CreateTopicsAndRegisterFailure/generateMetachainHeaderInterceptors_createmain_messenger
=== PAUSE TestMetaInterceptorsContainerFactory_CreateTopicsAndRegisterFailure/generateMetachainHeaderInterceptors_createmain_messenger
=== CONT  TestNewShardInterceptorsContainerFactory_NilTxSignHasherShouldErr
=== RUN   TestMetaInterceptorsContainerFactory_CreateTopicsAndRegisterFailure/generateMetachainHeaderInterceptors_createfull_archive_messenger
=== PAUSE TestMetaInterceptorsContainerFactory_CreateTopicsAndRegisterFailure/generateMetachainHeaderInterceptors_createfull_archive_messenger
=== RUN   TestShardInterceptorsContainerFactory_CreateTopicsAndRegisterFailure/generateUnsignedTxsInterceptorsmain_messenger
=== CONT  TestMetaInterceptorsContainerFactory_With4ShardsShouldWork
=== RUN   TestMetaInterceptorsContainerFactory_With4ShardsShouldWork/regular_mode
=== PAUSE TestShardInterceptorsContainerFactory_CreateTopicsAndRegisterFailure/generateUnsignedTxsInterceptorsmain_messenger
=== PAUSE TestMetaInterceptorsContainerFactory_With4ShardsShouldWork/regular_mode
--- PASS: TestMetaInterceptorsContainerFactory_CreateShouldWork (0.00s)
--- PASS: TestNewShardInterceptorsContainerFactory_NilAccountsAdapter (0.00s)
--- PASS: TestNewShardInterceptorsContainerFactory_NilTxSignHasherShouldErr (0.00s)
=== RUN   TestMetaInterceptorsContainerFactory_CreateTopicsAndRegisterFailure/generateMetachainHeaderInterceptors_registermain_messenger
=== RUN   TestMetaInterceptorsContainerFactory_With4ShardsShouldWork/full_archive_mode
=== PAUSE TestMetaInterceptorsContainerFactory_CreateTopicsAndRegisterFailure/generateMetachainHeaderInterceptors_registermain_messenger
=== PAUSE TestMetaInterceptorsContainerFactory_With4ShardsShouldWork/full_archive_mode
=== CONT  TestMetaInterceptorsContainerFactory_With4ShardsShouldWork/regular_mode
=== RUN   TestMetaInterceptorsContainerFactory_CreateTopicsAndRegisterFailure/generateMetachainHeaderInterceptors_registerfull_archive_messenger
=== PAUSE TestMetaInterceptorsContainerFactory_CreateTopicsAndRegisterFailure/generateMetachainHeaderInterceptors_registerfull_archive_messenger
=== RUN   TestMetaInterceptorsContainerFactory_CreateTopicsAndRegisterFailure/generateShardHeaderInterceptorsmain_messenger
=== PAUSE TestMetaInterceptorsContainerFactory_CreateTopicsAndRegisterFailure/generateShardHeaderInterceptorsmain_messenger
=== RUN   TestMetaInterceptorsContainerFactory_CreateTopicsAndRegisterFailure/generateShardHeaderInterceptorsfull_archive_messenger
=== PAUSE TestMetaInterceptorsContainerFactory_CreateTopicsAndRegisterFailure/generateShardHeaderInterceptorsfull_archive_messenger
=== RUN   TestMetaInterceptorsContainerFactory_CreateTopicsAndRegisterFailure/generateTxInterceptorsmain_messenger
=== PAUSE TestMetaInterceptorsContainerFactory_CreateTopicsAndRegisterFailure/generateTxInterceptorsmain_messenger
=== RUN   TestMetaInterceptorsContainerFactory_CreateTopicsAndRegisterFailure/generateTxInterceptorsfull_archive_messenger
=== PAUSE TestMetaInterceptorsContainerFactory_CreateTopicsAndRegisterFailure/generateTxInterceptorsfull_archive_messenger
=== RUN   TestMetaInterceptorsContainerFactory_CreateTopicsAndRegisterFailure/generateUnsignedTxsInterceptorsmain_messenger
=== PAUSE TestMetaInterceptorsContainerFactory_CreateTopicsAndRegisterFailure/generateUnsignedTxsInterceptorsmain_messenger
=== RUN   TestMetaInterceptorsContainerFactory_CreateTopicsAndRegisterFailure/generateUnsignedTxsInterceptorsfull_archive_messenger
=== PAUSE TestMetaInterceptorsContainerFactory_CreateTopicsAndRegisterFailure/generateUnsignedTxsInterceptorsfull_archive_messenger
=== RUN   TestMetaInterceptorsContainerFactory_CreateTopicsAndRegisterFailure/generateRewardTxInterceptorsmain_messenger
=== PAUSE TestMetaInterceptorsContainerFactory_CreateTopicsAndRegisterFailure/generateRewardTxInterceptorsmain_messenger
=== RUN   TestMetaInterceptorsContainerFactory_CreateTopicsAndRegisterFailure/generateRewardTxInterceptorsfull_archive_messenger
=== PAUSE TestMetaInterceptorsContainerFactory_CreateTopicsAndRegisterFailure/generateRewardTxInterceptorsfull_archive_messenger
=== RUN   TestMetaInterceptorsContainerFactory_CreateTopicsAndRegisterFailure/generateMiniBlocksInterceptorsmain_messenger
=== CONT  TestMetaInterceptorsContainerFactory_With4ShardsShouldWork/full_archive_mode
=== PAUSE TestMetaInterceptorsContainerFactory_CreateTopicsAndRegisterFailure/generateMiniBlocksInterceptorsmain_messenger
=== RUN   TestMetaInterceptorsContainerFactory_CreateTopicsAndRegisterFailure/generateMiniBlocksInterceptorsfull_archive_messenger
=== PAUSE TestMetaInterceptorsContainerFactory_CreateTopicsAndRegisterFailure/generateMiniBlocksInterceptorsfull_archive_messenger
=== RUN   TestMetaInterceptorsContainerFactory_CreateTopicsAndRegisterFailure/generateTrieNodesInterceptors_validatormain_messenger
=== PAUSE TestMetaInterceptorsContainerFactory_CreateTopicsAndRegisterFailure/generateTrieNodesInterceptors_validatormain_messenger
=== RUN   TestMetaInterceptorsContainerFactory_CreateTopicsAndRegisterFailure/generateTrieNodesInterceptors_validatorfull_archive_messenger
=== PAUSE TestMetaInterceptorsContainerFactory_CreateTopicsAndRegisterFailure/generateTrieNodesInterceptors_validatorfull_archive_messenger
=== RUN   TestMetaInterceptorsContainerFactory_CreateTopicsAndRegisterFailure/generateTrieNodesInterceptors_accountmain_messenger
=== PAUSE TestMetaInterceptorsContainerFactory_CreateTopicsAndRegisterFailure/generateTrieNodesInterceptors_accountmain_messenger
=== RUN   TestMetaInterceptorsContainerFactory_CreateTopicsAndRegisterFailure/generateTrieNodesInterceptors_accountfull_archive_messenger
=== PAUSE TestMetaInterceptorsContainerFactory_CreateTopicsAndRegisterFailure/generateTrieNodesInterceptors_accountfull_archive_messenger
=== RUN   TestMetaInterceptorsContainerFactory_CreateTopicsAndRegisterFailure/generateValidatorInfoInterceptormain_messenger
=== PAUSE TestMetaInterceptorsContainerFactory_CreateTopicsAndRegisterFailure/generateValidatorInfoInterceptormain_messenger
=== RUN   TestMetaInterceptorsContainerFactory_CreateTopicsAndRegisterFailure/generateValidatorInfoInterceptorfull_archive_messenger
=== PAUSE TestMetaInterceptorsContainerFactory_CreateTopicsAndRegisterFailure/generateValidatorInfoInterceptorfull_archive_messenger
=== RUN   TestMetaInterceptorsContainerFactory_CreateTopicsAndRegisterFailure/generateHeartbeatInterceptormain_messenger
=== PAUSE TestMetaInterceptorsContainerFactory_CreateTopicsAndRegisterFailure/generateHeartbeatInterceptormain_messenger
=== RUN   TestMetaInterceptorsContainerFactory_CreateTopicsAndRegisterFailure/generateHeartbeatInterceptorfull_archive_messenger
=== PAUSE TestMetaInterceptorsContainerFactory_CreateTopicsAndRegisterFailure/generateHeartbeatInterceptorfull_archive_messenger
=== RUN   TestMetaInterceptorsContainerFactory_CreateTopicsAndRegisterFailure/generatePeerShardInterceptormain_messenger
=== RUN   TestShardInterceptorsContainerFactory_CreateTopicsAndRegisterFailure/generateUnsignedTxsInterceptorsfull_archive_messenger
=== PAUSE TestMetaInterceptorsContainerFactory_CreateTopicsAndRegisterFailure/generatePeerShardInterceptormain_messenger
=== PAUSE TestShardInterceptorsContainerFactory_CreateTopicsAndRegisterFailure/generateUnsignedTxsInterceptorsfull_archive_messenger
=== RUN   TestMetaInterceptorsContainerFactory_CreateTopicsAndRegisterFailure/generatePeerShardInterceptorfull_archive_messenger
=== PAUSE TestMetaInterceptorsContainerFactory_CreateTopicsAndRegisterFailure/generatePeerShardInterceptorfull_archive_messenger
=== RUN   TestShardInterceptorsContainerFactory_CreateTopicsAndRegisterFailure/generateRewardTxInterceptormain_messenger
=== RUN   TestMetaInterceptorsContainerFactory_CreateTopicsAndRegisterFailure/generateEquivalentProofsInterceptorsmain_messenger
=== PAUSE TestShardInterceptorsContainerFactory_CreateTopicsAndRegisterFailure/generateRewardTxInterceptormain_messenger
=== PAUSE TestMetaInterceptorsContainerFactory_CreateTopicsAndRegisterFailure/generateEquivalentProofsInterceptorsmain_messenger
=== RUN   TestShardInterceptorsContainerFactory_CreateTopicsAndRegisterFailure/generateRewardTxInterceptorfull_archive_messenger
=== RUN   TestMetaInterceptorsContainerFactory_CreateTopicsAndRegisterFailure/generateEquivalentProofsInterceptorsfull_archive_messenger
=== PAUSE TestShardInterceptorsContainerFactory_CreateTopicsAndRegisterFailure/generateRewardTxInterceptorfull_archive_messenger
=== PAUSE TestMetaInterceptorsContainerFactory_CreateTopicsAndRegisterFailure/generateEquivalentProofsInterceptorsfull_archive_messenger
=== RUN   TestShardInterceptorsContainerFactory_CreateTopicsAndRegisterFailure/generateHeaderInterceptorsmain_messenger
=== RUN   TestMetaInterceptorsContainerFactory_CreateTopicsAndRegisterFailure/generatePeerAuthenticationInterceptor_main
=== PAUSE TestShardInterceptorsContainerFactory_CreateTopicsAndRegisterFailure/generateHeaderInterceptorsmain_messenger
--- PASS: TestMetaInterceptorsContainerFactory_With4ShardsShouldWork (0.00s)
    --- PASS: TestMetaInterceptorsContainerFactory_With4ShardsShouldWork/regular_mode (0.00s)
    --- PASS: TestMetaInterceptorsContainerFactory_With4ShardsShouldWork/full_archive_mode (0.00s)
=== PAUSE TestMetaInterceptorsContainerFactory_CreateTopicsAndRegisterFailure/generatePeerAuthenticationInterceptor_main
=== RUN   TestShardInterceptorsContainerFactory_CreateTopicsAndRegisterFailure/generateHeaderInterceptorsfull_archive_messenger
=== CONT  TestMetaInterceptorsContainerFactory_CreateTopicsAndRegisterFailure/generatePeerAuthenticationInterceptor_main
=== CONT  TestMetaInterceptorsContainerFactory_CreateTopicsAndRegisterFailure/generateEquivalentProofsInterceptorsfull_archive_messenger
=== PAUSE TestShardInterceptorsContainerFactory_CreateTopicsAndRegisterFailure/generateHeaderInterceptorsfull_archive_messenger
=== RUN   TestShardInterceptorsContainerFactory_CreateTopicsAndRegisterFailure/generateMiniBlocksInterceptorsmain_messenger
=== PAUSE TestShardInterceptorsContainerFactory_CreateTopicsAndRegisterFailure/generateMiniBlocksInterceptorsmain_messenger
=== RUN   TestShardInterceptorsContainerFactory_CreateTopicsAndRegisterFailure/generateMiniBlocksInterceptorsfull_archive_messenger
=== PAUSE TestShardInterceptorsContainerFactory_CreateTopicsAndRegisterFailure/generateMiniBlocksInterceptorsfull_archive_messenger
=== RUN   TestShardInterceptorsContainerFactory_CreateTopicsAndRegisterFailure/generateMetachainHeaderInterceptorsmain_messenger
=== PAUSE TestShardInterceptorsContainerFactory_CreateTopicsAndRegisterFailure/generateMetachainHeaderInterceptorsmain_messenger
=== RUN   TestShardInterceptorsContainerFactory_CreateTopicsAndRegisterFailure/generateMetachainHeaderInterceptorsfull_archive_messenger
=== PAUSE TestShardInterceptorsContainerFactory_CreateTopicsAndRegisterFailure/generateMetachainHeaderInterceptorsfull_archive_messenger
=== RUN   TestShardInterceptorsContainerFactory_CreateTopicsAndRegisterFailure/generateTrieNodesInterceptorsmain_messenger
=== CONT  TestMetaInterceptorsContainerFactory_CreateTopicsAndRegisterFailure/generateMetachainHeaderInterceptors_createmain_messenger
=== PAUSE TestShardInterceptorsContainerFactory_CreateTopicsAndRegisterFailure/generateTrieNodesInterceptorsmain_messenger
=== RUN   TestShardInterceptorsContainerFactory_CreateTopicsAndRegisterFailure/generateTrieNodesInterceptorsfull_archive_messenger
=== PAUSE TestShardInterceptorsContainerFactory_CreateTopicsAndRegisterFailure/generateTrieNodesInterceptorsfull_archive_messenger
=== CONT  TestMetaInterceptorsContainerFactory_CreateTopicsAndRegisterFailure/generateEquivalentProofsInterceptorsmain_messenger
=== CONT  TestMetaInterceptorsContainerFactory_CreateTopicsAndRegisterFailure/generateMiniBlocksInterceptorsmain_messenger
=== RUN   TestShardInterceptorsContainerFactory_CreateTopicsAndRegisterFailure/generateValidatorInfoInterceptormain_messenger
=== PAUSE TestShardInterceptorsContainerFactory_CreateTopicsAndRegisterFailure/generateValidatorInfoInterceptormain_messenger
=== RUN   TestShardInterceptorsContainerFactory_CreateTopicsAndRegisterFailure/generateValidatorInfoInterceptorfull_archive_messenger
=== PAUSE TestShardInterceptorsContainerFactory_CreateTopicsAndRegisterFailure/generateValidatorInfoInterceptorfull_archive_messenger
=== RUN   TestShardInterceptorsContainerFactory_CreateTopicsAndRegisterFailure/generateHeartbeatInterceptormain_messenger
=== PAUSE TestShardInterceptorsContainerFactory_CreateTopicsAndRegisterFailure/generateHeartbeatInterceptormain_messenger
=== RUN   TestShardInterceptorsContainerFactory_CreateTopicsAndRegisterFailure/generateHeartbeatInterceptorfull_archive_messenger
=== PAUSE TestShardInterceptorsContainerFactory_CreateTopicsAndRegisterFailure/generateHeartbeatInterceptorfull_archive_messenger
=== CONT  TestMetaInterceptorsContainerFactory_CreateTopicsAndRegisterFailure/generateUnsignedTxsInterceptorsmain_messenger
=== RUN   TestShardInterceptorsContainerFactory_CreateTopicsAndRegisterFailure/generatePeerShardInterceptomain_messenger
=== PAUSE TestShardInterceptorsContainerFactory_CreateTopicsAndRegisterFailure/generatePeerShardInterceptomain_messenger
=== CONT  TestMetaInterceptorsContainerFactory_CreateTopicsAndRegisterFailure/generateTxInterceptorsfull_archive_messenger
=== RUN   TestShardInterceptorsContainerFactory_CreateTopicsAndRegisterFailure/generatePeerShardInterceptofull_archive_messenger
=== PAUSE TestShardInterceptorsContainerFactory_CreateTopicsAndRegisterFailure/generatePeerShardInterceptofull_archive_messenger
=== CONT  TestMetaInterceptorsContainerFactory_CreateTopicsAndRegisterFailure/generatePeerShardInterceptormain_messenger
=== RUN   TestShardInterceptorsContainerFactory_CreateTopicsAndRegisterFailure/generateEquivalentProofsInterceptormain_messenger
=== CONT  TestMetaInterceptorsContainerFactory_CreateTopicsAndRegisterFailure/generateMetachainHeaderInterceptors_registerfull_archive_messenger
=== PAUSE TestShardInterceptorsContainerFactory_CreateTopicsAndRegisterFailure/generateEquivalentProofsInterceptormain_messenger
=== RUN   TestShardInterceptorsContainerFactory_CreateTopicsAndRegisterFailure/generateEquivalentProofsInterceptorfull_archive_messenger
=== CONT  TestMetaInterceptorsContainerFactory_CreateTopicsAndRegisterFailure/generateMetachainHeaderInterceptors_registermain_messenger
=== PAUSE TestShardInterceptorsContainerFactory_CreateTopicsAndRegisterFailure/generateEquivalentProofsInterceptorfull_archive_messenger
=== CONT  TestMetaInterceptorsContainerFactory_CreateTopicsAndRegisterFailure/generateMetachainHeaderInterceptors_createfull_archive_messenger
=== RUN   TestShardInterceptorsContainerFactory_CreateTopicsAndRegisterFailure/generatePeerAuthenticationInterceptor_main
=== CONT  TestMetaInterceptorsContainerFactory_CreateTopicsAndRegisterFailure/generateHeartbeatInterceptorfull_archive_messenger
=== CONT  TestMetaInterceptorsContainerFactory_CreateTopicsAndRegisterFailure/generateTxInterceptorsmain_messenger
=== CONT  TestMetaInterceptorsContainerFactory_CreateTopicsAndRegisterFailure/generateTrieNodesInterceptors_accountmain_messenger
=== CONT  TestMetaInterceptorsContainerFactory_CreateTopicsAndRegisterFailure/generateTrieNodesInterceptors_validatorfull_archive_messenger
=== CONT  TestMetaInterceptorsContainerFactory_CreateTopicsAndRegisterFailure/generateValidatorInfoInterceptormain_messenger
=== PAUSE TestShardInterceptorsContainerFactory_CreateTopicsAndRegisterFailure/generatePeerAuthenticationInterceptor_main
=== CONT  TestShardInterceptorsContainerFactory_CreateTopicsAndRegisterFailure/generateTxInterceptors_createmain_messenger
=== CONT  TestMetaInterceptorsContainerFactory_CreateTopicsAndRegisterFailure/generateRewardTxInterceptorsmain_messenger
=== CONT  TestMetaInterceptorsContainerFactory_CreateTopicsAndRegisterFailure/generateTrieNodesInterceptors_validatormain_messenger
=== CONT  TestMetaInterceptorsContainerFactory_CreateTopicsAndRegisterFailure/generateTrieNodesInterceptors_accountfull_archive_messenger
=== CONT  TestMetaInterceptorsContainerFactory_CreateTopicsAndRegisterFailure/generateUnsignedTxsInterceptorsfull_archive_messenger
=== CONT  TestMetaInterceptorsContainerFactory_CreateTopicsAndRegisterFailure/generateMiniBlocksInterceptorsfull_archive_messenger
=== CONT  TestMetaInterceptorsContainerFactory_CreateTopicsAndRegisterFailure/generateShardHeaderInterceptorsfull_archive_messenger
=== CONT  TestShardInterceptorsContainerFactory_CreateTopicsAndRegisterFailure/generateMetachainHeaderInterceptorsfull_archive_messenger
=== CONT  TestMetaInterceptorsContainerFactory_CreateTopicsAndRegisterFailure/generateShardHeaderInterceptorsmain_messenger
=== CONT  TestMetaInterceptorsContainerFactory_CreateTopicsAndRegisterFailure/generatePeerShardInterceptorfull_archive_messenger
=== CONT  TestMetaInterceptorsContainerFactory_CreateTopicsAndRegisterFailure/generateRewardTxInterceptorsfull_archive_messenger
=== CONT  TestShardInterceptorsContainerFactory_CreateTopicsAndRegisterFailure/generatePeerAuthenticationInterceptor_main
=== CONT  TestShardInterceptorsContainerFactory_CreateTopicsAndRegisterFailure/generateMetachainHeaderInterceptorsmain_messenger
=== CONT  TestMetaInterceptorsContainerFactory_CreateTopicsAndRegisterFailure/generateHeartbeatInterceptormain_messenger
=== CONT  TestShardInterceptorsContainerFactory_CreateTopicsAndRegisterFailure/generateEquivalentProofsInterceptorfull_archive_messenger
=== CONT  TestShardInterceptorsContainerFactory_CreateTopicsAndRegisterFailure/generateEquivalentProofsInterceptormain_messenger
=== CONT  TestShardInterceptorsContainerFactory_CreateTopicsAndRegisterFailure/generateMiniBlocksInterceptorsfull_archive_messenger
=== CONT  TestShardInterceptorsContainerFactory_CreateTopicsAndRegisterFailure/generateUnsignedTxsInterceptorsmain_messenger
=== CONT  TestShardInterceptorsContainerFactory_CreateTopicsAndRegisterFailure/generateHeartbeatInterceptormain_messenger
=== CONT  TestShardInterceptorsContainerFactory_CreateTopicsAndRegisterFailure/generateTxInterceptors_registerfull_archive_messenger
=== CONT  TestShardInterceptorsContainerFactory_CreateTopicsAndRegisterFailure/generateTxInterceptors_registermain_messenger
=== CONT  TestShardInterceptorsContainerFactory_CreateTopicsAndRegisterFailure/generateTxInterceptors_createfull_archive_messenger
=== CONT  TestShardInterceptorsContainerFactory_CreateTopicsAndRegisterFailure/generateMiniBlocksInterceptorsmain_messenger
=== CONT  TestShardInterceptorsContainerFactory_CreateTopicsAndRegisterFailure/generateHeaderInterceptorsfull_archive_messenger
=== CONT  TestShardInterceptorsContainerFactory_CreateTopicsAndRegisterFailure/generateUnsignedTxsInterceptorsfull_archive_messenger
=== CONT  TestMetaInterceptorsContainerFactory_CreateTopicsAndRegisterFailure/generateValidatorInfoInterceptorfull_archive_messenger
=== CONT  TestShardInterceptorsContainerFactory_CreateTopicsAndRegisterFailure/generatePeerShardInterceptofull_archive_messenger
=== CONT  TestShardInterceptorsContainerFactory_CreateTopicsAndRegisterFailure/generateRewardTxInterceptorfull_archive_messenger
=== CONT  TestShardInterceptorsContainerFactory_CreateTopicsAndRegisterFailure/generateRewardTxInterceptormain_messenger
=== CONT  TestShardInterceptorsContainerFactory_CreateTopicsAndRegisterFailure/generateHeaderInterceptorsmain_messenger
=== CONT  TestShardInterceptorsContainerFactory_CreateTopicsAndRegisterFailure/generateTrieNodesInterceptorsmain_messenger
=== CONT  TestShardInterceptorsContainerFactory_CreateTopicsAndRegisterFailure/generatePeerShardInterceptomain_messenger
=== CONT  TestShardInterceptorsContainerFactory_CreateTopicsAndRegisterFailure/generateHeartbeatInterceptorfull_archive_messenger
=== CONT  TestShardInterceptorsContainerFactory_CreateTopicsAndRegisterFailure/generateValidatorInfoInterceptorfull_archive_messenger
--- PASS: TestMetaInterceptorsContainerFactory_CreateTopicsAndRegisterFailure (0.00s)
    --- PASS: TestMetaInterceptorsContainerFactory_CreateTopicsAndRegisterFailure/generatePeerAuthenticationInterceptor_main (0.00s)
    --- PASS: TestMetaInterceptorsContainerFactory_CreateTopicsAndRegisterFailure/generateEquivalentProofsInterceptorsfull_archive_messenger (0.00s)
    --- PASS: TestMetaInterceptorsContainerFactory_CreateTopicsAndRegisterFailure/generateEquivalentProofsInterceptorsmain_messenger (0.00s)
    --- PASS: TestMetaInterceptorsContainerFactory_CreateTopicsAndRegisterFailure/generateUnsignedTxsInterceptorsmain_messenger (0.00s)
    --- PASS: TestMetaInterceptorsContainerFactory_CreateTopicsAndRegisterFailure/generateMiniBlocksInterceptorsmain_messenger (0.00s)
    --- PASS: TestMetaInterceptorsContainerFactory_CreateTopicsAndRegisterFailure/generateTxInterceptorsfull_archive_messenger (0.00s)
    --- PASS: TestMetaInterceptorsContainerFactory_CreateTopicsAndRegisterFailure/generateMetachainHeaderInterceptors_registerfull_archive_messenger (0.00s)
    --- PASS: TestMetaInterceptorsContainerFactory_CreateTopicsAndRegisterFailure/generateMetachainHeaderInterceptors_registermain_messenger (0.00s)
    --- PASS: TestMetaInterceptorsContainerFactory_CreateTopicsAndRegisterFailure/generatePeerShardInterceptormain_messenger (0.00s)
    --- PASS: TestMetaInterceptorsContainerFactory_CreateTopicsAndRegisterFailure/generateMetachainHeaderInterceptors_createfull_archive_messenger (0.00s)
    --- PASS: TestMetaInterceptorsContainerFactory_CreateTopicsAndRegisterFailure/generateHeartbeatInterceptorfull_archive_messenger (0.00s)
    --- PASS: TestMetaInterceptorsContainerFactory_CreateTopicsAndRegisterFailure/generateTrieNodesInterceptors_accountmain_messenger (0.00s)
    --- PASS: TestMetaInterceptorsContainerFactory_CreateTopicsAndRegisterFailure/generateTxInterceptorsmain_messenger (0.00s)
    --- PASS: TestMetaInterceptorsContainerFactory_CreateTopicsAndRegisterFailure/generateTrieNodesInterceptors_validatorfull_archive_messenger (0.00s)
    --- PASS: TestMetaInterceptorsContainerFactory_CreateTopicsAndRegisterFailure/generateValidatorInfoInterceptormain_messenger (0.00s)
    --- PASS: TestMetaInterceptorsContainerFactory_CreateTopicsAndRegisterFailure/generateRewardTxInterceptorsmain_messenger (0.00s)
    --- PASS: TestMetaInterceptorsContainerFactory_CreateTopicsAndRegisterFailure/generateTrieNodesInterceptors_validatormain_messenger (0.00s)
    --- PASS: TestMetaInterceptorsContainerFactory_CreateTopicsAndRegisterFailure/generateTrieNodesInterceptors_accountfull_archive_messenger (0.00s)
    --- PASS: TestMetaInterceptorsContainerFactory_CreateTopicsAndRegisterFailure/generateUnsignedTxsInterceptorsfull_archive_messenger (0.00s)
    --- PASS: TestMetaInterceptorsContainerFactory_CreateTopicsAndRegisterFailure/generateShardHeaderInterceptorsfull_archive_messenger (0.00s)
    --- PASS: TestMetaInterceptorsContainerFactory_CreateTopicsAndRegisterFailure/generateMiniBlocksInterceptorsfull_archive_messenger (0.00s)
    --- PASS: TestMetaInterceptorsContainerFactory_CreateTopicsAndRegisterFailure/generateShardHeaderInterceptorsmain_messenger (0.00s)
    --- PASS: TestMetaInterceptorsContainerFactory_CreateTopicsAndRegisterFailure/generateRewardTxInterceptorsfull_archive_messenger (0.00s)
    --- PASS: TestMetaInterceptorsContainerFactory_CreateTopicsAndRegisterFailure/generatePeerShardInterceptorfull_archive_messenger (0.00s)
    --- PASS: TestMetaInterceptorsContainerFactory_CreateTopicsAndRegisterFailure/generateHeartbeatInterceptormain_messenger (0.00s)
    --- PASS: TestMetaInterceptorsContainerFactory_CreateTopicsAndRegisterFailure/generateMetachainHeaderInterceptors_createmain_messenger (0.00s)
    --- PASS: TestMetaInterceptorsContainerFactory_CreateTopicsAndRegisterFailure/generateValidatorInfoInterceptorfull_archive_messenger (0.00s)
=== CONT  TestShardInterceptorsContainerFactory_CreateTopicsAndRegisterFailure/generateValidatorInfoInterceptormain_messenger
=== CONT  TestShardInterceptorsContainerFactory_CreateTopicsAndRegisterFailure/generateTrieNodesInterceptorsfull_archive_messenger
--- PASS: TestShardInterceptorsContainerFactory_CreateTopicsAndRegisterFailure (0.00s)
    --- PASS: TestShardInterceptorsContainerFactory_CreateTopicsAndRegisterFailure/generateTxInterceptors_createmain_messenger (0.00s)
    --- PASS: TestShardInterceptorsContainerFactory_CreateTopicsAndRegisterFailure/generateMetachainHeaderInterceptorsfull_archive_messenger (0.00s)
    --- PASS: TestShardInterceptorsContainerFactory_CreateTopicsAndRegisterFailure/generatePeerAuthenticationInterceptor_main (0.00s)
    --- PASS: TestShardInterceptorsContainerFactory_CreateTopicsAndRegisterFailure/generateUnsignedTxsInterceptorsmain_messenger (0.00s)
    --- PASS: TestShardInterceptorsContainerFactory_CreateTopicsAndRegisterFailure/generateTxInterceptors_registerfull_archive_messenger (0.00s)
    --- PASS: TestShardInterceptorsContainerFactory_CreateTopicsAndRegisterFailure/generateTxInterceptors_registermain_messenger (0.00s)
    --- PASS: TestShardInterceptorsContainerFactory_CreateTopicsAndRegisterFailure/generateMiniBlocksInterceptorsfull_archive_messenger (0.00s)
    --- PASS: TestShardInterceptorsContainerFactory_CreateTopicsAndRegisterFailure/generateTxInterceptors_createfull_archive_messenger (0.00s)
    --- PASS: TestShardInterceptorsContainerFactory_CreateTopicsAndRegisterFailure/generateMiniBlocksInterceptorsmain_messenger (0.00s)
    --- PASS: TestShardInterceptorsContainerFactory_CreateTopicsAndRegisterFailure/generateHeartbeatInterceptormain_messenger (0.00s)
    --- PASS: TestShardInterceptorsContainerFactory_CreateTopicsAndRegisterFailure/generateEquivalentProofsInterceptormain_messenger (0.00s)
    --- PASS: TestShardInterceptorsContainerFactory_CreateTopicsAndRegisterFailure/generateHeaderInterceptorsfull_archive_messenger (0.00s)
    --- PASS: TestShardInterceptorsContainerFactory_CreateTopicsAndRegisterFailure/generateRewardTxInterceptorfull_archive_messenger (0.00s)
    --- PASS: TestShardInterceptorsContainerFactory_CreateTopicsAndRegisterFailure/generatePeerShardInterceptofull_archive_messenger (0.00s)
    --- PASS: TestShardInterceptorsContainerFactory_CreateTopicsAndRegisterFailure/generateHeaderInterceptorsmain_messenger (0.00s)
    --- PASS: TestShardInterceptorsContainerFactory_CreateTopicsAndRegisterFailure/generateRewardTxInterceptormain_messenger (0.00s)
    --- PASS: TestShardInterceptorsContainerFactory_CreateTopicsAndRegisterFailure/generateTrieNodesInterceptorsmain_messenger (0.00s)
    --- PASS: TestShardInterceptorsContainerFactory_CreateTopicsAndRegisterFailure/generatePeerShardInterceptomain_messenger (0.00s)
    --- PASS: TestShardInterceptorsContainerFactory_CreateTopicsAndRegisterFailure/generateUnsignedTxsInterceptorsfull_archive_messenger (0.00s)
    --- PASS: TestShardInterceptorsContainerFactory_CreateTopicsAndRegisterFailure/generateHeartbeatInterceptorfull_archive_messenger (0.00s)
    --- PASS: TestShardInterceptorsContainerFactory_CreateTopicsAndRegisterFailure/generateValidatorInfoInterceptorfull_archive_messenger (0.00s)
    --- PASS: TestShardInterceptorsContainerFactory_CreateTopicsAndRegisterFailure/generateMetachainHeaderInterceptorsmain_messenger (0.00s)
    --- PASS: TestShardInterceptorsContainerFactory_CreateTopicsAndRegisterFailure/generateValidatorInfoInterceptormain_messenger (0.00s)
    --- PASS: TestShardInterceptorsContainerFactory_CreateTopicsAndRegisterFailure/generateTrieNodesInterceptorsfull_archive_messenger (0.00s)
    --- PASS: TestShardInterceptorsContainerFactory_CreateTopicsAndRegisterFailure/generateEquivalentProofsInterceptorfull_archive_messenger (0.00s)
PASS
ok  	github.com/TerraDharitri/drt-go-chain/process/factory/interceptorscontainer	(cached)
=== RUN   TestNewVMContainerFactory_NilEconomics
=== PAUSE TestNewVMContainerFactory_NilEconomics
=== RUN   TestNewVMContainerFactory_NilMessageSignVerifier
=== PAUSE TestNewVMContainerFactory_NilMessageSignVerifier
=== RUN   TestNewVMContainerFactory_NilNodesConfigProvider
=== PAUSE TestNewVMContainerFactory_NilNodesConfigProvider
=== RUN   TestNewVMContainerFactory_NilHasher
=== PAUSE TestNewVMContainerFactory_NilHasher
=== RUN   TestNewVMContainerFactory_NilMarshalizer
=== PAUSE TestNewVMContainerFactory_NilMarshalizer
=== RUN   TestNewVMContainerFactory_NilSystemConfig
=== PAUSE TestNewVMContainerFactory_NilSystemConfig
=== RUN   TestNewVMContainerFactory_NilValidatorAccountsDB
=== PAUSE TestNewVMContainerFactory_NilValidatorAccountsDB
=== RUN   TestNewVMContainerFactory_NilUserAccountsDB
=== PAUSE TestNewVMContainerFactory_NilUserAccountsDB
=== RUN   TestNewVMContainerFactory_NilChanceComputer
=== PAUSE TestNewVMContainerFactory_NilChanceComputer
=== RUN   TestNewVMContainerFactory_NilGasSchedule
=== PAUSE TestNewVMContainerFactory_NilGasSchedule
=== RUN   TestNewVMContainerFactory_NilPubkeyConverter
=== PAUSE TestNewVMContainerFactory_NilPubkeyConverter
=== RUN   TestNewVMContainerFactory_NilBlockChainHookFails
=== PAUSE TestNewVMContainerFactory_NilBlockChainHookFails
=== RUN   TestNewVMContainerFactory_NilShardCoordinator
=== PAUSE TestNewVMContainerFactory_NilShardCoordinator
=== RUN   TestNewVMContainerFactory_NilNodesCoordinatorFails
=== PAUSE TestNewVMContainerFactory_NilNodesCoordinatorFails
=== RUN   TestNewVMContainerFactory_NilEnableEpochsHandler
=== PAUSE TestNewVMContainerFactory_NilEnableEpochsHandler
=== RUN   TestNewVMContainerFactory_OkValues
=== PAUSE TestNewVMContainerFactory_OkValues
=== RUN   TestVmContainerFactory_Create
=== PAUSE TestVmContainerFactory_Create
=== RUN   TestNewIntermediateProcessorsContainerFactory_NilShardCoord
=== PAUSE TestNewIntermediateProcessorsContainerFactory_NilShardCoord
=== RUN   TestNewIntermediateProcessorsContainerFactory_NilMarshalizer
=== PAUSE TestNewIntermediateProcessorsContainerFactory_NilMarshalizer
=== RUN   TestNewIntermediateProcessorsContainerFactory_NilHasher
=== PAUSE TestNewIntermediateProcessorsContainerFactory_NilHasher
=== RUN   TestNewIntermediateProcessorsContainerFactory_NilAdrConv
=== PAUSE TestNewIntermediateProcessorsContainerFactory_NilAdrConv
=== RUN   TestNewIntermediateProcessorsContainerFactory_NilStorer
=== PAUSE TestNewIntermediateProcessorsContainerFactory_NilStorer
=== RUN   TestNewIntermediateProcessorsContainerFactory_NilPoolsHolder
=== PAUSE TestNewIntermediateProcessorsContainerFactory_NilPoolsHolder
=== RUN   TestNewIntermediateProcessorsContainerFactory_NilEconomicsFeeHandler
=== PAUSE TestNewIntermediateProcessorsContainerFactory_NilEconomicsFeeHandler
=== RUN   TestNewIntermediateProcessorsContainerFactory_NilEnableEpochHandler
=== PAUSE TestNewIntermediateProcessorsContainerFactory_NilEnableEpochHandler
=== RUN   TestNewIntermediateProcessorsContainerFactory
=== PAUSE TestNewIntermediateProcessorsContainerFactory
=== RUN   TestIntermediateProcessorsContainerFactory_Create
=== PAUSE TestIntermediateProcessorsContainerFactory_Create
=== RUN   TestNewPreProcessorsContainerFactory_NilShardCoordinator
=== PAUSE TestNewPreProcessorsContainerFactory_NilShardCoordinator
=== RUN   TestNewPreProcessorsContainerFactory_NilStore
=== PAUSE TestNewPreProcessorsContainerFactory_NilStore
=== RUN   TestNewPreProcessorsContainerFactory_NilMarshalizer
=== PAUSE TestNewPreProcessorsContainerFactory_NilMarshalizer
=== RUN   TestNewPreProcessorsContainerFactory_NilHasher
=== PAUSE TestNewPreProcessorsContainerFactory_NilHasher
=== RUN   TestNewPreProcessorsContainerFactory_NilDataPool
=== PAUSE TestNewPreProcessorsContainerFactory_NilDataPool
=== RUN   TestNewPreProcessorsContainerFactory_NilAccounts
=== PAUSE TestNewPreProcessorsContainerFactory_NilAccounts
=== RUN   TestNewPreProcessorsContainerFactory_NilFeeHandler
=== PAUSE TestNewPreProcessorsContainerFactory_NilFeeHandler
=== RUN   TestNewPreProcessorsContainerFactory_NilTxProcessor
=== PAUSE TestNewPreProcessorsContainerFactory_NilTxProcessor
=== RUN   TestNewPreProcessorsContainerFactory_NilRequestHandler
=== PAUSE TestNewPreProcessorsContainerFactory_NilRequestHandler
=== RUN   TestNewPreProcessorsContainerFactory_NilGasHandler
=== PAUSE TestNewPreProcessorsContainerFactory_NilGasHandler
=== RUN   TestNewPreProcessorsContainerFactory_NilBlockTracker
=== PAUSE TestNewPreProcessorsContainerFactory_NilBlockTracker
=== RUN   TestNewPreProcessorsContainerFactory_NilPubkeyConverter
=== PAUSE TestNewPreProcessorsContainerFactory_NilPubkeyConverter
=== RUN   TestNewPreProcessorsContainerFactory_NilBlockSizeComputationHandler
=== PAUSE TestNewPreProcessorsContainerFactory_NilBlockSizeComputationHandler
=== RUN   TestNewPreProcessorsContainerFactory_NilBalanceComputationHandler
=== PAUSE TestNewPreProcessorsContainerFactory_NilBalanceComputationHandler
=== RUN   TestNewPreProcessorsContainerFactory_NilEnableEpochsHandler
=== PAUSE TestNewPreProcessorsContainerFactory_NilEnableEpochsHandler
=== RUN   TestNewPreProcessorsContainerFactory_NilTxTypeHandler
=== PAUSE TestNewPreProcessorsContainerFactory_NilTxTypeHandler
=== RUN   TestNewPreProcessorsContainerFactory_NilScheduledTxsExecutionHandler
=== PAUSE TestNewPreProcessorsContainerFactory_NilScheduledTxsExecutionHandler
=== RUN   TestNewPreProcessorsContainerFactory_NilProcessedMiniBlocksTracker
=== PAUSE TestNewPreProcessorsContainerFactory_NilProcessedMiniBlocksTracker
=== RUN   TestNewPreProcessorsContainerFactory_NilTxExecutionOrderHandler
=== PAUSE TestNewPreProcessorsContainerFactory_NilTxExecutionOrderHandler
=== RUN   TestNewPreProcessorsContainerFactory
=== PAUSE TestNewPreProcessorsContainerFactory
=== RUN   TestPreProcessorsContainerFactory_CreateErrTxPreproc
=== PAUSE TestPreProcessorsContainerFactory_CreateErrTxPreproc
=== RUN   TestPreProcessorsContainerFactory_Create
=== PAUSE TestPreProcessorsContainerFactory_Create
=== CONT  TestNewVMContainerFactory_NilEconomics
--- PASS: TestNewVMContainerFactory_NilEconomics (0.00s)
=== CONT  TestPreProcessorsContainerFactory_Create
--- PASS: TestPreProcessorsContainerFactory_Create (0.00s)
=== CONT  TestPreProcessorsContainerFactory_CreateErrTxPreproc
--- PASS: TestPreProcessorsContainerFactory_CreateErrTxPreproc (0.00s)
=== CONT  TestNewPreProcessorsContainerFactory
--- PASS: TestNewPreProcessorsContainerFactory (0.00s)
=== CONT  TestNewPreProcessorsContainerFactory_NilTxExecutionOrderHandler
--- PASS: TestNewPreProcessorsContainerFactory_NilTxExecutionOrderHandler (0.00s)
=== CONT  TestNewPreProcessorsContainerFactory_NilProcessedMiniBlocksTracker
--- PASS: TestNewPreProcessorsContainerFactory_NilProcessedMiniBlocksTracker (0.00s)
=== CONT  TestNewPreProcessorsContainerFactory_NilScheduledTxsExecutionHandler
--- PASS: TestNewPreProcessorsContainerFactory_NilScheduledTxsExecutionHandler (0.00s)
=== CONT  TestNewPreProcessorsContainerFactory_NilTxTypeHandler
--- PASS: TestNewPreProcessorsContainerFactory_NilTxTypeHandler (0.00s)
=== CONT  TestNewPreProcessorsContainerFactory_NilEnableEpochsHandler
--- PASS: TestNewPreProcessorsContainerFactory_NilEnableEpochsHandler (0.00s)
=== CONT  TestNewPreProcessorsContainerFactory_NilBalanceComputationHandler
--- PASS: TestNewPreProcessorsContainerFactory_NilBalanceComputationHandler (0.00s)
=== CONT  TestNewPreProcessorsContainerFactory_NilBlockSizeComputationHandler
--- PASS: TestNewPreProcessorsContainerFactory_NilBlockSizeComputationHandler (0.00s)
=== CONT  TestNewPreProcessorsContainerFactory_NilPubkeyConverter
--- PASS: TestNewPreProcessorsContainerFactory_NilPubkeyConverter (0.00s)
=== CONT  TestNewPreProcessorsContainerFactory_NilBlockTracker
--- PASS: TestNewPreProcessorsContainerFactory_NilBlockTracker (0.00s)
=== CONT  TestNewPreProcessorsContainerFactory_NilGasHandler
--- PASS: TestNewPreProcessorsContainerFactory_NilGasHandler (0.00s)
=== CONT  TestNewPreProcessorsContainerFactory_NilRequestHandler
--- PASS: TestNewPreProcessorsContainerFactory_NilRequestHandler (0.00s)
=== CONT  TestNewPreProcessorsContainerFactory_NilTxProcessor
--- PASS: TestNewPreProcessorsContainerFactory_NilTxProcessor (0.00s)
=== CONT  TestNewPreProcessorsContainerFactory_NilFeeHandler
--- PASS: TestNewPreProcessorsContainerFactory_NilFeeHandler (0.00s)
=== CONT  TestNewPreProcessorsContainerFactory_NilAccounts
--- PASS: TestNewPreProcessorsContainerFactory_NilAccounts (0.00s)
=== CONT  TestNewPreProcessorsContainerFactory_NilDataPool
--- PASS: TestNewPreProcessorsContainerFactory_NilDataPool (0.00s)
=== CONT  TestNewPreProcessorsContainerFactory_NilHasher
--- PASS: TestNewPreProcessorsContainerFactory_NilHasher (0.00s)
=== CONT  TestNewPreProcessorsContainerFactory_NilMarshalizer
--- PASS: TestNewPreProcessorsContainerFactory_NilMarshalizer (0.00s)
=== CONT  TestNewPreProcessorsContainerFactory_NilStore
--- PASS: TestNewPreProcessorsContainerFactory_NilStore (0.00s)
=== CONT  TestNewPreProcessorsContainerFactory_NilShardCoordinator
--- PASS: TestNewPreProcessorsContainerFactory_NilShardCoordinator (0.00s)
=== CONT  TestIntermediateProcessorsContainerFactory_Create
--- PASS: TestIntermediateProcessorsContainerFactory_Create (0.00s)
=== CONT  TestNewIntermediateProcessorsContainerFactory
--- PASS: TestNewIntermediateProcessorsContainerFactory (0.00s)
=== CONT  TestNewIntermediateProcessorsContainerFactory_NilEnableEpochHandler
--- PASS: TestNewIntermediateProcessorsContainerFactory_NilEnableEpochHandler (0.00s)
=== CONT  TestNewIntermediateProcessorsContainerFactory_NilEconomicsFeeHandler
--- PASS: TestNewIntermediateProcessorsContainerFactory_NilEconomicsFeeHandler (0.00s)
=== CONT  TestNewIntermediateProcessorsContainerFactory_NilPoolsHolder
--- PASS: TestNewIntermediateProcessorsContainerFactory_NilPoolsHolder (0.00s)
=== CONT  TestNewIntermediateProcessorsContainerFactory_NilStorer
--- PASS: TestNewIntermediateProcessorsContainerFactory_NilStorer (0.00s)
=== CONT  TestNewIntermediateProcessorsContainerFactory_NilAdrConv
--- PASS: TestNewIntermediateProcessorsContainerFactory_NilAdrConv (0.00s)
=== CONT  TestNewIntermediateProcessorsContainerFactory_NilHasher
--- PASS: TestNewIntermediateProcessorsContainerFactory_NilHasher (0.00s)
=== CONT  TestNewIntermediateProcessorsContainerFactory_NilMarshalizer
--- PASS: TestNewIntermediateProcessorsContainerFactory_NilMarshalizer (0.00s)
=== CONT  TestNewIntermediateProcessorsContainerFactory_NilShardCoord
--- PASS: TestNewIntermediateProcessorsContainerFactory_NilShardCoord (0.00s)
=== CONT  TestVmContainerFactory_Create
=== CONT  TestNewVMContainerFactory_NilChanceComputer
--- PASS: TestNewVMContainerFactory_NilChanceComputer (0.00s)
=== CONT  TestNewVMContainerFactory_OkValues
--- PASS: TestNewVMContainerFactory_OkValues (0.00s)
=== CONT  TestNewVMContainerFactory_NilEnableEpochsHandler
--- PASS: TestNewVMContainerFactory_NilEnableEpochsHandler (0.00s)
=== CONT  TestNewVMContainerFactory_NilNodesCoordinatorFails
--- PASS: TestNewVMContainerFactory_NilNodesCoordinatorFails (0.00s)
=== CONT  TestNewVMContainerFactory_NilShardCoordinator
--- PASS: TestNewVMContainerFactory_NilShardCoordinator (0.00s)
=== CONT  TestNewVMContainerFactory_NilBlockChainHookFails
--- PASS: TestNewVMContainerFactory_NilBlockChainHookFails (0.00s)
=== CONT  TestNewVMContainerFactory_NilPubkeyConverter
--- PASS: TestNewVMContainerFactory_NilPubkeyConverter (0.00s)
=== CONT  TestNewVMContainerFactory_NilGasSchedule
--- PASS: TestNewVMContainerFactory_NilGasSchedule (0.00s)
=== CONT  TestNewVMContainerFactory_NilMarshalizer
--- PASS: TestNewVMContainerFactory_NilMarshalizer (0.00s)
=== CONT  TestNewVMContainerFactory_NilUserAccountsDB
--- PASS: TestNewVMContainerFactory_NilUserAccountsDB (0.00s)
=== CONT  TestNewVMContainerFactory_NilValidatorAccountsDB
--- PASS: TestNewVMContainerFactory_NilValidatorAccountsDB (0.00s)
=== CONT  TestNewVMContainerFactory_NilSystemConfig
=== CONT  TestNewVMContainerFactory_NilHasher
--- PASS: TestVmContainerFactory_Create (0.00s)
=== CONT  TestNewVMContainerFactory_NilNodesConfigProvider
--- PASS: TestNewVMContainerFactory_NilHasher (0.00s)
=== CONT  TestNewVMContainerFactory_NilMessageSignVerifier
--- PASS: TestNewVMContainerFactory_NilNodesConfigProvider (0.00s)
--- PASS: TestNewVMContainerFactory_NilMessageSignVerifier (0.00s)
--- PASS: TestNewVMContainerFactory_NilSystemConfig (0.00s)
PASS
ok  	github.com/TerraDharitri/drt-go-chain/process/factory/metachain	(cached)
=== RUN   TestNewPreProcessorsContainerFactory_NilShardCoordinator
=== PAUSE TestNewPreProcessorsContainerFactory_NilShardCoordinator
=== RUN   TestNewPreProcessorsContainerFactory_NilStore
=== PAUSE TestNewPreProcessorsContainerFactory_NilStore
=== RUN   TestNewPreProcessorsContainerFactory_NilMarshalizer
=== PAUSE TestNewPreProcessorsContainerFactory_NilMarshalizer
=== RUN   TestNewPreProcessorsContainerFactory_NilHasher
=== PAUSE TestNewPreProcessorsContainerFactory_NilHasher
=== RUN   TestNewPreProcessorsContainerFactory_NilDataPool
=== PAUSE TestNewPreProcessorsContainerFactory_NilDataPool
=== RUN   TestNewPreProcessorsContainerFactory_NilAddrConv
=== PAUSE TestNewPreProcessorsContainerFactory_NilAddrConv
=== RUN   TestNewPreProcessorsContainerFactory_NilAccounts
=== PAUSE TestNewPreProcessorsContainerFactory_NilAccounts
=== RUN   TestNewPreProcessorsContainerFactory_NilTxProcessor
=== PAUSE TestNewPreProcessorsContainerFactory_NilTxProcessor
=== RUN   TestNewPreProcessorsContainerFactory_NilSCProcessor
=== PAUSE TestNewPreProcessorsContainerFactory_NilSCProcessor
=== RUN   TestNewPreProcessorsContainerFactory_NilSCR
=== PAUSE TestNewPreProcessorsContainerFactory_NilSCR
=== RUN   TestNewPreProcessorsContainerFactory_NilRewardTxProcessor
=== PAUSE TestNewPreProcessorsContainerFactory_NilRewardTxProcessor
=== RUN   TestNewPreProcessorsContainerFactory_NilRequestHandler
=== PAUSE TestNewPreProcessorsContainerFactory_NilRequestHandler
=== RUN   TestNewPreProcessorsContainerFactory_NilFeeHandler
=== PAUSE TestNewPreProcessorsContainerFactory_NilFeeHandler
=== RUN   TestNewPreProcessorsContainerFactory_NilGasHandler
=== PAUSE TestNewPreProcessorsContainerFactory_NilGasHandler
=== RUN   TestNewPreProcessorsContainerFactory_NilBlockTracker
=== PAUSE TestNewPreProcessorsContainerFactory_NilBlockTracker
=== RUN   TestNewPreProcessorsContainerFactory_NilBlockSizeComputationHandler
=== PAUSE TestNewPreProcessorsContainerFactory_NilBlockSizeComputationHandler
=== RUN   TestNewPreProcessorsContainerFactory_NilBalanceComputationHandler
=== PAUSE TestNewPreProcessorsContainerFactory_NilBalanceComputationHandler
=== RUN   TestNewPreProcessorsContainerFactory_NilEnableEpochsHandler
=== PAUSE TestNewPreProcessorsContainerFactory_NilEnableEpochsHandler
=== RUN   TestNewPreProcessorsContainerFactory_NilTxTypeHandler
=== PAUSE TestNewPreProcessorsContainerFactory_NilTxTypeHandler
=== RUN   TestNewPreProcessorsContainerFactory_NilScheduledTxsExecutionHandler
=== PAUSE TestNewPreProcessorsContainerFactory_NilScheduledTxsExecutionHandler
=== RUN   TestNewPreProcessorsContainerFactory_NilProcessedMiniBlocksTracker
=== PAUSE TestNewPreProcessorsContainerFactory_NilProcessedMiniBlocksTracker
=== RUN   TestNewPreProcessorsContainerFactory_NilTxExecutionOrderHandler
=== PAUSE TestNewPreProcessorsContainerFactory_NilTxExecutionOrderHandler
=== RUN   TestNewPreProcessorsContainerFactory
=== PAUSE TestNewPreProcessorsContainerFactory
=== RUN   TestPreProcessorsContainerFactory_CreateErrTxPreproc
=== PAUSE TestPreProcessorsContainerFactory_CreateErrTxPreproc
=== RUN   TestPreProcessorsContainerFactory_CreateErrScrPreproc
=== PAUSE TestPreProcessorsContainerFactory_CreateErrScrPreproc
=== RUN   TestPreProcessorsContainerFactory_Create
=== PAUSE TestPreProcessorsContainerFactory_Create
=== RUN   TestNewVMContainerFactory_NilGasScheduleShouldErr
=== PAUSE TestNewVMContainerFactory_NilGasScheduleShouldErr
=== RUN   TestNewVMContainerFactory_NilDCDTTransferParserShouldErr
=== PAUSE TestNewVMContainerFactory_NilDCDTTransferParserShouldErr
=== RUN   TestNewVMContainerFactory_NilLockerShouldErr
=== PAUSE TestNewVMContainerFactory_NilLockerShouldErr
=== RUN   TestNewVMContainerFactory_NilEpochNotifierShouldErr
=== PAUSE TestNewVMContainerFactory_NilEpochNotifierShouldErr
=== RUN   TestNewVMContainerFactory_NilEnableEpochsHandlerShouldErr
=== PAUSE TestNewVMContainerFactory_NilEnableEpochsHandlerShouldErr
=== RUN   TestNewVMContainerFactory_NilBuiltinFunctionsShouldErr
=== PAUSE TestNewVMContainerFactory_NilBuiltinFunctionsShouldErr
=== RUN   TestNewVMContainerFactory_NilBlockChainHookShouldErr
=== PAUSE TestNewVMContainerFactory_NilBlockChainHookShouldErr
=== RUN   TestNewVMContainerFactory_NilHasherShouldErr
--- PASS: TestNewVMContainerFactory_NilHasherShouldErr (0.01s)
=== RUN   TestNewVMContainerFactory_NilPubKeyConverterShouldErr
--- PASS: TestNewVMContainerFactory_NilPubKeyConverterShouldErr (0.00s)
=== RUN   TestNewVMContainerFactory_EmptyOpcodeAddressListErr
--- PASS: TestNewVMContainerFactory_EmptyOpcodeAddressListErr (0.00s)
=== RUN   TestNewVMContainerFactory_WrongAddressErr
--- PASS: TestNewVMContainerFactory_WrongAddressErr (0.00s)
=== RUN   TestNewVMContainerFactory_OkValues
--- PASS: TestNewVMContainerFactory_OkValues (0.00s)
=== RUN   TestVmContainerFactory_Create
[0;32mINFO [0m[2026-03-16 10:14:06.580]   VM 1.2 created                           
--- PASS: TestVmContainerFactory_Create (0.02s)
=== RUN   TestVmContainerFactory_ResolveWasmVMVersion
[0;32mINFO [0m[2026-03-16 10:14:06.597]   VM 1.2 created                           
[0;32mINFO [0m[2026-03-16 10:14:06.602]   VM 1.3 created                           
[0;32mINFO [0m[2026-03-16 10:14:06.608]   VM 1.4 created                           
--- PASS: TestVmContainerFactory_ResolveWasmVMVersion (0.02s)
=== RUN   TestNewIntermediateProcessorsContainerFactory_NilShardCoord
=== PAUSE TestNewIntermediateProcessorsContainerFactory_NilShardCoord
=== RUN   TestNewIntermediateProcessorsContainerFactory_NilMarshalizer
=== PAUSE TestNewIntermediateProcessorsContainerFactory_NilMarshalizer
=== RUN   TestNewIntermediateProcessorsContainerFactory_NilHasher
=== PAUSE TestNewIntermediateProcessorsContainerFactory_NilHasher
=== RUN   TestNewIntermediateProcessorsContainerFactory_NilAdrConv
=== PAUSE TestNewIntermediateProcessorsContainerFactory_NilAdrConv
=== RUN   TestNewIntermediateProcessorsContainerFactory_NilStorer
=== PAUSE TestNewIntermediateProcessorsContainerFactory_NilStorer
=== RUN   TestNewIntermediateProcessorsContainerFactory_NilPoolsHolder
=== PAUSE TestNewIntermediateProcessorsContainerFactory_NilPoolsHolder
=== RUN   TestNewIntermediateProcessorsContainerFactory_NilEconomicsFeeHandler
=== PAUSE TestNewIntermediateProcessorsContainerFactory_NilEconomicsFeeHandler
=== RUN   TestNewIntermediateProcessorsContainerFactory_NilEnableEpochsHandler
=== PAUSE TestNewIntermediateProcessorsContainerFactory_NilEnableEpochsHandler
=== RUN   TestNewIntermediateProcessorsContainerFactory
=== PAUSE TestNewIntermediateProcessorsContainerFactory
=== RUN   TestIntermediateProcessorsContainerFactory_Create
=== PAUSE TestIntermediateProcessorsContainerFactory_Create
=== CONT  TestNewPreProcessorsContainerFactory_NilShardCoordinator
--- PASS: TestNewPreProcessorsContainerFactory_NilShardCoordinator (0.00s)
=== CONT  TestIntermediateProcessorsContainerFactory_Create
--- PASS: TestIntermediateProcessorsContainerFactory_Create (0.00s)
=== CONT  TestNewIntermediateProcessorsContainerFactory
--- PASS: TestNewIntermediateProcessorsContainerFactory (0.00s)
=== CONT  TestNewIntermediateProcessorsContainerFactory_NilEnableEpochsHandler
--- PASS: TestNewIntermediateProcessorsContainerFactory_NilEnableEpochsHandler (0.00s)
=== CONT  TestNewIntermediateProcessorsContainerFactory_NilEconomicsFeeHandler
--- PASS: TestNewIntermediateProcessorsContainerFactory_NilEconomicsFeeHandler (0.00s)
=== CONT  TestNewIntermediateProcessorsContainerFactory_NilPoolsHolder
--- PASS: TestNewIntermediateProcessorsContainerFactory_NilPoolsHolder (0.00s)
=== CONT  TestNewIntermediateProcessorsContainerFactory_NilStorer
--- PASS: TestNewIntermediateProcessorsContainerFactory_NilStorer (0.00s)
=== CONT  TestNewIntermediateProcessorsContainerFactory_NilAdrConv
--- PASS: TestNewIntermediateProcessorsContainerFactory_NilAdrConv (0.00s)
=== CONT  TestNewIntermediateProcessorsContainerFactory_NilHasher
--- PASS: TestNewIntermediateProcessorsContainerFactory_NilHasher (0.00s)
=== CONT  TestNewIntermediateProcessorsContainerFactory_NilMarshalizer
--- PASS: TestNewIntermediateProcessorsContainerFactory_NilMarshalizer (0.00s)
=== CONT  TestNewIntermediateProcessorsContainerFactory_NilShardCoord
--- PASS: TestNewIntermediateProcessorsContainerFactory_NilShardCoord (0.00s)
=== CONT  TestNewVMContainerFactory_NilBlockChainHookShouldErr
--- PASS: TestNewVMContainerFactory_NilBlockChainHookShouldErr (0.00s)
=== CONT  TestNewVMContainerFactory_NilBuiltinFunctionsShouldErr
--- PASS: TestNewVMContainerFactory_NilBuiltinFunctionsShouldErr (0.00s)
=== CONT  TestNewVMContainerFactory_NilEnableEpochsHandlerShouldErr
--- PASS: TestNewVMContainerFactory_NilEnableEpochsHandlerShouldErr (0.00s)
=== CONT  TestNewVMContainerFactory_NilEpochNotifierShouldErr
--- PASS: TestNewVMContainerFactory_NilEpochNotifierShouldErr (0.00s)
=== CONT  TestNewVMContainerFactory_NilLockerShouldErr
--- PASS: TestNewVMContainerFactory_NilLockerShouldErr (0.00s)
=== CONT  TestNewVMContainerFactory_NilDCDTTransferParserShouldErr
--- PASS: TestNewVMContainerFactory_NilDCDTTransferParserShouldErr (0.00s)
=== CONT  TestNewVMContainerFactory_NilGasScheduleShouldErr
--- PASS: TestNewVMContainerFactory_NilGasScheduleShouldErr (0.00s)
=== CONT  TestPreProcessorsContainerFactory_Create
--- PASS: TestPreProcessorsContainerFactory_Create (0.00s)
=== CONT  TestPreProcessorsContainerFactory_CreateErrScrPreproc
--- PASS: TestPreProcessorsContainerFactory_CreateErrScrPreproc (0.00s)
=== CONT  TestPreProcessorsContainerFactory_CreateErrTxPreproc
--- PASS: TestPreProcessorsContainerFactory_CreateErrTxPreproc (0.00s)
=== CONT  TestNewPreProcessorsContainerFactory
--- PASS: TestNewPreProcessorsContainerFactory (0.00s)
=== CONT  TestNewPreProcessorsContainerFactory_NilTxExecutionOrderHandler
--- PASS: TestNewPreProcessorsContainerFactory_NilTxExecutionOrderHandler (0.00s)
=== CONT  TestNewPreProcessorsContainerFactory_NilProcessedMiniBlocksTracker
--- PASS: TestNewPreProcessorsContainerFactory_NilProcessedMiniBlocksTracker (0.00s)
=== CONT  TestNewPreProcessorsContainerFactory_NilScheduledTxsExecutionHandler
--- PASS: TestNewPreProcessorsContainerFactory_NilScheduledTxsExecutionHandler (0.00s)
=== CONT  TestNewPreProcessorsContainerFactory_NilTxTypeHandler
--- PASS: TestNewPreProcessorsContainerFactory_NilTxTypeHandler (0.00s)
=== CONT  TestNewPreProcessorsContainerFactory_NilEnableEpochsHandler
--- PASS: TestNewPreProcessorsContainerFactory_NilEnableEpochsHandler (0.00s)
=== CONT  TestNewPreProcessorsContainerFactory_NilBalanceComputationHandler
--- PASS: TestNewPreProcessorsContainerFactory_NilBalanceComputationHandler (0.00s)
=== CONT  TestNewPreProcessorsContainerFactory_NilBlockSizeComputationHandler
--- PASS: TestNewPreProcessorsContainerFactory_NilBlockSizeComputationHandler (0.00s)
=== CONT  TestNewPreProcessorsContainerFactory_NilTxProcessor
=== CONT  TestNewPreProcessorsContainerFactory_NilDataPool
--- PASS: TestNewPreProcessorsContainerFactory_NilDataPool (0.00s)
=== CONT  TestNewPreProcessorsContainerFactory_NilHasher
--- PASS: TestNewPreProcessorsContainerFactory_NilHasher (0.00s)
=== CONT  TestNewPreProcessorsContainerFactory_NilMarshalizer
--- PASS: TestNewPreProcessorsContainerFactory_NilTxProcessor (0.00s)
=== CONT  TestNewPreProcessorsContainerFactory_NilBlockTracker
--- PASS: TestNewPreProcessorsContainerFactory_NilMarshalizer (0.00s)
=== CONT  TestNewPreProcessorsContainerFactory_NilStore
--- PASS: TestNewPreProcessorsContainerFactory_NilBlockTracker (0.00s)
--- PASS: TestNewPreProcessorsContainerFactory_NilStore (0.00s)
=== CONT  TestNewPreProcessorsContainerFactory_NilGasHandler
=== CONT  TestNewPreProcessorsContainerFactory_NilRewardTxProcessor
--- PASS: TestNewPreProcessorsContainerFactory_NilGasHandler (0.00s)
=== CONT  TestNewPreProcessorsContainerFactory_NilSCR
=== CONT  TestNewPreProcessorsContainerFactory_NilFeeHandler
=== CONT  TestNewPreProcessorsContainerFactory_NilSCProcessor
=== CONT  TestNewPreProcessorsContainerFactory_NilRequestHandler
=== CONT  TestNewPreProcessorsContainerFactory_NilAccounts
--- PASS: TestNewPreProcessorsContainerFactory_NilRewardTxProcessor (0.00s)
--- PASS: TestNewPreProcessorsContainerFactory_NilSCR (0.00s)
--- PASS: TestNewPreProcessorsContainerFactory_NilFeeHandler (0.00s)
--- PASS: TestNewPreProcessorsContainerFactory_NilSCProcessor (0.00s)
--- PASS: TestNewPreProcessorsContainerFactory_NilRequestHandler (0.00s)
=== CONT  TestNewPreProcessorsContainerFactory_NilAddrConv
--- PASS: TestNewPreProcessorsContainerFactory_NilAccounts (0.00s)
--- PASS: TestNewPreProcessorsContainerFactory_NilAddrConv (0.00s)
PASS
ok  	github.com/TerraDharitri/drt-go-chain/process/factory/shard	(cached)
=== RUN   TestNewGuardedAccount
--- PASS: TestNewGuardedAccount (0.00s)
=== RUN   TestGuardedAccount_getActiveGuardian
=== RUN   TestGuardedAccount_getActiveGuardian/no_guardians
=== PAUSE TestGuardedAccount_getActiveGuardian/no_guardians
=== RUN   TestGuardedAccount_getActiveGuardian/one_pending_guardian
=== PAUSE TestGuardedAccount_getActiveGuardian/one_pending_guardian
=== RUN   TestGuardedAccount_getActiveGuardian/one_active_guardian
=== PAUSE TestGuardedAccount_getActiveGuardian/one_active_guardian
=== RUN   TestGuardedAccount_getActiveGuardian/one_active_and_one_pending
=== PAUSE TestGuardedAccount_getActiveGuardian/one_active_and_one_pending
=== RUN   TestGuardedAccount_getActiveGuardian/one_active_and_one_too_old
=== PAUSE TestGuardedAccount_getActiveGuardian/one_active_and_one_too_old
=== RUN   TestGuardedAccount_getActiveGuardian/one_active_and_one_too_old,_saved_in_reverse_order
=== PAUSE TestGuardedAccount_getActiveGuardian/one_active_and_one_too_old,_saved_in_reverse_order
=== CONT  TestGuardedAccount_getActiveGuardian/no_guardians
=== CONT  TestGuardedAccount_getActiveGuardian/one_active_and_one_too_old,_saved_in_reverse_order
=== CONT  TestGuardedAccount_getActiveGuardian/one_active_and_one_too_old
=== CONT  TestGuardedAccount_getActiveGuardian/one_active_and_one_pending
=== CONT  TestGuardedAccount_getActiveGuardian/one_active_guardian
=== CONT  TestGuardedAccount_getActiveGuardian/one_pending_guardian
--- PASS: TestGuardedAccount_getActiveGuardian (0.00s)
    --- PASS: TestGuardedAccount_getActiveGuardian/no_guardians (0.00s)
    --- PASS: TestGuardedAccount_getActiveGuardian/one_active_and_one_too_old,_saved_in_reverse_order (0.00s)
    --- PASS: TestGuardedAccount_getActiveGuardian/one_active_and_one_too_old (0.00s)
    --- PASS: TestGuardedAccount_getActiveGuardian/one_active_and_one_pending (0.00s)
    --- PASS: TestGuardedAccount_getActiveGuardian/one_active_guardian (0.00s)
    --- PASS: TestGuardedAccount_getActiveGuardian/one_pending_guardian (0.00s)
=== RUN   TestGuardedAccount_getConfiguredGuardians
=== RUN   TestGuardedAccount_getConfiguredGuardians/guardians_key_not_found_should_return_empty
=== PAUSE TestGuardedAccount_getConfiguredGuardians/guardians_key_not_found_should_return_empty
=== RUN   TestGuardedAccount_getConfiguredGuardians/key_found_but_no_guardians,_should_return_empty
=== PAUSE TestGuardedAccount_getConfiguredGuardians/key_found_but_no_guardians,_should_return_empty
=== RUN   TestGuardedAccount_getConfiguredGuardians/unmarshal_guardians_error_should_return_error
=== PAUSE TestGuardedAccount_getConfiguredGuardians/unmarshal_guardians_error_should_return_error
=== RUN   TestGuardedAccount_getConfiguredGuardians/unmarshal_guardians_error_should_return_error#01
=== PAUSE TestGuardedAccount_getConfiguredGuardians/unmarshal_guardians_error_should_return_error#01
=== CONT  TestGuardedAccount_getConfiguredGuardians/guardians_key_not_found_should_return_empty
=== CONT  TestGuardedAccount_getConfiguredGuardians/unmarshal_guardians_error_should_return_error#01
=== CONT  TestGuardedAccount_getConfiguredGuardians/unmarshal_guardians_error_should_return_error
=== CONT  TestGuardedAccount_getConfiguredGuardians/key_found_but_no_guardians,_should_return_empty
--- PASS: TestGuardedAccount_getConfiguredGuardians (0.00s)
    --- PASS: TestGuardedAccount_getConfiguredGuardians/guardians_key_not_found_should_return_empty (0.00s)
    --- PASS: TestGuardedAccount_getConfiguredGuardians/unmarshal_guardians_error_should_return_error#01 (0.00s)
    --- PASS: TestGuardedAccount_getConfiguredGuardians/unmarshal_guardians_error_should_return_error (0.00s)
    --- PASS: TestGuardedAccount_getConfiguredGuardians/key_found_but_no_guardians,_should_return_empty (0.00s)
=== RUN   TestGuardedAccount_saveAccountGuardians
=== RUN   TestGuardedAccount_saveAccountGuardians/marshaling_error_should_return_err
=== PAUSE TestGuardedAccount_saveAccountGuardians/marshaling_error_should_return_err
=== RUN   TestGuardedAccount_saveAccountGuardians/save_account_guardians_OK
=== PAUSE TestGuardedAccount_saveAccountGuardians/save_account_guardians_OK
=== CONT  TestGuardedAccount_saveAccountGuardians/marshaling_error_should_return_err
=== CONT  TestGuardedAccount_saveAccountGuardians/save_account_guardians_OK
--- PASS: TestGuardedAccount_saveAccountGuardians (0.00s)
    --- PASS: TestGuardedAccount_saveAccountGuardians/marshaling_error_should_return_err (0.00s)
    --- PASS: TestGuardedAccount_saveAccountGuardians/save_account_guardians_OK (0.00s)
=== RUN   TestGuardedAccount_updateGuardians
=== RUN   TestGuardedAccount_updateGuardians/update_empty_guardian_list_with_new_guardian
=== RUN   TestGuardedAccount_updateGuardians/updating_when_there_is_an_existing_pending_guardian_and_no_active_should_error
=== RUN   TestGuardedAccount_updateGuardians/updating_the_existing_same_active_guardian_should_leave_the_active_guardian_unchanged
=== RUN   TestGuardedAccount_updateGuardians/updating_the_existing_same_active_guardian,_when_there_is_also_a_pending_guardian_configured,_should_clean_up_pending_and_leave_active_unchanged
=== RUN   TestGuardedAccount_updateGuardians/updating_the_existing_same_pending_guardian_while_there_is_an_active_one_should_leave_the_active_guardian_unchanged_but_update_the_pending
--- PASS: TestGuardedAccount_updateGuardians (0.00s)
    --- PASS: TestGuardedAccount_updateGuardians/update_empty_guardian_list_with_new_guardian (0.00s)
    --- PASS: TestGuardedAccount_updateGuardians/updating_when_there_is_an_existing_pending_guardian_and_no_active_should_error (0.00s)
    --- PASS: TestGuardedAccount_updateGuardians/updating_the_existing_same_active_guardian_should_leave_the_active_guardian_unchanged (0.00s)
    --- PASS: TestGuardedAccount_updateGuardians/updating_the_existing_same_active_guardian,_when_there_is_also_a_pending_guardian_configured,_should_clean_up_pending_and_leave_active_unchanged (0.00s)
    --- PASS: TestGuardedAccount_updateGuardians/updating_the_existing_same_pending_guardian_while_there_is_an_active_one_should_leave_the_active_guardian_unchanged_but_update_the_pending (0.00s)
=== RUN   TestGuardedAccount_setAccountGuardian
=== RUN   TestGuardedAccount_setAccountGuardian/if_updateGuardians_returns_err,_the_err_should_be_propagated
=== RUN   TestGuardedAccount_setAccountGuardian/setGuardian_same_guardian_ok,_changing_existing_config
--- PASS: TestGuardedAccount_setAccountGuardian (0.00s)
    --- PASS: TestGuardedAccount_setAccountGuardian/if_updateGuardians_returns_err,_the_err_should_be_propagated (0.00s)
    --- PASS: TestGuardedAccount_setAccountGuardian/setGuardian_same_guardian_ok,_changing_existing_config (0.00s)
=== RUN   TestGuardedAccount_instantSetGuardian
=== RUN   TestGuardedAccount_instantSetGuardian/getActiveGuardianErr_with_err_(no_active_guardian)_should_error
=== RUN   TestGuardedAccount_instantSetGuardian/tx_signed_by_different_than_active_guardian_should_err
=== RUN   TestGuardedAccount_instantSetGuardian/immediately_set_the_guardian_if_setGuardian_tx_is_signed_by_active_guardian
--- PASS: TestGuardedAccount_instantSetGuardian (0.00s)
    --- PASS: TestGuardedAccount_instantSetGuardian/getActiveGuardianErr_with_err_(no_active_guardian)_should_error (0.00s)
    --- PASS: TestGuardedAccount_instantSetGuardian/tx_signed_by_different_than_active_guardian_should_err (0.00s)
    --- PASS: TestGuardedAccount_instantSetGuardian/immediately_set_the_guardian_if_setGuardian_tx_is_signed_by_active_guardian (0.00s)
=== RUN   TestGuardedAccount_GetActiveGuardian
=== RUN   TestGuardedAccount_GetActiveGuardian/wrong_account_type_should_err
=== RUN   TestGuardedAccount_GetActiveGuardian/getConfiguredGuardians_with_err_should_err_-_no_active
=== RUN   TestGuardedAccount_GetActiveGuardian/no_guardian_should_return_err
=== RUN   TestGuardedAccount_GetActiveGuardian/one_pending_guardian_should_return_err
=== RUN   TestGuardedAccount_GetActiveGuardian/one_active_guardian_should_return_the_active
=== RUN   TestGuardedAccount_GetActiveGuardian/one_active_guardian_and_one_pending_new_guardian
=== RUN   TestGuardedAccount_GetActiveGuardian/one_active_guardian_and_one_disabled_(old)_guardian
--- PASS: TestGuardedAccount_GetActiveGuardian (0.00s)
    --- PASS: TestGuardedAccount_GetActiveGuardian/wrong_account_type_should_err (0.00s)
    --- PASS: TestGuardedAccount_GetActiveGuardian/getConfiguredGuardians_with_err_should_err_-_no_active (0.00s)
    --- PASS: TestGuardedAccount_GetActiveGuardian/no_guardian_should_return_err (0.00s)
    --- PASS: TestGuardedAccount_GetActiveGuardian/one_pending_guardian_should_return_err (0.00s)
    --- PASS: TestGuardedAccount_GetActiveGuardian/one_active_guardian_should_return_the_active (0.00s)
    --- PASS: TestGuardedAccount_GetActiveGuardian/one_active_guardian_and_one_pending_new_guardian (0.00s)
    --- PASS: TestGuardedAccount_GetActiveGuardian/one_active_guardian_and_one_disabled_(old)_guardian (0.00s)
=== RUN   TestGuardedAccount_getPendingGuardian
=== RUN   TestGuardedAccount_getPendingGuardian/nil_guardians/empty_guardians_should_err
=== RUN   TestGuardedAccount_getPendingGuardian/one_pending_guardian_should_return_it
=== RUN   TestGuardedAccount_getPendingGuardian/one_active_guardian_should_err
=== RUN   TestGuardedAccount_getPendingGuardian/one_active_guardian_and_one_pending_new_guardian
=== RUN   TestGuardedAccount_getPendingGuardian/one_active_guardian_and_one_disabled_(old)_guardian_should_err
--- PASS: TestGuardedAccount_getPendingGuardian (0.00s)
    --- PASS: TestGuardedAccount_getPendingGuardian/nil_guardians/empty_guardians_should_err (0.00s)
    --- PASS: TestGuardedAccount_getPendingGuardian/one_pending_guardian_should_return_it (0.00s)
    --- PASS: TestGuardedAccount_getPendingGuardian/one_active_guardian_should_err (0.00s)
    --- PASS: TestGuardedAccount_getPendingGuardian/one_active_guardian_and_one_pending_new_guardian (0.00s)
    --- PASS: TestGuardedAccount_getPendingGuardian/one_active_guardian_and_one_disabled_(old)_guardian_should_err (0.00s)
=== RUN   TestGuardedAccount_SetGuardian
=== RUN   TestGuardedAccount_SetGuardian/invalid_user_account_handler_should_err
=== RUN   TestGuardedAccount_SetGuardian/transaction_signed_by_current_active_guardian_but_instantSetGuardian_returns_error
=== RUN   TestGuardedAccount_SetGuardian/instantly_set_guardian_if_tx_signed_by_current_active_guardian
=== RUN   TestGuardedAccount_SetGuardian/nil_guardian_serviceUID_should_err
=== RUN   TestGuardedAccount_SetGuardian/tx_not_signed_by_active_guardian_sets_guardian_with_delay
--- PASS: TestGuardedAccount_SetGuardian (0.00s)
    --- PASS: TestGuardedAccount_SetGuardian/invalid_user_account_handler_should_err (0.00s)
    --- PASS: TestGuardedAccount_SetGuardian/transaction_signed_by_current_active_guardian_but_instantSetGuardian_returns_error (0.00s)
    --- PASS: TestGuardedAccount_SetGuardian/instantly_set_guardian_if_tx_signed_by_current_active_guardian (0.00s)
    --- PASS: TestGuardedAccount_SetGuardian/nil_guardian_serviceUID_should_err (0.00s)
    --- PASS: TestGuardedAccount_SetGuardian/tx_not_signed_by_active_guardian_sets_guardian_with_delay (0.00s)
=== RUN   TestGuardedAccount_HasActiveGuardian
=== PAUSE TestGuardedAccount_HasActiveGuardian
=== RUN   TestGuardedAccount_HasPendingGuardian
=== PAUSE TestGuardedAccount_HasPendingGuardian
=== RUN   TestGuardedAccount_CleanOtherThanActive
=== PAUSE TestGuardedAccount_CleanOtherThanActive
=== RUN   TestGuardedAccount_GetConfiguredGuardians
=== RUN   TestGuardedAccount_GetConfiguredGuardians/unmarshall_error
=== PAUSE TestGuardedAccount_GetConfiguredGuardians/unmarshall_error
=== RUN   TestGuardedAccount_GetConfiguredGuardians/empty_configured_guardians
=== PAUSE TestGuardedAccount_GetConfiguredGuardians/empty_configured_guardians
=== RUN   TestGuardedAccount_GetConfiguredGuardians/one_pending_guardian
=== RUN   TestGuardedAccount_GetConfiguredGuardians/one_active_guardian
=== RUN   TestGuardedAccount_GetConfiguredGuardians/one_active_and_one_pending
=== RUN   TestGuardedAccount_GetConfiguredGuardians/one_old_and_one_active
=== CONT  TestGuardedAccount_GetConfiguredGuardians/unmarshall_error
=== CONT  TestGuardedAccount_GetConfiguredGuardians/empty_configured_guardians
--- PASS: TestGuardedAccount_GetConfiguredGuardians (0.00s)
    --- PASS: TestGuardedAccount_GetConfiguredGuardians/one_pending_guardian (0.00s)
    --- PASS: TestGuardedAccount_GetConfiguredGuardians/one_active_guardian (0.00s)
    --- PASS: TestGuardedAccount_GetConfiguredGuardians/one_active_and_one_pending (0.00s)
    --- PASS: TestGuardedAccount_GetConfiguredGuardians/one_old_and_one_active (0.00s)
    --- PASS: TestGuardedAccount_GetConfiguredGuardians/unmarshall_error (0.00s)
    --- PASS: TestGuardedAccount_GetConfiguredGuardians/empty_configured_guardians (0.00s)
=== RUN   TestGuardedAccount_EpochConfirmed
--- PASS: TestGuardedAccount_EpochConfirmed (0.00s)
=== RUN   TestGuardedAccount_IsInterfaceNil
--- PASS: TestGuardedAccount_IsInterfaceNil (0.00s)
=== RUN   TestGuardedAccount_EpochConcurrency
=== PAUSE TestGuardedAccount_EpochConcurrency
=== CONT  TestGuardedAccount_HasActiveGuardian
=== RUN   TestGuardedAccount_HasActiveGuardian/nil_account_type_should_return_false
=== RUN   TestGuardedAccount_HasActiveGuardian/getConfiguredGuardians_with_err_should_return_false
=== RUN   TestGuardedAccount_HasActiveGuardian/no_guardian_should_return_false
=== RUN   TestGuardedAccount_HasActiveGuardian/one_pending_guardian_should_return_false
=== RUN   TestGuardedAccount_HasActiveGuardian/one_active_guardian_should_return_true
=== RUN   TestGuardedAccount_HasActiveGuardian/one_active_guardian_and_one_pending_new_guardian_should_return_true
=== RUN   TestGuardedAccount_HasActiveGuardian/one_active_guardian_and_one_disabled_(old)_guardian_should_return_true
--- PASS: TestGuardedAccount_HasActiveGuardian (0.00s)
    --- PASS: TestGuardedAccount_HasActiveGuardian/nil_account_type_should_return_false (0.00s)
    --- PASS: TestGuardedAccount_HasActiveGuardian/getConfiguredGuardians_with_err_should_return_false (0.00s)
    --- PASS: TestGuardedAccount_HasActiveGuardian/no_guardian_should_return_false (0.00s)
    --- PASS: TestGuardedAccount_HasActiveGuardian/one_pending_guardian_should_return_false (0.00s)
    --- PASS: TestGuardedAccount_HasActiveGuardian/one_active_guardian_should_return_true (0.00s)
    --- PASS: TestGuardedAccount_HasActiveGuardian/one_active_guardian_and_one_pending_new_guardian_should_return_true (0.00s)
    --- PASS: TestGuardedAccount_HasActiveGuardian/one_active_guardian_and_one_disabled_(old)_guardian_should_return_true (0.00s)
=== CONT  TestGuardedAccount_EpochConcurrency
--- PASS: TestGuardedAccount_EpochConcurrency (0.00s)
=== CONT  TestGuardedAccount_CleanOtherThanActive
=== RUN   TestGuardedAccount_CleanOtherThanActive/no_configured_guardians_does_not_change_the_guardians
=== RUN   TestGuardedAccount_CleanOtherThanActive/one_pending_guardian_should_clean_the_pending
=== RUN   TestGuardedAccount_CleanOtherThanActive/one_active_guardian_should_set_again_the_active
=== RUN   TestGuardedAccount_CleanOtherThanActive/one_active_and_one_pending_should_set_again_the_active_(effect_is_cleaning_the_pending)
=== RUN   TestGuardedAccount_CleanOtherThanActive/one_active_and_one_disabled_should_set_again_the_active_(effect_is_cleaning_the_disabled)
--- PASS: TestGuardedAccount_CleanOtherThanActive (0.00s)
    --- PASS: TestGuardedAccount_CleanOtherThanActive/no_configured_guardians_does_not_change_the_guardians (0.00s)
    --- PASS: TestGuardedAccount_CleanOtherThanActive/one_pending_guardian_should_clean_the_pending (0.00s)
    --- PASS: TestGuardedAccount_CleanOtherThanActive/one_active_guardian_should_set_again_the_active (0.00s)
    --- PASS: TestGuardedAccount_CleanOtherThanActive/one_active_and_one_pending_should_set_again_the_active_(effect_is_cleaning_the_pending) (0.00s)
    --- PASS: TestGuardedAccount_CleanOtherThanActive/one_active_and_one_disabled_should_set_again_the_active_(effect_is_cleaning_the_disabled) (0.00s)
=== CONT  TestGuardedAccount_HasPendingGuardian
=== RUN   TestGuardedAccount_HasPendingGuardian/nil_account_type_should_return_false
=== RUN   TestGuardedAccount_HasPendingGuardian/getConfiguredGuardians_with_err_should_return_false
=== RUN   TestGuardedAccount_HasPendingGuardian/no_guardian_should_return_false
=== RUN   TestGuardedAccount_HasPendingGuardian/one_pending_guardian_should_return_true
=== RUN   TestGuardedAccount_HasPendingGuardian/one_active_guardian_should_return_false
=== RUN   TestGuardedAccount_HasPendingGuardian/one_active_guardian_and_one_pending_new_guardian_should_return_true
=== RUN   TestGuardedAccount_HasPendingGuardian/one_active_guardian_and_one_disabled_(old)_guardian_should_return_false
--- PASS: TestGuardedAccount_HasPendingGuardian (0.00s)
    --- PASS: TestGuardedAccount_HasPendingGuardian/nil_account_type_should_return_false (0.00s)
    --- PASS: TestGuardedAccount_HasPendingGuardian/getConfiguredGuardians_with_err_should_return_false (0.00s)
    --- PASS: TestGuardedAccount_HasPendingGuardian/no_guardian_should_return_false (0.00s)
    --- PASS: TestGuardedAccount_HasPendingGuardian/one_pending_guardian_should_return_true (0.00s)
    --- PASS: TestGuardedAccount_HasPendingGuardian/one_active_guardian_should_return_false (0.00s)
    --- PASS: TestGuardedAccount_HasPendingGuardian/one_active_guardian_and_one_pending_new_guardian_should_return_true (0.00s)
    --- PASS: TestGuardedAccount_HasPendingGuardian/one_active_guardian_and_one_disabled_(old)_guardian_should_return_false (0.00s)
PASS
ok  	github.com/TerraDharitri/drt-go-chain/process/guardian	(cached)
=== RUN   TestComputeConsensusGroup
=== PAUSE TestComputeConsensusGroup
=== RUN   TestComputeSignersPublicKeys
=== PAUSE TestComputeSignersPublicKeys
=== RUN   TestNewHeaderIntegrityVerifier_InvalidReferenceChainIDShouldErr
=== PAUSE TestNewHeaderIntegrityVerifier_InvalidReferenceChainIDShouldErr
=== RUN   TestNewHeaderIntegrityVerifierr_NilVersionHandlerShouldErr
=== PAUSE TestNewHeaderIntegrityVerifierr_NilVersionHandlerShouldErr
=== RUN   TestNewHeaderIntegrityVerifier_ShouldWork
=== PAUSE TestNewHeaderIntegrityVerifier_ShouldWork
=== RUN   TestHeaderIntegrityVerifier_PopulatedReservedShouldErr
=== PAUSE TestHeaderIntegrityVerifier_PopulatedReservedShouldErr
=== RUN   TestHeaderIntegrityVerifier_VerifyHdrChainIDAndReferenceChainIDMismatchShouldErr
=== PAUSE TestHeaderIntegrityVerifier_VerifyHdrChainIDAndReferenceChainIDMismatchShouldErr
=== RUN   TestHeaderIntegrityVerifier_VerifyShouldWork
=== PAUSE TestHeaderIntegrityVerifier_VerifyShouldWork
=== RUN   TestHeaderIntegrityVerifier_GetVersionShouldWork
=== PAUSE TestHeaderIntegrityVerifier_GetVersionShouldWork
=== RUN   TestNewHeaderSigVerifier_NilArgumentsShouldErr
=== PAUSE TestNewHeaderSigVerifier_NilArgumentsShouldErr
=== RUN   TestNewHeaderSigVerifier_NilHasherShouldErr
=== PAUSE TestNewHeaderSigVerifier_NilHasherShouldErr
=== RUN   TestNewHeaderSigVerifier_NilKeyGenShouldErr
=== PAUSE TestNewHeaderSigVerifier_NilKeyGenShouldErr
=== RUN   TestNewHeaderSigVerifier_NilMarshalizerShouldErr
=== PAUSE TestNewHeaderSigVerifier_NilMarshalizerShouldErr
=== RUN   TestNewHeaderSigVerifier_NilMultiSigShouldErr
=== PAUSE TestNewHeaderSigVerifier_NilMultiSigShouldErr
=== RUN   TestNewHeaderSigVerifier_NilNodesCoordinatorShouldErr
=== PAUSE TestNewHeaderSigVerifier_NilNodesCoordinatorShouldErr
=== RUN   TestNewHeaderSigVerifier_NilSingleSigShouldErr
=== PAUSE TestNewHeaderSigVerifier_NilSingleSigShouldErr
=== RUN   TestNewHeaderSigVerifier_NilEnableEpochsHandlerShouldErr
=== PAUSE TestNewHeaderSigVerifier_NilEnableEpochsHandlerShouldErr
=== RUN   TestNewHeaderSigVerifier_NilMultiSigContainerShouldErr
=== PAUSE TestNewHeaderSigVerifier_NilMultiSigContainerShouldErr
=== RUN   TestNewHeaderSigVerifier_NilFallbackHeaderValidatorShouldErr
=== PAUSE TestNewHeaderSigVerifier_NilFallbackHeaderValidatorShouldErr
=== RUN   TestNewHeaderSigVerifier_NilHeadersPoolShouldErr
=== PAUSE TestNewHeaderSigVerifier_NilHeadersPoolShouldErr
=== RUN   TestNewHeaderSigVerifier_NilProofsPoolShouldErr
=== PAUSE TestNewHeaderSigVerifier_NilProofsPoolShouldErr
=== RUN   TestNewHeaderSigVerifier_NilStorageServiceShouldErr
=== PAUSE TestNewHeaderSigVerifier_NilStorageServiceShouldErr
=== RUN   TestNewHeaderSigVerifier_OkValsShouldWork
=== PAUSE TestNewHeaderSigVerifier_OkValsShouldWork
=== RUN   TestHeaderSigVerifier_VerifySignatureNilPrevRandSeedShouldErr
=== PAUSE TestHeaderSigVerifier_VerifySignatureNilPrevRandSeedShouldErr
=== RUN   TestHeaderSigVerifier_VerifyRandSeedOk
=== PAUSE TestHeaderSigVerifier_VerifyRandSeedOk
=== RUN   TestHeaderSigVerifier_VerifyRandSeedShouldErrWhenVerificationFails
=== PAUSE TestHeaderSigVerifier_VerifyRandSeedShouldErrWhenVerificationFails
=== RUN   TestHeaderSigVerifier_VerifyRandSeedAndLeaderSignatureNilRandomnessShouldErr
=== PAUSE TestHeaderSigVerifier_VerifyRandSeedAndLeaderSignatureNilRandomnessShouldErr
=== RUN   TestHeaderSigVerifier_VerifyRandSeedAndLeaderSignatureVerifyShouldErrWhenValidationFails
=== PAUSE TestHeaderSigVerifier_VerifyRandSeedAndLeaderSignatureVerifyShouldErrWhenValidationFails
=== RUN   TestHeaderSigVerifier_VerifyRandSeedAndLeaderSignatureVerifyLeaderSigShouldErr
=== PAUSE TestHeaderSigVerifier_VerifyRandSeedAndLeaderSignatureVerifyLeaderSigShouldErr
=== RUN   TestHeaderSigVerifier_VerifyRandSeedAndLeaderSignatureOk
=== PAUSE TestHeaderSigVerifier_VerifyRandSeedAndLeaderSignatureOk
=== RUN   TestHeaderSigVerifier_VerifyLeaderSignatureNilPrevRandomnessShouldErr
=== PAUSE TestHeaderSigVerifier_VerifyLeaderSignatureNilPrevRandomnessShouldErr
=== RUN   TestHeaderSigVerifier_VerifyLeaderSignatureVerifyShouldErrWhenValidationFails
=== PAUSE TestHeaderSigVerifier_VerifyLeaderSignatureVerifyShouldErrWhenValidationFails
=== RUN   TestHeaderSigVerifier_VerifyLeaderSignatureVerifyLeaderSigShouldErr
=== PAUSE TestHeaderSigVerifier_VerifyLeaderSignatureVerifyLeaderSigShouldErr
=== RUN   TestHeaderSigVerifier_VerifyLeaderSignatureOk
=== PAUSE TestHeaderSigVerifier_VerifyLeaderSignatureOk
=== RUN   TestHeaderSigVerifier_VerifySignatureNilBitmapShouldErr
=== PAUSE TestHeaderSigVerifier_VerifySignatureNilBitmapShouldErr
=== RUN   TestHeaderSigVerifier_VerifySignatureBlockProposerSigMissingShouldErr
=== PAUSE TestHeaderSigVerifier_VerifySignatureBlockProposerSigMissingShouldErr
=== RUN   TestHeaderSigVerifier_VerifySignatureNilRandomnessShouldErr
=== PAUSE TestHeaderSigVerifier_VerifySignatureNilRandomnessShouldErr
=== RUN   TestHeaderSigVerifier_VerifySignatureWrongSizeBitmapShouldErr
=== PAUSE TestHeaderSigVerifier_VerifySignatureWrongSizeBitmapShouldErr
=== RUN   TestHeaderSigVerifier_VerifySignatureNotEnoughSigsShouldErr
=== PAUSE TestHeaderSigVerifier_VerifySignatureNotEnoughSigsShouldErr
=== RUN   TestHeaderSigVerifier_VerifySignatureOk
=== PAUSE TestHeaderSigVerifier_VerifySignatureOk
=== RUN   TestHeaderSigVerifier_VerifySignatureNotEnoughSigsShouldErrWhenFallbackThresholdCouldNotBeApplied
=== PAUSE TestHeaderSigVerifier_VerifySignatureNotEnoughSigsShouldErrWhenFallbackThresholdCouldNotBeApplied
=== RUN   TestHeaderSigVerifier_VerifySignatureOkWhenFallbackThresholdCouldBeApplied
=== PAUSE TestHeaderSigVerifier_VerifySignatureOkWhenFallbackThresholdCouldBeApplied
=== RUN   TestHeaderSigVerifier_VerifySignatureWithEquivalentProofsActivated
=== RUN   TestHeaderSigVerifier_VerifySignatureWithEquivalentProofsActivated/check_transition_block
--- PASS: TestHeaderSigVerifier_VerifySignatureWithEquivalentProofsActivated (0.00s)
    --- PASS: TestHeaderSigVerifier_VerifySignatureWithEquivalentProofsActivated/check_transition_block (0.00s)
=== RUN   TestHeaderSigVerifier_VerifyHeaderProof
=== PAUSE TestHeaderSigVerifier_VerifyHeaderProof
=== RUN   TestHeaderSigVerifier_getConsensusSignersForEquivalentProofs
=== PAUSE TestHeaderSigVerifier_getConsensusSignersForEquivalentProofs
=== CONT  TestComputeConsensusGroup
=== CONT  TestHeaderSigVerifier_VerifySignatureNilPrevRandSeedShouldErr
=== CONT  TestHeaderIntegrityVerifier_VerifyHdrChainIDAndReferenceChainIDMismatchShouldErr
=== CONT  TestHeaderSigVerifier_VerifySignatureNilBitmapShouldErr
--- PASS: TestHeaderIntegrityVerifier_VerifyHdrChainIDAndReferenceChainIDMismatchShouldErr (0.00s)
=== CONT  TestHeaderIntegrityVerifier_PopulatedReservedShouldErr
=== CONT  TestNewHeaderIntegrityVerifier_ShouldWork
--- PASS: TestNewHeaderIntegrityVerifier_ShouldWork (0.00s)
=== CONT  TestHeaderSigVerifier_VerifyLeaderSignatureVerifyShouldErrWhenValidationFails
=== RUN   TestComputeConsensusGroup/nil_header_should_error
--- PASS: TestHeaderSigVerifier_VerifySignatureNilPrevRandSeedShouldErr (0.00s)
=== RUN   TestComputeConsensusGroup/nil_nodes_coordinator_should_error
--- PASS: TestHeaderIntegrityVerifier_PopulatedReservedShouldErr (0.00s)
=== CONT  TestComputeSignersPublicKeys
=== RUN   TestComputeSignersPublicKeys/should_compute_with_16_validators
=== RUN   TestComputeConsensusGroup/should_work_for_a_random_block
=== PAUSE TestComputeSignersPublicKeys/should_compute_with_16_validators
=== RUN   TestComputeSignersPublicKeys/should_compute_with_14_validators
=== PAUSE TestComputeSignersPublicKeys/should_compute_with_14_validators
=== CONT  TestNewHeaderSigVerifier_OkValsShouldWork
=== RUN   TestComputeSignersPublicKeys/should_compute_with_14_validators,_mask_is_0
=== PAUSE TestComputeSignersPublicKeys/should_compute_with_14_validators,_mask_is_0
--- PASS: TestNewHeaderSigVerifier_OkValsShouldWork (0.00s)
=== CONT  TestHeaderSigVerifier_VerifyRandSeedAndLeaderSignatureVerifyShouldErrWhenValidationFails
=== RUN   TestComputeConsensusGroup/should_work_for_a_start_of_epoch_block
--- PASS: TestHeaderSigVerifier_VerifyRandSeedAndLeaderSignatureVerifyShouldErrWhenValidationFails (0.00s)
=== CONT  TestHeaderSigVerifier_VerifyLeaderSignatureNilPrevRandomnessShouldErr
--- PASS: TestHeaderSigVerifier_VerifyLeaderSignatureNilPrevRandomnessShouldErr (0.00s)
=== CONT  TestHeaderSigVerifier_VerifyRandSeedAndLeaderSignatureOk
=== CONT  TestNewHeaderSigVerifier_NilStorageServiceShouldErr
--- PASS: TestComputeConsensusGroup (0.00s)
    --- PASS: TestComputeConsensusGroup/nil_header_should_error (0.00s)
    --- PASS: TestComputeConsensusGroup/nil_nodes_coordinator_should_error (0.00s)
    --- PASS: TestComputeConsensusGroup/should_work_for_a_random_block (0.00s)
    --- PASS: TestComputeConsensusGroup/should_work_for_a_start_of_epoch_block (0.00s)
--- PASS: TestNewHeaderSigVerifier_NilStorageServiceShouldErr (0.00s)
=== CONT  TestHeaderSigVerifier_VerifyRandSeedAndLeaderSignatureVerifyLeaderSigShouldErr
=== CONT  TestNewHeaderSigVerifier_NilHeadersPoolShouldErr
=== CONT  TestNewHeaderSigVerifier_NilProofsPoolShouldErr
--- PASS: TestNewHeaderSigVerifier_NilProofsPoolShouldErr (0.00s)
--- PASS: TestNewHeaderSigVerifier_NilHeadersPoolShouldErr (0.00s)
=== CONT  TestNewHeaderSigVerifier_NilFallbackHeaderValidatorShouldErr
--- PASS: TestHeaderSigVerifier_VerifySignatureNilBitmapShouldErr (0.00s)
--- PASS: TestHeaderSigVerifier_VerifyRandSeedAndLeaderSignatureVerifyLeaderSigShouldErr (0.00s)
=== CONT  TestHeaderSigVerifier_VerifySignatureNotEnoughSigsShouldErrWhenFallbackThresholdCouldNotBeApplied
--- PASS: TestNewHeaderSigVerifier_NilFallbackHeaderValidatorShouldErr (0.00s)
=== CONT  TestHeaderSigVerifier_VerifySignatureWrongSizeBitmapShouldErr
--- PASS: TestHeaderSigVerifier_VerifyLeaderSignatureVerifyShouldErrWhenValidationFails (0.00s)
=== CONT  TestHeaderSigVerifier_VerifySignatureNotEnoughSigsShouldErr
--- PASS: TestHeaderSigVerifier_VerifySignatureWrongSizeBitmapShouldErr (0.00s)
=== CONT  TestNewHeaderSigVerifier_NilMultiSigShouldErr
--- PASS: TestHeaderSigVerifier_VerifySignatureNotEnoughSigsShouldErr (0.00s)
=== RUN   TestComputeSignersPublicKeys/should_compute_with_14_validators,_mask_contains_all_bits_set
--- PASS: TestNewHeaderSigVerifier_NilMultiSigShouldErr (0.00s)
=== PAUSE TestComputeSignersPublicKeys/should_compute_with_14_validators,_mask_contains_all_bits_set
--- PASS: TestHeaderSigVerifier_VerifyRandSeedAndLeaderSignatureOk (0.00s)
=== CONT  TestHeaderIntegrityVerifier_VerifyShouldWork
=== RUN   TestComputeSignersPublicKeys/should_compute_with_17_validators,_mask_contains_2_bytes
--- PASS: TestHeaderIntegrityVerifier_VerifyShouldWork (0.00s)
=== PAUSE TestComputeSignersPublicKeys/should_compute_with_17_validators,_mask_contains_2_bytes
=== CONT  TestNewHeaderSigVerifier_NilKeyGenShouldErr
=== CONT  TestHeaderSigVerifier_VerifyHeaderProof
=== RUN   TestHeaderSigVerifier_VerifyHeaderProof/nil_proof_should_error
--- PASS: TestNewHeaderSigVerifier_NilKeyGenShouldErr (0.00s)
=== PAUSE TestHeaderSigVerifier_VerifyHeaderProof/nil_proof_should_error
=== CONT  TestNewHeaderSigVerifier_NilMarshalizerShouldErr
=== RUN   TestHeaderSigVerifier_VerifyHeaderProof/flag_not_active_should_error
=== PAUSE TestHeaderSigVerifier_VerifyHeaderProof/flag_not_active_should_error
=== CONT  TestNewHeaderIntegrityVerifierr_NilVersionHandlerShouldErr
=== RUN   TestHeaderSigVerifier_VerifyHeaderProof/GetMultiSigner_error_should_error
=== PAUSE TestHeaderSigVerifier_VerifyHeaderProof/GetMultiSigner_error_should_error
=== CONT  TestNewHeaderSigVerifier_NilSingleSigShouldErr
=== RUN   TestHeaderSigVerifier_VerifyHeaderProof/getConsensusSignersForEquivalentProofs_error_should_error
=== CONT  TestHeaderSigVerifier_VerifySignatureNilRandomnessShouldErr
=== CONT  TestHeaderSigVerifier_VerifyRandSeedOk
=== CONT  TestHeaderSigVerifier_VerifySignatureBlockProposerSigMissingShouldErr
=== CONT  TestComputeSignersPublicKeys/should_compute_with_16_validators
=== CONT  TestComputeSignersPublicKeys/should_compute_with_17_validators,_mask_contains_2_bytes
=== CONT  TestComputeSignersPublicKeys/should_compute_with_14_validators,_mask_is_0
=== CONT  TestComputeSignersPublicKeys/should_compute_with_14_validators,_mask_contains_all_bits_set
=== CONT  TestComputeSignersPublicKeys/should_compute_with_14_validators
=== CONT  TestHeaderSigVerifier_VerifyRandSeedAndLeaderSignatureNilRandomnessShouldErr
--- PASS: TestNewHeaderSigVerifier_NilMarshalizerShouldErr (0.00s)
--- PASS: TestNewHeaderIntegrityVerifierr_NilVersionHandlerShouldErr (0.00s)
--- PASS: TestNewHeaderSigVerifier_NilSingleSigShouldErr (0.00s)
--- PASS: TestHeaderSigVerifier_VerifySignatureNilRandomnessShouldErr (0.00s)
--- PASS: TestHeaderSigVerifier_VerifyRandSeedOk (0.00s)
--- PASS: TestHeaderSigVerifier_VerifySignatureBlockProposerSigMissingShouldErr (0.00s)
=== PAUSE TestHeaderSigVerifier_VerifyHeaderProof/getConsensusSignersForEquivalentProofs_error_should_error
=== RUN   TestHeaderSigVerifier_VerifyHeaderProof/should_try_multiple_times_to_get_header_if_not_available
--- PASS: TestHeaderSigVerifier_VerifySignatureNotEnoughSigsShouldErrWhenFallbackThresholdCouldNotBeApplied (0.00s)
=== CONT  TestNewHeaderSigVerifier_NilHasherShouldErr
--- PASS: TestComputeSignersPublicKeys (0.00s)
    --- PASS: TestComputeSignersPublicKeys/should_compute_with_16_validators (0.00s)
    --- PASS: TestComputeSignersPublicKeys/should_compute_with_17_validators,_mask_contains_2_bytes (0.00s)
    --- PASS: TestComputeSignersPublicKeys/should_compute_with_14_validators,_mask_is_0 (0.00s)
    --- PASS: TestComputeSignersPublicKeys/should_compute_with_14_validators,_mask_contains_all_bits_set (0.00s)
    --- PASS: TestComputeSignersPublicKeys/should_compute_with_14_validators (0.00s)
--- PASS: TestNewHeaderSigVerifier_NilHasherShouldErr (0.00s)
--- PASS: TestHeaderSigVerifier_VerifyRandSeedAndLeaderSignatureNilRandomnessShouldErr (0.00s)
=== PAUSE TestHeaderSigVerifier_VerifyHeaderProof/should_try_multiple_times_to_get_header_if_not_available
=== RUN   TestHeaderSigVerifier_VerifyHeaderProof/should_work
=== PAUSE TestHeaderSigVerifier_VerifyHeaderProof/should_work
=== CONT  TestHeaderSigVerifier_VerifyHeaderProof/nil_proof_should_error
=== CONT  TestNewHeaderIntegrityVerifier_InvalidReferenceChainIDShouldErr
--- PASS: TestNewHeaderIntegrityVerifier_InvalidReferenceChainIDShouldErr (0.00s)
=== CONT  TestHeaderSigVerifier_VerifyHeaderProof/should_work
=== CONT  TestHeaderSigVerifier_VerifyHeaderProof/should_try_multiple_times_to_get_header_if_not_available
=== CONT  TestHeaderSigVerifier_VerifyHeaderProof/getConsensusSignersForEquivalentProofs_error_should_error
=== CONT  TestHeaderSigVerifier_VerifyHeaderProof/GetMultiSigner_error_should_error
=== CONT  TestHeaderSigVerifier_VerifyHeaderProof/flag_not_active_should_error
=== CONT  TestHeaderSigVerifier_VerifySignatureOk
--- PASS: TestHeaderSigVerifier_VerifySignatureOk (0.00s)
=== CONT  TestHeaderSigVerifier_VerifySignatureOkWhenFallbackThresholdCouldBeApplied
--- PASS: TestHeaderSigVerifier_VerifySignatureOkWhenFallbackThresholdCouldBeApplied (0.00s)
=== CONT  TestHeaderSigVerifier_getConsensusSignersForEquivalentProofs
=== RUN   TestHeaderSigVerifier_getConsensusSignersForEquivalentProofs/nil_proof_should_error
=== PAUSE TestHeaderSigVerifier_getConsensusSignersForEquivalentProofs/nil_proof_should_error
=== RUN   TestHeaderSigVerifier_getConsensusSignersForEquivalentProofs/flag_not_active_should_error
=== PAUSE TestHeaderSigVerifier_getConsensusSignersForEquivalentProofs/flag_not_active_should_error
=== RUN   TestHeaderSigVerifier_getConsensusSignersForEquivalentProofs/nodesCoordinator_error_should_error
=== PAUSE TestHeaderSigVerifier_getConsensusSignersForEquivalentProofs/nodesCoordinator_error_should_error
=== RUN   TestHeaderSigVerifier_getConsensusSignersForEquivalentProofs/invalid_consensus_bitmap_error_should_error
=== PAUSE TestHeaderSigVerifier_getConsensusSignersForEquivalentProofs/invalid_consensus_bitmap_error_should_error
=== CONT  TestHeaderSigVerifier_getConsensusSignersForEquivalentProofs/nil_proof_should_error
=== CONT  TestHeaderSigVerifier_VerifyLeaderSignatureVerifyLeaderSigShouldErr
--- PASS: TestHeaderSigVerifier_VerifyLeaderSignatureVerifyLeaderSigShouldErr (0.00s)
=== CONT  TestNewHeaderSigVerifier_NilEnableEpochsHandlerShouldErr
--- PASS: TestNewHeaderSigVerifier_NilEnableEpochsHandlerShouldErr (0.00s)
=== CONT  TestNewHeaderSigVerifier_NilNodesCoordinatorShouldErr
--- PASS: TestNewHeaderSigVerifier_NilNodesCoordinatorShouldErr (0.00s)
=== CONT  TestHeaderSigVerifier_VerifyLeaderSignatureOk
=== CONT  TestHeaderSigVerifier_getConsensusSignersForEquivalentProofs/nodesCoordinator_error_should_error
--- PASS: TestHeaderSigVerifier_VerifyLeaderSignatureOk (0.00s)
=== CONT  TestNewHeaderSigVerifier_NilMultiSigContainerShouldErr
--- PASS: TestNewHeaderSigVerifier_NilMultiSigContainerShouldErr (0.00s)
=== CONT  TestHeaderSigVerifier_getConsensusSignersForEquivalentProofs/invalid_consensus_bitmap_error_should_error
=== CONT  TestHeaderSigVerifier_getConsensusSignersForEquivalentProofs/flag_not_active_should_error
=== CONT  TestHeaderIntegrityVerifier_GetVersionShouldWork
=== CONT  TestHeaderSigVerifier_VerifyRandSeedShouldErrWhenVerificationFails
--- PASS: TestHeaderSigVerifier_VerifyRandSeedShouldErrWhenVerificationFails (0.00s)
--- PASS: TestHeaderSigVerifier_getConsensusSignersForEquivalentProofs (0.00s)
    --- PASS: TestHeaderSigVerifier_getConsensusSignersForEquivalentProofs/nil_proof_should_error (0.00s)
    --- PASS: TestHeaderSigVerifier_getConsensusSignersForEquivalentProofs/nodesCoordinator_error_should_error (0.00s)
    --- PASS: TestHeaderSigVerifier_getConsensusSignersForEquivalentProofs/invalid_consensus_bitmap_error_should_error (0.00s)
    --- PASS: TestHeaderSigVerifier_getConsensusSignersForEquivalentProofs/flag_not_active_should_error (0.00s)
--- PASS: TestHeaderIntegrityVerifier_GetVersionShouldWork (0.00s)
=== CONT  TestNewHeaderSigVerifier_NilArgumentsShouldErr
--- PASS: TestNewHeaderSigVerifier_NilArgumentsShouldErr (0.00s)
--- PASS: TestHeaderSigVerifier_VerifyHeaderProof (0.00s)
    --- PASS: TestHeaderSigVerifier_VerifyHeaderProof/nil_proof_should_error (0.00s)
    --- PASS: TestHeaderSigVerifier_VerifyHeaderProof/should_work (0.00s)
    --- PASS: TestHeaderSigVerifier_VerifyHeaderProof/getConsensusSignersForEquivalentProofs_error_should_error (0.00s)
    --- PASS: TestHeaderSigVerifier_VerifyHeaderProof/GetMultiSigner_error_should_error (0.00s)
    --- PASS: TestHeaderSigVerifier_VerifyHeaderProof/flag_not_active_should_error (0.00s)
    --- PASS: TestHeaderSigVerifier_VerifyHeaderProof/should_try_multiple_times_to_get_header_if_not_available (0.10s)
PASS
ok  	github.com/TerraDharitri/drt-go-chain/process/headerCheck	(cached)
=== RUN   TestNewInterceptedHeartbeat
=== PAUSE TestNewInterceptedHeartbeat
=== RUN   TestInterceptedHeartbeat_CheckValidity
=== PAUSE TestInterceptedHeartbeat_CheckValidity
=== RUN   TestInterceptedHeartbeat_Getters
=== PAUSE TestInterceptedHeartbeat_Getters
=== RUN   TestNewInterceptedPeerAuthentication
=== PAUSE TestNewInterceptedPeerAuthentication
=== RUN   TestInterceptedPeerAuthentication_CheckValidity
=== PAUSE TestInterceptedPeerAuthentication_CheckValidity
=== RUN   TestInterceptedPeerAuthentication_Getters
=== PAUSE TestInterceptedPeerAuthentication_Getters
=== CONT  TestNewInterceptedHeartbeat
=== RUN   TestNewInterceptedHeartbeat/nil_data_buff_should_error
=== PAUSE TestNewInterceptedHeartbeat/nil_data_buff_should_error
=== RUN   TestNewInterceptedHeartbeat/nil_marshaller_should_error
=== PAUSE TestNewInterceptedHeartbeat/nil_marshaller_should_error
=== RUN   TestNewInterceptedHeartbeat/unmarshal_returns_error
=== PAUSE TestNewInterceptedHeartbeat/unmarshal_returns_error
=== RUN   TestNewInterceptedHeartbeat/unmarshalable_payload_returns_error
=== PAUSE TestNewInterceptedHeartbeat/unmarshalable_payload_returns_error
=== RUN   TestNewInterceptedHeartbeat/should_work
=== PAUSE TestNewInterceptedHeartbeat/should_work
=== CONT  TestNewInterceptedHeartbeat/nil_data_buff_should_error
=== CONT  TestNewInterceptedPeerAuthentication
=== RUN   TestNewInterceptedPeerAuthentication/nil_data_buff_should_error
=== PAUSE TestNewInterceptedPeerAuthentication/nil_data_buff_should_error
=== CONT  TestNewInterceptedHeartbeat/should_work
=== CONT  TestInterceptedPeerAuthentication_CheckValidity
=== CONT  TestInterceptedHeartbeat_Getters
=== CONT  TestInterceptedHeartbeat_CheckValidity
=== RUN   TestInterceptedPeerAuthentication_CheckValidity/publicKeyProperty_too_short
=== PAUSE TestInterceptedPeerAuthentication_CheckValidity/publicKeyProperty_too_short
=== RUN   TestInterceptedHeartbeat_CheckValidity/payloadProperty_too_short
=== RUN   TestInterceptedPeerAuthentication_CheckValidity/publicKeyProperty_too_short#01
=== PAUSE TestInterceptedPeerAuthentication_CheckValidity/publicKeyProperty_too_short#01
=== RUN   TestInterceptedPeerAuthentication_CheckValidity/signatureProperty_too_short
--- PASS: TestInterceptedHeartbeat_Getters (0.00s)
=== CONT  TestNewInterceptedHeartbeat/unmarshalable_payload_returns_error
=== PAUSE TestInterceptedPeerAuthentication_CheckValidity/signatureProperty_too_short
=== RUN   TestInterceptedPeerAuthentication_CheckValidity/signatureProperty_too_short#01
=== PAUSE TestInterceptedPeerAuthentication_CheckValidity/signatureProperty_too_short#01
=== CONT  TestInterceptedPeerAuthentication_Getters
=== RUN   TestInterceptedPeerAuthentication_CheckValidity/peerIdProperty_too_short
=== PAUSE TestInterceptedPeerAuthentication_CheckValidity/peerIdProperty_too_short
=== CONT  TestNewInterceptedHeartbeat/nil_marshaller_should_error
=== RUN   TestNewInterceptedPeerAuthentication/nil_marshaller_should_error
=== CONT  TestNewInterceptedHeartbeat/unmarshal_returns_error
--- PASS: TestInterceptedPeerAuthentication_Getters (0.00s)
=== PAUSE TestInterceptedHeartbeat_CheckValidity/payloadProperty_too_short
=== RUN   TestInterceptedPeerAuthentication_CheckValidity/peerIdProperty_too_short#01
=== RUN   TestInterceptedHeartbeat_CheckValidity/payloadProperty_too_long
=== PAUSE TestNewInterceptedPeerAuthentication/nil_marshaller_should_error
=== RUN   TestNewInterceptedPeerAuthentication/nil_nodes_coordinator_should_error
=== PAUSE TestNewInterceptedPeerAuthentication/nil_nodes_coordinator_should_error
=== RUN   TestNewInterceptedPeerAuthentication/nil_signatures_handler_should_error
=== PAUSE TestNewInterceptedPeerAuthentication/nil_signatures_handler_should_error
=== RUN   TestNewInterceptedPeerAuthentication/nil_payload_validator_should_error
--- PASS: TestNewInterceptedHeartbeat (0.00s)
    --- PASS: TestNewInterceptedHeartbeat/nil_data_buff_should_error (0.00s)
    --- PASS: TestNewInterceptedHeartbeat/should_work (0.00s)
    --- PASS: TestNewInterceptedHeartbeat/unmarshalable_payload_returns_error (0.00s)
    --- PASS: TestNewInterceptedHeartbeat/nil_marshaller_should_error (0.00s)
    --- PASS: TestNewInterceptedHeartbeat/unmarshal_returns_error (0.00s)
=== PAUSE TestInterceptedPeerAuthentication_CheckValidity/peerIdProperty_too_short#01
=== RUN   TestInterceptedPeerAuthentication_CheckValidity/payloadProperty_too_short
=== PAUSE TestInterceptedPeerAuthentication_CheckValidity/payloadProperty_too_short
=== RUN   TestInterceptedPeerAuthentication_CheckValidity/payloadProperty_too_short#01
=== PAUSE TestInterceptedPeerAuthentication_CheckValidity/payloadProperty_too_short#01
=== RUN   TestInterceptedPeerAuthentication_CheckValidity/payloadSignatureProperty_too_short
=== PAUSE TestInterceptedPeerAuthentication_CheckValidity/payloadSignatureProperty_too_short
=== RUN   TestInterceptedPeerAuthentication_CheckValidity/payloadSignatureProperty_too_short#01
=== PAUSE TestInterceptedPeerAuthentication_CheckValidity/payloadSignatureProperty_too_short#01
=== RUN   TestInterceptedPeerAuthentication_CheckValidity/nodesCoordinator.GetValidatorWithPublicKey_returns_error
=== PAUSE TestInterceptedPeerAuthentication_CheckValidity/nodesCoordinator.GetValidatorWithPublicKey_returns_error
=== RUN   TestInterceptedPeerAuthentication_CheckValidity/signaturesHandler.Verify_returns_error
=== PAUSE TestInterceptedPeerAuthentication_CheckValidity/signaturesHandler.Verify_returns_error
=== RUN   TestInterceptedPeerAuthentication_CheckValidity/peerSignatureHandler.VerifyPeerSignature_returns_error
=== PAUSE TestInterceptedHeartbeat_CheckValidity/payloadProperty_too_long
=== RUN   TestInterceptedHeartbeat_CheckValidity/versionNumberProperty_too_short
=== PAUSE TestNewInterceptedPeerAuthentication/nil_payload_validator_should_error
=== RUN   TestNewInterceptedPeerAuthentication/nil_peer_signature_handler_should_error
=== PAUSE TestInterceptedPeerAuthentication_CheckValidity/peerSignatureHandler.VerifyPeerSignature_returns_error
=== RUN   TestInterceptedPeerAuthentication_CheckValidity/message_does_not_have_a_valid_payload_timestamp
=== PAUSE TestInterceptedPeerAuthentication_CheckValidity/message_does_not_have_a_valid_payload_timestamp
=== RUN   TestInterceptedPeerAuthentication_CheckValidity/should_work
=== PAUSE TestInterceptedPeerAuthentication_CheckValidity/should_work
=== RUN   TestInterceptedPeerAuthentication_CheckValidity/should_work_-_hardfork_from_source
=== PAUSE TestInterceptedPeerAuthentication_CheckValidity/should_work_-_hardfork_from_source
=== CONT  TestInterceptedPeerAuthentication_CheckValidity/publicKeyProperty_too_short
=== PAUSE TestInterceptedHeartbeat_CheckValidity/versionNumberProperty_too_short
=== RUN   TestInterceptedHeartbeat_CheckValidity/versionNumberProperty_too_long
=== CONT  TestInterceptedPeerAuthentication_CheckValidity/should_work_-_hardfork_from_source
=== PAUSE TestInterceptedHeartbeat_CheckValidity/versionNumberProperty_too_long
=== CONT  TestInterceptedPeerAuthentication_CheckValidity/should_work
=== RUN   TestInterceptedHeartbeat_CheckValidity/nodeDisplayNameProperty_too_long
=== PAUSE TestInterceptedHeartbeat_CheckValidity/nodeDisplayNameProperty_too_long
=== CONT  TestInterceptedPeerAuthentication_CheckValidity/payloadProperty_too_short#01
=== RUN   TestInterceptedHeartbeat_CheckValidity/identityProperty_too_long
=== CONT  TestInterceptedPeerAuthentication_CheckValidity/payloadProperty_too_short
=== PAUSE TestInterceptedHeartbeat_CheckValidity/identityProperty_too_long
=== CONT  TestInterceptedPeerAuthentication_CheckValidity/peerSignatureHandler.VerifyPeerSignature_returns_error
=== RUN   TestInterceptedHeartbeat_CheckValidity/publicKeyProperty_too_short
=== PAUSE TestInterceptedHeartbeat_CheckValidity/publicKeyProperty_too_short
=== RUN   TestInterceptedHeartbeat_CheckValidity/publicKeyProperty_too_short#01
=== CONT  TestInterceptedPeerAuthentication_CheckValidity/nodesCoordinator.GetValidatorWithPublicKey_returns_error
=== PAUSE TestInterceptedHeartbeat_CheckValidity/publicKeyProperty_too_short#01
=== CONT  TestInterceptedPeerAuthentication_CheckValidity/payloadSignatureProperty_too_short#01
=== CONT  TestInterceptedPeerAuthentication_CheckValidity/signatureProperty_too_short#01
=== CONT  TestInterceptedPeerAuthentication_CheckValidity/signatureProperty_too_short
=== CONT  TestInterceptedPeerAuthentication_CheckValidity/payloadSignatureProperty_too_short
=== PAUSE TestNewInterceptedPeerAuthentication/nil_peer_signature_handler_should_error
=== RUN   TestNewInterceptedPeerAuthentication/unmarshal_returns_error
=== CONT  TestInterceptedPeerAuthentication_CheckValidity/publicKeyProperty_too_short#01
=== PAUSE TestNewInterceptedPeerAuthentication/unmarshal_returns_error
=== RUN   TestNewInterceptedPeerAuthentication/unmarshalable_payload_returns_error
=== PAUSE TestNewInterceptedPeerAuthentication/unmarshalable_payload_returns_error
=== CONT  TestInterceptedPeerAuthentication_CheckValidity/peerIdProperty_too_short
=== CONT  TestInterceptedPeerAuthentication_CheckValidity/message_does_not_have_a_valid_payload_timestamp
=== RUN   TestInterceptedHeartbeat_CheckValidity/invalid_peer_subtype_should_error
=== PAUSE TestInterceptedHeartbeat_CheckValidity/invalid_peer_subtype_should_error
=== CONT  TestInterceptedPeerAuthentication_CheckValidity/signaturesHandler.Verify_returns_error
=== CONT  TestInterceptedPeerAuthentication_CheckValidity/peerIdProperty_too_short#01
=== RUN   TestNewInterceptedPeerAuthentication/invalid_hardfork_pub_key_should_error
=== PAUSE TestNewInterceptedPeerAuthentication/invalid_hardfork_pub_key_should_error
=== RUN   TestNewInterceptedPeerAuthentication/should_work
--- PASS: TestInterceptedPeerAuthentication_CheckValidity (0.01s)
    --- PASS: TestInterceptedPeerAuthentication_CheckValidity/publicKeyProperty_too_short (0.00s)
    --- PASS: TestInterceptedPeerAuthentication_CheckValidity/should_work_-_hardfork_from_source (0.00s)
    --- PASS: TestInterceptedPeerAuthentication_CheckValidity/should_work (0.00s)
    --- PASS: TestInterceptedPeerAuthentication_CheckValidity/payloadProperty_too_short#01 (0.00s)
    --- PASS: TestInterceptedPeerAuthentication_CheckValidity/payloadProperty_too_short (0.00s)
    --- PASS: TestInterceptedPeerAuthentication_CheckValidity/peerSignatureHandler.VerifyPeerSignature_returns_error (0.00s)
    --- PASS: TestInterceptedPeerAuthentication_CheckValidity/nodesCoordinator.GetValidatorWithPublicKey_returns_error (0.00s)
    --- PASS: TestInterceptedPeerAuthentication_CheckValidity/payloadSignatureProperty_too_short#01 (0.00s)
    --- PASS: TestInterceptedPeerAuthentication_CheckValidity/payloadSignatureProperty_too_short (0.00s)
    --- PASS: TestInterceptedPeerAuthentication_CheckValidity/signatureProperty_too_short (0.00s)
    --- PASS: TestInterceptedPeerAuthentication_CheckValidity/signatureProperty_too_short#01 (0.00s)
    --- PASS: TestInterceptedPeerAuthentication_CheckValidity/publicKeyProperty_too_short#01 (0.00s)
    --- PASS: TestInterceptedPeerAuthentication_CheckValidity/peerIdProperty_too_short (0.00s)
    --- PASS: TestInterceptedPeerAuthentication_CheckValidity/message_does_not_have_a_valid_payload_timestamp (0.00s)
    --- PASS: TestInterceptedPeerAuthentication_CheckValidity/peerIdProperty_too_short#01 (0.00s)
    --- PASS: TestInterceptedPeerAuthentication_CheckValidity/signaturesHandler.Verify_returns_error (0.00s)
=== PAUSE TestNewInterceptedPeerAuthentication/should_work
=== CONT  TestNewInterceptedPeerAuthentication/nil_data_buff_should_error
=== RUN   TestInterceptedHeartbeat_CheckValidity/should_work
=== PAUSE TestInterceptedHeartbeat_CheckValidity/should_work
=== CONT  TestInterceptedHeartbeat_CheckValidity/payloadProperty_too_short
=== CONT  TestNewInterceptedPeerAuthentication/should_work
=== CONT  TestNewInterceptedPeerAuthentication/invalid_hardfork_pub_key_should_error
=== CONT  TestNewInterceptedPeerAuthentication/unmarshalable_payload_returns_error
=== CONT  TestNewInterceptedPeerAuthentication/unmarshal_returns_error
=== CONT  TestNewInterceptedPeerAuthentication/nil_peer_signature_handler_should_error
=== CONT  TestNewInterceptedPeerAuthentication/nil_payload_validator_should_error
=== CONT  TestNewInterceptedPeerAuthentication/nil_signatures_handler_should_error
=== CONT  TestNewInterceptedPeerAuthentication/nil_nodes_coordinator_should_error
=== CONT  TestNewInterceptedPeerAuthentication/nil_marshaller_should_error
=== CONT  TestInterceptedHeartbeat_CheckValidity/identityProperty_too_long
=== CONT  TestInterceptedHeartbeat_CheckValidity/payloadProperty_too_long
--- PASS: TestNewInterceptedPeerAuthentication (0.01s)
    --- PASS: TestNewInterceptedPeerAuthentication/nil_data_buff_should_error (0.00s)
    --- PASS: TestNewInterceptedPeerAuthentication/should_work (0.00s)
    --- PASS: TestNewInterceptedPeerAuthentication/invalid_hardfork_pub_key_should_error (0.00s)
    --- PASS: TestNewInterceptedPeerAuthentication/unmarshalable_payload_returns_error (0.00s)
    --- PASS: TestNewInterceptedPeerAuthentication/unmarshal_returns_error (0.00s)
    --- PASS: TestNewInterceptedPeerAuthentication/nil_peer_signature_handler_should_error (0.00s)
    --- PASS: TestNewInterceptedPeerAuthentication/nil_payload_validator_should_error (0.00s)
    --- PASS: TestNewInterceptedPeerAuthentication/nil_signatures_handler_should_error (0.00s)
    --- PASS: TestNewInterceptedPeerAuthentication/nil_nodes_coordinator_should_error (0.00s)
    --- PASS: TestNewInterceptedPeerAuthentication/nil_marshaller_should_error (0.00s)
=== CONT  TestInterceptedHeartbeat_CheckValidity/publicKeyProperty_too_short#01
=== CONT  TestInterceptedHeartbeat_CheckValidity/publicKeyProperty_too_short
=== CONT  TestInterceptedHeartbeat_CheckValidity/nodeDisplayNameProperty_too_long
=== CONT  TestInterceptedHeartbeat_CheckValidity/versionNumberProperty_too_long
=== CONT  TestInterceptedHeartbeat_CheckValidity/versionNumberProperty_too_short
=== CONT  TestInterceptedHeartbeat_CheckValidity/invalid_peer_subtype_should_error
=== CONT  TestInterceptedHeartbeat_CheckValidity/should_work
--- PASS: TestInterceptedHeartbeat_CheckValidity (0.01s)
    --- PASS: TestInterceptedHeartbeat_CheckValidity/payloadProperty_too_short (0.00s)
    --- PASS: TestInterceptedHeartbeat_CheckValidity/payloadProperty_too_long (0.00s)
    --- PASS: TestInterceptedHeartbeat_CheckValidity/identityProperty_too_long (0.00s)
    --- PASS: TestInterceptedHeartbeat_CheckValidity/publicKeyProperty_too_short#01 (0.00s)
    --- PASS: TestInterceptedHeartbeat_CheckValidity/publicKeyProperty_too_short (0.00s)
    --- PASS: TestInterceptedHeartbeat_CheckValidity/nodeDisplayNameProperty_too_long (0.00s)
    --- PASS: TestInterceptedHeartbeat_CheckValidity/versionNumberProperty_too_long (0.00s)
    --- PASS: TestInterceptedHeartbeat_CheckValidity/versionNumberProperty_too_short (0.00s)
    --- PASS: TestInterceptedHeartbeat_CheckValidity/invalid_peer_subtype_should_error (0.00s)
    --- PASS: TestInterceptedHeartbeat_CheckValidity/should_work (0.00s)
PASS
ok  	github.com/TerraDharitri/drt-go-chain/process/heartbeat	(cached)
=== RUN   TestNewPeerAuthenticationPayloadValidator
=== PAUSE TestNewPeerAuthenticationPayloadValidator
=== RUN   TestPeerAuthenticationPayloadValidator_ValidateTimestamp
=== PAUSE TestPeerAuthenticationPayloadValidator_ValidateTimestamp
=== CONT  TestNewPeerAuthenticationPayloadValidator
=== CONT  TestPeerAuthenticationPayloadValidator_ValidateTimestamp
=== RUN   TestPeerAuthenticationPayloadValidator_ValidateTimestamp/should_work_with_time.Now_handler
=== RUN   TestNewPeerAuthenticationPayloadValidator/invalid_expiry_duration_should_error
=== PAUSE TestPeerAuthenticationPayloadValidator_ValidateTimestamp/should_work_with_time.Now_handler
=== PAUSE TestNewPeerAuthenticationPayloadValidator/invalid_expiry_duration_should_error
=== RUN   TestPeerAuthenticationPayloadValidator_ValidateTimestamp/payload_time_stamp_is_exactly_the_minim_accepted
=== RUN   TestNewPeerAuthenticationPayloadValidator/should_work
=== PAUSE TestNewPeerAuthenticationPayloadValidator/should_work
=== CONT  TestNewPeerAuthenticationPayloadValidator/invalid_expiry_duration_should_error
=== CONT  TestNewPeerAuthenticationPayloadValidator/should_work
=== PAUSE TestPeerAuthenticationPayloadValidator_ValidateTimestamp/payload_time_stamp_is_exactly_the_minim_accepted
=== RUN   TestPeerAuthenticationPayloadValidator_ValidateTimestamp/payload_time_stamp_is_less_than_minim_accepted
=== PAUSE TestPeerAuthenticationPayloadValidator_ValidateTimestamp/payload_time_stamp_is_less_than_minim_accepted
=== RUN   TestPeerAuthenticationPayloadValidator_ValidateTimestamp/payload_time_stamp_is_exactly_the_maximum_accepted
=== PAUSE TestPeerAuthenticationPayloadValidator_ValidateTimestamp/payload_time_stamp_is_exactly_the_maximum_accepted
=== RUN   TestPeerAuthenticationPayloadValidator_ValidateTimestamp/payload_time_stamp_is_higher_than_maximum_accepted
=== PAUSE TestPeerAuthenticationPayloadValidator_ValidateTimestamp/payload_time_stamp_is_higher_than_maximum_accepted
=== CONT  TestPeerAuthenticationPayloadValidator_ValidateTimestamp/should_work_with_time.Now_handler
=== CONT  TestPeerAuthenticationPayloadValidator_ValidateTimestamp/payload_time_stamp_is_higher_than_maximum_accepted
--- PASS: TestNewPeerAuthenticationPayloadValidator (0.00s)
    --- PASS: TestNewPeerAuthenticationPayloadValidator/should_work (0.00s)
    --- PASS: TestNewPeerAuthenticationPayloadValidator/invalid_expiry_duration_should_error (0.00s)
=== CONT  TestPeerAuthenticationPayloadValidator_ValidateTimestamp/payload_time_stamp_is_less_than_minim_accepted
=== CONT  TestPeerAuthenticationPayloadValidator_ValidateTimestamp/payload_time_stamp_is_exactly_the_maximum_accepted
=== CONT  TestPeerAuthenticationPayloadValidator_ValidateTimestamp/payload_time_stamp_is_exactly_the_minim_accepted
--- PASS: TestPeerAuthenticationPayloadValidator_ValidateTimestamp (0.00s)
    --- PASS: TestPeerAuthenticationPayloadValidator_ValidateTimestamp/should_work_with_time.Now_handler (0.00s)
    --- PASS: TestPeerAuthenticationPayloadValidator_ValidateTimestamp/payload_time_stamp_is_higher_than_maximum_accepted (0.00s)
    --- PASS: TestPeerAuthenticationPayloadValidator_ValidateTimestamp/payload_time_stamp_is_less_than_minim_accepted (0.00s)
    --- PASS: TestPeerAuthenticationPayloadValidator_ValidateTimestamp/payload_time_stamp_is_exactly_the_maximum_accepted (0.00s)
    --- PASS: TestPeerAuthenticationPayloadValidator_ValidateTimestamp/payload_time_stamp_is_exactly_the_minim_accepted (0.00s)
PASS
ok  	github.com/TerraDharitri/drt-go-chain/process/heartbeat/validator	(cached)
=== RUN   TestPreProcessMessage_NilMessageShouldErr
=== PAUSE TestPreProcessMessage_NilMessageShouldErr
=== RUN   TestPreProcessMessage_NilDataShouldErr
=== PAUSE TestPreProcessMessage_NilDataShouldErr
=== RUN   TestPreProcessMessage_AntifloodCanNotProcessShouldErr
=== PAUSE TestPreProcessMessage_AntifloodCanNotProcessShouldErr
=== RUN   TestPreProcessMessage_AntifloodTopicCanNotProcessShouldErr
=== PAUSE TestPreProcessMessage_AntifloodTopicCanNotProcessShouldErr
=== RUN   TestPreProcessMessage_ThrottlerCanNotProcessShouldErr
=== PAUSE TestPreProcessMessage_ThrottlerCanNotProcessShouldErr
=== RUN   TestPreProcessMessage_CanProcessReturnsNilAndCallsStartProcessing
=== PAUSE TestPreProcessMessage_CanProcessReturnsNilAndCallsStartProcessing
=== RUN   TestPreProcessMessage_CanProcessFromSelf
=== PAUSE TestPreProcessMessage_CanProcessFromSelf
=== RUN   TestPreProcessMessage_CanProcessFromPreferredPeer
=== PAUSE TestPreProcessMessage_CanProcessFromPreferredPeer
=== RUN   TestProcessInterceptedData_NotValidShouldCallDoneAndNotCallProcessed
=== PAUSE TestProcessInterceptedData_NotValidShouldCallDoneAndNotCallProcessed
=== RUN   TestProcessInterceptedData_ValidShouldCallDoneAndCallProcessed
=== PAUSE TestProcessInterceptedData_ValidShouldCallDoneAndCallProcessed
=== RUN   TestProcessInterceptedData_ProcessErrorShouldCallDone
=== PAUSE TestProcessInterceptedData_ProcessErrorShouldCallDone
=== RUN   TestProcessDebugInterceptedData_ShouldWork
=== PAUSE TestProcessDebugInterceptedData_ShouldWork
=== RUN   TestReceivedDebugInterceptedData_ShouldWork
=== PAUSE TestReceivedDebugInterceptedData_ShouldWork
=== RUN   TestNewInterceptedDataVerifier
=== PAUSE TestNewInterceptedDataVerifier
=== RUN   TestInterceptedDataVerifier_IsInterfaceNil
=== PAUSE TestInterceptedDataVerifier_IsInterfaceNil
=== RUN   TestInterceptedDataVerifier_EmptyHash
=== PAUSE TestInterceptedDataVerifier_EmptyHash
=== RUN   TestInterceptedDataVerifier_CheckValidityShouldWork
=== PAUSE TestInterceptedDataVerifier_CheckValidityShouldWork
=== RUN   TestInterceptedDataVerifier_CheckValidityShouldNotWork
=== PAUSE TestInterceptedDataVerifier_CheckValidityShouldNotWork
=== RUN   TestInterceptedDataVerifier_CheckExpiryTime
=== PAUSE TestInterceptedDataVerifier_CheckExpiryTime
=== RUN   TestNewWhiteListDataVerifier_NilCacherShouldErr
=== PAUSE TestNewWhiteListDataVerifier_NilCacherShouldErr
=== RUN   TestNewWhiteListDataVerifier_ShouldWork
=== PAUSE TestNewWhiteListDataVerifier_ShouldWork
=== RUN   TestWhiteListDataVerifier_Add
=== PAUSE TestWhiteListDataVerifier_Add
=== RUN   TestWhiteListDataVerifier_Remove
=== PAUSE TestWhiteListDataVerifier_Remove
=== RUN   TestWhiteListDataVerifier_IsWhiteListedNilInterceptedDataShouldRetFalse
=== PAUSE TestWhiteListDataVerifier_IsWhiteListedNilInterceptedDataShouldRetFalse
=== RUN   TestWhiteListDataVerifier_IsWhiteListedNotFoundShouldRetFalse
=== PAUSE TestWhiteListDataVerifier_IsWhiteListedNotFoundShouldRetFalse
=== RUN   TestWhiteListDataVerifier_IsWhiteListedFoundShouldRetTrue
=== PAUSE TestWhiteListDataVerifier_IsWhiteListedFoundShouldRetTrue
=== RUN   TestNewEpochStartMetaBlockInterceptor
=== PAUSE TestNewEpochStartMetaBlockInterceptor
=== RUN   TestEpochStartMetaBlockInterceptor_ProcessReceivedMessageUnmarshalError
=== PAUSE TestEpochStartMetaBlockInterceptor_ProcessReceivedMessageUnmarshalError
=== RUN   TestEpochStartMetaBlockInterceptor_EntireFlowShouldWorkAndSetTheEpoch
=== PAUSE TestEpochStartMetaBlockInterceptor_EntireFlowShouldWorkAndSetTheEpoch
=== RUN   TestNewMultiDataInterceptor_EmptyTopicShouldErr
=== PAUSE TestNewMultiDataInterceptor_EmptyTopicShouldErr
=== RUN   TestNewMultiDataInterceptor_NilMarshalizerShouldErr
=== PAUSE TestNewMultiDataInterceptor_NilMarshalizerShouldErr
=== RUN   TestNewMultiDataInterceptor_NilInterceptedDataFactoryShouldErr
=== PAUSE TestNewMultiDataInterceptor_NilInterceptedDataFactoryShouldErr
=== RUN   TestNewMultiDataInterceptor_NilInterceptedDataVerifierShouldErr
=== PAUSE TestNewMultiDataInterceptor_NilInterceptedDataVerifierShouldErr
=== RUN   TestNewMultiDataInterceptor_NilInterceptedDataProcessorShouldErr
=== PAUSE TestNewMultiDataInterceptor_NilInterceptedDataProcessorShouldErr
=== RUN   TestNewMultiDataInterceptor_NilInterceptorThrottlerShouldErr
=== PAUSE TestNewMultiDataInterceptor_NilInterceptorThrottlerShouldErr
=== RUN   TestNewMultiDataInterceptor_NilAntifloodHandlerShouldErr
=== PAUSE TestNewMultiDataInterceptor_NilAntifloodHandlerShouldErr
=== RUN   TestNewMultiDataInterceptor_NilPreferredPeersHolderShouldErr
=== PAUSE TestNewMultiDataInterceptor_NilPreferredPeersHolderShouldErr
=== RUN   TestNewMultiDataInterceptor_NilWhiteListHandlerShouldErr
=== PAUSE TestNewMultiDataInterceptor_NilWhiteListHandlerShouldErr
=== RUN   TestNewMultiDataInterceptor_EmptyPeerIDShouldErr
=== PAUSE TestNewMultiDataInterceptor_EmptyPeerIDShouldErr
=== RUN   TestNewMultiDataInterceptor
=== PAUSE TestNewMultiDataInterceptor
=== RUN   TestMultiDataInterceptor_ProcessReceivedMessageNilMessageShouldErr
=== PAUSE TestMultiDataInterceptor_ProcessReceivedMessageNilMessageShouldErr
=== RUN   TestMultiDataInterceptor_ProcessReceivedMessageUnmarshalFailsShouldErr
=== PAUSE TestMultiDataInterceptor_ProcessReceivedMessageUnmarshalFailsShouldErr
=== RUN   TestMultiDataInterceptor_ProcessReceivedMessageUnmarshalReturnsEmptySliceShouldErr
=== PAUSE TestMultiDataInterceptor_ProcessReceivedMessageUnmarshalReturnsEmptySliceShouldErr
=== RUN   TestMultiDataInterceptor_ProcessReceivedCreateFailsShouldErr
=== PAUSE TestMultiDataInterceptor_ProcessReceivedCreateFailsShouldErr
=== RUN   TestMultiDataInterceptor_ProcessReceivedPartiallyCorrectDataShouldErr
=== PAUSE TestMultiDataInterceptor_ProcessReceivedPartiallyCorrectDataShouldErr
=== RUN   TestMultiDataInterceptor_ProcessReceivedMessageNotValidShouldErrAndNotProcess
=== PAUSE TestMultiDataInterceptor_ProcessReceivedMessageNotValidShouldErrAndNotProcess
=== RUN   TestMultiDataInterceptor_ProcessReceivedMessageIsAddressedToOtherShardShouldRetNilAndNotProcess
=== PAUSE TestMultiDataInterceptor_ProcessReceivedMessageIsAddressedToOtherShardShouldRetNilAndNotProcess
=== RUN   TestMultiDataInterceptor_ProcessReceivedMessageOkMessageShouldRetNil
=== PAUSE TestMultiDataInterceptor_ProcessReceivedMessageOkMessageShouldRetNil
=== RUN   TestMultiDataInterceptor_ProcessReceivedMessageCheckBatchErrors
--- PASS: TestMultiDataInterceptor_ProcessReceivedMessageCheckBatchErrors (1.00s)
=== RUN   TestMultiDataInterceptor_ProcessReceivedMessageCheckBatchIsIncomplete
--- PASS: TestMultiDataInterceptor_ProcessReceivedMessageCheckBatchIsIncomplete (1.00s)
=== RUN   TestMultiDataInterceptor_ProcessReceivedMessageCheckBatchIsComplete
--- PASS: TestMultiDataInterceptor_ProcessReceivedMessageCheckBatchIsComplete (1.00s)
=== RUN   TestMultiDataInterceptor_ProcessReceivedMessageWhitelistedShouldRetNil
=== PAUSE TestMultiDataInterceptor_ProcessReceivedMessageWhitelistedShouldRetNil
=== RUN   TestMultiDataInterceptor_InvalidTxVersionShouldBackList
=== PAUSE TestMultiDataInterceptor_InvalidTxVersionShouldBackList
=== RUN   TestMultiDataInterceptor_InvalidTxChainIDShouldBackList
=== PAUSE TestMultiDataInterceptor_InvalidTxChainIDShouldBackList
=== RUN   TestMultiDataInterceptor_SetInterceptedDebugHandlerNilShouldErr
=== PAUSE TestMultiDataInterceptor_SetInterceptedDebugHandlerNilShouldErr
=== RUN   TestMultiDataInterceptor_SetInterceptedDebugHandlerShouldWork
=== PAUSE TestMultiDataInterceptor_SetInterceptedDebugHandlerShouldWork
=== RUN   TestMultiDataInterceptor_ProcessReceivedMessageIsOriginatorNotOkButWhiteListed
=== PAUSE TestMultiDataInterceptor_ProcessReceivedMessageIsOriginatorNotOkButWhiteListed
=== RUN   TestMultiDataInterceptor_RegisterHandler
=== PAUSE TestMultiDataInterceptor_RegisterHandler
=== RUN   TestMultiDataInterceptor_SetChunkProcessor
=== PAUSE TestMultiDataInterceptor_SetChunkProcessor
=== RUN   TestMultiDataInterceptor_Close
=== PAUSE TestMultiDataInterceptor_Close
=== RUN   TestNewSingleDataInterceptor_EmptyTopicShouldErr
=== PAUSE TestNewSingleDataInterceptor_EmptyTopicShouldErr
=== RUN   TestNewSingleDataInterceptor_NilInterceptedDataFactoryShouldErr
=== PAUSE TestNewSingleDataInterceptor_NilInterceptedDataFactoryShouldErr
=== RUN   TestNewSingleDataInterceptor_NilInterceptedDataProcessorShouldErr
=== PAUSE TestNewSingleDataInterceptor_NilInterceptedDataProcessorShouldErr
=== RUN   TestNewSingleDataInterceptor_NilInterceptorThrottlerShouldErr
=== PAUSE TestNewSingleDataInterceptor_NilInterceptorThrottlerShouldErr
=== RUN   TestNewSingleDataInterceptor_NilP2PAntifloodHandlerShouldErr
=== PAUSE TestNewSingleDataInterceptor_NilP2PAntifloodHandlerShouldErr
=== RUN   TestNewSingleDataInterceptor_NilPreferredPeersHolderShouldErr
=== PAUSE TestNewSingleDataInterceptor_NilPreferredPeersHolderShouldErr
=== RUN   TestNewSingleDataInterceptor_NilWhiteListHandlerShouldErr
=== PAUSE TestNewSingleDataInterceptor_NilWhiteListHandlerShouldErr
=== RUN   TestNewSingleDataInterceptor_EmptyPeerIDShouldErr
=== PAUSE TestNewSingleDataInterceptor_EmptyPeerIDShouldErr
=== RUN   TestNewSingleDataInterceptor_NilInterceptedDataVerifierShouldErr
=== PAUSE TestNewSingleDataInterceptor_NilInterceptedDataVerifierShouldErr
=== RUN   TestNewSingleDataInterceptor
=== PAUSE TestNewSingleDataInterceptor
=== RUN   TestSingleDataInterceptor_ProcessReceivedMessageNilMessageShouldErr
=== PAUSE TestSingleDataInterceptor_ProcessReceivedMessageNilMessageShouldErr
=== RUN   TestSingleDataInterceptor_ProcessReceivedMessageFactoryCreationErrorShouldErr
=== PAUSE TestSingleDataInterceptor_ProcessReceivedMessageFactoryCreationErrorShouldErr
=== RUN   TestSingleDataInterceptor_ProcessReceivedMessageIsNotValidShouldNotCallProcess
=== PAUSE TestSingleDataInterceptor_ProcessReceivedMessageIsNotValidShouldNotCallProcess
=== RUN   TestSingleDataInterceptor_ProcessReceivedMessageIsNotForCurrentShardShouldNotCallProcess
=== PAUSE TestSingleDataInterceptor_ProcessReceivedMessageIsNotForCurrentShardShouldNotCallProcess
=== RUN   TestSingleDataInterceptor_ProcessReceivedMessageShouldWork
=== PAUSE TestSingleDataInterceptor_ProcessReceivedMessageShouldWork
=== RUN   TestSingleDataInterceptor_ProcessReceivedMessageWhitelistedShouldWork
=== PAUSE TestSingleDataInterceptor_ProcessReceivedMessageWhitelistedShouldWork
=== RUN   TestSingleDataInterceptor_InvalidTxVersionShouldBlackList
=== PAUSE TestSingleDataInterceptor_InvalidTxVersionShouldBlackList
=== RUN   TestSingleDataInterceptor_InvalidTxChainIDShouldBlackList
=== PAUSE TestSingleDataInterceptor_InvalidTxChainIDShouldBlackList
=== RUN   TestSingleDataInterceptor_ProcessReceivedMessageWithOriginator
=== PAUSE TestSingleDataInterceptor_ProcessReceivedMessageWithOriginator
=== RUN   TestSingleDataInterceptor_SetInterceptedDebugHandlerNilShouldErr
=== PAUSE TestSingleDataInterceptor_SetInterceptedDebugHandlerNilShouldErr
=== RUN   TestSingleDataInterceptor_SetInterceptedDebugHandlerShouldWork
=== PAUSE TestSingleDataInterceptor_SetInterceptedDebugHandlerShouldWork
=== RUN   TestSingleDataInterceptor_Close
=== PAUSE TestSingleDataInterceptor_Close
=== RUN   TestSingleDataInterceptor_IsInterfaceNil
=== PAUSE TestSingleDataInterceptor_IsInterfaceNil
=== CONT  TestPreProcessMessage_NilMessageShouldErr
--- PASS: TestPreProcessMessage_NilMessageShouldErr (0.00s)
=== CONT  TestSingleDataInterceptor_IsInterfaceNil
--- PASS: TestSingleDataInterceptor_IsInterfaceNil (0.00s)
=== CONT  TestSingleDataInterceptor_Close
--- PASS: TestSingleDataInterceptor_Close (0.00s)
=== CONT  TestSingleDataInterceptor_SetInterceptedDebugHandlerShouldWork
--- PASS: TestSingleDataInterceptor_SetInterceptedDebugHandlerShouldWork (0.00s)
=== CONT  TestSingleDataInterceptor_SetInterceptedDebugHandlerNilShouldErr
--- PASS: TestSingleDataInterceptor_SetInterceptedDebugHandlerNilShouldErr (0.00s)
=== CONT  TestSingleDataInterceptor_ProcessReceivedMessageWithOriginator
=== CONT  TestSingleDataInterceptor_InvalidTxChainIDShouldBlackList
--- PASS: TestSingleDataInterceptor_InvalidTxChainIDShouldBlackList (0.00s)
=== CONT  TestSingleDataInterceptor_InvalidTxVersionShouldBlackList
--- PASS: TestSingleDataInterceptor_InvalidTxVersionShouldBlackList (0.00s)
=== CONT  TestSingleDataInterceptor_ProcessReceivedMessageWhitelistedShouldWork
=== CONT  TestSingleDataInterceptor_ProcessReceivedMessageShouldWork
=== CONT  TestSingleDataInterceptor_ProcessReceivedMessageIsNotForCurrentShardShouldNotCallProcess
=== CONT  TestSingleDataInterceptor_ProcessReceivedMessageIsNotValidShouldNotCallProcess
=== CONT  TestSingleDataInterceptor_ProcessReceivedMessageFactoryCreationErrorShouldErr
--- PASS: TestSingleDataInterceptor_ProcessReceivedMessageFactoryCreationErrorShouldErr (0.00s)
=== CONT  TestSingleDataInterceptor_ProcessReceivedMessageNilMessageShouldErr
--- PASS: TestSingleDataInterceptor_ProcessReceivedMessageNilMessageShouldErr (0.00s)
=== CONT  TestNewSingleDataInterceptor
--- PASS: TestNewSingleDataInterceptor (0.00s)
=== CONT  TestNewSingleDataInterceptor_NilInterceptedDataVerifierShouldErr
--- PASS: TestNewSingleDataInterceptor_NilInterceptedDataVerifierShouldErr (0.00s)
=== CONT  TestNewSingleDataInterceptor_EmptyPeerIDShouldErr
--- PASS: TestNewSingleDataInterceptor_EmptyPeerIDShouldErr (0.00s)
=== CONT  TestNewSingleDataInterceptor_NilWhiteListHandlerShouldErr
--- PASS: TestNewSingleDataInterceptor_NilWhiteListHandlerShouldErr (0.00s)
=== CONT  TestNewSingleDataInterceptor_NilPreferredPeersHolderShouldErr
--- PASS: TestNewSingleDataInterceptor_NilPreferredPeersHolderShouldErr (0.00s)
=== CONT  TestNewSingleDataInterceptor_NilP2PAntifloodHandlerShouldErr
--- PASS: TestNewSingleDataInterceptor_NilP2PAntifloodHandlerShouldErr (0.00s)
=== CONT  TestNewSingleDataInterceptor_NilInterceptorThrottlerShouldErr
--- PASS: TestNewSingleDataInterceptor_NilInterceptorThrottlerShouldErr (0.00s)
=== CONT  TestNewSingleDataInterceptor_NilInterceptedDataProcessorShouldErr
--- PASS: TestNewSingleDataInterceptor_NilInterceptedDataProcessorShouldErr (0.00s)
=== CONT  TestNewSingleDataInterceptor_NilInterceptedDataFactoryShouldErr
--- PASS: TestNewSingleDataInterceptor_NilInterceptedDataFactoryShouldErr (0.00s)
=== CONT  TestNewSingleDataInterceptor_EmptyTopicShouldErr
--- PASS: TestNewSingleDataInterceptor_EmptyTopicShouldErr (0.00s)
=== CONT  TestMultiDataInterceptor_Close
--- PASS: TestMultiDataInterceptor_Close (0.00s)
=== CONT  TestMultiDataInterceptor_SetChunkProcessor
--- PASS: TestMultiDataInterceptor_SetChunkProcessor (0.00s)
=== CONT  TestMultiDataInterceptor_RegisterHandler
--- PASS: TestMultiDataInterceptor_RegisterHandler (0.00s)
=== CONT  TestMultiDataInterceptor_ProcessReceivedMessageIsOriginatorNotOkButWhiteListed
=== CONT  TestMultiDataInterceptor_SetInterceptedDebugHandlerShouldWork
--- PASS: TestMultiDataInterceptor_SetInterceptedDebugHandlerShouldWork (0.00s)
=== CONT  TestMultiDataInterceptor_SetInterceptedDebugHandlerNilShouldErr
--- PASS: TestMultiDataInterceptor_SetInterceptedDebugHandlerNilShouldErr (0.00s)
=== CONT  TestMultiDataInterceptor_InvalidTxChainIDShouldBackList
--- PASS: TestMultiDataInterceptor_InvalidTxChainIDShouldBackList (0.00s)
=== CONT  TestMultiDataInterceptor_InvalidTxVersionShouldBackList
--- PASS: TestMultiDataInterceptor_InvalidTxVersionShouldBackList (0.00s)
=== CONT  TestMultiDataInterceptor_ProcessReceivedMessageWhitelistedShouldRetNil
=== CONT  TestMultiDataInterceptor_ProcessReceivedMessageOkMessageShouldRetNil
=== CONT  TestMultiDataInterceptor_ProcessReceivedMessageIsAddressedToOtherShardShouldRetNilAndNotProcess
=== CONT  TestMultiDataInterceptor_ProcessReceivedMessageNotValidShouldErrAndNotProcess
=== CONT  TestMultiDataInterceptor_ProcessReceivedPartiallyCorrectDataShouldErr
=== CONT  TestMultiDataInterceptor_ProcessReceivedCreateFailsShouldErr
=== CONT  TestMultiDataInterceptor_ProcessReceivedMessageUnmarshalReturnsEmptySliceShouldErr
--- PASS: TestMultiDataInterceptor_ProcessReceivedMessageUnmarshalReturnsEmptySliceShouldErr (0.00s)
=== CONT  TestMultiDataInterceptor_ProcessReceivedMessageUnmarshalFailsShouldErr
--- PASS: TestMultiDataInterceptor_ProcessReceivedMessageUnmarshalFailsShouldErr (0.00s)
=== CONT  TestMultiDataInterceptor_ProcessReceivedMessageNilMessageShouldErr
--- PASS: TestMultiDataInterceptor_ProcessReceivedMessageNilMessageShouldErr (0.00s)
=== CONT  TestNewMultiDataInterceptor
--- PASS: TestNewMultiDataInterceptor (0.00s)
=== CONT  TestNewMultiDataInterceptor_EmptyPeerIDShouldErr
--- PASS: TestNewMultiDataInterceptor_EmptyPeerIDShouldErr (0.00s)
=== CONT  TestNewMultiDataInterceptor_NilWhiteListHandlerShouldErr
--- PASS: TestNewMultiDataInterceptor_NilWhiteListHandlerShouldErr (0.00s)
=== CONT  TestNewMultiDataInterceptor_NilPreferredPeersHolderShouldErr
--- PASS: TestNewMultiDataInterceptor_NilPreferredPeersHolderShouldErr (0.00s)
=== CONT  TestNewMultiDataInterceptor_NilAntifloodHandlerShouldErr
--- PASS: TestNewMultiDataInterceptor_NilAntifloodHandlerShouldErr (0.00s)
=== CONT  TestNewMultiDataInterceptor_NilInterceptorThrottlerShouldErr
--- PASS: TestNewMultiDataInterceptor_NilInterceptorThrottlerShouldErr (0.00s)
=== CONT  TestNewMultiDataInterceptor_NilInterceptedDataProcessorShouldErr
--- PASS: TestNewMultiDataInterceptor_NilInterceptedDataProcessorShouldErr (0.00s)
=== CONT  TestNewMultiDataInterceptor_NilInterceptedDataVerifierShouldErr
--- PASS: TestNewMultiDataInterceptor_NilInterceptedDataVerifierShouldErr (0.00s)
=== CONT  TestNewMultiDataInterceptor_NilInterceptedDataFactoryShouldErr
--- PASS: TestNewMultiDataInterceptor_NilInterceptedDataFactoryShouldErr (0.00s)
=== CONT  TestNewMultiDataInterceptor_NilMarshalizerShouldErr
--- PASS: TestNewMultiDataInterceptor_NilMarshalizerShouldErr (0.00s)
=== CONT  TestNewMultiDataInterceptor_EmptyTopicShouldErr
--- PASS: TestNewMultiDataInterceptor_EmptyTopicShouldErr (0.00s)
=== CONT  TestEpochStartMetaBlockInterceptor_EntireFlowShouldWorkAndSetTheEpoch
--- PASS: TestEpochStartMetaBlockInterceptor_EntireFlowShouldWorkAndSetTheEpoch (0.00s)
=== CONT  TestEpochStartMetaBlockInterceptor_ProcessReceivedMessageUnmarshalError
--- PASS: TestEpochStartMetaBlockInterceptor_ProcessReceivedMessageUnmarshalError (0.00s)
=== CONT  TestNewEpochStartMetaBlockInterceptor
--- PASS: TestNewEpochStartMetaBlockInterceptor (0.00s)
=== CONT  TestWhiteListDataVerifier_IsWhiteListedFoundShouldRetTrue
--- PASS: TestWhiteListDataVerifier_IsWhiteListedFoundShouldRetTrue (0.00s)
=== CONT  TestWhiteListDataVerifier_IsWhiteListedNotFoundShouldRetFalse
--- PASS: TestWhiteListDataVerifier_IsWhiteListedNotFoundShouldRetFalse (0.00s)
=== CONT  TestWhiteListDataVerifier_IsWhiteListedNilInterceptedDataShouldRetFalse
--- PASS: TestWhiteListDataVerifier_IsWhiteListedNilInterceptedDataShouldRetFalse (0.00s)
=== CONT  TestWhiteListDataVerifier_Remove
--- PASS: TestWhiteListDataVerifier_Remove (0.00s)
=== CONT  TestWhiteListDataVerifier_Add
--- PASS: TestWhiteListDataVerifier_Add (0.00s)
=== CONT  TestNewWhiteListDataVerifier_ShouldWork
--- PASS: TestNewWhiteListDataVerifier_ShouldWork (0.00s)
=== CONT  TestNewWhiteListDataVerifier_NilCacherShouldErr
--- PASS: TestNewWhiteListDataVerifier_NilCacherShouldErr (0.00s)
=== CONT  TestInterceptedDataVerifier_CheckExpiryTime
=== RUN   TestInterceptedDataVerifier_CheckExpiryTime/expiry_on_valid_data
=== CONT  TestInterceptedDataVerifier_CheckValidityShouldNotWork
=== CONT  TestInterceptedDataVerifier_CheckValidityShouldWork
=== CONT  TestInterceptedDataVerifier_EmptyHash
--- PASS: TestInterceptedDataVerifier_EmptyHash (0.00s)
=== CONT  TestInterceptedDataVerifier_IsInterfaceNil
--- PASS: TestInterceptedDataVerifier_IsInterfaceNil (0.00s)
=== CONT  TestNewInterceptedDataVerifier
--- PASS: TestNewInterceptedDataVerifier (0.00s)
=== CONT  TestReceivedDebugInterceptedData_ShouldWork
--- PASS: TestReceivedDebugInterceptedData_ShouldWork (0.00s)
=== CONT  TestProcessDebugInterceptedData_ShouldWork
--- PASS: TestProcessDebugInterceptedData_ShouldWork (0.00s)
=== CONT  TestProcessInterceptedData_ProcessErrorShouldCallDone
--- PASS: TestProcessInterceptedData_ProcessErrorShouldCallDone (0.00s)
=== CONT  TestProcessInterceptedData_ValidShouldCallDoneAndCallProcessed
--- PASS: TestProcessInterceptedData_ValidShouldCallDoneAndCallProcessed (0.00s)
=== CONT  TestProcessInterceptedData_NotValidShouldCallDoneAndNotCallProcessed
--- PASS: TestProcessInterceptedData_NotValidShouldCallDoneAndNotCallProcessed (0.00s)
=== CONT  TestPreProcessMessage_CanProcessFromPreferredPeer
--- PASS: TestPreProcessMessage_CanProcessFromPreferredPeer (0.00s)
=== CONT  TestPreProcessMessage_CanProcessFromSelf
--- PASS: TestPreProcessMessage_CanProcessFromSelf (0.00s)
=== CONT  TestPreProcessMessage_CanProcessReturnsNilAndCallsStartProcessing
--- PASS: TestPreProcessMessage_CanProcessReturnsNilAndCallsStartProcessing (0.00s)
=== CONT  TestPreProcessMessage_ThrottlerCanNotProcessShouldErr
--- PASS: TestPreProcessMessage_ThrottlerCanNotProcessShouldErr (0.00s)
=== CONT  TestPreProcessMessage_AntifloodTopicCanNotProcessShouldErr
--- PASS: TestPreProcessMessage_AntifloodTopicCanNotProcessShouldErr (0.00s)
=== CONT  TestPreProcessMessage_AntifloodCanNotProcessShouldErr
--- PASS: TestPreProcessMessage_AntifloodCanNotProcessShouldErr (0.00s)
=== CONT  TestPreProcessMessage_NilDataShouldErr
--- PASS: TestPreProcessMessage_NilDataShouldErr (0.00s)
--- PASS: TestInterceptedDataVerifier_CheckValidityShouldNotWork (0.00s)
--- PASS: TestInterceptedDataVerifier_CheckValidityShouldWork (0.00s)
--- PASS: TestSingleDataInterceptor_ProcessReceivedMessageWhitelistedShouldWork (1.00s)
--- PASS: TestSingleDataInterceptor_ProcessReceivedMessageShouldWork (1.00s)
--- PASS: TestSingleDataInterceptor_ProcessReceivedMessageIsNotForCurrentShardShouldNotCallProcess (1.00s)
--- PASS: TestSingleDataInterceptor_ProcessReceivedMessageIsNotValidShouldNotCallProcess (1.00s)
--- PASS: TestMultiDataInterceptor_ProcessReceivedMessageIsAddressedToOtherShardShouldRetNilAndNotProcess (1.00s)
--- PASS: TestMultiDataInterceptor_ProcessReceivedMessageWhitelistedShouldRetNil (1.00s)
--- PASS: TestMultiDataInterceptor_ProcessReceivedMessageOkMessageShouldRetNil (1.00s)
--- PASS: TestMultiDataInterceptor_ProcessReceivedMessageNotValidShouldErrAndNotProcess (1.00s)
--- PASS: TestMultiDataInterceptor_ProcessReceivedPartiallyCorrectDataShouldErr (1.00s)
--- PASS: TestMultiDataInterceptor_ProcessReceivedCreateFailsShouldErr (1.00s)
--- PASS: TestMultiDataInterceptor_ProcessReceivedMessageIsOriginatorNotOkButWhiteListed (2.00s)
--- PASS: TestSingleDataInterceptor_ProcessReceivedMessageWithOriginator (2.00s)
=== RUN   TestInterceptedDataVerifier_CheckExpiryTime/expiry_on_invalid_data
--- PASS: TestInterceptedDataVerifier_CheckExpiryTime (4.20s)
    --- PASS: TestInterceptedDataVerifier_CheckExpiryTime/expiry_on_valid_data (2.10s)
    --- PASS: TestInterceptedDataVerifier_CheckExpiryTime/expiry_on_invalid_data (2.10s)
PASS
ok  	github.com/TerraDharitri/drt-go-chain/process/interceptors	(cached)
=== RUN   TestInterceptedDataVerifierFactory_IsInterfaceNil
=== PAUSE TestInterceptedDataVerifierFactory_IsInterfaceNil
=== RUN   TestNewInterceptedDataVerifierFactory
=== PAUSE TestNewInterceptedDataVerifierFactory
=== RUN   TestInterceptedDataVerifierFactory_Create
=== PAUSE TestInterceptedDataVerifierFactory_Create
=== RUN   TestInterceptedEquivalentProofsFactory_IsInterfaceNil
=== PAUSE TestInterceptedEquivalentProofsFactory_IsInterfaceNil
=== RUN   TestNewInterceptedEquivalentProofsFactory
=== PAUSE TestNewInterceptedEquivalentProofsFactory
=== RUN   TestInterceptedEquivalentProofsFactory_Create
=== PAUSE TestInterceptedEquivalentProofsFactory_Create
=== RUN   TestNewInterceptedHeartbeatDataFactory
=== PAUSE TestNewInterceptedHeartbeatDataFactory
=== RUN   TestNewInterceptedMetaHeaderDataFactory_NilArgumentShouldErr
=== PAUSE TestNewInterceptedMetaHeaderDataFactory_NilArgumentShouldErr
=== RUN   TestNewInterceptedMetaHeaderDataFactory_NilMarshalizerShouldErr
=== PAUSE TestNewInterceptedMetaHeaderDataFactory_NilMarshalizerShouldErr
=== RUN   TestNewInterceptedMetaHeaderDataFactory_NilSignMarshalizerShouldErr
=== PAUSE TestNewInterceptedMetaHeaderDataFactory_NilSignMarshalizerShouldErr
=== RUN   TestNewInterceptedMetaHeaderDataFactory_NilHasherShouldErr
=== PAUSE TestNewInterceptedMetaHeaderDataFactory_NilHasherShouldErr
=== RUN   TestNewInterceptedMetaHeaderDataFactory_NilHeaderSigVerifierShouldErr
=== PAUSE TestNewInterceptedMetaHeaderDataFactory_NilHeaderSigVerifierShouldErr
=== RUN   TestNewInterceptedMetaHeaderDataFactory_NilHeaderIntegrityVerifierShouldErr
=== PAUSE TestNewInterceptedMetaHeaderDataFactory_NilHeaderIntegrityVerifierShouldErr
=== RUN   TestNewInterceptedMetaHeaderDataFactory_NilShardCoordinatorShouldErr
=== PAUSE TestNewInterceptedMetaHeaderDataFactory_NilShardCoordinatorShouldErr
=== RUN   TestNewInterceptedMetaHeaderDataFactory_NilChainIdShouldErr
=== PAUSE TestNewInterceptedMetaHeaderDataFactory_NilChainIdShouldErr
=== RUN   TestNewInterceptedMetaHeaderDataFactory_NilValidityAttesterShouldErr
=== PAUSE TestNewInterceptedMetaHeaderDataFactory_NilValidityAttesterShouldErr
=== RUN   TestNewInterceptedMetaHeaderDataFactory_ShouldWorkAndCreate
=== PAUSE TestNewInterceptedMetaHeaderDataFactory_ShouldWorkAndCreate
=== RUN   TestNewInterceptedMiniblockDataFactory_NilArgumentsShouldErr
=== PAUSE TestNewInterceptedMiniblockDataFactory_NilArgumentsShouldErr
=== RUN   TestNewInterceptedMiniblockDataFactory_NilMarshalizerShouldErr
=== PAUSE TestNewInterceptedMiniblockDataFactory_NilMarshalizerShouldErr
=== RUN   TestNewInterceptedMiniblockDataFactory_NilHasherShouldErr
=== PAUSE TestNewInterceptedMiniblockDataFactory_NilHasherShouldErr
=== RUN   TestNewInterceptedMiniblockDataFactory_NilShardCoordinatorShouldErr
=== PAUSE TestNewInterceptedMiniblockDataFactory_NilShardCoordinatorShouldErr
=== RUN   TestInterceptedMiniblockDataFactory_ShouldWorkAndCreate
=== PAUSE TestInterceptedMiniblockDataFactory_ShouldWorkAndCreate
=== RUN   TestNewInterceptedPeerAuthenticationDataFactory
=== PAUSE TestNewInterceptedPeerAuthenticationDataFactory
=== RUN   TestNewInterceptedPeerShardFactory
=== PAUSE TestNewInterceptedPeerShardFactory
=== RUN   TestNewInterceptedRewardTxDataFactory_NilArgumentsShouldErr
=== PAUSE TestNewInterceptedRewardTxDataFactory_NilArgumentsShouldErr
=== RUN   TestNewInterceptedRewardTxDataFactory_NilMarshalizerShouldErr
=== PAUSE TestNewInterceptedRewardTxDataFactory_NilMarshalizerShouldErr
=== RUN   TestNewInterceptedRewardTxDataFactory_NilSignMarshalizerShouldErr
=== PAUSE TestNewInterceptedRewardTxDataFactory_NilSignMarshalizerShouldErr
=== RUN   TestNewInterceptedRewardTxDataFactory_NilHasherShouldErr
=== PAUSE TestNewInterceptedRewardTxDataFactory_NilHasherShouldErr
=== RUN   TestNewInterceptedRewardTxDataFactory_NilShardCoordinatorShouldErr
=== PAUSE TestNewInterceptedRewardTxDataFactory_NilShardCoordinatorShouldErr
=== RUN   TestInterceptedRewardTxDataFactory_NilAdrConverterShouldErr
=== PAUSE TestInterceptedRewardTxDataFactory_NilAdrConverterShouldErr
=== RUN   TestInterceptedRewardTxDataFactory_ShouldWorkAndCreate
=== PAUSE TestInterceptedRewardTxDataFactory_ShouldWorkAndCreate
=== RUN   TestNewInterceptedShardHeaderDataFactory_NilArgumentsShouldErr
=== PAUSE TestNewInterceptedShardHeaderDataFactory_NilArgumentsShouldErr
=== RUN   TestNewInterceptedShardHeaderDataFactory_NilMarshalizerShouldErr
=== PAUSE TestNewInterceptedShardHeaderDataFactory_NilMarshalizerShouldErr
=== RUN   TestNewInterceptedShardHeaderDataFactory_NilSignMarshalizerShouldErr
=== PAUSE TestNewInterceptedShardHeaderDataFactory_NilSignMarshalizerShouldErr
=== RUN   TestNewInterceptedShardHeaderDataFactory_NilHeaderSigVerifierShouldErr
=== PAUSE TestNewInterceptedShardHeaderDataFactory_NilHeaderSigVerifierShouldErr
=== RUN   TestNewInterceptedShardHeaderDataFactory_NilHasherShouldErr
=== PAUSE TestNewInterceptedShardHeaderDataFactory_NilHasherShouldErr
=== RUN   TestNewInterceptedShardHeaderDataFactory_NilShardCoordinatorShouldErr
=== PAUSE TestNewInterceptedShardHeaderDataFactory_NilShardCoordinatorShouldErr
=== RUN   TestNewInterceptedShardHeaderDataFactory_NilValidityAttesterShouldErr
=== PAUSE TestNewInterceptedShardHeaderDataFactory_NilValidityAttesterShouldErr
=== RUN   TestInterceptedShardHeaderDataFactory_ShouldWorkAndCreate
=== PAUSE TestInterceptedShardHeaderDataFactory_ShouldWorkAndCreate
=== RUN   TestNewInterceptedTrieNodeDataFactory_NilArgumentsShouldErr
=== PAUSE TestNewInterceptedTrieNodeDataFactory_NilArgumentsShouldErr
=== RUN   TestNewInterceptedTrieNodeDataFactory_NilHasherShouldErr
=== PAUSE TestNewInterceptedTrieNodeDataFactory_NilHasherShouldErr
=== RUN   TestNewInterceptedTrieNodeDataFactory_OkValsShouldWork
=== PAUSE TestNewInterceptedTrieNodeDataFactory_OkValsShouldWork
=== RUN   TestNewInterceptedTxDataFactory_NilArgumentShouldErr
=== PAUSE TestNewInterceptedTxDataFactory_NilArgumentShouldErr
=== RUN   TestNewInterceptedTxDataFactory_NilMarshalizerShouldErr
=== PAUSE TestNewInterceptedTxDataFactory_NilMarshalizerShouldErr
=== RUN   TestNewInterceptedTxDataFactory_NilSignMarshalizerShouldErr
=== PAUSE TestNewInterceptedTxDataFactory_NilSignMarshalizerShouldErr
=== RUN   TestNewInterceptedTxDataFactory_NilTxSignHasherShouldErr
=== PAUSE TestNewInterceptedTxDataFactory_NilTxSignHasherShouldErr
=== RUN   TestNewInterceptedTxDataFactory_NilEpochStartTriggerShouldErr
=== PAUSE TestNewInterceptedTxDataFactory_NilEpochStartTriggerShouldErr
=== RUN   TestNewInterceptedTxDataFactory_NilHasherShouldErr
=== PAUSE TestNewInterceptedTxDataFactory_NilHasherShouldErr
=== RUN   TestNewInterceptedTxDataFactory_InvalidChainIDShouldErr
=== PAUSE TestNewInterceptedTxDataFactory_InvalidChainIDShouldErr
=== RUN   TestNewInterceptedTxDataFactory_InvalidMinTransactionVersionShouldErr
=== PAUSE TestNewInterceptedTxDataFactory_InvalidMinTransactionVersionShouldErr
=== RUN   TestNewInterceptedTxDataFactory_NilShardCoordinatorShouldErr
=== PAUSE TestNewInterceptedTxDataFactory_NilShardCoordinatorShouldErr
=== RUN   TestNewInterceptedTxDataFactory_NilKeyGenShouldErr
=== PAUSE TestNewInterceptedTxDataFactory_NilKeyGenShouldErr
=== RUN   TestNewInterceptedTxDataFactory_NilAdrConvShouldErr
=== PAUSE TestNewInterceptedTxDataFactory_NilAdrConvShouldErr
=== RUN   TestNewInterceptedTxDataFactory_NilSignerShouldErr
=== PAUSE TestNewInterceptedTxDataFactory_NilSignerShouldErr
=== RUN   TestNewInterceptedTxDataFactory_NilEconomicsFeeHandlerShouldErr
=== PAUSE TestNewInterceptedTxDataFactory_NilEconomicsFeeHandlerShouldErr
=== RUN   TestNewInterceptedTxDataFactory_NilEnableEpochsHandlerShouldErr
=== PAUSE TestNewInterceptedTxDataFactory_NilEnableEpochsHandlerShouldErr
=== RUN   TestInterceptedTxDataFactory_ShouldWorkAndCreate
=== PAUSE TestInterceptedTxDataFactory_ShouldWorkAndCreate
=== RUN   TestNewInterceptedUnsignedTxDataFactory_NilArgumentShouldErr
=== PAUSE TestNewInterceptedUnsignedTxDataFactory_NilArgumentShouldErr
=== RUN   TestNewInterceptedUnsignedTxDataFactory_NilMarshalizerShouldErr
=== PAUSE TestNewInterceptedUnsignedTxDataFactory_NilMarshalizerShouldErr
=== RUN   TestNewInterceptedUnsignedTxDataFactory_NilSignMarshalizerShouldErr
=== PAUSE TestNewInterceptedUnsignedTxDataFactory_NilSignMarshalizerShouldErr
=== RUN   TestNewInterceptedUnsignedTxDataFactory_NilHasherShouldErr
=== PAUSE TestNewInterceptedUnsignedTxDataFactory_NilHasherShouldErr
=== RUN   TestNewInterceptedUnsignedTxDataFactory_NilShardCoordinatorShouldErr
=== PAUSE TestNewInterceptedUnsignedTxDataFactory_NilShardCoordinatorShouldErr
=== RUN   TestNewInterceptedUnsignedTxDataFactory_NilAddrConverterShouldErr
=== PAUSE TestNewInterceptedUnsignedTxDataFactory_NilAddrConverterShouldErr
=== RUN   TestInterceptedUnsignedTxDataFactory_ShouldWorkAndCreate
=== PAUSE TestInterceptedUnsignedTxDataFactory_ShouldWorkAndCreate
=== RUN   TestNewInterceptedValidatorInfoDataFactory
=== PAUSE TestNewInterceptedValidatorInfoDataFactory
=== RUN   TestInterceptedValidatorInfoDataFactory_Create
=== PAUSE TestInterceptedValidatorInfoDataFactory_Create
=== CONT  TestInterceptedDataVerifierFactory_IsInterfaceNil
--- PASS: TestInterceptedDataVerifierFactory_IsInterfaceNil (0.00s)
=== CONT  TestInterceptedValidatorInfoDataFactory_Create
=== RUN   TestInterceptedValidatorInfoDataFactory_Create/nil_buff_should_error
=== PAUSE TestInterceptedValidatorInfoDataFactory_Create/nil_buff_should_error
=== RUN   TestInterceptedValidatorInfoDataFactory_Create/should_work
=== PAUSE TestInterceptedValidatorInfoDataFactory_Create/should_work
=== CONT  TestInterceptedValidatorInfoDataFactory_Create/nil_buff_should_error
=== CONT  TestNewInterceptedValidatorInfoDataFactory
=== RUN   TestNewInterceptedValidatorInfoDataFactory/nil_core_components_should_error
=== PAUSE TestNewInterceptedValidatorInfoDataFactory/nil_core_components_should_error
=== RUN   TestNewInterceptedValidatorInfoDataFactory/nil_marshaller_should_error
=== PAUSE TestNewInterceptedValidatorInfoDataFactory/nil_marshaller_should_error
=== RUN   TestNewInterceptedValidatorInfoDataFactory/nil_hasher_should_error
=== PAUSE TestNewInterceptedValidatorInfoDataFactory/nil_hasher_should_error
=== RUN   TestNewInterceptedValidatorInfoDataFactory/should_work
=== PAUSE TestNewInterceptedValidatorInfoDataFactory/should_work
=== CONT  TestNewInterceptedValidatorInfoDataFactory/nil_core_components_should_error
=== CONT  TestInterceptedUnsignedTxDataFactory_ShouldWorkAndCreate
--- PASS: TestInterceptedUnsignedTxDataFactory_ShouldWorkAndCreate (0.00s)
=== CONT  TestNewInterceptedUnsignedTxDataFactory_NilAddrConverterShouldErr
--- PASS: TestNewInterceptedUnsignedTxDataFactory_NilAddrConverterShouldErr (0.00s)
=== CONT  TestNewInterceptedUnsignedTxDataFactory_NilShardCoordinatorShouldErr
--- PASS: TestNewInterceptedUnsignedTxDataFactory_NilShardCoordinatorShouldErr (0.00s)
=== CONT  TestNewInterceptedUnsignedTxDataFactory_NilHasherShouldErr
--- PASS: TestNewInterceptedUnsignedTxDataFactory_NilHasherShouldErr (0.00s)
=== CONT  TestNewInterceptedUnsignedTxDataFactory_NilSignMarshalizerShouldErr
--- PASS: TestNewInterceptedUnsignedTxDataFactory_NilSignMarshalizerShouldErr (0.00s)
=== CONT  TestNewInterceptedUnsignedTxDataFactory_NilMarshalizerShouldErr
--- PASS: TestNewInterceptedUnsignedTxDataFactory_NilMarshalizerShouldErr (0.00s)
=== CONT  TestNewInterceptedUnsignedTxDataFactory_NilArgumentShouldErr
--- PASS: TestNewInterceptedUnsignedTxDataFactory_NilArgumentShouldErr (0.00s)
=== CONT  TestInterceptedTxDataFactory_ShouldWorkAndCreate
--- PASS: TestInterceptedTxDataFactory_ShouldWorkAndCreate (0.00s)
=== CONT  TestNewInterceptedTxDataFactory_NilEnableEpochsHandlerShouldErr
--- PASS: TestNewInterceptedTxDataFactory_NilEnableEpochsHandlerShouldErr (0.00s)
=== CONT  TestNewInterceptedTxDataFactory_NilEconomicsFeeHandlerShouldErr
--- PASS: TestNewInterceptedTxDataFactory_NilEconomicsFeeHandlerShouldErr (0.00s)
=== CONT  TestNewInterceptedTxDataFactory_NilSignerShouldErr
=== CONT  TestNewInterceptedRewardTxDataFactory_NilMarshalizerShouldErr
--- PASS: TestNewInterceptedRewardTxDataFactory_NilMarshalizerShouldErr (0.00s)
=== CONT  TestNewInterceptedTxDataFactory_NilAdrConvShouldErr
--- PASS: TestNewInterceptedTxDataFactory_NilAdrConvShouldErr (0.00s)
=== CONT  TestNewInterceptedTxDataFactory_NilKeyGenShouldErr
--- PASS: TestNewInterceptedTxDataFactory_NilKeyGenShouldErr (0.00s)
=== CONT  TestNewInterceptedTxDataFactory_NilShardCoordinatorShouldErr
--- PASS: TestNewInterceptedTxDataFactory_NilShardCoordinatorShouldErr (0.00s)
=== CONT  TestNewInterceptedTxDataFactory_InvalidMinTransactionVersionShouldErr
--- PASS: TestNewInterceptedTxDataFactory_InvalidMinTransactionVersionShouldErr (0.00s)
=== CONT  TestNewInterceptedTxDataFactory_InvalidChainIDShouldErr
--- PASS: TestNewInterceptedTxDataFactory_InvalidChainIDShouldErr (0.00s)
=== CONT  TestNewInterceptedTxDataFactory_NilHasherShouldErr
--- PASS: TestNewInterceptedTxDataFactory_NilHasherShouldErr (0.00s)
=== CONT  TestNewInterceptedTxDataFactory_NilEpochStartTriggerShouldErr
--- PASS: TestNewInterceptedTxDataFactory_NilEpochStartTriggerShouldErr (0.00s)
=== CONT  TestNewInterceptedTxDataFactory_NilTxSignHasherShouldErr
--- PASS: TestNewInterceptedTxDataFactory_NilTxSignHasherShouldErr (0.00s)
=== CONT  TestNewInterceptedTxDataFactory_NilSignMarshalizerShouldErr
--- PASS: TestNewInterceptedTxDataFactory_NilSignMarshalizerShouldErr (0.00s)
=== CONT  TestNewInterceptedMetaHeaderDataFactory_NilHeaderSigVerifierShouldErr
=== CONT  TestNewInterceptedTxDataFactory_NilArgumentShouldErr
--- PASS: TestNewInterceptedTxDataFactory_NilArgumentShouldErr (0.00s)
=== CONT  TestNewInterceptedTrieNodeDataFactory_OkValsShouldWork
--- PASS: TestNewInterceptedTrieNodeDataFactory_OkValsShouldWork (0.00s)
=== CONT  TestNewInterceptedTrieNodeDataFactory_NilHasherShouldErr
--- PASS: TestNewInterceptedTrieNodeDataFactory_NilHasherShouldErr (0.00s)
=== CONT  TestNewInterceptedTrieNodeDataFactory_NilArgumentsShouldErr
--- PASS: TestNewInterceptedTrieNodeDataFactory_NilArgumentsShouldErr (0.00s)
=== CONT  TestInterceptedShardHeaderDataFactory_ShouldWorkAndCreate
--- PASS: TestNewInterceptedMetaHeaderDataFactory_NilHeaderSigVerifierShouldErr (0.00s)
=== CONT  TestNewInterceptedTxDataFactory_NilMarshalizerShouldErr
--- PASS: TestNewInterceptedTxDataFactory_NilMarshalizerShouldErr (0.00s)
=== CONT  TestNewInterceptedRewardTxDataFactory_NilArgumentsShouldErr
--- PASS: TestNewInterceptedRewardTxDataFactory_NilArgumentsShouldErr (0.00s)
=== CONT  TestNewInterceptedPeerShardFactory
=== RUN   TestNewInterceptedPeerShardFactory/nil_core_comp_should_error
=== PAUSE TestNewInterceptedPeerShardFactory/nil_core_comp_should_error
=== RUN   TestNewInterceptedPeerShardFactory/nil_marshaller_should_error
=== PAUSE TestNewInterceptedPeerShardFactory/nil_marshaller_should_error
=== RUN   TestNewInterceptedPeerShardFactory/nil_shard_coordinator_should_error
=== PAUSE TestNewInterceptedPeerShardFactory/nil_shard_coordinator_should_error
=== RUN   TestNewInterceptedPeerShardFactory/should_work_and_create
=== PAUSE TestNewInterceptedPeerShardFactory/should_work_and_create
=== CONT  TestNewInterceptedPeerShardFactory/nil_core_comp_should_error
=== CONT  TestNewInterceptedPeerAuthenticationDataFactory
=== RUN   TestNewInterceptedPeerAuthenticationDataFactory/nil_CoreComponents_should_error
=== PAUSE TestNewInterceptedPeerAuthenticationDataFactory/nil_CoreComponents_should_error
=== RUN   TestNewInterceptedPeerAuthenticationDataFactory/nil_InternalMarshalizer_should_error
=== PAUSE TestNewInterceptedPeerAuthenticationDataFactory/nil_InternalMarshalizer_should_error
=== RUN   TestNewInterceptedPeerAuthenticationDataFactory/nil_NodesCoordinator_should_error
=== PAUSE TestNewInterceptedPeerAuthenticationDataFactory/nil_NodesCoordinator_should_error
=== RUN   TestNewInterceptedPeerAuthenticationDataFactory/nil_SignaturesHandler_should_error
=== PAUSE TestNewInterceptedPeerAuthenticationDataFactory/nil_SignaturesHandler_should_error
=== RUN   TestNewInterceptedPeerAuthenticationDataFactory/nil_PeerSignatureHandler_should_error
=== PAUSE TestNewInterceptedPeerAuthenticationDataFactory/nil_PeerSignatureHandler_should_error
=== RUN   TestNewInterceptedPeerAuthenticationDataFactory/invalid_expiry_timespan_should_error
=== PAUSE TestNewInterceptedPeerAuthenticationDataFactory/invalid_expiry_timespan_should_error
=== RUN   TestNewInterceptedPeerAuthenticationDataFactory/invalid_hardfork_pub_key_should_error
=== PAUSE TestNewInterceptedPeerAuthenticationDataFactory/invalid_hardfork_pub_key_should_error
=== RUN   TestNewInterceptedPeerAuthenticationDataFactory/should_work_and_create
--- PASS: TestInterceptedShardHeaderDataFactory_ShouldWorkAndCreate (0.00s)
=== CONT  TestNewInterceptedShardHeaderDataFactory_NilValidityAttesterShouldErr
=== PAUSE TestNewInterceptedPeerAuthenticationDataFactory/should_work_and_create
=== CONT  TestNewInterceptedPeerAuthenticationDataFactory/nil_CoreComponents_should_error
--- PASS: TestNewInterceptedShardHeaderDataFactory_NilValidityAttesterShouldErr (0.00s)
=== CONT  TestNewInterceptedShardHeaderDataFactory_NilShardCoordinatorShouldErr
--- PASS: TestNewInterceptedShardHeaderDataFactory_NilShardCoordinatorShouldErr (0.00s)
=== CONT  TestNewInterceptedMiniblockDataFactory_NilShardCoordinatorShouldErr
=== CONT  TestNewInterceptedShardHeaderDataFactory_NilHasherShouldErr
--- PASS: TestNewInterceptedShardHeaderDataFactory_NilHasherShouldErr (0.00s)
=== CONT  TestNewInterceptedShardHeaderDataFactory_NilHeaderSigVerifierShouldErr
--- PASS: TestNewInterceptedMiniblockDataFactory_NilShardCoordinatorShouldErr (0.00s)
--- PASS: TestNewInterceptedShardHeaderDataFactory_NilHeaderSigVerifierShouldErr (0.00s)
=== CONT  TestNewInterceptedMiniblockDataFactory_NilHasherShouldErr
=== CONT  TestNewInterceptedShardHeaderDataFactory_NilMarshalizerShouldErr
--- PASS: TestNewInterceptedMiniblockDataFactory_NilHasherShouldErr (0.00s)
=== CONT  TestNewInterceptedShardHeaderDataFactory_NilArgumentsShouldErr
=== CONT  TestNewInterceptedMiniblockDataFactory_NilMarshalizerShouldErr
--- PASS: TestNewInterceptedShardHeaderDataFactory_NilMarshalizerShouldErr (0.00s)
--- PASS: TestNewInterceptedShardHeaderDataFactory_NilArgumentsShouldErr (0.00s)
=== CONT  TestInterceptedRewardTxDataFactory_ShouldWorkAndCreate
=== CONT  TestNewInterceptedMiniblockDataFactory_NilArgumentsShouldErr
=== CONT  TestNewInterceptedMetaHeaderDataFactory_ShouldWorkAndCreate
--- PASS: TestNewInterceptedMiniblockDataFactory_NilMarshalizerShouldErr (0.00s)
--- PASS: TestNewInterceptedMiniblockDataFactory_NilArgumentsShouldErr (0.00s)
--- PASS: TestInterceptedRewardTxDataFactory_ShouldWorkAndCreate (0.00s)
=== CONT  TestInterceptedRewardTxDataFactory_NilAdrConverterShouldErr
--- PASS: TestInterceptedRewardTxDataFactory_NilAdrConverterShouldErr (0.00s)
=== CONT  TestNewInterceptedRewardTxDataFactory_NilShardCoordinatorShouldErr
--- PASS: TestNewInterceptedRewardTxDataFactory_NilShardCoordinatorShouldErr (0.00s)
=== CONT  TestNewInterceptedRewardTxDataFactory_NilHasherShouldErr
--- PASS: TestNewInterceptedRewardTxDataFactory_NilHasherShouldErr (0.00s)
=== CONT  TestNewInterceptedRewardTxDataFactory_NilSignMarshalizerShouldErr
--- PASS: TestNewInterceptedRewardTxDataFactory_NilSignMarshalizerShouldErr (0.00s)
=== CONT  TestInterceptedMiniblockDataFactory_ShouldWorkAndCreate
--- PASS: TestInterceptedMiniblockDataFactory_ShouldWorkAndCreate (0.00s)
=== CONT  TestNewInterceptedEquivalentProofsFactory
--- PASS: TestNewInterceptedEquivalentProofsFactory (0.00s)
=== CONT  TestNewInterceptedMetaHeaderDataFactory_NilHasherShouldErr
--- PASS: TestNewInterceptedMetaHeaderDataFactory_NilHasherShouldErr (0.00s)
=== CONT  TestNewInterceptedMetaHeaderDataFactory_NilSignMarshalizerShouldErr
--- PASS: TestNewInterceptedMetaHeaderDataFactory_NilSignMarshalizerShouldErr (0.00s)
=== CONT  TestNewInterceptedMetaHeaderDataFactory_NilMarshalizerShouldErr
--- PASS: TestNewInterceptedMetaHeaderDataFactory_NilMarshalizerShouldErr (0.00s)
=== CONT  TestNewInterceptedMetaHeaderDataFactory_NilArgumentShouldErr
--- PASS: TestNewInterceptedMetaHeaderDataFactory_NilArgumentShouldErr (0.00s)
=== CONT  TestNewInterceptedHeartbeatDataFactory
--- PASS: TestNewInterceptedMetaHeaderDataFactory_ShouldWorkAndCreate (0.00s)
=== CONT  TestInterceptedEquivalentProofsFactory_Create
=== CONT  TestNewInterceptedMetaHeaderDataFactory_NilValidityAttesterShouldErr
--- PASS: TestNewInterceptedMetaHeaderDataFactory_NilValidityAttesterShouldErr (0.00s)
=== CONT  TestNewInterceptedMetaHeaderDataFactory_NilChainIdShouldErr
--- PASS: TestNewInterceptedMetaHeaderDataFactory_NilChainIdShouldErr (0.00s)
=== CONT  TestNewInterceptedMetaHeaderDataFactory_NilShardCoordinatorShouldErr
--- PASS: TestNewInterceptedMetaHeaderDataFactory_NilShardCoordinatorShouldErr (0.00s)
=== CONT  TestNewInterceptedMetaHeaderDataFactory_NilHeaderIntegrityVerifierShouldErr
--- PASS: TestInterceptedEquivalentProofsFactory_Create (0.00s)
=== RUN   TestNewInterceptedHeartbeatDataFactory/nil_InternalMarshalizer_should_error
=== PAUSE TestNewInterceptedHeartbeatDataFactory/nil_InternalMarshalizer_should_error
=== RUN   TestNewInterceptedHeartbeatDataFactory/empty_peer_id_should_error
=== PAUSE TestNewInterceptedHeartbeatDataFactory/empty_peer_id_should_error
=== RUN   TestNewInterceptedHeartbeatDataFactory/should_work_and_create
=== PAUSE TestNewInterceptedHeartbeatDataFactory/should_work_and_create
=== CONT  TestNewInterceptedHeartbeatDataFactory/nil_InternalMarshalizer_should_error
=== CONT  TestNewInterceptedHeartbeatDataFactory/should_work_and_create
=== CONT  TestInterceptedValidatorInfoDataFactory_Create/should_work
=== CONT  TestNewInterceptedHeartbeatDataFactory/empty_peer_id_should_error
--- PASS: TestNewInterceptedHeartbeatDataFactory (0.00s)
    --- PASS: TestNewInterceptedHeartbeatDataFactory/nil_InternalMarshalizer_should_error (0.00s)
    --- PASS: TestNewInterceptedHeartbeatDataFactory/should_work_and_create (0.00s)
    --- PASS: TestNewInterceptedHeartbeatDataFactory/empty_peer_id_should_error (0.00s)
=== CONT  TestNewInterceptedValidatorInfoDataFactory/nil_hasher_should_error
=== CONT  TestNewInterceptedValidatorInfoDataFactory/should_work
=== CONT  TestNewInterceptedDataVerifierFactory
--- PASS: TestNewInterceptedDataVerifierFactory (0.00s)
=== CONT  TestInterceptedEquivalentProofsFactory_IsInterfaceNil
--- PASS: TestInterceptedEquivalentProofsFactory_IsInterfaceNil (0.00s)
=== CONT  TestNewInterceptedValidatorInfoDataFactory/nil_marshaller_should_error
--- PASS: TestNewInterceptedValidatorInfoDataFactory (0.00s)
    --- PASS: TestNewInterceptedValidatorInfoDataFactory/nil_core_components_should_error (0.00s)
    --- PASS: TestNewInterceptedValidatorInfoDataFactory/nil_hasher_should_error (0.00s)
    --- PASS: TestNewInterceptedValidatorInfoDataFactory/should_work (0.00s)
    --- PASS: TestNewInterceptedValidatorInfoDataFactory/nil_marshaller_should_error (0.00s)
=== CONT  TestNewInterceptedPeerAuthenticationDataFactory/invalid_expiry_timespan_should_error
=== CONT  TestNewInterceptedPeerAuthenticationDataFactory/nil_NodesCoordinator_should_error
=== CONT  TestNewInterceptedShardHeaderDataFactory_NilSignMarshalizerShouldErr
--- PASS: TestInterceptedValidatorInfoDataFactory_Create (0.00s)
    --- PASS: TestInterceptedValidatorInfoDataFactory_Create/nil_buff_should_error (0.00s)
    --- PASS: TestInterceptedValidatorInfoDataFactory_Create/should_work (0.00s)
--- PASS: TestNewInterceptedTxDataFactory_NilSignerShouldErr (0.00s)
--- PASS: TestNewInterceptedShardHeaderDataFactory_NilSignMarshalizerShouldErr (0.00s)
=== CONT  TestNewInterceptedPeerAuthenticationDataFactory/nil_InternalMarshalizer_should_error
=== CONT  TestNewInterceptedPeerShardFactory/nil_marshaller_should_error
=== CONT  TestNewInterceptedPeerShardFactory/should_work_and_create
=== CONT  TestNewInterceptedPeerShardFactory/nil_shard_coordinator_should_error
--- PASS: TestNewInterceptedPeerShardFactory (0.00s)
    --- PASS: TestNewInterceptedPeerShardFactory/nil_core_comp_should_error (0.00s)
    --- PASS: TestNewInterceptedPeerShardFactory/nil_marshaller_should_error (0.00s)
    --- PASS: TestNewInterceptedPeerShardFactory/should_work_and_create (0.00s)
    --- PASS: TestNewInterceptedPeerShardFactory/nil_shard_coordinator_should_error (0.00s)
=== CONT  TestNewInterceptedPeerAuthenticationDataFactory/nil_PeerSignatureHandler_should_error
=== CONT  TestNewInterceptedPeerAuthenticationDataFactory/nil_SignaturesHandler_should_error
=== CONT  TestInterceptedDataVerifierFactory_Create
--- PASS: TestInterceptedDataVerifierFactory_Create (0.00s)
=== CONT  TestNewInterceptedPeerAuthenticationDataFactory/should_work_and_create
=== CONT  TestNewInterceptedPeerAuthenticationDataFactory/invalid_hardfork_pub_key_should_error
--- PASS: TestNewInterceptedPeerAuthenticationDataFactory (0.00s)
    --- PASS: TestNewInterceptedPeerAuthenticationDataFactory/nil_CoreComponents_should_error (0.00s)
    --- PASS: TestNewInterceptedPeerAuthenticationDataFactory/nil_NodesCoordinator_should_error (0.00s)
    --- PASS: TestNewInterceptedPeerAuthenticationDataFactory/nil_InternalMarshalizer_should_error (0.00s)
    --- PASS: TestNewInterceptedPeerAuthenticationDataFactory/invalid_expiry_timespan_should_error (0.00s)
    --- PASS: TestNewInterceptedPeerAuthenticationDataFactory/nil_PeerSignatureHandler_should_error (0.00s)
    --- PASS: TestNewInterceptedPeerAuthenticationDataFactory/nil_SignaturesHandler_should_error (0.00s)
    --- PASS: TestNewInterceptedPeerAuthenticationDataFactory/should_work_and_create (0.00s)
    --- PASS: TestNewInterceptedPeerAuthenticationDataFactory/invalid_hardfork_pub_key_should_error (0.00s)
--- PASS: TestNewInterceptedMetaHeaderDataFactory_NilHeaderIntegrityVerifierShouldErr (0.00s)
PASS
ok  	github.com/TerraDharitri/drt-go-chain/process/interceptors/factory	(cached)
=== RUN   TestEquivalentProofsInterceptorProcessor_IsInterfaceNil
=== PAUSE TestEquivalentProofsInterceptorProcessor_IsInterfaceNil
=== RUN   TestNewEquivalentProofsInterceptorProcessor
=== PAUSE TestNewEquivalentProofsInterceptorProcessor
=== RUN   TestNewPeerShardInterceptorProcessor
=== PAUSE TestNewPeerShardInterceptorProcessor
=== RUN   TestPeerShardInterceptorProcessor_Save
=== PAUSE TestPeerShardInterceptorProcessor_Save
=== RUN   TestPeerShardInterceptorProcessor_DisabledMethod
=== PAUSE TestPeerShardInterceptorProcessor_DisabledMethod
=== RUN   TestNewTrieNodeChunksProcessor_NilHasher
=== PAUSE TestNewTrieNodeChunksProcessor_NilHasher
=== RUN   TestNewTrieNodeChunksProcessor_NilCacher
=== PAUSE TestNewTrieNodeChunksProcessor_NilCacher
=== RUN   TestNewTrieNodeChunksProcessor_InvalidInterval
=== PAUSE TestNewTrieNodeChunksProcessor_InvalidInterval
=== RUN   TestNewTrieNodeChunksProcessor_NilRequestHandler
=== PAUSE TestNewTrieNodeChunksProcessor_NilRequestHandler
=== RUN   TestNewTrieNodeChunksProcessor_EmptyTopic
=== PAUSE TestNewTrieNodeChunksProcessor_EmptyTopic
=== RUN   TestNewTrieNodeChunksProcessor_ShouldWork
=== PAUSE TestNewTrieNodeChunksProcessor_ShouldWork
=== RUN   TestTrieNodeChunksProcessor_CheckBatchInvalidBatch
=== PAUSE TestTrieNodeChunksProcessor_CheckBatchInvalidBatch
=== RUN   TestTrieNodeChunksProcessor_NilWhitelistHandler
=== PAUSE TestTrieNodeChunksProcessor_NilWhitelistHandler
=== RUN   TestTrieNodeChunksProcessor_NotWhiteListed
=== PAUSE TestTrieNodeChunksProcessor_NotWhiteListed
=== RUN   TestTrieNodeChunksProcessor_CheckBatchShouldWork
=== PAUSE TestTrieNodeChunksProcessor_CheckBatchShouldWork
=== RUN   TestTrieNodeChunksProcessor_CheckBatchNotTheFirstBatch
=== PAUSE TestTrieNodeChunksProcessor_CheckBatchNotTheFirstBatch
=== RUN   TestTrieNodeChunksProcessor_CheckBatchComponentClosed
=== PAUSE TestTrieNodeChunksProcessor_CheckBatchComponentClosed
=== RUN   TestTrieNodeChunksProcessor_RequestShouldWork
=== PAUSE TestTrieNodeChunksProcessor_RequestShouldWork
=== RUN   TestNewHdrInterceptorProcessor_NilArgumentShouldErr
=== PAUSE TestNewHdrInterceptorProcessor_NilArgumentShouldErr
=== RUN   TestNewHdrInterceptorProcessor_NilHeadersShouldErr
=== PAUSE TestNewHdrInterceptorProcessor_NilHeadersShouldErr
=== RUN   TestNewHdrInterceptorProcessor_NilBlackListHandlerShouldErr
=== PAUSE TestNewHdrInterceptorProcessor_NilBlackListHandlerShouldErr
=== RUN   TestNewHdrInterceptorProcessor_NilProofsPoolShouldErr
=== PAUSE TestNewHdrInterceptorProcessor_NilProofsPoolShouldErr
=== RUN   TestNewHdrInterceptorProcessor_NilEnableEpochsHandlerShouldErr
=== PAUSE TestNewHdrInterceptorProcessor_NilEnableEpochsHandlerShouldErr
=== RUN   TestNewHdrInterceptorProcessor_ShouldWork
=== PAUSE TestNewHdrInterceptorProcessor_ShouldWork
=== RUN   TestHdrInterceptorProcessor_ValidateNilHdrShouldErr
=== PAUSE TestHdrInterceptorProcessor_ValidateNilHdrShouldErr
=== RUN   TestHdrInterceptorProcessor_ValidateHeaderIsBlackListedShouldErr
=== PAUSE TestHdrInterceptorProcessor_ValidateHeaderIsBlackListedShouldErr
=== RUN   TestHdrInterceptorProcessor_ValidateReturnsNil
=== PAUSE TestHdrInterceptorProcessor_ValidateReturnsNil
=== RUN   TestHdrInterceptorProcessor_SaveNilDataShouldErr
=== PAUSE TestHdrInterceptorProcessor_SaveNilDataShouldErr
=== RUN   TestHdrInterceptorProcessor_SaveShouldWork
=== PAUSE TestHdrInterceptorProcessor_SaveShouldWork
=== RUN   TestHdrInterceptorProcessor_RegisterHandlerNilHandler
=== PAUSE TestHdrInterceptorProcessor_RegisterHandlerNilHandler
=== RUN   TestHdrInterceptorProcessor_IsInterfaceNil
=== PAUSE TestHdrInterceptorProcessor_IsInterfaceNil
=== RUN   TestNewHeartbeatInterceptorProcessor
=== PAUSE TestNewHeartbeatInterceptorProcessor
=== RUN   TestHeartbeatInterceptorProcessor_Save
=== PAUSE TestHeartbeatInterceptorProcessor_Save
=== RUN   TestHeartbeatInterceptorProcessor_Validate
=== PAUSE TestHeartbeatInterceptorProcessor_Validate
=== RUN   TestHeartbeatInterceptorProcessor_RegisterHandler
=== PAUSE TestHeartbeatInterceptorProcessor_RegisterHandler
=== RUN   TestNewMiniblockInterceptorProcessor_NilArgumentShouldErr
=== PAUSE TestNewMiniblockInterceptorProcessor_NilArgumentShouldErr
=== RUN   TestNewMiniblockInterceptorProcessor_NilMiniblocksShouldErr
=== PAUSE TestNewMiniblockInterceptorProcessor_NilMiniblocksShouldErr
=== RUN   TestNewMiniblockInterceptorProcessor_NilMarshalizerShouldErr
=== PAUSE TestNewMiniblockInterceptorProcessor_NilMarshalizerShouldErr
=== RUN   TestNewMiniblockInterceptorProcessor_NilHasherShouldErr
=== PAUSE TestNewMiniblockInterceptorProcessor_NilHasherShouldErr
=== RUN   TestNewMiniblockInterceptorProcessor_NilShardCoordinatorShouldErr
=== PAUSE TestNewMiniblockInterceptorProcessor_NilShardCoordinatorShouldErr
=== RUN   TestNewMiniblockInterceptorProcessor_ShouldWork
=== PAUSE TestNewMiniblockInterceptorProcessor_ShouldWork
=== RUN   TestMiniblockInterceptorProcessor_ValidateShouldWork
=== PAUSE TestMiniblockInterceptorProcessor_ValidateShouldWork
=== RUN   TestMiniblockInterceptorProcessor_SaveWrongTypeAssertion
=== PAUSE TestMiniblockInterceptorProcessor_SaveWrongTypeAssertion
=== RUN   TestMiniblockInterceptorProcessor_NilMiniblockShouldNotAdd
=== PAUSE TestMiniblockInterceptorProcessor_NilMiniblockShouldNotAdd
=== RUN   TestMiniblockInterceptorProcessor_SaveMiniblockNotForCurrentShardShouldNotAdd
=== PAUSE TestMiniblockInterceptorProcessor_SaveMiniblockNotForCurrentShardShouldNotAdd
=== RUN   TestMiniblockInterceptorProcessor_SaveMiniblockWithSenderInSameShardShouldAdd
=== PAUSE TestMiniblockInterceptorProcessor_SaveMiniblockWithSenderInSameShardShouldAdd
=== RUN   TestMiniblockInterceptorProcessor_SaveMiniblocksWithReceiverInSameShardShouldAdd
=== PAUSE TestMiniblockInterceptorProcessor_SaveMiniblocksWithReceiverInSameShardShouldAdd
=== RUN   TestMiniblockInterceptorProcessor_SaveMiniblockCrossShardForMeNotWhiteListedShouldNotAdd
=== PAUSE TestMiniblockInterceptorProcessor_SaveMiniblockCrossShardForMeNotWhiteListedShouldNotAdd
=== RUN   TestMiniblockInterceptorProcessor_SaveMiniblockCrossShardForMeWhiteListedShouldBeAddInPool
=== PAUSE TestMiniblockInterceptorProcessor_SaveMiniblockCrossShardForMeWhiteListedShouldBeAddInPool
=== RUN   TestNewPeerAuthenticationInterceptorProcessor
=== PAUSE TestNewPeerAuthenticationInterceptorProcessor
=== RUN   TestPeerAuthenticationInterceptorProcessor_Save
=== PAUSE TestPeerAuthenticationInterceptorProcessor_Save
=== RUN   TestPeerAuthenticationInterceptorProcessor_Validate
=== PAUSE TestPeerAuthenticationInterceptorProcessor_Validate
=== RUN   TestPeerAuthenticationInterceptorProcessor_RegisterHandler
=== PAUSE TestPeerAuthenticationInterceptorProcessor_RegisterHandler
=== RUN   TestNewTrieNodesInterceptorProcessor_NilCacherShouldErr
=== PAUSE TestNewTrieNodesInterceptorProcessor_NilCacherShouldErr
=== RUN   TestNewTrieNodesInterceptorProcessor_OkValsShouldWork
=== PAUSE TestNewTrieNodesInterceptorProcessor_OkValsShouldWork
=== RUN   TestTrieNodesInterceptorProcessor_ValidateShouldWork
=== PAUSE TestTrieNodesInterceptorProcessor_ValidateShouldWork
=== RUN   TestTrieNodesInterceptorProcessor_SaveWrongTypeAssertion
=== PAUSE TestTrieNodesInterceptorProcessor_SaveWrongTypeAssertion
=== RUN   TestTrieNodesInterceptorProcessor_SaveShouldPutInCacher
=== PAUSE TestTrieNodesInterceptorProcessor_SaveShouldPutInCacher
=== RUN   TestTrieNodesInterceptorProcessor_IsInterfaceNil
=== PAUSE TestTrieNodesInterceptorProcessor_IsInterfaceNil
=== RUN   TestNewTxInterceptorProcessor_NilArgumentShouldErr
=== PAUSE TestNewTxInterceptorProcessor_NilArgumentShouldErr
=== RUN   TestNewTxInterceptorProcessor_NilDataPoolShouldErr
=== PAUSE TestNewTxInterceptorProcessor_NilDataPoolShouldErr
=== RUN   TestNewTxInterceptorProcessor_NilTxValidatorShouldErr
=== PAUSE TestNewTxInterceptorProcessor_NilTxValidatorShouldErr
=== RUN   TestNewTxInterceptorProcessor_ShouldWork
=== PAUSE TestNewTxInterceptorProcessor_ShouldWork
=== RUN   TestTxInterceptorProcessor_ValidateNilTxShouldErr
=== PAUSE TestTxInterceptorProcessor_ValidateNilTxShouldErr
=== RUN   TestTxInterceptorProcessor_ValidateReturnsFalseShouldErr
=== PAUSE TestTxInterceptorProcessor_ValidateReturnsFalseShouldErr
=== RUN   TestTxInterceptorProcessor_ValidateReturnsTrueShouldWork
=== PAUSE TestTxInterceptorProcessor_ValidateReturnsTrueShouldWork
=== RUN   TestTxInterceptorProcessor_SaveNilDataShouldErr
=== PAUSE TestTxInterceptorProcessor_SaveNilDataShouldErr
=== RUN   TestTxInterceptorProcessor_SaveShouldWork
=== PAUSE TestTxInterceptorProcessor_SaveShouldWork
=== RUN   TestTxInterceptorProcessor_IsInterfaceNil
=== PAUSE TestTxInterceptorProcessor_IsInterfaceNil
=== RUN   TestNewValidatorInfoInterceptorProcessor
=== PAUSE TestNewValidatorInfoInterceptorProcessor
=== RUN   TestValidatorInfoInterceptorProcessor_Save
=== PAUSE TestValidatorInfoInterceptorProcessor_Save
=== RUN   TestValidatorInfoInterceptorProcessor_Validate
=== PAUSE TestValidatorInfoInterceptorProcessor_Validate
=== RUN   TestValidatorInfoInterceptorProcessor_RegisterHandler
=== PAUSE TestValidatorInfoInterceptorProcessor_RegisterHandler
=== CONT  TestTxInterceptorProcessor_ValidateReturnsFalseShouldErr
=== CONT  TestEquivalentProofsInterceptorProcessor_IsInterfaceNil
=== CONT  TestTxInterceptorProcessor_ValidateNilTxShouldErr
=== CONT  TestNewTxInterceptorProcessor_ShouldWork
--- PASS: TestTxInterceptorProcessor_ValidateReturnsFalseShouldErr (0.00s)
--- PASS: TestNewTxInterceptorProcessor_ShouldWork (0.00s)
=== CONT  TestTxInterceptorProcessor_ValidateReturnsTrueShouldWork
=== CONT  TestValidatorInfoInterceptorProcessor_RegisterHandler
=== CONT  TestTrieNodesInterceptorProcessor_ValidateShouldWork
=== CONT  TestNewTrieNodesInterceptorProcessor_OkValsShouldWork
=== CONT  TestNewTrieNodesInterceptorProcessor_NilCacherShouldErr
=== CONT  TestPeerAuthenticationInterceptorProcessor_RegisterHandler
[0;31mERROR[0m[2026-03-16 10:14:07.485]   validatorInfoInterceptorProcessor.RegisterHandler [0;31merror[0m = not implemented 
[0;31mERROR[0m[2026-03-16 10:14:07.485]   peerAuthenticationInterceptorProcessor.RegisterHandler [0;31merror[0m = not implemented 
=== CONT  TestValidatorInfoInterceptorProcessor_Validate
=== CONT  TestValidatorInfoInterceptorProcessor_Save
=== RUN   TestValidatorInfoInterceptorProcessor_Save/invalid_data_should_error
=== PAUSE TestValidatorInfoInterceptorProcessor_Save/invalid_data_should_error
=== RUN   TestValidatorInfoInterceptorProcessor_Save/invalid_validator_info_should_error
=== CONT  TestMiniblockInterceptorProcessor_SaveMiniblockCrossShardForMeWhiteListedShouldBeAddInPool
=== PAUSE TestValidatorInfoInterceptorProcessor_Save/invalid_validator_info_should_error
=== RUN   TestValidatorInfoInterceptorProcessor_Save/should_work
=== PAUSE TestValidatorInfoInterceptorProcessor_Save/should_work
=== CONT  TestMiniblockInterceptorProcessor_SaveMiniblockCrossShardForMeNotWhiteListedShouldNotAdd
=== CONT  TestMiniblockInterceptorProcessor_SaveMiniblockWithSenderInSameShardShouldAdd
=== CONT  TestMiniblockInterceptorProcessor_SaveMiniblockNotForCurrentShardShouldNotAdd
=== CONT  TestMiniblockInterceptorProcessor_NilMiniblockShouldNotAdd
=== CONT  TestMiniblockInterceptorProcessor_SaveWrongTypeAssertion
=== CONT  TestMiniblockInterceptorProcessor_ValidateShouldWork
=== CONT  TestNewMiniblockInterceptorProcessor_ShouldWork
=== CONT  TestNewMiniblockInterceptorProcessor_NilShardCoordinatorShouldErr
=== CONT  TestTxInterceptorProcessor_SaveNilDataShouldErr
=== CONT  TestNewMiniblockInterceptorProcessor_NilHasherShouldErr
=== CONT  TestNewMiniblockInterceptorProcessor_NilMarshalizerShouldErr
=== CONT  TestNewMiniblockInterceptorProcessor_NilMiniblocksShouldErr
=== CONT  TestNewMiniblockInterceptorProcessor_NilArgumentShouldErr
=== CONT  TestHeartbeatInterceptorProcessor_RegisterHandler
=== CONT  TestHeartbeatInterceptorProcessor_Validate
=== CONT  TestHeartbeatInterceptorProcessor_Save
[0;31mERROR[0m[2026-03-16 10:14:07.485]   heartbeatInterceptorProcessor.RegisterHandler [0;31merror[0m = not implemented 
=== CONT  TestNewHeartbeatInterceptorProcessor
=== RUN   TestNewHeartbeatInterceptorProcessor/nil_cacher_should_error
=== RUN   TestHeartbeatInterceptorProcessor_Save/invalid_data_should_error
=== PAUSE TestHeartbeatInterceptorProcessor_Save/invalid_data_should_error
=== PAUSE TestNewHeartbeatInterceptorProcessor/nil_cacher_should_error
=== CONT  TestNewTxInterceptorProcessor_NilTxValidatorShouldErr
=== RUN   TestNewHeartbeatInterceptorProcessor/nil_shard_coordinator_should_error
=== CONT  TestHdrInterceptorProcessor_IsInterfaceNil
=== CONT  TestHdrInterceptorProcessor_RegisterHandlerNilHandler
=== PAUSE TestNewHeartbeatInterceptorProcessor/nil_shard_coordinator_should_error
=== CONT  TestHdrInterceptorProcessor_SaveShouldWork
=== RUN   TestNewHeartbeatInterceptorProcessor/nil_peer_shard_mapper_should_error
=== PAUSE TestNewHeartbeatInterceptorProcessor/nil_peer_shard_mapper_should_error
=== RUN   TestNewHeartbeatInterceptorProcessor/should_work
=== PAUSE TestNewHeartbeatInterceptorProcessor/should_work
=== CONT  TestTrieNodeChunksProcessor_NotWhiteListed
=== CONT  TestHdrInterceptorProcessor_SaveNilDataShouldErr
=== CONT  TestHdrInterceptorProcessor_ValidateHeaderIsBlackListedShouldErr
=== CONT  TestHdrInterceptorProcessor_ValidateNilHdrShouldErr
=== CONT  TestNewHdrInterceptorProcessor_ShouldWork
=== CONT  TestNewHdrInterceptorProcessor_NilEnableEpochsHandlerShouldErr
=== CONT  TestNewHdrInterceptorProcessor_NilBlackListHandlerShouldErr
=== CONT  TestNewHdrInterceptorProcessor_NilHeadersShouldErr
=== CONT  TestNewHdrInterceptorProcessor_NilProofsPoolShouldErr
=== RUN   TestHeartbeatInterceptorProcessor_Save/invalid_heartbeat_data_should_error
=== PAUSE TestHeartbeatInterceptorProcessor_Save/invalid_heartbeat_data_should_error
=== RUN   TestHeartbeatInterceptorProcessor_Save/should_work
=== PAUSE TestHeartbeatInterceptorProcessor_Save/should_work
=== CONT  TestTrieNodeChunksProcessor_RequestShouldWork
=== CONT  TestTrieNodeChunksProcessor_CheckBatchComponentClosed
=== CONT  TestTrieNodesInterceptorProcessor_IsInterfaceNil
=== CONT  TestTrieNodeChunksProcessor_CheckBatchNotTheFirstBatch
=== CONT  TestTrieNodesInterceptorProcessor_SaveShouldPutInCacher
=== CONT  TestTrieNodeChunksProcessor_CheckBatchShouldWork
=== CONT  TestNewTrieNodeChunksProcessor_NilCacher
=== CONT  TestTrieNodeChunksProcessor_NilWhitelistHandler
=== CONT  TestTrieNodeChunksProcessor_CheckBatchInvalidBatch
=== CONT  TestTrieNodesInterceptorProcessor_SaveWrongTypeAssertion
=== CONT  TestNewTrieNodeChunksProcessor_EmptyTopic
=== CONT  TestNewTrieNodeChunksProcessor_NilRequestHandler
=== CONT  TestNewTrieNodeChunksProcessor_InvalidInterval
=== CONT  TestPeerShardInterceptorProcessor_Save
=== RUN   TestPeerShardInterceptorProcessor_Save/invalid_message_should_error
=== PAUSE TestPeerShardInterceptorProcessor_Save/invalid_message_should_error
=== RUN   TestPeerShardInterceptorProcessor_Save/invalid_shard_should_error
=== PAUSE TestPeerShardInterceptorProcessor_Save/invalid_shard_should_error
=== RUN   TestPeerShardInterceptorProcessor_Save/should_work
=== PAUSE TestPeerShardInterceptorProcessor_Save/should_work
=== CONT  TestNewTrieNodeChunksProcessor_ShouldWork
=== CONT  TestNewEquivalentProofsInterceptorProcessor
[0;31mERROR[0m[2026-03-16 10:14:07.486]   equivalentProofsInterceptorProcessor.RegisterHandler [0;31merror[0m = not implemented 
=== CONT  TestNewPeerShardInterceptorProcessor
=== RUN   TestNewPeerShardInterceptorProcessor/nil_peer_shard_mapper_should_error
=== PAUSE TestNewPeerShardInterceptorProcessor/nil_peer_shard_mapper_should_error
=== RUN   TestNewPeerShardInterceptorProcessor/should_work
=== PAUSE TestNewPeerShardInterceptorProcessor/should_work
=== CONT  TestNewTrieNodeChunksProcessor_NilHasher
=== CONT  TestValidatorInfoInterceptorProcessor_Save/should_work
=== CONT  TestValidatorInfoInterceptorProcessor_Save/invalid_data_should_error
=== CONT  TestValidatorInfoInterceptorProcessor_Save/invalid_validator_info_should_error
=== CONT  TestNewHeartbeatInterceptorProcessor/nil_cacher_should_error
=== CONT  TestNewHeartbeatInterceptorProcessor/nil_peer_shard_mapper_should_error
=== CONT  TestNewHeartbeatInterceptorProcessor/should_work
=== CONT  TestNewHeartbeatInterceptorProcessor/nil_shard_coordinator_should_error
=== CONT  TestHeartbeatInterceptorProcessor_Save/invalid_data_should_error
=== CONT  TestHeartbeatInterceptorProcessor_Save/invalid_heartbeat_data_should_error
=== CONT  TestHeartbeatInterceptorProcessor_Save/should_work
=== CONT  TestPeerShardInterceptorProcessor_DisabledMethod
[0;31mERROR[0m[2026-03-16 10:14:07.486]   peerShardInterceptorProcessor.RegisterHandler [0;31merror[0m = not implemented 
=== CONT  TestPeerShardInterceptorProcessor_Save/invalid_message_should_error
=== CONT  TestPeerShardInterceptorProcessor_Save/invalid_shard_should_error
=== CONT  TestPeerShardInterceptorProcessor_Save/should_work
=== CONT  TestNewPeerShardInterceptorProcessor/nil_peer_shard_mapper_should_error
=== CONT  TestNewPeerShardInterceptorProcessor/should_work
=== CONT  TestPeerAuthenticationInterceptorProcessor_Validate
=== CONT  TestPeerAuthenticationInterceptorProcessor_Save
=== RUN   TestPeerAuthenticationInterceptorProcessor_Save/invalid_data_should_error
=== PAUSE TestPeerAuthenticationInterceptorProcessor_Save/invalid_data_should_error
=== RUN   TestPeerAuthenticationInterceptorProcessor_Save/invalid_peer_auth_data_should_error
=== PAUSE TestPeerAuthenticationInterceptorProcessor_Save/invalid_peer_auth_data_should_error
=== RUN   TestPeerAuthenticationInterceptorProcessor_Save/unmarshal_returns_error
=== PAUSE TestPeerAuthenticationInterceptorProcessor_Save/unmarshal_returns_error
=== RUN   TestPeerAuthenticationInterceptorProcessor_Save/trigger_received_returns_error
=== PAUSE TestPeerAuthenticationInterceptorProcessor_Save/trigger_received_returns_error
=== RUN   TestPeerAuthenticationInterceptorProcessor_Save/should_work
=== PAUSE TestPeerAuthenticationInterceptorProcessor_Save/should_work
=== CONT  TestPeerAuthenticationInterceptorProcessor_Save/invalid_data_should_error
=== CONT  TestNewPeerAuthenticationInterceptorProcessor
=== RUN   TestNewPeerAuthenticationInterceptorProcessor/nil_cacher_should_error
=== PAUSE TestNewPeerAuthenticationInterceptorProcessor/nil_cacher_should_error
=== RUN   TestNewPeerAuthenticationInterceptorProcessor/nil_peer_shard_mapper_should_error
=== PAUSE TestNewPeerAuthenticationInterceptorProcessor/nil_peer_shard_mapper_should_error
=== RUN   TestNewPeerAuthenticationInterceptorProcessor/nil_marshaller_should_error
=== PAUSE TestNewPeerAuthenticationInterceptorProcessor/nil_marshaller_should_error
=== RUN   TestNewPeerAuthenticationInterceptorProcessor/nil_hardfork_trigger_should_error
=== PAUSE TestNewPeerAuthenticationInterceptorProcessor/nil_hardfork_trigger_should_error
=== RUN   TestNewPeerAuthenticationInterceptorProcessor/should_work
=== PAUSE TestNewPeerAuthenticationInterceptorProcessor/should_work
=== CONT  TestNewPeerAuthenticationInterceptorProcessor/nil_cacher_should_error
=== CONT  TestPeerAuthenticationInterceptorProcessor_Save/should_work
=== CONT  TestPeerAuthenticationInterceptorProcessor_Save/trigger_received_returns_error
=== CONT  TestPeerAuthenticationInterceptorProcessor_Save/unmarshal_returns_error
=== CONT  TestPeerAuthenticationInterceptorProcessor_Save/invalid_peer_auth_data_should_error
=== CONT  TestTxInterceptorProcessor_IsInterfaceNil
=== CONT  TestNewValidatorInfoInterceptorProcessor
=== RUN   TestNewValidatorInfoInterceptorProcessor/nil_cache_should_error
=== PAUSE TestNewValidatorInfoInterceptorProcessor/nil_cache_should_error
=== RUN   TestNewValidatorInfoInterceptorProcessor/should_work
=== PAUSE TestNewValidatorInfoInterceptorProcessor/should_work
=== CONT  TestNewValidatorInfoInterceptorProcessor/nil_cache_should_error
=== CONT  TestNewPeerAuthenticationInterceptorProcessor/should_work
=== CONT  TestNewPeerAuthenticationInterceptorProcessor/nil_hardfork_trigger_should_error
=== CONT  TestNewPeerAuthenticationInterceptorProcessor/nil_marshaller_should_error
=== CONT  TestNewPeerAuthenticationInterceptorProcessor/nil_peer_shard_mapper_should_error
=== CONT  TestTxInterceptorProcessor_SaveShouldWork
=== CONT  TestMiniblockInterceptorProcessor_SaveMiniblocksWithReceiverInSameShardShouldAdd
=== CONT  TestNewValidatorInfoInterceptorProcessor/should_work
--- PASS: TestEquivalentProofsInterceptorProcessor_IsInterfaceNil (0.00s)
=== CONT  TestNewTxInterceptorProcessor_NilDataPoolShouldErr
--- PASS: TestNewTxInterceptorProcessor_NilDataPoolShouldErr (0.00s)
=== CONT  TestNewHdrInterceptorProcessor_NilArgumentShouldErr
--- PASS: TestNewHdrInterceptorProcessor_NilArgumentShouldErr (0.00s)
=== CONT  TestNewTxInterceptorProcessor_NilArgumentShouldErr
--- PASS: TestNewTxInterceptorProcessor_NilArgumentShouldErr (0.00s)
=== CONT  TestHdrInterceptorProcessor_ValidateReturnsNil
--- PASS: TestHdrInterceptorProcessor_ValidateReturnsNil (0.00s)
--- PASS: TestTxInterceptorProcessor_ValidateNilTxShouldErr (0.00s)
--- PASS: TestTxInterceptorProcessor_ValidateReturnsTrueShouldWork (0.00s)
--- PASS: TestTrieNodesInterceptorProcessor_ValidateShouldWork (0.00s)
--- PASS: TestNewTrieNodesInterceptorProcessor_OkValsShouldWork (0.00s)
--- PASS: TestNewTrieNodesInterceptorProcessor_NilCacherShouldErr (0.00s)
--- PASS: TestValidatorInfoInterceptorProcessor_RegisterHandler (0.00s)
--- PASS: TestPeerAuthenticationInterceptorProcessor_RegisterHandler (0.00s)
--- PASS: TestValidatorInfoInterceptorProcessor_Validate (0.00s)
--- PASS: TestMiniblockInterceptorProcessor_SaveMiniblockCrossShardForMeWhiteListedShouldBeAddInPool (0.00s)
--- PASS: TestMiniblockInterceptorProcessor_SaveMiniblockCrossShardForMeNotWhiteListedShouldNotAdd (0.00s)
--- PASS: TestMiniblockInterceptorProcessor_SaveMiniblockWithSenderInSameShardShouldAdd (0.00s)
--- PASS: TestMiniblockInterceptorProcessor_SaveMiniblockNotForCurrentShardShouldNotAdd (0.00s)
--- PASS: TestMiniblockInterceptorProcessor_NilMiniblockShouldNotAdd (0.00s)
--- PASS: TestMiniblockInterceptorProcessor_SaveWrongTypeAssertion (0.00s)
--- PASS: TestMiniblockInterceptorProcessor_ValidateShouldWork (0.00s)
--- PASS: TestNewMiniblockInterceptorProcessor_ShouldWork (0.00s)
--- PASS: TestTxInterceptorProcessor_SaveNilDataShouldErr (0.00s)
--- PASS: TestNewMiniblockInterceptorProcessor_NilShardCoordinatorShouldErr (0.00s)
--- PASS: TestNewMiniblockInterceptorProcessor_NilHasherShouldErr (0.00s)
--- PASS: TestNewMiniblockInterceptorProcessor_NilMarshalizerShouldErr (0.00s)
--- PASS: TestNewMiniblockInterceptorProcessor_NilMiniblocksShouldErr (0.00s)
--- PASS: TestNewMiniblockInterceptorProcessor_NilArgumentShouldErr (0.00s)
--- PASS: TestHeartbeatInterceptorProcessor_Validate (0.00s)
--- PASS: TestHeartbeatInterceptorProcessor_RegisterHandler (0.00s)
--- PASS: TestNewTxInterceptorProcessor_NilTxValidatorShouldErr (0.00s)
--- PASS: TestHdrInterceptorProcessor_IsInterfaceNil (0.00s)
--- PASS: TestHdrInterceptorProcessor_RegisterHandlerNilHandler (0.00s)
--- PASS: TestHdrInterceptorProcessor_SaveShouldWork (0.00s)
--- PASS: TestHdrInterceptorProcessor_SaveNilDataShouldErr (0.00s)
--- PASS: TestHdrInterceptorProcessor_ValidateHeaderIsBlackListedShouldErr (0.00s)
--- PASS: TestHdrInterceptorProcessor_ValidateNilHdrShouldErr (0.00s)
--- PASS: TestTrieNodeChunksProcessor_NotWhiteListed (0.00s)
--- PASS: TestNewHdrInterceptorProcessor_ShouldWork (0.00s)
--- PASS: TestNewHdrInterceptorProcessor_NilEnableEpochsHandlerShouldErr (0.00s)
--- PASS: TestNewHdrInterceptorProcessor_NilBlackListHandlerShouldErr (0.00s)
--- PASS: TestNewHdrInterceptorProcessor_NilHeadersShouldErr (0.00s)
--- PASS: TestNewHdrInterceptorProcessor_NilProofsPoolShouldErr (0.00s)
--- PASS: TestTrieNodesInterceptorProcessor_IsInterfaceNil (0.00s)
--- PASS: TestTrieNodesInterceptorProcessor_SaveShouldPutInCacher (0.00s)
--- PASS: TestTrieNodeChunksProcessor_CheckBatchNotTheFirstBatch (0.00s)
--- PASS: TestNewTrieNodeChunksProcessor_NilCacher (0.00s)
--- PASS: TestTrieNodeChunksProcessor_CheckBatchShouldWork (0.00s)
--- PASS: TestTrieNodeChunksProcessor_NilWhitelistHandler (0.00s)
--- PASS: TestTrieNodesInterceptorProcessor_SaveWrongTypeAssertion (0.00s)
--- PASS: TestTrieNodeChunksProcessor_CheckBatchInvalidBatch (0.00s)
--- PASS: TestNewTrieNodeChunksProcessor_EmptyTopic (0.00s)
--- PASS: TestNewTrieNodeChunksProcessor_NilRequestHandler (0.00s)
--- PASS: TestNewTrieNodeChunksProcessor_InvalidInterval (0.00s)
--- PASS: TestNewTrieNodeChunksProcessor_ShouldWork (0.00s)
--- PASS: TestNewEquivalentProofsInterceptorProcessor (0.00s)
--- PASS: TestNewTrieNodeChunksProcessor_NilHasher (0.00s)
--- PASS: TestValidatorInfoInterceptorProcessor_Save (0.00s)
    --- PASS: TestValidatorInfoInterceptorProcessor_Save/invalid_data_should_error (0.00s)
    --- PASS: TestValidatorInfoInterceptorProcessor_Save/invalid_validator_info_should_error (0.00s)
    --- PASS: TestValidatorInfoInterceptorProcessor_Save/should_work (0.00s)
--- PASS: TestNewHeartbeatInterceptorProcessor (0.00s)
    --- PASS: TestNewHeartbeatInterceptorProcessor/nil_cacher_should_error (0.00s)
    --- PASS: TestNewHeartbeatInterceptorProcessor/nil_peer_shard_mapper_should_error (0.00s)
    --- PASS: TestNewHeartbeatInterceptorProcessor/should_work (0.00s)
    --- PASS: TestNewHeartbeatInterceptorProcessor/nil_shard_coordinator_should_error (0.00s)
--- PASS: TestPeerShardInterceptorProcessor_DisabledMethod (0.00s)
--- PASS: TestPeerShardInterceptorProcessor_Save (0.00s)
    --- PASS: TestPeerShardInterceptorProcessor_Save/invalid_message_should_error (0.00s)
    --- PASS: TestPeerShardInterceptorProcessor_Save/invalid_shard_should_error (0.00s)
    --- PASS: TestPeerShardInterceptorProcessor_Save/should_work (0.00s)
--- PASS: TestNewPeerShardInterceptorProcessor (0.00s)
    --- PASS: TestNewPeerShardInterceptorProcessor/nil_peer_shard_mapper_should_error (0.00s)
    --- PASS: TestNewPeerShardInterceptorProcessor/should_work (0.00s)
--- PASS: TestPeerAuthenticationInterceptorProcessor_Validate (0.00s)
--- PASS: TestHeartbeatInterceptorProcessor_Save (0.00s)
    --- PASS: TestHeartbeatInterceptorProcessor_Save/invalid_data_should_error (0.00s)
    --- PASS: TestHeartbeatInterceptorProcessor_Save/invalid_heartbeat_data_should_error (0.00s)
    --- PASS: TestHeartbeatInterceptorProcessor_Save/should_work (0.00s)
--- PASS: TestPeerAuthenticationInterceptorProcessor_Save (0.00s)
    --- PASS: TestPeerAuthenticationInterceptorProcessor_Save/invalid_data_should_error (0.00s)
    --- PASS: TestPeerAuthenticationInterceptorProcessor_Save/should_work (0.00s)
    --- PASS: TestPeerAuthenticationInterceptorProcessor_Save/trigger_received_returns_error (0.00s)
    --- PASS: TestPeerAuthenticationInterceptorProcessor_Save/unmarshal_returns_error (0.00s)
    --- PASS: TestPeerAuthenticationInterceptorProcessor_Save/invalid_peer_auth_data_should_error (0.00s)
--- PASS: TestTxInterceptorProcessor_IsInterfaceNil (0.00s)
--- PASS: TestNewPeerAuthenticationInterceptorProcessor (0.00s)
    --- PASS: TestNewPeerAuthenticationInterceptorProcessor/nil_cacher_should_error (0.00s)
    --- PASS: TestNewPeerAuthenticationInterceptorProcessor/should_work (0.00s)
    --- PASS: TestNewPeerAuthenticationInterceptorProcessor/nil_hardfork_trigger_should_error (0.00s)
    --- PASS: TestNewPeerAuthenticationInterceptorProcessor/nil_marshaller_should_error (0.00s)
    --- PASS: TestNewPeerAuthenticationInterceptorProcessor/nil_peer_shard_mapper_should_error (0.00s)
--- PASS: TestTxInterceptorProcessor_SaveShouldWork (0.00s)
--- PASS: TestMiniblockInterceptorProcessor_SaveMiniblocksWithReceiverInSameShardShouldAdd (0.00s)
--- PASS: TestNewValidatorInfoInterceptorProcessor (0.00s)
    --- PASS: TestNewValidatorInfoInterceptorProcessor/nil_cache_should_error (0.00s)
    --- PASS: TestNewValidatorInfoInterceptorProcessor/should_work (0.00s)
--- PASS: TestTrieNodeChunksProcessor_CheckBatchComponentClosed (0.00s)
--- PASS: TestTrieNodeChunksProcessor_RequestShouldWork (1.50s)
PASS
ok  	github.com/TerraDharitri/drt-go-chain/process/interceptors/processor	(cached)
=== RUN   TestNewChunk
=== PAUSE TestNewChunk
=== RUN   TestChunk_Put
=== PAUSE TestChunk_Put
=== RUN   TestChunk_PutOutOfBounds
=== PAUSE TestChunk_PutOutOfBounds
=== RUN   TestChunk_TryAssembleAllChunks
=== PAUSE TestChunk_TryAssembleAllChunks
=== RUN   TestChunk_GetAllMissingChunkIndexes
=== PAUSE TestChunk_GetAllMissingChunkIndexes
=== CONT  TestNewChunk
--- PASS: TestNewChunk (0.00s)
=== CONT  TestChunk_GetAllMissingChunkIndexes
--- PASS: TestChunk_GetAllMissingChunkIndexes (0.00s)
=== CONT  TestChunk_TryAssembleAllChunks
--- PASS: TestChunk_TryAssembleAllChunks (0.00s)
=== CONT  TestChunk_PutOutOfBounds
--- PASS: TestChunk_PutOutOfBounds (0.00s)
=== CONT  TestChunk_Put
--- PASS: TestChunk_Put (0.00s)
PASS
ok  	github.com/TerraDharitri/drt-go-chain/process/interceptors/processor/chunk	(cached)
=== RUN   TestNewInterceptedPeerShard
=== PAUSE TestNewInterceptedPeerShard
=== RUN   TestInterceptedPeerShard_CheckValidity
=== PAUSE TestInterceptedPeerShard_CheckValidity
=== RUN   TestInterceptedPeerShard_Getters
=== PAUSE TestInterceptedPeerShard_Getters
=== CONT  TestNewInterceptedPeerShard
=== RUN   TestNewInterceptedPeerShard/nil_marshaller_should_error
=== PAUSE TestNewInterceptedPeerShard/nil_marshaller_should_error
=== RUN   TestNewInterceptedPeerShard/nil_data_buff_should_error
=== PAUSE TestNewInterceptedPeerShard/nil_data_buff_should_error
=== RUN   TestNewInterceptedPeerShard/invalid_num_of_shards_should_error
=== PAUSE TestNewInterceptedPeerShard/invalid_num_of_shards_should_error
=== RUN   TestNewInterceptedPeerShard/unmarshal_returns_error
=== PAUSE TestNewInterceptedPeerShard/unmarshal_returns_error
=== RUN   TestNewInterceptedPeerShard/should_work
=== PAUSE TestNewInterceptedPeerShard/should_work
=== CONT  TestNewInterceptedPeerShard/nil_marshaller_should_error
=== CONT  TestInterceptedPeerShard_Getters
--- PASS: TestInterceptedPeerShard_Getters (0.00s)
=== CONT  TestInterceptedPeerShard_CheckValidity
=== RUN   TestInterceptedPeerShard_CheckValidity/invalid_shard_string_should_error
=== PAUSE TestInterceptedPeerShard_CheckValidity/invalid_shard_string_should_error
=== RUN   TestInterceptedPeerShard_CheckValidity/invalid_shard_should_error
=== PAUSE TestInterceptedPeerShard_CheckValidity/invalid_shard_should_error
=== RUN   TestInterceptedPeerShard_CheckValidity/should_work
=== PAUSE TestInterceptedPeerShard_CheckValidity/should_work
=== CONT  TestInterceptedPeerShard_CheckValidity/invalid_shard_string_should_error
=== CONT  TestNewInterceptedPeerShard/should_work
=== CONT  TestNewInterceptedPeerShard/unmarshal_returns_error
=== CONT  TestNewInterceptedPeerShard/invalid_num_of_shards_should_error
=== CONT  TestNewInterceptedPeerShard/nil_data_buff_should_error
--- PASS: TestNewInterceptedPeerShard (0.00s)
    --- PASS: TestNewInterceptedPeerShard/nil_marshaller_should_error (0.00s)
    --- PASS: TestNewInterceptedPeerShard/should_work (0.00s)
    --- PASS: TestNewInterceptedPeerShard/unmarshal_returns_error (0.00s)
    --- PASS: TestNewInterceptedPeerShard/invalid_num_of_shards_should_error (0.00s)
    --- PASS: TestNewInterceptedPeerShard/nil_data_buff_should_error (0.00s)
=== CONT  TestInterceptedPeerShard_CheckValidity/should_work
=== CONT  TestInterceptedPeerShard_CheckValidity/invalid_shard_should_error
--- PASS: TestInterceptedPeerShard_CheckValidity (0.00s)
    --- PASS: TestInterceptedPeerShard_CheckValidity/invalid_shard_string_should_error (0.00s)
    --- PASS: TestInterceptedPeerShard_CheckValidity/should_work (0.00s)
    --- PASS: TestInterceptedPeerShard_CheckValidity/invalid_shard_should_error (0.00s)
PASS
ok  	github.com/TerraDharitri/drt-go-chain/process/p2p	(cached)
=== RUN   TestNewBootstrapPeerTypeProvider
=== PAUSE TestNewBootstrapPeerTypeProvider
=== RUN   TestNewInterceptedValidatorInfo
=== PAUSE TestNewInterceptedValidatorInfo
=== RUN   TestInterceptedValidatorInfo_CheckValidity
=== PAUSE TestInterceptedValidatorInfo_CheckValidity
=== RUN   TestInterceptedValidatorInfo_Getters
=== PAUSE TestInterceptedValidatorInfo_Getters
=== RUN   TestNewPeerTypeProvider_NilNodesCoordinator
--- PASS: TestNewPeerTypeProvider_NilNodesCoordinator (0.00s)
=== RUN   TestNewPeerTypeProvider_NilEpochStartNotifier
--- PASS: TestNewPeerTypeProvider_NilEpochStartNotifier (0.00s)
=== RUN   TestNewPeerTypeProvider_ShouldWork
--- PASS: TestNewPeerTypeProvider_ShouldWork (0.00s)
=== RUN   TestPeerTypeProvider_CallsPopulateAndRegister
--- PASS: TestPeerTypeProvider_CallsPopulateAndRegister (0.00s)
=== RUN   TestPeerTypeProvider_UpdateCache
--- PASS: TestPeerTypeProvider_UpdateCache (0.00s)
=== RUN   TestNewPeerTypeProvider_createCache
--- PASS: TestNewPeerTypeProvider_createCache (0.00s)
=== RUN   TestNewPeerTypeProvider_CallsUpdateCacheOnEpochChange
--- PASS: TestNewPeerTypeProvider_CallsUpdateCacheOnEpochChange (0.00s)
=== RUN   TestNewPeerTypeProvider_ComputeForKeyFromCache
--- PASS: TestNewPeerTypeProvider_ComputeForKeyFromCache (0.00s)
=== RUN   TestNewPeerTypeProvider_ComputeForKeyNotFoundInCacheReturnsObserver
--- PASS: TestNewPeerTypeProvider_ComputeForKeyNotFoundInCacheReturnsObserver (0.00s)
=== RUN   TestNewPeerTypeProvider_IsInterfaceNil
--- PASS: TestNewPeerTypeProvider_IsInterfaceNil (0.00s)
=== RUN   TestRatingReader_GetRatingShouldWork
--- PASS: TestRatingReader_GetRatingShouldWork (0.00s)
=== RUN   TestRatingReader_IsInterfaceNil
--- PASS: TestRatingReader_IsInterfaceNil (0.00s)
=== RUN   TestValidatorCounters
=== PAUSE TestValidatorCounters
=== RUN   TestValidatorCountersReset
=== PAUSE TestValidatorCountersReset
=== RUN   TestNewValidatorsProvider_WithNilValidatorStatisticsShouldErr
--- PASS: TestNewValidatorsProvider_WithNilValidatorStatisticsShouldErr (0.00s)
=== RUN   TestNewValidatorsProvider_WithMaxRatingZeroShouldErr
--- PASS: TestNewValidatorsProvider_WithMaxRatingZeroShouldErr (0.00s)
=== RUN   TestNewValidatorsProvider_WithNilValidatorPubKeyConverterShouldErr
--- PASS: TestNewValidatorsProvider_WithNilValidatorPubKeyConverterShouldErr (0.00s)
=== RUN   TestNewValidatorsProvider_WithNilAddressPubkeyConverterShouldErr
--- PASS: TestNewValidatorsProvider_WithNilAddressPubkeyConverterShouldErr (0.00s)
=== RUN   TestNewValidatorsProvider_WithNilStakingDataProviderShouldErr
--- PASS: TestNewValidatorsProvider_WithNilStakingDataProviderShouldErr (0.00s)
=== RUN   TestNewValidatorsProvider_WithNilNodesCoordinatorShouldErr
--- PASS: TestNewValidatorsProvider_WithNilNodesCoordinatorShouldErr (0.00s)
=== RUN   TestNewValidatorsProvider_WithNilStartOfEpochTriggerShouldErr
--- PASS: TestNewValidatorsProvider_WithNilStartOfEpochTriggerShouldErr (0.00s)
=== RUN   TestNewValidatorsProvider_WithZeroRefreshCacheIntervalInSecShouldErr
--- PASS: TestNewValidatorsProvider_WithZeroRefreshCacheIntervalInSecShouldErr (0.00s)
=== RUN   TestNewValidatorsProvider_WithNilAuctionListSelectorShouldErr
--- PASS: TestNewValidatorsProvider_WithNilAuctionListSelectorShouldErr (0.00s)
=== RUN   TestValidatorsProvider_GetLatestValidatorsSecondHashDoesNotExist
--- PASS: TestValidatorsProvider_GetLatestValidatorsSecondHashDoesNotExist (0.00s)
=== RUN   TestValidatorsProvider_ShouldWork
--- PASS: TestValidatorsProvider_ShouldWork (0.00s)
=== RUN   TestValidatorsProvider_CallsPopulateAndRegister
--- PASS: TestValidatorsProvider_CallsPopulateAndRegister (0.00s)
=== RUN   TestValidatorsProvider_UpdateCache_WithError
--- PASS: TestValidatorsProvider_UpdateCache_WithError (0.00s)
=== RUN   TestValidatorsProvider_Cancel_startRefreshProcess
--- PASS: TestValidatorsProvider_Cancel_startRefreshProcess (0.01s)
=== RUN   TestValidatorsProvider_UpdateCache
--- PASS: TestValidatorsProvider_UpdateCache (0.00s)
=== RUN   TestValidatorsProvider_aggregatePType_equal
--- PASS: TestValidatorsProvider_aggregatePType_equal (0.00s)
=== RUN   TestValidatorsProvider_createCache
--- PASS: TestValidatorsProvider_createCache (0.00s)
=== RUN   TestValidatorsProvider_createCache_combined
--- PASS: TestValidatorsProvider_createCache_combined (0.00s)
=== RUN   TestValidatorsProvider_CallsPopulateOnlyAfterTimeout
--- PASS: TestValidatorsProvider_CallsPopulateOnlyAfterTimeout (0.02s)
=== RUN   TestValidatorsProvider_CallsUpdateCacheOnEpochChange
--- PASS: TestValidatorsProvider_CallsUpdateCacheOnEpochChange (0.01s)
=== RUN   TestValidatorsProvider_DoesntCallUpdateUpdateCacheWithoutRequests
--- PASS: TestValidatorsProvider_DoesntCallUpdateUpdateCacheWithoutRequests (0.01s)
=== RUN   TestValidatorsProvider_GetAuctionList
=== PAUSE TestValidatorsProvider_GetAuctionList
=== RUN   TestNewValidatorStatisticsProcessor_NilPeerAdaptersShouldErr
=== PAUSE TestNewValidatorStatisticsProcessor_NilPeerAdaptersShouldErr
=== RUN   TestNewValidatorStatisticsProcessor_NilPubkeyConverterShouldErr
=== PAUSE TestNewValidatorStatisticsProcessor_NilPubkeyConverterShouldErr
=== RUN   TestNewValidatorStatisticsProcessor_NilNodesCoordinatorShouldErr
=== PAUSE TestNewValidatorStatisticsProcessor_NilNodesCoordinatorShouldErr
=== RUN   TestNewValidatorStatisticsProcessor_NilShardCoordinatorShouldErr
=== PAUSE TestNewValidatorStatisticsProcessor_NilShardCoordinatorShouldErr
=== RUN   TestNewValidatorStatisticsProcessor_NilStorageShouldErr
=== PAUSE TestNewValidatorStatisticsProcessor_NilStorageShouldErr
=== RUN   TestNewValidatorStatisticsProcessor_ZeroMaxComputableRoundsShouldErr
=== PAUSE TestNewValidatorStatisticsProcessor_ZeroMaxComputableRoundsShouldErr
=== RUN   TestNewValidatorStatisticsProcessor_ZeroMaxConsecutiveRoundsOfRatingDecreaseShouldErr
=== PAUSE TestNewValidatorStatisticsProcessor_ZeroMaxConsecutiveRoundsOfRatingDecreaseShouldErr
=== RUN   TestNewValidatorStatisticsProcessor_NilRaterShouldErr
=== PAUSE TestNewValidatorStatisticsProcessor_NilRaterShouldErr
=== RUN   TestNewValidatorStatisticsProcessor_NilRewardsHandlerShouldErr
=== PAUSE TestNewValidatorStatisticsProcessor_NilRewardsHandlerShouldErr
=== RUN   TestNewValidatorStatisticsProcessor_NilMarshalizerShouldErr
=== PAUSE TestNewValidatorStatisticsProcessor_NilMarshalizerShouldErr
=== RUN   TestNewValidatorStatisticsProcessor_NilDataPoolShouldErr
=== PAUSE TestNewValidatorStatisticsProcessor_NilDataPoolShouldErr
=== RUN   TestNewValidatorStatisticsProcessor_NilEnableEpochsHandlerShouldErr
=== PAUSE TestNewValidatorStatisticsProcessor_NilEnableEpochsHandlerShouldErr
=== RUN   TestNewValidatorStatisticsProcessor_InvalidEnableEpochsHandlerhouldErr
=== PAUSE TestNewValidatorStatisticsProcessor_InvalidEnableEpochsHandlerhouldErr
=== RUN   TestNewValidatorStatisticsProcessor
=== PAUSE TestNewValidatorStatisticsProcessor
=== RUN   TestValidatorStatisticsProcessor_SaveInitialStateErrOnGetAccountFail
=== PAUSE TestValidatorStatisticsProcessor_SaveInitialStateErrOnGetAccountFail
=== RUN   TestValidatorStatisticsProcessor_SaveInitialStateGetAccountReturnsInvalid
=== PAUSE TestValidatorStatisticsProcessor_SaveInitialStateGetAccountReturnsInvalid
=== RUN   TestValidatorStatisticsProcessor_SaveInitialStateSetAddressErrors
=== PAUSE TestValidatorStatisticsProcessor_SaveInitialStateSetAddressErrors
=== RUN   TestValidatorStatisticsProcessor_SaveInitialStateCommitErrors
=== PAUSE TestValidatorStatisticsProcessor_SaveInitialStateCommitErrors
=== RUN   TestValidatorStatisticsProcessor_SaveInitialStateCommit
=== PAUSE TestValidatorStatisticsProcessor_SaveInitialStateCommit
=== RUN   TestValidatorStatisticsProcessor_UpdatePeerStateReturnsRootHashForGenesis
=== PAUSE TestValidatorStatisticsProcessor_UpdatePeerStateReturnsRootHashForGenesis
=== RUN   TestValidatorStatisticsProcessor_UpdatePeerStateReturnsErrForRootHashErr
=== PAUSE TestValidatorStatisticsProcessor_UpdatePeerStateReturnsErrForRootHashErr
=== RUN   TestValidatorStatisticsProcessor_UpdatePeerStateComputeValidatorErrShouldError
=== PAUSE TestValidatorStatisticsProcessor_UpdatePeerStateComputeValidatorErrShouldError
=== RUN   TestValidatorStatisticsProcessor_UpdatePeerStateGetExistingAccountErr
=== PAUSE TestValidatorStatisticsProcessor_UpdatePeerStateGetExistingAccountErr
=== RUN   TestValidatorStatisticsProcessor_UpdatePeerStateGetExistingAccountInvalidType
=== PAUSE TestValidatorStatisticsProcessor_UpdatePeerStateGetExistingAccountInvalidType
=== RUN   TestValidatorStatisticsProcessor_UpdatePeerStateGetHeaderError
=== PAUSE TestValidatorStatisticsProcessor_UpdatePeerStateGetHeaderError
=== RUN   TestValidatorStatisticsProcessor_UpdatePeerStateCallsIncrease
=== PAUSE TestValidatorStatisticsProcessor_UpdatePeerStateCallsIncrease
=== RUN   TestValidatorStatisticsProcessor_UpdatePeerState_IncreasesConsensusPreviousMetaBlock_SameEpoch
=== PAUSE TestValidatorStatisticsProcessor_UpdatePeerState_IncreasesConsensusPreviousMetaBlock_SameEpoch
=== RUN   TestValidatorStatisticsProcessor_UpdatePeerState_IncreasesIgnoredSignatures_SameEpoch
=== PAUSE TestValidatorStatisticsProcessor_UpdatePeerState_IncreasesIgnoredSignatures_SameEpoch
=== RUN   TestValidatorStatisticsProcessor_UpdatePeerState_DecreasesMissedMetaBlock_SameEpoch
=== PAUSE TestValidatorStatisticsProcessor_UpdatePeerState_DecreasesMissedMetaBlock_SameEpoch
=== RUN   TestValidatorStatisticsProcessor_UpdatePeerState_IncreasesConsensusPreviousMetaBlock_StartOfEpoch
=== PAUSE TestValidatorStatisticsProcessor_UpdatePeerState_IncreasesConsensusPreviousMetaBlock_StartOfEpoch
=== RUN   TestValidatorStatisticsProcessor_UpdatePeerState_DecreasesMissedMetaBlock_StartOfEpoch
=== PAUSE TestValidatorStatisticsProcessor_UpdatePeerState_DecreasesMissedMetaBlock_StartOfEpoch
=== RUN   TestValidatorStatisticsProcessor_UpdatePeerState_IncreasesConsensusPreviousMetaBlock_PrevStartOfEpoch
=== PAUSE TestValidatorStatisticsProcessor_UpdatePeerState_IncreasesConsensusPreviousMetaBlock_PrevStartOfEpoch
=== RUN   TestValidatorStatisticsProcessor_UpdatePeerState_DecreasesMissedMetaBlock_PrevStartOfEpoch
=== PAUSE TestValidatorStatisticsProcessor_UpdatePeerState_DecreasesMissedMetaBlock_PrevStartOfEpoch
=== RUN   TestValidatorStatisticsProcessor_UpdateShardDataPeerState_IncreasesConsensusCurrentShardBlock_SameEpoch
=== PAUSE TestValidatorStatisticsProcessor_UpdateShardDataPeerState_IncreasesConsensusCurrentShardBlock_SameEpoch
=== RUN   TestValidatorStatisticsProcessor_UpdateShardDataPeerState_DecreasesMissedShardBlock_SameEpoch
=== PAUSE TestValidatorStatisticsProcessor_UpdateShardDataPeerState_DecreasesMissedShardBlock_SameEpoch
=== RUN   TestValidatorStatisticsProcessor_UpdateShardDataPeerState_IncreasesConsensusShardBlock_StartOfEpoch
=== PAUSE TestValidatorStatisticsProcessor_UpdateShardDataPeerState_IncreasesConsensusShardBlock_StartOfEpoch
=== RUN   TestValidatorStatisticsProcessor_UpdateShardDataPeerState_DecreasesMissedShardBlock_StartOfEpoch
=== PAUSE TestValidatorStatisticsProcessor_UpdateShardDataPeerState_DecreasesMissedShardBlock_StartOfEpoch
=== RUN   TestValidatorStatisticsProcessor_UpdatePeerStateCheckForMissedBlocksErr
=== PAUSE TestValidatorStatisticsProcessor_UpdatePeerStateCheckForMissedBlocksErr
=== RUN   TestValidatorStatisticsProcessor_CheckForMissedBlocksNoMissedBlocks
=== PAUSE TestValidatorStatisticsProcessor_CheckForMissedBlocksNoMissedBlocks
=== RUN   TestValidatorStatisticsProcessor_CheckForMissedBlocksMissedRoundsGreaterThanMaxConsecutiveRoundsOfRatingDecrease
=== PAUSE TestValidatorStatisticsProcessor_CheckForMissedBlocksMissedRoundsGreaterThanMaxConsecutiveRoundsOfRatingDecrease
=== RUN   TestValidatorStatisticsProcessor_CheckForMissedBlocksErrOnComputeValidatorList
=== PAUSE TestValidatorStatisticsProcessor_CheckForMissedBlocksErrOnComputeValidatorList
=== RUN   TestValidatorStatisticsProcessor_CheckForMissedBlocksErrOnDecrease
=== PAUSE TestValidatorStatisticsProcessor_CheckForMissedBlocksErrOnDecrease
=== RUN   TestValidatorStatisticsProcessor_CheckForMissedBlocksCallsDecrease
=== PAUSE TestValidatorStatisticsProcessor_CheckForMissedBlocksCallsDecrease
=== RUN   TestValidatorStatisticsProcessor_CheckForMissedBlocksWithRoundDifferenceGreaterThanMaxComputableCallsDecreaseOnlyOnce
=== PAUSE TestValidatorStatisticsProcessor_CheckForMissedBlocksWithRoundDifferenceGreaterThanMaxComputableCallsDecreaseOnlyOnce
=== RUN   TestValidatorStatisticsProcessor_CheckForMissedBlocksWithRoundDifferenceGreaterThanMaxComputableCallsOnlyOnce
=== PAUSE TestValidatorStatisticsProcessor_CheckForMissedBlocksWithRoundDifferenceGreaterThanMaxComputableCallsOnlyOnce
=== RUN   TestValidatorStatisticsProcessor_CheckForMissedBlocksWithRoundDifferences
=== PAUSE TestValidatorStatisticsProcessor_CheckForMissedBlocksWithRoundDifferences
=== RUN   TestValidatorStatisticsProcessor_GetMatchingPrevShardDataEmptySDReturnsNil
=== PAUSE TestValidatorStatisticsProcessor_GetMatchingPrevShardDataEmptySDReturnsNil
=== RUN   TestValidatorStatisticsProcessor_GetMatchingPrevShardDataNoMatch
=== PAUSE TestValidatorStatisticsProcessor_GetMatchingPrevShardDataNoMatch
=== RUN   TestValidatorStatisticsProcessor_GetMatchingPrevShardDataFindsMatch
=== PAUSE TestValidatorStatisticsProcessor_GetMatchingPrevShardDataFindsMatch
=== RUN   TestValidatorStatisticsProcessor_UpdatePeerStateCallsPubKeyForValidator
=== PAUSE TestValidatorStatisticsProcessor_UpdatePeerStateCallsPubKeyForValidator
=== RUN   TestValidatorStatistics_RootHashWithErrShouldReturnNil
=== PAUSE TestValidatorStatistics_RootHashWithErrShouldReturnNil
=== RUN   TestValidatorStatistics_ResetValidatorStatisticsAtNewEpoch
=== PAUSE TestValidatorStatistics_ResetValidatorStatisticsAtNewEpoch
=== RUN   TestValidatorStatistics_Process
=== PAUSE TestValidatorStatistics_Process
=== RUN   TestValidatorStatistics_GetValidatorInfoForRootHash
=== PAUSE TestValidatorStatistics_GetValidatorInfoForRootHash
=== RUN   TestValidatorStatistics_ProcessValidatorInfosEndOfEpochWithNilMapShouldErr
=== PAUSE TestValidatorStatistics_ProcessValidatorInfosEndOfEpochWithNilMapShouldErr
=== RUN   TestValidatorStatistics_ProcessValidatorInfosEndOfEpochWithNoValidatorFailureShouldNotChangeTempRating
--- PASS: TestValidatorStatistics_ProcessValidatorInfosEndOfEpochWithNoValidatorFailureShouldNotChangeTempRating (0.00s)
=== RUN   TestValidatorStatistics_ProcessValidatorInfosEndOfEpochWithSmallValidatorFailureShouldWork
=== PAUSE TestValidatorStatistics_ProcessValidatorInfosEndOfEpochWithSmallValidatorFailureShouldWork
=== RUN   TestValidatorStatistics_ProcessValidatorInfosEndOfEpochComputesJustEligible
=== PAUSE TestValidatorStatistics_ProcessValidatorInfosEndOfEpochComputesJustEligible
=== RUN   TestValidatorStatistics_ProcessValidatorInfosEndOfEpochV2ComputesEligibleLeaving
=== PAUSE TestValidatorStatistics_ProcessValidatorInfosEndOfEpochV2ComputesEligibleLeaving
=== RUN   TestValidatorStatistics_ProcessValidatorInfosEndOfEpochWithLargeValidatorFailureBelowMinRatingShouldWork
=== PAUSE TestValidatorStatistics_ProcessValidatorInfosEndOfEpochWithLargeValidatorFailureBelowMinRatingShouldWork
=== RUN   TestValidatorStatistics_ProcessRatingsEndOfEpochAfterEquivalentProofsShouldEarlyExit
=== PAUSE TestValidatorStatistics_ProcessRatingsEndOfEpochAfterEquivalentProofsShouldEarlyExit
=== RUN   TestValidatorsProvider_PeerAccoutToValidatorInfo
=== PAUSE TestValidatorsProvider_PeerAccoutToValidatorInfo
=== RUN   TestValidatorStatisticsProcessor_SaveNodesCoordinatorUpdates
=== PAUSE TestValidatorStatisticsProcessor_SaveNodesCoordinatorUpdates
=== RUN   TestValidatorStatisticsProcessor_SaveNodesCoordinatorUpdatesWithStakingV4
=== PAUSE TestValidatorStatisticsProcessor_SaveNodesCoordinatorUpdatesWithStakingV4
=== RUN   TestValidatorStatisticsProcessor_getActualList
=== PAUSE TestValidatorStatisticsProcessor_getActualList
=== CONT  TestNewBootstrapPeerTypeProvider
--- PASS: TestNewBootstrapPeerTypeProvider (0.00s)
=== CONT  TestValidatorStatisticsProcessor_getActualList
--- PASS: TestValidatorStatisticsProcessor_getActualList (0.00s)
=== CONT  TestValidatorStatisticsProcessor_SaveNodesCoordinatorUpdatesWithStakingV4
--- PASS: TestValidatorStatisticsProcessor_SaveNodesCoordinatorUpdatesWithStakingV4 (0.00s)
=== CONT  TestValidatorStatisticsProcessor_SaveNodesCoordinatorUpdates
--- PASS: TestValidatorStatisticsProcessor_SaveNodesCoordinatorUpdates (0.00s)
=== CONT  TestValidatorsProvider_PeerAccoutToValidatorInfo
--- PASS: TestValidatorsProvider_PeerAccoutToValidatorInfo (0.00s)
=== CONT  TestValidatorStatistics_ProcessRatingsEndOfEpochAfterEquivalentProofsShouldEarlyExit
--- PASS: TestValidatorStatistics_ProcessRatingsEndOfEpochAfterEquivalentProofsShouldEarlyExit (0.00s)
=== CONT  TestValidatorStatistics_ProcessValidatorInfosEndOfEpochWithLargeValidatorFailureBelowMinRatingShouldWork
--- PASS: TestValidatorStatistics_ProcessValidatorInfosEndOfEpochWithLargeValidatorFailureBelowMinRatingShouldWork (0.00s)
=== CONT  TestValidatorStatistics_ProcessValidatorInfosEndOfEpochV2ComputesEligibleLeaving
=== CONT  TestValidatorStatisticsProcessor_UpdatePeerStateCallsIncrease
--- PASS: TestValidatorStatisticsProcessor_UpdatePeerStateCallsIncrease (0.00s)
=== CONT  TestValidatorStatistics_ProcessValidatorInfosEndOfEpochComputesJustEligible
--- PASS: TestValidatorStatistics_ProcessValidatorInfosEndOfEpochComputesJustEligible (0.00s)
=== CONT  TestValidatorStatistics_ProcessValidatorInfosEndOfEpochWithSmallValidatorFailureShouldWork
--- PASS: TestValidatorStatistics_ProcessValidatorInfosEndOfEpochWithSmallValidatorFailureShouldWork (0.00s)
=== CONT  TestValidatorStatistics_ProcessValidatorInfosEndOfEpochWithNilMapShouldErr
--- PASS: TestValidatorStatistics_ProcessValidatorInfosEndOfEpochWithNilMapShouldErr (0.00s)
=== CONT  TestValidatorStatistics_GetValidatorInfoForRootHash
=== RUN   TestValidatorStatistics_GetValidatorInfoForRootHash/should_fail_on_getting_all_leaves_from_trie
=== RUN   TestValidatorStatistics_GetValidatorInfoForRootHash/should_work
--- PASS: TestValidatorStatistics_GetValidatorInfoForRootHash (0.00s)
    --- PASS: TestValidatorStatistics_GetValidatorInfoForRootHash/should_fail_on_getting_all_leaves_from_trie (0.00s)
    --- PASS: TestValidatorStatistics_GetValidatorInfoForRootHash/should_work (0.00s)
=== CONT  TestValidatorStatistics_Process
--- PASS: TestValidatorStatistics_Process (0.00s)
=== CONT  TestValidatorStatistics_ResetValidatorStatisticsAtNewEpoch
--- PASS: TestValidatorStatistics_ResetValidatorStatisticsAtNewEpoch (0.00s)
=== CONT  TestValidatorStatistics_RootHashWithErrShouldReturnNil
--- PASS: TestValidatorStatistics_RootHashWithErrShouldReturnNil (0.00s)
=== CONT  TestValidatorStatisticsProcessor_UpdatePeerStateCallsPubKeyForValidator
--- PASS: TestValidatorStatisticsProcessor_UpdatePeerStateCallsPubKeyForValidator (0.00s)
=== CONT  TestValidatorStatisticsProcessor_GetMatchingPrevShardDataFindsMatch
--- PASS: TestValidatorStatisticsProcessor_GetMatchingPrevShardDataFindsMatch (0.00s)
=== CONT  TestValidatorStatisticsProcessor_GetMatchingPrevShardDataNoMatch
--- PASS: TestValidatorStatisticsProcessor_GetMatchingPrevShardDataNoMatch (0.00s)
=== CONT  TestValidatorStatisticsProcessor_GetMatchingPrevShardDataEmptySDReturnsNil
--- PASS: TestValidatorStatisticsProcessor_GetMatchingPrevShardDataEmptySDReturnsNil (0.00s)
=== CONT  TestValidatorStatisticsProcessor_CheckForMissedBlocksWithRoundDifferences
=== RUN   TestValidatorStatisticsProcessor_CheckForMissedBlocksWithRoundDifferences/#00
    process_test.go:1767: validators:1, consensusSize:1, missedRounds: 100, decreased leader: 100, decreased validator: 100, startRating: 500000, endRating: 299000
=== RUN   TestValidatorStatisticsProcessor_CheckForMissedBlocksWithRoundDifferences/#01
    process_test.go:1767: validators:2, consensusSize:1, missedRounds: 100, decreased leader: 50, decreased validator: 50, startRating: 500000, endRating: 399500
=== RUN   TestValidatorStatisticsProcessor_CheckForMissedBlocksWithRoundDifferences/#02
    process_test.go:1767: validators:10, consensusSize:1, missedRounds: 100, decreased leader: 10, decreased validator: 10, startRating: 500000, endRating: 479900
=== RUN   TestValidatorStatisticsProcessor_CheckForMissedBlocksWithRoundDifferences/#03
--- PASS: TestValidatorStatistics_ProcessValidatorInfosEndOfEpochV2ComputesEligibleLeaving (0.00s)
=== CONT  TestValidatorStatisticsProcessor_UpdatePeerStateGetHeaderError
--- PASS: TestValidatorStatisticsProcessor_UpdatePeerStateGetHeaderError (0.00s)
=== CONT  TestValidatorStatisticsProcessor_UpdatePeerStateGetExistingAccountInvalidType
--- PASS: TestValidatorStatisticsProcessor_UpdatePeerStateGetExistingAccountInvalidType (0.00s)
=== CONT  TestValidatorStatisticsProcessor_UpdatePeerStateGetExistingAccountErr
--- PASS: TestValidatorStatisticsProcessor_UpdatePeerStateGetExistingAccountErr (0.00s)
=== CONT  TestValidatorStatisticsProcessor_UpdatePeerStateComputeValidatorErrShouldError
--- PASS: TestValidatorStatisticsProcessor_UpdatePeerStateComputeValidatorErrShouldError (0.00s)
=== CONT  TestValidatorStatisticsProcessor_UpdatePeerStateReturnsErrForRootHashErr
--- PASS: TestValidatorStatisticsProcessor_UpdatePeerStateReturnsErrForRootHashErr (0.00s)
=== CONT  TestValidatorStatisticsProcessor_UpdatePeerStateReturnsRootHashForGenesis
--- PASS: TestValidatorStatisticsProcessor_UpdatePeerStateReturnsRootHashForGenesis (0.00s)
=== CONT  TestValidatorStatisticsProcessor_SaveInitialStateCommit
--- PASS: TestValidatorStatisticsProcessor_SaveInitialStateCommit (0.00s)
=== CONT  TestValidatorStatisticsProcessor_SaveInitialStateCommitErrors
--- PASS: TestValidatorStatisticsProcessor_SaveInitialStateCommitErrors (0.00s)
=== CONT  TestValidatorStatisticsProcessor_SaveInitialStateSetAddressErrors
--- PASS: TestValidatorStatisticsProcessor_SaveInitialStateSetAddressErrors (0.00s)
=== CONT  TestValidatorStatisticsProcessor_SaveInitialStateGetAccountReturnsInvalid
--- PASS: TestValidatorStatisticsProcessor_SaveInitialStateGetAccountReturnsInvalid (0.00s)
=== CONT  TestValidatorStatisticsProcessor_SaveInitialStateErrOnGetAccountFail
--- PASS: TestValidatorStatisticsProcessor_SaveInitialStateErrOnGetAccountFail (0.00s)
=== CONT  TestNewValidatorStatisticsProcessor
--- PASS: TestNewValidatorStatisticsProcessor (0.00s)
=== CONT  TestNewValidatorStatisticsProcessor_InvalidEnableEpochsHandlerhouldErr
--- PASS: TestNewValidatorStatisticsProcessor_InvalidEnableEpochsHandlerhouldErr (0.00s)
=== CONT  TestNewValidatorStatisticsProcessor_NilEnableEpochsHandlerShouldErr
--- PASS: TestNewValidatorStatisticsProcessor_NilEnableEpochsHandlerShouldErr (0.00s)
=== CONT  TestNewValidatorStatisticsProcessor_NilDataPoolShouldErr
--- PASS: TestNewValidatorStatisticsProcessor_NilDataPoolShouldErr (0.00s)
=== CONT  TestNewValidatorStatisticsProcessor_NilMarshalizerShouldErr
--- PASS: TestNewValidatorStatisticsProcessor_NilMarshalizerShouldErr (0.00s)
=== CONT  TestNewValidatorStatisticsProcessor_NilRewardsHandlerShouldErr
--- PASS: TestNewValidatorStatisticsProcessor_NilRewardsHandlerShouldErr (0.00s)
=== CONT  TestNewValidatorStatisticsProcessor_NilRaterShouldErr
--- PASS: TestNewValidatorStatisticsProcessor_NilRaterShouldErr (0.00s)
=== CONT  TestNewValidatorStatisticsProcessor_ZeroMaxConsecutiveRoundsOfRatingDecreaseShouldErr
--- PASS: TestNewValidatorStatisticsProcessor_ZeroMaxConsecutiveRoundsOfRatingDecreaseShouldErr (0.00s)
=== CONT  TestNewValidatorStatisticsProcessor_ZeroMaxComputableRoundsShouldErr
--- PASS: TestNewValidatorStatisticsProcessor_ZeroMaxComputableRoundsShouldErr (0.00s)
=== CONT  TestNewValidatorStatisticsProcessor_NilStorageShouldErr
--- PASS: TestNewValidatorStatisticsProcessor_NilStorageShouldErr (0.00s)
=== CONT  TestNewValidatorStatisticsProcessor_NilShardCoordinatorShouldErr
--- PASS: TestNewValidatorStatisticsProcessor_NilShardCoordinatorShouldErr (0.00s)
=== CONT  TestNewValidatorStatisticsProcessor_NilNodesCoordinatorShouldErr
--- PASS: TestNewValidatorStatisticsProcessor_NilNodesCoordinatorShouldErr (0.00s)
=== CONT  TestNewValidatorStatisticsProcessor_NilPubkeyConverterShouldErr
--- PASS: TestNewValidatorStatisticsProcessor_NilPubkeyConverterShouldErr (0.00s)
=== CONT  TestNewValidatorStatisticsProcessor_NilPeerAdaptersShouldErr
--- PASS: TestNewValidatorStatisticsProcessor_NilPeerAdaptersShouldErr (0.00s)
=== CONT  TestValidatorsProvider_GetAuctionList
=== RUN   TestValidatorsProvider_GetAuctionList/error_getting_root_hash
=== PAUSE TestValidatorsProvider_GetAuctionList/error_getting_root_hash
=== RUN   TestValidatorsProvider_GetAuctionList/error_getting_validators_info_for_root_hash
=== PAUSE TestValidatorsProvider_GetAuctionList/error_getting_validators_info_for_root_hash
=== RUN   TestValidatorsProvider_GetAuctionList/error_filling_validator_info,_staking_data_provider_cache_should_be_cleaned
=== PAUSE TestValidatorsProvider_GetAuctionList/error_filling_validator_info,_staking_data_provider_cache_should_be_cleaned
=== RUN   TestValidatorsProvider_GetAuctionList/error_selecting_nodes_from_auction,_staking_data_provider_cache_should_be_cleaned
=== PAUSE TestValidatorsProvider_GetAuctionList/error_selecting_nodes_from_auction,_staking_data_provider_cache_should_be_cleaned
=== RUN   TestValidatorsProvider_GetAuctionList/empty_list,_check_normal_flow_is_executed
=== PAUSE TestValidatorsProvider_GetAuctionList/empty_list,_check_normal_flow_is_executed
=== RUN   TestValidatorsProvider_GetAuctionList/normal_flow,_check_data_is_correctly_computed
=== PAUSE TestValidatorsProvider_GetAuctionList/normal_flow,_check_data_is_correctly_computed
=== RUN   TestValidatorsProvider_GetAuctionList/concurrent_calls_should_only_update_cache_once
=== PAUSE TestValidatorsProvider_GetAuctionList/concurrent_calls_should_only_update_cache_once
=== CONT  TestValidatorsProvider_GetAuctionList/error_getting_root_hash
=== CONT  TestValidatorCountersReset
--- PASS: TestValidatorCountersReset (0.00s)
=== CONT  TestValidatorCounters
--- PASS: TestValidatorCounters (0.00s)
=== CONT  TestInterceptedValidatorInfo_Getters
--- PASS: TestInterceptedValidatorInfo_Getters (0.00s)
=== CONT  TestInterceptedValidatorInfo_CheckValidity
=== RUN   TestInterceptedValidatorInfo_CheckValidity/publicKeyProperty_too_short
=== PAUSE TestInterceptedValidatorInfo_CheckValidity/publicKeyProperty_too_short
=== RUN   TestInterceptedValidatorInfo_CheckValidity/publicKeyProperty_too_long
=== PAUSE TestInterceptedValidatorInfo_CheckValidity/publicKeyProperty_too_long
=== RUN   TestInterceptedValidatorInfo_CheckValidity/listProperty_too_short
=== PAUSE TestInterceptedValidatorInfo_CheckValidity/listProperty_too_short
=== RUN   TestInterceptedValidatorInfo_CheckValidity/listProperty_too_long
=== PAUSE TestInterceptedValidatorInfo_CheckValidity/listProperty_too_long
=== RUN   TestInterceptedValidatorInfo_CheckValidity/should_work
=== PAUSE TestInterceptedValidatorInfo_CheckValidity/should_work
=== CONT  TestInterceptedValidatorInfo_CheckValidity/publicKeyProperty_too_short
=== CONT  TestNewInterceptedValidatorInfo
=== RUN   TestNewInterceptedValidatorInfo/nil_data_buff_should_error
=== PAUSE TestNewInterceptedValidatorInfo/nil_data_buff_should_error
=== RUN   TestNewInterceptedValidatorInfo/nil_marshaller_should_error
=== PAUSE TestNewInterceptedValidatorInfo/nil_marshaller_should_error
=== RUN   TestNewInterceptedValidatorInfo/nil_hasher_should_error
=== PAUSE TestNewInterceptedValidatorInfo/nil_hasher_should_error
=== RUN   TestNewInterceptedValidatorInfo/unmarshal_returns_error
=== PAUSE TestNewInterceptedValidatorInfo/unmarshal_returns_error
=== RUN   TestNewInterceptedValidatorInfo/should_work
=== PAUSE TestNewInterceptedValidatorInfo/should_work
=== CONT  TestNewInterceptedValidatorInfo/nil_data_buff_should_error
=== CONT  TestValidatorsProvider_GetAuctionList/concurrent_calls_should_only_update_cache_once
=== CONT  TestValidatorsProvider_GetAuctionList/normal_flow,_check_data_is_correctly_computed
=== CONT  TestValidatorsProvider_GetAuctionList/empty_list,_check_normal_flow_is_executed
=== CONT  TestValidatorsProvider_GetAuctionList/error_selecting_nodes_from_auction,_staking_data_provider_cache_should_be_cleaned
=== CONT  TestValidatorsProvider_GetAuctionList/error_filling_validator_info,_staking_data_provider_cache_should_be_cleaned
=== CONT  TestValidatorsProvider_GetAuctionList/error_getting_validators_info_for_root_hash
=== CONT  TestInterceptedValidatorInfo_CheckValidity/should_work
=== CONT  TestInterceptedValidatorInfo_CheckValidity/listProperty_too_long
=== CONT  TestInterceptedValidatorInfo_CheckValidity/listProperty_too_short
=== CONT  TestInterceptedValidatorInfo_CheckValidity/publicKeyProperty_too_long
--- PASS: TestInterceptedValidatorInfo_CheckValidity (0.00s)
    --- PASS: TestInterceptedValidatorInfo_CheckValidity/publicKeyProperty_too_short (0.00s)
    --- PASS: TestInterceptedValidatorInfo_CheckValidity/should_work (0.00s)
    --- PASS: TestInterceptedValidatorInfo_CheckValidity/listProperty_too_long (0.00s)
    --- PASS: TestInterceptedValidatorInfo_CheckValidity/listProperty_too_short (0.00s)
    --- PASS: TestInterceptedValidatorInfo_CheckValidity/publicKeyProperty_too_long (0.00s)
=== CONT  TestNewInterceptedValidatorInfo/should_work
=== CONT  TestNewInterceptedValidatorInfo/unmarshal_returns_error
=== CONT  TestNewInterceptedValidatorInfo/nil_hasher_should_error
=== CONT  TestNewInterceptedValidatorInfo/nil_marshaller_should_error
--- PASS: TestNewInterceptedValidatorInfo (0.00s)
    --- PASS: TestNewInterceptedValidatorInfo/nil_data_buff_should_error (0.00s)
    --- PASS: TestNewInterceptedValidatorInfo/should_work (0.00s)
    --- PASS: TestNewInterceptedValidatorInfo/unmarshal_returns_error (0.00s)
    --- PASS: TestNewInterceptedValidatorInfo/nil_hasher_should_error (0.00s)
    --- PASS: TestNewInterceptedValidatorInfo/nil_marshaller_should_error (0.00s)
=== CONT  TestValidatorStatisticsProcessor_UpdateShardDataPeerState_IncreasesConsensusShardBlock_StartOfEpoch
--- PASS: TestValidatorStatisticsProcessor_UpdateShardDataPeerState_IncreasesConsensusShardBlock_StartOfEpoch (0.00s)
=== CONT  TestValidatorStatisticsProcessor_CheckForMissedBlocksWithRoundDifferenceGreaterThanMaxComputableCallsOnlyOnce
--- PASS: TestValidatorStatisticsProcessor_CheckForMissedBlocksWithRoundDifferenceGreaterThanMaxComputableCallsOnlyOnce (0.00s)
=== CONT  TestValidatorStatisticsProcessor_CheckForMissedBlocksWithRoundDifferenceGreaterThanMaxComputableCallsDecreaseOnlyOnce
--- PASS: TestValidatorStatisticsProcessor_CheckForMissedBlocksWithRoundDifferenceGreaterThanMaxComputableCallsDecreaseOnlyOnce (0.00s)
=== CONT  TestValidatorStatisticsProcessor_CheckForMissedBlocksCallsDecrease
--- PASS: TestValidatorStatisticsProcessor_CheckForMissedBlocksCallsDecrease (0.00s)
=== CONT  TestValidatorStatisticsProcessor_CheckForMissedBlocksErrOnDecrease
--- PASS: TestValidatorStatisticsProcessor_CheckForMissedBlocksErrOnDecrease (0.00s)
=== CONT  TestValidatorStatisticsProcessor_CheckForMissedBlocksErrOnComputeValidatorList
--- PASS: TestValidatorStatisticsProcessor_CheckForMissedBlocksErrOnComputeValidatorList (0.00s)
=== CONT  TestValidatorStatisticsProcessor_CheckForMissedBlocksMissedRoundsGreaterThanMaxConsecutiveRoundsOfRatingDecrease
--- PASS: TestValidatorStatisticsProcessor_CheckForMissedBlocksMissedRoundsGreaterThanMaxConsecutiveRoundsOfRatingDecrease (0.00s)
=== CONT  TestValidatorStatisticsProcessor_CheckForMissedBlocksNoMissedBlocks
--- PASS: TestValidatorStatisticsProcessor_CheckForMissedBlocksNoMissedBlocks (0.00s)
=== CONT  TestValidatorStatisticsProcessor_UpdatePeerStateCheckForMissedBlocksErr
--- PASS: TestValidatorStatisticsProcessor_UpdatePeerStateCheckForMissedBlocksErr (0.00s)
=== CONT  TestValidatorStatisticsProcessor_UpdateShardDataPeerState_DecreasesMissedShardBlock_StartOfEpoch
--- PASS: TestValidatorStatisticsProcessor_UpdateShardDataPeerState_DecreasesMissedShardBlock_StartOfEpoch (0.00s)
=== CONT  TestValidatorStatisticsProcessor_UpdatePeerState_DecreasesMissedMetaBlock_StartOfEpoch
--- PASS: TestValidatorStatisticsProcessor_UpdatePeerState_DecreasesMissedMetaBlock_StartOfEpoch (0.00s)
=== CONT  TestValidatorStatisticsProcessor_UpdateShardDataPeerState_DecreasesMissedShardBlock_SameEpoch
--- PASS: TestValidatorStatisticsProcessor_UpdateShardDataPeerState_DecreasesMissedShardBlock_SameEpoch (0.00s)
=== CONT  TestValidatorStatisticsProcessor_UpdateShardDataPeerState_IncreasesConsensusCurrentShardBlock_SameEpoch
--- PASS: TestValidatorStatisticsProcessor_UpdateShardDataPeerState_IncreasesConsensusCurrentShardBlock_SameEpoch (0.00s)
=== CONT  TestValidatorStatisticsProcessor_UpdatePeerState_DecreasesMissedMetaBlock_PrevStartOfEpoch
=== NAME  TestValidatorStatisticsProcessor_CheckForMissedBlocksWithRoundDifferences/#03
    process_test.go:1767: validators:100, consensusSize:1, missedRounds: 100, decreased leader: 1, decreased validator: 1, startRating: 500000, endRating: 497990
=== RUN   TestValidatorStatisticsProcessor_CheckForMissedBlocksWithRoundDifferences/#04
    process_test.go:1767: validators:400, consensusSize:1, missedRounds: 100, decreased leader: 1, decreased validator: 1, startRating: 500000, endRating: 497990
=== RUN   TestValidatorStatisticsProcessor_CheckForMissedBlocksWithRoundDifferences/#05
--- PASS: TestValidatorStatisticsProcessor_UpdatePeerState_DecreasesMissedMetaBlock_PrevStartOfEpoch (0.00s)
=== CONT  TestValidatorStatisticsProcessor_UpdatePeerState_IncreasesConsensusPreviousMetaBlock_PrevStartOfEpoch
--- PASS: TestValidatorStatisticsProcessor_UpdatePeerState_IncreasesConsensusPreviousMetaBlock_PrevStartOfEpoch (0.00s)
=== CONT  TestValidatorStatisticsProcessor_UpdatePeerState_IncreasesIgnoredSignatures_SameEpoch
--- PASS: TestValidatorStatisticsProcessor_UpdatePeerState_IncreasesIgnoredSignatures_SameEpoch (0.00s)
=== CONT  TestValidatorStatisticsProcessor_UpdatePeerState_IncreasesConsensusPreviousMetaBlock_SameEpoch
--- PASS: TestValidatorStatisticsProcessor_UpdatePeerState_IncreasesConsensusPreviousMetaBlock_SameEpoch (0.00s)
=== CONT  TestValidatorStatisticsProcessor_UpdatePeerState_IncreasesConsensusPreviousMetaBlock_StartOfEpoch
--- PASS: TestValidatorStatisticsProcessor_UpdatePeerState_IncreasesConsensusPreviousMetaBlock_StartOfEpoch (0.00s)
=== CONT  TestValidatorStatisticsProcessor_UpdatePeerState_DecreasesMissedMetaBlock_SameEpoch
--- PASS: TestValidatorStatisticsProcessor_UpdatePeerState_DecreasesMissedMetaBlock_SameEpoch (0.00s)
=== NAME  TestValidatorStatisticsProcessor_CheckForMissedBlocksWithRoundDifferences/#05
    process_test.go:1767: validators:400, consensusSize:2, missedRounds: 100, decreased leader: 1, decreased validator: 1, startRating: 500000, endRating: 497990
=== RUN   TestValidatorStatisticsProcessor_CheckForMissedBlocksWithRoundDifferences/#06
    process_test.go:1767: validators:400, consensusSize:10, missedRounds: 100, decreased leader: 1, decreased validator: 3, startRating: 500000, endRating: 497970
=== RUN   TestValidatorStatisticsProcessor_CheckForMissedBlocksWithRoundDifferences/#07
    process_test.go:1767: validators:400, consensusSize:63, missedRounds: 100, decreased leader: 1, decreased validator: 16, startRating: 500000, endRating: 497840
=== RUN   TestValidatorStatisticsProcessor_CheckForMissedBlocksWithRoundDifferences/#08
    process_test.go:1767: validators:400, consensusSize:400, missedRounds: 100, decreased leader: 1, decreased validator: 100, startRating: 500000, endRating: 497000
--- PASS: TestValidatorStatisticsProcessor_CheckForMissedBlocksWithRoundDifferences (0.01s)
    --- PASS: TestValidatorStatisticsProcessor_CheckForMissedBlocksWithRoundDifferences/#00 (0.00s)
    --- PASS: TestValidatorStatisticsProcessor_CheckForMissedBlocksWithRoundDifferences/#01 (0.00s)
    --- PASS: TestValidatorStatisticsProcessor_CheckForMissedBlocksWithRoundDifferences/#02 (0.00s)
    --- PASS: TestValidatorStatisticsProcessor_CheckForMissedBlocksWithRoundDifferences/#03 (0.00s)
    --- PASS: TestValidatorStatisticsProcessor_CheckForMissedBlocksWithRoundDifferences/#04 (0.00s)
    --- PASS: TestValidatorStatisticsProcessor_CheckForMissedBlocksWithRoundDifferences/#05 (0.00s)
    --- PASS: TestValidatorStatisticsProcessor_CheckForMissedBlocksWithRoundDifferences/#06 (0.00s)
    --- PASS: TestValidatorStatisticsProcessor_CheckForMissedBlocksWithRoundDifferences/#07 (0.00s)
    --- PASS: TestValidatorStatisticsProcessor_CheckForMissedBlocksWithRoundDifferences/#08 (0.00s)
--- PASS: TestValidatorsProvider_GetAuctionList (0.00s)
    --- PASS: TestValidatorsProvider_GetAuctionList/error_getting_root_hash (0.00s)
    --- PASS: TestValidatorsProvider_GetAuctionList/error_getting_validators_info_for_root_hash (0.00s)
    --- PASS: TestValidatorsProvider_GetAuctionList/normal_flow,_check_data_is_correctly_computed (0.00s)
    --- PASS: TestValidatorsProvider_GetAuctionList/empty_list,_check_normal_flow_is_executed (0.00s)
    --- PASS: TestValidatorsProvider_GetAuctionList/error_selecting_nodes_from_auction,_staking_data_provider_cache_should_be_cleaned (0.00s)
    --- PASS: TestValidatorsProvider_GetAuctionList/error_filling_validator_info,_staking_data_provider_cache_should_be_cleaned (0.00s)
    --- PASS: TestValidatorsProvider_GetAuctionList/concurrent_calls_should_only_update_cache_once (5.00s)
PASS
ok  	github.com/TerraDharitri/drt-go-chain/process/peer	(cached)
=== RUN   TestSelectionChance_GettersShouldWork
--- PASS: TestSelectionChance_GettersShouldWork (0.00s)
=== RUN   TestRatingStepData_NewRatingStepDataShouldWork
=== PAUSE TestRatingStepData_NewRatingStepDataShouldWork
=== RUN   TestNewRatingsData_NilEpochNotifier
=== PAUSE TestNewRatingsData_NilEpochNotifier
=== RUN   TestNewRatingsData_NilChainParametersHolder
=== PAUSE TestNewRatingsData_NilChainParametersHolder
=== RUN   TestNewRatingsData_MissingConfigurationForEpoch0
=== PAUSE TestNewRatingsData_MissingConfigurationForEpoch0
=== RUN   TestRatingsData_RatingsDataMinGreaterMaxShouldErr
=== PAUSE TestRatingsData_RatingsDataMinGreaterMaxShouldErr
=== RUN   TestRatingsData_RatingsDataMinSmallerThanOne
=== PAUSE TestRatingsData_RatingsDataMinSmallerThanOne
=== RUN   TestRatingsData_RatingsStartGreaterMaxShouldErr
=== PAUSE TestRatingsData_RatingsStartGreaterMaxShouldErr
=== RUN   TestRatingsData_RatingsStartLowerMinShouldErr
=== PAUSE TestRatingsData_RatingsStartLowerMinShouldErr
=== RUN   TestRatingsData_RatingsSignedBlocksThresholdNotBetweenZeroAndOneShouldErr
=== PAUSE TestRatingsData_RatingsSignedBlocksThresholdNotBetweenZeroAndOneShouldErr
=== RUN   TestRatingsData_RatingsConsecutiveMissedBlocksPenaltyLowerThanOneShouldErr
=== PAUSE TestRatingsData_RatingsConsecutiveMissedBlocksPenaltyLowerThanOneShouldErr
=== RUN   TestRatingsData_EmptyRatingsConfig
=== PAUSE TestRatingsData_EmptyRatingsConfig
=== RUN   TestRatingsData_HoursToMaxRatingFromStartRatingZeroErr
=== PAUSE TestRatingsData_HoursToMaxRatingFromStartRatingZeroErr
=== RUN   TestRatingsData_PositiveDecreaseRatingsStepsShouldErr
=== PAUSE TestRatingsData_PositiveDecreaseRatingsStepsShouldErr
=== RUN   TestRatingsData_UnderflowErr
=== PAUSE TestRatingsData_UnderflowErr
=== RUN   TestRatingsData_EpochConfirmed
=== PAUSE TestRatingsData_EpochConfirmed
=== RUN   TestRatingsData_OverflowErr
=== PAUSE TestRatingsData_OverflowErr
=== RUN   TestRatingsData_IncreaseLowerThanZeroErr
=== PAUSE TestRatingsData_IncreaseLowerThanZeroErr
=== RUN   TestRatingsData_RatingsCorrectValues
=== PAUSE TestRatingsData_RatingsCorrectValues
=== RUN   TestRatingsData_SetStatusHandler
=== PAUSE TestRatingsData_SetStatusHandler
=== RUN   TestBlockSigningRater_UpdateRatingsShouldUpdateRatingWhenProposed
--- PASS: TestBlockSigningRater_UpdateRatingsShouldUpdateRatingWhenProposed (0.00s)
=== RUN   TestBlockSigningRater_UpdateRatingsShouldUpdateRatingWhenValidator
--- PASS: TestBlockSigningRater_UpdateRatingsShouldUpdateRatingWhenValidator (0.00s)
=== RUN   TestBlockSigningRater_UpdateRatingsShouldUpdateRatingWhenValidatorButNotAccepted
--- PASS: TestBlockSigningRater_UpdateRatingsShouldUpdateRatingWhenValidatorButNotAccepted (0.00s)
=== RUN   TestBlockSigningRater_UpdateRatingsShouldUpdateRatingWhenProposerButNotAccepted
--- PASS: TestBlockSigningRater_UpdateRatingsShouldUpdateRatingWhenProposerButNotAccepted (0.00s)
=== RUN   TestBlockSigningRater_UpdateRatingsShouldNotIncreaseAboveMaxRating
--- PASS: TestBlockSigningRater_UpdateRatingsShouldNotIncreaseAboveMaxRating (0.00s)
=== RUN   TestBlockSigningRater_UpdateRatingsShouldNotDecreaseBelowMinRating
--- PASS: TestBlockSigningRater_UpdateRatingsShouldNotDecreaseBelowMinRating (0.00s)
=== RUN   TestBlockSigningRater_UpdateRatingsWithMultiplePeersShouldReturnRatings
--- PASS: TestBlockSigningRater_UpdateRatingsWithMultiplePeersShouldReturnRatings (0.00s)
=== RUN   TestBlockSigningRater_UpdateRatingsOnMetaWithMultiplePeersShouldReturnRatings
--- PASS: TestBlockSigningRater_UpdateRatingsOnMetaWithMultiplePeersShouldReturnRatings (0.00s)
=== RUN   TestBlockSigningRater_NewBlockSigningRaterWithChancesNilShouldErr
--- PASS: TestBlockSigningRater_NewBlockSigningRaterWithChancesNilShouldErr (0.00s)
=== RUN   TestBlockSigningRater_NewBlockSigningRaterWithDupplicateMaxThresholdShouldErr
--- PASS: TestBlockSigningRater_NewBlockSigningRaterWithDupplicateMaxThresholdShouldErr (0.00s)
=== RUN   TestBlockSigningRater_NewBlockSigningRaterWithZeroMinRatingShouldErr
--- PASS: TestBlockSigningRater_NewBlockSigningRaterWithZeroMinRatingShouldErr (0.00s)
=== RUN   TestBlockSigningRater_NewBlockSigningRaterWithMinGreaterThanMaxShouldErr
--- PASS: TestBlockSigningRater_NewBlockSigningRaterWithMinGreaterThanMaxShouldErr (0.00s)
=== RUN   TestBlockSigningRater_NewBlockSigningRaterWithSignedBlocksThresholdNegativeShouldErr
--- PASS: TestBlockSigningRater_NewBlockSigningRaterWithSignedBlocksThresholdNegativeShouldErr (0.00s)
=== RUN   TestBlockSigningRater_NewBlockSigningRaterWithSignedBlocksThresholdAbove1ShouldErr
--- PASS: TestBlockSigningRater_NewBlockSigningRaterWithSignedBlocksThresholdAbove1ShouldErr (0.00s)
=== RUN   TestBlockSigningRater_NewBlockSigningRaterWithNonExistingMaxThresholdZeroShouldErr
--- PASS: TestBlockSigningRater_NewBlockSigningRaterWithNonExistingMaxThresholdZeroShouldErr (0.00s)
=== RUN   TestBlockSigningRater_NewBlockSigningRaterWithNoValueForMaxThresholdShouldErr
--- PASS: TestBlockSigningRater_NewBlockSigningRaterWithNoValueForMaxThresholdShouldErr (0.00s)
=== RUN   TestBlockSigningRater_NewBlockSigningRaterWitStartRatingSmallerThanMinShouldErr
--- PASS: TestBlockSigningRater_NewBlockSigningRaterWitStartRatingSmallerThanMinShouldErr (0.00s)
=== RUN   TestBlockSigningRater_NewBlockSigningRaterWitStartRatingGreaterThanMaxdShouldErr
--- PASS: TestBlockSigningRater_NewBlockSigningRaterWitStartRatingGreaterThanMaxdShouldErr (0.00s)
=== RUN   TestBlockSigningRater_RevertIncreaseValidator
--- PASS: TestBlockSigningRater_RevertIncreaseValidator (0.00s)
=== RUN   TestBlockSigningRater_RevertIncreaseValidatorWithOverFlow
--- PASS: TestBlockSigningRater_RevertIncreaseValidatorWithOverFlow (0.00s)
=== RUN   TestBlockSigningRater_NewBlockSigningRaterWithCorrectValueShouldWork
--- PASS: TestBlockSigningRater_NewBlockSigningRaterWithCorrectValueShouldWork (0.00s)
=== RUN   TestBlockSigningRater_GetChancesForStartRatingdReturnStartRatingChance
--- PASS: TestBlockSigningRater_GetChancesForStartRatingdReturnStartRatingChance (0.00s)
=== RUN   TestBlockSigningRater_GetChancesForSetRatingShouldReturnCorrectRating
--- PASS: TestBlockSigningRater_GetChancesForSetRatingShouldReturnCorrectRating (0.00s)
=== RUN   TestBlockSigningRater_GetChancesForSetRatingShouldReturnCorrectRatingForThresholdValue
--- PASS: TestBlockSigningRater_GetChancesForSetRatingShouldReturnCorrectRatingForThresholdValue (0.00s)
=== RUN   TestBlockSigningRater_PositiveDecreaseRatingStep
--- PASS: TestBlockSigningRater_PositiveDecreaseRatingStep (0.00s)
=== RUN   TestBlockSigningRater_ConsecutiveBlocksPenaltyLessThanOne
--- PASS: TestBlockSigningRater_ConsecutiveBlocksPenaltyLessThanOne (0.00s)
=== RUN   TestBlockSigningRater_ComputeDecreaseProposer
--- PASS: TestBlockSigningRater_ComputeDecreaseProposer (0.00s)
=== RUN   TestBlockSigningRater_ComputeDecreaseProposerWithOverFlow
--- PASS: TestBlockSigningRater_ComputeDecreaseProposerWithOverFlow (0.00s)
=== CONT  TestRatingStepData_NewRatingStepDataShouldWork
--- PASS: TestRatingStepData_NewRatingStepDataShouldWork (0.00s)
=== CONT  TestRatingsData_EpochConfirmed
=== CONT  TestNewRatingsData_MissingConfigurationForEpoch0
--- PASS: TestNewRatingsData_MissingConfigurationForEpoch0 (0.00s)
=== CONT  TestNewRatingsData_NilEpochNotifier
--- PASS: TestNewRatingsData_NilEpochNotifier (0.00s)
=== CONT  TestRatingsData_SetStatusHandler
--- PASS: TestRatingsData_SetStatusHandler (0.00s)
=== CONT  TestRatingsData_RatingsConsecutiveMissedBlocksPenaltyLowerThanOneShouldErr
=== CONT  TestRatingsData_IncreaseLowerThanZeroErr
=== CONT  TestRatingsData_OverflowErr
=== CONT  TestRatingsData_RatingsStartLowerMinShouldErr
=== CONT  TestRatingsData_UnderflowErr
=== CONT  TestRatingsData_PositiveDecreaseRatingsStepsShouldErr
=== CONT  TestRatingsData_HoursToMaxRatingFromStartRatingZeroErr
=== CONT  TestRatingsData_EmptyRatingsConfig
=== RUN   TestRatingsData_EmptyRatingsConfig/shard_should_error
=== PAUSE TestRatingsData_EmptyRatingsConfig/shard_should_error
=== RUN   TestRatingsData_EmptyRatingsConfig/meta_should_error
=== PAUSE TestRatingsData_EmptyRatingsConfig/meta_should_error
=== CONT  TestRatingsData_EmptyRatingsConfig/shard_should_error
=== CONT  TestRatingsData_RatingsSignedBlocksThresholdNotBetweenZeroAndOneShouldErr
=== CONT  TestRatingsData_RatingsDataMinGreaterMaxShouldErr
=== CONT  TestRatingsData_RatingsStartGreaterMaxShouldErr
=== CONT  TestRatingsData_RatingsDataMinSmallerThanOne
=== CONT  TestNewRatingsData_NilChainParametersHolder
=== CONT  TestRatingsData_RatingsCorrectValues
--- PASS: TestRatingsData_EpochConfirmed (0.00s)
--- PASS: TestRatingsData_RatingsConsecutiveMissedBlocksPenaltyLowerThanOneShouldErr (0.00s)
--- PASS: TestRatingsData_IncreaseLowerThanZeroErr (0.00s)
--- PASS: TestRatingsData_OverflowErr (0.00s)
--- PASS: TestRatingsData_RatingsStartLowerMinShouldErr (0.00s)
--- PASS: TestRatingsData_UnderflowErr (0.00s)
--- PASS: TestRatingsData_PositiveDecreaseRatingsStepsShouldErr (0.00s)
--- PASS: TestRatingsData_HoursToMaxRatingFromStartRatingZeroErr (0.00s)
=== CONT  TestRatingsData_EmptyRatingsConfig/meta_should_error
--- PASS: TestRatingsData_EmptyRatingsConfig (0.00s)
    --- PASS: TestRatingsData_EmptyRatingsConfig/shard_should_error (0.00s)
    --- PASS: TestRatingsData_EmptyRatingsConfig/meta_should_error (0.00s)
--- PASS: TestRatingsData_RatingsSignedBlocksThresholdNotBetweenZeroAndOneShouldErr (0.00s)
--- PASS: TestRatingsData_RatingsDataMinGreaterMaxShouldErr (0.00s)
--- PASS: TestRatingsData_RatingsStartGreaterMaxShouldErr (0.00s)
--- PASS: TestRatingsData_RatingsDataMinSmallerThanOne (0.00s)
--- PASS: TestNewRatingsData_NilChainParametersHolder (0.00s)
--- PASS: TestRatingsData_RatingsCorrectValues (0.00s)
PASS
ok  	github.com/TerraDharitri/drt-go-chain/process/rating	(cached)
=== RUN   TestNewP2pPeerHonesty_NilCacheShouldErr
=== PAUSE TestNewP2pPeerHonesty_NilCacheShouldErr
=== RUN   TestNewP2pPeerHonesty_NilBlacklistedPkCacheShouldErr
=== PAUSE TestNewP2pPeerHonesty_NilBlacklistedPkCacheShouldErr
=== RUN   TestNewP2pPeerHonesty_InvalidDecayCoefficientShouldErr
=== PAUSE TestNewP2pPeerHonesty_InvalidDecayCoefficientShouldErr
=== RUN   TestNewP2pPeerHonesty_InvalidDecayUpdateIntervalShouldErr
=== PAUSE TestNewP2pPeerHonesty_InvalidDecayUpdateIntervalShouldErr
=== RUN   TestNewP2pPeerHonesty_InvalidMinScoreShouldErr
=== PAUSE TestNewP2pPeerHonesty_InvalidMinScoreShouldErr
=== RUN   TestNewP2pPeerHonesty_InvalidMaxScoreShouldErr
=== PAUSE TestNewP2pPeerHonesty_InvalidMaxScoreShouldErr
=== RUN   TestNewP2pPeerHonesty_InvalidUnitValueShouldErr
=== PAUSE TestNewP2pPeerHonesty_InvalidUnitValueShouldErr
=== RUN   TestNewP2pPeerHonesty_InvalidBadPeerThresholdShouldErr
=== PAUSE TestNewP2pPeerHonesty_InvalidBadPeerThresholdShouldErr
=== RUN   TestNewP2pPeerHonesty_ShouldWork
=== PAUSE TestNewP2pPeerHonesty_ShouldWork
=== RUN   TestP2pPeerHonesty_Close
=== PAUSE TestP2pPeerHonesty_Close
=== RUN   TestP2pPeerHonesty_ChangeScoreShouldWork
=== PAUSE TestP2pPeerHonesty_ChangeScoreShouldWork
=== RUN   TestP2pPeerHonesty_DoubleChangeScoreShouldWork
=== PAUSE TestP2pPeerHonesty_DoubleChangeScoreShouldWork
=== RUN   TestP2pPeerHonesty_CheckBlacklistNotBlacklisted
=== PAUSE TestP2pPeerHonesty_CheckBlacklistNotBlacklisted
=== RUN   TestP2pPeerHonesty_CheckBlacklistMaxScoreReached
=== PAUSE TestP2pPeerHonesty_CheckBlacklistMaxScoreReached
=== RUN   TestP2pPeerHonesty_CheckBlacklistMinScoreReached
=== PAUSE TestP2pPeerHonesty_CheckBlacklistMinScoreReached
=== RUN   TestP2pPeerHonesty_CheckBlacklistHasShouldNotCallUpsert
=== PAUSE TestP2pPeerHonesty_CheckBlacklistHasShouldNotCallUpsert
=== RUN   TestP2pPeerHonesty_CheckBlacklistUpsertErrorsShouldWork
=== PAUSE TestP2pPeerHonesty_CheckBlacklistUpsertErrorsShouldWork
=== RUN   TestP2pPeerHonesty_ApplyDecay
=== PAUSE TestP2pPeerHonesty_ApplyDecay
=== RUN   TestP2pPeerHonesty_ApplyDecayWillEventuallyGoTheScoreToZero
=== PAUSE TestP2pPeerHonesty_ApplyDecayWillEventuallyGoTheScoreToZero
=== RUN   TestPeerScore_String
=== PAUSE TestPeerScore_String
=== CONT  TestNewP2pPeerHonesty_NilCacheShouldErr
=== CONT  TestP2pPeerHonesty_ChangeScoreShouldWork
=== CONT  TestNewP2pPeerHonesty_InvalidMaxScoreShouldErr
--- PASS: TestNewP2pPeerHonesty_InvalidMaxScoreShouldErr (0.00s)
=== CONT  TestP2pPeerHonesty_Close
=== CONT  TestNewP2pPeerHonesty_ShouldWork
=== CONT  TestP2pPeerHonesty_CheckBlacklistHasShouldNotCallUpsert
=== CONT  TestNewP2pPeerHonesty_InvalidBadPeerThresholdShouldErr
=== CONT  TestNewP2pPeerHonesty_InvalidUnitValueShouldErr
=== CONT  TestNewP2pPeerHonesty_InvalidMinScoreShouldErr
=== CONT  TestPeerScore_String
=== CONT  TestNewP2pPeerHonesty_InvalidDecayUpdateIntervalShouldErr
=== CONT  TestNewP2pPeerHonesty_InvalidDecayCoefficientShouldErr
=== CONT  TestNewP2pPeerHonesty_NilBlacklistedPkCacheShouldErr
=== CONT  TestP2pPeerHonesty_CheckBlacklistMaxScoreReached
=== CONT  TestP2pPeerHonesty_ApplyDecayWillEventuallyGoTheScoreToZero
=== CONT  TestP2pPeerHonesty_CheckBlacklistUpsertErrorsShouldWork
=== CONT  TestP2pPeerHonesty_CheckBlacklistMinScoreReached
=== CONT  TestP2pPeerHonesty_ApplyDecay
--- PASS: TestNewP2pPeerHonesty_ShouldWork (0.00s)
--- PASS: TestNewP2pPeerHonesty_InvalidBadPeerThresholdShouldErr (0.00s)
--- PASS: TestNewP2pPeerHonesty_InvalidUnitValueShouldErr (0.00s)
--- PASS: TestP2pPeerHonesty_ApplyDecay (0.00s)
--- PASS: TestP2pPeerHonesty_CheckBlacklistHasShouldNotCallUpsert (0.00s)
=== CONT  TestP2pPeerHonesty_CheckBlacklistNotBlacklisted
--- PASS: TestNewP2pPeerHonesty_NilCacheShouldErr (0.00s)
--- PASS: TestP2pPeerHonesty_CheckBlacklistNotBlacklisted (0.00s)
--- PASS: TestNewP2pPeerHonesty_InvalidMinScoreShouldErr (0.00s)
=== CONT  TestP2pPeerHonesty_DoubleChangeScoreShouldWork
--- PASS: TestNewP2pPeerHonesty_InvalidDecayCoefficientShouldErr (0.00s)
--- PASS: TestPeerScore_String (0.00s)
--- PASS: TestNewP2pPeerHonesty_NilBlacklistedPkCacheShouldErr (0.00s)
--- PASS: TestNewP2pPeerHonesty_InvalidDecayUpdateIntervalShouldErr (0.00s)
--- PASS: TestP2pPeerHonesty_CheckBlacklistMaxScoreReached (0.00s)
--- PASS: TestP2pPeerHonesty_CheckBlacklistMinScoreReached (0.00s)
--- PASS: TestP2pPeerHonesty_DoubleChangeScoreShouldWork (0.00s)
[0;33mWARN [0m[2026-03-16 10:14:08.051]   p2pPeerHonesty.checkBlacklist            [0;33mpk[0m = 706b [0;33merror[0m = expected error 
--- PASS: TestP2pPeerHonesty_CheckBlacklistUpsertErrorsShouldWork (0.00s)
--- PASS: TestP2pPeerHonesty_ChangeScoreShouldWork (0.00s)
--- PASS: TestP2pPeerHonesty_ApplyDecayWillEventuallyGoTheScoreToZero (0.00s)
--- PASS: TestP2pPeerHonesty_Close (4.20s)
PASS
ok  	github.com/TerraDharitri/drt-go-chain/process/rating/peerHonesty	(cached)
=== RUN   TestMarshalAndUnmarshalReceiptsHolder
=== RUN   TestMarshalAndUnmarshalReceiptsHolder/when_empty_holder
=== RUN   TestMarshalAndUnmarshalReceiptsHolder/when_holder_has_content
=== RUN   TestMarshalAndUnmarshalReceiptsHolder/no_panic_when_badly_saved_data
--- PASS: TestMarshalAndUnmarshalReceiptsHolder (0.00s)
    --- PASS: TestMarshalAndUnmarshalReceiptsHolder/when_empty_holder (0.00s)
    --- PASS: TestMarshalAndUnmarshalReceiptsHolder/when_holder_has_content (0.00s)
    --- PASS: TestMarshalAndUnmarshalReceiptsHolder/no_panic_when_badly_saved_data (0.00s)
=== RUN   TestNewReceiptsRepository
=== RUN   TestNewReceiptsRepository/NilMarshaller
=== RUN   TestNewReceiptsRepository/NilHasher
=== RUN   TestNewReceiptsRepository/NilStorer
=== RUN   TestNewReceiptsRepository/storer_not_found
=== RUN   TestNewReceiptsRepository/no_error
=== RUN   TestNewReceiptsRepository/emptyReceiptsHash_is_cached
--- PASS: TestNewReceiptsRepository (0.00s)
    --- PASS: TestNewReceiptsRepository/NilMarshaller (0.00s)
    --- PASS: TestNewReceiptsRepository/NilHasher (0.00s)
    --- PASS: TestNewReceiptsRepository/NilStorer (0.00s)
    --- PASS: TestNewReceiptsRepository/storer_not_found (0.00s)
    --- PASS: TestNewReceiptsRepository/no_error (0.00s)
    --- PASS: TestNewReceiptsRepository/emptyReceiptsHash_is_cached (0.00s)
=== RUN   TestReceiptsRepository_SaveReceipts
=== RUN   TestReceiptsRepository_SaveReceipts/when_receipts_hash_is_for_non-empty_receipts
=== RUN   TestReceiptsRepository_SaveReceipts/when_receipts_hash_is_for_empty_receipts
--- PASS: TestReceiptsRepository_SaveReceipts (0.00s)
    --- PASS: TestReceiptsRepository_SaveReceipts/when_receipts_hash_is_for_non-empty_receipts (0.00s)
    --- PASS: TestReceiptsRepository_SaveReceipts/when_receipts_hash_is_for_empty_receipts (0.00s)
=== RUN   TestReceiptsRepository_SaveReceiptsShouldErrWhenPassingBadInput
=== RUN   TestReceiptsRepository_SaveReceiptsShouldErrWhenPassingBadInput/when_receipts_holder_is_nil
=== RUN   TestReceiptsRepository_SaveReceiptsShouldErrWhenPassingBadInput/when_block_header_is_nil
=== RUN   TestReceiptsRepository_SaveReceiptsShouldErrWhenPassingBadInput/when_block_hash_is_empty
--- PASS: TestReceiptsRepository_SaveReceiptsShouldErrWhenPassingBadInput (0.00s)
    --- PASS: TestReceiptsRepository_SaveReceiptsShouldErrWhenPassingBadInput/when_receipts_holder_is_nil (0.00s)
    --- PASS: TestReceiptsRepository_SaveReceiptsShouldErrWhenPassingBadInput/when_block_header_is_nil (0.00s)
    --- PASS: TestReceiptsRepository_SaveReceiptsShouldErrWhenPassingBadInput/when_block_hash_is_empty (0.00s)
=== RUN   TestReceiptsRepository_LoadReceipts
=== RUN   TestReceiptsRepository_LoadReceipts/when_header.GetReceiptsHash()_==_emptyReceiptsHash
=== RUN   TestReceiptsRepository_LoadReceipts/when_header.GetReceiptsHash()_!=_emptyReceiptsHash
=== RUN   TestReceiptsRepository_LoadReceipts/when_no_receipts_for_given_header
--- PASS: TestReceiptsRepository_LoadReceipts (0.00s)
    --- PASS: TestReceiptsRepository_LoadReceipts/when_header.GetReceiptsHash()_==_emptyReceiptsHash (0.00s)
    --- PASS: TestReceiptsRepository_LoadReceipts/when_header.GetReceiptsHash()_!=_emptyReceiptsHash (0.00s)
    --- PASS: TestReceiptsRepository_LoadReceipts/when_no_receipts_for_given_header (0.00s)
=== RUN   TestReceiptsRepository_NoPanicOnSaveOrLoadWhenBadStorage
=== RUN   TestReceiptsRepository_NoPanicOnSaveOrLoadWhenBadStorage/save_in_bad_storage
=== RUN   TestReceiptsRepository_NoPanicOnSaveOrLoadWhenBadStorage/load_from_bad_storage
--- PASS: TestReceiptsRepository_NoPanicOnSaveOrLoadWhenBadStorage (0.00s)
    --- PASS: TestReceiptsRepository_NoPanicOnSaveOrLoadWhenBadStorage/save_in_bad_storage (0.00s)
    --- PASS: TestReceiptsRepository_NoPanicOnSaveOrLoadWhenBadStorage/load_from_bad_storage (0.00s)
=== RUN   TestReceiptsRepository_DecideStorageKey
=== RUN   TestReceiptsRepository_DecideStorageKey/when_receipts_hash_is_for_non-empty_receipts
=== RUN   TestReceiptsRepository_DecideStorageKey/when_receipts_hash_is_for_empty_receipts
--- PASS: TestReceiptsRepository_DecideStorageKey (0.00s)
    --- PASS: TestReceiptsRepository_DecideStorageKey/when_receipts_hash_is_for_non-empty_receipts (0.00s)
    --- PASS: TestReceiptsRepository_DecideStorageKey/when_receipts_hash_is_for_empty_receipts (0.00s)
=== RUN   TestCreateEmptyReceiptsHash
--- PASS: TestCreateEmptyReceiptsHash (0.00s)
PASS
ok  	github.com/TerraDharitri/drt-go-chain/process/receipts	(cached)
=== RUN   TestNewInterceptedRewardTransaction_NilTxBuffShouldErr
=== PAUSE TestNewInterceptedRewardTransaction_NilTxBuffShouldErr
=== RUN   TestNewInterceptedRewardTransaction_NilMarshalizerShouldErr
=== PAUSE TestNewInterceptedRewardTransaction_NilMarshalizerShouldErr
=== RUN   TestNewInterceptedRewardTransaction_NilHasherShouldErr
=== PAUSE TestNewInterceptedRewardTransaction_NilHasherShouldErr
=== RUN   TestNewInterceptedRewardTransaction_NilPubkeyConverterShouldErr
=== PAUSE TestNewInterceptedRewardTransaction_NilPubkeyConverterShouldErr
=== RUN   TestNewInterceptedRewardTransaction_NilShardCoordinatorShouldErr
=== PAUSE TestNewInterceptedRewardTransaction_NilShardCoordinatorShouldErr
=== RUN   TestNewInterceptedRewardTransaction_OkValsShouldWork
=== PAUSE TestNewInterceptedRewardTransaction_OkValsShouldWork
=== RUN   TestNewInterceptedRewardTransaction_TestGetters
=== PAUSE TestNewInterceptedRewardTransaction_TestGetters
=== RUN   TestNewInterceptedRewardTransaction_NonceShouldBeZero
=== PAUSE TestNewInterceptedRewardTransaction_NonceShouldBeZero
=== RUN   TestNewInterceptedRewardTransaction_Fee
=== PAUSE TestNewInterceptedRewardTransaction_Fee
=== RUN   TestNewInterceptedRewardTransaction_SenderAddress
=== PAUSE TestNewInterceptedRewardTransaction_SenderAddress
=== RUN   TestNewInterceptedRewardTransaction_CheckValidityNilRcvAddrShouldErr
=== PAUSE TestNewInterceptedRewardTransaction_CheckValidityNilRcvAddrShouldErr
=== RUN   TestNewInterceptedRewardTransaction_CheckValidityNilValueShouldErr
=== PAUSE TestNewInterceptedRewardTransaction_CheckValidityNilValueShouldErr
=== RUN   TestNewInterceptedRewardTransaction_CheckValidityNegativeValueShouldErr
=== PAUSE TestNewInterceptedRewardTransaction_CheckValidityNegativeValueShouldErr
=== RUN   TestNewInterceptedRewardTransaction_CheckValidityShouldWork
=== PAUSE TestNewInterceptedRewardTransaction_CheckValidityShouldWork
=== RUN   TestNewInterceptedRewardTransaction_IsForCurrentShard
=== PAUSE TestNewInterceptedRewardTransaction_IsForCurrentShard
=== RUN   TestInterceptedRewardTransaction_Type
=== PAUSE TestInterceptedRewardTransaction_Type
=== RUN   TestInterceptedRewardTransaction_String
=== PAUSE TestInterceptedRewardTransaction_String
=== RUN   TestInterceptedRewardTransaction_IsInterfaceNil
=== PAUSE TestInterceptedRewardTransaction_IsInterfaceNil
=== RUN   TestNewRewardTxProcessor_NilAccountsDbShouldErr
=== PAUSE TestNewRewardTxProcessor_NilAccountsDbShouldErr
=== RUN   TestNewRewardTxProcessor_NilPubkeyConverterShouldErr
=== PAUSE TestNewRewardTxProcessor_NilPubkeyConverterShouldErr
=== RUN   TestNewRewardTxProcessor_NilShardCoordinatorShouldErr
=== PAUSE TestNewRewardTxProcessor_NilShardCoordinatorShouldErr
=== RUN   TestNewRewardTxProcessor_NilMarshallerShouldErr
=== PAUSE TestNewRewardTxProcessor_NilMarshallerShouldErr
=== RUN   TestNewRewardTxProcessor_NilHasherShouldErr
=== PAUSE TestNewRewardTxProcessor_NilHasherShouldErr
=== RUN   TestNewRewardTxProcessor_OkValsShouldWork
=== PAUSE TestNewRewardTxProcessor_OkValsShouldWork
=== RUN   TestRewardTxProcessor_ProcessRewardTransactionNilTxShouldErr
=== PAUSE TestRewardTxProcessor_ProcessRewardTransactionNilTxShouldErr
=== RUN   TestRewardTxProcessor_ProcessRewardTransactionNilTxValueShouldErr
=== PAUSE TestRewardTxProcessor_ProcessRewardTransactionNilTxValueShouldErr
=== RUN   TestRewardTxProcessor_ProcessRewardTransactionAddressNotInNodesShardShouldNotExecute
=== PAUSE TestRewardTxProcessor_ProcessRewardTransactionAddressNotInNodesShardShouldNotExecute
=== RUN   TestRewardTxProcessor_ProcessRewardTransactionCannotGetAccountShouldErr
=== PAUSE TestRewardTxProcessor_ProcessRewardTransactionCannotGetAccountShouldErr
=== RUN   TestRewardTxProcessor_ProcessRewardTransactionWrongTypeAssertionAccountHolderShouldErr
=== PAUSE TestRewardTxProcessor_ProcessRewardTransactionWrongTypeAssertionAccountHolderShouldErr
=== RUN   TestRewardTxProcessor_ProcessRewardTransactionShouldWork
=== PAUSE TestRewardTxProcessor_ProcessRewardTransactionShouldWork
=== RUN   TestRewardTxProcessor_ProcessRewardTransactionMissingTrieNode
=== PAUSE TestRewardTxProcessor_ProcessRewardTransactionMissingTrieNode
=== RUN   TestRewardTxProcessor_ProcessRewardTransactionToASmartContractShouldWork
=== PAUSE TestRewardTxProcessor_ProcessRewardTransactionToASmartContractShouldWork
=== CONT  TestNewInterceptedRewardTransaction_NilTxBuffShouldErr
=== CONT  TestInterceptedRewardTransaction_String
--- PASS: TestNewInterceptedRewardTransaction_NilTxBuffShouldErr (0.00s)
=== CONT  TestInterceptedRewardTransaction_Type
--- PASS: TestInterceptedRewardTransaction_Type (0.00s)
=== CONT  TestNewInterceptedRewardTransaction_IsForCurrentShard
=== CONT  TestNewInterceptedRewardTransaction_CheckValidityShouldWork
=== CONT  TestNewInterceptedRewardTransaction_CheckValidityNegativeValueShouldErr
=== CONT  TestNewInterceptedRewardTransaction_CheckValidityNilValueShouldErr
=== CONT  TestNewInterceptedRewardTransaction_CheckValidityNilRcvAddrShouldErr
=== CONT  TestNewInterceptedRewardTransaction_SenderAddress
=== CONT  TestNewInterceptedRewardTransaction_Fee
=== CONT  TestNewInterceptedRewardTransaction_NonceShouldBeZero
=== CONT  TestNewInterceptedRewardTransaction_TestGetters
=== CONT  TestNewInterceptedRewardTransaction_OkValsShouldWork
=== CONT  TestNewInterceptedRewardTransaction_NilShardCoordinatorShouldErr
--- PASS: TestNewInterceptedRewardTransaction_NilShardCoordinatorShouldErr (0.00s)
=== CONT  TestNewInterceptedRewardTransaction_NilPubkeyConverterShouldErr
--- PASS: TestNewInterceptedRewardTransaction_NilPubkeyConverterShouldErr (0.00s)
=== CONT  TestNewInterceptedRewardTransaction_NilHasherShouldErr
--- PASS: TestNewInterceptedRewardTransaction_NilHasherShouldErr (0.00s)
=== CONT  TestNewInterceptedRewardTransaction_NilMarshalizerShouldErr
--- PASS: TestNewInterceptedRewardTransaction_NilMarshalizerShouldErr (0.00s)
=== CONT  TestNewRewardTxProcessor_NilShardCoordinatorShouldErr
--- PASS: TestNewRewardTxProcessor_NilShardCoordinatorShouldErr (0.00s)
=== CONT  TestRewardTxProcessor_ProcessRewardTransactionToASmartContractShouldWork
--- PASS: TestInterceptedRewardTransaction_String (0.00s)
--- PASS: TestRewardTxProcessor_ProcessRewardTransactionToASmartContractShouldWork (0.00s)
=== CONT  TestRewardTxProcessor_ProcessRewardTransactionMissingTrieNode
--- PASS: TestNewInterceptedRewardTransaction_OkValsShouldWork (0.00s)
=== CONT  TestNewRewardTxProcessor_NilPubkeyConverterShouldErr
--- PASS: TestNewRewardTxProcessor_NilPubkeyConverterShouldErr (0.00s)
=== CONT  TestNewRewardTxProcessor_NilAccountsDbShouldErr
--- PASS: TestRewardTxProcessor_ProcessRewardTransactionMissingTrieNode (0.00s)
--- PASS: TestNewRewardTxProcessor_NilAccountsDbShouldErr (0.00s)
=== CONT  TestInterceptedRewardTransaction_IsInterfaceNil
=== CONT  TestRewardTxProcessor_ProcessRewardTransactionNilTxValueShouldErr
=== CONT  TestRewardTxProcessor_ProcessRewardTransactionNilTxShouldErr
--- PASS: TestInterceptedRewardTransaction_IsInterfaceNil (0.00s)
--- PASS: TestNewInterceptedRewardTransaction_CheckValidityNilRcvAddrShouldErr (0.00s)
=== RUN   TestNewInterceptedRewardTransaction_IsForCurrentShard/same_shard_ID_with_the_receiver_should_return_true
--- PASS: TestNewInterceptedRewardTransaction_SenderAddress (0.00s)
=== CONT  TestNewRewardTxProcessor_NilMarshallerShouldErr
--- PASS: TestNewRewardTxProcessor_NilMarshallerShouldErr (0.00s)
--- PASS: TestNewInterceptedRewardTransaction_Fee (0.00s)
--- PASS: TestNewInterceptedRewardTransaction_CheckValidityShouldWork (0.00s)
=== RUN   TestNewInterceptedRewardTransaction_IsForCurrentShard/metachain_should_return_true
--- PASS: TestNewInterceptedRewardTransaction_CheckValidityNegativeValueShouldErr (0.00s)
--- PASS: TestNewInterceptedRewardTransaction_CheckValidityNilValueShouldErr (0.00s)
=== CONT  TestRewardTxProcessor_ProcessRewardTransactionShouldWork
--- PASS: TestRewardTxProcessor_ProcessRewardTransactionShouldWork (0.00s)
=== CONT  TestRewardTxProcessor_ProcessRewardTransactionWrongTypeAssertionAccountHolderShouldErr
--- PASS: TestRewardTxProcessor_ProcessRewardTransactionWrongTypeAssertionAccountHolderShouldErr (0.00s)
=== RUN   TestNewInterceptedRewardTransaction_IsForCurrentShard/different_shard_should_return_false
--- PASS: TestNewInterceptedRewardTransaction_NonceShouldBeZero (0.00s)
--- PASS: TestNewInterceptedRewardTransaction_IsForCurrentShard (0.00s)
    --- PASS: TestNewInterceptedRewardTransaction_IsForCurrentShard/same_shard_ID_with_the_receiver_should_return_true (0.00s)
    --- PASS: TestNewInterceptedRewardTransaction_IsForCurrentShard/metachain_should_return_true (0.00s)
    --- PASS: TestNewInterceptedRewardTransaction_IsForCurrentShard/different_shard_should_return_false (0.00s)
--- PASS: TestRewardTxProcessor_ProcessRewardTransactionNilTxValueShouldErr (0.00s)
--- PASS: TestRewardTxProcessor_ProcessRewardTransactionNilTxShouldErr (0.00s)
--- PASS: TestNewInterceptedRewardTransaction_TestGetters (0.00s)
=== CONT  TestRewardTxProcessor_ProcessRewardTransactionCannotGetAccountShouldErr
--- PASS: TestRewardTxProcessor_ProcessRewardTransactionCannotGetAccountShouldErr (0.00s)
=== CONT  TestNewRewardTxProcessor_NilHasherShouldErr
--- PASS: TestNewRewardTxProcessor_NilHasherShouldErr (0.00s)
=== CONT  TestNewRewardTxProcessor_OkValsShouldWork
--- PASS: TestNewRewardTxProcessor_OkValsShouldWork (0.00s)
=== CONT  TestRewardTxProcessor_ProcessRewardTransactionAddressNotInNodesShardShouldNotExecute
--- PASS: TestRewardTxProcessor_ProcessRewardTransactionAddressNotInNodesShardShouldNotExecute (0.00s)
PASS
ok  	github.com/TerraDharitri/drt-go-chain/process/rewardTransaction	(cached)
=== RUN   TestNewStakingToPeerNilAddrConverterShouldErr
=== PAUSE TestNewStakingToPeerNilAddrConverterShouldErr
=== RUN   TestNewStakingToPeerNilHasherShouldErr
=== PAUSE TestNewStakingToPeerNilHasherShouldErr
=== RUN   TestNewStakingToPeerNilMarshalizerShouldErr
=== PAUSE TestNewStakingToPeerNilMarshalizerShouldErr
=== RUN   TestNewStakingToPeerNilPeerAccountAdapterShouldErr
=== PAUSE TestNewStakingToPeerNilPeerAccountAdapterShouldErr
=== RUN   TestNewStakingToPeerNilBaseAccountAdapterShouldErr
=== PAUSE TestNewStakingToPeerNilBaseAccountAdapterShouldErr
=== RUN   TestNewStakingToPeerNilArgumentParserShouldErr
=== PAUSE TestNewStakingToPeerNilArgumentParserShouldErr
=== RUN   TestNewStakingToPeerNilCurrentBlockHeaderShouldErr
=== PAUSE TestNewStakingToPeerNilCurrentBlockHeaderShouldErr
=== RUN   TestNewStakingToPeerNilEnableEpochsHandlerShouldErr
=== PAUSE TestNewStakingToPeerNilEnableEpochsHandlerShouldErr
=== RUN   TestNewStakingToPeerInvalidEnableEpochsHandlerShouldErr
=== PAUSE TestNewStakingToPeerInvalidEnableEpochsHandlerShouldErr
=== RUN   TestNewStakingToPeer_ShouldWork
=== PAUSE TestNewStakingToPeer_ShouldWork
=== RUN   TestStakingToPeer_UpdateProtocolCannotGetTxShouldErr
=== PAUSE TestStakingToPeer_UpdateProtocolCannotGetTxShouldErr
=== RUN   TestStakingToPeer_UpdateProtocolWrongTransactionTypeShouldErr
=== PAUSE TestStakingToPeer_UpdateProtocolWrongTransactionTypeShouldErr
=== RUN   TestStakingToPeer_UpdateProtocolCannotGetStorageUpdatesShouldErr
=== PAUSE TestStakingToPeer_UpdateProtocolCannotGetStorageUpdatesShouldErr
=== RUN   TestStakingToPeer_UpdateProtocolRemoveAccountShouldReturnNil
=== PAUSE TestStakingToPeer_UpdateProtocolRemoveAccountShouldReturnNil
=== RUN   TestStakingToPeer_UpdateProtocolCannotSetRewardAddressShouldErr
=== PAUSE TestStakingToPeer_UpdateProtocolCannotSetRewardAddressShouldErr
=== RUN   TestStakingToPeer_UpdateProtocolEmptyDataShouldNotAddToTrie
=== PAUSE TestStakingToPeer_UpdateProtocolEmptyDataShouldNotAddToTrie
=== RUN   TestStakingToPeer_UpdateProtocolCannotSaveAccountShouldErr
=== PAUSE TestStakingToPeer_UpdateProtocolCannotSaveAccountShouldErr
=== RUN   TestStakingToPeer_UpdateProtocolCannotSaveAccountNonceShouldErr
=== PAUSE TestStakingToPeer_UpdateProtocolCannotSaveAccountNonceShouldErr
=== RUN   TestStakingToPeer_UpdateProtocol
=== PAUSE TestStakingToPeer_UpdateProtocol
=== RUN   TestStakingToPeer_UpdateProtocolCannotSaveUnStakedNonceShouldErr
=== PAUSE TestStakingToPeer_UpdateProtocolCannotSaveUnStakedNonceShouldErr
=== RUN   TestStakingToPeer_UpdatePeerState
=== PAUSE TestStakingToPeer_UpdatePeerState
=== RUN   TestStakingToPeer_UnJailFromInactive
=== PAUSE TestStakingToPeer_UnJailFromInactive
=== CONT  TestNewStakingToPeerNilAddrConverterShouldErr
--- PASS: TestNewStakingToPeerNilAddrConverterShouldErr (0.00s)
=== CONT  TestStakingToPeer_UnJailFromInactive
--- PASS: TestStakingToPeer_UnJailFromInactive (0.00s)
=== CONT  TestStakingToPeer_UpdatePeerState
--- PASS: TestStakingToPeer_UpdatePeerState (0.00s)
=== CONT  TestStakingToPeer_UpdateProtocolCannotSaveUnStakedNonceShouldErr
--- PASS: TestStakingToPeer_UpdateProtocolCannotSaveUnStakedNonceShouldErr (0.00s)
=== CONT  TestStakingToPeer_UpdateProtocol
--- PASS: TestStakingToPeer_UpdateProtocol (0.00s)
=== CONT  TestStakingToPeer_UpdateProtocolCannotSaveAccountNonceShouldErr
--- PASS: TestStakingToPeer_UpdateProtocolCannotSaveAccountNonceShouldErr (0.00s)
=== CONT  TestStakingToPeer_UpdateProtocolCannotSaveAccountShouldErr
=== CONT  TestStakingToPeer_UpdateProtocolCannotSetRewardAddressShouldErr
=== CONT  TestStakingToPeer_UpdateProtocolRemoveAccountShouldReturnNil
--- PASS: TestStakingToPeer_UpdateProtocolRemoveAccountShouldReturnNil (0.00s)
=== CONT  TestStakingToPeer_UpdateProtocolEmptyDataShouldNotAddToTrie
--- PASS: TestStakingToPeer_UpdateProtocolCannotSetRewardAddressShouldErr (0.00s)
--- PASS: TestStakingToPeer_UpdateProtocolEmptyDataShouldNotAddToTrie (0.00s)
=== CONT  TestNewStakingToPeerNilCurrentBlockHeaderShouldErr
--- PASS: TestNewStakingToPeerNilCurrentBlockHeaderShouldErr (0.00s)
=== CONT  TestStakingToPeer_UpdateProtocolCannotGetStorageUpdatesShouldErr
--- PASS: TestStakingToPeer_UpdateProtocolCannotGetStorageUpdatesShouldErr (0.00s)
=== CONT  TestStakingToPeer_UpdateProtocolWrongTransactionTypeShouldErr
--- PASS: TestStakingToPeer_UpdateProtocolCannotSaveAccountShouldErr (0.00s)
=== CONT  TestNewStakingToPeerNilPeerAccountAdapterShouldErr
--- PASS: TestNewStakingToPeerNilPeerAccountAdapterShouldErr (0.00s)
=== CONT  TestNewStakingToPeerInvalidEnableEpochsHandlerShouldErr
=== CONT  TestNewStakingToPeerNilArgumentParserShouldErr
=== CONT  TestNewStakingToPeerNilBaseAccountAdapterShouldErr
=== CONT  TestNewStakingToPeer_ShouldWork
=== CONT  TestNewStakingToPeerNilEnableEpochsHandlerShouldErr
--- PASS: TestStakingToPeer_UpdateProtocolWrongTransactionTypeShouldErr (0.00s)
--- PASS: TestNewStakingToPeerNilArgumentParserShouldErr (0.00s)
--- PASS: TestNewStakingToPeer_ShouldWork (0.00s)
=== CONT  TestNewStakingToPeerNilHasherShouldErr
--- PASS: TestNewStakingToPeerNilBaseAccountAdapterShouldErr (0.00s)
=== CONT  TestStakingToPeer_UpdateProtocolCannotGetTxShouldErr
--- PASS: TestNewStakingToPeerInvalidEnableEpochsHandlerShouldErr (0.00s)
=== CONT  TestNewStakingToPeerNilMarshalizerShouldErr
--- PASS: TestNewStakingToPeerNilEnableEpochsHandlerShouldErr (0.00s)
--- PASS: TestStakingToPeer_UpdateProtocolCannotGetTxShouldErr (0.00s)
--- PASS: TestNewStakingToPeerNilHasherShouldErr (0.00s)
--- PASS: TestNewStakingToPeerNilMarshalizerShouldErr (0.00s)
PASS
ok  	github.com/TerraDharitri/drt-go-chain/process/scToProtocol	(cached)
=== RUN   TestNewSmartContractProcessorNilVM
=== PAUSE TestNewSmartContractProcessorNilVM
=== RUN   TestNewSmartContractProcessorNilVMOutputCacher
=== PAUSE TestNewSmartContractProcessorNilVMOutputCacher
=== RUN   TestNewSmartContractProcessorNilBuiltInFunctions
=== PAUSE TestNewSmartContractProcessorNilBuiltInFunctions
=== RUN   TestNewSmartContractProcessorNilArgsParser
=== PAUSE TestNewSmartContractProcessorNilArgsParser
=== RUN   TestNewSmartContractProcessorNilHasher
=== PAUSE TestNewSmartContractProcessorNilHasher
=== RUN   TestNewSmartContractProcessorNilMarshalizer
=== PAUSE TestNewSmartContractProcessorNilMarshalizer
=== RUN   TestNewSmartContractProcessorNilAccountsDB
=== PAUSE TestNewSmartContractProcessorNilAccountsDB
=== RUN   TestNewSmartContractProcessorNilAdrConv
=== PAUSE TestNewSmartContractProcessorNilAdrConv
=== RUN   TestNewSmartContractProcessorNilShardCoordinator
=== PAUSE TestNewSmartContractProcessorNilShardCoordinator
=== RUN   TestNewSmartContractProcessorNilFakeAccountsHandler
=== PAUSE TestNewSmartContractProcessorNilFakeAccountsHandler
=== RUN   TestNewSmartContractProcessor_NilIntermediateMock
=== PAUSE TestNewSmartContractProcessor_NilIntermediateMock
=== RUN   TestNewSmartContractProcessor_ErrNilUnsignedTxHandlerMock
=== PAUSE TestNewSmartContractProcessor_ErrNilUnsignedTxHandlerMock
=== RUN   TestNewSmartContractProcessor_ErrNilGasHandlerMock
=== PAUSE TestNewSmartContractProcessor_ErrNilGasHandlerMock
=== RUN   TestNewSmartContractProcessor_NilEnableEpochsHandlerShouldErr
=== PAUSE TestNewSmartContractProcessor_NilEnableEpochsHandlerShouldErr
=== RUN   TestNewSmartContractProcessor_InvalidEnableEpochsHandlerShouldErr
=== PAUSE TestNewSmartContractProcessor_InvalidEnableEpochsHandlerShouldErr
=== RUN   TestNewSmartContractProcessor_NilEconomicsFeeShouldErr
=== PAUSE TestNewSmartContractProcessor_NilEconomicsFeeShouldErr
=== RUN   TestNewSmartContractProcessor_NilTxTypeHandlerShouldErr
=== PAUSE TestNewSmartContractProcessor_NilTxTypeHandlerShouldErr
=== RUN   TestNewSmartContractProcessor_NilGasScheduleShouldErr
=== PAUSE TestNewSmartContractProcessor_NilGasScheduleShouldErr
=== RUN   TestNewSmartContractProcessor_NilLatestGasScheduleShouldErr
=== PAUSE TestNewSmartContractProcessor_NilLatestGasScheduleShouldErr
=== RUN   TestNewSmartContractProcessor_NilTxLogsProcessorShouldErr
=== PAUSE TestNewSmartContractProcessor_NilTxLogsProcessorShouldErr
=== RUN   TestNewSmartContractProcessor_NilBadTxForwarderShouldErr
=== PAUSE TestNewSmartContractProcessor_NilBadTxForwarderShouldErr
=== RUN   TestNewSmartContractProcessor_NilLockerShouldErr
=== PAUSE TestNewSmartContractProcessor_NilLockerShouldErr
=== RUN   TestNewSmartContractProcessor_ShouldRegisterNotifiers
=== PAUSE TestNewSmartContractProcessor_ShouldRegisterNotifiers
=== RUN   TestNewSmartContractProcessor
=== PAUSE TestNewSmartContractProcessor
=== RUN   TestNewSmartContractProcessorVerifyAllMembers
=== PAUSE TestNewSmartContractProcessorVerifyAllMembers
=== RUN   TestGasScheduleChangeNoApiCostShouldNotChange
=== PAUSE TestGasScheduleChangeNoApiCostShouldNotChange
=== RUN   TestGasScheduleChangeShouldWork
=== PAUSE TestGasScheduleChangeShouldWork
=== RUN   TestScProcessor_DeploySmartContractBadParse
=== PAUSE TestScProcessor_DeploySmartContractBadParse
=== RUN   TestScProcessor_DeploySmartContractRunError
=== PAUSE TestScProcessor_DeploySmartContractRunError
=== RUN   TestScProcessor_DeploySmartContractDisabled
=== PAUSE TestScProcessor_DeploySmartContractDisabled
=== RUN   TestScProcessor_BuiltInCallSmartContractDisabled
=== PAUSE TestScProcessor_BuiltInCallSmartContractDisabled
=== RUN   TestScProcessor_BuiltInCallSmartContractSenderFailed
=== PAUSE TestScProcessor_BuiltInCallSmartContractSenderFailed
=== RUN   TestScProcessor_ExecuteBuiltInFunctionSCResultCallSelfShard
=== PAUSE TestScProcessor_ExecuteBuiltInFunctionSCResultCallSelfShard
=== RUN   TestScProcessor_ExecuteBuiltInFunctionSCResultCallSelfShardCannotSaveLog
=== PAUSE TestScProcessor_ExecuteBuiltInFunctionSCResultCallSelfShardCannotSaveLog
=== RUN   TestScProcessor_ExecuteBuiltInFunction
=== PAUSE TestScProcessor_ExecuteBuiltInFunction
=== RUN   TestScProcessor_ExecuteBuiltInFunctionSCRTooBig
=== PAUSE TestScProcessor_ExecuteBuiltInFunctionSCRTooBig
=== RUN   TestScProcessor_DeploySmartContractWrongTx
=== PAUSE TestScProcessor_DeploySmartContractWrongTx
=== RUN   TestScProcessor_DeploySmartContractNilTx
=== PAUSE TestScProcessor_DeploySmartContractNilTx
=== RUN   TestScProcessor_DeploySmartContractNotEmptyDestinationAddress
=== PAUSE TestScProcessor_DeploySmartContractNotEmptyDestinationAddress
=== RUN   TestScProcessor_DeploySmartContractCalculateHashFails
=== PAUSE TestScProcessor_DeploySmartContractCalculateHashFails
=== RUN   TestScProcessor_DeploySmartContractEconomicsFeeValidateFails
=== PAUSE TestScProcessor_DeploySmartContractEconomicsFeeValidateFails
=== RUN   TestScProcessor_DeploySmartContractEconomicsFeeSaveAccountsFails
=== PAUSE TestScProcessor_DeploySmartContractEconomicsFeeSaveAccountsFails
=== RUN   TestScProcessor_DeploySmartContractEconomicsWithFlagPenalizeTooMuchGasEnabled
=== PAUSE TestScProcessor_DeploySmartContractEconomicsWithFlagPenalizeTooMuchGasEnabled
=== RUN   TestScProcessor_DeploySmartContractVmContainerGetFails
=== PAUSE TestScProcessor_DeploySmartContractVmContainerGetFails
=== RUN   TestScProcessor_DeploySmartContractVmExecuteCreateSCFails
=== PAUSE TestScProcessor_DeploySmartContractVmExecuteCreateSCFails
=== RUN   TestScProcessor_DeploySmartContractVmExecuteCreateSCVMOutputNil
=== PAUSE TestScProcessor_DeploySmartContractVmExecuteCreateSCVMOutputNil
=== RUN   TestScProcessor_DeploySmartContractVmOutputReturnCodeNotOk
=== PAUSE TestScProcessor_DeploySmartContractVmOutputReturnCodeNotOk
=== RUN   TestScProcessor_DeploySmartContractUpdateDeveloperRewardsFails
=== PAUSE TestScProcessor_DeploySmartContractUpdateDeveloperRewardsFails
=== RUN   TestScProcessor_DeploySmartContractVmOutputGasRemainingNotOk
=== PAUSE TestScProcessor_DeploySmartContractVmOutputGasRemainingNotOk
=== RUN   TestScProcessor_DeploySmartContractVmOutputProcessDeleteAccountsFails
=== PAUSE TestScProcessor_DeploySmartContractVmOutputProcessDeleteAccountsFails
=== RUN   TestScProcessor_DeploySmartContractReloadAccountFails
=== PAUSE TestScProcessor_DeploySmartContractReloadAccountFails
=== RUN   TestScProcessor_DeploySmartContractAddIntermediateTxFails
=== PAUSE TestScProcessor_DeploySmartContractAddIntermediateTxFails
=== RUN   TestScProcessor_DeploySmartContractComputeRewardsFails
=== PAUSE TestScProcessor_DeploySmartContractComputeRewardsFails
=== RUN   TestScProcessor_DeploySmartContract
=== PAUSE TestScProcessor_DeploySmartContract
=== RUN   TestScProcessor_ExecuteSmartContractTransactionNilTx
=== PAUSE TestScProcessor_ExecuteSmartContractTransactionNilTx
=== RUN   TestScProcessor_ExecuteSmartContractTransactionNilAccount
=== PAUSE TestScProcessor_ExecuteSmartContractTransactionNilAccount
=== RUN   TestScProcessor_ExecuteSmartContractTransactionBadParser
=== PAUSE TestScProcessor_ExecuteSmartContractTransactionBadParser
=== RUN   TestScProcessor_ExecuteSmartContractTransactionVMRunError
=== PAUSE TestScProcessor_ExecuteSmartContractTransactionVMRunError
=== RUN   TestScProcessor_ExecuteSmartContractTransactionGasConsumedChecksError
=== PAUSE TestScProcessor_ExecuteSmartContractTransactionGasConsumedChecksError
=== RUN   TestScProcessor_ExecuteSmartContractTransactionVmOutputError
=== PAUSE TestScProcessor_ExecuteSmartContractTransactionVmOutputError
=== RUN   TestScProcessor_ExecuteSmartContractTransaction
=== PAUSE TestScProcessor_ExecuteSmartContractTransaction
=== RUN   TestScProcessor_ExecuteSmartContractTransactionSaveLogCalled
=== PAUSE TestScProcessor_ExecuteSmartContractTransactionSaveLogCalled
=== RUN   TestScProcessor_CreateVMCallInputWrongCode
=== PAUSE TestScProcessor_CreateVMCallInputWrongCode
=== RUN   TestScProcessor_CreateVMCallInput
=== PAUSE TestScProcessor_CreateVMCallInput
=== RUN   TestScProcessor_CreateVMDeployBadCode
=== PAUSE TestScProcessor_CreateVMDeployBadCode
=== RUN   TestScProcessor_CreateVMDeployInput
=== PAUSE TestScProcessor_CreateVMDeployInput
=== RUN   TestScProcessor_CreateVMDeployInputNotEnoughArguments
=== PAUSE TestScProcessor_CreateVMDeployInputNotEnoughArguments
=== RUN   TestScProcessor_CreateVMDeployInputWrongArgument
=== PAUSE TestScProcessor_CreateVMDeployInputWrongArgument
=== RUN   TestScProcessor_InitializeVMInputFromTx_ShouldErrNotEnoughGas
=== PAUSE TestScProcessor_InitializeVMInputFromTx_ShouldErrNotEnoughGas
=== RUN   TestScProcessor_InitializeVMInputFromTx
=== PAUSE TestScProcessor_InitializeVMInputFromTx
=== RUN   TestScProcessor_processVMOutputNilSndAcc
=== PAUSE TestScProcessor_processVMOutputNilSndAcc
=== RUN   TestScProcessor_processVMOutputNilDstAcc
=== PAUSE TestScProcessor_processVMOutputNilDstAcc
=== RUN   TestScProcessor_GetAccountFromAddressAccNotFound
=== PAUSE TestScProcessor_GetAccountFromAddressAccNotFound
=== RUN   TestScProcessor_GetAccountFromAddrFailedGetExistingAccount
=== PAUSE TestScProcessor_GetAccountFromAddrFailedGetExistingAccount
=== RUN   TestScProcessor_GetAccountFromAddrAccNotInShard
=== PAUSE TestScProcessor_GetAccountFromAddrAccNotInShard
=== RUN   TestScProcessor_GetAccountFromAddr
=== PAUSE TestScProcessor_GetAccountFromAddr
=== RUN   TestScProcessor_DeleteAccountsFailedAtRemove
=== PAUSE TestScProcessor_DeleteAccountsFailedAtRemove
=== RUN   TestScProcessor_DeleteAccountsNotInShard
=== PAUSE TestScProcessor_DeleteAccountsNotInShard
=== RUN   TestScProcessor_DeleteAccountsInShard
=== PAUSE TestScProcessor_DeleteAccountsInShard
=== RUN   TestScProcessor_ProcessSCPaymentAccNotInShardShouldNotReturnError
=== PAUSE TestScProcessor_ProcessSCPaymentAccNotInShardShouldNotReturnError
=== RUN   TestScProcessor_ProcessSCPaymentNotEnoughBalance
=== PAUSE TestScProcessor_ProcessSCPaymentNotEnoughBalance
=== RUN   TestScProcessor_ProcessSCPayment
=== PAUSE TestScProcessor_ProcessSCPayment
=== RUN   TestScProcessor_ProcessSCPaymentWithNewFlags
=== PAUSE TestScProcessor_ProcessSCPaymentWithNewFlags
=== RUN   TestScProcessor_RefundGasToSenderNilAndZeroRefund
=== PAUSE TestScProcessor_RefundGasToSenderNilAndZeroRefund
=== RUN   TestScProcessor_RefundGasToSenderAccNotInShard
=== PAUSE TestScProcessor_RefundGasToSenderAccNotInShard
=== RUN   TestScProcessor_RefundGasToSender
=== PAUSE TestScProcessor_RefundGasToSender
=== RUN   TestScProcessor_DoNotRefundGasToSenderForAsyncCall
=== PAUSE TestScProcessor_DoNotRefundGasToSenderForAsyncCall
=== RUN   TestScProcessor_processVMOutput
=== PAUSE TestScProcessor_processVMOutput
=== RUN   TestScProcessor_processSCOutputAccounts
=== PAUSE TestScProcessor_processSCOutputAccounts
=== RUN   TestScProcessor_processSCOutputAccountsNotInShard
=== PAUSE TestScProcessor_processSCOutputAccountsNotInShard
=== RUN   TestScProcessor_CreateCrossShardTransactions
=== PAUSE TestScProcessor_CreateCrossShardTransactions
=== RUN   TestScProcessor_CreateCrossShardTransactionsWithAsyncCalls
=== PAUSE TestScProcessor_CreateCrossShardTransactionsWithAsyncCalls
=== RUN   TestScProcessor_CreateIntraShardTransactionsWithAsyncCalls
=== PAUSE TestScProcessor_CreateIntraShardTransactionsWithAsyncCalls
=== RUN   TestScProcessor_ProcessSmartContractResultNilScr
=== PAUSE TestScProcessor_ProcessSmartContractResultNilScr
=== RUN   TestScProcessor_ProcessSmartContractResultErrGetAccount
=== PAUSE TestScProcessor_ProcessSmartContractResultErrGetAccount
=== RUN   TestScProcessor_ProcessSmartContractResultAccNotInShard
=== PAUSE TestScProcessor_ProcessSmartContractResultAccNotInShard
=== RUN   TestScProcessor_ProcessSmartContractResultBadAccType
=== PAUSE TestScProcessor_ProcessSmartContractResultBadAccType
=== RUN   TestScProcessor_ProcessSmartContractResultNotPayable
=== PAUSE TestScProcessor_ProcessSmartContractResultNotPayable
=== RUN   TestScProcessor_ProcessSmartContractResultOutputBalanceNil
=== PAUSE TestScProcessor_ProcessSmartContractResultOutputBalanceNil
=== RUN   TestScProcessor_ProcessSmartContractResultWithCode
=== PAUSE TestScProcessor_ProcessSmartContractResultWithCode
=== RUN   TestScProcessor_ProcessSmartContractResultWithData
=== PAUSE TestScProcessor_ProcessSmartContractResultWithData
=== RUN   TestScProcessor_ProcessSmartContractResultDeploySCShouldError
=== PAUSE TestScProcessor_ProcessSmartContractResultDeploySCShouldError
=== RUN   TestScProcessor_ProcessSmartContractResultExecuteSC
=== PAUSE TestScProcessor_ProcessSmartContractResultExecuteSC
=== RUN   TestScProcessor_ProcessSmartContractResultExecuteSCIfMetaAndBuiltIn
=== PAUSE TestScProcessor_ProcessSmartContractResultExecuteSCIfMetaAndBuiltIn
=== RUN   TestScProcessor_ProcessRelayedSCRValueBackToRelayer
=== PAUSE TestScProcessor_ProcessRelayedSCRValueBackToRelayer
=== RUN   TestScProcessor_checkUpgradePermission
=== PAUSE TestScProcessor_checkUpgradePermission
=== RUN   TestScProcessor_penalizeUserIfNeededShouldWork
=== PAUSE TestScProcessor_penalizeUserIfNeededShouldWork
=== RUN   TestScProcessor_isTooMuchGasProvidedShouldWork
=== PAUSE TestScProcessor_isTooMuchGasProvidedShouldWork
=== RUN   TestScProcessor_penalizeUserIfNeededShouldWorkOnFlagActivation
--- PASS: TestScProcessor_penalizeUserIfNeededShouldWorkOnFlagActivation (0.00s)
=== RUN   TestSCProcessor_createSCRWhenError
--- PASS: TestSCProcessor_createSCRWhenError (0.00s)
=== RUN   TestGasLockedInSmartContractProcessor
--- PASS: TestGasLockedInSmartContractProcessor (0.00s)
=== RUN   TestSmartContractProcessor_computeTotalConsumedFeeAndDevRwd
=== PAUSE TestSmartContractProcessor_computeTotalConsumedFeeAndDevRwd
=== RUN   TestSmartContractProcessor_computeTotalConsumedFeeAndDevRwdWithDifferentSCCallPrice
=== PAUSE TestSmartContractProcessor_computeTotalConsumedFeeAndDevRwdWithDifferentSCCallPrice
=== RUN   TestSmartContractProcessor_finishSCExecutionV2
=== RUN   TestSmartContractProcessor_finishSCExecutionV2/intra_shard_smart_contract_execution_with_builtin_gas_and_remaining_gas
=== RUN   TestSmartContractProcessor_finishSCExecutionV2/intra_shard_smart_contract_execution_with_no_builtin_gas_and_remaining_gas
=== RUN   TestSmartContractProcessor_finishSCExecutionV2/intra_shard_smart_contract_execution_with_builtin_gas_and_no_remaining_gas
=== RUN   TestSmartContractProcessor_finishSCExecutionV2/intra_shard_smart_contract_execution_with_no_builtin_gas_and_no_remaining_gas
--- PASS: TestSmartContractProcessor_finishSCExecutionV2 (0.00s)
    --- PASS: TestSmartContractProcessor_finishSCExecutionV2/intra_shard_smart_contract_execution_with_builtin_gas_and_remaining_gas (0.00s)
    --- PASS: TestSmartContractProcessor_finishSCExecutionV2/intra_shard_smart_contract_execution_with_no_builtin_gas_and_remaining_gas (0.00s)
    --- PASS: TestSmartContractProcessor_finishSCExecutionV2/intra_shard_smart_contract_execution_with_builtin_gas_and_no_remaining_gas (0.00s)
    --- PASS: TestSmartContractProcessor_finishSCExecutionV2/intra_shard_smart_contract_execution_with_no_builtin_gas_and_no_remaining_gas (0.00s)
=== RUN   TestScProcessor_CreateRefundForRelayerFromAnotherShard
--- PASS: TestScProcessor_CreateRefundForRelayerFromAnotherShard (0.00s)
=== RUN   TestScProcessor_ProcessIfErrorRevertAccountFails
=== PAUSE TestScProcessor_ProcessIfErrorRevertAccountFails
=== RUN   TestScProcessor_ProcessIfErrorAsyncCallBack
=== PAUSE TestScProcessor_ProcessIfErrorAsyncCallBack
=== RUN   TestProcessIfErrorCheckBackwardsCompatibilityProcessTransactionFeeCalledShouldBeCalled
=== PAUSE TestProcessIfErrorCheckBackwardsCompatibilityProcessTransactionFeeCalledShouldBeCalled
=== RUN   TestProcessIfErrorCheckBackwardsCompatibilityProcessTransactionFeeCalledShouldNOTBeCalled
=== PAUSE TestProcessIfErrorCheckBackwardsCompatibilityProcessTransactionFeeCalledShouldNOTBeCalled
=== RUN   TestProcessSCRSizeTooBig
=== PAUSE TestProcessSCRSizeTooBig
=== RUN   TestProcessIsInformativeSCR
=== PAUSE TestProcessIsInformativeSCR
=== RUN   TestCleanInformativeOnlySCRs
=== PAUSE TestCleanInformativeOnlySCRs
=== RUN   TestProcessGetOriginalTxHashForRelayedIntraShard
=== PAUSE TestProcessGetOriginalTxHashForRelayedIntraShard
=== RUN   TestProcess_createCompletedTxEvent
=== PAUSE TestProcess_createCompletedTxEvent
=== RUN   TestMergeVmOutputLogs
=== PAUSE TestMergeVmOutputLogs
=== RUN   TestScProcessor_TooMuchGasProvidedMessage
=== PAUSE TestScProcessor_TooMuchGasProvidedMessage
=== RUN   TestScProcessor_CheckBuiltinFunctionIsExecutable
=== PAUSE TestScProcessor_CheckBuiltinFunctionIsExecutable
=== RUN   Test_createExecutableCheckersMap
=== PAUSE Test_createExecutableCheckersMap
=== RUN   TestScProcessor_DisableAsyncCalls
--- PASS: TestScProcessor_DisableAsyncCalls (0.00s)
=== RUN   TestNewScQueryServiceDispatcher_NilEmptyListShouldErr
=== PAUSE TestNewScQueryServiceDispatcher_NilEmptyListShouldErr
=== RUN   TestNewScQueryServiceDispatcher_OneElementIsNilShouldErr
=== PAUSE TestNewScQueryServiceDispatcher_OneElementIsNilShouldErr
=== RUN   TestNewScQueryServiceDispatcher_ShouldWork
=== PAUSE TestNewScQueryServiceDispatcher_ShouldWork
=== RUN   TestScQueryServiceDispatcher_ExecuteQueryShouldCallInRoundRobinFashion
=== PAUSE TestScQueryServiceDispatcher_ExecuteQueryShouldCallInRoundRobinFashion
=== RUN   TestScQueryServiceDispatcher_ComputeScCallGasLimitShouldCallInRoundRobinFashion
=== PAUSE TestScQueryServiceDispatcher_ComputeScCallGasLimitShouldCallInRoundRobinFashion
=== RUN   TestScQueryServiceDispatcher_ShouldWorkInAConcurrentManner
=== PAUSE TestScQueryServiceDispatcher_ShouldWorkInAConcurrentManner
=== RUN   TestNewScQueryServiceDispatcher_CloseShouldWork
=== PAUSE TestNewScQueryServiceDispatcher_CloseShouldWork
=== RUN   TestNewSCQueryService
=== PAUSE TestNewSCQueryService
=== RUN   TestExecuteQuery_GetNilAddressShouldErr
=== PAUSE TestExecuteQuery_GetNilAddressShouldErr
=== RUN   TestExecuteQuery_EmptyFunctionShouldErr
=== PAUSE TestExecuteQuery_EmptyFunctionShouldErr
=== RUN   TestExecuteQuery_ShouldPerformActionsInRegardsToAllowanceChannel
=== PAUSE TestExecuteQuery_ShouldPerformActionsInRegardsToAllowanceChannel
=== RUN   TestExecuteQuery_AllowanceChannelShouldWorkUnderConcurrentRequests
=== PAUSE TestExecuteQuery_AllowanceChannelShouldWorkUnderConcurrentRequests
=== RUN   TestExecuteQuery_ShouldReceiveQueryCorrectly
=== PAUSE TestExecuteQuery_ShouldReceiveQueryCorrectly
=== RUN   TestSCQueryService_RecreateTrie
=== PAUSE TestSCQueryService_RecreateTrie
=== RUN   TestExecuteQuery_ReturnsCorrectly
=== PAUSE TestExecuteQuery_ReturnsCorrectly
=== RUN   TestExecuteQuery_GasProvidedShouldBeApplied
=== PAUSE TestExecuteQuery_GasProvidedShouldBeApplied
=== RUN   TestExecuteQuery_WhenNotOkCodeShouldNotErr
=== PAUSE TestExecuteQuery_WhenNotOkCodeShouldNotErr
=== RUN   TestExecuteQuery_ShouldCallRunScSequentially
=== PAUSE TestExecuteQuery_ShouldCallRunScSequentially
=== RUN   TestSCQueryService_ExecuteQueryShouldNotIncludeCallerAddressAndValue
=== PAUSE TestSCQueryService_ExecuteQueryShouldNotIncludeCallerAddressAndValue
=== RUN   TestSCQueryService_ExecuteQueryShouldIncludeCallerAddressAndValue
=== PAUSE TestSCQueryService_ExecuteQueryShouldIncludeCallerAddressAndValue
=== RUN   TestSCQueryService_EpochStartBlockHdr
=== PAUSE TestSCQueryService_EpochStartBlockHdr
=== RUN   TestSCQueryService_EpochStartBlockHdrConcurrent
=== PAUSE TestSCQueryService_EpochStartBlockHdrConcurrent
=== RUN   TestSCQueryService_ShouldFailIfNodeIsNotSynced
=== PAUSE TestSCQueryService_ShouldFailIfNodeIsNotSynced
=== RUN   TestSCQueryService_ShouldWorkIfNodeIsSynced
=== PAUSE TestSCQueryService_ShouldWorkIfNodeIsSynced
=== RUN   TestSCQueryService_ShouldFailIfStateChanged
=== PAUSE TestSCQueryService_ShouldFailIfStateChanged
=== RUN   TestSCQueryService_ShouldWorkIfStateDidntChange
=== PAUSE TestSCQueryService_ShouldWorkIfStateDidntChange
=== RUN   TestSCQueryService_ComputeTxCostScCall
=== PAUSE TestSCQueryService_ComputeTxCostScCall
=== RUN   TestSCQueryService_ComputeScCallGasLimitRetCodeNotOK
=== PAUSE TestSCQueryService_ComputeScCallGasLimitRetCodeNotOK
=== RUN   TestNewSCQueryService_CloseShouldWork
=== PAUSE TestNewSCQueryService_CloseShouldWork
=== CONT  TestNewSmartContractProcessorNilVM
--- PASS: TestNewSmartContractProcessorNilVM (0.00s)
=== CONT  TestNewSCQueryService_CloseShouldWork
--- PASS: TestNewSCQueryService_CloseShouldWork (0.00s)
=== CONT  TestSCQueryService_ComputeScCallGasLimitRetCodeNotOK
--- PASS: TestSCQueryService_ComputeScCallGasLimitRetCodeNotOK (0.00s)
=== CONT  TestSCQueryService_ComputeTxCostScCall
--- PASS: TestSCQueryService_ComputeTxCostScCall (0.00s)
=== CONT  TestSCQueryService_ShouldWorkIfStateDidntChange
--- PASS: TestSCQueryService_ShouldWorkIfStateDidntChange (0.00s)
=== CONT  TestSCQueryService_ShouldFailIfStateChanged
1
2
--- PASS: TestSCQueryService_ShouldFailIfStateChanged (0.00s)
=== CONT  TestSCQueryService_ShouldWorkIfNodeIsSynced
--- PASS: TestSCQueryService_ShouldWorkIfNodeIsSynced (0.00s)
=== CONT  TestSCQueryService_ShouldFailIfNodeIsNotSynced
--- PASS: TestSCQueryService_ShouldFailIfNodeIsNotSynced (0.00s)
=== CONT  TestSCQueryService_EpochStartBlockHdrConcurrent
=== CONT  TestSCQueryService_EpochStartBlockHdr
--- PASS: TestSCQueryService_EpochStartBlockHdr (0.00s)
=== CONT  TestSCQueryService_ExecuteQueryShouldIncludeCallerAddressAndValue
--- PASS: TestSCQueryService_ExecuteQueryShouldIncludeCallerAddressAndValue (0.00s)
=== CONT  TestSCQueryService_ExecuteQueryShouldNotIncludeCallerAddressAndValue
--- PASS: TestSCQueryService_ExecuteQueryShouldNotIncludeCallerAddressAndValue (0.00s)
=== CONT  TestExecuteQuery_ShouldCallRunScSequentially
=== CONT  TestNewSmartContractProcessor_ErrNilUnsignedTxHandlerMock
=== CONT  TestExecuteQuery_WhenNotOkCodeShouldNotErr
--- PASS: TestNewSmartContractProcessor_ErrNilUnsignedTxHandlerMock (0.00s)
=== CONT  TestNewSmartContractProcessor_NilIntermediateMock
--- PASS: TestNewSmartContractProcessor_NilIntermediateMock (0.00s)
=== CONT  TestNewSmartContractProcessorNilFakeAccountsHandler
--- PASS: TestNewSmartContractProcessorNilFakeAccountsHandler (0.00s)
=== CONT  TestNewSmartContractProcessorNilShardCoordinator
--- PASS: TestExecuteQuery_WhenNotOkCodeShouldNotErr (0.00s)
=== CONT  TestExecuteQuery_GasProvidedShouldBeApplied
--- PASS: TestNewSmartContractProcessorNilShardCoordinator (0.00s)
=== CONT  TestNewSmartContractProcessorNilAdrConv
=== RUN   TestExecuteQuery_GasProvidedShouldBeApplied/no_gas_defined,_should_use_max_gas_limit
--- PASS: TestNewSmartContractProcessorNilAdrConv (0.00s)
=== CONT  TestNewSmartContractProcessorNilAccountsDB
=== PAUSE TestExecuteQuery_GasProvidedShouldBeApplied/no_gas_defined,_should_use_max_gas_limit
=== RUN   TestExecuteQuery_GasProvidedShouldBeApplied/custom_gas_defined,_should_use_it
=== CONT  TestNewSmartContractProcessorNilMarshalizer
=== CONT  TestNewSmartContractProcessorNilHasher
=== CONT  TestNewSmartContractProcessorNilArgsParser
=== PAUSE TestExecuteQuery_GasProvidedShouldBeApplied/custom_gas_defined,_should_use_it
=== CONT  TestExecuteQuery_GasProvidedShouldBeApplied/no_gas_defined,_should_use_max_gas_limit
=== CONT  TestNewSmartContractProcessorNilBuiltInFunctions
=== CONT  TestExecuteQuery_ReturnsCorrectly
=== CONT  TestSCQueryService_RecreateTrie
=== RUN   TestSCQueryService_RecreateTrie/should_not_call_RecreateTrie_if_block_header_is_nil
=== PAUSE TestSCQueryService_RecreateTrie/should_not_call_RecreateTrie_if_block_header_is_nil
=== RUN   TestSCQueryService_RecreateTrie/should_call_RecreateTrieFromEpoch_if_in_deep_history_mode
=== PAUSE TestSCQueryService_RecreateTrie/should_call_RecreateTrieFromEpoch_if_in_deep_history_mode
=== RUN   TestSCQueryService_RecreateTrie/should_call_RecreateTrie_if_not_in_deep_history_mode
=== PAUSE TestSCQueryService_RecreateTrie/should_call_RecreateTrie_if_not_in_deep_history_mode
=== CONT  TestSCQueryService_RecreateTrie/should_not_call_RecreateTrie_if_block_header_is_nil
=== CONT  TestExecuteQuery_ShouldReceiveQueryCorrectly
=== RUN   TestExecuteQuery_ShouldReceiveQueryCorrectly/no_block_coordinates
=== PAUSE TestExecuteQuery_ShouldReceiveQueryCorrectly/no_block_coordinates
=== RUN   TestExecuteQuery_ShouldReceiveQueryCorrectly/block_hash_should_work_-_in_deep_history_mode
=== PAUSE TestExecuteQuery_ShouldReceiveQueryCorrectly/block_hash_should_work_-_in_deep_history_mode
=== RUN   TestExecuteQuery_ShouldReceiveQueryCorrectly/block_hash_should_work_-_in_normal_mode
=== PAUSE TestExecuteQuery_ShouldReceiveQueryCorrectly/block_hash_should_work_-_in_normal_mode
=== CONT  TestExecuteQuery_ShouldReceiveQueryCorrectly/no_block_coordinates
=== CONT  TestExecuteQuery_AllowanceChannelShouldWorkUnderConcurrentRequests
=== CONT  TestNewSCQueryService
=== RUN   TestNewSCQueryService/nil_VmContainer_should_error
=== CONT  TestNewScQueryServiceDispatcher_CloseShouldWork
[0;31mERROR[0m[2026-03-16 10:14:09.369]   error while closing inner SC query service in scQueryServiceDispatcher.Close [0;31merror[0m = expected error 
=== CONT  TestScProcessor_ProcessIfErrorAsyncCallBack
=== CONT  TestNewSmartContractProcessorNilVMOutputCacher
=== CONT  TestSmartContractProcessor_computeTotalConsumedFeeAndDevRwdWithDifferentSCCallPrice
=== CONT  TestSmartContractProcessor_computeTotalConsumedFeeAndDevRwd
[0;31mERROR[0m[2026-03-16 10:14:09.369]   uint64 subtraction overflowed            [0;31mcomputeTotalConsumedFeeAndDevRwd[0m = vmOutput.GasRemaining 
=== CONT  TestScProcessor_isTooMuchGasProvidedShouldWork
=== CONT  TestScProcessor_penalizeUserIfNeededShouldWork
=== CONT  TestScProcessor_checkUpgradePermission
=== CONT  TestScProcessor_ProcessRelayedSCRValueBackToRelayer
=== PAUSE TestNewSCQueryService/nil_VmContainer_should_error
=== CONT  TestScProcessor_CheckBuiltinFunctionIsExecutable
=== RUN   TestNewSCQueryService/nil_EconomicsFee_should_error
=== RUN   TestScProcessor_CheckBuiltinFunctionIsExecutable/nil_transaction_should_error
=== PAUSE TestNewSCQueryService/nil_EconomicsFee_should_error
=== RUN   TestNewSCQueryService/nil_main_BlockChain_should_error
=== PAUSE TestNewSCQueryService/nil_main_BlockChain_should_error
=== RUN   TestNewSCQueryService/nil_api_BlockChain_should_error
=== PAUSE TestNewSCQueryService/nil_api_BlockChain_should_error
=== RUN   TestNewSCQueryService/nil_BlockChainHook_should_error
=== PAUSE TestNewSCQueryService/nil_BlockChainHook_should_error
=== CONT  TestScProcessor_TooMuchGasProvidedMessage
=== CONT  TestScProcessor_ProcessSmartContractResultExecuteSCIfMetaAndBuiltIn
=== CONT  TestScProcessor_ProcessSmartContractResultExecuteSC
=== CONT  TestScProcessor_ProcessSmartContractResultDeploySCShouldError
=== CONT  TestScProcessor_ProcessSmartContractResultWithData
=== CONT  TestScProcessor_ProcessSmartContractResultWithCode
=== CONT  TestScProcessor_ProcessSmartContractResultOutputBalanceNil
=== CONT  TestScProcessor_ProcessSmartContractResultNotPayable
=== CONT  TestScProcessor_ProcessSmartContractResultBadAccType
=== RUN   TestNewSCQueryService/nil_WasmVMChangeLocker_should_error
=== CONT  TestMergeVmOutputLogs
=== CONT  TestScProcessor_ProcessSmartContractResultErrGetAccount
=== CONT  TestScProcessor_ProcessSmartContractResultNilScr
=== CONT  TestScProcessor_CreateIntraShardTransactionsWithAsyncCalls
=== CONT  TestScProcessor_CreateCrossShardTransactionsWithAsyncCalls
=== CONT  TestScProcessor_CreateCrossShardTransactions
=== RUN   TestScProcessor_CreateCrossShardTransactionsWithAsyncCalls/backwards_compatibility
=== PAUSE TestNewSCQueryService/nil_WasmVMChangeLocker_should_error
=== RUN   TestNewSCQueryService/nil_Bootstrapper_should_error
=== CONT  TestScProcessor_processSCOutputAccountsNotInShard
=== CONT  TestProcess_createCompletedTxEvent
=== CONT  TestProcessGetOriginalTxHashForRelayedIntraShard
=== CONT  TestCleanInformativeOnlySCRs
=== CONT  TestProcessIsInformativeSCR
=== CONT  TestProcessSCRSizeTooBig
=== CONT  TestProcessIfErrorCheckBackwardsCompatibilityProcessTransactionFeeCalledShouldNOTBeCalled
=== PAUSE TestNewSCQueryService/nil_Bootstrapper_should_error
=== CONT  TestProcessIfErrorCheckBackwardsCompatibilityProcessTransactionFeeCalledShouldBeCalled
--- PASS: TestNewSmartContractProcessorNilAccountsDB (0.00s)
--- PASS: TestNewSmartContractProcessorNilMarshalizer (0.00s)
--- PASS: TestNewSmartContractProcessorNilHasher (0.00s)
--- PASS: TestNewSmartContractProcessorNilArgsParser (0.00s)
=== CONT  TestScProcessor_ProcessIfErrorRevertAccountFails
=== CONT  TestScProcessor_processVMOutput
=== CONT  TestScProcessor_DoNotRefundGasToSenderForAsyncCall
[0;33mWARN [0m[2026-03-16 10:14:09.373]   revert to snapshot                       [0;33merror[0m = expected error 
=== CONT  TestScProcessor_RefundGasToSender
=== CONT  TestScProcessor_RefundGasToSenderAccNotInShard
=== CONT  TestScProcessor_RefundGasToSenderNilAndZeroRefund
=== CONT  TestScProcessor_ProcessSCPaymentWithNewFlags
=== CONT  TestScProcessor_ProcessSCPayment
=== CONT  TestScProcessor_ProcessSCPaymentNotEnoughBalance
=== CONT  TestScProcessor_ProcessSCPaymentAccNotInShardShouldNotReturnError
=== CONT  TestScProcessor_DeleteAccountsInShard
=== CONT  TestScProcessor_DeleteAccountsNotInShard
=== CONT  TestScProcessor_DeleteAccountsFailedAtRemove
=== CONT  TestScProcessor_GetAccountFromAddr
=== CONT  TestScProcessor_GetAccountFromAddrAccNotInShard
=== CONT  TestScProcessor_GetAccountFromAddrFailedGetExistingAccount
=== CONT  TestScProcessor_GetAccountFromAddressAccNotFound
=== CONT  TestScProcessor_processVMOutputNilDstAcc
=== CONT  TestScProcessor_processVMOutputNilSndAcc
=== RUN   TestNewSCQueryService/nil_HistoryRepository_should_error
=== PAUSE TestNewSCQueryService/nil_HistoryRepository_should_error
=== CONT  TestScProcessor_InitializeVMInputFromTx_ShouldErrNotEnoughGas
=== CONT  TestScProcessor_CreateVMDeployInputWrongArgument
=== CONT  TestScProcessor_CreateVMDeployInput
=== RUN   TestNewSCQueryService/nil_ShardCoordinator_should_error
=== CONT  TestScProcessor_CreateVMDeployBadCode
=== CONT  TestScProcessor_CreateVMCallInput
=== CONT  TestScProcessor_CreateVMCallInputWrongCode
=== PAUSE TestNewSCQueryService/nil_ShardCoordinator_should_error
=== RUN   TestNewSCQueryService/nil_StorageService_should_error
=== CONT  TestScProcessor_ExecuteSmartContractTransactionSaveLogCalled
=== CONT  TestScProcessor_ExecuteSmartContractTransaction
=== CONT  TestScProcessor_ExecuteSmartContractTransactionVmOutputError
=== CONT  TestScProcessor_ExecuteSmartContractTransactionGasConsumedChecksError
=== CONT  TestScProcessor_ExecuteSmartContractTransactionVMRunError
=== CONT  TestScProcessor_ExecuteSmartContractTransactionBadParser
=== CONT  TestScProcessor_ExecuteSmartContractTransactionNilAccount
[0;31mERROR[0m[2026-03-16 10:14:09.373]   gasConsumedChecks with problem           [0;31merr[0m = more gas used than provided [0;31mtxHash[0m = f15776acd2c63759d1702b612daef60cae751b35b63e27bf56da5ea58144cbed 
=== CONT  TestScProcessor_ExecuteSmartContractTransactionNilTx
=== CONT  TestScProcessor_DeploySmartContract
=== CONT  TestScProcessor_DeploySmartContractComputeRewardsFails
=== CONT  TestScProcessor_CreateVMDeployInputNotEnoughArguments
=== CONT  TestScProcessor_DeploySmartContractReloadAccountFails
=== CONT  TestScProcessor_DeploySmartContractVmOutputProcessDeleteAccountsFails
=== CONT  TestScProcessor_DeploySmartContractVmOutputGasRemainingNotOk
=== CONT  TestScProcessor_DeploySmartContractUpdateDeveloperRewardsFails
=== CONT  TestScProcessor_DeploySmartContractVmOutputReturnCodeNotOk
[0;31mERROR[0m[2026-03-16 10:14:09.373]   gasConsumedChecks with problem           [0;31merr[0m = more gas used than provided [0;31mtxHash[0m = 5f9e4565031922ea2ee9021b61e9f9200b55edf9b28f610a117c00a8b6ce8c79 
=== CONT  TestScProcessor_DeploySmartContractVmExecuteCreateSCVMOutputNil
=== CONT  TestScProcessor_DeploySmartContractVmExecuteCreateSCFails
=== CONT  TestScProcessor_DeploySmartContractVmContainerGetFails
=== CONT  TestScProcessor_DeploySmartContractEconomicsWithFlagPenalizeTooMuchGasEnabled
=== CONT  TestScProcessor_DeploySmartContractEconomicsFeeSaveAccountsFails
=== CONT  TestScProcessor_DeploySmartContractEconomicsFeeValidateFails
=== CONT  TestScProcessor_DeploySmartContractCalculateHashFails
=== CONT  TestScProcessor_DeploySmartContractNilTx
=== CONT  TestScProcessor_DeploySmartContractWrongTx
=== CONT  TestScProcessor_ExecuteBuiltInFunctionSCRTooBig
=== CONT  TestScProcessor_ExecuteBuiltInFunction
=== CONT  TestScProcessor_ExecuteBuiltInFunctionSCResultCallSelfShardCannotSaveLog
=== CONT  TestScProcessor_DeploySmartContractNotEmptyDestinationAddress
=== CONT  TestScProcessor_DeploySmartContractAddIntermediateTxFails
=== PAUSE TestNewSCQueryService/nil_StorageService_should_error
=== RUN   TestNewSCQueryService/nil_Marshaller_should_error
=== PAUSE TestNewSCQueryService/nil_Marshaller_should_error
=== RUN   TestNewSCQueryService/nil_Hasher_should_error
=== PAUSE TestNewSCQueryService/nil_Hasher_should_error
=== RUN   TestNewSCQueryService/nil_Uint64ByteSliceConverter_should_error
=== PAUSE TestNewSCQueryService/nil_Uint64ByteSliceConverter_should_error
=== RUN   TestNewSCQueryService/should_work
=== PAUSE TestNewSCQueryService/should_work
--- PASS: TestExecuteQuery_ReturnsCorrectly (0.00s)
--- PASS: TestNewSmartContractProcessorNilBuiltInFunctions (0.00s)
=== CONT  TestScProcessor_DeploySmartContractRunError
--- PASS: TestScProcessor_DeploySmartContractRunError (0.00s)
=== CONT  TestScProcessor_DeploySmartContractBadParse
--- PASS: TestScProcessor_DeploySmartContractBadParse (0.00s)
=== CONT  TestGasScheduleChangeShouldWork
--- PASS: TestGasScheduleChangeShouldWork (0.00s)
=== CONT  TestGasScheduleChangeNoApiCostShouldNotChange
--- PASS: TestGasScheduleChangeNoApiCostShouldNotChange (0.00s)
=== CONT  TestNewSmartContractProcessorVerifyAllMembers
--- PASS: TestNewSmartContractProcessorVerifyAllMembers (0.00s)
=== CONT  TestNewSmartContractProcessor
--- PASS: TestNewSmartContractProcessor (0.00s)
=== CONT  TestNewSmartContractProcessor_ShouldRegisterNotifiers
--- PASS: TestNewSmartContractProcessor_ShouldRegisterNotifiers (0.00s)
=== CONT  TestNewSmartContractProcessor_NilLockerShouldErr
--- PASS: TestNewSmartContractProcessor_NilLockerShouldErr (0.00s)
=== CONT  TestNewSmartContractProcessor_NilBadTxForwarderShouldErr
--- PASS: TestNewSmartContractProcessor_NilBadTxForwarderShouldErr (0.00s)
=== CONT  TestNewSmartContractProcessor_NilTxLogsProcessorShouldErr
--- PASS: TestNewSmartContractProcessor_NilTxLogsProcessorShouldErr (0.00s)
=== CONT  TestNewSmartContractProcessor_NilLatestGasScheduleShouldErr
--- PASS: TestNewSmartContractProcessor_NilLatestGasScheduleShouldErr (0.00s)
=== CONT  TestNewSmartContractProcessor_NilGasScheduleShouldErr
--- PASS: TestNewSmartContractProcessor_NilGasScheduleShouldErr (0.00s)
=== CONT  TestNewSmartContractProcessor_NilTxTypeHandlerShouldErr
--- PASS: TestNewSmartContractProcessor_NilTxTypeHandlerShouldErr (0.00s)
=== CONT  TestScProcessor_processSCOutputAccounts
=== CONT  TestScProcessor_ProcessSmartContractResultAccNotInShard
=== CONT  TestScProcessor_ExecuteBuiltInFunctionSCResultCallSelfShard
--- PASS: TestScProcessor_ExecuteBuiltInFunctionSCResultCallSelfShard (0.00s)
=== CONT  TestNewSmartContractProcessor_InvalidEnableEpochsHandlerShouldErr
--- PASS: TestNewSmartContractProcessor_InvalidEnableEpochsHandlerShouldErr (0.00s)
=== CONT  TestNewSmartContractProcessor_NilEnableEpochsHandlerShouldErr
--- PASS: TestNewSmartContractProcessor_NilEnableEpochsHandlerShouldErr (0.00s)
=== CONT  TestNewSmartContractProcessor_ErrNilGasHandlerMock
--- PASS: TestNewSmartContractProcessor_ErrNilGasHandlerMock (0.00s)
=== CONT  TestNewScQueryServiceDispatcher_ShouldWork
--- PASS: TestNewScQueryServiceDispatcher_ShouldWork (0.00s)
=== CONT  TestScQueryServiceDispatcher_ShouldWorkInAConcurrentManner
=== CONT  TestScProcessor_BuiltInCallSmartContractSenderFailed
--- PASS: TestScProcessor_BuiltInCallSmartContractSenderFailed (0.00s)
=== CONT  TestScQueryServiceDispatcher_ComputeScCallGasLimitShouldCallInRoundRobinFashion
=== CONT  TestScProcessor_InitializeVMInputFromTx
=== CONT  TestScProcessor_DeploySmartContractDisabled
=== CONT  TestScProcessor_BuiltInCallSmartContractDisabled
--- PASS: TestScQueryServiceDispatcher_ComputeScCallGasLimitShouldCallInRoundRobinFashion (0.00s)
--- PASS: TestNewScQueryServiceDispatcher_CloseShouldWork (0.00s)
--- PASS: TestScProcessor_ProcessIfErrorAsyncCallBack (0.00s)
--- PASS: TestNewSmartContractProcessorNilVMOutputCacher (0.00s)
--- PASS: TestSmartContractProcessor_computeTotalConsumedFeeAndDevRwdWithDifferentSCCallPrice (0.00s)
--- PASS: TestSmartContractProcessor_computeTotalConsumedFeeAndDevRwd (0.00s)
--- PASS: TestScProcessor_isTooMuchGasProvidedShouldWork (0.00s)
--- PASS: TestScProcessor_penalizeUserIfNeededShouldWork (0.00s)
--- PASS: TestScProcessor_TooMuchGasProvidedMessage (0.00s)
--- PASS: TestExecuteQuery_AllowanceChannelShouldWorkUnderConcurrentRequests (0.00s)
--- PASS: TestScProcessor_checkUpgradePermission (0.00s)
--- PASS: TestScProcessor_ProcessSmartContractResultExecuteSC (0.00s)
--- PASS: TestScProcessor_ProcessSmartContractResultDeploySCShouldError (0.00s)
--- PASS: TestScProcessor_ProcessSmartContractResultWithData (0.00s)
--- PASS: TestScProcessor_ProcessSmartContractResultWithCode (0.00s)
--- PASS: TestScProcessor_ProcessSmartContractResultExecuteSCIfMetaAndBuiltIn (0.00s)
--- PASS: TestScProcessor_ProcessSmartContractResultBadAccType (0.00s)
--- PASS: TestMergeVmOutputLogs (0.00s)
--- PASS: TestScProcessor_ProcessSmartContractResultOutputBalanceNil (0.00s)
--- PASS: TestScProcessor_ProcessSmartContractResultErrGetAccount (0.00s)
--- PASS: TestScProcessor_ProcessRelayedSCRValueBackToRelayer (0.00s)
--- PASS: TestScProcessor_ProcessSmartContractResultNilScr (0.00s)
--- PASS: TestScProcessor_CreateCrossShardTransactions (0.00s)
--- PASS: TestScProcessor_ProcessSmartContractResultNotPayable (0.00s)
--- PASS: TestScProcessor_processSCOutputAccountsNotInShard (0.00s)
--- PASS: TestProcessIfErrorCheckBackwardsCompatibilityProcessTransactionFeeCalledShouldNOTBeCalled (0.00s)
--- PASS: TestScProcessor_ProcessIfErrorRevertAccountFails (0.00s)
--- PASS: TestScProcessor_RefundGasToSender (0.00s)
--- PASS: TestScProcessor_RefundGasToSenderAccNotInShard (0.00s)
=== CONT  TestScQueryServiceDispatcher_ExecuteQueryShouldCallInRoundRobinFashion
=== CONT  TestExecuteQuery_GasProvidedShouldBeApplied/custom_gas_defined,_should_use_it
=== RUN   TestScProcessor_CreateCrossShardTransactionsWithAsyncCalls/fix_enabled,_data_field_is_correctly_populated
=== CONT  TestSCQueryService_RecreateTrie/should_call_RecreateTrie_if_not_in_deep_history_mode
=== CONT  TestNewSmartContractProcessor_NilEconomicsFeeShouldErr
=== CONT  TestExecuteQuery_ShouldReceiveQueryCorrectly/block_hash_should_work_-_in_normal_mode
=== CONT  TestExecuteQuery_ShouldReceiveQueryCorrectly/block_hash_should_work_-_in_deep_history_mode
=== CONT  Test_createExecutableCheckersMap
=== RUN   Test_createExecutableCheckersMap/empty_builtInFunctions_should_return_empty_map
=== CONT  TestExecuteQuery_GetNilAddressShouldErr
=== CONT  TestNewSCQueryService/nil_VmContainer_should_error
=== CONT  TestNewSCQueryService/should_work
=== CONT  TestNewSCQueryService/nil_Uint64ByteSliceConverter_should_error
=== CONT  TestNewSCQueryService/nil_Marshaller_should_error
--- PASS: TestScProcessor_processVMOutput (0.00s)
=== CONT  TestNewSCQueryService/nil_StorageService_should_error
=== CONT  TestNewSCQueryService/nil_Hasher_should_error
=== CONT  TestNewSCQueryService/nil_ShardCoordinator_should_error
=== CONT  TestNewSCQueryService/nil_Bootstrapper_should_error
=== CONT  TestNewSCQueryService/nil_HistoryRepository_should_error
=== CONT  TestNewSCQueryService/nil_BlockChainHook_should_error
=== CONT  TestNewSCQueryService/nil_api_BlockChain_should_error
=== CONT  TestNewSCQueryService/nil_main_BlockChain_should_error
=== RUN   TestScProcessor_CheckBuiltinFunctionIsExecutable/args_parser_error_should_error
=== CONT  TestNewSCQueryService/nil_EconomicsFee_should_error
=== CONT  TestNewScQueryServiceDispatcher_NilEmptyListShouldErr
--- PASS: TestNewScQueryServiceDispatcher_NilEmptyListShouldErr (0.00s)
=== CONT  TestNewScQueryServiceDispatcher_OneElementIsNilShouldErr
--- PASS: TestNewScQueryServiceDispatcher_OneElementIsNilShouldErr (0.00s)
=== CONT  TestSCQueryService_RecreateTrie/should_call_RecreateTrieFromEpoch_if_in_deep_history_mode
=== CONT  TestExecuteQuery_EmptyFunctionShouldErr
--- PASS: TestExecuteQuery_EmptyFunctionShouldErr (0.00s)
--- PASS: TestScProcessor_RefundGasToSenderNilAndZeroRefund (0.00s)
--- PASS: TestScProcessor_ProcessSCPaymentWithNewFlags (0.00s)
--- PASS: TestScProcessor_ProcessSCPayment (0.00s)
--- PASS: TestScProcessor_ProcessSCPaymentAccNotInShardShouldNotReturnError (0.00s)
--- PASS: TestProcess_createCompletedTxEvent (0.00s)
--- PASS: TestProcessGetOriginalTxHashForRelayedIntraShard (0.00s)
--- PASS: TestScProcessor_DeleteAccountsInShard (0.00s)
--- PASS: TestScProcessor_DeleteAccountsNotInShard (0.00s)
--- PASS: TestScProcessor_GetAccountFromAddr (0.00s)
--- PASS: TestScProcessor_GetAccountFromAddrAccNotInShard (0.00s)
--- PASS: TestProcessIfErrorCheckBackwardsCompatibilityProcessTransactionFeeCalledShouldBeCalled (0.00s)
--- PASS: TestScProcessor_GetAccountFromAddrFailedGetExistingAccount (0.00s)
--- PASS: TestScProcessor_GetAccountFromAddressAccNotFound (0.00s)
--- PASS: TestScProcessor_processVMOutputNilDstAcc (0.00s)
--- PASS: TestScProcessor_InitializeVMInputFromTx_ShouldErrNotEnoughGas (0.00s)
--- PASS: TestScProcessor_processVMOutputNilSndAcc (0.00s)
--- PASS: TestScProcessor_ProcessSCPaymentNotEnoughBalance (0.00s)
--- PASS: TestScProcessor_CreateVMDeployInputWrongArgument (0.00s)
--- PASS: TestScProcessor_CreateVMDeployBadCode (0.00s)
--- PASS: TestScProcessor_CreateVMDeployInput (0.00s)
--- PASS: TestScProcessor_CreateVMCallInput (0.00s)
--- PASS: TestScProcessor_CreateVMCallInputWrongCode (0.00s)
--- PASS: TestCleanInformativeOnlySCRs (0.00s)
--- PASS: TestScProcessor_ExecuteSmartContractTransactionSaveLogCalled (0.00s)
--- PASS: TestScProcessor_ExecuteSmartContractTransaction (0.00s)
--- PASS: TestProcessIsInformativeSCR (0.00s)
--- PASS: TestScProcessor_ExecuteSmartContractTransactionVmOutputError (0.00s)
--- PASS: TestScProcessor_ExecuteSmartContractTransactionGasConsumedChecksError (0.00s)
--- PASS: TestScProcessor_ExecuteSmartContractTransactionVMRunError (0.00s)
--- PASS: TestScQueryServiceDispatcher_ShouldWorkInAConcurrentManner (0.00s)
=== CONT  TestExecuteQuery_ShouldPerformActionsInRegardsToAllowanceChannel
--- PASS: TestScProcessor_ExecuteSmartContractTransactionNilAccount (0.00s)
--- PASS: TestScProcessor_ExecuteSmartContractTransactionNilTx (0.00s)
--- PASS: TestScProcessor_ExecuteSmartContractTransactionBadParser (0.00s)
--- PASS: TestScProcessor_DeploySmartContract (0.00s)
--- PASS: TestScProcessor_CreateVMDeployInputNotEnoughArguments (0.00s)
--- PASS: TestScProcessor_DeploySmartContractComputeRewardsFails (0.00s)
--- PASS: TestScProcessor_DeploySmartContractReloadAccountFails (0.00s)
--- PASS: TestScProcessor_DeploySmartContractVmOutputProcessDeleteAccountsFails (0.00s)
--- PASS: TestScProcessor_DeploySmartContractVmOutputGasRemainingNotOk (0.00s)
--- PASS: TestScProcessor_DeploySmartContractUpdateDeveloperRewardsFails (0.00s)
--- PASS: TestScProcessor_DeploySmartContractVmOutputReturnCodeNotOk (0.00s)
--- PASS: TestScProcessor_DeploySmartContractVmExecuteCreateSCVMOutputNil (0.00s)
--- PASS: TestScProcessor_DeploySmartContractVmExecuteCreateSCFails (0.00s)
--- PASS: TestScProcessor_DeploySmartContractVmContainerGetFails (0.00s)
--- PASS: TestScProcessor_DeploySmartContractEconomicsWithFlagPenalizeTooMuchGasEnabled (0.00s)
--- PASS: TestScProcessor_DeploySmartContractEconomicsFeeSaveAccountsFails (0.00s)
=== CONT  TestNewSCQueryService/nil_WasmVMChangeLocker_should_error
--- PASS: TestScProcessor_DeploySmartContractEconomicsFeeValidateFails (0.00s)
--- PASS: TestScProcessor_DeploySmartContractCalculateHashFails (0.00s)
--- PASS: TestScProcessor_DeploySmartContractWrongTx (0.00s)
--- PASS: TestScProcessor_DeploySmartContractNilTx (0.00s)
--- PASS: TestScProcessor_DeploySmartContractNotEmptyDestinationAddress (0.00s)
--- PASS: TestScProcessor_DeploySmartContractAddIntermediateTxFails (0.00s)
--- PASS: TestScProcessor_DoNotRefundGasToSenderForAsyncCall (0.00s)
--- PASS: TestScProcessor_DeleteAccountsFailedAtRemove (0.00s)
--- PASS: TestScProcessor_DeploySmartContractDisabled (0.00s)
--- PASS: TestScProcessor_BuiltInCallSmartContractDisabled (0.00s)
--- PASS: TestScProcessor_CreateIntraShardTransactionsWithAsyncCalls (0.00s)
--- PASS: TestScProcessor_processSCOutputAccounts (0.00s)
--- PASS: TestScProcessor_ExecuteBuiltInFunction (0.00s)
--- PASS: TestScProcessor_ProcessSmartContractResultAccNotInShard (0.00s)
--- PASS: TestScQueryServiceDispatcher_ExecuteQueryShouldCallInRoundRobinFashion (0.00s)
--- PASS: TestExecuteQuery_GasProvidedShouldBeApplied (0.00s)
    --- PASS: TestExecuteQuery_GasProvidedShouldBeApplied/no_gas_defined,_should_use_max_gas_limit (0.00s)
    --- PASS: TestExecuteQuery_GasProvidedShouldBeApplied/custom_gas_defined,_should_use_it (0.00s)
--- PASS: TestScProcessor_CreateCrossShardTransactionsWithAsyncCalls (0.00s)
    --- PASS: TestScProcessor_CreateCrossShardTransactionsWithAsyncCalls/backwards_compatibility (0.00s)
    --- PASS: TestScProcessor_CreateCrossShardTransactionsWithAsyncCalls/fix_enabled,_data_field_is_correctly_populated (0.00s)
--- PASS: TestSCQueryService_RecreateTrie (0.00s)
    --- PASS: TestSCQueryService_RecreateTrie/should_not_call_RecreateTrie_if_block_header_is_nil (0.00s)
    --- PASS: TestSCQueryService_RecreateTrie/should_call_RecreateTrie_if_not_in_deep_history_mode (0.00s)
    --- PASS: TestSCQueryService_RecreateTrie/should_call_RecreateTrieFromEpoch_if_in_deep_history_mode (0.00s)
--- PASS: TestProcessSCRSizeTooBig (0.00s)
--- PASS: TestScProcessor_ExecuteBuiltInFunctionSCResultCallSelfShardCannotSaveLog (0.00s)
--- PASS: TestNewSmartContractProcessor_NilEconomicsFeeShouldErr (0.00s)
=== RUN   Test_createExecutableCheckersMap/no_builtinFunctions_implementing_ExecutableChecker_interface_should_return_empty_map
=== RUN   Test_createExecutableCheckersMap/one_builtinFunctions_implementing_ExecutableChecker_interface_should_return_map_with_one_entry_that_builtin_func
--- PASS: Test_createExecutableCheckersMap (0.00s)
    --- PASS: Test_createExecutableCheckersMap/empty_builtInFunctions_should_return_empty_map (0.00s)
    --- PASS: Test_createExecutableCheckersMap/no_builtinFunctions_implementing_ExecutableChecker_interface_should_return_empty_map (0.00s)
    --- PASS: Test_createExecutableCheckersMap/one_builtinFunctions_implementing_ExecutableChecker_interface_should_return_map_with_one_entry_that_builtin_func (0.00s)
--- PASS: TestExecuteQuery_GetNilAddressShouldErr (0.00s)
--- PASS: TestExecuteQuery_ShouldReceiveQueryCorrectly (0.00s)
    --- PASS: TestExecuteQuery_ShouldReceiveQueryCorrectly/no_block_coordinates (0.00s)
    --- PASS: TestExecuteQuery_ShouldReceiveQueryCorrectly/block_hash_should_work_-_in_deep_history_mode (0.00s)
    --- PASS: TestExecuteQuery_ShouldReceiveQueryCorrectly/block_hash_should_work_-_in_normal_mode (0.00s)
--- PASS: TestScProcessor_InitializeVMInputFromTx (0.00s)
--- PASS: TestExecuteQuery_ShouldPerformActionsInRegardsToAllowanceChannel (0.00s)
--- PASS: TestNewSCQueryService (0.01s)
    --- PASS: TestNewSCQueryService/nil_VmContainer_should_error (0.00s)
    --- PASS: TestNewSCQueryService/should_work (0.00s)
    --- PASS: TestNewSCQueryService/nil_Uint64ByteSliceConverter_should_error (0.00s)
    --- PASS: TestNewSCQueryService/nil_Marshaller_should_error (0.00s)
    --- PASS: TestNewSCQueryService/nil_StorageService_should_error (0.00s)
    --- PASS: TestNewSCQueryService/nil_Hasher_should_error (0.00s)
    --- PASS: TestNewSCQueryService/nil_ShardCoordinator_should_error (0.00s)
    --- PASS: TestNewSCQueryService/nil_Bootstrapper_should_error (0.00s)
    --- PASS: TestNewSCQueryService/nil_HistoryRepository_should_error (0.00s)
    --- PASS: TestNewSCQueryService/nil_BlockChainHook_should_error (0.00s)
    --- PASS: TestNewSCQueryService/nil_api_BlockChain_should_error (0.00s)
    --- PASS: TestNewSCQueryService/nil_main_BlockChain_should_error (0.00s)
    --- PASS: TestNewSCQueryService/nil_EconomicsFee_should_error (0.00s)
    --- PASS: TestNewSCQueryService/nil_WasmVMChangeLocker_should_error (0.00s)
=== RUN   TestScProcessor_CheckBuiltinFunctionIsExecutable/#00
=== RUN   TestScProcessor_CheckBuiltinFunctionIsExecutable/expected_builtin_function_different_than_the_parsed_function_name_should_return_error
=== RUN   TestScProcessor_CheckBuiltinFunctionIsExecutable/prepare_gas_provided_with_error_should_error
=== RUN   TestScProcessor_CheckBuiltinFunctionIsExecutable/builtin_function_not_found_should_error
=== RUN   TestScProcessor_CheckBuiltinFunctionIsExecutable/builtin_function_not_supporting_executable_check_should_error
=== RUN   TestScProcessor_CheckBuiltinFunctionIsExecutable/OK
--- PASS: TestScProcessor_CheckBuiltinFunctionIsExecutable (0.01s)
    --- PASS: TestScProcessor_CheckBuiltinFunctionIsExecutable/nil_transaction_should_error (0.00s)
    --- PASS: TestScProcessor_CheckBuiltinFunctionIsExecutable/args_parser_error_should_error (0.00s)
    --- PASS: TestScProcessor_CheckBuiltinFunctionIsExecutable/#00 (0.00s)
    --- PASS: TestScProcessor_CheckBuiltinFunctionIsExecutable/expected_builtin_function_different_than_the_parsed_function_name_should_return_error (0.00s)
    --- PASS: TestScProcessor_CheckBuiltinFunctionIsExecutable/prepare_gas_provided_with_error_should_error (0.00s)
    --- PASS: TestScProcessor_CheckBuiltinFunctionIsExecutable/builtin_function_not_found_should_error (0.00s)
    --- PASS: TestScProcessor_CheckBuiltinFunctionIsExecutable/builtin_function_not_supporting_executable_check_should_error (0.00s)
    --- PASS: TestScProcessor_CheckBuiltinFunctionIsExecutable/OK (0.00s)
--- PASS: TestSCQueryService_EpochStartBlockHdrConcurrent (0.02s)
--- PASS: TestScProcessor_ExecuteBuiltInFunctionSCRTooBig (0.06s)
--- PASS: TestExecuteQuery_ShouldCallRunScSequentially (0.11s)
PASS
ok  	github.com/TerraDharitri/drt-go-chain/process/smartContract	(cached)
=== RUN   TestCreateBuiltInFunctionContainer
=== PAUSE TestCreateBuiltInFunctionContainer
=== RUN   TestCreateBuiltInFunctionContainerGetAllowedAddress_Errors
=== PAUSE TestCreateBuiltInFunctionContainerGetAllowedAddress_Errors
=== CONT  TestCreateBuiltInFunctionContainer
=== RUN   TestCreateBuiltInFunctionContainer/nil_gas_schedule_should_error
=== PAUSE TestCreateBuiltInFunctionContainer/nil_gas_schedule_should_error
=== RUN   TestCreateBuiltInFunctionContainer/nil_marshaller_should_error
=== PAUSE TestCreateBuiltInFunctionContainer/nil_marshaller_should_error
=== RUN   TestCreateBuiltInFunctionContainer/nil_accounts_should_error
=== PAUSE TestCreateBuiltInFunctionContainer/nil_accounts_should_error
=== RUN   TestCreateBuiltInFunctionContainer/nil_map_dns_addresses_should_error
=== PAUSE TestCreateBuiltInFunctionContainer/nil_map_dns_addresses_should_error
=== RUN   TestCreateBuiltInFunctionContainer/nil_shard_coordinator_should_error
=== PAUSE TestCreateBuiltInFunctionContainer/nil_shard_coordinator_should_error
=== RUN   TestCreateBuiltInFunctionContainer/nil_epoch_notifier_should_error
=== PAUSE TestCreateBuiltInFunctionContainer/nil_epoch_notifier_should_error
=== RUN   TestCreateBuiltInFunctionContainer/nil_epochs_handler_should_error
=== PAUSE TestCreateBuiltInFunctionContainer/nil_epochs_handler_should_error
=== RUN   TestCreateBuiltInFunctionContainer/should_work
=== PAUSE TestCreateBuiltInFunctionContainer/should_work
=== CONT  TestCreateBuiltInFunctionContainer/nil_gas_schedule_should_error
=== CONT  TestCreateBuiltInFunctionContainerGetAllowedAddress_Errors
=== RUN   TestCreateBuiltInFunctionContainerGetAllowedAddress_Errors/nil_shardCoordinator
=== PAUSE TestCreateBuiltInFunctionContainerGetAllowedAddress_Errors/nil_shardCoordinator
=== RUN   TestCreateBuiltInFunctionContainerGetAllowedAddress_Errors/nil_addresses
=== PAUSE TestCreateBuiltInFunctionContainerGetAllowedAddress_Errors/nil_addresses
=== RUN   TestCreateBuiltInFunctionContainerGetAllowedAddress_Errors/should_work
=== PAUSE TestCreateBuiltInFunctionContainerGetAllowedAddress_Errors/should_work
=== RUN   TestCreateBuiltInFunctionContainerGetAllowedAddress_Errors/existing_address_for_shard_1
=== PAUSE TestCreateBuiltInFunctionContainerGetAllowedAddress_Errors/existing_address_for_shard_1
=== RUN   TestCreateBuiltInFunctionContainerGetAllowedAddress_Errors/no_address_for_shard_1
=== PAUSE TestCreateBuiltInFunctionContainerGetAllowedAddress_Errors/no_address_for_shard_1
=== RUN   TestCreateBuiltInFunctionContainerGetAllowedAddress_Errors/metachain_takes_core.SystemAccountAddress
=== PAUSE TestCreateBuiltInFunctionContainerGetAllowedAddress_Errors/metachain_takes_core.SystemAccountAddress
=== RUN   TestCreateBuiltInFunctionContainerGetAllowedAddress_Errors/every_shard_gets_an_allowedCrawlerAddress
=== PAUSE TestCreateBuiltInFunctionContainerGetAllowedAddress_Errors/every_shard_gets_an_allowedCrawlerAddress
=== CONT  TestCreateBuiltInFunctionContainerGetAllowedAddress_Errors/nil_shardCoordinator
=== CONT  TestCreateBuiltInFunctionContainer/should_work
=== CONT  TestCreateBuiltInFunctionContainer/nil_epochs_handler_should_error
=== CONT  TestCreateBuiltInFunctionContainer/nil_epoch_notifier_should_error
=== CONT  TestCreateBuiltInFunctionContainer/nil_shard_coordinator_should_error
=== CONT  TestCreateBuiltInFunctionContainer/nil_map_dns_addresses_should_error
=== CONT  TestCreateBuiltInFunctionContainer/nil_accounts_should_error
=== CONT  TestCreateBuiltInFunctionContainerGetAllowedAddress_Errors/no_address_for_shard_1
=== CONT  TestCreateBuiltInFunctionContainer/nil_marshaller_should_error
=== CONT  TestCreateBuiltInFunctionContainerGetAllowedAddress_Errors/every_shard_gets_an_allowedCrawlerAddress
=== CONT  TestCreateBuiltInFunctionContainerGetAllowedAddress_Errors/metachain_takes_core.SystemAccountAddress
=== CONT  TestCreateBuiltInFunctionContainerGetAllowedAddress_Errors/should_work
=== CONT  TestCreateBuiltInFunctionContainerGetAllowedAddress_Errors/existing_address_for_shard_1
=== CONT  TestCreateBuiltInFunctionContainerGetAllowedAddress_Errors/nil_addresses
--- PASS: TestCreateBuiltInFunctionContainerGetAllowedAddress_Errors (0.00s)
    --- PASS: TestCreateBuiltInFunctionContainerGetAllowedAddress_Errors/nil_shardCoordinator (0.00s)
    --- PASS: TestCreateBuiltInFunctionContainerGetAllowedAddress_Errors/no_address_for_shard_1 (0.00s)
    --- PASS: TestCreateBuiltInFunctionContainerGetAllowedAddress_Errors/every_shard_gets_an_allowedCrawlerAddress (0.00s)
    --- PASS: TestCreateBuiltInFunctionContainerGetAllowedAddress_Errors/metachain_takes_core.SystemAccountAddress (0.00s)
    --- PASS: TestCreateBuiltInFunctionContainerGetAllowedAddress_Errors/should_work (0.00s)
    --- PASS: TestCreateBuiltInFunctionContainerGetAllowedAddress_Errors/existing_address_for_shard_1 (0.00s)
    --- PASS: TestCreateBuiltInFunctionContainerGetAllowedAddress_Errors/nil_addresses (0.00s)
--- PASS: TestCreateBuiltInFunctionContainer (0.00s)
    --- PASS: TestCreateBuiltInFunctionContainer/nil_gas_schedule_should_error (0.00s)
    --- PASS: TestCreateBuiltInFunctionContainer/should_work (0.00s)
    --- PASS: TestCreateBuiltInFunctionContainer/nil_epochs_handler_should_error (0.00s)
    --- PASS: TestCreateBuiltInFunctionContainer/nil_epoch_notifier_should_error (0.00s)
    --- PASS: TestCreateBuiltInFunctionContainer/nil_shard_coordinator_should_error (0.00s)
    --- PASS: TestCreateBuiltInFunctionContainer/nil_map_dns_addresses_should_error (0.00s)
    --- PASS: TestCreateBuiltInFunctionContainer/nil_marshaller_should_error (0.00s)
    --- PASS: TestCreateBuiltInFunctionContainer/nil_accounts_should_error (0.00s)
PASS
ok  	github.com/TerraDharitri/drt-go-chain/process/smartContract/builtInFunctions	(cached)
=== RUN   TestNewBlockChainHookImpl
=== PAUSE TestNewBlockChainHookImpl
=== RUN   TestBlockChainHookImpl_GetCode
=== PAUSE TestBlockChainHookImpl_GetCode
=== RUN   TestBlockChainHookImpl_GetUserAccountNotASystemAccountInCrossShard
=== PAUSE TestBlockChainHookImpl_GetUserAccountNotASystemAccountInCrossShard
=== RUN   TestBlockChainHookImpl_GetUserAccountGetAccFromAddressErr
=== PAUSE TestBlockChainHookImpl_GetUserAccountGetAccFromAddressErr
=== RUN   TestBlockChainHookImpl_GetUserAccountWrongTypeShouldErr
=== PAUSE TestBlockChainHookImpl_GetUserAccountWrongTypeShouldErr
=== RUN   TestBlockChainHookImpl_GetUserAccount
=== PAUSE TestBlockChainHookImpl_GetUserAccount
=== RUN   TestBlockChainHookImpl_GetStorageData
=== PAUSE TestBlockChainHookImpl_GetStorageData
=== RUN   TestBlockChainHookImpl_NewAddressLengthNoGood
=== PAUSE TestBlockChainHookImpl_NewAddressLengthNoGood
=== RUN   TestBlockChainHookImpl_NewAddressVMTypeTooLong
=== PAUSE TestBlockChainHookImpl_NewAddressVMTypeTooLong
=== RUN   TestBlockChainHookImpl_NewAddress
=== PAUSE TestBlockChainHookImpl_NewAddress
=== RUN   TestBlockChainHookImpl_GetBlockhashNilBlockHeaderExpectError
=== PAUSE TestBlockChainHookImpl_GetBlockhashNilBlockHeaderExpectError
=== RUN   TestBlockChainHookImpl_GetBlockhashInvalidNonceExpectError
=== PAUSE TestBlockChainHookImpl_GetBlockhashInvalidNonceExpectError
=== RUN   TestBlockChainHookImpl_GetBlockhashShouldReturnCurrentBlockHeaderHash
=== PAUSE TestBlockChainHookImpl_GetBlockhashShouldReturnCurrentBlockHeaderHash
=== RUN   TestBlockChainHookImpl_GetBlockhashFromStorerErrorReadingFromStorage
=== PAUSE TestBlockChainHookImpl_GetBlockhashFromStorerErrorReadingFromStorage
=== RUN   TestBlockChainHookImpl_GetBlockhashFromStorerInSameEpoch
=== PAUSE TestBlockChainHookImpl_GetBlockhashFromStorerInSameEpoch
=== RUN   TestBlockChainHookImpl_GetBlockhashFromStorerInSameEpochWithFlagEnabled
=== PAUSE TestBlockChainHookImpl_GetBlockhashFromStorerInSameEpochWithFlagEnabled
=== RUN   TestBlockChainHookImpl_GetBlockhashFromOldEpochExpectError
=== PAUSE TestBlockChainHookImpl_GetBlockhashFromOldEpochExpectError
=== RUN   TestBlockChainHookImpl_GettersFromBlockchainCurrentHeader
=== PAUSE TestBlockChainHookImpl_GettersFromBlockchainCurrentHeader
=== RUN   TestBlockChainHookImpl_GettersFromCurrentHeader
=== PAUSE TestBlockChainHookImpl_GettersFromCurrentHeader
=== RUN   TestBlockChainHookImpl_UpdateEpochStartHeaderFromCurrentHeader
=== PAUSE TestBlockChainHookImpl_UpdateEpochStartHeaderFromCurrentHeader
=== RUN   TestBlockChainHookImpl_GettersFromEpochStartHeader
=== PAUSE TestBlockChainHookImpl_GettersFromEpochStartHeader
=== RUN   TestBlockChainHookImpl_GettersFromRoundHandler
=== PAUSE TestBlockChainHookImpl_GettersFromRoundHandler
=== RUN   TestBlockChainHookImpl_SaveNFTMetaDataToSystemAccount
=== PAUSE TestBlockChainHookImpl_SaveNFTMetaDataToSystemAccount
=== RUN   TestBlockChainHookImpl_GetShardOfAddress
=== PAUSE TestBlockChainHookImpl_GetShardOfAddress
=== RUN   TestBlockChainHookImpl_IsPayableNormalAccount
=== PAUSE TestBlockChainHookImpl_IsPayableNormalAccount
=== RUN   TestBlockChainHookImpl_IsPayableSCNonPayable
=== PAUSE TestBlockChainHookImpl_IsPayableSCNonPayable
=== RUN   TestBlockChainHookImpl_IsPayablePayable
=== PAUSE TestBlockChainHookImpl_IsPayablePayable
=== RUN   TestBlockChainHookImpl_IsPayablePayableBySC
=== PAUSE TestBlockChainHookImpl_IsPayablePayableBySC
=== RUN   TestBlockChainHookImpl_IsPayableReceiverIsSystemAccountNotPayable
=== PAUSE TestBlockChainHookImpl_IsPayableReceiverIsSystemAccountNotPayable
=== RUN   TestTestBlockChainHookImpl_IsPayableReceiverIsCrossShardNotPayable
=== PAUSE TestTestBlockChainHookImpl_IsPayableReceiverIsCrossShardNotPayable
=== RUN   TestTestBlockChainHookImpl_IsPayableReceiverNotFoundNotPayable
=== PAUSE TestTestBlockChainHookImpl_IsPayableReceiverNotFoundNotPayable
=== RUN   TestTestBlockChainHookImpl_IsPayableErrorGettingReceiverNotPayable
=== PAUSE TestTestBlockChainHookImpl_IsPayableErrorGettingReceiverNotPayable
=== RUN   TestBlockChainHookImpl_GetBuiltinFunctionNamesAndContainer
=== PAUSE TestBlockChainHookImpl_GetBuiltinFunctionNamesAndContainer
=== RUN   TestBlockChainHookImpl_NumberOfShards
=== PAUSE TestBlockChainHookImpl_NumberOfShards
=== RUN   TestBlockChainHookImpl_SaveCompiledCode
=== PAUSE TestBlockChainHookImpl_SaveCompiledCode
=== RUN   TestBlockChainHookImpl_GetSnapshot
=== PAUSE TestBlockChainHookImpl_GetSnapshot
=== RUN   TestBlockChainHookImpl_RevertToSnapshot
=== PAUSE TestBlockChainHookImpl_RevertToSnapshot
=== RUN   TestBlockChainHookImpl_ProcessBuiltInFunction
=== PAUSE TestBlockChainHookImpl_ProcessBuiltInFunction
=== RUN   TestBlockChainHookImpl_GetDCDTToken
=== PAUSE TestBlockChainHookImpl_GetDCDTToken
=== RUN   TestBlockChainHookImpl_ApplyFiltersOnCodeMetadata
=== PAUSE TestBlockChainHookImpl_ApplyFiltersOnCodeMetadata
=== RUN   TestBlockChainHookImpl_FilterCodeMetadataForUpgrade
=== PAUSE TestBlockChainHookImpl_FilterCodeMetadataForUpgrade
=== RUN   TestBlockChainHookImpl_ClearCompiledCodes
=== PAUSE TestBlockChainHookImpl_ClearCompiledCodes
=== RUN   TestBlockChainHookImpl_ResetCounters
=== PAUSE TestBlockChainHookImpl_ResetCounters
=== RUN   TestBlockChainHookImpl_GetCounterValues
=== PAUSE TestBlockChainHookImpl_GetCounterValues
=== RUN   TestBlockChainHookImpl_GasScheduleChange
=== PAUSE TestBlockChainHookImpl_GasScheduleChange
=== RUN   TestBlockChainHookImpl_IsPaused
=== PAUSE TestBlockChainHookImpl_IsPaused
=== RUN   TestBlockChainHookImpl_IsLimitedTransfer
=== PAUSE TestBlockChainHookImpl_IsLimitedTransfer
=== RUN   TestBlockChainHookImpl_CurrentTimeStampMs
=== PAUSE TestBlockChainHookImpl_CurrentTimeStampMs
=== RUN   TestBlockChainHookImpl_LastTimeStampMs
=== PAUSE TestBlockChainHookImpl_LastTimeStampMs
=== RUN   TestBlockChainHookImpl_ConcurrencyTimeOperations
=== PAUSE TestBlockChainHookImpl_ConcurrencyTimeOperations
=== RUN   TestVMCrypto_Sha256
=== PAUSE TestVMCrypto_Sha256
=== RUN   TestVMCrypto_Keccak256
=== PAUSE TestVMCrypto_Keccak256
=== RUN   TestVMCrypto_Ripemd160
=== PAUSE TestVMCrypto_Ripemd160
=== RUN   TestVMCrypto_Ecrecover_ReturnsNotImplemented
=== PAUSE TestVMCrypto_Ecrecover_ReturnsNotImplemented
=== CONT  TestNewBlockChainHookImpl
=== CONT  TestVMCrypto_Ecrecover_ReturnsNotImplemented
--- PASS: TestVMCrypto_Ecrecover_ReturnsNotImplemented (0.00s)
=== CONT  TestVMCrypto_Ripemd160
--- PASS: TestVMCrypto_Ripemd160 (0.00s)
=== CONT  TestVMCrypto_Keccak256
=== CONT  TestVMCrypto_Sha256
--- PASS: TestVMCrypto_Sha256 (0.00s)
=== CONT  TestBlockChainHookImpl_ConcurrencyTimeOperations
=== CONT  TestBlockChainHookImpl_LastTimeStampMs
=== CONT  TestBlockChainHookImpl_CurrentTimeStampMs
=== CONT  TestBlockChainHookImpl_IsLimitedTransfer
=== CONT  TestBlockChainHookImpl_IsPaused
=== CONT  TestBlockChainHookImpl_GasScheduleChange
=== CONT  TestBlockChainHookImpl_GetCounterValues
=== CONT  TestBlockChainHookImpl_ResetCounters
=== CONT  TestBlockChainHookImpl_ClearCompiledCodes
=== CONT  TestBlockChainHookImpl_FilterCodeMetadataForUpgrade
=== RUN   TestBlockChainHookImpl_FilterCodeMetadataForUpgrade/flag_not_set_should_not_filter
=== PAUSE TestBlockChainHookImpl_FilterCodeMetadataForUpgrade/flag_not_set_should_not_filter
=== RUN   TestBlockChainHookImpl_FilterCodeMetadataForUpgrade/correct_bytes_and_flag_set_should_filter_correctly
=== PAUSE TestBlockChainHookImpl_FilterCodeMetadataForUpgrade/correct_bytes_and_flag_set_should_filter_correctly
=== RUN   TestBlockChainHookImpl_FilterCodeMetadataForUpgrade/incorrect_number_of_bytes_and_flag_set_should_return_nil_and_error
=== PAUSE TestBlockChainHookImpl_FilterCodeMetadataForUpgrade/incorrect_number_of_bytes_and_flag_set_should_return_nil_and_error
=== RUN   TestBlockChainHookImpl_FilterCodeMetadataForUpgrade/incorrect_bytes_and_flag_set_should_return_nil_and_error
=== PAUSE TestBlockChainHookImpl_FilterCodeMetadataForUpgrade/incorrect_bytes_and_flag_set_should_return_nil_and_error
=== CONT  TestBlockChainHookImpl_ApplyFiltersOnCodeMetadata
=== RUN   TestBlockChainHookImpl_ApplyFiltersOnCodeMetadata/PayableBySC_flag_is_not_set;_should_reset_the_flag
=== PAUSE TestBlockChainHookImpl_ApplyFiltersOnCodeMetadata/PayableBySC_flag_is_not_set;_should_reset_the_flag
=== RUN   TestBlockChainHookImpl_ApplyFiltersOnCodeMetadata/PayableBySC_flag_is_set;_should_not_reset_the_flag
=== CONT  TestBlockChainHookImpl_GetDCDTToken
=== RUN   TestBlockChainHookImpl_GetDCDTToken/account_not_found_returns_an_empty_dcdt_data
[0;31mERROR[0m[2026-03-16 10:14:09.364]   maxPerTransaction definition is missing in the current gas schedule, using old values 
=== CONT  TestBlockChainHookImpl_ProcessBuiltInFunction
=== RUN   TestBlockChainHookImpl_ProcessBuiltInFunction/nil_input,_expect_error
=== CONT  TestBlockChainHookImpl_RevertToSnapshot
[0;31mERROR[0m[2026-03-16 10:14:09.364]   maxPerTransaction definition is missing in the current gas schedule, using old values 
--- PASS: TestVMCrypto_Keccak256 (0.00s)
--- PASS: TestBlockChainHookImpl_LastTimeStampMs (0.00s)
--- PASS: TestBlockChainHookImpl_CurrentTimeStampMs (0.00s)
=== CONT  TestBlockChainHookImpl_GetSnapshot
[0;31mERROR[0m[2026-03-16 10:14:09.364]   maxPerTransaction definition is missing in the current gas schedule, using old values 
--- PASS: TestBlockChainHookImpl_IsPaused (0.00s)
[0;31mERROR[0m[2026-03-16 10:14:09.364]   maxPerTransaction definition is missing in the current gas schedule, using old values 
[0;31mERROR[0m[2026-03-16 10:14:09.364]   maxPerTransaction definition is missing in the current gas schedule, using old values 
[0;31mERROR[0m[2026-03-16 10:14:09.364]   maxPerTransaction definition is missing in the current gas schedule, using old values 
[0;31mERROR[0m[2026-03-16 10:14:09.364]   maxPerTransaction definition is missing in the current gas schedule, using old values 
[0;31mERROR[0m[2026-03-16 10:14:09.364]   maxPerTransaction definition is missing in the current gas schedule, using old values 
[0;31mERROR[0m[2026-03-16 10:14:09.365]   maxPerTransaction definition is missing in the current gas schedule, using old values 
[0;31mERROR[0m[2026-03-16 10:14:09.365]   maxPerTransaction definition is missing in the current gas schedule, using old values 
=== CONT  TestTestBlockChainHookImpl_IsPayableErrorGettingReceiverNotPayable
--- PASS: TestBlockChainHookImpl_GetSnapshot (0.00s)
--- PASS: TestBlockChainHookImpl_RevertToSnapshot (0.00s)
--- PASS: TestBlockChainHookImpl_IsLimitedTransfer (0.00s)
--- PASS: TestBlockChainHookImpl_ClearCompiledCodes (0.00s)
--- PASS: TestBlockChainHookImpl_ResetCounters (0.00s)
--- PASS: TestBlockChainHookImpl_GetCounterValues (0.00s)
=== CONT  TestTestBlockChainHookImpl_IsPayableReceiverNotFoundNotPayable
[0;31mERROR[0m[2026-03-16 10:14:09.365]   maxPerTransaction definition is missing in the current gas schedule, using old values 
--- PASS: TestTestBlockChainHookImpl_IsPayableReceiverNotFoundNotPayable (0.00s)
=== CONT  TestBlockChainHookImpl_IsPayableNormalAccount
[0;31mERROR[0m[2026-03-16 10:14:09.365]   maxPerTransaction definition is missing in the current gas schedule, using old values 
--- PASS: TestTestBlockChainHookImpl_IsPayableErrorGettingReceiverNotPayable (0.00s)
=== CONT  TestBlockChainHookImpl_GetShardOfAddress
[0;31mERROR[0m[2026-03-16 10:14:09.365]   maxPerTransaction definition is missing in the current gas schedule, using old values 
[0;31mERROR[0m[2026-03-16 10:14:09.365]   maxPerTransaction definition is missing in the current gas schedule, using old values 
--- PASS: TestBlockChainHookImpl_GetShardOfAddress (0.00s)
--- PASS: TestBlockChainHookImpl_IsPayableNormalAccount (0.00s)
=== CONT  TestBlockChainHookImpl_SaveNFTMetaDataToSystemAccount
=== CONT  TestBlockChainHookImpl_GettersFromRoundHandler
[0;31mERROR[0m[2026-03-16 10:14:09.365]   maxPerTransaction definition is missing in the current gas schedule, using old values 
--- PASS: TestBlockChainHookImpl_GettersFromRoundHandler (0.00s)
=== CONT  TestBlockChainHookImpl_GettersFromEpochStartHeader
[0;31mERROR[0m[2026-03-16 10:14:09.365]   maxPerTransaction definition is missing in the current gas schedule, using old values 
--- PASS: TestBlockChainHookImpl_GettersFromEpochStartHeader (0.00s)
=== CONT  TestBlockChainHookImpl_UpdateEpochStartHeaderFromCurrentHeader
=== RUN   TestBlockChainHookImpl_UpdateEpochStartHeaderFromCurrentHeader/if_current_header_is_epoch_start,_expect_to_be_set
[0;31mERROR[0m[2026-03-16 10:14:09.366]   maxPerTransaction definition is missing in the current gas schedule, using old values 
=== PAUSE TestBlockChainHookImpl_UpdateEpochStartHeaderFromCurrentHeader/if_current_header_is_epoch_start,_expect_to_be_set
=== CONT  TestBlockChainHookImpl_GettersFromCurrentHeader
=== RUN   TestBlockChainHookImpl_UpdateEpochStartHeaderFromCurrentHeader/epoch_start_header_should_remain_set_even_if_a_new_non-epoch-start_block_is_set
[0;31mERROR[0m[2026-03-16 10:14:09.366]   maxPerTransaction definition is missing in the current gas schedule, using old values 
=== PAUSE TestBlockChainHookImpl_UpdateEpochStartHeaderFromCurrentHeader/epoch_start_header_should_remain_set_even_if_a_new_non-epoch-start_block_is_set
=== RUN   TestBlockChainHookImpl_UpdateEpochStartHeaderFromCurrentHeader/if_current_header_epoch_is_0,_expect_the_genesis_epoch_start_block_to_be_set
=== CONT  TestBlockChainHookImpl_GettersFromBlockchainCurrentHeader
=== PAUSE TestBlockChainHookImpl_UpdateEpochStartHeaderFromCurrentHeader/if_current_header_epoch_is_0,_expect_the_genesis_epoch_start_block_to_be_set
=== RUN   TestBlockChainHookImpl_UpdateEpochStartHeaderFromCurrentHeader/get_last_commited_epoch_start_block_if_not_set
=== PAUSE TestBlockChainHookImpl_UpdateEpochStartHeaderFromCurrentHeader/get_last_commited_epoch_start_block_if_not_set
=== RUN   TestBlockChainHookImpl_UpdateEpochStartHeaderFromCurrentHeader/get_epoch_start_header_from_storage_if_not_found_in_last_commited
=== PAUSE TestBlockChainHookImpl_UpdateEpochStartHeaderFromCurrentHeader/get_epoch_start_header_from_storage_if_not_found_in_last_commited
=== RUN   TestBlockChainHookImpl_GettersFromBlockchainCurrentHeader/nil_header,_expect_default_values
[0;31mERROR[0m[2026-03-16 10:14:09.366]   maxPerTransaction definition is missing in the current gas schedule, using old values 
=== PAUSE TestBlockChainHookImpl_GetDCDTToken/account_not_found_returns_an_empty_dcdt_data
=== CONT  TestBlockChainHookImpl_GetBlockhashFromStorerInSameEpochWithFlagEnabled
=== PAUSE TestBlockChainHookImpl_GettersFromBlockchainCurrentHeader/nil_header,_expect_default_values
=== RUN   TestBlockChainHookImpl_GettersFromBlockchainCurrentHeader/custom_header,_expect_correct_values_are_returned
[0;31mERROR[0m[2026-03-16 10:14:09.366]   maxPerTransaction definition is missing in the current gas schedule, using old values 
=== PAUSE TestBlockChainHookImpl_GettersFromBlockchainCurrentHeader/custom_header,_expect_correct_values_are_returned
--- PASS: TestBlockChainHookImpl_GasScheduleChange (0.00s)
--- PASS: TestBlockChainHookImpl_GettersFromCurrentHeader (0.00s)
=== RUN   TestBlockChainHookImpl_GettersFromBlockchainCurrentHeader/custom_header,_do_not_return_old_block_is_set,_expect_default_values
--- PASS: TestBlockChainHookImpl_SaveNFTMetaDataToSystemAccount (0.00s)
--- PASS: TestBlockChainHookImpl_GetBlockhashFromStorerInSameEpochWithFlagEnabled (0.00s)
=== CONT  TestBlockChainHookImpl_SaveCompiledCode
=== PAUSE TestBlockChainHookImpl_GettersFromBlockchainCurrentHeader/custom_header,_do_not_return_old_block_is_set,_expect_default_values
=== RUN   TestBlockChainHookImpl_SaveCompiledCode/get_compiled_code_from_compiled_sc_pool
=== CONT  TestBlockChainHookImpl_GetBlockhashFromOldEpochExpectError
[0;31mERROR[0m[2026-03-16 10:14:09.366]   maxPerTransaction definition is missing in the current gas schedule, using old values 
=== RUN   TestBlockChainHookImpl_SaveCompiledCode/compiled_code_found_in_compiled_sc_pool,_but_not_as_byte_slice,_error_getting_it_from_storage
=== PAUSE TestBlockChainHookImpl_ProcessBuiltInFunction/nil_input,_expect_error
[0;31mERROR[0m[2026-03-16 10:14:09.366]   maxPerTransaction definition is missing in the current gas schedule, using old values 
=== CONT  TestBlockChainHookImpl_IsPayablePayable
=== RUN   TestBlockChainHookImpl_ProcessBuiltInFunction/no_function_set_in_built_in_function_container,_expect_error
=== RUN   TestBlockChainHookImpl_SaveCompiledCode/compiled_code_found_in_storage,_but_nil
=== PAUSE TestBlockChainHookImpl_ProcessBuiltInFunction/no_function_set_in_built_in_function_container,_expect_error
=== RUN   TestBlockChainHookImpl_ProcessBuiltInFunction/cannot_get_sender_account,_expect_error
=== PAUSE TestBlockChainHookImpl_ProcessBuiltInFunction/cannot_get_sender_account,_expect_error
=== RUN   TestBlockChainHookImpl_ProcessBuiltInFunction/cannot_convert_sender_account_to_user_account,_expect_error
=== PAUSE TestBlockChainHookImpl_ProcessBuiltInFunction/cannot_convert_sender_account_to_user_account,_expect_error
=== RUN   TestBlockChainHookImpl_ProcessBuiltInFunction/cannot_load_destination_account,_expect_error
=== PAUSE TestBlockChainHookImpl_ProcessBuiltInFunction/cannot_load_destination_account,_expect_error
=== RUN   TestBlockChainHookImpl_ProcessBuiltInFunction/cannot_convert_destination_account_to_user_account,_expect_error
=== PAUSE TestBlockChainHookImpl_ProcessBuiltInFunction/cannot_convert_destination_account_to_user_account,_expect_error
=== RUN   TestBlockChainHookImpl_ProcessBuiltInFunction/cannot_process_new_built_in_function,_expect_error
[0;31mERROR[0m[2026-03-16 10:14:09.366]   maxPerTransaction definition is missing in the current gas schedule, using old values 
=== PAUSE TestBlockChainHookImpl_ProcessBuiltInFunction/cannot_process_new_built_in_function,_expect_error
[0;31mERROR[0m[2026-03-16 10:14:09.366]   maxPerTransaction definition is missing in the current gas schedule, using old values 
=== CONT  TestBlockChainHookImpl_GetBlockhashFromStorerInSameEpoch
=== RUN   TestBlockChainHookImpl_ProcessBuiltInFunction/sender_and_receiver_not_in_same_shard,_expect_they_are_not_saved
=== PAUSE TestBlockChainHookImpl_ProcessBuiltInFunction/sender_and_receiver_not_in_same_shard,_expect_they_are_not_saved
=== RUN   TestBlockChainHookImpl_ProcessBuiltInFunction/sender_and_receiver_same_shard,_expect_accounts_saved
[0;31mERROR[0m[2026-03-16 10:14:09.366]   maxPerTransaction definition is missing in the current gas schedule, using old values 
=== RUN   TestBlockChainHookImpl_GetDCDTToken/error_unmarshal
=== PAUSE TestBlockChainHookImpl_GetDCDTToken/error_unmarshal
[0;31mERROR[0m[2026-03-16 10:14:09.366]   maxPerTransaction definition is missing in the current gas schedule, using old values 
=== CONT  TestBlockChainHookImpl_GetBlockhashInvalidNonceExpectError
=== PAUSE TestBlockChainHookImpl_ProcessBuiltInFunction/sender_and_receiver_same_shard,_expect_accounts_saved
=== RUN   TestBlockChainHookImpl_ProcessBuiltInFunction/sender_and_receiver_same_shard,_sender_=_receiver,_expect_only_one_account_is_saved
=== PAUSE TestBlockChainHookImpl_ProcessBuiltInFunction/sender_and_receiver_same_shard,_sender_=_receiver,_expect_only_one_account_is_saved
=== RUN   TestBlockChainHookImpl_ProcessBuiltInFunction/cannot_save_sender_account,_expect_error
=== RUN   TestBlockChainHookImpl_GetDCDTToken/accountsDB_errors_returns_error
=== PAUSE TestBlockChainHookImpl_ProcessBuiltInFunction/cannot_save_sender_account,_expect_error
[0;31mERROR[0m[2026-03-16 10:14:09.366]   maxPerTransaction definition is missing in the current gas schedule, using old values 
=== RUN   TestBlockChainHookImpl_ProcessBuiltInFunction/cannot_save_receiver_account,_expect_error
=== PAUSE TestBlockChainHookImpl_ProcessBuiltInFunction/cannot_save_receiver_account,_expect_error
=== RUN   TestBlockChainHookImpl_ProcessBuiltInFunction/processing_counter_errors_should_error
=== PAUSE TestBlockChainHookImpl_ProcessBuiltInFunction/processing_counter_errors_should_error
=== RUN   TestBlockChainHookImpl_ProcessBuiltInFunction/should_work_with_counters
=== CONT  TestBlockChainHookImpl_NewAddress
=== PAUSE TestBlockChainHookImpl_ApplyFiltersOnCodeMetadata/PayableBySC_flag_is_set;_should_not_reset_the_flag
=== PAUSE TestBlockChainHookImpl_ProcessBuiltInFunction/should_work_with_counters
=== RUN   TestBlockChainHookImpl_ProcessBuiltInFunction/should_work_with_counters_and_metachain
=== PAUSE TestBlockChainHookImpl_ProcessBuiltInFunction/should_work_with_counters_and_metachain
=== CONT  TestBlockChainHookImpl_GetBuiltinFunctionNamesAndContainer
[0;31mERROR[0m[2026-03-16 10:14:09.367]   maxPerTransaction definition is missing in the current gas schedule, using old values 
0000000000000000313122a9bf936e2e52dddbe0116bcdd4ce753c8fdf1b3030 
000000000000000030300ec7564ef1824fb1a5e2a9e9e0a99fcab41c9a993030 
=== CONT  TestBlockChainHookImpl_GetStorageData
=== RUN   TestBlockChainHookImpl_GetStorageData/account_not_found_should_return_empty_storage
=== PAUSE TestBlockChainHookImpl_GetStorageData/account_not_found_should_return_empty_storage
[0;31mERROR[0m[2026-03-16 10:14:09.367]   maxPerTransaction definition is missing in the current gas schedule, using old values 
=== RUN   TestBlockChainHookImpl_GetStorageData/cannot_retrieve_account_value_should_return_nil_error
=== CONT  TestBlockChainHookImpl_GetUserAccount
=== PAUSE TestBlockChainHookImpl_GetStorageData/cannot_retrieve_account_value_should_return_nil_error
=== RUN   TestBlockChainHookImpl_GetStorageData/get_existing_account_errors_should_error
=== PAUSE TestBlockChainHookImpl_GetStorageData/get_existing_account_errors_should_error
=== RUN   TestBlockChainHookImpl_GetStorageData/processing_counter_errors_should_error
=== PAUSE TestBlockChainHookImpl_GetStorageData/processing_counter_errors_should_error
=== RUN   TestBlockChainHookImpl_GetStorageData/should_work_before_counters_activation
[0;31mERROR[0m[2026-03-16 10:14:09.368]   maxPerTransaction definition is missing in the current gas schedule, using old values 
=== PAUSE TestBlockChainHookImpl_GetStorageData/should_work_before_counters_activation
=== RUN   TestBlockChainHookImpl_GetStorageData/should_work_with_counters
=== CONT  TestBlockChainHookImpl_GetUserAccountWrongTypeShouldErr
=== PAUSE TestBlockChainHookImpl_GetStorageData/should_work_with_counters
=== RUN   TestBlockChainHookImpl_GetStorageData/should_work_with_counters_and_metachain
=== PAUSE TestBlockChainHookImpl_GetStorageData/should_work_with_counters_and_metachain
=== RUN   TestBlockChainHookImpl_GetStorageData/data_trie_node_not_found_should_call_missingTrieNodesNotifier
[0;31mERROR[0m[2026-03-16 10:14:09.368]   maxPerTransaction definition is missing in the current gas schedule, using old values 
=== PAUSE TestBlockChainHookImpl_GetStorageData/data_trie_node_not_found_should_call_missingTrieNodesNotifier
=== RUN   TestBlockChainHookImpl_GetStorageData/random_retrieve_err_should_not_call_missingTrieNodesNotifier
=== CONT  TestBlockChainHookImpl_GetUserAccountGetAccFromAddressErr
=== PAUSE TestBlockChainHookImpl_GetStorageData/random_retrieve_err_should_not_call_missingTrieNodesNotifier
=== RUN   TestBlockChainHookImpl_GetStorageData/unwrapped_err_is_not_of_wanted_type,_should_not_call_missingTrieNodesNotifier
=== PAUSE TestBlockChainHookImpl_GetStorageData/unwrapped_err_is_not_of_wanted_type,_should_not_call_missingTrieNodesNotifier
=== CONT  TestBlockChainHookImpl_NewAddressLengthNoGood
[0;31mERROR[0m[2026-03-16 10:14:09.368]   maxPerTransaction definition is missing in the current gas schedule, using old values 
=== CONT  TestBlockChainHookImpl_GetCode
[0;31mERROR[0m[2026-03-16 10:14:09.368]   maxPerTransaction definition is missing in the current gas schedule, using old values 
=== RUN   TestBlockChainHookImpl_GetCode/nil_account_expect_nil_code
=== CONT  TestBlockChainHookImpl_NumberOfShards
=== CONT  TestBlockChainHookImpl_GetBlockhashNilBlockHeaderExpectError
=== PAUSE TestBlockChainHookImpl_GetDCDTToken/accountsDB_errors_returns_error
=== CONT  TestBlockChainHookImpl_IsPayableReceiverIsSystemAccountNotPayable
=== CONT  TestBlockChainHookImpl_IsPayablePayableBySC
=== CONT  TestBlockChainHookImpl_NewAddressVMTypeTooLong
=== CONT  TestBlockChainHookImpl_IsPayableSCNonPayable
=== CONT  TestBlockChainHookImpl_GetBlockhashShouldReturnCurrentBlockHeaderHash
=== CONT  TestTestBlockChainHookImpl_IsPayableReceiverIsCrossShardNotPayable
--- PASS: TestNewBlockChainHookImpl (0.00s)
=== CONT  TestBlockChainHookImpl_GetBlockhashFromStorerErrorReadingFromStorage
--- PASS: TestBlockChainHookImpl_GetBlockhashFromOldEpochExpectError (0.00s)
--- PASS: TestBlockChainHookImpl_GetBlockhashFromStorerInSameEpoch (0.00s)
--- PASS: TestBlockChainHookImpl_GetBlockhashInvalidNonceExpectError (0.00s)
--- PASS: TestBlockChainHookImpl_NewAddress (0.00s)
--- PASS: TestBlockChainHookImpl_IsPayablePayable (0.00s)
--- PASS: TestBlockChainHookImpl_GetUserAccount (0.00s)
--- PASS: TestBlockChainHookImpl_GetUserAccountWrongTypeShouldErr (0.00s)
--- PASS: TestBlockChainHookImpl_GetUserAccountGetAccFromAddressErr (0.00s)
--- PASS: TestBlockChainHookImpl_NewAddressLengthNoGood (0.00s)
--- PASS: TestBlockChainHookImpl_ConcurrencyTimeOperations (0.00s)
=== CONT  TestBlockChainHookImpl_FilterCodeMetadataForUpgrade/incorrect_bytes_and_flag_set_should_return_nil_and_error
=== CONT  TestBlockChainHookImpl_FilterCodeMetadataForUpgrade/flag_not_set_should_not_filter
[0;31mERROR[0m[2026-03-16 10:14:09.368]   maxPerTransaction definition is missing in the current gas schedule, using old values 
--- PASS: TestBlockChainHookImpl_GetBlockhashNilBlockHeaderExpectError (0.00s)
[0;31mERROR[0m[2026-03-16 10:14:09.368]   maxPerTransaction definition is missing in the current gas schedule, using old values 
[0;31mERROR[0m[2026-03-16 10:14:09.368]   maxPerTransaction definition is missing in the current gas schedule, using old values 
--- PASS: TestBlockChainHookImpl_IsPayablePayableBySC (0.00s)
[0;31mERROR[0m[2026-03-16 10:14:09.368]   maxPerTransaction definition is missing in the current gas schedule, using old values 
=== CONT  TestBlockChainHookImpl_UpdateEpochStartHeaderFromCurrentHeader/if_current_header_is_epoch_start,_expect_to_be_set
--- PASS: TestBlockChainHookImpl_NewAddressVMTypeTooLong (0.00s)
=== CONT  TestBlockChainHookImpl_UpdateEpochStartHeaderFromCurrentHeader/get_epoch_start_header_from_storage_if_not_found_in_last_commited
[0;31mERROR[0m[2026-03-16 10:14:09.368]   maxPerTransaction definition is missing in the current gas schedule, using old values 
[0;31mERROR[0m[2026-03-16 10:14:09.368]   maxPerTransaction definition is missing in the current gas schedule, using old values 
=== CONT  TestBlockChainHookImpl_UpdateEpochStartHeaderFromCurrentHeader/get_last_commited_epoch_start_block_if_not_set
[0;31mERROR[0m[2026-03-16 10:14:09.368]   maxPerTransaction definition is missing in the current gas schedule, using old values 
--- PASS: TestBlockChainHookImpl_IsPayableSCNonPayable (0.00s)
=== CONT  TestBlockChainHookImpl_UpdateEpochStartHeaderFromCurrentHeader/if_current_header_epoch_is_0,_expect_the_genesis_epoch_start_block_to_be_set
[0;31mERROR[0m[2026-03-16 10:14:09.368]   maxPerTransaction definition is missing in the current gas schedule, using old values 
--- PASS: TestTestBlockChainHookImpl_IsPayableReceiverIsCrossShardNotPayable (0.00s)
=== CONT  TestBlockChainHookImpl_UpdateEpochStartHeaderFromCurrentHeader/epoch_start_header_should_remain_set_even_if_a_new_non-epoch-start_block_is_set
[0;31mERROR[0m[2026-03-16 10:14:09.368]   maxPerTransaction definition is missing in the current gas schedule, using old values 
[0;31mERROR[0m[2026-03-16 10:14:09.368]   maxPerTransaction definition is missing in the current gas schedule, using old values 
=== CONT  TestBlockChainHookImpl_GettersFromBlockchainCurrentHeader/nil_header,_expect_default_values
[0;31mERROR[0m[2026-03-16 10:14:09.368]   maxPerTransaction definition is missing in the current gas schedule, using old values 
=== CONT  TestBlockChainHookImpl_GettersFromBlockchainCurrentHeader/custom_header,_do_not_return_old_block_is_set,_expect_default_values
=== CONT  TestBlockChainHookImpl_GettersFromBlockchainCurrentHeader/custom_header,_expect_correct_values_are_returned
[0;31mERROR[0m[2026-03-16 10:14:09.368]   maxPerTransaction definition is missing in the current gas schedule, using old values 
[0;31mERROR[0m[2026-03-16 10:14:09.368]   maxPerTransaction definition is missing in the current gas schedule, using old values 
[0;31mERROR[0m[2026-03-16 10:14:09.368]   maxPerTransaction definition is missing in the current gas schedule, using old values 
[0;31mERROR[0m[2026-03-16 10:14:09.368]   maxPerTransaction definition is missing in the current gas schedule, using old values 
[0;31mERROR[0m[2026-03-16 10:14:09.368]   maxPerTransaction definition is missing in the current gas schedule, using old values 
[0;31mERROR[0m[2026-03-16 10:14:09.368]   maxPerTransaction definition is missing in the current gas schedule, using old values 
[0;31mERROR[0m[2026-03-16 10:14:09.368]   maxPerTransaction definition is missing in the current gas schedule, using old values 
[0;31mERROR[0m[2026-03-16 10:14:09.372]   maxPerTransaction definition is missing in the current gas schedule, using old values 
=== CONT  TestBlockChainHookImpl_GetUserAccountNotASystemAccountInCrossShard
[0;31mERROR[0m[2026-03-16 10:14:09.373]   maxPerTransaction definition is missing in the current gas schedule, using old values 
=== CONT  TestBlockChainHookImpl_ProcessBuiltInFunction/sender_and_receiver_same_shard,_sender_=_receiver,_expect_only_one_account_is_saved
[0;31mERROR[0m[2026-03-16 10:14:09.373]   maxPerTransaction definition is missing in the current gas schedule, using old values 
=== CONT  TestBlockChainHookImpl_ProcessBuiltInFunction/sender_and_receiver_same_shard,_expect_accounts_saved
[0;31mERROR[0m[2026-03-16 10:14:09.373]   maxPerTransaction definition is missing in the current gas schedule, using old values 
=== CONT  TestBlockChainHookImpl_GetStorageData/account_not_found_should_return_empty_storage
[0;31mERROR[0m[2026-03-16 10:14:09.373]   maxPerTransaction definition is missing in the current gas schedule, using old values 
=== CONT  TestBlockChainHookImpl_GetStorageData/unwrapped_err_is_not_of_wanted_type,_should_not_call_missingTrieNodesNotifier
[0;31mERROR[0m[2026-03-16 10:14:09.373]   maxPerTransaction definition is missing in the current gas schedule, using old values 
=== CONT  TestBlockChainHookImpl_GetStorageData/random_retrieve_err_should_not_call_missingTrieNodesNotifier
[0;31mERROR[0m[2026-03-16 10:14:09.373]   maxPerTransaction definition is missing in the current gas schedule, using old values 
=== CONT  TestBlockChainHookImpl_GetStorageData/data_trie_node_not_found_should_call_missingTrieNodesNotifier
[0;31mERROR[0m[2026-03-16 10:14:09.373]   maxPerTransaction definition is missing in the current gas schedule, using old values 
=== CONT  TestBlockChainHookImpl_GetStorageData/should_work_with_counters_and_metachain
[0;31mERROR[0m[2026-03-16 10:14:09.373]   maxPerTransaction definition is missing in the current gas schedule, using old values 
=== CONT  TestBlockChainHookImpl_GetStorageData/should_work_with_counters
[0;31mERROR[0m[2026-03-16 10:14:09.373]   maxPerTransaction definition is missing in the current gas schedule, using old values 
=== CONT  TestBlockChainHookImpl_GetStorageData/should_work_before_counters_activation
[0;31mERROR[0m[2026-03-16 10:14:09.373]   maxPerTransaction definition is missing in the current gas schedule, using old values 
=== CONT  TestBlockChainHookImpl_GetStorageData/processing_counter_errors_should_error
[0;31mERROR[0m[2026-03-16 10:14:09.373]   maxPerTransaction definition is missing in the current gas schedule, using old values 
=== CONT  TestBlockChainHookImpl_GetStorageData/get_existing_account_errors_should_error
[0;31mERROR[0m[2026-03-16 10:14:09.373]   maxPerTransaction definition is missing in the current gas schedule, using old values 
=== CONT  TestBlockChainHookImpl_GetStorageData/cannot_retrieve_account_value_should_return_nil_error
[0;31mERROR[0m[2026-03-16 10:14:09.373]   maxPerTransaction definition is missing in the current gas schedule, using old values 
=== CONT  TestBlockChainHookImpl_ProcessBuiltInFunction/cannot_get_sender_account,_expect_error
[0;31mERROR[0m[2026-03-16 10:14:09.373]   maxPerTransaction definition is missing in the current gas schedule, using old values 
=== CONT  TestBlockChainHookImpl_ProcessBuiltInFunction/cannot_process_new_built_in_function,_expect_error
[0;31mERROR[0m[2026-03-16 10:14:09.373]   maxPerTransaction definition is missing in the current gas schedule, using old values 
=== CONT  TestBlockChainHookImpl_ProcessBuiltInFunction/cannot_convert_destination_account_to_user_account,_expect_error
[0;31mERROR[0m[2026-03-16 10:14:09.374]   maxPerTransaction definition is missing in the current gas schedule, using old values 
=== CONT  TestBlockChainHookImpl_ProcessBuiltInFunction/cannot_load_destination_account,_expect_error
[0;31mERROR[0m[2026-03-16 10:14:09.374]   maxPerTransaction definition is missing in the current gas schedule, using old values 
=== CONT  TestBlockChainHookImpl_ProcessBuiltInFunction/cannot_convert_sender_account_to_user_account,_expect_error
[0;31mERROR[0m[2026-03-16 10:14:09.374]   maxPerTransaction definition is missing in the current gas schedule, using old values 
=== CONT  TestBlockChainHookImpl_ProcessBuiltInFunction/no_function_set_in_built_in_function_container,_expect_error
[0;31mERROR[0m[2026-03-16 10:14:09.374]   maxPerTransaction definition is missing in the current gas schedule, using old values 
[0;31mERROR[0m[2026-03-16 10:14:09.374]   maxPerTransaction definition is missing in the current gas schedule, using old values 
--- PASS: TestBlockChainHookImpl_GetBuiltinFunctionNamesAndContainer (0.00s)
--- PASS: TestBlockChainHookImpl_UpdateEpochStartHeaderFromCurrentHeader (0.00s)
    --- PASS: TestBlockChainHookImpl_UpdateEpochStartHeaderFromCurrentHeader/if_current_header_is_epoch_start,_expect_to_be_set (0.00s)
    --- PASS: TestBlockChainHookImpl_UpdateEpochStartHeaderFromCurrentHeader/get_last_commited_epoch_start_block_if_not_set (0.00s)
    --- PASS: TestBlockChainHookImpl_UpdateEpochStartHeaderFromCurrentHeader/if_current_header_epoch_is_0,_expect_the_genesis_epoch_start_block_to_be_set (0.00s)
    --- PASS: TestBlockChainHookImpl_UpdateEpochStartHeaderFromCurrentHeader/epoch_start_header_should_remain_set_even_if_a_new_non-epoch-start_block_is_set (0.00s)
    --- PASS: TestBlockChainHookImpl_UpdateEpochStartHeaderFromCurrentHeader/get_epoch_start_header_from_storage_if_not_found_in_last_commited (0.00s)
--- PASS: TestBlockChainHookImpl_IsPayableReceiverIsSystemAccountNotPayable (0.00s)
--- PASS: TestBlockChainHookImpl_GettersFromBlockchainCurrentHeader (0.00s)
    --- PASS: TestBlockChainHookImpl_GettersFromBlockchainCurrentHeader/nil_header,_expect_default_values (0.00s)
    --- PASS: TestBlockChainHookImpl_GettersFromBlockchainCurrentHeader/custom_header,_do_not_return_old_block_is_set,_expect_default_values (0.00s)
    --- PASS: TestBlockChainHookImpl_GettersFromBlockchainCurrentHeader/custom_header,_expect_correct_values_are_returned (0.00s)
=== CONT  TestBlockChainHookImpl_ApplyFiltersOnCodeMetadata/PayableBySC_flag_is_not_set;_should_reset_the_flag
[0;31mERROR[0m[2026-03-16 10:14:09.374]   maxPerTransaction definition is missing in the current gas schedule, using old values 
=== CONT  TestBlockChainHookImpl_ProcessBuiltInFunction/cannot_save_sender_account,_expect_error
[0;31mERROR[0m[2026-03-16 10:14:09.374]   maxPerTransaction definition is missing in the current gas schedule, using old values 
--- PASS: TestBlockChainHookImpl_GetBlockhashShouldReturnCurrentBlockHeaderHash (0.00s)
--- PASS: TestBlockChainHookImpl_GetBlockhashFromStorerErrorReadingFromStorage (0.00s)
--- PASS: TestBlockChainHookImpl_GetUserAccountNotASystemAccountInCrossShard (0.00s)
=== CONT  TestBlockChainHookImpl_ProcessBuiltInFunction/sender_and_receiver_not_in_same_shard,_expect_they_are_not_saved
[0;31mERROR[0m[2026-03-16 10:14:09.374]   maxPerTransaction definition is missing in the current gas schedule, using old values 
=== RUN   TestBlockChainHookImpl_SaveCompiledCode/compiled_code_not_found_in_compiled_sc_pool,_get_it_from_storage
[0;31mERROR[0m[2026-03-16 10:14:09.374]   maxPerTransaction definition is missing in the current gas schedule, using old values 
--- PASS: TestBlockChainHookImpl_SaveCompiledCode (0.01s)
    --- PASS: TestBlockChainHookImpl_SaveCompiledCode/get_compiled_code_from_compiled_sc_pool (0.00s)
    --- PASS: TestBlockChainHookImpl_SaveCompiledCode/compiled_code_found_in_compiled_sc_pool,_but_not_as_byte_slice,_error_getting_it_from_storage (0.00s)
    --- PASS: TestBlockChainHookImpl_SaveCompiledCode/compiled_code_found_in_storage,_but_nil (0.00s)
    --- PASS: TestBlockChainHookImpl_SaveCompiledCode/compiled_code_not_found_in_compiled_sc_pool,_get_it_from_storage (0.00s)
--- PASS: TestBlockChainHookImpl_GetStorageData (0.00s)
    --- PASS: TestBlockChainHookImpl_GetStorageData/account_not_found_should_return_empty_storage (0.00s)
    --- PASS: TestBlockChainHookImpl_GetStorageData/unwrapped_err_is_not_of_wanted_type,_should_not_call_missingTrieNodesNotifier (0.00s)
    --- PASS: TestBlockChainHookImpl_GetStorageData/random_retrieve_err_should_not_call_missingTrieNodesNotifier (0.00s)
    --- PASS: TestBlockChainHookImpl_GetStorageData/data_trie_node_not_found_should_call_missingTrieNodesNotifier (0.00s)
    --- PASS: TestBlockChainHookImpl_GetStorageData/should_work_with_counters_and_metachain (0.00s)
    --- PASS: TestBlockChainHookImpl_GetStorageData/should_work_with_counters (0.00s)
    --- PASS: TestBlockChainHookImpl_GetStorageData/should_work_before_counters_activation (0.00s)
    --- PASS: TestBlockChainHookImpl_GetStorageData/processing_counter_errors_should_error (0.00s)
    --- PASS: TestBlockChainHookImpl_GetStorageData/get_existing_account_errors_should_error (0.00s)
    --- PASS: TestBlockChainHookImpl_GetStorageData/cannot_retrieve_account_value_should_return_nil_error (0.00s)
=== CONT  TestBlockChainHookImpl_ProcessBuiltInFunction/nil_input,_expect_error
[0;31mERROR[0m[2026-03-16 10:14:09.374]   maxPerTransaction definition is missing in the current gas schedule, using old values 
=== RUN   TestBlockChainHookImpl_GetDCDTToken/backwards_compatibility_-_retrieve_value_errors,_should_return_error
=== PAUSE TestBlockChainHookImpl_GetDCDTToken/backwards_compatibility_-_retrieve_value_errors,_should_return_error
=== RUN   TestBlockChainHookImpl_GetDCDTToken/backwards_compatibility_-_empty_byte_slice_should_return_empty_dcdt_token
=== PAUSE TestBlockChainHookImpl_GetDCDTToken/backwards_compatibility_-_empty_byte_slice_should_return_empty_dcdt_token
=== RUN   TestBlockChainHookImpl_GetDCDTToken/backwards_compatibility_-_should_load_the_dcdt_data_in_case_of_an_NFT
=== PAUSE TestBlockChainHookImpl_GetDCDTToken/backwards_compatibility_-_should_load_the_dcdt_data_in_case_of_an_NFT
=== RUN   TestBlockChainHookImpl_GetDCDTToken/backwards_compatibility_-_should_load_the_dcdt_data
=== PAUSE TestBlockChainHookImpl_GetDCDTToken/backwards_compatibility_-_should_load_the_dcdt_data
=== RUN   TestBlockChainHookImpl_GetDCDTToken/new_optimized_implementation_-_NFTStorageHandler_errors
=== PAUSE TestBlockChainHookImpl_GetDCDTToken/new_optimized_implementation_-_NFTStorageHandler_errors
=== RUN   TestBlockChainHookImpl_GetDCDTToken/new_optimized_implementation_-_should_return_the_dcdt_by_calling_NFTStorageHandler
=== PAUSE TestBlockChainHookImpl_GetDCDTToken/new_optimized_implementation_-_should_return_the_dcdt_by_calling_NFTStorageHandler
=== CONT  TestBlockChainHookImpl_GetDCDTToken/account_not_found_returns_an_empty_dcdt_data
[0;31mERROR[0m[2026-03-16 10:14:09.374]   maxPerTransaction definition is missing in the current gas schedule, using old values 
=== CONT  TestBlockChainHookImpl_ProcessBuiltInFunction/should_work_with_counters_and_metachain
[0;31mERROR[0m[2026-03-16 10:14:09.374]   maxPerTransaction definition is missing in the current gas schedule, using old values 
=== CONT  TestBlockChainHookImpl_FilterCodeMetadataForUpgrade/incorrect_number_of_bytes_and_flag_set_should_return_nil_and_error
[0;31mERROR[0m[2026-03-16 10:14:09.375]   maxPerTransaction definition is missing in the current gas schedule, using old values 
=== CONT  TestBlockChainHookImpl_GetDCDTToken/new_optimized_implementation_-_should_return_the_dcdt_by_calling_NFTStorageHandler
[0;31mERROR[0m[2026-03-16 10:14:09.375]   maxPerTransaction definition is missing in the current gas schedule, using old values 
=== CONT  TestBlockChainHookImpl_GetDCDTToken/new_optimized_implementation_-_NFTStorageHandler_errors
[0;31mERROR[0m[2026-03-16 10:14:09.375]   maxPerTransaction definition is missing in the current gas schedule, using old values 
=== CONT  TestBlockChainHookImpl_GetDCDTToken/backwards_compatibility_-_should_load_the_dcdt_data
[0;31mERROR[0m[2026-03-16 10:14:09.375]   maxPerTransaction definition is missing in the current gas schedule, using old values 
=== CONT  TestBlockChainHookImpl_GetDCDTToken/backwards_compatibility_-_should_load_the_dcdt_data_in_case_of_an_NFT
[0;31mERROR[0m[2026-03-16 10:14:09.375]   maxPerTransaction definition is missing in the current gas schedule, using old values 
=== CONT  TestBlockChainHookImpl_GetDCDTToken/backwards_compatibility_-_empty_byte_slice_should_return_empty_dcdt_token
[0;31mERROR[0m[2026-03-16 10:14:09.375]   maxPerTransaction definition is missing in the current gas schedule, using old values 
=== CONT  TestBlockChainHookImpl_GetDCDTToken/backwards_compatibility_-_retrieve_value_errors,_should_return_error
[0;31mERROR[0m[2026-03-16 10:14:09.375]   maxPerTransaction definition is missing in the current gas schedule, using old values 
=== CONT  TestBlockChainHookImpl_GetDCDTToken/accountsDB_errors_returns_error
[0;31mERROR[0m[2026-03-16 10:14:09.375]   maxPerTransaction definition is missing in the current gas schedule, using old values 
--- PASS: TestBlockChainHookImpl_NumberOfShards (0.00s)
=== CONT  TestBlockChainHookImpl_GetDCDTToken/error_unmarshal
[0;31mERROR[0m[2026-03-16 10:14:09.375]   maxPerTransaction definition is missing in the current gas schedule, using old values 
=== CONT  TestBlockChainHookImpl_ProcessBuiltInFunction/should_work_with_counters
[0;31mERROR[0m[2026-03-16 10:14:09.375]   maxPerTransaction definition is missing in the current gas schedule, using old values 
=== PAUSE TestBlockChainHookImpl_GetCode/nil_account_expect_nil_code
=== RUN   TestBlockChainHookImpl_GetCode/expect_correct_returned_code
=== PAUSE TestBlockChainHookImpl_GetCode/expect_correct_returned_code
=== CONT  TestBlockChainHookImpl_GetCode/nil_account_expect_nil_code
[0;31mERROR[0m[2026-03-16 10:14:09.375]   maxPerTransaction definition is missing in the current gas schedule, using old values 
=== CONT  TestBlockChainHookImpl_FilterCodeMetadataForUpgrade/correct_bytes_and_flag_set_should_filter_correctly
[0;31mERROR[0m[2026-03-16 10:14:09.375]   maxPerTransaction definition is missing in the current gas schedule, using old values 
--- PASS: TestBlockChainHookImpl_FilterCodeMetadataForUpgrade (0.00s)
    --- PASS: TestBlockChainHookImpl_FilterCodeMetadataForUpgrade/flag_not_set_should_not_filter (0.00s)
    --- PASS: TestBlockChainHookImpl_FilterCodeMetadataForUpgrade/incorrect_bytes_and_flag_set_should_return_nil_and_error (0.00s)
    --- PASS: TestBlockChainHookImpl_FilterCodeMetadataForUpgrade/incorrect_number_of_bytes_and_flag_set_should_return_nil_and_error (0.00s)
    --- PASS: TestBlockChainHookImpl_FilterCodeMetadataForUpgrade/correct_bytes_and_flag_set_should_filter_correctly (0.00s)
=== CONT  TestBlockChainHookImpl_GetCode/expect_correct_returned_code
[0;31mERROR[0m[2026-03-16 10:14:09.376]   maxPerTransaction definition is missing in the current gas schedule, using old values 
--- PASS: TestBlockChainHookImpl_GetCode (0.01s)
    --- PASS: TestBlockChainHookImpl_GetCode/nil_account_expect_nil_code (0.00s)
    --- PASS: TestBlockChainHookImpl_GetCode/expect_correct_returned_code (0.00s)
=== CONT  TestBlockChainHookImpl_ProcessBuiltInFunction/processing_counter_errors_should_error
[0;31mERROR[0m[2026-03-16 10:14:09.376]   maxPerTransaction definition is missing in the current gas schedule, using old values 
=== CONT  TestBlockChainHookImpl_ProcessBuiltInFunction/cannot_save_receiver_account,_expect_error
[0;31mERROR[0m[2026-03-16 10:14:09.376]   maxPerTransaction definition is missing in the current gas schedule, using old values 
--- PASS: TestBlockChainHookImpl_ProcessBuiltInFunction (0.00s)
    --- PASS: TestBlockChainHookImpl_ProcessBuiltInFunction/sender_and_receiver_same_shard,_sender_=_receiver,_expect_only_one_account_is_saved (0.00s)
    --- PASS: TestBlockChainHookImpl_ProcessBuiltInFunction/sender_and_receiver_same_shard,_expect_accounts_saved (0.00s)
    --- PASS: TestBlockChainHookImpl_ProcessBuiltInFunction/cannot_get_sender_account,_expect_error (0.00s)
    --- PASS: TestBlockChainHookImpl_ProcessBuiltInFunction/cannot_process_new_built_in_function,_expect_error (0.00s)
    --- PASS: TestBlockChainHookImpl_ProcessBuiltInFunction/cannot_convert_destination_account_to_user_account,_expect_error (0.00s)
    --- PASS: TestBlockChainHookImpl_ProcessBuiltInFunction/cannot_load_destination_account,_expect_error (0.00s)
    --- PASS: TestBlockChainHookImpl_ProcessBuiltInFunction/cannot_convert_sender_account_to_user_account,_expect_error (0.00s)
    --- PASS: TestBlockChainHookImpl_ProcessBuiltInFunction/no_function_set_in_built_in_function_container,_expect_error (0.00s)
    --- PASS: TestBlockChainHookImpl_ProcessBuiltInFunction/cannot_save_sender_account,_expect_error (0.00s)
    --- PASS: TestBlockChainHookImpl_ProcessBuiltInFunction/sender_and_receiver_not_in_same_shard,_expect_they_are_not_saved (0.00s)
    --- PASS: TestBlockChainHookImpl_ProcessBuiltInFunction/nil_input,_expect_error (0.00s)
    --- PASS: TestBlockChainHookImpl_ProcessBuiltInFunction/should_work_with_counters_and_metachain (0.00s)
    --- PASS: TestBlockChainHookImpl_ProcessBuiltInFunction/should_work_with_counters (0.00s)
    --- PASS: TestBlockChainHookImpl_ProcessBuiltInFunction/processing_counter_errors_should_error (0.00s)
    --- PASS: TestBlockChainHookImpl_ProcessBuiltInFunction/cannot_save_receiver_account,_expect_error (0.00s)
=== CONT  TestBlockChainHookImpl_ApplyFiltersOnCodeMetadata/PayableBySC_flag_is_set;_should_not_reset_the_flag
[0;31mERROR[0m[2026-03-16 10:14:09.376]   maxPerTransaction definition is missing in the current gas schedule, using old values 
--- PASS: TestBlockChainHookImpl_ApplyFiltersOnCodeMetadata (0.00s)
    --- PASS: TestBlockChainHookImpl_ApplyFiltersOnCodeMetadata/PayableBySC_flag_is_not_set;_should_reset_the_flag (0.00s)
    --- PASS: TestBlockChainHookImpl_ApplyFiltersOnCodeMetadata/PayableBySC_flag_is_set;_should_not_reset_the_flag (0.00s)
--- PASS: TestBlockChainHookImpl_GetDCDTToken (0.01s)
    --- PASS: TestBlockChainHookImpl_GetDCDTToken/account_not_found_returns_an_empty_dcdt_data (0.00s)
    --- PASS: TestBlockChainHookImpl_GetDCDTToken/new_optimized_implementation_-_should_return_the_dcdt_by_calling_NFTStorageHandler (0.00s)
    --- PASS: TestBlockChainHookImpl_GetDCDTToken/new_optimized_implementation_-_NFTStorageHandler_errors (0.00s)
    --- PASS: TestBlockChainHookImpl_GetDCDTToken/backwards_compatibility_-_should_load_the_dcdt_data (0.00s)
    --- PASS: TestBlockChainHookImpl_GetDCDTToken/backwards_compatibility_-_should_load_the_dcdt_data_in_case_of_an_NFT (0.00s)
    --- PASS: TestBlockChainHookImpl_GetDCDTToken/backwards_compatibility_-_empty_byte_slice_should_return_empty_dcdt_token (0.00s)
    --- PASS: TestBlockChainHookImpl_GetDCDTToken/backwards_compatibility_-_retrieve_value_errors,_should_return_error (0.00s)
    --- PASS: TestBlockChainHookImpl_GetDCDTToken/accountsDB_errors_returns_error (0.00s)
    --- PASS: TestBlockChainHookImpl_GetDCDTToken/error_unmarshal (0.00s)
PASS
ok  	github.com/TerraDharitri/drt-go-chain/process/smartContract/hooks	(cached)
=== RUN   TestDisabledCounter_MethodsShouldNotPanic
=== PAUSE TestDisabledCounter_MethodsShouldNotPanic
=== RUN   TestNewUsageCounter
=== PAUSE TestNewUsageCounter
=== RUN   TestUsageCounter_ProcessCrtNumberOfTrieReadsCounter
=== PAUSE TestUsageCounter_ProcessCrtNumberOfTrieReadsCounter
=== RUN   TestUsageCounter_ProcessMaxBuiltInCounters
=== PAUSE TestUsageCounter_ProcessMaxBuiltInCounters
=== CONT  TestDisabledCounter_MethodsShouldNotPanic
--- PASS: TestDisabledCounter_MethodsShouldNotPanic (0.00s)
=== CONT  TestUsageCounter_ProcessMaxBuiltInCounters
=== CONT  TestNewUsageCounter
=== CONT  TestUsageCounter_ProcessCrtNumberOfTrieReadsCounter
=== RUN   TestUsageCounter_ProcessMaxBuiltInCounters/builtin_functions_exceeded
=== PAUSE TestUsageCounter_ProcessMaxBuiltInCounters/builtin_functions_exceeded
=== RUN   TestUsageCounter_ProcessMaxBuiltInCounters/number_of_transfers_exceeded
=== PAUSE TestUsageCounter_ProcessMaxBuiltInCounters/number_of_transfers_exceeded
=== CONT  TestUsageCounter_ProcessMaxBuiltInCounters/builtin_functions_exceeded
=== RUN   TestUsageCounter_ProcessMaxBuiltInCounters/builtin_functions_exceeded/backwards_compatibility_on_error_message_string
=== CONT  TestUsageCounter_ProcessMaxBuiltInCounters/number_of_transfers_exceeded
=== RUN   TestUsageCounter_ProcessMaxBuiltInCounters/number_of_transfers_exceeded/backwards_compatibility_on_error_message_string
=== RUN   TestNewUsageCounter/nil_dcdt_transfer_parser_should_error
--- PASS: TestUsageCounter_ProcessMaxBuiltInCounters (0.00s)
    --- PASS: TestUsageCounter_ProcessMaxBuiltInCounters/number_of_transfers_exceeded (0.00s)
        --- PASS: TestUsageCounter_ProcessMaxBuiltInCounters/number_of_transfers_exceeded/backwards_compatibility_on_error_message_string (0.00s)
    --- PASS: TestUsageCounter_ProcessMaxBuiltInCounters/builtin_functions_exceeded (0.00s)
        --- PASS: TestUsageCounter_ProcessMaxBuiltInCounters/builtin_functions_exceeded/backwards_compatibility_on_error_message_string (0.00s)
=== RUN   TestUsageCounter_ProcessCrtNumberOfTrieReadsCounter/backwards_compatibility_on_error_message_string
--- PASS: TestUsageCounter_ProcessCrtNumberOfTrieReadsCounter (0.00s)
    --- PASS: TestUsageCounter_ProcessCrtNumberOfTrieReadsCounter/backwards_compatibility_on_error_message_string (0.00s)
=== PAUSE TestNewUsageCounter/nil_dcdt_transfer_parser_should_error
=== RUN   TestNewUsageCounter/nil_dcdt_transfer_parser_should_error#01
=== PAUSE TestNewUsageCounter/nil_dcdt_transfer_parser_should_error#01
=== CONT  TestNewUsageCounter/nil_dcdt_transfer_parser_should_error
=== CONT  TestNewUsageCounter/nil_dcdt_transfer_parser_should_error#01
--- PASS: TestNewUsageCounter (0.00s)
    --- PASS: TestNewUsageCounter/nil_dcdt_transfer_parser_should_error (0.00s)
    --- PASS: TestNewUsageCounter/nil_dcdt_transfer_parser_should_error#01 (0.00s)
PASS
ok  	github.com/TerraDharitri/drt-go-chain/process/smartContract/hooks/counters	(cached)
=== RUN   TestNewSmartContractProcessorProxy
=== PAUSE TestNewSmartContractProcessorProxy
=== RUN   TestSCProcessorProxy_ExecuteSmartContractTransaction
=== PAUSE TestSCProcessorProxy_ExecuteSmartContractTransaction
=== RUN   TestSCProcessorProxy_ExecuteBuiltInFunction
=== PAUSE TestSCProcessorProxy_ExecuteBuiltInFunction
=== RUN   TestSCProcessorProxy_DeploySmartContract
=== PAUSE TestSCProcessorProxy_DeploySmartContract
=== RUN   TestSCProcessorProxy_ProcessIfError
=== PAUSE TestSCProcessorProxy_ProcessIfError
=== RUN   TestSCProcessorProxy_IsPayable
=== PAUSE TestSCProcessorProxy_IsPayable
=== RUN   TestSCProcessorProxy_ProcessSmartContractResult
=== PAUSE TestSCProcessorProxy_ProcessSmartContractResult
=== RUN   TestSCProcessorProxy_ParallelRunOnExportedMethods
[0;32mINFO [0m[2026-03-16 10:14:09.367]   processorProxy                           [0;32mconfigured[0m = 0 
[0;32mINFO [0m[2026-03-16 10:14:09.379]   processorProxy                           [0;32mconfigured[0m = 0 
[0;32mINFO [0m[2026-03-16 10:14:09.379]   processorProxy                           [0;32mconfigured[0m = 0 
[0;32mINFO [0m[2026-03-16 10:14:09.379]   processorProxy                           [0;32mconfigured[0m = 0 
[0;32mINFO [0m[2026-03-16 10:14:09.379]   processorProxy                           [0;32mconfigured[0m = 0 
[0;32mINFO [0m[2026-03-16 10:14:09.379]   processorProxy                           [0;32mconfigured[0m = 0 
[0;32mINFO [0m[2026-03-16 10:14:09.379]   processorProxy                           [0;32mconfigured[0m = 0 
[0;32mINFO [0m[2026-03-16 10:14:09.379]   processorProxy                           [0;32mconfigured[0m = 0 
[0;32mINFO [0m[2026-03-16 10:14:09.379]   processorProxy                           [0;32mconfigured[0m = 0 
[0;32mINFO [0m[2026-03-16 10:14:09.379]   processorProxy                           [0;32mconfigured[0m = 0 
[0;32mINFO [0m[2026-03-16 10:14:09.379]   processorProxy                           [0;32mconfigured[0m = 0 
[0;32mINFO [0m[2026-03-16 10:14:09.379]   processorProxy                           [0;32mconfigured[0m = 0 
[0;32mINFO [0m[2026-03-16 10:14:09.379]   processorProxy                           [0;32mconfigured[0m = 0 
[0;32mINFO [0m[2026-03-16 10:14:09.379]   processorProxy                           [0;32mconfigured[0m = 0 
[0;32mINFO [0m[2026-03-16 10:14:09.379]   processorProxy                           [0;32mconfigured[0m = 0 
[0;32mINFO [0m[2026-03-16 10:14:09.379]   processorProxy                           [0;32mconfigured[0m = 0 
[0;32mINFO [0m[2026-03-16 10:14:09.379]   processorProxy                           [0;32mconfigured[0m = 0 
[0;32mINFO [0m[2026-03-16 10:14:09.379]   processorProxy                           [0;32mconfigured[0m = 0 
[0;32mINFO [0m[2026-03-16 10:14:09.379]   processorProxy                           [0;32mconfigured[0m = 0 
[0;32mINFO [0m[2026-03-16 10:14:09.379]   processorProxy                           [0;32mconfigured[0m = 0 
[0;32mINFO [0m[2026-03-16 10:14:09.379]   processorProxy                           [0;32mconfigured[0m = 0 
[0;32mINFO [0m[2026-03-16 10:14:09.379]   processorProxy                           [0;32mconfigured[0m = 0 
[0;32mINFO [0m[2026-03-16 10:14:09.379]   processorProxy                           [0;32mconfigured[0m = 0 
[0;32mINFO [0m[2026-03-16 10:14:09.379]   processorProxy                           [0;32mconfigured[0m = 0 
[0;32mINFO [0m[2026-03-16 10:14:09.379]   processorProxy                           [0;32mconfigured[0m = 0 
[0;32mINFO [0m[2026-03-16 10:14:09.379]   processorProxy                           [0;32mconfigured[0m = 0 
[0;32mINFO [0m[2026-03-16 10:14:09.379]   processorProxy                           [0;32mconfigured[0m = 0 
[0;32mINFO [0m[2026-03-16 10:14:09.379]   processorProxy                           [0;32mconfigured[0m = 0 
[0;32mINFO [0m[2026-03-16 10:14:09.380]   processorProxy                           [0;32mconfigured[0m = 0 
[0;32mINFO [0m[2026-03-16 10:14:09.380]   processorProxy                           [0;32mconfigured[0m = 0 
[0;32mINFO [0m[2026-03-16 10:14:09.380]   processorProxy                           [0;32mconfigured[0m = 0 
[0;32mINFO [0m[2026-03-16 10:14:09.380]   processorProxy                           [0;32mconfigured[0m = 0 
[0;32mINFO [0m[2026-03-16 10:14:09.380]   processorProxy                           [0;32mconfigured[0m = 0 
[0;32mINFO [0m[2026-03-16 10:14:09.380]   processorProxy                           [0;32mconfigured[0m = 0 
[0;32mINFO [0m[2026-03-16 10:14:09.380]   processorProxy                           [0;32mconfigured[0m = 0 
[0;32mINFO [0m[2026-03-16 10:14:09.380]   processorProxy                           [0;32mconfigured[0m = 0 
[0;32mINFO [0m[2026-03-16 10:14:09.380]   processorProxy                           [0;32mconfigured[0m = 0 
[0;32mINFO [0m[2026-03-16 10:14:09.380]   processorProxy                           [0;32mconfigured[0m = 0 
[0;32mINFO [0m[2026-03-16 10:14:09.380]   processorProxy                           [0;32mconfigured[0m = 0 
[0;32mINFO [0m[2026-03-16 10:14:09.380]   processorProxy                           [0;32mconfigured[0m = 0 
[0;32mINFO [0m[2026-03-16 10:14:09.380]   processorProxy                           [0;32mconfigured[0m = 0 
[0;32mINFO [0m[2026-03-16 10:14:09.380]   processorProxy                           [0;32mconfigured[0m = 0 
[0;32mINFO [0m[2026-03-16 10:14:09.380]   processorProxy                           [0;32mconfigured[0m = 0 
[0;32mINFO [0m[2026-03-16 10:14:09.380]   processorProxy                           [0;32mconfigured[0m = 0 
[0;32mINFO [0m[2026-03-16 10:14:09.380]   processorProxy                           [0;32mconfigured[0m = 0 
[0;32mINFO [0m[2026-03-16 10:14:09.380]   processorProxy                           [0;32mconfigured[0m = 0 
[0;32mINFO [0m[2026-03-16 10:14:09.380]   processorProxy                           [0;32mconfigured[0m = 0 
[0;32mINFO [0m[2026-03-16 10:14:09.380]   processorProxy                           [0;32mconfigured[0m = 0 
[0;32mINFO [0m[2026-03-16 10:14:09.380]   processorProxy                           [0;32mconfigured[0m = 0 
[0;32mINFO [0m[2026-03-16 10:14:09.380]   processorProxy                           [0;32mconfigured[0m = 0 
[0;32mINFO [0m[2026-03-16 10:14:09.380]   processorProxy                           [0;32mconfigured[0m = 0 
[0;32mINFO [0m[2026-03-16 10:14:09.380]   processorProxy                           [0;32mconfigured[0m = 0 
[0;32mINFO [0m[2026-03-16 10:14:09.380]   processorProxy                           [0;32mconfigured[0m = 0 
[0;32mINFO [0m[2026-03-16 10:14:09.380]   processorProxy                           [0;32mconfigured[0m = 0 
[0;32mINFO [0m[2026-03-16 10:14:09.380]   processorProxy                           [0;32mconfigured[0m = 0 
[0;32mINFO [0m[2026-03-16 10:14:09.380]   processorProxy                           [0;32mconfigured[0m = 0 
[0;32mINFO [0m[2026-03-16 10:14:09.380]   processorProxy                           [0;32mconfigured[0m = 0 
[0;32mINFO [0m[2026-03-16 10:14:09.380]   processorProxy                           [0;32mconfigured[0m = 0 
[0;32mINFO [0m[2026-03-16 10:14:09.380]   processorProxy                           [0;32mconfigured[0m = 0 
[0;32mINFO [0m[2026-03-16 10:14:09.380]   processorProxy                           [0;32mconfigured[0m = 0 
[0;32mINFO [0m[2026-03-16 10:14:09.380]   processorProxy                           [0;32mconfigured[0m = 0 
[0;32mINFO [0m[2026-03-16 10:14:09.380]   processorProxy                           [0;32mconfigured[0m = 0 
[0;32mINFO [0m[2026-03-16 10:14:09.380]   processorProxy                           [0;32mconfigured[0m = 0 
[0;32mINFO [0m[2026-03-16 10:14:09.380]   processorProxy                           [0;32mconfigured[0m = 0 
[0;32mINFO [0m[2026-03-16 10:14:09.380]   processorProxy                           [0;32mconfigured[0m = 0 
[0;32mINFO [0m[2026-03-16 10:14:09.380]   processorProxy                           [0;32mconfigured[0m = 0 
[0;32mINFO [0m[2026-03-16 10:14:09.380]   processorProxy                           [0;32mconfigured[0m = 0 
[0;32mINFO [0m[2026-03-16 10:14:09.380]   processorProxy                           [0;32mconfigured[0m = 0 
[0;32mINFO [0m[2026-03-16 10:14:09.380]   processorProxy                           [0;32mconfigured[0m = 0 
[0;32mINFO [0m[2026-03-16 10:14:09.380]   processorProxy                           [0;32mconfigured[0m = 0 
[0;32mINFO [0m[2026-03-16 10:14:09.380]   processorProxy                           [0;32mconfigured[0m = 0 
[0;32mINFO [0m[2026-03-16 10:14:09.380]   processorProxy                           [0;32mconfigured[0m = 0 
[0;32mINFO [0m[2026-03-16 10:14:09.380]   processorProxy                           [0;32mconfigured[0m = 0 
[0;32mINFO [0m[2026-03-16 10:14:09.380]   processorProxy                           [0;32mconfigured[0m = 0 
[0;32mINFO [0m[2026-03-16 10:14:09.380]   processorProxy                           [0;32mconfigured[0m = 0 
[0;32mINFO [0m[2026-03-16 10:14:09.380]   processorProxy                           [0;32mconfigured[0m = 0 
[0;32mINFO [0m[2026-03-16 10:14:09.380]   processorProxy                           [0;32mconfigured[0m = 0 
[0;32mINFO [0m[2026-03-16 10:14:09.380]   processorProxy                           [0;32mconfigured[0m = 0 
[0;32mINFO [0m[2026-03-16 10:14:09.380]   processorProxy                           [0;32mconfigured[0m = 0 
[0;32mINFO [0m[2026-03-16 10:14:09.380]   processorProxy                           [0;32mconfigured[0m = 0 
[0;32mINFO [0m[2026-03-16 10:14:09.380]   processorProxy                           [0;32mconfigured[0m = 0 
[0;32mINFO [0m[2026-03-16 10:14:09.380]   processorProxy                           [0;32mconfigured[0m = 0 
[0;32mINFO [0m[2026-03-16 10:14:09.380]   processorProxy                           [0;32mconfigured[0m = 0 
[0;32mINFO [0m[2026-03-16 10:14:09.380]   processorProxy                           [0;32mconfigured[0m = 0 
[0;32mINFO [0m[2026-03-16 10:14:09.380]   processorProxy                           [0;32mconfigured[0m = 0 
[0;32mINFO [0m[2026-03-16 10:14:09.380]   processorProxy                           [0;32mconfigured[0m = 0 
[0;32mINFO [0m[2026-03-16 10:14:09.380]   processorProxy                           [0;32mconfigured[0m = 0 
[0;32mINFO [0m[2026-03-16 10:14:09.380]   processorProxy                           [0;32mconfigured[0m = 0 
[0;32mINFO [0m[2026-03-16 10:14:09.380]   processorProxy                           [0;32mconfigured[0m = 0 
[0;32mINFO [0m[2026-03-16 10:14:09.380]   processorProxy                           [0;32mconfigured[0m = 0 
[0;32mINFO [0m[2026-03-16 10:14:09.380]   processorProxy                           [0;32mconfigured[0m = 0 
[0;32mINFO [0m[2026-03-16 10:14:09.380]   processorProxy                           [0;32mconfigured[0m = 0 
[0;32mINFO [0m[2026-03-16 10:14:09.380]   processorProxy                           [0;32mconfigured[0m = 0 
[0;32mINFO [0m[2026-03-16 10:14:09.380]   processorProxy                           [0;32mconfigured[0m = 0 
[0;32mINFO [0m[2026-03-16 10:14:09.380]   processorProxy                           [0;32mconfigured[0m = 0 
[0;32mINFO [0m[2026-03-16 10:14:09.380]   processorProxy                           [0;32mconfigured[0m = 0 
[0;32mINFO [0m[2026-03-16 10:14:09.380]   processorProxy                           [0;32mconfigured[0m = 0 
[0;32mINFO [0m[2026-03-16 10:14:09.380]   processorProxy                           [0;32mconfigured[0m = 0 
[0;32mINFO [0m[2026-03-16 10:14:09.380]   processorProxy                           [0;32mconfigured[0m = 0 
[0;32mINFO [0m[2026-03-16 10:14:09.380]   processorProxy                           [0;32mconfigured[0m = 0 
[0;32mINFO [0m[2026-03-16 10:14:09.380]   processorProxy                           [0;32mconfigured[0m = 0 
[0;32mINFO [0m[2026-03-16 10:14:09.380]   processorProxy                           [0;32mconfigured[0m = 0 
[0;32mINFO [0m[2026-03-16 10:14:09.380]   processorProxy                           [0;32mconfigured[0m = 0 
[0;32mINFO [0m[2026-03-16 10:14:09.380]   processorProxy                           [0;32mconfigured[0m = 0 
[0;32mINFO [0m[2026-03-16 10:14:09.380]   processorProxy                           [0;32mconfigured[0m = 0 
[0;32mINFO [0m[2026-03-16 10:14:09.380]   processorProxy                           [0;32mconfigured[0m = 0 
[0;32mINFO [0m[2026-03-16 10:14:09.381]   processorProxy                           [0;32mconfigured[0m = 0 
[0;32mINFO [0m[2026-03-16 10:14:09.381]   processorProxy                           [0;32mconfigured[0m = 0 
[0;32mINFO [0m[2026-03-16 10:14:09.381]   processorProxy                           [0;32mconfigured[0m = 0 
[0;32mINFO [0m[2026-03-16 10:14:09.381]   processorProxy                           [0;32mconfigured[0m = 0 
[0;32mINFO [0m[2026-03-16 10:14:09.381]   processorProxy                           [0;32mconfigured[0m = 0 
[0;32mINFO [0m[2026-03-16 10:14:09.381]   processorProxy                           [0;32mconfigured[0m = 0 
[0;32mINFO [0m[2026-03-16 10:14:09.381]   processorProxy                           [0;32mconfigured[0m = 0 
[0;32mINFO [0m[2026-03-16 10:14:09.381]   processorProxy                           [0;32mconfigured[0m = 0 
[0;32mINFO [0m[2026-03-16 10:14:09.381]   processorProxy                           [0;32mconfigured[0m = 0 
[0;32mINFO [0m[2026-03-16 10:14:09.381]   processorProxy                           [0;32mconfigured[0m = 0 
[0;32mINFO [0m[2026-03-16 10:14:09.381]   processorProxy                           [0;32mconfigured[0m = 0 
[0;32mINFO [0m[2026-03-16 10:14:09.381]   processorProxy                           [0;32mconfigured[0m = 0 
[0;32mINFO [0m[2026-03-16 10:14:09.381]   processorProxy                           [0;32mconfigured[0m = 0 
[0;32mINFO [0m[2026-03-16 10:14:09.381]   processorProxy                           [0;32mconfigured[0m = 0 
[0;32mINFO [0m[2026-03-16 10:14:09.381]   processorProxy                           [0;32mconfigured[0m = 0 
[0;32mINFO [0m[2026-03-16 10:14:09.381]   processorProxy                           [0;32mconfigured[0m = 0 
[0;32mINFO [0m[2026-03-16 10:14:09.381]   processorProxy                           [0;32mconfigured[0m = 0 
[0;32mINFO [0m[2026-03-16 10:14:09.381]   processorProxy                           [0;32mconfigured[0m = 0 
[0;32mINFO [0m[2026-03-16 10:14:09.381]   processorProxy                           [0;32mconfigured[0m = 0 
[0;32mINFO [0m[2026-03-16 10:14:09.381]   processorProxy                           [0;32mconfigured[0m = 0 
[0;32mINFO [0m[2026-03-16 10:14:09.381]   processorProxy                           [0;32mconfigured[0m = 0 
[0;32mINFO [0m[2026-03-16 10:14:09.381]   processorProxy                           [0;32mconfigured[0m = 0 
[0;32mINFO [0m[2026-03-16 10:14:09.381]   processorProxy                           [0;32mconfigured[0m = 0 
[0;32mINFO [0m[2026-03-16 10:14:09.381]   processorProxy                           [0;32mconfigured[0m = 0 
[0;32mINFO [0m[2026-03-16 10:14:09.381]   processorProxy                           [0;32mconfigured[0m = 0 
[0;32mINFO [0m[2026-03-16 10:14:09.381]   processorProxy                           [0;32mconfigured[0m = 0 
[0;32mINFO [0m[2026-03-16 10:14:09.381]   processorProxy                           [0;32mconfigured[0m = 0 
[0;32mINFO [0m[2026-03-16 10:14:09.381]   processorProxy                           [0;32mconfigured[0m = 0 
[0;32mINFO [0m[2026-03-16 10:14:09.381]   processorProxy                           [0;32mconfigured[0m = 0 
[0;32mINFO [0m[2026-03-16 10:14:09.381]   processorProxy                           [0;32mconfigured[0m = 0 
[0;32mINFO [0m[2026-03-16 10:14:09.381]   processorProxy                           [0;32mconfigured[0m = 0 
[0;32mINFO [0m[2026-03-16 10:14:09.381]   processorProxy                           [0;32mconfigured[0m = 0 
[0;32mINFO [0m[2026-03-16 10:14:09.381]   processorProxy                           [0;32mconfigured[0m = 0 
[0;32mINFO [0m[2026-03-16 10:14:09.381]   processorProxy                           [0;32mconfigured[0m = 0 
[0;32mINFO [0m[2026-03-16 10:14:09.381]   processorProxy                           [0;32mconfigured[0m = 0 
[0;32mINFO [0m[2026-03-16 10:14:09.381]   processorProxy                           [0;32mconfigured[0m = 0 
[0;32mINFO [0m[2026-03-16 10:14:09.381]   processorProxy                           [0;32mconfigured[0m = 0 
[0;32mINFO [0m[2026-03-16 10:14:09.381]   processorProxy                           [0;32mconfigured[0m = 0 
--- PASS: TestSCProcessorProxy_ParallelRunOnExportedMethods (0.01s)
=== CONT  TestNewSmartContractProcessorProxy
=== CONT  TestSCProcessorProxy_ProcessIfError
=== CONT  TestSCProcessorProxy_ProcessSmartContractResult
=== RUN   TestNewSmartContractProcessorProxy/missing_component_from_arguments_should_error
=== PAUSE TestNewSmartContractProcessorProxy/missing_component_from_arguments_should_error
=== RUN   TestNewSmartContractProcessorProxy/invalid_enable_epochs_handler_should_error
=== PAUSE TestNewSmartContractProcessorProxy/invalid_enable_epochs_handler_should_error
=== RUN   TestNewSmartContractProcessorProxy/nil_epoch_notifier_should_error
[0;32mINFO [0m[2026-03-16 10:14:09.381]   processorProxy                           [0;32mconfigured[0m = 0 
=== PAUSE TestNewSmartContractProcessorProxy/nil_epoch_notifier_should_error
=== RUN   TestNewSmartContractProcessorProxy/should_work_with_sc_processor_v1
=== PAUSE TestNewSmartContractProcessorProxy/should_work_with_sc_processor_v1
[0;32mINFO [0m[2026-03-16 10:14:09.381]   processorProxy                           [0;32mconfigured[0m = 0 
=== RUN   TestNewSmartContractProcessorProxy/should_work_with_sc_processor_v2
=== CONT  TestSCProcessorProxy_IsPayable
[0;32mINFO [0m[2026-03-16 10:14:09.381]   processorProxy                           [0;32mconfigured[0m = 0 
=== PAUSE TestNewSmartContractProcessorProxy/should_work_with_sc_processor_v2
=== CONT  TestNewSmartContractProcessorProxy/missing_component_from_arguments_should_error
=== CONT  TestSCProcessorProxy_ExecuteBuiltInFunction
=== CONT  TestNewSmartContractProcessorProxy/should_work_with_sc_processor_v1
[0;32mINFO [0m[2026-03-16 10:14:09.381]   processorProxy                           [0;32mconfigured[0m = 0 
=== CONT  TestSCProcessorProxy_ExecuteSmartContractTransaction
[0;32mINFO [0m[2026-03-16 10:14:09.381]   processorProxy                           [0;32mconfigured[0m = 0 
[0;32mINFO [0m[2026-03-16 10:14:09.381]   processorProxy                           [0;32mconfigured[0m = 0 
--- PASS: TestSCProcessorProxy_ProcessSmartContractResult (0.00s)
--- PASS: TestSCProcessorProxy_ProcessIfError (0.00s)
--- PASS: TestSCProcessorProxy_IsPayable (0.00s)
=== CONT  TestNewSmartContractProcessorProxy/should_work_with_sc_processor_v2
=== CONT  TestNewSmartContractProcessorProxy/nil_epoch_notifier_should_error
=== CONT  TestNewSmartContractProcessorProxy/invalid_enable_epochs_handler_should_error
[0;32mINFO [0m[2026-03-16 10:14:09.381]   processorProxy                           [0;32mconfigured[0m = 1 
=== CONT  TestSCProcessorProxy_DeploySmartContract
--- PASS: TestSCProcessorProxy_ExecuteBuiltInFunction (0.00s)
--- PASS: TestSCProcessorProxy_ExecuteSmartContractTransaction (0.00s)
[0;32mINFO [0m[2026-03-16 10:14:09.381]   processorProxy                           [0;32mconfigured[0m = 0 
--- PASS: TestNewSmartContractProcessorProxy (0.00s)
    --- PASS: TestNewSmartContractProcessorProxy/missing_component_from_arguments_should_error (0.00s)
    --- PASS: TestNewSmartContractProcessorProxy/should_work_with_sc_processor_v1 (0.00s)
    --- PASS: TestNewSmartContractProcessorProxy/nil_epoch_notifier_should_error (0.00s)
    --- PASS: TestNewSmartContractProcessorProxy/should_work_with_sc_processor_v2 (0.00s)
    --- PASS: TestNewSmartContractProcessorProxy/invalid_enable_epochs_handler_should_error (0.00s)
--- PASS: TestSCProcessorProxy_DeploySmartContract (0.00s)
PASS
ok  	github.com/TerraDharitri/drt-go-chain/process/smartContract/processProxy	(cached)
=== RUN   TestNewSmartContractProcessorNilVM
=== PAUSE TestNewSmartContractProcessorNilVM
=== RUN   TestNewSmartContractProcessorNilVMOutputCacher
=== PAUSE TestNewSmartContractProcessorNilVMOutputCacher
=== RUN   TestNewSmartContractProcessorNilBuiltInFunctions
=== PAUSE TestNewSmartContractProcessorNilBuiltInFunctions
=== RUN   TestNewSmartContractProcessorNilArgsParser
=== PAUSE TestNewSmartContractProcessorNilArgsParser
=== RUN   TestNewSmartContractProcessorNilHasher
=== PAUSE TestNewSmartContractProcessorNilHasher
=== RUN   TestNewSmartContractProcessorNilMarshalizer
=== PAUSE TestNewSmartContractProcessorNilMarshalizer
=== RUN   TestNewSmartContractProcessorNilAccountsDB
=== PAUSE TestNewSmartContractProcessorNilAccountsDB
=== RUN   TestNewSmartContractProcessorNilAdrConv
=== PAUSE TestNewSmartContractProcessorNilAdrConv
=== RUN   TestNewSmartContractProcessorNilShardCoordinator
=== PAUSE TestNewSmartContractProcessorNilShardCoordinator
=== RUN   TestNewSmartContractProcessorNilFakeAccountsHandler
=== PAUSE TestNewSmartContractProcessorNilFakeAccountsHandler
=== RUN   TestNewSmartContractProcessor_NilIntermediateMock
=== PAUSE TestNewSmartContractProcessor_NilIntermediateMock
=== RUN   TestNewSmartContractProcessor_ErrNilUnsignedTxHandlerMock
=== PAUSE TestNewSmartContractProcessor_ErrNilUnsignedTxHandlerMock
=== RUN   TestNewSmartContractProcessor_ErrNilGasHandlerMock
=== PAUSE TestNewSmartContractProcessor_ErrNilGasHandlerMock
=== RUN   TestNewSmartContractProcessor_NilEconomicsFeeShouldErr
=== PAUSE TestNewSmartContractProcessor_NilEconomicsFeeShouldErr
=== RUN   TestNewSmartContractProcessor_NilTxTypeHandlerShouldErr
=== PAUSE TestNewSmartContractProcessor_NilTxTypeHandlerShouldErr
=== RUN   TestNewSmartContractProcessor_NilGasScheduleShouldErr
=== PAUSE TestNewSmartContractProcessor_NilGasScheduleShouldErr
=== RUN   TestNewSmartContractProcessor_NilLatestGasScheduleShouldErr
=== PAUSE TestNewSmartContractProcessor_NilLatestGasScheduleShouldErr
=== RUN   TestNewSmartContractProcessor_NilTxLogsProcessorShouldErr
=== PAUSE TestNewSmartContractProcessor_NilTxLogsProcessorShouldErr
=== RUN   TestNewSmartContractProcessor_NilBadTxForwarderShouldErr
=== PAUSE TestNewSmartContractProcessor_NilBadTxForwarderShouldErr
=== RUN   TestNewSmartContractProcessor_NilLockerShouldErr
=== PAUSE TestNewSmartContractProcessor_NilLockerShouldErr
=== RUN   TestNewSmartContractProcessor
=== PAUSE TestNewSmartContractProcessor
=== RUN   TestNewSmartContractProcessorVerifyAllMembers
=== PAUSE TestNewSmartContractProcessorVerifyAllMembers
=== RUN   TestGasScheduleChangeNoApiCostShouldNotChange
=== PAUSE TestGasScheduleChangeNoApiCostShouldNotChange
=== RUN   TestGasScheduleChangeShouldWork
=== PAUSE TestGasScheduleChangeShouldWork
=== RUN   TestScProcessor_DeploySmartContractBadParse
=== PAUSE TestScProcessor_DeploySmartContractBadParse
=== RUN   TestScProcessor_DeploySmartContractRunError
=== PAUSE TestScProcessor_DeploySmartContractRunError
=== RUN   TestScProcessor_BuiltInCallSmartContractSenderFailed
=== PAUSE TestScProcessor_BuiltInCallSmartContractSenderFailed
=== RUN   TestScProcessor_ExecuteBuiltInFunctionSCResultCallSelfShard
=== PAUSE TestScProcessor_ExecuteBuiltInFunctionSCResultCallSelfShard
=== RUN   TestScProcessor_ExecuteBuiltInFunctionSCResultCallSelfShardCannotSaveLog
=== PAUSE TestScProcessor_ExecuteBuiltInFunctionSCResultCallSelfShardCannotSaveLog
=== RUN   TestScProcessor_ExecuteBuiltInFunction
=== PAUSE TestScProcessor_ExecuteBuiltInFunction
=== RUN   TestScProcessor_ExecuteBuiltInDCDTTransfer
=== PAUSE TestScProcessor_ExecuteBuiltInDCDTTransfer
=== RUN   TestScProcessor_ExecuteBuiltInDCDTTransfer_InCallback
=== PAUSE TestScProcessor_ExecuteBuiltInDCDTTransfer_InCallback
=== RUN   TestScProcessor_ExecuteBuiltInFunctionSCRTooBig
=== PAUSE TestScProcessor_ExecuteBuiltInFunctionSCRTooBig
=== RUN   TestScProcessor_DeploySmartContractWrongTx
=== PAUSE TestScProcessor_DeploySmartContractWrongTx
=== RUN   TestScProcessor_DeploySmartContractNilTx
=== PAUSE TestScProcessor_DeploySmartContractNilTx
=== RUN   TestScProcessor_DeploySmartContractNotEmptyDestinationAddress
=== PAUSE TestScProcessor_DeploySmartContractNotEmptyDestinationAddress
=== RUN   TestScProcessor_DeploySmartContractCalculateHashFails
=== PAUSE TestScProcessor_DeploySmartContractCalculateHashFails
=== RUN   TestScProcessor_DeploySmartContractEconomicsFeeValidateFails
=== PAUSE TestScProcessor_DeploySmartContractEconomicsFeeValidateFails
=== RUN   TestScProcessor_DeploySmartContractEconomicsFeeSaveAccountsFails
=== PAUSE TestScProcessor_DeploySmartContractEconomicsFeeSaveAccountsFails
=== RUN   TestScProcessor_DeploySmartContractEconomicsWithFlagPenalizeTooMuchGasEnabled
=== PAUSE TestScProcessor_DeploySmartContractEconomicsWithFlagPenalizeTooMuchGasEnabled
=== RUN   TestScProcessor_DeploySmartContractVmContainerGetFails
=== PAUSE TestScProcessor_DeploySmartContractVmContainerGetFails
=== RUN   TestScProcessor_DeploySmartContractVmExecuteCreateSCFails
=== PAUSE TestScProcessor_DeploySmartContractVmExecuteCreateSCFails
=== RUN   TestScProcessor_DeploySmartContractVmExecuteCreateSCVMOutputNil
=== PAUSE TestScProcessor_DeploySmartContractVmExecuteCreateSCVMOutputNil
=== RUN   TestScProcessor_DeploySmartContractVmOutputReturnCodeNotOk
=== PAUSE TestScProcessor_DeploySmartContractVmOutputReturnCodeNotOk
=== RUN   TestScProcessor_DeploySmartContractUpdateDeveloperRewardsFails
=== PAUSE TestScProcessor_DeploySmartContractUpdateDeveloperRewardsFails
=== RUN   TestScProcessor_DeploySmartContractVmOutputGasRemainingNotOk
=== PAUSE TestScProcessor_DeploySmartContractVmOutputGasRemainingNotOk
=== RUN   TestScProcessor_DeploySmartContractVmOutputProcessDeleteAccountsFails
=== PAUSE TestScProcessor_DeploySmartContractVmOutputProcessDeleteAccountsFails
=== RUN   TestScProcessor_DeploySmartContractReloadAccountFails
=== PAUSE TestScProcessor_DeploySmartContractReloadAccountFails
=== RUN   TestScProcessor_DeploySmartContractAddIntermediateTxFails
=== PAUSE TestScProcessor_DeploySmartContractAddIntermediateTxFails
=== RUN   TestScProcessor_DeploySmartContractComputeRewardsFails
=== PAUSE TestScProcessor_DeploySmartContractComputeRewardsFails
=== RUN   TestScProcessor_DeploySmartContract
=== PAUSE TestScProcessor_DeploySmartContract
=== RUN   TestScProcessor_ExecuteSmartContractTransactionNilTx
=== PAUSE TestScProcessor_ExecuteSmartContractTransactionNilTx
=== RUN   TestScProcessor_ExecuteSmartContractTransactionNilAccount
=== PAUSE TestScProcessor_ExecuteSmartContractTransactionNilAccount
=== RUN   TestScProcessor_ExecuteSmartContractTransactionBadParser
=== PAUSE TestScProcessor_ExecuteSmartContractTransactionBadParser
=== RUN   TestScProcessor_ExecuteSmartContractTransactionVMRunError
=== PAUSE TestScProcessor_ExecuteSmartContractTransactionVMRunError
=== RUN   TestScProcessor_ExecuteSmartContractTransactionGasConsumedChecksError
=== PAUSE TestScProcessor_ExecuteSmartContractTransactionGasConsumedChecksError
=== RUN   TestScProcessor_ExecuteSmartContractTransactionVmOutputError
=== PAUSE TestScProcessor_ExecuteSmartContractTransactionVmOutputError
=== RUN   TestScProcessor_ExecuteSmartContractTransaction
=== PAUSE TestScProcessor_ExecuteSmartContractTransaction
=== RUN   TestScProcessor_ExecuteSmartContractTransactionSaveLogCalled
=== PAUSE TestScProcessor_ExecuteSmartContractTransactionSaveLogCalled
=== RUN   TestScProcessor_CreateVMCallInputWrongCode
=== PAUSE TestScProcessor_CreateVMCallInputWrongCode
=== RUN   TestScProcessor_CreateVMCallInput
=== PAUSE TestScProcessor_CreateVMCallInput
=== RUN   TestScProcessor_CreateVMDeployBadCode
=== PAUSE TestScProcessor_CreateVMDeployBadCode
=== RUN   TestScProcessor_CreateVMCallInputBadAsync
=== PAUSE TestScProcessor_CreateVMCallInputBadAsync
=== RUN   TestScProcessor_CreateVMDeployInput
=== PAUSE TestScProcessor_CreateVMDeployInput
=== RUN   TestScProcessor_CreateVMDeployInputNotEnoughArguments
=== PAUSE TestScProcessor_CreateVMDeployInputNotEnoughArguments
=== RUN   TestScProcessor_CreateVMDeployInputWrongArgument
=== PAUSE TestScProcessor_CreateVMDeployInputWrongArgument
=== RUN   TestScProcessor_InitializeVMInputFromTx_ShouldErrNotEnoughGas
=== PAUSE TestScProcessor_InitializeVMInputFromTx_ShouldErrNotEnoughGas
=== RUN   TestScProcessor_InitializeVMInputFromTx
=== PAUSE TestScProcessor_InitializeVMInputFromTx
=== RUN   TestScProcessor_processVMOutputNilSndAcc
=== PAUSE TestScProcessor_processVMOutputNilSndAcc
=== RUN   TestScProcessor_processVMOutputNilDstAcc
=== PAUSE TestScProcessor_processVMOutputNilDstAcc
=== RUN   TestScProcessor_GetAccountFromAddressAccNotFound
=== PAUSE TestScProcessor_GetAccountFromAddressAccNotFound
=== RUN   TestScProcessor_GetAccountFromAddrFailedGetExistingAccount
=== PAUSE TestScProcessor_GetAccountFromAddrFailedGetExistingAccount
=== RUN   TestScProcessor_GetAccountFromAddrAccNotInShard
=== PAUSE TestScProcessor_GetAccountFromAddrAccNotInShard
=== RUN   TestScProcessor_GetAccountFromAddr
=== PAUSE TestScProcessor_GetAccountFromAddr
=== RUN   TestScProcessor_DeleteAccountsFailedAtRemove
=== PAUSE TestScProcessor_DeleteAccountsFailedAtRemove
=== RUN   TestScProcessor_DeleteAccountsNotInShard
=== PAUSE TestScProcessor_DeleteAccountsNotInShard
=== RUN   TestScProcessor_DeleteAccountsInShard
=== PAUSE TestScProcessor_DeleteAccountsInShard
=== RUN   TestScProcessor_ProcessSCPaymentAccNotInShardShouldNotReturnError
=== PAUSE TestScProcessor_ProcessSCPaymentAccNotInShardShouldNotReturnError
=== RUN   TestScProcessor_ProcessSCPaymentNotEnoughBalance
=== PAUSE TestScProcessor_ProcessSCPaymentNotEnoughBalance
=== RUN   TestScProcessor_ProcessSCPaymentWithFeePayer
=== PAUSE TestScProcessor_ProcessSCPaymentWithFeePayer
=== RUN   TestScProcessor_ProcessSCPayment
=== PAUSE TestScProcessor_ProcessSCPayment
=== RUN   TestScProcessor_ProcessSCPaymentWithNewFlags
=== PAUSE TestScProcessor_ProcessSCPaymentWithNewFlags
=== RUN   TestScProcessor_RefundGasToSenderAccNotInShard
=== PAUSE TestScProcessor_RefundGasToSenderAccNotInShard
=== RUN   TestScProcessor_processVMOutput
=== PAUSE TestScProcessor_processVMOutput
=== RUN   TestScProcessor_processSCOutputAccounts
=== PAUSE TestScProcessor_processSCOutputAccounts
=== RUN   TestScProcessor_processSCOutputAccountsNotInShard
=== PAUSE TestScProcessor_processSCOutputAccountsNotInShard
=== RUN   TestScProcessor_CreateCrossShardTransactions
=== PAUSE TestScProcessor_CreateCrossShardTransactions
=== RUN   TestScProcessor_CreateCrossShardTransactionsWithAsyncCalls
=== PAUSE TestScProcessor_CreateCrossShardTransactionsWithAsyncCalls
=== RUN   TestScProcessor_CreateIntraShardTransactionsWithAsyncCalls
=== PAUSE TestScProcessor_CreateIntraShardTransactionsWithAsyncCalls
=== RUN   TestScProcessor_ProcessSmartContractResultNilScr
=== PAUSE TestScProcessor_ProcessSmartContractResultNilScr
=== RUN   TestScProcessor_ProcessSmartContractResultErrGetAccount
=== PAUSE TestScProcessor_ProcessSmartContractResultErrGetAccount
=== RUN   TestScProcessor_ProcessSmartContractResultAccNotInShard
=== PAUSE TestScProcessor_ProcessSmartContractResultAccNotInShard
=== RUN   TestScProcessor_ProcessSmartContractResultBadAccType
=== PAUSE TestScProcessor_ProcessSmartContractResultBadAccType
=== RUN   TestScProcessor_ProcessSmartContractResultNotPayable
=== PAUSE TestScProcessor_ProcessSmartContractResultNotPayable
=== RUN   TestScProcessor_ProcessSmartContractResultOutputBalanceNil
=== PAUSE TestScProcessor_ProcessSmartContractResultOutputBalanceNil
=== RUN   TestScProcessor_ProcessSmartContractResultWithCode
=== PAUSE TestScProcessor_ProcessSmartContractResultWithCode
=== RUN   TestScProcessor_ProcessSmartContractResultWithData
=== PAUSE TestScProcessor_ProcessSmartContractResultWithData
=== RUN   TestScProcessor_ProcessSmartContractResultDeploySCShouldError
=== PAUSE TestScProcessor_ProcessSmartContractResultDeploySCShouldError
=== RUN   TestScProcessor_ProcessSmartContractResultExecuteSC
=== PAUSE TestScProcessor_ProcessSmartContractResultExecuteSC
=== RUN   TestScProcessor_ProcessSmartContractResultExecuteSCIfMetaAndBuiltIn
=== PAUSE TestScProcessor_ProcessSmartContractResultExecuteSCIfMetaAndBuiltIn
=== RUN   TestScProcessor_ProcessRelayedSCRValueBackToRelayer
=== PAUSE TestScProcessor_ProcessRelayedSCRValueBackToRelayer
=== RUN   TestScProcessor_checkUpgradePermission
=== PAUSE TestScProcessor_checkUpgradePermission
=== RUN   TestScProcessor_penalizeUserIfNeededShouldWork
=== PAUSE TestScProcessor_penalizeUserIfNeededShouldWork
=== RUN   TestScProcessor_isTooMuchGasProvidedShouldWork
=== PAUSE TestScProcessor_isTooMuchGasProvidedShouldWork
=== RUN   TestSCProcessor_createSCRWhenError
--- PASS: TestSCProcessor_createSCRWhenError (0.00s)
=== RUN   TestGasLockedInSmartContractProcessor
--- PASS: TestGasLockedInSmartContractProcessor (0.00s)
=== RUN   TestSmartContractProcessor_indexedOutputTransfers
--- PASS: TestSmartContractProcessor_indexedOutputTransfers (0.00s)
=== RUN   TestSmartContractProcessor_computeTotalConsumedFeeAndDevRwd
=== PAUSE TestSmartContractProcessor_computeTotalConsumedFeeAndDevRwd
=== RUN   TestSmartContractProcessor_computeTotalConsumedFeeAndDevRwdWithDifferentSCCallPrice
=== PAUSE TestSmartContractProcessor_computeTotalConsumedFeeAndDevRwdWithDifferentSCCallPrice
=== RUN   TestSmartContractProcessor_finishSCExecutionV2
=== RUN   TestSmartContractProcessor_finishSCExecutionV2/intra_shard_smart_contract_execution_with_builtin_gas_and_remaining_gas
=== RUN   TestSmartContractProcessor_finishSCExecutionV2/intra_shard_smart_contract_execution_with_no_builtin_gas_and_remaining_gas
=== RUN   TestSmartContractProcessor_finishSCExecutionV2/intra_shard_smart_contract_execution_with_builtin_gas_and_no_remaining_gas
=== RUN   TestSmartContractProcessor_finishSCExecutionV2/intra_shard_smart_contract_execution_with_no_builtin_gas_and_no_remaining_gas
--- PASS: TestSmartContractProcessor_finishSCExecutionV2 (0.00s)
    --- PASS: TestSmartContractProcessor_finishSCExecutionV2/intra_shard_smart_contract_execution_with_builtin_gas_and_remaining_gas (0.00s)
    --- PASS: TestSmartContractProcessor_finishSCExecutionV2/intra_shard_smart_contract_execution_with_no_builtin_gas_and_remaining_gas (0.00s)
    --- PASS: TestSmartContractProcessor_finishSCExecutionV2/intra_shard_smart_contract_execution_with_builtin_gas_and_no_remaining_gas (0.00s)
    --- PASS: TestSmartContractProcessor_finishSCExecutionV2/intra_shard_smart_contract_execution_with_no_builtin_gas_and_no_remaining_gas (0.00s)
=== RUN   TestScProcessor_CreateRefundForRelayerFromAnotherShard
--- PASS: TestScProcessor_CreateRefundForRelayerFromAnotherShard (0.00s)
=== RUN   TestScProcessor_ProcessIfErrorRevertAccountFails
=== PAUSE TestScProcessor_ProcessIfErrorRevertAccountFails
=== RUN   TestScProcessor_ProcessIfErrorAsyncCallBack
=== PAUSE TestScProcessor_ProcessIfErrorAsyncCallBack
=== RUN   TestProcessIfErrorCheckBackwardsCompatibilityProcessTransactionFeeCalledShouldBeCalled
=== PAUSE TestProcessIfErrorCheckBackwardsCompatibilityProcessTransactionFeeCalledShouldBeCalled
=== RUN   TestProcessIfErrorCheckBackwardsCompatibilityProcessTransactionFeeCalledShouldNOTBeCalled
=== PAUSE TestProcessIfErrorCheckBackwardsCompatibilityProcessTransactionFeeCalledShouldNOTBeCalled
=== RUN   TestProcessSCRSizeTooBig
=== PAUSE TestProcessSCRSizeTooBig
=== RUN   TestProcessIsInformativeSCR
=== PAUSE TestProcessIsInformativeSCR
=== RUN   TestCleanInformativeOnlySCRs
=== PAUSE TestCleanInformativeOnlySCRs
=== RUN   TestProcessGetOriginalTxHashForRelayedIntraShard
=== PAUSE TestProcessGetOriginalTxHashForRelayedIntraShard
=== RUN   TestProcess_createCompletedTxEvent
=== PAUSE TestProcess_createCompletedTxEvent
=== RUN   TestMergeVmOutputLogs
=== PAUSE TestMergeVmOutputLogs
=== RUN   TestScProcessor_TooMuchGasProvidedMessage
=== PAUSE TestScProcessor_TooMuchGasProvidedMessage
=== RUN   TestSCProcessor_PrependAsyncParamsToData
    process_test.go:4459: needs clarification
--- SKIP: TestSCProcessor_PrependAsyncParamsToData (0.00s)
=== RUN   TestScProcessor_ForbidMultiLevelAsync
=== PAUSE TestScProcessor_ForbidMultiLevelAsync
=== RUN   Test_createExecutableCheckersMap
=== PAUSE Test_createExecutableCheckersMap
=== CONT  TestNewSmartContractProcessorNilVM
--- PASS: TestNewSmartContractProcessorNilVM (0.00s)
=== CONT  TestScProcessor_CreateVMCallInputWrongCode
=== CONT  TestScProcessor_ExecuteBuiltInDCDTTransfer
--- PASS: TestScProcessor_CreateVMCallInputWrongCode (0.00s)
=== CONT  TestScProcessor_ExecuteBuiltInFunction
=== CONT  TestScProcessor_ExecuteBuiltInFunctionSCResultCallSelfShardCannotSaveLog
=== CONT  TestScProcessor_ProcessSmartContractResultErrGetAccount
=== CONT  Test_createExecutableCheckersMap
=== RUN   Test_createExecutableCheckersMap/empty_builtInFunctions_should_return_empty_map
--- PASS: TestScProcessor_ExecuteBuiltInFunctionSCResultCallSelfShardCannotSaveLog (0.00s)
--- PASS: TestScProcessor_ExecuteBuiltInDCDTTransfer (0.00s)
=== CONT  TestNewSmartContractProcessor_NilEconomicsFeeShouldErr
=== CONT  TestScProcessor_ExecuteSmartContractTransactionSaveLogCalled
--- PASS: TestScProcessor_ProcessSmartContractResultErrGetAccount (0.00s)
--- PASS: TestNewSmartContractProcessor_NilEconomicsFeeShouldErr (0.00s)
=== CONT  TestNewSmartContractProcessor_ErrNilGasHandlerMock
--- PASS: TestNewSmartContractProcessor_ErrNilGasHandlerMock (0.00s)
=== CONT  TestNewSmartContractProcessor_ErrNilUnsignedTxHandlerMock
=== RUN   Test_createExecutableCheckersMap/no_builtinFunctions_implementing_ExecutableChecker_interface_should_return_empty_map
--- PASS: TestNewSmartContractProcessor_ErrNilUnsignedTxHandlerMock (0.00s)
=== CONT  TestScProcessor_ExecuteSmartContractTransaction
=== CONT  TestNewSmartContractProcessor_NilIntermediateMock
=== CONT  TestScProcessor_DeleteAccountsNotInShard
--- PASS: TestScProcessor_ExecuteSmartContractTransactionSaveLogCalled (0.00s)
=== CONT  TestScProcessor_ProcessSmartContractResultNilScr
--- PASS: TestNewSmartContractProcessor_NilIntermediateMock (0.00s)
--- PASS: TestScProcessor_ExecuteBuiltInFunction (0.00s)
=== RUN   Test_createExecutableCheckersMap/one_builtinFunctions_implementing_ExecutableChecker_interface_should_return_map_with_one_entry_that_builtin_func
=== CONT  TestMergeVmOutputLogs
--- PASS: TestScProcessor_ProcessSmartContractResultNilScr (0.00s)
=== CONT  TestScProcessor_CreateIntraShardTransactionsWithAsyncCalls
--- PASS: TestScProcessor_DeleteAccountsNotInShard (0.00s)
--- PASS: TestMergeVmOutputLogs (0.00s)
=== CONT  TestScProcessor_CreateCrossShardTransactionsWithAsyncCalls
--- PASS: TestScProcessor_ExecuteSmartContractTransaction (0.00s)
=== CONT  TestScProcessor_CreateCrossShardTransactions
--- PASS: Test_createExecutableCheckersMap (0.00s)
    --- PASS: Test_createExecutableCheckersMap/empty_builtInFunctions_should_return_empty_map (0.00s)
    --- PASS: Test_createExecutableCheckersMap/no_builtinFunctions_implementing_ExecutableChecker_interface_should_return_empty_map (0.00s)
    --- PASS: Test_createExecutableCheckersMap/one_builtinFunctions_implementing_ExecutableChecker_interface_should_return_map_with_one_entry_that_builtin_func (0.00s)
=== CONT  TestProcess_createCompletedTxEvent
=== CONT  TestNewSmartContractProcessorNilShardCoordinator
=== CONT  TestScProcessor_processSCOutputAccounts
=== CONT  TestProcessGetOriginalTxHashForRelayedIntraShard
=== CONT  TestCleanInformativeOnlySCRs
=== CONT  TestProcessIsInformativeSCR
=== CONT  TestScProcessor_ProcessSCPaymentWithFeePayer
=== CONT  TestProcessSCRSizeTooBig
=== CONT  TestNewSmartContractProcessorNilFakeAccountsHandler
=== CONT  TestScProcessor_RefundGasToSenderAccNotInShard
=== RUN   TestScProcessor_ProcessSCPaymentWithFeePayer/fee_payer_is_sender
=== CONT  TestProcessIfErrorCheckBackwardsCompatibilityProcessTransactionFeeCalledShouldBeCalled
=== CONT  TestScProcessor_ProcessIfErrorAsyncCallBack
=== CONT  TestNewSmartContractProcessorNilAccountsDB
=== CONT  TestScProcessor_ProcessSCPaymentWithNewFlags
=== CONT  TestProcessIfErrorCheckBackwardsCompatibilityProcessTransactionFeeCalledShouldNOTBeCalled
=== CONT  TestSmartContractProcessor_computeTotalConsumedFeeAndDevRwd
[0;31mERROR[0m[2026-03-16 10:14:09.400]   uint64 subtraction overflowed            [0;31mcomputeTotalConsumedFeeAndDevRwd[0m = vmOutput.GasRemaining 
=== CONT  TestScProcessor_ProcessSmartContractResultDeploySCShouldError
=== CONT  TestScProcessor_isTooMuchGasProvidedShouldWork
=== CONT  TestScProcessor_ProcessSmartContractResultWithData
--- PASS: TestScProcessor_CreateIntraShardTransactionsWithAsyncCalls (0.00s)
--- PASS: TestScProcessor_CreateCrossShardTransactions (0.00s)
--- PASS: TestNewSmartContractProcessorNilShardCoordinator (0.00s)
--- PASS: TestProcessGetOriginalTxHashForRelayedIntraShard (0.00s)
--- PASS: TestProcess_createCompletedTxEvent (0.00s)
--- PASS: TestCleanInformativeOnlySCRs (0.00s)
--- PASS: TestScProcessor_processSCOutputAccounts (0.00s)
--- PASS: TestProcessIsInformativeSCR (0.00s)
=== CONT  TestNewSmartContractProcessorNilHasher
=== CONT  TestScProcessor_ProcessSmartContractResultWithCode
=== CONT  TestNewSmartContractProcessorNilArgsParser
=== CONT  TestScProcessor_checkUpgradePermission
=== CONT  TestScProcessor_ProcessSmartContractResultOutputBalanceNil
=== CONT  TestScProcessor_ProcessSmartContractResultNotPayable
=== CONT  TestScProcessor_ProcessRelayedSCRValueBackToRelayer
=== CONT  TestScProcessor_ProcessSmartContractResultExecuteSCIfMetaAndBuiltIn
=== CONT  TestScProcessor_ProcessSmartContractResultBadAccType
=== CONT  TestScProcessor_ProcessSmartContractResultExecuteSC
=== CONT  TestNewSmartContractProcessorNilVMOutputCacher
=== CONT  TestNewSmartContractProcessorVerifyAllMembers
=== CONT  TestScProcessor_DeploySmartContractVmOutputReturnCodeNotOk
=== CONT  TestScProcessor_ExecuteBuiltInFunctionSCResultCallSelfShard
=== CONT  TestScProcessor_ExecuteSmartContractTransactionVmOutputError
=== CONT  TestScProcessor_ForbidMultiLevelAsync
=== CONT  TestScProcessor_ExecuteSmartContractTransactionGasConsumedChecksError
=== CONT  TestScProcessor_processVMOutput
=== CONT  TestScProcessor_TooMuchGasProvidedMessage
=== CONT  TestScProcessor_processSCOutputAccountsNotInShard
=== CONT  TestSmartContractProcessor_computeTotalConsumedFeeAndDevRwdWithDifferentSCCallPrice
=== CONT  TestNewSmartContractProcessorNilMarshalizer
=== CONT  TestNewSmartContractProcessorNilAdrConv
=== CONT  TestScProcessor_ProcessIfErrorRevertAccountFails
=== CONT  TestScProcessor_ProcessSCPayment
=== CONT  TestScProcessor_penalizeUserIfNeededShouldWork
--- PASS: TestScProcessor_CreateCrossShardTransactionsWithAsyncCalls (0.00s)
=== CONT  TestNewSmartContractProcessorNilBuiltInFunctions
=== CONT  TestScProcessor_ProcessSmartContractResultAccNotInShard
=== CONT  TestScProcessor_BuiltInCallSmartContractSenderFailed
=== CONT  TestScProcessor_DeploySmartContractRunError
--- PASS: TestScProcessor_RefundGasToSenderAccNotInShard (0.00s)
--- PASS: TestNewSmartContractProcessorNilFakeAccountsHandler (0.00s)
--- PASS: TestScProcessor_ProcessSmartContractResultAccNotInShard (0.00s)
=== CONT  TestScProcessor_DeploySmartContractBadParse
[0;31mERROR[0m[2026-03-16 10:14:09.408]   gasConsumedChecks with problem           [0;31merr[0m = more gas used than provided [0;31mtxHash[0m = f15776acd2c63759d1702b612daef60cae751b35b63e27bf56da5ea58144cbed 
[0;33mWARN [0m[2026-03-16 10:14:09.408]   revert to snapshot                       [0;33merror[0m = expected error 
--- PASS: TestProcessIfErrorCheckBackwardsCompatibilityProcessTransactionFeeCalledShouldBeCalled (0.00s)
--- PASS: TestScProcessor_ProcessIfErrorAsyncCallBack (0.00s)
--- PASS: TestNewSmartContractProcessorNilAccountsDB (0.00s)
--- PASS: TestScProcessor_ProcessSCPaymentWithNewFlags (0.00s)
--- PASS: TestProcessSCRSizeTooBig (0.00s)
--- PASS: TestSmartContractProcessor_computeTotalConsumedFeeAndDevRwd (0.00s)
--- PASS: TestScProcessor_ProcessSmartContractResultDeploySCShouldError (0.00s)
--- PASS: TestScProcessor_isTooMuchGasProvidedShouldWork (0.00s)
--- PASS: TestScProcessor_ProcessSmartContractResultWithData (0.00s)
--- PASS: TestNewSmartContractProcessorNilHasher (0.00s)
--- PASS: TestNewSmartContractProcessorNilArgsParser (0.00s)
--- PASS: TestScProcessor_ProcessSmartContractResultWithCode (0.00s)
--- PASS: TestScProcessor_checkUpgradePermission (0.00s)
--- PASS: TestScProcessor_ProcessSmartContractResultOutputBalanceNil (0.00s)
--- PASS: TestScProcessor_ProcessSmartContractResultNotPayable (0.00s)
--- PASS: TestScProcessor_ProcessSmartContractResultExecuteSCIfMetaAndBuiltIn (0.00s)
--- PASS: TestScProcessor_ProcessRelayedSCRValueBackToRelayer (0.00s)
--- PASS: TestScProcessor_ProcessSmartContractResultBadAccType (0.00s)
--- PASS: TestScProcessor_ProcessSmartContractResultExecuteSC (0.00s)
--- PASS: TestNewSmartContractProcessorVerifyAllMembers (0.00s)
--- PASS: TestScProcessor_DeploySmartContractVmOutputReturnCodeNotOk (0.00s)
--- PASS: TestScProcessor_ExecuteBuiltInFunctionSCResultCallSelfShard (0.00s)
--- PASS: TestScProcessor_ForbidMultiLevelAsync (0.00s)
--- PASS: TestProcessIfErrorCheckBackwardsCompatibilityProcessTransactionFeeCalledShouldNOTBeCalled (0.00s)
--- PASS: TestScProcessor_penalizeUserIfNeededShouldWork (0.00s)
--- PASS: TestNewSmartContractProcessorNilVMOutputCacher (0.00s)
=== CONT  TestScProcessor_ExecuteSmartContractTransactionBadParser
--- PASS: TestScProcessor_ExecuteSmartContractTransactionBadParser (0.00s)
=== CONT  TestScProcessor_DeploySmartContractVmExecuteCreateSCVMOutputNil
--- PASS: TestScProcessor_DeploySmartContractVmExecuteCreateSCVMOutputNil (0.00s)
=== CONT  TestScProcessor_DeploySmartContractVmExecuteCreateSCFails
--- PASS: TestScProcessor_DeploySmartContractVmExecuteCreateSCFails (0.00s)
=== CONT  TestScProcessor_DeploySmartContractVmOutputProcessDeleteAccountsFails
--- PASS: TestScProcessor_DeploySmartContractVmOutputProcessDeleteAccountsFails (0.00s)
=== CONT  TestScProcessor_DeploySmartContractVmOutputGasRemainingNotOk
[0;31mERROR[0m[2026-03-16 10:14:09.409]   gasConsumedChecks with problem           [0;31merr[0m = more gas used than provided [0;31mtxHash[0m = 5f9e4565031922ea2ee9021b61e9f9200b55edf9b28f610a117c00a8b6ce8c79 
--- PASS: TestScProcessor_DeploySmartContractVmOutputGasRemainingNotOk (0.00s)
=== CONT  TestScProcessor_DeploySmartContractUpdateDeveloperRewardsFails
--- PASS: TestScProcessor_DeploySmartContractUpdateDeveloperRewardsFails (0.00s)
=== CONT  TestScProcessor_DeploySmartContractVmContainerGetFails
--- PASS: TestScProcessor_DeploySmartContractVmContainerGetFails (0.00s)
=== CONT  TestScProcessor_processVMOutputNilSndAcc
--- PASS: TestScProcessor_processVMOutputNilSndAcc (0.00s)
=== CONT  TestScProcessor_DeploySmartContractEconomicsWithFlagPenalizeTooMuchGasEnabled
--- PASS: TestScProcessor_DeploySmartContractEconomicsWithFlagPenalizeTooMuchGasEnabled (0.00s)
=== CONT  TestScProcessor_DeleteAccountsFailedAtRemove
--- PASS: TestScProcessor_DeleteAccountsFailedAtRemove (0.00s)
=== CONT  TestScProcessor_DeploySmartContractEconomicsFeeSaveAccountsFails
--- PASS: TestScProcessor_DeploySmartContractEconomicsFeeSaveAccountsFails (0.00s)
=== CONT  TestScProcessor_DeploySmartContractEconomicsFeeValidateFails
--- PASS: TestScProcessor_DeploySmartContractEconomicsFeeValidateFails (0.00s)
=== CONT  TestScProcessor_GetAccountFromAddr
--- PASS: TestScProcessor_GetAccountFromAddr (0.00s)
=== CONT  TestScProcessor_DeploySmartContractWrongTx
--- PASS: TestScProcessor_DeploySmartContractWrongTx (0.00s)
=== CONT  TestScProcessor_GetAccountFromAddrAccNotInShard
--- PASS: TestScProcessor_GetAccountFromAddrAccNotInShard (0.00s)
=== CONT  TestScProcessor_DeploySmartContractNotEmptyDestinationAddress
--- PASS: TestScProcessor_DeploySmartContractNotEmptyDestinationAddress (0.00s)
=== CONT  TestScProcessor_DeploySmartContractNilTx
--- PASS: TestScProcessor_DeploySmartContractNilTx (0.00s)
=== CONT  TestScProcessor_GetAccountFromAddrFailedGetExistingAccount
--- PASS: TestScProcessor_GetAccountFromAddrFailedGetExistingAccount (0.00s)
=== CONT  TestScProcessor_GetAccountFromAddressAccNotFound
--- PASS: TestScProcessor_GetAccountFromAddressAccNotFound (0.00s)
=== CONT  TestScProcessor_CreateVMDeployInputNotEnoughArguments
--- PASS: TestScProcessor_CreateVMDeployInputNotEnoughArguments (0.00s)
=== CONT  TestScProcessor_processVMOutputNilDstAcc
--- PASS: TestScProcessor_processVMOutputNilDstAcc (0.00s)
=== CONT  TestScProcessor_InitializeVMInputFromTx
--- PASS: TestScProcessor_InitializeVMInputFromTx (0.00s)
=== CONT  TestScProcessor_CreateVMDeployInputWrongArgument
--- PASS: TestScProcessor_CreateVMDeployInputWrongArgument (0.00s)
=== CONT  TestScProcessor_InitializeVMInputFromTx_ShouldErrNotEnoughGas
--- PASS: TestScProcessor_InitializeVMInputFromTx_ShouldErrNotEnoughGas (0.00s)
=== CONT  TestScProcessor_ExecuteBuiltInDCDTTransfer_InCallback
--- PASS: TestScProcessor_ExecuteBuiltInDCDTTransfer_InCallback (0.00s)
=== CONT  TestScProcessor_ProcessSCPaymentAccNotInShardShouldNotReturnError
--- PASS: TestScProcessor_ProcessSCPaymentAccNotInShardShouldNotReturnError (0.00s)
=== CONT  TestScProcessor_ExecuteBuiltInFunctionSCRTooBig
--- PASS: TestScProcessor_TooMuchGasProvidedMessage (0.00s)
--- PASS: TestScProcessor_ExecuteSmartContractTransactionGasConsumedChecksError (0.01s)
--- PASS: TestScProcessor_processVMOutput (0.00s)
--- PASS: TestScProcessor_processSCOutputAccountsNotInShard (0.00s)
--- PASS: TestScProcessor_BuiltInCallSmartContractSenderFailed (0.00s)
--- PASS: TestScProcessor_DeploySmartContractRunError (0.00s)
--- PASS: TestSmartContractProcessor_computeTotalConsumedFeeAndDevRwdWithDifferentSCCallPrice (0.00s)
--- PASS: TestNewSmartContractProcessorNilMarshalizer (0.00s)
--- PASS: TestNewSmartContractProcessorNilAdrConv (0.00s)
--- PASS: TestScProcessor_ProcessIfErrorRevertAccountFails (0.00s)
--- PASS: TestScProcessor_ProcessSCPayment (0.00s)
--- PASS: TestNewSmartContractProcessorNilBuiltInFunctions (0.00s)
=== CONT  TestGasScheduleChangeShouldWork
--- PASS: TestGasScheduleChangeShouldWork (0.00s)
=== CONT  TestScProcessor_ProcessSCPaymentNotEnoughBalance
--- PASS: TestScProcessor_DeploySmartContractBadParse (0.00s)
=== CONT  TestScProcessor_ExecuteSmartContractTransactionNilAccount
=== CONT  TestGasScheduleChangeNoApiCostShouldNotChange
=== CONT  TestScProcessor_ExecuteSmartContractTransactionNilTx
=== CONT  TestNewSmartContractProcessor_NilBadTxForwarderShouldErr
=== CONT  TestScProcessor_DeleteAccountsInShard
--- PASS: TestScProcessor_DeleteAccountsInShard (0.00s)
=== CONT  TestNewSmartContractProcessor_NilLatestGasScheduleShouldErr
--- PASS: TestNewSmartContractProcessor_NilLatestGasScheduleShouldErr (0.00s)
=== CONT  TestNewSmartContractProcessor_NilTxLogsProcessorShouldErr
=== CONT  TestScProcessor_DeploySmartContract
=== CONT  TestNewSmartContractProcessor
--- PASS: TestNewSmartContractProcessor (0.00s)
=== CONT  TestScProcessor_CreateVMCallInputBadAsync
=== CONT  TestScProcessor_DeploySmartContractComputeRewardsFails
=== CONT  TestNewSmartContractProcessor_NilLockerShouldErr
--- PASS: TestNewSmartContractProcessor_NilLockerShouldErr (0.00s)
=== CONT  TestScProcessor_CreateVMDeployInput
--- PASS: TestScProcessor_CreateVMDeployInput (0.00s)
=== CONT  TestScProcessor_CreateVMCallInput
=== CONT  TestScProcessor_DeploySmartContractAddIntermediateTxFails
--- PASS: TestScProcessor_DeploySmartContractAddIntermediateTxFails (0.00s)
=== CONT  TestScProcessor_CreateVMDeployBadCode
--- PASS: TestScProcessor_CreateVMDeployBadCode (0.00s)
=== CONT  TestNewSmartContractProcessor_NilGasScheduleShouldErr
--- PASS: TestNewSmartContractProcessor_NilGasScheduleShouldErr (0.00s)
=== CONT  TestNewSmartContractProcessor_NilTxTypeHandlerShouldErr
=== CONT  TestScProcessor_ExecuteSmartContractTransactionVMRunError
=== RUN   TestScProcessor_ProcessSCPaymentWithFeePayer/fee_payer_is_receiver
=== CONT  TestScProcessor_DeploySmartContractCalculateHashFails
=== CONT  TestScProcessor_DeploySmartContractReloadAccountFails
--- PASS: TestScProcessor_DeploySmartContractReloadAccountFails (0.00s)
--- PASS: TestScProcessor_ProcessSCPaymentNotEnoughBalance (0.00s)
--- PASS: TestScProcessor_ExecuteSmartContractTransactionNilAccount (0.00s)
--- PASS: TestGasScheduleChangeNoApiCostShouldNotChange (0.00s)
--- PASS: TestScProcessor_ExecuteSmartContractTransactionNilTx (0.00s)
--- PASS: TestNewSmartContractProcessor_NilBadTxForwarderShouldErr (0.00s)
--- PASS: TestNewSmartContractProcessor_NilTxLogsProcessorShouldErr (0.00s)
--- PASS: TestScProcessor_DeploySmartContract (0.00s)
--- PASS: TestScProcessor_CreateVMCallInputBadAsync (0.00s)
--- PASS: TestScProcessor_DeploySmartContractComputeRewardsFails (0.00s)
--- PASS: TestScProcessor_CreateVMCallInput (0.00s)
--- PASS: TestNewSmartContractProcessor_NilTxTypeHandlerShouldErr (0.00s)
--- PASS: TestScProcessor_ExecuteSmartContractTransactionVMRunError (0.00s)
=== RUN   TestScProcessor_ProcessSCPaymentWithFeePayer/fee_payer_is_different
--- PASS: TestScProcessor_DeploySmartContractCalculateHashFails (0.00s)
--- PASS: TestScProcessor_ProcessSCPaymentWithFeePayer (0.02s)
    --- PASS: TestScProcessor_ProcessSCPaymentWithFeePayer/fee_payer_is_sender (0.00s)
    --- PASS: TestScProcessor_ProcessSCPaymentWithFeePayer/fee_payer_is_receiver (0.00s)
    --- PASS: TestScProcessor_ProcessSCPaymentWithFeePayer/fee_payer_is_different (0.00s)
--- PASS: TestScProcessor_ExecuteSmartContractTransactionVmOutputError (0.01s)
--- PASS: TestScProcessor_ExecuteBuiltInFunctionSCRTooBig (0.04s)
PASS
ok  	github.com/TerraDharitri/drt-go-chain/process/smartContract/processorV2	(cached)
=== RUN   Test_parseVMTypeFromContractAddress
--- PASS: Test_parseVMTypeFromContractAddress (0.00s)
=== RUN   Test_parseVMTypeFromContractAddress_WhenAddressTooShort
--- PASS: Test_parseVMTypeFromContractAddress_WhenAddressTooShort (0.00s)
PASS
ok  	github.com/TerraDharitri/drt-go-chain/process/smartContract/scrCommon	(cached)
=== RUN   TestBaseBootstrap_SyncBlocksShouldNotCallSyncIfNotConnectedToTheNetwork
=== PAUSE TestBaseBootstrap_SyncBlocksShouldNotCallSyncIfNotConnectedToTheNetwork
=== RUN   TestBaseBootstrap_SyncBlocksShouldCallSyncIfConnectedToTheNetwork
=== PAUSE TestBaseBootstrap_SyncBlocksShouldCallSyncIfConnectedToTheNetwork
=== RUN   TestBaseBootstrap_GetOrderedMiniBlocksShouldErrMissingBody
=== PAUSE TestBaseBootstrap_GetOrderedMiniBlocksShouldErrMissingBody
=== RUN   TestBaseBootstrap_GetOrderedMiniBlocksShouldWork
=== PAUSE TestBaseBootstrap_GetOrderedMiniBlocksShouldWork
=== RUN   TestBaseBootstrap_GetNodeState
=== PAUSE TestBaseBootstrap_GetNodeState
=== RUN   TestBaseSync_getEpochOfCurrentBlockGenesis
=== PAUSE TestBaseSync_getEpochOfCurrentBlockGenesis
=== RUN   TestBaseSync_getEpochOfCurrentBlockHeader
=== PAUSE TestBaseSync_getEpochOfCurrentBlockHeader
=== RUN   TestBaseSync_shouldAllowRollback
=== PAUSE TestBaseSync_shouldAllowRollback
=== RUN   TestNewBasicForkDetector_ShouldErrNilRoundHandler
=== PAUSE TestNewBasicForkDetector_ShouldErrNilRoundHandler
=== RUN   TestNewBasicForkDetector_ShouldErrNilBlackListHandler
=== PAUSE TestNewBasicForkDetector_ShouldErrNilBlackListHandler
=== RUN   TestNewBasicForkDetector_ShouldErrNilBlockTracker
=== PAUSE TestNewBasicForkDetector_ShouldErrNilBlockTracker
=== RUN   TestNewBasicForkDetector_ShouldErrNilEnableEpochsHandler
=== PAUSE TestNewBasicForkDetector_ShouldErrNilEnableEpochsHandler
=== RUN   TestNewBasicForkDetector_ShouldErrNilProofsPool
=== PAUSE TestNewBasicForkDetector_ShouldErrNilProofsPool
=== RUN   TestNewBasicForkDetector_ShouldWork
=== PAUSE TestNewBasicForkDetector_ShouldWork
=== RUN   TestBasicForkDetector_CheckBlockValidityShouldErrGenesisTimeMissmatch
=== PAUSE TestBasicForkDetector_CheckBlockValidityShouldErrGenesisTimeMissmatch
=== RUN   TestBasicForkDetector_CheckBlockValidityShouldErrLowerRoundInBlock
=== PAUSE TestBasicForkDetector_CheckBlockValidityShouldErrLowerRoundInBlock
=== RUN   TestBasicForkDetector_CheckBlockValidityShouldErrLowerNonceInBlock
=== PAUSE TestBasicForkDetector_CheckBlockValidityShouldErrLowerNonceInBlock
=== RUN   TestBasicForkDetector_CheckBlockValidityShouldErrHigherRoundInBlock
=== PAUSE TestBasicForkDetector_CheckBlockValidityShouldErrHigherRoundInBlock
=== RUN   TestBasicForkDetector_CheckBlockValidityShouldErrHigherNonceInBlock
=== PAUSE TestBasicForkDetector_CheckBlockValidityShouldErrHigherNonceInBlock
=== RUN   TestBasicForkDetector_CheckBlockValidityShouldWork
=== PAUSE TestBasicForkDetector_CheckBlockValidityShouldWork
=== RUN   TestBasicForkDetector_RemoveHeadersShouldWork
=== PAUSE TestBasicForkDetector_RemoveHeadersShouldWork
=== RUN   TestBasicForkDetector_CheckForkOnlyOneShardHeaderOnANonceShouldReturnFalse
=== PAUSE TestBasicForkDetector_CheckForkOnlyOneShardHeaderOnANonceShouldReturnFalse
=== RUN   TestBasicForkDetector_CheckForkOnlyReceivedHeadersShouldReturnFalse
=== PAUSE TestBasicForkDetector_CheckForkOnlyReceivedHeadersShouldReturnFalse
=== RUN   TestBasicForkDetector_CheckForkOnlyOneShardHeaderOnANonceReceivedAndProcessedShouldReturnFalse
=== PAUSE TestBasicForkDetector_CheckForkOnlyOneShardHeaderOnANonceReceivedAndProcessedShouldReturnFalse
=== RUN   TestBasicForkDetector_CheckForkMetaHeaderProcessedShouldReturnFalse
=== PAUSE TestBasicForkDetector_CheckForkMetaHeaderProcessedShouldReturnFalse
=== RUN   TestBasicForkDetector_CheckForkMetaHeaderProcessedShouldReturnFalseWhenLowerRound
=== PAUSE TestBasicForkDetector_CheckForkMetaHeaderProcessedShouldReturnFalseWhenLowerRound
=== RUN   TestBasicForkDetector_CheckForkMetaHeaderProcessedShouldReturnFalseWhenEqualRoundWithLowerHash
=== PAUSE TestBasicForkDetector_CheckForkMetaHeaderProcessedShouldReturnFalseWhenEqualRoundWithLowerHash
=== RUN   TestBasicForkDetector_CheckForkShardHeaderProcessedShouldReturnTrueWhenEqualRoundWithLowerHash
=== PAUSE TestBasicForkDetector_CheckForkShardHeaderProcessedShouldReturnTrueWhenEqualRoundWithLowerHash
=== RUN   TestBasicForkDetector_CheckForkMetaHeaderProcessedShouldReturnTrueWhenEqualRoundWithHigherHash
=== PAUSE TestBasicForkDetector_CheckForkMetaHeaderProcessedShouldReturnTrueWhenEqualRoundWithHigherHash
=== RUN   TestBasicForkDetector_CheckForkShardHeaderProcessedShouldReturnTrueWhenEqualRoundWithHigherHash
=== PAUSE TestBasicForkDetector_CheckForkShardHeaderProcessedShouldReturnTrueWhenEqualRoundWithHigherHash
=== RUN   TestBasicForkDetector_CheckForkShouldReturnTrue
=== PAUSE TestBasicForkDetector_CheckForkShouldReturnTrue
=== RUN   TestBasicForkDetector_CheckForkShouldReturnFalseWhenForkIsOnFinalCheckpointNonce
=== PAUSE TestBasicForkDetector_CheckForkShouldReturnFalseWhenForkIsOnFinalCheckpointNonce
=== RUN   TestBasicForkDetector_CheckForkShouldReturnFalseWhenForkIsOnHigherEpochBlockReceivedTooLate
=== PAUSE TestBasicForkDetector_CheckForkShouldReturnFalseWhenForkIsOnHigherEpochBlockReceivedTooLate
=== RUN   TestBasicForkDetector_RemovePastHeadersShouldWork
=== PAUSE TestBasicForkDetector_RemovePastHeadersShouldWork
=== RUN   TestBasicForkDetector_RemoveInvalidReceivedHeadersShouldWork
=== PAUSE TestBasicForkDetector_RemoveInvalidReceivedHeadersShouldWork
=== RUN   TestBasicForkDetector_RemoveCheckpointHeaderNonceShouldResetCheckpoint
=== PAUSE TestBasicForkDetector_RemoveCheckpointHeaderNonceShouldResetCheckpoint
=== RUN   TestBasicForkDetector_GetHighestFinalBlockNonce
=== PAUSE TestBasicForkDetector_GetHighestFinalBlockNonce
=== RUN   TestBasicForkDetector_ProbableHighestNonce
=== PAUSE TestBasicForkDetector_ProbableHighestNonce
=== RUN   TestShardForkDetector_ShouldAddBlockInForkDetectorShouldWork
=== PAUSE TestShardForkDetector_ShouldAddBlockInForkDetectorShouldWork
=== RUN   TestShardForkDetector_ShouldAddBlockInForkDetectorShouldErrLowerRoundInBlock
=== PAUSE TestShardForkDetector_ShouldAddBlockInForkDetectorShouldErrLowerRoundInBlock
=== RUN   TestMetaForkDetector_ShouldAddBlockInForkDetectorShouldWork
=== PAUSE TestMetaForkDetector_ShouldAddBlockInForkDetectorShouldWork
=== RUN   TestMetaForkDetector_ShouldAddBlockInForkDetectorShouldErrLowerRoundInBlock
=== PAUSE TestMetaForkDetector_ShouldAddBlockInForkDetectorShouldErrLowerRoundInBlock
=== RUN   TestShardForkDetector_AddNotarizedHeadersShouldNotChangeTheFinalCheckpoint
=== PAUSE TestShardForkDetector_AddNotarizedHeadersShouldNotChangeTheFinalCheckpoint
=== RUN   TestBaseForkDetector_IsConsensusStuckNotSyncingShouldReturnFalse
=== PAUSE TestBaseForkDetector_IsConsensusStuckNotSyncingShouldReturnFalse
=== RUN   TestBaseForkDetector_IsConsensusStuckNoncesDifferencesNotEnoughShouldReturnFalse
=== PAUSE TestBaseForkDetector_IsConsensusStuckNoncesDifferencesNotEnoughShouldReturnFalse
=== RUN   TestBaseForkDetector_IsConsensusStuckNotInProperRoundShouldReturnFalse
=== PAUSE TestBaseForkDetector_IsConsensusStuckNotInProperRoundShouldReturnFalse
=== RUN   TestBaseForkDetector_IsConsensusStuckShouldReturnTrue
=== PAUSE TestBaseForkDetector_IsConsensusStuckShouldReturnTrue
=== RUN   TestBaseForkDetector_ComputeTimeDuration
=== PAUSE TestBaseForkDetector_ComputeTimeDuration
=== RUN   TestShardForkDetector_RemoveHeaderShouldComputeFinalCheckpoint
=== PAUSE TestShardForkDetector_RemoveHeaderShouldComputeFinalCheckpoint
=== RUN   TestBasicForkDetector_CheckForkMetaHeaderProcessedShouldWorkOnEqualRoundWithLowerHash
=== PAUSE TestBasicForkDetector_CheckForkMetaHeaderProcessedShouldWorkOnEqualRoundWithLowerHash
=== RUN   TestBasicForkDetector_SetFinalToLastCheckpointShouldWork
--- PASS: TestBasicForkDetector_SetFinalToLastCheckpointShouldWork (0.00s)
=== RUN   TestBaseForkDetector_GetNotarizedHeaderHash
=== PAUSE TestBaseForkDetector_GetNotarizedHeaderHash
=== RUN   TestBaseForkDetector_ReceivedProof
=== PAUSE TestBaseForkDetector_ReceivedProof
=== RUN   TestBaseForkDetector_BlockWithoutProofShouldReturnEarly
=== PAUSE TestBaseForkDetector_BlockWithoutProofShouldReturnEarly
=== RUN   TestBaseForkDetector_ReceivedProofForBlockHeaderShouldSetProof
=== PAUSE TestBaseForkDetector_ReceivedProofForBlockHeaderShouldSetProof
=== RUN   TestNewMetaForkDetector_NilRoundHandlerShouldErr
=== PAUSE TestNewMetaForkDetector_NilRoundHandlerShouldErr
=== RUN   TestNewMetaForkDetector_NilBlackListShouldErr
=== PAUSE TestNewMetaForkDetector_NilBlackListShouldErr
=== RUN   TestNewMetaForkDetector_NilBlockTrackerShouldErr
=== PAUSE TestNewMetaForkDetector_NilBlockTrackerShouldErr
=== RUN   TestNewMetaForkDetector_NilEnableEpochsHandlerShouldErr
=== PAUSE TestNewMetaForkDetector_NilEnableEpochsHandlerShouldErr
=== RUN   TestNewMetaForkDetector_NilProofsPoolShouldErr
=== PAUSE TestNewMetaForkDetector_NilProofsPoolShouldErr
=== RUN   TestNewMetaForkDetector_OkParamsShouldWork
=== PAUSE TestNewMetaForkDetector_OkParamsShouldWork
=== RUN   TestMetaForkDetector_AddHeaderNilHeaderShouldErr
=== PAUSE TestMetaForkDetector_AddHeaderNilHeaderShouldErr
=== RUN   TestMetaForkDetector_AddHeaderNilHashShouldErr
=== PAUSE TestMetaForkDetector_AddHeaderNilHashShouldErr
=== RUN   TestMetaForkDetector_AddHeaderNotPresentShouldWork
=== PAUSE TestMetaForkDetector_AddHeaderNotPresentShouldWork
=== RUN   TestMetaForkDetector_AddHeaderPresentShouldAppend
=== PAUSE TestMetaForkDetector_AddHeaderPresentShouldAppend
=== RUN   TestMetaForkDetector_AddHeaderWithProcessedBlockShouldSetCheckpoint
=== PAUSE TestMetaForkDetector_AddHeaderWithProcessedBlockShouldSetCheckpoint
=== RUN   TestMetaForkDetector_AddHeaderWithProcessedBlockAndFlagShouldSetCheckpoint
=== PAUSE TestMetaForkDetector_AddHeaderWithProcessedBlockAndFlagShouldSetCheckpoint
=== RUN   TestMetaForkDetector_AddHeaderPresentShouldNotRewriteState
=== PAUSE TestMetaForkDetector_AddHeaderPresentShouldNotRewriteState
=== RUN   TestMetaForkDetector_AddHeaderHigherNonceThanRoundShouldErr
=== PAUSE TestMetaForkDetector_AddHeaderHigherNonceThanRoundShouldErr
=== RUN   TestNewMetaBootstrap_NilPoolsHolderShouldErr
=== PAUSE TestNewMetaBootstrap_NilPoolsHolderShouldErr
=== RUN   TestNewMetaBootstrap_NilValidatorDBShouldErr
=== PAUSE TestNewMetaBootstrap_NilValidatorDBShouldErr
=== RUN   TestNewMetaBootstrap_NilValidatorDBSyncerShouldErr
=== PAUSE TestNewMetaBootstrap_NilValidatorDBSyncerShouldErr
=== RUN   TestNewMetaBootstrap_NilUserDBSyncerShouldErr
=== PAUSE TestNewMetaBootstrap_NilUserDBSyncerShouldErr
=== RUN   TestNewMetaBootstrap_PoolsHolderRetNilOnHeadersShouldErr
=== PAUSE TestNewMetaBootstrap_PoolsHolderRetNilOnHeadersShouldErr
=== RUN   TestNewMetaBootstrap_NilProofsPool
=== PAUSE TestNewMetaBootstrap_NilProofsPool
=== RUN   TestNewMetaBootstrap_NilStoreShouldErr
=== PAUSE TestNewMetaBootstrap_NilStoreShouldErr
=== RUN   TestNewMetaBootstrap_NilAppStatusHandlerShouldErr
=== PAUSE TestNewMetaBootstrap_NilAppStatusHandlerShouldErr
=== RUN   TestNewMetaBootstrap_NilBlockchainShouldErr
=== PAUSE TestNewMetaBootstrap_NilBlockchainShouldErr
=== RUN   TestNewMetaBootstrap_NilRoundHandlerShouldErr
=== PAUSE TestNewMetaBootstrap_NilRoundHandlerShouldErr
=== RUN   TestNewMetaBootstrap_NilBlockProcessorShouldErr
=== PAUSE TestNewMetaBootstrap_NilBlockProcessorShouldErr
=== RUN   TestNewMetaBootstrap_NilHasherShouldErr
=== PAUSE TestNewMetaBootstrap_NilHasherShouldErr
=== RUN   TestNewMetaBootstrap_NilMarshalizerShouldErr
=== PAUSE TestNewMetaBootstrap_NilMarshalizerShouldErr
=== RUN   TestNewMetaBootstrap_NilForkDetectorShouldErr
=== PAUSE TestNewMetaBootstrap_NilForkDetectorShouldErr
=== RUN   TestNewMetaBootstrap_NilRequestHandlerShouldErr
=== PAUSE TestNewMetaBootstrap_NilRequestHandlerShouldErr
=== RUN   TestNewMetaBootstrap_NilShardCoordinatorShouldErr
=== PAUSE TestNewMetaBootstrap_NilShardCoordinatorShouldErr
=== RUN   TestNewMetaBootstrap_NilAccountsAdapterShouldErr
=== PAUSE TestNewMetaBootstrap_NilAccountsAdapterShouldErr
=== RUN   TestNewMetaBootstrap_NilBlackListHandlerShouldErr
=== PAUSE TestNewMetaBootstrap_NilBlackListHandlerShouldErr
=== RUN   TestNewMetaBootstrap_NilNetworkWatcherShouldErr
=== PAUSE TestNewMetaBootstrap_NilNetworkWatcherShouldErr
=== RUN   TestNewMetaBootstrap_NilBootStorerShouldErr
=== PAUSE TestNewMetaBootstrap_NilBootStorerShouldErr
=== RUN   TestNewMetaBootstrap_NilMiniblocksProviderShouldErr
=== PAUSE TestNewMetaBootstrap_NilMiniblocksProviderShouldErr
=== RUN   TestNewMetaBootstrap_NilOutportProviderShouldErr
=== PAUSE TestNewMetaBootstrap_NilOutportProviderShouldErr
=== RUN   TestNewMetaBootstrap_NilCurrentEpochProviderShouldErr
=== PAUSE TestNewMetaBootstrap_NilCurrentEpochProviderShouldErr
=== RUN   TestNewMetaBootstrap_InvalidProcessTimeShouldErr
=== PAUSE TestNewMetaBootstrap_InvalidProcessTimeShouldErr
=== RUN   TestNewMetaBootstrap_NilEnableEpochsHandlerShouldErr
=== PAUSE TestNewMetaBootstrap_NilEnableEpochsHandlerShouldErr
=== RUN   TestNewMetaBootstrap_PoolsHolderRetNilOnProofsShouldErr
=== PAUSE TestNewMetaBootstrap_PoolsHolderRetNilOnProofsShouldErr
=== RUN   TestNewMetaBootstrap_MissingStorer
=== PAUSE TestNewMetaBootstrap_MissingStorer
=== RUN   TestNewMetaBootstrap_OkValsShouldWork
=== PAUSE TestNewMetaBootstrap_OkValsShouldWork
=== RUN   TestMetaBootstrap_ShouldReturnTimeIsOutWhenMissingHeader
=== PAUSE TestMetaBootstrap_ShouldReturnTimeIsOutWhenMissingHeader
=== RUN   TestMetaBootstrap_ShouldNotNeedToSync
=== PAUSE TestMetaBootstrap_ShouldNotNeedToSync
=== RUN   TestMetaBootstrap_SyncShouldSyncOneBlock
=== PAUSE TestMetaBootstrap_SyncShouldSyncOneBlock
=== RUN   TestMetaBootstrap_ShouldReturnNilErr
=== PAUSE TestMetaBootstrap_ShouldReturnNilErr
=== RUN   TestMetaBootstrap_SyncBlockShouldReturnErrorWhenProcessBlockFailed
=== PAUSE TestMetaBootstrap_SyncBlockShouldReturnErrorWhenProcessBlockFailed
=== RUN   TestMetaBootstrap_GetNodeStateShouldReturnSynchronizedWhenCurrentBlockIsNilAndRoundIndexIsZero
=== PAUSE TestMetaBootstrap_GetNodeStateShouldReturnSynchronizedWhenCurrentBlockIsNilAndRoundIndexIsZero
=== RUN   TestMetaBootstrap_GetNodeStateShouldReturnNotSynchronizedWhenCurrentBlockIsNilAndRoundIndexIsGreaterThanZero
=== PAUSE TestMetaBootstrap_GetNodeStateShouldReturnNotSynchronizedWhenCurrentBlockIsNilAndRoundIndexIsGreaterThanZero
=== RUN   TestMetaBootstrap_GetNodeStateShouldReturnSynchronizedWhenNodeIsSynced
=== PAUSE TestMetaBootstrap_GetNodeStateShouldReturnSynchronizedWhenNodeIsSynced
=== RUN   TestMetaBootstrap_GetNodeStateShouldReturnNotSynchronizedWhenNodeIsNotSynced
=== PAUSE TestMetaBootstrap_GetNodeStateShouldReturnNotSynchronizedWhenNodeIsNotSynced
=== RUN   TestMetaBootstrap_GetNodeStateShouldReturnNotSynchronizedWhenForkIsDetectedAndItReceivesTheSameWrongHeader
=== PAUSE TestMetaBootstrap_GetNodeStateShouldReturnNotSynchronizedWhenForkIsDetectedAndItReceivesTheSameWrongHeader
=== RUN   TestMetaBootstrap_GetNodeStateShouldReturnSynchronizedWhenForkIsDetectedAndItReceivesTheGoodHeader
=== PAUSE TestMetaBootstrap_GetNodeStateShouldReturnSynchronizedWhenForkIsDetectedAndItReceivesTheGoodHeader
=== RUN   TestMetaBootstrap_GetHeaderFromPoolShouldReturnNil
=== PAUSE TestMetaBootstrap_GetHeaderFromPoolShouldReturnNil
=== RUN   TestMetaBootstrap_GetHeaderFromPoolShouldReturnHeader
=== PAUSE TestMetaBootstrap_GetHeaderFromPoolShouldReturnHeader
=== RUN   TestMetaBootstrap_ReceivedHeaders
=== PAUSE TestMetaBootstrap_ReceivedHeaders
=== RUN   TestMetaBootstrap_RollBackNilBlockchainHeaderShouldErr
=== PAUSE TestMetaBootstrap_RollBackNilBlockchainHeaderShouldErr
=== RUN   TestMetaBootstrap_RollBackNilParamHeaderShouldErr
=== PAUSE TestMetaBootstrap_RollBackNilParamHeaderShouldErr
=== RUN   TestMetaBootstrap_RollBackIsNotEmptyShouldErr
=== PAUSE TestMetaBootstrap_RollBackIsNotEmptyShouldErr
=== RUN   TestMetaBootstrap_RollBackIsEmptyCallRollBackOneBlockOkValsShouldWork
=== PAUSE TestMetaBootstrap_RollBackIsEmptyCallRollBackOneBlockOkValsShouldWork
=== RUN   TestMetaBootstrap_RollBackIsEmptyCallRollBackOneBlockToGenesisShouldWork
=== PAUSE TestMetaBootstrap_RollBackIsEmptyCallRollBackOneBlockToGenesisShouldWork
=== RUN   TestMetaBootstrap_AddSyncStateListenerShouldAppendAnotherListener
=== PAUSE TestMetaBootstrap_AddSyncStateListenerShouldAppendAnotherListener
=== RUN   TestMetaBootstrap_NotifySyncStateListenersShouldNotify
=== PAUSE TestMetaBootstrap_NotifySyncStateListenersShouldNotify
=== RUN   TestMetaBootstrap_NilInnerBootstrapperClose
=== PAUSE TestMetaBootstrap_NilInnerBootstrapperClose
=== RUN   TestMetaBootstrap_SyncBlockErrGetNodeDBShouldSyncAccounts
=== PAUSE TestMetaBootstrap_SyncBlockErrGetNodeDBShouldSyncAccounts
=== RUN   TestMetaBootstrap_SyncBlock_WithEquivalentProofs
=== PAUSE TestMetaBootstrap_SyncBlock_WithEquivalentProofs
=== RUN   TestMetaBootstrap_SyncAccountsDBs
=== PAUSE TestMetaBootstrap_SyncAccountsDBs
=== RUN   TestNewShardForkDetector_NilRoundHandlerShouldErr
=== PAUSE TestNewShardForkDetector_NilRoundHandlerShouldErr
=== RUN   TestNewShardForkDetector_NilBlackListShouldErr
=== PAUSE TestNewShardForkDetector_NilBlackListShouldErr
=== RUN   TestNewShardForkDetector_NilBlockTrackerShouldErr
=== PAUSE TestNewShardForkDetector_NilBlockTrackerShouldErr
=== RUN   TestNewShardForkDetector_NilEnableEpochsHandlerShouldErr
=== PAUSE TestNewShardForkDetector_NilEnableEpochsHandlerShouldErr
=== RUN   TestNewShardForkDetector_NilProofsPoolShouldErr
=== PAUSE TestNewShardForkDetector_NilProofsPoolShouldErr
=== RUN   TestNewShardForkDetector_OkParamsShouldWork
=== PAUSE TestNewShardForkDetector_OkParamsShouldWork
=== RUN   TestShardForkDetector_AddHeaderNilHeaderShouldErr
=== PAUSE TestShardForkDetector_AddHeaderNilHeaderShouldErr
=== RUN   TestShardForkDetector_AddHeaderNilHashShouldErr
=== PAUSE TestShardForkDetector_AddHeaderNilHashShouldErr
=== RUN   TestShardForkDetector_AddHeaderNotPresentShouldWork
=== PAUSE TestShardForkDetector_AddHeaderNotPresentShouldWork
=== RUN   TestShardForkDetector_AddHeaderPresentShouldAppend
=== PAUSE TestShardForkDetector_AddHeaderPresentShouldAppend
=== RUN   TestShardForkDetector_AddHeaderWithProcessedBlockShouldSetCheckpoint
=== PAUSE TestShardForkDetector_AddHeaderWithProcessedBlockShouldSetCheckpoint
=== RUN   TestShardForkDetector_AddHeaderPresentShouldNotRewriteState
=== PAUSE TestShardForkDetector_AddHeaderPresentShouldNotRewriteState
=== RUN   TestShardForkDetector_AddHeaderHigherNonceThanRoundShouldErr
=== PAUSE TestShardForkDetector_AddHeaderHigherNonceThanRoundShouldErr
=== RUN   TestNewShardBootstrap_NilPoolsHolderShouldErr
=== PAUSE TestNewShardBootstrap_NilPoolsHolderShouldErr
=== RUN   TestNewShardBootstrap_NilAccountsDBSyncerShouldErr
=== PAUSE TestNewShardBootstrap_NilAccountsDBSyncerShouldErr
=== RUN   TestNewShardBootstrap_PoolsHolderRetNilOnHeadersShouldErr
=== PAUSE TestNewShardBootstrap_PoolsHolderRetNilOnHeadersShouldErr
=== RUN   TestNewShardBootstrap_NilProofsPool
=== PAUSE TestNewShardBootstrap_NilProofsPool
=== RUN   TestNewShardBootstrap_PoolsHolderRetNilOnTxBlockBodyShouldErr
=== PAUSE TestNewShardBootstrap_PoolsHolderRetNilOnTxBlockBodyShouldErr
=== RUN   TestNewShardBootstrap_NilStoreShouldErr
=== PAUSE TestNewShardBootstrap_NilStoreShouldErr
=== RUN   TestNewShardBootstrap_NilAppStatusHandlerShouldErr
=== PAUSE TestNewShardBootstrap_NilAppStatusHandlerShouldErr
=== RUN   TestNewShardBootstrap_NilBlockchainShouldErr
=== PAUSE TestNewShardBootstrap_NilBlockchainShouldErr
=== RUN   TestNewShardBootstrap_NilRoundHandlerShouldErr
=== PAUSE TestNewShardBootstrap_NilRoundHandlerShouldErr
=== RUN   TestNewShardBootstrap_NilBlockProcessorShouldErr
=== PAUSE TestNewShardBootstrap_NilBlockProcessorShouldErr
=== RUN   TestNewShardBootstrap_NilHasherShouldErr
=== PAUSE TestNewShardBootstrap_NilHasherShouldErr
=== RUN   TestNewShardBootstrap_NilMarshalizerShouldErr
=== PAUSE TestNewShardBootstrap_NilMarshalizerShouldErr
=== RUN   TestNewShardBootstrap_NilForkDetectorShouldErr
=== PAUSE TestNewShardBootstrap_NilForkDetectorShouldErr
=== RUN   TestNewShardBootstrap_NilRequestHandlerShouldErr
=== PAUSE TestNewShardBootstrap_NilRequestHandlerShouldErr
=== RUN   TestNewShardBootstrap_NilShardCoordinatorShouldErr
=== PAUSE TestNewShardBootstrap_NilShardCoordinatorShouldErr
=== RUN   TestNewShardBootstrap_NilAccountsAdapterShouldErr
=== PAUSE TestNewShardBootstrap_NilAccountsAdapterShouldErr
=== RUN   TestNewShardBootstrap_NilBlackListHandlerShouldErr
=== PAUSE TestNewShardBootstrap_NilBlackListHandlerShouldErr
=== RUN   TestNewShardBootstrap_InvalidProcessTimeShouldErr
=== PAUSE TestNewShardBootstrap_InvalidProcessTimeShouldErr
=== RUN   TestNewShardBootstrap_NilEnableEpochsHandlerShouldErr
=== PAUSE TestNewShardBootstrap_NilEnableEpochsHandlerShouldErr
=== RUN   TestNewShardBootstrap_PoolsHolderRetNilOnProofsShouldErr
=== PAUSE TestNewShardBootstrap_PoolsHolderRetNilOnProofsShouldErr
=== RUN   TestNewShardBootstrap_MissingStorer
=== PAUSE TestNewShardBootstrap_MissingStorer
=== RUN   TestNewShardBootstrap_OkValsShouldWork
=== PAUSE TestNewShardBootstrap_OkValsShouldWork
=== RUN   TestBootstrap_ShouldReturnTimeIsOutWhenMissingHeader
=== PAUSE TestBootstrap_ShouldReturnTimeIsOutWhenMissingHeader
=== RUN   TestBootstrap_ShouldReturnTimeIsOutWhenMissingBody
=== PAUSE TestBootstrap_ShouldReturnTimeIsOutWhenMissingBody
=== RUN   TestBootstrap_ShouldNotNeedToSync
=== PAUSE TestBootstrap_ShouldNotNeedToSync
=== RUN   TestBootstrap_SyncShouldSyncOneBlock
=== PAUSE TestBootstrap_SyncShouldSyncOneBlock
=== RUN   TestBootstrap_ShouldReturnNilErr
=== PAUSE TestBootstrap_ShouldReturnNilErr
=== RUN   TestBootstrap_SyncBlockShouldReturnErrorWhenProcessBlockFailed
=== PAUSE TestBootstrap_SyncBlockShouldReturnErrorWhenProcessBlockFailed
=== RUN   TestBootstrap_GetNodeStateShouldReturnSynchronizedWhenCurrentBlockIsNilAndRoundIndexIsZero
=== PAUSE TestBootstrap_GetNodeStateShouldReturnSynchronizedWhenCurrentBlockIsNilAndRoundIndexIsZero
=== RUN   TestBootstrap_GetNodeStateShouldReturnNotSynchronizedWhenCurrentBlockIsNilAndRoundIndexIsGreaterThanZero
=== PAUSE TestBootstrap_GetNodeStateShouldReturnNotSynchronizedWhenCurrentBlockIsNilAndRoundIndexIsGreaterThanZero
=== RUN   TestBootstrap_GetNodeStateShouldReturnSynchronizedWhenNodeIsSynced
=== PAUSE TestBootstrap_GetNodeStateShouldReturnSynchronizedWhenNodeIsSynced
=== RUN   TestBootstrap_GetNodeStateShouldReturnNotSynchronizedWhenNodeIsNotSynced
=== PAUSE TestBootstrap_GetNodeStateShouldReturnNotSynchronizedWhenNodeIsNotSynced
=== RUN   TestBootstrap_GetNodeStateShouldReturnNotSynchronizedWhenForkIsDetectedAndItReceivesTheSameWrongHeader
=== PAUSE TestBootstrap_GetNodeStateShouldReturnNotSynchronizedWhenForkIsDetectedAndItReceivesTheSameWrongHeader
=== RUN   TestBootstrap_GetNodeStateShouldReturnSynchronizedWhenForkIsDetectedAndItReceivesTheGoodHeader
=== PAUSE TestBootstrap_GetNodeStateShouldReturnSynchronizedWhenForkIsDetectedAndItReceivesTheGoodHeader
=== RUN   TestBootstrap_GetHeaderFromPoolShouldReturnNil
=== PAUSE TestBootstrap_GetHeaderFromPoolShouldReturnNil
=== RUN   TestBootstrap_GetHeaderFromPoolShouldReturnHeader
=== PAUSE TestBootstrap_GetHeaderFromPoolShouldReturnHeader
=== RUN   TestShardGetBlockFromPoolShouldReturnBlock
=== PAUSE TestShardGetBlockFromPoolShouldReturnBlock
=== RUN   TestBootstrap_ReceivedHeadersFoundInPoolShouldAddToForkDetector
=== PAUSE TestBootstrap_ReceivedHeadersFoundInPoolShouldAddToForkDetector
=== RUN   TestBootstrap_RollBackNilBlockchainHeaderShouldErr
=== PAUSE TestBootstrap_RollBackNilBlockchainHeaderShouldErr
=== RUN   TestBootstrap_RollBackNilParamHeaderShouldErr
=== PAUSE TestBootstrap_RollBackNilParamHeaderShouldErr
=== RUN   TestBootstrap_RollBackIsNotEmptyShouldErr
=== PAUSE TestBootstrap_RollBackIsNotEmptyShouldErr
=== RUN   TestBootstrap_RollBackIsEmptyCallRollBackOneBlockOkValsShouldWork
=== PAUSE TestBootstrap_RollBackIsEmptyCallRollBackOneBlockOkValsShouldWork
=== RUN   TestBootstrap_RollbackIsEmptyCallRollBackOneBlockToGenesisShouldWork
=== PAUSE TestBootstrap_RollbackIsEmptyCallRollBackOneBlockToGenesisShouldWork
=== RUN   TestBootstrap_GetTxBodyHavingHashReturnsFromCacherShouldWork
=== PAUSE TestBootstrap_GetTxBodyHavingHashReturnsFromCacherShouldWork
=== RUN   TestBootstrap_GetTxBodyHavingHashNotFoundInCacherOrStorageShouldRetEmptySlice
=== PAUSE TestBootstrap_GetTxBodyHavingHashNotFoundInCacherOrStorageShouldRetEmptySlice
=== RUN   TestBootstrap_GetTxBodyHavingHashFoundInStorageShouldWork
=== PAUSE TestBootstrap_GetTxBodyHavingHashFoundInStorageShouldWork
=== RUN   TestBootstrap_AddSyncStateListenerShouldAppendAnotherListener
=== PAUSE TestBootstrap_AddSyncStateListenerShouldAppendAnotherListener
=== RUN   TestBootstrap_NotifySyncStateListenersShouldNotify
=== PAUSE TestBootstrap_NotifySyncStateListenersShouldNotify
=== RUN   TestShardBootstrap_RequestMiniBlocksFromHeaderWithNonceIfMissing
=== PAUSE TestShardBootstrap_RequestMiniBlocksFromHeaderWithNonceIfMissing
=== RUN   TestShardBootstrap_DoJobOnSyncBlockFailShouldNotResetProbableHighestNonceWhenAreNotEnoughErrorsPerNonce
=== PAUSE TestShardBootstrap_DoJobOnSyncBlockFailShouldNotResetProbableHighestNonceWhenAreNotEnoughErrorsPerNonce
=== RUN   TestShardBootstrap_DoJobOnSyncBlockFailShouldNotResetProbableHighestNonceWhenIsNotInProperRound
=== PAUSE TestShardBootstrap_DoJobOnSyncBlockFailShouldNotResetProbableHighestNonceWhenIsNotInProperRound
=== RUN   TestShardBootstrap_DoJobOnSyncBlockFailShouldResetProbableHighestNonce
=== PAUSE TestShardBootstrap_DoJobOnSyncBlockFailShouldResetProbableHighestNonce
=== RUN   TestShardBootstrap_CleanNoncesSyncedWithErrorsBehindFinalShouldWork
=== PAUSE TestShardBootstrap_CleanNoncesSyncedWithErrorsBehindFinalShouldWork
=== RUN   TestShardBootstrap_SyncBlockGetNodeDBErrorShouldSync
=== PAUSE TestShardBootstrap_SyncBlockGetNodeDBErrorShouldSync
=== RUN   TestShardBootstrap_SyncBlock_WithEquivalentProofs
=== PAUSE TestShardBootstrap_SyncBlock_WithEquivalentProofs
=== RUN   TestShardBootstrap_NilInnerBootstrapperClose
=== PAUSE TestShardBootstrap_NilInnerBootstrapperClose
=== CONT  TestBaseBootstrap_SyncBlocksShouldNotCallSyncIfNotConnectedToTheNetwork
=== CONT  TestShardBootstrap_NilInnerBootstrapperClose
--- PASS: TestShardBootstrap_NilInnerBootstrapperClose (0.00s)
=== CONT  TestShardBootstrap_SyncBlock_WithEquivalentProofs
=== RUN   TestShardBootstrap_SyncBlock_WithEquivalentProofs/time_is_out_when_existing_header_and_missing_proof
=== PAUSE TestShardBootstrap_SyncBlock_WithEquivalentProofs/time_is_out_when_existing_header_and_missing_proof
=== RUN   TestShardBootstrap_SyncBlock_WithEquivalentProofs/should_receive_header_and_proof_if_missing,_requesting_by_nonce
=== PAUSE TestShardBootstrap_SyncBlock_WithEquivalentProofs/should_receive_header_and_proof_if_missing,_requesting_by_nonce
=== RUN   TestShardBootstrap_SyncBlock_WithEquivalentProofs/should_receive_header_and_proof_if_missing,_requesting_by_hash
=== PAUSE TestShardBootstrap_SyncBlock_WithEquivalentProofs/should_receive_header_and_proof_if_missing,_requesting_by_hash
=== CONT  TestShardBootstrap_SyncBlock_WithEquivalentProofs/time_is_out_when_existing_header_and_missing_proof
=== CONT  TestShardBootstrap_SyncBlockGetNodeDBErrorShouldSync
=== CONT  TestNewMetaBootstrap_PoolsHolderRetNilOnProofsShouldErr
--- PASS: TestNewMetaBootstrap_PoolsHolderRetNilOnProofsShouldErr (0.00s)
=== CONT  TestNewShardBootstrap_NilStoreShouldErr
=== CONT  TestBootstrap_GetNodeStateShouldReturnSynchronizedWhenNodeIsSynced
--- PASS: TestNewShardBootstrap_NilStoreShouldErr (0.00s)
=== CONT  TestBootstrap_RollbackIsEmptyCallRollBackOneBlockToGenesisShouldWork
--- PASS: TestBootstrap_GetNodeStateShouldReturnSynchronizedWhenNodeIsSynced (0.00s)
=== CONT  TestShardForkDetector_AddHeaderNilHeaderShouldErr
--- PASS: TestShardForkDetector_AddHeaderNilHeaderShouldErr (0.00s)
=== CONT  TestNewShardForkDetector_OkParamsShouldWork
--- PASS: TestNewShardForkDetector_OkParamsShouldWork (0.00s)
=== CONT  TestNewShardForkDetector_NilProofsPoolShouldErr
--- PASS: TestNewShardForkDetector_NilProofsPoolShouldErr (0.00s)
=== CONT  TestNewShardForkDetector_NilEnableEpochsHandlerShouldErr
--- PASS: TestNewShardForkDetector_NilEnableEpochsHandlerShouldErr (0.00s)
=== CONT  TestNewShardForkDetector_NilBlockTrackerShouldErr
--- PASS: TestNewShardForkDetector_NilBlockTrackerShouldErr (0.00s)
=== CONT  TestNewShardForkDetector_NilBlackListShouldErr
--- PASS: TestNewShardForkDetector_NilBlackListShouldErr (0.00s)
=== CONT  TestNewShardForkDetector_NilRoundHandlerShouldErr
--- PASS: TestBootstrap_RollbackIsEmptyCallRollBackOneBlockToGenesisShouldWork (0.00s)
=== CONT  TestNewShardBootstrap_PoolsHolderRetNilOnTxBlockBodyShouldErr
--- PASS: TestNewShardForkDetector_NilRoundHandlerShouldErr (0.00s)
--- PASS: TestNewShardBootstrap_PoolsHolderRetNilOnTxBlockBodyShouldErr (0.00s)
=== CONT  TestMetaBootstrap_SyncBlock_WithEquivalentProofs
=== CONT  TestMetaBootstrap_SyncAccountsDBs
=== CONT  TestNewShardBootstrap_NilProofsPool
--- PASS: TestNewShardBootstrap_NilProofsPool (0.00s)
=== CONT  TestMetaBootstrap_NilInnerBootstrapperClose
=== RUN   TestMetaBootstrap_SyncBlock_WithEquivalentProofs/time_is_out_when_existing_header_and_missing_proof
=== CONT  TestNewShardBootstrap_PoolsHolderRetNilOnHeadersShouldErr
=== CONT  TestMetaBootstrap_AddSyncStateListenerShouldAppendAnotherListener
=== PAUSE TestMetaBootstrap_SyncBlock_WithEquivalentProofs/time_is_out_when_existing_header_and_missing_proof
=== CONT  TestMetaBootstrap_RollBackIsEmptyCallRollBackOneBlockToGenesisShouldWork
=== RUN   TestMetaBootstrap_SyncBlock_WithEquivalentProofs/should_receive_header_and_proof_if_missing,_requesting_by_nonce
=== PAUSE TestMetaBootstrap_SyncBlock_WithEquivalentProofs/should_receive_header_and_proof_if_missing,_requesting_by_nonce
=== RUN   TestMetaBootstrap_SyncBlock_WithEquivalentProofs/should_receive_header_and_proof_if_missing,_requesting_by_hash
=== CONT  TestMetaBootstrap_RollBackIsEmptyCallRollBackOneBlockOkValsShouldWork
=== PAUSE TestMetaBootstrap_SyncBlock_WithEquivalentProofs/should_receive_header_and_proof_if_missing,_requesting_by_hash
--- PASS: TestMetaBootstrap_NilInnerBootstrapperClose (0.00s)
=== CONT  TestMetaBootstrap_RollBackIsNotEmptyShouldErr
=== CONT  TestMetaBootstrap_RollBackNilParamHeaderShouldErr
=== CONT  TestMetaBootstrap_RollBackNilBlockchainHeaderShouldErr
=== CONT  TestMetaBootstrap_GetHeaderFromPoolShouldReturnHeader
=== CONT  TestMetaBootstrap_GetHeaderFromPoolShouldReturnNil
=== CONT  TestMetaBootstrap_SyncBlockErrGetNodeDBShouldSyncAccounts
=== CONT  TestMetaBootstrap_ReceivedHeaders
[0;33mWARN [0m[2026-03-16 10:14:10.116]   sync block failed                        [0;33merror[0m = getNodeFromDB error: get error for key 6b6579 
=== RUN   TestMetaBootstrap_ReceivedHeaders/should_add_to_fork_detector_if_header_hash_matches
=== PAUSE TestMetaBootstrap_ReceivedHeaders/should_add_to_fork_detector_if_header_hash_matches
=== RUN   TestMetaBootstrap_ReceivedHeaders/should_not_add_to_fork_detector_if_header_hash_does_not_match
=== PAUSE TestMetaBootstrap_ReceivedHeaders/should_not_add_to_fork_detector_if_header_hash_does_not_match
--- PASS: TestNewShardBootstrap_PoolsHolderRetNilOnHeadersShouldErr (0.00s)
--- PASS: TestMetaBootstrap_AddSyncStateListenerShouldAppendAnotherListener (0.00s)
--- PASS: TestMetaBootstrap_RollBackIsEmptyCallRollBackOneBlockToGenesisShouldWork (0.00s)
--- PASS: TestMetaBootstrap_RollBackIsEmptyCallRollBackOneBlockOkValsShouldWork (0.00s)
--- PASS: TestMetaBootstrap_RollBackNilParamHeaderShouldErr (0.00s)
--- PASS: TestMetaBootstrap_RollBackNilBlockchainHeaderShouldErr (0.00s)
--- PASS: TestMetaBootstrap_RollBackIsNotEmptyShouldErr (0.00s)
--- PASS: TestMetaBootstrap_GetHeaderFromPoolShouldReturnHeader (0.00s)
=== CONT  TestMetaBootstrap_GetNodeStateShouldReturnSynchronizedWhenForkIsDetectedAndItReceivesTheGoodHeader
=== CONT  TestNewShardBootstrap_NilPoolsHolderShouldErr
[0;33mWARN [0m[2026-03-16 10:14:10.117]   base sync: started syncUserAccountsState 
--- PASS: TestNewShardBootstrap_NilPoolsHolderShouldErr (0.00s)
=== CONT  TestMetaBootstrap_GetNodeStateShouldReturnNotSynchronizedWhenForkIsDetectedAndItReceivesTheSameWrongHeader
=== CONT  TestMetaBootstrap_GetNodeStateShouldReturnNotSynchronizedWhenNodeIsNotSynced
=== CONT  TestMetaBootstrap_GetNodeStateShouldReturnSynchronizedWhenNodeIsSynced
=== CONT  TestShardForkDetector_AddHeaderHigherNonceThanRoundShouldErr
=== CONT  TestMetaBootstrap_GetNodeStateShouldReturnSynchronizedWhenCurrentBlockIsNilAndRoundIndexIsZero
=== CONT  TestMetaBootstrap_SyncBlockShouldReturnErrorWhenProcessBlockFailed
--- PASS: TestMetaBootstrap_SyncBlockErrGetNodeDBShouldSyncAccounts (0.00s)
--- PASS: TestMetaBootstrap_GetNodeStateShouldReturnNotSynchronizedWhenNodeIsNotSynced (0.00s)
=== CONT  TestMetaBootstrap_GetNodeStateShouldReturnNotSynchronizedWhenCurrentBlockIsNilAndRoundIndexIsGreaterThanZero
--- PASS: TestMetaBootstrap_GetNodeStateShouldReturnNotSynchronizedWhenForkIsDetectedAndItReceivesTheSameWrongHeader (0.00s)
--- PASS: TestShardForkDetector_AddHeaderHigherNonceThanRoundShouldErr (0.00s)
--- PASS: TestMetaBootstrap_GetNodeStateShouldReturnSynchronizedWhenNodeIsSynced (0.00s)
[0;33mWARN [0m[2026-03-16 10:14:10.117]   sync block failed                        [0;33merror[0m = block hash does not match 
--- PASS: TestMetaBootstrap_GetNodeStateShouldReturnNotSynchronizedWhenCurrentBlockIsNilAndRoundIndexIsGreaterThanZero (0.00s)
=== CONT  TestShardForkDetector_AddHeaderWithProcessedBlockShouldSetCheckpoint
=== CONT  TestMetaBootstrap_SyncShouldSyncOneBlock
=== CONT  TestMetaBootstrap_ShouldNotNeedToSync
[0;33mWARN [0m[2026-03-16 10:14:10.116]   sync block failed                        [0;33merror[0m = getNodeFromDB error: get error for key 6b6579 
=== CONT  TestShardForkDetector_AddHeaderPresentShouldAppend
=== CONT  TestMetaBootstrap_ShouldReturnTimeIsOutWhenMissingHeader
=== CONT  TestNewMetaBootstrap_OkValsShouldWork
[0;33mWARN [0m[2026-03-16 10:14:10.117]   using always-not-synced status because the node is running in import-db 
=== CONT  TestNewMetaBootstrap_MissingStorer
=== RUN   TestNewMetaBootstrap_MissingStorer/missing_MetaBlockUnit
=== PAUSE TestNewMetaBootstrap_MissingStorer/missing_MetaBlockUnit
=== RUN   TestNewMetaBootstrap_MissingStorer/missing_MetaHdrNonceHashDataUnit
=== PAUSE TestNewMetaBootstrap_MissingStorer/missing_MetaHdrNonceHashDataUnit
=== CONT  TestBaseForkDetector_IsConsensusStuckNotInProperRoundShouldReturnFalse
=== CONT  TestShardForkDetector_AddHeaderNotPresentShouldWork
=== CONT  TestNewMetaBootstrap_NilEnableEpochsHandlerShouldErr
=== CONT  TestNewMetaBootstrap_InvalidProcessTimeShouldErr
=== CONT  TestNewMetaBootstrap_NilCurrentEpochProviderShouldErr
=== CONT  TestNewMetaBootstrap_NilOutportProviderShouldErr
=== CONT  TestNewMetaBootstrap_NilMiniblocksProviderShouldErr
[0;33mWARN [0m[2026-03-16 10:14:10.117]   base sync: started syncUserAccountsState 
=== CONT  TestNewMetaBootstrap_NilBootStorerShouldErr
=== CONT  TestNewMetaBootstrap_NilNetworkWatcherShouldErr
=== CONT  TestNewMetaBootstrap_NilBlackListHandlerShouldErr
=== CONT  TestNewMetaBootstrap_NilAccountsAdapterShouldErr
=== CONT  TestNewMetaBootstrap_NilShardCoordinatorShouldErr
=== CONT  TestNewMetaBootstrap_NilRequestHandlerShouldErr
=== CONT  TestNewMetaBootstrap_NilForkDetectorShouldErr
=== CONT  TestShardForkDetector_AddHeaderNilHashShouldErr
=== CONT  TestNewMetaBootstrap_NilMarshalizerShouldErr
=== CONT  TestNewMetaBootstrap_NilHasherShouldErr
=== CONT  TestNewMetaBootstrap_NilRoundHandlerShouldErr
=== CONT  TestNewMetaBootstrap_NilAppStatusHandlerShouldErr
=== CONT  TestNewMetaBootstrap_NilBlockchainShouldErr
=== CONT  TestNewMetaBootstrap_NilBlockProcessorShouldErr
=== CONT  TestNewMetaBootstrap_NilProofsPool
=== CONT  TestNewMetaBootstrap_PoolsHolderRetNilOnHeadersShouldErr
=== CONT  TestNewMetaBootstrap_NilStoreShouldErr
=== CONT  TestNewMetaBootstrap_NilValidatorDBSyncerShouldErr
=== CONT  TestNewMetaBootstrap_NilValidatorDBShouldErr
=== CONT  TestNewMetaBootstrap_NilPoolsHolderShouldErr
=== CONT  TestMetaForkDetector_AddHeaderHigherNonceThanRoundShouldErr
=== CONT  TestMetaForkDetector_AddHeaderPresentShouldNotRewriteState
=== CONT  TestMetaForkDetector_AddHeaderWithProcessedBlockShouldSetCheckpoint
=== CONT  TestMetaForkDetector_AddHeaderPresentShouldAppend
=== CONT  TestMetaForkDetector_AddHeaderNotPresentShouldWork
=== CONT  TestNewMetaBootstrap_NilUserDBSyncerShouldErr
=== CONT  TestMetaForkDetector_AddHeaderNilHeaderShouldErr
=== CONT  TestNewMetaForkDetector_OkParamsShouldWork
=== CONT  TestNewMetaForkDetector_NilProofsPoolShouldErr
=== CONT  TestNewMetaForkDetector_NilEnableEpochsHandlerShouldErr
=== CONT  TestMetaForkDetector_AddHeaderWithProcessedBlockAndFlagShouldSetCheckpoint
=== CONT  TestNewMetaForkDetector_NilRoundHandlerShouldErr
=== CONT  TestBaseForkDetector_ReceivedProofForBlockHeaderShouldSetProof
=== CONT  TestBaseForkDetector_BlockWithoutProofShouldReturnEarly
=== CONT  TestBaseForkDetector_ReceivedProof
=== CONT  TestBaseForkDetector_GetNotarizedHeaderHash
=== CONT  TestMetaForkDetector_AddHeaderNilHashShouldErr
=== CONT  TestBasicForkDetector_CheckForkMetaHeaderProcessedShouldWorkOnEqualRoundWithLowerHash
=== CONT  TestShardForkDetector_RemoveHeaderShouldComputeFinalCheckpoint
=== CONT  TestBaseForkDetector_ComputeTimeDuration
=== CONT  TestBaseForkDetector_IsConsensusStuckShouldReturnTrue
=== CONT  TestBasicForkDetector_CheckForkOnlyOneShardHeaderOnANonceShouldReturnFalse
=== CONT  TestBaseForkDetector_IsConsensusStuckNoncesDifferencesNotEnoughShouldReturnFalse
=== CONT  TestBaseForkDetector_IsConsensusStuckNotSyncingShouldReturnFalse
=== CONT  TestShardForkDetector_AddNotarizedHeadersShouldNotChangeTheFinalCheckpoint
=== CONT  TestMetaForkDetector_ShouldAddBlockInForkDetectorShouldErrLowerRoundInBlock
=== CONT  TestMetaForkDetector_ShouldAddBlockInForkDetectorShouldWork
=== CONT  TestShardForkDetector_ShouldAddBlockInForkDetectorShouldErrLowerRoundInBlock
=== CONT  TestShardForkDetector_ShouldAddBlockInForkDetectorShouldWork
=== CONT  TestBasicForkDetector_ProbableHighestNonce
=== CONT  TestBasicForkDetector_GetHighestFinalBlockNonce
=== CONT  TestBasicForkDetector_RemoveCheckpointHeaderNonceShouldResetCheckpoint
=== CONT  TestBasicForkDetector_RemoveInvalidReceivedHeadersShouldWork
=== CONT  TestBasicForkDetector_RemovePastHeadersShouldWork
=== CONT  TestBasicForkDetector_CheckForkShouldReturnFalseWhenForkIsOnHigherEpochBlockReceivedTooLate
=== CONT  TestBasicForkDetector_CheckForkShouldReturnFalseWhenForkIsOnFinalCheckpointNonce
=== CONT  TestBasicForkDetector_CheckForkShouldReturnTrue
=== CONT  TestBasicForkDetector_CheckForkShardHeaderProcessedShouldReturnTrueWhenEqualRoundWithHigherHash
=== CONT  TestBasicForkDetector_CheckForkMetaHeaderProcessedShouldReturnTrueWhenEqualRoundWithHigherHash
=== CONT  TestBasicForkDetector_CheckForkShardHeaderProcessedShouldReturnTrueWhenEqualRoundWithLowerHash
=== CONT  TestBasicForkDetector_CheckForkMetaHeaderProcessedShouldReturnFalseWhenEqualRoundWithLowerHash
=== CONT  TestBasicForkDetector_CheckForkMetaHeaderProcessedShouldReturnFalseWhenLowerRound
=== CONT  TestBasicForkDetector_CheckForkMetaHeaderProcessedShouldReturnFalse
=== CONT  TestBasicForkDetector_CheckForkOnlyOneShardHeaderOnANonceReceivedAndProcessedShouldReturnFalse
=== CONT  TestBasicForkDetector_CheckForkOnlyReceivedHeadersShouldReturnFalse
=== CONT  TestNewShardBootstrap_NilEnableEpochsHandlerShouldErr
=== CONT  TestBootstrap_GetNodeStateShouldReturnNotSynchronizedWhenCurrentBlockIsNilAndRoundIndexIsGreaterThanZero
=== CONT  TestBootstrap_GetNodeStateShouldReturnSynchronizedWhenCurrentBlockIsNilAndRoundIndexIsZero
=== CONT  TestBootstrap_SyncBlockShouldReturnErrorWhenProcessBlockFailed
[0;33mWARN [0m[2026-03-16 10:14:10.118]   sync block failed                        [0;33merror[0m = block hash does not match 
=== CONT  TestNewMetaForkDetector_NilBlockTrackerShouldErr
=== CONT  TestBootstrap_SyncShouldSyncOneBlock
=== CONT  TestBootstrap_ShouldNotNeedToSync
=== CONT  TestBootstrap_ShouldReturnNilErr
=== CONT  TestBootstrap_ShouldReturnTimeIsOutWhenMissingBody
=== CONT  TestMetaBootstrap_ShouldReturnNilErr
=== CONT  TestBootstrap_ShouldReturnTimeIsOutWhenMissingHeader
=== CONT  TestShardForkDetector_AddHeaderPresentShouldNotRewriteState
=== CONT  TestNewShardBootstrap_OkValsShouldWork
[0;33mWARN [0m[2026-03-16 10:14:10.118]   using always-not-synced status because the node is running in import-db 
=== CONT  TestNewShardBootstrap_MissingStorer
=== RUN   TestNewShardBootstrap_MissingStorer/missing_BlockHeaderUnit
=== PAUSE TestNewShardBootstrap_MissingStorer/missing_BlockHeaderUnit
=== RUN   TestNewShardBootstrap_MissingStorer/missing_ShardHdrNonceHashDataUnit
=== PAUSE TestNewShardBootstrap_MissingStorer/missing_ShardHdrNonceHashDataUnit
--- PASS: TestMetaBootstrap_GetNodeStateShouldReturnSynchronizedWhenCurrentBlockIsNilAndRoundIndexIsZero (0.00s)
--- PASS: TestMetaBootstrap_SyncBlockShouldReturnErrorWhenProcessBlockFailed (0.00s)
--- PASS: TestShardForkDetector_AddHeaderWithProcessedBlockShouldSetCheckpoint (0.00s)
--- PASS: TestShardForkDetector_AddHeaderPresentShouldAppend (0.00s)
--- PASS: TestNewMetaBootstrap_OkValsShouldWork (0.00s)
--- PASS: TestBaseForkDetector_IsConsensusStuckNotInProperRoundShouldReturnFalse (0.00s)
--- PASS: TestNewMetaBootstrap_NilEnableEpochsHandlerShouldErr (0.00s)
--- PASS: TestShardForkDetector_AddHeaderNotPresentShouldWork (0.00s)
--- PASS: TestNewMetaBootstrap_NilCurrentEpochProviderShouldErr (0.00s)
--- PASS: TestNewMetaBootstrap_NilOutportProviderShouldErr (0.00s)
--- PASS: TestNewMetaBootstrap_NilMiniblocksProviderShouldErr (0.00s)
--- PASS: TestShardBootstrap_SyncBlockGetNodeDBErrorShouldSync (0.00s)
--- PASS: TestNewMetaBootstrap_NilBootStorerShouldErr (0.00s)
--- PASS: TestNewMetaBootstrap_InvalidProcessTimeShouldErr (0.00s)
--- PASS: TestNewMetaBootstrap_NilBlackListHandlerShouldErr (0.00s)
--- PASS: TestNewMetaBootstrap_NilNetworkWatcherShouldErr (0.00s)
--- PASS: TestNewMetaBootstrap_NilAccountsAdapterShouldErr (0.00s)
--- PASS: TestNewMetaBootstrap_NilShardCoordinatorShouldErr (0.00s)
--- PASS: TestShardForkDetector_AddHeaderNilHashShouldErr (0.00s)
--- PASS: TestNewMetaBootstrap_NilRequestHandlerShouldErr (0.00s)
--- PASS: TestNewMetaBootstrap_NilMarshalizerShouldErr (0.00s)
--- PASS: TestNewMetaBootstrap_NilForkDetectorShouldErr (0.00s)
--- PASS: TestNewMetaBootstrap_NilHasherShouldErr (0.00s)
--- PASS: TestNewMetaBootstrap_NilRoundHandlerShouldErr (0.00s)
--- PASS: TestNewMetaBootstrap_NilAppStatusHandlerShouldErr (0.00s)
--- PASS: TestNewMetaBootstrap_NilBlockchainShouldErr (0.00s)
--- PASS: TestNewMetaBootstrap_NilBlockProcessorShouldErr (0.00s)
--- PASS: TestNewMetaBootstrap_NilProofsPool (0.00s)
--- PASS: TestNewMetaBootstrap_PoolsHolderRetNilOnHeadersShouldErr (0.00s)
--- PASS: TestNewMetaBootstrap_NilStoreShouldErr (0.00s)
--- PASS: TestNewMetaBootstrap_NilValidatorDBSyncerShouldErr (0.00s)
--- PASS: TestNewMetaBootstrap_NilValidatorDBShouldErr (0.00s)
--- PASS: TestNewMetaBootstrap_NilPoolsHolderShouldErr (0.00s)
--- PASS: TestMetaForkDetector_AddHeaderHigherNonceThanRoundShouldErr (0.00s)
--- PASS: TestMetaForkDetector_AddHeaderWithProcessedBlockShouldSetCheckpoint (0.00s)
--- PASS: TestMetaForkDetector_AddHeaderPresentShouldAppend (0.00s)
--- PASS: TestMetaForkDetector_AddHeaderPresentShouldNotRewriteState (0.00s)
--- PASS: TestMetaForkDetector_AddHeaderNotPresentShouldWork (0.00s)
--- PASS: TestNewMetaBootstrap_NilUserDBSyncerShouldErr (0.00s)
--- PASS: TestMetaForkDetector_AddHeaderNilHeaderShouldErr (0.00s)
--- PASS: TestNewMetaForkDetector_OkParamsShouldWork (0.00s)
--- PASS: TestNewMetaForkDetector_NilProofsPoolShouldErr (0.00s)
--- PASS: TestNewMetaForkDetector_NilEnableEpochsHandlerShouldErr (0.00s)
--- PASS: TestMetaForkDetector_AddHeaderWithProcessedBlockAndFlagShouldSetCheckpoint (0.00s)
--- PASS: TestNewMetaForkDetector_NilRoundHandlerShouldErr (0.00s)
--- PASS: TestBaseForkDetector_ReceivedProofForBlockHeaderShouldSetProof (0.00s)
--- PASS: TestBaseForkDetector_BlockWithoutProofShouldReturnEarly (0.00s)
--- PASS: TestBaseForkDetector_ReceivedProof (0.00s)
--- PASS: TestBaseForkDetector_GetNotarizedHeaderHash (0.00s)
--- PASS: TestMetaForkDetector_AddHeaderNilHashShouldErr (0.00s)
--- PASS: TestBasicForkDetector_CheckForkMetaHeaderProcessedShouldWorkOnEqualRoundWithLowerHash (0.00s)
--- PASS: TestBaseForkDetector_ComputeTimeDuration (0.00s)
--- PASS: TestBaseForkDetector_IsConsensusStuckShouldReturnTrue (0.00s)
--- PASS: TestShardForkDetector_RemoveHeaderShouldComputeFinalCheckpoint (0.00s)
--- PASS: TestBaseForkDetector_IsConsensusStuckNoncesDifferencesNotEnoughShouldReturnFalse (0.00s)
--- PASS: TestBasicForkDetector_CheckForkOnlyOneShardHeaderOnANonceShouldReturnFalse (0.00s)
--- PASS: TestBaseForkDetector_IsConsensusStuckNotSyncingShouldReturnFalse (0.00s)
--- PASS: TestMetaForkDetector_ShouldAddBlockInForkDetectorShouldErrLowerRoundInBlock (0.00s)
--- PASS: TestMetaForkDetector_ShouldAddBlockInForkDetectorShouldWork (0.00s)
--- PASS: TestShardForkDetector_AddNotarizedHeadersShouldNotChangeTheFinalCheckpoint (0.00s)
--- PASS: TestShardForkDetector_ShouldAddBlockInForkDetectorShouldErrLowerRoundInBlock (0.00s)
--- PASS: TestShardForkDetector_ShouldAddBlockInForkDetectorShouldWork (0.00s)
--- PASS: TestBasicForkDetector_ProbableHighestNonce (0.00s)
--- PASS: TestBasicForkDetector_GetHighestFinalBlockNonce (0.00s)
--- PASS: TestBasicForkDetector_RemoveCheckpointHeaderNonceShouldResetCheckpoint (0.00s)
--- PASS: TestBasicForkDetector_RemovePastHeadersShouldWork (0.00s)
--- PASS: TestBasicForkDetector_RemoveInvalidReceivedHeadersShouldWork (0.00s)
--- PASS: TestBasicForkDetector_CheckForkShouldReturnFalseWhenForkIsOnHigherEpochBlockReceivedTooLate (0.00s)
--- PASS: TestBasicForkDetector_CheckForkShouldReturnFalseWhenForkIsOnFinalCheckpointNonce (0.00s)
--- PASS: TestBasicForkDetector_CheckForkShouldReturnTrue (0.00s)
--- PASS: TestBasicForkDetector_CheckForkShardHeaderProcessedShouldReturnTrueWhenEqualRoundWithHigherHash (0.00s)
--- PASS: TestBasicForkDetector_CheckForkMetaHeaderProcessedShouldReturnTrueWhenEqualRoundWithHigherHash (0.00s)
--- PASS: TestBasicForkDetector_CheckForkShardHeaderProcessedShouldReturnTrueWhenEqualRoundWithLowerHash (0.00s)
--- PASS: TestBasicForkDetector_CheckForkMetaHeaderProcessedShouldReturnFalseWhenEqualRoundWithLowerHash (0.00s)
--- PASS: TestBasicForkDetector_CheckForkMetaHeaderProcessedShouldReturnFalseWhenLowerRound (0.00s)
--- PASS: TestBasicForkDetector_CheckForkOnlyOneShardHeaderOnANonceReceivedAndProcessedShouldReturnFalse (0.00s)
--- PASS: TestBasicForkDetector_CheckForkMetaHeaderProcessedShouldReturnFalse (0.00s)
--- PASS: TestBasicForkDetector_CheckForkOnlyReceivedHeadersShouldReturnFalse (0.00s)
--- PASS: TestNewShardBootstrap_NilEnableEpochsHandlerShouldErr (0.00s)
--- PASS: TestBootstrap_GetNodeStateShouldReturnNotSynchronizedWhenCurrentBlockIsNilAndRoundIndexIsGreaterThanZero (0.00s)
--- PASS: TestBootstrap_GetNodeStateShouldReturnSynchronizedWhenCurrentBlockIsNilAndRoundIndexIsZero (0.00s)
--- PASS: TestBootstrap_SyncBlockShouldReturnErrorWhenProcessBlockFailed (0.00s)
--- PASS: TestNewMetaForkDetector_NilBlockTrackerShouldErr (0.00s)
--- PASS: TestBootstrap_ShouldReturnNilErr (0.00s)
--- PASS: TestMetaBootstrap_ShouldReturnNilErr (0.00s)
--- PASS: TestShardForkDetector_AddHeaderPresentShouldNotRewriteState (0.00s)
--- PASS: TestNewShardBootstrap_OkValsShouldWork (0.00s)
=== CONT  TestNewShardBootstrap_PoolsHolderRetNilOnProofsShouldErr
--- PASS: TestNewShardBootstrap_PoolsHolderRetNilOnProofsShouldErr (0.00s)
=== CONT  TestShardGetBlockFromPoolShouldReturnBlock
=== CONT  TestMetaBootstrap_NotifySyncStateListenersShouldNotify
=== RUN   TestMetaBootstrap_SyncAccountsDBs/sync_user_accounts_state
=== PAUSE TestMetaBootstrap_SyncAccountsDBs/sync_user_accounts_state
--- PASS: TestMetaBootstrap_NotifySyncStateListenersShouldNotify (0.00s)
=== CONT  TestNewShardBootstrap_NilAccountsDBSyncerShouldErr
=== RUN   TestMetaBootstrap_SyncAccountsDBs/sync_validator_accounts_state
=== PAUSE TestMetaBootstrap_SyncAccountsDBs/sync_validator_accounts_state
=== CONT  TestNewMetaForkDetector_NilBlackListShouldErr
=== CONT  TestBootstrap_RollBackNilParamHeaderShouldErr
=== CONT  TestBootstrap_RollBackNilBlockchainHeaderShouldErr
=== CONT  TestBootstrap_ReceivedHeadersFoundInPoolShouldAddToForkDetector
=== CONT  TestShardBootstrap_RequestMiniBlocksFromHeaderWithNonceIfMissing
=== CONT  TestShardBootstrap_CleanNoncesSyncedWithErrorsBehindFinalShouldWork
=== CONT  TestShardBootstrap_DoJobOnSyncBlockFailShouldResetProbableHighestNonce
=== CONT  TestShardBootstrap_DoJobOnSyncBlockFailShouldNotResetProbableHighestNonceWhenIsNotInProperRound
=== CONT  TestNewBasicForkDetector_ShouldErrNilBlackListHandler
=== CONT  TestBasicForkDetector_RemoveHeadersShouldWork
=== CONT  TestBasicForkDetector_CheckBlockValidityShouldWork
=== CONT  TestBasicForkDetector_CheckBlockValidityShouldErrHigherNonceInBlock
=== CONT  TestBasicForkDetector_CheckBlockValidityShouldErrHigherRoundInBlock
=== CONT  TestBasicForkDetector_CheckBlockValidityShouldErrLowerNonceInBlock
=== CONT  TestBasicForkDetector_CheckBlockValidityShouldErrLowerRoundInBlock
=== CONT  TestBasicForkDetector_CheckBlockValidityShouldErrGenesisTimeMissmatch
=== CONT  TestNewBasicForkDetector_ShouldWork
=== CONT  TestNewBasicForkDetector_ShouldErrNilEnableEpochsHandler
=== CONT  TestNewBasicForkDetector_ShouldErrNilBlockTracker
=== CONT  TestBootstrap_GetTxBodyHavingHashFoundInStorageShouldWork
=== CONT  TestBootstrap_RollBackIsEmptyCallRollBackOneBlockOkValsShouldWork
=== CONT  TestBootstrap_NotifySyncStateListenersShouldNotify
=== CONT  TestBootstrap_GetNodeStateShouldReturnSynchronizedWhenForkIsDetectedAndItReceivesTheGoodHeader
=== CONT  TestBootstrap_GetHeaderFromPoolShouldReturnHeader
=== CONT  TestNewBasicForkDetector_ShouldErrNilProofsPool
=== CONT  TestBootstrap_GetTxBodyHavingHashNotFoundInCacherOrStorageShouldRetEmptySlice
=== CONT  TestBootstrap_AddSyncStateListenerShouldAppendAnotherListener
=== CONT  TestBootstrap_GetTxBodyHavingHashReturnsFromCacherShouldWork
=== CONT  TestBaseBootstrap_GetOrderedMiniBlocksShouldWork
=== CONT  TestNewBasicForkDetector_ShouldErrNilRoundHandler
=== CONT  TestBaseSync_shouldAllowRollback
=== CONT  TestBaseSync_getEpochOfCurrentBlockHeader
=== RUN   TestBaseSync_shouldAllowRollback/should_allow_rollback_nonces_above_final
=== CONT  TestBaseSync_getEpochOfCurrentBlockGenesis
=== CONT  TestBaseBootstrap_GetNodeState
=== CONT  TestShardBootstrap_SyncBlock_WithEquivalentProofs/should_receive_header_and_proof_if_missing,_requesting_by_hash
--- PASS: TestNewShardBootstrap_NilAccountsDBSyncerShouldErr (0.00s)
--- PASS: TestShardGetBlockFromPoolShouldReturnBlock (0.00s)
--- PASS: TestBootstrap_RollBackNilParamHeaderShouldErr (0.00s)
--- PASS: TestBootstrap_RollBackNilBlockchainHeaderShouldErr (0.00s)
--- PASS: TestNewMetaForkDetector_NilBlackListShouldErr (0.00s)
--- PASS: TestBootstrap_ReceivedHeadersFoundInPoolShouldAddToForkDetector (0.00s)
--- PASS: TestShardBootstrap_RequestMiniBlocksFromHeaderWithNonceIfMissing (0.00s)
--- PASS: TestShardBootstrap_CleanNoncesSyncedWithErrorsBehindFinalShouldWork (0.00s)
--- PASS: TestShardBootstrap_DoJobOnSyncBlockFailShouldResetProbableHighestNonce (0.00s)
--- PASS: TestNewBasicForkDetector_ShouldErrNilBlackListHandler (0.00s)
--- PASS: TestShardBootstrap_DoJobOnSyncBlockFailShouldNotResetProbableHighestNonceWhenIsNotInProperRound (0.00s)
--- PASS: TestBasicForkDetector_RemoveHeadersShouldWork (0.00s)
--- PASS: TestBasicForkDetector_CheckBlockValidityShouldWork (0.00s)
--- PASS: TestBasicForkDetector_CheckBlockValidityShouldErrHigherNonceInBlock (0.00s)
--- PASS: TestBasicForkDetector_CheckBlockValidityShouldErrHigherRoundInBlock (0.00s)
--- PASS: TestBasicForkDetector_CheckBlockValidityShouldErrLowerNonceInBlock (0.00s)
--- PASS: TestBasicForkDetector_CheckBlockValidityShouldErrLowerRoundInBlock (0.00s)
--- PASS: TestBasicForkDetector_CheckBlockValidityShouldErrGenesisTimeMissmatch (0.00s)
--- PASS: TestNewBasicForkDetector_ShouldWork (0.00s)
=== CONT  TestBaseBootstrap_GetOrderedMiniBlocksShouldErrMissingBody
--- PASS: TestNewBasicForkDetector_ShouldErrNilEnableEpochsHandler (0.00s)
--- PASS: TestNewBasicForkDetector_ShouldErrNilBlockTracker (0.00s)
--- PASS: TestBaseBootstrap_GetOrderedMiniBlocksShouldErrMissingBody (0.00s)
--- PASS: TestBootstrap_GetTxBodyHavingHashFoundInStorageShouldWork (0.00s)
--- PASS: TestBootstrap_NotifySyncStateListenersShouldNotify (0.00s)
--- PASS: TestBootstrap_RollBackIsEmptyCallRollBackOneBlockOkValsShouldWork (0.00s)
--- PASS: TestBootstrap_GetNodeStateShouldReturnSynchronizedWhenForkIsDetectedAndItReceivesTheGoodHeader (0.00s)
--- PASS: TestBootstrap_GetHeaderFromPoolShouldReturnHeader (0.00s)
--- PASS: TestNewBasicForkDetector_ShouldErrNilProofsPool (0.00s)
--- PASS: TestBootstrap_GetTxBodyHavingHashNotFoundInCacherOrStorageShouldRetEmptySlice (0.00s)
--- PASS: TestBootstrap_GetTxBodyHavingHashReturnsFromCacherShouldWork (0.00s)
--- PASS: TestBootstrap_AddSyncStateListenerShouldAppendAnotherListener (0.00s)
--- PASS: TestNewBasicForkDetector_ShouldErrNilRoundHandler (0.00s)
--- PASS: TestBaseBootstrap_GetOrderedMiniBlocksShouldWork (0.00s)
=== CONT  TestBootstrap_GetHeaderFromPoolShouldReturnNil
=== CONT  TestBaseBootstrap_SyncBlocksShouldCallSyncIfConnectedToTheNetwork
=== CONT  TestBootstrap_RollBackIsNotEmptyShouldErr
=== CONT  TestShardBootstrap_DoJobOnSyncBlockFailShouldNotResetProbableHighestNonceWhenAreNotEnoughErrorsPerNonce
--- PASS: TestBaseSync_getEpochOfCurrentBlockHeader (0.00s)
--- PASS: TestBaseSync_getEpochOfCurrentBlockGenesis (0.00s)
--- PASS: TestBaseBootstrap_GetNodeState (0.00s)
=== RUN   TestBaseSync_shouldAllowRollback/should_not_allow_rollback_of_a_final_header_with_the_same_final_hash_if_it_doesn't_have_scheduled_miniBlocks
--- PASS: TestBootstrap_GetHeaderFromPoolShouldReturnNil (0.00s)
=== CONT  TestShardBootstrap_SyncBlock_WithEquivalentProofs/should_receive_header_and_proof_if_missing,_requesting_by_nonce
=== CONT  TestNewShardBootstrap_NilForkDetectorShouldErr
--- PASS: TestNewShardBootstrap_NilForkDetectorShouldErr (0.00s)
=== CONT  TestNewShardBootstrap_InvalidProcessTimeShouldErr
--- PASS: TestNewShardBootstrap_InvalidProcessTimeShouldErr (0.00s)
=== CONT  TestNewShardBootstrap_NilBlackListHandlerShouldErr
--- PASS: TestBootstrap_RollBackIsNotEmptyShouldErr (0.00s)
--- PASS: TestNewShardBootstrap_NilBlackListHandlerShouldErr (0.00s)
--- PASS: TestShardBootstrap_DoJobOnSyncBlockFailShouldNotResetProbableHighestNonceWhenAreNotEnoughErrorsPerNonce (0.00s)
=== CONT  TestNewShardBootstrap_NilShardCoordinatorShouldErr
--- PASS: TestNewShardBootstrap_NilShardCoordinatorShouldErr (0.00s)
=== CONT  TestNewShardBootstrap_NilBlockProcessorShouldErr
--- PASS: TestNewShardBootstrap_NilBlockProcessorShouldErr (0.00s)
=== CONT  TestNewShardBootstrap_NilMarshalizerShouldErr
=== RUN   TestBaseSync_shouldAllowRollback/should_allow_rollback_of_a_final_header_without_the_same_final_hash
--- PASS: TestNewShardBootstrap_NilMarshalizerShouldErr (0.00s)
=== CONT  TestNewShardBootstrap_NilHasherShouldErr
--- PASS: TestNewShardBootstrap_NilHasherShouldErr (0.00s)
=== CONT  TestBootstrap_GetNodeStateShouldReturnNotSynchronizedWhenNodeIsNotSynced
=== CONT  TestNewShardBootstrap_NilAccountsAdapterShouldErr
--- PASS: TestNewShardBootstrap_NilAccountsAdapterShouldErr (0.00s)
=== CONT  TestBootstrap_GetNodeStateShouldReturnNotSynchronizedWhenForkIsDetectedAndItReceivesTheSameWrongHeader
--- PASS: TestBootstrap_GetNodeStateShouldReturnNotSynchronizedWhenNodeIsNotSynced (0.00s)
=== CONT  TestNewShardBootstrap_NilRoundHandlerShouldErr
--- PASS: TestNewShardBootstrap_NilRoundHandlerShouldErr (0.00s)
--- PASS: TestBootstrap_GetNodeStateShouldReturnNotSynchronizedWhenForkIsDetectedAndItReceivesTheSameWrongHeader (0.00s)
=== CONT  TestMetaBootstrap_SyncBlock_WithEquivalentProofs/time_is_out_when_existing_header_and_missing_proof
=== RUN   TestBaseSync_shouldAllowRollback/should_allow_rollback_of_a_final_header_if_it_holds_scheduled_miniBlocks
=== CONT  TestNewShardBootstrap_NilRequestHandlerShouldErr
=== CONT  TestNewShardBootstrap_NilBlockchainShouldErr
=== RUN   TestBaseSync_shouldAllowRollback/should_not_allow_rollback_of_a_final_header_if_it_holds_scheduled_miniBlocks_but_no_commit_was_done
=== RUN   TestBaseSync_shouldAllowRollback/should_not_allow_rollback_of_a_final_header_if_it_holds_scheduled_miniBlocks_but_first_committed_nonce_is_higher
=== RUN   TestBaseSync_shouldAllowRollback/should_not_allow_any_rollBack_of_a_header_if_nonce_is_behind_final
--- PASS: TestNewShardBootstrap_NilRequestHandlerShouldErr (0.00s)
=== CONT  TestMetaBootstrap_SyncBlock_WithEquivalentProofs/should_receive_header_and_proof_if_missing,_requesting_by_hash
--- PASS: TestNewShardBootstrap_NilBlockchainShouldErr (0.00s)
=== CONT  TestMetaBootstrap_SyncBlock_WithEquivalentProofs/should_receive_header_and_proof_if_missing,_requesting_by_nonce
=== CONT  TestNewShardBootstrap_NilAppStatusHandlerShouldErr
--- PASS: TestNewShardBootstrap_NilAppStatusHandlerShouldErr (0.00s)
=== CONT  TestMetaBootstrap_ReceivedHeaders/should_add_to_fork_detector_if_header_hash_matches
--- PASS: TestBaseSync_shouldAllowRollback (0.00s)
    --- PASS: TestBaseSync_shouldAllowRollback/should_allow_rollback_nonces_above_final (0.00s)
    --- PASS: TestBaseSync_shouldAllowRollback/should_not_allow_rollback_of_a_final_header_with_the_same_final_hash_if_it_doesn't_have_scheduled_miniBlocks (0.00s)
    --- PASS: TestBaseSync_shouldAllowRollback/should_allow_rollback_of_a_final_header_without_the_same_final_hash (0.00s)
    --- PASS: TestBaseSync_shouldAllowRollback/should_allow_rollback_of_a_final_header_if_it_holds_scheduled_miniBlocks (0.00s)
    --- PASS: TestBaseSync_shouldAllowRollback/should_not_allow_rollback_of_a_final_header_if_it_holds_scheduled_miniBlocks_but_no_commit_was_done (0.00s)
    --- PASS: TestBaseSync_shouldAllowRollback/should_not_allow_rollback_of_a_final_header_if_it_holds_scheduled_miniBlocks_but_first_committed_nonce_is_higher (0.00s)
    --- PASS: TestBaseSync_shouldAllowRollback/should_not_allow_any_rollBack_of_a_header_if_nonce_is_behind_final (0.00s)
=== CONT  TestMetaBootstrap_ReceivedHeaders/should_not_add_to_fork_detector_if_header_hash_does_not_match
=== CONT  TestNewMetaBootstrap_MissingStorer/missing_MetaBlockUnit
=== CONT  TestNewMetaBootstrap_MissingStorer/missing_MetaHdrNonceHashDataUnit
--- PASS: TestNewMetaBootstrap_MissingStorer (0.00s)
    --- PASS: TestNewMetaBootstrap_MissingStorer/missing_MetaBlockUnit (0.00s)
    --- PASS: TestNewMetaBootstrap_MissingStorer/missing_MetaHdrNonceHashDataUnit (0.00s)
=== CONT  TestNewShardBootstrap_MissingStorer/missing_BlockHeaderUnit
=== CONT  TestNewShardBootstrap_MissingStorer/missing_ShardHdrNonceHashDataUnit
--- PASS: TestNewShardBootstrap_MissingStorer (0.00s)
    --- PASS: TestNewShardBootstrap_MissingStorer/missing_BlockHeaderUnit (0.00s)
    --- PASS: TestNewShardBootstrap_MissingStorer/missing_ShardHdrNonceHashDataUnit (0.00s)
=== CONT  TestMetaBootstrap_SyncAccountsDBs/sync_user_accounts_state
[0;33mWARN [0m[2026-03-16 10:14:10.127]   base sync: started syncUserAccountsState 
=== CONT  TestMetaBootstrap_SyncAccountsDBs/sync_validator_accounts_state
[0;33mWARN [0m[2026-03-16 10:14:10.127]   base sync: started syncValidatorAccountsState 
--- PASS: TestMetaBootstrap_SyncAccountsDBs (0.00s)
    --- PASS: TestMetaBootstrap_SyncAccountsDBs/sync_user_accounts_state (0.00s)
    --- PASS: TestMetaBootstrap_SyncAccountsDBs/sync_validator_accounts_state (0.00s)
[0;33mWARN [0m[2026-03-16 10:14:10.217]   sync block failed                        [0;33merror[0m = time is out 
--- PASS: TestShardBootstrap_SyncBlock_WithEquivalentProofs (0.00s)
    --- PASS: TestShardBootstrap_SyncBlock_WithEquivalentProofs/should_receive_header_and_proof_if_missing,_requesting_by_hash (0.00s)
    --- PASS: TestShardBootstrap_SyncBlock_WithEquivalentProofs/should_receive_header_and_proof_if_missing,_requesting_by_nonce (0.00s)
    --- PASS: TestShardBootstrap_SyncBlock_WithEquivalentProofs/time_is_out_when_existing_header_and_missing_proof (0.10s)
[0;33mWARN [0m[2026-03-16 10:14:10.218]   sync block failed                        [0;33merror[0m = time is out 
--- PASS: TestBootstrap_ShouldReturnTimeIsOutWhenMissingHeader (0.10s)
[0;33mWARN [0m[2026-03-16 10:14:10.218]   sync block failed                        [0;33merror[0m = time is out 
--- PASS: TestBootstrap_ShouldReturnTimeIsOutWhenMissingBody (0.10s)
[0;33mWARN [0m[2026-03-16 10:14:10.218]   sync block failed                        [0;33merror[0m = time is out 
--- PASS: TestMetaBootstrap_ShouldReturnTimeIsOutWhenMissingHeader (0.10s)
[0;33mWARN [0m[2026-03-16 10:14:10.224]   sync block failed                        [0;33merror[0m = time is out 
[0;33mWARN [0m[2026-03-16 10:14:10.227]   sync block failed                        [0;33merror[0m = time is out 
--- PASS: TestMetaBootstrap_SyncBlock_WithEquivalentProofs (0.00s)
    --- PASS: TestMetaBootstrap_SyncBlock_WithEquivalentProofs/should_receive_header_and_proof_if_missing,_requesting_by_nonce (0.00s)
    --- PASS: TestMetaBootstrap_SyncBlock_WithEquivalentProofs/should_receive_header_and_proof_if_missing,_requesting_by_hash (0.00s)
    --- PASS: TestMetaBootstrap_SyncBlock_WithEquivalentProofs/time_is_out_when_existing_header_and_missing_proof (0.10s)
--- PASS: TestMetaBootstrap_ShouldNotNeedToSync (0.20s)
--- PASS: TestBootstrap_ShouldNotNeedToSync (0.20s)
[0;33mWARN [0m[2026-03-16 10:14:10.330]   sync block failed                        [0;33merror[0m = time is out 
[0;33mWARN [0m[2026-03-16 10:14:10.439]   sync block failed                        [0;33merror[0m = time is out 
[0;33mWARN [0m[2026-03-16 10:14:10.546]   sync block failed                        [0;33merror[0m = time is out 
--- PASS: TestMetaBootstrap_GetHeaderFromPoolShouldReturnNil (0.50s)
--- PASS: TestMetaBootstrap_GetNodeStateShouldReturnSynchronizedWhenForkIsDetectedAndItReceivesTheGoodHeader (0.50s)
--- PASS: TestMetaBootstrap_ReceivedHeaders (0.00s)
    --- PASS: TestMetaBootstrap_ReceivedHeaders/should_not_add_to_fork_detector_if_header_hash_does_not_match (0.50s)
    --- PASS: TestMetaBootstrap_ReceivedHeaders/should_add_to_fork_detector_if_header_hash_matches (0.50s)
[0;33mWARN [0m[2026-03-16 10:14:10.651]   sync block failed                        [0;33merror[0m = time is out 
[0;33mWARN [0m[2026-03-16 10:14:10.758]   sync block failed                        [0;33merror[0m = time is out 
--- PASS: TestBootstrap_SyncShouldSyncOneBlock (0.70s)
--- PASS: TestMetaBootstrap_SyncShouldSyncOneBlock (0.71s)
[0;33mWARN [0m[2026-03-16 10:14:10.867]   sync block failed                        [0;33merror[0m = time is out 
--- PASS: TestBaseBootstrap_SyncBlocksShouldNotCallSyncIfNotConnectedToTheNetwork (1.05s)
--- PASS: TestBaseBootstrap_SyncBlocksShouldCallSyncIfConnectedToTheNetwork (1.05s)
PASS
ok  	github.com/TerraDharitri/drt-go-chain/process/sync	(cached)
=== RUN   TestBaseStorageBootstrapper_CheckBaseStorageBootstrapperArguments
=== PAUSE TestBaseStorageBootstrapper_CheckBaseStorageBootstrapperArguments
=== RUN   TestBaseStorageBootstrapper_RestoreBlockBodyIntoPoolsShouldErrMissingHeader
=== PAUSE TestBaseStorageBootstrapper_RestoreBlockBodyIntoPoolsShouldErrMissingHeader
=== RUN   TestBaseStorageBootstrapper_RestoreBlockBodyIntoPoolsShouldErrMissingBody
=== PAUSE TestBaseStorageBootstrapper_RestoreBlockBodyIntoPoolsShouldErrMissingBody
=== RUN   TestBaseStorageBootstrapper_RestoreBlockBodyIntoPoolsShouldErrWhenRestoreBlockBodyIntoPoolsFails
=== PAUSE TestBaseStorageBootstrapper_RestoreBlockBodyIntoPoolsShouldErrWhenRestoreBlockBodyIntoPoolsFails
=== RUN   TestBaseStorageBootstrapper_RestoreBlockBodyIntoPoolsShouldWork
=== PAUSE TestBaseStorageBootstrapper_RestoreBlockBodyIntoPoolsShouldWork
=== RUN   TestBaseStorageBootstrapper_GetBlockBodyShouldErrMissingBody
=== PAUSE TestBaseStorageBootstrapper_GetBlockBodyShouldErrMissingBody
=== RUN   TestBaseStorageBootstrapper_GetBlockBodyShouldWork
=== PAUSE TestBaseStorageBootstrapper_GetBlockBodyShouldWork
=== RUN   TestShardStorageBootstrapper_LoadFromStorageShouldWork
=== PAUSE TestShardStorageBootstrapper_LoadFromStorageShouldWork
=== RUN   TestShardStorageBootstrapper_CleanupNotarizedStorageForHigherNoncesIfExist
[0;33mWARN [0m[2026-03-16 10:14:10.106]   cleanupNotarizedStorageForHigherNoncesIfExist [0;33merror[0m = header is not found 
--- PASS: TestShardStorageBootstrapper_CleanupNotarizedStorageForHigherNoncesIfExist (0.00s)
=== RUN   TestShardStorageBootstrapper_GetCrossNotarizedHeaderNonceShouldWork
--- PASS: TestShardStorageBootstrapper_GetCrossNotarizedHeaderNonceShouldWork (0.00s)
=== CONT  TestBaseStorageBootstrapper_CheckBaseStorageBootstrapperArguments
=== RUN   TestBaseStorageBootstrapper_CheckBaseStorageBootstrapperArguments/nil_bootstorer_should_error
=== PAUSE TestBaseStorageBootstrapper_CheckBaseStorageBootstrapperArguments/nil_bootstorer_should_error
=== RUN   TestBaseStorageBootstrapper_CheckBaseStorageBootstrapperArguments/nil_fork_detector_should_error
=== PAUSE TestBaseStorageBootstrapper_CheckBaseStorageBootstrapperArguments/nil_fork_detector_should_error
=== RUN   TestBaseStorageBootstrapper_CheckBaseStorageBootstrapperArguments/nil_block_processor_should_error
=== PAUSE TestBaseStorageBootstrapper_CheckBaseStorageBootstrapperArguments/nil_block_processor_should_error
=== RUN   TestBaseStorageBootstrapper_CheckBaseStorageBootstrapperArguments/nil_chain_handler_should_error
=== PAUSE TestBaseStorageBootstrapper_CheckBaseStorageBootstrapperArguments/nil_chain_handler_should_error
=== RUN   TestBaseStorageBootstrapper_CheckBaseStorageBootstrapperArguments/nil_marshaller_should_error
=== PAUSE TestBaseStorageBootstrapper_CheckBaseStorageBootstrapperArguments/nil_marshaller_should_error
=== RUN   TestBaseStorageBootstrapper_CheckBaseStorageBootstrapperArguments/nil_store_should_error
=== PAUSE TestBaseStorageBootstrapper_CheckBaseStorageBootstrapperArguments/nil_store_should_error
=== RUN   TestBaseStorageBootstrapper_CheckBaseStorageBootstrapperArguments/nil_uint64_converter_should_error
=== PAUSE TestBaseStorageBootstrapper_CheckBaseStorageBootstrapperArguments/nil_uint64_converter_should_error
=== RUN   TestBaseStorageBootstrapper_CheckBaseStorageBootstrapperArguments/nil_shard_coordinator_should_error
=== PAUSE TestBaseStorageBootstrapper_CheckBaseStorageBootstrapperArguments/nil_shard_coordinator_should_error
=== RUN   TestBaseStorageBootstrapper_CheckBaseStorageBootstrapperArguments/nil_nodes_coordinator_should_error
=== PAUSE TestBaseStorageBootstrapper_CheckBaseStorageBootstrapperArguments/nil_nodes_coordinator_should_error
=== RUN   TestBaseStorageBootstrapper_CheckBaseStorageBootstrapperArguments/nil_epoch_start_trigger_should_error
=== PAUSE TestBaseStorageBootstrapper_CheckBaseStorageBootstrapperArguments/nil_epoch_start_trigger_should_error
=== RUN   TestBaseStorageBootstrapper_CheckBaseStorageBootstrapperArguments/nil_block_tracker_should_error
=== PAUSE TestBaseStorageBootstrapper_CheckBaseStorageBootstrapperArguments/nil_block_tracker_should_error
=== RUN   TestBaseStorageBootstrapper_CheckBaseStorageBootstrapperArguments/nil_scheduled_txs_execution_should_error
=== PAUSE TestBaseStorageBootstrapper_CheckBaseStorageBootstrapperArguments/nil_scheduled_txs_execution_should_error
=== RUN   TestBaseStorageBootstrapper_CheckBaseStorageBootstrapperArguments/nil_miniblocks_provider_should_error
=== PAUSE TestBaseStorageBootstrapper_CheckBaseStorageBootstrapperArguments/nil_miniblocks_provider_should_error
=== RUN   TestBaseStorageBootstrapper_CheckBaseStorageBootstrapperArguments/nil_epoch_notifier_should_error
=== PAUSE TestBaseStorageBootstrapper_CheckBaseStorageBootstrapperArguments/nil_epoch_notifier_should_error
=== RUN   TestBaseStorageBootstrapper_CheckBaseStorageBootstrapperArguments/nil_processed_mini_blocks_tracker_should_error
=== PAUSE TestBaseStorageBootstrapper_CheckBaseStorageBootstrapperArguments/nil_processed_mini_blocks_tracker_should_error
=== RUN   TestBaseStorageBootstrapper_CheckBaseStorageBootstrapperArguments/nil_app_status_handler_-_should_error
=== PAUSE TestBaseStorageBootstrapper_CheckBaseStorageBootstrapperArguments/nil_app_status_handler_-_should_error
=== CONT  TestBaseStorageBootstrapper_CheckBaseStorageBootstrapperArguments/nil_bootstorer_should_error
=== CONT  TestShardStorageBootstrapper_LoadFromStorageShouldWork
[0;33mWARN [0m[2026-03-16 10:14:10.107]   cleanupNotarizedStorageForHigherNoncesIfExist [0;33merror[0m = header is not found 
--- PASS: TestShardStorageBootstrapper_LoadFromStorageShouldWork (0.00s)
=== CONT  TestBaseStorageBootstrapper_GetBlockBodyShouldWork
=== CONT  TestBaseStorageBootstrapper_CheckBaseStorageBootstrapperArguments/nil_epoch_notifier_should_error
--- PASS: TestBaseStorageBootstrapper_GetBlockBodyShouldWork (0.00s)
=== CONT  TestBaseStorageBootstrapper_CheckBaseStorageBootstrapperArguments/nil_store_should_error
=== CONT  TestBaseStorageBootstrapper_CheckBaseStorageBootstrapperArguments/nil_marshaller_should_error
=== CONT  TestBaseStorageBootstrapper_CheckBaseStorageBootstrapperArguments/nil_chain_handler_should_error
=== CONT  TestBaseStorageBootstrapper_CheckBaseStorageBootstrapperArguments/nil_block_processor_should_error
=== CONT  TestBaseStorageBootstrapper_CheckBaseStorageBootstrapperArguments/nil_fork_detector_should_error
=== CONT  TestBaseStorageBootstrapper_GetBlockBodyShouldErrMissingBody
--- PASS: TestBaseStorageBootstrapper_GetBlockBodyShouldErrMissingBody (0.00s)
=== CONT  TestBaseStorageBootstrapper_RestoreBlockBodyIntoPoolsShouldErrWhenRestoreBlockBodyIntoPoolsFails
=== CONT  TestBaseStorageBootstrapper_RestoreBlockBodyIntoPoolsShouldWork
--- PASS: TestBaseStorageBootstrapper_RestoreBlockBodyIntoPoolsShouldWork (0.00s)
=== CONT  TestBaseStorageBootstrapper_RestoreBlockBodyIntoPoolsShouldErrMissingHeader
--- PASS: TestBaseStorageBootstrapper_RestoreBlockBodyIntoPoolsShouldErrMissingHeader (0.00s)
=== CONT  TestBaseStorageBootstrapper_RestoreBlockBodyIntoPoolsShouldErrMissingBody
--- PASS: TestBaseStorageBootstrapper_RestoreBlockBodyIntoPoolsShouldErrMissingBody (0.00s)
=== CONT  TestBaseStorageBootstrapper_CheckBaseStorageBootstrapperArguments/nil_processed_mini_blocks_tracker_should_error
=== CONT  TestBaseStorageBootstrapper_CheckBaseStorageBootstrapperArguments/nil_app_status_handler_-_should_error
=== CONT  TestBaseStorageBootstrapper_CheckBaseStorageBootstrapperArguments/nil_miniblocks_provider_should_error
=== CONT  TestBaseStorageBootstrapper_CheckBaseStorageBootstrapperArguments/nil_scheduled_txs_execution_should_error
=== CONT  TestBaseStorageBootstrapper_CheckBaseStorageBootstrapperArguments/nil_block_tracker_should_error
=== CONT  TestBaseStorageBootstrapper_CheckBaseStorageBootstrapperArguments/nil_epoch_start_trigger_should_error
=== CONT  TestBaseStorageBootstrapper_CheckBaseStorageBootstrapperArguments/nil_nodes_coordinator_should_error
=== CONT  TestBaseStorageBootstrapper_CheckBaseStorageBootstrapperArguments/nil_shard_coordinator_should_error
=== CONT  TestBaseStorageBootstrapper_CheckBaseStorageBootstrapperArguments/nil_uint64_converter_should_error
--- PASS: TestBaseStorageBootstrapper_RestoreBlockBodyIntoPoolsShouldErrWhenRestoreBlockBodyIntoPoolsFails (0.00s)
--- PASS: TestBaseStorageBootstrapper_CheckBaseStorageBootstrapperArguments (0.00s)
    --- PASS: TestBaseStorageBootstrapper_CheckBaseStorageBootstrapperArguments/nil_bootstorer_should_error (0.00s)
    --- PASS: TestBaseStorageBootstrapper_CheckBaseStorageBootstrapperArguments/nil_store_should_error (0.00s)
    --- PASS: TestBaseStorageBootstrapper_CheckBaseStorageBootstrapperArguments/nil_marshaller_should_error (0.00s)
    --- PASS: TestBaseStorageBootstrapper_CheckBaseStorageBootstrapperArguments/nil_epoch_notifier_should_error (0.00s)
    --- PASS: TestBaseStorageBootstrapper_CheckBaseStorageBootstrapperArguments/nil_block_processor_should_error (0.00s)
    --- PASS: TestBaseStorageBootstrapper_CheckBaseStorageBootstrapperArguments/nil_chain_handler_should_error (0.00s)
    --- PASS: TestBaseStorageBootstrapper_CheckBaseStorageBootstrapperArguments/nil_fork_detector_should_error (0.00s)
    --- PASS: TestBaseStorageBootstrapper_CheckBaseStorageBootstrapperArguments/nil_processed_mini_blocks_tracker_should_error (0.00s)
    --- PASS: TestBaseStorageBootstrapper_CheckBaseStorageBootstrapperArguments/nil_app_status_handler_-_should_error (0.00s)
    --- PASS: TestBaseStorageBootstrapper_CheckBaseStorageBootstrapperArguments/nil_scheduled_txs_execution_should_error (0.00s)
    --- PASS: TestBaseStorageBootstrapper_CheckBaseStorageBootstrapperArguments/nil_block_tracker_should_error (0.00s)
    --- PASS: TestBaseStorageBootstrapper_CheckBaseStorageBootstrapperArguments/nil_epoch_start_trigger_should_error (0.00s)
    --- PASS: TestBaseStorageBootstrapper_CheckBaseStorageBootstrapperArguments/nil_nodes_coordinator_should_error (0.00s)
    --- PASS: TestBaseStorageBootstrapper_CheckBaseStorageBootstrapperArguments/nil_shard_coordinator_should_error (0.00s)
    --- PASS: TestBaseStorageBootstrapper_CheckBaseStorageBootstrapperArguments/nil_uint64_converter_should_error (0.00s)
    --- PASS: TestBaseStorageBootstrapper_CheckBaseStorageBootstrapperArguments/nil_miniblocks_provider_should_error (0.00s)
PASS
ok  	github.com/TerraDharitri/drt-go-chain/process/sync/storageBootstrap	(cached)
=== RUN   TestNewTokensSuppliesProcessor
=== PAUSE TestNewTokensSuppliesProcessor
=== RUN   TestTokensSuppliesProcessor_HandleTrieAccountIteration
=== PAUSE TestTokensSuppliesProcessor_HandleTrieAccountIteration
=== RUN   TestTokensSuppliesProcessor_SaveSupplies
=== PAUSE TestTokensSuppliesProcessor_SaveSupplies
=== RUN   TestNewTrieAccountsIterator
=== PAUSE TestNewTrieAccountsIterator
=== RUN   TestTrieAccountsIterator_Process
=== PAUSE TestTrieAccountsIterator_Process
=== CONT  TestNewTokensSuppliesProcessor
=== RUN   TestNewTokensSuppliesProcessor/nil_storage_service
=== PAUSE TestNewTokensSuppliesProcessor/nil_storage_service
=== RUN   TestNewTokensSuppliesProcessor/nil_marshaller
=== PAUSE TestNewTokensSuppliesProcessor/nil_marshaller
=== RUN   TestNewTokensSuppliesProcessor/should_work
=== PAUSE TestNewTokensSuppliesProcessor/should_work
=== CONT  TestNewTokensSuppliesProcessor/nil_storage_service
=== CONT  TestTrieAccountsIterator_Process
=== RUN   TestTrieAccountsIterator_Process/skip_processing_if_no_handler
=== PAUSE TestTrieAccountsIterator_Process/skip_processing_if_no_handler
=== RUN   TestTrieAccountsIterator_Process/cannot_get_root_hash
=== PAUSE TestTrieAccountsIterator_Process/cannot_get_root_hash
=== RUN   TestTrieAccountsIterator_Process/cannot_get_all_leaves
=== PAUSE TestTrieAccountsIterator_Process/cannot_get_all_leaves
=== RUN   TestTrieAccountsIterator_Process/cannot_get_existing_account
=== PAUSE TestTrieAccountsIterator_Process/cannot_get_existing_account
=== RUN   TestTrieAccountsIterator_Process/should_ignore_non-accounts_leaves
=== PAUSE TestTrieAccountsIterator_Process/should_ignore_non-accounts_leaves
=== RUN   TestTrieAccountsIterator_Process/should_ignore_user_account_without_root_hash
=== PAUSE TestTrieAccountsIterator_Process/should_ignore_user_account_without_root_hash
=== RUN   TestTrieAccountsIterator_Process/should_ignore_accounts_that_cannot_be_casted
=== PAUSE TestTrieAccountsIterator_Process/should_ignore_accounts_that_cannot_be_casted
=== RUN   TestTrieAccountsIterator_Process/should_work_with_dummy_handler
=== PAUSE TestTrieAccountsIterator_Process/should_work_with_dummy_handler
=== RUN   TestTrieAccountsIterator_Process/one_handler_returns_error,_should_error
=== PAUSE TestTrieAccountsIterator_Process/one_handler_returns_error,_should_error
=== RUN   TestTrieAccountsIterator_Process/should_work_with_handlers
=== PAUSE TestTrieAccountsIterator_Process/should_work_with_handlers
=== CONT  TestTrieAccountsIterator_Process/skip_processing_if_no_handler
=== CONT  TestNewTrieAccountsIterator
=== RUN   TestNewTrieAccountsIterator/nil_marshaller
=== PAUSE TestNewTrieAccountsIterator/nil_marshaller
=== RUN   TestNewTrieAccountsIterator/nil_accounts
=== PAUSE TestNewTrieAccountsIterator/nil_accounts
=== RUN   TestNewTrieAccountsIterator/should_work
=== PAUSE TestNewTrieAccountsIterator/should_work
=== CONT  TestNewTrieAccountsIterator/nil_marshaller
=== CONT  TestTokensSuppliesProcessor_SaveSupplies
=== RUN   TestTokensSuppliesProcessor_SaveSupplies/cannot_find_dcdt_supplies_storer
=== PAUSE TestTokensSuppliesProcessor_SaveSupplies/cannot_find_dcdt_supplies_storer
=== RUN   TestTokensSuppliesProcessor_SaveSupplies/should_work
=== PAUSE TestTokensSuppliesProcessor_SaveSupplies/should_work
=== CONT  TestTokensSuppliesProcessor_SaveSupplies/cannot_find_dcdt_supplies_storer
=== CONT  TestTokensSuppliesProcessor_HandleTrieAccountIteration
=== RUN   TestTokensSuppliesProcessor_HandleTrieAccountIteration/nil_user_account
=== PAUSE TestTokensSuppliesProcessor_HandleTrieAccountIteration/nil_user_account
=== RUN   TestTokensSuppliesProcessor_HandleTrieAccountIteration/should_skip_system_account
=== PAUSE TestTokensSuppliesProcessor_HandleTrieAccountIteration/should_skip_system_account
=== RUN   TestTokensSuppliesProcessor_HandleTrieAccountIteration/empty_root_hash_of_account
=== PAUSE TestTokensSuppliesProcessor_HandleTrieAccountIteration/empty_root_hash_of_account
=== RUN   TestTokensSuppliesProcessor_HandleTrieAccountIteration/root_hash_of_account_is_zero_only
=== PAUSE TestTokensSuppliesProcessor_HandleTrieAccountIteration/root_hash_of_account_is_zero_only
=== RUN   TestTokensSuppliesProcessor_HandleTrieAccountIteration/cannot_get_all_leaves_on_channel
=== PAUSE TestTokensSuppliesProcessor_HandleTrieAccountIteration/cannot_get_all_leaves_on_channel
=== RUN   TestTokensSuppliesProcessor_HandleTrieAccountIteration/should_ignore_non-token_keys
=== PAUSE TestTokensSuppliesProcessor_HandleTrieAccountIteration/should_ignore_non-token_keys
=== RUN   TestTokensSuppliesProcessor_HandleTrieAccountIteration/should_not_save_tokens_from_the_system_account
=== PAUSE TestTokensSuppliesProcessor_HandleTrieAccountIteration/should_not_save_tokens_from_the_system_account
=== RUN   TestTokensSuppliesProcessor_HandleTrieAccountIteration/should_work
=== PAUSE TestTokensSuppliesProcessor_HandleTrieAccountIteration/should_work
=== CONT  TestTokensSuppliesProcessor_HandleTrieAccountIteration/nil_user_account
=== CONT  TestNewTokensSuppliesProcessor/should_work
=== CONT  TestNewTokensSuppliesProcessor/nil_marshaller
--- PASS: TestNewTokensSuppliesProcessor (0.00s)
    --- PASS: TestNewTokensSuppliesProcessor/nil_storage_service (0.00s)
    --- PASS: TestNewTokensSuppliesProcessor/should_work (0.00s)
    --- PASS: TestNewTokensSuppliesProcessor/nil_marshaller (0.00s)
=== CONT  TestTrieAccountsIterator_Process/should_work_with_handlers
=== CONT  TestNewTrieAccountsIterator/should_work
=== CONT  TestTokensSuppliesProcessor_HandleTrieAccountIteration/should_skip_system_account
=== CONT  TestTrieAccountsIterator_Process/cannot_get_all_leaves
=== CONT  TestTrieAccountsIterator_Process/cannot_get_root_hash
=== CONT  TestTokensSuppliesProcessor_HandleTrieAccountIteration/should_ignore_non-token_keys
=== CONT  TestNewTrieAccountsIterator/nil_accounts
--- PASS: TestNewTrieAccountsIterator (0.00s)
    --- PASS: TestNewTrieAccountsIterator/nil_marshaller (0.00s)
    --- PASS: TestNewTrieAccountsIterator/should_work (0.00s)
    --- PASS: TestNewTrieAccountsIterator/nil_accounts (0.00s)
=== CONT  TestTokensSuppliesProcessor_SaveSupplies/should_work
--- PASS: TestTokensSuppliesProcessor_SaveSupplies (0.00s)
    --- PASS: TestTokensSuppliesProcessor_SaveSupplies/cannot_find_dcdt_supplies_storer (0.00s)
    --- PASS: TestTokensSuppliesProcessor_SaveSupplies/should_work (0.00s)
=== CONT  TestTokensSuppliesProcessor_HandleTrieAccountIteration/should_work
=== CONT  TestTokensSuppliesProcessor_HandleTrieAccountIteration/should_not_save_tokens_from_the_system_account
=== CONT  TestTrieAccountsIterator_Process/should_ignore_user_account_without_root_hash
=== CONT  TestTrieAccountsIterator_Process/one_handler_returns_error,_should_error
=== CONT  TestTrieAccountsIterator_Process/should_work_with_dummy_handler
=== CONT  TestTrieAccountsIterator_Process/should_ignore_accounts_that_cannot_be_casted
=== CONT  TestTokensSuppliesProcessor_HandleTrieAccountIteration/root_hash_of_account_is_zero_only
=== CONT  TestTokensSuppliesProcessor_HandleTrieAccountIteration/cannot_get_all_leaves_on_channel
=== CONT  TestTrieAccountsIterator_Process/cannot_get_existing_account
=== CONT  TestTrieAccountsIterator_Process/should_ignore_non-accounts_leaves
--- PASS: TestTrieAccountsIterator_Process (0.00s)
    --- PASS: TestTrieAccountsIterator_Process/skip_processing_if_no_handler (0.00s)
    --- PASS: TestTrieAccountsIterator_Process/cannot_get_all_leaves (0.00s)
    --- PASS: TestTrieAccountsIterator_Process/cannot_get_root_hash (0.00s)
    --- PASS: TestTrieAccountsIterator_Process/should_work_with_handlers (0.00s)
    --- PASS: TestTrieAccountsIterator_Process/should_ignore_user_account_without_root_hash (0.00s)
    --- PASS: TestTrieAccountsIterator_Process/one_handler_returns_error,_should_error (0.00s)
    --- PASS: TestTrieAccountsIterator_Process/should_work_with_dummy_handler (0.00s)
    --- PASS: TestTrieAccountsIterator_Process/should_ignore_accounts_that_cannot_be_casted (0.00s)
    --- PASS: TestTrieAccountsIterator_Process/cannot_get_existing_account (0.00s)
    --- PASS: TestTrieAccountsIterator_Process/should_ignore_non-accounts_leaves (0.00s)
=== CONT  TestTokensSuppliesProcessor_HandleTrieAccountIteration/empty_root_hash_of_account
--- PASS: TestTokensSuppliesProcessor_HandleTrieAccountIteration (0.00s)
    --- PASS: TestTokensSuppliesProcessor_HandleTrieAccountIteration/nil_user_account (0.00s)
    --- PASS: TestTokensSuppliesProcessor_HandleTrieAccountIteration/should_skip_system_account (0.00s)
    --- PASS: TestTokensSuppliesProcessor_HandleTrieAccountIteration/should_work (0.00s)
    --- PASS: TestTokensSuppliesProcessor_HandleTrieAccountIteration/should_not_save_tokens_from_the_system_account (0.00s)
    --- PASS: TestTokensSuppliesProcessor_HandleTrieAccountIteration/root_hash_of_account_is_zero_only (0.00s)
    --- PASS: TestTokensSuppliesProcessor_HandleTrieAccountIteration/cannot_get_all_leaves_on_channel (0.00s)
    --- PASS: TestTokensSuppliesProcessor_HandleTrieAccountIteration/empty_root_hash_of_account (0.00s)
    --- PASS: TestTokensSuppliesProcessor_HandleTrieAccountIteration/should_ignore_non-token_keys (0.00s)
PASS
ok  	github.com/TerraDharitri/drt-go-chain/process/sync/trieIterators	(cached)
=== RUN   TestNewBlockSizeThrottle_ShouldWork
--- PASS: TestNewBlockSizeThrottle_ShouldWork (0.00s)
=== RUN   TestBlockSizeThrottle_CurrentMaxSizeToAdd
--- PASS: TestBlockSizeThrottle_CurrentMaxSizeToAdd (0.00s)
=== RUN   TestBlockSizeThrottle_Add
--- PASS: TestBlockSizeThrottle_Add (0.00s)
=== RUN   TestBlockSizeThrottle_SucceedInLastSizeAdded
--- PASS: TestBlockSizeThrottle_SucceedInLastSizeAdded (0.00s)
=== RUN   TestBlockSizeThrottle_SucceedInSizeAdded
--- PASS: TestBlockSizeThrottle_SucceedInSizeAdded (0.00s)
=== RUN   TestBlockSizeThrottle_ComputeCurrentMaxSizeShouldNotSetCurrentMaxSizeWhenStatisticListIsEmpty
--- PASS: TestBlockSizeThrottle_ComputeCurrentMaxSizeShouldNotSetCurrentMaxSizeWhenStatisticListIsEmpty (0.00s)
=== RUN   TestBlockSizeThrottle_ComputeCurrentMaxSizeShouldSetCurrentMaxSizeToMaxSizeWhenLastActionSucceed
--- PASS: TestBlockSizeThrottle_ComputeCurrentMaxSizeShouldSetCurrentMaxSizeToMaxSizeWhenLastActionSucceed (0.00s)
=== RUN   TestBlockSizeThrottle_ComputeCurrentMaxSizeShouldSetCurrentMaxSizeToAnIncreasedValueWhenLastActionSucceed
--- PASS: TestBlockSizeThrottle_ComputeCurrentMaxSizeShouldSetCurrentMaxSizeToAnIncreasedValueWhenLastActionSucceed (0.00s)
=== RUN   TestBlockSizeThrottle_ComputeCurrentMaxSizeShouldSetCurrentMaxSizeToMinSizeWhenLastActionNotSucceed
--- PASS: TestBlockSizeThrottle_ComputeCurrentMaxSizeShouldSetCurrentMaxSizeToMinSizeWhenLastActionNotSucceed (0.00s)
=== RUN   TestBlockSizeThrottle_ComputeCurrentMaxSizeShouldSetCurrentMaxSizeToADecreasedValueWhenLastActionNotSucceed
--- PASS: TestBlockSizeThrottle_ComputeCurrentMaxSizeShouldSetCurrentMaxSizeToADecreasedValueWhenLastActionNotSucceed (0.00s)
=== RUN   TestBlockSizeThrottle_GetMaxSizeWhenSucceedShouldReturnMaxSize
--- PASS: TestBlockSizeThrottle_GetMaxSizeWhenSucceedShouldReturnMaxSize (0.00s)
=== RUN   TestBlockSizeThrottle_GetMaxSizeWhenSucceedShouldReturnMaxSizeUsedWithoutSucceed
--- PASS: TestBlockSizeThrottle_GetMaxSizeWhenSucceedShouldReturnMaxSizeUsedWithoutSucceed (0.00s)
=== RUN   TestBlockSizeThrottle_GetMaxSizeWhenSucceedShouldIncreaseCurrentMaxSizeWithAtLeastOneUnit
--- PASS: TestBlockSizeThrottle_GetMaxSizeWhenSucceedShouldIncreaseCurrentMaxSizeWithAtLeastOneUnit (0.00s)
=== RUN   TestBlockSizeThrottle_GetMaxSizeWhenSucceedShouldIncreaseCurrentMaxSize
--- PASS: TestBlockSizeThrottle_GetMaxSizeWhenSucceedShouldIncreaseCurrentMaxSize (0.00s)
=== RUN   TestBlockSizeThrottle_GetCloserAboveCurrentMaxSizeUsedWithoutSucceedShouldReturnMaxSize
--- PASS: TestBlockSizeThrottle_GetCloserAboveCurrentMaxSizeUsedWithoutSucceedShouldReturnMaxSize (0.00s)
=== RUN   TestBlockSizeThrottle_GetCloserAboveCurrentMaxSizeUsedWithoutSucceedShouldReturnMaxSizeUsedWithoutSucceed
--- PASS: TestBlockSizeThrottle_GetCloserAboveCurrentMaxSizeUsedWithoutSucceedShouldReturnMaxSizeUsedWithoutSucceed (0.00s)
=== RUN   TestBlockSizeThrottle_GetMaxSizeWhenNotSucceedShouldReturnMinSize
--- PASS: TestBlockSizeThrottle_GetMaxSizeWhenNotSucceedShouldReturnMinSize (0.00s)
=== RUN   TestBlockSizeThrottle_GetMaxSizeWhenNotSucceedShouldReturnMaxSizeUsedWithSucceed
--- PASS: TestBlockSizeThrottle_GetMaxSizeWhenNotSucceedShouldReturnMaxSizeUsedWithSucceed (0.00s)
=== RUN   TestBlockSizeThrottle_GetMaxSizeWhenNotSucceedShouldDecreaseCurrentMaxSizeWithAtLeastOneUnit
--- PASS: TestBlockSizeThrottle_GetMaxSizeWhenNotSucceedShouldDecreaseCurrentMaxSizeWithAtLeastOneUnit (0.00s)
=== RUN   TestBlockSizeThrottle_GetMaxSizeWhenNotSucceedShouldDecreaseCurrentMaxSize
--- PASS: TestBlockSizeThrottle_GetMaxSizeWhenNotSucceedShouldDecreaseCurrentMaxSize (0.00s)
=== RUN   TestBlockSizeThrottle_GetCloserBelowCurrentMaxSizeUsedWithSucceedShouldReturnMinSize
--- PASS: TestBlockSizeThrottle_GetCloserBelowCurrentMaxSizeUsedWithSucceedShouldReturnMinSize (0.00s)
=== RUN   TestBlockSizeThrottle_GetCloserBelowCurrentMaxSizeUsedWithSucceedShouldReturnMaxSizeUsedWithSucceed
--- PASS: TestBlockSizeThrottle_GetCloserBelowCurrentMaxSizeUsedWithSucceedShouldReturnMaxSizeUsedWithSucceed (0.00s)
PASS
ok  	github.com/TerraDharitri/drt-go-chain/process/throttle	(cached)
=== RUN   TestNewP2PAntiflood_NilBlacklistHandlerShouldErr
=== PAUSE TestNewP2PAntiflood_NilBlacklistHandlerShouldErr
=== RUN   TestNewP2PAntiflood_EmptyFloodPreventerListShouldErr
=== PAUSE TestNewP2PAntiflood_EmptyFloodPreventerListShouldErr
=== RUN   TestNewP2PAntiflood_NilTopicFloodPreventerShouldErr
=== PAUSE TestNewP2PAntiflood_NilTopicFloodPreventerShouldErr
=== RUN   TestNewP2PAntiflood_ShouldWork
=== PAUSE TestNewP2PAntiflood_ShouldWork
=== RUN   TestP2PAntiflood_CanProcessMessageNilMessageShouldError
=== PAUSE TestP2PAntiflood_CanProcessMessageNilMessageShouldError
=== RUN   TestP2PAntiflood_CanNotIncrementFromConnectedPeerShouldError
=== PAUSE TestP2PAntiflood_CanNotIncrementFromConnectedPeerShouldError
=== RUN   TestP2PAntiflood_CanNotIncrementMessageOriginatorShouldError
=== PAUSE TestP2PAntiflood_CanNotIncrementMessageOriginatorShouldError
=== RUN   TestP2PAntiflood_ShouldWork
=== PAUSE TestP2PAntiflood_ShouldWork
=== RUN   TestP2PAntiflood_ShouldWorkWithMoreThanOneFlodPreventer
=== PAUSE TestP2PAntiflood_ShouldWorkWithMoreThanOneFlodPreventer
=== RUN   TestP2pAntiflood_CanProcessMessagesOnTopicCanNotAccumulateShouldError
=== PAUSE TestP2pAntiflood_CanProcessMessagesOnTopicCanNotAccumulateShouldError
=== RUN   TestP2pAntiflood_CanProcessMessagesOnTopicCanAccumulateShouldWork
=== PAUSE TestP2pAntiflood_CanProcessMessagesOnTopicCanAccumulateShouldWork
=== RUN   TestP2pAntiflood_CanProcessMessagesOriginatorIsBlacklistedShouldErr
=== PAUSE TestP2pAntiflood_CanProcessMessagesOriginatorIsBlacklistedShouldErr
=== RUN   TestP2pAntiflood_ResetForTopicSetMaxMessagesShouldWork
=== PAUSE TestP2pAntiflood_ResetForTopicSetMaxMessagesShouldWork
=== RUN   TestP2pAntiflood_SetConsensusSizeNotifier
=== PAUSE TestP2pAntiflood_SetConsensusSizeNotifier
=== RUN   TestP2pAntiflood_SetDebuggerNilDebuggerShouldErr
=== PAUSE TestP2pAntiflood_SetDebuggerNilDebuggerShouldErr
=== RUN   TestP2pAntiflood_SetDebuggerShouldWork
=== PAUSE TestP2pAntiflood_SetDebuggerShouldWork
=== RUN   TestP2pAntiflood_Close
=== PAUSE TestP2pAntiflood_Close
=== RUN   TestP2pAntiflood_BlacklistPeerErrShouldDoNothing
=== PAUSE TestP2pAntiflood_BlacklistPeerErrShouldDoNothing
=== RUN   TestP2pAntiflood_BlacklistPeerShouldWork
=== PAUSE TestP2pAntiflood_BlacklistPeerShouldWork
=== RUN   TestP2pAntiflood_IsOriginatorEligibleForTopic
=== PAUSE TestP2pAntiflood_IsOriginatorEligibleForTopic
=== RUN   TestP2pAntiflood_ConcurrentOperations
--- PASS: TestP2pAntiflood_ConcurrentOperations (0.01s)
=== CONT  TestNewP2PAntiflood_NilBlacklistHandlerShouldErr
--- PASS: TestNewP2PAntiflood_NilBlacklistHandlerShouldErr (0.00s)
=== CONT  TestP2pAntiflood_IsOriginatorEligibleForTopic
--- PASS: TestP2pAntiflood_IsOriginatorEligibleForTopic (0.00s)
=== CONT  TestP2pAntiflood_BlacklistPeerShouldWork
--- PASS: TestP2pAntiflood_BlacklistPeerShouldWork (0.00s)
=== CONT  TestP2pAntiflood_BlacklistPeerErrShouldDoNothing
[0;33mWARN [0m[2026-03-16 10:14:10.133]   error adding in blacklist                [0;33mpid[0m = ekxT [0;33mtime[0m = 1s [0;33mreason[0m = reason [0;33merror[0m = err 
--- PASS: TestP2pAntiflood_BlacklistPeerErrShouldDoNothing (0.00s)
=== CONT  TestP2pAntiflood_Close
--- PASS: TestP2pAntiflood_Close (0.00s)
=== CONT  TestP2pAntiflood_SetDebuggerShouldWork
--- PASS: TestP2pAntiflood_SetDebuggerShouldWork (0.00s)
=== CONT  TestP2pAntiflood_SetDebuggerNilDebuggerShouldErr
--- PASS: TestP2pAntiflood_SetDebuggerNilDebuggerShouldErr (0.00s)
=== CONT  TestP2pAntiflood_SetConsensusSizeNotifier
--- PASS: TestP2pAntiflood_SetConsensusSizeNotifier (0.00s)
=== CONT  TestP2pAntiflood_ResetForTopicSetMaxMessagesShouldWork
--- PASS: TestP2pAntiflood_ResetForTopicSetMaxMessagesShouldWork (0.00s)
=== CONT  TestP2pAntiflood_CanProcessMessagesOriginatorIsBlacklistedShouldErr
--- PASS: TestP2pAntiflood_CanProcessMessagesOriginatorIsBlacklistedShouldErr (0.00s)
=== CONT  TestP2pAntiflood_CanProcessMessagesOnTopicCanAccumulateShouldWork
--- PASS: TestP2pAntiflood_CanProcessMessagesOnTopicCanAccumulateShouldWork (0.00s)
=== CONT  TestP2pAntiflood_CanProcessMessagesOnTopicCanNotAccumulateShouldError
--- PASS: TestP2pAntiflood_CanProcessMessagesOnTopicCanNotAccumulateShouldError (0.00s)
=== CONT  TestP2PAntiflood_ShouldWorkWithMoreThanOneFlodPreventer
--- PASS: TestP2PAntiflood_ShouldWorkWithMoreThanOneFlodPreventer (0.00s)
=== CONT  TestP2PAntiflood_ShouldWork
--- PASS: TestP2PAntiflood_ShouldWork (0.00s)
=== CONT  TestP2PAntiflood_CanNotIncrementMessageOriginatorShouldError
--- PASS: TestP2PAntiflood_CanNotIncrementMessageOriginatorShouldError (0.00s)
=== CONT  TestP2PAntiflood_CanNotIncrementFromConnectedPeerShouldError
--- PASS: TestP2PAntiflood_CanNotIncrementFromConnectedPeerShouldError (0.00s)
=== CONT  TestP2PAntiflood_CanProcessMessageNilMessageShouldError
--- PASS: TestP2PAntiflood_CanProcessMessageNilMessageShouldError (0.00s)
=== CONT  TestNewP2PAntiflood_ShouldWork
--- PASS: TestNewP2PAntiflood_ShouldWork (0.00s)
=== CONT  TestNewP2PAntiflood_NilTopicFloodPreventerShouldErr
--- PASS: TestNewP2PAntiflood_NilTopicFloodPreventerShouldErr (0.00s)
=== CONT  TestNewP2PAntiflood_EmptyFloodPreventerListShouldErr
--- PASS: TestNewP2PAntiflood_EmptyFloodPreventerListShouldErr (0.00s)
PASS
ok  	github.com/TerraDharitri/drt-go-chain/process/throttle/antiflood	(cached)
=== RUN   TestNewPeerDenialEvaluator_NilPeerTimeCacherShouldErr
=== PAUSE TestNewPeerDenialEvaluator_NilPeerTimeCacherShouldErr
=== RUN   TestNewPeerDenialEvaluator_NilTimeCacherShouldErr
=== PAUSE TestNewPeerDenialEvaluator_NilTimeCacherShouldErr
=== RUN   TestNewPeerDenialEvaluator_NilPeerShardMapperShouldErr
=== PAUSE TestNewPeerDenialEvaluator_NilPeerShardMapperShouldErr
=== RUN   TestNewPeerDenialEvaluator_ShouldWork
=== PAUSE TestNewPeerDenialEvaluator_ShouldWork
=== RUN   TestPeerDenialEvaluator_IsDeniedShouldWorkIfFoundInPids
=== PAUSE TestPeerDenialEvaluator_IsDeniedShouldWorkIfFoundInPids
=== RUN   TestPeerDenialEvaluator_IsDeniedShouldWorkIfNotFoundInPidsNorInPeerShardMapper
=== PAUSE TestPeerDenialEvaluator_IsDeniedShouldWorkIfNotFoundInPidsNorInPeerShardMapper
=== RUN   TestPeerDenialEvaluator_IsDeniedShouldWorkIfFoundInPk
=== PAUSE TestPeerDenialEvaluator_IsDeniedShouldWorkIfFoundInPk
=== RUN   TestPeerDenialEvaluator_UpsertPeerID
=== PAUSE TestPeerDenialEvaluator_UpsertPeerID
=== RUN   TestNewP2PQuotaBlacklistProcessor_NilCacherShouldErr
=== PAUSE TestNewP2PQuotaBlacklistProcessor_NilCacherShouldErr
=== RUN   TestNewP2PQuotaBlacklistProcessor_NilBlackListHandlerShouldErr
=== PAUSE TestNewP2PQuotaBlacklistProcessor_NilBlackListHandlerShouldErr
=== RUN   TestNewP2PQuotaBlacklistProcessor_InvalidThresholdNumReceivedFloodShouldErr
=== PAUSE TestNewP2PQuotaBlacklistProcessor_InvalidThresholdNumReceivedFloodShouldErr
=== RUN   TestNewP2PQuotaBlacklistProcessor_InvalidThresholdSizeReceivedFloodShouldErr
=== PAUSE TestNewP2PQuotaBlacklistProcessor_InvalidThresholdSizeReceivedFloodShouldErr
=== RUN   TestNewP2PQuotaBlacklistProcessor_InvalidNumFloodingRoundsShouldErr
=== PAUSE TestNewP2PQuotaBlacklistProcessor_InvalidNumFloodingRoundsShouldErr
=== RUN   TestNewP2PQuotaBlacklistProcessor_InvalidBanDurationShouldErr
=== PAUSE TestNewP2PQuotaBlacklistProcessor_InvalidBanDurationShouldErr
=== RUN   TestNewP2PQuotaBlacklistProcessor_ShouldWork
=== PAUSE TestNewP2PQuotaBlacklistProcessor_ShouldWork
=== RUN   TestP2PQuotaBlacklistProcessor_AddQuotaUnderThresholdShouldNotCallGetOrPut
=== PAUSE TestP2PQuotaBlacklistProcessor_AddQuotaUnderThresholdShouldNotCallGetOrPut
=== RUN   TestP2PQuotaBlacklistProcessor_AddQuotaOverThresholdInexistentDataOnGetShouldPutOne
=== PAUSE TestP2PQuotaBlacklistProcessor_AddQuotaOverThresholdInexistentDataOnGetShouldPutOne
=== RUN   TestP2PQuotaBlacklistProcessor_AddQuotaOverThresholdDataNotValidOnGetShouldPutOne
=== PAUSE TestP2PQuotaBlacklistProcessor_AddQuotaOverThresholdDataNotValidOnGetShouldPutOne
=== RUN   TestP2PQuotaBlacklistProcessor_AddQuotaShouldIncrement
=== PAUSE TestP2PQuotaBlacklistProcessor_AddQuotaShouldIncrement
=== RUN   TestP2PQuotaBlacklistProcessor_AddQuotaForSelfShouldNotIncrement
=== PAUSE TestP2PQuotaBlacklistProcessor_AddQuotaForSelfShouldNotIncrement
=== RUN   TestP2PQuotaBlacklistProcessor_ResetStatisticsRemoveNilValueKey
=== PAUSE TestP2PQuotaBlacklistProcessor_ResetStatisticsRemoveNilValueKey
=== RUN   TestP2PQuotaBlacklistProcessor_ResetStatisticsShouldRemoveInvalidValueKey
=== PAUSE TestP2PQuotaBlacklistProcessor_ResetStatisticsShouldRemoveInvalidValueKey
=== RUN   TestP2PQuotaBlacklistProcessor_ResetStatisticsUnderNumFloodingRoundsShouldNotBlackList
=== PAUSE TestP2PQuotaBlacklistProcessor_ResetStatisticsUnderNumFloodingRoundsShouldNotBlackList
=== RUN   TestP2PQuotaBlacklistProcessor_ResetStatisticsOverNumFloodingRoundsShouldBlackList
=== PAUSE TestP2PQuotaBlacklistProcessor_ResetStatisticsOverNumFloodingRoundsShouldBlackList
=== CONT  TestNewPeerDenialEvaluator_NilPeerTimeCacherShouldErr
--- PASS: TestNewPeerDenialEvaluator_NilPeerTimeCacherShouldErr (0.00s)
=== CONT  TestP2PQuotaBlacklistProcessor_ResetStatisticsOverNumFloodingRoundsShouldBlackList
--- PASS: TestP2PQuotaBlacklistProcessor_ResetStatisticsOverNumFloodingRoundsShouldBlackList (0.00s)
=== CONT  TestP2PQuotaBlacklistProcessor_ResetStatisticsUnderNumFloodingRoundsShouldNotBlackList
--- PASS: TestP2PQuotaBlacklistProcessor_ResetStatisticsUnderNumFloodingRoundsShouldNotBlackList (0.00s)
=== CONT  TestP2PQuotaBlacklistProcessor_ResetStatisticsShouldRemoveInvalidValueKey
--- PASS: TestP2PQuotaBlacklistProcessor_ResetStatisticsShouldRemoveInvalidValueKey (0.00s)
=== CONT  TestP2PQuotaBlacklistProcessor_ResetStatisticsRemoveNilValueKey
--- PASS: TestP2PQuotaBlacklistProcessor_ResetStatisticsRemoveNilValueKey (0.00s)
=== CONT  TestP2PQuotaBlacklistProcessor_AddQuotaForSelfShouldNotIncrement
[0;33mWARN [0m[2026-03-16 10:14:10.223]   current peer should have been blacklisted [0;33mname[0m =  [0;33mtotal num messages[0m = 10 [0;33mtotal size[0m = 20 
--- PASS: TestP2PQuotaBlacklistProcessor_AddQuotaForSelfShouldNotIncrement (0.00s)
=== CONT  TestNewP2PQuotaBlacklistProcessor_NilBlackListHandlerShouldErr
--- PASS: TestNewP2PQuotaBlacklistProcessor_NilBlackListHandlerShouldErr (0.00s)
=== CONT  TestNewP2PQuotaBlacklistProcessor_NilCacherShouldErr
--- PASS: TestNewP2PQuotaBlacklistProcessor_NilCacherShouldErr (0.00s)
=== CONT  TestPeerDenialEvaluator_UpsertPeerID
--- PASS: TestPeerDenialEvaluator_UpsertPeerID (0.00s)
=== CONT  TestPeerDenialEvaluator_IsDeniedShouldWorkIfFoundInPk
--- PASS: TestPeerDenialEvaluator_IsDeniedShouldWorkIfFoundInPk (0.00s)
=== CONT  TestPeerDenialEvaluator_IsDeniedShouldWorkIfNotFoundInPidsNorInPeerShardMapper
--- PASS: TestPeerDenialEvaluator_IsDeniedShouldWorkIfNotFoundInPidsNorInPeerShardMapper (0.00s)
=== CONT  TestPeerDenialEvaluator_IsDeniedShouldWorkIfFoundInPids
--- PASS: TestPeerDenialEvaluator_IsDeniedShouldWorkIfFoundInPids (0.00s)
=== CONT  TestNewPeerDenialEvaluator_ShouldWork
--- PASS: TestNewPeerDenialEvaluator_ShouldWork (0.00s)
=== CONT  TestNewPeerDenialEvaluator_NilPeerShardMapperShouldErr
--- PASS: TestNewPeerDenialEvaluator_NilPeerShardMapperShouldErr (0.00s)
=== CONT  TestNewPeerDenialEvaluator_NilTimeCacherShouldErr
--- PASS: TestNewPeerDenialEvaluator_NilTimeCacherShouldErr (0.00s)
=== CONT  TestP2PQuotaBlacklistProcessor_AddQuotaUnderThresholdShouldNotCallGetOrPut
--- PASS: TestP2PQuotaBlacklistProcessor_AddQuotaUnderThresholdShouldNotCallGetOrPut (0.00s)
=== CONT  TestP2PQuotaBlacklistProcessor_AddQuotaShouldIncrement
--- PASS: TestP2PQuotaBlacklistProcessor_AddQuotaShouldIncrement (0.00s)
=== CONT  TestP2PQuotaBlacklistProcessor_AddQuotaOverThresholdDataNotValidOnGetShouldPutOne
--- PASS: TestP2PQuotaBlacklistProcessor_AddQuotaOverThresholdDataNotValidOnGetShouldPutOne (0.00s)
=== CONT  TestP2PQuotaBlacklistProcessor_AddQuotaOverThresholdInexistentDataOnGetShouldPutOne
--- PASS: TestP2PQuotaBlacklistProcessor_AddQuotaOverThresholdInexistentDataOnGetShouldPutOne (0.00s)
=== CONT  TestNewP2PQuotaBlacklistProcessor_InvalidBanDurationShouldErr
--- PASS: TestNewP2PQuotaBlacklistProcessor_InvalidBanDurationShouldErr (0.00s)
=== CONT  TestNewP2PQuotaBlacklistProcessor_InvalidThresholdNumReceivedFloodShouldErr
=== CONT  TestNewP2PQuotaBlacklistProcessor_InvalidNumFloodingRoundsShouldErr
--- PASS: TestNewP2PQuotaBlacklistProcessor_InvalidNumFloodingRoundsShouldErr (0.00s)
=== CONT  TestNewP2PQuotaBlacklistProcessor_ShouldWork
--- PASS: TestNewP2PQuotaBlacklistProcessor_InvalidThresholdNumReceivedFloodShouldErr (0.00s)
--- PASS: TestNewP2PQuotaBlacklistProcessor_ShouldWork (0.00s)
=== CONT  TestNewP2PQuotaBlacklistProcessor_InvalidThresholdSizeReceivedFloodShouldErr
--- PASS: TestNewP2PQuotaBlacklistProcessor_InvalidThresholdSizeReceivedFloodShouldErr (0.00s)
PASS
ok  	github.com/TerraDharitri/drt-go-chain/process/throttle/antiflood/blackList	(cached)
=== RUN   TestAntiFlood_ShouldNotPanic
=== PAUSE TestAntiFlood_ShouldNotPanic
=== RUN   TestNewNilTopicFloodPreventer
=== PAUSE TestNewNilTopicFloodPreventer
=== RUN   TestNilTopicFloodPreventer_FunctionsShouldNotPanic
=== PAUSE TestNilTopicFloodPreventer_FunctionsShouldNotPanic
=== RUN   TestBlacklistHandler_ShouldNotPanic
=== PAUSE TestBlacklistHandler_ShouldNotPanic
=== CONT  TestAntiFlood_ShouldNotPanic
--- PASS: TestAntiFlood_ShouldNotPanic (0.00s)
=== CONT  TestBlacklistHandler_ShouldNotPanic
--- PASS: TestBlacklistHandler_ShouldNotPanic (0.00s)
=== CONT  TestNewNilTopicFloodPreventer
--- PASS: TestNewNilTopicFloodPreventer (0.00s)
=== CONT  TestNilTopicFloodPreventer_FunctionsShouldNotPanic
--- PASS: TestNilTopicFloodPreventer_FunctionsShouldNotPanic (0.00s)
PASS
ok  	github.com/TerraDharitri/drt-go-chain/process/throttle/antiflood/disabled	(cached)
=== RUN   TestNewP2PAntiFloodAndBlackList_NilStatusHandlerShouldErr
=== PAUSE TestNewP2PAntiFloodAndBlackList_NilStatusHandlerShouldErr
=== RUN   TestNewP2PAntiFloodAndBlackList_ShouldWorkAndReturnDisabledImplementations
=== PAUSE TestNewP2PAntiFloodAndBlackList_ShouldWorkAndReturnDisabledImplementations
=== RUN   TestNewP2PAntiFloodAndBlackList_ShouldWorkAndReturnOkImplementations
=== PAUSE TestNewP2PAntiFloodAndBlackList_ShouldWorkAndReturnOkImplementations
=== RUN   TestNewP2POutputAntiFlood_ShouldWorkAndReturnDisabledImplementations
=== PAUSE TestNewP2POutputAntiFlood_ShouldWorkAndReturnDisabledImplementations
=== RUN   TestNewP2POutputAntiFlood_BadCacheConfigShouldErr
=== PAUSE TestNewP2POutputAntiFlood_BadCacheConfigShouldErr
=== RUN   TestNewP2POutputAntiFlood_BadConfigShouldErr
=== PAUSE TestNewP2POutputAntiFlood_BadConfigShouldErr
=== RUN   TestNewP2POutputAntiFlood_ShouldWorkAndReturnOkImplementations
=== PAUSE TestNewP2POutputAntiFlood_ShouldWorkAndReturnOkImplementations
=== CONT  TestNewP2PAntiFloodAndBlackList_NilStatusHandlerShouldErr
--- PASS: TestNewP2PAntiFloodAndBlackList_NilStatusHandlerShouldErr (0.00s)
=== CONT  TestNewP2POutputAntiFlood_ShouldWorkAndReturnOkImplementations
--- PASS: TestNewP2POutputAntiFlood_ShouldWorkAndReturnOkImplementations (0.00s)
=== CONT  TestNewP2POutputAntiFlood_BadConfigShouldErr
--- PASS: TestNewP2POutputAntiFlood_BadConfigShouldErr (0.00s)
=== CONT  TestNewP2POutputAntiFlood_BadCacheConfigShouldErr
--- PASS: TestNewP2POutputAntiFlood_BadCacheConfigShouldErr (0.00s)
=== CONT  TestNewP2POutputAntiFlood_ShouldWorkAndReturnDisabledImplementations
--- PASS: TestNewP2POutputAntiFlood_ShouldWorkAndReturnDisabledImplementations (0.00s)
=== CONT  TestNewP2PAntiFloodAndBlackList_ShouldWorkAndReturnOkImplementations
=== CONT  TestNewP2PAntiFloodAndBlackList_ShouldWorkAndReturnDisabledImplementations
--- PASS: TestNewP2PAntiFloodAndBlackList_ShouldWorkAndReturnDisabledImplementations (0.00s)
--- PASS: TestNewP2PAntiFloodAndBlackList_ShouldWorkAndReturnOkImplementations (2.00s)
PASS
ok  	github.com/TerraDharitri/drt-go-chain/process/throttle/antiflood/factory	(cached)
=== RUN   TestNewQuotaFloodPreventer_NilCacherShouldErr
=== PAUSE TestNewQuotaFloodPreventer_NilCacherShouldErr
=== RUN   TestNewQuotaFloodPreventer_NilStatusHandlerShouldErr
=== PAUSE TestNewQuotaFloodPreventer_NilStatusHandlerShouldErr
=== RUN   TestNewQuotaFloodPreventer_LowerMinMessagesPerPeerShouldErr
=== PAUSE TestNewQuotaFloodPreventer_LowerMinMessagesPerPeerShouldErr
=== RUN   TestNewQuotaFloodPreventer_LowerMinSizePerPeerShouldErr
=== PAUSE TestNewQuotaFloodPreventer_LowerMinSizePerPeerShouldErr
=== RUN   TestNewQuotaFloodPreventer_HigherPercentReservedShouldErr
=== PAUSE TestNewQuotaFloodPreventer_HigherPercentReservedShouldErr
=== RUN   TestNewQuotaFloodPreventer_LowerPercentReservedShouldErr
=== PAUSE TestNewQuotaFloodPreventer_LowerPercentReservedShouldErr
=== RUN   TestNewQuotaFloodPreventer_NegativeIncreaseFactorShouldErr
=== PAUSE TestNewQuotaFloodPreventer_NegativeIncreaseFactorShouldErr
=== RUN   TestNewQuotaFloodPreventer_ShouldWork
=== PAUSE TestNewQuotaFloodPreventer_ShouldWork
=== RUN   TestNewQuotaFloodPreventer_NilListShouldWork
=== PAUSE TestNewQuotaFloodPreventer_NilListShouldWork
=== RUN   TestNewQuotaFloodPreventer_IncreaseLoadIdentifierNotPresentPutQuotaAndReturnTrue
=== PAUSE TestNewQuotaFloodPreventer_IncreaseLoadIdentifierNotPresentPutQuotaAndReturnTrue
=== RUN   TestNewQuotaFloodPreventer_IncreaseLoadNotQuotaSavedInCacheShouldPutQuotaAndReturnTrue
=== PAUSE TestNewQuotaFloodPreventer_IncreaseLoadNotQuotaSavedInCacheShouldPutQuotaAndReturnTrue
=== RUN   TestNewQuotaFloodPreventer_IncreaseLoadUnderMaxValuesShouldIncrementAndReturnTrue
=== PAUSE TestNewQuotaFloodPreventer_IncreaseLoadUnderMaxValuesShouldIncrementAndReturnTrue
=== RUN   TestNewQuotaFloodPreventer_IncreaseLoadOverMaxPeerNumMessagesShouldNotPutAndReturnFalse
=== PAUSE TestNewQuotaFloodPreventer_IncreaseLoadOverMaxPeerNumMessagesShouldNotPutAndReturnFalse
=== RUN   TestNewQuotaFloodPreventer_IncreaseLoadOverMaxPeerSizeShouldNotPutAndReturnFalse
=== PAUSE TestNewQuotaFloodPreventer_IncreaseLoadOverMaxPeerSizeShouldNotPutAndReturnFalse
=== RUN   TestCountersMap_IncreaseLoadShouldWorkConcurrently
=== PAUSE TestCountersMap_IncreaseLoadShouldWorkConcurrently
=== RUN   TestCountersMap_ResetShouldCallCacherClear
=== PAUSE TestCountersMap_ResetShouldCallCacherClear
=== RUN   TestCountersMap_ResetShouldCallQuotaStatus
=== PAUSE TestCountersMap_ResetShouldCallQuotaStatus
=== RUN   TestCountersMap_IncrementAndResetShouldWorkConcurrently
=== PAUSE TestCountersMap_IncrementAndResetShouldWorkConcurrently
=== RUN   TestNewQuotaFloodPreventer_IncreaseLoadWithMockCacherShouldWork
=== PAUSE TestNewQuotaFloodPreventer_IncreaseLoadWithMockCacherShouldWork
=== RUN   TestQuotaFloodPreventer_ApplyConsensusSizeInvalidConsensusSize
=== PAUSE TestQuotaFloodPreventer_ApplyConsensusSizeInvalidConsensusSize
=== RUN   TestQuotaFloodPreventer_ApplyConsensusUnderThreshold
=== PAUSE TestQuotaFloodPreventer_ApplyConsensusUnderThreshold
=== RUN   TestQuotaFloodPreventer_ApplyConsensusShouldWork
=== PAUSE TestQuotaFloodPreventer_ApplyConsensusShouldWork
=== RUN   TestNewTopicFloodPreventer_InvalidMaxNumOfMessagesShouldErr
=== PAUSE TestNewTopicFloodPreventer_InvalidMaxNumOfMessagesShouldErr
=== RUN   TestNewTopicFloodPreventer_OkValsShouldWork
=== PAUSE TestNewTopicFloodPreventer_OkValsShouldWork
=== RUN   TestTopicFloodPreventer_IncreaseLoadOnceShouldWork
=== PAUSE TestTopicFloodPreventer_IncreaseLoadOnceShouldWork
=== RUN   TestTopicFloodPreventer_IncreaseLoadShouldReturnFalseIfNumberIsExceeded
=== PAUSE TestTopicFloodPreventer_IncreaseLoadShouldReturnFalseIfNumberIsExceeded
=== RUN   TestTopicFloodPreventer_IncreaseLoadShouldReturnFalseIfNumberIsExceededUsingCustomLimitForTopic
=== PAUSE TestTopicFloodPreventer_IncreaseLoadShouldReturnFalseIfNumberIsExceededUsingCustomLimitForTopic
=== RUN   TestTopicFloodPreventer_IncreaseLoadShouldReturnFalseIfNumberIsExceededWithNumMessages
=== PAUSE TestTopicFloodPreventer_IncreaseLoadShouldReturnFalseIfNumberIsExceededWithNumMessages
=== RUN   TestTopicFloodPreventer_ResetForTopic
=== PAUSE TestTopicFloodPreventer_ResetForTopic
=== RUN   TestTopicFloodPreventer_ResetForTopicWithBadWildcardNothingShouldHappen
=== PAUSE TestTopicFloodPreventer_ResetForTopicWithBadWildcardNothingShouldHappen
=== RUN   TestTopicFloodPreventer_ResetForTopicWithOkWildcardShouldReset
=== PAUSE TestTopicFloodPreventer_ResetForTopicWithOkWildcardShouldReset
=== RUN   TestTopicFloodPreventer_MaxMessagesOnWildcardTopicWorks
=== PAUSE TestTopicFloodPreventer_MaxMessagesOnWildcardTopicWorks
=== RUN   TestTopicFloodPreventer_MaxMessagesOnWildcardTopicCachesTheValue
=== PAUSE TestTopicFloodPreventer_MaxMessagesOnWildcardTopicCachesTheValue
=== RUN   TestTopicFloodPreventer_ResetForNotRegisteredTopics
=== PAUSE TestTopicFloodPreventer_ResetForNotRegisteredTopics
=== RUN   TestTopicFloodPreventer_ResetForNotRegisteredTopicsWithWildcardShuldWork
=== PAUSE TestTopicFloodPreventer_ResetForNotRegisteredTopicsWithWildcardShuldWork
=== CONT  TestNewQuotaFloodPreventer_NilCacherShouldErr
--- PASS: TestNewQuotaFloodPreventer_NilCacherShouldErr (0.00s)
=== CONT  TestTopicFloodPreventer_ResetForNotRegisteredTopicsWithWildcardShuldWork
--- PASS: TestTopicFloodPreventer_ResetForNotRegisteredTopicsWithWildcardShuldWork (0.00s)
=== CONT  TestTopicFloodPreventer_ResetForNotRegisteredTopics
--- PASS: TestTopicFloodPreventer_ResetForNotRegisteredTopics (0.00s)
=== CONT  TestTopicFloodPreventer_MaxMessagesOnWildcardTopicCachesTheValue
--- PASS: TestTopicFloodPreventer_MaxMessagesOnWildcardTopicCachesTheValue (0.00s)
=== CONT  TestTopicFloodPreventer_MaxMessagesOnWildcardTopicWorks
--- PASS: TestTopicFloodPreventer_MaxMessagesOnWildcardTopicWorks (0.00s)
=== CONT  TestTopicFloodPreventer_ResetForTopicWithOkWildcardShouldReset
--- PASS: TestTopicFloodPreventer_ResetForTopicWithOkWildcardShouldReset (0.00s)
=== CONT  TestTopicFloodPreventer_ResetForTopicWithBadWildcardNothingShouldHappen
--- PASS: TestTopicFloodPreventer_ResetForTopicWithBadWildcardNothingShouldHappen (0.00s)
=== CONT  TestTopicFloodPreventer_ResetForTopic
--- PASS: TestTopicFloodPreventer_ResetForTopic (0.00s)
=== CONT  TestTopicFloodPreventer_IncreaseLoadShouldReturnFalseIfNumberIsExceededWithNumMessages
--- PASS: TestTopicFloodPreventer_IncreaseLoadShouldReturnFalseIfNumberIsExceededWithNumMessages (0.00s)
=== CONT  TestTopicFloodPreventer_IncreaseLoadShouldReturnFalseIfNumberIsExceededUsingCustomLimitForTopic
--- PASS: TestTopicFloodPreventer_IncreaseLoadShouldReturnFalseIfNumberIsExceededUsingCustomLimitForTopic (0.00s)
=== CONT  TestTopicFloodPreventer_IncreaseLoadShouldReturnFalseIfNumberIsExceeded
--- PASS: TestTopicFloodPreventer_IncreaseLoadShouldReturnFalseIfNumberIsExceeded (0.00s)
=== CONT  TestTopicFloodPreventer_IncreaseLoadOnceShouldWork
--- PASS: TestTopicFloodPreventer_IncreaseLoadOnceShouldWork (0.00s)
=== CONT  TestNewTopicFloodPreventer_OkValsShouldWork
--- PASS: TestNewTopicFloodPreventer_OkValsShouldWork (0.00s)
=== CONT  TestNewTopicFloodPreventer_InvalidMaxNumOfMessagesShouldErr
--- PASS: TestNewTopicFloodPreventer_InvalidMaxNumOfMessagesShouldErr (0.00s)
=== CONT  TestQuotaFloodPreventer_ApplyConsensusShouldWork
expected relative: 2025
--- PASS: TestQuotaFloodPreventer_ApplyConsensusShouldWork (0.00s)
=== CONT  TestQuotaFloodPreventer_ApplyConsensusUnderThreshold
--- PASS: TestQuotaFloodPreventer_ApplyConsensusUnderThreshold (0.00s)
=== CONT  TestQuotaFloodPreventer_ApplyConsensusSizeInvalidConsensusSize
=== CONT  TestNewQuotaFloodPreventer_IncreaseLoadNotQuotaSavedInCacheShouldPutQuotaAndReturnTrue
=== CONT  TestNewQuotaFloodPreventer_IncreaseLoadOverMaxPeerSizeShouldNotPutAndReturnFalse
=== CONT  TestCountersMap_IncreaseLoadShouldWorkConcurrently
=== CONT  TestNewQuotaFloodPreventer_IncreaseLoadOverMaxPeerNumMessagesShouldNotPutAndReturnFalse
=== CONT  TestNewQuotaFloodPreventer_LowerMinMessagesPerPeerShouldErr
[0;33mWARN [0m[2026-03-16 10:14:10.375]   invalid consensus size in quota flood preventer [0;33mname[0m = test [0;33mprovided value[0m = 0 
=== CONT  TestNewQuotaFloodPreventer_IncreaseLoadUnderMaxValuesShouldIncrementAndReturnTrue
=== CONT  TestNewQuotaFloodPreventer_NilStatusHandlerShouldErr
--- PASS: TestQuotaFloodPreventer_ApplyConsensusSizeInvalidConsensusSize (0.00s)
--- PASS: TestNewQuotaFloodPreventer_IncreaseLoadNotQuotaSavedInCacheShouldPutQuotaAndReturnTrue (0.00s)
=== CONT  TestCountersMap_ResetShouldCallCacherClear
=== CONT  TestNewQuotaFloodPreventer_LowerPercentReservedShouldErr
=== CONT  TestNewQuotaFloodPreventer_IncreaseLoadIdentifierNotPresentPutQuotaAndReturnTrue
=== CONT  TestNewQuotaFloodPreventer_NilListShouldWork
--- PASS: TestCountersMap_ResetShouldCallCacherClear (0.00s)
--- PASS: TestNewQuotaFloodPreventer_IncreaseLoadOverMaxPeerSizeShouldNotPutAndReturnFalse (0.00s)
=== CONT  TestNewQuotaFloodPreventer_ShouldWork
--- PASS: TestNewQuotaFloodPreventer_ShouldWork (0.00s)
=== CONT  TestNewQuotaFloodPreventer_NegativeIncreaseFactorShouldErr
--- PASS: TestNewQuotaFloodPreventer_NilListShouldWork (0.00s)
--- PASS: TestNewQuotaFloodPreventer_NegativeIncreaseFactorShouldErr (0.00s)
=== CONT  TestNewQuotaFloodPreventer_LowerMinSizePerPeerShouldErr
--- PASS: TestNewQuotaFloodPreventer_LowerMinMessagesPerPeerShouldErr (0.00s)
=== CONT  TestNewQuotaFloodPreventer_HigherPercentReservedShouldErr
--- PASS: TestNewQuotaFloodPreventer_LowerMinSizePerPeerShouldErr (0.00s)
--- PASS: TestNewQuotaFloodPreventer_HigherPercentReservedShouldErr (0.00s)
=== CONT  TestCountersMap_IncrementAndResetShouldWorkConcurrently
--- PASS: TestNewQuotaFloodPreventer_IncreaseLoadUnderMaxValuesShouldIncrementAndReturnTrue (0.00s)
--- PASS: TestNewQuotaFloodPreventer_NilStatusHandlerShouldErr (0.00s)
--- PASS: TestNewQuotaFloodPreventer_LowerPercentReservedShouldErr (0.00s)
--- PASS: TestNewQuotaFloodPreventer_IncreaseLoadIdentifierNotPresentPutQuotaAndReturnTrue (0.00s)
--- PASS: TestNewQuotaFloodPreventer_IncreaseLoadOverMaxPeerNumMessagesShouldNotPutAndReturnFalse (0.00s)
=== CONT  TestCountersMap_ResetShouldCallQuotaStatus
--- PASS: TestCountersMap_ResetShouldCallQuotaStatus (0.00s)
=== CONT  TestNewQuotaFloodPreventer_IncreaseLoadWithMockCacherShouldWork
--- PASS: TestNewQuotaFloodPreventer_IncreaseLoadWithMockCacherShouldWork (0.00s)
--- PASS: TestCountersMap_IncreaseLoadShouldWorkConcurrently (0.00s)
--- PASS: TestCountersMap_IncrementAndResetShouldWorkConcurrently (0.00s)
PASS
ok  	github.com/TerraDharitri/drt-go-chain/process/throttle/antiflood/floodPreventers	(cached)
=== RUN   TestNewSentSignaturesTracker
=== PAUSE TestNewSentSignaturesTracker
=== RUN   TestSentSignaturesTracker_IsInterfaceNil
=== PAUSE TestSentSignaturesTracker_IsInterfaceNil
=== RUN   TestSentSignaturesTracker_ResetCountersForManagedBlockSigner
=== PAUSE TestSentSignaturesTracker_ResetCountersForManagedBlockSigner
=== RUN   TestNewBlockTrack_ShouldErrCheckTrackerNilParameters
=== PAUSE TestNewBlockTrack_ShouldErrCheckTrackerNilParameters
=== RUN   TestNewBlockTrack_ShouldErrNilPoolsHolder
=== PAUSE TestNewBlockTrack_ShouldErrNilPoolsHolder
=== RUN   TestNewBlockTrack_ShouldErrNilHeadersDataPool
=== PAUSE TestNewBlockTrack_ShouldErrNilHeadersDataPool
=== RUN   TestNewBlockTrack_ShouldErrNilEconomicsData
=== PAUSE TestNewBlockTrack_ShouldErrNilEconomicsData
=== RUN   TestNewBlockTrack_ShouldErrNotarizedHeadersSliceIsNil
=== PAUSE TestNewBlockTrack_ShouldErrNotarizedHeadersSliceIsNil
=== RUN   TestNewBlockTrack_ShouldErrNilWhitelistHandler
=== PAUSE TestNewBlockTrack_ShouldErrNilWhitelistHandler
=== RUN   TestNewBlockTrack_ShouldWork
=== PAUSE TestNewBlockTrack_ShouldWork
=== RUN   TestGetSelfHeaders_ShouldReturnEmptySliceWhenErrWrongTypeAssertion
=== PAUSE TestGetSelfHeaders_ShouldReturnEmptySliceWhenErrWrongTypeAssertion
=== RUN   TestShardGetSelfHeaders_ShouldReturnEmptySliceWhenNoHeadersForSelfShard
=== PAUSE TestShardGetSelfHeaders_ShouldReturnEmptySliceWhenNoHeadersForSelfShard
=== RUN   TestShardGetSelfHeaders_ShouldReturnEmptySliceWhenErrGetShardHeader
=== PAUSE TestShardGetSelfHeaders_ShouldReturnEmptySliceWhenErrGetShardHeader
=== RUN   TestShardGetSelfHeaders_ShouldWork
=== PAUSE TestShardGetSelfHeaders_ShouldWork
=== RUN   TestMetaGetSelfHeaders_ShouldReturnEmptySliceWhenErrGetMetaHeader
=== PAUSE TestMetaGetSelfHeaders_ShouldReturnEmptySliceWhenErrGetMetaHeader
=== RUN   TestMetaGetSelfHeaders_ShouldWork
=== PAUSE TestMetaGetSelfHeaders_ShouldWork
=== RUN   TestShardComputeLongestSelfChain_ShouldReturnNilWhenErrGetLastNotarizedHeader
=== PAUSE TestShardComputeLongestSelfChain_ShouldReturnNilWhenErrGetLastNotarizedHeader
=== RUN   TestShardComputeLongestSelfChain_ShouldReturnEmptySliceWhenComputeLongestChainReturnNil
=== PAUSE TestShardComputeLongestSelfChain_ShouldReturnEmptySliceWhenComputeLongestChainReturnNil
=== RUN   TestShardComputeLongestSelfChain_ShouldWork
=== PAUSE TestShardComputeLongestSelfChain_ShouldWork
=== RUN   TestMetaComputeLongestSelfChain_ShouldReturnNilWhenErrGetLastNotarizedHeader
=== PAUSE TestMetaComputeLongestSelfChain_ShouldReturnNilWhenErrGetLastNotarizedHeader
=== RUN   TestMetaComputeLongestSelfChain_ShouldReturnEmptySliceWhenComputeLongestChainReturnNil
=== PAUSE TestMetaComputeLongestSelfChain_ShouldReturnEmptySliceWhenComputeLongestChainReturnNil
=== RUN   TestMetaComputeLongestSelfChain_ShouldWork
=== PAUSE TestMetaComputeLongestSelfChain_ShouldWork
=== RUN   TestComputeCrossInfo_ShouldReturnZeroWhenHeadersSliceIsEmpty
=== PAUSE TestComputeCrossInfo_ShouldReturnZeroWhenHeadersSliceIsEmpty
=== RUN   TestComputeCrossInfo_ShouldReturnZeroWhenErrWrongTypeAssertion
=== PAUSE TestComputeCrossInfo_ShouldReturnZeroWhenErrWrongTypeAssertion
=== RUN   TestComputeCrossInfo_ShouldWork
=== PAUSE TestComputeCrossInfo_ShouldWork
=== RUN   TestReceivedHeader_ShouldAddMetaBlockToTrackedHeaders
=== PAUSE TestReceivedHeader_ShouldAddMetaBlockToTrackedHeaders
=== RUN   TestReceivedHeader_ShouldAddShardHeaderToTrackedHeaders
=== PAUSE TestReceivedHeader_ShouldAddShardHeaderToTrackedHeaders
=== RUN   TestReceivedShardHeader_ShouldReturnWhenErrWrongTypeAssertion
=== PAUSE TestReceivedShardHeader_ShouldReturnWhenErrWrongTypeAssertion
=== RUN   TestReceivedShardHeader_ShouldNotAddWhenShardHeaderIsOutOfRange
=== PAUSE TestReceivedShardHeader_ShouldNotAddWhenShardHeaderIsOutOfRange
=== RUN   TestReceivedShardHeader_ShouldWork
=== PAUSE TestReceivedShardHeader_ShouldWork
=== RUN   TestReceivedMetaBlock_ShouldReturnWhenErrWrongTypeAssertion
=== PAUSE TestReceivedMetaBlock_ShouldReturnWhenErrWrongTypeAssertion
=== RUN   TestReceivedMetaBlock_ShouldNotAddWhenMetaBlockIsOutOfRange
=== PAUSE TestReceivedMetaBlock_ShouldNotAddWhenMetaBlockIsOutOfRange
=== RUN   TestReceivedMetaBlock_ShouldWork
=== PAUSE TestReceivedMetaBlock_ShouldWork
=== RUN   TestShouldAddHeader_ShouldWork
=== PAUSE TestShouldAddHeader_ShouldWork
=== RUN   TestShouldAddHeaderForShard_ShouldReturnFalseWhenGetLastNotarizedHeaderErr
=== PAUSE TestShouldAddHeaderForShard_ShouldReturnFalseWhenGetLastNotarizedHeaderErr
=== RUN   TestShouldAddHeaderForShard_ShouldReturnFalseWhenHeaderIsOutOfRange
=== PAUSE TestShouldAddHeaderForShard_ShouldReturnFalseWhenHeaderIsOutOfRange
=== RUN   TestShouldAddHeaderForShard_ShouldReturnTrueWhenHeaderIsInRange
=== PAUSE TestShouldAddHeaderForShard_ShouldReturnTrueWhenHeaderIsInRange
=== RUN   TestAddHeader_ShouldNotAddIfItAlreadyExist
=== PAUSE TestAddHeader_ShouldNotAddIfItAlreadyExist
=== RUN   TestAddHeader_ShouldWork
=== PAUSE TestAddHeader_ShouldWork
=== RUN   TestAddCrossNotarizedHeader_ShouldWork
=== PAUSE TestAddCrossNotarizedHeader_ShouldWork
=== RUN   TestAddSelfNotarizedHeader_ShouldWork
=== PAUSE TestAddSelfNotarizedHeader_ShouldWork
=== RUN   TestAddTrackedHeader_ShouldWork
=== PAUSE TestAddTrackedHeader_ShouldWork
=== RUN   TestCleanupHeadersBehindNonce_ShouldCleanSelfNotarizedHeaders
=== PAUSE TestCleanupHeadersBehindNonce_ShouldCleanSelfNotarizedHeaders
=== RUN   TestCleanupHeadersBehindNonce_ShouldCleanCrossNotarizedHeaders
=== PAUSE TestCleanupHeadersBehindNonce_ShouldCleanCrossNotarizedHeaders
=== RUN   TestCleanupInvalidCrossHeaders_DoesntChangeAnythingIfNoInvalidHeaders
=== PAUSE TestCleanupInvalidCrossHeaders_DoesntChangeAnythingIfNoInvalidHeaders
=== RUN   TestCleanupInvalidCrossHeaders_RemovesInvalidInvalidHeaders
=== PAUSE TestCleanupInvalidCrossHeaders_RemovesInvalidInvalidHeaders
=== RUN   TestCleanupTrackedHeadersBehindNonce_ShouldReturnWhenNonceIsZeroOrShardNotExist
=== PAUSE TestCleanupTrackedHeadersBehindNonce_ShouldReturnWhenNonceIsZeroOrShardNotExist
=== RUN   TestCleanupTrackedHeadersBehindNonce_ShouldNotCleanupWhenNonceIsGreaterOrEqual
=== PAUSE TestCleanupTrackedHeadersBehindNonce_ShouldNotCleanupWhenNonceIsGreaterOrEqual
=== RUN   TestCleanupTrackedHeadersBehindNonce_ShouldWork
=== PAUSE TestCleanupTrackedHeadersBehindNonce_ShouldWork
=== RUN   TestComputeLongestChain_ShouldWork
=== PAUSE TestComputeLongestChain_ShouldWork
=== RUN   TestComputeLongestMetaChainFromLastNotarized_ShouldErrNotarizedHeadersSliceForShardIsNil
=== PAUSE TestComputeLongestMetaChainFromLastNotarized_ShouldErrNotarizedHeadersSliceForShardIsNil
=== RUN   TestComputeLongestMetaChainFromLastNotarized_ShouldWork
=== PAUSE TestComputeLongestMetaChainFromLastNotarized_ShouldWork
=== RUN   TestComputeLongestShardsChainsFromLastNotarized_ShouldErrNotarizedHeadersSliceForShardIsNil
=== PAUSE TestComputeLongestShardsChainsFromLastNotarized_ShouldErrNotarizedHeadersSliceForShardIsNil
=== RUN   TestComputeLongestShardsChainsFromLastNotarized_ShouldWork
=== PAUSE TestComputeLongestShardsChainsFromLastNotarized_ShouldWork
=== RUN   TestDisplayTrackedHeaders_ShouldNotPanic
=== PAUSE TestDisplayTrackedHeaders_ShouldNotPanic
=== RUN   TestDisplayTrackedHeadersForShard_ShouldNotPanicWhenTrackedHeadersSliceIsEmpty
=== PAUSE TestDisplayTrackedHeadersForShard_ShouldNotPanicWhenTrackedHeadersSliceIsEmpty
=== RUN   TestDisplayTrackedHeadersForShard_ShouldNotPanicWhenTheOnlyTrackedHeaderHasNonceZero
=== PAUSE TestDisplayTrackedHeadersForShard_ShouldNotPanicWhenTheOnlyTrackedHeaderHasNonceZero
=== RUN   TestDisplayTrackedHeadersForShard_ShouldNotPanic
=== PAUSE TestDisplayTrackedHeadersForShard_ShouldNotPanic
=== RUN   TestGetCrossNotarizedHeader_ShouldWork
=== PAUSE TestGetCrossNotarizedHeader_ShouldWork
=== RUN   TestGetLastCrossNotarizedHeader_ShouldWork
=== PAUSE TestGetLastCrossNotarizedHeader_ShouldWork
=== RUN   TestGetLastCrossNotarizedHeadersForAllShards_ShouldWork
=== PAUSE TestGetLastCrossNotarizedHeadersForAllShards_ShouldWork
=== RUN   TestGetLastSelfNotarizedHeader_ShouldWork
=== PAUSE TestGetLastSelfNotarizedHeader_ShouldWork
=== RUN   TestGetSelfNotarizedHeader_ShouldWork
=== PAUSE TestGetSelfNotarizedHeader_ShouldWork
=== RUN   TestGetTrackedHeaders_ShouldWork
=== PAUSE TestGetTrackedHeaders_ShouldWork
=== RUN   TestGetTrackedHeadersForAllShards_ShouldWork
=== PAUSE TestGetTrackedHeadersForAllShards_ShouldWork
=== RUN   TestSortHeadersFromNonce_ShouldNotSortWhenTrackedHeadersSliceForShardIsEmpty
=== PAUSE TestSortHeadersFromNonce_ShouldNotSortWhenTrackedHeadersSliceForShardIsEmpty
=== RUN   TestSortHeadersFromNonce_ShouldWork
=== PAUSE TestSortHeadersFromNonce_ShouldWork
=== RUN   TestAddHeaderFromPool_ShouldWork
=== PAUSE TestAddHeaderFromPool_ShouldWork
=== RUN   TestGetTrackedHeadersWithNonce_ShouldReturnNilWhenTrackedHeadersSliceForShardIsEmpty
=== PAUSE TestGetTrackedHeadersWithNonce_ShouldReturnNilWhenTrackedHeadersSliceForShardIsEmpty
=== RUN   TestGetTrackedHeadersWithNonce_ShouldReturnNilWhenTrackedHeadersSliceForNonceIsEmpty
=== PAUSE TestGetTrackedHeadersWithNonce_ShouldReturnNilWhenTrackedHeadersSliceForNonceIsEmpty
=== RUN   TestGetTrackedHeadersWithNonce_ShouldWork
=== PAUSE TestGetTrackedHeadersWithNonce_ShouldWork
=== RUN   TestIsShardStuck_ShouldReturnFalseWhenSelfShardIsMetachain
=== PAUSE TestIsShardStuck_ShouldReturnFalseWhenSelfShardIsMetachain
=== RUN   TestIsShardStuck_ShouldReturnFalseWhenMetaIsNotStuck
=== PAUSE TestIsShardStuck_ShouldReturnFalseWhenMetaIsNotStuck
=== RUN   TestIsShardStuck_ShouldReturnTrueWhenMetaIsStuck
=== PAUSE TestIsShardStuck_ShouldReturnTrueWhenMetaIsStuck
=== RUN   TestIsShardStuck_ShouldReturnFalseWhenLastShardProcessedMetaNonceIsZero
=== PAUSE TestIsShardStuck_ShouldReturnFalseWhenLastShardProcessedMetaNonceIsZero
=== RUN   TestIsShardStuck_ShouldWorkOnLastShardProcessedMetaNonceDifferences
=== PAUSE TestIsShardStuck_ShouldWorkOnLastShardProcessedMetaNonceDifferences
=== RUN   TestIsShardStuck_ShouldWork
=== PAUSE TestIsShardStuck_ShouldWork
=== RUN   TestRegisterCrossNotarizedHeadersHandler_ShouldWork
=== PAUSE TestRegisterCrossNotarizedHeadersHandler_ShouldWork
=== RUN   TestRegisterSelfNotarizedFromCrossHeadersHandler_ShouldWork
=== PAUSE TestRegisterSelfNotarizedFromCrossHeadersHandler_ShouldWork
=== RUN   TestRegisterSelfNotarizedHeadersHandler_ShouldWork
=== PAUSE TestRegisterSelfNotarizedHeadersHandler_ShouldWork
=== RUN   TestRemoveLastNotarizedHeaders_ShouldWork
=== PAUSE TestRemoveLastNotarizedHeaders_ShouldWork
=== RUN   TestRestoreToGenesis_ShouldWork
=== PAUSE TestRestoreToGenesis_ShouldWork
=== RUN   TestCheckTrackerNilParameters_ShouldErrNilHasher
=== PAUSE TestCheckTrackerNilParameters_ShouldErrNilHasher
=== RUN   TestCheckTrackerNilParameters_ShouldErrNilHeaderValidator
=== PAUSE TestCheckTrackerNilParameters_ShouldErrNilHeaderValidator
=== RUN   TestCheckTrackerNilParameters_ShouldErrNilMarshalizer
=== PAUSE TestCheckTrackerNilParameters_ShouldErrNilMarshalizer
=== RUN   TestCheckTrackerNilParameters_ShouldErrNilRequestHandler
=== PAUSE TestCheckTrackerNilParameters_ShouldErrNilRequestHandler
=== RUN   TestCheckTrackerNilParameters_ShouldErrNilRoundHandler
=== PAUSE TestCheckTrackerNilParameters_ShouldErrNilRoundHandler
=== RUN   TestCheckTrackerNilParameters_ShouldErrNilShardCoordinator
=== PAUSE TestCheckTrackerNilParameters_ShouldErrNilShardCoordinator
=== RUN   TestCheckTrackerNilParameters_ShouldErrNilStorage
=== PAUSE TestCheckTrackerNilParameters_ShouldErrNilStorage
=== RUN   TestInitNotarizedHeaders_ShouldErrNotarizedHeadersSliceIsNil
=== PAUSE TestInitNotarizedHeaders_ShouldErrNotarizedHeadersSliceIsNil
=== RUN   TestInitNotarizedHeaders_ShouldWork
=== PAUSE TestInitNotarizedHeaders_ShouldWork
=== RUN   TestComputeLongestChain_ShouldWorkWithLongestChain
=== PAUSE TestComputeLongestChain_ShouldWorkWithLongestChain
=== RUN   TestBaseBlockTrack_CheckBlockAgainstRoundHandlerNilHeaderShouldErr
=== PAUSE TestBaseBlockTrack_CheckBlockAgainstRoundHandlerNilHeaderShouldErr
=== RUN   TestBaseBlockTrack_CheckBlockAgainstRoundHandlerHigherRoundShouldErr
=== PAUSE TestBaseBlockTrack_CheckBlockAgainstRoundHandlerHigherRoundShouldErr
=== RUN   TestBaseBlockTrack_CheckBlockAgainstRoundHandlerShouldWork
=== PAUSE TestBaseBlockTrack_CheckBlockAgainstRoundHandlerShouldWork
=== RUN   TestBaseBlockTrack_CheckBlockAgainstFinalNilHeaderShouldErr
=== PAUSE TestBaseBlockTrack_CheckBlockAgainstFinalNilHeaderShouldErr
=== RUN   TestBaseBlockTrack_CheckBlockAgainstFinalCurrentShardGetFinalFailsShouldErr
=== PAUSE TestBaseBlockTrack_CheckBlockAgainstFinalCurrentShardGetFinalFailsShouldErr
=== RUN   TestBaseBlockTrack_CheckBlockAgainstFinalCrossShardShardGetFinalFailsShouldErr
=== PAUSE TestBaseBlockTrack_CheckBlockAgainstFinalCrossShardShardGetFinalFailsShouldErr
=== RUN   TestBaseBlockTrack_CheckBlockAgainstFinalLowerRoundInBlockShouldErr
=== PAUSE TestBaseBlockTrack_CheckBlockAgainstFinalLowerRoundInBlockShouldErr
=== RUN   TestBaseBlockTrack_CheckBlockAgainstFinalLowerNonceInBlockShouldErr
=== PAUSE TestBaseBlockTrack_CheckBlockAgainstFinalLowerNonceInBlockShouldErr
=== RUN   TestBaseBlockTrack_CheckBlockAgainstFinalHigherNonceInBlockShouldErr
=== PAUSE TestBaseBlockTrack_CheckBlockAgainstFinalHigherNonceInBlockShouldErr
=== RUN   TestBaseBlockTrack_CheckBlockAgainstFinalShouldWork
=== PAUSE TestBaseBlockTrack_CheckBlockAgainstFinalShouldWork
=== RUN   TestBaseBlockTrack_DoWhitelistWithMetaBlockIfNeededMetaShouldReturn
=== PAUSE TestBaseBlockTrack_DoWhitelistWithMetaBlockIfNeededMetaShouldReturn
=== RUN   TestBaseBlockTrack_DoWhitelistWithShardHeaderIfNeededShardShouldReturn
=== PAUSE TestBaseBlockTrack_DoWhitelistWithShardHeaderIfNeededShardShouldReturn
=== RUN   TestBaseBlockTrack_DoWhitelistWithMetaBlockIfNeededNilMetaShouldReturnAndNotPanic
=== PAUSE TestBaseBlockTrack_DoWhitelistWithMetaBlockIfNeededNilMetaShouldReturnAndNotPanic
=== RUN   TestBaseBlockTrack_DoWhitelistWithShardHeaderIfNeededNilShardShouldReturnAndNotPanic
=== PAUSE TestBaseBlockTrack_DoWhitelistWithShardHeaderIfNeededNilShardShouldReturnAndNotPanic
=== RUN   TestBaseBlockTrack_DoWhitelistWithMetaBlockIfNeededIsHeaderOutOfRangeShouldReturn
=== PAUSE TestBaseBlockTrack_DoWhitelistWithMetaBlockIfNeededIsHeaderOutOfRangeShouldReturn
=== RUN   TestBaseBlockTrack_DoWhitelistWithShardHeaderIfNeededIsHeaderOutOfRangeShouldReturn
=== PAUSE TestBaseBlockTrack_DoWhitelistWithShardHeaderIfNeededIsHeaderOutOfRangeShouldReturn
=== RUN   TestBaseBlockTrack_DoWhitelistWithMetaBlockIfNeededShardShouldWhitelistCrossMiniblocks
=== PAUSE TestBaseBlockTrack_DoWhitelistWithMetaBlockIfNeededShardShouldWhitelistCrossMiniblocks
=== RUN   TestBaseBlockTrack_DoWhitelistWithShardHeaderIfNeededMetaShouldWhitelistCrossMiniblocks
=== PAUSE TestBaseBlockTrack_DoWhitelistWithShardHeaderIfNeededMetaShouldWhitelistCrossMiniblocks
=== RUN   TestBaseBlockTrack_IsHeaderOutOfRangeShouldWork
=== PAUSE TestBaseBlockTrack_IsHeaderOutOfRangeShouldWork
=== RUN   TestMetaBlockTrack_GetTrackedMetaBlockWithHashShouldWork
=== PAUSE TestMetaBlockTrack_GetTrackedMetaBlockWithHashShouldWork
=== RUN   TestShardBlockTrack_GetTrackedShardHeaderWithNonceAndHashShouldWork
=== PAUSE TestShardBlockTrack_GetTrackedShardHeaderWithNonceAndHashShouldWork
=== RUN   TestNewBlockBalancer_ShouldWork
=== PAUSE TestNewBlockBalancer_ShouldWork
=== RUN   TestSetAndGetNumPendingMiniBlocks_ShouldWork
=== PAUSE TestSetAndGetNumPendingMiniBlocks_ShouldWork
=== RUN   TestSetAndGetLastShardProcessedMetaNonce_ShouldWork
=== PAUSE TestSetAndGetLastShardProcessedMetaNonce_ShouldWork
=== RUN   TestNewBlockNotarizer_ShouldErrNilHasher
=== PAUSE TestNewBlockNotarizer_ShouldErrNilHasher
=== RUN   TestNewBlockNotarizer_ShouldErrNilMarshalizer
=== PAUSE TestNewBlockNotarizer_ShouldErrNilMarshalizer
=== RUN   TestNewBlockNotarizer_ShouldErrNilShardCoordinator
=== PAUSE TestNewBlockNotarizer_ShouldErrNilShardCoordinator
=== RUN   TestNewBlockNotarizer_ShouldWork
=== PAUSE TestNewBlockNotarizer_ShouldWork
=== RUN   TestAddNotarizedHeader_ShouldNotAddNilHeader
=== PAUSE TestAddNotarizedHeader_ShouldNotAddNilHeader
=== RUN   TestAddNotarizedHeader_ShouldWork
=== PAUSE TestAddNotarizedHeader_ShouldWork
=== RUN   TestCleanupNotarizedHeadersBehindNonce_ShouldNotCleanWhenGivenNonceIsZero
=== PAUSE TestCleanupNotarizedHeadersBehindNonce_ShouldNotCleanWhenGivenNonceIsZero
=== RUN   TestCleanupNotarizedHeadersBehindNonce_ShouldNotCleanWhenGivenShardIsInvalid
=== PAUSE TestCleanupNotarizedHeadersBehindNonce_ShouldNotCleanWhenGivenShardIsInvalid
=== RUN   TestCleanupNotarizedHeadersBehindNonce_ShouldKeepAtLeastOneHeader
=== PAUSE TestCleanupNotarizedHeadersBehindNonce_ShouldKeepAtLeastOneHeader
=== RUN   TestCleanupNotarizedHeadersBehindNonce_ShouldWork
=== PAUSE TestCleanupNotarizedHeadersBehindNonce_ShouldWork
=== RUN   TestNotarizedHeaders_ShouldNotPanicWhenGivenShardIsInvalid
=== PAUSE TestNotarizedHeaders_ShouldNotPanicWhenGivenShardIsInvalid
=== RUN   TestNotarizedHeaders_ShouldNotPanicWhenTheOnlyNotarizedHeaderHasNonceZero
=== PAUSE TestNotarizedHeaders_ShouldNotPanicWhenTheOnlyNotarizedHeaderHasNonceZero
=== RUN   TestNotarizedHeaders_ShouldNotPanic
=== PAUSE TestNotarizedHeaders_ShouldNotPanic
=== RUN   TestGetLastNotarizedHeader_ShouldErrNotarizedHeadersSliceForShardIsNil
=== PAUSE TestGetLastNotarizedHeader_ShouldErrNotarizedHeadersSliceForShardIsNil
=== RUN   TestGetLastNotarizedHeader_ShouldWork
=== PAUSE TestGetLastNotarizedHeader_ShouldWork
=== RUN   TestGetFirstNotarizedHeader_ShouldErrNotarizedHeadersSliceForShardIsNil
=== PAUSE TestGetFirstNotarizedHeader_ShouldErrNotarizedHeadersSliceForShardIsNil
=== RUN   TestGetFirstNotarizedHeader_ShouldWork
=== PAUSE TestGetFirstNotarizedHeader_ShouldWork
=== RUN   TestGetLastNotarizedHeaderNonce_ShouldReturnZeroWhenNotarizedHeadersForGivenShardDoesNotExist
=== PAUSE TestGetLastNotarizedHeaderNonce_ShouldReturnZeroWhenNotarizedHeadersForGivenShardDoesNotExist
=== RUN   TestGetLastNotarizedHeaderNonce_ShouldWork
=== PAUSE TestGetLastNotarizedHeaderNonce_ShouldWork
=== RUN   TestLastNotarizedHeaderInfo_ShouldReturnNilWhenNotarizedHeadersForGivenShardDoesNotExist
=== PAUSE TestLastNotarizedHeaderInfo_ShouldReturnNilWhenNotarizedHeadersForGivenShardDoesNotExist
=== RUN   TestLastNotarizedHeaderInfo_ShouldWork
=== PAUSE TestLastNotarizedHeaderInfo_ShouldWork
=== RUN   TestGetNotarizedHeader_ShouldErrNotarizedHeadersSliceForShardIsNil
=== PAUSE TestGetNotarizedHeader_ShouldErrNotarizedHeadersSliceForShardIsNil
=== RUN   TestGetNotarizedHeader_ShouldErrNotarizedHeaderOffsetIsOutOfBound
=== PAUSE TestGetNotarizedHeader_ShouldErrNotarizedHeaderOffsetIsOutOfBound
=== RUN   TestGetNotarizedHeader_ShouldWork
=== PAUSE TestGetNotarizedHeader_ShouldWork
=== RUN   TestInitNotarizedHeaders_ShouldErrWhenStartHeadersSliceIsNil
=== PAUSE TestInitNotarizedHeaders_ShouldErrWhenStartHeadersSliceIsNil
=== RUN   TestInitNotarizedHeaders_ShouldErrWhenCalculateHashFail
=== PAUSE TestInitNotarizedHeaders_ShouldErrWhenCalculateHashFail
=== RUN   TestInitNotarizedHeaders_ShouldInitNotarizedHeaders
=== PAUSE TestInitNotarizedHeaders_ShouldInitNotarizedHeaders
=== RUN   TestRemoveLastNotarizedHeader_ShouldNotRemoveIfExistOnlyOneNotarizedHeader
=== PAUSE TestRemoveLastNotarizedHeader_ShouldNotRemoveIfExistOnlyOneNotarizedHeader
=== RUN   TestRemoveLastNotarizedHeader_ShouldWork
=== PAUSE TestRemoveLastNotarizedHeader_ShouldWork
=== RUN   TestRestoreNotarizedHeadersToGenesis_ShouldNotRestoreIfExistOnlyOneNotarizedHeader
=== PAUSE TestRestoreNotarizedHeadersToGenesis_ShouldNotRestoreIfExistOnlyOneNotarizedHeader
=== RUN   TestRestoreNotarizedHeadersToGenesis_ShouldWork
=== PAUSE TestRestoreNotarizedHeadersToGenesis_ShouldWork
=== RUN   TestNewBlockNotifier_ShouldWork
=== PAUSE TestNewBlockNotifier_ShouldWork
=== RUN   TestRegisterHandler_ShouldNotRegisterNilHandler
=== PAUSE TestRegisterHandler_ShouldNotRegisterNilHandler
=== RUN   TestRegisterHandler_ShouldWork
=== PAUSE TestRegisterHandler_ShouldWork
=== RUN   TestCallHandler_ShouldNotCallHandlersWhenHeadersSliceIsEmpty
=== PAUSE TestCallHandler_ShouldNotCallHandlersWhenHeadersSliceIsEmpty
=== RUN   TestCallHandler_ShouldWork
=== PAUSE TestCallHandler_ShouldWork
=== RUN   TestGetNumRegisteredHandlers_ShouldWork
=== PAUSE TestGetNumRegisteredHandlers_ShouldWork
=== RUN   TestNewBlockProcessor_ShouldErrNilHeaderValidator
=== PAUSE TestNewBlockProcessor_ShouldErrNilHeaderValidator
=== RUN   TestNewBlockProcessor_ShouldErrNilRequestHandler
=== PAUSE TestNewBlockProcessor_ShouldErrNilRequestHandler
=== RUN   TestNewBlockProcessor_ShouldErrNilShardCoordinator
=== PAUSE TestNewBlockProcessor_ShouldErrNilShardCoordinator
=== RUN   TestNewBlockProcessor_ShouldErrNilBlockTrackerHandler
=== PAUSE TestNewBlockProcessor_ShouldErrNilBlockTrackerHandler
=== RUN   TestNewBlockProcessor_ShouldErrNilCrossNotarizer
=== PAUSE TestNewBlockProcessor_ShouldErrNilCrossNotarizer
=== RUN   TestNewBlockProcessor_ShouldErrNilSelfNotarizer
=== PAUSE TestNewBlockProcessor_ShouldErrNilSelfNotarizer
=== RUN   TestNewBlockProcessor_ShouldErrCrossNotarizedHeadersNotifier
=== PAUSE TestNewBlockProcessor_ShouldErrCrossNotarizedHeadersNotifier
=== RUN   TestNewBlockProcessor_ShouldErrSelfNotarizedFromCrossHeadersNotifier
=== PAUSE TestNewBlockProcessor_ShouldErrSelfNotarizedFromCrossHeadersNotifier
=== RUN   TestNewBlockProcessor_ShouldErrSelfNotarizedHeadersNotifier
=== PAUSE TestNewBlockProcessor_ShouldErrSelfNotarizedHeadersNotifier
=== RUN   TestNewBlockProcessor_ShouldErrFinalMetachainHeadersNotifier
=== PAUSE TestNewBlockProcessor_ShouldErrFinalMetachainHeadersNotifier
=== RUN   TestNewBlockProcessor_ShouldErrNilEnableEpochsHandler
=== PAUSE TestNewBlockProcessor_ShouldErrNilEnableEpochsHandler
=== RUN   TestNewBlockProcessor_ShouldErrNilProofsPool
=== PAUSE TestNewBlockProcessor_ShouldErrNilProofsPool
=== RUN   TestNewBlockProcessor_ShouldErrNilMarshaller
=== PAUSE TestNewBlockProcessor_ShouldErrNilMarshaller
=== RUN   TestNewBlockProcessor_ShouldErrNilHasher
=== PAUSE TestNewBlockProcessor_ShouldErrNilHasher
=== RUN   TestNewBlockProcessor_ShouldErrNilRoundHandler
=== PAUSE TestNewBlockProcessor_ShouldErrNilRoundHandler
=== RUN   TestNewBlockProcessor_ShouldWork
=== PAUSE TestNewBlockProcessor_ShouldWork
=== RUN   TestProcessReceivedHeader_ShouldWorkWhenHeaderIsFromSelfShard
=== PAUSE TestProcessReceivedHeader_ShouldWorkWhenHeaderIsFromSelfShard
=== RUN   TestProcessReceivedHeader_ShouldWorkWhenHeaderIsFromCrossShard
=== PAUSE TestProcessReceivedHeader_ShouldWorkWhenHeaderIsFromCrossShard
=== RUN   TestDoJobOnReceivedHeader_ShouldWork
=== PAUSE TestDoJobOnReceivedHeader_ShouldWork
=== RUN   TestDoJobOnReceivedCrossNotarizedHeader_ShouldWork
=== PAUSE TestDoJobOnReceivedCrossNotarizedHeader_ShouldWork
=== RUN   TestComputeLongestChainFromLastCrossNotarized_ShouldReturnNil
=== PAUSE TestComputeLongestChainFromLastCrossNotarized_ShouldReturnNil
=== RUN   TestComputeLongestChainFromLastCrossNotarized_ShouldWork
=== PAUSE TestComputeLongestChainFromLastCrossNotarized_ShouldWork
=== RUN   TestComputeSelfNotarizedHeaders_ShouldWork
=== PAUSE TestComputeSelfNotarizedHeaders_ShouldWork
=== RUN   TestComputeSelfNotarizedHeaders_ShouldReturnEmptySliceWhenHeaderIsNil
=== PAUSE TestComputeSelfNotarizedHeaders_ShouldReturnEmptySliceWhenHeaderIsNil
=== RUN   TestComputeSelfNotarizedHeaders_ShouldReturnEmptySliceWhenSortHeadersFromNonceReturnEmptySlice
=== PAUSE TestComputeSelfNotarizedHeaders_ShouldReturnEmptySliceWhenSortHeadersFromNonceReturnEmptySlice
=== RUN   TestBlockProcessorComputeLongestChain_ShouldWork
=== PAUSE TestBlockProcessorComputeLongestChain_ShouldWork
=== RUN   TestGetNextHeader_ShouldReturnEmptySliceWhenPrevHeaderIsNil
=== PAUSE TestGetNextHeader_ShouldReturnEmptySliceWhenPrevHeaderIsNil
=== RUN   TestGetNextHeader_ShouldReturnEmptySliceWhenSortedHeadersHaveHigherNonces
=== PAUSE TestGetNextHeader_ShouldReturnEmptySliceWhenSortedHeadersHaveHigherNonces
=== RUN   TestGetNextHeader_ShouldReturnEmptySliceWhenHeaderConstructionIsNotValid
=== PAUSE TestGetNextHeader_ShouldReturnEmptySliceWhenHeaderConstructionIsNotValid
=== RUN   TestGetNextHeader_ShouldReturnEmptySliceWhenHeaderFinalityIsNotChecked
=== PAUSE TestGetNextHeader_ShouldReturnEmptySliceWhenHeaderFinalityIsNotChecked
=== RUN   TestGetNextHeader_ShouldWork
=== PAUSE TestGetNextHeader_ShouldWork
=== RUN   TestCheckHeaderFinality_ShouldErrNilBlockHeader
=== PAUSE TestCheckHeaderFinality_ShouldErrNilBlockHeader
=== RUN   TestCheckHeaderFinality_ShouldErrHeaderNotFinal
=== PAUSE TestCheckHeaderFinality_ShouldErrHeaderNotFinal
=== RUN   TestCheckHeaderFinality_ShouldWork
=== PAUSE TestCheckHeaderFinality_ShouldWork
=== RUN   TestRequestHeadersIfNeeded_ShouldNotRequestIfHeaderIsNil
=== PAUSE TestRequestHeadersIfNeeded_ShouldNotRequestIfHeaderIsNil
=== RUN   TestRequestHeadersIfNeeded_ShouldNotRequestIfSortedHeadersAreEmpty
=== PAUSE TestRequestHeadersIfNeeded_ShouldNotRequestIfSortedHeadersAreEmpty
=== RUN   TestRequestHeadersIfNeeded_ShouldNotRequestIfNodeIsSync
=== PAUSE TestRequestHeadersIfNeeded_ShouldNotRequestIfNodeIsSync
=== RUN   TestRequestHeadersIfNeeded_ShouldNotRequestIfLongestChainHasAdvanced
=== PAUSE TestRequestHeadersIfNeeded_ShouldNotRequestIfLongestChainHasAdvanced
=== RUN   TestRequestHeadersIfNeeded_ShouldRequestIfLongestChainHasNotAdvanced
=== PAUSE TestRequestHeadersIfNeeded_ShouldRequestIfLongestChainHasNotAdvanced
=== RUN   TestRequestHeadersIfNothingNewIsReceived_ShouldNotRequestIfHighestRoundFromReceivedHeadersIsNearToChronologyRound
=== PAUSE TestRequestHeadersIfNothingNewIsReceived_ShouldNotRequestIfHighestRoundFromReceivedHeadersIsNearToChronologyRound
=== RUN   TestRequestHeadersIfNothingNewIsReceived_ShouldNotRequestIfLastNotarizedHeaderNonceIsFarFromLatestValidHeaderNonce
=== PAUSE TestRequestHeadersIfNothingNewIsReceived_ShouldNotRequestIfLastNotarizedHeaderNonceIsFarFromLatestValidHeaderNonce
=== RUN   TestRequestHeadersIfNothingNewIsReceived_ShouldRequestIfHighestRoundFromReceivedHeadersIsFarFromChronologyRound
=== PAUSE TestRequestHeadersIfNothingNewIsReceived_ShouldRequestIfHighestRoundFromReceivedHeadersIsFarFromChronologyRound
=== RUN   TestRequestHeaders_ShouldAddAndRequestForShardHeaders
=== PAUSE TestRequestHeaders_ShouldAddAndRequestForShardHeaders
=== RUN   TestRequestHeaders_ShouldAddAndRequestForMetaHeaders
=== PAUSE TestRequestHeaders_ShouldAddAndRequestForMetaHeaders
=== RUN   TestShouldProcessReceivedHeader_ShouldReturnFalseWhenGetLastNotarizedHeaderFails
=== PAUSE TestShouldProcessReceivedHeader_ShouldReturnFalseWhenGetLastNotarizedHeaderFails
=== RUN   TestShouldProcessReceivedHeader_ShouldWork
=== PAUSE TestShouldProcessReceivedHeader_ShouldWork
=== RUN   TestNewMiniBlockTrack_NilDataPoolHolderErr
=== PAUSE TestNewMiniBlockTrack_NilDataPoolHolderErr
=== RUN   TestNewMiniBlockTrack_NilTxsPoolErr
=== PAUSE TestNewMiniBlockTrack_NilTxsPoolErr
=== RUN   TestNewMiniBlockTrack_NilRewardTxsPoolErr
=== PAUSE TestNewMiniBlockTrack_NilRewardTxsPoolErr
=== RUN   TestNewMiniBlockTrack_NilUnsignedTxsPoolErr
=== PAUSE TestNewMiniBlockTrack_NilUnsignedTxsPoolErr
=== RUN   TestNewMiniBlockTrack_NilMiniBlockPoolShouldErr
=== PAUSE TestNewMiniBlockTrack_NilMiniBlockPoolShouldErr
=== RUN   TestNewMiniBlockTrack_NilShardCoordinatorErr
=== PAUSE TestNewMiniBlockTrack_NilShardCoordinatorErr
=== RUN   TestNewMiniBlockTrack_NilWhitelistHandlerErr
=== PAUSE TestNewMiniBlockTrack_NilWhitelistHandlerErr
=== RUN   TestNewMiniBlockTrack_ShouldWork
=== PAUSE TestNewMiniBlockTrack_ShouldWork
=== RUN   TestReceivedMiniBlock_ShouldReturnIfKeyIsNil
=== PAUSE TestReceivedMiniBlock_ShouldReturnIfKeyIsNil
=== RUN   TestReceivedMiniBlock_ShouldReturnIfWrongTypeAssertion
=== PAUSE TestReceivedMiniBlock_ShouldReturnIfWrongTypeAssertion
=== RUN   TestReceivedMiniBlock_ShouldReturnIfMiniBlockIsNotCrossShardDestMe
=== PAUSE TestReceivedMiniBlock_ShouldReturnIfMiniBlockIsNotCrossShardDestMe
=== RUN   TestReceivedMiniBlock_ShouldReturnIfMiniBlockTypeIsWrong
=== PAUSE TestReceivedMiniBlock_ShouldReturnIfMiniBlockTypeIsWrong
=== RUN   TestReceivedMiniBlock_ShouldWork
=== PAUSE TestReceivedMiniBlock_ShouldWork
=== RUN   TestGetTransactionPool_ShouldWork
=== PAUSE TestGetTransactionPool_ShouldWork
=== CONT  TestNewSentSignaturesTracker
=== RUN   TestNewSentSignaturesTracker/nil_keys_handler_should_error
=== PAUSE TestNewSentSignaturesTracker/nil_keys_handler_should_error
=== RUN   TestNewSentSignaturesTracker/should_work
=== PAUSE TestNewSentSignaturesTracker/should_work
=== CONT  TestNewSentSignaturesTracker/nil_keys_handler_should_error
=== CONT  TestGetTransactionPool_ShouldWork
--- PASS: TestGetTransactionPool_ShouldWork (0.00s)
=== CONT  TestReceivedMiniBlock_ShouldWork
--- PASS: TestReceivedMiniBlock_ShouldWork (0.00s)
=== CONT  TestReceivedMiniBlock_ShouldReturnIfMiniBlockTypeIsWrong
--- PASS: TestReceivedMiniBlock_ShouldReturnIfMiniBlockTypeIsWrong (0.00s)
=== CONT  TestReceivedMiniBlock_ShouldReturnIfMiniBlockIsNotCrossShardDestMe
--- PASS: TestReceivedMiniBlock_ShouldReturnIfMiniBlockIsNotCrossShardDestMe (0.00s)
=== CONT  TestReceivedMiniBlock_ShouldReturnIfWrongTypeAssertion
=== CONT  TestBaseBlockTrack_DoWhitelistWithMetaBlockIfNeededNilMetaShouldReturnAndNotPanic
[0;33mWARN [0m[2026-03-16 10:14:11.687]   miniBlockTrack.receivedMiniBlock         [0;33merror[0m = wrong type assertion 
--- PASS: TestReceivedMiniBlock_ShouldReturnIfWrongTypeAssertion (0.00s)
=== CONT  TestBaseBlockTrack_DoWhitelistWithShardHeaderIfNeededShardShouldReturn
--- PASS: TestBaseBlockTrack_DoWhitelistWithShardHeaderIfNeededShardShouldReturn (0.00s)
=== CONT  TestBaseBlockTrack_DoWhitelistWithMetaBlockIfNeededMetaShouldReturn
--- PASS: TestBaseBlockTrack_DoWhitelistWithMetaBlockIfNeededMetaShouldReturn (0.00s)
=== CONT  TestBaseBlockTrack_CheckBlockAgainstFinalShouldWork
--- PASS: TestBaseBlockTrack_CheckBlockAgainstFinalShouldWork (0.00s)
=== CONT  TestBaseBlockTrack_CheckBlockAgainstFinalHigherNonceInBlockShouldErr
--- PASS: TestBaseBlockTrack_CheckBlockAgainstFinalHigherNonceInBlockShouldErr (0.00s)
=== CONT  TestBaseBlockTrack_CheckBlockAgainstFinalLowerNonceInBlockShouldErr
--- PASS: TestBaseBlockTrack_CheckBlockAgainstFinalLowerNonceInBlockShouldErr (0.00s)
=== CONT  TestBaseBlockTrack_CheckBlockAgainstFinalLowerRoundInBlockShouldErr
--- PASS: TestBaseBlockTrack_CheckBlockAgainstFinalLowerRoundInBlockShouldErr (0.00s)
=== CONT  TestBaseBlockTrack_CheckBlockAgainstFinalCrossShardShardGetFinalFailsShouldErr
--- PASS: TestBaseBlockTrack_CheckBlockAgainstFinalCrossShardShardGetFinalFailsShouldErr (0.00s)
=== CONT  TestBaseBlockTrack_CheckBlockAgainstFinalCurrentShardGetFinalFailsShouldErr
--- PASS: TestBaseBlockTrack_CheckBlockAgainstFinalCurrentShardGetFinalFailsShouldErr (0.00s)
=== CONT  TestBaseBlockTrack_CheckBlockAgainstFinalNilHeaderShouldErr
--- PASS: TestBaseBlockTrack_CheckBlockAgainstFinalNilHeaderShouldErr (0.00s)
=== CONT  TestBaseBlockTrack_CheckBlockAgainstRoundHandlerShouldWork
--- PASS: TestBaseBlockTrack_CheckBlockAgainstRoundHandlerShouldWork (0.00s)
=== CONT  TestBaseBlockTrack_CheckBlockAgainstRoundHandlerHigherRoundShouldErr
--- PASS: TestBaseBlockTrack_CheckBlockAgainstRoundHandlerHigherRoundShouldErr (0.00s)
=== CONT  TestBaseBlockTrack_CheckBlockAgainstRoundHandlerNilHeaderShouldErr
--- PASS: TestBaseBlockTrack_CheckBlockAgainstRoundHandlerNilHeaderShouldErr (0.00s)
=== CONT  TestComputeLongestChain_ShouldWorkWithLongestChain
--- PASS: TestBaseBlockTrack_DoWhitelistWithMetaBlockIfNeededNilMetaShouldReturnAndNotPanic (0.00s)
=== CONT  TestReceivedMiniBlock_ShouldReturnIfKeyIsNil
--- PASS: TestReceivedMiniBlock_ShouldReturnIfKeyIsNil (0.00s)
=== CONT  TestNewMiniBlockTrack_ShouldWork
--- PASS: TestNewMiniBlockTrack_ShouldWork (0.00s)
=== CONT  TestNewMiniBlockTrack_NilWhitelistHandlerErr
--- PASS: TestNewMiniBlockTrack_NilWhitelistHandlerErr (0.00s)
=== CONT  TestNewMiniBlockTrack_NilShardCoordinatorErr
--- PASS: TestNewMiniBlockTrack_NilShardCoordinatorErr (0.00s)
=== CONT  TestNewMiniBlockTrack_NilMiniBlockPoolShouldErr
--- PASS: TestNewMiniBlockTrack_NilMiniBlockPoolShouldErr (0.00s)
=== CONT  TestNewMiniBlockTrack_NilUnsignedTxsPoolErr
--- PASS: TestNewMiniBlockTrack_NilUnsignedTxsPoolErr (0.00s)
=== CONT  TestNewMiniBlockTrack_NilRewardTxsPoolErr
--- PASS: TestNewMiniBlockTrack_NilRewardTxsPoolErr (0.00s)
=== CONT  TestNewMiniBlockTrack_NilTxsPoolErr
--- PASS: TestNewMiniBlockTrack_NilTxsPoolErr (0.00s)
=== CONT  TestNewMiniBlockTrack_NilDataPoolHolderErr
--- PASS: TestNewMiniBlockTrack_NilDataPoolHolderErr (0.00s)
=== CONT  TestShouldProcessReceivedHeader_ShouldWork
--- PASS: TestShouldProcessReceivedHeader_ShouldWork (0.00s)
=== CONT  TestShouldProcessReceivedHeader_ShouldReturnFalseWhenGetLastNotarizedHeaderFails
[0;33mWARN [0m[2026-03-16 10:14:11.688]   shouldProcessReceivedHeader: selfNotarizer.GetLastNotarizedHeader [0;33mshard[0m = 4294967295 [0;33merror[0m = error 
[0;33mWARN [0m[2026-03-16 10:14:11.688]   shouldProcessReceivedHeader: crossNotarizer.GetLastNotarizedHeader [0;33mshard[0m = 4294967295 [0;33merror[0m = error 
--- PASS: TestShouldProcessReceivedHeader_ShouldReturnFalseWhenGetLastNotarizedHeaderFails (0.00s)
=== CONT  TestRequestHeaders_ShouldAddAndRequestForMetaHeaders
=== CONT  TestRequestHeaders_ShouldAddAndRequestForShardHeaders
=== CONT  TestRequestHeadersIfNothingNewIsReceived_ShouldRequestIfHighestRoundFromReceivedHeadersIsFarFromChronologyRound
--- PASS: TestRequestHeadersIfNothingNewIsReceived_ShouldRequestIfHighestRoundFromReceivedHeadersIsFarFromChronologyRound (0.00s)
=== CONT  TestRequestHeadersIfNothingNewIsReceived_ShouldNotRequestIfLastNotarizedHeaderNonceIsFarFromLatestValidHeaderNonce
=== CONT  TestRequestHeadersIfNothingNewIsReceived_ShouldNotRequestIfHighestRoundFromReceivedHeadersIsNearToChronologyRound
=== CONT  TestRequestHeadersIfNeeded_ShouldRequestIfLongestChainHasNotAdvanced
--- PASS: TestRequestHeadersIfNeeded_ShouldRequestIfLongestChainHasNotAdvanced (0.00s)
=== CONT  TestRequestHeadersIfNeeded_ShouldNotRequestIfLongestChainHasAdvanced
=== CONT  TestRequestHeadersIfNeeded_ShouldNotRequestIfNodeIsSync
=== CONT  TestRequestHeadersIfNeeded_ShouldNotRequestIfSortedHeadersAreEmpty
=== CONT  TestRequestHeadersIfNeeded_ShouldNotRequestIfHeaderIsNil
=== CONT  TestCheckHeaderFinality_ShouldWork
--- PASS: TestCheckHeaderFinality_ShouldWork (0.00s)
=== CONT  TestCheckHeaderFinality_ShouldErrHeaderNotFinal
--- PASS: TestCheckHeaderFinality_ShouldErrHeaderNotFinal (0.00s)
=== CONT  TestCheckHeaderFinality_ShouldErrNilBlockHeader
--- PASS: TestCheckHeaderFinality_ShouldErrNilBlockHeader (0.00s)
=== CONT  TestGetNextHeader_ShouldWork
--- PASS: TestGetNextHeader_ShouldWork (0.00s)
=== CONT  TestGetNextHeader_ShouldReturnEmptySliceWhenHeaderFinalityIsNotChecked
--- PASS: TestGetNextHeader_ShouldReturnEmptySliceWhenHeaderFinalityIsNotChecked (0.00s)
=== CONT  TestGetNextHeader_ShouldReturnEmptySliceWhenHeaderConstructionIsNotValid
--- PASS: TestGetNextHeader_ShouldReturnEmptySliceWhenHeaderConstructionIsNotValid (0.00s)
=== CONT  TestGetNextHeader_ShouldReturnEmptySliceWhenSortedHeadersHaveHigherNonces
--- PASS: TestGetNextHeader_ShouldReturnEmptySliceWhenSortedHeadersHaveHigherNonces (0.00s)
=== CONT  TestGetNextHeader_ShouldReturnEmptySliceWhenPrevHeaderIsNil
--- PASS: TestGetNextHeader_ShouldReturnEmptySliceWhenPrevHeaderIsNil (0.00s)
=== CONT  TestBlockProcessorComputeLongestChain_ShouldWork
--- PASS: TestBlockProcessorComputeLongestChain_ShouldWork (0.00s)
=== CONT  TestComputeSelfNotarizedHeaders_ShouldReturnEmptySliceWhenSortHeadersFromNonceReturnEmptySlice
--- PASS: TestComputeSelfNotarizedHeaders_ShouldReturnEmptySliceWhenSortHeadersFromNonceReturnEmptySlice (0.00s)
=== CONT  TestComputeSelfNotarizedHeaders_ShouldReturnEmptySliceWhenHeaderIsNil
--- PASS: TestComputeSelfNotarizedHeaders_ShouldReturnEmptySliceWhenHeaderIsNil (0.00s)
=== CONT  TestComputeSelfNotarizedHeaders_ShouldWork
--- PASS: TestComputeSelfNotarizedHeaders_ShouldWork (0.00s)
=== CONT  TestComputeLongestChainFromLastCrossNotarized_ShouldWork
--- PASS: TestComputeLongestChainFromLastCrossNotarized_ShouldWork (0.00s)
=== CONT  TestComputeLongestChainFromLastCrossNotarized_ShouldReturnNil
--- PASS: TestComputeLongestChainFromLastCrossNotarized_ShouldReturnNil (0.00s)
=== CONT  TestDoJobOnReceivedCrossNotarizedHeader_ShouldWork
--- PASS: TestDoJobOnReceivedCrossNotarizedHeader_ShouldWork (0.00s)
=== CONT  TestDoJobOnReceivedHeader_ShouldWork
--- PASS: TestDoJobOnReceivedHeader_ShouldWork (0.00s)
=== CONT  TestProcessReceivedHeader_ShouldWorkWhenHeaderIsFromCrossShard
--- PASS: TestProcessReceivedHeader_ShouldWorkWhenHeaderIsFromCrossShard (0.00s)
=== CONT  TestProcessReceivedHeader_ShouldWorkWhenHeaderIsFromSelfShard
--- PASS: TestProcessReceivedHeader_ShouldWorkWhenHeaderIsFromSelfShard (0.00s)
=== CONT  TestNewBlockProcessor_ShouldWork
--- PASS: TestNewBlockProcessor_ShouldWork (0.00s)
=== CONT  TestNewBlockProcessor_ShouldErrNilRoundHandler
--- PASS: TestNewBlockProcessor_ShouldErrNilRoundHandler (0.00s)
=== CONT  TestNewBlockProcessor_ShouldErrNilHasher
--- PASS: TestNewBlockProcessor_ShouldErrNilHasher (0.00s)
=== CONT  TestNewBlockProcessor_ShouldErrNilMarshaller
--- PASS: TestNewBlockProcessor_ShouldErrNilMarshaller (0.00s)
=== CONT  TestNewBlockProcessor_ShouldErrNilProofsPool
--- PASS: TestNewBlockProcessor_ShouldErrNilProofsPool (0.00s)
=== CONT  TestNewBlockProcessor_ShouldErrNilEnableEpochsHandler
--- PASS: TestNewBlockProcessor_ShouldErrNilEnableEpochsHandler (0.00s)
=== CONT  TestNewBlockProcessor_ShouldErrFinalMetachainHeadersNotifier
--- PASS: TestNewBlockProcessor_ShouldErrFinalMetachainHeadersNotifier (0.00s)
=== CONT  TestNewBlockProcessor_ShouldErrSelfNotarizedHeadersNotifier
--- PASS: TestNewBlockProcessor_ShouldErrSelfNotarizedHeadersNotifier (0.00s)
=== CONT  TestGetLastNotarizedHeaderNonce_ShouldReturnZeroWhenNotarizedHeadersForGivenShardDoesNotExist
=== CONT  TestGetFirstNotarizedHeader_ShouldErrNotarizedHeadersSliceForShardIsNil
=== CONT  TestGetLastNotarizedHeader_ShouldWork
--- PASS: TestGetLastNotarizedHeader_ShouldWork (0.00s)
=== CONT  TestNewBlockNotifier_ShouldWork
--- PASS: TestGetLastNotarizedHeaderNonce_ShouldReturnZeroWhenNotarizedHeadersForGivenShardDoesNotExist (0.00s)
=== CONT  TestNotarizedHeaders_ShouldNotPanicWhenGivenShardIsInvalid
--- PASS: TestNewBlockNotifier_ShouldWork (0.00s)
=== CONT  TestCleanupNotarizedHeadersBehindNonce_ShouldWork
--- PASS: TestNotarizedHeaders_ShouldNotPanicWhenGivenShardIsInvalid (0.00s)
=== CONT  TestCleanupNotarizedHeadersBehindNonce_ShouldKeepAtLeastOneHeader
--- PASS: TestCleanupNotarizedHeadersBehindNonce_ShouldKeepAtLeastOneHeader (0.00s)
=== CONT  TestCleanupNotarizedHeadersBehindNonce_ShouldNotCleanWhenGivenShardIsInvalid
=== CONT  TestGetLastNotarizedHeader_ShouldErrNotarizedHeadersSliceForShardIsNil
--- PASS: TestCleanupNotarizedHeadersBehindNonce_ShouldNotCleanWhenGivenShardIsInvalid (0.00s)
=== CONT  TestCleanupNotarizedHeadersBehindNonce_ShouldNotCleanWhenGivenNonceIsZero
--- PASS: TestGetLastNotarizedHeader_ShouldErrNotarizedHeadersSliceForShardIsNil (0.00s)
=== CONT  TestAddNotarizedHeader_ShouldWork
=== CONT  TestGetFirstNotarizedHeader_ShouldWork
=== CONT  TestNewBlockNotarizer_ShouldWork
=== CONT  TestNewBlockNotarizer_ShouldErrNilMarshalizer
--- PASS: TestCleanupNotarizedHeadersBehindNonce_ShouldNotCleanWhenGivenNonceIsZero (0.00s)
=== CONT  TestNewBlockNotarizer_ShouldErrNilHasher
=== CONT  TestSetAndGetLastShardProcessedMetaNonce_ShouldWork
=== CONT  TestSetAndGetNumPendingMiniBlocks_ShouldWork
=== CONT  TestNotarizedHeaders_ShouldNotPanicWhenTheOnlyNotarizedHeaderHasNonceZero
=== CONT  TestShardBlockTrack_GetTrackedShardHeaderWithNonceAndHashShouldWork
=== CONT  TestMetaBlockTrack_GetTrackedMetaBlockWithHashShouldWork
=== CONT  TestNotarizedHeaders_ShouldNotPanic
[0;36mDEBUG[0m[2026-03-16 10:14:11.689]   test                                     [0;36mshard[0m = 0 [0;36mnb[0m = 2 
[0;36mDEBUG[0m[2026-03-16 10:14:11.689]   received shard header from network in block tracker [0;36mshard[0m = 1 [0;36mepoch[0m = 0 [0;36mround[0m = 0 [0;36mnonce[0m = 1 [0;36mhash[0m = 6861736831 
=== CONT  TestBaseBlockTrack_DoWhitelistWithShardHeaderIfNeededMetaShouldWhitelistCrossMiniblocks
[0;36mDEBUG[0m[2026-03-16 10:14:11.689]   received shard header from network in block tracker [0;36mshard[0m = 1 [0;36mepoch[0m = 0 [0;36mround[0m = 0 [0;36mnonce[0m = 1 [0;36mhash[0m = 68617368 
=== CONT  TestBaseBlockTrack_DoWhitelistWithMetaBlockIfNeededShardShouldWhitelistCrossMiniblocks
[0;36mDEBUG[0m[2026-03-16 10:14:11.689]   received meta block from network in block tracker [0;36mshard[0m = 4294967295 [0;36mepoch[0m = 0 [0;36mround[0m = 0 [0;36mnonce[0m = 1 [0;36mhash[0m = 6861736831 
[0;33mWARN [0m[2026-03-16 10:14:11.689]   cannot convert data.HeaderHandler in *block.Metablock 
[0;36mDEBUG[0m[2026-03-16 10:14:11.689]   received meta block from network in block tracker [0;36mshard[0m = 4294967295 [0;36mepoch[0m = 0 [0;36mround[0m = 0 [0;36mnonce[0m = 2 [0;36mhash[0m = 68617368 
=== CONT  TestBaseBlockTrack_DoWhitelistWithShardHeaderIfNeededIsHeaderOutOfRangeShouldReturn
=== CONT  TestBaseBlockTrack_DoWhitelistWithMetaBlockIfNeededIsHeaderOutOfRangeShouldReturn
=== CONT  TestBaseBlockTrack_DoWhitelistWithShardHeaderIfNeededNilShardShouldReturnAndNotPanic
=== CONT  TestBaseBlockTrack_IsHeaderOutOfRangeShouldWork
--- PASS: TestCleanupNotarizedHeadersBehindNonce_ShouldWork (0.00s)
--- PASS: TestGetFirstNotarizedHeader_ShouldWork (0.00s)
--- PASS: TestAddNotarizedHeader_ShouldWork (0.00s)
--- PASS: TestNewBlockNotarizer_ShouldWork (0.00s)
--- PASS: TestNewBlockNotarizer_ShouldErrNilMarshalizer (0.00s)
--- PASS: TestNewBlockNotarizer_ShouldErrNilHasher (0.00s)
--- PASS: TestSetAndGetLastShardProcessedMetaNonce_ShouldWork (0.00s)
--- PASS: TestGetFirstNotarizedHeader_ShouldErrNotarizedHeadersSliceForShardIsNil (0.00s)
--- PASS: TestSetAndGetNumPendingMiniBlocks_ShouldWork (0.00s)
=== CONT  TestNewBlockBalancer_ShouldWork
=== CONT  TestAddNotarizedHeader_ShouldNotAddNilHeader
[0;36mDEBUG[0m[2026-03-16 10:14:11.692]   received shard header from network in block tracker [0;36mshard[0m = 0 [0;36mepoch[0m = 0 [0;36mround[0m = 204 [0;36mnonce[0m = 204 [0;36mhash[0m = 42aaf824ab777ef1fa783b6bcde33089004fe32e03393aecc3e1bbe60b88df8b 
[0;36mDEBUG[0m[2026-03-16 10:14:11.692]   received shard header from network in block tracker [0;36mshard[0m = 0 [0;36mepoch[0m = 0 [0;36mround[0m = 205 [0;36mnonce[0m = 205 [0;36mhash[0m = 699a35d08fe925b1660fe9fbbeb064fe2a6de33d57fcd9cc61eab23811d75f1f 
[0;36mDEBUG[0m[2026-03-16 10:14:11.692]   received shard header from network in block tracker [0;36mshard[0m = 0 [0;36mepoch[0m = 0 [0;36mround[0m = 206 [0;36mnonce[0m = 206 [0;36mhash[0m = 03d0a7ea2999388b3c6fe894cd5e47583c18892063757194ec9e8630c8ab2269 
[0;36mDEBUG[0m[2026-03-16 10:14:11.692]   received shard header from network in block tracker [0;36mshard[0m = 0 [0;36mepoch[0m = 0 [0;36mround[0m = 207 [0;36mnonce[0m = 207 [0;36mhash[0m = 30b8fb8b0d07dd303ef2262374a1885073c5a5a26dbef23c3dada1339bb46ab1 
--- PASS: TestNotarizedHeaders_ShouldNotPanicWhenTheOnlyNotarizedHeaderHasNonceZero (0.00s)
--- PASS: TestNotarizedHeaders_ShouldNotPanic (0.00s)
--- PASS: TestShardBlockTrack_GetTrackedShardHeaderWithNonceAndHashShouldWork (0.00s)
--- PASS: TestMetaBlockTrack_GetTrackedMetaBlockWithHashShouldWork (0.00s)
--- PASS: TestBaseBlockTrack_DoWhitelistWithMetaBlockIfNeededShardShouldWhitelistCrossMiniblocks (0.00s)
[0;36mDEBUG[0m[2026-03-16 10:14:11.692]   received shard header from network in block tracker [0;36mshard[0m = 0 [0;36mepoch[0m = 0 [0;36mround[0m = 208 [0;36mnonce[0m = 208 [0;36mhash[0m = c1fc91f39b25b6dc891966f510be7997fc26726b79d0cbaada7f985426d03998 
--- PASS: TestBaseBlockTrack_DoWhitelistWithShardHeaderIfNeededIsHeaderOutOfRangeShouldReturn (0.00s)
--- PASS: TestBaseBlockTrack_DoWhitelistWithShardHeaderIfNeededMetaShouldWhitelistCrossMiniblocks (0.00s)
=== CONT  TestNewBlockProcessor_ShouldErrNilRequestHandler
=== CONT  TestNewBlockNotarizer_ShouldErrNilShardCoordinator
[0;36mDEBUG[0m[2026-03-16 10:14:11.692]   received shard header from network in block tracker [0;36mshard[0m = 0 [0;36mepoch[0m = 0 [0;36mround[0m = 209 [0;36mnonce[0m = 209 [0;36mhash[0m = 603506a4472f6ec012e7fe157872977edd7e370024f0fdf7369e9a64a5c99c57 
[0;36mDEBUG[0m[2026-03-16 10:14:11.692]   received shard header from network in block tracker [0;36mshard[0m = 0 [0;36mepoch[0m = 0 [0;36mround[0m = 210 [0;36mnonce[0m = 210 [0;36mhash[0m = cd8173cbe021f52f97105b3dc26261b6a3000def172ec4b0a7afa28b724276b8 
[0;36mDEBUG[0m[2026-03-16 10:14:11.692]   received shard header from network in block tracker [0;36mshard[0m = 0 [0;36mepoch[0m = 0 [0;36mround[0m = 211 [0;36mnonce[0m = 211 [0;36mhash[0m = 576ed5577e07124feaf294e728434494eda61328d50816b406469265cdcf79fa 
[0;36mDEBUG[0m[2026-03-16 10:14:11.692]   received shard header from network in block tracker [0;36mshard[0m = 0 [0;36mepoch[0m = 0 [0;36mround[0m = 212 [0;36mnonce[0m = 212 [0;36mhash[0m = 0f83daff9c448ccf3499efda6755d257b4ae78dbabb443a2d30cf991acb8e202 
[0;36mDEBUG[0m[2026-03-16 10:14:11.692]   received shard header from network in block tracker [0;36mshard[0m = 0 [0;36mepoch[0m = 0 [0;36mround[0m = 213 [0;36mnonce[0m = 213 [0;36mhash[0m = c48a5e3d4b6972788cc1032de620a8159c5422246505643f40cd70032fb9e7d0 
[0;36mDEBUG[0m[2026-03-16 10:14:11.692]   received shard header from network in block tracker [0;36mshard[0m = 0 [0;36mepoch[0m = 0 [0;36mround[0m = 214 [0;36mnonce[0m = 214 [0;36mhash[0m = 90184f5007b93d5334e4170618f9e18d913043a858b0a97edd6abccab921c177 
[0;36mDEBUG[0m[2026-03-16 10:14:11.692]   received shard header from network in block tracker [0;36mshard[0m = 0 [0;36mepoch[0m = 0 [0;36mround[0m = 215 [0;36mnonce[0m = 215 [0;36mhash[0m = 71e873d5f43c7b1a904d3b0f8399bf9b73532887438fedec018b0e2aa52e0285 
[0;36mDEBUG[0m[2026-03-16 10:14:11.692]   received shard header from network in block tracker [0;36mshard[0m = 0 [0;36mepoch[0m = 0 [0;36mround[0m = 216 [0;36mnonce[0m = 216 [0;36mhash[0m = beef07ce840f97fb4802dd2678286d3c449c804e55c5da3847988f5301d36787 
[0;36mDEBUG[0m[2026-03-16 10:14:11.692]   received shard header from network in block tracker [0;36mshard[0m = 0 [0;36mepoch[0m = 0 [0;36mround[0m = 217 [0;36mnonce[0m = 217 [0;36mhash[0m = 13eb927381270ab43a9f6d0257baae3523d3fcb876e996ed4de15fb1d0a2b191 
[0;36mDEBUG[0m[2026-03-16 10:14:11.692]   received shard header from network in block tracker [0;36mshard[0m = 0 [0;36mepoch[0m = 0 [0;36mround[0m = 218 [0;36mnonce[0m = 218 [0;36mhash[0m = 4c2c24f091c2b55cb3fe107386949a6f2f88e158466e7b75855e37a6249d51a7 
[0;36mDEBUG[0m[2026-03-16 10:14:11.692]   received shard header from network in block tracker [0;36mshard[0m = 0 [0;36mepoch[0m = 0 [0;36mround[0m = 219 [0;36mnonce[0m = 219 [0;36mhash[0m = 60ebdc2b8031f2eaba80ca390884998d4abe4b3fc2bae30867d6fbd9bfe86bfb 
[0;36mDEBUG[0m[2026-03-16 10:14:11.692]   received shard header from network in block tracker [0;36mshard[0m = 0 [0;36mepoch[0m = 0 [0;36mround[0m = 220 [0;36mnonce[0m = 220 [0;36mhash[0m = c9c7eb43e62e92101c3f2d41bd4f645ca85b305bc18224fbf8c5f14194ff8810 
[0;36mDEBUG[0m[2026-03-16 10:14:11.692]   received shard header from network in block tracker [0;36mshard[0m = 0 [0;36mepoch[0m = 0 [0;36mround[0m = 221 [0;36mnonce[0m = 221 [0;36mhash[0m = 717faea4867ac38dfbad321bd8fd59d95f9f1de35099e12946a5960923892f51 
[0;36mDEBUG[0m[2026-03-16 10:14:11.693]   received shard header from network in block tracker [0;36mshard[0m = 0 [0;36mepoch[0m = 0 [0;36mround[0m = 222 [0;36mnonce[0m = 222 [0;36mhash[0m = 6b4aceba6bac9ca4517aa38de4a994da7bc68d69d3f39049aed51c5fdd12c33b 
[0;36mDEBUG[0m[2026-03-16 10:14:11.693]   received shard header from network in block tracker [0;36mshard[0m = 0 [0;36mepoch[0m = 0 [0;36mround[0m = 223 [0;36mnonce[0m = 223 [0;36mhash[0m = 1de02b21081466b9b3e46c4db24cf3920333d0d54d70948884cf1c5628d9a4a0 
[0;36mDEBUG[0m[2026-03-16 10:14:11.693]   received shard header from network in block tracker [0;36mshard[0m = 0 [0;36mepoch[0m = 0 [0;36mround[0m = 224 [0;36mnonce[0m = 224 [0;36mhash[0m = bb39706cf92e3fffd73409c9232451e8f1250661b8cfe809ecb5f48f3c57c0bb 
[0;36mDEBUG[0m[2026-03-16 10:14:11.693]   received shard header from network in block tracker [0;36mshard[0m = 0 [0;36mepoch[0m = 0 [0;36mround[0m = 225 [0;36mnonce[0m = 225 [0;36mhash[0m = fa0cfb03f51757c086b9a1de8c766157941e0d4f169a55786e8d994fcbc6303d 
[0;36mDEBUG[0m[2026-03-16 10:14:11.693]   received shard header from network in block tracker [0;36mshard[0m = 0 [0;36mepoch[0m = 0 [0;36mround[0m = 226 [0;36mnonce[0m = 226 [0;36mhash[0m = 69fade3ba088077a5f2adcd5fc4661c7af055513f609463e841df34bee02790f 
[0;36mDEBUG[0m[2026-03-16 10:14:11.693]   received shard header from network in block tracker [0;36mshard[0m = 0 [0;36mepoch[0m = 0 [0;36mround[0m = 227 [0;36mnonce[0m = 227 [0;36mhash[0m = ff4a9827d0d995809b10f395e027877fc2873f5fb5c42b4d429c01b02a82543e 
[0;36mDEBUG[0m[2026-03-16 10:14:11.693]   received shard header from network in block tracker [0;36mshard[0m = 0 [0;36mepoch[0m = 0 [0;36mround[0m = 228 [0;36mnonce[0m = 228 [0;36mhash[0m = 180db04fab01df1d561b77c2323f649992e56300df14ffc203f6e42e31dc83a0 
[0;36mDEBUG[0m[2026-03-16 10:14:11.693]   received shard header from network in block tracker [0;36mshard[0m = 0 [0;36mepoch[0m = 0 [0;36mround[0m = 229 [0;36mnonce[0m = 229 [0;36mhash[0m = 2717b448fa5e23bfdcd2327644d74897da6a69a354c7c92aac5c2d8b6b2fab2f 
[0;36mDEBUG[0m[2026-03-16 10:14:11.693]   received shard header from network in block tracker [0;36mshard[0m = 0 [0;36mepoch[0m = 0 [0;36mround[0m = 230 [0;36mnonce[0m = 230 [0;36mhash[0m = 50fbe74c86fc32c4f9daac745dadf6c3cbaf02e1bf1c728558d8119750d31b4e 
[0;36mDEBUG[0m[2026-03-16 10:14:11.693]   received shard header from network in block tracker [0;36mshard[0m = 0 [0;36mepoch[0m = 0 [0;36mround[0m = 231 [0;36mnonce[0m = 231 [0;36mhash[0m = 1ef6b81898be782c956e73f446141da6cc1a9a2d81d7b459036b09b5ed62aa7f 
[0;36mDEBUG[0m[2026-03-16 10:14:11.693]   received shard header from network in block tracker [0;36mshard[0m = 0 [0;36mepoch[0m = 0 [0;36mround[0m = 232 [0;36mnonce[0m = 232 [0;36mhash[0m = aed3c19b4c325835fc14dbe9bb5b7876477ba2ba3c2dce906027c3d9d3d161ec 
[0;36mDEBUG[0m[2026-03-16 10:14:11.693]   received shard header from network in block tracker [0;36mshard[0m = 0 [0;36mepoch[0m = 0 [0;36mround[0m = 233 [0;36mnonce[0m = 233 [0;36mhash[0m = 542121364d4cf6e2f03272e3fc4c450dad89841d1f39a8730424ed5f698ab5f4 
[0;36mDEBUG[0m[2026-03-16 10:14:11.693]   received shard header from network in block tracker [0;36mshard[0m = 0 [0;36mepoch[0m = 0 [0;36mround[0m = 234 [0;36mnonce[0m = 234 [0;36mhash[0m = dcefea88d70fe8912d4106247b2e693fc38b6c0c0c7b68077ea6f65e69610b2d 
[0;36mDEBUG[0m[2026-03-16 10:14:11.693]   received shard header from network in block tracker [0;36mshard[0m = 0 [0;36mepoch[0m = 0 [0;36mround[0m = 235 [0;36mnonce[0m = 235 [0;36mhash[0m = 0c681954d0bf98859deb70a7f0d9e200620734706b92151e43f089b539e81c6b 
[0;36mDEBUG[0m[2026-03-16 10:14:11.693]   received shard header from network in block tracker [0;36mshard[0m = 0 [0;36mepoch[0m = 0 [0;36mround[0m = 236 [0;36mnonce[0m = 236 [0;36mhash[0m = bd0ca7e57e2235409dfaf2395fc9c050921c64013466864d64d7a356ebbe91d5 
[0;36mDEBUG[0m[2026-03-16 10:14:11.693]   received shard header from network in block tracker [0;36mshard[0m = 0 [0;36mepoch[0m = 0 [0;36mround[0m = 237 [0;36mnonce[0m = 237 [0;36mhash[0m = fcd1d54b0b930960b723d27494e7ae5266d8b340e9e070fda23e03e96fd8d550 
--- PASS: TestBaseBlockTrack_DoWhitelistWithMetaBlockIfNeededIsHeaderOutOfRangeShouldReturn (0.00s)
=== CONT  TestNewBlockProcessor_ShouldErrSelfNotarizedFromCrossHeadersNotifier
--- PASS: TestBaseBlockTrack_DoWhitelistWithShardHeaderIfNeededNilShardShouldReturnAndNotPanic (0.00s)
=== CONT  TestNewBlockProcessor_ShouldErrCrossNotarizedHeadersNotifier
[0;36mDEBUG[0m[2026-03-16 10:14:11.693]   received shard header from network in block tracker [0;36mshard[0m = 0 [0;36mepoch[0m = 0 [0;36mround[0m = 238 [0;36mnonce[0m = 238 [0;36mhash[0m = 0e742bc78648d6adba968f1da5809fb8f26518c1b33ab862acfe0f7fe9be015f 
[0;36mDEBUG[0m[2026-03-16 10:14:11.693]   received shard header from network in block tracker [0;36mshard[0m = 0 [0;36mepoch[0m = 0 [0;36mround[0m = 239 [0;36mnonce[0m = 239 [0;36mhash[0m = 59ace2bb42de7e02fea8a421be6aef059cdebd64a6f77f9fabaa071924e98b23 
[0;36mDEBUG[0m[2026-03-16 10:14:11.693]   received shard header from network in block tracker [0;36mshard[0m = 0 [0;36mepoch[0m = 0 [0;36mround[0m = 240 [0;36mnonce[0m = 240 [0;36mhash[0m = 135da4397abc6196dee274f8cad84517492b6d0cb73970a305452ea519cbadec 
[0;36mDEBUG[0m[2026-03-16 10:14:11.693]   received shard header from network in block tracker [0;36mshard[0m = 0 [0;36mepoch[0m = 0 [0;36mround[0m = 241 [0;36mnonce[0m = 241 [0;36mhash[0m = 6929cac40289ac595bfa2d4a3b6219d35b485b7e7f94310e1fe87010fb8ba3a4 
[0;36mDEBUG[0m[2026-03-16 10:14:11.693]   received shard header from network in block tracker [0;36mshard[0m = 0 [0;36mepoch[0m = 0 [0;36mround[0m = 242 [0;36mnonce[0m = 242 [0;36mhash[0m = 41e6d8f29d39bf5cb7d93eabf35e3ebe70c1b8ecb258db6b71d32af0e682e1a4 
[0;36mDEBUG[0m[2026-03-16 10:14:11.693]   received shard header from network in block tracker [0;36mshard[0m = 0 [0;36mepoch[0m = 0 [0;36mround[0m = 243 [0;36mnonce[0m = 243 [0;36mhash[0m = 9f413a3fcf8195c12b935d7fef2baac29f7fdd3c4fd278188368f7e14c8d48ec 
[0;36mDEBUG[0m[2026-03-16 10:14:11.693]   received shard header from network in block tracker [0;36mshard[0m = 0 [0;36mepoch[0m = 0 [0;36mround[0m = 244 [0;36mnonce[0m = 244 [0;36mhash[0m = 1ee307384f5f2bc2e6768f8943a41b3e6a97b6db07fa5387d502c96d34feb529 
[0;36mDEBUG[0m[2026-03-16 10:14:11.693]   received shard header from network in block tracker [0;36mshard[0m = 0 [0;36mepoch[0m = 0 [0;36mround[0m = 245 [0;36mnonce[0m = 245 [0;36mhash[0m = 39d60208b24176457ba8d22dfa386768b50fe8fde5358ce48774f35d37304213 
[0;36mDEBUG[0m[2026-03-16 10:14:11.693]   received shard header from network in block tracker [0;36mshard[0m = 0 [0;36mepoch[0m = 0 [0;36mround[0m = 246 [0;36mnonce[0m = 246 [0;36mhash[0m = 50ba520b44e29feb2135f09415ffd68a32f1a06d44f8aa61cd908974502dc47b 
[0;36mDEBUG[0m[2026-03-16 10:14:11.693]   received shard header from network in block tracker [0;36mshard[0m = 0 [0;36mepoch[0m = 0 [0;36mround[0m = 247 [0;36mnonce[0m = 247 [0;36mhash[0m = 1dd740a59018d341949409d3e1905baff297ffe76c1a12e8789afaf53cdce610 
[0;36mDEBUG[0m[2026-03-16 10:14:11.693]   received shard header from network in block tracker [0;36mshard[0m = 0 [0;36mepoch[0m = 0 [0;36mround[0m = 248 [0;36mnonce[0m = 248 [0;36mhash[0m = 631d378f1bcff8c7a3567d30fc3d0974ec61a5e0540d849ac139d21f4535b7de 
[0;36mDEBUG[0m[2026-03-16 10:14:11.693]   received shard header from network in block tracker [0;36mshard[0m = 0 [0;36mepoch[0m = 0 [0;36mround[0m = 249 [0;36mnonce[0m = 249 [0;36mhash[0m = d4203b3daca1bd9e653b82b9dc012bc95bffe58f1e0c6868a5ec9af6e1ac19f6 
[0;36mDEBUG[0m[2026-03-16 10:14:11.694]   received shard header from network in block tracker [0;36mshard[0m = 0 [0;36mepoch[0m = 0 [0;36mround[0m = 250 [0;36mnonce[0m = 250 [0;36mhash[0m = 80dffc16eec767fdd03fcaa38c29a254935af13edeaec127d47d39011fad5d6f 
[0;36mDEBUG[0m[2026-03-16 10:14:11.694]   received shard header from network in block tracker [0;36mshard[0m = 0 [0;36mepoch[0m = 0 [0;36mround[0m = 251 [0;36mnonce[0m = 251 [0;36mhash[0m = f118490dfca2e214f835fc67d673ad5716c2f078e85dcfa7c3bb219f8841f929 
[0;36mDEBUG[0m[2026-03-16 10:14:11.694]   received shard header from network in block tracker [0;36mshard[0m = 0 [0;36mepoch[0m = 0 [0;36mround[0m = 252 [0;36mnonce[0m = 252 [0;36mhash[0m = 0e8557c6e68fc0d02262ea9ebfbc1ed7ee35f8e8ef31fa02f69db24e0afaa49e 
[0;36mDEBUG[0m[2026-03-16 10:14:11.694]   received shard header from network in block tracker [0;36mshard[0m = 0 [0;36mepoch[0m = 0 [0;36mround[0m = 253 [0;36mnonce[0m = 253 [0;36mhash[0m = 28fedea82f9d50bef565ded329d67c34bd902af3522a332bea9848100f7a32e6 
[0;36mDEBUG[0m[2026-03-16 10:14:11.694]   received shard header from network in block tracker [0;36mshard[0m = 0 [0;36mepoch[0m = 0 [0;36mround[0m = 254 [0;36mnonce[0m = 254 [0;36mhash[0m = 5ed648899d57ae04f2b67b06e84cc25aae3bb9f159e41b91183ce9eaf88307e3 
--- PASS: TestBaseBlockTrack_IsHeaderOutOfRangeShouldWork (0.00s)
[0;36mDEBUG[0m[2026-03-16 10:14:11.694]   received shard header from network in block tracker [0;36mshard[0m = 0 [0;36mepoch[0m = 0 [0;36mround[0m = 255 [0;36mnonce[0m = 255 [0;36mhash[0m = 42fc1da9590f293d617e4310ec2cca3ce5246490c3be188f70c6fc09408b98ec 
=== CONT  TestNewBlockProcessor_ShouldErrNilSelfNotarizer
[0;36mDEBUG[0m[2026-03-16 10:14:11.694]   received shard header from network in block tracker [0;36mshard[0m = 0 [0;36mepoch[0m = 0 [0;36mround[0m = 256 [0;36mnonce[0m = 256 [0;36mhash[0m = 63dc081af76d40d283ab5b5353fd2c30abc0c888931d8ebfe69f6f10fae89bba 
--- PASS: TestNewBlockProcessor_ShouldErrNilSelfNotarizer (0.00s)
=== CONT  TestNewBlockProcessor_ShouldErrNilCrossNotarizer
[0;36mDEBUG[0m[2026-03-16 10:14:11.694]   received shard header from network in block tracker [0;36mshard[0m = 0 [0;36mepoch[0m = 0 [0;36mround[0m = 257 [0;36mnonce[0m = 257 [0;36mhash[0m = 90ce2bc19d502cf4bf4d7dd30ade6135a9415cb916c6da57181b666a07254f2b 
--- PASS: TestNewBlockProcessor_ShouldErrNilCrossNotarizer (0.00s)
=== CONT  TestNewBlockProcessor_ShouldErrNilBlockTrackerHandler
[0;36mDEBUG[0m[2026-03-16 10:14:11.694]   received shard header from network in block tracker [0;36mshard[0m = 0 [0;36mepoch[0m = 0 [0;36mround[0m = 258 [0;36mnonce[0m = 258 [0;36mhash[0m = 14c72c6a2ababd2cac420248f5f299af68d6c99b6491b385c5ea8b94b7cdb8e2 
--- PASS: TestNewBlockBalancer_ShouldWork (0.00s)
[0;36mDEBUG[0m[2026-03-16 10:14:11.694]   received shard header from network in block tracker [0;36mshard[0m = 0 [0;36mepoch[0m = 0 [0;36mround[0m = 259 [0;36mnonce[0m = 259 [0;36mhash[0m = 41b036b12224fda7e843f20b30ea7aaec0b60a31f1cb264e3189ff913718a0a1 
=== CONT  TestNewBlockProcessor_ShouldErrNilShardCoordinator
[0;36mDEBUG[0m[2026-03-16 10:14:11.694]   received shard header from network in block tracker [0;36mshard[0m = 0 [0;36mepoch[0m = 0 [0;36mround[0m = 260 [0;36mnonce[0m = 260 [0;36mhash[0m = 92aff855c92241614544aa094790cb2b7c2841be90292b7923a5544e0e8602e4 
[0;36mDEBUG[0m[2026-03-16 10:14:11.694]   received shard header from network in block tracker [0;36mshard[0m = 0 [0;36mepoch[0m = 0 [0;36mround[0m = 261 [0;36mnonce[0m = 261 [0;36mhash[0m = f73798e2815ace03d71de6556e29dd13f3ad6217bd1170e5d2a5291248d020bd 
[0;36mDEBUG[0m[2026-03-16 10:14:11.694]   received shard header from network in block tracker [0;36mshard[0m = 0 [0;36mepoch[0m = 0 [0;36mround[0m = 262 [0;36mnonce[0m = 262 [0;36mhash[0m = cab17af9c1dc78704b61a8752ffb216c7b08f25e881b33732d455ce36f9ef23e 
[0;36mDEBUG[0m[2026-03-16 10:14:11.694]   received shard header from network in block tracker [0;36mshard[0m = 0 [0;36mepoch[0m = 0 [0;36mround[0m = 263 [0;36mnonce[0m = 263 [0;36mhash[0m = 828b8564e2005913c3d7f969459378de56766ab14b36f8dd8c464ba8986d450c 
[0;36mDEBUG[0m[2026-03-16 10:14:11.694]   received shard header from network in block tracker [0;36mshard[0m = 0 [0;36mepoch[0m = 0 [0;36mround[0m = 264 [0;36mnonce[0m = 264 [0;36mhash[0m = 46a6382462b2e2db7ed1305e833fbe4fb4bb64e761c93b78bcfe6f097824c639 
[0;36mDEBUG[0m[2026-03-16 10:14:11.694]   received shard header from network in block tracker [0;36mshard[0m = 0 [0;36mepoch[0m = 0 [0;36mround[0m = 265 [0;36mnonce[0m = 265 [0;36mhash[0m = 3c7b5f4919c81aff20369f00e56d479f575db757fd3fc007e2301741e919ad4a 
[0;36mDEBUG[0m[2026-03-16 10:14:11.694]   received shard header from network in block tracker [0;36mshard[0m = 0 [0;36mepoch[0m = 0 [0;36mround[0m = 266 [0;36mnonce[0m = 266 [0;36mhash[0m = c670fc756650c78b0fb409ce62bcd75fd4cd5bc13ee1891aad1012beac14fdcc 
[0;36mDEBUG[0m[2026-03-16 10:14:11.694]   received shard header from network in block tracker [0;36mshard[0m = 0 [0;36mepoch[0m = 0 [0;36mround[0m = 267 [0;36mnonce[0m = 267 [0;36mhash[0m = c6b6a11da7e2c9036d1383af6af2aa4ae3bcb57342cb6432c06529de523b74a8 
[0;36mDEBUG[0m[2026-03-16 10:14:11.694]   received shard header from network in block tracker [0;36mshard[0m = 0 [0;36mepoch[0m = 0 [0;36mround[0m = 268 [0;36mnonce[0m = 268 [0;36mhash[0m = a2472f1cf9e0e46164194a0385267c83b7ed0982ea597e22aeca8c8260484935 
--- PASS: TestNewBlockProcessor_ShouldErrNilShardCoordinator (0.00s)
--- PASS: TestAddNotarizedHeader_ShouldNotAddNilHeader (0.00s)
--- PASS: TestNewBlockProcessor_ShouldErrNilRequestHandler (0.00s)
--- PASS: TestNewBlockNotarizer_ShouldErrNilShardCoordinator (0.00s)
[0;36mDEBUG[0m[2026-03-16 10:14:11.694]   received shard header from network in block tracker [0;36mshard[0m = 0 [0;36mepoch[0m = 0 [0;36mround[0m = 269 [0;36mnonce[0m = 269 [0;36mhash[0m = 0f2a413301753d5ad595eebfcc76957053cfffd2d4afdd7844f6382f7ad31976 
[0;36mDEBUG[0m[2026-03-16 10:14:11.694]   received shard header from network in block tracker [0;36mshard[0m = 0 [0;36mepoch[0m = 0 [0;36mround[0m = 270 [0;36mnonce[0m = 270 [0;36mhash[0m = d515bc5dfa9f6a84f1664d50a4e5ac55fe0d2a3f81febd7879baa04e83e74896 
[0;36mDEBUG[0m[2026-03-16 10:14:11.694]   received shard header from network in block tracker [0;36mshard[0m = 0 [0;36mepoch[0m = 0 [0;36mround[0m = 271 [0;36mnonce[0m = 271 [0;36mhash[0m = 8617257d25a96b44717e2710101cba3f6843975f0d5fa9db6c5db06535ced64b 
[0;36mDEBUG[0m[2026-03-16 10:14:11.694]   received shard header from network in block tracker [0;36mshard[0m = 0 [0;36mepoch[0m = 0 [0;36mround[0m = 272 [0;36mnonce[0m = 272 [0;36mhash[0m = 5b3efec56f81f89554c0ddc4533950519ef2d140b557051abd1ebc09a4b1b6e4 
[0;36mDEBUG[0m[2026-03-16 10:14:11.694]   received shard header from network in block tracker [0;36mshard[0m = 0 [0;36mepoch[0m = 0 [0;36mround[0m = 273 [0;36mnonce[0m = 273 [0;36mhash[0m = b362f9772188b304c7a7d7e29e9004764a049dbbd3e7100e139cd6dd085cd5b9 
[0;36mDEBUG[0m[2026-03-16 10:14:11.694]   received shard header from network in block tracker [0;36mshard[0m = 0 [0;36mepoch[0m = 0 [0;36mround[0m = 274 [0;36mnonce[0m = 274 [0;36mhash[0m = 150c040d8c8e0b3205f2d20d9a5783690d84dbf691d3482e78c5e09953fa8b26 
=== CONT  TestCallHandler_ShouldWork
[0;36mDEBUG[0m[2026-03-16 10:14:11.694]   received shard header from network in block tracker [0;36mshard[0m = 0 [0;36mepoch[0m = 0 [0;36mround[0m = 275 [0;36mnonce[0m = 275 [0;36mhash[0m = 860b01fa285590d3f30c8572d08c6fcea08b44519c9e7de56e0ddc5ce942f564 
[0;36mDEBUG[0m[2026-03-16 10:14:11.694]   received shard header from network in block tracker [0;36mshard[0m = 0 [0;36mepoch[0m = 0 [0;36mround[0m = 276 [0;36mnonce[0m = 276 [0;36mhash[0m = a1a2dc355269caba323f1e6438e68be81867af187be6878e627463747f45ac9d 
[0;36mDEBUG[0m[2026-03-16 10:14:11.694]   received shard header from network in block tracker [0;36mshard[0m = 0 [0;36mepoch[0m = 0 [0;36mround[0m = 277 [0;36mnonce[0m = 277 [0;36mhash[0m = 83f624082df61536e49c95d2f3c0b1fd1ab401d4479a8dca8d34d51306754580 
[0;36mDEBUG[0m[2026-03-16 10:14:11.694]   received shard header from network in block tracker [0;36mshard[0m = 0 [0;36mepoch[0m = 0 [0;36mround[0m = 278 [0;36mnonce[0m = 278 [0;36mhash[0m = 53a37e82a03cd6657cb9fc814c6681654113dba6e2b18dcb64803c65264e29e8 
[0;36mDEBUG[0m[2026-03-16 10:14:11.694]   received shard header from network in block tracker [0;36mshard[0m = 0 [0;36mepoch[0m = 0 [0;36mround[0m = 279 [0;36mnonce[0m = 279 [0;36mhash[0m = 0f60354294c4ac7de3a99ab3b77fdeadaa3d31e33c0c296101cbfc2e540e2c4d 
[0;36mDEBUG[0m[2026-03-16 10:14:11.694]   received shard header from network in block tracker [0;36mshard[0m = 0 [0;36mepoch[0m = 0 [0;36mround[0m = 280 [0;36mnonce[0m = 280 [0;36mhash[0m = 2ff7bbb7724f5532c44afb21b12d5cbfe033b02a7121120657cdabb66d38047f 
=== CONT  TestNewBlockProcessor_ShouldErrNilHeaderValidator
[0;36mDEBUG[0m[2026-03-16 10:14:11.694]   received shard header from network in block tracker [0;36mshard[0m = 0 [0;36mepoch[0m = 0 [0;36mround[0m = 281 [0;36mnonce[0m = 281 [0;36mhash[0m = c67e2c65b27e754d7280ebb60469f1d394c8a97e131b269d885c39cdb2331d0f 
[0;36mDEBUG[0m[2026-03-16 10:14:11.694]   received shard header from network in block tracker [0;36mshard[0m = 0 [0;36mepoch[0m = 0 [0;36mround[0m = 282 [0;36mnonce[0m = 282 [0;36mhash[0m = c314f81b1b3e9d34346802c72917e7965624b924f914c5799b711338e4dfc9b4 
=== CONT  TestCheckTrackerNilParameters_ShouldErrNilShardCoordinator
[0;36mDEBUG[0m[2026-03-16 10:14:11.694]   received shard header from network in block tracker [0;36mshard[0m = 0 [0;36mepoch[0m = 0 [0;36mround[0m = 283 [0;36mnonce[0m = 283 [0;36mhash[0m = 2e2199dcb631f5a652732a90f778139284fdb4d69cb312d7a7f88f0414963351 
[0;36mDEBUG[0m[2026-03-16 10:14:11.694]   received shard header from network in block tracker [0;36mshard[0m = 0 [0;36mepoch[0m = 0 [0;36mround[0m = 284 [0;36mnonce[0m = 284 [0;36mhash[0m = 8d14546bf196107f36a0eaec59f36dd702e3c7961cbca887a62dc18a8bc27240 
[0;36mDEBUG[0m[2026-03-16 10:14:11.694]   received shard header from network in block tracker [0;36mshard[0m = 0 [0;36mepoch[0m = 0 [0;36mround[0m = 285 [0;36mnonce[0m = 285 [0;36mhash[0m = 059a87ada63918a5b7e7bfb0092269e611f83b1f4587782e62bba9eecd13bb45 
=== CONT  TestCheckTrackerNilParameters_ShouldErrNilRoundHandler
=== CONT  TestCheckTrackerNilParameters_ShouldErrNilRequestHandler
=== CONT  TestCheckTrackerNilParameters_ShouldErrNilMarshalizer
=== CONT  TestCheckTrackerNilParameters_ShouldErrNilHeaderValidator
=== CONT  TestRestoreToGenesis_ShouldWork
=== CONT  TestCheckTrackerNilParameters_ShouldErrNilHasher
=== CONT  TestRemoveLastNotarizedHeaders_ShouldWork
=== CONT  TestRegisterSelfNotarizedHeadersHandler_ShouldWork
[0;36mDEBUG[0m[2026-03-16 10:14:11.694]   received shard header from network in block tracker [0;36mshard[0m = 0 [0;36mepoch[0m = 0 [0;36mround[0m = 1 [0;36mnonce[0m = 1 [0;36mhash[0m = 06364b39d67d1cab44a98b15977f477c3df59abfc0a3c685a276607d6949c485 
[0;36mDEBUG[0m[2026-03-16 10:14:11.694]   received shard header from network in block tracker [0;36mshard[0m = 0 [0;36mepoch[0m = 0 [0;36mround[0m = 2 [0;36mnonce[0m = 2 [0;36mhash[0m = ed272f2bcd6fd7234daeab120d90aa8ba52aea4e80d36d81b1a900cbe0222619 
=== CONT  TestRegisterSelfNotarizedFromCrossHeadersHandler_ShouldWork
[0;36mDEBUG[0m[2026-03-16 10:14:11.694]   received shard header from network in block tracker [0;36mshard[0m = 0 [0;36mepoch[0m = 0 [0;36mround[0m = 0 [0;36mnonce[0m = 1 [0;36mhash[0m = 68617368 
[0;36mDEBUG[0m[2026-03-16 10:14:11.694]   received meta block from network in block tracker [0;36mshard[0m = 4294967295 [0;36mepoch[0m = 0 [0;36mround[0m = 1 [0;36mnonce[0m = 1 [0;36mhash[0m = 01f77e977a328d4464c338e7cddebff424d11aeb399c0bfcf63284c6e307f0b6 
[0;36mDEBUG[0m[2026-03-16 10:14:11.694]   received meta block from network in block tracker [0;36mshard[0m = 4294967295 [0;36mepoch[0m = 0 [0;36mround[0m = 2 [0;36mnonce[0m = 2 [0;36mhash[0m = b8531a0e79d859c09f5d0f2741d59974e339a8ebc00574e4815158654aadce35 
[0;36mDEBUG[0m[2026-03-16 10:14:11.694]   compute cross info from meta block       [0;36mepoch[0m = 0 [0;36mround[0m = 1 [0;36mnonce[0m = 1 
[0;36mDEBUG[0m[2026-03-16 10:14:11.694]   cross info                               [0;36mshard[0m = 0 [0;36mpending miniblocks[0m = 0 [0;36mlast meta nonce processed[0m = 0 [0;36mshard is stuck[0m = false [0;36mglobal chain stuck[0m = false 
[0;36mDEBUG[0m[2026-03-16 10:14:11.694]   cross info                               [0;36mshard[0m = 1 [0;36mpending miniblocks[0m = 0 [0;36mlast meta nonce processed[0m = 0 [0;36mshard is stuck[0m = false [0;36mglobal chain stuck[0m = false 
=== CONT  TestRegisterCrossNotarizedHeadersHandler_ShouldWork
[0;36mDEBUG[0m[2026-03-16 10:14:11.695]   received meta block from network in block tracker [0;36mshard[0m = 4294967295 [0;36mepoch[0m = 0 [0;36mround[0m = 1 [0;36mnonce[0m = 1 [0;36mhash[0m = d6a1af89f7a0a8fcf790474f62f5af8e7ed974a69a70ed370dddeca6d2223bfa 
[0;36mDEBUG[0m[2026-03-16 10:14:11.695]   received meta block from network in block tracker [0;36mshard[0m = 4294967295 [0;36mepoch[0m = 0 [0;36mround[0m = 2 [0;36mnonce[0m = 2 [0;36mhash[0m = a96c2062b48b46c12a7d2d0f5bcf224f1841a83165a3c969ec1ca53b8c62a27b 
[0;36mDEBUG[0m[2026-03-16 10:14:11.695]   compute cross info from meta block       [0;36mepoch[0m = 0 [0;36mround[0m = 1 [0;36mnonce[0m = 1 
[0;36mDEBUG[0m[2026-03-16 10:14:11.695]   cross info                               [0;36mshard[0m = 0 [0;36mpending miniblocks[0m = 0 [0;36mlast meta nonce processed[0m = 0 [0;36mshard is stuck[0m = false [0;36mglobal chain stuck[0m = false 
[0;36mDEBUG[0m[2026-03-16 10:14:11.695]   cross info                               [0;36mshard[0m = 1 [0;36mpending miniblocks[0m = 0 [0;36mlast meta nonce processed[0m = 0 [0;36mshard is stuck[0m = false [0;36mglobal chain stuck[0m = false 
=== CONT  TestIsShardStuck_ShouldWork
[0;36mDEBUG[0m[2026-03-16 10:14:11.695]   received meta block from network in block tracker [0;36mshard[0m = 4294967295 [0;36mepoch[0m = 0 [0;36mround[0m = 1 [0;36mnonce[0m = 1 [0;36mhash[0m = 21d46ded793b2d0aa80676796f737afb6dd6332496148a230f0482c146119ff2 
[0;36mDEBUG[0m[2026-03-16 10:14:11.695]   received meta block from network in block tracker [0;36mshard[0m = 4294967295 [0;36mepoch[0m = 0 [0;36mround[0m = 2 [0;36mnonce[0m = 2 [0;36mhash[0m = 8f515008255e71adff182c1b8d4c3bfbd4394f68414fb92aa9006da8de1133b9 
[0;36mDEBUG[0m[2026-03-16 10:14:11.695]   compute cross info from meta block       [0;36mepoch[0m = 0 [0;36mround[0m = 1 [0;36mnonce[0m = 1 
[0;36mDEBUG[0m[2026-03-16 10:14:11.695]   cross info                               [0;36mshard[0m = 0 [0;36mpending miniblocks[0m = 179 [0;36mlast meta nonce processed[0m = 0 [0;36mshard is stuck[0m = false [0;36mglobal chain stuck[0m = false 
[0;36mDEBUG[0m[2026-03-16 10:14:11.695]   cross info                               [0;36mshard[0m = 1 [0;36mpending miniblocks[0m = 0 [0;36mlast meta nonce processed[0m = 0 [0;36mshard is stuck[0m = false [0;36mglobal chain stuck[0m = false 
[0;36mDEBUG[0m[2026-03-16 10:14:11.695]   received meta block from network in block tracker [0;36mshard[0m = 4294967295 [0;36mepoch[0m = 0 [0;36mround[0m = 3 [0;36mnonce[0m = 3 [0;36mhash[0m = 984ee72c622b3b4809859f2d78c65a0417f17314174fe059529836995de362e6 
[0;36mDEBUG[0m[2026-03-16 10:14:11.695]   compute cross info from meta block       [0;36mepoch[0m = 0 [0;36mround[0m = 2 [0;36mnonce[0m = 2 
[0;36mDEBUG[0m[2026-03-16 10:14:11.695]   cross info                               [0;36mshard[0m = 0 [0;36mpending miniblocks[0m = 180 [0;36mlast meta nonce processed[0m = 0 [0;36mshard is stuck[0m = true [0;36mglobal chain stuck[0m = false 
[0;36mDEBUG[0m[2026-03-16 10:14:11.695]   cross info                               [0;36mshard[0m = 1 [0;36mpending miniblocks[0m = 0 [0;36mlast meta nonce processed[0m = 0 [0;36mshard is stuck[0m = false [0;36mglobal chain stuck[0m = false 
=== CONT  TestIsShardStuck_ShouldWorkOnLastShardProcessedMetaNonceDifferences
[0;36mDEBUG[0m[2026-03-16 10:14:11.695]   received meta block from network in block tracker [0;36mshard[0m = 4294967295 [0;36mepoch[0m = 0 [0;36mround[0m = 0 [0;36mnonce[0m = 16 [0;36mhash[0m = 68617368 
[0;36mDEBUG[0m[2026-03-16 10:14:11.695]   received meta block from network in block tracker [0;36mshard[0m = 4294967295 [0;36mepoch[0m = 0 [0;36mround[0m = 0 [0;36mnonce[0m = 17 [0;36mhash[0m = 68617368 
=== CONT  TestIsShardStuck_ShouldReturnFalseWhenLastShardProcessedMetaNonceIsZero
[0;36mDEBUG[0m[2026-03-16 10:14:11.695]   received meta block from network in block tracker [0;36mshard[0m = 4294967295 [0;36mepoch[0m = 0 [0;36mround[0m = 0 [0;36mnonce[0m = 16 [0;36mhash[0m = 68617368 
=== CONT  TestIsShardStuck_ShouldReturnTrueWhenMetaIsStuck
=== CONT  TestIsShardStuck_ShouldReturnFalseWhenMetaIsNotStuck
=== CONT  TestIsShardStuck_ShouldReturnFalseWhenSelfShardIsMetachain
=== CONT  TestGetTrackedHeadersWithNonce_ShouldWork
[0;36mDEBUG[0m[2026-03-16 10:14:11.695]   received shard header from network in block tracker [0;36mshard[0m = 0 [0;36mepoch[0m = 0 [0;36mround[0m = 0 [0;36mnonce[0m = 1 [0;36mhash[0m = 6861736832 
[0;36mDEBUG[0m[2026-03-16 10:14:11.695]   received shard header from network in block tracker [0;36mshard[0m = 0 [0;36mepoch[0m = 0 [0;36mround[0m = 0 [0;36mnonce[0m = 1 [0;36mhash[0m = 6861736831 
=== CONT  TestGetTrackedHeadersWithNonce_ShouldReturnNilWhenTrackedHeadersSliceForNonceIsEmpty
[0;36mDEBUG[0m[2026-03-16 10:14:11.695]   received shard header from network in block tracker [0;36mshard[0m = 0 [0;36mepoch[0m = 0 [0;36mround[0m = 0 [0;36mnonce[0m = 1 [0;36mhash[0m = 6861736831 
[0;36mDEBUG[0m[2026-03-16 10:14:11.695]   received shard header from network in block tracker [0;36mshard[0m = 0 [0;36mepoch[0m = 0 [0;36mround[0m = 0 [0;36mnonce[0m = 1 [0;36mhash[0m = 6861736832 
=== CONT  TestGetTrackedHeadersWithNonce_ShouldReturnNilWhenTrackedHeadersSliceForShardIsEmpty
=== CONT  TestAddHeaderFromPool_ShouldWork
[0;36mDEBUG[0m[2026-03-16 10:14:11.696]   received meta block from network in block tracker [0;36mshard[0m = 4294967295 [0;36mepoch[0m = 0 [0;36mround[0m = 0 [0;36mnonce[0m = 1 [0;36mhash[0m = 68617368 
=== CONT  TestSortHeadersFromNonce_ShouldWork
[0;36mDEBUG[0m[2026-03-16 10:14:11.696]   received shard header from network in block tracker [0;36mshard[0m = 0 [0;36mepoch[0m = 0 [0;36mround[0m = 0 [0;36mnonce[0m = 2 [0;36mhash[0m = 68617368 
[0;36mDEBUG[0m[2026-03-16 10:14:11.696]   received shard header from network in block tracker [0;36mshard[0m = 0 [0;36mepoch[0m = 0 [0;36mround[0m = 0 [0;36mnonce[0m = 1 [0;36mhash[0m = 68617368 
=== CONT  TestSortHeadersFromNonce_ShouldNotSortWhenTrackedHeadersSliceForShardIsEmpty
=== CONT  TestGetTrackedHeadersForAllShards_ShouldWork
[0;36mDEBUG[0m[2026-03-16 10:14:11.696]   received shard header from network in block tracker [0;36mshard[0m = 0 [0;36mepoch[0m = 0 [0;36mround[0m = 0 [0;36mnonce[0m = 1 [0;36mhash[0m = 68617368 
[0;36mDEBUG[0m[2026-03-16 10:14:11.696]   received shard header from network in block tracker [0;36mshard[0m = 1 [0;36mepoch[0m = 0 [0;36mround[0m = 0 [0;36mnonce[0m = 1 [0;36mhash[0m = 68617368 
=== CONT  TestGetTrackedHeaders_ShouldWork
[0;36mDEBUG[0m[2026-03-16 10:14:11.696]   received shard header from network in block tracker [0;36mshard[0m = 0 [0;36mepoch[0m = 0 [0;36mround[0m = 0 [0;36mnonce[0m = 2 [0;36mhash[0m = 68617368 
[0;36mDEBUG[0m[2026-03-16 10:14:11.696]   received shard header from network in block tracker [0;36mshard[0m = 0 [0;36mepoch[0m = 0 [0;36mround[0m = 0 [0;36mnonce[0m = 1 [0;36mhash[0m = 68617368 
=== CONT  TestGetSelfNotarizedHeader_ShouldWork
=== CONT  TestGetLastSelfNotarizedHeader_ShouldWork
=== CONT  TestGetLastCrossNotarizedHeadersForAllShards_ShouldWork
=== CONT  TestGetLastCrossNotarizedHeader_ShouldWork
=== CONT  TestGetCrossNotarizedHeader_ShouldWork
=== CONT  TestDisplayTrackedHeadersForShard_ShouldNotPanic
[0;36mDEBUG[0m[2026-03-16 10:14:11.696]   received shard header from network in block tracker [0;36mshard[0m = 0 [0;36mepoch[0m = 0 [0;36mround[0m = 0 [0;36mnonce[0m = 1 [0;36mhash[0m = 68617368 
[0;36mDEBUG[0m[2026-03-16 10:14:11.696]   test                                     [0;36mshard[0m = 0 [0;36mnb[0m = 1 
=== CONT  TestDisplayTrackedHeadersForShard_ShouldNotPanicWhenTheOnlyTrackedHeaderHasNonceZero
[0;36mDEBUG[0m[2026-03-16 10:14:11.697]   received shard header from network in block tracker [0;36mshard[0m = 0 [0;36mepoch[0m = 0 [0;36mround[0m = 0 [0;36mnonce[0m = 0 [0;36mhash[0m = 68617368 
=== CONT  TestDisplayTrackedHeadersForShard_ShouldNotPanicWhenTrackedHeadersSliceIsEmpty
=== CONT  TestDisplayTrackedHeaders_ShouldNotPanic
[0;36mDEBUG[0m[2026-03-16 10:14:11.697]   received shard header from network in block tracker [0;36mshard[0m = 0 [0;36mepoch[0m = 0 [0;36mround[0m = 0 [0;36mnonce[0m = 1 [0;36mhash[0m = 68617368 
[0;36mDEBUG[0m[2026-03-16 10:14:11.697]   received meta block from network in block tracker [0;36mshard[0m = 4294967295 [0;36mepoch[0m = 0 [0;36mround[0m = 0 [0;36mnonce[0m = 1 [0;36mhash[0m = 68617368 
[0;36mDEBUG[0m[2026-03-16 10:14:11.697]   tracked headers                          [0;36mshard[0m = 0 [0;36mnb[0m = 1 
[0;36mDEBUG[0m[2026-03-16 10:14:11.697]   self notarized headers                   [0;36mshard[0m = 0 [0;36mnb[0m = 2 
[0;36mDEBUG[0m[2026-03-16 10:14:11.697]   tracked headers                          [0;36mshard[0m = 4294967295 [0;36mnb[0m = 1 
[0;36mDEBUG[0m[2026-03-16 10:14:11.697]   cross notarized headers                  [0;36mshard[0m = 4294967295 [0;36mnb[0m = 2 
=== CONT  TestComputeLongestShardsChainsFromLastNotarized_ShouldWork
[0;36mDEBUG[0m[2026-03-16 10:14:11.697]   received shard header from network in block tracker [0;36mshard[0m = 0 [0;36mepoch[0m = 0 [0;36mround[0m = 1 [0;36mnonce[0m = 1 [0;36mhash[0m = 06364b39d67d1cab44a98b15977f477c3df59abfc0a3c685a276607d6949c485 
[0;36mDEBUG[0m[2026-03-16 10:14:11.697]   received shard header from network in block tracker [0;36mshard[0m = 0 [0;36mepoch[0m = 0 [0;36mround[0m = 2 [0;36mnonce[0m = 2 [0;36mhash[0m = ed272f2bcd6fd7234daeab120d90aa8ba52aea4e80d36d81b1a900cbe0222619 
[0;36mDEBUG[0m[2026-03-16 10:14:11.697]   received shard header from network in block tracker [0;36mshard[0m = 0 [0;36mepoch[0m = 0 [0;36mround[0m = 3 [0;36mnonce[0m = 3 [0;36mhash[0m = dadec5844e9f72b7b440284912e83f5ae4d0f481de0dc9d693bf85489d7fc5bb 
[0;36mDEBUG[0m[2026-03-16 10:14:11.697]   received shard header from network in block tracker [0;36mshard[0m = 1 [0;36mepoch[0m = 0 [0;36mround[0m = 1 [0;36mnonce[0m = 1 [0;36mhash[0m = f71f515677448bd0ecd25c9a435141b697be5a970061bea0f5503d011732efec 
[0;36mDEBUG[0m[2026-03-16 10:14:11.697]   received shard header from network in block tracker [0;36mshard[0m = 1 [0;36mepoch[0m = 0 [0;36mround[0m = 2 [0;36mnonce[0m = 2 [0;36mhash[0m = 118ab7a67d7776c9d17c7c73ddded178290a677253f4ebf11e6f471dc3148dfb 
=== CONT  TestComputeLongestShardsChainsFromLastNotarized_ShouldErrNotarizedHeadersSliceForShardIsNil
=== CONT  TestComputeLongestMetaChainFromLastNotarized_ShouldWork
=== CONT  TestGetNumRegisteredHandlers_ShouldWork
=== CONT  TestComputeLongestMetaChainFromLastNotarized_ShouldErrNotarizedHeadersSliceForShardIsNil
[0;36mDEBUG[0m[2026-03-16 10:14:11.697]   received meta block from network in block tracker [0;36mshard[0m = 4294967295 [0;36mepoch[0m = 0 [0;36mround[0m = 1 [0;36mnonce[0m = 1 [0;36mhash[0m = d6a1af89f7a0a8fcf790474f62f5af8e7ed974a69a70ed370dddeca6d2223bfa 
[0;36mDEBUG[0m[2026-03-16 10:14:11.697]   received meta block from network in block tracker [0;36mshard[0m = 4294967295 [0;36mepoch[0m = 0 [0;36mround[0m = 2 [0;36mnonce[0m = 2 [0;36mhash[0m = a96c2062b48b46c12a7d2d0f5bcf224f1841a83165a3c969ec1ca53b8c62a27b 
[0;36mDEBUG[0m[2026-03-16 10:14:11.697]   compute cross info from meta block       [0;36mepoch[0m = 0 [0;36mround[0m = 1 [0;36mnonce[0m = 1 
[0;36mDEBUG[0m[2026-03-16 10:14:11.697]   cross info                               [0;36mshard[0m = 0 [0;36mpending miniblocks[0m = 0 [0;36mlast meta nonce processed[0m = 0 [0;36mshard is stuck[0m = false [0;36mglobal chain stuck[0m = false 
[0;36mDEBUG[0m[2026-03-16 10:14:11.697]   cross info                               [0;36mshard[0m = 1 [0;36mpending miniblocks[0m = 0 [0;36mlast meta nonce processed[0m = 0 [0;36mshard is stuck[0m = false [0;36mglobal chain stuck[0m = false 
=== CONT  TestComputeLongestChain_ShouldWork
[0;36mDEBUG[0m[2026-03-16 10:14:11.694]   received shard header from network in block tracker [0;36mshard[0m = 0 [0;36mepoch[0m = 0 [0;36mround[0m = 286 [0;36mnonce[0m = 286 [0;36mhash[0m = 179641119f3660a940e4a8e93308aea8535c1505f6a409550c4ed925893e6c9a 
[0;36mDEBUG[0m[2026-03-16 10:14:11.697]   received shard header from network in block tracker [0;36mshard[0m = 0 [0;36mepoch[0m = 0 [0;36mround[0m = 287 [0;36mnonce[0m = 287 [0;36mhash[0m = 29272aefa60d29afec754c12d29b3e4f89feae6980acfddfff4562434a4ca7b6 
[0;36mDEBUG[0m[2026-03-16 10:14:11.697]   received shard header from network in block tracker [0;36mshard[0m = 0 [0;36mepoch[0m = 0 [0;36mround[0m = 288 [0;36mnonce[0m = 288 [0;36mhash[0m = dd43a0bd0b3e2e04c7f3ac2b164baa411c7430660371bd6696631571ab9c4f8e 
[0;36mDEBUG[0m[2026-03-16 10:14:11.697]   received shard header from network in block tracker [0;36mshard[0m = 0 [0;36mepoch[0m = 0 [0;36mround[0m = 289 [0;36mnonce[0m = 289 [0;36mhash[0m = 4cb807b9e84e4a2679612de424a76d600d6310f36c992a9d055c7b6ba7252878 
[0;36mDEBUG[0m[2026-03-16 10:14:11.697]   received shard header from network in block tracker [0;36mshard[0m = 0 [0;36mepoch[0m = 0 [0;36mround[0m = 1 [0;36mnonce[0m = 1 [0;36mhash[0m = 06364b39d67d1cab44a98b15977f477c3df59abfc0a3c685a276607d6949c485 
[0;36mDEBUG[0m[2026-03-16 10:14:11.697]   received shard header from network in block tracker [0;36mshard[0m = 0 [0;36mepoch[0m = 0 [0;36mround[0m = 290 [0;36mnonce[0m = 290 [0;36mhash[0m = a387cb3cefa4e60ba773a007e2a8ccae31e29e00ed4a1658c34d48b31cbbc4ae 
[0;36mDEBUG[0m[2026-03-16 10:14:11.697]   received shard header from network in block tracker [0;36mshard[0m = 0 [0;36mepoch[0m = 0 [0;36mround[0m = 2 [0;36mnonce[0m = 2 [0;36mhash[0m = ed272f2bcd6fd7234daeab120d90aa8ba52aea4e80d36d81b1a900cbe0222619 
[0;36mDEBUG[0m[2026-03-16 10:14:11.697]   received shard header from network in block tracker [0;36mshard[0m = 0 [0;36mepoch[0m = 0 [0;36mround[0m = 291 [0;36mnonce[0m = 291 [0;36mhash[0m = 4dd5191579073274afe6c7b4dc24d202dee3aa3d730e0f91f032d4ccd5703d50 
[0;36mDEBUG[0m[2026-03-16 10:14:11.697]   received shard header from network in block tracker [0;36mshard[0m = 0 [0;36mepoch[0m = 0 [0;36mround[0m = 3 [0;36mnonce[0m = 3 [0;36mhash[0m = dadec5844e9f72b7b440284912e83f5ae4d0f481de0dc9d693bf85489d7fc5bb 
[0;36mDEBUG[0m[2026-03-16 10:14:11.697]   received shard header from network in block tracker [0;36mshard[0m = 0 [0;36mepoch[0m = 0 [0;36mround[0m = 292 [0;36mnonce[0m = 292 [0;36mhash[0m = 79222c8b3cacbe721814074540931b193a26b092bde03f7d964d6de5857979a6 
[0;36mDEBUG[0m[2026-03-16 10:14:11.697]   received shard header from network in block tracker [0;36mshard[0m = 0 [0;36mepoch[0m = 0 [0;36mround[0m = 293 [0;36mnonce[0m = 293 [0;36mhash[0m = 857c6e30f21d9fead8759827bb6a03a113cd88354a767b2195fe77aea692caab 
[0;36mDEBUG[0m[2026-03-16 10:14:11.697]   received shard header from network in block tracker [0;36mshard[0m = 0 [0;36mepoch[0m = 0 [0;36mround[0m = 294 [0;36mnonce[0m = 294 [0;36mhash[0m = 146c4a901a62cd82b852f67c9c32aedfb6a84abc599367e5d2aa0bc60c3260c9 
[0;36mDEBUG[0m[2026-03-16 10:14:11.697]   received shard header from network in block tracker [0;36mshard[0m = 0 [0;36mepoch[0m = 0 [0;36mround[0m = 295 [0;36mnonce[0m = 295 [0;36mhash[0m = 1895f55836b9c3195cb3513893df6626313545f806b68430cdfe52f7f4c546f2 
[0;36mDEBUG[0m[2026-03-16 10:14:11.697]   received shard header from network in block tracker [0;36mshard[0m = 0 [0;36mepoch[0m = 0 [0;36mround[0m = 296 [0;36mnonce[0m = 296 [0;36mhash[0m = 3e023afb5448b39e0ff7713e68ef6024f2245500584810dadf70181976b25f65 
[0;36mDEBUG[0m[2026-03-16 10:14:11.697]   requestHeadersIfNeeded                   [0;36mshard[0m = 4294967295 [0;36mlast notarized nonce[0m = 0 [0;36mnumSortedReceivedHeaders[0m = 1 [0;36mnumLongestChainHeaders[0m = 0 [0;36mhighest nonce received[0m = 16 [0;36mhighest nonce in longest chain[0m = 0 
[0;36mDEBUG[0m[2026-03-16 10:14:11.697]   received shard header from network in block tracker [0;36mshard[0m = 0 [0;36mepoch[0m = 0 [0;36mround[0m = 297 [0;36mnonce[0m = 297 [0;36mhash[0m = 8bbcc1123f3ac42d217c2948c0115503e6c725e47c3df94426b3c773af951e96 
[0;36mDEBUG[0m[2026-03-16 10:14:11.697]   requestHeadersIfNeeded                   [0;36mshard[0m = 4294967295 [0;36mlast notarized nonce[0m = 0 [0;36mnumSortedReceivedHeaders[0m = 2 [0;36mnumLongestChainHeaders[0m = 0 [0;36mhighest nonce received[0m = 17 [0;36mhighest nonce in longest chain[0m = 0 
[0;36mDEBUG[0m[2026-03-16 10:14:11.697]   received shard header from network in block tracker [0;36mshard[0m = 0 [0;36mepoch[0m = 0 [0;36mround[0m = 298 [0;36mnonce[0m = 298 [0;36mhash[0m = 2bc11e910364a36d1c1777765a3790479e6c44c837ac4a71c5a04e4514b0cf2d 
[0;36mDEBUG[0m[2026-03-16 10:14:11.697]   requestHeadersIfNeeded                   [0;36mshard[0m = 4294967295 [0;36mlast notarized nonce[0m = 0 [0;36mnumSortedReceivedHeaders[0m = 1 [0;36mnumLongestChainHeaders[0m = 0 [0;36mhighest nonce received[0m = 16 [0;36mhighest nonce in longest chain[0m = 0 
[0;36mDEBUG[0m[2026-03-16 10:14:11.697]   received shard header from network in block tracker [0;36mshard[0m = 0 [0;36mepoch[0m = 0 [0;36mround[0m = 299 [0;36mnonce[0m = 299 [0;36mhash[0m = 72cf642b3645df208acbfb2910632c03feed05aa499b754655b12a03787bf455 
[0;36mDEBUG[0m[2026-03-16 10:14:11.697]   received shard header from network in block tracker [0;36mshard[0m = 0 [0;36mepoch[0m = 0 [0;36mround[0m = 300 [0;36mnonce[0m = 300 [0;36mhash[0m = 6598cdf66e110349083e84c5b2333f7ff0ab495d3deb2c4d56d4de205908df68 
[0;36mDEBUG[0m[2026-03-16 10:14:11.697]   received meta block from network in block tracker [0;36mshard[0m = 4294967295 [0;36mepoch[0m = 0 [0;36mround[0m = 3 [0;36mnonce[0m = 3 [0;36mhash[0m = 6a2dd0d3ff179554a748b57afbc371ea633bc00f335160dee88abf2a0d91fca3 
[0;36mDEBUG[0m[2026-03-16 10:14:11.697]   received shard header from network in block tracker [0;36mshard[0m = 0 [0;36mepoch[0m = 0 [0;36mround[0m = 301 [0;36mnonce[0m = 301 [0;36mhash[0m = f104180b0ffe97bb56ba2176090a5ba54e1ec21da693e1fc3e01980ffc11b577 
[0;36mDEBUG[0m[2026-03-16 10:14:11.697]   received shard header from network in block tracker [0;36mshard[0m = 0 [0;36mepoch[0m = 0 [0;36mround[0m = 302 [0;36mnonce[0m = 302 [0;36mhash[0m = 92259a11b00dc41294aa0765023f63711ca89f758a7fc749ac6d64dede75a693 
[0;36mDEBUG[0m[2026-03-16 10:14:11.697]   compute cross info from meta block       [0;36mepoch[0m = 0 [0;36mround[0m = 2 [0;36mnonce[0m = 2 
[0;36mDEBUG[0m[2026-03-16 10:14:11.697]   received shard header from network in block tracker [0;36mshard[0m = 0 [0;36mepoch[0m = 0 [0;36mround[0m = 303 [0;36mnonce[0m = 303 [0;36mhash[0m = 5ce13ee5587638f3a3b5ff300228cdefd3eb84cf1d9f3bfbf3f7cbc6d1934a24 
[0;36mDEBUG[0m[2026-03-16 10:14:11.697]   cross info                               [0;36mshard[0m = 0 [0;36mpending miniblocks[0m = 0 [0;36mlast meta nonce processed[0m = 0 [0;36mshard is stuck[0m = false [0;36mglobal chain stuck[0m = false 
[0;36mDEBUG[0m[2026-03-16 10:14:11.697]   received shard header from network in block tracker [0;36mshard[0m = 0 [0;36mepoch[0m = 0 [0;36mround[0m = 304 [0;36mnonce[0m = 304 [0;36mhash[0m = 00638b0e033c5f48237ab74db7f929ad1a8171311fb9863841e8d87df6fbdcba 
[0;36mDEBUG[0m[2026-03-16 10:14:11.697]   cross info                               [0;36mshard[0m = 1 [0;36mpending miniblocks[0m = 0 [0;36mlast meta nonce processed[0m = 0 [0;36mshard is stuck[0m = false [0;36mglobal chain stuck[0m = false 
[0;36mDEBUG[0m[2026-03-16 10:14:11.697]   received shard header from network in block tracker [0;36mshard[0m = 0 [0;36mepoch[0m = 0 [0;36mround[0m = 305 [0;36mnonce[0m = 305 [0;36mhash[0m = 3a60a6812dfe5986118b91d37a00ee313d1c3b762b5f3d12e4177e793fb9a1f2 
[0;36mDEBUG[0m[2026-03-16 10:14:11.698]   received shard header from network in block tracker [0;36mshard[0m = 0 [0;36mepoch[0m = 0 [0;36mround[0m = 306 [0;36mnonce[0m = 306 [0;36mhash[0m = cbba9a08fc67d454f4a73ec978a68643981fdddd7c2e49c213120f3ade7dda60 
[0;36mDEBUG[0m[2026-03-16 10:14:11.698]   received shard header from network in block tracker [0;36mshard[0m = 0 [0;36mepoch[0m = 0 [0;36mround[0m = 307 [0;36mnonce[0m = 307 [0;36mhash[0m = 1d78e2be3dee506caa16dfe0f3d0914e8d93093efe0c98758a576be7e5c40d3a 
[0;36mDEBUG[0m[2026-03-16 10:14:11.698]   received shard header from network in block tracker [0;36mshard[0m = 0 [0;36mepoch[0m = 0 [0;36mround[0m = 308 [0;36mnonce[0m = 308 [0;36mhash[0m = 17b6cbd96e71c6d64271266001e9c1ee2b479d0ead464d871d45e370bc6d248d 
[0;36mDEBUG[0m[2026-03-16 10:14:11.698]   received shard header from network in block tracker [0;36mshard[0m = 0 [0;36mepoch[0m = 0 [0;36mround[0m = 309 [0;36mnonce[0m = 309 [0;36mhash[0m = 0498f9357205b321e7bdc6439472b5eb233d1e8fe3baf48003b26586d12c8154 
=== CONT  TestCleanupTrackedHeadersBehindNonce_ShouldWork
=== CONT  TestCleanupInvalidCrossHeaders_RemovesInvalidInvalidHeaders
=== CONT  TestInitNotarizedHeaders_ShouldWork
=== CONT  TestInitNotarizedHeaders_ShouldErrNotarizedHeadersSliceIsNil
=== CONT  TestCheckTrackerNilParameters_ShouldErrNilStorage
--- PASS: TestNewBlockProcessor_ShouldErrSelfNotarizedFromCrossHeadersNotifier (0.00s)
=== CONT  TestCleanupTrackedHeadersBehindNonce_ShouldNotCleanupWhenNonceIsGreaterOrEqual
[0;36mDEBUG[0m[2026-03-16 10:14:11.700]   received shard header from network in block tracker [0;36mshard[0m = 0 [0;36mepoch[0m = 0 [0;36mround[0m = 0 [0;36mnonce[0m = 1 [0;36mhash[0m = 68617368 
=== CONT  TestCleanupTrackedHeadersBehindNonce_ShouldReturnWhenNonceIsZeroOrShardNotExist
[0;36mDEBUG[0m[2026-03-16 10:14:11.700]   received meta block from network in block tracker [0;36mshard[0m = 4294967295 [0;36mepoch[0m = 0 [0;36mround[0m = 0 [0;36mnonce[0m = 1 [0;36mhash[0m = 68617368 
[0;36mDEBUG[0m[2026-03-16 10:14:11.700]   received shard header from network in block tracker [0;36mshard[0m = 0 [0;36mepoch[0m = 0 [0;36mround[0m = 0 [0;36mnonce[0m = 1 [0;36mhash[0m = 68617368 
=== CONT  TestRegisterHandler_ShouldNotRegisterNilHandler
[0;33mWARN [0m[2026-03-16 10:14:11.700]   attempt to register a nil handler to a tracker object 
=== CONT  TestCallHandler_ShouldNotCallHandlersWhenHeadersSliceIsEmpty
=== CONT  TestRegisterHandler_ShouldWork
=== CONT  TestComputeCrossInfo_ShouldReturnZeroWhenHeadersSliceIsEmpty
[0;36mDEBUG[0m[2026-03-16 10:14:11.700]   received shard header from network in block tracker [0;36mshard[0m = 0 [0;36mepoch[0m = 0 [0;36mround[0m = 0 [0;36mnonce[0m = 1 [0;36mhash[0m = 68617368 
=== CONT  TestCleanupInvalidCrossHeaders_DoesntChangeAnythingIfNoInvalidHeaders
=== CONT  TestCleanupHeadersBehindNonce_ShouldCleanCrossNotarizedHeaders
[0;36mDEBUG[0m[2026-03-16 10:14:11.700]   received shard header from network in block tracker [0;36mshard[0m = 0 [0;36mepoch[0m = 0 [0;36mround[0m = 1 [0;36mnonce[0m = 1 [0;36mhash[0m = 06364b39d67d1cab44a98b15977f477c3df59abfc0a3c685a276607d6949c485 
[0;36mDEBUG[0m[2026-03-16 10:14:11.700]   received shard header from network in block tracker [0;36mshard[0m = 0 [0;36mepoch[0m = 0 [0;36mround[0m = 2 [0;36mnonce[0m = 2 [0;36mhash[0m = ed272f2bcd6fd7234daeab120d90aa8ba52aea4e80d36d81b1a900cbe0222619 
[0;36mDEBUG[0m[2026-03-16 10:14:11.700]   received shard header from network in block tracker [0;36mshard[0m = 0 [0;36mepoch[0m = 0 [0;36mround[0m = 3 [0;36mnonce[0m = 3 [0;36mhash[0m = dadec5844e9f72b7b440284912e83f5ae4d0f481de0dc9d693bf85489d7fc5bb 
[0;36mDEBUG[0m[2026-03-16 10:14:11.700]   received shard header from network in block tracker [0;36mshard[0m = 0 [0;36mepoch[0m = 0 [0;36mround[0m = 0 [0;36mnonce[0m = 1 [0;36mhash[0m = 68617368 
=== CONT  TestCleanupHeadersBehindNonce_ShouldCleanSelfNotarizedHeaders
[0;36mDEBUG[0m[2026-03-16 10:14:11.700]   received meta block from network in block tracker [0;36mshard[0m = 4294967295 [0;36mepoch[0m = 0 [0;36mround[0m = 0 [0;36mnonce[0m = 1 [0;36mhash[0m = 68617368 
=== CONT  TestAddTrackedHeader_ShouldWork
[0;36mDEBUG[0m[2026-03-16 10:14:11.700]   received shard header from network in block tracker [0;36mshard[0m = 0 [0;36mepoch[0m = 0 [0;36mround[0m = 0 [0;36mnonce[0m = 1 [0;36mhash[0m = 68617368 
[0;36mDEBUG[0m[2026-03-16 10:14:11.700]   received shard header from network in block tracker [0;36mshard[0m = 0 [0;36mepoch[0m = 0 [0;36mround[0m = 0 [0;36mnonce[0m = 1 [0;36mhash[0m = 68617368 
[0;36mDEBUG[0m[2026-03-16 10:14:11.700]   received meta block from network in block tracker [0;36mshard[0m = 4294967295 [0;36mepoch[0m = 0 [0;36mround[0m = 0 [0;36mnonce[0m = 1 [0;36mhash[0m = 68617368 
=== CONT  TestAddSelfNotarizedHeader_ShouldWork
=== CONT  TestAddCrossNotarizedHeader_ShouldWork
=== CONT  TestAddHeader_ShouldWork
=== CONT  TestAddHeader_ShouldNotAddIfItAlreadyExist
=== CONT  TestShouldAddHeaderForShard_ShouldReturnTrueWhenHeaderIsInRange
=== CONT  TestShouldAddHeaderForShard_ShouldReturnFalseWhenGetLastNotarizedHeaderErr
[0;36mDEBUG[0m[2026-03-16 10:14:11.700]   received shard header from network in block tracker [0;36mshard[0m = 0 [0;36mepoch[0m = 0 [0;36mround[0m = 0 [0;36mnonce[0m = 1 [0;36mhash[0m = 68617368 
=== CONT  TestShouldAddHeader_ShouldWork
[0;36mDEBUG[0m[2026-03-16 10:14:11.700]   shouldAddHeaderForShard.GetLastNotarizedHeader [0;36mshard[0m = 2 [0;36merror[0m = notarized headers slice for shard is nil 
=== CONT  TestReceivedMetaBlock_ShouldWork
--- PASS: TestNewBlockProcessor_ShouldErrCrossNotarizedHeadersNotifier (0.00s)
--- PASS: TestNewBlockProcessor_ShouldErrNilBlockTrackerHandler (0.00s)
--- PASS: TestNewBlockProcessor_ShouldErrNilHeaderValidator (0.00s)
--- PASS: TestCheckTrackerNilParameters_ShouldErrNilShardCoordinator (0.00s)
--- PASS: TestCallHandler_ShouldWork (0.00s)
--- PASS: TestCheckTrackerNilParameters_ShouldErrNilRoundHandler (0.00s)
--- PASS: TestCheckTrackerNilParameters_ShouldErrNilRequestHandler (0.00s)
--- PASS: TestCheckTrackerNilParameters_ShouldErrNilMarshalizer (0.00s)
--- PASS: TestCheckTrackerNilParameters_ShouldErrNilHeaderValidator (0.00s)
--- PASS: TestCheckTrackerNilParameters_ShouldErrNilHasher (0.00s)
--- PASS: TestRemoveLastNotarizedHeaders_ShouldWork (0.00s)
--- PASS: TestRegisterSelfNotarizedHeadersHandler_ShouldWork (0.00s)
--- PASS: TestRegisterSelfNotarizedFromCrossHeadersHandler_ShouldWork (0.00s)
--- PASS: TestRegisterCrossNotarizedHeadersHandler_ShouldWork (0.00s)
=== CONT  TestShouldAddHeaderForShard_ShouldReturnFalseWhenHeaderIsOutOfRange
--- PASS: TestIsShardStuck_ShouldWork (0.00s)
--- PASS: TestIsShardStuck_ShouldWorkOnLastShardProcessedMetaNonceDifferences (0.00s)
--- PASS: TestIsShardStuck_ShouldReturnFalseWhenLastShardProcessedMetaNonceIsZero (0.00s)
--- PASS: TestIsShardStuck_ShouldReturnTrueWhenMetaIsStuck (0.00s)
--- PASS: TestIsShardStuck_ShouldReturnFalseWhenMetaIsNotStuck (0.00s)
--- PASS: TestIsShardStuck_ShouldReturnFalseWhenSelfShardIsMetachain (0.00s)
--- PASS: TestGetTrackedHeadersWithNonce_ShouldWork (0.00s)
--- PASS: TestGetTrackedHeadersWithNonce_ShouldReturnNilWhenTrackedHeadersSliceForNonceIsEmpty (0.00s)
--- PASS: TestGetTrackedHeadersWithNonce_ShouldReturnNilWhenTrackedHeadersSliceForShardIsEmpty (0.00s)
--- PASS: TestAddHeaderFromPool_ShouldWork (0.00s)
--- PASS: TestSortHeadersFromNonce_ShouldWork (0.00s)
--- PASS: TestSortHeadersFromNonce_ShouldNotSortWhenTrackedHeadersSliceForShardIsEmpty (0.00s)
--- PASS: TestGetTrackedHeadersForAllShards_ShouldWork (0.00s)
--- PASS: TestGetTrackedHeaders_ShouldWork (0.00s)
--- PASS: TestGetSelfNotarizedHeader_ShouldWork (0.00s)
--- PASS: TestGetLastSelfNotarizedHeader_ShouldWork (0.00s)
--- PASS: TestGetLastCrossNotarizedHeadersForAllShards_ShouldWork (0.00s)
--- PASS: TestGetLastCrossNotarizedHeader_ShouldWork (0.00s)
--- PASS: TestGetCrossNotarizedHeader_ShouldWork (0.00s)
--- PASS: TestDisplayTrackedHeadersForShard_ShouldNotPanic (0.00s)
--- PASS: TestDisplayTrackedHeadersForShard_ShouldNotPanicWhenTheOnlyTrackedHeaderHasNonceZero (0.00s)
--- PASS: TestDisplayTrackedHeadersForShard_ShouldNotPanicWhenTrackedHeadersSliceIsEmpty (0.00s)
--- PASS: TestDisplayTrackedHeaders_ShouldNotPanic (0.00s)
--- PASS: TestComputeLongestShardsChainsFromLastNotarized_ShouldWork (0.00s)
--- PASS: TestComputeLongestShardsChainsFromLastNotarized_ShouldErrNotarizedHeadersSliceForShardIsNil (0.00s)
--- PASS: TestGetNumRegisteredHandlers_ShouldWork (0.00s)
--- PASS: TestComputeLongestMetaChainFromLastNotarized_ShouldErrNotarizedHeadersSliceForShardIsNil (0.00s)
--- PASS: TestComputeLongestChain_ShouldWork (0.00s)
--- PASS: TestComputeLongestMetaChainFromLastNotarized_ShouldWork (0.00s)
--- PASS: TestCleanupTrackedHeadersBehindNonce_ShouldNotCleanupWhenNonceIsGreaterOrEqual (0.00s)
--- PASS: TestRestoreToGenesis_ShouldWork (0.01s)
--- PASS: TestRegisterHandler_ShouldNotRegisterNilHandler (0.00s)
--- PASS: TestCallHandler_ShouldNotCallHandlersWhenHeadersSliceIsEmpty (0.00s)
--- PASS: TestRegisterHandler_ShouldWork (0.00s)
--- PASS: TestCleanupTrackedHeadersBehindNonce_ShouldReturnWhenNonceIsZeroOrShardNotExist (0.00s)
--- PASS: TestComputeCrossInfo_ShouldReturnZeroWhenHeadersSliceIsEmpty (0.00s)
--- PASS: TestCleanupInvalidCrossHeaders_DoesntChangeAnythingIfNoInvalidHeaders (0.00s)
--- PASS: TestCleanupHeadersBehindNonce_ShouldCleanCrossNotarizedHeaders (0.00s)
--- PASS: TestAddTrackedHeader_ShouldWork (0.00s)
--- PASS: TestCleanupHeadersBehindNonce_ShouldCleanSelfNotarizedHeaders (0.00s)
--- PASS: TestAddSelfNotarizedHeader_ShouldWork (0.00s)
--- PASS: TestAddCrossNotarizedHeader_ShouldWork (0.00s)
--- PASS: TestAddHeader_ShouldWork (0.00s)
--- PASS: TestAddHeader_ShouldNotAddIfItAlreadyExist (0.00s)
--- PASS: TestShouldAddHeaderForShard_ShouldReturnTrueWhenHeaderIsInRange (0.00s)
--- PASS: TestCleanupTrackedHeadersBehindNonce_ShouldWork (0.00s)
--- PASS: TestShouldAddHeaderForShard_ShouldReturnFalseWhenGetLastNotarizedHeaderErr (0.00s)
--- PASS: TestShouldAddHeader_ShouldWork (0.00s)
--- PASS: TestShouldAddHeaderForShard_ShouldReturnFalseWhenHeaderIsOutOfRange (0.00s)
[0;36mDEBUG[0m[2026-03-16 10:14:11.698]   received shard header from network in block tracker [0;36mshard[0m = 0 [0;36mepoch[0m = 0 [0;36mround[0m = 310 [0;36mnonce[0m = 310 [0;36mhash[0m = 53ad99fefcf523090d89f7bb2d3bd77b16b16ce4b6e0d50266dc3dba2f7ccee6 
=== CONT  TestReceivedMetaBlock_ShouldNotAddWhenMetaBlockIsOutOfRange
=== CONT  TestReceivedMetaBlock_ShouldReturnWhenErrWrongTypeAssertion
[0;36mDEBUG[0m[2026-03-16 10:14:11.701]   received shard header from network in block tracker [0;36mshard[0m = 0 [0;36mepoch[0m = 0 [0;36mround[0m = 311 [0;36mnonce[0m = 311 [0;36mhash[0m = 5060cb68bdfe8bc67d5e72888264c2a84e3fbdc9c4682d5aae6168d1612f5cbd 
[0;36mDEBUG[0m[2026-03-16 10:14:11.701]   received shard header from network in block tracker [0;36mshard[0m = 0 [0;36mepoch[0m = 0 [0;36mround[0m = 312 [0;36mnonce[0m = 312 [0;36mhash[0m = d055b92d401a67f4b9587886214447c98f0fc3e13fabd1fa7065eb142fd27dbb 
[0;36mDEBUG[0m[2026-03-16 10:14:11.701]   received shard header from network in block tracker [0;36mshard[0m = 0 [0;36mepoch[0m = 0 [0;36mround[0m = 313 [0;36mnonce[0m = 313 [0;36mhash[0m = 1ffd8273c378075c1fbfed5c93d1499ad3aad24a34b7d4253072912efca20067 
[0;36mDEBUG[0m[2026-03-16 10:14:11.701]   received shard header from network in block tracker [0;36mshard[0m = 0 [0;36mepoch[0m = 0 [0;36mround[0m = 314 [0;36mnonce[0m = 314 [0;36mhash[0m = 26fbb10dd200b19fe1d7df7847a7e225e09127f1f88e1876b3d0c84091305015 
[0;36mDEBUG[0m[2026-03-16 10:14:11.701]   received shard header from network in block tracker [0;36mshard[0m = 0 [0;36mepoch[0m = 0 [0;36mround[0m = 315 [0;36mnonce[0m = 315 [0;36mhash[0m = 8a529d3ea6ab7f96019a1bd27fe74805828c12eb074425d85b74de3b794a5a8e 
[0;36mDEBUG[0m[2026-03-16 10:14:11.701]   received shard header from network in block tracker [0;36mshard[0m = 0 [0;36mepoch[0m = 0 [0;36mround[0m = 316 [0;36mnonce[0m = 316 [0;36mhash[0m = a9f16ddb80908ed55302e9f15a5ef3864754ea7237d5ef6a16a41ef494808fa7 
[0;36mDEBUG[0m[2026-03-16 10:14:11.701]   received shard header from network in block tracker [0;36mshard[0m = 0 [0;36mepoch[0m = 0 [0;36mround[0m = 317 [0;36mnonce[0m = 317 [0;36mhash[0m = 34101fccc80f980b5917fff70e6ef13307b2bbf28d3e30594319a431dbcd0d57 
[0;36mDEBUG[0m[2026-03-16 10:14:11.701]   received shard header from network in block tracker [0;36mshard[0m = 0 [0;36mepoch[0m = 0 [0;36mround[0m = 318 [0;36mnonce[0m = 318 [0;36mhash[0m = cd8fb8d0498ec8f2a17c2692fbbaaa092ce2142efd9d29324d6e425457080a87 
[0;36mDEBUG[0m[2026-03-16 10:14:11.701]   received shard header from network in block tracker [0;36mshard[0m = 0 [0;36mepoch[0m = 0 [0;36mround[0m = 319 [0;36mnonce[0m = 319 [0;36mhash[0m = bee0660e4cc4d22baf2b0c28dd2a73d22ccda5ffb9152cf5d1a147ab1d0936b0 
[0;36mDEBUG[0m[2026-03-16 10:14:11.701]   received shard header from network in block tracker [0;36mshard[0m = 0 [0;36mepoch[0m = 0 [0;36mround[0m = 320 [0;36mnonce[0m = 320 [0;36mhash[0m = 07fc4bdecf527027f237a92ba80be665f81aa52237f5f22835024e070dea42c9 
[0;36mDEBUG[0m[2026-03-16 10:14:11.701]   received shard header from network in block tracker [0;36mshard[0m = 0 [0;36mepoch[0m = 0 [0;36mround[0m = 321 [0;36mnonce[0m = 321 [0;36mhash[0m = 4a58b75d847532b430cb63de79d6c0a72b88d4f0d10ed8c9d7b96f0fbbe66f36 
[0;36mDEBUG[0m[2026-03-16 10:14:11.701]   received shard header from network in block tracker [0;36mshard[0m = 0 [0;36mepoch[0m = 0 [0;36mround[0m = 322 [0;36mnonce[0m = 322 [0;36mhash[0m = 6033870e20babb7025520052e93694c575d9cb314ef4abd3ed20ab4d05b382b1 
[0;36mDEBUG[0m[2026-03-16 10:14:11.701]   received shard header from network in block tracker [0;36mshard[0m = 0 [0;36mepoch[0m = 0 [0;36mround[0m = 323 [0;36mnonce[0m = 323 [0;36mhash[0m = 653c5178e5de62500500ff92ee0fca9aa8dc60f32f63ded59e14d52a0e191087 
[0;36mDEBUG[0m[2026-03-16 10:14:11.701]   received shard header from network in block tracker [0;36mshard[0m = 0 [0;36mepoch[0m = 0 [0;36mround[0m = 324 [0;36mnonce[0m = 324 [0;36mhash[0m = 81d51ff91abecf13aad2bf15db28ffb3a64adad18ee3ac0c85ae4c942adb446e 
[0;36mDEBUG[0m[2026-03-16 10:14:11.701]   received shard header from network in block tracker [0;36mshard[0m = 0 [0;36mepoch[0m = 0 [0;36mround[0m = 325 [0;36mnonce[0m = 325 [0;36mhash[0m = f181ff7d01437c2d0e077d1c35a56dd7fab193f062eae0a25afef55df28110de 
[0;36mDEBUG[0m[2026-03-16 10:14:11.701]   received shard header from network in block tracker [0;36mshard[0m = 0 [0;36mepoch[0m = 0 [0;36mround[0m = 326 [0;36mnonce[0m = 326 [0;36mhash[0m = 930579e00c04868023be441adf965dbfd33ef280a3cc7b08e29fb6671dfb18f5 
[0;36mDEBUG[0m[2026-03-16 10:14:11.701]   received shard header from network in block tracker [0;36mshard[0m = 0 [0;36mepoch[0m = 0 [0;36mround[0m = 327 [0;36mnonce[0m = 327 [0;36mhash[0m = bcd5008b0a97f135349106e8dabedc84b39550ef3645fe6ef81e158f7dba4e63 
[0;36mDEBUG[0m[2026-03-16 10:14:11.701]   received shard header from network in block tracker [0;36mshard[0m = 0 [0;36mepoch[0m = 0 [0;36mround[0m = 328 [0;36mnonce[0m = 328 [0;36mhash[0m = 35e0cc0503fc0ed61404c750dbbe23481d047bf53ac69a183afef633cd1b0a6b 
[0;36mDEBUG[0m[2026-03-16 10:14:11.701]   received shard header from network in block tracker [0;36mshard[0m = 0 [0;36mepoch[0m = 0 [0;36mround[0m = 329 [0;36mnonce[0m = 329 [0;36mhash[0m = b00de75fc3c4aa85b507bc38d86186d039ec6e565198e80a7a38b4699e4be30f 
[0;36mDEBUG[0m[2026-03-16 10:14:11.701]   received shard header from network in block tracker [0;36mshard[0m = 0 [0;36mepoch[0m = 0 [0;36mround[0m = 330 [0;36mnonce[0m = 330 [0;36mhash[0m = b4a3faf7a149eb703beffbbfbacdf94a8fa00ef21fe47fba2dd298da09d625ee 
[0;36mDEBUG[0m[2026-03-16 10:14:11.701]   received shard header from network in block tracker [0;36mshard[0m = 0 [0;36mepoch[0m = 0 [0;36mround[0m = 331 [0;36mnonce[0m = 331 [0;36mhash[0m = e653886cc303b43638fdb6eec109a3b4893d7dcc9858585da1cb0c3ef21bcfca 
[0;36mDEBUG[0m[2026-03-16 10:14:11.701]   received shard header from network in block tracker [0;36mshard[0m = 0 [0;36mepoch[0m = 0 [0;36mround[0m = 332 [0;36mnonce[0m = 332 [0;36mhash[0m = 99db19deefc67a21813cdc9670a78d632f19e3bcb40e17dfa6b53fcfae3aa14b 
[0;36mDEBUG[0m[2026-03-16 10:14:11.701]   received shard header from network in block tracker [0;36mshard[0m = 0 [0;36mepoch[0m = 0 [0;36mround[0m = 333 [0;36mnonce[0m = 333 [0;36mhash[0m = c57c97ccfb3a8abc8cd12c12a9af088bc2290af0ecd575d2d18c06ec85d1e2a2 
[0;36mDEBUG[0m[2026-03-16 10:14:11.701]   received shard header from network in block tracker [0;36mshard[0m = 0 [0;36mepoch[0m = 0 [0;36mround[0m = 334 [0;36mnonce[0m = 334 [0;36mhash[0m = 54d9785ebd4012c1d3b62c05fd6858c73d4505e2c1ef0e33a500028f7ffa1323 
[0;36mDEBUG[0m[2026-03-16 10:14:11.701]   received shard header from network in block tracker [0;36mshard[0m = 0 [0;36mepoch[0m = 0 [0;36mround[0m = 335 [0;36mnonce[0m = 335 [0;36mhash[0m = bdaf8e9739e91e1a62986e13f1afc178ee4ff2a8625f07a61f4ce9d5b74b26d0 
[0;36mDEBUG[0m[2026-03-16 10:14:11.701]   received shard header from network in block tracker [0;36mshard[0m = 0 [0;36mepoch[0m = 0 [0;36mround[0m = 336 [0;36mnonce[0m = 336 [0;36mhash[0m = 888ac036f7e86e428ca8747f2b1c9ac10a042bc9e72641816b8e2be0cd73e0eb 
[0;36mDEBUG[0m[2026-03-16 10:14:11.701]   received shard header from network in block tracker [0;36mshard[0m = 0 [0;36mepoch[0m = 0 [0;36mround[0m = 337 [0;36mnonce[0m = 337 [0;36mhash[0m = 5234ecdb6a4f4a5f50a4a906e3defacbaf78a18576cf89cc26122dc995d20419 
[0;36mDEBUG[0m[2026-03-16 10:14:11.704]   received meta block from network in block tracker [0;36mshard[0m = 4294967295 [0;36mepoch[0m = 0 [0;36mround[0m = 0 [0;36mnonce[0m = 1201 [0;36mhash[0m = 68617368 
--- PASS: TestReceivedMetaBlock_ShouldNotAddWhenMetaBlockIsOutOfRange (0.00s)
[0;36mDEBUG[0m[2026-03-16 10:14:11.705]   received shard header from network in block tracker [0;36mshard[0m = 0 [0;36mepoch[0m = 0 [0;36mround[0m = 1 [0;36mnonce[0m = 1 [0;36mhash[0m = 06364b39d67d1cab44a98b15977f477c3df59abfc0a3c685a276607d6949c485 
[0;36mDEBUG[0m[2026-03-16 10:14:11.705]   received shard header from network in block tracker [0;36mshard[0m = 0 [0;36mepoch[0m = 0 [0;36mround[0m = 4 [0;36mnonce[0m = 2 [0;36mhash[0m = 73fc08e7cefa1ed9a1a33f794759f00094bed987f5bab1e37175b5242e6f7ced 
--- PASS: TestInitNotarizedHeaders_ShouldWork (0.00s)
--- PASS: TestInitNotarizedHeaders_ShouldErrNotarizedHeadersSliceIsNil (0.00s)
[0;36mDEBUG[0m[2026-03-16 10:14:11.705]   received shard header from network in block tracker [0;36mshard[0m = 0 [0;36mepoch[0m = 0 [0;36mround[0m = 6 [0;36mnonce[0m = 3 [0;36mhash[0m = 73965fdc69e5276d03c8cfad8ee0a9c0c1d2d35ed88ce63aad1f026e5408a930 
--- PASS: TestCheckTrackerNilParameters_ShouldErrNilStorage (0.00s)
=== CONT  TestReceivedHeader_ShouldAddShardHeaderToTrackedHeaders
--- PASS: TestCleanupInvalidCrossHeaders_RemovesInvalidInvalidHeaders (0.00s)
=== CONT  TestReceivedHeader_ShouldAddMetaBlockToTrackedHeaders
[0;36mDEBUG[0m[2026-03-16 10:14:11.705]   received shard header from network in block tracker [0;36mshard[0m = 0 [0;36mepoch[0m = 0 [0;36mround[0m = 0 [0;36mnonce[0m = 1 [0;36mhash[0m = 68617368 
[0;36mDEBUG[0m[2026-03-16 10:14:11.705]   received meta block from network in block tracker [0;36mshard[0m = 4294967295 [0;36mepoch[0m = 0 [0;36mround[0m = 0 [0;36mnonce[0m = 1 [0;36mhash[0m = 68617368 
--- PASS: TestReceivedHeader_ShouldAddShardHeaderToTrackedHeaders (0.00s)
=== CONT  TestComputeCrossInfo_ShouldWork
--- PASS: TestReceivedMetaBlock_ShouldWork (0.00s)
[0;36mDEBUG[0m[2026-03-16 10:14:11.705]   received meta block from network in block tracker [0;36mshard[0m = 4294967295 [0;36mepoch[0m = 0 [0;36mround[0m = 0 [0;36mnonce[0m = 1 [0;36mhash[0m = 68617368 
=== CONT  TestComputeCrossInfo_ShouldReturnZeroWhenErrWrongTypeAssertion
[0;36mDEBUG[0m[2026-03-16 10:14:11.705]   compute cross info from meta block       [0;36mepoch[0m = 0 [0;36mround[0m = 0 [0;36mnonce[0m = 0 
[0;36mDEBUG[0m[2026-03-16 10:14:11.705]   cross info                               [0;36mshard[0m = 0 [0;36mpending miniblocks[0m = 2 [0;36mlast meta nonce processed[0m = 0 [0;36mshard is stuck[0m = false [0;36mglobal chain stuck[0m = false 
[0;36mDEBUG[0m[2026-03-16 10:14:11.705]   cross info                               [0;36mshard[0m = 1 [0;36mpending miniblocks[0m = 0 [0;36mlast meta nonce processed[0m = 0 [0;36mshard is stuck[0m = false [0;36mglobal chain stuck[0m = false 
=== CONT  TestMetaComputeLongestSelfChain_ShouldWork
[0;36mDEBUG[0m[2026-03-16 10:14:11.705]   ComputeCrossInfo                         [0;36merror[0m = wrong type assertion 
=== CONT  TestMetaComputeLongestSelfChain_ShouldReturnEmptySliceWhenComputeLongestChainReturnNil
[0;33mWARN [0m[2026-03-16 10:14:11.705]   cannot convert data.HeaderHandler in *block.Metablock 
=== CONT  TestMetaComputeLongestSelfChain_ShouldReturnNilWhenErrGetLastNotarizedHeader
[0;36mDEBUG[0m[2026-03-16 10:14:11.705]   received meta block from network in block tracker [0;36mshard[0m = 4294967295 [0;36mepoch[0m = 0 [0;36mround[0m = 1 [0;36mnonce[0m = 1 [0;36mhash[0m = d6a1af89f7a0a8fcf790474f62f5af8e7ed974a69a70ed370dddeca6d2223bfa 
[0;36mDEBUG[0m[2026-03-16 10:14:11.705]   received meta block from network in block tracker [0;36mshard[0m = 4294967295 [0;36mepoch[0m = 0 [0;36mround[0m = 2 [0;36mnonce[0m = 2 [0;36mhash[0m = a96c2062b48b46c12a7d2d0f5bcf224f1841a83165a3c969ec1ca53b8c62a27b 
=== CONT  TestShardComputeLongestSelfChain_ShouldWork
--- PASS: TestReceivedHeader_ShouldAddMetaBlockToTrackedHeaders (0.00s)
--- PASS: TestComputeCrossInfo_ShouldWork (0.00s)
--- PASS: TestComputeCrossInfo_ShouldReturnZeroWhenErrWrongTypeAssertion (0.00s)
[0;36mDEBUG[0m[2026-03-16 10:14:11.705]   received shard header from network in block tracker [0;36mshard[0m = 0 [0;36mepoch[0m = 0 [0;36mround[0m = 338 [0;36mnonce[0m = 338 [0;36mhash[0m = 5d91f6b8c5dbdd1b7078856ec9fe16aedbc2be1bbe777ee53d58cb5ce45bbbe3 
[0;36mDEBUG[0m[2026-03-16 10:14:11.705]   received shard header from network in block tracker [0;36mshard[0m = 0 [0;36mepoch[0m = 0 [0;36mround[0m = 339 [0;36mnonce[0m = 339 [0;36mhash[0m = c78615e198a086c7d119aece2b2a956e85a61c5cd6e206716c45af5b7ae25c61 
[0;36mDEBUG[0m[2026-03-16 10:14:11.705]   received shard header from network in block tracker [0;36mshard[0m = 0 [0;36mepoch[0m = 0 [0;36mround[0m = 340 [0;36mnonce[0m = 340 [0;36mhash[0m = 8bd67eb9d81e5b2373ffa8ebcbcf4d670d4f9fbc7152deb7e41932c78f4069a7 
[0;36mDEBUG[0m[2026-03-16 10:14:11.705]   received shard header from network in block tracker [0;36mshard[0m = 0 [0;36mepoch[0m = 0 [0;36mround[0m = 1 [0;36mnonce[0m = 1 [0;36mhash[0m = 06364b39d67d1cab44a98b15977f477c3df59abfc0a3c685a276607d6949c485 
[0;36mDEBUG[0m[2026-03-16 10:14:11.705]   received meta block from network in block tracker [0;36mshard[0m = 4294967295 [0;36mepoch[0m = 0 [0;36mround[0m = 3 [0;36mnonce[0m = 3 [0;36mhash[0m = 6a2dd0d3ff179554a748b57afbc371ea633bc00f335160dee88abf2a0d91fca3 
[0;36mDEBUG[0m[2026-03-16 10:14:11.705]   received shard header from network in block tracker [0;36mshard[0m = 0 [0;36mepoch[0m = 0 [0;36mround[0m = 2 [0;36mnonce[0m = 2 [0;36mhash[0m = ed272f2bcd6fd7234daeab120d90aa8ba52aea4e80d36d81b1a900cbe0222619 
[0;33mWARN [0m[2026-03-16 10:14:11.705]   ComputeLongestSelfChain.GetLastNotarizedHeader [0;33merror[0m = notarized headers slice for shard is nil 
[0;36mDEBUG[0m[2026-03-16 10:14:11.705]   received shard header from network in block tracker [0;36mshard[0m = 0 [0;36mepoch[0m = 0 [0;36mround[0m = 341 [0;36mnonce[0m = 341 [0;36mhash[0m = 70ce82c8c60f827e51dbec15a6b762f11f09edd04c0f39bcaa1fdcc9d00a77d5 
[0;36mDEBUG[0m[2026-03-16 10:14:11.705]   received shard header from network in block tracker [0;36mshard[0m = 0 [0;36mepoch[0m = 0 [0;36mround[0m = 342 [0;36mnonce[0m = 342 [0;36mhash[0m = 3a0d10522334f8332dd45a44ba31695929ccf76bc12ecf452b0f9e6fb070d1a4 
[0;36mDEBUG[0m[2026-03-16 10:14:11.705]   received shard header from network in block tracker [0;36mshard[0m = 0 [0;36mepoch[0m = 0 [0;36mround[0m = 343 [0;36mnonce[0m = 343 [0;36mhash[0m = 423cee3bbe49275493f66f2790ad4a8a6645e830b30532fac56024fd9babc1f6 
--- PASS: TestReceivedMetaBlock_ShouldReturnWhenErrWrongTypeAssertion (0.00s)
--- PASS: TestMetaComputeLongestSelfChain_ShouldReturnEmptySliceWhenComputeLongestChainReturnNil (0.00s)
--- PASS: TestMetaComputeLongestSelfChain_ShouldWork (0.00s)
--- PASS: TestMetaComputeLongestSelfChain_ShouldReturnNilWhenErrGetLastNotarizedHeader (0.00s)
[0;36mDEBUG[0m[2026-03-16 10:14:11.705]   received shard header from network in block tracker [0;36mshard[0m = 0 [0;36mepoch[0m = 0 [0;36mround[0m = 344 [0;36mnonce[0m = 344 [0;36mhash[0m = f9a34455719b44ba280612786bbe29774ee9ed9765e8b4b99d246acd496efdc8 
=== CONT  TestReceivedShardHeader_ShouldWork
[0;36mDEBUG[0m[2026-03-16 10:14:11.705]   received shard header from network in block tracker [0;36mshard[0m = 0 [0;36mepoch[0m = 0 [0;36mround[0m = 345 [0;36mnonce[0m = 345 [0;36mhash[0m = 02726a81fa8d4059cc105759d22d6116a566ebb14f1f75d29dfbdd18644f06aa 
[0;36mDEBUG[0m[2026-03-16 10:14:11.705]   received shard header from network in block tracker [0;36mshard[0m = 0 [0;36mepoch[0m = 0 [0;36mround[0m = 346 [0;36mnonce[0m = 346 [0;36mhash[0m = d463fbe8ac9d27102644ed8203d441085c910128d57d6575307e4d6d6fe58350 
[0;36mDEBUG[0m[2026-03-16 10:14:11.705]   received shard header from network in block tracker [0;36mshard[0m = 0 [0;36mepoch[0m = 0 [0;36mround[0m = 347 [0;36mnonce[0m = 347 [0;36mhash[0m = d403a63e022b7c3f915a67e65264d466614e03de3c84b5954b63b287584deb26 
=== CONT  TestReceivedShardHeader_ShouldReturnWhenErrWrongTypeAssertion
[0;36mDEBUG[0m[2026-03-16 10:14:11.705]   received shard header from network in block tracker [0;36mshard[0m = 0 [0;36mepoch[0m = 0 [0;36mround[0m = 348 [0;36mnonce[0m = 348 [0;36mhash[0m = 305523cdd784436b4e96902b6f89063320d7bf6f353434f7d682db53c8a2b7c0 
[0;36mDEBUG[0m[2026-03-16 10:14:11.705]   received shard header from network in block tracker [0;36mshard[0m = 0 [0;36mepoch[0m = 0 [0;36mround[0m = 349 [0;36mnonce[0m = 349 [0;36mhash[0m = 280da728331114bd528c6e883ea5af55fd3d73ea3dab726a5ab4d1de07c170ab 
[0;36mDEBUG[0m[2026-03-16 10:14:11.705]   received shard header from network in block tracker [0;36mshard[0m = 0 [0;36mepoch[0m = 0 [0;36mround[0m = 0 [0;36mnonce[0m = 1 [0;36mhash[0m = 68617368 
[0;36mDEBUG[0m[2026-03-16 10:14:11.705]   received shard header from network in block tracker [0;36mshard[0m = 0 [0;36mepoch[0m = 0 [0;36mround[0m = 350 [0;36mnonce[0m = 350 [0;36mhash[0m = c9b79844fc1d0d9b3da03987e5b0f9eda597e56b24dae38e3b31d3204b25edab 
--- PASS: TestReceivedShardHeader_ShouldWork (0.00s)
[0;36mDEBUG[0m[2026-03-16 10:14:11.705]   received shard header from network in block tracker [0;36mshard[0m = 0 [0;36mepoch[0m = 0 [0;36mround[0m = 351 [0;36mnonce[0m = 351 [0;36mhash[0m = c32db132dd28efe0c720ae5b67a9d030b24b4a895ef120b50d88aee6fbfdd8c2 
=== CONT  TestMetaGetSelfHeaders_ShouldWork
[0;36mDEBUG[0m[2026-03-16 10:14:11.705]   received shard header from network in block tracker [0;36mshard[0m = 0 [0;36mepoch[0m = 0 [0;36mround[0m = 352 [0;36mnonce[0m = 352 [0;36mhash[0m = 807a7ec93ca523e707de8ab8ed197c83b6b96eb79a70b3a1fd7d3d69b0d86123 
[0;36mDEBUG[0m[2026-03-16 10:14:11.705]   received shard header from network in block tracker [0;36mshard[0m = 0 [0;36mepoch[0m = 0 [0;36mround[0m = 353 [0;36mnonce[0m = 353 [0;36mhash[0m = 498a40b890b9a8a4c15e36a20a9a8d2ee9ba91480ff2b391f0effc7999bb0d20 
[0;36mDEBUG[0m[2026-03-16 10:14:11.705]   received shard header from network in block tracker [0;36mshard[0m = 0 [0;36mepoch[0m = 0 [0;36mround[0m = 354 [0;36mnonce[0m = 354 [0;36mhash[0m = 1e97b0ed586f39e4933f1df9e1569110f45b3751b50dd41bfd04102257c177c2 
[0;33mWARN [0m[2026-03-16 10:14:11.705]   cannot convert data.HeaderHandler in data.ShardHeaderHandler 
--- PASS: TestReceivedShardHeader_ShouldReturnWhenErrWrongTypeAssertion (0.00s)
=== CONT  TestMetaGetSelfHeaders_ShouldReturnEmptySliceWhenErrGetMetaHeader
--- PASS: TestMetaGetSelfHeaders_ShouldWork (0.00s)
=== CONT  TestShardGetSelfHeaders_ShouldWork
[0;36mDEBUG[0m[2026-03-16 10:14:11.705]   received shard header from network in block tracker [0;36mshard[0m = 0 [0;36mepoch[0m = 0 [0;36mround[0m = 355 [0;36mnonce[0m = 355 [0;36mhash[0m = a60c85214adbbfbb6d426557f40681b4063caade759073d8d419041e0b311a5d 
[0;36mDEBUG[0m[2026-03-16 10:14:11.705]   received shard header from network in block tracker [0;36mshard[0m = 0 [0;36mepoch[0m = 0 [0;36mround[0m = 356 [0;36mnonce[0m = 356 [0;36mhash[0m = 214553bf1bd5f0af7f904837360c168d630aba6d159b935c77403faf6674246f 
[0;36mDEBUG[0m[2026-03-16 10:14:11.705]   received shard header from network in block tracker [0;36mshard[0m = 0 [0;36mepoch[0m = 0 [0;36mround[0m = 357 [0;36mnonce[0m = 357 [0;36mhash[0m = ddc627507784e06dd4482c0073d6c3c7f6ab1269b390f211ee337d7751635f0c 
[0;36mDEBUG[0m[2026-03-16 10:14:11.705]   received shard header from network in block tracker [0;36mshard[0m = 0 [0;36mepoch[0m = 0 [0;36mround[0m = 358 [0;36mnonce[0m = 358 [0;36mhash[0m = 777842602b0b8fb74d79b8be15890885c404c52445f064b9b567f0a794e64806 
[0;36mDEBUG[0m[2026-03-16 10:14:11.705]   received shard header from network in block tracker [0;36mshard[0m = 0 [0;36mepoch[0m = 0 [0;36mround[0m = 359 [0;36mnonce[0m = 359 [0;36mhash[0m = 7f5b77b0ba85d2accff720fe0e95d1d2478cf7b2588722a68b3eea10c2d8a6a1 
[0;36mDEBUG[0m[2026-03-16 10:14:11.705]   received shard header from network in block tracker [0;36mshard[0m = 0 [0;36mepoch[0m = 0 [0;36mround[0m = 360 [0;36mnonce[0m = 360 [0;36mhash[0m = 497fbae5292d10cfeea8d3b6406ea57d72c5dff5e01d09fc6cd3efb2bffb3743 
[0;36mDEBUG[0m[2026-03-16 10:14:11.705]   received shard header from network in block tracker [0;36mshard[0m = 0 [0;36mepoch[0m = 0 [0;36mround[0m = 361 [0;36mnonce[0m = 361 [0;36mhash[0m = ed27340c5e280a9dae7a321b736029611b0543f7be7d5d85bd23bed4ea7d04fa 
[0;36mDEBUG[0m[2026-03-16 10:14:11.705]   received shard header from network in block tracker [0;36mshard[0m = 0 [0;36mepoch[0m = 0 [0;36mround[0m = 362 [0;36mnonce[0m = 362 [0;36mhash[0m = 7b706b4e7a7d3f857f69f218535b5fd836ed73ca9178c1cc8ed5052e65e2a08b 
--- PASS: TestMetaGetSelfHeaders_ShouldReturnEmptySliceWhenErrGetMetaHeader (0.00s)
--- PASS: TestShardGetSelfHeaders_ShouldWork (0.00s)
=== CONT  TestShardGetSelfHeaders_ShouldReturnEmptySliceWhenErrGetShardHeader
[0;36mDEBUG[0m[2026-03-16 10:14:11.706]   received shard header from network in block tracker [0;36mshard[0m = 0 [0;36mepoch[0m = 0 [0;36mround[0m = 363 [0;36mnonce[0m = 363 [0;36mhash[0m = 07d881bdf7792252d95cf225cf6ad7f4732eca95b4fb9fead6b37d35fc64aa15 
[0;36mDEBUG[0m[2026-03-16 10:14:11.706]   received shard header from network in block tracker [0;36mshard[0m = 0 [0;36mepoch[0m = 0 [0;36mround[0m = 364 [0;36mnonce[0m = 364 [0;36mhash[0m = 775cc5c8a1fe8c391c064497d5d4f52f3aa6033e437ec17df727d3c3a5a18732 
[0;36mDEBUG[0m[2026-03-16 10:14:11.706]   received shard header from network in block tracker [0;36mshard[0m = 0 [0;36mepoch[0m = 0 [0;36mround[0m = 365 [0;36mnonce[0m = 365 [0;36mhash[0m = 53e6d6e90497c0aec7c594289cd0e445ba5e30d5a4b85cec6b885b71859b6b6f 
[0;36mDEBUG[0m[2026-03-16 10:14:11.706]   received shard header from network in block tracker [0;36mshard[0m = 0 [0;36mepoch[0m = 0 [0;36mround[0m = 366 [0;36mnonce[0m = 366 [0;36mhash[0m = c871100fb3421385dce0cd8ea1abf6121781cfd41e0458386500ade081d321f2 
[0;36mDEBUG[0m[2026-03-16 10:14:11.706]   received shard header from network in block tracker [0;36mshard[0m = 0 [0;36mepoch[0m = 0 [0;36mround[0m = 367 [0;36mnonce[0m = 367 [0;36mhash[0m = fe5e70b69c1cdd9f19b8157b8695189a2a3ce1763ec77719d058e0b89ee25595 
[0;36mDEBUG[0m[2026-03-16 10:14:11.705]   received shard header from network in block tracker [0;36mshard[0m = 0 [0;36mepoch[0m = 0 [0;36mround[0m = 3 [0;36mnonce[0m = 3 [0;36mhash[0m = dadec5844e9f72b7b440284912e83f5ae4d0f481de0dc9d693bf85489d7fc5bb 
[0;36mDEBUG[0m[2026-03-16 10:14:11.706]   received shard header from network in block tracker [0;36mshard[0m = 0 [0;36mepoch[0m = 0 [0;36mround[0m = 368 [0;36mnonce[0m = 368 [0;36mhash[0m = bb5bd68ec7e0f5e49ad4089c4f004a2fc8bdecea9471ddf2e4a687f9eaaf66fb 
[0;36mDEBUG[0m[2026-03-16 10:14:11.706]   received shard header from network in block tracker [0;36mshard[0m = 0 [0;36mepoch[0m = 0 [0;36mround[0m = 369 [0;36mnonce[0m = 369 [0;36mhash[0m = 8d21db8e5d3c7a5068feb215ffd3c6f17fd2d3dad936506dd4d01f4a53cd8a1a 
[0;36mDEBUG[0m[2026-03-16 10:14:11.706]   received shard header from network in block tracker [0;36mshard[0m = 0 [0;36mepoch[0m = 0 [0;36mround[0m = 370 [0;36mnonce[0m = 370 [0;36mhash[0m = c0bcb353baa72f01dfabbe684e1a7a9b028fc3b521fb56c0f0f44203cb0d092d 
[0;36mDEBUG[0m[2026-03-16 10:14:11.706]   received shard header from network in block tracker [0;36mshard[0m = 0 [0;36mepoch[0m = 0 [0;36mround[0m = 371 [0;36mnonce[0m = 371 [0;36mhash[0m = 5bc767a3ee715d929447c6ef5334397c93b5cbfd6cc5a5595c57cda08faa9a7a 
[0;36mDEBUG[0m[2026-03-16 10:14:11.706]   received shard header from network in block tracker [0;36mshard[0m = 0 [0;36mepoch[0m = 0 [0;36mround[0m = 372 [0;36mnonce[0m = 372 [0;36mhash[0m = 4ed18f17317d9311a2938023ae98e90058555304f5be4699b7338b046b4a0a7c 
[0;36mDEBUG[0m[2026-03-16 10:14:11.706]   received shard header from network in block tracker [0;36mshard[0m = 0 [0;36mepoch[0m = 0 [0;36mround[0m = 373 [0;36mnonce[0m = 373 [0;36mhash[0m = fd43a1f1ba549819edd9c52d62c014b74b71c6328f0d44b44fc91b1c3ca4d942 
[0;36mDEBUG[0m[2026-03-16 10:14:11.706]   received shard header from network in block tracker [0;36mshard[0m = 0 [0;36mepoch[0m = 0 [0;36mround[0m = 374 [0;36mnonce[0m = 374 [0;36mhash[0m = 93b9796a7dba8ac7c0cd9a78647ac8dec2151b46db74e2c466bc72e3e876c180 
[0;36mDEBUG[0m[2026-03-16 10:14:11.706]   received shard header from network in block tracker [0;36mshard[0m = 0 [0;36mepoch[0m = 0 [0;36mround[0m = 375 [0;36mnonce[0m = 375 [0;36mhash[0m = fbfeb3ada357b4d7a6a656c1caaf139432a604a85281690fd7f0226ae6ad709e 
[0;36mDEBUG[0m[2026-03-16 10:14:11.706]   received shard header from network in block tracker [0;36mshard[0m = 0 [0;36mepoch[0m = 0 [0;36mround[0m = 376 [0;36mnonce[0m = 376 [0;36mhash[0m = fccfeddb0e849d046f43d2c4f6f664879fff669a07e9fe79f6f1f3b389c096d2 
[0;36mDEBUG[0m[2026-03-16 10:14:11.706]   received shard header from network in block tracker [0;36mshard[0m = 0 [0;36mepoch[0m = 0 [0;36mround[0m = 377 [0;36mnonce[0m = 377 [0;36mhash[0m = 6c3667595febc15eda1ff2ca7f13532d4130c44fb325f13b99cfb442c223f161 
[0;36mDEBUG[0m[2026-03-16 10:14:11.706]   received shard header from network in block tracker [0;36mshard[0m = 0 [0;36mepoch[0m = 0 [0;36mround[0m = 378 [0;36mnonce[0m = 378 [0;36mhash[0m = c95904535984de6756027fc46992fdcd35781f9a48d6c2430476b0e0655c7760 
[0;36mDEBUG[0m[2026-03-16 10:14:11.706]   received shard header from network in block tracker [0;36mshard[0m = 0 [0;36mepoch[0m = 0 [0;36mround[0m = 379 [0;36mnonce[0m = 379 [0;36mhash[0m = ebf8a179d2a2d1affdf7097a3576fe94a2c1ac550a954d7d28a98f58aae8e354 
[0;36mDEBUG[0m[2026-03-16 10:14:11.706]   received shard header from network in block tracker [0;36mshard[0m = 0 [0;36mepoch[0m = 0 [0;36mround[0m = 380 [0;36mnonce[0m = 380 [0;36mhash[0m = 7636f84b2a4acdc9cadccb7136fa377b5bc4bc9219e504e5631964ca125e6f18 
[0;36mDEBUG[0m[2026-03-16 10:14:11.706]   received shard header from network in block tracker [0;36mshard[0m = 0 [0;36mepoch[0m = 0 [0;36mround[0m = 381 [0;36mnonce[0m = 381 [0;36mhash[0m = 7241c464b15ac8d74bdbeb2ccae74acc14070bb08578f7c5c6a072a3bec58a65 
[0;36mDEBUG[0m[2026-03-16 10:14:11.706]   received shard header from network in block tracker [0;36mshard[0m = 0 [0;36mepoch[0m = 0 [0;36mround[0m = 382 [0;36mnonce[0m = 382 [0;36mhash[0m = 21498ae6bd12940e12384cc2874ac822296f447bc769457f89121adf97cf064a 
[0;36mDEBUG[0m[2026-03-16 10:14:11.706]   received shard header from network in block tracker [0;36mshard[0m = 0 [0;36mepoch[0m = 0 [0;36mround[0m = 383 [0;36mnonce[0m = 383 [0;36mhash[0m = d92f1b3935705e5d0fbf616e18cf079346741e7e6d8cfe0a946e8cdad3c63ba4 
[0;36mDEBUG[0m[2026-03-16 10:14:11.706]   received shard header from network in block tracker [0;36mshard[0m = 0 [0;36mepoch[0m = 0 [0;36mround[0m = 384 [0;36mnonce[0m = 384 [0;36mhash[0m = 5915043805611b706d06ad47bf890aafb29243d0b887e6eafafdada20e50c2f0 
[0;36mDEBUG[0m[2026-03-16 10:14:11.706]   received shard header from network in block tracker [0;36mshard[0m = 0 [0;36mepoch[0m = 0 [0;36mround[0m = 385 [0;36mnonce[0m = 385 [0;36mhash[0m = 65ffd8bb4d74ae5b2728d35fc1e382adaa4609fbebc1c620cda79711e071dbd7 
[0;36mDEBUG[0m[2026-03-16 10:14:11.706]   received shard header from network in block tracker [0;36mshard[0m = 0 [0;36mepoch[0m = 0 [0;36mround[0m = 386 [0;36mnonce[0m = 386 [0;36mhash[0m = f9dca176a4f1f9ec81104452fd3c29a8fe42ec312f0c4423f206463436b93499 
[0;36mDEBUG[0m[2026-03-16 10:14:11.706]   received shard header from network in block tracker [0;36mshard[0m = 0 [0;36mepoch[0m = 0 [0;36mround[0m = 387 [0;36mnonce[0m = 387 [0;36mhash[0m = f79967f861c34a4ded998fc4ed462ddaf58ea27ffe74e65330ee474cc034d504 
[0;36mDEBUG[0m[2026-03-16 10:14:11.706]   received shard header from network in block tracker [0;36mshard[0m = 0 [0;36mepoch[0m = 0 [0;36mround[0m = 388 [0;36mnonce[0m = 388 [0;36mhash[0m = e05d500e13355711e484f70ed2da2aa64ae6f516863f1e847338daaaadfd4b97 
[0;36mDEBUG[0m[2026-03-16 10:14:11.706]   received shard header from network in block tracker [0;36mshard[0m = 0 [0;36mepoch[0m = 0 [0;36mround[0m = 389 [0;36mnonce[0m = 389 [0;36mhash[0m = 7f367ae90fdcc94581570bb0c24c97a79d4916f901eb38678c3c8e0062b068bb 
[0;36mDEBUG[0m[2026-03-16 10:14:11.706]   received shard header from network in block tracker [0;36mshard[0m = 0 [0;36mepoch[0m = 0 [0;36mround[0m = 390 [0;36mnonce[0m = 390 [0;36mhash[0m = d142b606042a7d3109dcda88bb77934d130164ef30018f8a727b57f23bd409ec 
[0;36mDEBUG[0m[2026-03-16 10:14:11.706]   received shard header from network in block tracker [0;36mshard[0m = 0 [0;36mepoch[0m = 0 [0;36mround[0m = 391 [0;36mnonce[0m = 391 [0;36mhash[0m = a601640c2f038ca24877753e9bd053f69f46a46646d1d5a77302389a19b90abb 
[0;36mDEBUG[0m[2026-03-16 10:14:11.706]   received shard header from network in block tracker [0;36mshard[0m = 0 [0;36mepoch[0m = 0 [0;36mround[0m = 392 [0;36mnonce[0m = 392 [0;36mhash[0m = 789a015e74b4156874889f2da13687d1ad0a3bf659d536f81248203660db9e99 
[0;36mDEBUG[0m[2026-03-16 10:14:11.706]   received shard header from network in block tracker [0;36mshard[0m = 0 [0;36mepoch[0m = 0 [0;36mround[0m = 393 [0;36mnonce[0m = 393 [0;36mhash[0m = 5f04c5c773fe977af4a0e79b8f8144d9fb9185657a41108f81922bd535f3a39e 
[0;36mDEBUG[0m[2026-03-16 10:14:11.706]   received shard header from network in block tracker [0;36mshard[0m = 0 [0;36mepoch[0m = 0 [0;36mround[0m = 394 [0;36mnonce[0m = 394 [0;36mhash[0m = 92506107e0ff29d77a754b6770f62dbbf1c63bbab950eda9e72ac450feb3cc64 
[0;36mDEBUG[0m[2026-03-16 10:14:11.706]   received shard header from network in block tracker [0;36mshard[0m = 0 [0;36mepoch[0m = 0 [0;36mround[0m = 395 [0;36mnonce[0m = 395 [0;36mhash[0m = f857633613011d725981234918b04c80406c78f43ed5dd550e71f9ce04d92cfb 
[0;36mDEBUG[0m[2026-03-16 10:14:11.706]   received shard header from network in block tracker [0;36mshard[0m = 0 [0;36mepoch[0m = 0 [0;36mround[0m = 396 [0;36mnonce[0m = 396 [0;36mhash[0m = 49540f9a83cf3ed6348544b6b74dcdcdfdd589ba40216d34ac9d1d811da0d8b1 
[0;36mDEBUG[0m[2026-03-16 10:14:11.706]   received shard header from network in block tracker [0;36mshard[0m = 0 [0;36mepoch[0m = 0 [0;36mround[0m = 397 [0;36mnonce[0m = 397 [0;36mhash[0m = bac4bc668cdebeec87980fd652d87dc7f8617c3f363195f8fcb8c401ccfb83ed 
[0;36mDEBUG[0m[2026-03-16 10:14:11.706]   received shard header from network in block tracker [0;36mshard[0m = 0 [0;36mepoch[0m = 0 [0;36mround[0m = 398 [0;36mnonce[0m = 398 [0;36mhash[0m = 7a417adf6282edc6f60b2a6a8f279656245cf13b016f2f67a55db1ee83ea8f80 
[0;36mDEBUG[0m[2026-03-16 10:14:11.706]   received shard header from network in block tracker [0;36mshard[0m = 0 [0;36mepoch[0m = 0 [0;36mround[0m = 399 [0;36mnonce[0m = 399 [0;36mhash[0m = 839f993a3622ad5fb3e73c141d6e4edd9d66bd3e952580bbbc8cff1e02afd016 
[0;36mDEBUG[0m[2026-03-16 10:14:11.706]   received shard header from network in block tracker [0;36mshard[0m = 0 [0;36mepoch[0m = 0 [0;36mround[0m = 400 [0;36mnonce[0m = 400 [0;36mhash[0m = dc714930ec94d56a52ed8cf3e6e61338a8ae0fc6356301ab72a7e7fa594dba43 
[0;36mDEBUG[0m[2026-03-16 10:14:11.706]   received shard header from network in block tracker [0;36mshard[0m = 0 [0;36mepoch[0m = 0 [0;36mround[0m = 401 [0;36mnonce[0m = 401 [0;36mhash[0m = 619fbb2a91c70ec75b7c29de34a6d812958301a3f5ec496298d87a299b103b2a 
[0;36mDEBUG[0m[2026-03-16 10:14:11.706]   received shard header from network in block tracker [0;36mshard[0m = 0 [0;36mepoch[0m = 0 [0;36mround[0m = 402 [0;36mnonce[0m = 402 [0;36mhash[0m = a315cc2569b5abbf0e2b1e3f8f03720909af3429b1541b17da0e0c2b90a2f4b9 
[0;36mDEBUG[0m[2026-03-16 10:14:11.706]   received shard header from network in block tracker [0;36mshard[0m = 0 [0;36mepoch[0m = 0 [0;36mround[0m = 403 [0;36mnonce[0m = 403 [0;36mhash[0m = 9077483e9af717fd3690bae512b1ff48dc439ee7c8329b016153cc2b8c5bd50c 
[0;36mDEBUG[0m[2026-03-16 10:14:11.706]   received shard header from network in block tracker [0;36mshard[0m = 0 [0;36mepoch[0m = 0 [0;36mround[0m = 404 [0;36mnonce[0m = 404 [0;36mhash[0m = 3aa257e3814870b36bc2c29cb37d7220203b5ad285544d3c440bc5acdc70a653 
[0;36mDEBUG[0m[2026-03-16 10:14:11.706]   received shard header from network in block tracker [0;36mshard[0m = 0 [0;36mepoch[0m = 0 [0;36mround[0m = 405 [0;36mnonce[0m = 405 [0;36mhash[0m = e12e78382460f1117a0a9f8529bc35ccd26d501c6cbfcba732f48fb0cd463b3a 
[0;36mDEBUG[0m[2026-03-16 10:14:11.706]   received shard header from network in block tracker [0;36mshard[0m = 0 [0;36mepoch[0m = 0 [0;36mround[0m = 406 [0;36mnonce[0m = 406 [0;36mhash[0m = f56d27a5f1c28c3d43740ceba830357b93453193696f1d3699838d2f81ae1940 
[0;36mDEBUG[0m[2026-03-16 10:14:11.706]   received shard header from network in block tracker [0;36mshard[0m = 0 [0;36mepoch[0m = 0 [0;36mround[0m = 407 [0;36mnonce[0m = 407 [0;36mhash[0m = ce0805cd9dae808ec523e6b8d440b49d515c9921ca4f9578ae9949d6b261f922 
[0;36mDEBUG[0m[2026-03-16 10:14:11.706]   received shard header from network in block tracker [0;36mshard[0m = 0 [0;36mepoch[0m = 0 [0;36mround[0m = 408 [0;36mnonce[0m = 408 [0;36mhash[0m = 50b9aa328e56100554dccd281923ed7a80e7804c51a087613c793a98e2a9beb9 
[0;36mDEBUG[0m[2026-03-16 10:14:11.706]   received shard header from network in block tracker [0;36mshard[0m = 0 [0;36mepoch[0m = 0 [0;36mround[0m = 409 [0;36mnonce[0m = 409 [0;36mhash[0m = b72d9c2bff0d879a1c33cd65be48fd6418bc78bc78a374fce10766511919f37f 
[0;36mDEBUG[0m[2026-03-16 10:14:11.706]   received shard header from network in block tracker [0;36mshard[0m = 0 [0;36mepoch[0m = 0 [0;36mround[0m = 410 [0;36mnonce[0m = 410 [0;36mhash[0m = e6fa3afeac76320add2e0fe5ceecbac719987d5b049c74de03738ae1f2335f8e 
[0;36mDEBUG[0m[2026-03-16 10:14:11.706]   received shard header from network in block tracker [0;36mshard[0m = 0 [0;36mepoch[0m = 0 [0;36mround[0m = 411 [0;36mnonce[0m = 411 [0;36mhash[0m = acc57607ec5b79f4e45845823d6bfaa3ee5738a46df9c2b337d7abf6c5b74743 
[0;36mDEBUG[0m[2026-03-16 10:14:11.706]   received shard header from network in block tracker [0;36mshard[0m = 0 [0;36mepoch[0m = 0 [0;36mround[0m = 412 [0;36mnonce[0m = 412 [0;36mhash[0m = 1a506ad98eae02ae3f24d1e1c0708f6189cd9be0c4189abb3c91eca10ef78bbc 
[0;36mDEBUG[0m[2026-03-16 10:14:11.706]   received shard header from network in block tracker [0;36mshard[0m = 0 [0;36mepoch[0m = 0 [0;36mround[0m = 413 [0;36mnonce[0m = 413 [0;36mhash[0m = fb1f3a1589cac1ce335eaa8a1c2c354527b215a369a023d95cd93357bb274271 
[0;36mDEBUG[0m[2026-03-16 10:14:11.706]   received shard header from network in block tracker [0;36mshard[0m = 0 [0;36mepoch[0m = 0 [0;36mround[0m = 414 [0;36mnonce[0m = 414 [0;36mhash[0m = e24196f36571769be7c765badbd6b2cb69b13c57b33d801b72724d0e7ee8da9f 
[0;36mDEBUG[0m[2026-03-16 10:14:11.706]   received shard header from network in block tracker [0;36mshard[0m = 0 [0;36mepoch[0m = 0 [0;36mround[0m = 415 [0;36mnonce[0m = 415 [0;36mhash[0m = fb37712467d33be663112e32ec3fbdcc80e945052f379f4b19e8208d783c6a39 
[0;36mDEBUG[0m[2026-03-16 10:14:11.706]   received shard header from network in block tracker [0;36mshard[0m = 0 [0;36mepoch[0m = 0 [0;36mround[0m = 416 [0;36mnonce[0m = 416 [0;36mhash[0m = d419585a996acb1bd8753332ccd676ba562a70d52ead37e9dbd90c6bf4e43b45 
[0;36mDEBUG[0m[2026-03-16 10:14:11.706]   received shard header from network in block tracker [0;36mshard[0m = 0 [0;36mepoch[0m = 0 [0;36mround[0m = 417 [0;36mnonce[0m = 417 [0;36mhash[0m = f869dd450d1ab601399aba143b2fd68b249fff4d891a55d7b56257e09d2966ba 
[0;36mDEBUG[0m[2026-03-16 10:14:11.706]   received shard header from network in block tracker [0;36mshard[0m = 0 [0;36mepoch[0m = 0 [0;36mround[0m = 418 [0;36mnonce[0m = 418 [0;36mhash[0m = 1a00b31fc5bb697ee8307fef0bdbba2b7bda1d9d60b540e7717358b9a47d8b8b 
[0;36mDEBUG[0m[2026-03-16 10:14:11.706]   received shard header from network in block tracker [0;36mshard[0m = 0 [0;36mepoch[0m = 0 [0;36mround[0m = 419 [0;36mnonce[0m = 419 [0;36mhash[0m = 98b8d5d2c2c690834c162765f449855674187a4c0becd535feb81caab8296c08 
[0;36mDEBUG[0m[2026-03-16 10:14:11.706]   received shard header from network in block tracker [0;36mshard[0m = 0 [0;36mepoch[0m = 0 [0;36mround[0m = 420 [0;36mnonce[0m = 420 [0;36mhash[0m = d2adc0a26d0fa909a70c3144c95a99d3f31fff5a6298735887354842689ce59a 
[0;36mDEBUG[0m[2026-03-16 10:14:11.706]   received shard header from network in block tracker [0;36mshard[0m = 0 [0;36mepoch[0m = 0 [0;36mround[0m = 421 [0;36mnonce[0m = 421 [0;36mhash[0m = a7d667d8ea9ca0f9a891cadcbe758ac52ecb2fb162dfbc35b137c7abe6dd2c8e 
[0;36mDEBUG[0m[2026-03-16 10:14:11.706]   received shard header from network in block tracker [0;36mshard[0m = 0 [0;36mepoch[0m = 0 [0;36mround[0m = 422 [0;36mnonce[0m = 422 [0;36mhash[0m = 98bbca44d07126c6851d68610f3b8b4e42217251c2740c4fdbe2c93002275b27 
[0;36mDEBUG[0m[2026-03-16 10:14:11.706]   received shard header from network in block tracker [0;36mshard[0m = 0 [0;36mepoch[0m = 0 [0;36mround[0m = 423 [0;36mnonce[0m = 423 [0;36mhash[0m = 125299a24cd52e13275f19ee47cdc9f32d82d5a632fe7e9970045b1824dcbc5f 
[0;36mDEBUG[0m[2026-03-16 10:14:11.706]   received shard header from network in block tracker [0;36mshard[0m = 0 [0;36mepoch[0m = 0 [0;36mround[0m = 424 [0;36mnonce[0m = 424 [0;36mhash[0m = 7583b3a059a1c57958e24be7010180b82f0bef7a722b235a0000686643d1e545 
[0;36mDEBUG[0m[2026-03-16 10:14:11.706]   received shard header from network in block tracker [0;36mshard[0m = 0 [0;36mepoch[0m = 0 [0;36mround[0m = 425 [0;36mnonce[0m = 425 [0;36mhash[0m = 940a27a8ffb222ebf187fd0cfc6d80bd7ce381d1fee7e1961070950c031b348f 
[0;36mDEBUG[0m[2026-03-16 10:14:11.706]   received shard header from network in block tracker [0;36mshard[0m = 0 [0;36mepoch[0m = 0 [0;36mround[0m = 426 [0;36mnonce[0m = 426 [0;36mhash[0m = fe774d6a20414de9354d96634e69e8beeef14d29fb4e8799e84d83641d8b7d61 
[0;36mDEBUG[0m[2026-03-16 10:14:11.706]   received shard header from network in block tracker [0;36mshard[0m = 0 [0;36mepoch[0m = 0 [0;36mround[0m = 427 [0;36mnonce[0m = 427 [0;36mhash[0m = f67c5a3c8b5dfd817876c2d8b32132d3ec9d879badd090e1773a5b8ff750ee98 
[0;36mDEBUG[0m[2026-03-16 10:14:11.706]   received shard header from network in block tracker [0;36mshard[0m = 0 [0;36mepoch[0m = 0 [0;36mround[0m = 428 [0;36mnonce[0m = 428 [0;36mhash[0m = 2cf22808ba1389db2f7caa8f9735fc5eda4a4e6c44e246e534f894c960c24441 
[0;36mDEBUG[0m[2026-03-16 10:14:11.706]   received shard header from network in block tracker [0;36mshard[0m = 0 [0;36mepoch[0m = 0 [0;36mround[0m = 429 [0;36mnonce[0m = 429 [0;36mhash[0m = 1f25306a8e50c3d9ec31b23c03203c590c5d790706e7c79d92b12b4306c0b682 
[0;36mDEBUG[0m[2026-03-16 10:14:11.706]   received shard header from network in block tracker [0;36mshard[0m = 0 [0;36mepoch[0m = 0 [0;36mround[0m = 430 [0;36mnonce[0m = 430 [0;36mhash[0m = 38946a04719b73d206d20ce7863aa16a1a10d1edf4e89ffb58452c15effcb93b 
[0;36mDEBUG[0m[2026-03-16 10:14:11.706]   received shard header from network in block tracker [0;36mshard[0m = 0 [0;36mepoch[0m = 0 [0;36mround[0m = 431 [0;36mnonce[0m = 431 [0;36mhash[0m = ba75b569eacf166ccecbad6de9c11210f3b1805f4e06e7d9ae69cb7f1b849bd3 
[0;36mDEBUG[0m[2026-03-16 10:14:11.706]   received shard header from network in block tracker [0;36mshard[0m = 0 [0;36mepoch[0m = 0 [0;36mround[0m = 432 [0;36mnonce[0m = 432 [0;36mhash[0m = 6ac1ae54edec8e5d5c89da0e75946cd88228a5038a75a92bf37cd79a04d0f55d 
[0;36mDEBUG[0m[2026-03-16 10:14:11.706]   received shard header from network in block tracker [0;36mshard[0m = 0 [0;36mepoch[0m = 0 [0;36mround[0m = 433 [0;36mnonce[0m = 433 [0;36mhash[0m = 43b0a162d7b1ceac1daebde9abb0dbe5f21017a43c8967e5df0b26985e3b7453 
[0;36mDEBUG[0m[2026-03-16 10:14:11.706]   received shard header from network in block tracker [0;36mshard[0m = 0 [0;36mepoch[0m = 0 [0;36mround[0m = 434 [0;36mnonce[0m = 434 [0;36mhash[0m = 7245027131211daeff1d7c4edddc49f44ade8b5fa312624db790b8da87effc11 
[0;36mDEBUG[0m[2026-03-16 10:14:11.706]   received shard header from network in block tracker [0;36mshard[0m = 0 [0;36mepoch[0m = 0 [0;36mround[0m = 435 [0;36mnonce[0m = 435 [0;36mhash[0m = 2573c4a309ffe7e648d62ccf86bdf12f24cae52cba2b14e07c087707043546bc 
[0;36mDEBUG[0m[2026-03-16 10:14:11.706]   received shard header from network in block tracker [0;36mshard[0m = 0 [0;36mepoch[0m = 0 [0;36mround[0m = 436 [0;36mnonce[0m = 436 [0;36mhash[0m = e91b789d5645691cf5a68960f40df61c769bf6ff63f182a4596b0ac5382af9c8 
[0;36mDEBUG[0m[2026-03-16 10:14:11.706]   received shard header from network in block tracker [0;36mshard[0m = 0 [0;36mepoch[0m = 0 [0;36mround[0m = 437 [0;36mnonce[0m = 437 [0;36mhash[0m = b34971a66ebd9462c975578a1896251774f1bc86a7832568237615dd401600e3 
[0;36mDEBUG[0m[2026-03-16 10:14:11.706]   received shard header from network in block tracker [0;36mshard[0m = 0 [0;36mepoch[0m = 0 [0;36mround[0m = 438 [0;36mnonce[0m = 438 [0;36mhash[0m = 4024b8fd0b21c3303b3082e3ba71fa690bd8f998ced9e686ac94adfbe10bf2e6 
[0;36mDEBUG[0m[2026-03-16 10:14:11.706]   received shard header from network in block tracker [0;36mshard[0m = 0 [0;36mepoch[0m = 0 [0;36mround[0m = 439 [0;36mnonce[0m = 439 [0;36mhash[0m = 09db521818e64e47b1ff6da34fdb46938ec8c2a749b643ca7e9cfd0bad10a9ff 
[0;36mDEBUG[0m[2026-03-16 10:14:11.706]   received shard header from network in block tracker [0;36mshard[0m = 0 [0;36mepoch[0m = 0 [0;36mround[0m = 440 [0;36mnonce[0m = 440 [0;36mhash[0m = 8b309517e957599609302574ceb5c0ce1b4b01d0d080eed1751cc320601b9aeb 
[0;36mDEBUG[0m[2026-03-16 10:14:11.706]   received shard header from network in block tracker [0;36mshard[0m = 0 [0;36mepoch[0m = 0 [0;36mround[0m = 441 [0;36mnonce[0m = 441 [0;36mhash[0m = 7d25d4124c333d468caeef2ecc8ebbbc152250020682fcf5cc44c6960d360098 
[0;36mDEBUG[0m[2026-03-16 10:14:11.706]   received shard header from network in block tracker [0;36mshard[0m = 0 [0;36mepoch[0m = 0 [0;36mround[0m = 442 [0;36mnonce[0m = 442 [0;36mhash[0m = 784f4a018ca7f49732fbe00fd795afc8f1b4a9b5cbda806385510db9648caffd 
[0;36mDEBUG[0m[2026-03-16 10:14:11.706]   received shard header from network in block tracker [0;36mshard[0m = 0 [0;36mepoch[0m = 0 [0;36mround[0m = 443 [0;36mnonce[0m = 443 [0;36mhash[0m = 0e26b39bafef3b3dc759d2de12eeab44a71236c1ffa23dcc4a5fc731f5876883 
[0;36mDEBUG[0m[2026-03-16 10:14:11.707]   received shard header from network in block tracker [0;36mshard[0m = 0 [0;36mepoch[0m = 0 [0;36mround[0m = 444 [0;36mnonce[0m = 444 [0;36mhash[0m = b82cc2f760c9ab6afda3bae9e871c547914df0143917009c5455846e0071e368 
[0;36mDEBUG[0m[2026-03-16 10:14:11.707]   received shard header from network in block tracker [0;36mshard[0m = 0 [0;36mepoch[0m = 0 [0;36mround[0m = 445 [0;36mnonce[0m = 445 [0;36mhash[0m = 013f354839e8ee75967ab2fddc5cdede13902bda7c85b540ee9cebb7020d8b8a 
[0;36mDEBUG[0m[2026-03-16 10:14:11.707]   received shard header from network in block tracker [0;36mshard[0m = 0 [0;36mepoch[0m = 0 [0;36mround[0m = 446 [0;36mnonce[0m = 446 [0;36mhash[0m = c9f190911564af7e67f9b0a645686869513df9335432be3c6de6227680fe0746 
[0;36mDEBUG[0m[2026-03-16 10:14:11.707]   received shard header from network in block tracker [0;36mshard[0m = 0 [0;36mepoch[0m = 0 [0;36mround[0m = 447 [0;36mnonce[0m = 447 [0;36mhash[0m = 21602d5de8180edebf96b4c8d7a57918f18463b1b91164375aa153167893743e 
[0;36mDEBUG[0m[2026-03-16 10:14:11.707]   received shard header from network in block tracker [0;36mshard[0m = 0 [0;36mepoch[0m = 0 [0;36mround[0m = 448 [0;36mnonce[0m = 448 [0;36mhash[0m = 85e8f52f091240ce0f46d6be7696722408b71672b19210e95de9230345206174 
[0;36mDEBUG[0m[2026-03-16 10:14:11.707]   received shard header from network in block tracker [0;36mshard[0m = 0 [0;36mepoch[0m = 0 [0;36mround[0m = 449 [0;36mnonce[0m = 449 [0;36mhash[0m = c02e50aac24b8a465cef6f977a9bcbdffeca7078f3b8817ca833b6b317d056a0 
[0;36mDEBUG[0m[2026-03-16 10:14:11.707]   received shard header from network in block tracker [0;36mshard[0m = 0 [0;36mepoch[0m = 0 [0;36mround[0m = 450 [0;36mnonce[0m = 450 [0;36mhash[0m = 6fae13ab9282c24ee3ed2b0bbdb704e40c062d87bd089d71eb11449a1275cf67 
[0;36mDEBUG[0m[2026-03-16 10:14:11.707]   received shard header from network in block tracker [0;36mshard[0m = 0 [0;36mepoch[0m = 0 [0;36mround[0m = 451 [0;36mnonce[0m = 451 [0;36mhash[0m = 3483a07a2d9da8d6b917d3f1bf9a628198bb1957c97ec1e2d4e760dd6cacaa50 
[0;36mDEBUG[0m[2026-03-16 10:14:11.707]   received shard header from network in block tracker [0;36mshard[0m = 0 [0;36mepoch[0m = 0 [0;36mround[0m = 452 [0;36mnonce[0m = 452 [0;36mhash[0m = a5e52493475ca79abc3593a5f1c783944e47252d9b843cdabf31e1561d6a1a2d 
[0;36mDEBUG[0m[2026-03-16 10:14:11.707]   received shard header from network in block tracker [0;36mshard[0m = 0 [0;36mepoch[0m = 0 [0;36mround[0m = 453 [0;36mnonce[0m = 453 [0;36mhash[0m = a3c6e78abebfc6f9e6b30cad4a54296f006d112a007b923934f4cf268063d27a 
[0;36mDEBUG[0m[2026-03-16 10:14:11.707]   received shard header from network in block tracker [0;36mshard[0m = 0 [0;36mepoch[0m = 0 [0;36mround[0m = 454 [0;36mnonce[0m = 454 [0;36mhash[0m = e7c3bce2c891eac15b46560f8fd44f2536c091108b6d20e2ec506a3b063b910b 
[0;36mDEBUG[0m[2026-03-16 10:14:11.707]   received shard header from network in block tracker [0;36mshard[0m = 0 [0;36mepoch[0m = 0 [0;36mround[0m = 455 [0;36mnonce[0m = 455 [0;36mhash[0m = 00e47f853ceef47e4ad138af90fadabd0b1452b14fd1042c81692fec9d4d5a54 
[0;36mDEBUG[0m[2026-03-16 10:14:11.707]   received shard header from network in block tracker [0;36mshard[0m = 0 [0;36mepoch[0m = 0 [0;36mround[0m = 456 [0;36mnonce[0m = 456 [0;36mhash[0m = 29188f765929114d5be65d57122b6c14bb03b0c60f04a229fbd5a43ca381073f 
[0;36mDEBUG[0m[2026-03-16 10:14:11.707]   received shard header from network in block tracker [0;36mshard[0m = 0 [0;36mepoch[0m = 0 [0;36mround[0m = 457 [0;36mnonce[0m = 457 [0;36mhash[0m = d2e471fe1bb7c0db9c3c1a503b33251ecfa2cdffb67d26ba480468c29e4ca2a8 
[0;36mDEBUG[0m[2026-03-16 10:14:11.707]   received shard header from network in block tracker [0;36mshard[0m = 0 [0;36mepoch[0m = 0 [0;36mround[0m = 458 [0;36mnonce[0m = 458 [0;36mhash[0m = 711ee90aa83686f01b883df6fdf20f361176a82f81ee4464742eb3c4d5c95993 
[0;36mDEBUG[0m[2026-03-16 10:14:11.707]   received shard header from network in block tracker [0;36mshard[0m = 0 [0;36mepoch[0m = 0 [0;36mround[0m = 459 [0;36mnonce[0m = 459 [0;36mhash[0m = f575116b765e072a15298d6cb96c74a602325bca9af656a0d2bd29e21f247920 
[0;36mDEBUG[0m[2026-03-16 10:14:11.707]   received shard header from network in block tracker [0;36mshard[0m = 0 [0;36mepoch[0m = 0 [0;36mround[0m = 460 [0;36mnonce[0m = 460 [0;36mhash[0m = 0bc6d3a5b960462c5558a6f64520d8e93c1e1217714210af28f56ea832a917ae 
[0;36mDEBUG[0m[2026-03-16 10:14:11.707]   received shard header from network in block tracker [0;36mshard[0m = 0 [0;36mepoch[0m = 0 [0;36mround[0m = 461 [0;36mnonce[0m = 461 [0;36mhash[0m = 0b98ebee36b74b9eaec92766b6983b51132c306738aef0713466ddfacde2918a 
[0;36mDEBUG[0m[2026-03-16 10:14:11.707]   received shard header from network in block tracker [0;36mshard[0m = 0 [0;36mepoch[0m = 0 [0;36mround[0m = 462 [0;36mnonce[0m = 462 [0;36mhash[0m = 56520995211da0e33cc839a7d71613d5b551fc72cc32302e3d3f3476d8a2630f 
[0;36mDEBUG[0m[2026-03-16 10:14:11.707]   received shard header from network in block tracker [0;36mshard[0m = 0 [0;36mepoch[0m = 0 [0;36mround[0m = 463 [0;36mnonce[0m = 463 [0;36mhash[0m = d9429efada8400f9c629d3279b2a4639411d55f4e7640a66a093ba9b467b226e 
[0;36mDEBUG[0m[2026-03-16 10:14:11.707]   received shard header from network in block tracker [0;36mshard[0m = 0 [0;36mepoch[0m = 0 [0;36mround[0m = 464 [0;36mnonce[0m = 464 [0;36mhash[0m = f52e06bd3cc9ba5536212a502dbdb0facf9b13d327e6af72dc1a063cc5a54d7b 
[0;36mDEBUG[0m[2026-03-16 10:14:11.707]   received shard header from network in block tracker [0;36mshard[0m = 0 [0;36mepoch[0m = 0 [0;36mround[0m = 465 [0;36mnonce[0m = 465 [0;36mhash[0m = 378d75c7f89ebad7e6694267dd671d1936b09a3de120b73f96b61decd3eddd8d 
[0;36mDEBUG[0m[2026-03-16 10:14:11.707]   received shard header from network in block tracker [0;36mshard[0m = 0 [0;36mepoch[0m = 0 [0;36mround[0m = 466 [0;36mnonce[0m = 466 [0;36mhash[0m = 4148f0b0139f2f18c68506282ca69409dcac0c8ba8a65889c095b35c2b43f568 
[0;36mDEBUG[0m[2026-03-16 10:14:11.707]   received shard header from network in block tracker [0;36mshard[0m = 0 [0;36mepoch[0m = 0 [0;36mround[0m = 467 [0;36mnonce[0m = 467 [0;36mhash[0m = 28c10354fcfabbcfb6f1124ed9a3ffb9e0c1498d2815cb9d1ddd9ce8ad07ac96 
[0;36mDEBUG[0m[2026-03-16 10:14:11.707]   received shard header from network in block tracker [0;36mshard[0m = 0 [0;36mepoch[0m = 0 [0;36mround[0m = 468 [0;36mnonce[0m = 468 [0;36mhash[0m = 1d094161c3c0e98b662272750c9d81e13583637c9ad01b871fb57495f09bc4cc 
[0;36mDEBUG[0m[2026-03-16 10:14:11.707]   received shard header from network in block tracker [0;36mshard[0m = 0 [0;36mepoch[0m = 0 [0;36mround[0m = 469 [0;36mnonce[0m = 469 [0;36mhash[0m = cf371002c0da2cb0d6c2a29ca82b339eace7df5c0d43f5a922bb27532a37ddeb 
[0;36mDEBUG[0m[2026-03-16 10:14:11.707]   received shard header from network in block tracker [0;36mshard[0m = 0 [0;36mepoch[0m = 0 [0;36mround[0m = 470 [0;36mnonce[0m = 470 [0;36mhash[0m = 08231a9b7b8c1f42328fe10e5c3e850f8837cfc74345ab93d707c5125f2317c2 
[0;36mDEBUG[0m[2026-03-16 10:14:11.707]   received shard header from network in block tracker [0;36mshard[0m = 0 [0;36mepoch[0m = 0 [0;36mround[0m = 471 [0;36mnonce[0m = 471 [0;36mhash[0m = cd5b845f773a1dc06dce9ad5eec9fd5dbbf65475bffb04bd4e2ae0a47094d217 
[0;36mDEBUG[0m[2026-03-16 10:14:11.707]   received shard header from network in block tracker [0;36mshard[0m = 0 [0;36mepoch[0m = 0 [0;36mround[0m = 472 [0;36mnonce[0m = 472 [0;36mhash[0m = d35ef7cf86ee00d025bc5ce7c37ce545b01fe83e177cef8008fc2612b5496d06 
[0;36mDEBUG[0m[2026-03-16 10:14:11.707]   received shard header from network in block tracker [0;36mshard[0m = 0 [0;36mepoch[0m = 0 [0;36mround[0m = 473 [0;36mnonce[0m = 473 [0;36mhash[0m = 083a809a34c90b25b44ba47d1248a0b3b03afa9f7ecdf84a0550ef2c7dd6303e 
[0;36mDEBUG[0m[2026-03-16 10:14:11.707]   received shard header from network in block tracker [0;36mshard[0m = 0 [0;36mepoch[0m = 0 [0;36mround[0m = 474 [0;36mnonce[0m = 474 [0;36mhash[0m = ba712c93efb9d4ddf4ee2923d865e220d729da17972dfe8b67900251946153f9 
[0;36mDEBUG[0m[2026-03-16 10:14:11.707]   received shard header from network in block tracker [0;36mshard[0m = 0 [0;36mepoch[0m = 0 [0;36mround[0m = 475 [0;36mnonce[0m = 475 [0;36mhash[0m = f10bcb1802566f856dd50a22afff5fd84581f7117cdb658095d269f4bdb30eba 
[0;36mDEBUG[0m[2026-03-16 10:14:11.707]   received shard header from network in block tracker [0;36mshard[0m = 0 [0;36mepoch[0m = 0 [0;36mround[0m = 476 [0;36mnonce[0m = 476 [0;36mhash[0m = 7c6f148cf7649ebfd6aefee57283991ef7ca00ed2767386562892f2b5bc9ffb6 
[0;36mDEBUG[0m[2026-03-16 10:14:11.707]   received shard header from network in block tracker [0;36mshard[0m = 0 [0;36mepoch[0m = 0 [0;36mround[0m = 477 [0;36mnonce[0m = 477 [0;36mhash[0m = 83ab43c8bb48b831e3c0ab05d95fa33e8562db14e3732523d653a9e38ffb4be2 
[0;36mDEBUG[0m[2026-03-16 10:14:11.707]   received shard header from network in block tracker [0;36mshard[0m = 0 [0;36mepoch[0m = 0 [0;36mround[0m = 478 [0;36mnonce[0m = 478 [0;36mhash[0m = fe15a28d78ac721edeaf94b86191daa3ce91c1ef7766e5e86e70bb1135e23061 
[0;36mDEBUG[0m[2026-03-16 10:14:11.707]   received shard header from network in block tracker [0;36mshard[0m = 0 [0;36mepoch[0m = 0 [0;36mround[0m = 479 [0;36mnonce[0m = 479 [0;36mhash[0m = c5065edf07b4dc170be8300a70b31caa08b113ae573905c40bcfabfea9d86028 
[0;36mDEBUG[0m[2026-03-16 10:14:11.707]   received shard header from network in block tracker [0;36mshard[0m = 0 [0;36mepoch[0m = 0 [0;36mround[0m = 480 [0;36mnonce[0m = 480 [0;36mhash[0m = 6e62f74deadee7270985b1fdfbbf102e510ae5ec35dc351668ac065023f51e01 
[0;36mDEBUG[0m[2026-03-16 10:14:11.707]   received shard header from network in block tracker [0;36mshard[0m = 0 [0;36mepoch[0m = 0 [0;36mround[0m = 481 [0;36mnonce[0m = 481 [0;36mhash[0m = fa32526e8aa462a9459a8f411d15c7d4a5a833f2f0af528569a7ec04daae20f8 
[0;36mDEBUG[0m[2026-03-16 10:14:11.707]   received shard header from network in block tracker [0;36mshard[0m = 0 [0;36mepoch[0m = 0 [0;36mround[0m = 482 [0;36mnonce[0m = 482 [0;36mhash[0m = 9f0268b90c0b8b9edaacdd04abc103314c3f51688be78792494868eae638322a 
[0;36mDEBUG[0m[2026-03-16 10:14:11.707]   received shard header from network in block tracker [0;36mshard[0m = 0 [0;36mepoch[0m = 0 [0;36mround[0m = 483 [0;36mnonce[0m = 483 [0;36mhash[0m = 8c5d0d988dad36fe04dd9e5113e791769de362b9d488464abec9ee05d62890d5 
[0;36mDEBUG[0m[2026-03-16 10:14:11.707]   received shard header from network in block tracker [0;36mshard[0m = 0 [0;36mepoch[0m = 0 [0;36mround[0m = 484 [0;36mnonce[0m = 484 [0;36mhash[0m = baa6bbeb91a633aef0bb21990f22b72aec2909b9e0eaa4b1057dab8a07a26c4c 
[0;36mDEBUG[0m[2026-03-16 10:14:11.707]   received shard header from network in block tracker [0;36mshard[0m = 0 [0;36mepoch[0m = 0 [0;36mround[0m = 485 [0;36mnonce[0m = 485 [0;36mhash[0m = 2aaacfa787a5f879ca25db81f1fb3757cf772f85e077a59a8074d07a61fe292b 
[0;36mDEBUG[0m[2026-03-16 10:14:11.707]   received shard header from network in block tracker [0;36mshard[0m = 0 [0;36mepoch[0m = 0 [0;36mround[0m = 486 [0;36mnonce[0m = 486 [0;36mhash[0m = 2a570e0b693136ab34a8e34c392f199b2d5bd3ced2a1286e2c7020e8e31ef563 
[0;36mDEBUG[0m[2026-03-16 10:14:11.707]   received shard header from network in block tracker [0;36mshard[0m = 0 [0;36mepoch[0m = 0 [0;36mround[0m = 487 [0;36mnonce[0m = 487 [0;36mhash[0m = 97ff31de262a8a8e872073e61875d81ceef34ae05c96d205ae6b269c1fcb6fb9 
[0;36mDEBUG[0m[2026-03-16 10:14:11.707]   received shard header from network in block tracker [0;36mshard[0m = 0 [0;36mepoch[0m = 0 [0;36mround[0m = 488 [0;36mnonce[0m = 488 [0;36mhash[0m = 5a7f39f05a39f6f72f71b1e98dee86d03547235fe25a55edd947bbb5248683cd 
[0;36mDEBUG[0m[2026-03-16 10:14:11.707]   received shard header from network in block tracker [0;36mshard[0m = 0 [0;36mepoch[0m = 0 [0;36mround[0m = 489 [0;36mnonce[0m = 489 [0;36mhash[0m = 96685c05dee247c87c3344af426d064ea9333953d5f058a4712379215edd14e0 
[0;36mDEBUG[0m[2026-03-16 10:14:11.707]   received shard header from network in block tracker [0;36mshard[0m = 0 [0;36mepoch[0m = 0 [0;36mround[0m = 490 [0;36mnonce[0m = 490 [0;36mhash[0m = f7c1a69a79223104b3af03a65e68dab4a7c964664a99cc5bcb7aec7dfab1d60f 
[0;36mDEBUG[0m[2026-03-16 10:14:11.707]   received shard header from network in block tracker [0;36mshard[0m = 0 [0;36mepoch[0m = 0 [0;36mround[0m = 491 [0;36mnonce[0m = 491 [0;36mhash[0m = 39a145b036f3d820dd8e8fe8705c3f4ff2607e6a3ac9c9a40d424fbbdb77311e 
[0;36mDEBUG[0m[2026-03-16 10:14:11.707]   received shard header from network in block tracker [0;36mshard[0m = 0 [0;36mepoch[0m = 0 [0;36mround[0m = 492 [0;36mnonce[0m = 492 [0;36mhash[0m = cf5419090b49ffa0b45b7ee434dfa26031f1391cdea0c6b0779d6461e65f5e76 
[0;36mDEBUG[0m[2026-03-16 10:14:11.707]   received shard header from network in block tracker [0;36mshard[0m = 0 [0;36mepoch[0m = 0 [0;36mround[0m = 493 [0;36mnonce[0m = 493 [0;36mhash[0m = f6c10674f256d5e3bd701f55753a79b9747b5bc2a9979b0b8647eeb0f237eb03 
[0;36mDEBUG[0m[2026-03-16 10:14:11.707]   received shard header from network in block tracker [0;36mshard[0m = 0 [0;36mepoch[0m = 0 [0;36mround[0m = 494 [0;36mnonce[0m = 494 [0;36mhash[0m = 7d8d287a00597b3d29f90f6f917144ec462f5d59b603ed71c7c64280c7e585db 
[0;36mDEBUG[0m[2026-03-16 10:14:11.707]   received shard header from network in block tracker [0;36mshard[0m = 0 [0;36mepoch[0m = 0 [0;36mround[0m = 495 [0;36mnonce[0m = 495 [0;36mhash[0m = 5e9790a3636ef7654991616ce112342592d618d8baccea207aed8ab3547f2c26 
[0;36mDEBUG[0m[2026-03-16 10:14:11.707]   received shard header from network in block tracker [0;36mshard[0m = 0 [0;36mepoch[0m = 0 [0;36mround[0m = 496 [0;36mnonce[0m = 496 [0;36mhash[0m = 78d276b6cf122480cac7246e27dba6aa20301843fc0270831d4e348c687e829a 
[0;36mDEBUG[0m[2026-03-16 10:14:11.707]   received shard header from network in block tracker [0;36mshard[0m = 0 [0;36mepoch[0m = 0 [0;36mround[0m = 497 [0;36mnonce[0m = 497 [0;36mhash[0m = 81987c5f61890784ed75110c4f2a1263a7d1d9ccfec7137c5e79a435c84167bf 
[0;36mDEBUG[0m[2026-03-16 10:14:11.707]   received shard header from network in block tracker [0;36mshard[0m = 0 [0;36mepoch[0m = 0 [0;36mround[0m = 498 [0;36mnonce[0m = 498 [0;36mhash[0m = acb0df90bd2091cf6258b1a1986588113c85f0c6cc958da39aae5356873ed36b 
[0;36mDEBUG[0m[2026-03-16 10:14:11.707]   received shard header from network in block tracker [0;36mshard[0m = 0 [0;36mepoch[0m = 0 [0;36mround[0m = 499 [0;36mnonce[0m = 499 [0;36mhash[0m = 1caa098f7f409870a2095287f2f42848ed6bacf3323700213c754716b0b05531 
[0;36mDEBUG[0m[2026-03-16 10:14:11.707]   received shard header from network in block tracker [0;36mshard[0m = 0 [0;36mepoch[0m = 0 [0;36mround[0m = 500 [0;36mnonce[0m = 500 [0;36mhash[0m = ab67b66ed7d63f15592abf3cc4cf89ad4498a9de619a09c7cdb733118e52160d 
[0;36mDEBUG[0m[2026-03-16 10:14:11.707]   received shard header from network in block tracker [0;36mshard[0m = 0 [0;36mepoch[0m = 0 [0;36mround[0m = 501 [0;36mnonce[0m = 501 [0;36mhash[0m = 46ef1168be24dc94588586a917f3c963e3302d1f386a2a9edca5e3931ce3e646 
[0;36mDEBUG[0m[2026-03-16 10:14:11.707]   received shard header from network in block tracker [0;36mshard[0m = 0 [0;36mepoch[0m = 0 [0;36mround[0m = 502 [0;36mnonce[0m = 502 [0;36mhash[0m = 39f0e19fc767ecf2d3f31a82e04c93c32b8c5d67375d37232f1675355808157f 
[0;36mDEBUG[0m[2026-03-16 10:14:11.707]   received shard header from network in block tracker [0;36mshard[0m = 0 [0;36mepoch[0m = 0 [0;36mround[0m = 503 [0;36mnonce[0m = 503 [0;36mhash[0m = 1375b0f6d5ebf871581f018a8b25e264b8f818399ad3c5bf30418513e93d4980 
[0;36mDEBUG[0m[2026-03-16 10:14:11.707]   received shard header from network in block tracker [0;36mshard[0m = 0 [0;36mepoch[0m = 0 [0;36mround[0m = 504 [0;36mnonce[0m = 504 [0;36mhash[0m = c8a7ffaa08ee366b2d76c563f8ed1172e5f3fb645308b4abec925b5967427bae 
[0;36mDEBUG[0m[2026-03-16 10:14:11.707]   received shard header from network in block tracker [0;36mshard[0m = 0 [0;36mepoch[0m = 0 [0;36mround[0m = 505 [0;36mnonce[0m = 505 [0;36mhash[0m = 2c747412edd4167fc7a869a856f5b9385afa61b3d811f7847d8bc65470708974 
[0;36mDEBUG[0m[2026-03-16 10:14:11.707]   received shard header from network in block tracker [0;36mshard[0m = 0 [0;36mepoch[0m = 0 [0;36mround[0m = 506 [0;36mnonce[0m = 506 [0;36mhash[0m = d4de354738c0fae3e5b7669075d181f72830fb5a8d408e1c1c707a232b5fc419 
[0;36mDEBUG[0m[2026-03-16 10:14:11.707]   received shard header from network in block tracker [0;36mshard[0m = 0 [0;36mepoch[0m = 0 [0;36mround[0m = 507 [0;36mnonce[0m = 507 [0;36mhash[0m = 2c86c9389f375dd79f00241ee184eba37600bef940127907c27d43aae3ca6d5f 
[0;36mDEBUG[0m[2026-03-16 10:14:11.707]   received shard header from network in block tracker [0;36mshard[0m = 0 [0;36mepoch[0m = 0 [0;36mround[0m = 508 [0;36mnonce[0m = 508 [0;36mhash[0m = 5520d3870b7506e58f0aac8a8a86e6c68ec80413ca114382a0b08f177e9a1113 
[0;36mDEBUG[0m[2026-03-16 10:14:11.707]   received shard header from network in block tracker [0;36mshard[0m = 0 [0;36mepoch[0m = 0 [0;36mround[0m = 509 [0;36mnonce[0m = 509 [0;36mhash[0m = 11fb90e5b7ce9927b2c39a40473b1019fedef853378f85247876cdc7b518b956 
[0;36mDEBUG[0m[2026-03-16 10:14:11.707]   received shard header from network in block tracker [0;36mshard[0m = 0 [0;36mepoch[0m = 0 [0;36mround[0m = 510 [0;36mnonce[0m = 510 [0;36mhash[0m = 4c7730a1f24659b9b27568cc663c09e49e1b178540481ab88ce01869fb1357a5 
[0;36mDEBUG[0m[2026-03-16 10:14:11.707]   received shard header from network in block tracker [0;36mshard[0m = 0 [0;36mepoch[0m = 0 [0;36mround[0m = 511 [0;36mnonce[0m = 511 [0;36mhash[0m = f632538ecfd6ac103c60fc2921d2cb16088f970c85d28d9b8f18b98c6cf6dac0 
[0;36mDEBUG[0m[2026-03-16 10:14:11.707]   received shard header from network in block tracker [0;36mshard[0m = 0 [0;36mepoch[0m = 0 [0;36mround[0m = 512 [0;36mnonce[0m = 512 [0;36mhash[0m = 7535e8b6f305a645425e2584e145c51184cbd5fc7bd8be5646e630d266433055 
[0;36mDEBUG[0m[2026-03-16 10:14:11.707]   received shard header from network in block tracker [0;36mshard[0m = 0 [0;36mepoch[0m = 0 [0;36mround[0m = 513 [0;36mnonce[0m = 513 [0;36mhash[0m = 01cb006a3245f3cf12169a5d41e03dd4d5b214a0939fa7b01f3e68341559e3c8 
[0;36mDEBUG[0m[2026-03-16 10:14:11.707]   received shard header from network in block tracker [0;36mshard[0m = 0 [0;36mepoch[0m = 0 [0;36mround[0m = 514 [0;36mnonce[0m = 514 [0;36mhash[0m = 7718202d414bb9f74e6218a79bcc8df687b0f39f3bf86f13d737fc399cc54ad0 
[0;36mDEBUG[0m[2026-03-16 10:14:11.707]   received shard header from network in block tracker [0;36mshard[0m = 0 [0;36mepoch[0m = 0 [0;36mround[0m = 515 [0;36mnonce[0m = 515 [0;36mhash[0m = e8feda7119fa19eadc867d4d8c7db9cd8a87a226994a7ee24d925b1c719e93d7 
[0;36mDEBUG[0m[2026-03-16 10:14:11.707]   received shard header from network in block tracker [0;36mshard[0m = 0 [0;36mepoch[0m = 0 [0;36mround[0m = 516 [0;36mnonce[0m = 516 [0;36mhash[0m = fc43b38bf9c15af9f71bcb304f4af135f6c7f0488e234b6a770a388759172521 
[0;36mDEBUG[0m[2026-03-16 10:14:11.707]   received shard header from network in block tracker [0;36mshard[0m = 0 [0;36mepoch[0m = 0 [0;36mround[0m = 517 [0;36mnonce[0m = 517 [0;36mhash[0m = da675c52fe4b107d1c4810bae27b97a979d3918109ce2711ca264ef474855812 
[0;36mDEBUG[0m[2026-03-16 10:14:11.707]   received shard header from network in block tracker [0;36mshard[0m = 0 [0;36mepoch[0m = 0 [0;36mround[0m = 518 [0;36mnonce[0m = 518 [0;36mhash[0m = fda5697780c5d2d4accc8f15a8a14d0021be1da42854f957fb1d74e3a219b457 
[0;36mDEBUG[0m[2026-03-16 10:14:11.707]   received shard header from network in block tracker [0;36mshard[0m = 0 [0;36mepoch[0m = 0 [0;36mround[0m = 519 [0;36mnonce[0m = 519 [0;36mhash[0m = 37a3f6cba9bf0039d720d349651d438814724f700f672e875b70ba9a406d0b25 
[0;36mDEBUG[0m[2026-03-16 10:14:11.707]   received shard header from network in block tracker [0;36mshard[0m = 0 [0;36mepoch[0m = 0 [0;36mround[0m = 520 [0;36mnonce[0m = 520 [0;36mhash[0m = c1ea392c0a909f789bdd3bbb2e2c8ac7541a4f135e550e3a074a127e3a7aa5b9 
[0;36mDEBUG[0m[2026-03-16 10:14:11.707]   received shard header from network in block tracker [0;36mshard[0m = 0 [0;36mepoch[0m = 0 [0;36mround[0m = 521 [0;36mnonce[0m = 521 [0;36mhash[0m = c880432087a2b2e65c45d6581261cd2d3548c5c49e18b029b7961c1e47af76ce 
[0;36mDEBUG[0m[2026-03-16 10:14:11.707]   received shard header from network in block tracker [0;36mshard[0m = 0 [0;36mepoch[0m = 0 [0;36mround[0m = 522 [0;36mnonce[0m = 522 [0;36mhash[0m = 7c9a878f6b5ae05a8f84c1ec76fd078cfe67271e572d5de0badc60d2b912db7c 
[0;36mDEBUG[0m[2026-03-16 10:14:11.707]   received shard header from network in block tracker [0;36mshard[0m = 0 [0;36mepoch[0m = 0 [0;36mround[0m = 523 [0;36mnonce[0m = 523 [0;36mhash[0m = 13d496886f725a574b39a2e68591e598aad3fce54792f107f7b4a2e11b6e210d 
[0;36mDEBUG[0m[2026-03-16 10:14:11.707]   received shard header from network in block tracker [0;36mshard[0m = 0 [0;36mepoch[0m = 0 [0;36mround[0m = 524 [0;36mnonce[0m = 524 [0;36mhash[0m = b3634632fb8380c1bccec744392e2b791e9f1878192f9b756c9a13740bf3fa32 
[0;36mDEBUG[0m[2026-03-16 10:14:11.707]   received shard header from network in block tracker [0;36mshard[0m = 0 [0;36mepoch[0m = 0 [0;36mround[0m = 525 [0;36mnonce[0m = 525 [0;36mhash[0m = e1ce97b7d286972425ebed8faedb1330429ce12bfe55b4019824950d8ff83cb5 
[0;36mDEBUG[0m[2026-03-16 10:14:11.707]   received shard header from network in block tracker [0;36mshard[0m = 0 [0;36mepoch[0m = 0 [0;36mround[0m = 526 [0;36mnonce[0m = 526 [0;36mhash[0m = 9edd17912524629ced2f07154d0279bfa8630c73618b095863610378cd7f3b8e 
[0;36mDEBUG[0m[2026-03-16 10:14:11.707]   received shard header from network in block tracker [0;36mshard[0m = 0 [0;36mepoch[0m = 0 [0;36mround[0m = 527 [0;36mnonce[0m = 527 [0;36mhash[0m = c9322ae43e34a2c8cd8c4916ead244b065c6ab324d60652169cf03b6c9b7896a 
[0;36mDEBUG[0m[2026-03-16 10:14:11.707]   received shard header from network in block tracker [0;36mshard[0m = 0 [0;36mepoch[0m = 0 [0;36mround[0m = 528 [0;36mnonce[0m = 528 [0;36mhash[0m = e2f298f6911804d8c1f8fff8df984fd02fbf6e8ee7a9b6e5e44905bc5a869509 
[0;36mDEBUG[0m[2026-03-16 10:14:11.707]   received shard header from network in block tracker [0;36mshard[0m = 0 [0;36mepoch[0m = 0 [0;36mround[0m = 529 [0;36mnonce[0m = 529 [0;36mhash[0m = ad9ea71cfc9b48772232816db36853f207ad6de460b1be6af2417df93164dc18 
[0;36mDEBUG[0m[2026-03-16 10:14:11.707]   received shard header from network in block tracker [0;36mshard[0m = 0 [0;36mepoch[0m = 0 [0;36mround[0m = 530 [0;36mnonce[0m = 530 [0;36mhash[0m = 60d999f078a96747263c74bee0b28fcc4bbfbd69b5e63cb551be0bd4a7518ba7 
[0;36mDEBUG[0m[2026-03-16 10:14:11.707]   received shard header from network in block tracker [0;36mshard[0m = 0 [0;36mepoch[0m = 0 [0;36mround[0m = 531 [0;36mnonce[0m = 531 [0;36mhash[0m = 862efa6d2b05a6857ae2bfb1c5c50a7b789472570162c44cd7ea255f49d49c93 
[0;36mDEBUG[0m[2026-03-16 10:14:11.707]   received shard header from network in block tracker [0;36mshard[0m = 0 [0;36mepoch[0m = 0 [0;36mround[0m = 532 [0;36mnonce[0m = 532 [0;36mhash[0m = 9cb407d6aa7f00a155ede06ddb9fd7db131c527aa8f72ee27e876d29085d3fe5 
[0;36mDEBUG[0m[2026-03-16 10:14:11.707]   received shard header from network in block tracker [0;36mshard[0m = 0 [0;36mepoch[0m = 0 [0;36mround[0m = 533 [0;36mnonce[0m = 533 [0;36mhash[0m = 7416604745f493f3b3f780f50059f587b580f4d4c0cd8c6308b0168d9933f19c 
[0;36mDEBUG[0m[2026-03-16 10:14:11.707]   received shard header from network in block tracker [0;36mshard[0m = 0 [0;36mepoch[0m = 0 [0;36mround[0m = 534 [0;36mnonce[0m = 534 [0;36mhash[0m = 4ee6d05c8300853c6b761f0aa557152441e4f8c45be679f5cf0b0e3b3314ecaf 
[0;36mDEBUG[0m[2026-03-16 10:14:11.707]   received shard header from network in block tracker [0;36mshard[0m = 0 [0;36mepoch[0m = 0 [0;36mround[0m = 535 [0;36mnonce[0m = 535 [0;36mhash[0m = 15fa1fa7a743016596d8522fad1990d6ee831ca2bc72945603b4b6d2441228c9 
[0;36mDEBUG[0m[2026-03-16 10:14:11.707]   received shard header from network in block tracker [0;36mshard[0m = 0 [0;36mepoch[0m = 0 [0;36mround[0m = 536 [0;36mnonce[0m = 536 [0;36mhash[0m = 5a72cec4e8a140f1b98c5f235637d5dd67031e6bf6f35355bb7f0f6af3456231 
[0;36mDEBUG[0m[2026-03-16 10:14:11.707]   received shard header from network in block tracker [0;36mshard[0m = 0 [0;36mepoch[0m = 0 [0;36mround[0m = 537 [0;36mnonce[0m = 537 [0;36mhash[0m = b92535affd877c71a040135e5294bbe1af6f1bf217b987344043952c3c00a8f6 
[0;36mDEBUG[0m[2026-03-16 10:14:11.707]   received shard header from network in block tracker [0;36mshard[0m = 0 [0;36mepoch[0m = 0 [0;36mround[0m = 538 [0;36mnonce[0m = 538 [0;36mhash[0m = 77e35a51a56da28173876b3b421cf1f7493bb5020bc9b8974d1032bd0a5683c2 
[0;36mDEBUG[0m[2026-03-16 10:14:11.707]   received shard header from network in block tracker [0;36mshard[0m = 0 [0;36mepoch[0m = 0 [0;36mround[0m = 539 [0;36mnonce[0m = 539 [0;36mhash[0m = 018f636e4bd8a17242e74a9481d3e5ec8c62bc2264d1767ec790ad9ea2f186d9 
[0;36mDEBUG[0m[2026-03-16 10:14:11.707]   received shard header from network in block tracker [0;36mshard[0m = 0 [0;36mepoch[0m = 0 [0;36mround[0m = 540 [0;36mnonce[0m = 540 [0;36mhash[0m = 82a09444a294c90eee5d49b4d875f4d47c927612fe1cc8cf68d48bf03990ffa0 
[0;36mDEBUG[0m[2026-03-16 10:14:11.707]   received shard header from network in block tracker [0;36mshard[0m = 0 [0;36mepoch[0m = 0 [0;36mround[0m = 541 [0;36mnonce[0m = 541 [0;36mhash[0m = d10b92f93bfa8cfef6c85a40e586de9382a37f01d51d0221c8a65e440d9966fa 
[0;36mDEBUG[0m[2026-03-16 10:14:11.707]   received shard header from network in block tracker [0;36mshard[0m = 0 [0;36mepoch[0m = 0 [0;36mround[0m = 542 [0;36mnonce[0m = 542 [0;36mhash[0m = 6bde605fe329911bad621057dc3dc57cc918564d32d87a79904c13aae8e4ec00 
[0;36mDEBUG[0m[2026-03-16 10:14:11.707]   received shard header from network in block tracker [0;36mshard[0m = 0 [0;36mepoch[0m = 0 [0;36mround[0m = 543 [0;36mnonce[0m = 543 [0;36mhash[0m = 6467a3f41d44b5c6b6ae4aa25a0614f9a9847006e724b2888e80922cf5976a30 
[0;36mDEBUG[0m[2026-03-16 10:14:11.707]   received shard header from network in block tracker [0;36mshard[0m = 0 [0;36mepoch[0m = 0 [0;36mround[0m = 544 [0;36mnonce[0m = 544 [0;36mhash[0m = 9882528641bbc7b6546aa0079a319d176e764c94c5a8e67a118d4673904ed631 
[0;36mDEBUG[0m[2026-03-16 10:14:11.707]   received shard header from network in block tracker [0;36mshard[0m = 0 [0;36mepoch[0m = 0 [0;36mround[0m = 545 [0;36mnonce[0m = 545 [0;36mhash[0m = ba20f1feec7e59d09d92b0f105e176c70dd1c1907b26dd20baab42d144b67433 
[0;36mDEBUG[0m[2026-03-16 10:14:11.707]   received shard header from network in block tracker [0;36mshard[0m = 0 [0;36mepoch[0m = 0 [0;36mround[0m = 546 [0;36mnonce[0m = 546 [0;36mhash[0m = 66fff198c42eb867ebdbadf18286109e8a76119fd855814be0c994962d55168d 
[0;36mDEBUG[0m[2026-03-16 10:14:11.707]   received shard header from network in block tracker [0;36mshard[0m = 0 [0;36mepoch[0m = 0 [0;36mround[0m = 547 [0;36mnonce[0m = 547 [0;36mhash[0m = 4dbd2f2c5f8ab67fd440f05bc6fe94caf3fbaa4f91745f379bb7ecc003358ee5 
[0;36mDEBUG[0m[2026-03-16 10:14:11.707]   received shard header from network in block tracker [0;36mshard[0m = 0 [0;36mepoch[0m = 0 [0;36mround[0m = 548 [0;36mnonce[0m = 548 [0;36mhash[0m = 005c0c7df5645609e17c8827cf12eea6b75a8a8f83a2e4402aa60b4c5a31b0b0 
[0;36mDEBUG[0m[2026-03-16 10:14:11.708]   received shard header from network in block tracker [0;36mshard[0m = 0 [0;36mepoch[0m = 0 [0;36mround[0m = 549 [0;36mnonce[0m = 549 [0;36mhash[0m = 1e1533b1b2f24f2e7e6f94781d7c36b160a7fffe63a60e6d79e8f6005cb679e2 
[0;36mDEBUG[0m[2026-03-16 10:14:11.708]   received shard header from network in block tracker [0;36mshard[0m = 0 [0;36mepoch[0m = 0 [0;36mround[0m = 550 [0;36mnonce[0m = 550 [0;36mhash[0m = 4ff0486f6864f731dcaf795dae38719046fb98ee324ae7a2195fe3a07a0f8839 
[0;36mDEBUG[0m[2026-03-16 10:14:11.708]   received shard header from network in block tracker [0;36mshard[0m = 0 [0;36mepoch[0m = 0 [0;36mround[0m = 551 [0;36mnonce[0m = 551 [0;36mhash[0m = c2431dd06d11115a4bcae72c44553ded09ed83dbdc2c7f62662dc047ab748175 
[0;36mDEBUG[0m[2026-03-16 10:14:11.708]   received shard header from network in block tracker [0;36mshard[0m = 0 [0;36mepoch[0m = 0 [0;36mround[0m = 552 [0;36mnonce[0m = 552 [0;36mhash[0m = d4dde43b962977a3031eee6ed6f910687d774a8b9af86a9fc52dea7d9b3054c9 
[0;36mDEBUG[0m[2026-03-16 10:14:11.708]   received shard header from network in block tracker [0;36mshard[0m = 0 [0;36mepoch[0m = 0 [0;36mround[0m = 553 [0;36mnonce[0m = 553 [0;36mhash[0m = 0870a9f466f24a418354fa1d5a22db3887dc3f474e3c60404ab6d3e2cc154377 
[0;36mDEBUG[0m[2026-03-16 10:14:11.708]   received shard header from network in block tracker [0;36mshard[0m = 0 [0;36mepoch[0m = 0 [0;36mround[0m = 554 [0;36mnonce[0m = 554 [0;36mhash[0m = 3f889c7c78e704a0a4f28a8986c046198cb73e65ab7b12dc48495757cda700fb 
[0;36mDEBUG[0m[2026-03-16 10:14:11.708]   received shard header from network in block tracker [0;36mshard[0m = 0 [0;36mepoch[0m = 0 [0;36mround[0m = 555 [0;36mnonce[0m = 555 [0;36mhash[0m = df6363935f47000d8f3bc0c576b2d4ff78d50a267a8606bfa3eab4580aa39afc 
[0;36mDEBUG[0m[2026-03-16 10:14:11.708]   received shard header from network in block tracker [0;36mshard[0m = 0 [0;36mepoch[0m = 0 [0;36mround[0m = 556 [0;36mnonce[0m = 556 [0;36mhash[0m = a1c56e3b000782b9e6efd5f16904faeb9d69be13fb60d346d9065853d1afe7f0 
[0;36mDEBUG[0m[2026-03-16 10:14:11.708]   received shard header from network in block tracker [0;36mshard[0m = 0 [0;36mepoch[0m = 0 [0;36mround[0m = 557 [0;36mnonce[0m = 557 [0;36mhash[0m = 2bd0add33a3ff9c7d6a82090927f6077951ce31ade05e5d5c742df671690098c 
[0;36mDEBUG[0m[2026-03-16 10:14:11.708]   received shard header from network in block tracker [0;36mshard[0m = 0 [0;36mepoch[0m = 0 [0;36mround[0m = 558 [0;36mnonce[0m = 558 [0;36mhash[0m = 1c5a17d13596014c83a3489db916d19dd37d7ccaee08e0b38c6794362a0a0bb4 
[0;36mDEBUG[0m[2026-03-16 10:14:11.708]   received shard header from network in block tracker [0;36mshard[0m = 0 [0;36mepoch[0m = 0 [0;36mround[0m = 559 [0;36mnonce[0m = 559 [0;36mhash[0m = c88dd40ae10f5b132b3b263fe0b802bb244faf0e09d8efef038a2833b8543215 
[0;36mDEBUG[0m[2026-03-16 10:14:11.708]   received shard header from network in block tracker [0;36mshard[0m = 0 [0;36mepoch[0m = 0 [0;36mround[0m = 560 [0;36mnonce[0m = 560 [0;36mhash[0m = 207b90e72de937cbcf62bf1d93a251e5e0226953f81d1d9651b2ca57cfb7a8a4 
[0;36mDEBUG[0m[2026-03-16 10:14:11.708]   received shard header from network in block tracker [0;36mshard[0m = 0 [0;36mepoch[0m = 0 [0;36mround[0m = 561 [0;36mnonce[0m = 561 [0;36mhash[0m = 5b7f073a4f61e816565791a7819f12f6e13be62fe660ff1615e9e35360d18c08 
[0;36mDEBUG[0m[2026-03-16 10:14:11.708]   received shard header from network in block tracker [0;36mshard[0m = 0 [0;36mepoch[0m = 0 [0;36mround[0m = 562 [0;36mnonce[0m = 562 [0;36mhash[0m = b9b3eaee4a6e6fac72c725c4c0a2a3e7275e5bfdd80422b4c49aff6065a85c7b 
[0;36mDEBUG[0m[2026-03-16 10:14:11.708]   received shard header from network in block tracker [0;36mshard[0m = 0 [0;36mepoch[0m = 0 [0;36mround[0m = 563 [0;36mnonce[0m = 563 [0;36mhash[0m = c1a322352ff540c4cce53289db49a58351a442a7ee57707c8c9df6554d1ba6b1 
[0;36mDEBUG[0m[2026-03-16 10:14:11.708]   received shard header from network in block tracker [0;36mshard[0m = 0 [0;36mepoch[0m = 0 [0;36mround[0m = 564 [0;36mnonce[0m = 564 [0;36mhash[0m = 88b385da669dd26de38a22570da32b24cda4b461465f82ae6887ac06cb4b1922 
[0;36mDEBUG[0m[2026-03-16 10:14:11.708]   received shard header from network in block tracker [0;36mshard[0m = 0 [0;36mepoch[0m = 0 [0;36mround[0m = 565 [0;36mnonce[0m = 565 [0;36mhash[0m = 9bbd33a2260e07ef021de62b4c53be86cfe679b2107d187c38d08cc828f36f10 
[0;36mDEBUG[0m[2026-03-16 10:14:11.708]   received shard header from network in block tracker [0;36mshard[0m = 0 [0;36mepoch[0m = 0 [0;36mround[0m = 566 [0;36mnonce[0m = 566 [0;36mhash[0m = 7575aaa9a164ca2b643e1450b021794b80877949d416aeac79e654119a0d734c 
[0;36mDEBUG[0m[2026-03-16 10:14:11.708]   received shard header from network in block tracker [0;36mshard[0m = 0 [0;36mepoch[0m = 0 [0;36mround[0m = 567 [0;36mnonce[0m = 567 [0;36mhash[0m = 681368340bbbe191f8266112a4ce3cd6406345703b586c5f9da35d5135057c45 
[0;36mDEBUG[0m[2026-03-16 10:14:11.708]   received shard header from network in block tracker [0;36mshard[0m = 0 [0;36mepoch[0m = 0 [0;36mround[0m = 568 [0;36mnonce[0m = 568 [0;36mhash[0m = ea29d3b5765d8732e6ecde2eecf37f7a16b934dfc875d6299bbd4ea7d266f363 
[0;36mDEBUG[0m[2026-03-16 10:14:11.708]   received shard header from network in block tracker [0;36mshard[0m = 0 [0;36mepoch[0m = 0 [0;36mround[0m = 569 [0;36mnonce[0m = 569 [0;36mhash[0m = f61f9fd4a8329b3d1b3118a490342dd010eda9113f178b1109c36d25a5344507 
[0;36mDEBUG[0m[2026-03-16 10:14:11.708]   received shard header from network in block tracker [0;36mshard[0m = 0 [0;36mepoch[0m = 0 [0;36mround[0m = 570 [0;36mnonce[0m = 570 [0;36mhash[0m = c020933d462f8b696edf5cffcca946be505bb504589879d418ef748c4fc0aabe 
[0;36mDEBUG[0m[2026-03-16 10:14:11.708]   received shard header from network in block tracker [0;36mshard[0m = 0 [0;36mepoch[0m = 0 [0;36mround[0m = 571 [0;36mnonce[0m = 571 [0;36mhash[0m = dfd4d5ab1be0cf2928e51e3f1bdccf9d1edf809419904544ac26e04513dcce1a 
[0;36mDEBUG[0m[2026-03-16 10:14:11.708]   received shard header from network in block tracker [0;36mshard[0m = 0 [0;36mepoch[0m = 0 [0;36mround[0m = 572 [0;36mnonce[0m = 572 [0;36mhash[0m = 377bb00b231e5630f6febff9af4488dac92e28402bb1a6540c37430e0af7e0b5 
[0;36mDEBUG[0m[2026-03-16 10:14:11.708]   received shard header from network in block tracker [0;36mshard[0m = 0 [0;36mepoch[0m = 0 [0;36mround[0m = 573 [0;36mnonce[0m = 573 [0;36mhash[0m = eeb907465800771f67756b21b60f59844897e85c70f4a5619baf408f3e7b9676 
[0;36mDEBUG[0m[2026-03-16 10:14:11.708]   received shard header from network in block tracker [0;36mshard[0m = 0 [0;36mepoch[0m = 0 [0;36mround[0m = 574 [0;36mnonce[0m = 574 [0;36mhash[0m = 53ffbc06f1f0f14c5d07454c7868ef5cfdc234091fa0d9909611d8c5974a5850 
[0;36mDEBUG[0m[2026-03-16 10:14:11.708]   received shard header from network in block tracker [0;36mshard[0m = 0 [0;36mepoch[0m = 0 [0;36mround[0m = 575 [0;36mnonce[0m = 575 [0;36mhash[0m = 51afed3058f761ce63a6802bd8e74975cdeca27f4d1131af8109e4390e30e247 
[0;36mDEBUG[0m[2026-03-16 10:14:11.708]   received shard header from network in block tracker [0;36mshard[0m = 0 [0;36mepoch[0m = 0 [0;36mround[0m = 576 [0;36mnonce[0m = 576 [0;36mhash[0m = 5bf4a29ee410b19fcfff3d85b9721c6313de8c22fd11a2bb49184ebbfdf89372 
[0;36mDEBUG[0m[2026-03-16 10:14:11.708]   received shard header from network in block tracker [0;36mshard[0m = 0 [0;36mepoch[0m = 0 [0;36mround[0m = 577 [0;36mnonce[0m = 577 [0;36mhash[0m = 6b285dd2b7f330cd8acf2d1b9f3419dffc11d59967a917d8fde630f411f2d3e6 
[0;36mDEBUG[0m[2026-03-16 10:14:11.708]   received shard header from network in block tracker [0;36mshard[0m = 0 [0;36mepoch[0m = 0 [0;36mround[0m = 578 [0;36mnonce[0m = 578 [0;36mhash[0m = cb2326fe4424ee23c06e5370c0374f4acdec896a8d7b6756dd624857fcae1e58 
[0;36mDEBUG[0m[2026-03-16 10:14:11.708]   received shard header from network in block tracker [0;36mshard[0m = 0 [0;36mepoch[0m = 0 [0;36mround[0m = 579 [0;36mnonce[0m = 579 [0;36mhash[0m = 7a30853749d2dff357eb09c24cd5eae09d0df9d29e5deed306cc80ac717264da 
[0;36mDEBUG[0m[2026-03-16 10:14:11.708]   received shard header from network in block tracker [0;36mshard[0m = 0 [0;36mepoch[0m = 0 [0;36mround[0m = 580 [0;36mnonce[0m = 580 [0;36mhash[0m = a2a9cffcb75550a33c021c0d3f933907a4ffd6fb0e7a30866e5d0331bfe85d2f 
[0;36mDEBUG[0m[2026-03-16 10:14:11.708]   received shard header from network in block tracker [0;36mshard[0m = 0 [0;36mepoch[0m = 0 [0;36mround[0m = 581 [0;36mnonce[0m = 581 [0;36mhash[0m = 780c7a993a17fd70fdb2419ceaa6dd6d9688de4e67405a592534fbe8c5497873 
[0;36mDEBUG[0m[2026-03-16 10:14:11.708]   received shard header from network in block tracker [0;36mshard[0m = 0 [0;36mepoch[0m = 0 [0;36mround[0m = 582 [0;36mnonce[0m = 582 [0;36mhash[0m = f4eaca05d3200135b39fabd121ae5c0670fd3878e969745d39bfa6b052cc425b 
[0;36mDEBUG[0m[2026-03-16 10:14:11.708]   received shard header from network in block tracker [0;36mshard[0m = 0 [0;36mepoch[0m = 0 [0;36mround[0m = 583 [0;36mnonce[0m = 583 [0;36mhash[0m = 6e0e7eacdfd3a84ec533d2ecfa4ec9ac6ad5cbacfba6b8b1a816c8a1350c9df9 
[0;36mDEBUG[0m[2026-03-16 10:14:11.708]   received shard header from network in block tracker [0;36mshard[0m = 0 [0;36mepoch[0m = 0 [0;36mround[0m = 584 [0;36mnonce[0m = 584 [0;36mhash[0m = 71bb8fb50568818b4c26c9508119271f8fde60e28019269517936788091911fd 
[0;36mDEBUG[0m[2026-03-16 10:14:11.708]   received shard header from network in block tracker [0;36mshard[0m = 0 [0;36mepoch[0m = 0 [0;36mround[0m = 585 [0;36mnonce[0m = 585 [0;36mhash[0m = 4d0161bf0011a8320113902c97b4f3c4e460e0313e6c5ed5d1a80852bb7ddf5e 
[0;36mDEBUG[0m[2026-03-16 10:14:11.708]   received shard header from network in block tracker [0;36mshard[0m = 0 [0;36mepoch[0m = 0 [0;36mround[0m = 586 [0;36mnonce[0m = 586 [0;36mhash[0m = 12c882ae910576508e006abe9e48514490ddb5fdb113fd8e96cc2710b72a10c6 
[0;36mDEBUG[0m[2026-03-16 10:14:11.708]   received shard header from network in block tracker [0;36mshard[0m = 0 [0;36mepoch[0m = 0 [0;36mround[0m = 587 [0;36mnonce[0m = 587 [0;36mhash[0m = 3f58f08bba7dc43a2a864ae3730e97b3f56c52b72b6ab93bd95fd399f948d8f7 
[0;36mDEBUG[0m[2026-03-16 10:14:11.708]   received shard header from network in block tracker [0;36mshard[0m = 0 [0;36mepoch[0m = 0 [0;36mround[0m = 588 [0;36mnonce[0m = 588 [0;36mhash[0m = 27bf3b05ff0b95c258288daa16960d29094a74c26c0ba14f1db567ed81fd0bce 
[0;36mDEBUG[0m[2026-03-16 10:14:11.708]   received shard header from network in block tracker [0;36mshard[0m = 0 [0;36mepoch[0m = 0 [0;36mround[0m = 589 [0;36mnonce[0m = 589 [0;36mhash[0m = 3dc52f297a3cf4b28cfaf22ca2eb4099f1a3867ff34f9acf8f1a00c808340fac 
[0;36mDEBUG[0m[2026-03-16 10:14:11.708]   received shard header from network in block tracker [0;36mshard[0m = 0 [0;36mepoch[0m = 0 [0;36mround[0m = 590 [0;36mnonce[0m = 590 [0;36mhash[0m = d8f545e3268404337aba767f266c20eed3bfd48322ffd2ba039239a861a819f3 
=== CONT  TestReceivedShardHeader_ShouldNotAddWhenShardHeaderIsOutOfRange
[0;36mDEBUG[0m[2026-03-16 10:14:11.708]   received shard header from network in block tracker [0;36mshard[0m = 0 [0;36mepoch[0m = 0 [0;36mround[0m = 591 [0;36mnonce[0m = 591 [0;36mhash[0m = b9617977698ca6ad31764587dd8804163ad840a0edf96754cc3c3c2cd2e522a4 
[0;36mDEBUG[0m[2026-03-16 10:14:11.709]   received shard header from network in block tracker [0;36mshard[0m = 0 [0;36mepoch[0m = 0 [0;36mround[0m = 592 [0;36mnonce[0m = 592 [0;36mhash[0m = ec8e377cf38257d9f385dba9c408ce12c8b7d2a667b7039eb80a78f223a0c8d5 
[0;36mDEBUG[0m[2026-03-16 10:14:11.709]   received shard header from network in block tracker [0;36mshard[0m = 0 [0;36mepoch[0m = 0 [0;36mround[0m = 593 [0;36mnonce[0m = 593 [0;36mhash[0m = c847d00748426f2b60e0adfcfd58a86a214c6123795a78d5bcb99a4af8c0793c 
[0;36mDEBUG[0m[2026-03-16 10:14:11.709]   received shard header from network in block tracker [0;36mshard[0m = 0 [0;36mepoch[0m = 0 [0;36mround[0m = 594 [0;36mnonce[0m = 594 [0;36mhash[0m = 678efb72f96dd683358cdb3b1b575b8686275c9b193aece2816971afa4ca6d15 
[0;36mDEBUG[0m[2026-03-16 10:14:11.709]   received shard header from network in block tracker [0;36mshard[0m = 0 [0;36mepoch[0m = 0 [0;36mround[0m = 595 [0;36mnonce[0m = 595 [0;36mhash[0m = 446a4f1a6db73a412b90af9d8664cca27aecd7cdc408255c1011dd7784480522 
[0;36mDEBUG[0m[2026-03-16 10:14:11.709]   received shard header from network in block tracker [0;36mshard[0m = 0 [0;36mepoch[0m = 0 [0;36mround[0m = 596 [0;36mnonce[0m = 596 [0;36mhash[0m = bc5093ccee3bbfe7724c9ee77246b16ad85240a385b6ad4fee74b9b3b8bd9116 
=== CONT  TestShardComputeLongestSelfChain_ShouldReturnEmptySliceWhenComputeLongestChainReturnNil
[0;36mDEBUG[0m[2026-03-16 10:14:11.709]   received shard header from network in block tracker [0;36mshard[0m = 0 [0;36mepoch[0m = 0 [0;36mround[0m = 597 [0;36mnonce[0m = 597 [0;36mhash[0m = 0a1a5a22a02915d708ae3dc7e93db8e714c7134bccda683d94fe0a19a5154a8c 
[0;36mDEBUG[0m[2026-03-16 10:14:11.709]   received shard header from network in block tracker [0;36mshard[0m = 0 [0;36mepoch[0m = 0 [0;36mround[0m = 598 [0;36mnonce[0m = 598 [0;36mhash[0m = 3a701e070b7bd360eaabae7bd7cf847df7adeda90df8798dd72eaf37d2cac259 
[0;36mDEBUG[0m[2026-03-16 10:14:11.709]   received shard header from network in block tracker [0;36mshard[0m = 0 [0;36mepoch[0m = 0 [0;36mround[0m = 599 [0;36mnonce[0m = 599 [0;36mhash[0m = 5792fb3ebe1a59494e3a6afc0f204ccbdebbcc792b2ff4ed04770770daedf72c 
[0;36mDEBUG[0m[2026-03-16 10:14:11.709]   received shard header from network in block tracker [0;36mshard[0m = 0 [0;36mepoch[0m = 0 [0;36mround[0m = 600 [0;36mnonce[0m = 600 [0;36mhash[0m = 043f47c000f1bd542a557e6de0610135e5139a1203bdc412471d548774d4920a 
[0;36mDEBUG[0m[2026-03-16 10:14:11.709]   received shard header from network in block tracker [0;36mshard[0m = 0 [0;36mepoch[0m = 0 [0;36mround[0m = 601 [0;36mnonce[0m = 601 [0;36mhash[0m = 218586fe4b4613205fcce5081641011a73136863a138c2cd677efdec8aade2ad 
[0;36mDEBUG[0m[2026-03-16 10:14:11.709]   received shard header from network in block tracker [0;36mshard[0m = 0 [0;36mepoch[0m = 0 [0;36mround[0m = 602 [0;36mnonce[0m = 602 [0;36mhash[0m = 9ce856b4505be3354c5d6215cc0b66ce233bd964ad1ccd422259a4768831f1fb 
[0;36mDEBUG[0m[2026-03-16 10:14:11.709]   received shard header from network in block tracker [0;36mshard[0m = 0 [0;36mepoch[0m = 0 [0;36mround[0m = 603 [0;36mnonce[0m = 603 [0;36mhash[0m = 70ea52814ccf0285cc149f37b738a13735db777c0344481440c37358af5fcea0 
[0;36mDEBUG[0m[2026-03-16 10:14:11.709]   received shard header from network in block tracker [0;36mshard[0m = 0 [0;36mepoch[0m = 0 [0;36mround[0m = 604 [0;36mnonce[0m = 604 [0;36mhash[0m = 32292806e0ed1cf594c54fd15100ccc739fa293772bbd4ccce057ac631687d9c 
[0;36mDEBUG[0m[2026-03-16 10:14:11.709]   received shard header from network in block tracker [0;36mshard[0m = 0 [0;36mepoch[0m = 0 [0;36mround[0m = 605 [0;36mnonce[0m = 605 [0;36mhash[0m = d0c48dc43033f36820e3972a98c47282de62287380ed6ad36dc473efba0c2739 
[0;36mDEBUG[0m[2026-03-16 10:14:11.709]   received shard header from network in block tracker [0;36mshard[0m = 0 [0;36mepoch[0m = 0 [0;36mround[0m = 0 [0;36mnonce[0m = 1201 [0;36mhash[0m = 68617368 
[0;36mDEBUG[0m[2026-03-16 10:14:11.709]   received shard header from network in block tracker [0;36mshard[0m = 0 [0;36mepoch[0m = 0 [0;36mround[0m = 606 [0;36mnonce[0m = 606 [0;36mhash[0m = f91ff3816c9784dd5f92d69ff5d2cac4b51f7e165c84e9fb672611fff6dd8399 
[0;36mDEBUG[0m[2026-03-16 10:14:11.709]   received shard header from network in block tracker [0;36mshard[0m = 0 [0;36mepoch[0m = 0 [0;36mround[0m = 607 [0;36mnonce[0m = 607 [0;36mhash[0m = d82f1c3e019b8d3eab74da43ecc88fa1960268a27ea7e9c8508098fd421389b5 
[0;36mDEBUG[0m[2026-03-16 10:14:11.709]   received shard header from network in block tracker [0;36mshard[0m = 0 [0;36mepoch[0m = 0 [0;36mround[0m = 608 [0;36mnonce[0m = 608 [0;36mhash[0m = 3e4d2470589ce8f644797ad01d7f02fafd7726fababb5a47c1250cfd48aa9f13 
[0;36mDEBUG[0m[2026-03-16 10:14:11.709]   received shard header from network in block tracker [0;36mshard[0m = 0 [0;36mepoch[0m = 0 [0;36mround[0m = 609 [0;36mnonce[0m = 609 [0;36mhash[0m = 628649c2f3e9175731a77e53d30028edae16499ddea92d8b772e692eddbecb67 
[0;36mDEBUG[0m[2026-03-16 10:14:11.709]   received shard header from network in block tracker [0;36mshard[0m = 0 [0;36mepoch[0m = 0 [0;36mround[0m = 610 [0;36mnonce[0m = 610 [0;36mhash[0m = 9d95ced4bcd47129f91adf17a194df11a4933f6a89d7b430f88517a20d76e3c2 
=== CONT  TestRemoveLastNotarizedHeader_ShouldWork
=== CONT  TestShardComputeLongestSelfChain_ShouldReturnNilWhenErrGetLastNotarizedHeader
=== CONT  TestShardGetSelfHeaders_ShouldReturnEmptySliceWhenNoHeadersForSelfShard
=== CONT  TestGetNotarizedHeader_ShouldWork
[0;36mDEBUG[0m[2026-03-16 10:14:11.709]   received shard header from network in block tracker [0;36mshard[0m = 0 [0;36mepoch[0m = 0 [0;36mround[0m = 611 [0;36mnonce[0m = 611 [0;36mhash[0m = 8c3caee30fc87264d2f678f0078d6d07bbdb8a61f7ba412b05e6655df1f3d5b7 
[0;36mDEBUG[0m[2026-03-16 10:14:11.709]   received shard header from network in block tracker [0;36mshard[0m = 0 [0;36mepoch[0m = 0 [0;36mround[0m = 612 [0;36mnonce[0m = 612 [0;36mhash[0m = f7dd9c38d47d060d4550ddec64cbabd3ac72f1a3f2518675545fa905cb0d0459 
[0;33mWARN [0m[2026-03-16 10:14:11.710]   ComputeLongestSelfChain.GetLastNotarizedHeader [0;33merror[0m = notarized headers slice for shard is nil 
--- PASS: TestShardGetSelfHeaders_ShouldReturnEmptySliceWhenErrGetShardHeader (0.00s)
=== CONT  TestRestoreNotarizedHeadersToGenesis_ShouldWork
=== CONT  TestRestoreNotarizedHeadersToGenesis_ShouldNotRestoreIfExistOnlyOneNotarizedHeader
=== CONT  TestRemoveLastNotarizedHeader_ShouldNotRemoveIfExistOnlyOneNotarizedHeader
=== CONT  TestInitNotarizedHeaders_ShouldErrWhenStartHeadersSliceIsNil
=== CONT  TestGetNotarizedHeader_ShouldErrNotarizedHeaderOffsetIsOutOfBound
=== CONT  TestGetNotarizedHeader_ShouldErrNotarizedHeadersSliceForShardIsNil
=== CONT  TestLastNotarizedHeaderInfo_ShouldWork
=== CONT  TestLastNotarizedHeaderInfo_ShouldReturnNilWhenNotarizedHeadersForGivenShardDoesNotExist
=== CONT  TestGetLastNotarizedHeaderNonce_ShouldWork
=== CONT  TestNewBlockTrack_ShouldErrNilHeadersDataPool
=== CONT  TestGetSelfHeaders_ShouldReturnEmptySliceWhenErrWrongTypeAssertion
=== CONT  TestNewBlockTrack_ShouldWork
[0;36mDEBUG[0m[2026-03-16 10:14:11.710]   GetSelfHeaders                           [0;36merror[0m = wrong type assertion 
=== CONT  TestNewBlockTrack_ShouldErrNilWhitelistHandler
[0;36mDEBUG[0m[2026-03-16 10:14:11.710]   GetSelfHeaders                           [0;36merror[0m = wrong type assertion 
=== CONT  TestNewBlockTrack_ShouldErrNotarizedHeadersSliceIsNil
=== CONT  TestNewBlockTrack_ShouldErrNilEconomicsData
=== CONT  TestSentSignaturesTracker_ResetCountersForManagedBlockSigner
=== RUN   TestSentSignaturesTracker_ResetCountersForManagedBlockSigner/empty_map_should_call_remove
[0;36mDEBUG[0m[2026-03-16 10:14:11.709]   received shard header from network in block tracker [0;36mshard[0m = 0 [0;36mepoch[0m = 0 [0;36mround[0m = 613 [0;36mnonce[0m = 613 [0;36mhash[0m = a78a5900c7e97980eae82fea0b556b986474a0a34ef68d79adf0d532d7577c3d 
=== PAUSE TestSentSignaturesTracker_ResetCountersForManagedBlockSigner/empty_map_should_call_remove
=== RUN   TestSentSignaturesTracker_ResetCountersForManagedBlockSigner/should_call_remove_only_for_the_public_key_that_did_not_sent_signatures_from_self
=== PAUSE TestSentSignaturesTracker_ResetCountersForManagedBlockSigner/should_call_remove_only_for_the_public_key_that_did_not_sent_signatures_from_self
--- PASS: TestShardComputeLongestSelfChain_ShouldWork (0.00s)
--- PASS: TestShardComputeLongestSelfChain_ShouldReturnEmptySliceWhenComputeLongestChainReturnNil (0.00s)
--- PASS: TestReceivedShardHeader_ShouldNotAddWhenShardHeaderIsOutOfRange (0.00s)
--- PASS: TestRemoveLastNotarizedHeader_ShouldWork (0.00s)
--- PASS: TestShardComputeLongestSelfChain_ShouldReturnNilWhenErrGetLastNotarizedHeader (0.00s)
--- PASS: TestRemoveLastNotarizedHeader_ShouldNotRemoveIfExistOnlyOneNotarizedHeader (0.00s)
--- PASS: TestInitNotarizedHeaders_ShouldErrWhenStartHeadersSliceIsNil (0.00s)
--- PASS: TestGetNotarizedHeader_ShouldErrNotarizedHeaderOffsetIsOutOfBound (0.00s)
--- PASS: TestGetNotarizedHeader_ShouldErrNotarizedHeadersSliceForShardIsNil (0.00s)
[0;36mDEBUG[0m[2026-03-16 10:14:11.710]   received shard header from network in block tracker [0;36mshard[0m = 0 [0;36mepoch[0m = 0 [0;36mround[0m = 614 [0;36mnonce[0m = 614 [0;36mhash[0m = 5232b99cf3900a9f2cac7f9b6d22466f376480293d30f571f882086df71469d6 
[0;36mDEBUG[0m[2026-03-16 10:14:11.710]   received shard header from network in block tracker [0;36mshard[0m = 0 [0;36mepoch[0m = 0 [0;36mround[0m = 615 [0;36mnonce[0m = 615 [0;36mhash[0m = 1e3734d851ce40b0f55a311b94968cd0d86d8b8d8354f437e1677887d97651d2 
[0;36mDEBUG[0m[2026-03-16 10:14:11.710]   received shard header from network in block tracker [0;36mshard[0m = 0 [0;36mepoch[0m = 0 [0;36mround[0m = 616 [0;36mnonce[0m = 616 [0;36mhash[0m = 9c8ac628ac1cf0ad5e28f9642bae7e5bc340b343db416d8ad97afaf09bd20dd7 
[0;36mDEBUG[0m[2026-03-16 10:14:11.710]   received shard header from network in block tracker [0;36mshard[0m = 0 [0;36mepoch[0m = 0 [0;36mround[0m = 617 [0;36mnonce[0m = 617 [0;36mhash[0m = 4c661601439122fd33c1fd1a76e1de443f63bd8ffd989907bb4dadbf8f633125 
[0;36mDEBUG[0m[2026-03-16 10:14:11.710]   received shard header from network in block tracker [0;36mshard[0m = 0 [0;36mepoch[0m = 0 [0;36mround[0m = 618 [0;36mnonce[0m = 618 [0;36mhash[0m = 5d5294ef7fea3a2e7fe4c2c5c1ad001bffcfedd7faaf650be96b3a60b6295887 
--- PASS: TestLastNotarizedHeaderInfo_ShouldWork (0.00s)
--- PASS: TestLastNotarizedHeaderInfo_ShouldReturnNilWhenNotarizedHeadersForGivenShardDoesNotExist (0.00s)
--- PASS: TestGetLastNotarizedHeaderNonce_ShouldWork (0.00s)
--- PASS: TestShardGetSelfHeaders_ShouldReturnEmptySliceWhenNoHeadersForSelfShard (0.00s)
--- PASS: TestNewBlockTrack_ShouldErrNilHeadersDataPool (0.00s)
--- PASS: TestNewBlockTrack_ShouldWork (0.00s)
--- PASS: TestGetNotarizedHeader_ShouldWork (0.00s)
=== CONT  TestSentSignaturesTracker_ResetCountersForManagedBlockSigner/empty_map_should_call_remove
=== CONT  TestSentSignaturesTracker_ResetCountersForManagedBlockSigner/should_call_remove_only_for_the_public_key_that_did_not_sent_signatures_from_self
=== RUN   TestSentSignaturesTracker_ResetCountersForManagedBlockSigner/should_call_remove_only_for_the_public_key_that_did_not_sent_signatures_from_self/after_reset,_all_should_be_called
--- PASS: TestSentSignaturesTracker_ResetCountersForManagedBlockSigner (0.00s)
    --- PASS: TestSentSignaturesTracker_ResetCountersForManagedBlockSigner/empty_map_should_call_remove (0.00s)
    --- PASS: TestSentSignaturesTracker_ResetCountersForManagedBlockSigner/should_call_remove_only_for_the_public_key_that_did_not_sent_signatures_from_self (0.00s)
        --- PASS: TestSentSignaturesTracker_ResetCountersForManagedBlockSigner/should_call_remove_only_for_the_public_key_that_did_not_sent_signatures_from_self/after_reset,_all_should_be_called (0.00s)
=== CONT  TestNewBlockTrack_ShouldErrCheckTrackerNilParameters
--- PASS: TestGetSelfHeaders_ShouldReturnEmptySliceWhenErrWrongTypeAssertion (0.00s)
--- PASS: TestNewBlockTrack_ShouldErrNilWhitelistHandler (0.00s)
--- PASS: TestNewBlockTrack_ShouldErrNotarizedHeadersSliceIsNil (0.00s)
--- PASS: TestNewBlockTrack_ShouldErrNilEconomicsData (0.00s)
--- PASS: TestRestoreNotarizedHeadersToGenesis_ShouldWork (0.00s)
--- PASS: TestRestoreNotarizedHeadersToGenesis_ShouldNotRestoreIfExistOnlyOneNotarizedHeader (0.00s)
[0;36mDEBUG[0m[2026-03-16 10:14:11.710]   received shard header from network in block tracker [0;36mshard[0m = 0 [0;36mepoch[0m = 0 [0;36mround[0m = 619 [0;36mnonce[0m = 619 [0;36mhash[0m = 0b261efc4f4f504a181e268adc569dccae93f7bd5d10d15237546bdee87295c6 
[0;36mDEBUG[0m[2026-03-16 10:14:11.711]   received shard header from network in block tracker [0;36mshard[0m = 0 [0;36mepoch[0m = 0 [0;36mround[0m = 620 [0;36mnonce[0m = 620 [0;36mhash[0m = 2277b3d3ce0fff8cbce73a5353666bed9b3ad5e80bab22e4c74aeb5eef911bf1 
[0;36mDEBUG[0m[2026-03-16 10:14:11.711]   received shard header from network in block tracker [0;36mshard[0m = 0 [0;36mepoch[0m = 0 [0;36mround[0m = 621 [0;36mnonce[0m = 621 [0;36mhash[0m = 39bb1be41d766410874a1f080671f42d35cb45e842d7c2f40d5e5849ab64a5ae 
[0;36mDEBUG[0m[2026-03-16 10:14:11.711]   received shard header from network in block tracker [0;36mshard[0m = 0 [0;36mepoch[0m = 0 [0;36mround[0m = 622 [0;36mnonce[0m = 622 [0;36mhash[0m = 1426025d327f191d5a7198d7b7502e2e75f453bce553a43c6de39476da6bc18d 
[0;36mDEBUG[0m[2026-03-16 10:14:11.711]   received shard header from network in block tracker [0;36mshard[0m = 0 [0;36mepoch[0m = 0 [0;36mround[0m = 623 [0;36mnonce[0m = 623 [0;36mhash[0m = da98a68959832f24d1224a1c14c2c1a0940e830f96f46cda58aaf084aa41ee45 
[0;36mDEBUG[0m[2026-03-16 10:14:11.711]   received shard header from network in block tracker [0;36mshard[0m = 0 [0;36mepoch[0m = 0 [0;36mround[0m = 624 [0;36mnonce[0m = 624 [0;36mhash[0m = 12ad01da2a7e791405d44905ae2524340ad2d5920aa173031d8d13f206893878 
[0;36mDEBUG[0m[2026-03-16 10:14:11.711]   received shard header from network in block tracker [0;36mshard[0m = 0 [0;36mepoch[0m = 0 [0;36mround[0m = 625 [0;36mnonce[0m = 625 [0;36mhash[0m = 9312ff449cb795d4effddc59dd885c16b037d06394d82a655967a059098049f1 
[0;36mDEBUG[0m[2026-03-16 10:14:11.711]   received shard header from network in block tracker [0;36mshard[0m = 0 [0;36mepoch[0m = 0 [0;36mround[0m = 626 [0;36mnonce[0m = 626 [0;36mhash[0m = 2c4397058d0630d07d5d320f7e95bd479bd13fb87e7ef6da66d0cbc8d0f03a3d 
[0;36mDEBUG[0m[2026-03-16 10:14:11.711]   received shard header from network in block tracker [0;36mshard[0m = 0 [0;36mepoch[0m = 0 [0;36mround[0m = 627 [0;36mnonce[0m = 627 [0;36mhash[0m = 234d3e4edbb383ff1b9f54154812955a70b40f297a7e98aa1e411290ff489efa 
=== CONT  TestNewBlockTrack_ShouldErrNilPoolsHolder
--- PASS: TestNewBlockTrack_ShouldErrNilPoolsHolder (0.00s)
=== CONT  TestInitNotarizedHeaders_ShouldErrWhenCalculateHashFail
--- PASS: TestInitNotarizedHeaders_ShouldErrWhenCalculateHashFail (0.00s)
=== CONT  TestSentSignaturesTracker_IsInterfaceNil
--- PASS: TestSentSignaturesTracker_IsInterfaceNil (0.00s)
=== CONT  TestNewSentSignaturesTracker/should_work
=== CONT  TestInitNotarizedHeaders_ShouldInitNotarizedHeaders
--- PASS: TestInitNotarizedHeaders_ShouldInitNotarizedHeaders (0.00s)
--- PASS: TestNewBlockTrack_ShouldErrCheckTrackerNilParameters (0.00s)
[0;36mDEBUG[0m[2026-03-16 10:14:11.711]   received shard header from network in block tracker [0;36mshard[0m = 0 [0;36mepoch[0m = 0 [0;36mround[0m = 628 [0;36mnonce[0m = 628 [0;36mhash[0m = b0319d2158bcd3b730c4a8fa80f7890a8653a6abb364925728c7c13f6cee152a 
[0;36mDEBUG[0m[2026-03-16 10:14:11.711]   received shard header from network in block tracker [0;36mshard[0m = 0 [0;36mepoch[0m = 0 [0;36mround[0m = 629 [0;36mnonce[0m = 629 [0;36mhash[0m = 1a24b91a92c66198cf974581cffd65b9245fb39c949c28da641df51cdce3af7e 
[0;36mDEBUG[0m[2026-03-16 10:14:11.711]   received shard header from network in block tracker [0;36mshard[0m = 0 [0;36mepoch[0m = 0 [0;36mround[0m = 630 [0;36mnonce[0m = 630 [0;36mhash[0m = 3afc13cc1bd4d76e540ecb0cae96033b84cdf00f283200ff1fcfaf7774b891ca 
--- PASS: TestNewSentSignaturesTracker (0.00s)
    --- PASS: TestNewSentSignaturesTracker/nil_keys_handler_should_error (0.00s)
    --- PASS: TestNewSentSignaturesTracker/should_work (0.00s)
[0;36mDEBUG[0m[2026-03-16 10:14:11.711]   received shard header from network in block tracker [0;36mshard[0m = 0 [0;36mepoch[0m = 0 [0;36mround[0m = 631 [0;36mnonce[0m = 631 [0;36mhash[0m = 8707ac7814a4c74dddbe7a6538b3509b9b2b79741319960b87e4a817bed309c1 
[0;36mDEBUG[0m[2026-03-16 10:14:11.711]   received shard header from network in block tracker [0;36mshard[0m = 0 [0;36mepoch[0m = 0 [0;36mround[0m = 632 [0;36mnonce[0m = 632 [0;36mhash[0m = cba8c84aa7511bfdfaee2bbd93301db97f72d222b1af21eba0b23c97c4f1b324 
[0;36mDEBUG[0m[2026-03-16 10:14:11.711]   received shard header from network in block tracker [0;36mshard[0m = 0 [0;36mepoch[0m = 0 [0;36mround[0m = 633 [0;36mnonce[0m = 633 [0;36mhash[0m = b4c3ca8e1252671cebb74b2973a67cadb1cf176a61096525ceb49a14e777be32 
[0;36mDEBUG[0m[2026-03-16 10:14:11.711]   received shard header from network in block tracker [0;36mshard[0m = 0 [0;36mepoch[0m = 0 [0;36mround[0m = 634 [0;36mnonce[0m = 634 [0;36mhash[0m = fbbda179d11e6d2487a076e77b966cb7cf93e8447b3d6b72008dbaa52468c96d 
[0;36mDEBUG[0m[2026-03-16 10:14:11.711]   received shard header from network in block tracker [0;36mshard[0m = 0 [0;36mepoch[0m = 0 [0;36mround[0m = 635 [0;36mnonce[0m = 635 [0;36mhash[0m = d48a736d026055c1d507bc3d299240c5388043fbb6c45a9bc9c93d11d16d3505 
[0;36mDEBUG[0m[2026-03-16 10:14:11.711]   received shard header from network in block tracker [0;36mshard[0m = 0 [0;36mepoch[0m = 0 [0;36mround[0m = 636 [0;36mnonce[0m = 636 [0;36mhash[0m = f1f08c15724bf391b51719451f3332a0401ed87377f7f5cecc6fc827e549758a 
[0;36mDEBUG[0m[2026-03-16 10:14:11.711]   received shard header from network in block tracker [0;36mshard[0m = 0 [0;36mepoch[0m = 0 [0;36mround[0m = 637 [0;36mnonce[0m = 637 [0;36mhash[0m = 3b1a7f998cb80035e5a8fe4c7a68adca2cc563ba62a740516c7e15c9da765d87 
[0;36mDEBUG[0m[2026-03-16 10:14:11.711]   received shard header from network in block tracker [0;36mshard[0m = 0 [0;36mepoch[0m = 0 [0;36mround[0m = 638 [0;36mnonce[0m = 638 [0;36mhash[0m = 3739f5cd5529dd682d3ad79c228fc045ed74f92fde75d5abae7673995a4d6ca4 
[0;36mDEBUG[0m[2026-03-16 10:14:11.711]   received shard header from network in block tracker [0;36mshard[0m = 0 [0;36mepoch[0m = 0 [0;36mround[0m = 639 [0;36mnonce[0m = 639 [0;36mhash[0m = 499570b206f1dea35221e9d387cc4eb8592268f6214e7fdd4a2b6a6a7465e42e 
[0;36mDEBUG[0m[2026-03-16 10:14:11.711]   received shard header from network in block tracker [0;36mshard[0m = 0 [0;36mepoch[0m = 0 [0;36mround[0m = 640 [0;36mnonce[0m = 640 [0;36mhash[0m = c9d2cade5651d3c34d257378f185c4f09d2bd1519913cdbaf2ebd9a41488362b 
[0;36mDEBUG[0m[2026-03-16 10:14:11.711]   received shard header from network in block tracker [0;36mshard[0m = 0 [0;36mepoch[0m = 0 [0;36mround[0m = 641 [0;36mnonce[0m = 641 [0;36mhash[0m = f608186791315bad47867667ff998e16fede6b7f15bfc71898af60db4ae596b6 
[0;36mDEBUG[0m[2026-03-16 10:14:11.711]   received shard header from network in block tracker [0;36mshard[0m = 0 [0;36mepoch[0m = 0 [0;36mround[0m = 642 [0;36mnonce[0m = 642 [0;36mhash[0m = 7f6662a52a19fe65a9dfdffb6859b98121fbe3ca8b14824cea9568f01dca2a33 
[0;36mDEBUG[0m[2026-03-16 10:14:11.711]   received shard header from network in block tracker [0;36mshard[0m = 0 [0;36mepoch[0m = 0 [0;36mround[0m = 643 [0;36mnonce[0m = 643 [0;36mhash[0m = 7ca305b3f559125eac484c788087bdb716407ab0ab686cf3f0053f525a8be55d 
[0;36mDEBUG[0m[2026-03-16 10:14:11.711]   received shard header from network in block tracker [0;36mshard[0m = 0 [0;36mepoch[0m = 0 [0;36mround[0m = 644 [0;36mnonce[0m = 644 [0;36mhash[0m = f2daae7b361b3394426ac4c43406be950b46d122151c9b9637237252398b239f 
[0;36mDEBUG[0m[2026-03-16 10:14:11.711]   received shard header from network in block tracker [0;36mshard[0m = 0 [0;36mepoch[0m = 0 [0;36mround[0m = 645 [0;36mnonce[0m = 645 [0;36mhash[0m = 8c370a8eca751a8bd977e51c6a8b0f4249ae6f8f52d3a283e7f1f8680065c224 
[0;36mDEBUG[0m[2026-03-16 10:14:11.711]   received shard header from network in block tracker [0;36mshard[0m = 0 [0;36mepoch[0m = 0 [0;36mround[0m = 646 [0;36mnonce[0m = 646 [0;36mhash[0m = b59598f71b86e7fe541cde5526d9c4197fad279e01ad930a1b59aa63aa7b8931 
[0;36mDEBUG[0m[2026-03-16 10:14:11.711]   received shard header from network in block tracker [0;36mshard[0m = 0 [0;36mepoch[0m = 0 [0;36mround[0m = 647 [0;36mnonce[0m = 647 [0;36mhash[0m = a1f07189c2f680461bf3d54e537af2c779edbed66833cff825a3d178e6928264 
[0;36mDEBUG[0m[2026-03-16 10:14:11.711]   received shard header from network in block tracker [0;36mshard[0m = 0 [0;36mepoch[0m = 0 [0;36mround[0m = 648 [0;36mnonce[0m = 648 [0;36mhash[0m = efa7a638bc4121e1cf444a8a433a75ace0ee9c7b150dd7c2dea7c647e808ab17 
[0;36mDEBUG[0m[2026-03-16 10:14:11.711]   received shard header from network in block tracker [0;36mshard[0m = 0 [0;36mepoch[0m = 0 [0;36mround[0m = 649 [0;36mnonce[0m = 649 [0;36mhash[0m = 3eaa39e20fb4a27a60d5dd13d8fdab837d4bf07795fbb0723488e1209084bf4f 
[0;36mDEBUG[0m[2026-03-16 10:14:11.711]   received shard header from network in block tracker [0;36mshard[0m = 0 [0;36mepoch[0m = 0 [0;36mround[0m = 650 [0;36mnonce[0m = 650 [0;36mhash[0m = d6914d7b648d150ff5dbe505d67e836732bc48200fb4c812e9f2fcd7207d5b6f 
[0;36mDEBUG[0m[2026-03-16 10:14:11.711]   received shard header from network in block tracker [0;36mshard[0m = 0 [0;36mepoch[0m = 0 [0;36mround[0m = 651 [0;36mnonce[0m = 651 [0;36mhash[0m = e903bd5da921456989ae8805856c05a47f5ff0be89462639a4330ea99981f196 
[0;36mDEBUG[0m[2026-03-16 10:14:11.711]   received shard header from network in block tracker [0;36mshard[0m = 0 [0;36mepoch[0m = 0 [0;36mround[0m = 652 [0;36mnonce[0m = 652 [0;36mhash[0m = abd6040f30617cceb89207553dd096d5dc65f763eabd1a7a11b54288375b8fdc 
[0;36mDEBUG[0m[2026-03-16 10:14:11.711]   received shard header from network in block tracker [0;36mshard[0m = 0 [0;36mepoch[0m = 0 [0;36mround[0m = 653 [0;36mnonce[0m = 653 [0;36mhash[0m = fd44e1481e6474d03051dbac6bd07ab01a5750ecc8665d81a141ae727f4482f8 
[0;36mDEBUG[0m[2026-03-16 10:14:11.712]   received shard header from network in block tracker [0;36mshard[0m = 0 [0;36mepoch[0m = 0 [0;36mround[0m = 654 [0;36mnonce[0m = 654 [0;36mhash[0m = d8d5a9ce1b8c97985e8815a5a6e71212e2dcb507686ca24204d3fadc03e03c02 
[0;36mDEBUG[0m[2026-03-16 10:14:11.712]   received shard header from network in block tracker [0;36mshard[0m = 0 [0;36mepoch[0m = 0 [0;36mround[0m = 655 [0;36mnonce[0m = 655 [0;36mhash[0m = 16f6ac4b9e17435148391c4d9b55badde6cae931b04d4557001298fe0a15df33 
[0;36mDEBUG[0m[2026-03-16 10:14:11.712]   received shard header from network in block tracker [0;36mshard[0m = 0 [0;36mepoch[0m = 0 [0;36mround[0m = 656 [0;36mnonce[0m = 656 [0;36mhash[0m = 96fe3368b2f77885bb80a240bb5b96485d450116cb5f0f3e3e11257e49737087 
[0;36mDEBUG[0m[2026-03-16 10:14:11.712]   received shard header from network in block tracker [0;36mshard[0m = 0 [0;36mepoch[0m = 0 [0;36mround[0m = 657 [0;36mnonce[0m = 657 [0;36mhash[0m = 33f5b9541780f38e93eca0e39b1ea75b64786a7592766308e6c635281f99703e 
[0;36mDEBUG[0m[2026-03-16 10:14:11.712]   received shard header from network in block tracker [0;36mshard[0m = 0 [0;36mepoch[0m = 0 [0;36mround[0m = 658 [0;36mnonce[0m = 658 [0;36mhash[0m = a2f24fd1c731db2f753997e78e225bda30dec23d3a4694ed7edc861ccbd02ce8 
[0;36mDEBUG[0m[2026-03-16 10:14:11.712]   received shard header from network in block tracker [0;36mshard[0m = 0 [0;36mepoch[0m = 0 [0;36mround[0m = 659 [0;36mnonce[0m = 659 [0;36mhash[0m = 2a5479d62d81512ae99b23da32adb4ba513bfe122659e70d8bce6e28bb90a7d5 
[0;36mDEBUG[0m[2026-03-16 10:14:11.712]   received shard header from network in block tracker [0;36mshard[0m = 0 [0;36mepoch[0m = 0 [0;36mround[0m = 660 [0;36mnonce[0m = 660 [0;36mhash[0m = ef3e1dc7b004d00a72bd72eb3bb164ff42ac0e15f40a958b871233c21ec62b84 
[0;36mDEBUG[0m[2026-03-16 10:14:11.712]   received shard header from network in block tracker [0;36mshard[0m = 0 [0;36mepoch[0m = 0 [0;36mround[0m = 661 [0;36mnonce[0m = 661 [0;36mhash[0m = 143d3179f0d6834d8538520f3e46bc3c7e25dd63edfd4095dd36c49a95a749d7 
[0;36mDEBUG[0m[2026-03-16 10:14:11.712]   received shard header from network in block tracker [0;36mshard[0m = 0 [0;36mepoch[0m = 0 [0;36mround[0m = 662 [0;36mnonce[0m = 662 [0;36mhash[0m = 49b038f200e3d3e719e378b11f25ce408e64e6bdbd515b6387ab88bc3b3e5ad0 
[0;36mDEBUG[0m[2026-03-16 10:14:11.712]   received shard header from network in block tracker [0;36mshard[0m = 0 [0;36mepoch[0m = 0 [0;36mround[0m = 663 [0;36mnonce[0m = 663 [0;36mhash[0m = 4f1b3e43255c5307a3bf00f2aeaf9b917bd172c8fe969aee18f1f4c71c845258 
[0;36mDEBUG[0m[2026-03-16 10:14:11.712]   received shard header from network in block tracker [0;36mshard[0m = 0 [0;36mepoch[0m = 0 [0;36mround[0m = 664 [0;36mnonce[0m = 664 [0;36mhash[0m = cf890893454a2f54f920ce558dbc17b77da4f0d936bb7b5c507deeee55596faf 
[0;36mDEBUG[0m[2026-03-16 10:14:11.712]   received shard header from network in block tracker [0;36mshard[0m = 0 [0;36mepoch[0m = 0 [0;36mround[0m = 665 [0;36mnonce[0m = 665 [0;36mhash[0m = 5e8babfc3a6fbac9f60218971b4ba270e9b578a1d22022c089ae750bb3b0ad7a 
[0;36mDEBUG[0m[2026-03-16 10:14:11.712]   received shard header from network in block tracker [0;36mshard[0m = 0 [0;36mepoch[0m = 0 [0;36mround[0m = 666 [0;36mnonce[0m = 666 [0;36mhash[0m = a0afed21b897afbbfe6408c9b10e396d0af480d3698af88dd0e32a0cf8837824 
[0;36mDEBUG[0m[2026-03-16 10:14:11.712]   received shard header from network in block tracker [0;36mshard[0m = 0 [0;36mepoch[0m = 0 [0;36mround[0m = 667 [0;36mnonce[0m = 667 [0;36mhash[0m = 970ff423d49439353d3b1b646701adb54e48adfc191c013059f6f8e6d1736e66 
[0;36mDEBUG[0m[2026-03-16 10:14:11.712]   received shard header from network in block tracker [0;36mshard[0m = 0 [0;36mepoch[0m = 0 [0;36mround[0m = 668 [0;36mnonce[0m = 668 [0;36mhash[0m = 5504a0c40c8811db98f5d15bbb9b3a1a837f7a7b16cdf2399392c7e682dd375c 
[0;36mDEBUG[0m[2026-03-16 10:14:11.712]   received shard header from network in block tracker [0;36mshard[0m = 0 [0;36mepoch[0m = 0 [0;36mround[0m = 669 [0;36mnonce[0m = 669 [0;36mhash[0m = 5eae30f637f894fb21223b9cc0eebddeaeab8d3204cdfb31c7fedefb711f77b3 
[0;36mDEBUG[0m[2026-03-16 10:14:11.712]   received shard header from network in block tracker [0;36mshard[0m = 0 [0;36mepoch[0m = 0 [0;36mround[0m = 670 [0;36mnonce[0m = 670 [0;36mhash[0m = be4ffc903653d0f9ec3eea3c7fa3a8dfeda6a694307b0f56e128e16e84824caf 
[0;36mDEBUG[0m[2026-03-16 10:14:11.712]   received shard header from network in block tracker [0;36mshard[0m = 0 [0;36mepoch[0m = 0 [0;36mround[0m = 671 [0;36mnonce[0m = 671 [0;36mhash[0m = e6301bb13de87a337e28934ae789a39db32a54813224b55a3adb119c1026860f 
[0;36mDEBUG[0m[2026-03-16 10:14:11.712]   received shard header from network in block tracker [0;36mshard[0m = 0 [0;36mepoch[0m = 0 [0;36mround[0m = 672 [0;36mnonce[0m = 672 [0;36mhash[0m = a9e41afc8cad8e982bc30a70b6677ba1601e942345a5d3634cd6757304ee04ae 
[0;36mDEBUG[0m[2026-03-16 10:14:11.712]   received shard header from network in block tracker [0;36mshard[0m = 0 [0;36mepoch[0m = 0 [0;36mround[0m = 673 [0;36mnonce[0m = 673 [0;36mhash[0m = 236aafec12d6948d378ea51256380eae98cd28022a125d40dbf732aab3716628 
[0;36mDEBUG[0m[2026-03-16 10:14:11.712]   received shard header from network in block tracker [0;36mshard[0m = 0 [0;36mepoch[0m = 0 [0;36mround[0m = 674 [0;36mnonce[0m = 674 [0;36mhash[0m = 639594b80779311c4e4436000e1ce58c1cbfd00a81be4cf376c4a063cd6f6988 
[0;36mDEBUG[0m[2026-03-16 10:14:11.712]   received shard header from network in block tracker [0;36mshard[0m = 0 [0;36mepoch[0m = 0 [0;36mround[0m = 675 [0;36mnonce[0m = 675 [0;36mhash[0m = fb2f3870debb43d6cec38ece14d8ebe401e6e7a616fc57f386329556bbd0c83d 
[0;36mDEBUG[0m[2026-03-16 10:14:11.712]   received shard header from network in block tracker [0;36mshard[0m = 0 [0;36mepoch[0m = 0 [0;36mround[0m = 676 [0;36mnonce[0m = 676 [0;36mhash[0m = 86f55181421b2672d1caffbfc2f05df2047bd5b6c8caed67a45564cb504095fb 
[0;36mDEBUG[0m[2026-03-16 10:14:11.712]   received shard header from network in block tracker [0;36mshard[0m = 0 [0;36mepoch[0m = 0 [0;36mround[0m = 677 [0;36mnonce[0m = 677 [0;36mhash[0m = 06ec5bc41c2b3cb59f1a3b6482d4966df0be10040d7c2df3d55bce2b5550e557 
[0;36mDEBUG[0m[2026-03-16 10:14:11.712]   received shard header from network in block tracker [0;36mshard[0m = 0 [0;36mepoch[0m = 0 [0;36mround[0m = 678 [0;36mnonce[0m = 678 [0;36mhash[0m = d02ca134a7222186390447bf27e60f938cbcb0377841e7371a50943b569231f9 
[0;36mDEBUG[0m[2026-03-16 10:14:11.712]   received shard header from network in block tracker [0;36mshard[0m = 0 [0;36mepoch[0m = 0 [0;36mround[0m = 679 [0;36mnonce[0m = 679 [0;36mhash[0m = be4e3d9a5254de82860fc51ac25c26ce3c6fa3223acdcc8867c63b0679f1eb6d 
[0;36mDEBUG[0m[2026-03-16 10:14:11.712]   received shard header from network in block tracker [0;36mshard[0m = 0 [0;36mepoch[0m = 0 [0;36mround[0m = 680 [0;36mnonce[0m = 680 [0;36mhash[0m = 8f807e35e0be16eed284a5678687182797f9b93f1239399de7bc8f510c0d1492 
[0;36mDEBUG[0m[2026-03-16 10:14:11.712]   received shard header from network in block tracker [0;36mshard[0m = 0 [0;36mepoch[0m = 0 [0;36mround[0m = 681 [0;36mnonce[0m = 681 [0;36mhash[0m = f0f893dc57154a7ef09c4d1d855885ea473717b9d514ce79a803f80643564586 
[0;36mDEBUG[0m[2026-03-16 10:14:11.712]   received shard header from network in block tracker [0;36mshard[0m = 0 [0;36mepoch[0m = 0 [0;36mround[0m = 682 [0;36mnonce[0m = 682 [0;36mhash[0m = ed84653954a8f46bdce6f6c92ad1759a4b1a585381d3f1ee76e690f52ec7f3e9 
[0;36mDEBUG[0m[2026-03-16 10:14:11.712]   received shard header from network in block tracker [0;36mshard[0m = 0 [0;36mepoch[0m = 0 [0;36mround[0m = 683 [0;36mnonce[0m = 683 [0;36mhash[0m = eee5ae789a303ca4568e4e4c4604998cabc7340cf18bad0912d59775456fd974 
[0;36mDEBUG[0m[2026-03-16 10:14:11.712]   received shard header from network in block tracker [0;36mshard[0m = 0 [0;36mepoch[0m = 0 [0;36mround[0m = 684 [0;36mnonce[0m = 684 [0;36mhash[0m = 9d4343873d5a1432d9ea1326ed6c9f5329df98343ac14d17fcbc66f58118ef50 
[0;36mDEBUG[0m[2026-03-16 10:14:11.712]   received shard header from network in block tracker [0;36mshard[0m = 0 [0;36mepoch[0m = 0 [0;36mround[0m = 685 [0;36mnonce[0m = 685 [0;36mhash[0m = d3d6c9b11144a8fa7a1675295bc36b6e17407c4f937ac824a18c3599f4fd39a9 
[0;36mDEBUG[0m[2026-03-16 10:14:11.712]   received shard header from network in block tracker [0;36mshard[0m = 0 [0;36mepoch[0m = 0 [0;36mround[0m = 686 [0;36mnonce[0m = 686 [0;36mhash[0m = 5aefff31f68ddab1752430cfd3f77b5fb8eb53ea6e71a3040733049da16c3e33 
[0;36mDEBUG[0m[2026-03-16 10:14:11.712]   received shard header from network in block tracker [0;36mshard[0m = 0 [0;36mepoch[0m = 0 [0;36mround[0m = 687 [0;36mnonce[0m = 687 [0;36mhash[0m = 2b7f70168a8584668c16e229584aec30626489db37081ccd630556e01b3d4bbd 
[0;36mDEBUG[0m[2026-03-16 10:14:11.712]   received shard header from network in block tracker [0;36mshard[0m = 0 [0;36mepoch[0m = 0 [0;36mround[0m = 688 [0;36mnonce[0m = 688 [0;36mhash[0m = db7a0c2fd35540548df7a0117e32f7354b62cb064c6d3f54fc58f603f98b3b6d 
[0;36mDEBUG[0m[2026-03-16 10:14:11.712]   received shard header from network in block tracker [0;36mshard[0m = 0 [0;36mepoch[0m = 0 [0;36mround[0m = 689 [0;36mnonce[0m = 689 [0;36mhash[0m = 54d947d6ea2bb667584be4fd3091908cdc2fb6719508bcdf4508049130301a96 
[0;36mDEBUG[0m[2026-03-16 10:14:11.712]   received shard header from network in block tracker [0;36mshard[0m = 0 [0;36mepoch[0m = 0 [0;36mround[0m = 690 [0;36mnonce[0m = 690 [0;36mhash[0m = 005c4b163307a57ac43a57f972b0d4543b2e9047b303578491d095b1afff1144 
[0;36mDEBUG[0m[2026-03-16 10:14:11.712]   received shard header from network in block tracker [0;36mshard[0m = 0 [0;36mepoch[0m = 0 [0;36mround[0m = 691 [0;36mnonce[0m = 691 [0;36mhash[0m = 1dd706345f4e0d327b50fb4a78e81573737fba9b900caa20702f005a717d836b 
[0;36mDEBUG[0m[2026-03-16 10:14:11.712]   received shard header from network in block tracker [0;36mshard[0m = 0 [0;36mepoch[0m = 0 [0;36mround[0m = 692 [0;36mnonce[0m = 692 [0;36mhash[0m = ec9ed0d496211e07b6771416a99fe01f950ec4b261ebfc2836e7e26185ba3f96 
[0;36mDEBUG[0m[2026-03-16 10:14:11.712]   received shard header from network in block tracker [0;36mshard[0m = 0 [0;36mepoch[0m = 0 [0;36mround[0m = 693 [0;36mnonce[0m = 693 [0;36mhash[0m = 5e17a8b5a29d195e6cb40919822edd4cf6dc7ed8407130fdf69643c8f0d69856 
[0;36mDEBUG[0m[2026-03-16 10:14:11.712]   received shard header from network in block tracker [0;36mshard[0m = 0 [0;36mepoch[0m = 0 [0;36mround[0m = 694 [0;36mnonce[0m = 694 [0;36mhash[0m = 7fa8acefa1dae28b755eb50c9d031579eb3b45b2536fc7652f5151c80db712eb 
[0;36mDEBUG[0m[2026-03-16 10:14:11.712]   received shard header from network in block tracker [0;36mshard[0m = 0 [0;36mepoch[0m = 0 [0;36mround[0m = 695 [0;36mnonce[0m = 695 [0;36mhash[0m = 956914b1cc048a7e7c32752cb932ce003a88e6fd3350211baff9bd1c26fcfeb4 
[0;36mDEBUG[0m[2026-03-16 10:14:11.712]   received shard header from network in block tracker [0;36mshard[0m = 0 [0;36mepoch[0m = 0 [0;36mround[0m = 696 [0;36mnonce[0m = 696 [0;36mhash[0m = 1dd547145005d0b6869716ddeb254316f98aafdf6687e3612355e02d870406ec 
[0;36mDEBUG[0m[2026-03-16 10:14:11.712]   received shard header from network in block tracker [0;36mshard[0m = 0 [0;36mepoch[0m = 0 [0;36mround[0m = 697 [0;36mnonce[0m = 697 [0;36mhash[0m = 539981ac2a4705593ecd727d67527834bbd159c43145ac8acf7b6e76fc6b7b11 
[0;36mDEBUG[0m[2026-03-16 10:14:11.712]   received shard header from network in block tracker [0;36mshard[0m = 0 [0;36mepoch[0m = 0 [0;36mround[0m = 698 [0;36mnonce[0m = 698 [0;36mhash[0m = dd5b9bf98867032833dbe0d9afd8e680c5ce040115082c498ef6e72115c7ae66 
[0;36mDEBUG[0m[2026-03-16 10:14:11.712]   received shard header from network in block tracker [0;36mshard[0m = 0 [0;36mepoch[0m = 0 [0;36mround[0m = 699 [0;36mnonce[0m = 699 [0;36mhash[0m = fdb9cee8ddb28960288e1dd9603e179659a96b67af1de48cd2e29e9abd3d19d1 
[0;36mDEBUG[0m[2026-03-16 10:14:11.712]   received shard header from network in block tracker [0;36mshard[0m = 0 [0;36mepoch[0m = 0 [0;36mround[0m = 700 [0;36mnonce[0m = 700 [0;36mhash[0m = 1a83aacec080a96fd7524231239901c004248cefe1e3a16706e4d6e5311a8ed5 
[0;36mDEBUG[0m[2026-03-16 10:14:11.712]   received shard header from network in block tracker [0;36mshard[0m = 0 [0;36mepoch[0m = 0 [0;36mround[0m = 701 [0;36mnonce[0m = 701 [0;36mhash[0m = 037dc9acbe1628ca99b88c0b6cc7a9f02be3798655f8f922016c4b3cbb6bdc1e 
[0;36mDEBUG[0m[2026-03-16 10:14:11.712]   received shard header from network in block tracker [0;36mshard[0m = 0 [0;36mepoch[0m = 0 [0;36mround[0m = 702 [0;36mnonce[0m = 702 [0;36mhash[0m = 60aff9b29e5902dbc255c86e0a021d752f824bc85556cb8e939da927352706fe 
[0;36mDEBUG[0m[2026-03-16 10:14:11.712]   received shard header from network in block tracker [0;36mshard[0m = 0 [0;36mepoch[0m = 0 [0;36mround[0m = 703 [0;36mnonce[0m = 703 [0;36mhash[0m = 225db2fc1bf8a9b5c27ba2b22e90792647576a76839de90cc920d44432692d0a 
[0;36mDEBUG[0m[2026-03-16 10:14:11.712]   received shard header from network in block tracker [0;36mshard[0m = 0 [0;36mepoch[0m = 0 [0;36mround[0m = 704 [0;36mnonce[0m = 704 [0;36mhash[0m = 9cfee39eb8f064f08b70dd3a2cfa6de03db927d543b7efdfc0ed6faa25dd5a9c 
[0;36mDEBUG[0m[2026-03-16 10:14:11.713]   received shard header from network in block tracker [0;36mshard[0m = 0 [0;36mepoch[0m = 0 [0;36mround[0m = 705 [0;36mnonce[0m = 705 [0;36mhash[0m = 091e4730d9b6939a6898e793f3994741138c70ebd5a4ec7eadfa8cd5b9a75be3 
[0;36mDEBUG[0m[2026-03-16 10:14:11.713]   received shard header from network in block tracker [0;36mshard[0m = 0 [0;36mepoch[0m = 0 [0;36mround[0m = 706 [0;36mnonce[0m = 706 [0;36mhash[0m = be9322074f4346f70353f8103430a29da8c4525d6b05d2f8c61cfe80b059ba5f 
[0;36mDEBUG[0m[2026-03-16 10:14:11.713]   received shard header from network in block tracker [0;36mshard[0m = 0 [0;36mepoch[0m = 0 [0;36mround[0m = 707 [0;36mnonce[0m = 707 [0;36mhash[0m = a5957a4f91478db2e747637e15d0bfa2ba831d7b3650cb5dbd928a7918e27623 
[0;36mDEBUG[0m[2026-03-16 10:14:11.713]   received shard header from network in block tracker [0;36mshard[0m = 0 [0;36mepoch[0m = 0 [0;36mround[0m = 708 [0;36mnonce[0m = 708 [0;36mhash[0m = ef436cda2b7427736505fe38d3faac0823c2c6f2206d5b601423a1d0f565f833 
[0;36mDEBUG[0m[2026-03-16 10:14:11.713]   received shard header from network in block tracker [0;36mshard[0m = 0 [0;36mepoch[0m = 0 [0;36mround[0m = 709 [0;36mnonce[0m = 709 [0;36mhash[0m = 8f116325520487efec0a75e33142dfa6551a079da567eb66e56d55d1b96fed1d 
[0;36mDEBUG[0m[2026-03-16 10:14:11.713]   received shard header from network in block tracker [0;36mshard[0m = 0 [0;36mepoch[0m = 0 [0;36mround[0m = 710 [0;36mnonce[0m = 710 [0;36mhash[0m = cac5e9ad54e5ce9f476fcb46dd2192fac0ded0722cbd0ff03be995a9f4c19760 
[0;36mDEBUG[0m[2026-03-16 10:14:11.713]   received shard header from network in block tracker [0;36mshard[0m = 0 [0;36mepoch[0m = 0 [0;36mround[0m = 711 [0;36mnonce[0m = 711 [0;36mhash[0m = 8d05a50d765dc54b4b9b8cc6e50fabfb50071e36dc0ca17e5e23597e38bc6265 
[0;36mDEBUG[0m[2026-03-16 10:14:11.713]   received shard header from network in block tracker [0;36mshard[0m = 0 [0;36mepoch[0m = 0 [0;36mround[0m = 712 [0;36mnonce[0m = 712 [0;36mhash[0m = 8cccc049ce78d79b93b21e6beb8c9781f8a2695770078c721fe895bcbcc14fc4 
[0;36mDEBUG[0m[2026-03-16 10:14:11.713]   received shard header from network in block tracker [0;36mshard[0m = 0 [0;36mepoch[0m = 0 [0;36mround[0m = 713 [0;36mnonce[0m = 713 [0;36mhash[0m = d2ba7c98fedd1232015ab77658574278622e870ef7ca829656b5ae9809b69bc4 
[0;36mDEBUG[0m[2026-03-16 10:14:11.713]   received shard header from network in block tracker [0;36mshard[0m = 0 [0;36mepoch[0m = 0 [0;36mround[0m = 714 [0;36mnonce[0m = 714 [0;36mhash[0m = 4ac4a9590b43a266ba1c094127041d6eab2966bb072ca67e413a69009c22a4e1 
[0;36mDEBUG[0m[2026-03-16 10:14:11.713]   received shard header from network in block tracker [0;36mshard[0m = 0 [0;36mepoch[0m = 0 [0;36mround[0m = 715 [0;36mnonce[0m = 715 [0;36mhash[0m = 814f53db1f592b8dfd3e4894c9b33fe7f5183f57ec98ae31890b04eda63b0e28 
[0;36mDEBUG[0m[2026-03-16 10:14:11.713]   received shard header from network in block tracker [0;36mshard[0m = 0 [0;36mepoch[0m = 0 [0;36mround[0m = 716 [0;36mnonce[0m = 716 [0;36mhash[0m = 5fff2b870ef87b7868b29218b5c542625b49d92f5f430400ba2be0520c235daf 
[0;36mDEBUG[0m[2026-03-16 10:14:11.713]   received shard header from network in block tracker [0;36mshard[0m = 0 [0;36mepoch[0m = 0 [0;36mround[0m = 717 [0;36mnonce[0m = 717 [0;36mhash[0m = 29820c827971d021c257460518f8f71585cfb3a8f8b488df3bcb818288bd30e9 
[0;36mDEBUG[0m[2026-03-16 10:14:11.713]   received shard header from network in block tracker [0;36mshard[0m = 0 [0;36mepoch[0m = 0 [0;36mround[0m = 718 [0;36mnonce[0m = 718 [0;36mhash[0m = 3006ed101124351d2f6fbc4a9620a5440fe101a7e5181bce17abafcf35d01f77 
[0;36mDEBUG[0m[2026-03-16 10:14:11.713]   received shard header from network in block tracker [0;36mshard[0m = 0 [0;36mepoch[0m = 0 [0;36mround[0m = 719 [0;36mnonce[0m = 719 [0;36mhash[0m = 87fa4bec1264dcf003f8fe4a388dc0a4e42bd8af303bee0b3a0e738008ebf289 
[0;36mDEBUG[0m[2026-03-16 10:14:11.713]   received shard header from network in block tracker [0;36mshard[0m = 0 [0;36mepoch[0m = 0 [0;36mround[0m = 720 [0;36mnonce[0m = 720 [0;36mhash[0m = db1ba0b4e5f468d60b4ba6529468c9dad84a103d707687645ab629007600355b 
[0;36mDEBUG[0m[2026-03-16 10:14:11.713]   received shard header from network in block tracker [0;36mshard[0m = 0 [0;36mepoch[0m = 0 [0;36mround[0m = 721 [0;36mnonce[0m = 721 [0;36mhash[0m = 86b185ab39ea4b78dcd5c0a69a9aeb7b4401f1ad9a94133f2e94f6155606a669 
[0;36mDEBUG[0m[2026-03-16 10:14:11.713]   received shard header from network in block tracker [0;36mshard[0m = 0 [0;36mepoch[0m = 0 [0;36mround[0m = 722 [0;36mnonce[0m = 722 [0;36mhash[0m = aa7eba0eb6935b92f766d2224b6fe260e23f615f77e1b44b2656dc040e478408 
[0;36mDEBUG[0m[2026-03-16 10:14:11.713]   received shard header from network in block tracker [0;36mshard[0m = 0 [0;36mepoch[0m = 0 [0;36mround[0m = 723 [0;36mnonce[0m = 723 [0;36mhash[0m = 1dd52b524cc7012c0816a062b12caabf4523f6c121bf4adef7956b8b1e77b6ef 
[0;36mDEBUG[0m[2026-03-16 10:14:11.713]   received shard header from network in block tracker [0;36mshard[0m = 0 [0;36mepoch[0m = 0 [0;36mround[0m = 724 [0;36mnonce[0m = 724 [0;36mhash[0m = 14922d1499809169d7ecfceed9c9d12b5737069d942bfa85c02828522a38adeb 
[0;36mDEBUG[0m[2026-03-16 10:14:11.713]   received shard header from network in block tracker [0;36mshard[0m = 0 [0;36mepoch[0m = 0 [0;36mround[0m = 725 [0;36mnonce[0m = 725 [0;36mhash[0m = 834eb6db81c6d815d714c1d7e5346c687c78bf0dc9a10fc1d913f00f997b23c5 
[0;36mDEBUG[0m[2026-03-16 10:14:11.713]   received shard header from network in block tracker [0;36mshard[0m = 0 [0;36mepoch[0m = 0 [0;36mround[0m = 726 [0;36mnonce[0m = 726 [0;36mhash[0m = 6736a20aa33cfa1cd8520124d33b0b5a1ba74b8dfabfeb499b87fc245cf6efd1 
[0;36mDEBUG[0m[2026-03-16 10:14:11.713]   received shard header from network in block tracker [0;36mshard[0m = 0 [0;36mepoch[0m = 0 [0;36mround[0m = 727 [0;36mnonce[0m = 727 [0;36mhash[0m = dc181cf42ff3876d411b9e156dfe1c6a83c6845ee1c7ae5188a69d28fc2397da 
[0;36mDEBUG[0m[2026-03-16 10:14:11.716]   received shard header from network in block tracker [0;36mshard[0m = 0 [0;36mepoch[0m = 0 [0;36mround[0m = 728 [0;36mnonce[0m = 728 [0;36mhash[0m = a220aa81a931338fa96fef067dac4799fef116ac09514e3cfed128b61671af99 
[0;36mDEBUG[0m[2026-03-16 10:14:11.716]   received shard header from network in block tracker [0;36mshard[0m = 0 [0;36mepoch[0m = 0 [0;36mround[0m = 729 [0;36mnonce[0m = 729 [0;36mhash[0m = d7c28d6688aec78e76cf2b80b7a45ee9bdb281eccbb56cd196ec9933f8d4bb4a 
[0;36mDEBUG[0m[2026-03-16 10:14:11.716]   received shard header from network in block tracker [0;36mshard[0m = 0 [0;36mepoch[0m = 0 [0;36mround[0m = 730 [0;36mnonce[0m = 730 [0;36mhash[0m = 0bd4c9e506496335a14193ddb70a94a3793d5714106daa69b800de75d41e8c85 
[0;36mDEBUG[0m[2026-03-16 10:14:11.716]   received shard header from network in block tracker [0;36mshard[0m = 0 [0;36mepoch[0m = 0 [0;36mround[0m = 731 [0;36mnonce[0m = 731 [0;36mhash[0m = b90a18055ba87e3ef2790f75a8ee9e4fa452ba35e85b0fc50d3b81b07c5cf5b3 
[0;36mDEBUG[0m[2026-03-16 10:14:11.716]   received shard header from network in block tracker [0;36mshard[0m = 0 [0;36mepoch[0m = 0 [0;36mround[0m = 732 [0;36mnonce[0m = 732 [0;36mhash[0m = 27c146cc14c0b6d998bf825e453848e1f6155bd5842a9e7f8dfee8baa4d98379 
[0;36mDEBUG[0m[2026-03-16 10:14:11.716]   received shard header from network in block tracker [0;36mshard[0m = 0 [0;36mepoch[0m = 0 [0;36mround[0m = 733 [0;36mnonce[0m = 733 [0;36mhash[0m = 0876aed08fdf886be495616e70c9d66f59b8ab87d594bed72b8eaba9dd5bbbf5 
[0;36mDEBUG[0m[2026-03-16 10:14:11.716]   received shard header from network in block tracker [0;36mshard[0m = 0 [0;36mepoch[0m = 0 [0;36mround[0m = 734 [0;36mnonce[0m = 734 [0;36mhash[0m = 31f3c3be8e66183033c2273fa713295a743fe83f35cc1a46a30f7d6077a5dc22 
[0;36mDEBUG[0m[2026-03-16 10:14:11.716]   received shard header from network in block tracker [0;36mshard[0m = 0 [0;36mepoch[0m = 0 [0;36mround[0m = 735 [0;36mnonce[0m = 735 [0;36mhash[0m = de8b550eaad7b33e08faaf1e0d7b3764d0f6a9e5b33786990880832e943d9fa0 
[0;36mDEBUG[0m[2026-03-16 10:14:11.716]   received shard header from network in block tracker [0;36mshard[0m = 0 [0;36mepoch[0m = 0 [0;36mround[0m = 736 [0;36mnonce[0m = 736 [0;36mhash[0m = 6fb291108cc17980058fa6629f4ca0d2f8ef6900fd422d8cb8c754e556be92e5 
[0;36mDEBUG[0m[2026-03-16 10:14:11.716]   received shard header from network in block tracker [0;36mshard[0m = 0 [0;36mepoch[0m = 0 [0;36mround[0m = 737 [0;36mnonce[0m = 737 [0;36mhash[0m = 54e9cae383bd4b532400175737506e5413707d8bd8c75a26badf7afd50dd0795 
[0;36mDEBUG[0m[2026-03-16 10:14:11.716]   received shard header from network in block tracker [0;36mshard[0m = 0 [0;36mepoch[0m = 0 [0;36mround[0m = 738 [0;36mnonce[0m = 738 [0;36mhash[0m = dd381c39aeab25d649c3f4dca399963cf5d71355a2ff229abca92ae592d3b15e 
[0;36mDEBUG[0m[2026-03-16 10:14:11.716]   received shard header from network in block tracker [0;36mshard[0m = 0 [0;36mepoch[0m = 0 [0;36mround[0m = 739 [0;36mnonce[0m = 739 [0;36mhash[0m = d16a9f2f0060c178c5290f26897cee40e3babdd2be8040950ee06386f0f4ced2 
[0;36mDEBUG[0m[2026-03-16 10:14:11.716]   received shard header from network in block tracker [0;36mshard[0m = 0 [0;36mepoch[0m = 0 [0;36mround[0m = 740 [0;36mnonce[0m = 740 [0;36mhash[0m = 8c4b5889839871f96636f41244d509c15377e986b1399898349491c4ef729676 
[0;36mDEBUG[0m[2026-03-16 10:14:11.716]   received shard header from network in block tracker [0;36mshard[0m = 0 [0;36mepoch[0m = 0 [0;36mround[0m = 741 [0;36mnonce[0m = 741 [0;36mhash[0m = d9abb79ddb87f04d3b7c6db8dc2326e588ff621ce5189f637fd6eb537e74d9a1 
[0;36mDEBUG[0m[2026-03-16 10:14:11.716]   received shard header from network in block tracker [0;36mshard[0m = 0 [0;36mepoch[0m = 0 [0;36mround[0m = 742 [0;36mnonce[0m = 742 [0;36mhash[0m = bc429a04e116e59367b9b0d6f3fce0d0898049db4764c0c21e8bc03def5945d1 
[0;36mDEBUG[0m[2026-03-16 10:14:11.716]   received shard header from network in block tracker [0;36mshard[0m = 0 [0;36mepoch[0m = 0 [0;36mround[0m = 743 [0;36mnonce[0m = 743 [0;36mhash[0m = 69ec007b94390918f9f7e6dc142d493047dfc394a4ba7d7dc7b20471a985e5ba 
[0;36mDEBUG[0m[2026-03-16 10:14:11.716]   received shard header from network in block tracker [0;36mshard[0m = 0 [0;36mepoch[0m = 0 [0;36mround[0m = 744 [0;36mnonce[0m = 744 [0;36mhash[0m = 530ae93bbe0405f8ff65c65c9a5c0af7db87909c84b7afb5368e6d61922859cd 
[0;36mDEBUG[0m[2026-03-16 10:14:11.716]   received shard header from network in block tracker [0;36mshard[0m = 0 [0;36mepoch[0m = 0 [0;36mround[0m = 745 [0;36mnonce[0m = 745 [0;36mhash[0m = e5b5dfce930dab02ea21ef78403f2f164785f6fdfc4f43d275b604ad440605cd 
[0;36mDEBUG[0m[2026-03-16 10:14:11.716]   received shard header from network in block tracker [0;36mshard[0m = 0 [0;36mepoch[0m = 0 [0;36mround[0m = 746 [0;36mnonce[0m = 746 [0;36mhash[0m = 12e3f4ebd34530b6a54bd419f4df1cbc51460a1a575406ab593235dbdf6683fe 
[0;36mDEBUG[0m[2026-03-16 10:14:11.716]   received shard header from network in block tracker [0;36mshard[0m = 0 [0;36mepoch[0m = 0 [0;36mround[0m = 747 [0;36mnonce[0m = 747 [0;36mhash[0m = 526c18308fcfe9aa234206659dd440948f2d7b52396c8de979fd22e6dfaec4cc 
[0;36mDEBUG[0m[2026-03-16 10:14:11.716]   received shard header from network in block tracker [0;36mshard[0m = 0 [0;36mepoch[0m = 0 [0;36mround[0m = 748 [0;36mnonce[0m = 748 [0;36mhash[0m = 1f726439934efc9f558aadefea9152a57d3a94a6ed777e890dc6205b056a70b0 
[0;36mDEBUG[0m[2026-03-16 10:14:11.716]   received shard header from network in block tracker [0;36mshard[0m = 0 [0;36mepoch[0m = 0 [0;36mround[0m = 749 [0;36mnonce[0m = 749 [0;36mhash[0m = 099677416a9ab5b279df2e5515308bc429a8983351d51aa9678523e79a0cf730 
[0;36mDEBUG[0m[2026-03-16 10:14:11.716]   received shard header from network in block tracker [0;36mshard[0m = 0 [0;36mepoch[0m = 0 [0;36mround[0m = 750 [0;36mnonce[0m = 750 [0;36mhash[0m = 548a1555fd525f465622c197663fabaf2b9da448e878ba2d48fac5d291e14641 
[0;36mDEBUG[0m[2026-03-16 10:14:11.716]   received shard header from network in block tracker [0;36mshard[0m = 0 [0;36mepoch[0m = 0 [0;36mround[0m = 751 [0;36mnonce[0m = 751 [0;36mhash[0m = 4596aa2f2776136b7c8d9826f6f19b16c6334d5e0f19a8080ed29498d28cc237 
[0;36mDEBUG[0m[2026-03-16 10:14:11.716]   received shard header from network in block tracker [0;36mshard[0m = 0 [0;36mepoch[0m = 0 [0;36mround[0m = 752 [0;36mnonce[0m = 752 [0;36mhash[0m = 7059434613881729fd5eb69b8de43ff788ce005bde3f05d3f856b23d158a26a5 
[0;36mDEBUG[0m[2026-03-16 10:14:11.716]   received shard header from network in block tracker [0;36mshard[0m = 0 [0;36mepoch[0m = 0 [0;36mround[0m = 753 [0;36mnonce[0m = 753 [0;36mhash[0m = 15bf0b9894690c0bb52df2eac0b15cfc13d8825b2e9cfceab5ec432aadaf6174 
[0;36mDEBUG[0m[2026-03-16 10:14:11.716]   received shard header from network in block tracker [0;36mshard[0m = 0 [0;36mepoch[0m = 0 [0;36mround[0m = 754 [0;36mnonce[0m = 754 [0;36mhash[0m = 4670f5949a063923663dbcdd266e454a91a39047d7494332428456afb951b745 
[0;36mDEBUG[0m[2026-03-16 10:14:11.716]   received shard header from network in block tracker [0;36mshard[0m = 0 [0;36mepoch[0m = 0 [0;36mround[0m = 755 [0;36mnonce[0m = 755 [0;36mhash[0m = 3247bfa0ca589dbd506572e48beafb61d2d0412041d49e5c007020cbfecd6dd8 
[0;36mDEBUG[0m[2026-03-16 10:14:11.716]   received shard header from network in block tracker [0;36mshard[0m = 0 [0;36mepoch[0m = 0 [0;36mround[0m = 756 [0;36mnonce[0m = 756 [0;36mhash[0m = b38bd713310b2198cbc965f2f11efb13dd9d370ced4819f6039e40bb4ddffd43 
[0;36mDEBUG[0m[2026-03-16 10:14:11.716]   received shard header from network in block tracker [0;36mshard[0m = 0 [0;36mepoch[0m = 0 [0;36mround[0m = 757 [0;36mnonce[0m = 757 [0;36mhash[0m = c50752dcd191536e7cd1320a3cd21b137a20f3d7d1ec878706c1619dcce1dd70 
[0;36mDEBUG[0m[2026-03-16 10:14:11.716]   received shard header from network in block tracker [0;36mshard[0m = 0 [0;36mepoch[0m = 0 [0;36mround[0m = 758 [0;36mnonce[0m = 758 [0;36mhash[0m = 25be2bb36bc9e2e147cdcd6ce7ffade766480e807ed4cfd9e96d80b21e55de3a 
[0;36mDEBUG[0m[2026-03-16 10:14:11.716]   received shard header from network in block tracker [0;36mshard[0m = 0 [0;36mepoch[0m = 0 [0;36mround[0m = 759 [0;36mnonce[0m = 759 [0;36mhash[0m = f2d331bc405fa216b1e44f9d11c5575cb43db47f27682bd7de99d43669bb2769 
[0;36mDEBUG[0m[2026-03-16 10:14:11.716]   received shard header from network in block tracker [0;36mshard[0m = 0 [0;36mepoch[0m = 0 [0;36mround[0m = 760 [0;36mnonce[0m = 760 [0;36mhash[0m = 8ef58c8303b1880d8c8609bb7fd9a37ca094bda6a5cce4ba9dbd14274e089bb9 
[0;36mDEBUG[0m[2026-03-16 10:14:11.716]   received shard header from network in block tracker [0;36mshard[0m = 0 [0;36mepoch[0m = 0 [0;36mround[0m = 761 [0;36mnonce[0m = 761 [0;36mhash[0m = 33b7f63eba6166fc606d5eb5a35e9998cb5fd470ae7fdfad37786512d01615fe 
[0;36mDEBUG[0m[2026-03-16 10:14:11.716]   received shard header from network in block tracker [0;36mshard[0m = 0 [0;36mepoch[0m = 0 [0;36mround[0m = 762 [0;36mnonce[0m = 762 [0;36mhash[0m = ab87bfd116f2924b2bf0c8e67c1d062e0ce4a3129192f406260e804430e5a59d 
[0;36mDEBUG[0m[2026-03-16 10:14:11.716]   received shard header from network in block tracker [0;36mshard[0m = 0 [0;36mepoch[0m = 0 [0;36mround[0m = 763 [0;36mnonce[0m = 763 [0;36mhash[0m = 21c8d5b54b30236d1f4271698c26477512ad2bf9244dfdea4391eb50ac35fec3 
[0;36mDEBUG[0m[2026-03-16 10:14:11.716]   received shard header from network in block tracker [0;36mshard[0m = 0 [0;36mepoch[0m = 0 [0;36mround[0m = 764 [0;36mnonce[0m = 764 [0;36mhash[0m = 0448e6c020cce1a79dd0de030e062b794804bb4a74a3b62e3e68ff974bd451ff 
[0;36mDEBUG[0m[2026-03-16 10:14:11.717]   received shard header from network in block tracker [0;36mshard[0m = 0 [0;36mepoch[0m = 0 [0;36mround[0m = 765 [0;36mnonce[0m = 765 [0;36mhash[0m = 68d5aef15997781612a0ffeef39d61cbceffd755bd0060b4debf246849ef3995 
[0;36mDEBUG[0m[2026-03-16 10:14:11.717]   received shard header from network in block tracker [0;36mshard[0m = 0 [0;36mepoch[0m = 0 [0;36mround[0m = 766 [0;36mnonce[0m = 766 [0;36mhash[0m = 13dcef749e67d20b1b7c04a929b5851dcf91f036ffab87f0c01a652c2c5cad42 
[0;36mDEBUG[0m[2026-03-16 10:14:11.717]   received shard header from network in block tracker [0;36mshard[0m = 0 [0;36mepoch[0m = 0 [0;36mround[0m = 767 [0;36mnonce[0m = 767 [0;36mhash[0m = d7c43ea012e3ee1832c682a65b3c4af7ea49ed150afe6a294fa8e830ce67354c 
[0;36mDEBUG[0m[2026-03-16 10:14:11.717]   received shard header from network in block tracker [0;36mshard[0m = 0 [0;36mepoch[0m = 0 [0;36mround[0m = 768 [0;36mnonce[0m = 768 [0;36mhash[0m = c00ecb8cfb94d9a704e51c7eb7e06c261df8b3e4aaaa79e7b74951e8715c218d 
[0;36mDEBUG[0m[2026-03-16 10:14:11.717]   received shard header from network in block tracker [0;36mshard[0m = 0 [0;36mepoch[0m = 0 [0;36mround[0m = 769 [0;36mnonce[0m = 769 [0;36mhash[0m = d7e24053739e51024a81be9c0b912b61cf29d95b476e5bfa6e7ba77f04ad29bf 
[0;36mDEBUG[0m[2026-03-16 10:14:11.717]   received shard header from network in block tracker [0;36mshard[0m = 0 [0;36mepoch[0m = 0 [0;36mround[0m = 770 [0;36mnonce[0m = 770 [0;36mhash[0m = 7613c84e23811578c7c6b3e2c7aa9746db7885506ffc030927c5819234c06375 
[0;36mDEBUG[0m[2026-03-16 10:14:11.717]   received shard header from network in block tracker [0;36mshard[0m = 0 [0;36mepoch[0m = 0 [0;36mround[0m = 771 [0;36mnonce[0m = 771 [0;36mhash[0m = f7056c53f07a57d0b2fdec80c500d4a3029a2572b366dd47c392309515cebfb3 
[0;36mDEBUG[0m[2026-03-16 10:14:11.717]   received shard header from network in block tracker [0;36mshard[0m = 0 [0;36mepoch[0m = 0 [0;36mround[0m = 772 [0;36mnonce[0m = 772 [0;36mhash[0m = 086484a6b8de77074ad46bd4c6c8474b947013df9d6131fa80651c9f958e604d 
[0;36mDEBUG[0m[2026-03-16 10:14:11.717]   received shard header from network in block tracker [0;36mshard[0m = 0 [0;36mepoch[0m = 0 [0;36mround[0m = 773 [0;36mnonce[0m = 773 [0;36mhash[0m = 67b28bbdfbc0c5cf5df8b311e1d5cc1295afea319ddee09da30cebe1ca179a82 
[0;36mDEBUG[0m[2026-03-16 10:14:11.717]   received shard header from network in block tracker [0;36mshard[0m = 0 [0;36mepoch[0m = 0 [0;36mround[0m = 774 [0;36mnonce[0m = 774 [0;36mhash[0m = 7d8e726c457110a2a1e76715eb482fbefcc6dd2f5bbfc69ec98a29dc1e5b14dd 
[0;36mDEBUG[0m[2026-03-16 10:14:11.717]   received shard header from network in block tracker [0;36mshard[0m = 0 [0;36mepoch[0m = 0 [0;36mround[0m = 775 [0;36mnonce[0m = 775 [0;36mhash[0m = b9a687e919b44db68c590df3c7dfe6a888772af49683b682e3a8fa130a82cdb5 
[0;36mDEBUG[0m[2026-03-16 10:14:11.717]   received shard header from network in block tracker [0;36mshard[0m = 0 [0;36mepoch[0m = 0 [0;36mround[0m = 776 [0;36mnonce[0m = 776 [0;36mhash[0m = fe5ec300c9acdee89b74f2fff449aa047145e228606651b3bd9a302ca355417a 
[0;36mDEBUG[0m[2026-03-16 10:14:11.717]   received shard header from network in block tracker [0;36mshard[0m = 0 [0;36mepoch[0m = 0 [0;36mround[0m = 777 [0;36mnonce[0m = 777 [0;36mhash[0m = a12d57c2f3fe156938fca2d96477011a868fdb35a14ad5d9144d44752170e4e3 
[0;36mDEBUG[0m[2026-03-16 10:14:11.717]   received shard header from network in block tracker [0;36mshard[0m = 0 [0;36mepoch[0m = 0 [0;36mround[0m = 778 [0;36mnonce[0m = 778 [0;36mhash[0m = be2df7842988db86443a0289893b009542246c2792373fe4ddde745f55914e82 
[0;36mDEBUG[0m[2026-03-16 10:14:11.717]   received shard header from network in block tracker [0;36mshard[0m = 0 [0;36mepoch[0m = 0 [0;36mround[0m = 779 [0;36mnonce[0m = 779 [0;36mhash[0m = d912ef58dd01b156815e4522a403c5d2cf40733f762800e60c7638b5b8d371ac 
[0;36mDEBUG[0m[2026-03-16 10:14:11.717]   received shard header from network in block tracker [0;36mshard[0m = 0 [0;36mepoch[0m = 0 [0;36mround[0m = 780 [0;36mnonce[0m = 780 [0;36mhash[0m = 94521df8b4a238a5eb54ed42d4cabb8082c7790c24fc31d48da5b57313ab972b 
[0;36mDEBUG[0m[2026-03-16 10:14:11.717]   received shard header from network in block tracker [0;36mshard[0m = 0 [0;36mepoch[0m = 0 [0;36mround[0m = 781 [0;36mnonce[0m = 781 [0;36mhash[0m = b72a2133c23702f83eeab79a9f25c99f0127e3da7b9999e4e8565d7581f2b291 
[0;36mDEBUG[0m[2026-03-16 10:14:11.717]   received shard header from network in block tracker [0;36mshard[0m = 0 [0;36mepoch[0m = 0 [0;36mround[0m = 782 [0;36mnonce[0m = 782 [0;36mhash[0m = 67c01d9834821dd152d1f4be856a76a66f03e35260e3025b6b0c68746e00fd31 
[0;36mDEBUG[0m[2026-03-16 10:14:11.717]   received shard header from network in block tracker [0;36mshard[0m = 0 [0;36mepoch[0m = 0 [0;36mround[0m = 783 [0;36mnonce[0m = 783 [0;36mhash[0m = 41fabeff0e230a138abfce44a6a191e48b0916b3693cd5ac7078669717482b9e 
[0;36mDEBUG[0m[2026-03-16 10:14:11.717]   received shard header from network in block tracker [0;36mshard[0m = 0 [0;36mepoch[0m = 0 [0;36mround[0m = 784 [0;36mnonce[0m = 784 [0;36mhash[0m = cc95ff21ff4628b955db4c999b9e82246cd338b980d697c520735c006bc1fb47 
[0;36mDEBUG[0m[2026-03-16 10:14:11.717]   received shard header from network in block tracker [0;36mshard[0m = 0 [0;36mepoch[0m = 0 [0;36mround[0m = 785 [0;36mnonce[0m = 785 [0;36mhash[0m = 435369ea3409fb5872f798c254348d5ddfdf5acb4aa724ca49eae20964895680 
[0;36mDEBUG[0m[2026-03-16 10:14:11.717]   received shard header from network in block tracker [0;36mshard[0m = 0 [0;36mepoch[0m = 0 [0;36mround[0m = 786 [0;36mnonce[0m = 786 [0;36mhash[0m = cdc01f9987edc2729f083a790866c073d62a98231a135bb9c38907f672f126c2 
[0;36mDEBUG[0m[2026-03-16 10:14:11.717]   received shard header from network in block tracker [0;36mshard[0m = 0 [0;36mepoch[0m = 0 [0;36mround[0m = 787 [0;36mnonce[0m = 787 [0;36mhash[0m = 8b48c7e452133aaa426bce924a750a0d22d80f4624bf04a56917675f1092f6a5 
[0;36mDEBUG[0m[2026-03-16 10:14:11.717]   received shard header from network in block tracker [0;36mshard[0m = 0 [0;36mepoch[0m = 0 [0;36mround[0m = 788 [0;36mnonce[0m = 788 [0;36mhash[0m = 41497b2438b895fb64a80d308970d4aa3b9a39a04a5ac75299a872d1b931ec66 
[0;36mDEBUG[0m[2026-03-16 10:14:11.717]   received shard header from network in block tracker [0;36mshard[0m = 0 [0;36mepoch[0m = 0 [0;36mround[0m = 789 [0;36mnonce[0m = 789 [0;36mhash[0m = 30d3ab59eb78d17a9efc2a7282fbbadae4cb716b7f1f892041d6e354bb059612 
[0;36mDEBUG[0m[2026-03-16 10:14:11.717]   received shard header from network in block tracker [0;36mshard[0m = 0 [0;36mepoch[0m = 0 [0;36mround[0m = 790 [0;36mnonce[0m = 790 [0;36mhash[0m = 5dae1ae0e5f27b7ec7986b5aa680057893e5a97f4b4342bc8b9b060f8f0649b0 
[0;36mDEBUG[0m[2026-03-16 10:14:11.717]   received shard header from network in block tracker [0;36mshard[0m = 0 [0;36mepoch[0m = 0 [0;36mround[0m = 791 [0;36mnonce[0m = 791 [0;36mhash[0m = 2922aa4393f85090bdeb3c8238ac66c7d87792621ef2a7e32e9fb672cb1c0ddc 
[0;36mDEBUG[0m[2026-03-16 10:14:11.717]   received shard header from network in block tracker [0;36mshard[0m = 0 [0;36mepoch[0m = 0 [0;36mround[0m = 792 [0;36mnonce[0m = 792 [0;36mhash[0m = f9cb85d0a67cd59dba277fdc1ad1c60b1914f25d347bc511ece1c2e4da4d0d9e 
[0;36mDEBUG[0m[2026-03-16 10:14:11.717]   received shard header from network in block tracker [0;36mshard[0m = 0 [0;36mepoch[0m = 0 [0;36mround[0m = 793 [0;36mnonce[0m = 793 [0;36mhash[0m = 2a19b17b4408432b508e319685fc84da2e5588beba4506fdbbadf9c286dabba2 
[0;36mDEBUG[0m[2026-03-16 10:14:11.717]   received shard header from network in block tracker [0;36mshard[0m = 0 [0;36mepoch[0m = 0 [0;36mround[0m = 794 [0;36mnonce[0m = 794 [0;36mhash[0m = 03d719fbf30047c66de584f097e64cb9c5b245f815c0bd6ee3213c18a7f56065 
[0;36mDEBUG[0m[2026-03-16 10:14:11.717]   received shard header from network in block tracker [0;36mshard[0m = 0 [0;36mepoch[0m = 0 [0;36mround[0m = 795 [0;36mnonce[0m = 795 [0;36mhash[0m = e5fac96d347c3924ef95a150d3ff06657a96edd14cf573ed9863b904d1963ed0 
[0;36mDEBUG[0m[2026-03-16 10:14:11.717]   received shard header from network in block tracker [0;36mshard[0m = 0 [0;36mepoch[0m = 0 [0;36mround[0m = 796 [0;36mnonce[0m = 796 [0;36mhash[0m = beee53cda647d67cc3b6a8240bc84201f7b739c5240916d07c66e209b1e46e7c 
[0;36mDEBUG[0m[2026-03-16 10:14:11.717]   received shard header from network in block tracker [0;36mshard[0m = 0 [0;36mepoch[0m = 0 [0;36mround[0m = 797 [0;36mnonce[0m = 797 [0;36mhash[0m = e620e5880ea99bb54b5200034acfab856240b7065a66ebd4c51a32fa32778dd7 
[0;36mDEBUG[0m[2026-03-16 10:14:11.717]   received shard header from network in block tracker [0;36mshard[0m = 0 [0;36mepoch[0m = 0 [0;36mround[0m = 798 [0;36mnonce[0m = 798 [0;36mhash[0m = 6ea5311dbca704c13666ac261a3fc59ac5271352deb3be96e3c8020a9bc53dfa 
[0;36mDEBUG[0m[2026-03-16 10:14:11.717]   received shard header from network in block tracker [0;36mshard[0m = 0 [0;36mepoch[0m = 0 [0;36mround[0m = 799 [0;36mnonce[0m = 799 [0;36mhash[0m = 7884085d100e519414638f63643f256d12ba596fb5ac54034304793c55e3159f 
[0;36mDEBUG[0m[2026-03-16 10:14:11.717]   received shard header from network in block tracker [0;36mshard[0m = 0 [0;36mepoch[0m = 0 [0;36mround[0m = 800 [0;36mnonce[0m = 800 [0;36mhash[0m = 3b671d58c48b2858a31fa84973016c12da01f51a4acc9cf810eecd3cc9860aff 
[0;36mDEBUG[0m[2026-03-16 10:14:11.717]   received shard header from network in block tracker [0;36mshard[0m = 0 [0;36mepoch[0m = 0 [0;36mround[0m = 801 [0;36mnonce[0m = 801 [0;36mhash[0m = 3e0a4b0ea3d33990de1327cae77dd356654f26d3f8fafd8a7ed1c91bf36f90c5 
[0;36mDEBUG[0m[2026-03-16 10:14:11.717]   received shard header from network in block tracker [0;36mshard[0m = 0 [0;36mepoch[0m = 0 [0;36mround[0m = 802 [0;36mnonce[0m = 802 [0;36mhash[0m = ef2c5681838d191780ff929f59b4239d9470f6fe4e9bfb98ab80f83113f93356 
[0;36mDEBUG[0m[2026-03-16 10:14:11.717]   received shard header from network in block tracker [0;36mshard[0m = 0 [0;36mepoch[0m = 0 [0;36mround[0m = 803 [0;36mnonce[0m = 803 [0;36mhash[0m = e1e4898ac6013aa99abf1478c44ab3717c9daa3db4a81bc6724f2a5c1b4f02cc 
[0;36mDEBUG[0m[2026-03-16 10:14:11.717]   received shard header from network in block tracker [0;36mshard[0m = 0 [0;36mepoch[0m = 0 [0;36mround[0m = 804 [0;36mnonce[0m = 804 [0;36mhash[0m = dd995e3cd261db1e262bfe43f061b76d2ad6c61e2993aeeedbe084bba2434e20 
[0;36mDEBUG[0m[2026-03-16 10:14:11.717]   received shard header from network in block tracker [0;36mshard[0m = 0 [0;36mepoch[0m = 0 [0;36mround[0m = 805 [0;36mnonce[0m = 805 [0;36mhash[0m = 3b1edf8a1c8282c4da6dd2f7e4e6f07d7c8da702e33c04faafcdb8787520a48b 
[0;36mDEBUG[0m[2026-03-16 10:14:11.717]   received shard header from network in block tracker [0;36mshard[0m = 0 [0;36mepoch[0m = 0 [0;36mround[0m = 806 [0;36mnonce[0m = 806 [0;36mhash[0m = 5057ffdb2168ad0c5e8491af9138730dce9a98c2d4f0a694baf3ca0960b5f01a 
[0;36mDEBUG[0m[2026-03-16 10:14:11.717]   received shard header from network in block tracker [0;36mshard[0m = 0 [0;36mepoch[0m = 0 [0;36mround[0m = 807 [0;36mnonce[0m = 807 [0;36mhash[0m = 52e35e7f163eebcb8ddc61013ee3dd20391ab3df0a6cd50ffd6cf7eb2f3d2c17 
[0;36mDEBUG[0m[2026-03-16 10:14:11.717]   received shard header from network in block tracker [0;36mshard[0m = 0 [0;36mepoch[0m = 0 [0;36mround[0m = 808 [0;36mnonce[0m = 808 [0;36mhash[0m = 1e4a477c4b7fd5c7a0d13aa356d6278a1313d8aef8c86bde1bac15f0c522d119 
[0;36mDEBUG[0m[2026-03-16 10:14:11.717]   received shard header from network in block tracker [0;36mshard[0m = 0 [0;36mepoch[0m = 0 [0;36mround[0m = 809 [0;36mnonce[0m = 809 [0;36mhash[0m = 82592f4f5c4ee38832fe0832c79daf8a731818763c85b852e57d9ebcde43d71f 
[0;36mDEBUG[0m[2026-03-16 10:14:11.717]   received shard header from network in block tracker [0;36mshard[0m = 0 [0;36mepoch[0m = 0 [0;36mround[0m = 810 [0;36mnonce[0m = 810 [0;36mhash[0m = 348f942a1a4354223eff92ba9448deb57770e8c8bca0946d768a8c22f7775f50 
[0;36mDEBUG[0m[2026-03-16 10:14:11.717]   received shard header from network in block tracker [0;36mshard[0m = 0 [0;36mepoch[0m = 0 [0;36mround[0m = 811 [0;36mnonce[0m = 811 [0;36mhash[0m = 395a7e31a54da31f5f0de64ff909fdfd56bde20231809771bd4342c63a12ab3d 
[0;36mDEBUG[0m[2026-03-16 10:14:11.717]   received shard header from network in block tracker [0;36mshard[0m = 0 [0;36mepoch[0m = 0 [0;36mround[0m = 812 [0;36mnonce[0m = 812 [0;36mhash[0m = 94a8638250ac367c9567d00954f29f11275cf23181438e64355e8d76a403ebe8 
[0;36mDEBUG[0m[2026-03-16 10:14:11.717]   received shard header from network in block tracker [0;36mshard[0m = 0 [0;36mepoch[0m = 0 [0;36mround[0m = 813 [0;36mnonce[0m = 813 [0;36mhash[0m = 534b225ceee0bcd219fddd069a830cc48ba6877f423d0800b493d323defc7c51 
[0;36mDEBUG[0m[2026-03-16 10:14:11.717]   received shard header from network in block tracker [0;36mshard[0m = 0 [0;36mepoch[0m = 0 [0;36mround[0m = 814 [0;36mnonce[0m = 814 [0;36mhash[0m = 8961f31dba73fd5b0eb72900fb329766840ea69ca5bc2b3f8fd2991d748b319b 
[0;36mDEBUG[0m[2026-03-16 10:14:11.717]   received shard header from network in block tracker [0;36mshard[0m = 0 [0;36mepoch[0m = 0 [0;36mround[0m = 815 [0;36mnonce[0m = 815 [0;36mhash[0m = 290b245fbdbc7e46e40d0ce734a1329d71df2f1b3a062cb35e57ad51d610b72c 
[0;36mDEBUG[0m[2026-03-16 10:14:11.717]   received shard header from network in block tracker [0;36mshard[0m = 0 [0;36mepoch[0m = 0 [0;36mround[0m = 816 [0;36mnonce[0m = 816 [0;36mhash[0m = eee75efcf52047106f21c2668d4b784653a8b2152e188cf30fa3ff3ffec3fb8f 
[0;36mDEBUG[0m[2026-03-16 10:14:11.717]   received shard header from network in block tracker [0;36mshard[0m = 0 [0;36mepoch[0m = 0 [0;36mround[0m = 817 [0;36mnonce[0m = 817 [0;36mhash[0m = 1049b3ec440b3edc58ecf4adbfd67a72982c469b8e95131b9fa0b5c63a667c55 
[0;36mDEBUG[0m[2026-03-16 10:14:11.717]   received shard header from network in block tracker [0;36mshard[0m = 0 [0;36mepoch[0m = 0 [0;36mround[0m = 818 [0;36mnonce[0m = 818 [0;36mhash[0m = 88cdcffecdd01e39645c8bef0d9bba2aa620d89fa6630420dfd631f20ad4cf5a 
[0;36mDEBUG[0m[2026-03-16 10:14:11.717]   received shard header from network in block tracker [0;36mshard[0m = 0 [0;36mepoch[0m = 0 [0;36mround[0m = 819 [0;36mnonce[0m = 819 [0;36mhash[0m = c3e046fc395f6eaf512b52ebad53144f256a3045e004c8797d7e94a49a468b41 
[0;36mDEBUG[0m[2026-03-16 10:14:11.717]   received shard header from network in block tracker [0;36mshard[0m = 0 [0;36mepoch[0m = 0 [0;36mround[0m = 820 [0;36mnonce[0m = 820 [0;36mhash[0m = a43b3ab31de82d99d296f69df20e0aaf3b83c39d8882d86659ddfed308127a10 
[0;36mDEBUG[0m[2026-03-16 10:14:11.717]   received shard header from network in block tracker [0;36mshard[0m = 0 [0;36mepoch[0m = 0 [0;36mround[0m = 821 [0;36mnonce[0m = 821 [0;36mhash[0m = a0817761b19076d8849fadb9fb9d7997187e3e378b67cd6e206dd204c9813ad5 
[0;36mDEBUG[0m[2026-03-16 10:14:11.717]   received shard header from network in block tracker [0;36mshard[0m = 0 [0;36mepoch[0m = 0 [0;36mround[0m = 822 [0;36mnonce[0m = 822 [0;36mhash[0m = 2afd41250f9e28c4243eca3beda69b67d029e939077f505eaacdc158f3b68d9e 
[0;36mDEBUG[0m[2026-03-16 10:14:11.717]   received shard header from network in block tracker [0;36mshard[0m = 0 [0;36mepoch[0m = 0 [0;36mround[0m = 823 [0;36mnonce[0m = 823 [0;36mhash[0m = 055b2eabf72a2565cd7571a8443ab2f6af2d32d8108437a63f296f801c6046fb 
[0;36mDEBUG[0m[2026-03-16 10:14:11.717]   received shard header from network in block tracker [0;36mshard[0m = 0 [0;36mepoch[0m = 0 [0;36mround[0m = 824 [0;36mnonce[0m = 824 [0;36mhash[0m = 0e7d0854aee24f344ed326ab02f792d414999d744a8d1204eccede10ed50d873 
[0;36mDEBUG[0m[2026-03-16 10:14:11.717]   received shard header from network in block tracker [0;36mshard[0m = 0 [0;36mepoch[0m = 0 [0;36mround[0m = 825 [0;36mnonce[0m = 825 [0;36mhash[0m = 37f669d10795fc4682a7c5af4b5b1242a299b06c0062d7cda772dd90ad109e7d 
[0;36mDEBUG[0m[2026-03-16 10:14:11.717]   received shard header from network in block tracker [0;36mshard[0m = 0 [0;36mepoch[0m = 0 [0;36mround[0m = 826 [0;36mnonce[0m = 826 [0;36mhash[0m = 9ca4fadbde78b603e38874ab5581398abdfa93df31b635a9ea6bae4fb0117f5b 
[0;36mDEBUG[0m[2026-03-16 10:14:11.717]   received shard header from network in block tracker [0;36mshard[0m = 0 [0;36mepoch[0m = 0 [0;36mround[0m = 827 [0;36mnonce[0m = 827 [0;36mhash[0m = ae11d5d9277f388970d7c8ca0f687bf3faa2a93dc56dc6d6bd3f69e21e454527 
[0;36mDEBUG[0m[2026-03-16 10:14:11.717]   received shard header from network in block tracker [0;36mshard[0m = 0 [0;36mepoch[0m = 0 [0;36mround[0m = 828 [0;36mnonce[0m = 828 [0;36mhash[0m = 647859dd953b69e0ea24860b430618e6c88ee344f4b249000ec9e0d23297269e 
[0;36mDEBUG[0m[2026-03-16 10:14:11.717]   received shard header from network in block tracker [0;36mshard[0m = 0 [0;36mepoch[0m = 0 [0;36mround[0m = 829 [0;36mnonce[0m = 829 [0;36mhash[0m = 47090027a2b59c46a9734e1360a1b95fd47b443b4db2337f1c2496294d0cce81 
[0;36mDEBUG[0m[2026-03-16 10:14:11.717]   received shard header from network in block tracker [0;36mshard[0m = 0 [0;36mepoch[0m = 0 [0;36mround[0m = 830 [0;36mnonce[0m = 830 [0;36mhash[0m = 950d5e7d174c1ceb7641bec7d9476722047acd823df25dc64562f59d5e3886f7 
[0;36mDEBUG[0m[2026-03-16 10:14:11.717]   received shard header from network in block tracker [0;36mshard[0m = 0 [0;36mepoch[0m = 0 [0;36mround[0m = 831 [0;36mnonce[0m = 831 [0;36mhash[0m = df876f6a2a0fa6cfecccfcac9eeb091625f68e535e48a651de500c21bd7918de 
[0;36mDEBUG[0m[2026-03-16 10:14:11.717]   received shard header from network in block tracker [0;36mshard[0m = 0 [0;36mepoch[0m = 0 [0;36mround[0m = 832 [0;36mnonce[0m = 832 [0;36mhash[0m = c94278e3248657b221c97064327eb7a6a92a25308da0b4461cbe7770a0131ba9 
[0;36mDEBUG[0m[2026-03-16 10:14:11.717]   received shard header from network in block tracker [0;36mshard[0m = 0 [0;36mepoch[0m = 0 [0;36mround[0m = 833 [0;36mnonce[0m = 833 [0;36mhash[0m = 6918489542f2f63db015769a3d6a2c89db7751ec025b9eeedb7a646052926078 
[0;36mDEBUG[0m[2026-03-16 10:14:11.717]   received shard header from network in block tracker [0;36mshard[0m = 0 [0;36mepoch[0m = 0 [0;36mround[0m = 834 [0;36mnonce[0m = 834 [0;36mhash[0m = b048e379576a9a51b5b2174b6a9056565f135d842db3c8659743559fe6a3ba13 
[0;36mDEBUG[0m[2026-03-16 10:14:11.717]   received shard header from network in block tracker [0;36mshard[0m = 0 [0;36mepoch[0m = 0 [0;36mround[0m = 835 [0;36mnonce[0m = 835 [0;36mhash[0m = 8ea1a0012d28dd70a1f51c7e02029d34a4cb8731148366f9632057ba792953cf 
[0;36mDEBUG[0m[2026-03-16 10:14:11.717]   received shard header from network in block tracker [0;36mshard[0m = 0 [0;36mepoch[0m = 0 [0;36mround[0m = 836 [0;36mnonce[0m = 836 [0;36mhash[0m = 43db2ed552d3888895ec14c556bc1669a9d81a47224635455d7b500035c6560d 
[0;36mDEBUG[0m[2026-03-16 10:14:11.717]   received shard header from network in block tracker [0;36mshard[0m = 0 [0;36mepoch[0m = 0 [0;36mround[0m = 837 [0;36mnonce[0m = 837 [0;36mhash[0m = 77b51464d4ee5c0308b861012423be6d168edb66b8a9da7ddf8e9923dd7289fa 
[0;36mDEBUG[0m[2026-03-16 10:14:11.717]   received shard header from network in block tracker [0;36mshard[0m = 0 [0;36mepoch[0m = 0 [0;36mround[0m = 838 [0;36mnonce[0m = 838 [0;36mhash[0m = 00aa0b154478be0669e924e5243332cfe62e4608c379d0376bafdc2d725ecc41 
[0;36mDEBUG[0m[2026-03-16 10:14:11.717]   received shard header from network in block tracker [0;36mshard[0m = 0 [0;36mepoch[0m = 0 [0;36mround[0m = 839 [0;36mnonce[0m = 839 [0;36mhash[0m = b4b967bc3254a5a7a2459facb1e71360b626312a4fe90274bd58a20233988c9f 
[0;36mDEBUG[0m[2026-03-16 10:14:11.717]   received shard header from network in block tracker [0;36mshard[0m = 0 [0;36mepoch[0m = 0 [0;36mround[0m = 840 [0;36mnonce[0m = 840 [0;36mhash[0m = 79b27b2700ddcfd16ae3c4550b129ac3648c59bb9c441d1db0ad5a523ba138f5 
[0;36mDEBUG[0m[2026-03-16 10:14:11.717]   received shard header from network in block tracker [0;36mshard[0m = 0 [0;36mepoch[0m = 0 [0;36mround[0m = 841 [0;36mnonce[0m = 841 [0;36mhash[0m = 7fd61570d0f0d7ff8cab48ab21b39d5e723cf37e85304613ef60c57b065bdb5d 
[0;36mDEBUG[0m[2026-03-16 10:14:11.717]   received shard header from network in block tracker [0;36mshard[0m = 0 [0;36mepoch[0m = 0 [0;36mround[0m = 842 [0;36mnonce[0m = 842 [0;36mhash[0m = b400cdf9d230ed3ec51bb100de9ec978a75feb7e2519e2db72a10c7536189bfa 
[0;36mDEBUG[0m[2026-03-16 10:14:11.717]   received shard header from network in block tracker [0;36mshard[0m = 0 [0;36mepoch[0m = 0 [0;36mround[0m = 843 [0;36mnonce[0m = 843 [0;36mhash[0m = ef5f5222396fd1d62f54ae0305b643dad31071f086329e7af3e8dd28cdb269f8 
[0;36mDEBUG[0m[2026-03-16 10:14:11.717]   received shard header from network in block tracker [0;36mshard[0m = 0 [0;36mepoch[0m = 0 [0;36mround[0m = 844 [0;36mnonce[0m = 844 [0;36mhash[0m = 704f21ed635ff648e73f16418ff22cc37604635b4cde5fa72b2433a618a12733 
[0;36mDEBUG[0m[2026-03-16 10:14:11.717]   received shard header from network in block tracker [0;36mshard[0m = 0 [0;36mepoch[0m = 0 [0;36mround[0m = 845 [0;36mnonce[0m = 845 [0;36mhash[0m = ae4611bcdc8a3a7b321951d43acd2cae3fc862e1e6a8cdb16d87dffc0271965a 
[0;36mDEBUG[0m[2026-03-16 10:14:11.717]   received shard header from network in block tracker [0;36mshard[0m = 0 [0;36mepoch[0m = 0 [0;36mround[0m = 846 [0;36mnonce[0m = 846 [0;36mhash[0m = 3f8553e331066ea124cca08a2fc3e5c35886b94fee472c07554107261e8acfbc 
[0;36mDEBUG[0m[2026-03-16 10:14:11.717]   received shard header from network in block tracker [0;36mshard[0m = 0 [0;36mepoch[0m = 0 [0;36mround[0m = 847 [0;36mnonce[0m = 847 [0;36mhash[0m = 202902d114f514e79ab05a0dd91759a51edf1b9b4a822d6942adf59ce5a57395 
[0;36mDEBUG[0m[2026-03-16 10:14:11.717]   received shard header from network in block tracker [0;36mshard[0m = 0 [0;36mepoch[0m = 0 [0;36mround[0m = 848 [0;36mnonce[0m = 848 [0;36mhash[0m = 575a85e2c61b9168150ffc35b4173eb1d516ecd75d7d2c24746487fa9b9ca602 
[0;36mDEBUG[0m[2026-03-16 10:14:11.717]   received shard header from network in block tracker [0;36mshard[0m = 0 [0;36mepoch[0m = 0 [0;36mround[0m = 849 [0;36mnonce[0m = 849 [0;36mhash[0m = c6c4d069b9f3de9f42d79467bf64033ed7c16631e5908c27e155565e34a42527 
[0;36mDEBUG[0m[2026-03-16 10:14:11.717]   received shard header from network in block tracker [0;36mshard[0m = 0 [0;36mepoch[0m = 0 [0;36mround[0m = 850 [0;36mnonce[0m = 850 [0;36mhash[0m = 47a7efdc1aa6c086ae44f5bdec79f25349675ee0b7f7e118059903e3ba657c58 
[0;36mDEBUG[0m[2026-03-16 10:14:11.717]   received shard header from network in block tracker [0;36mshard[0m = 0 [0;36mepoch[0m = 0 [0;36mround[0m = 851 [0;36mnonce[0m = 851 [0;36mhash[0m = 1aa2a51abb64ee00783a8966468b661e9b8b3558cdb27f005d36b40df4490242 
[0;36mDEBUG[0m[2026-03-16 10:14:11.717]   received shard header from network in block tracker [0;36mshard[0m = 0 [0;36mepoch[0m = 0 [0;36mround[0m = 852 [0;36mnonce[0m = 852 [0;36mhash[0m = a52de56099dfa02509f4fd30873093e9a635feeb0bd4c273aa85061f3d4a9779 
[0;36mDEBUG[0m[2026-03-16 10:14:11.718]   received shard header from network in block tracker [0;36mshard[0m = 0 [0;36mepoch[0m = 0 [0;36mround[0m = 853 [0;36mnonce[0m = 853 [0;36mhash[0m = c0d1817ed0846fe1d14354546f8caa9225d903d05a18ba6091406990c86e4155 
[0;36mDEBUG[0m[2026-03-16 10:14:11.718]   received shard header from network in block tracker [0;36mshard[0m = 0 [0;36mepoch[0m = 0 [0;36mround[0m = 854 [0;36mnonce[0m = 854 [0;36mhash[0m = 65e5d98df9a6648fb78cda643d72361d42b7321ac1c2acdbe80a04cec6ed845a 
[0;36mDEBUG[0m[2026-03-16 10:14:11.718]   received shard header from network in block tracker [0;36mshard[0m = 0 [0;36mepoch[0m = 0 [0;36mround[0m = 855 [0;36mnonce[0m = 855 [0;36mhash[0m = c22594113a3fb51885f8de6095edaf1aa37897925a5bcc10d8f514e3df109e2a 
[0;36mDEBUG[0m[2026-03-16 10:14:11.718]   received shard header from network in block tracker [0;36mshard[0m = 0 [0;36mepoch[0m = 0 [0;36mround[0m = 856 [0;36mnonce[0m = 856 [0;36mhash[0m = 225e91e860d312ac75f5e5129f5bd338f435dad1c9746ba5474149cc4f9b07ef 
[0;36mDEBUG[0m[2026-03-16 10:14:11.718]   received shard header from network in block tracker [0;36mshard[0m = 0 [0;36mepoch[0m = 0 [0;36mround[0m = 857 [0;36mnonce[0m = 857 [0;36mhash[0m = 56625091524b89382f3e5517fc302859f132c8ffc0fbe1d2193ce7a66abd46d6 
[0;36mDEBUG[0m[2026-03-16 10:14:11.718]   received shard header from network in block tracker [0;36mshard[0m = 0 [0;36mepoch[0m = 0 [0;36mround[0m = 858 [0;36mnonce[0m = 858 [0;36mhash[0m = cc16ef46521ed2e79f1b36a9ba3054cc12103e4b1c2610fb96572708b2f5854b 
[0;36mDEBUG[0m[2026-03-16 10:14:11.718]   received shard header from network in block tracker [0;36mshard[0m = 0 [0;36mepoch[0m = 0 [0;36mround[0m = 859 [0;36mnonce[0m = 859 [0;36mhash[0m = 85590d8bdeb650052dfc9fae27fc457ace281ad049a824808fad3b03309622eb 
[0;36mDEBUG[0m[2026-03-16 10:14:11.718]   received shard header from network in block tracker [0;36mshard[0m = 0 [0;36mepoch[0m = 0 [0;36mround[0m = 860 [0;36mnonce[0m = 860 [0;36mhash[0m = 230764c773516be3a3fe7f0583774c440833c14eddd15079533aa4212225e28a 
[0;36mDEBUG[0m[2026-03-16 10:14:11.718]   received shard header from network in block tracker [0;36mshard[0m = 0 [0;36mepoch[0m = 0 [0;36mround[0m = 861 [0;36mnonce[0m = 861 [0;36mhash[0m = 20e687c7bbfbf476f8cc7c47e1f59890a2f52c1c13049e5b1bd8cf63560ad310 
[0;36mDEBUG[0m[2026-03-16 10:14:11.718]   received shard header from network in block tracker [0;36mshard[0m = 0 [0;36mepoch[0m = 0 [0;36mround[0m = 862 [0;36mnonce[0m = 862 [0;36mhash[0m = 7828f4b29623da131aa6774dc0402952b87bf86ed36f407460b50c51a485d197 
[0;36mDEBUG[0m[2026-03-16 10:14:11.718]   received shard header from network in block tracker [0;36mshard[0m = 0 [0;36mepoch[0m = 0 [0;36mround[0m = 863 [0;36mnonce[0m = 863 [0;36mhash[0m = 61d34e8357d4062d9c0b55230e1bb9042a243f5ab1a9d5b571013b55342f0e43 
[0;36mDEBUG[0m[2026-03-16 10:14:11.718]   received shard header from network in block tracker [0;36mshard[0m = 0 [0;36mepoch[0m = 0 [0;36mround[0m = 864 [0;36mnonce[0m = 864 [0;36mhash[0m = 0847b0f9ef98b7e4946de37f7301adf001b4c3ed30bee6bd155c5166b2e88b98 
[0;36mDEBUG[0m[2026-03-16 10:14:11.718]   received shard header from network in block tracker [0;36mshard[0m = 0 [0;36mepoch[0m = 0 [0;36mround[0m = 865 [0;36mnonce[0m = 865 [0;36mhash[0m = 01e9887e9d8a971f559517a551a481d7d3169b61dfff5a703f9bdabfdc187156 
[0;36mDEBUG[0m[2026-03-16 10:14:11.718]   received shard header from network in block tracker [0;36mshard[0m = 0 [0;36mepoch[0m = 0 [0;36mround[0m = 866 [0;36mnonce[0m = 866 [0;36mhash[0m = 18804656b5762ad829561de1c2627c840959dadd16ba70deb6ccd9fc294867c7 
[0;36mDEBUG[0m[2026-03-16 10:14:11.718]   received shard header from network in block tracker [0;36mshard[0m = 0 [0;36mepoch[0m = 0 [0;36mround[0m = 867 [0;36mnonce[0m = 867 [0;36mhash[0m = 1d2d617ba19876b43d532a54e741acb116e63d449334135886df6ed6d9ef06c5 
[0;36mDEBUG[0m[2026-03-16 10:14:11.718]   received shard header from network in block tracker [0;36mshard[0m = 0 [0;36mepoch[0m = 0 [0;36mround[0m = 868 [0;36mnonce[0m = 868 [0;36mhash[0m = d80461ec096be8564a93295956d1bd555d1fec3b21d9776363ee04b8b90bd387 
[0;36mDEBUG[0m[2026-03-16 10:14:11.718]   received shard header from network in block tracker [0;36mshard[0m = 0 [0;36mepoch[0m = 0 [0;36mround[0m = 869 [0;36mnonce[0m = 869 [0;36mhash[0m = fe7e451cb18e9fdf1e61cea0521107ac1d8ecd0064bc08990e40acca2552c80b 
[0;36mDEBUG[0m[2026-03-16 10:14:11.718]   received shard header from network in block tracker [0;36mshard[0m = 0 [0;36mepoch[0m = 0 [0;36mround[0m = 870 [0;36mnonce[0m = 870 [0;36mhash[0m = 8d5aa48206f959d8ef63c179b9ed52a1a18d6e506f337ecdd527caca5a4d7cc9 
[0;36mDEBUG[0m[2026-03-16 10:14:11.718]   received shard header from network in block tracker [0;36mshard[0m = 0 [0;36mepoch[0m = 0 [0;36mround[0m = 871 [0;36mnonce[0m = 871 [0;36mhash[0m = c7f8e6c54ba56ff1cde7958732c5b33fa00ea01ec7d5f6158af839f102da67ab 
[0;36mDEBUG[0m[2026-03-16 10:14:11.718]   received shard header from network in block tracker [0;36mshard[0m = 0 [0;36mepoch[0m = 0 [0;36mround[0m = 872 [0;36mnonce[0m = 872 [0;36mhash[0m = 32c2ba8d3078c4b24823f76a77e2450b886a272b11821f2c97d6e28b6bda7e89 
[0;36mDEBUG[0m[2026-03-16 10:14:11.718]   received shard header from network in block tracker [0;36mshard[0m = 0 [0;36mepoch[0m = 0 [0;36mround[0m = 873 [0;36mnonce[0m = 873 [0;36mhash[0m = 3c7118318af76ba78304acf6e47c964611022ee8f8f1f275821a9eee62c2fe0f 
[0;36mDEBUG[0m[2026-03-16 10:14:11.718]   received shard header from network in block tracker [0;36mshard[0m = 0 [0;36mepoch[0m = 0 [0;36mround[0m = 874 [0;36mnonce[0m = 874 [0;36mhash[0m = dcf86c0bd6f1072ce514cf2b1e963878bb70e5946289f85c566ed12a1b44edc7 
[0;36mDEBUG[0m[2026-03-16 10:14:11.718]   received shard header from network in block tracker [0;36mshard[0m = 0 [0;36mepoch[0m = 0 [0;36mround[0m = 875 [0;36mnonce[0m = 875 [0;36mhash[0m = dc2227a9db6afe129ef4db72b669db7c2ed9acdc8b17a1ac5994b309a0ba7863 
[0;36mDEBUG[0m[2026-03-16 10:14:11.718]   received shard header from network in block tracker [0;36mshard[0m = 0 [0;36mepoch[0m = 0 [0;36mround[0m = 876 [0;36mnonce[0m = 876 [0;36mhash[0m = 1b038e559c59a0a3db11d0821aeea5205eace5c6413eaf740ccdbe5f04bda806 
[0;36mDEBUG[0m[2026-03-16 10:14:11.718]   received shard header from network in block tracker [0;36mshard[0m = 0 [0;36mepoch[0m = 0 [0;36mround[0m = 877 [0;36mnonce[0m = 877 [0;36mhash[0m = aa3db35a6294bbcd953c5d34fc49b283da9de498e58ec3645f6888cdfb96fffd 
[0;36mDEBUG[0m[2026-03-16 10:14:11.718]   received shard header from network in block tracker [0;36mshard[0m = 0 [0;36mepoch[0m = 0 [0;36mround[0m = 878 [0;36mnonce[0m = 878 [0;36mhash[0m = 1b640d59b16e7a8d2c670cf837c8bdb78350f5474a50786fe30f7b19f1a12fd9 
[0;36mDEBUG[0m[2026-03-16 10:14:11.718]   received shard header from network in block tracker [0;36mshard[0m = 0 [0;36mepoch[0m = 0 [0;36mround[0m = 879 [0;36mnonce[0m = 879 [0;36mhash[0m = 93f4cb21b535f1e8a0606a21f1c3587f9cae2c1c2195809bfd4dc696636331d3 
[0;36mDEBUG[0m[2026-03-16 10:14:11.718]   received shard header from network in block tracker [0;36mshard[0m = 0 [0;36mepoch[0m = 0 [0;36mround[0m = 880 [0;36mnonce[0m = 880 [0;36mhash[0m = e29fb1147b3267b4d622010d316b5cbb2ca17e08f6271b644dc83525719177bd 
[0;36mDEBUG[0m[2026-03-16 10:14:11.718]   received shard header from network in block tracker [0;36mshard[0m = 0 [0;36mepoch[0m = 0 [0;36mround[0m = 881 [0;36mnonce[0m = 881 [0;36mhash[0m = 2350a9c5078e0bdf2533e62bddea08cf296da2be666142a7e08a69937d4eeea5 
[0;36mDEBUG[0m[2026-03-16 10:14:11.718]   received shard header from network in block tracker [0;36mshard[0m = 0 [0;36mepoch[0m = 0 [0;36mround[0m = 882 [0;36mnonce[0m = 882 [0;36mhash[0m = 9682d31d60908e0af51bd425d9d199dfe0975f64441c4df2e397bda47c2196c7 
[0;36mDEBUG[0m[2026-03-16 10:14:11.718]   received shard header from network in block tracker [0;36mshard[0m = 0 [0;36mepoch[0m = 0 [0;36mround[0m = 883 [0;36mnonce[0m = 883 [0;36mhash[0m = ad75a0c3f38351a298c8a7e7ae31ab5c330026ad0a40c52f82cdae29fc46f45f 
[0;36mDEBUG[0m[2026-03-16 10:14:11.718]   received shard header from network in block tracker [0;36mshard[0m = 0 [0;36mepoch[0m = 0 [0;36mround[0m = 884 [0;36mnonce[0m = 884 [0;36mhash[0m = 74e2b76177b9794c6a5e2447f048f82646cca4c5cd930055e2a6155e2ecdd8e1 
[0;36mDEBUG[0m[2026-03-16 10:14:11.718]   received shard header from network in block tracker [0;36mshard[0m = 0 [0;36mepoch[0m = 0 [0;36mround[0m = 885 [0;36mnonce[0m = 885 [0;36mhash[0m = ddc930aee53c9898861fec5cf5ad4928e0b797645f4aff0a75d6bc01244c9381 
[0;36mDEBUG[0m[2026-03-16 10:14:11.718]   received shard header from network in block tracker [0;36mshard[0m = 0 [0;36mepoch[0m = 0 [0;36mround[0m = 886 [0;36mnonce[0m = 886 [0;36mhash[0m = 3c4e42913cc1ed816911317ee375a804b414af900e147a9328e96d150df541a2 
[0;36mDEBUG[0m[2026-03-16 10:14:11.718]   received shard header from network in block tracker [0;36mshard[0m = 0 [0;36mepoch[0m = 0 [0;36mround[0m = 887 [0;36mnonce[0m = 887 [0;36mhash[0m = fadaa99845e5c209e2573367c550e89055de5147971f4ad74cf5f4343fc91470 
[0;36mDEBUG[0m[2026-03-16 10:14:11.718]   received shard header from network in block tracker [0;36mshard[0m = 0 [0;36mepoch[0m = 0 [0;36mround[0m = 888 [0;36mnonce[0m = 888 [0;36mhash[0m = cc36443d42108f64d14a30298bed6054ec7c6c09436b6a617141109afdf79c5c 
[0;36mDEBUG[0m[2026-03-16 10:14:11.718]   received shard header from network in block tracker [0;36mshard[0m = 0 [0;36mepoch[0m = 0 [0;36mround[0m = 889 [0;36mnonce[0m = 889 [0;36mhash[0m = 1685b0df02f99e3c8f38376f471ca69583e5090766355289a3a45c5cd8850203 
[0;36mDEBUG[0m[2026-03-16 10:14:11.718]   received shard header from network in block tracker [0;36mshard[0m = 0 [0;36mepoch[0m = 0 [0;36mround[0m = 890 [0;36mnonce[0m = 890 [0;36mhash[0m = c2d6e9568b2f11ca1c4fb5055b14fcbf90bb53e2eb42e34b23e821ea0f6af15c 
[0;36mDEBUG[0m[2026-03-16 10:14:11.718]   received shard header from network in block tracker [0;36mshard[0m = 0 [0;36mepoch[0m = 0 [0;36mround[0m = 891 [0;36mnonce[0m = 891 [0;36mhash[0m = ac5983f15fca0120a20eedfa4cd2a50925813760887d15aa13311d45f8c5671b 
[0;36mDEBUG[0m[2026-03-16 10:14:11.718]   received shard header from network in block tracker [0;36mshard[0m = 0 [0;36mepoch[0m = 0 [0;36mround[0m = 892 [0;36mnonce[0m = 892 [0;36mhash[0m = 7b3238b150e2e8b116c913d851520f5a5ea4dfa41699f7133fec7d6a39979854 
[0;36mDEBUG[0m[2026-03-16 10:14:11.718]   received shard header from network in block tracker [0;36mshard[0m = 0 [0;36mepoch[0m = 0 [0;36mround[0m = 893 [0;36mnonce[0m = 893 [0;36mhash[0m = ce65d9c2a976b7741703734c1ce78127f084aff9282e2ea9c61bf01a3e420c9b 
[0;36mDEBUG[0m[2026-03-16 10:14:11.718]   received shard header from network in block tracker [0;36mshard[0m = 0 [0;36mepoch[0m = 0 [0;36mround[0m = 894 [0;36mnonce[0m = 894 [0;36mhash[0m = 9eff3452d6fd1452e02c65dc2e52dd198a4fe922cf4f59a98bef118ca35010a5 
[0;36mDEBUG[0m[2026-03-16 10:14:11.718]   received shard header from network in block tracker [0;36mshard[0m = 0 [0;36mepoch[0m = 0 [0;36mround[0m = 895 [0;36mnonce[0m = 895 [0;36mhash[0m = bcfc4d57a784318aa2354775beff76bdd6275ea7600c24f45aa786890f735db1 
[0;36mDEBUG[0m[2026-03-16 10:14:11.718]   received shard header from network in block tracker [0;36mshard[0m = 0 [0;36mepoch[0m = 0 [0;36mround[0m = 896 [0;36mnonce[0m = 896 [0;36mhash[0m = 40689b218aece59c8319d9ec88f7ddee4772c3cbfdb63298bcbeed22b4e5a7e0 
[0;36mDEBUG[0m[2026-03-16 10:14:11.718]   received shard header from network in block tracker [0;36mshard[0m = 0 [0;36mepoch[0m = 0 [0;36mround[0m = 897 [0;36mnonce[0m = 897 [0;36mhash[0m = 757fc904c3cbb116cb1b145caa80b49aba0804f3cecff4f970ec85bce1396689 
[0;36mDEBUG[0m[2026-03-16 10:14:11.718]   received shard header from network in block tracker [0;36mshard[0m = 0 [0;36mepoch[0m = 0 [0;36mround[0m = 898 [0;36mnonce[0m = 898 [0;36mhash[0m = 9677f00ed2a94b16ee55fe6e83def02787ce3b5b06057897390c1aad8060873e 
[0;36mDEBUG[0m[2026-03-16 10:14:11.718]   received shard header from network in block tracker [0;36mshard[0m = 0 [0;36mepoch[0m = 0 [0;36mround[0m = 899 [0;36mnonce[0m = 899 [0;36mhash[0m = 76d2b9f799971bbe64c6a3ad300416bf1930679934398fe6811400886f4889ae 
[0;36mDEBUG[0m[2026-03-16 10:14:11.718]   received shard header from network in block tracker [0;36mshard[0m = 0 [0;36mepoch[0m = 0 [0;36mround[0m = 900 [0;36mnonce[0m = 900 [0;36mhash[0m = 6f080485b677e2d63e572cf51509a980e367c8658a9cee11e18e1e2e509292d9 
[0;36mDEBUG[0m[2026-03-16 10:14:11.718]   received shard header from network in block tracker [0;36mshard[0m = 0 [0;36mepoch[0m = 0 [0;36mround[0m = 901 [0;36mnonce[0m = 901 [0;36mhash[0m = f315b9997b05a6593951f4a444b8fc717abe99e36c0adbce7981d29f4f7ff291 
[0;36mDEBUG[0m[2026-03-16 10:14:11.718]   received shard header from network in block tracker [0;36mshard[0m = 0 [0;36mepoch[0m = 0 [0;36mround[0m = 902 [0;36mnonce[0m = 902 [0;36mhash[0m = d95d25b9df9ba04009912633ab7f5f1d3392db3f4a7d876b182a35d1a6470d00 
[0;36mDEBUG[0m[2026-03-16 10:14:11.718]   received shard header from network in block tracker [0;36mshard[0m = 0 [0;36mepoch[0m = 0 [0;36mround[0m = 903 [0;36mnonce[0m = 903 [0;36mhash[0m = 8e6080bb62c0f9744859fac9bb12be8616caf3db574caddeb94a174cf1e2471c 
[0;36mDEBUG[0m[2026-03-16 10:14:11.718]   received shard header from network in block tracker [0;36mshard[0m = 0 [0;36mepoch[0m = 0 [0;36mround[0m = 904 [0;36mnonce[0m = 904 [0;36mhash[0m = f7088c499872d070f8178a4a34c1393561ab570da346e6a0d0f7bf7179c209da 
[0;36mDEBUG[0m[2026-03-16 10:14:11.718]   received shard header from network in block tracker [0;36mshard[0m = 0 [0;36mepoch[0m = 0 [0;36mround[0m = 905 [0;36mnonce[0m = 905 [0;36mhash[0m = b36b4e0ef67c2532698da80468943a51553d9a3147c2647f637d33f79d518b95 
[0;36mDEBUG[0m[2026-03-16 10:14:11.718]   received shard header from network in block tracker [0;36mshard[0m = 0 [0;36mepoch[0m = 0 [0;36mround[0m = 906 [0;36mnonce[0m = 906 [0;36mhash[0m = e88b03f317d40a3198ae486dec43c04b940b2d91188b53a35d1f8478b176efc0 
[0;36mDEBUG[0m[2026-03-16 10:14:11.718]   received shard header from network in block tracker [0;36mshard[0m = 0 [0;36mepoch[0m = 0 [0;36mround[0m = 907 [0;36mnonce[0m = 907 [0;36mhash[0m = ddab66054ef02dead80792d2cbca47342ce7fb9675406afcb4da6fc87e1e5cfe 
[0;36mDEBUG[0m[2026-03-16 10:14:11.718]   received shard header from network in block tracker [0;36mshard[0m = 0 [0;36mepoch[0m = 0 [0;36mround[0m = 908 [0;36mnonce[0m = 908 [0;36mhash[0m = d520390254e988089c1bf68d4d80f452ab120086ce57d324b004776a5c8bbf62 
[0;36mDEBUG[0m[2026-03-16 10:14:11.718]   received shard header from network in block tracker [0;36mshard[0m = 0 [0;36mepoch[0m = 0 [0;36mround[0m = 909 [0;36mnonce[0m = 909 [0;36mhash[0m = cb19b34b90c6c8933833f9a921a75a49b0878192123f130b88a4eb9dac89f1c5 
[0;36mDEBUG[0m[2026-03-16 10:14:11.718]   received shard header from network in block tracker [0;36mshard[0m = 0 [0;36mepoch[0m = 0 [0;36mround[0m = 910 [0;36mnonce[0m = 910 [0;36mhash[0m = c2d59bd8212960f99317f1fc84318a9ff16ab5ac91c424b9aaa93b08706a3817 
[0;36mDEBUG[0m[2026-03-16 10:14:11.718]   received shard header from network in block tracker [0;36mshard[0m = 0 [0;36mepoch[0m = 0 [0;36mround[0m = 911 [0;36mnonce[0m = 911 [0;36mhash[0m = 253542e40f6bda71560d820f60d40a1c322ffccda59a984196ebc94e096b5db6 
[0;36mDEBUG[0m[2026-03-16 10:14:11.718]   received shard header from network in block tracker [0;36mshard[0m = 0 [0;36mepoch[0m = 0 [0;36mround[0m = 912 [0;36mnonce[0m = 912 [0;36mhash[0m = 393305308075715b867e2772167ef565ccc739e46f5f7fddea34a399aff9b1db 
[0;36mDEBUG[0m[2026-03-16 10:14:11.718]   received shard header from network in block tracker [0;36mshard[0m = 0 [0;36mepoch[0m = 0 [0;36mround[0m = 913 [0;36mnonce[0m = 913 [0;36mhash[0m = 91be9559176675667fd92761cf40ebeee10fbd679354653b8362948037a72cfb 
[0;36mDEBUG[0m[2026-03-16 10:14:11.718]   received shard header from network in block tracker [0;36mshard[0m = 0 [0;36mepoch[0m = 0 [0;36mround[0m = 914 [0;36mnonce[0m = 914 [0;36mhash[0m = 66b7f2c23763180b01a2b03e7f1d51f624d52093c1d5d29a454243b0921c4f7c 
[0;36mDEBUG[0m[2026-03-16 10:14:11.718]   received shard header from network in block tracker [0;36mshard[0m = 0 [0;36mepoch[0m = 0 [0;36mround[0m = 915 [0;36mnonce[0m = 915 [0;36mhash[0m = a3b0e1466db7555a264bd4b5b90b9f44eb924adf86e407f6c00324b3a6cae2c7 
[0;36mDEBUG[0m[2026-03-16 10:14:11.718]   received shard header from network in block tracker [0;36mshard[0m = 0 [0;36mepoch[0m = 0 [0;36mround[0m = 916 [0;36mnonce[0m = 916 [0;36mhash[0m = 95a37c725c4186aba5387d8c05a81695878ba06870f951146e94e3c6d361af34 
[0;36mDEBUG[0m[2026-03-16 10:14:11.718]   received shard header from network in block tracker [0;36mshard[0m = 0 [0;36mepoch[0m = 0 [0;36mround[0m = 917 [0;36mnonce[0m = 917 [0;36mhash[0m = 86779856543d840a3326a4f134fc689fa9bbb3f64e33961508b5301936db9fa0 
[0;36mDEBUG[0m[2026-03-16 10:14:11.718]   received shard header from network in block tracker [0;36mshard[0m = 0 [0;36mepoch[0m = 0 [0;36mround[0m = 918 [0;36mnonce[0m = 918 [0;36mhash[0m = 6692ab29bae48b6ff34baa239de352c27b0574699da5d9668a5230948c7a1e70 
[0;36mDEBUG[0m[2026-03-16 10:14:11.718]   received shard header from network in block tracker [0;36mshard[0m = 0 [0;36mepoch[0m = 0 [0;36mround[0m = 919 [0;36mnonce[0m = 919 [0;36mhash[0m = c56d0636072c2174386f6d3ed226f1120d56ecfd9878c50d86b7b121827b85f7 
[0;36mDEBUG[0m[2026-03-16 10:14:11.718]   received shard header from network in block tracker [0;36mshard[0m = 0 [0;36mepoch[0m = 0 [0;36mround[0m = 920 [0;36mnonce[0m = 920 [0;36mhash[0m = c1f76a68913417dee00f99ad8b679a56467405e5fd83b31545265b0c4d6b14e9 
[0;36mDEBUG[0m[2026-03-16 10:14:11.718]   received shard header from network in block tracker [0;36mshard[0m = 0 [0;36mepoch[0m = 0 [0;36mround[0m = 921 [0;36mnonce[0m = 921 [0;36mhash[0m = a4b9182e44ed167fe3cac1a72113c8cfc426125ec1b9e0218c764e47caae3ba3 
[0;36mDEBUG[0m[2026-03-16 10:14:11.718]   received shard header from network in block tracker [0;36mshard[0m = 0 [0;36mepoch[0m = 0 [0;36mround[0m = 922 [0;36mnonce[0m = 922 [0;36mhash[0m = e8524f4e58add8afd379b8e062b959a114882a0a15c79571a337e81768899860 
[0;36mDEBUG[0m[2026-03-16 10:14:11.718]   received shard header from network in block tracker [0;36mshard[0m = 0 [0;36mepoch[0m = 0 [0;36mround[0m = 923 [0;36mnonce[0m = 923 [0;36mhash[0m = a54306024dd8d342cfc053cca51ece32725ac3136187c2b5a15d8e5c86d7d2f6 
[0;36mDEBUG[0m[2026-03-16 10:14:11.718]   received shard header from network in block tracker [0;36mshard[0m = 0 [0;36mepoch[0m = 0 [0;36mround[0m = 924 [0;36mnonce[0m = 924 [0;36mhash[0m = 0cf38cd875f2c0f0d58db67227657cced00838bb1c7f5e87e89d05287deff218 
[0;36mDEBUG[0m[2026-03-16 10:14:11.718]   received shard header from network in block tracker [0;36mshard[0m = 0 [0;36mepoch[0m = 0 [0;36mround[0m = 925 [0;36mnonce[0m = 925 [0;36mhash[0m = 26a772e898f8d5b907d5d854672a58020664eaf3a9fcb117b4ebdf110d1bb20d 
[0;36mDEBUG[0m[2026-03-16 10:14:11.718]   received shard header from network in block tracker [0;36mshard[0m = 0 [0;36mepoch[0m = 0 [0;36mround[0m = 926 [0;36mnonce[0m = 926 [0;36mhash[0m = c3049950efe33f3f60a98ce0ce4b8a3fec797b2428a76405567c853c297422b2 
[0;36mDEBUG[0m[2026-03-16 10:14:11.718]   received shard header from network in block tracker [0;36mshard[0m = 0 [0;36mepoch[0m = 0 [0;36mround[0m = 927 [0;36mnonce[0m = 927 [0;36mhash[0m = 844c834948d20c464e7ad4c91ea07882a9441f4cf03d0fe24fc689d42ac705df 
[0;36mDEBUG[0m[2026-03-16 10:14:11.718]   received shard header from network in block tracker [0;36mshard[0m = 0 [0;36mepoch[0m = 0 [0;36mround[0m = 928 [0;36mnonce[0m = 928 [0;36mhash[0m = 33d03d3ccafac84efad999fd0da7e8d464dc57f2244990a8f5784951b7ccc7c7 
[0;36mDEBUG[0m[2026-03-16 10:14:11.718]   received shard header from network in block tracker [0;36mshard[0m = 0 [0;36mepoch[0m = 0 [0;36mround[0m = 929 [0;36mnonce[0m = 929 [0;36mhash[0m = 37a6b15fee4cda25a8cbbd28a5c8ca397bd2937f92d500ff85c5bd55b00c7a2e 
[0;36mDEBUG[0m[2026-03-16 10:14:11.718]   received shard header from network in block tracker [0;36mshard[0m = 0 [0;36mepoch[0m = 0 [0;36mround[0m = 930 [0;36mnonce[0m = 930 [0;36mhash[0m = 421d22b4eb97361348a9734c0e35867e14598fc061382ede0027e44bf6533a04 
[0;36mDEBUG[0m[2026-03-16 10:14:11.718]   received shard header from network in block tracker [0;36mshard[0m = 0 [0;36mepoch[0m = 0 [0;36mround[0m = 931 [0;36mnonce[0m = 931 [0;36mhash[0m = 3bb78c6e8745f4642397256075d56c04a7afcc1bd9777ed2dda25ee48c576c0c 
[0;36mDEBUG[0m[2026-03-16 10:14:11.718]   received shard header from network in block tracker [0;36mshard[0m = 0 [0;36mepoch[0m = 0 [0;36mround[0m = 932 [0;36mnonce[0m = 932 [0;36mhash[0m = 2a64c22cc42c372d749604a946b63d136c816815d6605e12dd06a58a4bb607d3 
[0;36mDEBUG[0m[2026-03-16 10:14:11.718]   received shard header from network in block tracker [0;36mshard[0m = 0 [0;36mepoch[0m = 0 [0;36mround[0m = 933 [0;36mnonce[0m = 933 [0;36mhash[0m = 86570b59750c2acce454523f28091dc0a4ff7818ce99142f1a7bbf1fcc6ee1aa 
[0;36mDEBUG[0m[2026-03-16 10:14:11.718]   received shard header from network in block tracker [0;36mshard[0m = 0 [0;36mepoch[0m = 0 [0;36mround[0m = 934 [0;36mnonce[0m = 934 [0;36mhash[0m = 20fff7220322ca125b358ff1204eca49b177d26065c9ad54792083f1be6f0bd1 
[0;36mDEBUG[0m[2026-03-16 10:14:11.718]   received shard header from network in block tracker [0;36mshard[0m = 0 [0;36mepoch[0m = 0 [0;36mround[0m = 935 [0;36mnonce[0m = 935 [0;36mhash[0m = 4a4bf6a55ec70a878a63a41a524c1bb691e3c71c1f011e5ce45ea9a0e988cd57 
[0;36mDEBUG[0m[2026-03-16 10:14:11.718]   received shard header from network in block tracker [0;36mshard[0m = 0 [0;36mepoch[0m = 0 [0;36mround[0m = 936 [0;36mnonce[0m = 936 [0;36mhash[0m = 9b652a9f6dd55c3498c0166cf7489c3c378444fbfb1d197c7041c1209a747b9f 
[0;36mDEBUG[0m[2026-03-16 10:14:11.718]   received shard header from network in block tracker [0;36mshard[0m = 0 [0;36mepoch[0m = 0 [0;36mround[0m = 937 [0;36mnonce[0m = 937 [0;36mhash[0m = 67cb95e7983d766b4d80a7758b8066985496c10249d757462553d988a707ed32 
[0;36mDEBUG[0m[2026-03-16 10:14:11.718]   received shard header from network in block tracker [0;36mshard[0m = 0 [0;36mepoch[0m = 0 [0;36mround[0m = 938 [0;36mnonce[0m = 938 [0;36mhash[0m = 5f8ceda6c0380aa03d7ffb6464e1ce226a45b3e49a360f5acc54307e16dc589d 
[0;36mDEBUG[0m[2026-03-16 10:14:11.718]   received shard header from network in block tracker [0;36mshard[0m = 0 [0;36mepoch[0m = 0 [0;36mround[0m = 939 [0;36mnonce[0m = 939 [0;36mhash[0m = ba21e50f58263bc3c99f1674c40059044d669fde4e61660ed4fcdadb3a3509b4 
[0;36mDEBUG[0m[2026-03-16 10:14:11.719]   received shard header from network in block tracker [0;36mshard[0m = 0 [0;36mepoch[0m = 0 [0;36mround[0m = 940 [0;36mnonce[0m = 940 [0;36mhash[0m = 2993c11098893f7848b175d4c3312c9a1c16ccebeab0f30a5a8b9630faabdb93 
[0;36mDEBUG[0m[2026-03-16 10:14:11.719]   received shard header from network in block tracker [0;36mshard[0m = 0 [0;36mepoch[0m = 0 [0;36mround[0m = 941 [0;36mnonce[0m = 941 [0;36mhash[0m = 0a89840d394eafcf98173ecdcfae7ea7cba8faa390c6cf11bd2f94832612748d 
[0;36mDEBUG[0m[2026-03-16 10:14:11.719]   received shard header from network in block tracker [0;36mshard[0m = 0 [0;36mepoch[0m = 0 [0;36mround[0m = 942 [0;36mnonce[0m = 942 [0;36mhash[0m = 3f5a559138b263517650dbf3e9ca9d5808e510339cb970da923061e66c90d8e7 
[0;36mDEBUG[0m[2026-03-16 10:14:11.719]   received shard header from network in block tracker [0;36mshard[0m = 0 [0;36mepoch[0m = 0 [0;36mround[0m = 943 [0;36mnonce[0m = 943 [0;36mhash[0m = c78dbf7e4f4bdf8f988e4711388c737ae41d3c9ea11418f436f4ea0b68695ffd 
[0;36mDEBUG[0m[2026-03-16 10:14:11.719]   received shard header from network in block tracker [0;36mshard[0m = 0 [0;36mepoch[0m = 0 [0;36mround[0m = 944 [0;36mnonce[0m = 944 [0;36mhash[0m = c1358ac9a6bc535d0e66b5892ac4bdc96fe2dc8d9e91f0fece10fe5215cf8ee4 
[0;36mDEBUG[0m[2026-03-16 10:14:11.719]   received shard header from network in block tracker [0;36mshard[0m = 0 [0;36mepoch[0m = 0 [0;36mround[0m = 945 [0;36mnonce[0m = 945 [0;36mhash[0m = cc2d4594bfdaa49d56d5a987099520805b1ff24925928a0e9d06e4485508a50f 
[0;36mDEBUG[0m[2026-03-16 10:14:11.719]   received shard header from network in block tracker [0;36mshard[0m = 0 [0;36mepoch[0m = 0 [0;36mround[0m = 946 [0;36mnonce[0m = 946 [0;36mhash[0m = c419ca45c81505eb4c283e4873399b4e613736265afe6ddd3641356076e7f2f0 
[0;36mDEBUG[0m[2026-03-16 10:14:11.719]   received shard header from network in block tracker [0;36mshard[0m = 0 [0;36mepoch[0m = 0 [0;36mround[0m = 947 [0;36mnonce[0m = 947 [0;36mhash[0m = 9a0b42d30febb4dc3f49fd5f2e6b3cb61f0a0d851db0d1416a8fcae4a4dea87c 
[0;36mDEBUG[0m[2026-03-16 10:14:11.719]   received shard header from network in block tracker [0;36mshard[0m = 0 [0;36mepoch[0m = 0 [0;36mround[0m = 948 [0;36mnonce[0m = 948 [0;36mhash[0m = 51b94038a32e393f03105aea543fbaa798173487a87daf194cb1c35300030513 
[0;36mDEBUG[0m[2026-03-16 10:14:11.719]   received shard header from network in block tracker [0;36mshard[0m = 0 [0;36mepoch[0m = 0 [0;36mround[0m = 949 [0;36mnonce[0m = 949 [0;36mhash[0m = f746019b07261fd1e8e7260b88700d78528ac37422c94fc9f9afd6300c1d6c8e 
[0;36mDEBUG[0m[2026-03-16 10:14:11.719]   received shard header from network in block tracker [0;36mshard[0m = 0 [0;36mepoch[0m = 0 [0;36mround[0m = 950 [0;36mnonce[0m = 950 [0;36mhash[0m = 18859d746e767a1727fdd6d507c4cc726deaf61f1ac50f9cc3dd81a26276293a 
[0;36mDEBUG[0m[2026-03-16 10:14:11.719]   received shard header from network in block tracker [0;36mshard[0m = 0 [0;36mepoch[0m = 0 [0;36mround[0m = 951 [0;36mnonce[0m = 951 [0;36mhash[0m = a9606bb86624c723919d9ffaf0f845c53ff87d514de880c35f1a55bf5b061339 
[0;36mDEBUG[0m[2026-03-16 10:14:11.719]   received shard header from network in block tracker [0;36mshard[0m = 0 [0;36mepoch[0m = 0 [0;36mround[0m = 952 [0;36mnonce[0m = 952 [0;36mhash[0m = 2b1ff47f48f084076f9f5d34473963052cc5223c191a7a1a2840a87048c0e3c8 
[0;36mDEBUG[0m[2026-03-16 10:14:11.719]   received shard header from network in block tracker [0;36mshard[0m = 0 [0;36mepoch[0m = 0 [0;36mround[0m = 953 [0;36mnonce[0m = 953 [0;36mhash[0m = 912c8f0b3d0029991ceab9255c0cd0c7fa60d45872065941e318e76fe1a5c218 
[0;36mDEBUG[0m[2026-03-16 10:14:11.719]   received shard header from network in block tracker [0;36mshard[0m = 0 [0;36mepoch[0m = 0 [0;36mround[0m = 954 [0;36mnonce[0m = 954 [0;36mhash[0m = 9ca043d55a770c67b089cb5cdc5bbd101519d1001d27e652627000666cfa9338 
[0;36mDEBUG[0m[2026-03-16 10:14:11.719]   received shard header from network in block tracker [0;36mshard[0m = 0 [0;36mepoch[0m = 0 [0;36mround[0m = 955 [0;36mnonce[0m = 955 [0;36mhash[0m = 971a02e64457b6d559b94df50dec6743f1a96c3c2c6d9232656b897eb4111409 
[0;36mDEBUG[0m[2026-03-16 10:14:11.719]   received shard header from network in block tracker [0;36mshard[0m = 0 [0;36mepoch[0m = 0 [0;36mround[0m = 956 [0;36mnonce[0m = 956 [0;36mhash[0m = 1fb50cda500a70dab0ffda136b43d01d4ea5012b2122c32a96ef7bf2ba14bac4 
[0;36mDEBUG[0m[2026-03-16 10:14:11.719]   received shard header from network in block tracker [0;36mshard[0m = 0 [0;36mepoch[0m = 0 [0;36mround[0m = 957 [0;36mnonce[0m = 957 [0;36mhash[0m = 2021244707315c539e0c2667dd54278db4ea28f2146de3ae47ad83ca49c45862 
[0;36mDEBUG[0m[2026-03-16 10:14:11.719]   received shard header from network in block tracker [0;36mshard[0m = 0 [0;36mepoch[0m = 0 [0;36mround[0m = 958 [0;36mnonce[0m = 958 [0;36mhash[0m = f30e7fd3cf256d6668b8ba36c9488306c2ba652c813b5323eb9b2126244e531a 
[0;36mDEBUG[0m[2026-03-16 10:14:11.719]   received shard header from network in block tracker [0;36mshard[0m = 0 [0;36mepoch[0m = 0 [0;36mround[0m = 959 [0;36mnonce[0m = 959 [0;36mhash[0m = 363083bf8aacdae31c9fc0017e9b6d695223e05cc3e528ec3ed7d1a18c280488 
[0;36mDEBUG[0m[2026-03-16 10:14:11.719]   received shard header from network in block tracker [0;36mshard[0m = 0 [0;36mepoch[0m = 0 [0;36mround[0m = 960 [0;36mnonce[0m = 960 [0;36mhash[0m = 7619340fbbdbbf96a78dfcddda2b16b7e18b38fb775cb279756c76f7cccb2915 
[0;36mDEBUG[0m[2026-03-16 10:14:11.719]   received shard header from network in block tracker [0;36mshard[0m = 0 [0;36mepoch[0m = 0 [0;36mround[0m = 961 [0;36mnonce[0m = 961 [0;36mhash[0m = f5de99d91fde6458319d5a632ea1fc59071e0441c22f660784c8fe8816786e63 
[0;36mDEBUG[0m[2026-03-16 10:14:11.719]   received shard header from network in block tracker [0;36mshard[0m = 0 [0;36mepoch[0m = 0 [0;36mround[0m = 962 [0;36mnonce[0m = 962 [0;36mhash[0m = 7c7bf5029542bd22940ebb5edb1051f8a596e8e1791462aa4b922eb69d0c9e56 
[0;36mDEBUG[0m[2026-03-16 10:14:11.719]   received shard header from network in block tracker [0;36mshard[0m = 0 [0;36mepoch[0m = 0 [0;36mround[0m = 963 [0;36mnonce[0m = 963 [0;36mhash[0m = b04f2d72c29ed48609a32b63de0e4415caa089cf62cf34bc0816e2199d3b3f25 
[0;36mDEBUG[0m[2026-03-16 10:14:11.719]   received shard header from network in block tracker [0;36mshard[0m = 0 [0;36mepoch[0m = 0 [0;36mround[0m = 964 [0;36mnonce[0m = 964 [0;36mhash[0m = 8c507edf35140a99b74f0f43e5bfbf94e83ed153922f1cb9beaad79face0e452 
[0;36mDEBUG[0m[2026-03-16 10:14:11.719]   received shard header from network in block tracker [0;36mshard[0m = 0 [0;36mepoch[0m = 0 [0;36mround[0m = 965 [0;36mnonce[0m = 965 [0;36mhash[0m = 347281e5ffd45f64212ecbc113b9a308f208171cfdebb5b6b5ff216f227d7ce8 
[0;36mDEBUG[0m[2026-03-16 10:14:11.719]   received shard header from network in block tracker [0;36mshard[0m = 0 [0;36mepoch[0m = 0 [0;36mround[0m = 966 [0;36mnonce[0m = 966 [0;36mhash[0m = 1f5db6124e0284314330c845d810b19882549e9723e8ed1e31f82319ea203483 
[0;36mDEBUG[0m[2026-03-16 10:14:11.719]   received shard header from network in block tracker [0;36mshard[0m = 0 [0;36mepoch[0m = 0 [0;36mround[0m = 967 [0;36mnonce[0m = 967 [0;36mhash[0m = 5f4322a6d940fbf813acc902290ca28bf5f8161d370458ef26e7f861ece55f3e 
[0;36mDEBUG[0m[2026-03-16 10:14:11.719]   received shard header from network in block tracker [0;36mshard[0m = 0 [0;36mepoch[0m = 0 [0;36mround[0m = 968 [0;36mnonce[0m = 968 [0;36mhash[0m = 18bbf93924c00705b2ef7be1a7d0ab4f87bbb166753d700e10c42a4ef902f5fe 
[0;36mDEBUG[0m[2026-03-16 10:14:11.719]   received shard header from network in block tracker [0;36mshard[0m = 0 [0;36mepoch[0m = 0 [0;36mround[0m = 969 [0;36mnonce[0m = 969 [0;36mhash[0m = f4733871ebbda5e8d825303e13bbe88493b093a013d66af8da81e7b70ca0f4d1 
[0;36mDEBUG[0m[2026-03-16 10:14:11.719]   received shard header from network in block tracker [0;36mshard[0m = 0 [0;36mepoch[0m = 0 [0;36mround[0m = 970 [0;36mnonce[0m = 970 [0;36mhash[0m = ce5ccc459a24895cf63dbddb242f493fd488c534fc416625e23f96e92ba24a93 
[0;36mDEBUG[0m[2026-03-16 10:14:11.719]   received shard header from network in block tracker [0;36mshard[0m = 0 [0;36mepoch[0m = 0 [0;36mround[0m = 971 [0;36mnonce[0m = 971 [0;36mhash[0m = 874935b72df11cae5c9cc845a0d017c7ea47b1143595fe50e0713c5bbf8c7b23 
[0;36mDEBUG[0m[2026-03-16 10:14:11.719]   received shard header from network in block tracker [0;36mshard[0m = 0 [0;36mepoch[0m = 0 [0;36mround[0m = 972 [0;36mnonce[0m = 972 [0;36mhash[0m = 2aa50c8939b166f7e58898cb28c92c2f636495f581976778082970ca9e38218f 
[0;36mDEBUG[0m[2026-03-16 10:14:11.719]   received shard header from network in block tracker [0;36mshard[0m = 0 [0;36mepoch[0m = 0 [0;36mround[0m = 973 [0;36mnonce[0m = 973 [0;36mhash[0m = 53f8e14ebd3b48924cdfeeaf8fe6f885d3e1428dc0b433745f65c3adc99454e3 
[0;36mDEBUG[0m[2026-03-16 10:14:11.719]   received shard header from network in block tracker [0;36mshard[0m = 0 [0;36mepoch[0m = 0 [0;36mround[0m = 974 [0;36mnonce[0m = 974 [0;36mhash[0m = 1aa6a58610a35faf321252660073ffe49c4b9852363f427f24c67151a94f1bd7 
[0;36mDEBUG[0m[2026-03-16 10:14:11.719]   received shard header from network in block tracker [0;36mshard[0m = 0 [0;36mepoch[0m = 0 [0;36mround[0m = 975 [0;36mnonce[0m = 975 [0;36mhash[0m = 2af071979e47ced74ba016c976d24ca3d0e3f30e35fb29a363979bda42296372 
[0;36mDEBUG[0m[2026-03-16 10:14:11.719]   received shard header from network in block tracker [0;36mshard[0m = 0 [0;36mepoch[0m = 0 [0;36mround[0m = 976 [0;36mnonce[0m = 976 [0;36mhash[0m = 4a6b02da087d8c1fbc5569717346baeaba7eba32a5a1fcd9028b752d6f4a5842 
[0;36mDEBUG[0m[2026-03-16 10:14:11.719]   received shard header from network in block tracker [0;36mshard[0m = 0 [0;36mepoch[0m = 0 [0;36mround[0m = 977 [0;36mnonce[0m = 977 [0;36mhash[0m = 94e8a413f560ddf973bc5489798cf79590214acfccf35f7036b789cc0f9093db 
[0;36mDEBUG[0m[2026-03-16 10:14:11.719]   received shard header from network in block tracker [0;36mshard[0m = 0 [0;36mepoch[0m = 0 [0;36mround[0m = 978 [0;36mnonce[0m = 978 [0;36mhash[0m = cb67cf319170d8d06bfb8acc2e230926db48327e0c6629ec06486f49a3c90c91 
[0;36mDEBUG[0m[2026-03-16 10:14:11.720]   received shard header from network in block tracker [0;36mshard[0m = 0 [0;36mepoch[0m = 0 [0;36mround[0m = 979 [0;36mnonce[0m = 979 [0;36mhash[0m = 9ec02853fb101c853dec3aeb5aa04822369f4f9d73eb41116c4c0c2b56ec0f7f 
[0;36mDEBUG[0m[2026-03-16 10:14:11.720]   received shard header from network in block tracker [0;36mshard[0m = 0 [0;36mepoch[0m = 0 [0;36mround[0m = 980 [0;36mnonce[0m = 980 [0;36mhash[0m = 43e8658dbc23cfe75c1b0749f3212487775d309bbd17dabc30feafe36b0be0a9 
[0;36mDEBUG[0m[2026-03-16 10:14:11.720]   received shard header from network in block tracker [0;36mshard[0m = 0 [0;36mepoch[0m = 0 [0;36mround[0m = 981 [0;36mnonce[0m = 981 [0;36mhash[0m = cf53ceb4ea9dbd536e7d7c50fd8400b1b9bdb60477404d367db225024950a40b 
[0;36mDEBUG[0m[2026-03-16 10:14:11.720]   received shard header from network in block tracker [0;36mshard[0m = 0 [0;36mepoch[0m = 0 [0;36mround[0m = 982 [0;36mnonce[0m = 982 [0;36mhash[0m = cd2bb9abc6e25098befc6cf33584745486a7b5de78ad0b6eb9371064e2a1cc92 
[0;36mDEBUG[0m[2026-03-16 10:14:11.720]   received shard header from network in block tracker [0;36mshard[0m = 0 [0;36mepoch[0m = 0 [0;36mround[0m = 983 [0;36mnonce[0m = 983 [0;36mhash[0m = efe22d85dffc60ce1d282e358d0607312cd38eb5793ddac1ea5a917ef550a96c 
[0;36mDEBUG[0m[2026-03-16 10:14:11.720]   received shard header from network in block tracker [0;36mshard[0m = 0 [0;36mepoch[0m = 0 [0;36mround[0m = 984 [0;36mnonce[0m = 984 [0;36mhash[0m = 021e2f535d5e52f9cadf11661b261e477518a61e5aabeb5305483d2da693c6dc 
[0;36mDEBUG[0m[2026-03-16 10:14:11.720]   received shard header from network in block tracker [0;36mshard[0m = 0 [0;36mepoch[0m = 0 [0;36mround[0m = 985 [0;36mnonce[0m = 985 [0;36mhash[0m = 73b4eac21473ac788df9523afdc3fd2ad1afbeb39e141c085d67e0acf87eded0 
[0;36mDEBUG[0m[2026-03-16 10:14:11.720]   received shard header from network in block tracker [0;36mshard[0m = 0 [0;36mepoch[0m = 0 [0;36mround[0m = 986 [0;36mnonce[0m = 986 [0;36mhash[0m = 399d711123c4b978ce1068164cc1c5cc703f34a0255f8890ac4b6465d848bf51 
[0;36mDEBUG[0m[2026-03-16 10:14:11.720]   received shard header from network in block tracker [0;36mshard[0m = 0 [0;36mepoch[0m = 0 [0;36mround[0m = 987 [0;36mnonce[0m = 987 [0;36mhash[0m = a7a71b998e8581509d5ac99d76bd038e47482cfefddaf19cddad470c980bc124 
[0;36mDEBUG[0m[2026-03-16 10:14:11.720]   received shard header from network in block tracker [0;36mshard[0m = 0 [0;36mepoch[0m = 0 [0;36mround[0m = 988 [0;36mnonce[0m = 988 [0;36mhash[0m = 566c9d8f4fe581797a2df30b131c570a2a0b5be31bfd222d31d3671bcca26801 
[0;36mDEBUG[0m[2026-03-16 10:14:11.720]   received shard header from network in block tracker [0;36mshard[0m = 0 [0;36mepoch[0m = 0 [0;36mround[0m = 989 [0;36mnonce[0m = 989 [0;36mhash[0m = d0430ad805aec7c4bdf3943815904d934b4db1cde5353c0392a9e413e3ebc9cc 
[0;36mDEBUG[0m[2026-03-16 10:14:11.720]   received shard header from network in block tracker [0;36mshard[0m = 0 [0;36mepoch[0m = 0 [0;36mround[0m = 990 [0;36mnonce[0m = 990 [0;36mhash[0m = b1e51e2abe1c5075f3ffd9542d16884ab29db2527bfeffcb2a2c4d0cfb4e4414 
[0;36mDEBUG[0m[2026-03-16 10:14:11.720]   received shard header from network in block tracker [0;36mshard[0m = 0 [0;36mepoch[0m = 0 [0;36mround[0m = 991 [0;36mnonce[0m = 991 [0;36mhash[0m = 7f777c626173190745f92916d2058ffad63d635de82be112f82cd99bef24484a 
[0;36mDEBUG[0m[2026-03-16 10:14:11.720]   received shard header from network in block tracker [0;36mshard[0m = 0 [0;36mepoch[0m = 0 [0;36mround[0m = 3 [0;36mnonce[0m = 2 [0;36mhash[0m = 4eb0de6180c58da8a26197d3894c86eda592ac5202e72c8f0ff6e3218a7da1a3 
[0;36mDEBUG[0m[2026-03-16 10:14:11.720]   received shard header from network in block tracker [0;36mshard[0m = 0 [0;36mepoch[0m = 0 [0;36mround[0m = 4 [0;36mnonce[0m = 3 [0;36mhash[0m = c28d078d195cbaf1f950e51146ce8e5b08d9416994652c6d08eb9a532fc7cd72 
[0;36mDEBUG[0m[2026-03-16 10:14:11.720]   received shard header from network in block tracker [0;36mshard[0m = 0 [0;36mepoch[0m = 0 [0;36mround[0m = 5 [0;36mnonce[0m = 4 [0;36mhash[0m = 5c2581f7232d40de2abaf121c8451b9a95dea1adbdb999dfaa6f830798b576e6 
[0;36mDEBUG[0m[2026-03-16 10:14:11.720]   received shard header from network in block tracker [0;36mshard[0m = 0 [0;36mepoch[0m = 0 [0;36mround[0m = 6 [0;36mnonce[0m = 5 [0;36mhash[0m = d0b465d8417ed581810869b6a5d15cd3dfa4cd5160437e2de39b51e5d0c6cf0d 
[0;36mDEBUG[0m[2026-03-16 10:14:11.720]   received shard header from network in block tracker [0;36mshard[0m = 0 [0;36mepoch[0m = 0 [0;36mround[0m = 7 [0;36mnonce[0m = 6 [0;36mhash[0m = 368ee614bccb65d8c4fc4f9b5376c1c0fd8ae942ee738b0b6b74ee7cb64d8024 
[0;36mDEBUG[0m[2026-03-16 10:14:11.720]   received shard header from network in block tracker [0;36mshard[0m = 0 [0;36mepoch[0m = 0 [0;36mround[0m = 8 [0;36mnonce[0m = 7 [0;36mhash[0m = ad68341b2ecd7bb0fe768d0e53d37c1b1e48869a07faf773de0254442ed35092 
[0;36mDEBUG[0m[2026-03-16 10:14:11.720]   received shard header from network in block tracker [0;36mshard[0m = 0 [0;36mepoch[0m = 0 [0;36mround[0m = 9 [0;36mnonce[0m = 8 [0;36mhash[0m = d29147222da1f31d6ca1ed995ccb4b4094b5bc9d568a2f3a91b54a13403bb83a 
[0;36mDEBUG[0m[2026-03-16 10:14:11.720]   received shard header from network in block tracker [0;36mshard[0m = 0 [0;36mepoch[0m = 0 [0;36mround[0m = 10 [0;36mnonce[0m = 9 [0;36mhash[0m = 0b38bf6bfc281476960ea617a4717e87ce138676b578afcffebd4a16567df584 
[0;36mDEBUG[0m[2026-03-16 10:14:11.720]   received shard header from network in block tracker [0;36mshard[0m = 0 [0;36mepoch[0m = 0 [0;36mround[0m = 11 [0;36mnonce[0m = 10 [0;36mhash[0m = 5abb43b20b2e30c4a433f794f8eff589214e7c382f9ce3f14c5b848c7ccb923d 
[0;36mDEBUG[0m[2026-03-16 10:14:11.720]   received shard header from network in block tracker [0;36mshard[0m = 0 [0;36mepoch[0m = 0 [0;36mround[0m = 12 [0;36mnonce[0m = 11 [0;36mhash[0m = f152af81ce05ad371b4cecbdec3d2229e118cacfcf100bf64f375eb55dd17ced 
[0;36mDEBUG[0m[2026-03-16 10:14:11.720]   received shard header from network in block tracker [0;36mshard[0m = 0 [0;36mepoch[0m = 0 [0;36mround[0m = 13 [0;36mnonce[0m = 12 [0;36mhash[0m = bf5e37afbe368d7128775440102275c6b5cf606ee8c3fc573cea97a6e3e8e750 
[0;36mDEBUG[0m[2026-03-16 10:14:11.720]   received shard header from network in block tracker [0;36mshard[0m = 0 [0;36mepoch[0m = 0 [0;36mround[0m = 14 [0;36mnonce[0m = 13 [0;36mhash[0m = 40dfa1b9ee37952a9c960f4a6e9ea1adec14a7fdc939c87a15a3e82d46ff2fea 
[0;36mDEBUG[0m[2026-03-16 10:14:11.720]   received shard header from network in block tracker [0;36mshard[0m = 0 [0;36mepoch[0m = 0 [0;36mround[0m = 15 [0;36mnonce[0m = 14 [0;36mhash[0m = fc6497f996d160c35d72730912a43e40eb84b8658380e4f9df861a140022fe29 
[0;36mDEBUG[0m[2026-03-16 10:14:11.720]   received shard header from network in block tracker [0;36mshard[0m = 0 [0;36mepoch[0m = 0 [0;36mround[0m = 16 [0;36mnonce[0m = 15 [0;36mhash[0m = 0f6e0dd7ddefbf276ff24c9897d7349e4fcde6cd165817535fe8570ca47dbd93 
[0;36mDEBUG[0m[2026-03-16 10:14:11.720]   received shard header from network in block tracker [0;36mshard[0m = 0 [0;36mepoch[0m = 0 [0;36mround[0m = 17 [0;36mnonce[0m = 16 [0;36mhash[0m = 3a7be3485ef46ed9d4390233109a71b5e5f7aea51ba4684e13fbd9475c1c8b7d 
[0;36mDEBUG[0m[2026-03-16 10:14:11.720]   received shard header from network in block tracker [0;36mshard[0m = 0 [0;36mepoch[0m = 0 [0;36mround[0m = 18 [0;36mnonce[0m = 17 [0;36mhash[0m = f5de347761f5900194dce1ca44d4eab96e357956d779d5dfed4ca1e27a6b9b88 
[0;36mDEBUG[0m[2026-03-16 10:14:11.720]   received shard header from network in block tracker [0;36mshard[0m = 0 [0;36mepoch[0m = 0 [0;36mround[0m = 19 [0;36mnonce[0m = 18 [0;36mhash[0m = 0e0989c9c9b732ee836a51d9c7663568ef7116573af7f7d6bb61d99d922867df 
[0;36mDEBUG[0m[2026-03-16 10:14:11.720]   received shard header from network in block tracker [0;36mshard[0m = 0 [0;36mepoch[0m = 0 [0;36mround[0m = 20 [0;36mnonce[0m = 19 [0;36mhash[0m = 55d5ba7e8d2e55bd94d3e1c2a105543ea5059f0158f5d88bb236cea250c406d1 
[0;36mDEBUG[0m[2026-03-16 10:14:11.720]   received shard header from network in block tracker [0;36mshard[0m = 0 [0;36mepoch[0m = 0 [0;36mround[0m = 21 [0;36mnonce[0m = 20 [0;36mhash[0m = 357e62846d88cd5a829b6c9ad4992a4d0b97950e7c6b1fa46dd13ca370a8d7a0 
[0;36mDEBUG[0m[2026-03-16 10:14:11.720]   received shard header from network in block tracker [0;36mshard[0m = 0 [0;36mepoch[0m = 0 [0;36mround[0m = 22 [0;36mnonce[0m = 21 [0;36mhash[0m = 1a846ba404d6e76ceebb8a5440bdc9c6e62c2dc899a17d8ad06c271097e74d67 
[0;36mDEBUG[0m[2026-03-16 10:14:11.720]   received shard header from network in block tracker [0;36mshard[0m = 0 [0;36mepoch[0m = 0 [0;36mround[0m = 23 [0;36mnonce[0m = 22 [0;36mhash[0m = 6dc6a345ec4b4ab916d68e9bc6eeb007ff06e3538ef563fd29a8f4e0d798ee24 
[0;36mDEBUG[0m[2026-03-16 10:14:11.720]   received shard header from network in block tracker [0;36mshard[0m = 0 [0;36mepoch[0m = 0 [0;36mround[0m = 24 [0;36mnonce[0m = 23 [0;36mhash[0m = 0f5d3ba5f40c0e4da6cdaacb85b5c5ca4891154ec5312032b67de30b2063c14a 
[0;36mDEBUG[0m[2026-03-16 10:14:11.720]   received shard header from network in block tracker [0;36mshard[0m = 0 [0;36mepoch[0m = 0 [0;36mround[0m = 25 [0;36mnonce[0m = 24 [0;36mhash[0m = 7243bb8639ebd9dcbe4307e5182a39a34d4d73ba3a93dc69214935b8b4d2c5db 
[0;36mDEBUG[0m[2026-03-16 10:14:11.720]   received shard header from network in block tracker [0;36mshard[0m = 0 [0;36mepoch[0m = 0 [0;36mround[0m = 26 [0;36mnonce[0m = 25 [0;36mhash[0m = 615aba8f4ff821ee4226522ab7c7f689b9b3437676647607634c37645afe941a 
[0;36mDEBUG[0m[2026-03-16 10:14:11.720]   received shard header from network in block tracker [0;36mshard[0m = 0 [0;36mepoch[0m = 0 [0;36mround[0m = 27 [0;36mnonce[0m = 26 [0;36mhash[0m = b676fe6bb3d0c45562127aa289ee5739fdb574832b2f178df5e2d10ec0cd8889 
[0;36mDEBUG[0m[2026-03-16 10:14:11.720]   received shard header from network in block tracker [0;36mshard[0m = 0 [0;36mepoch[0m = 0 [0;36mround[0m = 28 [0;36mnonce[0m = 27 [0;36mhash[0m = c4014e201042a9c98e61a0894c251354fa887b221fb797134e5a70b81b4e7188 
[0;36mDEBUG[0m[2026-03-16 10:14:11.720]   received shard header from network in block tracker [0;36mshard[0m = 0 [0;36mepoch[0m = 0 [0;36mround[0m = 29 [0;36mnonce[0m = 28 [0;36mhash[0m = c08f7fa58269087ad6ea537127e3d2718705fe11f106e22efa8bf13b1e9c6fb7 
[0;36mDEBUG[0m[2026-03-16 10:14:11.720]   received shard header from network in block tracker [0;36mshard[0m = 0 [0;36mepoch[0m = 0 [0;36mround[0m = 30 [0;36mnonce[0m = 29 [0;36mhash[0m = 9fb9008f65fd4323d1980716689f8c78fe63f66b82c8e81dee73c645b28cb344 
[0;36mDEBUG[0m[2026-03-16 10:14:11.720]   received shard header from network in block tracker [0;36mshard[0m = 0 [0;36mepoch[0m = 0 [0;36mround[0m = 31 [0;36mnonce[0m = 30 [0;36mhash[0m = 8712869b29b86f1b00a6837e36aa404ed5df0c0d17d4e88e177ebf86dab7da59 
[0;36mDEBUG[0m[2026-03-16 10:14:11.720]   received shard header from network in block tracker [0;36mshard[0m = 0 [0;36mepoch[0m = 0 [0;36mround[0m = 32 [0;36mnonce[0m = 31 [0;36mhash[0m = 00d1c831b0673f7b6053a6fb96a02c3087581ea677fa06d5652cba13bf6a5d30 
[0;36mDEBUG[0m[2026-03-16 10:14:11.720]   received shard header from network in block tracker [0;36mshard[0m = 0 [0;36mepoch[0m = 0 [0;36mround[0m = 33 [0;36mnonce[0m = 32 [0;36mhash[0m = e62d7bdf04ab09669b5959be5e6f3ce36e8e31e7051da9203325abf94422dd9b 
[0;36mDEBUG[0m[2026-03-16 10:14:11.720]   received shard header from network in block tracker [0;36mshard[0m = 0 [0;36mepoch[0m = 0 [0;36mround[0m = 34 [0;36mnonce[0m = 33 [0;36mhash[0m = 1cba73a53349878337d5cc719ac4064eabfae23972743035950c82441cfc8a4e 
[0;36mDEBUG[0m[2026-03-16 10:14:11.720]   received shard header from network in block tracker [0;36mshard[0m = 0 [0;36mepoch[0m = 0 [0;36mround[0m = 35 [0;36mnonce[0m = 34 [0;36mhash[0m = 81c143da695fc7cb28dc2e4d23b14dc19c621730294ed5ddaf8e703ca2d7de28 
[0;36mDEBUG[0m[2026-03-16 10:14:11.720]   received shard header from network in block tracker [0;36mshard[0m = 0 [0;36mepoch[0m = 0 [0;36mround[0m = 36 [0;36mnonce[0m = 35 [0;36mhash[0m = a1b3bafd44de03076c0c5ba54bbef71eaf42897840028942152deafa81fb2122 
[0;36mDEBUG[0m[2026-03-16 10:14:11.720]   received shard header from network in block tracker [0;36mshard[0m = 0 [0;36mepoch[0m = 0 [0;36mround[0m = 37 [0;36mnonce[0m = 36 [0;36mhash[0m = f1e83b5318e410549b487123f4a0d31e296ef4aec3856874d4e9b99c615a6b4d 
[0;36mDEBUG[0m[2026-03-16 10:14:11.720]   received shard header from network in block tracker [0;36mshard[0m = 0 [0;36mepoch[0m = 0 [0;36mround[0m = 38 [0;36mnonce[0m = 37 [0;36mhash[0m = f9ca069d1e6df8e1934befa200ab2d910c1959736090a85577b01327f34fca7d 
[0;36mDEBUG[0m[2026-03-16 10:14:11.720]   received shard header from network in block tracker [0;36mshard[0m = 0 [0;36mepoch[0m = 0 [0;36mround[0m = 39 [0;36mnonce[0m = 38 [0;36mhash[0m = 29a56d32e89c3b7ebef8fd7de0302ab568c1bfffd8bf49e073ce25a61e892a6c 
[0;36mDEBUG[0m[2026-03-16 10:14:11.720]   received shard header from network in block tracker [0;36mshard[0m = 0 [0;36mepoch[0m = 0 [0;36mround[0m = 40 [0;36mnonce[0m = 39 [0;36mhash[0m = 35e48495a072e02a4716cdab10b6b90e82e76dea20ff48cb4c90e6f1b54995de 
[0;36mDEBUG[0m[2026-03-16 10:14:11.720]   received shard header from network in block tracker [0;36mshard[0m = 0 [0;36mepoch[0m = 0 [0;36mround[0m = 41 [0;36mnonce[0m = 40 [0;36mhash[0m = 3a60ac8f025dbd310201ce1feb7600762b176a7dbf1e3c92780dfb7cf838380f 
[0;36mDEBUG[0m[2026-03-16 10:14:11.720]   received shard header from network in block tracker [0;36mshard[0m = 0 [0;36mepoch[0m = 0 [0;36mround[0m = 42 [0;36mnonce[0m = 41 [0;36mhash[0m = dc581a490b6f120c193aa082eceecccfaad706e0f225ccbcfa5ac996f2c6c8b5 
[0;36mDEBUG[0m[2026-03-16 10:14:11.720]   received shard header from network in block tracker [0;36mshard[0m = 0 [0;36mepoch[0m = 0 [0;36mround[0m = 43 [0;36mnonce[0m = 42 [0;36mhash[0m = e2e480803181f7e062ed69134da6ce85f3757785285095955c8a029581bf48a0 
[0;36mDEBUG[0m[2026-03-16 10:14:11.720]   received shard header from network in block tracker [0;36mshard[0m = 0 [0;36mepoch[0m = 0 [0;36mround[0m = 44 [0;36mnonce[0m = 43 [0;36mhash[0m = 6cbdb9469db98c2ff3525b7f1287e187792658c6e3bae5c0a3f9274943045768 
[0;36mDEBUG[0m[2026-03-16 10:14:11.720]   received shard header from network in block tracker [0;36mshard[0m = 0 [0;36mepoch[0m = 0 [0;36mround[0m = 45 [0;36mnonce[0m = 44 [0;36mhash[0m = c7c63519d6cd131adaaa914a5ac53a2b550cda2da6ec6dde5b91ef78b8698bcd 
[0;36mDEBUG[0m[2026-03-16 10:14:11.720]   received shard header from network in block tracker [0;36mshard[0m = 0 [0;36mepoch[0m = 0 [0;36mround[0m = 46 [0;36mnonce[0m = 45 [0;36mhash[0m = 9fefbd5473ec5d8aaa41a4538a6138142b3ee2408774f7c78c2fa882ed049ddd 
[0;36mDEBUG[0m[2026-03-16 10:14:11.720]   received shard header from network in block tracker [0;36mshard[0m = 0 [0;36mepoch[0m = 0 [0;36mround[0m = 47 [0;36mnonce[0m = 46 [0;36mhash[0m = cfd33ea35e0aff6c8cf465ff9a9fc6d941ddc9f15c7f4cf19ddc086f414e2f1f 
[0;36mDEBUG[0m[2026-03-16 10:14:11.720]   received shard header from network in block tracker [0;36mshard[0m = 0 [0;36mepoch[0m = 0 [0;36mround[0m = 48 [0;36mnonce[0m = 47 [0;36mhash[0m = 7e5ad9eeb4de7b6ebd2700ab3ef5d904e254f19b31f5aee49fb8345480cc64e9 
[0;36mDEBUG[0m[2026-03-16 10:14:11.720]   received shard header from network in block tracker [0;36mshard[0m = 0 [0;36mepoch[0m = 0 [0;36mround[0m = 49 [0;36mnonce[0m = 48 [0;36mhash[0m = 37225b8bfe11abd01a67c53d27289200c6b88e2eac83d01f31e2f8a0a4beff27 
[0;36mDEBUG[0m[2026-03-16 10:14:11.720]   received shard header from network in block tracker [0;36mshard[0m = 0 [0;36mepoch[0m = 0 [0;36mround[0m = 50 [0;36mnonce[0m = 49 [0;36mhash[0m = 8d8e9e81a1a6c73a69b24b571f7cdc10a6d84d98a9e7dd409fb34bd5f56ab26a 
[0;36mDEBUG[0m[2026-03-16 10:14:11.720]   received shard header from network in block tracker [0;36mshard[0m = 0 [0;36mepoch[0m = 0 [0;36mround[0m = 51 [0;36mnonce[0m = 50 [0;36mhash[0m = 099f29b7dd741196b9b09aee7ea2f8afd426a728f0e24da55c53c929ede3edee 
[0;36mDEBUG[0m[2026-03-16 10:14:11.720]   received shard header from network in block tracker [0;36mshard[0m = 0 [0;36mepoch[0m = 0 [0;36mround[0m = 52 [0;36mnonce[0m = 51 [0;36mhash[0m = 953df8340eda3be46d7224dc9870e246ab30fb7112dd402be3c462d4ce52db15 
[0;36mDEBUG[0m[2026-03-16 10:14:11.720]   received shard header from network in block tracker [0;36mshard[0m = 0 [0;36mepoch[0m = 0 [0;36mround[0m = 53 [0;36mnonce[0m = 52 [0;36mhash[0m = f0c20b15703e9adacf2190d96e3cac67ef78bf110a85c654d6db55cc0b302097 
[0;36mDEBUG[0m[2026-03-16 10:14:11.720]   received shard header from network in block tracker [0;36mshard[0m = 0 [0;36mepoch[0m = 0 [0;36mround[0m = 54 [0;36mnonce[0m = 53 [0;36mhash[0m = 7292e9c16ec16d4778e24345b88dfd8fc2271671c7ecbdb8a52fbbceeb72ff27 
[0;36mDEBUG[0m[2026-03-16 10:14:11.720]   received shard header from network in block tracker [0;36mshard[0m = 0 [0;36mepoch[0m = 0 [0;36mround[0m = 55 [0;36mnonce[0m = 54 [0;36mhash[0m = 78ae518cc753199dd306c4417c8dcc1eea6ca2f10b44fec400142efee8ac5ab5 
[0;36mDEBUG[0m[2026-03-16 10:14:11.720]   received shard header from network in block tracker [0;36mshard[0m = 0 [0;36mepoch[0m = 0 [0;36mround[0m = 56 [0;36mnonce[0m = 55 [0;36mhash[0m = 8a58534aed67fd018413848225945b3a8f9d4c19bdcceafafef5b0610f228ff0 
[0;36mDEBUG[0m[2026-03-16 10:14:11.720]   received shard header from network in block tracker [0;36mshard[0m = 0 [0;36mepoch[0m = 0 [0;36mround[0m = 57 [0;36mnonce[0m = 56 [0;36mhash[0m = 11125ce31fbf92cd7581051671e88781170dcd4989df9b811c047b9f9495e05e 
[0;36mDEBUG[0m[2026-03-16 10:14:11.720]   received shard header from network in block tracker [0;36mshard[0m = 0 [0;36mepoch[0m = 0 [0;36mround[0m = 58 [0;36mnonce[0m = 57 [0;36mhash[0m = 89da225c44c7597c7ea53bc14175668e21d65b5364bdc18d8da5057be24278f7 
[0;36mDEBUG[0m[2026-03-16 10:14:11.720]   received shard header from network in block tracker [0;36mshard[0m = 0 [0;36mepoch[0m = 0 [0;36mround[0m = 59 [0;36mnonce[0m = 58 [0;36mhash[0m = d0ab9c06a9eca9695b908ab0dc0b64272d989580fdf28689c5e908e051d39b6e 
[0;36mDEBUG[0m[2026-03-16 10:14:11.720]   received shard header from network in block tracker [0;36mshard[0m = 0 [0;36mepoch[0m = 0 [0;36mround[0m = 60 [0;36mnonce[0m = 59 [0;36mhash[0m = daa7637d692bce91d6aebaf39f6aca79f951c8f0ef43ad6c9faa395ad053235d 
[0;36mDEBUG[0m[2026-03-16 10:14:11.720]   received shard header from network in block tracker [0;36mshard[0m = 0 [0;36mepoch[0m = 0 [0;36mround[0m = 61 [0;36mnonce[0m = 60 [0;36mhash[0m = 29ac59d3182bf59b1d3a6f2d0219470f8375c1995ef264f6d9f54d4224b34364 
[0;36mDEBUG[0m[2026-03-16 10:14:11.720]   received shard header from network in block tracker [0;36mshard[0m = 0 [0;36mepoch[0m = 0 [0;36mround[0m = 62 [0;36mnonce[0m = 61 [0;36mhash[0m = 8477ce61c82e9be203eada3716147288d18e2356fe5bf58223ee1ce99eed6a42 
[0;36mDEBUG[0m[2026-03-16 10:14:11.720]   received shard header from network in block tracker [0;36mshard[0m = 0 [0;36mepoch[0m = 0 [0;36mround[0m = 63 [0;36mnonce[0m = 62 [0;36mhash[0m = 6ce12a9410dde2e2081e50e6d77a4c6055e81fe1f8a97556d5e30f7292d19168 
[0;36mDEBUG[0m[2026-03-16 10:14:11.720]   received shard header from network in block tracker [0;36mshard[0m = 0 [0;36mepoch[0m = 0 [0;36mround[0m = 64 [0;36mnonce[0m = 63 [0;36mhash[0m = 1d0b348135e514983e08ba997770c5fdc6befadb4e5ec40145a6831b2debba62 
[0;36mDEBUG[0m[2026-03-16 10:14:11.720]   received shard header from network in block tracker [0;36mshard[0m = 0 [0;36mepoch[0m = 0 [0;36mround[0m = 65 [0;36mnonce[0m = 64 [0;36mhash[0m = 5cd3187da963c7f4d64dfa6990d9c62a60b858bdbbdded9f3cf140f6cdfc9090 
[0;36mDEBUG[0m[2026-03-16 10:14:11.720]   received shard header from network in block tracker [0;36mshard[0m = 0 [0;36mepoch[0m = 0 [0;36mround[0m = 66 [0;36mnonce[0m = 65 [0;36mhash[0m = 353cd3b9b83f71783939ea1cdf59486676135b1268ac75f78ec9d21f3287cf82 
[0;36mDEBUG[0m[2026-03-16 10:14:11.720]   received shard header from network in block tracker [0;36mshard[0m = 0 [0;36mepoch[0m = 0 [0;36mround[0m = 67 [0;36mnonce[0m = 66 [0;36mhash[0m = 80229c702aff06cb5efe09498f41fd0510bff8b56710d362f3fb535f47829abf 
[0;36mDEBUG[0m[2026-03-16 10:14:11.720]   received shard header from network in block tracker [0;36mshard[0m = 0 [0;36mepoch[0m = 0 [0;36mround[0m = 68 [0;36mnonce[0m = 67 [0;36mhash[0m = 07a1205788c89b77f643fe7318b674499eaefcd06fb00cdd3834feb45d6d08de 
[0;36mDEBUG[0m[2026-03-16 10:14:11.720]   received shard header from network in block tracker [0;36mshard[0m = 0 [0;36mepoch[0m = 0 [0;36mround[0m = 69 [0;36mnonce[0m = 68 [0;36mhash[0m = 3a29d74ab5de047c3bc26b57fc0ff59a738ab1cd402c47754d2c69c40361e901 
[0;36mDEBUG[0m[2026-03-16 10:14:11.720]   received shard header from network in block tracker [0;36mshard[0m = 0 [0;36mepoch[0m = 0 [0;36mround[0m = 70 [0;36mnonce[0m = 69 [0;36mhash[0m = 6dd1df1e133f7c3802bdb4b6122f24109582dfbf593c8a3128141853cb657b6a 
[0;36mDEBUG[0m[2026-03-16 10:14:11.720]   received shard header from network in block tracker [0;36mshard[0m = 0 [0;36mepoch[0m = 0 [0;36mround[0m = 71 [0;36mnonce[0m = 70 [0;36mhash[0m = df9bcdfc8c1c8db16985cfd16a1a4b22b0c5318bbac5b93362d7db267c871c2e 
[0;36mDEBUG[0m[2026-03-16 10:14:11.720]   received shard header from network in block tracker [0;36mshard[0m = 0 [0;36mepoch[0m = 0 [0;36mround[0m = 72 [0;36mnonce[0m = 71 [0;36mhash[0m = 7bd29c15a90712578364af82e638766a6f721853ce349bb2324e6a96600a3fb4 
[0;36mDEBUG[0m[2026-03-16 10:14:11.720]   received shard header from network in block tracker [0;36mshard[0m = 0 [0;36mepoch[0m = 0 [0;36mround[0m = 73 [0;36mnonce[0m = 72 [0;36mhash[0m = d4c45d8bedf08b719091f0941dc9e8123a70fa2d97cce4729c81c22a35ff5487 
[0;36mDEBUG[0m[2026-03-16 10:14:11.720]   received shard header from network in block tracker [0;36mshard[0m = 0 [0;36mepoch[0m = 0 [0;36mround[0m = 74 [0;36mnonce[0m = 73 [0;36mhash[0m = af11084f9b9f32bdd718a001d4ad2da6641c2edf5c4bcc2c08fe5adb9d96cbbb 
[0;36mDEBUG[0m[2026-03-16 10:14:11.720]   received shard header from network in block tracker [0;36mshard[0m = 0 [0;36mepoch[0m = 0 [0;36mround[0m = 75 [0;36mnonce[0m = 74 [0;36mhash[0m = 929e1bbd4db88fd1ca30b38a9766691cd768bd9470dde3f7f5b4b813e78b68f1 
[0;36mDEBUG[0m[2026-03-16 10:14:11.720]   received shard header from network in block tracker [0;36mshard[0m = 0 [0;36mepoch[0m = 0 [0;36mround[0m = 76 [0;36mnonce[0m = 75 [0;36mhash[0m = a1a8495d43b05336cba32e59aee272152b416777fe81a77a4d7e123b7fcc3506 
[0;36mDEBUG[0m[2026-03-16 10:14:11.720]   received shard header from network in block tracker [0;36mshard[0m = 0 [0;36mepoch[0m = 0 [0;36mround[0m = 77 [0;36mnonce[0m = 76 [0;36mhash[0m = 08237484c7c54bead01ec52d2f74e4bcb9e459a0e94e9dcf86f0677aab2989b7 
[0;36mDEBUG[0m[2026-03-16 10:14:11.720]   received shard header from network in block tracker [0;36mshard[0m = 0 [0;36mepoch[0m = 0 [0;36mround[0m = 78 [0;36mnonce[0m = 77 [0;36mhash[0m = 18c226086058f10517932b191c71ec142c49ae6f456095d30a9006323f3213d8 
[0;36mDEBUG[0m[2026-03-16 10:14:11.720]   received shard header from network in block tracker [0;36mshard[0m = 0 [0;36mepoch[0m = 0 [0;36mround[0m = 79 [0;36mnonce[0m = 78 [0;36mhash[0m = 1f27e3df628874f51b7beb21dd895acab3658a5e23b1717f2d7f2075607d4043 
[0;36mDEBUG[0m[2026-03-16 10:14:11.720]   received shard header from network in block tracker [0;36mshard[0m = 0 [0;36mepoch[0m = 0 [0;36mround[0m = 80 [0;36mnonce[0m = 79 [0;36mhash[0m = e628a66877bc855c96f281d316c178dd143963907338d81b51eed0ced1cde0b7 
[0;36mDEBUG[0m[2026-03-16 10:14:11.720]   received shard header from network in block tracker [0;36mshard[0m = 0 [0;36mepoch[0m = 0 [0;36mround[0m = 81 [0;36mnonce[0m = 80 [0;36mhash[0m = 278d81ba5b09da5b20ac95d0989b114f07c5eda3ad3c5c3ef57e44fad7ac5a77 
[0;36mDEBUG[0m[2026-03-16 10:14:11.720]   received shard header from network in block tracker [0;36mshard[0m = 0 [0;36mepoch[0m = 0 [0;36mround[0m = 82 [0;36mnonce[0m = 81 [0;36mhash[0m = 51aa66a40ed9752c629bd27b0c1861b17704796c416be95750bea54ecbba5e67 
[0;36mDEBUG[0m[2026-03-16 10:14:11.720]   received shard header from network in block tracker [0;36mshard[0m = 0 [0;36mepoch[0m = 0 [0;36mround[0m = 83 [0;36mnonce[0m = 82 [0;36mhash[0m = 3d15dd627fc840bc581fef677ee5bf705c47a6e72fcb8c840974b877c12bcbcd 
[0;36mDEBUG[0m[2026-03-16 10:14:11.720]   received shard header from network in block tracker [0;36mshard[0m = 0 [0;36mepoch[0m = 0 [0;36mround[0m = 84 [0;36mnonce[0m = 83 [0;36mhash[0m = a00b87d3ed18ec51038c85c04b1645bc2caa8a74da1644b4bb0fce7f570d62c4 
[0;36mDEBUG[0m[2026-03-16 10:14:11.720]   received shard header from network in block tracker [0;36mshard[0m = 0 [0;36mepoch[0m = 0 [0;36mround[0m = 85 [0;36mnonce[0m = 84 [0;36mhash[0m = aad3ac301a0455a65f8e93a2acce1619bd09c87ebb23639494359fc49a9be1df 
[0;36mDEBUG[0m[2026-03-16 10:14:11.720]   received shard header from network in block tracker [0;36mshard[0m = 0 [0;36mepoch[0m = 0 [0;36mround[0m = 86 [0;36mnonce[0m = 85 [0;36mhash[0m = fe9d3fb99fb7bfef02944d0e5b2038cf39ced815967dcfed0dfb8e68075fa07a 
[0;36mDEBUG[0m[2026-03-16 10:14:11.720]   received shard header from network in block tracker [0;36mshard[0m = 0 [0;36mepoch[0m = 0 [0;36mround[0m = 87 [0;36mnonce[0m = 86 [0;36mhash[0m = de1c5a2fbabdb8bb146e98c98eac4c19b60a3397aca442d23a0a7bf2bf1e84fd 
[0;36mDEBUG[0m[2026-03-16 10:14:11.720]   received shard header from network in block tracker [0;36mshard[0m = 0 [0;36mepoch[0m = 0 [0;36mround[0m = 88 [0;36mnonce[0m = 87 [0;36mhash[0m = 76b1588bb473253170df3669ebe8047d045cdbfb004c9ca972ce38ffc648c008 
[0;36mDEBUG[0m[2026-03-16 10:14:11.720]   received shard header from network in block tracker [0;36mshard[0m = 0 [0;36mepoch[0m = 0 [0;36mround[0m = 89 [0;36mnonce[0m = 88 [0;36mhash[0m = 4b8e3df41e165dd0d96bea301339ae18432b985fc1da3d0df5c94543126c0f5f 
[0;36mDEBUG[0m[2026-03-16 10:14:11.720]   received shard header from network in block tracker [0;36mshard[0m = 0 [0;36mepoch[0m = 0 [0;36mround[0m = 90 [0;36mnonce[0m = 89 [0;36mhash[0m = f6fc20a3212b8ec7aa93ddcea3108f705b44822133980f989511f3ef250736d2 
[0;36mDEBUG[0m[2026-03-16 10:14:11.720]   received shard header from network in block tracker [0;36mshard[0m = 0 [0;36mepoch[0m = 0 [0;36mround[0m = 91 [0;36mnonce[0m = 90 [0;36mhash[0m = 4fc162a82a41dac94a0d5bb3761aaea85393eda456e8c2e6f9be3f4cd00c5363 
[0;36mDEBUG[0m[2026-03-16 10:14:11.720]   received shard header from network in block tracker [0;36mshard[0m = 0 [0;36mepoch[0m = 0 [0;36mround[0m = 92 [0;36mnonce[0m = 91 [0;36mhash[0m = 479063382d7868ca58a4e5cdce4eaf490f16584a45c0d72b25eca71631ce115c 
[0;36mDEBUG[0m[2026-03-16 10:14:11.720]   received shard header from network in block tracker [0;36mshard[0m = 0 [0;36mepoch[0m = 0 [0;36mround[0m = 93 [0;36mnonce[0m = 92 [0;36mhash[0m = bd264286a2b4147cdb1106c62f51a8babd9e34771f8b92355d9429dd8d68f03a 
[0;36mDEBUG[0m[2026-03-16 10:14:11.720]   received shard header from network in block tracker [0;36mshard[0m = 0 [0;36mepoch[0m = 0 [0;36mround[0m = 94 [0;36mnonce[0m = 93 [0;36mhash[0m = 645c68c204a43fbbc65a75ddf3e87ecd1965be8bdc19b4a62d36e69564ddd4d1 
[0;36mDEBUG[0m[2026-03-16 10:14:11.720]   received shard header from network in block tracker [0;36mshard[0m = 0 [0;36mepoch[0m = 0 [0;36mround[0m = 95 [0;36mnonce[0m = 94 [0;36mhash[0m = c3621533bb9e4428230cc740df0907326b5013b1e1f35f041670408a3bf3cb5f 
[0;36mDEBUG[0m[2026-03-16 10:14:11.720]   received shard header from network in block tracker [0;36mshard[0m = 0 [0;36mepoch[0m = 0 [0;36mround[0m = 96 [0;36mnonce[0m = 95 [0;36mhash[0m = 57a1affa3ceda83e0c1f4ba88de47cb3fcb9fb82f109b20701cdbbdca1904d8e 
[0;36mDEBUG[0m[2026-03-16 10:14:11.720]   received shard header from network in block tracker [0;36mshard[0m = 0 [0;36mepoch[0m = 0 [0;36mround[0m = 97 [0;36mnonce[0m = 96 [0;36mhash[0m = e67807baffe833b6e2dbcc065d66a1cd6aea9c012b91e99acfa51f9f0440e103 
[0;36mDEBUG[0m[2026-03-16 10:14:11.720]   received shard header from network in block tracker [0;36mshard[0m = 0 [0;36mepoch[0m = 0 [0;36mround[0m = 98 [0;36mnonce[0m = 97 [0;36mhash[0m = afb962b2b95c74fda74c5d21ef9a882eada974af3eef0b6c6f84a59cd3a9f7cc 
[0;36mDEBUG[0m[2026-03-16 10:14:11.720]   received shard header from network in block tracker [0;36mshard[0m = 0 [0;36mepoch[0m = 0 [0;36mround[0m = 99 [0;36mnonce[0m = 98 [0;36mhash[0m = bb8d821298e88233b746331b54f7b8e0ed2cfb3159edf1d4ba02abd24f42f423 
[0;36mDEBUG[0m[2026-03-16 10:14:11.720]   received shard header from network in block tracker [0;36mshard[0m = 0 [0;36mepoch[0m = 0 [0;36mround[0m = 100 [0;36mnonce[0m = 99 [0;36mhash[0m = d2c6827bb0a89d705fb82c053f4cd0e4d29934a76d29a47888c1416fa636edc1 
[0;36mDEBUG[0m[2026-03-16 10:14:11.720]   received shard header from network in block tracker [0;36mshard[0m = 0 [0;36mepoch[0m = 0 [0;36mround[0m = 101 [0;36mnonce[0m = 100 [0;36mhash[0m = 2b67ea7c04043f87b5029d148085b8c6498e7f4acffa56cac14c5b650dbfdafb 
[0;36mDEBUG[0m[2026-03-16 10:14:11.720]   received shard header from network in block tracker [0;36mshard[0m = 0 [0;36mepoch[0m = 0 [0;36mround[0m = 102 [0;36mnonce[0m = 101 [0;36mhash[0m = cf586038a86ee585af4f05d0f6cc77839da453dbf5ff677fb1c51d41b865346b 
[0;36mDEBUG[0m[2026-03-16 10:14:11.720]   received shard header from network in block tracker [0;36mshard[0m = 0 [0;36mepoch[0m = 0 [0;36mround[0m = 103 [0;36mnonce[0m = 102 [0;36mhash[0m = 244a7768645f3c42b29bb0e97c86352e755ad185f5ea113d0183cb1a417a6207 
[0;36mDEBUG[0m[2026-03-16 10:14:11.720]   received shard header from network in block tracker [0;36mshard[0m = 0 [0;36mepoch[0m = 0 [0;36mround[0m = 104 [0;36mnonce[0m = 103 [0;36mhash[0m = ca576455eb61f3f99cdd63c749ce402c733359971005aaf92ca7d1205afd65b8 
[0;36mDEBUG[0m[2026-03-16 10:14:11.720]   received shard header from network in block tracker [0;36mshard[0m = 0 [0;36mepoch[0m = 0 [0;36mround[0m = 105 [0;36mnonce[0m = 104 [0;36mhash[0m = 92f6b904e8e6cd086681373d76b0abd3957d65081067912a0ac6aea953bb1412 
[0;36mDEBUG[0m[2026-03-16 10:14:11.720]   received shard header from network in block tracker [0;36mshard[0m = 0 [0;36mepoch[0m = 0 [0;36mround[0m = 106 [0;36mnonce[0m = 105 [0;36mhash[0m = 60e1ebdac66332ec3341e1c2629e9a564532c3f7664fa9496f52f4fea4eb6f98 
[0;36mDEBUG[0m[2026-03-16 10:14:11.720]   received shard header from network in block tracker [0;36mshard[0m = 0 [0;36mepoch[0m = 0 [0;36mround[0m = 107 [0;36mnonce[0m = 106 [0;36mhash[0m = 3cfcaecef6fb1b81e85b2e7a46ad377418a04577df3ed489b8229b9b6796eed9 
[0;36mDEBUG[0m[2026-03-16 10:14:11.720]   received shard header from network in block tracker [0;36mshard[0m = 0 [0;36mepoch[0m = 0 [0;36mround[0m = 108 [0;36mnonce[0m = 107 [0;36mhash[0m = 39f530822065194ae557d64220399f47de45424ca0206f681b61ad989b7033e3 
[0;36mDEBUG[0m[2026-03-16 10:14:11.720]   received shard header from network in block tracker [0;36mshard[0m = 0 [0;36mepoch[0m = 0 [0;36mround[0m = 109 [0;36mnonce[0m = 108 [0;36mhash[0m = 3f9d47ad28d67b237f05362efddc048e21748f952d5ebc98b2b211117868e157 
[0;36mDEBUG[0m[2026-03-16 10:14:11.720]   received shard header from network in block tracker [0;36mshard[0m = 0 [0;36mepoch[0m = 0 [0;36mround[0m = 110 [0;36mnonce[0m = 109 [0;36mhash[0m = 4de570e3abb3edcc73014a5971283d567426031c127989416c1d94a9119a09e3 
[0;36mDEBUG[0m[2026-03-16 10:14:11.720]   received shard header from network in block tracker [0;36mshard[0m = 0 [0;36mepoch[0m = 0 [0;36mround[0m = 111 [0;36mnonce[0m = 110 [0;36mhash[0m = b936e285fdafb7668bd70f5aacc77492a876f6a9ec8466b7043945c715712313 
[0;36mDEBUG[0m[2026-03-16 10:14:11.720]   received shard header from network in block tracker [0;36mshard[0m = 0 [0;36mepoch[0m = 0 [0;36mround[0m = 112 [0;36mnonce[0m = 111 [0;36mhash[0m = 34853cd54522c7358574276500e230778849a0a02629f186b612455de8685804 
[0;36mDEBUG[0m[2026-03-16 10:14:11.720]   received shard header from network in block tracker [0;36mshard[0m = 0 [0;36mepoch[0m = 0 [0;36mround[0m = 113 [0;36mnonce[0m = 112 [0;36mhash[0m = 1481f8d1aa8b4b9c66007f00c0e77b70177ee3e08d88ffdd1e2d9b6f712c9cd2 
[0;36mDEBUG[0m[2026-03-16 10:14:11.720]   received shard header from network in block tracker [0;36mshard[0m = 0 [0;36mepoch[0m = 0 [0;36mround[0m = 114 [0;36mnonce[0m = 113 [0;36mhash[0m = 5207e8d14a0d89acfa45c79a32ec9d28171c850e251433ef05e658d02e4360d3 
[0;36mDEBUG[0m[2026-03-16 10:14:11.720]   received shard header from network in block tracker [0;36mshard[0m = 0 [0;36mepoch[0m = 0 [0;36mround[0m = 115 [0;36mnonce[0m = 114 [0;36mhash[0m = 637178ad5fe93b11150b31916f9f5fd7315c2a05dbb5ae17082faf883f8f8974 
[0;36mDEBUG[0m[2026-03-16 10:14:11.720]   received shard header from network in block tracker [0;36mshard[0m = 0 [0;36mepoch[0m = 0 [0;36mround[0m = 116 [0;36mnonce[0m = 115 [0;36mhash[0m = f59f1508bfcd12a6151919f2505bdefe0fdfb72510cc9a3f912252bcd80ffde3 
[0;36mDEBUG[0m[2026-03-16 10:14:11.720]   received shard header from network in block tracker [0;36mshard[0m = 0 [0;36mepoch[0m = 0 [0;36mround[0m = 117 [0;36mnonce[0m = 116 [0;36mhash[0m = 09cf7678af4e41fbbcd56145c74fffe99b606261fb5bfa3e387dce5ce12481ec 
[0;36mDEBUG[0m[2026-03-16 10:14:11.720]   received shard header from network in block tracker [0;36mshard[0m = 0 [0;36mepoch[0m = 0 [0;36mround[0m = 118 [0;36mnonce[0m = 117 [0;36mhash[0m = b18944f1c8cd3ae1453a82cef3de2832f3f97fa5bb52ab62afb6550dad68f90d 
[0;36mDEBUG[0m[2026-03-16 10:14:11.721]   received shard header from network in block tracker [0;36mshard[0m = 0 [0;36mepoch[0m = 0 [0;36mround[0m = 119 [0;36mnonce[0m = 118 [0;36mhash[0m = c8207fa6691e92ddf04c8e03c1266ce1b3fa7d860221e2c822de637fd1457bc7 
[0;36mDEBUG[0m[2026-03-16 10:14:11.721]   received shard header from network in block tracker [0;36mshard[0m = 0 [0;36mepoch[0m = 0 [0;36mround[0m = 120 [0;36mnonce[0m = 119 [0;36mhash[0m = a3cbd603048ef36d0ac451380936aeaba6b420a52d185f93e09f624162ba24d0 
[0;36mDEBUG[0m[2026-03-16 10:14:11.721]   received shard header from network in block tracker [0;36mshard[0m = 0 [0;36mepoch[0m = 0 [0;36mround[0m = 121 [0;36mnonce[0m = 120 [0;36mhash[0m = b8b33e831e7c567a59098c5052e2dffe7c804857262721c7bc50bb86ffcde18d 
[0;36mDEBUG[0m[2026-03-16 10:14:11.721]   received shard header from network in block tracker [0;36mshard[0m = 0 [0;36mepoch[0m = 0 [0;36mround[0m = 122 [0;36mnonce[0m = 121 [0;36mhash[0m = 0bd47f4f29e0c7f1100b5545306d11615d5cba8f8319cce21a2b8f075811aee3 
[0;36mDEBUG[0m[2026-03-16 10:14:11.721]   received shard header from network in block tracker [0;36mshard[0m = 0 [0;36mepoch[0m = 0 [0;36mround[0m = 123 [0;36mnonce[0m = 122 [0;36mhash[0m = 71240eaac70eb0e80476b4986908a2cb58943eff250ca01b0479eeb1883ef041 
[0;36mDEBUG[0m[2026-03-16 10:14:11.721]   received shard header from network in block tracker [0;36mshard[0m = 0 [0;36mepoch[0m = 0 [0;36mround[0m = 124 [0;36mnonce[0m = 123 [0;36mhash[0m = 65a90cfac709db6fd8f55f6a7ce1ad7d16a582f27bcb9f5b63ee2276fd25a40c 
[0;36mDEBUG[0m[2026-03-16 10:14:11.721]   received shard header from network in block tracker [0;36mshard[0m = 0 [0;36mepoch[0m = 0 [0;36mround[0m = 125 [0;36mnonce[0m = 124 [0;36mhash[0m = 9d3f822726423b0a885c8f19c800393b58f9a985668b89e9875a195faf9f4739 
[0;36mDEBUG[0m[2026-03-16 10:14:11.721]   received shard header from network in block tracker [0;36mshard[0m = 0 [0;36mepoch[0m = 0 [0;36mround[0m = 126 [0;36mnonce[0m = 125 [0;36mhash[0m = bec7d384266968b0d5b3d61765b2ddf7b29cfd4548f38d4a17084065728b2db0 
[0;36mDEBUG[0m[2026-03-16 10:14:11.721]   received shard header from network in block tracker [0;36mshard[0m = 0 [0;36mepoch[0m = 0 [0;36mround[0m = 127 [0;36mnonce[0m = 126 [0;36mhash[0m = 2d49c725bd1e6d5325c6f8a431ed524cf98359b4db025d0fa9254e72766b8e43 
[0;36mDEBUG[0m[2026-03-16 10:14:11.721]   received shard header from network in block tracker [0;36mshard[0m = 0 [0;36mepoch[0m = 0 [0;36mround[0m = 128 [0;36mnonce[0m = 127 [0;36mhash[0m = e2215f388deb7f38f87f04337101d8afc957bd85ccb0c5b590d305860e86d19b 
[0;36mDEBUG[0m[2026-03-16 10:14:11.721]   received shard header from network in block tracker [0;36mshard[0m = 0 [0;36mepoch[0m = 0 [0;36mround[0m = 129 [0;36mnonce[0m = 128 [0;36mhash[0m = 23e4bf10ecf7a8d027f74425b2e67302da70edd11057ae9720174ef0450bb896 
[0;36mDEBUG[0m[2026-03-16 10:14:11.721]   received shard header from network in block tracker [0;36mshard[0m = 0 [0;36mepoch[0m = 0 [0;36mround[0m = 130 [0;36mnonce[0m = 129 [0;36mhash[0m = c2fe5dd8776d0dd8a50b3efc88da8b2e576e939651246c4e3240dceb77858ae8 
[0;36mDEBUG[0m[2026-03-16 10:14:11.721]   received shard header from network in block tracker [0;36mshard[0m = 0 [0;36mepoch[0m = 0 [0;36mround[0m = 131 [0;36mnonce[0m = 130 [0;36mhash[0m = 4b836466b12fc074a4d5598581223c48f8ea930f249a17bb7ce434c5a46cf293 
[0;36mDEBUG[0m[2026-03-16 10:14:11.721]   received shard header from network in block tracker [0;36mshard[0m = 0 [0;36mepoch[0m = 0 [0;36mround[0m = 132 [0;36mnonce[0m = 131 [0;36mhash[0m = 69920ef1683a4e065c4cc33f69ac7a5f66096211fe266c016d18064aa0aec3bd 
[0;36mDEBUG[0m[2026-03-16 10:14:11.721]   received shard header from network in block tracker [0;36mshard[0m = 0 [0;36mepoch[0m = 0 [0;36mround[0m = 133 [0;36mnonce[0m = 132 [0;36mhash[0m = 379a7b06d8b754f62b1f2d95e79a34228d1659e1c96f39ac9486608df4c33467 
[0;36mDEBUG[0m[2026-03-16 10:14:11.721]   received shard header from network in block tracker [0;36mshard[0m = 0 [0;36mepoch[0m = 0 [0;36mround[0m = 134 [0;36mnonce[0m = 133 [0;36mhash[0m = 72eed891e25683aac7733c7c84b8c090d9ad2b415c622d7830fa3a20197abd44 
[0;36mDEBUG[0m[2026-03-16 10:14:11.721]   received shard header from network in block tracker [0;36mshard[0m = 0 [0;36mepoch[0m = 0 [0;36mround[0m = 135 [0;36mnonce[0m = 134 [0;36mhash[0m = 2ffdb89dd3ffdc067e0958f366fb1c5d0be54cd60f93980a3d17d8b5bb5b29f3 
[0;36mDEBUG[0m[2026-03-16 10:14:11.721]   received shard header from network in block tracker [0;36mshard[0m = 0 [0;36mepoch[0m = 0 [0;36mround[0m = 136 [0;36mnonce[0m = 135 [0;36mhash[0m = c9640d45ae474f918f4a2502e76ff69e37ef2cdb2dc25ed01b5c0a79e32d7472 
[0;36mDEBUG[0m[2026-03-16 10:14:11.721]   received shard header from network in block tracker [0;36mshard[0m = 0 [0;36mepoch[0m = 0 [0;36mround[0m = 137 [0;36mnonce[0m = 136 [0;36mhash[0m = 1190428500bd852e0160c3fa8a155506046ec1afb5d056881707632f9bb23fde 
[0;36mDEBUG[0m[2026-03-16 10:14:11.721]   received shard header from network in block tracker [0;36mshard[0m = 0 [0;36mepoch[0m = 0 [0;36mround[0m = 138 [0;36mnonce[0m = 137 [0;36mhash[0m = 3a4555c16d30a10edb849a4ea8cba45b905378f23419003183eab141fa9643ef 
[0;36mDEBUG[0m[2026-03-16 10:14:11.721]   received shard header from network in block tracker [0;36mshard[0m = 0 [0;36mepoch[0m = 0 [0;36mround[0m = 139 [0;36mnonce[0m = 138 [0;36mhash[0m = 3af4155d44dbfc713abd2a56d503b277aa73e27248e6a71bfdebfdff1959251f 
[0;36mDEBUG[0m[2026-03-16 10:14:11.721]   received shard header from network in block tracker [0;36mshard[0m = 0 [0;36mepoch[0m = 0 [0;36mround[0m = 140 [0;36mnonce[0m = 139 [0;36mhash[0m = d0bd3bbf88e16204b5a95cbef7fff7d9d4873cc6782b82bcdf351314488b9908 
[0;36mDEBUG[0m[2026-03-16 10:14:11.721]   received shard header from network in block tracker [0;36mshard[0m = 0 [0;36mepoch[0m = 0 [0;36mround[0m = 141 [0;36mnonce[0m = 140 [0;36mhash[0m = 753a271c6f3c011ae6d46f383d6cfdd3a8703ffc954dae57993ddce4b40c712c 
[0;36mDEBUG[0m[2026-03-16 10:14:11.721]   received shard header from network in block tracker [0;36mshard[0m = 0 [0;36mepoch[0m = 0 [0;36mround[0m = 142 [0;36mnonce[0m = 141 [0;36mhash[0m = eb402837d46fb1348f259825c55ac4b08c9ab8e6fd42756c6bae8d6e89e6d87c 
[0;36mDEBUG[0m[2026-03-16 10:14:11.721]   received shard header from network in block tracker [0;36mshard[0m = 0 [0;36mepoch[0m = 0 [0;36mround[0m = 143 [0;36mnonce[0m = 142 [0;36mhash[0m = dc60db2353589910392d7e8e72ffe3e423a1ddcb370959b575d5125567b26c31 
[0;36mDEBUG[0m[2026-03-16 10:14:11.721]   received shard header from network in block tracker [0;36mshard[0m = 0 [0;36mepoch[0m = 0 [0;36mround[0m = 144 [0;36mnonce[0m = 143 [0;36mhash[0m = c16141d7fb1b29ff600d42475c3c2ef40149d6d3dd32c7f158531ecdea199687 
[0;36mDEBUG[0m[2026-03-16 10:14:11.721]   received shard header from network in block tracker [0;36mshard[0m = 0 [0;36mepoch[0m = 0 [0;36mround[0m = 145 [0;36mnonce[0m = 144 [0;36mhash[0m = 60aca63259a6cb7083d0448a24cf1706962addf0def8eacd0fe914f6a959d9dc 
[0;36mDEBUG[0m[2026-03-16 10:14:11.721]   received shard header from network in block tracker [0;36mshard[0m = 0 [0;36mepoch[0m = 0 [0;36mround[0m = 146 [0;36mnonce[0m = 145 [0;36mhash[0m = d71d96c634432b35ee8e1dde1a587554b3dd48c772f8a218167dc43d8da1ca16 
[0;36mDEBUG[0m[2026-03-16 10:14:11.721]   received shard header from network in block tracker [0;36mshard[0m = 0 [0;36mepoch[0m = 0 [0;36mround[0m = 147 [0;36mnonce[0m = 146 [0;36mhash[0m = f9018cc0e4e68ea65cd6b56e775f42a47c3652f748553170a62398b296e7dbae 
[0;36mDEBUG[0m[2026-03-16 10:14:11.721]   received shard header from network in block tracker [0;36mshard[0m = 0 [0;36mepoch[0m = 0 [0;36mround[0m = 148 [0;36mnonce[0m = 147 [0;36mhash[0m = 7445bf64140732a7a3bf16d430f112b7af112525a3c9521ac75091252fd95f81 
[0;36mDEBUG[0m[2026-03-16 10:14:11.721]   received shard header from network in block tracker [0;36mshard[0m = 0 [0;36mepoch[0m = 0 [0;36mround[0m = 149 [0;36mnonce[0m = 148 [0;36mhash[0m = 393fee373958547e80dad441fe048f5ae2f131dced721b70272b0ce4ecde67d1 
[0;36mDEBUG[0m[2026-03-16 10:14:11.721]   received shard header from network in block tracker [0;36mshard[0m = 0 [0;36mepoch[0m = 0 [0;36mround[0m = 150 [0;36mnonce[0m = 149 [0;36mhash[0m = 77300f6ab6f90d01ac83d366c3eeec2c1690dc2e9556e57731507ecec46d21b0 
[0;36mDEBUG[0m[2026-03-16 10:14:11.721]   received shard header from network in block tracker [0;36mshard[0m = 0 [0;36mepoch[0m = 0 [0;36mround[0m = 151 [0;36mnonce[0m = 150 [0;36mhash[0m = 60601bd9b282f8e617f9a4f9dfb626791de414a1524087aa556fc0a8bf4b3108 
[0;36mDEBUG[0m[2026-03-16 10:14:11.721]   received shard header from network in block tracker [0;36mshard[0m = 0 [0;36mepoch[0m = 0 [0;36mround[0m = 152 [0;36mnonce[0m = 151 [0;36mhash[0m = 7beb3634802ab36b6076023c1f64b44ba6f633df6a8bf196b9afa6f95a4f7eca 
[0;36mDEBUG[0m[2026-03-16 10:14:11.721]   received shard header from network in block tracker [0;36mshard[0m = 0 [0;36mepoch[0m = 0 [0;36mround[0m = 153 [0;36mnonce[0m = 152 [0;36mhash[0m = 8585de1a2167dbe91efcaade25cdbb568d5aadd818ab6aff9960fb4d6cf92817 
[0;36mDEBUG[0m[2026-03-16 10:14:11.721]   received shard header from network in block tracker [0;36mshard[0m = 0 [0;36mepoch[0m = 0 [0;36mround[0m = 154 [0;36mnonce[0m = 153 [0;36mhash[0m = 41ffea7543c90142b0dd478d545d2e946aeddcd3259296aa3f6be9bb6fcb33e2 
[0;36mDEBUG[0m[2026-03-16 10:14:11.721]   received shard header from network in block tracker [0;36mshard[0m = 0 [0;36mepoch[0m = 0 [0;36mround[0m = 155 [0;36mnonce[0m = 154 [0;36mhash[0m = 50ddf0627ee9cfcc283e51232d4256eab8b34b19e7a9f21590428cbb2852b72b 
[0;36mDEBUG[0m[2026-03-16 10:14:11.721]   received shard header from network in block tracker [0;36mshard[0m = 0 [0;36mepoch[0m = 0 [0;36mround[0m = 156 [0;36mnonce[0m = 155 [0;36mhash[0m = cf246b2629a726ecf7fb20d785fc5f900a26ec6955d92dbe8200a5c3d18dffc3 
[0;36mDEBUG[0m[2026-03-16 10:14:11.721]   received shard header from network in block tracker [0;36mshard[0m = 0 [0;36mepoch[0m = 0 [0;36mround[0m = 157 [0;36mnonce[0m = 156 [0;36mhash[0m = 006ab6c6a93c8d2bd6736760ce6c71b1292467679611fa566d46a4080e63fd70 
[0;36mDEBUG[0m[2026-03-16 10:14:11.721]   received shard header from network in block tracker [0;36mshard[0m = 0 [0;36mepoch[0m = 0 [0;36mround[0m = 158 [0;36mnonce[0m = 157 [0;36mhash[0m = a493f07363ae4565000de372b0afcbf5b9b1207f5d628d4c8857ffa591f2d96c 
[0;36mDEBUG[0m[2026-03-16 10:14:11.721]   received shard header from network in block tracker [0;36mshard[0m = 0 [0;36mepoch[0m = 0 [0;36mround[0m = 159 [0;36mnonce[0m = 158 [0;36mhash[0m = bd257c01a84af19b725d7b5cdea5c8bf828dcc308c90020eb8e4e38f4d66e244 
[0;36mDEBUG[0m[2026-03-16 10:14:11.721]   received shard header from network in block tracker [0;36mshard[0m = 0 [0;36mepoch[0m = 0 [0;36mround[0m = 160 [0;36mnonce[0m = 159 [0;36mhash[0m = 02e28ffa0d86c97df80d5d17923880efe805b5879347d86a0547eceaf712f31a 
[0;36mDEBUG[0m[2026-03-16 10:14:11.721]   received shard header from network in block tracker [0;36mshard[0m = 0 [0;36mepoch[0m = 0 [0;36mround[0m = 161 [0;36mnonce[0m = 160 [0;36mhash[0m = 9dc47070c0a6ec8d7346b184c3a3692dd5b666a5caf473bccdf945498a894bf5 
[0;36mDEBUG[0m[2026-03-16 10:14:11.721]   received shard header from network in block tracker [0;36mshard[0m = 0 [0;36mepoch[0m = 0 [0;36mround[0m = 162 [0;36mnonce[0m = 161 [0;36mhash[0m = e7da78a247a94547bd779ec388ecf3b333819b5e232b03368bade5e207e8e3bb 
[0;36mDEBUG[0m[2026-03-16 10:14:11.721]   received shard header from network in block tracker [0;36mshard[0m = 0 [0;36mepoch[0m = 0 [0;36mround[0m = 163 [0;36mnonce[0m = 162 [0;36mhash[0m = 50ab81eabda085364ccd7187d0baa1515f1cfdd8ccf66ab100f015530861a06c 
[0;36mDEBUG[0m[2026-03-16 10:14:11.721]   received shard header from network in block tracker [0;36mshard[0m = 0 [0;36mepoch[0m = 0 [0;36mround[0m = 164 [0;36mnonce[0m = 163 [0;36mhash[0m = 05ebd9cd98f82095ee002494f9b92b44ba0dd3272ed32b5989e181440d51c1f2 
[0;36mDEBUG[0m[2026-03-16 10:14:11.721]   received shard header from network in block tracker [0;36mshard[0m = 0 [0;36mepoch[0m = 0 [0;36mround[0m = 165 [0;36mnonce[0m = 164 [0;36mhash[0m = 2c6125c342b37b84d4e338d3bcc3f4ef39872d5977a62b622ec94d2ef4128a3f 
[0;36mDEBUG[0m[2026-03-16 10:14:11.721]   received shard header from network in block tracker [0;36mshard[0m = 0 [0;36mepoch[0m = 0 [0;36mround[0m = 166 [0;36mnonce[0m = 165 [0;36mhash[0m = 564a034c937f08b39bdb44db079534a3ee121bd432a155b549071e531388ba34 
[0;36mDEBUG[0m[2026-03-16 10:14:11.721]   received shard header from network in block tracker [0;36mshard[0m = 0 [0;36mepoch[0m = 0 [0;36mround[0m = 167 [0;36mnonce[0m = 166 [0;36mhash[0m = 0487db3449e22e90fdd15bb307f92e95e0e9f1bed9198c986d8b1449ac536f22 
[0;36mDEBUG[0m[2026-03-16 10:14:11.721]   received shard header from network in block tracker [0;36mshard[0m = 0 [0;36mepoch[0m = 0 [0;36mround[0m = 168 [0;36mnonce[0m = 167 [0;36mhash[0m = 1edcef26e86a06714a849997ec5ba4a701051e226df489a3ca1d3f2e47c14a6b 
[0;36mDEBUG[0m[2026-03-16 10:14:11.721]   received shard header from network in block tracker [0;36mshard[0m = 0 [0;36mepoch[0m = 0 [0;36mround[0m = 169 [0;36mnonce[0m = 168 [0;36mhash[0m = 4581bf8ddc207267808af68113ab5471b686c55484944b5d5efa5d3aafb317b8 
[0;36mDEBUG[0m[2026-03-16 10:14:11.721]   received shard header from network in block tracker [0;36mshard[0m = 0 [0;36mepoch[0m = 0 [0;36mround[0m = 170 [0;36mnonce[0m = 169 [0;36mhash[0m = 736cdc258fc3b063bae2c2345ae996b3efe5a323f110acc9249d48decdd2ad3f 
[0;36mDEBUG[0m[2026-03-16 10:14:11.721]   received shard header from network in block tracker [0;36mshard[0m = 0 [0;36mepoch[0m = 0 [0;36mround[0m = 171 [0;36mnonce[0m = 170 [0;36mhash[0m = 823c221b4ef66eda3989fcc42c05b59349807e6578f397f7c8196ba9d0dbd59a 
[0;36mDEBUG[0m[2026-03-16 10:14:11.721]   received shard header from network in block tracker [0;36mshard[0m = 0 [0;36mepoch[0m = 0 [0;36mround[0m = 172 [0;36mnonce[0m = 171 [0;36mhash[0m = d1d3772aaa765a31c7b7eac4c531a1e27ef8c6c158d9fa7e97ccf6f17f8d27cf 
[0;36mDEBUG[0m[2026-03-16 10:14:11.721]   received shard header from network in block tracker [0;36mshard[0m = 0 [0;36mepoch[0m = 0 [0;36mround[0m = 173 [0;36mnonce[0m = 172 [0;36mhash[0m = 22c28dae241dbbbb7decf9b4857c309c03541820003d62a37e07817ad6e4064e 
[0;36mDEBUG[0m[2026-03-16 10:14:11.721]   received shard header from network in block tracker [0;36mshard[0m = 0 [0;36mepoch[0m = 0 [0;36mround[0m = 174 [0;36mnonce[0m = 173 [0;36mhash[0m = f7d475e111742c643c48f59aac8ecc9d89087f3dfcf0b78485e9a13c81bb8f5d 
[0;36mDEBUG[0m[2026-03-16 10:14:11.721]   received shard header from network in block tracker [0;36mshard[0m = 0 [0;36mepoch[0m = 0 [0;36mround[0m = 175 [0;36mnonce[0m = 174 [0;36mhash[0m = 93687b6762a66fd6984889240f8aa541a8638526308cc2cea6d56ae723c3ee84 
[0;36mDEBUG[0m[2026-03-16 10:14:11.721]   received shard header from network in block tracker [0;36mshard[0m = 0 [0;36mepoch[0m = 0 [0;36mround[0m = 176 [0;36mnonce[0m = 175 [0;36mhash[0m = 7653d53eaa13ea578cf648c40f63f87fa91adb1d344f318630d47b88bda275f9 
[0;36mDEBUG[0m[2026-03-16 10:14:11.721]   received shard header from network in block tracker [0;36mshard[0m = 0 [0;36mepoch[0m = 0 [0;36mround[0m = 177 [0;36mnonce[0m = 176 [0;36mhash[0m = d3a39fe4720260ac13554b1554b7600f99aaad616d7938d14c4a56d76bdd3707 
[0;36mDEBUG[0m[2026-03-16 10:14:11.721]   received shard header from network in block tracker [0;36mshard[0m = 0 [0;36mepoch[0m = 0 [0;36mround[0m = 178 [0;36mnonce[0m = 177 [0;36mhash[0m = 5696a88edddfbc180ffd895fce1c3505ddbbcdcfa86cd5da9b08e7669db9a92e 
[0;36mDEBUG[0m[2026-03-16 10:14:11.721]   received shard header from network in block tracker [0;36mshard[0m = 0 [0;36mepoch[0m = 0 [0;36mround[0m = 179 [0;36mnonce[0m = 178 [0;36mhash[0m = e1c955767fcfaf60359bd8f26e21ae36e3c139769c0c0382ab7036ce78f3cfb5 
[0;36mDEBUG[0m[2026-03-16 10:14:11.721]   received shard header from network in block tracker [0;36mshard[0m = 0 [0;36mepoch[0m = 0 [0;36mround[0m = 180 [0;36mnonce[0m = 179 [0;36mhash[0m = 56cfddbc211b46fe8b2568d6b7391ebf8757f7ab56417d0b1c979b0108fd4e51 
[0;36mDEBUG[0m[2026-03-16 10:14:11.721]   received shard header from network in block tracker [0;36mshard[0m = 0 [0;36mepoch[0m = 0 [0;36mround[0m = 181 [0;36mnonce[0m = 180 [0;36mhash[0m = f125b9a3234f93bd77abfb2c90faad9641a4ab676f726a5d0264423561190e5d 
[0;36mDEBUG[0m[2026-03-16 10:14:11.721]   received shard header from network in block tracker [0;36mshard[0m = 0 [0;36mepoch[0m = 0 [0;36mround[0m = 182 [0;36mnonce[0m = 181 [0;36mhash[0m = 31604b9fd6d3362aa3a76324f151de23cbdc8bf8e1393df0a3c5d5d18bfc42b1 
[0;36mDEBUG[0m[2026-03-16 10:14:11.721]   received shard header from network in block tracker [0;36mshard[0m = 0 [0;36mepoch[0m = 0 [0;36mround[0m = 183 [0;36mnonce[0m = 182 [0;36mhash[0m = e30d4d1f0f0baab8c4eb7b8e988ff3838995f51da0c179b0e2bfb7bfeb0a8ac1 
[0;36mDEBUG[0m[2026-03-16 10:14:11.721]   received shard header from network in block tracker [0;36mshard[0m = 0 [0;36mepoch[0m = 0 [0;36mround[0m = 184 [0;36mnonce[0m = 183 [0;36mhash[0m = 457074388609446e143870616f13c50be74362c3553dee470415267177452d05 
[0;36mDEBUG[0m[2026-03-16 10:14:11.721]   received shard header from network in block tracker [0;36mshard[0m = 0 [0;36mepoch[0m = 0 [0;36mround[0m = 185 [0;36mnonce[0m = 184 [0;36mhash[0m = b88990f253aec6309712f7c188f5d6daac2f5122bba7496eb117cdec4fdc9d45 
[0;36mDEBUG[0m[2026-03-16 10:14:11.721]   received shard header from network in block tracker [0;36mshard[0m = 0 [0;36mepoch[0m = 0 [0;36mround[0m = 186 [0;36mnonce[0m = 185 [0;36mhash[0m = 148e9080231bd2f9a52bbb3983348ebc16d1a5aef727138c6bdff8756952c857 
[0;36mDEBUG[0m[2026-03-16 10:14:11.721]   received shard header from network in block tracker [0;36mshard[0m = 0 [0;36mepoch[0m = 0 [0;36mround[0m = 187 [0;36mnonce[0m = 186 [0;36mhash[0m = 106da324ccb591e5b2a48ecc16beeb147828a6db921840599f7f4862d6d3337a 
[0;36mDEBUG[0m[2026-03-16 10:14:11.721]   received shard header from network in block tracker [0;36mshard[0m = 0 [0;36mepoch[0m = 0 [0;36mround[0m = 188 [0;36mnonce[0m = 187 [0;36mhash[0m = 0a4a82936319daa0ed110e880028732aa08c35bb4eafa6f5d08feeef0ece7562 
[0;36mDEBUG[0m[2026-03-16 10:14:11.721]   received shard header from network in block tracker [0;36mshard[0m = 0 [0;36mepoch[0m = 0 [0;36mround[0m = 189 [0;36mnonce[0m = 188 [0;36mhash[0m = b64453e44683f8d639e9c22ff1baa601324b6067255a0579170da83223024f97 
[0;36mDEBUG[0m[2026-03-16 10:14:11.721]   received shard header from network in block tracker [0;36mshard[0m = 0 [0;36mepoch[0m = 0 [0;36mround[0m = 190 [0;36mnonce[0m = 189 [0;36mhash[0m = 67aa25a22a4ba76783f219892018cd7cb46922aa31410a0dadad437075198fdc 
[0;36mDEBUG[0m[2026-03-16 10:14:11.721]   received shard header from network in block tracker [0;36mshard[0m = 0 [0;36mepoch[0m = 0 [0;36mround[0m = 191 [0;36mnonce[0m = 190 [0;36mhash[0m = 613581859fb43ae41eb677e48698ff89ea44e848e171c94923fe3ca23dfb77ae 
[0;36mDEBUG[0m[2026-03-16 10:14:11.721]   received shard header from network in block tracker [0;36mshard[0m = 0 [0;36mepoch[0m = 0 [0;36mround[0m = 192 [0;36mnonce[0m = 191 [0;36mhash[0m = 62a6c2a8f61dd5c1b6e2672d076c760d9cf8a74939cc904d3c5f1c5f59661bb9 
[0;36mDEBUG[0m[2026-03-16 10:14:11.721]   received shard header from network in block tracker [0;36mshard[0m = 0 [0;36mepoch[0m = 0 [0;36mround[0m = 193 [0;36mnonce[0m = 192 [0;36mhash[0m = 20ff9f9dc524cc482b5ab5e32a34fbea65dfd5031c6895db1afa65fa2d90f0de 
[0;36mDEBUG[0m[2026-03-16 10:14:11.721]   received shard header from network in block tracker [0;36mshard[0m = 0 [0;36mepoch[0m = 0 [0;36mround[0m = 194 [0;36mnonce[0m = 193 [0;36mhash[0m = 3b0d175b431b94ee68495c1da642075f31700fb98aa018a7e51fb9d785e2b505 
[0;36mDEBUG[0m[2026-03-16 10:14:11.721]   received shard header from network in block tracker [0;36mshard[0m = 0 [0;36mepoch[0m = 0 [0;36mround[0m = 195 [0;36mnonce[0m = 194 [0;36mhash[0m = a059ab7f7e0447b66f64b13b9900493856850aae0c1aa2f11342a3290415e70e 
[0;36mDEBUG[0m[2026-03-16 10:14:11.721]   received shard header from network in block tracker [0;36mshard[0m = 0 [0;36mepoch[0m = 0 [0;36mround[0m = 196 [0;36mnonce[0m = 195 [0;36mhash[0m = 0bf8cc3705dc1c9e4e400d37f47707e3cf95878d8c90b6a76ba42902ccd051f2 
[0;36mDEBUG[0m[2026-03-16 10:14:11.721]   received shard header from network in block tracker [0;36mshard[0m = 0 [0;36mepoch[0m = 0 [0;36mround[0m = 197 [0;36mnonce[0m = 196 [0;36mhash[0m = 19a756767d24b362da9da31aa6598945fbbab368669a38463cbcdf641cf0b30c 
[0;36mDEBUG[0m[2026-03-16 10:14:11.721]   received shard header from network in block tracker [0;36mshard[0m = 0 [0;36mepoch[0m = 0 [0;36mround[0m = 198 [0;36mnonce[0m = 197 [0;36mhash[0m = d36a2bd814b8c0b9b4ccfecb508ddb2ce875b26dd199d2c05592461460d4aef4 
[0;36mDEBUG[0m[2026-03-16 10:14:11.721]   received shard header from network in block tracker [0;36mshard[0m = 0 [0;36mepoch[0m = 0 [0;36mround[0m = 199 [0;36mnonce[0m = 198 [0;36mhash[0m = 484aaa8eba43172857dec22a76de57fc3e981d034eeceb533d56535397cef1a6 
[0;36mDEBUG[0m[2026-03-16 10:14:11.721]   received shard header from network in block tracker [0;36mshard[0m = 0 [0;36mepoch[0m = 0 [0;36mround[0m = 200 [0;36mnonce[0m = 199 [0;36mhash[0m = 54bcef0fcef5d847cd4e450a098a7ef96e77ab8db1c345bda4dbe24f9f1c356f 
[0;36mDEBUG[0m[2026-03-16 10:14:11.721]   received shard header from network in block tracker [0;36mshard[0m = 0 [0;36mepoch[0m = 0 [0;36mround[0m = 201 [0;36mnonce[0m = 200 [0;36mhash[0m = 5f3902f7f322c1f0683c9360dea1b2e5ec41a1ee3c6b52134ae57ee1aff37798 
[0;36mDEBUG[0m[2026-03-16 10:14:11.721]   received shard header from network in block tracker [0;36mshard[0m = 0 [0;36mepoch[0m = 0 [0;36mround[0m = 202 [0;36mnonce[0m = 201 [0;36mhash[0m = 50122bd65904fd77dd7bafaa5692375a0bed7759728e82970eda78202aadb72f 
[0;36mDEBUG[0m[2026-03-16 10:14:11.721]   received shard header from network in block tracker [0;36mshard[0m = 0 [0;36mepoch[0m = 0 [0;36mround[0m = 203 [0;36mnonce[0m = 202 [0;36mhash[0m = de6b0385f160a98c1037ac28fc1bc1d47a83661af59f6f8139dc2e9e0ddadd21 
[0;36mDEBUG[0m[2026-03-16 10:14:11.721]   received shard header from network in block tracker [0;36mshard[0m = 0 [0;36mepoch[0m = 0 [0;36mround[0m = 204 [0;36mnonce[0m = 203 [0;36mhash[0m = e644de9da4a9c35684c5c6e04e99c26f8595e578e01ca9c497d3531351793ee3 
[0;36mDEBUG[0m[2026-03-16 10:14:11.721]   received shard header from network in block tracker [0;36mshard[0m = 0 [0;36mepoch[0m = 0 [0;36mround[0m = 205 [0;36mnonce[0m = 204 [0;36mhash[0m = ac8b5224a519f3bd7feac0acd66a9d685e7d222dbbe261ecb16ccc70a42fd090 
[0;36mDEBUG[0m[2026-03-16 10:14:11.721]   received shard header from network in block tracker [0;36mshard[0m = 0 [0;36mepoch[0m = 0 [0;36mround[0m = 206 [0;36mnonce[0m = 205 [0;36mhash[0m = 0db510157633060c5d16f447a1f3c012c08c871f380b4a3698e90d3365e418fe 
[0;36mDEBUG[0m[2026-03-16 10:14:11.721]   received shard header from network in block tracker [0;36mshard[0m = 0 [0;36mepoch[0m = 0 [0;36mround[0m = 207 [0;36mnonce[0m = 206 [0;36mhash[0m = 911e01ac9e6a9b52fce7414a368590b86b4c8fe2ad7bfa7b98fa20e1fea9daad 
[0;36mDEBUG[0m[2026-03-16 10:14:11.721]   received shard header from network in block tracker [0;36mshard[0m = 0 [0;36mepoch[0m = 0 [0;36mround[0m = 208 [0;36mnonce[0m = 207 [0;36mhash[0m = 1f2da7720be20d842a309f4bcef547714136dafbdacc6c8cdff7f2070b61b34b 
[0;36mDEBUG[0m[2026-03-16 10:14:11.721]   received shard header from network in block tracker [0;36mshard[0m = 0 [0;36mepoch[0m = 0 [0;36mround[0m = 209 [0;36mnonce[0m = 208 [0;36mhash[0m = 8feb04eac85401556800dc5a9311d69989b9bd3bed3adc85a17aaddb948ea8f5 
[0;36mDEBUG[0m[2026-03-16 10:14:11.721]   received shard header from network in block tracker [0;36mshard[0m = 0 [0;36mepoch[0m = 0 [0;36mround[0m = 210 [0;36mnonce[0m = 209 [0;36mhash[0m = 795b673a5241b139d032efa34ae059aee9fd67617f65704e2c65461b7891e18e 
[0;36mDEBUG[0m[2026-03-16 10:14:11.721]   received shard header from network in block tracker [0;36mshard[0m = 0 [0;36mepoch[0m = 0 [0;36mround[0m = 211 [0;36mnonce[0m = 210 [0;36mhash[0m = 22233053bedbac67ddc31ec2724040a0672c2f4a2ab5671a718f396ae8183941 
[0;36mDEBUG[0m[2026-03-16 10:14:11.721]   received shard header from network in block tracker [0;36mshard[0m = 0 [0;36mepoch[0m = 0 [0;36mround[0m = 212 [0;36mnonce[0m = 211 [0;36mhash[0m = 3503bbd2198fff23a904ff356c4e7afa694c5551f3a5fe482305106d26b176b9 
[0;36mDEBUG[0m[2026-03-16 10:14:11.721]   received shard header from network in block tracker [0;36mshard[0m = 0 [0;36mepoch[0m = 0 [0;36mround[0m = 213 [0;36mnonce[0m = 212 [0;36mhash[0m = 19a5518e0cebd301a08c5d0d7d2c8517ca582d545c377d0ab2532ccaa8a1ae11 
[0;36mDEBUG[0m[2026-03-16 10:14:11.721]   received shard header from network in block tracker [0;36mshard[0m = 0 [0;36mepoch[0m = 0 [0;36mround[0m = 214 [0;36mnonce[0m = 213 [0;36mhash[0m = 2783442ce806f72246f725941a89ac5476f1c6932738b508c2c900ac51c6ab70 
[0;36mDEBUG[0m[2026-03-16 10:14:11.721]   received shard header from network in block tracker [0;36mshard[0m = 0 [0;36mepoch[0m = 0 [0;36mround[0m = 215 [0;36mnonce[0m = 214 [0;36mhash[0m = 86686bc347c2f3f3750813410edc62dfa06fce0c0e43b01f297676d6d4f3a2f8 
[0;36mDEBUG[0m[2026-03-16 10:14:11.721]   received shard header from network in block tracker [0;36mshard[0m = 0 [0;36mepoch[0m = 0 [0;36mround[0m = 216 [0;36mnonce[0m = 215 [0;36mhash[0m = 342f2e872776a40da72a1cab6e168b1b79a2caedd05742d87d23cc22d668d1c2 
[0;36mDEBUG[0m[2026-03-16 10:14:11.721]   received shard header from network in block tracker [0;36mshard[0m = 0 [0;36mepoch[0m = 0 [0;36mround[0m = 217 [0;36mnonce[0m = 216 [0;36mhash[0m = 7e50806c6eab3569223d135565fa1a27e80ab46d2f76ccb90e5e0b9b9f643b11 
[0;36mDEBUG[0m[2026-03-16 10:14:11.721]   received shard header from network in block tracker [0;36mshard[0m = 0 [0;36mepoch[0m = 0 [0;36mround[0m = 218 [0;36mnonce[0m = 217 [0;36mhash[0m = cbd6b312df459441bab24c33237d41ec401e248a42820ad789bb4d49270c28b1 
[0;36mDEBUG[0m[2026-03-16 10:14:11.721]   received shard header from network in block tracker [0;36mshard[0m = 0 [0;36mepoch[0m = 0 [0;36mround[0m = 219 [0;36mnonce[0m = 218 [0;36mhash[0m = 2dbfd0c9a88a880c85ef63006be1d1c37f716428ec150831942dcfc73dabda20 
[0;36mDEBUG[0m[2026-03-16 10:14:11.721]   received shard header from network in block tracker [0;36mshard[0m = 0 [0;36mepoch[0m = 0 [0;36mround[0m = 220 [0;36mnonce[0m = 219 [0;36mhash[0m = 06b502bf66df568d1bf5b9af3b1660ac057e999e29d431da233c9cab0a233598 
[0;36mDEBUG[0m[2026-03-16 10:14:11.721]   received shard header from network in block tracker [0;36mshard[0m = 0 [0;36mepoch[0m = 0 [0;36mround[0m = 221 [0;36mnonce[0m = 220 [0;36mhash[0m = 3916d1add316c525dbd97b4013794fc99f112af0ae1929e897c5cb0624cd9c3e 
[0;36mDEBUG[0m[2026-03-16 10:14:11.721]   received shard header from network in block tracker [0;36mshard[0m = 0 [0;36mepoch[0m = 0 [0;36mround[0m = 222 [0;36mnonce[0m = 221 [0;36mhash[0m = d61836aecdd1805635f4e6667561371f072e18c48c1b7d7d9b39c27449f9b266 
[0;36mDEBUG[0m[2026-03-16 10:14:11.721]   received shard header from network in block tracker [0;36mshard[0m = 0 [0;36mepoch[0m = 0 [0;36mround[0m = 223 [0;36mnonce[0m = 222 [0;36mhash[0m = 08c1b00bbadcaaa87c4b3ab3e8dfb8452036ab6da4214d5ebb40f946a7252b6a 
[0;36mDEBUG[0m[2026-03-16 10:14:11.721]   received shard header from network in block tracker [0;36mshard[0m = 0 [0;36mepoch[0m = 0 [0;36mround[0m = 224 [0;36mnonce[0m = 223 [0;36mhash[0m = fc72ada78821e6c703847d63e8791b738732d9b51b9958b223fa0541e5d0b3e4 
[0;36mDEBUG[0m[2026-03-16 10:14:11.721]   received shard header from network in block tracker [0;36mshard[0m = 0 [0;36mepoch[0m = 0 [0;36mround[0m = 225 [0;36mnonce[0m = 224 [0;36mhash[0m = 9a698fab554d7cbf79d78177691f0abf590b03f765c3ee27c385fd627d3b465f 
[0;36mDEBUG[0m[2026-03-16 10:14:11.721]   received shard header from network in block tracker [0;36mshard[0m = 0 [0;36mepoch[0m = 0 [0;36mround[0m = 226 [0;36mnonce[0m = 225 [0;36mhash[0m = 3be3bc5d147f0ee5000df1b60474a100512c24cfaf104d58a867f424ed350a11 
[0;36mDEBUG[0m[2026-03-16 10:14:11.721]   received shard header from network in block tracker [0;36mshard[0m = 0 [0;36mepoch[0m = 0 [0;36mround[0m = 227 [0;36mnonce[0m = 226 [0;36mhash[0m = 3252339684066ec350faeb5b4afcbd8206030a766bdf0d62756683b49ce363fc 
[0;36mDEBUG[0m[2026-03-16 10:14:11.721]   received shard header from network in block tracker [0;36mshard[0m = 0 [0;36mepoch[0m = 0 [0;36mround[0m = 228 [0;36mnonce[0m = 227 [0;36mhash[0m = 978c4fca8cabffa52b07d691fa78fc3b519c165e46951139ae5c6ac9e9199516 
[0;36mDEBUG[0m[2026-03-16 10:14:11.721]   received shard header from network in block tracker [0;36mshard[0m = 0 [0;36mepoch[0m = 0 [0;36mround[0m = 229 [0;36mnonce[0m = 228 [0;36mhash[0m = 0cf034231a6f8b7fe2b922a41f0b9dc1e67491704ce33ae1b98c5e9164ac8678 
[0;36mDEBUG[0m[2026-03-16 10:14:11.721]   received shard header from network in block tracker [0;36mshard[0m = 0 [0;36mepoch[0m = 0 [0;36mround[0m = 230 [0;36mnonce[0m = 229 [0;36mhash[0m = 268d5ccb42df52f09d6cebff05f5a3eae88aaef423ff004a7bd481848a60bfba 
[0;36mDEBUG[0m[2026-03-16 10:14:11.721]   received shard header from network in block tracker [0;36mshard[0m = 0 [0;36mepoch[0m = 0 [0;36mround[0m = 231 [0;36mnonce[0m = 230 [0;36mhash[0m = a92cebbf8e86e47e1d2ed52bdb5102616f2dd3597d8c7454cce7b2e1a3aa3ea8 
[0;36mDEBUG[0m[2026-03-16 10:14:11.721]   received shard header from network in block tracker [0;36mshard[0m = 0 [0;36mepoch[0m = 0 [0;36mround[0m = 232 [0;36mnonce[0m = 231 [0;36mhash[0m = 4bfc9897fcce9e909611fb662523c5e2f586f67d642b7bfda6be0d9367cb6779 
[0;36mDEBUG[0m[2026-03-16 10:14:11.721]   received shard header from network in block tracker [0;36mshard[0m = 0 [0;36mepoch[0m = 0 [0;36mround[0m = 233 [0;36mnonce[0m = 232 [0;36mhash[0m = 5c47241541a83c0d8fabde1ff9579e3d125b9e74fe4b76da7c03d13548a68b04 
[0;36mDEBUG[0m[2026-03-16 10:14:11.721]   received shard header from network in block tracker [0;36mshard[0m = 0 [0;36mepoch[0m = 0 [0;36mround[0m = 234 [0;36mnonce[0m = 233 [0;36mhash[0m = c94ffe73dc22ec72eb12ae61e381f9eb9bd8d6998b6ed57c92b82856f222a7c6 
[0;36mDEBUG[0m[2026-03-16 10:14:11.721]   received shard header from network in block tracker [0;36mshard[0m = 0 [0;36mepoch[0m = 0 [0;36mround[0m = 235 [0;36mnonce[0m = 234 [0;36mhash[0m = 0b3ca5e087d7046c9c86a44f60dcc4122433d531da8f242f0c9f9f8bec39db0d 
[0;36mDEBUG[0m[2026-03-16 10:14:11.721]   received shard header from network in block tracker [0;36mshard[0m = 0 [0;36mepoch[0m = 0 [0;36mround[0m = 236 [0;36mnonce[0m = 235 [0;36mhash[0m = 1c717304cd96c8560f8e25a9e0837aa2631bb4637e105c68f13dee83235e38ec 
[0;36mDEBUG[0m[2026-03-16 10:14:11.722]   received shard header from network in block tracker [0;36mshard[0m = 0 [0;36mepoch[0m = 0 [0;36mround[0m = 237 [0;36mnonce[0m = 236 [0;36mhash[0m = 301e8219b651848f151c4044e874f5beca94d5a5e91da593b14e4ca454ac6f8c 
[0;36mDEBUG[0m[2026-03-16 10:14:11.722]   received shard header from network in block tracker [0;36mshard[0m = 0 [0;36mepoch[0m = 0 [0;36mround[0m = 238 [0;36mnonce[0m = 237 [0;36mhash[0m = a1d24dcfb0a6aec118c91671fb77e0beed922ccde8d6cee9c7f4bae2543a9b7f 
[0;36mDEBUG[0m[2026-03-16 10:14:11.722]   received shard header from network in block tracker [0;36mshard[0m = 0 [0;36mepoch[0m = 0 [0;36mround[0m = 239 [0;36mnonce[0m = 238 [0;36mhash[0m = e849f70bbb64b857b9acab4431b57c95bf9c6542ddde6c52e62266c46d157e96 
[0;36mDEBUG[0m[2026-03-16 10:14:11.722]   received shard header from network in block tracker [0;36mshard[0m = 0 [0;36mepoch[0m = 0 [0;36mround[0m = 240 [0;36mnonce[0m = 239 [0;36mhash[0m = 0ffe516555ead78ba1c8e8133813a99f13c5a727318d49ca967b10cef4d8fc75 
[0;36mDEBUG[0m[2026-03-16 10:14:11.722]   received shard header from network in block tracker [0;36mshard[0m = 0 [0;36mepoch[0m = 0 [0;36mround[0m = 241 [0;36mnonce[0m = 240 [0;36mhash[0m = 841aa9340a8ddbe0b0b8c225cf0bf411b54d6762c696a2aa7bba7af82ac24d00 
[0;36mDEBUG[0m[2026-03-16 10:14:11.722]   received shard header from network in block tracker [0;36mshard[0m = 0 [0;36mepoch[0m = 0 [0;36mround[0m = 242 [0;36mnonce[0m = 241 [0;36mhash[0m = 301171cd3d846d8ce7e8bcf3175ea3291c54afef18b11061739644f82725a2aa 
[0;36mDEBUG[0m[2026-03-16 10:14:11.722]   received shard header from network in block tracker [0;36mshard[0m = 0 [0;36mepoch[0m = 0 [0;36mround[0m = 243 [0;36mnonce[0m = 242 [0;36mhash[0m = 080f6c4eaa08ceb6583b68a8f6c3cd2446f16f16113bec9e84c7b3f67e48107a 
[0;36mDEBUG[0m[2026-03-16 10:14:11.722]   received shard header from network in block tracker [0;36mshard[0m = 0 [0;36mepoch[0m = 0 [0;36mround[0m = 244 [0;36mnonce[0m = 243 [0;36mhash[0m = 412c77a7564a237c3ce280526a140d2f1160a0d3eb6631166d203bb1ef403242 
[0;36mDEBUG[0m[2026-03-16 10:14:11.722]   received shard header from network in block tracker [0;36mshard[0m = 0 [0;36mepoch[0m = 0 [0;36mround[0m = 245 [0;36mnonce[0m = 244 [0;36mhash[0m = 39d3c2688db05443b51879ec045065c076d4d4afefce7d2203d376fcdf1a254b 
[0;36mDEBUG[0m[2026-03-16 10:14:11.722]   received shard header from network in block tracker [0;36mshard[0m = 0 [0;36mepoch[0m = 0 [0;36mround[0m = 246 [0;36mnonce[0m = 245 [0;36mhash[0m = 14123277a20febcdbf4ee3412fcb4f5b0ad9d87f2baaf3779fbb90f14e92672e 
[0;36mDEBUG[0m[2026-03-16 10:14:11.722]   received shard header from network in block tracker [0;36mshard[0m = 0 [0;36mepoch[0m = 0 [0;36mround[0m = 247 [0;36mnonce[0m = 246 [0;36mhash[0m = 3209337b00111ac677a76e9b6f4ef07526dfb5384616e730dc3627ca491b29d9 
[0;36mDEBUG[0m[2026-03-16 10:14:11.722]   received shard header from network in block tracker [0;36mshard[0m = 0 [0;36mepoch[0m = 0 [0;36mround[0m = 248 [0;36mnonce[0m = 247 [0;36mhash[0m = b9851ad775308c407515a3f0f435086ce70656bc995d2f3dc95be0184de6ce25 
[0;36mDEBUG[0m[2026-03-16 10:14:11.722]   received shard header from network in block tracker [0;36mshard[0m = 0 [0;36mepoch[0m = 0 [0;36mround[0m = 249 [0;36mnonce[0m = 248 [0;36mhash[0m = 156c4ac158006a98ad39a45007813afc097acaad136879b98b4e830454ab142d 
[0;36mDEBUG[0m[2026-03-16 10:14:11.722]   received shard header from network in block tracker [0;36mshard[0m = 0 [0;36mepoch[0m = 0 [0;36mround[0m = 250 [0;36mnonce[0m = 249 [0;36mhash[0m = a9af40089d56604cba62c7cf616defc50af26542fcf2456cad046beb09f7c7a3 
[0;36mDEBUG[0m[2026-03-16 10:14:11.722]   received shard header from network in block tracker [0;36mshard[0m = 0 [0;36mepoch[0m = 0 [0;36mround[0m = 251 [0;36mnonce[0m = 250 [0;36mhash[0m = b1035a73ed2962782e4ea4fb15039d04621e8e81b64d699be0c67ddbda2f83e3 
[0;36mDEBUG[0m[2026-03-16 10:14:11.722]   received shard header from network in block tracker [0;36mshard[0m = 0 [0;36mepoch[0m = 0 [0;36mround[0m = 252 [0;36mnonce[0m = 251 [0;36mhash[0m = 1aeace16fcc05d2cd99640071c9775b9ec9a89da2ddcfd48692566bdb6ff1a5e 
[0;36mDEBUG[0m[2026-03-16 10:14:11.722]   received shard header from network in block tracker [0;36mshard[0m = 0 [0;36mepoch[0m = 0 [0;36mround[0m = 253 [0;36mnonce[0m = 252 [0;36mhash[0m = 8971e9393f1ea13b3fa163029458e0c775b8efd10f9c6141b03d929504cd2da2 
[0;36mDEBUG[0m[2026-03-16 10:14:11.722]   received shard header from network in block tracker [0;36mshard[0m = 0 [0;36mepoch[0m = 0 [0;36mround[0m = 254 [0;36mnonce[0m = 253 [0;36mhash[0m = 1a19edcd11298972f79b2aaffa4ddef00f5c178f6a4010283374b172ef055488 
[0;36mDEBUG[0m[2026-03-16 10:14:11.722]   received shard header from network in block tracker [0;36mshard[0m = 0 [0;36mepoch[0m = 0 [0;36mround[0m = 255 [0;36mnonce[0m = 254 [0;36mhash[0m = 8c4e95b96892d7a870a10b3d506cd5b5ee8fb244cab58c646a6d5b16de8a10ec 
[0;36mDEBUG[0m[2026-03-16 10:14:11.722]   received shard header from network in block tracker [0;36mshard[0m = 0 [0;36mepoch[0m = 0 [0;36mround[0m = 256 [0;36mnonce[0m = 255 [0;36mhash[0m = c558de2e5df018eb01e0547b978b1c73fd06c89690e65dfe697f04480cf68720 
[0;36mDEBUG[0m[2026-03-16 10:14:11.722]   received shard header from network in block tracker [0;36mshard[0m = 0 [0;36mepoch[0m = 0 [0;36mround[0m = 257 [0;36mnonce[0m = 256 [0;36mhash[0m = d2e1e8b097c45aedb5b42cba29d677b01a52032cc6af5d27c352743890927c9b 
[0;36mDEBUG[0m[2026-03-16 10:14:11.722]   received shard header from network in block tracker [0;36mshard[0m = 0 [0;36mepoch[0m = 0 [0;36mround[0m = 258 [0;36mnonce[0m = 257 [0;36mhash[0m = 81848c03b166042a17617b7ff0fe0ab65cd9297fe468d5ec019f74524b59f90e 
[0;36mDEBUG[0m[2026-03-16 10:14:11.722]   received shard header from network in block tracker [0;36mshard[0m = 0 [0;36mepoch[0m = 0 [0;36mround[0m = 259 [0;36mnonce[0m = 258 [0;36mhash[0m = 5a7514212b5bf94d9a732a3a6134d355d62555fcfe08d41a8db6ce86a9e4bad1 
[0;36mDEBUG[0m[2026-03-16 10:14:11.722]   received shard header from network in block tracker [0;36mshard[0m = 0 [0;36mepoch[0m = 0 [0;36mround[0m = 260 [0;36mnonce[0m = 259 [0;36mhash[0m = 945d2cf038cdcb57a5f1665c5f00e370366217cf431524440d9d2a1cbd979b7e 
[0;36mDEBUG[0m[2026-03-16 10:14:11.722]   received shard header from network in block tracker [0;36mshard[0m = 0 [0;36mepoch[0m = 0 [0;36mround[0m = 261 [0;36mnonce[0m = 260 [0;36mhash[0m = 6d8a0e43e85c6dd77078355249e6cf3a49d6fefaf56c43dbcc78dd60c85641ea 
[0;36mDEBUG[0m[2026-03-16 10:14:11.722]   received shard header from network in block tracker [0;36mshard[0m = 0 [0;36mepoch[0m = 0 [0;36mround[0m = 262 [0;36mnonce[0m = 261 [0;36mhash[0m = a3453ca5c157c868661cd3d9f16621f5fef055cb69ad125dce9a49930cb1e7dd 
[0;36mDEBUG[0m[2026-03-16 10:14:11.722]   received shard header from network in block tracker [0;36mshard[0m = 0 [0;36mepoch[0m = 0 [0;36mround[0m = 263 [0;36mnonce[0m = 262 [0;36mhash[0m = 9ea629d77efffe4f2fd1c25fbc3efe72e07d16cb867685f625b168e7783a1e3b 
[0;36mDEBUG[0m[2026-03-16 10:14:11.722]   received shard header from network in block tracker [0;36mshard[0m = 0 [0;36mepoch[0m = 0 [0;36mround[0m = 264 [0;36mnonce[0m = 263 [0;36mhash[0m = e4cb0395c44da7057b932e179d8fae2f81bee68295c6093737057e120531394f 
[0;36mDEBUG[0m[2026-03-16 10:14:11.722]   received shard header from network in block tracker [0;36mshard[0m = 0 [0;36mepoch[0m = 0 [0;36mround[0m = 265 [0;36mnonce[0m = 264 [0;36mhash[0m = 8a4a056b0b66a3a4c6fb05405172409f0edc1463567e56f41c4e5fd77d738243 
[0;36mDEBUG[0m[2026-03-16 10:14:11.722]   received shard header from network in block tracker [0;36mshard[0m = 0 [0;36mepoch[0m = 0 [0;36mround[0m = 266 [0;36mnonce[0m = 265 [0;36mhash[0m = a6ec9b7ad5e9779b0ffd07a948be59f7ad2aca09fb0f81ec1dd2de5cc21d1acc 
[0;36mDEBUG[0m[2026-03-16 10:14:11.722]   received shard header from network in block tracker [0;36mshard[0m = 0 [0;36mepoch[0m = 0 [0;36mround[0m = 267 [0;36mnonce[0m = 266 [0;36mhash[0m = f3daf3a5a619b5a07ccc910b2da925a9cdc4ff10ab5ab0d5a294fdbfd09ea733 
[0;36mDEBUG[0m[2026-03-16 10:14:11.722]   received shard header from network in block tracker [0;36mshard[0m = 0 [0;36mepoch[0m = 0 [0;36mround[0m = 268 [0;36mnonce[0m = 267 [0;36mhash[0m = 16715c19114b6bc1694ee7be6a84d50aaaa9f37aaf2652856a6f2f90630ffb6b 
[0;36mDEBUG[0m[2026-03-16 10:14:11.722]   received shard header from network in block tracker [0;36mshard[0m = 0 [0;36mepoch[0m = 0 [0;36mround[0m = 269 [0;36mnonce[0m = 268 [0;36mhash[0m = b3d89f1a50668c44c2509c12553fef1a6f7e3ca9df2883e11cec88c03004b743 
[0;36mDEBUG[0m[2026-03-16 10:14:11.722]   received shard header from network in block tracker [0;36mshard[0m = 0 [0;36mepoch[0m = 0 [0;36mround[0m = 270 [0;36mnonce[0m = 269 [0;36mhash[0m = 6e3bc54d76ac3f2e99274f2cf99fdbe4e649ddddb8348d8429e3a211c5324827 
[0;36mDEBUG[0m[2026-03-16 10:14:11.722]   received shard header from network in block tracker [0;36mshard[0m = 0 [0;36mepoch[0m = 0 [0;36mround[0m = 271 [0;36mnonce[0m = 270 [0;36mhash[0m = 7dbe6aebbe3690fd83dbcecafdee58cee88080cf4a12fdf15c10e69da9928457 
[0;36mDEBUG[0m[2026-03-16 10:14:11.722]   received shard header from network in block tracker [0;36mshard[0m = 0 [0;36mepoch[0m = 0 [0;36mround[0m = 272 [0;36mnonce[0m = 271 [0;36mhash[0m = aa5afe02294355b244571c569630cb774986bb689fe790cd4bc67640e3ad03a9 
[0;36mDEBUG[0m[2026-03-16 10:14:11.722]   received shard header from network in block tracker [0;36mshard[0m = 0 [0;36mepoch[0m = 0 [0;36mround[0m = 273 [0;36mnonce[0m = 272 [0;36mhash[0m = d414e8e8f6b16db48856eb1b69ad45637388bb8213af5ab51a1f628645528c69 
[0;36mDEBUG[0m[2026-03-16 10:14:11.722]   received shard header from network in block tracker [0;36mshard[0m = 0 [0;36mepoch[0m = 0 [0;36mround[0m = 274 [0;36mnonce[0m = 273 [0;36mhash[0m = db627daed3c060224cdbc7a6a60ec37d703e0d9de17ad5a6573d52430557ec44 
[0;36mDEBUG[0m[2026-03-16 10:14:11.722]   received shard header from network in block tracker [0;36mshard[0m = 0 [0;36mepoch[0m = 0 [0;36mround[0m = 275 [0;36mnonce[0m = 274 [0;36mhash[0m = ec26957e79d1e00bb651e3d9f3d025b038627d324ee0c5117e814798904fd3d4 
[0;36mDEBUG[0m[2026-03-16 10:14:11.722]   received shard header from network in block tracker [0;36mshard[0m = 0 [0;36mepoch[0m = 0 [0;36mround[0m = 276 [0;36mnonce[0m = 275 [0;36mhash[0m = 6ec3c77e74c00f7b1de1c6930c7aa36dd5f4573db6a169800f3735c86dc91dd8 
[0;36mDEBUG[0m[2026-03-16 10:14:11.722]   received shard header from network in block tracker [0;36mshard[0m = 0 [0;36mepoch[0m = 0 [0;36mround[0m = 277 [0;36mnonce[0m = 276 [0;36mhash[0m = e25d2c17ee5f0a3366f83189fa212958393c48debd56bb6641e92e5c65c52339 
[0;36mDEBUG[0m[2026-03-16 10:14:11.722]   received shard header from network in block tracker [0;36mshard[0m = 0 [0;36mepoch[0m = 0 [0;36mround[0m = 278 [0;36mnonce[0m = 277 [0;36mhash[0m = 1b894a771ab1d5eb5cc582d41b15ee0566ecaebe972280eef8360ee88ca76057 
[0;36mDEBUG[0m[2026-03-16 10:14:11.722]   received shard header from network in block tracker [0;36mshard[0m = 0 [0;36mepoch[0m = 0 [0;36mround[0m = 279 [0;36mnonce[0m = 278 [0;36mhash[0m = a5d7d222df706d318c2dfd3d9c552bfc96167687e5e1cc265df89dfae651252f 
[0;36mDEBUG[0m[2026-03-16 10:14:11.722]   received shard header from network in block tracker [0;36mshard[0m = 0 [0;36mepoch[0m = 0 [0;36mround[0m = 280 [0;36mnonce[0m = 279 [0;36mhash[0m = 522fc04258ffa4e8cdfec783bacb64b582f112ccff03fc99b8073dd1f057e91f 
[0;36mDEBUG[0m[2026-03-16 10:14:11.722]   received shard header from network in block tracker [0;36mshard[0m = 0 [0;36mepoch[0m = 0 [0;36mround[0m = 281 [0;36mnonce[0m = 280 [0;36mhash[0m = 0e58dd6e92d55d325d7b28e80af369626c7a0253061742bfb2793d9931306c28 
[0;36mDEBUG[0m[2026-03-16 10:14:11.722]   received shard header from network in block tracker [0;36mshard[0m = 0 [0;36mepoch[0m = 0 [0;36mround[0m = 282 [0;36mnonce[0m = 281 [0;36mhash[0m = 5629f067ff45cbcd26980d8c1b4a7ee6d95e11b77dec93c9a0d267a83022f9cf 
[0;36mDEBUG[0m[2026-03-16 10:14:11.722]   received shard header from network in block tracker [0;36mshard[0m = 0 [0;36mepoch[0m = 0 [0;36mround[0m = 283 [0;36mnonce[0m = 282 [0;36mhash[0m = 3fd526e8680d5539a9c75360202fd2e639913cba499a76411caa74fbdfbd07e5 
[0;36mDEBUG[0m[2026-03-16 10:14:11.722]   received shard header from network in block tracker [0;36mshard[0m = 0 [0;36mepoch[0m = 0 [0;36mround[0m = 284 [0;36mnonce[0m = 283 [0;36mhash[0m = 27e738dd7ac3bd972617afa54ef552745a802710d1c87b6b9ebfdeedd9addcba 
[0;36mDEBUG[0m[2026-03-16 10:14:11.722]   received shard header from network in block tracker [0;36mshard[0m = 0 [0;36mepoch[0m = 0 [0;36mround[0m = 285 [0;36mnonce[0m = 284 [0;36mhash[0m = 705d6f5cf47efc8dcd43c26f2ed609a5bb4219d1e31b6a66782268b577fa72e3 
[0;36mDEBUG[0m[2026-03-16 10:14:11.722]   received shard header from network in block tracker [0;36mshard[0m = 0 [0;36mepoch[0m = 0 [0;36mround[0m = 286 [0;36mnonce[0m = 285 [0;36mhash[0m = 3495f6ceaa88713eec22ee3d9bdb147efb0a0aa34833d939a226d79bb1913cff 
[0;36mDEBUG[0m[2026-03-16 10:14:11.722]   received shard header from network in block tracker [0;36mshard[0m = 0 [0;36mepoch[0m = 0 [0;36mround[0m = 287 [0;36mnonce[0m = 286 [0;36mhash[0m = bf4bfb934367e7b2a4b6b167993ca3bc420bd0ad842db40a5f0cb69f26f7df30 
[0;36mDEBUG[0m[2026-03-16 10:14:11.722]   received shard header from network in block tracker [0;36mshard[0m = 0 [0;36mepoch[0m = 0 [0;36mround[0m = 288 [0;36mnonce[0m = 287 [0;36mhash[0m = 2992dca13a130f2b402952ed0ed104cf93e77fe8dceb19c6cdb023ab9ed73377 
[0;36mDEBUG[0m[2026-03-16 10:14:11.722]   received shard header from network in block tracker [0;36mshard[0m = 0 [0;36mepoch[0m = 0 [0;36mround[0m = 289 [0;36mnonce[0m = 288 [0;36mhash[0m = 9585993844c40ba23197ee8a24cc5c5479ac910531f232f436efa2ae516aedec 
[0;36mDEBUG[0m[2026-03-16 10:14:11.722]   received shard header from network in block tracker [0;36mshard[0m = 0 [0;36mepoch[0m = 0 [0;36mround[0m = 290 [0;36mnonce[0m = 289 [0;36mhash[0m = ec9a97e2c76b95185ae499ebf4c96c3b48103d538dc59735b1a5be83c45a306f 
[0;36mDEBUG[0m[2026-03-16 10:14:11.722]   received shard header from network in block tracker [0;36mshard[0m = 0 [0;36mepoch[0m = 0 [0;36mround[0m = 291 [0;36mnonce[0m = 290 [0;36mhash[0m = 5216ab9cf8b19e35b1c4b63651587a51adb9612c4fca5a6b2a1cd50bef1deedb 
[0;36mDEBUG[0m[2026-03-16 10:14:11.722]   received shard header from network in block tracker [0;36mshard[0m = 0 [0;36mepoch[0m = 0 [0;36mround[0m = 292 [0;36mnonce[0m = 291 [0;36mhash[0m = 4e5045262a571d5b27df2894fb151cfd8a2c53cbc454ccc95ae558511d5a22b9 
[0;36mDEBUG[0m[2026-03-16 10:14:11.722]   received shard header from network in block tracker [0;36mshard[0m = 0 [0;36mepoch[0m = 0 [0;36mround[0m = 293 [0;36mnonce[0m = 292 [0;36mhash[0m = dfaeff40883124aac2fd5b971bc3aed778064c142f05c4ad0f8305092662403b 
[0;36mDEBUG[0m[2026-03-16 10:14:11.722]   received shard header from network in block tracker [0;36mshard[0m = 0 [0;36mepoch[0m = 0 [0;36mround[0m = 294 [0;36mnonce[0m = 293 [0;36mhash[0m = ce827519aa090f2cdbed5bb6f2d7584d7a610334a8e4cf1a32fa0b01899f3105 
[0;36mDEBUG[0m[2026-03-16 10:14:11.722]   received shard header from network in block tracker [0;36mshard[0m = 0 [0;36mepoch[0m = 0 [0;36mround[0m = 295 [0;36mnonce[0m = 294 [0;36mhash[0m = 9c46e9580c9b3d3fd52a8c9feffb7a43bfadeb29153c8b55ec698d735e22fbe5 
[0;36mDEBUG[0m[2026-03-16 10:14:11.722]   received shard header from network in block tracker [0;36mshard[0m = 0 [0;36mepoch[0m = 0 [0;36mround[0m = 296 [0;36mnonce[0m = 295 [0;36mhash[0m = 0130838509ebf6d205f2589eab15049cb7e0b8abae5ece2476c4c2eb1d6901a6 
[0;36mDEBUG[0m[2026-03-16 10:14:11.722]   received shard header from network in block tracker [0;36mshard[0m = 0 [0;36mepoch[0m = 0 [0;36mround[0m = 297 [0;36mnonce[0m = 296 [0;36mhash[0m = ae0b140bbf9358fb4e21d080c061086b66774bcd46dcc5bd8796d927cbc26e61 
[0;36mDEBUG[0m[2026-03-16 10:14:11.722]   received shard header from network in block tracker [0;36mshard[0m = 0 [0;36mepoch[0m = 0 [0;36mround[0m = 298 [0;36mnonce[0m = 297 [0;36mhash[0m = cb857acbc93ff3a022d9ccbdf9f279c995b3093b4b75cfe411638a232346b117 
[0;36mDEBUG[0m[2026-03-16 10:14:11.722]   received shard header from network in block tracker [0;36mshard[0m = 0 [0;36mepoch[0m = 0 [0;36mround[0m = 299 [0;36mnonce[0m = 298 [0;36mhash[0m = e0399df0aacb9b49fb5f9fcc43b3bb8b9a5dc559740121e298825f47eb977546 
[0;36mDEBUG[0m[2026-03-16 10:14:11.722]   received shard header from network in block tracker [0;36mshard[0m = 0 [0;36mepoch[0m = 0 [0;36mround[0m = 300 [0;36mnonce[0m = 299 [0;36mhash[0m = 1d160922217e6e2db620895a6dbf9925fae4ef6535b3aaa03371eaf962cacafb 
[0;36mDEBUG[0m[2026-03-16 10:14:11.722]   received shard header from network in block tracker [0;36mshard[0m = 0 [0;36mepoch[0m = 0 [0;36mround[0m = 301 [0;36mnonce[0m = 300 [0;36mhash[0m = c188fd1c1fa35443b037aeeea02aabec16f22e12d062bd5c2d2f8cb074f8a1b8 
[0;36mDEBUG[0m[2026-03-16 10:14:11.722]   received shard header from network in block tracker [0;36mshard[0m = 0 [0;36mepoch[0m = 0 [0;36mround[0m = 302 [0;36mnonce[0m = 301 [0;36mhash[0m = 7c86c03c8ad3bfcfbd071df9819b77957d9502d155eb39bc9423bdec74c48b2a 
[0;36mDEBUG[0m[2026-03-16 10:14:11.722]   received shard header from network in block tracker [0;36mshard[0m = 0 [0;36mepoch[0m = 0 [0;36mround[0m = 303 [0;36mnonce[0m = 302 [0;36mhash[0m = 7b8398c9ee7e9fce725787d7a2be799622e5cac7cc2d3d9b6829f586f5c7d8dc 
[0;36mDEBUG[0m[2026-03-16 10:14:11.722]   received shard header from network in block tracker [0;36mshard[0m = 0 [0;36mepoch[0m = 0 [0;36mround[0m = 304 [0;36mnonce[0m = 303 [0;36mhash[0m = ff9081d4866ef4039569b8dfe3f0e72b250a912d359add64345f4b3747e107f1 
[0;36mDEBUG[0m[2026-03-16 10:14:11.722]   received shard header from network in block tracker [0;36mshard[0m = 0 [0;36mepoch[0m = 0 [0;36mround[0m = 305 [0;36mnonce[0m = 304 [0;36mhash[0m = e180b131f7f92c1236b12a8053d340deaae232d2e0db80244e3a898678323e93 
[0;36mDEBUG[0m[2026-03-16 10:14:11.722]   received shard header from network in block tracker [0;36mshard[0m = 0 [0;36mepoch[0m = 0 [0;36mround[0m = 306 [0;36mnonce[0m = 305 [0;36mhash[0m = 0e644e7dd73471c6b056173bdf9ed9c5bca64887f8a7e5cc7c603f6341782cc8 
[0;36mDEBUG[0m[2026-03-16 10:14:11.722]   received shard header from network in block tracker [0;36mshard[0m = 0 [0;36mepoch[0m = 0 [0;36mround[0m = 307 [0;36mnonce[0m = 306 [0;36mhash[0m = 74fd8ef15de68047890c769e61c91e708161eff3dd2577df4e6318f728a614d1 
[0;36mDEBUG[0m[2026-03-16 10:14:11.722]   received shard header from network in block tracker [0;36mshard[0m = 0 [0;36mepoch[0m = 0 [0;36mround[0m = 308 [0;36mnonce[0m = 307 [0;36mhash[0m = e0682160f2190306de9a31b758aa51615dba25e95975c196191873a3bcd5e2b0 
[0;36mDEBUG[0m[2026-03-16 10:14:11.722]   received shard header from network in block tracker [0;36mshard[0m = 0 [0;36mepoch[0m = 0 [0;36mround[0m = 309 [0;36mnonce[0m = 308 [0;36mhash[0m = 8b881369712fe3d72d7f1a866315c7e4071d680336251cb332647f19a3f8da7d 
[0;36mDEBUG[0m[2026-03-16 10:14:11.722]   received shard header from network in block tracker [0;36mshard[0m = 0 [0;36mepoch[0m = 0 [0;36mround[0m = 310 [0;36mnonce[0m = 309 [0;36mhash[0m = ff9983c83af0fbddbdb16e415b29554a1c0781d89c8ba89d5c0f5cd7f5f135a9 
[0;36mDEBUG[0m[2026-03-16 10:14:11.722]   received shard header from network in block tracker [0;36mshard[0m = 0 [0;36mepoch[0m = 0 [0;36mround[0m = 311 [0;36mnonce[0m = 310 [0;36mhash[0m = 58360ff40a8115119fc9982af3a610cf936dcbf2580b4a11cf20f8fafb1111e6 
[0;36mDEBUG[0m[2026-03-16 10:14:11.723]   received shard header from network in block tracker [0;36mshard[0m = 0 [0;36mepoch[0m = 0 [0;36mround[0m = 312 [0;36mnonce[0m = 311 [0;36mhash[0m = 1eb7591f6b2f27dfa19f66c3e3c638c573dd68adb899e9ee9c89240484522665 
[0;36mDEBUG[0m[2026-03-16 10:14:11.723]   received shard header from network in block tracker [0;36mshard[0m = 0 [0;36mepoch[0m = 0 [0;36mround[0m = 313 [0;36mnonce[0m = 312 [0;36mhash[0m = 105fc3cdd6509768f9dfdb1e43dd79d69d8bd9099bd22009ea9678fc42b1a48f 
[0;36mDEBUG[0m[2026-03-16 10:14:11.723]   received shard header from network in block tracker [0;36mshard[0m = 0 [0;36mepoch[0m = 0 [0;36mround[0m = 314 [0;36mnonce[0m = 313 [0;36mhash[0m = 7e8abb555ba2a2ecf4b7b3e4d919b0596e4d903610248b02e9a5ee44e667f741 
[0;36mDEBUG[0m[2026-03-16 10:14:11.723]   received shard header from network in block tracker [0;36mshard[0m = 0 [0;36mepoch[0m = 0 [0;36mround[0m = 315 [0;36mnonce[0m = 314 [0;36mhash[0m = a68f6c63299ba80491fb5c97fc03cc4e0afedc69ab1d4eebd227791940772e7f 
[0;36mDEBUG[0m[2026-03-16 10:14:11.723]   received shard header from network in block tracker [0;36mshard[0m = 0 [0;36mepoch[0m = 0 [0;36mround[0m = 316 [0;36mnonce[0m = 315 [0;36mhash[0m = 3cd4bd1d5086cbccde595ec495d27d40f3a273b81591038bea1a478205052bc4 
[0;36mDEBUG[0m[2026-03-16 10:14:11.723]   received shard header from network in block tracker [0;36mshard[0m = 0 [0;36mepoch[0m = 0 [0;36mround[0m = 317 [0;36mnonce[0m = 316 [0;36mhash[0m = 501f1531c5f2053dc414c63dc9d1037013e7d8b613fc0e3534f446866f3b8ffa 
[0;36mDEBUG[0m[2026-03-16 10:14:11.723]   received shard header from network in block tracker [0;36mshard[0m = 0 [0;36mepoch[0m = 0 [0;36mround[0m = 318 [0;36mnonce[0m = 317 [0;36mhash[0m = 535a2f429ae3135c3d2462b48caba1698f5605eb77465c1f335edea95d94293c 
[0;36mDEBUG[0m[2026-03-16 10:14:11.723]   received shard header from network in block tracker [0;36mshard[0m = 0 [0;36mepoch[0m = 0 [0;36mround[0m = 319 [0;36mnonce[0m = 318 [0;36mhash[0m = 6b49d3f47b83c0453c10ba71f25153b015bd6189237e9b02fa25bb1c26c2c110 
[0;36mDEBUG[0m[2026-03-16 10:14:11.723]   received shard header from network in block tracker [0;36mshard[0m = 0 [0;36mepoch[0m = 0 [0;36mround[0m = 320 [0;36mnonce[0m = 319 [0;36mhash[0m = 973fda47be8c4c1929f8fbd0c9908556156233ddd85565f9f4f2a8adc36d4c3f 
[0;36mDEBUG[0m[2026-03-16 10:14:11.723]   received shard header from network in block tracker [0;36mshard[0m = 0 [0;36mepoch[0m = 0 [0;36mround[0m = 321 [0;36mnonce[0m = 320 [0;36mhash[0m = 4ef174cb4990dd8dd27894b2d29ef9cb6463ca7e31e94b354819425b578134fd 
[0;36mDEBUG[0m[2026-03-16 10:14:11.723]   received shard header from network in block tracker [0;36mshard[0m = 0 [0;36mepoch[0m = 0 [0;36mround[0m = 322 [0;36mnonce[0m = 321 [0;36mhash[0m = b5e532af4ac1056ba5d332e1dd1e9f91a2eaf9e12c5b74f783e4c09aa512bbbe 
[0;36mDEBUG[0m[2026-03-16 10:14:11.723]   received shard header from network in block tracker [0;36mshard[0m = 0 [0;36mepoch[0m = 0 [0;36mround[0m = 323 [0;36mnonce[0m = 322 [0;36mhash[0m = 032b3fc6373ea9fe1ba53f13e7bcdc796bd8aacb012fc749928cde056a44e6e7 
[0;36mDEBUG[0m[2026-03-16 10:14:11.723]   received shard header from network in block tracker [0;36mshard[0m = 0 [0;36mepoch[0m = 0 [0;36mround[0m = 324 [0;36mnonce[0m = 323 [0;36mhash[0m = bed4fa4a6a2bed3cf3189dea644cb33c6f06722d2f34735996d6d36081145aa3 
[0;36mDEBUG[0m[2026-03-16 10:14:11.723]   received shard header from network in block tracker [0;36mshard[0m = 0 [0;36mepoch[0m = 0 [0;36mround[0m = 325 [0;36mnonce[0m = 324 [0;36mhash[0m = 9772ca525a081264f88f816532b84794222fd9d27900535a746d7aef5666c2c8 
[0;36mDEBUG[0m[2026-03-16 10:14:11.724]   received shard header from network in block tracker [0;36mshard[0m = 0 [0;36mepoch[0m = 0 [0;36mround[0m = 326 [0;36mnonce[0m = 325 [0;36mhash[0m = a064073f9d771d38f9e9a3b15b58ceac9913aa42c0a98ec49b6b596f3a46af68 
[0;36mDEBUG[0m[2026-03-16 10:14:11.724]   received shard header from network in block tracker [0;36mshard[0m = 0 [0;36mepoch[0m = 0 [0;36mround[0m = 327 [0;36mnonce[0m = 326 [0;36mhash[0m = 823d458383c08a753fe1b6f878ca998c540ee0c6b29b850b19e9aa3204d521d4 
[0;36mDEBUG[0m[2026-03-16 10:14:11.724]   received shard header from network in block tracker [0;36mshard[0m = 0 [0;36mepoch[0m = 0 [0;36mround[0m = 328 [0;36mnonce[0m = 327 [0;36mhash[0m = 8db9aba437f5830aa73e082c34c7302750ffaf775c0ac6648d80759b1bf16369 
[0;36mDEBUG[0m[2026-03-16 10:14:11.724]   received shard header from network in block tracker [0;36mshard[0m = 0 [0;36mepoch[0m = 0 [0;36mround[0m = 329 [0;36mnonce[0m = 328 [0;36mhash[0m = f3aaa5947d80eec822cc385f1045bf47a772353638a2a214548dac4c324b0918 
[0;36mDEBUG[0m[2026-03-16 10:14:11.724]   received shard header from network in block tracker [0;36mshard[0m = 0 [0;36mepoch[0m = 0 [0;36mround[0m = 330 [0;36mnonce[0m = 329 [0;36mhash[0m = fab48f678d787f4a09a46d51b9a17e8626bc5d1e2a81d27b98cd56cc8622b626 
[0;36mDEBUG[0m[2026-03-16 10:14:11.724]   received shard header from network in block tracker [0;36mshard[0m = 0 [0;36mepoch[0m = 0 [0;36mround[0m = 331 [0;36mnonce[0m = 330 [0;36mhash[0m = e1b581eae4433929c447bba039c6e5ca13ef8961e12c8e599bb93c89cc198ac1 
[0;36mDEBUG[0m[2026-03-16 10:14:11.724]   received shard header from network in block tracker [0;36mshard[0m = 0 [0;36mepoch[0m = 0 [0;36mround[0m = 332 [0;36mnonce[0m = 331 [0;36mhash[0m = 6f0eae7f267024abba8710303d5dc10db577918a0ae968c3bd73f1c9294f3c3d 
[0;36mDEBUG[0m[2026-03-16 10:14:11.724]   received shard header from network in block tracker [0;36mshard[0m = 0 [0;36mepoch[0m = 0 [0;36mround[0m = 333 [0;36mnonce[0m = 332 [0;36mhash[0m = 1ebc7467f1a19eea7d8e29c4de1e18c5f8a3cf0d4491ef9ccb78aeb3629df84f 
[0;36mDEBUG[0m[2026-03-16 10:14:11.724]   received shard header from network in block tracker [0;36mshard[0m = 0 [0;36mepoch[0m = 0 [0;36mround[0m = 334 [0;36mnonce[0m = 333 [0;36mhash[0m = 4c82749ed126bbead7799ab9a886650c01a018838e45dd7c02f5e1469510c4e0 
[0;36mDEBUG[0m[2026-03-16 10:14:11.724]   received shard header from network in block tracker [0;36mshard[0m = 0 [0;36mepoch[0m = 0 [0;36mround[0m = 335 [0;36mnonce[0m = 334 [0;36mhash[0m = 99f19dcd0871c6730e0418a4c5da3ffd487eaa2a4b0e7bf98175b3042bb1cd93 
[0;36mDEBUG[0m[2026-03-16 10:14:11.724]   received shard header from network in block tracker [0;36mshard[0m = 0 [0;36mepoch[0m = 0 [0;36mround[0m = 336 [0;36mnonce[0m = 335 [0;36mhash[0m = 3a489494cf0ee151f3ae19d76b74543a7d6a533e003ff2928082d159bad6cd50 
[0;36mDEBUG[0m[2026-03-16 10:14:11.724]   received shard header from network in block tracker [0;36mshard[0m = 0 [0;36mepoch[0m = 0 [0;36mround[0m = 337 [0;36mnonce[0m = 336 [0;36mhash[0m = 5212f5ed815c37c991bcd14e9d4324cc42b65d854c0faaf8a9cb96e5491cdd3e 
[0;36mDEBUG[0m[2026-03-16 10:14:11.724]   received shard header from network in block tracker [0;36mshard[0m = 0 [0;36mepoch[0m = 0 [0;36mround[0m = 338 [0;36mnonce[0m = 337 [0;36mhash[0m = 2453197146e59f71e924b375a7dc7763016d9a52e3ea2c8f131953efdb714ecb 
[0;36mDEBUG[0m[2026-03-16 10:14:11.724]   received shard header from network in block tracker [0;36mshard[0m = 0 [0;36mepoch[0m = 0 [0;36mround[0m = 339 [0;36mnonce[0m = 338 [0;36mhash[0m = 5b29e9fbf336b11e90bd0009fb2c9ee8c27073b20e3220b5654ffe1b733ef8d8 
[0;36mDEBUG[0m[2026-03-16 10:14:11.724]   received shard header from network in block tracker [0;36mshard[0m = 0 [0;36mepoch[0m = 0 [0;36mround[0m = 340 [0;36mnonce[0m = 339 [0;36mhash[0m = fee4cadd575d3f32ae3992994055c546890ef5380eaa590dbfb231d78c9efd5f 
[0;36mDEBUG[0m[2026-03-16 10:14:11.725]   received shard header from network in block tracker [0;36mshard[0m = 0 [0;36mepoch[0m = 0 [0;36mround[0m = 341 [0;36mnonce[0m = 340 [0;36mhash[0m = 16a087093858988c519c69d10d752654160eeaf6731c75b42046fdfbe31dfd58 
[0;36mDEBUG[0m[2026-03-16 10:14:11.725]   received shard header from network in block tracker [0;36mshard[0m = 0 [0;36mepoch[0m = 0 [0;36mround[0m = 342 [0;36mnonce[0m = 341 [0;36mhash[0m = 3f6fc4e7a42e31ad6ebe808c3d936c18aa03603224643a5025e0e1e837a47487 
[0;36mDEBUG[0m[2026-03-16 10:14:11.725]   received shard header from network in block tracker [0;36mshard[0m = 0 [0;36mepoch[0m = 0 [0;36mround[0m = 343 [0;36mnonce[0m = 342 [0;36mhash[0m = e666fe0d18cf3ed43196f049e6afe6e10296094d98071a20e39481eb43946b7a 
[0;36mDEBUG[0m[2026-03-16 10:14:11.725]   received shard header from network in block tracker [0;36mshard[0m = 0 [0;36mepoch[0m = 0 [0;36mround[0m = 344 [0;36mnonce[0m = 343 [0;36mhash[0m = efac2abec747f438ed56ff37be7045f2660b46b44a0a5f86d2785713ca370d13 
[0;36mDEBUG[0m[2026-03-16 10:14:11.725]   received shard header from network in block tracker [0;36mshard[0m = 0 [0;36mepoch[0m = 0 [0;36mround[0m = 345 [0;36mnonce[0m = 344 [0;36mhash[0m = b4b06cb90fa663036b7604c0cb3f0eeb90d5ac421939b3150d524fbef9c9e190 
[0;36mDEBUG[0m[2026-03-16 10:14:11.725]   received shard header from network in block tracker [0;36mshard[0m = 0 [0;36mepoch[0m = 0 [0;36mround[0m = 346 [0;36mnonce[0m = 345 [0;36mhash[0m = 475eae44440b9ae2572f0b4f133cc1530dead97f8a5063975774ee4b72747e4d 
[0;36mDEBUG[0m[2026-03-16 10:14:11.725]   received shard header from network in block tracker [0;36mshard[0m = 0 [0;36mepoch[0m = 0 [0;36mround[0m = 347 [0;36mnonce[0m = 346 [0;36mhash[0m = 5025f24033a3b6794ed9791b427e6adbcf1e37f79764dc891a16d4cdcdf6a057 
[0;36mDEBUG[0m[2026-03-16 10:14:11.725]   received shard header from network in block tracker [0;36mshard[0m = 0 [0;36mepoch[0m = 0 [0;36mround[0m = 348 [0;36mnonce[0m = 347 [0;36mhash[0m = 1b186f88865b00f8c56a583a183a41b67749b5b06ce40ce34d55899971ec5dd8 
[0;36mDEBUG[0m[2026-03-16 10:14:11.725]   received shard header from network in block tracker [0;36mshard[0m = 0 [0;36mepoch[0m = 0 [0;36mround[0m = 349 [0;36mnonce[0m = 348 [0;36mhash[0m = 9cd1aa69436f0de4edce2649c3340b257cc7652633b9ee752d6392df80a6b8d0 
[0;36mDEBUG[0m[2026-03-16 10:14:11.725]   received shard header from network in block tracker [0;36mshard[0m = 0 [0;36mepoch[0m = 0 [0;36mround[0m = 350 [0;36mnonce[0m = 349 [0;36mhash[0m = 5b105b834fd3eefb547d003f581082b1756e2cb2662e0a76c6dc57c0bf58a591 
[0;36mDEBUG[0m[2026-03-16 10:14:11.725]   received shard header from network in block tracker [0;36mshard[0m = 0 [0;36mepoch[0m = 0 [0;36mround[0m = 351 [0;36mnonce[0m = 350 [0;36mhash[0m = d7d985970675f274d01e6b920baafa902136e3ddf5ef774da7058f5fae903615 
[0;36mDEBUG[0m[2026-03-16 10:14:11.725]   received shard header from network in block tracker [0;36mshard[0m = 0 [0;36mepoch[0m = 0 [0;36mround[0m = 352 [0;36mnonce[0m = 351 [0;36mhash[0m = ca17ba3d537072d6f27f0e20e146df40a8503f7d1f12fdd62b45ca254147031f 
[0;36mDEBUG[0m[2026-03-16 10:14:11.725]   received shard header from network in block tracker [0;36mshard[0m = 0 [0;36mepoch[0m = 0 [0;36mround[0m = 353 [0;36mnonce[0m = 352 [0;36mhash[0m = 00a3fdc15482c14a3eb2d68b10bb2f8775f56a8dc458d1cfc851b394e8868df2 
[0;36mDEBUG[0m[2026-03-16 10:14:11.725]   received shard header from network in block tracker [0;36mshard[0m = 0 [0;36mepoch[0m = 0 [0;36mround[0m = 354 [0;36mnonce[0m = 353 [0;36mhash[0m = 958a580e518219dad231b9ea714c42b575ff8ceb072cf9e0112da23ed09f0e3a 
[0;36mDEBUG[0m[2026-03-16 10:14:11.725]   received shard header from network in block tracker [0;36mshard[0m = 0 [0;36mepoch[0m = 0 [0;36mround[0m = 355 [0;36mnonce[0m = 354 [0;36mhash[0m = b85cc6cc5bfb09a1f8cdfd5a99f990586d531777082ad02710abe8c3b8bf0e79 
[0;36mDEBUG[0m[2026-03-16 10:14:11.725]   received shard header from network in block tracker [0;36mshard[0m = 0 [0;36mepoch[0m = 0 [0;36mround[0m = 356 [0;36mnonce[0m = 355 [0;36mhash[0m = 057dd14e60fe5d1b75214a61428431c79fcd8de7ab193bf505b85b1c62c66970 
[0;36mDEBUG[0m[2026-03-16 10:14:11.725]   received shard header from network in block tracker [0;36mshard[0m = 0 [0;36mepoch[0m = 0 [0;36mround[0m = 357 [0;36mnonce[0m = 356 [0;36mhash[0m = 2837e0a1a33103ff6a982d27585fa87610b86c1e9a1daa5b22765714d1db001e 
[0;36mDEBUG[0m[2026-03-16 10:14:11.725]   received shard header from network in block tracker [0;36mshard[0m = 0 [0;36mepoch[0m = 0 [0;36mround[0m = 358 [0;36mnonce[0m = 357 [0;36mhash[0m = a8ad50c893b8895ef7a276dde0064276d9066b18f67740854a7f6491077ac413 
[0;36mDEBUG[0m[2026-03-16 10:14:11.725]   received shard header from network in block tracker [0;36mshard[0m = 0 [0;36mepoch[0m = 0 [0;36mround[0m = 359 [0;36mnonce[0m = 358 [0;36mhash[0m = bf0dbaf363694569cede3b9582a0cc66ebfc6f1070b67a10ccff04d0e706b9f1 
[0;36mDEBUG[0m[2026-03-16 10:14:11.725]   received shard header from network in block tracker [0;36mshard[0m = 0 [0;36mepoch[0m = 0 [0;36mround[0m = 360 [0;36mnonce[0m = 359 [0;36mhash[0m = 383cacf9d72879d5ac66607f0e3040e35a4d16ef92857dac1aadfc159135654a 
[0;36mDEBUG[0m[2026-03-16 10:14:11.725]   received shard header from network in block tracker [0;36mshard[0m = 0 [0;36mepoch[0m = 0 [0;36mround[0m = 361 [0;36mnonce[0m = 360 [0;36mhash[0m = 7a26821e1bfa8bf0b6176bb1539d1632c528c35da4d7c3dfa8d622c2fd216dd5 
[0;36mDEBUG[0m[2026-03-16 10:14:11.725]   received shard header from network in block tracker [0;36mshard[0m = 0 [0;36mepoch[0m = 0 [0;36mround[0m = 362 [0;36mnonce[0m = 361 [0;36mhash[0m = 5849103e59b2ee7362296a0ff8366388fa98afb4cfb037c149affd32d786b298 
[0;36mDEBUG[0m[2026-03-16 10:14:11.725]   received shard header from network in block tracker [0;36mshard[0m = 0 [0;36mepoch[0m = 0 [0;36mround[0m = 363 [0;36mnonce[0m = 362 [0;36mhash[0m = d2d70e4a27df7e1856bf133baf9d66a68e36e0d4323f89166c374025e56d4fa5 
[0;36mDEBUG[0m[2026-03-16 10:14:11.725]   received shard header from network in block tracker [0;36mshard[0m = 0 [0;36mepoch[0m = 0 [0;36mround[0m = 364 [0;36mnonce[0m = 363 [0;36mhash[0m = c54bb5848288f81963b77be7a5805873810f16d759ca4ab44b0197490181e5da 
[0;36mDEBUG[0m[2026-03-16 10:14:11.725]   received shard header from network in block tracker [0;36mshard[0m = 0 [0;36mepoch[0m = 0 [0;36mround[0m = 365 [0;36mnonce[0m = 364 [0;36mhash[0m = 849b221ecf51ef406d75ccedaafba7c4e89b302508f7d52bbeb953be87ace70f 
[0;36mDEBUG[0m[2026-03-16 10:14:11.725]   received shard header from network in block tracker [0;36mshard[0m = 0 [0;36mepoch[0m = 0 [0;36mround[0m = 366 [0;36mnonce[0m = 365 [0;36mhash[0m = c181162b3a3491ede881d3d271edd89084ad7cfeb28bf2bbcaccd13245818946 
[0;36mDEBUG[0m[2026-03-16 10:14:11.725]   received shard header from network in block tracker [0;36mshard[0m = 0 [0;36mepoch[0m = 0 [0;36mround[0m = 367 [0;36mnonce[0m = 366 [0;36mhash[0m = 36d7fd5b7a9439c66ea99f3fb8c9e6d61e230049121771488d39f3cb35616be5 
[0;36mDEBUG[0m[2026-03-16 10:14:11.725]   received shard header from network in block tracker [0;36mshard[0m = 0 [0;36mepoch[0m = 0 [0;36mround[0m = 368 [0;36mnonce[0m = 367 [0;36mhash[0m = 3fbbeb921d3c2c37c9c60c05645af8619106670583cf62cedc546923505bdb72 
[0;36mDEBUG[0m[2026-03-16 10:14:11.725]   received shard header from network in block tracker [0;36mshard[0m = 0 [0;36mepoch[0m = 0 [0;36mround[0m = 369 [0;36mnonce[0m = 368 [0;36mhash[0m = 114d5c85cd6158dd29bac8b07853afca555e457962990d17aa219f231209855b 
[0;36mDEBUG[0m[2026-03-16 10:14:11.725]   received shard header from network in block tracker [0;36mshard[0m = 0 [0;36mepoch[0m = 0 [0;36mround[0m = 370 [0;36mnonce[0m = 369 [0;36mhash[0m = 390f31c855522649921bbbadb36850d8b2c7cdabc620903fdffe7c42ac3a5415 
[0;36mDEBUG[0m[2026-03-16 10:14:11.725]   received shard header from network in block tracker [0;36mshard[0m = 0 [0;36mepoch[0m = 0 [0;36mround[0m = 371 [0;36mnonce[0m = 370 [0;36mhash[0m = 6dc2cc0f580524164f4ec3d2f0e45631d8460ce56556b5792bc758872c94af83 
[0;36mDEBUG[0m[2026-03-16 10:14:11.725]   received shard header from network in block tracker [0;36mshard[0m = 0 [0;36mepoch[0m = 0 [0;36mround[0m = 372 [0;36mnonce[0m = 371 [0;36mhash[0m = fb7c34df057285cde5ef31cc75789e77e2609eee6248d9d6cfe81e85b257b27e 
[0;36mDEBUG[0m[2026-03-16 10:14:11.725]   received shard header from network in block tracker [0;36mshard[0m = 0 [0;36mepoch[0m = 0 [0;36mround[0m = 373 [0;36mnonce[0m = 372 [0;36mhash[0m = 86a8877499bbe71866105ddfbf7f58a395f07baaf0f84521ef17235ab902c19c 
[0;36mDEBUG[0m[2026-03-16 10:14:11.725]   received shard header from network in block tracker [0;36mshard[0m = 0 [0;36mepoch[0m = 0 [0;36mround[0m = 374 [0;36mnonce[0m = 373 [0;36mhash[0m = 137706604386c74f3d26bda12dd6e24fa9de63cfb71e04165d6e2bd84e047671 
[0;36mDEBUG[0m[2026-03-16 10:14:11.725]   received shard header from network in block tracker [0;36mshard[0m = 0 [0;36mepoch[0m = 0 [0;36mround[0m = 375 [0;36mnonce[0m = 374 [0;36mhash[0m = 836a9271aaee84f44f165f83f9fe521cf78a1692c4eb594d54ca35e2c74577e9 
[0;36mDEBUG[0m[2026-03-16 10:14:11.725]   received shard header from network in block tracker [0;36mshard[0m = 0 [0;36mepoch[0m = 0 [0;36mround[0m = 376 [0;36mnonce[0m = 375 [0;36mhash[0m = 1b718e659a0cd9b6f0cc74c62c3c6e3ca2a2cf384bc2b3424bf3fa6fc8896f33 
[0;36mDEBUG[0m[2026-03-16 10:14:11.725]   received shard header from network in block tracker [0;36mshard[0m = 0 [0;36mepoch[0m = 0 [0;36mround[0m = 377 [0;36mnonce[0m = 376 [0;36mhash[0m = 1f3dde746799459614ce4352d7a9a3d577c869e59a39220e000b9a27e40f907d 
[0;36mDEBUG[0m[2026-03-16 10:14:11.725]   received shard header from network in block tracker [0;36mshard[0m = 0 [0;36mepoch[0m = 0 [0;36mround[0m = 378 [0;36mnonce[0m = 377 [0;36mhash[0m = c890af854b862f028a56ffd7bbb9c97e1f9f212cb619fe19f185d990124538ae 
[0;36mDEBUG[0m[2026-03-16 10:14:11.725]   received shard header from network in block tracker [0;36mshard[0m = 0 [0;36mepoch[0m = 0 [0;36mround[0m = 379 [0;36mnonce[0m = 378 [0;36mhash[0m = ae048f6a8bcef657920292203ced7e60ea96f63df0660cb7b1e1f079a1de3c1c 
[0;36mDEBUG[0m[2026-03-16 10:14:11.725]   received shard header from network in block tracker [0;36mshard[0m = 0 [0;36mepoch[0m = 0 [0;36mround[0m = 380 [0;36mnonce[0m = 379 [0;36mhash[0m = 70e093fc9b27e4a9b4180d7e13a809e6237eae54a8501cff0d4186c27f1e444b 
[0;36mDEBUG[0m[2026-03-16 10:14:11.725]   received shard header from network in block tracker [0;36mshard[0m = 0 [0;36mepoch[0m = 0 [0;36mround[0m = 381 [0;36mnonce[0m = 380 [0;36mhash[0m = f1a793e35d4134a4c928d7dfea4926ca0c10afd1a78d1493a134756c60714a23 
[0;36mDEBUG[0m[2026-03-16 10:14:11.725]   received shard header from network in block tracker [0;36mshard[0m = 0 [0;36mepoch[0m = 0 [0;36mround[0m = 382 [0;36mnonce[0m = 381 [0;36mhash[0m = 78d27cc4f6b7f2bb40933f5f5d88dcb42b007e5c181f4a4374f08e58baf6966f 
[0;36mDEBUG[0m[2026-03-16 10:14:11.725]   received shard header from network in block tracker [0;36mshard[0m = 0 [0;36mepoch[0m = 0 [0;36mround[0m = 383 [0;36mnonce[0m = 382 [0;36mhash[0m = 1937b234fbeff4d29d5b694ef435b6b8fb622640cd67ce027c8ce2cd0e3ca5bf 
[0;36mDEBUG[0m[2026-03-16 10:14:11.725]   received shard header from network in block tracker [0;36mshard[0m = 0 [0;36mepoch[0m = 0 [0;36mround[0m = 384 [0;36mnonce[0m = 383 [0;36mhash[0m = 081d593ad92a6c55edc82582db0094924ac7f00d5feb7380bd764f4f21daa382 
[0;36mDEBUG[0m[2026-03-16 10:14:11.725]   received shard header from network in block tracker [0;36mshard[0m = 0 [0;36mepoch[0m = 0 [0;36mround[0m = 385 [0;36mnonce[0m = 384 [0;36mhash[0m = d91f70b3f4a3ec19c1d2ad6a80934d773d08fddf9a1e5f6c04800dae22f9d09d 
[0;36mDEBUG[0m[2026-03-16 10:14:11.725]   received shard header from network in block tracker [0;36mshard[0m = 0 [0;36mepoch[0m = 0 [0;36mround[0m = 386 [0;36mnonce[0m = 385 [0;36mhash[0m = 521c4eadd86e1ac724fc95d1ee92313b0e28a82b97ea03b21e01e14deb14a4ba 
[0;36mDEBUG[0m[2026-03-16 10:14:11.725]   received shard header from network in block tracker [0;36mshard[0m = 0 [0;36mepoch[0m = 0 [0;36mround[0m = 387 [0;36mnonce[0m = 386 [0;36mhash[0m = 6a771f012544d684cea213b81f919d4fa2f49c18498a1273ae1bf5fa84dc6323 
[0;36mDEBUG[0m[2026-03-16 10:14:11.725]   received shard header from network in block tracker [0;36mshard[0m = 0 [0;36mepoch[0m = 0 [0;36mround[0m = 388 [0;36mnonce[0m = 387 [0;36mhash[0m = c84e532d3a9eed174414efd925be419330412f54b74a8803a6a2996b7644a667 
[0;36mDEBUG[0m[2026-03-16 10:14:11.725]   received shard header from network in block tracker [0;36mshard[0m = 0 [0;36mepoch[0m = 0 [0;36mround[0m = 389 [0;36mnonce[0m = 388 [0;36mhash[0m = 3c26781a126db8f9692ae5e2b3783dcbd3da23dff33924944d9bc4be35ce50cb 
[0;36mDEBUG[0m[2026-03-16 10:14:11.725]   received shard header from network in block tracker [0;36mshard[0m = 0 [0;36mepoch[0m = 0 [0;36mround[0m = 390 [0;36mnonce[0m = 389 [0;36mhash[0m = d654013cd3978c20be6bb7dc157adb152f9c6a455bebb7376df7a4c485caf023 
[0;36mDEBUG[0m[2026-03-16 10:14:11.725]   received shard header from network in block tracker [0;36mshard[0m = 0 [0;36mepoch[0m = 0 [0;36mround[0m = 391 [0;36mnonce[0m = 390 [0;36mhash[0m = 8f657afe04e020170b8327c0bc58aae54ba2f2dae3faf95b9c73d1e65c723527 
[0;36mDEBUG[0m[2026-03-16 10:14:11.725]   received shard header from network in block tracker [0;36mshard[0m = 0 [0;36mepoch[0m = 0 [0;36mround[0m = 392 [0;36mnonce[0m = 391 [0;36mhash[0m = 71a77946794b2d5623479e22bd53d4176a78b1e3f314c4dfc007d1f35b8db9d8 
[0;36mDEBUG[0m[2026-03-16 10:14:11.725]   received shard header from network in block tracker [0;36mshard[0m = 0 [0;36mepoch[0m = 0 [0;36mround[0m = 393 [0;36mnonce[0m = 392 [0;36mhash[0m = 02c2b942dc5720a27dc73b0454d47fbdcb2250179c2283cd0032b5d02f5fd1f0 
[0;36mDEBUG[0m[2026-03-16 10:14:11.725]   received shard header from network in block tracker [0;36mshard[0m = 0 [0;36mepoch[0m = 0 [0;36mround[0m = 394 [0;36mnonce[0m = 393 [0;36mhash[0m = a3db87d68ff82f2aa27d0ddf50a613b20f56d78f1cf766989b621d5b8592c1cd 
[0;36mDEBUG[0m[2026-03-16 10:14:11.725]   received shard header from network in block tracker [0;36mshard[0m = 0 [0;36mepoch[0m = 0 [0;36mround[0m = 395 [0;36mnonce[0m = 394 [0;36mhash[0m = 2068842ef1839e5cd2baf855775450a9a452c9ddc36814d341ec9c2ba2f5ad2b 
[0;36mDEBUG[0m[2026-03-16 10:14:11.725]   received shard header from network in block tracker [0;36mshard[0m = 0 [0;36mepoch[0m = 0 [0;36mround[0m = 396 [0;36mnonce[0m = 395 [0;36mhash[0m = 9ba76d367bf848ec5c7b1f6d0c544eb11f0c9dd899eae2cd41a6069bdcd6c937 
[0;36mDEBUG[0m[2026-03-16 10:14:11.725]   received shard header from network in block tracker [0;36mshard[0m = 0 [0;36mepoch[0m = 0 [0;36mround[0m = 397 [0;36mnonce[0m = 396 [0;36mhash[0m = 3748f0438e4c8023a56fd8eb0bc3409f2a0888d191889abefbf3cf0ca2b53c45 
[0;36mDEBUG[0m[2026-03-16 10:14:11.725]   received shard header from network in block tracker [0;36mshard[0m = 0 [0;36mepoch[0m = 0 [0;36mround[0m = 398 [0;36mnonce[0m = 397 [0;36mhash[0m = 6feee4343b462ff05893c681c6bf3832f06e8cd9b9717ab4e745338150b5b124 
[0;36mDEBUG[0m[2026-03-16 10:14:11.726]   received shard header from network in block tracker [0;36mshard[0m = 0 [0;36mepoch[0m = 0 [0;36mround[0m = 399 [0;36mnonce[0m = 398 [0;36mhash[0m = f4bc57dca821496f40b90c1c965441b30211712bbcc22b5172034d33a3058e7d 
[0;36mDEBUG[0m[2026-03-16 10:14:11.726]   received shard header from network in block tracker [0;36mshard[0m = 0 [0;36mepoch[0m = 0 [0;36mround[0m = 400 [0;36mnonce[0m = 399 [0;36mhash[0m = 93c55836101136cd45fd0b6fc5b79dd5ed7bc2d196ee76f96548d2b8fd0c300e 
[0;36mDEBUG[0m[2026-03-16 10:14:11.726]   received shard header from network in block tracker [0;36mshard[0m = 0 [0;36mepoch[0m = 0 [0;36mround[0m = 401 [0;36mnonce[0m = 400 [0;36mhash[0m = 7db737310668d1252e5f1cb3f3ba71813ba9d1daf855cc40b9dab6b93d4bff2a 
[0;36mDEBUG[0m[2026-03-16 10:14:11.726]   received shard header from network in block tracker [0;36mshard[0m = 0 [0;36mepoch[0m = 0 [0;36mround[0m = 402 [0;36mnonce[0m = 401 [0;36mhash[0m = ebf89289d67669979554d1f8fbf24b99eca2a7fcc689cae712e9616c7f3d2b0d 
[0;36mDEBUG[0m[2026-03-16 10:14:11.726]   received shard header from network in block tracker [0;36mshard[0m = 0 [0;36mepoch[0m = 0 [0;36mround[0m = 403 [0;36mnonce[0m = 402 [0;36mhash[0m = 68078301d21d2feb66a4e6762debb6163c7fb6671e6bc373ca27c02471127d1e 
[0;36mDEBUG[0m[2026-03-16 10:14:11.726]   received shard header from network in block tracker [0;36mshard[0m = 0 [0;36mepoch[0m = 0 [0;36mround[0m = 404 [0;36mnonce[0m = 403 [0;36mhash[0m = 28526d9135d39e8c162a154273acdef62310cb425922426fc3d8bfd53a2a8e0d 
[0;36mDEBUG[0m[2026-03-16 10:14:11.726]   received shard header from network in block tracker [0;36mshard[0m = 0 [0;36mepoch[0m = 0 [0;36mround[0m = 405 [0;36mnonce[0m = 404 [0;36mhash[0m = c2ea9137d48edb303e368a83af121a6b9d95f61f8de7e11f79c1bb36e93d0327 
[0;36mDEBUG[0m[2026-03-16 10:14:11.726]   received shard header from network in block tracker [0;36mshard[0m = 0 [0;36mepoch[0m = 0 [0;36mround[0m = 406 [0;36mnonce[0m = 405 [0;36mhash[0m = f0c67df4f44186cef312a2126025ae9a37914ab13cc2ba72a7357568310c5642 
[0;36mDEBUG[0m[2026-03-16 10:14:11.726]   received shard header from network in block tracker [0;36mshard[0m = 0 [0;36mepoch[0m = 0 [0;36mround[0m = 407 [0;36mnonce[0m = 406 [0;36mhash[0m = 1238435a0edea50558b4477dd7d3d57393860b6a75d0b6833efb1173904280d1 
[0;36mDEBUG[0m[2026-03-16 10:14:11.726]   received shard header from network in block tracker [0;36mshard[0m = 0 [0;36mepoch[0m = 0 [0;36mround[0m = 408 [0;36mnonce[0m = 407 [0;36mhash[0m = 953f34586c02e9d152d4ae98eecf24c1f452e7469e4d50071f1f7c17e083873a 
[0;36mDEBUG[0m[2026-03-16 10:14:11.726]   received shard header from network in block tracker [0;36mshard[0m = 0 [0;36mepoch[0m = 0 [0;36mround[0m = 409 [0;36mnonce[0m = 408 [0;36mhash[0m = 8c10dc38d889ed91fdfdddf871bda046ee002393ed1f13bec9a3734ca7da7ba4 
[0;36mDEBUG[0m[2026-03-16 10:14:11.726]   received shard header from network in block tracker [0;36mshard[0m = 0 [0;36mepoch[0m = 0 [0;36mround[0m = 410 [0;36mnonce[0m = 409 [0;36mhash[0m = 0fdb94fab5721cafb40ab98472b30c5489d86dde4181a7fd69ff26bfec1ad2e5 
[0;36mDEBUG[0m[2026-03-16 10:14:11.726]   received shard header from network in block tracker [0;36mshard[0m = 0 [0;36mepoch[0m = 0 [0;36mround[0m = 411 [0;36mnonce[0m = 410 [0;36mhash[0m = 87247c67360e4ca86b8657c59212fc8e3edff7a70b2a585caf59ab4d5d00ada6 
[0;36mDEBUG[0m[2026-03-16 10:14:11.726]   received shard header from network in block tracker [0;36mshard[0m = 0 [0;36mepoch[0m = 0 [0;36mround[0m = 412 [0;36mnonce[0m = 411 [0;36mhash[0m = 32762003ea3ff1235adfa4c699e8a160e8e6c4c3feee3d1ecf19daee8741bd17 
[0;36mDEBUG[0m[2026-03-16 10:14:11.726]   received shard header from network in block tracker [0;36mshard[0m = 0 [0;36mepoch[0m = 0 [0;36mround[0m = 413 [0;36mnonce[0m = 412 [0;36mhash[0m = 148a84e0ae82a11b01c5a8a369a55da4143d9984d033c32ecbb34f7ba5034987 
[0;36mDEBUG[0m[2026-03-16 10:14:11.726]   received shard header from network in block tracker [0;36mshard[0m = 0 [0;36mepoch[0m = 0 [0;36mround[0m = 414 [0;36mnonce[0m = 413 [0;36mhash[0m = 3173758b4593da9d5b41a15d78f6f6f2e0a1d2ec2e31c3671eace9eec39859d8 
[0;36mDEBUG[0m[2026-03-16 10:14:11.726]   received shard header from network in block tracker [0;36mshard[0m = 0 [0;36mepoch[0m = 0 [0;36mround[0m = 415 [0;36mnonce[0m = 414 [0;36mhash[0m = 548ddd4f8bb6f8f14e00e1f4868f55eaf0e91c7c1601c80a78c034e47d7e573d 
[0;36mDEBUG[0m[2026-03-16 10:14:11.726]   received shard header from network in block tracker [0;36mshard[0m = 0 [0;36mepoch[0m = 0 [0;36mround[0m = 416 [0;36mnonce[0m = 415 [0;36mhash[0m = f38b2001047e805be95411004efcce1d25759d9978c11c9791267e3c1d836164 
[0;36mDEBUG[0m[2026-03-16 10:14:11.726]   received shard header from network in block tracker [0;36mshard[0m = 0 [0;36mepoch[0m = 0 [0;36mround[0m = 417 [0;36mnonce[0m = 416 [0;36mhash[0m = 66d793fef7c1e53d532986999a65aed4192d0a6f4a9dfa950e02dd69df2f5ccc 
[0;36mDEBUG[0m[2026-03-16 10:14:11.726]   received shard header from network in block tracker [0;36mshard[0m = 0 [0;36mepoch[0m = 0 [0;36mround[0m = 418 [0;36mnonce[0m = 417 [0;36mhash[0m = dc88110c586ff7d2e91b4595d8d30715c71e692dc9d9f0e76e27bd02891d3331 
[0;36mDEBUG[0m[2026-03-16 10:14:11.726]   received shard header from network in block tracker [0;36mshard[0m = 0 [0;36mepoch[0m = 0 [0;36mround[0m = 419 [0;36mnonce[0m = 418 [0;36mhash[0m = ecb899e3f7d6bc267c6015c0c70fa81c02264b79050802a5eb38710f4446a041 
[0;36mDEBUG[0m[2026-03-16 10:14:11.726]   received shard header from network in block tracker [0;36mshard[0m = 0 [0;36mepoch[0m = 0 [0;36mround[0m = 420 [0;36mnonce[0m = 419 [0;36mhash[0m = b5fcfea0edb7cd33c23f2821f028e5793ee3c84cd5808e39dd41e1a0112164d8 
[0;36mDEBUG[0m[2026-03-16 10:14:11.726]   received shard header from network in block tracker [0;36mshard[0m = 0 [0;36mepoch[0m = 0 [0;36mround[0m = 421 [0;36mnonce[0m = 420 [0;36mhash[0m = 69a6b6166adb362c26045104c876087a8df8230a855c84a5a95b27983f4cce28 
[0;36mDEBUG[0m[2026-03-16 10:14:11.726]   received shard header from network in block tracker [0;36mshard[0m = 0 [0;36mepoch[0m = 0 [0;36mround[0m = 422 [0;36mnonce[0m = 421 [0;36mhash[0m = 60b43f126b6402a3188b733b1452381da8c6dd9845781074c021e7e9260ea220 
[0;36mDEBUG[0m[2026-03-16 10:14:11.726]   received shard header from network in block tracker [0;36mshard[0m = 0 [0;36mepoch[0m = 0 [0;36mround[0m = 423 [0;36mnonce[0m = 422 [0;36mhash[0m = 567e3cbfc10049340b55dc4c04fb0b23593d32d52058dd16799e6df7e8d8f88e 
[0;36mDEBUG[0m[2026-03-16 10:14:11.726]   received shard header from network in block tracker [0;36mshard[0m = 0 [0;36mepoch[0m = 0 [0;36mround[0m = 424 [0;36mnonce[0m = 423 [0;36mhash[0m = 0389892448ec51346efa3d1a3a73fbea82e602acb3a2c0a3e9b533099fb053b8 
[0;36mDEBUG[0m[2026-03-16 10:14:11.726]   received shard header from network in block tracker [0;36mshard[0m = 0 [0;36mepoch[0m = 0 [0;36mround[0m = 425 [0;36mnonce[0m = 424 [0;36mhash[0m = f0c1c77667f1e77d96ff25bb1f3e862d731a21ab1f2263d362133337c26c1e09 
[0;36mDEBUG[0m[2026-03-16 10:14:11.726]   received shard header from network in block tracker [0;36mshard[0m = 0 [0;36mepoch[0m = 0 [0;36mround[0m = 426 [0;36mnonce[0m = 425 [0;36mhash[0m = 39d8aa516cf62ec5c672987fc28ea1a9baeef2e72214bc75ab091e9c9ba84739 
[0;36mDEBUG[0m[2026-03-16 10:14:11.726]   received shard header from network in block tracker [0;36mshard[0m = 0 [0;36mepoch[0m = 0 [0;36mround[0m = 427 [0;36mnonce[0m = 426 [0;36mhash[0m = 2b1112d384570db26c217908008b8865afee8efb3eb83bc1e8c4ede52c6fc471 
[0;36mDEBUG[0m[2026-03-16 10:14:11.726]   received shard header from network in block tracker [0;36mshard[0m = 0 [0;36mepoch[0m = 0 [0;36mround[0m = 428 [0;36mnonce[0m = 427 [0;36mhash[0m = 6846a047c9397997c7b93991df8e6a2e777cc6c15e4c8bb79eece86449549058 
[0;36mDEBUG[0m[2026-03-16 10:14:11.726]   received shard header from network in block tracker [0;36mshard[0m = 0 [0;36mepoch[0m = 0 [0;36mround[0m = 429 [0;36mnonce[0m = 428 [0;36mhash[0m = ce7cf6d4dcadc56eebf75299ca64de876ff95d9a37d70149c6494aec96a6317d 
[0;36mDEBUG[0m[2026-03-16 10:14:11.726]   received shard header from network in block tracker [0;36mshard[0m = 0 [0;36mepoch[0m = 0 [0;36mround[0m = 430 [0;36mnonce[0m = 429 [0;36mhash[0m = bf7f2aec80191919103dfc882681c53447e52dbffbf8de998cf6149209dc6dcb 
[0;36mDEBUG[0m[2026-03-16 10:14:11.726]   received shard header from network in block tracker [0;36mshard[0m = 0 [0;36mepoch[0m = 0 [0;36mround[0m = 431 [0;36mnonce[0m = 430 [0;36mhash[0m = 3fec6e43090ec131ef302a1b7ca990ea0ef5d9264536c78db2267443d259fd21 
[0;36mDEBUG[0m[2026-03-16 10:14:11.726]   received shard header from network in block tracker [0;36mshard[0m = 0 [0;36mepoch[0m = 0 [0;36mround[0m = 432 [0;36mnonce[0m = 431 [0;36mhash[0m = 39d7bf98b86e69c62104bf16a53a5e6221a221ff67cc84052079f7f31ef0e352 
[0;36mDEBUG[0m[2026-03-16 10:14:11.726]   received shard header from network in block tracker [0;36mshard[0m = 0 [0;36mepoch[0m = 0 [0;36mround[0m = 433 [0;36mnonce[0m = 432 [0;36mhash[0m = 58a04fc14147292f57ea038f4c53c91482d57679816fa31c1cb62c41c15e8ada 
[0;36mDEBUG[0m[2026-03-16 10:14:11.726]   received shard header from network in block tracker [0;36mshard[0m = 0 [0;36mepoch[0m = 0 [0;36mround[0m = 434 [0;36mnonce[0m = 433 [0;36mhash[0m = b7a6a0fadeedfc5a66ba9d25dc754d4c4e524516ef2b99c38fdd550aa08f5479 
[0;36mDEBUG[0m[2026-03-16 10:14:11.726]   received shard header from network in block tracker [0;36mshard[0m = 0 [0;36mepoch[0m = 0 [0;36mround[0m = 435 [0;36mnonce[0m = 434 [0;36mhash[0m = 55099b8708c0435bab49cd8b27ba66aa08453a521d3b63b69fcdef8ebe2e941c 
[0;36mDEBUG[0m[2026-03-16 10:14:11.726]   received shard header from network in block tracker [0;36mshard[0m = 0 [0;36mepoch[0m = 0 [0;36mround[0m = 436 [0;36mnonce[0m = 435 [0;36mhash[0m = 56de6572ee4e30580123e68d37de67c8c27821674183ebc42ac728756db6975f 
[0;36mDEBUG[0m[2026-03-16 10:14:11.726]   received shard header from network in block tracker [0;36mshard[0m = 0 [0;36mepoch[0m = 0 [0;36mround[0m = 437 [0;36mnonce[0m = 436 [0;36mhash[0m = a8056f9c74fb5e5e68a29953b821970111448475fbe45772622d7e2e7b426823 
[0;36mDEBUG[0m[2026-03-16 10:14:11.726]   received shard header from network in block tracker [0;36mshard[0m = 0 [0;36mepoch[0m = 0 [0;36mround[0m = 438 [0;36mnonce[0m = 437 [0;36mhash[0m = 454d568dfc15d43ef363a1f731cb57c7bc8d888fd7bd94d601524a62942c8e1d 
[0;36mDEBUG[0m[2026-03-16 10:14:11.726]   received shard header from network in block tracker [0;36mshard[0m = 0 [0;36mepoch[0m = 0 [0;36mround[0m = 439 [0;36mnonce[0m = 438 [0;36mhash[0m = b60ca953af0da7c1d20a78278d1c1c3fb25ac4aa7d3815c096345bfcbcfe4020 
[0;36mDEBUG[0m[2026-03-16 10:14:11.726]   received shard header from network in block tracker [0;36mshard[0m = 0 [0;36mepoch[0m = 0 [0;36mround[0m = 440 [0;36mnonce[0m = 439 [0;36mhash[0m = c103093f3221362607db281becfe7afff5066415d6b16fd5f5343a1fe6fed255 
[0;36mDEBUG[0m[2026-03-16 10:14:11.726]   received shard header from network in block tracker [0;36mshard[0m = 0 [0;36mepoch[0m = 0 [0;36mround[0m = 441 [0;36mnonce[0m = 440 [0;36mhash[0m = 3606c49cafe180662322704e8f6be3acf8a9429567722f33291c3e53649073cb 
[0;36mDEBUG[0m[2026-03-16 10:14:11.726]   received shard header from network in block tracker [0;36mshard[0m = 0 [0;36mepoch[0m = 0 [0;36mround[0m = 442 [0;36mnonce[0m = 441 [0;36mhash[0m = 8ca3dd07b5cbc9c7c84190bd09b080a85089c6c2188ec3a1f5572f601d967991 
[0;36mDEBUG[0m[2026-03-16 10:14:11.726]   received shard header from network in block tracker [0;36mshard[0m = 0 [0;36mepoch[0m = 0 [0;36mround[0m = 443 [0;36mnonce[0m = 442 [0;36mhash[0m = 7c96af75f2949acfe048597d409f888daac88020c146fc79b5f8770eb14aa5d9 
[0;36mDEBUG[0m[2026-03-16 10:14:11.726]   received shard header from network in block tracker [0;36mshard[0m = 0 [0;36mepoch[0m = 0 [0;36mround[0m = 444 [0;36mnonce[0m = 443 [0;36mhash[0m = 947e956cf337d6fa51689c23f9c8a1955c5731bce41bf8af1d194c4f5d352929 
[0;36mDEBUG[0m[2026-03-16 10:14:11.726]   received shard header from network in block tracker [0;36mshard[0m = 0 [0;36mepoch[0m = 0 [0;36mround[0m = 445 [0;36mnonce[0m = 444 [0;36mhash[0m = 4e5be5127ad70bfa5f92e37e30e3bac0467c36e7519355a6841c89c7150641ca 
[0;36mDEBUG[0m[2026-03-16 10:14:11.726]   received shard header from network in block tracker [0;36mshard[0m = 0 [0;36mepoch[0m = 0 [0;36mround[0m = 446 [0;36mnonce[0m = 445 [0;36mhash[0m = d293f42fab639199a66f5f6d863bf8023050387bccc7a26cf6d9a1119c7f5be0 
[0;36mDEBUG[0m[2026-03-16 10:14:11.726]   received shard header from network in block tracker [0;36mshard[0m = 0 [0;36mepoch[0m = 0 [0;36mround[0m = 447 [0;36mnonce[0m = 446 [0;36mhash[0m = a941218fc6420cdc7d5f287a98827ca6a3744292f60168be5a0cf02c4710abcf 
[0;36mDEBUG[0m[2026-03-16 10:14:11.726]   received shard header from network in block tracker [0;36mshard[0m = 0 [0;36mepoch[0m = 0 [0;36mround[0m = 448 [0;36mnonce[0m = 447 [0;36mhash[0m = 9e4fe2d632d60fd47b9be738ddee101cb9e06051ffd8c5a5cfbba2ccb4c1e844 
[0;36mDEBUG[0m[2026-03-16 10:14:11.726]   received shard header from network in block tracker [0;36mshard[0m = 0 [0;36mepoch[0m = 0 [0;36mround[0m = 449 [0;36mnonce[0m = 448 [0;36mhash[0m = 4b46efd849ec6c32a293d66d84455afb3476e2276d2ef4b3332434df3f8130d7 
[0;36mDEBUG[0m[2026-03-16 10:14:11.726]   received shard header from network in block tracker [0;36mshard[0m = 0 [0;36mepoch[0m = 0 [0;36mround[0m = 450 [0;36mnonce[0m = 449 [0;36mhash[0m = 116b02fbb4633d103277c373f9182a318b1d91f3487f3a1219f638bc62c7ca46 
[0;36mDEBUG[0m[2026-03-16 10:14:11.726]   received shard header from network in block tracker [0;36mshard[0m = 0 [0;36mepoch[0m = 0 [0;36mround[0m = 451 [0;36mnonce[0m = 450 [0;36mhash[0m = 3acefc431cb522dbaf964dd95477c0bceb01cb54f5f34b60f21ac50fa7f5efeb 
[0;36mDEBUG[0m[2026-03-16 10:14:11.726]   received shard header from network in block tracker [0;36mshard[0m = 0 [0;36mepoch[0m = 0 [0;36mround[0m = 452 [0;36mnonce[0m = 451 [0;36mhash[0m = 616698183d991a363b195a82f3a1c565f12feaeec2d5165a2c9e59c7b37b6990 
[0;36mDEBUG[0m[2026-03-16 10:14:11.727]   received shard header from network in block tracker [0;36mshard[0m = 0 [0;36mepoch[0m = 0 [0;36mround[0m = 453 [0;36mnonce[0m = 452 [0;36mhash[0m = c3cd49b19c663dd17204d9c4ed131a7b3050ccd3d3772fe51d667ec0413e2c9c 
[0;36mDEBUG[0m[2026-03-16 10:14:11.727]   received shard header from network in block tracker [0;36mshard[0m = 0 [0;36mepoch[0m = 0 [0;36mround[0m = 454 [0;36mnonce[0m = 453 [0;36mhash[0m = 0c343eb1d36ccb8dc04cd8182e2bf8b63d8747072f6a3611fed2f3aadb16cc58 
[0;36mDEBUG[0m[2026-03-16 10:14:11.727]   received shard header from network in block tracker [0;36mshard[0m = 0 [0;36mepoch[0m = 0 [0;36mround[0m = 455 [0;36mnonce[0m = 454 [0;36mhash[0m = 746155bbc0df29c379d1d9bb71df1d6b2b23e826a1592c97b32e028244d696a3 
[0;36mDEBUG[0m[2026-03-16 10:14:11.727]   received shard header from network in block tracker [0;36mshard[0m = 0 [0;36mepoch[0m = 0 [0;36mround[0m = 456 [0;36mnonce[0m = 455 [0;36mhash[0m = 2fb33aff7973b2f211f924f58c08e6dfaff1c19865a71b36cf7e314fdc229769 
[0;36mDEBUG[0m[2026-03-16 10:14:11.727]   received shard header from network in block tracker [0;36mshard[0m = 0 [0;36mepoch[0m = 0 [0;36mround[0m = 457 [0;36mnonce[0m = 456 [0;36mhash[0m = 3a9752b02c2e27128488084d83e6b46e374d58793911aafbfd9b0eae92cd07e4 
[0;36mDEBUG[0m[2026-03-16 10:14:11.727]   received shard header from network in block tracker [0;36mshard[0m = 0 [0;36mepoch[0m = 0 [0;36mround[0m = 458 [0;36mnonce[0m = 457 [0;36mhash[0m = b1c20fd9a777eb9828b08d105d686944933a7e847258f26c4157c19dcdf0e8ab 
[0;36mDEBUG[0m[2026-03-16 10:14:11.727]   received shard header from network in block tracker [0;36mshard[0m = 0 [0;36mepoch[0m = 0 [0;36mround[0m = 459 [0;36mnonce[0m = 458 [0;36mhash[0m = 9544ad1c6b0fa23a430802e7e5f89c7b4fa42b96fc84cc8385946656066686c3 
[0;36mDEBUG[0m[2026-03-16 10:14:11.727]   received shard header from network in block tracker [0;36mshard[0m = 0 [0;36mepoch[0m = 0 [0;36mround[0m = 460 [0;36mnonce[0m = 459 [0;36mhash[0m = 9c8d6567405b4bab64ac52475177f057b47095596fbfff3772619fcf09cb014d 
[0;36mDEBUG[0m[2026-03-16 10:14:11.727]   received shard header from network in block tracker [0;36mshard[0m = 0 [0;36mepoch[0m = 0 [0;36mround[0m = 461 [0;36mnonce[0m = 460 [0;36mhash[0m = 6e1403c853cd2803395b98cea6c1a5b3387040a86f9c1eabb93205ba30c39d4b 
[0;36mDEBUG[0m[2026-03-16 10:14:11.727]   received shard header from network in block tracker [0;36mshard[0m = 0 [0;36mepoch[0m = 0 [0;36mround[0m = 462 [0;36mnonce[0m = 461 [0;36mhash[0m = 12a5a96e01575d58f930fd1f219e4a7d72f81f27054fb8bca7ff874f76786fd2 
[0;36mDEBUG[0m[2026-03-16 10:14:11.727]   received shard header from network in block tracker [0;36mshard[0m = 0 [0;36mepoch[0m = 0 [0;36mround[0m = 463 [0;36mnonce[0m = 462 [0;36mhash[0m = caf8876f0db234814ed5ee3220b58c39cf230002c460813d7603979144d06ecf 
[0;36mDEBUG[0m[2026-03-16 10:14:11.727]   received shard header from network in block tracker [0;36mshard[0m = 0 [0;36mepoch[0m = 0 [0;36mround[0m = 464 [0;36mnonce[0m = 463 [0;36mhash[0m = 0d6bb991b7c3488ec6ad07ba6d2bc67b410c8b8b598a198e433e86978ac8f097 
[0;36mDEBUG[0m[2026-03-16 10:14:11.727]   received shard header from network in block tracker [0;36mshard[0m = 0 [0;36mepoch[0m = 0 [0;36mround[0m = 465 [0;36mnonce[0m = 464 [0;36mhash[0m = 9b8ae3380988ffe651c761b4dfe4e256832eb3a6176f131b0609f5599121c19a 
[0;36mDEBUG[0m[2026-03-16 10:14:11.727]   received shard header from network in block tracker [0;36mshard[0m = 0 [0;36mepoch[0m = 0 [0;36mround[0m = 466 [0;36mnonce[0m = 465 [0;36mhash[0m = 72f5637dfb74d61c1f936ef1283328df958ba00dc25af1fd356e0709132d01f2 
[0;36mDEBUG[0m[2026-03-16 10:14:11.727]   received shard header from network in block tracker [0;36mshard[0m = 0 [0;36mepoch[0m = 0 [0;36mround[0m = 467 [0;36mnonce[0m = 466 [0;36mhash[0m = e515f60921977cd1085858cfc512d0f0eada2f31ac6a886eaa1557c97f5d0c0b 
[0;36mDEBUG[0m[2026-03-16 10:14:11.727]   received shard header from network in block tracker [0;36mshard[0m = 0 [0;36mepoch[0m = 0 [0;36mround[0m = 468 [0;36mnonce[0m = 467 [0;36mhash[0m = e6cc4605fac8fa578eddf47d68445f644b416cc4ff4c533c7751d8b13a01e37c 
[0;36mDEBUG[0m[2026-03-16 10:14:11.727]   received shard header from network in block tracker [0;36mshard[0m = 0 [0;36mepoch[0m = 0 [0;36mround[0m = 469 [0;36mnonce[0m = 468 [0;36mhash[0m = 8564467c18f369b739adfa514ee7ca1f32292bcbbc47440a028bb4af331ad8ac 
[0;36mDEBUG[0m[2026-03-16 10:14:11.727]   received shard header from network in block tracker [0;36mshard[0m = 0 [0;36mepoch[0m = 0 [0;36mround[0m = 470 [0;36mnonce[0m = 469 [0;36mhash[0m = aaea01ecf297c94bcc83d3b8bd3df470f31c0feafb95c48aa984e6c376dcdf9d 
[0;36mDEBUG[0m[2026-03-16 10:14:11.727]   received shard header from network in block tracker [0;36mshard[0m = 0 [0;36mepoch[0m = 0 [0;36mround[0m = 471 [0;36mnonce[0m = 470 [0;36mhash[0m = 8fd1498ad0814a33f1d0405f9a331ae0d7e8e3c9ab07f3f132e7477b00dc0f0c 
[0;36mDEBUG[0m[2026-03-16 10:14:11.727]   received shard header from network in block tracker [0;36mshard[0m = 0 [0;36mepoch[0m = 0 [0;36mround[0m = 472 [0;36mnonce[0m = 471 [0;36mhash[0m = c56738cf6f1341cc2aada27fad7b257ea82caf0b3b5169e5ee078f2c1be15701 
[0;36mDEBUG[0m[2026-03-16 10:14:11.727]   received shard header from network in block tracker [0;36mshard[0m = 0 [0;36mepoch[0m = 0 [0;36mround[0m = 473 [0;36mnonce[0m = 472 [0;36mhash[0m = 4a7cf4dbb5c1cfcee2cff7c20c25b3554793aed49671c03a1dc0d691be51efd5 
[0;36mDEBUG[0m[2026-03-16 10:14:11.727]   received shard header from network in block tracker [0;36mshard[0m = 0 [0;36mepoch[0m = 0 [0;36mround[0m = 474 [0;36mnonce[0m = 473 [0;36mhash[0m = 944c7d2fb5f8e98e3a8c34249821569d317eaf2d5be04151242e58915ce3f558 
[0;36mDEBUG[0m[2026-03-16 10:14:11.727]   received shard header from network in block tracker [0;36mshard[0m = 0 [0;36mepoch[0m = 0 [0;36mround[0m = 475 [0;36mnonce[0m = 474 [0;36mhash[0m = f4ad8a483c41a45370273dd57d241e14a6c3054ec2968dc260dd77d837056007 
[0;36mDEBUG[0m[2026-03-16 10:14:11.727]   received shard header from network in block tracker [0;36mshard[0m = 0 [0;36mepoch[0m = 0 [0;36mround[0m = 476 [0;36mnonce[0m = 475 [0;36mhash[0m = 890c60b02e61e9df2e5900f1502e2f8a81b216ef7159fde3f12754a6d44d1f52 
[0;36mDEBUG[0m[2026-03-16 10:14:11.727]   received shard header from network in block tracker [0;36mshard[0m = 0 [0;36mepoch[0m = 0 [0;36mround[0m = 477 [0;36mnonce[0m = 476 [0;36mhash[0m = 15918330e5f2abec6ce60319b7d26f204c88748017844e4ed3766ebfb0d08e1c 
[0;36mDEBUG[0m[2026-03-16 10:14:11.727]   received shard header from network in block tracker [0;36mshard[0m = 0 [0;36mepoch[0m = 0 [0;36mround[0m = 478 [0;36mnonce[0m = 477 [0;36mhash[0m = 6d96109a4f39c881cd4706fed1b93ebbb0582ff79f9d49bf781e992eb149e9aa 
[0;36mDEBUG[0m[2026-03-16 10:14:11.727]   received shard header from network in block tracker [0;36mshard[0m = 0 [0;36mepoch[0m = 0 [0;36mround[0m = 479 [0;36mnonce[0m = 478 [0;36mhash[0m = 7c11beac96c997c2be62b0741b20ff773489e7bbec1f0ccbb33072b9aab47537 
[0;36mDEBUG[0m[2026-03-16 10:14:11.727]   received shard header from network in block tracker [0;36mshard[0m = 0 [0;36mepoch[0m = 0 [0;36mround[0m = 480 [0;36mnonce[0m = 479 [0;36mhash[0m = 9d080441bdc641ed5a9d2f561516abbd8fe92e8626db458cd49824aee71aabb5 
[0;36mDEBUG[0m[2026-03-16 10:14:11.727]   received shard header from network in block tracker [0;36mshard[0m = 0 [0;36mepoch[0m = 0 [0;36mround[0m = 481 [0;36mnonce[0m = 480 [0;36mhash[0m = 3ce0d58c518848823ae2bfb65df1b3e4531473bc9c7b53ae96e051f8f453fb57 
[0;36mDEBUG[0m[2026-03-16 10:14:11.727]   received shard header from network in block tracker [0;36mshard[0m = 0 [0;36mepoch[0m = 0 [0;36mround[0m = 482 [0;36mnonce[0m = 481 [0;36mhash[0m = b5d2b9637c840dee8a5a1aecfa48f5e66368f636b9c227dae37d8783698df2c9 
[0;36mDEBUG[0m[2026-03-16 10:14:11.727]   received shard header from network in block tracker [0;36mshard[0m = 0 [0;36mepoch[0m = 0 [0;36mround[0m = 483 [0;36mnonce[0m = 482 [0;36mhash[0m = 89de218f77fd57a3f21b1a2813ca34b2bbb8bc6b5db78e5a5559780246d72aed 
[0;36mDEBUG[0m[2026-03-16 10:14:11.727]   received shard header from network in block tracker [0;36mshard[0m = 0 [0;36mepoch[0m = 0 [0;36mround[0m = 484 [0;36mnonce[0m = 483 [0;36mhash[0m = f3b1a5c4e379d033d9adf8128dfa7f492eeaad88ff2b7d71681c622c78ac98fc 
[0;36mDEBUG[0m[2026-03-16 10:14:11.727]   received shard header from network in block tracker [0;36mshard[0m = 0 [0;36mepoch[0m = 0 [0;36mround[0m = 485 [0;36mnonce[0m = 484 [0;36mhash[0m = 04d3f0d48bf484839d9dcb6a0a52ec019d48e2bdac9d75f7c14ccbca24b0d79a 
[0;36mDEBUG[0m[2026-03-16 10:14:11.727]   received shard header from network in block tracker [0;36mshard[0m = 0 [0;36mepoch[0m = 0 [0;36mround[0m = 486 [0;36mnonce[0m = 485 [0;36mhash[0m = eca2f7bf00584f43eb5be968e971d4b20010edc88b72c2a1e3869b4be25b81ac 
[0;36mDEBUG[0m[2026-03-16 10:14:11.727]   received shard header from network in block tracker [0;36mshard[0m = 0 [0;36mepoch[0m = 0 [0;36mround[0m = 487 [0;36mnonce[0m = 486 [0;36mhash[0m = 7cfd4bdd9e2357f4df279b425987329edaa52cbf6ff63b18ee5954ef2ff6666e 
[0;36mDEBUG[0m[2026-03-16 10:14:11.727]   received shard header from network in block tracker [0;36mshard[0m = 0 [0;36mepoch[0m = 0 [0;36mround[0m = 488 [0;36mnonce[0m = 487 [0;36mhash[0m = 21f69fb5d02231b43622605781a8b6677900073630c22993e49f6023f13b1ec8 
[0;36mDEBUG[0m[2026-03-16 10:14:11.727]   received shard header from network in block tracker [0;36mshard[0m = 0 [0;36mepoch[0m = 0 [0;36mround[0m = 489 [0;36mnonce[0m = 488 [0;36mhash[0m = d4b130301d58539dcb52a9bc4de8d5d173b9ffa6978bc696b20b4cd2fce8c324 
[0;36mDEBUG[0m[2026-03-16 10:14:11.727]   received shard header from network in block tracker [0;36mshard[0m = 0 [0;36mepoch[0m = 0 [0;36mround[0m = 490 [0;36mnonce[0m = 489 [0;36mhash[0m = 4f62f87513b0670cbee89d642bb624a872293afc94ac3d120f34c441075731f7 
[0;36mDEBUG[0m[2026-03-16 10:14:11.727]   received shard header from network in block tracker [0;36mshard[0m = 0 [0;36mepoch[0m = 0 [0;36mround[0m = 491 [0;36mnonce[0m = 490 [0;36mhash[0m = 0c66c71bdcc0d5a5a6cd5f536627f4665790e69a1b8addab629ba6ccdef383af 
[0;36mDEBUG[0m[2026-03-16 10:14:11.727]   received shard header from network in block tracker [0;36mshard[0m = 0 [0;36mepoch[0m = 0 [0;36mround[0m = 492 [0;36mnonce[0m = 491 [0;36mhash[0m = 8f955d1d995721883ced7f8e636756fb3a84afa9d63cad286ca5fac3c2f56c19 
[0;36mDEBUG[0m[2026-03-16 10:14:11.727]   received shard header from network in block tracker [0;36mshard[0m = 0 [0;36mepoch[0m = 0 [0;36mround[0m = 493 [0;36mnonce[0m = 492 [0;36mhash[0m = 15301285d2146f68548edc2da1736aad3a015af03ce15dbcf1dab8598b81fe32 
[0;36mDEBUG[0m[2026-03-16 10:14:11.727]   received shard header from network in block tracker [0;36mshard[0m = 0 [0;36mepoch[0m = 0 [0;36mround[0m = 494 [0;36mnonce[0m = 493 [0;36mhash[0m = 1a0660612ede9b777b6695a6402e37d156e29a5a25031fbca7773cc1d41fb63b 
[0;36mDEBUG[0m[2026-03-16 10:14:11.727]   received shard header from network in block tracker [0;36mshard[0m = 0 [0;36mepoch[0m = 0 [0;36mround[0m = 495 [0;36mnonce[0m = 494 [0;36mhash[0m = 8faf5155f2f19f1475234c720487f9e6fb871d189c950d9adb7fe15e198d947f 
[0;36mDEBUG[0m[2026-03-16 10:14:11.727]   received shard header from network in block tracker [0;36mshard[0m = 0 [0;36mepoch[0m = 0 [0;36mround[0m = 496 [0;36mnonce[0m = 495 [0;36mhash[0m = 4a04ac2f7e0e1b579e98f41608bb3a05467441c02e28bd1c7963cbb4c24e85b3 
[0;36mDEBUG[0m[2026-03-16 10:14:11.727]   received shard header from network in block tracker [0;36mshard[0m = 0 [0;36mepoch[0m = 0 [0;36mround[0m = 497 [0;36mnonce[0m = 496 [0;36mhash[0m = a54cdb4052decf78cf9bc8895844d52227b9a0d96238f7fe84462845303d7c8b 
[0;36mDEBUG[0m[2026-03-16 10:14:11.727]   received shard header from network in block tracker [0;36mshard[0m = 0 [0;36mepoch[0m = 0 [0;36mround[0m = 498 [0;36mnonce[0m = 497 [0;36mhash[0m = 5c3c1a8cdad7dd08a9fd034ebbaacb80730385a379b8ab3570cee201fa29650d 
[0;36mDEBUG[0m[2026-03-16 10:14:11.727]   received shard header from network in block tracker [0;36mshard[0m = 0 [0;36mepoch[0m = 0 [0;36mround[0m = 499 [0;36mnonce[0m = 498 [0;36mhash[0m = 7bed50c83e84143e62a7d18a8f14d659bd86bd682ad16939bfb74145d50cbe62 
[0;36mDEBUG[0m[2026-03-16 10:14:11.727]   received shard header from network in block tracker [0;36mshard[0m = 0 [0;36mepoch[0m = 0 [0;36mround[0m = 500 [0;36mnonce[0m = 499 [0;36mhash[0m = 3eed37c520e1393bba2379b464e02bf125fdbbbbe473ebb0e4d2ac574d771904 
[0;36mDEBUG[0m[2026-03-16 10:14:11.727]   received shard header from network in block tracker [0;36mshard[0m = 0 [0;36mepoch[0m = 0 [0;36mround[0m = 501 [0;36mnonce[0m = 500 [0;36mhash[0m = 1d46596fbd101d5721e852dd8ea3d9464b45c9ff3cfef752f730c77d0f5fb8ce 
[0;36mDEBUG[0m[2026-03-16 10:14:11.727]   received shard header from network in block tracker [0;36mshard[0m = 0 [0;36mepoch[0m = 0 [0;36mround[0m = 502 [0;36mnonce[0m = 501 [0;36mhash[0m = 3d9eae7306e42b5d33ab12b62d094372c452abb6a1763e78028c3076a03d79ec 
[0;36mDEBUG[0m[2026-03-16 10:14:11.727]   received shard header from network in block tracker [0;36mshard[0m = 0 [0;36mepoch[0m = 0 [0;36mround[0m = 503 [0;36mnonce[0m = 502 [0;36mhash[0m = 84985996fcc9d6ab413b6734d9634426a9b60e66cdbaffbf7a1d40cf84d09558 
[0;36mDEBUG[0m[2026-03-16 10:14:11.727]   received shard header from network in block tracker [0;36mshard[0m = 0 [0;36mepoch[0m = 0 [0;36mround[0m = 504 [0;36mnonce[0m = 503 [0;36mhash[0m = 4d615e862afe1f396a54f22782598f76a51d80cf84cbe558a2090420b671c02e 
[0;36mDEBUG[0m[2026-03-16 10:14:11.727]   received shard header from network in block tracker [0;36mshard[0m = 0 [0;36mepoch[0m = 0 [0;36mround[0m = 505 [0;36mnonce[0m = 504 [0;36mhash[0m = 6292958228ed79482cbe132ff2159bc2877dffce46ce8a62bf6955d1674525ed 
[0;36mDEBUG[0m[2026-03-16 10:14:11.727]   received shard header from network in block tracker [0;36mshard[0m = 0 [0;36mepoch[0m = 0 [0;36mround[0m = 506 [0;36mnonce[0m = 505 [0;36mhash[0m = c718873bd1e180b7755e5827922b5dcaff77851b8236452a4d8705b27949cb07 
[0;36mDEBUG[0m[2026-03-16 10:14:11.727]   received shard header from network in block tracker [0;36mshard[0m = 0 [0;36mepoch[0m = 0 [0;36mround[0m = 507 [0;36mnonce[0m = 506 [0;36mhash[0m = 9ab72068d5707fb167e170f15225aa2414d40a6d1a10c5078b850674bdf8fc1b 
[0;36mDEBUG[0m[2026-03-16 10:14:11.727]   received shard header from network in block tracker [0;36mshard[0m = 0 [0;36mepoch[0m = 0 [0;36mround[0m = 508 [0;36mnonce[0m = 507 [0;36mhash[0m = ecff4105390e3b00f71205a4c6609ad252ea6010f88f11da0bcef8bb5e5ff2e8 
[0;36mDEBUG[0m[2026-03-16 10:14:11.727]   received shard header from network in block tracker [0;36mshard[0m = 0 [0;36mepoch[0m = 0 [0;36mround[0m = 509 [0;36mnonce[0m = 508 [0;36mhash[0m = 0d0954600c2944144e3d3a21ebc9e21c6f16c8d3be74abdf16630936bc331214 
[0;36mDEBUG[0m[2026-03-16 10:14:11.727]   received shard header from network in block tracker [0;36mshard[0m = 0 [0;36mepoch[0m = 0 [0;36mround[0m = 510 [0;36mnonce[0m = 509 [0;36mhash[0m = 7b9a48513cb059dd705285fd28994602675dd8f2bedc80b951dae268de7bf086 
[0;36mDEBUG[0m[2026-03-16 10:14:11.727]   received shard header from network in block tracker [0;36mshard[0m = 0 [0;36mepoch[0m = 0 [0;36mround[0m = 511 [0;36mnonce[0m = 510 [0;36mhash[0m = afba24b4aef3f75e7e5078d2067b7397f7027409a1fc8f64e41b429e40eb9ace 
[0;36mDEBUG[0m[2026-03-16 10:14:11.727]   received shard header from network in block tracker [0;36mshard[0m = 0 [0;36mepoch[0m = 0 [0;36mround[0m = 512 [0;36mnonce[0m = 511 [0;36mhash[0m = a107045f13a5419b4316dcf564058672029f28d4a5cc9b3c4531bfebd82b4dfe 
[0;36mDEBUG[0m[2026-03-16 10:14:11.727]   received shard header from network in block tracker [0;36mshard[0m = 0 [0;36mepoch[0m = 0 [0;36mround[0m = 513 [0;36mnonce[0m = 512 [0;36mhash[0m = abf01eb06ad69716d32bf78e47a95e6b1d3afd498fff72361622d0a2308a27a0 
[0;36mDEBUG[0m[2026-03-16 10:14:11.727]   received shard header from network in block tracker [0;36mshard[0m = 0 [0;36mepoch[0m = 0 [0;36mround[0m = 514 [0;36mnonce[0m = 513 [0;36mhash[0m = c3c928e7729f0a89a6f2dceb41325a93809285605de09eeb86df7f179eda0d5f 
[0;36mDEBUG[0m[2026-03-16 10:14:11.727]   received shard header from network in block tracker [0;36mshard[0m = 0 [0;36mepoch[0m = 0 [0;36mround[0m = 515 [0;36mnonce[0m = 514 [0;36mhash[0m = a44d2e54262cac7a519a1f1402e1e39a0555c6daaa1525da81a663df070da185 
[0;36mDEBUG[0m[2026-03-16 10:14:11.728]   received shard header from network in block tracker [0;36mshard[0m = 0 [0;36mepoch[0m = 0 [0;36mround[0m = 516 [0;36mnonce[0m = 515 [0;36mhash[0m = 227b6009c104727d91fd7993ba1cd54f6657521f2ff48abe7813a1bd1bd2402e 
[0;36mDEBUG[0m[2026-03-16 10:14:11.728]   received shard header from network in block tracker [0;36mshard[0m = 0 [0;36mepoch[0m = 0 [0;36mround[0m = 517 [0;36mnonce[0m = 516 [0;36mhash[0m = 186648373a247c1ed7030453ef8c3fdddbf04adf21f0d7e60770b7fff52c31d5 
[0;36mDEBUG[0m[2026-03-16 10:14:11.728]   received shard header from network in block tracker [0;36mshard[0m = 0 [0;36mepoch[0m = 0 [0;36mround[0m = 518 [0;36mnonce[0m = 517 [0;36mhash[0m = d3b957f7cc01ca32cc758e0fbe9fa1d285e144ee144e40f99fa8a96b6cb7468b 
[0;36mDEBUG[0m[2026-03-16 10:14:11.728]   received shard header from network in block tracker [0;36mshard[0m = 0 [0;36mepoch[0m = 0 [0;36mround[0m = 519 [0;36mnonce[0m = 518 [0;36mhash[0m = 5cccffe88afee7e7da129d64356e96b0f354f81e1cbdd28aded0ac0655277d43 
[0;36mDEBUG[0m[2026-03-16 10:14:11.728]   received shard header from network in block tracker [0;36mshard[0m = 0 [0;36mepoch[0m = 0 [0;36mround[0m = 520 [0;36mnonce[0m = 519 [0;36mhash[0m = 67e657eb6a914a7a37cca83de7872be83bc66f644f33d38c63f6c91e25e7121c 
[0;36mDEBUG[0m[2026-03-16 10:14:11.728]   received shard header from network in block tracker [0;36mshard[0m = 0 [0;36mepoch[0m = 0 [0;36mround[0m = 521 [0;36mnonce[0m = 520 [0;36mhash[0m = 3ca6dab355828abc8578bdd98a5a2e8b78cf88c561162a5e1e4171f64458de43 
[0;36mDEBUG[0m[2026-03-16 10:14:11.728]   received shard header from network in block tracker [0;36mshard[0m = 0 [0;36mepoch[0m = 0 [0;36mround[0m = 522 [0;36mnonce[0m = 521 [0;36mhash[0m = 228294a1e1d9b1a39ebbbe54e0e9e9b5e5c1b464525ca112964520a91f783b5a 
[0;36mDEBUG[0m[2026-03-16 10:14:11.728]   received shard header from network in block tracker [0;36mshard[0m = 0 [0;36mepoch[0m = 0 [0;36mround[0m = 523 [0;36mnonce[0m = 522 [0;36mhash[0m = facfeb5cd67cf10d304db67250e4566110f134c1639dd9a2d024a50a522b2a3c 
[0;36mDEBUG[0m[2026-03-16 10:14:11.728]   received shard header from network in block tracker [0;36mshard[0m = 0 [0;36mepoch[0m = 0 [0;36mround[0m = 524 [0;36mnonce[0m = 523 [0;36mhash[0m = 162a9c0de62019c4070685d8affe0730696fdd4dc44ffcf699c5685f3d014fd7 
[0;36mDEBUG[0m[2026-03-16 10:14:11.728]   received shard header from network in block tracker [0;36mshard[0m = 0 [0;36mepoch[0m = 0 [0;36mround[0m = 525 [0;36mnonce[0m = 524 [0;36mhash[0m = 4eb7131510f9b24012c34bc3c0502056a2940e7503f45a7b3ae394bbaa2a5d37 
[0;36mDEBUG[0m[2026-03-16 10:14:11.728]   received shard header from network in block tracker [0;36mshard[0m = 0 [0;36mepoch[0m = 0 [0;36mround[0m = 526 [0;36mnonce[0m = 525 [0;36mhash[0m = fd1cfe763c0ecf835c82e60356c11a36be42b0983545d1385f269342f52ee005 
[0;36mDEBUG[0m[2026-03-16 10:14:11.728]   received shard header from network in block tracker [0;36mshard[0m = 0 [0;36mepoch[0m = 0 [0;36mround[0m = 527 [0;36mnonce[0m = 526 [0;36mhash[0m = 75758b21e88a6199debed89e22f4cd5b4812260669f23c29e50ce3f66f3c4017 
[0;36mDEBUG[0m[2026-03-16 10:14:11.728]   received shard header from network in block tracker [0;36mshard[0m = 0 [0;36mepoch[0m = 0 [0;36mround[0m = 528 [0;36mnonce[0m = 527 [0;36mhash[0m = f6b438499a91d6c53d8e6cd2454d1278565fc4156a9f7abff26786eeb0ace999 
[0;36mDEBUG[0m[2026-03-16 10:14:11.728]   received shard header from network in block tracker [0;36mshard[0m = 0 [0;36mepoch[0m = 0 [0;36mround[0m = 529 [0;36mnonce[0m = 528 [0;36mhash[0m = 1c57e920593bd3e68334db2a1f1a813f412cdab64c1b874284af7c0145a94348 
[0;36mDEBUG[0m[2026-03-16 10:14:11.728]   received shard header from network in block tracker [0;36mshard[0m = 0 [0;36mepoch[0m = 0 [0;36mround[0m = 530 [0;36mnonce[0m = 529 [0;36mhash[0m = f5fe4bc7cbdad08afd4d40a9f40be4a280304b6e3ee1055077ce0efdf5086cab 
[0;36mDEBUG[0m[2026-03-16 10:14:11.728]   received shard header from network in block tracker [0;36mshard[0m = 0 [0;36mepoch[0m = 0 [0;36mround[0m = 531 [0;36mnonce[0m = 530 [0;36mhash[0m = 92a5ca0a8c0ea4b3d47660ad94339a5593dedcdb675e08fe755b88554d7548b0 
[0;36mDEBUG[0m[2026-03-16 10:14:11.728]   received shard header from network in block tracker [0;36mshard[0m = 0 [0;36mepoch[0m = 0 [0;36mround[0m = 532 [0;36mnonce[0m = 531 [0;36mhash[0m = 2f17586547401224e12b6cdf1406348955d7585e0205418d51b22252e51f6a58 
[0;36mDEBUG[0m[2026-03-16 10:14:11.728]   received shard header from network in block tracker [0;36mshard[0m = 0 [0;36mepoch[0m = 0 [0;36mround[0m = 533 [0;36mnonce[0m = 532 [0;36mhash[0m = 3c2faf7cabae3a6e30c8d7b6d917365fd028fc13f7d6f84c3fb9982b9bc559f3 
[0;36mDEBUG[0m[2026-03-16 10:14:11.728]   received shard header from network in block tracker [0;36mshard[0m = 0 [0;36mepoch[0m = 0 [0;36mround[0m = 534 [0;36mnonce[0m = 533 [0;36mhash[0m = 7486269677ef4688322dd77c26f15a1d356433cd648ef677c4b5804481040b66 
[0;36mDEBUG[0m[2026-03-16 10:14:11.728]   received shard header from network in block tracker [0;36mshard[0m = 0 [0;36mepoch[0m = 0 [0;36mround[0m = 535 [0;36mnonce[0m = 534 [0;36mhash[0m = a7f76ef2b8708a7e5d801e6c7125878a2819d093e8f09470ee38016b60c16bbc 
[0;36mDEBUG[0m[2026-03-16 10:14:11.728]   received shard header from network in block tracker [0;36mshard[0m = 0 [0;36mepoch[0m = 0 [0;36mround[0m = 536 [0;36mnonce[0m = 535 [0;36mhash[0m = ec85c589b3da5f3adc553faa5affcd3520131942efeed2a8b21aead06652cfe7 
[0;36mDEBUG[0m[2026-03-16 10:14:11.728]   received shard header from network in block tracker [0;36mshard[0m = 0 [0;36mepoch[0m = 0 [0;36mround[0m = 537 [0;36mnonce[0m = 536 [0;36mhash[0m = 87008ab5a8a86423f7f6d97610829c0159976fb631833c1de6414fdb1e82c7d8 
[0;36mDEBUG[0m[2026-03-16 10:14:11.728]   received shard header from network in block tracker [0;36mshard[0m = 0 [0;36mepoch[0m = 0 [0;36mround[0m = 538 [0;36mnonce[0m = 537 [0;36mhash[0m = f99921a81be89fecccc89639bb09d08d68fb7971e073fb77b93f04a457292584 
[0;36mDEBUG[0m[2026-03-16 10:14:11.728]   received shard header from network in block tracker [0;36mshard[0m = 0 [0;36mepoch[0m = 0 [0;36mround[0m = 539 [0;36mnonce[0m = 538 [0;36mhash[0m = 3eb3c389d361d74841d70b836898c0f576554b500d2877732189643bb41fe40b 
[0;36mDEBUG[0m[2026-03-16 10:14:11.728]   received shard header from network in block tracker [0;36mshard[0m = 0 [0;36mepoch[0m = 0 [0;36mround[0m = 540 [0;36mnonce[0m = 539 [0;36mhash[0m = ff8d58108f64157c626ff9ac37d57a80c409fc1c876a8a0c5b6148d364cd74a0 
[0;36mDEBUG[0m[2026-03-16 10:14:11.728]   received shard header from network in block tracker [0;36mshard[0m = 0 [0;36mepoch[0m = 0 [0;36mround[0m = 541 [0;36mnonce[0m = 540 [0;36mhash[0m = 7e700880486ef7674162ecaeab4a69650e70a6a2dfc1ed41babacbd332924632 
[0;36mDEBUG[0m[2026-03-16 10:14:11.728]   received shard header from network in block tracker [0;36mshard[0m = 0 [0;36mepoch[0m = 0 [0;36mround[0m = 542 [0;36mnonce[0m = 541 [0;36mhash[0m = 20e76d6e4cfc0d8495586ad70b9c045c361deecaa3a6e13a25855449b77e830e 
[0;36mDEBUG[0m[2026-03-16 10:14:11.728]   received shard header from network in block tracker [0;36mshard[0m = 0 [0;36mepoch[0m = 0 [0;36mround[0m = 543 [0;36mnonce[0m = 542 [0;36mhash[0m = bbad7582c5e02eeca57050442c070ef2d71f3f147fd75d114e33094599eb8be1 
[0;36mDEBUG[0m[2026-03-16 10:14:11.728]   received shard header from network in block tracker [0;36mshard[0m = 0 [0;36mepoch[0m = 0 [0;36mround[0m = 544 [0;36mnonce[0m = 543 [0;36mhash[0m = 81c91507ddf8fc7c70a54f7e8576fad3857c9ae60201713d93221b6b59d72515 
[0;36mDEBUG[0m[2026-03-16 10:14:11.728]   received shard header from network in block tracker [0;36mshard[0m = 0 [0;36mepoch[0m = 0 [0;36mround[0m = 545 [0;36mnonce[0m = 544 [0;36mhash[0m = 5a4ad9607e34ce08c3e56834c894b8b7d83824ccdd960935d988f686b071fad4 
[0;36mDEBUG[0m[2026-03-16 10:14:11.728]   received shard header from network in block tracker [0;36mshard[0m = 0 [0;36mepoch[0m = 0 [0;36mround[0m = 546 [0;36mnonce[0m = 545 [0;36mhash[0m = 4f7ec40589346e5d9116cf621437ac67378f6a518cc5405603f67225f43c0877 
[0;36mDEBUG[0m[2026-03-16 10:14:11.728]   received shard header from network in block tracker [0;36mshard[0m = 0 [0;36mepoch[0m = 0 [0;36mround[0m = 547 [0;36mnonce[0m = 546 [0;36mhash[0m = 0409e871b50bc8d82a343ccd7bbcb42430361590f00fbc9b0ad19f533f7ba87e 
[0;36mDEBUG[0m[2026-03-16 10:14:11.728]   received shard header from network in block tracker [0;36mshard[0m = 0 [0;36mepoch[0m = 0 [0;36mround[0m = 548 [0;36mnonce[0m = 547 [0;36mhash[0m = a3e06856663afbf868098b80b5d25db249de867d5b6bb64639eaeec4fe44343b 
[0;36mDEBUG[0m[2026-03-16 10:14:11.728]   received shard header from network in block tracker [0;36mshard[0m = 0 [0;36mepoch[0m = 0 [0;36mround[0m = 549 [0;36mnonce[0m = 548 [0;36mhash[0m = 2c396c15ee1d2ce69a5041777e7488a0734c07049e1c9e375c5c6df62571141c 
[0;36mDEBUG[0m[2026-03-16 10:14:11.728]   received shard header from network in block tracker [0;36mshard[0m = 0 [0;36mepoch[0m = 0 [0;36mround[0m = 550 [0;36mnonce[0m = 549 [0;36mhash[0m = ac794712c880d5cd428c0a6e7e709a606b803fdd7e57f3f3509dd4b488f08ee3 
[0;36mDEBUG[0m[2026-03-16 10:14:11.728]   received shard header from network in block tracker [0;36mshard[0m = 0 [0;36mepoch[0m = 0 [0;36mround[0m = 551 [0;36mnonce[0m = 550 [0;36mhash[0m = 9f671bf7b558ef79e12cd51b477080bc03da415627126a93da4e3eae66a30db8 
[0;36mDEBUG[0m[2026-03-16 10:14:11.728]   received shard header from network in block tracker [0;36mshard[0m = 0 [0;36mepoch[0m = 0 [0;36mround[0m = 552 [0;36mnonce[0m = 551 [0;36mhash[0m = f20533b84a71fb8fbb9e5c0edaf87aa7b66248ae96404efab3ced0ddce2c4064 
[0;36mDEBUG[0m[2026-03-16 10:14:11.728]   received shard header from network in block tracker [0;36mshard[0m = 0 [0;36mepoch[0m = 0 [0;36mround[0m = 553 [0;36mnonce[0m = 552 [0;36mhash[0m = cca8c4690ce210d8550e5f3f465790fcf6e9e36c355298c50c8d7d527037c705 
[0;36mDEBUG[0m[2026-03-16 10:14:11.728]   received shard header from network in block tracker [0;36mshard[0m = 0 [0;36mepoch[0m = 0 [0;36mround[0m = 554 [0;36mnonce[0m = 553 [0;36mhash[0m = 13fda7e1c6b9e302479f2961a26eefc6adb4126d7eaf39ba8196cfb860b2c07a 
[0;36mDEBUG[0m[2026-03-16 10:14:11.728]   received shard header from network in block tracker [0;36mshard[0m = 0 [0;36mepoch[0m = 0 [0;36mround[0m = 555 [0;36mnonce[0m = 554 [0;36mhash[0m = 6c0118665a521271ec8ea9624625aed6a485a1f8a8270ce459a5f6a29c731561 
[0;36mDEBUG[0m[2026-03-16 10:14:11.728]   received shard header from network in block tracker [0;36mshard[0m = 0 [0;36mepoch[0m = 0 [0;36mround[0m = 556 [0;36mnonce[0m = 555 [0;36mhash[0m = b370cfda85da3d6fe49f067e0f0147931ca65c901dd2397f0a729a0c8470d716 
[0;36mDEBUG[0m[2026-03-16 10:14:11.728]   received shard header from network in block tracker [0;36mshard[0m = 0 [0;36mepoch[0m = 0 [0;36mround[0m = 557 [0;36mnonce[0m = 556 [0;36mhash[0m = 1c2e16ded16f6ff55a35103174fcc5eaaebb2d3a4ada0ec281d61860bf9e6fe9 
[0;36mDEBUG[0m[2026-03-16 10:14:11.728]   received shard header from network in block tracker [0;36mshard[0m = 0 [0;36mepoch[0m = 0 [0;36mround[0m = 558 [0;36mnonce[0m = 557 [0;36mhash[0m = 93f5f182f789c1923277cb145b3ca22016326da521086a8134c6161235846f92 
[0;36mDEBUG[0m[2026-03-16 10:14:11.728]   received shard header from network in block tracker [0;36mshard[0m = 0 [0;36mepoch[0m = 0 [0;36mround[0m = 559 [0;36mnonce[0m = 558 [0;36mhash[0m = f512ed34e844bcb8820a540100453be3bd8957a8081004087afee5439380d613 
[0;36mDEBUG[0m[2026-03-16 10:14:11.728]   received shard header from network in block tracker [0;36mshard[0m = 0 [0;36mepoch[0m = 0 [0;36mround[0m = 560 [0;36mnonce[0m = 559 [0;36mhash[0m = 33fb33ec3cd3f8df4cd75fae7ad6a79cf36ca4f86c464deec4625e9ef42d1cff 
[0;36mDEBUG[0m[2026-03-16 10:14:11.728]   received shard header from network in block tracker [0;36mshard[0m = 0 [0;36mepoch[0m = 0 [0;36mround[0m = 561 [0;36mnonce[0m = 560 [0;36mhash[0m = 7bf26cd260d5f394cc6607a608534647759b28e9ab9d81fc1b88e1e9422697f8 
[0;36mDEBUG[0m[2026-03-16 10:14:11.728]   received shard header from network in block tracker [0;36mshard[0m = 0 [0;36mepoch[0m = 0 [0;36mround[0m = 562 [0;36mnonce[0m = 561 [0;36mhash[0m = fe80008690d46a8bdb30fe3c75f5719c45f63b9aa341ceddff332a3e898835ca 
[0;36mDEBUG[0m[2026-03-16 10:14:11.728]   received shard header from network in block tracker [0;36mshard[0m = 0 [0;36mepoch[0m = 0 [0;36mround[0m = 563 [0;36mnonce[0m = 562 [0;36mhash[0m = 44ed38d5f1c0602130fbe86924aa27d43689a612cc54a78dbdd83d3ace5af500 
[0;36mDEBUG[0m[2026-03-16 10:14:11.728]   received shard header from network in block tracker [0;36mshard[0m = 0 [0;36mepoch[0m = 0 [0;36mround[0m = 564 [0;36mnonce[0m = 563 [0;36mhash[0m = ef21b9697664755e2e81f299eac02e57392997139dfcee7919d6760fa94c960e 
[0;36mDEBUG[0m[2026-03-16 10:14:11.728]   received shard header from network in block tracker [0;36mshard[0m = 0 [0;36mepoch[0m = 0 [0;36mround[0m = 565 [0;36mnonce[0m = 564 [0;36mhash[0m = 2512bd978148b4edded015515c25e73aa7594957ce4c5f9ec5219950041d0d53 
[0;36mDEBUG[0m[2026-03-16 10:14:11.728]   received shard header from network in block tracker [0;36mshard[0m = 0 [0;36mepoch[0m = 0 [0;36mround[0m = 566 [0;36mnonce[0m = 565 [0;36mhash[0m = d1a226559fae19ef803c4cdb464ad1b58bb776277505029a848145e67e72a5f0 
[0;36mDEBUG[0m[2026-03-16 10:14:11.728]   received shard header from network in block tracker [0;36mshard[0m = 0 [0;36mepoch[0m = 0 [0;36mround[0m = 567 [0;36mnonce[0m = 566 [0;36mhash[0m = 7c21f60f05734f34b4c3acf94ef5edf315884e134944d52419bcd2582be425c8 
[0;36mDEBUG[0m[2026-03-16 10:14:11.728]   received shard header from network in block tracker [0;36mshard[0m = 0 [0;36mepoch[0m = 0 [0;36mround[0m = 568 [0;36mnonce[0m = 567 [0;36mhash[0m = 93478960d6fc1b2c0de7cb91ad3fc812860e4ad7de3e28d81e10fa02121b9d3d 
[0;36mDEBUG[0m[2026-03-16 10:14:11.728]   received shard header from network in block tracker [0;36mshard[0m = 0 [0;36mepoch[0m = 0 [0;36mround[0m = 569 [0;36mnonce[0m = 568 [0;36mhash[0m = 4c2b4096aa13937abbf11565b4ada2a2c5eaece3fef173b49138edeb2ea6f3be 
[0;36mDEBUG[0m[2026-03-16 10:14:11.728]   received shard header from network in block tracker [0;36mshard[0m = 0 [0;36mepoch[0m = 0 [0;36mround[0m = 570 [0;36mnonce[0m = 569 [0;36mhash[0m = fac86dbab57d9e5e37b85668ed5032d5098ef9d919fa9b7126c93de91c5499f5 
[0;36mDEBUG[0m[2026-03-16 10:14:11.728]   received shard header from network in block tracker [0;36mshard[0m = 0 [0;36mepoch[0m = 0 [0;36mround[0m = 571 [0;36mnonce[0m = 570 [0;36mhash[0m = b4cb7aba989c2a2aec66a5f5112bba453315705aab3d1d072da1012eb88b297a 
[0;36mDEBUG[0m[2026-03-16 10:14:11.728]   received shard header from network in block tracker [0;36mshard[0m = 0 [0;36mepoch[0m = 0 [0;36mround[0m = 572 [0;36mnonce[0m = 571 [0;36mhash[0m = c7b9f74cd3fa1c7465fa2c509da53376c5ae9fa541d86715dfc0af2e036ed0d9 
[0;36mDEBUG[0m[2026-03-16 10:14:11.728]   received shard header from network in block tracker [0;36mshard[0m = 0 [0;36mepoch[0m = 0 [0;36mround[0m = 573 [0;36mnonce[0m = 572 [0;36mhash[0m = c5fc46dfccfc4d612e2805839a472ee922428ac9abcbe62433cc73bbb37cd126 
[0;36mDEBUG[0m[2026-03-16 10:14:11.728]   received shard header from network in block tracker [0;36mshard[0m = 0 [0;36mepoch[0m = 0 [0;36mround[0m = 574 [0;36mnonce[0m = 573 [0;36mhash[0m = faeae5c1ccc10007fa5adf4d1499962bc7a72b5af1119d409084c34c3f585f8a 
[0;36mDEBUG[0m[2026-03-16 10:14:11.728]   received shard header from network in block tracker [0;36mshard[0m = 0 [0;36mepoch[0m = 0 [0;36mround[0m = 575 [0;36mnonce[0m = 574 [0;36mhash[0m = e5d06d9c1f3b8f9b67bbd58ace3b07f9f3126170dfb9d1b2673b3e155112c30e 
[0;36mDEBUG[0m[2026-03-16 10:14:11.728]   received shard header from network in block tracker [0;36mshard[0m = 0 [0;36mepoch[0m = 0 [0;36mround[0m = 576 [0;36mnonce[0m = 575 [0;36mhash[0m = a2b1c8f0c5a2680c046ec1ca7d5ae63f3a496e59e2e0fef717131536a488281f 
[0;36mDEBUG[0m[2026-03-16 10:14:11.728]   received shard header from network in block tracker [0;36mshard[0m = 0 [0;36mepoch[0m = 0 [0;36mround[0m = 577 [0;36mnonce[0m = 576 [0;36mhash[0m = 711236851f96dd77ba4f05292dba643e88459b15995a7a7b9e0ace1814527a3b 
[0;36mDEBUG[0m[2026-03-16 10:14:11.728]   received shard header from network in block tracker [0;36mshard[0m = 0 [0;36mepoch[0m = 0 [0;36mround[0m = 578 [0;36mnonce[0m = 577 [0;36mhash[0m = f2826514c217cee97de1142553d9c6cb96c78f104580d41d16294045dfd422a1 
[0;36mDEBUG[0m[2026-03-16 10:14:11.729]   received shard header from network in block tracker [0;36mshard[0m = 0 [0;36mepoch[0m = 0 [0;36mround[0m = 579 [0;36mnonce[0m = 578 [0;36mhash[0m = 90b5ad571e16e9d0f7d972156d3560b8925ec8e9f0022c4579b729c7971ae585 
[0;36mDEBUG[0m[2026-03-16 10:14:11.729]   received shard header from network in block tracker [0;36mshard[0m = 0 [0;36mepoch[0m = 0 [0;36mround[0m = 580 [0;36mnonce[0m = 579 [0;36mhash[0m = 43b0310db205f2aadc7686d4d47a5a1cc92f0f7fa9272a1b34d4d9d868eda86c 
[0;36mDEBUG[0m[2026-03-16 10:14:11.729]   received shard header from network in block tracker [0;36mshard[0m = 0 [0;36mepoch[0m = 0 [0;36mround[0m = 581 [0;36mnonce[0m = 580 [0;36mhash[0m = f872c90b532d696a2da829a737fa48b5798551bd5b920143218e8f6b315e605b 
[0;36mDEBUG[0m[2026-03-16 10:14:11.729]   received shard header from network in block tracker [0;36mshard[0m = 0 [0;36mepoch[0m = 0 [0;36mround[0m = 582 [0;36mnonce[0m = 581 [0;36mhash[0m = f289dbbafcf641c1eadd4e3a9959a7421c2d632e92288824abd23bf791da407e 
[0;36mDEBUG[0m[2026-03-16 10:14:11.729]   received shard header from network in block tracker [0;36mshard[0m = 0 [0;36mepoch[0m = 0 [0;36mround[0m = 583 [0;36mnonce[0m = 582 [0;36mhash[0m = 5979667f7bc56616bf3ac5b8c4d8fb9af43a53525c6730da40cbdd880fb45ece 
[0;36mDEBUG[0m[2026-03-16 10:14:11.729]   received shard header from network in block tracker [0;36mshard[0m = 0 [0;36mepoch[0m = 0 [0;36mround[0m = 584 [0;36mnonce[0m = 583 [0;36mhash[0m = e5054d0557a98cadf72aaee21f915ddc28cdfa04bbc3aaae3e45ed1bbd339466 
[0;36mDEBUG[0m[2026-03-16 10:14:11.729]   received shard header from network in block tracker [0;36mshard[0m = 0 [0;36mepoch[0m = 0 [0;36mround[0m = 585 [0;36mnonce[0m = 584 [0;36mhash[0m = f86e5967ce296bed09999a506a23e64b23399c32918e68546e9481f2daa10892 
[0;36mDEBUG[0m[2026-03-16 10:14:11.729]   received shard header from network in block tracker [0;36mshard[0m = 0 [0;36mepoch[0m = 0 [0;36mround[0m = 586 [0;36mnonce[0m = 585 [0;36mhash[0m = f698e86cbd3a010fe9b08b1dbe54f49df68eb470da2eb60bd1df7e5dac85eb44 
[0;36mDEBUG[0m[2026-03-16 10:14:11.729]   received shard header from network in block tracker [0;36mshard[0m = 0 [0;36mepoch[0m = 0 [0;36mround[0m = 587 [0;36mnonce[0m = 586 [0;36mhash[0m = fafe8c7535a2b3117925a2de1587233e5238a1320b641f6f3d77742c2c5ca229 
[0;36mDEBUG[0m[2026-03-16 10:14:11.729]   received shard header from network in block tracker [0;36mshard[0m = 0 [0;36mepoch[0m = 0 [0;36mround[0m = 588 [0;36mnonce[0m = 587 [0;36mhash[0m = 3067e216535d9b2fe7cefb8c407a3f3510de5de1aff1ec59f5b028354982e495 
[0;36mDEBUG[0m[2026-03-16 10:14:11.729]   received shard header from network in block tracker [0;36mshard[0m = 0 [0;36mepoch[0m = 0 [0;36mround[0m = 589 [0;36mnonce[0m = 588 [0;36mhash[0m = fd015e2f01b7464a75c6dcab8ee55135de29f3e129bada45008150729d61491c 
[0;36mDEBUG[0m[2026-03-16 10:14:11.729]   received shard header from network in block tracker [0;36mshard[0m = 0 [0;36mepoch[0m = 0 [0;36mround[0m = 590 [0;36mnonce[0m = 589 [0;36mhash[0m = 9eae61f5bf60660686f42fbec72a54c45a5b5fd62cf8dc2d61ac62cda047aec9 
[0;36mDEBUG[0m[2026-03-16 10:14:11.729]   received shard header from network in block tracker [0;36mshard[0m = 0 [0;36mepoch[0m = 0 [0;36mround[0m = 591 [0;36mnonce[0m = 590 [0;36mhash[0m = 63ab61fac389ae38cf77eaa9a25ee7fc3fefbcd3dfb35917071cc9422af4b782 
[0;36mDEBUG[0m[2026-03-16 10:14:11.729]   received shard header from network in block tracker [0;36mshard[0m = 0 [0;36mepoch[0m = 0 [0;36mround[0m = 592 [0;36mnonce[0m = 591 [0;36mhash[0m = 6b090bc830adc7e812197d6e0f0d3f65aaf0e6e9da0147a549066456762124ef 
[0;36mDEBUG[0m[2026-03-16 10:14:11.729]   received shard header from network in block tracker [0;36mshard[0m = 0 [0;36mepoch[0m = 0 [0;36mround[0m = 593 [0;36mnonce[0m = 592 [0;36mhash[0m = 426f1bcd6a04c0611020c9abf6cb0c48dd5ed869470729d075f9757c992b58af 
[0;36mDEBUG[0m[2026-03-16 10:14:11.729]   received shard header from network in block tracker [0;36mshard[0m = 0 [0;36mepoch[0m = 0 [0;36mround[0m = 594 [0;36mnonce[0m = 593 [0;36mhash[0m = 61923a72a7568af9a1f6656d293dc1db976cff3c34c77e57c405a0e640465ec7 
[0;36mDEBUG[0m[2026-03-16 10:14:11.729]   received shard header from network in block tracker [0;36mshard[0m = 0 [0;36mepoch[0m = 0 [0;36mround[0m = 595 [0;36mnonce[0m = 594 [0;36mhash[0m = 0a8949a5faa554100f66e897e94b8a81bd72714adc9284915b22ca1bb6407d8c 
[0;36mDEBUG[0m[2026-03-16 10:14:11.729]   received shard header from network in block tracker [0;36mshard[0m = 0 [0;36mepoch[0m = 0 [0;36mround[0m = 596 [0;36mnonce[0m = 595 [0;36mhash[0m = 1782b93ebb15ed24afebb7bca9bebb4b88b4d474aa442bcc81f53f8576ce19ed 
[0;36mDEBUG[0m[2026-03-16 10:14:11.729]   received shard header from network in block tracker [0;36mshard[0m = 0 [0;36mepoch[0m = 0 [0;36mround[0m = 597 [0;36mnonce[0m = 596 [0;36mhash[0m = 7e8684300b4352f7c9741770f901f5a38268258e85fdb98b497eed16fc79ad3c 
[0;36mDEBUG[0m[2026-03-16 10:14:11.729]   received shard header from network in block tracker [0;36mshard[0m = 0 [0;36mepoch[0m = 0 [0;36mround[0m = 598 [0;36mnonce[0m = 597 [0;36mhash[0m = 77b505668c62f3b3152fed095fb8b153d350609f3e3918c1a2ba56d61937c953 
[0;36mDEBUG[0m[2026-03-16 10:14:11.729]   received shard header from network in block tracker [0;36mshard[0m = 0 [0;36mepoch[0m = 0 [0;36mround[0m = 599 [0;36mnonce[0m = 598 [0;36mhash[0m = e1a1e97acdc07b46c498fe5fe8966daf16fbc16802d5154171f5e35694e9cb05 
[0;36mDEBUG[0m[2026-03-16 10:14:11.729]   received shard header from network in block tracker [0;36mshard[0m = 0 [0;36mepoch[0m = 0 [0;36mround[0m = 600 [0;36mnonce[0m = 599 [0;36mhash[0m = e9a0ede3f9b7a04fb5d52bb434c6cdf9931006a10ef8e69bc5ef3e5fa42e7261 
[0;36mDEBUG[0m[2026-03-16 10:14:11.729]   received shard header from network in block tracker [0;36mshard[0m = 0 [0;36mepoch[0m = 0 [0;36mround[0m = 601 [0;36mnonce[0m = 600 [0;36mhash[0m = 6159339c27db176100fdedde2bd063dc60f1fa5c5ec4e49e5e99cf6ed4694a96 
[0;36mDEBUG[0m[2026-03-16 10:14:11.729]   received shard header from network in block tracker [0;36mshard[0m = 0 [0;36mepoch[0m = 0 [0;36mround[0m = 602 [0;36mnonce[0m = 601 [0;36mhash[0m = e9657a810a490bc6ca8b5bd9f380e9c93209d5599f642671ba26c9250bf79629 
[0;36mDEBUG[0m[2026-03-16 10:14:11.729]   received shard header from network in block tracker [0;36mshard[0m = 0 [0;36mepoch[0m = 0 [0;36mround[0m = 603 [0;36mnonce[0m = 602 [0;36mhash[0m = d14b648df44f9ce068303b49994e1f6d1ae4bda126dc209abea9e421d09ca9de 
[0;36mDEBUG[0m[2026-03-16 10:14:11.729]   received shard header from network in block tracker [0;36mshard[0m = 0 [0;36mepoch[0m = 0 [0;36mround[0m = 604 [0;36mnonce[0m = 603 [0;36mhash[0m = 958b9a5681d3e65ca20213b30d2639173bebaefef10c93e9107fc4639da8cff3 
[0;36mDEBUG[0m[2026-03-16 10:14:11.729]   received shard header from network in block tracker [0;36mshard[0m = 0 [0;36mepoch[0m = 0 [0;36mround[0m = 605 [0;36mnonce[0m = 604 [0;36mhash[0m = 9264e20b650b52fc1487dd1f1206f811e73c40ca16ac8a1fac1ae831c903aa34 
[0;36mDEBUG[0m[2026-03-16 10:14:11.729]   received shard header from network in block tracker [0;36mshard[0m = 0 [0;36mepoch[0m = 0 [0;36mround[0m = 606 [0;36mnonce[0m = 605 [0;36mhash[0m = a8a4149a7325ee62fd3b2558b6f1def5a6d84fecf04e89eae9d393fa84f6d70b 
[0;36mDEBUG[0m[2026-03-16 10:14:11.729]   received shard header from network in block tracker [0;36mshard[0m = 0 [0;36mepoch[0m = 0 [0;36mround[0m = 607 [0;36mnonce[0m = 606 [0;36mhash[0m = fed6bdfa627743eb3311818857e9ba573cc4f8bdba15e2141aca700a828d4a25 
[0;36mDEBUG[0m[2026-03-16 10:14:11.729]   received shard header from network in block tracker [0;36mshard[0m = 0 [0;36mepoch[0m = 0 [0;36mround[0m = 608 [0;36mnonce[0m = 607 [0;36mhash[0m = 1f809a92707bc1ebb092b44344c43bdf13a12be42fb31fe3139dc5289c6d89eb 
[0;36mDEBUG[0m[2026-03-16 10:14:11.729]   received shard header from network in block tracker [0;36mshard[0m = 0 [0;36mepoch[0m = 0 [0;36mround[0m = 609 [0;36mnonce[0m = 608 [0;36mhash[0m = 6478b18754db250af478d2d1cb5cf3511654fd242766e91996c61f5958c90220 
[0;36mDEBUG[0m[2026-03-16 10:14:11.729]   received shard header from network in block tracker [0;36mshard[0m = 0 [0;36mepoch[0m = 0 [0;36mround[0m = 610 [0;36mnonce[0m = 609 [0;36mhash[0m = 1da9d2f9deb5ba17f4885c90b866907e3682de717f316f4d799e51d62c15901a 
[0;36mDEBUG[0m[2026-03-16 10:14:11.729]   received shard header from network in block tracker [0;36mshard[0m = 0 [0;36mepoch[0m = 0 [0;36mround[0m = 611 [0;36mnonce[0m = 610 [0;36mhash[0m = bca912918dbc96a59a0f3585c9bc242c86e0903c0d0ec7e185ed6359b3c7eee4 
[0;36mDEBUG[0m[2026-03-16 10:14:11.729]   received shard header from network in block tracker [0;36mshard[0m = 0 [0;36mepoch[0m = 0 [0;36mround[0m = 612 [0;36mnonce[0m = 611 [0;36mhash[0m = b726075804dcc4ff88460763756baee556c878168a2a8775d41c664ef2413cb5 
[0;36mDEBUG[0m[2026-03-16 10:14:11.729]   received shard header from network in block tracker [0;36mshard[0m = 0 [0;36mepoch[0m = 0 [0;36mround[0m = 613 [0;36mnonce[0m = 612 [0;36mhash[0m = 5d8eb47fa4971c41fc617522a748c9fc0fe0e0cfa6a6229a0d46101a60272580 
[0;36mDEBUG[0m[2026-03-16 10:14:11.729]   received shard header from network in block tracker [0;36mshard[0m = 0 [0;36mepoch[0m = 0 [0;36mround[0m = 614 [0;36mnonce[0m = 613 [0;36mhash[0m = e72ff2c1f61de6978d60dfbf6a419f6b011df0d55321a46bccc0a7b5689a10b8 
[0;36mDEBUG[0m[2026-03-16 10:14:11.729]   received shard header from network in block tracker [0;36mshard[0m = 0 [0;36mepoch[0m = 0 [0;36mround[0m = 615 [0;36mnonce[0m = 614 [0;36mhash[0m = e287ab3d54a7ab494f40a3567449ce3de84b4cefbe1c0ceab0868ea1d48ba47a 
[0;36mDEBUG[0m[2026-03-16 10:14:11.729]   received shard header from network in block tracker [0;36mshard[0m = 0 [0;36mepoch[0m = 0 [0;36mround[0m = 616 [0;36mnonce[0m = 615 [0;36mhash[0m = c153579a1cf6be5b406cea05b9833262ebb7209f63e53fd34e5faff35898455a 
[0;36mDEBUG[0m[2026-03-16 10:14:11.729]   received shard header from network in block tracker [0;36mshard[0m = 0 [0;36mepoch[0m = 0 [0;36mround[0m = 617 [0;36mnonce[0m = 616 [0;36mhash[0m = 6e35a659ca11f05df18722d1a49e3e91ec8faee3f074f447a1d3afe2aad555ac 
[0;36mDEBUG[0m[2026-03-16 10:14:11.729]   received shard header from network in block tracker [0;36mshard[0m = 0 [0;36mepoch[0m = 0 [0;36mround[0m = 618 [0;36mnonce[0m = 617 [0;36mhash[0m = f9211bd8fa6e6fd3b0b5c433506788644af302d397dbb5b1cf87aed096e911f2 
[0;36mDEBUG[0m[2026-03-16 10:14:11.729]   received shard header from network in block tracker [0;36mshard[0m = 0 [0;36mepoch[0m = 0 [0;36mround[0m = 619 [0;36mnonce[0m = 618 [0;36mhash[0m = 4f932cfddbbff80fb6d4372b3bcfbe0b9eff1ecab5ca9a46d360393337fcab3f 
[0;36mDEBUG[0m[2026-03-16 10:14:11.729]   received shard header from network in block tracker [0;36mshard[0m = 0 [0;36mepoch[0m = 0 [0;36mround[0m = 620 [0;36mnonce[0m = 619 [0;36mhash[0m = a5dfc82414683f0c55788e3633ac0d6d499b852dda0fc32014288a90f2e93caf 
[0;36mDEBUG[0m[2026-03-16 10:14:11.729]   received shard header from network in block tracker [0;36mshard[0m = 0 [0;36mepoch[0m = 0 [0;36mround[0m = 621 [0;36mnonce[0m = 620 [0;36mhash[0m = 8f373213472f3597a68e882570008a1638fcdd5bfade83f95f6402bfe3c9806e 
[0;36mDEBUG[0m[2026-03-16 10:14:11.729]   received shard header from network in block tracker [0;36mshard[0m = 0 [0;36mepoch[0m = 0 [0;36mround[0m = 622 [0;36mnonce[0m = 621 [0;36mhash[0m = 30dd181afc5de2666da140e689cfa275e7df040a7da97d27f3e7a2ef9fe30d71 
[0;36mDEBUG[0m[2026-03-16 10:14:11.729]   received shard header from network in block tracker [0;36mshard[0m = 0 [0;36mepoch[0m = 0 [0;36mround[0m = 623 [0;36mnonce[0m = 622 [0;36mhash[0m = 674c0726cf81667dd6dd6c88c24864d591e01f94a67e31cff9ddcc63de160ef4 
[0;36mDEBUG[0m[2026-03-16 10:14:11.729]   received shard header from network in block tracker [0;36mshard[0m = 0 [0;36mepoch[0m = 0 [0;36mround[0m = 624 [0;36mnonce[0m = 623 [0;36mhash[0m = b88047e2ba763b797ba92c844659a55f8fb7f9c99e98bc77a68ba75e37222093 
[0;36mDEBUG[0m[2026-03-16 10:14:11.730]   received shard header from network in block tracker [0;36mshard[0m = 0 [0;36mepoch[0m = 0 [0;36mround[0m = 625 [0;36mnonce[0m = 624 [0;36mhash[0m = d129f3532601b87845e7cf55b1d5cc3f0b10be793ef482130d6b6feaa82ca796 
[0;36mDEBUG[0m[2026-03-16 10:14:11.730]   received shard header from network in block tracker [0;36mshard[0m = 0 [0;36mepoch[0m = 0 [0;36mround[0m = 626 [0;36mnonce[0m = 625 [0;36mhash[0m = c896d0bc806bc07d97034aace95d9e8923b67b4e7cdddc4866fe1553cf72f5e5 
[0;36mDEBUG[0m[2026-03-16 10:14:11.730]   received shard header from network in block tracker [0;36mshard[0m = 0 [0;36mepoch[0m = 0 [0;36mround[0m = 627 [0;36mnonce[0m = 626 [0;36mhash[0m = 6fb25440ac47babb84d25c71af5fd8d063abdd3ea452820459458666725f0245 
[0;36mDEBUG[0m[2026-03-16 10:14:11.730]   received shard header from network in block tracker [0;36mshard[0m = 0 [0;36mepoch[0m = 0 [0;36mround[0m = 628 [0;36mnonce[0m = 627 [0;36mhash[0m = cc43b2d9146977b00632381df9e7a96cf508292303d6676fabe414a23094f779 
[0;36mDEBUG[0m[2026-03-16 10:14:11.730]   received shard header from network in block tracker [0;36mshard[0m = 0 [0;36mepoch[0m = 0 [0;36mround[0m = 629 [0;36mnonce[0m = 628 [0;36mhash[0m = 5c22c2691331089aed721c124b3592d2e8cf94c5177e399cef4329f8a6efef7c 
[0;36mDEBUG[0m[2026-03-16 10:14:11.730]   received shard header from network in block tracker [0;36mshard[0m = 0 [0;36mepoch[0m = 0 [0;36mround[0m = 630 [0;36mnonce[0m = 629 [0;36mhash[0m = 2e9c00c3456fc7f5252cf9ad7bf350bdb4acefd4173e460fe1af9512c78a9457 
[0;36mDEBUG[0m[2026-03-16 10:14:11.730]   received shard header from network in block tracker [0;36mshard[0m = 0 [0;36mepoch[0m = 0 [0;36mround[0m = 631 [0;36mnonce[0m = 630 [0;36mhash[0m = 5ae3d6d4a1da7de398451d6bb59a524d4e4d6952c602d8d5ae9942ecd70ef000 
[0;36mDEBUG[0m[2026-03-16 10:14:11.730]   received shard header from network in block tracker [0;36mshard[0m = 0 [0;36mepoch[0m = 0 [0;36mround[0m = 632 [0;36mnonce[0m = 631 [0;36mhash[0m = 8305f427603c246fcc6130de654bdadf1e0e476ec15d3256dfe7efabbc61b769 
[0;36mDEBUG[0m[2026-03-16 10:14:11.730]   received shard header from network in block tracker [0;36mshard[0m = 0 [0;36mepoch[0m = 0 [0;36mround[0m = 633 [0;36mnonce[0m = 632 [0;36mhash[0m = 720779f26d1941a59e1468b57c967cb53b5339f7e0ea55168367efeb350dc385 
[0;36mDEBUG[0m[2026-03-16 10:14:11.730]   received shard header from network in block tracker [0;36mshard[0m = 0 [0;36mepoch[0m = 0 [0;36mround[0m = 634 [0;36mnonce[0m = 633 [0;36mhash[0m = aa0d7edc11010d73a5a3cb6cda014269f22a8ef026b338636ad9afae52d2d416 
[0;36mDEBUG[0m[2026-03-16 10:14:11.730]   received shard header from network in block tracker [0;36mshard[0m = 0 [0;36mepoch[0m = 0 [0;36mround[0m = 635 [0;36mnonce[0m = 634 [0;36mhash[0m = b511d105ea2e65b384181a26558db11f48bdaacee5a33d1aaca2ee25785a3b70 
[0;36mDEBUG[0m[2026-03-16 10:14:11.730]   received shard header from network in block tracker [0;36mshard[0m = 0 [0;36mepoch[0m = 0 [0;36mround[0m = 636 [0;36mnonce[0m = 635 [0;36mhash[0m = 614774215e4615d8df990ba49ae2cc8be29738895e1bac81d91a83911123a84b 
[0;36mDEBUG[0m[2026-03-16 10:14:11.730]   received shard header from network in block tracker [0;36mshard[0m = 0 [0;36mepoch[0m = 0 [0;36mround[0m = 637 [0;36mnonce[0m = 636 [0;36mhash[0m = 40c04e7e00848c8d491329900f8d94f9bddc98a3138508c765cbc88762454df8 
[0;36mDEBUG[0m[2026-03-16 10:14:11.730]   received shard header from network in block tracker [0;36mshard[0m = 0 [0;36mepoch[0m = 0 [0;36mround[0m = 638 [0;36mnonce[0m = 637 [0;36mhash[0m = b8ff3585a1a8b904da89c1ebf50913d3ca3c6c064b84470376c18f4bdac38a5c 
[0;36mDEBUG[0m[2026-03-16 10:14:11.730]   received shard header from network in block tracker [0;36mshard[0m = 0 [0;36mepoch[0m = 0 [0;36mround[0m = 639 [0;36mnonce[0m = 638 [0;36mhash[0m = 6af750d8b7ecac3373fd08c38863c54f29bbf15af6537a9beb7366593b04c69b 
[0;36mDEBUG[0m[2026-03-16 10:14:11.730]   received shard header from network in block tracker [0;36mshard[0m = 0 [0;36mepoch[0m = 0 [0;36mround[0m = 640 [0;36mnonce[0m = 639 [0;36mhash[0m = 262a783087050a874ae910b7e73875d4c96f6fe1b490b9d5f7f401dc2b344cdc 
[0;36mDEBUG[0m[2026-03-16 10:14:11.730]   received shard header from network in block tracker [0;36mshard[0m = 0 [0;36mepoch[0m = 0 [0;36mround[0m = 641 [0;36mnonce[0m = 640 [0;36mhash[0m = 1369b9dd54e459215e074998b772bf6b5e43732cbcd2c16cb66bb7e0cea9b7cd 
[0;36mDEBUG[0m[2026-03-16 10:14:11.730]   received shard header from network in block tracker [0;36mshard[0m = 0 [0;36mepoch[0m = 0 [0;36mround[0m = 642 [0;36mnonce[0m = 641 [0;36mhash[0m = b282d590f43a365e7cfe1231e3fb3c794175c30cc592245669f392729dfd0ee0 
[0;36mDEBUG[0m[2026-03-16 10:14:11.730]   received shard header from network in block tracker [0;36mshard[0m = 0 [0;36mepoch[0m = 0 [0;36mround[0m = 643 [0;36mnonce[0m = 642 [0;36mhash[0m = 1f385641f29f65749a41d2809bdd9f0c517c6dc37b2fe08293544791df1dbbdd 
[0;36mDEBUG[0m[2026-03-16 10:14:11.730]   received shard header from network in block tracker [0;36mshard[0m = 0 [0;36mepoch[0m = 0 [0;36mround[0m = 644 [0;36mnonce[0m = 643 [0;36mhash[0m = 790ef6b873b4a4d3d137d38f87ddc0099d7b02c82147d2317b8ea1dc3a529e51 
[0;36mDEBUG[0m[2026-03-16 10:14:11.730]   received shard header from network in block tracker [0;36mshard[0m = 0 [0;36mepoch[0m = 0 [0;36mround[0m = 645 [0;36mnonce[0m = 644 [0;36mhash[0m = b7ac7a1701a995f61df2fc341a1def7225fc6053553c88b37453a0fbbb74a178 
[0;36mDEBUG[0m[2026-03-16 10:14:11.730]   received shard header from network in block tracker [0;36mshard[0m = 0 [0;36mepoch[0m = 0 [0;36mround[0m = 646 [0;36mnonce[0m = 645 [0;36mhash[0m = 37f79dcdea8bdb7279a1ac7a881cf57ee577301dd9b7ab00bf54b430058dae7e 
[0;36mDEBUG[0m[2026-03-16 10:14:11.730]   received shard header from network in block tracker [0;36mshard[0m = 0 [0;36mepoch[0m = 0 [0;36mround[0m = 647 [0;36mnonce[0m = 646 [0;36mhash[0m = 7fd906e096b895544193583ff1d640cca250d4e50b2ee26f8336a4105b630774 
[0;36mDEBUG[0m[2026-03-16 10:14:11.730]   received shard header from network in block tracker [0;36mshard[0m = 0 [0;36mepoch[0m = 0 [0;36mround[0m = 648 [0;36mnonce[0m = 647 [0;36mhash[0m = bdf3cd20fd314ad2176efd745568ee3d0b8b141e9ec1b82688e19ba947f7f916 
[0;36mDEBUG[0m[2026-03-16 10:14:11.730]   received shard header from network in block tracker [0;36mshard[0m = 0 [0;36mepoch[0m = 0 [0;36mround[0m = 649 [0;36mnonce[0m = 648 [0;36mhash[0m = 456e0b8b0a668fc9df7f991ecdae5c954b76602c60aae7581528edceda997940 
[0;36mDEBUG[0m[2026-03-16 10:14:11.730]   received shard header from network in block tracker [0;36mshard[0m = 0 [0;36mepoch[0m = 0 [0;36mround[0m = 650 [0;36mnonce[0m = 649 [0;36mhash[0m = 005336c6ba854b46f15f04b7666b3a88cda5c02672f3b980675f5e6586e006e5 
[0;36mDEBUG[0m[2026-03-16 10:14:11.730]   received shard header from network in block tracker [0;36mshard[0m = 0 [0;36mepoch[0m = 0 [0;36mround[0m = 651 [0;36mnonce[0m = 650 [0;36mhash[0m = b785496706a1aeab17b5c2f52d1601aab28ca4c0cd1d44814b224f1a5998812b 
[0;36mDEBUG[0m[2026-03-16 10:14:11.730]   received shard header from network in block tracker [0;36mshard[0m = 0 [0;36mepoch[0m = 0 [0;36mround[0m = 652 [0;36mnonce[0m = 651 [0;36mhash[0m = 13a9408c9ef3a5839832f42a42c692082e1cc865e8e279fd0cd7561008ce447c 
[0;36mDEBUG[0m[2026-03-16 10:14:11.730]   received shard header from network in block tracker [0;36mshard[0m = 0 [0;36mepoch[0m = 0 [0;36mround[0m = 653 [0;36mnonce[0m = 652 [0;36mhash[0m = 0b6fb65e32d9f58299738aea2d6da7494dab02851859598759dfd3425227b972 
[0;36mDEBUG[0m[2026-03-16 10:14:11.730]   received shard header from network in block tracker [0;36mshard[0m = 0 [0;36mepoch[0m = 0 [0;36mround[0m = 654 [0;36mnonce[0m = 653 [0;36mhash[0m = e15910a91c7292dc16edcc71ee1481c6bee96f75372556aaac906d5ae46b726f 
[0;36mDEBUG[0m[2026-03-16 10:14:11.730]   received shard header from network in block tracker [0;36mshard[0m = 0 [0;36mepoch[0m = 0 [0;36mround[0m = 655 [0;36mnonce[0m = 654 [0;36mhash[0m = e10ff2061e8a2a4b931aa6d399e4740cddf415f1dc53fadcf51b79d1c9a82872 
[0;36mDEBUG[0m[2026-03-16 10:14:11.730]   received shard header from network in block tracker [0;36mshard[0m = 0 [0;36mepoch[0m = 0 [0;36mround[0m = 656 [0;36mnonce[0m = 655 [0;36mhash[0m = e68ed8a6a56eecffdbda2cabee39cc608eb15be209e3dd5330adab2f11c3792f 
[0;36mDEBUG[0m[2026-03-16 10:14:11.730]   received shard header from network in block tracker [0;36mshard[0m = 0 [0;36mepoch[0m = 0 [0;36mround[0m = 657 [0;36mnonce[0m = 656 [0;36mhash[0m = e9d44473f52f958ef074091df06158b0087f83092ec68139ae28cb90b49f60b3 
[0;36mDEBUG[0m[2026-03-16 10:14:11.730]   received shard header from network in block tracker [0;36mshard[0m = 0 [0;36mepoch[0m = 0 [0;36mround[0m = 658 [0;36mnonce[0m = 657 [0;36mhash[0m = ac2f112613bac7c659c460a7cefc24e31376a10e08419c5b208824ec6ca4f18c 
[0;36mDEBUG[0m[2026-03-16 10:14:11.730]   received shard header from network in block tracker [0;36mshard[0m = 0 [0;36mepoch[0m = 0 [0;36mround[0m = 659 [0;36mnonce[0m = 658 [0;36mhash[0m = 34adc9899a5547b8ab9d5d1f7d28cc5baf6204fccdcde645792fe6c2f229bd4c 
[0;36mDEBUG[0m[2026-03-16 10:14:11.730]   received shard header from network in block tracker [0;36mshard[0m = 0 [0;36mepoch[0m = 0 [0;36mround[0m = 660 [0;36mnonce[0m = 659 [0;36mhash[0m = d421370981b0bd5af04d714b6fa98f266e20751bb3b6bbd5d6925ae952c74ff1 
[0;36mDEBUG[0m[2026-03-16 10:14:11.730]   received shard header from network in block tracker [0;36mshard[0m = 0 [0;36mepoch[0m = 0 [0;36mround[0m = 661 [0;36mnonce[0m = 660 [0;36mhash[0m = 0da7f5e03970c6038c54c8af711bdbfec682a2f5a0ebd20d7c07fcbdb2069875 
[0;36mDEBUG[0m[2026-03-16 10:14:11.730]   received shard header from network in block tracker [0;36mshard[0m = 0 [0;36mepoch[0m = 0 [0;36mround[0m = 662 [0;36mnonce[0m = 661 [0;36mhash[0m = 096a64cbe0ac391c155affd688c429e403e75960082ca297708919b2f9586283 
[0;36mDEBUG[0m[2026-03-16 10:14:11.730]   received shard header from network in block tracker [0;36mshard[0m = 0 [0;36mepoch[0m = 0 [0;36mround[0m = 663 [0;36mnonce[0m = 662 [0;36mhash[0m = 884d264a6775280c747981ac66ee80dde17896df97c5e9b551de0b0c20fd8b8c 
[0;36mDEBUG[0m[2026-03-16 10:14:11.730]   received shard header from network in block tracker [0;36mshard[0m = 0 [0;36mepoch[0m = 0 [0;36mround[0m = 664 [0;36mnonce[0m = 663 [0;36mhash[0m = 96dbf083eb5ce5ec92017ab2c7560c4407322d41be42481c167a0207a7d667ac 
[0;36mDEBUG[0m[2026-03-16 10:14:11.730]   received shard header from network in block tracker [0;36mshard[0m = 0 [0;36mepoch[0m = 0 [0;36mround[0m = 665 [0;36mnonce[0m = 664 [0;36mhash[0m = b674933e87fcfd67c5a0337d33f83f962e3b804ad2b4161676e37d74a724910f 
[0;36mDEBUG[0m[2026-03-16 10:14:11.730]   received shard header from network in block tracker [0;36mshard[0m = 0 [0;36mepoch[0m = 0 [0;36mround[0m = 666 [0;36mnonce[0m = 665 [0;36mhash[0m = d23c49c37cbcb56e21ba9044401a72531ceafe85769cd05d97d1e15ea02ab404 
[0;36mDEBUG[0m[2026-03-16 10:14:11.730]   received shard header from network in block tracker [0;36mshard[0m = 0 [0;36mepoch[0m = 0 [0;36mround[0m = 667 [0;36mnonce[0m = 666 [0;36mhash[0m = acbda92744268dfbb61f39a9d016e701a09f2f5b033e8c5cb59bb59658108452 
[0;36mDEBUG[0m[2026-03-16 10:14:11.730]   received shard header from network in block tracker [0;36mshard[0m = 0 [0;36mepoch[0m = 0 [0;36mround[0m = 668 [0;36mnonce[0m = 667 [0;36mhash[0m = 55a1a228737dd5a134b25a9583eb7acf00716fdb253dd12a48946e6dc4d5ccd3 
[0;36mDEBUG[0m[2026-03-16 10:14:11.730]   received shard header from network in block tracker [0;36mshard[0m = 0 [0;36mepoch[0m = 0 [0;36mround[0m = 669 [0;36mnonce[0m = 668 [0;36mhash[0m = a220645ec2970bc51781b3b55e253c7f33da6cecdcc25d815ad0b752faf56f4d 
[0;36mDEBUG[0m[2026-03-16 10:14:11.730]   received shard header from network in block tracker [0;36mshard[0m = 0 [0;36mepoch[0m = 0 [0;36mround[0m = 670 [0;36mnonce[0m = 669 [0;36mhash[0m = 5d2183408df2bdae8411df814899c346a972329ce936e50324772e35fcbe33e9 
[0;36mDEBUG[0m[2026-03-16 10:14:11.730]   received shard header from network in block tracker [0;36mshard[0m = 0 [0;36mepoch[0m = 0 [0;36mround[0m = 671 [0;36mnonce[0m = 670 [0;36mhash[0m = 1ba024207241d286903e71b65d79e18aae810b0dbd8764a1e7da0203c598ddae 
[0;36mDEBUG[0m[2026-03-16 10:14:11.730]   received shard header from network in block tracker [0;36mshard[0m = 0 [0;36mepoch[0m = 0 [0;36mround[0m = 672 [0;36mnonce[0m = 671 [0;36mhash[0m = 751c12b28ad88f15bd1ff0c9cb130e0897ab50fdd51d7ac63eedc9584a4ee013 
[0;36mDEBUG[0m[2026-03-16 10:14:11.730]   received shard header from network in block tracker [0;36mshard[0m = 0 [0;36mepoch[0m = 0 [0;36mround[0m = 673 [0;36mnonce[0m = 672 [0;36mhash[0m = 72536ca657ebdf47cc83975a4d0b3e62cd399431aab2612f25eabc124934d4cd 
[0;36mDEBUG[0m[2026-03-16 10:14:11.730]   received shard header from network in block tracker [0;36mshard[0m = 0 [0;36mepoch[0m = 0 [0;36mround[0m = 674 [0;36mnonce[0m = 673 [0;36mhash[0m = 367e66ffdb5f4ff47a6c7bf499cc8b93ece0cfeffa34cba9f40555a36ee12b52 
[0;36mDEBUG[0m[2026-03-16 10:14:11.730]   received shard header from network in block tracker [0;36mshard[0m = 0 [0;36mepoch[0m = 0 [0;36mround[0m = 675 [0;36mnonce[0m = 674 [0;36mhash[0m = 3c50bfcc797556a962d44a363e8c2e00a47c3227e3611430dd986b45a2b3dee4 
[0;36mDEBUG[0m[2026-03-16 10:14:11.730]   received shard header from network in block tracker [0;36mshard[0m = 0 [0;36mepoch[0m = 0 [0;36mround[0m = 676 [0;36mnonce[0m = 675 [0;36mhash[0m = a6494eb71aa52087f1ca98bd7edd22fb68f54595558b58f4ec921006edd1c891 
[0;36mDEBUG[0m[2026-03-16 10:14:11.730]   received shard header from network in block tracker [0;36mshard[0m = 0 [0;36mepoch[0m = 0 [0;36mround[0m = 677 [0;36mnonce[0m = 676 [0;36mhash[0m = 876c730f5496f3be9cf2570e978efb575c263348a0cbaf91c613518790c74630 
[0;36mDEBUG[0m[2026-03-16 10:14:11.730]   received shard header from network in block tracker [0;36mshard[0m = 0 [0;36mepoch[0m = 0 [0;36mround[0m = 678 [0;36mnonce[0m = 677 [0;36mhash[0m = 56b21bf644296da5f23a47aaa00585e32e4b3e4cde6035ec2e5a2e25ce0de69a 
[0;36mDEBUG[0m[2026-03-16 10:14:11.730]   received shard header from network in block tracker [0;36mshard[0m = 0 [0;36mepoch[0m = 0 [0;36mround[0m = 679 [0;36mnonce[0m = 678 [0;36mhash[0m = e0bba2d746031e85a2a29b848e3fff26cb3b1f8c7d31f294ce5e5a6c5fd972de 
[0;36mDEBUG[0m[2026-03-16 10:14:11.730]   received shard header from network in block tracker [0;36mshard[0m = 0 [0;36mepoch[0m = 0 [0;36mround[0m = 680 [0;36mnonce[0m = 679 [0;36mhash[0m = 67db42947a52ab66450203267c1f6f6ded4ec1a1b55067a3fe7b76dd1790c672 
[0;36mDEBUG[0m[2026-03-16 10:14:11.730]   received shard header from network in block tracker [0;36mshard[0m = 0 [0;36mepoch[0m = 0 [0;36mround[0m = 681 [0;36mnonce[0m = 680 [0;36mhash[0m = 909caab8c80a1ed81d66d63208489e28e2e286b41b9a4690c0510b7555e5b114 
[0;36mDEBUG[0m[2026-03-16 10:14:11.730]   received shard header from network in block tracker [0;36mshard[0m = 0 [0;36mepoch[0m = 0 [0;36mround[0m = 682 [0;36mnonce[0m = 681 [0;36mhash[0m = 5ac445b8a7e6713bfad1c77565bd073e3f689789019dd452f06f09f1af75ff16 
[0;36mDEBUG[0m[2026-03-16 10:14:11.730]   received shard header from network in block tracker [0;36mshard[0m = 0 [0;36mepoch[0m = 0 [0;36mround[0m = 683 [0;36mnonce[0m = 682 [0;36mhash[0m = 8d6e84d132b2a12b5d3d0399a6761d28030af6cb9932179c7f8d2817fcdd7d3b 
[0;36mDEBUG[0m[2026-03-16 10:14:11.730]   received shard header from network in block tracker [0;36mshard[0m = 0 [0;36mepoch[0m = 0 [0;36mround[0m = 684 [0;36mnonce[0m = 683 [0;36mhash[0m = ff6f0e1d48518802d0362f0adc1417c32520c1fb28c2f0210737c2684fd6ce4a 
[0;36mDEBUG[0m[2026-03-16 10:14:11.730]   received shard header from network in block tracker [0;36mshard[0m = 0 [0;36mepoch[0m = 0 [0;36mround[0m = 685 [0;36mnonce[0m = 684 [0;36mhash[0m = 86c78f0bb54f57a6e4dd4f01d3660f7b9c13fef97ed3447fe8f696b401517fa8 
[0;36mDEBUG[0m[2026-03-16 10:14:11.730]   received shard header from network in block tracker [0;36mshard[0m = 0 [0;36mepoch[0m = 0 [0;36mround[0m = 686 [0;36mnonce[0m = 685 [0;36mhash[0m = d5a91a5eb59dc451bd4640870d6998c86ea5ffd05620d0437bec6c0ec06260da 
[0;36mDEBUG[0m[2026-03-16 10:14:11.730]   received shard header from network in block tracker [0;36mshard[0m = 0 [0;36mepoch[0m = 0 [0;36mround[0m = 687 [0;36mnonce[0m = 686 [0;36mhash[0m = a88bb3fe1cff91ba6853ba47e2ed036d97279379cf14dcc76cc4b94cf7f89597 
[0;36mDEBUG[0m[2026-03-16 10:14:11.730]   received shard header from network in block tracker [0;36mshard[0m = 0 [0;36mepoch[0m = 0 [0;36mround[0m = 688 [0;36mnonce[0m = 687 [0;36mhash[0m = 06cc9bef40358fd372e2f52d90f4f878e804d96cab619d5897aab7027fa26439 
[0;36mDEBUG[0m[2026-03-16 10:14:11.730]   received shard header from network in block tracker [0;36mshard[0m = 0 [0;36mepoch[0m = 0 [0;36mround[0m = 689 [0;36mnonce[0m = 688 [0;36mhash[0m = df7a6826e81ae5b7b9788c1b996353c683c2eca2f274a4b24d495569cb0bacd2 
[0;36mDEBUG[0m[2026-03-16 10:14:11.730]   received shard header from network in block tracker [0;36mshard[0m = 0 [0;36mepoch[0m = 0 [0;36mround[0m = 690 [0;36mnonce[0m = 689 [0;36mhash[0m = a5142d538e85c3f7f26c4cc88b690dfd52326547f92c8fcc885eef074f7fde29 
[0;36mDEBUG[0m[2026-03-16 10:14:11.730]   received shard header from network in block tracker [0;36mshard[0m = 0 [0;36mepoch[0m = 0 [0;36mround[0m = 691 [0;36mnonce[0m = 690 [0;36mhash[0m = 1d5ae527af1efaef7f32d7b0aec6bd3742c1e9c949ce395eecec978a6bbcf9dc 
[0;36mDEBUG[0m[2026-03-16 10:14:11.730]   received shard header from network in block tracker [0;36mshard[0m = 0 [0;36mepoch[0m = 0 [0;36mround[0m = 692 [0;36mnonce[0m = 691 [0;36mhash[0m = 9606c9cc3cfb2fe8a37db72d4e1c095cbfb6917d0c80b310db114190cbd9e825 
[0;36mDEBUG[0m[2026-03-16 10:14:11.730]   received shard header from network in block tracker [0;36mshard[0m = 0 [0;36mepoch[0m = 0 [0;36mround[0m = 693 [0;36mnonce[0m = 692 [0;36mhash[0m = c2f454978575ab150eac91105c43c7ad584bd157e274ca4fc03adc5304a9c3ea 
[0;36mDEBUG[0m[2026-03-16 10:14:11.730]   received shard header from network in block tracker [0;36mshard[0m = 0 [0;36mepoch[0m = 0 [0;36mround[0m = 694 [0;36mnonce[0m = 693 [0;36mhash[0m = af9aabfe73b13d354d828de319913eb80703268ca4894e263694dc845709fe4a 
[0;36mDEBUG[0m[2026-03-16 10:14:11.730]   received shard header from network in block tracker [0;36mshard[0m = 0 [0;36mepoch[0m = 0 [0;36mround[0m = 695 [0;36mnonce[0m = 694 [0;36mhash[0m = 197608cd8703849c145b3a875225f93e95737a42198326d30b55fe3c91b3e8c1 
[0;36mDEBUG[0m[2026-03-16 10:14:11.730]   received shard header from network in block tracker [0;36mshard[0m = 0 [0;36mepoch[0m = 0 [0;36mround[0m = 696 [0;36mnonce[0m = 695 [0;36mhash[0m = 88587c92531188370e960bba8355605364d39627be0b29b9d3ad5b2adf31ef4f 
[0;36mDEBUG[0m[2026-03-16 10:14:11.730]   received shard header from network in block tracker [0;36mshard[0m = 0 [0;36mepoch[0m = 0 [0;36mround[0m = 697 [0;36mnonce[0m = 696 [0;36mhash[0m = e54472f1feaac24fb1f49f1e5dea1f7affeb685977c66175e2cdf304b8bc1aea 
[0;36mDEBUG[0m[2026-03-16 10:14:11.730]   received shard header from network in block tracker [0;36mshard[0m = 0 [0;36mepoch[0m = 0 [0;36mround[0m = 698 [0;36mnonce[0m = 697 [0;36mhash[0m = 2448170f78e28659c0d3eecb3b5588570c74ba0661fee84032fbecf1830adb07 
[0;36mDEBUG[0m[2026-03-16 10:14:11.730]   received shard header from network in block tracker [0;36mshard[0m = 0 [0;36mepoch[0m = 0 [0;36mround[0m = 699 [0;36mnonce[0m = 698 [0;36mhash[0m = c5d5cfe0828afe766a32e6582d9e291e1c46f0161b357b22059174a10debb0d8 
[0;36mDEBUG[0m[2026-03-16 10:14:11.730]   received shard header from network in block tracker [0;36mshard[0m = 0 [0;36mepoch[0m = 0 [0;36mround[0m = 700 [0;36mnonce[0m = 699 [0;36mhash[0m = 7961332db6f050093cb403830f540f13d50eef71af52453e0ce2109bb7ed29f1 
[0;36mDEBUG[0m[2026-03-16 10:14:11.730]   received shard header from network in block tracker [0;36mshard[0m = 0 [0;36mepoch[0m = 0 [0;36mround[0m = 701 [0;36mnonce[0m = 700 [0;36mhash[0m = 31caa6f537fd3be2bcd985ee0e376f82899fbf56d8f588be40e63768acb3e7ad 
[0;36mDEBUG[0m[2026-03-16 10:14:11.730]   received shard header from network in block tracker [0;36mshard[0m = 0 [0;36mepoch[0m = 0 [0;36mround[0m = 702 [0;36mnonce[0m = 701 [0;36mhash[0m = 9c96bada4f37fd94b6a3476ee3b6462e57202d5e64207822a2dc0e682d6697d9 
[0;36mDEBUG[0m[2026-03-16 10:14:11.730]   received shard header from network in block tracker [0;36mshard[0m = 0 [0;36mepoch[0m = 0 [0;36mround[0m = 703 [0;36mnonce[0m = 702 [0;36mhash[0m = 159df40668d7cbf25d3202db3381ed03ecc06b0cd3d3bcc7a86db25ec31dab22 
[0;36mDEBUG[0m[2026-03-16 10:14:11.730]   received shard header from network in block tracker [0;36mshard[0m = 0 [0;36mepoch[0m = 0 [0;36mround[0m = 704 [0;36mnonce[0m = 703 [0;36mhash[0m = 7da4f30d61d74f8de47f4873c368306ecdc4e1d821a147a4ecd71116c6a25f97 
[0;36mDEBUG[0m[2026-03-16 10:14:11.730]   received shard header from network in block tracker [0;36mshard[0m = 0 [0;36mepoch[0m = 0 [0;36mround[0m = 705 [0;36mnonce[0m = 704 [0;36mhash[0m = 9c074b2c19d472af24e2b85b3dd239178dd125993a12307fe5531c3d26e0e258 
[0;36mDEBUG[0m[2026-03-16 10:14:11.730]   received shard header from network in block tracker [0;36mshard[0m = 0 [0;36mepoch[0m = 0 [0;36mround[0m = 706 [0;36mnonce[0m = 705 [0;36mhash[0m = 4be5f4d9dfa778ca2782311a26d806f57ec2ec7b4ab3337addffc2d4894c75ac 
[0;36mDEBUG[0m[2026-03-16 10:14:11.730]   received shard header from network in block tracker [0;36mshard[0m = 0 [0;36mepoch[0m = 0 [0;36mround[0m = 707 [0;36mnonce[0m = 706 [0;36mhash[0m = 3dbd4b809d72ca29bf137df20d03ac9c76ea27690eba5a879f35c9cb861bf98e 
[0;36mDEBUG[0m[2026-03-16 10:14:11.730]   received shard header from network in block tracker [0;36mshard[0m = 0 [0;36mepoch[0m = 0 [0;36mround[0m = 708 [0;36mnonce[0m = 707 [0;36mhash[0m = cbe4de50e1bed8ad0a3191d438673b11e663dcb7cbe5ca04b824cc9b8ad340f5 
[0;36mDEBUG[0m[2026-03-16 10:14:11.730]   received shard header from network in block tracker [0;36mshard[0m = 0 [0;36mepoch[0m = 0 [0;36mround[0m = 709 [0;36mnonce[0m = 708 [0;36mhash[0m = 7f839aeb5c50dd3457d1a79faf14e4266d5decd5233214b5df25da3bd73d98a0 
[0;36mDEBUG[0m[2026-03-16 10:14:11.730]   received shard header from network in block tracker [0;36mshard[0m = 0 [0;36mepoch[0m = 0 [0;36mround[0m = 710 [0;36mnonce[0m = 709 [0;36mhash[0m = 0a38363bf0ae5f170766f28b1a3ffb540bff64d32d14b7ca60da1d09d249b091 
[0;36mDEBUG[0m[2026-03-16 10:14:11.730]   received shard header from network in block tracker [0;36mshard[0m = 0 [0;36mepoch[0m = 0 [0;36mround[0m = 711 [0;36mnonce[0m = 710 [0;36mhash[0m = 17e0d558fdc54b30ffa497bc1c5bbd4a08a034ae70236efbac647714a2804ae9 
[0;36mDEBUG[0m[2026-03-16 10:14:11.730]   received shard header from network in block tracker [0;36mshard[0m = 0 [0;36mepoch[0m = 0 [0;36mround[0m = 712 [0;36mnonce[0m = 711 [0;36mhash[0m = a8e78e76fff6716048a9c34ed51f2d1a0850002fb5998a10a5e39c80f9276713 
[0;36mDEBUG[0m[2026-03-16 10:14:11.730]   received shard header from network in block tracker [0;36mshard[0m = 0 [0;36mepoch[0m = 0 [0;36mround[0m = 713 [0;36mnonce[0m = 712 [0;36mhash[0m = 2bda901ff506c1da2b4298f8d5694085b93c7cfdceef11c7b5e1ef8b1560b6c3 
[0;36mDEBUG[0m[2026-03-16 10:14:11.730]   received shard header from network in block tracker [0;36mshard[0m = 0 [0;36mepoch[0m = 0 [0;36mround[0m = 714 [0;36mnonce[0m = 713 [0;36mhash[0m = 5474b62b0c66f7cc005a59f97524e4f94752a3e7df575059efa245e9f717f514 
[0;36mDEBUG[0m[2026-03-16 10:14:11.730]   received shard header from network in block tracker [0;36mshard[0m = 0 [0;36mepoch[0m = 0 [0;36mround[0m = 715 [0;36mnonce[0m = 714 [0;36mhash[0m = eac420418ac97e0574b77b67f2dc2c7e51370e1ad4c857f21808bbde06641954 
[0;36mDEBUG[0m[2026-03-16 10:14:11.730]   received shard header from network in block tracker [0;36mshard[0m = 0 [0;36mepoch[0m = 0 [0;36mround[0m = 716 [0;36mnonce[0m = 715 [0;36mhash[0m = 4034be14eb01587f6868d298bddc62caafe68d36a334f57a2e03605030e27b10 
[0;36mDEBUG[0m[2026-03-16 10:14:11.730]   received shard header from network in block tracker [0;36mshard[0m = 0 [0;36mepoch[0m = 0 [0;36mround[0m = 717 [0;36mnonce[0m = 716 [0;36mhash[0m = 7b619517f176b5d3f121f563d5b30c377089ee88c0a08dd309eeafcd7832fe7f 
[0;36mDEBUG[0m[2026-03-16 10:14:11.730]   received shard header from network in block tracker [0;36mshard[0m = 0 [0;36mepoch[0m = 0 [0;36mround[0m = 718 [0;36mnonce[0m = 717 [0;36mhash[0m = 7da8a01d7132117177c10bab9228ca9045347506205e581f9cf2133c3d739d8c 
[0;36mDEBUG[0m[2026-03-16 10:14:11.730]   received shard header from network in block tracker [0;36mshard[0m = 0 [0;36mepoch[0m = 0 [0;36mround[0m = 719 [0;36mnonce[0m = 718 [0;36mhash[0m = 0b395d016bbd6800ccaa2414a9e58efad6cab5fa985aa334c9149f0dce0351ef 
[0;36mDEBUG[0m[2026-03-16 10:14:11.730]   received shard header from network in block tracker [0;36mshard[0m = 0 [0;36mepoch[0m = 0 [0;36mround[0m = 720 [0;36mnonce[0m = 719 [0;36mhash[0m = da6227e54aac7909f02af7f3601dc7d388dcd6797cbaf6a6d8cf52eb4697753f 
[0;36mDEBUG[0m[2026-03-16 10:14:11.730]   received shard header from network in block tracker [0;36mshard[0m = 0 [0;36mepoch[0m = 0 [0;36mround[0m = 721 [0;36mnonce[0m = 720 [0;36mhash[0m = e064b6374cb02d883920ff22814cf67f0dc6e78cfdf7189ce32a6bb790c145fb 
[0;36mDEBUG[0m[2026-03-16 10:14:11.731]   received shard header from network in block tracker [0;36mshard[0m = 0 [0;36mepoch[0m = 0 [0;36mround[0m = 722 [0;36mnonce[0m = 721 [0;36mhash[0m = b67b04bc08dbde60d311873c5628a4bbce9e68f0a9253d273fad1b35c6e3f9b5 
[0;36mDEBUG[0m[2026-03-16 10:14:11.731]   received shard header from network in block tracker [0;36mshard[0m = 0 [0;36mepoch[0m = 0 [0;36mround[0m = 723 [0;36mnonce[0m = 722 [0;36mhash[0m = b373ccb3d2f074738c54448ba3d690ff234adcc710e8532d9651418a3ec8b78f 
[0;36mDEBUG[0m[2026-03-16 10:14:11.731]   received shard header from network in block tracker [0;36mshard[0m = 0 [0;36mepoch[0m = 0 [0;36mround[0m = 724 [0;36mnonce[0m = 723 [0;36mhash[0m = 5c8771b4e41e4ecb50e103e34c745b58b568f79499835a508e50562d6c19495a 
[0;36mDEBUG[0m[2026-03-16 10:14:11.731]   received shard header from network in block tracker [0;36mshard[0m = 0 [0;36mepoch[0m = 0 [0;36mround[0m = 725 [0;36mnonce[0m = 724 [0;36mhash[0m = e579cea33c3bbeaf15470de62156a0b1c124fe76164f03f3afcccfd1079d9d9d 
[0;36mDEBUG[0m[2026-03-16 10:14:11.731]   received shard header from network in block tracker [0;36mshard[0m = 0 [0;36mepoch[0m = 0 [0;36mround[0m = 726 [0;36mnonce[0m = 725 [0;36mhash[0m = 5041d246260cc8fe93d1bfcc8562e962f532ecff81c346fb0993745e43c9b837 
[0;36mDEBUG[0m[2026-03-16 10:14:11.731]   received shard header from network in block tracker [0;36mshard[0m = 0 [0;36mepoch[0m = 0 [0;36mround[0m = 727 [0;36mnonce[0m = 726 [0;36mhash[0m = 10bc4eb6b0fa4066ffca4f5f16af442670ce3ca078724bcc337bea4a8698fca8 
[0;36mDEBUG[0m[2026-03-16 10:14:11.731]   received shard header from network in block tracker [0;36mshard[0m = 0 [0;36mepoch[0m = 0 [0;36mround[0m = 728 [0;36mnonce[0m = 727 [0;36mhash[0m = f19754798922a41a31b263293b5e3a3a5401bbf4d2ddadf1cfb764954a94ed96 
[0;36mDEBUG[0m[2026-03-16 10:14:11.731]   received shard header from network in block tracker [0;36mshard[0m = 0 [0;36mepoch[0m = 0 [0;36mround[0m = 729 [0;36mnonce[0m = 728 [0;36mhash[0m = 16130931dd19c0748d962cdafc53e904a32e67ad523ba0e0e6c888f723257ad1 
[0;36mDEBUG[0m[2026-03-16 10:14:11.731]   received shard header from network in block tracker [0;36mshard[0m = 0 [0;36mepoch[0m = 0 [0;36mround[0m = 730 [0;36mnonce[0m = 729 [0;36mhash[0m = f428c8a80e34f3e761b599b388b7f9b6597c4c910ae946aeba98f2b4daab5229 
[0;36mDEBUG[0m[2026-03-16 10:14:11.731]   received shard header from network in block tracker [0;36mshard[0m = 0 [0;36mepoch[0m = 0 [0;36mround[0m = 731 [0;36mnonce[0m = 730 [0;36mhash[0m = dda12553a9e342c8c9a1aed3c10eec926fd9ad0f3c61ed4a7e897a4e59465c92 
[0;36mDEBUG[0m[2026-03-16 10:14:11.731]   received shard header from network in block tracker [0;36mshard[0m = 0 [0;36mepoch[0m = 0 [0;36mround[0m = 732 [0;36mnonce[0m = 731 [0;36mhash[0m = 259a9987ca25d08ce9acfcc3d8a4601f912af4ddb9808e5c4eba4568e59899d3 
[0;36mDEBUG[0m[2026-03-16 10:14:11.731]   received shard header from network in block tracker [0;36mshard[0m = 0 [0;36mepoch[0m = 0 [0;36mround[0m = 733 [0;36mnonce[0m = 732 [0;36mhash[0m = 3c56e5f910c5a49b043979bbd297f514ef9cb41f969d0264560fe46667c338a2 
[0;36mDEBUG[0m[2026-03-16 10:14:11.731]   received shard header from network in block tracker [0;36mshard[0m = 0 [0;36mepoch[0m = 0 [0;36mround[0m = 734 [0;36mnonce[0m = 733 [0;36mhash[0m = 0044b397e7a2c54f38d1045def51fa062dacbb2e5e6cd4f0c03ec4b5fcaf875f 
[0;36mDEBUG[0m[2026-03-16 10:14:11.731]   received shard header from network in block tracker [0;36mshard[0m = 0 [0;36mepoch[0m = 0 [0;36mround[0m = 735 [0;36mnonce[0m = 734 [0;36mhash[0m = 9fd9f4fbd66561be6853a4fe195b38e54d0ee434eac5bee7b99f71eb6bc09210 
[0;36mDEBUG[0m[2026-03-16 10:14:11.731]   received shard header from network in block tracker [0;36mshard[0m = 0 [0;36mepoch[0m = 0 [0;36mround[0m = 736 [0;36mnonce[0m = 735 [0;36mhash[0m = ce6ba8cc824366fd285122209a31b6f0d21c78b24520282e91d3258b0a89b21a 
[0;36mDEBUG[0m[2026-03-16 10:14:11.731]   received shard header from network in block tracker [0;36mshard[0m = 0 [0;36mepoch[0m = 0 [0;36mround[0m = 737 [0;36mnonce[0m = 736 [0;36mhash[0m = 5422aeec256d73a448e19d930ef872bd027af0b45169fc8633d78e5c06a32f20 
[0;36mDEBUG[0m[2026-03-16 10:14:11.731]   received shard header from network in block tracker [0;36mshard[0m = 0 [0;36mepoch[0m = 0 [0;36mround[0m = 738 [0;36mnonce[0m = 737 [0;36mhash[0m = de955fbd47eb3f3e7ef47782d196023ce1abeab308f9e9d39daccbda2c6c6aa2 
[0;36mDEBUG[0m[2026-03-16 10:14:11.731]   received shard header from network in block tracker [0;36mshard[0m = 0 [0;36mepoch[0m = 0 [0;36mround[0m = 739 [0;36mnonce[0m = 738 [0;36mhash[0m = 000849cc8110f3f6a0b452e996e97ef342d90545c1afb7ce17d75b5acd797a95 
[0;36mDEBUG[0m[2026-03-16 10:14:11.731]   received shard header from network in block tracker [0;36mshard[0m = 0 [0;36mepoch[0m = 0 [0;36mround[0m = 740 [0;36mnonce[0m = 739 [0;36mhash[0m = fd66d8f5e512c8b23f1ee608d1db57a7ebecac9799a2c943ef1509841c0df8dc 
[0;36mDEBUG[0m[2026-03-16 10:14:11.731]   received shard header from network in block tracker [0;36mshard[0m = 0 [0;36mepoch[0m = 0 [0;36mround[0m = 741 [0;36mnonce[0m = 740 [0;36mhash[0m = d1adfa3a02e7e61a003c9adda301598c5d86df536b4b24b830e8e3b4c9d6c43a 
[0;36mDEBUG[0m[2026-03-16 10:14:11.731]   received shard header from network in block tracker [0;36mshard[0m = 0 [0;36mepoch[0m = 0 [0;36mround[0m = 742 [0;36mnonce[0m = 741 [0;36mhash[0m = 6e79c0b0b0529fa3673e6d3210f7f2fba641d18c7a8d808c230ead7e0b14dfa9 
[0;36mDEBUG[0m[2026-03-16 10:14:11.731]   received shard header from network in block tracker [0;36mshard[0m = 0 [0;36mepoch[0m = 0 [0;36mround[0m = 743 [0;36mnonce[0m = 742 [0;36mhash[0m = ba84cb7f2edb31ef3e05db1a04b3306108a68ef3f24a7184d08dcf68127a2704 
[0;36mDEBUG[0m[2026-03-16 10:14:11.731]   received shard header from network in block tracker [0;36mshard[0m = 0 [0;36mepoch[0m = 0 [0;36mround[0m = 744 [0;36mnonce[0m = 743 [0;36mhash[0m = 1173cf038a8ca9cd22605a14383245b913182ad1d3cd65745d92b151ff1884c1 
[0;36mDEBUG[0m[2026-03-16 10:14:11.731]   received shard header from network in block tracker [0;36mshard[0m = 0 [0;36mepoch[0m = 0 [0;36mround[0m = 745 [0;36mnonce[0m = 744 [0;36mhash[0m = ec239d5815c9ed834e71123e21ee3b170b34b8537b0bdfdb37e2993cbb7760ef 
[0;36mDEBUG[0m[2026-03-16 10:14:11.731]   received shard header from network in block tracker [0;36mshard[0m = 0 [0;36mepoch[0m = 0 [0;36mround[0m = 746 [0;36mnonce[0m = 745 [0;36mhash[0m = 7483658cfa5016fa5e99a1ebf020c259c5b7eb67c137dcf3261e511369ac555d 
[0;36mDEBUG[0m[2026-03-16 10:14:11.731]   received shard header from network in block tracker [0;36mshard[0m = 0 [0;36mepoch[0m = 0 [0;36mround[0m = 747 [0;36mnonce[0m = 746 [0;36mhash[0m = a3ef656c91ca7f417385999f67e0f575edc94ef69bb09c88560767217a22b905 
[0;36mDEBUG[0m[2026-03-16 10:14:11.731]   received shard header from network in block tracker [0;36mshard[0m = 0 [0;36mepoch[0m = 0 [0;36mround[0m = 748 [0;36mnonce[0m = 747 [0;36mhash[0m = 5f563dd74034a9213b10da099ae80b9b0773064fdaed9d5464f0feff156c6ae2 
[0;36mDEBUG[0m[2026-03-16 10:14:11.731]   received shard header from network in block tracker [0;36mshard[0m = 0 [0;36mepoch[0m = 0 [0;36mround[0m = 749 [0;36mnonce[0m = 748 [0;36mhash[0m = f2ef1bfc3c2854771e23ed50d7539430aa4a46dc244e6d5f5537c0a10f2edbb6 
[0;36mDEBUG[0m[2026-03-16 10:14:11.731]   received shard header from network in block tracker [0;36mshard[0m = 0 [0;36mepoch[0m = 0 [0;36mround[0m = 750 [0;36mnonce[0m = 749 [0;36mhash[0m = 43a38a33c84d6ef0ffe8bbcfd1f6a515a73974c09b66a631ba8d21eadef36459 
[0;36mDEBUG[0m[2026-03-16 10:14:11.731]   received shard header from network in block tracker [0;36mshard[0m = 0 [0;36mepoch[0m = 0 [0;36mround[0m = 751 [0;36mnonce[0m = 750 [0;36mhash[0m = 244ff7f0f632328f2ac5eaeeab841f31ae8816852b4c53f9a6d53e0249aa3f64 
[0;36mDEBUG[0m[2026-03-16 10:14:11.731]   received shard header from network in block tracker [0;36mshard[0m = 0 [0;36mepoch[0m = 0 [0;36mround[0m = 752 [0;36mnonce[0m = 751 [0;36mhash[0m = f012d3a12bd4ac0de6f4bdea171d8c3ca2ec7e9062a80dcbb58480daa973949a 
[0;36mDEBUG[0m[2026-03-16 10:14:11.731]   received shard header from network in block tracker [0;36mshard[0m = 0 [0;36mepoch[0m = 0 [0;36mround[0m = 753 [0;36mnonce[0m = 752 [0;36mhash[0m = d9b38f068c3b5d0b9f31b6365117ce2425947869c9e1576951f25f9116606a3a 
[0;36mDEBUG[0m[2026-03-16 10:14:11.731]   received shard header from network in block tracker [0;36mshard[0m = 0 [0;36mepoch[0m = 0 [0;36mround[0m = 754 [0;36mnonce[0m = 753 [0;36mhash[0m = a558f9e4d65c88e51583bb707a3056dd1c86c53eb46793a778cb8a0cc8b89406 
[0;36mDEBUG[0m[2026-03-16 10:14:11.731]   received shard header from network in block tracker [0;36mshard[0m = 0 [0;36mepoch[0m = 0 [0;36mround[0m = 755 [0;36mnonce[0m = 754 [0;36mhash[0m = df62fdcb7099b16c73cd10715c456710b51fce935c4754abd52f6870e5899dde 
[0;36mDEBUG[0m[2026-03-16 10:14:11.731]   received shard header from network in block tracker [0;36mshard[0m = 0 [0;36mepoch[0m = 0 [0;36mround[0m = 756 [0;36mnonce[0m = 755 [0;36mhash[0m = 2ab92a3a2501e389e08adc91409623d87dccfcc4dd4860d1aacd45d9d87b0b1a 
[0;36mDEBUG[0m[2026-03-16 10:14:11.731]   received shard header from network in block tracker [0;36mshard[0m = 0 [0;36mepoch[0m = 0 [0;36mround[0m = 757 [0;36mnonce[0m = 756 [0;36mhash[0m = f9b5558e2258bdfdc99335b4454e3eb1e2086bb4641399af792d70eeb7246550 
[0;36mDEBUG[0m[2026-03-16 10:14:11.731]   received shard header from network in block tracker [0;36mshard[0m = 0 [0;36mepoch[0m = 0 [0;36mround[0m = 758 [0;36mnonce[0m = 757 [0;36mhash[0m = defc2b418b2ee646b53148effb3e28329d600a0bc5095d2dbf9a8eb7052a3567 
[0;36mDEBUG[0m[2026-03-16 10:14:11.731]   received shard header from network in block tracker [0;36mshard[0m = 0 [0;36mepoch[0m = 0 [0;36mround[0m = 759 [0;36mnonce[0m = 758 [0;36mhash[0m = d4af304c95fa0956a05d850f1c4066b3cfe4ccae709ca320f394abd43dab3668 
[0;36mDEBUG[0m[2026-03-16 10:14:11.731]   received shard header from network in block tracker [0;36mshard[0m = 0 [0;36mepoch[0m = 0 [0;36mround[0m = 760 [0;36mnonce[0m = 759 [0;36mhash[0m = 8b2837c3aa0aa8e5f686e8e48849c3d28e9085ad82d102a6dea0bf5b5e9d7fdc 
[0;36mDEBUG[0m[2026-03-16 10:14:11.731]   received shard header from network in block tracker [0;36mshard[0m = 0 [0;36mepoch[0m = 0 [0;36mround[0m = 761 [0;36mnonce[0m = 760 [0;36mhash[0m = 1b6360ebb7ba3f4388ee667b20ed5ede3311e541e3468030d99ad69cd1670111 
[0;36mDEBUG[0m[2026-03-16 10:14:11.731]   received shard header from network in block tracker [0;36mshard[0m = 0 [0;36mepoch[0m = 0 [0;36mround[0m = 762 [0;36mnonce[0m = 761 [0;36mhash[0m = 04692156af128d0eb8f37c580214ec0dd40e66326bad9081ec15ccf038716e54 
[0;36mDEBUG[0m[2026-03-16 10:14:11.731]   received shard header from network in block tracker [0;36mshard[0m = 0 [0;36mepoch[0m = 0 [0;36mround[0m = 763 [0;36mnonce[0m = 762 [0;36mhash[0m = 5dced666aaa75fe51a95a9c49377d58ccd6875ea96e0eef8e65e4782ba81b708 
[0;36mDEBUG[0m[2026-03-16 10:14:11.731]   received shard header from network in block tracker [0;36mshard[0m = 0 [0;36mepoch[0m = 0 [0;36mround[0m = 764 [0;36mnonce[0m = 763 [0;36mhash[0m = 7a5be42ecab8db09cd8e5e26003fbed42bb7ca3917fc0bda76399d896ac8a840 
[0;36mDEBUG[0m[2026-03-16 10:14:11.731]   received shard header from network in block tracker [0;36mshard[0m = 0 [0;36mepoch[0m = 0 [0;36mround[0m = 765 [0;36mnonce[0m = 764 [0;36mhash[0m = 0794a8888b48f1c7fc591812bcc6f255793ce5bde8c32831098f5c4a11ed760f 
[0;36mDEBUG[0m[2026-03-16 10:14:11.731]   received shard header from network in block tracker [0;36mshard[0m = 0 [0;36mepoch[0m = 0 [0;36mround[0m = 766 [0;36mnonce[0m = 765 [0;36mhash[0m = 1dc118473a3351f2d0d056011fc06ea884793f79ede82529e4c45b3851a1bb34 
[0;36mDEBUG[0m[2026-03-16 10:14:11.731]   received shard header from network in block tracker [0;36mshard[0m = 0 [0;36mepoch[0m = 0 [0;36mround[0m = 767 [0;36mnonce[0m = 766 [0;36mhash[0m = f0e73a86f2c0b027a947a2219ffe4d6b87885fd15673f582520fe906b96596d4 
[0;36mDEBUG[0m[2026-03-16 10:14:11.731]   received shard header from network in block tracker [0;36mshard[0m = 0 [0;36mepoch[0m = 0 [0;36mround[0m = 768 [0;36mnonce[0m = 767 [0;36mhash[0m = 2ce2fd9f03cce19a18f45fe0ac732f16022a0ef7c1d9a68f8ac5d178cad4c710 
[0;36mDEBUG[0m[2026-03-16 10:14:11.731]   received shard header from network in block tracker [0;36mshard[0m = 0 [0;36mepoch[0m = 0 [0;36mround[0m = 769 [0;36mnonce[0m = 768 [0;36mhash[0m = d1f88305eb46febcec3e50f2d52825380f94f26cdb9d620ead60b7ea8e5f4567 
[0;36mDEBUG[0m[2026-03-16 10:14:11.731]   received shard header from network in block tracker [0;36mshard[0m = 0 [0;36mepoch[0m = 0 [0;36mround[0m = 770 [0;36mnonce[0m = 769 [0;36mhash[0m = 7ae4882d5f55d343f75fb38c002117a4e77432323bda05127f206c2f3221e9a6 
[0;36mDEBUG[0m[2026-03-16 10:14:11.731]   received shard header from network in block tracker [0;36mshard[0m = 0 [0;36mepoch[0m = 0 [0;36mround[0m = 771 [0;36mnonce[0m = 770 [0;36mhash[0m = 24feceba9760c382776ae094d7613287bced4e5251d1f7dd1d82db9f25ac096d 
[0;36mDEBUG[0m[2026-03-16 10:14:11.731]   received shard header from network in block tracker [0;36mshard[0m = 0 [0;36mepoch[0m = 0 [0;36mround[0m = 772 [0;36mnonce[0m = 771 [0;36mhash[0m = da0f89ad146b5ed74eae170813e644e5bbe91eaf29e88c11944fda9d9e0f134a 
[0;36mDEBUG[0m[2026-03-16 10:14:11.731]   received shard header from network in block tracker [0;36mshard[0m = 0 [0;36mepoch[0m = 0 [0;36mround[0m = 773 [0;36mnonce[0m = 772 [0;36mhash[0m = 4f57d35251ff31196f80bd8bda735f5168440f9762fa99e30f87c2480b1165b4 
[0;36mDEBUG[0m[2026-03-16 10:14:11.731]   received shard header from network in block tracker [0;36mshard[0m = 0 [0;36mepoch[0m = 0 [0;36mround[0m = 774 [0;36mnonce[0m = 773 [0;36mhash[0m = cde0bd81ab93098d987adcc7241fcde21fe21234929674c91df3f2f2c8b49d93 
[0;36mDEBUG[0m[2026-03-16 10:14:11.731]   received shard header from network in block tracker [0;36mshard[0m = 0 [0;36mepoch[0m = 0 [0;36mround[0m = 775 [0;36mnonce[0m = 774 [0;36mhash[0m = d470233e11458ad12a78fc3d3506880da7111d9b5cd1f7c5d216faa6bbb44df8 
[0;36mDEBUG[0m[2026-03-16 10:14:11.731]   received shard header from network in block tracker [0;36mshard[0m = 0 [0;36mepoch[0m = 0 [0;36mround[0m = 776 [0;36mnonce[0m = 775 [0;36mhash[0m = 3519a383e0b189a6fc0124bbc79c0b38d441ab6c4c550de230e6bf093a00aef9 
[0;36mDEBUG[0m[2026-03-16 10:14:11.731]   received shard header from network in block tracker [0;36mshard[0m = 0 [0;36mepoch[0m = 0 [0;36mround[0m = 777 [0;36mnonce[0m = 776 [0;36mhash[0m = 52548e2896c46750a31d0d11523436372a4a0bee82f4d3bb8910182e2f32c361 
[0;36mDEBUG[0m[2026-03-16 10:14:11.731]   received shard header from network in block tracker [0;36mshard[0m = 0 [0;36mepoch[0m = 0 [0;36mround[0m = 778 [0;36mnonce[0m = 777 [0;36mhash[0m = 03e1bfb8ee048f0a17e9e019990efe6346533452dd360fb481b5a5d7b9a046e7 
[0;36mDEBUG[0m[2026-03-16 10:14:11.731]   received shard header from network in block tracker [0;36mshard[0m = 0 [0;36mepoch[0m = 0 [0;36mround[0m = 779 [0;36mnonce[0m = 778 [0;36mhash[0m = 9df57fef5a9f749ccc3efe9a6c6dc0d37ebe6ea67977800c5eb594699fe87814 
[0;36mDEBUG[0m[2026-03-16 10:14:11.731]   received shard header from network in block tracker [0;36mshard[0m = 0 [0;36mepoch[0m = 0 [0;36mround[0m = 780 [0;36mnonce[0m = 779 [0;36mhash[0m = aa01dcf6262e495c43e3849c500f8f938ddd83535948dc23cdaf649f739be183 
[0;36mDEBUG[0m[2026-03-16 10:14:11.731]   received shard header from network in block tracker [0;36mshard[0m = 0 [0;36mepoch[0m = 0 [0;36mround[0m = 781 [0;36mnonce[0m = 780 [0;36mhash[0m = a50ea81a1ad2cc7b5cbdc04c778fc4650c228f70051f2651fe22688605b161ca 
[0;36mDEBUG[0m[2026-03-16 10:14:11.731]   received shard header from network in block tracker [0;36mshard[0m = 0 [0;36mepoch[0m = 0 [0;36mround[0m = 782 [0;36mnonce[0m = 781 [0;36mhash[0m = dc833eaa38d2aac517a672d28dbcf41fdf69ea23771fad5022a3d51997a71863 
[0;36mDEBUG[0m[2026-03-16 10:14:11.731]   received shard header from network in block tracker [0;36mshard[0m = 0 [0;36mepoch[0m = 0 [0;36mround[0m = 783 [0;36mnonce[0m = 782 [0;36mhash[0m = 302eeff44570e2dca73725ad22adc1b2e806b2fc470e453ac418cae9ea641fb3 
[0;36mDEBUG[0m[2026-03-16 10:14:11.731]   received shard header from network in block tracker [0;36mshard[0m = 0 [0;36mepoch[0m = 0 [0;36mround[0m = 784 [0;36mnonce[0m = 783 [0;36mhash[0m = 18cd6444159902354abde56f809d3cbcd446fa69976e9de522f1bdefacaee97c 
[0;36mDEBUG[0m[2026-03-16 10:14:11.731]   received shard header from network in block tracker [0;36mshard[0m = 0 [0;36mepoch[0m = 0 [0;36mround[0m = 785 [0;36mnonce[0m = 784 [0;36mhash[0m = a6ad7b11f509b80bff0e479bd0c0b9d8767671c902d1a6835549797b098a8866 
[0;36mDEBUG[0m[2026-03-16 10:14:11.731]   received shard header from network in block tracker [0;36mshard[0m = 0 [0;36mepoch[0m = 0 [0;36mround[0m = 786 [0;36mnonce[0m = 785 [0;36mhash[0m = d1bb9538791e29308d7678649b9860733b5f897df64d58baa03deeb664fb4da7 
[0;36mDEBUG[0m[2026-03-16 10:14:11.731]   received shard header from network in block tracker [0;36mshard[0m = 0 [0;36mepoch[0m = 0 [0;36mround[0m = 787 [0;36mnonce[0m = 786 [0;36mhash[0m = 33f0e767d767ef442dc5b673f76394365af298e4d22ac991512e3a788fca8880 
[0;36mDEBUG[0m[2026-03-16 10:14:11.731]   received shard header from network in block tracker [0;36mshard[0m = 0 [0;36mepoch[0m = 0 [0;36mround[0m = 788 [0;36mnonce[0m = 787 [0;36mhash[0m = 056ec9f06c4d537090fba559937df66becb993da5246d17d316895fabddcedda 
[0;36mDEBUG[0m[2026-03-16 10:14:11.731]   received shard header from network in block tracker [0;36mshard[0m = 0 [0;36mepoch[0m = 0 [0;36mround[0m = 789 [0;36mnonce[0m = 788 [0;36mhash[0m = a3e34e69a80addd0b1aad7f5c0b6a73593af69ba727daa4c8f0ca4e1a39b3463 
[0;36mDEBUG[0m[2026-03-16 10:14:11.731]   received shard header from network in block tracker [0;36mshard[0m = 0 [0;36mepoch[0m = 0 [0;36mround[0m = 790 [0;36mnonce[0m = 789 [0;36mhash[0m = 8f9bd727ebab7f834af5a76184d3365b1ad22747f4e70867bebdde4d0318b126 
[0;36mDEBUG[0m[2026-03-16 10:14:11.731]   received shard header from network in block tracker [0;36mshard[0m = 0 [0;36mepoch[0m = 0 [0;36mround[0m = 791 [0;36mnonce[0m = 790 [0;36mhash[0m = ec8b155715149f4dfdda3bda2340576c18792a03d349dc38f6bf9ec37fe55e7d 
[0;36mDEBUG[0m[2026-03-16 10:14:11.731]   received shard header from network in block tracker [0;36mshard[0m = 0 [0;36mepoch[0m = 0 [0;36mround[0m = 792 [0;36mnonce[0m = 791 [0;36mhash[0m = bc9fc09de3061fa4e1f58a35715595cfcb3fd7af40c634e73dfd3eae17773d8a 
[0;36mDEBUG[0m[2026-03-16 10:14:11.731]   received shard header from network in block tracker [0;36mshard[0m = 0 [0;36mepoch[0m = 0 [0;36mround[0m = 793 [0;36mnonce[0m = 792 [0;36mhash[0m = 00bfc2e9a735f382e44205ca1ba9f16907de7e4802a024708d24b523270665bf 
[0;36mDEBUG[0m[2026-03-16 10:14:11.731]   received shard header from network in block tracker [0;36mshard[0m = 0 [0;36mepoch[0m = 0 [0;36mround[0m = 794 [0;36mnonce[0m = 793 [0;36mhash[0m = 57e8bb756c39e22fc97b7dd829d7ad45d4f2c0c610c0e60271110f7f5ba7b6d0 
[0;36mDEBUG[0m[2026-03-16 10:14:11.731]   received shard header from network in block tracker [0;36mshard[0m = 0 [0;36mepoch[0m = 0 [0;36mround[0m = 795 [0;36mnonce[0m = 794 [0;36mhash[0m = 81177ba558547554b07e82169e2eac33d7d290f836ae8950df158d2943b43ddf 
[0;36mDEBUG[0m[2026-03-16 10:14:11.731]   received shard header from network in block tracker [0;36mshard[0m = 0 [0;36mepoch[0m = 0 [0;36mround[0m = 796 [0;36mnonce[0m = 795 [0;36mhash[0m = c44813499a01141e354152c5b48d07ce0aa78b90c994331b33555ba70e0446e1 
[0;36mDEBUG[0m[2026-03-16 10:14:11.731]   received shard header from network in block tracker [0;36mshard[0m = 0 [0;36mepoch[0m = 0 [0;36mround[0m = 797 [0;36mnonce[0m = 796 [0;36mhash[0m = 0c2d2ac69f0fe0fe48357b9047e844e2aee6a12b72a9dbea346009742550a80a 
[0;36mDEBUG[0m[2026-03-16 10:14:11.731]   received shard header from network in block tracker [0;36mshard[0m = 0 [0;36mepoch[0m = 0 [0;36mround[0m = 798 [0;36mnonce[0m = 797 [0;36mhash[0m = 8fcf4f5daba1dea129ad6c095eb29f987466a840f3e8b0473d4405a90ed2c138 
[0;36mDEBUG[0m[2026-03-16 10:14:11.731]   received shard header from network in block tracker [0;36mshard[0m = 0 [0;36mepoch[0m = 0 [0;36mround[0m = 799 [0;36mnonce[0m = 798 [0;36mhash[0m = a9f42d090ff2e6c8b921c9cfee2d5975b42360e065573ef9635c78cd4fcaffc9 
[0;36mDEBUG[0m[2026-03-16 10:14:11.731]   received shard header from network in block tracker [0;36mshard[0m = 0 [0;36mepoch[0m = 0 [0;36mround[0m = 800 [0;36mnonce[0m = 799 [0;36mhash[0m = 207e370bbba0ebb79345e24b2e5d51859a968e533288bcd0201fedc99fbf36c2 
[0;36mDEBUG[0m[2026-03-16 10:14:11.731]   received shard header from network in block tracker [0;36mshard[0m = 0 [0;36mepoch[0m = 0 [0;36mround[0m = 801 [0;36mnonce[0m = 800 [0;36mhash[0m = 0af5317f67a5141d75f31656ed3f86472dedc9f094e3c8fa71214e7f96ea7624 
[0;36mDEBUG[0m[2026-03-16 10:14:11.731]   received shard header from network in block tracker [0;36mshard[0m = 0 [0;36mepoch[0m = 0 [0;36mround[0m = 802 [0;36mnonce[0m = 801 [0;36mhash[0m = 90863b2f665ca18e880449a4569e48924bed1e18b99d5826d8e105ab0bfa43b4 
[0;36mDEBUG[0m[2026-03-16 10:14:11.731]   received shard header from network in block tracker [0;36mshard[0m = 0 [0;36mepoch[0m = 0 [0;36mround[0m = 803 [0;36mnonce[0m = 802 [0;36mhash[0m = d245ef7b2194fd4d50e2dc94f55bcb8e655bc29cf94800ac7592060ef879e49a 
[0;36mDEBUG[0m[2026-03-16 10:14:11.731]   received shard header from network in block tracker [0;36mshard[0m = 0 [0;36mepoch[0m = 0 [0;36mround[0m = 804 [0;36mnonce[0m = 803 [0;36mhash[0m = 30c984d2270d87dfdad03bdfc204f1186370056a0a39f7f8c9c21cde012ed475 
[0;36mDEBUG[0m[2026-03-16 10:14:11.731]   received shard header from network in block tracker [0;36mshard[0m = 0 [0;36mepoch[0m = 0 [0;36mround[0m = 805 [0;36mnonce[0m = 804 [0;36mhash[0m = 816159ddd89d1bda67279200c5151c116bddfb5173ac7f709651d24f2dcfd3f6 
[0;36mDEBUG[0m[2026-03-16 10:14:11.731]   received shard header from network in block tracker [0;36mshard[0m = 0 [0;36mepoch[0m = 0 [0;36mround[0m = 806 [0;36mnonce[0m = 805 [0;36mhash[0m = fff381092c9468339ce1b33494bb6bb7e8d94ca301e460b26473ba4581dc382e 
[0;36mDEBUG[0m[2026-03-16 10:14:11.731]   received shard header from network in block tracker [0;36mshard[0m = 0 [0;36mepoch[0m = 0 [0;36mround[0m = 807 [0;36mnonce[0m = 806 [0;36mhash[0m = 10ad6a64ff582076fc6a37df35a77405cab414f9f52f4f8a80e5e83a6b7852ec 
[0;36mDEBUG[0m[2026-03-16 10:14:11.731]   received shard header from network in block tracker [0;36mshard[0m = 0 [0;36mepoch[0m = 0 [0;36mround[0m = 808 [0;36mnonce[0m = 807 [0;36mhash[0m = 9c27be5cd9719bd1ab64741b9da70a8823aa7ae2404075abfae4f04956b53d9e 
[0;36mDEBUG[0m[2026-03-16 10:14:11.731]   received shard header from network in block tracker [0;36mshard[0m = 0 [0;36mepoch[0m = 0 [0;36mround[0m = 809 [0;36mnonce[0m = 808 [0;36mhash[0m = 6a81f6aac670f2b7f1ecbd396e73fdb8bd830e249c1c74a3d0528ad8a342b469 
[0;36mDEBUG[0m[2026-03-16 10:14:11.731]   received shard header from network in block tracker [0;36mshard[0m = 0 [0;36mepoch[0m = 0 [0;36mround[0m = 810 [0;36mnonce[0m = 809 [0;36mhash[0m = 6ef20c2b887652a2221932b7055aa9d0d32acaaf74d6f875ffb8067f975d5124 
[0;36mDEBUG[0m[2026-03-16 10:14:11.731]   received shard header from network in block tracker [0;36mshard[0m = 0 [0;36mepoch[0m = 0 [0;36mround[0m = 811 [0;36mnonce[0m = 810 [0;36mhash[0m = adf70ef218023e04d0bd69d955e0748cd1774029c619d554f771f1e0db1c246a 
[0;36mDEBUG[0m[2026-03-16 10:14:11.731]   received shard header from network in block tracker [0;36mshard[0m = 0 [0;36mepoch[0m = 0 [0;36mround[0m = 812 [0;36mnonce[0m = 811 [0;36mhash[0m = 82364b068dce78e27c94b907b1939517bc725a6a212ed4364d2ff58b59821fd4 
[0;36mDEBUG[0m[2026-03-16 10:14:11.731]   received shard header from network in block tracker [0;36mshard[0m = 0 [0;36mepoch[0m = 0 [0;36mround[0m = 813 [0;36mnonce[0m = 812 [0;36mhash[0m = 6fac292fa6c0d0afa6f1b5ffc2d7e210584160a31f8f65364c5041c62a33fc98 
[0;36mDEBUG[0m[2026-03-16 10:14:11.731]   received shard header from network in block tracker [0;36mshard[0m = 0 [0;36mepoch[0m = 0 [0;36mround[0m = 814 [0;36mnonce[0m = 813 [0;36mhash[0m = 71aea162a020e4ec9e72038b433fce267771e0b4300bdcc07b4819559407b7d9 
[0;36mDEBUG[0m[2026-03-16 10:14:11.731]   received shard header from network in block tracker [0;36mshard[0m = 0 [0;36mepoch[0m = 0 [0;36mround[0m = 815 [0;36mnonce[0m = 814 [0;36mhash[0m = 86ef67ecae3da2ce4310217858239ff27998faf19c6a53aa3b033622246e8629 
[0;36mDEBUG[0m[2026-03-16 10:14:11.731]   received shard header from network in block tracker [0;36mshard[0m = 0 [0;36mepoch[0m = 0 [0;36mround[0m = 816 [0;36mnonce[0m = 815 [0;36mhash[0m = 15dfd7ddbf04bdc52ca560b2483408f2dd9a2f1fb9f7680e26259b84a84415f2 
[0;36mDEBUG[0m[2026-03-16 10:14:11.731]   received shard header from network in block tracker [0;36mshard[0m = 0 [0;36mepoch[0m = 0 [0;36mround[0m = 817 [0;36mnonce[0m = 816 [0;36mhash[0m = 844a34fc1c0409b4efc6630ad7df40873207f01ebeab8e33837087691245adec 
[0;36mDEBUG[0m[2026-03-16 10:14:11.731]   received shard header from network in block tracker [0;36mshard[0m = 0 [0;36mepoch[0m = 0 [0;36mround[0m = 818 [0;36mnonce[0m = 817 [0;36mhash[0m = 2bb9d93343f0e1ba6ac6c8144fb8b9f0304b36593639b77bb8c0d11a0922db31 
[0;36mDEBUG[0m[2026-03-16 10:14:11.731]   received shard header from network in block tracker [0;36mshard[0m = 0 [0;36mepoch[0m = 0 [0;36mround[0m = 819 [0;36mnonce[0m = 818 [0;36mhash[0m = 6ac0df7d6ffc74cfdcb8d30d0c81853cc509a6edf0041135983fdf58eaf43026 
[0;36mDEBUG[0m[2026-03-16 10:14:11.731]   received shard header from network in block tracker [0;36mshard[0m = 0 [0;36mepoch[0m = 0 [0;36mround[0m = 820 [0;36mnonce[0m = 819 [0;36mhash[0m = a62bc7fcdccd00e12492dc3ba0d8c0c0c84b24c66e3600ae1e80c6f9bedb9154 
[0;36mDEBUG[0m[2026-03-16 10:14:11.731]   received shard header from network in block tracker [0;36mshard[0m = 0 [0;36mepoch[0m = 0 [0;36mround[0m = 821 [0;36mnonce[0m = 820 [0;36mhash[0m = c75168d24e95e231fa95892e9cc05032be1c535bf734a1ba220dc8452051a33c 
[0;36mDEBUG[0m[2026-03-16 10:14:11.731]   received shard header from network in block tracker [0;36mshard[0m = 0 [0;36mepoch[0m = 0 [0;36mround[0m = 822 [0;36mnonce[0m = 821 [0;36mhash[0m = 668e5f881f3ec89c4ce0e7928c0e6e6ee55b6cfa95ce878bb981e2d617b7f095 
[0;36mDEBUG[0m[2026-03-16 10:14:11.731]   received shard header from network in block tracker [0;36mshard[0m = 0 [0;36mepoch[0m = 0 [0;36mround[0m = 823 [0;36mnonce[0m = 822 [0;36mhash[0m = 1abb1d7ddec6ffa41b8a1605dcd6896494e9992fe0cd40688b22514a83d988cd 
[0;36mDEBUG[0m[2026-03-16 10:14:11.731]   received shard header from network in block tracker [0;36mshard[0m = 0 [0;36mepoch[0m = 0 [0;36mround[0m = 824 [0;36mnonce[0m = 823 [0;36mhash[0m = 4c240c8bf7a7297136a153257ca46bc13352b28fcf164000c2785acea814d3c0 
[0;36mDEBUG[0m[2026-03-16 10:14:11.732]   received shard header from network in block tracker [0;36mshard[0m = 0 [0;36mepoch[0m = 0 [0;36mround[0m = 825 [0;36mnonce[0m = 824 [0;36mhash[0m = ea957bb6e7464b76432e4abc79d58fc936a787f37add7e6818f55f5118526792 
[0;36mDEBUG[0m[2026-03-16 10:14:11.732]   received shard header from network in block tracker [0;36mshard[0m = 0 [0;36mepoch[0m = 0 [0;36mround[0m = 826 [0;36mnonce[0m = 825 [0;36mhash[0m = bea3473e59a19c49e25ab4fc6559f10870743b42ca5ae015bf72bf88e2bc2a39 
[0;36mDEBUG[0m[2026-03-16 10:14:11.732]   received shard header from network in block tracker [0;36mshard[0m = 0 [0;36mepoch[0m = 0 [0;36mround[0m = 827 [0;36mnonce[0m = 826 [0;36mhash[0m = 852c1384cebe230caaa03277a812f175962b8da97c91873ebdc93b39ad8319a4 
[0;36mDEBUG[0m[2026-03-16 10:14:11.732]   received shard header from network in block tracker [0;36mshard[0m = 0 [0;36mepoch[0m = 0 [0;36mround[0m = 828 [0;36mnonce[0m = 827 [0;36mhash[0m = 1e6b532fb0efac6e8a2754a35f0008bc6709b82c77335a479ca80f474c826029 
[0;36mDEBUG[0m[2026-03-16 10:14:11.732]   received shard header from network in block tracker [0;36mshard[0m = 0 [0;36mepoch[0m = 0 [0;36mround[0m = 829 [0;36mnonce[0m = 828 [0;36mhash[0m = 4c4d68acc6658dd0bae4e4fc6f76a32aaf3c7989d3b5e93fdec7daf9f0bbd5de 
[0;36mDEBUG[0m[2026-03-16 10:14:11.732]   received shard header from network in block tracker [0;36mshard[0m = 0 [0;36mepoch[0m = 0 [0;36mround[0m = 830 [0;36mnonce[0m = 829 [0;36mhash[0m = b289cfc0619ad162294f622a2a4a658ab449487d97ca93d63eb1e6f4731aadd9 
[0;36mDEBUG[0m[2026-03-16 10:14:11.732]   received shard header from network in block tracker [0;36mshard[0m = 0 [0;36mepoch[0m = 0 [0;36mround[0m = 831 [0;36mnonce[0m = 830 [0;36mhash[0m = c09531996df564e45fc6d06cd8590175e14dbb36a5d528731757c614febd19a3 
[0;36mDEBUG[0m[2026-03-16 10:14:11.732]   received shard header from network in block tracker [0;36mshard[0m = 0 [0;36mepoch[0m = 0 [0;36mround[0m = 832 [0;36mnonce[0m = 831 [0;36mhash[0m = 06afe61a85600fd970073624898d38c5ccfb1491e1af42a1932583fcba044f54 
[0;36mDEBUG[0m[2026-03-16 10:14:11.732]   received shard header from network in block tracker [0;36mshard[0m = 0 [0;36mepoch[0m = 0 [0;36mround[0m = 833 [0;36mnonce[0m = 832 [0;36mhash[0m = 0b8060eaaa12d5518c3bf09cecb4afa11619f0156ee271cc4032685be3415664 
[0;36mDEBUG[0m[2026-03-16 10:14:11.732]   received shard header from network in block tracker [0;36mshard[0m = 0 [0;36mepoch[0m = 0 [0;36mround[0m = 834 [0;36mnonce[0m = 833 [0;36mhash[0m = da32c3c3d1e5eb02bc070f43d45a77846e21931eca0efcb387e1acfba5433906 
[0;36mDEBUG[0m[2026-03-16 10:14:11.732]   received shard header from network in block tracker [0;36mshard[0m = 0 [0;36mepoch[0m = 0 [0;36mround[0m = 835 [0;36mnonce[0m = 834 [0;36mhash[0m = 38d28fc51e821884c61c389d56f5cc1d9b4f66f13ea494be18c6ebf9425a993a 
[0;36mDEBUG[0m[2026-03-16 10:14:11.732]   received shard header from network in block tracker [0;36mshard[0m = 0 [0;36mepoch[0m = 0 [0;36mround[0m = 836 [0;36mnonce[0m = 835 [0;36mhash[0m = 09462a9d67fdc9d642098867aac845259a1eb183877a6dcb674b6535ae3a12f3 
[0;36mDEBUG[0m[2026-03-16 10:14:11.732]   received shard header from network in block tracker [0;36mshard[0m = 0 [0;36mepoch[0m = 0 [0;36mround[0m = 837 [0;36mnonce[0m = 836 [0;36mhash[0m = 4d8a7f509b90817db0f9e9a9983c892cd270bc192663a10222b25ed7979286e7 
[0;36mDEBUG[0m[2026-03-16 10:14:11.732]   received shard header from network in block tracker [0;36mshard[0m = 0 [0;36mepoch[0m = 0 [0;36mround[0m = 838 [0;36mnonce[0m = 837 [0;36mhash[0m = 7dcb051881a9e43ad81ad8023be4ee2098544164278b1e0b387cf77af06c6d32 
[0;36mDEBUG[0m[2026-03-16 10:14:11.732]   received shard header from network in block tracker [0;36mshard[0m = 0 [0;36mepoch[0m = 0 [0;36mround[0m = 839 [0;36mnonce[0m = 838 [0;36mhash[0m = e3e7ee47e260d66c129a97ff93e321b522069bcac3d79bf07b8370997466501d 
[0;36mDEBUG[0m[2026-03-16 10:14:11.732]   received shard header from network in block tracker [0;36mshard[0m = 0 [0;36mepoch[0m = 0 [0;36mround[0m = 840 [0;36mnonce[0m = 839 [0;36mhash[0m = 64c5851dfe76b6112c4745d66d26c9afd6a6e98aadf24d6279132c65b949e0b8 
[0;36mDEBUG[0m[2026-03-16 10:14:11.732]   received shard header from network in block tracker [0;36mshard[0m = 0 [0;36mepoch[0m = 0 [0;36mround[0m = 841 [0;36mnonce[0m = 840 [0;36mhash[0m = b61668fa3c4e1db31300047e70b2e606723f5e32018f1e7db7e3fb0c0f4bc72a 
[0;36mDEBUG[0m[2026-03-16 10:14:11.732]   received shard header from network in block tracker [0;36mshard[0m = 0 [0;36mepoch[0m = 0 [0;36mround[0m = 842 [0;36mnonce[0m = 841 [0;36mhash[0m = 0ace953f04fc5aec23e004fe1235170669f87c0dc0011998afeb0aabeeeeca14 
[0;36mDEBUG[0m[2026-03-16 10:14:11.732]   received shard header from network in block tracker [0;36mshard[0m = 0 [0;36mepoch[0m = 0 [0;36mround[0m = 843 [0;36mnonce[0m = 842 [0;36mhash[0m = fe56a8839823b15633a6cc6b56eb5f2479034552a2992f9ca7060c5c0d1e6e13 
[0;36mDEBUG[0m[2026-03-16 10:14:11.732]   received shard header from network in block tracker [0;36mshard[0m = 0 [0;36mepoch[0m = 0 [0;36mround[0m = 844 [0;36mnonce[0m = 843 [0;36mhash[0m = 475dac53bb358452b04fec2ed8556b50c30406829e391240e295146f37066077 
[0;36mDEBUG[0m[2026-03-16 10:14:11.732]   received shard header from network in block tracker [0;36mshard[0m = 0 [0;36mepoch[0m = 0 [0;36mround[0m = 845 [0;36mnonce[0m = 844 [0;36mhash[0m = 31ebf9fe4b86e3c52037133d87d53acb94582bf7b119c9408fd17329ac2ee72e 
[0;36mDEBUG[0m[2026-03-16 10:14:11.732]   received shard header from network in block tracker [0;36mshard[0m = 0 [0;36mepoch[0m = 0 [0;36mround[0m = 846 [0;36mnonce[0m = 845 [0;36mhash[0m = 9d6a85eb1509219c6790e285696d205b5c35d597523cc9921953adf461be67f5 
[0;36mDEBUG[0m[2026-03-16 10:14:11.732]   received shard header from network in block tracker [0;36mshard[0m = 0 [0;36mepoch[0m = 0 [0;36mround[0m = 847 [0;36mnonce[0m = 846 [0;36mhash[0m = ec3dd3c16bb2d46e798e02308177a5b3919ebd51c7e5fde722c917ea402a6c3b 
[0;36mDEBUG[0m[2026-03-16 10:14:11.732]   received shard header from network in block tracker [0;36mshard[0m = 0 [0;36mepoch[0m = 0 [0;36mround[0m = 848 [0;36mnonce[0m = 847 [0;36mhash[0m = 1713be3ecd332c6b1b382da0240b14472ea775074aa508326395e56e86333a5c 
[0;36mDEBUG[0m[2026-03-16 10:14:11.732]   received shard header from network in block tracker [0;36mshard[0m = 0 [0;36mepoch[0m = 0 [0;36mround[0m = 849 [0;36mnonce[0m = 848 [0;36mhash[0m = c958b490138f99441eeb72ccf4cb80e244732fde412ee59695d17624bc8e7e17 
[0;36mDEBUG[0m[2026-03-16 10:14:11.732]   received shard header from network in block tracker [0;36mshard[0m = 0 [0;36mepoch[0m = 0 [0;36mround[0m = 850 [0;36mnonce[0m = 849 [0;36mhash[0m = 8bb7328fde2d55fef00fb58d4b9420b3d2bbce1930acf94c4aa8b20e2e5ea5ac 
[0;36mDEBUG[0m[2026-03-16 10:14:11.732]   received shard header from network in block tracker [0;36mshard[0m = 0 [0;36mepoch[0m = 0 [0;36mround[0m = 851 [0;36mnonce[0m = 850 [0;36mhash[0m = 3951989ebdfd76bb7d96ee0b70804e3573caea3476d6ef02957f6dde825c9cf2 
[0;36mDEBUG[0m[2026-03-16 10:14:11.732]   received shard header from network in block tracker [0;36mshard[0m = 0 [0;36mepoch[0m = 0 [0;36mround[0m = 852 [0;36mnonce[0m = 851 [0;36mhash[0m = 88d5150bd65fa51167841f954359dbc429ba4ec9c3057cdd78dc7019a59de222 
[0;36mDEBUG[0m[2026-03-16 10:14:11.732]   received shard header from network in block tracker [0;36mshard[0m = 0 [0;36mepoch[0m = 0 [0;36mround[0m = 853 [0;36mnonce[0m = 852 [0;36mhash[0m = 9836d0bdf2fef515ee08bd0241598a21a52542bbb7ea7a70ddffeaee53427dc5 
[0;36mDEBUG[0m[2026-03-16 10:14:11.732]   received shard header from network in block tracker [0;36mshard[0m = 0 [0;36mepoch[0m = 0 [0;36mround[0m = 854 [0;36mnonce[0m = 853 [0;36mhash[0m = 94e3677b2709cf16a3cc8e77cec01fd577840e31d1f49a2e1372b9160da6dba6 
[0;36mDEBUG[0m[2026-03-16 10:14:11.732]   received shard header from network in block tracker [0;36mshard[0m = 0 [0;36mepoch[0m = 0 [0;36mround[0m = 855 [0;36mnonce[0m = 854 [0;36mhash[0m = 82c6d5389445be70c555d7a01386d297a224f79bbe27aa9b1683235b2688eaea 
[0;36mDEBUG[0m[2026-03-16 10:14:11.732]   received shard header from network in block tracker [0;36mshard[0m = 0 [0;36mepoch[0m = 0 [0;36mround[0m = 856 [0;36mnonce[0m = 855 [0;36mhash[0m = eb2a2a0a7450a8bf9bbdfb820108dd5496c3c23e95ef9e50fe6dbc2b615ae5de 
[0;36mDEBUG[0m[2026-03-16 10:14:11.732]   received shard header from network in block tracker [0;36mshard[0m = 0 [0;36mepoch[0m = 0 [0;36mround[0m = 857 [0;36mnonce[0m = 856 [0;36mhash[0m = 386bbefef1432ad5cba82987d4310c4c649bd0d8303882af0bb6ee8824302bf6 
[0;36mDEBUG[0m[2026-03-16 10:14:11.732]   received shard header from network in block tracker [0;36mshard[0m = 0 [0;36mepoch[0m = 0 [0;36mround[0m = 858 [0;36mnonce[0m = 857 [0;36mhash[0m = 8440690300576c367444bd8ac2f3b34e775ea0efe930dbd918fdb0aea0408208 
[0;36mDEBUG[0m[2026-03-16 10:14:11.732]   received shard header from network in block tracker [0;36mshard[0m = 0 [0;36mepoch[0m = 0 [0;36mround[0m = 859 [0;36mnonce[0m = 858 [0;36mhash[0m = 2353df051e0346a60e9b827b78bcbe91213d033df053c324d5bd6c5f3776a57a 
[0;36mDEBUG[0m[2026-03-16 10:14:11.732]   received shard header from network in block tracker [0;36mshard[0m = 0 [0;36mepoch[0m = 0 [0;36mround[0m = 860 [0;36mnonce[0m = 859 [0;36mhash[0m = 506a6b67954790d0922d6b67f0b31a29b2ca27f0c15f8c33f6c15234004201e1 
[0;36mDEBUG[0m[2026-03-16 10:14:11.732]   received shard header from network in block tracker [0;36mshard[0m = 0 [0;36mepoch[0m = 0 [0;36mround[0m = 861 [0;36mnonce[0m = 860 [0;36mhash[0m = 7d23e4d5de626c895f366952bc1843d52253404d0341e6a1de924d30bc639e99 
[0;36mDEBUG[0m[2026-03-16 10:14:11.732]   received shard header from network in block tracker [0;36mshard[0m = 0 [0;36mepoch[0m = 0 [0;36mround[0m = 862 [0;36mnonce[0m = 861 [0;36mhash[0m = 694267898d8c89c5f6109193e3f799d4c8bdc4ea123ea2978bdee474d398c8f6 
[0;36mDEBUG[0m[2026-03-16 10:14:11.732]   received shard header from network in block tracker [0;36mshard[0m = 0 [0;36mepoch[0m = 0 [0;36mround[0m = 863 [0;36mnonce[0m = 862 [0;36mhash[0m = 96c9afc39df7e24f1ec104edfd3380c5c3da03e6e653f9ef5c10961295b19453 
[0;36mDEBUG[0m[2026-03-16 10:14:11.732]   received shard header from network in block tracker [0;36mshard[0m = 0 [0;36mepoch[0m = 0 [0;36mround[0m = 864 [0;36mnonce[0m = 863 [0;36mhash[0m = b609bc15911cef534b1ac9225716870bdcd91611fb53c8d0b3f490b254c0d92d 
[0;36mDEBUG[0m[2026-03-16 10:14:11.732]   received shard header from network in block tracker [0;36mshard[0m = 0 [0;36mepoch[0m = 0 [0;36mround[0m = 865 [0;36mnonce[0m = 864 [0;36mhash[0m = e36c1f753e7af792f8a47d144f0b665cda2d411d546fff32f937566cd6c49c96 
[0;36mDEBUG[0m[2026-03-16 10:14:11.732]   received shard header from network in block tracker [0;36mshard[0m = 0 [0;36mepoch[0m = 0 [0;36mround[0m = 866 [0;36mnonce[0m = 865 [0;36mhash[0m = e0dc92a01f0eb66142146a953f13d594d6b9d6460c4edd326e642a28695f7364 
[0;36mDEBUG[0m[2026-03-16 10:14:11.732]   received shard header from network in block tracker [0;36mshard[0m = 0 [0;36mepoch[0m = 0 [0;36mround[0m = 867 [0;36mnonce[0m = 866 [0;36mhash[0m = bfa143ec8f94d7bd6ec56cc702c6fbf4f375883374268c1860c4e34a73d9d09d 
[0;36mDEBUG[0m[2026-03-16 10:14:11.732]   received shard header from network in block tracker [0;36mshard[0m = 0 [0;36mepoch[0m = 0 [0;36mround[0m = 868 [0;36mnonce[0m = 867 [0;36mhash[0m = fe2ae92391427a358eb74770144ef24314aa9dbb0460f6ba0decb29f7348a932 
[0;36mDEBUG[0m[2026-03-16 10:14:11.732]   received shard header from network in block tracker [0;36mshard[0m = 0 [0;36mepoch[0m = 0 [0;36mround[0m = 869 [0;36mnonce[0m = 868 [0;36mhash[0m = c69050031d7477c0d9d6c9c07e2033f62eb0a7c75cf97f1c62be0c5e3ae9c999 
[0;36mDEBUG[0m[2026-03-16 10:14:11.732]   received shard header from network in block tracker [0;36mshard[0m = 0 [0;36mepoch[0m = 0 [0;36mround[0m = 870 [0;36mnonce[0m = 869 [0;36mhash[0m = 96556a005e47dd038dc015778799b43d9d2ba4ced57974ffe136ed8300497159 
[0;36mDEBUG[0m[2026-03-16 10:14:11.733]   received shard header from network in block tracker [0;36mshard[0m = 0 [0;36mepoch[0m = 0 [0;36mround[0m = 871 [0;36mnonce[0m = 870 [0;36mhash[0m = 912a239c8ce360a990a933275ee64aa261172d80c8431fa36f901a34d271328f 
[0;36mDEBUG[0m[2026-03-16 10:14:11.733]   received shard header from network in block tracker [0;36mshard[0m = 0 [0;36mepoch[0m = 0 [0;36mround[0m = 872 [0;36mnonce[0m = 871 [0;36mhash[0m = 5af45233d694fefba204425239cf723c2c2d65bc8b78649a7ecc4b4f0da4ae50 
[0;36mDEBUG[0m[2026-03-16 10:14:11.733]   received shard header from network in block tracker [0;36mshard[0m = 0 [0;36mepoch[0m = 0 [0;36mround[0m = 873 [0;36mnonce[0m = 872 [0;36mhash[0m = 8b11b2f3f4e6dc836daf9a42323a9b2ba30dfae6e9a4ec95a51c9ef151cc873c 
[0;36mDEBUG[0m[2026-03-16 10:14:11.733]   received shard header from network in block tracker [0;36mshard[0m = 0 [0;36mepoch[0m = 0 [0;36mround[0m = 874 [0;36mnonce[0m = 873 [0;36mhash[0m = c734fe94ec12fd900ffa35d9348f11c156a36d9ac904e61503f2d1a205bf8fce 
[0;36mDEBUG[0m[2026-03-16 10:14:11.733]   received shard header from network in block tracker [0;36mshard[0m = 0 [0;36mepoch[0m = 0 [0;36mround[0m = 875 [0;36mnonce[0m = 874 [0;36mhash[0m = 648ba5c1cf25abc2c918ba9e90e429a6199e949ce4300c8a3419773b72311911 
[0;36mDEBUG[0m[2026-03-16 10:14:11.733]   received shard header from network in block tracker [0;36mshard[0m = 0 [0;36mepoch[0m = 0 [0;36mround[0m = 876 [0;36mnonce[0m = 875 [0;36mhash[0m = 13180ba752efcf6ec55b955b0fbbc8f9d11b93d9ccce3c1542bacecdde5236a1 
[0;36mDEBUG[0m[2026-03-16 10:14:11.733]   received shard header from network in block tracker [0;36mshard[0m = 0 [0;36mepoch[0m = 0 [0;36mround[0m = 877 [0;36mnonce[0m = 876 [0;36mhash[0m = 8778b1758fb82a345fc15d185c82837b55050710dbda9a3bb8e02d8a21b98853 
[0;36mDEBUG[0m[2026-03-16 10:14:11.733]   received shard header from network in block tracker [0;36mshard[0m = 0 [0;36mepoch[0m = 0 [0;36mround[0m = 878 [0;36mnonce[0m = 877 [0;36mhash[0m = 67e59b0dbc14097461c20e9fc16ad56d22a3fbd6a817d4128c9650ac110ef473 
[0;36mDEBUG[0m[2026-03-16 10:14:11.733]   received shard header from network in block tracker [0;36mshard[0m = 0 [0;36mepoch[0m = 0 [0;36mround[0m = 879 [0;36mnonce[0m = 878 [0;36mhash[0m = ebcdddea080d92ab1c7d2ce359c27b0047a9d6fc479fc8ef136d6f779ccdc85d 
[0;36mDEBUG[0m[2026-03-16 10:14:11.733]   received shard header from network in block tracker [0;36mshard[0m = 0 [0;36mepoch[0m = 0 [0;36mround[0m = 880 [0;36mnonce[0m = 879 [0;36mhash[0m = f805a2435d404464285704ef264063b8560c1acf33d23206baba7da6fb5c41fc 
[0;36mDEBUG[0m[2026-03-16 10:14:11.733]   received shard header from network in block tracker [0;36mshard[0m = 0 [0;36mepoch[0m = 0 [0;36mround[0m = 881 [0;36mnonce[0m = 880 [0;36mhash[0m = 360b3bacce96708107fdd1549585e4d8b1b9d816fd1837f7b81c0eadf2c4a0a7 
[0;36mDEBUG[0m[2026-03-16 10:14:11.733]   received shard header from network in block tracker [0;36mshard[0m = 0 [0;36mepoch[0m = 0 [0;36mround[0m = 882 [0;36mnonce[0m = 881 [0;36mhash[0m = 1e9ac578d652574fe4c1e9efb831a260e9fc86035753d48aaa899c1f9bd15195 
[0;36mDEBUG[0m[2026-03-16 10:14:11.733]   received shard header from network in block tracker [0;36mshard[0m = 0 [0;36mepoch[0m = 0 [0;36mround[0m = 883 [0;36mnonce[0m = 882 [0;36mhash[0m = e946aa401c3b5c0583fad608a89479b124efa1c0a23e9d2a7bec4b011c7ed155 
[0;36mDEBUG[0m[2026-03-16 10:14:11.733]   received shard header from network in block tracker [0;36mshard[0m = 0 [0;36mepoch[0m = 0 [0;36mround[0m = 884 [0;36mnonce[0m = 883 [0;36mhash[0m = b2fe1c9c09153946aea855cc81808ca3f45491295fce102d913503ed3c044dc9 
[0;36mDEBUG[0m[2026-03-16 10:14:11.733]   received shard header from network in block tracker [0;36mshard[0m = 0 [0;36mepoch[0m = 0 [0;36mround[0m = 885 [0;36mnonce[0m = 884 [0;36mhash[0m = dd766ffaefeb04c3184dd27bc01d172b93651c63e7cf0cd871ce4bcb709e4a44 
[0;36mDEBUG[0m[2026-03-16 10:14:11.733]   received shard header from network in block tracker [0;36mshard[0m = 0 [0;36mepoch[0m = 0 [0;36mround[0m = 886 [0;36mnonce[0m = 885 [0;36mhash[0m = 313320445a6a9600920d8bdc47e8a5fcae22a5bbdeaaa8b691c8cfbbcaa4b328 
[0;36mDEBUG[0m[2026-03-16 10:14:11.733]   received shard header from network in block tracker [0;36mshard[0m = 0 [0;36mepoch[0m = 0 [0;36mround[0m = 887 [0;36mnonce[0m = 886 [0;36mhash[0m = ecf7ed65618476c0f52e6ae5edee0a7de530dffd5694a459319bf8c341bcd036 
[0;36mDEBUG[0m[2026-03-16 10:14:11.733]   received shard header from network in block tracker [0;36mshard[0m = 0 [0;36mepoch[0m = 0 [0;36mround[0m = 888 [0;36mnonce[0m = 887 [0;36mhash[0m = e9676fbb8316356064763ff8db3078fb376474bc60a794a81bcdc4c127a80408 
[0;36mDEBUG[0m[2026-03-16 10:14:11.733]   received shard header from network in block tracker [0;36mshard[0m = 0 [0;36mepoch[0m = 0 [0;36mround[0m = 889 [0;36mnonce[0m = 888 [0;36mhash[0m = 4feeaafa916e164bfd7e857fc53657547d602e25fae91e267e07103506a38f96 
[0;36mDEBUG[0m[2026-03-16 10:14:11.733]   received shard header from network in block tracker [0;36mshard[0m = 0 [0;36mepoch[0m = 0 [0;36mround[0m = 890 [0;36mnonce[0m = 889 [0;36mhash[0m = ca9b287cbbf20f1b2010fc81031593935b2d9b46c47630a7ddd7e0724169df24 
[0;36mDEBUG[0m[2026-03-16 10:14:11.733]   received shard header from network in block tracker [0;36mshard[0m = 0 [0;36mepoch[0m = 0 [0;36mround[0m = 891 [0;36mnonce[0m = 890 [0;36mhash[0m = e1809eaa7818633cd36dc2b98d9486c5b42469079722e9b2fd4b7d4443886b7b 
[0;36mDEBUG[0m[2026-03-16 10:14:11.733]   received shard header from network in block tracker [0;36mshard[0m = 0 [0;36mepoch[0m = 0 [0;36mround[0m = 892 [0;36mnonce[0m = 891 [0;36mhash[0m = a311deac971e8ae18f1a50a1acc2c84ecabfec68e3593b49047b04ce589bc006 
[0;36mDEBUG[0m[2026-03-16 10:14:11.733]   received shard header from network in block tracker [0;36mshard[0m = 0 [0;36mepoch[0m = 0 [0;36mround[0m = 893 [0;36mnonce[0m = 892 [0;36mhash[0m = 95bd6ae70873dc78895b582f7c0d3d2d8b39c6aab2aecc0396e3a2202b0d7fdc 
[0;36mDEBUG[0m[2026-03-16 10:14:11.733]   received shard header from network in block tracker [0;36mshard[0m = 0 [0;36mepoch[0m = 0 [0;36mround[0m = 894 [0;36mnonce[0m = 893 [0;36mhash[0m = 665523c4138e6a796abfaf07f9ecbaa728cf70f2c5100d9583228dee823f07e6 
[0;36mDEBUG[0m[2026-03-16 10:14:11.733]   received shard header from network in block tracker [0;36mshard[0m = 0 [0;36mepoch[0m = 0 [0;36mround[0m = 895 [0;36mnonce[0m = 894 [0;36mhash[0m = f907a954469afd536bd22c4489fefc289be8d9e0c25948260e5ab729cbe12fa2 
[0;36mDEBUG[0m[2026-03-16 10:14:11.733]   received shard header from network in block tracker [0;36mshard[0m = 0 [0;36mepoch[0m = 0 [0;36mround[0m = 896 [0;36mnonce[0m = 895 [0;36mhash[0m = 2c204733cd4b411735f4540db40c8c2f6a7727f9e25d80aa8f4579a28ad8f693 
[0;36mDEBUG[0m[2026-03-16 10:14:11.733]   received shard header from network in block tracker [0;36mshard[0m = 0 [0;36mepoch[0m = 0 [0;36mround[0m = 897 [0;36mnonce[0m = 896 [0;36mhash[0m = c7b2e4f7c5791e87165c019b1438063ea55b1283ec9b60c319a5f58ab43472c2 
[0;36mDEBUG[0m[2026-03-16 10:14:11.733]   received shard header from network in block tracker [0;36mshard[0m = 0 [0;36mepoch[0m = 0 [0;36mround[0m = 898 [0;36mnonce[0m = 897 [0;36mhash[0m = 09d891975d02fd597b88f747c8547f105fb58034bde36b76171b0e5adfbf4ca6 
[0;36mDEBUG[0m[2026-03-16 10:14:11.733]   received shard header from network in block tracker [0;36mshard[0m = 0 [0;36mepoch[0m = 0 [0;36mround[0m = 899 [0;36mnonce[0m = 898 [0;36mhash[0m = 30675bf7789764f6075de1115dd865528cbb0502c20bc5c592ab552ec812d0ce 
[0;36mDEBUG[0m[2026-03-16 10:14:11.733]   received shard header from network in block tracker [0;36mshard[0m = 0 [0;36mepoch[0m = 0 [0;36mround[0m = 900 [0;36mnonce[0m = 899 [0;36mhash[0m = 483116b691e082616959b320fa1c5bc4a6fb4f54c21b47ad9ff34c925d614832 
[0;36mDEBUG[0m[2026-03-16 10:14:11.733]   received shard header from network in block tracker [0;36mshard[0m = 0 [0;36mepoch[0m = 0 [0;36mround[0m = 901 [0;36mnonce[0m = 900 [0;36mhash[0m = 76de510a77c3222f661431bc6d7b12291cfad42b00dfd96abe8ef524fc7c91a5 
[0;36mDEBUG[0m[2026-03-16 10:14:11.733]   received shard header from network in block tracker [0;36mshard[0m = 0 [0;36mepoch[0m = 0 [0;36mround[0m = 902 [0;36mnonce[0m = 901 [0;36mhash[0m = 03d3bbcc9db405ff5b890e6f6b282b10e7ff0b46d36b91f286a38b3049deaa10 
[0;36mDEBUG[0m[2026-03-16 10:14:11.733]   received shard header from network in block tracker [0;36mshard[0m = 0 [0;36mepoch[0m = 0 [0;36mround[0m = 903 [0;36mnonce[0m = 902 [0;36mhash[0m = 5d3f7b723e00ea2748c015e247bad015382b540a0187a35f352cf12ed2c31030 
[0;36mDEBUG[0m[2026-03-16 10:14:11.733]   received shard header from network in block tracker [0;36mshard[0m = 0 [0;36mepoch[0m = 0 [0;36mround[0m = 904 [0;36mnonce[0m = 903 [0;36mhash[0m = ddd8c6f40d2733e4f2ab982ab948d33f2973de6e31563911b3a6042a62c95c8d 
[0;36mDEBUG[0m[2026-03-16 10:14:11.733]   received shard header from network in block tracker [0;36mshard[0m = 0 [0;36mepoch[0m = 0 [0;36mround[0m = 905 [0;36mnonce[0m = 904 [0;36mhash[0m = d8fd43c801020dcc00dc79c381a2546667b6e745b147b6056dafebf5db0c406f 
[0;36mDEBUG[0m[2026-03-16 10:14:11.733]   received shard header from network in block tracker [0;36mshard[0m = 0 [0;36mepoch[0m = 0 [0;36mround[0m = 906 [0;36mnonce[0m = 905 [0;36mhash[0m = 339566fb54129c85492b8a010b477e8a4941fcbfa1e9c50d8cfeaa40f202d283 
[0;36mDEBUG[0m[2026-03-16 10:14:11.733]   received shard header from network in block tracker [0;36mshard[0m = 0 [0;36mepoch[0m = 0 [0;36mround[0m = 907 [0;36mnonce[0m = 906 [0;36mhash[0m = 574d8460a1e2b35253110ff89ba94c1033402e24fc6b6385dc41b46b593034b3 
[0;36mDEBUG[0m[2026-03-16 10:14:11.733]   received shard header from network in block tracker [0;36mshard[0m = 0 [0;36mepoch[0m = 0 [0;36mround[0m = 908 [0;36mnonce[0m = 907 [0;36mhash[0m = 8332dadb13dbb1a6811d27d524616749f0f8f5117dcb55803974fb21332fbe22 
[0;36mDEBUG[0m[2026-03-16 10:14:11.733]   received shard header from network in block tracker [0;36mshard[0m = 0 [0;36mepoch[0m = 0 [0;36mround[0m = 909 [0;36mnonce[0m = 908 [0;36mhash[0m = bd8014cfb885550b3d4e762e1819461ad32a6ab4dfd12b90a8dcd1545d41b6f2 
[0;36mDEBUG[0m[2026-03-16 10:14:11.733]   received shard header from network in block tracker [0;36mshard[0m = 0 [0;36mepoch[0m = 0 [0;36mround[0m = 910 [0;36mnonce[0m = 909 [0;36mhash[0m = 9da99ce4417bde306106fc8163ef336cec4872b3b20b9de424836d62302a5004 
[0;36mDEBUG[0m[2026-03-16 10:14:11.733]   received shard header from network in block tracker [0;36mshard[0m = 0 [0;36mepoch[0m = 0 [0;36mround[0m = 911 [0;36mnonce[0m = 910 [0;36mhash[0m = 09944e7824e33d0e1e7b5c28fbb214de5b07a30aa310dcfe4e863406fce6a0cf 
[0;36mDEBUG[0m[2026-03-16 10:14:11.733]   received shard header from network in block tracker [0;36mshard[0m = 0 [0;36mepoch[0m = 0 [0;36mround[0m = 912 [0;36mnonce[0m = 911 [0;36mhash[0m = eb536dfb70ad49a0392e178baf85ba69c0eb67321b8b609f1a63d29222865a48 
[0;36mDEBUG[0m[2026-03-16 10:14:11.733]   received shard header from network in block tracker [0;36mshard[0m = 0 [0;36mepoch[0m = 0 [0;36mround[0m = 913 [0;36mnonce[0m = 912 [0;36mhash[0m = 1aed8d83a605cd2306ea73400d0e1c6649621457b4020df1ebe8a2e869c14870 
[0;36mDEBUG[0m[2026-03-16 10:14:11.733]   received shard header from network in block tracker [0;36mshard[0m = 0 [0;36mepoch[0m = 0 [0;36mround[0m = 914 [0;36mnonce[0m = 913 [0;36mhash[0m = dbd011af1ed48ccb6348a2d2ddebcbe02c6060bf7b206a376bbf743a2eaea152 
[0;36mDEBUG[0m[2026-03-16 10:14:11.733]   received shard header from network in block tracker [0;36mshard[0m = 0 [0;36mepoch[0m = 0 [0;36mround[0m = 915 [0;36mnonce[0m = 914 [0;36mhash[0m = ef79fd3306cf818bb78c2bbbf327eaf25e4958b50c67f6bfccd67789681b42e1 
[0;36mDEBUG[0m[2026-03-16 10:14:11.733]   received shard header from network in block tracker [0;36mshard[0m = 0 [0;36mepoch[0m = 0 [0;36mround[0m = 916 [0;36mnonce[0m = 915 [0;36mhash[0m = b8de08425882d41ff1490762487432d59f27a4ac697ad5897b70253bfa9f4e0d 
[0;36mDEBUG[0m[2026-03-16 10:14:11.733]   received shard header from network in block tracker [0;36mshard[0m = 0 [0;36mepoch[0m = 0 [0;36mround[0m = 917 [0;36mnonce[0m = 916 [0;36mhash[0m = f79e584c3cab60682b1b08de625591d83e8314c25e2fe77f2b906b8ba680a3d6 
[0;36mDEBUG[0m[2026-03-16 10:14:11.733]   received shard header from network in block tracker [0;36mshard[0m = 0 [0;36mepoch[0m = 0 [0;36mround[0m = 918 [0;36mnonce[0m = 917 [0;36mhash[0m = 4ab56a4f89ce0da8f58bed9292b489561094dd0b092e5ffb31d76a602c132f05 
[0;36mDEBUG[0m[2026-03-16 10:14:11.733]   received shard header from network in block tracker [0;36mshard[0m = 0 [0;36mepoch[0m = 0 [0;36mround[0m = 919 [0;36mnonce[0m = 918 [0;36mhash[0m = 978300b84f97dabc638148befcdf923650c04ce34b6b69a623264f89d3d418e6 
[0;36mDEBUG[0m[2026-03-16 10:14:11.733]   received shard header from network in block tracker [0;36mshard[0m = 0 [0;36mepoch[0m = 0 [0;36mround[0m = 920 [0;36mnonce[0m = 919 [0;36mhash[0m = 15801949ffbba5661bc027b60d3aea51905cf667fc3f6b2e7590aef18ba23218 
[0;36mDEBUG[0m[2026-03-16 10:14:11.733]   received shard header from network in block tracker [0;36mshard[0m = 0 [0;36mepoch[0m = 0 [0;36mround[0m = 921 [0;36mnonce[0m = 920 [0;36mhash[0m = 1c7aa04cf621bdaf079a1c26037ccf3f63f141f19d858afced3017ef90fc78b3 
[0;36mDEBUG[0m[2026-03-16 10:14:11.733]   received shard header from network in block tracker [0;36mshard[0m = 0 [0;36mepoch[0m = 0 [0;36mround[0m = 922 [0;36mnonce[0m = 921 [0;36mhash[0m = 260d9459d183bcfc1cba9d73e52094d38689b11c2800fc4032e49aca0d56280f 
[0;36mDEBUG[0m[2026-03-16 10:14:11.733]   received shard header from network in block tracker [0;36mshard[0m = 0 [0;36mepoch[0m = 0 [0;36mround[0m = 923 [0;36mnonce[0m = 922 [0;36mhash[0m = d28ef13c085f8ac2d9591723378600f897289e43f282eeb34d75e15adcbda2d7 
[0;36mDEBUG[0m[2026-03-16 10:14:11.733]   received shard header from network in block tracker [0;36mshard[0m = 0 [0;36mepoch[0m = 0 [0;36mround[0m = 924 [0;36mnonce[0m = 923 [0;36mhash[0m = 9aed001b7b70c33b070a74eec6a2f0404b792fbc9ef4c869496050a1a30d6c69 
[0;36mDEBUG[0m[2026-03-16 10:14:11.733]   received shard header from network in block tracker [0;36mshard[0m = 0 [0;36mepoch[0m = 0 [0;36mround[0m = 925 [0;36mnonce[0m = 924 [0;36mhash[0m = 43219bd78caa55c38e867297c95e7292a4a0c8b50c34d2bbdc45647482d86384 
[0;36mDEBUG[0m[2026-03-16 10:14:11.733]   received shard header from network in block tracker [0;36mshard[0m = 0 [0;36mepoch[0m = 0 [0;36mround[0m = 926 [0;36mnonce[0m = 925 [0;36mhash[0m = 621c24b12c3d0a5f6a47f9d0a432acb0f60b0cafedb9fff492835e918be69f7a 
[0;36mDEBUG[0m[2026-03-16 10:14:11.734]   received shard header from network in block tracker [0;36mshard[0m = 0 [0;36mepoch[0m = 0 [0;36mround[0m = 927 [0;36mnonce[0m = 926 [0;36mhash[0m = 7b1cc99f403485ad9933dce99607f0ea7b428a730356952d3db2bbaceca4e437 
[0;36mDEBUG[0m[2026-03-16 10:14:11.734]   received shard header from network in block tracker [0;36mshard[0m = 0 [0;36mepoch[0m = 0 [0;36mround[0m = 928 [0;36mnonce[0m = 927 [0;36mhash[0m = ffc2c6462b998658d490da51545c467333c5b5b3cf427402185070421bc70603 
[0;36mDEBUG[0m[2026-03-16 10:14:11.734]   received shard header from network in block tracker [0;36mshard[0m = 0 [0;36mepoch[0m = 0 [0;36mround[0m = 929 [0;36mnonce[0m = 928 [0;36mhash[0m = 3efa75e5bd08ba22b37ad172c45990d13783f88598918f8b0673cf96a243df54 
[0;36mDEBUG[0m[2026-03-16 10:14:11.734]   received shard header from network in block tracker [0;36mshard[0m = 0 [0;36mepoch[0m = 0 [0;36mround[0m = 930 [0;36mnonce[0m = 929 [0;36mhash[0m = 1f7d269f174d6901a6887850d2a9fa37867cd2886323d3d594efc0f05d80bc82 
[0;36mDEBUG[0m[2026-03-16 10:14:11.734]   received shard header from network in block tracker [0;36mshard[0m = 0 [0;36mepoch[0m = 0 [0;36mround[0m = 931 [0;36mnonce[0m = 930 [0;36mhash[0m = 188da15f25710f1e1fb53be14924752862895daf2df09e7ea9e650b4d75b9da3 
[0;36mDEBUG[0m[2026-03-16 10:14:11.734]   received shard header from network in block tracker [0;36mshard[0m = 0 [0;36mepoch[0m = 0 [0;36mround[0m = 932 [0;36mnonce[0m = 931 [0;36mhash[0m = 6084d8fa014e7c8e654b2b008f53c6f69c89462ab1f3b164c837f2a337fe0252 
[0;36mDEBUG[0m[2026-03-16 10:14:11.734]   received shard header from network in block tracker [0;36mshard[0m = 0 [0;36mepoch[0m = 0 [0;36mround[0m = 933 [0;36mnonce[0m = 932 [0;36mhash[0m = 80891f2643a4323e4db978c5803be4a7a97ad94a40755c9cb392d6eeaffdd34d 
[0;36mDEBUG[0m[2026-03-16 10:14:11.734]   received shard header from network in block tracker [0;36mshard[0m = 0 [0;36mepoch[0m = 0 [0;36mround[0m = 934 [0;36mnonce[0m = 933 [0;36mhash[0m = cd68dc5e12acd3678ac9e42d30557c29777791e05eb98e8fa0bc22ea8ffc974d 
[0;36mDEBUG[0m[2026-03-16 10:14:11.734]   received shard header from network in block tracker [0;36mshard[0m = 0 [0;36mepoch[0m = 0 [0;36mround[0m = 935 [0;36mnonce[0m = 934 [0;36mhash[0m = 4835d14fe9cee7e7c553b5923868c952c18ee2114d67adde420d071260109c91 
[0;36mDEBUG[0m[2026-03-16 10:14:11.734]   received shard header from network in block tracker [0;36mshard[0m = 0 [0;36mepoch[0m = 0 [0;36mround[0m = 936 [0;36mnonce[0m = 935 [0;36mhash[0m = 398ec8b37bb426f8ea15ed5e4e2eb55cc3f6a12ddcdf6e2fdee66ebbe373bf30 
[0;36mDEBUG[0m[2026-03-16 10:14:11.734]   received shard header from network in block tracker [0;36mshard[0m = 0 [0;36mepoch[0m = 0 [0;36mround[0m = 937 [0;36mnonce[0m = 936 [0;36mhash[0m = 6f8b20cf845cfb565b44008a66fa081034669686c48c5845627905ade3b66885 
[0;36mDEBUG[0m[2026-03-16 10:14:11.734]   received shard header from network in block tracker [0;36mshard[0m = 0 [0;36mepoch[0m = 0 [0;36mround[0m = 938 [0;36mnonce[0m = 937 [0;36mhash[0m = 4edd514d1dd4e48cb66e69819e00e1f84b4cdb2dcccb4ab51d4ac54f64aae301 
[0;36mDEBUG[0m[2026-03-16 10:14:11.734]   received shard header from network in block tracker [0;36mshard[0m = 0 [0;36mepoch[0m = 0 [0;36mround[0m = 939 [0;36mnonce[0m = 938 [0;36mhash[0m = 1ab26009467015f43847b3c15c84fa08549335f336936049412d4884b8a3ffcd 
[0;36mDEBUG[0m[2026-03-16 10:14:11.734]   received shard header from network in block tracker [0;36mshard[0m = 0 [0;36mepoch[0m = 0 [0;36mround[0m = 940 [0;36mnonce[0m = 939 [0;36mhash[0m = fb1e78387fea5dd17892bab9615f868ad3255a6a13ed5757df4f85bb3c07c65a 
[0;36mDEBUG[0m[2026-03-16 10:14:11.734]   received shard header from network in block tracker [0;36mshard[0m = 0 [0;36mepoch[0m = 0 [0;36mround[0m = 941 [0;36mnonce[0m = 940 [0;36mhash[0m = 36453992f9d4925ef9bcd378e6301a8fb8baabd8a26d547f9dce87e382f5dba9 
[0;36mDEBUG[0m[2026-03-16 10:14:11.734]   received shard header from network in block tracker [0;36mshard[0m = 0 [0;36mepoch[0m = 0 [0;36mround[0m = 942 [0;36mnonce[0m = 941 [0;36mhash[0m = f3c064c0ba28a21b9f32fa0f1b9782d89973daa21ffad33be72a788442950ef6 
[0;36mDEBUG[0m[2026-03-16 10:14:11.734]   received shard header from network in block tracker [0;36mshard[0m = 0 [0;36mepoch[0m = 0 [0;36mround[0m = 943 [0;36mnonce[0m = 942 [0;36mhash[0m = ceb3509cbd93a477a47ec55778f51764a97b6a3dcd780fe10d0c581438f20db1 
[0;36mDEBUG[0m[2026-03-16 10:14:11.734]   received shard header from network in block tracker [0;36mshard[0m = 0 [0;36mepoch[0m = 0 [0;36mround[0m = 944 [0;36mnonce[0m = 943 [0;36mhash[0m = f338df36dd5ee4489e61f0d00669f4d6c3db8977f5d850c2130c91b5e7396a26 
[0;36mDEBUG[0m[2026-03-16 10:14:11.734]   received shard header from network in block tracker [0;36mshard[0m = 0 [0;36mepoch[0m = 0 [0;36mround[0m = 945 [0;36mnonce[0m = 944 [0;36mhash[0m = beeeff488b14c6fd42653b5ec3bf30c716d0c032e4bb627894737252df931590 
[0;36mDEBUG[0m[2026-03-16 10:14:11.734]   received shard header from network in block tracker [0;36mshard[0m = 0 [0;36mepoch[0m = 0 [0;36mround[0m = 946 [0;36mnonce[0m = 945 [0;36mhash[0m = e705c3809d008afc1d0a5f55773edea2a0d1ccba72b4be16fb46060f024f4874 
[0;36mDEBUG[0m[2026-03-16 10:14:11.734]   received shard header from network in block tracker [0;36mshard[0m = 0 [0;36mepoch[0m = 0 [0;36mround[0m = 947 [0;36mnonce[0m = 946 [0;36mhash[0m = 46a90115857bed8072a6d155adb028fb8815fb27f776896d51622356f50e0cf1 
[0;36mDEBUG[0m[2026-03-16 10:14:11.734]   received shard header from network in block tracker [0;36mshard[0m = 0 [0;36mepoch[0m = 0 [0;36mround[0m = 948 [0;36mnonce[0m = 947 [0;36mhash[0m = e3b7954bb6a3a6ca51cf95ccdf252612312375f0ca0b03801393a9a507825585 
[0;36mDEBUG[0m[2026-03-16 10:14:11.734]   received shard header from network in block tracker [0;36mshard[0m = 0 [0;36mepoch[0m = 0 [0;36mround[0m = 949 [0;36mnonce[0m = 948 [0;36mhash[0m = 866ec4a0854a0d35b6c5c7bba0548fb34c8a390fd055540e232f43503f833a41 
[0;36mDEBUG[0m[2026-03-16 10:14:11.734]   received shard header from network in block tracker [0;36mshard[0m = 0 [0;36mepoch[0m = 0 [0;36mround[0m = 950 [0;36mnonce[0m = 949 [0;36mhash[0m = 0811ebdc431877e39bfd4d61ac0f7fa18fd72914225327b8c398a57d521367bb 
[0;36mDEBUG[0m[2026-03-16 10:14:11.734]   received shard header from network in block tracker [0;36mshard[0m = 0 [0;36mepoch[0m = 0 [0;36mround[0m = 951 [0;36mnonce[0m = 950 [0;36mhash[0m = 2699582c6773aa4b02cddaf0a849bf1db30a3f35c22844d71cb91bc21a2c8c0d 
[0;36mDEBUG[0m[2026-03-16 10:14:11.734]   received shard header from network in block tracker [0;36mshard[0m = 0 [0;36mepoch[0m = 0 [0;36mround[0m = 952 [0;36mnonce[0m = 951 [0;36mhash[0m = ef58d8cb5ccb581aabcc1773a074f0a10726103f24c6b61f6e5be495a8735df0 
[0;36mDEBUG[0m[2026-03-16 10:14:11.734]   received shard header from network in block tracker [0;36mshard[0m = 0 [0;36mepoch[0m = 0 [0;36mround[0m = 953 [0;36mnonce[0m = 952 [0;36mhash[0m = 575fa1b0a37907bdf7dd17eb840f293cccf0478ed265923338d4347c471a36ca 
[0;36mDEBUG[0m[2026-03-16 10:14:11.734]   received shard header from network in block tracker [0;36mshard[0m = 0 [0;36mepoch[0m = 0 [0;36mround[0m = 954 [0;36mnonce[0m = 953 [0;36mhash[0m = 19c37ad9bc60fecc412d02ffb210a6737c1c739039d8246bf1401afbb022872d 
[0;36mDEBUG[0m[2026-03-16 10:14:11.734]   received shard header from network in block tracker [0;36mshard[0m = 0 [0;36mepoch[0m = 0 [0;36mround[0m = 955 [0;36mnonce[0m = 954 [0;36mhash[0m = 430a0cd3d80c6e4e98979bf05827b306723e11aed6aefe766f4c021594e7f408 
[0;36mDEBUG[0m[2026-03-16 10:14:11.734]   received shard header from network in block tracker [0;36mshard[0m = 0 [0;36mepoch[0m = 0 [0;36mround[0m = 956 [0;36mnonce[0m = 955 [0;36mhash[0m = bed128ace6a825a1e924a775a0abbebe63f8c5626db183f61280c2f600b390d8 
[0;36mDEBUG[0m[2026-03-16 10:14:11.734]   received shard header from network in block tracker [0;36mshard[0m = 0 [0;36mepoch[0m = 0 [0;36mround[0m = 957 [0;36mnonce[0m = 956 [0;36mhash[0m = 6e3cfbfcf90259263062c80f12d69f9b2d32fe111161a044a24425c1732ca0db 
[0;36mDEBUG[0m[2026-03-16 10:14:11.734]   received shard header from network in block tracker [0;36mshard[0m = 0 [0;36mepoch[0m = 0 [0;36mround[0m = 958 [0;36mnonce[0m = 957 [0;36mhash[0m = 3bc49c061b8f3673e092ce5ed2858098773d95dfc57aed123c531487fdeb6b05 
[0;36mDEBUG[0m[2026-03-16 10:14:11.734]   received shard header from network in block tracker [0;36mshard[0m = 0 [0;36mepoch[0m = 0 [0;36mround[0m = 959 [0;36mnonce[0m = 958 [0;36mhash[0m = ee217a114287ae71910647073c6858b916fb9deeef81a024331a4a2dabaa7cef 
[0;36mDEBUG[0m[2026-03-16 10:14:11.734]   received shard header from network in block tracker [0;36mshard[0m = 0 [0;36mepoch[0m = 0 [0;36mround[0m = 960 [0;36mnonce[0m = 959 [0;36mhash[0m = ecb5d5841f5931a361c6746c2fb61fa0c60669fe406eaed18f7236e9e138925b 
[0;36mDEBUG[0m[2026-03-16 10:14:11.734]   received shard header from network in block tracker [0;36mshard[0m = 0 [0;36mepoch[0m = 0 [0;36mround[0m = 961 [0;36mnonce[0m = 960 [0;36mhash[0m = 52ae00a699f77484a7c67ed1b0e11288e620e6a32b55ffe4b7d36c31a1f70213 
[0;36mDEBUG[0m[2026-03-16 10:14:11.734]   received shard header from network in block tracker [0;36mshard[0m = 0 [0;36mepoch[0m = 0 [0;36mround[0m = 962 [0;36mnonce[0m = 961 [0;36mhash[0m = d18e8d7db8bcfbb3b658105153e02caf39a44f7bf8280750c74ad7f47a861a62 
[0;36mDEBUG[0m[2026-03-16 10:14:11.734]   received shard header from network in block tracker [0;36mshard[0m = 0 [0;36mepoch[0m = 0 [0;36mround[0m = 963 [0;36mnonce[0m = 962 [0;36mhash[0m = c16fe7e341978deba8b5eeaca9de8028a1d3eabcdf81066686d7aacd1127c2b0 
[0;36mDEBUG[0m[2026-03-16 10:14:11.734]   received shard header from network in block tracker [0;36mshard[0m = 0 [0;36mepoch[0m = 0 [0;36mround[0m = 964 [0;36mnonce[0m = 963 [0;36mhash[0m = 7c5276a90c950e1028b75220baad47ef044ac965b6ddffd6e5f3f5b32e9e6fc4 
[0;36mDEBUG[0m[2026-03-16 10:14:11.734]   received shard header from network in block tracker [0;36mshard[0m = 0 [0;36mepoch[0m = 0 [0;36mround[0m = 965 [0;36mnonce[0m = 964 [0;36mhash[0m = 37086fb1ae1b04d78a773352aed29e2596be18cda6be692cb429740edd37fe4a 
[0;36mDEBUG[0m[2026-03-16 10:14:11.734]   received shard header from network in block tracker [0;36mshard[0m = 0 [0;36mepoch[0m = 0 [0;36mround[0m = 966 [0;36mnonce[0m = 965 [0;36mhash[0m = 6be2b38581369f9a50595b77a2ee3519ccbd728d0ba591d59401c5032abc64fa 
[0;36mDEBUG[0m[2026-03-16 10:14:11.734]   received shard header from network in block tracker [0;36mshard[0m = 0 [0;36mepoch[0m = 0 [0;36mround[0m = 967 [0;36mnonce[0m = 966 [0;36mhash[0m = c56f7f9cf04d7efb478d4edfcb8cab332b24a165ba530076802b031a93c1923f 
[0;36mDEBUG[0m[2026-03-16 10:14:11.734]   received shard header from network in block tracker [0;36mshard[0m = 0 [0;36mepoch[0m = 0 [0;36mround[0m = 968 [0;36mnonce[0m = 967 [0;36mhash[0m = 1ef621e047c30db411b89a7c66bb2413ddb19885043570a154c8d6c0bacfc14a 
[0;36mDEBUG[0m[2026-03-16 10:14:11.734]   received shard header from network in block tracker [0;36mshard[0m = 0 [0;36mepoch[0m = 0 [0;36mround[0m = 969 [0;36mnonce[0m = 968 [0;36mhash[0m = 8725e3016e9a41441957164f304204b252d9bfab44eae3d91877c26f63427cb7 
[0;36mDEBUG[0m[2026-03-16 10:14:11.734]   received shard header from network in block tracker [0;36mshard[0m = 0 [0;36mepoch[0m = 0 [0;36mround[0m = 970 [0;36mnonce[0m = 969 [0;36mhash[0m = c300e05303c9b2d7fc73b170a36c31ace3f76539ed975405a018a6c5b811f63a 
[0;36mDEBUG[0m[2026-03-16 10:14:11.734]   received shard header from network in block tracker [0;36mshard[0m = 0 [0;36mepoch[0m = 0 [0;36mround[0m = 971 [0;36mnonce[0m = 970 [0;36mhash[0m = bcdc0637bdf0e6401bd1611874b5b7b5325430bfb79097fc1d8b427d980c6160 
[0;36mDEBUG[0m[2026-03-16 10:14:11.734]   received shard header from network in block tracker [0;36mshard[0m = 0 [0;36mepoch[0m = 0 [0;36mround[0m = 972 [0;36mnonce[0m = 971 [0;36mhash[0m = c019e3db371c1884e9439bcf7d459ea881c3cef1158f91c130cdc3e61ac3a8fd 
[0;36mDEBUG[0m[2026-03-16 10:14:11.734]   received shard header from network in block tracker [0;36mshard[0m = 0 [0;36mepoch[0m = 0 [0;36mround[0m = 973 [0;36mnonce[0m = 972 [0;36mhash[0m = e757d60c104e28dedbd169d834f806ce7dcd18a826741892dedb43a3327b0ed7 
[0;36mDEBUG[0m[2026-03-16 10:14:11.734]   received shard header from network in block tracker [0;36mshard[0m = 0 [0;36mepoch[0m = 0 [0;36mround[0m = 974 [0;36mnonce[0m = 973 [0;36mhash[0m = c78bcf3efacd33bb59b5b898dae2c94e41f410fd0e36abdd52b98f09c61264f3 
[0;36mDEBUG[0m[2026-03-16 10:14:11.734]   received shard header from network in block tracker [0;36mshard[0m = 0 [0;36mepoch[0m = 0 [0;36mround[0m = 975 [0;36mnonce[0m = 974 [0;36mhash[0m = 5107ed52c3ccc16a08b43aeaac426d18a7335882ee78bc364cfde2be9b8d02a2 
[0;36mDEBUG[0m[2026-03-16 10:14:11.734]   received shard header from network in block tracker [0;36mshard[0m = 0 [0;36mepoch[0m = 0 [0;36mround[0m = 976 [0;36mnonce[0m = 975 [0;36mhash[0m = 80dd83e8865fe40d2867ccd145a8ab5c8d8064ef281ba7cb4390b9571f1bac2a 
[0;36mDEBUG[0m[2026-03-16 10:14:11.734]   received shard header from network in block tracker [0;36mshard[0m = 0 [0;36mepoch[0m = 0 [0;36mround[0m = 977 [0;36mnonce[0m = 976 [0;36mhash[0m = 014c8fd562141dd821cd6fbf9942551bb0ecf10c4cf5f4dec0d249429c02178b 
[0;36mDEBUG[0m[2026-03-16 10:14:11.734]   received shard header from network in block tracker [0;36mshard[0m = 0 [0;36mepoch[0m = 0 [0;36mround[0m = 978 [0;36mnonce[0m = 977 [0;36mhash[0m = 4ed4940a76f85801bffc11ded3b5f0ee4fa6e8767077baa7fbbcc5361619d6d1 
[0;36mDEBUG[0m[2026-03-16 10:14:11.734]   received shard header from network in block tracker [0;36mshard[0m = 0 [0;36mepoch[0m = 0 [0;36mround[0m = 979 [0;36mnonce[0m = 978 [0;36mhash[0m = 7d14215bd88f7ee340798833c5f66ccf059f3eab001bb6d22c57c1a0749b7bf5 
[0;36mDEBUG[0m[2026-03-16 10:14:11.734]   received shard header from network in block tracker [0;36mshard[0m = 0 [0;36mepoch[0m = 0 [0;36mround[0m = 980 [0;36mnonce[0m = 979 [0;36mhash[0m = 7babbbe83f215a3e243e20728b6c836dfd479c3142b62ded7c4eb2fb7df57445 
[0;36mDEBUG[0m[2026-03-16 10:14:11.734]   received shard header from network in block tracker [0;36mshard[0m = 0 [0;36mepoch[0m = 0 [0;36mround[0m = 981 [0;36mnonce[0m = 980 [0;36mhash[0m = 296376e7c32fc815b6dcd92b98e301c5a7d60fb489ed7ea3538d0615d872d545 
[0;36mDEBUG[0m[2026-03-16 10:14:11.734]   received shard header from network in block tracker [0;36mshard[0m = 0 [0;36mepoch[0m = 0 [0;36mround[0m = 982 [0;36mnonce[0m = 981 [0;36mhash[0m = d606e59789e4cf301d603e5a6dc9f5b37cfea94e91b7d4657b946bb1d50bea17 
[0;36mDEBUG[0m[2026-03-16 10:14:11.734]   received shard header from network in block tracker [0;36mshard[0m = 0 [0;36mepoch[0m = 0 [0;36mround[0m = 983 [0;36mnonce[0m = 982 [0;36mhash[0m = 3234b897b0ffebc400c18503bcf2176f07e722540fbcea06b9901453b8361948 
[0;36mDEBUG[0m[2026-03-16 10:14:11.734]   received shard header from network in block tracker [0;36mshard[0m = 0 [0;36mepoch[0m = 0 [0;36mround[0m = 984 [0;36mnonce[0m = 983 [0;36mhash[0m = 332cf05a2c7cdf5da4626cf39f89bdb47fd4307d6018d1240912d1b3e8001eba 
[0;36mDEBUG[0m[2026-03-16 10:14:11.734]   received shard header from network in block tracker [0;36mshard[0m = 0 [0;36mepoch[0m = 0 [0;36mround[0m = 985 [0;36mnonce[0m = 984 [0;36mhash[0m = 1d692318d2ed87761aa375f3f49c99148925395a49f83105c37a2593420f6205 
[0;36mDEBUG[0m[2026-03-16 10:14:11.734]   received shard header from network in block tracker [0;36mshard[0m = 0 [0;36mepoch[0m = 0 [0;36mround[0m = 986 [0;36mnonce[0m = 985 [0;36mhash[0m = 0fd92a9517c3397d857023f8ac33e77970583d4f8e6d79742500f0e791e55f14 
[0;36mDEBUG[0m[2026-03-16 10:14:11.734]   received shard header from network in block tracker [0;36mshard[0m = 0 [0;36mepoch[0m = 0 [0;36mround[0m = 987 [0;36mnonce[0m = 986 [0;36mhash[0m = 5bf5255af990e8eb49110617bd04f83eb57b68ce8bbf70c95584b8354f9364d2 
[0;36mDEBUG[0m[2026-03-16 10:14:11.734]   received shard header from network in block tracker [0;36mshard[0m = 0 [0;36mepoch[0m = 0 [0;36mround[0m = 988 [0;36mnonce[0m = 987 [0;36mhash[0m = e462e17ab522ac6c58ca676ee27542f4577f5fce2ea60c5801cb64abaf75b151 
[0;36mDEBUG[0m[2026-03-16 10:14:11.734]   received shard header from network in block tracker [0;36mshard[0m = 0 [0;36mepoch[0m = 0 [0;36mround[0m = 989 [0;36mnonce[0m = 988 [0;36mhash[0m = 0ae99466479b03a665dead56f356967b6ced70b0e6fe4180371d08aa0cca3907 
[0;36mDEBUG[0m[2026-03-16 10:14:11.734]   received shard header from network in block tracker [0;36mshard[0m = 0 [0;36mepoch[0m = 0 [0;36mround[0m = 990 [0;36mnonce[0m = 989 [0;36mhash[0m = 4854295bd68743a802b8ef68bc36c7bd97f693fdd01cc265212d799f45e2842e 
[0;36mDEBUG[0m[2026-03-16 10:14:11.734]   received shard header from network in block tracker [0;36mshard[0m = 0 [0;36mepoch[0m = 0 [0;36mround[0m = 991 [0;36mnonce[0m = 990 [0;36mhash[0m = cbfcdeb5cc5b299c0d53f03b9b684619c8b98f3f0f0eb7c81ccfd3bd61f16015 
[0;36mDEBUG[0m[2026-03-16 10:14:11.734]   received shard header from network in block tracker [0;36mshard[0m = 0 [0;36mepoch[0m = 0 [0;36mround[0m = 992 [0;36mnonce[0m = 991 [0;36mhash[0m = a2b309a6e850d102ab748d62080b62e57ecb25a0afadbb0d8e5e9460c23536d5 
[0;36mDEBUG[0m[2026-03-16 10:14:11.734]   received shard header from network in block tracker [0;36mshard[0m = 0 [0;36mepoch[0m = 0 [0;36mround[0m = 993 [0;36mnonce[0m = 992 [0;36mhash[0m = 205c65950308df5c4e61823a321f21fa9247e0f27b9d48984ac14df177ce2e14 
[0;36mDEBUG[0m[2026-03-16 10:14:11.734]   received shard header from network in block tracker [0;36mshard[0m = 0 [0;36mepoch[0m = 0 [0;36mround[0m = 5 [0;36mnonce[0m = 3 [0;36mhash[0m = c419314de55028dac2eb95666104cf40ea6a22dec162e200ecd5fcea70704bb3 
[0;36mDEBUG[0m[2026-03-16 10:14:11.734]   received shard header from network in block tracker [0;36mshard[0m = 0 [0;36mepoch[0m = 0 [0;36mround[0m = 6 [0;36mnonce[0m = 4 [0;36mhash[0m = d5d6b97c5b2b877b7fb38b0eb6db0ce1eea3b7f57cad0f22ef7ee6ab1f080a94 
[0;36mDEBUG[0m[2026-03-16 10:14:11.734]   received shard header from network in block tracker [0;36mshard[0m = 0 [0;36mepoch[0m = 0 [0;36mround[0m = 7 [0;36mnonce[0m = 5 [0;36mhash[0m = 140ad638886ebc623eee575a396f52185ab3f0b6628ab2667d4ab6fb29341c83 
[0;36mDEBUG[0m[2026-03-16 10:14:11.734]   received shard header from network in block tracker [0;36mshard[0m = 0 [0;36mepoch[0m = 0 [0;36mround[0m = 8 [0;36mnonce[0m = 6 [0;36mhash[0m = b2df63ce36db8ee45ab955e90755ff71b0e62e124253b58ce4486f235924d259 
[0;36mDEBUG[0m[2026-03-16 10:14:11.734]   received shard header from network in block tracker [0;36mshard[0m = 0 [0;36mepoch[0m = 0 [0;36mround[0m = 9 [0;36mnonce[0m = 7 [0;36mhash[0m = 9c15dcfab52ebc4f682b7413a2f3cb629d1614117ae6e5df33c8ac46da7902df 
[0;36mDEBUG[0m[2026-03-16 10:14:11.734]   received shard header from network in block tracker [0;36mshard[0m = 0 [0;36mepoch[0m = 0 [0;36mround[0m = 10 [0;36mnonce[0m = 8 [0;36mhash[0m = 95965ce4b3885f71f53170c1167ce2c39784acf1a83f18feccb0b9f4b7e15b3a 
[0;36mDEBUG[0m[2026-03-16 10:14:11.734]   received shard header from network in block tracker [0;36mshard[0m = 0 [0;36mepoch[0m = 0 [0;36mround[0m = 11 [0;36mnonce[0m = 9 [0;36mhash[0m = 85364c010b76a4c71aea5e7d631e1e4af0d66cdf05a84e43e6eed644acd0dd94 
[0;36mDEBUG[0m[2026-03-16 10:14:11.734]   received shard header from network in block tracker [0;36mshard[0m = 0 [0;36mepoch[0m = 0 [0;36mround[0m = 12 [0;36mnonce[0m = 10 [0;36mhash[0m = dd679b4593cf18c894be3afcf2201f6e6a072e52c33018e9f6a490aedb19ff8f 
[0;36mDEBUG[0m[2026-03-16 10:14:11.734]   received shard header from network in block tracker [0;36mshard[0m = 0 [0;36mepoch[0m = 0 [0;36mround[0m = 13 [0;36mnonce[0m = 11 [0;36mhash[0m = 0c7904ff22b9e52d4e485cd49520a00685c5d65b337d5bb440f84820392786da 
[0;36mDEBUG[0m[2026-03-16 10:14:11.734]   received shard header from network in block tracker [0;36mshard[0m = 0 [0;36mepoch[0m = 0 [0;36mround[0m = 14 [0;36mnonce[0m = 12 [0;36mhash[0m = 876db6cda7c475ef5cb0028fd443a906a47ff4406339db356a7130ab0f057601 
[0;36mDEBUG[0m[2026-03-16 10:14:11.734]   received shard header from network in block tracker [0;36mshard[0m = 0 [0;36mepoch[0m = 0 [0;36mround[0m = 15 [0;36mnonce[0m = 13 [0;36mhash[0m = 0f499d9220625a6e72898b57013968479ec214bffe69585f6cd7a8e0f5b682ad 
[0;36mDEBUG[0m[2026-03-16 10:14:11.734]   received shard header from network in block tracker [0;36mshard[0m = 0 [0;36mepoch[0m = 0 [0;36mround[0m = 16 [0;36mnonce[0m = 14 [0;36mhash[0m = 3ea8792b0f54c836a97fe34c27aff5e4ec83562e0d251f7aab67606f6503a420 
[0;36mDEBUG[0m[2026-03-16 10:14:11.734]   received shard header from network in block tracker [0;36mshard[0m = 0 [0;36mepoch[0m = 0 [0;36mround[0m = 17 [0;36mnonce[0m = 15 [0;36mhash[0m = 0ceeec91a72c019384a29605f48e6d14a2894131a5b82dcfe134d8dc181102f6 
[0;36mDEBUG[0m[2026-03-16 10:14:11.734]   received shard header from network in block tracker [0;36mshard[0m = 0 [0;36mepoch[0m = 0 [0;36mround[0m = 18 [0;36mnonce[0m = 16 [0;36mhash[0m = 45a5c251c17da9f111c06ee8725bd1ce45c338a1a7ff636fc49353fb582890af 
[0;36mDEBUG[0m[2026-03-16 10:14:11.734]   received shard header from network in block tracker [0;36mshard[0m = 0 [0;36mepoch[0m = 0 [0;36mround[0m = 19 [0;36mnonce[0m = 17 [0;36mhash[0m = 3f698a1ca6cb294b90ff87840078150d3f37f3de3ac7966a9e6f9ab57ac38d28 
[0;36mDEBUG[0m[2026-03-16 10:14:11.734]   received shard header from network in block tracker [0;36mshard[0m = 0 [0;36mepoch[0m = 0 [0;36mround[0m = 20 [0;36mnonce[0m = 18 [0;36mhash[0m = 176cef2de3f4505892902e8231ef9db50793c79742dcf8a1baa4c9de0d5a78b6 
[0;36mDEBUG[0m[2026-03-16 10:14:11.734]   received shard header from network in block tracker [0;36mshard[0m = 0 [0;36mepoch[0m = 0 [0;36mround[0m = 21 [0;36mnonce[0m = 19 [0;36mhash[0m = 594c930c81da7c2223777840d545fbb083f955d7bba22a6319a79fef6919f47b 
[0;36mDEBUG[0m[2026-03-16 10:14:11.734]   received shard header from network in block tracker [0;36mshard[0m = 0 [0;36mepoch[0m = 0 [0;36mround[0m = 22 [0;36mnonce[0m = 20 [0;36mhash[0m = ce795ff4134193163e1eb037c458d43216825957acacf45dce4f47b8fb45881e 
[0;36mDEBUG[0m[2026-03-16 10:14:11.734]   received shard header from network in block tracker [0;36mshard[0m = 0 [0;36mepoch[0m = 0 [0;36mround[0m = 23 [0;36mnonce[0m = 21 [0;36mhash[0m = cdd58998f5454abc0b513b5e50c4d605648200207d48661dea111f42559a2ef8 
[0;36mDEBUG[0m[2026-03-16 10:14:11.735]   received shard header from network in block tracker [0;36mshard[0m = 0 [0;36mepoch[0m = 0 [0;36mround[0m = 24 [0;36mnonce[0m = 22 [0;36mhash[0m = 28d3bc4dd60f2c7096c832bd8318ec573d1c1f3f5f57355d2b4015dbb2484b8b 
[0;36mDEBUG[0m[2026-03-16 10:14:11.735]   received shard header from network in block tracker [0;36mshard[0m = 0 [0;36mepoch[0m = 0 [0;36mround[0m = 25 [0;36mnonce[0m = 23 [0;36mhash[0m = c13fb8543368b84393b04165b7969765ba649f87998b13590b24dc403bc67e57 
[0;36mDEBUG[0m[2026-03-16 10:14:11.735]   received shard header from network in block tracker [0;36mshard[0m = 0 [0;36mepoch[0m = 0 [0;36mround[0m = 26 [0;36mnonce[0m = 24 [0;36mhash[0m = 94da1f37771c5ed49859234e5e104df65b6323091b1c7ac979844c28c3ef5402 
[0;36mDEBUG[0m[2026-03-16 10:14:11.735]   received shard header from network in block tracker [0;36mshard[0m = 0 [0;36mepoch[0m = 0 [0;36mround[0m = 27 [0;36mnonce[0m = 25 [0;36mhash[0m = 0efc1ff34a7cda6316704364210ee3536a3424cde5226e9a9345cae66973ed95 
[0;36mDEBUG[0m[2026-03-16 10:14:11.735]   received shard header from network in block tracker [0;36mshard[0m = 0 [0;36mepoch[0m = 0 [0;36mround[0m = 28 [0;36mnonce[0m = 26 [0;36mhash[0m = 5b5f113cb3470130f2195cd255e96efbd4d2eb470b24fcb850ac3249dd801aa7 
[0;36mDEBUG[0m[2026-03-16 10:14:11.735]   received shard header from network in block tracker [0;36mshard[0m = 0 [0;36mepoch[0m = 0 [0;36mround[0m = 29 [0;36mnonce[0m = 27 [0;36mhash[0m = d9cc463df907fcda9f66f21aec840a82828c24083bb18592d26cc01e0a8eddf9 
[0;36mDEBUG[0m[2026-03-16 10:14:11.735]   received shard header from network in block tracker [0;36mshard[0m = 0 [0;36mepoch[0m = 0 [0;36mround[0m = 30 [0;36mnonce[0m = 28 [0;36mhash[0m = 3b783883bbf89d0edcec4b63acf543f2786faaba90aa360151a3796c745041b0 
[0;36mDEBUG[0m[2026-03-16 10:14:11.735]   received shard header from network in block tracker [0;36mshard[0m = 0 [0;36mepoch[0m = 0 [0;36mround[0m = 31 [0;36mnonce[0m = 29 [0;36mhash[0m = 01169d0c17d45f1ffc2c74355299e407fc72fdfe3eb8a4e8786f3cf0439b8200 
[0;36mDEBUG[0m[2026-03-16 10:14:11.735]   received shard header from network in block tracker [0;36mshard[0m = 0 [0;36mepoch[0m = 0 [0;36mround[0m = 32 [0;36mnonce[0m = 30 [0;36mhash[0m = 2d0c0238182bf85800d287c2feefe1de1febcd5b9879554a32e5969fcdd97a33 
[0;36mDEBUG[0m[2026-03-16 10:14:11.735]   received shard header from network in block tracker [0;36mshard[0m = 0 [0;36mepoch[0m = 0 [0;36mround[0m = 33 [0;36mnonce[0m = 31 [0;36mhash[0m = cd3ae0e4554edd63e7baa599b500a7cd9f5b52797382ae69eeaea3b1898c2886 
[0;36mDEBUG[0m[2026-03-16 10:14:11.735]   received shard header from network in block tracker [0;36mshard[0m = 0 [0;36mepoch[0m = 0 [0;36mround[0m = 34 [0;36mnonce[0m = 32 [0;36mhash[0m = b59a37be89def6455426a0bd92912f23cad9e87fe23f0f6116f4fcdf8b2967a7 
[0;36mDEBUG[0m[2026-03-16 10:14:11.735]   received shard header from network in block tracker [0;36mshard[0m = 0 [0;36mepoch[0m = 0 [0;36mround[0m = 35 [0;36mnonce[0m = 33 [0;36mhash[0m = f5f12ce5ff525c4b6c6eaee5120783ed031a7919a11802123e07f865ee58cabe 
[0;36mDEBUG[0m[2026-03-16 10:14:11.735]   received shard header from network in block tracker [0;36mshard[0m = 0 [0;36mepoch[0m = 0 [0;36mround[0m = 36 [0;36mnonce[0m = 34 [0;36mhash[0m = dd869f5a5b8583a0fb73aedc8162b874efeb146a10a9898331b15fa254bf0eff 
[0;36mDEBUG[0m[2026-03-16 10:14:11.735]   received shard header from network in block tracker [0;36mshard[0m = 0 [0;36mepoch[0m = 0 [0;36mround[0m = 37 [0;36mnonce[0m = 35 [0;36mhash[0m = ac2663c8c54bf9c3ac5ffb9f4d946466cb984efa8d5965831bbb6ec1df91de0d 
[0;36mDEBUG[0m[2026-03-16 10:14:11.735]   received shard header from network in block tracker [0;36mshard[0m = 0 [0;36mepoch[0m = 0 [0;36mround[0m = 38 [0;36mnonce[0m = 36 [0;36mhash[0m = c89306795b6eda4492264160f378e3a9bb951420436fd3db11a7145bf4043355 
[0;36mDEBUG[0m[2026-03-16 10:14:11.735]   received shard header from network in block tracker [0;36mshard[0m = 0 [0;36mepoch[0m = 0 [0;36mround[0m = 39 [0;36mnonce[0m = 37 [0;36mhash[0m = 237b11112d0bc613c5dd7ea5c10bd71478be9abdeea7543047e38d110a26897a 
[0;36mDEBUG[0m[2026-03-16 10:14:11.735]   received shard header from network in block tracker [0;36mshard[0m = 0 [0;36mepoch[0m = 0 [0;36mround[0m = 40 [0;36mnonce[0m = 38 [0;36mhash[0m = 85d73ad28735295c69f9ab9302994a72ca2e1ffce7c48773acfe59ea51cfd19e 
[0;36mDEBUG[0m[2026-03-16 10:14:11.735]   received shard header from network in block tracker [0;36mshard[0m = 0 [0;36mepoch[0m = 0 [0;36mround[0m = 41 [0;36mnonce[0m = 39 [0;36mhash[0m = 6f84f7649ba3581c6b0397206fee7c845c3af21f8f540e5fbbe31fd596194df5 
[0;36mDEBUG[0m[2026-03-16 10:14:11.735]   received shard header from network in block tracker [0;36mshard[0m = 0 [0;36mepoch[0m = 0 [0;36mround[0m = 42 [0;36mnonce[0m = 40 [0;36mhash[0m = fb37140c01da83acd161596e3c480f39840d1ec564717782c3fb27bd68d3ffc3 
[0;36mDEBUG[0m[2026-03-16 10:14:11.735]   received shard header from network in block tracker [0;36mshard[0m = 0 [0;36mepoch[0m = 0 [0;36mround[0m = 43 [0;36mnonce[0m = 41 [0;36mhash[0m = b7463acf1c9311d957a7e0b43baaf8901a2b32bdca3bb430c7674984198128b1 
[0;36mDEBUG[0m[2026-03-16 10:14:11.735]   received shard header from network in block tracker [0;36mshard[0m = 0 [0;36mepoch[0m = 0 [0;36mround[0m = 44 [0;36mnonce[0m = 42 [0;36mhash[0m = 4440487dc9004da2dec68b78fc46750e6c68ab602d0432da725f7fa014e6fe71 
[0;36mDEBUG[0m[2026-03-16 10:14:11.735]   received shard header from network in block tracker [0;36mshard[0m = 0 [0;36mepoch[0m = 0 [0;36mround[0m = 45 [0;36mnonce[0m = 43 [0;36mhash[0m = 6762351bfcac23e9ff2e6127d9b75feb57287e152a2a6036ba7342c8bf563ea5 
[0;36mDEBUG[0m[2026-03-16 10:14:11.735]   received shard header from network in block tracker [0;36mshard[0m = 0 [0;36mepoch[0m = 0 [0;36mround[0m = 46 [0;36mnonce[0m = 44 [0;36mhash[0m = ae7c9f28b82ea53ff7e415057f7bbd0345ae085f36a608ae72159932a433e9d3 
[0;36mDEBUG[0m[2026-03-16 10:14:11.735]   received shard header from network in block tracker [0;36mshard[0m = 0 [0;36mepoch[0m = 0 [0;36mround[0m = 47 [0;36mnonce[0m = 45 [0;36mhash[0m = 2bd6563a8c492aa2b8e45a19b2f414a482afe4c82df69f93e305682254b2b320 
[0;36mDEBUG[0m[2026-03-16 10:14:11.735]   received shard header from network in block tracker [0;36mshard[0m = 0 [0;36mepoch[0m = 0 [0;36mround[0m = 48 [0;36mnonce[0m = 46 [0;36mhash[0m = 5dfe222fea163168126a0a5d66ca9a436df4f0d6041041221424ed3e5e8aeed8 
[0;36mDEBUG[0m[2026-03-16 10:14:11.735]   received shard header from network in block tracker [0;36mshard[0m = 0 [0;36mepoch[0m = 0 [0;36mround[0m = 49 [0;36mnonce[0m = 47 [0;36mhash[0m = f35b09501e7e1249f57354d41d22d60403a5c81606808e7483e486dcc1cfac86 
[0;36mDEBUG[0m[2026-03-16 10:14:11.735]   received shard header from network in block tracker [0;36mshard[0m = 0 [0;36mepoch[0m = 0 [0;36mround[0m = 50 [0;36mnonce[0m = 48 [0;36mhash[0m = 767eab9bce9a30e7639e4829569eb90ae3984bfaab14cf6875dac492f1c1f260 
[0;36mDEBUG[0m[2026-03-16 10:14:11.735]   received shard header from network in block tracker [0;36mshard[0m = 0 [0;36mepoch[0m = 0 [0;36mround[0m = 51 [0;36mnonce[0m = 49 [0;36mhash[0m = 477a7dc4652e99eec6c47243397d01a25c3f929d0dffb52bc21e1e5cadbe10cc 
[0;36mDEBUG[0m[2026-03-16 10:14:11.735]   received shard header from network in block tracker [0;36mshard[0m = 0 [0;36mepoch[0m = 0 [0;36mround[0m = 52 [0;36mnonce[0m = 50 [0;36mhash[0m = 680b95007e418352c1baabb00b5c2aaa808d31d77663f5cc49a06b0484778720 
[0;36mDEBUG[0m[2026-03-16 10:14:11.735]   received shard header from network in block tracker [0;36mshard[0m = 0 [0;36mepoch[0m = 0 [0;36mround[0m = 53 [0;36mnonce[0m = 51 [0;36mhash[0m = 7f8c9e5a7016f6d310c880c54bf480feea79ff692a8a1483848b69b1d6d2db6f 
[0;36mDEBUG[0m[2026-03-16 10:14:11.735]   received shard header from network in block tracker [0;36mshard[0m = 0 [0;36mepoch[0m = 0 [0;36mround[0m = 54 [0;36mnonce[0m = 52 [0;36mhash[0m = 6699baccaecd3cee8a050c276e850dd1fe66701555596ed46391a17622b0488e 
[0;36mDEBUG[0m[2026-03-16 10:14:11.735]   received shard header from network in block tracker [0;36mshard[0m = 0 [0;36mepoch[0m = 0 [0;36mround[0m = 55 [0;36mnonce[0m = 53 [0;36mhash[0m = 07a0571c4ff0132e76c4df79d5eeffa17f397c77bd8d15b8ab9f5c206ba8f5a4 
[0;36mDEBUG[0m[2026-03-16 10:14:11.735]   received shard header from network in block tracker [0;36mshard[0m = 0 [0;36mepoch[0m = 0 [0;36mround[0m = 56 [0;36mnonce[0m = 54 [0;36mhash[0m = 288cf36967d3b3bfe4c258948bd85d0a96122e36ce37e23ace1811a2cebee850 
[0;36mDEBUG[0m[2026-03-16 10:14:11.735]   received shard header from network in block tracker [0;36mshard[0m = 0 [0;36mepoch[0m = 0 [0;36mround[0m = 57 [0;36mnonce[0m = 55 [0;36mhash[0m = 23c717b8ad8b319280eea252e8f34daf74589ee248e220d026d3046f71ae5cbd 
[0;36mDEBUG[0m[2026-03-16 10:14:11.735]   received shard header from network in block tracker [0;36mshard[0m = 0 [0;36mepoch[0m = 0 [0;36mround[0m = 58 [0;36mnonce[0m = 56 [0;36mhash[0m = d699ecab688e2191b888721cf03334da4e1a8e067013404bfee7bb145899cb02 
[0;36mDEBUG[0m[2026-03-16 10:14:11.735]   received shard header from network in block tracker [0;36mshard[0m = 0 [0;36mepoch[0m = 0 [0;36mround[0m = 59 [0;36mnonce[0m = 57 [0;36mhash[0m = 5403f979132c8d752b3406ab36d1bb5f2e6bd569aaa255216e7727a713645016 
[0;36mDEBUG[0m[2026-03-16 10:14:11.735]   received shard header from network in block tracker [0;36mshard[0m = 0 [0;36mepoch[0m = 0 [0;36mround[0m = 60 [0;36mnonce[0m = 58 [0;36mhash[0m = 9efc1b6a511956317e4dbff28eab744285f0f8778a23ee0b7ab23162fb3e8387 
[0;36mDEBUG[0m[2026-03-16 10:14:11.735]   received shard header from network in block tracker [0;36mshard[0m = 0 [0;36mepoch[0m = 0 [0;36mround[0m = 61 [0;36mnonce[0m = 59 [0;36mhash[0m = 5ae7f31ad4e575882820e4f1f8779ea67343860c19a37a14d852b86c14834da5 
[0;36mDEBUG[0m[2026-03-16 10:14:11.735]   received shard header from network in block tracker [0;36mshard[0m = 0 [0;36mepoch[0m = 0 [0;36mround[0m = 62 [0;36mnonce[0m = 60 [0;36mhash[0m = 214c1353ed903f1b8bfca2887e6e075230c389047a00d3bbee230aa470698bdf 
[0;36mDEBUG[0m[2026-03-16 10:14:11.735]   received shard header from network in block tracker [0;36mshard[0m = 0 [0;36mepoch[0m = 0 [0;36mround[0m = 63 [0;36mnonce[0m = 61 [0;36mhash[0m = 5406880c05b25ddbe1aec4ffef7295a19b3edd46484ec7f8e2aacf5606afd283 
[0;36mDEBUG[0m[2026-03-16 10:14:11.735]   received shard header from network in block tracker [0;36mshard[0m = 0 [0;36mepoch[0m = 0 [0;36mround[0m = 64 [0;36mnonce[0m = 62 [0;36mhash[0m = a4d6e190fdd23126f8644710395b6dcbb188f253a6b3b75392f1e817235a6d7e 
[0;36mDEBUG[0m[2026-03-16 10:14:11.735]   received shard header from network in block tracker [0;36mshard[0m = 0 [0;36mepoch[0m = 0 [0;36mround[0m = 65 [0;36mnonce[0m = 63 [0;36mhash[0m = 3f8844a5a88e134bf0de00786d62deb404c03b1974c397febfa336c9bd076e76 
[0;36mDEBUG[0m[2026-03-16 10:14:11.735]   received shard header from network in block tracker [0;36mshard[0m = 0 [0;36mepoch[0m = 0 [0;36mround[0m = 66 [0;36mnonce[0m = 64 [0;36mhash[0m = db41017ae4e36e2bf24e83b0661a295732da84c2d82768342bb49473a3c1aef0 
[0;36mDEBUG[0m[2026-03-16 10:14:11.735]   received shard header from network in block tracker [0;36mshard[0m = 0 [0;36mepoch[0m = 0 [0;36mround[0m = 67 [0;36mnonce[0m = 65 [0;36mhash[0m = 22b19fa9146ac898f829c412317a0e22e50ebcafbc808291e074da36a450dbb7 
[0;36mDEBUG[0m[2026-03-16 10:14:11.735]   received shard header from network in block tracker [0;36mshard[0m = 0 [0;36mepoch[0m = 0 [0;36mround[0m = 68 [0;36mnonce[0m = 66 [0;36mhash[0m = 7581fca1a7f8dd8a16839e5b9b9c7d04fa6c630c8c937285944154dafd7710ce 
[0;36mDEBUG[0m[2026-03-16 10:14:11.735]   received shard header from network in block tracker [0;36mshard[0m = 0 [0;36mepoch[0m = 0 [0;36mround[0m = 69 [0;36mnonce[0m = 67 [0;36mhash[0m = 0e4c9ea22343cd28fece9858865f3ee13595ab9a172b5538133c5f11987315cf 
[0;36mDEBUG[0m[2026-03-16 10:14:11.735]   received shard header from network in block tracker [0;36mshard[0m = 0 [0;36mepoch[0m = 0 [0;36mround[0m = 70 [0;36mnonce[0m = 68 [0;36mhash[0m = 4495cda1ae8259b873cead98b63ea880b391d61535c098b8e96fbdb57612bf05 
[0;36mDEBUG[0m[2026-03-16 10:14:11.735]   received shard header from network in block tracker [0;36mshard[0m = 0 [0;36mepoch[0m = 0 [0;36mround[0m = 71 [0;36mnonce[0m = 69 [0;36mhash[0m = bcdf02393fdd859a6ede8f32858eca9129b34c887a92a019e3a878f725a5ef73 
[0;36mDEBUG[0m[2026-03-16 10:14:11.735]   received shard header from network in block tracker [0;36mshard[0m = 0 [0;36mepoch[0m = 0 [0;36mround[0m = 72 [0;36mnonce[0m = 70 [0;36mhash[0m = 810a00271852aa31d662921965795444b11848caafa41c74eedfa997f0bafe08 
[0;36mDEBUG[0m[2026-03-16 10:14:11.735]   received shard header from network in block tracker [0;36mshard[0m = 0 [0;36mepoch[0m = 0 [0;36mround[0m = 73 [0;36mnonce[0m = 71 [0;36mhash[0m = 93183d6f04d0343b9bcb79a1799de38ff42b06dd530f2cf1e3d89ce4794f632d 
[0;36mDEBUG[0m[2026-03-16 10:14:11.735]   received shard header from network in block tracker [0;36mshard[0m = 0 [0;36mepoch[0m = 0 [0;36mround[0m = 74 [0;36mnonce[0m = 72 [0;36mhash[0m = d291cbfc362217f9ef142dd2a3c08671495f7f4d1bb257b7fa7ed5c4559c6099 
[0;36mDEBUG[0m[2026-03-16 10:14:11.735]   received shard header from network in block tracker [0;36mshard[0m = 0 [0;36mepoch[0m = 0 [0;36mround[0m = 75 [0;36mnonce[0m = 73 [0;36mhash[0m = 9f31f17119c818364d2dca3a5971021246d1f7d2b4677436c2c8248cbfce4e2f 
[0;36mDEBUG[0m[2026-03-16 10:14:11.735]   received shard header from network in block tracker [0;36mshard[0m = 0 [0;36mepoch[0m = 0 [0;36mround[0m = 76 [0;36mnonce[0m = 74 [0;36mhash[0m = 4b8cac7016b2d336932cc4cf97405595ed658414ee3632cde4a4981420ba77dd 
[0;36mDEBUG[0m[2026-03-16 10:14:11.735]   received shard header from network in block tracker [0;36mshard[0m = 0 [0;36mepoch[0m = 0 [0;36mround[0m = 77 [0;36mnonce[0m = 75 [0;36mhash[0m = dff818c05e6484f58f5373988965396129721439d4ea89772417bd80642b3ffc 
[0;36mDEBUG[0m[2026-03-16 10:14:11.735]   received shard header from network in block tracker [0;36mshard[0m = 0 [0;36mepoch[0m = 0 [0;36mround[0m = 78 [0;36mnonce[0m = 76 [0;36mhash[0m = 147cb684811616c8e94e776ce903140344eca9182830d6bf3948a7a9e49d41dc 
[0;36mDEBUG[0m[2026-03-16 10:14:11.735]   received shard header from network in block tracker [0;36mshard[0m = 0 [0;36mepoch[0m = 0 [0;36mround[0m = 79 [0;36mnonce[0m = 77 [0;36mhash[0m = 947aba504985d78d29e145db1f1ee48cd10172c10a4fa786dc78a40013ae5ab7 
[0;36mDEBUG[0m[2026-03-16 10:14:11.735]   received shard header from network in block tracker [0;36mshard[0m = 0 [0;36mepoch[0m = 0 [0;36mround[0m = 80 [0;36mnonce[0m = 78 [0;36mhash[0m = 07085253c0b7a8de80ea73220bf24a1e35c9ce3538b662ddf7ef56c02df81b79 
[0;36mDEBUG[0m[2026-03-16 10:14:11.735]   received shard header from network in block tracker [0;36mshard[0m = 0 [0;36mepoch[0m = 0 [0;36mround[0m = 81 [0;36mnonce[0m = 79 [0;36mhash[0m = dba935e89b16a7fead05ab4a77e7044564f18178077613ed855d26f2f95648fe 
[0;36mDEBUG[0m[2026-03-16 10:14:11.735]   received shard header from network in block tracker [0;36mshard[0m = 0 [0;36mepoch[0m = 0 [0;36mround[0m = 82 [0;36mnonce[0m = 80 [0;36mhash[0m = 7d6722f5da3f7293295bb00dc863d4a3dd84a6c1eb6c8362c1af4f5a4857fbf8 
[0;36mDEBUG[0m[2026-03-16 10:14:11.735]   received shard header from network in block tracker [0;36mshard[0m = 0 [0;36mepoch[0m = 0 [0;36mround[0m = 83 [0;36mnonce[0m = 81 [0;36mhash[0m = 0d2226a64fb8b0bc278d8995e4715f0c9622786035f39bb0282a4ba80042256e 
[0;36mDEBUG[0m[2026-03-16 10:14:11.735]   received shard header from network in block tracker [0;36mshard[0m = 0 [0;36mepoch[0m = 0 [0;36mround[0m = 84 [0;36mnonce[0m = 82 [0;36mhash[0m = 922fbed3a621fc68c21f6d8a17c3a691622e27219deafc4641e33a9b33365562 
[0;36mDEBUG[0m[2026-03-16 10:14:11.735]   received shard header from network in block tracker [0;36mshard[0m = 0 [0;36mepoch[0m = 0 [0;36mround[0m = 85 [0;36mnonce[0m = 83 [0;36mhash[0m = 1fbf17d54df9715919015c548867f2ab5ebee475f299eebcaab7064679abc281 
[0;36mDEBUG[0m[2026-03-16 10:14:11.735]   received shard header from network in block tracker [0;36mshard[0m = 0 [0;36mepoch[0m = 0 [0;36mround[0m = 86 [0;36mnonce[0m = 84 [0;36mhash[0m = 0a31ed6e23e70efcab53141c49ea620ecbfed0fb38bcd16ef9b5bf1f41b57295 
[0;36mDEBUG[0m[2026-03-16 10:14:11.735]   received shard header from network in block tracker [0;36mshard[0m = 0 [0;36mepoch[0m = 0 [0;36mround[0m = 87 [0;36mnonce[0m = 85 [0;36mhash[0m = b9305cf291ffe02ebb382aa54b480c8603e27418f2114a16ab1002bf0a6af994 
[0;36mDEBUG[0m[2026-03-16 10:14:11.735]   received shard header from network in block tracker [0;36mshard[0m = 0 [0;36mepoch[0m = 0 [0;36mround[0m = 88 [0;36mnonce[0m = 86 [0;36mhash[0m = 54c6046b73dc236b17205c1db5efe6e27a587243965c59b34eab9513d3a1a749 
[0;36mDEBUG[0m[2026-03-16 10:14:11.735]   received shard header from network in block tracker [0;36mshard[0m = 0 [0;36mepoch[0m = 0 [0;36mround[0m = 89 [0;36mnonce[0m = 87 [0;36mhash[0m = d28237e168401eb2094fa403a137c05374bee7d528c742331c5424e760ec6c54 
[0;36mDEBUG[0m[2026-03-16 10:14:11.735]   received shard header from network in block tracker [0;36mshard[0m = 0 [0;36mepoch[0m = 0 [0;36mround[0m = 90 [0;36mnonce[0m = 88 [0;36mhash[0m = e3cd60ae868a2c30ad81c157501bd3f22576ba69c102591eda82b34d2587420e 
[0;36mDEBUG[0m[2026-03-16 10:14:11.735]   received shard header from network in block tracker [0;36mshard[0m = 0 [0;36mepoch[0m = 0 [0;36mround[0m = 91 [0;36mnonce[0m = 89 [0;36mhash[0m = 54003bdbb1a02ab50195952f5cdb69463a4a341eef848ba78add9ea635f1215f 
[0;36mDEBUG[0m[2026-03-16 10:14:11.735]   received shard header from network in block tracker [0;36mshard[0m = 0 [0;36mepoch[0m = 0 [0;36mround[0m = 92 [0;36mnonce[0m = 90 [0;36mhash[0m = 4f479dd64501cc829e122c1ca90b69784cb8e12573b364432899b8e7d8dc544f 
[0;36mDEBUG[0m[2026-03-16 10:14:11.735]   received shard header from network in block tracker [0;36mshard[0m = 0 [0;36mepoch[0m = 0 [0;36mround[0m = 93 [0;36mnonce[0m = 91 [0;36mhash[0m = 3dd7e5ca11e866af3f245cbf30a4b2486fdc11671abfc242e68223fd364f387d 
[0;36mDEBUG[0m[2026-03-16 10:14:11.735]   received shard header from network in block tracker [0;36mshard[0m = 0 [0;36mepoch[0m = 0 [0;36mround[0m = 94 [0;36mnonce[0m = 92 [0;36mhash[0m = 77495614d5f1984340061f9e4ac8fc7aec8bc963fea7cae0559089d79ba09ebd 
[0;36mDEBUG[0m[2026-03-16 10:14:11.735]   received shard header from network in block tracker [0;36mshard[0m = 0 [0;36mepoch[0m = 0 [0;36mround[0m = 95 [0;36mnonce[0m = 93 [0;36mhash[0m = 5c521f84fa2d7d67e978716b1ec949dcfd196f8e3c6ae3116ea22edd6ed92a41 
[0;36mDEBUG[0m[2026-03-16 10:14:11.735]   received shard header from network in block tracker [0;36mshard[0m = 0 [0;36mepoch[0m = 0 [0;36mround[0m = 96 [0;36mnonce[0m = 94 [0;36mhash[0m = 32e1221f0130bd00fd93708d5650863388485c69b5ee1fd3c362f63b63975539 
[0;36mDEBUG[0m[2026-03-16 10:14:11.735]   received shard header from network in block tracker [0;36mshard[0m = 0 [0;36mepoch[0m = 0 [0;36mround[0m = 97 [0;36mnonce[0m = 95 [0;36mhash[0m = 3fbda5472433e3cc16f459b400ae4da5d5d744d2e8156a573e55e61d8a22be18 
[0;36mDEBUG[0m[2026-03-16 10:14:11.735]   received shard header from network in block tracker [0;36mshard[0m = 0 [0;36mepoch[0m = 0 [0;36mround[0m = 98 [0;36mnonce[0m = 96 [0;36mhash[0m = d950e60c5dbff17ddabcfde0fd764e4f0478375cad1349b3ad8659ce611f8cc5 
[0;36mDEBUG[0m[2026-03-16 10:14:11.735]   received shard header from network in block tracker [0;36mshard[0m = 0 [0;36mepoch[0m = 0 [0;36mround[0m = 99 [0;36mnonce[0m = 97 [0;36mhash[0m = b5023d3432340d2110c4b2c3f5656e588ede239e8fe9e807b79b0f4898baf5c5 
[0;36mDEBUG[0m[2026-03-16 10:14:11.735]   received shard header from network in block tracker [0;36mshard[0m = 0 [0;36mepoch[0m = 0 [0;36mround[0m = 100 [0;36mnonce[0m = 98 [0;36mhash[0m = 2ff2084c44671e54198a144d6475e5595dc59a882d05491ce6d866b2ee09eae2 
[0;36mDEBUG[0m[2026-03-16 10:14:11.735]   received shard header from network in block tracker [0;36mshard[0m = 0 [0;36mepoch[0m = 0 [0;36mround[0m = 101 [0;36mnonce[0m = 99 [0;36mhash[0m = 11d034c249a0c236c40f1886c9e78f51177da9f2c478fd4a46e52084a564b64f 
[0;36mDEBUG[0m[2026-03-16 10:14:11.735]   received shard header from network in block tracker [0;36mshard[0m = 0 [0;36mepoch[0m = 0 [0;36mround[0m = 102 [0;36mnonce[0m = 100 [0;36mhash[0m = da704d1a07625d228f95a6aaa975770a734139edef5240d5ee5f5836aa882bc4 
[0;36mDEBUG[0m[2026-03-16 10:14:11.735]   received shard header from network in block tracker [0;36mshard[0m = 0 [0;36mepoch[0m = 0 [0;36mround[0m = 103 [0;36mnonce[0m = 101 [0;36mhash[0m = 5037e54cfe9b24879a739703410110901f7795c81d431a5a017dc05182e0d6b9 
[0;36mDEBUG[0m[2026-03-16 10:14:11.735]   received shard header from network in block tracker [0;36mshard[0m = 0 [0;36mepoch[0m = 0 [0;36mround[0m = 104 [0;36mnonce[0m = 102 [0;36mhash[0m = fa609e23f45c1772319dd2f35f3618a8a5088900f081a1fa8265b2eaa7c81c51 
[0;36mDEBUG[0m[2026-03-16 10:14:11.735]   received shard header from network in block tracker [0;36mshard[0m = 0 [0;36mepoch[0m = 0 [0;36mround[0m = 105 [0;36mnonce[0m = 103 [0;36mhash[0m = ba789e3a7f369739cebd92d1995a7cc481ae011602ba9c21edf185268a68edfb 
[0;36mDEBUG[0m[2026-03-16 10:14:11.735]   received shard header from network in block tracker [0;36mshard[0m = 0 [0;36mepoch[0m = 0 [0;36mround[0m = 106 [0;36mnonce[0m = 104 [0;36mhash[0m = 6fa48e4b676a4c0c0199ecf6803fcfa7c21beec7b0efea77aa29ba68ac8f40e1 
[0;36mDEBUG[0m[2026-03-16 10:14:11.735]   received shard header from network in block tracker [0;36mshard[0m = 0 [0;36mepoch[0m = 0 [0;36mround[0m = 107 [0;36mnonce[0m = 105 [0;36mhash[0m = 189b968cf8f1ad24412ddab3c59a8ba3497ec5f6dfdd85ef177e95b0123357bb 
[0;36mDEBUG[0m[2026-03-16 10:14:11.735]   received shard header from network in block tracker [0;36mshard[0m = 0 [0;36mepoch[0m = 0 [0;36mround[0m = 108 [0;36mnonce[0m = 106 [0;36mhash[0m = a38e73527cd79e9359f5e38d07aa6a6386b00548edb1042c65d2791fdc8b0236 
[0;36mDEBUG[0m[2026-03-16 10:14:11.735]   received shard header from network in block tracker [0;36mshard[0m = 0 [0;36mepoch[0m = 0 [0;36mround[0m = 109 [0;36mnonce[0m = 107 [0;36mhash[0m = 8dbffd5002019059dcc62753931e022d5e8b728a86232c64c57b421b49da66a0 
[0;36mDEBUG[0m[2026-03-16 10:14:11.735]   received shard header from network in block tracker [0;36mshard[0m = 0 [0;36mepoch[0m = 0 [0;36mround[0m = 110 [0;36mnonce[0m = 108 [0;36mhash[0m = e23d5c950b97fb57d1bb2eba10d4fe859445bda406843980235f4558f92d54f3 
[0;36mDEBUG[0m[2026-03-16 10:14:11.735]   received shard header from network in block tracker [0;36mshard[0m = 0 [0;36mepoch[0m = 0 [0;36mround[0m = 111 [0;36mnonce[0m = 109 [0;36mhash[0m = 9a65bd0f5a48311d9d2dce1ae05f79ab9551ddb68d66a35e82f43162e0934614 
[0;36mDEBUG[0m[2026-03-16 10:14:11.735]   received shard header from network in block tracker [0;36mshard[0m = 0 [0;36mepoch[0m = 0 [0;36mround[0m = 112 [0;36mnonce[0m = 110 [0;36mhash[0m = 9367766911167fca45406c26823a7a4e42c9430fa2ab5162c67a6041e0a75861 
[0;36mDEBUG[0m[2026-03-16 10:14:11.735]   received shard header from network in block tracker [0;36mshard[0m = 0 [0;36mepoch[0m = 0 [0;36mround[0m = 113 [0;36mnonce[0m = 111 [0;36mhash[0m = 5d0033d922e1dddd0a12bface9ecb48c0ad9416456ef971fce808395d042bbd3 
[0;36mDEBUG[0m[2026-03-16 10:14:11.735]   received shard header from network in block tracker [0;36mshard[0m = 0 [0;36mepoch[0m = 0 [0;36mround[0m = 114 [0;36mnonce[0m = 112 [0;36mhash[0m = 357ecd8ffeb05db84cc2a9d1c7e27237a279ba57c8dc3abff61efe071a75d1f2 
[0;36mDEBUG[0m[2026-03-16 10:14:11.735]   received shard header from network in block tracker [0;36mshard[0m = 0 [0;36mepoch[0m = 0 [0;36mround[0m = 115 [0;36mnonce[0m = 113 [0;36mhash[0m = 1f9cd6f73dd7911533fbce0e82783c1abee4f15a2b3510c6d2a86738c708c6f1 
[0;36mDEBUG[0m[2026-03-16 10:14:11.735]   received shard header from network in block tracker [0;36mshard[0m = 0 [0;36mepoch[0m = 0 [0;36mround[0m = 116 [0;36mnonce[0m = 114 [0;36mhash[0m = b8cc90653bcafd326b801844be70cd77b64c28559ad869020157499f4320d208 
[0;36mDEBUG[0m[2026-03-16 10:14:11.735]   received shard header from network in block tracker [0;36mshard[0m = 0 [0;36mepoch[0m = 0 [0;36mround[0m = 117 [0;36mnonce[0m = 115 [0;36mhash[0m = c85daa1fbce47b151b8d5b488cabfad0f1aab26f7ff8e2e2a8edb3485cada9b6 
[0;36mDEBUG[0m[2026-03-16 10:14:11.735]   received shard header from network in block tracker [0;36mshard[0m = 0 [0;36mepoch[0m = 0 [0;36mround[0m = 118 [0;36mnonce[0m = 116 [0;36mhash[0m = f38a73f9f9320671e57c8ae7cbed2523c6e6d4b26c67554da395f685eb217cd9 
[0;36mDEBUG[0m[2026-03-16 10:14:11.735]   received shard header from network in block tracker [0;36mshard[0m = 0 [0;36mepoch[0m = 0 [0;36mround[0m = 119 [0;36mnonce[0m = 117 [0;36mhash[0m = 39061e6b7a297edaf6fa55dffdc3a600cc5f9e3584d2734cf8e9e734de7a572f 
[0;36mDEBUG[0m[2026-03-16 10:14:11.735]   received shard header from network in block tracker [0;36mshard[0m = 0 [0;36mepoch[0m = 0 [0;36mround[0m = 120 [0;36mnonce[0m = 118 [0;36mhash[0m = 7b70485b35ab428372c9ab6e34ee692bfd8c9ef58ec72e36a5b5e9514e55f278 
[0;36mDEBUG[0m[2026-03-16 10:14:11.735]   received shard header from network in block tracker [0;36mshard[0m = 0 [0;36mepoch[0m = 0 [0;36mround[0m = 121 [0;36mnonce[0m = 119 [0;36mhash[0m = 13f8f9c0f2ce9ed10cc38dd086f6ea4738c3b412bc31515b1df8cd3bc7a3f771 
[0;36mDEBUG[0m[2026-03-16 10:14:11.735]   received shard header from network in block tracker [0;36mshard[0m = 0 [0;36mepoch[0m = 0 [0;36mround[0m = 122 [0;36mnonce[0m = 120 [0;36mhash[0m = f518d841f122dca51e67938a804ae330622b1606340a2bd95398b5467c4b10a3 
[0;36mDEBUG[0m[2026-03-16 10:14:11.735]   received shard header from network in block tracker [0;36mshard[0m = 0 [0;36mepoch[0m = 0 [0;36mround[0m = 123 [0;36mnonce[0m = 121 [0;36mhash[0m = b5e11450c9593a2e3d8f17e35ffb10f4db734b91d660c932942b5b1bb68efd43 
[0;36mDEBUG[0m[2026-03-16 10:14:11.735]   received shard header from network in block tracker [0;36mshard[0m = 0 [0;36mepoch[0m = 0 [0;36mround[0m = 124 [0;36mnonce[0m = 122 [0;36mhash[0m = 14e6e7243c7ce9a2c109ad9956a1a7580fd8d7d46a87ab7cd3565b8341f4525e 
[0;36mDEBUG[0m[2026-03-16 10:14:11.735]   received shard header from network in block tracker [0;36mshard[0m = 0 [0;36mepoch[0m = 0 [0;36mround[0m = 125 [0;36mnonce[0m = 123 [0;36mhash[0m = 2b0292a1017ab93e23b5996c9a9f33d26d26a20a5662f0cf8d4fb2d96cf6f332 
[0;36mDEBUG[0m[2026-03-16 10:14:11.735]   received shard header from network in block tracker [0;36mshard[0m = 0 [0;36mepoch[0m = 0 [0;36mround[0m = 126 [0;36mnonce[0m = 124 [0;36mhash[0m = f740eaf0f1bb3bbb05df7594e6d72fcb9b1be66abd7eaa0fc1e7f27e2a2ef08f 
[0;36mDEBUG[0m[2026-03-16 10:14:11.735]   received shard header from network in block tracker [0;36mshard[0m = 0 [0;36mepoch[0m = 0 [0;36mround[0m = 127 [0;36mnonce[0m = 125 [0;36mhash[0m = a5e5fa9b35a15cc3a06afab2377093cf7ef80475c345c753bf8b669bba0d8c93 
[0;36mDEBUG[0m[2026-03-16 10:14:11.735]   received shard header from network in block tracker [0;36mshard[0m = 0 [0;36mepoch[0m = 0 [0;36mround[0m = 128 [0;36mnonce[0m = 126 [0;36mhash[0m = 90822210534ace413d1e5e58c80b0e309e1eb5dca862d4e0070b93044d04eff0 
[0;36mDEBUG[0m[2026-03-16 10:14:11.735]   received shard header from network in block tracker [0;36mshard[0m = 0 [0;36mepoch[0m = 0 [0;36mround[0m = 129 [0;36mnonce[0m = 127 [0;36mhash[0m = 43afee4f202901be6cdfbd0ea88ece2312325b81c180fea6e90e06bc41a34879 
[0;36mDEBUG[0m[2026-03-16 10:14:11.735]   received shard header from network in block tracker [0;36mshard[0m = 0 [0;36mepoch[0m = 0 [0;36mround[0m = 130 [0;36mnonce[0m = 128 [0;36mhash[0m = 91e7d1006ab817b4cfd850a2acd57c45bccec1075cd038d27de0d9f21e11ed9a 
[0;36mDEBUG[0m[2026-03-16 10:14:11.735]   received shard header from network in block tracker [0;36mshard[0m = 0 [0;36mepoch[0m = 0 [0;36mround[0m = 131 [0;36mnonce[0m = 129 [0;36mhash[0m = bc46d5ad74b325401f31f5cce8e95e237432fac202425b5e4edfbb09572e2253 
[0;36mDEBUG[0m[2026-03-16 10:14:11.735]   received shard header from network in block tracker [0;36mshard[0m = 0 [0;36mepoch[0m = 0 [0;36mround[0m = 132 [0;36mnonce[0m = 130 [0;36mhash[0m = 500acbf0c868ca974a77698b06f1cec26c1119fc256d3e42211d1ee9da52c88b 
[0;36mDEBUG[0m[2026-03-16 10:14:11.735]   received shard header from network in block tracker [0;36mshard[0m = 0 [0;36mepoch[0m = 0 [0;36mround[0m = 133 [0;36mnonce[0m = 131 [0;36mhash[0m = a6855e1f59f1484ff12271c667d44d4f02cf04579617fcb9fe747eba4a9b543a 
[0;36mDEBUG[0m[2026-03-16 10:14:11.735]   received shard header from network in block tracker [0;36mshard[0m = 0 [0;36mepoch[0m = 0 [0;36mround[0m = 134 [0;36mnonce[0m = 132 [0;36mhash[0m = 62d0112a4c32985ef6a9b761b2c2f17afba9e1a6f46dda88d214c96b3cca9792 
[0;36mDEBUG[0m[2026-03-16 10:14:11.735]   received shard header from network in block tracker [0;36mshard[0m = 0 [0;36mepoch[0m = 0 [0;36mround[0m = 135 [0;36mnonce[0m = 133 [0;36mhash[0m = 41dd97ab0c372fe9fe27bdbb5dae3419e5137ef21469e89728bd77f3fc03a92d 
[0;36mDEBUG[0m[2026-03-16 10:14:11.735]   received shard header from network in block tracker [0;36mshard[0m = 0 [0;36mepoch[0m = 0 [0;36mround[0m = 136 [0;36mnonce[0m = 134 [0;36mhash[0m = 05483556c088c78bb5ea97a57b4a5dffa145bd7d90ab7c371c7548c268fec760 
[0;36mDEBUG[0m[2026-03-16 10:14:11.735]   received shard header from network in block tracker [0;36mshard[0m = 0 [0;36mepoch[0m = 0 [0;36mround[0m = 137 [0;36mnonce[0m = 135 [0;36mhash[0m = 449fa4b39ade6443a3261c8ceaa6119273efecc8b69df06ac2a206dcbd738a85 
[0;36mDEBUG[0m[2026-03-16 10:14:11.735]   received shard header from network in block tracker [0;36mshard[0m = 0 [0;36mepoch[0m = 0 [0;36mround[0m = 138 [0;36mnonce[0m = 136 [0;36mhash[0m = e87a24b79205bcbf289b23b3e879682e5f5943dc5fc02ec254986dc3a4656645 
[0;36mDEBUG[0m[2026-03-16 10:14:11.735]   received shard header from network in block tracker [0;36mshard[0m = 0 [0;36mepoch[0m = 0 [0;36mround[0m = 139 [0;36mnonce[0m = 137 [0;36mhash[0m = ed21ca588ef2abd94a3648e6da3a77757331b0fe70a7d26c764a9908ead1fe8d 
[0;36mDEBUG[0m[2026-03-16 10:14:11.735]   received shard header from network in block tracker [0;36mshard[0m = 0 [0;36mepoch[0m = 0 [0;36mround[0m = 140 [0;36mnonce[0m = 138 [0;36mhash[0m = a6da71fac02d1e2015da84e1e4113e4d6139b8fbf99369032af2e85155bb4f2e 
[0;36mDEBUG[0m[2026-03-16 10:14:11.735]   received shard header from network in block tracker [0;36mshard[0m = 0 [0;36mepoch[0m = 0 [0;36mround[0m = 141 [0;36mnonce[0m = 139 [0;36mhash[0m = 39e601ace4401a45721d256b183637f1fe40de6715cffaa94157ed5d55110cad 
[0;36mDEBUG[0m[2026-03-16 10:14:11.735]   received shard header from network in block tracker [0;36mshard[0m = 0 [0;36mepoch[0m = 0 [0;36mround[0m = 142 [0;36mnonce[0m = 140 [0;36mhash[0m = 5483d4f516452955ad8e0f4fcbbc87c26eb230b542760bd32cec0b84c737b772 
[0;36mDEBUG[0m[2026-03-16 10:14:11.735]   received shard header from network in block tracker [0;36mshard[0m = 0 [0;36mepoch[0m = 0 [0;36mround[0m = 143 [0;36mnonce[0m = 141 [0;36mhash[0m = 76bb4faebe372c24e0bf7730eba430e081714a65833d80acfc0939a2c4ca346e 
[0;36mDEBUG[0m[2026-03-16 10:14:11.736]   received shard header from network in block tracker [0;36mshard[0m = 0 [0;36mepoch[0m = 0 [0;36mround[0m = 144 [0;36mnonce[0m = 142 [0;36mhash[0m = 29492f4f8f3e66a1b2b4ce0538ddf82b66b9adbc3b8cceb5d3e6ebdefeae99ee 
[0;36mDEBUG[0m[2026-03-16 10:14:11.736]   received shard header from network in block tracker [0;36mshard[0m = 0 [0;36mepoch[0m = 0 [0;36mround[0m = 145 [0;36mnonce[0m = 143 [0;36mhash[0m = afa0bc894ac48b7b7f4466c51cdef20c4eefad9a3bfd77b4d5a6f727ab8aa0f7 
[0;36mDEBUG[0m[2026-03-16 10:14:11.736]   received shard header from network in block tracker [0;36mshard[0m = 0 [0;36mepoch[0m = 0 [0;36mround[0m = 146 [0;36mnonce[0m = 144 [0;36mhash[0m = 14a23ea623e0dd91e96a9e7a7ed499d64c97437e1e6cdf7813833221fea84093 
[0;36mDEBUG[0m[2026-03-16 10:14:11.736]   received shard header from network in block tracker [0;36mshard[0m = 0 [0;36mepoch[0m = 0 [0;36mround[0m = 147 [0;36mnonce[0m = 145 [0;36mhash[0m = 386c712045f30651b2d7485f3b626cf23ae2840812560cedd2821d3e74aa7805 
[0;36mDEBUG[0m[2026-03-16 10:14:11.736]   received shard header from network in block tracker [0;36mshard[0m = 0 [0;36mepoch[0m = 0 [0;36mround[0m = 148 [0;36mnonce[0m = 146 [0;36mhash[0m = 9dbb7bf53ce3d566c7e5645f30d1f02bdd6797897ee1ac7c21c6a5d27a820f02 
[0;36mDEBUG[0m[2026-03-16 10:14:11.736]   received shard header from network in block tracker [0;36mshard[0m = 0 [0;36mepoch[0m = 0 [0;36mround[0m = 149 [0;36mnonce[0m = 147 [0;36mhash[0m = 6a364a8d82197f1bb7dc8987745876496301a7b0d0a31abcbd841c3940b866b8 
[0;36mDEBUG[0m[2026-03-16 10:14:11.736]   received shard header from network in block tracker [0;36mshard[0m = 0 [0;36mepoch[0m = 0 [0;36mround[0m = 150 [0;36mnonce[0m = 148 [0;36mhash[0m = 6bedb043d0159dfdf5bc2c437742f1776982450cb450765fec5233bb8c0a353d 
[0;36mDEBUG[0m[2026-03-16 10:14:11.736]   received shard header from network in block tracker [0;36mshard[0m = 0 [0;36mepoch[0m = 0 [0;36mround[0m = 151 [0;36mnonce[0m = 149 [0;36mhash[0m = aa3d02228da6e655285175b780eaaddbccd60639d4ddd0481b0cf6f525f2926b 
[0;36mDEBUG[0m[2026-03-16 10:14:11.736]   received shard header from network in block tracker [0;36mshard[0m = 0 [0;36mepoch[0m = 0 [0;36mround[0m = 152 [0;36mnonce[0m = 150 [0;36mhash[0m = e324e526675f97bbacff82348f18f45aa774808b2b4885b481b2673cc0a503eb 
[0;36mDEBUG[0m[2026-03-16 10:14:11.736]   received shard header from network in block tracker [0;36mshard[0m = 0 [0;36mepoch[0m = 0 [0;36mround[0m = 153 [0;36mnonce[0m = 151 [0;36mhash[0m = f1d585281b4f3a573868a7ae73009a1fff4a397c6be2207edd1221671cea3a3e 
[0;36mDEBUG[0m[2026-03-16 10:14:11.736]   received shard header from network in block tracker [0;36mshard[0m = 0 [0;36mepoch[0m = 0 [0;36mround[0m = 154 [0;36mnonce[0m = 152 [0;36mhash[0m = a0c997bb0aa2c4240dca8f3aa97973a93781adcb58dcc01cd8cdbd59cd5ae1e5 
[0;36mDEBUG[0m[2026-03-16 10:14:11.736]   received shard header from network in block tracker [0;36mshard[0m = 0 [0;36mepoch[0m = 0 [0;36mround[0m = 155 [0;36mnonce[0m = 153 [0;36mhash[0m = fc394450c363c42696c24e4e89357b900ec4175ae4366156a9781c3968fdf9a3 
[0;36mDEBUG[0m[2026-03-16 10:14:11.736]   received shard header from network in block tracker [0;36mshard[0m = 0 [0;36mepoch[0m = 0 [0;36mround[0m = 156 [0;36mnonce[0m = 154 [0;36mhash[0m = a9599b2c0b6f0cf915fb3fcd5494128c9ea72eac9176d8961ed8893384946f01 
[0;36mDEBUG[0m[2026-03-16 10:14:11.736]   received shard header from network in block tracker [0;36mshard[0m = 0 [0;36mepoch[0m = 0 [0;36mround[0m = 157 [0;36mnonce[0m = 155 [0;36mhash[0m = 4eac515183e61d61973308cf6da3d7e630c6e77ca84dc2f179ea9a4b0317f81b 
[0;36mDEBUG[0m[2026-03-16 10:14:11.736]   received shard header from network in block tracker [0;36mshard[0m = 0 [0;36mepoch[0m = 0 [0;36mround[0m = 158 [0;36mnonce[0m = 156 [0;36mhash[0m = 704e502cc73b2eb20c82ba6723d26a07e465fe2a6517b61df38e060d9ca4580b 
[0;36mDEBUG[0m[2026-03-16 10:14:11.736]   received shard header from network in block tracker [0;36mshard[0m = 0 [0;36mepoch[0m = 0 [0;36mround[0m = 159 [0;36mnonce[0m = 157 [0;36mhash[0m = 7684341e870cb37b7bc477af87a82c7740e538dec565b359781f53f0edc87f89 
[0;36mDEBUG[0m[2026-03-16 10:14:11.736]   received shard header from network in block tracker [0;36mshard[0m = 0 [0;36mepoch[0m = 0 [0;36mround[0m = 160 [0;36mnonce[0m = 158 [0;36mhash[0m = a07b919818ff246f8e7849f6c0bcc963b4f52c2fdc04dd5bf1e34778acd16c1f 
[0;36mDEBUG[0m[2026-03-16 10:14:11.736]   received shard header from network in block tracker [0;36mshard[0m = 0 [0;36mepoch[0m = 0 [0;36mround[0m = 161 [0;36mnonce[0m = 159 [0;36mhash[0m = bf1167b1f8c445cd0d860adc9948a2866f79e2952bae7d26abcbfe0696c55760 
[0;36mDEBUG[0m[2026-03-16 10:14:11.736]   received shard header from network in block tracker [0;36mshard[0m = 0 [0;36mepoch[0m = 0 [0;36mround[0m = 162 [0;36mnonce[0m = 160 [0;36mhash[0m = 0f2427b1c0ca9f22792993fb8d3fa79b96e9348f5d82f3d30fc02b64b2d01c64 
[0;36mDEBUG[0m[2026-03-16 10:14:11.736]   received shard header from network in block tracker [0;36mshard[0m = 0 [0;36mepoch[0m = 0 [0;36mround[0m = 163 [0;36mnonce[0m = 161 [0;36mhash[0m = ed80eaa0d954b1c6704c9d17e8507ca0835fb0956a59c005280f822feb095422 
[0;36mDEBUG[0m[2026-03-16 10:14:11.736]   received shard header from network in block tracker [0;36mshard[0m = 0 [0;36mepoch[0m = 0 [0;36mround[0m = 164 [0;36mnonce[0m = 162 [0;36mhash[0m = 9333b103bed1d99176845bdb54f98da936e9bfcb559d98551e737fb7ccfaf6e5 
[0;36mDEBUG[0m[2026-03-16 10:14:11.736]   received shard header from network in block tracker [0;36mshard[0m = 0 [0;36mepoch[0m = 0 [0;36mround[0m = 165 [0;36mnonce[0m = 163 [0;36mhash[0m = adeb30602a8878c48819601af08cb1f293c810ad9ddc78295740293505b72d9b 
[0;36mDEBUG[0m[2026-03-16 10:14:11.736]   received shard header from network in block tracker [0;36mshard[0m = 0 [0;36mepoch[0m = 0 [0;36mround[0m = 166 [0;36mnonce[0m = 164 [0;36mhash[0m = 72cb1398d8cde4be824466efc560ab9123f7a79eabf1443a892d5f118bf63964 
[0;36mDEBUG[0m[2026-03-16 10:14:11.736]   received shard header from network in block tracker [0;36mshard[0m = 0 [0;36mepoch[0m = 0 [0;36mround[0m = 167 [0;36mnonce[0m = 165 [0;36mhash[0m = 462371641afa40855040065349838668e507ab7b977000d12c8be0447d18495d 
[0;36mDEBUG[0m[2026-03-16 10:14:11.736]   received shard header from network in block tracker [0;36mshard[0m = 0 [0;36mepoch[0m = 0 [0;36mround[0m = 168 [0;36mnonce[0m = 166 [0;36mhash[0m = c5b15984b83a2880135798a40d4ef6b070533c68ea7c69461da9d1f8d82b1feb 
[0;36mDEBUG[0m[2026-03-16 10:14:11.736]   received shard header from network in block tracker [0;36mshard[0m = 0 [0;36mepoch[0m = 0 [0;36mround[0m = 169 [0;36mnonce[0m = 167 [0;36mhash[0m = d303cbc8c76f4ceb6453652201a0902f5a41303d2a03128e25a9a40aaeefc664 
[0;36mDEBUG[0m[2026-03-16 10:14:11.736]   received shard header from network in block tracker [0;36mshard[0m = 0 [0;36mepoch[0m = 0 [0;36mround[0m = 170 [0;36mnonce[0m = 168 [0;36mhash[0m = a77ba9f97cb950dc2518aa062c8398da354fa70a4d06056729dd5c76fcfc9ff3 
[0;36mDEBUG[0m[2026-03-16 10:14:11.736]   received shard header from network in block tracker [0;36mshard[0m = 0 [0;36mepoch[0m = 0 [0;36mround[0m = 171 [0;36mnonce[0m = 169 [0;36mhash[0m = dd2b75856327c8860d7a1b5472e775d562c5f0b53143b27d89ff6e5c5fbdb930 
[0;36mDEBUG[0m[2026-03-16 10:14:11.736]   received shard header from network in block tracker [0;36mshard[0m = 0 [0;36mepoch[0m = 0 [0;36mround[0m = 172 [0;36mnonce[0m = 170 [0;36mhash[0m = 9e100f1b7e36764899b96973510b916319084318783b1e9eecd52267a6976c8b 
[0;36mDEBUG[0m[2026-03-16 10:14:11.736]   received shard header from network in block tracker [0;36mshard[0m = 0 [0;36mepoch[0m = 0 [0;36mround[0m = 173 [0;36mnonce[0m = 171 [0;36mhash[0m = 6016db54025edaf841295fd09db14fc81de62c85fb267d26b4ad2e6ebe6609ff 
[0;36mDEBUG[0m[2026-03-16 10:14:11.736]   received shard header from network in block tracker [0;36mshard[0m = 0 [0;36mepoch[0m = 0 [0;36mround[0m = 174 [0;36mnonce[0m = 172 [0;36mhash[0m = adb83ccb1b30422c3a11eb5965f0f9154dbf2e76bba5bba383c5657e96aa6061 
[0;36mDEBUG[0m[2026-03-16 10:14:11.736]   received shard header from network in block tracker [0;36mshard[0m = 0 [0;36mepoch[0m = 0 [0;36mround[0m = 175 [0;36mnonce[0m = 173 [0;36mhash[0m = 09e447df358dacd686168c10ac921de6c87a46834f8437957a121e6041ba7739 
[0;36mDEBUG[0m[2026-03-16 10:14:11.736]   received shard header from network in block tracker [0;36mshard[0m = 0 [0;36mepoch[0m = 0 [0;36mround[0m = 176 [0;36mnonce[0m = 174 [0;36mhash[0m = e3075d6864077fb357ae4bd4fbd864fb92465f368aed9e32b1178d2207268b34 
[0;36mDEBUG[0m[2026-03-16 10:14:11.736]   received shard header from network in block tracker [0;36mshard[0m = 0 [0;36mepoch[0m = 0 [0;36mround[0m = 177 [0;36mnonce[0m = 175 [0;36mhash[0m = 2c2d6b265d86576ef386f370ebab6fb92c5d2c6a133930a5a52427ce96d04fb4 
[0;36mDEBUG[0m[2026-03-16 10:14:11.736]   received shard header from network in block tracker [0;36mshard[0m = 0 [0;36mepoch[0m = 0 [0;36mround[0m = 178 [0;36mnonce[0m = 176 [0;36mhash[0m = fe30f26dbd4b65f98e2ae109e67f18a2c6f16e99bd9506ec568e79c31d46d074 
[0;36mDEBUG[0m[2026-03-16 10:14:11.736]   received shard header from network in block tracker [0;36mshard[0m = 0 [0;36mepoch[0m = 0 [0;36mround[0m = 179 [0;36mnonce[0m = 177 [0;36mhash[0m = 3ed2bc53e333a303fdd2a6814d7eaa666450582d12563700ee34bcac4506aa05 
[0;36mDEBUG[0m[2026-03-16 10:14:11.736]   received shard header from network in block tracker [0;36mshard[0m = 0 [0;36mepoch[0m = 0 [0;36mround[0m = 180 [0;36mnonce[0m = 178 [0;36mhash[0m = 3a60d64c10e05945449391f0b6db30f8a72f9ca22048a14c8e96ca8d26a1cd3b 
[0;36mDEBUG[0m[2026-03-16 10:14:11.736]   received shard header from network in block tracker [0;36mshard[0m = 0 [0;36mepoch[0m = 0 [0;36mround[0m = 181 [0;36mnonce[0m = 179 [0;36mhash[0m = 37bd2b0ffb6792e7aeea1615845618aa5370756239f0ab4dbe1ddda777ea7e6b 
[0;36mDEBUG[0m[2026-03-16 10:14:11.736]   received shard header from network in block tracker [0;36mshard[0m = 0 [0;36mepoch[0m = 0 [0;36mround[0m = 182 [0;36mnonce[0m = 180 [0;36mhash[0m = a167cd3667a91d624f78d3620c62576f616696e5a6ddf4df0849d2011970b13c 
[0;36mDEBUG[0m[2026-03-16 10:14:11.736]   received shard header from network in block tracker [0;36mshard[0m = 0 [0;36mepoch[0m = 0 [0;36mround[0m = 183 [0;36mnonce[0m = 181 [0;36mhash[0m = f3f4d177c4371b2b429cd6c834bdd2bee75c4312e4a22b86d13b856c426d6d96 
[0;36mDEBUG[0m[2026-03-16 10:14:11.736]   received shard header from network in block tracker [0;36mshard[0m = 0 [0;36mepoch[0m = 0 [0;36mround[0m = 184 [0;36mnonce[0m = 182 [0;36mhash[0m = f25a16f768751a857891b1ac4939b02cd133d9b75eea36a56b686010659c5fc2 
[0;36mDEBUG[0m[2026-03-16 10:14:11.736]   received shard header from network in block tracker [0;36mshard[0m = 0 [0;36mepoch[0m = 0 [0;36mround[0m = 185 [0;36mnonce[0m = 183 [0;36mhash[0m = 594d4d1bcdce367ebaa2ef409766cfce081a884931ed3fa002a1f1e4800ae98c 
[0;36mDEBUG[0m[2026-03-16 10:14:11.736]   received shard header from network in block tracker [0;36mshard[0m = 0 [0;36mepoch[0m = 0 [0;36mround[0m = 186 [0;36mnonce[0m = 184 [0;36mhash[0m = f644dba55846ad79b3d7083710a079a616d9a5ce64c963edff70f7d167c983db 
[0;36mDEBUG[0m[2026-03-16 10:14:11.736]   received shard header from network in block tracker [0;36mshard[0m = 0 [0;36mepoch[0m = 0 [0;36mround[0m = 187 [0;36mnonce[0m = 185 [0;36mhash[0m = 7d484efa01c9f6f337a35a6b922c6f705c99dbcae051bc8f8d61b369012ecae5 
[0;36mDEBUG[0m[2026-03-16 10:14:11.736]   received shard header from network in block tracker [0;36mshard[0m = 0 [0;36mepoch[0m = 0 [0;36mround[0m = 188 [0;36mnonce[0m = 186 [0;36mhash[0m = e860a126c953d0a7a07e5f9116af22ef0f4ce58c03c4543e4d7029f199052a3f 
[0;36mDEBUG[0m[2026-03-16 10:14:11.736]   received shard header from network in block tracker [0;36mshard[0m = 0 [0;36mepoch[0m = 0 [0;36mround[0m = 189 [0;36mnonce[0m = 187 [0;36mhash[0m = 6101c0bfc35701c165b821fd15c473ea157f901810d15b38576d8475ae341cd0 
[0;36mDEBUG[0m[2026-03-16 10:14:11.736]   received shard header from network in block tracker [0;36mshard[0m = 0 [0;36mepoch[0m = 0 [0;36mround[0m = 190 [0;36mnonce[0m = 188 [0;36mhash[0m = 5dd82fbf765b36815e061bd2cf87d3a4a3835c0317cb000845818dda70c185be 
[0;36mDEBUG[0m[2026-03-16 10:14:11.736]   received shard header from network in block tracker [0;36mshard[0m = 0 [0;36mepoch[0m = 0 [0;36mround[0m = 191 [0;36mnonce[0m = 189 [0;36mhash[0m = 2bfe36d88c79d439c8b1613cfe0c46ac064a5d25e28ff910c139b0b54199e63f 
[0;36mDEBUG[0m[2026-03-16 10:14:11.736]   received shard header from network in block tracker [0;36mshard[0m = 0 [0;36mepoch[0m = 0 [0;36mround[0m = 192 [0;36mnonce[0m = 190 [0;36mhash[0m = 4830d0504ede4471360b50cce46f26852298ec08dbf50ca8dcc0741caedb9907 
[0;36mDEBUG[0m[2026-03-16 10:14:11.736]   received shard header from network in block tracker [0;36mshard[0m = 0 [0;36mepoch[0m = 0 [0;36mround[0m = 193 [0;36mnonce[0m = 191 [0;36mhash[0m = 252e854489e420a308c0f7d94c273ad2576600a979283a5d3a6d9e6eddd3ebb9 
[0;36mDEBUG[0m[2026-03-16 10:14:11.736]   received shard header from network in block tracker [0;36mshard[0m = 0 [0;36mepoch[0m = 0 [0;36mround[0m = 194 [0;36mnonce[0m = 192 [0;36mhash[0m = de6422aa69d569852a9212f05c399998fab2dd4db92ebaac22f1d36b89b607b9 
[0;36mDEBUG[0m[2026-03-16 10:14:11.736]   received shard header from network in block tracker [0;36mshard[0m = 0 [0;36mepoch[0m = 0 [0;36mround[0m = 195 [0;36mnonce[0m = 193 [0;36mhash[0m = 2d796eb5d7c58495d76429f43aef1a6c5aae826b64cbc4bf75902fdc82cd14e5 
[0;36mDEBUG[0m[2026-03-16 10:14:11.736]   received shard header from network in block tracker [0;36mshard[0m = 0 [0;36mepoch[0m = 0 [0;36mround[0m = 196 [0;36mnonce[0m = 194 [0;36mhash[0m = 44451c3dedc2dead57d0830ba9f857676f2cd4a1d4087901884c2e5aacb9019d 
[0;36mDEBUG[0m[2026-03-16 10:14:11.736]   received shard header from network in block tracker [0;36mshard[0m = 0 [0;36mepoch[0m = 0 [0;36mround[0m = 197 [0;36mnonce[0m = 195 [0;36mhash[0m = a312618b59dc78106479d89f09ac79d0f58e3ec6755a55bdc1a393cf1ac38768 
[0;36mDEBUG[0m[2026-03-16 10:14:11.736]   received shard header from network in block tracker [0;36mshard[0m = 0 [0;36mepoch[0m = 0 [0;36mround[0m = 198 [0;36mnonce[0m = 196 [0;36mhash[0m = 73e930dbfe65712553cf1495cd08bf6ff51495827183cb24ec314a8736c1d1fa 
[0;36mDEBUG[0m[2026-03-16 10:14:11.736]   received shard header from network in block tracker [0;36mshard[0m = 0 [0;36mepoch[0m = 0 [0;36mround[0m = 199 [0;36mnonce[0m = 197 [0;36mhash[0m = d6fae5f223bdfc04c71557c8b9feae76deb6efd04c65ba821e0780ede6718e75 
[0;36mDEBUG[0m[2026-03-16 10:14:11.736]   received shard header from network in block tracker [0;36mshard[0m = 0 [0;36mepoch[0m = 0 [0;36mround[0m = 200 [0;36mnonce[0m = 198 [0;36mhash[0m = 62234b2c5421e34691fff680bf48b07b7625158865587cc73c5206fc95edf11d 
[0;36mDEBUG[0m[2026-03-16 10:14:11.736]   received shard header from network in block tracker [0;36mshard[0m = 0 [0;36mepoch[0m = 0 [0;36mround[0m = 201 [0;36mnonce[0m = 199 [0;36mhash[0m = c31f82921b529766a1ed2c92fb9af0b2ddb6e6212f5847880eb335a7c57b3e50 
[0;36mDEBUG[0m[2026-03-16 10:14:11.736]   received shard header from network in block tracker [0;36mshard[0m = 0 [0;36mepoch[0m = 0 [0;36mround[0m = 202 [0;36mnonce[0m = 200 [0;36mhash[0m = b92dfaccae695c2feea8c062affe705822c399874f36fd24a2d2fb2cfabab491 
[0;36mDEBUG[0m[2026-03-16 10:14:11.736]   received shard header from network in block tracker [0;36mshard[0m = 0 [0;36mepoch[0m = 0 [0;36mround[0m = 203 [0;36mnonce[0m = 201 [0;36mhash[0m = f5e3cc8309152c80645a2eb825e5a721e5560e5f328ec17c0f6119142cd28124 
[0;36mDEBUG[0m[2026-03-16 10:14:11.736]   received shard header from network in block tracker [0;36mshard[0m = 0 [0;36mepoch[0m = 0 [0;36mround[0m = 204 [0;36mnonce[0m = 202 [0;36mhash[0m = 0efcbb0405484178a390e0ddf0664c9bf42e1923ffa3835480e3cb2e1080bbf6 
[0;36mDEBUG[0m[2026-03-16 10:14:11.736]   received shard header from network in block tracker [0;36mshard[0m = 0 [0;36mepoch[0m = 0 [0;36mround[0m = 205 [0;36mnonce[0m = 203 [0;36mhash[0m = 064b9fe5048d39d99664301c76b6d8b431c680eea725272a8d02d4e9371d26d1 
[0;36mDEBUG[0m[2026-03-16 10:14:11.736]   received shard header from network in block tracker [0;36mshard[0m = 0 [0;36mepoch[0m = 0 [0;36mround[0m = 206 [0;36mnonce[0m = 204 [0;36mhash[0m = fbb9669117721e7ed682e338339467f14ec5137a437335921657fc6287da570b 
[0;36mDEBUG[0m[2026-03-16 10:14:11.736]   received shard header from network in block tracker [0;36mshard[0m = 0 [0;36mepoch[0m = 0 [0;36mround[0m = 207 [0;36mnonce[0m = 205 [0;36mhash[0m = 96660208fc99461440fb683491264ae6b3ec339b159d390bcfca2f7350ce1e91 
[0;36mDEBUG[0m[2026-03-16 10:14:11.736]   received shard header from network in block tracker [0;36mshard[0m = 0 [0;36mepoch[0m = 0 [0;36mround[0m = 208 [0;36mnonce[0m = 206 [0;36mhash[0m = 043028cc4b2bd7ff480c6ce2013847ffcc2a94663826db8a3493731761fcf0c1 
[0;36mDEBUG[0m[2026-03-16 10:14:11.736]   received shard header from network in block tracker [0;36mshard[0m = 0 [0;36mepoch[0m = 0 [0;36mround[0m = 209 [0;36mnonce[0m = 207 [0;36mhash[0m = 61879abdc4b1cf1b7a5260193cb405341cad042fe354e3df2f1416de56a238e2 
[0;36mDEBUG[0m[2026-03-16 10:14:11.736]   received shard header from network in block tracker [0;36mshard[0m = 0 [0;36mepoch[0m = 0 [0;36mround[0m = 210 [0;36mnonce[0m = 208 [0;36mhash[0m = b04021e8bfb247760f6b3f913f5db84b779e6f3cc11f332b82422a3ed9f50613 
[0;36mDEBUG[0m[2026-03-16 10:14:11.736]   received shard header from network in block tracker [0;36mshard[0m = 0 [0;36mepoch[0m = 0 [0;36mround[0m = 211 [0;36mnonce[0m = 209 [0;36mhash[0m = 268b905f965c48aadb2eaf8ae21bb27925e43d71b418de6b0f563db66afb10a1 
[0;36mDEBUG[0m[2026-03-16 10:14:11.736]   received shard header from network in block tracker [0;36mshard[0m = 0 [0;36mepoch[0m = 0 [0;36mround[0m = 212 [0;36mnonce[0m = 210 [0;36mhash[0m = 234cf8b8cf6bff50cfabcfde2a6ce399be546b57dbcaf391147e55dede7d31fb 
[0;36mDEBUG[0m[2026-03-16 10:14:11.736]   received shard header from network in block tracker [0;36mshard[0m = 0 [0;36mepoch[0m = 0 [0;36mround[0m = 213 [0;36mnonce[0m = 211 [0;36mhash[0m = a309d0728bed2f5fc193e3d87b6a0e4bfe1c5dca7b5fc34c76bd1a2a6d0bc3c8 
[0;36mDEBUG[0m[2026-03-16 10:14:11.736]   received shard header from network in block tracker [0;36mshard[0m = 0 [0;36mepoch[0m = 0 [0;36mround[0m = 214 [0;36mnonce[0m = 212 [0;36mhash[0m = 307258611b39a49196f643666d2e3b2e192e8faa8e799573ed870d73106ef444 
[0;36mDEBUG[0m[2026-03-16 10:14:11.736]   received shard header from network in block tracker [0;36mshard[0m = 0 [0;36mepoch[0m = 0 [0;36mround[0m = 215 [0;36mnonce[0m = 213 [0;36mhash[0m = 125646721db0bd0d52d3731d5775f3aa130ed65a2fb45378476580524ecb560b 
[0;36mDEBUG[0m[2026-03-16 10:14:11.736]   received shard header from network in block tracker [0;36mshard[0m = 0 [0;36mepoch[0m = 0 [0;36mround[0m = 216 [0;36mnonce[0m = 214 [0;36mhash[0m = e740eadf5e20f5d9261e752a7b2405571bcf933c38a5f65961682ba5bdeb6933 
[0;36mDEBUG[0m[2026-03-16 10:14:11.736]   received shard header from network in block tracker [0;36mshard[0m = 0 [0;36mepoch[0m = 0 [0;36mround[0m = 217 [0;36mnonce[0m = 215 [0;36mhash[0m = 2cb92ae51bf9944b5befee62bb5841bc8d2b89c7fca5736b552d8d34eb45d06c 
[0;36mDEBUG[0m[2026-03-16 10:14:11.736]   received shard header from network in block tracker [0;36mshard[0m = 0 [0;36mepoch[0m = 0 [0;36mround[0m = 218 [0;36mnonce[0m = 216 [0;36mhash[0m = 66ac712bec61d4c2a5458ad5f52cb539e1296c1c8fc6316daa74fc780626cc36 
[0;36mDEBUG[0m[2026-03-16 10:14:11.736]   received shard header from network in block tracker [0;36mshard[0m = 0 [0;36mepoch[0m = 0 [0;36mround[0m = 219 [0;36mnonce[0m = 217 [0;36mhash[0m = 8e734ff20c149f1f9949df6c3dbd88b8e1a2369f7aef14fb7dbe4d92cf8c7fa6 
[0;36mDEBUG[0m[2026-03-16 10:14:11.736]   received shard header from network in block tracker [0;36mshard[0m = 0 [0;36mepoch[0m = 0 [0;36mround[0m = 220 [0;36mnonce[0m = 218 [0;36mhash[0m = 786c93b58db3426bfb7ea7b5b9849f911479dc0659379b10ad1efc141c14b29e 
[0;36mDEBUG[0m[2026-03-16 10:14:11.736]   received shard header from network in block tracker [0;36mshard[0m = 0 [0;36mepoch[0m = 0 [0;36mround[0m = 221 [0;36mnonce[0m = 219 [0;36mhash[0m = 2d00db6b5cb53934a685b1ec80a808f247245a88a91d84ac9c41916a58ab7b20 
[0;36mDEBUG[0m[2026-03-16 10:14:11.736]   received shard header from network in block tracker [0;36mshard[0m = 0 [0;36mepoch[0m = 0 [0;36mround[0m = 222 [0;36mnonce[0m = 220 [0;36mhash[0m = 69b9faad406486eb35c55a404dab2a9ca0f845bdaa6ede189e40c7aa963f7598 
[0;36mDEBUG[0m[2026-03-16 10:14:11.736]   received shard header from network in block tracker [0;36mshard[0m = 0 [0;36mepoch[0m = 0 [0;36mround[0m = 223 [0;36mnonce[0m = 221 [0;36mhash[0m = 70e2c4024d67211c32da097ab3b66f4029799152e0528fdad1c4df582f9ec53a 
[0;36mDEBUG[0m[2026-03-16 10:14:11.736]   received shard header from network in block tracker [0;36mshard[0m = 0 [0;36mepoch[0m = 0 [0;36mround[0m = 224 [0;36mnonce[0m = 222 [0;36mhash[0m = c19bc006f48da20c994a550879377714bb8fff2d960feb31b115544cdeecf203 
[0;36mDEBUG[0m[2026-03-16 10:14:11.736]   received shard header from network in block tracker [0;36mshard[0m = 0 [0;36mepoch[0m = 0 [0;36mround[0m = 225 [0;36mnonce[0m = 223 [0;36mhash[0m = 1ad71249ce978b05f771219e094138d460687b7553cbd33e46e9942737396d08 
[0;36mDEBUG[0m[2026-03-16 10:14:11.739]   received shard header from network in block tracker [0;36mshard[0m = 0 [0;36mepoch[0m = 0 [0;36mround[0m = 226 [0;36mnonce[0m = 224 [0;36mhash[0m = d246c1ac63aa2503fb38fc3111d1833f5e086cc598a8d29342cdcf99bfacb068 
[0;36mDEBUG[0m[2026-03-16 10:14:11.739]   received shard header from network in block tracker [0;36mshard[0m = 0 [0;36mepoch[0m = 0 [0;36mround[0m = 227 [0;36mnonce[0m = 225 [0;36mhash[0m = da51bf431e65cc70c59814172558204a1811fcc69a92d5be68847f27754dc175 
[0;36mDEBUG[0m[2026-03-16 10:14:11.739]   received shard header from network in block tracker [0;36mshard[0m = 0 [0;36mepoch[0m = 0 [0;36mround[0m = 228 [0;36mnonce[0m = 226 [0;36mhash[0m = 61ce31ebb2189b2c74fcc14abb04b93cc7e1ffa2e684d6aad9645924532d27f4 
--- PASS: TestRequestHeadersIfNeeded_ShouldNotRequestIfHeaderIsNil (0.05s)
[0;36mDEBUG[0m[2026-03-16 10:14:11.739]   received shard header from network in block tracker [0;36mshard[0m = 0 [0;36mepoch[0m = 0 [0;36mround[0m = 229 [0;36mnonce[0m = 227 [0;36mhash[0m = 56489ac45d1ce72475fbb26a50ae6774cd644b1e0c1f8c27350bfe8bf96a98d4 
--- PASS: TestRequestHeadersIfNeeded_ShouldNotRequestIfLongestChainHasAdvanced (0.05s)
--- PASS: TestRequestHeadersIfNeeded_ShouldNotRequestIfNodeIsSync (0.05s)
[0;36mDEBUG[0m[2026-03-16 10:14:11.739]   received shard header from network in block tracker [0;36mshard[0m = 0 [0;36mepoch[0m = 0 [0;36mround[0m = 230 [0;36mnonce[0m = 228 [0;36mhash[0m = 818255fa4a36948e11468f8051666af43232ae6ac9b7a5020e3c98ad0e4e97df 
--- PASS: TestRequestHeadersIfNothingNewIsReceived_ShouldNotRequestIfLastNotarizedHeaderNonceIsFarFromLatestValidHeaderNonce (0.05s)
--- PASS: TestRequestHeadersIfNeeded_ShouldNotRequestIfSortedHeadersAreEmpty (0.05s)
[0;36mDEBUG[0m[2026-03-16 10:14:11.739]   received shard header from network in block tracker [0;36mshard[0m = 0 [0;36mepoch[0m = 0 [0;36mround[0m = 231 [0;36mnonce[0m = 229 [0;36mhash[0m = 2bc78aa0cdfc737fb9255da509fd34ab7fd8fa920c41278efdf471f8d730cffd 
--- PASS: TestRequestHeadersIfNothingNewIsReceived_ShouldNotRequestIfHighestRoundFromReceivedHeadersIsNearToChronologyRound (0.05s)
[0;36mDEBUG[0m[2026-03-16 10:14:11.739]   received shard header from network in block tracker [0;36mshard[0m = 0 [0;36mepoch[0m = 0 [0;36mround[0m = 232 [0;36mnonce[0m = 230 [0;36mhash[0m = 352cdb4c529a9d1de4f19572619706d52b9b0c368fc896e40941c6235b3219a0 
[0;36mDEBUG[0m[2026-03-16 10:14:11.739]   received shard header from network in block tracker [0;36mshard[0m = 0 [0;36mepoch[0m = 0 [0;36mround[0m = 233 [0;36mnonce[0m = 231 [0;36mhash[0m = 8cab6b33dd9adfb0de708a500074a7bbe65342ce75759b279d23e183ea72ad04 
[0;36mDEBUG[0m[2026-03-16 10:14:11.739]   received shard header from network in block tracker [0;36mshard[0m = 0 [0;36mepoch[0m = 0 [0;36mround[0m = 234 [0;36mnonce[0m = 232 [0;36mhash[0m = 09811beb77a476046a7044fb0f0ad49d138c59323a3bef3cb487e4150f6d18d8 
[0;36mDEBUG[0m[2026-03-16 10:14:11.739]   received shard header from network in block tracker [0;36mshard[0m = 0 [0;36mepoch[0m = 0 [0;36mround[0m = 235 [0;36mnonce[0m = 233 [0;36mhash[0m = 5f06adf46e4e2e724f4f63550f3898cfcb005a362f582345754eee372d939298 
[0;36mDEBUG[0m[2026-03-16 10:14:11.739]   received shard header from network in block tracker [0;36mshard[0m = 0 [0;36mepoch[0m = 0 [0;36mround[0m = 236 [0;36mnonce[0m = 234 [0;36mhash[0m = 9ffd79ea385a9841f9a40daaad0e9b9dc6e3685c87426d585e4da80f2289623b 
[0;36mDEBUG[0m[2026-03-16 10:14:11.739]   received shard header from network in block tracker [0;36mshard[0m = 0 [0;36mepoch[0m = 0 [0;36mround[0m = 237 [0;36mnonce[0m = 235 [0;36mhash[0m = 23ff2a2677f00b93a8aae039ee709144912032c6b5ba8f1c8d7cdeca72b39ed2 
[0;36mDEBUG[0m[2026-03-16 10:14:11.739]   received shard header from network in block tracker [0;36mshard[0m = 0 [0;36mepoch[0m = 0 [0;36mround[0m = 238 [0;36mnonce[0m = 236 [0;36mhash[0m = dd0ee353a878eeca11f030c0a765e1590e1cbc51cf664ae3797f5dc26ae81034 
[0;36mDEBUG[0m[2026-03-16 10:14:11.739]   received shard header from network in block tracker [0;36mshard[0m = 0 [0;36mepoch[0m = 0 [0;36mround[0m = 239 [0;36mnonce[0m = 237 [0;36mhash[0m = db6fa92f40ad12cca06f3daceac2644068d6903eb24fd9e7c73491d62651a726 
[0;36mDEBUG[0m[2026-03-16 10:14:11.739]   received shard header from network in block tracker [0;36mshard[0m = 0 [0;36mepoch[0m = 0 [0;36mround[0m = 240 [0;36mnonce[0m = 238 [0;36mhash[0m = d2b37cff5b9a3cd1a1a31dbd581e92ab53d1ab26fd7ac65d71b26e042f947f08 
[0;36mDEBUG[0m[2026-03-16 10:14:11.739]   received shard header from network in block tracker [0;36mshard[0m = 0 [0;36mepoch[0m = 0 [0;36mround[0m = 241 [0;36mnonce[0m = 239 [0;36mhash[0m = a916f6f1c4def04cc0b26585f4e5e7680215b81285a02c58bc18ca2473bb7570 
[0;36mDEBUG[0m[2026-03-16 10:14:11.739]   received shard header from network in block tracker [0;36mshard[0m = 0 [0;36mepoch[0m = 0 [0;36mround[0m = 242 [0;36mnonce[0m = 240 [0;36mhash[0m = f4040549a83101650db0a65b5f247b5abcec7e3f7b07e9a8a066a0135edb7276 
[0;36mDEBUG[0m[2026-03-16 10:14:11.739]   received shard header from network in block tracker [0;36mshard[0m = 0 [0;36mepoch[0m = 0 [0;36mround[0m = 243 [0;36mnonce[0m = 241 [0;36mhash[0m = 0de7ee2466131043eb4c037b151520d8ffcccbe03f6420996f10c1c0c48eee08 
[0;36mDEBUG[0m[2026-03-16 10:14:11.739]   received shard header from network in block tracker [0;36mshard[0m = 0 [0;36mepoch[0m = 0 [0;36mround[0m = 244 [0;36mnonce[0m = 242 [0;36mhash[0m = b5aedf88b62c69599e55b58b5d98a1312b3fc2f50c4c7e0050218910b83f1e23 
[0;36mDEBUG[0m[2026-03-16 10:14:11.739]   received shard header from network in block tracker [0;36mshard[0m = 0 [0;36mepoch[0m = 0 [0;36mround[0m = 245 [0;36mnonce[0m = 243 [0;36mhash[0m = bc4ce4a85b863ab77b078298d19af5eeb104e73f07b2e563d0d90044cb97f83a 
[0;36mDEBUG[0m[2026-03-16 10:14:11.739]   received shard header from network in block tracker [0;36mshard[0m = 0 [0;36mepoch[0m = 0 [0;36mround[0m = 246 [0;36mnonce[0m = 244 [0;36mhash[0m = a5e960320d7cfce90084c489f9b6754421257dad5c8d786377bb29d3250e2b05 
[0;36mDEBUG[0m[2026-03-16 10:14:11.739]   received shard header from network in block tracker [0;36mshard[0m = 0 [0;36mepoch[0m = 0 [0;36mround[0m = 247 [0;36mnonce[0m = 245 [0;36mhash[0m = 9ed81ed19bc5f7422ebddc1fb0da76758df19a008eb5fee8cb10ff58572dccf7 
[0;36mDEBUG[0m[2026-03-16 10:14:11.739]   received shard header from network in block tracker [0;36mshard[0m = 0 [0;36mepoch[0m = 0 [0;36mround[0m = 248 [0;36mnonce[0m = 246 [0;36mhash[0m = 1081177c917252506a57c44b88206c02f40bec7bff134065347a946a23976100 
[0;36mDEBUG[0m[2026-03-16 10:14:11.739]   received shard header from network in block tracker [0;36mshard[0m = 0 [0;36mepoch[0m = 0 [0;36mround[0m = 249 [0;36mnonce[0m = 247 [0;36mhash[0m = 81810a0e35dc379836cb30052c7e2101bd52e8792863275d6907db7ecb2f7250 
[0;36mDEBUG[0m[2026-03-16 10:14:11.739]   received shard header from network in block tracker [0;36mshard[0m = 0 [0;36mepoch[0m = 0 [0;36mround[0m = 250 [0;36mnonce[0m = 248 [0;36mhash[0m = 2bfcad4f1c89f0fdff2c8f8e86a987f364391acf07c38c9d1564199993482c3d 
[0;36mDEBUG[0m[2026-03-16 10:14:11.740]   received shard header from network in block tracker [0;36mshard[0m = 0 [0;36mepoch[0m = 0 [0;36mround[0m = 251 [0;36mnonce[0m = 249 [0;36mhash[0m = ed0d2bcae431dca1e5a3681c19995ca9ea03f0ea81aff1fcb956ccc47ee3856d 
[0;36mDEBUG[0m[2026-03-16 10:14:11.740]   received shard header from network in block tracker [0;36mshard[0m = 0 [0;36mepoch[0m = 0 [0;36mround[0m = 252 [0;36mnonce[0m = 250 [0;36mhash[0m = ea0d3e3f5b56571d7c21662becef076eb6f46adbffac1269314de15c0b4f85e2 
[0;36mDEBUG[0m[2026-03-16 10:14:11.740]   received shard header from network in block tracker [0;36mshard[0m = 0 [0;36mepoch[0m = 0 [0;36mround[0m = 253 [0;36mnonce[0m = 251 [0;36mhash[0m = effc61ccaf0380aff685dab90880b098cdd56cadbcda4bee0db973d986a2eea6 
[0;36mDEBUG[0m[2026-03-16 10:14:11.743]   received shard header from network in block tracker [0;36mshard[0m = 0 [0;36mepoch[0m = 0 [0;36mround[0m = 254 [0;36mnonce[0m = 252 [0;36mhash[0m = ccf0f8b4777b08d96e3ac789e7d85b85a2e53ff7b681e3752cacf83095625f98 
[0;36mDEBUG[0m[2026-03-16 10:14:11.743]   received shard header from network in block tracker [0;36mshard[0m = 0 [0;36mepoch[0m = 0 [0;36mround[0m = 255 [0;36mnonce[0m = 253 [0;36mhash[0m = 8fad9831758f3a336f8dba075b5b5241995652af28eb7ff17fcb48d0de346d8b 
[0;36mDEBUG[0m[2026-03-16 10:14:11.743]   received shard header from network in block tracker [0;36mshard[0m = 0 [0;36mepoch[0m = 0 [0;36mround[0m = 256 [0;36mnonce[0m = 254 [0;36mhash[0m = e1afd3e873d7b7abd9a1b223de5073634404406d3e547659c5a7a6c2fc996948 
[0;36mDEBUG[0m[2026-03-16 10:14:11.743]   received shard header from network in block tracker [0;36mshard[0m = 0 [0;36mepoch[0m = 0 [0;36mround[0m = 257 [0;36mnonce[0m = 255 [0;36mhash[0m = 24beffd2496078b0d970d2e2ce0c5e767e0dd5d11d2e4738eddce26cabe03a4c 
[0;36mDEBUG[0m[2026-03-16 10:14:11.743]   received shard header from network in block tracker [0;36mshard[0m = 0 [0;36mepoch[0m = 0 [0;36mround[0m = 258 [0;36mnonce[0m = 256 [0;36mhash[0m = 2848bd15be43ff60e68319d04fcffda594a88847022af340428fb5847d98080e 
[0;36mDEBUG[0m[2026-03-16 10:14:11.743]   received shard header from network in block tracker [0;36mshard[0m = 0 [0;36mepoch[0m = 0 [0;36mround[0m = 259 [0;36mnonce[0m = 257 [0;36mhash[0m = dc5b50fef9ef552ba5015e46c90674ca9ea25985ea97616ca4e19085a3830076 
[0;36mDEBUG[0m[2026-03-16 10:14:11.743]   received shard header from network in block tracker [0;36mshard[0m = 0 [0;36mepoch[0m = 0 [0;36mround[0m = 260 [0;36mnonce[0m = 258 [0;36mhash[0m = a49bfe572ca6831879e7c23fef8e3f5a062106c107ba37e462a5c07a3dcc48a2 
[0;36mDEBUG[0m[2026-03-16 10:14:11.743]   received shard header from network in block tracker [0;36mshard[0m = 0 [0;36mepoch[0m = 0 [0;36mround[0m = 261 [0;36mnonce[0m = 259 [0;36mhash[0m = 6f20ee55bf74d85298a8b9d17958d4cca152314b6d2a0ddca4cdc835db1a02ef 
[0;36mDEBUG[0m[2026-03-16 10:14:11.743]   received shard header from network in block tracker [0;36mshard[0m = 0 [0;36mepoch[0m = 0 [0;36mround[0m = 262 [0;36mnonce[0m = 260 [0;36mhash[0m = 87f726926b25af66796476f99c4876f3ff860cafba0101cca225194eb6e995b6 
[0;36mDEBUG[0m[2026-03-16 10:14:11.743]   received shard header from network in block tracker [0;36mshard[0m = 0 [0;36mepoch[0m = 0 [0;36mround[0m = 263 [0;36mnonce[0m = 261 [0;36mhash[0m = e0fcea6ec5a73935a35ca4c3a6835422030ec0896a09033e66760d5dff207f57 
[0;36mDEBUG[0m[2026-03-16 10:14:11.743]   received shard header from network in block tracker [0;36mshard[0m = 0 [0;36mepoch[0m = 0 [0;36mround[0m = 264 [0;36mnonce[0m = 262 [0;36mhash[0m = 594a0ff7ad1b8f803e8ddac3544da9562b21ba544d0ca2da00aceecd1ad8fd83 
[0;36mDEBUG[0m[2026-03-16 10:14:11.743]   received shard header from network in block tracker [0;36mshard[0m = 0 [0;36mepoch[0m = 0 [0;36mround[0m = 265 [0;36mnonce[0m = 263 [0;36mhash[0m = b05dcb58fc5d13235edcde024658fa3f747a6ebb7374ec53ff4330032a6fe702 
[0;36mDEBUG[0m[2026-03-16 10:14:11.743]   received shard header from network in block tracker [0;36mshard[0m = 0 [0;36mepoch[0m = 0 [0;36mround[0m = 266 [0;36mnonce[0m = 264 [0;36mhash[0m = bbef038cb1e3145ea0ba549412f82834a090416252360f68e65c08330a44e00b 
[0;36mDEBUG[0m[2026-03-16 10:14:11.743]   received shard header from network in block tracker [0;36mshard[0m = 0 [0;36mepoch[0m = 0 [0;36mround[0m = 267 [0;36mnonce[0m = 265 [0;36mhash[0m = 3f2f9d9db99465c3193d3537e64f1d3ec96be2907a88d9a369a6a248753d51a2 
[0;36mDEBUG[0m[2026-03-16 10:14:11.743]   received shard header from network in block tracker [0;36mshard[0m = 0 [0;36mepoch[0m = 0 [0;36mround[0m = 268 [0;36mnonce[0m = 266 [0;36mhash[0m = 883fe1f4a21a6cee310a227f17ce60ab91c6c16de02cbae7511bf5f4037851c3 
[0;36mDEBUG[0m[2026-03-16 10:14:11.743]   received shard header from network in block tracker [0;36mshard[0m = 0 [0;36mepoch[0m = 0 [0;36mround[0m = 269 [0;36mnonce[0m = 267 [0;36mhash[0m = de28107a0f03e1ce504d4060a96513f101bbe53ac27cf1098043c0a67ef9050c 
[0;36mDEBUG[0m[2026-03-16 10:14:11.743]   received shard header from network in block tracker [0;36mshard[0m = 0 [0;36mepoch[0m = 0 [0;36mround[0m = 270 [0;36mnonce[0m = 268 [0;36mhash[0m = c4be23ccc8252f450bad551515552f9805b81c9a7e94608c3e9c85325a21c446 
[0;36mDEBUG[0m[2026-03-16 10:14:11.743]   received shard header from network in block tracker [0;36mshard[0m = 0 [0;36mepoch[0m = 0 [0;36mround[0m = 271 [0;36mnonce[0m = 269 [0;36mhash[0m = 40f65972a41ee0c9d55eb212e913f39ee9379e3f3d4c5b4ee0a7e0ee85e7624e 
[0;36mDEBUG[0m[2026-03-16 10:14:11.743]   received shard header from network in block tracker [0;36mshard[0m = 0 [0;36mepoch[0m = 0 [0;36mround[0m = 272 [0;36mnonce[0m = 270 [0;36mhash[0m = 94b11d6fb328b8b2656a4b69d7cac9a75f2e398ed83e411c5efa57177546231c 
[0;36mDEBUG[0m[2026-03-16 10:14:11.743]   received shard header from network in block tracker [0;36mshard[0m = 0 [0;36mepoch[0m = 0 [0;36mround[0m = 273 [0;36mnonce[0m = 271 [0;36mhash[0m = bed7b86e3966062f3cd94d3871b097ffd3ff694bf5766222cb74f866f2cf0e53 
[0;36mDEBUG[0m[2026-03-16 10:14:11.743]   received shard header from network in block tracker [0;36mshard[0m = 0 [0;36mepoch[0m = 0 [0;36mround[0m = 274 [0;36mnonce[0m = 272 [0;36mhash[0m = b6146fba957888fe6fa884564ac6ed9adae229cb3037b4b837cfef4da800a60a 
[0;36mDEBUG[0m[2026-03-16 10:14:11.743]   received shard header from network in block tracker [0;36mshard[0m = 0 [0;36mepoch[0m = 0 [0;36mround[0m = 275 [0;36mnonce[0m = 273 [0;36mhash[0m = 6821fb0f1b371726d28a39e62b9ac7d8dabafe02ee876444866f697c0fcc6ee7 
[0;36mDEBUG[0m[2026-03-16 10:14:11.743]   received shard header from network in block tracker [0;36mshard[0m = 0 [0;36mepoch[0m = 0 [0;36mround[0m = 276 [0;36mnonce[0m = 274 [0;36mhash[0m = 1e31f868102dc36664697ea4e2eaab3e2c0ebf0b6002cd1852627707bd0692a8 
[0;36mDEBUG[0m[2026-03-16 10:14:11.743]   received shard header from network in block tracker [0;36mshard[0m = 0 [0;36mepoch[0m = 0 [0;36mround[0m = 277 [0;36mnonce[0m = 275 [0;36mhash[0m = 920325b60ec810c3a12766ae025b976cd69d2789a4157c96e9718ffb8c3de25c 
[0;36mDEBUG[0m[2026-03-16 10:14:11.743]   received shard header from network in block tracker [0;36mshard[0m = 0 [0;36mepoch[0m = 0 [0;36mround[0m = 278 [0;36mnonce[0m = 276 [0;36mhash[0m = 95c69cc6ca6b7689e896991f0166d4dc717210272d69f67fa0fdc9db8623a60b 
[0;36mDEBUG[0m[2026-03-16 10:14:11.743]   received shard header from network in block tracker [0;36mshard[0m = 0 [0;36mepoch[0m = 0 [0;36mround[0m = 279 [0;36mnonce[0m = 277 [0;36mhash[0m = 190ccd3223b28f25402036da9d806d817e3273c4cea04477fc5108b8eedf28e0 
[0;36mDEBUG[0m[2026-03-16 10:14:11.743]   received shard header from network in block tracker [0;36mshard[0m = 0 [0;36mepoch[0m = 0 [0;36mround[0m = 280 [0;36mnonce[0m = 278 [0;36mhash[0m = 3802be826efa3c5dd4d5b16def3ca26267394f23deea7029b5b31444e9375fe0 
[0;36mDEBUG[0m[2026-03-16 10:14:11.743]   received shard header from network in block tracker [0;36mshard[0m = 0 [0;36mepoch[0m = 0 [0;36mround[0m = 281 [0;36mnonce[0m = 279 [0;36mhash[0m = 7de58090fb5154d6e016598e745e74482b78c38260179bb5c8818710560eb444 
[0;36mDEBUG[0m[2026-03-16 10:14:11.743]   received shard header from network in block tracker [0;36mshard[0m = 0 [0;36mepoch[0m = 0 [0;36mround[0m = 282 [0;36mnonce[0m = 280 [0;36mhash[0m = 59c8ee88fe75439220a18048b60788bcf54601ffb0a015a75543edfe24d1d90c 
[0;36mDEBUG[0m[2026-03-16 10:14:11.743]   received shard header from network in block tracker [0;36mshard[0m = 0 [0;36mepoch[0m = 0 [0;36mround[0m = 283 [0;36mnonce[0m = 281 [0;36mhash[0m = 6a1e27969e41eba8c82bb1cd07c5709c051f8aaed87e9f5debb4ddfaebdd2b21 
[0;36mDEBUG[0m[2026-03-16 10:14:11.743]   received shard header from network in block tracker [0;36mshard[0m = 0 [0;36mepoch[0m = 0 [0;36mround[0m = 284 [0;36mnonce[0m = 282 [0;36mhash[0m = e64f2efe5c47f5ae44190e961ece4ad51d45c7b7b32cc9545dee05b80992a7a7 
[0;36mDEBUG[0m[2026-03-16 10:14:11.743]   received shard header from network in block tracker [0;36mshard[0m = 0 [0;36mepoch[0m = 0 [0;36mround[0m = 285 [0;36mnonce[0m = 283 [0;36mhash[0m = e9689f5c9a49b56710bf313469082cd630fdd4aee06df0bea7b9829e98b15000 
[0;36mDEBUG[0m[2026-03-16 10:14:11.743]   received shard header from network in block tracker [0;36mshard[0m = 0 [0;36mepoch[0m = 0 [0;36mround[0m = 286 [0;36mnonce[0m = 284 [0;36mhash[0m = 52cc99a54d338695d157ef4df997bf2fbd50f183fda87c44d2a067de5cb31ed6 
[0;36mDEBUG[0m[2026-03-16 10:14:11.743]   received shard header from network in block tracker [0;36mshard[0m = 0 [0;36mepoch[0m = 0 [0;36mround[0m = 287 [0;36mnonce[0m = 285 [0;36mhash[0m = 4298ef7d2d0a5cc024fdf2edd0dab86f366b53e0d5c320c903590f31cb0cba9e 
[0;36mDEBUG[0m[2026-03-16 10:14:11.744]   received shard header from network in block tracker [0;36mshard[0m = 0 [0;36mepoch[0m = 0 [0;36mround[0m = 288 [0;36mnonce[0m = 286 [0;36mhash[0m = b0def9ec234f45f254639a1f8e1404803421d5808531f9588d5276aec759bcd2 
[0;36mDEBUG[0m[2026-03-16 10:14:11.744]   received shard header from network in block tracker [0;36mshard[0m = 0 [0;36mepoch[0m = 0 [0;36mround[0m = 289 [0;36mnonce[0m = 287 [0;36mhash[0m = d3266c569c53f8913308625f4846277693a29888ec7bcb12d0e8a03f4717ebe4 
[0;36mDEBUG[0m[2026-03-16 10:14:11.744]   received shard header from network in block tracker [0;36mshard[0m = 0 [0;36mepoch[0m = 0 [0;36mround[0m = 290 [0;36mnonce[0m = 288 [0;36mhash[0m = f5a6c99a345f6b801ee077a01201b3473a05cfa5c25a29856a603e4f574b5e1b 
[0;36mDEBUG[0m[2026-03-16 10:14:11.744]   received shard header from network in block tracker [0;36mshard[0m = 0 [0;36mepoch[0m = 0 [0;36mround[0m = 291 [0;36mnonce[0m = 289 [0;36mhash[0m = ccace60561f0192c415b2832a545286bcdd04e023b0dbf335599a9ed61d73ae8 
[0;36mDEBUG[0m[2026-03-16 10:14:11.744]   received shard header from network in block tracker [0;36mshard[0m = 0 [0;36mepoch[0m = 0 [0;36mround[0m = 292 [0;36mnonce[0m = 290 [0;36mhash[0m = c6d1cb1971a13618a3d7b83d5d289be4d836b07db5b80f7ad40a4b72ef55ddb2 
[0;36mDEBUG[0m[2026-03-16 10:14:11.744]   received shard header from network in block tracker [0;36mshard[0m = 0 [0;36mepoch[0m = 0 [0;36mround[0m = 293 [0;36mnonce[0m = 291 [0;36mhash[0m = 7f2583fed3a2bcef2d357a4bbc0c67f4c4d02b3fc5397ca640fd214af2dbf9b7 
[0;36mDEBUG[0m[2026-03-16 10:14:11.744]   received shard header from network in block tracker [0;36mshard[0m = 0 [0;36mepoch[0m = 0 [0;36mround[0m = 294 [0;36mnonce[0m = 292 [0;36mhash[0m = 0d03b5907a195b6e1e4e988299169395977437d562ad75558c2eb1f69e56c0c1 
[0;36mDEBUG[0m[2026-03-16 10:14:11.744]   received shard header from network in block tracker [0;36mshard[0m = 0 [0;36mepoch[0m = 0 [0;36mround[0m = 295 [0;36mnonce[0m = 293 [0;36mhash[0m = d0ac847b30dbfc7b12038caa17cf3a3661379021105edbf560a634b560816988 
[0;36mDEBUG[0m[2026-03-16 10:14:11.744]   received shard header from network in block tracker [0;36mshard[0m = 0 [0;36mepoch[0m = 0 [0;36mround[0m = 296 [0;36mnonce[0m = 294 [0;36mhash[0m = f30be0c3e8143dfd16087ebff61390815c34396677042636ad62dfe1d2c66ea3 
[0;36mDEBUG[0m[2026-03-16 10:14:11.744]   received shard header from network in block tracker [0;36mshard[0m = 0 [0;36mepoch[0m = 0 [0;36mround[0m = 297 [0;36mnonce[0m = 295 [0;36mhash[0m = 7b1c8192961cf8424421c239168af80a12aefe6f7a38839dd82bf13cd016b544 
[0;36mDEBUG[0m[2026-03-16 10:14:11.744]   received shard header from network in block tracker [0;36mshard[0m = 0 [0;36mepoch[0m = 0 [0;36mround[0m = 298 [0;36mnonce[0m = 296 [0;36mhash[0m = c59593f37c066398804e4822b72aea176f8fb234cd5a2b2364181cfd39d38d17 
[0;36mDEBUG[0m[2026-03-16 10:14:11.744]   received shard header from network in block tracker [0;36mshard[0m = 0 [0;36mepoch[0m = 0 [0;36mround[0m = 299 [0;36mnonce[0m = 297 [0;36mhash[0m = a3dcc29a542b9ae5afb7db172af0104875abc2f75ae7256165950275d34db397 
[0;36mDEBUG[0m[2026-03-16 10:14:11.744]   received shard header from network in block tracker [0;36mshard[0m = 0 [0;36mepoch[0m = 0 [0;36mround[0m = 300 [0;36mnonce[0m = 298 [0;36mhash[0m = fd0acf8b472a9c61c5218a9dc8066a1389f6d8c5a827c0105dbeb0d0c25f333b 
[0;36mDEBUG[0m[2026-03-16 10:14:11.744]   received shard header from network in block tracker [0;36mshard[0m = 0 [0;36mepoch[0m = 0 [0;36mround[0m = 301 [0;36mnonce[0m = 299 [0;36mhash[0m = 2884837db8d1c86c52f4988ce39ce16a2e2385ecb304ac5f1c156e184ed1e933 
[0;36mDEBUG[0m[2026-03-16 10:14:11.744]   received shard header from network in block tracker [0;36mshard[0m = 0 [0;36mepoch[0m = 0 [0;36mround[0m = 302 [0;36mnonce[0m = 300 [0;36mhash[0m = f66b9699d2b733370af837d23e641a84b51e269d9baf7b814c5e5b22d38e9e11 
[0;36mDEBUG[0m[2026-03-16 10:14:11.744]   received shard header from network in block tracker [0;36mshard[0m = 0 [0;36mepoch[0m = 0 [0;36mround[0m = 303 [0;36mnonce[0m = 301 [0;36mhash[0m = 3aa90f2c5043074c99aa3c972ba6694bd85dd2ec7f57039eaed75c6c59ebd97d 
[0;36mDEBUG[0m[2026-03-16 10:14:11.744]   received shard header from network in block tracker [0;36mshard[0m = 0 [0;36mepoch[0m = 0 [0;36mround[0m = 304 [0;36mnonce[0m = 302 [0;36mhash[0m = 1f86aae900f337fd9daedd843f118e036a7d6c64cb839b8feb474bc0c31625b7 
[0;36mDEBUG[0m[2026-03-16 10:14:11.744]   received shard header from network in block tracker [0;36mshard[0m = 0 [0;36mepoch[0m = 0 [0;36mround[0m = 305 [0;36mnonce[0m = 303 [0;36mhash[0m = a78bf70536272b18875b47a81209e19f88a6997b2d351d61c22aa09ace7e0ad5 
[0;36mDEBUG[0m[2026-03-16 10:14:11.744]   received shard header from network in block tracker [0;36mshard[0m = 0 [0;36mepoch[0m = 0 [0;36mround[0m = 306 [0;36mnonce[0m = 304 [0;36mhash[0m = f415589ad465edbe802e2974fdea1cbd47311ba9f7012e2378e277932a2acc9e 
[0;36mDEBUG[0m[2026-03-16 10:14:11.744]   received shard header from network in block tracker [0;36mshard[0m = 0 [0;36mepoch[0m = 0 [0;36mround[0m = 307 [0;36mnonce[0m = 305 [0;36mhash[0m = 2ebb643d133025ec94120d3a49fa425c6cc9811d580d17b4877f7200eb6e2f97 
[0;36mDEBUG[0m[2026-03-16 10:14:11.744]   received shard header from network in block tracker [0;36mshard[0m = 0 [0;36mepoch[0m = 0 [0;36mround[0m = 308 [0;36mnonce[0m = 306 [0;36mhash[0m = c3033f21ca418c9a5fe4ffb5015343f7323322076716c3bc1390060d7390b559 
[0;36mDEBUG[0m[2026-03-16 10:14:11.744]   received shard header from network in block tracker [0;36mshard[0m = 0 [0;36mepoch[0m = 0 [0;36mround[0m = 309 [0;36mnonce[0m = 307 [0;36mhash[0m = 3880ecd40602e1a59484892b60c4a8846c2fcd2894745e119bfd6fed8beb1d8a 
[0;36mDEBUG[0m[2026-03-16 10:14:11.744]   received shard header from network in block tracker [0;36mshard[0m = 0 [0;36mepoch[0m = 0 [0;36mround[0m = 310 [0;36mnonce[0m = 308 [0;36mhash[0m = ce50f9a2c5ea8384e393c469919d39d6a29b0fbdac1695a7784172a0496c764a 
[0;36mDEBUG[0m[2026-03-16 10:14:11.744]   received shard header from network in block tracker [0;36mshard[0m = 0 [0;36mepoch[0m = 0 [0;36mround[0m = 311 [0;36mnonce[0m = 309 [0;36mhash[0m = ee945dd63ba5f2b6d8cc20725b1aaac037450c75ffb22573478eaffcd4e6274e 
[0;36mDEBUG[0m[2026-03-16 10:14:11.744]   received shard header from network in block tracker [0;36mshard[0m = 0 [0;36mepoch[0m = 0 [0;36mround[0m = 312 [0;36mnonce[0m = 310 [0;36mhash[0m = 740a2363efdabc90bd2ad32b35017cdb2cb09bbb9f79e9419c3c483c925a06a9 
[0;36mDEBUG[0m[2026-03-16 10:14:11.744]   received shard header from network in block tracker [0;36mshard[0m = 0 [0;36mepoch[0m = 0 [0;36mround[0m = 313 [0;36mnonce[0m = 311 [0;36mhash[0m = 95dd2b58614248a2b6a50612193e7df7cb689d3fc4fbd55283d6da59ef8649db 
[0;36mDEBUG[0m[2026-03-16 10:14:11.744]   received shard header from network in block tracker [0;36mshard[0m = 0 [0;36mepoch[0m = 0 [0;36mround[0m = 314 [0;36mnonce[0m = 312 [0;36mhash[0m = 5ee2f1365aa63041e816917ef6bfae11857474f7c6bb2abc3ee26f83b29e8e81 
[0;36mDEBUG[0m[2026-03-16 10:14:11.744]   received shard header from network in block tracker [0;36mshard[0m = 0 [0;36mepoch[0m = 0 [0;36mround[0m = 315 [0;36mnonce[0m = 313 [0;36mhash[0m = 5fead2ab4a4427aae6550d60c27cee880bbcf591a29a1f94515d4cc6e7347c97 
[0;36mDEBUG[0m[2026-03-16 10:14:11.744]   received shard header from network in block tracker [0;36mshard[0m = 0 [0;36mepoch[0m = 0 [0;36mround[0m = 316 [0;36mnonce[0m = 314 [0;36mhash[0m = 1d8af13402580da8220b25acc8f00cb02d0009802722f8f1fde5a4e379834650 
[0;36mDEBUG[0m[2026-03-16 10:14:11.744]   received shard header from network in block tracker [0;36mshard[0m = 0 [0;36mepoch[0m = 0 [0;36mround[0m = 317 [0;36mnonce[0m = 315 [0;36mhash[0m = 2deaaa9c805396e07ca323fa44f567b3abf3e8ded42e03bfdf1d513ebe78db08 
[0;36mDEBUG[0m[2026-03-16 10:14:11.744]   received shard header from network in block tracker [0;36mshard[0m = 0 [0;36mepoch[0m = 0 [0;36mround[0m = 318 [0;36mnonce[0m = 316 [0;36mhash[0m = 01dfc73c36dbe9134ddefe173d6172d02b87479344ee4539432a9549ad7e3b4d 
[0;36mDEBUG[0m[2026-03-16 10:14:11.744]   received shard header from network in block tracker [0;36mshard[0m = 0 [0;36mepoch[0m = 0 [0;36mround[0m = 319 [0;36mnonce[0m = 317 [0;36mhash[0m = 6157dcb5b76590a831068a48b333edcf2d1b90368f95a404881dd84a1114429e 
[0;36mDEBUG[0m[2026-03-16 10:14:11.744]   received shard header from network in block tracker [0;36mshard[0m = 0 [0;36mepoch[0m = 0 [0;36mround[0m = 320 [0;36mnonce[0m = 318 [0;36mhash[0m = aa0b49ca062882568fd518c3c7e9f1dd1e70a90cda839c3c58550e3fc221bd37 
[0;36mDEBUG[0m[2026-03-16 10:14:11.744]   received shard header from network in block tracker [0;36mshard[0m = 0 [0;36mepoch[0m = 0 [0;36mround[0m = 321 [0;36mnonce[0m = 319 [0;36mhash[0m = cf716fe2d1ddde8c791884b993d7879ac734440150cc67c8d86aa82fdbeef827 
[0;36mDEBUG[0m[2026-03-16 10:14:11.744]   received shard header from network in block tracker [0;36mshard[0m = 0 [0;36mepoch[0m = 0 [0;36mround[0m = 322 [0;36mnonce[0m = 320 [0;36mhash[0m = de370efda83d104aaada06af7b36bc89aa7d5d9bdbf8d07da28f38eab7aff819 
[0;36mDEBUG[0m[2026-03-16 10:14:11.744]   received shard header from network in block tracker [0;36mshard[0m = 0 [0;36mepoch[0m = 0 [0;36mround[0m = 323 [0;36mnonce[0m = 321 [0;36mhash[0m = fe16f3e3b7cfbab9e2b8ca61a99c275f9b66d29b354c9433ad5a839f61d5ce26 
[0;36mDEBUG[0m[2026-03-16 10:14:11.744]   received shard header from network in block tracker [0;36mshard[0m = 0 [0;36mepoch[0m = 0 [0;36mround[0m = 324 [0;36mnonce[0m = 322 [0;36mhash[0m = dce4785ed494af7a2ca1ceb3934e61518297aa89d68c8c1550d48b3d6783f315 
[0;36mDEBUG[0m[2026-03-16 10:14:11.744]   received shard header from network in block tracker [0;36mshard[0m = 0 [0;36mepoch[0m = 0 [0;36mround[0m = 325 [0;36mnonce[0m = 323 [0;36mhash[0m = b5dd6fba9d0f86f0ddd642dea98c4733d5918b5a9a883e04962ad32e779ae782 
[0;36mDEBUG[0m[2026-03-16 10:14:11.744]   received shard header from network in block tracker [0;36mshard[0m = 0 [0;36mepoch[0m = 0 [0;36mround[0m = 326 [0;36mnonce[0m = 324 [0;36mhash[0m = 42b4a51de56109ca1e3ebf993136fe9b6def1162f85ed1db300e790ac374e3cc 
[0;36mDEBUG[0m[2026-03-16 10:14:11.744]   received shard header from network in block tracker [0;36mshard[0m = 0 [0;36mepoch[0m = 0 [0;36mround[0m = 327 [0;36mnonce[0m = 325 [0;36mhash[0m = e97df35d802da461bc80bc7818a3bf7e97b09686163bf92772b0eeef77bf7b4a 
[0;36mDEBUG[0m[2026-03-16 10:14:11.744]   received shard header from network in block tracker [0;36mshard[0m = 0 [0;36mepoch[0m = 0 [0;36mround[0m = 328 [0;36mnonce[0m = 326 [0;36mhash[0m = 24b40224ff9d62385574566354f3890c0717e0017627f9e7f4754c89f71ef288 
[0;36mDEBUG[0m[2026-03-16 10:14:11.744]   received shard header from network in block tracker [0;36mshard[0m = 0 [0;36mepoch[0m = 0 [0;36mround[0m = 329 [0;36mnonce[0m = 327 [0;36mhash[0m = 61d179add861dcd048c316962bcf714a336a59dab479914d62a58ed558e8a592 
[0;36mDEBUG[0m[2026-03-16 10:14:11.744]   received shard header from network in block tracker [0;36mshard[0m = 0 [0;36mepoch[0m = 0 [0;36mround[0m = 330 [0;36mnonce[0m = 328 [0;36mhash[0m = c8161c6f8d969c8044ca5ba1bf0689df864a8bc832409b254e4ddd541c0592ed 
[0;36mDEBUG[0m[2026-03-16 10:14:11.744]   received shard header from network in block tracker [0;36mshard[0m = 0 [0;36mepoch[0m = 0 [0;36mround[0m = 331 [0;36mnonce[0m = 329 [0;36mhash[0m = b7c9ca01e412afdafb787facf0604ef91a3ebce10f20ad6425269e7d5e3d752c 
[0;36mDEBUG[0m[2026-03-16 10:14:11.744]   received shard header from network in block tracker [0;36mshard[0m = 0 [0;36mepoch[0m = 0 [0;36mround[0m = 332 [0;36mnonce[0m = 330 [0;36mhash[0m = d526d32e4998f2b7d5fe328b99b3493dec77f1f674f6500f214ae05f5a191514 
[0;36mDEBUG[0m[2026-03-16 10:14:11.744]   received shard header from network in block tracker [0;36mshard[0m = 0 [0;36mepoch[0m = 0 [0;36mround[0m = 333 [0;36mnonce[0m = 331 [0;36mhash[0m = bc7148e36470cbc5ac3e8b8194cb55d5a285484f02defbc01c5b1b842c906f4c 
[0;36mDEBUG[0m[2026-03-16 10:14:11.744]   received shard header from network in block tracker [0;36mshard[0m = 0 [0;36mepoch[0m = 0 [0;36mround[0m = 334 [0;36mnonce[0m = 332 [0;36mhash[0m = 048e6bc101aa731d126cd8debd608ecddb920a453484adf6dba28125f573a293 
[0;36mDEBUG[0m[2026-03-16 10:14:11.744]   received shard header from network in block tracker [0;36mshard[0m = 0 [0;36mepoch[0m = 0 [0;36mround[0m = 335 [0;36mnonce[0m = 333 [0;36mhash[0m = 34da81c1f60e692b4a6fdd53163dca23bbbb21bb5d0f8fc6967fa37864b2ebf8 
[0;36mDEBUG[0m[2026-03-16 10:14:11.744]   received shard header from network in block tracker [0;36mshard[0m = 0 [0;36mepoch[0m = 0 [0;36mround[0m = 336 [0;36mnonce[0m = 334 [0;36mhash[0m = aa342043ffe0690e4145a891e14d4a8703ea3effa9ba8cbea22f2b223ed3bb0b 
[0;36mDEBUG[0m[2026-03-16 10:14:11.744]   received shard header from network in block tracker [0;36mshard[0m = 0 [0;36mepoch[0m = 0 [0;36mround[0m = 337 [0;36mnonce[0m = 335 [0;36mhash[0m = 63e5842d6b4e2aba839292959932a6c99cec2ff46799feb5234449ea0b3006c6 
[0;36mDEBUG[0m[2026-03-16 10:14:11.744]   received shard header from network in block tracker [0;36mshard[0m = 0 [0;36mepoch[0m = 0 [0;36mround[0m = 338 [0;36mnonce[0m = 336 [0;36mhash[0m = efb2ca7773b41579993d1a0edab6ca9711f4576f5f43cc294d095492fadf963d 
[0;36mDEBUG[0m[2026-03-16 10:14:11.744]   received shard header from network in block tracker [0;36mshard[0m = 0 [0;36mepoch[0m = 0 [0;36mround[0m = 339 [0;36mnonce[0m = 337 [0;36mhash[0m = 590f4eccd3f50f9dbe70c34e82fb7316528fbe4462b3266648a0cda394548ff8 
[0;36mDEBUG[0m[2026-03-16 10:14:11.744]   received shard header from network in block tracker [0;36mshard[0m = 0 [0;36mepoch[0m = 0 [0;36mround[0m = 340 [0;36mnonce[0m = 338 [0;36mhash[0m = 8b3574224214d788b5106d90df2eb7c2bde0961ffc6116bbfad1c9bfa36cee42 
[0;36mDEBUG[0m[2026-03-16 10:14:11.744]   received shard header from network in block tracker [0;36mshard[0m = 0 [0;36mepoch[0m = 0 [0;36mround[0m = 341 [0;36mnonce[0m = 339 [0;36mhash[0m = fa57b229e2ad402443ad109cc52e4e3692c0421d0542526f84b3a4ce041e100a 
[0;36mDEBUG[0m[2026-03-16 10:14:11.744]   received shard header from network in block tracker [0;36mshard[0m = 0 [0;36mepoch[0m = 0 [0;36mround[0m = 342 [0;36mnonce[0m = 340 [0;36mhash[0m = 357300377d0402b3ae39d3fdf3ab6ddcb8b34515a58c3d7aa60ec8de65aa3d0c 
[0;36mDEBUG[0m[2026-03-16 10:14:11.744]   received shard header from network in block tracker [0;36mshard[0m = 0 [0;36mepoch[0m = 0 [0;36mround[0m = 343 [0;36mnonce[0m = 341 [0;36mhash[0m = 1f7470dfaa5ed7937d2e33e1227e29d1306278a309b96882b8f71bad8e9cbd89 
[0;36mDEBUG[0m[2026-03-16 10:14:11.744]   received shard header from network in block tracker [0;36mshard[0m = 0 [0;36mepoch[0m = 0 [0;36mround[0m = 344 [0;36mnonce[0m = 342 [0;36mhash[0m = 1ee51db7f7d0556f0331c2d0b44f6a02d51dd2cf2681b3d7a8b6e4eb843bdbe9 
[0;36mDEBUG[0m[2026-03-16 10:14:11.744]   received shard header from network in block tracker [0;36mshard[0m = 0 [0;36mepoch[0m = 0 [0;36mround[0m = 345 [0;36mnonce[0m = 343 [0;36mhash[0m = df50822ff173a0dba8a99e6014da5df0081725a40d6d290dc7292e7705db6310 
[0;36mDEBUG[0m[2026-03-16 10:14:11.744]   received shard header from network in block tracker [0;36mshard[0m = 0 [0;36mepoch[0m = 0 [0;36mround[0m = 346 [0;36mnonce[0m = 344 [0;36mhash[0m = 7bbf709944f35bf5ea94cc1f852de9a6cdb3bc8fd541f5c5d09c231c6526607c 
[0;36mDEBUG[0m[2026-03-16 10:14:11.744]   received shard header from network in block tracker [0;36mshard[0m = 0 [0;36mepoch[0m = 0 [0;36mround[0m = 347 [0;36mnonce[0m = 345 [0;36mhash[0m = 0c5335f268c03f0629b5d22e8ca8322ea29c97d2715d35f920955245ff8bd43f 
[0;36mDEBUG[0m[2026-03-16 10:14:11.744]   received shard header from network in block tracker [0;36mshard[0m = 0 [0;36mepoch[0m = 0 [0;36mround[0m = 348 [0;36mnonce[0m = 346 [0;36mhash[0m = 157e07aaf1daef4ad09fc799f3a8aadc20cc326a3cc318660a3c17e73f9c46b3 
[0;36mDEBUG[0m[2026-03-16 10:14:11.744]   received shard header from network in block tracker [0;36mshard[0m = 0 [0;36mepoch[0m = 0 [0;36mround[0m = 349 [0;36mnonce[0m = 347 [0;36mhash[0m = 4e15909cebfabc2b286e45c10a64a670c802c778d829b999c97d7fbb6f1a3b9d 
[0;36mDEBUG[0m[2026-03-16 10:14:11.744]   received shard header from network in block tracker [0;36mshard[0m = 0 [0;36mepoch[0m = 0 [0;36mround[0m = 350 [0;36mnonce[0m = 348 [0;36mhash[0m = a8e83414baa95b22ba749ab95e5239a8a2d8c018148edb9d318b6a474ede1e15 
[0;36mDEBUG[0m[2026-03-16 10:14:11.744]   received shard header from network in block tracker [0;36mshard[0m = 0 [0;36mepoch[0m = 0 [0;36mround[0m = 351 [0;36mnonce[0m = 349 [0;36mhash[0m = f8619393f0e8dfc04143d040f671c348237d0003d7b3f16b3056a60f74baaedb 
[0;36mDEBUG[0m[2026-03-16 10:14:11.744]   received shard header from network in block tracker [0;36mshard[0m = 0 [0;36mepoch[0m = 0 [0;36mround[0m = 352 [0;36mnonce[0m = 350 [0;36mhash[0m = b0e69e220e00aae161fd1425acdc414687148f26f48f58db4e97b560fcd961d8 
[0;36mDEBUG[0m[2026-03-16 10:14:11.744]   received shard header from network in block tracker [0;36mshard[0m = 0 [0;36mepoch[0m = 0 [0;36mround[0m = 353 [0;36mnonce[0m = 351 [0;36mhash[0m = 396cf0bfde5f304f4ab0dd61040d8c82f5a52b14693f3a801e1d50e0f304d1c7 
[0;36mDEBUG[0m[2026-03-16 10:14:11.744]   received shard header from network in block tracker [0;36mshard[0m = 0 [0;36mepoch[0m = 0 [0;36mround[0m = 354 [0;36mnonce[0m = 352 [0;36mhash[0m = c000a403fb36595efb44f88156fe35f0a9484dcdaf3c56eddee92b66025065d9 
[0;36mDEBUG[0m[2026-03-16 10:14:11.744]   received shard header from network in block tracker [0;36mshard[0m = 0 [0;36mepoch[0m = 0 [0;36mround[0m = 355 [0;36mnonce[0m = 353 [0;36mhash[0m = 35ce84f991b16a35f4917dd258cf53f067c95158d36292bfc35f20a3315c6267 
[0;36mDEBUG[0m[2026-03-16 10:14:11.744]   received shard header from network in block tracker [0;36mshard[0m = 0 [0;36mepoch[0m = 0 [0;36mround[0m = 356 [0;36mnonce[0m = 354 [0;36mhash[0m = 9ef7516661760b83f295ab6cbcb6ee71a68c96a1ce1d2f4ef976215cda4ecdce 
[0;36mDEBUG[0m[2026-03-16 10:14:11.744]   received shard header from network in block tracker [0;36mshard[0m = 0 [0;36mepoch[0m = 0 [0;36mround[0m = 357 [0;36mnonce[0m = 355 [0;36mhash[0m = 2853305ed6b4074002fcd84fd8475a6c345ecbdd07f6bed6793f5fc561b0e349 
[0;36mDEBUG[0m[2026-03-16 10:14:11.744]   received shard header from network in block tracker [0;36mshard[0m = 0 [0;36mepoch[0m = 0 [0;36mround[0m = 358 [0;36mnonce[0m = 356 [0;36mhash[0m = bd972909a809665a82c5b5023bab69599ac579e0628e0b856ae24c1de5a1492c 
[0;36mDEBUG[0m[2026-03-16 10:14:11.744]   received shard header from network in block tracker [0;36mshard[0m = 0 [0;36mepoch[0m = 0 [0;36mround[0m = 359 [0;36mnonce[0m = 357 [0;36mhash[0m = 1469429a419df9798f2439ff0ec3351d549cb17986c3b962ef00ae16360e0361 
[0;36mDEBUG[0m[2026-03-16 10:14:11.744]   received shard header from network in block tracker [0;36mshard[0m = 0 [0;36mepoch[0m = 0 [0;36mround[0m = 360 [0;36mnonce[0m = 358 [0;36mhash[0m = f4cfffdab21afd5f2b46619aa6ff20e3a7b36fcb043a4f62e5de6784589ceee4 
[0;36mDEBUG[0m[2026-03-16 10:14:11.744]   received shard header from network in block tracker [0;36mshard[0m = 0 [0;36mepoch[0m = 0 [0;36mround[0m = 361 [0;36mnonce[0m = 359 [0;36mhash[0m = 7bda22195074f022f03837b77b6255e15be9207bb2008d5a3e5b23872b84c415 
[0;36mDEBUG[0m[2026-03-16 10:14:11.744]   received shard header from network in block tracker [0;36mshard[0m = 0 [0;36mepoch[0m = 0 [0;36mround[0m = 362 [0;36mnonce[0m = 360 [0;36mhash[0m = 6f57dbd7483e02299312887275ebcd0346794700fd68ebeb3a02adf74567176d 
[0;36mDEBUG[0m[2026-03-16 10:14:11.744]   received shard header from network in block tracker [0;36mshard[0m = 0 [0;36mepoch[0m = 0 [0;36mround[0m = 363 [0;36mnonce[0m = 361 [0;36mhash[0m = 78962ee6bc697ccd9e8cc2ad6b2366c2d4f491658382bc2b9040e98a60f15bf1 
[0;36mDEBUG[0m[2026-03-16 10:14:11.744]   received shard header from network in block tracker [0;36mshard[0m = 0 [0;36mepoch[0m = 0 [0;36mround[0m = 364 [0;36mnonce[0m = 362 [0;36mhash[0m = 1da6aca5178cc3dacc7316b5afa98428c1ad8d6c1a1ac6bfce6ca2a0a1090d94 
[0;36mDEBUG[0m[2026-03-16 10:14:11.744]   received shard header from network in block tracker [0;36mshard[0m = 0 [0;36mepoch[0m = 0 [0;36mround[0m = 365 [0;36mnonce[0m = 363 [0;36mhash[0m = 0eb5da08ac385363fff301a2fe7a4c19387244a0566ef17726d4ff2c76bd272b 
[0;36mDEBUG[0m[2026-03-16 10:14:11.744]   received shard header from network in block tracker [0;36mshard[0m = 0 [0;36mepoch[0m = 0 [0;36mround[0m = 366 [0;36mnonce[0m = 364 [0;36mhash[0m = 27c022aaa1273c89ea4a5deead93120d9077d5bac8c2e6e2655683ed6d20621e 
[0;36mDEBUG[0m[2026-03-16 10:14:11.744]   received shard header from network in block tracker [0;36mshard[0m = 0 [0;36mepoch[0m = 0 [0;36mround[0m = 367 [0;36mnonce[0m = 365 [0;36mhash[0m = e73e1e2df5d65c0d44d4aa5a859503188f421d323939a186474d8ddc626529ef 
[0;36mDEBUG[0m[2026-03-16 10:14:11.744]   received shard header from network in block tracker [0;36mshard[0m = 0 [0;36mepoch[0m = 0 [0;36mround[0m = 368 [0;36mnonce[0m = 366 [0;36mhash[0m = 0260283683a59774a28bc91f4c7bf11f709bd1168aa8f1d734f1574713381e56 
[0;36mDEBUG[0m[2026-03-16 10:14:11.744]   received shard header from network in block tracker [0;36mshard[0m = 0 [0;36mepoch[0m = 0 [0;36mround[0m = 369 [0;36mnonce[0m = 367 [0;36mhash[0m = 3b0e8ce0a30c8d230debdd8f11a61031e9ba26326781b5d92667b2447c92dae4 
[0;36mDEBUG[0m[2026-03-16 10:14:11.744]   received shard header from network in block tracker [0;36mshard[0m = 0 [0;36mepoch[0m = 0 [0;36mround[0m = 370 [0;36mnonce[0m = 368 [0;36mhash[0m = 73ba988a62ca49e97f4e7fafe3129fdceb89a1db7cf148d7c30386a3186bc18a 
[0;36mDEBUG[0m[2026-03-16 10:14:11.744]   received shard header from network in block tracker [0;36mshard[0m = 0 [0;36mepoch[0m = 0 [0;36mround[0m = 371 [0;36mnonce[0m = 369 [0;36mhash[0m = d93e770abe63b73a475441574d20efb7436a7b24e0c4114f1c46cfb2c001e168 
[0;36mDEBUG[0m[2026-03-16 10:14:11.744]   received shard header from network in block tracker [0;36mshard[0m = 0 [0;36mepoch[0m = 0 [0;36mround[0m = 372 [0;36mnonce[0m = 370 [0;36mhash[0m = ea414342adfd7601678b766343fb9ba362ca98bb372d8cd854af0878d9e68763 
[0;36mDEBUG[0m[2026-03-16 10:14:11.744]   received shard header from network in block tracker [0;36mshard[0m = 0 [0;36mepoch[0m = 0 [0;36mround[0m = 373 [0;36mnonce[0m = 371 [0;36mhash[0m = a503f048e6efd6bf55d75b6b5f6c74e155c89ec0ec091ba6d9df1b077e2c4d93 
[0;36mDEBUG[0m[2026-03-16 10:14:11.744]   received shard header from network in block tracker [0;36mshard[0m = 0 [0;36mepoch[0m = 0 [0;36mround[0m = 374 [0;36mnonce[0m = 372 [0;36mhash[0m = c55e4359bcf1f91cd4d24e1f70878fa643343d76a04d463aa3b3212fbce1b836 
[0;36mDEBUG[0m[2026-03-16 10:14:11.744]   received shard header from network in block tracker [0;36mshard[0m = 0 [0;36mepoch[0m = 0 [0;36mround[0m = 375 [0;36mnonce[0m = 373 [0;36mhash[0m = 9ea7e1a776ad3b481853eecd13479bbd5c82821f60e2e749ca68468f50dfa652 
[0;36mDEBUG[0m[2026-03-16 10:14:11.744]   received shard header from network in block tracker [0;36mshard[0m = 0 [0;36mepoch[0m = 0 [0;36mround[0m = 376 [0;36mnonce[0m = 374 [0;36mhash[0m = d578497a659cb46c6db4f36c5da089c1375c3e720d7cf0b09e82fe44fc0fbf01 
[0;36mDEBUG[0m[2026-03-16 10:14:11.744]   received shard header from network in block tracker [0;36mshard[0m = 0 [0;36mepoch[0m = 0 [0;36mround[0m = 377 [0;36mnonce[0m = 375 [0;36mhash[0m = a6663c8b16139e3a61ea8e780a2923f274f577a7b7276e53809de174ab727b21 
[0;36mDEBUG[0m[2026-03-16 10:14:11.744]   received shard header from network in block tracker [0;36mshard[0m = 0 [0;36mepoch[0m = 0 [0;36mround[0m = 378 [0;36mnonce[0m = 376 [0;36mhash[0m = f9120dfa7e601e7c71155e8611b88a9c4a41b2d3711232f9a4f11cbdea4b231f 
[0;36mDEBUG[0m[2026-03-16 10:14:11.744]   received shard header from network in block tracker [0;36mshard[0m = 0 [0;36mepoch[0m = 0 [0;36mround[0m = 379 [0;36mnonce[0m = 377 [0;36mhash[0m = 3e0f30fe0b8e66fc75cdaa5ae1d6976e1f9949dc85c54498d07baaf366428e79 
[0;36mDEBUG[0m[2026-03-16 10:14:11.744]   received shard header from network in block tracker [0;36mshard[0m = 0 [0;36mepoch[0m = 0 [0;36mround[0m = 380 [0;36mnonce[0m = 378 [0;36mhash[0m = f1bf500eba226030e0d8e1ca2b9cb7db2d013137b4037248e705be948c44a925 
[0;36mDEBUG[0m[2026-03-16 10:14:11.744]   received shard header from network in block tracker [0;36mshard[0m = 0 [0;36mepoch[0m = 0 [0;36mround[0m = 381 [0;36mnonce[0m = 379 [0;36mhash[0m = 2dc44948cde7d28cf638cb04f709afb43debb0203c00e13c0d984e6e74a40d64 
[0;36mDEBUG[0m[2026-03-16 10:14:11.744]   received shard header from network in block tracker [0;36mshard[0m = 0 [0;36mepoch[0m = 0 [0;36mround[0m = 382 [0;36mnonce[0m = 380 [0;36mhash[0m = 051556949d669746a235cfac3144c9ac1f23d1711dc9221be7a7e339f75a5cd2 
[0;36mDEBUG[0m[2026-03-16 10:14:11.744]   received shard header from network in block tracker [0;36mshard[0m = 0 [0;36mepoch[0m = 0 [0;36mround[0m = 383 [0;36mnonce[0m = 381 [0;36mhash[0m = 513eaa6cd627857e75eded7884d20d6be77d2d99a83f7add7a643c060f764c16 
[0;36mDEBUG[0m[2026-03-16 10:14:11.744]   received shard header from network in block tracker [0;36mshard[0m = 0 [0;36mepoch[0m = 0 [0;36mround[0m = 384 [0;36mnonce[0m = 382 [0;36mhash[0m = 7380b24a303b5d37f320cf57fab1505c135e51c6a9c4586dd395e4d91eecc8c1 
[0;36mDEBUG[0m[2026-03-16 10:14:11.744]   received shard header from network in block tracker [0;36mshard[0m = 0 [0;36mepoch[0m = 0 [0;36mround[0m = 385 [0;36mnonce[0m = 383 [0;36mhash[0m = 18703bc1010a258065912bcde9e52a2cb66bb516bb96f0a92e26699c1533db5b 
[0;36mDEBUG[0m[2026-03-16 10:14:11.744]   received shard header from network in block tracker [0;36mshard[0m = 0 [0;36mepoch[0m = 0 [0;36mround[0m = 386 [0;36mnonce[0m = 384 [0;36mhash[0m = 01f4d26716048abc93ccc27be836beb3e342da4dd8203a570b6d55107eda0318 
[0;36mDEBUG[0m[2026-03-16 10:14:11.744]   received shard header from network in block tracker [0;36mshard[0m = 0 [0;36mepoch[0m = 0 [0;36mround[0m = 387 [0;36mnonce[0m = 385 [0;36mhash[0m = 56a211fe959251fe539773c9d9fa5467087abec3ca1287f1ec31432a2ad68579 
[0;36mDEBUG[0m[2026-03-16 10:14:11.744]   received shard header from network in block tracker [0;36mshard[0m = 0 [0;36mepoch[0m = 0 [0;36mround[0m = 388 [0;36mnonce[0m = 386 [0;36mhash[0m = e1e101db36bc8d5e853e96924539fe87fe57a816b1539cc3befea50bcb9355d8 
[0;36mDEBUG[0m[2026-03-16 10:14:11.744]   received shard header from network in block tracker [0;36mshard[0m = 0 [0;36mepoch[0m = 0 [0;36mround[0m = 389 [0;36mnonce[0m = 387 [0;36mhash[0m = 3e919d18bc0d99d18a47e0f87a91d87665eadab6f9a2f8d890a04e1e821f0838 
[0;36mDEBUG[0m[2026-03-16 10:14:11.744]   received shard header from network in block tracker [0;36mshard[0m = 0 [0;36mepoch[0m = 0 [0;36mround[0m = 390 [0;36mnonce[0m = 388 [0;36mhash[0m = 3ec576ac28edea6d8880fff104e672a185346ff6811d2fcdf901222d7a635e6a 
[0;36mDEBUG[0m[2026-03-16 10:14:11.744]   received shard header from network in block tracker [0;36mshard[0m = 0 [0;36mepoch[0m = 0 [0;36mround[0m = 391 [0;36mnonce[0m = 389 [0;36mhash[0m = 7d940ef1e9f328e669478172f216f4d53ebc469d970d35f8086d51fb8a54b921 
[0;36mDEBUG[0m[2026-03-16 10:14:11.744]   received shard header from network in block tracker [0;36mshard[0m = 0 [0;36mepoch[0m = 0 [0;36mround[0m = 392 [0;36mnonce[0m = 390 [0;36mhash[0m = 7e14f71541b47aa499bb7938f4301b5c5e3e0f8a0ca6ebef954e96536e08d9d1 
[0;36mDEBUG[0m[2026-03-16 10:14:11.744]   received shard header from network in block tracker [0;36mshard[0m = 0 [0;36mepoch[0m = 0 [0;36mround[0m = 393 [0;36mnonce[0m = 391 [0;36mhash[0m = 2d8ffa5dc956944ce6316acd646b0eb34d2f4da07baf45ee9481d2a5dd65311d 
[0;36mDEBUG[0m[2026-03-16 10:14:11.744]   received shard header from network in block tracker [0;36mshard[0m = 0 [0;36mepoch[0m = 0 [0;36mround[0m = 394 [0;36mnonce[0m = 392 [0;36mhash[0m = f84412211c57a2c448a10d579b7754487f3ab7605e46b8eb531486f2778fe4bd 
[0;36mDEBUG[0m[2026-03-16 10:14:11.744]   received shard header from network in block tracker [0;36mshard[0m = 0 [0;36mepoch[0m = 0 [0;36mround[0m = 395 [0;36mnonce[0m = 393 [0;36mhash[0m = 54bf476780a46fbbd4f4d16650bff59c7b06ab71f04537a929b969d14bb3d182 
[0;36mDEBUG[0m[2026-03-16 10:14:11.744]   received shard header from network in block tracker [0;36mshard[0m = 0 [0;36mepoch[0m = 0 [0;36mround[0m = 396 [0;36mnonce[0m = 394 [0;36mhash[0m = 7aea15d09a6b6017daf31472567c12bda20e691068dff8112126041fba77e378 
[0;36mDEBUG[0m[2026-03-16 10:14:11.744]   received shard header from network in block tracker [0;36mshard[0m = 0 [0;36mepoch[0m = 0 [0;36mround[0m = 397 [0;36mnonce[0m = 395 [0;36mhash[0m = 277cd665512353b552f2c8f94cb4346c1182d960002a0388daaf7cc4e9d3377c 
[0;36mDEBUG[0m[2026-03-16 10:14:11.746]   received shard header from network in block tracker [0;36mshard[0m = 0 [0;36mepoch[0m = 0 [0;36mround[0m = 398 [0;36mnonce[0m = 396 [0;36mhash[0m = 57a8503d5c6e97b756942a2556ce104a8c26b001bebb9dc235d0d534c0c28594 
[0;36mDEBUG[0m[2026-03-16 10:14:11.746]   received shard header from network in block tracker [0;36mshard[0m = 0 [0;36mepoch[0m = 0 [0;36mround[0m = 399 [0;36mnonce[0m = 397 [0;36mhash[0m = 0f9dd699b90a044a77c558ecd609bc5cfda32b1397f43e4a16fda96f61104097 
[0;36mDEBUG[0m[2026-03-16 10:14:11.746]   received shard header from network in block tracker [0;36mshard[0m = 0 [0;36mepoch[0m = 0 [0;36mround[0m = 400 [0;36mnonce[0m = 398 [0;36mhash[0m = c044edc3ad951bd7649e0069aa9ac1859a6d1b1b234cd20f9293a6b942535f39 
[0;36mDEBUG[0m[2026-03-16 10:14:11.746]   received shard header from network in block tracker [0;36mshard[0m = 0 [0;36mepoch[0m = 0 [0;36mround[0m = 401 [0;36mnonce[0m = 399 [0;36mhash[0m = ac5ef53118ef9d6a1312ab33f3fd1745b8bbccde6449b548119d59b9727000db 
[0;36mDEBUG[0m[2026-03-16 10:14:11.746]   received shard header from network in block tracker [0;36mshard[0m = 0 [0;36mepoch[0m = 0 [0;36mround[0m = 402 [0;36mnonce[0m = 400 [0;36mhash[0m = 872d13b62a644caccc3e2071e0d8248b0c1211ccbbe380e202a41e10e8dbd65f 
[0;36mDEBUG[0m[2026-03-16 10:14:11.746]   received shard header from network in block tracker [0;36mshard[0m = 0 [0;36mepoch[0m = 0 [0;36mround[0m = 403 [0;36mnonce[0m = 401 [0;36mhash[0m = fa43b36e3fde0423ce5e3cba20591710c04fa7a2b78b8341d35fd7c896ed7655 
[0;36mDEBUG[0m[2026-03-16 10:14:11.746]   received shard header from network in block tracker [0;36mshard[0m = 0 [0;36mepoch[0m = 0 [0;36mround[0m = 404 [0;36mnonce[0m = 402 [0;36mhash[0m = fedcfccdc2a9ce7f184fddc6e702902d3e229109c297ca169db811f14c82c4e0 
[0;36mDEBUG[0m[2026-03-16 10:14:11.746]   received shard header from network in block tracker [0;36mshard[0m = 0 [0;36mepoch[0m = 0 [0;36mround[0m = 405 [0;36mnonce[0m = 403 [0;36mhash[0m = d671e6d013473e4ef0db30849d36e4dbaf83f7b151f66d83edfa60b8fd1b78af 
[0;36mDEBUG[0m[2026-03-16 10:14:11.746]   received shard header from network in block tracker [0;36mshard[0m = 0 [0;36mepoch[0m = 0 [0;36mround[0m = 406 [0;36mnonce[0m = 404 [0;36mhash[0m = 48d1c2dac8b064af0aaeb29c0840b2b4e8fd0a9ae0af7953180ca3eab1b11288 
[0;36mDEBUG[0m[2026-03-16 10:14:11.746]   received shard header from network in block tracker [0;36mshard[0m = 0 [0;36mepoch[0m = 0 [0;36mround[0m = 407 [0;36mnonce[0m = 405 [0;36mhash[0m = ebfaa51b22d643cdd2faff629328aca32a0c485a8ca95149449811ca2d53479f 
[0;36mDEBUG[0m[2026-03-16 10:14:11.746]   received shard header from network in block tracker [0;36mshard[0m = 0 [0;36mepoch[0m = 0 [0;36mround[0m = 408 [0;36mnonce[0m = 406 [0;36mhash[0m = 0d7a2bf2c347198403e3e3498f2068283d9e2f35753b175cacc6d2ba0a9d269c 
[0;36mDEBUG[0m[2026-03-16 10:14:11.746]   received shard header from network in block tracker [0;36mshard[0m = 0 [0;36mepoch[0m = 0 [0;36mround[0m = 409 [0;36mnonce[0m = 407 [0;36mhash[0m = f2c0b95db4aab91aff5fe4aa454ebdb6476c578e13d3ac098804354e93a8548c 
[0;36mDEBUG[0m[2026-03-16 10:14:11.746]   received shard header from network in block tracker [0;36mshard[0m = 0 [0;36mepoch[0m = 0 [0;36mround[0m = 410 [0;36mnonce[0m = 408 [0;36mhash[0m = 760f067cd1fc51a44e449cfd3f8d488fbe8b8c69e5b13ae277d8dc7d28f54c5b 
[0;36mDEBUG[0m[2026-03-16 10:14:11.746]   received shard header from network in block tracker [0;36mshard[0m = 0 [0;36mepoch[0m = 0 [0;36mround[0m = 411 [0;36mnonce[0m = 409 [0;36mhash[0m = 8d47fffb08239c588d558fe447f58b09c306637e5f149bd8c25eed431e33a710 
[0;36mDEBUG[0m[2026-03-16 10:14:11.747]   received shard header from network in block tracker [0;36mshard[0m = 0 [0;36mepoch[0m = 0 [0;36mround[0m = 412 [0;36mnonce[0m = 410 [0;36mhash[0m = a6c0b114e4722414c621495505992374dc1d8692eedd271cce4b8fe7a3a8e708 
[0;36mDEBUG[0m[2026-03-16 10:14:11.747]   received shard header from network in block tracker [0;36mshard[0m = 0 [0;36mepoch[0m = 0 [0;36mround[0m = 413 [0;36mnonce[0m = 411 [0;36mhash[0m = a93c113ad18cea7f60b9c74e9d623efc3222ea5ae58e521446f4766a74f2aeff 
[0;36mDEBUG[0m[2026-03-16 10:14:11.747]   received shard header from network in block tracker [0;36mshard[0m = 0 [0;36mepoch[0m = 0 [0;36mround[0m = 414 [0;36mnonce[0m = 412 [0;36mhash[0m = 6fb62fc3dffc8f1c681370990a7f59134c58445c85631f0ac37b13016ba17405 
[0;36mDEBUG[0m[2026-03-16 10:14:11.747]   received shard header from network in block tracker [0;36mshard[0m = 0 [0;36mepoch[0m = 0 [0;36mround[0m = 415 [0;36mnonce[0m = 413 [0;36mhash[0m = 918481f377bacbf7ca42f6864dc4521161accb2769e3519052bcf33bf6dc9b10 
[0;36mDEBUG[0m[2026-03-16 10:14:11.747]   received shard header from network in block tracker [0;36mshard[0m = 0 [0;36mepoch[0m = 0 [0;36mround[0m = 416 [0;36mnonce[0m = 414 [0;36mhash[0m = 1fb820f65d4bdd7162fa7ba7e57225a0392978d2d3d8ec13eeaf0afdae6ad4b6 
[0;36mDEBUG[0m[2026-03-16 10:14:11.747]   received shard header from network in block tracker [0;36mshard[0m = 0 [0;36mepoch[0m = 0 [0;36mround[0m = 417 [0;36mnonce[0m = 415 [0;36mhash[0m = e4b93798c4e7ca4a2da7b6620e6617d151c0ee43dc8e6ecce660021e5210556a 
[0;36mDEBUG[0m[2026-03-16 10:14:11.747]   received shard header from network in block tracker [0;36mshard[0m = 0 [0;36mepoch[0m = 0 [0;36mround[0m = 418 [0;36mnonce[0m = 416 [0;36mhash[0m = 6d480a8d803918056974a94a8fb38b28e42a052cad35fbde755eea9f941be397 
[0;36mDEBUG[0m[2026-03-16 10:14:11.747]   received shard header from network in block tracker [0;36mshard[0m = 0 [0;36mepoch[0m = 0 [0;36mround[0m = 419 [0;36mnonce[0m = 417 [0;36mhash[0m = bf1463c339ec1b654604774a9a69a3cc1f95fa9dce41c1acd03904dbe056408e 
[0;36mDEBUG[0m[2026-03-16 10:14:11.747]   received shard header from network in block tracker [0;36mshard[0m = 0 [0;36mepoch[0m = 0 [0;36mround[0m = 420 [0;36mnonce[0m = 418 [0;36mhash[0m = acc1fe1d87a4c986ddeec47cfb68cc3ebecba50987d447d6293fedb7f4146d0d 
[0;36mDEBUG[0m[2026-03-16 10:14:11.747]   received shard header from network in block tracker [0;36mshard[0m = 0 [0;36mepoch[0m = 0 [0;36mround[0m = 421 [0;36mnonce[0m = 419 [0;36mhash[0m = 24f6cfdb216bc7c6b27991958c1d361ec109c5a16fb5d0e61132af6711e1b310 
[0;36mDEBUG[0m[2026-03-16 10:14:11.747]   received shard header from network in block tracker [0;36mshard[0m = 0 [0;36mepoch[0m = 0 [0;36mround[0m = 422 [0;36mnonce[0m = 420 [0;36mhash[0m = bceca90522532c1163886bbe35059dca2825217c1962dcfcb3d34172b62964d2 
[0;36mDEBUG[0m[2026-03-16 10:14:11.747]   received shard header from network in block tracker [0;36mshard[0m = 0 [0;36mepoch[0m = 0 [0;36mround[0m = 423 [0;36mnonce[0m = 421 [0;36mhash[0m = a08acf7d5318b2f759f01dcee72bd350deefb4c2341962f1b64cfc05dbbe1620 
[0;36mDEBUG[0m[2026-03-16 10:14:11.747]   received shard header from network in block tracker [0;36mshard[0m = 0 [0;36mepoch[0m = 0 [0;36mround[0m = 424 [0;36mnonce[0m = 422 [0;36mhash[0m = e9c521b1ebc96b29106fee42ed0848f847405a36395f8d62d80ef8378c726965 
[0;36mDEBUG[0m[2026-03-16 10:14:11.747]   received shard header from network in block tracker [0;36mshard[0m = 0 [0;36mepoch[0m = 0 [0;36mround[0m = 425 [0;36mnonce[0m = 423 [0;36mhash[0m = 4b5e2f8d1621635a090de7a1180a9df60f13ca530fd303e7f3c5bd85d51d358c 
[0;36mDEBUG[0m[2026-03-16 10:14:11.747]   received shard header from network in block tracker [0;36mshard[0m = 0 [0;36mepoch[0m = 0 [0;36mround[0m = 426 [0;36mnonce[0m = 424 [0;36mhash[0m = 2dfc9e833d5a6d3ace4229d739973ad6165ccd1c4538ba3740723ad8a8c8a79a 
[0;36mDEBUG[0m[2026-03-16 10:14:11.747]   received shard header from network in block tracker [0;36mshard[0m = 0 [0;36mepoch[0m = 0 [0;36mround[0m = 427 [0;36mnonce[0m = 425 [0;36mhash[0m = 569491d184e5d92ac87898255bf00eb382bb3cb33c4650eadfce1edeb1ab9247 
[0;36mDEBUG[0m[2026-03-16 10:14:11.747]   received shard header from network in block tracker [0;36mshard[0m = 0 [0;36mepoch[0m = 0 [0;36mround[0m = 428 [0;36mnonce[0m = 426 [0;36mhash[0m = 6be14aa58b631112ab615baf4113af40a1bb1e020fde3ac9992445184973082c 
[0;36mDEBUG[0m[2026-03-16 10:14:11.747]   received shard header from network in block tracker [0;36mshard[0m = 0 [0;36mepoch[0m = 0 [0;36mround[0m = 429 [0;36mnonce[0m = 427 [0;36mhash[0m = 0ffd130da5ef3cc24a05442ec3c62d6dbb64f3ce1b525cffaee4272a6663f152 
[0;36mDEBUG[0m[2026-03-16 10:14:11.747]   received shard header from network in block tracker [0;36mshard[0m = 0 [0;36mepoch[0m = 0 [0;36mround[0m = 430 [0;36mnonce[0m = 428 [0;36mhash[0m = cb57b7d0f3ec23db3de85df5c4d30b39a3069e9f9f416236e1e761fd0a61611b 
[0;36mDEBUG[0m[2026-03-16 10:14:11.747]   received shard header from network in block tracker [0;36mshard[0m = 0 [0;36mepoch[0m = 0 [0;36mround[0m = 431 [0;36mnonce[0m = 429 [0;36mhash[0m = bc941e2bafce1ec00e1312219cd19ed8168d923a65d0ef357310492d762f3749 
[0;36mDEBUG[0m[2026-03-16 10:14:11.747]   received shard header from network in block tracker [0;36mshard[0m = 0 [0;36mepoch[0m = 0 [0;36mround[0m = 432 [0;36mnonce[0m = 430 [0;36mhash[0m = 371989ebb74187f74665950e7fbccbe0f3a8d8e0d851b1c301b1c5fa98f5fddd 
[0;36mDEBUG[0m[2026-03-16 10:14:11.747]   received shard header from network in block tracker [0;36mshard[0m = 0 [0;36mepoch[0m = 0 [0;36mround[0m = 433 [0;36mnonce[0m = 431 [0;36mhash[0m = bf3604cb15ea74ece560cc7bbe95b5ee0d97656bec7e65858638c81a5ebd2b63 
[0;36mDEBUG[0m[2026-03-16 10:14:11.747]   received shard header from network in block tracker [0;36mshard[0m = 0 [0;36mepoch[0m = 0 [0;36mround[0m = 434 [0;36mnonce[0m = 432 [0;36mhash[0m = 30865ac5e493a1a7dc751e73cee9949c0b585af775c938824e5bf1ce2cd25a2c 
[0;36mDEBUG[0m[2026-03-16 10:14:11.747]   received shard header from network in block tracker [0;36mshard[0m = 0 [0;36mepoch[0m = 0 [0;36mround[0m = 435 [0;36mnonce[0m = 433 [0;36mhash[0m = 9e51a93e5a0c3954c4a9eb4c101c9d5ca8329c0b03f17f2170adf405e0996b65 
[0;36mDEBUG[0m[2026-03-16 10:14:11.747]   received shard header from network in block tracker [0;36mshard[0m = 0 [0;36mepoch[0m = 0 [0;36mround[0m = 436 [0;36mnonce[0m = 434 [0;36mhash[0m = ead58c4924312796a65f4cea0c659938e3fd1565256476264ac1d5c11ede932d 
[0;36mDEBUG[0m[2026-03-16 10:14:11.747]   received shard header from network in block tracker [0;36mshard[0m = 0 [0;36mepoch[0m = 0 [0;36mround[0m = 437 [0;36mnonce[0m = 435 [0;36mhash[0m = 6c37eb77c77037a30db87306e8302b101fd2806a44ac4831f4e576aa9959fe09 
[0;36mDEBUG[0m[2026-03-16 10:14:11.747]   received shard header from network in block tracker [0;36mshard[0m = 0 [0;36mepoch[0m = 0 [0;36mround[0m = 438 [0;36mnonce[0m = 436 [0;36mhash[0m = ec42ae905d928623cc65f272bfac8b1ec6e1be2eab9da4d40bc9d13d30bfeef1 
[0;36mDEBUG[0m[2026-03-16 10:14:11.747]   received shard header from network in block tracker [0;36mshard[0m = 0 [0;36mepoch[0m = 0 [0;36mround[0m = 439 [0;36mnonce[0m = 437 [0;36mhash[0m = abefb70c1ea7a018585d6feab164baf75f8cc128dd7520d651352b3b9e1fa15e 
[0;36mDEBUG[0m[2026-03-16 10:14:11.747]   received shard header from network in block tracker [0;36mshard[0m = 0 [0;36mepoch[0m = 0 [0;36mround[0m = 440 [0;36mnonce[0m = 438 [0;36mhash[0m = d465dc0036031ede27f570c072de5f81b20fbc208f153467fba70a29502035bf 
[0;36mDEBUG[0m[2026-03-16 10:14:11.747]   received shard header from network in block tracker [0;36mshard[0m = 0 [0;36mepoch[0m = 0 [0;36mround[0m = 441 [0;36mnonce[0m = 439 [0;36mhash[0m = 4bac779405941bd01aef0a938dce4a7d2f0b3671ff0ebab1e202f63855db76e2 
[0;36mDEBUG[0m[2026-03-16 10:14:11.747]   received shard header from network in block tracker [0;36mshard[0m = 0 [0;36mepoch[0m = 0 [0;36mround[0m = 442 [0;36mnonce[0m = 440 [0;36mhash[0m = 96db7ca412ea27a5596810d5cdfdff8f3cc9975b15825fa3b1a11fa27bcb0afd 
[0;36mDEBUG[0m[2026-03-16 10:14:11.747]   received shard header from network in block tracker [0;36mshard[0m = 0 [0;36mepoch[0m = 0 [0;36mround[0m = 443 [0;36mnonce[0m = 441 [0;36mhash[0m = 176f5e86c73ee6fdbf662ad7c11e89410fd463cc50e77c8cd1f463e92f29bde7 
[0;36mDEBUG[0m[2026-03-16 10:14:11.747]   received shard header from network in block tracker [0;36mshard[0m = 0 [0;36mepoch[0m = 0 [0;36mround[0m = 444 [0;36mnonce[0m = 442 [0;36mhash[0m = 43395a2b406af70ea62c1e2ff54da9c8f7f180dbdfffa1740577495dc58690c9 
[0;36mDEBUG[0m[2026-03-16 10:14:11.747]   received shard header from network in block tracker [0;36mshard[0m = 0 [0;36mepoch[0m = 0 [0;36mround[0m = 445 [0;36mnonce[0m = 443 [0;36mhash[0m = f720026974495965f2bafcb183e1d19dcda18bee1aa2d78a38ea2d2159951e7d 
[0;36mDEBUG[0m[2026-03-16 10:14:11.747]   received shard header from network in block tracker [0;36mshard[0m = 0 [0;36mepoch[0m = 0 [0;36mround[0m = 446 [0;36mnonce[0m = 444 [0;36mhash[0m = 0610356d976589c5dc3a8615fe1950a5cea4099264054423728d00cd1f4a24e1 
[0;36mDEBUG[0m[2026-03-16 10:14:11.747]   received shard header from network in block tracker [0;36mshard[0m = 0 [0;36mepoch[0m = 0 [0;36mround[0m = 447 [0;36mnonce[0m = 445 [0;36mhash[0m = 58ca8bfb79662b65a0c225438eb82a6580fdc7f2273343f7302b6b3efa4d69c8 
[0;36mDEBUG[0m[2026-03-16 10:14:11.747]   received shard header from network in block tracker [0;36mshard[0m = 0 [0;36mepoch[0m = 0 [0;36mround[0m = 448 [0;36mnonce[0m = 446 [0;36mhash[0m = a97680cd988d25ec18ac5877f8c41ec4ddd6c237a7e813d0b55f55ddef7a462f 
[0;36mDEBUG[0m[2026-03-16 10:14:11.747]   received shard header from network in block tracker [0;36mshard[0m = 0 [0;36mepoch[0m = 0 [0;36mround[0m = 449 [0;36mnonce[0m = 447 [0;36mhash[0m = 75ce5a08fa8e8a1c6572085f9686625fda5f18346d853cded466e9f99586e0c7 
[0;36mDEBUG[0m[2026-03-16 10:14:11.747]   received shard header from network in block tracker [0;36mshard[0m = 0 [0;36mepoch[0m = 0 [0;36mround[0m = 450 [0;36mnonce[0m = 448 [0;36mhash[0m = 72fc0ba1ed89b10a5b98190240cd578fb55e1c47b9958912255370028741efdc 
[0;36mDEBUG[0m[2026-03-16 10:14:11.747]   received shard header from network in block tracker [0;36mshard[0m = 0 [0;36mepoch[0m = 0 [0;36mround[0m = 451 [0;36mnonce[0m = 449 [0;36mhash[0m = 43ede6b405e55028a1f10ef355cfe00799a0148927b4fba39240aed0a81dc999 
[0;36mDEBUG[0m[2026-03-16 10:14:11.747]   received shard header from network in block tracker [0;36mshard[0m = 0 [0;36mepoch[0m = 0 [0;36mround[0m = 452 [0;36mnonce[0m = 450 [0;36mhash[0m = cd7bcf762adb75d3be8c5661479e5083d9fac3c09bb5b8f2e9c52b85181cb877 
[0;36mDEBUG[0m[2026-03-16 10:14:11.747]   received shard header from network in block tracker [0;36mshard[0m = 0 [0;36mepoch[0m = 0 [0;36mround[0m = 453 [0;36mnonce[0m = 451 [0;36mhash[0m = cbfd8ddad28e687e5f893847c1d0451067822c20c1f26f31be384f3b0d80e846 
[0;36mDEBUG[0m[2026-03-16 10:14:11.747]   received shard header from network in block tracker [0;36mshard[0m = 0 [0;36mepoch[0m = 0 [0;36mround[0m = 454 [0;36mnonce[0m = 452 [0;36mhash[0m = 5f15d94e5c79e90a519e64f44541a9f849ebb02f21c16d96c916b6da40b61699 
[0;36mDEBUG[0m[2026-03-16 10:14:11.747]   received shard header from network in block tracker [0;36mshard[0m = 0 [0;36mepoch[0m = 0 [0;36mround[0m = 455 [0;36mnonce[0m = 453 [0;36mhash[0m = 51c77ae10157201ccfc73d4767266556b9b7389889af41f94bd6722eb742dce3 
[0;36mDEBUG[0m[2026-03-16 10:14:11.747]   received shard header from network in block tracker [0;36mshard[0m = 0 [0;36mepoch[0m = 0 [0;36mround[0m = 456 [0;36mnonce[0m = 454 [0;36mhash[0m = 62dbe174b32d201f27b86617cbcbd9657c8f024dfaddf30476cfcc781e774897 
[0;36mDEBUG[0m[2026-03-16 10:14:11.747]   received shard header from network in block tracker [0;36mshard[0m = 0 [0;36mepoch[0m = 0 [0;36mround[0m = 457 [0;36mnonce[0m = 455 [0;36mhash[0m = ba8c303b43841f8e4c7b0c4de3b25ae7592805bf31a5af45309c332eeadfff65 
[0;36mDEBUG[0m[2026-03-16 10:14:11.747]   received shard header from network in block tracker [0;36mshard[0m = 0 [0;36mepoch[0m = 0 [0;36mround[0m = 458 [0;36mnonce[0m = 456 [0;36mhash[0m = 265d8035c95167833e72750f4683b9acdb9198d617ed95e0e366901dc150ff15 
[0;36mDEBUG[0m[2026-03-16 10:14:11.747]   received shard header from network in block tracker [0;36mshard[0m = 0 [0;36mepoch[0m = 0 [0;36mround[0m = 459 [0;36mnonce[0m = 457 [0;36mhash[0m = 569d6e8de413671b091cd8849107974983440d3746cfbc63dcc0df0647dc0d25 
[0;36mDEBUG[0m[2026-03-16 10:14:11.747]   received shard header from network in block tracker [0;36mshard[0m = 0 [0;36mepoch[0m = 0 [0;36mround[0m = 460 [0;36mnonce[0m = 458 [0;36mhash[0m = e29a3df6440ba6aab1c52af352f6219c7fdd4988d07cf1e45e0ab59c4c65fc71 
[0;36mDEBUG[0m[2026-03-16 10:14:11.747]   received shard header from network in block tracker [0;36mshard[0m = 0 [0;36mepoch[0m = 0 [0;36mround[0m = 461 [0;36mnonce[0m = 459 [0;36mhash[0m = 0e34a382d8ac71ca17140fe4a2ed0acb827369833c6a32cb8d5e0d9c8d40382d 
[0;36mDEBUG[0m[2026-03-16 10:14:11.747]   received shard header from network in block tracker [0;36mshard[0m = 0 [0;36mepoch[0m = 0 [0;36mround[0m = 462 [0;36mnonce[0m = 460 [0;36mhash[0m = 9e2458bb633692bd577add845ddc5e1e2c03d5bf6296422ea016c55819664356 
[0;36mDEBUG[0m[2026-03-16 10:14:11.747]   received shard header from network in block tracker [0;36mshard[0m = 0 [0;36mepoch[0m = 0 [0;36mround[0m = 463 [0;36mnonce[0m = 461 [0;36mhash[0m = 5001bf43c7497a435fedb902d7fedcbe4c68dbd47b92df41c60c48089d1c68da 
[0;36mDEBUG[0m[2026-03-16 10:14:11.747]   received shard header from network in block tracker [0;36mshard[0m = 0 [0;36mepoch[0m = 0 [0;36mround[0m = 464 [0;36mnonce[0m = 462 [0;36mhash[0m = 332b92b37ad5274846b346114c5839c9c34cfb1c74aa913b0748f9e13015d6d4 
[0;36mDEBUG[0m[2026-03-16 10:14:11.747]   received shard header from network in block tracker [0;36mshard[0m = 0 [0;36mepoch[0m = 0 [0;36mround[0m = 465 [0;36mnonce[0m = 463 [0;36mhash[0m = 4b5b1569f72932a8f84e3a89d2b959891ccf8daeffda00a3454a8bc5aface2f6 
[0;36mDEBUG[0m[2026-03-16 10:14:11.747]   received shard header from network in block tracker [0;36mshard[0m = 0 [0;36mepoch[0m = 0 [0;36mround[0m = 466 [0;36mnonce[0m = 464 [0;36mhash[0m = 4c22587cb1af6487b045c649b60dcb8c2ec2bbe49f299ae5cad72d4f1283ec24 
[0;36mDEBUG[0m[2026-03-16 10:14:11.747]   received shard header from network in block tracker [0;36mshard[0m = 0 [0;36mepoch[0m = 0 [0;36mround[0m = 467 [0;36mnonce[0m = 465 [0;36mhash[0m = eca79f609a369554dee05cd0d1014647b41a1f15635497fd0a8cffe404dc41ff 
[0;36mDEBUG[0m[2026-03-16 10:14:11.747]   received shard header from network in block tracker [0;36mshard[0m = 0 [0;36mepoch[0m = 0 [0;36mround[0m = 468 [0;36mnonce[0m = 466 [0;36mhash[0m = 7cf5c70b3c821e90f3987da10151da822a1f80fd7d42249b8eca79e946498e19 
[0;36mDEBUG[0m[2026-03-16 10:14:11.747]   received shard header from network in block tracker [0;36mshard[0m = 0 [0;36mepoch[0m = 0 [0;36mround[0m = 469 [0;36mnonce[0m = 467 [0;36mhash[0m = c782404b00813df8bc7db68d88dd2ba2b635e132e77b0824c174b707aa37210a 
[0;36mDEBUG[0m[2026-03-16 10:14:11.747]   received shard header from network in block tracker [0;36mshard[0m = 0 [0;36mepoch[0m = 0 [0;36mround[0m = 470 [0;36mnonce[0m = 468 [0;36mhash[0m = f5a76ee0947b09aebab4ac6690e5e22a5226c654192cfd69d2258b7eea5ce524 
[0;36mDEBUG[0m[2026-03-16 10:14:11.747]   received shard header from network in block tracker [0;36mshard[0m = 0 [0;36mepoch[0m = 0 [0;36mround[0m = 471 [0;36mnonce[0m = 469 [0;36mhash[0m = bcecefea874042bfe54da0e76373efb9a2a07c9fdefa3434a4f0ce8ee4e96612 
[0;36mDEBUG[0m[2026-03-16 10:14:11.747]   received shard header from network in block tracker [0;36mshard[0m = 0 [0;36mepoch[0m = 0 [0;36mround[0m = 472 [0;36mnonce[0m = 470 [0;36mhash[0m = 817b6b0394ef5ed47d8d1ee43682a10b7fea1b96feecac432536193b5561b9c0 
[0;36mDEBUG[0m[2026-03-16 10:14:11.747]   received shard header from network in block tracker [0;36mshard[0m = 0 [0;36mepoch[0m = 0 [0;36mround[0m = 473 [0;36mnonce[0m = 471 [0;36mhash[0m = daff3c826b7c6218a30e565c01235b943a4756a4d46adc891bc093f29833c750 
[0;36mDEBUG[0m[2026-03-16 10:14:11.747]   received shard header from network in block tracker [0;36mshard[0m = 0 [0;36mepoch[0m = 0 [0;36mround[0m = 474 [0;36mnonce[0m = 472 [0;36mhash[0m = f9111a27a1a96cd211c361ab7c3463deaa6a05b456140245e2159fc1dc75c1e6 
[0;36mDEBUG[0m[2026-03-16 10:14:11.747]   received shard header from network in block tracker [0;36mshard[0m = 0 [0;36mepoch[0m = 0 [0;36mround[0m = 475 [0;36mnonce[0m = 473 [0;36mhash[0m = e0bbbe6209a32f7a362d08d44ae99af57a546187d5111732da66efcbd7574b56 
[0;36mDEBUG[0m[2026-03-16 10:14:11.747]   received shard header from network in block tracker [0;36mshard[0m = 0 [0;36mepoch[0m = 0 [0;36mround[0m = 476 [0;36mnonce[0m = 474 [0;36mhash[0m = 703629408478ee9910492f68801361541272dc37b3febd493687ef3cbbd48392 
[0;36mDEBUG[0m[2026-03-16 10:14:11.747]   received shard header from network in block tracker [0;36mshard[0m = 0 [0;36mepoch[0m = 0 [0;36mround[0m = 477 [0;36mnonce[0m = 475 [0;36mhash[0m = 64240cf2a7bde3e9b235eaf497b33dbbf112dd5bad4182f221ec81a4eab3700d 
[0;36mDEBUG[0m[2026-03-16 10:14:11.747]   received shard header from network in block tracker [0;36mshard[0m = 0 [0;36mepoch[0m = 0 [0;36mround[0m = 478 [0;36mnonce[0m = 476 [0;36mhash[0m = 60805b096cd7784cf584afc4afc49baee314973e8f26e49c2f916af8b47b3101 
[0;36mDEBUG[0m[2026-03-16 10:14:11.747]   received shard header from network in block tracker [0;36mshard[0m = 0 [0;36mepoch[0m = 0 [0;36mround[0m = 479 [0;36mnonce[0m = 477 [0;36mhash[0m = 6c0c517a60877be362802e085eee452569622caa0f95bf2bb43dfa2c86ca3c10 
[0;36mDEBUG[0m[2026-03-16 10:14:11.747]   received shard header from network in block tracker [0;36mshard[0m = 0 [0;36mepoch[0m = 0 [0;36mround[0m = 480 [0;36mnonce[0m = 478 [0;36mhash[0m = 51489519e9ceba09f91311be9e83f73d95e49ac4e50f25211bd20eb1d3b8be18 
[0;36mDEBUG[0m[2026-03-16 10:14:11.748]   received shard header from network in block tracker [0;36mshard[0m = 0 [0;36mepoch[0m = 0 [0;36mround[0m = 481 [0;36mnonce[0m = 479 [0;36mhash[0m = aa8d07a98d887a5ad722fe2377ab30cc7a600c8524c4243eaf85d6317fcf2657 
[0;36mDEBUG[0m[2026-03-16 10:14:11.748]   received shard header from network in block tracker [0;36mshard[0m = 0 [0;36mepoch[0m = 0 [0;36mround[0m = 482 [0;36mnonce[0m = 480 [0;36mhash[0m = 5055539fe4cebee739849df1554d7d4ef6e37c6c890caad7a9796a70ae4b87af 
[0;36mDEBUG[0m[2026-03-16 10:14:11.748]   received shard header from network in block tracker [0;36mshard[0m = 0 [0;36mepoch[0m = 0 [0;36mround[0m = 483 [0;36mnonce[0m = 481 [0;36mhash[0m = 838662bc870f1ec7c973f65bb1d44159d2c75015f5421e75e8cb77500fc9c242 
[0;36mDEBUG[0m[2026-03-16 10:14:11.748]   received shard header from network in block tracker [0;36mshard[0m = 0 [0;36mepoch[0m = 0 [0;36mround[0m = 484 [0;36mnonce[0m = 482 [0;36mhash[0m = f4903af990cae6223b7afd46b6792f4516436d9191d015e7382089db1c881aeb 
[0;36mDEBUG[0m[2026-03-16 10:14:11.748]   received shard header from network in block tracker [0;36mshard[0m = 0 [0;36mepoch[0m = 0 [0;36mround[0m = 485 [0;36mnonce[0m = 483 [0;36mhash[0m = ac166aa40e4fb71d108ce35f587adfec624c6a3db5af7aaaaf9d30f8ff59c742 
[0;36mDEBUG[0m[2026-03-16 10:14:11.748]   received shard header from network in block tracker [0;36mshard[0m = 0 [0;36mepoch[0m = 0 [0;36mround[0m = 486 [0;36mnonce[0m = 484 [0;36mhash[0m = 7a702102a7c6fa4a070dadacf5d9f14bfe5b92cd7dcbd8447bcb1a5f5db79b9c 
[0;36mDEBUG[0m[2026-03-16 10:14:11.748]   received shard header from network in block tracker [0;36mshard[0m = 0 [0;36mepoch[0m = 0 [0;36mround[0m = 487 [0;36mnonce[0m = 485 [0;36mhash[0m = 64d5d52223ba0fbec5a797ccf0aff9bd7a39af0d087879790b6165c8ee90d988 
[0;36mDEBUG[0m[2026-03-16 10:14:11.748]   received shard header from network in block tracker [0;36mshard[0m = 0 [0;36mepoch[0m = 0 [0;36mround[0m = 488 [0;36mnonce[0m = 486 [0;36mhash[0m = 5d18f9ce43dcf3251de881f0afba88a44b77afa159d3005420176249782daa04 
[0;36mDEBUG[0m[2026-03-16 10:14:11.748]   received shard header from network in block tracker [0;36mshard[0m = 0 [0;36mepoch[0m = 0 [0;36mround[0m = 489 [0;36mnonce[0m = 487 [0;36mhash[0m = 96a27339f6de7daa6c67c4ed7df626438424f0ca599494db4f46d99f75a4b879 
[0;36mDEBUG[0m[2026-03-16 10:14:11.748]   received shard header from network in block tracker [0;36mshard[0m = 0 [0;36mepoch[0m = 0 [0;36mround[0m = 490 [0;36mnonce[0m = 488 [0;36mhash[0m = c5bacf969da9daf75b3900bb26004e9e30bb91e70063c1c0c804c5f387ed2065 
[0;36mDEBUG[0m[2026-03-16 10:14:11.748]   received shard header from network in block tracker [0;36mshard[0m = 0 [0;36mepoch[0m = 0 [0;36mround[0m = 491 [0;36mnonce[0m = 489 [0;36mhash[0m = 4a2a9a98e5249c7d9b9f9064278d7a7666b4da13e236f0a760c556e84a605522 
[0;36mDEBUG[0m[2026-03-16 10:14:11.748]   received shard header from network in block tracker [0;36mshard[0m = 0 [0;36mepoch[0m = 0 [0;36mround[0m = 492 [0;36mnonce[0m = 490 [0;36mhash[0m = 2e7d379f471f9ec45fd3a6670d24154b18a74fb3c7859e8604b2a38832710f07 
[0;36mDEBUG[0m[2026-03-16 10:14:11.748]   received shard header from network in block tracker [0;36mshard[0m = 0 [0;36mepoch[0m = 0 [0;36mround[0m = 493 [0;36mnonce[0m = 491 [0;36mhash[0m = 496aae75a6f62562b8be1154de9e6f07d0c8cf9a0c22531a8b00f82c9eb8cd29 
[0;36mDEBUG[0m[2026-03-16 10:14:11.748]   received shard header from network in block tracker [0;36mshard[0m = 0 [0;36mepoch[0m = 0 [0;36mround[0m = 494 [0;36mnonce[0m = 492 [0;36mhash[0m = b4ea38f1848fa713613364ed65fc7c780959fcd46eb18651e754c2639b8a893a 
[0;36mDEBUG[0m[2026-03-16 10:14:11.748]   received shard header from network in block tracker [0;36mshard[0m = 0 [0;36mepoch[0m = 0 [0;36mround[0m = 495 [0;36mnonce[0m = 493 [0;36mhash[0m = 2ad3230f50c105d4a610d7284207a985bfd8b18ba82534bc83bda43c7ce73135 
[0;36mDEBUG[0m[2026-03-16 10:14:11.748]   received shard header from network in block tracker [0;36mshard[0m = 0 [0;36mepoch[0m = 0 [0;36mround[0m = 496 [0;36mnonce[0m = 494 [0;36mhash[0m = 4e0ccdb3d3ca02d3bbdd60c8fbf4caee402c7dbc16e7ec0120e7e91e7e14b1a5 
[0;36mDEBUG[0m[2026-03-16 10:14:11.748]   received shard header from network in block tracker [0;36mshard[0m = 0 [0;36mepoch[0m = 0 [0;36mround[0m = 497 [0;36mnonce[0m = 495 [0;36mhash[0m = 9caf11c80c0ed247b17baa78ac18621cc3fc7f269b548052c6c8e762faf3c157 
[0;36mDEBUG[0m[2026-03-16 10:14:11.748]   received shard header from network in block tracker [0;36mshard[0m = 0 [0;36mepoch[0m = 0 [0;36mround[0m = 498 [0;36mnonce[0m = 496 [0;36mhash[0m = 4510b82e6cc9cae9d128ba22d41deb708d9642547c38280f8237707317eee5f7 
[0;36mDEBUG[0m[2026-03-16 10:14:11.748]   received shard header from network in block tracker [0;36mshard[0m = 0 [0;36mepoch[0m = 0 [0;36mround[0m = 499 [0;36mnonce[0m = 497 [0;36mhash[0m = 2497580d9cfc85b22ca9daef12f779c17e1efe0761323d9bb4fbe5dc5f2d88d9 
[0;36mDEBUG[0m[2026-03-16 10:14:11.748]   received shard header from network in block tracker [0;36mshard[0m = 0 [0;36mepoch[0m = 0 [0;36mround[0m = 500 [0;36mnonce[0m = 498 [0;36mhash[0m = 6b1db471498ee73b2f2af6545fff472861ac7a26a29e4e9574d80959581281a8 
[0;36mDEBUG[0m[2026-03-16 10:14:11.748]   received shard header from network in block tracker [0;36mshard[0m = 0 [0;36mepoch[0m = 0 [0;36mround[0m = 501 [0;36mnonce[0m = 499 [0;36mhash[0m = 6cbef904fbf2123e28b8ad33cb13ae10b9b4539c8fc082cd1e6627b7a6aca694 
[0;36mDEBUG[0m[2026-03-16 10:14:11.748]   received shard header from network in block tracker [0;36mshard[0m = 0 [0;36mepoch[0m = 0 [0;36mround[0m = 502 [0;36mnonce[0m = 500 [0;36mhash[0m = 5e0678e208a75c3087188463f8335f038333954652a678e8ca445eff4aed2559 
[0;36mDEBUG[0m[2026-03-16 10:14:11.748]   received shard header from network in block tracker [0;36mshard[0m = 0 [0;36mepoch[0m = 0 [0;36mround[0m = 503 [0;36mnonce[0m = 501 [0;36mhash[0m = dd2e3f8c9fd37036e0e7e8417b499479b8f9aee5df61765b2bd05a3dc4942f13 
[0;36mDEBUG[0m[2026-03-16 10:14:11.748]   received shard header from network in block tracker [0;36mshard[0m = 0 [0;36mepoch[0m = 0 [0;36mround[0m = 504 [0;36mnonce[0m = 502 [0;36mhash[0m = d27c2a947d7bec76deeb78f3338c6b6a02189ea1123bda85d6a7ea5e59e21fd7 
[0;36mDEBUG[0m[2026-03-16 10:14:11.748]   received shard header from network in block tracker [0;36mshard[0m = 0 [0;36mepoch[0m = 0 [0;36mround[0m = 505 [0;36mnonce[0m = 503 [0;36mhash[0m = 88b1febcae599efef6dde2690440edd2ca5aeb636eff8dbd73b44a4615931e76 
[0;36mDEBUG[0m[2026-03-16 10:14:11.748]   received shard header from network in block tracker [0;36mshard[0m = 0 [0;36mepoch[0m = 0 [0;36mround[0m = 506 [0;36mnonce[0m = 504 [0;36mhash[0m = 9e4cae106812f92bc62374654b94397dba6d0d9e4a880a252a7fa46d83263d62 
[0;36mDEBUG[0m[2026-03-16 10:14:11.748]   received shard header from network in block tracker [0;36mshard[0m = 0 [0;36mepoch[0m = 0 [0;36mround[0m = 507 [0;36mnonce[0m = 505 [0;36mhash[0m = ec59bee787f1e4ca144fe6107eaff7d920f6c4fdc32f50e366cc6a9934edfc2b 
[0;36mDEBUG[0m[2026-03-16 10:14:11.748]   received shard header from network in block tracker [0;36mshard[0m = 0 [0;36mepoch[0m = 0 [0;36mround[0m = 508 [0;36mnonce[0m = 506 [0;36mhash[0m = 0e9894d7cab320ef38af562a17d111dd37ed8d8ca4dc1fd1a74516bb541916ae 
[0;36mDEBUG[0m[2026-03-16 10:14:11.748]   received shard header from network in block tracker [0;36mshard[0m = 0 [0;36mepoch[0m = 0 [0;36mround[0m = 509 [0;36mnonce[0m = 507 [0;36mhash[0m = fd285258750478397e63226a08418affc34943b18b8a40b75f325a026ad3cedd 
[0;36mDEBUG[0m[2026-03-16 10:14:11.748]   received shard header from network in block tracker [0;36mshard[0m = 0 [0;36mepoch[0m = 0 [0;36mround[0m = 510 [0;36mnonce[0m = 508 [0;36mhash[0m = 919c31fd7744413d174042057dd38b572c2c62712599c40ea1e3b0cc0e88e468 
[0;36mDEBUG[0m[2026-03-16 10:14:11.748]   received shard header from network in block tracker [0;36mshard[0m = 0 [0;36mepoch[0m = 0 [0;36mround[0m = 511 [0;36mnonce[0m = 509 [0;36mhash[0m = afd51d43f0a03b9e8c3f37ff3603d9be5b53e8fc1f0461de1514824dda6731d7 
[0;36mDEBUG[0m[2026-03-16 10:14:11.748]   received shard header from network in block tracker [0;36mshard[0m = 0 [0;36mepoch[0m = 0 [0;36mround[0m = 512 [0;36mnonce[0m = 510 [0;36mhash[0m = 511f0e4ebf1f235582dbb56756208ceb9e70a5feb40263de39db4cfb3c3e53ec 
[0;36mDEBUG[0m[2026-03-16 10:14:11.748]   received shard header from network in block tracker [0;36mshard[0m = 0 [0;36mepoch[0m = 0 [0;36mround[0m = 513 [0;36mnonce[0m = 511 [0;36mhash[0m = 8b36920e96e5aa949e02a19208b3fd7a96d62ac2112a616ef78cc197ae44aa86 
[0;36mDEBUG[0m[2026-03-16 10:14:11.748]   received shard header from network in block tracker [0;36mshard[0m = 0 [0;36mepoch[0m = 0 [0;36mround[0m = 514 [0;36mnonce[0m = 512 [0;36mhash[0m = 6d418c494df6ed10290e2ad2cf8ce887d7031b6076ee7fd98f15e9b2a457d56e 
[0;36mDEBUG[0m[2026-03-16 10:14:11.748]   received shard header from network in block tracker [0;36mshard[0m = 0 [0;36mepoch[0m = 0 [0;36mround[0m = 515 [0;36mnonce[0m = 513 [0;36mhash[0m = fe2a4b9ca15e4f7e32597834c712c46cc36309f070077965e33ae307329652b9 
[0;36mDEBUG[0m[2026-03-16 10:14:11.748]   received shard header from network in block tracker [0;36mshard[0m = 0 [0;36mepoch[0m = 0 [0;36mround[0m = 516 [0;36mnonce[0m = 514 [0;36mhash[0m = 9aa2197dbb2d63d3ec10f7f458000136981bbe2fa4f78a34831478f6869d9841 
[0;36mDEBUG[0m[2026-03-16 10:14:11.748]   received shard header from network in block tracker [0;36mshard[0m = 0 [0;36mepoch[0m = 0 [0;36mround[0m = 517 [0;36mnonce[0m = 515 [0;36mhash[0m = af5d5a5196a17e0781022b1d37278ea3dec67843eee3e578c94a6635a8ccc114 
[0;36mDEBUG[0m[2026-03-16 10:14:11.748]   received shard header from network in block tracker [0;36mshard[0m = 0 [0;36mepoch[0m = 0 [0;36mround[0m = 518 [0;36mnonce[0m = 516 [0;36mhash[0m = 17c3ba4ca0a4762e396e89ddb1d2b0780420ba30e8c444f71c94916fdf529bb8 
[0;36mDEBUG[0m[2026-03-16 10:14:11.748]   received shard header from network in block tracker [0;36mshard[0m = 0 [0;36mepoch[0m = 0 [0;36mround[0m = 519 [0;36mnonce[0m = 517 [0;36mhash[0m = ebab0475214bf1f915cbdf98c86b22339f2c4d4e64f05109f979f5c4f9f906ab 
[0;36mDEBUG[0m[2026-03-16 10:14:11.748]   received shard header from network in block tracker [0;36mshard[0m = 0 [0;36mepoch[0m = 0 [0;36mround[0m = 520 [0;36mnonce[0m = 518 [0;36mhash[0m = 59626fde409b652b51d85970706896e1acba0f36197b5e3f396ef1de3f38d31d 
[0;36mDEBUG[0m[2026-03-16 10:14:11.748]   received shard header from network in block tracker [0;36mshard[0m = 0 [0;36mepoch[0m = 0 [0;36mround[0m = 521 [0;36mnonce[0m = 519 [0;36mhash[0m = f5cb5ca29998f3eddeb39cb1c5cf53cb2b4c519380a07ff6381bdfa5832c1036 
[0;36mDEBUG[0m[2026-03-16 10:14:11.748]   received shard header from network in block tracker [0;36mshard[0m = 0 [0;36mepoch[0m = 0 [0;36mround[0m = 522 [0;36mnonce[0m = 520 [0;36mhash[0m = 511f323665ed1d1a5d52bf252d61a94d142b3053c3ad67324b79ababa28d6766 
[0;36mDEBUG[0m[2026-03-16 10:14:11.748]   received shard header from network in block tracker [0;36mshard[0m = 0 [0;36mepoch[0m = 0 [0;36mround[0m = 523 [0;36mnonce[0m = 521 [0;36mhash[0m = 4df9d397b15464069cf2f10847a548e2dffa9e23933bd99f6f1a531558160d17 
[0;36mDEBUG[0m[2026-03-16 10:14:11.748]   received shard header from network in block tracker [0;36mshard[0m = 0 [0;36mepoch[0m = 0 [0;36mround[0m = 524 [0;36mnonce[0m = 522 [0;36mhash[0m = 05a261bc66d301e457470ce92e30968cbcfcf0bbd4f685d1f7a7b2d102d54e11 
[0;36mDEBUG[0m[2026-03-16 10:14:11.748]   received shard header from network in block tracker [0;36mshard[0m = 0 [0;36mepoch[0m = 0 [0;36mround[0m = 525 [0;36mnonce[0m = 523 [0;36mhash[0m = fb0b33a68c2b5f5ef0a7c332ce3c9009d59b1a4ad82aad4716779db35ea6b3f5 
[0;36mDEBUG[0m[2026-03-16 10:14:11.748]   received shard header from network in block tracker [0;36mshard[0m = 0 [0;36mepoch[0m = 0 [0;36mround[0m = 526 [0;36mnonce[0m = 524 [0;36mhash[0m = 70d76300310260db8b32da0d74d242a99cea0f32b99b79d4d4b730cb7313763d 
[0;36mDEBUG[0m[2026-03-16 10:14:11.748]   received shard header from network in block tracker [0;36mshard[0m = 0 [0;36mepoch[0m = 0 [0;36mround[0m = 527 [0;36mnonce[0m = 525 [0;36mhash[0m = e9b093ed122acaebc63cb8e96189bc365431c3649ffcb2c8ee916d0d46b03feb 
[0;36mDEBUG[0m[2026-03-16 10:14:11.748]   received shard header from network in block tracker [0;36mshard[0m = 0 [0;36mepoch[0m = 0 [0;36mround[0m = 528 [0;36mnonce[0m = 526 [0;36mhash[0m = dce993f7b9dd6df92614e1a8e0053e1bd3c7e1102a6233fe160c61e70d3ee7be 
[0;36mDEBUG[0m[2026-03-16 10:14:11.748]   received shard header from network in block tracker [0;36mshard[0m = 0 [0;36mepoch[0m = 0 [0;36mround[0m = 529 [0;36mnonce[0m = 527 [0;36mhash[0m = cc6be77848351be3762b22f8e8bd8b4162ce588c74370a9b6a900e0f697b9284 
[0;36mDEBUG[0m[2026-03-16 10:14:11.748]   received shard header from network in block tracker [0;36mshard[0m = 0 [0;36mepoch[0m = 0 [0;36mround[0m = 530 [0;36mnonce[0m = 528 [0;36mhash[0m = 1a1f0a680259a1b3f55586dfbed84fcb1efe4191fcf20ae70dfd29ebdec4487d 
[0;36mDEBUG[0m[2026-03-16 10:14:11.748]   received shard header from network in block tracker [0;36mshard[0m = 0 [0;36mepoch[0m = 0 [0;36mround[0m = 531 [0;36mnonce[0m = 529 [0;36mhash[0m = d6fe668f3ec26b51f0eaa822402ae86a81b473798e52d1120af6521137a23504 
[0;36mDEBUG[0m[2026-03-16 10:14:11.748]   received shard header from network in block tracker [0;36mshard[0m = 0 [0;36mepoch[0m = 0 [0;36mround[0m = 532 [0;36mnonce[0m = 530 [0;36mhash[0m = 8368ff665b89566bea8ed2cb6528a500e70b2cfe29ff34b6e698bce798551b23 
[0;36mDEBUG[0m[2026-03-16 10:14:11.748]   received shard header from network in block tracker [0;36mshard[0m = 0 [0;36mepoch[0m = 0 [0;36mround[0m = 533 [0;36mnonce[0m = 531 [0;36mhash[0m = 5d69a96a7775f62cea4446a4371e9e5334ceda14fce32a63e8f62d88afd336dc 
[0;36mDEBUG[0m[2026-03-16 10:14:11.748]   received shard header from network in block tracker [0;36mshard[0m = 0 [0;36mepoch[0m = 0 [0;36mround[0m = 534 [0;36mnonce[0m = 532 [0;36mhash[0m = 03ea2df490d6a253782d903d7882d534c587300f8641cd1b90a0357623f3163e 
[0;36mDEBUG[0m[2026-03-16 10:14:11.748]   received shard header from network in block tracker [0;36mshard[0m = 0 [0;36mepoch[0m = 0 [0;36mround[0m = 535 [0;36mnonce[0m = 533 [0;36mhash[0m = dad92cd0e6fc261d4ab0c40509f5af8de83325b9fe2b632bd478695f87fdcd64 
[0;36mDEBUG[0m[2026-03-16 10:14:11.748]   received shard header from network in block tracker [0;36mshard[0m = 0 [0;36mepoch[0m = 0 [0;36mround[0m = 536 [0;36mnonce[0m = 534 [0;36mhash[0m = 2eebf26a01896528df59cb978d7d58dcd566f71904ec42afd863784946f694a2 
[0;36mDEBUG[0m[2026-03-16 10:14:11.748]   received shard header from network in block tracker [0;36mshard[0m = 0 [0;36mepoch[0m = 0 [0;36mround[0m = 537 [0;36mnonce[0m = 535 [0;36mhash[0m = c27565b6728c7b6a33909c14bc69eec48b840a4abee577bf4beae9f444fc7810 
[0;36mDEBUG[0m[2026-03-16 10:14:11.748]   received shard header from network in block tracker [0;36mshard[0m = 0 [0;36mepoch[0m = 0 [0;36mround[0m = 538 [0;36mnonce[0m = 536 [0;36mhash[0m = d97df9b9561ef79eb3b8279fbcb67adeae8196d82b5c8bda24f3ca833fb8a768 
[0;36mDEBUG[0m[2026-03-16 10:14:11.748]   received shard header from network in block tracker [0;36mshard[0m = 0 [0;36mepoch[0m = 0 [0;36mround[0m = 539 [0;36mnonce[0m = 537 [0;36mhash[0m = ac4ec1cc652a1809c97b8d44ed0db1bd8442e648243105d9e6bf15c96e476e08 
[0;36mDEBUG[0m[2026-03-16 10:14:11.748]   received shard header from network in block tracker [0;36mshard[0m = 0 [0;36mepoch[0m = 0 [0;36mround[0m = 540 [0;36mnonce[0m = 538 [0;36mhash[0m = 530b56e94cd3b9820355ad3059b50f2f0706c8f0a60e1e77a5f2e8eab65196fa 
[0;36mDEBUG[0m[2026-03-16 10:14:11.748]   received shard header from network in block tracker [0;36mshard[0m = 0 [0;36mepoch[0m = 0 [0;36mround[0m = 541 [0;36mnonce[0m = 539 [0;36mhash[0m = 9cb405c8835c5af27dbd90844acb2957678e46be8abcdc346874139a91c6ffb2 
[0;36mDEBUG[0m[2026-03-16 10:14:11.748]   received shard header from network in block tracker [0;36mshard[0m = 0 [0;36mepoch[0m = 0 [0;36mround[0m = 542 [0;36mnonce[0m = 540 [0;36mhash[0m = ad7cca5bfb583ce2ebc8ddbc299ba6d9e512295677ec0de8e6890fa590f37281 
[0;36mDEBUG[0m[2026-03-16 10:14:11.748]   received shard header from network in block tracker [0;36mshard[0m = 0 [0;36mepoch[0m = 0 [0;36mround[0m = 543 [0;36mnonce[0m = 541 [0;36mhash[0m = 08bd9162ba20558bc9e56cee40f62b16c1948714d6adb355bf95491e0e4d18e9 
[0;36mDEBUG[0m[2026-03-16 10:14:11.748]   received shard header from network in block tracker [0;36mshard[0m = 0 [0;36mepoch[0m = 0 [0;36mround[0m = 544 [0;36mnonce[0m = 542 [0;36mhash[0m = 80d80c607ab60a6ff055813e1511342b4a4b218699b3d50910a06d9cf2121a28 
[0;36mDEBUG[0m[2026-03-16 10:14:11.748]   received shard header from network in block tracker [0;36mshard[0m = 0 [0;36mepoch[0m = 0 [0;36mround[0m = 545 [0;36mnonce[0m = 543 [0;36mhash[0m = 82cf795c8b49edc5c344bb4384986a8752373b8ff5eb445dd2c0d4654ad82acc 
[0;36mDEBUG[0m[2026-03-16 10:14:11.748]   received shard header from network in block tracker [0;36mshard[0m = 0 [0;36mepoch[0m = 0 [0;36mround[0m = 546 [0;36mnonce[0m = 544 [0;36mhash[0m = 19d99c6578cb4c22886da538c713a3cc6b0d1b5dcf98570eaa8dbecc5b9773ac 
[0;36mDEBUG[0m[2026-03-16 10:14:11.748]   received shard header from network in block tracker [0;36mshard[0m = 0 [0;36mepoch[0m = 0 [0;36mround[0m = 547 [0;36mnonce[0m = 545 [0;36mhash[0m = 0fcc35087f7ea6f3ef2c6eb4b4dc895d26d7e317bf96a1661bb7f1c982df6ed7 
[0;36mDEBUG[0m[2026-03-16 10:14:11.748]   received shard header from network in block tracker [0;36mshard[0m = 0 [0;36mepoch[0m = 0 [0;36mround[0m = 548 [0;36mnonce[0m = 546 [0;36mhash[0m = 418b37e4b7fdcaedba8b7a9576f9faa35ecc4b20cd52828859f8d027031b43d0 
[0;36mDEBUG[0m[2026-03-16 10:14:11.748]   received shard header from network in block tracker [0;36mshard[0m = 0 [0;36mepoch[0m = 0 [0;36mround[0m = 549 [0;36mnonce[0m = 547 [0;36mhash[0m = a21070fbd72379729a44a579c13084b81118d996822551762077bd8bff15b2cd 
[0;36mDEBUG[0m[2026-03-16 10:14:11.748]   received shard header from network in block tracker [0;36mshard[0m = 0 [0;36mepoch[0m = 0 [0;36mround[0m = 550 [0;36mnonce[0m = 548 [0;36mhash[0m = fb8b084b4ba9d475814f2e71a7b2a98860858ee037631d5e1ef0d20e3437a09b 
[0;36mDEBUG[0m[2026-03-16 10:14:11.748]   received shard header from network in block tracker [0;36mshard[0m = 0 [0;36mepoch[0m = 0 [0;36mround[0m = 551 [0;36mnonce[0m = 549 [0;36mhash[0m = c2cf8208f0fc786fe78f27cbfd307676f2ffae6769db94b1ebf996c681a79c08 
[0;36mDEBUG[0m[2026-03-16 10:14:11.748]   received shard header from network in block tracker [0;36mshard[0m = 0 [0;36mepoch[0m = 0 [0;36mround[0m = 552 [0;36mnonce[0m = 550 [0;36mhash[0m = 1460c398c6f366ca5abab3236b072ff58ce36e9fd90918b2608d29da8f63c3d2 
[0;36mDEBUG[0m[2026-03-16 10:14:11.748]   received shard header from network in block tracker [0;36mshard[0m = 0 [0;36mepoch[0m = 0 [0;36mround[0m = 553 [0;36mnonce[0m = 551 [0;36mhash[0m = 5f8c7b451650624c9a0ea775a4009ed9a6080b1d2fac16b26aa0c1c92ad1eed3 
[0;36mDEBUG[0m[2026-03-16 10:14:11.748]   received shard header from network in block tracker [0;36mshard[0m = 0 [0;36mepoch[0m = 0 [0;36mround[0m = 554 [0;36mnonce[0m = 552 [0;36mhash[0m = 419bf01a76ae9455445e8449bea5211ba5357ccdb347fd8fda5465d5067c10ab 
[0;36mDEBUG[0m[2026-03-16 10:14:11.748]   received shard header from network in block tracker [0;36mshard[0m = 0 [0;36mepoch[0m = 0 [0;36mround[0m = 555 [0;36mnonce[0m = 553 [0;36mhash[0m = 6b5740adebe3ee40579a02e3a10cb14174abdb1546f38f5dbf2565cc356981b1 
[0;36mDEBUG[0m[2026-03-16 10:14:11.748]   received shard header from network in block tracker [0;36mshard[0m = 0 [0;36mepoch[0m = 0 [0;36mround[0m = 556 [0;36mnonce[0m = 554 [0;36mhash[0m = a119d2cb141991901b17718e2fafdbe4ae2b1c98c16fa9ad0c28fc6391c127e5 
[0;36mDEBUG[0m[2026-03-16 10:14:11.748]   received shard header from network in block tracker [0;36mshard[0m = 0 [0;36mepoch[0m = 0 [0;36mround[0m = 557 [0;36mnonce[0m = 555 [0;36mhash[0m = 9733d3a79287bf4264629c757c865940cd7562f7d2a7250b9198d2f80a44af5b 
[0;36mDEBUG[0m[2026-03-16 10:14:11.748]   received shard header from network in block tracker [0;36mshard[0m = 0 [0;36mepoch[0m = 0 [0;36mround[0m = 558 [0;36mnonce[0m = 556 [0;36mhash[0m = 759b1c595a7771e9ce704dcfbe41eac6e3bb832fee4ae8e2e5c3d61beb083aca 
[0;36mDEBUG[0m[2026-03-16 10:14:11.748]   received shard header from network in block tracker [0;36mshard[0m = 0 [0;36mepoch[0m = 0 [0;36mround[0m = 559 [0;36mnonce[0m = 557 [0;36mhash[0m = 571dd9a2132e79bfe9a3ebdccc7a781263f365f25e16c3a2a6892f4838fe11ed 
[0;36mDEBUG[0m[2026-03-16 10:14:11.748]   received shard header from network in block tracker [0;36mshard[0m = 0 [0;36mepoch[0m = 0 [0;36mround[0m = 560 [0;36mnonce[0m = 558 [0;36mhash[0m = b57a77808cfa963fe31e933330cb778d916790796dfdf065417ee9f72b41aded 
[0;36mDEBUG[0m[2026-03-16 10:14:11.748]   received shard header from network in block tracker [0;36mshard[0m = 0 [0;36mepoch[0m = 0 [0;36mround[0m = 561 [0;36mnonce[0m = 559 [0;36mhash[0m = d51bbbad03888b0e05af691061a54df12acbf721d778bde2e89a901b432b35c6 
[0;36mDEBUG[0m[2026-03-16 10:14:11.748]   received shard header from network in block tracker [0;36mshard[0m = 0 [0;36mepoch[0m = 0 [0;36mround[0m = 562 [0;36mnonce[0m = 560 [0;36mhash[0m = abbb829048b6c613afafbc8fafa69e9e75f017ea6129cfa70e289a257b7f7781 
[0;36mDEBUG[0m[2026-03-16 10:14:11.748]   received shard header from network in block tracker [0;36mshard[0m = 0 [0;36mepoch[0m = 0 [0;36mround[0m = 563 [0;36mnonce[0m = 561 [0;36mhash[0m = 9f2fd592a7d1a2d2a417d9a5d352a6c9673cb7803b8743428bbd2666161bbd5c 
[0;36mDEBUG[0m[2026-03-16 10:14:11.748]   received shard header from network in block tracker [0;36mshard[0m = 0 [0;36mepoch[0m = 0 [0;36mround[0m = 564 [0;36mnonce[0m = 562 [0;36mhash[0m = e084a90b525badb0f7003094fd6c47451fe2a76a20a57b245aedada2db7a9f24 
[0;36mDEBUG[0m[2026-03-16 10:14:11.748]   received shard header from network in block tracker [0;36mshard[0m = 0 [0;36mepoch[0m = 0 [0;36mround[0m = 565 [0;36mnonce[0m = 563 [0;36mhash[0m = b382242f2d98faca8d58a21eaeee8ddb9e455c60f072a9321ab3ac9ab0cb6f18 
[0;36mDEBUG[0m[2026-03-16 10:14:11.748]   received shard header from network in block tracker [0;36mshard[0m = 0 [0;36mepoch[0m = 0 [0;36mround[0m = 566 [0;36mnonce[0m = 564 [0;36mhash[0m = b716634cd0f1eb263ad90b33dbaa253a0f9d3a7f1dadc4a60fabb5b3605ab2a7 
[0;36mDEBUG[0m[2026-03-16 10:14:11.748]   received shard header from network in block tracker [0;36mshard[0m = 0 [0;36mepoch[0m = 0 [0;36mround[0m = 567 [0;36mnonce[0m = 565 [0;36mhash[0m = 08576993b9f7615cdc13bfd5a5ecc74404a0c1c8d13aafffe94c389edff4d373 
[0;36mDEBUG[0m[2026-03-16 10:14:11.748]   received shard header from network in block tracker [0;36mshard[0m = 0 [0;36mepoch[0m = 0 [0;36mround[0m = 568 [0;36mnonce[0m = 566 [0;36mhash[0m = 3fac31b5899459da61d096c95a42091fbb3cdc1ab7277bb43793b68a3093eed8 
[0;36mDEBUG[0m[2026-03-16 10:14:11.748]   received shard header from network in block tracker [0;36mshard[0m = 0 [0;36mepoch[0m = 0 [0;36mround[0m = 569 [0;36mnonce[0m = 567 [0;36mhash[0m = 0517caf0a6beeefbe0698c87670bf06d35b1af6c3b0a1b94db736255f98359e8 
[0;36mDEBUG[0m[2026-03-16 10:14:11.748]   received shard header from network in block tracker [0;36mshard[0m = 0 [0;36mepoch[0m = 0 [0;36mround[0m = 570 [0;36mnonce[0m = 568 [0;36mhash[0m = ff55f433b48eb53274a0941797adeb4b8d751d687dbba8dbbc0c2b090c12b58f 
[0;36mDEBUG[0m[2026-03-16 10:14:11.748]   received shard header from network in block tracker [0;36mshard[0m = 0 [0;36mepoch[0m = 0 [0;36mround[0m = 571 [0;36mnonce[0m = 569 [0;36mhash[0m = 4ede9f445f0172c0263eacf7dadea38a92442ad3d2da82b667aa898daecf3703 
[0;36mDEBUG[0m[2026-03-16 10:14:11.748]   received shard header from network in block tracker [0;36mshard[0m = 0 [0;36mepoch[0m = 0 [0;36mround[0m = 572 [0;36mnonce[0m = 570 [0;36mhash[0m = 2bff572f911ba9761c49672f0bf66550c71c2f42fac310fabace3e18069e3c79 
[0;36mDEBUG[0m[2026-03-16 10:14:11.748]   received shard header from network in block tracker [0;36mshard[0m = 0 [0;36mepoch[0m = 0 [0;36mround[0m = 573 [0;36mnonce[0m = 571 [0;36mhash[0m = 9b13395fde5474e62dd16a7fc5698e9cc32c31f4939865c48f4956403546d079 
[0;36mDEBUG[0m[2026-03-16 10:14:11.748]   received shard header from network in block tracker [0;36mshard[0m = 0 [0;36mepoch[0m = 0 [0;36mround[0m = 574 [0;36mnonce[0m = 572 [0;36mhash[0m = edbccad49203340d7b774cc56ec9cdb3656db8706ec33d835d6e033e9c04ee61 
[0;36mDEBUG[0m[2026-03-16 10:14:11.748]   received shard header from network in block tracker [0;36mshard[0m = 0 [0;36mepoch[0m = 0 [0;36mround[0m = 575 [0;36mnonce[0m = 573 [0;36mhash[0m = e50f154de8e22bc40de6c8a91aadb65c1773f7e38f928a72566094959f4748b5 
[0;36mDEBUG[0m[2026-03-16 10:14:11.748]   received shard header from network in block tracker [0;36mshard[0m = 0 [0;36mepoch[0m = 0 [0;36mround[0m = 576 [0;36mnonce[0m = 574 [0;36mhash[0m = ead4664baf522c1659bfbaa058a87d2fff201a94dedda9ccf27ba71e0697691a 
[0;36mDEBUG[0m[2026-03-16 10:14:11.748]   received shard header from network in block tracker [0;36mshard[0m = 0 [0;36mepoch[0m = 0 [0;36mround[0m = 577 [0;36mnonce[0m = 575 [0;36mhash[0m = 630d25e736c63ac4c8b94b6f14e90f93d1b737d4f1393944f5fdcbcffcca7ce6 
[0;36mDEBUG[0m[2026-03-16 10:14:11.748]   received shard header from network in block tracker [0;36mshard[0m = 0 [0;36mepoch[0m = 0 [0;36mround[0m = 578 [0;36mnonce[0m = 576 [0;36mhash[0m = eb86c5aac26bd674a83bcfa8d69519f7fbdab1eba7c84fd19dc65457fc85c27f 
[0;36mDEBUG[0m[2026-03-16 10:14:11.748]   received shard header from network in block tracker [0;36mshard[0m = 0 [0;36mepoch[0m = 0 [0;36mround[0m = 579 [0;36mnonce[0m = 577 [0;36mhash[0m = 990628ad86c5ec1aa3395778f3a72845d66e5c2bb3d6b9f1cfd55dd4de14874f 
[0;36mDEBUG[0m[2026-03-16 10:14:11.748]   received shard header from network in block tracker [0;36mshard[0m = 0 [0;36mepoch[0m = 0 [0;36mround[0m = 580 [0;36mnonce[0m = 578 [0;36mhash[0m = 913ff3cbba2b51d628a4993b9028829c5f171182936d164f15dc43a5b3141a60 
[0;36mDEBUG[0m[2026-03-16 10:14:11.748]   received shard header from network in block tracker [0;36mshard[0m = 0 [0;36mepoch[0m = 0 [0;36mround[0m = 581 [0;36mnonce[0m = 579 [0;36mhash[0m = fa3b96906d05bf0f3b983c379bf3f3e5064047fa0e166fc17489a89ad19b357a 
[0;36mDEBUG[0m[2026-03-16 10:14:11.748]   received shard header from network in block tracker [0;36mshard[0m = 0 [0;36mepoch[0m = 0 [0;36mround[0m = 582 [0;36mnonce[0m = 580 [0;36mhash[0m = 3ab27eb26af19e13c6fe2580ffdcd1cf8f43a0b2dddf300cf25c38062b78cd39 
[0;36mDEBUG[0m[2026-03-16 10:14:11.748]   received shard header from network in block tracker [0;36mshard[0m = 0 [0;36mepoch[0m = 0 [0;36mround[0m = 583 [0;36mnonce[0m = 581 [0;36mhash[0m = a5e33e836ebf40c6ff1837e79437fa57caacd2e085a0e770b2aeaa9953b78f3d 
[0;36mDEBUG[0m[2026-03-16 10:14:11.748]   received shard header from network in block tracker [0;36mshard[0m = 0 [0;36mepoch[0m = 0 [0;36mround[0m = 584 [0;36mnonce[0m = 582 [0;36mhash[0m = e524e545e9fe42ebb17a0fd50b47e5f543f4a554ca253df0caa7b4de39185703 
[0;36mDEBUG[0m[2026-03-16 10:14:11.748]   received shard header from network in block tracker [0;36mshard[0m = 0 [0;36mepoch[0m = 0 [0;36mround[0m = 585 [0;36mnonce[0m = 583 [0;36mhash[0m = 5cc275d8910aa99a99ddd64539a5155eb4510d66158e4efe3f61ca27ffd59871 
[0;36mDEBUG[0m[2026-03-16 10:14:11.748]   received shard header from network in block tracker [0;36mshard[0m = 0 [0;36mepoch[0m = 0 [0;36mround[0m = 586 [0;36mnonce[0m = 584 [0;36mhash[0m = 3a85310baee8fd9064843b0e175235fe251594435b12957e3a2aaed1077c6a18 
[0;36mDEBUG[0m[2026-03-16 10:14:11.748]   received shard header from network in block tracker [0;36mshard[0m = 0 [0;36mepoch[0m = 0 [0;36mround[0m = 587 [0;36mnonce[0m = 585 [0;36mhash[0m = f42c698e915bce5c274773d9274642d64d13d9b7da377e6b67661f3792919823 
[0;36mDEBUG[0m[2026-03-16 10:14:11.748]   received shard header from network in block tracker [0;36mshard[0m = 0 [0;36mepoch[0m = 0 [0;36mround[0m = 588 [0;36mnonce[0m = 586 [0;36mhash[0m = 30bb57a18d12e3f452b2eb886786c4ee70ad241a1834285b38adb8ff80c03332 
[0;36mDEBUG[0m[2026-03-16 10:14:11.748]   received shard header from network in block tracker [0;36mshard[0m = 0 [0;36mepoch[0m = 0 [0;36mround[0m = 589 [0;36mnonce[0m = 587 [0;36mhash[0m = e3e0b8926bd484470af6d0a10082bd42f3caf8c38e4f295a746c574ffe391809 
[0;36mDEBUG[0m[2026-03-16 10:14:11.748]   received shard header from network in block tracker [0;36mshard[0m = 0 [0;36mepoch[0m = 0 [0;36mround[0m = 590 [0;36mnonce[0m = 588 [0;36mhash[0m = efe2380034e7d4eb01560fe56e844ff4b4c55c9d30484ab323ce93c931857183 
[0;36mDEBUG[0m[2026-03-16 10:14:11.748]   received shard header from network in block tracker [0;36mshard[0m = 0 [0;36mepoch[0m = 0 [0;36mround[0m = 591 [0;36mnonce[0m = 589 [0;36mhash[0m = 2e5a37ae37ead20d988814c68983abdf766e2b3c2daf478a5dbe5c4762458a63 
[0;36mDEBUG[0m[2026-03-16 10:14:11.748]   received shard header from network in block tracker [0;36mshard[0m = 0 [0;36mepoch[0m = 0 [0;36mround[0m = 592 [0;36mnonce[0m = 590 [0;36mhash[0m = b2b585061cf1bf1414761cc76eaafc73708b0d299ce0290b1d2ac8248dae1b02 
[0;36mDEBUG[0m[2026-03-16 10:14:11.748]   received shard header from network in block tracker [0;36mshard[0m = 0 [0;36mepoch[0m = 0 [0;36mround[0m = 593 [0;36mnonce[0m = 591 [0;36mhash[0m = 64f21477db5f472612a253e0d9d6f866b029caac43f0b1c78c304a5abdea30ac 
[0;36mDEBUG[0m[2026-03-16 10:14:11.748]   received shard header from network in block tracker [0;36mshard[0m = 0 [0;36mepoch[0m = 0 [0;36mround[0m = 594 [0;36mnonce[0m = 592 [0;36mhash[0m = d4a78b97357d1fda0581365912b46e2aab58382c7bff54385c2b56129a819bf8 
[0;36mDEBUG[0m[2026-03-16 10:14:11.748]   received shard header from network in block tracker [0;36mshard[0m = 0 [0;36mepoch[0m = 0 [0;36mround[0m = 595 [0;36mnonce[0m = 593 [0;36mhash[0m = d94c7cc6fb60048a4d6601256030602500d116402a7b8c09e9874bc1f51c35ee 
[0;36mDEBUG[0m[2026-03-16 10:14:11.748]   received shard header from network in block tracker [0;36mshard[0m = 0 [0;36mepoch[0m = 0 [0;36mround[0m = 596 [0;36mnonce[0m = 594 [0;36mhash[0m = 689680a674ab7d9683c466024e0e5e60b2645f49b4ad6b3797ae008e8e875de4 
[0;36mDEBUG[0m[2026-03-16 10:14:11.748]   received shard header from network in block tracker [0;36mshard[0m = 0 [0;36mepoch[0m = 0 [0;36mround[0m = 597 [0;36mnonce[0m = 595 [0;36mhash[0m = 875d766e49a9d0ce440716dc6a9d732209cb291628f06a518ccfc5e4831854d6 
[0;36mDEBUG[0m[2026-03-16 10:14:11.748]   received shard header from network in block tracker [0;36mshard[0m = 0 [0;36mepoch[0m = 0 [0;36mround[0m = 598 [0;36mnonce[0m = 596 [0;36mhash[0m = 663970cbf866884f4d854ce895854aa90df1c3595fb5881f818518ab87c7c116 
[0;36mDEBUG[0m[2026-03-16 10:14:11.748]   received shard header from network in block tracker [0;36mshard[0m = 0 [0;36mepoch[0m = 0 [0;36mround[0m = 599 [0;36mnonce[0m = 597 [0;36mhash[0m = ed03ff7031379572430f843373cb4e282f44f9112996e4a415b1b923765d79e1 
[0;36mDEBUG[0m[2026-03-16 10:14:11.748]   received shard header from network in block tracker [0;36mshard[0m = 0 [0;36mepoch[0m = 0 [0;36mround[0m = 600 [0;36mnonce[0m = 598 [0;36mhash[0m = 01c23c09f31e61c9c98160c39f76539380aa8f1a004fda35b61bf0eb4b35d831 
[0;36mDEBUG[0m[2026-03-16 10:14:11.748]   received shard header from network in block tracker [0;36mshard[0m = 0 [0;36mepoch[0m = 0 [0;36mround[0m = 601 [0;36mnonce[0m = 599 [0;36mhash[0m = 9dc46ee048325257c577eb855442a25c239e18b3b11e5c850924f27c586f0ec4 
[0;36mDEBUG[0m[2026-03-16 10:14:11.748]   received shard header from network in block tracker [0;36mshard[0m = 0 [0;36mepoch[0m = 0 [0;36mround[0m = 602 [0;36mnonce[0m = 600 [0;36mhash[0m = 93c201401e4899f600a917b85ea390f1889e4ea05214d2f2f70c9da485ad64f9 
[0;36mDEBUG[0m[2026-03-16 10:14:11.748]   received shard header from network in block tracker [0;36mshard[0m = 0 [0;36mepoch[0m = 0 [0;36mround[0m = 603 [0;36mnonce[0m = 601 [0;36mhash[0m = bee0dd01c72aa99831c4f0a169faf71d95748fba5692b315648b9c962733286b 
[0;36mDEBUG[0m[2026-03-16 10:14:11.748]   received shard header from network in block tracker [0;36mshard[0m = 0 [0;36mepoch[0m = 0 [0;36mround[0m = 604 [0;36mnonce[0m = 602 [0;36mhash[0m = 59236af41bdf3dba856962cd7cada21bc781d8b3544e46b238c90db49b19e613 
[0;36mDEBUG[0m[2026-03-16 10:14:11.748]   received shard header from network in block tracker [0;36mshard[0m = 0 [0;36mepoch[0m = 0 [0;36mround[0m = 605 [0;36mnonce[0m = 603 [0;36mhash[0m = cdc8452953b8554f4069be539835c8c4de7db22e55671555b6f9e76fb368347e 
[0;36mDEBUG[0m[2026-03-16 10:14:11.748]   received shard header from network in block tracker [0;36mshard[0m = 0 [0;36mepoch[0m = 0 [0;36mround[0m = 606 [0;36mnonce[0m = 604 [0;36mhash[0m = c7a1241dfec7d653445bdf8336b28f1f68752bc89cdcd70f410f1c341c03b5b0 
[0;36mDEBUG[0m[2026-03-16 10:14:11.748]   received shard header from network in block tracker [0;36mshard[0m = 0 [0;36mepoch[0m = 0 [0;36mround[0m = 607 [0;36mnonce[0m = 605 [0;36mhash[0m = 7bfd141cab2c140bea18c1ad54ee76b503a09f37e22193226869bd3bdd34dc4b 
[0;36mDEBUG[0m[2026-03-16 10:14:11.748]   received shard header from network in block tracker [0;36mshard[0m = 0 [0;36mepoch[0m = 0 [0;36mround[0m = 608 [0;36mnonce[0m = 606 [0;36mhash[0m = 872c8a0706ab00e7c61de7c2d8d9545ed3443c990fa3fe6a4925ed02c1814857 
[0;36mDEBUG[0m[2026-03-16 10:14:11.748]   received shard header from network in block tracker [0;36mshard[0m = 0 [0;36mepoch[0m = 0 [0;36mround[0m = 609 [0;36mnonce[0m = 607 [0;36mhash[0m = a59441b48481621d533336c3a2341772d005b3518e69457b17ce7f7fd8c597bc 
[0;36mDEBUG[0m[2026-03-16 10:14:11.748]   received shard header from network in block tracker [0;36mshard[0m = 0 [0;36mepoch[0m = 0 [0;36mround[0m = 610 [0;36mnonce[0m = 608 [0;36mhash[0m = cc8832d6f6f5ca5e0439264edec01a32cad768a0391300ac6baa6cf711a432f9 
[0;36mDEBUG[0m[2026-03-16 10:14:11.748]   received shard header from network in block tracker [0;36mshard[0m = 0 [0;36mepoch[0m = 0 [0;36mround[0m = 611 [0;36mnonce[0m = 609 [0;36mhash[0m = 828fcd616203a1da71519d256ddef928db816fc4059c306945644e4f115ea2ca 
[0;36mDEBUG[0m[2026-03-16 10:14:11.748]   received shard header from network in block tracker [0;36mshard[0m = 0 [0;36mepoch[0m = 0 [0;36mround[0m = 612 [0;36mnonce[0m = 610 [0;36mhash[0m = ca564917f85f1fa3917a571d4adc8567997a298dc8142f35fa8e1b58c6984307 
[0;36mDEBUG[0m[2026-03-16 10:14:11.748]   received shard header from network in block tracker [0;36mshard[0m = 0 [0;36mepoch[0m = 0 [0;36mround[0m = 613 [0;36mnonce[0m = 611 [0;36mhash[0m = 3b33b417d1e6475272e5221a0243860376177ab381664e9d0e139a62a564a774 
[0;36mDEBUG[0m[2026-03-16 10:14:11.748]   received shard header from network in block tracker [0;36mshard[0m = 0 [0;36mepoch[0m = 0 [0;36mround[0m = 614 [0;36mnonce[0m = 612 [0;36mhash[0m = 3b2e42558f8c21290923308c674b9a9ba74ba5e2d9fe0bb90d3d3f124a4da519 
[0;36mDEBUG[0m[2026-03-16 10:14:11.748]   received shard header from network in block tracker [0;36mshard[0m = 0 [0;36mepoch[0m = 0 [0;36mround[0m = 615 [0;36mnonce[0m = 613 [0;36mhash[0m = 95bd6f97ade5495c29f3e7f713f70c9e22ed847bbb048af75497b255d2d1ed97 
[0;36mDEBUG[0m[2026-03-16 10:14:11.748]   received shard header from network in block tracker [0;36mshard[0m = 0 [0;36mepoch[0m = 0 [0;36mround[0m = 616 [0;36mnonce[0m = 614 [0;36mhash[0m = 37133db4f0c7301fc74fce50f353d4bb3e577b12b42b9b6357152ed722e8e162 
[0;36mDEBUG[0m[2026-03-16 10:14:11.748]   received shard header from network in block tracker [0;36mshard[0m = 0 [0;36mepoch[0m = 0 [0;36mround[0m = 617 [0;36mnonce[0m = 615 [0;36mhash[0m = 92edeb6d4b766f6ac3a4ab07c2bb5dfd6cbef21c19664ef0a131c1ca78d4180f 
[0;36mDEBUG[0m[2026-03-16 10:14:11.748]   received shard header from network in block tracker [0;36mshard[0m = 0 [0;36mepoch[0m = 0 [0;36mround[0m = 618 [0;36mnonce[0m = 616 [0;36mhash[0m = e746d641e1a8df7742428909594ff31f35c337cd953ede5d81ea5647ae2e96e3 
[0;36mDEBUG[0m[2026-03-16 10:14:11.748]   received shard header from network in block tracker [0;36mshard[0m = 0 [0;36mepoch[0m = 0 [0;36mround[0m = 619 [0;36mnonce[0m = 617 [0;36mhash[0m = dff2c4f5800ddf9bc340af252f45ac2e6024b266cb0cfa2ee3c00aabd9c082da 
[0;36mDEBUG[0m[2026-03-16 10:14:11.748]   received shard header from network in block tracker [0;36mshard[0m = 0 [0;36mepoch[0m = 0 [0;36mround[0m = 620 [0;36mnonce[0m = 618 [0;36mhash[0m = cc05aa10c3d1eb1b414426cdfcb84dfb8fb7ca4cd06797b7a2f0e2a8525f9a63 
[0;36mDEBUG[0m[2026-03-16 10:14:11.748]   received shard header from network in block tracker [0;36mshard[0m = 0 [0;36mepoch[0m = 0 [0;36mround[0m = 621 [0;36mnonce[0m = 619 [0;36mhash[0m = b66ef8c0f2d8ba5d4fd0373658f53bee82b848bcf05bb420245a055d20d7233c 
[0;36mDEBUG[0m[2026-03-16 10:14:11.748]   received shard header from network in block tracker [0;36mshard[0m = 0 [0;36mepoch[0m = 0 [0;36mround[0m = 622 [0;36mnonce[0m = 620 [0;36mhash[0m = 635748431928f6f7f56ed4e860e1bbeabdf7f50d52a48405d918d804c3eedef6 
[0;36mDEBUG[0m[2026-03-16 10:14:11.748]   received shard header from network in block tracker [0;36mshard[0m = 0 [0;36mepoch[0m = 0 [0;36mround[0m = 623 [0;36mnonce[0m = 621 [0;36mhash[0m = 6799da63c9948e21553bcf4c24ac86eb75cbd78a466dbbb239a7c586bfde28e4 
[0;36mDEBUG[0m[2026-03-16 10:14:11.748]   received shard header from network in block tracker [0;36mshard[0m = 0 [0;36mepoch[0m = 0 [0;36mround[0m = 624 [0;36mnonce[0m = 622 [0;36mhash[0m = c2074dc50e210b5da08dab1d9b4697809afffb54f933bc60cf5248c89d4d6e96 
[0;36mDEBUG[0m[2026-03-16 10:14:11.748]   received shard header from network in block tracker [0;36mshard[0m = 0 [0;36mepoch[0m = 0 [0;36mround[0m = 625 [0;36mnonce[0m = 623 [0;36mhash[0m = 02d29c5e97fd5119116400fd6fa05bddf4b96298f7c69fe6c7e90018de44332b 
[0;36mDEBUG[0m[2026-03-16 10:14:11.748]   received shard header from network in block tracker [0;36mshard[0m = 0 [0;36mepoch[0m = 0 [0;36mround[0m = 626 [0;36mnonce[0m = 624 [0;36mhash[0m = c11cfe7fa3750714830f70954f1de313cd9c1ce7a72b9475aded64c6c5b3bb02 
[0;36mDEBUG[0m[2026-03-16 10:14:11.748]   received shard header from network in block tracker [0;36mshard[0m = 0 [0;36mepoch[0m = 0 [0;36mround[0m = 627 [0;36mnonce[0m = 625 [0;36mhash[0m = 217b2709c6ca347cb9cc9a9100461ea225770a14331a4dfe65c2a2633cd87ed0 
[0;36mDEBUG[0m[2026-03-16 10:14:11.748]   received shard header from network in block tracker [0;36mshard[0m = 0 [0;36mepoch[0m = 0 [0;36mround[0m = 628 [0;36mnonce[0m = 626 [0;36mhash[0m = b2a23fe8c488f24682049af091995b876cae9876dbc82524addf3da6dff7e856 
[0;36mDEBUG[0m[2026-03-16 10:14:11.748]   received shard header from network in block tracker [0;36mshard[0m = 0 [0;36mepoch[0m = 0 [0;36mround[0m = 629 [0;36mnonce[0m = 627 [0;36mhash[0m = 62e0a613f0dcef2f0da85b16c47c187fc9805c3c7b9fff5f255efa2987a7e191 
[0;36mDEBUG[0m[2026-03-16 10:14:11.748]   received shard header from network in block tracker [0;36mshard[0m = 0 [0;36mepoch[0m = 0 [0;36mround[0m = 630 [0;36mnonce[0m = 628 [0;36mhash[0m = 5abf79862d49b622c0298ec5809c7a50f489adc3ea6a36666d02fda0ad71b324 
[0;36mDEBUG[0m[2026-03-16 10:14:11.748]   received shard header from network in block tracker [0;36mshard[0m = 0 [0;36mepoch[0m = 0 [0;36mround[0m = 631 [0;36mnonce[0m = 629 [0;36mhash[0m = 61f67d8183a4db81bb05bd0685afb5ec6361e0f19ce68a372140028e87290734 
[0;36mDEBUG[0m[2026-03-16 10:14:11.748]   received shard header from network in block tracker [0;36mshard[0m = 0 [0;36mepoch[0m = 0 [0;36mround[0m = 632 [0;36mnonce[0m = 630 [0;36mhash[0m = 76687478fca7512cf35682ad5affb7f84804b477c3103e35e62fe511b2207dcb 
[0;36mDEBUG[0m[2026-03-16 10:14:11.748]   received shard header from network in block tracker [0;36mshard[0m = 0 [0;36mepoch[0m = 0 [0;36mround[0m = 633 [0;36mnonce[0m = 631 [0;36mhash[0m = 2e573e7a32cf9a8202f01de2bff58c4bef13bb089f550a7389fa2f7c7797f18e 
[0;36mDEBUG[0m[2026-03-16 10:14:11.748]   received shard header from network in block tracker [0;36mshard[0m = 0 [0;36mepoch[0m = 0 [0;36mround[0m = 634 [0;36mnonce[0m = 632 [0;36mhash[0m = 48c1fff177dc42403f6cf8fb652493779ee4946b05877eb29b52d96f24a78d2c 
[0;36mDEBUG[0m[2026-03-16 10:14:11.749]   received shard header from network in block tracker [0;36mshard[0m = 0 [0;36mepoch[0m = 0 [0;36mround[0m = 635 [0;36mnonce[0m = 633 [0;36mhash[0m = b0800e0999061ebe61d16b8f15a3c94dfd2d92e0397ad61d68ed89d777c643d2 
[0;36mDEBUG[0m[2026-03-16 10:14:11.749]   received shard header from network in block tracker [0;36mshard[0m = 0 [0;36mepoch[0m = 0 [0;36mround[0m = 636 [0;36mnonce[0m = 634 [0;36mhash[0m = 5e5c87e229f93bdcc7b5ba852f238e6bb3e765863e4d78532a51025815622c0c 
[0;36mDEBUG[0m[2026-03-16 10:14:11.749]   received shard header from network in block tracker [0;36mshard[0m = 0 [0;36mepoch[0m = 0 [0;36mround[0m = 637 [0;36mnonce[0m = 635 [0;36mhash[0m = c78154bc18ddcca3ef524baa0f0a1f7e1ff1c9a67b67df229e2f8e41d45ec29e 
[0;36mDEBUG[0m[2026-03-16 10:14:11.749]   received shard header from network in block tracker [0;36mshard[0m = 0 [0;36mepoch[0m = 0 [0;36mround[0m = 638 [0;36mnonce[0m = 636 [0;36mhash[0m = 718cf5c716eab19d2c468bd3550621e763e34b60839a1287c8da068804c77d2d 
[0;36mDEBUG[0m[2026-03-16 10:14:11.749]   received shard header from network in block tracker [0;36mshard[0m = 0 [0;36mepoch[0m = 0 [0;36mround[0m = 639 [0;36mnonce[0m = 637 [0;36mhash[0m = f7fba28cb79d90aef19f32adbc3711b4ef024ab68c4d943394a78a5624fafada 
[0;36mDEBUG[0m[2026-03-16 10:14:11.749]   received shard header from network in block tracker [0;36mshard[0m = 0 [0;36mepoch[0m = 0 [0;36mround[0m = 640 [0;36mnonce[0m = 638 [0;36mhash[0m = 77f299399bd65e2204be4b8959911500181fa84b540698e08c8e86862467fa00 
[0;36mDEBUG[0m[2026-03-16 10:14:11.749]   received shard header from network in block tracker [0;36mshard[0m = 0 [0;36mepoch[0m = 0 [0;36mround[0m = 641 [0;36mnonce[0m = 639 [0;36mhash[0m = 1c8f6877a30d66f7449b4066f28aea20f5abc5b04aa8986c9d4bdf9b8a201789 
[0;36mDEBUG[0m[2026-03-16 10:14:11.749]   received shard header from network in block tracker [0;36mshard[0m = 0 [0;36mepoch[0m = 0 [0;36mround[0m = 642 [0;36mnonce[0m = 640 [0;36mhash[0m = 160d5e35784e4d4f7d1268fcc189f1dffefe9b5cdc26bed2501bdb8a017fea0a 
[0;36mDEBUG[0m[2026-03-16 10:14:11.749]   received shard header from network in block tracker [0;36mshard[0m = 0 [0;36mepoch[0m = 0 [0;36mround[0m = 643 [0;36mnonce[0m = 641 [0;36mhash[0m = 690afe429ecbb1e6b87d7bea64c920a892bd2e4f2fde8f442693fddca19d4404 
[0;36mDEBUG[0m[2026-03-16 10:14:11.749]   received shard header from network in block tracker [0;36mshard[0m = 0 [0;36mepoch[0m = 0 [0;36mround[0m = 644 [0;36mnonce[0m = 642 [0;36mhash[0m = b330c97ddc42911ed426a7b4b04bec1924ce7c6e0dc4ef84f12a67c77a150ccc 
[0;36mDEBUG[0m[2026-03-16 10:14:11.749]   received shard header from network in block tracker [0;36mshard[0m = 0 [0;36mepoch[0m = 0 [0;36mround[0m = 645 [0;36mnonce[0m = 643 [0;36mhash[0m = 56a767608d3f87512c187fc3a15ce5583fd736c5b111ee0220701005addc3488 
[0;36mDEBUG[0m[2026-03-16 10:14:11.749]   received shard header from network in block tracker [0;36mshard[0m = 0 [0;36mepoch[0m = 0 [0;36mround[0m = 646 [0;36mnonce[0m = 644 [0;36mhash[0m = 5886072e3e8c49c71bcc1b24a62fbe5b264468a3d7fe744cf10d8e38fac816ce 
[0;36mDEBUG[0m[2026-03-16 10:14:11.749]   received shard header from network in block tracker [0;36mshard[0m = 0 [0;36mepoch[0m = 0 [0;36mround[0m = 647 [0;36mnonce[0m = 645 [0;36mhash[0m = de85d5a29169cec327cbe6e55c3ba2d652211e98e8f3cccae45d94c251974c67 
[0;36mDEBUG[0m[2026-03-16 10:14:11.749]   received shard header from network in block tracker [0;36mshard[0m = 0 [0;36mepoch[0m = 0 [0;36mround[0m = 648 [0;36mnonce[0m = 646 [0;36mhash[0m = 3099f3072c836fc82412dbe3d41ea1d5c51700022b74a46e9d9a3292a9e1dab9 
[0;36mDEBUG[0m[2026-03-16 10:14:11.749]   received shard header from network in block tracker [0;36mshard[0m = 0 [0;36mepoch[0m = 0 [0;36mround[0m = 649 [0;36mnonce[0m = 647 [0;36mhash[0m = 50f6c03f6f4be91df8c104ffbeaeb969264dc12111cc2088e4027a093bafc357 
[0;36mDEBUG[0m[2026-03-16 10:14:11.749]   received shard header from network in block tracker [0;36mshard[0m = 0 [0;36mepoch[0m = 0 [0;36mround[0m = 650 [0;36mnonce[0m = 648 [0;36mhash[0m = 276a80f3d821cac1f256b18a27f398b921bc2b08cde01a5b7192792f8a9363b8 
[0;36mDEBUG[0m[2026-03-16 10:14:11.749]   received shard header from network in block tracker [0;36mshard[0m = 0 [0;36mepoch[0m = 0 [0;36mround[0m = 651 [0;36mnonce[0m = 649 [0;36mhash[0m = b4fefcdbe6ae1d34555f58ad1067477a39ce5dfb23a1758fb03e01a3dbe588b2 
[0;36mDEBUG[0m[2026-03-16 10:14:11.749]   received shard header from network in block tracker [0;36mshard[0m = 0 [0;36mepoch[0m = 0 [0;36mround[0m = 652 [0;36mnonce[0m = 650 [0;36mhash[0m = e3ed61f5028d827efb131f163de9231fb9c0605907e3b5945ef71c72139f16c3 
[0;36mDEBUG[0m[2026-03-16 10:14:11.749]   received shard header from network in block tracker [0;36mshard[0m = 0 [0;36mepoch[0m = 0 [0;36mround[0m = 653 [0;36mnonce[0m = 651 [0;36mhash[0m = 228cce7fbae7220a96cab853b7f5294b0f3f57f5e8aa7603fdb38ce143894312 
[0;36mDEBUG[0m[2026-03-16 10:14:11.749]   received shard header from network in block tracker [0;36mshard[0m = 0 [0;36mepoch[0m = 0 [0;36mround[0m = 654 [0;36mnonce[0m = 652 [0;36mhash[0m = 8a8a51a206d0745a7da7046cf364cabf58cad5f9c4008ab882deb730c93d7eb7 
[0;36mDEBUG[0m[2026-03-16 10:14:11.749]   received shard header from network in block tracker [0;36mshard[0m = 0 [0;36mepoch[0m = 0 [0;36mround[0m = 655 [0;36mnonce[0m = 653 [0;36mhash[0m = 1620c385fc5aee9bb76fabc738dc2c51f1f9598f2e8d25d4c2368896b06fd116 
[0;36mDEBUG[0m[2026-03-16 10:14:11.749]   received shard header from network in block tracker [0;36mshard[0m = 0 [0;36mepoch[0m = 0 [0;36mround[0m = 656 [0;36mnonce[0m = 654 [0;36mhash[0m = 2307fbe684db3a0bf59fce0cd8d7b4bf80e87002fb8f17f7d39f792d70a40d7b 
[0;36mDEBUG[0m[2026-03-16 10:14:11.749]   received shard header from network in block tracker [0;36mshard[0m = 0 [0;36mepoch[0m = 0 [0;36mround[0m = 657 [0;36mnonce[0m = 655 [0;36mhash[0m = 42929f7704c449c34eeb2a59cff2e58b7d30c307fcf5c4202cbc9eff4e19632c 
[0;36mDEBUG[0m[2026-03-16 10:14:11.749]   received shard header from network in block tracker [0;36mshard[0m = 0 [0;36mepoch[0m = 0 [0;36mround[0m = 658 [0;36mnonce[0m = 656 [0;36mhash[0m = 028751fc902d283d2770b99487c8b3ddb1e5eca6aea0077e417f96b3b1424045 
[0;36mDEBUG[0m[2026-03-16 10:14:11.749]   received shard header from network in block tracker [0;36mshard[0m = 0 [0;36mepoch[0m = 0 [0;36mround[0m = 659 [0;36mnonce[0m = 657 [0;36mhash[0m = 84648551b230e42c1b2e892406f9f5f9b05bad52f4ef5c372e8c28ce58e2b2d3 
[0;36mDEBUG[0m[2026-03-16 10:14:11.749]   received shard header from network in block tracker [0;36mshard[0m = 0 [0;36mepoch[0m = 0 [0;36mround[0m = 660 [0;36mnonce[0m = 658 [0;36mhash[0m = fb73f78eaddacb1cc16ce80ec3f10c16a6a8cab14a1f2811fa8c5b4280c4ef6c 
[0;36mDEBUG[0m[2026-03-16 10:14:11.749]   received shard header from network in block tracker [0;36mshard[0m = 0 [0;36mepoch[0m = 0 [0;36mround[0m = 661 [0;36mnonce[0m = 659 [0;36mhash[0m = e7654f7d84c9d4a1e4b389ac0d1215471c6416359a773de63b3a79cec173cc50 
[0;36mDEBUG[0m[2026-03-16 10:14:11.749]   received shard header from network in block tracker [0;36mshard[0m = 0 [0;36mepoch[0m = 0 [0;36mround[0m = 662 [0;36mnonce[0m = 660 [0;36mhash[0m = f88ffdb664a5a959c3a720f2812c35a801d291cc478bd50b5c00b4fcc44a2355 
[0;36mDEBUG[0m[2026-03-16 10:14:11.749]   received shard header from network in block tracker [0;36mshard[0m = 0 [0;36mepoch[0m = 0 [0;36mround[0m = 663 [0;36mnonce[0m = 661 [0;36mhash[0m = c6e353573699da1ff82f6d0cba4653a5af73a89d455bc10281d3e63b67cf4661 
[0;36mDEBUG[0m[2026-03-16 10:14:11.749]   received shard header from network in block tracker [0;36mshard[0m = 0 [0;36mepoch[0m = 0 [0;36mround[0m = 664 [0;36mnonce[0m = 662 [0;36mhash[0m = b1e1c3820867ec20236e13b7f32206ec00124ee29f0985a09977ec786ad5dc29 
[0;36mDEBUG[0m[2026-03-16 10:14:11.749]   received shard header from network in block tracker [0;36mshard[0m = 0 [0;36mepoch[0m = 0 [0;36mround[0m = 665 [0;36mnonce[0m = 663 [0;36mhash[0m = 70afb42d9dbdab8d580792c0682e5b1118730f1b65966e3a7a423abcdc54f71a 
[0;36mDEBUG[0m[2026-03-16 10:14:11.749]   received shard header from network in block tracker [0;36mshard[0m = 0 [0;36mepoch[0m = 0 [0;36mround[0m = 666 [0;36mnonce[0m = 664 [0;36mhash[0m = 3f633e834ee73a1eb2415352c2e7e522de6005151ab6455956e4ff785411963e 
[0;36mDEBUG[0m[2026-03-16 10:14:11.749]   received shard header from network in block tracker [0;36mshard[0m = 0 [0;36mepoch[0m = 0 [0;36mround[0m = 667 [0;36mnonce[0m = 665 [0;36mhash[0m = 1ca7eaa429641645ecf01b36c2f3807a8fb19df82ab0bfdc27e739c9a3dacf46 
[0;36mDEBUG[0m[2026-03-16 10:14:11.749]   received shard header from network in block tracker [0;36mshard[0m = 0 [0;36mepoch[0m = 0 [0;36mround[0m = 668 [0;36mnonce[0m = 666 [0;36mhash[0m = ac75454aa902826099c5cd800d132a50f102fc30ce8c371489c6af0b25933ad3 
[0;36mDEBUG[0m[2026-03-16 10:14:11.749]   received shard header from network in block tracker [0;36mshard[0m = 0 [0;36mepoch[0m = 0 [0;36mround[0m = 669 [0;36mnonce[0m = 667 [0;36mhash[0m = 4b858ee420d1058d70d19dca9e0a58039de24776e05c9a4b44edabdb0f1450b7 
[0;36mDEBUG[0m[2026-03-16 10:14:11.749]   received shard header from network in block tracker [0;36mshard[0m = 0 [0;36mepoch[0m = 0 [0;36mround[0m = 670 [0;36mnonce[0m = 668 [0;36mhash[0m = a5b436c14df50e4a093fffbe1df53fa4779cf873fc30c9bcfe153e0f8e2a2cf5 
[0;36mDEBUG[0m[2026-03-16 10:14:11.749]   received shard header from network in block tracker [0;36mshard[0m = 0 [0;36mepoch[0m = 0 [0;36mround[0m = 671 [0;36mnonce[0m = 669 [0;36mhash[0m = 3c1503a3a5cde8c8ae56a96d9b1bf7bb1234af6555470b95fe03bc0fd1b8cd3c 
[0;36mDEBUG[0m[2026-03-16 10:14:11.749]   received shard header from network in block tracker [0;36mshard[0m = 0 [0;36mepoch[0m = 0 [0;36mround[0m = 672 [0;36mnonce[0m = 670 [0;36mhash[0m = 17f51faaa4e6455c3e9702e2804586efb05dbc22695943aa9ca3c84ff3b1fb58 
[0;36mDEBUG[0m[2026-03-16 10:14:11.749]   received shard header from network in block tracker [0;36mshard[0m = 0 [0;36mepoch[0m = 0 [0;36mround[0m = 673 [0;36mnonce[0m = 671 [0;36mhash[0m = 6a394f5ad1213a12725a7f174cc57d5494a9ec004df62e36a43f8c645763282b 
[0;36mDEBUG[0m[2026-03-16 10:14:11.749]   received shard header from network in block tracker [0;36mshard[0m = 0 [0;36mepoch[0m = 0 [0;36mround[0m = 674 [0;36mnonce[0m = 672 [0;36mhash[0m = 9013b1d283efb29d3c500e6a0a0c8c9da80e933f02b8b0dd4148e2a51fb7b6f5 
[0;36mDEBUG[0m[2026-03-16 10:14:11.749]   received shard header from network in block tracker [0;36mshard[0m = 0 [0;36mepoch[0m = 0 [0;36mround[0m = 675 [0;36mnonce[0m = 673 [0;36mhash[0m = 18271629119e62d6dadaf4c9e641182963dbde79bea5ffce9cac96cd450aaff7 
[0;36mDEBUG[0m[2026-03-16 10:14:11.749]   received shard header from network in block tracker [0;36mshard[0m = 0 [0;36mepoch[0m = 0 [0;36mround[0m = 676 [0;36mnonce[0m = 674 [0;36mhash[0m = 7b84fd630d5464c8965e4585250178e1f920536e37c3d7f43e977c078ffa5e82 
[0;36mDEBUG[0m[2026-03-16 10:14:11.749]   received shard header from network in block tracker [0;36mshard[0m = 0 [0;36mepoch[0m = 0 [0;36mround[0m = 677 [0;36mnonce[0m = 675 [0;36mhash[0m = 25d479195e5f01cd47e46d71ab4a7e5a06237b869a5421d29a705a61e745ec74 
[0;36mDEBUG[0m[2026-03-16 10:14:11.749]   received shard header from network in block tracker [0;36mshard[0m = 0 [0;36mepoch[0m = 0 [0;36mround[0m = 678 [0;36mnonce[0m = 676 [0;36mhash[0m = 011e1a634f7e7c602f51e5aab3932088cbe792639a3b5734d107750ab44a1d2b 
[0;36mDEBUG[0m[2026-03-16 10:14:11.749]   received shard header from network in block tracker [0;36mshard[0m = 0 [0;36mepoch[0m = 0 [0;36mround[0m = 679 [0;36mnonce[0m = 677 [0;36mhash[0m = d75602f7ddcd03cdf5182c3807ebd0d22d402231084757201ee54f7bd94ff705 
[0;36mDEBUG[0m[2026-03-16 10:14:11.749]   received shard header from network in block tracker [0;36mshard[0m = 0 [0;36mepoch[0m = 0 [0;36mround[0m = 680 [0;36mnonce[0m = 678 [0;36mhash[0m = 0003831025370fc1bea1eea7ea7f8118eab579b7e9267a4934b2e1f32ac3e69c 
[0;36mDEBUG[0m[2026-03-16 10:14:11.749]   received shard header from network in block tracker [0;36mshard[0m = 0 [0;36mepoch[0m = 0 [0;36mround[0m = 681 [0;36mnonce[0m = 679 [0;36mhash[0m = ea26e237ed10f4ed1dfc052ad06e748ea0e2c5bed8735f669cef805b9a550820 
[0;36mDEBUG[0m[2026-03-16 10:14:11.749]   received shard header from network in block tracker [0;36mshard[0m = 0 [0;36mepoch[0m = 0 [0;36mround[0m = 682 [0;36mnonce[0m = 680 [0;36mhash[0m = fb20310c461ab7f7553533b7467b300c06bcbbc150eb7b75da0fcdf57c1795df 
[0;36mDEBUG[0m[2026-03-16 10:14:11.749]   received shard header from network in block tracker [0;36mshard[0m = 0 [0;36mepoch[0m = 0 [0;36mround[0m = 683 [0;36mnonce[0m = 681 [0;36mhash[0m = 52fd4b7faf27c4c594dbe41b7d26e6f13763260b6386b14dc7d4275f9ecaaa8f 
[0;36mDEBUG[0m[2026-03-16 10:14:11.749]   received shard header from network in block tracker [0;36mshard[0m = 0 [0;36mepoch[0m = 0 [0;36mround[0m = 684 [0;36mnonce[0m = 682 [0;36mhash[0m = d623b19930865be466503c29a2006278aab5429e46f39ce5e1e9e7e6ca9d2dd4 
[0;36mDEBUG[0m[2026-03-16 10:14:11.749]   received shard header from network in block tracker [0;36mshard[0m = 0 [0;36mepoch[0m = 0 [0;36mround[0m = 685 [0;36mnonce[0m = 683 [0;36mhash[0m = bc2c8519f701a151f2b14c75d50142b633ce5bc9b09bf0acd44f72d99ffe15ca 
[0;36mDEBUG[0m[2026-03-16 10:14:11.749]   received shard header from network in block tracker [0;36mshard[0m = 0 [0;36mepoch[0m = 0 [0;36mround[0m = 686 [0;36mnonce[0m = 684 [0;36mhash[0m = a131e62402205f042396e52c4253afe22196cca6c64ab233136eade678d56837 
[0;36mDEBUG[0m[2026-03-16 10:14:11.749]   received shard header from network in block tracker [0;36mshard[0m = 0 [0;36mepoch[0m = 0 [0;36mround[0m = 687 [0;36mnonce[0m = 685 [0;36mhash[0m = d8fc34079e36de6f427238ea847e23711d79d6dd8cc0e76591d9aad0f62ebf1e 
[0;36mDEBUG[0m[2026-03-16 10:14:11.749]   received shard header from network in block tracker [0;36mshard[0m = 0 [0;36mepoch[0m = 0 [0;36mround[0m = 688 [0;36mnonce[0m = 686 [0;36mhash[0m = 7eee68696137128521191d0a74788c5916fa59f0ba07ee8dc589f14c695d4ead 
[0;36mDEBUG[0m[2026-03-16 10:14:11.749]   received shard header from network in block tracker [0;36mshard[0m = 0 [0;36mepoch[0m = 0 [0;36mround[0m = 689 [0;36mnonce[0m = 687 [0;36mhash[0m = 08d4795ab4b35619092dd8cb973dbb54af71a2a299a8815e5fb89de6b30d4b04 
[0;36mDEBUG[0m[2026-03-16 10:14:11.749]   received shard header from network in block tracker [0;36mshard[0m = 0 [0;36mepoch[0m = 0 [0;36mround[0m = 690 [0;36mnonce[0m = 688 [0;36mhash[0m = 0f31229282d06e9a985a4968532ed4f8116e99f54f0dcd6e3fb3da1ab0f6264f 
[0;36mDEBUG[0m[2026-03-16 10:14:11.749]   received shard header from network in block tracker [0;36mshard[0m = 0 [0;36mepoch[0m = 0 [0;36mround[0m = 691 [0;36mnonce[0m = 689 [0;36mhash[0m = 2cfc4d21861bf24b8955f1ed34953a4be01750820b35551798f0a7c5d7ecdaff 
[0;36mDEBUG[0m[2026-03-16 10:14:11.749]   received shard header from network in block tracker [0;36mshard[0m = 0 [0;36mepoch[0m = 0 [0;36mround[0m = 692 [0;36mnonce[0m = 690 [0;36mhash[0m = e35e35efd89f5765caac1ce87ed7a87e60a36a74a47737e54286b65b2904b2cd 
[0;36mDEBUG[0m[2026-03-16 10:14:11.749]   received shard header from network in block tracker [0;36mshard[0m = 0 [0;36mepoch[0m = 0 [0;36mround[0m = 693 [0;36mnonce[0m = 691 [0;36mhash[0m = daabf84cf027dcd1ec1607c1b602fdb2b5be0fe9f1f1d69b00775387932b67fb 
[0;36mDEBUG[0m[2026-03-16 10:14:11.749]   received shard header from network in block tracker [0;36mshard[0m = 0 [0;36mepoch[0m = 0 [0;36mround[0m = 694 [0;36mnonce[0m = 692 [0;36mhash[0m = 695cb82e43e77df8b745d7f754eafd1c3d1e3dfc71fd21687c93fb2f17eef77c 
[0;36mDEBUG[0m[2026-03-16 10:14:11.749]   received shard header from network in block tracker [0;36mshard[0m = 0 [0;36mepoch[0m = 0 [0;36mround[0m = 695 [0;36mnonce[0m = 693 [0;36mhash[0m = 64e652752da908b1b56d55b665678999ea47b09a9aaef9a37414ca56b01805c9 
[0;36mDEBUG[0m[2026-03-16 10:14:11.749]   received shard header from network in block tracker [0;36mshard[0m = 0 [0;36mepoch[0m = 0 [0;36mround[0m = 696 [0;36mnonce[0m = 694 [0;36mhash[0m = 6745fccb0e957335694ed5684fb19a9f1648fc86137fd826930a2c7b4bb42166 
[0;36mDEBUG[0m[2026-03-16 10:14:11.749]   received shard header from network in block tracker [0;36mshard[0m = 0 [0;36mepoch[0m = 0 [0;36mround[0m = 697 [0;36mnonce[0m = 695 [0;36mhash[0m = a5d205c3c4c98b982b4e425ac6cfa217a76d446bdf5c4dbebcd4d7478d2c9dfa 
[0;36mDEBUG[0m[2026-03-16 10:14:11.749]   received shard header from network in block tracker [0;36mshard[0m = 0 [0;36mepoch[0m = 0 [0;36mround[0m = 698 [0;36mnonce[0m = 696 [0;36mhash[0m = e53cee7408ca1438d392683840846785ed383e53fd772baba4f01b25c43000f5 
[0;36mDEBUG[0m[2026-03-16 10:14:11.749]   received shard header from network in block tracker [0;36mshard[0m = 0 [0;36mepoch[0m = 0 [0;36mround[0m = 699 [0;36mnonce[0m = 697 [0;36mhash[0m = 6b4578adf00fe967a135f0e27d9b45d1f3bb5ebf049b6545b682c46781736d98 
[0;36mDEBUG[0m[2026-03-16 10:14:11.749]   received shard header from network in block tracker [0;36mshard[0m = 0 [0;36mepoch[0m = 0 [0;36mround[0m = 700 [0;36mnonce[0m = 698 [0;36mhash[0m = 6c9b671a80521090fa2840f3f52264e2f03b8494c581c593fa5fc9333ea8336b 
[0;36mDEBUG[0m[2026-03-16 10:14:11.749]   received shard header from network in block tracker [0;36mshard[0m = 0 [0;36mepoch[0m = 0 [0;36mround[0m = 701 [0;36mnonce[0m = 699 [0;36mhash[0m = cea56e033d61654e0af77b9cc71e9ee0c6d33e275213f364aab11f0a77a51d1d 
[0;36mDEBUG[0m[2026-03-16 10:14:11.749]   received shard header from network in block tracker [0;36mshard[0m = 0 [0;36mepoch[0m = 0 [0;36mround[0m = 702 [0;36mnonce[0m = 700 [0;36mhash[0m = b1fa6693d0d2d5580f95bc36e906d1de074d9045bd2e400dd1c81af62a63e963 
[0;36mDEBUG[0m[2026-03-16 10:14:11.749]   received shard header from network in block tracker [0;36mshard[0m = 0 [0;36mepoch[0m = 0 [0;36mround[0m = 703 [0;36mnonce[0m = 701 [0;36mhash[0m = b3b8bcb61bedc31d90505ee4d647318304941d8de8cf9de7f8928b20329630e5 
[0;36mDEBUG[0m[2026-03-16 10:14:11.749]   received shard header from network in block tracker [0;36mshard[0m = 0 [0;36mepoch[0m = 0 [0;36mround[0m = 704 [0;36mnonce[0m = 702 [0;36mhash[0m = c208515600a23d821444a5323d9f2df99871fd83d0f10eb4fe8b58a50f5fa711 
[0;36mDEBUG[0m[2026-03-16 10:14:11.749]   received shard header from network in block tracker [0;36mshard[0m = 0 [0;36mepoch[0m = 0 [0;36mround[0m = 705 [0;36mnonce[0m = 703 [0;36mhash[0m = 3ea4401f40c1eb4980a080ff298a85d7e5ee36514e05b21041fdc50c5131daf1 
[0;36mDEBUG[0m[2026-03-16 10:14:11.749]   received shard header from network in block tracker [0;36mshard[0m = 0 [0;36mepoch[0m = 0 [0;36mround[0m = 706 [0;36mnonce[0m = 704 [0;36mhash[0m = 574b82a0b0bd2a3eb8c822ecb171b35800a1527b6f55635e57cc2cf19b3f7676 
[0;36mDEBUG[0m[2026-03-16 10:14:11.749]   received shard header from network in block tracker [0;36mshard[0m = 0 [0;36mepoch[0m = 0 [0;36mround[0m = 707 [0;36mnonce[0m = 705 [0;36mhash[0m = ccc39a93552783fd32548e1fb7566254ebab82e553663a56625226e67918973c 
[0;36mDEBUG[0m[2026-03-16 10:14:11.749]   received shard header from network in block tracker [0;36mshard[0m = 0 [0;36mepoch[0m = 0 [0;36mround[0m = 708 [0;36mnonce[0m = 706 [0;36mhash[0m = bb7bbd2ce4e2bf3822aa1e60da3e67431544fb25adb76911c25b42d83539afc3 
[0;36mDEBUG[0m[2026-03-16 10:14:11.749]   received shard header from network in block tracker [0;36mshard[0m = 0 [0;36mepoch[0m = 0 [0;36mround[0m = 709 [0;36mnonce[0m = 707 [0;36mhash[0m = c49bf2f8073024f6f939fbf9aaa8df0b27dba099feb7e6a8a3e83474265ff168 
[0;36mDEBUG[0m[2026-03-16 10:14:11.749]   received shard header from network in block tracker [0;36mshard[0m = 0 [0;36mepoch[0m = 0 [0;36mround[0m = 710 [0;36mnonce[0m = 708 [0;36mhash[0m = 9ff23be55c53fc5c6a44c80cd37de8c307b8d3df1241fc3f88965bbd19fdd7e8 
[0;36mDEBUG[0m[2026-03-16 10:14:11.749]   received shard header from network in block tracker [0;36mshard[0m = 0 [0;36mepoch[0m = 0 [0;36mround[0m = 711 [0;36mnonce[0m = 709 [0;36mhash[0m = 2c2f89a60d589cc85ab7f0efe6b628700a0f2ac77f4e83a110267443294a663d 
[0;36mDEBUG[0m[2026-03-16 10:14:11.749]   received shard header from network in block tracker [0;36mshard[0m = 0 [0;36mepoch[0m = 0 [0;36mround[0m = 712 [0;36mnonce[0m = 710 [0;36mhash[0m = f817f8108873facad2fba758ab9a36f0f559b2d2dd305d2d5dfa3e0a3c7306aa 
[0;36mDEBUG[0m[2026-03-16 10:14:11.749]   received shard header from network in block tracker [0;36mshard[0m = 0 [0;36mepoch[0m = 0 [0;36mround[0m = 713 [0;36mnonce[0m = 711 [0;36mhash[0m = deb3145e2a4dc7f51a006250fb12d69693592c7c65618b560ce47ffdacd1ab96 
[0;36mDEBUG[0m[2026-03-16 10:14:11.749]   received shard header from network in block tracker [0;36mshard[0m = 0 [0;36mepoch[0m = 0 [0;36mround[0m = 714 [0;36mnonce[0m = 712 [0;36mhash[0m = a0634e4a6cd70e647cf5f4b60eff1e1955a1e65d1d02e062caf2058875a916ad 
[0;36mDEBUG[0m[2026-03-16 10:14:11.749]   received shard header from network in block tracker [0;36mshard[0m = 0 [0;36mepoch[0m = 0 [0;36mround[0m = 715 [0;36mnonce[0m = 713 [0;36mhash[0m = 108858652e7ecaf0631913831fe030bb59b10e20d355c95e15606a87c3ab4172 
[0;36mDEBUG[0m[2026-03-16 10:14:11.749]   received shard header from network in block tracker [0;36mshard[0m = 0 [0;36mepoch[0m = 0 [0;36mround[0m = 716 [0;36mnonce[0m = 714 [0;36mhash[0m = 80427127d4b43952f2ea6286746856ed535cb62b6e4f9e962f7df907c8bd6bab 
[0;36mDEBUG[0m[2026-03-16 10:14:11.749]   received shard header from network in block tracker [0;36mshard[0m = 0 [0;36mepoch[0m = 0 [0;36mround[0m = 717 [0;36mnonce[0m = 715 [0;36mhash[0m = 158281a22796ef03e4bd334d13f7cbb40b09205c4328c1396839d60b1bfce1f3 
[0;36mDEBUG[0m[2026-03-16 10:14:11.749]   received shard header from network in block tracker [0;36mshard[0m = 0 [0;36mepoch[0m = 0 [0;36mround[0m = 718 [0;36mnonce[0m = 716 [0;36mhash[0m = 66074ccc34435eda46349c67fa0b3bf2b7399d37863503e57a3d1fd970b980a2 
[0;36mDEBUG[0m[2026-03-16 10:14:11.749]   received shard header from network in block tracker [0;36mshard[0m = 0 [0;36mepoch[0m = 0 [0;36mround[0m = 719 [0;36mnonce[0m = 717 [0;36mhash[0m = 55dfe1319beb236e4bfc0fc536a40d180c9e5c845fe65dc6bb88be39ea9219ef 
[0;36mDEBUG[0m[2026-03-16 10:14:11.749]   received shard header from network in block tracker [0;36mshard[0m = 0 [0;36mepoch[0m = 0 [0;36mround[0m = 720 [0;36mnonce[0m = 718 [0;36mhash[0m = f730b36e31c5a635f6a264596ee7374d0ffb1575caceacc3d544eb7a084c626a 
[0;36mDEBUG[0m[2026-03-16 10:14:11.749]   received shard header from network in block tracker [0;36mshard[0m = 0 [0;36mepoch[0m = 0 [0;36mround[0m = 721 [0;36mnonce[0m = 719 [0;36mhash[0m = ed5a1c7b69847179f6f5b6816a55d1ce73406d0df0fae3983f86893a576a5fbd 
[0;36mDEBUG[0m[2026-03-16 10:14:11.749]   received shard header from network in block tracker [0;36mshard[0m = 0 [0;36mepoch[0m = 0 [0;36mround[0m = 722 [0;36mnonce[0m = 720 [0;36mhash[0m = cb5d379d0111b6bbe7b22fdd81499b8cdf6ffcee0a47106aa1da13904cce66a9 
[0;36mDEBUG[0m[2026-03-16 10:14:11.749]   received shard header from network in block tracker [0;36mshard[0m = 0 [0;36mepoch[0m = 0 [0;36mround[0m = 723 [0;36mnonce[0m = 721 [0;36mhash[0m = 4b31fdae65aff339999ecbf5da2e2aa027a3e6cb0e7e5d3569c8e2fc54f2b7a3 
[0;36mDEBUG[0m[2026-03-16 10:14:11.749]   received shard header from network in block tracker [0;36mshard[0m = 0 [0;36mepoch[0m = 0 [0;36mround[0m = 724 [0;36mnonce[0m = 722 [0;36mhash[0m = 852c5e761e4525250bf130f58894d3cd90cf92fbea956a86331740a79dea9167 
[0;36mDEBUG[0m[2026-03-16 10:14:11.749]   received shard header from network in block tracker [0;36mshard[0m = 0 [0;36mepoch[0m = 0 [0;36mround[0m = 725 [0;36mnonce[0m = 723 [0;36mhash[0m = d8aaab0e806f91f35f7786a65edb313aece00d1c38ccc2f6f532b84c5da62613 
[0;36mDEBUG[0m[2026-03-16 10:14:11.749]   received shard header from network in block tracker [0;36mshard[0m = 0 [0;36mepoch[0m = 0 [0;36mround[0m = 726 [0;36mnonce[0m = 724 [0;36mhash[0m = 3081ea5d10fe3421cfc37a1eb2d759d1acd6a13c0d3b39babc0d344b3e52b408 
[0;36mDEBUG[0m[2026-03-16 10:14:11.749]   received shard header from network in block tracker [0;36mshard[0m = 0 [0;36mepoch[0m = 0 [0;36mround[0m = 727 [0;36mnonce[0m = 725 [0;36mhash[0m = 5686667daeb35d7fde50bf6911d4ee31abb74a72f3c17986b2d68905145b3fc8 
[0;36mDEBUG[0m[2026-03-16 10:14:11.749]   received shard header from network in block tracker [0;36mshard[0m = 0 [0;36mepoch[0m = 0 [0;36mround[0m = 728 [0;36mnonce[0m = 726 [0;36mhash[0m = 3711bbd93c860394762dd880da523335aed7cd0af60ccf243c3afb56377484b2 
[0;36mDEBUG[0m[2026-03-16 10:14:11.749]   received shard header from network in block tracker [0;36mshard[0m = 0 [0;36mepoch[0m = 0 [0;36mround[0m = 729 [0;36mnonce[0m = 727 [0;36mhash[0m = 78545c9d01a8884a42570bc78a1bd2058d4dc372475199762d3ffc473481aa4b 
[0;36mDEBUG[0m[2026-03-16 10:14:11.749]   received shard header from network in block tracker [0;36mshard[0m = 0 [0;36mepoch[0m = 0 [0;36mround[0m = 730 [0;36mnonce[0m = 728 [0;36mhash[0m = 0cec8bbd3e97892f4f3f89196f5e743b9e3b35a803cd73f1ed7b2f88bd92ae9b 
[0;36mDEBUG[0m[2026-03-16 10:14:11.749]   received shard header from network in block tracker [0;36mshard[0m = 0 [0;36mepoch[0m = 0 [0;36mround[0m = 731 [0;36mnonce[0m = 729 [0;36mhash[0m = 3f728617897650307fe221805ed742ff88f4672412359d52143c2faab78acac7 
[0;36mDEBUG[0m[2026-03-16 10:14:11.749]   received shard header from network in block tracker [0;36mshard[0m = 0 [0;36mepoch[0m = 0 [0;36mround[0m = 732 [0;36mnonce[0m = 730 [0;36mhash[0m = 6aafcc430ac591b0b74d9270f91f4ea46a83728f268c353cf711b9d60cee53a3 
[0;36mDEBUG[0m[2026-03-16 10:14:11.749]   received shard header from network in block tracker [0;36mshard[0m = 0 [0;36mepoch[0m = 0 [0;36mround[0m = 733 [0;36mnonce[0m = 731 [0;36mhash[0m = ecf8771a38b743ac675b5c5e2a6d63401886fcf5dfc37ad91c3f89302d1a2aaa 
[0;36mDEBUG[0m[2026-03-16 10:14:11.749]   received shard header from network in block tracker [0;36mshard[0m = 0 [0;36mepoch[0m = 0 [0;36mround[0m = 734 [0;36mnonce[0m = 732 [0;36mhash[0m = eec6ecf004c27a05929fc8908592eb8f622a8c5869dec49e2dc88ac676146ece 
[0;36mDEBUG[0m[2026-03-16 10:14:11.749]   received shard header from network in block tracker [0;36mshard[0m = 0 [0;36mepoch[0m = 0 [0;36mround[0m = 735 [0;36mnonce[0m = 733 [0;36mhash[0m = 75e6088fe96d5f17acf51a39297651e9a3a4b2b77904e756876fc1982a9185e1 
[0;36mDEBUG[0m[2026-03-16 10:14:11.749]   received shard header from network in block tracker [0;36mshard[0m = 0 [0;36mepoch[0m = 0 [0;36mround[0m = 736 [0;36mnonce[0m = 734 [0;36mhash[0m = 170c597d36b8a05f6686d002e7483eddf25d82966f3dc6c3d75cbef48e908532 
[0;36mDEBUG[0m[2026-03-16 10:14:11.749]   received shard header from network in block tracker [0;36mshard[0m = 0 [0;36mepoch[0m = 0 [0;36mround[0m = 737 [0;36mnonce[0m = 735 [0;36mhash[0m = af5225255d1118aa361fd6fd14c4c1d0f010e7bf01b23e7000fe5728117132e7 
[0;36mDEBUG[0m[2026-03-16 10:14:11.749]   received shard header from network in block tracker [0;36mshard[0m = 0 [0;36mepoch[0m = 0 [0;36mround[0m = 738 [0;36mnonce[0m = 736 [0;36mhash[0m = 0770e4480310c7d3d63d2aadef2edbd18ac5a773227916e5e2b9531efcbae7fc 
[0;36mDEBUG[0m[2026-03-16 10:14:11.749]   received shard header from network in block tracker [0;36mshard[0m = 0 [0;36mepoch[0m = 0 [0;36mround[0m = 739 [0;36mnonce[0m = 737 [0;36mhash[0m = a468a532da3ff6de684396944331c6c140a640d1ef0f196f5ce1cf22603333e5 
[0;36mDEBUG[0m[2026-03-16 10:14:11.749]   received shard header from network in block tracker [0;36mshard[0m = 0 [0;36mepoch[0m = 0 [0;36mround[0m = 740 [0;36mnonce[0m = 738 [0;36mhash[0m = 9c4bb2d2a0cbb12f98424f88e74cf4199ce1cbbf360ff245755d2549c26acfde 
[0;36mDEBUG[0m[2026-03-16 10:14:11.749]   received shard header from network in block tracker [0;36mshard[0m = 0 [0;36mepoch[0m = 0 [0;36mround[0m = 741 [0;36mnonce[0m = 739 [0;36mhash[0m = 14542d5b138b36bc27dadf1545dd608a4d3fea66683e791ee379d1e630d1cc99 
[0;36mDEBUG[0m[2026-03-16 10:14:11.749]   received shard header from network in block tracker [0;36mshard[0m = 0 [0;36mepoch[0m = 0 [0;36mround[0m = 742 [0;36mnonce[0m = 740 [0;36mhash[0m = 16a57ed066db1e232ebbf38f6cff5ef84ab939d8862ed6796f47aacf14cbfe04 
[0;36mDEBUG[0m[2026-03-16 10:14:11.749]   received shard header from network in block tracker [0;36mshard[0m = 0 [0;36mepoch[0m = 0 [0;36mround[0m = 743 [0;36mnonce[0m = 741 [0;36mhash[0m = c410b55da591adfa32986a55ca1199c679aa411ea79926149ea1e43c35165e75 
[0;36mDEBUG[0m[2026-03-16 10:14:11.749]   received shard header from network in block tracker [0;36mshard[0m = 0 [0;36mepoch[0m = 0 [0;36mround[0m = 744 [0;36mnonce[0m = 742 [0;36mhash[0m = b551f6a8d53da694cc83acccfb9843840598968bfda4636f114f318bc9590bd6 
[0;36mDEBUG[0m[2026-03-16 10:14:11.749]   received shard header from network in block tracker [0;36mshard[0m = 0 [0;36mepoch[0m = 0 [0;36mround[0m = 745 [0;36mnonce[0m = 743 [0;36mhash[0m = 68079b7b294ac1a17b38cb797df9c055c5e49bf5c898f8357c4052b327dfc8ec 
[0;36mDEBUG[0m[2026-03-16 10:14:11.749]   received shard header from network in block tracker [0;36mshard[0m = 0 [0;36mepoch[0m = 0 [0;36mround[0m = 746 [0;36mnonce[0m = 744 [0;36mhash[0m = b1c6d5aff94ebbeed41d303983161eef917b2131c3b63b3c194c1a2feb2269c3 
[0;36mDEBUG[0m[2026-03-16 10:14:11.749]   received shard header from network in block tracker [0;36mshard[0m = 0 [0;36mepoch[0m = 0 [0;36mround[0m = 747 [0;36mnonce[0m = 745 [0;36mhash[0m = b6bf49e6708ace81067556910c1c68fc4b51d1f37ce245f70ca5d492a5443844 
[0;36mDEBUG[0m[2026-03-16 10:14:11.749]   received shard header from network in block tracker [0;36mshard[0m = 0 [0;36mepoch[0m = 0 [0;36mround[0m = 748 [0;36mnonce[0m = 746 [0;36mhash[0m = 0ef426f1716f2263ddf33801722b065d26f2b98157b65cab1e25d8a3186f2ad6 
[0;36mDEBUG[0m[2026-03-16 10:14:11.749]   received shard header from network in block tracker [0;36mshard[0m = 0 [0;36mepoch[0m = 0 [0;36mround[0m = 749 [0;36mnonce[0m = 747 [0;36mhash[0m = af8bd109dc5ad9f9b2367dd1298c92bd624f491298e1bbe3626e450519e0995b 
[0;36mDEBUG[0m[2026-03-16 10:14:11.749]   received shard header from network in block tracker [0;36mshard[0m = 0 [0;36mepoch[0m = 0 [0;36mround[0m = 750 [0;36mnonce[0m = 748 [0;36mhash[0m = b4ad49ee3944428a6a0e1cfc2fa9e4ef2309ceb7fbd541935c8ba4a3d8589239 
[0;36mDEBUG[0m[2026-03-16 10:14:11.749]   received shard header from network in block tracker [0;36mshard[0m = 0 [0;36mepoch[0m = 0 [0;36mround[0m = 751 [0;36mnonce[0m = 749 [0;36mhash[0m = 4c89b22fc35c86bffd1d5309f56d1efece8d0ed7c93fe0fe2fcc3ea5203be5e4 
[0;36mDEBUG[0m[2026-03-16 10:14:11.749]   received shard header from network in block tracker [0;36mshard[0m = 0 [0;36mepoch[0m = 0 [0;36mround[0m = 752 [0;36mnonce[0m = 750 [0;36mhash[0m = bf68f4a66da6f135ef847efcd89d680ac843251305afaa3881ab8bbb9fa7160b 
[0;36mDEBUG[0m[2026-03-16 10:14:11.749]   received shard header from network in block tracker [0;36mshard[0m = 0 [0;36mepoch[0m = 0 [0;36mround[0m = 753 [0;36mnonce[0m = 751 [0;36mhash[0m = 86fa97503d1bf33841b1bf6cc50cf76062947f7c92bb7d6c5431992e48ee11ab 
[0;36mDEBUG[0m[2026-03-16 10:14:11.749]   received shard header from network in block tracker [0;36mshard[0m = 0 [0;36mepoch[0m = 0 [0;36mround[0m = 754 [0;36mnonce[0m = 752 [0;36mhash[0m = 50d3300b1b1614870efbd8aaf6b65ade758a5eb409cc6c61d6d5ea39d4b6abc5 
[0;36mDEBUG[0m[2026-03-16 10:14:11.749]   received shard header from network in block tracker [0;36mshard[0m = 0 [0;36mepoch[0m = 0 [0;36mround[0m = 755 [0;36mnonce[0m = 753 [0;36mhash[0m = 6f1906198ac976a4ccfdf0468d23f0f60e3dcc8ba6470620084469231d050e31 
[0;36mDEBUG[0m[2026-03-16 10:14:11.749]   received shard header from network in block tracker [0;36mshard[0m = 0 [0;36mepoch[0m = 0 [0;36mround[0m = 756 [0;36mnonce[0m = 754 [0;36mhash[0m = a5df4189b6b4c0f2c59f5a077f85fadf6461ab73eaaf40c597e44209010ae877 
[0;36mDEBUG[0m[2026-03-16 10:14:11.749]   received shard header from network in block tracker [0;36mshard[0m = 0 [0;36mepoch[0m = 0 [0;36mround[0m = 757 [0;36mnonce[0m = 755 [0;36mhash[0m = 64ef65673da15a148675d35f20d5b21e7bbf9d6d7b6345b0c7690e4ceffea502 
[0;36mDEBUG[0m[2026-03-16 10:14:11.749]   received shard header from network in block tracker [0;36mshard[0m = 0 [0;36mepoch[0m = 0 [0;36mround[0m = 758 [0;36mnonce[0m = 756 [0;36mhash[0m = 8ed4b2cf31ef711655c8c02ffe8bb2ccec7b3cbe1939b2155fd43ff34856d588 
[0;36mDEBUG[0m[2026-03-16 10:14:11.749]   received shard header from network in block tracker [0;36mshard[0m = 0 [0;36mepoch[0m = 0 [0;36mround[0m = 759 [0;36mnonce[0m = 757 [0;36mhash[0m = 601fc77992a72cce86f84da5e5ada6b331f2264da8ad77887a84563fbbfc227b 
[0;36mDEBUG[0m[2026-03-16 10:14:11.749]   received shard header from network in block tracker [0;36mshard[0m = 0 [0;36mepoch[0m = 0 [0;36mround[0m = 760 [0;36mnonce[0m = 758 [0;36mhash[0m = 761967db3311115cbcf4f44081b5b6b0b38db3d2051891e0095be0b432219f33 
[0;36mDEBUG[0m[2026-03-16 10:14:11.749]   received shard header from network in block tracker [0;36mshard[0m = 0 [0;36mepoch[0m = 0 [0;36mround[0m = 761 [0;36mnonce[0m = 759 [0;36mhash[0m = 71d334665974606bf6b72b5bd162190ad1d3ca15f00a1c6cc0ab1bd66fd7041a 
[0;36mDEBUG[0m[2026-03-16 10:14:11.750]   received shard header from network in block tracker [0;36mshard[0m = 0 [0;36mepoch[0m = 0 [0;36mround[0m = 762 [0;36mnonce[0m = 760 [0;36mhash[0m = 1a0fa3c7564dc625aaadcd5e64ffb576a16ff28cdaa0b4f14473a3d260b46710 
[0;36mDEBUG[0m[2026-03-16 10:14:11.750]   received shard header from network in block tracker [0;36mshard[0m = 0 [0;36mepoch[0m = 0 [0;36mround[0m = 763 [0;36mnonce[0m = 761 [0;36mhash[0m = 2fbb87ce8f974ea655487f21e26bf5a0520675545cfd8a4baf24443ff230d1ea 
[0;36mDEBUG[0m[2026-03-16 10:14:11.750]   received shard header from network in block tracker [0;36mshard[0m = 0 [0;36mepoch[0m = 0 [0;36mround[0m = 764 [0;36mnonce[0m = 762 [0;36mhash[0m = 1bf92b4bd64ed1ac2f03b0f64bea4a7e810509ffc2cf75238c7f5387398a6fed 
[0;36mDEBUG[0m[2026-03-16 10:14:11.750]   received shard header from network in block tracker [0;36mshard[0m = 0 [0;36mepoch[0m = 0 [0;36mround[0m = 765 [0;36mnonce[0m = 763 [0;36mhash[0m = 1ac103854802ef2d2c4a5202aead3ee22bbd9552b1acf337f7880a9cfa53dc21 
[0;36mDEBUG[0m[2026-03-16 10:14:11.750]   received shard header from network in block tracker [0;36mshard[0m = 0 [0;36mepoch[0m = 0 [0;36mround[0m = 766 [0;36mnonce[0m = 764 [0;36mhash[0m = d6181d597fb14daaedb66fe29e82119892d8efbba4c9ec891603814fc41bddd3 
[0;36mDEBUG[0m[2026-03-16 10:14:11.750]   received shard header from network in block tracker [0;36mshard[0m = 0 [0;36mepoch[0m = 0 [0;36mround[0m = 767 [0;36mnonce[0m = 765 [0;36mhash[0m = 4ce5839887d8c53a4cafbdee5fd55f4bbb80a136f2e3e0a124441f8a977e4f38 
[0;36mDEBUG[0m[2026-03-16 10:14:11.750]   received shard header from network in block tracker [0;36mshard[0m = 0 [0;36mepoch[0m = 0 [0;36mround[0m = 768 [0;36mnonce[0m = 766 [0;36mhash[0m = a6f92e96745fa11767f8ee8ff0ebf242207e31a2d41ee0f5ef4d9645a4460ca4 
[0;36mDEBUG[0m[2026-03-16 10:14:11.750]   received shard header from network in block tracker [0;36mshard[0m = 0 [0;36mepoch[0m = 0 [0;36mround[0m = 769 [0;36mnonce[0m = 767 [0;36mhash[0m = 9b8507b9483af3e07ab44c9c4924f5010a41326bab124a14c2f1e03136b41ef8 
[0;36mDEBUG[0m[2026-03-16 10:14:11.750]   received shard header from network in block tracker [0;36mshard[0m = 0 [0;36mepoch[0m = 0 [0;36mround[0m = 770 [0;36mnonce[0m = 768 [0;36mhash[0m = 709ea1265b23b22802556f857ee2d8ba9abf3d14606c5a3d92863d30330e1dc8 
[0;36mDEBUG[0m[2026-03-16 10:14:11.750]   received shard header from network in block tracker [0;36mshard[0m = 0 [0;36mepoch[0m = 0 [0;36mround[0m = 771 [0;36mnonce[0m = 769 [0;36mhash[0m = 8551e9607f9c33859aa25a6049ef61faf2aa20d607b801fcc5e83dc3eb718c74 
[0;36mDEBUG[0m[2026-03-16 10:14:11.750]   received shard header from network in block tracker [0;36mshard[0m = 0 [0;36mepoch[0m = 0 [0;36mround[0m = 772 [0;36mnonce[0m = 770 [0;36mhash[0m = 0672da8f189db4fdeaa4859122253f388eafe1ac5f1d6e5d9c8d40c7c9ca3725 
[0;36mDEBUG[0m[2026-03-16 10:14:11.750]   received shard header from network in block tracker [0;36mshard[0m = 0 [0;36mepoch[0m = 0 [0;36mround[0m = 773 [0;36mnonce[0m = 771 [0;36mhash[0m = 8edebfb7d719871b1634f0d197e1b66e94e9740e84377ee0823b7f3ce16defc0 
[0;36mDEBUG[0m[2026-03-16 10:14:11.750]   received shard header from network in block tracker [0;36mshard[0m = 0 [0;36mepoch[0m = 0 [0;36mround[0m = 774 [0;36mnonce[0m = 772 [0;36mhash[0m = 525da2888c61595a73b0c1436f6a0f9b4dc06acf0f6e1fec3a9efc1bab54845b 
[0;36mDEBUG[0m[2026-03-16 10:14:11.750]   received shard header from network in block tracker [0;36mshard[0m = 0 [0;36mepoch[0m = 0 [0;36mround[0m = 775 [0;36mnonce[0m = 773 [0;36mhash[0m = 6a921e922e234aac68ef8d696c0e4bdc1ec6fd5c51d96413ecf62367b4f2fb0b 
[0;36mDEBUG[0m[2026-03-16 10:14:11.750]   received shard header from network in block tracker [0;36mshard[0m = 0 [0;36mepoch[0m = 0 [0;36mround[0m = 776 [0;36mnonce[0m = 774 [0;36mhash[0m = e4124b756d68389ac00afbed3326e0953b8daf9230ed4886eb16d85f7c7d4c5b 
[0;36mDEBUG[0m[2026-03-16 10:14:11.750]   received shard header from network in block tracker [0;36mshard[0m = 0 [0;36mepoch[0m = 0 [0;36mround[0m = 777 [0;36mnonce[0m = 775 [0;36mhash[0m = da88650bc707d072280d0b5db05c75040aa15e13918f93beb51a8ea0a771f448 
[0;36mDEBUG[0m[2026-03-16 10:14:11.750]   received shard header from network in block tracker [0;36mshard[0m = 0 [0;36mepoch[0m = 0 [0;36mround[0m = 778 [0;36mnonce[0m = 776 [0;36mhash[0m = b2bd6680aeb986fb8a72e58962f129d54be1ec4d72755a8d64cfeadabe862b4e 
[0;36mDEBUG[0m[2026-03-16 10:14:11.750]   received shard header from network in block tracker [0;36mshard[0m = 0 [0;36mepoch[0m = 0 [0;36mround[0m = 779 [0;36mnonce[0m = 777 [0;36mhash[0m = 392d71590546b23055cad892f94773476ff343c846058eb75dda9822e7865c69 
[0;36mDEBUG[0m[2026-03-16 10:14:11.750]   received shard header from network in block tracker [0;36mshard[0m = 0 [0;36mepoch[0m = 0 [0;36mround[0m = 780 [0;36mnonce[0m = 778 [0;36mhash[0m = f7efe0f93d119c89e2d6056b6f1b8153bee6a74c62a4142559134276420aa8ea 
[0;36mDEBUG[0m[2026-03-16 10:14:11.750]   received shard header from network in block tracker [0;36mshard[0m = 0 [0;36mepoch[0m = 0 [0;36mround[0m = 781 [0;36mnonce[0m = 779 [0;36mhash[0m = 3b174830fe245052d924f797261749e1899dfa7a4c88df5adb1271966dbf7c7c 
[0;36mDEBUG[0m[2026-03-16 10:14:11.750]   received shard header from network in block tracker [0;36mshard[0m = 0 [0;36mepoch[0m = 0 [0;36mround[0m = 782 [0;36mnonce[0m = 780 [0;36mhash[0m = b77fa76e13a67643febe3fd39aec0c990f15d1b0cc152fcc60bd72445406b94f 
[0;36mDEBUG[0m[2026-03-16 10:14:11.750]   received shard header from network in block tracker [0;36mshard[0m = 0 [0;36mepoch[0m = 0 [0;36mround[0m = 783 [0;36mnonce[0m = 781 [0;36mhash[0m = f063b0eea90b4d46964def3b6a381516fb1f25302ffd19083eedda582fff8287 
[0;36mDEBUG[0m[2026-03-16 10:14:11.750]   received shard header from network in block tracker [0;36mshard[0m = 0 [0;36mepoch[0m = 0 [0;36mround[0m = 784 [0;36mnonce[0m = 782 [0;36mhash[0m = 987ee69aedcfd25aea5a7ea1442540595a94f4629a7f68c03a79becc5f53afbd 
[0;36mDEBUG[0m[2026-03-16 10:14:11.750]   received shard header from network in block tracker [0;36mshard[0m = 0 [0;36mepoch[0m = 0 [0;36mround[0m = 785 [0;36mnonce[0m = 783 [0;36mhash[0m = a72d5ea2729d7acb2f4c4f9e32a8e4887e8c51192da6a08fc16dbd9fd663404c 
[0;36mDEBUG[0m[2026-03-16 10:14:11.750]   received shard header from network in block tracker [0;36mshard[0m = 0 [0;36mepoch[0m = 0 [0;36mround[0m = 786 [0;36mnonce[0m = 784 [0;36mhash[0m = 456d27bb96cb6c6591506d1743d91412371dacbdbcb994a9e955f6368d390ef4 
[0;36mDEBUG[0m[2026-03-16 10:14:11.750]   received shard header from network in block tracker [0;36mshard[0m = 0 [0;36mepoch[0m = 0 [0;36mround[0m = 787 [0;36mnonce[0m = 785 [0;36mhash[0m = 8c63126ca426c949b0123bcbf6a2c685b05020ae62fbdd4acab91c200d7bad86 
[0;36mDEBUG[0m[2026-03-16 10:14:11.750]   received shard header from network in block tracker [0;36mshard[0m = 0 [0;36mepoch[0m = 0 [0;36mround[0m = 788 [0;36mnonce[0m = 786 [0;36mhash[0m = 94aa0732bc903a3683aad8a3cc6162ea1393b16b0dda80b9842fb8ff33a8a918 
[0;36mDEBUG[0m[2026-03-16 10:14:11.750]   received shard header from network in block tracker [0;36mshard[0m = 0 [0;36mepoch[0m = 0 [0;36mround[0m = 789 [0;36mnonce[0m = 787 [0;36mhash[0m = 364a7ed7ca45e38bfa662a4dca24b3008f2abbb360134b74b7f4aced87c443b5 
[0;36mDEBUG[0m[2026-03-16 10:14:11.750]   received shard header from network in block tracker [0;36mshard[0m = 0 [0;36mepoch[0m = 0 [0;36mround[0m = 790 [0;36mnonce[0m = 788 [0;36mhash[0m = a180db778e468b77ec6d0d3e6e4be53a80bc7860f5afc01000190f6c668344af 
[0;36mDEBUG[0m[2026-03-16 10:14:11.750]   received shard header from network in block tracker [0;36mshard[0m = 0 [0;36mepoch[0m = 0 [0;36mround[0m = 791 [0;36mnonce[0m = 789 [0;36mhash[0m = f006df0dd04a5a4f177e3a73dbddde52ac4cf028656f1ea4fcdd3fb12ddc72bb 
[0;36mDEBUG[0m[2026-03-16 10:14:11.750]   received shard header from network in block tracker [0;36mshard[0m = 0 [0;36mepoch[0m = 0 [0;36mround[0m = 792 [0;36mnonce[0m = 790 [0;36mhash[0m = 71eef08cf2155637fe251c45f8e8494a941f3c5a0f3dcee536dfda2d05ab8aa7 
[0;36mDEBUG[0m[2026-03-16 10:14:11.750]   received shard header from network in block tracker [0;36mshard[0m = 0 [0;36mepoch[0m = 0 [0;36mround[0m = 793 [0;36mnonce[0m = 791 [0;36mhash[0m = 5dc4c1bfec862abe9a4710fdc2af79ff94e59e05e7ca984d3849a07e22e63f49 
[0;36mDEBUG[0m[2026-03-16 10:14:11.750]   received shard header from network in block tracker [0;36mshard[0m = 0 [0;36mepoch[0m = 0 [0;36mround[0m = 794 [0;36mnonce[0m = 792 [0;36mhash[0m = b61b588c11b837f34d95e8c677f70b80364052771a0d4104090578b44c2e1365 
[0;36mDEBUG[0m[2026-03-16 10:14:11.750]   received shard header from network in block tracker [0;36mshard[0m = 0 [0;36mepoch[0m = 0 [0;36mround[0m = 795 [0;36mnonce[0m = 793 [0;36mhash[0m = f86a61b9ab90e5c0ed2b21cf753e4b206728b015ed4bd7468e17ab91afed75ce 
[0;36mDEBUG[0m[2026-03-16 10:14:11.750]   received shard header from network in block tracker [0;36mshard[0m = 0 [0;36mepoch[0m = 0 [0;36mround[0m = 796 [0;36mnonce[0m = 794 [0;36mhash[0m = ae018e6790e634d90de5a3d0bac2be171970f6467f27f912dc4c594a9bd13dc8 
[0;36mDEBUG[0m[2026-03-16 10:14:11.750]   received shard header from network in block tracker [0;36mshard[0m = 0 [0;36mepoch[0m = 0 [0;36mround[0m = 797 [0;36mnonce[0m = 795 [0;36mhash[0m = 3c34d8125a522d98230ef128253fdd7234e2b6aab2d8201df6369f4540565594 
[0;36mDEBUG[0m[2026-03-16 10:14:11.750]   received shard header from network in block tracker [0;36mshard[0m = 0 [0;36mepoch[0m = 0 [0;36mround[0m = 798 [0;36mnonce[0m = 796 [0;36mhash[0m = 31cc7232695c240e61f0d62258ae4057724768e7dad4cbf63cf112d14f1f5bd8 
[0;36mDEBUG[0m[2026-03-16 10:14:11.750]   received shard header from network in block tracker [0;36mshard[0m = 0 [0;36mepoch[0m = 0 [0;36mround[0m = 799 [0;36mnonce[0m = 797 [0;36mhash[0m = 768ab80c3074b85a978c7dadd3528a5d25a27ff8ede4475b421e803f1d957faf 
[0;36mDEBUG[0m[2026-03-16 10:14:11.750]   received shard header from network in block tracker [0;36mshard[0m = 0 [0;36mepoch[0m = 0 [0;36mround[0m = 800 [0;36mnonce[0m = 798 [0;36mhash[0m = 2abca24244d3ab82d312b45339edbc8493c77a4944e7b0dea14dad66aec950c6 
[0;36mDEBUG[0m[2026-03-16 10:14:11.750]   received shard header from network in block tracker [0;36mshard[0m = 0 [0;36mepoch[0m = 0 [0;36mround[0m = 801 [0;36mnonce[0m = 799 [0;36mhash[0m = f30d6dd17b53c7b830f0c199c8b56fd3bac1d79463597d458e7eb0af829f73e4 
[0;36mDEBUG[0m[2026-03-16 10:14:11.750]   received shard header from network in block tracker [0;36mshard[0m = 0 [0;36mepoch[0m = 0 [0;36mround[0m = 802 [0;36mnonce[0m = 800 [0;36mhash[0m = d42998cf2014191e15bdb1e1b8427dd89534257cda78b27d0b13068270f97e53 
[0;36mDEBUG[0m[2026-03-16 10:14:11.751]   received shard header from network in block tracker [0;36mshard[0m = 0 [0;36mepoch[0m = 0 [0;36mround[0m = 803 [0;36mnonce[0m = 801 [0;36mhash[0m = f055715b50c10a229e739c6ccdd07f28a636afc23f460ffefe5263189d020624 
[0;36mDEBUG[0m[2026-03-16 10:14:11.751]   received shard header from network in block tracker [0;36mshard[0m = 0 [0;36mepoch[0m = 0 [0;36mround[0m = 804 [0;36mnonce[0m = 802 [0;36mhash[0m = 21f3c341d5ace4d0b7fd3391318d5a392986da1aa0128d9440a59133ffd5804f 
[0;36mDEBUG[0m[2026-03-16 10:14:11.751]   received shard header from network in block tracker [0;36mshard[0m = 0 [0;36mepoch[0m = 0 [0;36mround[0m = 805 [0;36mnonce[0m = 803 [0;36mhash[0m = 9361306f4c7419aa70880d2fc5403c6b29c3998e7a2bf3527ca96c3eac1e12b0 
[0;36mDEBUG[0m[2026-03-16 10:14:11.751]   received shard header from network in block tracker [0;36mshard[0m = 0 [0;36mepoch[0m = 0 [0;36mround[0m = 806 [0;36mnonce[0m = 804 [0;36mhash[0m = a8899dcd703ca50aad4255a2344e0ee640a3cc6487e0058a1754fa9d658adea8 
[0;36mDEBUG[0m[2026-03-16 10:14:11.751]   received shard header from network in block tracker [0;36mshard[0m = 0 [0;36mepoch[0m = 0 [0;36mround[0m = 807 [0;36mnonce[0m = 805 [0;36mhash[0m = e13abde7b3f49d83aebaf8d9d7357d0857e63e20c5ad05451b6d5897494503e9 
[0;36mDEBUG[0m[2026-03-16 10:14:11.751]   received shard header from network in block tracker [0;36mshard[0m = 0 [0;36mepoch[0m = 0 [0;36mround[0m = 808 [0;36mnonce[0m = 806 [0;36mhash[0m = 3c9fcd12c195d5c6d182784d14c4238743144d7b50617ad724b1fac396a5d8cd 
[0;36mDEBUG[0m[2026-03-16 10:14:11.751]   received shard header from network in block tracker [0;36mshard[0m = 0 [0;36mepoch[0m = 0 [0;36mround[0m = 809 [0;36mnonce[0m = 807 [0;36mhash[0m = 99439996e3ba0219ddd7485f2145d9ad93dca8ddb23764ee7a234a69add724fa 
[0;36mDEBUG[0m[2026-03-16 10:14:11.751]   received shard header from network in block tracker [0;36mshard[0m = 0 [0;36mepoch[0m = 0 [0;36mround[0m = 810 [0;36mnonce[0m = 808 [0;36mhash[0m = e273416232e518109a81b0064d699e1929c681f2ea0fa05a478a602e48adcf1f 
[0;36mDEBUG[0m[2026-03-16 10:14:11.751]   received shard header from network in block tracker [0;36mshard[0m = 0 [0;36mepoch[0m = 0 [0;36mround[0m = 811 [0;36mnonce[0m = 809 [0;36mhash[0m = 52eb5414e4d0fe4daafa916340114d5d5ba55c0007b2caf206ec1b8d26c5b429 
[0;36mDEBUG[0m[2026-03-16 10:14:11.751]   received shard header from network in block tracker [0;36mshard[0m = 0 [0;36mepoch[0m = 0 [0;36mround[0m = 812 [0;36mnonce[0m = 810 [0;36mhash[0m = 49bd3c173edefbae5878ae8143d9eae3d64fc92e4e099f170df6f264d606543b 
[0;36mDEBUG[0m[2026-03-16 10:14:11.751]   received shard header from network in block tracker [0;36mshard[0m = 0 [0;36mepoch[0m = 0 [0;36mround[0m = 813 [0;36mnonce[0m = 811 [0;36mhash[0m = 6c133aa3d33c69ff01f29a94ef6a41e919a7508fa996402e726351fb2809e1a4 
[0;36mDEBUG[0m[2026-03-16 10:14:11.751]   received shard header from network in block tracker [0;36mshard[0m = 0 [0;36mepoch[0m = 0 [0;36mround[0m = 814 [0;36mnonce[0m = 812 [0;36mhash[0m = feb7ed1092d1698d5b766252abfcda89303b64b6f9cfe519eabaa56e900711be 
[0;36mDEBUG[0m[2026-03-16 10:14:11.751]   received shard header from network in block tracker [0;36mshard[0m = 0 [0;36mepoch[0m = 0 [0;36mround[0m = 815 [0;36mnonce[0m = 813 [0;36mhash[0m = b2b163ff72e3daa01b9b89ecf8660b6c4b038610bcd131a80d96a2b5b96186f6 
[0;36mDEBUG[0m[2026-03-16 10:14:11.751]   received shard header from network in block tracker [0;36mshard[0m = 0 [0;36mepoch[0m = 0 [0;36mround[0m = 816 [0;36mnonce[0m = 814 [0;36mhash[0m = 0ef4dab6008c910d757409bc549bc070b1f031b5568a5e60edf778ca9ff9939e 
[0;36mDEBUG[0m[2026-03-16 10:14:11.751]   received shard header from network in block tracker [0;36mshard[0m = 0 [0;36mepoch[0m = 0 [0;36mround[0m = 817 [0;36mnonce[0m = 815 [0;36mhash[0m = 34e3c7391ae072d8c4cb1fe0ae7267a0e5272373e6b1434fe73a742da97304a1 
[0;36mDEBUG[0m[2026-03-16 10:14:11.751]   received shard header from network in block tracker [0;36mshard[0m = 0 [0;36mepoch[0m = 0 [0;36mround[0m = 818 [0;36mnonce[0m = 816 [0;36mhash[0m = 7dc174e9521dd918384f22b4b428d732557fd084baa5b648fc145b9c5d2f2039 
[0;36mDEBUG[0m[2026-03-16 10:14:11.751]   received shard header from network in block tracker [0;36mshard[0m = 0 [0;36mepoch[0m = 0 [0;36mround[0m = 819 [0;36mnonce[0m = 817 [0;36mhash[0m = ffcae7e01807953dc30a6f02fce86218f4cc7e9e4915ad7e6c527f61b7740d15 
[0;36mDEBUG[0m[2026-03-16 10:14:11.751]   received shard header from network in block tracker [0;36mshard[0m = 0 [0;36mepoch[0m = 0 [0;36mround[0m = 820 [0;36mnonce[0m = 818 [0;36mhash[0m = 156d7a84324e2c5c369fb2ebbc6cd1b9d26caaeccde1692a5689dac979f33ac9 
[0;36mDEBUG[0m[2026-03-16 10:14:11.751]   received shard header from network in block tracker [0;36mshard[0m = 0 [0;36mepoch[0m = 0 [0;36mround[0m = 821 [0;36mnonce[0m = 819 [0;36mhash[0m = a4fe428bea590ca87cff6368e736e83e912b5c5455f5fb6575447c4e4ac8e687 
[0;36mDEBUG[0m[2026-03-16 10:14:11.751]   received shard header from network in block tracker [0;36mshard[0m = 0 [0;36mepoch[0m = 0 [0;36mround[0m = 822 [0;36mnonce[0m = 820 [0;36mhash[0m = d2a40af41b4e15a141be3b012cdaf9e380cf3dd029a6daa878090696148c2386 
[0;36mDEBUG[0m[2026-03-16 10:14:11.751]   received shard header from network in block tracker [0;36mshard[0m = 0 [0;36mepoch[0m = 0 [0;36mround[0m = 823 [0;36mnonce[0m = 821 [0;36mhash[0m = cb47916b54cf09108f8adea5e64d6c61cac575a04146f934f36ae8ce720029e0 
[0;36mDEBUG[0m[2026-03-16 10:14:11.751]   received shard header from network in block tracker [0;36mshard[0m = 0 [0;36mepoch[0m = 0 [0;36mround[0m = 824 [0;36mnonce[0m = 822 [0;36mhash[0m = ade355fb64d0b275837effc4a5f176e63284adfb07a81dc711b1a33989a33355 
[0;36mDEBUG[0m[2026-03-16 10:14:11.751]   received shard header from network in block tracker [0;36mshard[0m = 0 [0;36mepoch[0m = 0 [0;36mround[0m = 825 [0;36mnonce[0m = 823 [0;36mhash[0m = 22def6d5e2844757843876b7de7ef3e0e799df46556d60bda36e2f4a58fcf429 
[0;36mDEBUG[0m[2026-03-16 10:14:11.751]   received shard header from network in block tracker [0;36mshard[0m = 0 [0;36mepoch[0m = 0 [0;36mround[0m = 826 [0;36mnonce[0m = 824 [0;36mhash[0m = 8db10e99ae46b2b3e5034f9e6118d9ef811a0ac35c568c2562890818efeea26e 
[0;36mDEBUG[0m[2026-03-16 10:14:11.751]   received shard header from network in block tracker [0;36mshard[0m = 0 [0;36mepoch[0m = 0 [0;36mround[0m = 827 [0;36mnonce[0m = 825 [0;36mhash[0m = 8baa3cd7ac7badd3ef699ed2ecd21d2a242276590216a9d166b5e39855353816 
[0;36mDEBUG[0m[2026-03-16 10:14:11.751]   received shard header from network in block tracker [0;36mshard[0m = 0 [0;36mepoch[0m = 0 [0;36mround[0m = 828 [0;36mnonce[0m = 826 [0;36mhash[0m = eddb5652867f8a9a33921864c5cd9512797256d966af247840703d9cf1b04641 
[0;36mDEBUG[0m[2026-03-16 10:14:11.751]   received shard header from network in block tracker [0;36mshard[0m = 0 [0;36mepoch[0m = 0 [0;36mround[0m = 829 [0;36mnonce[0m = 827 [0;36mhash[0m = 574489ff9583ec169358d7b8aebd6067f07f3d0d8864fe9ac8617b8546846864 
[0;36mDEBUG[0m[2026-03-16 10:14:11.751]   received shard header from network in block tracker [0;36mshard[0m = 0 [0;36mepoch[0m = 0 [0;36mround[0m = 830 [0;36mnonce[0m = 828 [0;36mhash[0m = c48ffc068edaba0c304204d5141955b3e0cae5dc5e00ce1ba3e785e00d44ca32 
[0;36mDEBUG[0m[2026-03-16 10:14:11.751]   received shard header from network in block tracker [0;36mshard[0m = 0 [0;36mepoch[0m = 0 [0;36mround[0m = 831 [0;36mnonce[0m = 829 [0;36mhash[0m = 68a60078718408c4f05d228d15d44962b54f06f67edb6c9f8473eef2edfa74b2 
[0;36mDEBUG[0m[2026-03-16 10:14:11.752]   received shard header from network in block tracker [0;36mshard[0m = 0 [0;36mepoch[0m = 0 [0;36mround[0m = 832 [0;36mnonce[0m = 830 [0;36mhash[0m = 39098c534ed9daffd370a4fb9cd66a11a90d7110ba6f6d8bb414b79fa2293207 
[0;36mDEBUG[0m[2026-03-16 10:14:11.752]   received shard header from network in block tracker [0;36mshard[0m = 0 [0;36mepoch[0m = 0 [0;36mround[0m = 833 [0;36mnonce[0m = 831 [0;36mhash[0m = 016b82e100d06f46da6a356decd24c96772a1fc492bec670878d93eedcc63a34 
[0;36mDEBUG[0m[2026-03-16 10:14:11.752]   received shard header from network in block tracker [0;36mshard[0m = 0 [0;36mepoch[0m = 0 [0;36mround[0m = 834 [0;36mnonce[0m = 832 [0;36mhash[0m = d75dffe40f5c7323c369c2417624267ddc2bb07da28a010148f428b5951883a0 
[0;36mDEBUG[0m[2026-03-16 10:14:11.752]   received shard header from network in block tracker [0;36mshard[0m = 0 [0;36mepoch[0m = 0 [0;36mround[0m = 835 [0;36mnonce[0m = 833 [0;36mhash[0m = f878b4a0126c544759c372d8d58fe0c0302939068b7695920633122d33b0aeba 
[0;36mDEBUG[0m[2026-03-16 10:14:11.752]   received shard header from network in block tracker [0;36mshard[0m = 0 [0;36mepoch[0m = 0 [0;36mround[0m = 836 [0;36mnonce[0m = 834 [0;36mhash[0m = c82ab882cc19488b73272b2fb30e80dea3a3203b1ee5273a3517af0a3e581951 
[0;36mDEBUG[0m[2026-03-16 10:14:11.752]   received shard header from network in block tracker [0;36mshard[0m = 0 [0;36mepoch[0m = 0 [0;36mround[0m = 837 [0;36mnonce[0m = 835 [0;36mhash[0m = 5bb135282c4eba39cec785ebc95cb5e0a21ae1030fbed76ea748fb8a5d0939c7 
[0;36mDEBUG[0m[2026-03-16 10:14:11.752]   received shard header from network in block tracker [0;36mshard[0m = 0 [0;36mepoch[0m = 0 [0;36mround[0m = 838 [0;36mnonce[0m = 836 [0;36mhash[0m = dbb75e969ce7ae9f5979149c67a542242ae72a32ff8581c46319db62fb01cb36 
[0;36mDEBUG[0m[2026-03-16 10:14:11.752]   received shard header from network in block tracker [0;36mshard[0m = 0 [0;36mepoch[0m = 0 [0;36mround[0m = 839 [0;36mnonce[0m = 837 [0;36mhash[0m = edf6d8d8fc83a66db9cd52271cd9e70900865d863682e0deed396c53b48e5af3 
[0;36mDEBUG[0m[2026-03-16 10:14:11.752]   received shard header from network in block tracker [0;36mshard[0m = 0 [0;36mepoch[0m = 0 [0;36mround[0m = 840 [0;36mnonce[0m = 838 [0;36mhash[0m = aabde3c9474611999c8eafcc3c999ec39801856d68910f24e31b2aa4073abcaf 
[0;36mDEBUG[0m[2026-03-16 10:14:11.752]   received shard header from network in block tracker [0;36mshard[0m = 0 [0;36mepoch[0m = 0 [0;36mround[0m = 841 [0;36mnonce[0m = 839 [0;36mhash[0m = fe9bb59a412ab41e07e493329bcd622835f3d0bfa89e8ed1be1245d23d081cb6 
[0;36mDEBUG[0m[2026-03-16 10:14:11.752]   received shard header from network in block tracker [0;36mshard[0m = 0 [0;36mepoch[0m = 0 [0;36mround[0m = 842 [0;36mnonce[0m = 840 [0;36mhash[0m = c1d9faff25b49338d2ea8a1b21901b714ef59d9e8ef6c16bcb86c4c92341ada6 
[0;36mDEBUG[0m[2026-03-16 10:14:11.752]   received shard header from network in block tracker [0;36mshard[0m = 0 [0;36mepoch[0m = 0 [0;36mround[0m = 843 [0;36mnonce[0m = 841 [0;36mhash[0m = e5bd5cc1d2ac92d4b59fb9727a5e08847a66ba92a1377b270d9a25cc26c520bb 
[0;36mDEBUG[0m[2026-03-16 10:14:11.752]   received shard header from network in block tracker [0;36mshard[0m = 0 [0;36mepoch[0m = 0 [0;36mround[0m = 844 [0;36mnonce[0m = 842 [0;36mhash[0m = 95f1f5f78b26ae62e1f8252f6abdfdec7d4bd343868cd7f692858ffe00443cb0 
[0;36mDEBUG[0m[2026-03-16 10:14:11.752]   received shard header from network in block tracker [0;36mshard[0m = 0 [0;36mepoch[0m = 0 [0;36mround[0m = 845 [0;36mnonce[0m = 843 [0;36mhash[0m = 588cc62481d4742698368fd1b9a4e13f64a955862c9727e1f9a95bcffeb63345 
[0;36mDEBUG[0m[2026-03-16 10:14:11.752]   received shard header from network in block tracker [0;36mshard[0m = 0 [0;36mepoch[0m = 0 [0;36mround[0m = 846 [0;36mnonce[0m = 844 [0;36mhash[0m = 3432ca43a0d49e4a64898d2fc25407b41c1c548eade7c91b1eac415666569316 
[0;36mDEBUG[0m[2026-03-16 10:14:11.752]   received shard header from network in block tracker [0;36mshard[0m = 0 [0;36mepoch[0m = 0 [0;36mround[0m = 847 [0;36mnonce[0m = 845 [0;36mhash[0m = 675440fa9d94c59d6a88783cec2f2419f27f7ada6015faf5a20fbaf2f813a857 
[0;36mDEBUG[0m[2026-03-16 10:14:11.752]   received shard header from network in block tracker [0;36mshard[0m = 0 [0;36mepoch[0m = 0 [0;36mround[0m = 848 [0;36mnonce[0m = 846 [0;36mhash[0m = 946ea5b7dfcde4eff516aecb3c0461851349c66f710f8140961cd1357086a590 
[0;36mDEBUG[0m[2026-03-16 10:14:11.752]   received shard header from network in block tracker [0;36mshard[0m = 0 [0;36mepoch[0m = 0 [0;36mround[0m = 849 [0;36mnonce[0m = 847 [0;36mhash[0m = 09da58b9df2a96d429d731bb5ee3793cd842c5ba609fd5e803f3dd5acfa8e4c6 
[0;36mDEBUG[0m[2026-03-16 10:14:11.752]   received shard header from network in block tracker [0;36mshard[0m = 0 [0;36mepoch[0m = 0 [0;36mround[0m = 850 [0;36mnonce[0m = 848 [0;36mhash[0m = b75c76322a2b075a5c5f71818f564731f76130a186c1819638b9a6275278d1a1 
[0;36mDEBUG[0m[2026-03-16 10:14:11.752]   received shard header from network in block tracker [0;36mshard[0m = 0 [0;36mepoch[0m = 0 [0;36mround[0m = 851 [0;36mnonce[0m = 849 [0;36mhash[0m = 782940f62937c9cf171c46565cbe92415f98fb50c1178df40c69735df5686be5 
[0;36mDEBUG[0m[2026-03-16 10:14:11.752]   received shard header from network in block tracker [0;36mshard[0m = 0 [0;36mepoch[0m = 0 [0;36mround[0m = 852 [0;36mnonce[0m = 850 [0;36mhash[0m = fce160d50581f3a96c2ac90ca002eeccb6a9a1ba1abb799063b6f1e0acb15508 
[0;36mDEBUG[0m[2026-03-16 10:14:11.752]   received shard header from network in block tracker [0;36mshard[0m = 0 [0;36mepoch[0m = 0 [0;36mround[0m = 853 [0;36mnonce[0m = 851 [0;36mhash[0m = 249dcacf7b5d9f03e8691c97c462931dbf2451466bbaa47331ba2986533b6405 
[0;36mDEBUG[0m[2026-03-16 10:14:11.752]   received shard header from network in block tracker [0;36mshard[0m = 0 [0;36mepoch[0m = 0 [0;36mround[0m = 854 [0;36mnonce[0m = 852 [0;36mhash[0m = 16a45a15762c7afe1c8b82fa3bfc88c03fc2488aa6a21c6ed5e5067f4d8a5148 
[0;36mDEBUG[0m[2026-03-16 10:14:11.752]   received shard header from network in block tracker [0;36mshard[0m = 0 [0;36mepoch[0m = 0 [0;36mround[0m = 855 [0;36mnonce[0m = 853 [0;36mhash[0m = 5b8a3fbbe8537157b0b16356bc7806faafc8331f5de15cc1a150f717c421cfe0 
[0;36mDEBUG[0m[2026-03-16 10:14:11.752]   received shard header from network in block tracker [0;36mshard[0m = 0 [0;36mepoch[0m = 0 [0;36mround[0m = 856 [0;36mnonce[0m = 854 [0;36mhash[0m = 9ba181484d11c46a29ee3f92f88e7e33e58b513d7594ab56d7621e6888b960bb 
[0;36mDEBUG[0m[2026-03-16 10:14:11.752]   received shard header from network in block tracker [0;36mshard[0m = 0 [0;36mepoch[0m = 0 [0;36mround[0m = 857 [0;36mnonce[0m = 855 [0;36mhash[0m = ba6597a4db175041da501148d3a52ebacb199b2676b4d7189e4a27a06b8ccde3 
[0;36mDEBUG[0m[2026-03-16 10:14:11.752]   received shard header from network in block tracker [0;36mshard[0m = 0 [0;36mepoch[0m = 0 [0;36mround[0m = 858 [0;36mnonce[0m = 856 [0;36mhash[0m = 59666791351eab15bf20a78e6830e7278734055b4e67ffb18bffc5c456cea651 
[0;36mDEBUG[0m[2026-03-16 10:14:11.752]   received shard header from network in block tracker [0;36mshard[0m = 0 [0;36mepoch[0m = 0 [0;36mround[0m = 859 [0;36mnonce[0m = 857 [0;36mhash[0m = 3b62479dca48af802d6225c195bc14b2f6f81adeb8f3fd5c070c8904d829f6f9 
[0;36mDEBUG[0m[2026-03-16 10:14:11.752]   received shard header from network in block tracker [0;36mshard[0m = 0 [0;36mepoch[0m = 0 [0;36mround[0m = 860 [0;36mnonce[0m = 858 [0;36mhash[0m = 64aa07393f93c380ebe901a82f51dc1beea4fb27ea4697b97e2ec6d1ed5a61b7 
[0;36mDEBUG[0m[2026-03-16 10:14:11.752]   received shard header from network in block tracker [0;36mshard[0m = 0 [0;36mepoch[0m = 0 [0;36mround[0m = 861 [0;36mnonce[0m = 859 [0;36mhash[0m = d60f059d18b6d989e7133184f1788b1620039ae63d84124d225a963a6f8ce8c2 
[0;36mDEBUG[0m[2026-03-16 10:14:11.752]   received shard header from network in block tracker [0;36mshard[0m = 0 [0;36mepoch[0m = 0 [0;36mround[0m = 862 [0;36mnonce[0m = 860 [0;36mhash[0m = b636ef5be72d7791556241f96db2626c5b70f8a7272b9d6057c874d6616ef0cc 
[0;36mDEBUG[0m[2026-03-16 10:14:11.752]   received shard header from network in block tracker [0;36mshard[0m = 0 [0;36mepoch[0m = 0 [0;36mround[0m = 863 [0;36mnonce[0m = 861 [0;36mhash[0m = 773f585dbbfbe9f116bdd82e51fa0dbf223eb531e861878333fe4955cc7cfd12 
[0;36mDEBUG[0m[2026-03-16 10:14:11.752]   received shard header from network in block tracker [0;36mshard[0m = 0 [0;36mepoch[0m = 0 [0;36mround[0m = 864 [0;36mnonce[0m = 862 [0;36mhash[0m = bf71f6263abc86fde88e9993a08510743c43862757840c1b204de9c56d902b18 
[0;36mDEBUG[0m[2026-03-16 10:14:11.752]   received shard header from network in block tracker [0;36mshard[0m = 0 [0;36mepoch[0m = 0 [0;36mround[0m = 865 [0;36mnonce[0m = 863 [0;36mhash[0m = de9a08a48884bd85bcce197d8d636c149d62a4c4a11cc540e2982437a4b23392 
[0;36mDEBUG[0m[2026-03-16 10:14:11.752]   received shard header from network in block tracker [0;36mshard[0m = 0 [0;36mepoch[0m = 0 [0;36mround[0m = 866 [0;36mnonce[0m = 864 [0;36mhash[0m = 169c7094d1a82b30724cb7adffc4e29051d8f1e5d87fee91b7a45899779e1c94 
[0;36mDEBUG[0m[2026-03-16 10:14:11.752]   received shard header from network in block tracker [0;36mshard[0m = 0 [0;36mepoch[0m = 0 [0;36mround[0m = 867 [0;36mnonce[0m = 865 [0;36mhash[0m = 73e378276a034b905150936c1fa3a314a054f44052cc08d1c3cc2f6344e0179f 
[0;36mDEBUG[0m[2026-03-16 10:14:11.752]   received shard header from network in block tracker [0;36mshard[0m = 0 [0;36mepoch[0m = 0 [0;36mround[0m = 868 [0;36mnonce[0m = 866 [0;36mhash[0m = 43e7f9811b631ae2649ce64b4f400e94f3fccad8d9d65f86c22a574d5440de14 
[0;36mDEBUG[0m[2026-03-16 10:14:11.752]   received shard header from network in block tracker [0;36mshard[0m = 0 [0;36mepoch[0m = 0 [0;36mround[0m = 869 [0;36mnonce[0m = 867 [0;36mhash[0m = 8e8f5041292f363ae44e49242947085dea83c08bd819401dca3c4d08f71d7ea5 
[0;36mDEBUG[0m[2026-03-16 10:14:11.752]   received shard header from network in block tracker [0;36mshard[0m = 0 [0;36mepoch[0m = 0 [0;36mround[0m = 870 [0;36mnonce[0m = 868 [0;36mhash[0m = 62d04decd98fea2439cff8510651b434f0ad35e6f265d5be96b30e7a10aca0ba 
[0;36mDEBUG[0m[2026-03-16 10:14:11.752]   received shard header from network in block tracker [0;36mshard[0m = 0 [0;36mepoch[0m = 0 [0;36mround[0m = 871 [0;36mnonce[0m = 869 [0;36mhash[0m = d92657c62b8e5b9d509a10b1938902e3000c1c8ebb9b3fccd492e2102a32be9b 
[0;36mDEBUG[0m[2026-03-16 10:14:11.752]   received shard header from network in block tracker [0;36mshard[0m = 0 [0;36mepoch[0m = 0 [0;36mround[0m = 872 [0;36mnonce[0m = 870 [0;36mhash[0m = ade4bfce18b0645d43c91ca0ae96660b9c6ac2adb81ff85bd2a2514712f08baa 
[0;36mDEBUG[0m[2026-03-16 10:14:11.752]   received shard header from network in block tracker [0;36mshard[0m = 0 [0;36mepoch[0m = 0 [0;36mround[0m = 873 [0;36mnonce[0m = 871 [0;36mhash[0m = 4f055419db6d9094c83d44db15a5ce4b4a03766f66b73ed2d0d447d551b6aac6 
[0;36mDEBUG[0m[2026-03-16 10:14:11.752]   received shard header from network in block tracker [0;36mshard[0m = 0 [0;36mepoch[0m = 0 [0;36mround[0m = 874 [0;36mnonce[0m = 872 [0;36mhash[0m = c2157d2a66f3f9ef64df158023c672991775ec547c1a3708dce08ddf9cf26d8e 
[0;36mDEBUG[0m[2026-03-16 10:14:11.752]   received shard header from network in block tracker [0;36mshard[0m = 0 [0;36mepoch[0m = 0 [0;36mround[0m = 875 [0;36mnonce[0m = 873 [0;36mhash[0m = 67550bc581cfbca601580c5d0296a732771520c14f56b40e373b240153f243d5 
[0;36mDEBUG[0m[2026-03-16 10:14:11.752]   received shard header from network in block tracker [0;36mshard[0m = 0 [0;36mepoch[0m = 0 [0;36mround[0m = 876 [0;36mnonce[0m = 874 [0;36mhash[0m = 7058df0750fff705a445e027cec02007a46072add1a35da155c8291e9e74332f 
[0;36mDEBUG[0m[2026-03-16 10:14:11.752]   received shard header from network in block tracker [0;36mshard[0m = 0 [0;36mepoch[0m = 0 [0;36mround[0m = 877 [0;36mnonce[0m = 875 [0;36mhash[0m = 58467777fccea797b56ef9277517ea94408d4554aacfa6e732331d46053a412e 
[0;36mDEBUG[0m[2026-03-16 10:14:11.752]   received shard header from network in block tracker [0;36mshard[0m = 0 [0;36mepoch[0m = 0 [0;36mround[0m = 878 [0;36mnonce[0m = 876 [0;36mhash[0m = 43285f00ed6161235995f5bae93ef7a2bd4c36f78233e2832df6f4d8067c8d5f 
[0;36mDEBUG[0m[2026-03-16 10:14:11.752]   received shard header from network in block tracker [0;36mshard[0m = 0 [0;36mepoch[0m = 0 [0;36mround[0m = 879 [0;36mnonce[0m = 877 [0;36mhash[0m = 23ec2fc4c21b9ccfda3052538b0c1fc4c8ca3844e4d35ae230c83a15aac5a9c7 
[0;36mDEBUG[0m[2026-03-16 10:14:11.752]   received shard header from network in block tracker [0;36mshard[0m = 0 [0;36mepoch[0m = 0 [0;36mround[0m = 880 [0;36mnonce[0m = 878 [0;36mhash[0m = e21e111889b52ee1f958fb229ec5bc05dd505d10573f265a4bac02c0eb4ec662 
[0;36mDEBUG[0m[2026-03-16 10:14:11.752]   received shard header from network in block tracker [0;36mshard[0m = 0 [0;36mepoch[0m = 0 [0;36mround[0m = 881 [0;36mnonce[0m = 879 [0;36mhash[0m = 1e9c2b17f9465fe637ddfadb0142754c7ac2d04de442d90fa7032fd9b4c2077a 
[0;36mDEBUG[0m[2026-03-16 10:14:11.752]   received shard header from network in block tracker [0;36mshard[0m = 0 [0;36mepoch[0m = 0 [0;36mround[0m = 882 [0;36mnonce[0m = 880 [0;36mhash[0m = ceb6476eba264d2d64b2a56f92aa84e019be1aa2810affa10ce70bc681174779 
[0;36mDEBUG[0m[2026-03-16 10:14:11.752]   received shard header from network in block tracker [0;36mshard[0m = 0 [0;36mepoch[0m = 0 [0;36mround[0m = 883 [0;36mnonce[0m = 881 [0;36mhash[0m = f0d82bee44b25a3c711079dc7e0072556421b8fe21bd98338eb8e13b785835ba 
[0;36mDEBUG[0m[2026-03-16 10:14:11.752]   received shard header from network in block tracker [0;36mshard[0m = 0 [0;36mepoch[0m = 0 [0;36mround[0m = 884 [0;36mnonce[0m = 882 [0;36mhash[0m = 47941ebc4ec0093da898237716a279cb975201e99b3c792cf033b6fc2b01cbf8 
[0;36mDEBUG[0m[2026-03-16 10:14:11.752]   received shard header from network in block tracker [0;36mshard[0m = 0 [0;36mepoch[0m = 0 [0;36mround[0m = 885 [0;36mnonce[0m = 883 [0;36mhash[0m = 79c670e70c3438eea97a77a4febc6eecaf886202765cc8a4b2b88ca6509f426e 
[0;36mDEBUG[0m[2026-03-16 10:14:11.752]   received shard header from network in block tracker [0;36mshard[0m = 0 [0;36mepoch[0m = 0 [0;36mround[0m = 886 [0;36mnonce[0m = 884 [0;36mhash[0m = efda627d30604bec0c565e61bf1011cc277ac0542b7ca38349f594c169c80fac 
[0;36mDEBUG[0m[2026-03-16 10:14:11.752]   received shard header from network in block tracker [0;36mshard[0m = 0 [0;36mepoch[0m = 0 [0;36mround[0m = 887 [0;36mnonce[0m = 885 [0;36mhash[0m = 4572a12f5ca14a6b9765d28d25bbcadb2f03ef1f4ef040bd1da7c0d3a9c7bf01 
[0;36mDEBUG[0m[2026-03-16 10:14:11.752]   received shard header from network in block tracker [0;36mshard[0m = 0 [0;36mepoch[0m = 0 [0;36mround[0m = 888 [0;36mnonce[0m = 886 [0;36mhash[0m = 9b5d572c3b397a5b9081bc1b8e3e00c0956e4bdec58794ffad7db006bb0b3c18 
[0;36mDEBUG[0m[2026-03-16 10:14:11.752]   received shard header from network in block tracker [0;36mshard[0m = 0 [0;36mepoch[0m = 0 [0;36mround[0m = 889 [0;36mnonce[0m = 887 [0;36mhash[0m = 76d81cb7715a26d4af4e890ccb6e6f94ea4f237056cef73ee01de8873cc1aa35 
[0;36mDEBUG[0m[2026-03-16 10:14:11.752]   received shard header from network in block tracker [0;36mshard[0m = 0 [0;36mepoch[0m = 0 [0;36mround[0m = 890 [0;36mnonce[0m = 888 [0;36mhash[0m = e3ea17dfdade36e2d4e251d5b4aa7b77d1e086b59f1163411c892f7d581b74be 
[0;36mDEBUG[0m[2026-03-16 10:14:11.752]   received shard header from network in block tracker [0;36mshard[0m = 0 [0;36mepoch[0m = 0 [0;36mround[0m = 891 [0;36mnonce[0m = 889 [0;36mhash[0m = bb4d513ec049cd3515e5743c3489d64c1e67bdfe72a704f0c94b1d339c339938 
[0;36mDEBUG[0m[2026-03-16 10:14:11.752]   received shard header from network in block tracker [0;36mshard[0m = 0 [0;36mepoch[0m = 0 [0;36mround[0m = 892 [0;36mnonce[0m = 890 [0;36mhash[0m = ec96124383dc4240084c66661ef155a220190f0e5455f3e432a6e984065127ec 
[0;36mDEBUG[0m[2026-03-16 10:14:11.752]   received shard header from network in block tracker [0;36mshard[0m = 0 [0;36mepoch[0m = 0 [0;36mround[0m = 893 [0;36mnonce[0m = 891 [0;36mhash[0m = 346d18fb890714b8836f1bafdb0787f0b6335e7b60c046b65004280b7aef97e0 
[0;36mDEBUG[0m[2026-03-16 10:14:11.752]   received shard header from network in block tracker [0;36mshard[0m = 0 [0;36mepoch[0m = 0 [0;36mround[0m = 894 [0;36mnonce[0m = 892 [0;36mhash[0m = 343f626ea22c5cabc313752a3b6ecb9c72c619e70a9b15ee10c59a89d1e0dfdb 
[0;36mDEBUG[0m[2026-03-16 10:14:11.752]   received shard header from network in block tracker [0;36mshard[0m = 0 [0;36mepoch[0m = 0 [0;36mround[0m = 895 [0;36mnonce[0m = 893 [0;36mhash[0m = 1e910aa129a0c16cd39c5c6b9decb3c9b108ca7b210c9e0a17e4d0ff549a1c89 
[0;36mDEBUG[0m[2026-03-16 10:14:11.752]   received shard header from network in block tracker [0;36mshard[0m = 0 [0;36mepoch[0m = 0 [0;36mround[0m = 896 [0;36mnonce[0m = 894 [0;36mhash[0m = 75809ac5163a2ef47a600f359cfde8ed02fb9800ea7616df3dfc013607a1d71c 
[0;36mDEBUG[0m[2026-03-16 10:14:11.752]   received shard header from network in block tracker [0;36mshard[0m = 0 [0;36mepoch[0m = 0 [0;36mround[0m = 897 [0;36mnonce[0m = 895 [0;36mhash[0m = 8b3f69b829d8c5d9707753565379d407bf760d42adbc88b420f5c791a2511f03 
[0;36mDEBUG[0m[2026-03-16 10:14:11.752]   received shard header from network in block tracker [0;36mshard[0m = 0 [0;36mepoch[0m = 0 [0;36mround[0m = 898 [0;36mnonce[0m = 896 [0;36mhash[0m = f0f2aa9d5a17585fff6d5ac8d9f11d5e992a2a744753ccc07544e91a7fde670e 
[0;36mDEBUG[0m[2026-03-16 10:14:11.752]   received shard header from network in block tracker [0;36mshard[0m = 0 [0;36mepoch[0m = 0 [0;36mround[0m = 899 [0;36mnonce[0m = 897 [0;36mhash[0m = 7abab9381ab21256bdcc5242b0629cc29be14169bb135e5fe4dae9c0d0db1063 
[0;36mDEBUG[0m[2026-03-16 10:14:11.752]   received shard header from network in block tracker [0;36mshard[0m = 0 [0;36mepoch[0m = 0 [0;36mround[0m = 900 [0;36mnonce[0m = 898 [0;36mhash[0m = 64d05375223242199c12da301e571add1068c4dadf50e51f0ac0a5cbea414dcc 
[0;36mDEBUG[0m[2026-03-16 10:14:11.752]   received shard header from network in block tracker [0;36mshard[0m = 0 [0;36mepoch[0m = 0 [0;36mround[0m = 901 [0;36mnonce[0m = 899 [0;36mhash[0m = 0adc906820249f141316d588ee809e69ee05d016aa42a1753f784525f2db1f6b 
[0;36mDEBUG[0m[2026-03-16 10:14:11.752]   received shard header from network in block tracker [0;36mshard[0m = 0 [0;36mepoch[0m = 0 [0;36mround[0m = 902 [0;36mnonce[0m = 900 [0;36mhash[0m = dd1a34a015eb9d25d8ff248480ec41ad91e99d8a5d6c715dff356231ab05c0de 
[0;36mDEBUG[0m[2026-03-16 10:14:11.752]   received shard header from network in block tracker [0;36mshard[0m = 0 [0;36mepoch[0m = 0 [0;36mround[0m = 903 [0;36mnonce[0m = 901 [0;36mhash[0m = 4579dbb78bfffddec673ac394edf958d98d2d4d9b13876789fa63a7ff2757d86 
[0;36mDEBUG[0m[2026-03-16 10:14:11.752]   received shard header from network in block tracker [0;36mshard[0m = 0 [0;36mepoch[0m = 0 [0;36mround[0m = 904 [0;36mnonce[0m = 902 [0;36mhash[0m = d09959ca44116e4ec3a652ac45d66efde6edecd47ae5b01029610e170e9e5e3e 
[0;36mDEBUG[0m[2026-03-16 10:14:11.752]   received shard header from network in block tracker [0;36mshard[0m = 0 [0;36mepoch[0m = 0 [0;36mround[0m = 905 [0;36mnonce[0m = 903 [0;36mhash[0m = 6d2362a5e71b2184aefe839837b4a1596c0e82d712c9ba872f71111579c6414a 
[0;36mDEBUG[0m[2026-03-16 10:14:11.752]   received shard header from network in block tracker [0;36mshard[0m = 0 [0;36mepoch[0m = 0 [0;36mround[0m = 906 [0;36mnonce[0m = 904 [0;36mhash[0m = 036d77c8cd62a982d1ef4588a7d68437a75d7f2d890eeb2a1fb2a4c2c1735189 
[0;36mDEBUG[0m[2026-03-16 10:14:11.752]   received shard header from network in block tracker [0;36mshard[0m = 0 [0;36mepoch[0m = 0 [0;36mround[0m = 907 [0;36mnonce[0m = 905 [0;36mhash[0m = 4e0b827eb8e1009ca52233640cb71667cf7cfadc904c02ec873826aac2c3c4c4 
[0;36mDEBUG[0m[2026-03-16 10:14:11.752]   received shard header from network in block tracker [0;36mshard[0m = 0 [0;36mepoch[0m = 0 [0;36mround[0m = 908 [0;36mnonce[0m = 906 [0;36mhash[0m = ad705867dde335fee7d84e51ba92b69da32469c43d86896efa3eec1984739e99 
[0;36mDEBUG[0m[2026-03-16 10:14:11.752]   received shard header from network in block tracker [0;36mshard[0m = 0 [0;36mepoch[0m = 0 [0;36mround[0m = 909 [0;36mnonce[0m = 907 [0;36mhash[0m = bebc6945ac146ed7fabe6453a5b7078cda2ce1d4e0e0c9ad85f6b369ae0d6e71 
[0;36mDEBUG[0m[2026-03-16 10:14:11.752]   received shard header from network in block tracker [0;36mshard[0m = 0 [0;36mepoch[0m = 0 [0;36mround[0m = 910 [0;36mnonce[0m = 908 [0;36mhash[0m = 2880ca0fd60e61e093a4d4f4512219caa3722212a7c4876d8df73e6181fb58dd 
[0;36mDEBUG[0m[2026-03-16 10:14:11.752]   received shard header from network in block tracker [0;36mshard[0m = 0 [0;36mepoch[0m = 0 [0;36mround[0m = 911 [0;36mnonce[0m = 909 [0;36mhash[0m = 2f2574120a9bcc4a1e37335c27b26749f20632e3a4085020053d6cb59044d459 
[0;36mDEBUG[0m[2026-03-16 10:14:11.752]   received shard header from network in block tracker [0;36mshard[0m = 0 [0;36mepoch[0m = 0 [0;36mround[0m = 912 [0;36mnonce[0m = 910 [0;36mhash[0m = 45edde6a230ff08f5e03cb7960152622b956d187912130ab1d30dc17962ac652 
[0;36mDEBUG[0m[2026-03-16 10:14:11.752]   received shard header from network in block tracker [0;36mshard[0m = 0 [0;36mepoch[0m = 0 [0;36mround[0m = 913 [0;36mnonce[0m = 911 [0;36mhash[0m = 07bf6ed7568f93b6a6c15e444d76c448a280bbfe69b07f623ebe6b087518b3fa 
[0;36mDEBUG[0m[2026-03-16 10:14:11.753]   received shard header from network in block tracker [0;36mshard[0m = 0 [0;36mepoch[0m = 0 [0;36mround[0m = 914 [0;36mnonce[0m = 912 [0;36mhash[0m = c6201058ddef5144d039af347cd95801879c51a7ea34b2f81f16906abfb31900 
[0;36mDEBUG[0m[2026-03-16 10:14:11.753]   received shard header from network in block tracker [0;36mshard[0m = 0 [0;36mepoch[0m = 0 [0;36mround[0m = 915 [0;36mnonce[0m = 913 [0;36mhash[0m = 3783240197715836b9f3fba40ff04e30f18d48754540ad781a5235342220db0b 
[0;36mDEBUG[0m[2026-03-16 10:14:11.753]   received shard header from network in block tracker [0;36mshard[0m = 0 [0;36mepoch[0m = 0 [0;36mround[0m = 916 [0;36mnonce[0m = 914 [0;36mhash[0m = a7e28f22efd5e2759602c90ad127c8a146678390bcf0e3ad0e92bcba375bf7a2 
[0;36mDEBUG[0m[2026-03-16 10:14:11.753]   received shard header from network in block tracker [0;36mshard[0m = 0 [0;36mepoch[0m = 0 [0;36mround[0m = 917 [0;36mnonce[0m = 915 [0;36mhash[0m = db6f6473e68d5bfc828851a7ee03235faafa69fa08ec202570c4358420a1aa37 
[0;36mDEBUG[0m[2026-03-16 10:14:11.753]   received shard header from network in block tracker [0;36mshard[0m = 0 [0;36mepoch[0m = 0 [0;36mround[0m = 918 [0;36mnonce[0m = 916 [0;36mhash[0m = 21878dd77acbeaa3d205b7387987209ad77b96ca4a9ee8b93440e163080e7da3 
[0;36mDEBUG[0m[2026-03-16 10:14:11.753]   received shard header from network in block tracker [0;36mshard[0m = 0 [0;36mepoch[0m = 0 [0;36mround[0m = 919 [0;36mnonce[0m = 917 [0;36mhash[0m = 5084f06d836160ed6833ae54e15d7b6ee5cd538b69a22c3b1f09eda4829ee513 
[0;36mDEBUG[0m[2026-03-16 10:14:11.753]   received shard header from network in block tracker [0;36mshard[0m = 0 [0;36mepoch[0m = 0 [0;36mround[0m = 920 [0;36mnonce[0m = 918 [0;36mhash[0m = 235f561c12b27e61cfc823fb19a58755e71067fd5b5e00d8665d5c4e31a1a82c 
[0;36mDEBUG[0m[2026-03-16 10:14:11.753]   received shard header from network in block tracker [0;36mshard[0m = 0 [0;36mepoch[0m = 0 [0;36mround[0m = 921 [0;36mnonce[0m = 919 [0;36mhash[0m = e28bd7449df3958c4e1a86839a7124d1ff33876f51663413b8d122825aa4e2d2 
[0;36mDEBUG[0m[2026-03-16 10:14:11.753]   received shard header from network in block tracker [0;36mshard[0m = 0 [0;36mepoch[0m = 0 [0;36mround[0m = 922 [0;36mnonce[0m = 920 [0;36mhash[0m = b228e192d0788449f63798533564020b98387dac8249abb2bec9e101fd4f13fa 
[0;36mDEBUG[0m[2026-03-16 10:14:11.753]   received shard header from network in block tracker [0;36mshard[0m = 0 [0;36mepoch[0m = 0 [0;36mround[0m = 923 [0;36mnonce[0m = 921 [0;36mhash[0m = 3a25861e1fb01588c13af3aff7b92c5c707dd0ff84bb8b60165a93c13b011440 
[0;36mDEBUG[0m[2026-03-16 10:14:11.753]   received shard header from network in block tracker [0;36mshard[0m = 0 [0;36mepoch[0m = 0 [0;36mround[0m = 924 [0;36mnonce[0m = 922 [0;36mhash[0m = 67c46ce673e6a05b834c1b0321fc1a907ce5cd9f9e32f64e880e8f944bcc026b 
[0;36mDEBUG[0m[2026-03-16 10:14:11.753]   received shard header from network in block tracker [0;36mshard[0m = 0 [0;36mepoch[0m = 0 [0;36mround[0m = 925 [0;36mnonce[0m = 923 [0;36mhash[0m = e79883a76b3a3eb2ba0a4623d0e6f7583be306abe4113a571ad0123bc5722136 
[0;36mDEBUG[0m[2026-03-16 10:14:11.753]   received shard header from network in block tracker [0;36mshard[0m = 0 [0;36mepoch[0m = 0 [0;36mround[0m = 926 [0;36mnonce[0m = 924 [0;36mhash[0m = a8ae696227ccd6d80de28f0b81ea61ef712154e482c861f900822f29255e4942 
[0;36mDEBUG[0m[2026-03-16 10:14:11.753]   received shard header from network in block tracker [0;36mshard[0m = 0 [0;36mepoch[0m = 0 [0;36mround[0m = 927 [0;36mnonce[0m = 925 [0;36mhash[0m = d4607f70ff6824d7d435c92be007ac86712cf7bd376c4004761c9ede659c6b6b 
[0;36mDEBUG[0m[2026-03-16 10:14:11.753]   received shard header from network in block tracker [0;36mshard[0m = 0 [0;36mepoch[0m = 0 [0;36mround[0m = 928 [0;36mnonce[0m = 926 [0;36mhash[0m = 42c63391d47dba4500cc00e6cbb27d806036004e44648070f8c3751bc7114adc 
[0;36mDEBUG[0m[2026-03-16 10:14:11.753]   received shard header from network in block tracker [0;36mshard[0m = 0 [0;36mepoch[0m = 0 [0;36mround[0m = 929 [0;36mnonce[0m = 927 [0;36mhash[0m = b6d4c3d06a6ba53cc468dcb08e16eb36e315824de00adcf9939586b00543ae8e 
[0;36mDEBUG[0m[2026-03-16 10:14:11.753]   received shard header from network in block tracker [0;36mshard[0m = 0 [0;36mepoch[0m = 0 [0;36mround[0m = 930 [0;36mnonce[0m = 928 [0;36mhash[0m = 9f67da3ba745d783c0d7f58b2485278afa2b1ac8b092691d7eeebc19fea9cd16 
[0;36mDEBUG[0m[2026-03-16 10:14:11.753]   received shard header from network in block tracker [0;36mshard[0m = 0 [0;36mepoch[0m = 0 [0;36mround[0m = 931 [0;36mnonce[0m = 929 [0;36mhash[0m = 01001d40dd7094540f018dcd253734b13caf5f2883ea153aa674e2106dc36d00 
[0;36mDEBUG[0m[2026-03-16 10:14:11.753]   received shard header from network in block tracker [0;36mshard[0m = 0 [0;36mepoch[0m = 0 [0;36mround[0m = 932 [0;36mnonce[0m = 930 [0;36mhash[0m = 5e969b156c3bd483eb81b8a5aa047b6785eea5ff64438d57da5a27bc2dd5a58b 
[0;36mDEBUG[0m[2026-03-16 10:14:11.753]   received shard header from network in block tracker [0;36mshard[0m = 0 [0;36mepoch[0m = 0 [0;36mround[0m = 933 [0;36mnonce[0m = 931 [0;36mhash[0m = ef00b0f9e1d7cbc83c5c1244d9d19470e2bfad66decb1e064fa170b8900e1be8 
[0;36mDEBUG[0m[2026-03-16 10:14:11.753]   received shard header from network in block tracker [0;36mshard[0m = 0 [0;36mepoch[0m = 0 [0;36mround[0m = 934 [0;36mnonce[0m = 932 [0;36mhash[0m = 062b1ac14a475270b5b4fd2b32086db0271e028a166af8a5e063dff88ce9dd7e 
[0;36mDEBUG[0m[2026-03-16 10:14:11.753]   received shard header from network in block tracker [0;36mshard[0m = 0 [0;36mepoch[0m = 0 [0;36mround[0m = 935 [0;36mnonce[0m = 933 [0;36mhash[0m = d84ddd94fdf8e6fe483c3657178e0c44b07efea571e83a73df5ea377548affc1 
[0;36mDEBUG[0m[2026-03-16 10:14:11.753]   received shard header from network in block tracker [0;36mshard[0m = 0 [0;36mepoch[0m = 0 [0;36mround[0m = 936 [0;36mnonce[0m = 934 [0;36mhash[0m = 12ed5fbf50563f72dd9ba7e34b7a31e4adb2ccbbff4cf15261dab20f7f10e638 
[0;36mDEBUG[0m[2026-03-16 10:14:11.753]   received shard header from network in block tracker [0;36mshard[0m = 0 [0;36mepoch[0m = 0 [0;36mround[0m = 937 [0;36mnonce[0m = 935 [0;36mhash[0m = ea5c6f9eb5a9343309eabe807700cdf7876b568cd83fb3b5893e5bdcd9564506 
[0;36mDEBUG[0m[2026-03-16 10:14:11.753]   received shard header from network in block tracker [0;36mshard[0m = 0 [0;36mepoch[0m = 0 [0;36mround[0m = 938 [0;36mnonce[0m = 936 [0;36mhash[0m = 143ad0808931fdd1e08b93f2979b2db44f6ade3ec559def95192ce553af6c79a 
[0;36mDEBUG[0m[2026-03-16 10:14:11.753]   received shard header from network in block tracker [0;36mshard[0m = 0 [0;36mepoch[0m = 0 [0;36mround[0m = 939 [0;36mnonce[0m = 937 [0;36mhash[0m = 8ed3d611c418dbe92a8de27329b3a3ecb0bdaf54049bd341878c091373d7f829 
[0;36mDEBUG[0m[2026-03-16 10:14:11.753]   received shard header from network in block tracker [0;36mshard[0m = 0 [0;36mepoch[0m = 0 [0;36mround[0m = 940 [0;36mnonce[0m = 938 [0;36mhash[0m = 5090ba77d15e2e18fa708e7e7f624694964bc5d7aa96137118253a77f0e7b0f7 
[0;36mDEBUG[0m[2026-03-16 10:14:11.753]   received shard header from network in block tracker [0;36mshard[0m = 0 [0;36mepoch[0m = 0 [0;36mround[0m = 941 [0;36mnonce[0m = 939 [0;36mhash[0m = ad9808f1275d3c6080641e1c01fd622685ce1cfbc3608ada0d1877d6a43a14c5 
[0;36mDEBUG[0m[2026-03-16 10:14:11.753]   received shard header from network in block tracker [0;36mshard[0m = 0 [0;36mepoch[0m = 0 [0;36mround[0m = 942 [0;36mnonce[0m = 940 [0;36mhash[0m = a86c947f3dde0fd831c512e82cc98e2438f905c8ff3696830177a5045cec58b5 
[0;36mDEBUG[0m[2026-03-16 10:14:11.753]   received shard header from network in block tracker [0;36mshard[0m = 0 [0;36mepoch[0m = 0 [0;36mround[0m = 943 [0;36mnonce[0m = 941 [0;36mhash[0m = c33de618975a9e9d199a9508f1899525994c39e1df43833fe6f5ec6d56c54916 
[0;36mDEBUG[0m[2026-03-16 10:14:11.753]   received shard header from network in block tracker [0;36mshard[0m = 0 [0;36mepoch[0m = 0 [0;36mround[0m = 944 [0;36mnonce[0m = 942 [0;36mhash[0m = d8f7f3058e1f5bd87ecaff848983c28f6a925b8a84f0dae72b688d26d44689bd 
[0;36mDEBUG[0m[2026-03-16 10:14:11.753]   received shard header from network in block tracker [0;36mshard[0m = 0 [0;36mepoch[0m = 0 [0;36mround[0m = 945 [0;36mnonce[0m = 943 [0;36mhash[0m = 3705bd294387ad6ed18c2a490f44fe3e4201cf5454cce05c07e03c29cc905d67 
[0;36mDEBUG[0m[2026-03-16 10:14:11.753]   received shard header from network in block tracker [0;36mshard[0m = 0 [0;36mepoch[0m = 0 [0;36mround[0m = 946 [0;36mnonce[0m = 944 [0;36mhash[0m = 3e09330e80e80bc7b1e7d50a1cab90614e27c277900ab304dcb882f7b2da2b24 
[0;36mDEBUG[0m[2026-03-16 10:14:11.753]   received shard header from network in block tracker [0;36mshard[0m = 0 [0;36mepoch[0m = 0 [0;36mround[0m = 947 [0;36mnonce[0m = 945 [0;36mhash[0m = d2488adab733b4a810b9fcfe1160823697860ccb2155b90acd4e7f12469cfeca 
[0;36mDEBUG[0m[2026-03-16 10:14:11.753]   received shard header from network in block tracker [0;36mshard[0m = 0 [0;36mepoch[0m = 0 [0;36mround[0m = 948 [0;36mnonce[0m = 946 [0;36mhash[0m = 76940f23232a76680aa3dde897bdf34d55926db16fe2eb5ee8386536ab129584 
[0;36mDEBUG[0m[2026-03-16 10:14:11.753]   received shard header from network in block tracker [0;36mshard[0m = 0 [0;36mepoch[0m = 0 [0;36mround[0m = 949 [0;36mnonce[0m = 947 [0;36mhash[0m = cf329d11eefae6c5fd3084530228b64a681e63de56dda743d61c25c898d78052 
[0;36mDEBUG[0m[2026-03-16 10:14:11.753]   received shard header from network in block tracker [0;36mshard[0m = 0 [0;36mepoch[0m = 0 [0;36mround[0m = 950 [0;36mnonce[0m = 948 [0;36mhash[0m = b7c9b2ec38815d36dcf46e39fe4906d65cbb544cbdfe54d9fdc72cdf7c1d4467 
[0;36mDEBUG[0m[2026-03-16 10:14:11.753]   received shard header from network in block tracker [0;36mshard[0m = 0 [0;36mepoch[0m = 0 [0;36mround[0m = 951 [0;36mnonce[0m = 949 [0;36mhash[0m = b0c9bf06862fdbca4cd4293141559aed73c72d58d524e319b75dae1c238f352e 
[0;36mDEBUG[0m[2026-03-16 10:14:11.753]   received shard header from network in block tracker [0;36mshard[0m = 0 [0;36mepoch[0m = 0 [0;36mround[0m = 952 [0;36mnonce[0m = 950 [0;36mhash[0m = bf3c9a1e10ac93db1c97dbeafd2eeb15d8fc8313be2d7b651f4d8ab25e1e864d 
[0;36mDEBUG[0m[2026-03-16 10:14:11.753]   received shard header from network in block tracker [0;36mshard[0m = 0 [0;36mepoch[0m = 0 [0;36mround[0m = 953 [0;36mnonce[0m = 951 [0;36mhash[0m = 47cb208c492075e72cfe041f04d286dd3fd820050306784a5f73eaa25eac52cc 
[0;36mDEBUG[0m[2026-03-16 10:14:11.753]   received shard header from network in block tracker [0;36mshard[0m = 0 [0;36mepoch[0m = 0 [0;36mround[0m = 954 [0;36mnonce[0m = 952 [0;36mhash[0m = 56aac2e66c72c78d4b1d27f55cc1eb0188a0bfeb500a2f2a53d5d7e3bdd0796f 
[0;36mDEBUG[0m[2026-03-16 10:14:11.753]   received shard header from network in block tracker [0;36mshard[0m = 0 [0;36mepoch[0m = 0 [0;36mround[0m = 955 [0;36mnonce[0m = 953 [0;36mhash[0m = 793fe4ddf6e1adf711449251492f980f8db0a93de04210de561c51a3b643ee13 
[0;36mDEBUG[0m[2026-03-16 10:14:11.753]   received shard header from network in block tracker [0;36mshard[0m = 0 [0;36mepoch[0m = 0 [0;36mround[0m = 956 [0;36mnonce[0m = 954 [0;36mhash[0m = 244c90bdde1308762fec8211170c7ce0184083b5155f1af1219c02c0fd63f80c 
[0;36mDEBUG[0m[2026-03-16 10:14:11.753]   received shard header from network in block tracker [0;36mshard[0m = 0 [0;36mepoch[0m = 0 [0;36mround[0m = 957 [0;36mnonce[0m = 955 [0;36mhash[0m = b8421728fc4c19181ee06e667a594d1e4eb09603484c4a511c2daf35d033d889 
[0;36mDEBUG[0m[2026-03-16 10:14:11.753]   received shard header from network in block tracker [0;36mshard[0m = 0 [0;36mepoch[0m = 0 [0;36mround[0m = 958 [0;36mnonce[0m = 956 [0;36mhash[0m = 17c07e969662d2735b201b4bba3a626ca2776863b58a03ecdada9d285154f401 
[0;36mDEBUG[0m[2026-03-16 10:14:11.753]   received shard header from network in block tracker [0;36mshard[0m = 0 [0;36mepoch[0m = 0 [0;36mround[0m = 959 [0;36mnonce[0m = 957 [0;36mhash[0m = 0700dec8366adf2266479e5c6be9225f7713173db54b5e8083fc2446334b5ad6 
[0;36mDEBUG[0m[2026-03-16 10:14:11.753]   received shard header from network in block tracker [0;36mshard[0m = 0 [0;36mepoch[0m = 0 [0;36mround[0m = 960 [0;36mnonce[0m = 958 [0;36mhash[0m = 2a8e4dd6eccded695ff43534c2b99bb3619b1c818d3386adbab82254f56367bb 
[0;36mDEBUG[0m[2026-03-16 10:14:11.753]   received shard header from network in block tracker [0;36mshard[0m = 0 [0;36mepoch[0m = 0 [0;36mround[0m = 961 [0;36mnonce[0m = 959 [0;36mhash[0m = 57ea0e0960ededd13ae6e26f1daa91c3b1ec5097f355b75eb7a35868a9fc10d4 
[0;36mDEBUG[0m[2026-03-16 10:14:11.753]   received shard header from network in block tracker [0;36mshard[0m = 0 [0;36mepoch[0m = 0 [0;36mround[0m = 962 [0;36mnonce[0m = 960 [0;36mhash[0m = 2ff908bfddcc74f19769b8f37f55881ef57ac412b12c2c29937fa451e67cfbdc 
[0;36mDEBUG[0m[2026-03-16 10:14:11.753]   received shard header from network in block tracker [0;36mshard[0m = 0 [0;36mepoch[0m = 0 [0;36mround[0m = 963 [0;36mnonce[0m = 961 [0;36mhash[0m = 788e5b1f90802ce390dff31e9bebb7835186e8cbdd2a84c29fc65714a86bd0db 
[0;36mDEBUG[0m[2026-03-16 10:14:11.753]   received shard header from network in block tracker [0;36mshard[0m = 0 [0;36mepoch[0m = 0 [0;36mround[0m = 964 [0;36mnonce[0m = 962 [0;36mhash[0m = d16b9b7d59858adecd6f64877bb75d183cf323bdfa66aaed34546672dad678cd 
[0;36mDEBUG[0m[2026-03-16 10:14:11.753]   received shard header from network in block tracker [0;36mshard[0m = 0 [0;36mepoch[0m = 0 [0;36mround[0m = 965 [0;36mnonce[0m = 963 [0;36mhash[0m = 940fa495989464fd944782f454598bde9d20a12b30937f9dc7c4efe62b466976 
[0;36mDEBUG[0m[2026-03-16 10:14:11.753]   received shard header from network in block tracker [0;36mshard[0m = 0 [0;36mepoch[0m = 0 [0;36mround[0m = 966 [0;36mnonce[0m = 964 [0;36mhash[0m = 12db56ef079df79a1441a611dc5c982d5590272f1ebddd2d9eae867f3658bbbb 
[0;36mDEBUG[0m[2026-03-16 10:14:11.753]   received shard header from network in block tracker [0;36mshard[0m = 0 [0;36mepoch[0m = 0 [0;36mround[0m = 967 [0;36mnonce[0m = 965 [0;36mhash[0m = cc8c5676bdd82551533ea501111d3ba31f70456b366620e46aea3d2a4838ae73 
[0;36mDEBUG[0m[2026-03-16 10:14:11.753]   received shard header from network in block tracker [0;36mshard[0m = 0 [0;36mepoch[0m = 0 [0;36mround[0m = 968 [0;36mnonce[0m = 966 [0;36mhash[0m = 6ec410068875b9f175c284317abb68d05ce768efe2bcf0ab773cc0f5098952e1 
[0;36mDEBUG[0m[2026-03-16 10:14:11.753]   received shard header from network in block tracker [0;36mshard[0m = 0 [0;36mepoch[0m = 0 [0;36mround[0m = 969 [0;36mnonce[0m = 967 [0;36mhash[0m = 26671c8bda03d725a51aec8541c0fa5da9d275dbf273cb66b6aed8a2b489aac3 
[0;36mDEBUG[0m[2026-03-16 10:14:11.753]   received shard header from network in block tracker [0;36mshard[0m = 0 [0;36mepoch[0m = 0 [0;36mround[0m = 970 [0;36mnonce[0m = 968 [0;36mhash[0m = 7bcd797b20710798dae5fae08db51492e3e52b781349d555bfcd4ffa9a20d7f2 
[0;36mDEBUG[0m[2026-03-16 10:14:11.753]   received shard header from network in block tracker [0;36mshard[0m = 0 [0;36mepoch[0m = 0 [0;36mround[0m = 971 [0;36mnonce[0m = 969 [0;36mhash[0m = 8584ef404d5eb2d6757b4a4a1607f9d9ac7a4c6655c005d87043864fee6254d1 
[0;36mDEBUG[0m[2026-03-16 10:14:11.753]   received shard header from network in block tracker [0;36mshard[0m = 0 [0;36mepoch[0m = 0 [0;36mround[0m = 972 [0;36mnonce[0m = 970 [0;36mhash[0m = 857aee8e71a724ee45eb263648edf0cbb2da4e6986f11f5c8e6b25305468a9b0 
[0;36mDEBUG[0m[2026-03-16 10:14:11.753]   received shard header from network in block tracker [0;36mshard[0m = 0 [0;36mepoch[0m = 0 [0;36mround[0m = 973 [0;36mnonce[0m = 971 [0;36mhash[0m = 40ea30b97eaa04fe27f40e7ad0bdf16c04b09b5859557f34a8ac9b581091d7b4 
[0;36mDEBUG[0m[2026-03-16 10:14:11.753]   received shard header from network in block tracker [0;36mshard[0m = 0 [0;36mepoch[0m = 0 [0;36mround[0m = 974 [0;36mnonce[0m = 972 [0;36mhash[0m = 040e2d2036e81be50b7266ae00d19f1e13ee763bbad530789b1eb556adf7addd 
[0;36mDEBUG[0m[2026-03-16 10:14:11.753]   received shard header from network in block tracker [0;36mshard[0m = 0 [0;36mepoch[0m = 0 [0;36mround[0m = 975 [0;36mnonce[0m = 973 [0;36mhash[0m = 2a8e987a809bc9932741cca0af9e74578580326e3dfa52948182f5a72a91d64a 
[0;36mDEBUG[0m[2026-03-16 10:14:11.753]   received shard header from network in block tracker [0;36mshard[0m = 0 [0;36mepoch[0m = 0 [0;36mround[0m = 976 [0;36mnonce[0m = 974 [0;36mhash[0m = 83db5dc1149fdca5c88fc382f67065ec42bca2d8cfaa568b453d0d661324fffa 
[0;36mDEBUG[0m[2026-03-16 10:14:11.753]   received shard header from network in block tracker [0;36mshard[0m = 0 [0;36mepoch[0m = 0 [0;36mround[0m = 977 [0;36mnonce[0m = 975 [0;36mhash[0m = 4d4ced8af7cde76985940a4e6ae59c55933f2b758bc5194786f01b519a9b2111 
[0;36mDEBUG[0m[2026-03-16 10:14:11.753]   received shard header from network in block tracker [0;36mshard[0m = 0 [0;36mepoch[0m = 0 [0;36mround[0m = 978 [0;36mnonce[0m = 976 [0;36mhash[0m = c72af2fbd67b6cf9d40065563ec817d49dbb6da0019b570990ba125744880294 
[0;36mDEBUG[0m[2026-03-16 10:14:11.753]   received shard header from network in block tracker [0;36mshard[0m = 0 [0;36mepoch[0m = 0 [0;36mround[0m = 979 [0;36mnonce[0m = 977 [0;36mhash[0m = a5802f2e14c7751f56b926494dbde2d42e66dd2e423ab9eebb17c0dd5cf5585e 
[0;36mDEBUG[0m[2026-03-16 10:14:11.753]   received shard header from network in block tracker [0;36mshard[0m = 0 [0;36mepoch[0m = 0 [0;36mround[0m = 980 [0;36mnonce[0m = 978 [0;36mhash[0m = a98f45cb74ec345b2205ebe9260f85ee034a458ad4553d002da18af1d52f9e75 
[0;36mDEBUG[0m[2026-03-16 10:14:11.753]   received shard header from network in block tracker [0;36mshard[0m = 0 [0;36mepoch[0m = 0 [0;36mround[0m = 981 [0;36mnonce[0m = 979 [0;36mhash[0m = d3197858ca5d9ac26b871bfbbfad41146d25d807eece187138ab833ce1daa3b2 
[0;36mDEBUG[0m[2026-03-16 10:14:11.753]   received shard header from network in block tracker [0;36mshard[0m = 0 [0;36mepoch[0m = 0 [0;36mround[0m = 982 [0;36mnonce[0m = 980 [0;36mhash[0m = 159e4d29eba1a76d5836dbb1bc8ccb297a0d043f2bcd0b81d43b99dc57c59f2e 
[0;36mDEBUG[0m[2026-03-16 10:14:11.753]   received shard header from network in block tracker [0;36mshard[0m = 0 [0;36mepoch[0m = 0 [0;36mround[0m = 983 [0;36mnonce[0m = 981 [0;36mhash[0m = bd0a02437a4ddab06384c1a43214a389250af944146c41a4e74f949796c0bf79 
[0;36mDEBUG[0m[2026-03-16 10:14:11.753]   received shard header from network in block tracker [0;36mshard[0m = 0 [0;36mepoch[0m = 0 [0;36mround[0m = 984 [0;36mnonce[0m = 982 [0;36mhash[0m = f79d64d5b413a897c5b9bf15fe4bba6595524adfc99d8e67aeaededebca270b9 
[0;36mDEBUG[0m[2026-03-16 10:14:11.753]   received shard header from network in block tracker [0;36mshard[0m = 0 [0;36mepoch[0m = 0 [0;36mround[0m = 985 [0;36mnonce[0m = 983 [0;36mhash[0m = cee0ee733e3e3975bd2fd5ae5865465e2e40d3dbdc81d9b37f9d2fdf795de52a 
[0;36mDEBUG[0m[2026-03-16 10:14:11.753]   received shard header from network in block tracker [0;36mshard[0m = 0 [0;36mepoch[0m = 0 [0;36mround[0m = 986 [0;36mnonce[0m = 984 [0;36mhash[0m = 003093b80de213d66141a32630bf00040dccdfa9df72d39d16eacb25ea11ea14 
[0;36mDEBUG[0m[2026-03-16 10:14:11.753]   received shard header from network in block tracker [0;36mshard[0m = 0 [0;36mepoch[0m = 0 [0;36mround[0m = 987 [0;36mnonce[0m = 985 [0;36mhash[0m = aed42c222a3593b6f7fd5299359026375c8e0368b7ef53048a04672bd1c6a3ea 
[0;36mDEBUG[0m[2026-03-16 10:14:11.753]   received shard header from network in block tracker [0;36mshard[0m = 0 [0;36mepoch[0m = 0 [0;36mround[0m = 988 [0;36mnonce[0m = 986 [0;36mhash[0m = 7f4e61748e1b74e3af3e1a9754085f5a7a4a11923fc103acd2acdefd2f0ae72b 
[0;36mDEBUG[0m[2026-03-16 10:14:11.753]   received shard header from network in block tracker [0;36mshard[0m = 0 [0;36mepoch[0m = 0 [0;36mround[0m = 989 [0;36mnonce[0m = 987 [0;36mhash[0m = 9b67d43b8dc273abc023d649ae4d878f85302597b855492507c2c2cee0b872e2 
[0;36mDEBUG[0m[2026-03-16 10:14:11.753]   received shard header from network in block tracker [0;36mshard[0m = 0 [0;36mepoch[0m = 0 [0;36mround[0m = 990 [0;36mnonce[0m = 988 [0;36mhash[0m = 79153f80170debd2ac87df9212ee75360fe37870cab4e53939e3f0298179027c 
[0;36mDEBUG[0m[2026-03-16 10:14:11.753]   received shard header from network in block tracker [0;36mshard[0m = 0 [0;36mepoch[0m = 0 [0;36mround[0m = 991 [0;36mnonce[0m = 989 [0;36mhash[0m = 96b2b3694979da160b03c735e28f3c5eef57adc1673577f973f4f2fb292201bf 
[0;36mDEBUG[0m[2026-03-16 10:14:11.753]   received shard header from network in block tracker [0;36mshard[0m = 0 [0;36mepoch[0m = 0 [0;36mround[0m = 992 [0;36mnonce[0m = 990 [0;36mhash[0m = 39d7e1351dc8fe1ae115e0e9d85493720548baf1234a643f137d1dda0c2472b4 
[0;36mDEBUG[0m[2026-03-16 10:14:11.753]   received shard header from network in block tracker [0;36mshard[0m = 0 [0;36mepoch[0m = 0 [0;36mround[0m = 993 [0;36mnonce[0m = 991 [0;36mhash[0m = 24f35b57c433d086d2e6c01ed2655c4c07ae673f86a1732c480b9f83eb2ed308 
[0;36mDEBUG[0m[2026-03-16 10:14:11.753]   received shard header from network in block tracker [0;36mshard[0m = 0 [0;36mepoch[0m = 0 [0;36mround[0m = 994 [0;36mnonce[0m = 992 [0;36mhash[0m = e3ea613f44813b7a252ec7b5aa7386d74dc50938a2bd3adaa81446b7c804dbc1 
[0;36mDEBUG[0m[2026-03-16 10:14:11.753]   received shard header from network in block tracker [0;36mshard[0m = 0 [0;36mepoch[0m = 0 [0;36mround[0m = 995 [0;36mnonce[0m = 993 [0;36mhash[0m = 8706a954a00d1606962788c86e50126ccde63e907dbfca33da482d2d09a1c963 
[0;36mDEBUG[0m[2026-03-16 10:14:11.753]   received shard header from network in block tracker [0;36mshard[0m = 0 [0;36mepoch[0m = 0 [0;36mround[0m = 7 [0;36mnonce[0m = 4 [0;36mhash[0m = bfd4d9f1d984543db304096724651c04d7b93dfe491d2d6d18a0880d6cb1f73a 
[0;36mDEBUG[0m[2026-03-16 10:14:11.753]   received shard header from network in block tracker [0;36mshard[0m = 0 [0;36mepoch[0m = 0 [0;36mround[0m = 8 [0;36mnonce[0m = 5 [0;36mhash[0m = 32631f422f1856c220f30d3a4102c264826a01e4f41a3a903adeab8d3a131bc2 
[0;36mDEBUG[0m[2026-03-16 10:14:11.753]   received shard header from network in block tracker [0;36mshard[0m = 0 [0;36mepoch[0m = 0 [0;36mround[0m = 9 [0;36mnonce[0m = 6 [0;36mhash[0m = 0b20a52a851b96f0aec47c98cd70fbf18e4f8c6a72904014ca6b0840c4e22ac6 
[0;36mDEBUG[0m[2026-03-16 10:14:11.753]   received shard header from network in block tracker [0;36mshard[0m = 0 [0;36mepoch[0m = 0 [0;36mround[0m = 10 [0;36mnonce[0m = 7 [0;36mhash[0m = d322644dc8036d7c329d6455999694f5e021c38fa05765e7db4e9773400cbe02 
[0;36mDEBUG[0m[2026-03-16 10:14:11.753]   received shard header from network in block tracker [0;36mshard[0m = 0 [0;36mepoch[0m = 0 [0;36mround[0m = 11 [0;36mnonce[0m = 8 [0;36mhash[0m = 68eab0da4cdd8e6425dfcd68e3e5275b0e1d3bd082f35ba102a8e14babdee16a 
[0;36mDEBUG[0m[2026-03-16 10:14:11.753]   received shard header from network in block tracker [0;36mshard[0m = 0 [0;36mepoch[0m = 0 [0;36mround[0m = 12 [0;36mnonce[0m = 9 [0;36mhash[0m = b0c2f40767c45887740d7ac26fa4cf1c917fe8c1822d2f39db5524f4afa81244 
[0;36mDEBUG[0m[2026-03-16 10:14:11.753]   received shard header from network in block tracker [0;36mshard[0m = 0 [0;36mepoch[0m = 0 [0;36mround[0m = 13 [0;36mnonce[0m = 10 [0;36mhash[0m = ee588547bc5b4bb6ba5e2ccb2ca4d4786f507e5629a790f5f0f2cef9b09b8528 
[0;36mDEBUG[0m[2026-03-16 10:14:11.753]   received shard header from network in block tracker [0;36mshard[0m = 0 [0;36mepoch[0m = 0 [0;36mround[0m = 14 [0;36mnonce[0m = 11 [0;36mhash[0m = b66a295dc4aee3444bb8f2eb1ec29ecd85fdc44be8f31b62fbf2a521353f6037 
[0;36mDEBUG[0m[2026-03-16 10:14:11.753]   received shard header from network in block tracker [0;36mshard[0m = 0 [0;36mepoch[0m = 0 [0;36mround[0m = 15 [0;36mnonce[0m = 12 [0;36mhash[0m = 74a97017234e83af2f747c16c30ef701975bde3b983e2f733da5c6e895242115 
[0;36mDEBUG[0m[2026-03-16 10:14:11.753]   received shard header from network in block tracker [0;36mshard[0m = 0 [0;36mepoch[0m = 0 [0;36mround[0m = 16 [0;36mnonce[0m = 13 [0;36mhash[0m = 41913ee9eed548aec161e80088c39aff1f19d7f63c453d7688880219264bb670 
[0;36mDEBUG[0m[2026-03-16 10:14:11.753]   received shard header from network in block tracker [0;36mshard[0m = 0 [0;36mepoch[0m = 0 [0;36mround[0m = 17 [0;36mnonce[0m = 14 [0;36mhash[0m = 6a32153575b78e7656098d81e44c5a2b02e5834c057c3ea7320d65ddcf22b80b 
[0;36mDEBUG[0m[2026-03-16 10:14:11.753]   received shard header from network in block tracker [0;36mshard[0m = 0 [0;36mepoch[0m = 0 [0;36mround[0m = 18 [0;36mnonce[0m = 15 [0;36mhash[0m = 337d6f873cbb48e7e6a7c150efb2704cb29442df829852447cde43d64bf4d6d8 
[0;36mDEBUG[0m[2026-03-16 10:14:11.753]   received shard header from network in block tracker [0;36mshard[0m = 0 [0;36mepoch[0m = 0 [0;36mround[0m = 19 [0;36mnonce[0m = 16 [0;36mhash[0m = 908272b8b1ae0a4345fac312a08e265ac7810cda3048b0e59918e4728b233723 
[0;36mDEBUG[0m[2026-03-16 10:14:11.753]   received shard header from network in block tracker [0;36mshard[0m = 0 [0;36mepoch[0m = 0 [0;36mround[0m = 20 [0;36mnonce[0m = 17 [0;36mhash[0m = a22c415e075d5c37da1a34f49a15879162ed72f18725113624dd7530adee4148 
[0;36mDEBUG[0m[2026-03-16 10:14:11.753]   received shard header from network in block tracker [0;36mshard[0m = 0 [0;36mepoch[0m = 0 [0;36mround[0m = 21 [0;36mnonce[0m = 18 [0;36mhash[0m = 06290959f821ccd35ed5ccc36b323acfd1e1f15cdb5c7d83912a192c625659d8 
[0;36mDEBUG[0m[2026-03-16 10:14:11.753]   received shard header from network in block tracker [0;36mshard[0m = 0 [0;36mepoch[0m = 0 [0;36mround[0m = 22 [0;36mnonce[0m = 19 [0;36mhash[0m = 918d609028f2fbeebd9da5179162433bc243c393ab476624e6e78fab2e370759 
[0;36mDEBUG[0m[2026-03-16 10:14:11.753]   received shard header from network in block tracker [0;36mshard[0m = 0 [0;36mepoch[0m = 0 [0;36mround[0m = 23 [0;36mnonce[0m = 20 [0;36mhash[0m = b063da68e4c58fbbaf076978ee5fbe4609c3e8ef2e85eb24d0f234d9cfd8d434 
[0;36mDEBUG[0m[2026-03-16 10:14:11.753]   received shard header from network in block tracker [0;36mshard[0m = 0 [0;36mepoch[0m = 0 [0;36mround[0m = 24 [0;36mnonce[0m = 21 [0;36mhash[0m = 921f713bf7cb86b1dd2ddb4dc4efba609cc247637206986a6c1067c1e745a44d 
[0;36mDEBUG[0m[2026-03-16 10:14:11.753]   received shard header from network in block tracker [0;36mshard[0m = 0 [0;36mepoch[0m = 0 [0;36mround[0m = 25 [0;36mnonce[0m = 22 [0;36mhash[0m = 905fe624bad4570bed07eb165284bcd606bc55d57fd02e30fe1aa1a3c6dbd177 
[0;36mDEBUG[0m[2026-03-16 10:14:11.753]   received shard header from network in block tracker [0;36mshard[0m = 0 [0;36mepoch[0m = 0 [0;36mround[0m = 26 [0;36mnonce[0m = 23 [0;36mhash[0m = bff21876f4d8f8ed521a09202154ca33b6a5320d576e834aaaeba804ce627b55 
[0;36mDEBUG[0m[2026-03-16 10:14:11.753]   received shard header from network in block tracker [0;36mshard[0m = 0 [0;36mepoch[0m = 0 [0;36mround[0m = 27 [0;36mnonce[0m = 24 [0;36mhash[0m = 2d07d89c5609bf51cfe0b29f9f972619d0c9cb1b7d614d8f540bea66f3313d97 
[0;36mDEBUG[0m[2026-03-16 10:14:11.754]   received shard header from network in block tracker [0;36mshard[0m = 0 [0;36mepoch[0m = 0 [0;36mround[0m = 28 [0;36mnonce[0m = 25 [0;36mhash[0m = 0aa07af1f58b1484f13af0bdaf977cee601567d2fec61e240112573208d168d8 
[0;36mDEBUG[0m[2026-03-16 10:14:11.754]   received shard header from network in block tracker [0;36mshard[0m = 0 [0;36mepoch[0m = 0 [0;36mround[0m = 29 [0;36mnonce[0m = 26 [0;36mhash[0m = 823be20b222a30351548022e4c088f48de34fbdf184b22308eae8cab6782ad04 
[0;36mDEBUG[0m[2026-03-16 10:14:11.754]   received shard header from network in block tracker [0;36mshard[0m = 0 [0;36mepoch[0m = 0 [0;36mround[0m = 30 [0;36mnonce[0m = 27 [0;36mhash[0m = 1b0e5877bd5b64f24d686f9c36dd37526d9d4ee73bc3b67b4f10a2f859f290e6 
[0;36mDEBUG[0m[2026-03-16 10:14:11.754]   received shard header from network in block tracker [0;36mshard[0m = 0 [0;36mepoch[0m = 0 [0;36mround[0m = 31 [0;36mnonce[0m = 28 [0;36mhash[0m = f0fe66930f991bb851f7d27e44f240c68ec44266f957d4e1cb6c71ca9bf3de2d 
[0;36mDEBUG[0m[2026-03-16 10:14:11.754]   received shard header from network in block tracker [0;36mshard[0m = 0 [0;36mepoch[0m = 0 [0;36mround[0m = 32 [0;36mnonce[0m = 29 [0;36mhash[0m = fb61752b3b0ec9a2562d6a2cf1896bf07062fd68ae43de671ad8f77f18a380ea 
[0;36mDEBUG[0m[2026-03-16 10:14:11.754]   received shard header from network in block tracker [0;36mshard[0m = 0 [0;36mepoch[0m = 0 [0;36mround[0m = 33 [0;36mnonce[0m = 30 [0;36mhash[0m = bfb9b6e6d5266629ec07600a618c9fb50cea2dc3e702fcf270dfc43b9ada649a 
[0;36mDEBUG[0m[2026-03-16 10:14:11.754]   received shard header from network in block tracker [0;36mshard[0m = 0 [0;36mepoch[0m = 0 [0;36mround[0m = 34 [0;36mnonce[0m = 31 [0;36mhash[0m = 81e83b3058e3228bf8b34af44912d06c3625a96c130a3fd3261b6b0b9e1a8d00 
[0;36mDEBUG[0m[2026-03-16 10:14:11.754]   received shard header from network in block tracker [0;36mshard[0m = 0 [0;36mepoch[0m = 0 [0;36mround[0m = 35 [0;36mnonce[0m = 32 [0;36mhash[0m = 620855a49836aa77e8ef5e3cd0779ae9d20ce9c5f832af44f78c83085adbf751 
[0;36mDEBUG[0m[2026-03-16 10:14:11.754]   received shard header from network in block tracker [0;36mshard[0m = 0 [0;36mepoch[0m = 0 [0;36mround[0m = 36 [0;36mnonce[0m = 33 [0;36mhash[0m = e6b25b89307764536debc96ec1a5d47e52f4b8e95e869986cc6936afceea27fd 
[0;36mDEBUG[0m[2026-03-16 10:14:11.754]   received shard header from network in block tracker [0;36mshard[0m = 0 [0;36mepoch[0m = 0 [0;36mround[0m = 37 [0;36mnonce[0m = 34 [0;36mhash[0m = c57ab4f727fc96f684c4accf7999ac4454daf28985212f1af87df804c100cfc9 
[0;36mDEBUG[0m[2026-03-16 10:14:11.754]   received shard header from network in block tracker [0;36mshard[0m = 0 [0;36mepoch[0m = 0 [0;36mround[0m = 38 [0;36mnonce[0m = 35 [0;36mhash[0m = bf7f579990479f7cf72e96adaf823dd309d1c5d44ac5136ebea1e8dfbc94a9d2 
[0;36mDEBUG[0m[2026-03-16 10:14:11.754]   received shard header from network in block tracker [0;36mshard[0m = 0 [0;36mepoch[0m = 0 [0;36mround[0m = 39 [0;36mnonce[0m = 36 [0;36mhash[0m = b5017e40d62466dde7b8017e851d933d42b43541ed497a460e21fb2e9bb1c30a 
[0;36mDEBUG[0m[2026-03-16 10:14:11.754]   received shard header from network in block tracker [0;36mshard[0m = 0 [0;36mepoch[0m = 0 [0;36mround[0m = 40 [0;36mnonce[0m = 37 [0;36mhash[0m = 3a2ca9338fb7593f26eb1d477e4983601f702ff8051ef314b31156f9bc5772da 
[0;36mDEBUG[0m[2026-03-16 10:14:11.754]   received shard header from network in block tracker [0;36mshard[0m = 0 [0;36mepoch[0m = 0 [0;36mround[0m = 41 [0;36mnonce[0m = 38 [0;36mhash[0m = 58e36956bb4022b2bcdd57b2be31cf441fc5cb9315d3128c1681ece20877cd45 
[0;36mDEBUG[0m[2026-03-16 10:14:11.754]   received shard header from network in block tracker [0;36mshard[0m = 0 [0;36mepoch[0m = 0 [0;36mround[0m = 42 [0;36mnonce[0m = 39 [0;36mhash[0m = fc29920fe09ec6f9a415d36450a56957f36e7a2c6d218fbaa4eddf3a86bd5d9a 
[0;36mDEBUG[0m[2026-03-16 10:14:11.754]   received shard header from network in block tracker [0;36mshard[0m = 0 [0;36mepoch[0m = 0 [0;36mround[0m = 43 [0;36mnonce[0m = 40 [0;36mhash[0m = e3687f8f154d407aa2ca85ea2fdcf56859980bc0688ae8c1329da25aef013abe 
[0;36mDEBUG[0m[2026-03-16 10:14:11.754]   received shard header from network in block tracker [0;36mshard[0m = 0 [0;36mepoch[0m = 0 [0;36mround[0m = 44 [0;36mnonce[0m = 41 [0;36mhash[0m = 36a45b02faffc3ec7890c0fcefdc8abd53b29151b5ae94e181ba9eba1e611268 
[0;36mDEBUG[0m[2026-03-16 10:14:11.754]   received shard header from network in block tracker [0;36mshard[0m = 0 [0;36mepoch[0m = 0 [0;36mround[0m = 45 [0;36mnonce[0m = 42 [0;36mhash[0m = 07ef4bd16377f6366f39cba7083b0755496d04640990d6dea406a30d08666aa3 
[0;36mDEBUG[0m[2026-03-16 10:14:11.754]   received shard header from network in block tracker [0;36mshard[0m = 0 [0;36mepoch[0m = 0 [0;36mround[0m = 46 [0;36mnonce[0m = 43 [0;36mhash[0m = b9f8a36ecb006e5fc2a08845cb2a90ccf3a4ffa7f53a2e2b4817fd82c8d42610 
[0;36mDEBUG[0m[2026-03-16 10:14:11.754]   received shard header from network in block tracker [0;36mshard[0m = 0 [0;36mepoch[0m = 0 [0;36mround[0m = 47 [0;36mnonce[0m = 44 [0;36mhash[0m = 37fe39ee866c224faed0becb258bf96bd6f6f4ba3213b8dd40b0e1bb85f248f4 
[0;36mDEBUG[0m[2026-03-16 10:14:11.754]   received shard header from network in block tracker [0;36mshard[0m = 0 [0;36mepoch[0m = 0 [0;36mround[0m = 48 [0;36mnonce[0m = 45 [0;36mhash[0m = deb8e9553459548f377510bdcd493256bf2eb92b15a225716a3bf6a5dd0c0e9d 
[0;36mDEBUG[0m[2026-03-16 10:14:11.754]   received shard header from network in block tracker [0;36mshard[0m = 0 [0;36mepoch[0m = 0 [0;36mround[0m = 49 [0;36mnonce[0m = 46 [0;36mhash[0m = 97957894b5853f6c8ccbc59cc0cefac034cd77fbc08ca1f99c84b4ece176e92e 
[0;36mDEBUG[0m[2026-03-16 10:14:11.754]   received shard header from network in block tracker [0;36mshard[0m = 0 [0;36mepoch[0m = 0 [0;36mround[0m = 50 [0;36mnonce[0m = 47 [0;36mhash[0m = b355a750798c4c5f8b4cc5efaf7f565d137e5ff9106b72b8462169920dde3233 
[0;36mDEBUG[0m[2026-03-16 10:14:11.754]   received shard header from network in block tracker [0;36mshard[0m = 0 [0;36mepoch[0m = 0 [0;36mround[0m = 51 [0;36mnonce[0m = 48 [0;36mhash[0m = 51480973c83c1599f703f78064da7bffb48b344874a432978e7501396b89e300 
[0;36mDEBUG[0m[2026-03-16 10:14:11.754]   received shard header from network in block tracker [0;36mshard[0m = 0 [0;36mepoch[0m = 0 [0;36mround[0m = 52 [0;36mnonce[0m = 49 [0;36mhash[0m = 86f4afa368d8427b997cf68109c38ba3647d244a08baf2e7ef28052d27a27116 
[0;36mDEBUG[0m[2026-03-16 10:14:11.754]   received shard header from network in block tracker [0;36mshard[0m = 0 [0;36mepoch[0m = 0 [0;36mround[0m = 53 [0;36mnonce[0m = 50 [0;36mhash[0m = 05421c6cbab6e63060cb9fec90caee04fe3e8dfd68a0cd9579ee258dd626400f 
[0;36mDEBUG[0m[2026-03-16 10:14:11.754]   received shard header from network in block tracker [0;36mshard[0m = 0 [0;36mepoch[0m = 0 [0;36mround[0m = 54 [0;36mnonce[0m = 51 [0;36mhash[0m = 30096658f7d821171f672a204f6f65ccbd8a396e0d541af511b57273af3b5e95 
[0;36mDEBUG[0m[2026-03-16 10:14:11.754]   received shard header from network in block tracker [0;36mshard[0m = 0 [0;36mepoch[0m = 0 [0;36mround[0m = 55 [0;36mnonce[0m = 52 [0;36mhash[0m = 7fdf548e29b56223136b4ded5059d4f4f73863e78dec548d8c2b4bf92dc0c678 
[0;36mDEBUG[0m[2026-03-16 10:14:11.754]   received shard header from network in block tracker [0;36mshard[0m = 0 [0;36mepoch[0m = 0 [0;36mround[0m = 56 [0;36mnonce[0m = 53 [0;36mhash[0m = 8ffcf1279ba358b5275d69bdafa3df2ab065e4e22948beee108a102e6b103659 
[0;36mDEBUG[0m[2026-03-16 10:14:11.754]   received shard header from network in block tracker [0;36mshard[0m = 0 [0;36mepoch[0m = 0 [0;36mround[0m = 57 [0;36mnonce[0m = 54 [0;36mhash[0m = e7a935077bfc71ab53a78765664b5aec28256f3bdd1f175165141352214deb76 
[0;36mDEBUG[0m[2026-03-16 10:14:11.754]   received shard header from network in block tracker [0;36mshard[0m = 0 [0;36mepoch[0m = 0 [0;36mround[0m = 58 [0;36mnonce[0m = 55 [0;36mhash[0m = 2f5537207e52fa20e35eafb4090cfa14bf3e4da75af63c9bc315dcac4db155c8 
[0;36mDEBUG[0m[2026-03-16 10:14:11.754]   received shard header from network in block tracker [0;36mshard[0m = 0 [0;36mepoch[0m = 0 [0;36mround[0m = 59 [0;36mnonce[0m = 56 [0;36mhash[0m = d73489eda19bf584b51b4d1577c1cb358fab4e992e8c280f7ffa62d05978c1c8 
[0;36mDEBUG[0m[2026-03-16 10:14:11.754]   received shard header from network in block tracker [0;36mshard[0m = 0 [0;36mepoch[0m = 0 [0;36mround[0m = 60 [0;36mnonce[0m = 57 [0;36mhash[0m = 9be9ace0f4efdade843250a3dcf9c7cc646fa058841ab30fcfddff8102cb41dc 
[0;36mDEBUG[0m[2026-03-16 10:14:11.754]   received shard header from network in block tracker [0;36mshard[0m = 0 [0;36mepoch[0m = 0 [0;36mround[0m = 61 [0;36mnonce[0m = 58 [0;36mhash[0m = f646d752ee6d1c89b6d3f841176d5b85b1a0f9ae2c67859069c632e1c0981301 
[0;36mDEBUG[0m[2026-03-16 10:14:11.754]   received shard header from network in block tracker [0;36mshard[0m = 0 [0;36mepoch[0m = 0 [0;36mround[0m = 62 [0;36mnonce[0m = 59 [0;36mhash[0m = ee59eeba3db96796d79bda17813df7056f2b60a184ddca90daa755b7f5b90359 
[0;36mDEBUG[0m[2026-03-16 10:14:11.754]   received shard header from network in block tracker [0;36mshard[0m = 0 [0;36mepoch[0m = 0 [0;36mround[0m = 63 [0;36mnonce[0m = 60 [0;36mhash[0m = 05e2719b86d2a6d8d0cd0688046d842790942c8dbad040046d99b330581807ba 
[0;36mDEBUG[0m[2026-03-16 10:14:11.754]   received shard header from network in block tracker [0;36mshard[0m = 0 [0;36mepoch[0m = 0 [0;36mround[0m = 64 [0;36mnonce[0m = 61 [0;36mhash[0m = 1f94bca64fda4659b34525337be011be07140fae4f92cdb2048361ed61188bfd 
[0;36mDEBUG[0m[2026-03-16 10:14:11.754]   received shard header from network in block tracker [0;36mshard[0m = 0 [0;36mepoch[0m = 0 [0;36mround[0m = 65 [0;36mnonce[0m = 62 [0;36mhash[0m = 509e1f7e363d62714fe38ea7803b475fa7c801e43a8e48c31fe9607c2d3d0266 
[0;36mDEBUG[0m[2026-03-16 10:14:11.754]   received shard header from network in block tracker [0;36mshard[0m = 0 [0;36mepoch[0m = 0 [0;36mround[0m = 66 [0;36mnonce[0m = 63 [0;36mhash[0m = 4f6a4064de306354aeaad86656467eb4de337387d3ed3d1857019edacd3a820b 
[0;36mDEBUG[0m[2026-03-16 10:14:11.754]   received shard header from network in block tracker [0;36mshard[0m = 0 [0;36mepoch[0m = 0 [0;36mround[0m = 67 [0;36mnonce[0m = 64 [0;36mhash[0m = 1a91a7561555d2bffaeefde04a50b53de99fff39b43ca716958199993326c9ca 
[0;36mDEBUG[0m[2026-03-16 10:14:11.754]   received shard header from network in block tracker [0;36mshard[0m = 0 [0;36mepoch[0m = 0 [0;36mround[0m = 68 [0;36mnonce[0m = 65 [0;36mhash[0m = acf92a145e7897dae257ef65095adc53c54bab40cf26d917b857654afbbfe9bc 
[0;36mDEBUG[0m[2026-03-16 10:14:11.754]   received shard header from network in block tracker [0;36mshard[0m = 0 [0;36mepoch[0m = 0 [0;36mround[0m = 69 [0;36mnonce[0m = 66 [0;36mhash[0m = 5bd1e388e34e77420a79f5193657032b31078528c50b02525e76a1aeb37fa4a2 
[0;36mDEBUG[0m[2026-03-16 10:14:11.754]   received shard header from network in block tracker [0;36mshard[0m = 0 [0;36mepoch[0m = 0 [0;36mround[0m = 70 [0;36mnonce[0m = 67 [0;36mhash[0m = f2bc913974c3070a5bbe194425b472a854459780aa57c5b2194208ad14c7bd9f 
[0;36mDEBUG[0m[2026-03-16 10:14:11.754]   received shard header from network in block tracker [0;36mshard[0m = 0 [0;36mepoch[0m = 0 [0;36mround[0m = 71 [0;36mnonce[0m = 68 [0;36mhash[0m = e249d60c2d1aa2e594fc1de7adb8678914ab6341c826cc865feefc3dc5d85c2a 
[0;36mDEBUG[0m[2026-03-16 10:14:11.754]   received shard header from network in block tracker [0;36mshard[0m = 0 [0;36mepoch[0m = 0 [0;36mround[0m = 72 [0;36mnonce[0m = 69 [0;36mhash[0m = 11e7ee5d32126c5e47ee5d9f0abf06002daded6e8fc33cd85e1b48e0ca1c1d6c 
[0;36mDEBUG[0m[2026-03-16 10:14:11.754]   received shard header from network in block tracker [0;36mshard[0m = 0 [0;36mepoch[0m = 0 [0;36mround[0m = 73 [0;36mnonce[0m = 70 [0;36mhash[0m = 51e9b51598958f3af132a0267a9fca983e4366d25f8808185944fa139eae5a0e 
[0;36mDEBUG[0m[2026-03-16 10:14:11.754]   received shard header from network in block tracker [0;36mshard[0m = 0 [0;36mepoch[0m = 0 [0;36mround[0m = 74 [0;36mnonce[0m = 71 [0;36mhash[0m = 965e84b39639a5dc7ac3cd2ab160038e3c7a5c4ba7207fcd93c4ee9d0e2f002e 
[0;36mDEBUG[0m[2026-03-16 10:14:11.754]   received shard header from network in block tracker [0;36mshard[0m = 0 [0;36mepoch[0m = 0 [0;36mround[0m = 75 [0;36mnonce[0m = 72 [0;36mhash[0m = 0afa2109ba6f6f9363c6588e1cb30c98930c4600594df899f30a408b085f8509 
[0;36mDEBUG[0m[2026-03-16 10:14:11.754]   received shard header from network in block tracker [0;36mshard[0m = 0 [0;36mepoch[0m = 0 [0;36mround[0m = 76 [0;36mnonce[0m = 73 [0;36mhash[0m = 861aec561271693dc0296c2e54719f7e6570cf017aed8206142d2250f05d7896 
[0;36mDEBUG[0m[2026-03-16 10:14:11.754]   received shard header from network in block tracker [0;36mshard[0m = 0 [0;36mepoch[0m = 0 [0;36mround[0m = 77 [0;36mnonce[0m = 74 [0;36mhash[0m = 2271500e2999491e1895ef68a20c4c3f86b0749b80676ac409dd1fa99640bb9d 
[0;36mDEBUG[0m[2026-03-16 10:14:11.754]   received shard header from network in block tracker [0;36mshard[0m = 0 [0;36mepoch[0m = 0 [0;36mround[0m = 78 [0;36mnonce[0m = 75 [0;36mhash[0m = 1913a4006b7e2e5d325768678e37570012f5e751b236513ba7d4fabedeb93277 
[0;36mDEBUG[0m[2026-03-16 10:14:11.754]   received shard header from network in block tracker [0;36mshard[0m = 0 [0;36mepoch[0m = 0 [0;36mround[0m = 79 [0;36mnonce[0m = 76 [0;36mhash[0m = b93ef582e312c8e2024164c0f5646d733665361d449b4a13bde0dee364dae54b 
[0;36mDEBUG[0m[2026-03-16 10:14:11.754]   received shard header from network in block tracker [0;36mshard[0m = 0 [0;36mepoch[0m = 0 [0;36mround[0m = 80 [0;36mnonce[0m = 77 [0;36mhash[0m = 3501571f831c7098f694e4b40baf3db611f3cb6d14e9a05a1e27bff6663a6829 
[0;36mDEBUG[0m[2026-03-16 10:14:11.754]   received shard header from network in block tracker [0;36mshard[0m = 0 [0;36mepoch[0m = 0 [0;36mround[0m = 81 [0;36mnonce[0m = 78 [0;36mhash[0m = 6f322141b1d5bce4a1022f60b1a4fe2369ca4382f394a158b2efdb8d88fbf47d 
[0;36mDEBUG[0m[2026-03-16 10:14:11.754]   received shard header from network in block tracker [0;36mshard[0m = 0 [0;36mepoch[0m = 0 [0;36mround[0m = 82 [0;36mnonce[0m = 79 [0;36mhash[0m = dc03a1c31afd2c7917101a5e238fd83cf18b96e1e7217498d8a13509f4b1d95d 
[0;36mDEBUG[0m[2026-03-16 10:14:11.754]   received shard header from network in block tracker [0;36mshard[0m = 0 [0;36mepoch[0m = 0 [0;36mround[0m = 83 [0;36mnonce[0m = 80 [0;36mhash[0m = 191a5975b36f7ace1373e971a07af71db3971b98911af67cd8722a1665f602e0 
[0;36mDEBUG[0m[2026-03-16 10:14:11.754]   received shard header from network in block tracker [0;36mshard[0m = 0 [0;36mepoch[0m = 0 [0;36mround[0m = 84 [0;36mnonce[0m = 81 [0;36mhash[0m = 4ea22ac681e55bc071aa3beed5c286dacede8bafb0fbc83e06ce0f146e56a612 
[0;36mDEBUG[0m[2026-03-16 10:14:11.754]   received shard header from network in block tracker [0;36mshard[0m = 0 [0;36mepoch[0m = 0 [0;36mround[0m = 85 [0;36mnonce[0m = 82 [0;36mhash[0m = a0f5bb7a1943f722a2e47d6566b8e62c101eda1c62135628d0f886508b70ba80 
[0;36mDEBUG[0m[2026-03-16 10:14:11.754]   received shard header from network in block tracker [0;36mshard[0m = 0 [0;36mepoch[0m = 0 [0;36mround[0m = 86 [0;36mnonce[0m = 83 [0;36mhash[0m = bbc532e82803f1d4fd10b881af4f6fc0fe22aa824625ab8826d99768b251e1da 
[0;36mDEBUG[0m[2026-03-16 10:14:11.754]   received shard header from network in block tracker [0;36mshard[0m = 0 [0;36mepoch[0m = 0 [0;36mround[0m = 87 [0;36mnonce[0m = 84 [0;36mhash[0m = 4fdc89c56569e7a5e58f3878ef996153b3f0f4b94d4578b70dfb42a5dd03ae49 
[0;36mDEBUG[0m[2026-03-16 10:14:11.754]   received shard header from network in block tracker [0;36mshard[0m = 0 [0;36mepoch[0m = 0 [0;36mround[0m = 88 [0;36mnonce[0m = 85 [0;36mhash[0m = 6c4465be2e659b172640b7b0bae2408d410b383fa8c98eb1b36f5e5d4a409d30 
[0;36mDEBUG[0m[2026-03-16 10:14:11.754]   received shard header from network in block tracker [0;36mshard[0m = 0 [0;36mepoch[0m = 0 [0;36mround[0m = 89 [0;36mnonce[0m = 86 [0;36mhash[0m = 3fcca85f95857398b5afa82dca08542c9305b113da89974c70bf7f83ea58dc6a 
[0;36mDEBUG[0m[2026-03-16 10:14:11.754]   received shard header from network in block tracker [0;36mshard[0m = 0 [0;36mepoch[0m = 0 [0;36mround[0m = 90 [0;36mnonce[0m = 87 [0;36mhash[0m = 8418eb3a651a8bf4034efa1f44053bf17c19790b16ac03a3f555b1a5704a4fa2 
[0;36mDEBUG[0m[2026-03-16 10:14:11.754]   received shard header from network in block tracker [0;36mshard[0m = 0 [0;36mepoch[0m = 0 [0;36mround[0m = 91 [0;36mnonce[0m = 88 [0;36mhash[0m = e068b0d84d93625c4380f0a068eed3efc7ca306582a7199850c7599e580c3552 
[0;36mDEBUG[0m[2026-03-16 10:14:11.754]   received shard header from network in block tracker [0;36mshard[0m = 0 [0;36mepoch[0m = 0 [0;36mround[0m = 92 [0;36mnonce[0m = 89 [0;36mhash[0m = fb457d3d5477610dc76cd94346e89522911e7cb07a6b730e24f346ed5911d72a 
[0;36mDEBUG[0m[2026-03-16 10:14:11.754]   received shard header from network in block tracker [0;36mshard[0m = 0 [0;36mepoch[0m = 0 [0;36mround[0m = 93 [0;36mnonce[0m = 90 [0;36mhash[0m = cd960b2c56d366281022d69b3f7e4726b8fbaf8632cf9bc00f6141253708d53e 
[0;36mDEBUG[0m[2026-03-16 10:14:11.754]   received shard header from network in block tracker [0;36mshard[0m = 0 [0;36mepoch[0m = 0 [0;36mround[0m = 94 [0;36mnonce[0m = 91 [0;36mhash[0m = cbcb15392f170235ec47f8becf43186162e7b10bd057fedc8e38899e80e59ae4 
[0;36mDEBUG[0m[2026-03-16 10:14:11.754]   received shard header from network in block tracker [0;36mshard[0m = 0 [0;36mepoch[0m = 0 [0;36mround[0m = 95 [0;36mnonce[0m = 92 [0;36mhash[0m = 699deef4dcb8a7ff48a831e3e40e4d3ded2f361a851b864669e4704fc2042fa7 
[0;36mDEBUG[0m[2026-03-16 10:14:11.754]   received shard header from network in block tracker [0;36mshard[0m = 0 [0;36mepoch[0m = 0 [0;36mround[0m = 96 [0;36mnonce[0m = 93 [0;36mhash[0m = fe178305f79de25aa37c40f9a75f67b9add36e7521d58fc8f12e86562a551511 
[0;36mDEBUG[0m[2026-03-16 10:14:11.754]   received shard header from network in block tracker [0;36mshard[0m = 0 [0;36mepoch[0m = 0 [0;36mround[0m = 97 [0;36mnonce[0m = 94 [0;36mhash[0m = 5243cdddb7b0445480b99612a6ce24fd8dd263423eb386aa157bb2c661a3fc30 
[0;36mDEBUG[0m[2026-03-16 10:14:11.754]   received shard header from network in block tracker [0;36mshard[0m = 0 [0;36mepoch[0m = 0 [0;36mround[0m = 98 [0;36mnonce[0m = 95 [0;36mhash[0m = e35ffc5829f0891523589eafe5ae16ba2ee227844482cf1f2e0fb4dcc30e8f01 
[0;36mDEBUG[0m[2026-03-16 10:14:11.754]   received shard header from network in block tracker [0;36mshard[0m = 0 [0;36mepoch[0m = 0 [0;36mround[0m = 99 [0;36mnonce[0m = 96 [0;36mhash[0m = f26f732b5b70c3372bbd6ede9c0a9b711644d5e3692dd962042a67eb32ea2bfb 
[0;36mDEBUG[0m[2026-03-16 10:14:11.754]   received shard header from network in block tracker [0;36mshard[0m = 0 [0;36mepoch[0m = 0 [0;36mround[0m = 100 [0;36mnonce[0m = 97 [0;36mhash[0m = d06a61484ca6aadb303e388cfd1dc1bbdef950c2b97c49b59e56f720b2ed90d3 
[0;36mDEBUG[0m[2026-03-16 10:14:11.754]   received shard header from network in block tracker [0;36mshard[0m = 0 [0;36mepoch[0m = 0 [0;36mround[0m = 101 [0;36mnonce[0m = 98 [0;36mhash[0m = de4009b2e6b2a1240fa5a37927dec940cdc4521d1571fd74df418f1a0bfde04f 
[0;36mDEBUG[0m[2026-03-16 10:14:11.754]   received shard header from network in block tracker [0;36mshard[0m = 0 [0;36mepoch[0m = 0 [0;36mround[0m = 102 [0;36mnonce[0m = 99 [0;36mhash[0m = 0fa9e2f8ef9a6542e9c69365521879d0c6ec474009b8e5640dd7188461b56119 
[0;36mDEBUG[0m[2026-03-16 10:14:11.754]   received shard header from network in block tracker [0;36mshard[0m = 0 [0;36mepoch[0m = 0 [0;36mround[0m = 103 [0;36mnonce[0m = 100 [0;36mhash[0m = f248ed775d65984cdd54f6eb0cf8c7bf5a7f82392e8c457d3403e1b1e4abbe83 
[0;36mDEBUG[0m[2026-03-16 10:14:11.754]   received shard header from network in block tracker [0;36mshard[0m = 0 [0;36mepoch[0m = 0 [0;36mround[0m = 104 [0;36mnonce[0m = 101 [0;36mhash[0m = 43e4b20e50e4feec26b141ff9e7d1ec04343559a2be4a75ce0b0846ac8df461b 
[0;36mDEBUG[0m[2026-03-16 10:14:11.754]   received shard header from network in block tracker [0;36mshard[0m = 0 [0;36mepoch[0m = 0 [0;36mround[0m = 105 [0;36mnonce[0m = 102 [0;36mhash[0m = cd896fee8edbe07267fcf3771cd54066444427b9f648c80155d467f54ba67f6e 
[0;36mDEBUG[0m[2026-03-16 10:14:11.754]   received shard header from network in block tracker [0;36mshard[0m = 0 [0;36mepoch[0m = 0 [0;36mround[0m = 106 [0;36mnonce[0m = 103 [0;36mhash[0m = f38e86cf7300d110da8b1dc6d878c9b68c13c457c0bb86468012db83d5eb2c85 
[0;36mDEBUG[0m[2026-03-16 10:14:11.754]   received shard header from network in block tracker [0;36mshard[0m = 0 [0;36mepoch[0m = 0 [0;36mround[0m = 107 [0;36mnonce[0m = 104 [0;36mhash[0m = 563fd48729ad5c86bf54f6d9f2d2578d7bf08a1600d2b6bb134c57f36f771352 
[0;36mDEBUG[0m[2026-03-16 10:14:11.754]   received shard header from network in block tracker [0;36mshard[0m = 0 [0;36mepoch[0m = 0 [0;36mround[0m = 108 [0;36mnonce[0m = 105 [0;36mhash[0m = ded761b8556931a1b41da57df11e3457e3623de258ce7a418400e9109decdc33 
[0;36mDEBUG[0m[2026-03-16 10:14:11.754]   received shard header from network in block tracker [0;36mshard[0m = 0 [0;36mepoch[0m = 0 [0;36mround[0m = 109 [0;36mnonce[0m = 106 [0;36mhash[0m = 838b19ff7ff943bc3d11978597d17e6f39154d6447c0ef45801c7b83ebe2d771 
[0;36mDEBUG[0m[2026-03-16 10:14:11.754]   received shard header from network in block tracker [0;36mshard[0m = 0 [0;36mepoch[0m = 0 [0;36mround[0m = 110 [0;36mnonce[0m = 107 [0;36mhash[0m = 352ed001abfb4d6dcc319dd33fe25701a452e5477ca8563e7087f9fcdbf2a8b9 
[0;36mDEBUG[0m[2026-03-16 10:14:11.754]   received shard header from network in block tracker [0;36mshard[0m = 0 [0;36mepoch[0m = 0 [0;36mround[0m = 111 [0;36mnonce[0m = 108 [0;36mhash[0m = 3b7d0a4320e9c082fb80675d9f7976a854b4985b630d9694bc8f9d2c09386234 
[0;36mDEBUG[0m[2026-03-16 10:14:11.754]   received shard header from network in block tracker [0;36mshard[0m = 0 [0;36mepoch[0m = 0 [0;36mround[0m = 112 [0;36mnonce[0m = 109 [0;36mhash[0m = ea583f650f7c5db32795ae960a6ed1300e73c8bdcad8d3f6368fa741230d7a0d 
[0;36mDEBUG[0m[2026-03-16 10:14:11.754]   received shard header from network in block tracker [0;36mshard[0m = 0 [0;36mepoch[0m = 0 [0;36mround[0m = 113 [0;36mnonce[0m = 110 [0;36mhash[0m = 0384d952c5bc87348fd7f4eb8919d39e02c9db9de9eb2a1a3aea30df4752552a 
[0;36mDEBUG[0m[2026-03-16 10:14:11.754]   received shard header from network in block tracker [0;36mshard[0m = 0 [0;36mepoch[0m = 0 [0;36mround[0m = 114 [0;36mnonce[0m = 111 [0;36mhash[0m = ddb0eb7d6e53064473c8fdafb9ff5e0a93345ff6697232dff79d70bde63b7d19 
[0;36mDEBUG[0m[2026-03-16 10:14:11.754]   received shard header from network in block tracker [0;36mshard[0m = 0 [0;36mepoch[0m = 0 [0;36mround[0m = 115 [0;36mnonce[0m = 112 [0;36mhash[0m = 791d125806c0e317ad408a211842de6f264500faa2eadfd72247a8a62563e3f9 
[0;36mDEBUG[0m[2026-03-16 10:14:11.754]   received shard header from network in block tracker [0;36mshard[0m = 0 [0;36mepoch[0m = 0 [0;36mround[0m = 116 [0;36mnonce[0m = 113 [0;36mhash[0m = 0344c37b9df755be4fc9826ab3a9799f7fdb69c595bdb2c44b6f40c3c55e3091 
[0;36mDEBUG[0m[2026-03-16 10:14:11.754]   received shard header from network in block tracker [0;36mshard[0m = 0 [0;36mepoch[0m = 0 [0;36mround[0m = 117 [0;36mnonce[0m = 114 [0;36mhash[0m = 2ec505bd4dbb7c0b5d629e1cd6f2ef0607feda06ba4d82ccdb631576b8450cbb 
[0;36mDEBUG[0m[2026-03-16 10:14:11.754]   received shard header from network in block tracker [0;36mshard[0m = 0 [0;36mepoch[0m = 0 [0;36mround[0m = 118 [0;36mnonce[0m = 115 [0;36mhash[0m = c82b92f19e30c9ccd57ac05cb736f9c8adfca5874bc6e4b7fa92b39ede73fff4 
[0;36mDEBUG[0m[2026-03-16 10:14:11.754]   received shard header from network in block tracker [0;36mshard[0m = 0 [0;36mepoch[0m = 0 [0;36mround[0m = 119 [0;36mnonce[0m = 116 [0;36mhash[0m = 851267c28f9ef9460772eda17e86090e284ba1a0d9efe19f79d7d7b7bcc89a43 
[0;36mDEBUG[0m[2026-03-16 10:14:11.754]   received shard header from network in block tracker [0;36mshard[0m = 0 [0;36mepoch[0m = 0 [0;36mround[0m = 120 [0;36mnonce[0m = 117 [0;36mhash[0m = 7a5f6a5da107cf1788afba611bcc0c35ea1880ea3e663a4b64a73b5b3f108108 
[0;36mDEBUG[0m[2026-03-16 10:14:11.754]   received shard header from network in block tracker [0;36mshard[0m = 0 [0;36mepoch[0m = 0 [0;36mround[0m = 121 [0;36mnonce[0m = 118 [0;36mhash[0m = 137f129d6904b1e1cd048e8548f913f8a51b83cfd2356d4c21ef322e65d4c9d6 
[0;36mDEBUG[0m[2026-03-16 10:14:11.754]   received shard header from network in block tracker [0;36mshard[0m = 0 [0;36mepoch[0m = 0 [0;36mround[0m = 122 [0;36mnonce[0m = 119 [0;36mhash[0m = 4c2b63f54db1512e3af6b5b5717d83475df0856ed4c6de053beb36db52782b4f 
[0;36mDEBUG[0m[2026-03-16 10:14:11.754]   received shard header from network in block tracker [0;36mshard[0m = 0 [0;36mepoch[0m = 0 [0;36mround[0m = 123 [0;36mnonce[0m = 120 [0;36mhash[0m = ff4e7b1d62ca8ddd7b83b9252acaca489c7d3abb62acf1059d5b961bc5b10033 
[0;36mDEBUG[0m[2026-03-16 10:14:11.754]   received shard header from network in block tracker [0;36mshard[0m = 0 [0;36mepoch[0m = 0 [0;36mround[0m = 124 [0;36mnonce[0m = 121 [0;36mhash[0m = 14ad020f9b7e1661c7d4aaa0371f3858c70ad18a4bc485f0d59357d977312090 
[0;36mDEBUG[0m[2026-03-16 10:14:11.754]   received shard header from network in block tracker [0;36mshard[0m = 0 [0;36mepoch[0m = 0 [0;36mround[0m = 125 [0;36mnonce[0m = 122 [0;36mhash[0m = a91fdb388da554d53f5cf630aa47305cb4715167c8106add8cd007b386c6ea9c 
[0;36mDEBUG[0m[2026-03-16 10:14:11.754]   received shard header from network in block tracker [0;36mshard[0m = 0 [0;36mepoch[0m = 0 [0;36mround[0m = 126 [0;36mnonce[0m = 123 [0;36mhash[0m = c4f6eefb800d2f5c73e9fc5236f641a80c8da01491ac1807490d13647647d246 
[0;36mDEBUG[0m[2026-03-16 10:14:11.754]   received shard header from network in block tracker [0;36mshard[0m = 0 [0;36mepoch[0m = 0 [0;36mround[0m = 127 [0;36mnonce[0m = 124 [0;36mhash[0m = 049320f704555a00929024e081832300cc1ad17b3b9cb0949ea134f2fb563705 
[0;36mDEBUG[0m[2026-03-16 10:14:11.754]   received shard header from network in block tracker [0;36mshard[0m = 0 [0;36mepoch[0m = 0 [0;36mround[0m = 128 [0;36mnonce[0m = 125 [0;36mhash[0m = 3a5932043dee8ca5389fdf56f45ec460c8557c126b746ce147e84e0ec3045e17 
[0;36mDEBUG[0m[2026-03-16 10:14:11.754]   received shard header from network in block tracker [0;36mshard[0m = 0 [0;36mepoch[0m = 0 [0;36mround[0m = 129 [0;36mnonce[0m = 126 [0;36mhash[0m = bf6644be0300adf86624ec9eecc7cfeef26a0ca98fd9fb8537052ef16da72dd3 
[0;36mDEBUG[0m[2026-03-16 10:14:11.754]   received shard header from network in block tracker [0;36mshard[0m = 0 [0;36mepoch[0m = 0 [0;36mround[0m = 130 [0;36mnonce[0m = 127 [0;36mhash[0m = ed4c393ae82b2f370427c025348fa6adf4daeb490bd96ce2f7c595062bac4b5d 
[0;36mDEBUG[0m[2026-03-16 10:14:11.754]   received shard header from network in block tracker [0;36mshard[0m = 0 [0;36mepoch[0m = 0 [0;36mround[0m = 131 [0;36mnonce[0m = 128 [0;36mhash[0m = 665395719f3bdf4d42a31b8f0d762a1337a34b6cdf6dfd2b0054697b2d15a9da 
[0;36mDEBUG[0m[2026-03-16 10:14:11.754]   received shard header from network in block tracker [0;36mshard[0m = 0 [0;36mepoch[0m = 0 [0;36mround[0m = 132 [0;36mnonce[0m = 129 [0;36mhash[0m = 03f1a08b06d621ccabf4cfcbbb44295a94373f9250d2fc813990deb984cfae1b 
[0;36mDEBUG[0m[2026-03-16 10:14:11.755]   received shard header from network in block tracker [0;36mshard[0m = 0 [0;36mepoch[0m = 0 [0;36mround[0m = 133 [0;36mnonce[0m = 130 [0;36mhash[0m = 6cc0143a2e8442907a8d76e81c46d2758befbf103c363052eecbe3768481751c 
[0;36mDEBUG[0m[2026-03-16 10:14:11.755]   received shard header from network in block tracker [0;36mshard[0m = 0 [0;36mepoch[0m = 0 [0;36mround[0m = 134 [0;36mnonce[0m = 131 [0;36mhash[0m = 166c99c969507356616192ec4619635a9b7da3dbc766293f4fb5562559e3b40a 
[0;36mDEBUG[0m[2026-03-16 10:14:11.755]   received shard header from network in block tracker [0;36mshard[0m = 0 [0;36mepoch[0m = 0 [0;36mround[0m = 135 [0;36mnonce[0m = 132 [0;36mhash[0m = f467880e4ebb01127c95a9edceadff450cb6f2ed2160dd736b03947a3b4590cd 
[0;36mDEBUG[0m[2026-03-16 10:14:11.755]   received shard header from network in block tracker [0;36mshard[0m = 0 [0;36mepoch[0m = 0 [0;36mround[0m = 136 [0;36mnonce[0m = 133 [0;36mhash[0m = 0e5f5617a5a7b1cef2c1bb1b54fbe7fea94eb4aab77aad395914f36fe81ce405 
[0;36mDEBUG[0m[2026-03-16 10:14:11.755]   received shard header from network in block tracker [0;36mshard[0m = 0 [0;36mepoch[0m = 0 [0;36mround[0m = 137 [0;36mnonce[0m = 134 [0;36mhash[0m = 934f34f3950dc1cb2ad43ea0149f6732ed230ca6b7684a1203b8ae2731e1941b 
[0;36mDEBUG[0m[2026-03-16 10:14:11.755]   received shard header from network in block tracker [0;36mshard[0m = 0 [0;36mepoch[0m = 0 [0;36mround[0m = 138 [0;36mnonce[0m = 135 [0;36mhash[0m = ff8cdc602a44a06dd11df0f7cb51d0867816754283314f45a22a854cbe3f7c68 
[0;36mDEBUG[0m[2026-03-16 10:14:11.755]   received shard header from network in block tracker [0;36mshard[0m = 0 [0;36mepoch[0m = 0 [0;36mround[0m = 139 [0;36mnonce[0m = 136 [0;36mhash[0m = 4585cad067e23350e614480b3021d3d243ea9ed05865c8dc3849779ffeb28f99 
[0;36mDEBUG[0m[2026-03-16 10:14:11.755]   received shard header from network in block tracker [0;36mshard[0m = 0 [0;36mepoch[0m = 0 [0;36mround[0m = 140 [0;36mnonce[0m = 137 [0;36mhash[0m = c8ee828274790a3b8650351f662bf0a4b0fc0f62d72ae2e7864a7363e6ea3d00 
[0;36mDEBUG[0m[2026-03-16 10:14:11.755]   received shard header from network in block tracker [0;36mshard[0m = 0 [0;36mepoch[0m = 0 [0;36mround[0m = 141 [0;36mnonce[0m = 138 [0;36mhash[0m = c71c858196f600e6386d912b5c877205b591209d5f9c9cb2a21acf74b7aac2b6 
[0;36mDEBUG[0m[2026-03-16 10:14:11.755]   received shard header from network in block tracker [0;36mshard[0m = 0 [0;36mepoch[0m = 0 [0;36mround[0m = 142 [0;36mnonce[0m = 139 [0;36mhash[0m = 486f14424850727dfcbf0add0aeb863c99a656d5a9c30b202a9a771b94ff7b87 
[0;36mDEBUG[0m[2026-03-16 10:14:11.755]   received shard header from network in block tracker [0;36mshard[0m = 0 [0;36mepoch[0m = 0 [0;36mround[0m = 143 [0;36mnonce[0m = 140 [0;36mhash[0m = 8c60505ff5768743944e4b79919c5ddf0b5a1123c5905ee516f62e44c6070c91 
[0;36mDEBUG[0m[2026-03-16 10:14:11.755]   received shard header from network in block tracker [0;36mshard[0m = 0 [0;36mepoch[0m = 0 [0;36mround[0m = 144 [0;36mnonce[0m = 141 [0;36mhash[0m = 6baabf3b0ceab517802746740a29282c2892f66fe4075347f135001d6f3a3b47 
[0;36mDEBUG[0m[2026-03-16 10:14:11.755]   received shard header from network in block tracker [0;36mshard[0m = 0 [0;36mepoch[0m = 0 [0;36mround[0m = 145 [0;36mnonce[0m = 142 [0;36mhash[0m = c3fbf812c6d8cb5872c309dcbc21578d9ced51f92f3af9dcd400fd2ce79df777 
[0;36mDEBUG[0m[2026-03-16 10:14:11.755]   received shard header from network in block tracker [0;36mshard[0m = 0 [0;36mepoch[0m = 0 [0;36mround[0m = 146 [0;36mnonce[0m = 143 [0;36mhash[0m = e751fddfe181f710ce28587a2325e70636e92fdd10c0f94488181f0ab24f6ed8 
[0;36mDEBUG[0m[2026-03-16 10:14:11.755]   received shard header from network in block tracker [0;36mshard[0m = 0 [0;36mepoch[0m = 0 [0;36mround[0m = 147 [0;36mnonce[0m = 144 [0;36mhash[0m = 0cb68b313286610481f660d3ab916f67e7cef3d6eb59abc203a6fdd0cc827e9f 
[0;36mDEBUG[0m[2026-03-16 10:14:11.755]   received shard header from network in block tracker [0;36mshard[0m = 0 [0;36mepoch[0m = 0 [0;36mround[0m = 148 [0;36mnonce[0m = 145 [0;36mhash[0m = f9e4fcc1d6df651dd473171b94149566b9b6cf71c5951c4c356d4301c0d0d986 
[0;36mDEBUG[0m[2026-03-16 10:14:11.756]   received shard header from network in block tracker [0;36mshard[0m = 0 [0;36mepoch[0m = 0 [0;36mround[0m = 149 [0;36mnonce[0m = 146 [0;36mhash[0m = 3b8bb1a7779bc0186772204f8d8a9a8d9c5fa1a374ca4d8e2ab86e3a34c4d27e 
[0;36mDEBUG[0m[2026-03-16 10:14:11.756]   received shard header from network in block tracker [0;36mshard[0m = 0 [0;36mepoch[0m = 0 [0;36mround[0m = 150 [0;36mnonce[0m = 147 [0;36mhash[0m = ba0e3eea648cba1831f868b39bc913c1665a38e799d35c1e5bf6db5f3183ca0a 
[0;36mDEBUG[0m[2026-03-16 10:14:11.756]   received shard header from network in block tracker [0;36mshard[0m = 0 [0;36mepoch[0m = 0 [0;36mround[0m = 151 [0;36mnonce[0m = 148 [0;36mhash[0m = e442dd66bbc9f97b46c62ab69acbe18fda5504bbeb9e635385f394b33de49c7c 
[0;36mDEBUG[0m[2026-03-16 10:14:11.756]   received shard header from network in block tracker [0;36mshard[0m = 0 [0;36mepoch[0m = 0 [0;36mround[0m = 152 [0;36mnonce[0m = 149 [0;36mhash[0m = 1f4e1ae919c809090dcd3ccc87c57999882c2a6679b390aa1966b04da69c34af 
[0;36mDEBUG[0m[2026-03-16 10:14:11.756]   received shard header from network in block tracker [0;36mshard[0m = 0 [0;36mepoch[0m = 0 [0;36mround[0m = 153 [0;36mnonce[0m = 150 [0;36mhash[0m = ef682a0139ae6dc6bddc04dc1b1d792f3fc17bc446f47c8d38db2705a3b52f2c 
[0;36mDEBUG[0m[2026-03-16 10:14:11.756]   received shard header from network in block tracker [0;36mshard[0m = 0 [0;36mepoch[0m = 0 [0;36mround[0m = 154 [0;36mnonce[0m = 151 [0;36mhash[0m = bce7c8fa0f289145eff0c9b9d2e09a5d0681e5d6b1cbd1876ca9454ecc7a3441 
[0;36mDEBUG[0m[2026-03-16 10:14:11.756]   received shard header from network in block tracker [0;36mshard[0m = 0 [0;36mepoch[0m = 0 [0;36mround[0m = 155 [0;36mnonce[0m = 152 [0;36mhash[0m = f6fa7887ff6d069b490f132ee32fef3030da2a2bd11f20e9842fb6ba767b6e1e 
[0;36mDEBUG[0m[2026-03-16 10:14:11.756]   received shard header from network in block tracker [0;36mshard[0m = 0 [0;36mepoch[0m = 0 [0;36mround[0m = 156 [0;36mnonce[0m = 153 [0;36mhash[0m = b0b8f51c1603d4b82ddabd2305e1bcf36421b953bd106063d526cae000f2a2a8 
[0;36mDEBUG[0m[2026-03-16 10:14:11.756]   received shard header from network in block tracker [0;36mshard[0m = 0 [0;36mepoch[0m = 0 [0;36mround[0m = 157 [0;36mnonce[0m = 154 [0;36mhash[0m = 605a3bba2dea0c241962e9726bc9a1f67d295826d64546af28fd8694b53f2e49 
[0;36mDEBUG[0m[2026-03-16 10:14:11.756]   received shard header from network in block tracker [0;36mshard[0m = 0 [0;36mepoch[0m = 0 [0;36mround[0m = 158 [0;36mnonce[0m = 155 [0;36mhash[0m = 93116fd5bec6ed77124cd07050300f643a5a481eda09b6221ae1321e8c90cf97 
[0;36mDEBUG[0m[2026-03-16 10:14:11.756]   received shard header from network in block tracker [0;36mshard[0m = 0 [0;36mepoch[0m = 0 [0;36mround[0m = 159 [0;36mnonce[0m = 156 [0;36mhash[0m = 661920464d77e217729efc3d000d076cb4a28622bffaebebb46509e383796603 
[0;36mDEBUG[0m[2026-03-16 10:14:11.756]   received shard header from network in block tracker [0;36mshard[0m = 0 [0;36mepoch[0m = 0 [0;36mround[0m = 160 [0;36mnonce[0m = 157 [0;36mhash[0m = bb12ba1d94279692b7456ef15840fae7ebd349ab4282138308b32d01f1c784bd 
[0;36mDEBUG[0m[2026-03-16 10:14:11.756]   received shard header from network in block tracker [0;36mshard[0m = 0 [0;36mepoch[0m = 0 [0;36mround[0m = 161 [0;36mnonce[0m = 158 [0;36mhash[0m = 2d5b9525f412d1af4de2d2b964b8ce16d76c4687730eb47e4873d50b422c786b 
[0;36mDEBUG[0m[2026-03-16 10:14:11.756]   received shard header from network in block tracker [0;36mshard[0m = 0 [0;36mepoch[0m = 0 [0;36mround[0m = 162 [0;36mnonce[0m = 159 [0;36mhash[0m = f458f54a0befedf872e6d54c2b4cc55c22cb1edf45a4f2d01e91e3ab9b530219 
[0;36mDEBUG[0m[2026-03-16 10:14:11.756]   received shard header from network in block tracker [0;36mshard[0m = 0 [0;36mepoch[0m = 0 [0;36mround[0m = 163 [0;36mnonce[0m = 160 [0;36mhash[0m = 0cdf0e38b48b0fe9e032a721aecb7a0eaf3e2fe32fac13dbb91c36e419f10666 
[0;36mDEBUG[0m[2026-03-16 10:14:11.756]   received shard header from network in block tracker [0;36mshard[0m = 0 [0;36mepoch[0m = 0 [0;36mround[0m = 164 [0;36mnonce[0m = 161 [0;36mhash[0m = dd0e517f7b1b29ca40de5d16d3481285733671f86c5961fa179d6edb255d8e4b 
[0;36mDEBUG[0m[2026-03-16 10:14:11.756]   received shard header from network in block tracker [0;36mshard[0m = 0 [0;36mepoch[0m = 0 [0;36mround[0m = 165 [0;36mnonce[0m = 162 [0;36mhash[0m = 52dbfbfb6a697fa8e90111931ca7b10d83a0c63968d40e5ddd547cec5405546a 
[0;36mDEBUG[0m[2026-03-16 10:14:11.756]   received shard header from network in block tracker [0;36mshard[0m = 0 [0;36mepoch[0m = 0 [0;36mround[0m = 166 [0;36mnonce[0m = 163 [0;36mhash[0m = 73d591651183f9272493594cf340a12639044cbb87b2870593bd41b24f826871 
[0;36mDEBUG[0m[2026-03-16 10:14:11.756]   received shard header from network in block tracker [0;36mshard[0m = 0 [0;36mepoch[0m = 0 [0;36mround[0m = 167 [0;36mnonce[0m = 164 [0;36mhash[0m = f8dd97db692b08982c8265abb2af14e29b9bef42a513ab203135f643a73793fa 
[0;36mDEBUG[0m[2026-03-16 10:14:11.756]   received shard header from network in block tracker [0;36mshard[0m = 0 [0;36mepoch[0m = 0 [0;36mround[0m = 168 [0;36mnonce[0m = 165 [0;36mhash[0m = 47addc4c104a1d959e8df7c76760513999934ad4dbc3836bab091b74e3e73b73 
[0;36mDEBUG[0m[2026-03-16 10:14:11.756]   received shard header from network in block tracker [0;36mshard[0m = 0 [0;36mepoch[0m = 0 [0;36mround[0m = 169 [0;36mnonce[0m = 166 [0;36mhash[0m = 67c96044e36f71e0f3f136e5cc23f8c4616ad7f3c26b37febf9e13f119796516 
[0;36mDEBUG[0m[2026-03-16 10:14:11.756]   received shard header from network in block tracker [0;36mshard[0m = 0 [0;36mepoch[0m = 0 [0;36mround[0m = 170 [0;36mnonce[0m = 167 [0;36mhash[0m = 67c38046babc7aaa82c8e89b2a712ae1168e4a31d8e7ff808b4648caa122ad8c 
[0;36mDEBUG[0m[2026-03-16 10:14:11.756]   received shard header from network in block tracker [0;36mshard[0m = 0 [0;36mepoch[0m = 0 [0;36mround[0m = 171 [0;36mnonce[0m = 168 [0;36mhash[0m = dbc0a99747875ed60aed14a35211a196d682fdc4d72d243cc73dd70b248dfb2d 
[0;36mDEBUG[0m[2026-03-16 10:14:11.756]   received shard header from network in block tracker [0;36mshard[0m = 0 [0;36mepoch[0m = 0 [0;36mround[0m = 172 [0;36mnonce[0m = 169 [0;36mhash[0m = 602359346904af9cf8dfde410cd5c9f4ae2cc48f9d3f3f35dabc647f27d745e8 
[0;36mDEBUG[0m[2026-03-16 10:14:11.756]   received shard header from network in block tracker [0;36mshard[0m = 0 [0;36mepoch[0m = 0 [0;36mround[0m = 173 [0;36mnonce[0m = 170 [0;36mhash[0m = 98e1d3360dc4c25b3f65f9b67ebfaedbb6e8d20f7380b43863a0a3193b12457c 
[0;36mDEBUG[0m[2026-03-16 10:14:11.756]   received shard header from network in block tracker [0;36mshard[0m = 0 [0;36mepoch[0m = 0 [0;36mround[0m = 174 [0;36mnonce[0m = 171 [0;36mhash[0m = f74e2fc54f733c7796f3ebc20cc6d50f6ce9ed0f161d396910be11fa9a0a2c27 
[0;36mDEBUG[0m[2026-03-16 10:14:11.756]   received shard header from network in block tracker [0;36mshard[0m = 0 [0;36mepoch[0m = 0 [0;36mround[0m = 175 [0;36mnonce[0m = 172 [0;36mhash[0m = 39208e8b51ac8947efee4bb82c52e6f921056e84d352f16cf7c83c2a7b062376 
[0;36mDEBUG[0m[2026-03-16 10:14:11.756]   received shard header from network in block tracker [0;36mshard[0m = 0 [0;36mepoch[0m = 0 [0;36mround[0m = 176 [0;36mnonce[0m = 173 [0;36mhash[0m = e9f460e303c76d978884335a32fffc05d341b39938c835a624cbbe2dd70658fc 
[0;36mDEBUG[0m[2026-03-16 10:14:11.756]   received shard header from network in block tracker [0;36mshard[0m = 0 [0;36mepoch[0m = 0 [0;36mround[0m = 177 [0;36mnonce[0m = 174 [0;36mhash[0m = 172fa6187df4ae653b0c55e0a54b654c66685cb578f72ce648d899e521caaab3 
[0;36mDEBUG[0m[2026-03-16 10:14:11.756]   received shard header from network in block tracker [0;36mshard[0m = 0 [0;36mepoch[0m = 0 [0;36mround[0m = 178 [0;36mnonce[0m = 175 [0;36mhash[0m = 0d8f325bbb33e1278dd5d680a1be5616c049534858efb33625b0236f408dca19 
[0;36mDEBUG[0m[2026-03-16 10:14:11.756]   received shard header from network in block tracker [0;36mshard[0m = 0 [0;36mepoch[0m = 0 [0;36mround[0m = 179 [0;36mnonce[0m = 176 [0;36mhash[0m = b46eac21798d350583016b88c0a4215425d632db71bd1a13fd15cde28408c512 
[0;36mDEBUG[0m[2026-03-16 10:14:11.757]   received shard header from network in block tracker [0;36mshard[0m = 0 [0;36mepoch[0m = 0 [0;36mround[0m = 180 [0;36mnonce[0m = 177 [0;36mhash[0m = cc080b951baf7e516b0c789f24964e6348be75e2a2df6f5fa5ab45831853e6c8 
[0;36mDEBUG[0m[2026-03-16 10:14:11.757]   received shard header from network in block tracker [0;36mshard[0m = 0 [0;36mepoch[0m = 0 [0;36mround[0m = 181 [0;36mnonce[0m = 178 [0;36mhash[0m = bdde0ee4b4e41462d594c942eca21b90d5cb1fe7194dca2d06467c95dd30b4d4 
[0;36mDEBUG[0m[2026-03-16 10:14:11.757]   received shard header from network in block tracker [0;36mshard[0m = 0 [0;36mepoch[0m = 0 [0;36mround[0m = 182 [0;36mnonce[0m = 179 [0;36mhash[0m = 9bf3b0c0fd960bb89b528bd5d20c8755dcbe1008d778dd3874aac750d28537c5 
[0;36mDEBUG[0m[2026-03-16 10:14:11.757]   received shard header from network in block tracker [0;36mshard[0m = 0 [0;36mepoch[0m = 0 [0;36mround[0m = 183 [0;36mnonce[0m = 180 [0;36mhash[0m = 7889416aa1cb949836b21cd91fe5ddbaab2135113f2b7c8c7dacf1202211aa6a 
[0;36mDEBUG[0m[2026-03-16 10:14:11.757]   received shard header from network in block tracker [0;36mshard[0m = 0 [0;36mepoch[0m = 0 [0;36mround[0m = 184 [0;36mnonce[0m = 181 [0;36mhash[0m = 5e1c89a6e3f7681a6c3fcd44188a9fdd5d8629de83cdf690e75f17c55acb7007 
[0;36mDEBUG[0m[2026-03-16 10:14:11.757]   received shard header from network in block tracker [0;36mshard[0m = 0 [0;36mepoch[0m = 0 [0;36mround[0m = 185 [0;36mnonce[0m = 182 [0;36mhash[0m = f82ca7c67a6a728ab3cdf8c360a2379b30cd35247d8fbe22a92d9a7aa0829715 
[0;36mDEBUG[0m[2026-03-16 10:14:11.757]   received shard header from network in block tracker [0;36mshard[0m = 0 [0;36mepoch[0m = 0 [0;36mround[0m = 186 [0;36mnonce[0m = 183 [0;36mhash[0m = 68159dc2bc5ac17c59ff648e16a8748b3b5ca3e9aaa03d525f72899cac0c8cfa 
[0;36mDEBUG[0m[2026-03-16 10:14:11.757]   received shard header from network in block tracker [0;36mshard[0m = 0 [0;36mepoch[0m = 0 [0;36mround[0m = 187 [0;36mnonce[0m = 184 [0;36mhash[0m = 27786f455423377a52f498286694544d73423470c6d26068aec55d63f3c2cd24 
[0;36mDEBUG[0m[2026-03-16 10:14:11.757]   received shard header from network in block tracker [0;36mshard[0m = 0 [0;36mepoch[0m = 0 [0;36mround[0m = 188 [0;36mnonce[0m = 185 [0;36mhash[0m = df2ef53b63d7b62df8b4729a0868dcbe82d772a570dd58301e15410f94c800bc 
[0;36mDEBUG[0m[2026-03-16 10:14:11.757]   received shard header from network in block tracker [0;36mshard[0m = 0 [0;36mepoch[0m = 0 [0;36mround[0m = 189 [0;36mnonce[0m = 186 [0;36mhash[0m = 8ee43e8635a4795b06f330cddeea890b5bcff84c6ef65d17d9172a63f94303da 
[0;36mDEBUG[0m[2026-03-16 10:14:11.757]   received shard header from network in block tracker [0;36mshard[0m = 0 [0;36mepoch[0m = 0 [0;36mround[0m = 190 [0;36mnonce[0m = 187 [0;36mhash[0m = 5acf0bf64a7f8f21ab76fde9130f8fe0f707588960655afbc3a97b74b2e6fa09 
[0;36mDEBUG[0m[2026-03-16 10:14:11.757]   received shard header from network in block tracker [0;36mshard[0m = 0 [0;36mepoch[0m = 0 [0;36mround[0m = 191 [0;36mnonce[0m = 188 [0;36mhash[0m = 0fea0bde2f7e00e5819e34ae4abfea05806d7bf81f7d042ca2245cfffe6cb4f9 
[0;36mDEBUG[0m[2026-03-16 10:14:11.757]   received shard header from network in block tracker [0;36mshard[0m = 0 [0;36mepoch[0m = 0 [0;36mround[0m = 192 [0;36mnonce[0m = 189 [0;36mhash[0m = 9dc634602df9036831697ed63c235379528de0e3c74825a067856ed35e46ec6d 
[0;36mDEBUG[0m[2026-03-16 10:14:11.757]   received shard header from network in block tracker [0;36mshard[0m = 0 [0;36mepoch[0m = 0 [0;36mround[0m = 193 [0;36mnonce[0m = 190 [0;36mhash[0m = ec5fe5fadf408b0357ded0b10d5f0472d6d392512d33386d80a089b64984ce30 
[0;36mDEBUG[0m[2026-03-16 10:14:11.757]   received shard header from network in block tracker [0;36mshard[0m = 0 [0;36mepoch[0m = 0 [0;36mround[0m = 194 [0;36mnonce[0m = 191 [0;36mhash[0m = fd75af178ee0995700bd34712b7d4217c6f4f125b9044dba08d08615543092ac 
[0;36mDEBUG[0m[2026-03-16 10:14:11.757]   received shard header from network in block tracker [0;36mshard[0m = 0 [0;36mepoch[0m = 0 [0;36mround[0m = 195 [0;36mnonce[0m = 192 [0;36mhash[0m = f270905f8333f4d5bb189b053c29f39dd56fe3c7ac28e0f32763f2c17db32277 
[0;36mDEBUG[0m[2026-03-16 10:14:11.757]   received shard header from network in block tracker [0;36mshard[0m = 0 [0;36mepoch[0m = 0 [0;36mround[0m = 196 [0;36mnonce[0m = 193 [0;36mhash[0m = 990285b9cd6a309f42ead245367a6b516e2df9abb40232dc542ca89822b10dc8 
[0;36mDEBUG[0m[2026-03-16 10:14:11.757]   received shard header from network in block tracker [0;36mshard[0m = 0 [0;36mepoch[0m = 0 [0;36mround[0m = 197 [0;36mnonce[0m = 194 [0;36mhash[0m = 5ea74e95af15a272a61369f8e12352c78016aa0d033d520bb3bda725b2810472 
[0;36mDEBUG[0m[2026-03-16 10:14:11.757]   received shard header from network in block tracker [0;36mshard[0m = 0 [0;36mepoch[0m = 0 [0;36mround[0m = 198 [0;36mnonce[0m = 195 [0;36mhash[0m = b7273b9fbd59551f24e0e3aa88bb32a2cd1581ed0952f8cba2a84b6d5e097798 
[0;36mDEBUG[0m[2026-03-16 10:14:11.757]   received shard header from network in block tracker [0;36mshard[0m = 0 [0;36mepoch[0m = 0 [0;36mround[0m = 199 [0;36mnonce[0m = 196 [0;36mhash[0m = 1741bb54446707b04a78dd2a59e7044589a994ca4eba54fea0a30d1849fbd068 
[0;36mDEBUG[0m[2026-03-16 10:14:11.757]   received shard header from network in block tracker [0;36mshard[0m = 0 [0;36mepoch[0m = 0 [0;36mround[0m = 200 [0;36mnonce[0m = 197 [0;36mhash[0m = 866d14a8666c69b18719df70d8e32ba2a7ab90cd2afa8dc64c148041abaa0efb 
[0;36mDEBUG[0m[2026-03-16 10:14:11.757]   received shard header from network in block tracker [0;36mshard[0m = 0 [0;36mepoch[0m = 0 [0;36mround[0m = 201 [0;36mnonce[0m = 198 [0;36mhash[0m = a2f6674861fe23f9cd53a56baef9bd67b934050faa6311b72556a0f45d924d6b 
[0;36mDEBUG[0m[2026-03-16 10:14:11.757]   received shard header from network in block tracker [0;36mshard[0m = 0 [0;36mepoch[0m = 0 [0;36mround[0m = 202 [0;36mnonce[0m = 199 [0;36mhash[0m = 8f239487e31de354edd7cd9899db0faae754060164d00bd1e8da97a96364bcc5 
[0;36mDEBUG[0m[2026-03-16 10:14:11.757]   received shard header from network in block tracker [0;36mshard[0m = 0 [0;36mepoch[0m = 0 [0;36mround[0m = 203 [0;36mnonce[0m = 200 [0;36mhash[0m = 4c04311c7f3a178909fa2ecde32b06b05b70430dd4e5b4f47cf23811fc84adc2 
[0;36mDEBUG[0m[2026-03-16 10:14:11.757]   received shard header from network in block tracker [0;36mshard[0m = 0 [0;36mepoch[0m = 0 [0;36mround[0m = 204 [0;36mnonce[0m = 201 [0;36mhash[0m = a531a1dee28aa8c85027799d2e2b3e3adc5c585531ce28a3156aee1afc627ed0 
[0;36mDEBUG[0m[2026-03-16 10:14:11.757]   received shard header from network in block tracker [0;36mshard[0m = 0 [0;36mepoch[0m = 0 [0;36mround[0m = 205 [0;36mnonce[0m = 202 [0;36mhash[0m = b254fdb590290b0bf99adb608295f4cb72220925c5675e81ae42842e05df301a 
[0;36mDEBUG[0m[2026-03-16 10:14:11.757]   received shard header from network in block tracker [0;36mshard[0m = 0 [0;36mepoch[0m = 0 [0;36mround[0m = 206 [0;36mnonce[0m = 203 [0;36mhash[0m = b8db3a59a98e42b25dbef3606f1cd809fb39c610b0d2d9770e7f217b49a3fb64 
[0;36mDEBUG[0m[2026-03-16 10:14:11.757]   received shard header from network in block tracker [0;36mshard[0m = 0 [0;36mepoch[0m = 0 [0;36mround[0m = 207 [0;36mnonce[0m = 204 [0;36mhash[0m = 83cf097d8448bce4c646106c09189f3d532e89da293f564b633211f725331a6a 
[0;36mDEBUG[0m[2026-03-16 10:14:11.757]   received shard header from network in block tracker [0;36mshard[0m = 0 [0;36mepoch[0m = 0 [0;36mround[0m = 208 [0;36mnonce[0m = 205 [0;36mhash[0m = 41b2e166264328d804b851ac4425485982ae8502313673625102abe252a08c89 
[0;36mDEBUG[0m[2026-03-16 10:14:11.757]   received shard header from network in block tracker [0;36mshard[0m = 0 [0;36mepoch[0m = 0 [0;36mround[0m = 209 [0;36mnonce[0m = 206 [0;36mhash[0m = 18f7e06b65fab45ff8c5212e5b7c8abf2f8f2c14e591a3224d3feb309e5edc46 
[0;36mDEBUG[0m[2026-03-16 10:14:11.757]   received shard header from network in block tracker [0;36mshard[0m = 0 [0;36mepoch[0m = 0 [0;36mround[0m = 210 [0;36mnonce[0m = 207 [0;36mhash[0m = e40bd165419dc4c908c0db4517685cd5a523e2e91d6d129b00d17e1ac76aa271 
[0;36mDEBUG[0m[2026-03-16 10:14:11.757]   received shard header from network in block tracker [0;36mshard[0m = 0 [0;36mepoch[0m = 0 [0;36mround[0m = 211 [0;36mnonce[0m = 208 [0;36mhash[0m = d3a50134f839edfb779a2b1f423699e6f51e17c5652d7138429cd307ae6026ec 
[0;36mDEBUG[0m[2026-03-16 10:14:11.759]   received shard header from network in block tracker [0;36mshard[0m = 0 [0;36mepoch[0m = 0 [0;36mround[0m = 212 [0;36mnonce[0m = 209 [0;36mhash[0m = 1473ffe37fc03dc39feeab0ea88db31b6b5388ff915ee9528b57699374b7c0bb 
[0;36mDEBUG[0m[2026-03-16 10:14:11.759]   received shard header from network in block tracker [0;36mshard[0m = 0 [0;36mepoch[0m = 0 [0;36mround[0m = 213 [0;36mnonce[0m = 210 [0;36mhash[0m = eda858bfcd9ee1751837f4f681b502988868a24bd881b8f4523b1d3f19d8319b 
[0;36mDEBUG[0m[2026-03-16 10:14:11.759]   received shard header from network in block tracker [0;36mshard[0m = 0 [0;36mepoch[0m = 0 [0;36mround[0m = 214 [0;36mnonce[0m = 211 [0;36mhash[0m = 887240c1cc5693f5b6391f12b06773791dccd5fa44260c88d442dd25aac5ad34 
[0;36mDEBUG[0m[2026-03-16 10:14:11.759]   received shard header from network in block tracker [0;36mshard[0m = 0 [0;36mepoch[0m = 0 [0;36mround[0m = 215 [0;36mnonce[0m = 212 [0;36mhash[0m = c957e651e42ad95d5f3be0767a73888e34251f2ee9996d16d7dba73c21a06787 
[0;36mDEBUG[0m[2026-03-16 10:14:11.759]   received shard header from network in block tracker [0;36mshard[0m = 0 [0;36mepoch[0m = 0 [0;36mround[0m = 216 [0;36mnonce[0m = 213 [0;36mhash[0m = 6c0c10edefb6bebf7aa409a360036c103a5577b5720ff79c2d301677278b7857 
[0;36mDEBUG[0m[2026-03-16 10:14:11.759]   received shard header from network in block tracker [0;36mshard[0m = 0 [0;36mepoch[0m = 0 [0;36mround[0m = 217 [0;36mnonce[0m = 214 [0;36mhash[0m = e70d6ae4730bf78b61a10f3be3d88fd24743ab845094fab6d9f2d779f66612c4 
[0;36mDEBUG[0m[2026-03-16 10:14:11.759]   received shard header from network in block tracker [0;36mshard[0m = 0 [0;36mepoch[0m = 0 [0;36mround[0m = 218 [0;36mnonce[0m = 215 [0;36mhash[0m = f23dcca978b8287d4da2bcbcdf47531d622c8f13fe8fda0afd4c1a7222c4cc4b 
[0;36mDEBUG[0m[2026-03-16 10:14:11.759]   received shard header from network in block tracker [0;36mshard[0m = 0 [0;36mepoch[0m = 0 [0;36mround[0m = 219 [0;36mnonce[0m = 216 [0;36mhash[0m = 860bcf9723277910c023bd7787fe7c4568d6b09cb8fae20bc66fda7b5a959457 
[0;36mDEBUG[0m[2026-03-16 10:14:11.759]   received shard header from network in block tracker [0;36mshard[0m = 0 [0;36mepoch[0m = 0 [0;36mround[0m = 220 [0;36mnonce[0m = 217 [0;36mhash[0m = 0f8afee5b865820e82ce90e5c878f22f1983f871be5fad892b2d1d8de488b0f3 
[0;36mDEBUG[0m[2026-03-16 10:14:11.759]   received shard header from network in block tracker [0;36mshard[0m = 0 [0;36mepoch[0m = 0 [0;36mround[0m = 221 [0;36mnonce[0m = 218 [0;36mhash[0m = 46756554b57bc143e60efb978a5870ef883ca5dda173186ae84218cb3cacef6e 
[0;36mDEBUG[0m[2026-03-16 10:14:11.759]   received shard header from network in block tracker [0;36mshard[0m = 0 [0;36mepoch[0m = 0 [0;36mround[0m = 222 [0;36mnonce[0m = 219 [0;36mhash[0m = a01722d28dc67a1a74db7e4743c18d8f0b35394b16045b8c1c3ef67edf4d0197 
[0;36mDEBUG[0m[2026-03-16 10:14:11.759]   received shard header from network in block tracker [0;36mshard[0m = 0 [0;36mepoch[0m = 0 [0;36mround[0m = 223 [0;36mnonce[0m = 220 [0;36mhash[0m = f27226295a903bf5521620d8a2df885fd75036d7394699466690cd6d570d9c17 
[0;36mDEBUG[0m[2026-03-16 10:14:11.759]   received shard header from network in block tracker [0;36mshard[0m = 0 [0;36mepoch[0m = 0 [0;36mround[0m = 224 [0;36mnonce[0m = 221 [0;36mhash[0m = 82daa2164ff0d08e52758aecbe74a88bb272b0dbbea0eceddaaca5703fc60690 
[0;36mDEBUG[0m[2026-03-16 10:14:11.759]   received shard header from network in block tracker [0;36mshard[0m = 0 [0;36mepoch[0m = 0 [0;36mround[0m = 225 [0;36mnonce[0m = 222 [0;36mhash[0m = 8c3c814c8c63889c77d405e57bfab650d8ec492c4751c40bbc4a025ece2a28a1 
[0;36mDEBUG[0m[2026-03-16 10:14:11.759]   received shard header from network in block tracker [0;36mshard[0m = 0 [0;36mepoch[0m = 0 [0;36mround[0m = 226 [0;36mnonce[0m = 223 [0;36mhash[0m = c6f8f62fd00794553b0f51cd31ff6728e53de3d11baab928e8dfe4ed6deeb40d 
[0;36mDEBUG[0m[2026-03-16 10:14:11.759]   received shard header from network in block tracker [0;36mshard[0m = 0 [0;36mepoch[0m = 0 [0;36mround[0m = 227 [0;36mnonce[0m = 224 [0;36mhash[0m = 00ffd6c3ac84fc485f3e91b8b855ccf8ccbc9a23bf75302301aef78197fe96ab 
[0;36mDEBUG[0m[2026-03-16 10:14:11.759]   received shard header from network in block tracker [0;36mshard[0m = 0 [0;36mepoch[0m = 0 [0;36mround[0m = 228 [0;36mnonce[0m = 225 [0;36mhash[0m = a7ee2fe7a732f7f022ec6ab793ca57a0b4701bdf60cb496c85addaab516ec41f 
[0;36mDEBUG[0m[2026-03-16 10:14:11.759]   received shard header from network in block tracker [0;36mshard[0m = 0 [0;36mepoch[0m = 0 [0;36mround[0m = 229 [0;36mnonce[0m = 226 [0;36mhash[0m = b2e894b36fbf257265d5a08bc36a41025f0a432bcfaea593c3ff8fc7ecf40d1c 
[0;36mDEBUG[0m[2026-03-16 10:14:11.760]   received shard header from network in block tracker [0;36mshard[0m = 0 [0;36mepoch[0m = 0 [0;36mround[0m = 230 [0;36mnonce[0m = 227 [0;36mhash[0m = f5f3c701d761dac0013aa9c260caba4a2f368211e4efd0acbbda1f0a6a024a14 
[0;36mDEBUG[0m[2026-03-16 10:14:11.760]   received shard header from network in block tracker [0;36mshard[0m = 0 [0;36mepoch[0m = 0 [0;36mround[0m = 231 [0;36mnonce[0m = 228 [0;36mhash[0m = f4f3585c5faddd61b21437b062f1a768f9f9741b056ddb974c22c6afd348bbd8 
[0;36mDEBUG[0m[2026-03-16 10:14:11.760]   received shard header from network in block tracker [0;36mshard[0m = 0 [0;36mepoch[0m = 0 [0;36mround[0m = 232 [0;36mnonce[0m = 229 [0;36mhash[0m = cae85f7a51a2e1b1992f42feef3d6bcf4e4f2c70de0adcfbc756c4a0cce6addb 
[0;36mDEBUG[0m[2026-03-16 10:14:11.760]   received shard header from network in block tracker [0;36mshard[0m = 0 [0;36mepoch[0m = 0 [0;36mround[0m = 233 [0;36mnonce[0m = 230 [0;36mhash[0m = 7e017ba6f9e0b10239fb48d84a44e9f21bda0eb4c82c574e489a6aeb6ed09404 
[0;36mDEBUG[0m[2026-03-16 10:14:11.760]   received shard header from network in block tracker [0;36mshard[0m = 0 [0;36mepoch[0m = 0 [0;36mround[0m = 234 [0;36mnonce[0m = 231 [0;36mhash[0m = 7e30e4a4cdc2563a625bb5b04eb298d1a21f3399de9ed58e8d16312f3f3f8f15 
[0;36mDEBUG[0m[2026-03-16 10:14:11.760]   received shard header from network in block tracker [0;36mshard[0m = 0 [0;36mepoch[0m = 0 [0;36mround[0m = 235 [0;36mnonce[0m = 232 [0;36mhash[0m = dc076758968aa7be8fb4456d9c7b05e674fddd3407235ae308ed99a01ef48a89 
[0;36mDEBUG[0m[2026-03-16 10:14:11.760]   received shard header from network in block tracker [0;36mshard[0m = 0 [0;36mepoch[0m = 0 [0;36mround[0m = 236 [0;36mnonce[0m = 233 [0;36mhash[0m = 06e0bdf47d059610ab740ce77d384cc992f26effa232366312868575475649de 
[0;36mDEBUG[0m[2026-03-16 10:14:11.760]   received shard header from network in block tracker [0;36mshard[0m = 0 [0;36mepoch[0m = 0 [0;36mround[0m = 237 [0;36mnonce[0m = 234 [0;36mhash[0m = e8097633f90c90db1f81f5c7443e7d03c265c2ca5dc5ad0d5ec9b8f7b18de38f 
[0;36mDEBUG[0m[2026-03-16 10:14:11.760]   received shard header from network in block tracker [0;36mshard[0m = 0 [0;36mepoch[0m = 0 [0;36mround[0m = 238 [0;36mnonce[0m = 235 [0;36mhash[0m = efc96e91be5b6e13183ac2d5d16c8f48eec0d4e9defb8e9b0ba22f1031be86fb 
[0;36mDEBUG[0m[2026-03-16 10:14:11.760]   received shard header from network in block tracker [0;36mshard[0m = 0 [0;36mepoch[0m = 0 [0;36mround[0m = 239 [0;36mnonce[0m = 236 [0;36mhash[0m = ac38b31900a49bc59e448f80a764f0aa511ef9a6200427de7eca012dd001f26a 
[0;36mDEBUG[0m[2026-03-16 10:14:11.760]   received shard header from network in block tracker [0;36mshard[0m = 0 [0;36mepoch[0m = 0 [0;36mround[0m = 240 [0;36mnonce[0m = 237 [0;36mhash[0m = 8ee799aeacfead7e379ffda38f22c1e46f3a5788be92ee30e51cd5beca75f507 
[0;36mDEBUG[0m[2026-03-16 10:14:11.760]   received shard header from network in block tracker [0;36mshard[0m = 0 [0;36mepoch[0m = 0 [0;36mround[0m = 241 [0;36mnonce[0m = 238 [0;36mhash[0m = 54244ff30d851adc96e9adc4f73415791a0447ad6eb5ef5f96c527d84921946c 
[0;36mDEBUG[0m[2026-03-16 10:14:11.760]   received shard header from network in block tracker [0;36mshard[0m = 0 [0;36mepoch[0m = 0 [0;36mround[0m = 242 [0;36mnonce[0m = 239 [0;36mhash[0m = ab8c96c6e99908d65924169204da03af3dc4b4bac79e3028f992a6578ef5d987 
[0;36mDEBUG[0m[2026-03-16 10:14:11.760]   received shard header from network in block tracker [0;36mshard[0m = 0 [0;36mepoch[0m = 0 [0;36mround[0m = 243 [0;36mnonce[0m = 240 [0;36mhash[0m = eaf7cf0f6c16377548f86f403b2f2c2a738a68ee11bf4427ea085fe5fbb7d23f 
[0;36mDEBUG[0m[2026-03-16 10:14:11.760]   received shard header from network in block tracker [0;36mshard[0m = 0 [0;36mepoch[0m = 0 [0;36mround[0m = 244 [0;36mnonce[0m = 241 [0;36mhash[0m = 63e3e49fd6be08d096f253b40721ff14b30b88bb72de52efd22eada473233df0 
[0;36mDEBUG[0m[2026-03-16 10:14:11.760]   received shard header from network in block tracker [0;36mshard[0m = 0 [0;36mepoch[0m = 0 [0;36mround[0m = 245 [0;36mnonce[0m = 242 [0;36mhash[0m = 5d2e3b60171663f7f1e62bc2077c47735cb451e5ffbf4061e59caf4b69d62d9d 
[0;36mDEBUG[0m[2026-03-16 10:14:11.760]   received shard header from network in block tracker [0;36mshard[0m = 0 [0;36mepoch[0m = 0 [0;36mround[0m = 246 [0;36mnonce[0m = 243 [0;36mhash[0m = 6284590ec85e5e4ef5463133b7ed618e793a1ae27df514a40b3276a7880c0cd3 
[0;36mDEBUG[0m[2026-03-16 10:14:11.760]   received shard header from network in block tracker [0;36mshard[0m = 0 [0;36mepoch[0m = 0 [0;36mround[0m = 247 [0;36mnonce[0m = 244 [0;36mhash[0m = 5e69b8c06ce794df3c42893010810276f6c51cb96abfbe9738984f71d2093821 
[0;36mDEBUG[0m[2026-03-16 10:14:11.760]   received shard header from network in block tracker [0;36mshard[0m = 0 [0;36mepoch[0m = 0 [0;36mround[0m = 248 [0;36mnonce[0m = 245 [0;36mhash[0m = 34255ddaa8293e12f1e95eb21a97f7be9302e1929b65444103f6c6b9689e8991 
[0;36mDEBUG[0m[2026-03-16 10:14:11.760]   received shard header from network in block tracker [0;36mshard[0m = 0 [0;36mepoch[0m = 0 [0;36mround[0m = 249 [0;36mnonce[0m = 246 [0;36mhash[0m = 5075b48000a4fdd6c239a7e91ca2ee875eee8dd75baa0369fbaec9f6edd468ce 
[0;36mDEBUG[0m[2026-03-16 10:14:11.760]   received shard header from network in block tracker [0;36mshard[0m = 0 [0;36mepoch[0m = 0 [0;36mround[0m = 250 [0;36mnonce[0m = 247 [0;36mhash[0m = 06c5a22d459cf232ff0346f6443d379996d5f49b16fd5a9e3ac530a341b54b73 
[0;36mDEBUG[0m[2026-03-16 10:14:11.760]   received shard header from network in block tracker [0;36mshard[0m = 0 [0;36mepoch[0m = 0 [0;36mround[0m = 251 [0;36mnonce[0m = 248 [0;36mhash[0m = 1f7f84433716f8db29cebcb28679e72eb156da68773d295aedf05fb72e5b916f 
[0;36mDEBUG[0m[2026-03-16 10:14:11.760]   received shard header from network in block tracker [0;36mshard[0m = 0 [0;36mepoch[0m = 0 [0;36mround[0m = 252 [0;36mnonce[0m = 249 [0;36mhash[0m = 845f24a70a7df2619a009d3d5fd05a78bfaf19f7c6f1a7aeb4317915b18f5d8e 
[0;36mDEBUG[0m[2026-03-16 10:14:11.760]   received shard header from network in block tracker [0;36mshard[0m = 0 [0;36mepoch[0m = 0 [0;36mround[0m = 253 [0;36mnonce[0m = 250 [0;36mhash[0m = b179df9167716a364f50b5616b261b26295ebcdb2d09147188e00b829591f775 
[0;36mDEBUG[0m[2026-03-16 10:14:11.760]   received shard header from network in block tracker [0;36mshard[0m = 0 [0;36mepoch[0m = 0 [0;36mround[0m = 254 [0;36mnonce[0m = 251 [0;36mhash[0m = 7542c8d7e865c7c9828c48984134c73fb1249fdf91229e3ac7eeea303fafec33 
[0;36mDEBUG[0m[2026-03-16 10:14:11.760]   received shard header from network in block tracker [0;36mshard[0m = 0 [0;36mepoch[0m = 0 [0;36mround[0m = 255 [0;36mnonce[0m = 252 [0;36mhash[0m = e63c421bb10ef0d349336c29dbdf13ddcc678d72f09ae7e6db13d14e5d0dbf0d 
[0;36mDEBUG[0m[2026-03-16 10:14:11.760]   received shard header from network in block tracker [0;36mshard[0m = 0 [0;36mepoch[0m = 0 [0;36mround[0m = 256 [0;36mnonce[0m = 253 [0;36mhash[0m = 0571979aa05464d74952054d5e9be9879e4a9429bf5ac734df34ee2c32269c52 
[0;36mDEBUG[0m[2026-03-16 10:14:11.760]   received shard header from network in block tracker [0;36mshard[0m = 0 [0;36mepoch[0m = 0 [0;36mround[0m = 257 [0;36mnonce[0m = 254 [0;36mhash[0m = 1d4c28fce9efb0a5d7c57f077f1ce8e4018a14086a70ca965f3edf830f530ff6 
[0;36mDEBUG[0m[2026-03-16 10:14:11.760]   received shard header from network in block tracker [0;36mshard[0m = 0 [0;36mepoch[0m = 0 [0;36mround[0m = 258 [0;36mnonce[0m = 255 [0;36mhash[0m = 0a5c8b9b438522bda33bee0c820e8749511a8de6e126c24cd71cba2ae6c50df1 
[0;36mDEBUG[0m[2026-03-16 10:14:11.760]   received shard header from network in block tracker [0;36mshard[0m = 0 [0;36mepoch[0m = 0 [0;36mround[0m = 259 [0;36mnonce[0m = 256 [0;36mhash[0m = bfcd966aae4486627e29ac8a0551d0f2e4bf8baf97be12623e8139600ec06e9b 
[0;36mDEBUG[0m[2026-03-16 10:14:11.760]   received shard header from network in block tracker [0;36mshard[0m = 0 [0;36mepoch[0m = 0 [0;36mround[0m = 260 [0;36mnonce[0m = 257 [0;36mhash[0m = ea2e2d85257365428c805e9936f96098a5432126606cb7bb9d098a7da1bfe44f 
[0;36mDEBUG[0m[2026-03-16 10:14:11.760]   received shard header from network in block tracker [0;36mshard[0m = 0 [0;36mepoch[0m = 0 [0;36mround[0m = 261 [0;36mnonce[0m = 258 [0;36mhash[0m = 4f93d619754d719b810aff4e852fd142b2b6c5acec4fe694ac1c338934954c62 
[0;36mDEBUG[0m[2026-03-16 10:14:11.760]   received shard header from network in block tracker [0;36mshard[0m = 0 [0;36mepoch[0m = 0 [0;36mround[0m = 262 [0;36mnonce[0m = 259 [0;36mhash[0m = 836c840e3a11ff6e2a8de2113fca103921baa7f05151eb12ede5fec3f21b0f54 
[0;36mDEBUG[0m[2026-03-16 10:14:11.760]   received shard header from network in block tracker [0;36mshard[0m = 0 [0;36mepoch[0m = 0 [0;36mround[0m = 263 [0;36mnonce[0m = 260 [0;36mhash[0m = 200442990c93801444372d11092489c642bbf5f48a756594e1d31b7ceda3314c 
[0;36mDEBUG[0m[2026-03-16 10:14:11.760]   received shard header from network in block tracker [0;36mshard[0m = 0 [0;36mepoch[0m = 0 [0;36mround[0m = 264 [0;36mnonce[0m = 261 [0;36mhash[0m = 9ff885c113846a88955531f2bb2225f51eeb7d9e6cbff555c1efa6217db0aec3 
[0;36mDEBUG[0m[2026-03-16 10:14:11.760]   received shard header from network in block tracker [0;36mshard[0m = 0 [0;36mepoch[0m = 0 [0;36mround[0m = 265 [0;36mnonce[0m = 262 [0;36mhash[0m = c2a144c3f4c5a730f0a1206c59f7398117460803fc7b971615c71e5231c2d157 
[0;36mDEBUG[0m[2026-03-16 10:14:11.760]   received shard header from network in block tracker [0;36mshard[0m = 0 [0;36mepoch[0m = 0 [0;36mround[0m = 266 [0;36mnonce[0m = 263 [0;36mhash[0m = 4a16c50b4d310d2f4aef6f499ee4a1c0f1a2c930bf0e2ff94e4b8bd23cc001e0 
[0;36mDEBUG[0m[2026-03-16 10:14:11.760]   received shard header from network in block tracker [0;36mshard[0m = 0 [0;36mepoch[0m = 0 [0;36mround[0m = 267 [0;36mnonce[0m = 264 [0;36mhash[0m = 98636f18d1a3ce22ab17df0969289c8b6af62985d720dd2df9c5a1e69ddab670 
[0;36mDEBUG[0m[2026-03-16 10:14:11.760]   received shard header from network in block tracker [0;36mshard[0m = 0 [0;36mepoch[0m = 0 [0;36mround[0m = 268 [0;36mnonce[0m = 265 [0;36mhash[0m = 2f4dae7ccd8ad6102320226da2be5dbf3097cd00635d4e79084800e00f8247df 
[0;36mDEBUG[0m[2026-03-16 10:14:11.760]   received shard header from network in block tracker [0;36mshard[0m = 0 [0;36mepoch[0m = 0 [0;36mround[0m = 269 [0;36mnonce[0m = 266 [0;36mhash[0m = fd4d6edb138f7ed55a5d832de34e26247e4a915baf5aec2dcc2c9ee64af91b6a 
[0;36mDEBUG[0m[2026-03-16 10:14:11.760]   received shard header from network in block tracker [0;36mshard[0m = 0 [0;36mepoch[0m = 0 [0;36mround[0m = 270 [0;36mnonce[0m = 267 [0;36mhash[0m = da182da16c97e3c6ccf3ed0c9913df1a2babab88722c8c537020f2d413448f4c 
[0;36mDEBUG[0m[2026-03-16 10:14:11.760]   received shard header from network in block tracker [0;36mshard[0m = 0 [0;36mepoch[0m = 0 [0;36mround[0m = 271 [0;36mnonce[0m = 268 [0;36mhash[0m = 8b3560b5db29e0164d6b4178ee21db3ab057c5414c492fe621cf20873a7ccd04 
[0;36mDEBUG[0m[2026-03-16 10:14:11.760]   received shard header from network in block tracker [0;36mshard[0m = 0 [0;36mepoch[0m = 0 [0;36mround[0m = 272 [0;36mnonce[0m = 269 [0;36mhash[0m = ecd15b8dd6197c8f8576c2287dfabf6fe944521ae5bba577c4922d7e07a2fd52 
[0;36mDEBUG[0m[2026-03-16 10:14:11.760]   received shard header from network in block tracker [0;36mshard[0m = 0 [0;36mepoch[0m = 0 [0;36mround[0m = 273 [0;36mnonce[0m = 270 [0;36mhash[0m = 6e47065ef38e86b90a3176d49c132419e9b8b52a85c03b9128e50caa63ac7229 
[0;36mDEBUG[0m[2026-03-16 10:14:11.760]   received shard header from network in block tracker [0;36mshard[0m = 0 [0;36mepoch[0m = 0 [0;36mround[0m = 274 [0;36mnonce[0m = 271 [0;36mhash[0m = f2d17b3b83a06b9289e07121961cd24306fb936aeb76be538e512fd6a67cf4d0 
[0;36mDEBUG[0m[2026-03-16 10:14:11.760]   received shard header from network in block tracker [0;36mshard[0m = 0 [0;36mepoch[0m = 0 [0;36mround[0m = 275 [0;36mnonce[0m = 272 [0;36mhash[0m = 88b446cb320d3ca607aef4d2b2c03f9b4db2b8d605bcea33b9bedcde600948b0 
[0;36mDEBUG[0m[2026-03-16 10:14:11.760]   received shard header from network in block tracker [0;36mshard[0m = 0 [0;36mepoch[0m = 0 [0;36mround[0m = 276 [0;36mnonce[0m = 273 [0;36mhash[0m = e58bd46bbaa4a6beba7c09fa99ee425bf2e8e32d2e9c45fdb56016db3680240c 
[0;36mDEBUG[0m[2026-03-16 10:14:11.760]   received shard header from network in block tracker [0;36mshard[0m = 0 [0;36mepoch[0m = 0 [0;36mround[0m = 277 [0;36mnonce[0m = 274 [0;36mhash[0m = 578638e5a16a04a7b0400e64da310ca3d5d5afeaca8345b04b2a1331c82cdc46 
[0;36mDEBUG[0m[2026-03-16 10:14:11.760]   received shard header from network in block tracker [0;36mshard[0m = 0 [0;36mepoch[0m = 0 [0;36mround[0m = 278 [0;36mnonce[0m = 275 [0;36mhash[0m = 00c72f8164bbe5ab7d40867bfff547db027a81b29e358a993847375f3dc92953 
[0;36mDEBUG[0m[2026-03-16 10:14:11.760]   received shard header from network in block tracker [0;36mshard[0m = 0 [0;36mepoch[0m = 0 [0;36mround[0m = 279 [0;36mnonce[0m = 276 [0;36mhash[0m = 99dbe4ede1758b1c9cfbd380de1b36fb2303c2b3770395d99b03325963f1ea3e 
[0;36mDEBUG[0m[2026-03-16 10:14:11.760]   received shard header from network in block tracker [0;36mshard[0m = 0 [0;36mepoch[0m = 0 [0;36mround[0m = 280 [0;36mnonce[0m = 277 [0;36mhash[0m = c13598c3c19b9f40223ed868ff1d855b2e50c0863b07215b9cbe7e7a3c39d0d0 
[0;36mDEBUG[0m[2026-03-16 10:14:11.760]   received shard header from network in block tracker [0;36mshard[0m = 0 [0;36mepoch[0m = 0 [0;36mround[0m = 281 [0;36mnonce[0m = 278 [0;36mhash[0m = 0caedf402a63f84e2d70cd45f6fe6db692abc1af125320b935222ed8a56c710a 
[0;36mDEBUG[0m[2026-03-16 10:14:11.760]   received shard header from network in block tracker [0;36mshard[0m = 0 [0;36mepoch[0m = 0 [0;36mround[0m = 282 [0;36mnonce[0m = 279 [0;36mhash[0m = c12b13c707bbf18a0d924d48ae1d0df962fefc7b2d6b9690fa3061bb17aa4987 
[0;36mDEBUG[0m[2026-03-16 10:14:11.760]   received shard header from network in block tracker [0;36mshard[0m = 0 [0;36mepoch[0m = 0 [0;36mround[0m = 283 [0;36mnonce[0m = 280 [0;36mhash[0m = 3e06f230f370fc0d79ba69396e2cf3eb39654090846ada2e1d613075e015de20 
[0;36mDEBUG[0m[2026-03-16 10:14:11.760]   received shard header from network in block tracker [0;36mshard[0m = 0 [0;36mepoch[0m = 0 [0;36mround[0m = 284 [0;36mnonce[0m = 281 [0;36mhash[0m = 80222f4ac3271fdc28311612da285d8b732f9d0c4b3fe493857e9a9d544db9b4 
[0;36mDEBUG[0m[2026-03-16 10:14:11.760]   received shard header from network in block tracker [0;36mshard[0m = 0 [0;36mepoch[0m = 0 [0;36mround[0m = 285 [0;36mnonce[0m = 282 [0;36mhash[0m = b49540dd2ceaf9dfa4ecd0f8bc0c85ad8649bfc6f1d9d7c5bd65c034929df0a7 
[0;36mDEBUG[0m[2026-03-16 10:14:11.760]   received shard header from network in block tracker [0;36mshard[0m = 0 [0;36mepoch[0m = 0 [0;36mround[0m = 286 [0;36mnonce[0m = 283 [0;36mhash[0m = 35486f57d0120d9cedffffc3658b5eff0dcbc7cda00fd80be9c8aaab4ec051bd 
[0;36mDEBUG[0m[2026-03-16 10:14:11.760]   received shard header from network in block tracker [0;36mshard[0m = 0 [0;36mepoch[0m = 0 [0;36mround[0m = 287 [0;36mnonce[0m = 284 [0;36mhash[0m = 8cdbb477b398a09c63d168f4d49fc074dab797e520d5191d83b6fb8fdc0527ce 
[0;36mDEBUG[0m[2026-03-16 10:14:11.760]   received shard header from network in block tracker [0;36mshard[0m = 0 [0;36mepoch[0m = 0 [0;36mround[0m = 288 [0;36mnonce[0m = 285 [0;36mhash[0m = 4437ebe84d13df43531c04fe379f46b2e0f7df1bcea1a88b5dedf31fb6fbda60 
[0;36mDEBUG[0m[2026-03-16 10:14:11.760]   received shard header from network in block tracker [0;36mshard[0m = 0 [0;36mepoch[0m = 0 [0;36mround[0m = 289 [0;36mnonce[0m = 286 [0;36mhash[0m = 5a76099db85b638f222005dbdd167e3536ea08dbe4b0ff0e9cb745fd86be7557 
[0;36mDEBUG[0m[2026-03-16 10:14:11.760]   received shard header from network in block tracker [0;36mshard[0m = 0 [0;36mepoch[0m = 0 [0;36mround[0m = 290 [0;36mnonce[0m = 287 [0;36mhash[0m = 1826f8be815b925f692d80ac32607ec92bc2342224e802908af5772d7316a8ac 
[0;36mDEBUG[0m[2026-03-16 10:14:11.760]   received shard header from network in block tracker [0;36mshard[0m = 0 [0;36mepoch[0m = 0 [0;36mround[0m = 291 [0;36mnonce[0m = 288 [0;36mhash[0m = b594dafa7fe96496af5d58d0aa55f64cbe01591bdc5961759c71c76dbca919d0 
[0;36mDEBUG[0m[2026-03-16 10:14:11.760]   received shard header from network in block tracker [0;36mshard[0m = 0 [0;36mepoch[0m = 0 [0;36mround[0m = 292 [0;36mnonce[0m = 289 [0;36mhash[0m = de9f7c28d37881630d6e14f9d52cbfde90468d7618fcf434875bce9b33167e57 
[0;36mDEBUG[0m[2026-03-16 10:14:11.760]   received shard header from network in block tracker [0;36mshard[0m = 0 [0;36mepoch[0m = 0 [0;36mround[0m = 293 [0;36mnonce[0m = 290 [0;36mhash[0m = 6d3681228c520de19e4e731986a856d354b5cf5980c9a163b20597cf0f4bfe23 
[0;36mDEBUG[0m[2026-03-16 10:14:11.760]   received shard header from network in block tracker [0;36mshard[0m = 0 [0;36mepoch[0m = 0 [0;36mround[0m = 294 [0;36mnonce[0m = 291 [0;36mhash[0m = 1af2389202b1b6b428fc3ea7ca519731bc8521bea8e8d6acd262e16855e513df 
[0;36mDEBUG[0m[2026-03-16 10:14:11.760]   received shard header from network in block tracker [0;36mshard[0m = 0 [0;36mepoch[0m = 0 [0;36mround[0m = 295 [0;36mnonce[0m = 292 [0;36mhash[0m = 51525e36bc00481e3e614111117762017351340b12e6d02026d8e4dda829c441 
[0;36mDEBUG[0m[2026-03-16 10:14:11.760]   received shard header from network in block tracker [0;36mshard[0m = 0 [0;36mepoch[0m = 0 [0;36mround[0m = 296 [0;36mnonce[0m = 293 [0;36mhash[0m = 9de4d185d9715e565e74ad23cfcb58a40f35043dba6f7e29985593acc715acd8 
[0;36mDEBUG[0m[2026-03-16 10:14:11.760]   received shard header from network in block tracker [0;36mshard[0m = 0 [0;36mepoch[0m = 0 [0;36mround[0m = 297 [0;36mnonce[0m = 294 [0;36mhash[0m = 2a63bb683a0fdf4e4916cc10cbf46f975823d2250fcf13c89edee704955192b9 
[0;36mDEBUG[0m[2026-03-16 10:14:11.760]   received shard header from network in block tracker [0;36mshard[0m = 0 [0;36mepoch[0m = 0 [0;36mround[0m = 298 [0;36mnonce[0m = 295 [0;36mhash[0m = 005b5ced22b3493857dd381405cd6044a7c7e43b7376981d6caed4a9df225b53 
[0;36mDEBUG[0m[2026-03-16 10:14:11.760]   received shard header from network in block tracker [0;36mshard[0m = 0 [0;36mepoch[0m = 0 [0;36mround[0m = 299 [0;36mnonce[0m = 296 [0;36mhash[0m = 6bb1ad67731e04bb434c9e0b9e284bdac7dc1c339b0308cb1c2f6d3978f475ed 
[0;36mDEBUG[0m[2026-03-16 10:14:11.760]   received shard header from network in block tracker [0;36mshard[0m = 0 [0;36mepoch[0m = 0 [0;36mround[0m = 300 [0;36mnonce[0m = 297 [0;36mhash[0m = d0da3b63f429332babc5be4f207f5c013421a59afb4c6fd62ef1af6a74c08a94 
[0;36mDEBUG[0m[2026-03-16 10:14:11.760]   received shard header from network in block tracker [0;36mshard[0m = 0 [0;36mepoch[0m = 0 [0;36mround[0m = 301 [0;36mnonce[0m = 298 [0;36mhash[0m = 4c6914b973140e1649abd4c6758db826202ad8a72905352423945b89ce2747b9 
[0;36mDEBUG[0m[2026-03-16 10:14:11.760]   received shard header from network in block tracker [0;36mshard[0m = 0 [0;36mepoch[0m = 0 [0;36mround[0m = 302 [0;36mnonce[0m = 299 [0;36mhash[0m = cd1a22b876889b27f34dbd35515f2d4ba8dbd2cb7f7a7dde68ca283547112687 
[0;36mDEBUG[0m[2026-03-16 10:14:11.760]   received shard header from network in block tracker [0;36mshard[0m = 0 [0;36mepoch[0m = 0 [0;36mround[0m = 303 [0;36mnonce[0m = 300 [0;36mhash[0m = f7cf6fd2ca671ecb149cc56e5e1e9c97480908438f093483e60cad32ce44c23f 
[0;36mDEBUG[0m[2026-03-16 10:14:11.760]   received shard header from network in block tracker [0;36mshard[0m = 0 [0;36mepoch[0m = 0 [0;36mround[0m = 304 [0;36mnonce[0m = 301 [0;36mhash[0m = e70092f85f089f718cc805fbcdcf54561a9867d32413d598d886dfd8c85791c3 
[0;36mDEBUG[0m[2026-03-16 10:14:11.760]   received shard header from network in block tracker [0;36mshard[0m = 0 [0;36mepoch[0m = 0 [0;36mround[0m = 305 [0;36mnonce[0m = 302 [0;36mhash[0m = 28780310646904368ec08469d92cdf9ca7fa942e84ff26ac09405ae781ccb90e 
[0;36mDEBUG[0m[2026-03-16 10:14:11.760]   received shard header from network in block tracker [0;36mshard[0m = 0 [0;36mepoch[0m = 0 [0;36mround[0m = 306 [0;36mnonce[0m = 303 [0;36mhash[0m = c112871d0c2e88818ca5bfba1e9dc5eef3e796fc9f6ec1362670f308f970b51c 
[0;36mDEBUG[0m[2026-03-16 10:14:11.760]   received shard header from network in block tracker [0;36mshard[0m = 0 [0;36mepoch[0m = 0 [0;36mround[0m = 307 [0;36mnonce[0m = 304 [0;36mhash[0m = 6861dcfa4bc8475e4fa136ae23d33f721d825887ef30ff45549cf66bfcd6f7b5 
[0;36mDEBUG[0m[2026-03-16 10:14:11.760]   received shard header from network in block tracker [0;36mshard[0m = 0 [0;36mepoch[0m = 0 [0;36mround[0m = 308 [0;36mnonce[0m = 305 [0;36mhash[0m = f2fe3a9e47ae1125c09cdef242eecada2a8681bc751be839b2387a72d91657dd 
[0;36mDEBUG[0m[2026-03-16 10:14:11.760]   received shard header from network in block tracker [0;36mshard[0m = 0 [0;36mepoch[0m = 0 [0;36mround[0m = 309 [0;36mnonce[0m = 306 [0;36mhash[0m = c73f5cd71f0f6305a75a276338157c6a5b4d0f4f12a83b8109193015214918db 
[0;36mDEBUG[0m[2026-03-16 10:14:11.760]   received shard header from network in block tracker [0;36mshard[0m = 0 [0;36mepoch[0m = 0 [0;36mround[0m = 310 [0;36mnonce[0m = 307 [0;36mhash[0m = 3bb4322c62dc2f46928f5aa591fc3087e361c00a23f500c83cc76cb82ba31fdc 
[0;36mDEBUG[0m[2026-03-16 10:14:11.760]   received shard header from network in block tracker [0;36mshard[0m = 0 [0;36mepoch[0m = 0 [0;36mround[0m = 311 [0;36mnonce[0m = 308 [0;36mhash[0m = 06eeabf43f67e28174ebad5cad54767aa2022c0cbefa484e8ff96eb7971207d8 
[0;36mDEBUG[0m[2026-03-16 10:14:11.760]   received shard header from network in block tracker [0;36mshard[0m = 0 [0;36mepoch[0m = 0 [0;36mround[0m = 312 [0;36mnonce[0m = 309 [0;36mhash[0m = 118d4727ce62229a94cbfb6025bf25de350e651e1530c9c78f442e6df000b9ab 
[0;36mDEBUG[0m[2026-03-16 10:14:11.760]   received shard header from network in block tracker [0;36mshard[0m = 0 [0;36mepoch[0m = 0 [0;36mround[0m = 313 [0;36mnonce[0m = 310 [0;36mhash[0m = 0b7c27dd8d8d4745c02b887c5ad3abf9bbbd64e6d3db4c8c4da09a45c5bf0e6d 
[0;36mDEBUG[0m[2026-03-16 10:14:11.760]   received shard header from network in block tracker [0;36mshard[0m = 0 [0;36mepoch[0m = 0 [0;36mround[0m = 314 [0;36mnonce[0m = 311 [0;36mhash[0m = 242294e01f308c5fe136a52f76ac61655caa790cc74670a44a50f6980827929e 
[0;36mDEBUG[0m[2026-03-16 10:14:11.760]   received shard header from network in block tracker [0;36mshard[0m = 0 [0;36mepoch[0m = 0 [0;36mround[0m = 315 [0;36mnonce[0m = 312 [0;36mhash[0m = 403f9134a4d22e495a6914022077efbe9cb6272e492634f71d2d3c046f13db6c 
[0;36mDEBUG[0m[2026-03-16 10:14:11.760]   received shard header from network in block tracker [0;36mshard[0m = 0 [0;36mepoch[0m = 0 [0;36mround[0m = 316 [0;36mnonce[0m = 313 [0;36mhash[0m = 331a622aec1ac8d8839704c5b5b5836979e1397434865250a9b51107b05cf362 
[0;36mDEBUG[0m[2026-03-16 10:14:11.761]   received shard header from network in block tracker [0;36mshard[0m = 0 [0;36mepoch[0m = 0 [0;36mround[0m = 317 [0;36mnonce[0m = 314 [0;36mhash[0m = 7f11efcde85877ba9bf25153e24e42f2dcc624e48b386c6133cc72cf907bbaf0 
[0;36mDEBUG[0m[2026-03-16 10:14:11.761]   received shard header from network in block tracker [0;36mshard[0m = 0 [0;36mepoch[0m = 0 [0;36mround[0m = 318 [0;36mnonce[0m = 315 [0;36mhash[0m = ce74e6c4968ef8e893fcc485b15b0c33e24fee4ae6955a6bd1cc7fff7277f452 
[0;36mDEBUG[0m[2026-03-16 10:14:11.761]   received shard header from network in block tracker [0;36mshard[0m = 0 [0;36mepoch[0m = 0 [0;36mround[0m = 319 [0;36mnonce[0m = 316 [0;36mhash[0m = 9fe3451e0ba9e2c226f025cd0e89fccaaedb48e0326362c437847ad953941a27 
[0;36mDEBUG[0m[2026-03-16 10:14:11.761]   received shard header from network in block tracker [0;36mshard[0m = 0 [0;36mepoch[0m = 0 [0;36mround[0m = 320 [0;36mnonce[0m = 317 [0;36mhash[0m = fffeba7e2c3ccdc92cf89ed067962eb89acb62093c8b60eb2cf2acbdc597a5f5 
[0;36mDEBUG[0m[2026-03-16 10:14:11.761]   received shard header from network in block tracker [0;36mshard[0m = 0 [0;36mepoch[0m = 0 [0;36mround[0m = 321 [0;36mnonce[0m = 318 [0;36mhash[0m = 55b9e408f63785dd31588888bad7367019d228c77f3ea4309678ce5885bb120e 
[0;36mDEBUG[0m[2026-03-16 10:14:11.761]   received shard header from network in block tracker [0;36mshard[0m = 0 [0;36mepoch[0m = 0 [0;36mround[0m = 322 [0;36mnonce[0m = 319 [0;36mhash[0m = aae8780996aec14e79c42843a364e1dfaf4bf94a1d1423205171e4daaeee5de5 
[0;36mDEBUG[0m[2026-03-16 10:14:11.761]   received shard header from network in block tracker [0;36mshard[0m = 0 [0;36mepoch[0m = 0 [0;36mround[0m = 323 [0;36mnonce[0m = 320 [0;36mhash[0m = 4ce28d526ef09bf3422f746c539f80546fefa775107b9a43828b4ad3851e0436 
[0;36mDEBUG[0m[2026-03-16 10:14:11.761]   received shard header from network in block tracker [0;36mshard[0m = 0 [0;36mepoch[0m = 0 [0;36mround[0m = 324 [0;36mnonce[0m = 321 [0;36mhash[0m = 7dc4e6affc732305318f8c0898e7e70e68917d903e8ab07d9177d70cd15b0882 
[0;36mDEBUG[0m[2026-03-16 10:14:11.761]   received shard header from network in block tracker [0;36mshard[0m = 0 [0;36mepoch[0m = 0 [0;36mround[0m = 325 [0;36mnonce[0m = 322 [0;36mhash[0m = de050d4b3c119ec99fd9516904fe9bed7d49dfa54e950502d8b49a850d2c77f4 
[0;36mDEBUG[0m[2026-03-16 10:14:11.761]   received shard header from network in block tracker [0;36mshard[0m = 0 [0;36mepoch[0m = 0 [0;36mround[0m = 326 [0;36mnonce[0m = 323 [0;36mhash[0m = db2df6e601275fe576153ea0adbf6bf9afe9c2781133a68e39e8301ffc7e8110 
[0;36mDEBUG[0m[2026-03-16 10:14:11.761]   received shard header from network in block tracker [0;36mshard[0m = 0 [0;36mepoch[0m = 0 [0;36mround[0m = 327 [0;36mnonce[0m = 324 [0;36mhash[0m = a5116a490a889f44a8fc0b2cb91e2e06a2a6e83f49ace10b1fe7f7b3f2e351fa 
[0;36mDEBUG[0m[2026-03-16 10:14:11.761]   received shard header from network in block tracker [0;36mshard[0m = 0 [0;36mepoch[0m = 0 [0;36mround[0m = 328 [0;36mnonce[0m = 325 [0;36mhash[0m = 629b9f1d1805195ff8d5cd67538a1cfe3a54cbe7bf927682b0e9932e6155c34c 
[0;36mDEBUG[0m[2026-03-16 10:14:11.761]   received shard header from network in block tracker [0;36mshard[0m = 0 [0;36mepoch[0m = 0 [0;36mround[0m = 329 [0;36mnonce[0m = 326 [0;36mhash[0m = 083f7eb0a67b58f4c1cba7edb97bbb71fa13abeab47ae6d81e5bfa3613ced1b6 
[0;36mDEBUG[0m[2026-03-16 10:14:11.761]   received shard header from network in block tracker [0;36mshard[0m = 0 [0;36mepoch[0m = 0 [0;36mround[0m = 330 [0;36mnonce[0m = 327 [0;36mhash[0m = 39a95e36c41b29c7b414db60213795f00b61acae0bb31d819a095f0713acb9c0 
[0;36mDEBUG[0m[2026-03-16 10:14:11.761]   received shard header from network in block tracker [0;36mshard[0m = 0 [0;36mepoch[0m = 0 [0;36mround[0m = 331 [0;36mnonce[0m = 328 [0;36mhash[0m = e1eff3939ef337907da94cec3f1b6920e415d61772cdd58e9e20b5942a1eb224 
[0;36mDEBUG[0m[2026-03-16 10:14:11.761]   received shard header from network in block tracker [0;36mshard[0m = 0 [0;36mepoch[0m = 0 [0;36mround[0m = 332 [0;36mnonce[0m = 329 [0;36mhash[0m = 07547ca73ef970ecd938084836bbf9085bb671d6b7fa803d98e8901879167113 
[0;36mDEBUG[0m[2026-03-16 10:14:11.761]   received shard header from network in block tracker [0;36mshard[0m = 0 [0;36mepoch[0m = 0 [0;36mround[0m = 333 [0;36mnonce[0m = 330 [0;36mhash[0m = 5bc195fa50ae32f03c43baa27313e9b7b6d161dc42b49f60ef27c10e7639b56a 
[0;36mDEBUG[0m[2026-03-16 10:14:11.761]   received shard header from network in block tracker [0;36mshard[0m = 0 [0;36mepoch[0m = 0 [0;36mround[0m = 334 [0;36mnonce[0m = 331 [0;36mhash[0m = d7dab82d075ac2f0674b75b63ac091f0df90d50e659bd1052794d00305470b7c 
[0;36mDEBUG[0m[2026-03-16 10:14:11.761]   received shard header from network in block tracker [0;36mshard[0m = 0 [0;36mepoch[0m = 0 [0;36mround[0m = 335 [0;36mnonce[0m = 332 [0;36mhash[0m = 3fb7c8396d55095a22bc2a09f5059156a88507c51fd08349d925d2c39d7a8dbf 
[0;36mDEBUG[0m[2026-03-16 10:14:11.761]   received shard header from network in block tracker [0;36mshard[0m = 0 [0;36mepoch[0m = 0 [0;36mround[0m = 336 [0;36mnonce[0m = 333 [0;36mhash[0m = 87fb1175bd3a4b72229542648c628df2b5788bdb60765268e9c69fb557b8464f 
[0;36mDEBUG[0m[2026-03-16 10:14:11.761]   received shard header from network in block tracker [0;36mshard[0m = 0 [0;36mepoch[0m = 0 [0;36mround[0m = 337 [0;36mnonce[0m = 334 [0;36mhash[0m = 5e4b757f383e6bb7b900ad166051dd44b7fed524c976231328d95dc42f16514c 
[0;36mDEBUG[0m[2026-03-16 10:14:11.761]   received shard header from network in block tracker [0;36mshard[0m = 0 [0;36mepoch[0m = 0 [0;36mround[0m = 338 [0;36mnonce[0m = 335 [0;36mhash[0m = 1ad2c91b3906b6a4b1d6bd88e4fd3c32f8371d4feb8c5ee8765891f889661dfb 
[0;36mDEBUG[0m[2026-03-16 10:14:11.761]   received shard header from network in block tracker [0;36mshard[0m = 0 [0;36mepoch[0m = 0 [0;36mround[0m = 339 [0;36mnonce[0m = 336 [0;36mhash[0m = d36453922607eeef1855c47dc1a9ee7cd1de06a02c5f9b1901588bca00dca85f 
[0;36mDEBUG[0m[2026-03-16 10:14:11.761]   received shard header from network in block tracker [0;36mshard[0m = 0 [0;36mepoch[0m = 0 [0;36mround[0m = 340 [0;36mnonce[0m = 337 [0;36mhash[0m = 85c62aa0e16070bab87972e9195d2041817ef87171aad0f5227b5696e4fc1a96 
[0;36mDEBUG[0m[2026-03-16 10:14:11.761]   received shard header from network in block tracker [0;36mshard[0m = 0 [0;36mepoch[0m = 0 [0;36mround[0m = 341 [0;36mnonce[0m = 338 [0;36mhash[0m = 0a4f2c0112b0f0958b115e6d4e95d681a2349bd683f91899231d43ce721987a1 
[0;36mDEBUG[0m[2026-03-16 10:14:11.761]   received shard header from network in block tracker [0;36mshard[0m = 0 [0;36mepoch[0m = 0 [0;36mround[0m = 342 [0;36mnonce[0m = 339 [0;36mhash[0m = daae95c471cec5b60aee309c313b60c5b909cc5e68a0719d818abdc9ce89730b 
[0;36mDEBUG[0m[2026-03-16 10:14:11.761]   received shard header from network in block tracker [0;36mshard[0m = 0 [0;36mepoch[0m = 0 [0;36mround[0m = 343 [0;36mnonce[0m = 340 [0;36mhash[0m = b79aad69956ced56cceeeded0a4a2eac2772a29cc24aac3481f67124ddbb35eb 
[0;36mDEBUG[0m[2026-03-16 10:14:11.761]   received shard header from network in block tracker [0;36mshard[0m = 0 [0;36mepoch[0m = 0 [0;36mround[0m = 344 [0;36mnonce[0m = 341 [0;36mhash[0m = 63303cb7c4f02cfc428e1f1665f58bb41496b3a4ba302c87484df0eac703f924 
[0;36mDEBUG[0m[2026-03-16 10:14:11.761]   received shard header from network in block tracker [0;36mshard[0m = 0 [0;36mepoch[0m = 0 [0;36mround[0m = 345 [0;36mnonce[0m = 342 [0;36mhash[0m = 33f1186c53c0e64ec2ebe3cb8399a13405ee403d93b921815f3121697fe081a2 
[0;36mDEBUG[0m[2026-03-16 10:14:11.761]   received shard header from network in block tracker [0;36mshard[0m = 0 [0;36mepoch[0m = 0 [0;36mround[0m = 346 [0;36mnonce[0m = 343 [0;36mhash[0m = 11e705f3bc5b66fd961970d5c03f9f34cae68d1267a6d28329722a697f3b9c97 
[0;36mDEBUG[0m[2026-03-16 10:14:11.761]   received shard header from network in block tracker [0;36mshard[0m = 0 [0;36mepoch[0m = 0 [0;36mround[0m = 347 [0;36mnonce[0m = 344 [0;36mhash[0m = dfa1bb828ec3422e7a64ddb221f3f41a717be1966f005f7771d5f786a771aa37 
[0;36mDEBUG[0m[2026-03-16 10:14:11.761]   received shard header from network in block tracker [0;36mshard[0m = 0 [0;36mepoch[0m = 0 [0;36mround[0m = 348 [0;36mnonce[0m = 345 [0;36mhash[0m = eca415ad52bcbaaffcaaa37f0e699e395fb76f5335f0c8a0806448cb91e833a3 
[0;36mDEBUG[0m[2026-03-16 10:14:11.761]   received shard header from network in block tracker [0;36mshard[0m = 0 [0;36mepoch[0m = 0 [0;36mround[0m = 349 [0;36mnonce[0m = 346 [0;36mhash[0m = 3dd43cc5729574d7487a92f90b312a04c86248faf1903dbd460e6749e4d5ee35 
[0;36mDEBUG[0m[2026-03-16 10:14:11.761]   received shard header from network in block tracker [0;36mshard[0m = 0 [0;36mepoch[0m = 0 [0;36mround[0m = 350 [0;36mnonce[0m = 347 [0;36mhash[0m = 59e34ffa449f02db0b53ce8abc290dff186fa616d9feb9676261f16599cb39ad 
[0;36mDEBUG[0m[2026-03-16 10:14:11.761]   received shard header from network in block tracker [0;36mshard[0m = 0 [0;36mepoch[0m = 0 [0;36mround[0m = 351 [0;36mnonce[0m = 348 [0;36mhash[0m = cbc2474e59e1d2ff900f0433dc5b768d3df5f3d5a9e0dc508a216bf28d296f04 
[0;36mDEBUG[0m[2026-03-16 10:14:11.761]   received shard header from network in block tracker [0;36mshard[0m = 0 [0;36mepoch[0m = 0 [0;36mround[0m = 352 [0;36mnonce[0m = 349 [0;36mhash[0m = d6a981bfecc273fab6586a5256ddc0d6d84d2ef5bdd575c03c558db0beef044c 
[0;36mDEBUG[0m[2026-03-16 10:14:11.761]   received shard header from network in block tracker [0;36mshard[0m = 0 [0;36mepoch[0m = 0 [0;36mround[0m = 353 [0;36mnonce[0m = 350 [0;36mhash[0m = 2765ecf0d7359136967269324a517fb010ad2bcca7470880994875a41f84f70a 
[0;36mDEBUG[0m[2026-03-16 10:14:11.761]   received shard header from network in block tracker [0;36mshard[0m = 0 [0;36mepoch[0m = 0 [0;36mround[0m = 354 [0;36mnonce[0m = 351 [0;36mhash[0m = a08636b3edda3f4ecf6b15c1ae709f88cca805cd3d645b62f4d25552f697264d 
[0;36mDEBUG[0m[2026-03-16 10:14:11.761]   received shard header from network in block tracker [0;36mshard[0m = 0 [0;36mepoch[0m = 0 [0;36mround[0m = 355 [0;36mnonce[0m = 352 [0;36mhash[0m = cf45e318e13922d5212034932648422c1f6271d42f3862e8224240d872552d99 
[0;36mDEBUG[0m[2026-03-16 10:14:11.761]   received shard header from network in block tracker [0;36mshard[0m = 0 [0;36mepoch[0m = 0 [0;36mround[0m = 356 [0;36mnonce[0m = 353 [0;36mhash[0m = 912e4811157aebd2243aec68f6906a4dcfabc34bae96a5dc619bb7b94f93af72 
[0;36mDEBUG[0m[2026-03-16 10:14:11.761]   received shard header from network in block tracker [0;36mshard[0m = 0 [0;36mepoch[0m = 0 [0;36mround[0m = 357 [0;36mnonce[0m = 354 [0;36mhash[0m = a7a93aacff542799f094c90ebafdf1207c9e5c429b2437e17a1574a5d398eb5b 
[0;36mDEBUG[0m[2026-03-16 10:14:11.761]   received shard header from network in block tracker [0;36mshard[0m = 0 [0;36mepoch[0m = 0 [0;36mround[0m = 358 [0;36mnonce[0m = 355 [0;36mhash[0m = 31687bfa5215dbf68750126e249059e3ea54fa20d4c9cc5507e35d64e735022d 
[0;36mDEBUG[0m[2026-03-16 10:14:11.761]   received shard header from network in block tracker [0;36mshard[0m = 0 [0;36mepoch[0m = 0 [0;36mround[0m = 359 [0;36mnonce[0m = 356 [0;36mhash[0m = e21b54e8a7fb2dd7367edd6660c50631a3232b1e613a67a27516307f2f935ff6 
[0;36mDEBUG[0m[2026-03-16 10:14:11.761]   received shard header from network in block tracker [0;36mshard[0m = 0 [0;36mepoch[0m = 0 [0;36mround[0m = 360 [0;36mnonce[0m = 357 [0;36mhash[0m = 5e6e4bd65eb77908bb210d6ad4e1d163f685690558a424bffa47e46efeec7960 
[0;36mDEBUG[0m[2026-03-16 10:14:11.761]   received shard header from network in block tracker [0;36mshard[0m = 0 [0;36mepoch[0m = 0 [0;36mround[0m = 361 [0;36mnonce[0m = 358 [0;36mhash[0m = 976659ec5e0fa5dc3dff101df54b9f88a7dda5f7625cc26b0eaacfc8a6608ff9 
[0;36mDEBUG[0m[2026-03-16 10:14:11.761]   received shard header from network in block tracker [0;36mshard[0m = 0 [0;36mepoch[0m = 0 [0;36mround[0m = 362 [0;36mnonce[0m = 359 [0;36mhash[0m = ca49bd8a87319902e0d38969666fee6eeca28bb29a31b20c7a423db0b605d547 
[0;36mDEBUG[0m[2026-03-16 10:14:11.761]   received shard header from network in block tracker [0;36mshard[0m = 0 [0;36mepoch[0m = 0 [0;36mround[0m = 363 [0;36mnonce[0m = 360 [0;36mhash[0m = 53fa9de40d7923ed7c3a556f5b7e15bc9c2ee4c9c67a6075d6e95328b0965257 
[0;36mDEBUG[0m[2026-03-16 10:14:11.761]   received shard header from network in block tracker [0;36mshard[0m = 0 [0;36mepoch[0m = 0 [0;36mround[0m = 364 [0;36mnonce[0m = 361 [0;36mhash[0m = eeced93e1244ed062965a6646289e56e9f51e2eaf7913f54627568ce76c17e69 
[0;36mDEBUG[0m[2026-03-16 10:14:11.761]   received shard header from network in block tracker [0;36mshard[0m = 0 [0;36mepoch[0m = 0 [0;36mround[0m = 365 [0;36mnonce[0m = 362 [0;36mhash[0m = b5d15d07336434f08d27c3fefd0d73ae61667f7e2f8d7681d54c8a80bef92fb7 
[0;36mDEBUG[0m[2026-03-16 10:14:11.761]   received shard header from network in block tracker [0;36mshard[0m = 0 [0;36mepoch[0m = 0 [0;36mround[0m = 366 [0;36mnonce[0m = 363 [0;36mhash[0m = 22166fb0db415dd47aeb7ed5ff52eeffa6bf6982acbf0c0640b11dd03f77d270 
[0;36mDEBUG[0m[2026-03-16 10:14:11.761]   received shard header from network in block tracker [0;36mshard[0m = 0 [0;36mepoch[0m = 0 [0;36mround[0m = 367 [0;36mnonce[0m = 364 [0;36mhash[0m = 43c16384d2a441401190ca53c446330d82c029f7a7d60600e7c3f9440ecee8c7 
[0;36mDEBUG[0m[2026-03-16 10:14:11.761]   received shard header from network in block tracker [0;36mshard[0m = 0 [0;36mepoch[0m = 0 [0;36mround[0m = 368 [0;36mnonce[0m = 365 [0;36mhash[0m = c38dea914e2ea07a16cb56ae8b7cc6c9c26668fc3021737c35d379f456144e63 
[0;36mDEBUG[0m[2026-03-16 10:14:11.761]   received shard header from network in block tracker [0;36mshard[0m = 0 [0;36mepoch[0m = 0 [0;36mround[0m = 369 [0;36mnonce[0m = 366 [0;36mhash[0m = 5a48eedd294915b664824e5986112617d9b1e2b11f58a32aaace58c0c3a25d6c 
[0;36mDEBUG[0m[2026-03-16 10:14:11.761]   received shard header from network in block tracker [0;36mshard[0m = 0 [0;36mepoch[0m = 0 [0;36mround[0m = 370 [0;36mnonce[0m = 367 [0;36mhash[0m = 24ca08f0c1d550df314ff1b4018e02357dfb4203f5f40a6a99656ff47e0fc2ea 
[0;36mDEBUG[0m[2026-03-16 10:14:11.761]   received shard header from network in block tracker [0;36mshard[0m = 0 [0;36mepoch[0m = 0 [0;36mround[0m = 371 [0;36mnonce[0m = 368 [0;36mhash[0m = 138fd221d27328b53aa6197cd8f1e619a1723933c730df9312f327a50dc5f6f1 
[0;36mDEBUG[0m[2026-03-16 10:14:11.761]   received shard header from network in block tracker [0;36mshard[0m = 0 [0;36mepoch[0m = 0 [0;36mround[0m = 372 [0;36mnonce[0m = 369 [0;36mhash[0m = 260d2ccb10166b77a8a5092ca207a081b7fbf4387ceeceef8e48fe7004183893 
[0;36mDEBUG[0m[2026-03-16 10:14:11.761]   received shard header from network in block tracker [0;36mshard[0m = 0 [0;36mepoch[0m = 0 [0;36mround[0m = 373 [0;36mnonce[0m = 370 [0;36mhash[0m = d997a6ee3ec25f9abfa4172d4189e0775a41aea045829844d4b09ecb5942225d 
[0;36mDEBUG[0m[2026-03-16 10:14:11.761]   received shard header from network in block tracker [0;36mshard[0m = 0 [0;36mepoch[0m = 0 [0;36mround[0m = 374 [0;36mnonce[0m = 371 [0;36mhash[0m = 0a804e0eb8a87b3fe93644950a09b4fc864016bd059ee800577895598b4b6856 
[0;36mDEBUG[0m[2026-03-16 10:14:11.761]   received shard header from network in block tracker [0;36mshard[0m = 0 [0;36mepoch[0m = 0 [0;36mround[0m = 375 [0;36mnonce[0m = 372 [0;36mhash[0m = 18336393ecaa97956b11676154e922b7cb313176ef47bfdc534ddc9b9ed44455 
[0;36mDEBUG[0m[2026-03-16 10:14:11.761]   received shard header from network in block tracker [0;36mshard[0m = 0 [0;36mepoch[0m = 0 [0;36mround[0m = 376 [0;36mnonce[0m = 373 [0;36mhash[0m = 1aceb5a5356ceac91e589d3294fadfb82ade1339c4d18ee1b13ca6c79ac79821 
[0;36mDEBUG[0m[2026-03-16 10:14:11.761]   received shard header from network in block tracker [0;36mshard[0m = 0 [0;36mepoch[0m = 0 [0;36mround[0m = 377 [0;36mnonce[0m = 374 [0;36mhash[0m = e8dea86d37fcdad26dfae5b4512b6e87ef7f2e100fab856ddda0acf0cc9ce61d 
[0;36mDEBUG[0m[2026-03-16 10:14:11.761]   received shard header from network in block tracker [0;36mshard[0m = 0 [0;36mepoch[0m = 0 [0;36mround[0m = 378 [0;36mnonce[0m = 375 [0;36mhash[0m = 25579d0a402c052caf733341c12b86f1a1225f6cc0651ae50910e5e8f9a76c07 
[0;36mDEBUG[0m[2026-03-16 10:14:11.761]   received shard header from network in block tracker [0;36mshard[0m = 0 [0;36mepoch[0m = 0 [0;36mround[0m = 379 [0;36mnonce[0m = 376 [0;36mhash[0m = 7e42eea56413de7bc2356ec45cf0a4725b803677b2e38cbcc06caac88dee813a 
[0;36mDEBUG[0m[2026-03-16 10:14:11.761]   received shard header from network in block tracker [0;36mshard[0m = 0 [0;36mepoch[0m = 0 [0;36mround[0m = 380 [0;36mnonce[0m = 377 [0;36mhash[0m = a14dda673fa0e4a873ec5c49ec5225551cf517e8c0de16ae745231e73e619bd2 
[0;36mDEBUG[0m[2026-03-16 10:14:11.761]   received shard header from network in block tracker [0;36mshard[0m = 0 [0;36mepoch[0m = 0 [0;36mround[0m = 381 [0;36mnonce[0m = 378 [0;36mhash[0m = 0ad6e851a4a34f31006388ee5bd028e3568c96df772276f9507946bdd4c7af25 
[0;36mDEBUG[0m[2026-03-16 10:14:11.761]   received shard header from network in block tracker [0;36mshard[0m = 0 [0;36mepoch[0m = 0 [0;36mround[0m = 382 [0;36mnonce[0m = 379 [0;36mhash[0m = 9f5c9c5cca9ac621a417ff2305968ac6e57fbbc5a253fb37db462eeb394d5f22 
[0;36mDEBUG[0m[2026-03-16 10:14:11.761]   received shard header from network in block tracker [0;36mshard[0m = 0 [0;36mepoch[0m = 0 [0;36mround[0m = 383 [0;36mnonce[0m = 380 [0;36mhash[0m = b8b32e3f5ec346d4a82162edd24cea023a38e9327bc368376df038af28e6dc78 
[0;36mDEBUG[0m[2026-03-16 10:14:11.761]   received shard header from network in block tracker [0;36mshard[0m = 0 [0;36mepoch[0m = 0 [0;36mround[0m = 384 [0;36mnonce[0m = 381 [0;36mhash[0m = 253cd0fcdbd523e24814909b8de9ef1c63bdfde8afe1b85ed17c9fa5d84f00a3 
[0;36mDEBUG[0m[2026-03-16 10:14:11.761]   received shard header from network in block tracker [0;36mshard[0m = 0 [0;36mepoch[0m = 0 [0;36mround[0m = 385 [0;36mnonce[0m = 382 [0;36mhash[0m = dd350dd5dc0401e953b418ba098cb4a27c73a084b28fa54ebd20de094b5b5ebc 
[0;36mDEBUG[0m[2026-03-16 10:14:11.761]   received shard header from network in block tracker [0;36mshard[0m = 0 [0;36mepoch[0m = 0 [0;36mround[0m = 386 [0;36mnonce[0m = 383 [0;36mhash[0m = 4ebfe09c6ec9d08b6be9f9d5c51e590b7b9256d7756706bacd680446f546257f 
[0;36mDEBUG[0m[2026-03-16 10:14:11.761]   received shard header from network in block tracker [0;36mshard[0m = 0 [0;36mepoch[0m = 0 [0;36mround[0m = 387 [0;36mnonce[0m = 384 [0;36mhash[0m = f1b9a180e7cf197264548c9e9adf3d1739038bb5ce7482bea3417beb97daf415 
[0;36mDEBUG[0m[2026-03-16 10:14:11.761]   received shard header from network in block tracker [0;36mshard[0m = 0 [0;36mepoch[0m = 0 [0;36mround[0m = 388 [0;36mnonce[0m = 385 [0;36mhash[0m = 9aaca4b517352389f3de2bad44086186acb8c3713cd31883ff4c7ee50c81a224 
[0;36mDEBUG[0m[2026-03-16 10:14:11.761]   received shard header from network in block tracker [0;36mshard[0m = 0 [0;36mepoch[0m = 0 [0;36mround[0m = 389 [0;36mnonce[0m = 386 [0;36mhash[0m = b5a760bc85c9007929eb832b4484a12bb294529588d12b06febc71eeaa478c45 
[0;36mDEBUG[0m[2026-03-16 10:14:11.761]   received shard header from network in block tracker [0;36mshard[0m = 0 [0;36mepoch[0m = 0 [0;36mround[0m = 390 [0;36mnonce[0m = 387 [0;36mhash[0m = 05a99ce920ed31e3fbfba4818679748e4ab5281dc8e508ea5f5921b4c37b3fae 
[0;36mDEBUG[0m[2026-03-16 10:14:11.761]   received shard header from network in block tracker [0;36mshard[0m = 0 [0;36mepoch[0m = 0 [0;36mround[0m = 391 [0;36mnonce[0m = 388 [0;36mhash[0m = cb0729fd657f57054123736ed3c9b741881989dadc0090a2e8af3f7df640165d 
[0;36mDEBUG[0m[2026-03-16 10:14:11.761]   received shard header from network in block tracker [0;36mshard[0m = 0 [0;36mepoch[0m = 0 [0;36mround[0m = 392 [0;36mnonce[0m = 389 [0;36mhash[0m = cd5ac4aa75dab75c8e8ac31d9b530932707d637e5d3479c14aebfddc638d311d 
[0;36mDEBUG[0m[2026-03-16 10:14:11.761]   received shard header from network in block tracker [0;36mshard[0m = 0 [0;36mepoch[0m = 0 [0;36mround[0m = 393 [0;36mnonce[0m = 390 [0;36mhash[0m = cc70aa0e6b6af201825880e81c35f1cc4194daab61a5e01ba7fb92f954fb9cb2 
[0;36mDEBUG[0m[2026-03-16 10:14:11.761]   received shard header from network in block tracker [0;36mshard[0m = 0 [0;36mepoch[0m = 0 [0;36mround[0m = 394 [0;36mnonce[0m = 391 [0;36mhash[0m = b202a1c9d9b28feea50e424283165bd606de8994f6ae4a70adc7698d6d3a7b07 
[0;36mDEBUG[0m[2026-03-16 10:14:11.761]   received shard header from network in block tracker [0;36mshard[0m = 0 [0;36mepoch[0m = 0 [0;36mround[0m = 395 [0;36mnonce[0m = 392 [0;36mhash[0m = ccf7c4680711de7835c3bfec221b42295cae2b6cb072fca56194785d76c25241 
[0;36mDEBUG[0m[2026-03-16 10:14:11.761]   received shard header from network in block tracker [0;36mshard[0m = 0 [0;36mepoch[0m = 0 [0;36mround[0m = 396 [0;36mnonce[0m = 393 [0;36mhash[0m = b5745d314d5895e28e024a7c5f6d08b4459e69a0874cbbe1b5c887b49d1887a5 
[0;36mDEBUG[0m[2026-03-16 10:14:11.761]   received shard header from network in block tracker [0;36mshard[0m = 0 [0;36mepoch[0m = 0 [0;36mround[0m = 397 [0;36mnonce[0m = 394 [0;36mhash[0m = cfa312b1a6920f7a4645ff5f08cdfbd1f569727b77f8f1b02b8e4c728ab3c578 
[0;36mDEBUG[0m[2026-03-16 10:14:11.761]   received shard header from network in block tracker [0;36mshard[0m = 0 [0;36mepoch[0m = 0 [0;36mround[0m = 398 [0;36mnonce[0m = 395 [0;36mhash[0m = bab1261358e9bfcafd1c7ced6e74d467f4ac091696f39c59273e4cb4627922bd 
[0;36mDEBUG[0m[2026-03-16 10:14:11.761]   received shard header from network in block tracker [0;36mshard[0m = 0 [0;36mepoch[0m = 0 [0;36mround[0m = 399 [0;36mnonce[0m = 396 [0;36mhash[0m = 43029ad28ab28408eff51c55ea593dee86346b95a400037a7e05c6e8566e05bf 
[0;36mDEBUG[0m[2026-03-16 10:14:11.761]   received shard header from network in block tracker [0;36mshard[0m = 0 [0;36mepoch[0m = 0 [0;36mround[0m = 400 [0;36mnonce[0m = 397 [0;36mhash[0m = cdef3cf92bfc69201f9a89e6c68b54fc3ff21fc5f17f31c060a3bb66b338eb6a 
[0;36mDEBUG[0m[2026-03-16 10:14:11.761]   received shard header from network in block tracker [0;36mshard[0m = 0 [0;36mepoch[0m = 0 [0;36mround[0m = 401 [0;36mnonce[0m = 398 [0;36mhash[0m = d075dd4b76bd0ca98e9cf8a51d201d91c92905605836d38cc55734acd9d2f3cb 
[0;36mDEBUG[0m[2026-03-16 10:14:11.761]   received shard header from network in block tracker [0;36mshard[0m = 0 [0;36mepoch[0m = 0 [0;36mround[0m = 402 [0;36mnonce[0m = 399 [0;36mhash[0m = aeae2a2781b0a90d0e99b54de2c8c9431818e2f1a249ccf9811e5ea0fca5febf 
[0;36mDEBUG[0m[2026-03-16 10:14:11.761]   received shard header from network in block tracker [0;36mshard[0m = 0 [0;36mepoch[0m = 0 [0;36mround[0m = 403 [0;36mnonce[0m = 400 [0;36mhash[0m = ff8f5c210cc276d2e829f05a36172cea52efb5690e71b82046bae12d6ef4b220 
[0;36mDEBUG[0m[2026-03-16 10:14:11.761]   received shard header from network in block tracker [0;36mshard[0m = 0 [0;36mepoch[0m = 0 [0;36mround[0m = 404 [0;36mnonce[0m = 401 [0;36mhash[0m = 294ad030649dafdd76214bd1050a96347da37e663df177616fce3ee9496ef3a2 
[0;36mDEBUG[0m[2026-03-16 10:14:11.762]   received shard header from network in block tracker [0;36mshard[0m = 0 [0;36mepoch[0m = 0 [0;36mround[0m = 405 [0;36mnonce[0m = 402 [0;36mhash[0m = abca0ca11f72d249136d912932c2211457101226a594e5a2a459d4f7b10d1e5c 
[0;36mDEBUG[0m[2026-03-16 10:14:11.762]   received shard header from network in block tracker [0;36mshard[0m = 0 [0;36mepoch[0m = 0 [0;36mround[0m = 406 [0;36mnonce[0m = 403 [0;36mhash[0m = 32375574f0e2ba1b158ffcf3e88a2382a1a1c29ceccc9e8d511512e2e9098b8e 
[0;36mDEBUG[0m[2026-03-16 10:14:11.762]   received shard header from network in block tracker [0;36mshard[0m = 0 [0;36mepoch[0m = 0 [0;36mround[0m = 407 [0;36mnonce[0m = 404 [0;36mhash[0m = fb8b1875b4d9bc6ad918f8d4762b52f88fdaea4c23dc64ee8e096ee442deaad0 
[0;36mDEBUG[0m[2026-03-16 10:14:11.762]   received shard header from network in block tracker [0;36mshard[0m = 0 [0;36mepoch[0m = 0 [0;36mround[0m = 408 [0;36mnonce[0m = 405 [0;36mhash[0m = 293200b1653678ea8dd887e2490a6cd91e404258ebe422176fb6298e85c28ee8 
[0;36mDEBUG[0m[2026-03-16 10:14:11.762]   received shard header from network in block tracker [0;36mshard[0m = 0 [0;36mepoch[0m = 0 [0;36mround[0m = 409 [0;36mnonce[0m = 406 [0;36mhash[0m = a1c21e1db2da05064048ef4074eeaecd757edd34a753857af155117552a9d6f7 
[0;36mDEBUG[0m[2026-03-16 10:14:11.762]   received shard header from network in block tracker [0;36mshard[0m = 0 [0;36mepoch[0m = 0 [0;36mround[0m = 410 [0;36mnonce[0m = 407 [0;36mhash[0m = dd30060c6e79fd9ec8eb32c9404b5dedc9f93d92c39cdb768874c7fce47db69e 
[0;36mDEBUG[0m[2026-03-16 10:14:11.762]   received shard header from network in block tracker [0;36mshard[0m = 0 [0;36mepoch[0m = 0 [0;36mround[0m = 411 [0;36mnonce[0m = 408 [0;36mhash[0m = a441857553c42ff6df81f26c016dcad6f2ae144470eb62b30bd841df494e3b4e 
[0;36mDEBUG[0m[2026-03-16 10:14:11.762]   received shard header from network in block tracker [0;36mshard[0m = 0 [0;36mepoch[0m = 0 [0;36mround[0m = 412 [0;36mnonce[0m = 409 [0;36mhash[0m = 8442a9cca0a0010e2fa03bea919845f2b41296b5a06993254dbaf554e63093a7 
[0;36mDEBUG[0m[2026-03-16 10:14:11.762]   received shard header from network in block tracker [0;36mshard[0m = 0 [0;36mepoch[0m = 0 [0;36mround[0m = 413 [0;36mnonce[0m = 410 [0;36mhash[0m = b54190822a788e6337d2b02c25bfe1f956d90206a23a4032c47a5e76e2fce22e 
[0;36mDEBUG[0m[2026-03-16 10:14:11.762]   received shard header from network in block tracker [0;36mshard[0m = 0 [0;36mepoch[0m = 0 [0;36mround[0m = 414 [0;36mnonce[0m = 411 [0;36mhash[0m = 5c63b15d174871ecdb99da8f8214b9cf60746154e916fe1e8d9de885d4b8a3e7 
[0;36mDEBUG[0m[2026-03-16 10:14:11.762]   received shard header from network in block tracker [0;36mshard[0m = 0 [0;36mepoch[0m = 0 [0;36mround[0m = 415 [0;36mnonce[0m = 412 [0;36mhash[0m = 8d9dd72bc673c382b3ae22f1e5eb7a77f68e4453f1efff88b8e8df7f52a1f870 
[0;36mDEBUG[0m[2026-03-16 10:14:11.762]   received shard header from network in block tracker [0;36mshard[0m = 0 [0;36mepoch[0m = 0 [0;36mround[0m = 416 [0;36mnonce[0m = 413 [0;36mhash[0m = 209912a52b8d681c7517bdbb034576c61d86eec35c3bc6191394951f9664d8b3 
[0;36mDEBUG[0m[2026-03-16 10:14:11.762]   received shard header from network in block tracker [0;36mshard[0m = 0 [0;36mepoch[0m = 0 [0;36mround[0m = 417 [0;36mnonce[0m = 414 [0;36mhash[0m = 1251f4356da5ef012d75771b5023c68215d04fd2d5e87ceff5a03a6144987146 
[0;36mDEBUG[0m[2026-03-16 10:14:11.762]   received shard header from network in block tracker [0;36mshard[0m = 0 [0;36mepoch[0m = 0 [0;36mround[0m = 418 [0;36mnonce[0m = 415 [0;36mhash[0m = cfe556a6c4ce0e92c75c63ad51eb707e4ae32a70af7b3015ffb477be4604371f 
[0;36mDEBUG[0m[2026-03-16 10:14:11.762]   received shard header from network in block tracker [0;36mshard[0m = 0 [0;36mepoch[0m = 0 [0;36mround[0m = 419 [0;36mnonce[0m = 416 [0;36mhash[0m = ecd5780c81ec6e9e234bc107675cc23cf1cab1411bb9880da2fafc9b76dfbb12 
[0;36mDEBUG[0m[2026-03-16 10:14:11.762]   received shard header from network in block tracker [0;36mshard[0m = 0 [0;36mepoch[0m = 0 [0;36mround[0m = 420 [0;36mnonce[0m = 417 [0;36mhash[0m = 0a07a6098d323f2aeaa82781aefb83deba85821539a45913020786fddb4b4fc0 
[0;36mDEBUG[0m[2026-03-16 10:14:11.762]   received shard header from network in block tracker [0;36mshard[0m = 0 [0;36mepoch[0m = 0 [0;36mround[0m = 421 [0;36mnonce[0m = 418 [0;36mhash[0m = f9714ec1c0efb9e415813e7a3205f78b2f999f82adf2dfd5147e1bacd11bd8eb 
[0;36mDEBUG[0m[2026-03-16 10:14:11.762]   received shard header from network in block tracker [0;36mshard[0m = 0 [0;36mepoch[0m = 0 [0;36mround[0m = 422 [0;36mnonce[0m = 419 [0;36mhash[0m = 3a13a898a8d4d4a8761e8b88738ca790d032e9ff31379c32c4d38cb65c11cc51 
[0;36mDEBUG[0m[2026-03-16 10:14:11.762]   received shard header from network in block tracker [0;36mshard[0m = 0 [0;36mepoch[0m = 0 [0;36mround[0m = 423 [0;36mnonce[0m = 420 [0;36mhash[0m = 34cb68a0a40c8f11101c18f594dc56d014d1f0c04ed11eaf2375d8c8f21b2dd8 
[0;36mDEBUG[0m[2026-03-16 10:14:11.762]   received shard header from network in block tracker [0;36mshard[0m = 0 [0;36mepoch[0m = 0 [0;36mround[0m = 424 [0;36mnonce[0m = 421 [0;36mhash[0m = bc99c96d272886d2ddfb8e07a680bf61d902145555f071d8495d90ec36c280ee 
[0;36mDEBUG[0m[2026-03-16 10:14:11.762]   received shard header from network in block tracker [0;36mshard[0m = 0 [0;36mepoch[0m = 0 [0;36mround[0m = 425 [0;36mnonce[0m = 422 [0;36mhash[0m = 1ed0b7678f1b13a338eef45de2a2e819a75724ab736660e6149827d20ff4c353 
[0;36mDEBUG[0m[2026-03-16 10:14:11.762]   received shard header from network in block tracker [0;36mshard[0m = 0 [0;36mepoch[0m = 0 [0;36mround[0m = 426 [0;36mnonce[0m = 423 [0;36mhash[0m = f57a40909fc044278ce3902f310df8a839fbf691348abf3d22251fb9c0479794 
[0;36mDEBUG[0m[2026-03-16 10:14:11.762]   received shard header from network in block tracker [0;36mshard[0m = 0 [0;36mepoch[0m = 0 [0;36mround[0m = 427 [0;36mnonce[0m = 424 [0;36mhash[0m = 5ddad69adfef60fdd59360f9dbf12fd495ba846da579491bfb9811abf16de513 
[0;36mDEBUG[0m[2026-03-16 10:14:11.762]   received shard header from network in block tracker [0;36mshard[0m = 0 [0;36mepoch[0m = 0 [0;36mround[0m = 428 [0;36mnonce[0m = 425 [0;36mhash[0m = 0288bc024d3505b60bbc5f5db5a8922f041ee6459335947cd8f647533c5b07f4 
[0;36mDEBUG[0m[2026-03-16 10:14:11.762]   received shard header from network in block tracker [0;36mshard[0m = 0 [0;36mepoch[0m = 0 [0;36mround[0m = 429 [0;36mnonce[0m = 426 [0;36mhash[0m = 42ec7ecbdd1f3ca1dc18de59b5cdb83dfb3209fc4ca59179174c3a64c8d84ab4 
[0;36mDEBUG[0m[2026-03-16 10:14:11.762]   received shard header from network in block tracker [0;36mshard[0m = 0 [0;36mepoch[0m = 0 [0;36mround[0m = 430 [0;36mnonce[0m = 427 [0;36mhash[0m = 456cac316b9ac0293fd0e9ef4a892927f5d3c64bc71dbed59baddc18307874ac 
[0;36mDEBUG[0m[2026-03-16 10:14:11.762]   received shard header from network in block tracker [0;36mshard[0m = 0 [0;36mepoch[0m = 0 [0;36mround[0m = 431 [0;36mnonce[0m = 428 [0;36mhash[0m = 4ddf44afd6ce549297b64d2013d4d1a733594cb4ae9e369dfa94d60844e5450d 
[0;36mDEBUG[0m[2026-03-16 10:14:11.762]   received shard header from network in block tracker [0;36mshard[0m = 0 [0;36mepoch[0m = 0 [0;36mround[0m = 432 [0;36mnonce[0m = 429 [0;36mhash[0m = cd21a72c385ca9ca5f44ed057e043bddd11fd0b59a164aba9aba47be77be03ea 
[0;36mDEBUG[0m[2026-03-16 10:14:11.762]   received shard header from network in block tracker [0;36mshard[0m = 0 [0;36mepoch[0m = 0 [0;36mround[0m = 433 [0;36mnonce[0m = 430 [0;36mhash[0m = 3bdeabd3e524a43a66666a7ab948559f5b0843261083e077091832ad0c0770fc 
[0;36mDEBUG[0m[2026-03-16 10:14:11.762]   received shard header from network in block tracker [0;36mshard[0m = 0 [0;36mepoch[0m = 0 [0;36mround[0m = 434 [0;36mnonce[0m = 431 [0;36mhash[0m = 1c03ee51f6a5b285f7f3166bc3e2b49aad16bec45c30428e81461777733ecbcb 
[0;36mDEBUG[0m[2026-03-16 10:14:11.762]   received shard header from network in block tracker [0;36mshard[0m = 0 [0;36mepoch[0m = 0 [0;36mround[0m = 435 [0;36mnonce[0m = 432 [0;36mhash[0m = 6977cd4a7c5491da260f731c5cb2294e1138cee7e4652f2e51163729c3b70800 
[0;36mDEBUG[0m[2026-03-16 10:14:11.762]   received shard header from network in block tracker [0;36mshard[0m = 0 [0;36mepoch[0m = 0 [0;36mround[0m = 436 [0;36mnonce[0m = 433 [0;36mhash[0m = 4875d6e1ebb6caa46283f6247e6d784602ff4226ac59c6ea21a614c6a3b41861 
[0;36mDEBUG[0m[2026-03-16 10:14:11.762]   received shard header from network in block tracker [0;36mshard[0m = 0 [0;36mepoch[0m = 0 [0;36mround[0m = 437 [0;36mnonce[0m = 434 [0;36mhash[0m = 60363dde2376a762bd60394ad3d20c2a56da3ed2e17f3178852e70d5f6cc53e7 
[0;36mDEBUG[0m[2026-03-16 10:14:11.762]   received shard header from network in block tracker [0;36mshard[0m = 0 [0;36mepoch[0m = 0 [0;36mround[0m = 438 [0;36mnonce[0m = 435 [0;36mhash[0m = 7e6f5d1bd9d153b43be402108287b9b01299c871e2a4ae42d20d6163caf425f9 
[0;36mDEBUG[0m[2026-03-16 10:14:11.762]   received shard header from network in block tracker [0;36mshard[0m = 0 [0;36mepoch[0m = 0 [0;36mround[0m = 439 [0;36mnonce[0m = 436 [0;36mhash[0m = 6303a514034ac5464175dadf0d7edf0b556046527bf650c3d61d505c4a99bd1d 
[0;36mDEBUG[0m[2026-03-16 10:14:11.762]   received shard header from network in block tracker [0;36mshard[0m = 0 [0;36mepoch[0m = 0 [0;36mround[0m = 440 [0;36mnonce[0m = 437 [0;36mhash[0m = 90b606727c6785786122af651b2b02e40dca0c776184127ede065f01d1e9b174 
[0;36mDEBUG[0m[2026-03-16 10:14:11.762]   received shard header from network in block tracker [0;36mshard[0m = 0 [0;36mepoch[0m = 0 [0;36mround[0m = 441 [0;36mnonce[0m = 438 [0;36mhash[0m = 18d70803cf92f406299a98e698e60361381bc1b60aa45dd88706b06700eed4f3 
[0;36mDEBUG[0m[2026-03-16 10:14:11.762]   received shard header from network in block tracker [0;36mshard[0m = 0 [0;36mepoch[0m = 0 [0;36mround[0m = 442 [0;36mnonce[0m = 439 [0;36mhash[0m = a6b1c8c0d15000aa1ceb967f0ee1cff57f6da9229204032566b4f3d823823744 
[0;36mDEBUG[0m[2026-03-16 10:14:11.762]   received shard header from network in block tracker [0;36mshard[0m = 0 [0;36mepoch[0m = 0 [0;36mround[0m = 443 [0;36mnonce[0m = 440 [0;36mhash[0m = c89468ef30823579e33e2a73395194adbef1cf47fb6a72ede85553bbe16a0149 
[0;36mDEBUG[0m[2026-03-16 10:14:11.762]   received shard header from network in block tracker [0;36mshard[0m = 0 [0;36mepoch[0m = 0 [0;36mround[0m = 444 [0;36mnonce[0m = 441 [0;36mhash[0m = 543802f36fd2cf1a2fee9267cb671043e478caa3417134697a690884e2dfd6f3 
[0;36mDEBUG[0m[2026-03-16 10:14:11.762]   received shard header from network in block tracker [0;36mshard[0m = 0 [0;36mepoch[0m = 0 [0;36mround[0m = 445 [0;36mnonce[0m = 442 [0;36mhash[0m = 736104c79a15576852e5825f9350e34b65a67ca9d974de34a4c7eab759e4e938 
[0;36mDEBUG[0m[2026-03-16 10:14:11.762]   received shard header from network in block tracker [0;36mshard[0m = 0 [0;36mepoch[0m = 0 [0;36mround[0m = 446 [0;36mnonce[0m = 443 [0;36mhash[0m = c320b03be066ff9b845ae17e0ce195833903094186b006ae5ed58561cb574eaf 
[0;36mDEBUG[0m[2026-03-16 10:14:11.762]   received shard header from network in block tracker [0;36mshard[0m = 0 [0;36mepoch[0m = 0 [0;36mround[0m = 447 [0;36mnonce[0m = 444 [0;36mhash[0m = 0970099d0a32e21883cfc30f61dc2162560a9a01ac290106a60bf9e8aa78f220 
[0;36mDEBUG[0m[2026-03-16 10:14:11.762]   received shard header from network in block tracker [0;36mshard[0m = 0 [0;36mepoch[0m = 0 [0;36mround[0m = 448 [0;36mnonce[0m = 445 [0;36mhash[0m = 8d9a819386d7d68cea3024beb0be340cc482658c8e9e2a340bd5088fa5118150 
[0;36mDEBUG[0m[2026-03-16 10:14:11.762]   received shard header from network in block tracker [0;36mshard[0m = 0 [0;36mepoch[0m = 0 [0;36mround[0m = 449 [0;36mnonce[0m = 446 [0;36mhash[0m = 6e6aad947b72bb78907967954b8c48012d4336d3f491cff52461ca7ac6a0900d 
[0;36mDEBUG[0m[2026-03-16 10:14:11.762]   received shard header from network in block tracker [0;36mshard[0m = 0 [0;36mepoch[0m = 0 [0;36mround[0m = 450 [0;36mnonce[0m = 447 [0;36mhash[0m = 5a68592d3e99b52dbbe0d172e2a0fec54abd38e2c008ebc93cb66b7dbdab9320 
[0;36mDEBUG[0m[2026-03-16 10:14:11.762]   received shard header from network in block tracker [0;36mshard[0m = 0 [0;36mepoch[0m = 0 [0;36mround[0m = 451 [0;36mnonce[0m = 448 [0;36mhash[0m = 955a4a5197dc36f7951c285dbe16f62b95b28cb0917cf75c9eaba264a97ff581 
[0;36mDEBUG[0m[2026-03-16 10:14:11.762]   received shard header from network in block tracker [0;36mshard[0m = 0 [0;36mepoch[0m = 0 [0;36mround[0m = 452 [0;36mnonce[0m = 449 [0;36mhash[0m = 8588754e746b280634fc7c1cc78559f158ce0eb98267c4a37ccebeefbe7b2c16 
[0;36mDEBUG[0m[2026-03-16 10:14:11.762]   received shard header from network in block tracker [0;36mshard[0m = 0 [0;36mepoch[0m = 0 [0;36mround[0m = 453 [0;36mnonce[0m = 450 [0;36mhash[0m = 0ccaa39ca3986834a18ee9a25bc5aec81f00eafcf139e9f9804725fedb1c8654 
[0;36mDEBUG[0m[2026-03-16 10:14:11.762]   received shard header from network in block tracker [0;36mshard[0m = 0 [0;36mepoch[0m = 0 [0;36mround[0m = 454 [0;36mnonce[0m = 451 [0;36mhash[0m = 2eec9853eb175a97bb03fcf2a32b9b5739cf393899570babfea9db847f125061 
[0;36mDEBUG[0m[2026-03-16 10:14:11.762]   received shard header from network in block tracker [0;36mshard[0m = 0 [0;36mepoch[0m = 0 [0;36mround[0m = 455 [0;36mnonce[0m = 452 [0;36mhash[0m = a7c95823e90c6b993a374c4839a9d83c917cc39ff6d835e00004af9f88c666bd 
[0;36mDEBUG[0m[2026-03-16 10:14:11.762]   received shard header from network in block tracker [0;36mshard[0m = 0 [0;36mepoch[0m = 0 [0;36mround[0m = 456 [0;36mnonce[0m = 453 [0;36mhash[0m = 26a65f01a1d8dabe8f092fcd08b9926fff1cfaf2adecbf036c8f8ddf91670cc9 
[0;36mDEBUG[0m[2026-03-16 10:14:11.762]   received shard header from network in block tracker [0;36mshard[0m = 0 [0;36mepoch[0m = 0 [0;36mround[0m = 457 [0;36mnonce[0m = 454 [0;36mhash[0m = dff4d467320200272f5dffe77b2b779806485633234b8da2f1435c624c8a84a3 
[0;36mDEBUG[0m[2026-03-16 10:14:11.762]   received shard header from network in block tracker [0;36mshard[0m = 0 [0;36mepoch[0m = 0 [0;36mround[0m = 458 [0;36mnonce[0m = 455 [0;36mhash[0m = 6f3cfeff159679b5c2b0ee7d8e5e3ec8fbcbd4f225aac57b78dfa597ffcad582 
[0;36mDEBUG[0m[2026-03-16 10:14:11.762]   received shard header from network in block tracker [0;36mshard[0m = 0 [0;36mepoch[0m = 0 [0;36mround[0m = 459 [0;36mnonce[0m = 456 [0;36mhash[0m = f26039e6a5cdfeed9245373a567fa08eaafc00af39c1c201396ab6bb4b04af44 
[0;36mDEBUG[0m[2026-03-16 10:14:11.762]   received shard header from network in block tracker [0;36mshard[0m = 0 [0;36mepoch[0m = 0 [0;36mround[0m = 460 [0;36mnonce[0m = 457 [0;36mhash[0m = c0aa5ab8be84e18396796a4aad33891c00ff4c06c5ca59d874b20af24df2e9a3 
[0;36mDEBUG[0m[2026-03-16 10:14:11.762]   received shard header from network in block tracker [0;36mshard[0m = 0 [0;36mepoch[0m = 0 [0;36mround[0m = 461 [0;36mnonce[0m = 458 [0;36mhash[0m = 7655323ee7da99d48057c461d4aa2b74fcb083927dbc2d94bf32c87e8ea1d414 
[0;36mDEBUG[0m[2026-03-16 10:14:11.762]   received shard header from network in block tracker [0;36mshard[0m = 0 [0;36mepoch[0m = 0 [0;36mround[0m = 462 [0;36mnonce[0m = 459 [0;36mhash[0m = db5772e0b5399a050f37fed8e7ac51cdfb4424503654541f5490e6ebf6c26e1b 
[0;36mDEBUG[0m[2026-03-16 10:14:11.762]   received shard header from network in block tracker [0;36mshard[0m = 0 [0;36mepoch[0m = 0 [0;36mround[0m = 463 [0;36mnonce[0m = 460 [0;36mhash[0m = c62a7c9232ae1d46f857dd3f73c0e166fece942fd5431d8a0508a0a81e2fd308 
[0;36mDEBUG[0m[2026-03-16 10:14:11.762]   received shard header from network in block tracker [0;36mshard[0m = 0 [0;36mepoch[0m = 0 [0;36mround[0m = 464 [0;36mnonce[0m = 461 [0;36mhash[0m = 017f13a6d1f0078a5709cc7b2fb837d4a668a8a2c8c1d333324cf80f22d9018e 
[0;36mDEBUG[0m[2026-03-16 10:14:11.762]   received shard header from network in block tracker [0;36mshard[0m = 0 [0;36mepoch[0m = 0 [0;36mround[0m = 465 [0;36mnonce[0m = 462 [0;36mhash[0m = f813b84c5041acb19782ab3462c366d95ba98a99aa06f977622b957d10d69e72 
[0;36mDEBUG[0m[2026-03-16 10:14:11.762]   received shard header from network in block tracker [0;36mshard[0m = 0 [0;36mepoch[0m = 0 [0;36mround[0m = 466 [0;36mnonce[0m = 463 [0;36mhash[0m = c8c4c86baf2be66b0ec5a9dc5d454953f85597d90e59a8e9750d20d3efa70759 
[0;36mDEBUG[0m[2026-03-16 10:14:11.762]   received shard header from network in block tracker [0;36mshard[0m = 0 [0;36mepoch[0m = 0 [0;36mround[0m = 467 [0;36mnonce[0m = 464 [0;36mhash[0m = c68babee053fe69e03a4ee6a7214b2f7445b8abc215a84b38cd1b630a799d3ac 
[0;36mDEBUG[0m[2026-03-16 10:14:11.762]   received shard header from network in block tracker [0;36mshard[0m = 0 [0;36mepoch[0m = 0 [0;36mround[0m = 468 [0;36mnonce[0m = 465 [0;36mhash[0m = cbb1c6ee5b497470562a2b4092c0e6ca5a729e1ccfd8e8ed65779a7d6b6c7ebd 
[0;36mDEBUG[0m[2026-03-16 10:14:11.762]   received shard header from network in block tracker [0;36mshard[0m = 0 [0;36mepoch[0m = 0 [0;36mround[0m = 469 [0;36mnonce[0m = 466 [0;36mhash[0m = 1cb98f5ff9e7379c7a69bb38f8d15090e7aeaec52a856ad2c9902a105e3cf2bb 
[0;36mDEBUG[0m[2026-03-16 10:14:11.762]   received shard header from network in block tracker [0;36mshard[0m = 0 [0;36mepoch[0m = 0 [0;36mround[0m = 470 [0;36mnonce[0m = 467 [0;36mhash[0m = 562a376a81c770b0c137813fc60a56fcf70226ad39e9eeb9f0966c1b34bd9447 
[0;36mDEBUG[0m[2026-03-16 10:14:11.762]   received shard header from network in block tracker [0;36mshard[0m = 0 [0;36mepoch[0m = 0 [0;36mround[0m = 471 [0;36mnonce[0m = 468 [0;36mhash[0m = e84e047ff48b31d559ae42c844d432468dd2c9697713d772e022e5f04bb05915 
[0;36mDEBUG[0m[2026-03-16 10:14:11.762]   received shard header from network in block tracker [0;36mshard[0m = 0 [0;36mepoch[0m = 0 [0;36mround[0m = 472 [0;36mnonce[0m = 469 [0;36mhash[0m = 5a3857903ccab70731ce2d0cdf51e380a64ffe05e496b43f592b981cda731e09 
[0;36mDEBUG[0m[2026-03-16 10:14:11.762]   received shard header from network in block tracker [0;36mshard[0m = 0 [0;36mepoch[0m = 0 [0;36mround[0m = 473 [0;36mnonce[0m = 470 [0;36mhash[0m = 05fa5774c0abe4e0514dd3680206ae84511a470e0f975de2f4e9f541334cfc42 
[0;36mDEBUG[0m[2026-03-16 10:14:11.762]   received shard header from network in block tracker [0;36mshard[0m = 0 [0;36mepoch[0m = 0 [0;36mround[0m = 474 [0;36mnonce[0m = 471 [0;36mhash[0m = f7539f465a4b21ee5aa52dd88b4643ba63a0b81fb2a2f56587d127b26fcf5d25 
[0;36mDEBUG[0m[2026-03-16 10:14:11.762]   received shard header from network in block tracker [0;36mshard[0m = 0 [0;36mepoch[0m = 0 [0;36mround[0m = 475 [0;36mnonce[0m = 472 [0;36mhash[0m = 3266ebbd143e223f6aee38d7a3d528b67111e93da096a4448d7773bb2464183c 
[0;36mDEBUG[0m[2026-03-16 10:14:11.762]   received shard header from network in block tracker [0;36mshard[0m = 0 [0;36mepoch[0m = 0 [0;36mround[0m = 476 [0;36mnonce[0m = 473 [0;36mhash[0m = 512a2c854149e4c3f4485dfa9f55fd2efd97e283477495c9149baccc89415c17 
[0;36mDEBUG[0m[2026-03-16 10:14:11.762]   received shard header from network in block tracker [0;36mshard[0m = 0 [0;36mepoch[0m = 0 [0;36mround[0m = 477 [0;36mnonce[0m = 474 [0;36mhash[0m = 204b032bea3d1117ebd9910e340f0da0cd976d9d692976a0e5c195d6a5bc88d7 
[0;36mDEBUG[0m[2026-03-16 10:14:11.762]   received shard header from network in block tracker [0;36mshard[0m = 0 [0;36mepoch[0m = 0 [0;36mround[0m = 478 [0;36mnonce[0m = 475 [0;36mhash[0m = fd4dcbf14f4bcc7e64606128097d832dfdc4f8967748caec905c6ad51fe86273 
[0;36mDEBUG[0m[2026-03-16 10:14:11.762]   received shard header from network in block tracker [0;36mshard[0m = 0 [0;36mepoch[0m = 0 [0;36mround[0m = 479 [0;36mnonce[0m = 476 [0;36mhash[0m = 91ea47b0d3b2575b3502b7f06a8829583b3682d497cc69f0588aaeb398b9581f 
[0;36mDEBUG[0m[2026-03-16 10:14:11.762]   received shard header from network in block tracker [0;36mshard[0m = 0 [0;36mepoch[0m = 0 [0;36mround[0m = 480 [0;36mnonce[0m = 477 [0;36mhash[0m = 6a8118a58fdfc7b399e2b773c2ed99ede7b6d0e275c6a396fe53ae68d635c6a7 
[0;36mDEBUG[0m[2026-03-16 10:14:11.762]   received shard header from network in block tracker [0;36mshard[0m = 0 [0;36mepoch[0m = 0 [0;36mround[0m = 481 [0;36mnonce[0m = 478 [0;36mhash[0m = 1256655a50a30d6797f093c52a38d94f29f3fcaf7b4ba094001d34ae5c4805d8 
[0;36mDEBUG[0m[2026-03-16 10:14:11.762]   received shard header from network in block tracker [0;36mshard[0m = 0 [0;36mepoch[0m = 0 [0;36mround[0m = 482 [0;36mnonce[0m = 479 [0;36mhash[0m = 530d1b4221bcec2604b021ab01b7e9d2f4db504e955f6407589430adc4d86b39 
[0;36mDEBUG[0m[2026-03-16 10:14:11.762]   received shard header from network in block tracker [0;36mshard[0m = 0 [0;36mepoch[0m = 0 [0;36mround[0m = 483 [0;36mnonce[0m = 480 [0;36mhash[0m = 1ac0aac220eb1b94b706033558376378f8d8a4abc6e0cfedd93ab45166303fd3 
[0;36mDEBUG[0m[2026-03-16 10:14:11.762]   received shard header from network in block tracker [0;36mshard[0m = 0 [0;36mepoch[0m = 0 [0;36mround[0m = 484 [0;36mnonce[0m = 481 [0;36mhash[0m = 95a24f8511869bc20553403b112af04056c7943edc7449f179a10b244fca8f72 
[0;36mDEBUG[0m[2026-03-16 10:14:11.762]   received shard header from network in block tracker [0;36mshard[0m = 0 [0;36mepoch[0m = 0 [0;36mround[0m = 485 [0;36mnonce[0m = 482 [0;36mhash[0m = 5c23277fdf4d660376a3e19f99a35b67899049e3944007c1568d1470978a26ca 
[0;36mDEBUG[0m[2026-03-16 10:14:11.762]   received shard header from network in block tracker [0;36mshard[0m = 0 [0;36mepoch[0m = 0 [0;36mround[0m = 486 [0;36mnonce[0m = 483 [0;36mhash[0m = 49763b08a995bb57445ee5f75ae9af18c6213bc102874afb9ad53eb1f972054b 
[0;36mDEBUG[0m[2026-03-16 10:14:11.762]   received shard header from network in block tracker [0;36mshard[0m = 0 [0;36mepoch[0m = 0 [0;36mround[0m = 487 [0;36mnonce[0m = 484 [0;36mhash[0m = 50841fb7ceffb2abae2f981b62facef5ee377265ee2d5f15480ab32e8cf9aa8a 
[0;36mDEBUG[0m[2026-03-16 10:14:11.762]   received shard header from network in block tracker [0;36mshard[0m = 0 [0;36mepoch[0m = 0 [0;36mround[0m = 488 [0;36mnonce[0m = 485 [0;36mhash[0m = 329dc911066ec0888a14c98f444991819d94cf6f13029aab25c2472832ed9f38 
[0;36mDEBUG[0m[2026-03-16 10:14:11.762]   received shard header from network in block tracker [0;36mshard[0m = 0 [0;36mepoch[0m = 0 [0;36mround[0m = 489 [0;36mnonce[0m = 486 [0;36mhash[0m = 40861dbbab51e5ce974a37ac2043cfbd1710f44efcb190657908a3cf970c617c 
[0;36mDEBUG[0m[2026-03-16 10:14:11.762]   received shard header from network in block tracker [0;36mshard[0m = 0 [0;36mepoch[0m = 0 [0;36mround[0m = 490 [0;36mnonce[0m = 487 [0;36mhash[0m = 971573975c19451d0989aa3c839ca3c1530654b45817617ee93393e344892e7d 
[0;36mDEBUG[0m[2026-03-16 10:14:11.762]   received shard header from network in block tracker [0;36mshard[0m = 0 [0;36mepoch[0m = 0 [0;36mround[0m = 491 [0;36mnonce[0m = 488 [0;36mhash[0m = ac851401df01fb8c156eb0a461ec158ba290d0227358250f5330bbc0d8ec4bab 
[0;36mDEBUG[0m[2026-03-16 10:14:11.763]   received shard header from network in block tracker [0;36mshard[0m = 0 [0;36mepoch[0m = 0 [0;36mround[0m = 492 [0;36mnonce[0m = 489 [0;36mhash[0m = a2725297612e3e14735438abdb8210f8fc6adf10bbf8844c4e6632e2f9817c48 
[0;36mDEBUG[0m[2026-03-16 10:14:11.763]   received shard header from network in block tracker [0;36mshard[0m = 0 [0;36mepoch[0m = 0 [0;36mround[0m = 493 [0;36mnonce[0m = 490 [0;36mhash[0m = 018509387f51ae15ab1b801c505177949bb8d5b781c221420f4715497188d7a7 
[0;36mDEBUG[0m[2026-03-16 10:14:11.763]   received shard header from network in block tracker [0;36mshard[0m = 0 [0;36mepoch[0m = 0 [0;36mround[0m = 494 [0;36mnonce[0m = 491 [0;36mhash[0m = b3b731a5a43e765eb0beb96d348966cb47f2c7f678b262b1d6dd5640ac4baefb 
[0;36mDEBUG[0m[2026-03-16 10:14:11.763]   received shard header from network in block tracker [0;36mshard[0m = 0 [0;36mepoch[0m = 0 [0;36mround[0m = 495 [0;36mnonce[0m = 492 [0;36mhash[0m = 92fcf02a3bdaf45de9c33b1319235add84736ed6a2b6ee8bade4e25c90ccc80e 
[0;36mDEBUG[0m[2026-03-16 10:14:11.763]   received shard header from network in block tracker [0;36mshard[0m = 0 [0;36mepoch[0m = 0 [0;36mround[0m = 496 [0;36mnonce[0m = 493 [0;36mhash[0m = ee1e15f1be0b4fe09f69b79c518e8e41fe188aeadadcf31a5cee800ff28f1d45 
[0;36mDEBUG[0m[2026-03-16 10:14:11.763]   received shard header from network in block tracker [0;36mshard[0m = 0 [0;36mepoch[0m = 0 [0;36mround[0m = 497 [0;36mnonce[0m = 494 [0;36mhash[0m = 412451674fe00fd04edef0cd786e7bf0746d03b517a7e2f87adbe0e8585403f8 
[0;36mDEBUG[0m[2026-03-16 10:14:11.763]   received shard header from network in block tracker [0;36mshard[0m = 0 [0;36mepoch[0m = 0 [0;36mround[0m = 498 [0;36mnonce[0m = 495 [0;36mhash[0m = 3dc4781ae6f59cf3a877ec64e6d4465e10341db30d2cec82d949a30a3b3536b5 
[0;36mDEBUG[0m[2026-03-16 10:14:11.763]   received shard header from network in block tracker [0;36mshard[0m = 0 [0;36mepoch[0m = 0 [0;36mround[0m = 499 [0;36mnonce[0m = 496 [0;36mhash[0m = 48d8ba02855cdb823692210d2db22e8a9425fd46ab54256d8e6e599c9ea1fd73 
[0;36mDEBUG[0m[2026-03-16 10:14:11.763]   received shard header from network in block tracker [0;36mshard[0m = 0 [0;36mepoch[0m = 0 [0;36mround[0m = 500 [0;36mnonce[0m = 497 [0;36mhash[0m = 1e8c10f4ae8ee55dc8a03eb134f3ebef9f3229bfac9ca6b8d654c1ac95606bf4 
[0;36mDEBUG[0m[2026-03-16 10:14:11.763]   received shard header from network in block tracker [0;36mshard[0m = 0 [0;36mepoch[0m = 0 [0;36mround[0m = 501 [0;36mnonce[0m = 498 [0;36mhash[0m = bb0fee3d527dafa964604fea76e9d6b664c9d12b6774b933661d08f8d0cfcb11 
[0;36mDEBUG[0m[2026-03-16 10:14:11.763]   received shard header from network in block tracker [0;36mshard[0m = 0 [0;36mepoch[0m = 0 [0;36mround[0m = 502 [0;36mnonce[0m = 499 [0;36mhash[0m = 2907c22a0405f2f5ce8d60fbaac129e1a267c8efb181b807f29bca7ca5dfbf37 
[0;36mDEBUG[0m[2026-03-16 10:14:11.763]   received shard header from network in block tracker [0;36mshard[0m = 0 [0;36mepoch[0m = 0 [0;36mround[0m = 503 [0;36mnonce[0m = 500 [0;36mhash[0m = 50553a564d19b87d26b4965a80ba5ab76d21f6a316e08c37a253023b0f521126 
[0;36mDEBUG[0m[2026-03-16 10:14:11.763]   received shard header from network in block tracker [0;36mshard[0m = 0 [0;36mepoch[0m = 0 [0;36mround[0m = 504 [0;36mnonce[0m = 501 [0;36mhash[0m = 3fba766f9a9e168b750fe1dddca3aec927fadab0762fbf4c3c13bc6ca69e04f8 
[0;36mDEBUG[0m[2026-03-16 10:14:11.763]   received shard header from network in block tracker [0;36mshard[0m = 0 [0;36mepoch[0m = 0 [0;36mround[0m = 505 [0;36mnonce[0m = 502 [0;36mhash[0m = a9faa3d0f9cab973c1e57b934cc961006e37938ab5db284f7094fd11e577db95 
[0;36mDEBUG[0m[2026-03-16 10:14:11.763]   received shard header from network in block tracker [0;36mshard[0m = 0 [0;36mepoch[0m = 0 [0;36mround[0m = 506 [0;36mnonce[0m = 503 [0;36mhash[0m = 8f472caf631aa25b029c7c7db032f4303b1e64964e4057d92a95e24e1079835b 
[0;36mDEBUG[0m[2026-03-16 10:14:11.763]   received shard header from network in block tracker [0;36mshard[0m = 0 [0;36mepoch[0m = 0 [0;36mround[0m = 507 [0;36mnonce[0m = 504 [0;36mhash[0m = b127d763f49196904cc2646c04b8a5c602359b17038e24491432c8baa1c78a82 
[0;36mDEBUG[0m[2026-03-16 10:14:11.763]   received shard header from network in block tracker [0;36mshard[0m = 0 [0;36mepoch[0m = 0 [0;36mround[0m = 508 [0;36mnonce[0m = 505 [0;36mhash[0m = 4eb7dfe4e6cf7c59f78d29858bd63597de4ad5fe1b6460a116a0459c0519d7dd 
[0;36mDEBUG[0m[2026-03-16 10:14:11.763]   received shard header from network in block tracker [0;36mshard[0m = 0 [0;36mepoch[0m = 0 [0;36mround[0m = 509 [0;36mnonce[0m = 506 [0;36mhash[0m = 0f7abc9c49e4c23337fdc90dfe1db7c1e4ba79707c9a707f7f3643a5c70eaae5 
[0;36mDEBUG[0m[2026-03-16 10:14:11.763]   received shard header from network in block tracker [0;36mshard[0m = 0 [0;36mepoch[0m = 0 [0;36mround[0m = 510 [0;36mnonce[0m = 507 [0;36mhash[0m = 11cf98ff9086627ae78b319a8ef46f4362df1a7a0badf69dbbfebb84c8ca6f29 
[0;36mDEBUG[0m[2026-03-16 10:14:11.763]   received shard header from network in block tracker [0;36mshard[0m = 0 [0;36mepoch[0m = 0 [0;36mround[0m = 511 [0;36mnonce[0m = 508 [0;36mhash[0m = 71d6f26e12b3d83c7b6449de6bca64cff50d8f122998c95ff67571ab524e0b03 
[0;36mDEBUG[0m[2026-03-16 10:14:11.763]   received shard header from network in block tracker [0;36mshard[0m = 0 [0;36mepoch[0m = 0 [0;36mround[0m = 512 [0;36mnonce[0m = 509 [0;36mhash[0m = 1b0537fb43b9278cc0f1b8714c7fb6c47060f96c787faa661eeed5ab39768610 
[0;36mDEBUG[0m[2026-03-16 10:14:11.763]   received shard header from network in block tracker [0;36mshard[0m = 0 [0;36mepoch[0m = 0 [0;36mround[0m = 513 [0;36mnonce[0m = 510 [0;36mhash[0m = 17e1cb7868498fdb624ecdc230bf00c05a6a47845a05b1e50111769698a3a7f2 
[0;36mDEBUG[0m[2026-03-16 10:14:11.763]   received shard header from network in block tracker [0;36mshard[0m = 0 [0;36mepoch[0m = 0 [0;36mround[0m = 514 [0;36mnonce[0m = 511 [0;36mhash[0m = 9ce736b3f5acbcb93cee51787893324557a614e846f267f6efda6e1335c94b55 
[0;36mDEBUG[0m[2026-03-16 10:14:11.763]   received shard header from network in block tracker [0;36mshard[0m = 0 [0;36mepoch[0m = 0 [0;36mround[0m = 515 [0;36mnonce[0m = 512 [0;36mhash[0m = 332968f15dde4920f12171c052a488444a1765751d5f290c7ff0a6092c96e115 
[0;36mDEBUG[0m[2026-03-16 10:14:11.763]   received shard header from network in block tracker [0;36mshard[0m = 0 [0;36mepoch[0m = 0 [0;36mround[0m = 516 [0;36mnonce[0m = 513 [0;36mhash[0m = 7d5e8de49a6a470eae5f53a2d04fa168e543e859d4b6979fb81da3b45a2bbc55 
[0;36mDEBUG[0m[2026-03-16 10:14:11.763]   received shard header from network in block tracker [0;36mshard[0m = 0 [0;36mepoch[0m = 0 [0;36mround[0m = 517 [0;36mnonce[0m = 514 [0;36mhash[0m = 9ebdc365e9d519bda4250fb52812e462974b868f20ebff9d9757ae72def3a39f 
[0;36mDEBUG[0m[2026-03-16 10:14:11.763]   received shard header from network in block tracker [0;36mshard[0m = 0 [0;36mepoch[0m = 0 [0;36mround[0m = 518 [0;36mnonce[0m = 515 [0;36mhash[0m = 274ce18658bebb3820fc491d75113124971e1d76dc21d30f16371cc1fe809e2d 
[0;36mDEBUG[0m[2026-03-16 10:14:11.763]   received shard header from network in block tracker [0;36mshard[0m = 0 [0;36mepoch[0m = 0 [0;36mround[0m = 519 [0;36mnonce[0m = 516 [0;36mhash[0m = 02ba0988993d3083630bf79e7316fef420047665129d4c56857a0db7e1b1e83f 
[0;36mDEBUG[0m[2026-03-16 10:14:11.763]   received shard header from network in block tracker [0;36mshard[0m = 0 [0;36mepoch[0m = 0 [0;36mround[0m = 520 [0;36mnonce[0m = 517 [0;36mhash[0m = 7b82f54715a24292a5f0b4ee6568c1f1cbb521d92b7cf39050e8665568f34558 
[0;36mDEBUG[0m[2026-03-16 10:14:11.763]   received shard header from network in block tracker [0;36mshard[0m = 0 [0;36mepoch[0m = 0 [0;36mround[0m = 521 [0;36mnonce[0m = 518 [0;36mhash[0m = 6f8351afc941ce95f92c91567556b25b1ddc843c6c9fbbf549ca1341e84eb49b 
[0;36mDEBUG[0m[2026-03-16 10:14:11.763]   received shard header from network in block tracker [0;36mshard[0m = 0 [0;36mepoch[0m = 0 [0;36mround[0m = 522 [0;36mnonce[0m = 519 [0;36mhash[0m = 8c0587a15d180b7f5d1c629bfe33a762f825675a51a5b48e8cfbfb5509e5ff48 
[0;36mDEBUG[0m[2026-03-16 10:14:11.763]   received shard header from network in block tracker [0;36mshard[0m = 0 [0;36mepoch[0m = 0 [0;36mround[0m = 523 [0;36mnonce[0m = 520 [0;36mhash[0m = 5fcafdfc80de8be66f28dee3de89ace2e52c59bb1f927474ac0ce7f2dfda9277 
[0;36mDEBUG[0m[2026-03-16 10:14:11.763]   received shard header from network in block tracker [0;36mshard[0m = 0 [0;36mepoch[0m = 0 [0;36mround[0m = 524 [0;36mnonce[0m = 521 [0;36mhash[0m = 3a2cceff2f87dc7af3bed7110d3c84cde3efa5149491100786d2e74802d17117 
[0;36mDEBUG[0m[2026-03-16 10:14:11.763]   received shard header from network in block tracker [0;36mshard[0m = 0 [0;36mepoch[0m = 0 [0;36mround[0m = 525 [0;36mnonce[0m = 522 [0;36mhash[0m = cd3654b9c2bbfe0bb063acb70b481d2ff71e0d7a0c1b93c0ea863dedb086867e 
[0;36mDEBUG[0m[2026-03-16 10:14:11.763]   received shard header from network in block tracker [0;36mshard[0m = 0 [0;36mepoch[0m = 0 [0;36mround[0m = 526 [0;36mnonce[0m = 523 [0;36mhash[0m = 4c0342f473dc7ab33c920a85b952d1fcbc8779c2b734d7a4c9496819545f65ba 
[0;36mDEBUG[0m[2026-03-16 10:14:11.763]   received shard header from network in block tracker [0;36mshard[0m = 0 [0;36mepoch[0m = 0 [0;36mround[0m = 527 [0;36mnonce[0m = 524 [0;36mhash[0m = 434fd05c23133f69ead2d07b716c4d97319ba344143e91c86a16acdda8547a24 
[0;36mDEBUG[0m[2026-03-16 10:14:11.763]   received shard header from network in block tracker [0;36mshard[0m = 0 [0;36mepoch[0m = 0 [0;36mround[0m = 528 [0;36mnonce[0m = 525 [0;36mhash[0m = 920b336108afd9fcd80c7616e0be47f86e0c90d60fecbcf988c57a86addb3d4f 
[0;36mDEBUG[0m[2026-03-16 10:14:11.763]   received shard header from network in block tracker [0;36mshard[0m = 0 [0;36mepoch[0m = 0 [0;36mround[0m = 529 [0;36mnonce[0m = 526 [0;36mhash[0m = f727864f2f814e668fe9475aa0c6c3d027366c96cd69d1db5b0d233edc2a6083 
[0;36mDEBUG[0m[2026-03-16 10:14:11.763]   received shard header from network in block tracker [0;36mshard[0m = 0 [0;36mepoch[0m = 0 [0;36mround[0m = 530 [0;36mnonce[0m = 527 [0;36mhash[0m = 3b2d55a818ba2b85a1d8061eb244e99b03e20914aa5ef9c3bd9218fec82ed51f 
[0;36mDEBUG[0m[2026-03-16 10:14:11.763]   received shard header from network in block tracker [0;36mshard[0m = 0 [0;36mepoch[0m = 0 [0;36mround[0m = 531 [0;36mnonce[0m = 528 [0;36mhash[0m = f1b6615ad635f39d0c420c66e391c02e5fc1c4d960c769e35b8874092b86383a 
[0;36mDEBUG[0m[2026-03-16 10:14:11.763]   received shard header from network in block tracker [0;36mshard[0m = 0 [0;36mepoch[0m = 0 [0;36mround[0m = 532 [0;36mnonce[0m = 529 [0;36mhash[0m = 3d9866e1ebc7a0fa9bc10cec6f89537f03a8863f71747cc4effa097c1db452d5 
[0;36mDEBUG[0m[2026-03-16 10:14:11.763]   received shard header from network in block tracker [0;36mshard[0m = 0 [0;36mepoch[0m = 0 [0;36mround[0m = 533 [0;36mnonce[0m = 530 [0;36mhash[0m = 452b9d6213c12ebe916cce434eeb2ec7a82dd2c663ed64822a7faef229c2a0ce 
[0;36mDEBUG[0m[2026-03-16 10:14:11.763]   received shard header from network in block tracker [0;36mshard[0m = 0 [0;36mepoch[0m = 0 [0;36mround[0m = 534 [0;36mnonce[0m = 531 [0;36mhash[0m = 28d9eeade4e3f409de0732ad5cbecaf40ce3ebf91b236eef23539e6e95b93742 
[0;36mDEBUG[0m[2026-03-16 10:14:11.763]   received shard header from network in block tracker [0;36mshard[0m = 0 [0;36mepoch[0m = 0 [0;36mround[0m = 535 [0;36mnonce[0m = 532 [0;36mhash[0m = 17fa2dceb8f959282dcfb8288c783a5224d5902a2380534ebbb10bebccab31c9 
[0;36mDEBUG[0m[2026-03-16 10:14:11.763]   received shard header from network in block tracker [0;36mshard[0m = 0 [0;36mepoch[0m = 0 [0;36mround[0m = 536 [0;36mnonce[0m = 533 [0;36mhash[0m = f0dfe787070cc0bbd0b9e9d542ab1c6bed05117f8b594692b8a722c203d79d0f 
[0;36mDEBUG[0m[2026-03-16 10:14:11.763]   received shard header from network in block tracker [0;36mshard[0m = 0 [0;36mepoch[0m = 0 [0;36mround[0m = 537 [0;36mnonce[0m = 534 [0;36mhash[0m = 08c9e5b0c9c41ea3ba244d0f97075bb6545a71cbb358c5e92780c55c34133c65 
[0;36mDEBUG[0m[2026-03-16 10:14:11.763]   received shard header from network in block tracker [0;36mshard[0m = 0 [0;36mepoch[0m = 0 [0;36mround[0m = 538 [0;36mnonce[0m = 535 [0;36mhash[0m = 736a5dbc880d5b7d5529208550817ce839d149e8ddf0923d7b9fed7e08e1983b 
[0;36mDEBUG[0m[2026-03-16 10:14:11.763]   received shard header from network in block tracker [0;36mshard[0m = 0 [0;36mepoch[0m = 0 [0;36mround[0m = 539 [0;36mnonce[0m = 536 [0;36mhash[0m = a97a2c35c581f79ec8e0bc1b7b036c3e7442f1914c5e9dcd9d6607de43ed6709 
[0;36mDEBUG[0m[2026-03-16 10:14:11.763]   received shard header from network in block tracker [0;36mshard[0m = 0 [0;36mepoch[0m = 0 [0;36mround[0m = 540 [0;36mnonce[0m = 537 [0;36mhash[0m = b374cb5e98ec241d9809b4489b125cb70d2bbbf6f6e1119ac2d55f8a901afe57 
[0;36mDEBUG[0m[2026-03-16 10:14:11.763]   received shard header from network in block tracker [0;36mshard[0m = 0 [0;36mepoch[0m = 0 [0;36mround[0m = 541 [0;36mnonce[0m = 538 [0;36mhash[0m = 21ee069319357ca13cbb0396552eee1d855b6477700f133a850a3543c52e44d3 
[0;36mDEBUG[0m[2026-03-16 10:14:11.763]   received shard header from network in block tracker [0;36mshard[0m = 0 [0;36mepoch[0m = 0 [0;36mround[0m = 542 [0;36mnonce[0m = 539 [0;36mhash[0m = 72ce7954f863e6866d8efa31f50fd9fe0d57954f6aae4322188bb6d45fe5c379 
[0;36mDEBUG[0m[2026-03-16 10:14:11.763]   received shard header from network in block tracker [0;36mshard[0m = 0 [0;36mepoch[0m = 0 [0;36mround[0m = 543 [0;36mnonce[0m = 540 [0;36mhash[0m = c258c6b16f7482007c3933c406037c624b385c616828517286558fc5c01c7ed9 
[0;36mDEBUG[0m[2026-03-16 10:14:11.763]   received shard header from network in block tracker [0;36mshard[0m = 0 [0;36mepoch[0m = 0 [0;36mround[0m = 544 [0;36mnonce[0m = 541 [0;36mhash[0m = fd76051040010722494a3bc727aa1808a429ebc6fbef87966d7b897558f308e8 
[0;36mDEBUG[0m[2026-03-16 10:14:11.763]   received shard header from network in block tracker [0;36mshard[0m = 0 [0;36mepoch[0m = 0 [0;36mround[0m = 545 [0;36mnonce[0m = 542 [0;36mhash[0m = d9af039d171dfd0ff988c080d559ab4340c335d88d46160d8ecabe92d5a2179a 
[0;36mDEBUG[0m[2026-03-16 10:14:11.763]   received shard header from network in block tracker [0;36mshard[0m = 0 [0;36mepoch[0m = 0 [0;36mround[0m = 546 [0;36mnonce[0m = 543 [0;36mhash[0m = b85ff3b1461e5674e5a627056d64a0626347d8eb7b3e3da1d7c6f527cacacf49 
[0;36mDEBUG[0m[2026-03-16 10:14:11.763]   received shard header from network in block tracker [0;36mshard[0m = 0 [0;36mepoch[0m = 0 [0;36mround[0m = 547 [0;36mnonce[0m = 544 [0;36mhash[0m = 48abaf50daf8f1b7f57204624435bb16239deb1eaa5cb2d272e78721599f0f15 
[0;36mDEBUG[0m[2026-03-16 10:14:11.763]   received shard header from network in block tracker [0;36mshard[0m = 0 [0;36mepoch[0m = 0 [0;36mround[0m = 548 [0;36mnonce[0m = 545 [0;36mhash[0m = e4c7d867fee83aab58cdf62f0c0cd2f7d129345ba553d22cc7363b9fe38ee6ae 
[0;36mDEBUG[0m[2026-03-16 10:14:11.763]   received shard header from network in block tracker [0;36mshard[0m = 0 [0;36mepoch[0m = 0 [0;36mround[0m = 549 [0;36mnonce[0m = 546 [0;36mhash[0m = bd86c1f6d3bc2c11f43f70eac3cafed999c92d877875c65bab44221c03459d3a 
[0;36mDEBUG[0m[2026-03-16 10:14:11.763]   received shard header from network in block tracker [0;36mshard[0m = 0 [0;36mepoch[0m = 0 [0;36mround[0m = 550 [0;36mnonce[0m = 547 [0;36mhash[0m = fb912801667bbd7a1b094d1b2f20187e53cee7c343e5daebdb8cbb39fc9960b6 
[0;36mDEBUG[0m[2026-03-16 10:14:11.763]   received shard header from network in block tracker [0;36mshard[0m = 0 [0;36mepoch[0m = 0 [0;36mround[0m = 551 [0;36mnonce[0m = 548 [0;36mhash[0m = b4431b1d53ad0b64714b632abc575d721d426ca50e8d909b2088834a205ac11c 
[0;36mDEBUG[0m[2026-03-16 10:14:11.763]   received shard header from network in block tracker [0;36mshard[0m = 0 [0;36mepoch[0m = 0 [0;36mround[0m = 552 [0;36mnonce[0m = 549 [0;36mhash[0m = 22f644be5b9fa948c55297fe2ff9d4fe4d6f5935803a53d90ee89b093d1c57ab 
[0;36mDEBUG[0m[2026-03-16 10:14:11.763]   received shard header from network in block tracker [0;36mshard[0m = 0 [0;36mepoch[0m = 0 [0;36mround[0m = 553 [0;36mnonce[0m = 550 [0;36mhash[0m = 31c469225381ca12d9692664b93fdab90fb63c1f60627b05bb298fbbf73f0767 
[0;36mDEBUG[0m[2026-03-16 10:14:11.763]   received shard header from network in block tracker [0;36mshard[0m = 0 [0;36mepoch[0m = 0 [0;36mround[0m = 554 [0;36mnonce[0m = 551 [0;36mhash[0m = 4070004ca7d5f72d2e81d553ded1b346eccd86a6553ea737522374ed9df34b8c 
[0;36mDEBUG[0m[2026-03-16 10:14:11.763]   received shard header from network in block tracker [0;36mshard[0m = 0 [0;36mepoch[0m = 0 [0;36mround[0m = 555 [0;36mnonce[0m = 552 [0;36mhash[0m = 5db1842e4a2cb5f07390a27c94e33d384b86377da2388fa967601c4417e0593d 
[0;36mDEBUG[0m[2026-03-16 10:14:11.763]   received shard header from network in block tracker [0;36mshard[0m = 0 [0;36mepoch[0m = 0 [0;36mround[0m = 556 [0;36mnonce[0m = 553 [0;36mhash[0m = d3f25c834770e8496a7f257e69c925be59fa4a65c1672ea56791086e4b70ad67 
[0;36mDEBUG[0m[2026-03-16 10:14:11.763]   received shard header from network in block tracker [0;36mshard[0m = 0 [0;36mepoch[0m = 0 [0;36mround[0m = 557 [0;36mnonce[0m = 554 [0;36mhash[0m = ab1bc16da8c647a74eea568a406781e725568c7cb748ce41bbc7b411d83670bf 
[0;36mDEBUG[0m[2026-03-16 10:14:11.763]   received shard header from network in block tracker [0;36mshard[0m = 0 [0;36mepoch[0m = 0 [0;36mround[0m = 558 [0;36mnonce[0m = 555 [0;36mhash[0m = 2412c8f411ddc43eac0d33b0fcdda5f74f28981069d1f35ed6e6bb64d28b1f28 
[0;36mDEBUG[0m[2026-03-16 10:14:11.763]   received shard header from network in block tracker [0;36mshard[0m = 0 [0;36mepoch[0m = 0 [0;36mround[0m = 559 [0;36mnonce[0m = 556 [0;36mhash[0m = b597da7ad368492284e7cbe00b526f8bac6462329100c9b3e830b90450ac110a 
[0;36mDEBUG[0m[2026-03-16 10:14:11.763]   received shard header from network in block tracker [0;36mshard[0m = 0 [0;36mepoch[0m = 0 [0;36mround[0m = 560 [0;36mnonce[0m = 557 [0;36mhash[0m = 8180f0c1f9b9a3b89871c40541f90146368214a03f5b1de9d6d60e945caef4ea 
[0;36mDEBUG[0m[2026-03-16 10:14:11.763]   received shard header from network in block tracker [0;36mshard[0m = 0 [0;36mepoch[0m = 0 [0;36mround[0m = 561 [0;36mnonce[0m = 558 [0;36mhash[0m = f17949201f4c7b23ccdc2fde58fabcfc0b26b23a69e426b095aeb8687cf13fb9 
[0;36mDEBUG[0m[2026-03-16 10:14:11.764]   received shard header from network in block tracker [0;36mshard[0m = 0 [0;36mepoch[0m = 0 [0;36mround[0m = 562 [0;36mnonce[0m = 559 [0;36mhash[0m = 794b990c0a6f984b4fac402291af9be516e6f99f39111999270817c484eea5a4 
[0;36mDEBUG[0m[2026-03-16 10:14:11.764]   received shard header from network in block tracker [0;36mshard[0m = 0 [0;36mepoch[0m = 0 [0;36mround[0m = 563 [0;36mnonce[0m = 560 [0;36mhash[0m = 9dc7773ef1f3f93303cfbb3741bdeee94cb25ba6fae9a0fd354784d9ecfdf4a0 
[0;36mDEBUG[0m[2026-03-16 10:14:11.764]   received shard header from network in block tracker [0;36mshard[0m = 0 [0;36mepoch[0m = 0 [0;36mround[0m = 564 [0;36mnonce[0m = 561 [0;36mhash[0m = d5bcbe5c1e976eb62167baa6cca52adfa6bc2a8c7fdd3093c8fbd26e6c07c28c 
[0;36mDEBUG[0m[2026-03-16 10:14:11.764]   received shard header from network in block tracker [0;36mshard[0m = 0 [0;36mepoch[0m = 0 [0;36mround[0m = 565 [0;36mnonce[0m = 562 [0;36mhash[0m = 43606e1f524278f9f41b9c4ab0727e9344f460ab5068d5b6ca13b4082f8f14f2 
[0;36mDEBUG[0m[2026-03-16 10:14:11.764]   received shard header from network in block tracker [0;36mshard[0m = 0 [0;36mepoch[0m = 0 [0;36mround[0m = 566 [0;36mnonce[0m = 563 [0;36mhash[0m = 6721de682a06147a995d8c3af8edf379d117821c3bc29f30608942fb6f50d2a9 
[0;36mDEBUG[0m[2026-03-16 10:14:11.764]   received shard header from network in block tracker [0;36mshard[0m = 0 [0;36mepoch[0m = 0 [0;36mround[0m = 567 [0;36mnonce[0m = 564 [0;36mhash[0m = 31a32da9edbb345b1af80dd50c9ae6d1e6f62fe28eb104decfd73f6ed682563c 
[0;36mDEBUG[0m[2026-03-16 10:14:11.764]   received shard header from network in block tracker [0;36mshard[0m = 0 [0;36mepoch[0m = 0 [0;36mround[0m = 568 [0;36mnonce[0m = 565 [0;36mhash[0m = 85fda05c393a35f432007a26f66e42098af5db8faf6b4591d1bd61fbfbbf451b 
[0;36mDEBUG[0m[2026-03-16 10:14:11.764]   received shard header from network in block tracker [0;36mshard[0m = 0 [0;36mepoch[0m = 0 [0;36mround[0m = 569 [0;36mnonce[0m = 566 [0;36mhash[0m = b3a129fb107e944d07838c3515f0f50e128453ce09870b39cd0bb02d16bf38ac 
[0;36mDEBUG[0m[2026-03-16 10:14:11.764]   received shard header from network in block tracker [0;36mshard[0m = 0 [0;36mepoch[0m = 0 [0;36mround[0m = 570 [0;36mnonce[0m = 567 [0;36mhash[0m = c31e6b746d40bd812884d3c3b50f45f01879ee196c7955d3eefb38ef51639828 
[0;36mDEBUG[0m[2026-03-16 10:14:11.764]   received shard header from network in block tracker [0;36mshard[0m = 0 [0;36mepoch[0m = 0 [0;36mround[0m = 571 [0;36mnonce[0m = 568 [0;36mhash[0m = f556d71a52e8dc34cdb782d17aff883de2277daed1eb2f228d8bd1520a9a16c5 
[0;36mDEBUG[0m[2026-03-16 10:14:11.764]   received shard header from network in block tracker [0;36mshard[0m = 0 [0;36mepoch[0m = 0 [0;36mround[0m = 572 [0;36mnonce[0m = 569 [0;36mhash[0m = 29b86f817c0e102e30d580f7b15eb9490247a7c992ffd334a50170e33186280c 
[0;36mDEBUG[0m[2026-03-16 10:14:11.764]   received shard header from network in block tracker [0;36mshard[0m = 0 [0;36mepoch[0m = 0 [0;36mround[0m = 573 [0;36mnonce[0m = 570 [0;36mhash[0m = acdcbbc259f4d783f5e6fe0ea966c3990392b3b4695fc8e38ab76f06c68599aa 
[0;36mDEBUG[0m[2026-03-16 10:14:11.764]   received shard header from network in block tracker [0;36mshard[0m = 0 [0;36mepoch[0m = 0 [0;36mround[0m = 574 [0;36mnonce[0m = 571 [0;36mhash[0m = 4a4f5baf59d2f0853c87dab92602cd268b070c7704e38f2c1a9d533b4de25f92 
[0;36mDEBUG[0m[2026-03-16 10:14:11.764]   received shard header from network in block tracker [0;36mshard[0m = 0 [0;36mepoch[0m = 0 [0;36mround[0m = 575 [0;36mnonce[0m = 572 [0;36mhash[0m = ba4c00efbe2cbe0e34a7ff25ef2ff03b2b8504c8ba0b6e1bc3a34bff349e885f 
[0;36mDEBUG[0m[2026-03-16 10:14:11.764]   received shard header from network in block tracker [0;36mshard[0m = 0 [0;36mepoch[0m = 0 [0;36mround[0m = 576 [0;36mnonce[0m = 573 [0;36mhash[0m = ef9d52aeb0164ff767d9bd831ac240368085b4f007fc4ef6424df7ce0f9f2409 
[0;36mDEBUG[0m[2026-03-16 10:14:11.764]   received shard header from network in block tracker [0;36mshard[0m = 0 [0;36mepoch[0m = 0 [0;36mround[0m = 577 [0;36mnonce[0m = 574 [0;36mhash[0m = de52c9cec1f8c4fdfe27357ec6744fe698e1036c84cf300520a9cb13912636b7 
[0;36mDEBUG[0m[2026-03-16 10:14:11.764]   received shard header from network in block tracker [0;36mshard[0m = 0 [0;36mepoch[0m = 0 [0;36mround[0m = 578 [0;36mnonce[0m = 575 [0;36mhash[0m = 6d6432acb12204b251c7e7bad25093e5ba3fcc0f405e0bb8bd69014f1769886b 
[0;36mDEBUG[0m[2026-03-16 10:14:11.764]   received shard header from network in block tracker [0;36mshard[0m = 0 [0;36mepoch[0m = 0 [0;36mround[0m = 579 [0;36mnonce[0m = 576 [0;36mhash[0m = 5471499b60aebec6f8e69e4b0a4ffcb5e5766e7172b1d63505a2870812c86209 
[0;36mDEBUG[0m[2026-03-16 10:14:11.764]   received shard header from network in block tracker [0;36mshard[0m = 0 [0;36mepoch[0m = 0 [0;36mround[0m = 580 [0;36mnonce[0m = 577 [0;36mhash[0m = ec6dce8ecddfd157989e1f164b1ce7ab1cf9707699d51f32253231afe57d570e 
[0;36mDEBUG[0m[2026-03-16 10:14:11.764]   received shard header from network in block tracker [0;36mshard[0m = 0 [0;36mepoch[0m = 0 [0;36mround[0m = 581 [0;36mnonce[0m = 578 [0;36mhash[0m = 92a5a12181c98e6c259a238dc86231efa99d8973f6e970f2e9a0e079188ce0f4 
[0;36mDEBUG[0m[2026-03-16 10:14:11.764]   received shard header from network in block tracker [0;36mshard[0m = 0 [0;36mepoch[0m = 0 [0;36mround[0m = 582 [0;36mnonce[0m = 579 [0;36mhash[0m = 6f927ea4270b6814ef739660461c70f03be8ee57f81aa700e8644cc6da3d20e8 
[0;36mDEBUG[0m[2026-03-16 10:14:11.764]   received shard header from network in block tracker [0;36mshard[0m = 0 [0;36mepoch[0m = 0 [0;36mround[0m = 583 [0;36mnonce[0m = 580 [0;36mhash[0m = ac02051978528a2aedaee7fb9b0eb98d99a80817cbaf3e9376a33d09c813a726 
[0;36mDEBUG[0m[2026-03-16 10:14:11.764]   received shard header from network in block tracker [0;36mshard[0m = 0 [0;36mepoch[0m = 0 [0;36mround[0m = 584 [0;36mnonce[0m = 581 [0;36mhash[0m = e76509af481c4a5c561fec48c1e23e0f7517fdcdcfdd30e1ddd5212ffd0f68b5 
[0;36mDEBUG[0m[2026-03-16 10:14:11.764]   received shard header from network in block tracker [0;36mshard[0m = 0 [0;36mepoch[0m = 0 [0;36mround[0m = 585 [0;36mnonce[0m = 582 [0;36mhash[0m = e2bad361b64e5edf7a606ddd13854da9ed7526cbd2a41eb9d3ef6345f4aea4d6 
[0;36mDEBUG[0m[2026-03-16 10:14:11.764]   received shard header from network in block tracker [0;36mshard[0m = 0 [0;36mepoch[0m = 0 [0;36mround[0m = 586 [0;36mnonce[0m = 583 [0;36mhash[0m = 0f6460ec84b4fdd29cf315cc5a3271e04a4108d52486ac7dc5961ab397aa15de 
[0;36mDEBUG[0m[2026-03-16 10:14:11.764]   received shard header from network in block tracker [0;36mshard[0m = 0 [0;36mepoch[0m = 0 [0;36mround[0m = 587 [0;36mnonce[0m = 584 [0;36mhash[0m = e7e01b81f8fa5e9ce34759d5aefa781c21421661080ff6c187743671a8e5ec00 
[0;36mDEBUG[0m[2026-03-16 10:14:11.764]   received shard header from network in block tracker [0;36mshard[0m = 0 [0;36mepoch[0m = 0 [0;36mround[0m = 588 [0;36mnonce[0m = 585 [0;36mhash[0m = ace685f4c043885f983ef9374a0da8e23319b820941c4357b1569806244d0111 
[0;36mDEBUG[0m[2026-03-16 10:14:11.764]   received shard header from network in block tracker [0;36mshard[0m = 0 [0;36mepoch[0m = 0 [0;36mround[0m = 589 [0;36mnonce[0m = 586 [0;36mhash[0m = f41a18f104f733f413d175481041442a79d739b8d2d836989a6050dfc85ee860 
[0;36mDEBUG[0m[2026-03-16 10:14:11.764]   received shard header from network in block tracker [0;36mshard[0m = 0 [0;36mepoch[0m = 0 [0;36mround[0m = 590 [0;36mnonce[0m = 587 [0;36mhash[0m = 8608d029042bbb40b9ac3d97daa44648f3d5dc2f627575f0125f693408014f5c 
[0;36mDEBUG[0m[2026-03-16 10:14:11.764]   received shard header from network in block tracker [0;36mshard[0m = 0 [0;36mepoch[0m = 0 [0;36mround[0m = 591 [0;36mnonce[0m = 588 [0;36mhash[0m = 240ba279d897627f299cf79082817ce80743ea06d7fb7d350ae52a514f1b2d28 
[0;36mDEBUG[0m[2026-03-16 10:14:11.764]   received shard header from network in block tracker [0;36mshard[0m = 0 [0;36mepoch[0m = 0 [0;36mround[0m = 592 [0;36mnonce[0m = 589 [0;36mhash[0m = ca5f53791c3aa50de100b7429ffd2a80a357e63bb277d44733007f415ca66d5f 
[0;36mDEBUG[0m[2026-03-16 10:14:11.764]   received shard header from network in block tracker [0;36mshard[0m = 0 [0;36mepoch[0m = 0 [0;36mround[0m = 593 [0;36mnonce[0m = 590 [0;36mhash[0m = 91a9f5523f80560f3c4964fc5916b8ed2dcc0050cf4330643cc3128c2a36d9e4 
[0;36mDEBUG[0m[2026-03-16 10:14:11.764]   received shard header from network in block tracker [0;36mshard[0m = 0 [0;36mepoch[0m = 0 [0;36mround[0m = 594 [0;36mnonce[0m = 591 [0;36mhash[0m = b106f11edc9d49b50b53670eb6809fad37ab09d50dd42657321e6c4dbd65486b 
[0;36mDEBUG[0m[2026-03-16 10:14:11.764]   received shard header from network in block tracker [0;36mshard[0m = 0 [0;36mepoch[0m = 0 [0;36mround[0m = 595 [0;36mnonce[0m = 592 [0;36mhash[0m = 75ebe7eea87d7f1f25e9489b7b644a88cd4cd7b042047dddad37a225f9e4841f 
[0;36mDEBUG[0m[2026-03-16 10:14:11.764]   received shard header from network in block tracker [0;36mshard[0m = 0 [0;36mepoch[0m = 0 [0;36mround[0m = 596 [0;36mnonce[0m = 593 [0;36mhash[0m = 17d1bf46872c50a437ebf621e1cfbae55613f7fb1be69b40e54952ed353aad7e 
[0;36mDEBUG[0m[2026-03-16 10:14:11.764]   received shard header from network in block tracker [0;36mshard[0m = 0 [0;36mepoch[0m = 0 [0;36mround[0m = 597 [0;36mnonce[0m = 594 [0;36mhash[0m = 2e16048d0cfbf1cf00daac66f4142ce7548193909b975297222066bee0553451 
[0;36mDEBUG[0m[2026-03-16 10:14:11.764]   received shard header from network in block tracker [0;36mshard[0m = 0 [0;36mepoch[0m = 0 [0;36mround[0m = 598 [0;36mnonce[0m = 595 [0;36mhash[0m = 16bd7c3c7533f26856d44c287b5a386c7f81a1d9c9c3bccbc1f79c4e083a8d5f 
[0;36mDEBUG[0m[2026-03-16 10:14:11.764]   received shard header from network in block tracker [0;36mshard[0m = 0 [0;36mepoch[0m = 0 [0;36mround[0m = 599 [0;36mnonce[0m = 596 [0;36mhash[0m = b0fcaed8365b3c3bfafa9936ef30627a857bff57af555933d430a9a115f0d11a 
[0;36mDEBUG[0m[2026-03-16 10:14:11.764]   received shard header from network in block tracker [0;36mshard[0m = 0 [0;36mepoch[0m = 0 [0;36mround[0m = 600 [0;36mnonce[0m = 597 [0;36mhash[0m = ad480859dbdde4e0b0bce858287b79acbb29d755dc172ba71bb0b7306aaf2ae4 
[0;36mDEBUG[0m[2026-03-16 10:14:11.764]   received shard header from network in block tracker [0;36mshard[0m = 0 [0;36mepoch[0m = 0 [0;36mround[0m = 601 [0;36mnonce[0m = 598 [0;36mhash[0m = 4267f0fc2c243d62a35d0476bbd10bc5bf306a5fbfb69c39e71ee939f972437f 
[0;36mDEBUG[0m[2026-03-16 10:14:11.765]   received shard header from network in block tracker [0;36mshard[0m = 0 [0;36mepoch[0m = 0 [0;36mround[0m = 602 [0;36mnonce[0m = 599 [0;36mhash[0m = 08882af89f72e98115cd11e36743bfa830680e47b30509e4ff37ad47295f8fc0 
[0;36mDEBUG[0m[2026-03-16 10:14:11.765]   received shard header from network in block tracker [0;36mshard[0m = 0 [0;36mepoch[0m = 0 [0;36mround[0m = 603 [0;36mnonce[0m = 600 [0;36mhash[0m = affa50130db539eb42d0ab54895128f96fe7e104ee0d423ded9e888430caa4bc 
[0;36mDEBUG[0m[2026-03-16 10:14:11.765]   received shard header from network in block tracker [0;36mshard[0m = 0 [0;36mepoch[0m = 0 [0;36mround[0m = 604 [0;36mnonce[0m = 601 [0;36mhash[0m = cf63a3040b7474146722eb03cea04c9b881214461dee33ea25bfeedc70de53cc 
[0;36mDEBUG[0m[2026-03-16 10:14:11.765]   received shard header from network in block tracker [0;36mshard[0m = 0 [0;36mepoch[0m = 0 [0;36mround[0m = 605 [0;36mnonce[0m = 602 [0;36mhash[0m = 62a6a7761f1490784429c6af89cd75d3ec1702784dcba8bf5de57d27677b3b83 
[0;36mDEBUG[0m[2026-03-16 10:14:11.765]   received shard header from network in block tracker [0;36mshard[0m = 0 [0;36mepoch[0m = 0 [0;36mround[0m = 606 [0;36mnonce[0m = 603 [0;36mhash[0m = d710e5a859f2c653829cef8accf71417e62863a4a4de3e2fe089d4414807f573 
[0;36mDEBUG[0m[2026-03-16 10:14:11.765]   received shard header from network in block tracker [0;36mshard[0m = 0 [0;36mepoch[0m = 0 [0;36mround[0m = 607 [0;36mnonce[0m = 604 [0;36mhash[0m = de16f63b35ea41646b6d78c60347db19a91e60054605e1591b30cb40e69b8f6f 
[0;36mDEBUG[0m[2026-03-16 10:14:11.765]   received shard header from network in block tracker [0;36mshard[0m = 0 [0;36mepoch[0m = 0 [0;36mround[0m = 608 [0;36mnonce[0m = 605 [0;36mhash[0m = a8ed16ab9db5317c3e4a9e2dace9324fb0508fcc932b15b03c296fa017650bea 
[0;36mDEBUG[0m[2026-03-16 10:14:11.765]   received shard header from network in block tracker [0;36mshard[0m = 0 [0;36mepoch[0m = 0 [0;36mround[0m = 609 [0;36mnonce[0m = 606 [0;36mhash[0m = 165e3ee5013dfdd28a776b2930df36465788de250955a9844e1035161c7c9e75 
[0;36mDEBUG[0m[2026-03-16 10:14:11.765]   received shard header from network in block tracker [0;36mshard[0m = 0 [0;36mepoch[0m = 0 [0;36mround[0m = 610 [0;36mnonce[0m = 607 [0;36mhash[0m = eed3b0f4d04527bd35bf2aa139c12919bbefa9c87f57ded6d8ea62d6b6f5eba7 
[0;36mDEBUG[0m[2026-03-16 10:14:11.765]   received shard header from network in block tracker [0;36mshard[0m = 0 [0;36mepoch[0m = 0 [0;36mround[0m = 611 [0;36mnonce[0m = 608 [0;36mhash[0m = 4903a29bb86bc7a38a6aa5cc7e30f9aa7f6794af090bec012a64fc5d2a60f797 
[0;36mDEBUG[0m[2026-03-16 10:14:11.765]   received shard header from network in block tracker [0;36mshard[0m = 0 [0;36mepoch[0m = 0 [0;36mround[0m = 612 [0;36mnonce[0m = 609 [0;36mhash[0m = d92ecf17604c0dcfb9c68de20faec1313335150a65962a49d02176caaf2e930a 
[0;36mDEBUG[0m[2026-03-16 10:14:11.765]   received shard header from network in block tracker [0;36mshard[0m = 0 [0;36mepoch[0m = 0 [0;36mround[0m = 613 [0;36mnonce[0m = 610 [0;36mhash[0m = df2f560681baa53e2b5e865f0b15d423fc55fa544f394e474a8c79502dfb29da 
[0;36mDEBUG[0m[2026-03-16 10:14:11.765]   received shard header from network in block tracker [0;36mshard[0m = 0 [0;36mepoch[0m = 0 [0;36mround[0m = 614 [0;36mnonce[0m = 611 [0;36mhash[0m = 95bdc6632145be821ea1b801068025fa22ee4d9dfac8884aaba1ff265ff0734f 
[0;36mDEBUG[0m[2026-03-16 10:14:11.765]   received shard header from network in block tracker [0;36mshard[0m = 0 [0;36mepoch[0m = 0 [0;36mround[0m = 615 [0;36mnonce[0m = 612 [0;36mhash[0m = 39b829f66774c96eb0bcd048575d726ba3f545c9bcb6b9872b65748ae2154ecb 
[0;36mDEBUG[0m[2026-03-16 10:14:11.765]   received shard header from network in block tracker [0;36mshard[0m = 0 [0;36mepoch[0m = 0 [0;36mround[0m = 616 [0;36mnonce[0m = 613 [0;36mhash[0m = d277661a653d799c3ead839f3f42d241a7b8c161743313a0c1f5598bdb339e18 
[0;36mDEBUG[0m[2026-03-16 10:14:11.765]   received shard header from network in block tracker [0;36mshard[0m = 0 [0;36mepoch[0m = 0 [0;36mround[0m = 617 [0;36mnonce[0m = 614 [0;36mhash[0m = b03eeed94411a08d58fc7b1279a52d554cebc0ca986223d02ea6feb3ee5e77dc 
[0;36mDEBUG[0m[2026-03-16 10:14:11.765]   received shard header from network in block tracker [0;36mshard[0m = 0 [0;36mepoch[0m = 0 [0;36mround[0m = 618 [0;36mnonce[0m = 615 [0;36mhash[0m = 10087978d3ba39beec42585f548d67a4fb5c807381121295718a60ce282a5196 
[0;36mDEBUG[0m[2026-03-16 10:14:11.765]   received shard header from network in block tracker [0;36mshard[0m = 0 [0;36mepoch[0m = 0 [0;36mround[0m = 619 [0;36mnonce[0m = 616 [0;36mhash[0m = f804af11c67c93420610f19bab7c7f297a56f9cd0d97d27e26c623b20a41e93d 
[0;36mDEBUG[0m[2026-03-16 10:14:11.765]   received shard header from network in block tracker [0;36mshard[0m = 0 [0;36mepoch[0m = 0 [0;36mround[0m = 620 [0;36mnonce[0m = 617 [0;36mhash[0m = 97c6e01b755aa0e11c8a7b6ab78fa2b6fb267f8d96c8e769ed53008ba19f5f96 
[0;36mDEBUG[0m[2026-03-16 10:14:11.765]   received shard header from network in block tracker [0;36mshard[0m = 0 [0;36mepoch[0m = 0 [0;36mround[0m = 621 [0;36mnonce[0m = 618 [0;36mhash[0m = 4ca07c3f30f815133015e349e7816dec206d4f4dc75dd04e6f29e3c46da47673 
[0;36mDEBUG[0m[2026-03-16 10:14:11.765]   received shard header from network in block tracker [0;36mshard[0m = 0 [0;36mepoch[0m = 0 [0;36mround[0m = 622 [0;36mnonce[0m = 619 [0;36mhash[0m = 94d2309fb3553a666c39b3d070f18fa954ce91650a76c6f189c210914a3d74c2 
[0;36mDEBUG[0m[2026-03-16 10:14:11.765]   received shard header from network in block tracker [0;36mshard[0m = 0 [0;36mepoch[0m = 0 [0;36mround[0m = 623 [0;36mnonce[0m = 620 [0;36mhash[0m = 42fcd45f1952551c70f23aba58f6d5712f5b07486b61d667d2f942fa2799f70e 
[0;36mDEBUG[0m[2026-03-16 10:14:11.765]   received shard header from network in block tracker [0;36mshard[0m = 0 [0;36mepoch[0m = 0 [0;36mround[0m = 624 [0;36mnonce[0m = 621 [0;36mhash[0m = a5c60d8f766527d38cd13f19d3a0ed8fd927f8916d8d5761cb5d9c43e7a595e3 
[0;36mDEBUG[0m[2026-03-16 10:14:11.765]   received shard header from network in block tracker [0;36mshard[0m = 0 [0;36mepoch[0m = 0 [0;36mround[0m = 625 [0;36mnonce[0m = 622 [0;36mhash[0m = 5799612b435061a956c560761e267c647073ab8fadeb3d4e61bf56060a2651cd 
[0;36mDEBUG[0m[2026-03-16 10:14:11.765]   received shard header from network in block tracker [0;36mshard[0m = 0 [0;36mepoch[0m = 0 [0;36mround[0m = 626 [0;36mnonce[0m = 623 [0;36mhash[0m = dcaf8436f06157e0e5c96cc0e355de9f964adde67bf17a87248da9e45988883f 
[0;36mDEBUG[0m[2026-03-16 10:14:11.765]   received shard header from network in block tracker [0;36mshard[0m = 0 [0;36mepoch[0m = 0 [0;36mround[0m = 627 [0;36mnonce[0m = 624 [0;36mhash[0m = 0ee3f1e5444a98e0667d41bf83076c85ecc6e7197782ee0a5fa77a9a54bdc971 
[0;36mDEBUG[0m[2026-03-16 10:14:11.765]   received shard header from network in block tracker [0;36mshard[0m = 0 [0;36mepoch[0m = 0 [0;36mround[0m = 628 [0;36mnonce[0m = 625 [0;36mhash[0m = c448eae763d7eb913a579ddafab076a6c2e0eb0630720b3e7c47e8941644424d 
[0;36mDEBUG[0m[2026-03-16 10:14:11.765]   received shard header from network in block tracker [0;36mshard[0m = 0 [0;36mepoch[0m = 0 [0;36mround[0m = 629 [0;36mnonce[0m = 626 [0;36mhash[0m = 22710bd1a75081feccbcae024c8b244b0f7369e21750cee616929ffb181a2699 
[0;36mDEBUG[0m[2026-03-16 10:14:11.765]   received shard header from network in block tracker [0;36mshard[0m = 0 [0;36mepoch[0m = 0 [0;36mround[0m = 630 [0;36mnonce[0m = 627 [0;36mhash[0m = 445ffb8c3f1b5c8d459765ed1b034b666224ffb3a2875666ab4cd02eca3704fa 
[0;36mDEBUG[0m[2026-03-16 10:14:11.765]   received shard header from network in block tracker [0;36mshard[0m = 0 [0;36mepoch[0m = 0 [0;36mround[0m = 631 [0;36mnonce[0m = 628 [0;36mhash[0m = 7c79191e4bd098e0b9d085bbbaf7ccb19f56fe06830fec82b4b56a0fd7f4a278 
[0;36mDEBUG[0m[2026-03-16 10:14:11.765]   received shard header from network in block tracker [0;36mshard[0m = 0 [0;36mepoch[0m = 0 [0;36mround[0m = 632 [0;36mnonce[0m = 629 [0;36mhash[0m = 386065ff3ade3096d14f7e387f8bf174471a93d94c56d808732029e44b58c1ff 
[0;36mDEBUG[0m[2026-03-16 10:14:11.765]   received shard header from network in block tracker [0;36mshard[0m = 0 [0;36mepoch[0m = 0 [0;36mround[0m = 633 [0;36mnonce[0m = 630 [0;36mhash[0m = be6e2b7a18a2242860a19f562e92ad8d117e2c6dafaa9685fe48c4a9fc3b3213 
[0;36mDEBUG[0m[2026-03-16 10:14:11.765]   received shard header from network in block tracker [0;36mshard[0m = 0 [0;36mepoch[0m = 0 [0;36mround[0m = 634 [0;36mnonce[0m = 631 [0;36mhash[0m = 3ee7a1c9572438b99ae8bba9e866424575ad51e7c798edb8cdf238c81c61f556 
[0;36mDEBUG[0m[2026-03-16 10:14:11.765]   received shard header from network in block tracker [0;36mshard[0m = 0 [0;36mepoch[0m = 0 [0;36mround[0m = 635 [0;36mnonce[0m = 632 [0;36mhash[0m = 927c1061e0d6e4cc5f157b0733590d1da9291ada9ab5c72c2a4f13d76dfb816b 
[0;36mDEBUG[0m[2026-03-16 10:14:11.765]   received shard header from network in block tracker [0;36mshard[0m = 0 [0;36mepoch[0m = 0 [0;36mround[0m = 636 [0;36mnonce[0m = 633 [0;36mhash[0m = e16d69e34d064c7912d0606fb11e1fb5206c6340d676e0a5c115d61b0847fcfa 
[0;36mDEBUG[0m[2026-03-16 10:14:11.765]   received shard header from network in block tracker [0;36mshard[0m = 0 [0;36mepoch[0m = 0 [0;36mround[0m = 637 [0;36mnonce[0m = 634 [0;36mhash[0m = 0a9dc132cd15984b6bdb0619754e1dddef8818ec684594d4f73aae9a922b48f2 
[0;36mDEBUG[0m[2026-03-16 10:14:11.765]   received shard header from network in block tracker [0;36mshard[0m = 0 [0;36mepoch[0m = 0 [0;36mround[0m = 638 [0;36mnonce[0m = 635 [0;36mhash[0m = 8b8559e523ef7d6a546e9a220273189ce803ba2d7115d86ea433aa5e2025874e 
[0;36mDEBUG[0m[2026-03-16 10:14:11.765]   received shard header from network in block tracker [0;36mshard[0m = 0 [0;36mepoch[0m = 0 [0;36mround[0m = 639 [0;36mnonce[0m = 636 [0;36mhash[0m = 820e2e45689e20bcdd0478761de4271784d66aa2fcc529404f5e2ab40c0de1bc 
[0;36mDEBUG[0m[2026-03-16 10:14:11.765]   received shard header from network in block tracker [0;36mshard[0m = 0 [0;36mepoch[0m = 0 [0;36mround[0m = 640 [0;36mnonce[0m = 637 [0;36mhash[0m = eba42f25ae6413151118f3c9dda7fa5a1b2e087950b4dda7398fdd1b7c66786b 
[0;36mDEBUG[0m[2026-03-16 10:14:11.765]   received shard header from network in block tracker [0;36mshard[0m = 0 [0;36mepoch[0m = 0 [0;36mround[0m = 641 [0;36mnonce[0m = 638 [0;36mhash[0m = 7c0cf91248226bc693d2174aaba11606b4585aae866279f97e517af984639c7f 
[0;36mDEBUG[0m[2026-03-16 10:14:11.765]   received shard header from network in block tracker [0;36mshard[0m = 0 [0;36mepoch[0m = 0 [0;36mround[0m = 642 [0;36mnonce[0m = 639 [0;36mhash[0m = bcb033019f7d12a7bb6614b2e505271f9ee06ce0d6b28d6a9a1bf0377eafe44e 
[0;36mDEBUG[0m[2026-03-16 10:14:11.765]   received shard header from network in block tracker [0;36mshard[0m = 0 [0;36mepoch[0m = 0 [0;36mround[0m = 643 [0;36mnonce[0m = 640 [0;36mhash[0m = 7f3a96dee6377e5f2913032c0bc9f78577751fd5f1d49c8f1bea62bbb3462f4e 
[0;36mDEBUG[0m[2026-03-16 10:14:11.766]   received shard header from network in block tracker [0;36mshard[0m = 0 [0;36mepoch[0m = 0 [0;36mround[0m = 644 [0;36mnonce[0m = 641 [0;36mhash[0m = 46885ddc5312f5448cfee3d09919a1cb5a948f8360f614d287fcc117ef9f4c93 
[0;36mDEBUG[0m[2026-03-16 10:14:11.766]   received shard header from network in block tracker [0;36mshard[0m = 0 [0;36mepoch[0m = 0 [0;36mround[0m = 645 [0;36mnonce[0m = 642 [0;36mhash[0m = e3d482d7e9fe79d0d87e9e8f93a20f6241301cc0b066d7b1b3ecdb8ae7aff83f 
[0;36mDEBUG[0m[2026-03-16 10:14:11.766]   received shard header from network in block tracker [0;36mshard[0m = 0 [0;36mepoch[0m = 0 [0;36mround[0m = 646 [0;36mnonce[0m = 643 [0;36mhash[0m = 01dca291a28b37db42298ad7b11f7698135f1eb609afabf2bdd7ac263d4187fb 
[0;36mDEBUG[0m[2026-03-16 10:14:11.766]   received shard header from network in block tracker [0;36mshard[0m = 0 [0;36mepoch[0m = 0 [0;36mround[0m = 647 [0;36mnonce[0m = 644 [0;36mhash[0m = de85c917f15a617095a47700c975e8116aa392b1bf5a4f5cf3bb8de30bfe90ef 
[0;36mDEBUG[0m[2026-03-16 10:14:11.766]   received shard header from network in block tracker [0;36mshard[0m = 0 [0;36mepoch[0m = 0 [0;36mround[0m = 648 [0;36mnonce[0m = 645 [0;36mhash[0m = c17dfa6c0cdf652b3303d083e4df759a9c36e00c9b26d094d18ce30094ad00c3 
[0;36mDEBUG[0m[2026-03-16 10:14:11.766]   received shard header from network in block tracker [0;36mshard[0m = 0 [0;36mepoch[0m = 0 [0;36mround[0m = 649 [0;36mnonce[0m = 646 [0;36mhash[0m = 4ef135b6027e0168c6844abb50797a20aa2f3fba35c85b5043ddb476e9024fad 
[0;36mDEBUG[0m[2026-03-16 10:14:11.766]   received shard header from network in block tracker [0;36mshard[0m = 0 [0;36mepoch[0m = 0 [0;36mround[0m = 650 [0;36mnonce[0m = 647 [0;36mhash[0m = 68894e089167fe435d99e50635b401cabc3ac04b2453d81442d7ccbd716bc5ae 
[0;36mDEBUG[0m[2026-03-16 10:14:11.766]   received shard header from network in block tracker [0;36mshard[0m = 0 [0;36mepoch[0m = 0 [0;36mround[0m = 651 [0;36mnonce[0m = 648 [0;36mhash[0m = 8fcbdcffb93ffb0bd386b19c50d32bb79d84f673d747e23a7a7f137ee047c49d 
[0;36mDEBUG[0m[2026-03-16 10:14:11.766]   received shard header from network in block tracker [0;36mshard[0m = 0 [0;36mepoch[0m = 0 [0;36mround[0m = 652 [0;36mnonce[0m = 649 [0;36mhash[0m = 703bca8731c7a2521f83df44980b4d5851346e432ac663377363c73117c7c418 
[0;36mDEBUG[0m[2026-03-16 10:14:11.766]   received shard header from network in block tracker [0;36mshard[0m = 0 [0;36mepoch[0m = 0 [0;36mround[0m = 653 [0;36mnonce[0m = 650 [0;36mhash[0m = c117be51dbb497774f418731c0611e69e4e4d29112c3f41af00edcb0f2e2324b 
[0;36mDEBUG[0m[2026-03-16 10:14:11.766]   received shard header from network in block tracker [0;36mshard[0m = 0 [0;36mepoch[0m = 0 [0;36mround[0m = 654 [0;36mnonce[0m = 651 [0;36mhash[0m = fee48f82d6e09907c5b0e505d45658637286ce31fc6fac09e408a924c8ab8352 
[0;36mDEBUG[0m[2026-03-16 10:14:11.766]   received shard header from network in block tracker [0;36mshard[0m = 0 [0;36mepoch[0m = 0 [0;36mround[0m = 655 [0;36mnonce[0m = 652 [0;36mhash[0m = 8dbb9208bb4ef9f224d96edafbed2422a828ff1de5c9a9be38f6d5235ddcb289 
[0;36mDEBUG[0m[2026-03-16 10:14:11.766]   received shard header from network in block tracker [0;36mshard[0m = 0 [0;36mepoch[0m = 0 [0;36mround[0m = 656 [0;36mnonce[0m = 653 [0;36mhash[0m = 04ffd8bd3cc41199aeb9fbc8603bdb7eed0c0659c0686f2e607f2092d0ef7505 
[0;36mDEBUG[0m[2026-03-16 10:14:11.766]   received shard header from network in block tracker [0;36mshard[0m = 0 [0;36mepoch[0m = 0 [0;36mround[0m = 657 [0;36mnonce[0m = 654 [0;36mhash[0m = 5b06e94007e95a28fbcb6a371cf0ed79d90555d19607e47a5d017d7c6c242a97 
[0;36mDEBUG[0m[2026-03-16 10:14:11.766]   received shard header from network in block tracker [0;36mshard[0m = 0 [0;36mepoch[0m = 0 [0;36mround[0m = 658 [0;36mnonce[0m = 655 [0;36mhash[0m = c5bb9657544ba9232e92e4657c85b7acafb7d94504674ff180f20039065ca634 
[0;36mDEBUG[0m[2026-03-16 10:14:11.766]   received shard header from network in block tracker [0;36mshard[0m = 0 [0;36mepoch[0m = 0 [0;36mround[0m = 659 [0;36mnonce[0m = 656 [0;36mhash[0m = 26c5193b7adad2d045ede48f34867c48fef3bbd5cec0a90d1f490e1c8f0f8e0b 
[0;36mDEBUG[0m[2026-03-16 10:14:11.766]   received shard header from network in block tracker [0;36mshard[0m = 0 [0;36mepoch[0m = 0 [0;36mround[0m = 660 [0;36mnonce[0m = 657 [0;36mhash[0m = 2e71c9a1155d8e22b9ba584d9acc69fce871c50f9a273f85813e2b48c79d0550 
[0;36mDEBUG[0m[2026-03-16 10:14:11.766]   received shard header from network in block tracker [0;36mshard[0m = 0 [0;36mepoch[0m = 0 [0;36mround[0m = 661 [0;36mnonce[0m = 658 [0;36mhash[0m = 961b6e8a78ec270649a061a67dee703521d4aeb74b0e9dae11dc5783198e62bc 
[0;36mDEBUG[0m[2026-03-16 10:14:11.766]   received shard header from network in block tracker [0;36mshard[0m = 0 [0;36mepoch[0m = 0 [0;36mround[0m = 662 [0;36mnonce[0m = 659 [0;36mhash[0m = 3ef4cd983dd0b15391962ce03ed822eb0afd49e8f59767a9174c339e1b1afd10 
[0;36mDEBUG[0m[2026-03-16 10:14:11.766]   received shard header from network in block tracker [0;36mshard[0m = 0 [0;36mepoch[0m = 0 [0;36mround[0m = 663 [0;36mnonce[0m = 660 [0;36mhash[0m = 9e801bed3b2d6cc5b0db890a6f2d5ddb6d7bd73e55cba8bb4d5f94413343d8cc 
[0;36mDEBUG[0m[2026-03-16 10:14:11.766]   received shard header from network in block tracker [0;36mshard[0m = 0 [0;36mepoch[0m = 0 [0;36mround[0m = 664 [0;36mnonce[0m = 661 [0;36mhash[0m = b1a5f2733b8681b2b6b4eeda624aa88ebf5193e3f09f86bb44e402eb4a537aa5 
[0;36mDEBUG[0m[2026-03-16 10:14:11.766]   received shard header from network in block tracker [0;36mshard[0m = 0 [0;36mepoch[0m = 0 [0;36mround[0m = 665 [0;36mnonce[0m = 662 [0;36mhash[0m = 6e95302753ae82f3c6048ce56ad4d8b79fa872a98de5d3fbe7afe5c90e1ffe89 
[0;36mDEBUG[0m[2026-03-16 10:14:11.766]   received shard header from network in block tracker [0;36mshard[0m = 0 [0;36mepoch[0m = 0 [0;36mround[0m = 666 [0;36mnonce[0m = 663 [0;36mhash[0m = e3b88f101ae97b7c6572e5e3fd8b788e8d0edcc4e7bad1645dd7b46917c12f19 
[0;36mDEBUG[0m[2026-03-16 10:14:11.766]   received shard header from network in block tracker [0;36mshard[0m = 0 [0;36mepoch[0m = 0 [0;36mround[0m = 667 [0;36mnonce[0m = 664 [0;36mhash[0m = d8bc803f4ea42545048ff28a1b3fcedddac7614ef226cb977c65978f728f3c95 
[0;36mDEBUG[0m[2026-03-16 10:14:11.766]   received shard header from network in block tracker [0;36mshard[0m = 0 [0;36mepoch[0m = 0 [0;36mround[0m = 668 [0;36mnonce[0m = 665 [0;36mhash[0m = e985f41c6c847c0f2c68e72ff5d7bea2db93f339e7a4d2bd3f0b2850fd9bf8ae 
[0;36mDEBUG[0m[2026-03-16 10:14:11.767]   received shard header from network in block tracker [0;36mshard[0m = 0 [0;36mepoch[0m = 0 [0;36mround[0m = 669 [0;36mnonce[0m = 666 [0;36mhash[0m = ff0c5e83611a15c767a81ade4b9ec190b8d8c47bbe8a1d1ec83485950c3339ff 
[0;36mDEBUG[0m[2026-03-16 10:14:11.767]   received shard header from network in block tracker [0;36mshard[0m = 0 [0;36mepoch[0m = 0 [0;36mround[0m = 670 [0;36mnonce[0m = 667 [0;36mhash[0m = 1d9ada9e1e22101882f4ff53c7c4514af4929fcef67e1154d97065ae4e05da67 
[0;36mDEBUG[0m[2026-03-16 10:14:11.767]   received shard header from network in block tracker [0;36mshard[0m = 0 [0;36mepoch[0m = 0 [0;36mround[0m = 671 [0;36mnonce[0m = 668 [0;36mhash[0m = cd8a357e95ab688a99a6d934cb598362839836c0d3ee3e6346a14dd9d2da897d 
[0;36mDEBUG[0m[2026-03-16 10:14:11.767]   received shard header from network in block tracker [0;36mshard[0m = 0 [0;36mepoch[0m = 0 [0;36mround[0m = 672 [0;36mnonce[0m = 669 [0;36mhash[0m = 8999d92293c957576d1a7899a9e29a98454b31c3f7c394e8972d11cb0dec7602 
[0;36mDEBUG[0m[2026-03-16 10:14:11.767]   received shard header from network in block tracker [0;36mshard[0m = 0 [0;36mepoch[0m = 0 [0;36mround[0m = 673 [0;36mnonce[0m = 670 [0;36mhash[0m = 5fc322494190c4e7116762b6fbcd9ad02462ca4209e54e27fd34b13cadac77c4 
[0;36mDEBUG[0m[2026-03-16 10:14:11.767]   received shard header from network in block tracker [0;36mshard[0m = 0 [0;36mepoch[0m = 0 [0;36mround[0m = 674 [0;36mnonce[0m = 671 [0;36mhash[0m = a64c238ba7d5949341d077599cd5807cd307f93907e8dbc9ab519e507d533e04 
[0;36mDEBUG[0m[2026-03-16 10:14:11.767]   received shard header from network in block tracker [0;36mshard[0m = 0 [0;36mepoch[0m = 0 [0;36mround[0m = 675 [0;36mnonce[0m = 672 [0;36mhash[0m = 46de2b4ad161fbf54123549de13836d4e74b949c7e2cb9ca15cbf2b7ddb8dbed 
[0;36mDEBUG[0m[2026-03-16 10:14:11.767]   received shard header from network in block tracker [0;36mshard[0m = 0 [0;36mepoch[0m = 0 [0;36mround[0m = 676 [0;36mnonce[0m = 673 [0;36mhash[0m = b814171fd503c03b71d674bcb38c15dc30565ff81f1bd677e9e85f4c24b9c120 
[0;36mDEBUG[0m[2026-03-16 10:14:11.767]   received shard header from network in block tracker [0;36mshard[0m = 0 [0;36mepoch[0m = 0 [0;36mround[0m = 677 [0;36mnonce[0m = 674 [0;36mhash[0m = b58e2adfa498658299ea34efae7f3e36e20cedde93ccb315225247747acafdbe 
[0;36mDEBUG[0m[2026-03-16 10:14:11.767]   received shard header from network in block tracker [0;36mshard[0m = 0 [0;36mepoch[0m = 0 [0;36mround[0m = 678 [0;36mnonce[0m = 675 [0;36mhash[0m = 7ed1bb70351e9c4596061dfc3bad6fd3dbf5e5c9e8488a30f081414cd8223606 
[0;36mDEBUG[0m[2026-03-16 10:14:11.767]   received shard header from network in block tracker [0;36mshard[0m = 0 [0;36mepoch[0m = 0 [0;36mround[0m = 679 [0;36mnonce[0m = 676 [0;36mhash[0m = 498d6043b591c6719385404506ce4ee3e6ec516f17c77a77b869442dfd5a4347 
[0;36mDEBUG[0m[2026-03-16 10:14:11.767]   received shard header from network in block tracker [0;36mshard[0m = 0 [0;36mepoch[0m = 0 [0;36mround[0m = 680 [0;36mnonce[0m = 677 [0;36mhash[0m = f7a79fb90e5386511eb2fcf15943c5ec63dd1bb2c2066366fa432499cc06980f 
[0;36mDEBUG[0m[2026-03-16 10:14:11.767]   received shard header from network in block tracker [0;36mshard[0m = 0 [0;36mepoch[0m = 0 [0;36mround[0m = 681 [0;36mnonce[0m = 678 [0;36mhash[0m = 2b73b5681ea1d610a44b2b74ccf155b5ce8cedaaa12fc4bd1ea113b4ae6bb2fc 
[0;36mDEBUG[0m[2026-03-16 10:14:11.767]   received shard header from network in block tracker [0;36mshard[0m = 0 [0;36mepoch[0m = 0 [0;36mround[0m = 682 [0;36mnonce[0m = 679 [0;36mhash[0m = 02d0c61ec31b6a3ae7bba0e1f5ef75bc3f9fa32db41d629bcf39fa4a51bc4bf9 
[0;36mDEBUG[0m[2026-03-16 10:14:11.767]   received shard header from network in block tracker [0;36mshard[0m = 0 [0;36mepoch[0m = 0 [0;36mround[0m = 683 [0;36mnonce[0m = 680 [0;36mhash[0m = 2063663cf3c0b0961bf81c4634f5e33f77e1e4375376e8e62a76fb8bfeaef313 
[0;36mDEBUG[0m[2026-03-16 10:14:11.767]   received shard header from network in block tracker [0;36mshard[0m = 0 [0;36mepoch[0m = 0 [0;36mround[0m = 684 [0;36mnonce[0m = 681 [0;36mhash[0m = afb1f3ac05f003ea41d0bd7df91b74d6c98c42e9cd957232f725db32dd516b36 
[0;36mDEBUG[0m[2026-03-16 10:14:11.767]   received shard header from network in block tracker [0;36mshard[0m = 0 [0;36mepoch[0m = 0 [0;36mround[0m = 685 [0;36mnonce[0m = 682 [0;36mhash[0m = 9df9cf3e471ac377e7c6f1ff80149a640f06f4d505feb10017a5e07b96207f2e 
[0;36mDEBUG[0m[2026-03-16 10:14:11.767]   received shard header from network in block tracker [0;36mshard[0m = 0 [0;36mepoch[0m = 0 [0;36mround[0m = 686 [0;36mnonce[0m = 683 [0;36mhash[0m = ecbd141875acdb9a3c13800bfa14153799310a3c5d22147813246fae0f9aff14 
[0;36mDEBUG[0m[2026-03-16 10:14:11.767]   received shard header from network in block tracker [0;36mshard[0m = 0 [0;36mepoch[0m = 0 [0;36mround[0m = 687 [0;36mnonce[0m = 684 [0;36mhash[0m = 1034bc1c650ef3aca4a22bf0897289b051127de9a94e0277262ce41c53879c92 
[0;36mDEBUG[0m[2026-03-16 10:14:11.767]   received shard header from network in block tracker [0;36mshard[0m = 0 [0;36mepoch[0m = 0 [0;36mround[0m = 688 [0;36mnonce[0m = 685 [0;36mhash[0m = 84002a7a83b7b19eb5bb4061f67bac8adb93f6630fade62a3d2a719707953941 
[0;36mDEBUG[0m[2026-03-16 10:14:11.767]   received shard header from network in block tracker [0;36mshard[0m = 0 [0;36mepoch[0m = 0 [0;36mround[0m = 689 [0;36mnonce[0m = 686 [0;36mhash[0m = 5a98fd80e7972bce2a679f2f179cfb9c332570ecc7bb46938bd97ef7bb2328fa 
[0;36mDEBUG[0m[2026-03-16 10:14:11.767]   received shard header from network in block tracker [0;36mshard[0m = 0 [0;36mepoch[0m = 0 [0;36mround[0m = 690 [0;36mnonce[0m = 687 [0;36mhash[0m = 01166874a3003eb8cabbf89044237a4dbf6feed46a707940bbea1067968e8d10 
[0;36mDEBUG[0m[2026-03-16 10:14:11.767]   received shard header from network in block tracker [0;36mshard[0m = 0 [0;36mepoch[0m = 0 [0;36mround[0m = 691 [0;36mnonce[0m = 688 [0;36mhash[0m = 06703e6aa39218499d90f741dc22e8e495510aada3e347d511dfe9c545f3be25 
[0;36mDEBUG[0m[2026-03-16 10:14:11.767]   received shard header from network in block tracker [0;36mshard[0m = 0 [0;36mepoch[0m = 0 [0;36mround[0m = 692 [0;36mnonce[0m = 689 [0;36mhash[0m = f5808959a3b3e8793b92d332c65af50eee066e0d5bcb318e2a0f3e38d6446f4d 
[0;36mDEBUG[0m[2026-03-16 10:14:11.767]   received shard header from network in block tracker [0;36mshard[0m = 0 [0;36mepoch[0m = 0 [0;36mround[0m = 693 [0;36mnonce[0m = 690 [0;36mhash[0m = 1a4f9e61a57ce9d4a4e6277e5b722c196934431357c1f997486d204d2d3fd537 
[0;36mDEBUG[0m[2026-03-16 10:14:11.767]   received shard header from network in block tracker [0;36mshard[0m = 0 [0;36mepoch[0m = 0 [0;36mround[0m = 694 [0;36mnonce[0m = 691 [0;36mhash[0m = 447e8f9ded7c4e4ac857dad42d5073394a172d4aa13ad59c8363b05da8316098 
[0;36mDEBUG[0m[2026-03-16 10:14:11.767]   received shard header from network in block tracker [0;36mshard[0m = 0 [0;36mepoch[0m = 0 [0;36mround[0m = 695 [0;36mnonce[0m = 692 [0;36mhash[0m = 532d1ff98293326ad7d7078ee1555948497a46181936ea6131392942482cd660 
[0;36mDEBUG[0m[2026-03-16 10:14:11.767]   received shard header from network in block tracker [0;36mshard[0m = 0 [0;36mepoch[0m = 0 [0;36mround[0m = 696 [0;36mnonce[0m = 693 [0;36mhash[0m = 5bfb1cdc67f59bca70be21a942364e38ad00aeca312bf408da57ab3aac3884d4 
[0;36mDEBUG[0m[2026-03-16 10:14:11.767]   received shard header from network in block tracker [0;36mshard[0m = 0 [0;36mepoch[0m = 0 [0;36mround[0m = 697 [0;36mnonce[0m = 694 [0;36mhash[0m = 4054ceae203110ef3e218c7744fa8724b1f296a53839f7271a34a2f749a402b3 
[0;36mDEBUG[0m[2026-03-16 10:14:11.767]   received shard header from network in block tracker [0;36mshard[0m = 0 [0;36mepoch[0m = 0 [0;36mround[0m = 698 [0;36mnonce[0m = 695 [0;36mhash[0m = b3885f2a5caf75fb69f445fdfc14ad2edfce0d43add208b8741b79f486d6d1df 
[0;36mDEBUG[0m[2026-03-16 10:14:11.767]   received shard header from network in block tracker [0;36mshard[0m = 0 [0;36mepoch[0m = 0 [0;36mround[0m = 699 [0;36mnonce[0m = 696 [0;36mhash[0m = f9d616988b0cc3f0c70f7f5b15a187acb5f758b112cde9d14e126fd007248358 
[0;36mDEBUG[0m[2026-03-16 10:14:11.767]   received shard header from network in block tracker [0;36mshard[0m = 0 [0;36mepoch[0m = 0 [0;36mround[0m = 700 [0;36mnonce[0m = 697 [0;36mhash[0m = 1c1ee9fcf7ebc54f6b4bd0b5abd5c996d7a6da0e67c25c1ac55b5b43433a6730 
[0;36mDEBUG[0m[2026-03-16 10:14:11.767]   received shard header from network in block tracker [0;36mshard[0m = 0 [0;36mepoch[0m = 0 [0;36mround[0m = 701 [0;36mnonce[0m = 698 [0;36mhash[0m = 9e33a0b68eefd508b14cd60e9bec4a6674f4dfe56934e4d415b5fca66800d15e 
[0;36mDEBUG[0m[2026-03-16 10:14:11.767]   received shard header from network in block tracker [0;36mshard[0m = 0 [0;36mepoch[0m = 0 [0;36mround[0m = 702 [0;36mnonce[0m = 699 [0;36mhash[0m = 215bbadd907ace051781cc79a8093d16120213351ab7d3ec513f9733fc930bb0 
[0;36mDEBUG[0m[2026-03-16 10:14:11.768]   received shard header from network in block tracker [0;36mshard[0m = 0 [0;36mepoch[0m = 0 [0;36mround[0m = 703 [0;36mnonce[0m = 700 [0;36mhash[0m = b2ebc9c7cf9e5e800c3c56bb25ba177521ca78b69e5fa4797ff568de1ad99a11 
[0;36mDEBUG[0m[2026-03-16 10:14:11.768]   received shard header from network in block tracker [0;36mshard[0m = 0 [0;36mepoch[0m = 0 [0;36mround[0m = 704 [0;36mnonce[0m = 701 [0;36mhash[0m = 1192bc09f7057c82d01aec403ec32f656f264e7a05312d8c5cca58c23770a51e 
[0;36mDEBUG[0m[2026-03-16 10:14:11.768]   received shard header from network in block tracker [0;36mshard[0m = 0 [0;36mepoch[0m = 0 [0;36mround[0m = 705 [0;36mnonce[0m = 702 [0;36mhash[0m = 0ce34263e23dd7c18d5a568adb28e09bd247ef98b1daa7b5cb661028a101608c 
[0;36mDEBUG[0m[2026-03-16 10:14:11.768]   received shard header from network in block tracker [0;36mshard[0m = 0 [0;36mepoch[0m = 0 [0;36mround[0m = 706 [0;36mnonce[0m = 703 [0;36mhash[0m = 5ec9c77115fc0a9b5aa5182c08913d6d9101a2aae0ed24cd730e0ac3cf01ec1c 
[0;36mDEBUG[0m[2026-03-16 10:14:11.768]   received shard header from network in block tracker [0;36mshard[0m = 0 [0;36mepoch[0m = 0 [0;36mround[0m = 707 [0;36mnonce[0m = 704 [0;36mhash[0m = cadb0ecd79567053e89bd0616c0c81c9faa5bfb9277031726b601f1480adacd8 
[0;36mDEBUG[0m[2026-03-16 10:14:11.768]   received shard header from network in block tracker [0;36mshard[0m = 0 [0;36mepoch[0m = 0 [0;36mround[0m = 708 [0;36mnonce[0m = 705 [0;36mhash[0m = 79654b96fb099301a02f10a87114be0b50f2a4ce1b917a22fb09dbeaded8d7b0 
[0;36mDEBUG[0m[2026-03-16 10:14:11.768]   received shard header from network in block tracker [0;36mshard[0m = 0 [0;36mepoch[0m = 0 [0;36mround[0m = 709 [0;36mnonce[0m = 706 [0;36mhash[0m = 7d337b088dd480978f320bbf3069b61ebe22a838a8c7913e6a0669be26b96f97 
[0;36mDEBUG[0m[2026-03-16 10:14:11.768]   received shard header from network in block tracker [0;36mshard[0m = 0 [0;36mepoch[0m = 0 [0;36mround[0m = 710 [0;36mnonce[0m = 707 [0;36mhash[0m = 99be9254db4cf8298e64d839fd15c11df1946e2741ea3b77548dbf2af65ddf9e 
[0;36mDEBUG[0m[2026-03-16 10:14:11.768]   received shard header from network in block tracker [0;36mshard[0m = 0 [0;36mepoch[0m = 0 [0;36mround[0m = 711 [0;36mnonce[0m = 708 [0;36mhash[0m = e5f765383f97deaf746b34d8c830d028f1a38f4690c636508adaef50cdb357cb 
[0;36mDEBUG[0m[2026-03-16 10:14:11.768]   received shard header from network in block tracker [0;36mshard[0m = 0 [0;36mepoch[0m = 0 [0;36mround[0m = 712 [0;36mnonce[0m = 709 [0;36mhash[0m = 95dfb8728dc670bed796659870f679839fdad90b04580ea6d6d6f8ca5370b65b 
[0;36mDEBUG[0m[2026-03-16 10:14:11.768]   received shard header from network in block tracker [0;36mshard[0m = 0 [0;36mepoch[0m = 0 [0;36mround[0m = 713 [0;36mnonce[0m = 710 [0;36mhash[0m = 8862eb978f83cb2f6d8d982f89de1f4bec0165644388634de61ebc65ea5bbf39 
[0;36mDEBUG[0m[2026-03-16 10:14:11.768]   received shard header from network in block tracker [0;36mshard[0m = 0 [0;36mepoch[0m = 0 [0;36mround[0m = 714 [0;36mnonce[0m = 711 [0;36mhash[0m = dd5eeabfb691112d72a49e9659359241c461c11a03570f30f1c5440a7ecaf869 
[0;36mDEBUG[0m[2026-03-16 10:14:11.768]   received shard header from network in block tracker [0;36mshard[0m = 0 [0;36mepoch[0m = 0 [0;36mround[0m = 715 [0;36mnonce[0m = 712 [0;36mhash[0m = 069c6fae5de55a022b3302dda9a10e9a3404ebe23606b3420b8c072899ada474 
[0;36mDEBUG[0m[2026-03-16 10:14:11.768]   received shard header from network in block tracker [0;36mshard[0m = 0 [0;36mepoch[0m = 0 [0;36mround[0m = 716 [0;36mnonce[0m = 713 [0;36mhash[0m = 8a3042253dd727a9179345b7b12062fcc5552f6015914a60df0470565b4f9a65 
[0;36mDEBUG[0m[2026-03-16 10:14:11.768]   received shard header from network in block tracker [0;36mshard[0m = 0 [0;36mepoch[0m = 0 [0;36mround[0m = 717 [0;36mnonce[0m = 714 [0;36mhash[0m = c32b31a79684ffd346f36b8451f5638fab476b5e3e4590645b042c1f8ba47898 
[0;36mDEBUG[0m[2026-03-16 10:14:11.768]   received shard header from network in block tracker [0;36mshard[0m = 0 [0;36mepoch[0m = 0 [0;36mround[0m = 718 [0;36mnonce[0m = 715 [0;36mhash[0m = 75e8b4160fb64a1f2f11324c25a532d0b5288597e25a476414b1866403bcd018 
[0;36mDEBUG[0m[2026-03-16 10:14:11.768]   received shard header from network in block tracker [0;36mshard[0m = 0 [0;36mepoch[0m = 0 [0;36mround[0m = 719 [0;36mnonce[0m = 716 [0;36mhash[0m = 740b3b42dcc4875bb8b090e3ffd5ed33d6915e7abf943f28fa3956d9d7f4b22c 
[0;36mDEBUG[0m[2026-03-16 10:14:11.768]   received shard header from network in block tracker [0;36mshard[0m = 0 [0;36mepoch[0m = 0 [0;36mround[0m = 720 [0;36mnonce[0m = 717 [0;36mhash[0m = 73a895735b6c9f31d80fd40c81b79a79970c0d5b284a05960b6242fbea439920 
[0;36mDEBUG[0m[2026-03-16 10:14:11.768]   received shard header from network in block tracker [0;36mshard[0m = 0 [0;36mepoch[0m = 0 [0;36mround[0m = 721 [0;36mnonce[0m = 718 [0;36mhash[0m = aeb9c8103fb14328ab14a598a467b7e4c723264f1c6e7983e6e520f802984afa 
[0;36mDEBUG[0m[2026-03-16 10:14:11.768]   received shard header from network in block tracker [0;36mshard[0m = 0 [0;36mepoch[0m = 0 [0;36mround[0m = 722 [0;36mnonce[0m = 719 [0;36mhash[0m = 4c33d03cf140bb209a1b072e82a6b780e0171f224b0788552907b590a494a59d 
[0;36mDEBUG[0m[2026-03-16 10:14:11.768]   received shard header from network in block tracker [0;36mshard[0m = 0 [0;36mepoch[0m = 0 [0;36mround[0m = 723 [0;36mnonce[0m = 720 [0;36mhash[0m = b64922ad037ac34ab31cd53fa1b8b1cb630125d117f7f1d0db7328ee0375122f 
[0;36mDEBUG[0m[2026-03-16 10:14:11.768]   received shard header from network in block tracker [0;36mshard[0m = 0 [0;36mepoch[0m = 0 [0;36mround[0m = 724 [0;36mnonce[0m = 721 [0;36mhash[0m = 37148fcac4ce5cbda3edb527a235a9e4560a6a0a8e4774f6b2e7681cdb7af864 
[0;36mDEBUG[0m[2026-03-16 10:14:11.768]   received shard header from network in block tracker [0;36mshard[0m = 0 [0;36mepoch[0m = 0 [0;36mround[0m = 725 [0;36mnonce[0m = 722 [0;36mhash[0m = fc16e9fe26a5d6607aae0564b4fca710b015243c483bc4c7dcb63b5ea886236f 
[0;36mDEBUG[0m[2026-03-16 10:14:11.768]   received shard header from network in block tracker [0;36mshard[0m = 0 [0;36mepoch[0m = 0 [0;36mround[0m = 726 [0;36mnonce[0m = 723 [0;36mhash[0m = 12baffa68414123ce106dad019537c8c35a45d403ed8a7f7bbf3672be81845cc 
[0;36mDEBUG[0m[2026-03-16 10:14:11.768]   received shard header from network in block tracker [0;36mshard[0m = 0 [0;36mepoch[0m = 0 [0;36mround[0m = 727 [0;36mnonce[0m = 724 [0;36mhash[0m = 8def37f5fb9ea2c9adcb54998f2e7ede0a4d441081221aeb1b98b565afaa834e 
[0;36mDEBUG[0m[2026-03-16 10:14:11.768]   received shard header from network in block tracker [0;36mshard[0m = 0 [0;36mepoch[0m = 0 [0;36mround[0m = 728 [0;36mnonce[0m = 725 [0;36mhash[0m = 3b637e90cc84fa43320b049f7057ff48c1459921fc53b8be7d2c067724c956de 
[0;36mDEBUG[0m[2026-03-16 10:14:11.768]   received shard header from network in block tracker [0;36mshard[0m = 0 [0;36mepoch[0m = 0 [0;36mround[0m = 729 [0;36mnonce[0m = 726 [0;36mhash[0m = 1efb976bc09ad054692348f6266466d349ec83ad2ec41f820044b2c92251a00d 
[0;36mDEBUG[0m[2026-03-16 10:14:11.768]   received shard header from network in block tracker [0;36mshard[0m = 0 [0;36mepoch[0m = 0 [0;36mround[0m = 730 [0;36mnonce[0m = 727 [0;36mhash[0m = c544f9094e135d5e13df3e15146eb31cb48bee18713ad43bc858cf0d8378b5ba 
[0;36mDEBUG[0m[2026-03-16 10:14:11.768]   received shard header from network in block tracker [0;36mshard[0m = 0 [0;36mepoch[0m = 0 [0;36mround[0m = 731 [0;36mnonce[0m = 728 [0;36mhash[0m = 5aabd38fa3030637ed12272687a176e03da88bf4777e15146b76636195e47463 
[0;36mDEBUG[0m[2026-03-16 10:14:11.768]   received shard header from network in block tracker [0;36mshard[0m = 0 [0;36mepoch[0m = 0 [0;36mround[0m = 732 [0;36mnonce[0m = 729 [0;36mhash[0m = 71ca5a367a51bf4b096b53446d7f81926beb5929a857e2a2ec65e9efe59fb8b4 
[0;36mDEBUG[0m[2026-03-16 10:14:11.768]   received shard header from network in block tracker [0;36mshard[0m = 0 [0;36mepoch[0m = 0 [0;36mround[0m = 733 [0;36mnonce[0m = 730 [0;36mhash[0m = b7d1bc07e1f564129c1b31fff0c8271667862faa2aa3baef6d5ad1addd12a679 
[0;36mDEBUG[0m[2026-03-16 10:14:11.768]   received shard header from network in block tracker [0;36mshard[0m = 0 [0;36mepoch[0m = 0 [0;36mround[0m = 734 [0;36mnonce[0m = 731 [0;36mhash[0m = 408ba298015f60d7d01dec52094a6d12ae73a7f1ec81255848e6e2b82bbf4c9f 
[0;36mDEBUG[0m[2026-03-16 10:14:11.768]   received shard header from network in block tracker [0;36mshard[0m = 0 [0;36mepoch[0m = 0 [0;36mround[0m = 735 [0;36mnonce[0m = 732 [0;36mhash[0m = 01b78bfd12e6aae486fda62c060c887efe94344e25c2a0732504cbb485b496d2 
[0;36mDEBUG[0m[2026-03-16 10:14:11.768]   received shard header from network in block tracker [0;36mshard[0m = 0 [0;36mepoch[0m = 0 [0;36mround[0m = 736 [0;36mnonce[0m = 733 [0;36mhash[0m = 19ce3d7cf1eab2d613b3e2d16f2e087986ec21fd05ca472cf47a9be09b250569 
[0;36mDEBUG[0m[2026-03-16 10:14:11.768]   received shard header from network in block tracker [0;36mshard[0m = 0 [0;36mepoch[0m = 0 [0;36mround[0m = 737 [0;36mnonce[0m = 734 [0;36mhash[0m = d7214392bc941562fab7763951a06d14f7c7c7e34ae3be869974dbe3aeeeb51c 
[0;36mDEBUG[0m[2026-03-16 10:14:11.768]   received shard header from network in block tracker [0;36mshard[0m = 0 [0;36mepoch[0m = 0 [0;36mround[0m = 738 [0;36mnonce[0m = 735 [0;36mhash[0m = 393d2510211da0d677dc52c3cafeb1f2b3bb59d1b94f4a17c030fcdc3db019f5 
[0;36mDEBUG[0m[2026-03-16 10:14:11.768]   received shard header from network in block tracker [0;36mshard[0m = 0 [0;36mepoch[0m = 0 [0;36mround[0m = 739 [0;36mnonce[0m = 736 [0;36mhash[0m = e02dd5d7c94b4182adce72ae1a6359504ab43517b8142a695e5888152d9325a0 
[0;36mDEBUG[0m[2026-03-16 10:14:11.768]   received shard header from network in block tracker [0;36mshard[0m = 0 [0;36mepoch[0m = 0 [0;36mround[0m = 740 [0;36mnonce[0m = 737 [0;36mhash[0m = acea9df94b42a57aba6f6cf63d4febfdaeb7c4579a83207cb13e2273cd448c80 
[0;36mDEBUG[0m[2026-03-16 10:14:11.768]   received shard header from network in block tracker [0;36mshard[0m = 0 [0;36mepoch[0m = 0 [0;36mround[0m = 741 [0;36mnonce[0m = 738 [0;36mhash[0m = 0dc085509464f9236bab2c28172a8af6f27b9cd7f19f94d61256e7fb39ddc67f 
[0;36mDEBUG[0m[2026-03-16 10:14:11.768]   received shard header from network in block tracker [0;36mshard[0m = 0 [0;36mepoch[0m = 0 [0;36mround[0m = 742 [0;36mnonce[0m = 739 [0;36mhash[0m = fcb447612d996676bd8e16bb24876810b961a8014baa681d82e8ef8c5226619b 
[0;36mDEBUG[0m[2026-03-16 10:14:11.768]   received shard header from network in block tracker [0;36mshard[0m = 0 [0;36mepoch[0m = 0 [0;36mround[0m = 743 [0;36mnonce[0m = 740 [0;36mhash[0m = 636d64332bd4368b129b2b14df0d9c9bab0af5231dc2d6417446d422fc738444 
[0;36mDEBUG[0m[2026-03-16 10:14:11.768]   received shard header from network in block tracker [0;36mshard[0m = 0 [0;36mepoch[0m = 0 [0;36mround[0m = 744 [0;36mnonce[0m = 741 [0;36mhash[0m = 7b37b24931fa9e7bac0dcf4674924ba2b29b86faccd72d424f5633dc94c12c30 
[0;36mDEBUG[0m[2026-03-16 10:14:11.768]   received shard header from network in block tracker [0;36mshard[0m = 0 [0;36mepoch[0m = 0 [0;36mround[0m = 745 [0;36mnonce[0m = 742 [0;36mhash[0m = 12281a5644660c2cd3e3810fef26bdca1cbdb3382e080f6905e3a2ed0b3ef5af 
[0;36mDEBUG[0m[2026-03-16 10:14:11.768]   received shard header from network in block tracker [0;36mshard[0m = 0 [0;36mepoch[0m = 0 [0;36mround[0m = 746 [0;36mnonce[0m = 743 [0;36mhash[0m = a63e93e53c1851d6d8d42bb41b36cc139be9b9f282ed1a38b60201fe08fd2f3e 
[0;36mDEBUG[0m[2026-03-16 10:14:11.768]   received shard header from network in block tracker [0;36mshard[0m = 0 [0;36mepoch[0m = 0 [0;36mround[0m = 747 [0;36mnonce[0m = 744 [0;36mhash[0m = e9664111cf299dbb365faf1714462819024a3efdab3cf052f5e8bbec25b61b55 
[0;36mDEBUG[0m[2026-03-16 10:14:11.768]   received shard header from network in block tracker [0;36mshard[0m = 0 [0;36mepoch[0m = 0 [0;36mround[0m = 748 [0;36mnonce[0m = 745 [0;36mhash[0m = 12d1f888413f7ea45db34980f11a5eabc2bd3594e6050f07a1c3a829bd0c03f0 
[0;36mDEBUG[0m[2026-03-16 10:14:11.768]   received shard header from network in block tracker [0;36mshard[0m = 0 [0;36mepoch[0m = 0 [0;36mround[0m = 749 [0;36mnonce[0m = 746 [0;36mhash[0m = f4ec7397be0bbddcb666d0b2d8cafe609b9464d98f968bbb4afab15c227cf495 
[0;36mDEBUG[0m[2026-03-16 10:14:11.768]   received shard header from network in block tracker [0;36mshard[0m = 0 [0;36mepoch[0m = 0 [0;36mround[0m = 750 [0;36mnonce[0m = 747 [0;36mhash[0m = 63ec3fa7b3a8126a03cdf441434516a655693cbe1fa70d4f9b9813c4fb9f0666 
[0;36mDEBUG[0m[2026-03-16 10:14:11.768]   received shard header from network in block tracker [0;36mshard[0m = 0 [0;36mepoch[0m = 0 [0;36mround[0m = 751 [0;36mnonce[0m = 748 [0;36mhash[0m = 9985c16d8d5b611b3b8b47ce2b950bae27541363917e8cdd0338c69863446850 
[0;36mDEBUG[0m[2026-03-16 10:14:11.768]   received shard header from network in block tracker [0;36mshard[0m = 0 [0;36mepoch[0m = 0 [0;36mround[0m = 752 [0;36mnonce[0m = 749 [0;36mhash[0m = 716431b69a2c8ab9a08992f69c35b6257b3943a6dd80a98e59481f9952b31d90 
[0;36mDEBUG[0m[2026-03-16 10:14:11.768]   received shard header from network in block tracker [0;36mshard[0m = 0 [0;36mepoch[0m = 0 [0;36mround[0m = 753 [0;36mnonce[0m = 750 [0;36mhash[0m = d0303d8b3f1fc0039e50a94063aa9ce6bc5875d1ceef26e1ab947bd75f139fc1 
[0;36mDEBUG[0m[2026-03-16 10:14:11.768]   received shard header from network in block tracker [0;36mshard[0m = 0 [0;36mepoch[0m = 0 [0;36mround[0m = 754 [0;36mnonce[0m = 751 [0;36mhash[0m = 80f6f139a140b5506ad0529ec1f030da99011ad6f46bccc674ee0ae355ee70a0 
[0;36mDEBUG[0m[2026-03-16 10:14:11.768]   received shard header from network in block tracker [0;36mshard[0m = 0 [0;36mepoch[0m = 0 [0;36mround[0m = 755 [0;36mnonce[0m = 752 [0;36mhash[0m = 3cf880abd1554bf51ebb895087a5129fd2ff122c8160ff3d306ea54d10a1b858 
[0;36mDEBUG[0m[2026-03-16 10:14:11.768]   received shard header from network in block tracker [0;36mshard[0m = 0 [0;36mepoch[0m = 0 [0;36mround[0m = 756 [0;36mnonce[0m = 753 [0;36mhash[0m = fa3283cf076ba1080c2fe2b1171e777dfc0f828dde1466ede28c6895199ed240 
[0;36mDEBUG[0m[2026-03-16 10:14:11.768]   received shard header from network in block tracker [0;36mshard[0m = 0 [0;36mepoch[0m = 0 [0;36mround[0m = 757 [0;36mnonce[0m = 754 [0;36mhash[0m = 710f2b1557222f3a631401310c62b3acf07a03feaeeb0dde8f5eab3753d808ae 
[0;36mDEBUG[0m[2026-03-16 10:14:11.769]   received shard header from network in block tracker [0;36mshard[0m = 0 [0;36mepoch[0m = 0 [0;36mround[0m = 758 [0;36mnonce[0m = 755 [0;36mhash[0m = ee2e58ed01a3e7e918fc9c30f439643a6b82b2fad66d9aa6090a6830f7387974 
[0;36mDEBUG[0m[2026-03-16 10:14:11.769]   received shard header from network in block tracker [0;36mshard[0m = 0 [0;36mepoch[0m = 0 [0;36mround[0m = 759 [0;36mnonce[0m = 756 [0;36mhash[0m = a619a22518407328fda6e7265defeb4d7a42ac955379f66513861d4d8921bb74 
[0;36mDEBUG[0m[2026-03-16 10:14:11.769]   received shard header from network in block tracker [0;36mshard[0m = 0 [0;36mepoch[0m = 0 [0;36mround[0m = 760 [0;36mnonce[0m = 757 [0;36mhash[0m = e2fe40465327ab4983b88c4d190be9afd28ac28c3259cb7b7d499dd0faddab7d 
[0;36mDEBUG[0m[2026-03-16 10:14:11.769]   received shard header from network in block tracker [0;36mshard[0m = 0 [0;36mepoch[0m = 0 [0;36mround[0m = 761 [0;36mnonce[0m = 758 [0;36mhash[0m = 5daabc5ea71388529d596f9fbff6f2512c0d88df8fe9ea58e95e9dd50f3d953e 
[0;36mDEBUG[0m[2026-03-16 10:14:11.769]   received shard header from network in block tracker [0;36mshard[0m = 0 [0;36mepoch[0m = 0 [0;36mround[0m = 762 [0;36mnonce[0m = 759 [0;36mhash[0m = 3839ed8586ecfda68ab2eeed5c6b4f6c750cf19c671df13df0d9092d2ac3f76d 
[0;36mDEBUG[0m[2026-03-16 10:14:11.769]   received shard header from network in block tracker [0;36mshard[0m = 0 [0;36mepoch[0m = 0 [0;36mround[0m = 763 [0;36mnonce[0m = 760 [0;36mhash[0m = 5df8f08ac2642ad60148fb0221a68c0af6873ef9d34ca718077fdda413899f43 
[0;36mDEBUG[0m[2026-03-16 10:14:11.769]   received shard header from network in block tracker [0;36mshard[0m = 0 [0;36mepoch[0m = 0 [0;36mround[0m = 764 [0;36mnonce[0m = 761 [0;36mhash[0m = afb759a8486843a8edf5fdf1453c54164bf49da44184e21cb59230f8bfc32bb6 
[0;36mDEBUG[0m[2026-03-16 10:14:11.769]   received shard header from network in block tracker [0;36mshard[0m = 0 [0;36mepoch[0m = 0 [0;36mround[0m = 765 [0;36mnonce[0m = 762 [0;36mhash[0m = ef379c4c982ce6df1e1bcbc97a41bf01f68bda259e4d8bc1d06ec24836901f1c 
[0;36mDEBUG[0m[2026-03-16 10:14:11.769]   received shard header from network in block tracker [0;36mshard[0m = 0 [0;36mepoch[0m = 0 [0;36mround[0m = 766 [0;36mnonce[0m = 763 [0;36mhash[0m = dbead53f511d55365e21d68b006f0d1377869cbef9f4daac933e734fbe89e3dc 
[0;36mDEBUG[0m[2026-03-16 10:14:11.769]   received shard header from network in block tracker [0;36mshard[0m = 0 [0;36mepoch[0m = 0 [0;36mround[0m = 767 [0;36mnonce[0m = 764 [0;36mhash[0m = 41faf63d2ac626e291a2d3e5db215c2fdcf663fc819746cfb150efdb6f83fe98 
[0;36mDEBUG[0m[2026-03-16 10:14:11.769]   received shard header from network in block tracker [0;36mshard[0m = 0 [0;36mepoch[0m = 0 [0;36mround[0m = 768 [0;36mnonce[0m = 765 [0;36mhash[0m = 4f92d7622e4865a19b776601ecc2dd10463fca63a7735d1ca5293a4027eb1c0a 
[0;36mDEBUG[0m[2026-03-16 10:14:11.769]   received shard header from network in block tracker [0;36mshard[0m = 0 [0;36mepoch[0m = 0 [0;36mround[0m = 769 [0;36mnonce[0m = 766 [0;36mhash[0m = 1e0d35be5af51dc509a4eae7bd72f4696f987ad2fe1f17ff5598cc821048fc98 
[0;36mDEBUG[0m[2026-03-16 10:14:11.769]   received shard header from network in block tracker [0;36mshard[0m = 0 [0;36mepoch[0m = 0 [0;36mround[0m = 770 [0;36mnonce[0m = 767 [0;36mhash[0m = dc3547d8d25da23197cee0eb31fa8e2c1cc807dd865a89c4260ad253d706b54c 
[0;36mDEBUG[0m[2026-03-16 10:14:11.769]   received shard header from network in block tracker [0;36mshard[0m = 0 [0;36mepoch[0m = 0 [0;36mround[0m = 771 [0;36mnonce[0m = 768 [0;36mhash[0m = 461709092677703c08fcb3451b3b130204da94e7068681dd87e9b746f08e7e8b 
[0;36mDEBUG[0m[2026-03-16 10:14:11.770]   received shard header from network in block tracker [0;36mshard[0m = 0 [0;36mepoch[0m = 0 [0;36mround[0m = 772 [0;36mnonce[0m = 769 [0;36mhash[0m = 89d7296f8a6ebb6556462f90ca037922df1ca45761954ed8d83a516f8f0823ca 
[0;36mDEBUG[0m[2026-03-16 10:14:11.770]   received shard header from network in block tracker [0;36mshard[0m = 0 [0;36mepoch[0m = 0 [0;36mround[0m = 773 [0;36mnonce[0m = 770 [0;36mhash[0m = dc4fb4313ed11594dc9aa50e72f72b0110b997f04abc46c2dc7befc075490d05 
[0;36mDEBUG[0m[2026-03-16 10:14:11.770]   received shard header from network in block tracker [0;36mshard[0m = 0 [0;36mepoch[0m = 0 [0;36mround[0m = 774 [0;36mnonce[0m = 771 [0;36mhash[0m = 4d5d816b3dc73480ebf89869aa136678fca35e3b5311d24b1bc1b1eeef2f9e1c 
[0;36mDEBUG[0m[2026-03-16 10:14:11.770]   received shard header from network in block tracker [0;36mshard[0m = 0 [0;36mepoch[0m = 0 [0;36mround[0m = 775 [0;36mnonce[0m = 772 [0;36mhash[0m = cd83292562b91677bc294566f74f64c5f53b049232319da36b087587851f4713 
[0;36mDEBUG[0m[2026-03-16 10:14:11.770]   received shard header from network in block tracker [0;36mshard[0m = 0 [0;36mepoch[0m = 0 [0;36mround[0m = 776 [0;36mnonce[0m = 773 [0;36mhash[0m = c829cbdb0ba563ce271a236f7856004e4bdaf7bcacad434f3b547293fd6b3151 
[0;36mDEBUG[0m[2026-03-16 10:14:11.770]   received shard header from network in block tracker [0;36mshard[0m = 0 [0;36mepoch[0m = 0 [0;36mround[0m = 777 [0;36mnonce[0m = 774 [0;36mhash[0m = 230f19a8b0db9852a3ab7bcb81b7361b2a826196b5e32f74fde51ccd28804a47 
[0;36mDEBUG[0m[2026-03-16 10:14:11.770]   received shard header from network in block tracker [0;36mshard[0m = 0 [0;36mepoch[0m = 0 [0;36mround[0m = 778 [0;36mnonce[0m = 775 [0;36mhash[0m = 006ce380497491ed0a4aed38b3df0aced1650ca58125ec1baafdd96d8a155d10 
[0;36mDEBUG[0m[2026-03-16 10:14:11.770]   received shard header from network in block tracker [0;36mshard[0m = 0 [0;36mepoch[0m = 0 [0;36mround[0m = 779 [0;36mnonce[0m = 776 [0;36mhash[0m = c6d6b147aebdad8d071f2d9a2e864ec248a615e3c12d02fbb1526adcc6aae6e4 
[0;36mDEBUG[0m[2026-03-16 10:14:11.770]   received shard header from network in block tracker [0;36mshard[0m = 0 [0;36mepoch[0m = 0 [0;36mround[0m = 780 [0;36mnonce[0m = 777 [0;36mhash[0m = ff735e8e2f2f7810257f5bd54824d4124682488c925b87f98e4176cc59ede30d 
[0;36mDEBUG[0m[2026-03-16 10:14:11.770]   received shard header from network in block tracker [0;36mshard[0m = 0 [0;36mepoch[0m = 0 [0;36mround[0m = 781 [0;36mnonce[0m = 778 [0;36mhash[0m = 8b056097850d1cb754947cc682dd28ca2ab1469ca40b7030da79e32708ec90ac 
[0;36mDEBUG[0m[2026-03-16 10:14:11.770]   received shard header from network in block tracker [0;36mshard[0m = 0 [0;36mepoch[0m = 0 [0;36mround[0m = 782 [0;36mnonce[0m = 779 [0;36mhash[0m = 3d1d33c09e903dd2b95f7e0ffb58a0fa2445a5e5fdfa488dcc70964380dff81b 
[0;36mDEBUG[0m[2026-03-16 10:14:11.770]   received shard header from network in block tracker [0;36mshard[0m = 0 [0;36mepoch[0m = 0 [0;36mround[0m = 783 [0;36mnonce[0m = 780 [0;36mhash[0m = 08b1842f2e518b8191ac4a6f767d61d1d3d3282e6e8805e52b4e83b447d7cf26 
[0;36mDEBUG[0m[2026-03-16 10:14:11.770]   received shard header from network in block tracker [0;36mshard[0m = 0 [0;36mepoch[0m = 0 [0;36mround[0m = 784 [0;36mnonce[0m = 781 [0;36mhash[0m = cfc890d3308bbf0e531105adca9f13cd05147446ae57281989a962ef96c64bcf 
[0;36mDEBUG[0m[2026-03-16 10:14:11.770]   received shard header from network in block tracker [0;36mshard[0m = 0 [0;36mepoch[0m = 0 [0;36mround[0m = 785 [0;36mnonce[0m = 782 [0;36mhash[0m = ced19a6bf28b3dcdcdd6076a1e52496f1df9503dd624c7cf625d7b182fcd2a62 
[0;36mDEBUG[0m[2026-03-16 10:14:11.770]   received shard header from network in block tracker [0;36mshard[0m = 0 [0;36mepoch[0m = 0 [0;36mround[0m = 786 [0;36mnonce[0m = 783 [0;36mhash[0m = 076e5f13e3b115c0196e91bfb98daeaa9b9842dd7c9bbb898616b0a18038ce56 
[0;36mDEBUG[0m[2026-03-16 10:14:11.770]   received shard header from network in block tracker [0;36mshard[0m = 0 [0;36mepoch[0m = 0 [0;36mround[0m = 787 [0;36mnonce[0m = 784 [0;36mhash[0m = 595950c4ae444a310031c215c3008c032d3756947c77fe4230fa803238a4cd9a 
[0;36mDEBUG[0m[2026-03-16 10:14:11.770]   received shard header from network in block tracker [0;36mshard[0m = 0 [0;36mepoch[0m = 0 [0;36mround[0m = 788 [0;36mnonce[0m = 785 [0;36mhash[0m = 06d9ce0b36b151f116bdf0ad73627c89a79f2dac0c97807b39c9c4d4bb2caa00 
[0;36mDEBUG[0m[2026-03-16 10:14:11.771]   received shard header from network in block tracker [0;36mshard[0m = 0 [0;36mepoch[0m = 0 [0;36mround[0m = 789 [0;36mnonce[0m = 786 [0;36mhash[0m = 56b00a2688dad0c16153423d4c90ab0a7e5d961fa4136060cf771a519399bf7a 
[0;36mDEBUG[0m[2026-03-16 10:14:11.771]   received shard header from network in block tracker [0;36mshard[0m = 0 [0;36mepoch[0m = 0 [0;36mround[0m = 790 [0;36mnonce[0m = 787 [0;36mhash[0m = 786d90513fb33f79fef54afa5dcaa1acea5c8b3f6c95f30384a9d722ccfd6914 
[0;36mDEBUG[0m[2026-03-16 10:14:11.771]   received shard header from network in block tracker [0;36mshard[0m = 0 [0;36mepoch[0m = 0 [0;36mround[0m = 791 [0;36mnonce[0m = 788 [0;36mhash[0m = c27d09302a1620a1ffd49c71a90c5bdfc87bc716a0301537b14c31a9a1a60d08 
[0;36mDEBUG[0m[2026-03-16 10:14:11.771]   received shard header from network in block tracker [0;36mshard[0m = 0 [0;36mepoch[0m = 0 [0;36mround[0m = 792 [0;36mnonce[0m = 789 [0;36mhash[0m = 187601fc4844977b4edfb657f3a4706b0bf4656e53c181ab00cce3c90e921b80 
[0;36mDEBUG[0m[2026-03-16 10:14:11.771]   received shard header from network in block tracker [0;36mshard[0m = 0 [0;36mepoch[0m = 0 [0;36mround[0m = 793 [0;36mnonce[0m = 790 [0;36mhash[0m = 0d1251388c650186f347a73ce450334597ae9926ea6e323591447268ba38c971 
[0;36mDEBUG[0m[2026-03-16 10:14:11.771]   received shard header from network in block tracker [0;36mshard[0m = 0 [0;36mepoch[0m = 0 [0;36mround[0m = 794 [0;36mnonce[0m = 791 [0;36mhash[0m = 2a13b84d196388f1cbd58e7fefb453e8204bbf79fc6e438d6f288a0c266e90ec 
[0;36mDEBUG[0m[2026-03-16 10:14:11.771]   received shard header from network in block tracker [0;36mshard[0m = 0 [0;36mepoch[0m = 0 [0;36mround[0m = 795 [0;36mnonce[0m = 792 [0;36mhash[0m = 1a389d9960af203715e0fea5a59cccc6a4c4bcc34617b969f5cf279469df1712 
[0;36mDEBUG[0m[2026-03-16 10:14:11.771]   received shard header from network in block tracker [0;36mshard[0m = 0 [0;36mepoch[0m = 0 [0;36mround[0m = 796 [0;36mnonce[0m = 793 [0;36mhash[0m = 3399e4b577bef9e861890583685e36e26ddade48bbaf02221c3e5e1dae6a7707 
[0;36mDEBUG[0m[2026-03-16 10:14:11.772]   received shard header from network in block tracker [0;36mshard[0m = 0 [0;36mepoch[0m = 0 [0;36mround[0m = 797 [0;36mnonce[0m = 794 [0;36mhash[0m = 6af8438f89cf0959374134e0e8d960bd53a6d1dc0fb28d8b90ee1bfb981cbddf 
[0;36mDEBUG[0m[2026-03-16 10:14:11.772]   received shard header from network in block tracker [0;36mshard[0m = 0 [0;36mepoch[0m = 0 [0;36mround[0m = 798 [0;36mnonce[0m = 795 [0;36mhash[0m = 3b224198589bcb3c18e7515c64934e30e6e0bdb55c4836b07652eb392997d965 
[0;36mDEBUG[0m[2026-03-16 10:14:11.772]   received shard header from network in block tracker [0;36mshard[0m = 0 [0;36mepoch[0m = 0 [0;36mround[0m = 799 [0;36mnonce[0m = 796 [0;36mhash[0m = ef22f29bf0616c9b4576c6540b21eeabc2696693380f2cfc8d18ed62d11497df 
[0;36mDEBUG[0m[2026-03-16 10:14:11.772]   received shard header from network in block tracker [0;36mshard[0m = 0 [0;36mepoch[0m = 0 [0;36mround[0m = 800 [0;36mnonce[0m = 797 [0;36mhash[0m = ad78b5267787b0c516339065a5aad3178ccae964d7248ffdaa90cd10f0438838 
[0;36mDEBUG[0m[2026-03-16 10:14:11.772]   received shard header from network in block tracker [0;36mshard[0m = 0 [0;36mepoch[0m = 0 [0;36mround[0m = 801 [0;36mnonce[0m = 798 [0;36mhash[0m = 676bc6a9078765172ad7066e9f09a94f195b0e784f2a0a2792997ff781897dc8 
[0;36mDEBUG[0m[2026-03-16 10:14:11.772]   received shard header from network in block tracker [0;36mshard[0m = 0 [0;36mepoch[0m = 0 [0;36mround[0m = 802 [0;36mnonce[0m = 799 [0;36mhash[0m = b3844bc316e20c5f47be808214289d03b16142b0226071e644c25b5c8ac0fe52 
[0;36mDEBUG[0m[2026-03-16 10:14:11.772]   received shard header from network in block tracker [0;36mshard[0m = 0 [0;36mepoch[0m = 0 [0;36mround[0m = 803 [0;36mnonce[0m = 800 [0;36mhash[0m = b48d086994c49e8a5b30aa10119f663896a4c2c5c56f7bfa804e8524d0e6d460 
[0;36mDEBUG[0m[2026-03-16 10:14:11.772]   received shard header from network in block tracker [0;36mshard[0m = 0 [0;36mepoch[0m = 0 [0;36mround[0m = 804 [0;36mnonce[0m = 801 [0;36mhash[0m = 72057a65308343cc873d537d1f2fd19c5d169218ff720da5bfbc2850a81dfc7f 
[0;36mDEBUG[0m[2026-03-16 10:14:11.772]   received shard header from network in block tracker [0;36mshard[0m = 0 [0;36mepoch[0m = 0 [0;36mround[0m = 805 [0;36mnonce[0m = 802 [0;36mhash[0m = b6ee79aac32380a08bc13ac5494fcdbd708285365cf06896c1dde5eafd6cd3cd 
[0;36mDEBUG[0m[2026-03-16 10:14:11.772]   received shard header from network in block tracker [0;36mshard[0m = 0 [0;36mepoch[0m = 0 [0;36mround[0m = 806 [0;36mnonce[0m = 803 [0;36mhash[0m = bb8a356cbafc3869f9281645abccb769b054a3d95ae42db1bed602f03651a59f 
[0;36mDEBUG[0m[2026-03-16 10:14:11.772]   received shard header from network in block tracker [0;36mshard[0m = 0 [0;36mepoch[0m = 0 [0;36mround[0m = 807 [0;36mnonce[0m = 804 [0;36mhash[0m = 4b7cf0e09e6d69a8b3c099b63dca1460893f22bf182a74981b987d228cbeeda1 
[0;36mDEBUG[0m[2026-03-16 10:14:11.772]   received shard header from network in block tracker [0;36mshard[0m = 0 [0;36mepoch[0m = 0 [0;36mround[0m = 808 [0;36mnonce[0m = 805 [0;36mhash[0m = 397ed2009c00b05324f5e1c0e80334e411e23bacbae0d0ec12c0d8dda3a7db1c 
[0;36mDEBUG[0m[2026-03-16 10:14:11.772]   received shard header from network in block tracker [0;36mshard[0m = 0 [0;36mepoch[0m = 0 [0;36mround[0m = 809 [0;36mnonce[0m = 806 [0;36mhash[0m = e4d32b3c605d6ac3d38920b7fcdf244edcdd92bb9224d4332a6536377a29a6ed 
[0;36mDEBUG[0m[2026-03-16 10:14:11.772]   received shard header from network in block tracker [0;36mshard[0m = 0 [0;36mepoch[0m = 0 [0;36mround[0m = 810 [0;36mnonce[0m = 807 [0;36mhash[0m = b209c00b0691dc35fca7040cd7d6c17b0c0b552e403aeaf5aa63a544294144f0 
[0;36mDEBUG[0m[2026-03-16 10:14:11.772]   received shard header from network in block tracker [0;36mshard[0m = 0 [0;36mepoch[0m = 0 [0;36mround[0m = 811 [0;36mnonce[0m = 808 [0;36mhash[0m = 876fd0808f79942a2d62ca3fd35ebad6fbb6afbb29a5d38e67a3bd8e8efaf158 
[0;36mDEBUG[0m[2026-03-16 10:14:11.772]   received shard header from network in block tracker [0;36mshard[0m = 0 [0;36mepoch[0m = 0 [0;36mround[0m = 812 [0;36mnonce[0m = 809 [0;36mhash[0m = 55ed13463227070dbda0f5acb4254520453b162776122cf6bcc276876382b334 
[0;36mDEBUG[0m[2026-03-16 10:14:11.772]   received shard header from network in block tracker [0;36mshard[0m = 0 [0;36mepoch[0m = 0 [0;36mround[0m = 813 [0;36mnonce[0m = 810 [0;36mhash[0m = 69ee086950036da8d38b441a3d42b9a66284efc8a3161c4d0ae649b35fe01a93 
[0;36mDEBUG[0m[2026-03-16 10:14:11.772]   received shard header from network in block tracker [0;36mshard[0m = 0 [0;36mepoch[0m = 0 [0;36mround[0m = 814 [0;36mnonce[0m = 811 [0;36mhash[0m = 95d6f090ea072ea995c12b117195d3ce76c69484c4d3e1145f1d1002165f34b0 
[0;36mDEBUG[0m[2026-03-16 10:14:11.772]   received shard header from network in block tracker [0;36mshard[0m = 0 [0;36mepoch[0m = 0 [0;36mround[0m = 815 [0;36mnonce[0m = 812 [0;36mhash[0m = 6182eebd7968f23afdc63b5e881436843c991bc5b183baf33fcff0097bdece6d 
[0;36mDEBUG[0m[2026-03-16 10:14:11.772]   received shard header from network in block tracker [0;36mshard[0m = 0 [0;36mepoch[0m = 0 [0;36mround[0m = 816 [0;36mnonce[0m = 813 [0;36mhash[0m = 00261fc523f2518283ead7ad20c015188387c1919480e9cbdf05811c059a1306 
[0;36mDEBUG[0m[2026-03-16 10:14:11.772]   received shard header from network in block tracker [0;36mshard[0m = 0 [0;36mepoch[0m = 0 [0;36mround[0m = 817 [0;36mnonce[0m = 814 [0;36mhash[0m = a24c507ad1473426b6b29a622675da865d3966e01757f01530e95c82a78ea747 
[0;36mDEBUG[0m[2026-03-16 10:14:11.772]   received shard header from network in block tracker [0;36mshard[0m = 0 [0;36mepoch[0m = 0 [0;36mround[0m = 818 [0;36mnonce[0m = 815 [0;36mhash[0m = b9b4488510ee9d814ca2e1a61ed863aebd50bc65dc16f03d27b8b7d793e278fe 
[0;36mDEBUG[0m[2026-03-16 10:14:11.772]   received shard header from network in block tracker [0;36mshard[0m = 0 [0;36mepoch[0m = 0 [0;36mround[0m = 819 [0;36mnonce[0m = 816 [0;36mhash[0m = 9b938b32615010c91a80d415153f454ae324fec15fe0b73c6f7b5d2179b57c61 
[0;36mDEBUG[0m[2026-03-16 10:14:11.772]   received shard header from network in block tracker [0;36mshard[0m = 0 [0;36mepoch[0m = 0 [0;36mround[0m = 820 [0;36mnonce[0m = 817 [0;36mhash[0m = 65f4d83581b927a2bb0a10e151aa6b68ab8c81adb41080c1167fba8212426025 
[0;36mDEBUG[0m[2026-03-16 10:14:11.772]   received shard header from network in block tracker [0;36mshard[0m = 0 [0;36mepoch[0m = 0 [0;36mround[0m = 821 [0;36mnonce[0m = 818 [0;36mhash[0m = 38a53e4560472857b96fc1b5529434ac7a6f46d30cd38e5775f70e3717989862 
[0;36mDEBUG[0m[2026-03-16 10:14:11.772]   received shard header from network in block tracker [0;36mshard[0m = 0 [0;36mepoch[0m = 0 [0;36mround[0m = 822 [0;36mnonce[0m = 819 [0;36mhash[0m = 249dbdf6c953c8a170e6d5cc14d5c6903123a88c0acd01a2c3e42179b04a1550 
[0;36mDEBUG[0m[2026-03-16 10:14:11.772]   received shard header from network in block tracker [0;36mshard[0m = 0 [0;36mepoch[0m = 0 [0;36mround[0m = 823 [0;36mnonce[0m = 820 [0;36mhash[0m = 066436cd65b35412f70a497c22bfb325b6f23c073a2e8142113ae35b57e75923 
[0;36mDEBUG[0m[2026-03-16 10:14:11.772]   received shard header from network in block tracker [0;36mshard[0m = 0 [0;36mepoch[0m = 0 [0;36mround[0m = 824 [0;36mnonce[0m = 821 [0;36mhash[0m = 7cb0304f32674bf74c080d7645f62e3208a538380428d542d498a2da5158a67e 
[0;36mDEBUG[0m[2026-03-16 10:14:11.772]   received shard header from network in block tracker [0;36mshard[0m = 0 [0;36mepoch[0m = 0 [0;36mround[0m = 825 [0;36mnonce[0m = 822 [0;36mhash[0m = b2cb97474710724c67c065e25db0672b4de694ee47d69bc3bbffe6ab1c9116f9 
[0;36mDEBUG[0m[2026-03-16 10:14:11.772]   received shard header from network in block tracker [0;36mshard[0m = 0 [0;36mepoch[0m = 0 [0;36mround[0m = 826 [0;36mnonce[0m = 823 [0;36mhash[0m = d330a3cb2506d2ca88f0580c35b3b9c1d0e47d2100d88305d521e96089a9889b 
[0;36mDEBUG[0m[2026-03-16 10:14:11.772]   received shard header from network in block tracker [0;36mshard[0m = 0 [0;36mepoch[0m = 0 [0;36mround[0m = 827 [0;36mnonce[0m = 824 [0;36mhash[0m = 688c8a1e4cc96cce67866ad7cb273e7668529894a81785d56bf9e971337cbc7f 
[0;36mDEBUG[0m[2026-03-16 10:14:11.772]   received shard header from network in block tracker [0;36mshard[0m = 0 [0;36mepoch[0m = 0 [0;36mround[0m = 828 [0;36mnonce[0m = 825 [0;36mhash[0m = 8b67026cb7011cefd5097719eaab3e1449cc948b9e7f7b44ac4eee91696af918 
[0;36mDEBUG[0m[2026-03-16 10:14:11.772]   received shard header from network in block tracker [0;36mshard[0m = 0 [0;36mepoch[0m = 0 [0;36mround[0m = 829 [0;36mnonce[0m = 826 [0;36mhash[0m = af58a0e18d6824fe543e360550dbc8138ffb095751acd0dc16c799af9527f739 
[0;36mDEBUG[0m[2026-03-16 10:14:11.772]   received shard header from network in block tracker [0;36mshard[0m = 0 [0;36mepoch[0m = 0 [0;36mround[0m = 830 [0;36mnonce[0m = 827 [0;36mhash[0m = 9b123b88b098547886e11a99dbe3ae8ccb6b5247b7a83d0a0038fadcaca8a851 
[0;36mDEBUG[0m[2026-03-16 10:14:11.772]   received shard header from network in block tracker [0;36mshard[0m = 0 [0;36mepoch[0m = 0 [0;36mround[0m = 831 [0;36mnonce[0m = 828 [0;36mhash[0m = f7be782e3ae32a9d50503f47d21d95673558c0d63789206b9f9c6104c5bdaacb 
[0;36mDEBUG[0m[2026-03-16 10:14:11.772]   received shard header from network in block tracker [0;36mshard[0m = 0 [0;36mepoch[0m = 0 [0;36mround[0m = 832 [0;36mnonce[0m = 829 [0;36mhash[0m = a19e0928e3870d2b39d7e5df0a68bcbfa5e9a9fa7fec55a5372d8a8edc20d8ab 
[0;36mDEBUG[0m[2026-03-16 10:14:11.773]   received shard header from network in block tracker [0;36mshard[0m = 0 [0;36mepoch[0m = 0 [0;36mround[0m = 833 [0;36mnonce[0m = 830 [0;36mhash[0m = 6257b387fa93e1bc3a42a1ac6142482528b19d11d857361337904ad3bfe5d5ba 
[0;36mDEBUG[0m[2026-03-16 10:14:11.773]   received shard header from network in block tracker [0;36mshard[0m = 0 [0;36mepoch[0m = 0 [0;36mround[0m = 834 [0;36mnonce[0m = 831 [0;36mhash[0m = 997afdf536b1d408b79e53ec36282d48e0f23ea96187823c16f96c7da03010fb 
[0;36mDEBUG[0m[2026-03-16 10:14:11.773]   received shard header from network in block tracker [0;36mshard[0m = 0 [0;36mepoch[0m = 0 [0;36mround[0m = 835 [0;36mnonce[0m = 832 [0;36mhash[0m = 23a9df77a72403d989dad86a11533b0719f44fd2c754bb03d0e217ee43beb21f 
[0;36mDEBUG[0m[2026-03-16 10:14:11.773]   received shard header from network in block tracker [0;36mshard[0m = 0 [0;36mepoch[0m = 0 [0;36mround[0m = 836 [0;36mnonce[0m = 833 [0;36mhash[0m = e355193677f56e80cdd237ae4f33b976364c1cdb98352c3936994039e76c72e3 
[0;36mDEBUG[0m[2026-03-16 10:14:11.773]   received shard header from network in block tracker [0;36mshard[0m = 0 [0;36mepoch[0m = 0 [0;36mround[0m = 837 [0;36mnonce[0m = 834 [0;36mhash[0m = 793bff53c8789406eec175ed2057aec07490e48c22a3c1350d34e6cbbfffbd58 
[0;36mDEBUG[0m[2026-03-16 10:14:11.773]   received shard header from network in block tracker [0;36mshard[0m = 0 [0;36mepoch[0m = 0 [0;36mround[0m = 838 [0;36mnonce[0m = 835 [0;36mhash[0m = dac82c21ce8d1f9c16f1a7923bd4df6ad5d34053d83940b30fbe1ce76ecdeb61 
[0;36mDEBUG[0m[2026-03-16 10:14:11.773]   received shard header from network in block tracker [0;36mshard[0m = 0 [0;36mepoch[0m = 0 [0;36mround[0m = 839 [0;36mnonce[0m = 836 [0;36mhash[0m = a35711c726325c2f646cd51414d55deaba776f236af4fd4bbfb7819f7e49d6f9 
[0;36mDEBUG[0m[2026-03-16 10:14:11.773]   received shard header from network in block tracker [0;36mshard[0m = 0 [0;36mepoch[0m = 0 [0;36mround[0m = 840 [0;36mnonce[0m = 837 [0;36mhash[0m = dd079da0cadf5b06b2ae907aee06f2c49183fc9798871cb520093828cd8d7cdf 
[0;36mDEBUG[0m[2026-03-16 10:14:11.773]   received shard header from network in block tracker [0;36mshard[0m = 0 [0;36mepoch[0m = 0 [0;36mround[0m = 841 [0;36mnonce[0m = 838 [0;36mhash[0m = 4e053df24169f55baf479f7adc13e3624e64f2a896a30827a804a2e5a65355f1 
[0;36mDEBUG[0m[2026-03-16 10:14:11.773]   received shard header from network in block tracker [0;36mshard[0m = 0 [0;36mepoch[0m = 0 [0;36mround[0m = 842 [0;36mnonce[0m = 839 [0;36mhash[0m = a7cba0d5d2c86e5a81bc9f80b1e785084083e71f555f77f24c810f9bbf5c18bd 
[0;36mDEBUG[0m[2026-03-16 10:14:11.773]   received shard header from network in block tracker [0;36mshard[0m = 0 [0;36mepoch[0m = 0 [0;36mround[0m = 843 [0;36mnonce[0m = 840 [0;36mhash[0m = 0e254ab5602117684014eabcd5613b3aec317fb695a90a91b61720fb2bca3c1b 
[0;36mDEBUG[0m[2026-03-16 10:14:11.773]   received shard header from network in block tracker [0;36mshard[0m = 0 [0;36mepoch[0m = 0 [0;36mround[0m = 844 [0;36mnonce[0m = 841 [0;36mhash[0m = 676437ce9c5bedca17fb13f81d73f9ba6fb9077301d6217e3d0a3194cdbbd56f 
[0;36mDEBUG[0m[2026-03-16 10:14:11.773]   received shard header from network in block tracker [0;36mshard[0m = 0 [0;36mepoch[0m = 0 [0;36mround[0m = 845 [0;36mnonce[0m = 842 [0;36mhash[0m = 896ca3881173a1e722f9e334abb0b2142be18c65d649655e14b86a78bed62625 
[0;36mDEBUG[0m[2026-03-16 10:14:11.773]   received shard header from network in block tracker [0;36mshard[0m = 0 [0;36mepoch[0m = 0 [0;36mround[0m = 846 [0;36mnonce[0m = 843 [0;36mhash[0m = 8abd848a24fa8d465b3b2d57e4be4f2100222640155b66fd6384a156470fd712 
[0;36mDEBUG[0m[2026-03-16 10:14:11.773]   received shard header from network in block tracker [0;36mshard[0m = 0 [0;36mepoch[0m = 0 [0;36mround[0m = 847 [0;36mnonce[0m = 844 [0;36mhash[0m = cbdefd41d244f618103c6f9880a83a275789086a55c77e68fac6a3c4aa75f849 
[0;36mDEBUG[0m[2026-03-16 10:14:11.773]   received shard header from network in block tracker [0;36mshard[0m = 0 [0;36mepoch[0m = 0 [0;36mround[0m = 848 [0;36mnonce[0m = 845 [0;36mhash[0m = ca26720b7bfc7dc364e97b842af11ff90c785bc77a8dffbcf25a858124a343f5 
[0;36mDEBUG[0m[2026-03-16 10:14:11.773]   received shard header from network in block tracker [0;36mshard[0m = 0 [0;36mepoch[0m = 0 [0;36mround[0m = 849 [0;36mnonce[0m = 846 [0;36mhash[0m = b7096b98c41abf1941b17c0f019a5f86c51993d4825e6968a0064485fda328d6 
[0;36mDEBUG[0m[2026-03-16 10:14:11.773]   received shard header from network in block tracker [0;36mshard[0m = 0 [0;36mepoch[0m = 0 [0;36mround[0m = 850 [0;36mnonce[0m = 847 [0;36mhash[0m = 66151ebdca7e2f284b4e31440a568e54460a15bc9a85587095d8722c1a90eca1 
[0;36mDEBUG[0m[2026-03-16 10:14:11.773]   received shard header from network in block tracker [0;36mshard[0m = 0 [0;36mepoch[0m = 0 [0;36mround[0m = 851 [0;36mnonce[0m = 848 [0;36mhash[0m = c982dd8e760bf4184143a95368ea0413b25421a5f9fa95847932275d2b47ecba 
[0;36mDEBUG[0m[2026-03-16 10:14:11.773]   received shard header from network in block tracker [0;36mshard[0m = 0 [0;36mepoch[0m = 0 [0;36mround[0m = 852 [0;36mnonce[0m = 849 [0;36mhash[0m = eda6159e3c52015bc749f15e7872f898b9ad1d9d1011b3287671c772f6ecf925 
[0;36mDEBUG[0m[2026-03-16 10:14:11.773]   received shard header from network in block tracker [0;36mshard[0m = 0 [0;36mepoch[0m = 0 [0;36mround[0m = 853 [0;36mnonce[0m = 850 [0;36mhash[0m = df9978a41a1ef54d9f5a70cb84d699b1b335bf779a588df7940a786cdb69c68d 
[0;36mDEBUG[0m[2026-03-16 10:14:11.773]   received shard header from network in block tracker [0;36mshard[0m = 0 [0;36mepoch[0m = 0 [0;36mround[0m = 854 [0;36mnonce[0m = 851 [0;36mhash[0m = d1b32aaadd8d9c6b0d77f13ee5e1e7b47fe1398e3fbbff1b633fef3d5a5e0010 
[0;36mDEBUG[0m[2026-03-16 10:14:11.773]   received shard header from network in block tracker [0;36mshard[0m = 0 [0;36mepoch[0m = 0 [0;36mround[0m = 855 [0;36mnonce[0m = 852 [0;36mhash[0m = 60bff12255ec01cc8cbf21dee592809cafe7fa894993388461041e04579e43f8 
[0;36mDEBUG[0m[2026-03-16 10:14:11.773]   received shard header from network in block tracker [0;36mshard[0m = 0 [0;36mepoch[0m = 0 [0;36mround[0m = 856 [0;36mnonce[0m = 853 [0;36mhash[0m = 360bcc9450de896e97ed643b24a68aa854be551499213293fa6ba435fdb6c4c0 
[0;36mDEBUG[0m[2026-03-16 10:14:11.773]   received shard header from network in block tracker [0;36mshard[0m = 0 [0;36mepoch[0m = 0 [0;36mround[0m = 857 [0;36mnonce[0m = 854 [0;36mhash[0m = dd78ec84c61a9bbbef568b3ddf6e4f059bf0e84883bfacb7d868e9abd555f780 
[0;36mDEBUG[0m[2026-03-16 10:14:11.773]   received shard header from network in block tracker [0;36mshard[0m = 0 [0;36mepoch[0m = 0 [0;36mround[0m = 858 [0;36mnonce[0m = 855 [0;36mhash[0m = cf3bc79d65670f9526707e28130fe9bb8f83cd547be8cfe9467205c670443d7d 
[0;36mDEBUG[0m[2026-03-16 10:14:11.773]   received shard header from network in block tracker [0;36mshard[0m = 0 [0;36mepoch[0m = 0 [0;36mround[0m = 859 [0;36mnonce[0m = 856 [0;36mhash[0m = 693541fade0c0f1cd81519d2c9792ef86e3c18be2e9cd59d0cace975c6fc125c 
[0;36mDEBUG[0m[2026-03-16 10:14:11.773]   received shard header from network in block tracker [0;36mshard[0m = 0 [0;36mepoch[0m = 0 [0;36mround[0m = 860 [0;36mnonce[0m = 857 [0;36mhash[0m = 681a214b9d840641e8442a3b4857848b52ec4e32443fda184910a236252100c7 
[0;36mDEBUG[0m[2026-03-16 10:14:11.773]   received shard header from network in block tracker [0;36mshard[0m = 0 [0;36mepoch[0m = 0 [0;36mround[0m = 861 [0;36mnonce[0m = 858 [0;36mhash[0m = 3f8c8e69e5d24b921b294724531b301c99183d259c0109d91072c6c1e1b3ca4d 
[0;36mDEBUG[0m[2026-03-16 10:14:11.773]   received shard header from network in block tracker [0;36mshard[0m = 0 [0;36mepoch[0m = 0 [0;36mround[0m = 862 [0;36mnonce[0m = 859 [0;36mhash[0m = 209e902189b5c99d081981f0e918e115216be85daf279c7dcdd314c0a193461d 
[0;36mDEBUG[0m[2026-03-16 10:14:11.773]   received shard header from network in block tracker [0;36mshard[0m = 0 [0;36mepoch[0m = 0 [0;36mround[0m = 863 [0;36mnonce[0m = 860 [0;36mhash[0m = 1fe6cbebe8f2f6e618dee5cfad812a34cbecd29167a2e006f4b21115bdcacc5f 
[0;36mDEBUG[0m[2026-03-16 10:14:11.773]   received shard header from network in block tracker [0;36mshard[0m = 0 [0;36mepoch[0m = 0 [0;36mround[0m = 864 [0;36mnonce[0m = 861 [0;36mhash[0m = bd7b822738660058b4fd0bd6fbb16d0c54bf7bbfa1c2b0c543e879cb299b6c85 
[0;36mDEBUG[0m[2026-03-16 10:14:11.773]   received shard header from network in block tracker [0;36mshard[0m = 0 [0;36mepoch[0m = 0 [0;36mround[0m = 865 [0;36mnonce[0m = 862 [0;36mhash[0m = 91f4e8d914069e40452c34c51bbf40f9d2f57ca9c60f547ac737be053efff1c2 
[0;36mDEBUG[0m[2026-03-16 10:14:11.773]   received shard header from network in block tracker [0;36mshard[0m = 0 [0;36mepoch[0m = 0 [0;36mround[0m = 866 [0;36mnonce[0m = 863 [0;36mhash[0m = 8a816e4c1cc86512fbcea0c33a4c279dbe00c9a51bc37eb7f43f97d78b3bb853 
[0;36mDEBUG[0m[2026-03-16 10:14:11.773]   received shard header from network in block tracker [0;36mshard[0m = 0 [0;36mepoch[0m = 0 [0;36mround[0m = 867 [0;36mnonce[0m = 864 [0;36mhash[0m = 740ed5941b25ddc04008eeba425d1939635d0f6228895cb2f5840d9050b71e26 
[0;36mDEBUG[0m[2026-03-16 10:14:11.773]   received shard header from network in block tracker [0;36mshard[0m = 0 [0;36mepoch[0m = 0 [0;36mround[0m = 868 [0;36mnonce[0m = 865 [0;36mhash[0m = b46fae02f27114629a377bd08bc4dfb12b7eaa0a9c40e5aa0b1a6f791123c0ef 
[0;36mDEBUG[0m[2026-03-16 10:14:11.773]   received shard header from network in block tracker [0;36mshard[0m = 0 [0;36mepoch[0m = 0 [0;36mround[0m = 869 [0;36mnonce[0m = 866 [0;36mhash[0m = 915119f2ed98838075e784c27e4f89bdb2cd934e2d86c40b2009d391a31036b0 
[0;36mDEBUG[0m[2026-03-16 10:14:11.773]   received shard header from network in block tracker [0;36mshard[0m = 0 [0;36mepoch[0m = 0 [0;36mround[0m = 870 [0;36mnonce[0m = 867 [0;36mhash[0m = 26125d7fe94803597c94c3d179b8046611f961050b50d62eac0d064d4dfd7e15 
[0;36mDEBUG[0m[2026-03-16 10:14:11.773]   received shard header from network in block tracker [0;36mshard[0m = 0 [0;36mepoch[0m = 0 [0;36mround[0m = 871 [0;36mnonce[0m = 868 [0;36mhash[0m = 7641afbefe3be34b5b249b5a4a4cc13a6228ba05ae8bbff948937ee12e3e3a9d 
[0;36mDEBUG[0m[2026-03-16 10:14:11.773]   received shard header from network in block tracker [0;36mshard[0m = 0 [0;36mepoch[0m = 0 [0;36mround[0m = 872 [0;36mnonce[0m = 869 [0;36mhash[0m = d9332f2bbeca97afd1f466ed59d7efb8aba5d2f1259c18a4821a4aa329bd9d73 
[0;36mDEBUG[0m[2026-03-16 10:14:11.773]   received shard header from network in block tracker [0;36mshard[0m = 0 [0;36mepoch[0m = 0 [0;36mround[0m = 873 [0;36mnonce[0m = 870 [0;36mhash[0m = 0bb9a2afd2defaea0fafada9c06e78bb38434a9d1b923a7182fdc378f48339d7 
[0;36mDEBUG[0m[2026-03-16 10:14:11.773]   received shard header from network in block tracker [0;36mshard[0m = 0 [0;36mepoch[0m = 0 [0;36mround[0m = 874 [0;36mnonce[0m = 871 [0;36mhash[0m = 57f21199084aca18a8b7b15353a2a5c1dbf54e68d51513637d49b96c60d9509f 
[0;36mDEBUG[0m[2026-03-16 10:14:11.773]   received shard header from network in block tracker [0;36mshard[0m = 0 [0;36mepoch[0m = 0 [0;36mround[0m = 875 [0;36mnonce[0m = 872 [0;36mhash[0m = 93c75f2fbb5f547abbc3900447bdc31a2574ad966ab4413e23ce6741de8e8caa 
[0;36mDEBUG[0m[2026-03-16 10:14:11.773]   received shard header from network in block tracker [0;36mshard[0m = 0 [0;36mepoch[0m = 0 [0;36mround[0m = 876 [0;36mnonce[0m = 873 [0;36mhash[0m = 8d596f2c19506387cfc166136d3c65c2ce27045e8ba0ddb62ff75080edb2c991 
[0;36mDEBUG[0m[2026-03-16 10:14:11.773]   received shard header from network in block tracker [0;36mshard[0m = 0 [0;36mepoch[0m = 0 [0;36mround[0m = 877 [0;36mnonce[0m = 874 [0;36mhash[0m = aa37925dfa6c5b2e66930917d0bd8132b8ef4ba5c5d548b7dc22be9fd62e9ec6 
[0;36mDEBUG[0m[2026-03-16 10:14:11.773]   received shard header from network in block tracker [0;36mshard[0m = 0 [0;36mepoch[0m = 0 [0;36mround[0m = 878 [0;36mnonce[0m = 875 [0;36mhash[0m = 263ba11ffa58026edb510721b3a5cf49222df8c0dbdbd4177769949149df16db 
[0;36mDEBUG[0m[2026-03-16 10:14:11.773]   received shard header from network in block tracker [0;36mshard[0m = 0 [0;36mepoch[0m = 0 [0;36mround[0m = 879 [0;36mnonce[0m = 876 [0;36mhash[0m = 8cc2ee24f375fea92dd64bfcfcd2983de78e7ccfe312f65d81a79cc65980209b 
[0;36mDEBUG[0m[2026-03-16 10:14:11.773]   received shard header from network in block tracker [0;36mshard[0m = 0 [0;36mepoch[0m = 0 [0;36mround[0m = 880 [0;36mnonce[0m = 877 [0;36mhash[0m = 65528f7d3938ce9c45ad4030d440d35aff21329f8375694e5baad4917459441b 
[0;36mDEBUG[0m[2026-03-16 10:14:11.773]   received shard header from network in block tracker [0;36mshard[0m = 0 [0;36mepoch[0m = 0 [0;36mround[0m = 881 [0;36mnonce[0m = 878 [0;36mhash[0m = 5e5be0efbbeef94c33da8f22249b0990cd3fdf22e0067451a2cd6f36cc420e5d 
[0;36mDEBUG[0m[2026-03-16 10:14:11.773]   received shard header from network in block tracker [0;36mshard[0m = 0 [0;36mepoch[0m = 0 [0;36mround[0m = 882 [0;36mnonce[0m = 879 [0;36mhash[0m = b6cd444686889060997a65cd15b75d464666b84d7ecd368625757c1f3e98d2fc 
[0;36mDEBUG[0m[2026-03-16 10:14:11.773]   received shard header from network in block tracker [0;36mshard[0m = 0 [0;36mepoch[0m = 0 [0;36mround[0m = 883 [0;36mnonce[0m = 880 [0;36mhash[0m = b8aab0334510a305c8e952af1869d44e9b061b711856137c26774d1033a947ee 
[0;36mDEBUG[0m[2026-03-16 10:14:11.773]   received shard header from network in block tracker [0;36mshard[0m = 0 [0;36mepoch[0m = 0 [0;36mround[0m = 884 [0;36mnonce[0m = 881 [0;36mhash[0m = fd17ef8b977981f1f71da364905a252e98899cb0ab17d0fbb3facc838800f1b8 
[0;36mDEBUG[0m[2026-03-16 10:14:11.773]   received shard header from network in block tracker [0;36mshard[0m = 0 [0;36mepoch[0m = 0 [0;36mround[0m = 885 [0;36mnonce[0m = 882 [0;36mhash[0m = db154ba5036a265510efa43fb6dc999dfc72f9708661d2481bd2d21116f1d4da 
[0;36mDEBUG[0m[2026-03-16 10:14:11.773]   received shard header from network in block tracker [0;36mshard[0m = 0 [0;36mepoch[0m = 0 [0;36mround[0m = 886 [0;36mnonce[0m = 883 [0;36mhash[0m = 448c940a7aa24361e55ec2e9d7a6686ae3d58ade64650e98d51a60285c1e8102 
[0;36mDEBUG[0m[2026-03-16 10:14:11.773]   received shard header from network in block tracker [0;36mshard[0m = 0 [0;36mepoch[0m = 0 [0;36mround[0m = 887 [0;36mnonce[0m = 884 [0;36mhash[0m = 05ad190cf093bd545e56512188fd2bb3a015aa708732d7787e696ad7c1486d53 
[0;36mDEBUG[0m[2026-03-16 10:14:11.773]   received shard header from network in block tracker [0;36mshard[0m = 0 [0;36mepoch[0m = 0 [0;36mround[0m = 888 [0;36mnonce[0m = 885 [0;36mhash[0m = 58681edfb892c9e229a1150d153760cf099e4b209f41a9e0d9e9c36ba0fa4f23 
[0;36mDEBUG[0m[2026-03-16 10:14:11.773]   received shard header from network in block tracker [0;36mshard[0m = 0 [0;36mepoch[0m = 0 [0;36mround[0m = 889 [0;36mnonce[0m = 886 [0;36mhash[0m = 55c17b69971359c11d82028339fc78021088ee5eda18be3fad1cb1ff128705c3 
[0;36mDEBUG[0m[2026-03-16 10:14:11.773]   received shard header from network in block tracker [0;36mshard[0m = 0 [0;36mepoch[0m = 0 [0;36mround[0m = 890 [0;36mnonce[0m = 887 [0;36mhash[0m = 6d82b864a86ebfdd59689df48f9319b1d4359d7847d553bad07ec61c0bfa9ba8 
[0;36mDEBUG[0m[2026-03-16 10:14:11.773]   received shard header from network in block tracker [0;36mshard[0m = 0 [0;36mepoch[0m = 0 [0;36mround[0m = 891 [0;36mnonce[0m = 888 [0;36mhash[0m = ea145fe8ec359d516c7ee5a702721b77444e48f167426d0096ea1e88b60d5770 
[0;36mDEBUG[0m[2026-03-16 10:14:11.773]   received shard header from network in block tracker [0;36mshard[0m = 0 [0;36mepoch[0m = 0 [0;36mround[0m = 892 [0;36mnonce[0m = 889 [0;36mhash[0m = 4d1e6c7b7380ba0b7720cc73bdb054dc52c7da1175719ed499067a0cc2d2f0d0 
[0;36mDEBUG[0m[2026-03-16 10:14:11.773]   received shard header from network in block tracker [0;36mshard[0m = 0 [0;36mepoch[0m = 0 [0;36mround[0m = 893 [0;36mnonce[0m = 890 [0;36mhash[0m = e928c3f614374b9b4d24d9ad43615ef5ce7924be23577654b4ec2ac6c5f06286 
[0;36mDEBUG[0m[2026-03-16 10:14:11.773]   received shard header from network in block tracker [0;36mshard[0m = 0 [0;36mepoch[0m = 0 [0;36mround[0m = 894 [0;36mnonce[0m = 891 [0;36mhash[0m = d3abcd104b507dfd281d9792b4b4befc0d0a0f08ad6566680e1f69dd27e5a71d 
[0;36mDEBUG[0m[2026-03-16 10:14:11.773]   received shard header from network in block tracker [0;36mshard[0m = 0 [0;36mepoch[0m = 0 [0;36mround[0m = 895 [0;36mnonce[0m = 892 [0;36mhash[0m = b579e5eb1120848a79065c0d0da83758daa72032ab267d82dd77550d5a54cabf 
[0;36mDEBUG[0m[2026-03-16 10:14:11.773]   received shard header from network in block tracker [0;36mshard[0m = 0 [0;36mepoch[0m = 0 [0;36mround[0m = 896 [0;36mnonce[0m = 893 [0;36mhash[0m = 2c8e80ce2ee34ea4aaeed49c537de95c8eb7413433b6db051a9a37f14040981a 
[0;36mDEBUG[0m[2026-03-16 10:14:11.773]   received shard header from network in block tracker [0;36mshard[0m = 0 [0;36mepoch[0m = 0 [0;36mround[0m = 897 [0;36mnonce[0m = 894 [0;36mhash[0m = 4d8e99ef6197e0849ee2abbd7d442b755151468b8cd2007f64e905f2dc486988 
[0;36mDEBUG[0m[2026-03-16 10:14:11.773]   received shard header from network in block tracker [0;36mshard[0m = 0 [0;36mepoch[0m = 0 [0;36mround[0m = 898 [0;36mnonce[0m = 895 [0;36mhash[0m = 8209ac21d27a809c67d48f28497fa8f49ac7e54950d1d6f7ec4756b3265294ea 
[0;36mDEBUG[0m[2026-03-16 10:14:11.773]   received shard header from network in block tracker [0;36mshard[0m = 0 [0;36mepoch[0m = 0 [0;36mround[0m = 899 [0;36mnonce[0m = 896 [0;36mhash[0m = 0427b15b6f5dbb95514fee71c51da7b74d574c12077178dfb4dec99781daedfa 
[0;36mDEBUG[0m[2026-03-16 10:14:11.773]   received shard header from network in block tracker [0;36mshard[0m = 0 [0;36mepoch[0m = 0 [0;36mround[0m = 900 [0;36mnonce[0m = 897 [0;36mhash[0m = e4c889b080026ca345cacda3f6fc092a4662fa9f08864c2b924aee1377309426 
[0;36mDEBUG[0m[2026-03-16 10:14:11.773]   received shard header from network in block tracker [0;36mshard[0m = 0 [0;36mepoch[0m = 0 [0;36mround[0m = 901 [0;36mnonce[0m = 898 [0;36mhash[0m = ada048c9a39b07709dbaaad864247e7021a556656bfa3caf4bc64d8b83854657 
[0;36mDEBUG[0m[2026-03-16 10:14:11.773]   received shard header from network in block tracker [0;36mshard[0m = 0 [0;36mepoch[0m = 0 [0;36mround[0m = 902 [0;36mnonce[0m = 899 [0;36mhash[0m = fc542df4d237912e3958063915a20fc8d4d0c0289a81be3405bf5491922f4e25 
[0;36mDEBUG[0m[2026-03-16 10:14:11.773]   received shard header from network in block tracker [0;36mshard[0m = 0 [0;36mepoch[0m = 0 [0;36mround[0m = 903 [0;36mnonce[0m = 900 [0;36mhash[0m = 174c88096237ea9edc0dbc6685dbb3e6426d1b015e753ca33671231ca9728641 
[0;36mDEBUG[0m[2026-03-16 10:14:11.773]   received shard header from network in block tracker [0;36mshard[0m = 0 [0;36mepoch[0m = 0 [0;36mround[0m = 904 [0;36mnonce[0m = 901 [0;36mhash[0m = 27812f51b725b399dd0add994b5075aa2e9ec88f5bbd54dce1898120746598d2 
[0;36mDEBUG[0m[2026-03-16 10:14:11.773]   received shard header from network in block tracker [0;36mshard[0m = 0 [0;36mepoch[0m = 0 [0;36mround[0m = 905 [0;36mnonce[0m = 902 [0;36mhash[0m = 440040e3817f2e3a7e5a12abd901022f2e325b567f97dbf62f9ec4692261b6df 
[0;36mDEBUG[0m[2026-03-16 10:14:11.773]   received shard header from network in block tracker [0;36mshard[0m = 0 [0;36mepoch[0m = 0 [0;36mround[0m = 906 [0;36mnonce[0m = 903 [0;36mhash[0m = 6003cd93c60b30588a060005e50fe853fa86a5995c913dfd52c26d87e216f32c 
[0;36mDEBUG[0m[2026-03-16 10:14:11.773]   received shard header from network in block tracker [0;36mshard[0m = 0 [0;36mepoch[0m = 0 [0;36mround[0m = 907 [0;36mnonce[0m = 904 [0;36mhash[0m = 1d6783f395378770bb43ca7272cce32bbc1314f9b048babd29f0cf49c9b333eb 
[0;36mDEBUG[0m[2026-03-16 10:14:11.773]   received shard header from network in block tracker [0;36mshard[0m = 0 [0;36mepoch[0m = 0 [0;36mround[0m = 908 [0;36mnonce[0m = 905 [0;36mhash[0m = 5a9ad3e0ceb9a80e511caaa49de9f51a0b032c89e8bfa479ce673ed4218f8438 
[0;36mDEBUG[0m[2026-03-16 10:14:11.773]   received shard header from network in block tracker [0;36mshard[0m = 0 [0;36mepoch[0m = 0 [0;36mround[0m = 909 [0;36mnonce[0m = 906 [0;36mhash[0m = ceeca07765e55c0f3a838f70e0370d93a682b8d8beffa6963ee3d94294db9b57 
[0;36mDEBUG[0m[2026-03-16 10:14:11.773]   received shard header from network in block tracker [0;36mshard[0m = 0 [0;36mepoch[0m = 0 [0;36mround[0m = 910 [0;36mnonce[0m = 907 [0;36mhash[0m = e780d321c38c5fa9fa494936694fb75d61ba6115801e3bc21e50dd44e744868b 
[0;36mDEBUG[0m[2026-03-16 10:14:11.773]   received shard header from network in block tracker [0;36mshard[0m = 0 [0;36mepoch[0m = 0 [0;36mround[0m = 911 [0;36mnonce[0m = 908 [0;36mhash[0m = bddd57a9f86ec604ed2f1d497228e6d6729d78b465d3a2250977fcccb76c5b72 
[0;36mDEBUG[0m[2026-03-16 10:14:11.773]   received shard header from network in block tracker [0;36mshard[0m = 0 [0;36mepoch[0m = 0 [0;36mround[0m = 912 [0;36mnonce[0m = 909 [0;36mhash[0m = d652fbcab7c03a5e4445d767d0c9f0e09bbcde6dde25b0c05d85be8d33fb2175 
[0;36mDEBUG[0m[2026-03-16 10:14:11.773]   received shard header from network in block tracker [0;36mshard[0m = 0 [0;36mepoch[0m = 0 [0;36mround[0m = 913 [0;36mnonce[0m = 910 [0;36mhash[0m = 219e84813f18a3e7e2fad46ad9553131f2c71cb9161b0231e8d920143ea7a1e8 
[0;36mDEBUG[0m[2026-03-16 10:14:11.773]   received shard header from network in block tracker [0;36mshard[0m = 0 [0;36mepoch[0m = 0 [0;36mround[0m = 914 [0;36mnonce[0m = 911 [0;36mhash[0m = 7cde7b7b41bbd8a8932c412ec51bda0f038cf86a55e84c57163fb4a6b3930996 
[0;36mDEBUG[0m[2026-03-16 10:14:11.773]   received shard header from network in block tracker [0;36mshard[0m = 0 [0;36mepoch[0m = 0 [0;36mround[0m = 915 [0;36mnonce[0m = 912 [0;36mhash[0m = f058bbe3545a47696b4ee80d859a4a133b5a035c4dc08227a64e3407200f9a58 
[0;36mDEBUG[0m[2026-03-16 10:14:11.773]   received shard header from network in block tracker [0;36mshard[0m = 0 [0;36mepoch[0m = 0 [0;36mround[0m = 916 [0;36mnonce[0m = 913 [0;36mhash[0m = b3d431a2bba2a710b4b7b5369e2076f9de7336b57650212161cb3e3b1a791417 
[0;36mDEBUG[0m[2026-03-16 10:14:11.773]   received shard header from network in block tracker [0;36mshard[0m = 0 [0;36mepoch[0m = 0 [0;36mround[0m = 917 [0;36mnonce[0m = 914 [0;36mhash[0m = ba6c3d18c6c0706172e56d59c86ce1827f7da93f002de62ee0646dcc1587de5b 
[0;36mDEBUG[0m[2026-03-16 10:14:11.773]   received shard header from network in block tracker [0;36mshard[0m = 0 [0;36mepoch[0m = 0 [0;36mround[0m = 918 [0;36mnonce[0m = 915 [0;36mhash[0m = e9145f3db2697708ef6db3eaeb64656eaa0fa8260bb26a6d5f34a61402c556a7 
[0;36mDEBUG[0m[2026-03-16 10:14:11.773]   received shard header from network in block tracker [0;36mshard[0m = 0 [0;36mepoch[0m = 0 [0;36mround[0m = 919 [0;36mnonce[0m = 916 [0;36mhash[0m = f4826fbccfeb55da954ed4447640cede8f73b8477b897a8fa7887ecd23a3cb7e 
[0;36mDEBUG[0m[2026-03-16 10:14:11.773]   received shard header from network in block tracker [0;36mshard[0m = 0 [0;36mepoch[0m = 0 [0;36mround[0m = 920 [0;36mnonce[0m = 917 [0;36mhash[0m = 3b918d5d88a1a4e5a2e5c899d9616c5d9d73b561ad72f1bb7c94c38033d25cf1 
[0;36mDEBUG[0m[2026-03-16 10:14:11.773]   received shard header from network in block tracker [0;36mshard[0m = 0 [0;36mepoch[0m = 0 [0;36mround[0m = 921 [0;36mnonce[0m = 918 [0;36mhash[0m = d06fabd1725dec631964af225a275680528cafb700a7f706d3061a63920a5154 
[0;36mDEBUG[0m[2026-03-16 10:14:11.773]   received shard header from network in block tracker [0;36mshard[0m = 0 [0;36mepoch[0m = 0 [0;36mround[0m = 922 [0;36mnonce[0m = 919 [0;36mhash[0m = fa58ff8a4110b37dadde1f3909c846be40525ae1349026d4c45797ce9a7cdd10 
[0;36mDEBUG[0m[2026-03-16 10:14:11.773]   received shard header from network in block tracker [0;36mshard[0m = 0 [0;36mepoch[0m = 0 [0;36mround[0m = 923 [0;36mnonce[0m = 920 [0;36mhash[0m = 9c858cee2708f3abdc4cbb6c79b19de8e6c33ef4c024e54e5516f88463bcdf59 
[0;36mDEBUG[0m[2026-03-16 10:14:11.773]   received shard header from network in block tracker [0;36mshard[0m = 0 [0;36mepoch[0m = 0 [0;36mround[0m = 924 [0;36mnonce[0m = 921 [0;36mhash[0m = ada6c2889b2f862920f94b4cbf43c6e573bceea6bbf0c5dfd5b661d05e2786de 
[0;36mDEBUG[0m[2026-03-16 10:14:11.773]   received shard header from network in block tracker [0;36mshard[0m = 0 [0;36mepoch[0m = 0 [0;36mround[0m = 925 [0;36mnonce[0m = 922 [0;36mhash[0m = c2934f6ec81ccc4bbc1b3d33071cdcc72c02b68411aad29489a0f42ed1f49133 
[0;36mDEBUG[0m[2026-03-16 10:14:11.773]   received shard header from network in block tracker [0;36mshard[0m = 0 [0;36mepoch[0m = 0 [0;36mround[0m = 926 [0;36mnonce[0m = 923 [0;36mhash[0m = 785436162d177084a19fefc91c9fb041f3b8b5a0a35937af4ec402e9edb87e14 
[0;36mDEBUG[0m[2026-03-16 10:14:11.773]   received shard header from network in block tracker [0;36mshard[0m = 0 [0;36mepoch[0m = 0 [0;36mround[0m = 927 [0;36mnonce[0m = 924 [0;36mhash[0m = 298ec62d272d5196949f3f7d4843a2edd996a604b7ef38606cfd41f7951bd257 
[0;36mDEBUG[0m[2026-03-16 10:14:11.774]   received shard header from network in block tracker [0;36mshard[0m = 0 [0;36mepoch[0m = 0 [0;36mround[0m = 928 [0;36mnonce[0m = 925 [0;36mhash[0m = 3c88d78437fbc0984ffcd02f6f971ed4e2fb7989b445501ca65ee5b1b8849cb7 
[0;36mDEBUG[0m[2026-03-16 10:14:11.774]   received shard header from network in block tracker [0;36mshard[0m = 0 [0;36mepoch[0m = 0 [0;36mround[0m = 929 [0;36mnonce[0m = 926 [0;36mhash[0m = 87d1ad5e8d3f067db6fc9f1e1c9cfb861e1623e4800db9c929edea9d93f47774 
[0;36mDEBUG[0m[2026-03-16 10:14:11.774]   received shard header from network in block tracker [0;36mshard[0m = 0 [0;36mepoch[0m = 0 [0;36mround[0m = 930 [0;36mnonce[0m = 927 [0;36mhash[0m = fefc0e2b3c5348f78b06a70a15ca4e20fe4e7df155aab1872270eda8cf08c356 
[0;36mDEBUG[0m[2026-03-16 10:14:11.774]   received shard header from network in block tracker [0;36mshard[0m = 0 [0;36mepoch[0m = 0 [0;36mround[0m = 931 [0;36mnonce[0m = 928 [0;36mhash[0m = fc7b7dea5fa0de48d0446e802d776388c15585e6f9399a66eba3d5c0e28a3312 
[0;36mDEBUG[0m[2026-03-16 10:14:11.774]   received shard header from network in block tracker [0;36mshard[0m = 0 [0;36mepoch[0m = 0 [0;36mround[0m = 932 [0;36mnonce[0m = 929 [0;36mhash[0m = 7df9eb754ee291e015ac9f4079391fee4e985f0144f7d091c3ee16186e415de1 
[0;36mDEBUG[0m[2026-03-16 10:14:11.774]   received shard header from network in block tracker [0;36mshard[0m = 0 [0;36mepoch[0m = 0 [0;36mround[0m = 933 [0;36mnonce[0m = 930 [0;36mhash[0m = 51f5c7229f2d99e2b43ae4c8dd10c1d8c48f4ed10a2703a4969633ba81f5e377 
[0;36mDEBUG[0m[2026-03-16 10:14:11.774]   received shard header from network in block tracker [0;36mshard[0m = 0 [0;36mepoch[0m = 0 [0;36mround[0m = 934 [0;36mnonce[0m = 931 [0;36mhash[0m = 37efc97e2810341b16976a1fe0213fc62f523f60f7dd975fee406707a04d626c 
[0;36mDEBUG[0m[2026-03-16 10:14:11.774]   received shard header from network in block tracker [0;36mshard[0m = 0 [0;36mepoch[0m = 0 [0;36mround[0m = 935 [0;36mnonce[0m = 932 [0;36mhash[0m = 25161c90ed2317299c66a0927334ef5bf6507dd58b6ed56f4fda72abdf65c3b7 
[0;36mDEBUG[0m[2026-03-16 10:14:11.774]   received shard header from network in block tracker [0;36mshard[0m = 0 [0;36mepoch[0m = 0 [0;36mround[0m = 936 [0;36mnonce[0m = 933 [0;36mhash[0m = 2b7c61a77e3aeaa74a78470a2789aff7ab1a7b9fd65ae93d4e8a617675dedfee 
[0;36mDEBUG[0m[2026-03-16 10:14:11.774]   received shard header from network in block tracker [0;36mshard[0m = 0 [0;36mepoch[0m = 0 [0;36mround[0m = 937 [0;36mnonce[0m = 934 [0;36mhash[0m = e46fb3049df33f68f07e25d4cdacadff4ee3006c4731f7b82075e51bb9b64362 
[0;36mDEBUG[0m[2026-03-16 10:14:11.774]   received shard header from network in block tracker [0;36mshard[0m = 0 [0;36mepoch[0m = 0 [0;36mround[0m = 938 [0;36mnonce[0m = 935 [0;36mhash[0m = 3359075d7366112f7e82c93949cb2c913ff720f69e2369588ef7b9ef96d4119c 
[0;36mDEBUG[0m[2026-03-16 10:14:11.774]   received shard header from network in block tracker [0;36mshard[0m = 0 [0;36mepoch[0m = 0 [0;36mround[0m = 939 [0;36mnonce[0m = 936 [0;36mhash[0m = 360205f97ef22fc4f404bee91670eaea3aff861846dd7c3bc79be6ff18cdf7c9 
[0;36mDEBUG[0m[2026-03-16 10:14:11.774]   received shard header from network in block tracker [0;36mshard[0m = 0 [0;36mepoch[0m = 0 [0;36mround[0m = 940 [0;36mnonce[0m = 937 [0;36mhash[0m = 1cfee95a0bc67b00c78d4e6a6025ade5c761e0dbefd9a2d3ad82569ee05f114a 
[0;36mDEBUG[0m[2026-03-16 10:14:11.774]   received shard header from network in block tracker [0;36mshard[0m = 0 [0;36mepoch[0m = 0 [0;36mround[0m = 941 [0;36mnonce[0m = 938 [0;36mhash[0m = 6979905effd25a142dfa1ec8a450198140697dc3d155e09d4f37b74f1829c11a 
[0;36mDEBUG[0m[2026-03-16 10:14:11.774]   received shard header from network in block tracker [0;36mshard[0m = 0 [0;36mepoch[0m = 0 [0;36mround[0m = 942 [0;36mnonce[0m = 939 [0;36mhash[0m = 7860ce2710f682ea26d7a3f434e85c1782c79c9cab93d2a3968c1ebf6d680495 
[0;36mDEBUG[0m[2026-03-16 10:14:11.774]   received shard header from network in block tracker [0;36mshard[0m = 0 [0;36mepoch[0m = 0 [0;36mround[0m = 943 [0;36mnonce[0m = 940 [0;36mhash[0m = 4049adc53c7d782fba38255d6a9b89d062d342ecb33a801c02bb8008833ff01f 
[0;36mDEBUG[0m[2026-03-16 10:14:11.774]   received shard header from network in block tracker [0;36mshard[0m = 0 [0;36mepoch[0m = 0 [0;36mround[0m = 944 [0;36mnonce[0m = 941 [0;36mhash[0m = 6106110a9a4a3149654ec3e20021d339c40bb7bd8f5ae0d7ebf5901496851067 
[0;36mDEBUG[0m[2026-03-16 10:14:11.774]   received shard header from network in block tracker [0;36mshard[0m = 0 [0;36mepoch[0m = 0 [0;36mround[0m = 945 [0;36mnonce[0m = 942 [0;36mhash[0m = ef8bd03a42475ef9c9d7bbe35e94e263f07373a853568054aea2b954dbfdf51d 
[0;36mDEBUG[0m[2026-03-16 10:14:11.774]   received shard header from network in block tracker [0;36mshard[0m = 0 [0;36mepoch[0m = 0 [0;36mround[0m = 946 [0;36mnonce[0m = 943 [0;36mhash[0m = 508b908b0e786774ea095086fc368326fc7dd65c4d3146af921ad6ef772209f9 
[0;36mDEBUG[0m[2026-03-16 10:14:11.774]   received shard header from network in block tracker [0;36mshard[0m = 0 [0;36mepoch[0m = 0 [0;36mround[0m = 947 [0;36mnonce[0m = 944 [0;36mhash[0m = 8bcb6232c9f41919df12e8da98de95d88c7b621d64d6ff0570dde12fad4adfae 
[0;36mDEBUG[0m[2026-03-16 10:14:11.774]   received shard header from network in block tracker [0;36mshard[0m = 0 [0;36mepoch[0m = 0 [0;36mround[0m = 948 [0;36mnonce[0m = 945 [0;36mhash[0m = c1e2774a0aa3baf17aaad07c2482f12430cf10582971ce110694e437092b4ff8 
[0;36mDEBUG[0m[2026-03-16 10:14:11.774]   received shard header from network in block tracker [0;36mshard[0m = 0 [0;36mepoch[0m = 0 [0;36mround[0m = 949 [0;36mnonce[0m = 946 [0;36mhash[0m = 0372025698f41080c10538731539e986b9b8bc90058b3c9e86e6a25d44192889 
[0;36mDEBUG[0m[2026-03-16 10:14:11.774]   received shard header from network in block tracker [0;36mshard[0m = 0 [0;36mepoch[0m = 0 [0;36mround[0m = 950 [0;36mnonce[0m = 947 [0;36mhash[0m = 2e659baac13138bfc8e2045d4ae195f03b55e7c5147f90478bf367a52aa507e2 
[0;36mDEBUG[0m[2026-03-16 10:14:11.774]   received shard header from network in block tracker [0;36mshard[0m = 0 [0;36mepoch[0m = 0 [0;36mround[0m = 951 [0;36mnonce[0m = 948 [0;36mhash[0m = 74949307dfa59f69527dc416dcab913ea954c1aa865b12e0f16be07f8cd537ab 
[0;36mDEBUG[0m[2026-03-16 10:14:11.774]   received shard header from network in block tracker [0;36mshard[0m = 0 [0;36mepoch[0m = 0 [0;36mround[0m = 952 [0;36mnonce[0m = 949 [0;36mhash[0m = d686324875a35ba5c9fa500df78c8d2418f2aee3fdb87a2cfcc9475d0697fc90 
[0;36mDEBUG[0m[2026-03-16 10:14:11.774]   received shard header from network in block tracker [0;36mshard[0m = 0 [0;36mepoch[0m = 0 [0;36mround[0m = 953 [0;36mnonce[0m = 950 [0;36mhash[0m = 80db06ee41fb154df2398356b4606e79fc31ca8ec4334bc0dc5c2df4543dbf1a 
[0;36mDEBUG[0m[2026-03-16 10:14:11.774]   received shard header from network in block tracker [0;36mshard[0m = 0 [0;36mepoch[0m = 0 [0;36mround[0m = 954 [0;36mnonce[0m = 951 [0;36mhash[0m = 7b48621601e38eb82493a207db0424557345385aeb3e1d7de411cbb56a619b52 
[0;36mDEBUG[0m[2026-03-16 10:14:11.774]   received shard header from network in block tracker [0;36mshard[0m = 0 [0;36mepoch[0m = 0 [0;36mround[0m = 955 [0;36mnonce[0m = 952 [0;36mhash[0m = a29d6cd287d1769d810f8a2b8d1a18174b2aad44535c6bfcd093bd4852e6f213 
[0;36mDEBUG[0m[2026-03-16 10:14:11.774]   received shard header from network in block tracker [0;36mshard[0m = 0 [0;36mepoch[0m = 0 [0;36mround[0m = 956 [0;36mnonce[0m = 953 [0;36mhash[0m = 34a904f9c92e03dfc4aa44f933053585aa6cd2de93066246b1870d343ef54025 
[0;36mDEBUG[0m[2026-03-16 10:14:11.774]   received shard header from network in block tracker [0;36mshard[0m = 0 [0;36mepoch[0m = 0 [0;36mround[0m = 957 [0;36mnonce[0m = 954 [0;36mhash[0m = bfe680937288a6dd8ed3c8121c4e9c6a587429dccb51aea21e406716af8d5bad 
[0;36mDEBUG[0m[2026-03-16 10:14:11.774]   received shard header from network in block tracker [0;36mshard[0m = 0 [0;36mepoch[0m = 0 [0;36mround[0m = 958 [0;36mnonce[0m = 955 [0;36mhash[0m = 97987493f01030eee0ecda73ba388287a5a7be3568fb3f4f4dc0f18d4d5d884b 
[0;36mDEBUG[0m[2026-03-16 10:14:11.774]   received shard header from network in block tracker [0;36mshard[0m = 0 [0;36mepoch[0m = 0 [0;36mround[0m = 959 [0;36mnonce[0m = 956 [0;36mhash[0m = c2136764013d04c0cf1bc458f590ed00f17e1d201597d28e02a7fb9c52206426 
[0;36mDEBUG[0m[2026-03-16 10:14:11.774]   received shard header from network in block tracker [0;36mshard[0m = 0 [0;36mepoch[0m = 0 [0;36mround[0m = 960 [0;36mnonce[0m = 957 [0;36mhash[0m = e981f4acf66485c429df6f010f0c6d4f411544900b01984874ada9fd3b4a6abf 
[0;36mDEBUG[0m[2026-03-16 10:14:11.774]   received shard header from network in block tracker [0;36mshard[0m = 0 [0;36mepoch[0m = 0 [0;36mround[0m = 961 [0;36mnonce[0m = 958 [0;36mhash[0m = 99a63d76bd7e362af065ae8fd40f3294126c5c3a7d0b7677e67b47f2805fc763 
[0;36mDEBUG[0m[2026-03-16 10:14:11.774]   received shard header from network in block tracker [0;36mshard[0m = 0 [0;36mepoch[0m = 0 [0;36mround[0m = 962 [0;36mnonce[0m = 959 [0;36mhash[0m = 16842225b2865f89f2dd9325ee0e4f074b0e44bf3bfb14be28b0672582824931 
[0;36mDEBUG[0m[2026-03-16 10:14:11.774]   received shard header from network in block tracker [0;36mshard[0m = 0 [0;36mepoch[0m = 0 [0;36mround[0m = 963 [0;36mnonce[0m = 960 [0;36mhash[0m = 5bee0c632ccd7fba4315f3f140eafdcad4160f8c5238d4ea262ea33901315b56 
[0;36mDEBUG[0m[2026-03-16 10:14:11.774]   received shard header from network in block tracker [0;36mshard[0m = 0 [0;36mepoch[0m = 0 [0;36mround[0m = 964 [0;36mnonce[0m = 961 [0;36mhash[0m = 590e6aa7b91d6836d53a2d873d6b8ff2aa403f87abf2b0d71338bf2ec4f4b809 
[0;36mDEBUG[0m[2026-03-16 10:14:11.774]   received shard header from network in block tracker [0;36mshard[0m = 0 [0;36mepoch[0m = 0 [0;36mround[0m = 965 [0;36mnonce[0m = 962 [0;36mhash[0m = 50a3e226b89d5441f3cf55083787c4564e19104213c7f7394be6b621f9a87cd9 
[0;36mDEBUG[0m[2026-03-16 10:14:11.774]   received shard header from network in block tracker [0;36mshard[0m = 0 [0;36mepoch[0m = 0 [0;36mround[0m = 966 [0;36mnonce[0m = 963 [0;36mhash[0m = c73168f7d50c3c2a0d8280de3649b986cb23c2078996f6d68d3136f39f429306 
[0;36mDEBUG[0m[2026-03-16 10:14:11.774]   received shard header from network in block tracker [0;36mshard[0m = 0 [0;36mepoch[0m = 0 [0;36mround[0m = 967 [0;36mnonce[0m = 964 [0;36mhash[0m = 1ff4314d76c8363c67d55ca3ed90bc700c451cf5946cc0d466b9fcb3709e2e79 
[0;36mDEBUG[0m[2026-03-16 10:14:11.774]   received shard header from network in block tracker [0;36mshard[0m = 0 [0;36mepoch[0m = 0 [0;36mround[0m = 968 [0;36mnonce[0m = 965 [0;36mhash[0m = 2135792d7b653636c2fa00ee7021cc093d4920eabc492d8fedb078d5181dfafa 
[0;36mDEBUG[0m[2026-03-16 10:14:11.774]   received shard header from network in block tracker [0;36mshard[0m = 0 [0;36mepoch[0m = 0 [0;36mround[0m = 969 [0;36mnonce[0m = 966 [0;36mhash[0m = 3bf74c493fe3d02e8e9e00f93d15a0dbb0e029c5e272d8ef49b5ddb3802c3d50 
[0;36mDEBUG[0m[2026-03-16 10:14:11.774]   received shard header from network in block tracker [0;36mshard[0m = 0 [0;36mepoch[0m = 0 [0;36mround[0m = 970 [0;36mnonce[0m = 967 [0;36mhash[0m = a40751aeea58a3862f1aaa729a09d451e09fb067dcaab083bb32d4be48fc2a87 
[0;36mDEBUG[0m[2026-03-16 10:14:11.774]   received shard header from network in block tracker [0;36mshard[0m = 0 [0;36mepoch[0m = 0 [0;36mround[0m = 971 [0;36mnonce[0m = 968 [0;36mhash[0m = f59352a823839a148cb81656103870cc4d00d1476b38b28f6a07c6d5ca655dae 
[0;36mDEBUG[0m[2026-03-16 10:14:11.774]   received shard header from network in block tracker [0;36mshard[0m = 0 [0;36mepoch[0m = 0 [0;36mround[0m = 972 [0;36mnonce[0m = 969 [0;36mhash[0m = 78a10886a67164c8ba06872a28003ab5d211d7ffd022e366ab35d338782bf4e0 
[0;36mDEBUG[0m[2026-03-16 10:14:11.774]   received shard header from network in block tracker [0;36mshard[0m = 0 [0;36mepoch[0m = 0 [0;36mround[0m = 973 [0;36mnonce[0m = 970 [0;36mhash[0m = a8d22dadc0fc5ab010700e0d514cb7c7bcf0a6e6a6a15b4106535f774ec4dfe4 
[0;36mDEBUG[0m[2026-03-16 10:14:11.774]   received shard header from network in block tracker [0;36mshard[0m = 0 [0;36mepoch[0m = 0 [0;36mround[0m = 974 [0;36mnonce[0m = 971 [0;36mhash[0m = 9875e015d88cb209c0ddd949ebced726b6b6f8d183e45a6024a6d7042cb34379 
[0;36mDEBUG[0m[2026-03-16 10:14:11.774]   received shard header from network in block tracker [0;36mshard[0m = 0 [0;36mepoch[0m = 0 [0;36mround[0m = 975 [0;36mnonce[0m = 972 [0;36mhash[0m = ca1b078f06808d81b331ae0ddc4850d23bc2ad576fe72a3467cf9e0c0fb6b38b 
[0;36mDEBUG[0m[2026-03-16 10:14:11.774]   received shard header from network in block tracker [0;36mshard[0m = 0 [0;36mepoch[0m = 0 [0;36mround[0m = 976 [0;36mnonce[0m = 973 [0;36mhash[0m = e7adc78997c8c47d927e058803ae794b24537f79adcc1e488a7f9e2d521af1ec 
[0;36mDEBUG[0m[2026-03-16 10:14:11.774]   received shard header from network in block tracker [0;36mshard[0m = 0 [0;36mepoch[0m = 0 [0;36mround[0m = 977 [0;36mnonce[0m = 974 [0;36mhash[0m = 5681a0a2edc20e168bee280b40150314993e1bbdbdef6badaa99427456d739c6 
[0;36mDEBUG[0m[2026-03-16 10:14:11.774]   received shard header from network in block tracker [0;36mshard[0m = 0 [0;36mepoch[0m = 0 [0;36mround[0m = 978 [0;36mnonce[0m = 975 [0;36mhash[0m = c524ae79c981240fd9b2cb4d85dc4663867afedf90c1ac3e8334133d940f91cf 
[0;36mDEBUG[0m[2026-03-16 10:14:11.774]   received shard header from network in block tracker [0;36mshard[0m = 0 [0;36mepoch[0m = 0 [0;36mround[0m = 979 [0;36mnonce[0m = 976 [0;36mhash[0m = d3c0823aa072174e6b4ef97f42aee5139250e32107deec332aa34afe8891dfab 
[0;36mDEBUG[0m[2026-03-16 10:14:11.774]   received shard header from network in block tracker [0;36mshard[0m = 0 [0;36mepoch[0m = 0 [0;36mround[0m = 980 [0;36mnonce[0m = 977 [0;36mhash[0m = 2f279285b88f0e3819f74b734a68f94d02f907e87a90687daf3a481392c7b0b8 
[0;36mDEBUG[0m[2026-03-16 10:14:11.774]   received shard header from network in block tracker [0;36mshard[0m = 0 [0;36mepoch[0m = 0 [0;36mround[0m = 981 [0;36mnonce[0m = 978 [0;36mhash[0m = 1e0afe52b7880b39997465995c5ce47ab57cb871dbf1a4c5c87151312186f630 
[0;36mDEBUG[0m[2026-03-16 10:14:11.774]   received shard header from network in block tracker [0;36mshard[0m = 0 [0;36mepoch[0m = 0 [0;36mround[0m = 982 [0;36mnonce[0m = 979 [0;36mhash[0m = 5e3e6c6eb1764295d0c2fb4b6ebcab201a1e82000baaad541177db7cb613144b 
[0;36mDEBUG[0m[2026-03-16 10:14:11.774]   received shard header from network in block tracker [0;36mshard[0m = 0 [0;36mepoch[0m = 0 [0;36mround[0m = 983 [0;36mnonce[0m = 980 [0;36mhash[0m = 7208ab69ce9b68bab67f4db9fab5326fd3c3ba6ea9490fefa369706b2206d654 
[0;36mDEBUG[0m[2026-03-16 10:14:11.774]   received shard header from network in block tracker [0;36mshard[0m = 0 [0;36mepoch[0m = 0 [0;36mround[0m = 984 [0;36mnonce[0m = 981 [0;36mhash[0m = f00e25bd44eec0e743683842bb9d0de902f1e80195ea428c480ea19a9ed0fbd7 
[0;36mDEBUG[0m[2026-03-16 10:14:11.774]   received shard header from network in block tracker [0;36mshard[0m = 0 [0;36mepoch[0m = 0 [0;36mround[0m = 985 [0;36mnonce[0m = 982 [0;36mhash[0m = 6c9e018a1c52946b569ec3bbe64d83d23884598270845a0187b65586a0b144b4 
[0;36mDEBUG[0m[2026-03-16 10:14:11.774]   received shard header from network in block tracker [0;36mshard[0m = 0 [0;36mepoch[0m = 0 [0;36mround[0m = 986 [0;36mnonce[0m = 983 [0;36mhash[0m = 35228d6e0fae59a6f696e53a65fd1ed9c5ff33db42f786ab0cddc7a68a05cba7 
[0;36mDEBUG[0m[2026-03-16 10:14:11.774]   received shard header from network in block tracker [0;36mshard[0m = 0 [0;36mepoch[0m = 0 [0;36mround[0m = 987 [0;36mnonce[0m = 984 [0;36mhash[0m = cd63fe24d78204886621ada4cb577a8939b3cbf87c4945678481279cde1fcc6e 
[0;36mDEBUG[0m[2026-03-16 10:14:11.774]   received shard header from network in block tracker [0;36mshard[0m = 0 [0;36mepoch[0m = 0 [0;36mround[0m = 988 [0;36mnonce[0m = 985 [0;36mhash[0m = dea7026cd5b134a7669f7f2577671bfd42fbcc82d3bbc50fab17956b7b4c5018 
[0;36mDEBUG[0m[2026-03-16 10:14:11.774]   received shard header from network in block tracker [0;36mshard[0m = 0 [0;36mepoch[0m = 0 [0;36mround[0m = 989 [0;36mnonce[0m = 986 [0;36mhash[0m = c3b8ac8b43ca0b6fffdd14591bcd1b4edbacc4b799c6b7c025e840b31307638c 
[0;36mDEBUG[0m[2026-03-16 10:14:11.774]   received shard header from network in block tracker [0;36mshard[0m = 0 [0;36mepoch[0m = 0 [0;36mround[0m = 990 [0;36mnonce[0m = 987 [0;36mhash[0m = ef0aedaa5fa58870dee5cc244ec797877488d9b103cc5121b9a7708a0745d3b0 
[0;36mDEBUG[0m[2026-03-16 10:14:11.774]   received shard header from network in block tracker [0;36mshard[0m = 0 [0;36mepoch[0m = 0 [0;36mround[0m = 991 [0;36mnonce[0m = 988 [0;36mhash[0m = 4829601f847b5074a7dd3e045f72cea86b4d7f051acce0eab9ce089bc70efdef 
[0;36mDEBUG[0m[2026-03-16 10:14:11.774]   received shard header from network in block tracker [0;36mshard[0m = 0 [0;36mepoch[0m = 0 [0;36mround[0m = 992 [0;36mnonce[0m = 989 [0;36mhash[0m = 6ce95e687760ac680dec2c99491109829faebad003ec360d52d3b092092811b1 
[0;36mDEBUG[0m[2026-03-16 10:14:11.774]   received shard header from network in block tracker [0;36mshard[0m = 0 [0;36mepoch[0m = 0 [0;36mround[0m = 993 [0;36mnonce[0m = 990 [0;36mhash[0m = e203a58b968e3332d5d5a4079c2e7a9723bf695f424ac6e87f469a56ff33e9bc 
[0;36mDEBUG[0m[2026-03-16 10:14:11.774]   received shard header from network in block tracker [0;36mshard[0m = 0 [0;36mepoch[0m = 0 [0;36mround[0m = 994 [0;36mnonce[0m = 991 [0;36mhash[0m = bad9943f4c384a4aa1a2a4bff36232c52f82a1b1133b9ebeb29b3cf1e37a376c 
[0;36mDEBUG[0m[2026-03-16 10:14:11.774]   received shard header from network in block tracker [0;36mshard[0m = 0 [0;36mepoch[0m = 0 [0;36mround[0m = 995 [0;36mnonce[0m = 992 [0;36mhash[0m = c05b97ba8eff77785ef9569c5eafb98ec0cf1242f49f9e648f33b4fc6e631764 
[0;36mDEBUG[0m[2026-03-16 10:14:11.774]   received shard header from network in block tracker [0;36mshard[0m = 0 [0;36mepoch[0m = 0 [0;36mround[0m = 996 [0;36mnonce[0m = 993 [0;36mhash[0m = 23e9169d02a0184ca9849268c123258186dc620b8b4602a7f10bd5ccc2fdb986 
[0;36mDEBUG[0m[2026-03-16 10:14:11.774]   received shard header from network in block tracker [0;36mshard[0m = 0 [0;36mepoch[0m = 0 [0;36mround[0m = 997 [0;36mnonce[0m = 994 [0;36mhash[0m = ecf8749b0c4edced7cf607067f706fb6e2cde626b9f34ecc0cbd1b052110de9b 
[0;36mDEBUG[0m[2026-03-16 10:14:11.774]   received shard header from network in block tracker [0;36mshard[0m = 0 [0;36mepoch[0m = 0 [0;36mround[0m = 9 [0;36mnonce[0m = 5 [0;36mhash[0m = c86d70968c9745fc7107609c3d4dab9703c22e22a3d5db4a0b207f7937c45446 
[0;36mDEBUG[0m[2026-03-16 10:14:11.774]   received shard header from network in block tracker [0;36mshard[0m = 0 [0;36mepoch[0m = 0 [0;36mround[0m = 10 [0;36mnonce[0m = 6 [0;36mhash[0m = cf4c404412da9c02e87917fb771433492918d4a3e87980cd55f39e2f823e9904 
[0;36mDEBUG[0m[2026-03-16 10:14:11.774]   received shard header from network in block tracker [0;36mshard[0m = 0 [0;36mepoch[0m = 0 [0;36mround[0m = 11 [0;36mnonce[0m = 7 [0;36mhash[0m = 4ecddea50cb46d9aaecc3335e11a5a3dff62708365424c1e96aa2581d5326809 
[0;36mDEBUG[0m[2026-03-16 10:14:11.774]   received shard header from network in block tracker [0;36mshard[0m = 0 [0;36mepoch[0m = 0 [0;36mround[0m = 12 [0;36mnonce[0m = 8 [0;36mhash[0m = 348f536b54822958620760f65463b21f6dc3696f935bd1dfe3bcff69eb230525 
[0;36mDEBUG[0m[2026-03-16 10:14:11.774]   received shard header from network in block tracker [0;36mshard[0m = 0 [0;36mepoch[0m = 0 [0;36mround[0m = 13 [0;36mnonce[0m = 9 [0;36mhash[0m = d33bef756787d07a0e34dd1d5c7332781325f935f07e2934b75f282d6b783f3a 
[0;36mDEBUG[0m[2026-03-16 10:14:11.774]   received shard header from network in block tracker [0;36mshard[0m = 0 [0;36mepoch[0m = 0 [0;36mround[0m = 14 [0;36mnonce[0m = 10 [0;36mhash[0m = fc6f8a104be62fffbc676eb7eab34bdddc2e5b14d30b0790c7d1f820ad1027fa 
[0;36mDEBUG[0m[2026-03-16 10:14:11.775]   received shard header from network in block tracker [0;36mshard[0m = 0 [0;36mepoch[0m = 0 [0;36mround[0m = 15 [0;36mnonce[0m = 11 [0;36mhash[0m = 171e3b30bd5c9089ba7021b29388308d08b862b3de040f1e45373a3aa3187170 
[0;36mDEBUG[0m[2026-03-16 10:14:11.775]   received shard header from network in block tracker [0;36mshard[0m = 0 [0;36mepoch[0m = 0 [0;36mround[0m = 16 [0;36mnonce[0m = 12 [0;36mhash[0m = 5d829c8fead18fa7e4c01046363efc979e1f13b3c6984830d9600c0c5498300c 
[0;36mDEBUG[0m[2026-03-16 10:14:11.775]   received shard header from network in block tracker [0;36mshard[0m = 0 [0;36mepoch[0m = 0 [0;36mround[0m = 17 [0;36mnonce[0m = 13 [0;36mhash[0m = dc0f2eba615d52b3e0736ff191be40715af4325de676e8684d7f4ec8909e43e0 
[0;36mDEBUG[0m[2026-03-16 10:14:11.775]   received shard header from network in block tracker [0;36mshard[0m = 0 [0;36mepoch[0m = 0 [0;36mround[0m = 18 [0;36mnonce[0m = 14 [0;36mhash[0m = d426e66e674f2e0b4be402f2898fb4edf36201a7fef6cef296cefe8184bed05f 
[0;36mDEBUG[0m[2026-03-16 10:14:11.775]   received shard header from network in block tracker [0;36mshard[0m = 0 [0;36mepoch[0m = 0 [0;36mround[0m = 19 [0;36mnonce[0m = 15 [0;36mhash[0m = d08d7e6a05e64c0403235170ffddde63f08a624701033d297bc636628cb1d81b 
[0;36mDEBUG[0m[2026-03-16 10:14:11.775]   received shard header from network in block tracker [0;36mshard[0m = 0 [0;36mepoch[0m = 0 [0;36mround[0m = 20 [0;36mnonce[0m = 16 [0;36mhash[0m = 48e4a7f30a015099571e240ec5f95e2dc77bded1c9360dc9b36dff78a17b286b 
[0;36mDEBUG[0m[2026-03-16 10:14:11.775]   received shard header from network in block tracker [0;36mshard[0m = 0 [0;36mepoch[0m = 0 [0;36mround[0m = 21 [0;36mnonce[0m = 17 [0;36mhash[0m = dde9f2bd208c5aaf58038bf4526f133dba52fd0f41ac77b8591bb0c9284542fe 
[0;36mDEBUG[0m[2026-03-16 10:14:11.775]   received shard header from network in block tracker [0;36mshard[0m = 0 [0;36mepoch[0m = 0 [0;36mround[0m = 22 [0;36mnonce[0m = 18 [0;36mhash[0m = 49fac6f6f3fe42fe904cf6bcb59c3cc8c04c68bf2c9f41ae017cea4aeca9f0e3 
[0;36mDEBUG[0m[2026-03-16 10:14:11.775]   received shard header from network in block tracker [0;36mshard[0m = 0 [0;36mepoch[0m = 0 [0;36mround[0m = 23 [0;36mnonce[0m = 19 [0;36mhash[0m = 83ad69080cb20237e5a2f62ec74481ffd6e2d41e64e0e6ff71825c7e338e0123 
[0;36mDEBUG[0m[2026-03-16 10:14:11.775]   received shard header from network in block tracker [0;36mshard[0m = 0 [0;36mepoch[0m = 0 [0;36mround[0m = 24 [0;36mnonce[0m = 20 [0;36mhash[0m = 07d23e946fa89eb400ff8d669db0740faad462e94aa07f19be189bab2c1751e5 
[0;36mDEBUG[0m[2026-03-16 10:14:11.775]   received shard header from network in block tracker [0;36mshard[0m = 0 [0;36mepoch[0m = 0 [0;36mround[0m = 25 [0;36mnonce[0m = 21 [0;36mhash[0m = 732531ea2cd76ca290cc691546d481af54a9abe8b05535b214936de52e64cb82 
[0;36mDEBUG[0m[2026-03-16 10:14:11.775]   received shard header from network in block tracker [0;36mshard[0m = 0 [0;36mepoch[0m = 0 [0;36mround[0m = 26 [0;36mnonce[0m = 22 [0;36mhash[0m = e0879856e5d31e953aee9ad25dbec371f7a158e6af19739dfd27217371da10a3 
[0;36mDEBUG[0m[2026-03-16 10:14:11.775]   received shard header from network in block tracker [0;36mshard[0m = 0 [0;36mepoch[0m = 0 [0;36mround[0m = 27 [0;36mnonce[0m = 23 [0;36mhash[0m = 024a112786c799470d4773e632ce5ba40e48044cb4194508ad13c99fae31f3d8 
[0;36mDEBUG[0m[2026-03-16 10:14:11.775]   received shard header from network in block tracker [0;36mshard[0m = 0 [0;36mepoch[0m = 0 [0;36mround[0m = 28 [0;36mnonce[0m = 24 [0;36mhash[0m = 83fd9f9280fe35e60a276518a2d8a740f3f1f8b10912b61cbb7f7b167d176bb1 
[0;36mDEBUG[0m[2026-03-16 10:14:11.775]   received shard header from network in block tracker [0;36mshard[0m = 0 [0;36mepoch[0m = 0 [0;36mround[0m = 29 [0;36mnonce[0m = 25 [0;36mhash[0m = 19acd10d78821229703f67b5c761f171b960c228e3df68f297825e0b40fbf0d6 
[0;36mDEBUG[0m[2026-03-16 10:14:11.775]   received shard header from network in block tracker [0;36mshard[0m = 0 [0;36mepoch[0m = 0 [0;36mround[0m = 30 [0;36mnonce[0m = 26 [0;36mhash[0m = 23e3f024fa1938c59374d50ab573399d8181bc25c3624b58d4597de54b6658cb 
[0;36mDEBUG[0m[2026-03-16 10:14:11.775]   received shard header from network in block tracker [0;36mshard[0m = 0 [0;36mepoch[0m = 0 [0;36mround[0m = 31 [0;36mnonce[0m = 27 [0;36mhash[0m = 302576be332a17d7a03fc937d616fe3447b204e814687fafc145cb0b58b1f0e0 
[0;36mDEBUG[0m[2026-03-16 10:14:11.775]   received shard header from network in block tracker [0;36mshard[0m = 0 [0;36mepoch[0m = 0 [0;36mround[0m = 32 [0;36mnonce[0m = 28 [0;36mhash[0m = e8576ac07c7fa1eba3982680735573bdaf20c0f20d2816dfbd37a679cd0b98c4 
[0;36mDEBUG[0m[2026-03-16 10:14:11.775]   received shard header from network in block tracker [0;36mshard[0m = 0 [0;36mepoch[0m = 0 [0;36mround[0m = 33 [0;36mnonce[0m = 29 [0;36mhash[0m = 1fc143c4579c2681ac6afa768c0ca3f4cfc3ba96b3ab987fddf183ed2a16530b 
[0;36mDEBUG[0m[2026-03-16 10:14:11.775]   received shard header from network in block tracker [0;36mshard[0m = 0 [0;36mepoch[0m = 0 [0;36mround[0m = 34 [0;36mnonce[0m = 30 [0;36mhash[0m = 5c7b78554174f75d64e73d56256b9b8c66f73e539ed385aaa054fda4dd8d4e93 
[0;36mDEBUG[0m[2026-03-16 10:14:11.775]   received shard header from network in block tracker [0;36mshard[0m = 0 [0;36mepoch[0m = 0 [0;36mround[0m = 35 [0;36mnonce[0m = 31 [0;36mhash[0m = 9375e2ab9522837b05523e0a50db1c2b41f51b9c1c63b99b453976cf7846bf6c 
[0;36mDEBUG[0m[2026-03-16 10:14:11.775]   received shard header from network in block tracker [0;36mshard[0m = 0 [0;36mepoch[0m = 0 [0;36mround[0m = 36 [0;36mnonce[0m = 32 [0;36mhash[0m = c0cefc26f27447ca929f1cf1635695eacf14467e103711539c0f898c4bee0425 
[0;36mDEBUG[0m[2026-03-16 10:14:11.775]   received shard header from network in block tracker [0;36mshard[0m = 0 [0;36mepoch[0m = 0 [0;36mround[0m = 37 [0;36mnonce[0m = 33 [0;36mhash[0m = 02aa9092549555c4122ed4416b04020117e1daa6e215dabb871dfb083fa34e8d 
[0;36mDEBUG[0m[2026-03-16 10:14:11.775]   received shard header from network in block tracker [0;36mshard[0m = 0 [0;36mepoch[0m = 0 [0;36mround[0m = 38 [0;36mnonce[0m = 34 [0;36mhash[0m = 7a7167813907162febb862c75b6172b1a6c6c9eb139a8ce75138785ceefcaeca 
[0;36mDEBUG[0m[2026-03-16 10:14:11.775]   received shard header from network in block tracker [0;36mshard[0m = 0 [0;36mepoch[0m = 0 [0;36mround[0m = 39 [0;36mnonce[0m = 35 [0;36mhash[0m = 703d3751233564dbb29cd6fcc00044975e93ad6c89d8f3cbffaaa5e47dfd07d7 
[0;36mDEBUG[0m[2026-03-16 10:14:11.775]   received shard header from network in block tracker [0;36mshard[0m = 0 [0;36mepoch[0m = 0 [0;36mround[0m = 40 [0;36mnonce[0m = 36 [0;36mhash[0m = dfe61bf9d1f49de9d97d01837c4b3a315fe9ef6bf4c73033f092b32a9c475066 
[0;36mDEBUG[0m[2026-03-16 10:14:11.777]   received shard header from network in block tracker [0;36mshard[0m = 0 [0;36mepoch[0m = 0 [0;36mround[0m = 41 [0;36mnonce[0m = 37 [0;36mhash[0m = ee49fa8b075b4d76fcf354162127cc4f92a88c936a53b711e2bfd95a4776180f 
[0;36mDEBUG[0m[2026-03-16 10:14:11.777]   received shard header from network in block tracker [0;36mshard[0m = 0 [0;36mepoch[0m = 0 [0;36mround[0m = 42 [0;36mnonce[0m = 38 [0;36mhash[0m = 309e9bfb95912dd169aea1801bf371f39a1ee9242f3d698e31cf79702fef97d8 
[0;36mDEBUG[0m[2026-03-16 10:14:11.777]   received shard header from network in block tracker [0;36mshard[0m = 0 [0;36mepoch[0m = 0 [0;36mround[0m = 43 [0;36mnonce[0m = 39 [0;36mhash[0m = 124133116b280a23d8ae7e754f34d81981181f036778a5095754b8d46ccdb1b7 
[0;36mDEBUG[0m[2026-03-16 10:14:11.777]   received shard header from network in block tracker [0;36mshard[0m = 0 [0;36mepoch[0m = 0 [0;36mround[0m = 44 [0;36mnonce[0m = 40 [0;36mhash[0m = 360d92ff2cb8971706a61705e818d3c32f7b864e2a4ee39f4dd32fca5c5559e2 
[0;36mDEBUG[0m[2026-03-16 10:14:11.777]   received shard header from network in block tracker [0;36mshard[0m = 0 [0;36mepoch[0m = 0 [0;36mround[0m = 45 [0;36mnonce[0m = 41 [0;36mhash[0m = ecfd08f0bc82de9c7fa0cf9ac5bcb6ec37c898ddfcbd120475cb0c7a464054b9 
[0;36mDEBUG[0m[2026-03-16 10:14:11.777]   received shard header from network in block tracker [0;36mshard[0m = 0 [0;36mepoch[0m = 0 [0;36mround[0m = 46 [0;36mnonce[0m = 42 [0;36mhash[0m = 1f382048045609d58bd311aeec40a34383443c18b863b0d6807da04cc1dcae1e 
[0;36mDEBUG[0m[2026-03-16 10:14:11.777]   received shard header from network in block tracker [0;36mshard[0m = 0 [0;36mepoch[0m = 0 [0;36mround[0m = 47 [0;36mnonce[0m = 43 [0;36mhash[0m = 76ea648c4b37924fc7f2208193e23ad4f8574a4835955d1ecec3993ef0a7f873 
[0;36mDEBUG[0m[2026-03-16 10:14:11.777]   received shard header from network in block tracker [0;36mshard[0m = 0 [0;36mepoch[0m = 0 [0;36mround[0m = 48 [0;36mnonce[0m = 44 [0;36mhash[0m = 795c6d167c09307a01252e686a04b635010de9ffc91e9244f56e94232f2ccd9d 
[0;36mDEBUG[0m[2026-03-16 10:14:11.777]   received shard header from network in block tracker [0;36mshard[0m = 0 [0;36mepoch[0m = 0 [0;36mround[0m = 49 [0;36mnonce[0m = 45 [0;36mhash[0m = 6c523e8a6c700e13d183b49e7a0c32dfca54e946e32235ae74d06271785584ed 
[0;36mDEBUG[0m[2026-03-16 10:14:11.777]   received shard header from network in block tracker [0;36mshard[0m = 0 [0;36mepoch[0m = 0 [0;36mround[0m = 50 [0;36mnonce[0m = 46 [0;36mhash[0m = 4508fb57292eb4bf6055254599f15652966b84993ab0a46be9c9e21640f705e9 
[0;36mDEBUG[0m[2026-03-16 10:14:11.777]   received shard header from network in block tracker [0;36mshard[0m = 0 [0;36mepoch[0m = 0 [0;36mround[0m = 51 [0;36mnonce[0m = 47 [0;36mhash[0m = 071b8131848becd2d4e461ef5c5f99f14dc2cb6fbda3c6c66b317681826b37f7 
[0;36mDEBUG[0m[2026-03-16 10:14:11.777]   received shard header from network in block tracker [0;36mshard[0m = 0 [0;36mepoch[0m = 0 [0;36mround[0m = 52 [0;36mnonce[0m = 48 [0;36mhash[0m = 557cb6b6bf918afb0179c76754f26c29817967df7464818b1caabcfe57562c3d 
[0;36mDEBUG[0m[2026-03-16 10:14:11.777]   received shard header from network in block tracker [0;36mshard[0m = 0 [0;36mepoch[0m = 0 [0;36mround[0m = 53 [0;36mnonce[0m = 49 [0;36mhash[0m = cbc4f326421893bbcfeac0413bbe31eade950c6096ef236cc71c651e45814df2 
[0;36mDEBUG[0m[2026-03-16 10:14:11.777]   received shard header from network in block tracker [0;36mshard[0m = 0 [0;36mepoch[0m = 0 [0;36mround[0m = 54 [0;36mnonce[0m = 50 [0;36mhash[0m = 1567ff3bbd0704602aa7d31b86649e0e58bf08f3ea513d5ba4c3f59260442159 
[0;36mDEBUG[0m[2026-03-16 10:14:11.777]   received shard header from network in block tracker [0;36mshard[0m = 0 [0;36mepoch[0m = 0 [0;36mround[0m = 55 [0;36mnonce[0m = 51 [0;36mhash[0m = ee6abd32efb997605f52ea23e60a9912fd8238ae1818a2ab8c65eabe66f21f42 
[0;36mDEBUG[0m[2026-03-16 10:14:11.777]   received shard header from network in block tracker [0;36mshard[0m = 0 [0;36mepoch[0m = 0 [0;36mround[0m = 56 [0;36mnonce[0m = 52 [0;36mhash[0m = 763fd34579593ae4d4aa66e2a488dbc3c02cc9cda866d568773878c5e049d420 
[0;36mDEBUG[0m[2026-03-16 10:14:11.777]   received shard header from network in block tracker [0;36mshard[0m = 0 [0;36mepoch[0m = 0 [0;36mround[0m = 57 [0;36mnonce[0m = 53 [0;36mhash[0m = 6af3319f67af93794505dab94865ed6b1f7cd35515b073ddfa25ee9af29df931 
[0;36mDEBUG[0m[2026-03-16 10:14:11.777]   received shard header from network in block tracker [0;36mshard[0m = 0 [0;36mepoch[0m = 0 [0;36mround[0m = 58 [0;36mnonce[0m = 54 [0;36mhash[0m = 6910af1e14deab5f9b11c2cd2e492292c878499fa6fedf56c050ddcbc0499720 
[0;36mDEBUG[0m[2026-03-16 10:14:11.777]   received shard header from network in block tracker [0;36mshard[0m = 0 [0;36mepoch[0m = 0 [0;36mround[0m = 59 [0;36mnonce[0m = 55 [0;36mhash[0m = 32c2b05a557b4017b959c9689daeeed86e6c9a1c300dd879b05733790a1bcb5c 
[0;36mDEBUG[0m[2026-03-16 10:14:11.777]   received shard header from network in block tracker [0;36mshard[0m = 0 [0;36mepoch[0m = 0 [0;36mround[0m = 60 [0;36mnonce[0m = 56 [0;36mhash[0m = c10d0b37df1d573401e260651e131f3636b1acfa5ffbec6adafc24488a9c09c8 
[0;36mDEBUG[0m[2026-03-16 10:14:11.777]   received shard header from network in block tracker [0;36mshard[0m = 0 [0;36mepoch[0m = 0 [0;36mround[0m = 61 [0;36mnonce[0m = 57 [0;36mhash[0m = f76b67c372e7dc8b3cea009f4b6c7bd4111f69b8564bfa9a831d4b45d0b0ef50 
[0;36mDEBUG[0m[2026-03-16 10:14:11.777]   received shard header from network in block tracker [0;36mshard[0m = 0 [0;36mepoch[0m = 0 [0;36mround[0m = 62 [0;36mnonce[0m = 58 [0;36mhash[0m = 55aa177d770b6e11c91c22dca8b06773234136d9fdaf84d60148f5c9fd40492c 
[0;36mDEBUG[0m[2026-03-16 10:14:11.777]   received shard header from network in block tracker [0;36mshard[0m = 0 [0;36mepoch[0m = 0 [0;36mround[0m = 63 [0;36mnonce[0m = 59 [0;36mhash[0m = 1f7823bd9dda7c0b19f3f517a3ff02b67c3a392328676c3bd1d5d7087dabba44 
[0;36mDEBUG[0m[2026-03-16 10:14:11.779]   received shard header from network in block tracker [0;36mshard[0m = 0 [0;36mepoch[0m = 0 [0;36mround[0m = 64 [0;36mnonce[0m = 60 [0;36mhash[0m = c6d75426f52661717a393133fe3abdc582424538ea4637241db191e80d7ee0e4 
[0;36mDEBUG[0m[2026-03-16 10:14:11.779]   received shard header from network in block tracker [0;36mshard[0m = 0 [0;36mepoch[0m = 0 [0;36mround[0m = 65 [0;36mnonce[0m = 61 [0;36mhash[0m = 885609fcbbf1083b406eaee52a663504c04ae71f211c5d202d377f526e342dc3 
[0;36mDEBUG[0m[2026-03-16 10:14:11.779]   received shard header from network in block tracker [0;36mshard[0m = 0 [0;36mepoch[0m = 0 [0;36mround[0m = 66 [0;36mnonce[0m = 62 [0;36mhash[0m = d051083a714f0e5113f33df7d4f25bc6d1c68921b2f7eef667f2cf4dbfbb27ab 
[0;36mDEBUG[0m[2026-03-16 10:14:11.779]   received shard header from network in block tracker [0;36mshard[0m = 0 [0;36mepoch[0m = 0 [0;36mround[0m = 67 [0;36mnonce[0m = 63 [0;36mhash[0m = 223f45638587485d4d568641aff404350b50653bf6338a7f360c926a6063bd32 
[0;36mDEBUG[0m[2026-03-16 10:14:11.779]   received shard header from network in block tracker [0;36mshard[0m = 0 [0;36mepoch[0m = 0 [0;36mround[0m = 68 [0;36mnonce[0m = 64 [0;36mhash[0m = bbb923b7e34cd1df616a20a6e0318a79935591b0e72891854af2339d01d66720 
[0;36mDEBUG[0m[2026-03-16 10:14:11.779]   received shard header from network in block tracker [0;36mshard[0m = 0 [0;36mepoch[0m = 0 [0;36mround[0m = 69 [0;36mnonce[0m = 65 [0;36mhash[0m = 82257395ea744f97bbf526a5a398624202049350610761d9461bf1eb34c4d1cb 
[0;36mDEBUG[0m[2026-03-16 10:14:11.779]   received shard header from network in block tracker [0;36mshard[0m = 0 [0;36mepoch[0m = 0 [0;36mround[0m = 70 [0;36mnonce[0m = 66 [0;36mhash[0m = 2f40b9f38f7a08ca345a0ff6d3a78ae8c17ba29fde1817e934e85e49870418b5 
[0;36mDEBUG[0m[2026-03-16 10:14:11.779]   received shard header from network in block tracker [0;36mshard[0m = 0 [0;36mepoch[0m = 0 [0;36mround[0m = 71 [0;36mnonce[0m = 67 [0;36mhash[0m = b62d33bb5f009b2cc2199ca243c36043e735640bfccd8ae50abe614eff316b1e 
[0;36mDEBUG[0m[2026-03-16 10:14:11.779]   received shard header from network in block tracker [0;36mshard[0m = 0 [0;36mepoch[0m = 0 [0;36mround[0m = 72 [0;36mnonce[0m = 68 [0;36mhash[0m = c86f9a074e0e6da04acfdc8e411b91ebf7dda25506860104bc05d66d43bc4dcf 
[0;36mDEBUG[0m[2026-03-16 10:14:11.779]   received shard header from network in block tracker [0;36mshard[0m = 0 [0;36mepoch[0m = 0 [0;36mround[0m = 73 [0;36mnonce[0m = 69 [0;36mhash[0m = bb7da5d9f4b71b7ed2e0988df5ece727ce3466268661462d529ee1a37132de33 
[0;36mDEBUG[0m[2026-03-16 10:14:11.779]   received shard header from network in block tracker [0;36mshard[0m = 0 [0;36mepoch[0m = 0 [0;36mround[0m = 74 [0;36mnonce[0m = 70 [0;36mhash[0m = 384afe35f41ec058e72ce68166db5d7a8394886ec667b1e55f25b3cb096ad7ed 
[0;36mDEBUG[0m[2026-03-16 10:14:11.779]   received shard header from network in block tracker [0;36mshard[0m = 0 [0;36mepoch[0m = 0 [0;36mround[0m = 75 [0;36mnonce[0m = 71 [0;36mhash[0m = b8651379c20f6f9858331e57250a72c12fc0a71a5979a04d0f3e0714f25773dc 
[0;36mDEBUG[0m[2026-03-16 10:14:11.779]   received shard header from network in block tracker [0;36mshard[0m = 0 [0;36mepoch[0m = 0 [0;36mround[0m = 76 [0;36mnonce[0m = 72 [0;36mhash[0m = 7bc1173141e06fd44875c88f02b326d8251fae81c472b557f5c5433878eb18d1 
[0;36mDEBUG[0m[2026-03-16 10:14:11.779]   received shard header from network in block tracker [0;36mshard[0m = 0 [0;36mepoch[0m = 0 [0;36mround[0m = 77 [0;36mnonce[0m = 73 [0;36mhash[0m = 1e880c61d67a9aeef02fc0c78c96802ec8bb8906d98364c9525496083a387cd7 
[0;36mDEBUG[0m[2026-03-16 10:14:11.779]   received shard header from network in block tracker [0;36mshard[0m = 0 [0;36mepoch[0m = 0 [0;36mround[0m = 78 [0;36mnonce[0m = 74 [0;36mhash[0m = cc2d96fd6f33557990b25d5fa3f4a47fdb2723c36d54aff96e2f2280b711d4ea 
[0;36mDEBUG[0m[2026-03-16 10:14:11.779]   received shard header from network in block tracker [0;36mshard[0m = 0 [0;36mepoch[0m = 0 [0;36mround[0m = 79 [0;36mnonce[0m = 75 [0;36mhash[0m = 427293adf3092963cb80f21ba138f432fd2646bdeed65560a2c434f2d7e6d04e 
[0;36mDEBUG[0m[2026-03-16 10:14:11.779]   received shard header from network in block tracker [0;36mshard[0m = 0 [0;36mepoch[0m = 0 [0;36mround[0m = 80 [0;36mnonce[0m = 76 [0;36mhash[0m = db9c9dd307f80e2fa366527e5823a646e060bd317bfa3e1e6fb215338248a046 
[0;36mDEBUG[0m[2026-03-16 10:14:11.779]   received shard header from network in block tracker [0;36mshard[0m = 0 [0;36mepoch[0m = 0 [0;36mround[0m = 81 [0;36mnonce[0m = 77 [0;36mhash[0m = 9ad4e832a767d583368ff4b64e3a0962b9ae44f3318c796e237a6a6e8a27748d 
[0;36mDEBUG[0m[2026-03-16 10:14:11.779]   received shard header from network in block tracker [0;36mshard[0m = 0 [0;36mepoch[0m = 0 [0;36mround[0m = 82 [0;36mnonce[0m = 78 [0;36mhash[0m = 6239bca261baafa53db334a59533502e6fd92a867cda18a9c7dca3dca9688bed 
[0;36mDEBUG[0m[2026-03-16 10:14:11.779]   received shard header from network in block tracker [0;36mshard[0m = 0 [0;36mepoch[0m = 0 [0;36mround[0m = 83 [0;36mnonce[0m = 79 [0;36mhash[0m = 5a98cc3a230c62736c6f4d782b8c96fa9d115cac8d2324889fb5cae747f5bee8 
[0;36mDEBUG[0m[2026-03-16 10:14:11.779]   received shard header from network in block tracker [0;36mshard[0m = 0 [0;36mepoch[0m = 0 [0;36mround[0m = 84 [0;36mnonce[0m = 80 [0;36mhash[0m = 05cb53c21ae3e4761d3752ccb89fbdc76069f27360c0de0a4dde846783f0006f 
[0;36mDEBUG[0m[2026-03-16 10:14:11.779]   received shard header from network in block tracker [0;36mshard[0m = 0 [0;36mepoch[0m = 0 [0;36mround[0m = 85 [0;36mnonce[0m = 81 [0;36mhash[0m = 66626bae63e9bf210fbc48fe056a676b4e5177c79b6c2e8af15c9fea5b00b956 
[0;36mDEBUG[0m[2026-03-16 10:14:11.779]   received shard header from network in block tracker [0;36mshard[0m = 0 [0;36mepoch[0m = 0 [0;36mround[0m = 86 [0;36mnonce[0m = 82 [0;36mhash[0m = 2c40410336ca106bf1d0bd20ec552012dc983cf0c6bf702eaf12c741dacbfcd0 
[0;36mDEBUG[0m[2026-03-16 10:14:11.779]   received shard header from network in block tracker [0;36mshard[0m = 0 [0;36mepoch[0m = 0 [0;36mround[0m = 87 [0;36mnonce[0m = 83 [0;36mhash[0m = 6c13ca326e71be71dd95b46c744aa309b5b0d1fbce5c76c65aaaf94940ac1366 
[0;36mDEBUG[0m[2026-03-16 10:14:11.779]   received shard header from network in block tracker [0;36mshard[0m = 0 [0;36mepoch[0m = 0 [0;36mround[0m = 88 [0;36mnonce[0m = 84 [0;36mhash[0m = 631d5c2454be97f337e5fa9b8551ffaba959d5079ad1cc9e58d442976251c562 
[0;36mDEBUG[0m[2026-03-16 10:14:11.779]   received shard header from network in block tracker [0;36mshard[0m = 0 [0;36mepoch[0m = 0 [0;36mround[0m = 89 [0;36mnonce[0m = 85 [0;36mhash[0m = a6b28ccce5368d5b3cf95f01c2b519b7f51b41ac8641b4888eb23421914619a0 
[0;36mDEBUG[0m[2026-03-16 10:14:11.779]   received shard header from network in block tracker [0;36mshard[0m = 0 [0;36mepoch[0m = 0 [0;36mround[0m = 90 [0;36mnonce[0m = 86 [0;36mhash[0m = 86ef350d0cb071bd21fc7872bbed24baa4837e743d18e74bf7c06190dd7a3d46 
[0;36mDEBUG[0m[2026-03-16 10:14:11.779]   received shard header from network in block tracker [0;36mshard[0m = 0 [0;36mepoch[0m = 0 [0;36mround[0m = 91 [0;36mnonce[0m = 87 [0;36mhash[0m = 063e7eb05fc7646b4bbc3d9f90e9fd83c378f5fa0c5ee5d3a70089611c27a207 
[0;36mDEBUG[0m[2026-03-16 10:14:11.779]   received shard header from network in block tracker [0;36mshard[0m = 0 [0;36mepoch[0m = 0 [0;36mround[0m = 92 [0;36mnonce[0m = 88 [0;36mhash[0m = 3e5e82de8e6bf42dc5df6e1fe11fd632e0d47dc78646bfa1faea0bcdc739a61d 
[0;36mDEBUG[0m[2026-03-16 10:14:11.779]   received shard header from network in block tracker [0;36mshard[0m = 0 [0;36mepoch[0m = 0 [0;36mround[0m = 93 [0;36mnonce[0m = 89 [0;36mhash[0m = 8ab1a3ac8beae9c795fa76fbd712ec2e86547b2082eaebfc131278c7b8db0e19 
[0;36mDEBUG[0m[2026-03-16 10:14:11.779]   received shard header from network in block tracker [0;36mshard[0m = 0 [0;36mepoch[0m = 0 [0;36mround[0m = 94 [0;36mnonce[0m = 90 [0;36mhash[0m = 4c7f974ef749173dc9ba7246e25cf7add6c928f3b74bf77f3cfe24fe84c34df2 
[0;36mDEBUG[0m[2026-03-16 10:14:11.779]   received shard header from network in block tracker [0;36mshard[0m = 0 [0;36mepoch[0m = 0 [0;36mround[0m = 95 [0;36mnonce[0m = 91 [0;36mhash[0m = a94ddfa9727689ea413866b3b8e95b73f1688e625a526dd9695ed3cbcd6a4b07 
[0;36mDEBUG[0m[2026-03-16 10:14:11.779]   received shard header from network in block tracker [0;36mshard[0m = 0 [0;36mepoch[0m = 0 [0;36mround[0m = 96 [0;36mnonce[0m = 92 [0;36mhash[0m = 81fdb6e24a50c8654a36e4f638d6498e1a58d19c4832e8b1cb0e283fb1da9fea 
[0;36mDEBUG[0m[2026-03-16 10:14:11.779]   received shard header from network in block tracker [0;36mshard[0m = 0 [0;36mepoch[0m = 0 [0;36mround[0m = 97 [0;36mnonce[0m = 93 [0;36mhash[0m = d4b2f4632437ce1ef8e60a328841f3e98da8da97fbb465f07f95b85a8bf616c9 
[0;36mDEBUG[0m[2026-03-16 10:14:11.779]   received shard header from network in block tracker [0;36mshard[0m = 0 [0;36mepoch[0m = 0 [0;36mround[0m = 98 [0;36mnonce[0m = 94 [0;36mhash[0m = d64e257c379c4599df1f8289557f5bc7fcb7c41cae4ca8082ed07929cf194b47 
[0;36mDEBUG[0m[2026-03-16 10:14:11.779]   received shard header from network in block tracker [0;36mshard[0m = 0 [0;36mepoch[0m = 0 [0;36mround[0m = 99 [0;36mnonce[0m = 95 [0;36mhash[0m = dfe62cd7d19773a3ccbb8935ec0c142e594eb98b2c5f27525a38fbee1f5dd901 
[0;36mDEBUG[0m[2026-03-16 10:14:11.779]   received shard header from network in block tracker [0;36mshard[0m = 0 [0;36mepoch[0m = 0 [0;36mround[0m = 100 [0;36mnonce[0m = 96 [0;36mhash[0m = 21e7a175b31663ece833afcd9f46f792ddc75e3e436cb2dfa39e49fa7fd4defd 
[0;36mDEBUG[0m[2026-03-16 10:14:11.779]   received shard header from network in block tracker [0;36mshard[0m = 0 [0;36mepoch[0m = 0 [0;36mround[0m = 101 [0;36mnonce[0m = 97 [0;36mhash[0m = 47bb728d9441a649a1a53788f1058c11868d58572c9542a55a11c5eb294402cc 
[0;36mDEBUG[0m[2026-03-16 10:14:11.779]   received shard header from network in block tracker [0;36mshard[0m = 0 [0;36mepoch[0m = 0 [0;36mround[0m = 102 [0;36mnonce[0m = 98 [0;36mhash[0m = 1294d44eeaecccd8e80b262be1e0a6c98767fb45c6d746a708cb6635b0087a1c 
[0;36mDEBUG[0m[2026-03-16 10:14:11.779]   received shard header from network in block tracker [0;36mshard[0m = 0 [0;36mepoch[0m = 0 [0;36mround[0m = 103 [0;36mnonce[0m = 99 [0;36mhash[0m = f727c261860bc218d03d54eae50449094f03b1a66d8f7d008d068be765d64f7c 
[0;36mDEBUG[0m[2026-03-16 10:14:11.779]   received shard header from network in block tracker [0;36mshard[0m = 0 [0;36mepoch[0m = 0 [0;36mround[0m = 104 [0;36mnonce[0m = 100 [0;36mhash[0m = 842e1916a60adf8ba552c0d88efecad177db58bba67513d3423a21bb5a85bf94 
[0;36mDEBUG[0m[2026-03-16 10:14:11.779]   received shard header from network in block tracker [0;36mshard[0m = 0 [0;36mepoch[0m = 0 [0;36mround[0m = 105 [0;36mnonce[0m = 101 [0;36mhash[0m = ec4bd5d00918b8b27a35e1afe152b8a8d382e707f3daa8a515f8059ac58da159 
[0;36mDEBUG[0m[2026-03-16 10:14:11.779]   received shard header from network in block tracker [0;36mshard[0m = 0 [0;36mepoch[0m = 0 [0;36mround[0m = 106 [0;36mnonce[0m = 102 [0;36mhash[0m = 4f4ed5258c1c664a94ae132b29610a71a9ae5f2a47ef283afb468437b9173a65 
[0;36mDEBUG[0m[2026-03-16 10:14:11.779]   received shard header from network in block tracker [0;36mshard[0m = 0 [0;36mepoch[0m = 0 [0;36mround[0m = 107 [0;36mnonce[0m = 103 [0;36mhash[0m = 550fc51370ffb61fa38cb81d0baa1ce06e41963bf0c99f8b61c2629276eddaf8 
[0;36mDEBUG[0m[2026-03-16 10:14:11.779]   received shard header from network in block tracker [0;36mshard[0m = 0 [0;36mepoch[0m = 0 [0;36mround[0m = 108 [0;36mnonce[0m = 104 [0;36mhash[0m = ebed4625be602969ebe90451d4d523db5fbf0a3839792e920f4f2e872f73b607 
[0;36mDEBUG[0m[2026-03-16 10:14:11.780]   received shard header from network in block tracker [0;36mshard[0m = 0 [0;36mepoch[0m = 0 [0;36mround[0m = 109 [0;36mnonce[0m = 105 [0;36mhash[0m = b1128e622ddaf5c1ab91106c30cc93f6fa5ce761d9934d38c14becc87b825f76 
[0;36mDEBUG[0m[2026-03-16 10:14:11.780]   received shard header from network in block tracker [0;36mshard[0m = 0 [0;36mepoch[0m = 0 [0;36mround[0m = 110 [0;36mnonce[0m = 106 [0;36mhash[0m = ffa7a78980ebf1d86c6cabd5c006a185f8aa3b3297a6986c89682ba70260b8c3 
[0;36mDEBUG[0m[2026-03-16 10:14:11.780]   received shard header from network in block tracker [0;36mshard[0m = 0 [0;36mepoch[0m = 0 [0;36mround[0m = 111 [0;36mnonce[0m = 107 [0;36mhash[0m = f9e40742e916b00e2b3f4a107ed51db1894615a5ef7e6aa0a388d9cdb3214c8f 
[0;36mDEBUG[0m[2026-03-16 10:14:11.780]   received shard header from network in block tracker [0;36mshard[0m = 0 [0;36mepoch[0m = 0 [0;36mround[0m = 112 [0;36mnonce[0m = 108 [0;36mhash[0m = f2a0931950182b313b81646cfe6bb8f44cb26fb6863263d25002e193bcd08d6d 
[0;36mDEBUG[0m[2026-03-16 10:14:11.780]   received shard header from network in block tracker [0;36mshard[0m = 0 [0;36mepoch[0m = 0 [0;36mround[0m = 113 [0;36mnonce[0m = 109 [0;36mhash[0m = f0f1086fe38a3db735f7138008a0bb07083ed7d095b2d8db0949aaca76e46f39 
[0;36mDEBUG[0m[2026-03-16 10:14:11.780]   received shard header from network in block tracker [0;36mshard[0m = 0 [0;36mepoch[0m = 0 [0;36mround[0m = 114 [0;36mnonce[0m = 110 [0;36mhash[0m = a8544ea5837c9730faba6754ac9d2be539bfdd20d82e7436c8764b19e4bb6358 
[0;36mDEBUG[0m[2026-03-16 10:14:11.780]   received shard header from network in block tracker [0;36mshard[0m = 0 [0;36mepoch[0m = 0 [0;36mround[0m = 115 [0;36mnonce[0m = 111 [0;36mhash[0m = 97c9ff8986a5d723c96d1f5dcc97845b4a85bfb7b2fcf3ff7ffbccbbac4fd64b 
[0;36mDEBUG[0m[2026-03-16 10:14:11.780]   received shard header from network in block tracker [0;36mshard[0m = 0 [0;36mepoch[0m = 0 [0;36mround[0m = 116 [0;36mnonce[0m = 112 [0;36mhash[0m = 1be46e6bcacb6becf1116472e67d8b157e42e5e99be34b6de1622d242a64454b 
[0;36mDEBUG[0m[2026-03-16 10:14:11.780]   received shard header from network in block tracker [0;36mshard[0m = 0 [0;36mepoch[0m = 0 [0;36mround[0m = 117 [0;36mnonce[0m = 113 [0;36mhash[0m = eb328831396f3bd4a690f82c77a4322c42344e62e1010a75dfbd3bba9b6cf2b6 
[0;36mDEBUG[0m[2026-03-16 10:14:11.780]   received shard header from network in block tracker [0;36mshard[0m = 0 [0;36mepoch[0m = 0 [0;36mround[0m = 118 [0;36mnonce[0m = 114 [0;36mhash[0m = 61f18129bed2e159e811da87cc49fd1e38c232eef6908e1e4e5fae5b51c3baa0 
[0;36mDEBUG[0m[2026-03-16 10:14:11.780]   received shard header from network in block tracker [0;36mshard[0m = 0 [0;36mepoch[0m = 0 [0;36mround[0m = 119 [0;36mnonce[0m = 115 [0;36mhash[0m = 0380a1cf2a3d3dea417507fb60ea71b2636739b72afaa1b0f2514ac32b5be2db 
[0;36mDEBUG[0m[2026-03-16 10:14:11.780]   received shard header from network in block tracker [0;36mshard[0m = 0 [0;36mepoch[0m = 0 [0;36mround[0m = 120 [0;36mnonce[0m = 116 [0;36mhash[0m = e3a67c1be8271d3a079f4eaf5fe1714b66c8b29c05730109db2a1db3f688aaea 
[0;36mDEBUG[0m[2026-03-16 10:14:11.780]   received shard header from network in block tracker [0;36mshard[0m = 0 [0;36mepoch[0m = 0 [0;36mround[0m = 121 [0;36mnonce[0m = 117 [0;36mhash[0m = a17d7df54133979802dbbcdfb26125de8259b0cb1a6d6287fecdf3564b532f11 
[0;36mDEBUG[0m[2026-03-16 10:14:11.780]   received shard header from network in block tracker [0;36mshard[0m = 0 [0;36mepoch[0m = 0 [0;36mround[0m = 122 [0;36mnonce[0m = 118 [0;36mhash[0m = 522d9a526bebbee887acbd9f78564536620f43827e12e6ac29ad94e42dad20ac 
[0;36mDEBUG[0m[2026-03-16 10:14:11.780]   received shard header from network in block tracker [0;36mshard[0m = 0 [0;36mepoch[0m = 0 [0;36mround[0m = 123 [0;36mnonce[0m = 119 [0;36mhash[0m = 14bcf7a5f73a8ae7886b82efc925b84651fe72db2c9b83bda4a34582e33a8eb0 
[0;36mDEBUG[0m[2026-03-16 10:14:11.780]   received shard header from network in block tracker [0;36mshard[0m = 0 [0;36mepoch[0m = 0 [0;36mround[0m = 124 [0;36mnonce[0m = 120 [0;36mhash[0m = 17675cfce534900d7d20fab06cc6b98a24f068933834d2fac8f914136eb6633b 
[0;36mDEBUG[0m[2026-03-16 10:14:11.780]   received shard header from network in block tracker [0;36mshard[0m = 0 [0;36mepoch[0m = 0 [0;36mround[0m = 125 [0;36mnonce[0m = 121 [0;36mhash[0m = 9a00f3d40f5fc780a47aefdc61c346279b64d8c32b771e4c475648c7335e28ed 
[0;36mDEBUG[0m[2026-03-16 10:14:11.780]   received shard header from network in block tracker [0;36mshard[0m = 0 [0;36mepoch[0m = 0 [0;36mround[0m = 126 [0;36mnonce[0m = 122 [0;36mhash[0m = fd2472678ed9b3498c9901826f56dac2d6b0588d80dd3674f1a5ca6e8b1608d5 
[0;36mDEBUG[0m[2026-03-16 10:14:11.780]   received shard header from network in block tracker [0;36mshard[0m = 0 [0;36mepoch[0m = 0 [0;36mround[0m = 127 [0;36mnonce[0m = 123 [0;36mhash[0m = 54ca6bd7b59f2a0812a4f592ccdcc18dd51b43e41fc568c5a09b13819a131711 
[0;36mDEBUG[0m[2026-03-16 10:14:11.780]   received shard header from network in block tracker [0;36mshard[0m = 0 [0;36mepoch[0m = 0 [0;36mround[0m = 128 [0;36mnonce[0m = 124 [0;36mhash[0m = c0b422652bb68f5c6e75b1b67d286ca4d1c192f1300d3034b6978d96cfee4409 
[0;36mDEBUG[0m[2026-03-16 10:14:11.780]   received shard header from network in block tracker [0;36mshard[0m = 0 [0;36mepoch[0m = 0 [0;36mround[0m = 129 [0;36mnonce[0m = 125 [0;36mhash[0m = 2a1da352ce8a598222a1a9e0bfa6c56c1377c94984235c17cdbed57660b55d0c 
[0;36mDEBUG[0m[2026-03-16 10:14:11.780]   received shard header from network in block tracker [0;36mshard[0m = 0 [0;36mepoch[0m = 0 [0;36mround[0m = 130 [0;36mnonce[0m = 126 [0;36mhash[0m = 4eca899abbaad71f9984714f00880e98fa8599ce09a1ad822ad40e8830e06da8 
[0;36mDEBUG[0m[2026-03-16 10:14:11.780]   received shard header from network in block tracker [0;36mshard[0m = 0 [0;36mepoch[0m = 0 [0;36mround[0m = 131 [0;36mnonce[0m = 127 [0;36mhash[0m = b5835e81210f1186f96d0184b32922d216409a7f842d30cf29abe10152c6e699 
[0;36mDEBUG[0m[2026-03-16 10:14:11.780]   received shard header from network in block tracker [0;36mshard[0m = 0 [0;36mepoch[0m = 0 [0;36mround[0m = 132 [0;36mnonce[0m = 128 [0;36mhash[0m = 2b9cfeff6b4f14254bf4b4769b87d7b00efadcea3d2d7dd53efc9a18a4c6f495 
[0;36mDEBUG[0m[2026-03-16 10:14:11.780]   received shard header from network in block tracker [0;36mshard[0m = 0 [0;36mepoch[0m = 0 [0;36mround[0m = 133 [0;36mnonce[0m = 129 [0;36mhash[0m = 409c557da47a920bcaf54fcb33eb4d0584b2cb0956214ce8e49dde8d520c9469 
[0;36mDEBUG[0m[2026-03-16 10:14:11.780]   received shard header from network in block tracker [0;36mshard[0m = 0 [0;36mepoch[0m = 0 [0;36mround[0m = 134 [0;36mnonce[0m = 130 [0;36mhash[0m = 61b7322c5204611d53c3922c631309a0b15f04468aaa20367c3f192e1a9ce675 
[0;36mDEBUG[0m[2026-03-16 10:14:11.780]   received shard header from network in block tracker [0;36mshard[0m = 0 [0;36mepoch[0m = 0 [0;36mround[0m = 135 [0;36mnonce[0m = 131 [0;36mhash[0m = 6261c49c7051f2dac5f7c1091a9a972ef1a6a1ca5a08e2193138c0af9cb0d5fb 
[0;36mDEBUG[0m[2026-03-16 10:14:11.780]   received shard header from network in block tracker [0;36mshard[0m = 0 [0;36mepoch[0m = 0 [0;36mround[0m = 136 [0;36mnonce[0m = 132 [0;36mhash[0m = 330d167b3b8e4b680926128db9ae2d7fb8c4615881baab850bf0a9261a00e978 
[0;36mDEBUG[0m[2026-03-16 10:14:11.780]   received shard header from network in block tracker [0;36mshard[0m = 0 [0;36mepoch[0m = 0 [0;36mround[0m = 137 [0;36mnonce[0m = 133 [0;36mhash[0m = 0a4729babe2664df87e71a7fccd8795aebf5c57c20eda347cf0b4d0a2ed01f4f 
[0;36mDEBUG[0m[2026-03-16 10:14:11.780]   received shard header from network in block tracker [0;36mshard[0m = 0 [0;36mepoch[0m = 0 [0;36mround[0m = 138 [0;36mnonce[0m = 134 [0;36mhash[0m = dc3d8413c6cf2e29d3cb4d85a26c45610f7e02a25fc2096e3a8eb4e9da1390bb 
[0;36mDEBUG[0m[2026-03-16 10:14:11.780]   received shard header from network in block tracker [0;36mshard[0m = 0 [0;36mepoch[0m = 0 [0;36mround[0m = 139 [0;36mnonce[0m = 135 [0;36mhash[0m = 76cb05dfb9468aedfa8d64089c4b4c5d14854430bdcb2a10943bb7458bcbac25 
[0;36mDEBUG[0m[2026-03-16 10:14:11.780]   received shard header from network in block tracker [0;36mshard[0m = 0 [0;36mepoch[0m = 0 [0;36mround[0m = 140 [0;36mnonce[0m = 136 [0;36mhash[0m = 9d2c9f169ca5d4f258d010d28785fef7da75147228393d22a86538847eb622c2 
[0;36mDEBUG[0m[2026-03-16 10:14:11.780]   received shard header from network in block tracker [0;36mshard[0m = 0 [0;36mepoch[0m = 0 [0;36mround[0m = 141 [0;36mnonce[0m = 137 [0;36mhash[0m = 32c6cb1bc2a4334c3964af670130f072a2ee24d627430a9412a2f96c774da18a 
[0;36mDEBUG[0m[2026-03-16 10:14:11.780]   received shard header from network in block tracker [0;36mshard[0m = 0 [0;36mepoch[0m = 0 [0;36mround[0m = 142 [0;36mnonce[0m = 138 [0;36mhash[0m = f8f14ead16f6bbcc524f0e41198bc2cc39efcb7b0727691716654daaa8b6040d 
[0;36mDEBUG[0m[2026-03-16 10:14:11.780]   received shard header from network in block tracker [0;36mshard[0m = 0 [0;36mepoch[0m = 0 [0;36mround[0m = 143 [0;36mnonce[0m = 139 [0;36mhash[0m = 9bba6eecdc19b45e02035f8ca522030d60f787414b2674ddae7b25c2cce5e040 
[0;36mDEBUG[0m[2026-03-16 10:14:11.780]   received shard header from network in block tracker [0;36mshard[0m = 0 [0;36mepoch[0m = 0 [0;36mround[0m = 144 [0;36mnonce[0m = 140 [0;36mhash[0m = 77245223223567337e96299d846564e442309b01a45cc889b44fee8bbd46bed4 
[0;36mDEBUG[0m[2026-03-16 10:14:11.780]   received shard header from network in block tracker [0;36mshard[0m = 0 [0;36mepoch[0m = 0 [0;36mround[0m = 145 [0;36mnonce[0m = 141 [0;36mhash[0m = c16049a1db78e0396a3a18878c6df99e9cb0e7153b7f47839ec94763ac58c45d 
[0;36mDEBUG[0m[2026-03-16 10:14:11.780]   received shard header from network in block tracker [0;36mshard[0m = 0 [0;36mepoch[0m = 0 [0;36mround[0m = 146 [0;36mnonce[0m = 142 [0;36mhash[0m = a17ac96c0db38623c30b32935b1aacb131cd8ddba32e12a5ab399cab9074fdff 
[0;36mDEBUG[0m[2026-03-16 10:14:11.780]   received shard header from network in block tracker [0;36mshard[0m = 0 [0;36mepoch[0m = 0 [0;36mround[0m = 147 [0;36mnonce[0m = 143 [0;36mhash[0m = 4c5a8bdd9ab8ae42a663593c6fa6d0deffbc7ae9e4be5ccd3f5f99240fbe76c6 
[0;36mDEBUG[0m[2026-03-16 10:14:11.780]   received shard header from network in block tracker [0;36mshard[0m = 0 [0;36mepoch[0m = 0 [0;36mround[0m = 148 [0;36mnonce[0m = 144 [0;36mhash[0m = b024e450b49f326b41ec3f083ef03c84c41895c9a9730a083fc628fdf9d0ecc7 
[0;36mDEBUG[0m[2026-03-16 10:14:11.780]   received shard header from network in block tracker [0;36mshard[0m = 0 [0;36mepoch[0m = 0 [0;36mround[0m = 149 [0;36mnonce[0m = 145 [0;36mhash[0m = bf15c980236736eacea1a1b8ded5b8cb943a829ca89e3f63ba844309e502a2e1 
[0;36mDEBUG[0m[2026-03-16 10:14:11.780]   received shard header from network in block tracker [0;36mshard[0m = 0 [0;36mepoch[0m = 0 [0;36mround[0m = 150 [0;36mnonce[0m = 146 [0;36mhash[0m = 3a078cecf2a3484982a5c959087bd81a2324851e376d5682f06297589002c1a1 
[0;36mDEBUG[0m[2026-03-16 10:14:11.780]   received shard header from network in block tracker [0;36mshard[0m = 0 [0;36mepoch[0m = 0 [0;36mround[0m = 151 [0;36mnonce[0m = 147 [0;36mhash[0m = fbad1ed07c217dc3641b13722e45a1777004da39fd10fac81623cc3df1717202 
[0;36mDEBUG[0m[2026-03-16 10:14:11.780]   received shard header from network in block tracker [0;36mshard[0m = 0 [0;36mepoch[0m = 0 [0;36mround[0m = 152 [0;36mnonce[0m = 148 [0;36mhash[0m = 09d38ebfe03415aaaaa56433e603f6a47ed98d7e4ac989ffff8a1b5b4d0db4c1 
[0;36mDEBUG[0m[2026-03-16 10:14:11.780]   received shard header from network in block tracker [0;36mshard[0m = 0 [0;36mepoch[0m = 0 [0;36mround[0m = 153 [0;36mnonce[0m = 149 [0;36mhash[0m = e51451e9564763a29911b8929d8fd043a0db4f50e07f5f1ce2d513382b992726 
[0;36mDEBUG[0m[2026-03-16 10:14:11.780]   received shard header from network in block tracker [0;36mshard[0m = 0 [0;36mepoch[0m = 0 [0;36mround[0m = 154 [0;36mnonce[0m = 150 [0;36mhash[0m = 323646af64ab83b76ebd8e90209cdf59f635522b998abfdc2b776370ff97ae69 
[0;36mDEBUG[0m[2026-03-16 10:14:11.780]   received shard header from network in block tracker [0;36mshard[0m = 0 [0;36mepoch[0m = 0 [0;36mround[0m = 155 [0;36mnonce[0m = 151 [0;36mhash[0m = f38af4c3416fe0a9cf4a705f7198fe603691b232bae8657a458f2980eae9bd4f 
[0;36mDEBUG[0m[2026-03-16 10:14:11.780]   received shard header from network in block tracker [0;36mshard[0m = 0 [0;36mepoch[0m = 0 [0;36mround[0m = 156 [0;36mnonce[0m = 152 [0;36mhash[0m = 3ca5fbdc7053de55e7c469702258038e959f22e7cbe73aeffb3be0ff463b37f2 
[0;36mDEBUG[0m[2026-03-16 10:14:11.780]   received shard header from network in block tracker [0;36mshard[0m = 0 [0;36mepoch[0m = 0 [0;36mround[0m = 157 [0;36mnonce[0m = 153 [0;36mhash[0m = 0e2f13c473e991c93bc5fe3ca796371a98abd504a4cd48c07d64ce0b54504742 
[0;36mDEBUG[0m[2026-03-16 10:14:11.780]   received shard header from network in block tracker [0;36mshard[0m = 0 [0;36mepoch[0m = 0 [0;36mround[0m = 158 [0;36mnonce[0m = 154 [0;36mhash[0m = 531b4f8a420e438940fc24fd1d346a5366502c7488f96b3483453b3d45495988 
[0;36mDEBUG[0m[2026-03-16 10:14:11.780]   received shard header from network in block tracker [0;36mshard[0m = 0 [0;36mepoch[0m = 0 [0;36mround[0m = 159 [0;36mnonce[0m = 155 [0;36mhash[0m = 3a55af7a0ea4b9b8ca5a7f3b98c56c1cbf9230f51ba9cdbb5aa4b3d1ae346226 
[0;36mDEBUG[0m[2026-03-16 10:14:11.780]   received shard header from network in block tracker [0;36mshard[0m = 0 [0;36mepoch[0m = 0 [0;36mround[0m = 160 [0;36mnonce[0m = 156 [0;36mhash[0m = 343b41fe790f69ae44672af1f41089e81f193c7940d2ecf1ab27653b04437084 
[0;36mDEBUG[0m[2026-03-16 10:14:11.780]   received shard header from network in block tracker [0;36mshard[0m = 0 [0;36mepoch[0m = 0 [0;36mround[0m = 161 [0;36mnonce[0m = 157 [0;36mhash[0m = f6dd7805e436f78f489edeff5bf2204e7bd6e149196bac9d40c0bf614df8692d 
[0;36mDEBUG[0m[2026-03-16 10:14:11.780]   received shard header from network in block tracker [0;36mshard[0m = 0 [0;36mepoch[0m = 0 [0;36mround[0m = 162 [0;36mnonce[0m = 158 [0;36mhash[0m = 4b92573f6f6ab9f17874a14b74ce3f95a038f7a5e685c5feacb4a0510554a4cb 
[0;36mDEBUG[0m[2026-03-16 10:14:11.780]   received shard header from network in block tracker [0;36mshard[0m = 0 [0;36mepoch[0m = 0 [0;36mround[0m = 163 [0;36mnonce[0m = 159 [0;36mhash[0m = c254678e540a67fe07e282195ebd451f3233eadb71a922ab57597a4f84db6544 
[0;36mDEBUG[0m[2026-03-16 10:14:11.780]   received shard header from network in block tracker [0;36mshard[0m = 0 [0;36mepoch[0m = 0 [0;36mround[0m = 164 [0;36mnonce[0m = 160 [0;36mhash[0m = 6fd5d21d55e59ed97e6ac5fc38bf40992dea15e562b1229686505d3a01f55be3 
[0;36mDEBUG[0m[2026-03-16 10:14:11.780]   received shard header from network in block tracker [0;36mshard[0m = 0 [0;36mepoch[0m = 0 [0;36mround[0m = 165 [0;36mnonce[0m = 161 [0;36mhash[0m = 9837d6da9ff0e847ef61fd8ea0d90aa97497fdef65256d896f6951344e24c13c 
[0;36mDEBUG[0m[2026-03-16 10:14:11.780]   received shard header from network in block tracker [0;36mshard[0m = 0 [0;36mepoch[0m = 0 [0;36mround[0m = 166 [0;36mnonce[0m = 162 [0;36mhash[0m = 9bf9537388c05550f2dc7239e5ee9b8d19c6391d23a20f112541d133a0fe31d9 
[0;36mDEBUG[0m[2026-03-16 10:14:11.781]   received shard header from network in block tracker [0;36mshard[0m = 0 [0;36mepoch[0m = 0 [0;36mround[0m = 167 [0;36mnonce[0m = 163 [0;36mhash[0m = d71a2ff348de72e532ab0f62d4f290284579898fd4d5b86803f7468ba017713f 
[0;36mDEBUG[0m[2026-03-16 10:14:11.781]   received shard header from network in block tracker [0;36mshard[0m = 0 [0;36mepoch[0m = 0 [0;36mround[0m = 168 [0;36mnonce[0m = 164 [0;36mhash[0m = 200d53a74d4e5f079e2019ddf850fd1202df0ba0a6c69e3c794240abe691d98e 
[0;36mDEBUG[0m[2026-03-16 10:14:11.781]   received shard header from network in block tracker [0;36mshard[0m = 0 [0;36mepoch[0m = 0 [0;36mround[0m = 169 [0;36mnonce[0m = 165 [0;36mhash[0m = 841d6e5a23c8f95be534c4ad3e481fb8d0e87430fa90b749b8bd90b11decfa59 
[0;36mDEBUG[0m[2026-03-16 10:14:11.781]   received shard header from network in block tracker [0;36mshard[0m = 0 [0;36mepoch[0m = 0 [0;36mround[0m = 170 [0;36mnonce[0m = 166 [0;36mhash[0m = 0495ebd8465add28d82c0d08699c12d20d0a40d26bbd1f2d8e1c336a026cbdba 
[0;36mDEBUG[0m[2026-03-16 10:14:11.781]   received shard header from network in block tracker [0;36mshard[0m = 0 [0;36mepoch[0m = 0 [0;36mround[0m = 171 [0;36mnonce[0m = 167 [0;36mhash[0m = 8a53932539bcdce0ae504774c918d4754bdd1307f9934cd9f41825d333233acd 
[0;36mDEBUG[0m[2026-03-16 10:14:11.781]   received shard header from network in block tracker [0;36mshard[0m = 0 [0;36mepoch[0m = 0 [0;36mround[0m = 172 [0;36mnonce[0m = 168 [0;36mhash[0m = 41dd93ff7502d80d36f557e4dfebddff34805af9cca8a5f6a538d34b3cc066f8 
[0;36mDEBUG[0m[2026-03-16 10:14:11.781]   received shard header from network in block tracker [0;36mshard[0m = 0 [0;36mepoch[0m = 0 [0;36mround[0m = 173 [0;36mnonce[0m = 169 [0;36mhash[0m = 4e0b5e6583842ec088a3a46eb5fc1dfa45b57014109cdd841fc99b41ead99d80 
[0;36mDEBUG[0m[2026-03-16 10:14:11.781]   received shard header from network in block tracker [0;36mshard[0m = 0 [0;36mepoch[0m = 0 [0;36mround[0m = 174 [0;36mnonce[0m = 170 [0;36mhash[0m = 07b447c9423700f98537d5466b1eee9683c771c96293c8b91e03018681d8dc4d 
[0;36mDEBUG[0m[2026-03-16 10:14:11.781]   received shard header from network in block tracker [0;36mshard[0m = 0 [0;36mepoch[0m = 0 [0;36mround[0m = 175 [0;36mnonce[0m = 171 [0;36mhash[0m = ee390d59805ef1fdd9e2032f820ad728186a5fdf7350d11d6f0df35d0e969cad 
[0;36mDEBUG[0m[2026-03-16 10:14:11.781]   received shard header from network in block tracker [0;36mshard[0m = 0 [0;36mepoch[0m = 0 [0;36mround[0m = 176 [0;36mnonce[0m = 172 [0;36mhash[0m = 59f90267feb4a5aca79c57cab540595c6202283ef1e408a9b0a6c3db04aa6552 
[0;36mDEBUG[0m[2026-03-16 10:14:11.781]   received shard header from network in block tracker [0;36mshard[0m = 0 [0;36mepoch[0m = 0 [0;36mround[0m = 177 [0;36mnonce[0m = 173 [0;36mhash[0m = b3f37728b417a6effa55672c1f628d1355181315013f2e6254aae5af6fa25c49 
[0;36mDEBUG[0m[2026-03-16 10:14:11.781]   received shard header from network in block tracker [0;36mshard[0m = 0 [0;36mepoch[0m = 0 [0;36mround[0m = 178 [0;36mnonce[0m = 174 [0;36mhash[0m = a013e4f98b328765ec72bfea2f1b44502a23f90c09e8fceeb63defde17762197 
[0;36mDEBUG[0m[2026-03-16 10:14:11.781]   received shard header from network in block tracker [0;36mshard[0m = 0 [0;36mepoch[0m = 0 [0;36mround[0m = 179 [0;36mnonce[0m = 175 [0;36mhash[0m = a3c38b59854641192d60be3eaf00fa28f5716c022b266201b88f347717d9fae2 
[0;36mDEBUG[0m[2026-03-16 10:14:11.781]   received shard header from network in block tracker [0;36mshard[0m = 0 [0;36mepoch[0m = 0 [0;36mround[0m = 180 [0;36mnonce[0m = 176 [0;36mhash[0m = dfb3543cfcaafd165341c3f6155c5dbbd41e661e6009bc5df2388c8bb0452a69 
[0;36mDEBUG[0m[2026-03-16 10:14:11.781]   received shard header from network in block tracker [0;36mshard[0m = 0 [0;36mepoch[0m = 0 [0;36mround[0m = 181 [0;36mnonce[0m = 177 [0;36mhash[0m = 845c95bdc5529a3b827ce021e9ab3ead1318e1489864443c3810a7562c79e4d7 
[0;36mDEBUG[0m[2026-03-16 10:14:11.781]   received shard header from network in block tracker [0;36mshard[0m = 0 [0;36mepoch[0m = 0 [0;36mround[0m = 182 [0;36mnonce[0m = 178 [0;36mhash[0m = c94c4876d46b195f435abaeabe32ee5eae9c24d9aedc3d0d0c34eb3bab6121bf 
[0;36mDEBUG[0m[2026-03-16 10:14:11.781]   received shard header from network in block tracker [0;36mshard[0m = 0 [0;36mepoch[0m = 0 [0;36mround[0m = 183 [0;36mnonce[0m = 179 [0;36mhash[0m = afbf37a75c836a236ae4d1528e33ce1e0fde2bdfbc38da55ea74a28f34d0164c 
[0;36mDEBUG[0m[2026-03-16 10:14:11.781]   received shard header from network in block tracker [0;36mshard[0m = 0 [0;36mepoch[0m = 0 [0;36mround[0m = 184 [0;36mnonce[0m = 180 [0;36mhash[0m = 2e2833161bee8854f9488043e5ed7e0fda1321a3b287242e43962a50833f492d 
[0;36mDEBUG[0m[2026-03-16 10:14:11.781]   received shard header from network in block tracker [0;36mshard[0m = 0 [0;36mepoch[0m = 0 [0;36mround[0m = 185 [0;36mnonce[0m = 181 [0;36mhash[0m = 0ae2e86f1042768a20bb5685f3681b26feb1b1b4b160c3c047ccb7e0547f2863 
[0;36mDEBUG[0m[2026-03-16 10:14:11.781]   received shard header from network in block tracker [0;36mshard[0m = 0 [0;36mepoch[0m = 0 [0;36mround[0m = 186 [0;36mnonce[0m = 182 [0;36mhash[0m = f8364e0a6bf41a573dac3792419ba2f56fe201ca815e4cd361dcda1681c8bca3 
[0;36mDEBUG[0m[2026-03-16 10:14:11.781]   received shard header from network in block tracker [0;36mshard[0m = 0 [0;36mepoch[0m = 0 [0;36mround[0m = 187 [0;36mnonce[0m = 183 [0;36mhash[0m = ce509a1c59bc063f8e14ff51a85b7c6e54a7be08099f56427a1dc15368c2f562 
[0;36mDEBUG[0m[2026-03-16 10:14:11.781]   received shard header from network in block tracker [0;36mshard[0m = 0 [0;36mepoch[0m = 0 [0;36mround[0m = 188 [0;36mnonce[0m = 184 [0;36mhash[0m = 419451df76a2b8fe5d9c9b272dd68d94c70e644d33f4053f7d1886dd6d075d35 
[0;36mDEBUG[0m[2026-03-16 10:14:11.781]   received shard header from network in block tracker [0;36mshard[0m = 0 [0;36mepoch[0m = 0 [0;36mround[0m = 189 [0;36mnonce[0m = 185 [0;36mhash[0m = 97a5a210609ffda02e4f40a6de3ee2bcbb85eda891b45da14777ab6375ae8db6 
[0;36mDEBUG[0m[2026-03-16 10:14:11.781]   received shard header from network in block tracker [0;36mshard[0m = 0 [0;36mepoch[0m = 0 [0;36mround[0m = 190 [0;36mnonce[0m = 186 [0;36mhash[0m = ea147078667be94959d3739302bd489ce4f5530c8a4a16f2c0040c3ef5ecb4f2 
[0;36mDEBUG[0m[2026-03-16 10:14:11.781]   received shard header from network in block tracker [0;36mshard[0m = 0 [0;36mepoch[0m = 0 [0;36mround[0m = 191 [0;36mnonce[0m = 187 [0;36mhash[0m = 96e4ca15c2c6649a1371c077d167dd5972f66e57707863a2025b898e027d8a62 
[0;36mDEBUG[0m[2026-03-16 10:14:11.781]   received shard header from network in block tracker [0;36mshard[0m = 0 [0;36mepoch[0m = 0 [0;36mround[0m = 192 [0;36mnonce[0m = 188 [0;36mhash[0m = da83eeffe37d571840c540d11b4b0fccd12a8d3b9270f0e788b3075a78e7e33c 
[0;36mDEBUG[0m[2026-03-16 10:14:11.781]   received shard header from network in block tracker [0;36mshard[0m = 0 [0;36mepoch[0m = 0 [0;36mround[0m = 193 [0;36mnonce[0m = 189 [0;36mhash[0m = 5e8f2e19f45af328ce1c702e5d5499f1de433f0dc34393a0918b0b2a72cdc3f7 
[0;36mDEBUG[0m[2026-03-16 10:14:11.781]   received shard header from network in block tracker [0;36mshard[0m = 0 [0;36mepoch[0m = 0 [0;36mround[0m = 194 [0;36mnonce[0m = 190 [0;36mhash[0m = 53b722d91375d970b753433f46333b77ead046b9c70fea7ae794b6d589a5794e 
[0;36mDEBUG[0m[2026-03-16 10:14:11.781]   received shard header from network in block tracker [0;36mshard[0m = 0 [0;36mepoch[0m = 0 [0;36mround[0m = 195 [0;36mnonce[0m = 191 [0;36mhash[0m = f90715bd75e4f42b8e85e4bc5c08e652447a0e0cd1a3269b9e84b1cc881b6819 
[0;36mDEBUG[0m[2026-03-16 10:14:11.781]   received shard header from network in block tracker [0;36mshard[0m = 0 [0;36mepoch[0m = 0 [0;36mround[0m = 196 [0;36mnonce[0m = 192 [0;36mhash[0m = 39875b31a64dc4a3ca6e278164089cf3f7b8d3ad44d8a7d48aa12ef1c54f7d82 
[0;36mDEBUG[0m[2026-03-16 10:14:11.781]   received shard header from network in block tracker [0;36mshard[0m = 0 [0;36mepoch[0m = 0 [0;36mround[0m = 197 [0;36mnonce[0m = 193 [0;36mhash[0m = 939853eccce553430bb9ee1a0d895aee220f24a0a3b7bd6682ecc022e356d574 
[0;36mDEBUG[0m[2026-03-16 10:14:11.781]   received shard header from network in block tracker [0;36mshard[0m = 0 [0;36mepoch[0m = 0 [0;36mround[0m = 198 [0;36mnonce[0m = 194 [0;36mhash[0m = 32a6e9190444ef02ba5200703b53913fc74f635c19b08d0360c64361961d40b2 
[0;36mDEBUG[0m[2026-03-16 10:14:11.781]   received shard header from network in block tracker [0;36mshard[0m = 0 [0;36mepoch[0m = 0 [0;36mround[0m = 199 [0;36mnonce[0m = 195 [0;36mhash[0m = e0b6562c8f081f9645a5f816f5688acf70d1efe9895d7c14ac91dc323b0a6ee1 
[0;36mDEBUG[0m[2026-03-16 10:14:11.781]   received shard header from network in block tracker [0;36mshard[0m = 0 [0;36mepoch[0m = 0 [0;36mround[0m = 200 [0;36mnonce[0m = 196 [0;36mhash[0m = 81fd1c5ac1c3ec6126a72b4cdd2bc7f6350b743796c1135dc627d997f2a333b0 
[0;36mDEBUG[0m[2026-03-16 10:14:11.781]   received shard header from network in block tracker [0;36mshard[0m = 0 [0;36mepoch[0m = 0 [0;36mround[0m = 201 [0;36mnonce[0m = 197 [0;36mhash[0m = 8b542b35998572c757ffddeaaf9a989ba0350f6478f64d6280d38fbb4bd91533 
[0;36mDEBUG[0m[2026-03-16 10:14:11.781]   received shard header from network in block tracker [0;36mshard[0m = 0 [0;36mepoch[0m = 0 [0;36mround[0m = 202 [0;36mnonce[0m = 198 [0;36mhash[0m = a543c53511607afad8b54558951237c7dbd2921b91475ac823202fc1c594bdc0 
[0;36mDEBUG[0m[2026-03-16 10:14:11.781]   received shard header from network in block tracker [0;36mshard[0m = 0 [0;36mepoch[0m = 0 [0;36mround[0m = 203 [0;36mnonce[0m = 199 [0;36mhash[0m = a38d8c7344d47bdba2a5f890c22f54a52e52f5e6273bc3f5174a8886b8a551ba 
[0;36mDEBUG[0m[2026-03-16 10:14:11.781]   received shard header from network in block tracker [0;36mshard[0m = 0 [0;36mepoch[0m = 0 [0;36mround[0m = 204 [0;36mnonce[0m = 200 [0;36mhash[0m = 48f48961b097f305c450d04604ac432f01c166b0c9a583d34ab2b5bf232af1aa 
[0;36mDEBUG[0m[2026-03-16 10:14:11.781]   received shard header from network in block tracker [0;36mshard[0m = 0 [0;36mepoch[0m = 0 [0;36mround[0m = 205 [0;36mnonce[0m = 201 [0;36mhash[0m = 94f728bd9244ff45565f646d7a837e4bb20bf38ba97e663db1584665fe313dbc 
[0;36mDEBUG[0m[2026-03-16 10:14:11.781]   received shard header from network in block tracker [0;36mshard[0m = 0 [0;36mepoch[0m = 0 [0;36mround[0m = 206 [0;36mnonce[0m = 202 [0;36mhash[0m = da344af8158628e0a5fddefdcfe2401acea168ad20006a9e0c6b8575321ccbee 
[0;36mDEBUG[0m[2026-03-16 10:14:11.781]   received shard header from network in block tracker [0;36mshard[0m = 0 [0;36mepoch[0m = 0 [0;36mround[0m = 207 [0;36mnonce[0m = 203 [0;36mhash[0m = 013237b4a82c592eab6d7e90a0bd61062424e18035eedf15b790f7626034cfa3 
[0;36mDEBUG[0m[2026-03-16 10:14:11.781]   received shard header from network in block tracker [0;36mshard[0m = 0 [0;36mepoch[0m = 0 [0;36mround[0m = 208 [0;36mnonce[0m = 204 [0;36mhash[0m = 2328737c7df0c6ccb5e64d884a719c365e1f38ef6d9548508b8f7deed2915e25 
[0;36mDEBUG[0m[2026-03-16 10:14:11.781]   received shard header from network in block tracker [0;36mshard[0m = 0 [0;36mepoch[0m = 0 [0;36mround[0m = 209 [0;36mnonce[0m = 205 [0;36mhash[0m = 1d9b63cccc63724d4fcbdb48c61bf57f11a83d3a193ffb2f35f87dea8fcef974 
[0;36mDEBUG[0m[2026-03-16 10:14:11.781]   received shard header from network in block tracker [0;36mshard[0m = 0 [0;36mepoch[0m = 0 [0;36mround[0m = 210 [0;36mnonce[0m = 206 [0;36mhash[0m = 4f08f96adfc6dc44149dad6c5fa34a40e84861ee3f6be07bb97bc47eebb30a75 
[0;36mDEBUG[0m[2026-03-16 10:14:11.781]   received shard header from network in block tracker [0;36mshard[0m = 0 [0;36mepoch[0m = 0 [0;36mround[0m = 211 [0;36mnonce[0m = 207 [0;36mhash[0m = 8c6a97f6bf7c197e1326f033873d060c2f12f239cfe4b92dfc354bbbd71e33f4 
[0;36mDEBUG[0m[2026-03-16 10:14:11.781]   received shard header from network in block tracker [0;36mshard[0m = 0 [0;36mepoch[0m = 0 [0;36mround[0m = 212 [0;36mnonce[0m = 208 [0;36mhash[0m = 8f6571d4c4efc2cc727744fcc2f831f11e8032597e7d282a9098c4d6497458d0 
[0;36mDEBUG[0m[2026-03-16 10:14:11.781]   received shard header from network in block tracker [0;36mshard[0m = 0 [0;36mepoch[0m = 0 [0;36mround[0m = 213 [0;36mnonce[0m = 209 [0;36mhash[0m = 34845627bd30c718e69929882f42565c7cf40c02228282845422080c731f6b06 
[0;36mDEBUG[0m[2026-03-16 10:14:11.781]   received shard header from network in block tracker [0;36mshard[0m = 0 [0;36mepoch[0m = 0 [0;36mround[0m = 214 [0;36mnonce[0m = 210 [0;36mhash[0m = 5237f8e7803709e729514ed8e15aed5d73b02c1b57750c4ce1fb21b356988f8f 
[0;36mDEBUG[0m[2026-03-16 10:14:11.781]   received shard header from network in block tracker [0;36mshard[0m = 0 [0;36mepoch[0m = 0 [0;36mround[0m = 215 [0;36mnonce[0m = 211 [0;36mhash[0m = 84c50ffdccf9b706bddede80cd4d9eeacd77deecb5234aba5e15758d8d0c1425 
[0;36mDEBUG[0m[2026-03-16 10:14:11.781]   received shard header from network in block tracker [0;36mshard[0m = 0 [0;36mepoch[0m = 0 [0;36mround[0m = 216 [0;36mnonce[0m = 212 [0;36mhash[0m = f97d6c0fbed75febb6aa8a32563ef4ff70519edb4522313bc7d05f097799edae 
[0;36mDEBUG[0m[2026-03-16 10:14:11.781]   received shard header from network in block tracker [0;36mshard[0m = 0 [0;36mepoch[0m = 0 [0;36mround[0m = 217 [0;36mnonce[0m = 213 [0;36mhash[0m = 8bfefc5fb8f12dfe97e48d5bf7930104f675d715177b404313bd1d2645e62fb7 
[0;36mDEBUG[0m[2026-03-16 10:14:11.781]   received shard header from network in block tracker [0;36mshard[0m = 0 [0;36mepoch[0m = 0 [0;36mround[0m = 218 [0;36mnonce[0m = 214 [0;36mhash[0m = 9fece902a6f02f78477f6585c17e4a35bd0d1958b6d02b22435133eb6d6c6f7b 
[0;36mDEBUG[0m[2026-03-16 10:14:11.781]   received shard header from network in block tracker [0;36mshard[0m = 0 [0;36mepoch[0m = 0 [0;36mround[0m = 219 [0;36mnonce[0m = 215 [0;36mhash[0m = d223328ff658bfc9570bc999ad92cccf452c4dc9fa9760724effd51e016afee8 
[0;36mDEBUG[0m[2026-03-16 10:14:11.781]   received shard header from network in block tracker [0;36mshard[0m = 0 [0;36mepoch[0m = 0 [0;36mround[0m = 220 [0;36mnonce[0m = 216 [0;36mhash[0m = 5066bde0a05b8fdb1dca67d644619e66b3a3ba39005268692a3d60287708fe76 
[0;36mDEBUG[0m[2026-03-16 10:14:11.781]   received shard header from network in block tracker [0;36mshard[0m = 0 [0;36mepoch[0m = 0 [0;36mround[0m = 221 [0;36mnonce[0m = 217 [0;36mhash[0m = d211fb83ce9389570d929dcaa9fe23ab834160ca46e734d441b93ccf0eb3f377 
[0;36mDEBUG[0m[2026-03-16 10:14:11.781]   received shard header from network in block tracker [0;36mshard[0m = 0 [0;36mepoch[0m = 0 [0;36mround[0m = 222 [0;36mnonce[0m = 218 [0;36mhash[0m = 9a32b45266e43b7908e914b12b0205b2760693b6cea6c98a36f9fc8bbcefc68e 
[0;36mDEBUG[0m[2026-03-16 10:14:11.781]   received shard header from network in block tracker [0;36mshard[0m = 0 [0;36mepoch[0m = 0 [0;36mround[0m = 223 [0;36mnonce[0m = 219 [0;36mhash[0m = f7a3307e3ed8da180bf2a24652e73e9c71c1296dfb53ce3af92f4941a90a641a 
[0;36mDEBUG[0m[2026-03-16 10:14:11.781]   received shard header from network in block tracker [0;36mshard[0m = 0 [0;36mepoch[0m = 0 [0;36mround[0m = 224 [0;36mnonce[0m = 220 [0;36mhash[0m = 94b7032990fc109733fca9725e49cf27f954e26552d6e0aebb36a1e3c98208fd 
[0;36mDEBUG[0m[2026-03-16 10:14:11.781]   received shard header from network in block tracker [0;36mshard[0m = 0 [0;36mepoch[0m = 0 [0;36mround[0m = 225 [0;36mnonce[0m = 221 [0;36mhash[0m = 2a4f85fa491417ef04ab080b1216aebfec0d2acdea5997730ee8adc093da35fd 
[0;36mDEBUG[0m[2026-03-16 10:14:11.781]   received shard header from network in block tracker [0;36mshard[0m = 0 [0;36mepoch[0m = 0 [0;36mround[0m = 226 [0;36mnonce[0m = 222 [0;36mhash[0m = 80786152de23bd6ca12a377422f0ff37b06831164554518f7e9347fc2df12837 
[0;36mDEBUG[0m[2026-03-16 10:14:11.781]   received shard header from network in block tracker [0;36mshard[0m = 0 [0;36mepoch[0m = 0 [0;36mround[0m = 227 [0;36mnonce[0m = 223 [0;36mhash[0m = 0b343803633044f3bbc31de261b3ad5db48d80d9f1aa4f3ed450a91230562302 
[0;36mDEBUG[0m[2026-03-16 10:14:11.781]   received shard header from network in block tracker [0;36mshard[0m = 0 [0;36mepoch[0m = 0 [0;36mround[0m = 228 [0;36mnonce[0m = 224 [0;36mhash[0m = 0ddfff13ea56725bc6addfdf3308a99cdeb70571ba2ffcec64f38618ad1135dd 
[0;36mDEBUG[0m[2026-03-16 10:14:11.781]   received shard header from network in block tracker [0;36mshard[0m = 0 [0;36mepoch[0m = 0 [0;36mround[0m = 229 [0;36mnonce[0m = 225 [0;36mhash[0m = 0357ce2a36334339a28c98fd8d02bc00c921cc5f9049c272933411da5da9a9b5 
[0;36mDEBUG[0m[2026-03-16 10:14:11.781]   received shard header from network in block tracker [0;36mshard[0m = 0 [0;36mepoch[0m = 0 [0;36mround[0m = 230 [0;36mnonce[0m = 226 [0;36mhash[0m = 30e2d546e4bc8e0eb32b16d4bff30f5aab4accf2043380c632d3c6e9850088b2 
[0;36mDEBUG[0m[2026-03-16 10:14:11.781]   received shard header from network in block tracker [0;36mshard[0m = 0 [0;36mepoch[0m = 0 [0;36mround[0m = 231 [0;36mnonce[0m = 227 [0;36mhash[0m = e8043b604e0fdadc9e4a64c77a43550bf818b380668a39e1b15c8fa57938898d 
[0;36mDEBUG[0m[2026-03-16 10:14:11.781]   received shard header from network in block tracker [0;36mshard[0m = 0 [0;36mepoch[0m = 0 [0;36mround[0m = 232 [0;36mnonce[0m = 228 [0;36mhash[0m = 56f4d6ec52d3db4fd9805f5f8de3852c8f37995592e6163d079cda96d2718609 
[0;36mDEBUG[0m[2026-03-16 10:14:11.781]   received shard header from network in block tracker [0;36mshard[0m = 0 [0;36mepoch[0m = 0 [0;36mround[0m = 233 [0;36mnonce[0m = 229 [0;36mhash[0m = 0b8b9641f471f76d8fc90899de3d1bfec365ba4ee606cc83a4be305d37afa47f 
[0;36mDEBUG[0m[2026-03-16 10:14:11.781]   received shard header from network in block tracker [0;36mshard[0m = 0 [0;36mepoch[0m = 0 [0;36mround[0m = 234 [0;36mnonce[0m = 230 [0;36mhash[0m = 98ec54e6d2cb8bd646b4aeb38a20d0d1bad9f94c4d929cee8e877a27cf123ccf 
[0;36mDEBUG[0m[2026-03-16 10:14:11.781]   received shard header from network in block tracker [0;36mshard[0m = 0 [0;36mepoch[0m = 0 [0;36mround[0m = 235 [0;36mnonce[0m = 231 [0;36mhash[0m = 8c400cf1876600b83ced968f4ae84d431d7addc58e8b2f67458349805e97be0b 
[0;36mDEBUG[0m[2026-03-16 10:14:11.781]   received shard header from network in block tracker [0;36mshard[0m = 0 [0;36mepoch[0m = 0 [0;36mround[0m = 236 [0;36mnonce[0m = 232 [0;36mhash[0m = 11ffaf2965d74c026dbb642c3ebcc016e5531bfb683ff4315ed2cac5d7d4e4e3 
[0;36mDEBUG[0m[2026-03-16 10:14:11.781]   received shard header from network in block tracker [0;36mshard[0m = 0 [0;36mepoch[0m = 0 [0;36mround[0m = 237 [0;36mnonce[0m = 233 [0;36mhash[0m = 79c279bec70ef9e6d16a45a6cd877637815343aaee9c1ea6be123e8960578d28 
[0;36mDEBUG[0m[2026-03-16 10:14:11.781]   received shard header from network in block tracker [0;36mshard[0m = 0 [0;36mepoch[0m = 0 [0;36mround[0m = 238 [0;36mnonce[0m = 234 [0;36mhash[0m = f6a0c051e1625587e699e7b818ded91193778e84caab9314c1b0cc790671b5aa 
[0;36mDEBUG[0m[2026-03-16 10:14:11.781]   received shard header from network in block tracker [0;36mshard[0m = 0 [0;36mepoch[0m = 0 [0;36mround[0m = 239 [0;36mnonce[0m = 235 [0;36mhash[0m = c069284eee445fed377e6e5afedc5eb97717c5891091623d2a24656424a11f93 
[0;36mDEBUG[0m[2026-03-16 10:14:11.781]   received shard header from network in block tracker [0;36mshard[0m = 0 [0;36mepoch[0m = 0 [0;36mround[0m = 240 [0;36mnonce[0m = 236 [0;36mhash[0m = 7a8556b51de577539847d701db9ce333a9ecc4ded880c4a61f743766803dc057 
[0;36mDEBUG[0m[2026-03-16 10:14:11.781]   received shard header from network in block tracker [0;36mshard[0m = 0 [0;36mepoch[0m = 0 [0;36mround[0m = 241 [0;36mnonce[0m = 237 [0;36mhash[0m = 2a7e7be8d75907d2fe3923c83e8a504c73186dddb78a993d1846ef69a2e5be62 
[0;36mDEBUG[0m[2026-03-16 10:14:11.781]   received shard header from network in block tracker [0;36mshard[0m = 0 [0;36mepoch[0m = 0 [0;36mround[0m = 242 [0;36mnonce[0m = 238 [0;36mhash[0m = cc10de2ecf74239f96d6e491d02ea3aa26e7e56b955367a631b5c7506d982ea9 
[0;36mDEBUG[0m[2026-03-16 10:14:11.781]   received shard header from network in block tracker [0;36mshard[0m = 0 [0;36mepoch[0m = 0 [0;36mround[0m = 243 [0;36mnonce[0m = 239 [0;36mhash[0m = 8cd060ead34aaacc1c79957519490300230c7ad7f774ab905ef8f32f8958f0eb 
[0;36mDEBUG[0m[2026-03-16 10:14:11.781]   received shard header from network in block tracker [0;36mshard[0m = 0 [0;36mepoch[0m = 0 [0;36mround[0m = 244 [0;36mnonce[0m = 240 [0;36mhash[0m = 06ed30d8d986d2ede8420fcdbef1ff8f858a8495179658d383921ee96a9d3824 
[0;36mDEBUG[0m[2026-03-16 10:14:11.781]   received shard header from network in block tracker [0;36mshard[0m = 0 [0;36mepoch[0m = 0 [0;36mround[0m = 245 [0;36mnonce[0m = 241 [0;36mhash[0m = 9b1c670ef47be85021a83ee732546b4f2320fed57240ad11c55c7635a1c50a91 
[0;36mDEBUG[0m[2026-03-16 10:14:11.781]   received shard header from network in block tracker [0;36mshard[0m = 0 [0;36mepoch[0m = 0 [0;36mround[0m = 246 [0;36mnonce[0m = 242 [0;36mhash[0m = 92dae934c3797b1baa02974ad1b27039f97de2bb194e3005deb361b20d148ac2 
[0;36mDEBUG[0m[2026-03-16 10:14:11.781]   received shard header from network in block tracker [0;36mshard[0m = 0 [0;36mepoch[0m = 0 [0;36mround[0m = 247 [0;36mnonce[0m = 243 [0;36mhash[0m = ddcca784f606c224577dc028039d2c0cd98f1d33ba4e61ec041c1a8d2acc6d3a 
[0;36mDEBUG[0m[2026-03-16 10:14:11.781]   received shard header from network in block tracker [0;36mshard[0m = 0 [0;36mepoch[0m = 0 [0;36mround[0m = 248 [0;36mnonce[0m = 244 [0;36mhash[0m = 10afa9e276bd2b67f3b5a4b5195de1f6d640c761b26f57c7d1c6064432744d27 
[0;36mDEBUG[0m[2026-03-16 10:14:11.781]   received shard header from network in block tracker [0;36mshard[0m = 0 [0;36mepoch[0m = 0 [0;36mround[0m = 249 [0;36mnonce[0m = 245 [0;36mhash[0m = 116d3a757ddfd1b7aaf750c02c8034bb00b11ac6787761b040cf25a895b8ccce 
[0;36mDEBUG[0m[2026-03-16 10:14:11.781]   received shard header from network in block tracker [0;36mshard[0m = 0 [0;36mepoch[0m = 0 [0;36mround[0m = 250 [0;36mnonce[0m = 246 [0;36mhash[0m = 950e1192b8b1c6170c379089a95953fe9906bd5f4058405163bc30e7355f6e2f 
[0;36mDEBUG[0m[2026-03-16 10:14:11.781]   received shard header from network in block tracker [0;36mshard[0m = 0 [0;36mepoch[0m = 0 [0;36mround[0m = 251 [0;36mnonce[0m = 247 [0;36mhash[0m = 8995b4b2194f20b529e13f110b6dfa4076e070b691ae522ff443aa9ba09a43f6 
[0;36mDEBUG[0m[2026-03-16 10:14:11.781]   received shard header from network in block tracker [0;36mshard[0m = 0 [0;36mepoch[0m = 0 [0;36mround[0m = 252 [0;36mnonce[0m = 248 [0;36mhash[0m = 72c076100ae81d16ddd78f4f7cc97d7629bd53a15de3ce5b137fcbd4c8d91776 
[0;36mDEBUG[0m[2026-03-16 10:14:11.782]   received shard header from network in block tracker [0;36mshard[0m = 0 [0;36mepoch[0m = 0 [0;36mround[0m = 253 [0;36mnonce[0m = 249 [0;36mhash[0m = 2bd7bbd0b31f5eeecab4d3e275793caa42246e5639b57e77b6b89ec7c441e679 
[0;36mDEBUG[0m[2026-03-16 10:14:11.782]   received shard header from network in block tracker [0;36mshard[0m = 0 [0;36mepoch[0m = 0 [0;36mround[0m = 254 [0;36mnonce[0m = 250 [0;36mhash[0m = 08a35547db845fe5ec24a5a66373f28b07cefafb0a4ca42d21208ceccc0eda92 
[0;36mDEBUG[0m[2026-03-16 10:14:11.782]   received shard header from network in block tracker [0;36mshard[0m = 0 [0;36mepoch[0m = 0 [0;36mround[0m = 255 [0;36mnonce[0m = 251 [0;36mhash[0m = 7b6cc367be28eb301e1657ca940a782f237cf711666075f57c88261774ab7691 
[0;36mDEBUG[0m[2026-03-16 10:14:11.782]   received shard header from network in block tracker [0;36mshard[0m = 0 [0;36mepoch[0m = 0 [0;36mround[0m = 256 [0;36mnonce[0m = 252 [0;36mhash[0m = 55fe3891cd239e2be6ef1682fb3e0694d219afb904fff9733ab26840b62d5cda 
[0;36mDEBUG[0m[2026-03-16 10:14:11.782]   received shard header from network in block tracker [0;36mshard[0m = 0 [0;36mepoch[0m = 0 [0;36mround[0m = 257 [0;36mnonce[0m = 253 [0;36mhash[0m = 88a22f99aeb81974530739501ccdb0efe7cf276cce093c5cb7dc84405bae8f5c 
[0;36mDEBUG[0m[2026-03-16 10:14:11.782]   received shard header from network in block tracker [0;36mshard[0m = 0 [0;36mepoch[0m = 0 [0;36mround[0m = 258 [0;36mnonce[0m = 254 [0;36mhash[0m = 74ff8847bd9a44a37751b5d155f84fd1721438c84972cd9b38273cd51f87b00c 
[0;36mDEBUG[0m[2026-03-16 10:14:11.782]   received shard header from network in block tracker [0;36mshard[0m = 0 [0;36mepoch[0m = 0 [0;36mround[0m = 259 [0;36mnonce[0m = 255 [0;36mhash[0m = f84d3fe6596405aeb0ceafad6276f322d55ce3ba01d30289c426cdd9f8556d1f 
[0;36mDEBUG[0m[2026-03-16 10:14:11.782]   received shard header from network in block tracker [0;36mshard[0m = 0 [0;36mepoch[0m = 0 [0;36mround[0m = 260 [0;36mnonce[0m = 256 [0;36mhash[0m = da5531f4dbfba099790b42f1e8a747c08efba302fb6d51f446cd5ff1bdd4874f 
[0;36mDEBUG[0m[2026-03-16 10:14:11.782]   received shard header from network in block tracker [0;36mshard[0m = 0 [0;36mepoch[0m = 0 [0;36mround[0m = 261 [0;36mnonce[0m = 257 [0;36mhash[0m = 234dd14e24ad973c6d086ba0d803cf801edcc9f4442d622b48fd3def6dd8eb9b 
[0;36mDEBUG[0m[2026-03-16 10:14:11.782]   received shard header from network in block tracker [0;36mshard[0m = 0 [0;36mepoch[0m = 0 [0;36mround[0m = 262 [0;36mnonce[0m = 258 [0;36mhash[0m = bfa2b7cb3a1fdcde5ea6939cd0b7bebb978a4214e5753e8c5e0e8aefd4156f8d 
[0;36mDEBUG[0m[2026-03-16 10:14:11.782]   received shard header from network in block tracker [0;36mshard[0m = 0 [0;36mepoch[0m = 0 [0;36mround[0m = 263 [0;36mnonce[0m = 259 [0;36mhash[0m = eece5cfe653ff9cd4774bd72cb287771ac559e962d6089a0247633f5e4479136 
[0;36mDEBUG[0m[2026-03-16 10:14:11.782]   received shard header from network in block tracker [0;36mshard[0m = 0 [0;36mepoch[0m = 0 [0;36mround[0m = 264 [0;36mnonce[0m = 260 [0;36mhash[0m = 52ed307bfc7f596ba41ecad7b86bf3b84667c40960e5e51461305ca034b59fbb 
[0;36mDEBUG[0m[2026-03-16 10:14:11.782]   received shard header from network in block tracker [0;36mshard[0m = 0 [0;36mepoch[0m = 0 [0;36mround[0m = 265 [0;36mnonce[0m = 261 [0;36mhash[0m = fdabde9774493175cff85440b9dfd7e97af15bbf227818e763bb302dd08766d3 
[0;36mDEBUG[0m[2026-03-16 10:14:11.782]   received shard header from network in block tracker [0;36mshard[0m = 0 [0;36mepoch[0m = 0 [0;36mround[0m = 266 [0;36mnonce[0m = 262 [0;36mhash[0m = 74f4e83f11ab121e827626e54f2eb5b974b720bdebb7bd953e227a1eb907b72c 
[0;36mDEBUG[0m[2026-03-16 10:14:11.782]   received shard header from network in block tracker [0;36mshard[0m = 0 [0;36mepoch[0m = 0 [0;36mround[0m = 267 [0;36mnonce[0m = 263 [0;36mhash[0m = 6f04bb2e4479af0868515551be409f1b2636490967f7e4a0c452a7ba6f90706f 
[0;36mDEBUG[0m[2026-03-16 10:14:11.782]   received shard header from network in block tracker [0;36mshard[0m = 0 [0;36mepoch[0m = 0 [0;36mround[0m = 268 [0;36mnonce[0m = 264 [0;36mhash[0m = d2e7b369222600a2ed4849bfd85411a89b606bf5e44f1f03b54745ffe2ac3c86 
[0;36mDEBUG[0m[2026-03-16 10:14:11.782]   received shard header from network in block tracker [0;36mshard[0m = 0 [0;36mepoch[0m = 0 [0;36mround[0m = 269 [0;36mnonce[0m = 265 [0;36mhash[0m = 502484031577f6eb606766b2a433928494abf8ea79d2a3d89185e2a134268fe5 
[0;36mDEBUG[0m[2026-03-16 10:14:11.782]   received shard header from network in block tracker [0;36mshard[0m = 0 [0;36mepoch[0m = 0 [0;36mround[0m = 270 [0;36mnonce[0m = 266 [0;36mhash[0m = 6327fd689939e7ea19937e61414d216b436b2f9ffad125b79c8dffecf28df00c 
[0;36mDEBUG[0m[2026-03-16 10:14:11.782]   received shard header from network in block tracker [0;36mshard[0m = 0 [0;36mepoch[0m = 0 [0;36mround[0m = 271 [0;36mnonce[0m = 267 [0;36mhash[0m = 55387d612c385b2f0bd3de1e0bd1684d9dfcd45f85e91a32ba066bae213b4152 
[0;36mDEBUG[0m[2026-03-16 10:14:11.782]   received shard header from network in block tracker [0;36mshard[0m = 0 [0;36mepoch[0m = 0 [0;36mround[0m = 272 [0;36mnonce[0m = 268 [0;36mhash[0m = ddfef88b09bfc1553a5b0d2f98ce86eb23379aa17f0f1be3a5e04643082dbd52 
[0;36mDEBUG[0m[2026-03-16 10:14:11.782]   received shard header from network in block tracker [0;36mshard[0m = 0 [0;36mepoch[0m = 0 [0;36mround[0m = 273 [0;36mnonce[0m = 269 [0;36mhash[0m = 4341624d1f5ab98ea65204bffa74066e2cb8739a4e92c2eeb81583b2101f655b 
[0;36mDEBUG[0m[2026-03-16 10:14:11.782]   received shard header from network in block tracker [0;36mshard[0m = 0 [0;36mepoch[0m = 0 [0;36mround[0m = 274 [0;36mnonce[0m = 270 [0;36mhash[0m = 8d05a9511b9ea2c30520a623fd81f8e301ea04f850c291b58ca313bb38011e65 
[0;36mDEBUG[0m[2026-03-16 10:14:11.782]   received shard header from network in block tracker [0;36mshard[0m = 0 [0;36mepoch[0m = 0 [0;36mround[0m = 275 [0;36mnonce[0m = 271 [0;36mhash[0m = 711fb108addbe478a06b55160966bb55a3962356cb9df4ce7a9416297daab208 
[0;36mDEBUG[0m[2026-03-16 10:14:11.782]   received shard header from network in block tracker [0;36mshard[0m = 0 [0;36mepoch[0m = 0 [0;36mround[0m = 276 [0;36mnonce[0m = 272 [0;36mhash[0m = 8ab767f6ab15b7cc8bd6e2d682fa4ae3a0559739220fefe908a778fdc4b7dfbf 
[0;36mDEBUG[0m[2026-03-16 10:14:11.782]   received shard header from network in block tracker [0;36mshard[0m = 0 [0;36mepoch[0m = 0 [0;36mround[0m = 277 [0;36mnonce[0m = 273 [0;36mhash[0m = 90995fc09014588fc663fa64aa2780ff1ea0fafb75fd4dae480b3936082fe9f2 
[0;36mDEBUG[0m[2026-03-16 10:14:11.782]   received shard header from network in block tracker [0;36mshard[0m = 0 [0;36mepoch[0m = 0 [0;36mround[0m = 278 [0;36mnonce[0m = 274 [0;36mhash[0m = a67106251a29a7aba64e1fef01aedf9798d262dbaa24b0bf4cd05efaea641118 
[0;36mDEBUG[0m[2026-03-16 10:14:11.782]   received shard header from network in block tracker [0;36mshard[0m = 0 [0;36mepoch[0m = 0 [0;36mround[0m = 279 [0;36mnonce[0m = 275 [0;36mhash[0m = f827ecad872892dea3dc3d6d65b560278a47e1c8b86eba6037402a183a21930f 
[0;36mDEBUG[0m[2026-03-16 10:14:11.782]   received shard header from network in block tracker [0;36mshard[0m = 0 [0;36mepoch[0m = 0 [0;36mround[0m = 280 [0;36mnonce[0m = 276 [0;36mhash[0m = 39fa3e5ea7e8163d7cc696c0ee771a9ef697b89a3267267099f99fe4d7c3ee03 
[0;36mDEBUG[0m[2026-03-16 10:14:11.782]   received shard header from network in block tracker [0;36mshard[0m = 0 [0;36mepoch[0m = 0 [0;36mround[0m = 281 [0;36mnonce[0m = 277 [0;36mhash[0m = 3bfed95f52815e9cf096d59339f6a59ecfc31ddb7002edce480b0d2fbf5d687b 
[0;36mDEBUG[0m[2026-03-16 10:14:11.782]   received shard header from network in block tracker [0;36mshard[0m = 0 [0;36mepoch[0m = 0 [0;36mround[0m = 282 [0;36mnonce[0m = 278 [0;36mhash[0m = 7eea8cec6fc600e60b581d95f4723d9bbdfe45324a1a92a4d621d4d9f16ff3e3 
[0;36mDEBUG[0m[2026-03-16 10:14:11.782]   received shard header from network in block tracker [0;36mshard[0m = 0 [0;36mepoch[0m = 0 [0;36mround[0m = 283 [0;36mnonce[0m = 279 [0;36mhash[0m = 53b8143ee5f2e48ff101c40e0b21533ed717c572a6e589062d8d1ab8ef9d7e9f 
[0;36mDEBUG[0m[2026-03-16 10:14:11.782]   received shard header from network in block tracker [0;36mshard[0m = 0 [0;36mepoch[0m = 0 [0;36mround[0m = 284 [0;36mnonce[0m = 280 [0;36mhash[0m = 88f54b325c361fdd0973d70aa06528495a6822192a525cb284042e158c2d93cc 
[0;36mDEBUG[0m[2026-03-16 10:14:11.782]   received shard header from network in block tracker [0;36mshard[0m = 0 [0;36mepoch[0m = 0 [0;36mround[0m = 285 [0;36mnonce[0m = 281 [0;36mhash[0m = bcc963f63ae9dfd976c5318fef73773dc9d9e9a630435897fe46b4e76ea608f4 
[0;36mDEBUG[0m[2026-03-16 10:14:11.782]   received shard header from network in block tracker [0;36mshard[0m = 0 [0;36mepoch[0m = 0 [0;36mround[0m = 286 [0;36mnonce[0m = 282 [0;36mhash[0m = 64e4210041aed454e9797528be74dfbf90bc709cb88d1e0dad58ccb9d351cef6 
[0;36mDEBUG[0m[2026-03-16 10:14:11.782]   received shard header from network in block tracker [0;36mshard[0m = 0 [0;36mepoch[0m = 0 [0;36mround[0m = 287 [0;36mnonce[0m = 283 [0;36mhash[0m = cb729c2c1a0214bf80c096e1cbbc667217b1708173e0616fe7f65981b4128634 
[0;36mDEBUG[0m[2026-03-16 10:14:11.782]   received shard header from network in block tracker [0;36mshard[0m = 0 [0;36mepoch[0m = 0 [0;36mround[0m = 288 [0;36mnonce[0m = 284 [0;36mhash[0m = fea129d7b04f0a78338914018e06e06ce538e12cf9532aaca72302b188d7da5f 
[0;36mDEBUG[0m[2026-03-16 10:14:11.782]   received shard header from network in block tracker [0;36mshard[0m = 0 [0;36mepoch[0m = 0 [0;36mround[0m = 289 [0;36mnonce[0m = 285 [0;36mhash[0m = 964b36ac02982652c5905b5a7e75e5a3e4d21eb9735f991d90e2aef1c4e83fb8 
[0;36mDEBUG[0m[2026-03-16 10:14:11.782]   received shard header from network in block tracker [0;36mshard[0m = 0 [0;36mepoch[0m = 0 [0;36mround[0m = 290 [0;36mnonce[0m = 286 [0;36mhash[0m = adfff62f1b9ce8184a8fe96194bedb2ae7ccc44c13474694e592595469aa48c3 
[0;36mDEBUG[0m[2026-03-16 10:14:11.782]   received shard header from network in block tracker [0;36mshard[0m = 0 [0;36mepoch[0m = 0 [0;36mround[0m = 291 [0;36mnonce[0m = 287 [0;36mhash[0m = dd4a6e328a37d18ed9eee846fe82f58ebc0c8062c5b6221ce9981cde52862a4c 
[0;36mDEBUG[0m[2026-03-16 10:14:11.782]   received shard header from network in block tracker [0;36mshard[0m = 0 [0;36mepoch[0m = 0 [0;36mround[0m = 292 [0;36mnonce[0m = 288 [0;36mhash[0m = 04e79d961c25358cf312bdd5be8a708c0f3408347e17bc9ae76fef503fd09873 
[0;36mDEBUG[0m[2026-03-16 10:14:11.782]   received shard header from network in block tracker [0;36mshard[0m = 0 [0;36mepoch[0m = 0 [0;36mround[0m = 293 [0;36mnonce[0m = 289 [0;36mhash[0m = 1a022c081dd5d22e791318727ee76d1b2720d7c71fb6907fda3f6092688313c2 
[0;36mDEBUG[0m[2026-03-16 10:14:11.782]   received shard header from network in block tracker [0;36mshard[0m = 0 [0;36mepoch[0m = 0 [0;36mround[0m = 294 [0;36mnonce[0m = 290 [0;36mhash[0m = 8ae5e9aaf69754b3c3e859f8023a810ad6a20cdce69895acb510dd78d2a0c233 
[0;36mDEBUG[0m[2026-03-16 10:14:11.782]   received shard header from network in block tracker [0;36mshard[0m = 0 [0;36mepoch[0m = 0 [0;36mround[0m = 295 [0;36mnonce[0m = 291 [0;36mhash[0m = f8091e52ee1527e9c2a478aff171f9b2e809cd3a70260344a9972c36df86bb49 
[0;36mDEBUG[0m[2026-03-16 10:14:11.782]   received shard header from network in block tracker [0;36mshard[0m = 0 [0;36mepoch[0m = 0 [0;36mround[0m = 296 [0;36mnonce[0m = 292 [0;36mhash[0m = cb61ab38625c7ff4e44b2d2dead627e3d620b932ef6bedf499750484304525a5 
[0;36mDEBUG[0m[2026-03-16 10:14:11.782]   received shard header from network in block tracker [0;36mshard[0m = 0 [0;36mepoch[0m = 0 [0;36mround[0m = 297 [0;36mnonce[0m = 293 [0;36mhash[0m = 4bf1449fd02122363fe747030f8a617a5f53d8f071177944cd3a40cf1cdfe4e9 
[0;36mDEBUG[0m[2026-03-16 10:14:11.782]   received shard header from network in block tracker [0;36mshard[0m = 0 [0;36mepoch[0m = 0 [0;36mround[0m = 298 [0;36mnonce[0m = 294 [0;36mhash[0m = 1b422207af51fc2ae0dea7e8c449efe0d78cfaade24ba54f55888a38a2d0c4d7 
[0;36mDEBUG[0m[2026-03-16 10:14:11.782]   received shard header from network in block tracker [0;36mshard[0m = 0 [0;36mepoch[0m = 0 [0;36mround[0m = 299 [0;36mnonce[0m = 295 [0;36mhash[0m = 7941370e72e35594de8ca82ae6e0599174b2423f8f9c8d34efd57bf1a07b3b26 
[0;36mDEBUG[0m[2026-03-16 10:14:11.782]   received shard header from network in block tracker [0;36mshard[0m = 0 [0;36mepoch[0m = 0 [0;36mround[0m = 300 [0;36mnonce[0m = 296 [0;36mhash[0m = 2646bb35a616167b33197faa7a95d1fe185927158b0832d553bd6ebd3e5ba4d0 
[0;36mDEBUG[0m[2026-03-16 10:14:11.782]   received shard header from network in block tracker [0;36mshard[0m = 0 [0;36mepoch[0m = 0 [0;36mround[0m = 301 [0;36mnonce[0m = 297 [0;36mhash[0m = 4042fae19a8f121de638f80e2dab68cf8b1db0fab66e2d3a5dd2e36dc21fdf83 
[0;36mDEBUG[0m[2026-03-16 10:14:11.782]   received shard header from network in block tracker [0;36mshard[0m = 0 [0;36mepoch[0m = 0 [0;36mround[0m = 302 [0;36mnonce[0m = 298 [0;36mhash[0m = 3348a2565a02fda9cadfae02c0537ea24637251e7b52c9096d479855c8d8722a 
[0;36mDEBUG[0m[2026-03-16 10:14:11.782]   received shard header from network in block tracker [0;36mshard[0m = 0 [0;36mepoch[0m = 0 [0;36mround[0m = 303 [0;36mnonce[0m = 299 [0;36mhash[0m = a4d63c0361a1945dbdfdac4fc5d13b7eb54ffa5bba626286774fbbe9e1db0358 
[0;36mDEBUG[0m[2026-03-16 10:14:11.782]   received shard header from network in block tracker [0;36mshard[0m = 0 [0;36mepoch[0m = 0 [0;36mround[0m = 304 [0;36mnonce[0m = 300 [0;36mhash[0m = d90d4ed4b08335495844a0c908dba1865ef58a252aa43206a346018515281d57 
[0;36mDEBUG[0m[2026-03-16 10:14:11.782]   received shard header from network in block tracker [0;36mshard[0m = 0 [0;36mepoch[0m = 0 [0;36mround[0m = 305 [0;36mnonce[0m = 301 [0;36mhash[0m = fc0a9050529864f9545611bfaaa3e2e5ac03606b2a951efaf01d65c7f3283546 
[0;36mDEBUG[0m[2026-03-16 10:14:11.782]   received shard header from network in block tracker [0;36mshard[0m = 0 [0;36mepoch[0m = 0 [0;36mround[0m = 306 [0;36mnonce[0m = 302 [0;36mhash[0m = 1c8b5bf0243e5d6651c6dbf70bfdc826d3ad3596b2af434039010b3af6d2de5e 
[0;36mDEBUG[0m[2026-03-16 10:14:11.782]   received shard header from network in block tracker [0;36mshard[0m = 0 [0;36mepoch[0m = 0 [0;36mround[0m = 307 [0;36mnonce[0m = 303 [0;36mhash[0m = 49dc7f4aff775e388a5ec76ef8cdfa7c64fdc559ea501d91e93cbd6e9d5b20a2 
[0;36mDEBUG[0m[2026-03-16 10:14:11.782]   received shard header from network in block tracker [0;36mshard[0m = 0 [0;36mepoch[0m = 0 [0;36mround[0m = 308 [0;36mnonce[0m = 304 [0;36mhash[0m = 7e14bdaf742aa4d3f4304a26263358bedf9ecf43e2749319889b763d74b52fbb 
[0;36mDEBUG[0m[2026-03-16 10:14:11.782]   received shard header from network in block tracker [0;36mshard[0m = 0 [0;36mepoch[0m = 0 [0;36mround[0m = 309 [0;36mnonce[0m = 305 [0;36mhash[0m = ea35c7eb898e353fa32741f5f7876dfd5c9b83e05fb1e69c74760e044bd9096f 
[0;36mDEBUG[0m[2026-03-16 10:14:11.782]   received shard header from network in block tracker [0;36mshard[0m = 0 [0;36mepoch[0m = 0 [0;36mround[0m = 310 [0;36mnonce[0m = 306 [0;36mhash[0m = 7bb7fce20260ee3d68c53a4c9174405e1580f046bf4187cb9a8dd1236c34993f 
[0;36mDEBUG[0m[2026-03-16 10:14:11.782]   received shard header from network in block tracker [0;36mshard[0m = 0 [0;36mepoch[0m = 0 [0;36mround[0m = 311 [0;36mnonce[0m = 307 [0;36mhash[0m = 3e74274ba732e8bf3237361726f95ea6631f9a539788b4021daab1ec0a1bb368 
[0;36mDEBUG[0m[2026-03-16 10:14:11.782]   received shard header from network in block tracker [0;36mshard[0m = 0 [0;36mepoch[0m = 0 [0;36mround[0m = 312 [0;36mnonce[0m = 308 [0;36mhash[0m = dd61fe30a80b1cedb334006c8142d779e0e1b8a9664545d0456e2cc8d7e784b9 
[0;36mDEBUG[0m[2026-03-16 10:14:11.782]   received shard header from network in block tracker [0;36mshard[0m = 0 [0;36mepoch[0m = 0 [0;36mround[0m = 313 [0;36mnonce[0m = 309 [0;36mhash[0m = 1ee028e82beb41497e7b34673359c3dfc2d6d24d50441ff5a8f1f4b28b3f345d 
[0;36mDEBUG[0m[2026-03-16 10:14:11.782]   received shard header from network in block tracker [0;36mshard[0m = 0 [0;36mepoch[0m = 0 [0;36mround[0m = 314 [0;36mnonce[0m = 310 [0;36mhash[0m = 9a59b222dcb46edc4c0105cef689659cb2370cb22b91c5e58ad2c34030e67add 
[0;36mDEBUG[0m[2026-03-16 10:14:11.782]   received shard header from network in block tracker [0;36mshard[0m = 0 [0;36mepoch[0m = 0 [0;36mround[0m = 315 [0;36mnonce[0m = 311 [0;36mhash[0m = 167168f2c4819e8405177000ddd9bee09866935f36e3ab75a3add35fb543c349 
[0;36mDEBUG[0m[2026-03-16 10:14:11.782]   received shard header from network in block tracker [0;36mshard[0m = 0 [0;36mepoch[0m = 0 [0;36mround[0m = 316 [0;36mnonce[0m = 312 [0;36mhash[0m = eabc569e6a5eff93beb9d535cff165e7397072cab24776718e7e89d2c48a829f 
[0;36mDEBUG[0m[2026-03-16 10:14:11.782]   received shard header from network in block tracker [0;36mshard[0m = 0 [0;36mepoch[0m = 0 [0;36mround[0m = 317 [0;36mnonce[0m = 313 [0;36mhash[0m = 4124bd7b4a61f5988473861cf4161b1dfff09d5ff4b1cd534cab735dcedf6c4c 
[0;36mDEBUG[0m[2026-03-16 10:14:11.782]   received shard header from network in block tracker [0;36mshard[0m = 0 [0;36mepoch[0m = 0 [0;36mround[0m = 318 [0;36mnonce[0m = 314 [0;36mhash[0m = d359ae41307765a5239ea86993da8d0f14d00e51ff46e7d87af7a74e86808f38 
[0;36mDEBUG[0m[2026-03-16 10:14:11.782]   received shard header from network in block tracker [0;36mshard[0m = 0 [0;36mepoch[0m = 0 [0;36mround[0m = 319 [0;36mnonce[0m = 315 [0;36mhash[0m = f1919ef56bbff2551e840e802bb9dd4d8b1cb9e35c0b5fe1fb8c4ce09546d515 
[0;36mDEBUG[0m[2026-03-16 10:14:11.782]   received shard header from network in block tracker [0;36mshard[0m = 0 [0;36mepoch[0m = 0 [0;36mround[0m = 320 [0;36mnonce[0m = 316 [0;36mhash[0m = 0e7eb8cd58893ac721c03ed23a2d06f2a43f44874dd8cb9c797c9067812f66df 
[0;36mDEBUG[0m[2026-03-16 10:14:11.782]   received shard header from network in block tracker [0;36mshard[0m = 0 [0;36mepoch[0m = 0 [0;36mround[0m = 321 [0;36mnonce[0m = 317 [0;36mhash[0m = 576b28f2a6d1f259e7546986eea60573f4cbc70ee37595646eff3c563561ef94 
[0;36mDEBUG[0m[2026-03-16 10:14:11.782]   received shard header from network in block tracker [0;36mshard[0m = 0 [0;36mepoch[0m = 0 [0;36mround[0m = 322 [0;36mnonce[0m = 318 [0;36mhash[0m = 3ab4a3fb72a073bb5347f428fbbf9188b3629dd0c40621dde9f1a7461b110723 
[0;36mDEBUG[0m[2026-03-16 10:14:11.782]   received shard header from network in block tracker [0;36mshard[0m = 0 [0;36mepoch[0m = 0 [0;36mround[0m = 323 [0;36mnonce[0m = 319 [0;36mhash[0m = 729e7d34cf03d54747a2a8ac0c7a0d123f685bfe2022c6c51f420de58903b56d 
[0;36mDEBUG[0m[2026-03-16 10:14:11.782]   received shard header from network in block tracker [0;36mshard[0m = 0 [0;36mepoch[0m = 0 [0;36mround[0m = 324 [0;36mnonce[0m = 320 [0;36mhash[0m = 88cfbcdbff077d310e977872f9d8b76fa2b906324519a4899c5bb9b8ed255444 
[0;36mDEBUG[0m[2026-03-16 10:14:11.782]   received shard header from network in block tracker [0;36mshard[0m = 0 [0;36mepoch[0m = 0 [0;36mround[0m = 325 [0;36mnonce[0m = 321 [0;36mhash[0m = 7d7c400fc9b75972bbfa7759e720ebf92ef63cab312d430d7a1851a6517c9acb 
[0;36mDEBUG[0m[2026-03-16 10:14:11.782]   received shard header from network in block tracker [0;36mshard[0m = 0 [0;36mepoch[0m = 0 [0;36mround[0m = 326 [0;36mnonce[0m = 322 [0;36mhash[0m = 8e7635daff452efc141d03e356b05a79e742c9782c384f819196b7a5d2fe68a6 
[0;36mDEBUG[0m[2026-03-16 10:14:11.782]   received shard header from network in block tracker [0;36mshard[0m = 0 [0;36mepoch[0m = 0 [0;36mround[0m = 327 [0;36mnonce[0m = 323 [0;36mhash[0m = 17e8693b102045af037322ccc7a8ee505fd63cf6bde20007e58afb570787cfd8 
[0;36mDEBUG[0m[2026-03-16 10:14:11.782]   received shard header from network in block tracker [0;36mshard[0m = 0 [0;36mepoch[0m = 0 [0;36mround[0m = 328 [0;36mnonce[0m = 324 [0;36mhash[0m = 2dbdd8053ef159a16a8d7dd492a86e27683b42f9884fd50f38985c32dfb4d000 
[0;36mDEBUG[0m[2026-03-16 10:14:11.782]   received shard header from network in block tracker [0;36mshard[0m = 0 [0;36mepoch[0m = 0 [0;36mround[0m = 329 [0;36mnonce[0m = 325 [0;36mhash[0m = ecc101f8881f821a381ac2b393e44aa81a042325c39108ce0727c4915c50d1b9 
[0;36mDEBUG[0m[2026-03-16 10:14:11.782]   received shard header from network in block tracker [0;36mshard[0m = 0 [0;36mepoch[0m = 0 [0;36mround[0m = 330 [0;36mnonce[0m = 326 [0;36mhash[0m = 60daa57669ba2e71054cc0e71997a33ff75fedbe96828c961bc66e257d4f4324 
[0;36mDEBUG[0m[2026-03-16 10:14:11.782]   received shard header from network in block tracker [0;36mshard[0m = 0 [0;36mepoch[0m = 0 [0;36mround[0m = 331 [0;36mnonce[0m = 327 [0;36mhash[0m = f0714812364aba448a9544f6ddbabee250e4003cbe79a2cd1caf643c6d98d7c7 
[0;36mDEBUG[0m[2026-03-16 10:14:11.782]   received shard header from network in block tracker [0;36mshard[0m = 0 [0;36mepoch[0m = 0 [0;36mround[0m = 332 [0;36mnonce[0m = 328 [0;36mhash[0m = 4bbb834edaf885381d11b538c05d236b494c743a54083684373790787cd74bba 
[0;36mDEBUG[0m[2026-03-16 10:14:11.782]   received shard header from network in block tracker [0;36mshard[0m = 0 [0;36mepoch[0m = 0 [0;36mround[0m = 333 [0;36mnonce[0m = 329 [0;36mhash[0m = cf7d72a480aa943e2db6eeffde626ad2fe48f2729cc2af1a0e9ef75240757ab2 
[0;36mDEBUG[0m[2026-03-16 10:14:11.782]   received shard header from network in block tracker [0;36mshard[0m = 0 [0;36mepoch[0m = 0 [0;36mround[0m = 334 [0;36mnonce[0m = 330 [0;36mhash[0m = 1fd7d508e47d084267723c3430573a2472da7b57e94a49f8a68b39cb35ad1f27 
[0;36mDEBUG[0m[2026-03-16 10:14:11.782]   received shard header from network in block tracker [0;36mshard[0m = 0 [0;36mepoch[0m = 0 [0;36mround[0m = 335 [0;36mnonce[0m = 331 [0;36mhash[0m = 74af81dc211b3e135f7026d4a0fcb41bed48f455e1ca28f5df42ea293f4d5ec0 
[0;36mDEBUG[0m[2026-03-16 10:14:11.782]   received shard header from network in block tracker [0;36mshard[0m = 0 [0;36mepoch[0m = 0 [0;36mround[0m = 336 [0;36mnonce[0m = 332 [0;36mhash[0m = b7d3657e44343f24557c83f086f3dc2188f8a079b9ab9d385d202ea58deb29ac 
[0;36mDEBUG[0m[2026-03-16 10:14:11.782]   received shard header from network in block tracker [0;36mshard[0m = 0 [0;36mepoch[0m = 0 [0;36mround[0m = 337 [0;36mnonce[0m = 333 [0;36mhash[0m = 1a0fc5ea550eb23e8bad3d84dec94257d75b6e58e1e0b7610079af4a498aa941 
[0;36mDEBUG[0m[2026-03-16 10:14:11.782]   received shard header from network in block tracker [0;36mshard[0m = 0 [0;36mepoch[0m = 0 [0;36mround[0m = 338 [0;36mnonce[0m = 334 [0;36mhash[0m = ef0e48ec1712c04762f0c2a6b17bfd6c13105d374ccbb985b684cf2e1096ad13 
[0;36mDEBUG[0m[2026-03-16 10:14:11.782]   received shard header from network in block tracker [0;36mshard[0m = 0 [0;36mepoch[0m = 0 [0;36mround[0m = 339 [0;36mnonce[0m = 335 [0;36mhash[0m = 3ba44e04528585583202ccd855d9f05a1a60b74b3a6a2138d88866f09d361920 
[0;36mDEBUG[0m[2026-03-16 10:14:11.782]   received shard header from network in block tracker [0;36mshard[0m = 0 [0;36mepoch[0m = 0 [0;36mround[0m = 340 [0;36mnonce[0m = 336 [0;36mhash[0m = 964288a8e51061cbad0281463977ab57f4591df3524713790ce0682b579be786 
[0;36mDEBUG[0m[2026-03-16 10:14:11.782]   received shard header from network in block tracker [0;36mshard[0m = 0 [0;36mepoch[0m = 0 [0;36mround[0m = 341 [0;36mnonce[0m = 337 [0;36mhash[0m = 77334d00d8c0b9d5de7f165240e0824569f5a057acfc00608ffd290e394cbe1c 
[0;36mDEBUG[0m[2026-03-16 10:14:11.782]   received shard header from network in block tracker [0;36mshard[0m = 0 [0;36mepoch[0m = 0 [0;36mround[0m = 342 [0;36mnonce[0m = 338 [0;36mhash[0m = 8fc013972eada0d061642e79684e80ea27997070c804377c7cd7e4eb487693e2 
[0;36mDEBUG[0m[2026-03-16 10:14:11.782]   received shard header from network in block tracker [0;36mshard[0m = 0 [0;36mepoch[0m = 0 [0;36mround[0m = 343 [0;36mnonce[0m = 339 [0;36mhash[0m = 51ae0daf4a1cff150da6dccfc972f27ded0b58d5a8e55a7a17d8b4a19ccdbc07 
[0;36mDEBUG[0m[2026-03-16 10:14:11.782]   received shard header from network in block tracker [0;36mshard[0m = 0 [0;36mepoch[0m = 0 [0;36mround[0m = 344 [0;36mnonce[0m = 340 [0;36mhash[0m = a05fe1707ab708db30db359fa4930d04fffdb84ba44a454116ec854b8607572f 
[0;36mDEBUG[0m[2026-03-16 10:14:11.782]   received shard header from network in block tracker [0;36mshard[0m = 0 [0;36mepoch[0m = 0 [0;36mround[0m = 345 [0;36mnonce[0m = 341 [0;36mhash[0m = dcd0706f1b2bba013f4ef6e0a2f8278f58e4d575d8eb66b59ef1787318d511fd 
[0;36mDEBUG[0m[2026-03-16 10:14:11.782]   received shard header from network in block tracker [0;36mshard[0m = 0 [0;36mepoch[0m = 0 [0;36mround[0m = 346 [0;36mnonce[0m = 342 [0;36mhash[0m = adfb70ff58f0924b1c12a41f8f49f8a68a08bf93daaf4f386e313f22c6da12aa 
[0;36mDEBUG[0m[2026-03-16 10:14:11.782]   received shard header from network in block tracker [0;36mshard[0m = 0 [0;36mepoch[0m = 0 [0;36mround[0m = 347 [0;36mnonce[0m = 343 [0;36mhash[0m = 8ad945b9008a4e7978fbb19bb36ebeaeb0c0d68e9f233f8ca8fba0a5a74403f7 
[0;36mDEBUG[0m[2026-03-16 10:14:11.783]   received shard header from network in block tracker [0;36mshard[0m = 0 [0;36mepoch[0m = 0 [0;36mround[0m = 348 [0;36mnonce[0m = 344 [0;36mhash[0m = 3f59cdea2beff4ffc53d8090d7f98b424b50c492d8cee4143f5eb5306c73e142 
[0;36mDEBUG[0m[2026-03-16 10:14:11.783]   received shard header from network in block tracker [0;36mshard[0m = 0 [0;36mepoch[0m = 0 [0;36mround[0m = 349 [0;36mnonce[0m = 345 [0;36mhash[0m = 51c3e0eb8679fa5cf5f60c79c8ca1af63d52bcc6a49c2fd7e27346c1a0eda70e 
[0;36mDEBUG[0m[2026-03-16 10:14:11.783]   received shard header from network in block tracker [0;36mshard[0m = 0 [0;36mepoch[0m = 0 [0;36mround[0m = 350 [0;36mnonce[0m = 346 [0;36mhash[0m = 9006c500e7990565e7c6e402c7158ca4557d8456ac1196b758adfd0e60360eec 
[0;36mDEBUG[0m[2026-03-16 10:14:11.783]   received shard header from network in block tracker [0;36mshard[0m = 0 [0;36mepoch[0m = 0 [0;36mround[0m = 351 [0;36mnonce[0m = 347 [0;36mhash[0m = ef2b15ec4178b0f9eb527e4ab6edc0fbecf6f49ad2a37bd44d1c6fdf1e165e5d 
[0;36mDEBUG[0m[2026-03-16 10:14:11.783]   received shard header from network in block tracker [0;36mshard[0m = 0 [0;36mepoch[0m = 0 [0;36mround[0m = 352 [0;36mnonce[0m = 348 [0;36mhash[0m = 4903eb58f6a4bb18ad9ddf489b4a78502430173263d0a31ea6abd443a38de6cc 
[0;36mDEBUG[0m[2026-03-16 10:14:11.783]   received shard header from network in block tracker [0;36mshard[0m = 0 [0;36mepoch[0m = 0 [0;36mround[0m = 353 [0;36mnonce[0m = 349 [0;36mhash[0m = 455a9bb1c6e3d083295583b60a8a10c443de4523423f92d999a117cb1babc60a 
[0;36mDEBUG[0m[2026-03-16 10:14:11.783]   received shard header from network in block tracker [0;36mshard[0m = 0 [0;36mepoch[0m = 0 [0;36mround[0m = 354 [0;36mnonce[0m = 350 [0;36mhash[0m = b881a683473fa0f6d1a8b88c462a3c68e44e6dbbb776f42a199722ae35a72232 
[0;36mDEBUG[0m[2026-03-16 10:14:11.783]   received shard header from network in block tracker [0;36mshard[0m = 0 [0;36mepoch[0m = 0 [0;36mround[0m = 355 [0;36mnonce[0m = 351 [0;36mhash[0m = ece001f0550e781d8d9c63d7c9fd32b1052e84a8b58fdfb7da4f3db44c4a6495 
[0;36mDEBUG[0m[2026-03-16 10:14:11.783]   received shard header from network in block tracker [0;36mshard[0m = 0 [0;36mepoch[0m = 0 [0;36mround[0m = 356 [0;36mnonce[0m = 352 [0;36mhash[0m = a0cc3d7ffd7f50dfcb899e6e9eb86e83fac29a023ae6e5c7759f7bebf992bb57 
[0;36mDEBUG[0m[2026-03-16 10:14:11.783]   received shard header from network in block tracker [0;36mshard[0m = 0 [0;36mepoch[0m = 0 [0;36mround[0m = 357 [0;36mnonce[0m = 353 [0;36mhash[0m = 8ca89ac75812596ed3b04a90ec78ec41bacfd69d305bcde10e479235a68531fa 
[0;36mDEBUG[0m[2026-03-16 10:14:11.783]   received shard header from network in block tracker [0;36mshard[0m = 0 [0;36mepoch[0m = 0 [0;36mround[0m = 358 [0;36mnonce[0m = 354 [0;36mhash[0m = 407caebb8a6a5d51a41489721ba3b9d3a0f34fb571158306fc46bd52e3921274 
[0;36mDEBUG[0m[2026-03-16 10:14:11.783]   received shard header from network in block tracker [0;36mshard[0m = 0 [0;36mepoch[0m = 0 [0;36mround[0m = 359 [0;36mnonce[0m = 355 [0;36mhash[0m = 450a62584a55bbdf6a2398e44726ddada4081feeee56620e2a95255e4eb440be 
[0;36mDEBUG[0m[2026-03-16 10:14:11.783]   received shard header from network in block tracker [0;36mshard[0m = 0 [0;36mepoch[0m = 0 [0;36mround[0m = 360 [0;36mnonce[0m = 356 [0;36mhash[0m = b0b5a52d1c0d10ad085207c4e1412f273676a002c7494b164c84e1957eb3ec37 
[0;36mDEBUG[0m[2026-03-16 10:14:11.783]   received shard header from network in block tracker [0;36mshard[0m = 0 [0;36mepoch[0m = 0 [0;36mround[0m = 361 [0;36mnonce[0m = 357 [0;36mhash[0m = 2e7c07553c9219bb89f376581308ca35a81eed64fe46795f798f7bf9b10bcec5 
[0;36mDEBUG[0m[2026-03-16 10:14:11.783]   received shard header from network in block tracker [0;36mshard[0m = 0 [0;36mepoch[0m = 0 [0;36mround[0m = 362 [0;36mnonce[0m = 358 [0;36mhash[0m = 3245fa34344c27946a6c1a07b3e7367de423bceec2bfcf98b7d6f5daf293362e 
[0;36mDEBUG[0m[2026-03-16 10:14:11.783]   received shard header from network in block tracker [0;36mshard[0m = 0 [0;36mepoch[0m = 0 [0;36mround[0m = 363 [0;36mnonce[0m = 359 [0;36mhash[0m = b066732ccabd31a841439c86eb2a2db432142647bc367de2e996683f3a210858 
[0;36mDEBUG[0m[2026-03-16 10:14:11.783]   received shard header from network in block tracker [0;36mshard[0m = 0 [0;36mepoch[0m = 0 [0;36mround[0m = 364 [0;36mnonce[0m = 360 [0;36mhash[0m = 4eb5674ccbd59d65fbab0f54061326d154704fd8d64b25be59f1dcb127e86bbe 
[0;36mDEBUG[0m[2026-03-16 10:14:11.783]   received shard header from network in block tracker [0;36mshard[0m = 0 [0;36mepoch[0m = 0 [0;36mround[0m = 365 [0;36mnonce[0m = 361 [0;36mhash[0m = a3c56a5ed1fbe6e022c1c4e11412dda7d2d1d1f9cdc80bfb4524d9185410a038 
[0;36mDEBUG[0m[2026-03-16 10:14:11.783]   received shard header from network in block tracker [0;36mshard[0m = 0 [0;36mepoch[0m = 0 [0;36mround[0m = 366 [0;36mnonce[0m = 362 [0;36mhash[0m = 2f252e054d75559241268adeec8fd2f0d06cdfc40bfa991803da3669e21f1722 
[0;36mDEBUG[0m[2026-03-16 10:14:11.783]   received shard header from network in block tracker [0;36mshard[0m = 0 [0;36mepoch[0m = 0 [0;36mround[0m = 367 [0;36mnonce[0m = 363 [0;36mhash[0m = 7e50f0f78eb2ac309fcdb7a01840eb0f31ff5ee3f14d60e0b46255619e348431 
[0;36mDEBUG[0m[2026-03-16 10:14:11.783]   received shard header from network in block tracker [0;36mshard[0m = 0 [0;36mepoch[0m = 0 [0;36mround[0m = 368 [0;36mnonce[0m = 364 [0;36mhash[0m = a1208b351eace140fae99ef2fd807a6479f8da28b573a2d590fd6156a586318c 
[0;36mDEBUG[0m[2026-03-16 10:14:11.783]   received shard header from network in block tracker [0;36mshard[0m = 0 [0;36mepoch[0m = 0 [0;36mround[0m = 369 [0;36mnonce[0m = 365 [0;36mhash[0m = dc670af47cfd2d521c3fc9ea82c0c45f1888fd969013c0f89c782b6595111ae5 
[0;36mDEBUG[0m[2026-03-16 10:14:11.783]   received shard header from network in block tracker [0;36mshard[0m = 0 [0;36mepoch[0m = 0 [0;36mround[0m = 370 [0;36mnonce[0m = 366 [0;36mhash[0m = e12793b48505eeadc5999766295094f209d57d7adeb63bf7cf9b842eec367c43 
[0;36mDEBUG[0m[2026-03-16 10:14:11.783]   received shard header from network in block tracker [0;36mshard[0m = 0 [0;36mepoch[0m = 0 [0;36mround[0m = 371 [0;36mnonce[0m = 367 [0;36mhash[0m = 0ab869b4a7b9222eacc2be0d70336e23e2181eb80266039d6965a193066ab7b8 
[0;36mDEBUG[0m[2026-03-16 10:14:11.783]   received shard header from network in block tracker [0;36mshard[0m = 0 [0;36mepoch[0m = 0 [0;36mround[0m = 372 [0;36mnonce[0m = 368 [0;36mhash[0m = 9973d242b65ff113d90ae43c7223bf9f7e82479b5893da3853e7bea046dee02b 
[0;36mDEBUG[0m[2026-03-16 10:14:11.783]   received shard header from network in block tracker [0;36mshard[0m = 0 [0;36mepoch[0m = 0 [0;36mround[0m = 373 [0;36mnonce[0m = 369 [0;36mhash[0m = 4f80308d2cb8ac77a1b27e2c21ed51bb29d2e8b00e8e9d62bbf623728417bd7e 
[0;36mDEBUG[0m[2026-03-16 10:14:11.783]   received shard header from network in block tracker [0;36mshard[0m = 0 [0;36mepoch[0m = 0 [0;36mround[0m = 374 [0;36mnonce[0m = 370 [0;36mhash[0m = 7ac434792b6e48dc8f67e0a25c2e433d8813b15c30a9bb106981270912b02501 
[0;36mDEBUG[0m[2026-03-16 10:14:11.783]   received shard header from network in block tracker [0;36mshard[0m = 0 [0;36mepoch[0m = 0 [0;36mround[0m = 375 [0;36mnonce[0m = 371 [0;36mhash[0m = 5ebddbca4e790b62e6c7cdefdad36f9f3e513f95ec8fee777a212135d121389d 
[0;36mDEBUG[0m[2026-03-16 10:14:11.783]   received shard header from network in block tracker [0;36mshard[0m = 0 [0;36mepoch[0m = 0 [0;36mround[0m = 376 [0;36mnonce[0m = 372 [0;36mhash[0m = 5ee9406591e793a981a363d3edf4036921d9cc7104d440eed81922f1720fe702 
[0;36mDEBUG[0m[2026-03-16 10:14:11.783]   received shard header from network in block tracker [0;36mshard[0m = 0 [0;36mepoch[0m = 0 [0;36mround[0m = 377 [0;36mnonce[0m = 373 [0;36mhash[0m = 46d76b00245fe98eb6a132b44df60ae6e4eb011c14e60735592489338bd2b07c 
[0;36mDEBUG[0m[2026-03-16 10:14:11.783]   received shard header from network in block tracker [0;36mshard[0m = 0 [0;36mepoch[0m = 0 [0;36mround[0m = 378 [0;36mnonce[0m = 374 [0;36mhash[0m = 366e17478d3d28c7c6cef63c6b759942a295a1842fc1d5ba55a3396b5619da6b 
[0;36mDEBUG[0m[2026-03-16 10:14:11.783]   received shard header from network in block tracker [0;36mshard[0m = 0 [0;36mepoch[0m = 0 [0;36mround[0m = 379 [0;36mnonce[0m = 375 [0;36mhash[0m = 250d70ca4667a2e7aea124a7b483b7a6ee30bae2d5979adb7655732d68487b73 
[0;36mDEBUG[0m[2026-03-16 10:14:11.783]   received shard header from network in block tracker [0;36mshard[0m = 0 [0;36mepoch[0m = 0 [0;36mround[0m = 380 [0;36mnonce[0m = 376 [0;36mhash[0m = aca6f57e8b9d17e850b29fcb31bea39ef54e0b6f01e5212633a9957ea906a8e5 
[0;36mDEBUG[0m[2026-03-16 10:14:11.783]   received shard header from network in block tracker [0;36mshard[0m = 0 [0;36mepoch[0m = 0 [0;36mround[0m = 381 [0;36mnonce[0m = 377 [0;36mhash[0m = 613b348b552f3b29b3b1391a188d86f93e7311b9dcae12a3fc8c9a9a1cda81d6 
[0;36mDEBUG[0m[2026-03-16 10:14:11.783]   received shard header from network in block tracker [0;36mshard[0m = 0 [0;36mepoch[0m = 0 [0;36mround[0m = 382 [0;36mnonce[0m = 378 [0;36mhash[0m = 36bf21def31291382b1cf2c66317299980e73cacefcb368b59bf70ed55579797 
[0;36mDEBUG[0m[2026-03-16 10:14:11.783]   received shard header from network in block tracker [0;36mshard[0m = 0 [0;36mepoch[0m = 0 [0;36mround[0m = 383 [0;36mnonce[0m = 379 [0;36mhash[0m = 5a19d356dfc0173e39dfb272e99675d93f7e5431fa8e7968ab842cd71df5a963 
[0;36mDEBUG[0m[2026-03-16 10:14:11.783]   received shard header from network in block tracker [0;36mshard[0m = 0 [0;36mepoch[0m = 0 [0;36mround[0m = 384 [0;36mnonce[0m = 380 [0;36mhash[0m = 2bd318acb7cd74f950d65e2a6bd4dd4539af93213eb220cb585c3238b8f9df38 
[0;36mDEBUG[0m[2026-03-16 10:14:11.783]   received shard header from network in block tracker [0;36mshard[0m = 0 [0;36mepoch[0m = 0 [0;36mround[0m = 385 [0;36mnonce[0m = 381 [0;36mhash[0m = 7d53155ddb1371a6f0e4ecbb5dbb8294df4a6452fa4ee4bc45f68dde2b38f3b7 
[0;36mDEBUG[0m[2026-03-16 10:14:11.783]   received shard header from network in block tracker [0;36mshard[0m = 0 [0;36mepoch[0m = 0 [0;36mround[0m = 386 [0;36mnonce[0m = 382 [0;36mhash[0m = 9b3cd8f0c5de0401b8b1c1d14531327f334467c84a134bc3925868396e34a23b 
[0;36mDEBUG[0m[2026-03-16 10:14:11.783]   received shard header from network in block tracker [0;36mshard[0m = 0 [0;36mepoch[0m = 0 [0;36mround[0m = 387 [0;36mnonce[0m = 383 [0;36mhash[0m = eaa8c5d1852ef02e9d4a660dcc515d3c69d66397a907b9538ffa63e2f19cb602 
[0;36mDEBUG[0m[2026-03-16 10:14:11.783]   received shard header from network in block tracker [0;36mshard[0m = 0 [0;36mepoch[0m = 0 [0;36mround[0m = 388 [0;36mnonce[0m = 384 [0;36mhash[0m = d8d8452325975a52e717db608fafe2685d212666457580644f1472e2f11c46a7 
[0;36mDEBUG[0m[2026-03-16 10:14:11.783]   received shard header from network in block tracker [0;36mshard[0m = 0 [0;36mepoch[0m = 0 [0;36mround[0m = 389 [0;36mnonce[0m = 385 [0;36mhash[0m = a958b79de4d14accff044257f27deede9c21e6917fa8cfbb27baf90766659b81 
[0;36mDEBUG[0m[2026-03-16 10:14:11.783]   received shard header from network in block tracker [0;36mshard[0m = 0 [0;36mepoch[0m = 0 [0;36mround[0m = 390 [0;36mnonce[0m = 386 [0;36mhash[0m = be881815267c7daea924e85abd0be1f82df608ea3a134a7b22a5a6ec9b1df5bb 
[0;36mDEBUG[0m[2026-03-16 10:14:11.783]   received shard header from network in block tracker [0;36mshard[0m = 0 [0;36mepoch[0m = 0 [0;36mround[0m = 391 [0;36mnonce[0m = 387 [0;36mhash[0m = 07379adc2b94ae6c4f03a1ec5348568020b23953f49a888c1aa14fe2ec5684ce 
[0;36mDEBUG[0m[2026-03-16 10:14:11.783]   received shard header from network in block tracker [0;36mshard[0m = 0 [0;36mepoch[0m = 0 [0;36mround[0m = 392 [0;36mnonce[0m = 388 [0;36mhash[0m = ec124c75105f81b18f33225e386cf6307b1d4906556cbc821d5cf3c27df23a18 
[0;36mDEBUG[0m[2026-03-16 10:14:11.783]   received shard header from network in block tracker [0;36mshard[0m = 0 [0;36mepoch[0m = 0 [0;36mround[0m = 393 [0;36mnonce[0m = 389 [0;36mhash[0m = 78a789f52c1285937fb6921fe5588fd6593ca86633e94828372b97eba41bb260 
[0;36mDEBUG[0m[2026-03-16 10:14:11.783]   received shard header from network in block tracker [0;36mshard[0m = 0 [0;36mepoch[0m = 0 [0;36mround[0m = 394 [0;36mnonce[0m = 390 [0;36mhash[0m = 8e05e731057411d4fb5972f4e6e0aa4eb426e682557d7e7990146f355dceebe3 
[0;36mDEBUG[0m[2026-03-16 10:14:11.783]   received shard header from network in block tracker [0;36mshard[0m = 0 [0;36mepoch[0m = 0 [0;36mround[0m = 395 [0;36mnonce[0m = 391 [0;36mhash[0m = db50c8eeda7fe04a274b0abcdff69a67386af81d2b0db5e827e6cddf73e654a7 
[0;36mDEBUG[0m[2026-03-16 10:14:11.783]   received shard header from network in block tracker [0;36mshard[0m = 0 [0;36mepoch[0m = 0 [0;36mround[0m = 396 [0;36mnonce[0m = 392 [0;36mhash[0m = f5150621c1be0eae63a98758bf39d9b71a9739bdecf50213b08cd87243146855 
[0;36mDEBUG[0m[2026-03-16 10:14:11.783]   received shard header from network in block tracker [0;36mshard[0m = 0 [0;36mepoch[0m = 0 [0;36mround[0m = 397 [0;36mnonce[0m = 393 [0;36mhash[0m = e6abf53b3f582c4b9bc4d1fb775874568fad740a7bf64d1907ba1344496885c2 
[0;36mDEBUG[0m[2026-03-16 10:14:11.783]   received shard header from network in block tracker [0;36mshard[0m = 0 [0;36mepoch[0m = 0 [0;36mround[0m = 398 [0;36mnonce[0m = 394 [0;36mhash[0m = 27bf064bce9dca5196493e4f30ffc15e333105742762a922732a84224e2292a3 
[0;36mDEBUG[0m[2026-03-16 10:14:11.783]   received shard header from network in block tracker [0;36mshard[0m = 0 [0;36mepoch[0m = 0 [0;36mround[0m = 399 [0;36mnonce[0m = 395 [0;36mhash[0m = 0801e7c0811ce3715900de2ca3502f89030fb82461c713701c14ad3e67d7e262 
[0;36mDEBUG[0m[2026-03-16 10:14:11.783]   received shard header from network in block tracker [0;36mshard[0m = 0 [0;36mepoch[0m = 0 [0;36mround[0m = 400 [0;36mnonce[0m = 396 [0;36mhash[0m = 39b786b8f236f190d856abc7e1c4cd49fd6d20c4b360c3a64645a99f8d7f3ecd 
[0;36mDEBUG[0m[2026-03-16 10:14:11.783]   received shard header from network in block tracker [0;36mshard[0m = 0 [0;36mepoch[0m = 0 [0;36mround[0m = 401 [0;36mnonce[0m = 397 [0;36mhash[0m = cf918472f103a24c5b40a8d6c2942c9cdbb156178d2a48b0f2bf3c62f046d183 
[0;36mDEBUG[0m[2026-03-16 10:14:11.783]   received shard header from network in block tracker [0;36mshard[0m = 0 [0;36mepoch[0m = 0 [0;36mround[0m = 402 [0;36mnonce[0m = 398 [0;36mhash[0m = 1ef9fb7c9a5c63b24801fb0bfb1e9d8a9c5cde92f923d9e2132e8195976ecbda 
[0;36mDEBUG[0m[2026-03-16 10:14:11.783]   received shard header from network in block tracker [0;36mshard[0m = 0 [0;36mepoch[0m = 0 [0;36mround[0m = 403 [0;36mnonce[0m = 399 [0;36mhash[0m = 44868902e9e40bc7bd28445aaacedf8f9b6d211c804d20f5146a2d91392b0ede 
[0;36mDEBUG[0m[2026-03-16 10:14:11.783]   received shard header from network in block tracker [0;36mshard[0m = 0 [0;36mepoch[0m = 0 [0;36mround[0m = 404 [0;36mnonce[0m = 400 [0;36mhash[0m = ef9a45d39ddb4b3e2ee176535c3afce37f9a4e224b93d4eb7763cb1d9e8dec6b 
[0;36mDEBUG[0m[2026-03-16 10:14:11.783]   received shard header from network in block tracker [0;36mshard[0m = 0 [0;36mepoch[0m = 0 [0;36mround[0m = 405 [0;36mnonce[0m = 401 [0;36mhash[0m = 2b22422a444fc1e9c999d770b70e7194cdd9bf6320453d7f9045c1c3d15c6522 
[0;36mDEBUG[0m[2026-03-16 10:14:11.783]   received shard header from network in block tracker [0;36mshard[0m = 0 [0;36mepoch[0m = 0 [0;36mround[0m = 406 [0;36mnonce[0m = 402 [0;36mhash[0m = 9f77560903603222197af0e4b65729505151ffc2b81c327a229ddae8713c5f83 
[0;36mDEBUG[0m[2026-03-16 10:14:11.783]   received shard header from network in block tracker [0;36mshard[0m = 0 [0;36mepoch[0m = 0 [0;36mround[0m = 407 [0;36mnonce[0m = 403 [0;36mhash[0m = 36bfe31c54cb0281d4cc6ed1b209be7a9e3b5405ea3a3a6553ca337d7df5a4e6 
[0;36mDEBUG[0m[2026-03-16 10:14:11.783]   received shard header from network in block tracker [0;36mshard[0m = 0 [0;36mepoch[0m = 0 [0;36mround[0m = 408 [0;36mnonce[0m = 404 [0;36mhash[0m = d6abe11341481f405b2bdb80f92d3f9f61c967b001da1b2166fcf53f830dc1b3 
[0;36mDEBUG[0m[2026-03-16 10:14:11.783]   received shard header from network in block tracker [0;36mshard[0m = 0 [0;36mepoch[0m = 0 [0;36mround[0m = 409 [0;36mnonce[0m = 405 [0;36mhash[0m = fcd018967545b820088cd4ee01d2bb04fa33ef334a6f701e275d3261e5477761 
[0;36mDEBUG[0m[2026-03-16 10:14:11.783]   received shard header from network in block tracker [0;36mshard[0m = 0 [0;36mepoch[0m = 0 [0;36mround[0m = 410 [0;36mnonce[0m = 406 [0;36mhash[0m = f35f7dcea232e7836b8b8ee016585d4dfc7dd6a9b07125013bb55cccf0ddd78a 
[0;36mDEBUG[0m[2026-03-16 10:14:11.783]   received shard header from network in block tracker [0;36mshard[0m = 0 [0;36mepoch[0m = 0 [0;36mround[0m = 411 [0;36mnonce[0m = 407 [0;36mhash[0m = 44ba52e2e9bcfd81cadbb3e1c813ef389a11fe4e56953c9b03ee345f67826f21 
[0;36mDEBUG[0m[2026-03-16 10:14:11.783]   received shard header from network in block tracker [0;36mshard[0m = 0 [0;36mepoch[0m = 0 [0;36mround[0m = 412 [0;36mnonce[0m = 408 [0;36mhash[0m = 790ac5a8ed0a8c1395e285cdc41b71c23ee5b3da2879b3298530bf19a39b121c 
[0;36mDEBUG[0m[2026-03-16 10:14:11.783]   received shard header from network in block tracker [0;36mshard[0m = 0 [0;36mepoch[0m = 0 [0;36mround[0m = 413 [0;36mnonce[0m = 409 [0;36mhash[0m = ea8ba1ec25317e4ff5f1e20a60abc023bbebd7a6403effe3fd6c347765318647 
[0;36mDEBUG[0m[2026-03-16 10:14:11.783]   received shard header from network in block tracker [0;36mshard[0m = 0 [0;36mepoch[0m = 0 [0;36mround[0m = 414 [0;36mnonce[0m = 410 [0;36mhash[0m = 66def70baeaaa0d4253bea9fd9c762a870a953b0f79ffc0245c09b8f38d0f8bd 
[0;36mDEBUG[0m[2026-03-16 10:14:11.783]   received shard header from network in block tracker [0;36mshard[0m = 0 [0;36mepoch[0m = 0 [0;36mround[0m = 415 [0;36mnonce[0m = 411 [0;36mhash[0m = b4912addce2a66d61723454c97f1184320f1681886fa9411c95346e884d6cac8 
[0;36mDEBUG[0m[2026-03-16 10:14:11.783]   received shard header from network in block tracker [0;36mshard[0m = 0 [0;36mepoch[0m = 0 [0;36mround[0m = 416 [0;36mnonce[0m = 412 [0;36mhash[0m = 60876e486438f44d2a1945195bcfab2e1581ae497269dea7efd6b4633e4006f6 
[0;36mDEBUG[0m[2026-03-16 10:14:11.783]   received shard header from network in block tracker [0;36mshard[0m = 0 [0;36mepoch[0m = 0 [0;36mround[0m = 417 [0;36mnonce[0m = 413 [0;36mhash[0m = c43492911d926ee044736f1c5dd16140ded1ca3d6322fd611130fa67e41e63e1 
[0;36mDEBUG[0m[2026-03-16 10:14:11.783]   received shard header from network in block tracker [0;36mshard[0m = 0 [0;36mepoch[0m = 0 [0;36mround[0m = 418 [0;36mnonce[0m = 414 [0;36mhash[0m = 6bdacad884c84846c6eb4d538fe5de31ea2e77056cc3554415b27e6959b75ebc 
[0;36mDEBUG[0m[2026-03-16 10:14:11.783]   received shard header from network in block tracker [0;36mshard[0m = 0 [0;36mepoch[0m = 0 [0;36mround[0m = 419 [0;36mnonce[0m = 415 [0;36mhash[0m = c9e1e78b6eedc47f45ee6cbdc6bd17550867ea7d1e9f0846947927e48c43b365 
[0;36mDEBUG[0m[2026-03-16 10:14:11.783]   received shard header from network in block tracker [0;36mshard[0m = 0 [0;36mepoch[0m = 0 [0;36mround[0m = 420 [0;36mnonce[0m = 416 [0;36mhash[0m = d613b61c4f2537c675a6996726b834a9bab40bf3f516ef17a5142552dd5f5d08 
[0;36mDEBUG[0m[2026-03-16 10:14:11.783]   received shard header from network in block tracker [0;36mshard[0m = 0 [0;36mepoch[0m = 0 [0;36mround[0m = 421 [0;36mnonce[0m = 417 [0;36mhash[0m = c199f5e264d9eb708f984bd8704810220f590f333cec47ea6bd887c0463585ff 
[0;36mDEBUG[0m[2026-03-16 10:14:11.783]   received shard header from network in block tracker [0;36mshard[0m = 0 [0;36mepoch[0m = 0 [0;36mround[0m = 422 [0;36mnonce[0m = 418 [0;36mhash[0m = 0833560a1913a6049c2064010d666bd38726a21787cb1bbd81f26a3fb4ced2b9 
[0;36mDEBUG[0m[2026-03-16 10:14:11.783]   received shard header from network in block tracker [0;36mshard[0m = 0 [0;36mepoch[0m = 0 [0;36mround[0m = 423 [0;36mnonce[0m = 419 [0;36mhash[0m = 897f341512681fa17ba619298f2093f195a0fa0d9656279a77f9768781792f42 
[0;36mDEBUG[0m[2026-03-16 10:14:11.783]   received shard header from network in block tracker [0;36mshard[0m = 0 [0;36mepoch[0m = 0 [0;36mround[0m = 424 [0;36mnonce[0m = 420 [0;36mhash[0m = 8ab5f5ea06e3120608fdb19355f6db9bd697f35561226b607df375f9da279c30 
[0;36mDEBUG[0m[2026-03-16 10:14:11.783]   received shard header from network in block tracker [0;36mshard[0m = 0 [0;36mepoch[0m = 0 [0;36mround[0m = 425 [0;36mnonce[0m = 421 [0;36mhash[0m = c61c72265338181620b4b45181d18620fc53ffb81a890595da25a691b3e1aeb5 
[0;36mDEBUG[0m[2026-03-16 10:14:11.783]   received shard header from network in block tracker [0;36mshard[0m = 0 [0;36mepoch[0m = 0 [0;36mround[0m = 426 [0;36mnonce[0m = 422 [0;36mhash[0m = d0f86e0a3218409f24bd0988526741081473482c12b5cb431fab8955e50a1f0d 
[0;36mDEBUG[0m[2026-03-16 10:14:11.783]   received shard header from network in block tracker [0;36mshard[0m = 0 [0;36mepoch[0m = 0 [0;36mround[0m = 427 [0;36mnonce[0m = 423 [0;36mhash[0m = d0e02f22ad4fbeb314d706477a2ccb726ba74d295a835cd4e8556d22f699656c 
[0;36mDEBUG[0m[2026-03-16 10:14:11.783]   received shard header from network in block tracker [0;36mshard[0m = 0 [0;36mepoch[0m = 0 [0;36mround[0m = 428 [0;36mnonce[0m = 424 [0;36mhash[0m = dbcde661ad2bf557e95e531830522d355fe94d080a402b45707838680028a162 
[0;36mDEBUG[0m[2026-03-16 10:14:11.783]   received shard header from network in block tracker [0;36mshard[0m = 0 [0;36mepoch[0m = 0 [0;36mround[0m = 429 [0;36mnonce[0m = 425 [0;36mhash[0m = ebbefe16b71be5e62a571dbdac6b5149cf8930b9bb45ce2f70a8bef24a1d13d2 
[0;36mDEBUG[0m[2026-03-16 10:14:11.783]   received shard header from network in block tracker [0;36mshard[0m = 0 [0;36mepoch[0m = 0 [0;36mround[0m = 430 [0;36mnonce[0m = 426 [0;36mhash[0m = 71c1708a6c0404931bf3b6b05d154b251d71334a9ea15d5d8ed6f52865c54532 
[0;36mDEBUG[0m[2026-03-16 10:14:11.783]   received shard header from network in block tracker [0;36mshard[0m = 0 [0;36mepoch[0m = 0 [0;36mround[0m = 431 [0;36mnonce[0m = 427 [0;36mhash[0m = eea3647040aea8449e44a6ebcd7f2f3b5d9cb624b1784d0ff1edb321c25a2d21 
[0;36mDEBUG[0m[2026-03-16 10:14:11.783]   received shard header from network in block tracker [0;36mshard[0m = 0 [0;36mepoch[0m = 0 [0;36mround[0m = 432 [0;36mnonce[0m = 428 [0;36mhash[0m = 0334c58d6b300d40caf56c504b0b020d42ae899aebe7efa9da7f9545e60c0f1e 
[0;36mDEBUG[0m[2026-03-16 10:14:11.783]   received shard header from network in block tracker [0;36mshard[0m = 0 [0;36mepoch[0m = 0 [0;36mround[0m = 433 [0;36mnonce[0m = 429 [0;36mhash[0m = 7aa4589ec1a793e805f0fcfa949c86eb63b5f100ce2b97477970f61f614d7d89 
[0;36mDEBUG[0m[2026-03-16 10:14:11.783]   received shard header from network in block tracker [0;36mshard[0m = 0 [0;36mepoch[0m = 0 [0;36mround[0m = 434 [0;36mnonce[0m = 430 [0;36mhash[0m = 0d9f5e30fc9ee3e7110dbb8597983dced27dbb516ce5c11104ecad284c51fe42 
[0;36mDEBUG[0m[2026-03-16 10:14:11.783]   received shard header from network in block tracker [0;36mshard[0m = 0 [0;36mepoch[0m = 0 [0;36mround[0m = 435 [0;36mnonce[0m = 431 [0;36mhash[0m = ad608d97644bb787f8823b1958e97779bc65175e2522554a96a800197406bd36 
[0;36mDEBUG[0m[2026-03-16 10:14:11.783]   received shard header from network in block tracker [0;36mshard[0m = 0 [0;36mepoch[0m = 0 [0;36mround[0m = 436 [0;36mnonce[0m = 432 [0;36mhash[0m = ed2a59ff5ab9de6022ab8cebe239d762cd1298e600a01d76fd49729cf9e5f6c0 
[0;36mDEBUG[0m[2026-03-16 10:14:11.783]   received shard header from network in block tracker [0;36mshard[0m = 0 [0;36mepoch[0m = 0 [0;36mround[0m = 437 [0;36mnonce[0m = 433 [0;36mhash[0m = b4b0cb44e36d3229be22cd77159a94f6f8fffd33459968c3a30134711b45f004 
[0;36mDEBUG[0m[2026-03-16 10:14:11.783]   received shard header from network in block tracker [0;36mshard[0m = 0 [0;36mepoch[0m = 0 [0;36mround[0m = 438 [0;36mnonce[0m = 434 [0;36mhash[0m = e0b8e33d219209052f2ed96c8502d7125fa9fca70c4235eb0d9bd0babf1074d2 
[0;36mDEBUG[0m[2026-03-16 10:14:11.783]   received shard header from network in block tracker [0;36mshard[0m = 0 [0;36mepoch[0m = 0 [0;36mround[0m = 439 [0;36mnonce[0m = 435 [0;36mhash[0m = 9a552833fc38375e8b52b6b5a586649ae6435ea81df2cfbeca4f7de2033951e4 
[0;36mDEBUG[0m[2026-03-16 10:14:11.783]   received shard header from network in block tracker [0;36mshard[0m = 0 [0;36mepoch[0m = 0 [0;36mround[0m = 440 [0;36mnonce[0m = 436 [0;36mhash[0m = 3a51870f545cb76f42ca0341420f9e0ce8b7a662b56f7f8c921676ca3735a011 
[0;36mDEBUG[0m[2026-03-16 10:14:11.783]   received shard header from network in block tracker [0;36mshard[0m = 0 [0;36mepoch[0m = 0 [0;36mround[0m = 441 [0;36mnonce[0m = 437 [0;36mhash[0m = 51c384dd9f66a57366a72ebe5c4c30b3c5713647aa9912c2f58c3bad30c126a9 
[0;36mDEBUG[0m[2026-03-16 10:14:11.784]   received shard header from network in block tracker [0;36mshard[0m = 0 [0;36mepoch[0m = 0 [0;36mround[0m = 442 [0;36mnonce[0m = 438 [0;36mhash[0m = ede6a3aa4fcf6a3e6c9517c8feae67096bbd50e6ee001b549607767d50f89c05 
[0;36mDEBUG[0m[2026-03-16 10:14:11.784]   received shard header from network in block tracker [0;36mshard[0m = 0 [0;36mepoch[0m = 0 [0;36mround[0m = 443 [0;36mnonce[0m = 439 [0;36mhash[0m = 708fd695eeadc91bfeb05c0ea73d7cd0078068e03e1c2f2ffad90c0be80c8121 
[0;36mDEBUG[0m[2026-03-16 10:14:11.784]   received shard header from network in block tracker [0;36mshard[0m = 0 [0;36mepoch[0m = 0 [0;36mround[0m = 444 [0;36mnonce[0m = 440 [0;36mhash[0m = bd41a80ed3e26de8dda22ca84805414f518fa675f364264ecbf5a3b48720b09b 
[0;36mDEBUG[0m[2026-03-16 10:14:11.784]   received shard header from network in block tracker [0;36mshard[0m = 0 [0;36mepoch[0m = 0 [0;36mround[0m = 445 [0;36mnonce[0m = 441 [0;36mhash[0m = f70e213bc77f3bb24b618985842e80fbacea0ae4b85c686a170f162dee9c2cc1 
[0;36mDEBUG[0m[2026-03-16 10:14:11.784]   received shard header from network in block tracker [0;36mshard[0m = 0 [0;36mepoch[0m = 0 [0;36mround[0m = 446 [0;36mnonce[0m = 442 [0;36mhash[0m = 006147e3d8b30a53678dbb4b1d94d9950a6e50526eb9c5534127365cb038370e 
[0;36mDEBUG[0m[2026-03-16 10:14:11.784]   received shard header from network in block tracker [0;36mshard[0m = 0 [0;36mepoch[0m = 0 [0;36mround[0m = 447 [0;36mnonce[0m = 443 [0;36mhash[0m = c68e6ff847a6a463ea808c14b8d02ac2cad23b0bd0129926fd3bb9764bd9bee2 
[0;36mDEBUG[0m[2026-03-16 10:14:11.784]   received shard header from network in block tracker [0;36mshard[0m = 0 [0;36mepoch[0m = 0 [0;36mround[0m = 448 [0;36mnonce[0m = 444 [0;36mhash[0m = ad559a3768e034b0c6457c7805d1e69b84bd78158fd504f6f265d75a907a4b5c 
[0;36mDEBUG[0m[2026-03-16 10:14:11.784]   received shard header from network in block tracker [0;36mshard[0m = 0 [0;36mepoch[0m = 0 [0;36mround[0m = 449 [0;36mnonce[0m = 445 [0;36mhash[0m = 95ec0784bb0d4e355847bc3418eb8f4de064fccad0ba77c3c5cfcd53d6259aae 
[0;36mDEBUG[0m[2026-03-16 10:14:11.784]   received shard header from network in block tracker [0;36mshard[0m = 0 [0;36mepoch[0m = 0 [0;36mround[0m = 450 [0;36mnonce[0m = 446 [0;36mhash[0m = 45fb83095349e1644b2b92478446acb854d3bfd7ab486caf281487df7fbab5d3 
[0;36mDEBUG[0m[2026-03-16 10:14:11.784]   received shard header from network in block tracker [0;36mshard[0m = 0 [0;36mepoch[0m = 0 [0;36mround[0m = 451 [0;36mnonce[0m = 447 [0;36mhash[0m = bb30cb4f54a987b5c1dfee46f30765a578ab5bf4d50095c27d818ff8cfb597d4 
[0;36mDEBUG[0m[2026-03-16 10:14:11.784]   received shard header from network in block tracker [0;36mshard[0m = 0 [0;36mepoch[0m = 0 [0;36mround[0m = 452 [0;36mnonce[0m = 448 [0;36mhash[0m = a10d48b95da2b650b21c571c8a8ee246d1ffa81b44f7865d60ecd9e3e6a4e215 
[0;36mDEBUG[0m[2026-03-16 10:14:11.784]   received shard header from network in block tracker [0;36mshard[0m = 0 [0;36mepoch[0m = 0 [0;36mround[0m = 453 [0;36mnonce[0m = 449 [0;36mhash[0m = f94d70a4caf0b191d93a08414e9eb5543423993cb61ec2214f712aee7d1eebb1 
[0;36mDEBUG[0m[2026-03-16 10:14:11.784]   received shard header from network in block tracker [0;36mshard[0m = 0 [0;36mepoch[0m = 0 [0;36mround[0m = 454 [0;36mnonce[0m = 450 [0;36mhash[0m = 69d2792e22cad5278296b9404369231c5dc7f6dd7257776d014017df5b693aba 
[0;36mDEBUG[0m[2026-03-16 10:14:11.784]   received shard header from network in block tracker [0;36mshard[0m = 0 [0;36mepoch[0m = 0 [0;36mround[0m = 455 [0;36mnonce[0m = 451 [0;36mhash[0m = 36e89f4d00d4a3b0c461165be2e41108cadb7eab865c6689b9b5fb3cab6f8cf8 
[0;36mDEBUG[0m[2026-03-16 10:14:11.784]   received shard header from network in block tracker [0;36mshard[0m = 0 [0;36mepoch[0m = 0 [0;36mround[0m = 456 [0;36mnonce[0m = 452 [0;36mhash[0m = 0c7ff63d75d1fbb368f6eb4761b1679640746ccde902f985a4d9dec047d5a196 
[0;36mDEBUG[0m[2026-03-16 10:14:11.784]   received shard header from network in block tracker [0;36mshard[0m = 0 [0;36mepoch[0m = 0 [0;36mround[0m = 457 [0;36mnonce[0m = 453 [0;36mhash[0m = d5a8df7dc56b53917fcd638d6bae709378f0dd6a3c6d67a19b3f388313f2e293 
[0;36mDEBUG[0m[2026-03-16 10:14:11.784]   received shard header from network in block tracker [0;36mshard[0m = 0 [0;36mepoch[0m = 0 [0;36mround[0m = 458 [0;36mnonce[0m = 454 [0;36mhash[0m = f5b360b6cfc54e86099dc07c8a7c74ead6bf84ad3839ca8d5727351e7f9f5869 
[0;36mDEBUG[0m[2026-03-16 10:14:11.784]   received shard header from network in block tracker [0;36mshard[0m = 0 [0;36mepoch[0m = 0 [0;36mround[0m = 459 [0;36mnonce[0m = 455 [0;36mhash[0m = 2040c5aa4b7c87982dbc26946c0f2e66e288cb3358fcbd6ba92cd3314349ed6d 
[0;36mDEBUG[0m[2026-03-16 10:14:11.784]   received shard header from network in block tracker [0;36mshard[0m = 0 [0;36mepoch[0m = 0 [0;36mround[0m = 460 [0;36mnonce[0m = 456 [0;36mhash[0m = a7f91d0a29832ae0045049aded02cbf7343ac3ac6bfae0ff5a1dd18e571a8978 
[0;36mDEBUG[0m[2026-03-16 10:14:11.784]   received shard header from network in block tracker [0;36mshard[0m = 0 [0;36mepoch[0m = 0 [0;36mround[0m = 461 [0;36mnonce[0m = 457 [0;36mhash[0m = ecd8ef3e4e8fd0681d4192c80b9d1a0c6b5ec16f218a011000ca18fa7449fb5e 
[0;36mDEBUG[0m[2026-03-16 10:14:11.784]   received shard header from network in block tracker [0;36mshard[0m = 0 [0;36mepoch[0m = 0 [0;36mround[0m = 462 [0;36mnonce[0m = 458 [0;36mhash[0m = 53bc8c51416d76ba38e59600cbf38df9b80a4b449680caf0b04856b349b18a9a 
[0;36mDEBUG[0m[2026-03-16 10:14:11.784]   received shard header from network in block tracker [0;36mshard[0m = 0 [0;36mepoch[0m = 0 [0;36mround[0m = 463 [0;36mnonce[0m = 459 [0;36mhash[0m = 1883e950ff7441322d5acfc6370c189cafc9d4758c5b67d7f4cbb3d74b5b6184 
[0;36mDEBUG[0m[2026-03-16 10:14:11.784]   received shard header from network in block tracker [0;36mshard[0m = 0 [0;36mepoch[0m = 0 [0;36mround[0m = 464 [0;36mnonce[0m = 460 [0;36mhash[0m = 9d78ba57546a6d0ccbd3b670dc60d17fde97f5605c31c66426c6a3944fa45c7d 
[0;36mDEBUG[0m[2026-03-16 10:14:11.784]   received shard header from network in block tracker [0;36mshard[0m = 0 [0;36mepoch[0m = 0 [0;36mround[0m = 465 [0;36mnonce[0m = 461 [0;36mhash[0m = 6a6c540d1a4ffa49ff02374a8361acfce5af955afd4510591cb24c40b0ad89da 
[0;36mDEBUG[0m[2026-03-16 10:14:11.784]   received shard header from network in block tracker [0;36mshard[0m = 0 [0;36mepoch[0m = 0 [0;36mround[0m = 466 [0;36mnonce[0m = 462 [0;36mhash[0m = 50d7df8ebb32b0a134ba9de250ed942f6ca345d9fb41074db81d952a491d2942 
[0;36mDEBUG[0m[2026-03-16 10:14:11.784]   received shard header from network in block tracker [0;36mshard[0m = 0 [0;36mepoch[0m = 0 [0;36mround[0m = 467 [0;36mnonce[0m = 463 [0;36mhash[0m = 11f1718947746f42d851716fa98efd927b291b501c5d942ed0c9c4e1db9c0e69 
[0;36mDEBUG[0m[2026-03-16 10:14:11.784]   received shard header from network in block tracker [0;36mshard[0m = 0 [0;36mepoch[0m = 0 [0;36mround[0m = 468 [0;36mnonce[0m = 464 [0;36mhash[0m = 8425a7665b6f193d0c6f1a0062fbee3f9b4554cc83aedc6c27d6723078fe1f13 
[0;36mDEBUG[0m[2026-03-16 10:14:11.784]   received shard header from network in block tracker [0;36mshard[0m = 0 [0;36mepoch[0m = 0 [0;36mround[0m = 469 [0;36mnonce[0m = 465 [0;36mhash[0m = 73ebf00930292e7190b2661563eeea282132184ea53bf4e2308f9e3746b37b7b 
[0;36mDEBUG[0m[2026-03-16 10:14:11.784]   received shard header from network in block tracker [0;36mshard[0m = 0 [0;36mepoch[0m = 0 [0;36mround[0m = 470 [0;36mnonce[0m = 466 [0;36mhash[0m = 36e7bbacb74daa29b0f034bdb2cc29cd9d7fd5e63a4740963c5641285e9085fd 
[0;36mDEBUG[0m[2026-03-16 10:14:11.784]   received shard header from network in block tracker [0;36mshard[0m = 0 [0;36mepoch[0m = 0 [0;36mround[0m = 471 [0;36mnonce[0m = 467 [0;36mhash[0m = a7b5f5f54d253156cf8ffce70cce5f4117b23b6d3d2381bd29da47bff36b08a6 
[0;36mDEBUG[0m[2026-03-16 10:14:11.784]   received shard header from network in block tracker [0;36mshard[0m = 0 [0;36mepoch[0m = 0 [0;36mround[0m = 472 [0;36mnonce[0m = 468 [0;36mhash[0m = b5d00883694f83d411b6187ec9f5c548a7b0afb0b776a08e9349e8709e7ebe9b 
[0;36mDEBUG[0m[2026-03-16 10:14:11.784]   received shard header from network in block tracker [0;36mshard[0m = 0 [0;36mepoch[0m = 0 [0;36mround[0m = 473 [0;36mnonce[0m = 469 [0;36mhash[0m = c6d6abae426743165a5cac735d91fec47fec67367fd1c1ee0c0aa72adc7cfb92 
[0;36mDEBUG[0m[2026-03-16 10:14:11.784]   received shard header from network in block tracker [0;36mshard[0m = 0 [0;36mepoch[0m = 0 [0;36mround[0m = 474 [0;36mnonce[0m = 470 [0;36mhash[0m = d2068eacb9938bf07918840b77ce37ad384ccbbe579901254010f6b863ec3cbe 
[0;36mDEBUG[0m[2026-03-16 10:14:11.784]   received shard header from network in block tracker [0;36mshard[0m = 0 [0;36mepoch[0m = 0 [0;36mround[0m = 475 [0;36mnonce[0m = 471 [0;36mhash[0m = 07c7d5ef128d27bc56493dada403fdbfa328f182f085e75567a22ce96d1108f0 
[0;36mDEBUG[0m[2026-03-16 10:14:11.784]   received shard header from network in block tracker [0;36mshard[0m = 0 [0;36mepoch[0m = 0 [0;36mround[0m = 476 [0;36mnonce[0m = 472 [0;36mhash[0m = 40eafb96198796815ea6beeb0be37514b1432840fca4d4135a953dd6a5252832 
[0;36mDEBUG[0m[2026-03-16 10:14:11.784]   received shard header from network in block tracker [0;36mshard[0m = 0 [0;36mepoch[0m = 0 [0;36mround[0m = 477 [0;36mnonce[0m = 473 [0;36mhash[0m = 1df3980eab097286cc17f8a92c6b703ccb557be3a3272ad8a5ec86892ee9c5af 
[0;36mDEBUG[0m[2026-03-16 10:14:11.784]   received shard header from network in block tracker [0;36mshard[0m = 0 [0;36mepoch[0m = 0 [0;36mround[0m = 478 [0;36mnonce[0m = 474 [0;36mhash[0m = 24de9e991581a049097db61b31a8e551c3706ca3dd845e6a39015e6ec4e9680a 
[0;36mDEBUG[0m[2026-03-16 10:14:11.784]   received shard header from network in block tracker [0;36mshard[0m = 0 [0;36mepoch[0m = 0 [0;36mround[0m = 479 [0;36mnonce[0m = 475 [0;36mhash[0m = 67cbf388b1a40920ab55a5a355e93acff9311ed219bf549b77860b361bfb57ff 
[0;36mDEBUG[0m[2026-03-16 10:14:11.784]   received shard header from network in block tracker [0;36mshard[0m = 0 [0;36mepoch[0m = 0 [0;36mround[0m = 480 [0;36mnonce[0m = 476 [0;36mhash[0m = 40a9ccf4026de72fb8cee45b2af58e335728254d644f4f52dbe993c48c7fff63 
[0;36mDEBUG[0m[2026-03-16 10:14:11.784]   received shard header from network in block tracker [0;36mshard[0m = 0 [0;36mepoch[0m = 0 [0;36mround[0m = 481 [0;36mnonce[0m = 477 [0;36mhash[0m = 993a843585f5e9f508658420ca60e3e4bfe26e9f886646b67ce93a09cfe962e1 
[0;36mDEBUG[0m[2026-03-16 10:14:11.784]   received shard header from network in block tracker [0;36mshard[0m = 0 [0;36mepoch[0m = 0 [0;36mround[0m = 482 [0;36mnonce[0m = 478 [0;36mhash[0m = 75240c7141393fdb06c79443053d1f3b88cb8d5017edc5de125277ab9cf94d96 
[0;36mDEBUG[0m[2026-03-16 10:14:11.784]   received shard header from network in block tracker [0;36mshard[0m = 0 [0;36mepoch[0m = 0 [0;36mround[0m = 483 [0;36mnonce[0m = 479 [0;36mhash[0m = cc2a8af996910d7c29b1201c34c10d4f523be941b329e8dc1333ccac4379f0de 
[0;36mDEBUG[0m[2026-03-16 10:14:11.784]   received shard header from network in block tracker [0;36mshard[0m = 0 [0;36mepoch[0m = 0 [0;36mround[0m = 484 [0;36mnonce[0m = 480 [0;36mhash[0m = 8d15839435839b28da89af930bc9583e6479cfa877a9d253b8d9ef8ba78eb6e7 
[0;36mDEBUG[0m[2026-03-16 10:14:11.784]   received shard header from network in block tracker [0;36mshard[0m = 0 [0;36mepoch[0m = 0 [0;36mround[0m = 485 [0;36mnonce[0m = 481 [0;36mhash[0m = 144b1f336636460c887611898802ac237e26127e468e8c42969c65b0b5ab03ee 
[0;36mDEBUG[0m[2026-03-16 10:14:11.784]   received shard header from network in block tracker [0;36mshard[0m = 0 [0;36mepoch[0m = 0 [0;36mround[0m = 486 [0;36mnonce[0m = 482 [0;36mhash[0m = 697ee805d4430f52b6e4643b848e9cddf4d9af6809f5c524dd2434beb30faa34 
[0;36mDEBUG[0m[2026-03-16 10:14:11.784]   received shard header from network in block tracker [0;36mshard[0m = 0 [0;36mepoch[0m = 0 [0;36mround[0m = 487 [0;36mnonce[0m = 483 [0;36mhash[0m = f136fc6c910f6361d834254d288c220c078835267cba89ec73b1ed5d9f5ecaf7 
[0;36mDEBUG[0m[2026-03-16 10:14:11.784]   received shard header from network in block tracker [0;36mshard[0m = 0 [0;36mepoch[0m = 0 [0;36mround[0m = 488 [0;36mnonce[0m = 484 [0;36mhash[0m = d330a9e2519ff88cc5803318fe6b58c7e00be4160e6f4b29b8c24a398202ff15 
[0;36mDEBUG[0m[2026-03-16 10:14:11.784]   received shard header from network in block tracker [0;36mshard[0m = 0 [0;36mepoch[0m = 0 [0;36mround[0m = 489 [0;36mnonce[0m = 485 [0;36mhash[0m = 1bee97042579c042cf8aea1f139ba9e95f76ed552156406cf4a39226f8494c2a 
[0;36mDEBUG[0m[2026-03-16 10:14:11.784]   received shard header from network in block tracker [0;36mshard[0m = 0 [0;36mepoch[0m = 0 [0;36mround[0m = 490 [0;36mnonce[0m = 486 [0;36mhash[0m = 1dc04cdd040e1f6658c1f73e66ec0a75bc1f8f25d374a23e1cca3ce18d86a9b6 
[0;36mDEBUG[0m[2026-03-16 10:14:11.784]   received shard header from network in block tracker [0;36mshard[0m = 0 [0;36mepoch[0m = 0 [0;36mround[0m = 491 [0;36mnonce[0m = 487 [0;36mhash[0m = d843494ac943912cc4cd64baf71cb712c5f00db71b6ae92f069da94d8f1e37a2 
[0;36mDEBUG[0m[2026-03-16 10:14:11.784]   received shard header from network in block tracker [0;36mshard[0m = 0 [0;36mepoch[0m = 0 [0;36mround[0m = 492 [0;36mnonce[0m = 488 [0;36mhash[0m = bab5d83d006e3567e96964be817be05679f202f9fbd85136fd3da13d758dbea3 
[0;36mDEBUG[0m[2026-03-16 10:14:11.784]   received shard header from network in block tracker [0;36mshard[0m = 0 [0;36mepoch[0m = 0 [0;36mround[0m = 493 [0;36mnonce[0m = 489 [0;36mhash[0m = 727e4ade96b31ab9b14526061b2ce1a146e9676f59b58f5bdc51570ec276d2a2 
[0;36mDEBUG[0m[2026-03-16 10:14:11.784]   received shard header from network in block tracker [0;36mshard[0m = 0 [0;36mepoch[0m = 0 [0;36mround[0m = 494 [0;36mnonce[0m = 490 [0;36mhash[0m = 08ef6c6a504bc6d06a7a8910cacb3dbced40b587f704d822fb54449e8ccedf09 
[0;36mDEBUG[0m[2026-03-16 10:14:11.784]   received shard header from network in block tracker [0;36mshard[0m = 0 [0;36mepoch[0m = 0 [0;36mround[0m = 495 [0;36mnonce[0m = 491 [0;36mhash[0m = c2353c2f8be34d3cdade8b10ce8409072d4eb54ef9fb5c23b3bdabd9db03be03 
[0;36mDEBUG[0m[2026-03-16 10:14:11.784]   received shard header from network in block tracker [0;36mshard[0m = 0 [0;36mepoch[0m = 0 [0;36mround[0m = 496 [0;36mnonce[0m = 492 [0;36mhash[0m = 4e6aa7bae928ed12a655cdb3c918080126844192eab39cb5e514742b7bf9c343 
[0;36mDEBUG[0m[2026-03-16 10:14:11.784]   received shard header from network in block tracker [0;36mshard[0m = 0 [0;36mepoch[0m = 0 [0;36mround[0m = 497 [0;36mnonce[0m = 493 [0;36mhash[0m = de8d0a50b4eddcc8294b5aab457010cb5088f2b554f7e8ef2fcb20f7fda4ac77 
[0;36mDEBUG[0m[2026-03-16 10:14:11.784]   received shard header from network in block tracker [0;36mshard[0m = 0 [0;36mepoch[0m = 0 [0;36mround[0m = 498 [0;36mnonce[0m = 494 [0;36mhash[0m = 8662b1f9d138d4c9b25fe262650175df9c188e01fb6b03779606018a5adbc851 
[0;36mDEBUG[0m[2026-03-16 10:14:11.784]   received shard header from network in block tracker [0;36mshard[0m = 0 [0;36mepoch[0m = 0 [0;36mround[0m = 499 [0;36mnonce[0m = 495 [0;36mhash[0m = 3521da8e4b4730959d8e7b068505e0e410ad85234169caf63857355a3e75fb57 
[0;36mDEBUG[0m[2026-03-16 10:14:11.784]   received shard header from network in block tracker [0;36mshard[0m = 0 [0;36mepoch[0m = 0 [0;36mround[0m = 500 [0;36mnonce[0m = 496 [0;36mhash[0m = 0383fdf299d7149b0c13c26d3b53dd6db4dd5fc52c87b60b47ca81f8750a6444 
[0;36mDEBUG[0m[2026-03-16 10:14:11.784]   received shard header from network in block tracker [0;36mshard[0m = 0 [0;36mepoch[0m = 0 [0;36mround[0m = 501 [0;36mnonce[0m = 497 [0;36mhash[0m = 35de61ff311417b7c82c99cbaba8ef01434ec50b4600a404652f67a459078e48 
[0;36mDEBUG[0m[2026-03-16 10:14:11.784]   received shard header from network in block tracker [0;36mshard[0m = 0 [0;36mepoch[0m = 0 [0;36mround[0m = 502 [0;36mnonce[0m = 498 [0;36mhash[0m = bd081d6ad2af9c1c73df4b1f283d797169968a79ab8b3b9723805bc165c290c6 
[0;36mDEBUG[0m[2026-03-16 10:14:11.784]   received shard header from network in block tracker [0;36mshard[0m = 0 [0;36mepoch[0m = 0 [0;36mround[0m = 503 [0;36mnonce[0m = 499 [0;36mhash[0m = 409e23370e55c0866fcfd728d025e3804e966a107b6e31f4419cdcae2776ce38 
[0;36mDEBUG[0m[2026-03-16 10:14:11.784]   received shard header from network in block tracker [0;36mshard[0m = 0 [0;36mepoch[0m = 0 [0;36mround[0m = 504 [0;36mnonce[0m = 500 [0;36mhash[0m = 2c5792c00c4da9705247b2d2d825097929ef1ba921b3b9a91e922be2bc53bb2f 
[0;36mDEBUG[0m[2026-03-16 10:14:11.784]   received shard header from network in block tracker [0;36mshard[0m = 0 [0;36mepoch[0m = 0 [0;36mround[0m = 505 [0;36mnonce[0m = 501 [0;36mhash[0m = 0fd51f4dc9be5dbbde20a22ee89e7d0fb931fbe22067b6658eb1950b44769d75 
[0;36mDEBUG[0m[2026-03-16 10:14:11.784]   received shard header from network in block tracker [0;36mshard[0m = 0 [0;36mepoch[0m = 0 [0;36mround[0m = 506 [0;36mnonce[0m = 502 [0;36mhash[0m = 876fb9f6446addfe1130dad297afe8c446456e7af03c08d43d401968a243d5f8 
[0;36mDEBUG[0m[2026-03-16 10:14:11.784]   received shard header from network in block tracker [0;36mshard[0m = 0 [0;36mepoch[0m = 0 [0;36mround[0m = 507 [0;36mnonce[0m = 503 [0;36mhash[0m = fc42aa80fc82338be8fd3762fe5ddb20945785e24a54ee851968b3919172f269 
[0;36mDEBUG[0m[2026-03-16 10:14:11.784]   received shard header from network in block tracker [0;36mshard[0m = 0 [0;36mepoch[0m = 0 [0;36mround[0m = 508 [0;36mnonce[0m = 504 [0;36mhash[0m = 94603aa25f39ccd840c1904d63207bbcf5a04d723a43e0e1a72f01fbec2c0933 
[0;36mDEBUG[0m[2026-03-16 10:14:11.784]   received shard header from network in block tracker [0;36mshard[0m = 0 [0;36mepoch[0m = 0 [0;36mround[0m = 509 [0;36mnonce[0m = 505 [0;36mhash[0m = bee70424ffeca721003b2b9dc4e7eddcb658bca9630f749b77b49d58a1e7b387 
[0;36mDEBUG[0m[2026-03-16 10:14:11.784]   received shard header from network in block tracker [0;36mshard[0m = 0 [0;36mepoch[0m = 0 [0;36mround[0m = 510 [0;36mnonce[0m = 506 [0;36mhash[0m = 15e6c9ffa873dee9dddc5e4a4d4b279f3c786c54cc8c2684a11a227e03fe4f5a 
[0;36mDEBUG[0m[2026-03-16 10:14:11.784]   received shard header from network in block tracker [0;36mshard[0m = 0 [0;36mepoch[0m = 0 [0;36mround[0m = 511 [0;36mnonce[0m = 507 [0;36mhash[0m = 24978a04927fcba4a605f45bd1c21a4aee266ff7239e1bf6ab0307a4c9a60bce 
[0;36mDEBUG[0m[2026-03-16 10:14:11.784]   received shard header from network in block tracker [0;36mshard[0m = 0 [0;36mepoch[0m = 0 [0;36mround[0m = 512 [0;36mnonce[0m = 508 [0;36mhash[0m = 59a1aaa5f3707892f2f733ce89fba5a7104dc7684a58c45afcb5b340efd5d2eb 
[0;36mDEBUG[0m[2026-03-16 10:14:11.784]   received shard header from network in block tracker [0;36mshard[0m = 0 [0;36mepoch[0m = 0 [0;36mround[0m = 513 [0;36mnonce[0m = 509 [0;36mhash[0m = 6f7485d3ef7ed0d1f236194cffeb9e843892ae3ac5e3c4a5c4f9c2a21dc1ea42 
[0;36mDEBUG[0m[2026-03-16 10:14:11.784]   received shard header from network in block tracker [0;36mshard[0m = 0 [0;36mepoch[0m = 0 [0;36mround[0m = 514 [0;36mnonce[0m = 510 [0;36mhash[0m = 38b1980959c9d468ff9c572d3373ad780776397e88d51a50bbd37f0e834885c8 
[0;36mDEBUG[0m[2026-03-16 10:14:11.784]   received shard header from network in block tracker [0;36mshard[0m = 0 [0;36mepoch[0m = 0 [0;36mround[0m = 515 [0;36mnonce[0m = 511 [0;36mhash[0m = dd6bdb1326936c60619e1c5f410ee77018c5340c300b93a9d2a092e879f77dd5 
[0;36mDEBUG[0m[2026-03-16 10:14:11.784]   received shard header from network in block tracker [0;36mshard[0m = 0 [0;36mepoch[0m = 0 [0;36mround[0m = 516 [0;36mnonce[0m = 512 [0;36mhash[0m = 5c9366b04f1b5d65d91cda43ac171138cb3b71fef7bc980d936b1eec2c52a511 
[0;36mDEBUG[0m[2026-03-16 10:14:11.784]   received shard header from network in block tracker [0;36mshard[0m = 0 [0;36mepoch[0m = 0 [0;36mround[0m = 517 [0;36mnonce[0m = 513 [0;36mhash[0m = aa5e8260952c0d3dee4d0617a7de4054f0e2c9e6abdfaa345740676abf71fca7 
[0;36mDEBUG[0m[2026-03-16 10:14:11.784]   received shard header from network in block tracker [0;36mshard[0m = 0 [0;36mepoch[0m = 0 [0;36mround[0m = 518 [0;36mnonce[0m = 514 [0;36mhash[0m = 1f20546789833679a75c76909272e0e6de8ef96d731502e5bd3c0429995618db 
[0;36mDEBUG[0m[2026-03-16 10:14:11.784]   received shard header from network in block tracker [0;36mshard[0m = 0 [0;36mepoch[0m = 0 [0;36mround[0m = 519 [0;36mnonce[0m = 515 [0;36mhash[0m = af58cd06c1e2c3d11570c5a99686beb317e722af18d1f3ee7dac8bfa8c9d6855 
[0;36mDEBUG[0m[2026-03-16 10:14:11.784]   received shard header from network in block tracker [0;36mshard[0m = 0 [0;36mepoch[0m = 0 [0;36mround[0m = 520 [0;36mnonce[0m = 516 [0;36mhash[0m = fc4e2099e4d6face8a37d242bc785ff2c688b25da0a2e753feff11cadcfa7fa4 
[0;36mDEBUG[0m[2026-03-16 10:14:11.784]   received shard header from network in block tracker [0;36mshard[0m = 0 [0;36mepoch[0m = 0 [0;36mround[0m = 521 [0;36mnonce[0m = 517 [0;36mhash[0m = c3941a37cfeace49891d93d87789fa9c64288c68fe0fab4304ba2c512bcc07a4 
[0;36mDEBUG[0m[2026-03-16 10:14:11.784]   received shard header from network in block tracker [0;36mshard[0m = 0 [0;36mepoch[0m = 0 [0;36mround[0m = 522 [0;36mnonce[0m = 518 [0;36mhash[0m = 74cd8ee555ac185393ec2f130e1fa6ccaaf738ad1d1812eb571790fd05564f6a 
[0;36mDEBUG[0m[2026-03-16 10:14:11.784]   received shard header from network in block tracker [0;36mshard[0m = 0 [0;36mepoch[0m = 0 [0;36mround[0m = 523 [0;36mnonce[0m = 519 [0;36mhash[0m = 62785d04aaa55700c17fd278390a9e7abf64b8d25d94887539f454bd5013425c 
[0;36mDEBUG[0m[2026-03-16 10:14:11.784]   received shard header from network in block tracker [0;36mshard[0m = 0 [0;36mepoch[0m = 0 [0;36mround[0m = 524 [0;36mnonce[0m = 520 [0;36mhash[0m = b07591c3383346186319005d2ade9466982587a9b3ff1df0bf90394899b6a2d6 
[0;36mDEBUG[0m[2026-03-16 10:14:11.784]   received shard header from network in block tracker [0;36mshard[0m = 0 [0;36mepoch[0m = 0 [0;36mround[0m = 525 [0;36mnonce[0m = 521 [0;36mhash[0m = 81934c275f68d8f10607b50ec47408fa70faa8ae05081c8a944d9c89a734215a 
[0;36mDEBUG[0m[2026-03-16 10:14:11.784]   received shard header from network in block tracker [0;36mshard[0m = 0 [0;36mepoch[0m = 0 [0;36mround[0m = 526 [0;36mnonce[0m = 522 [0;36mhash[0m = bdc9ef979e5b4a3ad9eeffa654641184a777b469905924b62b860e87f9fcea6a 
[0;36mDEBUG[0m[2026-03-16 10:14:11.784]   received shard header from network in block tracker [0;36mshard[0m = 0 [0;36mepoch[0m = 0 [0;36mround[0m = 527 [0;36mnonce[0m = 523 [0;36mhash[0m = dce8b0fc7e3ea5613bdae0908bb6f73b2d028b53df07dcb72cd497bd79e8a76f 
[0;36mDEBUG[0m[2026-03-16 10:14:11.784]   received shard header from network in block tracker [0;36mshard[0m = 0 [0;36mepoch[0m = 0 [0;36mround[0m = 528 [0;36mnonce[0m = 524 [0;36mhash[0m = e9dac0c235e23e07cc7da657bfe01d94fa12ef7dfbfb05ea5befff6be00d3122 
[0;36mDEBUG[0m[2026-03-16 10:14:11.784]   received shard header from network in block tracker [0;36mshard[0m = 0 [0;36mepoch[0m = 0 [0;36mround[0m = 529 [0;36mnonce[0m = 525 [0;36mhash[0m = 293f1de322b16638559e1a3ccb88aa469e7dcffe8b415376607fa84dd0d15935 
[0;36mDEBUG[0m[2026-03-16 10:14:11.784]   received shard header from network in block tracker [0;36mshard[0m = 0 [0;36mepoch[0m = 0 [0;36mround[0m = 530 [0;36mnonce[0m = 526 [0;36mhash[0m = c500058c58dc88f0e3e9ac8bccb405ae1c3e1a4dd13ffa354dc022b5baf9acc1 
[0;36mDEBUG[0m[2026-03-16 10:14:11.784]   received shard header from network in block tracker [0;36mshard[0m = 0 [0;36mepoch[0m = 0 [0;36mround[0m = 531 [0;36mnonce[0m = 527 [0;36mhash[0m = 48c3c638be253bb5dc2923b700eaf6c494fd63efed21ec9114ebc7f2e96617d4 
[0;36mDEBUG[0m[2026-03-16 10:14:11.784]   received shard header from network in block tracker [0;36mshard[0m = 0 [0;36mepoch[0m = 0 [0;36mround[0m = 532 [0;36mnonce[0m = 528 [0;36mhash[0m = 287a39c268063758ca9bf5630dd72d68a9ab5145472f543d2eda24b8495c00d4 
[0;36mDEBUG[0m[2026-03-16 10:14:11.784]   received shard header from network in block tracker [0;36mshard[0m = 0 [0;36mepoch[0m = 0 [0;36mround[0m = 533 [0;36mnonce[0m = 529 [0;36mhash[0m = 02e9372736fcfeac0d9d901c794b67b098a78033df9e6ab66ae34ae0b1c56313 
[0;36mDEBUG[0m[2026-03-16 10:14:11.784]   received shard header from network in block tracker [0;36mshard[0m = 0 [0;36mepoch[0m = 0 [0;36mround[0m = 534 [0;36mnonce[0m = 530 [0;36mhash[0m = a2382606b1fc1624db434a581d06a9302a5c2864999eaf385d1fb689e87d92e6 
[0;36mDEBUG[0m[2026-03-16 10:14:11.784]   received shard header from network in block tracker [0;36mshard[0m = 0 [0;36mepoch[0m = 0 [0;36mround[0m = 535 [0;36mnonce[0m = 531 [0;36mhash[0m = eb5ab87812c4b5ae943bfd7fccdcdc843ee8d1697c8b8a290c6e1e3f12cd629c 
[0;36mDEBUG[0m[2026-03-16 10:14:11.784]   received shard header from network in block tracker [0;36mshard[0m = 0 [0;36mepoch[0m = 0 [0;36mround[0m = 536 [0;36mnonce[0m = 532 [0;36mhash[0m = f0854b859838fdbb9f41297b41197f2c3b15effd1d80679cdaf4a65bdb52d1c2 
[0;36mDEBUG[0m[2026-03-16 10:14:11.784]   received shard header from network in block tracker [0;36mshard[0m = 0 [0;36mepoch[0m = 0 [0;36mround[0m = 537 [0;36mnonce[0m = 533 [0;36mhash[0m = 7dc5aabefc451289a75dd4f95230f3ccbacdefd8ced8c3cb9bbc15f90e59aebd 
[0;36mDEBUG[0m[2026-03-16 10:14:11.784]   received shard header from network in block tracker [0;36mshard[0m = 0 [0;36mepoch[0m = 0 [0;36mround[0m = 538 [0;36mnonce[0m = 534 [0;36mhash[0m = 462db5d155ea0081911ff7132109906c7f8add8c1ecc7834c46cecf98a46530f 
[0;36mDEBUG[0m[2026-03-16 10:14:11.784]   received shard header from network in block tracker [0;36mshard[0m = 0 [0;36mepoch[0m = 0 [0;36mround[0m = 539 [0;36mnonce[0m = 535 [0;36mhash[0m = d3129d9c3710c9572f5b57fd89616328f251b26396cf41e63a5d3612c9fd8fe3 
[0;36mDEBUG[0m[2026-03-16 10:14:11.784]   received shard header from network in block tracker [0;36mshard[0m = 0 [0;36mepoch[0m = 0 [0;36mround[0m = 540 [0;36mnonce[0m = 536 [0;36mhash[0m = c39625e653b9cfa044e517943cd7b7784e25a5015cc654416ee30c4256ebb28e 
[0;36mDEBUG[0m[2026-03-16 10:14:11.784]   received shard header from network in block tracker [0;36mshard[0m = 0 [0;36mepoch[0m = 0 [0;36mround[0m = 541 [0;36mnonce[0m = 537 [0;36mhash[0m = 1e0346407e8f9c6a702caabad103979a0e5f5f47ce59a92ac4597c77363cb293 
[0;36mDEBUG[0m[2026-03-16 10:14:11.784]   received shard header from network in block tracker [0;36mshard[0m = 0 [0;36mepoch[0m = 0 [0;36mround[0m = 542 [0;36mnonce[0m = 538 [0;36mhash[0m = efeb85445474bf9440dcabd1cd21a205f922679be8d4a6282db0d7709239af46 
[0;36mDEBUG[0m[2026-03-16 10:14:11.784]   received shard header from network in block tracker [0;36mshard[0m = 0 [0;36mepoch[0m = 0 [0;36mround[0m = 543 [0;36mnonce[0m = 539 [0;36mhash[0m = 54a64daffb1abcc667409f55d7bccada54372679190dadd69a30f7b8a144894b 
[0;36mDEBUG[0m[2026-03-16 10:14:11.785]   received shard header from network in block tracker [0;36mshard[0m = 0 [0;36mepoch[0m = 0 [0;36mround[0m = 544 [0;36mnonce[0m = 540 [0;36mhash[0m = 950c515d9dd5309fe3164bc2ed67a96be582fd7df99b6fb31ae739b21ac7dc75 
[0;36mDEBUG[0m[2026-03-16 10:14:11.785]   received shard header from network in block tracker [0;36mshard[0m = 0 [0;36mepoch[0m = 0 [0;36mround[0m = 545 [0;36mnonce[0m = 541 [0;36mhash[0m = 9133d43ff7b4daabc23bbe3fa40c6b5387f6f676ab48c199f479cc2d77e7d184 
[0;36mDEBUG[0m[2026-03-16 10:14:11.785]   received shard header from network in block tracker [0;36mshard[0m = 0 [0;36mepoch[0m = 0 [0;36mround[0m = 546 [0;36mnonce[0m = 542 [0;36mhash[0m = 7d15f1a69b1ed540e063dc35969633ee822b0dd839919b706b4fc9295717e028 
[0;36mDEBUG[0m[2026-03-16 10:14:11.785]   received shard header from network in block tracker [0;36mshard[0m = 0 [0;36mepoch[0m = 0 [0;36mround[0m = 547 [0;36mnonce[0m = 543 [0;36mhash[0m = afd760fcca8674e620969161b8942c1f89ea4fdc1649b61cef372126f704ffb4 
[0;36mDEBUG[0m[2026-03-16 10:14:11.785]   received shard header from network in block tracker [0;36mshard[0m = 0 [0;36mepoch[0m = 0 [0;36mround[0m = 548 [0;36mnonce[0m = 544 [0;36mhash[0m = 79f02e6b6845b75008c658739d923224c0e27e20f0db0c13909a9e52be1a1169 
[0;36mDEBUG[0m[2026-03-16 10:14:11.785]   received shard header from network in block tracker [0;36mshard[0m = 0 [0;36mepoch[0m = 0 [0;36mround[0m = 549 [0;36mnonce[0m = 545 [0;36mhash[0m = f47a81ee4dfcc55fc88765837158ccbe4fb4eb2422b12eb570510b19f0547f10 
[0;36mDEBUG[0m[2026-03-16 10:14:11.785]   received shard header from network in block tracker [0;36mshard[0m = 0 [0;36mepoch[0m = 0 [0;36mround[0m = 550 [0;36mnonce[0m = 546 [0;36mhash[0m = 2c7d68fa71adcfeeb151829ea5b01e619494ad36155f613f224c05ba6a83d32e 
[0;36mDEBUG[0m[2026-03-16 10:14:11.785]   received shard header from network in block tracker [0;36mshard[0m = 0 [0;36mepoch[0m = 0 [0;36mround[0m = 551 [0;36mnonce[0m = 547 [0;36mhash[0m = 7ab35ae34976ae6f1e8333c0a014413b8bcca816d3bf9671ab25d650065cdacd 
[0;36mDEBUG[0m[2026-03-16 10:14:11.785]   received shard header from network in block tracker [0;36mshard[0m = 0 [0;36mepoch[0m = 0 [0;36mround[0m = 552 [0;36mnonce[0m = 548 [0;36mhash[0m = 7528c35bb95d6ecdbea0e7d534953d48bee1a68da31d12a7a1156d4c50148367 
[0;36mDEBUG[0m[2026-03-16 10:14:11.785]   received shard header from network in block tracker [0;36mshard[0m = 0 [0;36mepoch[0m = 0 [0;36mround[0m = 553 [0;36mnonce[0m = 549 [0;36mhash[0m = 58ebbd597c5dc6e53fbb139ab19a5d51e017dd21b6881430c251b81e441f9b62 
[0;36mDEBUG[0m[2026-03-16 10:14:11.785]   received shard header from network in block tracker [0;36mshard[0m = 0 [0;36mepoch[0m = 0 [0;36mround[0m = 554 [0;36mnonce[0m = 550 [0;36mhash[0m = 83cb79a6d1da938d370d4a3433776edcc0eac4436dcaa4864fb7eb9f89e6369c 
[0;36mDEBUG[0m[2026-03-16 10:14:11.785]   received shard header from network in block tracker [0;36mshard[0m = 0 [0;36mepoch[0m = 0 [0;36mround[0m = 555 [0;36mnonce[0m = 551 [0;36mhash[0m = c565f49691f649b8af2742aa2c61ef90ac56ebd5e9ca2897592e52f8a14b963c 
[0;36mDEBUG[0m[2026-03-16 10:14:11.785]   received shard header from network in block tracker [0;36mshard[0m = 0 [0;36mepoch[0m = 0 [0;36mround[0m = 556 [0;36mnonce[0m = 552 [0;36mhash[0m = 4001a53c0266c9d88053b7180eeaa05ca162d42e5b6e65700aab1492030f8bc5 
[0;36mDEBUG[0m[2026-03-16 10:14:11.785]   received shard header from network in block tracker [0;36mshard[0m = 0 [0;36mepoch[0m = 0 [0;36mround[0m = 557 [0;36mnonce[0m = 553 [0;36mhash[0m = 2f687801adcf567a00e6f9b8814bd3b2817af763236fb07f8018be4f6253da98 
[0;36mDEBUG[0m[2026-03-16 10:14:11.785]   received shard header from network in block tracker [0;36mshard[0m = 0 [0;36mepoch[0m = 0 [0;36mround[0m = 558 [0;36mnonce[0m = 554 [0;36mhash[0m = f6d7f1a06102bda8c6b30a6640eb831802ab85eb6bc044173a38ce65040f220d 
[0;36mDEBUG[0m[2026-03-16 10:14:11.785]   received shard header from network in block tracker [0;36mshard[0m = 0 [0;36mepoch[0m = 0 [0;36mround[0m = 559 [0;36mnonce[0m = 555 [0;36mhash[0m = 86d7ceac3ab090cd989881161c7485649c6d0e01ca2f5c5316bb035d95b5df3b 
[0;36mDEBUG[0m[2026-03-16 10:14:11.785]   received shard header from network in block tracker [0;36mshard[0m = 0 [0;36mepoch[0m = 0 [0;36mround[0m = 560 [0;36mnonce[0m = 556 [0;36mhash[0m = ef812fdbce0a73837b308deb3e932737e81726aa1a0ca4a7688e3ad38a12d892 
[0;36mDEBUG[0m[2026-03-16 10:14:11.785]   received shard header from network in block tracker [0;36mshard[0m = 0 [0;36mepoch[0m = 0 [0;36mround[0m = 561 [0;36mnonce[0m = 557 [0;36mhash[0m = dd11e78d6dda9d3e35e9345414c837a553b0ce71ba9c0143750bf189127573b4 
[0;36mDEBUG[0m[2026-03-16 10:14:11.785]   received shard header from network in block tracker [0;36mshard[0m = 0 [0;36mepoch[0m = 0 [0;36mround[0m = 562 [0;36mnonce[0m = 558 [0;36mhash[0m = b57cbe1101422556bd3779b62fd13f56cb999d76ace71c0e3738dfc7d2edeb8c 
[0;36mDEBUG[0m[2026-03-16 10:14:11.785]   received shard header from network in block tracker [0;36mshard[0m = 0 [0;36mepoch[0m = 0 [0;36mround[0m = 563 [0;36mnonce[0m = 559 [0;36mhash[0m = 9253eee88f5c6b4d1b068c87f1c2115555f8ac507cfcfc76c98f56b12bb6dea6 
[0;36mDEBUG[0m[2026-03-16 10:14:11.785]   received shard header from network in block tracker [0;36mshard[0m = 0 [0;36mepoch[0m = 0 [0;36mround[0m = 564 [0;36mnonce[0m = 560 [0;36mhash[0m = 22648de9d8fd33fb2a919dfce354f5ac7119482467bb9db06a2be89e5df2a183 
[0;36mDEBUG[0m[2026-03-16 10:14:11.785]   received shard header from network in block tracker [0;36mshard[0m = 0 [0;36mepoch[0m = 0 [0;36mround[0m = 565 [0;36mnonce[0m = 561 [0;36mhash[0m = 11171f387af70a2eb93672aca791099cf28d04f8e5606655806be65eb7e3a24e 
[0;36mDEBUG[0m[2026-03-16 10:14:11.785]   received shard header from network in block tracker [0;36mshard[0m = 0 [0;36mepoch[0m = 0 [0;36mround[0m = 566 [0;36mnonce[0m = 562 [0;36mhash[0m = a5c1b7c3b34bb8111c4b7186833840ccfda32ce1613b5343657ca308fd3d024e 
[0;36mDEBUG[0m[2026-03-16 10:14:11.785]   received shard header from network in block tracker [0;36mshard[0m = 0 [0;36mepoch[0m = 0 [0;36mround[0m = 567 [0;36mnonce[0m = 563 [0;36mhash[0m = 7c76dade7159d4a4669fb9587cf5eff0b4f377fdec2aa726efcd37b3c4eba574 
[0;36mDEBUG[0m[2026-03-16 10:14:11.785]   received shard header from network in block tracker [0;36mshard[0m = 0 [0;36mepoch[0m = 0 [0;36mround[0m = 568 [0;36mnonce[0m = 564 [0;36mhash[0m = 8b0a004619bb4b6e20b436ab94fdf5866e4523bfd44a2c59504908f9259bfd5d 
[0;36mDEBUG[0m[2026-03-16 10:14:11.785]   received shard header from network in block tracker [0;36mshard[0m = 0 [0;36mepoch[0m = 0 [0;36mround[0m = 569 [0;36mnonce[0m = 565 [0;36mhash[0m = 686065a28a19426f21e419274b833d58a450ef04917f586daf55211b83f17336 
[0;36mDEBUG[0m[2026-03-16 10:14:11.785]   received shard header from network in block tracker [0;36mshard[0m = 0 [0;36mepoch[0m = 0 [0;36mround[0m = 570 [0;36mnonce[0m = 566 [0;36mhash[0m = 22c3cec9d8771829bb85dbafd83ce5b7c403faab74596b796b6e3563f0db4d65 
[0;36mDEBUG[0m[2026-03-16 10:14:11.785]   received shard header from network in block tracker [0;36mshard[0m = 0 [0;36mepoch[0m = 0 [0;36mround[0m = 571 [0;36mnonce[0m = 567 [0;36mhash[0m = 4fecf4e729cc5f25a09de85b2ffa49936a71cbdd086036ca712356193a4665fe 
[0;36mDEBUG[0m[2026-03-16 10:14:11.785]   received shard header from network in block tracker [0;36mshard[0m = 0 [0;36mepoch[0m = 0 [0;36mround[0m = 572 [0;36mnonce[0m = 568 [0;36mhash[0m = af92ea000de895fe946817922bdf612305d2c203f9386b2b7fc75f98a52d5142 
[0;36mDEBUG[0m[2026-03-16 10:14:11.785]   received shard header from network in block tracker [0;36mshard[0m = 0 [0;36mepoch[0m = 0 [0;36mround[0m = 573 [0;36mnonce[0m = 569 [0;36mhash[0m = b51c7cb7402c90dd4c9b2c83deb7a8b4815fc0c7f978b8a577ac44dbd30951f7 
[0;36mDEBUG[0m[2026-03-16 10:14:11.785]   received shard header from network in block tracker [0;36mshard[0m = 0 [0;36mepoch[0m = 0 [0;36mround[0m = 574 [0;36mnonce[0m = 570 [0;36mhash[0m = 2e28a7db337020c1ecb025c83527536ba3898641383249e1062dbbbae154b04c 
[0;36mDEBUG[0m[2026-03-16 10:14:11.785]   received shard header from network in block tracker [0;36mshard[0m = 0 [0;36mepoch[0m = 0 [0;36mround[0m = 575 [0;36mnonce[0m = 571 [0;36mhash[0m = 87c213f8296bbe9f01f0adc4dcf383bbe86b6ac057ff50eb60c41d57ba997eda 
[0;36mDEBUG[0m[2026-03-16 10:14:11.785]   received shard header from network in block tracker [0;36mshard[0m = 0 [0;36mepoch[0m = 0 [0;36mround[0m = 576 [0;36mnonce[0m = 572 [0;36mhash[0m = 3b9ce53b8759160d7232986749f7baa13b1b5480bde27dfdf97388176f0f5fc5 
[0;36mDEBUG[0m[2026-03-16 10:14:11.785]   received shard header from network in block tracker [0;36mshard[0m = 0 [0;36mepoch[0m = 0 [0;36mround[0m = 577 [0;36mnonce[0m = 573 [0;36mhash[0m = d0bf47536bacbb4a817a7444a5b499fd15620679480d3c479b4f1383de5cc574 
[0;36mDEBUG[0m[2026-03-16 10:14:11.785]   received shard header from network in block tracker [0;36mshard[0m = 0 [0;36mepoch[0m = 0 [0;36mround[0m = 578 [0;36mnonce[0m = 574 [0;36mhash[0m = d47d6d02f9df18e0269d01ca6d7b9f0a6d13ba56f13968947a4bff9fd3c2e24e 
[0;36mDEBUG[0m[2026-03-16 10:14:11.785]   received shard header from network in block tracker [0;36mshard[0m = 0 [0;36mepoch[0m = 0 [0;36mround[0m = 579 [0;36mnonce[0m = 575 [0;36mhash[0m = 4b51535b13cb1e8d74159f63cb12cea8031361dde725f710a100298a0f02539d 
[0;36mDEBUG[0m[2026-03-16 10:14:11.785]   received shard header from network in block tracker [0;36mshard[0m = 0 [0;36mepoch[0m = 0 [0;36mround[0m = 580 [0;36mnonce[0m = 576 [0;36mhash[0m = 0be8a076a97fdd7ddeb417d7960cc5036ef4fb190ef503f1f50592b81f764af1 
[0;36mDEBUG[0m[2026-03-16 10:14:11.785]   received shard header from network in block tracker [0;36mshard[0m = 0 [0;36mepoch[0m = 0 [0;36mround[0m = 581 [0;36mnonce[0m = 577 [0;36mhash[0m = 2d3c43dba950da7882882fdabce8b39806803fd595e3eeb4f30b1fd6348fe178 
[0;36mDEBUG[0m[2026-03-16 10:14:11.785]   received shard header from network in block tracker [0;36mshard[0m = 0 [0;36mepoch[0m = 0 [0;36mround[0m = 582 [0;36mnonce[0m = 578 [0;36mhash[0m = 83e8aa8d82b1b90490d43deddad0a1eadf0b36ce3856d602af9344dee7348245 
[0;36mDEBUG[0m[2026-03-16 10:14:11.785]   received shard header from network in block tracker [0;36mshard[0m = 0 [0;36mepoch[0m = 0 [0;36mround[0m = 583 [0;36mnonce[0m = 579 [0;36mhash[0m = dee124ce4f8963287e691d1b61cf95aa193da8977965ccffaf8b762755e48a06 
[0;36mDEBUG[0m[2026-03-16 10:14:11.785]   received shard header from network in block tracker [0;36mshard[0m = 0 [0;36mepoch[0m = 0 [0;36mround[0m = 584 [0;36mnonce[0m = 580 [0;36mhash[0m = 3c07849e8fd7e33c829d089db42d9900c9d53581949d714b9df81d5d1594911a 
[0;36mDEBUG[0m[2026-03-16 10:14:11.785]   received shard header from network in block tracker [0;36mshard[0m = 0 [0;36mepoch[0m = 0 [0;36mround[0m = 585 [0;36mnonce[0m = 581 [0;36mhash[0m = fccd9e16c2c0bc0b4e0a8e5033ce87c604220b7b64dd089de475e67293f2f7bd 
[0;36mDEBUG[0m[2026-03-16 10:14:11.785]   received shard header from network in block tracker [0;36mshard[0m = 0 [0;36mepoch[0m = 0 [0;36mround[0m = 586 [0;36mnonce[0m = 582 [0;36mhash[0m = b01e50500e25c7a718cdb97be7a6b0b920f00552469542a5e46d0c773b7d5c76 
[0;36mDEBUG[0m[2026-03-16 10:14:11.785]   received shard header from network in block tracker [0;36mshard[0m = 0 [0;36mepoch[0m = 0 [0;36mround[0m = 587 [0;36mnonce[0m = 583 [0;36mhash[0m = 94922ffc3905c85fac961c29e557d3aab8d0c664c6d6319ab34f041802294c60 
[0;36mDEBUG[0m[2026-03-16 10:14:11.785]   received shard header from network in block tracker [0;36mshard[0m = 0 [0;36mepoch[0m = 0 [0;36mround[0m = 588 [0;36mnonce[0m = 584 [0;36mhash[0m = bb3a2db92610361293b664dc884a8b07d8723a63f5e7da64a070716f0fa6d15b 
[0;36mDEBUG[0m[2026-03-16 10:14:11.785]   received shard header from network in block tracker [0;36mshard[0m = 0 [0;36mepoch[0m = 0 [0;36mround[0m = 589 [0;36mnonce[0m = 585 [0;36mhash[0m = ba528b3f310bae5dcd53db03aacdc89b0bffddae85ae5dcc15fd34ab9369e7e1 
[0;36mDEBUG[0m[2026-03-16 10:14:11.785]   received shard header from network in block tracker [0;36mshard[0m = 0 [0;36mepoch[0m = 0 [0;36mround[0m = 590 [0;36mnonce[0m = 586 [0;36mhash[0m = 019cdabcc9ba16c4cecd14bd231ad33fafc856b55fc1a6a9f0f5c220f90ec4ef 
[0;36mDEBUG[0m[2026-03-16 10:14:11.785]   received shard header from network in block tracker [0;36mshard[0m = 0 [0;36mepoch[0m = 0 [0;36mround[0m = 591 [0;36mnonce[0m = 587 [0;36mhash[0m = 9c38efd8aad1f76419f7d98ec74b89f56f00de4884b901d84a0ceda0231fe4d8 
[0;36mDEBUG[0m[2026-03-16 10:14:11.785]   received shard header from network in block tracker [0;36mshard[0m = 0 [0;36mepoch[0m = 0 [0;36mround[0m = 592 [0;36mnonce[0m = 588 [0;36mhash[0m = f540cd9067ca009f57102efedc61e04902ce107d084c1768a270da83aaa61b01 
[0;36mDEBUG[0m[2026-03-16 10:14:11.785]   received shard header from network in block tracker [0;36mshard[0m = 0 [0;36mepoch[0m = 0 [0;36mround[0m = 593 [0;36mnonce[0m = 589 [0;36mhash[0m = 03bf8feb4de478bc5cc74a9fa298019bebf090e898391c00079a12f799b9f1a3 
[0;36mDEBUG[0m[2026-03-16 10:14:11.785]   received shard header from network in block tracker [0;36mshard[0m = 0 [0;36mepoch[0m = 0 [0;36mround[0m = 594 [0;36mnonce[0m = 590 [0;36mhash[0m = c05ef91bf1bb3860cc051a075730703c9c5f1e155daa70d53879fc20b001467b 
[0;36mDEBUG[0m[2026-03-16 10:14:11.785]   received shard header from network in block tracker [0;36mshard[0m = 0 [0;36mepoch[0m = 0 [0;36mround[0m = 595 [0;36mnonce[0m = 591 [0;36mhash[0m = ee59cd5318157573dc1c8403b9210e59626846c6e75e9a2bc3dd1f29dd122344 
[0;36mDEBUG[0m[2026-03-16 10:14:11.785]   received shard header from network in block tracker [0;36mshard[0m = 0 [0;36mepoch[0m = 0 [0;36mround[0m = 596 [0;36mnonce[0m = 592 [0;36mhash[0m = 3e75150a53df88f2651105a3b0bd3f146f4756c9d6a3c7ce5b425df7bb12365f 
[0;36mDEBUG[0m[2026-03-16 10:14:11.785]   received shard header from network in block tracker [0;36mshard[0m = 0 [0;36mepoch[0m = 0 [0;36mround[0m = 597 [0;36mnonce[0m = 593 [0;36mhash[0m = 5952e39c759ba68134ab5451064dee89a6f4c4a5d9b6ff6c4bad50845d38bcde 
[0;36mDEBUG[0m[2026-03-16 10:14:11.785]   received shard header from network in block tracker [0;36mshard[0m = 0 [0;36mepoch[0m = 0 [0;36mround[0m = 598 [0;36mnonce[0m = 594 [0;36mhash[0m = b534ac6e6d45f13c96dcf10f0c033bbd5938d0e74dda28788607328be8e84155 
[0;36mDEBUG[0m[2026-03-16 10:14:11.785]   received shard header from network in block tracker [0;36mshard[0m = 0 [0;36mepoch[0m = 0 [0;36mround[0m = 599 [0;36mnonce[0m = 595 [0;36mhash[0m = cd36c9ec5bfeebba82c341672b8d354e7283b6f1fe7fa38d7b56fca8f291f1ff 
[0;36mDEBUG[0m[2026-03-16 10:14:11.785]   received shard header from network in block tracker [0;36mshard[0m = 0 [0;36mepoch[0m = 0 [0;36mround[0m = 600 [0;36mnonce[0m = 596 [0;36mhash[0m = bdb316df1b231e48180dd09a444cb666a8165cdbc2a942672004864c16292b18 
[0;36mDEBUG[0m[2026-03-16 10:14:11.785]   received shard header from network in block tracker [0;36mshard[0m = 0 [0;36mepoch[0m = 0 [0;36mround[0m = 601 [0;36mnonce[0m = 597 [0;36mhash[0m = ed83af37e572852af8c8eebb5193d752af3d1ab658d334b160866676f9ac7b53 
[0;36mDEBUG[0m[2026-03-16 10:14:11.785]   received shard header from network in block tracker [0;36mshard[0m = 0 [0;36mepoch[0m = 0 [0;36mround[0m = 602 [0;36mnonce[0m = 598 [0;36mhash[0m = f5ef15e08d51cf3419e1f6fdf5d0ccbab98e1bb8aad57d34f92f7c0d04cc420a 
[0;36mDEBUG[0m[2026-03-16 10:14:11.785]   received shard header from network in block tracker [0;36mshard[0m = 0 [0;36mepoch[0m = 0 [0;36mround[0m = 603 [0;36mnonce[0m = 599 [0;36mhash[0m = 32be382e167545edf1c7853235b138afc6d4299f19a27d302f7901a05e97c04d 
[0;36mDEBUG[0m[2026-03-16 10:14:11.785]   received shard header from network in block tracker [0;36mshard[0m = 0 [0;36mepoch[0m = 0 [0;36mround[0m = 604 [0;36mnonce[0m = 600 [0;36mhash[0m = d38a1b62b405c0df710ee6e96bf984a876a1668c3e6a6c2ee0ee95e41448622f 
[0;36mDEBUG[0m[2026-03-16 10:14:11.785]   received shard header from network in block tracker [0;36mshard[0m = 0 [0;36mepoch[0m = 0 [0;36mround[0m = 605 [0;36mnonce[0m = 601 [0;36mhash[0m = 44d71a7a17c46cbecf32f1ee0df85f29cff1323a7d464a6638aba93e35971c43 
[0;36mDEBUG[0m[2026-03-16 10:14:11.785]   received shard header from network in block tracker [0;36mshard[0m = 0 [0;36mepoch[0m = 0 [0;36mround[0m = 606 [0;36mnonce[0m = 602 [0;36mhash[0m = 2da5997c37be781495698529f7021d2ddbc2f92e2e64c1ee40c2d4689303c54c 
[0;36mDEBUG[0m[2026-03-16 10:14:11.785]   received shard header from network in block tracker [0;36mshard[0m = 0 [0;36mepoch[0m = 0 [0;36mround[0m = 607 [0;36mnonce[0m = 603 [0;36mhash[0m = 6b194cd03ba2b1b980f5beee8d8d81680c5a5f3cd49adb1256db0f5d01f0010f 
[0;36mDEBUG[0m[2026-03-16 10:14:11.785]   received shard header from network in block tracker [0;36mshard[0m = 0 [0;36mepoch[0m = 0 [0;36mround[0m = 608 [0;36mnonce[0m = 604 [0;36mhash[0m = 28692bc30be3113d90905d1a305a72679eea84ad86cf131983d02ca828f30de5 
[0;36mDEBUG[0m[2026-03-16 10:14:11.785]   received shard header from network in block tracker [0;36mshard[0m = 0 [0;36mepoch[0m = 0 [0;36mround[0m = 609 [0;36mnonce[0m = 605 [0;36mhash[0m = de63c37e3fb69a0d6136a1f9fec92d23469eedbf60cd3308d377ad3ed37b1204 
[0;36mDEBUG[0m[2026-03-16 10:14:11.785]   received shard header from network in block tracker [0;36mshard[0m = 0 [0;36mepoch[0m = 0 [0;36mround[0m = 610 [0;36mnonce[0m = 606 [0;36mhash[0m = 90d389bd27374caf5406febf7e710dd04d149844d783fe9bb575b1d01c013c6c 
[0;36mDEBUG[0m[2026-03-16 10:14:11.785]   received shard header from network in block tracker [0;36mshard[0m = 0 [0;36mepoch[0m = 0 [0;36mround[0m = 611 [0;36mnonce[0m = 607 [0;36mhash[0m = 787c8e7fd23bdee9aba5c668f4080e4cc3f9bbe7e6713d4986e4e9facdb0f048 
[0;36mDEBUG[0m[2026-03-16 10:14:11.785]   received shard header from network in block tracker [0;36mshard[0m = 0 [0;36mepoch[0m = 0 [0;36mround[0m = 612 [0;36mnonce[0m = 608 [0;36mhash[0m = d244bc33a58da5967a822602d77f7abf9466b971e4c84e9072f3dec594465e32 
[0;36mDEBUG[0m[2026-03-16 10:14:11.785]   received shard header from network in block tracker [0;36mshard[0m = 0 [0;36mepoch[0m = 0 [0;36mround[0m = 613 [0;36mnonce[0m = 609 [0;36mhash[0m = c1137a465131e1d22b36b83120089ccdcb35e945bb36b6862c5119c9f0e39b37 
[0;36mDEBUG[0m[2026-03-16 10:14:11.785]   received shard header from network in block tracker [0;36mshard[0m = 0 [0;36mepoch[0m = 0 [0;36mround[0m = 614 [0;36mnonce[0m = 610 [0;36mhash[0m = b89994f376df2225b32699456c37d4a30079064898316dcfb5778e047f91b2bb 
[0;36mDEBUG[0m[2026-03-16 10:14:11.785]   received shard header from network in block tracker [0;36mshard[0m = 0 [0;36mepoch[0m = 0 [0;36mround[0m = 615 [0;36mnonce[0m = 611 [0;36mhash[0m = 2895a91c81114c04b2e7917b6eb27083fb382f8f545c49c73dacfa798ca437f0 
[0;36mDEBUG[0m[2026-03-16 10:14:11.785]   received shard header from network in block tracker [0;36mshard[0m = 0 [0;36mepoch[0m = 0 [0;36mround[0m = 616 [0;36mnonce[0m = 612 [0;36mhash[0m = d5885871c58becbe633a1f1bd6e9e3df071a7a039bbc41ab48ff2281ef2e7c1f 
[0;36mDEBUG[0m[2026-03-16 10:14:11.785]   received shard header from network in block tracker [0;36mshard[0m = 0 [0;36mepoch[0m = 0 [0;36mround[0m = 617 [0;36mnonce[0m = 613 [0;36mhash[0m = 4171c285c5477157879b9411d452f5bff081e4c967cf968a0d4869769a0938a3 
[0;36mDEBUG[0m[2026-03-16 10:14:11.785]   received shard header from network in block tracker [0;36mshard[0m = 0 [0;36mepoch[0m = 0 [0;36mround[0m = 618 [0;36mnonce[0m = 614 [0;36mhash[0m = 5ca904b5d19d53baf0e228d049f8cc9d2d1f9b50d14846724480bc2d4ec10184 
[0;36mDEBUG[0m[2026-03-16 10:14:11.785]   received shard header from network in block tracker [0;36mshard[0m = 0 [0;36mepoch[0m = 0 [0;36mround[0m = 619 [0;36mnonce[0m = 615 [0;36mhash[0m = e16875ee8d1b080385602df7edb359f8e26560425fa99faad2fe08d329191372 
[0;36mDEBUG[0m[2026-03-16 10:14:11.785]   received shard header from network in block tracker [0;36mshard[0m = 0 [0;36mepoch[0m = 0 [0;36mround[0m = 620 [0;36mnonce[0m = 616 [0;36mhash[0m = bf1a0c4f51ff26b5a0a4319fa3b1232e2f9f510e8a18feadcb0e106d36ad6f30 
[0;36mDEBUG[0m[2026-03-16 10:14:11.785]   received shard header from network in block tracker [0;36mshard[0m = 0 [0;36mepoch[0m = 0 [0;36mround[0m = 621 [0;36mnonce[0m = 617 [0;36mhash[0m = 06135412160940ecc317633c8134d05ee2611228e6095ad2206612a7537cec9c 
[0;36mDEBUG[0m[2026-03-16 10:14:11.786]   received shard header from network in block tracker [0;36mshard[0m = 0 [0;36mepoch[0m = 0 [0;36mround[0m = 622 [0;36mnonce[0m = 618 [0;36mhash[0m = ec1a702da74908cffa4690f97edfe700affdcf86400a8a2b67371b06bcf50cf3 
[0;36mDEBUG[0m[2026-03-16 10:14:11.786]   received shard header from network in block tracker [0;36mshard[0m = 0 [0;36mepoch[0m = 0 [0;36mround[0m = 623 [0;36mnonce[0m = 619 [0;36mhash[0m = 78744b28c19b82404c5578f36a35eec31bf34fad95767f7de17cce697a79f62d 
[0;36mDEBUG[0m[2026-03-16 10:14:11.786]   received shard header from network in block tracker [0;36mshard[0m = 0 [0;36mepoch[0m = 0 [0;36mround[0m = 624 [0;36mnonce[0m = 620 [0;36mhash[0m = 20b3a99f1d6130f449e974c526f81c92806430b445d66002b7d80dbcae63c0e6 
[0;36mDEBUG[0m[2026-03-16 10:14:11.786]   received shard header from network in block tracker [0;36mshard[0m = 0 [0;36mepoch[0m = 0 [0;36mround[0m = 625 [0;36mnonce[0m = 621 [0;36mhash[0m = 7987dd778d5e4f85b29f3d91aa430392a474075e5f7fe7d576fce88329f60885 
[0;36mDEBUG[0m[2026-03-16 10:14:11.786]   received shard header from network in block tracker [0;36mshard[0m = 0 [0;36mepoch[0m = 0 [0;36mround[0m = 626 [0;36mnonce[0m = 622 [0;36mhash[0m = 648fa3f7bce7150f710d4a737c4d1f648b9960bd3f3d2b356e7c30fa9b2d6ead 
[0;36mDEBUG[0m[2026-03-16 10:14:11.786]   received shard header from network in block tracker [0;36mshard[0m = 0 [0;36mepoch[0m = 0 [0;36mround[0m = 627 [0;36mnonce[0m = 623 [0;36mhash[0m = e14ee8695096790ed384a7ccf99f447c4141a66e290260b0388f3afcd7c2df6f 
[0;36mDEBUG[0m[2026-03-16 10:14:11.786]   received shard header from network in block tracker [0;36mshard[0m = 0 [0;36mepoch[0m = 0 [0;36mround[0m = 628 [0;36mnonce[0m = 624 [0;36mhash[0m = 5e20279aa02c5ae64e52aea4797d933a4bd4a2a74949e2c3b4b0a939eb8b318e 
[0;36mDEBUG[0m[2026-03-16 10:14:11.786]   received shard header from network in block tracker [0;36mshard[0m = 0 [0;36mepoch[0m = 0 [0;36mround[0m = 629 [0;36mnonce[0m = 625 [0;36mhash[0m = afdaf882e97ba9fa8b70615cb1295ad6ef8c6359912ee9fb5eef1ae60a02b94a 
[0;36mDEBUG[0m[2026-03-16 10:14:11.786]   received shard header from network in block tracker [0;36mshard[0m = 0 [0;36mepoch[0m = 0 [0;36mround[0m = 630 [0;36mnonce[0m = 626 [0;36mhash[0m = 634b72db82548adf8138be044cf4b8f97d5240b17d77d3093b52a0c9f230e793 
[0;36mDEBUG[0m[2026-03-16 10:14:11.786]   received shard header from network in block tracker [0;36mshard[0m = 0 [0;36mepoch[0m = 0 [0;36mround[0m = 631 [0;36mnonce[0m = 627 [0;36mhash[0m = 2e52ccd77a091908a39b31fcc8f070315393ae1b45112129381f01229fdaf9d6 
[0;36mDEBUG[0m[2026-03-16 10:14:11.786]   received shard header from network in block tracker [0;36mshard[0m = 0 [0;36mepoch[0m = 0 [0;36mround[0m = 632 [0;36mnonce[0m = 628 [0;36mhash[0m = 5362d9fbdb487f58b3fcf44739131199c326f9f1418a9d790433ffb2c3ddc3c9 
[0;36mDEBUG[0m[2026-03-16 10:14:11.786]   received shard header from network in block tracker [0;36mshard[0m = 0 [0;36mepoch[0m = 0 [0;36mround[0m = 633 [0;36mnonce[0m = 629 [0;36mhash[0m = 0c99cee26edac1513a105705c65935f673f264ca46fa089019dc3fb19c3dc3a5 
[0;36mDEBUG[0m[2026-03-16 10:14:11.786]   received shard header from network in block tracker [0;36mshard[0m = 0 [0;36mepoch[0m = 0 [0;36mround[0m = 634 [0;36mnonce[0m = 630 [0;36mhash[0m = 30e68e26da3e05551b253cb68db161fa312a1dd673bf0fff0694fac78495e7cf 
[0;36mDEBUG[0m[2026-03-16 10:14:11.786]   received shard header from network in block tracker [0;36mshard[0m = 0 [0;36mepoch[0m = 0 [0;36mround[0m = 635 [0;36mnonce[0m = 631 [0;36mhash[0m = 540563f1610f8085feb947359b65a3bc0d3fa0da0ae94fbfd0e69bd1bf13517f 
[0;36mDEBUG[0m[2026-03-16 10:14:11.786]   received shard header from network in block tracker [0;36mshard[0m = 0 [0;36mepoch[0m = 0 [0;36mround[0m = 636 [0;36mnonce[0m = 632 [0;36mhash[0m = ffe0b3b9e30196f38323629bcd2251a758578c6e196a46dbdb7b8f1993b03825 
[0;36mDEBUG[0m[2026-03-16 10:14:11.786]   received shard header from network in block tracker [0;36mshard[0m = 0 [0;36mepoch[0m = 0 [0;36mround[0m = 637 [0;36mnonce[0m = 633 [0;36mhash[0m = caf0c41a6460ed48996c9f66ceb0562828da8ff5baad8172a67c9a12214d0fdf 
[0;36mDEBUG[0m[2026-03-16 10:14:11.786]   received shard header from network in block tracker [0;36mshard[0m = 0 [0;36mepoch[0m = 0 [0;36mround[0m = 638 [0;36mnonce[0m = 634 [0;36mhash[0m = 0672dc19ab1e97fe18b1369830c6c8d17740c054327b1571dee41586c45987fe 
[0;36mDEBUG[0m[2026-03-16 10:14:11.786]   received shard header from network in block tracker [0;36mshard[0m = 0 [0;36mepoch[0m = 0 [0;36mround[0m = 639 [0;36mnonce[0m = 635 [0;36mhash[0m = b2590f270c6f6369f126e209aa08b4f7c21f3cb4921030cc8f21f89cf01b43d0 
[0;36mDEBUG[0m[2026-03-16 10:14:11.786]   received shard header from network in block tracker [0;36mshard[0m = 0 [0;36mepoch[0m = 0 [0;36mround[0m = 640 [0;36mnonce[0m = 636 [0;36mhash[0m = 944dbc85b2f63d866b492d3092f5c5245d25bcaa184f9727526d3257137681dc 
[0;36mDEBUG[0m[2026-03-16 10:14:11.786]   received shard header from network in block tracker [0;36mshard[0m = 0 [0;36mepoch[0m = 0 [0;36mround[0m = 641 [0;36mnonce[0m = 637 [0;36mhash[0m = b6d4970066a7a9e78b2403e50df637cf88fcf0fcf9d73804937b13f25d85857e 
[0;36mDEBUG[0m[2026-03-16 10:14:11.786]   received shard header from network in block tracker [0;36mshard[0m = 0 [0;36mepoch[0m = 0 [0;36mround[0m = 642 [0;36mnonce[0m = 638 [0;36mhash[0m = e055b463790559821b6742190a183bc862b3459f02d4918afe4f0cd8deb650a6 
[0;36mDEBUG[0m[2026-03-16 10:14:11.786]   received shard header from network in block tracker [0;36mshard[0m = 0 [0;36mepoch[0m = 0 [0;36mround[0m = 643 [0;36mnonce[0m = 639 [0;36mhash[0m = e828df96db6fa2eae82455045bdd9317aa2f19d389e64d84086671bb2cb66032 
[0;36mDEBUG[0m[2026-03-16 10:14:11.786]   received shard header from network in block tracker [0;36mshard[0m = 0 [0;36mepoch[0m = 0 [0;36mround[0m = 644 [0;36mnonce[0m = 640 [0;36mhash[0m = 98887eb74d83fe771e508d09c00a7e704ea6fc84422c86c29941d4c05f9fa229 
[0;36mDEBUG[0m[2026-03-16 10:14:11.786]   received shard header from network in block tracker [0;36mshard[0m = 0 [0;36mepoch[0m = 0 [0;36mround[0m = 645 [0;36mnonce[0m = 641 [0;36mhash[0m = d4b93b84c31b25dc50bcda938d626307539acb6ae208678a6f2c21ec2c898379 
[0;36mDEBUG[0m[2026-03-16 10:14:11.786]   received shard header from network in block tracker [0;36mshard[0m = 0 [0;36mepoch[0m = 0 [0;36mround[0m = 646 [0;36mnonce[0m = 642 [0;36mhash[0m = ab7b92ad3c35a8e6b6a8cc1fcb11e7cfec250bfc4570f3925a8566250a98682b 
[0;36mDEBUG[0m[2026-03-16 10:14:11.786]   received shard header from network in block tracker [0;36mshard[0m = 0 [0;36mepoch[0m = 0 [0;36mround[0m = 647 [0;36mnonce[0m = 643 [0;36mhash[0m = 8c5f552fcf949cb190dd5416bc3b2d17e817fbe0431b20d5025c87f18204458f 
[0;36mDEBUG[0m[2026-03-16 10:14:11.786]   received shard header from network in block tracker [0;36mshard[0m = 0 [0;36mepoch[0m = 0 [0;36mround[0m = 648 [0;36mnonce[0m = 644 [0;36mhash[0m = 302be207bdddd6120306f48ea5b4d738dd101c7fe42cf7792b1bd003a9c14e6b 
[0;36mDEBUG[0m[2026-03-16 10:14:11.786]   received shard header from network in block tracker [0;36mshard[0m = 0 [0;36mepoch[0m = 0 [0;36mround[0m = 649 [0;36mnonce[0m = 645 [0;36mhash[0m = 3bf6c2575cc7aeb4af52574011d92b68a560b8ca68189094ac2dcc9ef205882b 
[0;36mDEBUG[0m[2026-03-16 10:14:11.786]   received shard header from network in block tracker [0;36mshard[0m = 0 [0;36mepoch[0m = 0 [0;36mround[0m = 650 [0;36mnonce[0m = 646 [0;36mhash[0m = 7d7d6d70b24cd854284938b6505867ad87c060b6bf23dfe1b3a01436c8651664 
[0;36mDEBUG[0m[2026-03-16 10:14:11.786]   received shard header from network in block tracker [0;36mshard[0m = 0 [0;36mepoch[0m = 0 [0;36mround[0m = 651 [0;36mnonce[0m = 647 [0;36mhash[0m = 335d022b97ebc319742a3288c83aabff52f36ca352d1adfa8b876348af13ffc8 
[0;36mDEBUG[0m[2026-03-16 10:14:11.786]   received shard header from network in block tracker [0;36mshard[0m = 0 [0;36mepoch[0m = 0 [0;36mround[0m = 652 [0;36mnonce[0m = 648 [0;36mhash[0m = d028310ead8a8619dd19b2353b7cca2555f5b60dd9019612ad26495de51fc601 
[0;36mDEBUG[0m[2026-03-16 10:14:11.786]   received shard header from network in block tracker [0;36mshard[0m = 0 [0;36mepoch[0m = 0 [0;36mround[0m = 653 [0;36mnonce[0m = 649 [0;36mhash[0m = d5dc66d6b050244fe76af428829840fb13d5d989c327dbe0d9a3d5524277ca7a 
[0;36mDEBUG[0m[2026-03-16 10:14:11.786]   received shard header from network in block tracker [0;36mshard[0m = 0 [0;36mepoch[0m = 0 [0;36mround[0m = 654 [0;36mnonce[0m = 650 [0;36mhash[0m = 47fca379260c4c47a3a3760ed24853f1708cc62279d0700c40d7347e1b353e8d 
[0;36mDEBUG[0m[2026-03-16 10:14:11.786]   received shard header from network in block tracker [0;36mshard[0m = 0 [0;36mepoch[0m = 0 [0;36mround[0m = 655 [0;36mnonce[0m = 651 [0;36mhash[0m = 12b0171c75aaf91e559233c4c6cfca03e8a5c0162cb119e1800770fd9e88c57f 
[0;36mDEBUG[0m[2026-03-16 10:14:11.786]   received shard header from network in block tracker [0;36mshard[0m = 0 [0;36mepoch[0m = 0 [0;36mround[0m = 656 [0;36mnonce[0m = 652 [0;36mhash[0m = 977a82f9652330db9361bb60ed56ce2f46ce4d64d99b5ca5751d5fda717e1106 
[0;36mDEBUG[0m[2026-03-16 10:14:11.786]   received shard header from network in block tracker [0;36mshard[0m = 0 [0;36mepoch[0m = 0 [0;36mround[0m = 657 [0;36mnonce[0m = 653 [0;36mhash[0m = e4b5524c567981f81769cdc25071450d7f8ebd594d1ec4ab940c94b2670b93c7 
[0;36mDEBUG[0m[2026-03-16 10:14:11.786]   received shard header from network in block tracker [0;36mshard[0m = 0 [0;36mepoch[0m = 0 [0;36mround[0m = 658 [0;36mnonce[0m = 654 [0;36mhash[0m = 11c1736f11219ce7471b59e1a22bfaed6a55c52edff5232b80bf75f80344929f 
[0;36mDEBUG[0m[2026-03-16 10:14:11.786]   received shard header from network in block tracker [0;36mshard[0m = 0 [0;36mepoch[0m = 0 [0;36mround[0m = 659 [0;36mnonce[0m = 655 [0;36mhash[0m = c04e13154328e0524cab01032dd118fc69ffa4205be1bf1b59cf275a59692cc5 
[0;36mDEBUG[0m[2026-03-16 10:14:11.786]   received shard header from network in block tracker [0;36mshard[0m = 0 [0;36mepoch[0m = 0 [0;36mround[0m = 660 [0;36mnonce[0m = 656 [0;36mhash[0m = 9c2feaefd2d761ce9be692dd14dcc3836a15c53ef54f2ef88a5fcb6b7d2850dc 
[0;36mDEBUG[0m[2026-03-16 10:14:11.786]   received shard header from network in block tracker [0;36mshard[0m = 0 [0;36mepoch[0m = 0 [0;36mround[0m = 661 [0;36mnonce[0m = 657 [0;36mhash[0m = a10ba95e7320f425273b4cc15ebb7376d4a359da58923688291a6465a01fcb65 
[0;36mDEBUG[0m[2026-03-16 10:14:11.786]   received shard header from network in block tracker [0;36mshard[0m = 0 [0;36mepoch[0m = 0 [0;36mround[0m = 662 [0;36mnonce[0m = 658 [0;36mhash[0m = 2bbb7616895e24ee215eeb9c32561541881e5d76fba08237f0791f24d55a8333 
[0;36mDEBUG[0m[2026-03-16 10:14:11.786]   received shard header from network in block tracker [0;36mshard[0m = 0 [0;36mepoch[0m = 0 [0;36mround[0m = 663 [0;36mnonce[0m = 659 [0;36mhash[0m = 62e0777fbd76851b9ac2c63834cc012ed94fdb1c228008ca826267abfda2eda0 
[0;36mDEBUG[0m[2026-03-16 10:14:11.787]   received shard header from network in block tracker [0;36mshard[0m = 0 [0;36mepoch[0m = 0 [0;36mround[0m = 664 [0;36mnonce[0m = 660 [0;36mhash[0m = 34f2bfaf13c0061a249327753654ff0245d494d7ae8370dc5e357be7e81b6915 
[0;36mDEBUG[0m[2026-03-16 10:14:11.787]   received shard header from network in block tracker [0;36mshard[0m = 0 [0;36mepoch[0m = 0 [0;36mround[0m = 665 [0;36mnonce[0m = 661 [0;36mhash[0m = 2b749f0ee606e094872f61d3b74937d1780c4744590b638660de96252d138102 
[0;36mDEBUG[0m[2026-03-16 10:14:11.787]   received shard header from network in block tracker [0;36mshard[0m = 0 [0;36mepoch[0m = 0 [0;36mround[0m = 666 [0;36mnonce[0m = 662 [0;36mhash[0m = 64c87428c37be62160ce1f9ac67afff5db60c8690ca04b30b2c5123a1b4e2c6e 
[0;36mDEBUG[0m[2026-03-16 10:14:11.787]   received shard header from network in block tracker [0;36mshard[0m = 0 [0;36mepoch[0m = 0 [0;36mround[0m = 667 [0;36mnonce[0m = 663 [0;36mhash[0m = d7ed2add65a46f410805bb92818fd34d6ae9ca5ce150d4235699534ea636c80e 
[0;36mDEBUG[0m[2026-03-16 10:14:11.787]   received shard header from network in block tracker [0;36mshard[0m = 0 [0;36mepoch[0m = 0 [0;36mround[0m = 668 [0;36mnonce[0m = 664 [0;36mhash[0m = d70f1ebd5267722e0bdd84b46297ba326ad1e0ced1dc07e04740d5954ebea047 
[0;36mDEBUG[0m[2026-03-16 10:14:11.787]   received shard header from network in block tracker [0;36mshard[0m = 0 [0;36mepoch[0m = 0 [0;36mround[0m = 669 [0;36mnonce[0m = 665 [0;36mhash[0m = 227ed4f07cea13361fd26a7826e046408a59b0ceccbdda5726ffa1ec756faaaa 
[0;36mDEBUG[0m[2026-03-16 10:14:11.787]   received shard header from network in block tracker [0;36mshard[0m = 0 [0;36mepoch[0m = 0 [0;36mround[0m = 670 [0;36mnonce[0m = 666 [0;36mhash[0m = b05caf8bb0ce1c8e808c0abe1d3745711f84c73a41781153848927262e4133f2 
[0;36mDEBUG[0m[2026-03-16 10:14:11.787]   received shard header from network in block tracker [0;36mshard[0m = 0 [0;36mepoch[0m = 0 [0;36mround[0m = 671 [0;36mnonce[0m = 667 [0;36mhash[0m = a058dbe21ed883d354ff3a64fd5712bc8e6da1791cecf91f0a559f9889324e1b 
[0;36mDEBUG[0m[2026-03-16 10:14:11.787]   received shard header from network in block tracker [0;36mshard[0m = 0 [0;36mepoch[0m = 0 [0;36mround[0m = 672 [0;36mnonce[0m = 668 [0;36mhash[0m = 0158e44c5ee33607b317a119e01b9a7e85c683fd50aaecd572e5001aff21e6ac 
[0;36mDEBUG[0m[2026-03-16 10:14:11.787]   received shard header from network in block tracker [0;36mshard[0m = 0 [0;36mepoch[0m = 0 [0;36mround[0m = 673 [0;36mnonce[0m = 669 [0;36mhash[0m = 5b6e3fba9ea277425650559dd1ec96b9436cda2be8e7fdf96e5d1f6a8a05373f 
[0;36mDEBUG[0m[2026-03-16 10:14:11.787]   received shard header from network in block tracker [0;36mshard[0m = 0 [0;36mepoch[0m = 0 [0;36mround[0m = 674 [0;36mnonce[0m = 670 [0;36mhash[0m = d5f9c20b9aadd8aa856943d4589345734e8f1c2e3a48f5d48100d190b4e116ca 
[0;36mDEBUG[0m[2026-03-16 10:14:11.787]   received shard header from network in block tracker [0;36mshard[0m = 0 [0;36mepoch[0m = 0 [0;36mround[0m = 675 [0;36mnonce[0m = 671 [0;36mhash[0m = b2a1968c0234e7006cbbb810a0db4e44f2bc18a9b83d216ab5fb6c02cbea0355 
[0;36mDEBUG[0m[2026-03-16 10:14:11.787]   received shard header from network in block tracker [0;36mshard[0m = 0 [0;36mepoch[0m = 0 [0;36mround[0m = 676 [0;36mnonce[0m = 672 [0;36mhash[0m = 7a2fa702e47895f770552ebf4b16e028db8a3216a991e965844ee543a32a2a6d 
[0;36mDEBUG[0m[2026-03-16 10:14:11.787]   received shard header from network in block tracker [0;36mshard[0m = 0 [0;36mepoch[0m = 0 [0;36mround[0m = 677 [0;36mnonce[0m = 673 [0;36mhash[0m = 8dee53f1efae5437b2f8b3534e1e5d00dfe1d19e88288d8ca472022cb9baeaab 
[0;36mDEBUG[0m[2026-03-16 10:14:11.787]   received shard header from network in block tracker [0;36mshard[0m = 0 [0;36mepoch[0m = 0 [0;36mround[0m = 678 [0;36mnonce[0m = 674 [0;36mhash[0m = 741753f5ca2eb1f401724474a06d1748d396540ee65a8d2461dcd577adc7d429 
[0;36mDEBUG[0m[2026-03-16 10:14:11.787]   received shard header from network in block tracker [0;36mshard[0m = 0 [0;36mepoch[0m = 0 [0;36mround[0m = 679 [0;36mnonce[0m = 675 [0;36mhash[0m = 893332d9f0de12554f89211349b75a27da29b55bd7cfc58b270dd75e179516fb 
[0;36mDEBUG[0m[2026-03-16 10:14:11.787]   received shard header from network in block tracker [0;36mshard[0m = 0 [0;36mepoch[0m = 0 [0;36mround[0m = 680 [0;36mnonce[0m = 676 [0;36mhash[0m = 7a6a011cff68be988353ee9597b95c1f4e3763a79936b7dd23d7fb4de158799f 
[0;36mDEBUG[0m[2026-03-16 10:14:11.787]   received shard header from network in block tracker [0;36mshard[0m = 0 [0;36mepoch[0m = 0 [0;36mround[0m = 681 [0;36mnonce[0m = 677 [0;36mhash[0m = c8ffc11c774563614df75a7d15ff311c2434b52a58bf95de6ac112a12fb24a4a 
[0;36mDEBUG[0m[2026-03-16 10:14:11.787]   received shard header from network in block tracker [0;36mshard[0m = 0 [0;36mepoch[0m = 0 [0;36mround[0m = 682 [0;36mnonce[0m = 678 [0;36mhash[0m = 5d28d4bc6f52aa94732b7ad9e474110c2e4039801c6a672fe612be280aa5a951 
[0;36mDEBUG[0m[2026-03-16 10:14:11.787]   received shard header from network in block tracker [0;36mshard[0m = 0 [0;36mepoch[0m = 0 [0;36mround[0m = 683 [0;36mnonce[0m = 679 [0;36mhash[0m = ca1cf817ddbf1a62d3102f90e383162c7455fd890a7dbdb0997dd71174925b29 
[0;36mDEBUG[0m[2026-03-16 10:14:11.787]   received shard header from network in block tracker [0;36mshard[0m = 0 [0;36mepoch[0m = 0 [0;36mround[0m = 684 [0;36mnonce[0m = 680 [0;36mhash[0m = d7dc1e43cb0138f2652276e796f06c0c249ec12acbd5ba385dad40d4c5508bb3 
[0;36mDEBUG[0m[2026-03-16 10:14:11.787]   received shard header from network in block tracker [0;36mshard[0m = 0 [0;36mepoch[0m = 0 [0;36mround[0m = 685 [0;36mnonce[0m = 681 [0;36mhash[0m = f10100b8f969a8794283b4760852d324ad893b0e6f6d3b0e174e422d934c394f 
[0;36mDEBUG[0m[2026-03-16 10:14:11.787]   received shard header from network in block tracker [0;36mshard[0m = 0 [0;36mepoch[0m = 0 [0;36mround[0m = 686 [0;36mnonce[0m = 682 [0;36mhash[0m = f4b4a01da86d1b8ee236794605138dc3c84184d6bdc9c27b1536e7a539185526 
[0;36mDEBUG[0m[2026-03-16 10:14:11.787]   received shard header from network in block tracker [0;36mshard[0m = 0 [0;36mepoch[0m = 0 [0;36mround[0m = 687 [0;36mnonce[0m = 683 [0;36mhash[0m = 5ff93760aeafdbd53bbe6f4d3897834c3c51df0f3f574c32151e57edf04d5e11 
[0;36mDEBUG[0m[2026-03-16 10:14:11.787]   received shard header from network in block tracker [0;36mshard[0m = 0 [0;36mepoch[0m = 0 [0;36mround[0m = 688 [0;36mnonce[0m = 684 [0;36mhash[0m = 2f6b8137d67b7936f739d5e0ddd7e7686ba65603ea473a9f1e9671ec6fdfd36e 
[0;36mDEBUG[0m[2026-03-16 10:14:11.787]   received shard header from network in block tracker [0;36mshard[0m = 0 [0;36mepoch[0m = 0 [0;36mround[0m = 689 [0;36mnonce[0m = 685 [0;36mhash[0m = 1b31555977ed3a92b164db82ceac72356b16230179702edb9261fae9539ee136 
[0;36mDEBUG[0m[2026-03-16 10:14:11.787]   received shard header from network in block tracker [0;36mshard[0m = 0 [0;36mepoch[0m = 0 [0;36mround[0m = 690 [0;36mnonce[0m = 686 [0;36mhash[0m = 3580775fc3c024647b9e7691f7e7118c213f92b15af526b6a63f472741344b2d 
[0;36mDEBUG[0m[2026-03-16 10:14:11.787]   received shard header from network in block tracker [0;36mshard[0m = 0 [0;36mepoch[0m = 0 [0;36mround[0m = 691 [0;36mnonce[0m = 687 [0;36mhash[0m = c05b765dcccb059ada912ca4a26051eb2e89b7c7be37e9f75bc78a217ecf5857 
[0;36mDEBUG[0m[2026-03-16 10:14:11.787]   received shard header from network in block tracker [0;36mshard[0m = 0 [0;36mepoch[0m = 0 [0;36mround[0m = 692 [0;36mnonce[0m = 688 [0;36mhash[0m = fae07cce855135e38c772f5e49adf1791311a34aa16eae8052447414a6e14f06 
[0;36mDEBUG[0m[2026-03-16 10:14:11.787]   received shard header from network in block tracker [0;36mshard[0m = 0 [0;36mepoch[0m = 0 [0;36mround[0m = 693 [0;36mnonce[0m = 689 [0;36mhash[0m = b175eca1dc9c3266c415fa689d7678a1ff10c3903fc920bd3b55eac6abd2b7fc 
[0;36mDEBUG[0m[2026-03-16 10:14:11.787]   received shard header from network in block tracker [0;36mshard[0m = 0 [0;36mepoch[0m = 0 [0;36mround[0m = 694 [0;36mnonce[0m = 690 [0;36mhash[0m = a33a39dc9887832f716e0e22a7acb532639906b44c71845e49abcc87af4fac75 
[0;36mDEBUG[0m[2026-03-16 10:14:11.787]   received shard header from network in block tracker [0;36mshard[0m = 0 [0;36mepoch[0m = 0 [0;36mround[0m = 695 [0;36mnonce[0m = 691 [0;36mhash[0m = 4dc796f0ea1b3a0e18f6c976a731549d214a02a46890db74b29af6d284c4b2a8 
[0;36mDEBUG[0m[2026-03-16 10:14:11.787]   received shard header from network in block tracker [0;36mshard[0m = 0 [0;36mepoch[0m = 0 [0;36mround[0m = 696 [0;36mnonce[0m = 692 [0;36mhash[0m = c82581a4052dadffb077c103a66f457f7fc4f90f27a7ea1ad29f68c7bdc15c61 
[0;36mDEBUG[0m[2026-03-16 10:14:11.787]   received shard header from network in block tracker [0;36mshard[0m = 0 [0;36mepoch[0m = 0 [0;36mround[0m = 697 [0;36mnonce[0m = 693 [0;36mhash[0m = 921484e36db97a981b0b77dd9c3cd8f4586d757f0dbeb351f948300516d661fa 
[0;36mDEBUG[0m[2026-03-16 10:14:11.787]   received shard header from network in block tracker [0;36mshard[0m = 0 [0;36mepoch[0m = 0 [0;36mround[0m = 698 [0;36mnonce[0m = 694 [0;36mhash[0m = f4e6b19d266494fe9b5491d876c2dcc8321efff8522e911061e4a559d50833f7 
[0;36mDEBUG[0m[2026-03-16 10:14:11.787]   received shard header from network in block tracker [0;36mshard[0m = 0 [0;36mepoch[0m = 0 [0;36mround[0m = 699 [0;36mnonce[0m = 695 [0;36mhash[0m = 5b01ab8b820c7dae92c18d481507a96093eb1fd036db4726d7deef53eafa9971 
[0;36mDEBUG[0m[2026-03-16 10:14:11.787]   received shard header from network in block tracker [0;36mshard[0m = 0 [0;36mepoch[0m = 0 [0;36mround[0m = 700 [0;36mnonce[0m = 696 [0;36mhash[0m = 61bb902d413aa2eee083aeac6cfd51ebc85c31c640eb9fb20282a349a08b1293 
[0;36mDEBUG[0m[2026-03-16 10:14:11.787]   received shard header from network in block tracker [0;36mshard[0m = 0 [0;36mepoch[0m = 0 [0;36mround[0m = 701 [0;36mnonce[0m = 697 [0;36mhash[0m = 60fde023eecd36e3850861f7456795b5ec245b84e42dde7c96848f23ea21a4a5 
[0;36mDEBUG[0m[2026-03-16 10:14:11.787]   received shard header from network in block tracker [0;36mshard[0m = 0 [0;36mepoch[0m = 0 [0;36mround[0m = 702 [0;36mnonce[0m = 698 [0;36mhash[0m = 86791c840a62e32ea27590b031f48f2e72a0f8cb5fe9f0a235ab1bfcc2d42514 
[0;36mDEBUG[0m[2026-03-16 10:14:11.787]   received shard header from network in block tracker [0;36mshard[0m = 0 [0;36mepoch[0m = 0 [0;36mround[0m = 703 [0;36mnonce[0m = 699 [0;36mhash[0m = c62ce895d8e265b690fb9e0fdd86f856460b23c5e1dc159f5f9a1af9c77e2722 
[0;36mDEBUG[0m[2026-03-16 10:14:11.787]   received shard header from network in block tracker [0;36mshard[0m = 0 [0;36mepoch[0m = 0 [0;36mround[0m = 704 [0;36mnonce[0m = 700 [0;36mhash[0m = f966a5257e68a20cafe40034f26deb8dcf49b9b39b8bb23592f60d9b82ebcd5b 
[0;36mDEBUG[0m[2026-03-16 10:14:11.787]   received shard header from network in block tracker [0;36mshard[0m = 0 [0;36mepoch[0m = 0 [0;36mround[0m = 705 [0;36mnonce[0m = 701 [0;36mhash[0m = 662af16f26b8bd74bd4a9242f829f17dc88dcbbab49db62ae8aee37962d197ec 
[0;36mDEBUG[0m[2026-03-16 10:14:11.788]   received shard header from network in block tracker [0;36mshard[0m = 0 [0;36mepoch[0m = 0 [0;36mround[0m = 706 [0;36mnonce[0m = 702 [0;36mhash[0m = 6a4b313b8f60b3506538a24e399418d8739b9ae6f412f7aaa15cbdb767a975ce 
[0;36mDEBUG[0m[2026-03-16 10:14:11.788]   received shard header from network in block tracker [0;36mshard[0m = 0 [0;36mepoch[0m = 0 [0;36mround[0m = 707 [0;36mnonce[0m = 703 [0;36mhash[0m = 6be285b33eeaeff30c7ba502c148b93c6423cebe3d0a657a36409ac146923731 
[0;36mDEBUG[0m[2026-03-16 10:14:11.788]   received shard header from network in block tracker [0;36mshard[0m = 0 [0;36mepoch[0m = 0 [0;36mround[0m = 708 [0;36mnonce[0m = 704 [0;36mhash[0m = 4d4f05d0a5f30221b48082743b55fa44b6363fbf90292ffdc88ced1162b30ea0 
[0;36mDEBUG[0m[2026-03-16 10:14:11.788]   received shard header from network in block tracker [0;36mshard[0m = 0 [0;36mepoch[0m = 0 [0;36mround[0m = 709 [0;36mnonce[0m = 705 [0;36mhash[0m = 82eeeecffdfc783dc0381084dcc2a7b985398252252a2a50a50567fcf2497990 
[0;36mDEBUG[0m[2026-03-16 10:14:11.788]   received shard header from network in block tracker [0;36mshard[0m = 0 [0;36mepoch[0m = 0 [0;36mround[0m = 710 [0;36mnonce[0m = 706 [0;36mhash[0m = b3cb874f22f51a06e1864f271ec820125dcb4684a5ce113023d060b0df425996 
[0;36mDEBUG[0m[2026-03-16 10:14:11.788]   received shard header from network in block tracker [0;36mshard[0m = 0 [0;36mepoch[0m = 0 [0;36mround[0m = 711 [0;36mnonce[0m = 707 [0;36mhash[0m = 2d1e0984ee5dbe80915e40fe7f6a72eadd2c383506f998a8a540ef405b430723 
[0;36mDEBUG[0m[2026-03-16 10:14:11.788]   received shard header from network in block tracker [0;36mshard[0m = 0 [0;36mepoch[0m = 0 [0;36mround[0m = 712 [0;36mnonce[0m = 708 [0;36mhash[0m = 222b19a33dead8cc538029e9571da5e02313fe056a18f49761d48475d70ec8de 
[0;36mDEBUG[0m[2026-03-16 10:14:11.788]   received shard header from network in block tracker [0;36mshard[0m = 0 [0;36mepoch[0m = 0 [0;36mround[0m = 713 [0;36mnonce[0m = 709 [0;36mhash[0m = 714b862c72f27f6a2c838be71589a6559725180a22bccb10d30f0dc610d7397c 
[0;36mDEBUG[0m[2026-03-16 10:14:11.788]   received shard header from network in block tracker [0;36mshard[0m = 0 [0;36mepoch[0m = 0 [0;36mround[0m = 714 [0;36mnonce[0m = 710 [0;36mhash[0m = 8fd2d00f7338f53e1035783157e1f8528209f3f7fec07de30d80367c0371bee4 
[0;36mDEBUG[0m[2026-03-16 10:14:11.788]   received shard header from network in block tracker [0;36mshard[0m = 0 [0;36mepoch[0m = 0 [0;36mround[0m = 715 [0;36mnonce[0m = 711 [0;36mhash[0m = 33a70fdad1a79c343098c2247826f794ec87cc71aa600c998e3a5098cd60a11e 
[0;36mDEBUG[0m[2026-03-16 10:14:11.788]   received shard header from network in block tracker [0;36mshard[0m = 0 [0;36mepoch[0m = 0 [0;36mround[0m = 716 [0;36mnonce[0m = 712 [0;36mhash[0m = 185eb5fb0c6d998cf0c4770b1c3a01a9148594e89b7424072411670eb3cddfe0 
[0;36mDEBUG[0m[2026-03-16 10:14:11.788]   received shard header from network in block tracker [0;36mshard[0m = 0 [0;36mepoch[0m = 0 [0;36mround[0m = 717 [0;36mnonce[0m = 713 [0;36mhash[0m = c1e75fd6e219ad6642db743b5753488a84a9266aaa4e59d4c1af15c4bbbff5a0 
[0;36mDEBUG[0m[2026-03-16 10:14:11.788]   received shard header from network in block tracker [0;36mshard[0m = 0 [0;36mepoch[0m = 0 [0;36mround[0m = 718 [0;36mnonce[0m = 714 [0;36mhash[0m = 739661e8bab553b36c80171e6d361f0b5eb7185a315b4313d0b3db86a307f4e6 
[0;36mDEBUG[0m[2026-03-16 10:14:11.788]   received shard header from network in block tracker [0;36mshard[0m = 0 [0;36mepoch[0m = 0 [0;36mround[0m = 719 [0;36mnonce[0m = 715 [0;36mhash[0m = ba3d8179939850b7755e1b483bf851fa9499dee0a6adc3e8de6b7c9cce6f76fa 
[0;36mDEBUG[0m[2026-03-16 10:14:11.788]   received shard header from network in block tracker [0;36mshard[0m = 0 [0;36mepoch[0m = 0 [0;36mround[0m = 720 [0;36mnonce[0m = 716 [0;36mhash[0m = 644effe4c5eaf593806b5c35b0ea56efc709b909f3b3a7a1d63b3fa72c3f3595 
[0;36mDEBUG[0m[2026-03-16 10:14:11.788]   received shard header from network in block tracker [0;36mshard[0m = 0 [0;36mepoch[0m = 0 [0;36mround[0m = 721 [0;36mnonce[0m = 717 [0;36mhash[0m = cb39b17c8518f355cbe4f3a5b12910e1b23630f5ed4131743625c799d0a62101 
[0;36mDEBUG[0m[2026-03-16 10:14:11.788]   received shard header from network in block tracker [0;36mshard[0m = 0 [0;36mepoch[0m = 0 [0;36mround[0m = 722 [0;36mnonce[0m = 718 [0;36mhash[0m = fac508ad93d5ed8483c7413d3c9de0655776c7a37ebdaa256971705f38ac96da 
[0;36mDEBUG[0m[2026-03-16 10:14:11.788]   received shard header from network in block tracker [0;36mshard[0m = 0 [0;36mepoch[0m = 0 [0;36mround[0m = 723 [0;36mnonce[0m = 719 [0;36mhash[0m = e67b188bd6e1851321052a3a68c3f3798d3820633591b16bb6644fa1c0a317db 
[0;36mDEBUG[0m[2026-03-16 10:14:11.788]   received shard header from network in block tracker [0;36mshard[0m = 0 [0;36mepoch[0m = 0 [0;36mround[0m = 724 [0;36mnonce[0m = 720 [0;36mhash[0m = 66e87d4554da9912a9c8c289986fd7080e80d7f43d5a5d64ff007e6fdb3d1b8c 
[0;36mDEBUG[0m[2026-03-16 10:14:11.788]   received shard header from network in block tracker [0;36mshard[0m = 0 [0;36mepoch[0m = 0 [0;36mround[0m = 725 [0;36mnonce[0m = 721 [0;36mhash[0m = 7f24165fbe9743f1902d22f345e021848112a375b2d99b646d0b0c65c3529664 
[0;36mDEBUG[0m[2026-03-16 10:14:11.788]   received shard header from network in block tracker [0;36mshard[0m = 0 [0;36mepoch[0m = 0 [0;36mround[0m = 726 [0;36mnonce[0m = 722 [0;36mhash[0m = a453523bc7f7fdf5d98e8e2bbcd31590434053a1795ae3f9c604855a0a959efe 
[0;36mDEBUG[0m[2026-03-16 10:14:11.788]   received shard header from network in block tracker [0;36mshard[0m = 0 [0;36mepoch[0m = 0 [0;36mround[0m = 727 [0;36mnonce[0m = 723 [0;36mhash[0m = d03817ba84f0303605fe5df680feb3a35a61448ff7a6cb2e5cc20a5bed45fdf7 
[0;36mDEBUG[0m[2026-03-16 10:14:11.788]   received shard header from network in block tracker [0;36mshard[0m = 0 [0;36mepoch[0m = 0 [0;36mround[0m = 728 [0;36mnonce[0m = 724 [0;36mhash[0m = 84ec3ab02231e0445762b2b8bfaa4babc5b430697c3dc6db94714d5719737743 
[0;36mDEBUG[0m[2026-03-16 10:14:11.788]   received shard header from network in block tracker [0;36mshard[0m = 0 [0;36mepoch[0m = 0 [0;36mround[0m = 729 [0;36mnonce[0m = 725 [0;36mhash[0m = 45eccf2984f4e1a7eb8749d38a1b3ad887db6b3526c0c4a30a1fa23566a6fb3c 
[0;36mDEBUG[0m[2026-03-16 10:14:11.788]   received shard header from network in block tracker [0;36mshard[0m = 0 [0;36mepoch[0m = 0 [0;36mround[0m = 730 [0;36mnonce[0m = 726 [0;36mhash[0m = 347535f861824f0c2c50e434502987d349c76e57843c12ef0777a0c0999418c0 
[0;36mDEBUG[0m[2026-03-16 10:14:11.788]   received shard header from network in block tracker [0;36mshard[0m = 0 [0;36mepoch[0m = 0 [0;36mround[0m = 731 [0;36mnonce[0m = 727 [0;36mhash[0m = 77d4819dabba5f620896a0a8f7159229e8fef2c139007769f836aecee724fb86 
[0;36mDEBUG[0m[2026-03-16 10:14:11.788]   received shard header from network in block tracker [0;36mshard[0m = 0 [0;36mepoch[0m = 0 [0;36mround[0m = 732 [0;36mnonce[0m = 728 [0;36mhash[0m = 7e8dc7b0c3843197d86d0a05706990651f0947ae643b5c00d848128740c7b637 
[0;36mDEBUG[0m[2026-03-16 10:14:11.788]   received shard header from network in block tracker [0;36mshard[0m = 0 [0;36mepoch[0m = 0 [0;36mround[0m = 733 [0;36mnonce[0m = 729 [0;36mhash[0m = 710e5ca8b5c2c70941a0dad2335f0ec21ab888880c4bd45972fb4aede15d9c40 
[0;36mDEBUG[0m[2026-03-16 10:14:11.788]   received shard header from network in block tracker [0;36mshard[0m = 0 [0;36mepoch[0m = 0 [0;36mround[0m = 734 [0;36mnonce[0m = 730 [0;36mhash[0m = ef9ba5cf84f0af6ed98ccfc3e1b786378729c54619d9a09ca31221560faf31e5 
[0;36mDEBUG[0m[2026-03-16 10:14:11.788]   received shard header from network in block tracker [0;36mshard[0m = 0 [0;36mepoch[0m = 0 [0;36mround[0m = 735 [0;36mnonce[0m = 731 [0;36mhash[0m = 49779d83ee6d89e5b6421b0d081d41af66739a1f4ac758727caa97610b932959 
[0;36mDEBUG[0m[2026-03-16 10:14:11.788]   received shard header from network in block tracker [0;36mshard[0m = 0 [0;36mepoch[0m = 0 [0;36mround[0m = 736 [0;36mnonce[0m = 732 [0;36mhash[0m = 1584600a056f79bca280546a9077e10687869d70c79c4a5951da539f8e84c69c 
[0;36mDEBUG[0m[2026-03-16 10:14:11.788]   received shard header from network in block tracker [0;36mshard[0m = 0 [0;36mepoch[0m = 0 [0;36mround[0m = 737 [0;36mnonce[0m = 733 [0;36mhash[0m = 050d2c58d8c3c67004a707ab4196de99c36645a9795725405465c41e536584e5 
[0;36mDEBUG[0m[2026-03-16 10:14:11.788]   received shard header from network in block tracker [0;36mshard[0m = 0 [0;36mepoch[0m = 0 [0;36mround[0m = 738 [0;36mnonce[0m = 734 [0;36mhash[0m = e01bde6c06577ec8365dcd494893b48738d37ec9987b9fb86d739f34caaa737b 
[0;36mDEBUG[0m[2026-03-16 10:14:11.788]   received shard header from network in block tracker [0;36mshard[0m = 0 [0;36mepoch[0m = 0 [0;36mround[0m = 739 [0;36mnonce[0m = 735 [0;36mhash[0m = e9c1bbeef9e6b9638d4ceddb7bad0a84874eea728a3f98ed2b47d32490ce5881 
[0;36mDEBUG[0m[2026-03-16 10:14:11.788]   received shard header from network in block tracker [0;36mshard[0m = 0 [0;36mepoch[0m = 0 [0;36mround[0m = 740 [0;36mnonce[0m = 736 [0;36mhash[0m = 93183269461fa18fe08a33655f5a107ce06f010b8b36ecead3202d3a3e91af63 
[0;36mDEBUG[0m[2026-03-16 10:14:11.788]   received shard header from network in block tracker [0;36mshard[0m = 0 [0;36mepoch[0m = 0 [0;36mround[0m = 741 [0;36mnonce[0m = 737 [0;36mhash[0m = a8e7df8946d939dc815617629ddcd9c892fcd45e92fdaa3b90e01ffdc0c92ad7 
[0;36mDEBUG[0m[2026-03-16 10:14:11.788]   received shard header from network in block tracker [0;36mshard[0m = 0 [0;36mepoch[0m = 0 [0;36mround[0m = 742 [0;36mnonce[0m = 738 [0;36mhash[0m = 6fa0897d61bcd7a969f40e13987c91181b103846c4b33747644742b3ddd6ac2b 
[0;36mDEBUG[0m[2026-03-16 10:14:11.788]   received shard header from network in block tracker [0;36mshard[0m = 0 [0;36mepoch[0m = 0 [0;36mround[0m = 743 [0;36mnonce[0m = 739 [0;36mhash[0m = b68306b1581296e030058a76a7be961048dca38995d98ab5b2c98c5756308da2 
[0;36mDEBUG[0m[2026-03-16 10:14:11.788]   received shard header from network in block tracker [0;36mshard[0m = 0 [0;36mepoch[0m = 0 [0;36mround[0m = 744 [0;36mnonce[0m = 740 [0;36mhash[0m = c2913e63db5a5822ca362b43141f20eea2dcdcb49890a4cf9b0d50a7dee0294b 
[0;36mDEBUG[0m[2026-03-16 10:14:11.788]   received shard header from network in block tracker [0;36mshard[0m = 0 [0;36mepoch[0m = 0 [0;36mround[0m = 745 [0;36mnonce[0m = 741 [0;36mhash[0m = 80afbdd94323c346848d025383a6e30e1c57c23dd61176e3cc4a92abaecae8a7 
[0;36mDEBUG[0m[2026-03-16 10:14:11.788]   received shard header from network in block tracker [0;36mshard[0m = 0 [0;36mepoch[0m = 0 [0;36mround[0m = 746 [0;36mnonce[0m = 742 [0;36mhash[0m = 76c71bf4626a2aedeef3c45f002758baa446697e288dec169b49fd4a546016df 
[0;36mDEBUG[0m[2026-03-16 10:14:11.788]   received shard header from network in block tracker [0;36mshard[0m = 0 [0;36mepoch[0m = 0 [0;36mround[0m = 747 [0;36mnonce[0m = 743 [0;36mhash[0m = 15b4548a9078a7ddd455c88194a9957f39fff11b05b4d5fae064ec7ed4ccd8db 
[0;36mDEBUG[0m[2026-03-16 10:14:11.789]   received shard header from network in block tracker [0;36mshard[0m = 0 [0;36mepoch[0m = 0 [0;36mround[0m = 748 [0;36mnonce[0m = 744 [0;36mhash[0m = 1bdbfc6a370419aca49ad05bc12db6719a3b01c27c48623dfabd92caf2f6d24b 
[0;36mDEBUG[0m[2026-03-16 10:14:11.789]   received shard header from network in block tracker [0;36mshard[0m = 0 [0;36mepoch[0m = 0 [0;36mround[0m = 749 [0;36mnonce[0m = 745 [0;36mhash[0m = 841004b377753f3b67e84e44337b37aac8cf88f483005f65773f1680b15b7bc6 
[0;36mDEBUG[0m[2026-03-16 10:14:11.789]   received shard header from network in block tracker [0;36mshard[0m = 0 [0;36mepoch[0m = 0 [0;36mround[0m = 750 [0;36mnonce[0m = 746 [0;36mhash[0m = 9d28487fbc751fd59cbbc6ee765f002997436ba3bcb78d912cb681e4af66199c 
[0;36mDEBUG[0m[2026-03-16 10:14:11.789]   received shard header from network in block tracker [0;36mshard[0m = 0 [0;36mepoch[0m = 0 [0;36mround[0m = 751 [0;36mnonce[0m = 747 [0;36mhash[0m = a4ae22505ddd2d6a987edaa8d237701f1fb721d36bd47e2c73f7f7d723ff1b4f 
[0;36mDEBUG[0m[2026-03-16 10:14:11.789]   received shard header from network in block tracker [0;36mshard[0m = 0 [0;36mepoch[0m = 0 [0;36mround[0m = 752 [0;36mnonce[0m = 748 [0;36mhash[0m = ab004c70c371e66720969a9c27e264b3f0084388f8ce54e6a8f3fcb5089f9cdf 
[0;36mDEBUG[0m[2026-03-16 10:14:11.789]   received shard header from network in block tracker [0;36mshard[0m = 0 [0;36mepoch[0m = 0 [0;36mround[0m = 753 [0;36mnonce[0m = 749 [0;36mhash[0m = 39e620a2f138f50854a51034327d421d50cf9f7837c3904dfa8ff637a330a012 
[0;36mDEBUG[0m[2026-03-16 10:14:11.789]   received shard header from network in block tracker [0;36mshard[0m = 0 [0;36mepoch[0m = 0 [0;36mround[0m = 754 [0;36mnonce[0m = 750 [0;36mhash[0m = 4acd3c9d223f20972e990641b715ee62aed9f7b10c343b5cf7ac627d9a463298 
[0;36mDEBUG[0m[2026-03-16 10:14:11.789]   received shard header from network in block tracker [0;36mshard[0m = 0 [0;36mepoch[0m = 0 [0;36mround[0m = 755 [0;36mnonce[0m = 751 [0;36mhash[0m = 4818cf54f011c876a0a32e2f8e075605e62b2bd0fd9630c996978b6a3369960b 
[0;36mDEBUG[0m[2026-03-16 10:14:11.789]   received shard header from network in block tracker [0;36mshard[0m = 0 [0;36mepoch[0m = 0 [0;36mround[0m = 756 [0;36mnonce[0m = 752 [0;36mhash[0m = 75c63b3d4c6aa65620db568c198e31f558b3952d7f22ec1d4fd8fdf96d34cc1a 
[0;36mDEBUG[0m[2026-03-16 10:14:11.789]   received shard header from network in block tracker [0;36mshard[0m = 0 [0;36mepoch[0m = 0 [0;36mround[0m = 757 [0;36mnonce[0m = 753 [0;36mhash[0m = e67b071a0d33a1e4bc9c1eeaef4ef886263beba8e8cf16f27ac9c593dfffaba4 
[0;36mDEBUG[0m[2026-03-16 10:14:11.789]   received shard header from network in block tracker [0;36mshard[0m = 0 [0;36mepoch[0m = 0 [0;36mround[0m = 758 [0;36mnonce[0m = 754 [0;36mhash[0m = 2cc3902fa1dcf99f9948e4a7f31a84312f6878e8da606755b3ff6e9829a04fc6 
[0;36mDEBUG[0m[2026-03-16 10:14:11.789]   received shard header from network in block tracker [0;36mshard[0m = 0 [0;36mepoch[0m = 0 [0;36mround[0m = 759 [0;36mnonce[0m = 755 [0;36mhash[0m = 964d26ec2d4092d27536cef440c2e120d7e000ff503304969975d9fe256ba535 
[0;36mDEBUG[0m[2026-03-16 10:14:11.789]   received shard header from network in block tracker [0;36mshard[0m = 0 [0;36mepoch[0m = 0 [0;36mround[0m = 760 [0;36mnonce[0m = 756 [0;36mhash[0m = e5ac58d30b7be2527ee8c65787cf99b28c6591b86748e4d80f57ef30e49322db 
[0;36mDEBUG[0m[2026-03-16 10:14:11.789]   received shard header from network in block tracker [0;36mshard[0m = 0 [0;36mepoch[0m = 0 [0;36mround[0m = 761 [0;36mnonce[0m = 757 [0;36mhash[0m = bba8e0164bf55761067bb3a89c503f155694974c47685a6aca8add3cc9edf90d 
[0;36mDEBUG[0m[2026-03-16 10:14:11.789]   received shard header from network in block tracker [0;36mshard[0m = 0 [0;36mepoch[0m = 0 [0;36mround[0m = 762 [0;36mnonce[0m = 758 [0;36mhash[0m = 4ae4ac882a656d9574746600148683cdce940ab118281f5eed04698e0e7bf13a 
[0;36mDEBUG[0m[2026-03-16 10:14:11.789]   received shard header from network in block tracker [0;36mshard[0m = 0 [0;36mepoch[0m = 0 [0;36mround[0m = 763 [0;36mnonce[0m = 759 [0;36mhash[0m = 2488f8334003fcffbf6349d614154258a8bf93f5437ce68ddc21f8356f57e366 
[0;36mDEBUG[0m[2026-03-16 10:14:11.789]   received shard header from network in block tracker [0;36mshard[0m = 0 [0;36mepoch[0m = 0 [0;36mround[0m = 764 [0;36mnonce[0m = 760 [0;36mhash[0m = a7fa67312a00fedc71653fc14ddf34becd45ccf0a3b2be37320be6db71962d97 
[0;36mDEBUG[0m[2026-03-16 10:14:11.789]   received shard header from network in block tracker [0;36mshard[0m = 0 [0;36mepoch[0m = 0 [0;36mround[0m = 765 [0;36mnonce[0m = 761 [0;36mhash[0m = 163c553d7aa0ec22e4d9483217b0dd4b30e88f2049a11424b70b1289e2b9c72d 
[0;36mDEBUG[0m[2026-03-16 10:14:11.789]   received shard header from network in block tracker [0;36mshard[0m = 0 [0;36mepoch[0m = 0 [0;36mround[0m = 766 [0;36mnonce[0m = 762 [0;36mhash[0m = f3f738c61fc95d140f8d3d45a38f9a364431450d7ba0f1d5e8cc8f0d104c51f2 
[0;36mDEBUG[0m[2026-03-16 10:14:11.789]   received shard header from network in block tracker [0;36mshard[0m = 0 [0;36mepoch[0m = 0 [0;36mround[0m = 767 [0;36mnonce[0m = 763 [0;36mhash[0m = e84f164318445b7cced49f18c6052358da90abb1a667d23553656dadbeb80592 
[0;36mDEBUG[0m[2026-03-16 10:14:11.789]   received shard header from network in block tracker [0;36mshard[0m = 0 [0;36mepoch[0m = 0 [0;36mround[0m = 768 [0;36mnonce[0m = 764 [0;36mhash[0m = a558f420cf6a763b0c2697b4e43251d44069ae367251c5b99959b5c4bae29c65 
[0;36mDEBUG[0m[2026-03-16 10:14:11.789]   received shard header from network in block tracker [0;36mshard[0m = 0 [0;36mepoch[0m = 0 [0;36mround[0m = 769 [0;36mnonce[0m = 765 [0;36mhash[0m = 49fa0b0861850fea44ae7d6c128fa7156b0a59718060e620f3dcdeda628b7299 
[0;36mDEBUG[0m[2026-03-16 10:14:11.789]   received shard header from network in block tracker [0;36mshard[0m = 0 [0;36mepoch[0m = 0 [0;36mround[0m = 770 [0;36mnonce[0m = 766 [0;36mhash[0m = b02fc95fb94c734642210a8601c720d95e74901d7220756640c3ced574151dff 
[0;36mDEBUG[0m[2026-03-16 10:14:11.789]   received shard header from network in block tracker [0;36mshard[0m = 0 [0;36mepoch[0m = 0 [0;36mround[0m = 771 [0;36mnonce[0m = 767 [0;36mhash[0m = 753c8929a161de0b9939027c5abfaf383ec313aee53cdb03b28891c9483de282 
[0;36mDEBUG[0m[2026-03-16 10:14:11.789]   received shard header from network in block tracker [0;36mshard[0m = 0 [0;36mepoch[0m = 0 [0;36mround[0m = 772 [0;36mnonce[0m = 768 [0;36mhash[0m = df85b50c0a1c176844f4c39b042474f30b22fa8a0ac724c3892f63cbcf6f070d 
[0;36mDEBUG[0m[2026-03-16 10:14:11.789]   received shard header from network in block tracker [0;36mshard[0m = 0 [0;36mepoch[0m = 0 [0;36mround[0m = 773 [0;36mnonce[0m = 769 [0;36mhash[0m = 59f98969c24714e2fb8371db48232d1a8b0a6181d5a172c8f5f480cc4203af13 
[0;36mDEBUG[0m[2026-03-16 10:14:11.789]   received shard header from network in block tracker [0;36mshard[0m = 0 [0;36mepoch[0m = 0 [0;36mround[0m = 774 [0;36mnonce[0m = 770 [0;36mhash[0m = cd8e49fceae064bd2408dfab89741a2127b0fa08cef836fb6d296876879906b5 
[0;36mDEBUG[0m[2026-03-16 10:14:11.789]   received shard header from network in block tracker [0;36mshard[0m = 0 [0;36mepoch[0m = 0 [0;36mround[0m = 775 [0;36mnonce[0m = 771 [0;36mhash[0m = 5ea04955d2087d313da1f394e1dcd49f98ce8c75ee4fdb01dff0777c7428e4c6 
[0;36mDEBUG[0m[2026-03-16 10:14:11.789]   received shard header from network in block tracker [0;36mshard[0m = 0 [0;36mepoch[0m = 0 [0;36mround[0m = 776 [0;36mnonce[0m = 772 [0;36mhash[0m = b0aa3870d980edbd89798f69343792162abdd5c55e7e98910c6e939a7de25b0c 
[0;36mDEBUG[0m[2026-03-16 10:14:11.789]   received shard header from network in block tracker [0;36mshard[0m = 0 [0;36mepoch[0m = 0 [0;36mround[0m = 777 [0;36mnonce[0m = 773 [0;36mhash[0m = c8fb6b303daf02af4a6719abd027c0db130028d85cb4dc658e80e1b687de0446 
[0;36mDEBUG[0m[2026-03-16 10:14:11.789]   received shard header from network in block tracker [0;36mshard[0m = 0 [0;36mepoch[0m = 0 [0;36mround[0m = 778 [0;36mnonce[0m = 774 [0;36mhash[0m = 4b8ada3389100f016b966004e0acc6ede42728b0f89d7433d156a75b660e9950 
[0;36mDEBUG[0m[2026-03-16 10:14:11.789]   received shard header from network in block tracker [0;36mshard[0m = 0 [0;36mepoch[0m = 0 [0;36mround[0m = 779 [0;36mnonce[0m = 775 [0;36mhash[0m = 6f71c74de6a6b749605cc3a77d3a22fbccc97332ccd47141df55742a37c28304 
[0;36mDEBUG[0m[2026-03-16 10:14:11.789]   received shard header from network in block tracker [0;36mshard[0m = 0 [0;36mepoch[0m = 0 [0;36mround[0m = 780 [0;36mnonce[0m = 776 [0;36mhash[0m = f0118c0fe3390e5cb21cb6db9090f1b7e37922d1fa3970e9b4ce9016b1fd6f3f 
[0;36mDEBUG[0m[2026-03-16 10:14:11.789]   received shard header from network in block tracker [0;36mshard[0m = 0 [0;36mepoch[0m = 0 [0;36mround[0m = 781 [0;36mnonce[0m = 777 [0;36mhash[0m = 21d1ef02eed650f5eb348a831511f6416cc189c09ea82d19aaa8f06f75ad1891 
[0;36mDEBUG[0m[2026-03-16 10:14:11.789]   received shard header from network in block tracker [0;36mshard[0m = 0 [0;36mepoch[0m = 0 [0;36mround[0m = 782 [0;36mnonce[0m = 778 [0;36mhash[0m = 5473752fcd88b995c82691a5f9d5f4819394b1076db83a52b9d3e20eb07a8a77 
[0;36mDEBUG[0m[2026-03-16 10:14:11.789]   received shard header from network in block tracker [0;36mshard[0m = 0 [0;36mepoch[0m = 0 [0;36mround[0m = 783 [0;36mnonce[0m = 779 [0;36mhash[0m = 8dc32b197075f6dc86d6b9868527f92998d58481f9e2bb4c06d97a71c8d9b4c9 
[0;36mDEBUG[0m[2026-03-16 10:14:11.789]   received shard header from network in block tracker [0;36mshard[0m = 0 [0;36mepoch[0m = 0 [0;36mround[0m = 784 [0;36mnonce[0m = 780 [0;36mhash[0m = f0847ae7ce30191fee319bc695cd143686fb392c1d4f7df80955a03ce616d1bf 
[0;36mDEBUG[0m[2026-03-16 10:14:11.789]   received shard header from network in block tracker [0;36mshard[0m = 0 [0;36mepoch[0m = 0 [0;36mround[0m = 785 [0;36mnonce[0m = 781 [0;36mhash[0m = 85da5383aeda2352abc522479d2b506ab11f55999481dde6f417352ee37d29d9 
[0;36mDEBUG[0m[2026-03-16 10:14:11.789]   received shard header from network in block tracker [0;36mshard[0m = 0 [0;36mepoch[0m = 0 [0;36mround[0m = 786 [0;36mnonce[0m = 782 [0;36mhash[0m = baecfb8828892410d080e7c95b4dbae37d5517b47d8f0c20fdf33384b7f82747 
[0;36mDEBUG[0m[2026-03-16 10:14:11.789]   received shard header from network in block tracker [0;36mshard[0m = 0 [0;36mepoch[0m = 0 [0;36mround[0m = 787 [0;36mnonce[0m = 783 [0;36mhash[0m = 8114b24adf41956955f6db1db3d9eb8ed3662736b81b78069471220f23382284 
[0;36mDEBUG[0m[2026-03-16 10:14:11.789]   received shard header from network in block tracker [0;36mshard[0m = 0 [0;36mepoch[0m = 0 [0;36mround[0m = 788 [0;36mnonce[0m = 784 [0;36mhash[0m = bc1626e0cc236a8efac2266fd2621b567aae1cde65e8249cf2d90f7afba13f06 
[0;36mDEBUG[0m[2026-03-16 10:14:11.789]   received shard header from network in block tracker [0;36mshard[0m = 0 [0;36mepoch[0m = 0 [0;36mround[0m = 789 [0;36mnonce[0m = 785 [0;36mhash[0m = cc7c13d55ce39bcab80eb86f6b28b5b21eb7e80d916e61cd8c8914f5960cee52 
[0;36mDEBUG[0m[2026-03-16 10:14:11.789]   received shard header from network in block tracker [0;36mshard[0m = 0 [0;36mepoch[0m = 0 [0;36mround[0m = 790 [0;36mnonce[0m = 786 [0;36mhash[0m = 4d346629cbe09c190dbbfca72d1d6a5d746c93706157aa9fcdd14fe4852c1c5d 
[0;36mDEBUG[0m[2026-03-16 10:14:11.789]   received shard header from network in block tracker [0;36mshard[0m = 0 [0;36mepoch[0m = 0 [0;36mround[0m = 791 [0;36mnonce[0m = 787 [0;36mhash[0m = 75693748438e8288b496c41bc559f7d6cd3b0f7e288aaefa200334c8e20341a6 
[0;36mDEBUG[0m[2026-03-16 10:14:11.790]   received shard header from network in block tracker [0;36mshard[0m = 0 [0;36mepoch[0m = 0 [0;36mround[0m = 792 [0;36mnonce[0m = 788 [0;36mhash[0m = cfdd23f791035d2eef6a09818bd9b88b84813ccf4c80cedd8bff905ddc41329e 
[0;36mDEBUG[0m[2026-03-16 10:14:11.790]   received shard header from network in block tracker [0;36mshard[0m = 0 [0;36mepoch[0m = 0 [0;36mround[0m = 793 [0;36mnonce[0m = 789 [0;36mhash[0m = 65157c725eb99ba6164b1afa0413f6364b32c9274349a76f7f3032793385c298 
[0;36mDEBUG[0m[2026-03-16 10:14:11.790]   received shard header from network in block tracker [0;36mshard[0m = 0 [0;36mepoch[0m = 0 [0;36mround[0m = 794 [0;36mnonce[0m = 790 [0;36mhash[0m = 9ebeb48cc34a450981b960c6391f5e8a104fd8f60b80c64f78613a12857963e2 
[0;36mDEBUG[0m[2026-03-16 10:14:11.790]   received shard header from network in block tracker [0;36mshard[0m = 0 [0;36mepoch[0m = 0 [0;36mround[0m = 795 [0;36mnonce[0m = 791 [0;36mhash[0m = 3f3de10068de8b667c02c2cb727658ccbb89c4d7d32cc2c6cedc1e6264a932b0 
[0;36mDEBUG[0m[2026-03-16 10:14:11.790]   received shard header from network in block tracker [0;36mshard[0m = 0 [0;36mepoch[0m = 0 [0;36mround[0m = 796 [0;36mnonce[0m = 792 [0;36mhash[0m = 2c81c93a07602a2ac4b90d8706b2d9b1a6ba5590c7720b8cbf18596c91ec7bcc 
[0;36mDEBUG[0m[2026-03-16 10:14:11.790]   received shard header from network in block tracker [0;36mshard[0m = 0 [0;36mepoch[0m = 0 [0;36mround[0m = 797 [0;36mnonce[0m = 793 [0;36mhash[0m = c0244593f973507b31d6d1b576266fffa15c19dd14eae8e965b09ad824f1ebd8 
[0;36mDEBUG[0m[2026-03-16 10:14:11.790]   received shard header from network in block tracker [0;36mshard[0m = 0 [0;36mepoch[0m = 0 [0;36mround[0m = 798 [0;36mnonce[0m = 794 [0;36mhash[0m = 16ec22e0ce050a3ee4361ee51fd9891fd2951f8019aaa5b4cde0dd55213434b0 
[0;36mDEBUG[0m[2026-03-16 10:14:11.790]   received shard header from network in block tracker [0;36mshard[0m = 0 [0;36mepoch[0m = 0 [0;36mround[0m = 799 [0;36mnonce[0m = 795 [0;36mhash[0m = 0c89bfeda368b5e0356e6d64421342f5cbc88a5ec666c60ab948400f60b132e8 
[0;36mDEBUG[0m[2026-03-16 10:14:11.790]   received shard header from network in block tracker [0;36mshard[0m = 0 [0;36mepoch[0m = 0 [0;36mround[0m = 800 [0;36mnonce[0m = 796 [0;36mhash[0m = 911959a63fd96b2764fec513287540a20e08f61d4d8513828a71a07ba598ce88 
[0;36mDEBUG[0m[2026-03-16 10:14:11.790]   received shard header from network in block tracker [0;36mshard[0m = 0 [0;36mepoch[0m = 0 [0;36mround[0m = 801 [0;36mnonce[0m = 797 [0;36mhash[0m = 6eef051d78fd7f0c8fa7e9dc46f1048cc5c2d80da0352f6225c3533148118296 
[0;36mDEBUG[0m[2026-03-16 10:14:11.790]   received shard header from network in block tracker [0;36mshard[0m = 0 [0;36mepoch[0m = 0 [0;36mround[0m = 802 [0;36mnonce[0m = 798 [0;36mhash[0m = 9a32dd71495175f6336360e1341720e6c3d2a6217b657246621b2350b9675105 
[0;36mDEBUG[0m[2026-03-16 10:14:11.790]   received shard header from network in block tracker [0;36mshard[0m = 0 [0;36mepoch[0m = 0 [0;36mround[0m = 803 [0;36mnonce[0m = 799 [0;36mhash[0m = dcf560c592ebbe58b9d7197cda99a7d4c9eabb812730398521d6f0ace45bffa8 
[0;36mDEBUG[0m[2026-03-16 10:14:11.790]   received shard header from network in block tracker [0;36mshard[0m = 0 [0;36mepoch[0m = 0 [0;36mround[0m = 804 [0;36mnonce[0m = 800 [0;36mhash[0m = cd49d20828114fdeaa0458798ff87087e1a03ed95b50d65b78c98de2d4fe5416 
[0;36mDEBUG[0m[2026-03-16 10:14:11.790]   received shard header from network in block tracker [0;36mshard[0m = 0 [0;36mepoch[0m = 0 [0;36mround[0m = 805 [0;36mnonce[0m = 801 [0;36mhash[0m = d1ef42ac65952c6ba853a9bce4970fbd94817cb98e7e1ac686f372ba464497fc 
[0;36mDEBUG[0m[2026-03-16 10:14:11.790]   received shard header from network in block tracker [0;36mshard[0m = 0 [0;36mepoch[0m = 0 [0;36mround[0m = 806 [0;36mnonce[0m = 802 [0;36mhash[0m = 6094651af29eafdaa02e8fd75049108d4f275370e736c4eb6f589b8ed7007f58 
[0;36mDEBUG[0m[2026-03-16 10:14:11.790]   received shard header from network in block tracker [0;36mshard[0m = 0 [0;36mepoch[0m = 0 [0;36mround[0m = 807 [0;36mnonce[0m = 803 [0;36mhash[0m = 92c33b859ae8df9a7bc3c4745abb33b4147ea323fcd439e8430e936e18eaeead 
[0;36mDEBUG[0m[2026-03-16 10:14:11.790]   received shard header from network in block tracker [0;36mshard[0m = 0 [0;36mepoch[0m = 0 [0;36mround[0m = 808 [0;36mnonce[0m = 804 [0;36mhash[0m = 40d9767feb7175dbf9a72dd0ab759931a35f004bde9e8e34bfcdc8ba07b401f5 
[0;36mDEBUG[0m[2026-03-16 10:14:11.790]   received shard header from network in block tracker [0;36mshard[0m = 0 [0;36mepoch[0m = 0 [0;36mround[0m = 809 [0;36mnonce[0m = 805 [0;36mhash[0m = 1f8bf73ab15e39e6eb4e4c1f7d5acf9d9f1acab656ef0aa45feaf391e57ab1aa 
[0;36mDEBUG[0m[2026-03-16 10:14:11.790]   received shard header from network in block tracker [0;36mshard[0m = 0 [0;36mepoch[0m = 0 [0;36mround[0m = 810 [0;36mnonce[0m = 806 [0;36mhash[0m = 6063ed583e6ffb5c5af53d3b8867291f72ddc9b316b50cc30c8d6a6b62187d89 
[0;36mDEBUG[0m[2026-03-16 10:14:11.790]   received shard header from network in block tracker [0;36mshard[0m = 0 [0;36mepoch[0m = 0 [0;36mround[0m = 811 [0;36mnonce[0m = 807 [0;36mhash[0m = 44669bff5f693254ffa67fb18935b7a7c77c51394f231b30c54bee5dd2750c1f 
[0;36mDEBUG[0m[2026-03-16 10:14:11.790]   received shard header from network in block tracker [0;36mshard[0m = 0 [0;36mepoch[0m = 0 [0;36mround[0m = 812 [0;36mnonce[0m = 808 [0;36mhash[0m = 69ae26a3d1dc170c5e6471cf20b6629772852f35a842456657697d01a9453116 
[0;36mDEBUG[0m[2026-03-16 10:14:11.790]   received shard header from network in block tracker [0;36mshard[0m = 0 [0;36mepoch[0m = 0 [0;36mround[0m = 813 [0;36mnonce[0m = 809 [0;36mhash[0m = 0c9210e866064efe2d9d05552308c98a44ae7fc4baa80d377c766558a4bf4fed 
[0;36mDEBUG[0m[2026-03-16 10:14:11.790]   received shard header from network in block tracker [0;36mshard[0m = 0 [0;36mepoch[0m = 0 [0;36mround[0m = 814 [0;36mnonce[0m = 810 [0;36mhash[0m = 34f37913377907a9cc90e1a3fa059ffcdadc86c5a0263d09456f15ae3b385010 
[0;36mDEBUG[0m[2026-03-16 10:14:11.790]   received shard header from network in block tracker [0;36mshard[0m = 0 [0;36mepoch[0m = 0 [0;36mround[0m = 815 [0;36mnonce[0m = 811 [0;36mhash[0m = 2b1969aef30327915c48852db93697db25f5b0387d6129a807ee54952d6b9f14 
[0;36mDEBUG[0m[2026-03-16 10:14:11.790]   received shard header from network in block tracker [0;36mshard[0m = 0 [0;36mepoch[0m = 0 [0;36mround[0m = 816 [0;36mnonce[0m = 812 [0;36mhash[0m = eda90c1eea8aaf27f735d533394599779fec08f041e3334cd7b02509cf098013 
[0;36mDEBUG[0m[2026-03-16 10:14:11.790]   received shard header from network in block tracker [0;36mshard[0m = 0 [0;36mepoch[0m = 0 [0;36mround[0m = 817 [0;36mnonce[0m = 813 [0;36mhash[0m = 25ee583c6e65497d0070965071c7e50d9636bd81f47aa607fb665c6e4729dc1b 
[0;36mDEBUG[0m[2026-03-16 10:14:11.790]   received shard header from network in block tracker [0;36mshard[0m = 0 [0;36mepoch[0m = 0 [0;36mround[0m = 818 [0;36mnonce[0m = 814 [0;36mhash[0m = 38740aba7cdae4e838f478eab3cfb3eb070306b5542c715d04c98c589d562c6e 
[0;36mDEBUG[0m[2026-03-16 10:14:11.790]   received shard header from network in block tracker [0;36mshard[0m = 0 [0;36mepoch[0m = 0 [0;36mround[0m = 819 [0;36mnonce[0m = 815 [0;36mhash[0m = d2257e6de07eafee560c94ceb80a01d5081056b0f59f27669e9d296382a1e6b7 
[0;36mDEBUG[0m[2026-03-16 10:14:11.790]   received shard header from network in block tracker [0;36mshard[0m = 0 [0;36mepoch[0m = 0 [0;36mround[0m = 820 [0;36mnonce[0m = 816 [0;36mhash[0m = e6e955556d13b21e0a690e84229d42599d4273d79eb4ad2be364c129f9066140 
[0;36mDEBUG[0m[2026-03-16 10:14:11.790]   received shard header from network in block tracker [0;36mshard[0m = 0 [0;36mepoch[0m = 0 [0;36mround[0m = 821 [0;36mnonce[0m = 817 [0;36mhash[0m = 087ef53d4f81bed6af34d98ee4dc2462171e316f6cb25a28a47e890bd0a50164 
[0;36mDEBUG[0m[2026-03-16 10:14:11.790]   received shard header from network in block tracker [0;36mshard[0m = 0 [0;36mepoch[0m = 0 [0;36mround[0m = 822 [0;36mnonce[0m = 818 [0;36mhash[0m = e610c23d282a232f1e89d418f7436d28bb8f1090ae612092e136df507f1bd77b 
[0;36mDEBUG[0m[2026-03-16 10:14:11.790]   received shard header from network in block tracker [0;36mshard[0m = 0 [0;36mepoch[0m = 0 [0;36mround[0m = 823 [0;36mnonce[0m = 819 [0;36mhash[0m = 91723ccb3b966f31f66eed9c4dd93fe480a1046fa4411499f7ae6f38482e8c4d 
[0;36mDEBUG[0m[2026-03-16 10:14:11.790]   received shard header from network in block tracker [0;36mshard[0m = 0 [0;36mepoch[0m = 0 [0;36mround[0m = 824 [0;36mnonce[0m = 820 [0;36mhash[0m = fe8213a73a715fbc3a2940d9b5017ac59a9ef261ae19b560fd6ecefbd5d21652 
[0;36mDEBUG[0m[2026-03-16 10:14:11.790]   received shard header from network in block tracker [0;36mshard[0m = 0 [0;36mepoch[0m = 0 [0;36mround[0m = 825 [0;36mnonce[0m = 821 [0;36mhash[0m = 8d4cfb8673e47eff357eaee42ababcf906c066eab4029603c8169c5effffde16 
[0;36mDEBUG[0m[2026-03-16 10:14:11.790]   received shard header from network in block tracker [0;36mshard[0m = 0 [0;36mepoch[0m = 0 [0;36mround[0m = 826 [0;36mnonce[0m = 822 [0;36mhash[0m = 52daf35381b176c9045f3078b35fe28162cd7adbf47c033897d68b5265655ae1 
[0;36mDEBUG[0m[2026-03-16 10:14:11.790]   received shard header from network in block tracker [0;36mshard[0m = 0 [0;36mepoch[0m = 0 [0;36mround[0m = 827 [0;36mnonce[0m = 823 [0;36mhash[0m = 69e430f41178bebad9a2b4b1ef3c80e82dd3b327112fe9914fd792ba27e59e8f 
[0;36mDEBUG[0m[2026-03-16 10:14:11.790]   received shard header from network in block tracker [0;36mshard[0m = 0 [0;36mepoch[0m = 0 [0;36mround[0m = 828 [0;36mnonce[0m = 824 [0;36mhash[0m = b4eabc52809a96e8920c2b55ecd0e23ceb7fc3f80c67a5be26044d384e80a16e 
[0;36mDEBUG[0m[2026-03-16 10:14:11.790]   received shard header from network in block tracker [0;36mshard[0m = 0 [0;36mepoch[0m = 0 [0;36mround[0m = 829 [0;36mnonce[0m = 825 [0;36mhash[0m = 3e57cc71e6e856d93ee42cf897136f1099259c594ca517f328959292b418b68f 
[0;36mDEBUG[0m[2026-03-16 10:14:11.790]   received shard header from network in block tracker [0;36mshard[0m = 0 [0;36mepoch[0m = 0 [0;36mround[0m = 830 [0;36mnonce[0m = 826 [0;36mhash[0m = 7333ba3ef04d4641e9cda62d8b311691128efa668dbb34ae804923c78206630f 
[0;36mDEBUG[0m[2026-03-16 10:14:11.790]   received shard header from network in block tracker [0;36mshard[0m = 0 [0;36mepoch[0m = 0 [0;36mround[0m = 831 [0;36mnonce[0m = 827 [0;36mhash[0m = c46d864354a41e4300aef634d5b318f3ef7105f6831f00cce622fdf68766524e 
[0;36mDEBUG[0m[2026-03-16 10:14:11.790]   received shard header from network in block tracker [0;36mshard[0m = 0 [0;36mepoch[0m = 0 [0;36mround[0m = 832 [0;36mnonce[0m = 828 [0;36mhash[0m = 2096ab6b2947c509a46d346b96b025be8680440d4a8c34d8c3b63fec6d58f7fe 
[0;36mDEBUG[0m[2026-03-16 10:14:11.790]   received shard header from network in block tracker [0;36mshard[0m = 0 [0;36mepoch[0m = 0 [0;36mround[0m = 833 [0;36mnonce[0m = 829 [0;36mhash[0m = 41a3094214f655a86c5b7a9863a5b44e1f38e67c98a803440a16ea88baf08317 
[0;36mDEBUG[0m[2026-03-16 10:14:11.791]   received shard header from network in block tracker [0;36mshard[0m = 0 [0;36mepoch[0m = 0 [0;36mround[0m = 834 [0;36mnonce[0m = 830 [0;36mhash[0m = f93d75ba8b4200ba6a44f4991317fed5b943fc565be54e623e57571d487d3d73 
[0;36mDEBUG[0m[2026-03-16 10:14:11.791]   received shard header from network in block tracker [0;36mshard[0m = 0 [0;36mepoch[0m = 0 [0;36mround[0m = 835 [0;36mnonce[0m = 831 [0;36mhash[0m = 69f6b0e210f24e8727c9c335a1a721506d606cfa0c56fa9916938a313fb7c18e 
[0;36mDEBUG[0m[2026-03-16 10:14:11.791]   received shard header from network in block tracker [0;36mshard[0m = 0 [0;36mepoch[0m = 0 [0;36mround[0m = 836 [0;36mnonce[0m = 832 [0;36mhash[0m = 445d0fc4a73ea3df08852612d97383af8da4dc1b3692007e48f4c438ebe2a019 
[0;36mDEBUG[0m[2026-03-16 10:14:11.791]   received shard header from network in block tracker [0;36mshard[0m = 0 [0;36mepoch[0m = 0 [0;36mround[0m = 837 [0;36mnonce[0m = 833 [0;36mhash[0m = 12a10ce31007d2b49ed150eec0ffc557e72f5c3b1d315cc042b7b45c8c10fb24 
[0;36mDEBUG[0m[2026-03-16 10:14:11.791]   received shard header from network in block tracker [0;36mshard[0m = 0 [0;36mepoch[0m = 0 [0;36mround[0m = 838 [0;36mnonce[0m = 834 [0;36mhash[0m = d15610defa7a80d93babd4fb3d8d7629a7c890500f54ca9e72b61313fd843fe4 
[0;36mDEBUG[0m[2026-03-16 10:14:11.791]   received shard header from network in block tracker [0;36mshard[0m = 0 [0;36mepoch[0m = 0 [0;36mround[0m = 839 [0;36mnonce[0m = 835 [0;36mhash[0m = 6334036093d45e2b48e71c108e7bbd8545468c7a611902dd451008a109e0dda1 
[0;36mDEBUG[0m[2026-03-16 10:14:11.791]   received shard header from network in block tracker [0;36mshard[0m = 0 [0;36mepoch[0m = 0 [0;36mround[0m = 840 [0;36mnonce[0m = 836 [0;36mhash[0m = 615e0e67384f2dced9f80c2653264e39fc8c82f73f0241a3fa11a84a434b1e30 
[0;36mDEBUG[0m[2026-03-16 10:14:11.791]   received shard header from network in block tracker [0;36mshard[0m = 0 [0;36mepoch[0m = 0 [0;36mround[0m = 841 [0;36mnonce[0m = 837 [0;36mhash[0m = 5a222177d8855d9531b41ad49afde90d5a61b94ee2af9a434ad18b343d0f283b 
[0;36mDEBUG[0m[2026-03-16 10:14:11.791]   received shard header from network in block tracker [0;36mshard[0m = 0 [0;36mepoch[0m = 0 [0;36mround[0m = 842 [0;36mnonce[0m = 838 [0;36mhash[0m = a969d78f325a5156439ac1ca77b775d2e1cae6f81aaae34ec7852fe543d00b28 
[0;36mDEBUG[0m[2026-03-16 10:14:11.791]   received shard header from network in block tracker [0;36mshard[0m = 0 [0;36mepoch[0m = 0 [0;36mround[0m = 843 [0;36mnonce[0m = 839 [0;36mhash[0m = eda4cd331958848655e4b3b3b4a18348a559c1ad6dc928eedf520a79f8ab73d7 
[0;36mDEBUG[0m[2026-03-16 10:14:11.791]   received shard header from network in block tracker [0;36mshard[0m = 0 [0;36mepoch[0m = 0 [0;36mround[0m = 844 [0;36mnonce[0m = 840 [0;36mhash[0m = 5bc5900873bd26104724dbadec3fedd80e574e8f88ef5245e8e87d5181d92ea1 
[0;36mDEBUG[0m[2026-03-16 10:14:11.791]   received shard header from network in block tracker [0;36mshard[0m = 0 [0;36mepoch[0m = 0 [0;36mround[0m = 845 [0;36mnonce[0m = 841 [0;36mhash[0m = 935c14732c29723032c93dde15dc5e58b71543391c1d2010b5b9ef46d0b4f559 
[0;36mDEBUG[0m[2026-03-16 10:14:11.791]   received shard header from network in block tracker [0;36mshard[0m = 0 [0;36mepoch[0m = 0 [0;36mround[0m = 846 [0;36mnonce[0m = 842 [0;36mhash[0m = c77042bf5d1df06d72789baddc019c2d32eab11da6b73d4814db860f826cabfb 
[0;36mDEBUG[0m[2026-03-16 10:14:11.791]   received shard header from network in block tracker [0;36mshard[0m = 0 [0;36mepoch[0m = 0 [0;36mround[0m = 847 [0;36mnonce[0m = 843 [0;36mhash[0m = fc0d9adbd83143ecb77a5d8b68928763a6b528bedfd7a5c6f33e8ac635cfb2bf 
[0;36mDEBUG[0m[2026-03-16 10:14:11.791]   received shard header from network in block tracker [0;36mshard[0m = 0 [0;36mepoch[0m = 0 [0;36mround[0m = 848 [0;36mnonce[0m = 844 [0;36mhash[0m = 547b1c9a86c9bfe268ed8bfbe2bf193fcaad7af808ab6961b63f7b11ffc6dc45 
[0;36mDEBUG[0m[2026-03-16 10:14:11.791]   received shard header from network in block tracker [0;36mshard[0m = 0 [0;36mepoch[0m = 0 [0;36mround[0m = 849 [0;36mnonce[0m = 845 [0;36mhash[0m = 438593fb3ac6d921c47bbc1f68e0c751d2dbe78b3bc89611af8afb520f09f947 
[0;36mDEBUG[0m[2026-03-16 10:14:11.791]   received shard header from network in block tracker [0;36mshard[0m = 0 [0;36mepoch[0m = 0 [0;36mround[0m = 850 [0;36mnonce[0m = 846 [0;36mhash[0m = f803a48e18d3b113f2d88a2f70b1fbf28a7df6c0c618247e400bb089a7450360 
[0;36mDEBUG[0m[2026-03-16 10:14:11.791]   received shard header from network in block tracker [0;36mshard[0m = 0 [0;36mepoch[0m = 0 [0;36mround[0m = 851 [0;36mnonce[0m = 847 [0;36mhash[0m = 9b614fdfad24a109bf366868dee9152f04c0a415eca67094d2a912a326b79ae8 
[0;36mDEBUG[0m[2026-03-16 10:14:11.791]   received shard header from network in block tracker [0;36mshard[0m = 0 [0;36mepoch[0m = 0 [0;36mround[0m = 852 [0;36mnonce[0m = 848 [0;36mhash[0m = a0fb48e3a08e78f0841faad5e9f347148e04b31133502dee8c5079cfe1015408 
[0;36mDEBUG[0m[2026-03-16 10:14:11.791]   received shard header from network in block tracker [0;36mshard[0m = 0 [0;36mepoch[0m = 0 [0;36mround[0m = 853 [0;36mnonce[0m = 849 [0;36mhash[0m = 4e5a08261fdf77ec5d60c95de13358b76ebe31dd5a4f504d30ed9c86bd43b6cd 
[0;36mDEBUG[0m[2026-03-16 10:14:11.791]   received shard header from network in block tracker [0;36mshard[0m = 0 [0;36mepoch[0m = 0 [0;36mround[0m = 854 [0;36mnonce[0m = 850 [0;36mhash[0m = 4dfd1677c02a239c30349347f7b5a2f1fbe41a495f2835a3eec83480b04798e9 
[0;36mDEBUG[0m[2026-03-16 10:14:11.791]   received shard header from network in block tracker [0;36mshard[0m = 0 [0;36mepoch[0m = 0 [0;36mround[0m = 855 [0;36mnonce[0m = 851 [0;36mhash[0m = bd02c958d1b5271b3a46e0974c0f704b4ea9707bf40f6a585c673a3a68179694 
[0;36mDEBUG[0m[2026-03-16 10:14:11.791]   received shard header from network in block tracker [0;36mshard[0m = 0 [0;36mepoch[0m = 0 [0;36mround[0m = 856 [0;36mnonce[0m = 852 [0;36mhash[0m = c83ae6c1ccc41dabd819a1bdae3dc1043bf2c9503ed8300f32bd96df4541012c 
[0;36mDEBUG[0m[2026-03-16 10:14:11.791]   received shard header from network in block tracker [0;36mshard[0m = 0 [0;36mepoch[0m = 0 [0;36mround[0m = 857 [0;36mnonce[0m = 853 [0;36mhash[0m = 9a5ebbfa3c45245455c7d12954d02a77b157d39980adff8e5c70bd86b93a706c 
[0;36mDEBUG[0m[2026-03-16 10:14:11.791]   received shard header from network in block tracker [0;36mshard[0m = 0 [0;36mepoch[0m = 0 [0;36mround[0m = 858 [0;36mnonce[0m = 854 [0;36mhash[0m = 8edfc3f0af45ca58541ba41d1950e9d47d1cad6c079e45ab75abf9b5a7b3dad3 
[0;36mDEBUG[0m[2026-03-16 10:14:11.791]   received shard header from network in block tracker [0;36mshard[0m = 0 [0;36mepoch[0m = 0 [0;36mround[0m = 859 [0;36mnonce[0m = 855 [0;36mhash[0m = 5b41c89d77a4c035ce695b38e8404cbf2d8a01e6a3aee9749b145e6529101ef8 
[0;36mDEBUG[0m[2026-03-16 10:14:11.791]   received shard header from network in block tracker [0;36mshard[0m = 0 [0;36mepoch[0m = 0 [0;36mround[0m = 860 [0;36mnonce[0m = 856 [0;36mhash[0m = 45b88a6e8d1ff2fa88dabbd48f5a515dab28652de2ff58044de5e2f6ebdb25c0 
[0;36mDEBUG[0m[2026-03-16 10:14:11.791]   received shard header from network in block tracker [0;36mshard[0m = 0 [0;36mepoch[0m = 0 [0;36mround[0m = 861 [0;36mnonce[0m = 857 [0;36mhash[0m = f1ef822bc909edb7e2ce053f7843ed7af430da2747207de2bc0bee5d16e51344 
[0;36mDEBUG[0m[2026-03-16 10:14:11.791]   received shard header from network in block tracker [0;36mshard[0m = 0 [0;36mepoch[0m = 0 [0;36mround[0m = 862 [0;36mnonce[0m = 858 [0;36mhash[0m = 748422931ac517e711259eddf6dcb1740884c8a4927a9711c7b99889c3ea32bd 
[0;36mDEBUG[0m[2026-03-16 10:14:11.791]   received shard header from network in block tracker [0;36mshard[0m = 0 [0;36mepoch[0m = 0 [0;36mround[0m = 863 [0;36mnonce[0m = 859 [0;36mhash[0m = 1f6d6e022f817db467c26283f402025dae7fb90b12a400f11dbb038aa893014b 
[0;36mDEBUG[0m[2026-03-16 10:14:11.791]   received shard header from network in block tracker [0;36mshard[0m = 0 [0;36mepoch[0m = 0 [0;36mround[0m = 864 [0;36mnonce[0m = 860 [0;36mhash[0m = c52335142bcd0410bb27870009b6757762ee0ca15d11a57430f68551d117d207 
[0;36mDEBUG[0m[2026-03-16 10:14:11.791]   received shard header from network in block tracker [0;36mshard[0m = 0 [0;36mepoch[0m = 0 [0;36mround[0m = 865 [0;36mnonce[0m = 861 [0;36mhash[0m = 695ea75dd12c482afbdf2f9182e181ca8b2320870543570c9a5b2a47629d3c52 
[0;36mDEBUG[0m[2026-03-16 10:14:11.791]   received shard header from network in block tracker [0;36mshard[0m = 0 [0;36mepoch[0m = 0 [0;36mround[0m = 866 [0;36mnonce[0m = 862 [0;36mhash[0m = a356fa291b2b9cc3bd935c05e826b9512f3a71bece2197dad1002ea5f6f03800 
--- PASS: TestRequestHeaders_ShouldAddAndRequestForShardHeaders (0.10s)
--- PASS: TestRequestHeaders_ShouldAddAndRequestForMetaHeaders (0.10s)
[0;36mDEBUG[0m[2026-03-16 10:14:11.791]   received shard header from network in block tracker [0;36mshard[0m = 0 [0;36mepoch[0m = 0 [0;36mround[0m = 867 [0;36mnonce[0m = 863 [0;36mhash[0m = 834a5253ecbd6b18b707a04ca5d9c5075a47b2f7921afb4190830567cba6b803 
[0;36mDEBUG[0m[2026-03-16 10:14:11.791]   received shard header from network in block tracker [0;36mshard[0m = 0 [0;36mepoch[0m = 0 [0;36mround[0m = 868 [0;36mnonce[0m = 864 [0;36mhash[0m = 914ff0928dea082fcc6087b364084013183f7e12c0105fea98d9a84835503363 
[0;36mDEBUG[0m[2026-03-16 10:14:11.791]   received shard header from network in block tracker [0;36mshard[0m = 0 [0;36mepoch[0m = 0 [0;36mround[0m = 869 [0;36mnonce[0m = 865 [0;36mhash[0m = 5553ac7628e0ed6cc56a5885ea21c92ad84a331335fd88ecba40cfb8383e559b 
[0;36mDEBUG[0m[2026-03-16 10:14:11.791]   received shard header from network in block tracker [0;36mshard[0m = 0 [0;36mepoch[0m = 0 [0;36mround[0m = 870 [0;36mnonce[0m = 866 [0;36mhash[0m = f91e4198a45268e8a0394695601cd7baf2e8c181d9e487cd2bbc1dd45a550bad 
[0;36mDEBUG[0m[2026-03-16 10:14:11.791]   received shard header from network in block tracker [0;36mshard[0m = 0 [0;36mepoch[0m = 0 [0;36mround[0m = 871 [0;36mnonce[0m = 867 [0;36mhash[0m = 41884fceb5399876f6611b8612c69c713e2f7ac3b95373db2f01d46d0ac798f3 
[0;36mDEBUG[0m[2026-03-16 10:14:11.791]   received shard header from network in block tracker [0;36mshard[0m = 0 [0;36mepoch[0m = 0 [0;36mround[0m = 872 [0;36mnonce[0m = 868 [0;36mhash[0m = da734d0d074e36bbfa597034202e5f60c40e4e735590891ab0502d24fd818102 
[0;36mDEBUG[0m[2026-03-16 10:14:11.791]   received shard header from network in block tracker [0;36mshard[0m = 0 [0;36mepoch[0m = 0 [0;36mround[0m = 873 [0;36mnonce[0m = 869 [0;36mhash[0m = 53eb8b5c116d389ee70a1f5423ce71ded63b841a6810a8970d84f576a07913db 
[0;36mDEBUG[0m[2026-03-16 10:14:11.791]   received shard header from network in block tracker [0;36mshard[0m = 0 [0;36mepoch[0m = 0 [0;36mround[0m = 874 [0;36mnonce[0m = 870 [0;36mhash[0m = 0618dba6369705d098a0c06c8903f083a44bc15ae0c13d1e94376985a1739136 
[0;36mDEBUG[0m[2026-03-16 10:14:11.791]   received shard header from network in block tracker [0;36mshard[0m = 0 [0;36mepoch[0m = 0 [0;36mround[0m = 875 [0;36mnonce[0m = 871 [0;36mhash[0m = 5ade49124a2b2681553193b37f82c4064d169e7edefd166dc42f516d776adffc 
[0;36mDEBUG[0m[2026-03-16 10:14:11.791]   received shard header from network in block tracker [0;36mshard[0m = 0 [0;36mepoch[0m = 0 [0;36mround[0m = 876 [0;36mnonce[0m = 872 [0;36mhash[0m = 6700971e27ff6eab08283f64de17365958c968e3d5c176452af1f33ccff9f721 
[0;36mDEBUG[0m[2026-03-16 10:14:11.791]   received shard header from network in block tracker [0;36mshard[0m = 0 [0;36mepoch[0m = 0 [0;36mround[0m = 877 [0;36mnonce[0m = 873 [0;36mhash[0m = fd454a4905109a7dc78c3337bfa606336108ab441721495ef2c5aeb34098ca50 
[0;36mDEBUG[0m[2026-03-16 10:14:11.791]   received shard header from network in block tracker [0;36mshard[0m = 0 [0;36mepoch[0m = 0 [0;36mround[0m = 878 [0;36mnonce[0m = 874 [0;36mhash[0m = f24c267d99eb2448f9e73f361f51d848450e45c99102e5ab6c7278a1ed1b09e2 
[0;36mDEBUG[0m[2026-03-16 10:14:11.791]   received shard header from network in block tracker [0;36mshard[0m = 0 [0;36mepoch[0m = 0 [0;36mround[0m = 879 [0;36mnonce[0m = 875 [0;36mhash[0m = 30d3c14581574acfe4765b942055ba09f0dfe2fa4350d9ae0ef4f8933d71879a 
[0;36mDEBUG[0m[2026-03-16 10:14:11.791]   received shard header from network in block tracker [0;36mshard[0m = 0 [0;36mepoch[0m = 0 [0;36mround[0m = 880 [0;36mnonce[0m = 876 [0;36mhash[0m = e19adb94cda7e21c5ed7bff4cfc84bd89dfeff285dc20a04e9a50aed8dae5e3f 
[0;36mDEBUG[0m[2026-03-16 10:14:11.791]   received shard header from network in block tracker [0;36mshard[0m = 0 [0;36mepoch[0m = 0 [0;36mround[0m = 881 [0;36mnonce[0m = 877 [0;36mhash[0m = 5e2a5c3ebe981f35ee860e0ee25ee2ad8b18bbf4ca7f4614d63e58a3c1b93c9f 
[0;36mDEBUG[0m[2026-03-16 10:14:11.791]   received shard header from network in block tracker [0;36mshard[0m = 0 [0;36mepoch[0m = 0 [0;36mround[0m = 882 [0;36mnonce[0m = 878 [0;36mhash[0m = 7d2264671708039ad9374baf54ac79df38372ea609ae193eb57aa997ed1ea1cd 
[0;36mDEBUG[0m[2026-03-16 10:14:11.791]   received shard header from network in block tracker [0;36mshard[0m = 0 [0;36mepoch[0m = 0 [0;36mround[0m = 883 [0;36mnonce[0m = 879 [0;36mhash[0m = c22108fc1720657dbc55d34b9c2f41261be0e9f18132c6b2b86d4b6cd854fe2f 
[0;36mDEBUG[0m[2026-03-16 10:14:11.791]   received shard header from network in block tracker [0;36mshard[0m = 0 [0;36mepoch[0m = 0 [0;36mround[0m = 884 [0;36mnonce[0m = 880 [0;36mhash[0m = 4cbdf68157e074bac5c06222eccb72651f25a3d157408cba0e5943336ad9a51f 
[0;36mDEBUG[0m[2026-03-16 10:14:11.791]   received shard header from network in block tracker [0;36mshard[0m = 0 [0;36mepoch[0m = 0 [0;36mround[0m = 885 [0;36mnonce[0m = 881 [0;36mhash[0m = a3d8fe142b3f3329de86baeaf2cb21640b113f7fd15c47eadd8ba564ecda859e 
[0;36mDEBUG[0m[2026-03-16 10:14:11.791]   received shard header from network in block tracker [0;36mshard[0m = 0 [0;36mepoch[0m = 0 [0;36mround[0m = 886 [0;36mnonce[0m = 882 [0;36mhash[0m = faff29356a92139ca8ece9565cc543deb2f5af25e9b95fe64edec852e2ebf824 
[0;36mDEBUG[0m[2026-03-16 10:14:11.792]   received shard header from network in block tracker [0;36mshard[0m = 0 [0;36mepoch[0m = 0 [0;36mround[0m = 887 [0;36mnonce[0m = 883 [0;36mhash[0m = c3448b1682a287421b49ee3b40916871e40d7382a4dd143516c021361b1b45cf 
[0;36mDEBUG[0m[2026-03-16 10:14:11.792]   received shard header from network in block tracker [0;36mshard[0m = 0 [0;36mepoch[0m = 0 [0;36mround[0m = 888 [0;36mnonce[0m = 884 [0;36mhash[0m = 126373ffe3e082b1722ae086be984d39e6c2aa7a70ca3997237f7d0f726f3ca1 
[0;36mDEBUG[0m[2026-03-16 10:14:11.792]   received shard header from network in block tracker [0;36mshard[0m = 0 [0;36mepoch[0m = 0 [0;36mround[0m = 889 [0;36mnonce[0m = 885 [0;36mhash[0m = 78826911091e1370b9f94ae0d50d8b57577959111080f08c421249192ea30a17 
[0;36mDEBUG[0m[2026-03-16 10:14:11.792]   received shard header from network in block tracker [0;36mshard[0m = 0 [0;36mepoch[0m = 0 [0;36mround[0m = 890 [0;36mnonce[0m = 886 [0;36mhash[0m = c27b1236162319563f440f0388f977e493fd78d959f1df19f092fdd27cfa1894 
[0;36mDEBUG[0m[2026-03-16 10:14:11.792]   received shard header from network in block tracker [0;36mshard[0m = 0 [0;36mepoch[0m = 0 [0;36mround[0m = 891 [0;36mnonce[0m = 887 [0;36mhash[0m = 91826bca9fc0bb8695baa2848e8086398b85de0806ab7f739c5d934be203427f 
[0;36mDEBUG[0m[2026-03-16 10:14:11.792]   received shard header from network in block tracker [0;36mshard[0m = 0 [0;36mepoch[0m = 0 [0;36mround[0m = 892 [0;36mnonce[0m = 888 [0;36mhash[0m = d8c7d8430d94c716007d72ab11facffc650dc996eaecacd54bd3046f9388cb46 
[0;36mDEBUG[0m[2026-03-16 10:14:11.792]   received shard header from network in block tracker [0;36mshard[0m = 0 [0;36mepoch[0m = 0 [0;36mround[0m = 893 [0;36mnonce[0m = 889 [0;36mhash[0m = d7289276510b873609abbc713173c7cb46b162b702d45303b5d0d74f93299732 
[0;36mDEBUG[0m[2026-03-16 10:14:11.792]   received shard header from network in block tracker [0;36mshard[0m = 0 [0;36mepoch[0m = 0 [0;36mround[0m = 894 [0;36mnonce[0m = 890 [0;36mhash[0m = 451ddaa6a5fa121c667b1f2c106311787cd63f3e7a20faeb6198a894dcd2b55e 
[0;36mDEBUG[0m[2026-03-16 10:14:11.792]   received shard header from network in block tracker [0;36mshard[0m = 0 [0;36mepoch[0m = 0 [0;36mround[0m = 895 [0;36mnonce[0m = 891 [0;36mhash[0m = 1cf73dd610bf4f47ec0f3a90175207140f28ef34179c6249774c345931b7abcc 
[0;36mDEBUG[0m[2026-03-16 10:14:11.792]   received shard header from network in block tracker [0;36mshard[0m = 0 [0;36mepoch[0m = 0 [0;36mround[0m = 896 [0;36mnonce[0m = 892 [0;36mhash[0m = 470a3bcc0a8004bdeae45446b638371403474f1ad8eb08749864004a9282b1ca 
[0;36mDEBUG[0m[2026-03-16 10:14:11.792]   received shard header from network in block tracker [0;36mshard[0m = 0 [0;36mepoch[0m = 0 [0;36mround[0m = 897 [0;36mnonce[0m = 893 [0;36mhash[0m = 68d5eef930f5441d756fd698fdf3ae19dc6c0501f47760dc64e4c9b766d0b6fe 
[0;36mDEBUG[0m[2026-03-16 10:14:11.792]   received shard header from network in block tracker [0;36mshard[0m = 0 [0;36mepoch[0m = 0 [0;36mround[0m = 898 [0;36mnonce[0m = 894 [0;36mhash[0m = 29630831d8310f20fd8ed0391a01d1c03355d65842b7e6a60fcd0d6503f2b382 
[0;36mDEBUG[0m[2026-03-16 10:14:11.792]   received shard header from network in block tracker [0;36mshard[0m = 0 [0;36mepoch[0m = 0 [0;36mround[0m = 899 [0;36mnonce[0m = 895 [0;36mhash[0m = 6b122ec2f1c3023fa0e551e6a39144640772a591777074e8199db805299ff62e 
[0;36mDEBUG[0m[2026-03-16 10:14:11.792]   received shard header from network in block tracker [0;36mshard[0m = 0 [0;36mepoch[0m = 0 [0;36mround[0m = 900 [0;36mnonce[0m = 896 [0;36mhash[0m = c2d8affbe5225742f992f30fde7e9ede413f8b1aa78ffb0f3db8dbe34079115a 
[0;36mDEBUG[0m[2026-03-16 10:14:11.792]   received shard header from network in block tracker [0;36mshard[0m = 0 [0;36mepoch[0m = 0 [0;36mround[0m = 901 [0;36mnonce[0m = 897 [0;36mhash[0m = 87afc11c8e6714a1bbfbb22203f8969ab4ffe13f2af15c40edfd175a77c165ec 
[0;36mDEBUG[0m[2026-03-16 10:14:11.792]   received shard header from network in block tracker [0;36mshard[0m = 0 [0;36mepoch[0m = 0 [0;36mround[0m = 902 [0;36mnonce[0m = 898 [0;36mhash[0m = 0b9e7a77fa957a413a46859536684ba6d789bab817fb7c0392c94c38e10286f7 
[0;36mDEBUG[0m[2026-03-16 10:14:11.792]   received shard header from network in block tracker [0;36mshard[0m = 0 [0;36mepoch[0m = 0 [0;36mround[0m = 903 [0;36mnonce[0m = 899 [0;36mhash[0m = 9422af414ad1a6c6ef5880eb51faacd753fc800b3552a899bad0db3bbb2bd968 
[0;36mDEBUG[0m[2026-03-16 10:14:11.792]   received shard header from network in block tracker [0;36mshard[0m = 0 [0;36mepoch[0m = 0 [0;36mround[0m = 904 [0;36mnonce[0m = 900 [0;36mhash[0m = 12bdda9acd8d240f99c73b262333283c3ab0df8398feffd69a944de6c9a71c1e 
[0;36mDEBUG[0m[2026-03-16 10:14:11.792]   received shard header from network in block tracker [0;36mshard[0m = 0 [0;36mepoch[0m = 0 [0;36mround[0m = 905 [0;36mnonce[0m = 901 [0;36mhash[0m = 1d5fb26592f3274dd7f0b9fad46236558c179c7daa75461154687e0f07d0b225 
[0;36mDEBUG[0m[2026-03-16 10:14:11.792]   received shard header from network in block tracker [0;36mshard[0m = 0 [0;36mepoch[0m = 0 [0;36mround[0m = 906 [0;36mnonce[0m = 902 [0;36mhash[0m = a55629e8133b7ce5627da1131276d9dec9e4b4769bcfe6bad22cc01f57a82844 
[0;36mDEBUG[0m[2026-03-16 10:14:11.792]   received shard header from network in block tracker [0;36mshard[0m = 0 [0;36mepoch[0m = 0 [0;36mround[0m = 907 [0;36mnonce[0m = 903 [0;36mhash[0m = 6b03108b15ebdffc8717f308720ad7da26140af25df3374e3508083da9e62a72 
[0;36mDEBUG[0m[2026-03-16 10:14:11.792]   received shard header from network in block tracker [0;36mshard[0m = 0 [0;36mepoch[0m = 0 [0;36mround[0m = 908 [0;36mnonce[0m = 904 [0;36mhash[0m = 85b00ac4250f7496055cef8ebe0fa65a836c96996b29b3fec5be71ddd3af4980 
[0;36mDEBUG[0m[2026-03-16 10:14:11.792]   received shard header from network in block tracker [0;36mshard[0m = 0 [0;36mepoch[0m = 0 [0;36mround[0m = 909 [0;36mnonce[0m = 905 [0;36mhash[0m = c66592efe778e3838361cdd2e9501cd7cfbb95b2c8bd01e080b8bcdf478cea1e 
[0;36mDEBUG[0m[2026-03-16 10:14:11.792]   received shard header from network in block tracker [0;36mshard[0m = 0 [0;36mepoch[0m = 0 [0;36mround[0m = 910 [0;36mnonce[0m = 906 [0;36mhash[0m = 63353e74192003323ef8737484ce4a171d461d537f6b0b9b63c53f8eaf668949 
[0;36mDEBUG[0m[2026-03-16 10:14:11.792]   received shard header from network in block tracker [0;36mshard[0m = 0 [0;36mepoch[0m = 0 [0;36mround[0m = 911 [0;36mnonce[0m = 907 [0;36mhash[0m = 2cac4c2ceacf8b2c30b067817181b4853850dec032e2484c432d86cbe586653c 
[0;36mDEBUG[0m[2026-03-16 10:14:11.792]   received shard header from network in block tracker [0;36mshard[0m = 0 [0;36mepoch[0m = 0 [0;36mround[0m = 912 [0;36mnonce[0m = 908 [0;36mhash[0m = bd0b9a5f63f374cae004cd36e76c9c727b033f18fd43f5ead739d0964a80912f 
[0;36mDEBUG[0m[2026-03-16 10:14:11.792]   received shard header from network in block tracker [0;36mshard[0m = 0 [0;36mepoch[0m = 0 [0;36mround[0m = 913 [0;36mnonce[0m = 909 [0;36mhash[0m = 1b5eb7fc541d6f3bbc6055cc1323b4b85cb2b0a8d390e73ec4da0f501fb77a07 
[0;36mDEBUG[0m[2026-03-16 10:14:11.792]   received shard header from network in block tracker [0;36mshard[0m = 0 [0;36mepoch[0m = 0 [0;36mround[0m = 914 [0;36mnonce[0m = 910 [0;36mhash[0m = 77139b8cd9263d6f16fe8e3fedac391e97dcaba9e68630e720d304ed25374108 
[0;36mDEBUG[0m[2026-03-16 10:14:11.792]   received shard header from network in block tracker [0;36mshard[0m = 0 [0;36mepoch[0m = 0 [0;36mround[0m = 915 [0;36mnonce[0m = 911 [0;36mhash[0m = 71a74d27a3775157aab690554e695295afb7bb541b720e536c38e3caad739e6a 
[0;36mDEBUG[0m[2026-03-16 10:14:11.792]   received shard header from network in block tracker [0;36mshard[0m = 0 [0;36mepoch[0m = 0 [0;36mround[0m = 916 [0;36mnonce[0m = 912 [0;36mhash[0m = f9d9e38acba8ec24005c2cf2f5bec4323a808d32b692f832fce5cba7353ce4c7 
[0;36mDEBUG[0m[2026-03-16 10:14:11.792]   received shard header from network in block tracker [0;36mshard[0m = 0 [0;36mepoch[0m = 0 [0;36mround[0m = 917 [0;36mnonce[0m = 913 [0;36mhash[0m = 75389a8c7360d6149c88474ead3e5d6a4b261a40573fc76b3e43f22e63956bd3 
[0;36mDEBUG[0m[2026-03-16 10:14:11.792]   received shard header from network in block tracker [0;36mshard[0m = 0 [0;36mepoch[0m = 0 [0;36mround[0m = 918 [0;36mnonce[0m = 914 [0;36mhash[0m = 15ca4c7fc0753ee09719136ae0f6b9077877f1d14bdecd26654e1d257eac03bc 
[0;36mDEBUG[0m[2026-03-16 10:14:11.792]   received shard header from network in block tracker [0;36mshard[0m = 0 [0;36mepoch[0m = 0 [0;36mround[0m = 919 [0;36mnonce[0m = 915 [0;36mhash[0m = bb10b801407ccce5b4069ae8a27376d74eaa1df4bf8585073fe83a0d6726e98e 
[0;36mDEBUG[0m[2026-03-16 10:14:11.792]   received shard header from network in block tracker [0;36mshard[0m = 0 [0;36mepoch[0m = 0 [0;36mround[0m = 920 [0;36mnonce[0m = 916 [0;36mhash[0m = 04abc29570a2a7ea1a755bee7fcfd1062bd527b5032a0caafa07f268af701778 
[0;36mDEBUG[0m[2026-03-16 10:14:11.792]   received shard header from network in block tracker [0;36mshard[0m = 0 [0;36mepoch[0m = 0 [0;36mround[0m = 921 [0;36mnonce[0m = 917 [0;36mhash[0m = 6e6276783db91155a5d498e2d0273a7f12ddacd879559a9b7824aaf5865b2dbc 
[0;36mDEBUG[0m[2026-03-16 10:14:11.792]   received shard header from network in block tracker [0;36mshard[0m = 0 [0;36mepoch[0m = 0 [0;36mround[0m = 922 [0;36mnonce[0m = 918 [0;36mhash[0m = 2c00324791f599448e3b5d8c45e916f9e7904f920f848bb82ce909534ce44f6b 
[0;36mDEBUG[0m[2026-03-16 10:14:11.792]   received shard header from network in block tracker [0;36mshard[0m = 0 [0;36mepoch[0m = 0 [0;36mround[0m = 923 [0;36mnonce[0m = 919 [0;36mhash[0m = 2628d166b5d71a245c4767d93aa3640d10128df8fb2254b65374d72db785664d 
[0;36mDEBUG[0m[2026-03-16 10:14:11.792]   received shard header from network in block tracker [0;36mshard[0m = 0 [0;36mepoch[0m = 0 [0;36mround[0m = 924 [0;36mnonce[0m = 920 [0;36mhash[0m = 6ec97710aad895278d80ba0033df8fda9ea8709aec1c78025d8b59682d1fa3e3 
[0;36mDEBUG[0m[2026-03-16 10:14:11.792]   received shard header from network in block tracker [0;36mshard[0m = 0 [0;36mepoch[0m = 0 [0;36mround[0m = 925 [0;36mnonce[0m = 921 [0;36mhash[0m = 5b80755ad72cd7d50ccde42ac4d87e6f168f5d46b426893d6d1fe849aa4afc33 
[0;36mDEBUG[0m[2026-03-16 10:14:11.792]   received shard header from network in block tracker [0;36mshard[0m = 0 [0;36mepoch[0m = 0 [0;36mround[0m = 926 [0;36mnonce[0m = 922 [0;36mhash[0m = c058dcbe25927a414c6d8eed23666d4c56f4ed4bdc3d17ba5a7743ee91f361a5 
[0;36mDEBUG[0m[2026-03-16 10:14:11.792]   received shard header from network in block tracker [0;36mshard[0m = 0 [0;36mepoch[0m = 0 [0;36mround[0m = 927 [0;36mnonce[0m = 923 [0;36mhash[0m = fd06981ff61bd20ef290a187105a66ffdf86bec95f7447c24b9ff13b976849dd 
[0;36mDEBUG[0m[2026-03-16 10:14:11.792]   received shard header from network in block tracker [0;36mshard[0m = 0 [0;36mepoch[0m = 0 [0;36mround[0m = 928 [0;36mnonce[0m = 924 [0;36mhash[0m = 54bed6a7700c3e0f26ccee67ff9cd0d0697a287d5b28f312cea04aec25151704 
[0;36mDEBUG[0m[2026-03-16 10:14:11.792]   received shard header from network in block tracker [0;36mshard[0m = 0 [0;36mepoch[0m = 0 [0;36mround[0m = 929 [0;36mnonce[0m = 925 [0;36mhash[0m = 02e5279b2f1ab622deab54db9a0aee13ac28b01c7530c50b21ecca6458057b90 
[0;36mDEBUG[0m[2026-03-16 10:14:11.792]   received shard header from network in block tracker [0;36mshard[0m = 0 [0;36mepoch[0m = 0 [0;36mround[0m = 930 [0;36mnonce[0m = 926 [0;36mhash[0m = 431a68025f68f78b84717d5aeb0916ae0e61e339c10d1c350c24ab0266c2b904 
[0;36mDEBUG[0m[2026-03-16 10:14:11.792]   received shard header from network in block tracker [0;36mshard[0m = 0 [0;36mepoch[0m = 0 [0;36mround[0m = 931 [0;36mnonce[0m = 927 [0;36mhash[0m = 98358eda3b52d037c791e3a4ef96c6b60d28eb2f202c625bee63bcf2e24b26a3 
[0;36mDEBUG[0m[2026-03-16 10:14:11.792]   received shard header from network in block tracker [0;36mshard[0m = 0 [0;36mepoch[0m = 0 [0;36mround[0m = 932 [0;36mnonce[0m = 928 [0;36mhash[0m = eb5deb82edb4a7a398844b17b93a787587b76a4b4e40ae9842004256da90a392 
[0;36mDEBUG[0m[2026-03-16 10:14:11.792]   received shard header from network in block tracker [0;36mshard[0m = 0 [0;36mepoch[0m = 0 [0;36mround[0m = 933 [0;36mnonce[0m = 929 [0;36mhash[0m = 7fe5c0983b6505947df1bc505c0366ea6755e0647513379931310f328697e8b8 
[0;36mDEBUG[0m[2026-03-16 10:14:11.792]   received shard header from network in block tracker [0;36mshard[0m = 0 [0;36mepoch[0m = 0 [0;36mround[0m = 934 [0;36mnonce[0m = 930 [0;36mhash[0m = 8f50d0b2c25a37924d6eba9a3741cd3c90507e35c585dae6b9c4bd91f0ca62b4 
[0;36mDEBUG[0m[2026-03-16 10:14:11.792]   received shard header from network in block tracker [0;36mshard[0m = 0 [0;36mepoch[0m = 0 [0;36mround[0m = 935 [0;36mnonce[0m = 931 [0;36mhash[0m = 7e228d87751b755b319eb233b127b6f73444bab2db610107be655b92e89d1c9c 
[0;36mDEBUG[0m[2026-03-16 10:14:11.792]   received shard header from network in block tracker [0;36mshard[0m = 0 [0;36mepoch[0m = 0 [0;36mround[0m = 936 [0;36mnonce[0m = 932 [0;36mhash[0m = c85880d6e6482bf996ebe3c9da785473116eb60d804cc41be869ec456e71da69 
[0;36mDEBUG[0m[2026-03-16 10:14:11.792]   received shard header from network in block tracker [0;36mshard[0m = 0 [0;36mepoch[0m = 0 [0;36mround[0m = 937 [0;36mnonce[0m = 933 [0;36mhash[0m = cd7e17e8c02cec146e4abd2a3c2e3fb43ba74573f97c91440832323b57f61257 
[0;36mDEBUG[0m[2026-03-16 10:14:11.792]   received shard header from network in block tracker [0;36mshard[0m = 0 [0;36mepoch[0m = 0 [0;36mround[0m = 938 [0;36mnonce[0m = 934 [0;36mhash[0m = 10f50369c76a5a57acf71ac93b4c1e2745d77260aa82232dce1861b50e8fb4ed 
[0;36mDEBUG[0m[2026-03-16 10:14:11.792]   received shard header from network in block tracker [0;36mshard[0m = 0 [0;36mepoch[0m = 0 [0;36mround[0m = 939 [0;36mnonce[0m = 935 [0;36mhash[0m = 9a35cd7ff5f1078d02201a40ac4d22159a49f5594a1ff77e50323474f53a66e8 
[0;36mDEBUG[0m[2026-03-16 10:14:11.792]   received shard header from network in block tracker [0;36mshard[0m = 0 [0;36mepoch[0m = 0 [0;36mround[0m = 940 [0;36mnonce[0m = 936 [0;36mhash[0m = b375756858bdfc8bd10f65f6cecc7872becc67789e81e2065790085c0d648820 
[0;36mDEBUG[0m[2026-03-16 10:14:11.792]   received shard header from network in block tracker [0;36mshard[0m = 0 [0;36mepoch[0m = 0 [0;36mround[0m = 941 [0;36mnonce[0m = 937 [0;36mhash[0m = c1a0050b512f50ef7fae509d01e17b70cb11956d4d009a20f47b560f6b3f16bd 
[0;36mDEBUG[0m[2026-03-16 10:14:11.792]   received shard header from network in block tracker [0;36mshard[0m = 0 [0;36mepoch[0m = 0 [0;36mround[0m = 942 [0;36mnonce[0m = 938 [0;36mhash[0m = c642a1ca198e24d3f1a9bfb3caae265641574c8a47772bdae662d9761245ab8b 
[0;36mDEBUG[0m[2026-03-16 10:14:11.792]   received shard header from network in block tracker [0;36mshard[0m = 0 [0;36mepoch[0m = 0 [0;36mround[0m = 943 [0;36mnonce[0m = 939 [0;36mhash[0m = 36435b55f7f845f98b82a677cd98490d6c45d641fcecfcd6248c754b4a8204df 
[0;36mDEBUG[0m[2026-03-16 10:14:11.792]   received shard header from network in block tracker [0;36mshard[0m = 0 [0;36mepoch[0m = 0 [0;36mround[0m = 944 [0;36mnonce[0m = 940 [0;36mhash[0m = da8e28842de17e2415a7d05d5f4a422da3cdd368ea817d890ddd49b1b69c00a6 
[0;36mDEBUG[0m[2026-03-16 10:14:11.792]   received shard header from network in block tracker [0;36mshard[0m = 0 [0;36mepoch[0m = 0 [0;36mround[0m = 945 [0;36mnonce[0m = 941 [0;36mhash[0m = a057a79e0aca964cb12cb36ebf3e9ec426cbab535b18b8e5998469b58ea6324d 
[0;36mDEBUG[0m[2026-03-16 10:14:11.792]   received shard header from network in block tracker [0;36mshard[0m = 0 [0;36mepoch[0m = 0 [0;36mround[0m = 946 [0;36mnonce[0m = 942 [0;36mhash[0m = b700e50d963dccae8f58eb21875d395dc33f6b8b4cfa8c3a88d7ee746212b73e 
[0;36mDEBUG[0m[2026-03-16 10:14:11.792]   received shard header from network in block tracker [0;36mshard[0m = 0 [0;36mepoch[0m = 0 [0;36mround[0m = 947 [0;36mnonce[0m = 943 [0;36mhash[0m = f93b2edfdc5a4f1c025f7e6d6d09b7e2d61a43f5a3a59115941e2fca7d13e1e1 
[0;36mDEBUG[0m[2026-03-16 10:14:11.792]   received shard header from network in block tracker [0;36mshard[0m = 0 [0;36mepoch[0m = 0 [0;36mround[0m = 948 [0;36mnonce[0m = 944 [0;36mhash[0m = a365f46c706c2ef81e64605a93f0ff6c8e68e804ece15852324eee5ba77fddd0 
[0;36mDEBUG[0m[2026-03-16 10:14:11.792]   received shard header from network in block tracker [0;36mshard[0m = 0 [0;36mepoch[0m = 0 [0;36mround[0m = 949 [0;36mnonce[0m = 945 [0;36mhash[0m = 8d240b5430b41fead4c4649557d0b133a161008c584c3ae2f18840bd814f8373 
[0;36mDEBUG[0m[2026-03-16 10:14:11.792]   received shard header from network in block tracker [0;36mshard[0m = 0 [0;36mepoch[0m = 0 [0;36mround[0m = 950 [0;36mnonce[0m = 946 [0;36mhash[0m = ea50dc24cf787b39f1dc9ee64f559fcc33aaa408087cca1f2bcd4292455de501 
[0;36mDEBUG[0m[2026-03-16 10:14:11.792]   received shard header from network in block tracker [0;36mshard[0m = 0 [0;36mepoch[0m = 0 [0;36mround[0m = 951 [0;36mnonce[0m = 947 [0;36mhash[0m = c679d8d0cfe4e9131ed7ded9347ed910ac176d9f1c29b0c9a7f75eeb6b2653c2 
[0;36mDEBUG[0m[2026-03-16 10:14:11.792]   received shard header from network in block tracker [0;36mshard[0m = 0 [0;36mepoch[0m = 0 [0;36mround[0m = 952 [0;36mnonce[0m = 948 [0;36mhash[0m = 907263c49cea7b11701ec7d8ff4b603d0328245d4919a9a7a3ba3672fa12d983 
[0;36mDEBUG[0m[2026-03-16 10:14:11.792]   received shard header from network in block tracker [0;36mshard[0m = 0 [0;36mepoch[0m = 0 [0;36mround[0m = 953 [0;36mnonce[0m = 949 [0;36mhash[0m = 25bca8b4ed6ffc3d170332f0a065fc4cd0ed80e29fb71563d832e9951c70bc01 
[0;36mDEBUG[0m[2026-03-16 10:14:11.792]   received shard header from network in block tracker [0;36mshard[0m = 0 [0;36mepoch[0m = 0 [0;36mround[0m = 954 [0;36mnonce[0m = 950 [0;36mhash[0m = 281d5d563d6bdb8a9e64a46c24c3828ceabbca5d09c0642d5d2e558d75147965 
[0;36mDEBUG[0m[2026-03-16 10:14:11.792]   received shard header from network in block tracker [0;36mshard[0m = 0 [0;36mepoch[0m = 0 [0;36mround[0m = 955 [0;36mnonce[0m = 951 [0;36mhash[0m = 5998aa7ccde5a9bcf3633d4f56528b73092ca47efe202a03474ce73c8e777382 
[0;36mDEBUG[0m[2026-03-16 10:14:11.792]   received shard header from network in block tracker [0;36mshard[0m = 0 [0;36mepoch[0m = 0 [0;36mround[0m = 956 [0;36mnonce[0m = 952 [0;36mhash[0m = 13a1312de607dc7751d1e215c0d7b2acce482265d43030e7a50849475fd4cad1 
[0;36mDEBUG[0m[2026-03-16 10:14:11.792]   received shard header from network in block tracker [0;36mshard[0m = 0 [0;36mepoch[0m = 0 [0;36mround[0m = 957 [0;36mnonce[0m = 953 [0;36mhash[0m = 8f4ec41e2b6d0643ba535fd9097a3622bdd2dc2d75ad3ceeceeac268ab5a40f5 
[0;36mDEBUG[0m[2026-03-16 10:14:11.792]   received shard header from network in block tracker [0;36mshard[0m = 0 [0;36mepoch[0m = 0 [0;36mround[0m = 958 [0;36mnonce[0m = 954 [0;36mhash[0m = b861ed75ac9c533ee03f2f7b47e2bcd7b299af40dc0013b980170d9157314e3b 
[0;36mDEBUG[0m[2026-03-16 10:14:11.792]   received shard header from network in block tracker [0;36mshard[0m = 0 [0;36mepoch[0m = 0 [0;36mround[0m = 959 [0;36mnonce[0m = 955 [0;36mhash[0m = 1f2b2b199f6370ac93e9861972124e02d09cbc8fa1f06db43645a51fcdb1798d 
[0;36mDEBUG[0m[2026-03-16 10:14:11.792]   received shard header from network in block tracker [0;36mshard[0m = 0 [0;36mepoch[0m = 0 [0;36mround[0m = 960 [0;36mnonce[0m = 956 [0;36mhash[0m = f0f6a07c9b0f8c97cef91a743e7cb3609f6893ca8d7febb3ffd62a58fbe0e251 
[0;36mDEBUG[0m[2026-03-16 10:14:11.792]   received shard header from network in block tracker [0;36mshard[0m = 0 [0;36mepoch[0m = 0 [0;36mround[0m = 961 [0;36mnonce[0m = 957 [0;36mhash[0m = 6d7ccdc644f2741d57e1adf9564ee03414f0dd27df90bbaf347b793a2d80bc1c 
[0;36mDEBUG[0m[2026-03-16 10:14:11.792]   received shard header from network in block tracker [0;36mshard[0m = 0 [0;36mepoch[0m = 0 [0;36mround[0m = 962 [0;36mnonce[0m = 958 [0;36mhash[0m = 6e11c8ce97435159ca5f1c9cbeaa4a0c6870b4f30e94bc30139300d197ffda1a 
[0;36mDEBUG[0m[2026-03-16 10:14:11.792]   received shard header from network in block tracker [0;36mshard[0m = 0 [0;36mepoch[0m = 0 [0;36mround[0m = 963 [0;36mnonce[0m = 959 [0;36mhash[0m = 39bf8bd1b7f66c6c498725fdd6cb4ab41b49439d15c219743f29b8947335ba0c 
[0;36mDEBUG[0m[2026-03-16 10:14:11.792]   received shard header from network in block tracker [0;36mshard[0m = 0 [0;36mepoch[0m = 0 [0;36mround[0m = 964 [0;36mnonce[0m = 960 [0;36mhash[0m = 0c783b8a3b6a4b0bf056156397924f0dbbdc976e9005df49e1998ad333dd53f2 
[0;36mDEBUG[0m[2026-03-16 10:14:11.792]   received shard header from network in block tracker [0;36mshard[0m = 0 [0;36mepoch[0m = 0 [0;36mround[0m = 965 [0;36mnonce[0m = 961 [0;36mhash[0m = 0b90ba3ce7ccab4f69483714a2ed509eef57b2a2cc8744fe1197c1288c76a2b8 
[0;36mDEBUG[0m[2026-03-16 10:14:11.792]   received shard header from network in block tracker [0;36mshard[0m = 0 [0;36mepoch[0m = 0 [0;36mround[0m = 966 [0;36mnonce[0m = 962 [0;36mhash[0m = 0ffd7c58c9d95549e9d2efb640c142cb14ef460d5c10b8f235c6965ea9547568 
[0;36mDEBUG[0m[2026-03-16 10:14:11.792]   received shard header from network in block tracker [0;36mshard[0m = 0 [0;36mepoch[0m = 0 [0;36mround[0m = 967 [0;36mnonce[0m = 963 [0;36mhash[0m = aeed6e582117fce8863bb18052f0a978be2f1a8c164fc8575e239e4e4b606bfc 
[0;36mDEBUG[0m[2026-03-16 10:14:11.792]   received shard header from network in block tracker [0;36mshard[0m = 0 [0;36mepoch[0m = 0 [0;36mround[0m = 968 [0;36mnonce[0m = 964 [0;36mhash[0m = 4804e713407564345d14a58149eaf2d852b622716c3f069ff2c09446eaf2b92c 
[0;36mDEBUG[0m[2026-03-16 10:14:11.792]   received shard header from network in block tracker [0;36mshard[0m = 0 [0;36mepoch[0m = 0 [0;36mround[0m = 969 [0;36mnonce[0m = 965 [0;36mhash[0m = 7723f8af03508452d8327acfed6d38c75f04d463e6c47fb945c73163e0093f58 
[0;36mDEBUG[0m[2026-03-16 10:14:11.792]   received shard header from network in block tracker [0;36mshard[0m = 0 [0;36mepoch[0m = 0 [0;36mround[0m = 970 [0;36mnonce[0m = 966 [0;36mhash[0m = e6cd591aa1882df603c903660b71706a3e625101664bb514c6a4477ada6975f7 
[0;36mDEBUG[0m[2026-03-16 10:14:11.792]   received shard header from network in block tracker [0;36mshard[0m = 0 [0;36mepoch[0m = 0 [0;36mround[0m = 971 [0;36mnonce[0m = 967 [0;36mhash[0m = 5ea38490258dd088dd0a44925d79dcc72942f52e31ccc16305afa19c730b62c3 
[0;36mDEBUG[0m[2026-03-16 10:14:11.792]   received shard header from network in block tracker [0;36mshard[0m = 0 [0;36mepoch[0m = 0 [0;36mround[0m = 972 [0;36mnonce[0m = 968 [0;36mhash[0m = 3f3f7a618a8b238de3a68217d662d66ff13266b92f1cac917dfba409ee873758 
[0;36mDEBUG[0m[2026-03-16 10:14:11.793]   received shard header from network in block tracker [0;36mshard[0m = 0 [0;36mepoch[0m = 0 [0;36mround[0m = 973 [0;36mnonce[0m = 969 [0;36mhash[0m = 46f0cc2b0baee09a4210b87cabaa8e253218f011874c464442f2df059f3a6c6e 
[0;36mDEBUG[0m[2026-03-16 10:14:11.793]   received shard header from network in block tracker [0;36mshard[0m = 0 [0;36mepoch[0m = 0 [0;36mround[0m = 974 [0;36mnonce[0m = 970 [0;36mhash[0m = 7df678d7bb11a6948e07bf0bda7f4af55d140599bdb920e0c05891897c751ba1 
[0;36mDEBUG[0m[2026-03-16 10:14:11.793]   received shard header from network in block tracker [0;36mshard[0m = 0 [0;36mepoch[0m = 0 [0;36mround[0m = 975 [0;36mnonce[0m = 971 [0;36mhash[0m = d469e53d75c4befec8ee138eb0a829618e315deb4edc0a5b4eb6f87085218d4b 
[0;36mDEBUG[0m[2026-03-16 10:14:11.793]   received shard header from network in block tracker [0;36mshard[0m = 0 [0;36mepoch[0m = 0 [0;36mround[0m = 976 [0;36mnonce[0m = 972 [0;36mhash[0m = 42ae7d213905cd7028c9f865620967221f3bb9cec6da476be7516c9efadd6865 
[0;36mDEBUG[0m[2026-03-16 10:14:11.793]   received shard header from network in block tracker [0;36mshard[0m = 0 [0;36mepoch[0m = 0 [0;36mround[0m = 977 [0;36mnonce[0m = 973 [0;36mhash[0m = 65c9afc8c42437668c27d884730ac18d776dea90c4468a57207fd9c10776d468 
[0;36mDEBUG[0m[2026-03-16 10:14:11.793]   received shard header from network in block tracker [0;36mshard[0m = 0 [0;36mepoch[0m = 0 [0;36mround[0m = 978 [0;36mnonce[0m = 974 [0;36mhash[0m = 1102da2ea9f5818acdcd189c159e16c31569eb8a6d8e0b782a085e0d3aa7c3b3 
[0;36mDEBUG[0m[2026-03-16 10:14:11.793]   received shard header from network in block tracker [0;36mshard[0m = 0 [0;36mepoch[0m = 0 [0;36mround[0m = 979 [0;36mnonce[0m = 975 [0;36mhash[0m = 51cdef684d5a68810127be33928b4edf73eb521bc2eeb104035e37783ae324a9 
[0;36mDEBUG[0m[2026-03-16 10:14:11.793]   received shard header from network in block tracker [0;36mshard[0m = 0 [0;36mepoch[0m = 0 [0;36mround[0m = 980 [0;36mnonce[0m = 976 [0;36mhash[0m = 756ed1146d73bd1c3068a41c9bb71b6c9887792542d1c42b3e8b5a48bcadb74d 
[0;36mDEBUG[0m[2026-03-16 10:14:11.793]   received shard header from network in block tracker [0;36mshard[0m = 0 [0;36mepoch[0m = 0 [0;36mround[0m = 981 [0;36mnonce[0m = 977 [0;36mhash[0m = f6562c0bd17044a2127d562a4189d717cafff3ad964ab078eaca8c844c1efdb3 
[0;36mDEBUG[0m[2026-03-16 10:14:11.793]   received shard header from network in block tracker [0;36mshard[0m = 0 [0;36mepoch[0m = 0 [0;36mround[0m = 982 [0;36mnonce[0m = 978 [0;36mhash[0m = 9ad80b24bab6d12a853c6dad6602df8538876f6018ec9bd2f9cee0a5748c8032 
[0;36mDEBUG[0m[2026-03-16 10:14:11.793]   received shard header from network in block tracker [0;36mshard[0m = 0 [0;36mepoch[0m = 0 [0;36mround[0m = 983 [0;36mnonce[0m = 979 [0;36mhash[0m = 5db241c6b4caf5389e14c7e9d5671f555feb76f46896430087bdc1f01b639800 
[0;36mDEBUG[0m[2026-03-16 10:14:11.793]   received shard header from network in block tracker [0;36mshard[0m = 0 [0;36mepoch[0m = 0 [0;36mround[0m = 984 [0;36mnonce[0m = 980 [0;36mhash[0m = ee63b587971793c5a201465413cc4d593e5e7c105dfa037b05254251c22ec219 
[0;36mDEBUG[0m[2026-03-16 10:14:11.793]   received shard header from network in block tracker [0;36mshard[0m = 0 [0;36mepoch[0m = 0 [0;36mround[0m = 985 [0;36mnonce[0m = 981 [0;36mhash[0m = fa5b7da6d7a93320cad28b88fe94d24551fc3032391ae7f2da1a88182b82fd36 
[0;36mDEBUG[0m[2026-03-16 10:14:11.793]   received shard header from network in block tracker [0;36mshard[0m = 0 [0;36mepoch[0m = 0 [0;36mround[0m = 986 [0;36mnonce[0m = 982 [0;36mhash[0m = d5b619f2d2b60671c2e47db909fbdaeeb1b31b14811f9fecf55007f9fb4b3021 
[0;36mDEBUG[0m[2026-03-16 10:14:11.793]   received shard header from network in block tracker [0;36mshard[0m = 0 [0;36mepoch[0m = 0 [0;36mround[0m = 987 [0;36mnonce[0m = 983 [0;36mhash[0m = c223731a5263abb42d736d018260ea1436d35b9b87607a7a37d3b02d1fe30fa3 
[0;36mDEBUG[0m[2026-03-16 10:14:11.793]   received shard header from network in block tracker [0;36mshard[0m = 0 [0;36mepoch[0m = 0 [0;36mround[0m = 988 [0;36mnonce[0m = 984 [0;36mhash[0m = c732bc3825535c0b323713a56079778dec51cf98b6ceea8cbb66bc26d7379a57 
[0;36mDEBUG[0m[2026-03-16 10:14:11.793]   received shard header from network in block tracker [0;36mshard[0m = 0 [0;36mepoch[0m = 0 [0;36mround[0m = 989 [0;36mnonce[0m = 985 [0;36mhash[0m = ff7f6740e2b7dcf524b1d115eabb2fa0d83e75d17f3385a6eb114ae6f70fa1f7 
[0;36mDEBUG[0m[2026-03-16 10:14:11.793]   received shard header from network in block tracker [0;36mshard[0m = 0 [0;36mepoch[0m = 0 [0;36mround[0m = 990 [0;36mnonce[0m = 986 [0;36mhash[0m = f590ecff616f04a7305e7ef6f7237174b7502eb7a2c34590ec1932d10695b43e 
[0;36mDEBUG[0m[2026-03-16 10:14:11.793]   received shard header from network in block tracker [0;36mshard[0m = 0 [0;36mepoch[0m = 0 [0;36mround[0m = 991 [0;36mnonce[0m = 987 [0;36mhash[0m = 5ccc99443fb2cda67d3dba351bd96f40a10d6384071fb879b2883b1fbc0c5217 
[0;36mDEBUG[0m[2026-03-16 10:14:11.793]   received shard header from network in block tracker [0;36mshard[0m = 0 [0;36mepoch[0m = 0 [0;36mround[0m = 992 [0;36mnonce[0m = 988 [0;36mhash[0m = acfe2d376af5d71af9fff3bf1e4784ed208e983fdd4062bcbd106986a69fbcf0 
[0;36mDEBUG[0m[2026-03-16 10:14:11.793]   received shard header from network in block tracker [0;36mshard[0m = 0 [0;36mepoch[0m = 0 [0;36mround[0m = 993 [0;36mnonce[0m = 989 [0;36mhash[0m = 4f74d3a1bde5502ccc7e5f9a2150a702f1dbff5f20f4913056a24334035f1643 
[0;36mDEBUG[0m[2026-03-16 10:14:11.793]   received shard header from network in block tracker [0;36mshard[0m = 0 [0;36mepoch[0m = 0 [0;36mround[0m = 994 [0;36mnonce[0m = 990 [0;36mhash[0m = 6b06db055352186ea1fda5320bddea24a945391644926ed42caf4f46f4721f8c 
[0;36mDEBUG[0m[2026-03-16 10:14:11.793]   received shard header from network in block tracker [0;36mshard[0m = 0 [0;36mepoch[0m = 0 [0;36mround[0m = 995 [0;36mnonce[0m = 991 [0;36mhash[0m = 6af611db42f13fd0bf5dd64c7b12aa733186e3169433dcfaa8fc2a27833a4232 
[0;36mDEBUG[0m[2026-03-16 10:14:11.793]   received shard header from network in block tracker [0;36mshard[0m = 0 [0;36mepoch[0m = 0 [0;36mround[0m = 996 [0;36mnonce[0m = 992 [0;36mhash[0m = 1283bb7bf0b1834675b6bd662bc3b09a1cc74a4027cd982e1551cf35d4a7aa6d 
[0;36mDEBUG[0m[2026-03-16 10:14:11.793]   received shard header from network in block tracker [0;36mshard[0m = 0 [0;36mepoch[0m = 0 [0;36mround[0m = 997 [0;36mnonce[0m = 993 [0;36mhash[0m = 91b1a0caad98414ca66a8464ebb2906cec15f677c2691696d71a3675a3dcecee 
[0;36mDEBUG[0m[2026-03-16 10:14:11.793]   received shard header from network in block tracker [0;36mshard[0m = 0 [0;36mepoch[0m = 0 [0;36mround[0m = 998 [0;36mnonce[0m = 994 [0;36mhash[0m = 56fa4c97aedae61d12ee3688300eb9727e890463438316c2b32eba14caa24ff2 
[0;36mDEBUG[0m[2026-03-16 10:14:11.793]   received shard header from network in block tracker [0;36mshard[0m = 0 [0;36mepoch[0m = 0 [0;36mround[0m = 999 [0;36mnonce[0m = 995 [0;36mhash[0m = 4c59f2bc5ad4af67653ea1f1a1de19501b3225a2470272239f05e3134dd9f89e 
[0;36mDEBUG[0m[2026-03-16 10:14:11.793]   received shard header from network in block tracker [0;36mshard[0m = 0 [0;36mepoch[0m = 0 [0;36mround[0m = 11 [0;36mnonce[0m = 6 [0;36mhash[0m = 8c873598533aa0dde0f1657e8cd86683af842f96d3aceee54ffb10e3fcc7d5e6 
[0;36mDEBUG[0m[2026-03-16 10:14:11.793]   received shard header from network in block tracker [0;36mshard[0m = 0 [0;36mepoch[0m = 0 [0;36mround[0m = 12 [0;36mnonce[0m = 7 [0;36mhash[0m = a3804a99a5b876230d048b7c3e26155aac2b0506525b95d4d7f9084cb9b5b288 
[0;36mDEBUG[0m[2026-03-16 10:14:11.793]   received shard header from network in block tracker [0;36mshard[0m = 0 [0;36mepoch[0m = 0 [0;36mround[0m = 13 [0;36mnonce[0m = 8 [0;36mhash[0m = d497a25ebdc2f63071c8092735b1bd1c4f62bd56798d5a534b84a212f2d3a96e 
[0;36mDEBUG[0m[2026-03-16 10:14:11.793]   received shard header from network in block tracker [0;36mshard[0m = 0 [0;36mepoch[0m = 0 [0;36mround[0m = 14 [0;36mnonce[0m = 9 [0;36mhash[0m = 180642717a764c93da85443f72da8e84bf0452a367b4a69560fd4cc0e02011f5 
[0;36mDEBUG[0m[2026-03-16 10:14:11.793]   received shard header from network in block tracker [0;36mshard[0m = 0 [0;36mepoch[0m = 0 [0;36mround[0m = 15 [0;36mnonce[0m = 10 [0;36mhash[0m = 3ff5f75f952cc2a18b9a9fefaf2efd38c244436b10fd9220faf82f45757894ab 
[0;36mDEBUG[0m[2026-03-16 10:14:11.793]   received shard header from network in block tracker [0;36mshard[0m = 0 [0;36mepoch[0m = 0 [0;36mround[0m = 16 [0;36mnonce[0m = 11 [0;36mhash[0m = 527f605bd4c5f55ca38c2349b4ceb88423abe982ee93c80c7c0bb4156779d0a5 
[0;36mDEBUG[0m[2026-03-16 10:14:11.793]   received shard header from network in block tracker [0;36mshard[0m = 0 [0;36mepoch[0m = 0 [0;36mround[0m = 17 [0;36mnonce[0m = 12 [0;36mhash[0m = 911a6be8d1f3877344ccf780aea8f0098d9cc2f657f4113ca15c8d018de0d754 
[0;36mDEBUG[0m[2026-03-16 10:14:11.793]   received shard header from network in block tracker [0;36mshard[0m = 0 [0;36mepoch[0m = 0 [0;36mround[0m = 18 [0;36mnonce[0m = 13 [0;36mhash[0m = a5d161bc2b55e4caa6ff0b4b882b2bd4291841ccd44b0796d92b973f6baf9ed9 
[0;36mDEBUG[0m[2026-03-16 10:14:11.793]   received shard header from network in block tracker [0;36mshard[0m = 0 [0;36mepoch[0m = 0 [0;36mround[0m = 19 [0;36mnonce[0m = 14 [0;36mhash[0m = 205d720cd51879e5545eb24eef51186708e95651cfce11430a56325910f10d46 
[0;36mDEBUG[0m[2026-03-16 10:14:11.793]   received shard header from network in block tracker [0;36mshard[0m = 0 [0;36mepoch[0m = 0 [0;36mround[0m = 20 [0;36mnonce[0m = 15 [0;36mhash[0m = 30fed34d2cba41093871ccef86fc8f168e00d1154efedb6256564930b964f551 
[0;36mDEBUG[0m[2026-03-16 10:14:11.793]   received shard header from network in block tracker [0;36mshard[0m = 0 [0;36mepoch[0m = 0 [0;36mround[0m = 21 [0;36mnonce[0m = 16 [0;36mhash[0m = 21fd3ad14e0485766b2bfb4a67af99427f648599b79763bad1850c56b8e79909 
[0;36mDEBUG[0m[2026-03-16 10:14:11.793]   received shard header from network in block tracker [0;36mshard[0m = 0 [0;36mepoch[0m = 0 [0;36mround[0m = 22 [0;36mnonce[0m = 17 [0;36mhash[0m = 34cb908b7a62942bec5f3c5556fcbfd729cf0c4350e72789881f2d5e31e9b342 
[0;36mDEBUG[0m[2026-03-16 10:14:11.793]   received shard header from network in block tracker [0;36mshard[0m = 0 [0;36mepoch[0m = 0 [0;36mround[0m = 23 [0;36mnonce[0m = 18 [0;36mhash[0m = f894461fb5f330baf6118e17710a090990b57cbd8b0cbb19bc08226f9a135494 
[0;36mDEBUG[0m[2026-03-16 10:14:11.793]   received shard header from network in block tracker [0;36mshard[0m = 0 [0;36mepoch[0m = 0 [0;36mround[0m = 24 [0;36mnonce[0m = 19 [0;36mhash[0m = 0380842324dd22fbad69191fec85a4420f8a352c1d5381773c3aefbdb0cc63ce 
[0;36mDEBUG[0m[2026-03-16 10:14:11.793]   received shard header from network in block tracker [0;36mshard[0m = 0 [0;36mepoch[0m = 0 [0;36mround[0m = 25 [0;36mnonce[0m = 20 [0;36mhash[0m = 4a64263701d7d5b2b58962a9dd7f7b7cd0f107f324d4c9b546249bcbf64a3a11 
[0;36mDEBUG[0m[2026-03-16 10:14:11.793]   received shard header from network in block tracker [0;36mshard[0m = 0 [0;36mepoch[0m = 0 [0;36mround[0m = 26 [0;36mnonce[0m = 21 [0;36mhash[0m = c0fa4d4e7c025c4d28a68712a7d68268a8fe5a81e13094e406f56039e71dc32d 
[0;36mDEBUG[0m[2026-03-16 10:14:11.793]   received shard header from network in block tracker [0;36mshard[0m = 0 [0;36mepoch[0m = 0 [0;36mround[0m = 27 [0;36mnonce[0m = 22 [0;36mhash[0m = 50a13fb3235dfe7ebe39e09957fa6b38292604fe83ed1654db413158739c9f51 
[0;36mDEBUG[0m[2026-03-16 10:14:11.793]   received shard header from network in block tracker [0;36mshard[0m = 0 [0;36mepoch[0m = 0 [0;36mround[0m = 28 [0;36mnonce[0m = 23 [0;36mhash[0m = 02e475adcaf61e7a7f17a4356ed4bb0b44cc8440d86fa6b50407ec2ba27040d7 
[0;36mDEBUG[0m[2026-03-16 10:14:11.793]   received shard header from network in block tracker [0;36mshard[0m = 0 [0;36mepoch[0m = 0 [0;36mround[0m = 29 [0;36mnonce[0m = 24 [0;36mhash[0m = 3c4d0dc33e149de7ef179b5a67a697b8884cea5a9cd17048f9a9731f8df59e04 
[0;36mDEBUG[0m[2026-03-16 10:14:11.793]   received shard header from network in block tracker [0;36mshard[0m = 0 [0;36mepoch[0m = 0 [0;36mround[0m = 30 [0;36mnonce[0m = 25 [0;36mhash[0m = d6ae02829193cf1dd4c0950f4ba915c59e7433eda4ad8c26c971d993599914b3 
[0;36mDEBUG[0m[2026-03-16 10:14:11.793]   received shard header from network in block tracker [0;36mshard[0m = 0 [0;36mepoch[0m = 0 [0;36mround[0m = 31 [0;36mnonce[0m = 26 [0;36mhash[0m = 70a36ed77b0f4aaf66c436aa7eaf1d6c959d022676915644be211ad0a34549b3 
[0;36mDEBUG[0m[2026-03-16 10:14:11.793]   received shard header from network in block tracker [0;36mshard[0m = 0 [0;36mepoch[0m = 0 [0;36mround[0m = 32 [0;36mnonce[0m = 27 [0;36mhash[0m = 199ce60a10ff3592c293e60abd2880330c9c74f7d0c75d5b440a672db3ad1d61 
[0;36mDEBUG[0m[2026-03-16 10:14:11.793]   received shard header from network in block tracker [0;36mshard[0m = 0 [0;36mepoch[0m = 0 [0;36mround[0m = 33 [0;36mnonce[0m = 28 [0;36mhash[0m = 10b9b589217838e2b73036b8db1a18b215a4b0cee5e8f4750b97d56f47d7326e 
[0;36mDEBUG[0m[2026-03-16 10:14:11.793]   received shard header from network in block tracker [0;36mshard[0m = 0 [0;36mepoch[0m = 0 [0;36mround[0m = 34 [0;36mnonce[0m = 29 [0;36mhash[0m = fda1291e3254424de33e31d354c2b14cf24dccb030c55fd8138f92ea573864d3 
[0;36mDEBUG[0m[2026-03-16 10:14:11.793]   received shard header from network in block tracker [0;36mshard[0m = 0 [0;36mepoch[0m = 0 [0;36mround[0m = 35 [0;36mnonce[0m = 30 [0;36mhash[0m = b95578861d6bb21cc850edc6a1b5b9a2c354ae37dc8764823208e9f354988490 
[0;36mDEBUG[0m[2026-03-16 10:14:11.793]   received shard header from network in block tracker [0;36mshard[0m = 0 [0;36mepoch[0m = 0 [0;36mround[0m = 36 [0;36mnonce[0m = 31 [0;36mhash[0m = 367a422d823723ca8dce17f07b7823303ff17d84f36d117eafe9aa7b0bdec671 
[0;36mDEBUG[0m[2026-03-16 10:14:11.793]   received shard header from network in block tracker [0;36mshard[0m = 0 [0;36mepoch[0m = 0 [0;36mround[0m = 37 [0;36mnonce[0m = 32 [0;36mhash[0m = 10227acc6db2d19a74049a2da305e0b2e9deb4f6ab76dd64b69e5ab420eab61f 
[0;36mDEBUG[0m[2026-03-16 10:14:11.793]   received shard header from network in block tracker [0;36mshard[0m = 0 [0;36mepoch[0m = 0 [0;36mround[0m = 38 [0;36mnonce[0m = 33 [0;36mhash[0m = c70ab6a27f18d3853ff4cd67fe1c0fcbd3d1c068f3dc5f3f9b13b4dfe26b2048 
[0;36mDEBUG[0m[2026-03-16 10:14:11.793]   received shard header from network in block tracker [0;36mshard[0m = 0 [0;36mepoch[0m = 0 [0;36mround[0m = 39 [0;36mnonce[0m = 34 [0;36mhash[0m = f8b3eea851f7b66c5ffd2541dec1db3f141652e4aa38e54074b840022ed082e9 
[0;36mDEBUG[0m[2026-03-16 10:14:11.793]   received shard header from network in block tracker [0;36mshard[0m = 0 [0;36mepoch[0m = 0 [0;36mround[0m = 40 [0;36mnonce[0m = 35 [0;36mhash[0m = 4434c5096cb22a0d4f35ea80e6c54bed87f55700c517e18f3ca3257e6a34816d 
[0;36mDEBUG[0m[2026-03-16 10:14:11.793]   received shard header from network in block tracker [0;36mshard[0m = 0 [0;36mepoch[0m = 0 [0;36mround[0m = 41 [0;36mnonce[0m = 36 [0;36mhash[0m = 7dd369982b939e3a6721276ab61e18d02247c3b55c67455c974b6100a7ebe321 
[0;36mDEBUG[0m[2026-03-16 10:14:11.793]   received shard header from network in block tracker [0;36mshard[0m = 0 [0;36mepoch[0m = 0 [0;36mround[0m = 42 [0;36mnonce[0m = 37 [0;36mhash[0m = 51dab1ba9add1798309fe65b73a2c612d4bc4c9408361b51a0d73a5daabd8fdb 
[0;36mDEBUG[0m[2026-03-16 10:14:11.793]   received shard header from network in block tracker [0;36mshard[0m = 0 [0;36mepoch[0m = 0 [0;36mround[0m = 43 [0;36mnonce[0m = 38 [0;36mhash[0m = cb5829c4fbbdad0af7b091fc03e896275a271ff1b18c7f54d86770010b64e448 
[0;36mDEBUG[0m[2026-03-16 10:14:11.793]   received shard header from network in block tracker [0;36mshard[0m = 0 [0;36mepoch[0m = 0 [0;36mround[0m = 44 [0;36mnonce[0m = 39 [0;36mhash[0m = b03ac1f2c4d8f410c84a560dad4cdff1eb1621c764382c5d04c64f8c66053f8b 
[0;36mDEBUG[0m[2026-03-16 10:14:11.793]   received shard header from network in block tracker [0;36mshard[0m = 0 [0;36mepoch[0m = 0 [0;36mround[0m = 45 [0;36mnonce[0m = 40 [0;36mhash[0m = 91204c42a76703cf72b0676f676ce1719417765e926471da34451bb2bcff1748 
[0;36mDEBUG[0m[2026-03-16 10:14:11.793]   received shard header from network in block tracker [0;36mshard[0m = 0 [0;36mepoch[0m = 0 [0;36mround[0m = 46 [0;36mnonce[0m = 41 [0;36mhash[0m = 3456cf7d72a00ab6af24710f9db8744dadf56677b56f96e80a0108b7670184cd 
[0;36mDEBUG[0m[2026-03-16 10:14:11.793]   received shard header from network in block tracker [0;36mshard[0m = 0 [0;36mepoch[0m = 0 [0;36mround[0m = 47 [0;36mnonce[0m = 42 [0;36mhash[0m = 3f6f01ef91bbc2b69ee0d48a90f7766f825914cb82aab8997a5fa3b68daf05b0 
[0;36mDEBUG[0m[2026-03-16 10:14:11.793]   received shard header from network in block tracker [0;36mshard[0m = 0 [0;36mepoch[0m = 0 [0;36mround[0m = 48 [0;36mnonce[0m = 43 [0;36mhash[0m = 77d60927b5fceef088490050ac73365c266f7f34f6d7c03076022512549be64e 
[0;36mDEBUG[0m[2026-03-16 10:14:11.793]   received shard header from network in block tracker [0;36mshard[0m = 0 [0;36mepoch[0m = 0 [0;36mround[0m = 49 [0;36mnonce[0m = 44 [0;36mhash[0m = a7ffe314064dd274a6b6483884aa2a9ff3eea6b31c26ef84bded5a2e2b86ee9f 
[0;36mDEBUG[0m[2026-03-16 10:14:11.793]   received shard header from network in block tracker [0;36mshard[0m = 0 [0;36mepoch[0m = 0 [0;36mround[0m = 50 [0;36mnonce[0m = 45 [0;36mhash[0m = c2de10bb9550a8fd3fa1dcd814d9a4e5e38624620fbb6b05915068f6bff7e02f 
[0;36mDEBUG[0m[2026-03-16 10:14:11.793]   received shard header from network in block tracker [0;36mshard[0m = 0 [0;36mepoch[0m = 0 [0;36mround[0m = 51 [0;36mnonce[0m = 46 [0;36mhash[0m = 86d0fd9a7bd3989ed7386b085b18ea8886342dc5d5b1a9cdcff819daf2339231 
[0;36mDEBUG[0m[2026-03-16 10:14:11.793]   received shard header from network in block tracker [0;36mshard[0m = 0 [0;36mepoch[0m = 0 [0;36mround[0m = 52 [0;36mnonce[0m = 47 [0;36mhash[0m = d3fce5f394d5c1ce46e06629982078821e494a7772cf36c877c0caf7598b8aa7 
[0;36mDEBUG[0m[2026-03-16 10:14:11.793]   received shard header from network in block tracker [0;36mshard[0m = 0 [0;36mepoch[0m = 0 [0;36mround[0m = 53 [0;36mnonce[0m = 48 [0;36mhash[0m = 49ad286b26eb4c67220a44575edf8a4303128e1543b4f17e52ae3c2001ff7bc4 
[0;36mDEBUG[0m[2026-03-16 10:14:11.793]   received shard header from network in block tracker [0;36mshard[0m = 0 [0;36mepoch[0m = 0 [0;36mround[0m = 54 [0;36mnonce[0m = 49 [0;36mhash[0m = a2e1892a7533b59e618e674721a51bf9eee7ea39031c825dead2f1ea38e640d6 
[0;36mDEBUG[0m[2026-03-16 10:14:11.793]   received shard header from network in block tracker [0;36mshard[0m = 0 [0;36mepoch[0m = 0 [0;36mround[0m = 55 [0;36mnonce[0m = 50 [0;36mhash[0m = 8e0946299d2971fb5c2004af17547a53289b4e9dd550350663a18f2f8db3ac91 
[0;36mDEBUG[0m[2026-03-16 10:14:11.793]   received shard header from network in block tracker [0;36mshard[0m = 0 [0;36mepoch[0m = 0 [0;36mround[0m = 56 [0;36mnonce[0m = 51 [0;36mhash[0m = 3f9935d057a687db1cefbe4503b584621f4b9061b729d3983e1da603b944522f 
[0;36mDEBUG[0m[2026-03-16 10:14:11.793]   received shard header from network in block tracker [0;36mshard[0m = 0 [0;36mepoch[0m = 0 [0;36mround[0m = 57 [0;36mnonce[0m = 52 [0;36mhash[0m = bba596399689c8645a1bbee15be267a27a9f754bef531965f8aabb3ec26f6fbb 
[0;36mDEBUG[0m[2026-03-16 10:14:11.793]   received shard header from network in block tracker [0;36mshard[0m = 0 [0;36mepoch[0m = 0 [0;36mround[0m = 58 [0;36mnonce[0m = 53 [0;36mhash[0m = a46dfe6a410217ae73fb7895354495ddd25d4c9b7907419e6aa7b6904afed7bf 
[0;36mDEBUG[0m[2026-03-16 10:14:11.793]   received shard header from network in block tracker [0;36mshard[0m = 0 [0;36mepoch[0m = 0 [0;36mround[0m = 59 [0;36mnonce[0m = 54 [0;36mhash[0m = 3706995a1707965ddd4699886fcd41a689bf40736dac866660d9fb9c481ff34d 
[0;36mDEBUG[0m[2026-03-16 10:14:11.793]   received shard header from network in block tracker [0;36mshard[0m = 0 [0;36mepoch[0m = 0 [0;36mround[0m = 60 [0;36mnonce[0m = 55 [0;36mhash[0m = f70ad259aca4e88dc1cd1afa03d55cc60a723ad8155b232ea10b0d893f07ddfd 
[0;36mDEBUG[0m[2026-03-16 10:14:11.793]   received shard header from network in block tracker [0;36mshard[0m = 0 [0;36mepoch[0m = 0 [0;36mround[0m = 61 [0;36mnonce[0m = 56 [0;36mhash[0m = 87dac3d0f1a04d28073b2d45a99467d32ea55d0690be00679aeffc062fcf94b5 
[0;36mDEBUG[0m[2026-03-16 10:14:11.793]   received shard header from network in block tracker [0;36mshard[0m = 0 [0;36mepoch[0m = 0 [0;36mround[0m = 62 [0;36mnonce[0m = 57 [0;36mhash[0m = 6f8ef1d2e8ef93566afee983cbad43c80aa78f68aa49a04e49c66086092130b0 
[0;36mDEBUG[0m[2026-03-16 10:14:11.793]   received shard header from network in block tracker [0;36mshard[0m = 0 [0;36mepoch[0m = 0 [0;36mround[0m = 63 [0;36mnonce[0m = 58 [0;36mhash[0m = 7001a9c4a7866cfecf28a80fb46d13473893a98f7754b5c0976626636568e08c 
[0;36mDEBUG[0m[2026-03-16 10:14:11.793]   received shard header from network in block tracker [0;36mshard[0m = 0 [0;36mepoch[0m = 0 [0;36mround[0m = 64 [0;36mnonce[0m = 59 [0;36mhash[0m = eea3142dd9aa0f036b865932799968f0987f75d550eec42bca011d7205f0fdb2 
[0;36mDEBUG[0m[2026-03-16 10:14:11.794]   received shard header from network in block tracker [0;36mshard[0m = 0 [0;36mepoch[0m = 0 [0;36mround[0m = 65 [0;36mnonce[0m = 60 [0;36mhash[0m = 32ae562a81aba35b38bab3583080e2ae007e137bffc50ba41a691193d8e0c5ef 
[0;36mDEBUG[0m[2026-03-16 10:14:11.794]   received shard header from network in block tracker [0;36mshard[0m = 0 [0;36mepoch[0m = 0 [0;36mround[0m = 66 [0;36mnonce[0m = 61 [0;36mhash[0m = 63a7dee1333d4081943cb3c51eca22c1520a988cde557628469b21230cfa0343 
[0;36mDEBUG[0m[2026-03-16 10:14:11.794]   received shard header from network in block tracker [0;36mshard[0m = 0 [0;36mepoch[0m = 0 [0;36mround[0m = 67 [0;36mnonce[0m = 62 [0;36mhash[0m = c32f41cb35da14e0b629220d43a01f572a8edbe7dc773effb7c618d8e99e28d5 
[0;36mDEBUG[0m[2026-03-16 10:14:11.794]   received shard header from network in block tracker [0;36mshard[0m = 0 [0;36mepoch[0m = 0 [0;36mround[0m = 68 [0;36mnonce[0m = 63 [0;36mhash[0m = 4ebbf4cd919849a030bef6dfebf2cf4911ce93c54ddaf87638f5224877add021 
[0;36mDEBUG[0m[2026-03-16 10:14:11.794]   received shard header from network in block tracker [0;36mshard[0m = 0 [0;36mepoch[0m = 0 [0;36mround[0m = 69 [0;36mnonce[0m = 64 [0;36mhash[0m = ae526773f3f3441d69f5c6660eae4101aa93e09977b22b9bb698ee7a3ffb9929 
[0;36mDEBUG[0m[2026-03-16 10:14:11.794]   received shard header from network in block tracker [0;36mshard[0m = 0 [0;36mepoch[0m = 0 [0;36mround[0m = 70 [0;36mnonce[0m = 65 [0;36mhash[0m = d482b513c331568fb1f48d7baddfbb799d06de082c08af49f49b3851a6f2bbaf 
[0;36mDEBUG[0m[2026-03-16 10:14:11.794]   received shard header from network in block tracker [0;36mshard[0m = 0 [0;36mepoch[0m = 0 [0;36mround[0m = 71 [0;36mnonce[0m = 66 [0;36mhash[0m = 1eca04c417bdced9866f71008fcbba40cd514da9a272eb86f81a02fa380a7358 
[0;36mDEBUG[0m[2026-03-16 10:14:11.794]   received shard header from network in block tracker [0;36mshard[0m = 0 [0;36mepoch[0m = 0 [0;36mround[0m = 72 [0;36mnonce[0m = 67 [0;36mhash[0m = 7a04d3dc05e5a88ff0dd3aa9673ceb38c5617a8a6882a94e8df0455d0daa089b 
[0;36mDEBUG[0m[2026-03-16 10:14:11.794]   received shard header from network in block tracker [0;36mshard[0m = 0 [0;36mepoch[0m = 0 [0;36mround[0m = 73 [0;36mnonce[0m = 68 [0;36mhash[0m = eec230152c2aeda3c19e7aa9d717c507a91c077ffa0ca852d660bd1261ed8215 
[0;36mDEBUG[0m[2026-03-16 10:14:11.794]   received shard header from network in block tracker [0;36mshard[0m = 0 [0;36mepoch[0m = 0 [0;36mround[0m = 74 [0;36mnonce[0m = 69 [0;36mhash[0m = a6df3bc7afd4b4f724d3eb4524506ddad36cb33a09d7d710ee8fd206747b2514 
[0;36mDEBUG[0m[2026-03-16 10:14:11.794]   received shard header from network in block tracker [0;36mshard[0m = 0 [0;36mepoch[0m = 0 [0;36mround[0m = 75 [0;36mnonce[0m = 70 [0;36mhash[0m = f51195b5e1e6a8f1e9439865bae69e6857e3a1ea9cff0d3ee64c55c37c0feb15 
[0;36mDEBUG[0m[2026-03-16 10:14:11.794]   received shard header from network in block tracker [0;36mshard[0m = 0 [0;36mepoch[0m = 0 [0;36mround[0m = 76 [0;36mnonce[0m = 71 [0;36mhash[0m = 42ecf2404a2eeb69c6e0dc7dc20923cad0b1796eb703520d9e90e36fbdd9b366 
[0;36mDEBUG[0m[2026-03-16 10:14:11.794]   received shard header from network in block tracker [0;36mshard[0m = 0 [0;36mepoch[0m = 0 [0;36mround[0m = 77 [0;36mnonce[0m = 72 [0;36mhash[0m = 36ec25a99a995eafa6c04c92b97c313d68c39ba31b68c08dcf20e2a68419164d 
[0;36mDEBUG[0m[2026-03-16 10:14:11.794]   received shard header from network in block tracker [0;36mshard[0m = 0 [0;36mepoch[0m = 0 [0;36mround[0m = 78 [0;36mnonce[0m = 73 [0;36mhash[0m = b219adc3c7bb031b7b5a30cec85794554b22bc484629c2d04cb45b75678e137d 
[0;36mDEBUG[0m[2026-03-16 10:14:11.794]   received shard header from network in block tracker [0;36mshard[0m = 0 [0;36mepoch[0m = 0 [0;36mround[0m = 79 [0;36mnonce[0m = 74 [0;36mhash[0m = e27906f585f3c69df116691f0f476eb8f72b1517253ef4ea4dae21733ee7cc23 
[0;36mDEBUG[0m[2026-03-16 10:14:11.794]   received shard header from network in block tracker [0;36mshard[0m = 0 [0;36mepoch[0m = 0 [0;36mround[0m = 80 [0;36mnonce[0m = 75 [0;36mhash[0m = 91db53ab24ff9d5b0eced31abddf0a25371557925f6d3eabfaf6bbd1c4dd5a28 
[0;36mDEBUG[0m[2026-03-16 10:14:11.794]   received shard header from network in block tracker [0;36mshard[0m = 0 [0;36mepoch[0m = 0 [0;36mround[0m = 81 [0;36mnonce[0m = 76 [0;36mhash[0m = 70037940b0ae426dff889107e06cc3bf98347db40f7422cb28758adc8b567308 
[0;36mDEBUG[0m[2026-03-16 10:14:11.794]   received shard header from network in block tracker [0;36mshard[0m = 0 [0;36mepoch[0m = 0 [0;36mround[0m = 82 [0;36mnonce[0m = 77 [0;36mhash[0m = 3ef2546c290844e0321be8f5ae3695c8735bd73410781f8a4d18753068c76f04 
[0;36mDEBUG[0m[2026-03-16 10:14:11.794]   received shard header from network in block tracker [0;36mshard[0m = 0 [0;36mepoch[0m = 0 [0;36mround[0m = 83 [0;36mnonce[0m = 78 [0;36mhash[0m = 4899bdb63b777a4310c89c500e166e5d522eb5da7040923f1408f7c15b3b15ce 
[0;36mDEBUG[0m[2026-03-16 10:14:11.794]   received shard header from network in block tracker [0;36mshard[0m = 0 [0;36mepoch[0m = 0 [0;36mround[0m = 84 [0;36mnonce[0m = 79 [0;36mhash[0m = 9518a38db492596daad394b2ef8d96f8a513bb8f75e4a15fe619b6a36866dbca 
[0;36mDEBUG[0m[2026-03-16 10:14:11.794]   received shard header from network in block tracker [0;36mshard[0m = 0 [0;36mepoch[0m = 0 [0;36mround[0m = 85 [0;36mnonce[0m = 80 [0;36mhash[0m = 9f16968789e0f83e3f518d83761e5136ba1ed9b952b69006e35b6c0969f99a88 
[0;36mDEBUG[0m[2026-03-16 10:14:11.798]   received shard header from network in block tracker [0;36mshard[0m = 0 [0;36mepoch[0m = 0 [0;36mround[0m = 86 [0;36mnonce[0m = 81 [0;36mhash[0m = 53aef08996fbab72ea49c0db783479402f5b5f14747b83c351f386802c7a340b 
[0;36mDEBUG[0m[2026-03-16 10:14:11.798]   received shard header from network in block tracker [0;36mshard[0m = 0 [0;36mepoch[0m = 0 [0;36mround[0m = 87 [0;36mnonce[0m = 82 [0;36mhash[0m = 3d1ec9dd7ab6887f6b89c0516ef8390fe86345798194509c48fbcaef630adc04 
[0;36mDEBUG[0m[2026-03-16 10:14:11.798]   received shard header from network in block tracker [0;36mshard[0m = 0 [0;36mepoch[0m = 0 [0;36mround[0m = 88 [0;36mnonce[0m = 83 [0;36mhash[0m = 446841bb16803b51775ba60610ab140353fd91462b0e2359ca2961baa6da3dd9 
[0;36mDEBUG[0m[2026-03-16 10:14:11.798]   received shard header from network in block tracker [0;36mshard[0m = 0 [0;36mepoch[0m = 0 [0;36mround[0m = 89 [0;36mnonce[0m = 84 [0;36mhash[0m = dd869fa81647d9a52aefe84920d49de3e121de5d7ce21a35a4390b61f323a238 
[0;36mDEBUG[0m[2026-03-16 10:14:11.798]   received shard header from network in block tracker [0;36mshard[0m = 0 [0;36mepoch[0m = 0 [0;36mround[0m = 90 [0;36mnonce[0m = 85 [0;36mhash[0m = ea1c03418da10b7f8c4f3c749dde450f2ac8d3a263a51a89c61bcde4b8c1d0bc 
[0;36mDEBUG[0m[2026-03-16 10:14:11.798]   received shard header from network in block tracker [0;36mshard[0m = 0 [0;36mepoch[0m = 0 [0;36mround[0m = 91 [0;36mnonce[0m = 86 [0;36mhash[0m = 0865ea37e3a458fd8fa2c5ead0e2c457b50ecd18e91557cdfec5006c0eb6e55e 
[0;36mDEBUG[0m[2026-03-16 10:14:11.798]   received shard header from network in block tracker [0;36mshard[0m = 0 [0;36mepoch[0m = 0 [0;36mround[0m = 92 [0;36mnonce[0m = 87 [0;36mhash[0m = 82be95d7bbd87e2ea1497e9160ef650d3113bee95c4a009fe37bfaece0a73596 
[0;36mDEBUG[0m[2026-03-16 10:14:11.798]   received shard header from network in block tracker [0;36mshard[0m = 0 [0;36mepoch[0m = 0 [0;36mround[0m = 93 [0;36mnonce[0m = 88 [0;36mhash[0m = 041b2affdcfd4deba7a6a253269b17dc979fcd300e056304fbb1dd14e421bc1a 
[0;36mDEBUG[0m[2026-03-16 10:14:11.798]   received shard header from network in block tracker [0;36mshard[0m = 0 [0;36mepoch[0m = 0 [0;36mround[0m = 94 [0;36mnonce[0m = 89 [0;36mhash[0m = c20f6bf9d004b32c9518a83896994a7d8bedc93e8e96fca39f04249a233f5650 
[0;36mDEBUG[0m[2026-03-16 10:14:11.798]   received shard header from network in block tracker [0;36mshard[0m = 0 [0;36mepoch[0m = 0 [0;36mround[0m = 95 [0;36mnonce[0m = 90 [0;36mhash[0m = 6053d9003833eab0c868007f86eec27ffd016c1f5d00641a84165f53050f9614 
[0;36mDEBUG[0m[2026-03-16 10:14:11.798]   received shard header from network in block tracker [0;36mshard[0m = 0 [0;36mepoch[0m = 0 [0;36mround[0m = 96 [0;36mnonce[0m = 91 [0;36mhash[0m = 18b34484d83ae5f4fb521a7536d1d40c6e23bbd0ba0c46f94d8ab5c4c508a46d 
[0;36mDEBUG[0m[2026-03-16 10:14:11.798]   received shard header from network in block tracker [0;36mshard[0m = 0 [0;36mepoch[0m = 0 [0;36mround[0m = 97 [0;36mnonce[0m = 92 [0;36mhash[0m = 9433fcddc8f397fbc5d90ccc62dcd175b2ada30b122292f051a0f6c74b935d54 
[0;36mDEBUG[0m[2026-03-16 10:14:11.798]   received shard header from network in block tracker [0;36mshard[0m = 0 [0;36mepoch[0m = 0 [0;36mround[0m = 98 [0;36mnonce[0m = 93 [0;36mhash[0m = 549691220c4e8cde22d5aaf3fd512ef5ecdd715d08eda4e45a4ef35948680106 
[0;36mDEBUG[0m[2026-03-16 10:14:11.798]   received shard header from network in block tracker [0;36mshard[0m = 0 [0;36mepoch[0m = 0 [0;36mround[0m = 99 [0;36mnonce[0m = 94 [0;36mhash[0m = 5a93bf0117d920ca6ce303a65986ce834232e540c37c6baf5b0646bbfef956bf 
[0;36mDEBUG[0m[2026-03-16 10:14:11.798]   received shard header from network in block tracker [0;36mshard[0m = 0 [0;36mepoch[0m = 0 [0;36mround[0m = 100 [0;36mnonce[0m = 95 [0;36mhash[0m = 985778bb8e08433276451385989c5120001eff0e0b2a17bd2dc2420a527f407d 
[0;36mDEBUG[0m[2026-03-16 10:14:11.798]   received shard header from network in block tracker [0;36mshard[0m = 0 [0;36mepoch[0m = 0 [0;36mround[0m = 101 [0;36mnonce[0m = 96 [0;36mhash[0m = cfd056576ace90957eafdcbd1748e8ad76d2a616f98cb3010c72c19b45ac0f42 
[0;36mDEBUG[0m[2026-03-16 10:14:11.798]   received shard header from network in block tracker [0;36mshard[0m = 0 [0;36mepoch[0m = 0 [0;36mround[0m = 102 [0;36mnonce[0m = 97 [0;36mhash[0m = 1141d50a3876b5cdae0389860163bfd6ad90b9958528c3a255ec315a693c5130 
[0;36mDEBUG[0m[2026-03-16 10:14:11.798]   received shard header from network in block tracker [0;36mshard[0m = 0 [0;36mepoch[0m = 0 [0;36mround[0m = 103 [0;36mnonce[0m = 98 [0;36mhash[0m = 3056211784b94e82d37b79f3f37b0d64995b23b9a0db4a8dd3b5d0c8c145c035 
[0;36mDEBUG[0m[2026-03-16 10:14:11.798]   received shard header from network in block tracker [0;36mshard[0m = 0 [0;36mepoch[0m = 0 [0;36mround[0m = 104 [0;36mnonce[0m = 99 [0;36mhash[0m = fcef30b9a34e54865e47fc7c6873dfd2e35b17f77928f4ccbd806c50594395da 
[0;36mDEBUG[0m[2026-03-16 10:14:11.798]   received shard header from network in block tracker [0;36mshard[0m = 0 [0;36mepoch[0m = 0 [0;36mround[0m = 105 [0;36mnonce[0m = 100 [0;36mhash[0m = 250b8c39e8e0e3aca5d7393450aaabdd926f77bbe103a34ec0b4bcb5b163744d 
[0;36mDEBUG[0m[2026-03-16 10:14:11.798]   received shard header from network in block tracker [0;36mshard[0m = 0 [0;36mepoch[0m = 0 [0;36mround[0m = 106 [0;36mnonce[0m = 101 [0;36mhash[0m = 84d5acc3620a3dafdda9520dc9b9061eb5f66df2fd51849ef4905b8c73351099 
[0;36mDEBUG[0m[2026-03-16 10:14:11.798]   received shard header from network in block tracker [0;36mshard[0m = 0 [0;36mepoch[0m = 0 [0;36mround[0m = 107 [0;36mnonce[0m = 102 [0;36mhash[0m = 0031e7e461d4266a5606f048dc56fd0a995de87fd73310ec4413b0a56ac5f5a4 
[0;36mDEBUG[0m[2026-03-16 10:14:11.798]   received shard header from network in block tracker [0;36mshard[0m = 0 [0;36mepoch[0m = 0 [0;36mround[0m = 108 [0;36mnonce[0m = 103 [0;36mhash[0m = 900c9746add4d87c7a4388558cafbaf65fae88d62a2df886883740f418d43909 
[0;36mDEBUG[0m[2026-03-16 10:14:11.798]   received shard header from network in block tracker [0;36mshard[0m = 0 [0;36mepoch[0m = 0 [0;36mround[0m = 109 [0;36mnonce[0m = 104 [0;36mhash[0m = 1242a1ad8615ef52f428f0146b480656c6bf3814c2f64984505da208e1330ec1 
[0;36mDEBUG[0m[2026-03-16 10:14:11.798]   received shard header from network in block tracker [0;36mshard[0m = 0 [0;36mepoch[0m = 0 [0;36mround[0m = 110 [0;36mnonce[0m = 105 [0;36mhash[0m = 990e566ffdbca14378312f0938c4757b7f79ff1d351d350ade9abc08ee4ce5c8 
[0;36mDEBUG[0m[2026-03-16 10:14:11.798]   received shard header from network in block tracker [0;36mshard[0m = 0 [0;36mepoch[0m = 0 [0;36mround[0m = 111 [0;36mnonce[0m = 106 [0;36mhash[0m = 9bda213ff9cfeade306dcf4691b235cdda50cffa505ed241d696363577fbf4d2 
[0;36mDEBUG[0m[2026-03-16 10:14:11.798]   received shard header from network in block tracker [0;36mshard[0m = 0 [0;36mepoch[0m = 0 [0;36mround[0m = 112 [0;36mnonce[0m = 107 [0;36mhash[0m = bf09fb7a88d6f45e1b61b816350624fcae472455ae3f457e2b58aeba62a39195 
[0;36mDEBUG[0m[2026-03-16 10:14:11.798]   received shard header from network in block tracker [0;36mshard[0m = 0 [0;36mepoch[0m = 0 [0;36mround[0m = 113 [0;36mnonce[0m = 108 [0;36mhash[0m = ddfa1c61b2015f9e3c023fcf30d1305a9fea7c4bca28324c6f9a3029feffff05 
[0;36mDEBUG[0m[2026-03-16 10:14:11.798]   received shard header from network in block tracker [0;36mshard[0m = 0 [0;36mepoch[0m = 0 [0;36mround[0m = 114 [0;36mnonce[0m = 109 [0;36mhash[0m = 7452033fce4ee6983ed7790385d88273126b16a2e7c1eeabab4daa893dac117a 
[0;36mDEBUG[0m[2026-03-16 10:14:11.798]   received shard header from network in block tracker [0;36mshard[0m = 0 [0;36mepoch[0m = 0 [0;36mround[0m = 115 [0;36mnonce[0m = 110 [0;36mhash[0m = d2c29f8b7281a4a80771f5447fcf98794c2e52c87845ebcb3eeb25da415eb9b6 
[0;36mDEBUG[0m[2026-03-16 10:14:11.798]   received shard header from network in block tracker [0;36mshard[0m = 0 [0;36mepoch[0m = 0 [0;36mround[0m = 116 [0;36mnonce[0m = 111 [0;36mhash[0m = 99caec93276459619b76a92607146aad63ac8a9a119ba157f87b690669746a59 
[0;36mDEBUG[0m[2026-03-16 10:14:11.798]   received shard header from network in block tracker [0;36mshard[0m = 0 [0;36mepoch[0m = 0 [0;36mround[0m = 117 [0;36mnonce[0m = 112 [0;36mhash[0m = 59727bee870b50f6c40750ef006eef2d5f7bb56ad72b3c430d8461c272ece0da 
[0;36mDEBUG[0m[2026-03-16 10:14:11.798]   received shard header from network in block tracker [0;36mshard[0m = 0 [0;36mepoch[0m = 0 [0;36mround[0m = 118 [0;36mnonce[0m = 113 [0;36mhash[0m = 13c9444894472991fa56fced3b9be8804e733cbb069000b1a0fb2fec8f25c484 
[0;36mDEBUG[0m[2026-03-16 10:14:11.798]   received shard header from network in block tracker [0;36mshard[0m = 0 [0;36mepoch[0m = 0 [0;36mround[0m = 119 [0;36mnonce[0m = 114 [0;36mhash[0m = 01a8c8bc64e78dd6bf808ded72650169eeab0988a55daffe872e2932f842f36c 
[0;36mDEBUG[0m[2026-03-16 10:14:11.798]   received shard header from network in block tracker [0;36mshard[0m = 0 [0;36mepoch[0m = 0 [0;36mround[0m = 120 [0;36mnonce[0m = 115 [0;36mhash[0m = c0b70847ad5f486a280e8913d878f250d3f41dc4c8f8c5c9c76b0b3c5f8c7c7f 
[0;36mDEBUG[0m[2026-03-16 10:14:11.798]   received shard header from network in block tracker [0;36mshard[0m = 0 [0;36mepoch[0m = 0 [0;36mround[0m = 121 [0;36mnonce[0m = 116 [0;36mhash[0m = 276159e746b9756cdd8513146f5deba01fc26ffcf52b3bc387fde6f8c31de338 
[0;36mDEBUG[0m[2026-03-16 10:14:11.798]   received shard header from network in block tracker [0;36mshard[0m = 0 [0;36mepoch[0m = 0 [0;36mround[0m = 122 [0;36mnonce[0m = 117 [0;36mhash[0m = da64c34851b5fc07e728d5595d926e5f29009b26af79bcf9cbbb83fe4a494b87 
[0;36mDEBUG[0m[2026-03-16 10:14:11.798]   received shard header from network in block tracker [0;36mshard[0m = 0 [0;36mepoch[0m = 0 [0;36mround[0m = 123 [0;36mnonce[0m = 118 [0;36mhash[0m = e2e65ee3ce31f06365b5524c4861df8d8cb04a3f73326ecf097321b9fba05397 
[0;36mDEBUG[0m[2026-03-16 10:14:11.798]   received shard header from network in block tracker [0;36mshard[0m = 0 [0;36mepoch[0m = 0 [0;36mround[0m = 124 [0;36mnonce[0m = 119 [0;36mhash[0m = b4c8f1b7def75d6c878b20dccf6a9ce55e85b36a3acb5e2eaa6aadb4fe9bf1a2 
[0;36mDEBUG[0m[2026-03-16 10:14:11.798]   received shard header from network in block tracker [0;36mshard[0m = 0 [0;36mepoch[0m = 0 [0;36mround[0m = 125 [0;36mnonce[0m = 120 [0;36mhash[0m = f8a0701bb640b64be35587a8dee3c0f600275a7bd0b014627a891469df2967a7 
[0;36mDEBUG[0m[2026-03-16 10:14:11.798]   received shard header from network in block tracker [0;36mshard[0m = 0 [0;36mepoch[0m = 0 [0;36mround[0m = 126 [0;36mnonce[0m = 121 [0;36mhash[0m = 7760ec8077b01ea41fec9c504f6e53be3495a89602f404c6b0c9930cd0edecde 
[0;36mDEBUG[0m[2026-03-16 10:14:11.798]   received shard header from network in block tracker [0;36mshard[0m = 0 [0;36mepoch[0m = 0 [0;36mround[0m = 127 [0;36mnonce[0m = 122 [0;36mhash[0m = 19de8d63337b50a7cfe3bcf58a10ad8538a8fdecd0e8b9518aafbc204ca8d72b 
[0;36mDEBUG[0m[2026-03-16 10:14:11.798]   received shard header from network in block tracker [0;36mshard[0m = 0 [0;36mepoch[0m = 0 [0;36mround[0m = 128 [0;36mnonce[0m = 123 [0;36mhash[0m = 1594fb2a738abaef300ca90a47ff103e7d3cc98a9ded191a60c725016b8d1fd7 
[0;36mDEBUG[0m[2026-03-16 10:14:11.798]   received shard header from network in block tracker [0;36mshard[0m = 0 [0;36mepoch[0m = 0 [0;36mround[0m = 129 [0;36mnonce[0m = 124 [0;36mhash[0m = 820cec4402e83c39a87bf647730e543b4ca350713c7ce49d8a118eeb875deb81 
[0;36mDEBUG[0m[2026-03-16 10:14:11.798]   received shard header from network in block tracker [0;36mshard[0m = 0 [0;36mepoch[0m = 0 [0;36mround[0m = 130 [0;36mnonce[0m = 125 [0;36mhash[0m = bbf9329c5fb738c3852937b00459896b10651613c31f5fe33820d92d79d827e7 
[0;36mDEBUG[0m[2026-03-16 10:14:11.798]   received shard header from network in block tracker [0;36mshard[0m = 0 [0;36mepoch[0m = 0 [0;36mround[0m = 131 [0;36mnonce[0m = 126 [0;36mhash[0m = d2ecfd20fa15294ac1ed2648ace8948a2f443b4af367c79b85cd03d6817f442b 
[0;36mDEBUG[0m[2026-03-16 10:14:11.798]   received shard header from network in block tracker [0;36mshard[0m = 0 [0;36mepoch[0m = 0 [0;36mround[0m = 132 [0;36mnonce[0m = 127 [0;36mhash[0m = 5c0bb4b8cd782e2d8dba355fd1bbe0e7c641b5503797ff3b1a4c1e27f313ef63 
[0;36mDEBUG[0m[2026-03-16 10:14:11.798]   received shard header from network in block tracker [0;36mshard[0m = 0 [0;36mepoch[0m = 0 [0;36mround[0m = 133 [0;36mnonce[0m = 128 [0;36mhash[0m = 3fa1aa4e1ca7e0e5db411d7cecc7523657ef57eeef1a7a668a8e9b352b22337a 
[0;36mDEBUG[0m[2026-03-16 10:14:11.799]   received shard header from network in block tracker [0;36mshard[0m = 0 [0;36mepoch[0m = 0 [0;36mround[0m = 134 [0;36mnonce[0m = 129 [0;36mhash[0m = 8b739a3e7c63544c665ae3a0f33527dd3fd982b1844c1e12927092f7fca25224 
[0;36mDEBUG[0m[2026-03-16 10:14:11.799]   received shard header from network in block tracker [0;36mshard[0m = 0 [0;36mepoch[0m = 0 [0;36mround[0m = 135 [0;36mnonce[0m = 130 [0;36mhash[0m = be77e997938e955eb7f25bdef05d8a5ff6507daa07b64f02edfe0c17da4af31b 
[0;36mDEBUG[0m[2026-03-16 10:14:11.799]   received shard header from network in block tracker [0;36mshard[0m = 0 [0;36mepoch[0m = 0 [0;36mround[0m = 136 [0;36mnonce[0m = 131 [0;36mhash[0m = e1c382eca24f6bcedb7a584398ffb3d41feb6a0403a16dc0212d53f637f87325 
[0;36mDEBUG[0m[2026-03-16 10:14:11.799]   received shard header from network in block tracker [0;36mshard[0m = 0 [0;36mepoch[0m = 0 [0;36mround[0m = 137 [0;36mnonce[0m = 132 [0;36mhash[0m = da7a9175e009db7c51b005adf4bcb5c6d7d0912809b6faabffc556c08507b232 
[0;36mDEBUG[0m[2026-03-16 10:14:11.799]   received shard header from network in block tracker [0;36mshard[0m = 0 [0;36mepoch[0m = 0 [0;36mround[0m = 138 [0;36mnonce[0m = 133 [0;36mhash[0m = 7193b340d51f996eebdb28790989af3f8ae6d0813dd7b86818d23d6a4d6d8b61 
[0;36mDEBUG[0m[2026-03-16 10:14:11.799]   received shard header from network in block tracker [0;36mshard[0m = 0 [0;36mepoch[0m = 0 [0;36mround[0m = 139 [0;36mnonce[0m = 134 [0;36mhash[0m = 99391f814241df62b8180d32a08bfa3309aba9c674f36277a1f19ed1304df094 
[0;36mDEBUG[0m[2026-03-16 10:14:11.799]   received shard header from network in block tracker [0;36mshard[0m = 0 [0;36mepoch[0m = 0 [0;36mround[0m = 140 [0;36mnonce[0m = 135 [0;36mhash[0m = 133bec9c7077caec30c2ec30cd3fcdbe9838cd1be5286ede9d83f8e704e6e45d 
[0;36mDEBUG[0m[2026-03-16 10:14:11.799]   received shard header from network in block tracker [0;36mshard[0m = 0 [0;36mepoch[0m = 0 [0;36mround[0m = 141 [0;36mnonce[0m = 136 [0;36mhash[0m = f5ec16a7b19d902164259b0b24c31cd74415d35f57ee79bb5b23c62193dc3f00 
[0;36mDEBUG[0m[2026-03-16 10:14:11.799]   received shard header from network in block tracker [0;36mshard[0m = 0 [0;36mepoch[0m = 0 [0;36mround[0m = 142 [0;36mnonce[0m = 137 [0;36mhash[0m = 23ea2a50d700b9673bcfef3a0a1f281fd13f410e0f2d7706ce0784d159633f5f 
[0;36mDEBUG[0m[2026-03-16 10:14:11.799]   received shard header from network in block tracker [0;36mshard[0m = 0 [0;36mepoch[0m = 0 [0;36mround[0m = 143 [0;36mnonce[0m = 138 [0;36mhash[0m = ddd13f4ffee81832b135c07c32bdde100c0e23de2aaf888f29c686ecc042d4f0 
[0;36mDEBUG[0m[2026-03-16 10:14:11.799]   received shard header from network in block tracker [0;36mshard[0m = 0 [0;36mepoch[0m = 0 [0;36mround[0m = 144 [0;36mnonce[0m = 139 [0;36mhash[0m = 6b21b0b830975f50a2a33f996fb06eef7b5b5fda64ffc14096fd01ac1162622c 
[0;36mDEBUG[0m[2026-03-16 10:14:11.799]   received shard header from network in block tracker [0;36mshard[0m = 0 [0;36mepoch[0m = 0 [0;36mround[0m = 145 [0;36mnonce[0m = 140 [0;36mhash[0m = 7eeea899834d8d94cb2c238c408a05480142d512cd106b7c4b572e8dd541f421 
[0;36mDEBUG[0m[2026-03-16 10:14:11.799]   received shard header from network in block tracker [0;36mshard[0m = 0 [0;36mepoch[0m = 0 [0;36mround[0m = 146 [0;36mnonce[0m = 141 [0;36mhash[0m = 85e441b5ae5d478377014ed296c368318904b3b3efd2f995f131d4958fe3a1ab 
[0;36mDEBUG[0m[2026-03-16 10:14:11.799]   received shard header from network in block tracker [0;36mshard[0m = 0 [0;36mepoch[0m = 0 [0;36mround[0m = 147 [0;36mnonce[0m = 142 [0;36mhash[0m = 53b941ebcac2536c3f119abba07d4aef154c0f3aee0f5ee60d39f13280f72d2c 
[0;36mDEBUG[0m[2026-03-16 10:14:11.799]   received shard header from network in block tracker [0;36mshard[0m = 0 [0;36mepoch[0m = 0 [0;36mround[0m = 148 [0;36mnonce[0m = 143 [0;36mhash[0m = 29055263a8662aad4b859fd7fbd819b88e360e9f09417f926d772b8865bdc04e 
[0;36mDEBUG[0m[2026-03-16 10:14:11.799]   received shard header from network in block tracker [0;36mshard[0m = 0 [0;36mepoch[0m = 0 [0;36mround[0m = 149 [0;36mnonce[0m = 144 [0;36mhash[0m = 4030289d4152fe2605c21e95b03ab33e63a2788fc3b55c35da44f0bb4a8bafae 
[0;36mDEBUG[0m[2026-03-16 10:14:11.799]   received shard header from network in block tracker [0;36mshard[0m = 0 [0;36mepoch[0m = 0 [0;36mround[0m = 150 [0;36mnonce[0m = 145 [0;36mhash[0m = 4e7c69e6b4f64df68dd3bda2b8675d2c9c85c0b2b3af77989729a49877f41db0 
[0;36mDEBUG[0m[2026-03-16 10:14:11.799]   received shard header from network in block tracker [0;36mshard[0m = 0 [0;36mepoch[0m = 0 [0;36mround[0m = 151 [0;36mnonce[0m = 146 [0;36mhash[0m = ada2bd7491d6de2afb23a7e90683e0be99832f7a2391bf88b50f2abc6a07203f 
[0;36mDEBUG[0m[2026-03-16 10:14:11.799]   received shard header from network in block tracker [0;36mshard[0m = 0 [0;36mepoch[0m = 0 [0;36mround[0m = 152 [0;36mnonce[0m = 147 [0;36mhash[0m = c94db32fbbadd6a04b8eab2d39a857752de7094623ddd7e73cc403a842d3e906 
[0;36mDEBUG[0m[2026-03-16 10:14:11.799]   received shard header from network in block tracker [0;36mshard[0m = 0 [0;36mepoch[0m = 0 [0;36mround[0m = 153 [0;36mnonce[0m = 148 [0;36mhash[0m = c7787791e4293f45d3950e793f65047ce49e9695c259ce54bb9e2f51fea1c474 
[0;36mDEBUG[0m[2026-03-16 10:14:11.799]   received shard header from network in block tracker [0;36mshard[0m = 0 [0;36mepoch[0m = 0 [0;36mround[0m = 154 [0;36mnonce[0m = 149 [0;36mhash[0m = aaf24099af6575755d9b0b55fad8cf1b7aa0e8d9de7c14f3866a7720f7470f7b 
[0;36mDEBUG[0m[2026-03-16 10:14:11.799]   received shard header from network in block tracker [0;36mshard[0m = 0 [0;36mepoch[0m = 0 [0;36mround[0m = 155 [0;36mnonce[0m = 150 [0;36mhash[0m = 4943c3cde94f0a1e8ad1f41a4d28d001cf5492e6475928fff8197b79fbeb692d 
[0;36mDEBUG[0m[2026-03-16 10:14:11.799]   received shard header from network in block tracker [0;36mshard[0m = 0 [0;36mepoch[0m = 0 [0;36mround[0m = 156 [0;36mnonce[0m = 151 [0;36mhash[0m = 1144ac626414340297fa3f8bae4f3bc16e754e510e1f340610b65a340557544f 
[0;36mDEBUG[0m[2026-03-16 10:14:11.799]   received shard header from network in block tracker [0;36mshard[0m = 0 [0;36mepoch[0m = 0 [0;36mround[0m = 157 [0;36mnonce[0m = 152 [0;36mhash[0m = d6f2aedf738270cad2ac6c7807dc1ceb8d9f7de58206deff1846c32060a97571 
[0;36mDEBUG[0m[2026-03-16 10:14:11.799]   received shard header from network in block tracker [0;36mshard[0m = 0 [0;36mepoch[0m = 0 [0;36mround[0m = 158 [0;36mnonce[0m = 153 [0;36mhash[0m = 6f8e385d91ea24e6dfe5e664f3d6587b27df11a6ecbf1eaeae867b4236720e5d 
[0;36mDEBUG[0m[2026-03-16 10:14:11.799]   received shard header from network in block tracker [0;36mshard[0m = 0 [0;36mepoch[0m = 0 [0;36mround[0m = 159 [0;36mnonce[0m = 154 [0;36mhash[0m = 61be6b239772df3659694ba5bb10bf18e38ea589d7b5435f5b74945e348db4f7 
[0;36mDEBUG[0m[2026-03-16 10:14:11.799]   received shard header from network in block tracker [0;36mshard[0m = 0 [0;36mepoch[0m = 0 [0;36mround[0m = 160 [0;36mnonce[0m = 155 [0;36mhash[0m = 82cb054c8c25126051d494d95c4b6c50fc8d2328360be61d0963cc1ef2988db6 
[0;36mDEBUG[0m[2026-03-16 10:14:11.799]   received shard header from network in block tracker [0;36mshard[0m = 0 [0;36mepoch[0m = 0 [0;36mround[0m = 161 [0;36mnonce[0m = 156 [0;36mhash[0m = 613fd45f100caa779be137a9eee845bd6b924a75a3944692002d8f4f50897871 
[0;36mDEBUG[0m[2026-03-16 10:14:11.799]   received shard header from network in block tracker [0;36mshard[0m = 0 [0;36mepoch[0m = 0 [0;36mround[0m = 162 [0;36mnonce[0m = 157 [0;36mhash[0m = 8cf33529bb4d0300d7c52670c7fc1be52d21fa06cf1ab2b028071e88b96cd763 
[0;36mDEBUG[0m[2026-03-16 10:14:11.799]   received shard header from network in block tracker [0;36mshard[0m = 0 [0;36mepoch[0m = 0 [0;36mround[0m = 163 [0;36mnonce[0m = 158 [0;36mhash[0m = e5d27fd887f9ca4871e81145699903d773bb4f1b4b3d4d3f0d4713519d303af7 
[0;36mDEBUG[0m[2026-03-16 10:14:11.799]   received shard header from network in block tracker [0;36mshard[0m = 0 [0;36mepoch[0m = 0 [0;36mround[0m = 164 [0;36mnonce[0m = 159 [0;36mhash[0m = ca351947c787495fc6e2db8e70412c02c2a97870c6e763722cfabd763318a9e2 
[0;36mDEBUG[0m[2026-03-16 10:14:11.799]   received shard header from network in block tracker [0;36mshard[0m = 0 [0;36mepoch[0m = 0 [0;36mround[0m = 165 [0;36mnonce[0m = 160 [0;36mhash[0m = b229a379ebb5aad731a874fb7df4044bcc409e6527d642538a06a30cfe8fa8e5 
[0;36mDEBUG[0m[2026-03-16 10:14:11.799]   received shard header from network in block tracker [0;36mshard[0m = 0 [0;36mepoch[0m = 0 [0;36mround[0m = 166 [0;36mnonce[0m = 161 [0;36mhash[0m = 55e22c500a6727914531c397277ca13895c7802e4dac7b64451e203f954c9208 
[0;36mDEBUG[0m[2026-03-16 10:14:11.799]   received shard header from network in block tracker [0;36mshard[0m = 0 [0;36mepoch[0m = 0 [0;36mround[0m = 167 [0;36mnonce[0m = 162 [0;36mhash[0m = 6ea86e010a145b748a591eb59ee2a8dcaa57b9981433612d9f7d90b9439d1908 
[0;36mDEBUG[0m[2026-03-16 10:14:11.799]   received shard header from network in block tracker [0;36mshard[0m = 0 [0;36mepoch[0m = 0 [0;36mround[0m = 168 [0;36mnonce[0m = 163 [0;36mhash[0m = d02f1da355b1ba53bbb4b2ca187110480d92ae98c6b22c8a990e949910a36663 
[0;36mDEBUG[0m[2026-03-16 10:14:11.799]   received shard header from network in block tracker [0;36mshard[0m = 0 [0;36mepoch[0m = 0 [0;36mround[0m = 169 [0;36mnonce[0m = 164 [0;36mhash[0m = e9ee43f8d982e7487b675ce12661b69049fd13569a0744149986217ccc313f9a 
[0;36mDEBUG[0m[2026-03-16 10:14:11.799]   received shard header from network in block tracker [0;36mshard[0m = 0 [0;36mepoch[0m = 0 [0;36mround[0m = 170 [0;36mnonce[0m = 165 [0;36mhash[0m = 8b39583d18baffbac6771b52689533cdb6d6b070cac73ea73a50abbda4d60b9c 
[0;36mDEBUG[0m[2026-03-16 10:14:11.799]   received shard header from network in block tracker [0;36mshard[0m = 0 [0;36mepoch[0m = 0 [0;36mround[0m = 171 [0;36mnonce[0m = 166 [0;36mhash[0m = f2077db7185c22a51da5cf479910368709775a29220ad4b75d99129450b2c5ad 
[0;36mDEBUG[0m[2026-03-16 10:14:11.799]   received shard header from network in block tracker [0;36mshard[0m = 0 [0;36mepoch[0m = 0 [0;36mround[0m = 172 [0;36mnonce[0m = 167 [0;36mhash[0m = 26ac551d07919831bd55c14ae6f46fb02c845db6e758821e33a1c579bb7d1f41 
[0;36mDEBUG[0m[2026-03-16 10:14:11.799]   received shard header from network in block tracker [0;36mshard[0m = 0 [0;36mepoch[0m = 0 [0;36mround[0m = 173 [0;36mnonce[0m = 168 [0;36mhash[0m = 542126a1e2d21958f4100b689928d2c35524478f389c0f71f4d2cd817fde1e03 
[0;36mDEBUG[0m[2026-03-16 10:14:11.799]   received shard header from network in block tracker [0;36mshard[0m = 0 [0;36mepoch[0m = 0 [0;36mround[0m = 174 [0;36mnonce[0m = 169 [0;36mhash[0m = bbab5b3905bb1e253890f79f0766aadf8e3834c58fd5cbb57cd1ea47fb003dec 
[0;36mDEBUG[0m[2026-03-16 10:14:11.799]   received shard header from network in block tracker [0;36mshard[0m = 0 [0;36mepoch[0m = 0 [0;36mround[0m = 175 [0;36mnonce[0m = 170 [0;36mhash[0m = d67cbdf088c0859950aa5f37dc17169312fc0eca69c8d998736c94d789261a91 
[0;36mDEBUG[0m[2026-03-16 10:14:11.799]   received shard header from network in block tracker [0;36mshard[0m = 0 [0;36mepoch[0m = 0 [0;36mround[0m = 176 [0;36mnonce[0m = 171 [0;36mhash[0m = 34c1bcc3f17c83c3009575891baf0829bae2297628a3d3973de690a79cd748cf 
[0;36mDEBUG[0m[2026-03-16 10:14:11.799]   received shard header from network in block tracker [0;36mshard[0m = 0 [0;36mepoch[0m = 0 [0;36mround[0m = 177 [0;36mnonce[0m = 172 [0;36mhash[0m = 394939cf14c835410b462d031c1346d719057973446839970dcc5c2036a431f3 
[0;36mDEBUG[0m[2026-03-16 10:14:11.799]   received shard header from network in block tracker [0;36mshard[0m = 0 [0;36mepoch[0m = 0 [0;36mround[0m = 178 [0;36mnonce[0m = 173 [0;36mhash[0m = d112cfccecad1db071c9ca7e7f6dbb9fcff4c86e9ad5f6d0f09f036ef0ad609d 
[0;36mDEBUG[0m[2026-03-16 10:14:11.799]   received shard header from network in block tracker [0;36mshard[0m = 0 [0;36mepoch[0m = 0 [0;36mround[0m = 179 [0;36mnonce[0m = 174 [0;36mhash[0m = 593fa7dc56ad88a765a261ac883241a6a0b875d0765f31af2faf585a2817b47a 
[0;36mDEBUG[0m[2026-03-16 10:14:11.799]   received shard header from network in block tracker [0;36mshard[0m = 0 [0;36mepoch[0m = 0 [0;36mround[0m = 180 [0;36mnonce[0m = 175 [0;36mhash[0m = 9d20d44d7da8ae17426bcadec513a37dc3fded218ea4ef868eeb086b8dddb0d1 
[0;36mDEBUG[0m[2026-03-16 10:14:11.799]   received shard header from network in block tracker [0;36mshard[0m = 0 [0;36mepoch[0m = 0 [0;36mround[0m = 181 [0;36mnonce[0m = 176 [0;36mhash[0m = 7568a926547893ae0af915107e830fba0af8f9df1a6b58729b6a7fefd6ff3f3d 
[0;36mDEBUG[0m[2026-03-16 10:14:11.799]   received shard header from network in block tracker [0;36mshard[0m = 0 [0;36mepoch[0m = 0 [0;36mround[0m = 182 [0;36mnonce[0m = 177 [0;36mhash[0m = 08f70751ecb97cf7fa22397619b17748c7423899cf6aa69c0504fd7852bebc2f 
[0;36mDEBUG[0m[2026-03-16 10:14:11.799]   received shard header from network in block tracker [0;36mshard[0m = 0 [0;36mepoch[0m = 0 [0;36mround[0m = 183 [0;36mnonce[0m = 178 [0;36mhash[0m = 2476039dbccc0700b23525a555fe2a0337fe54dea66a4370153a6222c7a277d5 
[0;36mDEBUG[0m[2026-03-16 10:14:11.799]   received shard header from network in block tracker [0;36mshard[0m = 0 [0;36mepoch[0m = 0 [0;36mround[0m = 184 [0;36mnonce[0m = 179 [0;36mhash[0m = 1d7c07304ee8245af017a518f8cdc429ebdfb3cd02624c9b47d2e0a46e697ae3 
[0;36mDEBUG[0m[2026-03-16 10:14:11.799]   received shard header from network in block tracker [0;36mshard[0m = 0 [0;36mepoch[0m = 0 [0;36mround[0m = 185 [0;36mnonce[0m = 180 [0;36mhash[0m = 0d0cdd5bd8115069e5113f194b8a1dd08e46080170767a6d0e30ff8befe6df69 
[0;36mDEBUG[0m[2026-03-16 10:14:11.799]   received shard header from network in block tracker [0;36mshard[0m = 0 [0;36mepoch[0m = 0 [0;36mround[0m = 186 [0;36mnonce[0m = 181 [0;36mhash[0m = 0db1c65de4a27f85c33e78a3a1361c94510eccc9c3f054f2e41eda5a27407b01 
[0;36mDEBUG[0m[2026-03-16 10:14:11.799]   received shard header from network in block tracker [0;36mshard[0m = 0 [0;36mepoch[0m = 0 [0;36mround[0m = 187 [0;36mnonce[0m = 182 [0;36mhash[0m = c76b2a9f3b8126a9ffb5636c942e07604deac7a82b2be19fcfc8edce9f1bb80e 
[0;36mDEBUG[0m[2026-03-16 10:14:11.799]   received shard header from network in block tracker [0;36mshard[0m = 0 [0;36mepoch[0m = 0 [0;36mround[0m = 188 [0;36mnonce[0m = 183 [0;36mhash[0m = bcb462c383827686f9fec98f900960d765643f3a8e483e1dd3dfd3f3f0e12b21 
[0;36mDEBUG[0m[2026-03-16 10:14:11.799]   received shard header from network in block tracker [0;36mshard[0m = 0 [0;36mepoch[0m = 0 [0;36mround[0m = 189 [0;36mnonce[0m = 184 [0;36mhash[0m = c7bb21bc5b633d85a8c4ea39df7746445f93effe49418059d0fffad82e663758 
[0;36mDEBUG[0m[2026-03-16 10:14:11.799]   received shard header from network in block tracker [0;36mshard[0m = 0 [0;36mepoch[0m = 0 [0;36mround[0m = 190 [0;36mnonce[0m = 185 [0;36mhash[0m = b0029770e935535b3306c0aa975a5a9e258bec6e0b20ffb8fe8e0696febd842c 
[0;36mDEBUG[0m[2026-03-16 10:14:11.799]   received shard header from network in block tracker [0;36mshard[0m = 0 [0;36mepoch[0m = 0 [0;36mround[0m = 191 [0;36mnonce[0m = 186 [0;36mhash[0m = 01d811ecf824627e52bb0e819027ab64ca84e236947bc8d1b9869db7a38a7669 
[0;36mDEBUG[0m[2026-03-16 10:14:11.799]   received shard header from network in block tracker [0;36mshard[0m = 0 [0;36mepoch[0m = 0 [0;36mround[0m = 192 [0;36mnonce[0m = 187 [0;36mhash[0m = 52a19918760b5e0eb21ff8cd90d5b4616b523570941f2c860874e0195df90a59 
[0;36mDEBUG[0m[2026-03-16 10:14:11.799]   received shard header from network in block tracker [0;36mshard[0m = 0 [0;36mepoch[0m = 0 [0;36mround[0m = 193 [0;36mnonce[0m = 188 [0;36mhash[0m = 9161099e32d5405c7c201de924806f63c4c40f132bd73655b88055cc6344b38d 
[0;36mDEBUG[0m[2026-03-16 10:14:11.799]   received shard header from network in block tracker [0;36mshard[0m = 0 [0;36mepoch[0m = 0 [0;36mround[0m = 194 [0;36mnonce[0m = 189 [0;36mhash[0m = f54db8dac70617ac3a05295cda91a2ef3fc6ac5c2d9a198b9e0b788abd550e02 
[0;36mDEBUG[0m[2026-03-16 10:14:11.799]   received shard header from network in block tracker [0;36mshard[0m = 0 [0;36mepoch[0m = 0 [0;36mround[0m = 195 [0;36mnonce[0m = 190 [0;36mhash[0m = e1974ee3c79cd15a6aa5c94985bd06696ae5b4cf85b21957b20bed8a2c1871f7 
[0;36mDEBUG[0m[2026-03-16 10:14:11.799]   received shard header from network in block tracker [0;36mshard[0m = 0 [0;36mepoch[0m = 0 [0;36mround[0m = 196 [0;36mnonce[0m = 191 [0;36mhash[0m = 0c02893476d85d94d6fa15ca58fd065077664ca18668a78a6ee18e119aad072c 
[0;36mDEBUG[0m[2026-03-16 10:14:11.799]   received shard header from network in block tracker [0;36mshard[0m = 0 [0;36mepoch[0m = 0 [0;36mround[0m = 197 [0;36mnonce[0m = 192 [0;36mhash[0m = d4adbc299b05ff76cd2faa654679974203ab2cdd0119c5a35bef713ea3097b14 
[0;36mDEBUG[0m[2026-03-16 10:14:11.800]   received shard header from network in block tracker [0;36mshard[0m = 0 [0;36mepoch[0m = 0 [0;36mround[0m = 198 [0;36mnonce[0m = 193 [0;36mhash[0m = 79e0ead93dbb4b3b281304035398a6963c659004a7cff52820da1a835d322d7e 
[0;36mDEBUG[0m[2026-03-16 10:14:11.800]   received shard header from network in block tracker [0;36mshard[0m = 0 [0;36mepoch[0m = 0 [0;36mround[0m = 199 [0;36mnonce[0m = 194 [0;36mhash[0m = 52c61c90b9eaac56f8355229bc499a36bc2e82ed69d2226c5eed29dc7b174dc2 
[0;36mDEBUG[0m[2026-03-16 10:14:11.800]   received shard header from network in block tracker [0;36mshard[0m = 0 [0;36mepoch[0m = 0 [0;36mround[0m = 200 [0;36mnonce[0m = 195 [0;36mhash[0m = 9990af4f43cef5410902d97b13d83befa1e92c12bfb086d25f0579c88c21d26f 
[0;36mDEBUG[0m[2026-03-16 10:14:11.800]   received shard header from network in block tracker [0;36mshard[0m = 0 [0;36mepoch[0m = 0 [0;36mround[0m = 201 [0;36mnonce[0m = 196 [0;36mhash[0m = 2f41badcab9b6ed7e50a60f434fc53c6b5b7f45c62b27a20895708569e0baf30 
[0;36mDEBUG[0m[2026-03-16 10:14:11.800]   received shard header from network in block tracker [0;36mshard[0m = 0 [0;36mepoch[0m = 0 [0;36mround[0m = 202 [0;36mnonce[0m = 197 [0;36mhash[0m = 2e25a604180cfa85671bab8227e3ab229793811f429d2f74057ad96445e82416 
[0;36mDEBUG[0m[2026-03-16 10:14:11.800]   received shard header from network in block tracker [0;36mshard[0m = 0 [0;36mepoch[0m = 0 [0;36mround[0m = 203 [0;36mnonce[0m = 198 [0;36mhash[0m = 053ae5e277815101089b0e45952473d7756f487ab9c01bbad1135c544001b280 
[0;36mDEBUG[0m[2026-03-16 10:14:11.800]   received shard header from network in block tracker [0;36mshard[0m = 0 [0;36mepoch[0m = 0 [0;36mround[0m = 204 [0;36mnonce[0m = 199 [0;36mhash[0m = ec5c0bd5b54779674dd96c2108b99ff75b3edd37da389ece0d26e3d51a802968 
[0;36mDEBUG[0m[2026-03-16 10:14:11.800]   received shard header from network in block tracker [0;36mshard[0m = 0 [0;36mepoch[0m = 0 [0;36mround[0m = 205 [0;36mnonce[0m = 200 [0;36mhash[0m = 6ef6f7f67a1fd7a5c866d4d5c7d57edde7e587484f99f5075d244147bd5dc2a7 
[0;36mDEBUG[0m[2026-03-16 10:14:11.800]   received shard header from network in block tracker [0;36mshard[0m = 0 [0;36mepoch[0m = 0 [0;36mround[0m = 206 [0;36mnonce[0m = 201 [0;36mhash[0m = f137da4429912e4d2a6287bd22cc3b1cb81295f61107ddaeaba45c6ff5734acc 
[0;36mDEBUG[0m[2026-03-16 10:14:11.800]   received shard header from network in block tracker [0;36mshard[0m = 0 [0;36mepoch[0m = 0 [0;36mround[0m = 207 [0;36mnonce[0m = 202 [0;36mhash[0m = 8c6ddaf026e2024bc3d27a7cfe2a60d4b763ed13ae499480b3bc348878359f55 
[0;36mDEBUG[0m[2026-03-16 10:14:11.800]   received shard header from network in block tracker [0;36mshard[0m = 0 [0;36mepoch[0m = 0 [0;36mround[0m = 208 [0;36mnonce[0m = 203 [0;36mhash[0m = 3d2c1008c074e25b7f42d4ac222d7386c56feb5b4210b21230ca62129560a2d1 
[0;36mDEBUG[0m[2026-03-16 10:14:11.800]   received shard header from network in block tracker [0;36mshard[0m = 0 [0;36mepoch[0m = 0 [0;36mround[0m = 209 [0;36mnonce[0m = 204 [0;36mhash[0m = 12c8c6cdc3df23cfdb3bd5e671505ef28e21b77eab79b471ddbddde86142c367 
[0;36mDEBUG[0m[2026-03-16 10:14:11.800]   received shard header from network in block tracker [0;36mshard[0m = 0 [0;36mepoch[0m = 0 [0;36mround[0m = 210 [0;36mnonce[0m = 205 [0;36mhash[0m = 1117ee200897e7035bba7507528d4e2645d99068cc1e6cb576e75862d01637b2 
[0;36mDEBUG[0m[2026-03-16 10:14:11.800]   received shard header from network in block tracker [0;36mshard[0m = 0 [0;36mepoch[0m = 0 [0;36mround[0m = 211 [0;36mnonce[0m = 206 [0;36mhash[0m = 2d2f5faffeddeeaa7daa176200763ed6b118ff5cb283d5de137a719297512294 
[0;36mDEBUG[0m[2026-03-16 10:14:11.800]   received shard header from network in block tracker [0;36mshard[0m = 0 [0;36mepoch[0m = 0 [0;36mround[0m = 212 [0;36mnonce[0m = 207 [0;36mhash[0m = 591b2addd98642d3330924d625966d7a0b0c94ae4507f327408a1cf4e4d28693 
[0;36mDEBUG[0m[2026-03-16 10:14:11.800]   received shard header from network in block tracker [0;36mshard[0m = 0 [0;36mepoch[0m = 0 [0;36mround[0m = 213 [0;36mnonce[0m = 208 [0;36mhash[0m = 849511aac8351409442d82ec74e63e7c9e03e32fef8458a54a4b499378e671f3 
[0;36mDEBUG[0m[2026-03-16 10:14:11.800]   received shard header from network in block tracker [0;36mshard[0m = 0 [0;36mepoch[0m = 0 [0;36mround[0m = 214 [0;36mnonce[0m = 209 [0;36mhash[0m = 6342efda7100b5058e8f1a768454aca0db0b1eb2c6f58c10202cebe10a4b2c4b 
[0;36mDEBUG[0m[2026-03-16 10:14:11.800]   received shard header from network in block tracker [0;36mshard[0m = 0 [0;36mepoch[0m = 0 [0;36mround[0m = 215 [0;36mnonce[0m = 210 [0;36mhash[0m = 11540863ef9ef07cdb7220d6430b976c2ba763c4052b3095365690d285595f21 
[0;36mDEBUG[0m[2026-03-16 10:14:11.800]   received shard header from network in block tracker [0;36mshard[0m = 0 [0;36mepoch[0m = 0 [0;36mround[0m = 216 [0;36mnonce[0m = 211 [0;36mhash[0m = e6d84a9207924d177f126f77a6439d8126dec58e74e94dc7334f83cdef7a9226 
[0;36mDEBUG[0m[2026-03-16 10:14:11.800]   received shard header from network in block tracker [0;36mshard[0m = 0 [0;36mepoch[0m = 0 [0;36mround[0m = 217 [0;36mnonce[0m = 212 [0;36mhash[0m = 39475931424fcaa5ca3166fe967909c8259de47ef8b74d855b6ec40c7357a190 
[0;36mDEBUG[0m[2026-03-16 10:14:11.800]   received shard header from network in block tracker [0;36mshard[0m = 0 [0;36mepoch[0m = 0 [0;36mround[0m = 218 [0;36mnonce[0m = 213 [0;36mhash[0m = 8c431cacee54e181f4240127f2b6e967f762735f51fc45bcb1f4990ed1d0ca0e 
[0;36mDEBUG[0m[2026-03-16 10:14:11.800]   received shard header from network in block tracker [0;36mshard[0m = 0 [0;36mepoch[0m = 0 [0;36mround[0m = 219 [0;36mnonce[0m = 214 [0;36mhash[0m = 726eeeb6d6258ce0f26b852ae6a6665cb7808c467a8daaa13a94787f4398f140 
[0;36mDEBUG[0m[2026-03-16 10:14:11.800]   received shard header from network in block tracker [0;36mshard[0m = 0 [0;36mepoch[0m = 0 [0;36mround[0m = 220 [0;36mnonce[0m = 215 [0;36mhash[0m = c20836a27459ff7911e701612dc384283425f42f85d4a8f00b6ff0625379effd 
[0;36mDEBUG[0m[2026-03-16 10:14:11.800]   received shard header from network in block tracker [0;36mshard[0m = 0 [0;36mepoch[0m = 0 [0;36mround[0m = 221 [0;36mnonce[0m = 216 [0;36mhash[0m = 81b2105098234fe716fbd6e085c2f9abc76b729e3b353918d8f93c4e2b89c744 
[0;36mDEBUG[0m[2026-03-16 10:14:11.800]   received shard header from network in block tracker [0;36mshard[0m = 0 [0;36mepoch[0m = 0 [0;36mround[0m = 222 [0;36mnonce[0m = 217 [0;36mhash[0m = a86ec3c4905c60fa4a111341168757c51b27c9fba9751c4a67f9d0247e9319ee 
[0;36mDEBUG[0m[2026-03-16 10:14:11.800]   received shard header from network in block tracker [0;36mshard[0m = 0 [0;36mepoch[0m = 0 [0;36mround[0m = 223 [0;36mnonce[0m = 218 [0;36mhash[0m = e6e621f8f6a679c0d9c70fb671f9209d2578d30427ee865a2ce8ab42643adb07 
[0;36mDEBUG[0m[2026-03-16 10:14:11.800]   received shard header from network in block tracker [0;36mshard[0m = 0 [0;36mepoch[0m = 0 [0;36mround[0m = 224 [0;36mnonce[0m = 219 [0;36mhash[0m = e525ab3be2d872e4967c6f2611c7afb6d93a316244d68da11a974ceaf56300b0 
[0;36mDEBUG[0m[2026-03-16 10:14:11.800]   received shard header from network in block tracker [0;36mshard[0m = 0 [0;36mepoch[0m = 0 [0;36mround[0m = 225 [0;36mnonce[0m = 220 [0;36mhash[0m = 03b6b0d0e9e9e50377f300789299e4d3c3b03f2a61ffbc3d232e44a5aa502081 
[0;36mDEBUG[0m[2026-03-16 10:14:11.800]   received shard header from network in block tracker [0;36mshard[0m = 0 [0;36mepoch[0m = 0 [0;36mround[0m = 226 [0;36mnonce[0m = 221 [0;36mhash[0m = eeac9e18431e96fb3b128fc8fa8aaa19701f87cdad1b60db1105536a397158e9 
[0;36mDEBUG[0m[2026-03-16 10:14:11.800]   received shard header from network in block tracker [0;36mshard[0m = 0 [0;36mepoch[0m = 0 [0;36mround[0m = 227 [0;36mnonce[0m = 222 [0;36mhash[0m = 8dde363434a634f189baccc84cad4f6d3d5553ac5acb8581e33e63bbabc78a35 
[0;36mDEBUG[0m[2026-03-16 10:14:11.800]   received shard header from network in block tracker [0;36mshard[0m = 0 [0;36mepoch[0m = 0 [0;36mround[0m = 228 [0;36mnonce[0m = 223 [0;36mhash[0m = c149ba477cf1968a7307fb2ae819db4129ca57c11bf93453066078a670e532ff 
[0;36mDEBUG[0m[2026-03-16 10:14:11.800]   received shard header from network in block tracker [0;36mshard[0m = 0 [0;36mepoch[0m = 0 [0;36mround[0m = 229 [0;36mnonce[0m = 224 [0;36mhash[0m = 6f31025cb836106266cf6d18aa4deafc51e9e98fb257ef933e234a7bda45262d 
[0;36mDEBUG[0m[2026-03-16 10:14:11.800]   received shard header from network in block tracker [0;36mshard[0m = 0 [0;36mepoch[0m = 0 [0;36mround[0m = 230 [0;36mnonce[0m = 225 [0;36mhash[0m = 05260fd5ac73e1fab6f7bbb7b17e88abc1f4ef36624c0838bf5089de7b01e609 
[0;36mDEBUG[0m[2026-03-16 10:14:11.800]   received shard header from network in block tracker [0;36mshard[0m = 0 [0;36mepoch[0m = 0 [0;36mround[0m = 231 [0;36mnonce[0m = 226 [0;36mhash[0m = 64c6f16240bcbea720e26fc5db34ce5f00bd3ec1c633c6b0dab5949fbcd41274 
[0;36mDEBUG[0m[2026-03-16 10:14:11.800]   received shard header from network in block tracker [0;36mshard[0m = 0 [0;36mepoch[0m = 0 [0;36mround[0m = 232 [0;36mnonce[0m = 227 [0;36mhash[0m = afd33a198af516f0e9567d87968d0c6c47d867c6728962694ef8beed13184162 
[0;36mDEBUG[0m[2026-03-16 10:14:11.800]   received shard header from network in block tracker [0;36mshard[0m = 0 [0;36mepoch[0m = 0 [0;36mround[0m = 233 [0;36mnonce[0m = 228 [0;36mhash[0m = 2f5c0435234df0fd5ef27e4cab11cf504f81780d90da8c730529bc4f3c5e9ed4 
[0;36mDEBUG[0m[2026-03-16 10:14:11.800]   received shard header from network in block tracker [0;36mshard[0m = 0 [0;36mepoch[0m = 0 [0;36mround[0m = 234 [0;36mnonce[0m = 229 [0;36mhash[0m = ed79f6d4d296bee8ef8372e44c5392fef6886d566bee5b1a1b87b29449b65090 
[0;36mDEBUG[0m[2026-03-16 10:14:11.800]   received shard header from network in block tracker [0;36mshard[0m = 0 [0;36mepoch[0m = 0 [0;36mround[0m = 235 [0;36mnonce[0m = 230 [0;36mhash[0m = be80124bede63b843fdcaf4f166faf9754c2d85d592392296753bd6a66819ab9 
[0;36mDEBUG[0m[2026-03-16 10:14:11.800]   received shard header from network in block tracker [0;36mshard[0m = 0 [0;36mepoch[0m = 0 [0;36mround[0m = 236 [0;36mnonce[0m = 231 [0;36mhash[0m = c4ca37a0154a1ab1acb6cd5e1950ae2c4184c0667eb6f37c909dc232879c8848 
[0;36mDEBUG[0m[2026-03-16 10:14:11.800]   received shard header from network in block tracker [0;36mshard[0m = 0 [0;36mepoch[0m = 0 [0;36mround[0m = 237 [0;36mnonce[0m = 232 [0;36mhash[0m = 409eef59978334950fc84775c4a585be68ae9259afb7eda26446ba8d08588ccb 
[0;36mDEBUG[0m[2026-03-16 10:14:11.800]   received shard header from network in block tracker [0;36mshard[0m = 0 [0;36mepoch[0m = 0 [0;36mround[0m = 238 [0;36mnonce[0m = 233 [0;36mhash[0m = c749d318cb4486783054fab5289daa7880841018e291f3f7a038d491683dbc81 
[0;36mDEBUG[0m[2026-03-16 10:14:11.800]   received shard header from network in block tracker [0;36mshard[0m = 0 [0;36mepoch[0m = 0 [0;36mround[0m = 239 [0;36mnonce[0m = 234 [0;36mhash[0m = ac80fcf980dac2829c3c0433a1cbc271233a74cf4cdcd5a28ce8275cd11b1c00 
[0;36mDEBUG[0m[2026-03-16 10:14:11.800]   received shard header from network in block tracker [0;36mshard[0m = 0 [0;36mepoch[0m = 0 [0;36mround[0m = 240 [0;36mnonce[0m = 235 [0;36mhash[0m = 82b78f8e4331a1df489c25b4acbdc58dde3b646d9d0489d0d5755f698ca725ee 
[0;36mDEBUG[0m[2026-03-16 10:14:11.800]   received shard header from network in block tracker [0;36mshard[0m = 0 [0;36mepoch[0m = 0 [0;36mround[0m = 241 [0;36mnonce[0m = 236 [0;36mhash[0m = b9e12b0be16bb71a40c8d49e92db5e9ffadd86a68e9bbebfcbe07a9b494075e3 
[0;36mDEBUG[0m[2026-03-16 10:14:11.800]   received shard header from network in block tracker [0;36mshard[0m = 0 [0;36mepoch[0m = 0 [0;36mround[0m = 242 [0;36mnonce[0m = 237 [0;36mhash[0m = 3b5ba64c0f72b6fe234b0a1ee9bc69ab47a5bf6e454101b6a7034896e8a8a5b9 
[0;36mDEBUG[0m[2026-03-16 10:14:11.800]   received shard header from network in block tracker [0;36mshard[0m = 0 [0;36mepoch[0m = 0 [0;36mround[0m = 243 [0;36mnonce[0m = 238 [0;36mhash[0m = fffbf54ebb33722dc5791232af4d7f88369f89b61386b5d1a6c87759d6b6391b 
[0;36mDEBUG[0m[2026-03-16 10:14:11.800]   received shard header from network in block tracker [0;36mshard[0m = 0 [0;36mepoch[0m = 0 [0;36mround[0m = 244 [0;36mnonce[0m = 239 [0;36mhash[0m = fcb3353f5ad09136191b0b605ac2aca1e284828e7141d3956260388c9360eb4f 
[0;36mDEBUG[0m[2026-03-16 10:14:11.800]   received shard header from network in block tracker [0;36mshard[0m = 0 [0;36mepoch[0m = 0 [0;36mround[0m = 245 [0;36mnonce[0m = 240 [0;36mhash[0m = 93ef7b80854595cb9bf56627d61fc3ec7184e9214495a83efa1a5aff0393a37d 
[0;36mDEBUG[0m[2026-03-16 10:14:11.800]   received shard header from network in block tracker [0;36mshard[0m = 0 [0;36mepoch[0m = 0 [0;36mround[0m = 246 [0;36mnonce[0m = 241 [0;36mhash[0m = ebff11279b6237a34b4c356206f420f4f04fcb01c3d188c1dea37678dc8ae98e 
[0;36mDEBUG[0m[2026-03-16 10:14:11.800]   received shard header from network in block tracker [0;36mshard[0m = 0 [0;36mepoch[0m = 0 [0;36mround[0m = 247 [0;36mnonce[0m = 242 [0;36mhash[0m = 22f2e335b8ad0c3f8a281a903fd775b08c2b6349201bfc8383dce096ea0d6c9d 
[0;36mDEBUG[0m[2026-03-16 10:14:11.800]   received shard header from network in block tracker [0;36mshard[0m = 0 [0;36mepoch[0m = 0 [0;36mround[0m = 248 [0;36mnonce[0m = 243 [0;36mhash[0m = 988c4a10483145b8ea4bb4378f233a6be992d5e26dd098cf5cca353ed8bce93f 
[0;36mDEBUG[0m[2026-03-16 10:14:11.800]   received shard header from network in block tracker [0;36mshard[0m = 0 [0;36mepoch[0m = 0 [0;36mround[0m = 249 [0;36mnonce[0m = 244 [0;36mhash[0m = 4f61c76ebbcbae9dfc1babfec7f071d7c2dde38b470b6420c3cabc7fb1a0f685 
[0;36mDEBUG[0m[2026-03-16 10:14:11.800]   received shard header from network in block tracker [0;36mshard[0m = 0 [0;36mepoch[0m = 0 [0;36mround[0m = 250 [0;36mnonce[0m = 245 [0;36mhash[0m = 938f798494c32f09a141a7a04aec1ba36735a7d3e5a0e042648826fc25713766 
[0;36mDEBUG[0m[2026-03-16 10:14:11.800]   received shard header from network in block tracker [0;36mshard[0m = 0 [0;36mepoch[0m = 0 [0;36mround[0m = 251 [0;36mnonce[0m = 246 [0;36mhash[0m = d68a14b08865d9799bb38aefba4cffccf802b11fcbac96cf36083849f224d1da 
[0;36mDEBUG[0m[2026-03-16 10:14:11.800]   received shard header from network in block tracker [0;36mshard[0m = 0 [0;36mepoch[0m = 0 [0;36mround[0m = 252 [0;36mnonce[0m = 247 [0;36mhash[0m = cf247297c593c22563348f643deebc6fc09652c5fcd64e187b176b7db8bda0f9 
[0;36mDEBUG[0m[2026-03-16 10:14:11.800]   received shard header from network in block tracker [0;36mshard[0m = 0 [0;36mepoch[0m = 0 [0;36mround[0m = 253 [0;36mnonce[0m = 248 [0;36mhash[0m = df0c9a4ff848a677a91780d1403ee381df5ec1e5279a412d6eefc65b7c391e1c 
[0;36mDEBUG[0m[2026-03-16 10:14:11.800]   received shard header from network in block tracker [0;36mshard[0m = 0 [0;36mepoch[0m = 0 [0;36mround[0m = 254 [0;36mnonce[0m = 249 [0;36mhash[0m = 3cd4eb6d89a8ecf88878cd6d93d7fcc7b7d5674584a9e16b1a76e86cd610acb2 
[0;36mDEBUG[0m[2026-03-16 10:14:11.800]   received shard header from network in block tracker [0;36mshard[0m = 0 [0;36mepoch[0m = 0 [0;36mround[0m = 255 [0;36mnonce[0m = 250 [0;36mhash[0m = cc9763bb6f727e6250416a642bde91c3a892a46fd3e029de2c5135f30f183dda 
[0;36mDEBUG[0m[2026-03-16 10:14:11.800]   received shard header from network in block tracker [0;36mshard[0m = 0 [0;36mepoch[0m = 0 [0;36mround[0m = 256 [0;36mnonce[0m = 251 [0;36mhash[0m = 16b388561309feb2eae931f46cf9f12b1441806fb92b5a813f8878cd0bfc872c 
[0;36mDEBUG[0m[2026-03-16 10:14:11.804]   received shard header from network in block tracker [0;36mshard[0m = 0 [0;36mepoch[0m = 0 [0;36mround[0m = 257 [0;36mnonce[0m = 252 [0;36mhash[0m = d8be689e713720306892f61d242a1953008046a73c1eda0396f9974db63c45f7 
[0;36mDEBUG[0m[2026-03-16 10:14:11.805]   received shard header from network in block tracker [0;36mshard[0m = 0 [0;36mepoch[0m = 0 [0;36mround[0m = 258 [0;36mnonce[0m = 253 [0;36mhash[0m = ee49319f2ad76219a0f0e5e8632b7dba926d6ca795db723e0d1049c8b0141d1b 
[0;36mDEBUG[0m[2026-03-16 10:14:11.805]   received shard header from network in block tracker [0;36mshard[0m = 0 [0;36mepoch[0m = 0 [0;36mround[0m = 259 [0;36mnonce[0m = 254 [0;36mhash[0m = d19d44743931e6042ec1409882a6576de48229ec4bda658877a251ee69498377 
[0;36mDEBUG[0m[2026-03-16 10:14:11.805]   received shard header from network in block tracker [0;36mshard[0m = 0 [0;36mepoch[0m = 0 [0;36mround[0m = 260 [0;36mnonce[0m = 255 [0;36mhash[0m = 595a021e76cc42b0683d39a3564c73b877f7101933955f7fda6cea7e4d6ad7d8 
[0;36mDEBUG[0m[2026-03-16 10:14:11.805]   received shard header from network in block tracker [0;36mshard[0m = 0 [0;36mepoch[0m = 0 [0;36mround[0m = 261 [0;36mnonce[0m = 256 [0;36mhash[0m = 2305d033c477cda2642fb27e0ccfb139a0edcb6e15f484389f642a7365106e91 
[0;36mDEBUG[0m[2026-03-16 10:14:11.805]   received shard header from network in block tracker [0;36mshard[0m = 0 [0;36mepoch[0m = 0 [0;36mround[0m = 262 [0;36mnonce[0m = 257 [0;36mhash[0m = 373416653e2ff2e1617dbe9b8bde4ce433351dbae1b7893c40176824b07ebc1b 
[0;36mDEBUG[0m[2026-03-16 10:14:11.805]   received shard header from network in block tracker [0;36mshard[0m = 0 [0;36mepoch[0m = 0 [0;36mround[0m = 263 [0;36mnonce[0m = 258 [0;36mhash[0m = 0d5f9f66307e1b983d4ecaacf1582e4920273fb81b63f692a3f25a1a841ba591 
[0;36mDEBUG[0m[2026-03-16 10:14:11.805]   received shard header from network in block tracker [0;36mshard[0m = 0 [0;36mepoch[0m = 0 [0;36mround[0m = 264 [0;36mnonce[0m = 259 [0;36mhash[0m = bcdaadcae81dab872f7a5a28d9be4c505bba4c584622c7ca1343d0f9d862d947 
[0;36mDEBUG[0m[2026-03-16 10:14:11.805]   received shard header from network in block tracker [0;36mshard[0m = 0 [0;36mepoch[0m = 0 [0;36mround[0m = 265 [0;36mnonce[0m = 260 [0;36mhash[0m = 8598a1958cbbdbe5fd9bf427ad2a99ddfae2abf517d4654336898300f6e34a3a 
[0;36mDEBUG[0m[2026-03-16 10:14:11.805]   received shard header from network in block tracker [0;36mshard[0m = 0 [0;36mepoch[0m = 0 [0;36mround[0m = 266 [0;36mnonce[0m = 261 [0;36mhash[0m = 4c70b7bfac61b9901785b02f22d14cca0b3817ce438bc6b7f540fdacba802389 
[0;36mDEBUG[0m[2026-03-16 10:14:11.805]   received shard header from network in block tracker [0;36mshard[0m = 0 [0;36mepoch[0m = 0 [0;36mround[0m = 267 [0;36mnonce[0m = 262 [0;36mhash[0m = fa9af644bfbede3001aca4de414e37455c79f514954527e35cd1fb9f67e0dc9a 
[0;36mDEBUG[0m[2026-03-16 10:14:11.805]   received shard header from network in block tracker [0;36mshard[0m = 0 [0;36mepoch[0m = 0 [0;36mround[0m = 268 [0;36mnonce[0m = 263 [0;36mhash[0m = cb6382d324b6d3d1497af1db713a360b97ca6f2a9764dcc30666d9b73bfc3b34 
[0;36mDEBUG[0m[2026-03-16 10:14:11.805]   received shard header from network in block tracker [0;36mshard[0m = 0 [0;36mepoch[0m = 0 [0;36mround[0m = 269 [0;36mnonce[0m = 264 [0;36mhash[0m = 9a4f9abf3415b88a10af2f0c259b8644aa19a165cde69d6c5e8557dedbda4c56 
[0;36mDEBUG[0m[2026-03-16 10:14:11.805]   received shard header from network in block tracker [0;36mshard[0m = 0 [0;36mepoch[0m = 0 [0;36mround[0m = 270 [0;36mnonce[0m = 265 [0;36mhash[0m = 0ae2db58b396d7fe0097b3dd760d6a7eb7c8c165688b06cf76352755fd07b649 
[0;36mDEBUG[0m[2026-03-16 10:14:11.805]   received shard header from network in block tracker [0;36mshard[0m = 0 [0;36mepoch[0m = 0 [0;36mround[0m = 271 [0;36mnonce[0m = 266 [0;36mhash[0m = 88a201abd7a869289fdc1f514913141398fb0a81402a7b7dc518146805eb60f5 
[0;36mDEBUG[0m[2026-03-16 10:14:11.805]   received shard header from network in block tracker [0;36mshard[0m = 0 [0;36mepoch[0m = 0 [0;36mround[0m = 272 [0;36mnonce[0m = 267 [0;36mhash[0m = 71fe1260d73a806a6ca4d2e5c336420291d5788040eb32707ecc4fab44a42440 
[0;36mDEBUG[0m[2026-03-16 10:14:11.805]   received shard header from network in block tracker [0;36mshard[0m = 0 [0;36mepoch[0m = 0 [0;36mround[0m = 273 [0;36mnonce[0m = 268 [0;36mhash[0m = ce1328706f118ba32e652e6155732961ff1b49ff215950a51eb27198bb651abc 
[0;36mDEBUG[0m[2026-03-16 10:14:11.805]   received shard header from network in block tracker [0;36mshard[0m = 0 [0;36mepoch[0m = 0 [0;36mround[0m = 274 [0;36mnonce[0m = 269 [0;36mhash[0m = 26f818e17efab4383649c850c94cf835afed1026d8c61db3931701a0e43de00a 
[0;36mDEBUG[0m[2026-03-16 10:14:11.805]   received shard header from network in block tracker [0;36mshard[0m = 0 [0;36mepoch[0m = 0 [0;36mround[0m = 275 [0;36mnonce[0m = 270 [0;36mhash[0m = c29311108487e56c3dfba77bdfd8e6ea369a9a3bb89fb79bff989ff34932f1db 
[0;36mDEBUG[0m[2026-03-16 10:14:11.805]   received shard header from network in block tracker [0;36mshard[0m = 0 [0;36mepoch[0m = 0 [0;36mround[0m = 276 [0;36mnonce[0m = 271 [0;36mhash[0m = 86df09f1356713e0a65b7c2381e1719365e14d042105f86598f619eac4370515 
[0;36mDEBUG[0m[2026-03-16 10:14:11.805]   received shard header from network in block tracker [0;36mshard[0m = 0 [0;36mepoch[0m = 0 [0;36mround[0m = 277 [0;36mnonce[0m = 272 [0;36mhash[0m = 9f89994ed05848b69c26553923fa97f1911d59af26f33a4e5e84fd68abf16e68 
[0;36mDEBUG[0m[2026-03-16 10:14:11.805]   received shard header from network in block tracker [0;36mshard[0m = 0 [0;36mepoch[0m = 0 [0;36mround[0m = 278 [0;36mnonce[0m = 273 [0;36mhash[0m = 6a8472ebc1d9330835d900ddb0cc8ef44ab73da2af926760c9a4b159646a56e2 
[0;36mDEBUG[0m[2026-03-16 10:14:11.805]   received shard header from network in block tracker [0;36mshard[0m = 0 [0;36mepoch[0m = 0 [0;36mround[0m = 279 [0;36mnonce[0m = 274 [0;36mhash[0m = ba9f3866096323805a1b3a9c81449bb382d33cee5a4599d39c76c3b579db20cb 
[0;36mDEBUG[0m[2026-03-16 10:14:11.805]   received shard header from network in block tracker [0;36mshard[0m = 0 [0;36mepoch[0m = 0 [0;36mround[0m = 280 [0;36mnonce[0m = 275 [0;36mhash[0m = 9762b0a4f75f15fbe12772550cfbdaa57df498948529da733053a67183d90b3f 
[0;36mDEBUG[0m[2026-03-16 10:14:11.805]   received shard header from network in block tracker [0;36mshard[0m = 0 [0;36mepoch[0m = 0 [0;36mround[0m = 281 [0;36mnonce[0m = 276 [0;36mhash[0m = f67c89e5ac29c4491ce56342c83068a4221fb74c9decd9c2fd763d3f4e4f1dd6 
[0;36mDEBUG[0m[2026-03-16 10:14:11.805]   received shard header from network in block tracker [0;36mshard[0m = 0 [0;36mepoch[0m = 0 [0;36mround[0m = 282 [0;36mnonce[0m = 277 [0;36mhash[0m = 4351bc172ecd5e2befab4cd6452fadadc23d85d326d933070076b61061fe7a6e 
[0;36mDEBUG[0m[2026-03-16 10:14:11.805]   received shard header from network in block tracker [0;36mshard[0m = 0 [0;36mepoch[0m = 0 [0;36mround[0m = 283 [0;36mnonce[0m = 278 [0;36mhash[0m = 1ba8b5d4bb182a5323ee60ccd5db9d891cee1dd5bb7a5221be0f243f5b9f0ca8 
[0;36mDEBUG[0m[2026-03-16 10:14:11.805]   received shard header from network in block tracker [0;36mshard[0m = 0 [0;36mepoch[0m = 0 [0;36mround[0m = 284 [0;36mnonce[0m = 279 [0;36mhash[0m = db742adb5879947f780ba14d187011f524e138806a61820a4341fa330cb4c2c2 
[0;36mDEBUG[0m[2026-03-16 10:14:11.805]   received shard header from network in block tracker [0;36mshard[0m = 0 [0;36mepoch[0m = 0 [0;36mround[0m = 285 [0;36mnonce[0m = 280 [0;36mhash[0m = c1c98c3b8aed48a6c2adbe82c352bbb2462bb1bf93c1f830e6b994fbf50642a2 
[0;36mDEBUG[0m[2026-03-16 10:14:11.805]   received shard header from network in block tracker [0;36mshard[0m = 0 [0;36mepoch[0m = 0 [0;36mround[0m = 286 [0;36mnonce[0m = 281 [0;36mhash[0m = 2189090ad990245ac1403aed451c430a289dcac9dd9c3608e6c8edce18fa3db7 
[0;36mDEBUG[0m[2026-03-16 10:14:11.805]   received shard header from network in block tracker [0;36mshard[0m = 0 [0;36mepoch[0m = 0 [0;36mround[0m = 287 [0;36mnonce[0m = 282 [0;36mhash[0m = 127ad0b395f433deb29c5cd9d95dc26fe8cb9d08e39fd309ce9885bb3ae30680 
[0;36mDEBUG[0m[2026-03-16 10:14:11.805]   received shard header from network in block tracker [0;36mshard[0m = 0 [0;36mepoch[0m = 0 [0;36mround[0m = 288 [0;36mnonce[0m = 283 [0;36mhash[0m = a8dfd17ef9d050df3765efa9a7db8949c459fa113ca36181451914d9ee8de387 
[0;36mDEBUG[0m[2026-03-16 10:14:11.805]   received shard header from network in block tracker [0;36mshard[0m = 0 [0;36mepoch[0m = 0 [0;36mround[0m = 289 [0;36mnonce[0m = 284 [0;36mhash[0m = 8b8392f6acca366642c97ded00fb24b4cfec239252203150614f0286210fdddf 
[0;36mDEBUG[0m[2026-03-16 10:14:11.805]   received shard header from network in block tracker [0;36mshard[0m = 0 [0;36mepoch[0m = 0 [0;36mround[0m = 290 [0;36mnonce[0m = 285 [0;36mhash[0m = 3d8c9b97f16f2d8593594b62b146bdd0dffb9fe450190ae56a32fc5ef78bf185 
[0;36mDEBUG[0m[2026-03-16 10:14:11.805]   received shard header from network in block tracker [0;36mshard[0m = 0 [0;36mepoch[0m = 0 [0;36mround[0m = 291 [0;36mnonce[0m = 286 [0;36mhash[0m = 90d0f32672c401de7a12b5ce59fa35a5c50296878280ae11ecb23cd3dad0cb6d 
[0;36mDEBUG[0m[2026-03-16 10:14:11.805]   received shard header from network in block tracker [0;36mshard[0m = 0 [0;36mepoch[0m = 0 [0;36mround[0m = 292 [0;36mnonce[0m = 287 [0;36mhash[0m = bb5c728db4c53a610dc569bca115181f324b22f3144754e93f87f2b55a585dd5 
[0;36mDEBUG[0m[2026-03-16 10:14:11.805]   received shard header from network in block tracker [0;36mshard[0m = 0 [0;36mepoch[0m = 0 [0;36mround[0m = 293 [0;36mnonce[0m = 288 [0;36mhash[0m = f9a176360867a00a80c057ce8afad95aefaf7a38f4ed7474e9cfdf3ce189d093 
[0;36mDEBUG[0m[2026-03-16 10:14:11.805]   received shard header from network in block tracker [0;36mshard[0m = 0 [0;36mepoch[0m = 0 [0;36mround[0m = 294 [0;36mnonce[0m = 289 [0;36mhash[0m = 21c569bca2fab7ea0240afffcd53aec1b0b4fc986a2cea45556ee7a2d36e6331 
[0;36mDEBUG[0m[2026-03-16 10:14:11.805]   received shard header from network in block tracker [0;36mshard[0m = 0 [0;36mepoch[0m = 0 [0;36mround[0m = 295 [0;36mnonce[0m = 290 [0;36mhash[0m = 6339d6b552e8db3dc75156cdc0dd4711456245a01db05ad9ae01291f76e4ce8c 
[0;36mDEBUG[0m[2026-03-16 10:14:11.805]   received shard header from network in block tracker [0;36mshard[0m = 0 [0;36mepoch[0m = 0 [0;36mround[0m = 296 [0;36mnonce[0m = 291 [0;36mhash[0m = 77380454525db15b15bb826a8f80c2020e69ba96b8bfb0229cf220070ad9669a 
[0;36mDEBUG[0m[2026-03-16 10:14:11.805]   received shard header from network in block tracker [0;36mshard[0m = 0 [0;36mepoch[0m = 0 [0;36mround[0m = 297 [0;36mnonce[0m = 292 [0;36mhash[0m = 01cceeaec3cef6aa8184f933c85e6ade98060f105bdc007c0746fd24ffb86b84 
[0;36mDEBUG[0m[2026-03-16 10:14:11.805]   received shard header from network in block tracker [0;36mshard[0m = 0 [0;36mepoch[0m = 0 [0;36mround[0m = 298 [0;36mnonce[0m = 293 [0;36mhash[0m = f360365dcf739612d6f2a31a63988e42bfd4264aafe5b28335cc378c7acc1198 
[0;36mDEBUG[0m[2026-03-16 10:14:11.805]   received shard header from network in block tracker [0;36mshard[0m = 0 [0;36mepoch[0m = 0 [0;36mround[0m = 299 [0;36mnonce[0m = 294 [0;36mhash[0m = ef4b33429e83d59b39ae591b6fe9cb8c3b38dda6cc42c79d96ddd2253ffac570 
[0;36mDEBUG[0m[2026-03-16 10:14:11.805]   received shard header from network in block tracker [0;36mshard[0m = 0 [0;36mepoch[0m = 0 [0;36mround[0m = 300 [0;36mnonce[0m = 295 [0;36mhash[0m = cf37f364a63e856789815cfe516d40d1d03719895e49111ae47bbb4077247ff3 
[0;36mDEBUG[0m[2026-03-16 10:14:11.805]   received shard header from network in block tracker [0;36mshard[0m = 0 [0;36mepoch[0m = 0 [0;36mround[0m = 301 [0;36mnonce[0m = 296 [0;36mhash[0m = 2ed7db8b62a5303bf7ca8c274de4a4fb431fe317abdbb040862f60b0e7eab9df 
[0;36mDEBUG[0m[2026-03-16 10:14:11.805]   received shard header from network in block tracker [0;36mshard[0m = 0 [0;36mepoch[0m = 0 [0;36mround[0m = 302 [0;36mnonce[0m = 297 [0;36mhash[0m = c6ffae972085b01e60ad69eacf4c998bac1d88b90959d73c0852fa086b310848 
[0;36mDEBUG[0m[2026-03-16 10:14:11.805]   received shard header from network in block tracker [0;36mshard[0m = 0 [0;36mepoch[0m = 0 [0;36mround[0m = 303 [0;36mnonce[0m = 298 [0;36mhash[0m = ac849e2fdef74522500f404b6ea2e72bcc3b25a469024ee181620a5d3b7f2280 
[0;36mDEBUG[0m[2026-03-16 10:14:11.805]   received shard header from network in block tracker [0;36mshard[0m = 0 [0;36mepoch[0m = 0 [0;36mround[0m = 304 [0;36mnonce[0m = 299 [0;36mhash[0m = cf5acc744cfbba0dd8773501131cb6127c0d3200d3a9cd04fde6a00767a25ab9 
[0;36mDEBUG[0m[2026-03-16 10:14:11.805]   received shard header from network in block tracker [0;36mshard[0m = 0 [0;36mepoch[0m = 0 [0;36mround[0m = 305 [0;36mnonce[0m = 300 [0;36mhash[0m = 848bb835e6d197d1ea3191988e1d6f2a7d7b8b5c59a8b22ba85c4e1a1c749d0d 
[0;36mDEBUG[0m[2026-03-16 10:14:11.805]   received shard header from network in block tracker [0;36mshard[0m = 0 [0;36mepoch[0m = 0 [0;36mround[0m = 306 [0;36mnonce[0m = 301 [0;36mhash[0m = 13cd3181a80017ccf1be96ad8ad7450e2e1ac76651356774788b679fedd3f7d5 
[0;36mDEBUG[0m[2026-03-16 10:14:11.805]   received shard header from network in block tracker [0;36mshard[0m = 0 [0;36mepoch[0m = 0 [0;36mround[0m = 307 [0;36mnonce[0m = 302 [0;36mhash[0m = b3e60b4aa1c1c4da4bbf0295537badff394430571a713bf4afb7b1c0293a4e26 
[0;36mDEBUG[0m[2026-03-16 10:14:11.805]   received shard header from network in block tracker [0;36mshard[0m = 0 [0;36mepoch[0m = 0 [0;36mround[0m = 308 [0;36mnonce[0m = 303 [0;36mhash[0m = 6c697837113ec05b8bd7e90294e2d664ea1cd627539ac5c07aea0289f6da06c4 
[0;36mDEBUG[0m[2026-03-16 10:14:11.805]   received shard header from network in block tracker [0;36mshard[0m = 0 [0;36mepoch[0m = 0 [0;36mround[0m = 309 [0;36mnonce[0m = 304 [0;36mhash[0m = 91508643997eabf45786c3b925e9dd4c2a7f76724fff4dcc26b8b9cf943be33e 
[0;36mDEBUG[0m[2026-03-16 10:14:11.805]   received shard header from network in block tracker [0;36mshard[0m = 0 [0;36mepoch[0m = 0 [0;36mround[0m = 310 [0;36mnonce[0m = 305 [0;36mhash[0m = 15b0a64103b877697f53c1badf993909be2e02a52a91f3c50bef98c0a14b91aa 
[0;36mDEBUG[0m[2026-03-16 10:14:11.805]   received shard header from network in block tracker [0;36mshard[0m = 0 [0;36mepoch[0m = 0 [0;36mround[0m = 311 [0;36mnonce[0m = 306 [0;36mhash[0m = 4b3b7224eb0e28c49aea83c99ef3afb58f623c405522224a2b7af32a7f1aa390 
[0;36mDEBUG[0m[2026-03-16 10:14:11.805]   received shard header from network in block tracker [0;36mshard[0m = 0 [0;36mepoch[0m = 0 [0;36mround[0m = 312 [0;36mnonce[0m = 307 [0;36mhash[0m = 1e904f91486978d1c44c3cc029aefbe4be1e6374de962dea03d984fbad06b850 
[0;36mDEBUG[0m[2026-03-16 10:14:11.805]   received shard header from network in block tracker [0;36mshard[0m = 0 [0;36mepoch[0m = 0 [0;36mround[0m = 313 [0;36mnonce[0m = 308 [0;36mhash[0m = 6c32501dfe06244868374a45581e201b407d344622e72bdaa7d7581d2d73b9a4 
[0;36mDEBUG[0m[2026-03-16 10:14:11.805]   received shard header from network in block tracker [0;36mshard[0m = 0 [0;36mepoch[0m = 0 [0;36mround[0m = 314 [0;36mnonce[0m = 309 [0;36mhash[0m = e8eed3feb4ca425c9c8461734a99a3ba9fb0761070fd59b8181025246b457dde 
[0;36mDEBUG[0m[2026-03-16 10:14:11.805]   received shard header from network in block tracker [0;36mshard[0m = 0 [0;36mepoch[0m = 0 [0;36mround[0m = 315 [0;36mnonce[0m = 310 [0;36mhash[0m = e57a165a529f0ce9f2817f055379ffced86ffc16bf25f7a695d76d3199a09445 
[0;36mDEBUG[0m[2026-03-16 10:14:11.805]   received shard header from network in block tracker [0;36mshard[0m = 0 [0;36mepoch[0m = 0 [0;36mround[0m = 316 [0;36mnonce[0m = 311 [0;36mhash[0m = 760949d1d605012dd116fba3ed36245e83a7435b14d1fed1b897809b3bce56f2 
[0;36mDEBUG[0m[2026-03-16 10:14:11.805]   received shard header from network in block tracker [0;36mshard[0m = 0 [0;36mepoch[0m = 0 [0;36mround[0m = 317 [0;36mnonce[0m = 312 [0;36mhash[0m = a08974f6847b3e43ec80225c1660288f2f5e5276a0056d11ece66d026d54b779 
[0;36mDEBUG[0m[2026-03-16 10:14:11.805]   received shard header from network in block tracker [0;36mshard[0m = 0 [0;36mepoch[0m = 0 [0;36mround[0m = 318 [0;36mnonce[0m = 313 [0;36mhash[0m = c1f632ce970dc206e433815fa4b7cd9dc85ca96497090b85cef6897f858cec02 
[0;36mDEBUG[0m[2026-03-16 10:14:11.805]   received shard header from network in block tracker [0;36mshard[0m = 0 [0;36mepoch[0m = 0 [0;36mround[0m = 319 [0;36mnonce[0m = 314 [0;36mhash[0m = 12609afe06bbb63367d3f54bb0790db44fff263caa7b0ef07819bb152731e4ef 
[0;36mDEBUG[0m[2026-03-16 10:14:11.806]   received shard header from network in block tracker [0;36mshard[0m = 0 [0;36mepoch[0m = 0 [0;36mround[0m = 320 [0;36mnonce[0m = 315 [0;36mhash[0m = be4e717786e6ae2a8e9b28d9138da3266e30687d38e618dc49a969bf645697b0 
[0;36mDEBUG[0m[2026-03-16 10:14:11.806]   received shard header from network in block tracker [0;36mshard[0m = 0 [0;36mepoch[0m = 0 [0;36mround[0m = 321 [0;36mnonce[0m = 316 [0;36mhash[0m = fd27c2c6e90d2de12cef1a58c1e9126fb4cbdc634297a736f970858b172733dd 
[0;36mDEBUG[0m[2026-03-16 10:14:11.806]   received shard header from network in block tracker [0;36mshard[0m = 0 [0;36mepoch[0m = 0 [0;36mround[0m = 322 [0;36mnonce[0m = 317 [0;36mhash[0m = a8a2464c15235c56875d6ad48a115f7bd1faf169bd8dc938dbe46b0f838709b7 
[0;36mDEBUG[0m[2026-03-16 10:14:11.806]   received shard header from network in block tracker [0;36mshard[0m = 0 [0;36mepoch[0m = 0 [0;36mround[0m = 323 [0;36mnonce[0m = 318 [0;36mhash[0m = 5e0c10aebfdfc5856909a217cd131e1fd7403317487aed077c53f2b4436929d1 
[0;36mDEBUG[0m[2026-03-16 10:14:11.806]   received shard header from network in block tracker [0;36mshard[0m = 0 [0;36mepoch[0m = 0 [0;36mround[0m = 324 [0;36mnonce[0m = 319 [0;36mhash[0m = 9a1aaa6471f36052a08f0c7531d0e569ab57fe04809800f44f7af51e59ad7048 
[0;36mDEBUG[0m[2026-03-16 10:14:11.806]   received shard header from network in block tracker [0;36mshard[0m = 0 [0;36mepoch[0m = 0 [0;36mround[0m = 325 [0;36mnonce[0m = 320 [0;36mhash[0m = b65f93972bd3dec8997b8e02e9c692fca96a2dde6efd763c3821a136a4fac891 
[0;36mDEBUG[0m[2026-03-16 10:14:11.806]   received shard header from network in block tracker [0;36mshard[0m = 0 [0;36mepoch[0m = 0 [0;36mround[0m = 326 [0;36mnonce[0m = 321 [0;36mhash[0m = b2b0539cd7df876bf542d1b2028460215852dfdbbec2dcbbded5d6f0f51333b1 
[0;36mDEBUG[0m[2026-03-16 10:14:11.806]   received shard header from network in block tracker [0;36mshard[0m = 0 [0;36mepoch[0m = 0 [0;36mround[0m = 327 [0;36mnonce[0m = 322 [0;36mhash[0m = b827b045f59a665e96b009d91bcca9faad273f77388eb370b79cc3f8684541be 
[0;36mDEBUG[0m[2026-03-16 10:14:11.806]   received shard header from network in block tracker [0;36mshard[0m = 0 [0;36mepoch[0m = 0 [0;36mround[0m = 328 [0;36mnonce[0m = 323 [0;36mhash[0m = 2f51d045ed89dac0030321306e920caedff3751143a9ae250c14230032879ad3 
[0;36mDEBUG[0m[2026-03-16 10:14:11.806]   received shard header from network in block tracker [0;36mshard[0m = 0 [0;36mepoch[0m = 0 [0;36mround[0m = 329 [0;36mnonce[0m = 324 [0;36mhash[0m = 47a69ebc66e730db11555a730989710afac3b05034dc26d86941a8a23c264181 
[0;36mDEBUG[0m[2026-03-16 10:14:11.806]   received shard header from network in block tracker [0;36mshard[0m = 0 [0;36mepoch[0m = 0 [0;36mround[0m = 330 [0;36mnonce[0m = 325 [0;36mhash[0m = fa1fa3f5b806776f4ce9c5332a54bcaaae998477c48d4b1336d892c06a1bb21a 
[0;36mDEBUG[0m[2026-03-16 10:14:11.806]   received shard header from network in block tracker [0;36mshard[0m = 0 [0;36mepoch[0m = 0 [0;36mround[0m = 331 [0;36mnonce[0m = 326 [0;36mhash[0m = e95e6764d929495c8511935c22ce1e99cdc9db2c47bb6c31f29b9f949adbdece 
[0;36mDEBUG[0m[2026-03-16 10:14:11.806]   received shard header from network in block tracker [0;36mshard[0m = 0 [0;36mepoch[0m = 0 [0;36mround[0m = 332 [0;36mnonce[0m = 327 [0;36mhash[0m = 4fd6e6a9e8891f9cc0411e1c3b604a611f9709f1dd37c7b56b92a4f28fbb5696 
[0;36mDEBUG[0m[2026-03-16 10:14:11.806]   received shard header from network in block tracker [0;36mshard[0m = 0 [0;36mepoch[0m = 0 [0;36mround[0m = 333 [0;36mnonce[0m = 328 [0;36mhash[0m = 2a73fb92cb522d0ae768570fccc988934ddc2e483cbb7c3ffc7ec1646a827e8b 
[0;36mDEBUG[0m[2026-03-16 10:14:11.806]   received shard header from network in block tracker [0;36mshard[0m = 0 [0;36mepoch[0m = 0 [0;36mround[0m = 334 [0;36mnonce[0m = 329 [0;36mhash[0m = c7a741a43879da811aa8db0c061e2f24827f1a89ff2508de7bd7bd95029f33b5 
[0;36mDEBUG[0m[2026-03-16 10:14:11.806]   received shard header from network in block tracker [0;36mshard[0m = 0 [0;36mepoch[0m = 0 [0;36mround[0m = 335 [0;36mnonce[0m = 330 [0;36mhash[0m = 30724635d84458c267c1641579dd4d23272348fa7f221ccbc7efd32d1dfbb360 
[0;36mDEBUG[0m[2026-03-16 10:14:11.806]   received shard header from network in block tracker [0;36mshard[0m = 0 [0;36mepoch[0m = 0 [0;36mround[0m = 336 [0;36mnonce[0m = 331 [0;36mhash[0m = c79e1f85770a382707f20dc1706cc993f3b976996e6fc2e76776f75a1811ad39 
[0;36mDEBUG[0m[2026-03-16 10:14:11.806]   received shard header from network in block tracker [0;36mshard[0m = 0 [0;36mepoch[0m = 0 [0;36mround[0m = 337 [0;36mnonce[0m = 332 [0;36mhash[0m = 644846a152c095cbb9e2256b925126d2bc0cf9ba1443558f26dc71ee62673a97 
[0;36mDEBUG[0m[2026-03-16 10:14:11.806]   received shard header from network in block tracker [0;36mshard[0m = 0 [0;36mepoch[0m = 0 [0;36mround[0m = 338 [0;36mnonce[0m = 333 [0;36mhash[0m = f42246b424a8370faa0548db38c520872a256b1fc16fd595b3aeaad1f5796d2b 
[0;36mDEBUG[0m[2026-03-16 10:14:11.806]   received shard header from network in block tracker [0;36mshard[0m = 0 [0;36mepoch[0m = 0 [0;36mround[0m = 339 [0;36mnonce[0m = 334 [0;36mhash[0m = 7d8b9bc99d6542e17f78f51487be74ea2d0e51aa5f4af9c6d79fd22f0d8685d8 
[0;36mDEBUG[0m[2026-03-16 10:14:11.806]   received shard header from network in block tracker [0;36mshard[0m = 0 [0;36mepoch[0m = 0 [0;36mround[0m = 340 [0;36mnonce[0m = 335 [0;36mhash[0m = 65493f6b0b8fcb0ce4031eb5a2115e05f0fa3a23fb41535425fd79df77ed3f56 
[0;36mDEBUG[0m[2026-03-16 10:14:11.806]   received shard header from network in block tracker [0;36mshard[0m = 0 [0;36mepoch[0m = 0 [0;36mround[0m = 341 [0;36mnonce[0m = 336 [0;36mhash[0m = 7db6f954dfa0d7fb0486c4d36ac635b1b0828a96393817ac124c63ca89002f6d 
[0;36mDEBUG[0m[2026-03-16 10:14:11.806]   received shard header from network in block tracker [0;36mshard[0m = 0 [0;36mepoch[0m = 0 [0;36mround[0m = 342 [0;36mnonce[0m = 337 [0;36mhash[0m = af37f6660b61506d624089620dc23a40f78e77ef8b4f290c343faa09ccec1d5b 
[0;36mDEBUG[0m[2026-03-16 10:14:11.806]   received shard header from network in block tracker [0;36mshard[0m = 0 [0;36mepoch[0m = 0 [0;36mround[0m = 343 [0;36mnonce[0m = 338 [0;36mhash[0m = e1d128a959e72afcb9e4c281dc7cb4ae8a00d2f9b5c189e6e796d0d96c9d6a53 
[0;36mDEBUG[0m[2026-03-16 10:14:11.806]   received shard header from network in block tracker [0;36mshard[0m = 0 [0;36mepoch[0m = 0 [0;36mround[0m = 344 [0;36mnonce[0m = 339 [0;36mhash[0m = 4d6356a7ef2d20e1b6569c4f1409721f136fafd89e3ddaf2a23f82d8dd5b9556 
[0;36mDEBUG[0m[2026-03-16 10:14:11.806]   received shard header from network in block tracker [0;36mshard[0m = 0 [0;36mepoch[0m = 0 [0;36mround[0m = 345 [0;36mnonce[0m = 340 [0;36mhash[0m = d9551820148a2c9c68ddf3fa5ab2d16e7e32776c172ca899ad0eab3f22fb76c4 
[0;36mDEBUG[0m[2026-03-16 10:14:11.806]   received shard header from network in block tracker [0;36mshard[0m = 0 [0;36mepoch[0m = 0 [0;36mround[0m = 346 [0;36mnonce[0m = 341 [0;36mhash[0m = e43b6296f5896188cf92d649dbd1359c5816d163764c03b9d2d9868bdf98218f 
[0;36mDEBUG[0m[2026-03-16 10:14:11.806]   received shard header from network in block tracker [0;36mshard[0m = 0 [0;36mepoch[0m = 0 [0;36mround[0m = 347 [0;36mnonce[0m = 342 [0;36mhash[0m = efdd987ec34e4754ffe2ab260bdc87f04447fbab6eb0d6fa8597cc41e2e2dfa8 
[0;36mDEBUG[0m[2026-03-16 10:14:11.806]   received shard header from network in block tracker [0;36mshard[0m = 0 [0;36mepoch[0m = 0 [0;36mround[0m = 348 [0;36mnonce[0m = 343 [0;36mhash[0m = c63bc8dc7811a75d23c7cccd8ea6cdb0460d4c24709f7e235c38fc8d15845277 
[0;36mDEBUG[0m[2026-03-16 10:14:11.806]   received shard header from network in block tracker [0;36mshard[0m = 0 [0;36mepoch[0m = 0 [0;36mround[0m = 349 [0;36mnonce[0m = 344 [0;36mhash[0m = 36841982ceb79221dbd54559445a2502f620fc2d76311bde7f727257e6f48b65 
[0;36mDEBUG[0m[2026-03-16 10:14:11.806]   received shard header from network in block tracker [0;36mshard[0m = 0 [0;36mepoch[0m = 0 [0;36mround[0m = 350 [0;36mnonce[0m = 345 [0;36mhash[0m = 84ffc8615c3290f9b8a5e895ade8f97ffe812b3afd8c12b631913a0f030f5960 
[0;36mDEBUG[0m[2026-03-16 10:14:11.806]   received shard header from network in block tracker [0;36mshard[0m = 0 [0;36mepoch[0m = 0 [0;36mround[0m = 351 [0;36mnonce[0m = 346 [0;36mhash[0m = 6294a7e3970708acd0c2309b085242a7df6ee35007e1adaa0be576db5f18f980 
[0;36mDEBUG[0m[2026-03-16 10:14:11.806]   received shard header from network in block tracker [0;36mshard[0m = 0 [0;36mepoch[0m = 0 [0;36mround[0m = 352 [0;36mnonce[0m = 347 [0;36mhash[0m = 47b2f2cc959f263423422d6d79c8045c50b4a18130083dee6c1bbedafe2f357d 
[0;36mDEBUG[0m[2026-03-16 10:14:11.806]   received shard header from network in block tracker [0;36mshard[0m = 0 [0;36mepoch[0m = 0 [0;36mround[0m = 353 [0;36mnonce[0m = 348 [0;36mhash[0m = a2f1bb34be16d49f4ac30c1a5e8d9ba06812fbfa484c81afa3f59296d3b0b948 
[0;36mDEBUG[0m[2026-03-16 10:14:11.806]   received shard header from network in block tracker [0;36mshard[0m = 0 [0;36mepoch[0m = 0 [0;36mround[0m = 354 [0;36mnonce[0m = 349 [0;36mhash[0m = 6f654cd84c8df2dcaeb24a90ef82b9bb8b8ff4c6b71289f980c6dbf656234352 
[0;36mDEBUG[0m[2026-03-16 10:14:11.806]   received shard header from network in block tracker [0;36mshard[0m = 0 [0;36mepoch[0m = 0 [0;36mround[0m = 355 [0;36mnonce[0m = 350 [0;36mhash[0m = 5f400b5f301b79d8de779c20a093f1be033fda69e6dae32a254d12fca9db67e7 
[0;36mDEBUG[0m[2026-03-16 10:14:11.806]   received shard header from network in block tracker [0;36mshard[0m = 0 [0;36mepoch[0m = 0 [0;36mround[0m = 356 [0;36mnonce[0m = 351 [0;36mhash[0m = 98aff3c5e94a1a0cb16c9e9b96a96d970a9da5c65384000695c90b62247e9ab2 
[0;36mDEBUG[0m[2026-03-16 10:14:11.806]   received shard header from network in block tracker [0;36mshard[0m = 0 [0;36mepoch[0m = 0 [0;36mround[0m = 357 [0;36mnonce[0m = 352 [0;36mhash[0m = 3ac93408cc45e0a36b070ef85a485ef7cc57a7ddcfe4055efe6d7befcfa3e84e 
[0;36mDEBUG[0m[2026-03-16 10:14:11.806]   received shard header from network in block tracker [0;36mshard[0m = 0 [0;36mepoch[0m = 0 [0;36mround[0m = 358 [0;36mnonce[0m = 353 [0;36mhash[0m = 9d75a48def897e6eaf96edc01adcbc4e91925b45400e14167b6da761b6aa42cb 
[0;36mDEBUG[0m[2026-03-16 10:14:11.806]   received shard header from network in block tracker [0;36mshard[0m = 0 [0;36mepoch[0m = 0 [0;36mround[0m = 359 [0;36mnonce[0m = 354 [0;36mhash[0m = cedafe835f786eabcc7000b2c9a713f8fe4b5ef8b7e03095bf048c3fb4128a97 
[0;36mDEBUG[0m[2026-03-16 10:14:11.806]   received shard header from network in block tracker [0;36mshard[0m = 0 [0;36mepoch[0m = 0 [0;36mround[0m = 360 [0;36mnonce[0m = 355 [0;36mhash[0m = 0a5929f27434088470d6c326acf3aa8d48b32e9a77d4c55578521f209ea64974 
[0;36mDEBUG[0m[2026-03-16 10:14:11.806]   received shard header from network in block tracker [0;36mshard[0m = 0 [0;36mepoch[0m = 0 [0;36mround[0m = 361 [0;36mnonce[0m = 356 [0;36mhash[0m = a6bae785f47ea40dcf0ec109407786d44adb06195032b89f3d7e07db3d1c3b78 
[0;36mDEBUG[0m[2026-03-16 10:14:11.806]   received shard header from network in block tracker [0;36mshard[0m = 0 [0;36mepoch[0m = 0 [0;36mround[0m = 362 [0;36mnonce[0m = 357 [0;36mhash[0m = e1797bb358bfbeca0f5cfc5516ab54edc70d59c85af5b286906e7b8afea069a3 
[0;36mDEBUG[0m[2026-03-16 10:14:11.806]   received shard header from network in block tracker [0;36mshard[0m = 0 [0;36mepoch[0m = 0 [0;36mround[0m = 363 [0;36mnonce[0m = 358 [0;36mhash[0m = 486a58770c536a89f4c9c8e3e8a6a2e30fbebb4c988c70bf8b2b28b6b85aa8d3 
[0;36mDEBUG[0m[2026-03-16 10:14:11.806]   received shard header from network in block tracker [0;36mshard[0m = 0 [0;36mepoch[0m = 0 [0;36mround[0m = 364 [0;36mnonce[0m = 359 [0;36mhash[0m = 3f1d42f37aaffc893a5e7e58b9ac74b528a2b782544548b32fa62551b2659c8d 
[0;36mDEBUG[0m[2026-03-16 10:14:11.806]   received shard header from network in block tracker [0;36mshard[0m = 0 [0;36mepoch[0m = 0 [0;36mround[0m = 365 [0;36mnonce[0m = 360 [0;36mhash[0m = e229aaada7b4f970a4c5649191ffd3d97dbc838587575349ab17090b0a6316a2 
[0;36mDEBUG[0m[2026-03-16 10:14:11.806]   received shard header from network in block tracker [0;36mshard[0m = 0 [0;36mepoch[0m = 0 [0;36mround[0m = 366 [0;36mnonce[0m = 361 [0;36mhash[0m = 455e1322e9d97d1dcc3572868c5afa88c4aed65da87d2dd2cf6d8632b8e36d93 
[0;36mDEBUG[0m[2026-03-16 10:14:11.806]   received shard header from network in block tracker [0;36mshard[0m = 0 [0;36mepoch[0m = 0 [0;36mround[0m = 367 [0;36mnonce[0m = 362 [0;36mhash[0m = c876349fb41f375d72c8878d08abb952924a6fe58caf50bb1a0188f53c2efbd9 
[0;36mDEBUG[0m[2026-03-16 10:14:11.806]   received shard header from network in block tracker [0;36mshard[0m = 0 [0;36mepoch[0m = 0 [0;36mround[0m = 368 [0;36mnonce[0m = 363 [0;36mhash[0m = a8f083aecf6986712cf9acfa1a794c8d15b4412b3bfd0271977689b0a4727ac6 
[0;36mDEBUG[0m[2026-03-16 10:14:11.806]   received shard header from network in block tracker [0;36mshard[0m = 0 [0;36mepoch[0m = 0 [0;36mround[0m = 369 [0;36mnonce[0m = 364 [0;36mhash[0m = 92bc81bb8857033eec3fbfeaa6099f1e4b9228d13584479c88aad903aa59a1e6 
[0;36mDEBUG[0m[2026-03-16 10:14:11.806]   received shard header from network in block tracker [0;36mshard[0m = 0 [0;36mepoch[0m = 0 [0;36mround[0m = 370 [0;36mnonce[0m = 365 [0;36mhash[0m = 8702505a7297f90ba7149442d10c4c6783322ccd19ffeb2dae76472160163cbd 
[0;36mDEBUG[0m[2026-03-16 10:14:11.806]   received shard header from network in block tracker [0;36mshard[0m = 0 [0;36mepoch[0m = 0 [0;36mround[0m = 371 [0;36mnonce[0m = 366 [0;36mhash[0m = 39a089cfc8308539f92b75dfd986323f91f82c72fa8a03bb4694641b00a8ceaa 
[0;36mDEBUG[0m[2026-03-16 10:14:11.806]   received shard header from network in block tracker [0;36mshard[0m = 0 [0;36mepoch[0m = 0 [0;36mround[0m = 372 [0;36mnonce[0m = 367 [0;36mhash[0m = 94273cca5c139eb4dd8b61611f4aea619deafef3b00b4b6397f6db9403e92fd0 
[0;36mDEBUG[0m[2026-03-16 10:14:11.806]   received shard header from network in block tracker [0;36mshard[0m = 0 [0;36mepoch[0m = 0 [0;36mround[0m = 373 [0;36mnonce[0m = 368 [0;36mhash[0m = d573594197ea5fc0cc997cb83636e94b1ffd08dd6eb6029dacb9bd4cc6d8b750 
[0;36mDEBUG[0m[2026-03-16 10:14:11.806]   received shard header from network in block tracker [0;36mshard[0m = 0 [0;36mepoch[0m = 0 [0;36mround[0m = 374 [0;36mnonce[0m = 369 [0;36mhash[0m = 5b34f9cad6fb26728c15e348e9a2330205626d9f6cf027eb760812023bf3d6cf 
[0;36mDEBUG[0m[2026-03-16 10:14:11.806]   received shard header from network in block tracker [0;36mshard[0m = 0 [0;36mepoch[0m = 0 [0;36mround[0m = 375 [0;36mnonce[0m = 370 [0;36mhash[0m = 8d7c2e5b86558a0ee10e82f40ad6a2e946248fcd0d5b04265d17c251d2e8d560 
[0;36mDEBUG[0m[2026-03-16 10:14:11.806]   received shard header from network in block tracker [0;36mshard[0m = 0 [0;36mepoch[0m = 0 [0;36mround[0m = 376 [0;36mnonce[0m = 371 [0;36mhash[0m = e603963447eaebcaec3bef74d81840195029536248f234a8824d8bf4214f1b43 
[0;36mDEBUG[0m[2026-03-16 10:14:11.806]   received shard header from network in block tracker [0;36mshard[0m = 0 [0;36mepoch[0m = 0 [0;36mround[0m = 377 [0;36mnonce[0m = 372 [0;36mhash[0m = 82e2a2473775c8df5f716a43ebf8f63d7578be527cd743e07f31d2046b8011df 
[0;36mDEBUG[0m[2026-03-16 10:14:11.806]   received shard header from network in block tracker [0;36mshard[0m = 0 [0;36mepoch[0m = 0 [0;36mround[0m = 378 [0;36mnonce[0m = 373 [0;36mhash[0m = 63e2c2dcf7f18018c19fccb1b921747ed7ff571f3c4bdb57bb684c855e91c439 
[0;36mDEBUG[0m[2026-03-16 10:14:11.806]   received shard header from network in block tracker [0;36mshard[0m = 0 [0;36mepoch[0m = 0 [0;36mround[0m = 379 [0;36mnonce[0m = 374 [0;36mhash[0m = 0ac85764065ae675fc464d8b9bc0474d8d5540bbc7801ef08fd9e812404e6dfb 
[0;36mDEBUG[0m[2026-03-16 10:14:11.806]   received shard header from network in block tracker [0;36mshard[0m = 0 [0;36mepoch[0m = 0 [0;36mround[0m = 380 [0;36mnonce[0m = 375 [0;36mhash[0m = ea7ff332c739ebff99ade79d5b28f038f973c091e9bb5d50820ee5e9fc1a3b46 
[0;36mDEBUG[0m[2026-03-16 10:14:11.806]   received shard header from network in block tracker [0;36mshard[0m = 0 [0;36mepoch[0m = 0 [0;36mround[0m = 381 [0;36mnonce[0m = 376 [0;36mhash[0m = 8a8b9e74ae4f1433b1e01481fd95c33d6d331387d84e8a082957177ee1394909 
[0;36mDEBUG[0m[2026-03-16 10:14:11.806]   received shard header from network in block tracker [0;36mshard[0m = 0 [0;36mepoch[0m = 0 [0;36mround[0m = 382 [0;36mnonce[0m = 377 [0;36mhash[0m = 2256e160cb0c038e439f1d09fd81b0a789dcf570d7e15d0f747f94578d181832 
[0;36mDEBUG[0m[2026-03-16 10:14:11.806]   received shard header from network in block tracker [0;36mshard[0m = 0 [0;36mepoch[0m = 0 [0;36mround[0m = 383 [0;36mnonce[0m = 378 [0;36mhash[0m = 731e4e404c157f11605fcb6e25f300bdbfad25a1ffcbf117ac9767cb1a7c41fb 
[0;36mDEBUG[0m[2026-03-16 10:14:11.806]   received shard header from network in block tracker [0;36mshard[0m = 0 [0;36mepoch[0m = 0 [0;36mround[0m = 384 [0;36mnonce[0m = 379 [0;36mhash[0m = 1d2f7e9f828b86a824f7305deb7be32524d570b2f010b07cd16ca73660205cc6 
[0;36mDEBUG[0m[2026-03-16 10:14:11.807]   received shard header from network in block tracker [0;36mshard[0m = 0 [0;36mepoch[0m = 0 [0;36mround[0m = 385 [0;36mnonce[0m = 380 [0;36mhash[0m = 0ef0d55c3acee1ffcee6fb0b98f16eb80d6147c6dc11dad0dc79173badd27c9a 
[0;36mDEBUG[0m[2026-03-16 10:14:11.807]   received shard header from network in block tracker [0;36mshard[0m = 0 [0;36mepoch[0m = 0 [0;36mround[0m = 386 [0;36mnonce[0m = 381 [0;36mhash[0m = 0081e2b30e01fe5b77dc6bad60894bb456e078062269be1e874519b22364facd 
[0;36mDEBUG[0m[2026-03-16 10:14:11.807]   received shard header from network in block tracker [0;36mshard[0m = 0 [0;36mepoch[0m = 0 [0;36mround[0m = 387 [0;36mnonce[0m = 382 [0;36mhash[0m = 5a5b4faea16d870e68a908c7ff0106d64058594e1d8208241dcfba18597aa07b 
[0;36mDEBUG[0m[2026-03-16 10:14:11.807]   received shard header from network in block tracker [0;36mshard[0m = 0 [0;36mepoch[0m = 0 [0;36mround[0m = 388 [0;36mnonce[0m = 383 [0;36mhash[0m = f12a29b75301f893c229be251d2ac15f54793f6833c30f74f9e26656ebaf342a 
[0;36mDEBUG[0m[2026-03-16 10:14:11.807]   received shard header from network in block tracker [0;36mshard[0m = 0 [0;36mepoch[0m = 0 [0;36mround[0m = 389 [0;36mnonce[0m = 384 [0;36mhash[0m = d4d1ad49dcfa37875a1481838b5c2cd46700836bb80cf665cc486b1941355505 
[0;36mDEBUG[0m[2026-03-16 10:14:11.807]   received shard header from network in block tracker [0;36mshard[0m = 0 [0;36mepoch[0m = 0 [0;36mround[0m = 390 [0;36mnonce[0m = 385 [0;36mhash[0m = 71a51867e1c7447309a66254fae702d4dbebc1935ad58da6e3439413e3b6d24d 
[0;36mDEBUG[0m[2026-03-16 10:14:11.807]   received shard header from network in block tracker [0;36mshard[0m = 0 [0;36mepoch[0m = 0 [0;36mround[0m = 391 [0;36mnonce[0m = 386 [0;36mhash[0m = f3770d98a54e1a9582bb059d6ab3495d24854091f70daea8210b6e688c400fda 
[0;36mDEBUG[0m[2026-03-16 10:14:11.807]   received shard header from network in block tracker [0;36mshard[0m = 0 [0;36mepoch[0m = 0 [0;36mround[0m = 392 [0;36mnonce[0m = 387 [0;36mhash[0m = b15aa93cdea18f6192e8d149f81e685e7743419d8305edddedf6d7740a29dbc6 
[0;36mDEBUG[0m[2026-03-16 10:14:11.807]   received shard header from network in block tracker [0;36mshard[0m = 0 [0;36mepoch[0m = 0 [0;36mround[0m = 393 [0;36mnonce[0m = 388 [0;36mhash[0m = 1ba97955be58dbe0fe3cc796572bc3146ecacf8273fedb18905b30443c64fb76 
[0;36mDEBUG[0m[2026-03-16 10:14:11.807]   received shard header from network in block tracker [0;36mshard[0m = 0 [0;36mepoch[0m = 0 [0;36mround[0m = 394 [0;36mnonce[0m = 389 [0;36mhash[0m = 4584c9da85aa27ab959be215343721edbf5f5be3d0e4205a7593330ae1fcceb9 
[0;36mDEBUG[0m[2026-03-16 10:14:11.807]   received shard header from network in block tracker [0;36mshard[0m = 0 [0;36mepoch[0m = 0 [0;36mround[0m = 395 [0;36mnonce[0m = 390 [0;36mhash[0m = 168b2249877cf19b840d4da7efb8c9e4dbf41614ce14ef66da8766d7150faffe 
[0;36mDEBUG[0m[2026-03-16 10:14:11.807]   received shard header from network in block tracker [0;36mshard[0m = 0 [0;36mepoch[0m = 0 [0;36mround[0m = 396 [0;36mnonce[0m = 391 [0;36mhash[0m = f057569710dcbe50404623db2fae47da3bd474395c8aaa0a8d135756dfadd163 
[0;36mDEBUG[0m[2026-03-16 10:14:11.807]   received shard header from network in block tracker [0;36mshard[0m = 0 [0;36mepoch[0m = 0 [0;36mround[0m = 397 [0;36mnonce[0m = 392 [0;36mhash[0m = 4f477cd627f59d033b750ee15ecc2e67a5dce99a3ab40da1ccd8b2b7bd3f2035 
[0;36mDEBUG[0m[2026-03-16 10:14:11.807]   received shard header from network in block tracker [0;36mshard[0m = 0 [0;36mepoch[0m = 0 [0;36mround[0m = 398 [0;36mnonce[0m = 393 [0;36mhash[0m = f882359e7eb018a9c093061c5130850536eb31b12d72647f5931ad35d48ca686 
[0;36mDEBUG[0m[2026-03-16 10:14:11.807]   received shard header from network in block tracker [0;36mshard[0m = 0 [0;36mepoch[0m = 0 [0;36mround[0m = 399 [0;36mnonce[0m = 394 [0;36mhash[0m = 81405795a31005f810f7d73a57cf9d21ae432ee78aa5d040f8f7a3f9401be858 
[0;36mDEBUG[0m[2026-03-16 10:14:11.807]   received shard header from network in block tracker [0;36mshard[0m = 0 [0;36mepoch[0m = 0 [0;36mround[0m = 400 [0;36mnonce[0m = 395 [0;36mhash[0m = 24a5c941e7f68abccf794a1b52ee2379494b1e73435c3c5463ce9c734d255a17 
[0;36mDEBUG[0m[2026-03-16 10:14:11.807]   received shard header from network in block tracker [0;36mshard[0m = 0 [0;36mepoch[0m = 0 [0;36mround[0m = 401 [0;36mnonce[0m = 396 [0;36mhash[0m = cac5fe64157c8fd96d385ca9b739c04f8127f6c1ebb216008636681547fe1203 
[0;36mDEBUG[0m[2026-03-16 10:14:11.807]   received shard header from network in block tracker [0;36mshard[0m = 0 [0;36mepoch[0m = 0 [0;36mround[0m = 402 [0;36mnonce[0m = 397 [0;36mhash[0m = aea11734ef8c77fb6c9474059d90b880b6b54f21064898920419dcb846d97a28 
[0;36mDEBUG[0m[2026-03-16 10:14:11.807]   received shard header from network in block tracker [0;36mshard[0m = 0 [0;36mepoch[0m = 0 [0;36mround[0m = 403 [0;36mnonce[0m = 398 [0;36mhash[0m = 8f662f19df0ea84e299824ac576eecef436900dc01e682e730a2b5e16d880c52 
[0;36mDEBUG[0m[2026-03-16 10:14:11.807]   received shard header from network in block tracker [0;36mshard[0m = 0 [0;36mepoch[0m = 0 [0;36mround[0m = 404 [0;36mnonce[0m = 399 [0;36mhash[0m = 27a1a7e587ebc02f864f536f24fdb7106e4ca85238da4608b729a62e79e6272d 
[0;36mDEBUG[0m[2026-03-16 10:14:11.807]   received shard header from network in block tracker [0;36mshard[0m = 0 [0;36mepoch[0m = 0 [0;36mround[0m = 405 [0;36mnonce[0m = 400 [0;36mhash[0m = 6308b5dfbdc4bc758f42cd11ef8614e414f9538727fceb772cf3f61fe3067bd6 
[0;36mDEBUG[0m[2026-03-16 10:14:11.807]   received shard header from network in block tracker [0;36mshard[0m = 0 [0;36mepoch[0m = 0 [0;36mround[0m = 406 [0;36mnonce[0m = 401 [0;36mhash[0m = 78d8a7480e8d38063038a7c2706ff69e43243cec0c5c2d857163d9473b310bda 
[0;36mDEBUG[0m[2026-03-16 10:14:11.807]   received shard header from network in block tracker [0;36mshard[0m = 0 [0;36mepoch[0m = 0 [0;36mround[0m = 407 [0;36mnonce[0m = 402 [0;36mhash[0m = 42357f3caaf90faeb5de502682de71af1776f772f4bf5f10fcd2af124b250eed 
[0;36mDEBUG[0m[2026-03-16 10:14:11.807]   received shard header from network in block tracker [0;36mshard[0m = 0 [0;36mepoch[0m = 0 [0;36mround[0m = 408 [0;36mnonce[0m = 403 [0;36mhash[0m = a31ee2af6c7b37a280964ef2925b04a34b24fbf0ef95a4169059ab73b0c496d4 
[0;36mDEBUG[0m[2026-03-16 10:14:11.807]   received shard header from network in block tracker [0;36mshard[0m = 0 [0;36mepoch[0m = 0 [0;36mround[0m = 409 [0;36mnonce[0m = 404 [0;36mhash[0m = 58b13b8cf3c595031402b7610ee8fea7d216234ab1f235ac8b2d45c0d60770aa 
[0;36mDEBUG[0m[2026-03-16 10:14:11.807]   received shard header from network in block tracker [0;36mshard[0m = 0 [0;36mepoch[0m = 0 [0;36mround[0m = 410 [0;36mnonce[0m = 405 [0;36mhash[0m = 426d091109e2cbda93fa8461538d32f4d697d53f3b7aab5debc83f8d1e0e724c 
[0;36mDEBUG[0m[2026-03-16 10:14:11.807]   received shard header from network in block tracker [0;36mshard[0m = 0 [0;36mepoch[0m = 0 [0;36mround[0m = 411 [0;36mnonce[0m = 406 [0;36mhash[0m = 663cb7baf361193d01f976ef885af462a68a545d8c02d2d873746462d35b9e69 
[0;36mDEBUG[0m[2026-03-16 10:14:11.807]   received shard header from network in block tracker [0;36mshard[0m = 0 [0;36mepoch[0m = 0 [0;36mround[0m = 412 [0;36mnonce[0m = 407 [0;36mhash[0m = cb24664ac4067b5a5ba869fbb6904ab7be9629b9d2f9dfd018057944b7de54cb 
[0;36mDEBUG[0m[2026-03-16 10:14:11.807]   received shard header from network in block tracker [0;36mshard[0m = 0 [0;36mepoch[0m = 0 [0;36mround[0m = 413 [0;36mnonce[0m = 408 [0;36mhash[0m = baac93531fbd9bdd6fe1d19a3160a777131f6ed62a999c0a7112fa06c28ba15a 
[0;36mDEBUG[0m[2026-03-16 10:14:11.807]   received shard header from network in block tracker [0;36mshard[0m = 0 [0;36mepoch[0m = 0 [0;36mround[0m = 414 [0;36mnonce[0m = 409 [0;36mhash[0m = 745d94de018934a6930d0ad706933be43b8a4a7ebfdf9b359e508e550e9e9736 
[0;36mDEBUG[0m[2026-03-16 10:14:11.807]   received shard header from network in block tracker [0;36mshard[0m = 0 [0;36mepoch[0m = 0 [0;36mround[0m = 415 [0;36mnonce[0m = 410 [0;36mhash[0m = a8c357659e7221b83bfe468360836d261bc85d1362928c6e706e68a92e6f9f81 
[0;36mDEBUG[0m[2026-03-16 10:14:11.807]   received shard header from network in block tracker [0;36mshard[0m = 0 [0;36mepoch[0m = 0 [0;36mround[0m = 416 [0;36mnonce[0m = 411 [0;36mhash[0m = 35ac8342ab1caf9bf9d798a1b0aee8ced8b09e51f39227f7f678bc597f25a81b 
[0;36mDEBUG[0m[2026-03-16 10:14:11.807]   received shard header from network in block tracker [0;36mshard[0m = 0 [0;36mepoch[0m = 0 [0;36mround[0m = 417 [0;36mnonce[0m = 412 [0;36mhash[0m = b2e3592f2b829d41785eb55153d0a1c29e04b746e4c8a6a59571356fac747103 
[0;36mDEBUG[0m[2026-03-16 10:14:11.807]   received shard header from network in block tracker [0;36mshard[0m = 0 [0;36mepoch[0m = 0 [0;36mround[0m = 418 [0;36mnonce[0m = 413 [0;36mhash[0m = cf23244f4f267f13eeb10ed0dc5fa8d3be4c652dbade8cf8d59114a7b3314630 
[0;36mDEBUG[0m[2026-03-16 10:14:11.807]   received shard header from network in block tracker [0;36mshard[0m = 0 [0;36mepoch[0m = 0 [0;36mround[0m = 419 [0;36mnonce[0m = 414 [0;36mhash[0m = c574aff179a9f3ed1af1fea5a6d37968717a42bff7dc6d9a89b030c353e6e2f6 
[0;36mDEBUG[0m[2026-03-16 10:14:11.807]   received shard header from network in block tracker [0;36mshard[0m = 0 [0;36mepoch[0m = 0 [0;36mround[0m = 420 [0;36mnonce[0m = 415 [0;36mhash[0m = cb9e856afc3c35ff6b139f1cdcfa35358327ca521eb3405ea7841f3cca00f651 
[0;36mDEBUG[0m[2026-03-16 10:14:11.807]   received shard header from network in block tracker [0;36mshard[0m = 0 [0;36mepoch[0m = 0 [0;36mround[0m = 421 [0;36mnonce[0m = 416 [0;36mhash[0m = 5b3f2915ab3b48862e258f6d4242351afc6577dd335761785e4b938c4779732d 
[0;36mDEBUG[0m[2026-03-16 10:14:11.807]   received shard header from network in block tracker [0;36mshard[0m = 0 [0;36mepoch[0m = 0 [0;36mround[0m = 422 [0;36mnonce[0m = 417 [0;36mhash[0m = ff5ff3a949a36143906fe70369868598a41cdf4e7adfa8d4702b83dc0c594370 
[0;36mDEBUG[0m[2026-03-16 10:14:11.807]   received shard header from network in block tracker [0;36mshard[0m = 0 [0;36mepoch[0m = 0 [0;36mround[0m = 423 [0;36mnonce[0m = 418 [0;36mhash[0m = f169ed402ed3465bca0cd31946a85a25b98750c8365c6510a00b91830cf34470 
[0;36mDEBUG[0m[2026-03-16 10:14:11.807]   received shard header from network in block tracker [0;36mshard[0m = 0 [0;36mepoch[0m = 0 [0;36mround[0m = 424 [0;36mnonce[0m = 419 [0;36mhash[0m = 783ad18cae066dc804628e00d9d084256250f642712bdf416111b1f3f7fbb3c8 
[0;36mDEBUG[0m[2026-03-16 10:14:11.807]   received shard header from network in block tracker [0;36mshard[0m = 0 [0;36mepoch[0m = 0 [0;36mround[0m = 425 [0;36mnonce[0m = 420 [0;36mhash[0m = 2fe7e8b1d74862cdfe25cc7d47cd0352b0f6f30aa97a2f69f0404b8222487882 
[0;36mDEBUG[0m[2026-03-16 10:14:11.807]   received shard header from network in block tracker [0;36mshard[0m = 0 [0;36mepoch[0m = 0 [0;36mround[0m = 426 [0;36mnonce[0m = 421 [0;36mhash[0m = b5231c3ee34ab8f34e12602e5920da6a5b69a0e849a8fb8e391ec614565e0c87 
[0;36mDEBUG[0m[2026-03-16 10:14:11.807]   received shard header from network in block tracker [0;36mshard[0m = 0 [0;36mepoch[0m = 0 [0;36mround[0m = 427 [0;36mnonce[0m = 422 [0;36mhash[0m = 509e989ee72414712ea6ef014c3d5bd8f55faf12167d4fb997747bb150bd6fcb 
[0;36mDEBUG[0m[2026-03-16 10:14:11.807]   received shard header from network in block tracker [0;36mshard[0m = 0 [0;36mepoch[0m = 0 [0;36mround[0m = 428 [0;36mnonce[0m = 423 [0;36mhash[0m = f5ff6136c52251c65f8f76b4a1677cfddce1b68c993584f31f602a0931e3593c 
[0;36mDEBUG[0m[2026-03-16 10:14:11.807]   received shard header from network in block tracker [0;36mshard[0m = 0 [0;36mepoch[0m = 0 [0;36mround[0m = 429 [0;36mnonce[0m = 424 [0;36mhash[0m = 9f6ba578cb6bbcdb7f19f158fd2fad791b477a2e28f17d024aef785f88e25e5b 
[0;36mDEBUG[0m[2026-03-16 10:14:11.808]   received shard header from network in block tracker [0;36mshard[0m = 0 [0;36mepoch[0m = 0 [0;36mround[0m = 430 [0;36mnonce[0m = 425 [0;36mhash[0m = daeaad312713d6e331a80fbc5f6d829e86096f9a2a7103be7f059f848c95bfcd 
[0;36mDEBUG[0m[2026-03-16 10:14:11.808]   received shard header from network in block tracker [0;36mshard[0m = 0 [0;36mepoch[0m = 0 [0;36mround[0m = 431 [0;36mnonce[0m = 426 [0;36mhash[0m = 28e03b4190f1dc2abdc6a13a3ba30a083df08c74bbad6c92cd893a44fbde3600 
[0;36mDEBUG[0m[2026-03-16 10:14:11.808]   received shard header from network in block tracker [0;36mshard[0m = 0 [0;36mepoch[0m = 0 [0;36mround[0m = 432 [0;36mnonce[0m = 427 [0;36mhash[0m = e6937b11c7e9facaec29d7e86c9242258ba70615a081449a0d7cefe7067f345f 
[0;36mDEBUG[0m[2026-03-16 10:14:11.808]   received shard header from network in block tracker [0;36mshard[0m = 0 [0;36mepoch[0m = 0 [0;36mround[0m = 433 [0;36mnonce[0m = 428 [0;36mhash[0m = 646e93db52471473ae692b1404ddf0fb893f172382c7622c4359fb5f216522a7 
[0;36mDEBUG[0m[2026-03-16 10:14:11.808]   received shard header from network in block tracker [0;36mshard[0m = 0 [0;36mepoch[0m = 0 [0;36mround[0m = 434 [0;36mnonce[0m = 429 [0;36mhash[0m = 6c06f566ee78c55648612737939530d403f295392271ffbc56fc6b45badfb7a9 
[0;36mDEBUG[0m[2026-03-16 10:14:11.808]   received shard header from network in block tracker [0;36mshard[0m = 0 [0;36mepoch[0m = 0 [0;36mround[0m = 435 [0;36mnonce[0m = 430 [0;36mhash[0m = b6c8363e844b59760d6a323b42041a8dd5e7275ee7ffa120743ea83228892d22 
[0;36mDEBUG[0m[2026-03-16 10:14:11.808]   received shard header from network in block tracker [0;36mshard[0m = 0 [0;36mepoch[0m = 0 [0;36mround[0m = 436 [0;36mnonce[0m = 431 [0;36mhash[0m = 3e1b0f9ce2ac00bb1e5a2ad05a339b41c9f47675f12aec411d0faa216c833766 
[0;36mDEBUG[0m[2026-03-16 10:14:11.808]   received shard header from network in block tracker [0;36mshard[0m = 0 [0;36mepoch[0m = 0 [0;36mround[0m = 437 [0;36mnonce[0m = 432 [0;36mhash[0m = 5f127a0ce5a1f84f1df80f1d9705ee2c1e7a9bd1472de928cb9b99f9b93495c7 
[0;36mDEBUG[0m[2026-03-16 10:14:11.808]   received shard header from network in block tracker [0;36mshard[0m = 0 [0;36mepoch[0m = 0 [0;36mround[0m = 438 [0;36mnonce[0m = 433 [0;36mhash[0m = 8ecb585a6ceb121c17aab2947c195e1f70603582cdff06d0bd454834fe6a8d5d 
[0;36mDEBUG[0m[2026-03-16 10:14:11.808]   received shard header from network in block tracker [0;36mshard[0m = 0 [0;36mepoch[0m = 0 [0;36mround[0m = 439 [0;36mnonce[0m = 434 [0;36mhash[0m = 87fa12d49a08e2de82645409df67ae852c6f5cf1ffbb454e3b12db1f8fe800d3 
[0;36mDEBUG[0m[2026-03-16 10:14:11.808]   received shard header from network in block tracker [0;36mshard[0m = 0 [0;36mepoch[0m = 0 [0;36mround[0m = 440 [0;36mnonce[0m = 435 [0;36mhash[0m = 9bb2466f0b62059e01763003e250b412a00b4fef983a99c48f8f5b55762ed342 
[0;36mDEBUG[0m[2026-03-16 10:14:11.808]   received shard header from network in block tracker [0;36mshard[0m = 0 [0;36mepoch[0m = 0 [0;36mround[0m = 441 [0;36mnonce[0m = 436 [0;36mhash[0m = 9d4556e6819978c604a4a6db4f436a9c66ef3f7f5a5d967cca7a844016f67fb9 
[0;36mDEBUG[0m[2026-03-16 10:14:11.808]   received shard header from network in block tracker [0;36mshard[0m = 0 [0;36mepoch[0m = 0 [0;36mround[0m = 442 [0;36mnonce[0m = 437 [0;36mhash[0m = 145c85f4f37215a4f7799bec2e02f5e9cf4818f92442f43723a10fa6aed6295e 
[0;36mDEBUG[0m[2026-03-16 10:14:11.808]   received shard header from network in block tracker [0;36mshard[0m = 0 [0;36mepoch[0m = 0 [0;36mround[0m = 443 [0;36mnonce[0m = 438 [0;36mhash[0m = d87491df7d55aa6e305d7d87cc1afc52a1ad3c368739d90d616211555f6ea688 
[0;36mDEBUG[0m[2026-03-16 10:14:11.808]   received shard header from network in block tracker [0;36mshard[0m = 0 [0;36mepoch[0m = 0 [0;36mround[0m = 444 [0;36mnonce[0m = 439 [0;36mhash[0m = 8901b981bdba818b71edff4bb4d4a3bd7d86e16541e228b85c9011e967f97de0 
[0;36mDEBUG[0m[2026-03-16 10:14:11.808]   received shard header from network in block tracker [0;36mshard[0m = 0 [0;36mepoch[0m = 0 [0;36mround[0m = 445 [0;36mnonce[0m = 440 [0;36mhash[0m = 6937ff776cd910c94ba4f334d34294505cd59bcdafad22c13dc6e8283e8fbe39 
[0;36mDEBUG[0m[2026-03-16 10:14:11.808]   received shard header from network in block tracker [0;36mshard[0m = 0 [0;36mepoch[0m = 0 [0;36mround[0m = 446 [0;36mnonce[0m = 441 [0;36mhash[0m = 02e584644d655164ba18f55fbc14554348947929b14d234bdd036f99869ee29a 
[0;36mDEBUG[0m[2026-03-16 10:14:11.808]   received shard header from network in block tracker [0;36mshard[0m = 0 [0;36mepoch[0m = 0 [0;36mround[0m = 447 [0;36mnonce[0m = 442 [0;36mhash[0m = bf9fffe8bd20aa3294655c96fc206b8a5466bb85fa3999cf64f983e36d18bb54 
[0;36mDEBUG[0m[2026-03-16 10:14:11.808]   received shard header from network in block tracker [0;36mshard[0m = 0 [0;36mepoch[0m = 0 [0;36mround[0m = 448 [0;36mnonce[0m = 443 [0;36mhash[0m = 4bfc56d51f9bebe451428bcaeaaab4e74a0307416557fd355dce3d99f6159fa3 
[0;36mDEBUG[0m[2026-03-16 10:14:11.808]   received shard header from network in block tracker [0;36mshard[0m = 0 [0;36mepoch[0m = 0 [0;36mround[0m = 449 [0;36mnonce[0m = 444 [0;36mhash[0m = a3bd19e852745bca88d068f0bb00d37ef689e8a366e51cc83aec44ed9aa8519e 
[0;36mDEBUG[0m[2026-03-16 10:14:11.808]   received shard header from network in block tracker [0;36mshard[0m = 0 [0;36mepoch[0m = 0 [0;36mround[0m = 450 [0;36mnonce[0m = 445 [0;36mhash[0m = cb92e3b54051eee98fdfe37116df1967e0c8c00313db3dbcf4a1d177b4e33b19 
[0;36mDEBUG[0m[2026-03-16 10:14:11.808]   received shard header from network in block tracker [0;36mshard[0m = 0 [0;36mepoch[0m = 0 [0;36mround[0m = 451 [0;36mnonce[0m = 446 [0;36mhash[0m = 20283d96bcb605ebcabbac0f41eba8ccd3f7b1b421434d01db8cf734983ce92f 
[0;36mDEBUG[0m[2026-03-16 10:14:11.808]   received shard header from network in block tracker [0;36mshard[0m = 0 [0;36mepoch[0m = 0 [0;36mround[0m = 452 [0;36mnonce[0m = 447 [0;36mhash[0m = 3bdfd38f5a9024e409550b41b4b35601b3072b74a870f848b3aa7fd055407084 
[0;36mDEBUG[0m[2026-03-16 10:14:11.809]   received shard header from network in block tracker [0;36mshard[0m = 0 [0;36mepoch[0m = 0 [0;36mround[0m = 453 [0;36mnonce[0m = 448 [0;36mhash[0m = de6a785722ba658e6a90ffc6aed0bf64fa95618a5da68060a2e184ac7a4d3379 
[0;36mDEBUG[0m[2026-03-16 10:14:11.809]   received shard header from network in block tracker [0;36mshard[0m = 0 [0;36mepoch[0m = 0 [0;36mround[0m = 454 [0;36mnonce[0m = 449 [0;36mhash[0m = d1f846c85d2dddabfe1318b499825d19bda34889c804e718bab812bceaf97635 
[0;36mDEBUG[0m[2026-03-16 10:14:11.809]   received shard header from network in block tracker [0;36mshard[0m = 0 [0;36mepoch[0m = 0 [0;36mround[0m = 455 [0;36mnonce[0m = 450 [0;36mhash[0m = 9dbd4d01d77e310f984f4b3fbb082833c1ce557051473055604d23aebbdda391 
[0;36mDEBUG[0m[2026-03-16 10:14:11.809]   received shard header from network in block tracker [0;36mshard[0m = 0 [0;36mepoch[0m = 0 [0;36mround[0m = 456 [0;36mnonce[0m = 451 [0;36mhash[0m = 0d9607e1d95b3d9299c8add31c3752b8b0f22d76e0686d099cd8d96d6f17b190 
[0;36mDEBUG[0m[2026-03-16 10:14:11.809]   received shard header from network in block tracker [0;36mshard[0m = 0 [0;36mepoch[0m = 0 [0;36mround[0m = 457 [0;36mnonce[0m = 452 [0;36mhash[0m = ed327963072af53eacf02a639a974a0925432cf9e0dc1fd30e11d5cbfcf5e68d 
[0;36mDEBUG[0m[2026-03-16 10:14:11.809]   received shard header from network in block tracker [0;36mshard[0m = 0 [0;36mepoch[0m = 0 [0;36mround[0m = 458 [0;36mnonce[0m = 453 [0;36mhash[0m = ef684123919b51ce2244ebd7a3c139601fbe5c5349aea2543a832000e93f2595 
[0;36mDEBUG[0m[2026-03-16 10:14:11.809]   received shard header from network in block tracker [0;36mshard[0m = 0 [0;36mepoch[0m = 0 [0;36mround[0m = 459 [0;36mnonce[0m = 454 [0;36mhash[0m = 438fbf1a51916ef6836f5154717ea2f389d0514000e88835eca9776f163ee397 
[0;36mDEBUG[0m[2026-03-16 10:14:11.809]   received shard header from network in block tracker [0;36mshard[0m = 0 [0;36mepoch[0m = 0 [0;36mround[0m = 460 [0;36mnonce[0m = 455 [0;36mhash[0m = e1c6e573d3b963c45312e39aa039f95124e5b6c171404fef14c13dc5e0179fdc 
[0;36mDEBUG[0m[2026-03-16 10:14:11.809]   received shard header from network in block tracker [0;36mshard[0m = 0 [0;36mepoch[0m = 0 [0;36mround[0m = 461 [0;36mnonce[0m = 456 [0;36mhash[0m = aa1e469987bba159af2aa737377bb3ff0e23ff7fd32a1c9ccd39351b4a7aa905 
[0;36mDEBUG[0m[2026-03-16 10:14:11.809]   received shard header from network in block tracker [0;36mshard[0m = 0 [0;36mepoch[0m = 0 [0;36mround[0m = 462 [0;36mnonce[0m = 457 [0;36mhash[0m = cef9ee64fbb94e6c7bb47feffbd58e60200f0bb1716cf102e025055b62edd4c8 
[0;36mDEBUG[0m[2026-03-16 10:14:11.809]   received shard header from network in block tracker [0;36mshard[0m = 0 [0;36mepoch[0m = 0 [0;36mround[0m = 463 [0;36mnonce[0m = 458 [0;36mhash[0m = 6c28faa385e2501e8d31d4c673149ddb6d60aab8e385b1b2fa301fd3c51269d4 
[0;36mDEBUG[0m[2026-03-16 10:14:11.809]   received shard header from network in block tracker [0;36mshard[0m = 0 [0;36mepoch[0m = 0 [0;36mround[0m = 464 [0;36mnonce[0m = 459 [0;36mhash[0m = cb213f4353a9101e51c50e33af057186cbe6bb1439d03ac99d848277d6c57c09 
[0;36mDEBUG[0m[2026-03-16 10:14:11.809]   received shard header from network in block tracker [0;36mshard[0m = 0 [0;36mepoch[0m = 0 [0;36mround[0m = 465 [0;36mnonce[0m = 460 [0;36mhash[0m = 78c430dc19124094f3f4777ae7ed90a83af9177f93ea384754d8988e44027594 
[0;36mDEBUG[0m[2026-03-16 10:14:11.809]   received shard header from network in block tracker [0;36mshard[0m = 0 [0;36mepoch[0m = 0 [0;36mround[0m = 466 [0;36mnonce[0m = 461 [0;36mhash[0m = 98d0e28e57d54444bfe2e0cef1fdee446735c97411708b82bf931d8b52c40249 
[0;36mDEBUG[0m[2026-03-16 10:14:11.809]   received shard header from network in block tracker [0;36mshard[0m = 0 [0;36mepoch[0m = 0 [0;36mround[0m = 467 [0;36mnonce[0m = 462 [0;36mhash[0m = f12a95a5664545268f7ca71606cd50dfad205282a1404ec305b5bb42d6421530 
[0;36mDEBUG[0m[2026-03-16 10:14:11.809]   received shard header from network in block tracker [0;36mshard[0m = 0 [0;36mepoch[0m = 0 [0;36mround[0m = 468 [0;36mnonce[0m = 463 [0;36mhash[0m = 27bdb719e7ee6459cd193a9fde769387d5b8cfb1a12f379e16923e20b50a7629 
[0;36mDEBUG[0m[2026-03-16 10:14:11.809]   received shard header from network in block tracker [0;36mshard[0m = 0 [0;36mepoch[0m = 0 [0;36mround[0m = 469 [0;36mnonce[0m = 464 [0;36mhash[0m = c3b2fe086c96f4fae1f7e72946a4720dbd9622bb7f00530a8a68a4e03e374fdf 
[0;36mDEBUG[0m[2026-03-16 10:14:11.809]   received shard header from network in block tracker [0;36mshard[0m = 0 [0;36mepoch[0m = 0 [0;36mround[0m = 470 [0;36mnonce[0m = 465 [0;36mhash[0m = d8036a62189ae9bbe884b4bf0dfae6abbf3be48e1cdb9e133fcdaabcbb19e669 
[0;36mDEBUG[0m[2026-03-16 10:14:11.809]   received shard header from network in block tracker [0;36mshard[0m = 0 [0;36mepoch[0m = 0 [0;36mround[0m = 471 [0;36mnonce[0m = 466 [0;36mhash[0m = b6eee86b54d981750bd008cc29992dc9dff7088d1655f9aa8733f5bac7b446f6 
[0;36mDEBUG[0m[2026-03-16 10:14:11.809]   received shard header from network in block tracker [0;36mshard[0m = 0 [0;36mepoch[0m = 0 [0;36mround[0m = 472 [0;36mnonce[0m = 467 [0;36mhash[0m = 8850e3dcba5f1e077769491288c965230c12118a850715e6878930a18ea67d44 
[0;36mDEBUG[0m[2026-03-16 10:14:11.809]   received shard header from network in block tracker [0;36mshard[0m = 0 [0;36mepoch[0m = 0 [0;36mround[0m = 473 [0;36mnonce[0m = 468 [0;36mhash[0m = ca35e5d5648e8dd400b92c55c8eb69e5de54fabf5956f3470147bd912f61762e 
[0;36mDEBUG[0m[2026-03-16 10:14:11.809]   received shard header from network in block tracker [0;36mshard[0m = 0 [0;36mepoch[0m = 0 [0;36mround[0m = 474 [0;36mnonce[0m = 469 [0;36mhash[0m = 8465d88078ad1e9e15b0391546935a74abb73bba6c1d1217539408cd9b9c7a15 
[0;36mDEBUG[0m[2026-03-16 10:14:11.809]   received shard header from network in block tracker [0;36mshard[0m = 0 [0;36mepoch[0m = 0 [0;36mround[0m = 475 [0;36mnonce[0m = 470 [0;36mhash[0m = 1d2ae8aac80db4dd529a79bc4194d1d092019fb86732d9eea0c84c4df4829664 
[0;36mDEBUG[0m[2026-03-16 10:14:11.809]   received shard header from network in block tracker [0;36mshard[0m = 0 [0;36mepoch[0m = 0 [0;36mround[0m = 476 [0;36mnonce[0m = 471 [0;36mhash[0m = a436fc451621b2182b3316c520d155c92e1208b322e88bb8a2fd5beddce9eb01 
[0;36mDEBUG[0m[2026-03-16 10:14:11.809]   received shard header from network in block tracker [0;36mshard[0m = 0 [0;36mepoch[0m = 0 [0;36mround[0m = 477 [0;36mnonce[0m = 472 [0;36mhash[0m = 44cc4ee86dcd1ab635e7eac864100dff7393acb6df06938ed53b069112055f9c 
[0;36mDEBUG[0m[2026-03-16 10:14:11.809]   received shard header from network in block tracker [0;36mshard[0m = 0 [0;36mepoch[0m = 0 [0;36mround[0m = 478 [0;36mnonce[0m = 473 [0;36mhash[0m = edb26acef85a0a653ac21f0d80a8c46ce2e5556fded64d044aa8e7a0680f4658 
[0;36mDEBUG[0m[2026-03-16 10:14:11.809]   received shard header from network in block tracker [0;36mshard[0m = 0 [0;36mepoch[0m = 0 [0;36mround[0m = 479 [0;36mnonce[0m = 474 [0;36mhash[0m = 8faf4c0caa48d7ad5071be69c4f5151bf8fca4e9fcbf642e990efce603863034 
[0;36mDEBUG[0m[2026-03-16 10:14:11.809]   received shard header from network in block tracker [0;36mshard[0m = 0 [0;36mepoch[0m = 0 [0;36mround[0m = 480 [0;36mnonce[0m = 475 [0;36mhash[0m = d01407768d662eb5db6770e13e7e58c986c0433e7f8b13a592d831245fcafa94 
[0;36mDEBUG[0m[2026-03-16 10:14:11.809]   received shard header from network in block tracker [0;36mshard[0m = 0 [0;36mepoch[0m = 0 [0;36mround[0m = 481 [0;36mnonce[0m = 476 [0;36mhash[0m = 5e75309a7f6363e737e5abaab6fc3ed330667cbec6ee61f6cff06daa331350a9 
[0;36mDEBUG[0m[2026-03-16 10:14:11.809]   received shard header from network in block tracker [0;36mshard[0m = 0 [0;36mepoch[0m = 0 [0;36mround[0m = 482 [0;36mnonce[0m = 477 [0;36mhash[0m = f6eacbbfa4ba6bceea1149abdeab5b73bb80fcf531a5abbed7fcfe31ec5bc690 
[0;36mDEBUG[0m[2026-03-16 10:14:11.809]   received shard header from network in block tracker [0;36mshard[0m = 0 [0;36mepoch[0m = 0 [0;36mround[0m = 483 [0;36mnonce[0m = 478 [0;36mhash[0m = 682f0625c3feb59050556847c469e269b7b549d7546d07430904d0b34efbadb1 
[0;36mDEBUG[0m[2026-03-16 10:14:11.809]   received shard header from network in block tracker [0;36mshard[0m = 0 [0;36mepoch[0m = 0 [0;36mround[0m = 484 [0;36mnonce[0m = 479 [0;36mhash[0m = e13e1955ad5ade0113d5566eff9c71e6815b5be36ac1cc33eda092e491930de2 
[0;36mDEBUG[0m[2026-03-16 10:14:11.809]   received shard header from network in block tracker [0;36mshard[0m = 0 [0;36mepoch[0m = 0 [0;36mround[0m = 485 [0;36mnonce[0m = 480 [0;36mhash[0m = a4c2e37025ba948f4b3ff47b2023b3bae531c38b9eddeb14d2036b5cd492d68f 
[0;36mDEBUG[0m[2026-03-16 10:14:11.809]   received shard header from network in block tracker [0;36mshard[0m = 0 [0;36mepoch[0m = 0 [0;36mround[0m = 486 [0;36mnonce[0m = 481 [0;36mhash[0m = 006d8227efb9b8e67fe8b480522943a4a600b0490150cb6443d7a43fe046eb96 
[0;36mDEBUG[0m[2026-03-16 10:14:11.809]   received shard header from network in block tracker [0;36mshard[0m = 0 [0;36mepoch[0m = 0 [0;36mround[0m = 487 [0;36mnonce[0m = 482 [0;36mhash[0m = cfc4ab4a6e34083f5bcc75a39025c0311f42803dd7d8ee4550f3ac6d5cdace17 
[0;36mDEBUG[0m[2026-03-16 10:14:11.809]   received shard header from network in block tracker [0;36mshard[0m = 0 [0;36mepoch[0m = 0 [0;36mround[0m = 488 [0;36mnonce[0m = 483 [0;36mhash[0m = 675e980192e8ad9c3423ee0b42865213c17e412ffd397c0955cf093a6b3f8f85 
[0;36mDEBUG[0m[2026-03-16 10:14:11.809]   received shard header from network in block tracker [0;36mshard[0m = 0 [0;36mepoch[0m = 0 [0;36mround[0m = 489 [0;36mnonce[0m = 484 [0;36mhash[0m = 9a1a5be2dd4babaf33990cd91c0697c0f0c275fceb6f8d8e43a1ae199972de87 
[0;36mDEBUG[0m[2026-03-16 10:14:11.810]   received shard header from network in block tracker [0;36mshard[0m = 0 [0;36mepoch[0m = 0 [0;36mround[0m = 490 [0;36mnonce[0m = 485 [0;36mhash[0m = f4e145a512d9681a488f6c7210b5b11948cb65166486fa645177d77aa3f431e4 
[0;36mDEBUG[0m[2026-03-16 10:14:11.810]   received shard header from network in block tracker [0;36mshard[0m = 0 [0;36mepoch[0m = 0 [0;36mround[0m = 491 [0;36mnonce[0m = 486 [0;36mhash[0m = 0b4b27db174999c0f9ace5073e0bded98c67ad88f683a60964ee7b1509edf3a5 
[0;36mDEBUG[0m[2026-03-16 10:14:11.810]   received shard header from network in block tracker [0;36mshard[0m = 0 [0;36mepoch[0m = 0 [0;36mround[0m = 492 [0;36mnonce[0m = 487 [0;36mhash[0m = e7f35879bc430a3f36f5fe441521f30b8a1c9540580636f63c0f244139be43fa 
[0;36mDEBUG[0m[2026-03-16 10:14:11.810]   received shard header from network in block tracker [0;36mshard[0m = 0 [0;36mepoch[0m = 0 [0;36mround[0m = 493 [0;36mnonce[0m = 488 [0;36mhash[0m = d5b8cf0c0e42f73377669ada9dad8db9a551be027aecd6fd84f4d27b81c8cea2 
[0;36mDEBUG[0m[2026-03-16 10:14:11.810]   received shard header from network in block tracker [0;36mshard[0m = 0 [0;36mepoch[0m = 0 [0;36mround[0m = 494 [0;36mnonce[0m = 489 [0;36mhash[0m = a50fe5e3d22d8aef97c389a9f7fc25af4321a55262af3582670b7b1b33b6cf40 
[0;36mDEBUG[0m[2026-03-16 10:14:11.810]   received shard header from network in block tracker [0;36mshard[0m = 0 [0;36mepoch[0m = 0 [0;36mround[0m = 495 [0;36mnonce[0m = 490 [0;36mhash[0m = 4f49b61a8292988946af09d814c3c6fecbd00e30ad7d824c25bb0f1981a4cfff 
[0;36mDEBUG[0m[2026-03-16 10:14:11.810]   received shard header from network in block tracker [0;36mshard[0m = 0 [0;36mepoch[0m = 0 [0;36mround[0m = 496 [0;36mnonce[0m = 491 [0;36mhash[0m = 9d90909a08efc4154e7697ca8c63127d65a588479f8721953b562a63daeac898 
[0;36mDEBUG[0m[2026-03-16 10:14:11.810]   received shard header from network in block tracker [0;36mshard[0m = 0 [0;36mepoch[0m = 0 [0;36mround[0m = 497 [0;36mnonce[0m = 492 [0;36mhash[0m = f13174c7c849c9b5423cee466a76d9cf75b475883f11c520b00051d4faa0c58e 
[0;36mDEBUG[0m[2026-03-16 10:14:11.810]   received shard header from network in block tracker [0;36mshard[0m = 0 [0;36mepoch[0m = 0 [0;36mround[0m = 498 [0;36mnonce[0m = 493 [0;36mhash[0m = 257dfe728b87fc04c1f05967b6c1df49662513308670a456d5bd6063269e142a 
[0;36mDEBUG[0m[2026-03-16 10:14:11.810]   received shard header from network in block tracker [0;36mshard[0m = 0 [0;36mepoch[0m = 0 [0;36mround[0m = 499 [0;36mnonce[0m = 494 [0;36mhash[0m = f2c9c926b85beaebe20499b9f9ac9420c309353f721803ada678d807f4b2a027 
[0;36mDEBUG[0m[2026-03-16 10:14:11.810]   received shard header from network in block tracker [0;36mshard[0m = 0 [0;36mepoch[0m = 0 [0;36mround[0m = 500 [0;36mnonce[0m = 495 [0;36mhash[0m = 7c1f45f1c882f2886263c99642b7a21b5b45900e229954ed1e2dc87c1510005b 
[0;36mDEBUG[0m[2026-03-16 10:14:11.810]   received shard header from network in block tracker [0;36mshard[0m = 0 [0;36mepoch[0m = 0 [0;36mround[0m = 501 [0;36mnonce[0m = 496 [0;36mhash[0m = 520e2e0fed1d97dba1d2719d191e6d360a22fb6263f1a121e51cc16257de5110 
[0;36mDEBUG[0m[2026-03-16 10:14:11.810]   received shard header from network in block tracker [0;36mshard[0m = 0 [0;36mepoch[0m = 0 [0;36mround[0m = 502 [0;36mnonce[0m = 497 [0;36mhash[0m = e4e440b69544409f69c749c829fa3c50e530cab1b305ae234d531a33feb48c18 
[0;36mDEBUG[0m[2026-03-16 10:14:11.810]   received shard header from network in block tracker [0;36mshard[0m = 0 [0;36mepoch[0m = 0 [0;36mround[0m = 503 [0;36mnonce[0m = 498 [0;36mhash[0m = 758ba475b4fa29dd052d0988583072ff2a1d8d087e98d2ae1f0a70a9f99b10e8 
[0;36mDEBUG[0m[2026-03-16 10:14:11.810]   received shard header from network in block tracker [0;36mshard[0m = 0 [0;36mepoch[0m = 0 [0;36mround[0m = 504 [0;36mnonce[0m = 499 [0;36mhash[0m = 303686b3fcd82b70f9c9a9427afa4c1a6e14b2255661068033084d53db3f185e 
[0;36mDEBUG[0m[2026-03-16 10:14:11.810]   received shard header from network in block tracker [0;36mshard[0m = 0 [0;36mepoch[0m = 0 [0;36mround[0m = 505 [0;36mnonce[0m = 500 [0;36mhash[0m = 7034b4bfe232720c3d35195aa95fce0148d66cac2d1080f35b7db5ecaab0be66 
[0;36mDEBUG[0m[2026-03-16 10:14:11.810]   received shard header from network in block tracker [0;36mshard[0m = 0 [0;36mepoch[0m = 0 [0;36mround[0m = 506 [0;36mnonce[0m = 501 [0;36mhash[0m = 76da54f490f2cb91774115d5576e805f5a78aaead464938973e013a587dd8b46 
[0;36mDEBUG[0m[2026-03-16 10:14:11.810]   received shard header from network in block tracker [0;36mshard[0m = 0 [0;36mepoch[0m = 0 [0;36mround[0m = 507 [0;36mnonce[0m = 502 [0;36mhash[0m = 6079e758d34745f146409858e0b96562f13d737f8864da5d2d4d2fe253882985 
[0;36mDEBUG[0m[2026-03-16 10:14:11.810]   received shard header from network in block tracker [0;36mshard[0m = 0 [0;36mepoch[0m = 0 [0;36mround[0m = 508 [0;36mnonce[0m = 503 [0;36mhash[0m = 477bc635f5295dfacc4f05c4457428381ced7286b1a4ed6e87b7d63d96900b77 
[0;36mDEBUG[0m[2026-03-16 10:14:11.810]   received shard header from network in block tracker [0;36mshard[0m = 0 [0;36mepoch[0m = 0 [0;36mround[0m = 509 [0;36mnonce[0m = 504 [0;36mhash[0m = 7c258f00f44a91dc968877315a3be93d23ebf485642a13833f0f9c6d939c9ba8 
[0;36mDEBUG[0m[2026-03-16 10:14:11.810]   received shard header from network in block tracker [0;36mshard[0m = 0 [0;36mepoch[0m = 0 [0;36mround[0m = 510 [0;36mnonce[0m = 505 [0;36mhash[0m = 606561fe9cfe2cda33f316e93ed08ecb3be3d0cebbb843bfc0d2c4448d650048 
[0;36mDEBUG[0m[2026-03-16 10:14:11.810]   received shard header from network in block tracker [0;36mshard[0m = 0 [0;36mepoch[0m = 0 [0;36mround[0m = 511 [0;36mnonce[0m = 506 [0;36mhash[0m = 24f9bcc1314e7cbb72fffaf7a9ae146303970d1cff095fa402b21cfd67b74484 
[0;36mDEBUG[0m[2026-03-16 10:14:11.810]   received shard header from network in block tracker [0;36mshard[0m = 0 [0;36mepoch[0m = 0 [0;36mround[0m = 512 [0;36mnonce[0m = 507 [0;36mhash[0m = 3c2aa90295e372009ad495576ea6a0af17f1193ccea21412e472cd99a82b0518 
[0;36mDEBUG[0m[2026-03-16 10:14:11.810]   received shard header from network in block tracker [0;36mshard[0m = 0 [0;36mepoch[0m = 0 [0;36mround[0m = 513 [0;36mnonce[0m = 508 [0;36mhash[0m = ad731232f6955e975b7d0c89e57510200b93b1e93e49f79479460bb46114bf82 
[0;36mDEBUG[0m[2026-03-16 10:14:11.810]   received shard header from network in block tracker [0;36mshard[0m = 0 [0;36mepoch[0m = 0 [0;36mround[0m = 514 [0;36mnonce[0m = 509 [0;36mhash[0m = c206045a78f459aa73a234f123cd34a5bd3ca086e5cd44f48acfc75f6924f156 
[0;36mDEBUG[0m[2026-03-16 10:14:11.810]   received shard header from network in block tracker [0;36mshard[0m = 0 [0;36mepoch[0m = 0 [0;36mround[0m = 515 [0;36mnonce[0m = 510 [0;36mhash[0m = ee91abc657493a486fae807fcae617b2c8d9653c64ef0299ea0b60bdf75b769c 
[0;36mDEBUG[0m[2026-03-16 10:14:11.810]   received shard header from network in block tracker [0;36mshard[0m = 0 [0;36mepoch[0m = 0 [0;36mround[0m = 516 [0;36mnonce[0m = 511 [0;36mhash[0m = 9119a7d5276375b43d0377a208075bef2619c92ea7eca3cc43d4b10d1bc7c4d4 
[0;36mDEBUG[0m[2026-03-16 10:14:11.810]   received shard header from network in block tracker [0;36mshard[0m = 0 [0;36mepoch[0m = 0 [0;36mround[0m = 517 [0;36mnonce[0m = 512 [0;36mhash[0m = 38e71758e5b72ca09c4eaf05ac261d37dcf0ec5369f2ce68bd9ef23383423c11 
[0;36mDEBUG[0m[2026-03-16 10:14:11.810]   received shard header from network in block tracker [0;36mshard[0m = 0 [0;36mepoch[0m = 0 [0;36mround[0m = 518 [0;36mnonce[0m = 513 [0;36mhash[0m = 16ac6d93233359cf82bf2c3a86ccd4d0a8d3f57cf3708c525bff72b7275cb426 
[0;36mDEBUG[0m[2026-03-16 10:14:11.810]   received shard header from network in block tracker [0;36mshard[0m = 0 [0;36mepoch[0m = 0 [0;36mround[0m = 519 [0;36mnonce[0m = 514 [0;36mhash[0m = 6aa94eb991e300bf83d57dc390a4684995e22bb4abcce3e96f92e8809641e47a 
[0;36mDEBUG[0m[2026-03-16 10:14:11.810]   received shard header from network in block tracker [0;36mshard[0m = 0 [0;36mepoch[0m = 0 [0;36mround[0m = 520 [0;36mnonce[0m = 515 [0;36mhash[0m = 91f6168478f37ead25718dd7ce720ef5549cc545a4f763886c7d95d1d064916a 
[0;36mDEBUG[0m[2026-03-16 10:14:11.810]   received shard header from network in block tracker [0;36mshard[0m = 0 [0;36mepoch[0m = 0 [0;36mround[0m = 521 [0;36mnonce[0m = 516 [0;36mhash[0m = 9efd30cb08b35e52966c57bab08d781cd2c9ebf483c86dd7ed7249cb3feda614 
[0;36mDEBUG[0m[2026-03-16 10:14:11.810]   received shard header from network in block tracker [0;36mshard[0m = 0 [0;36mepoch[0m = 0 [0;36mround[0m = 522 [0;36mnonce[0m = 517 [0;36mhash[0m = 81252a1a99726a7d9215edd6971088a4848f34efbda1a49a9e816b61befae0a8 
[0;36mDEBUG[0m[2026-03-16 10:14:11.810]   received shard header from network in block tracker [0;36mshard[0m = 0 [0;36mepoch[0m = 0 [0;36mround[0m = 523 [0;36mnonce[0m = 518 [0;36mhash[0m = 8f66eddeab89f85c2668f0f5e274f85ee34b02e9a97505fcbb2cf2fc03fa134d 
[0;36mDEBUG[0m[2026-03-16 10:14:11.810]   received shard header from network in block tracker [0;36mshard[0m = 0 [0;36mepoch[0m = 0 [0;36mround[0m = 524 [0;36mnonce[0m = 519 [0;36mhash[0m = 1570ac24bbc4979bd0c00760a250f54df2936229850c8d64237d97cd4c276e7a 
[0;36mDEBUG[0m[2026-03-16 10:14:11.810]   received shard header from network in block tracker [0;36mshard[0m = 0 [0;36mepoch[0m = 0 [0;36mround[0m = 525 [0;36mnonce[0m = 520 [0;36mhash[0m = aa6e2f26348ee71a7e532de42eac21520a5ef2390c6951487e42210a09c06abc 
[0;36mDEBUG[0m[2026-03-16 10:14:11.810]   received shard header from network in block tracker [0;36mshard[0m = 0 [0;36mepoch[0m = 0 [0;36mround[0m = 526 [0;36mnonce[0m = 521 [0;36mhash[0m = 713b1fc64046ab5f150b845a7d748c62953c947d9b4b1bf1753ccf9efedab6ff 
[0;36mDEBUG[0m[2026-03-16 10:14:11.810]   received shard header from network in block tracker [0;36mshard[0m = 0 [0;36mepoch[0m = 0 [0;36mround[0m = 527 [0;36mnonce[0m = 522 [0;36mhash[0m = 9c13bf90c39924e2fa0c2097b406dc54e429d8062c2ed49ce3af925849b7235f 
[0;36mDEBUG[0m[2026-03-16 10:14:11.810]   received shard header from network in block tracker [0;36mshard[0m = 0 [0;36mepoch[0m = 0 [0;36mround[0m = 528 [0;36mnonce[0m = 523 [0;36mhash[0m = 7e67ac9975b8c343644e2a8b3d917f135326323012c4978b2669e7d973e782d0 
[0;36mDEBUG[0m[2026-03-16 10:14:11.810]   received shard header from network in block tracker [0;36mshard[0m = 0 [0;36mepoch[0m = 0 [0;36mround[0m = 529 [0;36mnonce[0m = 524 [0;36mhash[0m = f168f14524a8680a7b2692be613d2c5372df27b65eb4f0f4ed3c98d3e9de519e 
[0;36mDEBUG[0m[2026-03-16 10:14:11.810]   received shard header from network in block tracker [0;36mshard[0m = 0 [0;36mepoch[0m = 0 [0;36mround[0m = 530 [0;36mnonce[0m = 525 [0;36mhash[0m = 6794a3fb4e22033b18d22b752e32be6bae3b6e6446016a7cc70bc3b82f8e2bc7 
[0;36mDEBUG[0m[2026-03-16 10:14:11.811]   received shard header from network in block tracker [0;36mshard[0m = 0 [0;36mepoch[0m = 0 [0;36mround[0m = 531 [0;36mnonce[0m = 526 [0;36mhash[0m = 3de6fb504270c0f422adc7e02692a3fbff2c10af722c5b37fe6d70cd04530022 
[0;36mDEBUG[0m[2026-03-16 10:14:11.811]   received shard header from network in block tracker [0;36mshard[0m = 0 [0;36mepoch[0m = 0 [0;36mround[0m = 532 [0;36mnonce[0m = 527 [0;36mhash[0m = c73c125d3e5e2cb5f06ba54cd9276233f799936b1b34ed6009ccfefe08544374 
[0;36mDEBUG[0m[2026-03-16 10:14:11.811]   received shard header from network in block tracker [0;36mshard[0m = 0 [0;36mepoch[0m = 0 [0;36mround[0m = 533 [0;36mnonce[0m = 528 [0;36mhash[0m = f609524ee80cdf1d3db66cb5a166f7914cd86d81af455cc62798e4489fcb341a 
[0;36mDEBUG[0m[2026-03-16 10:14:11.811]   received shard header from network in block tracker [0;36mshard[0m = 0 [0;36mepoch[0m = 0 [0;36mround[0m = 534 [0;36mnonce[0m = 529 [0;36mhash[0m = c3c2c8c82700890fae6bac66aaf1640a33079707a0ac952a9bcede71adcf2f5c 
[0;36mDEBUG[0m[2026-03-16 10:14:11.811]   received shard header from network in block tracker [0;36mshard[0m = 0 [0;36mepoch[0m = 0 [0;36mround[0m = 535 [0;36mnonce[0m = 530 [0;36mhash[0m = 20c454104ceda22db62481c26d2fd8effd7ef804dd76ba6bd5fd3f508d5ec0fa 
[0;36mDEBUG[0m[2026-03-16 10:14:11.811]   received shard header from network in block tracker [0;36mshard[0m = 0 [0;36mepoch[0m = 0 [0;36mround[0m = 536 [0;36mnonce[0m = 531 [0;36mhash[0m = 814e7b4d97bfc240de380fb9492014a27938799142baadd613397f61ad672b3c 
[0;36mDEBUG[0m[2026-03-16 10:14:11.811]   received shard header from network in block tracker [0;36mshard[0m = 0 [0;36mepoch[0m = 0 [0;36mround[0m = 537 [0;36mnonce[0m = 532 [0;36mhash[0m = e812581b4c9c89b636b95914f8498727a5586a7b9d54749692bf8a8472511b8d 
[0;36mDEBUG[0m[2026-03-16 10:14:11.811]   received shard header from network in block tracker [0;36mshard[0m = 0 [0;36mepoch[0m = 0 [0;36mround[0m = 538 [0;36mnonce[0m = 533 [0;36mhash[0m = bb3c43e0067e9fb3399411f239005840e6492cc4735ab35114b0e0b899cf06d9 
[0;36mDEBUG[0m[2026-03-16 10:14:11.811]   received shard header from network in block tracker [0;36mshard[0m = 0 [0;36mepoch[0m = 0 [0;36mround[0m = 539 [0;36mnonce[0m = 534 [0;36mhash[0m = 0d196eeaa89c9b810e359d775b2fabf4f16f625dc4de111af6176cc5a980ee8a 
[0;36mDEBUG[0m[2026-03-16 10:14:11.811]   received shard header from network in block tracker [0;36mshard[0m = 0 [0;36mepoch[0m = 0 [0;36mround[0m = 540 [0;36mnonce[0m = 535 [0;36mhash[0m = 7ed1a34ce578abfe2418d7631e68c9cd93b6a055244bfd60c2ee6ebdf0b87b1b 
[0;36mDEBUG[0m[2026-03-16 10:14:11.811]   received shard header from network in block tracker [0;36mshard[0m = 0 [0;36mepoch[0m = 0 [0;36mround[0m = 541 [0;36mnonce[0m = 536 [0;36mhash[0m = 6d4793d9d3c0a9a8e543390c204a40e75a4e6cdb404e180b01706bb99e7d0fa2 
[0;36mDEBUG[0m[2026-03-16 10:14:11.811]   received shard header from network in block tracker [0;36mshard[0m = 0 [0;36mepoch[0m = 0 [0;36mround[0m = 542 [0;36mnonce[0m = 537 [0;36mhash[0m = 38adf07f8253dce920f946b410015ab5801ec6b9cb72cef8043b086ae0e440c2 
[0;36mDEBUG[0m[2026-03-16 10:14:11.811]   received shard header from network in block tracker [0;36mshard[0m = 0 [0;36mepoch[0m = 0 [0;36mround[0m = 543 [0;36mnonce[0m = 538 [0;36mhash[0m = ae403b701135020812ad840af1860dcf36e0ad80902350e304c2fa76d69cf48e 
[0;36mDEBUG[0m[2026-03-16 10:14:11.811]   received shard header from network in block tracker [0;36mshard[0m = 0 [0;36mepoch[0m = 0 [0;36mround[0m = 544 [0;36mnonce[0m = 539 [0;36mhash[0m = 59d484503c19072dd6c4f9267806b86700832618df81909423fa117823305bc6 
[0;36mDEBUG[0m[2026-03-16 10:14:11.811]   received shard header from network in block tracker [0;36mshard[0m = 0 [0;36mepoch[0m = 0 [0;36mround[0m = 545 [0;36mnonce[0m = 540 [0;36mhash[0m = 83c6a3af14c7d00c016b32a04138a6b6f8eb32a0b7f123d1ab304768ab165348 
[0;36mDEBUG[0m[2026-03-16 10:14:11.811]   received shard header from network in block tracker [0;36mshard[0m = 0 [0;36mepoch[0m = 0 [0;36mround[0m = 546 [0;36mnonce[0m = 541 [0;36mhash[0m = ba04efc2cb4779a0eb9710ccabf40eea7b87e0a30fba1b0965a96191f9355cfc 
[0;36mDEBUG[0m[2026-03-16 10:14:11.811]   received shard header from network in block tracker [0;36mshard[0m = 0 [0;36mepoch[0m = 0 [0;36mround[0m = 547 [0;36mnonce[0m = 542 [0;36mhash[0m = 7b2f0754b6a64e77c9a8f0b1e0049e63338f9c0e892d8ce0e0c37d811a7e233c 
[0;36mDEBUG[0m[2026-03-16 10:14:11.811]   received shard header from network in block tracker [0;36mshard[0m = 0 [0;36mepoch[0m = 0 [0;36mround[0m = 548 [0;36mnonce[0m = 543 [0;36mhash[0m = 57e70e2021dab3f72f748cc5bc2e576c1daa956eaee62c87e4835efa71816c8c 
[0;36mDEBUG[0m[2026-03-16 10:14:11.811]   received shard header from network in block tracker [0;36mshard[0m = 0 [0;36mepoch[0m = 0 [0;36mround[0m = 549 [0;36mnonce[0m = 544 [0;36mhash[0m = aec79a19e7367d8884967389e3daf25a1ea11ede791a1fda2aff2eed7ed1d948 
[0;36mDEBUG[0m[2026-03-16 10:14:11.811]   received shard header from network in block tracker [0;36mshard[0m = 0 [0;36mepoch[0m = 0 [0;36mround[0m = 550 [0;36mnonce[0m = 545 [0;36mhash[0m = 0cb0b518c9f79aca719cec02b9dde009091c4a4a309605767a751cb8c1f8391b 
[0;36mDEBUG[0m[2026-03-16 10:14:11.811]   received shard header from network in block tracker [0;36mshard[0m = 0 [0;36mepoch[0m = 0 [0;36mround[0m = 551 [0;36mnonce[0m = 546 [0;36mhash[0m = f6116d241c6ec1650f446eb0f7e578125ecbd7fb4d96a127fcc91c8b37d26bcd 
[0;36mDEBUG[0m[2026-03-16 10:14:11.811]   received shard header from network in block tracker [0;36mshard[0m = 0 [0;36mepoch[0m = 0 [0;36mround[0m = 552 [0;36mnonce[0m = 547 [0;36mhash[0m = 3dd821f8cdfa85e0961810de260e18788def3c7b75edca14ac29b9b3b0b39576 
[0;36mDEBUG[0m[2026-03-16 10:14:11.811]   received shard header from network in block tracker [0;36mshard[0m = 0 [0;36mepoch[0m = 0 [0;36mround[0m = 553 [0;36mnonce[0m = 548 [0;36mhash[0m = 5de4ea8c22d514ff849fdd9f11fab8374abe33d62c4c33e1751a0a9352d1ae15 
[0;36mDEBUG[0m[2026-03-16 10:14:11.811]   received shard header from network in block tracker [0;36mshard[0m = 0 [0;36mepoch[0m = 0 [0;36mround[0m = 554 [0;36mnonce[0m = 549 [0;36mhash[0m = bbd44a996c955ff2565ccf6940a1d15894a124c200b539bc464473b512b01c67 
[0;36mDEBUG[0m[2026-03-16 10:14:11.811]   received shard header from network in block tracker [0;36mshard[0m = 0 [0;36mepoch[0m = 0 [0;36mround[0m = 555 [0;36mnonce[0m = 550 [0;36mhash[0m = 85e41cbe6297c9e14b0e92f7fc8009ed1b5f2ecc7f79ea601dcaac9d9aaab235 
[0;36mDEBUG[0m[2026-03-16 10:14:11.811]   received shard header from network in block tracker [0;36mshard[0m = 0 [0;36mepoch[0m = 0 [0;36mround[0m = 556 [0;36mnonce[0m = 551 [0;36mhash[0m = 57e6faaf47a33badd30d51b85e42ef1e5761f8a8ff109b6c468a51123d6a2d50 
[0;36mDEBUG[0m[2026-03-16 10:14:11.811]   received shard header from network in block tracker [0;36mshard[0m = 0 [0;36mepoch[0m = 0 [0;36mround[0m = 557 [0;36mnonce[0m = 552 [0;36mhash[0m = 309ed34c9800534eae5b20534cb0decddd5b3f0d923e6068a26deee29eb9295d 
[0;36mDEBUG[0m[2026-03-16 10:14:11.811]   received shard header from network in block tracker [0;36mshard[0m = 0 [0;36mepoch[0m = 0 [0;36mround[0m = 558 [0;36mnonce[0m = 553 [0;36mhash[0m = c58cd41f0acf1f6230725a24d4422afcfa7b7ad5a408a75a6b3ce2c2b0c8c562 
[0;36mDEBUG[0m[2026-03-16 10:14:11.811]   received shard header from network in block tracker [0;36mshard[0m = 0 [0;36mepoch[0m = 0 [0;36mround[0m = 559 [0;36mnonce[0m = 554 [0;36mhash[0m = b8f9654f337ede2243ab42515c6358e363c05a801f11bf04c6cf21a94c22bb43 
[0;36mDEBUG[0m[2026-03-16 10:14:11.811]   received shard header from network in block tracker [0;36mshard[0m = 0 [0;36mepoch[0m = 0 [0;36mround[0m = 560 [0;36mnonce[0m = 555 [0;36mhash[0m = 675d95e03de154a5a76f20ec5239588a17276fe6bfea1f1cbe64ee036ebae48b 
[0;36mDEBUG[0m[2026-03-16 10:14:11.811]   received shard header from network in block tracker [0;36mshard[0m = 0 [0;36mepoch[0m = 0 [0;36mround[0m = 561 [0;36mnonce[0m = 556 [0;36mhash[0m = 3c34b1230be70f7d42a3809c38e75310465b335b2a6444fd7635160b3bedf310 
[0;36mDEBUG[0m[2026-03-16 10:14:11.811]   received shard header from network in block tracker [0;36mshard[0m = 0 [0;36mepoch[0m = 0 [0;36mround[0m = 562 [0;36mnonce[0m = 557 [0;36mhash[0m = 79a689a3987ce244e59e12b388aef7ee05105ce9af065f94410abc1eb3c4f6ed 
[0;36mDEBUG[0m[2026-03-16 10:14:11.811]   received shard header from network in block tracker [0;36mshard[0m = 0 [0;36mepoch[0m = 0 [0;36mround[0m = 563 [0;36mnonce[0m = 558 [0;36mhash[0m = 00d23eff5c07021afeb49e64b4af415a70a4835e46c263c095d25ad2e3be73fb 
[0;36mDEBUG[0m[2026-03-16 10:14:11.811]   received shard header from network in block tracker [0;36mshard[0m = 0 [0;36mepoch[0m = 0 [0;36mround[0m = 564 [0;36mnonce[0m = 559 [0;36mhash[0m = b402a6f05c3668f77f7602c13aa0b65fcf82843b6eeefb2f639fd6d68159da1a 
[0;36mDEBUG[0m[2026-03-16 10:14:11.811]   received shard header from network in block tracker [0;36mshard[0m = 0 [0;36mepoch[0m = 0 [0;36mround[0m = 565 [0;36mnonce[0m = 560 [0;36mhash[0m = e69f1231498c1842e72fa92798aad87718b5904c2a19738a13a3da40c65be63e 
[0;36mDEBUG[0m[2026-03-16 10:14:11.811]   received shard header from network in block tracker [0;36mshard[0m = 0 [0;36mepoch[0m = 0 [0;36mround[0m = 566 [0;36mnonce[0m = 561 [0;36mhash[0m = e6ffd44b28d21635830c236f90b8b2695673bdbb484a063335256dc723778df9 
[0;36mDEBUG[0m[2026-03-16 10:14:11.811]   received shard header from network in block tracker [0;36mshard[0m = 0 [0;36mepoch[0m = 0 [0;36mround[0m = 567 [0;36mnonce[0m = 562 [0;36mhash[0m = c21a706ca6fd3be96c8de7f8c705dfd86a7caa976bdd56d170d8626e840d2912 
[0;36mDEBUG[0m[2026-03-16 10:14:11.811]   received shard header from network in block tracker [0;36mshard[0m = 0 [0;36mepoch[0m = 0 [0;36mround[0m = 568 [0;36mnonce[0m = 563 [0;36mhash[0m = 442c1543ae5c9aa285c87ebcb0b451a414cc59794050095f3c55b9b7b65ab41c 
[0;36mDEBUG[0m[2026-03-16 10:14:11.811]   received shard header from network in block tracker [0;36mshard[0m = 0 [0;36mepoch[0m = 0 [0;36mround[0m = 569 [0;36mnonce[0m = 564 [0;36mhash[0m = 71906629a5c5a3f4d2229e34b43eebdda00232ebcc57d616bd7c1adaef19c1eb 
[0;36mDEBUG[0m[2026-03-16 10:14:11.811]   received shard header from network in block tracker [0;36mshard[0m = 0 [0;36mepoch[0m = 0 [0;36mround[0m = 570 [0;36mnonce[0m = 565 [0;36mhash[0m = 9b6d92b2888ef6f0b4d5f4c62be0733a59a7be505040d9f8ec2a3db2624acbe8 
[0;36mDEBUG[0m[2026-03-16 10:14:11.812]   received shard header from network in block tracker [0;36mshard[0m = 0 [0;36mepoch[0m = 0 [0;36mround[0m = 571 [0;36mnonce[0m = 566 [0;36mhash[0m = fec537d293b40447ccddb74f09c5b01f5707cbc7c94924f9bccb5873e60f50e3 
[0;36mDEBUG[0m[2026-03-16 10:14:11.812]   received shard header from network in block tracker [0;36mshard[0m = 0 [0;36mepoch[0m = 0 [0;36mround[0m = 572 [0;36mnonce[0m = 567 [0;36mhash[0m = ac43c1da235da6b3a4b2d731d95bb2d0e866183acc138fe067ba5117eaa92dfd 
[0;36mDEBUG[0m[2026-03-16 10:14:11.812]   received shard header from network in block tracker [0;36mshard[0m = 0 [0;36mepoch[0m = 0 [0;36mround[0m = 573 [0;36mnonce[0m = 568 [0;36mhash[0m = bdbf93836956730cb81971ae3f7e12abdeb18696b9fd50dc3eec3ccc40b827f8 
[0;36mDEBUG[0m[2026-03-16 10:14:11.812]   received shard header from network in block tracker [0;36mshard[0m = 0 [0;36mepoch[0m = 0 [0;36mround[0m = 574 [0;36mnonce[0m = 569 [0;36mhash[0m = 0d0db7c06721411e6d472efa3194c05f10491bab32cd1d49c0121bbe81873269 
[0;36mDEBUG[0m[2026-03-16 10:14:11.812]   received shard header from network in block tracker [0;36mshard[0m = 0 [0;36mepoch[0m = 0 [0;36mround[0m = 575 [0;36mnonce[0m = 570 [0;36mhash[0m = 413f9febba2ceb03f81be92b913a875e509be68cee9b7ba5a0900e27fbea833e 
[0;36mDEBUG[0m[2026-03-16 10:14:11.812]   received shard header from network in block tracker [0;36mshard[0m = 0 [0;36mepoch[0m = 0 [0;36mround[0m = 576 [0;36mnonce[0m = 571 [0;36mhash[0m = 4d82210fe6c7cb65b594e7fe82b658ffd36fd243b1b915956e4ec35648993b9d 
[0;36mDEBUG[0m[2026-03-16 10:14:11.812]   received shard header from network in block tracker [0;36mshard[0m = 0 [0;36mepoch[0m = 0 [0;36mround[0m = 577 [0;36mnonce[0m = 572 [0;36mhash[0m = 8a796108dec22bafde83c1aaea7eae5b7d6d42dc941781f3c9fbc9d7228df844 
[0;36mDEBUG[0m[2026-03-16 10:14:11.812]   received shard header from network in block tracker [0;36mshard[0m = 0 [0;36mepoch[0m = 0 [0;36mround[0m = 578 [0;36mnonce[0m = 573 [0;36mhash[0m = 42606f744ad1c3140fe2792066a690780566e7aa637fa8e208a838a12c30e723 
[0;36mDEBUG[0m[2026-03-16 10:14:11.812]   received shard header from network in block tracker [0;36mshard[0m = 0 [0;36mepoch[0m = 0 [0;36mround[0m = 579 [0;36mnonce[0m = 574 [0;36mhash[0m = 3ead9b1d83eaeb7d2f7234e0e5f0bb44e6d1cbbec561aa69de662910b638ba7a 
[0;36mDEBUG[0m[2026-03-16 10:14:11.812]   received shard header from network in block tracker [0;36mshard[0m = 0 [0;36mepoch[0m = 0 [0;36mround[0m = 580 [0;36mnonce[0m = 575 [0;36mhash[0m = 02f9cce172800f585fe6e9451b82ecb2280bbf7b5ba4a5c2dcc1dcfcacd3dc2d 
[0;36mDEBUG[0m[2026-03-16 10:14:11.812]   received shard header from network in block tracker [0;36mshard[0m = 0 [0;36mepoch[0m = 0 [0;36mround[0m = 581 [0;36mnonce[0m = 576 [0;36mhash[0m = 7db679d097248662960340c9cb4913979f0cba33c38fafc05a46b2dc572ea44b 
[0;36mDEBUG[0m[2026-03-16 10:14:11.812]   received shard header from network in block tracker [0;36mshard[0m = 0 [0;36mepoch[0m = 0 [0;36mround[0m = 582 [0;36mnonce[0m = 577 [0;36mhash[0m = 3bcb4c6a9aa669864506b6e942ec9c25b73f17262678b70f8c3ffbc9940be811 
[0;36mDEBUG[0m[2026-03-16 10:14:11.812]   received shard header from network in block tracker [0;36mshard[0m = 0 [0;36mepoch[0m = 0 [0;36mround[0m = 583 [0;36mnonce[0m = 578 [0;36mhash[0m = 5f9a25f742204f889c134feeee89d235440a4339c72f61570e80bdfb5b6398b4 
[0;36mDEBUG[0m[2026-03-16 10:14:11.812]   received shard header from network in block tracker [0;36mshard[0m = 0 [0;36mepoch[0m = 0 [0;36mround[0m = 584 [0;36mnonce[0m = 579 [0;36mhash[0m = a5e567c10746e4b85dad0d781382383b1b9e1bc6e7d457cf9118de088f1cd12a 
[0;36mDEBUG[0m[2026-03-16 10:14:11.812]   received shard header from network in block tracker [0;36mshard[0m = 0 [0;36mepoch[0m = 0 [0;36mround[0m = 585 [0;36mnonce[0m = 580 [0;36mhash[0m = e11cb62d610313931d4639c4ff9b4b96a3b2266d13070a4e4c35fb8382aba3b6 
[0;36mDEBUG[0m[2026-03-16 10:14:11.812]   received shard header from network in block tracker [0;36mshard[0m = 0 [0;36mepoch[0m = 0 [0;36mround[0m = 586 [0;36mnonce[0m = 581 [0;36mhash[0m = c275d564735ad24fc0a197163481a16d3f57da7ab485570b365411d0f71c6405 
[0;36mDEBUG[0m[2026-03-16 10:14:11.812]   received shard header from network in block tracker [0;36mshard[0m = 0 [0;36mepoch[0m = 0 [0;36mround[0m = 587 [0;36mnonce[0m = 582 [0;36mhash[0m = c6de1b2334fc26babd9542659617648eaab788c913561ede2a412deba1315489 
[0;36mDEBUG[0m[2026-03-16 10:14:11.812]   received shard header from network in block tracker [0;36mshard[0m = 0 [0;36mepoch[0m = 0 [0;36mround[0m = 588 [0;36mnonce[0m = 583 [0;36mhash[0m = 5eb3bd583fc88faa70e3ceadf7d30c145f495079f3797e40114e6d72b6c24b1a 
[0;36mDEBUG[0m[2026-03-16 10:14:11.812]   received shard header from network in block tracker [0;36mshard[0m = 0 [0;36mepoch[0m = 0 [0;36mround[0m = 589 [0;36mnonce[0m = 584 [0;36mhash[0m = 1b0387be2d27b63155f686ea7773e16170086306bd4e8ea1099606f689beac88 
[0;36mDEBUG[0m[2026-03-16 10:14:11.812]   received shard header from network in block tracker [0;36mshard[0m = 0 [0;36mepoch[0m = 0 [0;36mround[0m = 590 [0;36mnonce[0m = 585 [0;36mhash[0m = 61bb6c0f5f28e1686b6b8cf1fd6321b760dd0b4fa6353487482ae7f0147986da 
[0;36mDEBUG[0m[2026-03-16 10:14:11.812]   received shard header from network in block tracker [0;36mshard[0m = 0 [0;36mepoch[0m = 0 [0;36mround[0m = 591 [0;36mnonce[0m = 586 [0;36mhash[0m = bf6c23545639e7d6fe89264fc5260260678e5ff25526c53f6313faf045eb13d2 
[0;36mDEBUG[0m[2026-03-16 10:14:11.812]   received shard header from network in block tracker [0;36mshard[0m = 0 [0;36mepoch[0m = 0 [0;36mround[0m = 592 [0;36mnonce[0m = 587 [0;36mhash[0m = 43352b0b93e27f32e04f60544a168c925cb7db29ec4225e226a229a2f71b49e5 
[0;36mDEBUG[0m[2026-03-16 10:14:11.812]   received shard header from network in block tracker [0;36mshard[0m = 0 [0;36mepoch[0m = 0 [0;36mround[0m = 593 [0;36mnonce[0m = 588 [0;36mhash[0m = c190830573cee22d16eac266bf846b816bc1cb6d0ca7748a6bd3fd2fa05d5baf 
[0;36mDEBUG[0m[2026-03-16 10:14:11.812]   received shard header from network in block tracker [0;36mshard[0m = 0 [0;36mepoch[0m = 0 [0;36mround[0m = 594 [0;36mnonce[0m = 589 [0;36mhash[0m = 75cd6b81ffe207e59ff758d1004411aa332833f39e92184cc65a75e21aad6ede 
[0;36mDEBUG[0m[2026-03-16 10:14:11.812]   received shard header from network in block tracker [0;36mshard[0m = 0 [0;36mepoch[0m = 0 [0;36mround[0m = 595 [0;36mnonce[0m = 590 [0;36mhash[0m = 91ab5aa3a8295966d571a728394f23ad71b5a8c960c92f36aa5750411464d45a 
[0;36mDEBUG[0m[2026-03-16 10:14:11.812]   received shard header from network in block tracker [0;36mshard[0m = 0 [0;36mepoch[0m = 0 [0;36mround[0m = 596 [0;36mnonce[0m = 591 [0;36mhash[0m = 5fb064b6bfcbe7d6754e18943f4f84b0d0d118c5394d49c58f81b0c8e32597bd 
[0;36mDEBUG[0m[2026-03-16 10:14:11.812]   received shard header from network in block tracker [0;36mshard[0m = 0 [0;36mepoch[0m = 0 [0;36mround[0m = 597 [0;36mnonce[0m = 592 [0;36mhash[0m = 7602df1ee046b196551b6552c216bd64e193c3b9529121a7f5d0582c4db063ed 
[0;36mDEBUG[0m[2026-03-16 10:14:11.812]   received shard header from network in block tracker [0;36mshard[0m = 0 [0;36mepoch[0m = 0 [0;36mround[0m = 598 [0;36mnonce[0m = 593 [0;36mhash[0m = b17218f5dfad7e399396e02f97f0f4ea3d49599642c06e729791be0cb39d3187 
[0;36mDEBUG[0m[2026-03-16 10:14:11.812]   received shard header from network in block tracker [0;36mshard[0m = 0 [0;36mepoch[0m = 0 [0;36mround[0m = 599 [0;36mnonce[0m = 594 [0;36mhash[0m = 8bad04208f93c271eb4de20acb76f2d4ba6f7151965dac3fb5208caa630029ca 
[0;36mDEBUG[0m[2026-03-16 10:14:11.812]   received shard header from network in block tracker [0;36mshard[0m = 0 [0;36mepoch[0m = 0 [0;36mround[0m = 600 [0;36mnonce[0m = 595 [0;36mhash[0m = 316540b37f419b625d29c46e652d892e433c1b21116900859833dbe385029ec6 
[0;36mDEBUG[0m[2026-03-16 10:14:11.812]   received shard header from network in block tracker [0;36mshard[0m = 0 [0;36mepoch[0m = 0 [0;36mround[0m = 601 [0;36mnonce[0m = 596 [0;36mhash[0m = ee3dba03b8f9a01eed82a88cde569006220ce75ab2273a11ab184661037351f1 
[0;36mDEBUG[0m[2026-03-16 10:14:11.812]   received shard header from network in block tracker [0;36mshard[0m = 0 [0;36mepoch[0m = 0 [0;36mround[0m = 602 [0;36mnonce[0m = 597 [0;36mhash[0m = 4a9884d619ce33ee437902e450cf80e80d1e16dbcb239b179093e4c60acb23fa 
[0;36mDEBUG[0m[2026-03-16 10:14:11.812]   received shard header from network in block tracker [0;36mshard[0m = 0 [0;36mepoch[0m = 0 [0;36mround[0m = 603 [0;36mnonce[0m = 598 [0;36mhash[0m = 76fa7d63d6493f80740057b81207e87d8aba3ec4708b5c10d2343082931e1bb8 
[0;36mDEBUG[0m[2026-03-16 10:14:11.812]   received shard header from network in block tracker [0;36mshard[0m = 0 [0;36mepoch[0m = 0 [0;36mround[0m = 604 [0;36mnonce[0m = 599 [0;36mhash[0m = 5b9cd599c25fa2ae385779fe534910a446be6bd333b7c09606264f84e2391eca 
[0;36mDEBUG[0m[2026-03-16 10:14:11.812]   received shard header from network in block tracker [0;36mshard[0m = 0 [0;36mepoch[0m = 0 [0;36mround[0m = 605 [0;36mnonce[0m = 600 [0;36mhash[0m = 4fe5a6511cde2d115b50a9c55b3ee62fa7d45c07fb3839d234d45ced00b352c3 
[0;36mDEBUG[0m[2026-03-16 10:14:11.812]   received shard header from network in block tracker [0;36mshard[0m = 0 [0;36mepoch[0m = 0 [0;36mround[0m = 606 [0;36mnonce[0m = 601 [0;36mhash[0m = 437b4752025427ad25b3223b0e345342a39409485a0cb5a3ec95b2df9db2a024 
[0;36mDEBUG[0m[2026-03-16 10:14:11.812]   received shard header from network in block tracker [0;36mshard[0m = 0 [0;36mepoch[0m = 0 [0;36mround[0m = 607 [0;36mnonce[0m = 602 [0;36mhash[0m = ec02ee8805582a5eaa07b727da9d0130ea0c4856c08ecb298cecbc85a0a94d9b 
[0;36mDEBUG[0m[2026-03-16 10:14:11.812]   received shard header from network in block tracker [0;36mshard[0m = 0 [0;36mepoch[0m = 0 [0;36mround[0m = 608 [0;36mnonce[0m = 603 [0;36mhash[0m = de13c6e010b3524967c38765f9ac2f607e35d88f81ae497e2452b6528fe80eea 
[0;36mDEBUG[0m[2026-03-16 10:14:11.812]   received shard header from network in block tracker [0;36mshard[0m = 0 [0;36mepoch[0m = 0 [0;36mround[0m = 609 [0;36mnonce[0m = 604 [0;36mhash[0m = a4f32afc8a11a1b9022894204dae73d2c155ae35a63c49bc3d84606b9fdaf01d 
[0;36mDEBUG[0m[2026-03-16 10:14:11.812]   received shard header from network in block tracker [0;36mshard[0m = 0 [0;36mepoch[0m = 0 [0;36mround[0m = 610 [0;36mnonce[0m = 605 [0;36mhash[0m = 6d5ce57efa428f35f95f5be87682124cc83b58e597714945fa50283419caa6b3 
[0;36mDEBUG[0m[2026-03-16 10:14:11.813]   received shard header from network in block tracker [0;36mshard[0m = 0 [0;36mepoch[0m = 0 [0;36mround[0m = 611 [0;36mnonce[0m = 606 [0;36mhash[0m = 8384385ef0ca6f2443e771ead3841758de31505bc99eec73b2fb0e29fc9b7459 
[0;36mDEBUG[0m[2026-03-16 10:14:11.813]   received shard header from network in block tracker [0;36mshard[0m = 0 [0;36mepoch[0m = 0 [0;36mround[0m = 612 [0;36mnonce[0m = 607 [0;36mhash[0m = 5520c2654f5e64b882e8853781f6387a678194c299a927e36fa1b8d11f224357 
[0;36mDEBUG[0m[2026-03-16 10:14:11.813]   received shard header from network in block tracker [0;36mshard[0m = 0 [0;36mepoch[0m = 0 [0;36mround[0m = 613 [0;36mnonce[0m = 608 [0;36mhash[0m = 7f7c001498873e4a24592855d5dd770eee9f854d1484c9ddc7248f4963772bb5 
[0;36mDEBUG[0m[2026-03-16 10:14:11.813]   received shard header from network in block tracker [0;36mshard[0m = 0 [0;36mepoch[0m = 0 [0;36mround[0m = 614 [0;36mnonce[0m = 609 [0;36mhash[0m = fa03fa374433aa8df02ba9732995ee4a16eb36a4a264523f83cb00e80ffe02e5 
[0;36mDEBUG[0m[2026-03-16 10:14:11.813]   received shard header from network in block tracker [0;36mshard[0m = 0 [0;36mepoch[0m = 0 [0;36mround[0m = 615 [0;36mnonce[0m = 610 [0;36mhash[0m = f537e7ee50a9314b62a567dd4e903ce9fc1cc63139f48ba027899924a114a74b 
[0;36mDEBUG[0m[2026-03-16 10:14:11.813]   received shard header from network in block tracker [0;36mshard[0m = 0 [0;36mepoch[0m = 0 [0;36mround[0m = 616 [0;36mnonce[0m = 611 [0;36mhash[0m = 74ef367894697d3a905293b6c643cd4befdfb96e5a3fc968f568f3ed7426a72d 
[0;36mDEBUG[0m[2026-03-16 10:14:11.813]   received shard header from network in block tracker [0;36mshard[0m = 0 [0;36mepoch[0m = 0 [0;36mround[0m = 617 [0;36mnonce[0m = 612 [0;36mhash[0m = 9eb70c9ebf415c73c512ec651bb8ba0652ad1d8849b93ac5555ca0623abda70a 
[0;36mDEBUG[0m[2026-03-16 10:14:11.813]   received shard header from network in block tracker [0;36mshard[0m = 0 [0;36mepoch[0m = 0 [0;36mround[0m = 618 [0;36mnonce[0m = 613 [0;36mhash[0m = 7a38eb1b16c1c6eb44be477db70245596639d66b2d7414261c2ada082fb70486 
[0;36mDEBUG[0m[2026-03-16 10:14:11.813]   received shard header from network in block tracker [0;36mshard[0m = 0 [0;36mepoch[0m = 0 [0;36mround[0m = 619 [0;36mnonce[0m = 614 [0;36mhash[0m = 9a50af09bffec7dfa536e86a8256dfa114f4c5311977ae8e5062d9d021cc4ab9 
[0;36mDEBUG[0m[2026-03-16 10:14:11.813]   received shard header from network in block tracker [0;36mshard[0m = 0 [0;36mepoch[0m = 0 [0;36mround[0m = 620 [0;36mnonce[0m = 615 [0;36mhash[0m = 3e60eb2802aa34ffe847212c0be36086533ae20b90ca9617f2ea09e6c5f64757 
[0;36mDEBUG[0m[2026-03-16 10:14:11.813]   received shard header from network in block tracker [0;36mshard[0m = 0 [0;36mepoch[0m = 0 [0;36mround[0m = 621 [0;36mnonce[0m = 616 [0;36mhash[0m = 00e23de8d977148f30b9e14252047dd834d77b9073547932df3baddef58bc4cf 
[0;36mDEBUG[0m[2026-03-16 10:14:11.813]   received shard header from network in block tracker [0;36mshard[0m = 0 [0;36mepoch[0m = 0 [0;36mround[0m = 622 [0;36mnonce[0m = 617 [0;36mhash[0m = 7c9051250ddb68333beadee078d8cc7cc0afe0ef971be615016643a15009b707 
[0;36mDEBUG[0m[2026-03-16 10:14:11.813]   received shard header from network in block tracker [0;36mshard[0m = 0 [0;36mepoch[0m = 0 [0;36mround[0m = 623 [0;36mnonce[0m = 618 [0;36mhash[0m = ae7184a1bac786ef21016f992d8630aa4753fb7ce4f3d82663063f7707a9fdf1 
[0;36mDEBUG[0m[2026-03-16 10:14:11.813]   received shard header from network in block tracker [0;36mshard[0m = 0 [0;36mepoch[0m = 0 [0;36mround[0m = 624 [0;36mnonce[0m = 619 [0;36mhash[0m = b09aa8dd1dc148be7b4dca8a1448668ae950e14650695c74799d114c6c48f94a 
[0;36mDEBUG[0m[2026-03-16 10:14:11.813]   received shard header from network in block tracker [0;36mshard[0m = 0 [0;36mepoch[0m = 0 [0;36mround[0m = 625 [0;36mnonce[0m = 620 [0;36mhash[0m = 60a0e970fcd3fe91a028a8ac7d07aef08030d34a37fbeed4fa6811e1389bb91e 
[0;36mDEBUG[0m[2026-03-16 10:14:11.813]   received shard header from network in block tracker [0;36mshard[0m = 0 [0;36mepoch[0m = 0 [0;36mround[0m = 626 [0;36mnonce[0m = 621 [0;36mhash[0m = 4f455353488f3f8da9102e4be96c580baf2a4357e7a18325b4dcc9d805a7345c 
[0;36mDEBUG[0m[2026-03-16 10:14:11.813]   received shard header from network in block tracker [0;36mshard[0m = 0 [0;36mepoch[0m = 0 [0;36mround[0m = 627 [0;36mnonce[0m = 622 [0;36mhash[0m = 03215e6a674be300b6fa88c4a58e617fc831a243c756e4a141e08c6cfa8ce4bc 
[0;36mDEBUG[0m[2026-03-16 10:14:11.813]   received shard header from network in block tracker [0;36mshard[0m = 0 [0;36mepoch[0m = 0 [0;36mround[0m = 628 [0;36mnonce[0m = 623 [0;36mhash[0m = 7d903527b6efa02b737761762a022307066675a4a94e1149013788b17fba3cc7 
[0;36mDEBUG[0m[2026-03-16 10:14:11.813]   received shard header from network in block tracker [0;36mshard[0m = 0 [0;36mepoch[0m = 0 [0;36mround[0m = 629 [0;36mnonce[0m = 624 [0;36mhash[0m = cc9d90830a203980ae989a4399c0b9862cd83c1e761e5509063d881203c6fbe4 
[0;36mDEBUG[0m[2026-03-16 10:14:11.813]   received shard header from network in block tracker [0;36mshard[0m = 0 [0;36mepoch[0m = 0 [0;36mround[0m = 630 [0;36mnonce[0m = 625 [0;36mhash[0m = 9ed6ab52e62588dda69765779f17d84b73c1f7a85ce62ad6f38a47e336ca7552 
[0;36mDEBUG[0m[2026-03-16 10:14:11.813]   received shard header from network in block tracker [0;36mshard[0m = 0 [0;36mepoch[0m = 0 [0;36mround[0m = 631 [0;36mnonce[0m = 626 [0;36mhash[0m = 9359fe0027fad13f47f2ddaed1b0a79304290ac4a5c4fd2c3a77c42f1f068938 
[0;36mDEBUG[0m[2026-03-16 10:14:11.813]   received shard header from network in block tracker [0;36mshard[0m = 0 [0;36mepoch[0m = 0 [0;36mround[0m = 632 [0;36mnonce[0m = 627 [0;36mhash[0m = eeb129d03452dc3a208e88eec146abe14d8ad61bfb10624f306dee5bf5e945db 
[0;36mDEBUG[0m[2026-03-16 10:14:11.813]   received shard header from network in block tracker [0;36mshard[0m = 0 [0;36mepoch[0m = 0 [0;36mround[0m = 633 [0;36mnonce[0m = 628 [0;36mhash[0m = b7f815e4794ee7d78deecdaec7b94d2ea5bec2c090e8bae8d71998d22222335f 
[0;36mDEBUG[0m[2026-03-16 10:14:11.813]   received shard header from network in block tracker [0;36mshard[0m = 0 [0;36mepoch[0m = 0 [0;36mround[0m = 634 [0;36mnonce[0m = 629 [0;36mhash[0m = 0f8147ad49cfbb46aebe7cccc8caa71228539db4a905f5868bd5c0a350cd25b6 
[0;36mDEBUG[0m[2026-03-16 10:14:11.813]   received shard header from network in block tracker [0;36mshard[0m = 0 [0;36mepoch[0m = 0 [0;36mround[0m = 635 [0;36mnonce[0m = 630 [0;36mhash[0m = f75ee0b75da23f429ae2594203402ee75db3f01c410f4abc9b29644e56937555 
[0;36mDEBUG[0m[2026-03-16 10:14:11.813]   received shard header from network in block tracker [0;36mshard[0m = 0 [0;36mepoch[0m = 0 [0;36mround[0m = 636 [0;36mnonce[0m = 631 [0;36mhash[0m = 1d2cbd4dbf588f1e33081dbf03d432c80b916360091b1910041b2003794ab28d 
[0;36mDEBUG[0m[2026-03-16 10:14:11.813]   received shard header from network in block tracker [0;36mshard[0m = 0 [0;36mepoch[0m = 0 [0;36mround[0m = 637 [0;36mnonce[0m = 632 [0;36mhash[0m = badb331f37415bf48942cf8f1890b10559fdea2ecc29263bd7b04e258ff04d70 
[0;36mDEBUG[0m[2026-03-16 10:14:11.813]   received shard header from network in block tracker [0;36mshard[0m = 0 [0;36mepoch[0m = 0 [0;36mround[0m = 638 [0;36mnonce[0m = 633 [0;36mhash[0m = 754ec2d61365129a0c9312258026a336d7918c8079c11234f74334a3d4197b19 
[0;36mDEBUG[0m[2026-03-16 10:14:11.813]   received shard header from network in block tracker [0;36mshard[0m = 0 [0;36mepoch[0m = 0 [0;36mround[0m = 639 [0;36mnonce[0m = 634 [0;36mhash[0m = c9ab8adebf5e0e30f453ebadd5efb43cc87afe574dab0c7cead53203dde23c47 
[0;36mDEBUG[0m[2026-03-16 10:14:11.813]   received shard header from network in block tracker [0;36mshard[0m = 0 [0;36mepoch[0m = 0 [0;36mround[0m = 640 [0;36mnonce[0m = 635 [0;36mhash[0m = 130404e4bf5bf612b5b03e29530f28f39d2a024fcd478fea5d298b2b51d16e1f 
[0;36mDEBUG[0m[2026-03-16 10:14:11.813]   received shard header from network in block tracker [0;36mshard[0m = 0 [0;36mepoch[0m = 0 [0;36mround[0m = 641 [0;36mnonce[0m = 636 [0;36mhash[0m = e7c82cba3a1eb373dec22ed7958d6f266f923f6f224bdf22ee4357e056aa1384 
[0;36mDEBUG[0m[2026-03-16 10:14:11.813]   received shard header from network in block tracker [0;36mshard[0m = 0 [0;36mepoch[0m = 0 [0;36mround[0m = 642 [0;36mnonce[0m = 637 [0;36mhash[0m = 70227b9ac20a5697c0afb6428fae0076345d024536b76b3871ade4f4e72da35f 
[0;36mDEBUG[0m[2026-03-16 10:14:11.813]   received shard header from network in block tracker [0;36mshard[0m = 0 [0;36mepoch[0m = 0 [0;36mround[0m = 643 [0;36mnonce[0m = 638 [0;36mhash[0m = f98df7daa9c408fef0fe416ea4a7a8727cc00b9479572c1a2af08e5dfd223682 
[0;36mDEBUG[0m[2026-03-16 10:14:11.813]   received shard header from network in block tracker [0;36mshard[0m = 0 [0;36mepoch[0m = 0 [0;36mround[0m = 644 [0;36mnonce[0m = 639 [0;36mhash[0m = 5738e52a65d1726ee9c95862348f9ca99839aada0ec1d52997cf8fa371eb7d6b 
[0;36mDEBUG[0m[2026-03-16 10:14:11.813]   received shard header from network in block tracker [0;36mshard[0m = 0 [0;36mepoch[0m = 0 [0;36mround[0m = 645 [0;36mnonce[0m = 640 [0;36mhash[0m = f703218adaf524ebf06b8552ec9fb1ebd281af37b4cf3b56c3c3ea98c2b1feac 
[0;36mDEBUG[0m[2026-03-16 10:14:11.813]   received shard header from network in block tracker [0;36mshard[0m = 0 [0;36mepoch[0m = 0 [0;36mround[0m = 646 [0;36mnonce[0m = 641 [0;36mhash[0m = 621cce1d18b7d72bb71baef3351e039c990472fe939148d851698993a6c87b2e 
[0;36mDEBUG[0m[2026-03-16 10:14:11.813]   received shard header from network in block tracker [0;36mshard[0m = 0 [0;36mepoch[0m = 0 [0;36mround[0m = 647 [0;36mnonce[0m = 642 [0;36mhash[0m = 34309be33c55fc048ad2cb6a39751376033afab16f295023ac54983a7aed1579 
[0;36mDEBUG[0m[2026-03-16 10:14:11.813]   received shard header from network in block tracker [0;36mshard[0m = 0 [0;36mepoch[0m = 0 [0;36mround[0m = 648 [0;36mnonce[0m = 643 [0;36mhash[0m = a735f8fe73be44ad74032e4e713ffe560317bb495aed8143f40921c99d943da4 
[0;36mDEBUG[0m[2026-03-16 10:14:11.813]   received shard header from network in block tracker [0;36mshard[0m = 0 [0;36mepoch[0m = 0 [0;36mround[0m = 649 [0;36mnonce[0m = 644 [0;36mhash[0m = d62e0eb7b16033fec1b98dbedcc46f251055d6891339a1530ca8bcf3e831c635 
[0;36mDEBUG[0m[2026-03-16 10:14:11.813]   received shard header from network in block tracker [0;36mshard[0m = 0 [0;36mepoch[0m = 0 [0;36mround[0m = 650 [0;36mnonce[0m = 645 [0;36mhash[0m = 674c7523893c9b3fc5819699f2b64034cf024cabd84147d0bfda6569582bbdd0 
[0;36mDEBUG[0m[2026-03-16 10:14:11.813]   received shard header from network in block tracker [0;36mshard[0m = 0 [0;36mepoch[0m = 0 [0;36mround[0m = 651 [0;36mnonce[0m = 646 [0;36mhash[0m = b3c9694bcabbf00c645da93bcf0ad20f2d946ec0c41b7f92442e4d96dc558996 
[0;36mDEBUG[0m[2026-03-16 10:14:11.813]   received shard header from network in block tracker [0;36mshard[0m = 0 [0;36mepoch[0m = 0 [0;36mround[0m = 652 [0;36mnonce[0m = 647 [0;36mhash[0m = 319e350fa12c26a7d0f9cb109ba2b6eb637d75cac006f075dbb2d90d07e882f3 
[0;36mDEBUG[0m[2026-03-16 10:14:11.813]   received shard header from network in block tracker [0;36mshard[0m = 0 [0;36mepoch[0m = 0 [0;36mround[0m = 653 [0;36mnonce[0m = 648 [0;36mhash[0m = 6452eed51a2b90a512aa7aef3c22e08f1dc3a7141f6a348875c274e02f256c22 
[0;36mDEBUG[0m[2026-03-16 10:14:11.813]   received shard header from network in block tracker [0;36mshard[0m = 0 [0;36mepoch[0m = 0 [0;36mround[0m = 654 [0;36mnonce[0m = 649 [0;36mhash[0m = 959dc9e936ab727d322564d1d4bb6eff0cfbfc73a0c178e31687cc97281e873f 
[0;36mDEBUG[0m[2026-03-16 10:14:11.813]   received shard header from network in block tracker [0;36mshard[0m = 0 [0;36mepoch[0m = 0 [0;36mround[0m = 655 [0;36mnonce[0m = 650 [0;36mhash[0m = dd426c0ebdc185d3f82901c1c540a6f1e72feb0fceb2a5df7582f87f2b277ff7 
[0;36mDEBUG[0m[2026-03-16 10:14:11.813]   received shard header from network in block tracker [0;36mshard[0m = 0 [0;36mepoch[0m = 0 [0;36mround[0m = 656 [0;36mnonce[0m = 651 [0;36mhash[0m = bbb8baa7fff4897fe1635ccfda9843b5a3fe303e41deceedc34d22e21633683b 
[0;36mDEBUG[0m[2026-03-16 10:14:11.813]   received shard header from network in block tracker [0;36mshard[0m = 0 [0;36mepoch[0m = 0 [0;36mround[0m = 657 [0;36mnonce[0m = 652 [0;36mhash[0m = 4ff182342270ac28fdc92aec77e2ee63cc9036c84dbf2705a5052fe43ec1f8e2 
[0;36mDEBUG[0m[2026-03-16 10:14:11.813]   received shard header from network in block tracker [0;36mshard[0m = 0 [0;36mepoch[0m = 0 [0;36mround[0m = 658 [0;36mnonce[0m = 653 [0;36mhash[0m = 3deb370120831798ac86da673f8381cba32699f99023001a31b63b724d669b1b 
[0;36mDEBUG[0m[2026-03-16 10:14:11.813]   received shard header from network in block tracker [0;36mshard[0m = 0 [0;36mepoch[0m = 0 [0;36mround[0m = 659 [0;36mnonce[0m = 654 [0;36mhash[0m = 7889d879647f81f7baebbfc37aeecbe140971a3bc25f10c3a2398762177f761f 
[0;36mDEBUG[0m[2026-03-16 10:14:11.813]   received shard header from network in block tracker [0;36mshard[0m = 0 [0;36mepoch[0m = 0 [0;36mround[0m = 660 [0;36mnonce[0m = 655 [0;36mhash[0m = d9018cfba9c9686bf9896cc64d7dcb7861d4b82bcf978da099ddc7298c659c41 
[0;36mDEBUG[0m[2026-03-16 10:14:11.813]   received shard header from network in block tracker [0;36mshard[0m = 0 [0;36mepoch[0m = 0 [0;36mround[0m = 661 [0;36mnonce[0m = 656 [0;36mhash[0m = cc351b9dbfca3d11df1a5804e934907519d6ff08bc97d4b6dbbc6ed626b7192b 
[0;36mDEBUG[0m[2026-03-16 10:14:11.813]   received shard header from network in block tracker [0;36mshard[0m = 0 [0;36mepoch[0m = 0 [0;36mround[0m = 662 [0;36mnonce[0m = 657 [0;36mhash[0m = 7e426084b0d31c992e1b793aaaa631b4dc4884beee599101ba7a46a49b6e3f55 
[0;36mDEBUG[0m[2026-03-16 10:14:11.813]   received shard header from network in block tracker [0;36mshard[0m = 0 [0;36mepoch[0m = 0 [0;36mround[0m = 663 [0;36mnonce[0m = 658 [0;36mhash[0m = 6498eb3e65d7b6388a801af8f9bf8be747b02d59f9938dbf81bd0e5b7b296bd6 
[0;36mDEBUG[0m[2026-03-16 10:14:11.813]   received shard header from network in block tracker [0;36mshard[0m = 0 [0;36mepoch[0m = 0 [0;36mround[0m = 664 [0;36mnonce[0m = 659 [0;36mhash[0m = 441a0fe076774a4fec61a714acf1e573272cdcf1f078b9dbdc66ae378bcc5632 
[0;36mDEBUG[0m[2026-03-16 10:14:11.813]   received shard header from network in block tracker [0;36mshard[0m = 0 [0;36mepoch[0m = 0 [0;36mround[0m = 665 [0;36mnonce[0m = 660 [0;36mhash[0m = f54c3bff7b3f1d12b8d91b1cbbd5c8431c16b806625098c1f0a91dc434aa821f 
[0;36mDEBUG[0m[2026-03-16 10:14:11.813]   received shard header from network in block tracker [0;36mshard[0m = 0 [0;36mepoch[0m = 0 [0;36mround[0m = 666 [0;36mnonce[0m = 661 [0;36mhash[0m = 35c8ee8220acbd0afe0d9fc0c5738a61b6db317da20f98f61f8976b42f536a5e 
[0;36mDEBUG[0m[2026-03-16 10:14:11.813]   received shard header from network in block tracker [0;36mshard[0m = 0 [0;36mepoch[0m = 0 [0;36mround[0m = 667 [0;36mnonce[0m = 662 [0;36mhash[0m = 142f01574fc2f37d9c46e096482020bae2b83408862f7729af7e06b202bc0a40 
[0;36mDEBUG[0m[2026-03-16 10:14:11.813]   received shard header from network in block tracker [0;36mshard[0m = 0 [0;36mepoch[0m = 0 [0;36mround[0m = 668 [0;36mnonce[0m = 663 [0;36mhash[0m = 94342e4e9e4ace4a5657fd4431c161e34746c3ef2d158cdf5b9798eee4bc1c8a 
[0;36mDEBUG[0m[2026-03-16 10:14:11.813]   received shard header from network in block tracker [0;36mshard[0m = 0 [0;36mepoch[0m = 0 [0;36mround[0m = 669 [0;36mnonce[0m = 664 [0;36mhash[0m = 40ab027f4e6ddc5e1717acbba265d8a412937d97a1091cc33f05f02b484ef09a 
[0;36mDEBUG[0m[2026-03-16 10:14:11.813]   received shard header from network in block tracker [0;36mshard[0m = 0 [0;36mepoch[0m = 0 [0;36mround[0m = 670 [0;36mnonce[0m = 665 [0;36mhash[0m = fb6a5842a93220c020c4a6ac6bffc0c2ef2752de3a6b53696e0310ad55a1b076 
[0;36mDEBUG[0m[2026-03-16 10:14:11.813]   received shard header from network in block tracker [0;36mshard[0m = 0 [0;36mepoch[0m = 0 [0;36mround[0m = 671 [0;36mnonce[0m = 666 [0;36mhash[0m = 5656f955a4da47c63f6c3983ba3fc7f8ca7beb136463dd437aa7dcd19e9810da 
[0;36mDEBUG[0m[2026-03-16 10:14:11.813]   received shard header from network in block tracker [0;36mshard[0m = 0 [0;36mepoch[0m = 0 [0;36mround[0m = 672 [0;36mnonce[0m = 667 [0;36mhash[0m = fbd97bfe54608462f24fd2042b5b84cf9f7e6ab2ed7082f1e757fa90c28a30cd 
[0;36mDEBUG[0m[2026-03-16 10:14:11.813]   received shard header from network in block tracker [0;36mshard[0m = 0 [0;36mepoch[0m = 0 [0;36mround[0m = 673 [0;36mnonce[0m = 668 [0;36mhash[0m = 117db08fe4527a7cdc7127921c8ae6e6109ffa29df3068793e5765dc63d4a65a 
[0;36mDEBUG[0m[2026-03-16 10:14:11.813]   received shard header from network in block tracker [0;36mshard[0m = 0 [0;36mepoch[0m = 0 [0;36mround[0m = 674 [0;36mnonce[0m = 669 [0;36mhash[0m = 7eea51d8b74841129659d1ca2484c54413328144dc6fbeefe1650eadc72b03a8 
[0;36mDEBUG[0m[2026-03-16 10:14:11.813]   received shard header from network in block tracker [0;36mshard[0m = 0 [0;36mepoch[0m = 0 [0;36mround[0m = 675 [0;36mnonce[0m = 670 [0;36mhash[0m = 3274a0b69f65e1c767b686de0383876f1aa1090f29d8362a922db3ac6fb1b3b6 
[0;36mDEBUG[0m[2026-03-16 10:14:11.813]   received shard header from network in block tracker [0;36mshard[0m = 0 [0;36mepoch[0m = 0 [0;36mround[0m = 676 [0;36mnonce[0m = 671 [0;36mhash[0m = 8dbbbfd0164c6f3d3472f49a5b436ccae22ce4a1274914557be18e1d4371baaf 
[0;36mDEBUG[0m[2026-03-16 10:14:11.813]   received shard header from network in block tracker [0;36mshard[0m = 0 [0;36mepoch[0m = 0 [0;36mround[0m = 677 [0;36mnonce[0m = 672 [0;36mhash[0m = 8f389d3eeccdd00945a941e7218e34fbde94a14eea3df95499302934f1ee72d8 
[0;36mDEBUG[0m[2026-03-16 10:14:11.814]   received shard header from network in block tracker [0;36mshard[0m = 0 [0;36mepoch[0m = 0 [0;36mround[0m = 678 [0;36mnonce[0m = 673 [0;36mhash[0m = 29c1d8bb28e58ec2cb37089ca2e83231f2234a337a892fe746a41c31b0545015 
[0;36mDEBUG[0m[2026-03-16 10:14:11.814]   received shard header from network in block tracker [0;36mshard[0m = 0 [0;36mepoch[0m = 0 [0;36mround[0m = 679 [0;36mnonce[0m = 674 [0;36mhash[0m = 0551375deffcaa4fb3f0003d676732c99021a399a2654b877b8c03f711775582 
[0;36mDEBUG[0m[2026-03-16 10:14:11.814]   received shard header from network in block tracker [0;36mshard[0m = 0 [0;36mepoch[0m = 0 [0;36mround[0m = 680 [0;36mnonce[0m = 675 [0;36mhash[0m = 2beffac76a04fb17ae0c77a09b6b590ffba9628cf6f115a6e9928da2a9f6e719 
[0;36mDEBUG[0m[2026-03-16 10:14:11.814]   received shard header from network in block tracker [0;36mshard[0m = 0 [0;36mepoch[0m = 0 [0;36mround[0m = 681 [0;36mnonce[0m = 676 [0;36mhash[0m = 669ca7d8cd823d8dc5d2366a258d7f17e5309e18e82c691d67aa0d5b863e9c6a 
[0;36mDEBUG[0m[2026-03-16 10:14:11.814]   received shard header from network in block tracker [0;36mshard[0m = 0 [0;36mepoch[0m = 0 [0;36mround[0m = 682 [0;36mnonce[0m = 677 [0;36mhash[0m = 274981ecf2513cec771946d7138c6c9251e0b9e215513abd560a86121413d811 
[0;36mDEBUG[0m[2026-03-16 10:14:11.814]   received shard header from network in block tracker [0;36mshard[0m = 0 [0;36mepoch[0m = 0 [0;36mround[0m = 683 [0;36mnonce[0m = 678 [0;36mhash[0m = 0e1388cbaef5f1c8bea5a65edbf8564b5a515aad453cadbfa8cb3511011ccdbe 
[0;36mDEBUG[0m[2026-03-16 10:14:11.814]   received shard header from network in block tracker [0;36mshard[0m = 0 [0;36mepoch[0m = 0 [0;36mround[0m = 684 [0;36mnonce[0m = 679 [0;36mhash[0m = 2aa2039a42945ad769a163c0b9e97645ac62987fc092e85f2f47afeea0df3592 
[0;36mDEBUG[0m[2026-03-16 10:14:11.814]   received shard header from network in block tracker [0;36mshard[0m = 0 [0;36mepoch[0m = 0 [0;36mround[0m = 685 [0;36mnonce[0m = 680 [0;36mhash[0m = fb7db16b4ee3144ea29101119d3c8bddeff5e658cb8cf267ff95b5cb96b91319 
[0;36mDEBUG[0m[2026-03-16 10:14:11.814]   received shard header from network in block tracker [0;36mshard[0m = 0 [0;36mepoch[0m = 0 [0;36mround[0m = 686 [0;36mnonce[0m = 681 [0;36mhash[0m = f7211ebda01800ab1c4eb6a09af41b96d434e0d1f9528a5062641b71ea7517ad 
[0;36mDEBUG[0m[2026-03-16 10:14:11.814]   received shard header from network in block tracker [0;36mshard[0m = 0 [0;36mepoch[0m = 0 [0;36mround[0m = 687 [0;36mnonce[0m = 682 [0;36mhash[0m = 906c6e9766c2db15c5d3c5876dcaef8a5710d3a2af10702cc0efab272dd623aa 
[0;36mDEBUG[0m[2026-03-16 10:14:11.814]   received shard header from network in block tracker [0;36mshard[0m = 0 [0;36mepoch[0m = 0 [0;36mround[0m = 688 [0;36mnonce[0m = 683 [0;36mhash[0m = 04105cecde7adfea951e827b2d7993d30f344a472f5a8d1eae567db8084418c7 
[0;36mDEBUG[0m[2026-03-16 10:14:11.814]   received shard header from network in block tracker [0;36mshard[0m = 0 [0;36mepoch[0m = 0 [0;36mround[0m = 689 [0;36mnonce[0m = 684 [0;36mhash[0m = 207372673aa2cc1680d1417896d5a6cd1561137a42c48fe4e96d59f36d2e15a9 
[0;36mDEBUG[0m[2026-03-16 10:14:11.814]   received shard header from network in block tracker [0;36mshard[0m = 0 [0;36mepoch[0m = 0 [0;36mround[0m = 690 [0;36mnonce[0m = 685 [0;36mhash[0m = 3422ad77daea08147623be8025b465cbc1955f860451f6b77e6b4da90fc83408 
[0;36mDEBUG[0m[2026-03-16 10:14:11.814]   received shard header from network in block tracker [0;36mshard[0m = 0 [0;36mepoch[0m = 0 [0;36mround[0m = 691 [0;36mnonce[0m = 686 [0;36mhash[0m = 5fe7724ce590228f3d67f49c7afc19d19e1bd164b805269362303e0646ea36c1 
[0;36mDEBUG[0m[2026-03-16 10:14:11.814]   received shard header from network in block tracker [0;36mshard[0m = 0 [0;36mepoch[0m = 0 [0;36mround[0m = 692 [0;36mnonce[0m = 687 [0;36mhash[0m = 2c32c52559923e7e574d51fd57334bba5a9caa47f286455768cd040c80fdf712 
[0;36mDEBUG[0m[2026-03-16 10:14:11.814]   received shard header from network in block tracker [0;36mshard[0m = 0 [0;36mepoch[0m = 0 [0;36mround[0m = 693 [0;36mnonce[0m = 688 [0;36mhash[0m = df42fabda80acf79567f48ba33d48fbeb05bccaf5bace443b8e7f07197e6dd89 
[0;36mDEBUG[0m[2026-03-16 10:14:11.814]   received shard header from network in block tracker [0;36mshard[0m = 0 [0;36mepoch[0m = 0 [0;36mround[0m = 694 [0;36mnonce[0m = 689 [0;36mhash[0m = 864e0ad7ec289b057ceb6a55ede69cdf8c9fe0baca2b328e8a0fa8a9f8182e02 
[0;36mDEBUG[0m[2026-03-16 10:14:11.814]   received shard header from network in block tracker [0;36mshard[0m = 0 [0;36mepoch[0m = 0 [0;36mround[0m = 695 [0;36mnonce[0m = 690 [0;36mhash[0m = 011ec3ef5551c96602967b85ad4015e73f44b4009a1939e7707dfb96001cbc5c 
[0;36mDEBUG[0m[2026-03-16 10:14:11.814]   received shard header from network in block tracker [0;36mshard[0m = 0 [0;36mepoch[0m = 0 [0;36mround[0m = 696 [0;36mnonce[0m = 691 [0;36mhash[0m = 91e3b089c218bd4cb3c71a395b8cd3014723d093739ffd2eafdc5261efd143e8 
[0;36mDEBUG[0m[2026-03-16 10:14:11.814]   received shard header from network in block tracker [0;36mshard[0m = 0 [0;36mepoch[0m = 0 [0;36mround[0m = 697 [0;36mnonce[0m = 692 [0;36mhash[0m = 48d21d94a6c7769c9046e44d48d5752c9ea109d4e46cbbbb4044abf03dc7695d 
[0;36mDEBUG[0m[2026-03-16 10:14:11.814]   received shard header from network in block tracker [0;36mshard[0m = 0 [0;36mepoch[0m = 0 [0;36mround[0m = 698 [0;36mnonce[0m = 693 [0;36mhash[0m = f247c3c504e8deafde67cfdca6a7e17503943dab718bf1cc507fc2cf1aae6916 
[0;36mDEBUG[0m[2026-03-16 10:14:11.814]   received shard header from network in block tracker [0;36mshard[0m = 0 [0;36mepoch[0m = 0 [0;36mround[0m = 699 [0;36mnonce[0m = 694 [0;36mhash[0m = 29d080002fcb26bb8275ba3c7433a59b784b79b80fba5d71640b0b35b569544e 
[0;36mDEBUG[0m[2026-03-16 10:14:11.814]   received shard header from network in block tracker [0;36mshard[0m = 0 [0;36mepoch[0m = 0 [0;36mround[0m = 700 [0;36mnonce[0m = 695 [0;36mhash[0m = 80ab9d6c07e9eae382fe1238b42b5df6835760b8399be98e6b903c8c21915ce3 
[0;36mDEBUG[0m[2026-03-16 10:14:11.814]   received shard header from network in block tracker [0;36mshard[0m = 0 [0;36mepoch[0m = 0 [0;36mround[0m = 701 [0;36mnonce[0m = 696 [0;36mhash[0m = 3fa639375698f6ebf9bfae9fa478db5f2b8aa78482dab6ccd09e21efebca3f6f 
[0;36mDEBUG[0m[2026-03-16 10:14:11.814]   received shard header from network in block tracker [0;36mshard[0m = 0 [0;36mepoch[0m = 0 [0;36mround[0m = 702 [0;36mnonce[0m = 697 [0;36mhash[0m = 6d9b041f8f52cf080726b6f666274458cbd27a917d727ffc80a6522ce83302aa 
[0;36mDEBUG[0m[2026-03-16 10:14:11.814]   received shard header from network in block tracker [0;36mshard[0m = 0 [0;36mepoch[0m = 0 [0;36mround[0m = 703 [0;36mnonce[0m = 698 [0;36mhash[0m = bf44f89f992acbe98d536c59db8e120dbde92644e691b507d61bf94ec418a92e 
[0;36mDEBUG[0m[2026-03-16 10:14:11.814]   received shard header from network in block tracker [0;36mshard[0m = 0 [0;36mepoch[0m = 0 [0;36mround[0m = 704 [0;36mnonce[0m = 699 [0;36mhash[0m = d7e6d59932926519c633fc87ebe72dd1f783bf34e052108a7b86741622d49347 
[0;36mDEBUG[0m[2026-03-16 10:14:11.814]   received shard header from network in block tracker [0;36mshard[0m = 0 [0;36mepoch[0m = 0 [0;36mround[0m = 705 [0;36mnonce[0m = 700 [0;36mhash[0m = 3dc96f8a9620f8a30588fb7f3f35fe3fc917d55b0019f8b7c29a5601d68f32c5 
[0;36mDEBUG[0m[2026-03-16 10:14:11.814]   received shard header from network in block tracker [0;36mshard[0m = 0 [0;36mepoch[0m = 0 [0;36mround[0m = 706 [0;36mnonce[0m = 701 [0;36mhash[0m = 4d3242398500e2824fafa9cbf65a8c3782b5b1a7effc40e07baec105311e459c 
[0;36mDEBUG[0m[2026-03-16 10:14:11.814]   received shard header from network in block tracker [0;36mshard[0m = 0 [0;36mepoch[0m = 0 [0;36mround[0m = 707 [0;36mnonce[0m = 702 [0;36mhash[0m = 9f43248cbe913558fac4233aadcdafbefdb827a2842ba091f7dc29d65656c2c6 
[0;36mDEBUG[0m[2026-03-16 10:14:11.814]   received shard header from network in block tracker [0;36mshard[0m = 0 [0;36mepoch[0m = 0 [0;36mround[0m = 708 [0;36mnonce[0m = 703 [0;36mhash[0m = 06ae2eb7562dcc8202ab8382acb1e2f574407b45456ff3295e3e934cb2a4513c 
[0;36mDEBUG[0m[2026-03-16 10:14:11.814]   received shard header from network in block tracker [0;36mshard[0m = 0 [0;36mepoch[0m = 0 [0;36mround[0m = 709 [0;36mnonce[0m = 704 [0;36mhash[0m = 2f58eae1df691efd097f7f96c1ca3a877a9be2db0ebce4388c35933a476b117e 
[0;36mDEBUG[0m[2026-03-16 10:14:11.814]   received shard header from network in block tracker [0;36mshard[0m = 0 [0;36mepoch[0m = 0 [0;36mround[0m = 710 [0;36mnonce[0m = 705 [0;36mhash[0m = 6af2cc307f98337908cb6f156943fe57cbb92df4a7e73e878316d10c575465a0 
[0;36mDEBUG[0m[2026-03-16 10:14:11.814]   received shard header from network in block tracker [0;36mshard[0m = 0 [0;36mepoch[0m = 0 [0;36mround[0m = 711 [0;36mnonce[0m = 706 [0;36mhash[0m = 606b628f00d382dc8fd21b597f99c289f03d285f5f326717ddc4af7361123de0 
[0;36mDEBUG[0m[2026-03-16 10:14:11.814]   received shard header from network in block tracker [0;36mshard[0m = 0 [0;36mepoch[0m = 0 [0;36mround[0m = 712 [0;36mnonce[0m = 707 [0;36mhash[0m = d491f33bb61228afca5c2024ec57e3cd18deae95c8c1a849daf59a6d40287110 
[0;36mDEBUG[0m[2026-03-16 10:14:11.814]   received shard header from network in block tracker [0;36mshard[0m = 0 [0;36mepoch[0m = 0 [0;36mround[0m = 713 [0;36mnonce[0m = 708 [0;36mhash[0m = 99fe057e04fcc905e85179b5b863295f1afcbdbdc1145f8084fde30bb47cfd15 
[0;36mDEBUG[0m[2026-03-16 10:14:11.814]   received shard header from network in block tracker [0;36mshard[0m = 0 [0;36mepoch[0m = 0 [0;36mround[0m = 714 [0;36mnonce[0m = 709 [0;36mhash[0m = dbccfb07407a9fce5e7a21ee29709e7210943c56c10162ff9545b818eaa921b4 
[0;36mDEBUG[0m[2026-03-16 10:14:11.814]   received shard header from network in block tracker [0;36mshard[0m = 0 [0;36mepoch[0m = 0 [0;36mround[0m = 715 [0;36mnonce[0m = 710 [0;36mhash[0m = 2650fb6019c76cc7452f5110e681ed7af9189092dccf1773311d235c05cf4cd5 
[0;36mDEBUG[0m[2026-03-16 10:14:11.814]   received shard header from network in block tracker [0;36mshard[0m = 0 [0;36mepoch[0m = 0 [0;36mround[0m = 716 [0;36mnonce[0m = 711 [0;36mhash[0m = 34692948da017d8297a281d045673083b5bee01fd50b48963706d03d3e07b905 
[0;36mDEBUG[0m[2026-03-16 10:14:11.814]   received shard header from network in block tracker [0;36mshard[0m = 0 [0;36mepoch[0m = 0 [0;36mround[0m = 717 [0;36mnonce[0m = 712 [0;36mhash[0m = 16578b67e2cc39deba6cdbc4ced1c04d4301f39347dfea8cb2fdf8f5a29809be 
[0;36mDEBUG[0m[2026-03-16 10:14:11.814]   received shard header from network in block tracker [0;36mshard[0m = 0 [0;36mepoch[0m = 0 [0;36mround[0m = 718 [0;36mnonce[0m = 713 [0;36mhash[0m = 9ed859a7a34ae1594482aed144216f6344f4b8d20c2865c097064cb62e14d60b 
[0;36mDEBUG[0m[2026-03-16 10:14:11.814]   received shard header from network in block tracker [0;36mshard[0m = 0 [0;36mepoch[0m = 0 [0;36mround[0m = 719 [0;36mnonce[0m = 714 [0;36mhash[0m = df91ffc631bd999808341743138c4025ffec764e46b20179b1cfa7a29e79ba6d 
[0;36mDEBUG[0m[2026-03-16 10:14:11.814]   received shard header from network in block tracker [0;36mshard[0m = 0 [0;36mepoch[0m = 0 [0;36mround[0m = 720 [0;36mnonce[0m = 715 [0;36mhash[0m = 9fd9a054a34b67e3a7d7f4499919d967dee7e183b70446ddb6043ab394559e46 
[0;36mDEBUG[0m[2026-03-16 10:14:11.814]   received shard header from network in block tracker [0;36mshard[0m = 0 [0;36mepoch[0m = 0 [0;36mround[0m = 721 [0;36mnonce[0m = 716 [0;36mhash[0m = 8871700f8adff3c8073b0df89ac147975a03240c6f5f920e4ba17fd0b9e1de97 
[0;36mDEBUG[0m[2026-03-16 10:14:11.814]   received shard header from network in block tracker [0;36mshard[0m = 0 [0;36mepoch[0m = 0 [0;36mround[0m = 722 [0;36mnonce[0m = 717 [0;36mhash[0m = 7e5139e272ca39532de376d0c4de4ecbadc40ee64f16ab33aac632e14b7f6aa9 
[0;36mDEBUG[0m[2026-03-16 10:14:11.814]   received shard header from network in block tracker [0;36mshard[0m = 0 [0;36mepoch[0m = 0 [0;36mround[0m = 723 [0;36mnonce[0m = 718 [0;36mhash[0m = 02ae12853341674ae523f0241886602f76748a966d3db18f07451d84ac5177a3 
[0;36mDEBUG[0m[2026-03-16 10:14:11.814]   received shard header from network in block tracker [0;36mshard[0m = 0 [0;36mepoch[0m = 0 [0;36mround[0m = 724 [0;36mnonce[0m = 719 [0;36mhash[0m = 157c674ce60bf4e4768279214fb1316b5e64a8682a2e43201aa62594aa644c9c 
[0;36mDEBUG[0m[2026-03-16 10:14:11.814]   received shard header from network in block tracker [0;36mshard[0m = 0 [0;36mepoch[0m = 0 [0;36mround[0m = 725 [0;36mnonce[0m = 720 [0;36mhash[0m = b2f021d81b9d4bdc7228d7544d0317f8388058369b588f9ad9323ccd1a92c5e9 
[0;36mDEBUG[0m[2026-03-16 10:14:11.814]   received shard header from network in block tracker [0;36mshard[0m = 0 [0;36mepoch[0m = 0 [0;36mround[0m = 726 [0;36mnonce[0m = 721 [0;36mhash[0m = 7cac1677de55e7df8387a709e1607f9d75072d085e7ecd733e06eba615459ebb 
[0;36mDEBUG[0m[2026-03-16 10:14:11.814]   received shard header from network in block tracker [0;36mshard[0m = 0 [0;36mepoch[0m = 0 [0;36mround[0m = 727 [0;36mnonce[0m = 722 [0;36mhash[0m = 5122a84119180d62510816e1a50b30ed0706d1e080c63dce9d5dcb646e33bc8c 
[0;36mDEBUG[0m[2026-03-16 10:14:11.814]   received shard header from network in block tracker [0;36mshard[0m = 0 [0;36mepoch[0m = 0 [0;36mround[0m = 728 [0;36mnonce[0m = 723 [0;36mhash[0m = a5ebe9f2f7b141162f930bea35aefd290486214bfd4043166723977fe7ba3d5f 
[0;36mDEBUG[0m[2026-03-16 10:14:11.814]   received shard header from network in block tracker [0;36mshard[0m = 0 [0;36mepoch[0m = 0 [0;36mround[0m = 729 [0;36mnonce[0m = 724 [0;36mhash[0m = da49fb267395177fac2da935a400675f5851e6c1d2c95134a723a39c7df27bca 
[0;36mDEBUG[0m[2026-03-16 10:14:11.814]   received shard header from network in block tracker [0;36mshard[0m = 0 [0;36mepoch[0m = 0 [0;36mround[0m = 730 [0;36mnonce[0m = 725 [0;36mhash[0m = 36e4c2efda2627a209b1e26bf7376d02f3e1611fcc1d7a0aa223e7bf7ada9927 
[0;36mDEBUG[0m[2026-03-16 10:14:11.814]   received shard header from network in block tracker [0;36mshard[0m = 0 [0;36mepoch[0m = 0 [0;36mround[0m = 731 [0;36mnonce[0m = 726 [0;36mhash[0m = 5734b2671c2e34e4ba5f2691abaa74a42a4cefc2997a6fe3ab463187330c6a6b 
[0;36mDEBUG[0m[2026-03-16 10:14:11.814]   received shard header from network in block tracker [0;36mshard[0m = 0 [0;36mepoch[0m = 0 [0;36mround[0m = 732 [0;36mnonce[0m = 727 [0;36mhash[0m = 7052b59806e4e03b5dfcfbdfbafee1a3f3fda7954f8b201d3135d283e7f0725b 
[0;36mDEBUG[0m[2026-03-16 10:14:11.814]   received shard header from network in block tracker [0;36mshard[0m = 0 [0;36mepoch[0m = 0 [0;36mround[0m = 733 [0;36mnonce[0m = 728 [0;36mhash[0m = 87168393417ed2dbf453f49731c8f6f1aa21e5ee8811e1cc1a75485599dea33d 
[0;36mDEBUG[0m[2026-03-16 10:14:11.814]   received shard header from network in block tracker [0;36mshard[0m = 0 [0;36mepoch[0m = 0 [0;36mround[0m = 734 [0;36mnonce[0m = 729 [0;36mhash[0m = 2e307f873d0c3b9246b4a6d15fea58dd3792b5b37fad0131fb9c74dc01339b30 
[0;36mDEBUG[0m[2026-03-16 10:14:11.814]   received shard header from network in block tracker [0;36mshard[0m = 0 [0;36mepoch[0m = 0 [0;36mround[0m = 735 [0;36mnonce[0m = 730 [0;36mhash[0m = 96df5af5ba8abbfc5c1795dc2dfa523685c94019d7ada5d3c1c2bd6e27bce4df 
[0;36mDEBUG[0m[2026-03-16 10:14:11.814]   received shard header from network in block tracker [0;36mshard[0m = 0 [0;36mepoch[0m = 0 [0;36mround[0m = 736 [0;36mnonce[0m = 731 [0;36mhash[0m = 73f31809c92f7875883d7331c4aabd7ebaf92bba87555378c006176848448bc4 
[0;36mDEBUG[0m[2026-03-16 10:14:11.814]   received shard header from network in block tracker [0;36mshard[0m = 0 [0;36mepoch[0m = 0 [0;36mround[0m = 737 [0;36mnonce[0m = 732 [0;36mhash[0m = 009cad23fbc9f72f9d50dbde42efa83840b9011079a14516fa926def4e5351ab 
[0;36mDEBUG[0m[2026-03-16 10:14:11.814]   received shard header from network in block tracker [0;36mshard[0m = 0 [0;36mepoch[0m = 0 [0;36mround[0m = 738 [0;36mnonce[0m = 733 [0;36mhash[0m = 8243a512119f7e26de8eb13aa9cff34e8e0df8752eecbc97e03a91e008225b8d 
[0;36mDEBUG[0m[2026-03-16 10:14:11.814]   received shard header from network in block tracker [0;36mshard[0m = 0 [0;36mepoch[0m = 0 [0;36mround[0m = 739 [0;36mnonce[0m = 734 [0;36mhash[0m = 3112abe88c29a085496866d10b0bc5e218ad9c75ad21066304a73d41fcb7099b 
[0;36mDEBUG[0m[2026-03-16 10:14:11.814]   received shard header from network in block tracker [0;36mshard[0m = 0 [0;36mepoch[0m = 0 [0;36mround[0m = 740 [0;36mnonce[0m = 735 [0;36mhash[0m = 252ff9f7911ece124d99c9f982920464a63343d018f1acd2a9f13c1a84c0811c 
[0;36mDEBUG[0m[2026-03-16 10:14:11.814]   received shard header from network in block tracker [0;36mshard[0m = 0 [0;36mepoch[0m = 0 [0;36mround[0m = 741 [0;36mnonce[0m = 736 [0;36mhash[0m = e90f643bcc9591b442e8a5bd5d2f5565d87c016a792de46b2fe10436b78fe5c2 
[0;36mDEBUG[0m[2026-03-16 10:14:11.814]   received shard header from network in block tracker [0;36mshard[0m = 0 [0;36mepoch[0m = 0 [0;36mround[0m = 742 [0;36mnonce[0m = 737 [0;36mhash[0m = a6e67a18d02ff931a87b2e97d4b07eae88d8a352c51191e8f79820c2de6efa20 
[0;36mDEBUG[0m[2026-03-16 10:14:11.814]   received shard header from network in block tracker [0;36mshard[0m = 0 [0;36mepoch[0m = 0 [0;36mround[0m = 743 [0;36mnonce[0m = 738 [0;36mhash[0m = e116b819995613383229ee4b7aa4310e959f4d72aff74644bd597a8bc52630b0 
[0;36mDEBUG[0m[2026-03-16 10:14:11.814]   received shard header from network in block tracker [0;36mshard[0m = 0 [0;36mepoch[0m = 0 [0;36mround[0m = 744 [0;36mnonce[0m = 739 [0;36mhash[0m = 0ea2248d138223624d46ce4b341aeea53de59822304e6fe417c78ff5c20d5709 
[0;36mDEBUG[0m[2026-03-16 10:14:11.814]   received shard header from network in block tracker [0;36mshard[0m = 0 [0;36mepoch[0m = 0 [0;36mround[0m = 745 [0;36mnonce[0m = 740 [0;36mhash[0m = d64959610cbd674b0809e79a106e9ccdc5f1f7b50ae2ef33eb9ba1d7f0609820 
[0;36mDEBUG[0m[2026-03-16 10:14:11.814]   received shard header from network in block tracker [0;36mshard[0m = 0 [0;36mepoch[0m = 0 [0;36mround[0m = 746 [0;36mnonce[0m = 741 [0;36mhash[0m = 7d4be35e09342107af0dc193bd4f5c5ce2ad20b0f522c8baee5796896971c9b6 
[0;36mDEBUG[0m[2026-03-16 10:14:11.814]   received shard header from network in block tracker [0;36mshard[0m = 0 [0;36mepoch[0m = 0 [0;36mround[0m = 747 [0;36mnonce[0m = 742 [0;36mhash[0m = e44a1a4ffde24df74f347d9df6d18b906baf6b28cf20c247479ea696c5e61344 
[0;36mDEBUG[0m[2026-03-16 10:14:11.814]   received shard header from network in block tracker [0;36mshard[0m = 0 [0;36mepoch[0m = 0 [0;36mround[0m = 748 [0;36mnonce[0m = 743 [0;36mhash[0m = 3db62bf39d1e63a978eba487aef3126443cdd27cb37029d59d632143c0a273ca 
[0;36mDEBUG[0m[2026-03-16 10:14:11.814]   received shard header from network in block tracker [0;36mshard[0m = 0 [0;36mepoch[0m = 0 [0;36mround[0m = 749 [0;36mnonce[0m = 744 [0;36mhash[0m = 5b528b19b0c0b23d8ba3ac1cf362b2696c2205453634b8558df97680d5a5f92d 
[0;36mDEBUG[0m[2026-03-16 10:14:11.814]   received shard header from network in block tracker [0;36mshard[0m = 0 [0;36mepoch[0m = 0 [0;36mround[0m = 750 [0;36mnonce[0m = 745 [0;36mhash[0m = 41b86fb32e24b0c99f6850ca65861f1e47b177ab56ef403f48b608e0b7544f2d 
[0;36mDEBUG[0m[2026-03-16 10:14:11.814]   received shard header from network in block tracker [0;36mshard[0m = 0 [0;36mepoch[0m = 0 [0;36mround[0m = 751 [0;36mnonce[0m = 746 [0;36mhash[0m = 9a2a67066b2e20d86e854c3c535163f0d79ec9b888175af8dfe337b15b937421 
[0;36mDEBUG[0m[2026-03-16 10:14:11.814]   received shard header from network in block tracker [0;36mshard[0m = 0 [0;36mepoch[0m = 0 [0;36mround[0m = 752 [0;36mnonce[0m = 747 [0;36mhash[0m = 5bd74bec883aaf6077712462fa34bce78f5197f663a2af5e4e01f23e13bd5e14 
[0;36mDEBUG[0m[2026-03-16 10:14:11.814]   received shard header from network in block tracker [0;36mshard[0m = 0 [0;36mepoch[0m = 0 [0;36mround[0m = 753 [0;36mnonce[0m = 748 [0;36mhash[0m = f3d695235b59cbff44198fee1d9afa50f2725f22236f7d83f54c267fb450be11 
[0;36mDEBUG[0m[2026-03-16 10:14:11.814]   received shard header from network in block tracker [0;36mshard[0m = 0 [0;36mepoch[0m = 0 [0;36mround[0m = 754 [0;36mnonce[0m = 749 [0;36mhash[0m = e7b56735fa1f2c7bffa8fc56b07de39d5cbe51fab9faf3dedf51125a7067ee2e 
[0;36mDEBUG[0m[2026-03-16 10:14:11.814]   received shard header from network in block tracker [0;36mshard[0m = 0 [0;36mepoch[0m = 0 [0;36mround[0m = 755 [0;36mnonce[0m = 750 [0;36mhash[0m = ee94d27d38c9d84304c6d29184c3a169df535f4227dab9df7134d2039bc6d11b 
[0;36mDEBUG[0m[2026-03-16 10:14:11.814]   received shard header from network in block tracker [0;36mshard[0m = 0 [0;36mepoch[0m = 0 [0;36mround[0m = 756 [0;36mnonce[0m = 751 [0;36mhash[0m = 1a07029171465eb83172fd6674c99a5de1e98d03a1b59792f6fc01a2ca3c02d0 
[0;36mDEBUG[0m[2026-03-16 10:14:11.814]   received shard header from network in block tracker [0;36mshard[0m = 0 [0;36mepoch[0m = 0 [0;36mround[0m = 757 [0;36mnonce[0m = 752 [0;36mhash[0m = 1e3f96ef69c838a5f789a5092f402c82f088c48764814e0bcda1ae6c64e4cf29 
[0;36mDEBUG[0m[2026-03-16 10:14:11.814]   received shard header from network in block tracker [0;36mshard[0m = 0 [0;36mepoch[0m = 0 [0;36mround[0m = 758 [0;36mnonce[0m = 753 [0;36mhash[0m = 132b5de05c555900062a0f21fe3a94b49232f5e5864a21cab7aeab4c28a5c577 
[0;36mDEBUG[0m[2026-03-16 10:14:11.814]   received shard header from network in block tracker [0;36mshard[0m = 0 [0;36mepoch[0m = 0 [0;36mround[0m = 759 [0;36mnonce[0m = 754 [0;36mhash[0m = 44e2476aa3a7e268a13169856eb2415aaee882afe81fc4009a8501429dab7bed 
[0;36mDEBUG[0m[2026-03-16 10:14:11.814]   received shard header from network in block tracker [0;36mshard[0m = 0 [0;36mepoch[0m = 0 [0;36mround[0m = 760 [0;36mnonce[0m = 755 [0;36mhash[0m = 31edabc6742a6cd56fd11264096a4ca13b834e1f858d9641c641e282816b274f 
[0;36mDEBUG[0m[2026-03-16 10:14:11.814]   received shard header from network in block tracker [0;36mshard[0m = 0 [0;36mepoch[0m = 0 [0;36mround[0m = 761 [0;36mnonce[0m = 756 [0;36mhash[0m = 5fc51682464d3308ab4b7ab05087b431eaffb131d63c2dca741989f1fad64947 
[0;36mDEBUG[0m[2026-03-16 10:14:11.814]   received shard header from network in block tracker [0;36mshard[0m = 0 [0;36mepoch[0m = 0 [0;36mround[0m = 762 [0;36mnonce[0m = 757 [0;36mhash[0m = 6ef973ad75750535a2f181bd5d4a0a3406afd2afea2fd207c15618916eccc351 
[0;36mDEBUG[0m[2026-03-16 10:14:11.814]   received shard header from network in block tracker [0;36mshard[0m = 0 [0;36mepoch[0m = 0 [0;36mround[0m = 763 [0;36mnonce[0m = 758 [0;36mhash[0m = 0b8a28153c192d84569f946be0ae6b9e93157b7ed2e2ede465b16f4a234f4fd8 
[0;36mDEBUG[0m[2026-03-16 10:14:11.814]   received shard header from network in block tracker [0;36mshard[0m = 0 [0;36mepoch[0m = 0 [0;36mround[0m = 764 [0;36mnonce[0m = 759 [0;36mhash[0m = ca77d616391e665928577f0eb895a901abacafa8a0db5fddb95f8b8a094c58d2 
[0;36mDEBUG[0m[2026-03-16 10:14:11.814]   received shard header from network in block tracker [0;36mshard[0m = 0 [0;36mepoch[0m = 0 [0;36mround[0m = 765 [0;36mnonce[0m = 760 [0;36mhash[0m = 5b1e0147f2c80e421519848a07d960fd80b08bc5c158dc79ac5ba4bcebfba0d2 
[0;36mDEBUG[0m[2026-03-16 10:14:11.814]   received shard header from network in block tracker [0;36mshard[0m = 0 [0;36mepoch[0m = 0 [0;36mround[0m = 766 [0;36mnonce[0m = 761 [0;36mhash[0m = dc3385086aaece9b5becd67840ba7374a5e8582e06400c4c1a3bbb395153342e 
[0;36mDEBUG[0m[2026-03-16 10:14:11.814]   received shard header from network in block tracker [0;36mshard[0m = 0 [0;36mepoch[0m = 0 [0;36mround[0m = 767 [0;36mnonce[0m = 762 [0;36mhash[0m = ba06a28215dbd1ba5b8d4def1d177eff412c2fa515a2cb8cde4308cd137936ee 
[0;36mDEBUG[0m[2026-03-16 10:14:11.814]   received shard header from network in block tracker [0;36mshard[0m = 0 [0;36mepoch[0m = 0 [0;36mround[0m = 768 [0;36mnonce[0m = 763 [0;36mhash[0m = 2411e3f5ea1ee43151c67aa58c4f8f6b61954b483df12fba57ead40a948c386e 
[0;36mDEBUG[0m[2026-03-16 10:14:11.814]   received shard header from network in block tracker [0;36mshard[0m = 0 [0;36mepoch[0m = 0 [0;36mround[0m = 769 [0;36mnonce[0m = 764 [0;36mhash[0m = dbc96c2ab49befb9deaf4e52e7cb8812bbe082d1f1dc45bb8a1d5224cf51d083 
[0;36mDEBUG[0m[2026-03-16 10:14:11.814]   received shard header from network in block tracker [0;36mshard[0m = 0 [0;36mepoch[0m = 0 [0;36mround[0m = 770 [0;36mnonce[0m = 765 [0;36mhash[0m = f10dd884492dcc322099962ee806868d5f528fedebf4c816e70e73f037f47e51 
[0;36mDEBUG[0m[2026-03-16 10:14:11.814]   received shard header from network in block tracker [0;36mshard[0m = 0 [0;36mepoch[0m = 0 [0;36mround[0m = 771 [0;36mnonce[0m = 766 [0;36mhash[0m = 96928588335069618ce01d048b266d97c52e937199e9fd930c67bf9018386e2e 
[0;36mDEBUG[0m[2026-03-16 10:14:11.814]   received shard header from network in block tracker [0;36mshard[0m = 0 [0;36mepoch[0m = 0 [0;36mround[0m = 772 [0;36mnonce[0m = 767 [0;36mhash[0m = f6f1e02e6496834530c75ff5a97466638e8c6d99ede6e6cc6053e4c1f2ad1f4e 
[0;36mDEBUG[0m[2026-03-16 10:14:11.814]   received shard header from network in block tracker [0;36mshard[0m = 0 [0;36mepoch[0m = 0 [0;36mround[0m = 773 [0;36mnonce[0m = 768 [0;36mhash[0m = 97f7ddb522ffc1839fec612c789d1a8598f4aad3e2f564afab3ce1ad5f18e1e2 
[0;36mDEBUG[0m[2026-03-16 10:14:11.814]   received shard header from network in block tracker [0;36mshard[0m = 0 [0;36mepoch[0m = 0 [0;36mround[0m = 774 [0;36mnonce[0m = 769 [0;36mhash[0m = 68633a4c91e06ec2a20c8b0c93b54bb6eb78b99058fdfa14f94647fa0f68cb96 
[0;36mDEBUG[0m[2026-03-16 10:14:11.814]   received shard header from network in block tracker [0;36mshard[0m = 0 [0;36mepoch[0m = 0 [0;36mround[0m = 775 [0;36mnonce[0m = 770 [0;36mhash[0m = b635ff3b8316a9ca3c388651bcbd5445176484703c0b7cdc1662adf644832b49 
[0;36mDEBUG[0m[2026-03-16 10:14:11.814]   received shard header from network in block tracker [0;36mshard[0m = 0 [0;36mepoch[0m = 0 [0;36mround[0m = 776 [0;36mnonce[0m = 771 [0;36mhash[0m = 3d6d24f6c65c13d1ceabcaa8ed0d0333142c86c0c948f3a32a69f2460f126973 
[0;36mDEBUG[0m[2026-03-16 10:14:11.815]   received shard header from network in block tracker [0;36mshard[0m = 0 [0;36mepoch[0m = 0 [0;36mround[0m = 777 [0;36mnonce[0m = 772 [0;36mhash[0m = 8a63cfc6c0436b2de4a041c9f76aec79190bbad7fdc246c7658858506473eea8 
[0;36mDEBUG[0m[2026-03-16 10:14:11.815]   received shard header from network in block tracker [0;36mshard[0m = 0 [0;36mepoch[0m = 0 [0;36mround[0m = 778 [0;36mnonce[0m = 773 [0;36mhash[0m = 7940623a23f53509e74acfb9883f817836cd7f76e9c0aba22d419cf58aa7b521 
[0;36mDEBUG[0m[2026-03-16 10:14:11.815]   received shard header from network in block tracker [0;36mshard[0m = 0 [0;36mepoch[0m = 0 [0;36mround[0m = 779 [0;36mnonce[0m = 774 [0;36mhash[0m = 23738a1223f1ee1f151630e29db9aec2471a0da99925b532f17d5d6cb05cc0f6 
[0;36mDEBUG[0m[2026-03-16 10:14:11.815]   received shard header from network in block tracker [0;36mshard[0m = 0 [0;36mepoch[0m = 0 [0;36mround[0m = 780 [0;36mnonce[0m = 775 [0;36mhash[0m = c3db29ceebe2c8949cea57eedab50cec1d1486c97249f5ddea873c81be2848f8 
[0;36mDEBUG[0m[2026-03-16 10:14:11.815]   received shard header from network in block tracker [0;36mshard[0m = 0 [0;36mepoch[0m = 0 [0;36mround[0m = 781 [0;36mnonce[0m = 776 [0;36mhash[0m = c747a29f39e7cba17308c016008c3a5e9f9435b4cad17611c2d9c49ce98c16eb 
[0;36mDEBUG[0m[2026-03-16 10:14:11.815]   received shard header from network in block tracker [0;36mshard[0m = 0 [0;36mepoch[0m = 0 [0;36mround[0m = 782 [0;36mnonce[0m = 777 [0;36mhash[0m = 3ffcd9041c34696bd5fbc4c6c5ef58914f427829e2488b6caa1f0c98264ac5a1 
[0;36mDEBUG[0m[2026-03-16 10:14:11.815]   received shard header from network in block tracker [0;36mshard[0m = 0 [0;36mepoch[0m = 0 [0;36mround[0m = 783 [0;36mnonce[0m = 778 [0;36mhash[0m = 6ea6386a94444f9b5523aa7ff9388bdaa53ec499493e9c026bb686960141e011 
[0;36mDEBUG[0m[2026-03-16 10:14:11.815]   received shard header from network in block tracker [0;36mshard[0m = 0 [0;36mepoch[0m = 0 [0;36mround[0m = 784 [0;36mnonce[0m = 779 [0;36mhash[0m = 48a5bab763a6f7c9c9bbea5bcb0aebabd27fe664c6b28629ab5476594246b879 
[0;36mDEBUG[0m[2026-03-16 10:14:11.815]   received shard header from network in block tracker [0;36mshard[0m = 0 [0;36mepoch[0m = 0 [0;36mround[0m = 785 [0;36mnonce[0m = 780 [0;36mhash[0m = f1f075c975b070dbc97b22d53d1edd802932721302de65d9c9a4d5fe6e2500c2 
[0;36mDEBUG[0m[2026-03-16 10:14:11.815]   received shard header from network in block tracker [0;36mshard[0m = 0 [0;36mepoch[0m = 0 [0;36mround[0m = 786 [0;36mnonce[0m = 781 [0;36mhash[0m = ba4f82753817e9e2d5505a9f49275e0d4dbd050b04173f42c4da1919491ab327 
[0;36mDEBUG[0m[2026-03-16 10:14:11.815]   received shard header from network in block tracker [0;36mshard[0m = 0 [0;36mepoch[0m = 0 [0;36mround[0m = 787 [0;36mnonce[0m = 782 [0;36mhash[0m = 3303c85e31ed0ec03abcc1d332fbdb2c3c21cb27a12ad3d8bf2cfe02548ba2be 
[0;36mDEBUG[0m[2026-03-16 10:14:11.815]   received shard header from network in block tracker [0;36mshard[0m = 0 [0;36mepoch[0m = 0 [0;36mround[0m = 788 [0;36mnonce[0m = 783 [0;36mhash[0m = 9d1a0941de633b0e309479c5f75e33be062dc06e6167a52ed9cf4e867b00544f 
[0;36mDEBUG[0m[2026-03-16 10:14:11.815]   received shard header from network in block tracker [0;36mshard[0m = 0 [0;36mepoch[0m = 0 [0;36mround[0m = 789 [0;36mnonce[0m = 784 [0;36mhash[0m = a39fe131ff4ecabbf8416db1f215cf431cd9401b8246eb5ebcacaa92498f7a3d 
[0;36mDEBUG[0m[2026-03-16 10:14:11.815]   received shard header from network in block tracker [0;36mshard[0m = 0 [0;36mepoch[0m = 0 [0;36mround[0m = 790 [0;36mnonce[0m = 785 [0;36mhash[0m = 604219648bf7dda82ff790d4fb15587734272b4f8a97eda5a6c356a000fbf562 
[0;36mDEBUG[0m[2026-03-16 10:14:11.815]   received shard header from network in block tracker [0;36mshard[0m = 0 [0;36mepoch[0m = 0 [0;36mround[0m = 791 [0;36mnonce[0m = 786 [0;36mhash[0m = da5da9d52e0c2d422cdab41e0fbf16677143e536e8c53bc0ab2e096e7f81bc19 
[0;36mDEBUG[0m[2026-03-16 10:14:11.815]   received shard header from network in block tracker [0;36mshard[0m = 0 [0;36mepoch[0m = 0 [0;36mround[0m = 792 [0;36mnonce[0m = 787 [0;36mhash[0m = 85831d5dcadd1425433d09c726b6e8bd544b346baa4f5b0f9f05bcbb302d0b63 
[0;36mDEBUG[0m[2026-03-16 10:14:11.815]   received shard header from network in block tracker [0;36mshard[0m = 0 [0;36mepoch[0m = 0 [0;36mround[0m = 793 [0;36mnonce[0m = 788 [0;36mhash[0m = b7d7bbb13ab23895c03e239f400437e781829d9d7638e7f97d458d355f3eb5d9 
[0;36mDEBUG[0m[2026-03-16 10:14:11.815]   received shard header from network in block tracker [0;36mshard[0m = 0 [0;36mepoch[0m = 0 [0;36mround[0m = 794 [0;36mnonce[0m = 789 [0;36mhash[0m = 9c99447341d5279a073cd6c9d7c0e69a0df270ba8861459088da76c07dde579e 
[0;36mDEBUG[0m[2026-03-16 10:14:11.815]   received shard header from network in block tracker [0;36mshard[0m = 0 [0;36mepoch[0m = 0 [0;36mround[0m = 795 [0;36mnonce[0m = 790 [0;36mhash[0m = 2f5963e770ea3538e3597501181185fb9be96ddec286906f10df37a5e7f8cc67 
[0;36mDEBUG[0m[2026-03-16 10:14:11.815]   received shard header from network in block tracker [0;36mshard[0m = 0 [0;36mepoch[0m = 0 [0;36mround[0m = 796 [0;36mnonce[0m = 791 [0;36mhash[0m = 464db01f1dd1537eb1019788abd7dcdb5df5c40bcc7a0d77ff84d8d4c9f564aa 
[0;36mDEBUG[0m[2026-03-16 10:14:11.815]   received shard header from network in block tracker [0;36mshard[0m = 0 [0;36mepoch[0m = 0 [0;36mround[0m = 797 [0;36mnonce[0m = 792 [0;36mhash[0m = eab543b4caf1e967006afef0aa74aa24a2a2d9e56bb6ae9f16ff3ccdfd93a355 
[0;36mDEBUG[0m[2026-03-16 10:14:11.815]   received shard header from network in block tracker [0;36mshard[0m = 0 [0;36mepoch[0m = 0 [0;36mround[0m = 798 [0;36mnonce[0m = 793 [0;36mhash[0m = 3fc03c7e07bfe2e814f407e7f468dacf26f8edd0d1d6ac8ace143dabef61a8ea 
[0;36mDEBUG[0m[2026-03-16 10:14:11.815]   received shard header from network in block tracker [0;36mshard[0m = 0 [0;36mepoch[0m = 0 [0;36mround[0m = 799 [0;36mnonce[0m = 794 [0;36mhash[0m = 3ea66132608fc56037d357688e52cb6e7717f012c65b597c5aa649015b09c863 
[0;36mDEBUG[0m[2026-03-16 10:14:11.815]   received shard header from network in block tracker [0;36mshard[0m = 0 [0;36mepoch[0m = 0 [0;36mround[0m = 800 [0;36mnonce[0m = 795 [0;36mhash[0m = c42129ff800491d2597e66ec34c2ec6b64b50726fdabf7c777e4504af1254f9b 
[0;36mDEBUG[0m[2026-03-16 10:14:11.815]   received shard header from network in block tracker [0;36mshard[0m = 0 [0;36mepoch[0m = 0 [0;36mround[0m = 801 [0;36mnonce[0m = 796 [0;36mhash[0m = 024f4f2b9deb0b73eb39d1b34aa54526f54e20c306917f3766d53b8884326b44 
[0;36mDEBUG[0m[2026-03-16 10:14:11.815]   received shard header from network in block tracker [0;36mshard[0m = 0 [0;36mepoch[0m = 0 [0;36mround[0m = 802 [0;36mnonce[0m = 797 [0;36mhash[0m = 40c013bf85af7549912bfb334b4c9431faa9f515ce1f50ea9a176dd7fb2ff94f 
[0;36mDEBUG[0m[2026-03-16 10:14:11.815]   received shard header from network in block tracker [0;36mshard[0m = 0 [0;36mepoch[0m = 0 [0;36mround[0m = 803 [0;36mnonce[0m = 798 [0;36mhash[0m = 067298c75bf5f1b5c96e79f3abece9f064092bf6161bc1b9fd48b3b2cc84d1c1 
[0;36mDEBUG[0m[2026-03-16 10:14:11.815]   received shard header from network in block tracker [0;36mshard[0m = 0 [0;36mepoch[0m = 0 [0;36mround[0m = 804 [0;36mnonce[0m = 799 [0;36mhash[0m = 748eaefa75771366056678089429e5917a9621dca1cac2add8e844fe7aa8d7a6 
[0;36mDEBUG[0m[2026-03-16 10:14:11.815]   received shard header from network in block tracker [0;36mshard[0m = 0 [0;36mepoch[0m = 0 [0;36mround[0m = 805 [0;36mnonce[0m = 800 [0;36mhash[0m = b9f6471c72a9193862a21ba39136a7939b1980d117aec31cd450db42faf427f5 
[0;36mDEBUG[0m[2026-03-16 10:14:11.815]   received shard header from network in block tracker [0;36mshard[0m = 0 [0;36mepoch[0m = 0 [0;36mround[0m = 806 [0;36mnonce[0m = 801 [0;36mhash[0m = 5084b1ae920ccfe0ebe619fd7cb04ff69e0a7377a49c86666ddf573b2f57d0f2 
[0;36mDEBUG[0m[2026-03-16 10:14:11.815]   received shard header from network in block tracker [0;36mshard[0m = 0 [0;36mepoch[0m = 0 [0;36mround[0m = 807 [0;36mnonce[0m = 802 [0;36mhash[0m = 36d0d97192af6abc5dd4e79c6f6768bc1304579982fb4cc7c13ae1085faf09c4 
[0;36mDEBUG[0m[2026-03-16 10:14:11.815]   received shard header from network in block tracker [0;36mshard[0m = 0 [0;36mepoch[0m = 0 [0;36mround[0m = 808 [0;36mnonce[0m = 803 [0;36mhash[0m = 451f66559bd59a7477e7dee5cc5c5b55c4499569ba59e5e231ca5a989193ba00 
[0;36mDEBUG[0m[2026-03-16 10:14:11.815]   received shard header from network in block tracker [0;36mshard[0m = 0 [0;36mepoch[0m = 0 [0;36mround[0m = 809 [0;36mnonce[0m = 804 [0;36mhash[0m = e83ff7257f9eeecb5f56f7219e0f9eb10d0bfa16a66ccadfee29f375eb211987 
[0;36mDEBUG[0m[2026-03-16 10:14:11.815]   received shard header from network in block tracker [0;36mshard[0m = 0 [0;36mepoch[0m = 0 [0;36mround[0m = 810 [0;36mnonce[0m = 805 [0;36mhash[0m = 43e1c2ba2e26f7bfaccaca2c69a96ee8983f832f346a2529e6f257bfe66ffec8 
[0;36mDEBUG[0m[2026-03-16 10:14:11.815]   received shard header from network in block tracker [0;36mshard[0m = 0 [0;36mepoch[0m = 0 [0;36mround[0m = 811 [0;36mnonce[0m = 806 [0;36mhash[0m = ddcc7958be0bee5e6220617040d4ff7883a0b8e18d664eec023fe776f2871c8a 
[0;36mDEBUG[0m[2026-03-16 10:14:11.815]   received shard header from network in block tracker [0;36mshard[0m = 0 [0;36mepoch[0m = 0 [0;36mround[0m = 812 [0;36mnonce[0m = 807 [0;36mhash[0m = fff751e41a8647de8bacfcc85121df01103b07abb94fae7ece92928eab1ab7c7 
[0;36mDEBUG[0m[2026-03-16 10:14:11.815]   received shard header from network in block tracker [0;36mshard[0m = 0 [0;36mepoch[0m = 0 [0;36mround[0m = 813 [0;36mnonce[0m = 808 [0;36mhash[0m = b6cb8209ac9a4779d569d23e58f663c6da83d618621bf361e08acdf6e006c44b 
[0;36mDEBUG[0m[2026-03-16 10:14:11.815]   received shard header from network in block tracker [0;36mshard[0m = 0 [0;36mepoch[0m = 0 [0;36mround[0m = 814 [0;36mnonce[0m = 809 [0;36mhash[0m = 6ad5084c14322913635527430436b01937ed52e3ee46f17f9514d868a2982745 
[0;36mDEBUG[0m[2026-03-16 10:14:11.815]   received shard header from network in block tracker [0;36mshard[0m = 0 [0;36mepoch[0m = 0 [0;36mround[0m = 815 [0;36mnonce[0m = 810 [0;36mhash[0m = aa7889b74e4dbf1717fa4dd992798da7e6647e3d93a2fb4b51ce3f2a9147cfef 
[0;36mDEBUG[0m[2026-03-16 10:14:11.815]   received shard header from network in block tracker [0;36mshard[0m = 0 [0;36mepoch[0m = 0 [0;36mround[0m = 816 [0;36mnonce[0m = 811 [0;36mhash[0m = ea30691bf6ee2afce3fbcd41dd64d8dbfb4c8b29fe822e5ff9a730b992a942da 
[0;36mDEBUG[0m[2026-03-16 10:14:11.815]   received shard header from network in block tracker [0;36mshard[0m = 0 [0;36mepoch[0m = 0 [0;36mround[0m = 817 [0;36mnonce[0m = 812 [0;36mhash[0m = 931b56578a5db0894f77da75c692ed87832ead0075c719866c164b7fa5e04a91 
[0;36mDEBUG[0m[2026-03-16 10:14:11.815]   received shard header from network in block tracker [0;36mshard[0m = 0 [0;36mepoch[0m = 0 [0;36mround[0m = 818 [0;36mnonce[0m = 813 [0;36mhash[0m = c2579d465286c510dd49548af9cf466aae3092ed16af8ad78ae190575f448cbc 
[0;36mDEBUG[0m[2026-03-16 10:14:11.815]   received shard header from network in block tracker [0;36mshard[0m = 0 [0;36mepoch[0m = 0 [0;36mround[0m = 819 [0;36mnonce[0m = 814 [0;36mhash[0m = f3b0b422a65141b90607d5971591674118f43eea818a8593519795e880802b5b 
[0;36mDEBUG[0m[2026-03-16 10:14:11.815]   received shard header from network in block tracker [0;36mshard[0m = 0 [0;36mepoch[0m = 0 [0;36mround[0m = 820 [0;36mnonce[0m = 815 [0;36mhash[0m = ca756ef91d0dd7af8fb63a4d864d787e5abcb0076fce13ca06f45af94a1e1b1a 
[0;36mDEBUG[0m[2026-03-16 10:14:11.815]   received shard header from network in block tracker [0;36mshard[0m = 0 [0;36mepoch[0m = 0 [0;36mround[0m = 821 [0;36mnonce[0m = 816 [0;36mhash[0m = a4d0c8c7d0c9e99de8d90a1ddd8e484a9ac7c382a7aff91d30deccda53b80167 
[0;36mDEBUG[0m[2026-03-16 10:14:11.815]   received shard header from network in block tracker [0;36mshard[0m = 0 [0;36mepoch[0m = 0 [0;36mround[0m = 822 [0;36mnonce[0m = 817 [0;36mhash[0m = 94afc80466a2f7232f507c35465cffa17b678aea2bace1ce5c93de56846e5dfc 
[0;36mDEBUG[0m[2026-03-16 10:14:11.815]   received shard header from network in block tracker [0;36mshard[0m = 0 [0;36mepoch[0m = 0 [0;36mround[0m = 823 [0;36mnonce[0m = 818 [0;36mhash[0m = 40efcbc23850ec03364d40313d24ca42c56fafebfb9df08eb58ff40605434159 
[0;36mDEBUG[0m[2026-03-16 10:14:11.815]   received shard header from network in block tracker [0;36mshard[0m = 0 [0;36mepoch[0m = 0 [0;36mround[0m = 824 [0;36mnonce[0m = 819 [0;36mhash[0m = aa80fee215e3c9b99cdcab45d23ecd23fba8f3e1aa154b087118157ee2cab9c6 
[0;36mDEBUG[0m[2026-03-16 10:14:11.815]   received shard header from network in block tracker [0;36mshard[0m = 0 [0;36mepoch[0m = 0 [0;36mround[0m = 825 [0;36mnonce[0m = 820 [0;36mhash[0m = 77cad46b89c93495c302d7f8492e6c3851a1adb20c6d04b9a9eef173ddc3b4b7 
[0;36mDEBUG[0m[2026-03-16 10:14:11.815]   received shard header from network in block tracker [0;36mshard[0m = 0 [0;36mepoch[0m = 0 [0;36mround[0m = 826 [0;36mnonce[0m = 821 [0;36mhash[0m = 71be890d8452365022c05334012147143120e8c95c6704bad57165f7a617ffee 
[0;36mDEBUG[0m[2026-03-16 10:14:11.815]   received shard header from network in block tracker [0;36mshard[0m = 0 [0;36mepoch[0m = 0 [0;36mround[0m = 827 [0;36mnonce[0m = 822 [0;36mhash[0m = 17d5076b94444bf71c346ba8388a4e7c9bfbf4c1f0da0418effa971eb825ceda 
[0;36mDEBUG[0m[2026-03-16 10:14:11.815]   received shard header from network in block tracker [0;36mshard[0m = 0 [0;36mepoch[0m = 0 [0;36mround[0m = 828 [0;36mnonce[0m = 823 [0;36mhash[0m = c4a6f9e3fc6ffe19bbaa4dd6cae9e5dcafdc4a504a74f7923ffc8ad825832fa7 
[0;36mDEBUG[0m[2026-03-16 10:14:11.815]   received shard header from network in block tracker [0;36mshard[0m = 0 [0;36mepoch[0m = 0 [0;36mround[0m = 829 [0;36mnonce[0m = 824 [0;36mhash[0m = be66b9c41df5afe1bf2f0531cdcef0b0dc6f633205688e0da9320492d2929501 
[0;36mDEBUG[0m[2026-03-16 10:14:11.815]   received shard header from network in block tracker [0;36mshard[0m = 0 [0;36mepoch[0m = 0 [0;36mround[0m = 830 [0;36mnonce[0m = 825 [0;36mhash[0m = b8cac25c7d955afc1dd7b740a36acf4f49ade95b44b2bad988ae4350b3327557 
[0;36mDEBUG[0m[2026-03-16 10:14:11.815]   received shard header from network in block tracker [0;36mshard[0m = 0 [0;36mepoch[0m = 0 [0;36mround[0m = 831 [0;36mnonce[0m = 826 [0;36mhash[0m = 4a73d67deb8c6792988e372e7652325f298902c55c27f9956ea814a1ba0bc9fa 
[0;36mDEBUG[0m[2026-03-16 10:14:11.815]   received shard header from network in block tracker [0;36mshard[0m = 0 [0;36mepoch[0m = 0 [0;36mround[0m = 832 [0;36mnonce[0m = 827 [0;36mhash[0m = c952c994bc3b48f32df99452d0acffecddc6c567e8c20c89d33adc20abe070e5 
[0;36mDEBUG[0m[2026-03-16 10:14:11.815]   received shard header from network in block tracker [0;36mshard[0m = 0 [0;36mepoch[0m = 0 [0;36mround[0m = 833 [0;36mnonce[0m = 828 [0;36mhash[0m = 0fe452aafab0091e6e85fe1d7fe44ceedac37773a86dc71e01146160a7a29834 
[0;36mDEBUG[0m[2026-03-16 10:14:11.815]   received shard header from network in block tracker [0;36mshard[0m = 0 [0;36mepoch[0m = 0 [0;36mround[0m = 834 [0;36mnonce[0m = 829 [0;36mhash[0m = aa5aba12a46372f49c585ad3e37f5e3988659ab8c511600fdd9ca11b0f0afad0 
[0;36mDEBUG[0m[2026-03-16 10:14:11.815]   received shard header from network in block tracker [0;36mshard[0m = 0 [0;36mepoch[0m = 0 [0;36mround[0m = 835 [0;36mnonce[0m = 830 [0;36mhash[0m = c3ef3744e3388adcd3dc260b4622b5f49c7e3c9c1bcf7a78cf06441655a8e3fa 
[0;36mDEBUG[0m[2026-03-16 10:14:11.815]   received shard header from network in block tracker [0;36mshard[0m = 0 [0;36mepoch[0m = 0 [0;36mround[0m = 836 [0;36mnonce[0m = 831 [0;36mhash[0m = c91f67948d6c2e19da9766f5d5a25484027ce6d50da3479323a34cb3bc41e0cf 
[0;36mDEBUG[0m[2026-03-16 10:14:11.815]   received shard header from network in block tracker [0;36mshard[0m = 0 [0;36mepoch[0m = 0 [0;36mround[0m = 837 [0;36mnonce[0m = 832 [0;36mhash[0m = 06573ac3afe807a6eefefd689c96f1ae46a2c00e07e05305817bcdb894ac6eb6 
[0;36mDEBUG[0m[2026-03-16 10:14:11.815]   received shard header from network in block tracker [0;36mshard[0m = 0 [0;36mepoch[0m = 0 [0;36mround[0m = 838 [0;36mnonce[0m = 833 [0;36mhash[0m = 28f04f7dfb835cd4a963b3970ef70263dbdfc6314ac9bc63ffe687d2261e6e90 
[0;36mDEBUG[0m[2026-03-16 10:14:11.815]   received shard header from network in block tracker [0;36mshard[0m = 0 [0;36mepoch[0m = 0 [0;36mround[0m = 839 [0;36mnonce[0m = 834 [0;36mhash[0m = 93b162679195131cf08d9051758c0fe6f09fef7fb494b33c15d02f44b461e70c 
[0;36mDEBUG[0m[2026-03-16 10:14:11.815]   received shard header from network in block tracker [0;36mshard[0m = 0 [0;36mepoch[0m = 0 [0;36mround[0m = 840 [0;36mnonce[0m = 835 [0;36mhash[0m = 4932dd5a13a2fe3e7862279438725e60aa2d044f4d891798010e59ae64645662 
[0;36mDEBUG[0m[2026-03-16 10:14:11.815]   received shard header from network in block tracker [0;36mshard[0m = 0 [0;36mepoch[0m = 0 [0;36mround[0m = 841 [0;36mnonce[0m = 836 [0;36mhash[0m = 64ed264ee985f5d5ac9addb8c3a0457238c19838754bb971973752af1c263182 
[0;36mDEBUG[0m[2026-03-16 10:14:11.815]   received shard header from network in block tracker [0;36mshard[0m = 0 [0;36mepoch[0m = 0 [0;36mround[0m = 842 [0;36mnonce[0m = 837 [0;36mhash[0m = fe1358dc4e4d1da29c02aae3b972e33a68616c382022962ee370a0340ce973ab 
[0;36mDEBUG[0m[2026-03-16 10:14:11.815]   received shard header from network in block tracker [0;36mshard[0m = 0 [0;36mepoch[0m = 0 [0;36mround[0m = 843 [0;36mnonce[0m = 838 [0;36mhash[0m = 1a02e668625a296696068791ce48a9822d5961cbf825c6d2428a82910401a530 
[0;36mDEBUG[0m[2026-03-16 10:14:11.815]   received shard header from network in block tracker [0;36mshard[0m = 0 [0;36mepoch[0m = 0 [0;36mround[0m = 844 [0;36mnonce[0m = 839 [0;36mhash[0m = 9e0c7a4b972c97163fbbf0e67e912876eb19cf82feabaf9a9f2d352511d14d07 
[0;36mDEBUG[0m[2026-03-16 10:14:11.815]   received shard header from network in block tracker [0;36mshard[0m = 0 [0;36mepoch[0m = 0 [0;36mround[0m = 845 [0;36mnonce[0m = 840 [0;36mhash[0m = 032b0669c0c8d7cd3134836994cf5aa75ca1ad0e3709028355664fb2130a042d 
[0;36mDEBUG[0m[2026-03-16 10:14:11.815]   received shard header from network in block tracker [0;36mshard[0m = 0 [0;36mepoch[0m = 0 [0;36mround[0m = 846 [0;36mnonce[0m = 841 [0;36mhash[0m = 9a0f322259da18a3591bf74a1b28f6261275685462e78cefb5d64f0e5b102a96 
[0;36mDEBUG[0m[2026-03-16 10:14:11.815]   received shard header from network in block tracker [0;36mshard[0m = 0 [0;36mepoch[0m = 0 [0;36mround[0m = 847 [0;36mnonce[0m = 842 [0;36mhash[0m = ece099431c5a1d08ce1bcd402ac937c47788c4c8b3a639ea2f5cc09a9357ad55 
[0;36mDEBUG[0m[2026-03-16 10:14:11.815]   received shard header from network in block tracker [0;36mshard[0m = 0 [0;36mepoch[0m = 0 [0;36mround[0m = 848 [0;36mnonce[0m = 843 [0;36mhash[0m = 363b3b7602701af898801fa8887ae1d118b8f41467b65d01a9a6ff7f688fbc2d 
[0;36mDEBUG[0m[2026-03-16 10:14:11.815]   received shard header from network in block tracker [0;36mshard[0m = 0 [0;36mepoch[0m = 0 [0;36mround[0m = 849 [0;36mnonce[0m = 844 [0;36mhash[0m = 483b72be9ed9b1ff7248e1218666dbf98b7eedb39a3ee85b65eca2c49015b647 
[0;36mDEBUG[0m[2026-03-16 10:14:11.815]   received shard header from network in block tracker [0;36mshard[0m = 0 [0;36mepoch[0m = 0 [0;36mround[0m = 850 [0;36mnonce[0m = 845 [0;36mhash[0m = 33094848ed0a7d12ab5fdef2c47423d75471ba89860e3f31b5ccfe365ee99001 
[0;36mDEBUG[0m[2026-03-16 10:14:11.815]   received shard header from network in block tracker [0;36mshard[0m = 0 [0;36mepoch[0m = 0 [0;36mround[0m = 851 [0;36mnonce[0m = 846 [0;36mhash[0m = 756f7dc04c7b231f53a12b514b22821872f51d685c52ef46aca4eabfc85f6b8b 
[0;36mDEBUG[0m[2026-03-16 10:14:11.815]   received shard header from network in block tracker [0;36mshard[0m = 0 [0;36mepoch[0m = 0 [0;36mround[0m = 852 [0;36mnonce[0m = 847 [0;36mhash[0m = 1ecebe9d73de5f36c341d9ffeef61f718c4b10cbc3bc62c3f906f089b8e732ce 
[0;36mDEBUG[0m[2026-03-16 10:14:11.815]   received shard header from network in block tracker [0;36mshard[0m = 0 [0;36mepoch[0m = 0 [0;36mround[0m = 853 [0;36mnonce[0m = 848 [0;36mhash[0m = 7fbf75d2223d1b2b44c79deda808892f2797449209ea6d5076c84c249f8a1087 
[0;36mDEBUG[0m[2026-03-16 10:14:11.815]   received shard header from network in block tracker [0;36mshard[0m = 0 [0;36mepoch[0m = 0 [0;36mround[0m = 854 [0;36mnonce[0m = 849 [0;36mhash[0m = b14fa05725db36f68d5c601d524abcdb94ee394380def993c7a6a12cef9f00d2 
[0;36mDEBUG[0m[2026-03-16 10:14:11.815]   received shard header from network in block tracker [0;36mshard[0m = 0 [0;36mepoch[0m = 0 [0;36mround[0m = 855 [0;36mnonce[0m = 850 [0;36mhash[0m = 2dea777bd6d8a359695748927774cbc5e9440d385fb08f7ddd783ca36f496a4e 
[0;36mDEBUG[0m[2026-03-16 10:14:11.815]   received shard header from network in block tracker [0;36mshard[0m = 0 [0;36mepoch[0m = 0 [0;36mround[0m = 856 [0;36mnonce[0m = 851 [0;36mhash[0m = 927be03441f1b66686b997e9933363d49881de170894d6bff17643f09692c6fd 
[0;36mDEBUG[0m[2026-03-16 10:14:11.815]   received shard header from network in block tracker [0;36mshard[0m = 0 [0;36mepoch[0m = 0 [0;36mround[0m = 857 [0;36mnonce[0m = 852 [0;36mhash[0m = 9d8b1b780d3a1cf2f18171f92a63ed644b499d4967e6c87232f5edd9c6b9c3f2 
[0;36mDEBUG[0m[2026-03-16 10:14:11.815]   received shard header from network in block tracker [0;36mshard[0m = 0 [0;36mepoch[0m = 0 [0;36mround[0m = 858 [0;36mnonce[0m = 853 [0;36mhash[0m = 2f36fece07458cddeb4f5c6d6ec4c138c31ed489fd6c3ef48df0f71510a19690 
[0;36mDEBUG[0m[2026-03-16 10:14:11.815]   received shard header from network in block tracker [0;36mshard[0m = 0 [0;36mepoch[0m = 0 [0;36mround[0m = 859 [0;36mnonce[0m = 854 [0;36mhash[0m = 7e97b2e2630b399c417c3ad987d851bdb331abf46393e46045407ad199684f9d 
[0;36mDEBUG[0m[2026-03-16 10:14:11.815]   received shard header from network in block tracker [0;36mshard[0m = 0 [0;36mepoch[0m = 0 [0;36mround[0m = 860 [0;36mnonce[0m = 855 [0;36mhash[0m = f244bdfc98dee9bbb5c7753edfce4823e5d6c4cffcfe19ae66016d7efe2bfe77 
[0;36mDEBUG[0m[2026-03-16 10:14:11.815]   received shard header from network in block tracker [0;36mshard[0m = 0 [0;36mepoch[0m = 0 [0;36mround[0m = 861 [0;36mnonce[0m = 856 [0;36mhash[0m = d6193135ccae4b6390594bd09e0576386ff7bf84cf6574f5fd2c140f8902e4ef 
[0;36mDEBUG[0m[2026-03-16 10:14:11.815]   received shard header from network in block tracker [0;36mshard[0m = 0 [0;36mepoch[0m = 0 [0;36mround[0m = 862 [0;36mnonce[0m = 857 [0;36mhash[0m = 674773c3b1409484573d2d80feef9ef5a01b480ce4c9e0f266da2cdbdabbcdf9 
[0;36mDEBUG[0m[2026-03-16 10:14:11.815]   received shard header from network in block tracker [0;36mshard[0m = 0 [0;36mepoch[0m = 0 [0;36mround[0m = 863 [0;36mnonce[0m = 858 [0;36mhash[0m = cc4d2721b65a483e67ace2c604f4ae6664330968bd3f210d2a4ccaddb86e49f9 
[0;36mDEBUG[0m[2026-03-16 10:14:11.815]   received shard header from network in block tracker [0;36mshard[0m = 0 [0;36mepoch[0m = 0 [0;36mround[0m = 864 [0;36mnonce[0m = 859 [0;36mhash[0m = b10999345ad44971a84da5e862ee7880c2b4d5951d98946787a8cdddbf58d86f 
[0;36mDEBUG[0m[2026-03-16 10:14:11.815]   received shard header from network in block tracker [0;36mshard[0m = 0 [0;36mepoch[0m = 0 [0;36mround[0m = 865 [0;36mnonce[0m = 860 [0;36mhash[0m = ab9ef4103714309372da429a732beb04a2c94f8b9645debfa260225d442d38b5 
[0;36mDEBUG[0m[2026-03-16 10:14:11.815]   received shard header from network in block tracker [0;36mshard[0m = 0 [0;36mepoch[0m = 0 [0;36mround[0m = 866 [0;36mnonce[0m = 861 [0;36mhash[0m = 25cc301d5fc2b53181262879463f6878ef27fe791c5eb0f9d232370aea2f32c0 
[0;36mDEBUG[0m[2026-03-16 10:14:11.815]   received shard header from network in block tracker [0;36mshard[0m = 0 [0;36mepoch[0m = 0 [0;36mround[0m = 867 [0;36mnonce[0m = 862 [0;36mhash[0m = 1430c6aa804f678943a4f603333f0f62da8c21782e4fc4f0ce97e1b9ea377013 
[0;36mDEBUG[0m[2026-03-16 10:14:11.815]   received shard header from network in block tracker [0;36mshard[0m = 0 [0;36mepoch[0m = 0 [0;36mround[0m = 868 [0;36mnonce[0m = 863 [0;36mhash[0m = e4b533685a33c35a411f24f7e14a6baf1cce520cd1bd72c61373b81873f33137 
[0;36mDEBUG[0m[2026-03-16 10:14:11.815]   received shard header from network in block tracker [0;36mshard[0m = 0 [0;36mepoch[0m = 0 [0;36mround[0m = 869 [0;36mnonce[0m = 864 [0;36mhash[0m = 7a4dc659e8bda3b84573ae2d9085596d716f815160c3071ef591ab6050167620 
[0;36mDEBUG[0m[2026-03-16 10:14:11.815]   received shard header from network in block tracker [0;36mshard[0m = 0 [0;36mepoch[0m = 0 [0;36mround[0m = 870 [0;36mnonce[0m = 865 [0;36mhash[0m = 295a938ad78638f55abcb0477bde1ea9fcde68d8c9dacfb8630a86e0b91a8820 
[0;36mDEBUG[0m[2026-03-16 10:14:11.815]   received shard header from network in block tracker [0;36mshard[0m = 0 [0;36mepoch[0m = 0 [0;36mround[0m = 871 [0;36mnonce[0m = 866 [0;36mhash[0m = 2cd5a5c28c689e3a72bb36f2a6b71c6ca6e3e1c53321e089f06d139b3b945b3a 
[0;36mDEBUG[0m[2026-03-16 10:14:11.815]   received shard header from network in block tracker [0;36mshard[0m = 0 [0;36mepoch[0m = 0 [0;36mround[0m = 872 [0;36mnonce[0m = 867 [0;36mhash[0m = 854a09c40fa196b733c44edafdf27f3495028ffd52cc6137488e0405708c8758 
[0;36mDEBUG[0m[2026-03-16 10:14:11.815]   received shard header from network in block tracker [0;36mshard[0m = 0 [0;36mepoch[0m = 0 [0;36mround[0m = 873 [0;36mnonce[0m = 868 [0;36mhash[0m = 2ba618260beea50d2e9631f30aadb54ae8a29c9f9bea92492db6a1a0267cdf11 
[0;36mDEBUG[0m[2026-03-16 10:14:11.815]   received shard header from network in block tracker [0;36mshard[0m = 0 [0;36mepoch[0m = 0 [0;36mround[0m = 874 [0;36mnonce[0m = 869 [0;36mhash[0m = 81ffb7a8dab5c676a1eff84730c6855e5659b292f903d1c85dd35257dd04d054 
[0;36mDEBUG[0m[2026-03-16 10:14:11.816]   received shard header from network in block tracker [0;36mshard[0m = 0 [0;36mepoch[0m = 0 [0;36mround[0m = 875 [0;36mnonce[0m = 870 [0;36mhash[0m = fc4f3f62c71becf61d05c61529e566bececdcb6d103985a3419f01535b7c76ea 
[0;36mDEBUG[0m[2026-03-16 10:14:11.816]   received shard header from network in block tracker [0;36mshard[0m = 0 [0;36mepoch[0m = 0 [0;36mround[0m = 876 [0;36mnonce[0m = 871 [0;36mhash[0m = 4c43836429afb2bb4d47ec66d37423bf72920459ca1a31edf0df29034dc04ab9 
[0;36mDEBUG[0m[2026-03-16 10:14:11.816]   received shard header from network in block tracker [0;36mshard[0m = 0 [0;36mepoch[0m = 0 [0;36mround[0m = 877 [0;36mnonce[0m = 872 [0;36mhash[0m = 6bd2717931e654ffa36822630587545da0097ac03d968eb24b8655d4626e6ece 
[0;36mDEBUG[0m[2026-03-16 10:14:11.816]   received shard header from network in block tracker [0;36mshard[0m = 0 [0;36mepoch[0m = 0 [0;36mround[0m = 878 [0;36mnonce[0m = 873 [0;36mhash[0m = 8d3421953a686779819fc15b18203e288e0efae5cbb2836f187b03f713d9897d 
[0;36mDEBUG[0m[2026-03-16 10:14:11.816]   received shard header from network in block tracker [0;36mshard[0m = 0 [0;36mepoch[0m = 0 [0;36mround[0m = 879 [0;36mnonce[0m = 874 [0;36mhash[0m = 6ca353c26a592cff607a9e67d07fa806c6e8e3137fc0847e026e998ca5ca2be4 
[0;36mDEBUG[0m[2026-03-16 10:14:11.816]   received shard header from network in block tracker [0;36mshard[0m = 0 [0;36mepoch[0m = 0 [0;36mround[0m = 880 [0;36mnonce[0m = 875 [0;36mhash[0m = 34f1aed918d90cccde7acbedcacb7f559e93e8bba2509fa4c014dc3390e835a9 
[0;36mDEBUG[0m[2026-03-16 10:14:11.816]   received shard header from network in block tracker [0;36mshard[0m = 0 [0;36mepoch[0m = 0 [0;36mround[0m = 881 [0;36mnonce[0m = 876 [0;36mhash[0m = 5cc0aae289c7d6db93bbd10e44274b760597a4967dabb2879c19bf1a9137c577 
[0;36mDEBUG[0m[2026-03-16 10:14:11.816]   received shard header from network in block tracker [0;36mshard[0m = 0 [0;36mepoch[0m = 0 [0;36mround[0m = 882 [0;36mnonce[0m = 877 [0;36mhash[0m = a80d2220d76e5915358c280ade0c61a5ee2ecbf2f71c6f8d9e4d89d238aed529 
[0;36mDEBUG[0m[2026-03-16 10:14:11.816]   received shard header from network in block tracker [0;36mshard[0m = 0 [0;36mepoch[0m = 0 [0;36mround[0m = 883 [0;36mnonce[0m = 878 [0;36mhash[0m = 60d226181887ef603cb43c9b5c6a4d8739f46461a229af88b4a2fbd07348fa43 
[0;36mDEBUG[0m[2026-03-16 10:14:11.816]   received shard header from network in block tracker [0;36mshard[0m = 0 [0;36mepoch[0m = 0 [0;36mround[0m = 884 [0;36mnonce[0m = 879 [0;36mhash[0m = 55229edcf1e92156624daaac7272270a4faedce0bafb150cbec6a2e7080e58bb 
[0;36mDEBUG[0m[2026-03-16 10:14:11.816]   received shard header from network in block tracker [0;36mshard[0m = 0 [0;36mepoch[0m = 0 [0;36mround[0m = 885 [0;36mnonce[0m = 880 [0;36mhash[0m = 2653e940f5d04088ad47a6c7a014574cc75b304202e86c3a05f24b10edefda18 
[0;36mDEBUG[0m[2026-03-16 10:14:11.816]   received shard header from network in block tracker [0;36mshard[0m = 0 [0;36mepoch[0m = 0 [0;36mround[0m = 886 [0;36mnonce[0m = 881 [0;36mhash[0m = 0fe1bc30a3768e3b681e9df57c6edda5f650fa67def9b7f9a05b9a0ab89419fd 
[0;36mDEBUG[0m[2026-03-16 10:14:11.816]   received shard header from network in block tracker [0;36mshard[0m = 0 [0;36mepoch[0m = 0 [0;36mround[0m = 887 [0;36mnonce[0m = 882 [0;36mhash[0m = d54582413e5dd75e4e6ce3d6343b8521ab377191ba88325c15ceb7a4dd2303b9 
[0;36mDEBUG[0m[2026-03-16 10:14:11.816]   received shard header from network in block tracker [0;36mshard[0m = 0 [0;36mepoch[0m = 0 [0;36mround[0m = 888 [0;36mnonce[0m = 883 [0;36mhash[0m = 7b5dc383a6e731ffd899f996a1dbd0ca3b4bb0e9e0e5fd50809ef7acbd7d47c2 
[0;36mDEBUG[0m[2026-03-16 10:14:11.816]   received shard header from network in block tracker [0;36mshard[0m = 0 [0;36mepoch[0m = 0 [0;36mround[0m = 889 [0;36mnonce[0m = 884 [0;36mhash[0m = c138efb761a0bac6414fdc9c81e7e73648244da13cbff886ad0e8d88d9ddab6b 
[0;36mDEBUG[0m[2026-03-16 10:14:11.816]   received shard header from network in block tracker [0;36mshard[0m = 0 [0;36mepoch[0m = 0 [0;36mround[0m = 890 [0;36mnonce[0m = 885 [0;36mhash[0m = 04a723ead6d17eaa83f1d9cc1742ce6138e5d117189be060800afb464169351b 
[0;36mDEBUG[0m[2026-03-16 10:14:11.816]   received shard header from network in block tracker [0;36mshard[0m = 0 [0;36mepoch[0m = 0 [0;36mround[0m = 891 [0;36mnonce[0m = 886 [0;36mhash[0m = b32ae3860dd8fd1613dcce8a69cb4ef82bd398ea50e813b8e6b13e53b36bd89e 
[0;36mDEBUG[0m[2026-03-16 10:14:11.816]   received shard header from network in block tracker [0;36mshard[0m = 0 [0;36mepoch[0m = 0 [0;36mround[0m = 892 [0;36mnonce[0m = 887 [0;36mhash[0m = 056f9ec327ace81498ddc13d69cb157147e0936fb6a61c2d4da595598e0351f8 
[0;36mDEBUG[0m[2026-03-16 10:14:11.816]   received shard header from network in block tracker [0;36mshard[0m = 0 [0;36mepoch[0m = 0 [0;36mround[0m = 893 [0;36mnonce[0m = 888 [0;36mhash[0m = 5e3aa36efd4aee09917f1f4316ae61488304ea35bcf6d918a591f25738cf88b3 
[0;36mDEBUG[0m[2026-03-16 10:14:11.816]   received shard header from network in block tracker [0;36mshard[0m = 0 [0;36mepoch[0m = 0 [0;36mround[0m = 894 [0;36mnonce[0m = 889 [0;36mhash[0m = 789001c77e0f57801e461073459b30fecf19e941b71ce20011cd1e1e27e134fe 
[0;36mDEBUG[0m[2026-03-16 10:14:11.816]   received shard header from network in block tracker [0;36mshard[0m = 0 [0;36mepoch[0m = 0 [0;36mround[0m = 895 [0;36mnonce[0m = 890 [0;36mhash[0m = 347456228bc8d420eb09705a820e242e8d07ec42510e82d8b071848c94237142 
[0;36mDEBUG[0m[2026-03-16 10:14:11.816]   received shard header from network in block tracker [0;36mshard[0m = 0 [0;36mepoch[0m = 0 [0;36mround[0m = 896 [0;36mnonce[0m = 891 [0;36mhash[0m = 9603877ad7d95d85ca9256b5fe8ec49f716b3a1032be38b810dff3b94ece7092 
[0;36mDEBUG[0m[2026-03-16 10:14:11.816]   received shard header from network in block tracker [0;36mshard[0m = 0 [0;36mepoch[0m = 0 [0;36mround[0m = 897 [0;36mnonce[0m = 892 [0;36mhash[0m = 861ca99d159162b6a642ec11d1d9ca8ff9110a4cfec4647be6c7d2344ecfeaa1 
[0;36mDEBUG[0m[2026-03-16 10:14:11.816]   received shard header from network in block tracker [0;36mshard[0m = 0 [0;36mepoch[0m = 0 [0;36mround[0m = 898 [0;36mnonce[0m = 893 [0;36mhash[0m = 19cc28c347f7e4983e6915fde0aebbb0d19afa66973d392cee3905a5c446396d 
[0;36mDEBUG[0m[2026-03-16 10:14:11.816]   received shard header from network in block tracker [0;36mshard[0m = 0 [0;36mepoch[0m = 0 [0;36mround[0m = 899 [0;36mnonce[0m = 894 [0;36mhash[0m = fee4d16c648842a5bf45d2cafab54fb5b932de04fd353df233e73de579abeff2 
[0;36mDEBUG[0m[2026-03-16 10:14:11.816]   received shard header from network in block tracker [0;36mshard[0m = 0 [0;36mepoch[0m = 0 [0;36mround[0m = 900 [0;36mnonce[0m = 895 [0;36mhash[0m = f3ccab39392e87acdf9a309dda3012c13c0dc226216e7eaab084bb50ffa8e30a 
[0;36mDEBUG[0m[2026-03-16 10:14:11.816]   received shard header from network in block tracker [0;36mshard[0m = 0 [0;36mepoch[0m = 0 [0;36mround[0m = 901 [0;36mnonce[0m = 896 [0;36mhash[0m = 29a82debd429a0c16542b00d71842f8453f2d1131c9d19eec9f1369f35c9ddb7 
[0;36mDEBUG[0m[2026-03-16 10:14:11.816]   received shard header from network in block tracker [0;36mshard[0m = 0 [0;36mepoch[0m = 0 [0;36mround[0m = 902 [0;36mnonce[0m = 897 [0;36mhash[0m = e8377cfacefbd4bae0315463e31ba6ebe3cd27503e2e2fc4ec424fc052dfa8cf 
[0;36mDEBUG[0m[2026-03-16 10:14:11.816]   received shard header from network in block tracker [0;36mshard[0m = 0 [0;36mepoch[0m = 0 [0;36mround[0m = 903 [0;36mnonce[0m = 898 [0;36mhash[0m = a55c9976bbd97d2a084d795dc6bd43b507a29e381e5a6bcd9585b7865757da45 
[0;36mDEBUG[0m[2026-03-16 10:14:11.816]   received shard header from network in block tracker [0;36mshard[0m = 0 [0;36mepoch[0m = 0 [0;36mround[0m = 904 [0;36mnonce[0m = 899 [0;36mhash[0m = 78aa72fc82a7f0bb25a5ecb3688e6642319b1826da5d966519439373e8d0fe60 
[0;36mDEBUG[0m[2026-03-16 10:14:11.816]   received shard header from network in block tracker [0;36mshard[0m = 0 [0;36mepoch[0m = 0 [0;36mround[0m = 905 [0;36mnonce[0m = 900 [0;36mhash[0m = 4e51283142dae1938c2d53a02646d216f1383b8d8b2fb64f0c8682433aa58bbf 
[0;36mDEBUG[0m[2026-03-16 10:14:11.816]   received shard header from network in block tracker [0;36mshard[0m = 0 [0;36mepoch[0m = 0 [0;36mround[0m = 906 [0;36mnonce[0m = 901 [0;36mhash[0m = ae74a9dbf86221f873f08320b01b317c9f9bb97f5f5602559a6378f0836539f4 
[0;36mDEBUG[0m[2026-03-16 10:14:11.816]   received shard header from network in block tracker [0;36mshard[0m = 0 [0;36mepoch[0m = 0 [0;36mround[0m = 907 [0;36mnonce[0m = 902 [0;36mhash[0m = cf12ec6f574b91cbbb6b2d772da9e612884df037bd3e6756978f74c4bdf2be6e 
[0;36mDEBUG[0m[2026-03-16 10:14:11.816]   received shard header from network in block tracker [0;36mshard[0m = 0 [0;36mepoch[0m = 0 [0;36mround[0m = 908 [0;36mnonce[0m = 903 [0;36mhash[0m = f63fba6c239ee0d537217fd0980bc334cc5402a913e7265e39a00a012b057a4c 
[0;36mDEBUG[0m[2026-03-16 10:14:11.816]   received shard header from network in block tracker [0;36mshard[0m = 0 [0;36mepoch[0m = 0 [0;36mround[0m = 909 [0;36mnonce[0m = 904 [0;36mhash[0m = 82f35ef748d42329081831e8d6539696dd1ba4582e770d8dcadda228d8684b17 
[0;36mDEBUG[0m[2026-03-16 10:14:11.816]   received shard header from network in block tracker [0;36mshard[0m = 0 [0;36mepoch[0m = 0 [0;36mround[0m = 910 [0;36mnonce[0m = 905 [0;36mhash[0m = 2022e805972bd24f190aba0d208e897b3a0b9d21dcfdcd16c43a95ff002bb763 
[0;36mDEBUG[0m[2026-03-16 10:14:11.816]   received shard header from network in block tracker [0;36mshard[0m = 0 [0;36mepoch[0m = 0 [0;36mround[0m = 911 [0;36mnonce[0m = 906 [0;36mhash[0m = 19f308366c703c2f04f2119443cfa371f8abd8af7c12122825b53d3f70e0ea47 
[0;36mDEBUG[0m[2026-03-16 10:14:11.816]   received shard header from network in block tracker [0;36mshard[0m = 0 [0;36mepoch[0m = 0 [0;36mround[0m = 912 [0;36mnonce[0m = 907 [0;36mhash[0m = d1a50d2b9572d886a2b1afddd36e1ee70babcfb9394df0d581f93fdf19e40f8c 
[0;36mDEBUG[0m[2026-03-16 10:14:11.816]   received shard header from network in block tracker [0;36mshard[0m = 0 [0;36mepoch[0m = 0 [0;36mround[0m = 913 [0;36mnonce[0m = 908 [0;36mhash[0m = d8fe2b0f3d9dca109c7f871f4e65d3e4fbab5f0f24be3a7f7cc63a8f9e331f0c 
[0;36mDEBUG[0m[2026-03-16 10:14:11.817]   received shard header from network in block tracker [0;36mshard[0m = 0 [0;36mepoch[0m = 0 [0;36mround[0m = 914 [0;36mnonce[0m = 909 [0;36mhash[0m = c7f375248462fa2787707c700383c744623a8a7427f52aa8f731dd3663c8f386 
[0;36mDEBUG[0m[2026-03-16 10:14:11.817]   received shard header from network in block tracker [0;36mshard[0m = 0 [0;36mepoch[0m = 0 [0;36mround[0m = 915 [0;36mnonce[0m = 910 [0;36mhash[0m = dcafbdd77356df362e1b852e9531b895c2477fe1f84b1e7c956aa384881640c8 
[0;36mDEBUG[0m[2026-03-16 10:14:11.817]   received shard header from network in block tracker [0;36mshard[0m = 0 [0;36mepoch[0m = 0 [0;36mround[0m = 916 [0;36mnonce[0m = 911 [0;36mhash[0m = 84af9a298b506be8f031dd84ab81c4b192bf013db8e460cca29c94589db8526b 
[0;36mDEBUG[0m[2026-03-16 10:14:11.817]   received shard header from network in block tracker [0;36mshard[0m = 0 [0;36mepoch[0m = 0 [0;36mround[0m = 917 [0;36mnonce[0m = 912 [0;36mhash[0m = 4e2a8b60516bdd1fb8e8bbd215adb8cb490725e8d8b80200f1cace4049a0cc8b 
[0;36mDEBUG[0m[2026-03-16 10:14:11.817]   received shard header from network in block tracker [0;36mshard[0m = 0 [0;36mepoch[0m = 0 [0;36mround[0m = 918 [0;36mnonce[0m = 913 [0;36mhash[0m = d11c64d02efd8e4809754280a8f01da27b208f9ea31f5730f5d71cd8c11251b3 
[0;36mDEBUG[0m[2026-03-16 10:14:11.817]   received shard header from network in block tracker [0;36mshard[0m = 0 [0;36mepoch[0m = 0 [0;36mround[0m = 919 [0;36mnonce[0m = 914 [0;36mhash[0m = a0c07d9da4e054297231729ca98f7a355272cda4f23e24cd019be1de59542dc6 
[0;36mDEBUG[0m[2026-03-16 10:14:11.817]   received shard header from network in block tracker [0;36mshard[0m = 0 [0;36mepoch[0m = 0 [0;36mround[0m = 920 [0;36mnonce[0m = 915 [0;36mhash[0m = e9ebd942625d0f76c3500d5fc445c55f99ee12ee70fb132ba7d7fc0f3b725697 
[0;36mDEBUG[0m[2026-03-16 10:14:11.817]   received shard header from network in block tracker [0;36mshard[0m = 0 [0;36mepoch[0m = 0 [0;36mround[0m = 921 [0;36mnonce[0m = 916 [0;36mhash[0m = 08f5c809850be5606f243fec4ac768b820118b98d537b6e8465c9b18d3ec76de 
[0;36mDEBUG[0m[2026-03-16 10:14:11.817]   received shard header from network in block tracker [0;36mshard[0m = 0 [0;36mepoch[0m = 0 [0;36mround[0m = 922 [0;36mnonce[0m = 917 [0;36mhash[0m = e0a44d8850399e883fa5f5a1ef3bd6c236924a85879bb922b0501b5024c0f093 
[0;36mDEBUG[0m[2026-03-16 10:14:11.817]   received shard header from network in block tracker [0;36mshard[0m = 0 [0;36mepoch[0m = 0 [0;36mround[0m = 923 [0;36mnonce[0m = 918 [0;36mhash[0m = 58a9674758da5abac543d0455d3d1314071cae27b64e85c285f8cfecb09bb683 
[0;36mDEBUG[0m[2026-03-16 10:14:11.817]   received shard header from network in block tracker [0;36mshard[0m = 0 [0;36mepoch[0m = 0 [0;36mround[0m = 924 [0;36mnonce[0m = 919 [0;36mhash[0m = 05640795e3c1a7b0d50bbd0fbf03d1baee37347c885578f20f41b769fe355be5 
[0;36mDEBUG[0m[2026-03-16 10:14:11.817]   received shard header from network in block tracker [0;36mshard[0m = 0 [0;36mepoch[0m = 0 [0;36mround[0m = 925 [0;36mnonce[0m = 920 [0;36mhash[0m = d13fe2526ebec5a72f4aff90cd2e172db310c37f2afc08bbba88bc37b21935e5 
[0;36mDEBUG[0m[2026-03-16 10:14:11.817]   received shard header from network in block tracker [0;36mshard[0m = 0 [0;36mepoch[0m = 0 [0;36mround[0m = 926 [0;36mnonce[0m = 921 [0;36mhash[0m = a3bfdecd48117f44bd8a1f6b802b91d78402b04047a2081bf8fa1da5d49dfc6d 
[0;36mDEBUG[0m[2026-03-16 10:14:11.817]   received shard header from network in block tracker [0;36mshard[0m = 0 [0;36mepoch[0m = 0 [0;36mround[0m = 927 [0;36mnonce[0m = 922 [0;36mhash[0m = e2ba72fcf56201e21a334eceaa990a5b6749c40dadae919f0c9d6616b6ea1193 
[0;36mDEBUG[0m[2026-03-16 10:14:11.817]   received shard header from network in block tracker [0;36mshard[0m = 0 [0;36mepoch[0m = 0 [0;36mround[0m = 928 [0;36mnonce[0m = 923 [0;36mhash[0m = 6b855dd86d21b5a03fdd73df1b42b594e736ce0c0ffca4e19d336d89fb1d1049 
[0;36mDEBUG[0m[2026-03-16 10:14:11.817]   received shard header from network in block tracker [0;36mshard[0m = 0 [0;36mepoch[0m = 0 [0;36mround[0m = 929 [0;36mnonce[0m = 924 [0;36mhash[0m = 201a2be74ea8f6779fd6e22234331b77e1154a4f63c1017f43518322f914734a 
[0;36mDEBUG[0m[2026-03-16 10:14:11.817]   received shard header from network in block tracker [0;36mshard[0m = 0 [0;36mepoch[0m = 0 [0;36mround[0m = 930 [0;36mnonce[0m = 925 [0;36mhash[0m = a597c97e12d047762dbcb7e271c41dee405e0e9dc6d8d671e376408fdfd6dc78 
[0;36mDEBUG[0m[2026-03-16 10:14:11.817]   received shard header from network in block tracker [0;36mshard[0m = 0 [0;36mepoch[0m = 0 [0;36mround[0m = 931 [0;36mnonce[0m = 926 [0;36mhash[0m = ac0604cd193a9038f4fc69490eae6083b9c9ed7735d8f96f6488f5425ab691c2 
[0;36mDEBUG[0m[2026-03-16 10:14:11.817]   received shard header from network in block tracker [0;36mshard[0m = 0 [0;36mepoch[0m = 0 [0;36mround[0m = 932 [0;36mnonce[0m = 927 [0;36mhash[0m = 3141038254ce9da8bb3288bd52134dfec30d597260f9df9f32fec43ee5a1822b 
[0;36mDEBUG[0m[2026-03-16 10:14:11.817]   received shard header from network in block tracker [0;36mshard[0m = 0 [0;36mepoch[0m = 0 [0;36mround[0m = 933 [0;36mnonce[0m = 928 [0;36mhash[0m = 373d128931779f0c2a149fa1737c3cda32ab936ac4c4c4ab2dd2b103b29819c1 
[0;36mDEBUG[0m[2026-03-16 10:14:11.817]   received shard header from network in block tracker [0;36mshard[0m = 0 [0;36mepoch[0m = 0 [0;36mround[0m = 934 [0;36mnonce[0m = 929 [0;36mhash[0m = ec07a56e1a1f7c55b9003141cf5448a40c1f2fdde41dadad08ff649770b05736 
[0;36mDEBUG[0m[2026-03-16 10:14:11.817]   received shard header from network in block tracker [0;36mshard[0m = 0 [0;36mepoch[0m = 0 [0;36mround[0m = 935 [0;36mnonce[0m = 930 [0;36mhash[0m = 964cbbded3f8c13a40f60829f246186abe75b9048443f41aac0e51a75e9fa6f7 
[0;36mDEBUG[0m[2026-03-16 10:14:11.817]   received shard header from network in block tracker [0;36mshard[0m = 0 [0;36mepoch[0m = 0 [0;36mround[0m = 936 [0;36mnonce[0m = 931 [0;36mhash[0m = 06f9899105111474e23b69ab7ccbcd9a57991712fc2dc500dfd93e11fcd7d69f 
[0;36mDEBUG[0m[2026-03-16 10:14:11.817]   received shard header from network in block tracker [0;36mshard[0m = 0 [0;36mepoch[0m = 0 [0;36mround[0m = 937 [0;36mnonce[0m = 932 [0;36mhash[0m = a4c95d8c2f06617cbdc749eb99924e9420e6283e2fa560958288f77ffe2d4627 
[0;36mDEBUG[0m[2026-03-16 10:14:11.817]   received shard header from network in block tracker [0;36mshard[0m = 0 [0;36mepoch[0m = 0 [0;36mround[0m = 938 [0;36mnonce[0m = 933 [0;36mhash[0m = d70067b1c8e997ff026c6d20d291ec4acff67cfb3070b042767b5ac5c3302005 
[0;36mDEBUG[0m[2026-03-16 10:14:11.817]   received shard header from network in block tracker [0;36mshard[0m = 0 [0;36mepoch[0m = 0 [0;36mround[0m = 939 [0;36mnonce[0m = 934 [0;36mhash[0m = 9fb62f5c901bcbe2be56fe8349f6737e555e49437dd05f54a561d0b6c8d6ba8d 
[0;36mDEBUG[0m[2026-03-16 10:14:11.817]   received shard header from network in block tracker [0;36mshard[0m = 0 [0;36mepoch[0m = 0 [0;36mround[0m = 940 [0;36mnonce[0m = 935 [0;36mhash[0m = 0cd6c8f43dc8d4efd24fa04cef2a79ef1771d157dc7705e22dbf50b2c10f6964 
[0;36mDEBUG[0m[2026-03-16 10:14:11.817]   received shard header from network in block tracker [0;36mshard[0m = 0 [0;36mepoch[0m = 0 [0;36mround[0m = 941 [0;36mnonce[0m = 936 [0;36mhash[0m = 28a422bfd14011cdd23f8ca7579990ded990cc9d9c146ef19d2b42949d03c799 
[0;36mDEBUG[0m[2026-03-16 10:14:11.817]   received shard header from network in block tracker [0;36mshard[0m = 0 [0;36mepoch[0m = 0 [0;36mround[0m = 942 [0;36mnonce[0m = 937 [0;36mhash[0m = 1a4546b8ab4f9f36f1bb1cb72110fc0c6942a5049f96d5864462dbc3e8665711 
[0;36mDEBUG[0m[2026-03-16 10:14:11.817]   received shard header from network in block tracker [0;36mshard[0m = 0 [0;36mepoch[0m = 0 [0;36mround[0m = 943 [0;36mnonce[0m = 938 [0;36mhash[0m = 913aef9b4c3c03b4efe228251f26269ae11d4304f3653b36377857eafcd5a084 
[0;36mDEBUG[0m[2026-03-16 10:14:11.817]   received shard header from network in block tracker [0;36mshard[0m = 0 [0;36mepoch[0m = 0 [0;36mround[0m = 944 [0;36mnonce[0m = 939 [0;36mhash[0m = ee901f9662a5ffd8887bc307d7372f208cc30adc1418c934f73d7bd6d8faa3d3 
[0;36mDEBUG[0m[2026-03-16 10:14:11.817]   received shard header from network in block tracker [0;36mshard[0m = 0 [0;36mepoch[0m = 0 [0;36mround[0m = 945 [0;36mnonce[0m = 940 [0;36mhash[0m = 4f4e0477b8862e1e2cef383f5582a1dcf13e4358a60351a577c6b2821cb12b7e 
[0;36mDEBUG[0m[2026-03-16 10:14:11.817]   received shard header from network in block tracker [0;36mshard[0m = 0 [0;36mepoch[0m = 0 [0;36mround[0m = 946 [0;36mnonce[0m = 941 [0;36mhash[0m = eb5f8cfabb9e6ea283b01db3af529f453e6ffe6684aecf56ff7f075f192b31a3 
[0;36mDEBUG[0m[2026-03-16 10:14:11.817]   received shard header from network in block tracker [0;36mshard[0m = 0 [0;36mepoch[0m = 0 [0;36mround[0m = 947 [0;36mnonce[0m = 942 [0;36mhash[0m = 9830c83c522cad46fc4df33b10070d7ded2963a995e0b641ff13108ba58f2ad8 
[0;36mDEBUG[0m[2026-03-16 10:14:11.817]   received shard header from network in block tracker [0;36mshard[0m = 0 [0;36mepoch[0m = 0 [0;36mround[0m = 948 [0;36mnonce[0m = 943 [0;36mhash[0m = b975ddc7fadb2628f31cc9268e94ecaf4c1d5593249ad68732a966f16249f509 
[0;36mDEBUG[0m[2026-03-16 10:14:11.817]   received shard header from network in block tracker [0;36mshard[0m = 0 [0;36mepoch[0m = 0 [0;36mround[0m = 949 [0;36mnonce[0m = 944 [0;36mhash[0m = 7ff2b83472b20b2c4dc2e142954006c8a62daef42dca878b3dd1fc8bee1fc4df 
[0;36mDEBUG[0m[2026-03-16 10:14:11.817]   received shard header from network in block tracker [0;36mshard[0m = 0 [0;36mepoch[0m = 0 [0;36mround[0m = 950 [0;36mnonce[0m = 945 [0;36mhash[0m = 1293d544df30c3d036125f5cddacb67d74412ae0e9e74441fec0326751e7b37f 
[0;36mDEBUG[0m[2026-03-16 10:14:11.817]   received shard header from network in block tracker [0;36mshard[0m = 0 [0;36mepoch[0m = 0 [0;36mround[0m = 951 [0;36mnonce[0m = 946 [0;36mhash[0m = f35ae7c031fb944e66e04dd895edfa30f6177686b782941a44d57af8d475e963 
[0;36mDEBUG[0m[2026-03-16 10:14:11.817]   received shard header from network in block tracker [0;36mshard[0m = 0 [0;36mepoch[0m = 0 [0;36mround[0m = 952 [0;36mnonce[0m = 947 [0;36mhash[0m = 7cd0e0a7d6e764068df8dcd9f8b365a699b393c7c5566bb3a9d48682216cfd66 
[0;36mDEBUG[0m[2026-03-16 10:14:11.817]   received shard header from network in block tracker [0;36mshard[0m = 0 [0;36mepoch[0m = 0 [0;36mround[0m = 953 [0;36mnonce[0m = 948 [0;36mhash[0m = afaeb514ca545c353bcac78b826265857fa634a90019938569b6d7aaae1b6621 
[0;36mDEBUG[0m[2026-03-16 10:14:11.818]   received shard header from network in block tracker [0;36mshard[0m = 0 [0;36mepoch[0m = 0 [0;36mround[0m = 954 [0;36mnonce[0m = 949 [0;36mhash[0m = 2706a3e50c04c9c2ea196325af4369a6293e82cb4488b6746a35a1b027724c52 
[0;36mDEBUG[0m[2026-03-16 10:14:11.818]   received shard header from network in block tracker [0;36mshard[0m = 0 [0;36mepoch[0m = 0 [0;36mround[0m = 955 [0;36mnonce[0m = 950 [0;36mhash[0m = 15f0f3f66d257c6ea29a69b0e263fd7f5b19d6da1d3d30e9c53da2beafc8740c 
[0;36mDEBUG[0m[2026-03-16 10:14:11.818]   received shard header from network in block tracker [0;36mshard[0m = 0 [0;36mepoch[0m = 0 [0;36mround[0m = 956 [0;36mnonce[0m = 951 [0;36mhash[0m = 14326c1c5d9a42c3052c98a2cc5068529c3a2491855ec2aa9a65e38d67a106fb 
[0;36mDEBUG[0m[2026-03-16 10:14:11.818]   received shard header from network in block tracker [0;36mshard[0m = 0 [0;36mepoch[0m = 0 [0;36mround[0m = 957 [0;36mnonce[0m = 952 [0;36mhash[0m = 438419b4b828e7fb7952d5afb719bfe73aa5a6fdf329f94f804e8a3f34b95ffb 
[0;36mDEBUG[0m[2026-03-16 10:14:11.818]   received shard header from network in block tracker [0;36mshard[0m = 0 [0;36mepoch[0m = 0 [0;36mround[0m = 958 [0;36mnonce[0m = 953 [0;36mhash[0m = d047f2440faccefb855ae8aa6ad7c212b501df8fb2089e3323b5fdd91234b2f1 
[0;36mDEBUG[0m[2026-03-16 10:14:11.818]   received shard header from network in block tracker [0;36mshard[0m = 0 [0;36mepoch[0m = 0 [0;36mround[0m = 959 [0;36mnonce[0m = 954 [0;36mhash[0m = b3ae6b627b9420a81e09b0da1be4b89732f8c69e45091cf75bdfd77d8ba4cb02 
[0;36mDEBUG[0m[2026-03-16 10:14:11.818]   received shard header from network in block tracker [0;36mshard[0m = 0 [0;36mepoch[0m = 0 [0;36mround[0m = 960 [0;36mnonce[0m = 955 [0;36mhash[0m = 43c256bd18ca73e7281f41c0970b37976f7bf97d86b4d41afd6f29a6e041f8a2 
[0;36mDEBUG[0m[2026-03-16 10:14:11.818]   received shard header from network in block tracker [0;36mshard[0m = 0 [0;36mepoch[0m = 0 [0;36mround[0m = 961 [0;36mnonce[0m = 956 [0;36mhash[0m = 6ef5a7675f69af4aee9fd9cd50e72780bd8f0e00e078425597a1046c9e2c9555 
[0;36mDEBUG[0m[2026-03-16 10:14:11.818]   received shard header from network in block tracker [0;36mshard[0m = 0 [0;36mepoch[0m = 0 [0;36mround[0m = 962 [0;36mnonce[0m = 957 [0;36mhash[0m = f156d692db5e7d8524d3ccea34f2768e3b58aa1b1b8b4e04bbb31ee9a31c685e 
[0;36mDEBUG[0m[2026-03-16 10:14:11.818]   received shard header from network in block tracker [0;36mshard[0m = 0 [0;36mepoch[0m = 0 [0;36mround[0m = 963 [0;36mnonce[0m = 958 [0;36mhash[0m = 263eddd0af76e3d1d110a69b938701e4924f07b66fa8d6d2e15ae9dad9a5fc93 
[0;36mDEBUG[0m[2026-03-16 10:14:11.818]   received shard header from network in block tracker [0;36mshard[0m = 0 [0;36mepoch[0m = 0 [0;36mround[0m = 964 [0;36mnonce[0m = 959 [0;36mhash[0m = 5c74484b9cf98c7384e5eeb9710a37ec7be40564cee24a038a0558bdb948fd02 
[0;36mDEBUG[0m[2026-03-16 10:14:11.818]   received shard header from network in block tracker [0;36mshard[0m = 0 [0;36mepoch[0m = 0 [0;36mround[0m = 965 [0;36mnonce[0m = 960 [0;36mhash[0m = 5469a3f25acc62699c1b5cd8d3e34de0fd5e7c7e750f1e0243a55d357a80fa1a 
[0;36mDEBUG[0m[2026-03-16 10:14:11.818]   received shard header from network in block tracker [0;36mshard[0m = 0 [0;36mepoch[0m = 0 [0;36mround[0m = 966 [0;36mnonce[0m = 961 [0;36mhash[0m = de33c1670921bc2d6ced07e7428ff1d8ffde01619959113250843711f5b3b666 
[0;36mDEBUG[0m[2026-03-16 10:14:11.818]   received shard header from network in block tracker [0;36mshard[0m = 0 [0;36mepoch[0m = 0 [0;36mround[0m = 967 [0;36mnonce[0m = 962 [0;36mhash[0m = 21129c4fee6c7b2a61ff51d89b72588e368606cce508193f5503e2e44c482471 
[0;36mDEBUG[0m[2026-03-16 10:14:11.818]   received shard header from network in block tracker [0;36mshard[0m = 0 [0;36mepoch[0m = 0 [0;36mround[0m = 968 [0;36mnonce[0m = 963 [0;36mhash[0m = b8fc5400b0952d6ff2884041557693df9b0af72fe792ba58094aaf0ed0f0b5ff 
[0;36mDEBUG[0m[2026-03-16 10:14:11.818]   received shard header from network in block tracker [0;36mshard[0m = 0 [0;36mepoch[0m = 0 [0;36mround[0m = 969 [0;36mnonce[0m = 964 [0;36mhash[0m = 1a322ab7276b9be6be9745f4bcd8e748beb8263e070403e6a42052718eed4bca 
[0;36mDEBUG[0m[2026-03-16 10:14:11.818]   received shard header from network in block tracker [0;36mshard[0m = 0 [0;36mepoch[0m = 0 [0;36mround[0m = 970 [0;36mnonce[0m = 965 [0;36mhash[0m = 567e2bce495116576343573371edd286164590d6452f27f088e01f1dea5c60cf 
[0;36mDEBUG[0m[2026-03-16 10:14:11.818]   received shard header from network in block tracker [0;36mshard[0m = 0 [0;36mepoch[0m = 0 [0;36mround[0m = 971 [0;36mnonce[0m = 966 [0;36mhash[0m = dbb1031188bf88e651a96d923ee837e1fcf0b0fa0d97f40b3b3d7a57195e3b29 
[0;36mDEBUG[0m[2026-03-16 10:14:11.818]   received shard header from network in block tracker [0;36mshard[0m = 0 [0;36mepoch[0m = 0 [0;36mround[0m = 972 [0;36mnonce[0m = 967 [0;36mhash[0m = 30b87d0250442966f7beb89ce9b72eac184df27f760e68cf09fb6f5c59ea6abd 
[0;36mDEBUG[0m[2026-03-16 10:14:11.818]   received shard header from network in block tracker [0;36mshard[0m = 0 [0;36mepoch[0m = 0 [0;36mround[0m = 973 [0;36mnonce[0m = 968 [0;36mhash[0m = 39c5592c6f61f927d7a3b62548c2bbf90be4243168e0315f3ddef50b3574e4ee 
[0;36mDEBUG[0m[2026-03-16 10:14:11.818]   received shard header from network in block tracker [0;36mshard[0m = 0 [0;36mepoch[0m = 0 [0;36mround[0m = 974 [0;36mnonce[0m = 969 [0;36mhash[0m = 68a609ee603e441e99c7403b62767d1e8ced50aa337b0d8c6b78d8e760cb0835 
[0;36mDEBUG[0m[2026-03-16 10:14:11.818]   received shard header from network in block tracker [0;36mshard[0m = 0 [0;36mepoch[0m = 0 [0;36mround[0m = 975 [0;36mnonce[0m = 970 [0;36mhash[0m = 02ef18e060308f54cc240546e939191692befd184dc29d77ab5eecc129bef856 
[0;36mDEBUG[0m[2026-03-16 10:14:11.818]   received shard header from network in block tracker [0;36mshard[0m = 0 [0;36mepoch[0m = 0 [0;36mround[0m = 976 [0;36mnonce[0m = 971 [0;36mhash[0m = 02d3f04826c3b1f99506efa3c6278a5f5ea141149eacf72239526b7bb73abcc1 
[0;36mDEBUG[0m[2026-03-16 10:14:11.818]   received shard header from network in block tracker [0;36mshard[0m = 0 [0;36mepoch[0m = 0 [0;36mround[0m = 977 [0;36mnonce[0m = 972 [0;36mhash[0m = d13fcd6a59b7941cf72aa68b85091ce0e9d21b28d2b99dbc6e3dc38fc10de3d9 
[0;36mDEBUG[0m[2026-03-16 10:14:11.818]   received shard header from network in block tracker [0;36mshard[0m = 0 [0;36mepoch[0m = 0 [0;36mround[0m = 978 [0;36mnonce[0m = 973 [0;36mhash[0m = 7a2f2a0b94cbdcaa7caabd0ba7857731fc8cd8ecead395282d75f99b073d4ab2 
[0;36mDEBUG[0m[2026-03-16 10:14:11.818]   received shard header from network in block tracker [0;36mshard[0m = 0 [0;36mepoch[0m = 0 [0;36mround[0m = 979 [0;36mnonce[0m = 974 [0;36mhash[0m = bae2b5115e7679d84531347cbf0914bed952dc8b6a300fb2a0668073cba0838d 
[0;36mDEBUG[0m[2026-03-16 10:14:11.818]   received shard header from network in block tracker [0;36mshard[0m = 0 [0;36mepoch[0m = 0 [0;36mround[0m = 980 [0;36mnonce[0m = 975 [0;36mhash[0m = ff870e623513e4463ff62f3c0b8908891de59e1a72c329709fc5f0530f40e6b9 
[0;36mDEBUG[0m[2026-03-16 10:14:11.818]   received shard header from network in block tracker [0;36mshard[0m = 0 [0;36mepoch[0m = 0 [0;36mround[0m = 981 [0;36mnonce[0m = 976 [0;36mhash[0m = 9d552e4ff3bdae8a328f8e1d1242b528df89100b0330859a3012696aa6a18a4e 
[0;36mDEBUG[0m[2026-03-16 10:14:11.818]   received shard header from network in block tracker [0;36mshard[0m = 0 [0;36mepoch[0m = 0 [0;36mround[0m = 982 [0;36mnonce[0m = 977 [0;36mhash[0m = 6ee54fc0991520e48aa87bcc093a08e5887f7ffa002b7895449fa40e2caadb0b 
[0;36mDEBUG[0m[2026-03-16 10:14:11.818]   received shard header from network in block tracker [0;36mshard[0m = 0 [0;36mepoch[0m = 0 [0;36mround[0m = 983 [0;36mnonce[0m = 978 [0;36mhash[0m = a944275141e69fcff973cf7c1a2c7e044e5af859dd64bb4b8b2d2343184f7bff 
[0;36mDEBUG[0m[2026-03-16 10:14:11.818]   received shard header from network in block tracker [0;36mshard[0m = 0 [0;36mepoch[0m = 0 [0;36mround[0m = 984 [0;36mnonce[0m = 979 [0;36mhash[0m = 0a46e223eda17448d143096fe71cc0bd695a73907ba37b728fc08294845ec8ed 
[0;36mDEBUG[0m[2026-03-16 10:14:11.818]   received shard header from network in block tracker [0;36mshard[0m = 0 [0;36mepoch[0m = 0 [0;36mround[0m = 985 [0;36mnonce[0m = 980 [0;36mhash[0m = 9823e3a9f0a8815f655cfaeea80319f06e983d7adeaae59331863371d535a352 
[0;36mDEBUG[0m[2026-03-16 10:14:11.818]   received shard header from network in block tracker [0;36mshard[0m = 0 [0;36mepoch[0m = 0 [0;36mround[0m = 986 [0;36mnonce[0m = 981 [0;36mhash[0m = c6fcac34e26af7b34ee0fa22aa555f5b67432af8620f6393cf6bce1ceb6a17eb 
[0;36mDEBUG[0m[2026-03-16 10:14:11.818]   received shard header from network in block tracker [0;36mshard[0m = 0 [0;36mepoch[0m = 0 [0;36mround[0m = 987 [0;36mnonce[0m = 982 [0;36mhash[0m = e85c7519f47c41feb9834b4468d42a1149449951b7dab9be77d5d96d57b8dfa1 
[0;36mDEBUG[0m[2026-03-16 10:14:11.818]   received shard header from network in block tracker [0;36mshard[0m = 0 [0;36mepoch[0m = 0 [0;36mround[0m = 988 [0;36mnonce[0m = 983 [0;36mhash[0m = cf01bcfdacecbdb8599f993d12e3d2b8372104d0531af363fee7f85c2c56ba98 
[0;36mDEBUG[0m[2026-03-16 10:14:11.818]   received shard header from network in block tracker [0;36mshard[0m = 0 [0;36mepoch[0m = 0 [0;36mround[0m = 989 [0;36mnonce[0m = 984 [0;36mhash[0m = b3bb2a946f0e30b8e31adf7e962d8d714525b3f5bba32523aeee20d912b2e2f0 
[0;36mDEBUG[0m[2026-03-16 10:14:11.818]   received shard header from network in block tracker [0;36mshard[0m = 0 [0;36mepoch[0m = 0 [0;36mround[0m = 990 [0;36mnonce[0m = 985 [0;36mhash[0m = 0eada5055337d9bec08b09bebc072dbba42d4cd1d2a08291a553d0a500fa19ba 
[0;36mDEBUG[0m[2026-03-16 10:14:11.818]   received shard header from network in block tracker [0;36mshard[0m = 0 [0;36mepoch[0m = 0 [0;36mround[0m = 991 [0;36mnonce[0m = 986 [0;36mhash[0m = e763ffe3d628638efa0543b59872c880a971bdc40e5b1491f898b5d89023aad3 
[0;36mDEBUG[0m[2026-03-16 10:14:11.818]   received shard header from network in block tracker [0;36mshard[0m = 0 [0;36mepoch[0m = 0 [0;36mround[0m = 992 [0;36mnonce[0m = 987 [0;36mhash[0m = 3194a4a90dce16cb3db1e80f659b10ddb57c044a3b2771841fc94c80a7eab739 
[0;36mDEBUG[0m[2026-03-16 10:14:11.818]   received shard header from network in block tracker [0;36mshard[0m = 0 [0;36mepoch[0m = 0 [0;36mround[0m = 993 [0;36mnonce[0m = 988 [0;36mhash[0m = 4c058116e0aa7abc81ccfd148e4aed4cf5e88fda349dadc6e82799395e75e9cc 
[0;36mDEBUG[0m[2026-03-16 10:14:11.818]   received shard header from network in block tracker [0;36mshard[0m = 0 [0;36mepoch[0m = 0 [0;36mround[0m = 994 [0;36mnonce[0m = 989 [0;36mhash[0m = eca299fdb27c48ad9eaac4a3d7492707c337914c61118c1ee0659d15ad139095 
[0;36mDEBUG[0m[2026-03-16 10:14:11.819]   received shard header from network in block tracker [0;36mshard[0m = 0 [0;36mepoch[0m = 0 [0;36mround[0m = 995 [0;36mnonce[0m = 990 [0;36mhash[0m = b80dcb0be3927bed8eaa3ef6563f461a65ad6af9808ee4726da1e69edeec22a7 
[0;36mDEBUG[0m[2026-03-16 10:14:11.819]   received shard header from network in block tracker [0;36mshard[0m = 0 [0;36mepoch[0m = 0 [0;36mround[0m = 996 [0;36mnonce[0m = 991 [0;36mhash[0m = b649250173c0c59ddcdb18b9589cf89cda251f26ce6a5db0178ccc039cae4081 
[0;36mDEBUG[0m[2026-03-16 10:14:11.819]   received shard header from network in block tracker [0;36mshard[0m = 0 [0;36mepoch[0m = 0 [0;36mround[0m = 997 [0;36mnonce[0m = 992 [0;36mhash[0m = 151adf624914ffaabe33b684a6a7bfddd02648561f157b218aaecf7b2fef2584 
[0;36mDEBUG[0m[2026-03-16 10:14:11.819]   received shard header from network in block tracker [0;36mshard[0m = 0 [0;36mepoch[0m = 0 [0;36mround[0m = 998 [0;36mnonce[0m = 993 [0;36mhash[0m = 2fac9bca7c79037f5996fffeced1845658c5e8f3fe29b5a2a6ae7e6b010b725e 
[0;36mDEBUG[0m[2026-03-16 10:14:11.819]   received shard header from network in block tracker [0;36mshard[0m = 0 [0;36mepoch[0m = 0 [0;36mround[0m = 999 [0;36mnonce[0m = 994 [0;36mhash[0m = 61a294faafa5faadd870b29e305134f9963a4825ffeff7a2da4c52e6abebd953 
[0;36mDEBUG[0m[2026-03-16 10:14:11.819]   received shard header from network in block tracker [0;36mshard[0m = 0 [0;36mepoch[0m = 0 [0;36mround[0m = 1000 [0;36mnonce[0m = 995 [0;36mhash[0m = 6e6bc16efc4a13ab926ed714b57d7a382b3c28aeb5ef5c4f806c539d48472aa4 
[0;36mDEBUG[0m[2026-03-16 10:14:11.819]   received shard header from network in block tracker [0;36mshard[0m = 0 [0;36mepoch[0m = 0 [0;36mround[0m = 1001 [0;36mnonce[0m = 996 [0;36mhash[0m = f6b68a4293f95d4d17af92bde8f9be7330f7095199b2936e7671b40959b187cb 
[0;36mDEBUG[0m[2026-03-16 10:14:11.819]   received shard header from network in block tracker [0;36mshard[0m = 0 [0;36mepoch[0m = 0 [0;36mround[0m = 13 [0;36mnonce[0m = 7 [0;36mhash[0m = c642e1a40b231943b492cb6da0f1bbb4eb852422ef8ace3781f063ab3c08f4b8 
[0;36mDEBUG[0m[2026-03-16 10:14:11.819]   received shard header from network in block tracker [0;36mshard[0m = 0 [0;36mepoch[0m = 0 [0;36mround[0m = 14 [0;36mnonce[0m = 8 [0;36mhash[0m = 3e842545d5e4e5a79467f548fc960ce72a5d96acfebe153d3a716a61d32610cb 
[0;36mDEBUG[0m[2026-03-16 10:14:11.819]   received shard header from network in block tracker [0;36mshard[0m = 0 [0;36mepoch[0m = 0 [0;36mround[0m = 15 [0;36mnonce[0m = 9 [0;36mhash[0m = 249fea316b1db516cf4fd79c228caafc18acd6d847d07823f7f62e38d50da3ac 
[0;36mDEBUG[0m[2026-03-16 10:14:11.819]   received shard header from network in block tracker [0;36mshard[0m = 0 [0;36mepoch[0m = 0 [0;36mround[0m = 16 [0;36mnonce[0m = 10 [0;36mhash[0m = 0d2337383f06b4c0eff342e95f2b2ff57fe8315d05b0a546fc5081658850f08c 
[0;36mDEBUG[0m[2026-03-16 10:14:11.819]   received shard header from network in block tracker [0;36mshard[0m = 0 [0;36mepoch[0m = 0 [0;36mround[0m = 17 [0;36mnonce[0m = 11 [0;36mhash[0m = 63b9aca8ed8464e27117989d4935d41c515700ceedfb021e69758769d5b56b75 
[0;36mDEBUG[0m[2026-03-16 10:14:11.819]   received shard header from network in block tracker [0;36mshard[0m = 0 [0;36mepoch[0m = 0 [0;36mround[0m = 18 [0;36mnonce[0m = 12 [0;36mhash[0m = d6039fdaff48ee9cacf6906ba17a24b6ffd2303ff530138fd1d3368ab3c0e334 
[0;36mDEBUG[0m[2026-03-16 10:14:11.819]   received shard header from network in block tracker [0;36mshard[0m = 0 [0;36mepoch[0m = 0 [0;36mround[0m = 19 [0;36mnonce[0m = 13 [0;36mhash[0m = cb5e6d3e40c1c573f78061903e8ce9fc30324807e0392700523ebcc905c7c426 
[0;36mDEBUG[0m[2026-03-16 10:14:11.819]   received shard header from network in block tracker [0;36mshard[0m = 0 [0;36mepoch[0m = 0 [0;36mround[0m = 20 [0;36mnonce[0m = 14 [0;36mhash[0m = 4b8579c2bac56b80f90bebc3838911ce735fc406f1d0b5823224e67e6f69a5bd 
[0;36mDEBUG[0m[2026-03-16 10:14:11.819]   received shard header from network in block tracker [0;36mshard[0m = 0 [0;36mepoch[0m = 0 [0;36mround[0m = 21 [0;36mnonce[0m = 15 [0;36mhash[0m = 04dff4011d307b043c24c513862bced31a31a3159d44a66124b40396ccd37e33 
[0;36mDEBUG[0m[2026-03-16 10:14:11.819]   received shard header from network in block tracker [0;36mshard[0m = 0 [0;36mepoch[0m = 0 [0;36mround[0m = 22 [0;36mnonce[0m = 16 [0;36mhash[0m = 94cd73495136a921dbee264a3a23dd55e5001ba0b9d306ead6f2c85730631154 
[0;36mDEBUG[0m[2026-03-16 10:14:11.819]   received shard header from network in block tracker [0;36mshard[0m = 0 [0;36mepoch[0m = 0 [0;36mround[0m = 23 [0;36mnonce[0m = 17 [0;36mhash[0m = 4f93f6db186fc43b11774aa86725904eaa96f8a6c072f748017b7a26742e92c4 
[0;36mDEBUG[0m[2026-03-16 10:14:11.819]   received shard header from network in block tracker [0;36mshard[0m = 0 [0;36mepoch[0m = 0 [0;36mround[0m = 24 [0;36mnonce[0m = 18 [0;36mhash[0m = f0390232d88c584004b68b04ee1ebe93639dbf9480c8cbc93a9ff2c506bfe937 
[0;36mDEBUG[0m[2026-03-16 10:14:11.819]   received shard header from network in block tracker [0;36mshard[0m = 0 [0;36mepoch[0m = 0 [0;36mround[0m = 25 [0;36mnonce[0m = 19 [0;36mhash[0m = 39a15478ed0337014ff7f8ac1d94a6157da234399d79c4b281fdf941f16a648f 
[0;36mDEBUG[0m[2026-03-16 10:14:11.819]   received shard header from network in block tracker [0;36mshard[0m = 0 [0;36mepoch[0m = 0 [0;36mround[0m = 26 [0;36mnonce[0m = 20 [0;36mhash[0m = 9c0e762deb7f1a63e8867cdbb4f7aba930a6c5b3d9e587010c6d42ac22c712f6 
[0;36mDEBUG[0m[2026-03-16 10:14:11.819]   received shard header from network in block tracker [0;36mshard[0m = 0 [0;36mepoch[0m = 0 [0;36mround[0m = 27 [0;36mnonce[0m = 21 [0;36mhash[0m = 363a2c5e7d449960edf16b5c523830a4e745a599b8a43391cf93b6126e6561db 
[0;36mDEBUG[0m[2026-03-16 10:14:11.819]   received shard header from network in block tracker [0;36mshard[0m = 0 [0;36mepoch[0m = 0 [0;36mround[0m = 28 [0;36mnonce[0m = 22 [0;36mhash[0m = 55bda43f80519a1c192e7f631dad21343336aae464bd5441fd47861080cc3bcb 
[0;36mDEBUG[0m[2026-03-16 10:14:11.819]   received shard header from network in block tracker [0;36mshard[0m = 0 [0;36mepoch[0m = 0 [0;36mround[0m = 29 [0;36mnonce[0m = 23 [0;36mhash[0m = 8fb17e6f9c7e3cab7d2a1aead57a1a0c7d808fd41281fb07116a6011ed957e42 
[0;36mDEBUG[0m[2026-03-16 10:14:11.819]   received shard header from network in block tracker [0;36mshard[0m = 0 [0;36mepoch[0m = 0 [0;36mround[0m = 30 [0;36mnonce[0m = 24 [0;36mhash[0m = 435a47407c0c3c37e1b89c1f7183a235f78183182280cfd5368458988eb99481 
[0;36mDEBUG[0m[2026-03-16 10:14:11.819]   received shard header from network in block tracker [0;36mshard[0m = 0 [0;36mepoch[0m = 0 [0;36mround[0m = 31 [0;36mnonce[0m = 25 [0;36mhash[0m = 4172f62b98684c1cc0f79e0354eaac0380a8d8743587d4f9496b839a46c9c7ce 
[0;36mDEBUG[0m[2026-03-16 10:14:11.819]   received shard header from network in block tracker [0;36mshard[0m = 0 [0;36mepoch[0m = 0 [0;36mround[0m = 32 [0;36mnonce[0m = 26 [0;36mhash[0m = 2d61c6232fcaef687e5168a68cd56a0ab8c0427ab2ad1746c6597a7d9d82ce3e 
[0;36mDEBUG[0m[2026-03-16 10:14:11.819]   received shard header from network in block tracker [0;36mshard[0m = 0 [0;36mepoch[0m = 0 [0;36mround[0m = 33 [0;36mnonce[0m = 27 [0;36mhash[0m = 3a49231ae8777081c2967492712254f983f16282c680f17b307a5b42702840c2 
[0;36mDEBUG[0m[2026-03-16 10:14:11.819]   received shard header from network in block tracker [0;36mshard[0m = 0 [0;36mepoch[0m = 0 [0;36mround[0m = 34 [0;36mnonce[0m = 28 [0;36mhash[0m = 5980e263942d01e62293847504eb184deac719f3b9e1c758bfeac2572d4976c5 
[0;36mDEBUG[0m[2026-03-16 10:14:11.819]   received shard header from network in block tracker [0;36mshard[0m = 0 [0;36mepoch[0m = 0 [0;36mround[0m = 35 [0;36mnonce[0m = 29 [0;36mhash[0m = 6b04a76cb24f201306ca90dbb5d882cfa30c471844c081f7c0fa8af344b05fc9 
[0;36mDEBUG[0m[2026-03-16 10:14:11.819]   received shard header from network in block tracker [0;36mshard[0m = 0 [0;36mepoch[0m = 0 [0;36mround[0m = 36 [0;36mnonce[0m = 30 [0;36mhash[0m = 175499ff60ba35110aee162d630806b66118cad688cea95c73b8557dc9a4dec5 
[0;36mDEBUG[0m[2026-03-16 10:14:11.819]   received shard header from network in block tracker [0;36mshard[0m = 0 [0;36mepoch[0m = 0 [0;36mround[0m = 37 [0;36mnonce[0m = 31 [0;36mhash[0m = 93d2c4d1771ccf9b4d73fb83d5c739771d0e82faadf64de3740b56183ea43d4b 
[0;36mDEBUG[0m[2026-03-16 10:14:11.819]   received shard header from network in block tracker [0;36mshard[0m = 0 [0;36mepoch[0m = 0 [0;36mround[0m = 38 [0;36mnonce[0m = 32 [0;36mhash[0m = 8ef2ffc65e12b8fb3dc116e26c2d0cae1e0898900ad070e809f83696b0515902 
[0;36mDEBUG[0m[2026-03-16 10:14:11.819]   received shard header from network in block tracker [0;36mshard[0m = 0 [0;36mepoch[0m = 0 [0;36mround[0m = 39 [0;36mnonce[0m = 33 [0;36mhash[0m = 3e64e2311d087f6f81f4d85db6ef52c97efd2674ebe9b49972e716b5d4d2295c 
[0;36mDEBUG[0m[2026-03-16 10:14:11.819]   received shard header from network in block tracker [0;36mshard[0m = 0 [0;36mepoch[0m = 0 [0;36mround[0m = 40 [0;36mnonce[0m = 34 [0;36mhash[0m = 614803ae7389ac353c18fd07af850ab125a9699672885265a8adc638fbc0c893 
[0;36mDEBUG[0m[2026-03-16 10:14:11.819]   received shard header from network in block tracker [0;36mshard[0m = 0 [0;36mepoch[0m = 0 [0;36mround[0m = 41 [0;36mnonce[0m = 35 [0;36mhash[0m = 5c3fc207d10c88c95f4508f2f2f75741941376c9055c93fb0d1c4a25e20a4723 
[0;36mDEBUG[0m[2026-03-16 10:14:11.819]   received shard header from network in block tracker [0;36mshard[0m = 0 [0;36mepoch[0m = 0 [0;36mround[0m = 42 [0;36mnonce[0m = 36 [0;36mhash[0m = b6ffdc119a28f9a159096b643f9f1ec8aa8a27310bc1c2e37f9090995ca34c11 
[0;36mDEBUG[0m[2026-03-16 10:14:11.819]   received shard header from network in block tracker [0;36mshard[0m = 0 [0;36mepoch[0m = 0 [0;36mround[0m = 43 [0;36mnonce[0m = 37 [0;36mhash[0m = c9f201e2145277c71ffb9dd0b6311c06dc5cf8d3ae33a8d28f0331ca7f21e9ed 
[0;36mDEBUG[0m[2026-03-16 10:14:11.819]   received shard header from network in block tracker [0;36mshard[0m = 0 [0;36mepoch[0m = 0 [0;36mround[0m = 44 [0;36mnonce[0m = 38 [0;36mhash[0m = 82fccefa85866a25e3767029368fe1ba03ab45feea472b5a333f8673c65b8fe9 
[0;36mDEBUG[0m[2026-03-16 10:14:11.819]   received shard header from network in block tracker [0;36mshard[0m = 0 [0;36mepoch[0m = 0 [0;36mround[0m = 45 [0;36mnonce[0m = 39 [0;36mhash[0m = 6c439d485eb4b88cfe7ffb388e98b3cb83f0cef9c67ac9668680ee7e18a944f4 
[0;36mDEBUG[0m[2026-03-16 10:14:11.819]   received shard header from network in block tracker [0;36mshard[0m = 0 [0;36mepoch[0m = 0 [0;36mround[0m = 46 [0;36mnonce[0m = 40 [0;36mhash[0m = c915d7e240f6031ab34aeaa0394a483ebd92d670f86764849d3ce34f54c9a359 
[0;36mDEBUG[0m[2026-03-16 10:14:11.820]   received shard header from network in block tracker [0;36mshard[0m = 0 [0;36mepoch[0m = 0 [0;36mround[0m = 47 [0;36mnonce[0m = 41 [0;36mhash[0m = 93a4fc2bd8d521759b740fe30b363921eccb8baba82d073f0500027ae70e7ae6 
[0;36mDEBUG[0m[2026-03-16 10:14:11.820]   received shard header from network in block tracker [0;36mshard[0m = 0 [0;36mepoch[0m = 0 [0;36mround[0m = 48 [0;36mnonce[0m = 42 [0;36mhash[0m = 4822065a8a68114671644777e93784d21f06518c7782fff44483c6ca28254d8d 
[0;36mDEBUG[0m[2026-03-16 10:14:11.820]   received shard header from network in block tracker [0;36mshard[0m = 0 [0;36mepoch[0m = 0 [0;36mround[0m = 49 [0;36mnonce[0m = 43 [0;36mhash[0m = 457c7a9cd7a40f20b5f587e8ad76357b3f925d5556b0698c53dd1601d781040f 
[0;36mDEBUG[0m[2026-03-16 10:14:11.820]   received shard header from network in block tracker [0;36mshard[0m = 0 [0;36mepoch[0m = 0 [0;36mround[0m = 50 [0;36mnonce[0m = 44 [0;36mhash[0m = dbdf286c4f65b9f33962f57b2b84719ee537130fcbbf31c4c7fd819a6c10eb62 
[0;36mDEBUG[0m[2026-03-16 10:14:11.820]   received shard header from network in block tracker [0;36mshard[0m = 0 [0;36mepoch[0m = 0 [0;36mround[0m = 51 [0;36mnonce[0m = 45 [0;36mhash[0m = f26262dce7ccefa621fee67ee99f62f822c6699c1c45302ff4fb5ae46d600f5d 
[0;36mDEBUG[0m[2026-03-16 10:14:11.820]   received shard header from network in block tracker [0;36mshard[0m = 0 [0;36mepoch[0m = 0 [0;36mround[0m = 52 [0;36mnonce[0m = 46 [0;36mhash[0m = fb1984b104767a8a45f4541704ca7a929d5ff162e6c53544cd5c76e1fb5e7c5d 
[0;36mDEBUG[0m[2026-03-16 10:14:11.820]   received shard header from network in block tracker [0;36mshard[0m = 0 [0;36mepoch[0m = 0 [0;36mround[0m = 53 [0;36mnonce[0m = 47 [0;36mhash[0m = 2b9625b1c6224fbce4c4c5a7601170456df575f394175bb48316a2d3a06f9aba 
[0;36mDEBUG[0m[2026-03-16 10:14:11.820]   received shard header from network in block tracker [0;36mshard[0m = 0 [0;36mepoch[0m = 0 [0;36mround[0m = 54 [0;36mnonce[0m = 48 [0;36mhash[0m = a96e83cb5cec2346bd928decb02b2f39b3ea8685aa15a83ba2e82596a7e3e1e5 
[0;36mDEBUG[0m[2026-03-16 10:14:11.820]   received shard header from network in block tracker [0;36mshard[0m = 0 [0;36mepoch[0m = 0 [0;36mround[0m = 55 [0;36mnonce[0m = 49 [0;36mhash[0m = 053b2afb9ebaff5e8c1cee5dab3934977d7c2af303e9483eaf1aca95413ab8ae 
[0;36mDEBUG[0m[2026-03-16 10:14:11.820]   received shard header from network in block tracker [0;36mshard[0m = 0 [0;36mepoch[0m = 0 [0;36mround[0m = 56 [0;36mnonce[0m = 50 [0;36mhash[0m = c70abbacfb9a5dd84b2f266935d4984da727e55688192c6ad30b85cbaf21d373 
[0;36mDEBUG[0m[2026-03-16 10:14:11.820]   received shard header from network in block tracker [0;36mshard[0m = 0 [0;36mepoch[0m = 0 [0;36mround[0m = 57 [0;36mnonce[0m = 51 [0;36mhash[0m = 6a431714dac881653a3f01ccbd5ff2ba86acad33581a9135ed2b431a0b21edf8 
[0;36mDEBUG[0m[2026-03-16 10:14:11.820]   received shard header from network in block tracker [0;36mshard[0m = 0 [0;36mepoch[0m = 0 [0;36mround[0m = 58 [0;36mnonce[0m = 52 [0;36mhash[0m = b635fede1b3f9fda067e8b3b65831028a25fb92abd4db3a4fb9c0cd9457a6120 
[0;36mDEBUG[0m[2026-03-16 10:14:11.820]   received shard header from network in block tracker [0;36mshard[0m = 0 [0;36mepoch[0m = 0 [0;36mround[0m = 59 [0;36mnonce[0m = 53 [0;36mhash[0m = 16bca7946c1d8a912fec2fb3eeb5f06e89112bcf0447bfef85e89c0381c9d49c 
[0;36mDEBUG[0m[2026-03-16 10:14:11.820]   received shard header from network in block tracker [0;36mshard[0m = 0 [0;36mepoch[0m = 0 [0;36mround[0m = 60 [0;36mnonce[0m = 54 [0;36mhash[0m = 1ed6b67e62d3bbf805bf4ee29691d61384c9ec11ee1c7b871c4031528b6e9c58 
[0;36mDEBUG[0m[2026-03-16 10:14:11.820]   received shard header from network in block tracker [0;36mshard[0m = 0 [0;36mepoch[0m = 0 [0;36mround[0m = 61 [0;36mnonce[0m = 55 [0;36mhash[0m = 072a3e906966801da98dc43002ebfcc5394b1d9a61abe12f94b17d1bc7a1a498 
[0;36mDEBUG[0m[2026-03-16 10:14:11.820]   received shard header from network in block tracker [0;36mshard[0m = 0 [0;36mepoch[0m = 0 [0;36mround[0m = 62 [0;36mnonce[0m = 56 [0;36mhash[0m = 3d33aa40be089526d628c928f980184ca4f8d4646e53ad379f32c2ee50bc44a2 
[0;36mDEBUG[0m[2026-03-16 10:14:11.820]   received shard header from network in block tracker [0;36mshard[0m = 0 [0;36mepoch[0m = 0 [0;36mround[0m = 63 [0;36mnonce[0m = 57 [0;36mhash[0m = 6a6bf380240f9e37d9aa0f1fbf3f244a7c836c36afbb7da4b8516b34ceb37d4e 
[0;36mDEBUG[0m[2026-03-16 10:14:11.820]   received shard header from network in block tracker [0;36mshard[0m = 0 [0;36mepoch[0m = 0 [0;36mround[0m = 64 [0;36mnonce[0m = 58 [0;36mhash[0m = 83164c04dc3e0e26ceac42996e62189957fcecd1f7d02cc50caed98d69949e74 
[0;36mDEBUG[0m[2026-03-16 10:14:11.820]   received shard header from network in block tracker [0;36mshard[0m = 0 [0;36mepoch[0m = 0 [0;36mround[0m = 65 [0;36mnonce[0m = 59 [0;36mhash[0m = a37f9ffc7e79138a553d1ea2901fd2b93ef921257371fd3405ca3af9c0686d8f 
[0;36mDEBUG[0m[2026-03-16 10:14:11.820]   received shard header from network in block tracker [0;36mshard[0m = 0 [0;36mepoch[0m = 0 [0;36mround[0m = 66 [0;36mnonce[0m = 60 [0;36mhash[0m = d6732495375b88d092b61bdb2f11c54a3f000435b5af3a7f700141c495c9b84f 
[0;36mDEBUG[0m[2026-03-16 10:14:11.820]   received shard header from network in block tracker [0;36mshard[0m = 0 [0;36mepoch[0m = 0 [0;36mround[0m = 67 [0;36mnonce[0m = 61 [0;36mhash[0m = b8981419c21e560889af6278c064c74bd5a18ab757da2e9bbc5f43296f6a031a 
[0;36mDEBUG[0m[2026-03-16 10:14:11.820]   received shard header from network in block tracker [0;36mshard[0m = 0 [0;36mepoch[0m = 0 [0;36mround[0m = 68 [0;36mnonce[0m = 62 [0;36mhash[0m = 47bc361b38cfe994f9275b4cd37dbd6e0f642b5bc671a7c9759388c87ddb85f6 
[0;36mDEBUG[0m[2026-03-16 10:14:11.820]   received shard header from network in block tracker [0;36mshard[0m = 0 [0;36mepoch[0m = 0 [0;36mround[0m = 69 [0;36mnonce[0m = 63 [0;36mhash[0m = 167752a54fd1fa2c819876b395988c37e356dea311c2151556535cde5c4a3443 
[0;36mDEBUG[0m[2026-03-16 10:14:11.820]   received shard header from network in block tracker [0;36mshard[0m = 0 [0;36mepoch[0m = 0 [0;36mround[0m = 70 [0;36mnonce[0m = 64 [0;36mhash[0m = 9e690d87a1adadd9a7653c59029aebb51063e7a36da5c97ac24520eb48e567c2 
[0;36mDEBUG[0m[2026-03-16 10:14:11.820]   received shard header from network in block tracker [0;36mshard[0m = 0 [0;36mepoch[0m = 0 [0;36mround[0m = 71 [0;36mnonce[0m = 65 [0;36mhash[0m = c062391b4a4beb4cd70b31fb6da7030f4cbbcc55a6551c14ea7755a5201c6a47 
[0;36mDEBUG[0m[2026-03-16 10:14:11.820]   received shard header from network in block tracker [0;36mshard[0m = 0 [0;36mepoch[0m = 0 [0;36mround[0m = 72 [0;36mnonce[0m = 66 [0;36mhash[0m = 65e0b412e3c1dddd1e2e9d153fb2b8b220526060b35f6b286101c19f04c83675 
[0;36mDEBUG[0m[2026-03-16 10:14:11.820]   received shard header from network in block tracker [0;36mshard[0m = 0 [0;36mepoch[0m = 0 [0;36mround[0m = 73 [0;36mnonce[0m = 67 [0;36mhash[0m = 7047082999fd2b0e063de03bb09039c57cadfb0060b976c003c52b4a7b663d50 
[0;36mDEBUG[0m[2026-03-16 10:14:11.820]   received shard header from network in block tracker [0;36mshard[0m = 0 [0;36mepoch[0m = 0 [0;36mround[0m = 74 [0;36mnonce[0m = 68 [0;36mhash[0m = aee31175413eb9a16f71006d06327920dfae60f7151375ed3b91acc931e0c18a 
[0;36mDEBUG[0m[2026-03-16 10:14:11.820]   received shard header from network in block tracker [0;36mshard[0m = 0 [0;36mepoch[0m = 0 [0;36mround[0m = 75 [0;36mnonce[0m = 69 [0;36mhash[0m = 90081bcc5b1e871b7471e1cf0097c8ec136f192c3c92b496efba7ade26a2d584 
[0;36mDEBUG[0m[2026-03-16 10:14:11.820]   received shard header from network in block tracker [0;36mshard[0m = 0 [0;36mepoch[0m = 0 [0;36mround[0m = 76 [0;36mnonce[0m = 70 [0;36mhash[0m = cf0dc0b24395af2a74ff59351bc157f9c3533d6c1fdb6dd850d0f116452d3fd0 
[0;36mDEBUG[0m[2026-03-16 10:14:11.820]   received shard header from network in block tracker [0;36mshard[0m = 0 [0;36mepoch[0m = 0 [0;36mround[0m = 77 [0;36mnonce[0m = 71 [0;36mhash[0m = 48ab831d65924c017dc6a134389393b133c9635d810b47ba9d3f402b75995719 
[0;36mDEBUG[0m[2026-03-16 10:14:11.820]   received shard header from network in block tracker [0;36mshard[0m = 0 [0;36mepoch[0m = 0 [0;36mround[0m = 78 [0;36mnonce[0m = 72 [0;36mhash[0m = 5e9f68ab9917a05db689daae1d6259787fa463707f5355de07316b68763ba1ac 
[0;36mDEBUG[0m[2026-03-16 10:14:11.820]   received shard header from network in block tracker [0;36mshard[0m = 0 [0;36mepoch[0m = 0 [0;36mround[0m = 79 [0;36mnonce[0m = 73 [0;36mhash[0m = 1ef04ea0ade0197fff5872057e0f67951e844d52b0a270c962b761cc8a063380 
[0;36mDEBUG[0m[2026-03-16 10:14:11.820]   received shard header from network in block tracker [0;36mshard[0m = 0 [0;36mepoch[0m = 0 [0;36mround[0m = 80 [0;36mnonce[0m = 74 [0;36mhash[0m = 26e0e1d67b61808cc338b349fe85fbef094841482999b6ce6cce7dbcd2cd873a 
[0;36mDEBUG[0m[2026-03-16 10:14:11.820]   received shard header from network in block tracker [0;36mshard[0m = 0 [0;36mepoch[0m = 0 [0;36mround[0m = 81 [0;36mnonce[0m = 75 [0;36mhash[0m = 0fc10dcf9834c889924849acadeb31e9cc1f3c03a86796213a15dc210027da45 
[0;36mDEBUG[0m[2026-03-16 10:14:11.820]   received shard header from network in block tracker [0;36mshard[0m = 0 [0;36mepoch[0m = 0 [0;36mround[0m = 82 [0;36mnonce[0m = 76 [0;36mhash[0m = 05b514564b2b560a0e9edf598e323bab7aa6246762efd13524bd317d362899e9 
[0;36mDEBUG[0m[2026-03-16 10:14:11.820]   received shard header from network in block tracker [0;36mshard[0m = 0 [0;36mepoch[0m = 0 [0;36mround[0m = 83 [0;36mnonce[0m = 77 [0;36mhash[0m = 3e6a872727af593a90d74cd346fbe43b82ceda7cfe14fb5f3cd96587abf32ae9 
[0;36mDEBUG[0m[2026-03-16 10:14:11.820]   received shard header from network in block tracker [0;36mshard[0m = 0 [0;36mepoch[0m = 0 [0;36mround[0m = 84 [0;36mnonce[0m = 78 [0;36mhash[0m = a47793bea7866f34279c057d693e3122099dd7e947637c6de419cb6df8d76208 
[0;36mDEBUG[0m[2026-03-16 10:14:11.820]   received shard header from network in block tracker [0;36mshard[0m = 0 [0;36mepoch[0m = 0 [0;36mround[0m = 85 [0;36mnonce[0m = 79 [0;36mhash[0m = b264808c7c1b3b221223cda315fe743f7d9e6354c11298bdd2d59f7c7045f392 
[0;36mDEBUG[0m[2026-03-16 10:14:11.820]   received shard header from network in block tracker [0;36mshard[0m = 0 [0;36mepoch[0m = 0 [0;36mround[0m = 86 [0;36mnonce[0m = 80 [0;36mhash[0m = ed295da2aa2d7a245d7ff950faef46b05eb152b211957f49ad1c98a4445c0390 
[0;36mDEBUG[0m[2026-03-16 10:14:11.820]   received shard header from network in block tracker [0;36mshard[0m = 0 [0;36mepoch[0m = 0 [0;36mround[0m = 87 [0;36mnonce[0m = 81 [0;36mhash[0m = 343b7ae2d61c60802424ab85dd6f790deddb512e833c5a03c1f7639b8f7464ce 
[0;36mDEBUG[0m[2026-03-16 10:14:11.821]   received shard header from network in block tracker [0;36mshard[0m = 0 [0;36mepoch[0m = 0 [0;36mround[0m = 88 [0;36mnonce[0m = 82 [0;36mhash[0m = df1c4def3491f4e0977cfe8ae9c1473a6cdd550054786741c219be920c0d1b97 
[0;36mDEBUG[0m[2026-03-16 10:14:11.821]   received shard header from network in block tracker [0;36mshard[0m = 0 [0;36mepoch[0m = 0 [0;36mround[0m = 89 [0;36mnonce[0m = 83 [0;36mhash[0m = 4631c980f6e8e23cc974b0104c07ecc6eb343e71c9657a22ab78b980e23a82c4 
[0;36mDEBUG[0m[2026-03-16 10:14:11.821]   received shard header from network in block tracker [0;36mshard[0m = 0 [0;36mepoch[0m = 0 [0;36mround[0m = 90 [0;36mnonce[0m = 84 [0;36mhash[0m = 519c3f3b9509f0460f20354287f178e39d0af88e1c8a85eabdbe32a6cc792a09 
[0;36mDEBUG[0m[2026-03-16 10:14:11.821]   received shard header from network in block tracker [0;36mshard[0m = 0 [0;36mepoch[0m = 0 [0;36mround[0m = 91 [0;36mnonce[0m = 85 [0;36mhash[0m = d124f218435415046b2f62b5fd5fa0b2923f57aa9266a2f1ed7abb0be72edeb2 
[0;36mDEBUG[0m[2026-03-16 10:14:11.821]   received shard header from network in block tracker [0;36mshard[0m = 0 [0;36mepoch[0m = 0 [0;36mround[0m = 92 [0;36mnonce[0m = 86 [0;36mhash[0m = 8579bc3d7dcce7de4a8e831373638f1713eab45d775d1cb6d42155b5252966dd 
[0;36mDEBUG[0m[2026-03-16 10:14:11.821]   received shard header from network in block tracker [0;36mshard[0m = 0 [0;36mepoch[0m = 0 [0;36mround[0m = 93 [0;36mnonce[0m = 87 [0;36mhash[0m = d7932d957b54ff585dd66a7580d31ee1aaed067b9d7c1ce7004748963f66c48f 
[0;36mDEBUG[0m[2026-03-16 10:14:11.821]   received shard header from network in block tracker [0;36mshard[0m = 0 [0;36mepoch[0m = 0 [0;36mround[0m = 94 [0;36mnonce[0m = 88 [0;36mhash[0m = 5a7b125fbeeb6c694a49b567aa5d0db795f0dae22ef739b39effd164b7d79905 
[0;36mDEBUG[0m[2026-03-16 10:14:11.821]   received shard header from network in block tracker [0;36mshard[0m = 0 [0;36mepoch[0m = 0 [0;36mround[0m = 95 [0;36mnonce[0m = 89 [0;36mhash[0m = a52d39622cbd4d3f70c944870186eeac828f21b25b1f2c5cfe758575f86c192e 
[0;36mDEBUG[0m[2026-03-16 10:14:11.821]   received shard header from network in block tracker [0;36mshard[0m = 0 [0;36mepoch[0m = 0 [0;36mround[0m = 96 [0;36mnonce[0m = 90 [0;36mhash[0m = c79cb8b68cf161e9b75bf16b7370d6c5856a7aecb8d64e7b15f36940e7d5231a 
[0;36mDEBUG[0m[2026-03-16 10:14:11.821]   received shard header from network in block tracker [0;36mshard[0m = 0 [0;36mepoch[0m = 0 [0;36mround[0m = 97 [0;36mnonce[0m = 91 [0;36mhash[0m = abc69f657078118135b852e9e2db1e0069d99962ae138262ad347cd64472c607 
[0;36mDEBUG[0m[2026-03-16 10:14:11.821]   received shard header from network in block tracker [0;36mshard[0m = 0 [0;36mepoch[0m = 0 [0;36mround[0m = 98 [0;36mnonce[0m = 92 [0;36mhash[0m = 52537f050a5c90f35500788819c6bad5bfc9ebcd89ce9de3a37241c5c76bb097 
[0;36mDEBUG[0m[2026-03-16 10:14:11.821]   received shard header from network in block tracker [0;36mshard[0m = 0 [0;36mepoch[0m = 0 [0;36mround[0m = 99 [0;36mnonce[0m = 93 [0;36mhash[0m = e103654e5352491082e8a6cd38770d41ba2a60a7893a05e443bd00247c1c9057 
[0;36mDEBUG[0m[2026-03-16 10:14:11.821]   received shard header from network in block tracker [0;36mshard[0m = 0 [0;36mepoch[0m = 0 [0;36mround[0m = 100 [0;36mnonce[0m = 94 [0;36mhash[0m = bf6bf27451f7010f685af890c380818145e4ea64307f6a323243cc4e35956286 
[0;36mDEBUG[0m[2026-03-16 10:14:11.821]   received shard header from network in block tracker [0;36mshard[0m = 0 [0;36mepoch[0m = 0 [0;36mround[0m = 101 [0;36mnonce[0m = 95 [0;36mhash[0m = 403bafce77cd4893da5a00e1179bf2c5e6623ee2b51263286674aa25093deb82 
[0;36mDEBUG[0m[2026-03-16 10:14:11.821]   received shard header from network in block tracker [0;36mshard[0m = 0 [0;36mepoch[0m = 0 [0;36mround[0m = 102 [0;36mnonce[0m = 96 [0;36mhash[0m = 0297a3856f54cbdaef2e03210e6a4fe11be1e2c93a62b88911f466d01fb621da 
[0;36mDEBUG[0m[2026-03-16 10:14:11.821]   received shard header from network in block tracker [0;36mshard[0m = 0 [0;36mepoch[0m = 0 [0;36mround[0m = 103 [0;36mnonce[0m = 97 [0;36mhash[0m = e76cc69b30cbbb357f70cbe830ca34d23f708b749d0e88fb2dbf41922310fab6 
[0;36mDEBUG[0m[2026-03-16 10:14:11.821]   received shard header from network in block tracker [0;36mshard[0m = 0 [0;36mepoch[0m = 0 [0;36mround[0m = 104 [0;36mnonce[0m = 98 [0;36mhash[0m = e3c867ebfba7d14743e8abb576036fe61653b79e23bb6850259f0670cc7c462b 
[0;36mDEBUG[0m[2026-03-16 10:14:11.821]   received shard header from network in block tracker [0;36mshard[0m = 0 [0;36mepoch[0m = 0 [0;36mround[0m = 105 [0;36mnonce[0m = 99 [0;36mhash[0m = 9ea3d9264d3459eba021b4ef02b38d0356b4edf749386f68ad81a55bd8214e9d 
[0;36mDEBUG[0m[2026-03-16 10:14:11.821]   received shard header from network in block tracker [0;36mshard[0m = 0 [0;36mepoch[0m = 0 [0;36mround[0m = 106 [0;36mnonce[0m = 100 [0;36mhash[0m = 642296288f7955a7119eb9263b55351ba39f15ce45007ee32d58c04f2ef57982 
[0;36mDEBUG[0m[2026-03-16 10:14:11.821]   received shard header from network in block tracker [0;36mshard[0m = 0 [0;36mepoch[0m = 0 [0;36mround[0m = 107 [0;36mnonce[0m = 101 [0;36mhash[0m = 9e67844376318b9f956559649704d615991bf56bd97b5c2bb5afe1692a3a4ce9 
[0;36mDEBUG[0m[2026-03-16 10:14:11.821]   received shard header from network in block tracker [0;36mshard[0m = 0 [0;36mepoch[0m = 0 [0;36mround[0m = 108 [0;36mnonce[0m = 102 [0;36mhash[0m = be21f9f6d827bd8b26f7434a4ac2822441d02d5f2df41088ea9c9d1777862768 
[0;36mDEBUG[0m[2026-03-16 10:14:11.821]   received shard header from network in block tracker [0;36mshard[0m = 0 [0;36mepoch[0m = 0 [0;36mround[0m = 109 [0;36mnonce[0m = 103 [0;36mhash[0m = bb9d79f3dafa05b402f7edfc9ae554204519aab2a0ae8026401201f5074d2897 
[0;36mDEBUG[0m[2026-03-16 10:14:11.821]   received shard header from network in block tracker [0;36mshard[0m = 0 [0;36mepoch[0m = 0 [0;36mround[0m = 110 [0;36mnonce[0m = 104 [0;36mhash[0m = 52ff47a2810cce0ad111bcabcfee8c23a2ff86fd03be12a03c1a612d71fa4105 
[0;36mDEBUG[0m[2026-03-16 10:14:11.821]   received shard header from network in block tracker [0;36mshard[0m = 0 [0;36mepoch[0m = 0 [0;36mround[0m = 111 [0;36mnonce[0m = 105 [0;36mhash[0m = af51ec4d17b4bf582a34d7722807d8bdcdb731a85b87cd4e60a55328a588c633 
[0;36mDEBUG[0m[2026-03-16 10:14:11.821]   received shard header from network in block tracker [0;36mshard[0m = 0 [0;36mepoch[0m = 0 [0;36mround[0m = 112 [0;36mnonce[0m = 106 [0;36mhash[0m = d819e786cbb6c19b94508f81b20f75d262cd8b4e7c0ef14352bcb2edca2622e5 
[0;36mDEBUG[0m[2026-03-16 10:14:11.821]   received shard header from network in block tracker [0;36mshard[0m = 0 [0;36mepoch[0m = 0 [0;36mround[0m = 113 [0;36mnonce[0m = 107 [0;36mhash[0m = acdbd4aef9b30217c75148f65b963995a45f94f6f0711f68d58c751c90fb88fd 
[0;36mDEBUG[0m[2026-03-16 10:14:11.821]   received shard header from network in block tracker [0;36mshard[0m = 0 [0;36mepoch[0m = 0 [0;36mround[0m = 114 [0;36mnonce[0m = 108 [0;36mhash[0m = 1a8d3d0de8499da47dad8728dceea9203d190f597452c246a0664ae20e91f53e 
[0;36mDEBUG[0m[2026-03-16 10:14:11.821]   received shard header from network in block tracker [0;36mshard[0m = 0 [0;36mepoch[0m = 0 [0;36mround[0m = 115 [0;36mnonce[0m = 109 [0;36mhash[0m = 52c6ccdfdb017a0da95361eaabf64a4cb9a4ceb94c894a05a00aedee0ae56f3d 
[0;36mDEBUG[0m[2026-03-16 10:14:11.821]   received shard header from network in block tracker [0;36mshard[0m = 0 [0;36mepoch[0m = 0 [0;36mround[0m = 116 [0;36mnonce[0m = 110 [0;36mhash[0m = a8ee00a7d5bebd3d7672c72bdb3f6cf43757d724820fc4d3d48433b542439c8b 
[0;36mDEBUG[0m[2026-03-16 10:14:11.821]   received shard header from network in block tracker [0;36mshard[0m = 0 [0;36mepoch[0m = 0 [0;36mround[0m = 117 [0;36mnonce[0m = 111 [0;36mhash[0m = 3521ec0654af9f234bfca0507b0e2b4331d844415a1a359445dcb60a9c97f049 
[0;36mDEBUG[0m[2026-03-16 10:14:11.821]   received shard header from network in block tracker [0;36mshard[0m = 0 [0;36mepoch[0m = 0 [0;36mround[0m = 118 [0;36mnonce[0m = 112 [0;36mhash[0m = b83f56ebe6f39b265a3fde0d709af9e5c7cd8aec23eaea0c9f7eac8af361f4f1 
[0;36mDEBUG[0m[2026-03-16 10:14:11.821]   received shard header from network in block tracker [0;36mshard[0m = 0 [0;36mepoch[0m = 0 [0;36mround[0m = 119 [0;36mnonce[0m = 113 [0;36mhash[0m = 18f74c4b4d577caea9f041c4627e5c4c3c545d6adc8f658e32660e89f3ffa1c9 
[0;36mDEBUG[0m[2026-03-16 10:14:11.821]   received shard header from network in block tracker [0;36mshard[0m = 0 [0;36mepoch[0m = 0 [0;36mround[0m = 120 [0;36mnonce[0m = 114 [0;36mhash[0m = ce68675206efc07e20210895c01cdfb329df84f0dce1b755967de147f837bea7 
[0;36mDEBUG[0m[2026-03-16 10:14:11.821]   received shard header from network in block tracker [0;36mshard[0m = 0 [0;36mepoch[0m = 0 [0;36mround[0m = 121 [0;36mnonce[0m = 115 [0;36mhash[0m = 1e6e357c5192a73a713a39d9ac136d65acdc94d95d9d3470634cee381d344da7 
[0;36mDEBUG[0m[2026-03-16 10:14:11.821]   received shard header from network in block tracker [0;36mshard[0m = 0 [0;36mepoch[0m = 0 [0;36mround[0m = 122 [0;36mnonce[0m = 116 [0;36mhash[0m = 8cd3b3c45fcebcc4e3cb4dec4118d5969a196c17b655f8d4df2328be6ab87661 
[0;36mDEBUG[0m[2026-03-16 10:14:11.821]   received shard header from network in block tracker [0;36mshard[0m = 0 [0;36mepoch[0m = 0 [0;36mround[0m = 123 [0;36mnonce[0m = 117 [0;36mhash[0m = 1fcc2bb18aacee4d9fc2644962892cbb40bc46d8cfb93fc9e42d9072697096b8 
[0;36mDEBUG[0m[2026-03-16 10:14:11.821]   received shard header from network in block tracker [0;36mshard[0m = 0 [0;36mepoch[0m = 0 [0;36mround[0m = 124 [0;36mnonce[0m = 118 [0;36mhash[0m = efb57042ef7b46905ec4271e509b9a0b28cfd84d83146281e124ce22a1c5dabd 
[0;36mDEBUG[0m[2026-03-16 10:14:11.821]   received shard header from network in block tracker [0;36mshard[0m = 0 [0;36mepoch[0m = 0 [0;36mround[0m = 125 [0;36mnonce[0m = 119 [0;36mhash[0m = 70c9e1578d441b6b7fde971ccb604b8fa6c71dafc7ceada1668d09f3dc4a46a7 
[0;36mDEBUG[0m[2026-03-16 10:14:11.821]   received shard header from network in block tracker [0;36mshard[0m = 0 [0;36mepoch[0m = 0 [0;36mround[0m = 126 [0;36mnonce[0m = 120 [0;36mhash[0m = 5f6cd5ff91cf55d8f7ffa9b4ffa54e6e3bd98f33f6130713f7a085619a13ec01 
[0;36mDEBUG[0m[2026-03-16 10:14:11.821]   received shard header from network in block tracker [0;36mshard[0m = 0 [0;36mepoch[0m = 0 [0;36mround[0m = 127 [0;36mnonce[0m = 121 [0;36mhash[0m = 16abb0adc75aa4179140b6d1101f75d5e5f2ce0e8be7681fccd8ff61da6d39a8 
[0;36mDEBUG[0m[2026-03-16 10:14:11.821]   received shard header from network in block tracker [0;36mshard[0m = 0 [0;36mepoch[0m = 0 [0;36mround[0m = 128 [0;36mnonce[0m = 122 [0;36mhash[0m = d769e111d971dbbb2dab33086bfb6c4cb63a248a591da02096a0fbdcb325e78a 
[0;36mDEBUG[0m[2026-03-16 10:14:11.821]   received shard header from network in block tracker [0;36mshard[0m = 0 [0;36mepoch[0m = 0 [0;36mround[0m = 129 [0;36mnonce[0m = 123 [0;36mhash[0m = 41284ec12169a59940e23f762f964a67be09df63d7662656ac20dc66d05d495a 
[0;36mDEBUG[0m[2026-03-16 10:14:11.821]   received shard header from network in block tracker [0;36mshard[0m = 0 [0;36mepoch[0m = 0 [0;36mround[0m = 130 [0;36mnonce[0m = 124 [0;36mhash[0m = d8b617fd1085109d64e3c4378ade317878fa127fd6027821879ca0cffd296e12 
[0;36mDEBUG[0m[2026-03-16 10:14:11.821]   received shard header from network in block tracker [0;36mshard[0m = 0 [0;36mepoch[0m = 0 [0;36mround[0m = 131 [0;36mnonce[0m = 125 [0;36mhash[0m = a32090771b5fe60895fdaa930dc9b641a9159986772967b397d36e4560631d94 
[0;36mDEBUG[0m[2026-03-16 10:14:11.821]   received shard header from network in block tracker [0;36mshard[0m = 0 [0;36mepoch[0m = 0 [0;36mround[0m = 132 [0;36mnonce[0m = 126 [0;36mhash[0m = 77dae41575a25e9795f174523a36ad0c287f6d73f3313a106f78aa0a3e90fafc 
[0;36mDEBUG[0m[2026-03-16 10:14:11.821]   received shard header from network in block tracker [0;36mshard[0m = 0 [0;36mepoch[0m = 0 [0;36mround[0m = 133 [0;36mnonce[0m = 127 [0;36mhash[0m = 1fc0ae0f69cbda9329310d9ebf0c724b53879659c14283a22766975f77cf0576 
[0;36mDEBUG[0m[2026-03-16 10:14:11.821]   received shard header from network in block tracker [0;36mshard[0m = 0 [0;36mepoch[0m = 0 [0;36mround[0m = 134 [0;36mnonce[0m = 128 [0;36mhash[0m = 5df7439bf3be30090085df900bf187aca4087d4dab3623dd894a0d7e76e306f1 
[0;36mDEBUG[0m[2026-03-16 10:14:11.821]   received shard header from network in block tracker [0;36mshard[0m = 0 [0;36mepoch[0m = 0 [0;36mround[0m = 135 [0;36mnonce[0m = 129 [0;36mhash[0m = 8c4995ee1cc95cd2dc337e919e59a4962f7dc86b4fdb55e8e5efe8e7eda86e1b 
[0;36mDEBUG[0m[2026-03-16 10:14:11.821]   received shard header from network in block tracker [0;36mshard[0m = 0 [0;36mepoch[0m = 0 [0;36mround[0m = 136 [0;36mnonce[0m = 130 [0;36mhash[0m = 51c370c31c6e2afef404ee479606bb26b3710d9023de0dc1b8009a84c82477e5 
[0;36mDEBUG[0m[2026-03-16 10:14:11.821]   received shard header from network in block tracker [0;36mshard[0m = 0 [0;36mepoch[0m = 0 [0;36mround[0m = 137 [0;36mnonce[0m = 131 [0;36mhash[0m = 01e77a94f562e21bc6d889e81d290f1ed88cd93df587be611a0c0dfca44ddfbf 
[0;36mDEBUG[0m[2026-03-16 10:14:11.821]   received shard header from network in block tracker [0;36mshard[0m = 0 [0;36mepoch[0m = 0 [0;36mround[0m = 138 [0;36mnonce[0m = 132 [0;36mhash[0m = ceb2d59fcd0d9bb19c7bec83949529b74223bc323f0e655acb768eae21b9d8ae 
[0;36mDEBUG[0m[2026-03-16 10:14:11.821]   received shard header from network in block tracker [0;36mshard[0m = 0 [0;36mepoch[0m = 0 [0;36mround[0m = 139 [0;36mnonce[0m = 133 [0;36mhash[0m = a0b7a530e728bf205edab29e1383b7a7aeca72bf19abaa8ba63375afc5dd1df2 
[0;36mDEBUG[0m[2026-03-16 10:14:11.821]   received shard header from network in block tracker [0;36mshard[0m = 0 [0;36mepoch[0m = 0 [0;36mround[0m = 140 [0;36mnonce[0m = 134 [0;36mhash[0m = a0cff80a5da309eeadb672252ffab9806a5081ec2c7deccc401b1c28dde58a31 
[0;36mDEBUG[0m[2026-03-16 10:14:11.821]   received shard header from network in block tracker [0;36mshard[0m = 0 [0;36mepoch[0m = 0 [0;36mround[0m = 141 [0;36mnonce[0m = 135 [0;36mhash[0m = e08b92653483fcdb9f1aa1c163672751156812a4d935b55dfb8771997176c902 
[0;36mDEBUG[0m[2026-03-16 10:14:11.821]   received shard header from network in block tracker [0;36mshard[0m = 0 [0;36mepoch[0m = 0 [0;36mround[0m = 142 [0;36mnonce[0m = 136 [0;36mhash[0m = 4531b2d1c0a64c9b92be405369404cf49d85ae1f982dc4955609be2095d06dad 
[0;36mDEBUG[0m[2026-03-16 10:14:11.821]   received shard header from network in block tracker [0;36mshard[0m = 0 [0;36mepoch[0m = 0 [0;36mround[0m = 143 [0;36mnonce[0m = 137 [0;36mhash[0m = 317b387c159bf97831ef6d6e4847f26aafdf33e938d51eae1d2db9c4664322a8 
[0;36mDEBUG[0m[2026-03-16 10:14:11.821]   received shard header from network in block tracker [0;36mshard[0m = 0 [0;36mepoch[0m = 0 [0;36mround[0m = 144 [0;36mnonce[0m = 138 [0;36mhash[0m = a799ef9e14583b295a99df845dcb65184b0455eb6aa1202358c5668ee63d8f7e 
[0;36mDEBUG[0m[2026-03-16 10:14:11.821]   received shard header from network in block tracker [0;36mshard[0m = 0 [0;36mepoch[0m = 0 [0;36mround[0m = 145 [0;36mnonce[0m = 139 [0;36mhash[0m = db4febf56f4ee595c3deb98e79990fcc4ed21162502324e50552d454568c8ca1 
[0;36mDEBUG[0m[2026-03-16 10:14:11.821]   received shard header from network in block tracker [0;36mshard[0m = 0 [0;36mepoch[0m = 0 [0;36mround[0m = 146 [0;36mnonce[0m = 140 [0;36mhash[0m = 8ea0769bf93afb7bdb06293289b78c90c5ae8238023cd7c6a6d4e2a20dc435d2 
[0;36mDEBUG[0m[2026-03-16 10:14:11.821]   received shard header from network in block tracker [0;36mshard[0m = 0 [0;36mepoch[0m = 0 [0;36mround[0m = 147 [0;36mnonce[0m = 141 [0;36mhash[0m = 3ae1faa273d5d01642a9fd5929dd404f8658bf9c7fc2d0e02e7d6389e82d2a25 
[0;36mDEBUG[0m[2026-03-16 10:14:11.821]   received shard header from network in block tracker [0;36mshard[0m = 0 [0;36mepoch[0m = 0 [0;36mround[0m = 148 [0;36mnonce[0m = 142 [0;36mhash[0m = faa832526f498bba1d254733c9ee6da29e3e658ff8d12df87845194c7c2c5acc 
[0;36mDEBUG[0m[2026-03-16 10:14:11.821]   received shard header from network in block tracker [0;36mshard[0m = 0 [0;36mepoch[0m = 0 [0;36mround[0m = 149 [0;36mnonce[0m = 143 [0;36mhash[0m = 34a31f1c6e66d066ea120006ff66994f6c3d7e6e730c1b78b26248fa86338bd6 
[0;36mDEBUG[0m[2026-03-16 10:14:11.821]   received shard header from network in block tracker [0;36mshard[0m = 0 [0;36mepoch[0m = 0 [0;36mround[0m = 150 [0;36mnonce[0m = 144 [0;36mhash[0m = 4615d64b3bc7f4ed17d29d41183f6527739092eca89f76ea5d98f4ad315b8be1 
[0;36mDEBUG[0m[2026-03-16 10:14:11.821]   received shard header from network in block tracker [0;36mshard[0m = 0 [0;36mepoch[0m = 0 [0;36mround[0m = 151 [0;36mnonce[0m = 145 [0;36mhash[0m = 2dcaeca69881f0dfc844d95585fb67e6f3147075a948db6eb7e0c56fc97836e6 
[0;36mDEBUG[0m[2026-03-16 10:14:11.821]   received shard header from network in block tracker [0;36mshard[0m = 0 [0;36mepoch[0m = 0 [0;36mround[0m = 152 [0;36mnonce[0m = 146 [0;36mhash[0m = c936e60ed7ceeb4c70152a7a52f78529ca1c83678968f6ba06570c5e13b81511 
[0;36mDEBUG[0m[2026-03-16 10:14:11.821]   received shard header from network in block tracker [0;36mshard[0m = 0 [0;36mepoch[0m = 0 [0;36mround[0m = 153 [0;36mnonce[0m = 147 [0;36mhash[0m = 4dbbb8b33f8cab413adea44775e0d3ce3fedb2c72f0f4a9fe60228ade88e812c 
[0;36mDEBUG[0m[2026-03-16 10:14:11.821]   received shard header from network in block tracker [0;36mshard[0m = 0 [0;36mepoch[0m = 0 [0;36mround[0m = 154 [0;36mnonce[0m = 148 [0;36mhash[0m = 3cec593bd873855927eeea4c9b86c21aa083b1674155c564378798f881f35b23 
[0;36mDEBUG[0m[2026-03-16 10:14:11.821]   received shard header from network in block tracker [0;36mshard[0m = 0 [0;36mepoch[0m = 0 [0;36mround[0m = 155 [0;36mnonce[0m = 149 [0;36mhash[0m = 87185057ce6f7a186bb82559eb7739e6cdc45d84588d1c3ce736f1d353b08575 
[0;36mDEBUG[0m[2026-03-16 10:14:11.821]   received shard header from network in block tracker [0;36mshard[0m = 0 [0;36mepoch[0m = 0 [0;36mround[0m = 156 [0;36mnonce[0m = 150 [0;36mhash[0m = a516a03a1f1ec5661e254a241619377758d859533bc9be033a57694d430a9056 
[0;36mDEBUG[0m[2026-03-16 10:14:11.821]   received shard header from network in block tracker [0;36mshard[0m = 0 [0;36mepoch[0m = 0 [0;36mround[0m = 157 [0;36mnonce[0m = 151 [0;36mhash[0m = dd66ba120d22d15849660cee69009e4846897652389d90b5cf836503d05164e3 
[0;36mDEBUG[0m[2026-03-16 10:14:11.821]   received shard header from network in block tracker [0;36mshard[0m = 0 [0;36mepoch[0m = 0 [0;36mround[0m = 158 [0;36mnonce[0m = 152 [0;36mhash[0m = 456903b023026628d7bb91d4e72448f950f0bb5483b0c4e16279b6f987be18db 
[0;36mDEBUG[0m[2026-03-16 10:14:11.822]   received shard header from network in block tracker [0;36mshard[0m = 0 [0;36mepoch[0m = 0 [0;36mround[0m = 159 [0;36mnonce[0m = 153 [0;36mhash[0m = 91dcf0fcd403eb828b93a6d83a201bfe57ba6f7acf2ece5d1b46fc605402f3d4 
[0;36mDEBUG[0m[2026-03-16 10:14:11.822]   received shard header from network in block tracker [0;36mshard[0m = 0 [0;36mepoch[0m = 0 [0;36mround[0m = 160 [0;36mnonce[0m = 154 [0;36mhash[0m = 78bfb1e7f32ec78af64911742ea8ef7a741a09340a5e4294f18a1dd20ea5b8b9 
[0;36mDEBUG[0m[2026-03-16 10:14:11.822]   received shard header from network in block tracker [0;36mshard[0m = 0 [0;36mepoch[0m = 0 [0;36mround[0m = 161 [0;36mnonce[0m = 155 [0;36mhash[0m = 839ae5c74c6ab9889ee64788aec380d925eb508fb72c94705e9d425dbd27f6dc 
[0;36mDEBUG[0m[2026-03-16 10:14:11.822]   received shard header from network in block tracker [0;36mshard[0m = 0 [0;36mepoch[0m = 0 [0;36mround[0m = 162 [0;36mnonce[0m = 156 [0;36mhash[0m = 66b89bfa9c0ff5c614ccdc0d2400278ab7024c42b937b9c5fd06a20c54360412 
[0;36mDEBUG[0m[2026-03-16 10:14:11.822]   received shard header from network in block tracker [0;36mshard[0m = 0 [0;36mepoch[0m = 0 [0;36mround[0m = 163 [0;36mnonce[0m = 157 [0;36mhash[0m = 6da1f6145bd7aa7d216cd705de4023c8ebae49d8b18a784739c207f7b0de836f 
[0;36mDEBUG[0m[2026-03-16 10:14:11.822]   received shard header from network in block tracker [0;36mshard[0m = 0 [0;36mepoch[0m = 0 [0;36mround[0m = 164 [0;36mnonce[0m = 158 [0;36mhash[0m = 582e4bfd99846bed2e5aa05b9583a7ad2c2d740c3754687ab7ec9727c1b17519 
[0;36mDEBUG[0m[2026-03-16 10:14:11.822]   received shard header from network in block tracker [0;36mshard[0m = 0 [0;36mepoch[0m = 0 [0;36mround[0m = 165 [0;36mnonce[0m = 159 [0;36mhash[0m = 7caa02605f9b7abbe43aeef440d83b7f805c0d9d035421bc111d4b2ed951ae59 
[0;36mDEBUG[0m[2026-03-16 10:14:11.822]   received shard header from network in block tracker [0;36mshard[0m = 0 [0;36mepoch[0m = 0 [0;36mround[0m = 166 [0;36mnonce[0m = 160 [0;36mhash[0m = 258b7bf7c3c88717a691bcf0b6ec6fbc2da276f1870b06d93cef0521da6d679e 
[0;36mDEBUG[0m[2026-03-16 10:14:11.822]   received shard header from network in block tracker [0;36mshard[0m = 0 [0;36mepoch[0m = 0 [0;36mround[0m = 167 [0;36mnonce[0m = 161 [0;36mhash[0m = ba91f3b251033fe465c406a628f25e8661a109d7dcbd3cfed7861296d00eaf81 
[0;36mDEBUG[0m[2026-03-16 10:14:11.822]   received shard header from network in block tracker [0;36mshard[0m = 0 [0;36mepoch[0m = 0 [0;36mround[0m = 168 [0;36mnonce[0m = 162 [0;36mhash[0m = f155dbe6fb882730a9f0614b066f970fd7730f2bd59ed6fe819c31316e2833f4 
[0;36mDEBUG[0m[2026-03-16 10:14:11.822]   received shard header from network in block tracker [0;36mshard[0m = 0 [0;36mepoch[0m = 0 [0;36mround[0m = 169 [0;36mnonce[0m = 163 [0;36mhash[0m = dd3e3daaf275b3b8359aed7eecaaed73e217b2f851bdd3ebde8a00741561fe83 
[0;36mDEBUG[0m[2026-03-16 10:14:11.822]   received shard header from network in block tracker [0;36mshard[0m = 0 [0;36mepoch[0m = 0 [0;36mround[0m = 170 [0;36mnonce[0m = 164 [0;36mhash[0m = 84621425e6584e78fba3fc313cc117a67e60fccc670b7411fea7a226d85d9f50 
[0;36mDEBUG[0m[2026-03-16 10:14:11.822]   received shard header from network in block tracker [0;36mshard[0m = 0 [0;36mepoch[0m = 0 [0;36mround[0m = 171 [0;36mnonce[0m = 165 [0;36mhash[0m = c4fb8dc2a3e8108b1f30cb31225d30362537e5f4cf904470f5a27d00e6a70606 
[0;36mDEBUG[0m[2026-03-16 10:14:11.822]   received shard header from network in block tracker [0;36mshard[0m = 0 [0;36mepoch[0m = 0 [0;36mround[0m = 172 [0;36mnonce[0m = 166 [0;36mhash[0m = bf21bf780ab8dad15f42303b0077ed343d12ee915b2f770f21873f29ee48734c 
[0;36mDEBUG[0m[2026-03-16 10:14:11.822]   received shard header from network in block tracker [0;36mshard[0m = 0 [0;36mepoch[0m = 0 [0;36mround[0m = 173 [0;36mnonce[0m = 167 [0;36mhash[0m = 0f35972664fe08155fcf3e21df20f37ceae15a257fb2de7b82783de25160fd04 
[0;36mDEBUG[0m[2026-03-16 10:14:11.822]   received shard header from network in block tracker [0;36mshard[0m = 0 [0;36mepoch[0m = 0 [0;36mround[0m = 174 [0;36mnonce[0m = 168 [0;36mhash[0m = e57621d02172e0bb35edf8cb278c4b3f7354d5756e08d3ac561d200dd010f3b9 
[0;36mDEBUG[0m[2026-03-16 10:14:11.822]   received shard header from network in block tracker [0;36mshard[0m = 0 [0;36mepoch[0m = 0 [0;36mround[0m = 175 [0;36mnonce[0m = 169 [0;36mhash[0m = 0986718e896250c3042b3b6faea0369a71277c4de9855e18e0a0cc1706bca61a 
[0;36mDEBUG[0m[2026-03-16 10:14:11.822]   received shard header from network in block tracker [0;36mshard[0m = 0 [0;36mepoch[0m = 0 [0;36mround[0m = 176 [0;36mnonce[0m = 170 [0;36mhash[0m = 8be61d0b8a5d26cea4b8dcb936f8ebdf9cb23bd339f695849ac34722f9b882ef 
[0;36mDEBUG[0m[2026-03-16 10:14:11.822]   received shard header from network in block tracker [0;36mshard[0m = 0 [0;36mepoch[0m = 0 [0;36mround[0m = 177 [0;36mnonce[0m = 171 [0;36mhash[0m = dc80e238d039db5ef6770f20d9a4bcad45d839c7566a7b2cc846fcd75a32f203 
[0;36mDEBUG[0m[2026-03-16 10:14:11.822]   received shard header from network in block tracker [0;36mshard[0m = 0 [0;36mepoch[0m = 0 [0;36mround[0m = 178 [0;36mnonce[0m = 172 [0;36mhash[0m = 8d4d4ad064e7ca37af7e1ed95219574cd6682273d4aa55926678e50d9724eaa8 
[0;36mDEBUG[0m[2026-03-16 10:14:11.822]   received shard header from network in block tracker [0;36mshard[0m = 0 [0;36mepoch[0m = 0 [0;36mround[0m = 179 [0;36mnonce[0m = 173 [0;36mhash[0m = 3d01bb268601651ce6444bf594d78f14710fd77672c770e4e7200527c28f95d2 
[0;36mDEBUG[0m[2026-03-16 10:14:11.822]   received shard header from network in block tracker [0;36mshard[0m = 0 [0;36mepoch[0m = 0 [0;36mround[0m = 180 [0;36mnonce[0m = 174 [0;36mhash[0m = 2512e858d67b1ea94ad7447bc22af4dae14b600fbd9aa5048ef05031b29a339e 
[0;36mDEBUG[0m[2026-03-16 10:14:11.822]   received shard header from network in block tracker [0;36mshard[0m = 0 [0;36mepoch[0m = 0 [0;36mround[0m = 181 [0;36mnonce[0m = 175 [0;36mhash[0m = 97bce9fc331c87e491e59e48bf8fad564dfbb2de82ab6849a3e717720fa0d6ac 
[0;36mDEBUG[0m[2026-03-16 10:14:11.822]   received shard header from network in block tracker [0;36mshard[0m = 0 [0;36mepoch[0m = 0 [0;36mround[0m = 182 [0;36mnonce[0m = 176 [0;36mhash[0m = 9625540436c749b1c965e9204a95b963c0a78b2256606e78c7c2486e22fa78c2 
[0;36mDEBUG[0m[2026-03-16 10:14:11.822]   received shard header from network in block tracker [0;36mshard[0m = 0 [0;36mepoch[0m = 0 [0;36mround[0m = 183 [0;36mnonce[0m = 177 [0;36mhash[0m = 773cfb065ba2b4a95de66ae134dfe7b8b4611e66ab48e01355a03ce5e2c95631 
[0;36mDEBUG[0m[2026-03-16 10:14:11.822]   received shard header from network in block tracker [0;36mshard[0m = 0 [0;36mepoch[0m = 0 [0;36mround[0m = 184 [0;36mnonce[0m = 178 [0;36mhash[0m = c8e6474a76d8ab928a0e502b5c8408f7211a5e8fd7495a4db6f8f77a27588a9b 
[0;36mDEBUG[0m[2026-03-16 10:14:11.822]   received shard header from network in block tracker [0;36mshard[0m = 0 [0;36mepoch[0m = 0 [0;36mround[0m = 185 [0;36mnonce[0m = 179 [0;36mhash[0m = c7a6233bf3ba636f836334653f518d46aadf7e97d0a5e6eeb26eeaacda9fb84d 
[0;36mDEBUG[0m[2026-03-16 10:14:11.822]   received shard header from network in block tracker [0;36mshard[0m = 0 [0;36mepoch[0m = 0 [0;36mround[0m = 186 [0;36mnonce[0m = 180 [0;36mhash[0m = 5616efaf6f829208a765a4da0c4167b2b9daf835d41bf44479c786ab97e413c8 
[0;36mDEBUG[0m[2026-03-16 10:14:11.822]   received shard header from network in block tracker [0;36mshard[0m = 0 [0;36mepoch[0m = 0 [0;36mround[0m = 187 [0;36mnonce[0m = 181 [0;36mhash[0m = cc09d95daf5ecf1f0eb45e9f3f49eba1db976b874e5ae80e42b0605b76788771 
[0;36mDEBUG[0m[2026-03-16 10:14:11.822]   received shard header from network in block tracker [0;36mshard[0m = 0 [0;36mepoch[0m = 0 [0;36mround[0m = 188 [0;36mnonce[0m = 182 [0;36mhash[0m = b126ce60cebc5cec8853426c9f30bbfa906e55086d056ec0f8493707626ead08 
[0;36mDEBUG[0m[2026-03-16 10:14:11.822]   received shard header from network in block tracker [0;36mshard[0m = 0 [0;36mepoch[0m = 0 [0;36mround[0m = 189 [0;36mnonce[0m = 183 [0;36mhash[0m = 12c2707d60d9e130fb506e323248e3619fdd5353860047075a82ec8a45dd2a52 
[0;36mDEBUG[0m[2026-03-16 10:14:11.822]   received shard header from network in block tracker [0;36mshard[0m = 0 [0;36mepoch[0m = 0 [0;36mround[0m = 190 [0;36mnonce[0m = 184 [0;36mhash[0m = 27f1c8f96e70bab708f18d0f5615947f00661a71228effa39c31f128e1c95fc8 
[0;36mDEBUG[0m[2026-03-16 10:14:11.822]   received shard header from network in block tracker [0;36mshard[0m = 0 [0;36mepoch[0m = 0 [0;36mround[0m = 191 [0;36mnonce[0m = 185 [0;36mhash[0m = 79f17d15cecd282f95243d511e2655fb27661079fcf50f642f17b6883e87b6f1 
[0;36mDEBUG[0m[2026-03-16 10:14:11.822]   received shard header from network in block tracker [0;36mshard[0m = 0 [0;36mepoch[0m = 0 [0;36mround[0m = 192 [0;36mnonce[0m = 186 [0;36mhash[0m = 4efadc9bef15bc21f80ba4ea93ecc1247c4be7ba077e8ffcc09051be87ccd0ac 
[0;36mDEBUG[0m[2026-03-16 10:14:11.822]   received shard header from network in block tracker [0;36mshard[0m = 0 [0;36mepoch[0m = 0 [0;36mround[0m = 193 [0;36mnonce[0m = 187 [0;36mhash[0m = ffc2f2f7c5c1c4132b0e4ecdccc5f260a43a1d8b5b153a0f3a8209d6391f526b 
[0;36mDEBUG[0m[2026-03-16 10:14:11.822]   received shard header from network in block tracker [0;36mshard[0m = 0 [0;36mepoch[0m = 0 [0;36mround[0m = 194 [0;36mnonce[0m = 188 [0;36mhash[0m = 33a909c608be803c96da7baa685df8c91a6145613813e614437f86828d634607 
[0;36mDEBUG[0m[2026-03-16 10:14:11.822]   received shard header from network in block tracker [0;36mshard[0m = 0 [0;36mepoch[0m = 0 [0;36mround[0m = 195 [0;36mnonce[0m = 189 [0;36mhash[0m = e1fcb063e3593bf43e09ea7859072cf5246c34d4da7955e16225d936036b488c 
[0;36mDEBUG[0m[2026-03-16 10:14:11.822]   received shard header from network in block tracker [0;36mshard[0m = 0 [0;36mepoch[0m = 0 [0;36mround[0m = 196 [0;36mnonce[0m = 190 [0;36mhash[0m = 7362b9b11648d339e2b70f9765dfb863d47df1cda3d8358968d440fe9c77816d 
[0;36mDEBUG[0m[2026-03-16 10:14:11.822]   received shard header from network in block tracker [0;36mshard[0m = 0 [0;36mepoch[0m = 0 [0;36mround[0m = 197 [0;36mnonce[0m = 191 [0;36mhash[0m = ea0f37c929e0dd56777bd9c40faecff1b33d3348950c60742becf96f5f9889d9 
[0;36mDEBUG[0m[2026-03-16 10:14:11.822]   received shard header from network in block tracker [0;36mshard[0m = 0 [0;36mepoch[0m = 0 [0;36mround[0m = 198 [0;36mnonce[0m = 192 [0;36mhash[0m = d66ad7031655b21d8c7692856f93cbedc7f9b59a82427f5d26df6bb51b61838c 
[0;36mDEBUG[0m[2026-03-16 10:14:11.822]   received shard header from network in block tracker [0;36mshard[0m = 0 [0;36mepoch[0m = 0 [0;36mround[0m = 199 [0;36mnonce[0m = 193 [0;36mhash[0m = 3a1cdf93185df567321f5e007dbccb049c7d672c217fd6174cc4121d4c09d4a2 
[0;36mDEBUG[0m[2026-03-16 10:14:11.822]   received shard header from network in block tracker [0;36mshard[0m = 0 [0;36mepoch[0m = 0 [0;36mround[0m = 200 [0;36mnonce[0m = 194 [0;36mhash[0m = d4000875f0fa87a79c97033d6ef1fd5b2368f1607450449ec8edf13b6c3f2720 
[0;36mDEBUG[0m[2026-03-16 10:14:11.822]   received shard header from network in block tracker [0;36mshard[0m = 0 [0;36mepoch[0m = 0 [0;36mround[0m = 201 [0;36mnonce[0m = 195 [0;36mhash[0m = dea676bd2b2f3910913ebb80d157f2c875544dbac0c8fea8b295e463dfec38af 
[0;36mDEBUG[0m[2026-03-16 10:14:11.822]   received shard header from network in block tracker [0;36mshard[0m = 0 [0;36mepoch[0m = 0 [0;36mround[0m = 202 [0;36mnonce[0m = 196 [0;36mhash[0m = de0757b1d9e3f67313ab446e66388bb400d8447293df6fd72f37a59b4c63ea78 
[0;36mDEBUG[0m[2026-03-16 10:14:11.822]   received shard header from network in block tracker [0;36mshard[0m = 0 [0;36mepoch[0m = 0 [0;36mround[0m = 203 [0;36mnonce[0m = 197 [0;36mhash[0m = 86c881848fc3d1981c36bf5f82b68c85e84dcfd688cefe5cd71d7711e81d1403 
[0;36mDEBUG[0m[2026-03-16 10:14:11.822]   received shard header from network in block tracker [0;36mshard[0m = 0 [0;36mepoch[0m = 0 [0;36mround[0m = 204 [0;36mnonce[0m = 198 [0;36mhash[0m = 64347a553245da1a301a233a783a212ed30e3e125cdbdb52fb7cffdef11569de 
[0;36mDEBUG[0m[2026-03-16 10:14:11.822]   received shard header from network in block tracker [0;36mshard[0m = 0 [0;36mepoch[0m = 0 [0;36mround[0m = 205 [0;36mnonce[0m = 199 [0;36mhash[0m = 4d8115a019f8ec01f95467817953c8dc8e860bf38262ff6b3edcd06a262ebaac 
[0;36mDEBUG[0m[2026-03-16 10:14:11.822]   received shard header from network in block tracker [0;36mshard[0m = 0 [0;36mepoch[0m = 0 [0;36mround[0m = 206 [0;36mnonce[0m = 200 [0;36mhash[0m = a726ab42e3b331dc1fcfd8d353a0fabd7d803062fa15eab10b0302255bac80d0 
[0;36mDEBUG[0m[2026-03-16 10:14:11.822]   received shard header from network in block tracker [0;36mshard[0m = 0 [0;36mepoch[0m = 0 [0;36mround[0m = 207 [0;36mnonce[0m = 201 [0;36mhash[0m = acf3b67149de2b4893e763e1e92170e0c7f72d3744b107aa1fbf6a41566147dc 
[0;36mDEBUG[0m[2026-03-16 10:14:11.822]   received shard header from network in block tracker [0;36mshard[0m = 0 [0;36mepoch[0m = 0 [0;36mround[0m = 208 [0;36mnonce[0m = 202 [0;36mhash[0m = ef2ba4e5b203436a1dbb5b7f17d46720a55747bedcf7694ba22da2ad37bbde26 
[0;36mDEBUG[0m[2026-03-16 10:14:11.822]   received shard header from network in block tracker [0;36mshard[0m = 0 [0;36mepoch[0m = 0 [0;36mround[0m = 209 [0;36mnonce[0m = 203 [0;36mhash[0m = 733c19a6ecdff0f343a8a14779845582d928a95c800134d5114cbcdf15abaebd 
[0;36mDEBUG[0m[2026-03-16 10:14:11.822]   received shard header from network in block tracker [0;36mshard[0m = 0 [0;36mepoch[0m = 0 [0;36mround[0m = 210 [0;36mnonce[0m = 204 [0;36mhash[0m = c16522dc51cc6e70c8dfd893f96a59970d0f1afb94e47555665ac2b24e0ed666 
[0;36mDEBUG[0m[2026-03-16 10:14:11.822]   received shard header from network in block tracker [0;36mshard[0m = 0 [0;36mepoch[0m = 0 [0;36mround[0m = 211 [0;36mnonce[0m = 205 [0;36mhash[0m = 2179eb8275d6c014cb60575af3923c7e5d7a04650b831dcbd145c4667fd34d5c 
[0;36mDEBUG[0m[2026-03-16 10:14:11.822]   received shard header from network in block tracker [0;36mshard[0m = 0 [0;36mepoch[0m = 0 [0;36mround[0m = 212 [0;36mnonce[0m = 206 [0;36mhash[0m = 3d96208a580192abfee9a7a9892ac4b792f36ce15ee09278f34a8388d284c019 
[0;36mDEBUG[0m[2026-03-16 10:14:11.822]   received shard header from network in block tracker [0;36mshard[0m = 0 [0;36mepoch[0m = 0 [0;36mround[0m = 213 [0;36mnonce[0m = 207 [0;36mhash[0m = 1e075c5bb35f89ad134a2380682cebabe825ecfcc7326bd691bd1daf756a214a 
[0;36mDEBUG[0m[2026-03-16 10:14:11.822]   received shard header from network in block tracker [0;36mshard[0m = 0 [0;36mepoch[0m = 0 [0;36mround[0m = 214 [0;36mnonce[0m = 208 [0;36mhash[0m = eaa8111a7e2482056fc99b2684b8fd55619cbfcb8d3accdf45f2b227385ca7b2 
[0;36mDEBUG[0m[2026-03-16 10:14:11.822]   received shard header from network in block tracker [0;36mshard[0m = 0 [0;36mepoch[0m = 0 [0;36mround[0m = 215 [0;36mnonce[0m = 209 [0;36mhash[0m = 69c922f702d1c2ab8fe905e87631b53c8142572a237d202ef374a4b9b027bb53 
[0;36mDEBUG[0m[2026-03-16 10:14:11.822]   received shard header from network in block tracker [0;36mshard[0m = 0 [0;36mepoch[0m = 0 [0;36mround[0m = 216 [0;36mnonce[0m = 210 [0;36mhash[0m = 376a199ddc913c0bddebca3d8ac7d010d3ae15c5a46625fbcdb21cdffcb4424b 
[0;36mDEBUG[0m[2026-03-16 10:14:11.822]   received shard header from network in block tracker [0;36mshard[0m = 0 [0;36mepoch[0m = 0 [0;36mround[0m = 217 [0;36mnonce[0m = 211 [0;36mhash[0m = af4f5e14e9a03a62bdc9de0a695da24a010c7d6eca27c2091b37d181ca368a8a 
[0;36mDEBUG[0m[2026-03-16 10:14:11.822]   received shard header from network in block tracker [0;36mshard[0m = 0 [0;36mepoch[0m = 0 [0;36mround[0m = 218 [0;36mnonce[0m = 212 [0;36mhash[0m = 40ba96cd830926895c6e0e1ab9846a10a993b707d2d290d2572b21010aa3bed1 
[0;36mDEBUG[0m[2026-03-16 10:14:11.822]   received shard header from network in block tracker [0;36mshard[0m = 0 [0;36mepoch[0m = 0 [0;36mround[0m = 219 [0;36mnonce[0m = 213 [0;36mhash[0m = 978bd7e758f5c56949a9ad35ac7f9ecfe07d7c559dba5f3a51deeb3674feae8d 
[0;36mDEBUG[0m[2026-03-16 10:14:11.822]   received shard header from network in block tracker [0;36mshard[0m = 0 [0;36mepoch[0m = 0 [0;36mround[0m = 220 [0;36mnonce[0m = 214 [0;36mhash[0m = 0c884e1f8784b5029a5c4b5c0f13c4fdb722903762724f086d7dd5920fe89e24 
[0;36mDEBUG[0m[2026-03-16 10:14:11.822]   received shard header from network in block tracker [0;36mshard[0m = 0 [0;36mepoch[0m = 0 [0;36mround[0m = 221 [0;36mnonce[0m = 215 [0;36mhash[0m = c40ce68b5406065f8157466145bf23d3b9ef776404568366552d913711f8511f 
[0;36mDEBUG[0m[2026-03-16 10:14:11.822]   received shard header from network in block tracker [0;36mshard[0m = 0 [0;36mepoch[0m = 0 [0;36mround[0m = 222 [0;36mnonce[0m = 216 [0;36mhash[0m = 504f1a4a50801bb1bc81e904dd4f1111512cdfaae5e3a75a045aca4305e4c380 
[0;36mDEBUG[0m[2026-03-16 10:14:11.822]   received shard header from network in block tracker [0;36mshard[0m = 0 [0;36mepoch[0m = 0 [0;36mround[0m = 223 [0;36mnonce[0m = 217 [0;36mhash[0m = 3520916dcb6c2f988af0ca232b051a05a2d8e31f622beef4f854116a0e74a979 
[0;36mDEBUG[0m[2026-03-16 10:14:11.822]   received shard header from network in block tracker [0;36mshard[0m = 0 [0;36mepoch[0m = 0 [0;36mround[0m = 224 [0;36mnonce[0m = 218 [0;36mhash[0m = 00b3c0e5bdf86abcc9ac7b7d66e165c82a904e0d0fbe52244ac0c81d9604de79 
[0;36mDEBUG[0m[2026-03-16 10:14:11.822]   received shard header from network in block tracker [0;36mshard[0m = 0 [0;36mepoch[0m = 0 [0;36mround[0m = 225 [0;36mnonce[0m = 219 [0;36mhash[0m = 82faee88deb1497c5b156f8534aaa4a9284685609386e3dbef07fe0bff6e5f13 
[0;36mDEBUG[0m[2026-03-16 10:14:11.822]   received shard header from network in block tracker [0;36mshard[0m = 0 [0;36mepoch[0m = 0 [0;36mround[0m = 226 [0;36mnonce[0m = 220 [0;36mhash[0m = 8a02d357d7dcba69291a2f75dad6ae6ef7dea75e806c16f698d3ea3d554d1b44 
[0;36mDEBUG[0m[2026-03-16 10:14:11.822]   received shard header from network in block tracker [0;36mshard[0m = 0 [0;36mepoch[0m = 0 [0;36mround[0m = 227 [0;36mnonce[0m = 221 [0;36mhash[0m = bd69331e7834bc372d1ddd148baa52f853b7f970dce31ca052561fa2635e0428 
[0;36mDEBUG[0m[2026-03-16 10:14:11.822]   received shard header from network in block tracker [0;36mshard[0m = 0 [0;36mepoch[0m = 0 [0;36mround[0m = 228 [0;36mnonce[0m = 222 [0;36mhash[0m = 25fecb8ba7bb0e2b0cf054f32d054a7e46728d85028f72356f3584feddcb09fa 
[0;36mDEBUG[0m[2026-03-16 10:14:11.822]   received shard header from network in block tracker [0;36mshard[0m = 0 [0;36mepoch[0m = 0 [0;36mround[0m = 229 [0;36mnonce[0m = 223 [0;36mhash[0m = ade94cc92bd63af99d16328a7fedaa7ca289fdad44e81addde5461c0646c5f91 
[0;36mDEBUG[0m[2026-03-16 10:14:11.822]   received shard header from network in block tracker [0;36mshard[0m = 0 [0;36mepoch[0m = 0 [0;36mround[0m = 230 [0;36mnonce[0m = 224 [0;36mhash[0m = 4b06946bac3888bfa93c61aa1d6cb6de05b51c31f085c05e6bd654a2d4bf4ed0 
[0;36mDEBUG[0m[2026-03-16 10:14:11.822]   received shard header from network in block tracker [0;36mshard[0m = 0 [0;36mepoch[0m = 0 [0;36mround[0m = 231 [0;36mnonce[0m = 225 [0;36mhash[0m = 4314e2dd9a8d0f22b4188dbc50090a01fa5f2441052358ac5401f7e7cac9bfb8 
[0;36mDEBUG[0m[2026-03-16 10:14:11.822]   received shard header from network in block tracker [0;36mshard[0m = 0 [0;36mepoch[0m = 0 [0;36mround[0m = 232 [0;36mnonce[0m = 226 [0;36mhash[0m = 23752ae2bce876b06253e86c60b1331e983e5ddd0f1d4b0e7eb7a6c744480b84 
[0;36mDEBUG[0m[2026-03-16 10:14:11.822]   received shard header from network in block tracker [0;36mshard[0m = 0 [0;36mepoch[0m = 0 [0;36mround[0m = 233 [0;36mnonce[0m = 227 [0;36mhash[0m = b3bc73f9e76d70de03657d6879d61fc19d4d46adfc8dacb2aeb95de10dffe1cc 
[0;36mDEBUG[0m[2026-03-16 10:14:11.822]   received shard header from network in block tracker [0;36mshard[0m = 0 [0;36mepoch[0m = 0 [0;36mround[0m = 234 [0;36mnonce[0m = 228 [0;36mhash[0m = bb5c9372035012d35a16bf40489477d214a11c60846d28fa540cc59a027fdeb3 
[0;36mDEBUG[0m[2026-03-16 10:14:11.822]   received shard header from network in block tracker [0;36mshard[0m = 0 [0;36mepoch[0m = 0 [0;36mround[0m = 235 [0;36mnonce[0m = 229 [0;36mhash[0m = b2fb2b559340e4a18190512dea6599aae1be6cd2ae898cd71fc8278639538b4c 
[0;36mDEBUG[0m[2026-03-16 10:14:11.822]   received shard header from network in block tracker [0;36mshard[0m = 0 [0;36mepoch[0m = 0 [0;36mround[0m = 236 [0;36mnonce[0m = 230 [0;36mhash[0m = 9c85f055cad302701ccd6a3ea26fcd8ddad7d7db3ace93a793ccd5dee384b62f 
[0;36mDEBUG[0m[2026-03-16 10:14:11.822]   received shard header from network in block tracker [0;36mshard[0m = 0 [0;36mepoch[0m = 0 [0;36mround[0m = 237 [0;36mnonce[0m = 231 [0;36mhash[0m = 33d8b32b8ab8d0392571df4e673f3387d3627dc3df5e75b19b1c8ab34b86add1 
[0;36mDEBUG[0m[2026-03-16 10:14:11.822]   received shard header from network in block tracker [0;36mshard[0m = 0 [0;36mepoch[0m = 0 [0;36mround[0m = 238 [0;36mnonce[0m = 232 [0;36mhash[0m = 944e409d3d588e973ecb75fe8fbe6ea0094e7c341f3a5f9d2bf8a31456efd73a 
[0;36mDEBUG[0m[2026-03-16 10:14:11.822]   received shard header from network in block tracker [0;36mshard[0m = 0 [0;36mepoch[0m = 0 [0;36mround[0m = 239 [0;36mnonce[0m = 233 [0;36mhash[0m = 055af0a0ebe1ffa13090e3a0f56bc48e71000b868994fec0359974317ebf1d25 
[0;36mDEBUG[0m[2026-03-16 10:14:11.822]   received shard header from network in block tracker [0;36mshard[0m = 0 [0;36mepoch[0m = 0 [0;36mround[0m = 240 [0;36mnonce[0m = 234 [0;36mhash[0m = 1629185116f335aef6765e8f884c87c52c1be812b58649aae399bf255bf21299 
[0;36mDEBUG[0m[2026-03-16 10:14:11.822]   received shard header from network in block tracker [0;36mshard[0m = 0 [0;36mepoch[0m = 0 [0;36mround[0m = 241 [0;36mnonce[0m = 235 [0;36mhash[0m = 9d0cfabd3d4134b22ced1466b7465b62e8a6fd83a04436eb1b0524507a8f638c 
[0;36mDEBUG[0m[2026-03-16 10:14:11.822]   received shard header from network in block tracker [0;36mshard[0m = 0 [0;36mepoch[0m = 0 [0;36mround[0m = 242 [0;36mnonce[0m = 236 [0;36mhash[0m = 7f79729f0ea8a16c53d41cb045673251a1167c6ed1c2b83b93f218465de35df3 
[0;36mDEBUG[0m[2026-03-16 10:14:11.822]   received shard header from network in block tracker [0;36mshard[0m = 0 [0;36mepoch[0m = 0 [0;36mround[0m = 243 [0;36mnonce[0m = 237 [0;36mhash[0m = fe7a099b981dec09a2e2108bdb7cc435264a0bf75fc6d84082d79edaeefa03e6 
[0;36mDEBUG[0m[2026-03-16 10:14:11.822]   received shard header from network in block tracker [0;36mshard[0m = 0 [0;36mepoch[0m = 0 [0;36mround[0m = 244 [0;36mnonce[0m = 238 [0;36mhash[0m = 24d7c5ec8da863a23e4de786912cbafa935d05f1406a66b1739d41610cb01c4b 
[0;36mDEBUG[0m[2026-03-16 10:14:11.822]   received shard header from network in block tracker [0;36mshard[0m = 0 [0;36mepoch[0m = 0 [0;36mround[0m = 245 [0;36mnonce[0m = 239 [0;36mhash[0m = f32462f1187fd1080ed7ba4408a32b6b71039511b832aa50dff8dd5c7b76afa1 
[0;36mDEBUG[0m[2026-03-16 10:14:11.822]   received shard header from network in block tracker [0;36mshard[0m = 0 [0;36mepoch[0m = 0 [0;36mround[0m = 246 [0;36mnonce[0m = 240 [0;36mhash[0m = 34cac88815afcae63dd8e56954f131096eca96186de783a99e1dfbf93992c1c9 
[0;36mDEBUG[0m[2026-03-16 10:14:11.822]   received shard header from network in block tracker [0;36mshard[0m = 0 [0;36mepoch[0m = 0 [0;36mround[0m = 247 [0;36mnonce[0m = 241 [0;36mhash[0m = 339dbfa7b372903108a135eb3fe57d43462eba6fb6ab481b252553884af11762 
[0;36mDEBUG[0m[2026-03-16 10:14:11.822]   received shard header from network in block tracker [0;36mshard[0m = 0 [0;36mepoch[0m = 0 [0;36mround[0m = 248 [0;36mnonce[0m = 242 [0;36mhash[0m = ebb10d4990fe681af2690b8aaaf45d154f40ddcc45cf0f2f50e08b85cbb74c91 
[0;36mDEBUG[0m[2026-03-16 10:14:11.822]   received shard header from network in block tracker [0;36mshard[0m = 0 [0;36mepoch[0m = 0 [0;36mround[0m = 249 [0;36mnonce[0m = 243 [0;36mhash[0m = a87252a4cf0557e3084cb885a3590433e15241f64a611873ec92a7d30ea16de5 
[0;36mDEBUG[0m[2026-03-16 10:14:11.823]   received shard header from network in block tracker [0;36mshard[0m = 0 [0;36mepoch[0m = 0 [0;36mround[0m = 250 [0;36mnonce[0m = 244 [0;36mhash[0m = 83549f208a8c3758840a4a1e9852c415db8249541c3cf11a81ceb129945f9a0e 
[0;36mDEBUG[0m[2026-03-16 10:14:11.823]   received shard header from network in block tracker [0;36mshard[0m = 0 [0;36mepoch[0m = 0 [0;36mround[0m = 251 [0;36mnonce[0m = 245 [0;36mhash[0m = bb9a160e7bf23d1f62353400153d2833faf0425f595cb209561cc591e5a6a938 
[0;36mDEBUG[0m[2026-03-16 10:14:11.823]   received shard header from network in block tracker [0;36mshard[0m = 0 [0;36mepoch[0m = 0 [0;36mround[0m = 252 [0;36mnonce[0m = 246 [0;36mhash[0m = 081fdf3b695422f4b54dca83d83864ea46096fa36ff291e9438742d59aa4027a 
[0;36mDEBUG[0m[2026-03-16 10:14:11.823]   received shard header from network in block tracker [0;36mshard[0m = 0 [0;36mepoch[0m = 0 [0;36mround[0m = 253 [0;36mnonce[0m = 247 [0;36mhash[0m = 5bc89cc604262ac7e558f452716bcff787c1c03a6c1a92cb34c2173749fe044f 
[0;36mDEBUG[0m[2026-03-16 10:14:11.823]   received shard header from network in block tracker [0;36mshard[0m = 0 [0;36mepoch[0m = 0 [0;36mround[0m = 254 [0;36mnonce[0m = 248 [0;36mhash[0m = 3909d10f26962d2b98f355409e741f87d6158552e11f01e960f24b8c0d151e2b 
[0;36mDEBUG[0m[2026-03-16 10:14:11.823]   received shard header from network in block tracker [0;36mshard[0m = 0 [0;36mepoch[0m = 0 [0;36mround[0m = 255 [0;36mnonce[0m = 249 [0;36mhash[0m = 21110b28f78937802a4175fc77398c1c48a69f4a0a2d5d55d2476d340f734d91 
[0;36mDEBUG[0m[2026-03-16 10:14:11.823]   received shard header from network in block tracker [0;36mshard[0m = 0 [0;36mepoch[0m = 0 [0;36mround[0m = 256 [0;36mnonce[0m = 250 [0;36mhash[0m = fdd0e36912f0da03f640bc1da40b39fd7cdcfa45cb80b948dca0736211b52bcf 
[0;36mDEBUG[0m[2026-03-16 10:14:11.823]   received shard header from network in block tracker [0;36mshard[0m = 0 [0;36mepoch[0m = 0 [0;36mround[0m = 257 [0;36mnonce[0m = 251 [0;36mhash[0m = 888b29c05f2f0eb54efe02d98429855931f8df6c76d0aa0d25d2de35d8ccecc3 
[0;36mDEBUG[0m[2026-03-16 10:14:11.823]   received shard header from network in block tracker [0;36mshard[0m = 0 [0;36mepoch[0m = 0 [0;36mround[0m = 258 [0;36mnonce[0m = 252 [0;36mhash[0m = 2bd9e53e4f864bd927159fb688c450067a4cd2dec0fe0800f364e5681e6945d7 
[0;36mDEBUG[0m[2026-03-16 10:14:11.823]   received shard header from network in block tracker [0;36mshard[0m = 0 [0;36mepoch[0m = 0 [0;36mround[0m = 259 [0;36mnonce[0m = 253 [0;36mhash[0m = 9ff42bc68d3a1ca0b1670765a41d24f2c33862448a61995fa0b1cc4926967cc5 
[0;36mDEBUG[0m[2026-03-16 10:14:11.823]   received shard header from network in block tracker [0;36mshard[0m = 0 [0;36mepoch[0m = 0 [0;36mround[0m = 260 [0;36mnonce[0m = 254 [0;36mhash[0m = d7159a693631b41b76ab6feecd27d658106d7b6a0608b06db95c0a3a17e4609b 
[0;36mDEBUG[0m[2026-03-16 10:14:11.823]   received shard header from network in block tracker [0;36mshard[0m = 0 [0;36mepoch[0m = 0 [0;36mround[0m = 261 [0;36mnonce[0m = 255 [0;36mhash[0m = 841258cf31c00236e400c7f14eb18b956478e384d7d73ce9be2a0156fa642884 
[0;36mDEBUG[0m[2026-03-16 10:14:11.823]   received shard header from network in block tracker [0;36mshard[0m = 0 [0;36mepoch[0m = 0 [0;36mround[0m = 262 [0;36mnonce[0m = 256 [0;36mhash[0m = 82f0a86d5e47e0a609d751b501161707bcf98dc6abd121b2eaafb5fb444f7e75 
[0;36mDEBUG[0m[2026-03-16 10:14:11.823]   received shard header from network in block tracker [0;36mshard[0m = 0 [0;36mepoch[0m = 0 [0;36mround[0m = 263 [0;36mnonce[0m = 257 [0;36mhash[0m = 584cd9c2b740874c522cfe331ca40cb7abf462d6ab09af43c060996e82e7e724 
[0;36mDEBUG[0m[2026-03-16 10:14:11.823]   received shard header from network in block tracker [0;36mshard[0m = 0 [0;36mepoch[0m = 0 [0;36mround[0m = 264 [0;36mnonce[0m = 258 [0;36mhash[0m = a79fed76ba939719defb3ed551cf5e344bbf350e23fab2d68f0c78b5be9ff409 
[0;36mDEBUG[0m[2026-03-16 10:14:11.823]   received shard header from network in block tracker [0;36mshard[0m = 0 [0;36mepoch[0m = 0 [0;36mround[0m = 265 [0;36mnonce[0m = 259 [0;36mhash[0m = 6d16907ca4e04f444df1672e1473d87cce71bd38724f4a477d86bd478210035f 
[0;36mDEBUG[0m[2026-03-16 10:14:11.823]   received shard header from network in block tracker [0;36mshard[0m = 0 [0;36mepoch[0m = 0 [0;36mround[0m = 266 [0;36mnonce[0m = 260 [0;36mhash[0m = 64a52255f876ddb8cee941d4ae02b0b427b76364fe859bf37b77f6a86e177c83 
[0;36mDEBUG[0m[2026-03-16 10:14:11.823]   received shard header from network in block tracker [0;36mshard[0m = 0 [0;36mepoch[0m = 0 [0;36mround[0m = 267 [0;36mnonce[0m = 261 [0;36mhash[0m = 180bc75656eddf266aa29a5a77bb30715f19da4ba9850699f86da3c20ac4a54f 
[0;36mDEBUG[0m[2026-03-16 10:14:11.823]   received shard header from network in block tracker [0;36mshard[0m = 0 [0;36mepoch[0m = 0 [0;36mround[0m = 268 [0;36mnonce[0m = 262 [0;36mhash[0m = bbde547a247b9a516d9f55339966aedbb0a9d58963bce62a06ae6a8b810acfee 
[0;36mDEBUG[0m[2026-03-16 10:14:11.823]   received shard header from network in block tracker [0;36mshard[0m = 0 [0;36mepoch[0m = 0 [0;36mround[0m = 269 [0;36mnonce[0m = 263 [0;36mhash[0m = 4748a3c77fa3d370fe8a82290f9153fda6c3e8a02ae0dcc8c5b235585eecca47 
[0;36mDEBUG[0m[2026-03-16 10:14:11.823]   received shard header from network in block tracker [0;36mshard[0m = 0 [0;36mepoch[0m = 0 [0;36mround[0m = 270 [0;36mnonce[0m = 264 [0;36mhash[0m = 75837eaa7369f9317b8144e0c284fedfefed5c3c0a664d1b81cc80d9324ee9a3 
[0;36mDEBUG[0m[2026-03-16 10:14:11.823]   received shard header from network in block tracker [0;36mshard[0m = 0 [0;36mepoch[0m = 0 [0;36mround[0m = 271 [0;36mnonce[0m = 265 [0;36mhash[0m = 099b4e0d3058abb707ee321a12fb33d8089a711f22bb77db2460da6cc75bb059 
[0;36mDEBUG[0m[2026-03-16 10:14:11.823]   received shard header from network in block tracker [0;36mshard[0m = 0 [0;36mepoch[0m = 0 [0;36mround[0m = 272 [0;36mnonce[0m = 266 [0;36mhash[0m = 9e7cb9d31ebee504bcf264a30248d81a0a52bd514196e473247af373224b97a2 
[0;36mDEBUG[0m[2026-03-16 10:14:11.823]   received shard header from network in block tracker [0;36mshard[0m = 0 [0;36mepoch[0m = 0 [0;36mround[0m = 273 [0;36mnonce[0m = 267 [0;36mhash[0m = fa187a107c17ac48bc6c4421a27fdc8c222cc56e092d4f86dc8f81ff6d366ef8 
[0;36mDEBUG[0m[2026-03-16 10:14:11.823]   received shard header from network in block tracker [0;36mshard[0m = 0 [0;36mepoch[0m = 0 [0;36mround[0m = 274 [0;36mnonce[0m = 268 [0;36mhash[0m = f2382f51dd4e67e61a912e8378bf3b770e035dc6a91521bfa8ff9c7bf532b23d 
[0;36mDEBUG[0m[2026-03-16 10:14:11.823]   received shard header from network in block tracker [0;36mshard[0m = 0 [0;36mepoch[0m = 0 [0;36mround[0m = 275 [0;36mnonce[0m = 269 [0;36mhash[0m = 8a34921c093193a105a666eb3be4d44ab0e1933f9f0cab6d98bbd38b5e350e3f 
[0;36mDEBUG[0m[2026-03-16 10:14:11.823]   received shard header from network in block tracker [0;36mshard[0m = 0 [0;36mepoch[0m = 0 [0;36mround[0m = 276 [0;36mnonce[0m = 270 [0;36mhash[0m = 3c7a5565c1277367b9a84ec9cd5e6d00c7e6adbfab1f2cbe4702ee3f6a21c17e 
[0;36mDEBUG[0m[2026-03-16 10:14:11.823]   received shard header from network in block tracker [0;36mshard[0m = 0 [0;36mepoch[0m = 0 [0;36mround[0m = 277 [0;36mnonce[0m = 271 [0;36mhash[0m = 2c36db509363ce7e956c02b71f6ae075c753c83d6460cbfc689d7fcded361dc0 
[0;36mDEBUG[0m[2026-03-16 10:14:11.823]   received shard header from network in block tracker [0;36mshard[0m = 0 [0;36mepoch[0m = 0 [0;36mround[0m = 278 [0;36mnonce[0m = 272 [0;36mhash[0m = 3ae1d7fc8abc1265ebe33adf7b0d1e332e1faf0f80fab68f400723f0a2e455f4 
[0;36mDEBUG[0m[2026-03-16 10:14:11.823]   received shard header from network in block tracker [0;36mshard[0m = 0 [0;36mepoch[0m = 0 [0;36mround[0m = 279 [0;36mnonce[0m = 273 [0;36mhash[0m = 5a1d5d3f13b437ddeaf60cca8859d605ddd77688cd15447850968f5723944364 
[0;36mDEBUG[0m[2026-03-16 10:14:11.823]   received shard header from network in block tracker [0;36mshard[0m = 0 [0;36mepoch[0m = 0 [0;36mround[0m = 280 [0;36mnonce[0m = 274 [0;36mhash[0m = 4c311e36b77ca5d62f1cfbff547d4fae5b25a805ff2c6a1ae1c83f183a0c754a 
[0;36mDEBUG[0m[2026-03-16 10:14:11.823]   received shard header from network in block tracker [0;36mshard[0m = 0 [0;36mepoch[0m = 0 [0;36mround[0m = 281 [0;36mnonce[0m = 275 [0;36mhash[0m = 857f5ca67079bce369598895424141bd5a5a7607431394ea42e38344a10fd55c 
[0;36mDEBUG[0m[2026-03-16 10:14:11.823]   received shard header from network in block tracker [0;36mshard[0m = 0 [0;36mepoch[0m = 0 [0;36mround[0m = 282 [0;36mnonce[0m = 276 [0;36mhash[0m = 7862311989d9b7e9ed0d72e8286d3408370fd57d9f12c2968cfa27b7f39cbe35 
[0;36mDEBUG[0m[2026-03-16 10:14:11.823]   received shard header from network in block tracker [0;36mshard[0m = 0 [0;36mepoch[0m = 0 [0;36mround[0m = 283 [0;36mnonce[0m = 277 [0;36mhash[0m = 4ece61ecc064b97fb282f90aaef416a7ee78623d00a86f29343083b6e0229511 
[0;36mDEBUG[0m[2026-03-16 10:14:11.823]   received shard header from network in block tracker [0;36mshard[0m = 0 [0;36mepoch[0m = 0 [0;36mround[0m = 284 [0;36mnonce[0m = 278 [0;36mhash[0m = dab61616bd3fedd690e75e9fad733425f022f9030681209103b0cd3eccf35db3 
[0;36mDEBUG[0m[2026-03-16 10:14:11.823]   received shard header from network in block tracker [0;36mshard[0m = 0 [0;36mepoch[0m = 0 [0;36mround[0m = 285 [0;36mnonce[0m = 279 [0;36mhash[0m = 469e2a528fb19f5e8e803cb16e6a2173d0ca3cf8815d9bd143d0b2b939cc5684 
[0;36mDEBUG[0m[2026-03-16 10:14:11.823]   received shard header from network in block tracker [0;36mshard[0m = 0 [0;36mepoch[0m = 0 [0;36mround[0m = 286 [0;36mnonce[0m = 280 [0;36mhash[0m = 689d1520a5d057159fc35d0e84b42349d938fce9fa67d83b634826adeab3c7cc 
[0;36mDEBUG[0m[2026-03-16 10:14:11.823]   received shard header from network in block tracker [0;36mshard[0m = 0 [0;36mepoch[0m = 0 [0;36mround[0m = 287 [0;36mnonce[0m = 281 [0;36mhash[0m = 21ce48445eef8c2fa3ba85d46d83198922833816383c661cfcd383bf9ff6505a 
[0;36mDEBUG[0m[2026-03-16 10:14:11.823]   received shard header from network in block tracker [0;36mshard[0m = 0 [0;36mepoch[0m = 0 [0;36mround[0m = 288 [0;36mnonce[0m = 282 [0;36mhash[0m = 6f90fa788e98cb14092e42359698b5f771f068891c7759ac31e92ef339a154cb 
[0;36mDEBUG[0m[2026-03-16 10:14:11.823]   received shard header from network in block tracker [0;36mshard[0m = 0 [0;36mepoch[0m = 0 [0;36mround[0m = 289 [0;36mnonce[0m = 283 [0;36mhash[0m = a1833e62c47d7515bd8b738254aa2093d3587745b4b9b721a350c684323426e8 
[0;36mDEBUG[0m[2026-03-16 10:14:11.823]   received shard header from network in block tracker [0;36mshard[0m = 0 [0;36mepoch[0m = 0 [0;36mround[0m = 290 [0;36mnonce[0m = 284 [0;36mhash[0m = 7176eda347a62f11ae98958d3c401045a60f576c138f4ae573ff4de4245065ef 
[0;36mDEBUG[0m[2026-03-16 10:14:11.823]   received shard header from network in block tracker [0;36mshard[0m = 0 [0;36mepoch[0m = 0 [0;36mround[0m = 291 [0;36mnonce[0m = 285 [0;36mhash[0m = 54ff3a9be4296472c35074a2c83cb25d0576819ad92b1a7b9254047c108992e2 
[0;36mDEBUG[0m[2026-03-16 10:14:11.823]   received shard header from network in block tracker [0;36mshard[0m = 0 [0;36mepoch[0m = 0 [0;36mround[0m = 292 [0;36mnonce[0m = 286 [0;36mhash[0m = 71ed12a8276fc16729a513b599a022a610c7be803ee201fefc2ceefbfbc0c5df 
[0;36mDEBUG[0m[2026-03-16 10:14:11.823]   received shard header from network in block tracker [0;36mshard[0m = 0 [0;36mepoch[0m = 0 [0;36mround[0m = 293 [0;36mnonce[0m = 287 [0;36mhash[0m = 3f2cbb86264342a19ee17d2306dfe622745002b9f919db94ce6f3a3dcf51048f 
[0;36mDEBUG[0m[2026-03-16 10:14:11.823]   received shard header from network in block tracker [0;36mshard[0m = 0 [0;36mepoch[0m = 0 [0;36mround[0m = 294 [0;36mnonce[0m = 288 [0;36mhash[0m = 2e00572c5a03e02ae28bc9436f980e3e4c7fbe885cc1c9cde482af3d4d0240d4 
[0;36mDEBUG[0m[2026-03-16 10:14:11.823]   received shard header from network in block tracker [0;36mshard[0m = 0 [0;36mepoch[0m = 0 [0;36mround[0m = 295 [0;36mnonce[0m = 289 [0;36mhash[0m = f0990b4b39032556162ea0cbfb71562823103aa647c3e0e96fceb4c1dfec83e6 
[0;36mDEBUG[0m[2026-03-16 10:14:11.823]   received shard header from network in block tracker [0;36mshard[0m = 0 [0;36mepoch[0m = 0 [0;36mround[0m = 296 [0;36mnonce[0m = 290 [0;36mhash[0m = 62fca2a10c948b6a7eb1f0c3e832ea8b00ccb522c12cf19d6af035990b99d462 
[0;36mDEBUG[0m[2026-03-16 10:14:11.823]   received shard header from network in block tracker [0;36mshard[0m = 0 [0;36mepoch[0m = 0 [0;36mround[0m = 297 [0;36mnonce[0m = 291 [0;36mhash[0m = 96d6800d004bcc4c42b6ef7d410486f83f077fd35f828f8b7dab691e7e099bec 
[0;36mDEBUG[0m[2026-03-16 10:14:11.823]   received shard header from network in block tracker [0;36mshard[0m = 0 [0;36mepoch[0m = 0 [0;36mround[0m = 298 [0;36mnonce[0m = 292 [0;36mhash[0m = 42e28b3e27d8f1f34d116eea450bf3da64ddc7a73c7561ce4a497283bf08dbec 
[0;36mDEBUG[0m[2026-03-16 10:14:11.823]   received shard header from network in block tracker [0;36mshard[0m = 0 [0;36mepoch[0m = 0 [0;36mround[0m = 299 [0;36mnonce[0m = 293 [0;36mhash[0m = 3f6e8162cfc52545d998bc362b2d493458c757b51a89811cbe3c8f727114b986 
[0;36mDEBUG[0m[2026-03-16 10:14:11.823]   received shard header from network in block tracker [0;36mshard[0m = 0 [0;36mepoch[0m = 0 [0;36mround[0m = 300 [0;36mnonce[0m = 294 [0;36mhash[0m = 559eb4c4bad39fbcc16b3ef4106a9fa26fe1456f39f8fcc70b76fcf709e1d383 
[0;36mDEBUG[0m[2026-03-16 10:14:11.823]   received shard header from network in block tracker [0;36mshard[0m = 0 [0;36mepoch[0m = 0 [0;36mround[0m = 301 [0;36mnonce[0m = 295 [0;36mhash[0m = ae0f00e43bc814882a374dd42e6c92f0e650da7770050aa77478e5d2cb9db62b 
[0;36mDEBUG[0m[2026-03-16 10:14:11.823]   received shard header from network in block tracker [0;36mshard[0m = 0 [0;36mepoch[0m = 0 [0;36mround[0m = 302 [0;36mnonce[0m = 296 [0;36mhash[0m = 818fe0f56a3d941514f1a9c698a770251b7b6bb7fc3ebbe2dde6b56403108360 
[0;36mDEBUG[0m[2026-03-16 10:14:11.823]   received shard header from network in block tracker [0;36mshard[0m = 0 [0;36mepoch[0m = 0 [0;36mround[0m = 303 [0;36mnonce[0m = 297 [0;36mhash[0m = 3c9979ee0a5ddc9f01a776b3c8f549027c880760bee0479cdae08c1392f8d311 
[0;36mDEBUG[0m[2026-03-16 10:14:11.823]   received shard header from network in block tracker [0;36mshard[0m = 0 [0;36mepoch[0m = 0 [0;36mround[0m = 304 [0;36mnonce[0m = 298 [0;36mhash[0m = 7140751bb5cab8d6e64ce08f769a59ba3ba694142f5c04584aa318fec37045c8 
[0;36mDEBUG[0m[2026-03-16 10:14:11.823]   received shard header from network in block tracker [0;36mshard[0m = 0 [0;36mepoch[0m = 0 [0;36mround[0m = 305 [0;36mnonce[0m = 299 [0;36mhash[0m = 210ea7584c16e3d68d29ff9f203b8454555aa19d2843c0f52dfe6f28228a2c2b 
[0;36mDEBUG[0m[2026-03-16 10:14:11.823]   received shard header from network in block tracker [0;36mshard[0m = 0 [0;36mepoch[0m = 0 [0;36mround[0m = 306 [0;36mnonce[0m = 300 [0;36mhash[0m = f401bdce1da1b464d02dfd85aef037c5e4c96860fcf1d8d05a41477eb5abca27 
[0;36mDEBUG[0m[2026-03-16 10:14:11.823]   received shard header from network in block tracker [0;36mshard[0m = 0 [0;36mepoch[0m = 0 [0;36mround[0m = 307 [0;36mnonce[0m = 301 [0;36mhash[0m = 531cbd4218b5107cb674b151d7610ab3fd378305f33028dc8aaf51b0c42c28ad 
[0;36mDEBUG[0m[2026-03-16 10:14:11.823]   received shard header from network in block tracker [0;36mshard[0m = 0 [0;36mepoch[0m = 0 [0;36mround[0m = 308 [0;36mnonce[0m = 302 [0;36mhash[0m = 9d7cf3cf94b7a9be030edcf8aa4b4175c5175bdd1f6c6891317029450e9a9a1e 
[0;36mDEBUG[0m[2026-03-16 10:14:11.823]   received shard header from network in block tracker [0;36mshard[0m = 0 [0;36mepoch[0m = 0 [0;36mround[0m = 309 [0;36mnonce[0m = 303 [0;36mhash[0m = b6135efad2d6f0444f7db2162ac8a079e96215ebb3c8e30208960b547d7e3dfd 
[0;36mDEBUG[0m[2026-03-16 10:14:11.823]   received shard header from network in block tracker [0;36mshard[0m = 0 [0;36mepoch[0m = 0 [0;36mround[0m = 310 [0;36mnonce[0m = 304 [0;36mhash[0m = 5eeb1ad8568ccbe2b015f32667354e95a736c756016c66e83faad3674782b05c 
[0;36mDEBUG[0m[2026-03-16 10:14:11.823]   received shard header from network in block tracker [0;36mshard[0m = 0 [0;36mepoch[0m = 0 [0;36mround[0m = 311 [0;36mnonce[0m = 305 [0;36mhash[0m = 50a8eab177a21f4aa8d3cf4b54a5e680bfaf4781424e919a1fe87b8445f8aa90 
[0;36mDEBUG[0m[2026-03-16 10:14:11.823]   received shard header from network in block tracker [0;36mshard[0m = 0 [0;36mepoch[0m = 0 [0;36mround[0m = 312 [0;36mnonce[0m = 306 [0;36mhash[0m = 20d02ae51dd31fb491234ec0c5fdb9303e332dbe57a9f23fb5bd62de79fe90f4 
[0;36mDEBUG[0m[2026-03-16 10:14:11.823]   received shard header from network in block tracker [0;36mshard[0m = 0 [0;36mepoch[0m = 0 [0;36mround[0m = 313 [0;36mnonce[0m = 307 [0;36mhash[0m = 5cbe1a0a74c6b3f1e3afd0f6c54653e867edfede161924d7c487ea9378acf061 
[0;36mDEBUG[0m[2026-03-16 10:14:11.823]   received shard header from network in block tracker [0;36mshard[0m = 0 [0;36mepoch[0m = 0 [0;36mround[0m = 314 [0;36mnonce[0m = 308 [0;36mhash[0m = 49a93e6ba070ac988a6b5aac543e055f3a27abfc0cd8c7cffd1575c9096b6c52 
[0;36mDEBUG[0m[2026-03-16 10:14:11.823]   received shard header from network in block tracker [0;36mshard[0m = 0 [0;36mepoch[0m = 0 [0;36mround[0m = 315 [0;36mnonce[0m = 309 [0;36mhash[0m = ab6bde2e951759f2056b7f039695acbd9fd6e4a6e50364245c8bc46d2edf7da6 
[0;36mDEBUG[0m[2026-03-16 10:14:11.823]   received shard header from network in block tracker [0;36mshard[0m = 0 [0;36mepoch[0m = 0 [0;36mround[0m = 316 [0;36mnonce[0m = 310 [0;36mhash[0m = af524eb1194358f3034190a895397ebe0519d3f5eb6058f6b17f45d4253ab16a 
[0;36mDEBUG[0m[2026-03-16 10:14:11.823]   received shard header from network in block tracker [0;36mshard[0m = 0 [0;36mepoch[0m = 0 [0;36mround[0m = 317 [0;36mnonce[0m = 311 [0;36mhash[0m = 92e934e0cc7c81d801ad192a4c77d506a77174e51d7212c5851b57baad470851 
[0;36mDEBUG[0m[2026-03-16 10:14:11.823]   received shard header from network in block tracker [0;36mshard[0m = 0 [0;36mepoch[0m = 0 [0;36mround[0m = 318 [0;36mnonce[0m = 312 [0;36mhash[0m = e1e161611e8a2e85fbbc482d61af79fba09c477d76d60ee2a354c55ce8bb2201 
[0;36mDEBUG[0m[2026-03-16 10:14:11.823]   received shard header from network in block tracker [0;36mshard[0m = 0 [0;36mepoch[0m = 0 [0;36mround[0m = 319 [0;36mnonce[0m = 313 [0;36mhash[0m = 157eebd575e07b70fd2b75e4af1cca05d044cf2f3cba056969c99a2a7927fd35 
[0;36mDEBUG[0m[2026-03-16 10:14:11.823]   received shard header from network in block tracker [0;36mshard[0m = 0 [0;36mepoch[0m = 0 [0;36mround[0m = 320 [0;36mnonce[0m = 314 [0;36mhash[0m = 995095c6230b7b9acca9265cf60aa6cec02237313180a60866512a4dc4e2219b 
[0;36mDEBUG[0m[2026-03-16 10:14:11.823]   received shard header from network in block tracker [0;36mshard[0m = 0 [0;36mepoch[0m = 0 [0;36mround[0m = 321 [0;36mnonce[0m = 315 [0;36mhash[0m = 037bf7b8d8882bb2b16700a296d6c3951cf5c36da54103fb86671e477f2ec1c4 
[0;36mDEBUG[0m[2026-03-16 10:14:11.823]   received shard header from network in block tracker [0;36mshard[0m = 0 [0;36mepoch[0m = 0 [0;36mround[0m = 322 [0;36mnonce[0m = 316 [0;36mhash[0m = 8d17748e853e7a9bccf916f2c62bcc853b92600af66ef3a3a7228969fd6e3fdd 
[0;36mDEBUG[0m[2026-03-16 10:14:11.823]   received shard header from network in block tracker [0;36mshard[0m = 0 [0;36mepoch[0m = 0 [0;36mround[0m = 323 [0;36mnonce[0m = 317 [0;36mhash[0m = 8aa862883d57478a6d73276c4e0fe842c87285a58ce7e44fafc8f992cdb3f80e 
[0;36mDEBUG[0m[2026-03-16 10:14:11.823]   received shard header from network in block tracker [0;36mshard[0m = 0 [0;36mepoch[0m = 0 [0;36mround[0m = 324 [0;36mnonce[0m = 318 [0;36mhash[0m = feab6c05d76e7ed487b86f941aa12d541cfaacf579a78c1a7f92a2ce6ca622af 
[0;36mDEBUG[0m[2026-03-16 10:14:11.823]   received shard header from network in block tracker [0;36mshard[0m = 0 [0;36mepoch[0m = 0 [0;36mround[0m = 325 [0;36mnonce[0m = 319 [0;36mhash[0m = c9d8597f0b449f72ee623b316e787afbb268286eb253cdd0d85a82fb5aaf704c 
[0;36mDEBUG[0m[2026-03-16 10:14:11.823]   received shard header from network in block tracker [0;36mshard[0m = 0 [0;36mepoch[0m = 0 [0;36mround[0m = 326 [0;36mnonce[0m = 320 [0;36mhash[0m = 5bb15ff1fa672af5dea8f978d2e0acd8b6d5d7d252a141652a1b3d8c626ba912 
[0;36mDEBUG[0m[2026-03-16 10:14:11.823]   received shard header from network in block tracker [0;36mshard[0m = 0 [0;36mepoch[0m = 0 [0;36mround[0m = 327 [0;36mnonce[0m = 321 [0;36mhash[0m = 48e81ad40390e20d77e2381a1d2b12660403f68677a361f2e179df02b9b51d6b 
[0;36mDEBUG[0m[2026-03-16 10:14:11.823]   received shard header from network in block tracker [0;36mshard[0m = 0 [0;36mepoch[0m = 0 [0;36mround[0m = 328 [0;36mnonce[0m = 322 [0;36mhash[0m = 7bb00dfb9369ab03354245309586daa177b532c8d63511225fd9d3decbc1740d 
[0;36mDEBUG[0m[2026-03-16 10:14:11.823]   received shard header from network in block tracker [0;36mshard[0m = 0 [0;36mepoch[0m = 0 [0;36mround[0m = 329 [0;36mnonce[0m = 323 [0;36mhash[0m = 1e27f163cf22b38de1d7eda7a2e301081c3b06df9212b8ac7fea10689e60c927 
[0;36mDEBUG[0m[2026-03-16 10:14:11.823]   received shard header from network in block tracker [0;36mshard[0m = 0 [0;36mepoch[0m = 0 [0;36mround[0m = 330 [0;36mnonce[0m = 324 [0;36mhash[0m = 67ffc226148907a19eedaa0b22622cc1588ec3233e41582e428546f50b9a0524 
[0;36mDEBUG[0m[2026-03-16 10:14:11.823]   received shard header from network in block tracker [0;36mshard[0m = 0 [0;36mepoch[0m = 0 [0;36mround[0m = 331 [0;36mnonce[0m = 325 [0;36mhash[0m = 14e230ac9c798d38f654f47636da193d107f31c9275969f361662e66939e3819 
[0;36mDEBUG[0m[2026-03-16 10:14:11.823]   received shard header from network in block tracker [0;36mshard[0m = 0 [0;36mepoch[0m = 0 [0;36mround[0m = 332 [0;36mnonce[0m = 326 [0;36mhash[0m = 890197be266d35be9d9461819d0dfb90b71d421e1da6412a02434686be34e794 
[0;36mDEBUG[0m[2026-03-16 10:14:11.823]   received shard header from network in block tracker [0;36mshard[0m = 0 [0;36mepoch[0m = 0 [0;36mround[0m = 333 [0;36mnonce[0m = 327 [0;36mhash[0m = d1ecdee2745cba65cbd42a3e274d33a418a23ccb8a8460c60e50a3e401079b3d 
[0;36mDEBUG[0m[2026-03-16 10:14:11.824]   received shard header from network in block tracker [0;36mshard[0m = 0 [0;36mepoch[0m = 0 [0;36mround[0m = 334 [0;36mnonce[0m = 328 [0;36mhash[0m = 3fa4fb08d4150ffeab452c32b977894e2c6cb9252b3ce13064069ff7a340ee18 
[0;36mDEBUG[0m[2026-03-16 10:14:11.824]   received shard header from network in block tracker [0;36mshard[0m = 0 [0;36mepoch[0m = 0 [0;36mround[0m = 335 [0;36mnonce[0m = 329 [0;36mhash[0m = ed343af78c84c28ac60781ecc8153a8b1d1e935ff107bc116e24c071b7d3db6c 
[0;36mDEBUG[0m[2026-03-16 10:14:11.824]   received shard header from network in block tracker [0;36mshard[0m = 0 [0;36mepoch[0m = 0 [0;36mround[0m = 336 [0;36mnonce[0m = 330 [0;36mhash[0m = 54dd6499da3b24be66f68c613b6fb9599bf9dd48a4156b2f1419a0ed5a576830 
[0;36mDEBUG[0m[2026-03-16 10:14:11.824]   received shard header from network in block tracker [0;36mshard[0m = 0 [0;36mepoch[0m = 0 [0;36mround[0m = 337 [0;36mnonce[0m = 331 [0;36mhash[0m = 4ec6c34f6e6d52a16e16b9bdd67e4de9804cd3166396e0a2cb8601a9d3972b66 
[0;36mDEBUG[0m[2026-03-16 10:14:11.824]   received shard header from network in block tracker [0;36mshard[0m = 0 [0;36mepoch[0m = 0 [0;36mround[0m = 338 [0;36mnonce[0m = 332 [0;36mhash[0m = b90623b187fc7aea42923e08f9af447d0e6472614a0e01a21e933398e9727c95 
[0;36mDEBUG[0m[2026-03-16 10:14:11.824]   received shard header from network in block tracker [0;36mshard[0m = 0 [0;36mepoch[0m = 0 [0;36mround[0m = 339 [0;36mnonce[0m = 333 [0;36mhash[0m = 5b89972a1ca7c41eb1cdebd02b9b8c1c16ec614aff034b97fbcb99b0c74059dc 
[0;36mDEBUG[0m[2026-03-16 10:14:11.824]   received shard header from network in block tracker [0;36mshard[0m = 0 [0;36mepoch[0m = 0 [0;36mround[0m = 340 [0;36mnonce[0m = 334 [0;36mhash[0m = 7845c5185951772c5eac927db8f57948ac1a057278833e29e7dd3c760f8fe1fe 
[0;36mDEBUG[0m[2026-03-16 10:14:11.824]   received shard header from network in block tracker [0;36mshard[0m = 0 [0;36mepoch[0m = 0 [0;36mround[0m = 341 [0;36mnonce[0m = 335 [0;36mhash[0m = be0b7c6a716ad400b326d58ac65cbadcbb15f83c9bccbef4aed3717420400112 
[0;36mDEBUG[0m[2026-03-16 10:14:11.824]   received shard header from network in block tracker [0;36mshard[0m = 0 [0;36mepoch[0m = 0 [0;36mround[0m = 342 [0;36mnonce[0m = 336 [0;36mhash[0m = 6411ce879e0a99cc7ed7b527a46862fb453f70c1a885de57566b70a894bd6d72 
[0;36mDEBUG[0m[2026-03-16 10:14:11.824]   received shard header from network in block tracker [0;36mshard[0m = 0 [0;36mepoch[0m = 0 [0;36mround[0m = 343 [0;36mnonce[0m = 337 [0;36mhash[0m = 66eb6505979c1cc39e0f6aae34ac4196b75f56eaff61b0eea899ba8d5615457d 
[0;36mDEBUG[0m[2026-03-16 10:14:11.824]   received shard header from network in block tracker [0;36mshard[0m = 0 [0;36mepoch[0m = 0 [0;36mround[0m = 344 [0;36mnonce[0m = 338 [0;36mhash[0m = 6d3cdd416daebf372c330c4bd8348452bf61ca5ee027ce2a4f9495035fa0dedf 
[0;36mDEBUG[0m[2026-03-16 10:14:11.824]   received shard header from network in block tracker [0;36mshard[0m = 0 [0;36mepoch[0m = 0 [0;36mround[0m = 345 [0;36mnonce[0m = 339 [0;36mhash[0m = 7b38d7dcbd6ede643b8f2884102635a6e83ef87e354910c7d2444cd1051b8eed 
[0;36mDEBUG[0m[2026-03-16 10:14:11.824]   received shard header from network in block tracker [0;36mshard[0m = 0 [0;36mepoch[0m = 0 [0;36mround[0m = 346 [0;36mnonce[0m = 340 [0;36mhash[0m = 0611c455fed15e8c5d4618d2309f6f9ff05e2d1dcce2c022f7a5210c6f70910e 
[0;36mDEBUG[0m[2026-03-16 10:14:11.824]   received shard header from network in block tracker [0;36mshard[0m = 0 [0;36mepoch[0m = 0 [0;36mround[0m = 347 [0;36mnonce[0m = 341 [0;36mhash[0m = 8f8f55ae19c08192ccaa3e1f73537bf1341622f5f4b60d063141fc9c2ca532cc 
[0;36mDEBUG[0m[2026-03-16 10:14:11.824]   received shard header from network in block tracker [0;36mshard[0m = 0 [0;36mepoch[0m = 0 [0;36mround[0m = 348 [0;36mnonce[0m = 342 [0;36mhash[0m = da036393229fc768f1a836e29b69894704371c066bc7577487f956f5a7216b3e 
[0;36mDEBUG[0m[2026-03-16 10:14:11.824]   received shard header from network in block tracker [0;36mshard[0m = 0 [0;36mepoch[0m = 0 [0;36mround[0m = 349 [0;36mnonce[0m = 343 [0;36mhash[0m = 1ebbfa52c9d65a179bd0c7ad43f4a8623f8fff43b3683681eb0c4562f51ca877 
[0;36mDEBUG[0m[2026-03-16 10:14:11.824]   received shard header from network in block tracker [0;36mshard[0m = 0 [0;36mepoch[0m = 0 [0;36mround[0m = 350 [0;36mnonce[0m = 344 [0;36mhash[0m = f0b8a294b9a6fc1352ba62902bf4ebe2909789e6c9687c783282fa1d773fa069 
[0;36mDEBUG[0m[2026-03-16 10:14:11.824]   received shard header from network in block tracker [0;36mshard[0m = 0 [0;36mepoch[0m = 0 [0;36mround[0m = 351 [0;36mnonce[0m = 345 [0;36mhash[0m = 0c161994d60f5193f6ce702e1359ac1bca6aadc3c2071c775d57d00dbee4daf2 
[0;36mDEBUG[0m[2026-03-16 10:14:11.824]   received shard header from network in block tracker [0;36mshard[0m = 0 [0;36mepoch[0m = 0 [0;36mround[0m = 352 [0;36mnonce[0m = 346 [0;36mhash[0m = 4b896f78126802e25fe827df15c733946506575ea5e5106304b60cc8f8133246 
[0;36mDEBUG[0m[2026-03-16 10:14:11.824]   received shard header from network in block tracker [0;36mshard[0m = 0 [0;36mepoch[0m = 0 [0;36mround[0m = 353 [0;36mnonce[0m = 347 [0;36mhash[0m = 472a0e62ad85864d0af382978d3a0be0b9b2f72e9eb0b8c1d4483733ec92f2df 
[0;36mDEBUG[0m[2026-03-16 10:14:11.824]   received shard header from network in block tracker [0;36mshard[0m = 0 [0;36mepoch[0m = 0 [0;36mround[0m = 354 [0;36mnonce[0m = 348 [0;36mhash[0m = 63987d128b398dfee6ebaa93789e6bbdd235ff10bb8aae3b5cd946b761e19d0b 
[0;36mDEBUG[0m[2026-03-16 10:14:11.824]   received shard header from network in block tracker [0;36mshard[0m = 0 [0;36mepoch[0m = 0 [0;36mround[0m = 355 [0;36mnonce[0m = 349 [0;36mhash[0m = 82ed75c0eef8ac11e4c579bb1464bd8f7a12fe431b7386c7ceb3258665070576 
[0;36mDEBUG[0m[2026-03-16 10:14:11.824]   received shard header from network in block tracker [0;36mshard[0m = 0 [0;36mepoch[0m = 0 [0;36mround[0m = 356 [0;36mnonce[0m = 350 [0;36mhash[0m = daba412a3b2d0587728ddb2576f1d75b26d6c12bb5aaf0f4b4b676266dacfef2 
[0;36mDEBUG[0m[2026-03-16 10:14:11.824]   received shard header from network in block tracker [0;36mshard[0m = 0 [0;36mepoch[0m = 0 [0;36mround[0m = 357 [0;36mnonce[0m = 351 [0;36mhash[0m = bad5bf9d1a374385f2c7da4ef42f9a563aa73e3d55120f840fe494c5bd40d9b8 
[0;36mDEBUG[0m[2026-03-16 10:14:11.824]   received shard header from network in block tracker [0;36mshard[0m = 0 [0;36mepoch[0m = 0 [0;36mround[0m = 358 [0;36mnonce[0m = 352 [0;36mhash[0m = 858dec02a4b1a2daf5b94eeb7717aaa656c084befc893435e68f1713d61e35e7 
[0;36mDEBUG[0m[2026-03-16 10:14:11.824]   received shard header from network in block tracker [0;36mshard[0m = 0 [0;36mepoch[0m = 0 [0;36mround[0m = 359 [0;36mnonce[0m = 353 [0;36mhash[0m = 6e028ad67d50f6060d02c49d36b11f026c0654a0fd18eb8b170f31c957986cf1 
[0;36mDEBUG[0m[2026-03-16 10:14:11.824]   received shard header from network in block tracker [0;36mshard[0m = 0 [0;36mepoch[0m = 0 [0;36mround[0m = 360 [0;36mnonce[0m = 354 [0;36mhash[0m = 40e25ccde4ef4c63e55a1506e4dca7c5f293e59c3ea7dbb11baa65b237c0d5ba 
[0;36mDEBUG[0m[2026-03-16 10:14:11.824]   received shard header from network in block tracker [0;36mshard[0m = 0 [0;36mepoch[0m = 0 [0;36mround[0m = 361 [0;36mnonce[0m = 355 [0;36mhash[0m = 1e3696611f3b11f4b6f3d86bb2baec3105919dc2c83c5263ca0de518f7576558 
[0;36mDEBUG[0m[2026-03-16 10:14:11.824]   received shard header from network in block tracker [0;36mshard[0m = 0 [0;36mepoch[0m = 0 [0;36mround[0m = 362 [0;36mnonce[0m = 356 [0;36mhash[0m = e35e7cc62a4621d262e3b7535cb1743dc81f3ca2695f3f70bf174426d6b79ef9 
[0;36mDEBUG[0m[2026-03-16 10:14:11.824]   received shard header from network in block tracker [0;36mshard[0m = 0 [0;36mepoch[0m = 0 [0;36mround[0m = 363 [0;36mnonce[0m = 357 [0;36mhash[0m = cbe24ccff4308a349f97e00c71581d4bb0296a9175f05f8978ec9676d0a6765f 
[0;36mDEBUG[0m[2026-03-16 10:14:11.824]   received shard header from network in block tracker [0;36mshard[0m = 0 [0;36mepoch[0m = 0 [0;36mround[0m = 364 [0;36mnonce[0m = 358 [0;36mhash[0m = 4c0e35af9a47d46fc1838e91d70629ddbc7ff6549e37e975c768bf1d93319aaf 
[0;36mDEBUG[0m[2026-03-16 10:14:11.824]   received shard header from network in block tracker [0;36mshard[0m = 0 [0;36mepoch[0m = 0 [0;36mround[0m = 365 [0;36mnonce[0m = 359 [0;36mhash[0m = 1c0357b2ae0dc95ee5ca8493f8dfc44c65d817fd5fedcf7544ad7de4c1681dda 
[0;36mDEBUG[0m[2026-03-16 10:14:11.824]   received shard header from network in block tracker [0;36mshard[0m = 0 [0;36mepoch[0m = 0 [0;36mround[0m = 366 [0;36mnonce[0m = 360 [0;36mhash[0m = adf5fd18f01bc6b0e2faa87f8ad3cbdbb3c1f95fbeafed8363de03bd5371f212 
[0;36mDEBUG[0m[2026-03-16 10:14:11.824]   received shard header from network in block tracker [0;36mshard[0m = 0 [0;36mepoch[0m = 0 [0;36mround[0m = 367 [0;36mnonce[0m = 361 [0;36mhash[0m = baaed970b6fb6b5ada8809b9e7a40468e7bd8b3584772104bc90c52ed440590a 
[0;36mDEBUG[0m[2026-03-16 10:14:11.824]   received shard header from network in block tracker [0;36mshard[0m = 0 [0;36mepoch[0m = 0 [0;36mround[0m = 368 [0;36mnonce[0m = 362 [0;36mhash[0m = 3eae28eb977d9c80f6ccbc36ceabafe4ee1ae7004a985da3dfd9a71d62425320 
[0;36mDEBUG[0m[2026-03-16 10:14:11.824]   received shard header from network in block tracker [0;36mshard[0m = 0 [0;36mepoch[0m = 0 [0;36mround[0m = 369 [0;36mnonce[0m = 363 [0;36mhash[0m = 0e2f8f89070ae7a6fe7a2d1422c19649b7d682ad5dc839d90f9f75955cf8086d 
[0;36mDEBUG[0m[2026-03-16 10:14:11.824]   received shard header from network in block tracker [0;36mshard[0m = 0 [0;36mepoch[0m = 0 [0;36mround[0m = 370 [0;36mnonce[0m = 364 [0;36mhash[0m = 43febb702af3b820ba02d520e3a1e8c42be950eccf0b450ef767a04435772d98 
[0;36mDEBUG[0m[2026-03-16 10:14:11.824]   received shard header from network in block tracker [0;36mshard[0m = 0 [0;36mepoch[0m = 0 [0;36mround[0m = 371 [0;36mnonce[0m = 365 [0;36mhash[0m = dc2eca8843d24373aa35408c5ec6dfb679de2df4b4ec0bc449159cec47829e88 
[0;36mDEBUG[0m[2026-03-16 10:14:11.824]   received shard header from network in block tracker [0;36mshard[0m = 0 [0;36mepoch[0m = 0 [0;36mround[0m = 372 [0;36mnonce[0m = 366 [0;36mhash[0m = 9c6f654f541c843331da6e4004b70dc09736e4b565908f87cb9f0b5331b725a3 
[0;36mDEBUG[0m[2026-03-16 10:14:11.824]   received shard header from network in block tracker [0;36mshard[0m = 0 [0;36mepoch[0m = 0 [0;36mround[0m = 373 [0;36mnonce[0m = 367 [0;36mhash[0m = d817eb614d792764663bcd59db0ec798d0f2518ac210ee1390fd99b0dea55bab 
[0;36mDEBUG[0m[2026-03-16 10:14:11.824]   received shard header from network in block tracker [0;36mshard[0m = 0 [0;36mepoch[0m = 0 [0;36mround[0m = 374 [0;36mnonce[0m = 368 [0;36mhash[0m = d274dd85149360904a5d7738234cb3d48d03d2a65764765ccbf666d0a575efb2 
[0;36mDEBUG[0m[2026-03-16 10:14:11.824]   received shard header from network in block tracker [0;36mshard[0m = 0 [0;36mepoch[0m = 0 [0;36mround[0m = 375 [0;36mnonce[0m = 369 [0;36mhash[0m = cff8979d6ee497d101db220f8cdb1aafde305c65a0695888f6bbdc9d5b2bb6db 
[0;36mDEBUG[0m[2026-03-16 10:14:11.824]   received shard header from network in block tracker [0;36mshard[0m = 0 [0;36mepoch[0m = 0 [0;36mround[0m = 376 [0;36mnonce[0m = 370 [0;36mhash[0m = 67dc3e67e43af20214955e167a2c5ed274a0364c4aeb16b097b95303a3acdbce 
[0;36mDEBUG[0m[2026-03-16 10:14:11.824]   received shard header from network in block tracker [0;36mshard[0m = 0 [0;36mepoch[0m = 0 [0;36mround[0m = 377 [0;36mnonce[0m = 371 [0;36mhash[0m = 8ee8138105844ddcef239b2ad6b16d1f37e94bb9369c6de6719b43416e14035f 
[0;36mDEBUG[0m[2026-03-16 10:14:11.824]   received shard header from network in block tracker [0;36mshard[0m = 0 [0;36mepoch[0m = 0 [0;36mround[0m = 378 [0;36mnonce[0m = 372 [0;36mhash[0m = 00705e92fa3454f0adf4ecefb22d524e280205def8ce5a7c53b616b2518a125e 
[0;36mDEBUG[0m[2026-03-16 10:14:11.824]   received shard header from network in block tracker [0;36mshard[0m = 0 [0;36mepoch[0m = 0 [0;36mround[0m = 379 [0;36mnonce[0m = 373 [0;36mhash[0m = d28097f3f32003f60eaadc6aa99ad65ea3e6f4b27ccd47efe49630314ff61a66 
[0;36mDEBUG[0m[2026-03-16 10:14:11.824]   received shard header from network in block tracker [0;36mshard[0m = 0 [0;36mepoch[0m = 0 [0;36mround[0m = 380 [0;36mnonce[0m = 374 [0;36mhash[0m = 7b8b89ccc4046c37e14f4bb59902a06393f56fcccf0ec030de60d1f888bb5d76 
[0;36mDEBUG[0m[2026-03-16 10:14:11.824]   received shard header from network in block tracker [0;36mshard[0m = 0 [0;36mepoch[0m = 0 [0;36mround[0m = 381 [0;36mnonce[0m = 375 [0;36mhash[0m = 2d5993671b575cc349244e1ff101edeb9bbf8ab7e490e98d2252273956833b60 
[0;36mDEBUG[0m[2026-03-16 10:14:11.824]   received shard header from network in block tracker [0;36mshard[0m = 0 [0;36mepoch[0m = 0 [0;36mround[0m = 382 [0;36mnonce[0m = 376 [0;36mhash[0m = 420e02b9cbb6713db56d70f487fe56c6d5511b7902bff4c3f7b4d68bfd3cd5f5 
[0;36mDEBUG[0m[2026-03-16 10:14:11.824]   received shard header from network in block tracker [0;36mshard[0m = 0 [0;36mepoch[0m = 0 [0;36mround[0m = 383 [0;36mnonce[0m = 377 [0;36mhash[0m = 2cd04f0f330f121ab14e2b72885fa523dffbd0eb0f187f616f994f0d02597c1c 
[0;36mDEBUG[0m[2026-03-16 10:14:11.824]   received shard header from network in block tracker [0;36mshard[0m = 0 [0;36mepoch[0m = 0 [0;36mround[0m = 384 [0;36mnonce[0m = 378 [0;36mhash[0m = 1642335fb732ec09e2dfb1cc39f71b8dbc678818010e9659dcdc1a04edd2a1e1 
[0;36mDEBUG[0m[2026-03-16 10:14:11.824]   received shard header from network in block tracker [0;36mshard[0m = 0 [0;36mepoch[0m = 0 [0;36mround[0m = 385 [0;36mnonce[0m = 379 [0;36mhash[0m = 4c9d9b055f57fb09478a27309ab7fdd85f7f60d5f91e02bd77636e5c4b59aac6 
[0;36mDEBUG[0m[2026-03-16 10:14:11.824]   received shard header from network in block tracker [0;36mshard[0m = 0 [0;36mepoch[0m = 0 [0;36mround[0m = 386 [0;36mnonce[0m = 380 [0;36mhash[0m = 8a58c6ba8662f6d42f242c29b7177094696d61ba78007956c7403dd6b4332128 
[0;36mDEBUG[0m[2026-03-16 10:14:11.824]   received shard header from network in block tracker [0;36mshard[0m = 0 [0;36mepoch[0m = 0 [0;36mround[0m = 387 [0;36mnonce[0m = 381 [0;36mhash[0m = 73a0df556a354dd1d787f56a8212e97dab61fedce0b8b8340e59deb0bd731558 
[0;36mDEBUG[0m[2026-03-16 10:14:11.824]   received shard header from network in block tracker [0;36mshard[0m = 0 [0;36mepoch[0m = 0 [0;36mround[0m = 388 [0;36mnonce[0m = 382 [0;36mhash[0m = 71e71c90459eb7ee35960c8e40fbeda6365b9d409553e729f864a98ca5b0c790 
[0;36mDEBUG[0m[2026-03-16 10:14:11.824]   received shard header from network in block tracker [0;36mshard[0m = 0 [0;36mepoch[0m = 0 [0;36mround[0m = 389 [0;36mnonce[0m = 383 [0;36mhash[0m = 9753575435ff13996a767958166f9d389c9e71bf2755d923d23704afb43d3078 
[0;36mDEBUG[0m[2026-03-16 10:14:11.824]   received shard header from network in block tracker [0;36mshard[0m = 0 [0;36mepoch[0m = 0 [0;36mround[0m = 390 [0;36mnonce[0m = 384 [0;36mhash[0m = 4634be57c23b7254869ce8a1bfb9c51f3b2beaaa8e08c55afad1571f2edddb8b 
[0;36mDEBUG[0m[2026-03-16 10:14:11.824]   received shard header from network in block tracker [0;36mshard[0m = 0 [0;36mepoch[0m = 0 [0;36mround[0m = 391 [0;36mnonce[0m = 385 [0;36mhash[0m = ab197b815f8e3e060ac0b22d964d1dffb88c13c0d96a9dd9bde9edaab64deef4 
[0;36mDEBUG[0m[2026-03-16 10:14:11.824]   received shard header from network in block tracker [0;36mshard[0m = 0 [0;36mepoch[0m = 0 [0;36mround[0m = 392 [0;36mnonce[0m = 386 [0;36mhash[0m = 37f775d1c9c288e4377a736767ad33cd6ddacdd0cf6b8880d986befe3d2b6447 
[0;36mDEBUG[0m[2026-03-16 10:14:11.824]   received shard header from network in block tracker [0;36mshard[0m = 0 [0;36mepoch[0m = 0 [0;36mround[0m = 393 [0;36mnonce[0m = 387 [0;36mhash[0m = a4456e036c1bfbe93257b3761bb0c3ddbb8b287f55a977776fad611df2f1f009 
[0;36mDEBUG[0m[2026-03-16 10:14:11.824]   received shard header from network in block tracker [0;36mshard[0m = 0 [0;36mepoch[0m = 0 [0;36mround[0m = 394 [0;36mnonce[0m = 388 [0;36mhash[0m = 6a7cb5fd4118bd47dcb3896eedd4acbd509e01e72839c6b1630b93201f3f0cd6 
[0;36mDEBUG[0m[2026-03-16 10:14:11.824]   received shard header from network in block tracker [0;36mshard[0m = 0 [0;36mepoch[0m = 0 [0;36mround[0m = 395 [0;36mnonce[0m = 389 [0;36mhash[0m = bd8bda704b48dc695757452e8c95afb8cf29e7b018c4d623c025bfad4dd401fe 
[0;36mDEBUG[0m[2026-03-16 10:14:11.824]   received shard header from network in block tracker [0;36mshard[0m = 0 [0;36mepoch[0m = 0 [0;36mround[0m = 396 [0;36mnonce[0m = 390 [0;36mhash[0m = 22e56ac379970d1e45a9318297eb07ad9e12145609e4a6f263c3c1675c497d99 
[0;36mDEBUG[0m[2026-03-16 10:14:11.824]   received shard header from network in block tracker [0;36mshard[0m = 0 [0;36mepoch[0m = 0 [0;36mround[0m = 397 [0;36mnonce[0m = 391 [0;36mhash[0m = cdb04d0baa34c4fed1b8ff0be93aa44d557fdd0f580cd803616d60a1bd06f2e8 
[0;36mDEBUG[0m[2026-03-16 10:14:11.824]   received shard header from network in block tracker [0;36mshard[0m = 0 [0;36mepoch[0m = 0 [0;36mround[0m = 398 [0;36mnonce[0m = 392 [0;36mhash[0m = 62d84bffb80780220f33b89b5bfb79a4b85075455498b651617f8f62f896aa56 
[0;36mDEBUG[0m[2026-03-16 10:14:11.824]   received shard header from network in block tracker [0;36mshard[0m = 0 [0;36mepoch[0m = 0 [0;36mround[0m = 399 [0;36mnonce[0m = 393 [0;36mhash[0m = dfb4584bea578e8f9f9c798f02be4163addc604c2e1a84522ff993a19c355d3e 
[0;36mDEBUG[0m[2026-03-16 10:14:11.824]   received shard header from network in block tracker [0;36mshard[0m = 0 [0;36mepoch[0m = 0 [0;36mround[0m = 400 [0;36mnonce[0m = 394 [0;36mhash[0m = 7c618329d820cf2dc62d9db148edff015d1e2528aa8fb681ed1b5e662eece1d9 
[0;36mDEBUG[0m[2026-03-16 10:14:11.824]   received shard header from network in block tracker [0;36mshard[0m = 0 [0;36mepoch[0m = 0 [0;36mround[0m = 401 [0;36mnonce[0m = 395 [0;36mhash[0m = e5f82c14aefa6a7190d7356c544bf8d3fee8fc74a7ac676bfb4ceecc20e78a69 
[0;36mDEBUG[0m[2026-03-16 10:14:11.824]   received shard header from network in block tracker [0;36mshard[0m = 0 [0;36mepoch[0m = 0 [0;36mround[0m = 402 [0;36mnonce[0m = 396 [0;36mhash[0m = 377c4db00291db394247c2bc2ea09c6b8931775f65cf021e19231746dea25e6a 
[0;36mDEBUG[0m[2026-03-16 10:14:11.824]   received shard header from network in block tracker [0;36mshard[0m = 0 [0;36mepoch[0m = 0 [0;36mround[0m = 403 [0;36mnonce[0m = 397 [0;36mhash[0m = d2922b1edb2b5ed9c4369df81b5004f0e30fde6b5f6e19d278a687529a719f7f 
[0;36mDEBUG[0m[2026-03-16 10:14:11.824]   received shard header from network in block tracker [0;36mshard[0m = 0 [0;36mepoch[0m = 0 [0;36mround[0m = 404 [0;36mnonce[0m = 398 [0;36mhash[0m = 48ba9fad5648f797bfcfa8f2106681b13477dce080c8d8110209d2dc27b6bf5e 
[0;36mDEBUG[0m[2026-03-16 10:14:11.824]   received shard header from network in block tracker [0;36mshard[0m = 0 [0;36mepoch[0m = 0 [0;36mround[0m = 405 [0;36mnonce[0m = 399 [0;36mhash[0m = e422f8f7a2568a05ba57f74464ad320e4da88917f8ca61fe932ac2960a15db3f 
[0;36mDEBUG[0m[2026-03-16 10:14:11.824]   received shard header from network in block tracker [0;36mshard[0m = 0 [0;36mepoch[0m = 0 [0;36mround[0m = 406 [0;36mnonce[0m = 400 [0;36mhash[0m = e52f758bc1e79902dd3d554ba02feb81dcf49e2b3608c607262f6daf59ccd2da 
[0;36mDEBUG[0m[2026-03-16 10:14:11.824]   received shard header from network in block tracker [0;36mshard[0m = 0 [0;36mepoch[0m = 0 [0;36mround[0m = 407 [0;36mnonce[0m = 401 [0;36mhash[0m = 6cd4f4ad63f97740959299452b7915782e85977c5f561b730c7a1159bf56c139 
[0;36mDEBUG[0m[2026-03-16 10:14:11.824]   received shard header from network in block tracker [0;36mshard[0m = 0 [0;36mepoch[0m = 0 [0;36mround[0m = 408 [0;36mnonce[0m = 402 [0;36mhash[0m = 1de9a0bb381152b420c065c5a147afee7ba55832519fc46b52e7a7cf2bb202d4 
[0;36mDEBUG[0m[2026-03-16 10:14:11.824]   received shard header from network in block tracker [0;36mshard[0m = 0 [0;36mepoch[0m = 0 [0;36mround[0m = 409 [0;36mnonce[0m = 403 [0;36mhash[0m = 76b36c0743015bc42fcf67f517af87387ff93b877161ec941f63e9edb5ed282c 
[0;36mDEBUG[0m[2026-03-16 10:14:11.824]   received shard header from network in block tracker [0;36mshard[0m = 0 [0;36mepoch[0m = 0 [0;36mround[0m = 410 [0;36mnonce[0m = 404 [0;36mhash[0m = 01933acaaa3e52661df8b7a7b3d62045c0cab3afbe2e6cdbd2e80f3dcad4ecb0 
[0;36mDEBUG[0m[2026-03-16 10:14:11.824]   received shard header from network in block tracker [0;36mshard[0m = 0 [0;36mepoch[0m = 0 [0;36mround[0m = 411 [0;36mnonce[0m = 405 [0;36mhash[0m = 91fe39d1b211c7295376d548802b2b0cc85fccb3734a1e6e9a794ae6d0bf2b1e 
[0;36mDEBUG[0m[2026-03-16 10:14:11.824]   received shard header from network in block tracker [0;36mshard[0m = 0 [0;36mepoch[0m = 0 [0;36mround[0m = 412 [0;36mnonce[0m = 406 [0;36mhash[0m = a4c14900d955d7d74040dedacaef9685ff87fab8f5c018ddee4448ddb8021548 
[0;36mDEBUG[0m[2026-03-16 10:14:11.824]   received shard header from network in block tracker [0;36mshard[0m = 0 [0;36mepoch[0m = 0 [0;36mround[0m = 413 [0;36mnonce[0m = 407 [0;36mhash[0m = 5ad288ed559b7a9bbc25cc74870daeb41f7e494198b471a9c3d3c7bce31b6c97 
[0;36mDEBUG[0m[2026-03-16 10:14:11.824]   received shard header from network in block tracker [0;36mshard[0m = 0 [0;36mepoch[0m = 0 [0;36mround[0m = 414 [0;36mnonce[0m = 408 [0;36mhash[0m = 6cb4d3f3b4a6145519eebd8305b49b1b94ada9f13b4be3402dc155edffb5035b 
[0;36mDEBUG[0m[2026-03-16 10:14:11.824]   received shard header from network in block tracker [0;36mshard[0m = 0 [0;36mepoch[0m = 0 [0;36mround[0m = 415 [0;36mnonce[0m = 409 [0;36mhash[0m = 4eb2ebc5f438c33050ade48db4325111ef8f9a99cf75c8c51e6b0fb8987fc32c 
[0;36mDEBUG[0m[2026-03-16 10:14:11.824]   received shard header from network in block tracker [0;36mshard[0m = 0 [0;36mepoch[0m = 0 [0;36mround[0m = 416 [0;36mnonce[0m = 410 [0;36mhash[0m = b2746b81eeedf449a54b624fd4eb56f70b6642aa6d6f0c62cac7c83bd4f29db8 
[0;36mDEBUG[0m[2026-03-16 10:14:11.825]   received shard header from network in block tracker [0;36mshard[0m = 0 [0;36mepoch[0m = 0 [0;36mround[0m = 417 [0;36mnonce[0m = 411 [0;36mhash[0m = 290c0743fced559a2447435fd5e4c5fd963be3071a39ce657f29a41d0a89bf1c 
[0;36mDEBUG[0m[2026-03-16 10:14:11.825]   received shard header from network in block tracker [0;36mshard[0m = 0 [0;36mepoch[0m = 0 [0;36mround[0m = 418 [0;36mnonce[0m = 412 [0;36mhash[0m = 89964ab35df7c3de039788d13703e504b9adc652e6d3514bb434dd9c30025aab 
[0;36mDEBUG[0m[2026-03-16 10:14:11.825]   received shard header from network in block tracker [0;36mshard[0m = 0 [0;36mepoch[0m = 0 [0;36mround[0m = 419 [0;36mnonce[0m = 413 [0;36mhash[0m = 0332e2cbd7d81315ad1a972e14c1b24f06ab628b2b475342408ce1a2ae7a112b 
[0;36mDEBUG[0m[2026-03-16 10:14:11.825]   received shard header from network in block tracker [0;36mshard[0m = 0 [0;36mepoch[0m = 0 [0;36mround[0m = 420 [0;36mnonce[0m = 414 [0;36mhash[0m = 229e0a03b49c642379bd281b52b2a315744315c307f3650bf865df5cdb4d21b6 
[0;36mDEBUG[0m[2026-03-16 10:14:11.825]   received shard header from network in block tracker [0;36mshard[0m = 0 [0;36mepoch[0m = 0 [0;36mround[0m = 421 [0;36mnonce[0m = 415 [0;36mhash[0m = fd78bbd300ec7a67b2b81df4b3cc120f6168ebbac1ebbef2100f492166a933b2 
[0;36mDEBUG[0m[2026-03-16 10:14:11.825]   received shard header from network in block tracker [0;36mshard[0m = 0 [0;36mepoch[0m = 0 [0;36mround[0m = 422 [0;36mnonce[0m = 416 [0;36mhash[0m = aa8d2ccaab61df4de78ef25fff662ef62070fe3ec31ba13f4d6ebfdadb7c16b6 
[0;36mDEBUG[0m[2026-03-16 10:14:11.825]   received shard header from network in block tracker [0;36mshard[0m = 0 [0;36mepoch[0m = 0 [0;36mround[0m = 423 [0;36mnonce[0m = 417 [0;36mhash[0m = 04bedc0e7bfdd5517e34bb40e629dc7a4bab633e9c8e2b2100154567666c8166 
[0;36mDEBUG[0m[2026-03-16 10:14:11.825]   received shard header from network in block tracker [0;36mshard[0m = 0 [0;36mepoch[0m = 0 [0;36mround[0m = 424 [0;36mnonce[0m = 418 [0;36mhash[0m = ae906b37b1c41a6d2da462d1032a1d3b57f7c123c6fe1fb74da90b08e56e6763 
[0;36mDEBUG[0m[2026-03-16 10:14:11.825]   received shard header from network in block tracker [0;36mshard[0m = 0 [0;36mepoch[0m = 0 [0;36mround[0m = 425 [0;36mnonce[0m = 419 [0;36mhash[0m = 9e4b19ae66baacbafeb4163afdafd7b1bc262a188f335000e6889eda7d0ed070 
[0;36mDEBUG[0m[2026-03-16 10:14:11.825]   received shard header from network in block tracker [0;36mshard[0m = 0 [0;36mepoch[0m = 0 [0;36mround[0m = 426 [0;36mnonce[0m = 420 [0;36mhash[0m = d77bd5ff80fe2c9916856497e09a2ee8dfc3398ae475d0fd46cf251311ff2d24 
[0;36mDEBUG[0m[2026-03-16 10:14:11.825]   received shard header from network in block tracker [0;36mshard[0m = 0 [0;36mepoch[0m = 0 [0;36mround[0m = 427 [0;36mnonce[0m = 421 [0;36mhash[0m = ee0f087af84e8057949e0fd2cb4c53dc9a3e82dfeba006fd5a198aa8bec6cdff 
[0;36mDEBUG[0m[2026-03-16 10:14:11.825]   received shard header from network in block tracker [0;36mshard[0m = 0 [0;36mepoch[0m = 0 [0;36mround[0m = 428 [0;36mnonce[0m = 422 [0;36mhash[0m = 9b2d917f059f01b5f773132ee446e0a44adbadc31c2b32d7f6a8c488951bafe4 
[0;36mDEBUG[0m[2026-03-16 10:14:11.825]   received shard header from network in block tracker [0;36mshard[0m = 0 [0;36mepoch[0m = 0 [0;36mround[0m = 429 [0;36mnonce[0m = 423 [0;36mhash[0m = c1da9f2882d65ee96b3eb0ce4d81d2c94d0da24dc810540ea6ec5c1021d1b289 
[0;36mDEBUG[0m[2026-03-16 10:14:11.825]   received shard header from network in block tracker [0;36mshard[0m = 0 [0;36mepoch[0m = 0 [0;36mround[0m = 430 [0;36mnonce[0m = 424 [0;36mhash[0m = bf1d5273b803c5b21b31e15056f57110f2bb674b5198b5207a090b78c2aff1b3 
[0;36mDEBUG[0m[2026-03-16 10:14:11.825]   received shard header from network in block tracker [0;36mshard[0m = 0 [0;36mepoch[0m = 0 [0;36mround[0m = 431 [0;36mnonce[0m = 425 [0;36mhash[0m = 232330a9f619852fefb32403d24a4d9b0a8ffa40ffa50787321edf6a914eb846 
[0;36mDEBUG[0m[2026-03-16 10:14:11.825]   received shard header from network in block tracker [0;36mshard[0m = 0 [0;36mepoch[0m = 0 [0;36mround[0m = 432 [0;36mnonce[0m = 426 [0;36mhash[0m = 62601a60f802b042c8442afcfd578984ff57fb8aeefeca501ff1aa8ce8187f07 
[0;36mDEBUG[0m[2026-03-16 10:14:11.825]   received shard header from network in block tracker [0;36mshard[0m = 0 [0;36mepoch[0m = 0 [0;36mround[0m = 433 [0;36mnonce[0m = 427 [0;36mhash[0m = 30f43ddd002a3fa5bda7f4834e2d4462a50d4ecd8054543ac9c3883a4cf7ba3f 
[0;36mDEBUG[0m[2026-03-16 10:14:11.825]   received shard header from network in block tracker [0;36mshard[0m = 0 [0;36mepoch[0m = 0 [0;36mround[0m = 434 [0;36mnonce[0m = 428 [0;36mhash[0m = 06097e94d71d3f3eafb553e23cf58f6962dd6e58b1911286324a91fd6fe32234 
[0;36mDEBUG[0m[2026-03-16 10:14:11.825]   received shard header from network in block tracker [0;36mshard[0m = 0 [0;36mepoch[0m = 0 [0;36mround[0m = 435 [0;36mnonce[0m = 429 [0;36mhash[0m = 51f3f499169d68dc15d3a33ababc01bb2ef3eaec9fa5ebadf6165d6447cbb11d 
[0;36mDEBUG[0m[2026-03-16 10:14:11.825]   received shard header from network in block tracker [0;36mshard[0m = 0 [0;36mepoch[0m = 0 [0;36mround[0m = 436 [0;36mnonce[0m = 430 [0;36mhash[0m = 9fc186aa69eb8f66e274257adecb75be95596044c0ffe268a1f7497811fb23e8 
[0;36mDEBUG[0m[2026-03-16 10:14:11.825]   received shard header from network in block tracker [0;36mshard[0m = 0 [0;36mepoch[0m = 0 [0;36mround[0m = 437 [0;36mnonce[0m = 431 [0;36mhash[0m = 36a8d1272b404a2fc62015b94db113caeacb43739f1bdb908de0e7e5984e859a 
[0;36mDEBUG[0m[2026-03-16 10:14:11.825]   received shard header from network in block tracker [0;36mshard[0m = 0 [0;36mepoch[0m = 0 [0;36mround[0m = 438 [0;36mnonce[0m = 432 [0;36mhash[0m = 5c99dbbeaaeab87ea78ff046f386d93b7588a13261bd08e0133383c4da653943 
[0;36mDEBUG[0m[2026-03-16 10:14:11.825]   received shard header from network in block tracker [0;36mshard[0m = 0 [0;36mepoch[0m = 0 [0;36mround[0m = 439 [0;36mnonce[0m = 433 [0;36mhash[0m = 360b24831cfc59051dd003ec9dc18cb7cd088b6cff95f276bf12c9b809092786 
[0;36mDEBUG[0m[2026-03-16 10:14:11.825]   received shard header from network in block tracker [0;36mshard[0m = 0 [0;36mepoch[0m = 0 [0;36mround[0m = 440 [0;36mnonce[0m = 434 [0;36mhash[0m = d106b7d7646c2092ce9742d8cea7bc93b3b5e487762119ae2f05802f29d50dc6 
[0;36mDEBUG[0m[2026-03-16 10:14:11.825]   received shard header from network in block tracker [0;36mshard[0m = 0 [0;36mepoch[0m = 0 [0;36mround[0m = 441 [0;36mnonce[0m = 435 [0;36mhash[0m = c3d570a34e3692d52577f7839125f686f20f4e69b837a50f4cd28389b3ea0a6f 
[0;36mDEBUG[0m[2026-03-16 10:14:11.825]   received shard header from network in block tracker [0;36mshard[0m = 0 [0;36mepoch[0m = 0 [0;36mround[0m = 442 [0;36mnonce[0m = 436 [0;36mhash[0m = 0449daa409e016279ebb1f16f55c4fbcfb54a7a4ad5644f9fd7bc999ddfb7132 
[0;36mDEBUG[0m[2026-03-16 10:14:11.825]   received shard header from network in block tracker [0;36mshard[0m = 0 [0;36mepoch[0m = 0 [0;36mround[0m = 443 [0;36mnonce[0m = 437 [0;36mhash[0m = 981153110b32def50e5089f49948405062aa72b3a77f281043a9af69098412f2 
[0;36mDEBUG[0m[2026-03-16 10:14:11.825]   received shard header from network in block tracker [0;36mshard[0m = 0 [0;36mepoch[0m = 0 [0;36mround[0m = 444 [0;36mnonce[0m = 438 [0;36mhash[0m = 03b9499315fd0a4236838a7a4573297e1625b68f5a9bdf48e98ffe9ae1ba1d0a 
[0;36mDEBUG[0m[2026-03-16 10:14:11.825]   received shard header from network in block tracker [0;36mshard[0m = 0 [0;36mepoch[0m = 0 [0;36mround[0m = 445 [0;36mnonce[0m = 439 [0;36mhash[0m = bb01cf1e53eb04fd0fa1d18861cb45a1501984b39072f675c345b6b2795b0f2e 
[0;36mDEBUG[0m[2026-03-16 10:14:11.825]   received shard header from network in block tracker [0;36mshard[0m = 0 [0;36mepoch[0m = 0 [0;36mround[0m = 446 [0;36mnonce[0m = 440 [0;36mhash[0m = 0b3fb376a23d4d4fe4f4d3e2451af109f0ac504e321d2217b249c2936dfc0363 
[0;36mDEBUG[0m[2026-03-16 10:14:11.825]   received shard header from network in block tracker [0;36mshard[0m = 0 [0;36mepoch[0m = 0 [0;36mround[0m = 447 [0;36mnonce[0m = 441 [0;36mhash[0m = f791153bf2987877fa8a0084caf39b0578fec9000b02ee055850a186e7404297 
[0;36mDEBUG[0m[2026-03-16 10:14:11.825]   received shard header from network in block tracker [0;36mshard[0m = 0 [0;36mepoch[0m = 0 [0;36mround[0m = 448 [0;36mnonce[0m = 442 [0;36mhash[0m = 397adca8a496e11716183caba808413b5bc68fd37a938e0357277ec437959110 
[0;36mDEBUG[0m[2026-03-16 10:14:11.825]   received shard header from network in block tracker [0;36mshard[0m = 0 [0;36mepoch[0m = 0 [0;36mround[0m = 449 [0;36mnonce[0m = 443 [0;36mhash[0m = e3cf103be5a8022f8688ddfffd8f04e398ea5ff58c65e296cc8948bab120f6ec 
[0;36mDEBUG[0m[2026-03-16 10:14:11.825]   received shard header from network in block tracker [0;36mshard[0m = 0 [0;36mepoch[0m = 0 [0;36mround[0m = 450 [0;36mnonce[0m = 444 [0;36mhash[0m = 494d03bafa8aa2362a8a80ffab18dc8596db71034d93c00bccc5dc1628500d78 
[0;36mDEBUG[0m[2026-03-16 10:14:11.825]   received shard header from network in block tracker [0;36mshard[0m = 0 [0;36mepoch[0m = 0 [0;36mround[0m = 451 [0;36mnonce[0m = 445 [0;36mhash[0m = 2d3472cec882245e448190b4d1bcb5d7bd557c71e55ef8f20723319c76ec0e9a 
[0;36mDEBUG[0m[2026-03-16 10:14:11.825]   received shard header from network in block tracker [0;36mshard[0m = 0 [0;36mepoch[0m = 0 [0;36mround[0m = 452 [0;36mnonce[0m = 446 [0;36mhash[0m = c4fcee48cd72bd40c44b3db0f314398532f823b4dcbb7044ce3b16e2ae78faa9 
[0;36mDEBUG[0m[2026-03-16 10:14:11.825]   received shard header from network in block tracker [0;36mshard[0m = 0 [0;36mepoch[0m = 0 [0;36mround[0m = 453 [0;36mnonce[0m = 447 [0;36mhash[0m = 204931bf6f4d748340898371517fbefd47d9ffb0c7212028386eb33d525a269f 
[0;36mDEBUG[0m[2026-03-16 10:14:11.825]   received shard header from network in block tracker [0;36mshard[0m = 0 [0;36mepoch[0m = 0 [0;36mround[0m = 454 [0;36mnonce[0m = 448 [0;36mhash[0m = eb20a44e223baa69bf0fe315837bb481155e4879bc3b5d3e6679077004ad7249 
[0;36mDEBUG[0m[2026-03-16 10:14:11.825]   received shard header from network in block tracker [0;36mshard[0m = 0 [0;36mepoch[0m = 0 [0;36mround[0m = 455 [0;36mnonce[0m = 449 [0;36mhash[0m = d37852c004c9b9a2ae64eba50aeb243c6a4de2c7344be54458b3c05ff6969cd0 
[0;36mDEBUG[0m[2026-03-16 10:14:11.825]   received shard header from network in block tracker [0;36mshard[0m = 0 [0;36mepoch[0m = 0 [0;36mround[0m = 456 [0;36mnonce[0m = 450 [0;36mhash[0m = e0393c83588e1fd390d6e378f1999275ddfce87b846ec7606492f37f738d27fc 
[0;36mDEBUG[0m[2026-03-16 10:14:11.825]   received shard header from network in block tracker [0;36mshard[0m = 0 [0;36mepoch[0m = 0 [0;36mround[0m = 457 [0;36mnonce[0m = 451 [0;36mhash[0m = ac2c6eeb4cfe36434f184eb90e8ac21655f2bf0fe395c3e3f4ded57b5df30c70 
[0;36mDEBUG[0m[2026-03-16 10:14:11.825]   received shard header from network in block tracker [0;36mshard[0m = 0 [0;36mepoch[0m = 0 [0;36mround[0m = 458 [0;36mnonce[0m = 452 [0;36mhash[0m = 7f2aa35fc85fee73113738c6e9d032bfa593dbd7b24ce6b5b55ed51b6d2983fb 
[0;36mDEBUG[0m[2026-03-16 10:14:11.825]   received shard header from network in block tracker [0;36mshard[0m = 0 [0;36mepoch[0m = 0 [0;36mround[0m = 459 [0;36mnonce[0m = 453 [0;36mhash[0m = 14f04b7313512fde8aa300617a4e8035d1edc67047e4875658a25a4865425a5b 
[0;36mDEBUG[0m[2026-03-16 10:14:11.825]   received shard header from network in block tracker [0;36mshard[0m = 0 [0;36mepoch[0m = 0 [0;36mround[0m = 460 [0;36mnonce[0m = 454 [0;36mhash[0m = 979e2b5123394bb1dde3f5d0c14fa81e313115dc7dd290ae37e9ec5b543aee84 
[0;36mDEBUG[0m[2026-03-16 10:14:11.825]   received shard header from network in block tracker [0;36mshard[0m = 0 [0;36mepoch[0m = 0 [0;36mround[0m = 461 [0;36mnonce[0m = 455 [0;36mhash[0m = 2dc50ce31d213494f4a4e32f5145c33a4ca90cd5703fa481739ce6074e1c37ae 
[0;36mDEBUG[0m[2026-03-16 10:14:11.825]   received shard header from network in block tracker [0;36mshard[0m = 0 [0;36mepoch[0m = 0 [0;36mround[0m = 462 [0;36mnonce[0m = 456 [0;36mhash[0m = c3a0fdc35d5136fd3572a3470384211308f0aca60d9f7e28d03a83df37cbf813 
[0;36mDEBUG[0m[2026-03-16 10:14:11.825]   received shard header from network in block tracker [0;36mshard[0m = 0 [0;36mepoch[0m = 0 [0;36mround[0m = 463 [0;36mnonce[0m = 457 [0;36mhash[0m = 26296d0aaede4bab3e07c525786edb7c3632d72a0ea401657f23a30d028774dd 
[0;36mDEBUG[0m[2026-03-16 10:14:11.825]   received shard header from network in block tracker [0;36mshard[0m = 0 [0;36mepoch[0m = 0 [0;36mround[0m = 464 [0;36mnonce[0m = 458 [0;36mhash[0m = 015f12a7c441a523ec0bcd5589a2cc440adb4769b05d0dddca7a7e156d3c9e11 
[0;36mDEBUG[0m[2026-03-16 10:14:11.825]   received shard header from network in block tracker [0;36mshard[0m = 0 [0;36mepoch[0m = 0 [0;36mround[0m = 465 [0;36mnonce[0m = 459 [0;36mhash[0m = 2519b7880022bf819fcd16703116a34eb3ff2359c1a1d852169ab26f6a6c221c 
[0;36mDEBUG[0m[2026-03-16 10:14:11.825]   received shard header from network in block tracker [0;36mshard[0m = 0 [0;36mepoch[0m = 0 [0;36mround[0m = 466 [0;36mnonce[0m = 460 [0;36mhash[0m = e9222f8f5e6cdcd78cd4934018dd8d78a79220ec84d677ce04088009df13f43d 
[0;36mDEBUG[0m[2026-03-16 10:14:11.825]   received shard header from network in block tracker [0;36mshard[0m = 0 [0;36mepoch[0m = 0 [0;36mround[0m = 467 [0;36mnonce[0m = 461 [0;36mhash[0m = 5787b8af60bf5ebce2c00357741f80fc3494dbd9c5a5135a54afaa191424331a 
[0;36mDEBUG[0m[2026-03-16 10:14:11.825]   received shard header from network in block tracker [0;36mshard[0m = 0 [0;36mepoch[0m = 0 [0;36mround[0m = 468 [0;36mnonce[0m = 462 [0;36mhash[0m = 322812aed47a5a162cad9fcb2efba3092713c153d1d84607d900115adb020dc0 
[0;36mDEBUG[0m[2026-03-16 10:14:11.825]   received shard header from network in block tracker [0;36mshard[0m = 0 [0;36mepoch[0m = 0 [0;36mround[0m = 469 [0;36mnonce[0m = 463 [0;36mhash[0m = 912a0f06d1193e5905654985da905c4b6925b3e1ac81a77ea249a9ee7906289b 
[0;36mDEBUG[0m[2026-03-16 10:14:11.825]   received shard header from network in block tracker [0;36mshard[0m = 0 [0;36mepoch[0m = 0 [0;36mround[0m = 470 [0;36mnonce[0m = 464 [0;36mhash[0m = 78d591666e601ca5949e79b5a0f7b71a1473373db18966a83523250c7b4e3bc5 
[0;36mDEBUG[0m[2026-03-16 10:14:11.825]   received shard header from network in block tracker [0;36mshard[0m = 0 [0;36mepoch[0m = 0 [0;36mround[0m = 471 [0;36mnonce[0m = 465 [0;36mhash[0m = fccaaeef5d159eee9efa6385ee356d8f0dc709434b784a70950eab36fed9b511 
[0;36mDEBUG[0m[2026-03-16 10:14:11.825]   received shard header from network in block tracker [0;36mshard[0m = 0 [0;36mepoch[0m = 0 [0;36mround[0m = 472 [0;36mnonce[0m = 466 [0;36mhash[0m = 4b99997db9663460de1738ea7de2f5c472f3aac4d5b0bc3987ca77184a322917 
[0;36mDEBUG[0m[2026-03-16 10:14:11.825]   received shard header from network in block tracker [0;36mshard[0m = 0 [0;36mepoch[0m = 0 [0;36mround[0m = 473 [0;36mnonce[0m = 467 [0;36mhash[0m = 43341bf950b77e570ec804e52eae9bf2f15a1bb29027e7737fb70e96aabcc3c2 
[0;36mDEBUG[0m[2026-03-16 10:14:11.825]   received shard header from network in block tracker [0;36mshard[0m = 0 [0;36mepoch[0m = 0 [0;36mround[0m = 474 [0;36mnonce[0m = 468 [0;36mhash[0m = 55f50d3eaf1d7eaa914fd02c4d8c89ce1783fb16f629be0316afa0651e015fc1 
[0;36mDEBUG[0m[2026-03-16 10:14:11.825]   received shard header from network in block tracker [0;36mshard[0m = 0 [0;36mepoch[0m = 0 [0;36mround[0m = 475 [0;36mnonce[0m = 469 [0;36mhash[0m = aece1d4e95234eb292718d85f521760b5c6b53df18328197fb0b5dbb083b5199 
[0;36mDEBUG[0m[2026-03-16 10:14:11.825]   received shard header from network in block tracker [0;36mshard[0m = 0 [0;36mepoch[0m = 0 [0;36mround[0m = 476 [0;36mnonce[0m = 470 [0;36mhash[0m = 1ec1a5898165da6ae63a0818a059a029837a5dc8168b087f1670bb6d86a71e4d 
[0;36mDEBUG[0m[2026-03-16 10:14:11.825]   received shard header from network in block tracker [0;36mshard[0m = 0 [0;36mepoch[0m = 0 [0;36mround[0m = 477 [0;36mnonce[0m = 471 [0;36mhash[0m = cb587558ab007d17cdc860a24498e4a379c0845b4632a2a9eaae01f57e632b32 
[0;36mDEBUG[0m[2026-03-16 10:14:11.825]   received shard header from network in block tracker [0;36mshard[0m = 0 [0;36mepoch[0m = 0 [0;36mround[0m = 478 [0;36mnonce[0m = 472 [0;36mhash[0m = 1e60a9b648d00a0a202b34c29b688d1ba7243917f125f6bd5a2fefd247520a23 
[0;36mDEBUG[0m[2026-03-16 10:14:11.825]   received shard header from network in block tracker [0;36mshard[0m = 0 [0;36mepoch[0m = 0 [0;36mround[0m = 479 [0;36mnonce[0m = 473 [0;36mhash[0m = 797c81e14534618bf3883d669d12781679e294cc9da1b091e7a900311bbb2b8d 
[0;36mDEBUG[0m[2026-03-16 10:14:11.825]   received shard header from network in block tracker [0;36mshard[0m = 0 [0;36mepoch[0m = 0 [0;36mround[0m = 480 [0;36mnonce[0m = 474 [0;36mhash[0m = d463f380f1dc168719f9e8d70265b319c6834e72bbb6ca53957851f14f8b20e8 
[0;36mDEBUG[0m[2026-03-16 10:14:11.825]   received shard header from network in block tracker [0;36mshard[0m = 0 [0;36mepoch[0m = 0 [0;36mround[0m = 481 [0;36mnonce[0m = 475 [0;36mhash[0m = 0ca0abfb5a8dd35a43c6ede2defeb866b4a320265dccaed73d50254bbf5de6b1 
[0;36mDEBUG[0m[2026-03-16 10:14:11.825]   received shard header from network in block tracker [0;36mshard[0m = 0 [0;36mepoch[0m = 0 [0;36mround[0m = 482 [0;36mnonce[0m = 476 [0;36mhash[0m = 457120f9543de89e2c2bb18770e58df0ca9321474febd96d4c7f2c645a37ad0a 
[0;36mDEBUG[0m[2026-03-16 10:14:11.825]   received shard header from network in block tracker [0;36mshard[0m = 0 [0;36mepoch[0m = 0 [0;36mround[0m = 483 [0;36mnonce[0m = 477 [0;36mhash[0m = 4e92dd5f1dae7f4aee6e4bf1a23f92cc0fc59c9eac1740296e97dc7c9e0d867f 
[0;36mDEBUG[0m[2026-03-16 10:14:11.825]   received shard header from network in block tracker [0;36mshard[0m = 0 [0;36mepoch[0m = 0 [0;36mround[0m = 484 [0;36mnonce[0m = 478 [0;36mhash[0m = 0386bcb4be8822c8ed8eb0295a5595ff3f71a46d4393b5f249bd8ae1c270ffc1 
[0;36mDEBUG[0m[2026-03-16 10:14:11.825]   received shard header from network in block tracker [0;36mshard[0m = 0 [0;36mepoch[0m = 0 [0;36mround[0m = 485 [0;36mnonce[0m = 479 [0;36mhash[0m = cabcb9cbc7c0e5b1bb72b35b1664a47a9ea07a28160d903bc946bd25bb940f30 
[0;36mDEBUG[0m[2026-03-16 10:14:11.825]   received shard header from network in block tracker [0;36mshard[0m = 0 [0;36mepoch[0m = 0 [0;36mround[0m = 486 [0;36mnonce[0m = 480 [0;36mhash[0m = bd6674d09c0de1ed59fb8aed0465ebe19421aac6b6c0ad4bfbe5c746f23d6b43 
[0;36mDEBUG[0m[2026-03-16 10:14:11.825]   received shard header from network in block tracker [0;36mshard[0m = 0 [0;36mepoch[0m = 0 [0;36mround[0m = 487 [0;36mnonce[0m = 481 [0;36mhash[0m = da2e72d99551a92f981cf751d3242726b4ecc79c5dc352928e8710622f096ede 
[0;36mDEBUG[0m[2026-03-16 10:14:11.825]   received shard header from network in block tracker [0;36mshard[0m = 0 [0;36mepoch[0m = 0 [0;36mround[0m = 488 [0;36mnonce[0m = 482 [0;36mhash[0m = baaddbb3acc6245330f02ce0ce45bf58c05a4cd3b08a68ead8b3328aa1bc3bf7 
[0;36mDEBUG[0m[2026-03-16 10:14:11.825]   received shard header from network in block tracker [0;36mshard[0m = 0 [0;36mepoch[0m = 0 [0;36mround[0m = 489 [0;36mnonce[0m = 483 [0;36mhash[0m = 5f2a98d3a58407703ed9ef86e80e2a765ea24b8b4465ce3093e021dc500452db 
[0;36mDEBUG[0m[2026-03-16 10:14:11.825]   received shard header from network in block tracker [0;36mshard[0m = 0 [0;36mepoch[0m = 0 [0;36mround[0m = 490 [0;36mnonce[0m = 484 [0;36mhash[0m = 054b6dfd8b86339eb7111338067a447f6f4b03faa871f91828dd60b62290d801 
[0;36mDEBUG[0m[2026-03-16 10:14:11.825]   received shard header from network in block tracker [0;36mshard[0m = 0 [0;36mepoch[0m = 0 [0;36mround[0m = 491 [0;36mnonce[0m = 485 [0;36mhash[0m = 34e2e3536df883e00422031d3ed952cbbf3a266ba367f0e00895b21718f1e38a 
[0;36mDEBUG[0m[2026-03-16 10:14:11.825]   received shard header from network in block tracker [0;36mshard[0m = 0 [0;36mepoch[0m = 0 [0;36mround[0m = 492 [0;36mnonce[0m = 486 [0;36mhash[0m = 4cbcfe036a44b0b31ed22af60cf289e897c211509b2f76143708609d3b16e4be 
[0;36mDEBUG[0m[2026-03-16 10:14:11.825]   received shard header from network in block tracker [0;36mshard[0m = 0 [0;36mepoch[0m = 0 [0;36mround[0m = 493 [0;36mnonce[0m = 487 [0;36mhash[0m = 0058b8bfcfaf8653fa5646bed879f6663ec5958bba3c1c037a3a2ff2c8a4dcd5 
[0;36mDEBUG[0m[2026-03-16 10:14:11.825]   received shard header from network in block tracker [0;36mshard[0m = 0 [0;36mepoch[0m = 0 [0;36mround[0m = 494 [0;36mnonce[0m = 488 [0;36mhash[0m = d366fcf7902b6b3f5e5c70d11f6fc3f89425c1ad0676e025886c5263eebb57a2 
[0;36mDEBUG[0m[2026-03-16 10:14:11.825]   received shard header from network in block tracker [0;36mshard[0m = 0 [0;36mepoch[0m = 0 [0;36mround[0m = 495 [0;36mnonce[0m = 489 [0;36mhash[0m = f654d645d73235c6336875a2c9513ea21c3d238dfa299dda60ce7101985e875e 
[0;36mDEBUG[0m[2026-03-16 10:14:11.825]   received shard header from network in block tracker [0;36mshard[0m = 0 [0;36mepoch[0m = 0 [0;36mround[0m = 496 [0;36mnonce[0m = 490 [0;36mhash[0m = a1f53b9ab17017e15f42dcef32ac9a181a382363a7d53e7b8ea27f9212f1d048 
[0;36mDEBUG[0m[2026-03-16 10:14:11.825]   received shard header from network in block tracker [0;36mshard[0m = 0 [0;36mepoch[0m = 0 [0;36mround[0m = 497 [0;36mnonce[0m = 491 [0;36mhash[0m = 7339fa249b51f8df7f5d2f4904b6c339640e3e7c6009c31750bca5518c067b72 
[0;36mDEBUG[0m[2026-03-16 10:14:11.825]   received shard header from network in block tracker [0;36mshard[0m = 0 [0;36mepoch[0m = 0 [0;36mround[0m = 498 [0;36mnonce[0m = 492 [0;36mhash[0m = 3a889f1e4bfd7b00c627da402dd0fa719304c7e9de4194744b2d56df04964244 
[0;36mDEBUG[0m[2026-03-16 10:14:11.825]   received shard header from network in block tracker [0;36mshard[0m = 0 [0;36mepoch[0m = 0 [0;36mround[0m = 499 [0;36mnonce[0m = 493 [0;36mhash[0m = 374ad2e528ba32b4cfaccaa0f6a92ba84909e2a5bbecb0eab3e57ac915fa19cd 
[0;36mDEBUG[0m[2026-03-16 10:14:11.825]   received shard header from network in block tracker [0;36mshard[0m = 0 [0;36mepoch[0m = 0 [0;36mround[0m = 500 [0;36mnonce[0m = 494 [0;36mhash[0m = 3d7a6665cde0ac15d8c782a9fbf6dc1adfdcfb8ca56585d389dec1bbbcaf9526 
[0;36mDEBUG[0m[2026-03-16 10:14:11.825]   received shard header from network in block tracker [0;36mshard[0m = 0 [0;36mepoch[0m = 0 [0;36mround[0m = 501 [0;36mnonce[0m = 495 [0;36mhash[0m = 47802a8b669b6b94b4e38d9514742b9601623bb44701a74ed0405a10bab13916 
[0;36mDEBUG[0m[2026-03-16 10:14:11.825]   received shard header from network in block tracker [0;36mshard[0m = 0 [0;36mepoch[0m = 0 [0;36mround[0m = 502 [0;36mnonce[0m = 496 [0;36mhash[0m = 56214dfc62130ec520f70d2a8704965779a7fe3f8f858401fc54097defd8be55 
[0;36mDEBUG[0m[2026-03-16 10:14:11.825]   received shard header from network in block tracker [0;36mshard[0m = 0 [0;36mepoch[0m = 0 [0;36mround[0m = 503 [0;36mnonce[0m = 497 [0;36mhash[0m = f586ed3df2c54afbd4d121a13d8c0a1f5716d64d092ec95735a6b8741c3e003d 
[0;36mDEBUG[0m[2026-03-16 10:14:11.826]   received shard header from network in block tracker [0;36mshard[0m = 0 [0;36mepoch[0m = 0 [0;36mround[0m = 504 [0;36mnonce[0m = 498 [0;36mhash[0m = d3617844a0c3a0767bb2976f28d6ceec0ddbc4315e2dde5d981b2da347eb43d2 
[0;36mDEBUG[0m[2026-03-16 10:14:11.826]   received shard header from network in block tracker [0;36mshard[0m = 0 [0;36mepoch[0m = 0 [0;36mround[0m = 505 [0;36mnonce[0m = 499 [0;36mhash[0m = b67354277639dcea99ad416fc5744e30bd59449264c87128f76577599677627b 
[0;36mDEBUG[0m[2026-03-16 10:14:11.826]   received shard header from network in block tracker [0;36mshard[0m = 0 [0;36mepoch[0m = 0 [0;36mround[0m = 506 [0;36mnonce[0m = 500 [0;36mhash[0m = e60974dc909bbc69754d78b409d4bebd59b8c5c771a63d9a2ca8e97c94a21f63 
[0;36mDEBUG[0m[2026-03-16 10:14:11.826]   received shard header from network in block tracker [0;36mshard[0m = 0 [0;36mepoch[0m = 0 [0;36mround[0m = 507 [0;36mnonce[0m = 501 [0;36mhash[0m = 9e7261b2d6a56ea7fedbb3c84f2ea031d71d5a858d817069f38bebef7818c13d 
[0;36mDEBUG[0m[2026-03-16 10:14:11.826]   received shard header from network in block tracker [0;36mshard[0m = 0 [0;36mepoch[0m = 0 [0;36mround[0m = 508 [0;36mnonce[0m = 502 [0;36mhash[0m = cc56b57fe7f9749ec99738b998aed269cb6c59c091754dc56812e2d1007fbf2b 
[0;36mDEBUG[0m[2026-03-16 10:14:11.826]   received shard header from network in block tracker [0;36mshard[0m = 0 [0;36mepoch[0m = 0 [0;36mround[0m = 509 [0;36mnonce[0m = 503 [0;36mhash[0m = 715c8786985419cad9f37e4682080acee0a0eafc47a4dfd8c0fd33563e2a77c0 
[0;36mDEBUG[0m[2026-03-16 10:14:11.826]   received shard header from network in block tracker [0;36mshard[0m = 0 [0;36mepoch[0m = 0 [0;36mround[0m = 510 [0;36mnonce[0m = 504 [0;36mhash[0m = 760723a4f180a74ee409acbd2dd448bc5cbdc94036fd7a347987f7ef06b31aca 
[0;36mDEBUG[0m[2026-03-16 10:14:11.826]   received shard header from network in block tracker [0;36mshard[0m = 0 [0;36mepoch[0m = 0 [0;36mround[0m = 511 [0;36mnonce[0m = 505 [0;36mhash[0m = f3d2c8f916dfa923b6c51a06c65919caad72692fe9ae8113d3982757cbf824a5 
[0;36mDEBUG[0m[2026-03-16 10:14:11.826]   received shard header from network in block tracker [0;36mshard[0m = 0 [0;36mepoch[0m = 0 [0;36mround[0m = 512 [0;36mnonce[0m = 506 [0;36mhash[0m = d316f52de6722594522d74e45bdb2a32ec81563155db91eef195b430c244961a 
[0;36mDEBUG[0m[2026-03-16 10:14:11.826]   received shard header from network in block tracker [0;36mshard[0m = 0 [0;36mepoch[0m = 0 [0;36mround[0m = 513 [0;36mnonce[0m = 507 [0;36mhash[0m = 7b449d1bf322712e6c9a2b59ebb94c6380bd617e07fd4ec6e6ccd7d480b4f88f 
[0;36mDEBUG[0m[2026-03-16 10:14:11.826]   received shard header from network in block tracker [0;36mshard[0m = 0 [0;36mepoch[0m = 0 [0;36mround[0m = 514 [0;36mnonce[0m = 508 [0;36mhash[0m = 75abe01d6f682fe6b95504b47808f633ed8f941e8cd4bddff05dfa8d0ff93441 
[0;36mDEBUG[0m[2026-03-16 10:14:11.826]   received shard header from network in block tracker [0;36mshard[0m = 0 [0;36mepoch[0m = 0 [0;36mround[0m = 515 [0;36mnonce[0m = 509 [0;36mhash[0m = 81bd5456af4330e3873be8095693da4a7736ea19382fd09d50073a5bf8c2986d 
[0;36mDEBUG[0m[2026-03-16 10:14:11.826]   received shard header from network in block tracker [0;36mshard[0m = 0 [0;36mepoch[0m = 0 [0;36mround[0m = 516 [0;36mnonce[0m = 510 [0;36mhash[0m = fe17490d7365f4434484b38d407c939a2c5a5a2830141d9ed3af224ed7cc402d 
[0;36mDEBUG[0m[2026-03-16 10:14:11.826]   received shard header from network in block tracker [0;36mshard[0m = 0 [0;36mepoch[0m = 0 [0;36mround[0m = 517 [0;36mnonce[0m = 511 [0;36mhash[0m = e194e06294c7f21eea4a4e99efac1798bfdad4d23941c736905534c460fa2882 
[0;36mDEBUG[0m[2026-03-16 10:14:11.826]   received shard header from network in block tracker [0;36mshard[0m = 0 [0;36mepoch[0m = 0 [0;36mround[0m = 518 [0;36mnonce[0m = 512 [0;36mhash[0m = 1024e62b5c3283681a3343028f5781219f7bf976b3c77476eae43dc76e83c2b2 
[0;36mDEBUG[0m[2026-03-16 10:14:11.826]   received shard header from network in block tracker [0;36mshard[0m = 0 [0;36mepoch[0m = 0 [0;36mround[0m = 519 [0;36mnonce[0m = 513 [0;36mhash[0m = abef5ac2d40e18daf05e3cc115ea88810ad42691d0a2221f2aa9691e325968e0 
[0;36mDEBUG[0m[2026-03-16 10:14:11.826]   received shard header from network in block tracker [0;36mshard[0m = 0 [0;36mepoch[0m = 0 [0;36mround[0m = 520 [0;36mnonce[0m = 514 [0;36mhash[0m = a1660e42a7b8297434d2782f887d0b93b644a3c9f83631d8bd2a87fcee13a848 
[0;36mDEBUG[0m[2026-03-16 10:14:11.826]   received shard header from network in block tracker [0;36mshard[0m = 0 [0;36mepoch[0m = 0 [0;36mround[0m = 521 [0;36mnonce[0m = 515 [0;36mhash[0m = febcca828c03a16c4c94c320b884f17026992b4a46f9f23f5604423756a02fbe 
[0;36mDEBUG[0m[2026-03-16 10:14:11.826]   received shard header from network in block tracker [0;36mshard[0m = 0 [0;36mepoch[0m = 0 [0;36mround[0m = 522 [0;36mnonce[0m = 516 [0;36mhash[0m = 7d27b600f2ccd483c2e46829adc71fe70a1af9d61cf19b2f0bbbdc12b4ff876d 
[0;36mDEBUG[0m[2026-03-16 10:14:11.826]   received shard header from network in block tracker [0;36mshard[0m = 0 [0;36mepoch[0m = 0 [0;36mround[0m = 523 [0;36mnonce[0m = 517 [0;36mhash[0m = b5c774908b1d935ec0b4fb0c3c55ea66d4c75155ce7a5cb1540cfa841addb8ca 
[0;36mDEBUG[0m[2026-03-16 10:14:11.826]   received shard header from network in block tracker [0;36mshard[0m = 0 [0;36mepoch[0m = 0 [0;36mround[0m = 524 [0;36mnonce[0m = 518 [0;36mhash[0m = 9a6b1025cd309093ea697b55630910b2511403274022d1f93afd6caf625c3872 
[0;36mDEBUG[0m[2026-03-16 10:14:11.826]   received shard header from network in block tracker [0;36mshard[0m = 0 [0;36mepoch[0m = 0 [0;36mround[0m = 525 [0;36mnonce[0m = 519 [0;36mhash[0m = 12a44042904a7ab6ca3e8fe55cb8ae8262052fe66c98afb9a02841c977e7f678 
[0;36mDEBUG[0m[2026-03-16 10:14:11.826]   received shard header from network in block tracker [0;36mshard[0m = 0 [0;36mepoch[0m = 0 [0;36mround[0m = 526 [0;36mnonce[0m = 520 [0;36mhash[0m = 01bf5a6e3dd3a87b08032cba820657be96784c615767189ccb249cfeaf8b6374 
[0;36mDEBUG[0m[2026-03-16 10:14:11.826]   received shard header from network in block tracker [0;36mshard[0m = 0 [0;36mepoch[0m = 0 [0;36mround[0m = 527 [0;36mnonce[0m = 521 [0;36mhash[0m = 36f13b01555acfc939aaab5c27564c2f810c4751a3de2539abfc38bcb63abe72 
[0;36mDEBUG[0m[2026-03-16 10:14:11.826]   received shard header from network in block tracker [0;36mshard[0m = 0 [0;36mepoch[0m = 0 [0;36mround[0m = 528 [0;36mnonce[0m = 522 [0;36mhash[0m = 595f08f289b4f1d79413dbbd6a55fd6d46f344c7f09fdcc6f147f7542a9dbecb 
[0;36mDEBUG[0m[2026-03-16 10:14:11.826]   received shard header from network in block tracker [0;36mshard[0m = 0 [0;36mepoch[0m = 0 [0;36mround[0m = 529 [0;36mnonce[0m = 523 [0;36mhash[0m = 021ff8ecb60361ee38adacf09c3a85200b4fa2ec655fb1523d267bf53b55d4bb 
[0;36mDEBUG[0m[2026-03-16 10:14:11.826]   received shard header from network in block tracker [0;36mshard[0m = 0 [0;36mepoch[0m = 0 [0;36mround[0m = 530 [0;36mnonce[0m = 524 [0;36mhash[0m = 1b89d47d253dc45ed17e94fdd6225067e7055e288c7df386d0540bd7b623cc9c 
[0;36mDEBUG[0m[2026-03-16 10:14:11.826]   received shard header from network in block tracker [0;36mshard[0m = 0 [0;36mepoch[0m = 0 [0;36mround[0m = 531 [0;36mnonce[0m = 525 [0;36mhash[0m = 9f70bba07499d1ce30518504730c162555cf3ea04cd1f4ae63c1bb2159d052c1 
[0;36mDEBUG[0m[2026-03-16 10:14:11.826]   received shard header from network in block tracker [0;36mshard[0m = 0 [0;36mepoch[0m = 0 [0;36mround[0m = 532 [0;36mnonce[0m = 526 [0;36mhash[0m = b0f78ce8e701f7d635e1d36f486c493ccfcfc2c01432cab9176fa8dc2c8197e3 
[0;36mDEBUG[0m[2026-03-16 10:14:11.826]   received shard header from network in block tracker [0;36mshard[0m = 0 [0;36mepoch[0m = 0 [0;36mround[0m = 533 [0;36mnonce[0m = 527 [0;36mhash[0m = 0f37d48422cf773205f73a909864a71b55c8b621488e4d39b84f9bcde345a55c 
[0;36mDEBUG[0m[2026-03-16 10:14:11.826]   received shard header from network in block tracker [0;36mshard[0m = 0 [0;36mepoch[0m = 0 [0;36mround[0m = 534 [0;36mnonce[0m = 528 [0;36mhash[0m = a32033c5cebef95f3aee8e48c64c9cbd64ae7db72f8e0c4e45c0577e261c2d72 
[0;36mDEBUG[0m[2026-03-16 10:14:11.826]   received shard header from network in block tracker [0;36mshard[0m = 0 [0;36mepoch[0m = 0 [0;36mround[0m = 535 [0;36mnonce[0m = 529 [0;36mhash[0m = 8fc7c0c27f30b7239ef19e858e5cd5c78e329e10a157d9dd6766617c99f98707 
[0;36mDEBUG[0m[2026-03-16 10:14:11.826]   received shard header from network in block tracker [0;36mshard[0m = 0 [0;36mepoch[0m = 0 [0;36mround[0m = 536 [0;36mnonce[0m = 530 [0;36mhash[0m = e91400fb1e28f3a8b12e6ca240c799f8a8c695cc42eac52673c5a510db619d45 
[0;36mDEBUG[0m[2026-03-16 10:14:11.826]   received shard header from network in block tracker [0;36mshard[0m = 0 [0;36mepoch[0m = 0 [0;36mround[0m = 537 [0;36mnonce[0m = 531 [0;36mhash[0m = ac6b88732e37e440a90616256ddb5606b950385725ac550ba9816c565db3fc20 
[0;36mDEBUG[0m[2026-03-16 10:14:11.826]   received shard header from network in block tracker [0;36mshard[0m = 0 [0;36mepoch[0m = 0 [0;36mround[0m = 538 [0;36mnonce[0m = 532 [0;36mhash[0m = 527e38fec9a11791f58ce9172e86aca1469377948f978f670b9d21d046cc2b74 
[0;36mDEBUG[0m[2026-03-16 10:14:11.826]   received shard header from network in block tracker [0;36mshard[0m = 0 [0;36mepoch[0m = 0 [0;36mround[0m = 539 [0;36mnonce[0m = 533 [0;36mhash[0m = aa96449fbfd8159cad92e4fd05881aa9dbbda6ddb612e29acbad6bcee40f1998 
[0;36mDEBUG[0m[2026-03-16 10:14:11.826]   received shard header from network in block tracker [0;36mshard[0m = 0 [0;36mepoch[0m = 0 [0;36mround[0m = 540 [0;36mnonce[0m = 534 [0;36mhash[0m = 211981a9afa12c464e40dcd713a97a7183eacbc901fc58c151da234f7438c119 
[0;36mDEBUG[0m[2026-03-16 10:14:11.826]   received shard header from network in block tracker [0;36mshard[0m = 0 [0;36mepoch[0m = 0 [0;36mround[0m = 541 [0;36mnonce[0m = 535 [0;36mhash[0m = 3b0c509af124fd9dea7715eb987943e984eb227da5a80ed8767baa9a21e4a7b9 
[0;36mDEBUG[0m[2026-03-16 10:14:11.826]   received shard header from network in block tracker [0;36mshard[0m = 0 [0;36mepoch[0m = 0 [0;36mround[0m = 542 [0;36mnonce[0m = 536 [0;36mhash[0m = 65dbaa655915ef5a3307b775ee2aefef7ad1dfc379641b2bc88dd0bc71f77487 
[0;36mDEBUG[0m[2026-03-16 10:14:11.826]   received shard header from network in block tracker [0;36mshard[0m = 0 [0;36mepoch[0m = 0 [0;36mround[0m = 543 [0;36mnonce[0m = 537 [0;36mhash[0m = 4d647ce1f548966f18211240049a2d1925c6cca17b424712f07f5bfe5985d1b4 
[0;36mDEBUG[0m[2026-03-16 10:14:11.826]   received shard header from network in block tracker [0;36mshard[0m = 0 [0;36mepoch[0m = 0 [0;36mround[0m = 544 [0;36mnonce[0m = 538 [0;36mhash[0m = 3746576221658798ac56d8a182ed19715bf6f566ed177301bb14b53be1b38184 
[0;36mDEBUG[0m[2026-03-16 10:14:11.826]   received shard header from network in block tracker [0;36mshard[0m = 0 [0;36mepoch[0m = 0 [0;36mround[0m = 545 [0;36mnonce[0m = 539 [0;36mhash[0m = cc15afbb9b5a25efda573ccbf04c2e6670317966198a049de9f7767b740cb703 
[0;36mDEBUG[0m[2026-03-16 10:14:11.826]   received shard header from network in block tracker [0;36mshard[0m = 0 [0;36mepoch[0m = 0 [0;36mround[0m = 546 [0;36mnonce[0m = 540 [0;36mhash[0m = e00fd7d53ff3a3c45e34a5763edbcdc22779bae7606b5657822bda4e0468d6be 
[0;36mDEBUG[0m[2026-03-16 10:14:11.826]   received shard header from network in block tracker [0;36mshard[0m = 0 [0;36mepoch[0m = 0 [0;36mround[0m = 547 [0;36mnonce[0m = 541 [0;36mhash[0m = 2a9197ab007367d995c9757b00dfccded8cff7ae681e318c69b5525566074ceb 
[0;36mDEBUG[0m[2026-03-16 10:14:11.826]   received shard header from network in block tracker [0;36mshard[0m = 0 [0;36mepoch[0m = 0 [0;36mround[0m = 548 [0;36mnonce[0m = 542 [0;36mhash[0m = 8843309947a8bb68cbe581a24adcbd411853d5f64ea73e88ee35c0d53e40b52e 
[0;36mDEBUG[0m[2026-03-16 10:14:11.826]   received shard header from network in block tracker [0;36mshard[0m = 0 [0;36mepoch[0m = 0 [0;36mround[0m = 549 [0;36mnonce[0m = 543 [0;36mhash[0m = 1b0e321fcb0764bcf10c9aff8045ea024b3393673a0255f7c15d8c67d7a222ee 
[0;36mDEBUG[0m[2026-03-16 10:14:11.826]   received shard header from network in block tracker [0;36mshard[0m = 0 [0;36mepoch[0m = 0 [0;36mround[0m = 550 [0;36mnonce[0m = 544 [0;36mhash[0m = 457f937cb1161ecc09e3f1c5b53baeed91eef1ed1232119ec8114c59b5bb9e0f 
[0;36mDEBUG[0m[2026-03-16 10:14:11.826]   received shard header from network in block tracker [0;36mshard[0m = 0 [0;36mepoch[0m = 0 [0;36mround[0m = 551 [0;36mnonce[0m = 545 [0;36mhash[0m = 82ff4a435d35309bb1e9d08bcee4156bce02b6f02dca49038b4c5d0639f6d465 
[0;36mDEBUG[0m[2026-03-16 10:14:11.826]   received shard header from network in block tracker [0;36mshard[0m = 0 [0;36mepoch[0m = 0 [0;36mround[0m = 552 [0;36mnonce[0m = 546 [0;36mhash[0m = 0f29a923dd930a7f59a0695543b208cd506e42b7bfc7d211007960c673e3188c 
[0;36mDEBUG[0m[2026-03-16 10:14:11.826]   received shard header from network in block tracker [0;36mshard[0m = 0 [0;36mepoch[0m = 0 [0;36mround[0m = 553 [0;36mnonce[0m = 547 [0;36mhash[0m = 0e56a5e4b39a25f77ba885f73cbbd8e2c4ea5ec3fb7252278d5e16afc8109937 
[0;36mDEBUG[0m[2026-03-16 10:14:11.826]   received shard header from network in block tracker [0;36mshard[0m = 0 [0;36mepoch[0m = 0 [0;36mround[0m = 554 [0;36mnonce[0m = 548 [0;36mhash[0m = 3615157591d4a61cf42c0b747ecba02ada037aee5b099be75e87a5fc8b727459 
[0;36mDEBUG[0m[2026-03-16 10:14:11.826]   received shard header from network in block tracker [0;36mshard[0m = 0 [0;36mepoch[0m = 0 [0;36mround[0m = 555 [0;36mnonce[0m = 549 [0;36mhash[0m = 861c2e960c3a1e6f85777ff49f4d20378a65813ed10817067ecdf0b2d7247fdd 
[0;36mDEBUG[0m[2026-03-16 10:14:11.826]   received shard header from network in block tracker [0;36mshard[0m = 0 [0;36mepoch[0m = 0 [0;36mround[0m = 556 [0;36mnonce[0m = 550 [0;36mhash[0m = fa46918b439c877ac0ddd2abd297edb54a77840050ab430c24c2654c24ad1f45 
[0;36mDEBUG[0m[2026-03-16 10:14:11.826]   received shard header from network in block tracker [0;36mshard[0m = 0 [0;36mepoch[0m = 0 [0;36mround[0m = 557 [0;36mnonce[0m = 551 [0;36mhash[0m = 318019d013f4c7296d5c9ad6abb0b6652ad900f8f5e2a48460bf55a2962be9a2 
[0;36mDEBUG[0m[2026-03-16 10:14:11.826]   received shard header from network in block tracker [0;36mshard[0m = 0 [0;36mepoch[0m = 0 [0;36mround[0m = 558 [0;36mnonce[0m = 552 [0;36mhash[0m = 890f3821dcc4f2d217b6ab25f18d48cb7864706220612d6347c9bd6e072642fe 
[0;36mDEBUG[0m[2026-03-16 10:14:11.826]   received shard header from network in block tracker [0;36mshard[0m = 0 [0;36mepoch[0m = 0 [0;36mround[0m = 559 [0;36mnonce[0m = 553 [0;36mhash[0m = 081944c41ed907028adc3b92d31ea9f95dc14c8a87a08e7a89ab25fda80f6069 
[0;36mDEBUG[0m[2026-03-16 10:14:11.826]   received shard header from network in block tracker [0;36mshard[0m = 0 [0;36mepoch[0m = 0 [0;36mround[0m = 560 [0;36mnonce[0m = 554 [0;36mhash[0m = 3ee41736af30d1a4c91a4916c9acf4baf24a899e97f253697f1cae74c557ac50 
[0;36mDEBUG[0m[2026-03-16 10:14:11.826]   received shard header from network in block tracker [0;36mshard[0m = 0 [0;36mepoch[0m = 0 [0;36mround[0m = 561 [0;36mnonce[0m = 555 [0;36mhash[0m = b14a0a432cbfd15be5091b2ce7f4dcb78187dcd500a6ad2240219c54c0964b86 
[0;36mDEBUG[0m[2026-03-16 10:14:11.826]   received shard header from network in block tracker [0;36mshard[0m = 0 [0;36mepoch[0m = 0 [0;36mround[0m = 562 [0;36mnonce[0m = 556 [0;36mhash[0m = bbd62992b41ccb7d29ebdaf844aca35dc4b42e73a15c9b92826a726a748145fb 
[0;36mDEBUG[0m[2026-03-16 10:14:11.826]   received shard header from network in block tracker [0;36mshard[0m = 0 [0;36mepoch[0m = 0 [0;36mround[0m = 563 [0;36mnonce[0m = 557 [0;36mhash[0m = f60de06081b1471e198baf65f153f3c15c1eb903d925a7070c8251c863ffd15f 
[0;36mDEBUG[0m[2026-03-16 10:14:11.826]   received shard header from network in block tracker [0;36mshard[0m = 0 [0;36mepoch[0m = 0 [0;36mround[0m = 564 [0;36mnonce[0m = 558 [0;36mhash[0m = 2cf1bb8f2ad992faf4d7890b121f2cf376eb3e08c1458cfe13ebfffe8e56bacd 
[0;36mDEBUG[0m[2026-03-16 10:14:11.826]   received shard header from network in block tracker [0;36mshard[0m = 0 [0;36mepoch[0m = 0 [0;36mround[0m = 565 [0;36mnonce[0m = 559 [0;36mhash[0m = db3ac3c747e5b4bbe3e86854d7b6111ebbc12a661c5d3f62233e9bf37a8b2b34 
[0;36mDEBUG[0m[2026-03-16 10:14:11.826]   received shard header from network in block tracker [0;36mshard[0m = 0 [0;36mepoch[0m = 0 [0;36mround[0m = 566 [0;36mnonce[0m = 560 [0;36mhash[0m = c457be7994f027e50bb033711fcba0efe992e52f4848ea593e0f7970dec004d4 
[0;36mDEBUG[0m[2026-03-16 10:14:11.826]   received shard header from network in block tracker [0;36mshard[0m = 0 [0;36mepoch[0m = 0 [0;36mround[0m = 567 [0;36mnonce[0m = 561 [0;36mhash[0m = b18ce642d22fabb229f5d700e4fd5ac2014d222c990d0fc89fa018e143f40006 
[0;36mDEBUG[0m[2026-03-16 10:14:11.826]   received shard header from network in block tracker [0;36mshard[0m = 0 [0;36mepoch[0m = 0 [0;36mround[0m = 568 [0;36mnonce[0m = 562 [0;36mhash[0m = 65b4cd71ed841006650a73a0335b12a20e90dd00501baf9ea428df8fde1af937 
[0;36mDEBUG[0m[2026-03-16 10:14:11.826]   received shard header from network in block tracker [0;36mshard[0m = 0 [0;36mepoch[0m = 0 [0;36mround[0m = 569 [0;36mnonce[0m = 563 [0;36mhash[0m = ba25d18ed74a6794749093c69cd2c3b371f3457b736b2707bb9bf0b7cf577d66 
[0;36mDEBUG[0m[2026-03-16 10:14:11.826]   received shard header from network in block tracker [0;36mshard[0m = 0 [0;36mepoch[0m = 0 [0;36mround[0m = 570 [0;36mnonce[0m = 564 [0;36mhash[0m = c3d6e8de5832616fa4d679fb30e01c2b3b36b4787950461022544f89c1048b4d 
[0;36mDEBUG[0m[2026-03-16 10:14:11.826]   received shard header from network in block tracker [0;36mshard[0m = 0 [0;36mepoch[0m = 0 [0;36mround[0m = 571 [0;36mnonce[0m = 565 [0;36mhash[0m = c41f24e40a15973c77c946c4d2368e7e7f74018dbde075162ff2ceae7991d723 
[0;36mDEBUG[0m[2026-03-16 10:14:11.826]   received shard header from network in block tracker [0;36mshard[0m = 0 [0;36mepoch[0m = 0 [0;36mround[0m = 572 [0;36mnonce[0m = 566 [0;36mhash[0m = fba9e1ccb5cb21144e07d94f0a9117d9fc9ff69ed450ebffed85a024e2b33ee2 
[0;36mDEBUG[0m[2026-03-16 10:14:11.826]   received shard header from network in block tracker [0;36mshard[0m = 0 [0;36mepoch[0m = 0 [0;36mround[0m = 573 [0;36mnonce[0m = 567 [0;36mhash[0m = 7c1e006a0eca7e9683f095bbc74cb51b0b30ec8c8f447b4a1e5c16e6f0bfa5c3 
[0;36mDEBUG[0m[2026-03-16 10:14:11.826]   received shard header from network in block tracker [0;36mshard[0m = 0 [0;36mepoch[0m = 0 [0;36mround[0m = 574 [0;36mnonce[0m = 568 [0;36mhash[0m = 97a5434d2c79133f5a4d2093689140a37b2260a98ff99da1d4441447a3e7ed41 
[0;36mDEBUG[0m[2026-03-16 10:14:11.826]   received shard header from network in block tracker [0;36mshard[0m = 0 [0;36mepoch[0m = 0 [0;36mround[0m = 575 [0;36mnonce[0m = 569 [0;36mhash[0m = 7ac0808e9ebca42d010144d2973cbd37d37a46f32aa316f65082f33f4a81c3ad 
[0;36mDEBUG[0m[2026-03-16 10:14:11.826]   received shard header from network in block tracker [0;36mshard[0m = 0 [0;36mepoch[0m = 0 [0;36mround[0m = 576 [0;36mnonce[0m = 570 [0;36mhash[0m = d7fff726cc321ab5bd8c6bcc77b4d3b2110c530e3caca44a77bf90151ed55c68 
[0;36mDEBUG[0m[2026-03-16 10:14:11.826]   received shard header from network in block tracker [0;36mshard[0m = 0 [0;36mepoch[0m = 0 [0;36mround[0m = 577 [0;36mnonce[0m = 571 [0;36mhash[0m = c9af9c6652e90323504c945fac23c7ae66902c4aaa3118e107f3ee3b29160e08 
[0;36mDEBUG[0m[2026-03-16 10:14:11.826]   received shard header from network in block tracker [0;36mshard[0m = 0 [0;36mepoch[0m = 0 [0;36mround[0m = 578 [0;36mnonce[0m = 572 [0;36mhash[0m = 642e81ced5e1578c0b31a5bfed041619e97efc4da75f21c66dd363e55ca8a027 
[0;36mDEBUG[0m[2026-03-16 10:14:11.826]   received shard header from network in block tracker [0;36mshard[0m = 0 [0;36mepoch[0m = 0 [0;36mround[0m = 579 [0;36mnonce[0m = 573 [0;36mhash[0m = 48e09f9cff384f6c0e7d73ab1e0b35ccd9bdad8e39d349c952a77f0c47b9a0ee 
[0;36mDEBUG[0m[2026-03-16 10:14:11.826]   received shard header from network in block tracker [0;36mshard[0m = 0 [0;36mepoch[0m = 0 [0;36mround[0m = 580 [0;36mnonce[0m = 574 [0;36mhash[0m = 963e7c04f20147e38f367df611496eacd547002a8b4c393d5f108bb8ae3437b4 
[0;36mDEBUG[0m[2026-03-16 10:14:11.826]   received shard header from network in block tracker [0;36mshard[0m = 0 [0;36mepoch[0m = 0 [0;36mround[0m = 581 [0;36mnonce[0m = 575 [0;36mhash[0m = 7d04030bcc1e8b0390ea8a7c61ad1507021437a8ddde55400857c83ab2abb10e 
[0;36mDEBUG[0m[2026-03-16 10:14:11.826]   received shard header from network in block tracker [0;36mshard[0m = 0 [0;36mepoch[0m = 0 [0;36mround[0m = 582 [0;36mnonce[0m = 576 [0;36mhash[0m = 36dbca5e422c4c46a34f9202697861b603644074fcad24b269defdf6c4260556 
[0;36mDEBUG[0m[2026-03-16 10:14:11.826]   received shard header from network in block tracker [0;36mshard[0m = 0 [0;36mepoch[0m = 0 [0;36mround[0m = 583 [0;36mnonce[0m = 577 [0;36mhash[0m = 8efce9820befc4a910a95004be2aa5e5fe62e744d049ee1fc66d43c1a0bd1f5a 
[0;36mDEBUG[0m[2026-03-16 10:14:11.826]   received shard header from network in block tracker [0;36mshard[0m = 0 [0;36mepoch[0m = 0 [0;36mround[0m = 584 [0;36mnonce[0m = 578 [0;36mhash[0m = 44a577000115cc8f6fa0ebc11f40c506cb55e3cca79e5b0783d44c7b612de4bc 
[0;36mDEBUG[0m[2026-03-16 10:14:11.826]   received shard header from network in block tracker [0;36mshard[0m = 0 [0;36mepoch[0m = 0 [0;36mround[0m = 585 [0;36mnonce[0m = 579 [0;36mhash[0m = 535ddee1d8c70707321d72b73ae34d905192b58809e7add399f685f065bffc5f 
[0;36mDEBUG[0m[2026-03-16 10:14:11.826]   received shard header from network in block tracker [0;36mshard[0m = 0 [0;36mepoch[0m = 0 [0;36mround[0m = 586 [0;36mnonce[0m = 580 [0;36mhash[0m = 14b6e82843ab4990eb561c671a59175092d8a8fb91477b0064fc3e05b6192e8c 
[0;36mDEBUG[0m[2026-03-16 10:14:11.826]   received shard header from network in block tracker [0;36mshard[0m = 0 [0;36mepoch[0m = 0 [0;36mround[0m = 587 [0;36mnonce[0m = 581 [0;36mhash[0m = ce04893a6d320a9f1f9b12e8e1bbaa1a39dff58212995fef67030f5c5476b973 
[0;36mDEBUG[0m[2026-03-16 10:14:11.826]   received shard header from network in block tracker [0;36mshard[0m = 0 [0;36mepoch[0m = 0 [0;36mround[0m = 588 [0;36mnonce[0m = 582 [0;36mhash[0m = 9c26db3801d93182254c2b47e452f9fc82bb4a81e82ba14eae84512e8d12e9cb 
[0;36mDEBUG[0m[2026-03-16 10:14:11.826]   received shard header from network in block tracker [0;36mshard[0m = 0 [0;36mepoch[0m = 0 [0;36mround[0m = 589 [0;36mnonce[0m = 583 [0;36mhash[0m = 2297b6896d7102749996c9937effb175c9d13d4668d175d9aa91be6cc7eb0e33 
[0;36mDEBUG[0m[2026-03-16 10:14:11.826]   received shard header from network in block tracker [0;36mshard[0m = 0 [0;36mepoch[0m = 0 [0;36mround[0m = 590 [0;36mnonce[0m = 584 [0;36mhash[0m = e2fcf0e5f6d72574f26cdf81b833c0bc4862121c90c78ba0b3c61fbc490ad8f0 
[0;36mDEBUG[0m[2026-03-16 10:14:11.826]   received shard header from network in block tracker [0;36mshard[0m = 0 [0;36mepoch[0m = 0 [0;36mround[0m = 591 [0;36mnonce[0m = 585 [0;36mhash[0m = bb40ee474c33de9984ec8f8fa260e11d9d2ae48e5b929cdaee200311a4952e71 
[0;36mDEBUG[0m[2026-03-16 10:14:11.826]   received shard header from network in block tracker [0;36mshard[0m = 0 [0;36mepoch[0m = 0 [0;36mround[0m = 592 [0;36mnonce[0m = 586 [0;36mhash[0m = 31d4a2d09d1456f008e50a49c85b9345d7e461bb5c4e6c55bd542d4e4bdedb06 
[0;36mDEBUG[0m[2026-03-16 10:14:11.826]   received shard header from network in block tracker [0;36mshard[0m = 0 [0;36mepoch[0m = 0 [0;36mround[0m = 593 [0;36mnonce[0m = 587 [0;36mhash[0m = 29c44f3e1984ac038fb9e30f937b9a1343e665779e85bdeb8c8b4d418f9a6b4b 
[0;36mDEBUG[0m[2026-03-16 10:14:11.826]   received shard header from network in block tracker [0;36mshard[0m = 0 [0;36mepoch[0m = 0 [0;36mround[0m = 594 [0;36mnonce[0m = 588 [0;36mhash[0m = 2d1c7d81df75620722c8347ad8af7b7ee62c7f357fbbfe406f7607a695b6f69c 
[0;36mDEBUG[0m[2026-03-16 10:14:11.826]   received shard header from network in block tracker [0;36mshard[0m = 0 [0;36mepoch[0m = 0 [0;36mround[0m = 595 [0;36mnonce[0m = 589 [0;36mhash[0m = ff2fd986409be8f59ba74c533403e15f4565b36bff56a4997060ab394ec8f6f6 
[0;36mDEBUG[0m[2026-03-16 10:14:11.826]   received shard header from network in block tracker [0;36mshard[0m = 0 [0;36mepoch[0m = 0 [0;36mround[0m = 596 [0;36mnonce[0m = 590 [0;36mhash[0m = 63a66eba21f7273b92f566afe6a7441aa819987f6da49e0cc2d12021443190fa 
[0;36mDEBUG[0m[2026-03-16 10:14:11.826]   received shard header from network in block tracker [0;36mshard[0m = 0 [0;36mepoch[0m = 0 [0;36mround[0m = 597 [0;36mnonce[0m = 591 [0;36mhash[0m = 8a367c031d7d8977c20c17ccc68dc74d91508a14ce44d52554fe01804b848d26 
[0;36mDEBUG[0m[2026-03-16 10:14:11.826]   received shard header from network in block tracker [0;36mshard[0m = 0 [0;36mepoch[0m = 0 [0;36mround[0m = 598 [0;36mnonce[0m = 592 [0;36mhash[0m = c4613bf1021bdbfd9c42dba7b738e4159539e9c0e704db83186959ca0cfbab19 
[0;36mDEBUG[0m[2026-03-16 10:14:11.826]   received shard header from network in block tracker [0;36mshard[0m = 0 [0;36mepoch[0m = 0 [0;36mround[0m = 599 [0;36mnonce[0m = 593 [0;36mhash[0m = 04ff998362845a9d865d069ad207e57a26f98bcce088c75b1833c7d1205dc3cf 
[0;36mDEBUG[0m[2026-03-16 10:14:11.826]   received shard header from network in block tracker [0;36mshard[0m = 0 [0;36mepoch[0m = 0 [0;36mround[0m = 600 [0;36mnonce[0m = 594 [0;36mhash[0m = 63b962299e277ab9f2cc2ee698b757b3d785e8db0b5a3918bf1524ef4856b744 
[0;36mDEBUG[0m[2026-03-16 10:14:11.826]   received shard header from network in block tracker [0;36mshard[0m = 0 [0;36mepoch[0m = 0 [0;36mround[0m = 601 [0;36mnonce[0m = 595 [0;36mhash[0m = dc59146d7fc16448470ef44003f442b251f672ec108a4fac11f212c45d120b56 
[0;36mDEBUG[0m[2026-03-16 10:14:11.826]   received shard header from network in block tracker [0;36mshard[0m = 0 [0;36mepoch[0m = 0 [0;36mround[0m = 602 [0;36mnonce[0m = 596 [0;36mhash[0m = 51295a51ef522674ce7e7fc57ac0354685615ea9c4382d75d8e13be573320bc3 
[0;36mDEBUG[0m[2026-03-16 10:14:11.826]   received shard header from network in block tracker [0;36mshard[0m = 0 [0;36mepoch[0m = 0 [0;36mround[0m = 603 [0;36mnonce[0m = 597 [0;36mhash[0m = 9dcd5daf1c7c89a8152ba90d4e9e2ff72e9ef669a96ebdab677a3adf2028fdce 
[0;36mDEBUG[0m[2026-03-16 10:14:11.826]   received shard header from network in block tracker [0;36mshard[0m = 0 [0;36mepoch[0m = 0 [0;36mround[0m = 604 [0;36mnonce[0m = 598 [0;36mhash[0m = 39e3b4dc84febc77d728ed0b931d1daad91e0af8dccddd72415e51752ef73628 
[0;36mDEBUG[0m[2026-03-16 10:14:11.826]   received shard header from network in block tracker [0;36mshard[0m = 0 [0;36mepoch[0m = 0 [0;36mround[0m = 605 [0;36mnonce[0m = 599 [0;36mhash[0m = 4a72d2e7d099d3409ac88b30dbfe1797daae72a486500c37f6648b1f1ec3776f 
[0;36mDEBUG[0m[2026-03-16 10:14:11.826]   received shard header from network in block tracker [0;36mshard[0m = 0 [0;36mepoch[0m = 0 [0;36mround[0m = 606 [0;36mnonce[0m = 600 [0;36mhash[0m = d1e737ae3106aa9cb6284c08529b2a834a1ed55a2c1c9a35f88a0d2f5311898d 
[0;36mDEBUG[0m[2026-03-16 10:14:11.826]   received shard header from network in block tracker [0;36mshard[0m = 0 [0;36mepoch[0m = 0 [0;36mround[0m = 607 [0;36mnonce[0m = 601 [0;36mhash[0m = d2c99f01937e5dc5e49e1125350882ffa2f27e98fd8ded033519a678a8ea491d 
[0;36mDEBUG[0m[2026-03-16 10:14:11.826]   received shard header from network in block tracker [0;36mshard[0m = 0 [0;36mepoch[0m = 0 [0;36mround[0m = 608 [0;36mnonce[0m = 602 [0;36mhash[0m = 85aa2bdf85d13ef786602be408b6e6145b52b86a66854ad528190bdb52322bb5 
[0;36mDEBUG[0m[2026-03-16 10:14:11.827]   received shard header from network in block tracker [0;36mshard[0m = 0 [0;36mepoch[0m = 0 [0;36mround[0m = 609 [0;36mnonce[0m = 603 [0;36mhash[0m = 6af20292d9737733ea3c0c7ad2e13e0fffad8a1fd3c3ab3259e95b1372375029 
[0;36mDEBUG[0m[2026-03-16 10:14:11.827]   received shard header from network in block tracker [0;36mshard[0m = 0 [0;36mepoch[0m = 0 [0;36mround[0m = 610 [0;36mnonce[0m = 604 [0;36mhash[0m = 0132f8a49c6bf95296d72ec16e9fd006121688395e3a3e3aa3a72e53201910a2 
[0;36mDEBUG[0m[2026-03-16 10:14:11.827]   received shard header from network in block tracker [0;36mshard[0m = 0 [0;36mepoch[0m = 0 [0;36mround[0m = 611 [0;36mnonce[0m = 605 [0;36mhash[0m = 65c898d73b4481317e0567169def5a0ca306b491cdde5721ba68408924400431 
[0;36mDEBUG[0m[2026-03-16 10:14:11.827]   received shard header from network in block tracker [0;36mshard[0m = 0 [0;36mepoch[0m = 0 [0;36mround[0m = 612 [0;36mnonce[0m = 606 [0;36mhash[0m = 6c111b05952ab12d11f4d47c6d71d844f35b1e2bebb16ead1da4b3951de0d331 
[0;36mDEBUG[0m[2026-03-16 10:14:11.827]   received shard header from network in block tracker [0;36mshard[0m = 0 [0;36mepoch[0m = 0 [0;36mround[0m = 613 [0;36mnonce[0m = 607 [0;36mhash[0m = d9a1ad6c279746959d39b7ad5d3e9cb68be94a003b7fd10acd7dd5306082faf1 
[0;36mDEBUG[0m[2026-03-16 10:14:11.827]   received shard header from network in block tracker [0;36mshard[0m = 0 [0;36mepoch[0m = 0 [0;36mround[0m = 614 [0;36mnonce[0m = 608 [0;36mhash[0m = 1ebb6d0a31f689e1b72c3e5ad2be4f25c9d4ead09877880de06bc162f6b520bc 
[0;36mDEBUG[0m[2026-03-16 10:14:11.827]   received shard header from network in block tracker [0;36mshard[0m = 0 [0;36mepoch[0m = 0 [0;36mround[0m = 615 [0;36mnonce[0m = 609 [0;36mhash[0m = 2108bdd31deefee20ba311b003b90c9386a956b8eae22713d3e6bbe99c7fb9e4 
[0;36mDEBUG[0m[2026-03-16 10:14:11.827]   received shard header from network in block tracker [0;36mshard[0m = 0 [0;36mepoch[0m = 0 [0;36mround[0m = 616 [0;36mnonce[0m = 610 [0;36mhash[0m = 53543e6b23e9c0d93027c294f76daae7eb295a9cdeb830cf76cc8617b6a04360 
[0;36mDEBUG[0m[2026-03-16 10:14:11.827]   received shard header from network in block tracker [0;36mshard[0m = 0 [0;36mepoch[0m = 0 [0;36mround[0m = 617 [0;36mnonce[0m = 611 [0;36mhash[0m = 44a4fafde6628b9086ddffd40330f5e27b9854808d2cb95e84110cb3c43bfcd0 
[0;36mDEBUG[0m[2026-03-16 10:14:11.827]   received shard header from network in block tracker [0;36mshard[0m = 0 [0;36mepoch[0m = 0 [0;36mround[0m = 618 [0;36mnonce[0m = 612 [0;36mhash[0m = ce0cc70234c120083c13ffad2b9b0d70b0371878f371e008cd6a35efdb7905cd 
[0;36mDEBUG[0m[2026-03-16 10:14:11.827]   received shard header from network in block tracker [0;36mshard[0m = 0 [0;36mepoch[0m = 0 [0;36mround[0m = 619 [0;36mnonce[0m = 613 [0;36mhash[0m = d7c2e55801f3b96027d6eedb34ab0d2da73b70819bb01e095c75da5df2c66ef7 
[0;36mDEBUG[0m[2026-03-16 10:14:11.827]   received shard header from network in block tracker [0;36mshard[0m = 0 [0;36mepoch[0m = 0 [0;36mround[0m = 620 [0;36mnonce[0m = 614 [0;36mhash[0m = 745ea1867f8067f35d3cdbfe5bc3c9e16f716814ab1472864171c960438be91c 
[0;36mDEBUG[0m[2026-03-16 10:14:11.827]   received shard header from network in block tracker [0;36mshard[0m = 0 [0;36mepoch[0m = 0 [0;36mround[0m = 621 [0;36mnonce[0m = 615 [0;36mhash[0m = e8b5563202e07995f20565a917d315e281563634a4d5980f651c71f6ab654eaa 
[0;36mDEBUG[0m[2026-03-16 10:14:11.827]   received shard header from network in block tracker [0;36mshard[0m = 0 [0;36mepoch[0m = 0 [0;36mround[0m = 622 [0;36mnonce[0m = 616 [0;36mhash[0m = 85f5d893fbaf527842095d0e4d8ff240a6b0ba6cf8d1beb6e3e91fded96eee7a 
[0;36mDEBUG[0m[2026-03-16 10:14:11.827]   received shard header from network in block tracker [0;36mshard[0m = 0 [0;36mepoch[0m = 0 [0;36mround[0m = 623 [0;36mnonce[0m = 617 [0;36mhash[0m = dff6559fed10c60ba5bc2ecf4aeac9177089263b19bdea47430f05305120ec42 
[0;36mDEBUG[0m[2026-03-16 10:14:11.827]   received shard header from network in block tracker [0;36mshard[0m = 0 [0;36mepoch[0m = 0 [0;36mround[0m = 624 [0;36mnonce[0m = 618 [0;36mhash[0m = 2a07b22effc9d7267fb206f2c39b1a3adb61b9cb9a8a786057bcca49626d14e0 
[0;36mDEBUG[0m[2026-03-16 10:14:11.827]   received shard header from network in block tracker [0;36mshard[0m = 0 [0;36mepoch[0m = 0 [0;36mround[0m = 625 [0;36mnonce[0m = 619 [0;36mhash[0m = 82e00aa74dc72186650ba06ea7139eeadd1b401b601818748f13b99ac67a727b 
[0;36mDEBUG[0m[2026-03-16 10:14:11.827]   received shard header from network in block tracker [0;36mshard[0m = 0 [0;36mepoch[0m = 0 [0;36mround[0m = 626 [0;36mnonce[0m = 620 [0;36mhash[0m = ec940eaf988c95e15945543a3b59480406083d5b06e2eec195e833a7f829192d 
[0;36mDEBUG[0m[2026-03-16 10:14:11.827]   received shard header from network in block tracker [0;36mshard[0m = 0 [0;36mepoch[0m = 0 [0;36mround[0m = 627 [0;36mnonce[0m = 621 [0;36mhash[0m = b75e6e240ebcb1f7fc1eb400b07fe15da54f63a463f013d7deb90ab9c3805475 
[0;36mDEBUG[0m[2026-03-16 10:14:11.827]   received shard header from network in block tracker [0;36mshard[0m = 0 [0;36mepoch[0m = 0 [0;36mround[0m = 628 [0;36mnonce[0m = 622 [0;36mhash[0m = 7999cc1401a744a3067cf36bac621f52154a8ee916813f2ffd1dbac32942e54d 
[0;36mDEBUG[0m[2026-03-16 10:14:11.827]   received shard header from network in block tracker [0;36mshard[0m = 0 [0;36mepoch[0m = 0 [0;36mround[0m = 629 [0;36mnonce[0m = 623 [0;36mhash[0m = 84caef4a30a768357cdb4589244fe02ef7da2ec378b337906900898d4adc7b42 
[0;36mDEBUG[0m[2026-03-16 10:14:11.827]   received shard header from network in block tracker [0;36mshard[0m = 0 [0;36mepoch[0m = 0 [0;36mround[0m = 630 [0;36mnonce[0m = 624 [0;36mhash[0m = 9b3ee63a86336e643d092f556900ea1e0fa432e4b2244d262e7ab215a69bac7a 
[0;36mDEBUG[0m[2026-03-16 10:14:11.827]   received shard header from network in block tracker [0;36mshard[0m = 0 [0;36mepoch[0m = 0 [0;36mround[0m = 631 [0;36mnonce[0m = 625 [0;36mhash[0m = d859fa3ad5b8acf99c3211e5662ad133bab7d8e1f7d6fba72bfa89ab97df8ba5 
[0;36mDEBUG[0m[2026-03-16 10:14:11.827]   received shard header from network in block tracker [0;36mshard[0m = 0 [0;36mepoch[0m = 0 [0;36mround[0m = 632 [0;36mnonce[0m = 626 [0;36mhash[0m = c548c511284a67274d19211b261deb704fa627dfed087ca752d3e81fc7338524 
[0;36mDEBUG[0m[2026-03-16 10:14:11.827]   received shard header from network in block tracker [0;36mshard[0m = 0 [0;36mepoch[0m = 0 [0;36mround[0m = 633 [0;36mnonce[0m = 627 [0;36mhash[0m = 07d3e81933de4a0ee643370f0f23b53bc9db9065b7c92d1a9b137ce266123694 
[0;36mDEBUG[0m[2026-03-16 10:14:11.827]   received shard header from network in block tracker [0;36mshard[0m = 0 [0;36mepoch[0m = 0 [0;36mround[0m = 634 [0;36mnonce[0m = 628 [0;36mhash[0m = 1c84e8cac51a7a3f3aa80a9d4cbf8c86d866fe0bdf7c2f87e22699c8996fcc6d 
[0;36mDEBUG[0m[2026-03-16 10:14:11.827]   received shard header from network in block tracker [0;36mshard[0m = 0 [0;36mepoch[0m = 0 [0;36mround[0m = 635 [0;36mnonce[0m = 629 [0;36mhash[0m = b95caa432cd9011bf2ec4d2db4a65b1e5637ea8f90fdbb32b223c3b54d331b84 
[0;36mDEBUG[0m[2026-03-16 10:14:11.827]   received shard header from network in block tracker [0;36mshard[0m = 0 [0;36mepoch[0m = 0 [0;36mround[0m = 636 [0;36mnonce[0m = 630 [0;36mhash[0m = b8b50501573d707a8ef0a66f78dd692b6c704054d2e39bb003805ffd2f693c37 
[0;36mDEBUG[0m[2026-03-16 10:14:11.827]   received shard header from network in block tracker [0;36mshard[0m = 0 [0;36mepoch[0m = 0 [0;36mround[0m = 637 [0;36mnonce[0m = 631 [0;36mhash[0m = 36a108187225406954bec8c4e2334dcecd00e77ed4c245aaa5d5fd8a532cae26 
[0;36mDEBUG[0m[2026-03-16 10:14:11.827]   received shard header from network in block tracker [0;36mshard[0m = 0 [0;36mepoch[0m = 0 [0;36mround[0m = 638 [0;36mnonce[0m = 632 [0;36mhash[0m = 629b351091e6793395480f46ffaf0329170455c1deadf64711941a2eb0417b56 
[0;36mDEBUG[0m[2026-03-16 10:14:11.827]   received shard header from network in block tracker [0;36mshard[0m = 0 [0;36mepoch[0m = 0 [0;36mround[0m = 639 [0;36mnonce[0m = 633 [0;36mhash[0m = 6daacdf58cf2086f6024488193fafa7fe91f21211e8bb419e4155fb257409ac0 
[0;36mDEBUG[0m[2026-03-16 10:14:11.827]   received shard header from network in block tracker [0;36mshard[0m = 0 [0;36mepoch[0m = 0 [0;36mround[0m = 640 [0;36mnonce[0m = 634 [0;36mhash[0m = c8b42ef39f34727f6dae29fa9bc53820268a1c004482a0afededa89378dfcd60 
[0;36mDEBUG[0m[2026-03-16 10:14:11.827]   received shard header from network in block tracker [0;36mshard[0m = 0 [0;36mepoch[0m = 0 [0;36mround[0m = 641 [0;36mnonce[0m = 635 [0;36mhash[0m = b323040a036969ae2ed1da8397030cac1297c2227924f02ce0d0e94e91998072 
[0;36mDEBUG[0m[2026-03-16 10:14:11.827]   received shard header from network in block tracker [0;36mshard[0m = 0 [0;36mepoch[0m = 0 [0;36mround[0m = 642 [0;36mnonce[0m = 636 [0;36mhash[0m = af89e14f581a0399cb87dc01d58dc34ce91927dfc4393da244adf4062c17fe8f 
[0;36mDEBUG[0m[2026-03-16 10:14:11.827]   received shard header from network in block tracker [0;36mshard[0m = 0 [0;36mepoch[0m = 0 [0;36mround[0m = 643 [0;36mnonce[0m = 637 [0;36mhash[0m = bfdc52af536a9c5891e0f8a55f2814a23c61c5a4b36864b956498fdfaab0147b 
[0;36mDEBUG[0m[2026-03-16 10:14:11.827]   received shard header from network in block tracker [0;36mshard[0m = 0 [0;36mepoch[0m = 0 [0;36mround[0m = 644 [0;36mnonce[0m = 638 [0;36mhash[0m = 04adfa6ec748dad0a620231b9584c39de452111ae9056832bbac27df665e944a 
[0;36mDEBUG[0m[2026-03-16 10:14:11.827]   received shard header from network in block tracker [0;36mshard[0m = 0 [0;36mepoch[0m = 0 [0;36mround[0m = 645 [0;36mnonce[0m = 639 [0;36mhash[0m = 1e9d02895fab9264203136a9878ed71396ce5ab0051af4600ab4ee0e6d1b0273 
[0;36mDEBUG[0m[2026-03-16 10:14:11.827]   received shard header from network in block tracker [0;36mshard[0m = 0 [0;36mepoch[0m = 0 [0;36mround[0m = 646 [0;36mnonce[0m = 640 [0;36mhash[0m = c8bf9385f7675190bb7404c5fc8b58731eac69a39d72de04d90c8d356e6e3c9c 
[0;36mDEBUG[0m[2026-03-16 10:14:11.827]   received shard header from network in block tracker [0;36mshard[0m = 0 [0;36mepoch[0m = 0 [0;36mround[0m = 647 [0;36mnonce[0m = 641 [0;36mhash[0m = 40692e85751ad2930dffe199c17c6b36701cdd757e90263cd040ce7531cf514d 
[0;36mDEBUG[0m[2026-03-16 10:14:11.827]   received shard header from network in block tracker [0;36mshard[0m = 0 [0;36mepoch[0m = 0 [0;36mround[0m = 648 [0;36mnonce[0m = 642 [0;36mhash[0m = e2805b61e19dec56a0611e59ad1a4560cfec5ae065a99979c5dde5d7560b2b6e 
[0;36mDEBUG[0m[2026-03-16 10:14:11.827]   received shard header from network in block tracker [0;36mshard[0m = 0 [0;36mepoch[0m = 0 [0;36mround[0m = 649 [0;36mnonce[0m = 643 [0;36mhash[0m = 80bce52139841b2597cd8091acd2a132473b8013d4a721cdbf7ec9a55cf6bd88 
[0;36mDEBUG[0m[2026-03-16 10:14:11.827]   received shard header from network in block tracker [0;36mshard[0m = 0 [0;36mepoch[0m = 0 [0;36mround[0m = 650 [0;36mnonce[0m = 644 [0;36mhash[0m = 5221dc3541c8e5a9965cad9c370c8ee5eec387448b578af862e306ba20f55d73 
[0;36mDEBUG[0m[2026-03-16 10:14:11.827]   received shard header from network in block tracker [0;36mshard[0m = 0 [0;36mepoch[0m = 0 [0;36mround[0m = 651 [0;36mnonce[0m = 645 [0;36mhash[0m = ae5ceb9350eb47c850514e0086697adaee08f71404945e410047756c3edd5f4f 
[0;36mDEBUG[0m[2026-03-16 10:14:11.827]   received shard header from network in block tracker [0;36mshard[0m = 0 [0;36mepoch[0m = 0 [0;36mround[0m = 652 [0;36mnonce[0m = 646 [0;36mhash[0m = 3511a025dfbd524c7fa68466bd930a22164830adbf80c0a5521c9a01be46ed00 
[0;36mDEBUG[0m[2026-03-16 10:14:11.827]   received shard header from network in block tracker [0;36mshard[0m = 0 [0;36mepoch[0m = 0 [0;36mround[0m = 653 [0;36mnonce[0m = 647 [0;36mhash[0m = c44618ba2bc77ecd887435235888c737a5ab5094d5eff7c92f46eddf4a81d158 
[0;36mDEBUG[0m[2026-03-16 10:14:11.827]   received shard header from network in block tracker [0;36mshard[0m = 0 [0;36mepoch[0m = 0 [0;36mround[0m = 654 [0;36mnonce[0m = 648 [0;36mhash[0m = d70af255d33f1592668fb4eac3bc25d5fcca900a8e5ec0136eae5a3f930c8a2f 
[0;36mDEBUG[0m[2026-03-16 10:14:11.827]   received shard header from network in block tracker [0;36mshard[0m = 0 [0;36mepoch[0m = 0 [0;36mround[0m = 655 [0;36mnonce[0m = 649 [0;36mhash[0m = eb81b1ea684cd07c71661bd677433bb2bfc35e9a5abc5bc60a1edc8584fc402a 
[0;36mDEBUG[0m[2026-03-16 10:14:11.827]   received shard header from network in block tracker [0;36mshard[0m = 0 [0;36mepoch[0m = 0 [0;36mround[0m = 656 [0;36mnonce[0m = 650 [0;36mhash[0m = 4a27a66394b19742fc6ae0af48c08caad1253acaea52e2b8aa18ac84c449375e 
[0;36mDEBUG[0m[2026-03-16 10:14:11.827]   received shard header from network in block tracker [0;36mshard[0m = 0 [0;36mepoch[0m = 0 [0;36mround[0m = 657 [0;36mnonce[0m = 651 [0;36mhash[0m = c72f2f196f3e0b9303050fc8d6e95fb983caeee39b23fadc1b1564620b274f10 
[0;36mDEBUG[0m[2026-03-16 10:14:11.827]   received shard header from network in block tracker [0;36mshard[0m = 0 [0;36mepoch[0m = 0 [0;36mround[0m = 658 [0;36mnonce[0m = 652 [0;36mhash[0m = 50f41a7099d0181b7a7a4d44979a5949e87b38a38ee36ca3b399f2dbb79b69cf 
[0;36mDEBUG[0m[2026-03-16 10:14:11.827]   received shard header from network in block tracker [0;36mshard[0m = 0 [0;36mepoch[0m = 0 [0;36mround[0m = 659 [0;36mnonce[0m = 653 [0;36mhash[0m = cecf1baf89d4ef57187801fde709cf08bde010975b0bf19373037f377aba140d 
[0;36mDEBUG[0m[2026-03-16 10:14:11.827]   received shard header from network in block tracker [0;36mshard[0m = 0 [0;36mepoch[0m = 0 [0;36mround[0m = 660 [0;36mnonce[0m = 654 [0;36mhash[0m = e44e29dd5b9535d044afcdd872d46df6403c76ffa5369d5e35b7a7dd170c2fc9 
[0;36mDEBUG[0m[2026-03-16 10:14:11.827]   received shard header from network in block tracker [0;36mshard[0m = 0 [0;36mepoch[0m = 0 [0;36mround[0m = 661 [0;36mnonce[0m = 655 [0;36mhash[0m = 620fed790b386c62f73aff83d428665d0ae9001fb2a8be81728337be40370ab5 
[0;36mDEBUG[0m[2026-03-16 10:14:11.827]   received shard header from network in block tracker [0;36mshard[0m = 0 [0;36mepoch[0m = 0 [0;36mround[0m = 662 [0;36mnonce[0m = 656 [0;36mhash[0m = 8217a4c6fadcf274aadffda4b86e2f7a716dab1e80b8ae06063aa735070bb6c7 
[0;36mDEBUG[0m[2026-03-16 10:14:11.827]   received shard header from network in block tracker [0;36mshard[0m = 0 [0;36mepoch[0m = 0 [0;36mround[0m = 663 [0;36mnonce[0m = 657 [0;36mhash[0m = 6b0ccea3b9907120b788d85b81576f7f2bbbfde278cf2c908c9f0ab255a1bfcd 
[0;36mDEBUG[0m[2026-03-16 10:14:11.827]   received shard header from network in block tracker [0;36mshard[0m = 0 [0;36mepoch[0m = 0 [0;36mround[0m = 664 [0;36mnonce[0m = 658 [0;36mhash[0m = 9e7a4263ffb2531ba03a1a8eb581ea89a6097f90ea3ea25d7840410b2defdde8 
[0;36mDEBUG[0m[2026-03-16 10:14:11.827]   received shard header from network in block tracker [0;36mshard[0m = 0 [0;36mepoch[0m = 0 [0;36mround[0m = 665 [0;36mnonce[0m = 659 [0;36mhash[0m = 3693352d7c96a0d8c374a8a7c58c1ca9eb8840c56d68c41f3725e510a4c7d0ed 
[0;36mDEBUG[0m[2026-03-16 10:14:11.827]   received shard header from network in block tracker [0;36mshard[0m = 0 [0;36mepoch[0m = 0 [0;36mround[0m = 666 [0;36mnonce[0m = 660 [0;36mhash[0m = 7e5a0da8a4e68ecaf3325a54e198cbce9f668b3d091fc9e6051c96565bc6f8de 
[0;36mDEBUG[0m[2026-03-16 10:14:11.827]   received shard header from network in block tracker [0;36mshard[0m = 0 [0;36mepoch[0m = 0 [0;36mround[0m = 667 [0;36mnonce[0m = 661 [0;36mhash[0m = cc52b21b8e5e0c62d570335eea2a36879a8f96fe4a4ae8f27c9f64701dd3329e 
[0;36mDEBUG[0m[2026-03-16 10:14:11.827]   received shard header from network in block tracker [0;36mshard[0m = 0 [0;36mepoch[0m = 0 [0;36mround[0m = 668 [0;36mnonce[0m = 662 [0;36mhash[0m = 225ac82723b3a6fe038075f45a16a8895b31c8b229b4600c87a2afbe964f0150 
[0;36mDEBUG[0m[2026-03-16 10:14:11.827]   received shard header from network in block tracker [0;36mshard[0m = 0 [0;36mepoch[0m = 0 [0;36mround[0m = 669 [0;36mnonce[0m = 663 [0;36mhash[0m = 25e20706b3cc8ace0b8455f6043aaa19f1bc9efab343e8fd60faa64a97a2f28d 
[0;36mDEBUG[0m[2026-03-16 10:14:11.827]   received shard header from network in block tracker [0;36mshard[0m = 0 [0;36mepoch[0m = 0 [0;36mround[0m = 670 [0;36mnonce[0m = 664 [0;36mhash[0m = 7bb77e1d74b68fbc968cc410ed7d599b77512dc8186d1adbe8e6ceaf0b4a4115 
[0;36mDEBUG[0m[2026-03-16 10:14:11.827]   received shard header from network in block tracker [0;36mshard[0m = 0 [0;36mepoch[0m = 0 [0;36mround[0m = 671 [0;36mnonce[0m = 665 [0;36mhash[0m = e7942c5290928919cd45b8ee8e87a291b5bf364e34d414b6557a21bb2ca39528 
[0;36mDEBUG[0m[2026-03-16 10:14:11.827]   received shard header from network in block tracker [0;36mshard[0m = 0 [0;36mepoch[0m = 0 [0;36mround[0m = 672 [0;36mnonce[0m = 666 [0;36mhash[0m = e46c13a1e0d9e6cf5ddf7ef5330775c5915eed4a3cf3ff823d7710aeedb15470 
[0;36mDEBUG[0m[2026-03-16 10:14:11.827]   received shard header from network in block tracker [0;36mshard[0m = 0 [0;36mepoch[0m = 0 [0;36mround[0m = 673 [0;36mnonce[0m = 667 [0;36mhash[0m = d707d8b0bf7f596b5ca519c2c64cb3f91e1a45f74aec5737681fe25b06cc2274 
[0;36mDEBUG[0m[2026-03-16 10:14:11.827]   received shard header from network in block tracker [0;36mshard[0m = 0 [0;36mepoch[0m = 0 [0;36mround[0m = 674 [0;36mnonce[0m = 668 [0;36mhash[0m = d95f2cb6c614169a7429de570ea080606970c4f305d2c43ed22646d7d00ce62b 
[0;36mDEBUG[0m[2026-03-16 10:14:11.827]   received shard header from network in block tracker [0;36mshard[0m = 0 [0;36mepoch[0m = 0 [0;36mround[0m = 675 [0;36mnonce[0m = 669 [0;36mhash[0m = 5aa33466eb04fd15028a40bb3eea62be88301bf0f6e559dfd7cb74023ebcbf67 
[0;36mDEBUG[0m[2026-03-16 10:14:11.827]   received shard header from network in block tracker [0;36mshard[0m = 0 [0;36mepoch[0m = 0 [0;36mround[0m = 676 [0;36mnonce[0m = 670 [0;36mhash[0m = b2505edd21b8c3baca437294bf8a0249d7049391d3684ded383b97f85d761639 
[0;36mDEBUG[0m[2026-03-16 10:14:11.827]   received shard header from network in block tracker [0;36mshard[0m = 0 [0;36mepoch[0m = 0 [0;36mround[0m = 677 [0;36mnonce[0m = 671 [0;36mhash[0m = f2b6eeb2f5a498fa9c0c13997e5252720c725c9fda9f6658c68918b8801d17e7 
[0;36mDEBUG[0m[2026-03-16 10:14:11.827]   received shard header from network in block tracker [0;36mshard[0m = 0 [0;36mepoch[0m = 0 [0;36mround[0m = 678 [0;36mnonce[0m = 672 [0;36mhash[0m = 741d94c9e3639dfb1bb04997a0b1d651d1f01b3bddefb0768f997f7b3cf89cec 
[0;36mDEBUG[0m[2026-03-16 10:14:11.827]   received shard header from network in block tracker [0;36mshard[0m = 0 [0;36mepoch[0m = 0 [0;36mround[0m = 679 [0;36mnonce[0m = 673 [0;36mhash[0m = d1bbb201ff1fd06509af6132f7babcfc3d14cab879a5a94063a825a34ecd56a9 
[0;36mDEBUG[0m[2026-03-16 10:14:11.827]   received shard header from network in block tracker [0;36mshard[0m = 0 [0;36mepoch[0m = 0 [0;36mround[0m = 680 [0;36mnonce[0m = 674 [0;36mhash[0m = 2bcf2b427fc5d02a375fc77c316bf7e0a3b4c81b4265c2c1adc8287bf16bc680 
[0;36mDEBUG[0m[2026-03-16 10:14:11.827]   received shard header from network in block tracker [0;36mshard[0m = 0 [0;36mepoch[0m = 0 [0;36mround[0m = 681 [0;36mnonce[0m = 675 [0;36mhash[0m = 6b4a4db995d22d049927f899365159cb90a28a6f8d8a8c921a2f7d2406b87da8 
[0;36mDEBUG[0m[2026-03-16 10:14:11.827]   received shard header from network in block tracker [0;36mshard[0m = 0 [0;36mepoch[0m = 0 [0;36mround[0m = 682 [0;36mnonce[0m = 676 [0;36mhash[0m = d3d61b5652763d2528bdddc3c455081b1d2dd27acc2f80de426a7d57327cd5ee 
[0;36mDEBUG[0m[2026-03-16 10:14:11.827]   received shard header from network in block tracker [0;36mshard[0m = 0 [0;36mepoch[0m = 0 [0;36mround[0m = 683 [0;36mnonce[0m = 677 [0;36mhash[0m = 24eb2e1924cebdf2c83ecdb263866c941ec779339cfad307fd38eb270a06cd15 
[0;36mDEBUG[0m[2026-03-16 10:14:11.827]   received shard header from network in block tracker [0;36mshard[0m = 0 [0;36mepoch[0m = 0 [0;36mround[0m = 684 [0;36mnonce[0m = 678 [0;36mhash[0m = b8b62f9c5b36a94ffd1f952fa3aeb2c775cb2a7487e7b39f60a55345023d7321 
[0;36mDEBUG[0m[2026-03-16 10:14:11.827]   received shard header from network in block tracker [0;36mshard[0m = 0 [0;36mepoch[0m = 0 [0;36mround[0m = 685 [0;36mnonce[0m = 679 [0;36mhash[0m = f562bf7687fc267a02c61c64b4f56df601e2f464b62dcf18d31f2a5a515224a2 
[0;36mDEBUG[0m[2026-03-16 10:14:11.827]   received shard header from network in block tracker [0;36mshard[0m = 0 [0;36mepoch[0m = 0 [0;36mround[0m = 686 [0;36mnonce[0m = 680 [0;36mhash[0m = b1925dab316ce73bd48301f93537b66648dc0ec78d2a8da5293224415e159c89 
[0;36mDEBUG[0m[2026-03-16 10:14:11.827]   received shard header from network in block tracker [0;36mshard[0m = 0 [0;36mepoch[0m = 0 [0;36mround[0m = 687 [0;36mnonce[0m = 681 [0;36mhash[0m = 74be94bcc22b7d812ff05773031430e9e57923b9e1c825fcd6895f556366d571 
[0;36mDEBUG[0m[2026-03-16 10:14:11.827]   received shard header from network in block tracker [0;36mshard[0m = 0 [0;36mepoch[0m = 0 [0;36mround[0m = 688 [0;36mnonce[0m = 682 [0;36mhash[0m = 5543684db51381d303b14cf3e7932f6bc098f347f9a1518a0457632040a12340 
[0;36mDEBUG[0m[2026-03-16 10:14:11.827]   received shard header from network in block tracker [0;36mshard[0m = 0 [0;36mepoch[0m = 0 [0;36mround[0m = 689 [0;36mnonce[0m = 683 [0;36mhash[0m = aedda906fb0d66b3ba165cd576470e8465e7889b1c9d0bb8928920e581d0f4d3 
[0;36mDEBUG[0m[2026-03-16 10:14:11.827]   received shard header from network in block tracker [0;36mshard[0m = 0 [0;36mepoch[0m = 0 [0;36mround[0m = 690 [0;36mnonce[0m = 684 [0;36mhash[0m = 0222a8cc1f59fffb4bc4964e3ea78de3e4953ce0df330e4300feaba04a754838 
[0;36mDEBUG[0m[2026-03-16 10:14:11.827]   received shard header from network in block tracker [0;36mshard[0m = 0 [0;36mepoch[0m = 0 [0;36mround[0m = 691 [0;36mnonce[0m = 685 [0;36mhash[0m = 77f49c461e2e9cdb975ca7829b1577c912f1f3664e1d4a036058f1986b978c46 
[0;36mDEBUG[0m[2026-03-16 10:14:11.827]   received shard header from network in block tracker [0;36mshard[0m = 0 [0;36mepoch[0m = 0 [0;36mround[0m = 692 [0;36mnonce[0m = 686 [0;36mhash[0m = f179cf4e62832e7cbab231f0999a6ca82ed1d301a69915c86b09baf2b85dc78b 
[0;36mDEBUG[0m[2026-03-16 10:14:11.827]   received shard header from network in block tracker [0;36mshard[0m = 0 [0;36mepoch[0m = 0 [0;36mround[0m = 693 [0;36mnonce[0m = 687 [0;36mhash[0m = 760ea0854a56a74d861b2eee7b7e05d17971e84d969b62266117f362bf2f8480 
[0;36mDEBUG[0m[2026-03-16 10:14:11.832]   received shard header from network in block tracker [0;36mshard[0m = 0 [0;36mepoch[0m = 0 [0;36mround[0m = 694 [0;36mnonce[0m = 688 [0;36mhash[0m = f52a9543a664bb01a230aa356a9a82f3a279fa9f7db49b614851acf7eb03c384 
[0;36mDEBUG[0m[2026-03-16 10:14:11.832]   received shard header from network in block tracker [0;36mshard[0m = 0 [0;36mepoch[0m = 0 [0;36mround[0m = 695 [0;36mnonce[0m = 689 [0;36mhash[0m = ed1b955822850d23d561b0b5db5f8d9b831180e267c0b3dca21698fe177705ae 
[0;36mDEBUG[0m[2026-03-16 10:14:11.832]   received shard header from network in block tracker [0;36mshard[0m = 0 [0;36mepoch[0m = 0 [0;36mround[0m = 696 [0;36mnonce[0m = 690 [0;36mhash[0m = e5ca9cd5c0577f9f3075d9e60983c7b97a4f9ee070dca8ea1051db7aa7f0fe6e 
[0;36mDEBUG[0m[2026-03-16 10:14:11.832]   received shard header from network in block tracker [0;36mshard[0m = 0 [0;36mepoch[0m = 0 [0;36mround[0m = 697 [0;36mnonce[0m = 691 [0;36mhash[0m = c3dd6a852c6a8784e2250549cedc9039bdcab2e9cbc5c053fd8fbb0346017278 
[0;36mDEBUG[0m[2026-03-16 10:14:11.832]   received shard header from network in block tracker [0;36mshard[0m = 0 [0;36mepoch[0m = 0 [0;36mround[0m = 698 [0;36mnonce[0m = 692 [0;36mhash[0m = 6fc22d8667182aa268e5883c3bb315db1fdb44a3e73e31be09332c193252cbd8 
[0;36mDEBUG[0m[2026-03-16 10:14:11.832]   received shard header from network in block tracker [0;36mshard[0m = 0 [0;36mepoch[0m = 0 [0;36mround[0m = 699 [0;36mnonce[0m = 693 [0;36mhash[0m = 139645bd2874e0fe4aebcf911a90bbbe462c60b701193b1206e2a475790d140d 
[0;36mDEBUG[0m[2026-03-16 10:14:11.832]   received shard header from network in block tracker [0;36mshard[0m = 0 [0;36mepoch[0m = 0 [0;36mround[0m = 700 [0;36mnonce[0m = 694 [0;36mhash[0m = 1546c3982a5239064c42e26968f44299bec37c84d6bf99c1a80d5cc3ce18180b 
[0;36mDEBUG[0m[2026-03-16 10:14:11.832]   received shard header from network in block tracker [0;36mshard[0m = 0 [0;36mepoch[0m = 0 [0;36mround[0m = 701 [0;36mnonce[0m = 695 [0;36mhash[0m = 47e06a9cb89a3268913d6ccc2f0dbcd0305a472414b9c56b37e57e01e01ae6ef 
[0;36mDEBUG[0m[2026-03-16 10:14:11.833]   received shard header from network in block tracker [0;36mshard[0m = 0 [0;36mepoch[0m = 0 [0;36mround[0m = 702 [0;36mnonce[0m = 696 [0;36mhash[0m = 4efe97a9730e063e8a64b638dcc7e69cd3d567a6d22a4cf511d11953a0c69344 
[0;36mDEBUG[0m[2026-03-16 10:14:11.833]   received shard header from network in block tracker [0;36mshard[0m = 0 [0;36mepoch[0m = 0 [0;36mround[0m = 703 [0;36mnonce[0m = 697 [0;36mhash[0m = 8fdfac911325daad2089370532c1e5e0f33b2c8c482c824cdbb53b78a04f062a 
[0;36mDEBUG[0m[2026-03-16 10:14:11.833]   received shard header from network in block tracker [0;36mshard[0m = 0 [0;36mepoch[0m = 0 [0;36mround[0m = 704 [0;36mnonce[0m = 698 [0;36mhash[0m = 607642585c65dd8c0d2a6561813e7bd27141b8cef83359a49eb95989483ce25c 
[0;36mDEBUG[0m[2026-03-16 10:14:11.833]   received shard header from network in block tracker [0;36mshard[0m = 0 [0;36mepoch[0m = 0 [0;36mround[0m = 705 [0;36mnonce[0m = 699 [0;36mhash[0m = cb0f060da11ccc72c0122bd2e5ae0a2669353da5b917b80562c61e1fa30303fd 
[0;36mDEBUG[0m[2026-03-16 10:14:11.833]   received shard header from network in block tracker [0;36mshard[0m = 0 [0;36mepoch[0m = 0 [0;36mround[0m = 706 [0;36mnonce[0m = 700 [0;36mhash[0m = 739726e388303fe22d1cace0d11aed3945b082e75b37b456b0e9c0402efe5dac 
[0;36mDEBUG[0m[2026-03-16 10:14:11.833]   received shard header from network in block tracker [0;36mshard[0m = 0 [0;36mepoch[0m = 0 [0;36mround[0m = 707 [0;36mnonce[0m = 701 [0;36mhash[0m = 9c13d50c4fff14f6991fa89bea892c7f5956d410e478b1c5157720788d1302c7 
[0;36mDEBUG[0m[2026-03-16 10:14:11.833]   received shard header from network in block tracker [0;36mshard[0m = 0 [0;36mepoch[0m = 0 [0;36mround[0m = 708 [0;36mnonce[0m = 702 [0;36mhash[0m = 220c1e224f541114b073750cface031dd73e42b17b6b67adcf7c5619f20cef28 
[0;36mDEBUG[0m[2026-03-16 10:14:11.833]   received shard header from network in block tracker [0;36mshard[0m = 0 [0;36mepoch[0m = 0 [0;36mround[0m = 709 [0;36mnonce[0m = 703 [0;36mhash[0m = fcd336b31cab8bce2b7ef0d4f4bbce594173c330b98b98bccbc8c85fe8c32741 
[0;36mDEBUG[0m[2026-03-16 10:14:11.833]   received shard header from network in block tracker [0;36mshard[0m = 0 [0;36mepoch[0m = 0 [0;36mround[0m = 710 [0;36mnonce[0m = 704 [0;36mhash[0m = 346c29259f438fbceeea6bc3cb2a5aa13d05b1d834f2b875642fd8a265c248e5 
[0;36mDEBUG[0m[2026-03-16 10:14:11.833]   received shard header from network in block tracker [0;36mshard[0m = 0 [0;36mepoch[0m = 0 [0;36mround[0m = 711 [0;36mnonce[0m = 705 [0;36mhash[0m = bff258eaaf1e438ba9230eb4b178506035f6a317ae6c9ead6440abd664438211 
[0;36mDEBUG[0m[2026-03-16 10:14:11.833]   received shard header from network in block tracker [0;36mshard[0m = 0 [0;36mepoch[0m = 0 [0;36mround[0m = 712 [0;36mnonce[0m = 706 [0;36mhash[0m = fb230060559f8a35ce3a4513477002b5762d7411d39fdc2bd281e6a5480e9f99 
[0;36mDEBUG[0m[2026-03-16 10:14:11.833]   received shard header from network in block tracker [0;36mshard[0m = 0 [0;36mepoch[0m = 0 [0;36mround[0m = 713 [0;36mnonce[0m = 707 [0;36mhash[0m = fdc3abbffe5c310bf0f01ed5570a7f197296171fbe7cbb4e299958036fd7e616 
[0;36mDEBUG[0m[2026-03-16 10:14:11.833]   received shard header from network in block tracker [0;36mshard[0m = 0 [0;36mepoch[0m = 0 [0;36mround[0m = 714 [0;36mnonce[0m = 708 [0;36mhash[0m = d2f26d7cc627ae374b8c335ef71de0533ab3a5b9ab125ab39122df855221ed19 
[0;36mDEBUG[0m[2026-03-16 10:14:11.833]   received shard header from network in block tracker [0;36mshard[0m = 0 [0;36mepoch[0m = 0 [0;36mround[0m = 715 [0;36mnonce[0m = 709 [0;36mhash[0m = 1d8e703b7cc230183c23737cbc20fd2881b75b03076f6048f78b1036725f1816 
[0;36mDEBUG[0m[2026-03-16 10:14:11.833]   received shard header from network in block tracker [0;36mshard[0m = 0 [0;36mepoch[0m = 0 [0;36mround[0m = 716 [0;36mnonce[0m = 710 [0;36mhash[0m = 22839eab1d18fadaf2674c9215be463a1434363cee77482de8602dfac67e73d6 
[0;36mDEBUG[0m[2026-03-16 10:14:11.833]   received shard header from network in block tracker [0;36mshard[0m = 0 [0;36mepoch[0m = 0 [0;36mround[0m = 717 [0;36mnonce[0m = 711 [0;36mhash[0m = 6a95507c339a8aed9fcc70d8a9d4c94e095de66d3786cfd75e18f0ac860a6eca 
[0;36mDEBUG[0m[2026-03-16 10:14:11.833]   received shard header from network in block tracker [0;36mshard[0m = 0 [0;36mepoch[0m = 0 [0;36mround[0m = 718 [0;36mnonce[0m = 712 [0;36mhash[0m = 02cbc4917328058aee3d2cf0adbc4491f390c922db26f5ea9abf0922c43e3f15 
[0;36mDEBUG[0m[2026-03-16 10:14:11.833]   received shard header from network in block tracker [0;36mshard[0m = 0 [0;36mepoch[0m = 0 [0;36mround[0m = 719 [0;36mnonce[0m = 713 [0;36mhash[0m = 0c8551881d258a7e45ec13139934fcd32497ac2374e255652296e306d71043a4 
[0;36mDEBUG[0m[2026-03-16 10:14:11.833]   received shard header from network in block tracker [0;36mshard[0m = 0 [0;36mepoch[0m = 0 [0;36mround[0m = 720 [0;36mnonce[0m = 714 [0;36mhash[0m = 6d8ff78305e328abff5ae1060e2577f65b35e94236c363c7d35ea908a480a12f 
[0;36mDEBUG[0m[2026-03-16 10:14:11.833]   received shard header from network in block tracker [0;36mshard[0m = 0 [0;36mepoch[0m = 0 [0;36mround[0m = 721 [0;36mnonce[0m = 715 [0;36mhash[0m = 5c5b5995629aa388b3744c8a08eecbe69ed2b3eed3386da63a7f16a575f9c0ce 
[0;36mDEBUG[0m[2026-03-16 10:14:11.833]   received shard header from network in block tracker [0;36mshard[0m = 0 [0;36mepoch[0m = 0 [0;36mround[0m = 722 [0;36mnonce[0m = 716 [0;36mhash[0m = f14ec9beeb34fbd801e43439557188c4f09e01f89fc6954984f851a56a9d9fdd 
[0;36mDEBUG[0m[2026-03-16 10:14:11.833]   received shard header from network in block tracker [0;36mshard[0m = 0 [0;36mepoch[0m = 0 [0;36mround[0m = 723 [0;36mnonce[0m = 717 [0;36mhash[0m = b1577c027840cbd34dae550caab6f9fcf09ce5f90378b9fafc10b5c83cbabc40 
[0;36mDEBUG[0m[2026-03-16 10:14:11.833]   received shard header from network in block tracker [0;36mshard[0m = 0 [0;36mepoch[0m = 0 [0;36mround[0m = 724 [0;36mnonce[0m = 718 [0;36mhash[0m = 7113147021a221c7e6b24476586e90880d00b22f6801c069590a2de143434355 
[0;36mDEBUG[0m[2026-03-16 10:14:11.833]   received shard header from network in block tracker [0;36mshard[0m = 0 [0;36mepoch[0m = 0 [0;36mround[0m = 725 [0;36mnonce[0m = 719 [0;36mhash[0m = 9739b86a93a9af3afccfeb1556aeb48f9b0fcfc036380874d167f7c442c0e9f0 
[0;36mDEBUG[0m[2026-03-16 10:14:11.833]   received shard header from network in block tracker [0;36mshard[0m = 0 [0;36mepoch[0m = 0 [0;36mround[0m = 726 [0;36mnonce[0m = 720 [0;36mhash[0m = c9bee3481cca161f7e7ac74478a293f34fed61e974ad017afb6e0f0db128d332 
[0;36mDEBUG[0m[2026-03-16 10:14:11.833]   received shard header from network in block tracker [0;36mshard[0m = 0 [0;36mepoch[0m = 0 [0;36mround[0m = 727 [0;36mnonce[0m = 721 [0;36mhash[0m = 8d6fcb87533f5daf28e16f0f829202ad922cc9c6c12f45f99e492a98c76d78f0 
[0;36mDEBUG[0m[2026-03-16 10:14:11.834]   received shard header from network in block tracker [0;36mshard[0m = 0 [0;36mepoch[0m = 0 [0;36mround[0m = 728 [0;36mnonce[0m = 722 [0;36mhash[0m = afbecc1e09380fbd591afc3367174a9600b8b58534898e5ede23aa74a9bda2ff 
[0;36mDEBUG[0m[2026-03-16 10:14:11.834]   received shard header from network in block tracker [0;36mshard[0m = 0 [0;36mepoch[0m = 0 [0;36mround[0m = 729 [0;36mnonce[0m = 723 [0;36mhash[0m = 82b3f772e6197a57df516759a45b8cea7a37cf314eac4330b9dcd96c346fd566 
[0;36mDEBUG[0m[2026-03-16 10:14:11.834]   received shard header from network in block tracker [0;36mshard[0m = 0 [0;36mepoch[0m = 0 [0;36mround[0m = 730 [0;36mnonce[0m = 724 [0;36mhash[0m = 8b617b11039bb9394f8a0d830fc7883360fb4c691bd883912efa667e10cbf7fc 
[0;36mDEBUG[0m[2026-03-16 10:14:11.834]   received shard header from network in block tracker [0;36mshard[0m = 0 [0;36mepoch[0m = 0 [0;36mround[0m = 731 [0;36mnonce[0m = 725 [0;36mhash[0m = 62628c7ea12d7242bf16384dde368668e95a23108d2ee0a4b0d251912a1ec675 
[0;36mDEBUG[0m[2026-03-16 10:14:11.834]   received shard header from network in block tracker [0;36mshard[0m = 0 [0;36mepoch[0m = 0 [0;36mround[0m = 732 [0;36mnonce[0m = 726 [0;36mhash[0m = f0bb9cc155d4557649d80e6909248861e6d9b59b7e78c3dc43c93f5c8653c788 
[0;36mDEBUG[0m[2026-03-16 10:14:11.834]   received shard header from network in block tracker [0;36mshard[0m = 0 [0;36mepoch[0m = 0 [0;36mround[0m = 733 [0;36mnonce[0m = 727 [0;36mhash[0m = e764607dd43d402711b555db60686cafd4d8bb016178cabe1fee06828a49a5b9 
[0;36mDEBUG[0m[2026-03-16 10:14:11.834]   received shard header from network in block tracker [0;36mshard[0m = 0 [0;36mepoch[0m = 0 [0;36mround[0m = 734 [0;36mnonce[0m = 728 [0;36mhash[0m = 42f91b04f7043da54025b6ea4928912ebef746f937c326be2ab5c805cd30e37e 
[0;36mDEBUG[0m[2026-03-16 10:14:11.834]   received shard header from network in block tracker [0;36mshard[0m = 0 [0;36mepoch[0m = 0 [0;36mround[0m = 735 [0;36mnonce[0m = 729 [0;36mhash[0m = 4082e78668184412b12ce7eff9a320da4efc25439a3d2f19aeec48c37bb98224 
[0;36mDEBUG[0m[2026-03-16 10:14:11.834]   received shard header from network in block tracker [0;36mshard[0m = 0 [0;36mepoch[0m = 0 [0;36mround[0m = 736 [0;36mnonce[0m = 730 [0;36mhash[0m = f84452979073ad9cb95865189ba6d5badac89324faf212fc878538b9b54ae7db 
[0;36mDEBUG[0m[2026-03-16 10:14:11.834]   received shard header from network in block tracker [0;36mshard[0m = 0 [0;36mepoch[0m = 0 [0;36mround[0m = 737 [0;36mnonce[0m = 731 [0;36mhash[0m = 0b390cbdc1aaa42992da448133e296df9697b4bbf5980dfbc82bccae7c3e5b56 
[0;36mDEBUG[0m[2026-03-16 10:14:11.834]   received shard header from network in block tracker [0;36mshard[0m = 0 [0;36mepoch[0m = 0 [0;36mround[0m = 738 [0;36mnonce[0m = 732 [0;36mhash[0m = 8a88832032030bda1156084a7ec6a9b0390f47129b87fbc2e2da82a81b462eb7 
[0;36mDEBUG[0m[2026-03-16 10:14:11.834]   received shard header from network in block tracker [0;36mshard[0m = 0 [0;36mepoch[0m = 0 [0;36mround[0m = 739 [0;36mnonce[0m = 733 [0;36mhash[0m = 4803512a7f4c47b74fa0dd2bc3e4cfd28736b8cf988207a17e848f81c325cebb 
[0;36mDEBUG[0m[2026-03-16 10:14:11.834]   received shard header from network in block tracker [0;36mshard[0m = 0 [0;36mepoch[0m = 0 [0;36mround[0m = 740 [0;36mnonce[0m = 734 [0;36mhash[0m = 7f3a055a5575d979734b63004c3d9f2c808944abc99f10afe8f02e2d798eb18a 
[0;36mDEBUG[0m[2026-03-16 10:14:11.834]   received shard header from network in block tracker [0;36mshard[0m = 0 [0;36mepoch[0m = 0 [0;36mround[0m = 741 [0;36mnonce[0m = 735 [0;36mhash[0m = b89c5e927142cf8657f452e58dd693f08e9c2e914d12ae5fb3a075b597de5d8f 
[0;36mDEBUG[0m[2026-03-16 10:14:11.834]   received shard header from network in block tracker [0;36mshard[0m = 0 [0;36mepoch[0m = 0 [0;36mround[0m = 742 [0;36mnonce[0m = 736 [0;36mhash[0m = 0939459887925c25401398bfe3a9ffe667aba897957e4440cb4f3c922acff5d6 
[0;36mDEBUG[0m[2026-03-16 10:14:11.834]   received shard header from network in block tracker [0;36mshard[0m = 0 [0;36mepoch[0m = 0 [0;36mround[0m = 743 [0;36mnonce[0m = 737 [0;36mhash[0m = bb6c1e9035c30cfec3e2d4b7b07c1dd862f0fd24abcd7735a17cf22fe4c78f69 
[0;36mDEBUG[0m[2026-03-16 10:14:11.834]   received shard header from network in block tracker [0;36mshard[0m = 0 [0;36mepoch[0m = 0 [0;36mround[0m = 744 [0;36mnonce[0m = 738 [0;36mhash[0m = 5b7ccfaab25607ff7ec57e1eefa72ee8ccb84eb16e19b4c2d35b0169db467f88 
[0;36mDEBUG[0m[2026-03-16 10:14:11.834]   received shard header from network in block tracker [0;36mshard[0m = 0 [0;36mepoch[0m = 0 [0;36mround[0m = 745 [0;36mnonce[0m = 739 [0;36mhash[0m = 978e3452f22f818ffa0f858219b6da0bb767194b2c2f4a0316ad581c6474f4a5 
[0;36mDEBUG[0m[2026-03-16 10:14:11.834]   received shard header from network in block tracker [0;36mshard[0m = 0 [0;36mepoch[0m = 0 [0;36mround[0m = 746 [0;36mnonce[0m = 740 [0;36mhash[0m = 0f54d33e6c8afa1e3a6e1de49e2e4251c264a4fb97c85d889e64e10ceee26c79 
[0;36mDEBUG[0m[2026-03-16 10:14:11.834]   received shard header from network in block tracker [0;36mshard[0m = 0 [0;36mepoch[0m = 0 [0;36mround[0m = 747 [0;36mnonce[0m = 741 [0;36mhash[0m = 20badd93321974f8d7efc95f5f32098a9e4029a8e34f69d4aebaa04118aa9329 
[0;36mDEBUG[0m[2026-03-16 10:14:11.834]   received shard header from network in block tracker [0;36mshard[0m = 0 [0;36mepoch[0m = 0 [0;36mround[0m = 748 [0;36mnonce[0m = 742 [0;36mhash[0m = 20f34f2c63b84d3f3d87835503eb581832dea6bc2898ef070818f8c3fe0c8f7f 
[0;36mDEBUG[0m[2026-03-16 10:14:11.834]   received shard header from network in block tracker [0;36mshard[0m = 0 [0;36mepoch[0m = 0 [0;36mround[0m = 749 [0;36mnonce[0m = 743 [0;36mhash[0m = da1f1b6f37ae8375fbaffa2385cca09a7479acbae58bae3b60b68779ca2071be 
[0;36mDEBUG[0m[2026-03-16 10:14:11.834]   received shard header from network in block tracker [0;36mshard[0m = 0 [0;36mepoch[0m = 0 [0;36mround[0m = 750 [0;36mnonce[0m = 744 [0;36mhash[0m = 0b3d8b2a55990ab456dc4eff9a606e74d92521a3e76c3780268b894d3b85b001 
[0;36mDEBUG[0m[2026-03-16 10:14:11.834]   received shard header from network in block tracker [0;36mshard[0m = 0 [0;36mepoch[0m = 0 [0;36mround[0m = 751 [0;36mnonce[0m = 745 [0;36mhash[0m = d978253d510ecda781dc6425367247c0a15745a8ef5144d9c50e3f4103a620de 
[0;36mDEBUG[0m[2026-03-16 10:14:11.834]   received shard header from network in block tracker [0;36mshard[0m = 0 [0;36mepoch[0m = 0 [0;36mround[0m = 752 [0;36mnonce[0m = 746 [0;36mhash[0m = 39da5724852ca269ac941c20aa24803846060b3e492e5d1fd7a686bc0c1e14bd 
[0;36mDEBUG[0m[2026-03-16 10:14:11.834]   received shard header from network in block tracker [0;36mshard[0m = 0 [0;36mepoch[0m = 0 [0;36mround[0m = 753 [0;36mnonce[0m = 747 [0;36mhash[0m = 050f5fa56342590f3a9dd0838eaa77ddfe21ed5f89ede756fb684cc38008daea 
[0;36mDEBUG[0m[2026-03-16 10:14:11.834]   received shard header from network in block tracker [0;36mshard[0m = 0 [0;36mepoch[0m = 0 [0;36mround[0m = 754 [0;36mnonce[0m = 748 [0;36mhash[0m = a97891dabfb31fb6e954ccbe2adb023f88fb0caaf656ac023582c100ae379e19 
[0;36mDEBUG[0m[2026-03-16 10:14:11.834]   received shard header from network in block tracker [0;36mshard[0m = 0 [0;36mepoch[0m = 0 [0;36mround[0m = 755 [0;36mnonce[0m = 749 [0;36mhash[0m = 6ca3cba4acf7cce7cedcce30fc3e3eb251da3039a5fef60c217dea805f89f7e9 
[0;36mDEBUG[0m[2026-03-16 10:14:11.834]   received shard header from network in block tracker [0;36mshard[0m = 0 [0;36mepoch[0m = 0 [0;36mround[0m = 756 [0;36mnonce[0m = 750 [0;36mhash[0m = 6fe5063f1e84eb74d4a8695f419d3e78f6b48296f886cd60d41528de9f08f4a1 
[0;36mDEBUG[0m[2026-03-16 10:14:11.834]   received shard header from network in block tracker [0;36mshard[0m = 0 [0;36mepoch[0m = 0 [0;36mround[0m = 757 [0;36mnonce[0m = 751 [0;36mhash[0m = 15dcdf7558e581ce23084d57408b674dd43fc3dfa353ed22906b24f4d5b888bc 
[0;36mDEBUG[0m[2026-03-16 10:14:11.834]   received shard header from network in block tracker [0;36mshard[0m = 0 [0;36mepoch[0m = 0 [0;36mround[0m = 758 [0;36mnonce[0m = 752 [0;36mhash[0m = 96b563dbf65df4d17457276ddc68642a86c44f59f7f81b983821e53fa0e69fb3 
[0;36mDEBUG[0m[2026-03-16 10:14:11.834]   received shard header from network in block tracker [0;36mshard[0m = 0 [0;36mepoch[0m = 0 [0;36mround[0m = 759 [0;36mnonce[0m = 753 [0;36mhash[0m = 7d6f0ece278fc172c87b48a32367daead5deaebe56d99390fa359f9a5d50f6d3 
[0;36mDEBUG[0m[2026-03-16 10:14:11.834]   received shard header from network in block tracker [0;36mshard[0m = 0 [0;36mepoch[0m = 0 [0;36mround[0m = 760 [0;36mnonce[0m = 754 [0;36mhash[0m = 5a573508b83ae202b053d3ff3c7ca2240ef5866c8504a106fc0aefa1ef245b43 
[0;36mDEBUG[0m[2026-03-16 10:14:11.834]   received shard header from network in block tracker [0;36mshard[0m = 0 [0;36mepoch[0m = 0 [0;36mround[0m = 761 [0;36mnonce[0m = 755 [0;36mhash[0m = 29234a7771ee0e4a460b5b68e491a8d08d7e149e0cacea421c8049c86f25510a 
[0;36mDEBUG[0m[2026-03-16 10:14:11.834]   received shard header from network in block tracker [0;36mshard[0m = 0 [0;36mepoch[0m = 0 [0;36mround[0m = 762 [0;36mnonce[0m = 756 [0;36mhash[0m = acbbc12c62262d4cf64ac61542c3a8bc09f97543552d2621b2713ece6ed15340 
[0;36mDEBUG[0m[2026-03-16 10:14:11.834]   received shard header from network in block tracker [0;36mshard[0m = 0 [0;36mepoch[0m = 0 [0;36mround[0m = 763 [0;36mnonce[0m = 757 [0;36mhash[0m = 6f9e09e8648d7768790c5deaad16f3b95c5738355c5b288dee45a2eafc4e68f6 
[0;36mDEBUG[0m[2026-03-16 10:14:11.834]   received shard header from network in block tracker [0;36mshard[0m = 0 [0;36mepoch[0m = 0 [0;36mround[0m = 764 [0;36mnonce[0m = 758 [0;36mhash[0m = c38dab8e89bec383bb91d8ccdbb8e184e9ea08dc1a949316ae1c5b92fbcf0254 
[0;36mDEBUG[0m[2026-03-16 10:14:11.834]   received shard header from network in block tracker [0;36mshard[0m = 0 [0;36mepoch[0m = 0 [0;36mround[0m = 765 [0;36mnonce[0m = 759 [0;36mhash[0m = 0bcaaded98f270575d2ed5eed13bbb8701e0ac4d0a775f2fedb1f5e112aa374e 
[0;36mDEBUG[0m[2026-03-16 10:14:11.834]   received shard header from network in block tracker [0;36mshard[0m = 0 [0;36mepoch[0m = 0 [0;36mround[0m = 766 [0;36mnonce[0m = 760 [0;36mhash[0m = 68af4978e18b54f2acf49e53fa1033d17b4ee0d4a793788a354aa202ded858f3 
[0;36mDEBUG[0m[2026-03-16 10:14:11.834]   received shard header from network in block tracker [0;36mshard[0m = 0 [0;36mepoch[0m = 0 [0;36mround[0m = 767 [0;36mnonce[0m = 761 [0;36mhash[0m = 4d2d011bf26cb4bf3e3588081f30ae5444bba13bc86d9963f64070bc389fd2d4 
[0;36mDEBUG[0m[2026-03-16 10:14:11.834]   received shard header from network in block tracker [0;36mshard[0m = 0 [0;36mepoch[0m = 0 [0;36mround[0m = 768 [0;36mnonce[0m = 762 [0;36mhash[0m = 2a5fbc74327e57ed15e0002557c332fc074910567b1bfe8b5ae1e9b50fcb4c07 
[0;36mDEBUG[0m[2026-03-16 10:14:11.834]   received shard header from network in block tracker [0;36mshard[0m = 0 [0;36mepoch[0m = 0 [0;36mround[0m = 769 [0;36mnonce[0m = 763 [0;36mhash[0m = cf8d9d5ea666a480e6c90bcadd3c1a8e13bdbadd1ab1e39da49da10449d6410a 
[0;36mDEBUG[0m[2026-03-16 10:14:11.834]   received shard header from network in block tracker [0;36mshard[0m = 0 [0;36mepoch[0m = 0 [0;36mround[0m = 770 [0;36mnonce[0m = 764 [0;36mhash[0m = b41aaa360a54e1b459a3d9d8a925225246b1d42015706dadc04f12f1e1911ccd 
[0;36mDEBUG[0m[2026-03-16 10:14:11.834]   received shard header from network in block tracker [0;36mshard[0m = 0 [0;36mepoch[0m = 0 [0;36mround[0m = 771 [0;36mnonce[0m = 765 [0;36mhash[0m = 33c364fe4d850035027ea8220c966605cd124193813317b5631a53d12f1b5864 
[0;36mDEBUG[0m[2026-03-16 10:14:11.834]   received shard header from network in block tracker [0;36mshard[0m = 0 [0;36mepoch[0m = 0 [0;36mround[0m = 772 [0;36mnonce[0m = 766 [0;36mhash[0m = 32ebf92352cbb70761561e35056313663fc96c92b613114c9944c591e7c75b17 
[0;36mDEBUG[0m[2026-03-16 10:14:11.834]   received shard header from network in block tracker [0;36mshard[0m = 0 [0;36mepoch[0m = 0 [0;36mround[0m = 773 [0;36mnonce[0m = 767 [0;36mhash[0m = ba8ecc3dfa6d47e4fd93511c7f18bbbc3362762e446300b18a29bdfdb86f9404 
[0;36mDEBUG[0m[2026-03-16 10:14:11.834]   received shard header from network in block tracker [0;36mshard[0m = 0 [0;36mepoch[0m = 0 [0;36mround[0m = 774 [0;36mnonce[0m = 768 [0;36mhash[0m = 6452140e9f2eb2fdd7910d8b6393d5894c88c11c67bcef1aee9662694b3cd993 
[0;36mDEBUG[0m[2026-03-16 10:14:11.834]   received shard header from network in block tracker [0;36mshard[0m = 0 [0;36mepoch[0m = 0 [0;36mround[0m = 775 [0;36mnonce[0m = 769 [0;36mhash[0m = 5ef0444e8d11a9c2509ba3d4bc8bd8f3d7670b801ab31eabe133b1b6b4c463d6 
[0;36mDEBUG[0m[2026-03-16 10:14:11.834]   received shard header from network in block tracker [0;36mshard[0m = 0 [0;36mepoch[0m = 0 [0;36mround[0m = 776 [0;36mnonce[0m = 770 [0;36mhash[0m = b34c75e7cc21ed20209ebb3bb359062bfbf898c5321de30a444c05aa90312469 
[0;36mDEBUG[0m[2026-03-16 10:14:11.834]   received shard header from network in block tracker [0;36mshard[0m = 0 [0;36mepoch[0m = 0 [0;36mround[0m = 777 [0;36mnonce[0m = 771 [0;36mhash[0m = 23505d40ef6ad6a65bd679c11b4f072fb7c688b8ef6ea6a16eceb976809ba6e1 
[0;36mDEBUG[0m[2026-03-16 10:14:11.834]   received shard header from network in block tracker [0;36mshard[0m = 0 [0;36mepoch[0m = 0 [0;36mround[0m = 778 [0;36mnonce[0m = 772 [0;36mhash[0m = d2e47f4954eb2c21cf5842c775f27b2f8879249253a5d7425060f0a7120a193a 
[0;36mDEBUG[0m[2026-03-16 10:14:11.834]   received shard header from network in block tracker [0;36mshard[0m = 0 [0;36mepoch[0m = 0 [0;36mround[0m = 779 [0;36mnonce[0m = 773 [0;36mhash[0m = 23b78cfba52a658d88269731bfe599e73c86d7752b870cd4a206ad97abd706d6 
[0;36mDEBUG[0m[2026-03-16 10:14:11.834]   received shard header from network in block tracker [0;36mshard[0m = 0 [0;36mepoch[0m = 0 [0;36mround[0m = 780 [0;36mnonce[0m = 774 [0;36mhash[0m = 66ca7486c1d3161d29fe23207ff48c69babc9aade78b41cc293f88dfac7ea0fe 
[0;36mDEBUG[0m[2026-03-16 10:14:11.834]   received shard header from network in block tracker [0;36mshard[0m = 0 [0;36mepoch[0m = 0 [0;36mround[0m = 781 [0;36mnonce[0m = 775 [0;36mhash[0m = fe600666d1dfdf4aa1bccbc4597af3edb031c598a8ad451422bb58693d9c1fe5 
[0;36mDEBUG[0m[2026-03-16 10:14:11.834]   received shard header from network in block tracker [0;36mshard[0m = 0 [0;36mepoch[0m = 0 [0;36mround[0m = 782 [0;36mnonce[0m = 776 [0;36mhash[0m = ce8bc83ad59d91c268c99b61f1f75096a722cb1d7764dccaf547501814a94cca 
[0;36mDEBUG[0m[2026-03-16 10:14:11.834]   received shard header from network in block tracker [0;36mshard[0m = 0 [0;36mepoch[0m = 0 [0;36mround[0m = 783 [0;36mnonce[0m = 777 [0;36mhash[0m = 5ebc9294b7ed2c330789376eb768fbdc00f73e3c4756f25f74bfcdd08b28fb82 
[0;36mDEBUG[0m[2026-03-16 10:14:11.835]   received shard header from network in block tracker [0;36mshard[0m = 0 [0;36mepoch[0m = 0 [0;36mround[0m = 784 [0;36mnonce[0m = 778 [0;36mhash[0m = 57ff65b7d808a0c3e484499d9c4cd5d4cbddffe57b801bcfeb1163f45180cbc4 
[0;36mDEBUG[0m[2026-03-16 10:14:11.835]   received shard header from network in block tracker [0;36mshard[0m = 0 [0;36mepoch[0m = 0 [0;36mround[0m = 785 [0;36mnonce[0m = 779 [0;36mhash[0m = 6fcda397fc38ddd2b4ee385693b0d2dc6c0624b6ca1837ddb964c0865373744e 
[0;36mDEBUG[0m[2026-03-16 10:14:11.835]   received shard header from network in block tracker [0;36mshard[0m = 0 [0;36mepoch[0m = 0 [0;36mround[0m = 786 [0;36mnonce[0m = 780 [0;36mhash[0m = 076b3b779224c29cd776f223e09d43a5401cace5ad7e2d53aca516629dc9d38e 
[0;36mDEBUG[0m[2026-03-16 10:14:11.835]   received shard header from network in block tracker [0;36mshard[0m = 0 [0;36mepoch[0m = 0 [0;36mround[0m = 787 [0;36mnonce[0m = 781 [0;36mhash[0m = f460b2319556177c9048f027e7c1e97ee5721f497df0cdca936a46e9fe257c64 
[0;36mDEBUG[0m[2026-03-16 10:14:11.835]   received shard header from network in block tracker [0;36mshard[0m = 0 [0;36mepoch[0m = 0 [0;36mround[0m = 788 [0;36mnonce[0m = 782 [0;36mhash[0m = ffb1c6e12b85d1f881b4e5bca55dab3ec5b440db75160087c92a6844b13510fe 
[0;36mDEBUG[0m[2026-03-16 10:14:11.835]   received shard header from network in block tracker [0;36mshard[0m = 0 [0;36mepoch[0m = 0 [0;36mround[0m = 789 [0;36mnonce[0m = 783 [0;36mhash[0m = 8e1f5f5b436abacb8f79cf53221c84b84ec9989118b57d18585c1c80f79358bd 
[0;36mDEBUG[0m[2026-03-16 10:14:11.835]   received shard header from network in block tracker [0;36mshard[0m = 0 [0;36mepoch[0m = 0 [0;36mround[0m = 790 [0;36mnonce[0m = 784 [0;36mhash[0m = c4999de1fe6cac788345771f7e7ec400835bd7be0967f1490fa63b3f03126295 
[0;36mDEBUG[0m[2026-03-16 10:14:11.835]   received shard header from network in block tracker [0;36mshard[0m = 0 [0;36mepoch[0m = 0 [0;36mround[0m = 791 [0;36mnonce[0m = 785 [0;36mhash[0m = ead04c00ef75e70ad92df8dc377899a1af5fbf2f3810b2b6bf4284479d6003e0 
[0;36mDEBUG[0m[2026-03-16 10:14:11.835]   received shard header from network in block tracker [0;36mshard[0m = 0 [0;36mepoch[0m = 0 [0;36mround[0m = 792 [0;36mnonce[0m = 786 [0;36mhash[0m = 27f4bbdca4181b5d20b5f454ca313607aa1a21963a45b6cb24e926a0bc5d2d60 
[0;36mDEBUG[0m[2026-03-16 10:14:11.835]   received shard header from network in block tracker [0;36mshard[0m = 0 [0;36mepoch[0m = 0 [0;36mround[0m = 793 [0;36mnonce[0m = 787 [0;36mhash[0m = dc0e9d2f2f32075ca8523e5be281f9578cb28623c380729473dfd03b62c7b065 
[0;36mDEBUG[0m[2026-03-16 10:14:11.835]   received shard header from network in block tracker [0;36mshard[0m = 0 [0;36mepoch[0m = 0 [0;36mround[0m = 794 [0;36mnonce[0m = 788 [0;36mhash[0m = aa541c6d15a2f7a5fa43af44320b789fd2911d69f3c658fad5d232e429f1d56a 
[0;36mDEBUG[0m[2026-03-16 10:14:11.835]   received shard header from network in block tracker [0;36mshard[0m = 0 [0;36mepoch[0m = 0 [0;36mround[0m = 795 [0;36mnonce[0m = 789 [0;36mhash[0m = ecd7f1fc50080c0cfc71e4b95f6b8eca102cb1866f2f54358bd7e434a08d1fdd 
[0;36mDEBUG[0m[2026-03-16 10:14:11.835]   received shard header from network in block tracker [0;36mshard[0m = 0 [0;36mepoch[0m = 0 [0;36mround[0m = 796 [0;36mnonce[0m = 790 [0;36mhash[0m = 21a1114207cf55766ac908c8aebd4729125a6af5610de3d75086c57c3526be64 
[0;36mDEBUG[0m[2026-03-16 10:14:11.835]   received shard header from network in block tracker [0;36mshard[0m = 0 [0;36mepoch[0m = 0 [0;36mround[0m = 797 [0;36mnonce[0m = 791 [0;36mhash[0m = 762486a85e44eaa47ced9b1c691dfa1be21e549c2f6652700d0b20588a83429d 
[0;36mDEBUG[0m[2026-03-16 10:14:11.835]   received shard header from network in block tracker [0;36mshard[0m = 0 [0;36mepoch[0m = 0 [0;36mround[0m = 798 [0;36mnonce[0m = 792 [0;36mhash[0m = b9f499c408746ddcbb6d2a3c71c3270a78a13717f63d408c3fc5314965c127c7 
[0;36mDEBUG[0m[2026-03-16 10:14:11.835]   received shard header from network in block tracker [0;36mshard[0m = 0 [0;36mepoch[0m = 0 [0;36mround[0m = 799 [0;36mnonce[0m = 793 [0;36mhash[0m = 5b2a1b827afc29d286f3678ff2a8db8ad31e811a7671477128d9fc234cece452 
[0;36mDEBUG[0m[2026-03-16 10:14:11.835]   received shard header from network in block tracker [0;36mshard[0m = 0 [0;36mepoch[0m = 0 [0;36mround[0m = 800 [0;36mnonce[0m = 794 [0;36mhash[0m = fa8f2c2f9cf7c5cb6ffe0b64906ead58fd0a6fc413e2a4ae4ddae81fc70bc080 
[0;36mDEBUG[0m[2026-03-16 10:14:11.835]   received shard header from network in block tracker [0;36mshard[0m = 0 [0;36mepoch[0m = 0 [0;36mround[0m = 801 [0;36mnonce[0m = 795 [0;36mhash[0m = 07b235c325b43330847e76095549e6d09783fe6ad372d7b604ff90bd9e34ad03 
[0;36mDEBUG[0m[2026-03-16 10:14:11.835]   received shard header from network in block tracker [0;36mshard[0m = 0 [0;36mepoch[0m = 0 [0;36mround[0m = 802 [0;36mnonce[0m = 796 [0;36mhash[0m = 2ecf72a338a808ce4e27cf344786046632373c129b84947e49a85dff5385db12 
[0;36mDEBUG[0m[2026-03-16 10:14:11.835]   received shard header from network in block tracker [0;36mshard[0m = 0 [0;36mepoch[0m = 0 [0;36mround[0m = 803 [0;36mnonce[0m = 797 [0;36mhash[0m = 0fe3d08edae98933a5d705683397febc23f5c679ccf46c4074af111b7e52eba1 
[0;36mDEBUG[0m[2026-03-16 10:14:11.835]   received shard header from network in block tracker [0;36mshard[0m = 0 [0;36mepoch[0m = 0 [0;36mround[0m = 804 [0;36mnonce[0m = 798 [0;36mhash[0m = 6e3b769df8bfa5917c7cdd01f5c0ab7306bd677a75f5e38bab29c74e7825107e 
[0;36mDEBUG[0m[2026-03-16 10:14:11.835]   received shard header from network in block tracker [0;36mshard[0m = 0 [0;36mepoch[0m = 0 [0;36mround[0m = 805 [0;36mnonce[0m = 799 [0;36mhash[0m = cea1754c4725be80a41b3eeb959ffa9b82f7b2da1f188e76fa066a4a9f06038e 
[0;36mDEBUG[0m[2026-03-16 10:14:11.835]   received shard header from network in block tracker [0;36mshard[0m = 0 [0;36mepoch[0m = 0 [0;36mround[0m = 806 [0;36mnonce[0m = 800 [0;36mhash[0m = 8ab1f6463d5a00e2e0c3880f274c93ceea39515149acad458f2a46cb3560e1f1 
[0;36mDEBUG[0m[2026-03-16 10:14:11.835]   received shard header from network in block tracker [0;36mshard[0m = 0 [0;36mepoch[0m = 0 [0;36mround[0m = 807 [0;36mnonce[0m = 801 [0;36mhash[0m = d6c5cf5886c6636e88882523de351196c590766887afcbbc61bc4140a0928368 
[0;36mDEBUG[0m[2026-03-16 10:14:11.835]   received shard header from network in block tracker [0;36mshard[0m = 0 [0;36mepoch[0m = 0 [0;36mround[0m = 808 [0;36mnonce[0m = 802 [0;36mhash[0m = 8fb10ce66487ee0d79e5a6e5957a305734914f4bf3ee5767cbd14687024d99d2 
[0;36mDEBUG[0m[2026-03-16 10:14:11.835]   received shard header from network in block tracker [0;36mshard[0m = 0 [0;36mepoch[0m = 0 [0;36mround[0m = 809 [0;36mnonce[0m = 803 [0;36mhash[0m = 2033c4f2c3e7cee0965613806a594c2c15345e921a0e42fa347ae1bc898509c9 
[0;36mDEBUG[0m[2026-03-16 10:14:11.835]   received shard header from network in block tracker [0;36mshard[0m = 0 [0;36mepoch[0m = 0 [0;36mround[0m = 810 [0;36mnonce[0m = 804 [0;36mhash[0m = 4bf697f62ae83c69b51119bf5d09cfa9e96236b7a8b1e492e9fd4a46b57b7c58 
[0;36mDEBUG[0m[2026-03-16 10:14:11.835]   received shard header from network in block tracker [0;36mshard[0m = 0 [0;36mepoch[0m = 0 [0;36mround[0m = 811 [0;36mnonce[0m = 805 [0;36mhash[0m = e339b8cdc9c99e213d562dfa9761fe5ef7b87361fb81a66f7e0ab9a035963d32 
[0;36mDEBUG[0m[2026-03-16 10:14:11.835]   received shard header from network in block tracker [0;36mshard[0m = 0 [0;36mepoch[0m = 0 [0;36mround[0m = 812 [0;36mnonce[0m = 806 [0;36mhash[0m = 6c2ce4b7802d1dbc14397d9958fed7543bd3aa43ed5ba6c71c3f69e40d7cebfa 
[0;36mDEBUG[0m[2026-03-16 10:14:11.835]   received shard header from network in block tracker [0;36mshard[0m = 0 [0;36mepoch[0m = 0 [0;36mround[0m = 813 [0;36mnonce[0m = 807 [0;36mhash[0m = fb14dfd99be0358a5486c776fc0138f8234cdba6210ed5e89fba31b2074097aa 
[0;36mDEBUG[0m[2026-03-16 10:14:11.835]   received shard header from network in block tracker [0;36mshard[0m = 0 [0;36mepoch[0m = 0 [0;36mround[0m = 814 [0;36mnonce[0m = 808 [0;36mhash[0m = 90830534ff15c8af4a8e406a1b38628eee0f974fd0e427b289f70ec7714bf1fb 
[0;36mDEBUG[0m[2026-03-16 10:14:11.835]   received shard header from network in block tracker [0;36mshard[0m = 0 [0;36mepoch[0m = 0 [0;36mround[0m = 815 [0;36mnonce[0m = 809 [0;36mhash[0m = 37b9a6606ac22f8882b50d3da1c773cba7832b73314b244e7b182d5ab3706200 
[0;36mDEBUG[0m[2026-03-16 10:14:11.835]   received shard header from network in block tracker [0;36mshard[0m = 0 [0;36mepoch[0m = 0 [0;36mround[0m = 816 [0;36mnonce[0m = 810 [0;36mhash[0m = 2efc2ca29552a942a834d64640fd210026aeeb4845213ba06fb47d34a9d6a7a1 
[0;36mDEBUG[0m[2026-03-16 10:14:11.835]   received shard header from network in block tracker [0;36mshard[0m = 0 [0;36mepoch[0m = 0 [0;36mround[0m = 817 [0;36mnonce[0m = 811 [0;36mhash[0m = 893cc4df6f4b91727a2dcdb9c0c3be03aa3e65d4fc7f7f11786155c857bccfab 
[0;36mDEBUG[0m[2026-03-16 10:14:11.835]   received shard header from network in block tracker [0;36mshard[0m = 0 [0;36mepoch[0m = 0 [0;36mround[0m = 818 [0;36mnonce[0m = 812 [0;36mhash[0m = e6f9ddea22267b1ae96b0e1f3d911b3dd53167aafd48e4e8d915a122aa933c36 
[0;36mDEBUG[0m[2026-03-16 10:14:11.835]   received shard header from network in block tracker [0;36mshard[0m = 0 [0;36mepoch[0m = 0 [0;36mround[0m = 819 [0;36mnonce[0m = 813 [0;36mhash[0m = fb6f9e98159270594a9c351835c356de73e5f9afda28c361c297f00174b33ff7 
[0;36mDEBUG[0m[2026-03-16 10:14:11.835]   received shard header from network in block tracker [0;36mshard[0m = 0 [0;36mepoch[0m = 0 [0;36mround[0m = 820 [0;36mnonce[0m = 814 [0;36mhash[0m = 6b53596156a146c4e371892ec337f01af54af45bb80d879375fd8ebffaffc471 
[0;36mDEBUG[0m[2026-03-16 10:14:11.835]   received shard header from network in block tracker [0;36mshard[0m = 0 [0;36mepoch[0m = 0 [0;36mround[0m = 821 [0;36mnonce[0m = 815 [0;36mhash[0m = 67c86432735641c4c3be37499eb2fe327487e9bbf9d8b6beadc6d1c4901c8975 
[0;36mDEBUG[0m[2026-03-16 10:14:11.835]   received shard header from network in block tracker [0;36mshard[0m = 0 [0;36mepoch[0m = 0 [0;36mround[0m = 822 [0;36mnonce[0m = 816 [0;36mhash[0m = 5abb7f70a617a932ef19707a1c09ec72a03ba08b5b78c6f7f76579f78240cf07 
[0;36mDEBUG[0m[2026-03-16 10:14:11.835]   received shard header from network in block tracker [0;36mshard[0m = 0 [0;36mepoch[0m = 0 [0;36mround[0m = 823 [0;36mnonce[0m = 817 [0;36mhash[0m = 3fc6efb1bddd09a0e348e2bba27bcd0dcc8bf1fe22658a122217e410880e2e29 
[0;36mDEBUG[0m[2026-03-16 10:14:11.835]   received shard header from network in block tracker [0;36mshard[0m = 0 [0;36mepoch[0m = 0 [0;36mround[0m = 824 [0;36mnonce[0m = 818 [0;36mhash[0m = 9b379a7d5efec0d5438c113f0ec91d9c82991cf44f7604be042e46097227193d 
[0;36mDEBUG[0m[2026-03-16 10:14:11.835]   received shard header from network in block tracker [0;36mshard[0m = 0 [0;36mepoch[0m = 0 [0;36mround[0m = 825 [0;36mnonce[0m = 819 [0;36mhash[0m = 500358e9204d31794463a603267d5d7b1dc621624ccbb0b6b013c034d879e71b 
[0;36mDEBUG[0m[2026-03-16 10:14:11.835]   received shard header from network in block tracker [0;36mshard[0m = 0 [0;36mepoch[0m = 0 [0;36mround[0m = 826 [0;36mnonce[0m = 820 [0;36mhash[0m = 746e2fa5a4a4b70967b675ffe68d54cec9fa083333c376e93bab780208eaa3e5 
[0;36mDEBUG[0m[2026-03-16 10:14:11.835]   received shard header from network in block tracker [0;36mshard[0m = 0 [0;36mepoch[0m = 0 [0;36mround[0m = 827 [0;36mnonce[0m = 821 [0;36mhash[0m = 99937a9dd34b779628274ff280e1d6c95f91a4e9cb30f6abcb9f0674acc1a092 
[0;36mDEBUG[0m[2026-03-16 10:14:11.835]   received shard header from network in block tracker [0;36mshard[0m = 0 [0;36mepoch[0m = 0 [0;36mround[0m = 828 [0;36mnonce[0m = 822 [0;36mhash[0m = 1fd0cd0fed70f19c9f1100deaf79d2ad791dfe7b186b33bc0956531e39c3fbfe 
[0;36mDEBUG[0m[2026-03-16 10:14:11.835]   received shard header from network in block tracker [0;36mshard[0m = 0 [0;36mepoch[0m = 0 [0;36mround[0m = 829 [0;36mnonce[0m = 823 [0;36mhash[0m = 1630c1f06c3ea30c526bf7c29ead89bab588a5f1b3b9ac7bc1ad9805f0cd98ea 
[0;36mDEBUG[0m[2026-03-16 10:14:11.835]   received shard header from network in block tracker [0;36mshard[0m = 0 [0;36mepoch[0m = 0 [0;36mround[0m = 830 [0;36mnonce[0m = 824 [0;36mhash[0m = 1e10f48c0b82f498fac8c4618c0e45e2d5f20c8d035522b7f61a97ff487db6e3 
[0;36mDEBUG[0m[2026-03-16 10:14:11.835]   received shard header from network in block tracker [0;36mshard[0m = 0 [0;36mepoch[0m = 0 [0;36mround[0m = 831 [0;36mnonce[0m = 825 [0;36mhash[0m = bdda821fbda05eca2f440ef17961f1e5f2d041b5f9011b5ca3efd1265b097671 
[0;36mDEBUG[0m[2026-03-16 10:14:11.835]   received shard header from network in block tracker [0;36mshard[0m = 0 [0;36mepoch[0m = 0 [0;36mround[0m = 832 [0;36mnonce[0m = 826 [0;36mhash[0m = 3cdf52d1bdceccad5d5541356910c6bcfd1aa2a1b4dc127ae8de6cbbe164aede 
[0;36mDEBUG[0m[2026-03-16 10:14:11.835]   received shard header from network in block tracker [0;36mshard[0m = 0 [0;36mepoch[0m = 0 [0;36mround[0m = 833 [0;36mnonce[0m = 827 [0;36mhash[0m = 9a250913477377d0318b7ff07ec301f260fe3afc1c450d26e8d02e0088f49f7d 
[0;36mDEBUG[0m[2026-03-16 10:14:11.835]   received shard header from network in block tracker [0;36mshard[0m = 0 [0;36mepoch[0m = 0 [0;36mround[0m = 834 [0;36mnonce[0m = 828 [0;36mhash[0m = eddb3edc20c70d8a442ba7d85b1cc9bbed814fe1cc63d46be8e454ad61dac9b6 
[0;36mDEBUG[0m[2026-03-16 10:14:11.835]   received shard header from network in block tracker [0;36mshard[0m = 0 [0;36mepoch[0m = 0 [0;36mround[0m = 835 [0;36mnonce[0m = 829 [0;36mhash[0m = 1ba2fa38905e19eb0c532d283bbb378160d585f69552af17c880064603eb836d 
[0;36mDEBUG[0m[2026-03-16 10:14:11.835]   received shard header from network in block tracker [0;36mshard[0m = 0 [0;36mepoch[0m = 0 [0;36mround[0m = 836 [0;36mnonce[0m = 830 [0;36mhash[0m = f3e3044d59324e93a2ec15763e5e225142f819e49d1bb2371ed0b7a353d66501 
[0;36mDEBUG[0m[2026-03-16 10:14:11.835]   received shard header from network in block tracker [0;36mshard[0m = 0 [0;36mepoch[0m = 0 [0;36mround[0m = 837 [0;36mnonce[0m = 831 [0;36mhash[0m = 56e6313688ec8dd3283ba014d6f9cc110befe50a4d622772e09647d4c3bc9441 
[0;36mDEBUG[0m[2026-03-16 10:14:11.835]   received shard header from network in block tracker [0;36mshard[0m = 0 [0;36mepoch[0m = 0 [0;36mround[0m = 838 [0;36mnonce[0m = 832 [0;36mhash[0m = 305498284b4ce9b466be6b6d25511f1bc0603deb59626553bfa1425173424fc2 
[0;36mDEBUG[0m[2026-03-16 10:14:11.835]   received shard header from network in block tracker [0;36mshard[0m = 0 [0;36mepoch[0m = 0 [0;36mround[0m = 839 [0;36mnonce[0m = 833 [0;36mhash[0m = a7e7d5834f8f3764898bbb8c7648ca0ba1e5a9f524f3789fdbc50dc0c25df0ce 
[0;36mDEBUG[0m[2026-03-16 10:14:11.835]   received shard header from network in block tracker [0;36mshard[0m = 0 [0;36mepoch[0m = 0 [0;36mround[0m = 840 [0;36mnonce[0m = 834 [0;36mhash[0m = a28575e4c4623771b2f945b22b87a045b4f5a87c460b98a34cb10d216386e0ea 
[0;36mDEBUG[0m[2026-03-16 10:14:11.835]   received shard header from network in block tracker [0;36mshard[0m = 0 [0;36mepoch[0m = 0 [0;36mround[0m = 841 [0;36mnonce[0m = 835 [0;36mhash[0m = 13f4cdc63ab46e61f3b5e139eaa387754c33beef7ab5fc4c1e102524ce566883 
[0;36mDEBUG[0m[2026-03-16 10:14:11.835]   received shard header from network in block tracker [0;36mshard[0m = 0 [0;36mepoch[0m = 0 [0;36mround[0m = 842 [0;36mnonce[0m = 836 [0;36mhash[0m = 7cc3fd97ab13f75f2210b846d57c19c839dfd45030977bf566ce46254714e11d 
[0;36mDEBUG[0m[2026-03-16 10:14:11.835]   received shard header from network in block tracker [0;36mshard[0m = 0 [0;36mepoch[0m = 0 [0;36mround[0m = 843 [0;36mnonce[0m = 837 [0;36mhash[0m = f0fd1cd06a090ccbb7e63aab2ef69fa29523e5b2b04a2e3fce0d418fded5d10b 
[0;36mDEBUG[0m[2026-03-16 10:14:11.835]   received shard header from network in block tracker [0;36mshard[0m = 0 [0;36mepoch[0m = 0 [0;36mround[0m = 844 [0;36mnonce[0m = 838 [0;36mhash[0m = ce37345a355fdecf5b03e8c373702eba55351f2b5596e49230a8562e036a4552 
[0;36mDEBUG[0m[2026-03-16 10:14:11.835]   received shard header from network in block tracker [0;36mshard[0m = 0 [0;36mepoch[0m = 0 [0;36mround[0m = 845 [0;36mnonce[0m = 839 [0;36mhash[0m = 06f77ab9abfc383b054b218f331724783debcdbd14b998230160ccdac3c73904 
[0;36mDEBUG[0m[2026-03-16 10:14:11.835]   received shard header from network in block tracker [0;36mshard[0m = 0 [0;36mepoch[0m = 0 [0;36mround[0m = 846 [0;36mnonce[0m = 840 [0;36mhash[0m = 9606f0099171b6ebf007c727308318641a7c8f8d4d8d2bfa32441f54b501f2e3 
[0;36mDEBUG[0m[2026-03-16 10:14:11.835]   received shard header from network in block tracker [0;36mshard[0m = 0 [0;36mepoch[0m = 0 [0;36mround[0m = 847 [0;36mnonce[0m = 841 [0;36mhash[0m = 8c5f0e28cec45adb5a94291ca8fa5b1261afe73a480e46f2ebea827064fe123a 
[0;36mDEBUG[0m[2026-03-16 10:14:11.835]   received shard header from network in block tracker [0;36mshard[0m = 0 [0;36mepoch[0m = 0 [0;36mround[0m = 848 [0;36mnonce[0m = 842 [0;36mhash[0m = c8a201f9e683d96516e5aab37abebe5876d0ecfa2074d40b55d877a7fccbc32d 
[0;36mDEBUG[0m[2026-03-16 10:14:11.835]   received shard header from network in block tracker [0;36mshard[0m = 0 [0;36mepoch[0m = 0 [0;36mround[0m = 849 [0;36mnonce[0m = 843 [0;36mhash[0m = 866dbc1dd7640e907386d802bef81f410159fb26d499a20617d00188f80d2155 
[0;36mDEBUG[0m[2026-03-16 10:14:11.835]   received shard header from network in block tracker [0;36mshard[0m = 0 [0;36mepoch[0m = 0 [0;36mround[0m = 850 [0;36mnonce[0m = 844 [0;36mhash[0m = df86d0b45095e815c993a2856ecd9cee72e4c3dc1d8069e263e5c2ae6794922a 
[0;36mDEBUG[0m[2026-03-16 10:14:11.835]   received shard header from network in block tracker [0;36mshard[0m = 0 [0;36mepoch[0m = 0 [0;36mround[0m = 851 [0;36mnonce[0m = 845 [0;36mhash[0m = 78a583b0dfd69afa5523eecc640ba6aeb3d55c92ede5ba3e4682c8caa87b3a2a 
[0;36mDEBUG[0m[2026-03-16 10:14:11.835]   received shard header from network in block tracker [0;36mshard[0m = 0 [0;36mepoch[0m = 0 [0;36mround[0m = 852 [0;36mnonce[0m = 846 [0;36mhash[0m = ffffa84fa2849d7c85f4c1636040f68a78c6a1ea6c613fde1023033068fd04ec 
[0;36mDEBUG[0m[2026-03-16 10:14:11.835]   received shard header from network in block tracker [0;36mshard[0m = 0 [0;36mepoch[0m = 0 [0;36mround[0m = 853 [0;36mnonce[0m = 847 [0;36mhash[0m = 3079824d0901dfbd4a0bc752ca4e2f8120c5dda8bc32852e7b4b2426cfdef9cf 
[0;36mDEBUG[0m[2026-03-16 10:14:11.835]   received shard header from network in block tracker [0;36mshard[0m = 0 [0;36mepoch[0m = 0 [0;36mround[0m = 854 [0;36mnonce[0m = 848 [0;36mhash[0m = fa603769f88fcb627f432cceaca0a4160fc9e8eaa057a88a612bc7be10c72296 
[0;36mDEBUG[0m[2026-03-16 10:14:11.835]   received shard header from network in block tracker [0;36mshard[0m = 0 [0;36mepoch[0m = 0 [0;36mround[0m = 855 [0;36mnonce[0m = 849 [0;36mhash[0m = 316769128d3612d94b6ca08fc601119e0db9007378d303d4ab386cb7cf475d91 
[0;36mDEBUG[0m[2026-03-16 10:14:11.835]   received shard header from network in block tracker [0;36mshard[0m = 0 [0;36mepoch[0m = 0 [0;36mround[0m = 856 [0;36mnonce[0m = 850 [0;36mhash[0m = d69100d998f1e74d90962b0479ec23abd4e0f44d75d474d15a7abe101f47674d 
[0;36mDEBUG[0m[2026-03-16 10:14:11.835]   received shard header from network in block tracker [0;36mshard[0m = 0 [0;36mepoch[0m = 0 [0;36mround[0m = 857 [0;36mnonce[0m = 851 [0;36mhash[0m = 1544932c4ce4c74d8cffe0c8f1b398256d5d4b056334c96ea6a07691d252273a 
[0;36mDEBUG[0m[2026-03-16 10:14:11.835]   received shard header from network in block tracker [0;36mshard[0m = 0 [0;36mepoch[0m = 0 [0;36mround[0m = 858 [0;36mnonce[0m = 852 [0;36mhash[0m = fde7c2f6ffcbdedecb5d727c859465b3dbed1fbdeced376bcce8ddad2b61ef01 
[0;36mDEBUG[0m[2026-03-16 10:14:11.835]   received shard header from network in block tracker [0;36mshard[0m = 0 [0;36mepoch[0m = 0 [0;36mround[0m = 859 [0;36mnonce[0m = 853 [0;36mhash[0m = 8b1960e17c9d45a7e1cb86cb210edad6bf5e0139e095f4f712c1461f53126b37 
[0;36mDEBUG[0m[2026-03-16 10:14:11.835]   received shard header from network in block tracker [0;36mshard[0m = 0 [0;36mepoch[0m = 0 [0;36mround[0m = 860 [0;36mnonce[0m = 854 [0;36mhash[0m = e2042ef8be5abe70f2b9732be8061d733455411b97f04b9f1508e33ae783fded 
[0;36mDEBUG[0m[2026-03-16 10:14:11.835]   received shard header from network in block tracker [0;36mshard[0m = 0 [0;36mepoch[0m = 0 [0;36mround[0m = 861 [0;36mnonce[0m = 855 [0;36mhash[0m = 80c77f3e9a844de30feb2ff515538d55cf842157748abd26e4d638bf18545eec 
[0;36mDEBUG[0m[2026-03-16 10:14:11.835]   received shard header from network in block tracker [0;36mshard[0m = 0 [0;36mepoch[0m = 0 [0;36mround[0m = 862 [0;36mnonce[0m = 856 [0;36mhash[0m = d2794c94ad712a8a0f17b0462609c10f69e52c58793896727716b1317b56bdd9 
[0;36mDEBUG[0m[2026-03-16 10:14:11.835]   received shard header from network in block tracker [0;36mshard[0m = 0 [0;36mepoch[0m = 0 [0;36mround[0m = 863 [0;36mnonce[0m = 857 [0;36mhash[0m = 22ab3a66a852100627e170c129ee38bcccfb42135d81bd7d4232d088ee6b6a17 
[0;36mDEBUG[0m[2026-03-16 10:14:11.835]   received shard header from network in block tracker [0;36mshard[0m = 0 [0;36mepoch[0m = 0 [0;36mround[0m = 864 [0;36mnonce[0m = 858 [0;36mhash[0m = 451a6211993396e0ac47f10ee6124d14a3af5ebff126515c29a9a79310251b39 
[0;36mDEBUG[0m[2026-03-16 10:14:11.835]   received shard header from network in block tracker [0;36mshard[0m = 0 [0;36mepoch[0m = 0 [0;36mround[0m = 865 [0;36mnonce[0m = 859 [0;36mhash[0m = c30f81bf6eef864c2c7dbc4358b3bc40a1697866090311edc744f2113ee3297c 
[0;36mDEBUG[0m[2026-03-16 10:14:11.835]   received shard header from network in block tracker [0;36mshard[0m = 0 [0;36mepoch[0m = 0 [0;36mround[0m = 866 [0;36mnonce[0m = 860 [0;36mhash[0m = dcc06cc4c74307b27fdda7f54189a36074e34eec01338706ec6fdb0d9c48bc25 
[0;36mDEBUG[0m[2026-03-16 10:14:11.835]   received shard header from network in block tracker [0;36mshard[0m = 0 [0;36mepoch[0m = 0 [0;36mround[0m = 867 [0;36mnonce[0m = 861 [0;36mhash[0m = bbd5cb59ccebb8e8e191ade1d7d1fe35b55f2b7bb917641e65841a0ead8a294b 
[0;36mDEBUG[0m[2026-03-16 10:14:11.835]   received shard header from network in block tracker [0;36mshard[0m = 0 [0;36mepoch[0m = 0 [0;36mround[0m = 868 [0;36mnonce[0m = 862 [0;36mhash[0m = cb5b13bdd3a0b413af372c37c183178939f43dbc98814072abe9c3279c030516 
[0;36mDEBUG[0m[2026-03-16 10:14:11.836]   received shard header from network in block tracker [0;36mshard[0m = 0 [0;36mepoch[0m = 0 [0;36mround[0m = 869 [0;36mnonce[0m = 863 [0;36mhash[0m = 2ff28f6a8f2b118e25d709fefe356eaf24cafaa75578f3272afcbba6fa5e4853 
[0;36mDEBUG[0m[2026-03-16 10:14:11.836]   received shard header from network in block tracker [0;36mshard[0m = 0 [0;36mepoch[0m = 0 [0;36mround[0m = 870 [0;36mnonce[0m = 864 [0;36mhash[0m = b4ed9e7c9cbc520a92cb7ad2199f7106d10e08dd242c99745b3838aeea7c1c68 
[0;36mDEBUG[0m[2026-03-16 10:14:11.836]   received shard header from network in block tracker [0;36mshard[0m = 0 [0;36mepoch[0m = 0 [0;36mround[0m = 871 [0;36mnonce[0m = 865 [0;36mhash[0m = 3c4a3dc2eb7caba13722524dda7d6266c639b69b57df0aad7c780979f604c78d 
[0;36mDEBUG[0m[2026-03-16 10:14:11.836]   received shard header from network in block tracker [0;36mshard[0m = 0 [0;36mepoch[0m = 0 [0;36mround[0m = 872 [0;36mnonce[0m = 866 [0;36mhash[0m = 8029d04dda0cfbff9dde0b6483b5f5f24570db87cc74302101d76e3d852588bf 
[0;36mDEBUG[0m[2026-03-16 10:14:11.836]   received shard header from network in block tracker [0;36mshard[0m = 0 [0;36mepoch[0m = 0 [0;36mround[0m = 873 [0;36mnonce[0m = 867 [0;36mhash[0m = bfbd05741fff0889d3bbb887dd6821cca6ceb0a48d36f84a4a3acf169c404fd8 
[0;36mDEBUG[0m[2026-03-16 10:14:11.836]   received shard header from network in block tracker [0;36mshard[0m = 0 [0;36mepoch[0m = 0 [0;36mround[0m = 874 [0;36mnonce[0m = 868 [0;36mhash[0m = 5f4ae884c6a7249996e50789a5faef61f94da95818c7cd68d12cf04bcd2c835f 
[0;36mDEBUG[0m[2026-03-16 10:14:11.836]   received shard header from network in block tracker [0;36mshard[0m = 0 [0;36mepoch[0m = 0 [0;36mround[0m = 875 [0;36mnonce[0m = 869 [0;36mhash[0m = e33319ac68a3a8fc89bbeab053647b0b6889c67bef5bfb91f807c979330369db 
[0;36mDEBUG[0m[2026-03-16 10:14:11.836]   received shard header from network in block tracker [0;36mshard[0m = 0 [0;36mepoch[0m = 0 [0;36mround[0m = 876 [0;36mnonce[0m = 870 [0;36mhash[0m = 9f9f8b5141023c4686467d123bfc65900ad156d9cf02296e1308e9edda13c5ea 
[0;36mDEBUG[0m[2026-03-16 10:14:11.836]   received shard header from network in block tracker [0;36mshard[0m = 0 [0;36mepoch[0m = 0 [0;36mround[0m = 877 [0;36mnonce[0m = 871 [0;36mhash[0m = 764d882a77c9b2e1e804de68460280387120913b831d612b09abf1a334c3bb71 
[0;36mDEBUG[0m[2026-03-16 10:14:11.836]   received shard header from network in block tracker [0;36mshard[0m = 0 [0;36mepoch[0m = 0 [0;36mround[0m = 878 [0;36mnonce[0m = 872 [0;36mhash[0m = 6ecf173ce664e421975b7c48e736088e01e154d88500b419339d84d95ba7014b 
[0;36mDEBUG[0m[2026-03-16 10:14:11.836]   received shard header from network in block tracker [0;36mshard[0m = 0 [0;36mepoch[0m = 0 [0;36mround[0m = 879 [0;36mnonce[0m = 873 [0;36mhash[0m = 7e070b240f04fcef870f3575728eaa7acf24c4e57d9a3f05bb88abe5edc141bf 
[0;36mDEBUG[0m[2026-03-16 10:14:11.836]   received shard header from network in block tracker [0;36mshard[0m = 0 [0;36mepoch[0m = 0 [0;36mround[0m = 880 [0;36mnonce[0m = 874 [0;36mhash[0m = dbe1fc6c57597bd6ab028c5b48b51277d9f69377f5b49b417fea63989120c996 
[0;36mDEBUG[0m[2026-03-16 10:14:11.836]   received shard header from network in block tracker [0;36mshard[0m = 0 [0;36mepoch[0m = 0 [0;36mround[0m = 881 [0;36mnonce[0m = 875 [0;36mhash[0m = 491072f4b0109b85eb2538e2da6be6980e61e6cc723e67179efd0cc3eadd9217 
[0;36mDEBUG[0m[2026-03-16 10:14:11.836]   received shard header from network in block tracker [0;36mshard[0m = 0 [0;36mepoch[0m = 0 [0;36mround[0m = 882 [0;36mnonce[0m = 876 [0;36mhash[0m = ae7d4505652d774b70e19f75ba8d09e71bf80856bb1aecb3a1a7a1966d46018c 
[0;36mDEBUG[0m[2026-03-16 10:14:11.836]   received shard header from network in block tracker [0;36mshard[0m = 0 [0;36mepoch[0m = 0 [0;36mround[0m = 883 [0;36mnonce[0m = 877 [0;36mhash[0m = 551e1ecac122b73a08133cb688e73cc71b18dbf4924905cefdec1591271599dc 
[0;36mDEBUG[0m[2026-03-16 10:14:11.836]   received shard header from network in block tracker [0;36mshard[0m = 0 [0;36mepoch[0m = 0 [0;36mround[0m = 884 [0;36mnonce[0m = 878 [0;36mhash[0m = ccd9de01f2462a9b0244bd7731b7b1fe90fa0ed74fa5e1c6aa5152574764e4f6 
[0;36mDEBUG[0m[2026-03-16 10:14:11.836]   received shard header from network in block tracker [0;36mshard[0m = 0 [0;36mepoch[0m = 0 [0;36mround[0m = 885 [0;36mnonce[0m = 879 [0;36mhash[0m = 64cb062e6c20f6a4d4fd90c07ec2254e3e245a53d19ca6049939cd87bec35dfe 
[0;36mDEBUG[0m[2026-03-16 10:14:11.836]   received shard header from network in block tracker [0;36mshard[0m = 0 [0;36mepoch[0m = 0 [0;36mround[0m = 886 [0;36mnonce[0m = 880 [0;36mhash[0m = 0f9dde26492a2e0e1cf6da11a16ab0e9295f334b9fa68751ade78e3d46f13129 
[0;36mDEBUG[0m[2026-03-16 10:14:11.836]   received shard header from network in block tracker [0;36mshard[0m = 0 [0;36mepoch[0m = 0 [0;36mround[0m = 887 [0;36mnonce[0m = 881 [0;36mhash[0m = ffb3109cadd348a2b549e2f7cfcef73e4d00903341d9f3d47c7f504a76887720 
[0;36mDEBUG[0m[2026-03-16 10:14:11.836]   received shard header from network in block tracker [0;36mshard[0m = 0 [0;36mepoch[0m = 0 [0;36mround[0m = 888 [0;36mnonce[0m = 882 [0;36mhash[0m = 451dc1c0e8df29971a3f7eb35d74d8154ca89e2f3cba22ea515e2afc1fde9091 
[0;36mDEBUG[0m[2026-03-16 10:14:11.836]   received shard header from network in block tracker [0;36mshard[0m = 0 [0;36mepoch[0m = 0 [0;36mround[0m = 889 [0;36mnonce[0m = 883 [0;36mhash[0m = 57f6da20a41c5a57a5d13a487c335219152afaeb1b7fc9dd186641beb9b6d6ca 
[0;36mDEBUG[0m[2026-03-16 10:14:11.836]   received shard header from network in block tracker [0;36mshard[0m = 0 [0;36mepoch[0m = 0 [0;36mround[0m = 890 [0;36mnonce[0m = 884 [0;36mhash[0m = f54a03a8dd9caa815bb596795940cabd0938dc256c18d50132ecf17360febc73 
[0;36mDEBUG[0m[2026-03-16 10:14:11.836]   received shard header from network in block tracker [0;36mshard[0m = 0 [0;36mepoch[0m = 0 [0;36mround[0m = 891 [0;36mnonce[0m = 885 [0;36mhash[0m = 630171c7e1e64911f3eaddfcd003819cc8ff00c9f6fa3e534ac0d0d14b6ca2a5 
[0;36mDEBUG[0m[2026-03-16 10:14:11.836]   received shard header from network in block tracker [0;36mshard[0m = 0 [0;36mepoch[0m = 0 [0;36mround[0m = 892 [0;36mnonce[0m = 886 [0;36mhash[0m = c4146494b09828b543ae3bde7047ed5ba111d5d50bd44f98429f99da44812de7 
[0;36mDEBUG[0m[2026-03-16 10:14:11.836]   received shard header from network in block tracker [0;36mshard[0m = 0 [0;36mepoch[0m = 0 [0;36mround[0m = 893 [0;36mnonce[0m = 887 [0;36mhash[0m = 968de001c0fa652ab911e2673d129cc34bda59ef2593a2bea5bf46b6ee10248f 
[0;36mDEBUG[0m[2026-03-16 10:14:11.836]   received shard header from network in block tracker [0;36mshard[0m = 0 [0;36mepoch[0m = 0 [0;36mround[0m = 894 [0;36mnonce[0m = 888 [0;36mhash[0m = 16f4df2aa5c4c6d4a681a0f6145f9c357edf892e30608b6ddf1f1a8e28c88bfe 
[0;36mDEBUG[0m[2026-03-16 10:14:11.836]   received shard header from network in block tracker [0;36mshard[0m = 0 [0;36mepoch[0m = 0 [0;36mround[0m = 895 [0;36mnonce[0m = 889 [0;36mhash[0m = 3bd2e66f163c5d816664b390193641ec42e54a88a1801e9484dc63e10174e69e 
[0;36mDEBUG[0m[2026-03-16 10:14:11.836]   received shard header from network in block tracker [0;36mshard[0m = 0 [0;36mepoch[0m = 0 [0;36mround[0m = 896 [0;36mnonce[0m = 890 [0;36mhash[0m = 1bda91a6167a7496897186d2e14c0e3be210096c8ad5fc4b1a6f826d7449e95e 
[0;36mDEBUG[0m[2026-03-16 10:14:11.836]   received shard header from network in block tracker [0;36mshard[0m = 0 [0;36mepoch[0m = 0 [0;36mround[0m = 897 [0;36mnonce[0m = 891 [0;36mhash[0m = b52e753616fbbb1386e909713ddad818cf9a8fbb0fcc46ad0c25d0383584974d 
[0;36mDEBUG[0m[2026-03-16 10:14:11.836]   received shard header from network in block tracker [0;36mshard[0m = 0 [0;36mepoch[0m = 0 [0;36mround[0m = 898 [0;36mnonce[0m = 892 [0;36mhash[0m = 95217c7e81201fa57ad6efe3b4b7ecd667410bbed999bd6f0712e5a0ff33ced1 
[0;36mDEBUG[0m[2026-03-16 10:14:11.836]   received shard header from network in block tracker [0;36mshard[0m = 0 [0;36mepoch[0m = 0 [0;36mround[0m = 899 [0;36mnonce[0m = 893 [0;36mhash[0m = a00f9298ac49f476212a1b42e57821a2fd47c481068c00571f2bdeaef9004c99 
[0;36mDEBUG[0m[2026-03-16 10:14:11.836]   received shard header from network in block tracker [0;36mshard[0m = 0 [0;36mepoch[0m = 0 [0;36mround[0m = 900 [0;36mnonce[0m = 894 [0;36mhash[0m = 98cef41864bba2e1ec9ea8b761d3daf9e21262f01193f27923184578267ad33b 
[0;36mDEBUG[0m[2026-03-16 10:14:11.836]   received shard header from network in block tracker [0;36mshard[0m = 0 [0;36mepoch[0m = 0 [0;36mround[0m = 901 [0;36mnonce[0m = 895 [0;36mhash[0m = bb64407e112239165199f632c318c5490d88b23b376387c7e98f410ee358ec05 
[0;36mDEBUG[0m[2026-03-16 10:14:11.836]   received shard header from network in block tracker [0;36mshard[0m = 0 [0;36mepoch[0m = 0 [0;36mround[0m = 902 [0;36mnonce[0m = 896 [0;36mhash[0m = 101e16b1c906c4c9f904ae15e2a59994fe86b63430aa7cfce6139c00a9267838 
[0;36mDEBUG[0m[2026-03-16 10:14:11.836]   received shard header from network in block tracker [0;36mshard[0m = 0 [0;36mepoch[0m = 0 [0;36mround[0m = 903 [0;36mnonce[0m = 897 [0;36mhash[0m = b49cd64504abe9285ed8ae9f5d6f5ce7ab89d3198341bf6b96167354e221eef0 
[0;36mDEBUG[0m[2026-03-16 10:14:11.836]   received shard header from network in block tracker [0;36mshard[0m = 0 [0;36mepoch[0m = 0 [0;36mround[0m = 904 [0;36mnonce[0m = 898 [0;36mhash[0m = 67b96645813c3b9f1b608578e0ba32bb93656c40a5663a50109376e7f42da945 
[0;36mDEBUG[0m[2026-03-16 10:14:11.836]   received shard header from network in block tracker [0;36mshard[0m = 0 [0;36mepoch[0m = 0 [0;36mround[0m = 905 [0;36mnonce[0m = 899 [0;36mhash[0m = a89ff4c6a522cb03a47fbffe8227f0726382bb2aed91849b3966f5d6bf0417f5 
[0;36mDEBUG[0m[2026-03-16 10:14:11.836]   received shard header from network in block tracker [0;36mshard[0m = 0 [0;36mepoch[0m = 0 [0;36mround[0m = 906 [0;36mnonce[0m = 900 [0;36mhash[0m = de6cfef1356e4a7370a06e11c40ce4169c7c703cb2f586f0b125edb920b02d71 
[0;36mDEBUG[0m[2026-03-16 10:14:11.836]   received shard header from network in block tracker [0;36mshard[0m = 0 [0;36mepoch[0m = 0 [0;36mround[0m = 907 [0;36mnonce[0m = 901 [0;36mhash[0m = 3ede15085a408bb0a0e0c6d54a06b6c7d241043796a64134318eef6eb28cd2a5 
[0;36mDEBUG[0m[2026-03-16 10:14:11.836]   received shard header from network in block tracker [0;36mshard[0m = 0 [0;36mepoch[0m = 0 [0;36mround[0m = 908 [0;36mnonce[0m = 902 [0;36mhash[0m = 1f51b35704f3f3e21c2084eb3bd6790e18d0a0fa961c5e9b92c422e9bc17d272 
[0;36mDEBUG[0m[2026-03-16 10:14:11.836]   received shard header from network in block tracker [0;36mshard[0m = 0 [0;36mepoch[0m = 0 [0;36mround[0m = 909 [0;36mnonce[0m = 903 [0;36mhash[0m = ccf10787bb4e39c071ee4f4068fd7495bedd974819b9ec656530754cb8709bda 
[0;36mDEBUG[0m[2026-03-16 10:14:11.836]   received shard header from network in block tracker [0;36mshard[0m = 0 [0;36mepoch[0m = 0 [0;36mround[0m = 910 [0;36mnonce[0m = 904 [0;36mhash[0m = 927efdce413206a48fdedd92e06fb1a78d3a2a6d0db1fd57c043e8992cad604d 
[0;36mDEBUG[0m[2026-03-16 10:14:11.836]   received shard header from network in block tracker [0;36mshard[0m = 0 [0;36mepoch[0m = 0 [0;36mround[0m = 911 [0;36mnonce[0m = 905 [0;36mhash[0m = c26b8e5da8219824f870e82b3fa1f11699652b782fce2ad042436606cf75bee3 
[0;36mDEBUG[0m[2026-03-16 10:14:11.836]   received shard header from network in block tracker [0;36mshard[0m = 0 [0;36mepoch[0m = 0 [0;36mround[0m = 912 [0;36mnonce[0m = 906 [0;36mhash[0m = 4bc43f3312dbf877a1209baf56108ce76165f5841fb2bcbd3a5415476178d377 
[0;36mDEBUG[0m[2026-03-16 10:14:11.836]   received shard header from network in block tracker [0;36mshard[0m = 0 [0;36mepoch[0m = 0 [0;36mround[0m = 913 [0;36mnonce[0m = 907 [0;36mhash[0m = 1d8527a79b8f6d67a24993b2010da4da43b64e53d69cc931de4f67e4524ffc35 
[0;36mDEBUG[0m[2026-03-16 10:14:11.836]   received shard header from network in block tracker [0;36mshard[0m = 0 [0;36mepoch[0m = 0 [0;36mround[0m = 914 [0;36mnonce[0m = 908 [0;36mhash[0m = 96564726a6a2877eddc8f8ac447abe47493030aa7701d6be417a092ee611f6e6 
[0;36mDEBUG[0m[2026-03-16 10:14:11.836]   received shard header from network in block tracker [0;36mshard[0m = 0 [0;36mepoch[0m = 0 [0;36mround[0m = 915 [0;36mnonce[0m = 909 [0;36mhash[0m = 2aa8f937881bd4a16ec5f2ff8181dbe3fe818ad66fd7cfc3a5828b5b9f47dc0c 
[0;36mDEBUG[0m[2026-03-16 10:14:11.836]   received shard header from network in block tracker [0;36mshard[0m = 0 [0;36mepoch[0m = 0 [0;36mround[0m = 916 [0;36mnonce[0m = 910 [0;36mhash[0m = f18f06a5728fd0540e5355b33850b1dc9783aeec464bb99ddd590807c5471dfd 
[0;36mDEBUG[0m[2026-03-16 10:14:11.836]   received shard header from network in block tracker [0;36mshard[0m = 0 [0;36mepoch[0m = 0 [0;36mround[0m = 917 [0;36mnonce[0m = 911 [0;36mhash[0m = 363a97f2de3e971a1fdbe8b9526c859b8119b15f7db21134157b875b0e360f16 
[0;36mDEBUG[0m[2026-03-16 10:14:11.836]   received shard header from network in block tracker [0;36mshard[0m = 0 [0;36mepoch[0m = 0 [0;36mround[0m = 918 [0;36mnonce[0m = 912 [0;36mhash[0m = aace489c9637e2dc213dfd99fb0625f7df42588149d2c47e29789b67de154be7 
[0;36mDEBUG[0m[2026-03-16 10:14:11.836]   received shard header from network in block tracker [0;36mshard[0m = 0 [0;36mepoch[0m = 0 [0;36mround[0m = 919 [0;36mnonce[0m = 913 [0;36mhash[0m = 0e78caa25e47deced2159ba867a84a559b789f19f66a1762f36fffecd68284c1 
[0;36mDEBUG[0m[2026-03-16 10:14:11.836]   received shard header from network in block tracker [0;36mshard[0m = 0 [0;36mepoch[0m = 0 [0;36mround[0m = 920 [0;36mnonce[0m = 914 [0;36mhash[0m = aea9214ded2fcf0e190cf5ef783eb817fefa7504a868fbaad2d89806c16aed7e 
[0;36mDEBUG[0m[2026-03-16 10:14:11.836]   received shard header from network in block tracker [0;36mshard[0m = 0 [0;36mepoch[0m = 0 [0;36mround[0m = 921 [0;36mnonce[0m = 915 [0;36mhash[0m = 51c331cae5d212f8e125d8c5387e9073f9822285b1e57708647fb3fa21bd10c6 
[0;36mDEBUG[0m[2026-03-16 10:14:11.836]   received shard header from network in block tracker [0;36mshard[0m = 0 [0;36mepoch[0m = 0 [0;36mround[0m = 922 [0;36mnonce[0m = 916 [0;36mhash[0m = 00f850e8d7cd57f31cceb761d2ee37f0ebac75d2fc7bf10531dc3b633d1b8e52 
[0;36mDEBUG[0m[2026-03-16 10:14:11.836]   received shard header from network in block tracker [0;36mshard[0m = 0 [0;36mepoch[0m = 0 [0;36mround[0m = 923 [0;36mnonce[0m = 917 [0;36mhash[0m = 81672a570ad7552958ba774df36e685a5ee945d6535fa5b4cb4ccf9bad94102f 
[0;36mDEBUG[0m[2026-03-16 10:14:11.836]   received shard header from network in block tracker [0;36mshard[0m = 0 [0;36mepoch[0m = 0 [0;36mround[0m = 924 [0;36mnonce[0m = 918 [0;36mhash[0m = c7fa4bbd9efab878dabbd79516f1c958a918c852faf9a8f0c99338b0e009d854 
[0;36mDEBUG[0m[2026-03-16 10:14:11.836]   received shard header from network in block tracker [0;36mshard[0m = 0 [0;36mepoch[0m = 0 [0;36mround[0m = 925 [0;36mnonce[0m = 919 [0;36mhash[0m = c7d78c14ec79d6a500450b51a35bf59e3a5cb726aca8f886830f4198c117b028 
[0;36mDEBUG[0m[2026-03-16 10:14:11.836]   received shard header from network in block tracker [0;36mshard[0m = 0 [0;36mepoch[0m = 0 [0;36mround[0m = 926 [0;36mnonce[0m = 920 [0;36mhash[0m = d2f2d33ab193fd971232b24107eaa8b54037b437a2865d9d44cd32ed07f8ede1 
[0;36mDEBUG[0m[2026-03-16 10:14:11.836]   received shard header from network in block tracker [0;36mshard[0m = 0 [0;36mepoch[0m = 0 [0;36mround[0m = 927 [0;36mnonce[0m = 921 [0;36mhash[0m = ebcb1b72113abedd35f5cd04b6a7477cbb100fa2a02de733731b1f32f45f7cee 
[0;36mDEBUG[0m[2026-03-16 10:14:11.836]   received shard header from network in block tracker [0;36mshard[0m = 0 [0;36mepoch[0m = 0 [0;36mround[0m = 928 [0;36mnonce[0m = 922 [0;36mhash[0m = da2a00eb6c2766709fc8dbd098927a44110cd9d8d81cf768ddb43913b0250586 
[0;36mDEBUG[0m[2026-03-16 10:14:11.836]   received shard header from network in block tracker [0;36mshard[0m = 0 [0;36mepoch[0m = 0 [0;36mround[0m = 929 [0;36mnonce[0m = 923 [0;36mhash[0m = 4a96a4d473db580af7fa57916a5f11f5429ad4ca7379e8c11bcd3cfe4252b5c9 
[0;36mDEBUG[0m[2026-03-16 10:14:11.836]   received shard header from network in block tracker [0;36mshard[0m = 0 [0;36mepoch[0m = 0 [0;36mround[0m = 930 [0;36mnonce[0m = 924 [0;36mhash[0m = 96495673751b80a62915614cddc4578a08faf9bb679225f6949380628e1baa6d 
[0;36mDEBUG[0m[2026-03-16 10:14:11.836]   received shard header from network in block tracker [0;36mshard[0m = 0 [0;36mepoch[0m = 0 [0;36mround[0m = 931 [0;36mnonce[0m = 925 [0;36mhash[0m = 24027ac55a9b75f7dc5455915ca2d8081c8203f08678f9b954ab123225b46346 
[0;36mDEBUG[0m[2026-03-16 10:14:11.836]   received shard header from network in block tracker [0;36mshard[0m = 0 [0;36mepoch[0m = 0 [0;36mround[0m = 932 [0;36mnonce[0m = 926 [0;36mhash[0m = bcb3a90ef1504f6970ee22f938528b380f92f2f2c05be123b505cbfabb2f572b 
[0;36mDEBUG[0m[2026-03-16 10:14:11.836]   received shard header from network in block tracker [0;36mshard[0m = 0 [0;36mepoch[0m = 0 [0;36mround[0m = 933 [0;36mnonce[0m = 927 [0;36mhash[0m = 7b8183f7b5bf9f2f0487155c3ecfbffd82c683cef43c60aa3ada42220e960c18 
[0;36mDEBUG[0m[2026-03-16 10:14:11.836]   received shard header from network in block tracker [0;36mshard[0m = 0 [0;36mepoch[0m = 0 [0;36mround[0m = 934 [0;36mnonce[0m = 928 [0;36mhash[0m = fa785f78a028f81a146013907ec5258064cd9af7e9fa7cb18e96c9a21ad072f2 
[0;36mDEBUG[0m[2026-03-16 10:14:11.836]   received shard header from network in block tracker [0;36mshard[0m = 0 [0;36mepoch[0m = 0 [0;36mround[0m = 935 [0;36mnonce[0m = 929 [0;36mhash[0m = bf04727b105453fd1b699834611c5a45b7e4b6ccb47242812f459fc5e48826f6 
[0;36mDEBUG[0m[2026-03-16 10:14:11.836]   received shard header from network in block tracker [0;36mshard[0m = 0 [0;36mepoch[0m = 0 [0;36mround[0m = 936 [0;36mnonce[0m = 930 [0;36mhash[0m = 5e76c3eb6bb7bba0a620c4fb9e8e5c8e3089f17dca2c8e1f87a8ecc0fe966363 
[0;36mDEBUG[0m[2026-03-16 10:14:11.836]   received shard header from network in block tracker [0;36mshard[0m = 0 [0;36mepoch[0m = 0 [0;36mround[0m = 937 [0;36mnonce[0m = 931 [0;36mhash[0m = 2c393b9a28e73906adba7db2f582ddb13ebb825e5034e93f68e76612a01a0923 
[0;36mDEBUG[0m[2026-03-16 10:14:11.836]   received shard header from network in block tracker [0;36mshard[0m = 0 [0;36mepoch[0m = 0 [0;36mround[0m = 938 [0;36mnonce[0m = 932 [0;36mhash[0m = 351730f5ed2ce66963d147aa85a9455a96b5927a44ae081f7835a23227a6f613 
[0;36mDEBUG[0m[2026-03-16 10:14:11.836]   received shard header from network in block tracker [0;36mshard[0m = 0 [0;36mepoch[0m = 0 [0;36mround[0m = 939 [0;36mnonce[0m = 933 [0;36mhash[0m = e6a73b52502b98abb0c826ed4a1c8f16cd680f6cfe05135f9939d613a4ab956e 
[0;36mDEBUG[0m[2026-03-16 10:14:11.836]   received shard header from network in block tracker [0;36mshard[0m = 0 [0;36mepoch[0m = 0 [0;36mround[0m = 940 [0;36mnonce[0m = 934 [0;36mhash[0m = c3535121ebb079c09a071aef6ff76eb514705a27d3a6700c8cb6640b7083becc 
[0;36mDEBUG[0m[2026-03-16 10:14:11.836]   received shard header from network in block tracker [0;36mshard[0m = 0 [0;36mepoch[0m = 0 [0;36mround[0m = 941 [0;36mnonce[0m = 935 [0;36mhash[0m = fdc5eed02f8be4314f72e0c69f31bdadffa3bfc62880bf44e78c2325f4e4f615 
[0;36mDEBUG[0m[2026-03-16 10:14:11.836]   received shard header from network in block tracker [0;36mshard[0m = 0 [0;36mepoch[0m = 0 [0;36mround[0m = 942 [0;36mnonce[0m = 936 [0;36mhash[0m = aa66250c6f3e473f252fdf1f7a42e7d9b489140c4934982aeac7cb3a2a8de92f 
[0;36mDEBUG[0m[2026-03-16 10:14:11.836]   received shard header from network in block tracker [0;36mshard[0m = 0 [0;36mepoch[0m = 0 [0;36mround[0m = 943 [0;36mnonce[0m = 937 [0;36mhash[0m = 1126e636aa1b351392c418e0fc071c38ccbb3b0d4b214bb6deb7809818b7c2a7 
[0;36mDEBUG[0m[2026-03-16 10:14:11.836]   received shard header from network in block tracker [0;36mshard[0m = 0 [0;36mepoch[0m = 0 [0;36mround[0m = 944 [0;36mnonce[0m = 938 [0;36mhash[0m = 92f6fcd41a68883989c1f44a9d344bda7cec3c065be31644f601a4626a079d6a 
[0;36mDEBUG[0m[2026-03-16 10:14:11.836]   received shard header from network in block tracker [0;36mshard[0m = 0 [0;36mepoch[0m = 0 [0;36mround[0m = 945 [0;36mnonce[0m = 939 [0;36mhash[0m = 4ca4542c19ba5ef23bcaa6829e7ec12391e63c4268c5773099e1ccaf005731b0 
[0;36mDEBUG[0m[2026-03-16 10:14:11.836]   received shard header from network in block tracker [0;36mshard[0m = 0 [0;36mepoch[0m = 0 [0;36mround[0m = 946 [0;36mnonce[0m = 940 [0;36mhash[0m = 955f6bc76b8a75a1afd533027824ac078d4a474e83f4e7fa65a6cfb9dfbe4a3a 
[0;36mDEBUG[0m[2026-03-16 10:14:11.836]   received shard header from network in block tracker [0;36mshard[0m = 0 [0;36mepoch[0m = 0 [0;36mround[0m = 947 [0;36mnonce[0m = 941 [0;36mhash[0m = db4b492f608cf0b13468a034eb69b2497d2b16386f5613ec1f92d1e0d95b390b 
[0;36mDEBUG[0m[2026-03-16 10:14:11.836]   received shard header from network in block tracker [0;36mshard[0m = 0 [0;36mepoch[0m = 0 [0;36mround[0m = 948 [0;36mnonce[0m = 942 [0;36mhash[0m = 43a1a4253dc17c9143407f189fd70acb8089874379446581c190d844af9abc16 
[0;36mDEBUG[0m[2026-03-16 10:14:11.836]   received shard header from network in block tracker [0;36mshard[0m = 0 [0;36mepoch[0m = 0 [0;36mround[0m = 949 [0;36mnonce[0m = 943 [0;36mhash[0m = c0d0cd0fceb72d013fd8b334732163ff4d51b791d51466e1631dcacf0893d95e 
[0;36mDEBUG[0m[2026-03-16 10:14:11.836]   received shard header from network in block tracker [0;36mshard[0m = 0 [0;36mepoch[0m = 0 [0;36mround[0m = 950 [0;36mnonce[0m = 944 [0;36mhash[0m = b0d291659aa68b41779f1ba61819fc24f3ffd71966bef03858449b57e6a7dca9 
[0;36mDEBUG[0m[2026-03-16 10:14:11.836]   received shard header from network in block tracker [0;36mshard[0m = 0 [0;36mepoch[0m = 0 [0;36mround[0m = 951 [0;36mnonce[0m = 945 [0;36mhash[0m = a3d0f48cacfdbd610d3d17734759a1961bacbf99d5fe0df256e9c64bbb1e9d33 
[0;36mDEBUG[0m[2026-03-16 10:14:11.836]   received shard header from network in block tracker [0;36mshard[0m = 0 [0;36mepoch[0m = 0 [0;36mround[0m = 952 [0;36mnonce[0m = 946 [0;36mhash[0m = 77da184e2f14b401e23a8d2542469778ce1b58279b9ad2193383cc33fa4d025b 
[0;36mDEBUG[0m[2026-03-16 10:14:11.836]   received shard header from network in block tracker [0;36mshard[0m = 0 [0;36mepoch[0m = 0 [0;36mround[0m = 953 [0;36mnonce[0m = 947 [0;36mhash[0m = 41e09bb985b7764c0cc2892f062a3af94ba965952a12109f8d3b07a0c59849e2 
[0;36mDEBUG[0m[2026-03-16 10:14:11.836]   received shard header from network in block tracker [0;36mshard[0m = 0 [0;36mepoch[0m = 0 [0;36mround[0m = 954 [0;36mnonce[0m = 948 [0;36mhash[0m = 90058335958d18b0fbd131f570c8a7a49e67a3246f039e848667d3e0cc695675 
[0;36mDEBUG[0m[2026-03-16 10:14:11.836]   received shard header from network in block tracker [0;36mshard[0m = 0 [0;36mepoch[0m = 0 [0;36mround[0m = 955 [0;36mnonce[0m = 949 [0;36mhash[0m = 0ac8ce336e1335993175c53c2990a908799a32cd31a9156df34cec836bbc2e3d 
[0;36mDEBUG[0m[2026-03-16 10:14:11.836]   received shard header from network in block tracker [0;36mshard[0m = 0 [0;36mepoch[0m = 0 [0;36mround[0m = 956 [0;36mnonce[0m = 950 [0;36mhash[0m = 1f9f73ca7867e32c5ab5d6d7ba5f5faa22d81912fd4433876ec8d98580531c75 
[0;36mDEBUG[0m[2026-03-16 10:14:11.837]   received shard header from network in block tracker [0;36mshard[0m = 0 [0;36mepoch[0m = 0 [0;36mround[0m = 957 [0;36mnonce[0m = 951 [0;36mhash[0m = e557c759cd74cf3b11d1227fd9ddafc8de041c85744f8b6817a2bd9094c52d7e 
[0;36mDEBUG[0m[2026-03-16 10:14:11.837]   received shard header from network in block tracker [0;36mshard[0m = 0 [0;36mepoch[0m = 0 [0;36mround[0m = 958 [0;36mnonce[0m = 952 [0;36mhash[0m = f73fc8f812f056975b133d26b9c704634e458f9247ba66e782b0abc5b3e40a1e 
[0;36mDEBUG[0m[2026-03-16 10:14:11.837]   received shard header from network in block tracker [0;36mshard[0m = 0 [0;36mepoch[0m = 0 [0;36mround[0m = 959 [0;36mnonce[0m = 953 [0;36mhash[0m = 3840a2740c4c3b55eef422b4b97934341c491e927d029379f1f35bb466c8a3e5 
[0;36mDEBUG[0m[2026-03-16 10:14:11.837]   received shard header from network in block tracker [0;36mshard[0m = 0 [0;36mepoch[0m = 0 [0;36mround[0m = 960 [0;36mnonce[0m = 954 [0;36mhash[0m = 15af95bbc3a66da285acaf89a4eabc973b7357e44b7091da19949ce35c0e7a49 
[0;36mDEBUG[0m[2026-03-16 10:14:11.837]   received shard header from network in block tracker [0;36mshard[0m = 0 [0;36mepoch[0m = 0 [0;36mround[0m = 961 [0;36mnonce[0m = 955 [0;36mhash[0m = 408b6b37d16cb526a905d166cbff0838dd6c7c1346fb1d5d46b3ebef37ae750c 
[0;36mDEBUG[0m[2026-03-16 10:14:11.837]   received shard header from network in block tracker [0;36mshard[0m = 0 [0;36mepoch[0m = 0 [0;36mround[0m = 962 [0;36mnonce[0m = 956 [0;36mhash[0m = 5fd8801b8a22d5a69f5a07dd3754d808b372082741415601f3e4927cec71fc60 
[0;36mDEBUG[0m[2026-03-16 10:14:11.837]   received shard header from network in block tracker [0;36mshard[0m = 0 [0;36mepoch[0m = 0 [0;36mround[0m = 963 [0;36mnonce[0m = 957 [0;36mhash[0m = 8be0e79fffaea46cb3d5176962076ac884bc7c2cb965bee63a8ae1511b800fc0 
[0;36mDEBUG[0m[2026-03-16 10:14:11.837]   received shard header from network in block tracker [0;36mshard[0m = 0 [0;36mepoch[0m = 0 [0;36mround[0m = 964 [0;36mnonce[0m = 958 [0;36mhash[0m = cb41c3c3b4c0aea6336ce18588b47d6fd6cea206119e77b85938e820c60782de 
[0;36mDEBUG[0m[2026-03-16 10:14:11.837]   received shard header from network in block tracker [0;36mshard[0m = 0 [0;36mepoch[0m = 0 [0;36mround[0m = 965 [0;36mnonce[0m = 959 [0;36mhash[0m = 230da26293d4227ab45b14f1e6d49ea6f1ab7eab3c315c60191e2ec1b330f235 
[0;36mDEBUG[0m[2026-03-16 10:14:11.837]   received shard header from network in block tracker [0;36mshard[0m = 0 [0;36mepoch[0m = 0 [0;36mround[0m = 966 [0;36mnonce[0m = 960 [0;36mhash[0m = 7022b9703be19e7110cb5e7895053f4c4722119c89a219d0bed939ef085027c2 
[0;36mDEBUG[0m[2026-03-16 10:14:11.837]   received shard header from network in block tracker [0;36mshard[0m = 0 [0;36mepoch[0m = 0 [0;36mround[0m = 967 [0;36mnonce[0m = 961 [0;36mhash[0m = dd47785394da2ffeb8dc7a10d2e62d147fab43c260e42274e1b5490e862eb281 
[0;36mDEBUG[0m[2026-03-16 10:14:11.837]   received shard header from network in block tracker [0;36mshard[0m = 0 [0;36mepoch[0m = 0 [0;36mround[0m = 968 [0;36mnonce[0m = 962 [0;36mhash[0m = 09ce2c6f67158dbd197750c4c7dc8f673b1c33edd4e725953813349f89dc60b8 
[0;36mDEBUG[0m[2026-03-16 10:14:11.837]   received shard header from network in block tracker [0;36mshard[0m = 0 [0;36mepoch[0m = 0 [0;36mround[0m = 969 [0;36mnonce[0m = 963 [0;36mhash[0m = 2513f882dfe7ebd78254cd96b3eadd93cf8b393b0bb1962bdf06a1e3f50b5c70 
[0;36mDEBUG[0m[2026-03-16 10:14:11.837]   received shard header from network in block tracker [0;36mshard[0m = 0 [0;36mepoch[0m = 0 [0;36mround[0m = 970 [0;36mnonce[0m = 964 [0;36mhash[0m = d5de64f7377c1780307cee4a0ac723dfe7de2c9bf384dbe95584309c701ca8c9 
[0;36mDEBUG[0m[2026-03-16 10:14:11.837]   received shard header from network in block tracker [0;36mshard[0m = 0 [0;36mepoch[0m = 0 [0;36mround[0m = 971 [0;36mnonce[0m = 965 [0;36mhash[0m = 14504e5ab477d2e801cbae92ed84f3d02fed1135687c1e73f329cb66cb6af0fe 
[0;36mDEBUG[0m[2026-03-16 10:14:11.837]   received shard header from network in block tracker [0;36mshard[0m = 0 [0;36mepoch[0m = 0 [0;36mround[0m = 972 [0;36mnonce[0m = 966 [0;36mhash[0m = 0e1378b93dc7b93ae2efea1cd83650a802f2e7b49c5dab7d40ffd464118a591c 
[0;36mDEBUG[0m[2026-03-16 10:14:11.837]   received shard header from network in block tracker [0;36mshard[0m = 0 [0;36mepoch[0m = 0 [0;36mround[0m = 973 [0;36mnonce[0m = 967 [0;36mhash[0m = f4bf349b9fddf0eb7c03fac330801895b2c94cf8489e726c9012e224ea6a3bbf 
[0;36mDEBUG[0m[2026-03-16 10:14:11.837]   received shard header from network in block tracker [0;36mshard[0m = 0 [0;36mepoch[0m = 0 [0;36mround[0m = 974 [0;36mnonce[0m = 968 [0;36mhash[0m = 4ae79815fe465aeb6ffefa4c60bcdd7fcbbd875c988e16295179c19fab2b72f0 
[0;36mDEBUG[0m[2026-03-16 10:14:11.837]   received shard header from network in block tracker [0;36mshard[0m = 0 [0;36mepoch[0m = 0 [0;36mround[0m = 975 [0;36mnonce[0m = 969 [0;36mhash[0m = 93f34756031f8001ab8c0ff21a954585158c0dddce5cb16f32cc090831bbc338 
[0;36mDEBUG[0m[2026-03-16 10:14:11.837]   received shard header from network in block tracker [0;36mshard[0m = 0 [0;36mepoch[0m = 0 [0;36mround[0m = 976 [0;36mnonce[0m = 970 [0;36mhash[0m = d00d1730ef9a7a81690b93bd54ddf528bb1d06f77bb3c2c51457253ce42724e4 
[0;36mDEBUG[0m[2026-03-16 10:14:11.837]   received shard header from network in block tracker [0;36mshard[0m = 0 [0;36mepoch[0m = 0 [0;36mround[0m = 977 [0;36mnonce[0m = 971 [0;36mhash[0m = 8550997abcce0ca5f6790fcefe955fe7d13e69b5d127d34855d41261e7369ea1 
[0;36mDEBUG[0m[2026-03-16 10:14:11.837]   received shard header from network in block tracker [0;36mshard[0m = 0 [0;36mepoch[0m = 0 [0;36mround[0m = 978 [0;36mnonce[0m = 972 [0;36mhash[0m = 8bd543aba86de2ee9404f74df6d70d9a23e5c7ba4ea3526f1d225d97b53a938e 
[0;36mDEBUG[0m[2026-03-16 10:14:11.837]   received shard header from network in block tracker [0;36mshard[0m = 0 [0;36mepoch[0m = 0 [0;36mround[0m = 979 [0;36mnonce[0m = 973 [0;36mhash[0m = 1cd0132f2ccb06dbebb951094347131ccf8bf68aaa1ca8f191dc3a71d85106f2 
[0;36mDEBUG[0m[2026-03-16 10:14:11.837]   received shard header from network in block tracker [0;36mshard[0m = 0 [0;36mepoch[0m = 0 [0;36mround[0m = 980 [0;36mnonce[0m = 974 [0;36mhash[0m = 15fa3819de6d72d34bcdb528144754fb88e3579cb89c4c778be8a8c3f601dca6 
[0;36mDEBUG[0m[2026-03-16 10:14:11.837]   received shard header from network in block tracker [0;36mshard[0m = 0 [0;36mepoch[0m = 0 [0;36mround[0m = 981 [0;36mnonce[0m = 975 [0;36mhash[0m = 494f1e1d2f0e88921b93578ef0b4ea0876831f8de6f3af20da8ca3f27859f377 
[0;36mDEBUG[0m[2026-03-16 10:14:11.837]   received shard header from network in block tracker [0;36mshard[0m = 0 [0;36mepoch[0m = 0 [0;36mround[0m = 982 [0;36mnonce[0m = 976 [0;36mhash[0m = 755784cab6c2a7cf0d338fe6ef9ebef968de818bc2b664fad43c4ba9bd1aff0b 
[0;36mDEBUG[0m[2026-03-16 10:14:11.837]   received shard header from network in block tracker [0;36mshard[0m = 0 [0;36mepoch[0m = 0 [0;36mround[0m = 983 [0;36mnonce[0m = 977 [0;36mhash[0m = e8122b75c1c92a99b2717882290c2bb8852a5779657f2e78af2f8fa1ed643ba8 
[0;36mDEBUG[0m[2026-03-16 10:14:11.837]   received shard header from network in block tracker [0;36mshard[0m = 0 [0;36mepoch[0m = 0 [0;36mround[0m = 984 [0;36mnonce[0m = 978 [0;36mhash[0m = 7c90ee83cd25ce9b1a4096d9f5a9ada3997a798da6389910b414e3fe07b74e7a 
[0;36mDEBUG[0m[2026-03-16 10:14:11.837]   received shard header from network in block tracker [0;36mshard[0m = 0 [0;36mepoch[0m = 0 [0;36mround[0m = 985 [0;36mnonce[0m = 979 [0;36mhash[0m = bde8c7b491e741b8e1056758cb2ce74cd6a1c1fd2b1a32e89cbf50a3b7b9ae10 
[0;36mDEBUG[0m[2026-03-16 10:14:11.837]   received shard header from network in block tracker [0;36mshard[0m = 0 [0;36mepoch[0m = 0 [0;36mround[0m = 986 [0;36mnonce[0m = 980 [0;36mhash[0m = f3cd24ce2ae0718baa8dad8181c42e7784d7ad98a99be284dbddb5b243c88408 
[0;36mDEBUG[0m[2026-03-16 10:14:11.837]   received shard header from network in block tracker [0;36mshard[0m = 0 [0;36mepoch[0m = 0 [0;36mround[0m = 987 [0;36mnonce[0m = 981 [0;36mhash[0m = 6886dba17b3be6c68bac57690a912523b33028b7bd6a6871f6c637646e186b2d 
[0;36mDEBUG[0m[2026-03-16 10:14:11.837]   received shard header from network in block tracker [0;36mshard[0m = 0 [0;36mepoch[0m = 0 [0;36mround[0m = 988 [0;36mnonce[0m = 982 [0;36mhash[0m = aec477e72f9259809e14ad9a8587f45e74b44069eb785415e743dbb685382d48 
[0;36mDEBUG[0m[2026-03-16 10:14:11.837]   received shard header from network in block tracker [0;36mshard[0m = 0 [0;36mepoch[0m = 0 [0;36mround[0m = 989 [0;36mnonce[0m = 983 [0;36mhash[0m = ab432c42d0f7b3f8342edd1ced2d9e1e1e5ccf82f124eee4fd2915da7e85ba51 
[0;36mDEBUG[0m[2026-03-16 10:14:11.837]   received shard header from network in block tracker [0;36mshard[0m = 0 [0;36mepoch[0m = 0 [0;36mround[0m = 990 [0;36mnonce[0m = 984 [0;36mhash[0m = 625c5a323c5f7b17b36deb3a876da92b9ee23ce4d8cc960c3854f1b2a0a6b51c 
[0;36mDEBUG[0m[2026-03-16 10:14:11.837]   received shard header from network in block tracker [0;36mshard[0m = 0 [0;36mepoch[0m = 0 [0;36mround[0m = 991 [0;36mnonce[0m = 985 [0;36mhash[0m = 5eb8a3c5b45cb0c121b819a0cb115c86ff16b57480548274dee25adadc7941b3 
[0;36mDEBUG[0m[2026-03-16 10:14:11.837]   received shard header from network in block tracker [0;36mshard[0m = 0 [0;36mepoch[0m = 0 [0;36mround[0m = 992 [0;36mnonce[0m = 986 [0;36mhash[0m = 2e7891a4cf4e3a5d0de986d1e5b50deda6b7ac1a6d3f9d04ccf6bdeff03d57a7 
[0;36mDEBUG[0m[2026-03-16 10:14:11.837]   received shard header from network in block tracker [0;36mshard[0m = 0 [0;36mepoch[0m = 0 [0;36mround[0m = 993 [0;36mnonce[0m = 987 [0;36mhash[0m = 41ed406ac9a206bdd064fb27c13d85b85c0fbcfb694d57b0630c7888deb840ff 
[0;36mDEBUG[0m[2026-03-16 10:14:11.837]   received shard header from network in block tracker [0;36mshard[0m = 0 [0;36mepoch[0m = 0 [0;36mround[0m = 994 [0;36mnonce[0m = 988 [0;36mhash[0m = a995516cadb5560250b2cda5fc1cfa117fb3a7d35bb3bd8c263cd591bb758f8c 
[0;36mDEBUG[0m[2026-03-16 10:14:11.837]   received shard header from network in block tracker [0;36mshard[0m = 0 [0;36mepoch[0m = 0 [0;36mround[0m = 995 [0;36mnonce[0m = 989 [0;36mhash[0m = 5603943d5f3d031ade8268110f47311d7f78e26395ccbe647c433215f79600df 
[0;36mDEBUG[0m[2026-03-16 10:14:11.837]   received shard header from network in block tracker [0;36mshard[0m = 0 [0;36mepoch[0m = 0 [0;36mround[0m = 996 [0;36mnonce[0m = 990 [0;36mhash[0m = c3e7a1c6fa15063177279723d2cf931e7be400bf7eb5e1ec46d3b7f219f3efd0 
[0;36mDEBUG[0m[2026-03-16 10:14:11.837]   received shard header from network in block tracker [0;36mshard[0m = 0 [0;36mepoch[0m = 0 [0;36mround[0m = 997 [0;36mnonce[0m = 991 [0;36mhash[0m = 8be2a03e37e3c49d5cdde9d7c026dfcf9a096a718959adf3487f44da2e287eb4 
[0;36mDEBUG[0m[2026-03-16 10:14:11.837]   received shard header from network in block tracker [0;36mshard[0m = 0 [0;36mepoch[0m = 0 [0;36mround[0m = 998 [0;36mnonce[0m = 992 [0;36mhash[0m = 6649884203780b299532684dffcbab7b06d33b2c1c8b63137f04b46c196c41a1 
[0;36mDEBUG[0m[2026-03-16 10:14:11.837]   received shard header from network in block tracker [0;36mshard[0m = 0 [0;36mepoch[0m = 0 [0;36mround[0m = 999 [0;36mnonce[0m = 993 [0;36mhash[0m = 1854c87141f1ce21e10a4d911453c18e6652f6a7681f82835a42b10100bdd3e2 
[0;36mDEBUG[0m[2026-03-16 10:14:11.837]   received shard header from network in block tracker [0;36mshard[0m = 0 [0;36mepoch[0m = 0 [0;36mround[0m = 1000 [0;36mnonce[0m = 994 [0;36mhash[0m = 6df3400cc50164301e196d567f8045c18617d9bdb9c17c2a007773e077e248a0 
[0;36mDEBUG[0m[2026-03-16 10:14:11.837]   received shard header from network in block tracker [0;36mshard[0m = 0 [0;36mepoch[0m = 0 [0;36mround[0m = 1001 [0;36mnonce[0m = 995 [0;36mhash[0m = f551b172e1ea34bcdf3a6b75e37d79016b7e57310c08cd470b6b2a05b2f8ac70 
[0;36mDEBUG[0m[2026-03-16 10:14:11.837]   received shard header from network in block tracker [0;36mshard[0m = 0 [0;36mepoch[0m = 0 [0;36mround[0m = 1002 [0;36mnonce[0m = 996 [0;36mhash[0m = f6f2b89eec0aac5e9b5aaabbbc6d04b818399f9f5c2fff8e321f4060981aa8f4 
[0;36mDEBUG[0m[2026-03-16 10:14:11.837]   received shard header from network in block tracker [0;36mshard[0m = 0 [0;36mepoch[0m = 0 [0;36mround[0m = 1003 [0;36mnonce[0m = 997 [0;36mhash[0m = ad7a535182882560c6ecc2fa7ed8f9f90a510198d8f4f2d4815c5739e74041bb 
[0;36mDEBUG[0m[2026-03-16 10:14:11.837]   received shard header from network in block tracker [0;36mshard[0m = 0 [0;36mepoch[0m = 0 [0;36mround[0m = 15 [0;36mnonce[0m = 8 [0;36mhash[0m = aef48da5ad72c589201ae84b56373c2a4e5d8efbcecc056bb04daf7f172c9bc2 
[0;36mDEBUG[0m[2026-03-16 10:14:11.837]   received shard header from network in block tracker [0;36mshard[0m = 0 [0;36mepoch[0m = 0 [0;36mround[0m = 16 [0;36mnonce[0m = 9 [0;36mhash[0m = 58610a94f3bf395a1a1b6bf76bef2a95b3b603107357ccf26ce0413931bd1ed2 
[0;36mDEBUG[0m[2026-03-16 10:14:11.837]   received shard header from network in block tracker [0;36mshard[0m = 0 [0;36mepoch[0m = 0 [0;36mround[0m = 17 [0;36mnonce[0m = 10 [0;36mhash[0m = a46d96d82280df93631244944d69efd1e4a7fd3aeae6da5de844334a7549ac72 
[0;36mDEBUG[0m[2026-03-16 10:14:11.837]   received shard header from network in block tracker [0;36mshard[0m = 0 [0;36mepoch[0m = 0 [0;36mround[0m = 18 [0;36mnonce[0m = 11 [0;36mhash[0m = 9187dc959e459b430098c1eca43e86dd479d26d8dadeb870955e1bc8b37d7df9 
[0;36mDEBUG[0m[2026-03-16 10:14:11.837]   received shard header from network in block tracker [0;36mshard[0m = 0 [0;36mepoch[0m = 0 [0;36mround[0m = 19 [0;36mnonce[0m = 12 [0;36mhash[0m = 9f7eb02ed15bd1c92147cf675a343e3407b0f26105532c0e8a43a452dd712963 
[0;36mDEBUG[0m[2026-03-16 10:14:11.837]   received shard header from network in block tracker [0;36mshard[0m = 0 [0;36mepoch[0m = 0 [0;36mround[0m = 20 [0;36mnonce[0m = 13 [0;36mhash[0m = 2df0bc94fa63a42174b6412dc316bbc462f81fa68665f63e72dfdb0c84353cdc 
[0;36mDEBUG[0m[2026-03-16 10:14:11.837]   received shard header from network in block tracker [0;36mshard[0m = 0 [0;36mepoch[0m = 0 [0;36mround[0m = 21 [0;36mnonce[0m = 14 [0;36mhash[0m = 7829ef516bf8a5a4cfe39bdfa516314c692798007a6e3a1b8cd5da4c602642a7 
[0;36mDEBUG[0m[2026-03-16 10:14:11.837]   received shard header from network in block tracker [0;36mshard[0m = 0 [0;36mepoch[0m = 0 [0;36mround[0m = 22 [0;36mnonce[0m = 15 [0;36mhash[0m = aa0acf3a2b0d2c29ba1ca2372577fe52ff6409d6e5c51a9077f04c509a0bf5dc 
[0;36mDEBUG[0m[2026-03-16 10:14:11.837]   received shard header from network in block tracker [0;36mshard[0m = 0 [0;36mepoch[0m = 0 [0;36mround[0m = 23 [0;36mnonce[0m = 16 [0;36mhash[0m = 1b61acb30713bc468bf00104760e044f7c1180d3b1c3dfcbad281cf0533e6e93 
[0;36mDEBUG[0m[2026-03-16 10:14:11.837]   received shard header from network in block tracker [0;36mshard[0m = 0 [0;36mepoch[0m = 0 [0;36mround[0m = 24 [0;36mnonce[0m = 17 [0;36mhash[0m = 388d41503b660b21cfc33576da538d9387735bb5d699647d57fffb416456b067 
[0;36mDEBUG[0m[2026-03-16 10:14:11.837]   received shard header from network in block tracker [0;36mshard[0m = 0 [0;36mepoch[0m = 0 [0;36mround[0m = 25 [0;36mnonce[0m = 18 [0;36mhash[0m = 9b02dfab1c397d62ec71ac783a8e46595ce5250cc97f227cbe65c9738e6e10fa 
[0;36mDEBUG[0m[2026-03-16 10:14:11.837]   received shard header from network in block tracker [0;36mshard[0m = 0 [0;36mepoch[0m = 0 [0;36mround[0m = 26 [0;36mnonce[0m = 19 [0;36mhash[0m = 3b7707195954ff138edd4c495fe90d97afbd7f16461cbcd48b8beb070142978f 
[0;36mDEBUG[0m[2026-03-16 10:14:11.837]   received shard header from network in block tracker [0;36mshard[0m = 0 [0;36mepoch[0m = 0 [0;36mround[0m = 27 [0;36mnonce[0m = 20 [0;36mhash[0m = 3bf95efc816133c792a1878940a3d780305dc1ebe41a454e80bd579adc92fdb4 
[0;36mDEBUG[0m[2026-03-16 10:14:11.837]   received shard header from network in block tracker [0;36mshard[0m = 0 [0;36mepoch[0m = 0 [0;36mround[0m = 28 [0;36mnonce[0m = 21 [0;36mhash[0m = 5440287f79cf31ebdfd3e22f2d688f81998dbe7e090257344aca2d75f940b3f2 
[0;36mDEBUG[0m[2026-03-16 10:14:11.837]   received shard header from network in block tracker [0;36mshard[0m = 0 [0;36mepoch[0m = 0 [0;36mround[0m = 29 [0;36mnonce[0m = 22 [0;36mhash[0m = 4e4ddc77e435be1756cd85b39315cd1b0c034ec95901518a67310010ed73df29 
[0;36mDEBUG[0m[2026-03-16 10:14:11.837]   received shard header from network in block tracker [0;36mshard[0m = 0 [0;36mepoch[0m = 0 [0;36mround[0m = 30 [0;36mnonce[0m = 23 [0;36mhash[0m = 0d9ce9f3fe2cd04383014c9818e0c79fdb816d746d237c0e71abeae66307640a 
[0;36mDEBUG[0m[2026-03-16 10:14:11.837]   received shard header from network in block tracker [0;36mshard[0m = 0 [0;36mepoch[0m = 0 [0;36mround[0m = 31 [0;36mnonce[0m = 24 [0;36mhash[0m = 713265834018977ca04490189b919cd1859b57f74517fe18399fd4fa231053eb 
[0;36mDEBUG[0m[2026-03-16 10:14:11.837]   received shard header from network in block tracker [0;36mshard[0m = 0 [0;36mepoch[0m = 0 [0;36mround[0m = 32 [0;36mnonce[0m = 25 [0;36mhash[0m = 30d344f48f9c8b0576f73ac68a590753e62ef2c07d3a48cdf539f12054744cdc 
[0;36mDEBUG[0m[2026-03-16 10:14:11.837]   received shard header from network in block tracker [0;36mshard[0m = 0 [0;36mepoch[0m = 0 [0;36mround[0m = 33 [0;36mnonce[0m = 26 [0;36mhash[0m = fb723aad95e2c95babc34243c05ed29d149b0d636a725c8c28242a0a4715c955 
[0;36mDEBUG[0m[2026-03-16 10:14:11.837]   received shard header from network in block tracker [0;36mshard[0m = 0 [0;36mepoch[0m = 0 [0;36mround[0m = 34 [0;36mnonce[0m = 27 [0;36mhash[0m = 928241a13ad8ecdbdb9726330e19415a6a8f36f3184cf52301ba896a1ca3d317 
[0;36mDEBUG[0m[2026-03-16 10:14:11.837]   received shard header from network in block tracker [0;36mshard[0m = 0 [0;36mepoch[0m = 0 [0;36mround[0m = 35 [0;36mnonce[0m = 28 [0;36mhash[0m = 950ddb76fa4df359c122278813dead81c923cabfadc48cb27b60a04a85447866 
[0;36mDEBUG[0m[2026-03-16 10:14:11.837]   received shard header from network in block tracker [0;36mshard[0m = 0 [0;36mepoch[0m = 0 [0;36mround[0m = 36 [0;36mnonce[0m = 29 [0;36mhash[0m = 5210ed81b36459c05c10d2a78fbb762f5ef2144cb375f92f0ed82152197569a3 
[0;36mDEBUG[0m[2026-03-16 10:14:11.837]   received shard header from network in block tracker [0;36mshard[0m = 0 [0;36mepoch[0m = 0 [0;36mround[0m = 37 [0;36mnonce[0m = 30 [0;36mhash[0m = 85eb8c9c775e77279762bf2464137df924bc544dba99a3bc9bc8570ce28fc62b 
[0;36mDEBUG[0m[2026-03-16 10:14:11.837]   received shard header from network in block tracker [0;36mshard[0m = 0 [0;36mepoch[0m = 0 [0;36mround[0m = 38 [0;36mnonce[0m = 31 [0;36mhash[0m = 4126ac5334f31f8bb0c71f2854522ea9906fb2b0b1e5d615dc4755ee75d06052 
[0;36mDEBUG[0m[2026-03-16 10:14:11.837]   received shard header from network in block tracker [0;36mshard[0m = 0 [0;36mepoch[0m = 0 [0;36mround[0m = 39 [0;36mnonce[0m = 32 [0;36mhash[0m = f1235bbe51a36dff23e6936670200714f9b184dd4d5ae7984fe4873ef39336fd 
[0;36mDEBUG[0m[2026-03-16 10:14:11.837]   received shard header from network in block tracker [0;36mshard[0m = 0 [0;36mepoch[0m = 0 [0;36mround[0m = 40 [0;36mnonce[0m = 33 [0;36mhash[0m = a50eacdcfeda0c376c4904ca2dd0516c3ff13a6331f90b2087963be6629ecba5 
[0;36mDEBUG[0m[2026-03-16 10:14:11.837]   received shard header from network in block tracker [0;36mshard[0m = 0 [0;36mepoch[0m = 0 [0;36mround[0m = 41 [0;36mnonce[0m = 34 [0;36mhash[0m = abf82ae68918c91ea6abd53033993bb2b51a7ff9b01dcf8ba032f85c1fe97494 
[0;36mDEBUG[0m[2026-03-16 10:14:11.837]   received shard header from network in block tracker [0;36mshard[0m = 0 [0;36mepoch[0m = 0 [0;36mround[0m = 42 [0;36mnonce[0m = 35 [0;36mhash[0m = b4b10811cab9bbc292c741ce8e2a66298c79b192c8d4917f7ea835923a2bdf2e 
[0;36mDEBUG[0m[2026-03-16 10:14:11.837]   received shard header from network in block tracker [0;36mshard[0m = 0 [0;36mepoch[0m = 0 [0;36mround[0m = 43 [0;36mnonce[0m = 36 [0;36mhash[0m = 78b7412e722770962d84d6bc069bf55a8e659d77fd4402fdce6486ef492a666b 
[0;36mDEBUG[0m[2026-03-16 10:14:11.837]   received shard header from network in block tracker [0;36mshard[0m = 0 [0;36mepoch[0m = 0 [0;36mround[0m = 44 [0;36mnonce[0m = 37 [0;36mhash[0m = f083a1f108225c74d1e918f742e5cf3ad74f37b0a0f5bbb7f7dbb1358243b654 
[0;36mDEBUG[0m[2026-03-16 10:14:11.837]   received shard header from network in block tracker [0;36mshard[0m = 0 [0;36mepoch[0m = 0 [0;36mround[0m = 45 [0;36mnonce[0m = 38 [0;36mhash[0m = a40b996756e4dcac7e325aee5c00e49205aaee013048ea7e040550a336533cb6 
[0;36mDEBUG[0m[2026-03-16 10:14:11.837]   received shard header from network in block tracker [0;36mshard[0m = 0 [0;36mepoch[0m = 0 [0;36mround[0m = 46 [0;36mnonce[0m = 39 [0;36mhash[0m = 78275f920b071395e9e2d178cf3a0ba3a36e43bc0db975755b5db8e82197afcc 
[0;36mDEBUG[0m[2026-03-16 10:14:11.838]   received shard header from network in block tracker [0;36mshard[0m = 0 [0;36mepoch[0m = 0 [0;36mround[0m = 47 [0;36mnonce[0m = 40 [0;36mhash[0m = 91dcc066cc2cabd79de4cf80366bc687b7e1c631963287c32de497455aee9b46 
[0;36mDEBUG[0m[2026-03-16 10:14:11.838]   received shard header from network in block tracker [0;36mshard[0m = 0 [0;36mepoch[0m = 0 [0;36mround[0m = 48 [0;36mnonce[0m = 41 [0;36mhash[0m = 4bcdaedfa5f5cf053644d23ccae6d139055d04ada7d1af2413d82b712b52bada 
[0;36mDEBUG[0m[2026-03-16 10:14:11.838]   received shard header from network in block tracker [0;36mshard[0m = 0 [0;36mepoch[0m = 0 [0;36mround[0m = 49 [0;36mnonce[0m = 42 [0;36mhash[0m = d5dec09ff40ef6d02f449935f778ec915fc21bbaf14688766dd1491b95b19cda 
[0;36mDEBUG[0m[2026-03-16 10:14:11.838]   received shard header from network in block tracker [0;36mshard[0m = 0 [0;36mepoch[0m = 0 [0;36mround[0m = 50 [0;36mnonce[0m = 43 [0;36mhash[0m = 31edc20f54c8e8554e32fe4eb5aa8bc6b49b51f124773840e52e5564bf2eeb20 
[0;36mDEBUG[0m[2026-03-16 10:14:11.838]   received shard header from network in block tracker [0;36mshard[0m = 0 [0;36mepoch[0m = 0 [0;36mround[0m = 51 [0;36mnonce[0m = 44 [0;36mhash[0m = 87740c2d1a81b2f5d439dd47800d8e981bb0a74c4999350abf5df0175f230c6b 
[0;36mDEBUG[0m[2026-03-16 10:14:11.838]   received shard header from network in block tracker [0;36mshard[0m = 0 [0;36mepoch[0m = 0 [0;36mround[0m = 52 [0;36mnonce[0m = 45 [0;36mhash[0m = db4f241f5eb12048b74f54b90b8c5b244fbd2d1ea20f8ba0d43208a751e5a403 
[0;36mDEBUG[0m[2026-03-16 10:14:11.838]   received shard header from network in block tracker [0;36mshard[0m = 0 [0;36mepoch[0m = 0 [0;36mround[0m = 53 [0;36mnonce[0m = 46 [0;36mhash[0m = 491612a384beb0486d992cb068956bce39816e7c5d3284dff7d11a37c9c70a29 
[0;36mDEBUG[0m[2026-03-16 10:14:11.838]   received shard header from network in block tracker [0;36mshard[0m = 0 [0;36mepoch[0m = 0 [0;36mround[0m = 54 [0;36mnonce[0m = 47 [0;36mhash[0m = be228a68b44608ab535d32e336744c34dca1217f4f05f1921298b0ba65e4eb32 
[0;36mDEBUG[0m[2026-03-16 10:14:11.838]   received shard header from network in block tracker [0;36mshard[0m = 0 [0;36mepoch[0m = 0 [0;36mround[0m = 55 [0;36mnonce[0m = 48 [0;36mhash[0m = e146b2e6dabadfca321346ed0b494ef17e323f492cc5a7451f3cb35ec6bc2b7b 
[0;36mDEBUG[0m[2026-03-16 10:14:11.838]   received shard header from network in block tracker [0;36mshard[0m = 0 [0;36mepoch[0m = 0 [0;36mround[0m = 56 [0;36mnonce[0m = 49 [0;36mhash[0m = ef34529832b76235dfad133cbd342b77c8c5795e352c711776b2cd8ba25765fe 
[0;36mDEBUG[0m[2026-03-16 10:14:11.838]   received shard header from network in block tracker [0;36mshard[0m = 0 [0;36mepoch[0m = 0 [0;36mround[0m = 57 [0;36mnonce[0m = 50 [0;36mhash[0m = ce3c3445274357412ebb0ac6f709e0b98c1eeb47662235eb55432a0b3523e847 
[0;36mDEBUG[0m[2026-03-16 10:14:11.838]   received shard header from network in block tracker [0;36mshard[0m = 0 [0;36mepoch[0m = 0 [0;36mround[0m = 58 [0;36mnonce[0m = 51 [0;36mhash[0m = f6c24f349c4ca3583df725b0d4f23e00ad604f0ebe926314d74baaa966af5d3f 
[0;36mDEBUG[0m[2026-03-16 10:14:11.838]   received shard header from network in block tracker [0;36mshard[0m = 0 [0;36mepoch[0m = 0 [0;36mround[0m = 59 [0;36mnonce[0m = 52 [0;36mhash[0m = e8e66b938ee9a3fb248fa320a2d2cea97dbeebde02c0f641b16ddd8ea936987e 
[0;36mDEBUG[0m[2026-03-16 10:14:11.838]   received shard header from network in block tracker [0;36mshard[0m = 0 [0;36mepoch[0m = 0 [0;36mround[0m = 60 [0;36mnonce[0m = 53 [0;36mhash[0m = 796da3c631cabead8824d28ee6c0543b7d8edfe3bba4885fab6d435680bd0b28 
[0;36mDEBUG[0m[2026-03-16 10:14:11.838]   received shard header from network in block tracker [0;36mshard[0m = 0 [0;36mepoch[0m = 0 [0;36mround[0m = 61 [0;36mnonce[0m = 54 [0;36mhash[0m = 4124b904adbafb17937055d51064dfc68864ca64c4bfad93dc0d3251d8f91d35 
[0;36mDEBUG[0m[2026-03-16 10:14:11.838]   received shard header from network in block tracker [0;36mshard[0m = 0 [0;36mepoch[0m = 0 [0;36mround[0m = 62 [0;36mnonce[0m = 55 [0;36mhash[0m = 656107ebbb78fcca8cf5555e56f0be2f7a71b5dcbbac9dc9ced65670628c1dfc 
[0;36mDEBUG[0m[2026-03-16 10:14:11.838]   received shard header from network in block tracker [0;36mshard[0m = 0 [0;36mepoch[0m = 0 [0;36mround[0m = 63 [0;36mnonce[0m = 56 [0;36mhash[0m = d66a3a033eb1d89fe01c7a171875d547e3fdf7d3229e5fb82447504e79342622 
[0;36mDEBUG[0m[2026-03-16 10:14:11.838]   received shard header from network in block tracker [0;36mshard[0m = 0 [0;36mepoch[0m = 0 [0;36mround[0m = 64 [0;36mnonce[0m = 57 [0;36mhash[0m = 4e7a2696326c9320e637622bf3f92928c60ce2022ef69619eedd4fd8cf6d5af1 
[0;36mDEBUG[0m[2026-03-16 10:14:11.838]   received shard header from network in block tracker [0;36mshard[0m = 0 [0;36mepoch[0m = 0 [0;36mround[0m = 65 [0;36mnonce[0m = 58 [0;36mhash[0m = 5f7598cdd8bb5d229cb7e3a3536b164d9bc4fed620d3158fa08b306bbd72d6a6 
[0;36mDEBUG[0m[2026-03-16 10:14:11.838]   received shard header from network in block tracker [0;36mshard[0m = 0 [0;36mepoch[0m = 0 [0;36mround[0m = 66 [0;36mnonce[0m = 59 [0;36mhash[0m = 49a171a35361c3ec2d28b9da151ea314d3e8cf89309dfea4d8c63c53c2d42103 
[0;36mDEBUG[0m[2026-03-16 10:14:11.838]   received shard header from network in block tracker [0;36mshard[0m = 0 [0;36mepoch[0m = 0 [0;36mround[0m = 67 [0;36mnonce[0m = 60 [0;36mhash[0m = a47b70177dc1313bba64af6f68ded81771c02727d31f94f3fdbcc19925e4fbf6 
[0;36mDEBUG[0m[2026-03-16 10:14:11.838]   received shard header from network in block tracker [0;36mshard[0m = 0 [0;36mepoch[0m = 0 [0;36mround[0m = 68 [0;36mnonce[0m = 61 [0;36mhash[0m = c20386b8c81a348df0d1ac9ccae737c8da4d1ec0349eeeb411d3a192a4a101f9 
[0;36mDEBUG[0m[2026-03-16 10:14:11.838]   received shard header from network in block tracker [0;36mshard[0m = 0 [0;36mepoch[0m = 0 [0;36mround[0m = 69 [0;36mnonce[0m = 62 [0;36mhash[0m = 2b4b9589ec4cd386cd35545b66fe69d7b66030ffa7329a76d226b8ed0a55929a 
[0;36mDEBUG[0m[2026-03-16 10:14:11.838]   received shard header from network in block tracker [0;36mshard[0m = 0 [0;36mepoch[0m = 0 [0;36mround[0m = 70 [0;36mnonce[0m = 63 [0;36mhash[0m = ab17ec11f8df1adc397105671eaa0f842c24244579f7010b564adcde9a15ea39 
[0;36mDEBUG[0m[2026-03-16 10:14:11.838]   received shard header from network in block tracker [0;36mshard[0m = 0 [0;36mepoch[0m = 0 [0;36mround[0m = 71 [0;36mnonce[0m = 64 [0;36mhash[0m = d587e5f71a602c3e776e72b478d54be8180d22596f9dec928a4b7d04e839f063 
[0;36mDEBUG[0m[2026-03-16 10:14:11.838]   received shard header from network in block tracker [0;36mshard[0m = 0 [0;36mepoch[0m = 0 [0;36mround[0m = 72 [0;36mnonce[0m = 65 [0;36mhash[0m = c6f388d170298478b484d14b70ba8e70f3ca547f6343f9a6f2b54d82175a8618 
[0;36mDEBUG[0m[2026-03-16 10:14:11.838]   received shard header from network in block tracker [0;36mshard[0m = 0 [0;36mepoch[0m = 0 [0;36mround[0m = 73 [0;36mnonce[0m = 66 [0;36mhash[0m = 973c6d08f0a467b4600944e0afab2da39d437ac678f93f64dfba329bd93faf28 
[0;36mDEBUG[0m[2026-03-16 10:14:11.838]   received shard header from network in block tracker [0;36mshard[0m = 0 [0;36mepoch[0m = 0 [0;36mround[0m = 74 [0;36mnonce[0m = 67 [0;36mhash[0m = a43137a8a5570ca3668946136501ae824e2125234641316220804b61a3d9cc07 
[0;36mDEBUG[0m[2026-03-16 10:14:11.838]   received shard header from network in block tracker [0;36mshard[0m = 0 [0;36mepoch[0m = 0 [0;36mround[0m = 75 [0;36mnonce[0m = 68 [0;36mhash[0m = b07908899e5fe878d753e990f6a1004beeba4fc0276109e62032a95db822c46a 
[0;36mDEBUG[0m[2026-03-16 10:14:11.838]   received shard header from network in block tracker [0;36mshard[0m = 0 [0;36mepoch[0m = 0 [0;36mround[0m = 76 [0;36mnonce[0m = 69 [0;36mhash[0m = 8dbbba9f43f72c2f9c2932ebefde27411378fb33ead442a36b0ed640b829693b 
[0;36mDEBUG[0m[2026-03-16 10:14:11.838]   received shard header from network in block tracker [0;36mshard[0m = 0 [0;36mepoch[0m = 0 [0;36mround[0m = 77 [0;36mnonce[0m = 70 [0;36mhash[0m = 4d0432b8ac16d8ef1f14d77d531d285ee25262901d88c32170491b45cea95d36 
[0;36mDEBUG[0m[2026-03-16 10:14:11.838]   received shard header from network in block tracker [0;36mshard[0m = 0 [0;36mepoch[0m = 0 [0;36mround[0m = 78 [0;36mnonce[0m = 71 [0;36mhash[0m = c5b3d980e4dfb61fba33a185a09bd29f6c83bdee7912c5564f8b876b2c0b598f 
[0;36mDEBUG[0m[2026-03-16 10:14:11.838]   received shard header from network in block tracker [0;36mshard[0m = 0 [0;36mepoch[0m = 0 [0;36mround[0m = 79 [0;36mnonce[0m = 72 [0;36mhash[0m = f866ad80d9d6c629f1d707edd5e2385333f6a4ec3c795b61a2a96ad591945b31 
[0;36mDEBUG[0m[2026-03-16 10:14:11.838]   received shard header from network in block tracker [0;36mshard[0m = 0 [0;36mepoch[0m = 0 [0;36mround[0m = 80 [0;36mnonce[0m = 73 [0;36mhash[0m = b6209ebc7f1a55a5955dc302e297f8c6b0b96362ce84f6cffea2e2fec3d1602f 
[0;36mDEBUG[0m[2026-03-16 10:14:11.838]   received shard header from network in block tracker [0;36mshard[0m = 0 [0;36mepoch[0m = 0 [0;36mround[0m = 81 [0;36mnonce[0m = 74 [0;36mhash[0m = fb6c075a79f40a1cb4121d0e2f5c691830b85b95b13fca7e8883e3ea0a4cb904 
[0;36mDEBUG[0m[2026-03-16 10:14:11.838]   received shard header from network in block tracker [0;36mshard[0m = 0 [0;36mepoch[0m = 0 [0;36mround[0m = 82 [0;36mnonce[0m = 75 [0;36mhash[0m = 360d57be392a3d4bbea13d91eedb8a0387104089b69b6a3c3d1240af0e5f0404 
[0;36mDEBUG[0m[2026-03-16 10:14:11.838]   received shard header from network in block tracker [0;36mshard[0m = 0 [0;36mepoch[0m = 0 [0;36mround[0m = 83 [0;36mnonce[0m = 76 [0;36mhash[0m = f6011b4029e0dd74ce39b7eeb3fe22290aed5dbaee9d5438a02a61c98cd5ed60 
[0;36mDEBUG[0m[2026-03-16 10:14:11.838]   received shard header from network in block tracker [0;36mshard[0m = 0 [0;36mepoch[0m = 0 [0;36mround[0m = 84 [0;36mnonce[0m = 77 [0;36mhash[0m = 27cf01a593b24d748891bc588c74e81cb920b59efdb2093e4d8fd6ccef3df806 
[0;36mDEBUG[0m[2026-03-16 10:14:11.838]   received shard header from network in block tracker [0;36mshard[0m = 0 [0;36mepoch[0m = 0 [0;36mround[0m = 85 [0;36mnonce[0m = 78 [0;36mhash[0m = eb7bf93a58c44af5f3da48bdc4c41846476af612813103f8bd5179d72201cbdd 
[0;36mDEBUG[0m[2026-03-16 10:14:11.838]   received shard header from network in block tracker [0;36mshard[0m = 0 [0;36mepoch[0m = 0 [0;36mround[0m = 86 [0;36mnonce[0m = 79 [0;36mhash[0m = 81c1b9a41854b36f8e0b59f6aa56dd001ac7d742d82f57ffd9c17713b072b83f 
[0;36mDEBUG[0m[2026-03-16 10:14:11.838]   received shard header from network in block tracker [0;36mshard[0m = 0 [0;36mepoch[0m = 0 [0;36mround[0m = 87 [0;36mnonce[0m = 80 [0;36mhash[0m = 86791d3e5763c3f0f4d89ac791ec1c8bcce7fe5b4b2b8a2a27bdecfe9b3e588b 
[0;36mDEBUG[0m[2026-03-16 10:14:11.838]   received shard header from network in block tracker [0;36mshard[0m = 0 [0;36mepoch[0m = 0 [0;36mround[0m = 88 [0;36mnonce[0m = 81 [0;36mhash[0m = 5705c90600874506db20f6bc3e0af1225af10c3f526746c0ccaaaac8780f1c12 
[0;36mDEBUG[0m[2026-03-16 10:14:11.838]   received shard header from network in block tracker [0;36mshard[0m = 0 [0;36mepoch[0m = 0 [0;36mround[0m = 89 [0;36mnonce[0m = 82 [0;36mhash[0m = 82452799581994042f86b6e8ba5a8520aabd4c11d6805a1c0299d3a9f1e573dd 
[0;36mDEBUG[0m[2026-03-16 10:14:11.838]   received shard header from network in block tracker [0;36mshard[0m = 0 [0;36mepoch[0m = 0 [0;36mround[0m = 90 [0;36mnonce[0m = 83 [0;36mhash[0m = 5500f9e72f259a23b25b540883309bd63e53eac7bf36ca570c9bf7ef0db1d5d0 
[0;36mDEBUG[0m[2026-03-16 10:14:11.838]   received shard header from network in block tracker [0;36mshard[0m = 0 [0;36mepoch[0m = 0 [0;36mround[0m = 91 [0;36mnonce[0m = 84 [0;36mhash[0m = cc1e9feaa529efa62a642bc49005a8b8f9b6c3583028cc7845be18465d73270a 
[0;36mDEBUG[0m[2026-03-16 10:14:11.838]   received shard header from network in block tracker [0;36mshard[0m = 0 [0;36mepoch[0m = 0 [0;36mround[0m = 92 [0;36mnonce[0m = 85 [0;36mhash[0m = 59ee89d31a92192147d7bd08b5dfcb96bf22c99a8aa91e45a93a4519b64aa988 
[0;36mDEBUG[0m[2026-03-16 10:14:11.838]   received shard header from network in block tracker [0;36mshard[0m = 0 [0;36mepoch[0m = 0 [0;36mround[0m = 93 [0;36mnonce[0m = 86 [0;36mhash[0m = 3d753ada386c16182f99015395ea26df680f212b0dadd0470de2db314090617a 
[0;36mDEBUG[0m[2026-03-16 10:14:11.838]   received shard header from network in block tracker [0;36mshard[0m = 0 [0;36mepoch[0m = 0 [0;36mround[0m = 94 [0;36mnonce[0m = 87 [0;36mhash[0m = 0798529a0a79f89d1d1b63d97574a92e46f07192c2205440ae5de4fdfda5c216 
[0;36mDEBUG[0m[2026-03-16 10:14:11.838]   received shard header from network in block tracker [0;36mshard[0m = 0 [0;36mepoch[0m = 0 [0;36mround[0m = 95 [0;36mnonce[0m = 88 [0;36mhash[0m = 702864416dc485ffb3e636f41a39ba97fcd2a944f077b7b2d92cc82838c45e13 
[0;36mDEBUG[0m[2026-03-16 10:14:11.838]   received shard header from network in block tracker [0;36mshard[0m = 0 [0;36mepoch[0m = 0 [0;36mround[0m = 96 [0;36mnonce[0m = 89 [0;36mhash[0m = 4487995b0d339ab093c3d3582812dddedcf47516020441aed75caed43c685a86 
[0;36mDEBUG[0m[2026-03-16 10:14:11.838]   received shard header from network in block tracker [0;36mshard[0m = 0 [0;36mepoch[0m = 0 [0;36mround[0m = 97 [0;36mnonce[0m = 90 [0;36mhash[0m = 6f11c60b269480f3d2dd57b280b765962ac145dca7808b575eb969f601da3578 
[0;36mDEBUG[0m[2026-03-16 10:14:11.838]   received shard header from network in block tracker [0;36mshard[0m = 0 [0;36mepoch[0m = 0 [0;36mround[0m = 98 [0;36mnonce[0m = 91 [0;36mhash[0m = 84370e6fc56f6e1c8b6170f9f3985668da5442672450b1a01a485caa15559acd 
[0;36mDEBUG[0m[2026-03-16 10:14:11.838]   received shard header from network in block tracker [0;36mshard[0m = 0 [0;36mepoch[0m = 0 [0;36mround[0m = 99 [0;36mnonce[0m = 92 [0;36mhash[0m = 491a843b21cd37611ddcb1b4e2933bfd06586bf8ee0036968c07cc1dc437d0d6 
[0;36mDEBUG[0m[2026-03-16 10:14:11.838]   received shard header from network in block tracker [0;36mshard[0m = 0 [0;36mepoch[0m = 0 [0;36mround[0m = 100 [0;36mnonce[0m = 93 [0;36mhash[0m = 05ade04e0ffa588214cad5a3c57078cae1bf304562d34aa9865ea74893b1bfb9 
[0;36mDEBUG[0m[2026-03-16 10:14:11.838]   received shard header from network in block tracker [0;36mshard[0m = 0 [0;36mepoch[0m = 0 [0;36mround[0m = 101 [0;36mnonce[0m = 94 [0;36mhash[0m = ed4944f1f342ca0073876fbb27170594d0561b89beb971abf8b8acc1f8c1ec6a 
[0;36mDEBUG[0m[2026-03-16 10:14:11.838]   received shard header from network in block tracker [0;36mshard[0m = 0 [0;36mepoch[0m = 0 [0;36mround[0m = 102 [0;36mnonce[0m = 95 [0;36mhash[0m = f821bc459ffd5cdee54302105933b5e9a25a430d7965a9afbe24461c5d7d19d6 
[0;36mDEBUG[0m[2026-03-16 10:14:11.838]   received shard header from network in block tracker [0;36mshard[0m = 0 [0;36mepoch[0m = 0 [0;36mround[0m = 103 [0;36mnonce[0m = 96 [0;36mhash[0m = df6a0ac1b9f59b9fc4ec846d1ad762547b3d662bd31fcd7ba15d8cd77872ac60 
[0;36mDEBUG[0m[2026-03-16 10:14:11.838]   received shard header from network in block tracker [0;36mshard[0m = 0 [0;36mepoch[0m = 0 [0;36mround[0m = 104 [0;36mnonce[0m = 97 [0;36mhash[0m = 6d9b78531126d754303bb72aa0cec5fd206ec6cc90b108d799acc6cdb4e0eb03 
[0;36mDEBUG[0m[2026-03-16 10:14:11.838]   received shard header from network in block tracker [0;36mshard[0m = 0 [0;36mepoch[0m = 0 [0;36mround[0m = 105 [0;36mnonce[0m = 98 [0;36mhash[0m = caeda5fa6c58421c019b778f60feb94d41a399be92056688ec8d463a73bc02c6 
[0;36mDEBUG[0m[2026-03-16 10:14:11.838]   received shard header from network in block tracker [0;36mshard[0m = 0 [0;36mepoch[0m = 0 [0;36mround[0m = 106 [0;36mnonce[0m = 99 [0;36mhash[0m = 1a50ee5f3c768b5e56f11aaea3c9387d8acd9bbe24fc1e496c20de8e80455574 
[0;36mDEBUG[0m[2026-03-16 10:14:11.838]   received shard header from network in block tracker [0;36mshard[0m = 0 [0;36mepoch[0m = 0 [0;36mround[0m = 107 [0;36mnonce[0m = 100 [0;36mhash[0m = 9e24245060b965742ea671cc99f102fd870b1b81d24c6a5cf96a73bf4f70a8af 
[0;36mDEBUG[0m[2026-03-16 10:14:11.838]   received shard header from network in block tracker [0;36mshard[0m = 0 [0;36mepoch[0m = 0 [0;36mround[0m = 108 [0;36mnonce[0m = 101 [0;36mhash[0m = 1917bd51d668fd173366cf4b15a34e07a82e6638a0fd78bacb477b4b2bdb604a 
[0;36mDEBUG[0m[2026-03-16 10:14:11.838]   received shard header from network in block tracker [0;36mshard[0m = 0 [0;36mepoch[0m = 0 [0;36mround[0m = 109 [0;36mnonce[0m = 102 [0;36mhash[0m = 8f72b249a5cdbcb5198880f3bcdc6b9b42f69a25241b333109afcfb13e68fff5 
[0;36mDEBUG[0m[2026-03-16 10:14:11.838]   received shard header from network in block tracker [0;36mshard[0m = 0 [0;36mepoch[0m = 0 [0;36mround[0m = 110 [0;36mnonce[0m = 103 [0;36mhash[0m = 9531d3cb892ef2c8c2d127a02ba1b49f84840ed8feb09f9a152a2a7e21d34464 
[0;36mDEBUG[0m[2026-03-16 10:14:11.838]   received shard header from network in block tracker [0;36mshard[0m = 0 [0;36mepoch[0m = 0 [0;36mround[0m = 111 [0;36mnonce[0m = 104 [0;36mhash[0m = 40da378fa1b0c700861c40cb7f522f68b9f19317a76c033bf4aa8a7087d3d0ff 
[0;36mDEBUG[0m[2026-03-16 10:14:11.838]   received shard header from network in block tracker [0;36mshard[0m = 0 [0;36mepoch[0m = 0 [0;36mround[0m = 112 [0;36mnonce[0m = 105 [0;36mhash[0m = f93046e53b49aaff3d20164d0e8e4b2768a7c6bcce95818b3fdc40dcc55a0ab2 
[0;36mDEBUG[0m[2026-03-16 10:14:11.838]   received shard header from network in block tracker [0;36mshard[0m = 0 [0;36mepoch[0m = 0 [0;36mround[0m = 113 [0;36mnonce[0m = 106 [0;36mhash[0m = bf61d628450df2fb0280c3fe3d5edb8c714ce108a9cb74627697a3cfab59341a 
[0;36mDEBUG[0m[2026-03-16 10:14:11.838]   received shard header from network in block tracker [0;36mshard[0m = 0 [0;36mepoch[0m = 0 [0;36mround[0m = 114 [0;36mnonce[0m = 107 [0;36mhash[0m = 503b600e4f23c06d124bd097268507e7ce3fea493f6a0b21141e9bb31aca99ae 
[0;36mDEBUG[0m[2026-03-16 10:14:11.838]   received shard header from network in block tracker [0;36mshard[0m = 0 [0;36mepoch[0m = 0 [0;36mround[0m = 115 [0;36mnonce[0m = 108 [0;36mhash[0m = bde09a7abbb5e7df266a1a4c42cfe45289f7dce4e3e0d48c458c5a234a3e7e54 
[0;36mDEBUG[0m[2026-03-16 10:14:11.838]   received shard header from network in block tracker [0;36mshard[0m = 0 [0;36mepoch[0m = 0 [0;36mround[0m = 116 [0;36mnonce[0m = 109 [0;36mhash[0m = 3ca045e5ee8dd53c306b17a34188c0a3d2387169ff6882739c501e04ed7fdf32 
[0;36mDEBUG[0m[2026-03-16 10:14:11.838]   received shard header from network in block tracker [0;36mshard[0m = 0 [0;36mepoch[0m = 0 [0;36mround[0m = 117 [0;36mnonce[0m = 110 [0;36mhash[0m = fe4f357274f0ac59e7a0d53d9e562ee6378189dec21538c7f99ae2c403d1085d 
[0;36mDEBUG[0m[2026-03-16 10:14:11.838]   received shard header from network in block tracker [0;36mshard[0m = 0 [0;36mepoch[0m = 0 [0;36mround[0m = 118 [0;36mnonce[0m = 111 [0;36mhash[0m = e628e7284a7c48ae590b53e0f6be55ed55f32d238c790dd926f99430aa603aec 
[0;36mDEBUG[0m[2026-03-16 10:14:11.838]   received shard header from network in block tracker [0;36mshard[0m = 0 [0;36mepoch[0m = 0 [0;36mround[0m = 119 [0;36mnonce[0m = 112 [0;36mhash[0m = 266f8f17b4a7b77d319d90324bb1f09ecdcfd95bf6d6868e727d47413b39cb4d 
[0;36mDEBUG[0m[2026-03-16 10:14:11.838]   received shard header from network in block tracker [0;36mshard[0m = 0 [0;36mepoch[0m = 0 [0;36mround[0m = 120 [0;36mnonce[0m = 113 [0;36mhash[0m = be676db72a45fa0a12b9841fb971c7e31269c048fe38ce6969aefe6e5e1a9fba 
[0;36mDEBUG[0m[2026-03-16 10:14:11.838]   received shard header from network in block tracker [0;36mshard[0m = 0 [0;36mepoch[0m = 0 [0;36mround[0m = 121 [0;36mnonce[0m = 114 [0;36mhash[0m = ce8c133cca3bb331155c940dfc147da77b61de02548545f82f0d56d1a7f2fe2e 
[0;36mDEBUG[0m[2026-03-16 10:14:11.838]   received shard header from network in block tracker [0;36mshard[0m = 0 [0;36mepoch[0m = 0 [0;36mround[0m = 122 [0;36mnonce[0m = 115 [0;36mhash[0m = 113f1e28e72e68d518ae0b62f9fdcaea77281b3614b33e4bf635a268f235e709 
[0;36mDEBUG[0m[2026-03-16 10:14:11.838]   received shard header from network in block tracker [0;36mshard[0m = 0 [0;36mepoch[0m = 0 [0;36mround[0m = 123 [0;36mnonce[0m = 116 [0;36mhash[0m = ba8b9e5e2cff46560d1c620e4d897b021a03d5b6487e83013b2ecb21906a4c8f 
[0;36mDEBUG[0m[2026-03-16 10:14:11.838]   received shard header from network in block tracker [0;36mshard[0m = 0 [0;36mepoch[0m = 0 [0;36mround[0m = 124 [0;36mnonce[0m = 117 [0;36mhash[0m = 391ac2b58a84769663006917e6e101b7e88fe853eb488407a84432a5404d3b1e 
[0;36mDEBUG[0m[2026-03-16 10:14:11.838]   received shard header from network in block tracker [0;36mshard[0m = 0 [0;36mepoch[0m = 0 [0;36mround[0m = 125 [0;36mnonce[0m = 118 [0;36mhash[0m = 675bdba55c0b806d7ed92af6f1aa34f50580b1f19453e8c067eea59e52375055 
[0;36mDEBUG[0m[2026-03-16 10:14:11.838]   received shard header from network in block tracker [0;36mshard[0m = 0 [0;36mepoch[0m = 0 [0;36mround[0m = 126 [0;36mnonce[0m = 119 [0;36mhash[0m = 2d0c35e0d11fb5253b7f86045efe9bf186928f77a1b983d60dcd969531e52943 
[0;36mDEBUG[0m[2026-03-16 10:14:11.838]   received shard header from network in block tracker [0;36mshard[0m = 0 [0;36mepoch[0m = 0 [0;36mround[0m = 127 [0;36mnonce[0m = 120 [0;36mhash[0m = 0da1506b51c87372050fafd135e3a08c5af41a25a6df12a5d50c4701d5930c88 
[0;36mDEBUG[0m[2026-03-16 10:14:11.838]   received shard header from network in block tracker [0;36mshard[0m = 0 [0;36mepoch[0m = 0 [0;36mround[0m = 128 [0;36mnonce[0m = 121 [0;36mhash[0m = 70dafa6eac878be6db792a98977435a46311a7577c049e5ac04f365f12f64f6d 
[0;36mDEBUG[0m[2026-03-16 10:14:11.838]   received shard header from network in block tracker [0;36mshard[0m = 0 [0;36mepoch[0m = 0 [0;36mround[0m = 129 [0;36mnonce[0m = 122 [0;36mhash[0m = 9004d0c004d001bdbd54506da3848210f9ff53c557fdfaf7689cd6fb62495608 
[0;36mDEBUG[0m[2026-03-16 10:14:11.838]   received shard header from network in block tracker [0;36mshard[0m = 0 [0;36mepoch[0m = 0 [0;36mround[0m = 130 [0;36mnonce[0m = 123 [0;36mhash[0m = 428f5c82d9b4acc769c36d5ae70b4372c5d4c8c64bffb0e27592b16366d3de0e 
[0;36mDEBUG[0m[2026-03-16 10:14:11.838]   received shard header from network in block tracker [0;36mshard[0m = 0 [0;36mepoch[0m = 0 [0;36mround[0m = 131 [0;36mnonce[0m = 124 [0;36mhash[0m = 519fadb8bb38d6a3f39d307dd8ab7a691efe0222ea29c673b6f5fc1ec4ffb7a8 
[0;36mDEBUG[0m[2026-03-16 10:14:11.839]   received shard header from network in block tracker [0;36mshard[0m = 0 [0;36mepoch[0m = 0 [0;36mround[0m = 132 [0;36mnonce[0m = 125 [0;36mhash[0m = ec9dbfa4d4fca9c609f9e0b631aa1dc73876f4c354c4f9122a7b0752f9d49221 
[0;36mDEBUG[0m[2026-03-16 10:14:11.839]   received shard header from network in block tracker [0;36mshard[0m = 0 [0;36mepoch[0m = 0 [0;36mround[0m = 133 [0;36mnonce[0m = 126 [0;36mhash[0m = 423e9aeac5cd77b59da21ea5e0dc55aa1fa5a5878ac9a9e12f79b973735a3137 
[0;36mDEBUG[0m[2026-03-16 10:14:11.839]   received shard header from network in block tracker [0;36mshard[0m = 0 [0;36mepoch[0m = 0 [0;36mround[0m = 134 [0;36mnonce[0m = 127 [0;36mhash[0m = c0337ab8dba30465fcb3530bff4d7374b7e98e98a99a3a087f3027efe14d9eb1 
[0;36mDEBUG[0m[2026-03-16 10:14:11.839]   received shard header from network in block tracker [0;36mshard[0m = 0 [0;36mepoch[0m = 0 [0;36mround[0m = 135 [0;36mnonce[0m = 128 [0;36mhash[0m = ea458c2abefa8e27feacf890a786a4a99be305b3f6de91719556015e8938f53f 
[0;36mDEBUG[0m[2026-03-16 10:14:11.839]   received shard header from network in block tracker [0;36mshard[0m = 0 [0;36mepoch[0m = 0 [0;36mround[0m = 136 [0;36mnonce[0m = 129 [0;36mhash[0m = 12ac97ca40e17585f6feae778f42c0d6fce648822d6780a16375f0aa607341a9 
[0;36mDEBUG[0m[2026-03-16 10:14:11.839]   received shard header from network in block tracker [0;36mshard[0m = 0 [0;36mepoch[0m = 0 [0;36mround[0m = 137 [0;36mnonce[0m = 130 [0;36mhash[0m = a25b28749ffc7873f45d760346f079be86fc087fb8f63175f7f14ee8b854528b 
[0;36mDEBUG[0m[2026-03-16 10:14:11.839]   received shard header from network in block tracker [0;36mshard[0m = 0 [0;36mepoch[0m = 0 [0;36mround[0m = 138 [0;36mnonce[0m = 131 [0;36mhash[0m = b1b6eaec1921da6ff677afe3e93c0e90578f83e138a862c675e667886b2ca6d9 
[0;36mDEBUG[0m[2026-03-16 10:14:11.839]   received shard header from network in block tracker [0;36mshard[0m = 0 [0;36mepoch[0m = 0 [0;36mround[0m = 139 [0;36mnonce[0m = 132 [0;36mhash[0m = fa6aaa0122c5809dcca5fe0d31faa3d84c428468b0770a4aeaf2b671443b2a6c 
[0;36mDEBUG[0m[2026-03-16 10:14:11.839]   received shard header from network in block tracker [0;36mshard[0m = 0 [0;36mepoch[0m = 0 [0;36mround[0m = 140 [0;36mnonce[0m = 133 [0;36mhash[0m = 765e96be13140cff066048099403cf0cb5a6d254685cc8fa139604d4bdc054ee 
[0;36mDEBUG[0m[2026-03-16 10:14:11.839]   received shard header from network in block tracker [0;36mshard[0m = 0 [0;36mepoch[0m = 0 [0;36mround[0m = 141 [0;36mnonce[0m = 134 [0;36mhash[0m = 42c0085dda708311f33cde5865132e2983af7d9e1794394f01bea137cf41512d 
[0;36mDEBUG[0m[2026-03-16 10:14:11.839]   received shard header from network in block tracker [0;36mshard[0m = 0 [0;36mepoch[0m = 0 [0;36mround[0m = 142 [0;36mnonce[0m = 135 [0;36mhash[0m = a0448164bc8fc053009a096e0d6f254fc9d6c9caf8b0c36d2fa6de871772b6f3 
[0;36mDEBUG[0m[2026-03-16 10:14:11.839]   received shard header from network in block tracker [0;36mshard[0m = 0 [0;36mepoch[0m = 0 [0;36mround[0m = 143 [0;36mnonce[0m = 136 [0;36mhash[0m = ff61c0dc2bd700247e0cd48701792df4f80f82ad2f489cba65b8e0eef7fefe95 
[0;36mDEBUG[0m[2026-03-16 10:14:11.839]   received shard header from network in block tracker [0;36mshard[0m = 0 [0;36mepoch[0m = 0 [0;36mround[0m = 144 [0;36mnonce[0m = 137 [0;36mhash[0m = abd0a27523153b164fda81296744888c5ca78d363c9c0c11c9ef6d98d77d0867 
[0;36mDEBUG[0m[2026-03-16 10:14:11.839]   received shard header from network in block tracker [0;36mshard[0m = 0 [0;36mepoch[0m = 0 [0;36mround[0m = 145 [0;36mnonce[0m = 138 [0;36mhash[0m = 0bc030c92f67168644ded4185b6197cd2c2acbb9e843ea7421c6b517e0e04d83 
[0;36mDEBUG[0m[2026-03-16 10:14:11.839]   received shard header from network in block tracker [0;36mshard[0m = 0 [0;36mepoch[0m = 0 [0;36mround[0m = 146 [0;36mnonce[0m = 139 [0;36mhash[0m = 7c504690dc5be24d528c88e428ff422146fba8a416f1dcae2d219b4341db6299 
[0;36mDEBUG[0m[2026-03-16 10:14:11.839]   received shard header from network in block tracker [0;36mshard[0m = 0 [0;36mepoch[0m = 0 [0;36mround[0m = 147 [0;36mnonce[0m = 140 [0;36mhash[0m = 3762d238a74704ae57eeb8733f0c070374601fd26f067e9796db890c43a71b9f 
[0;36mDEBUG[0m[2026-03-16 10:14:11.839]   received shard header from network in block tracker [0;36mshard[0m = 0 [0;36mepoch[0m = 0 [0;36mround[0m = 148 [0;36mnonce[0m = 141 [0;36mhash[0m = 8c087b4e9c754a5d1b0e82a3ef15b24e9a6aa9ee81279b5f457bf7af7e6254ff 
[0;36mDEBUG[0m[2026-03-16 10:14:11.839]   received shard header from network in block tracker [0;36mshard[0m = 0 [0;36mepoch[0m = 0 [0;36mround[0m = 149 [0;36mnonce[0m = 142 [0;36mhash[0m = 5eb256ed556895c72f326a7880a697754e75407321eee2e04d40407f993d89ed 
[0;36mDEBUG[0m[2026-03-16 10:14:11.839]   received shard header from network in block tracker [0;36mshard[0m = 0 [0;36mepoch[0m = 0 [0;36mround[0m = 150 [0;36mnonce[0m = 143 [0;36mhash[0m = 0029821feecbb3a975aebeaef48cf3838507fdb54a8564a531ccdc8fa5ba2e26 
[0;36mDEBUG[0m[2026-03-16 10:14:11.839]   received shard header from network in block tracker [0;36mshard[0m = 0 [0;36mepoch[0m = 0 [0;36mround[0m = 151 [0;36mnonce[0m = 144 [0;36mhash[0m = d1d1c4eda5c1feb32fc812b37420a94386a4b5d51c98e40384282555cdd45c87 
[0;36mDEBUG[0m[2026-03-16 10:14:11.839]   received shard header from network in block tracker [0;36mshard[0m = 0 [0;36mepoch[0m = 0 [0;36mround[0m = 152 [0;36mnonce[0m = 145 [0;36mhash[0m = 6f47a813e07282d5d7270d6cd06961b10e9838986a7b35581f62be5eeea1a3fb 
[0;36mDEBUG[0m[2026-03-16 10:14:11.839]   received shard header from network in block tracker [0;36mshard[0m = 0 [0;36mepoch[0m = 0 [0;36mround[0m = 153 [0;36mnonce[0m = 146 [0;36mhash[0m = 31812106f352a67f2a6aaf364b1666093d4ffca1d6b17ac07e1ab05edc458f25 
[0;36mDEBUG[0m[2026-03-16 10:14:11.839]   received shard header from network in block tracker [0;36mshard[0m = 0 [0;36mepoch[0m = 0 [0;36mround[0m = 154 [0;36mnonce[0m = 147 [0;36mhash[0m = 1fe845f4b972d0d924643a8087e72a1065c48955097d25fba9fc4fa13aa2349e 
[0;36mDEBUG[0m[2026-03-16 10:14:11.839]   received shard header from network in block tracker [0;36mshard[0m = 0 [0;36mepoch[0m = 0 [0;36mround[0m = 155 [0;36mnonce[0m = 148 [0;36mhash[0m = b55b6b258cc4919d15842a97fdb0a52a9ab57c26c713b7bc238dbde7cd4f0f7d 
[0;36mDEBUG[0m[2026-03-16 10:14:11.839]   received shard header from network in block tracker [0;36mshard[0m = 0 [0;36mepoch[0m = 0 [0;36mround[0m = 156 [0;36mnonce[0m = 149 [0;36mhash[0m = 0cef4aa81802be0a9f8f0d3b13a740430b6e59ec546cf63c5f23753d5777c76d 
[0;36mDEBUG[0m[2026-03-16 10:14:11.839]   received shard header from network in block tracker [0;36mshard[0m = 0 [0;36mepoch[0m = 0 [0;36mround[0m = 157 [0;36mnonce[0m = 150 [0;36mhash[0m = 4393e4e12315f36895532bb3637f79e3948e2da590b6af1fe7fff75d723db120 
[0;36mDEBUG[0m[2026-03-16 10:14:11.839]   received shard header from network in block tracker [0;36mshard[0m = 0 [0;36mepoch[0m = 0 [0;36mround[0m = 158 [0;36mnonce[0m = 151 [0;36mhash[0m = 3ca12b13971944e976caeb9555866365bbb36a83baf341d4d6bb1bb48af0f644 
[0;36mDEBUG[0m[2026-03-16 10:14:11.839]   received shard header from network in block tracker [0;36mshard[0m = 0 [0;36mepoch[0m = 0 [0;36mround[0m = 159 [0;36mnonce[0m = 152 [0;36mhash[0m = 3a77f08dc2dc0d2ee082245bbb761cf284fde2f3ea6d501c74abb87c05d60ea9 
[0;36mDEBUG[0m[2026-03-16 10:14:11.839]   received shard header from network in block tracker [0;36mshard[0m = 0 [0;36mepoch[0m = 0 [0;36mround[0m = 160 [0;36mnonce[0m = 153 [0;36mhash[0m = 41bdfd04d2b0df587da7484e84430cdea4922c44388e323bb5815d51b7496e02 
[0;36mDEBUG[0m[2026-03-16 10:14:11.839]   received shard header from network in block tracker [0;36mshard[0m = 0 [0;36mepoch[0m = 0 [0;36mround[0m = 161 [0;36mnonce[0m = 154 [0;36mhash[0m = d14befa830a243f6c756a2ccb98eb10ced3f5f13dc16ff6574e38489103dbd3d 
[0;36mDEBUG[0m[2026-03-16 10:14:11.839]   received shard header from network in block tracker [0;36mshard[0m = 0 [0;36mepoch[0m = 0 [0;36mround[0m = 162 [0;36mnonce[0m = 155 [0;36mhash[0m = 40176715a896cfd472864615b6fcd4631abc257771677eac245cba63b88feeb5 
[0;36mDEBUG[0m[2026-03-16 10:14:11.839]   received shard header from network in block tracker [0;36mshard[0m = 0 [0;36mepoch[0m = 0 [0;36mround[0m = 163 [0;36mnonce[0m = 156 [0;36mhash[0m = 22968b5ba4464f9f83c84df3b350d81b8db87bc010e99b5126a9df44923519e8 
[0;36mDEBUG[0m[2026-03-16 10:14:11.839]   received shard header from network in block tracker [0;36mshard[0m = 0 [0;36mepoch[0m = 0 [0;36mround[0m = 164 [0;36mnonce[0m = 157 [0;36mhash[0m = 11e895fe1fab1921d3b5c878ca98be37075414f24500e199a7f8b27743df72c6 
[0;36mDEBUG[0m[2026-03-16 10:14:11.839]   received shard header from network in block tracker [0;36mshard[0m = 0 [0;36mepoch[0m = 0 [0;36mround[0m = 165 [0;36mnonce[0m = 158 [0;36mhash[0m = 7e59eb1fe48ccf0b4a21c1133442aff399caf7e1ff8d0aa512b38ddc78aa9438 
[0;36mDEBUG[0m[2026-03-16 10:14:11.839]   received shard header from network in block tracker [0;36mshard[0m = 0 [0;36mepoch[0m = 0 [0;36mround[0m = 166 [0;36mnonce[0m = 159 [0;36mhash[0m = 550e750ef5eea652d617a866d0acf67f1bc0589ce7a41ad3e29023d1aeac5638 
[0;36mDEBUG[0m[2026-03-16 10:14:11.839]   received shard header from network in block tracker [0;36mshard[0m = 0 [0;36mepoch[0m = 0 [0;36mround[0m = 167 [0;36mnonce[0m = 160 [0;36mhash[0m = 391ee29c855a0dd07034c9832f43f92c5aedd25af12a164144d2e35a8f91a27b 
[0;36mDEBUG[0m[2026-03-16 10:14:11.839]   received shard header from network in block tracker [0;36mshard[0m = 0 [0;36mepoch[0m = 0 [0;36mround[0m = 168 [0;36mnonce[0m = 161 [0;36mhash[0m = cda5f421171aefc73fd8f499dd68866bb7ed5cfa1a9386be309830c8067c4835 
[0;36mDEBUG[0m[2026-03-16 10:14:11.839]   received shard header from network in block tracker [0;36mshard[0m = 0 [0;36mepoch[0m = 0 [0;36mround[0m = 169 [0;36mnonce[0m = 162 [0;36mhash[0m = 8b1ca1156d14b5e63838c8fea5dc7a39c64c7bcdf0ad29e7a1ad78cd33dd517a 
[0;36mDEBUG[0m[2026-03-16 10:14:11.839]   received shard header from network in block tracker [0;36mshard[0m = 0 [0;36mepoch[0m = 0 [0;36mround[0m = 170 [0;36mnonce[0m = 163 [0;36mhash[0m = d4ba85a3c629ac36e4023dc4a9b5b6f1075741a76a0a214b9060b23fa375b76a 
[0;36mDEBUG[0m[2026-03-16 10:14:11.839]   received shard header from network in block tracker [0;36mshard[0m = 0 [0;36mepoch[0m = 0 [0;36mround[0m = 171 [0;36mnonce[0m = 164 [0;36mhash[0m = a2339d645ec9fa79df3ac819606e53747549896d93b574faa5f8690078133f27 
[0;36mDEBUG[0m[2026-03-16 10:14:11.839]   received shard header from network in block tracker [0;36mshard[0m = 0 [0;36mepoch[0m = 0 [0;36mround[0m = 172 [0;36mnonce[0m = 165 [0;36mhash[0m = a2e142874ae7857275789c4d8b3b0c0eae8184a2f274d4998729818c231b46bc 
[0;36mDEBUG[0m[2026-03-16 10:14:11.839]   received shard header from network in block tracker [0;36mshard[0m = 0 [0;36mepoch[0m = 0 [0;36mround[0m = 173 [0;36mnonce[0m = 166 [0;36mhash[0m = 1d8f3780cfc2f3a6535e786bb9aca97c23574943bc5af6ee7d3a7c67cd8e32ee 
[0;36mDEBUG[0m[2026-03-16 10:14:11.839]   received shard header from network in block tracker [0;36mshard[0m = 0 [0;36mepoch[0m = 0 [0;36mround[0m = 174 [0;36mnonce[0m = 167 [0;36mhash[0m = fbfbeac825ccc0408db8de7d6d7110d8769c820fa182258da2e19a270324c1d9 
[0;36mDEBUG[0m[2026-03-16 10:14:11.839]   received shard header from network in block tracker [0;36mshard[0m = 0 [0;36mepoch[0m = 0 [0;36mround[0m = 175 [0;36mnonce[0m = 168 [0;36mhash[0m = c3c219bced3a5f70b7347a702f4431c939271a68324e8ad5137a82503927980a 
[0;36mDEBUG[0m[2026-03-16 10:14:11.839]   received shard header from network in block tracker [0;36mshard[0m = 0 [0;36mepoch[0m = 0 [0;36mround[0m = 176 [0;36mnonce[0m = 169 [0;36mhash[0m = eea834292735f0299c8248e6829e683b7660b680de514b2bc295147d019b7839 
[0;36mDEBUG[0m[2026-03-16 10:14:11.839]   received shard header from network in block tracker [0;36mshard[0m = 0 [0;36mepoch[0m = 0 [0;36mround[0m = 177 [0;36mnonce[0m = 170 [0;36mhash[0m = 067efefc9a6b6c1218d6b507ff931ba6ee6fdc0351ebc723d19215dfeccec3a0 
[0;36mDEBUG[0m[2026-03-16 10:14:11.839]   received shard header from network in block tracker [0;36mshard[0m = 0 [0;36mepoch[0m = 0 [0;36mround[0m = 178 [0;36mnonce[0m = 171 [0;36mhash[0m = 8b29a4aa7b029aa3f7253475a37a22005049759b27ffedfa6d314aca0261f749 
[0;36mDEBUG[0m[2026-03-16 10:14:11.839]   received shard header from network in block tracker [0;36mshard[0m = 0 [0;36mepoch[0m = 0 [0;36mround[0m = 179 [0;36mnonce[0m = 172 [0;36mhash[0m = ad169c5e6b9d791eaa28621972ce2c142fa66df2bbc8ca1330dc7ea050b1b11b 
[0;36mDEBUG[0m[2026-03-16 10:14:11.839]   received shard header from network in block tracker [0;36mshard[0m = 0 [0;36mepoch[0m = 0 [0;36mround[0m = 180 [0;36mnonce[0m = 173 [0;36mhash[0m = 11dc5a7f01f9273bbd87285a63524732e580d83fe41e657645adeac13fd677f3 
[0;36mDEBUG[0m[2026-03-16 10:14:11.839]   received shard header from network in block tracker [0;36mshard[0m = 0 [0;36mepoch[0m = 0 [0;36mround[0m = 181 [0;36mnonce[0m = 174 [0;36mhash[0m = 133e6377a5271765eff95c735229e497764ef699b3d850e662b9d48ee46e4f10 
[0;36mDEBUG[0m[2026-03-16 10:14:11.839]   received shard header from network in block tracker [0;36mshard[0m = 0 [0;36mepoch[0m = 0 [0;36mround[0m = 182 [0;36mnonce[0m = 175 [0;36mhash[0m = b9da4eb9e2b9e2692b6ab302953531f6a448c6525788f58752659a868382c282 
[0;36mDEBUG[0m[2026-03-16 10:14:11.839]   received shard header from network in block tracker [0;36mshard[0m = 0 [0;36mepoch[0m = 0 [0;36mround[0m = 183 [0;36mnonce[0m = 176 [0;36mhash[0m = c54cf6ecefe3c98f368baee4d3f51d72e25d3d10bd9207349b0419bdcd1bd0d2 
[0;36mDEBUG[0m[2026-03-16 10:14:11.839]   received shard header from network in block tracker [0;36mshard[0m = 0 [0;36mepoch[0m = 0 [0;36mround[0m = 184 [0;36mnonce[0m = 177 [0;36mhash[0m = bbd5283763ea9018e155071389c296feddb16d94562f109285b14d3a4f9be5d7 
[0;36mDEBUG[0m[2026-03-16 10:14:11.839]   received shard header from network in block tracker [0;36mshard[0m = 0 [0;36mepoch[0m = 0 [0;36mround[0m = 185 [0;36mnonce[0m = 178 [0;36mhash[0m = 3d87572401fc9fc956d608d59d0cad221e894054144bb1a646497007dd5a183c 
[0;36mDEBUG[0m[2026-03-16 10:14:11.839]   received shard header from network in block tracker [0;36mshard[0m = 0 [0;36mepoch[0m = 0 [0;36mround[0m = 186 [0;36mnonce[0m = 179 [0;36mhash[0m = 26b39c074833c2d323e6990333afa40cc5f38dc21dd542a355e1db37e2f8481f 
[0;36mDEBUG[0m[2026-03-16 10:14:11.839]   received shard header from network in block tracker [0;36mshard[0m = 0 [0;36mepoch[0m = 0 [0;36mround[0m = 187 [0;36mnonce[0m = 180 [0;36mhash[0m = fb10160997a26a86745dce80ebd3c05e64d3f23b1ded402c360f5f958544decc 
[0;36mDEBUG[0m[2026-03-16 10:14:11.839]   received shard header from network in block tracker [0;36mshard[0m = 0 [0;36mepoch[0m = 0 [0;36mround[0m = 188 [0;36mnonce[0m = 181 [0;36mhash[0m = eabbf33bc184ae6aa4e0d94b42175d58267a8c1d0de35ef4fe9cd3548aa5088b 
[0;36mDEBUG[0m[2026-03-16 10:14:11.839]   received shard header from network in block tracker [0;36mshard[0m = 0 [0;36mepoch[0m = 0 [0;36mround[0m = 189 [0;36mnonce[0m = 182 [0;36mhash[0m = 17288892ee41ea84c967aae38a94077b0b3c81a860a6815e7e375035ec9d395a 
[0;36mDEBUG[0m[2026-03-16 10:14:11.839]   received shard header from network in block tracker [0;36mshard[0m = 0 [0;36mepoch[0m = 0 [0;36mround[0m = 190 [0;36mnonce[0m = 183 [0;36mhash[0m = 56b4d91aeca494a1ec2823d9c39a97331be0e7f5f41c0debf305048118faf8d0 
[0;36mDEBUG[0m[2026-03-16 10:14:11.839]   received shard header from network in block tracker [0;36mshard[0m = 0 [0;36mepoch[0m = 0 [0;36mround[0m = 191 [0;36mnonce[0m = 184 [0;36mhash[0m = 9eac018a7be8fc367cd0b6d0dda99a617293040deeba90b68a19c8b1f4bc2990 
[0;36mDEBUG[0m[2026-03-16 10:14:11.839]   received shard header from network in block tracker [0;36mshard[0m = 0 [0;36mepoch[0m = 0 [0;36mround[0m = 192 [0;36mnonce[0m = 185 [0;36mhash[0m = a7c1366a3daf601fbdb96a7206895b037c332e3b08ccba90c4c01f2c76b7b2f7 
[0;36mDEBUG[0m[2026-03-16 10:14:11.839]   received shard header from network in block tracker [0;36mshard[0m = 0 [0;36mepoch[0m = 0 [0;36mround[0m = 193 [0;36mnonce[0m = 186 [0;36mhash[0m = 35f39dc125a0623707fc5ac6ab1280f4385b3c6cca6331d27e0432cc0070aad2 
[0;36mDEBUG[0m[2026-03-16 10:14:11.839]   received shard header from network in block tracker [0;36mshard[0m = 0 [0;36mepoch[0m = 0 [0;36mround[0m = 194 [0;36mnonce[0m = 187 [0;36mhash[0m = 9ab5fa42ccd5b78c7acc189c692aa210df8fd65897c837d0a007504f6b35a761 
[0;36mDEBUG[0m[2026-03-16 10:14:11.839]   received shard header from network in block tracker [0;36mshard[0m = 0 [0;36mepoch[0m = 0 [0;36mround[0m = 195 [0;36mnonce[0m = 188 [0;36mhash[0m = 6f9db77e98c16e54f42ce44e5e3d9053ec549cc0f64f14250d788c8d21530357 
[0;36mDEBUG[0m[2026-03-16 10:14:11.839]   received shard header from network in block tracker [0;36mshard[0m = 0 [0;36mepoch[0m = 0 [0;36mround[0m = 196 [0;36mnonce[0m = 189 [0;36mhash[0m = 9443cb6d51c3168d41c6035791f71aeb366e015b91cdfb157893542226ada5e8 
[0;36mDEBUG[0m[2026-03-16 10:14:11.839]   received shard header from network in block tracker [0;36mshard[0m = 0 [0;36mepoch[0m = 0 [0;36mround[0m = 197 [0;36mnonce[0m = 190 [0;36mhash[0m = a0984726da08a8c4e50e07767d7a3279bacc5db630403b5c4dee33913f077bca 
[0;36mDEBUG[0m[2026-03-16 10:14:11.839]   received shard header from network in block tracker [0;36mshard[0m = 0 [0;36mepoch[0m = 0 [0;36mround[0m = 198 [0;36mnonce[0m = 191 [0;36mhash[0m = 5bb2bce78a37347834d60c0471f39cc19f3c0c03b32bc9593767b0cc868b99fe 
[0;36mDEBUG[0m[2026-03-16 10:14:11.839]   received shard header from network in block tracker [0;36mshard[0m = 0 [0;36mepoch[0m = 0 [0;36mround[0m = 199 [0;36mnonce[0m = 192 [0;36mhash[0m = 3c4510d18c4676dc48c5002c288ed2d80e3b43194fbd4da823d76b2a63a22399 
[0;36mDEBUG[0m[2026-03-16 10:14:11.839]   received shard header from network in block tracker [0;36mshard[0m = 0 [0;36mepoch[0m = 0 [0;36mround[0m = 200 [0;36mnonce[0m = 193 [0;36mhash[0m = d6daa5bfabe884910cc43a26e047e31c85b9990af03362738ac63aeade3f9847 
[0;36mDEBUG[0m[2026-03-16 10:14:11.839]   received shard header from network in block tracker [0;36mshard[0m = 0 [0;36mepoch[0m = 0 [0;36mround[0m = 201 [0;36mnonce[0m = 194 [0;36mhash[0m = 4e616458dc340de60a150a6fc462457fb8c61c15b344eb0cca4d6337dac8ca6b 
[0;36mDEBUG[0m[2026-03-16 10:14:11.839]   received shard header from network in block tracker [0;36mshard[0m = 0 [0;36mepoch[0m = 0 [0;36mround[0m = 202 [0;36mnonce[0m = 195 [0;36mhash[0m = 930a764442bd4cfcbd8a673e9424f3c4e3acb550473625469b2ff2d5f9e446a4 
[0;36mDEBUG[0m[2026-03-16 10:14:11.839]   received shard header from network in block tracker [0;36mshard[0m = 0 [0;36mepoch[0m = 0 [0;36mround[0m = 203 [0;36mnonce[0m = 196 [0;36mhash[0m = c9e7a5202ef2a8f3a97722812834a74755823fe3b8fa2afa2a3cb01f53a8ea07 
[0;36mDEBUG[0m[2026-03-16 10:14:11.839]   received shard header from network in block tracker [0;36mshard[0m = 0 [0;36mepoch[0m = 0 [0;36mround[0m = 204 [0;36mnonce[0m = 197 [0;36mhash[0m = 884214bfd6d5b9a9416b4b90b8c322685334c41d958890c4a1ced9d0b17306eb 
[0;36mDEBUG[0m[2026-03-16 10:14:11.839]   received shard header from network in block tracker [0;36mshard[0m = 0 [0;36mepoch[0m = 0 [0;36mround[0m = 205 [0;36mnonce[0m = 198 [0;36mhash[0m = 67ca5c62aedef8dcbce59a04597b5f48ea3af77e9c0f36ce02447840c4896e57 
[0;36mDEBUG[0m[2026-03-16 10:14:11.839]   received shard header from network in block tracker [0;36mshard[0m = 0 [0;36mepoch[0m = 0 [0;36mround[0m = 206 [0;36mnonce[0m = 199 [0;36mhash[0m = 2ee08d71e74965777bf98987bc457c28bd5fea5b870d01984b2c58fa24c3813e 
[0;36mDEBUG[0m[2026-03-16 10:14:11.839]   received shard header from network in block tracker [0;36mshard[0m = 0 [0;36mepoch[0m = 0 [0;36mround[0m = 207 [0;36mnonce[0m = 200 [0;36mhash[0m = 53967733b88a3ec54a6e925cead5ea1d70e72527b3dda348510bba6cbd5e5f3d 
[0;36mDEBUG[0m[2026-03-16 10:14:11.839]   received shard header from network in block tracker [0;36mshard[0m = 0 [0;36mepoch[0m = 0 [0;36mround[0m = 208 [0;36mnonce[0m = 201 [0;36mhash[0m = 58bae2cf5a3d336cbc741c6e2bc4843d2cc7432d39a10be2c9abe42c81a373c6 
[0;36mDEBUG[0m[2026-03-16 10:14:11.839]   received shard header from network in block tracker [0;36mshard[0m = 0 [0;36mepoch[0m = 0 [0;36mround[0m = 209 [0;36mnonce[0m = 202 [0;36mhash[0m = b9588c5b7161bc51be13a5d8547c76c2cde42993595b3ee40d7493502d992636 
[0;36mDEBUG[0m[2026-03-16 10:14:11.839]   received shard header from network in block tracker [0;36mshard[0m = 0 [0;36mepoch[0m = 0 [0;36mround[0m = 210 [0;36mnonce[0m = 203 [0;36mhash[0m = 5ec213b83c9f8d055029a0578677b0bd43993f7e7d9cce570fe17d56bdac34d6 
[0;36mDEBUG[0m[2026-03-16 10:14:11.839]   received shard header from network in block tracker [0;36mshard[0m = 0 [0;36mepoch[0m = 0 [0;36mround[0m = 211 [0;36mnonce[0m = 204 [0;36mhash[0m = 32af016e1e959fb33da90955090a7cfcf904b1ac5883c478271842544a0ee00c 
[0;36mDEBUG[0m[2026-03-16 10:14:11.839]   received shard header from network in block tracker [0;36mshard[0m = 0 [0;36mepoch[0m = 0 [0;36mround[0m = 212 [0;36mnonce[0m = 205 [0;36mhash[0m = 385c0af3340168497366c42c1eebae4dc11efecc4b6b07f634dd396214b7059d 
[0;36mDEBUG[0m[2026-03-16 10:14:11.839]   received shard header from network in block tracker [0;36mshard[0m = 0 [0;36mepoch[0m = 0 [0;36mround[0m = 213 [0;36mnonce[0m = 206 [0;36mhash[0m = 840df339ea565e15f932e9f6f0da3331cfe628289bf6d7054b810b7deb317ad7 
[0;36mDEBUG[0m[2026-03-16 10:14:11.839]   received shard header from network in block tracker [0;36mshard[0m = 0 [0;36mepoch[0m = 0 [0;36mround[0m = 214 [0;36mnonce[0m = 207 [0;36mhash[0m = 52a0f38f9f7e2d9bb78b7e68f01bf0bcd33dec08f3179bb64532562ae0b1fd1b 
[0;36mDEBUG[0m[2026-03-16 10:14:11.839]   received shard header from network in block tracker [0;36mshard[0m = 0 [0;36mepoch[0m = 0 [0;36mround[0m = 215 [0;36mnonce[0m = 208 [0;36mhash[0m = dab9947078ca44979d201755378faefe9d54703829756bfffca5945b0f210e28 
[0;36mDEBUG[0m[2026-03-16 10:14:11.839]   received shard header from network in block tracker [0;36mshard[0m = 0 [0;36mepoch[0m = 0 [0;36mround[0m = 216 [0;36mnonce[0m = 209 [0;36mhash[0m = 02e624ff8d7f4d21ba3151af40fb450de384fcbba637dbaa659440a2a6c0247e 
[0;36mDEBUG[0m[2026-03-16 10:14:11.839]   received shard header from network in block tracker [0;36mshard[0m = 0 [0;36mepoch[0m = 0 [0;36mround[0m = 217 [0;36mnonce[0m = 210 [0;36mhash[0m = d9455d94927502a8cb5e7b04e1e2b00849f130ed36a355c30ae1f9d7479e67b6 
[0;36mDEBUG[0m[2026-03-16 10:14:11.839]   received shard header from network in block tracker [0;36mshard[0m = 0 [0;36mepoch[0m = 0 [0;36mround[0m = 218 [0;36mnonce[0m = 211 [0;36mhash[0m = 44d82124fd998a35259070165babe949364a0b2cad53a0d413d5ef02f0b212c1 
[0;36mDEBUG[0m[2026-03-16 10:14:11.839]   received shard header from network in block tracker [0;36mshard[0m = 0 [0;36mepoch[0m = 0 [0;36mround[0m = 219 [0;36mnonce[0m = 212 [0;36mhash[0m = 5f4ef131167d10eabc4d3653bdba693385826c08f365a240ea02eec630bb7e88 
[0;36mDEBUG[0m[2026-03-16 10:14:11.839]   received shard header from network in block tracker [0;36mshard[0m = 0 [0;36mepoch[0m = 0 [0;36mround[0m = 220 [0;36mnonce[0m = 213 [0;36mhash[0m = f05e8b85616d75704d1ed752b53019956c58ebb01b527c49198c83ee0cb88a2e 
[0;36mDEBUG[0m[2026-03-16 10:14:11.839]   received shard header from network in block tracker [0;36mshard[0m = 0 [0;36mepoch[0m = 0 [0;36mround[0m = 221 [0;36mnonce[0m = 214 [0;36mhash[0m = b3055fa7f73be6a35d6b585f77161d6f13894af9421a391f6bb5b5fe23adf42a 
[0;36mDEBUG[0m[2026-03-16 10:14:11.840]   received shard header from network in block tracker [0;36mshard[0m = 0 [0;36mepoch[0m = 0 [0;36mround[0m = 222 [0;36mnonce[0m = 215 [0;36mhash[0m = 0359b011f8f313cc9e34c02fd495999e0a72b45688a3dcfbd28e1773795b978d 
[0;36mDEBUG[0m[2026-03-16 10:14:11.840]   received shard header from network in block tracker [0;36mshard[0m = 0 [0;36mepoch[0m = 0 [0;36mround[0m = 223 [0;36mnonce[0m = 216 [0;36mhash[0m = db98e16377700c75ee9efe529d69282a457dc3a96c0652f8c9546e9798d97c7e 
[0;36mDEBUG[0m[2026-03-16 10:14:11.840]   received shard header from network in block tracker [0;36mshard[0m = 0 [0;36mepoch[0m = 0 [0;36mround[0m = 224 [0;36mnonce[0m = 217 [0;36mhash[0m = 147a10d54c50dd7d46fdac13fdba0d20bae167fb02bb255986fa82daf0b25d92 
[0;36mDEBUG[0m[2026-03-16 10:14:11.840]   received shard header from network in block tracker [0;36mshard[0m = 0 [0;36mepoch[0m = 0 [0;36mround[0m = 225 [0;36mnonce[0m = 218 [0;36mhash[0m = e24c9fcf525f5799ca3a4ed8298ac0ba6dc59011864a23597fee88f1f6fc7e08 
[0;36mDEBUG[0m[2026-03-16 10:14:11.840]   received shard header from network in block tracker [0;36mshard[0m = 0 [0;36mepoch[0m = 0 [0;36mround[0m = 226 [0;36mnonce[0m = 219 [0;36mhash[0m = 16a84cc8111d42698aba7349535f6c637f15d851998aa9185841be0ee093d09a 
[0;36mDEBUG[0m[2026-03-16 10:14:11.840]   received shard header from network in block tracker [0;36mshard[0m = 0 [0;36mepoch[0m = 0 [0;36mround[0m = 227 [0;36mnonce[0m = 220 [0;36mhash[0m = ca99ed0580dd02c007e5887362ffc22a561cfe2b10073bd6eedc27abcf304acb 
[0;36mDEBUG[0m[2026-03-16 10:14:11.840]   received shard header from network in block tracker [0;36mshard[0m = 0 [0;36mepoch[0m = 0 [0;36mround[0m = 228 [0;36mnonce[0m = 221 [0;36mhash[0m = 0db8bcc567a4f64b0e373a571172521d5fb6221a6aaead87abb1a2c1c5ab9614 
[0;36mDEBUG[0m[2026-03-16 10:14:11.840]   received shard header from network in block tracker [0;36mshard[0m = 0 [0;36mepoch[0m = 0 [0;36mround[0m = 229 [0;36mnonce[0m = 222 [0;36mhash[0m = 6507db1cb7572615bd61fae8b0667b53efe4c913b789a509d8fcc3d2a3fd6066 
[0;36mDEBUG[0m[2026-03-16 10:14:11.840]   received shard header from network in block tracker [0;36mshard[0m = 0 [0;36mepoch[0m = 0 [0;36mround[0m = 230 [0;36mnonce[0m = 223 [0;36mhash[0m = 7dd1629a2aa726cd62fe17abfc5c12ead5d30102441bb742cd34faac5a333703 
[0;36mDEBUG[0m[2026-03-16 10:14:11.840]   received shard header from network in block tracker [0;36mshard[0m = 0 [0;36mepoch[0m = 0 [0;36mround[0m = 231 [0;36mnonce[0m = 224 [0;36mhash[0m = cef3b17ced12b07226685112d7e3c70e439f2b7ccc2ae8fca650677c0e13c8d9 
[0;36mDEBUG[0m[2026-03-16 10:14:11.840]   received shard header from network in block tracker [0;36mshard[0m = 0 [0;36mepoch[0m = 0 [0;36mround[0m = 232 [0;36mnonce[0m = 225 [0;36mhash[0m = d402465f82d7fd9bec7cc3bb455c4efc9c3df409c2c1f2004d9f506701d31321 
[0;36mDEBUG[0m[2026-03-16 10:14:11.840]   received shard header from network in block tracker [0;36mshard[0m = 0 [0;36mepoch[0m = 0 [0;36mround[0m = 233 [0;36mnonce[0m = 226 [0;36mhash[0m = 7515893a29477d8c2d242db17a70540e6408529ccc9185e7e2435d3fce278c67 
[0;36mDEBUG[0m[2026-03-16 10:14:11.840]   received shard header from network in block tracker [0;36mshard[0m = 0 [0;36mepoch[0m = 0 [0;36mround[0m = 234 [0;36mnonce[0m = 227 [0;36mhash[0m = e147aa89a6e53559c7b81ed450175b3fc6dad2df8d8f176acabb01505588dafa 
[0;36mDEBUG[0m[2026-03-16 10:14:11.840]   received shard header from network in block tracker [0;36mshard[0m = 0 [0;36mepoch[0m = 0 [0;36mround[0m = 235 [0;36mnonce[0m = 228 [0;36mhash[0m = 340ffe5baa3114a233bd56e4939fa6d6a857855cb07ee41e23aeb5f0c6867486 
[0;36mDEBUG[0m[2026-03-16 10:14:11.840]   received shard header from network in block tracker [0;36mshard[0m = 0 [0;36mepoch[0m = 0 [0;36mround[0m = 236 [0;36mnonce[0m = 229 [0;36mhash[0m = 4698f4ad664136510d420ca5660cd6cfd5d497c5a3574978e6c44ec7442fbcaf 
[0;36mDEBUG[0m[2026-03-16 10:14:11.840]   received shard header from network in block tracker [0;36mshard[0m = 0 [0;36mepoch[0m = 0 [0;36mround[0m = 237 [0;36mnonce[0m = 230 [0;36mhash[0m = ccecb1ec64bac41273b34d35c72e5a96d95a853aa807b5050b23ad869b772eb7 
[0;36mDEBUG[0m[2026-03-16 10:14:11.840]   received shard header from network in block tracker [0;36mshard[0m = 0 [0;36mepoch[0m = 0 [0;36mround[0m = 238 [0;36mnonce[0m = 231 [0;36mhash[0m = 9ca252c2a13d0ecdb7489d0d00b31fe5db790e6fe9282314c943b07258a05e23 
[0;36mDEBUG[0m[2026-03-16 10:14:11.840]   received shard header from network in block tracker [0;36mshard[0m = 0 [0;36mepoch[0m = 0 [0;36mround[0m = 239 [0;36mnonce[0m = 232 [0;36mhash[0m = a437d5aa23fa6b18375d5ebcbefd89abb6a5dee336e775f66f65197ecd866634 
[0;36mDEBUG[0m[2026-03-16 10:14:11.840]   received shard header from network in block tracker [0;36mshard[0m = 0 [0;36mepoch[0m = 0 [0;36mround[0m = 240 [0;36mnonce[0m = 233 [0;36mhash[0m = b4e3e8193b78e23197f0b56bd551811e51ecd0876bbfeb357e91fac8edce4a6e 
[0;36mDEBUG[0m[2026-03-16 10:14:11.840]   received shard header from network in block tracker [0;36mshard[0m = 0 [0;36mepoch[0m = 0 [0;36mround[0m = 241 [0;36mnonce[0m = 234 [0;36mhash[0m = 3ba7d91f79fbf954cfe1ee81de999da7240b94fbbb7b31b41ed6948b448caa93 
[0;36mDEBUG[0m[2026-03-16 10:14:11.840]   received shard header from network in block tracker [0;36mshard[0m = 0 [0;36mepoch[0m = 0 [0;36mround[0m = 242 [0;36mnonce[0m = 235 [0;36mhash[0m = b849a78a1b1d587f6a2d42cf14a7e7e8fa4859ccdcf7c8decea16c1399422490 
[0;36mDEBUG[0m[2026-03-16 10:14:11.840]   received shard header from network in block tracker [0;36mshard[0m = 0 [0;36mepoch[0m = 0 [0;36mround[0m = 243 [0;36mnonce[0m = 236 [0;36mhash[0m = 539e5d0810050cacc3c39a9689404a4ef554f38ce5f8e6bada169b1a0bd3d8db 
[0;36mDEBUG[0m[2026-03-16 10:14:11.840]   received shard header from network in block tracker [0;36mshard[0m = 0 [0;36mepoch[0m = 0 [0;36mround[0m = 244 [0;36mnonce[0m = 237 [0;36mhash[0m = 96feb4ad598d982d68f8e7b92c6359ba6d074e0c23be047485c79ee55248095e 
[0;36mDEBUG[0m[2026-03-16 10:14:11.840]   received shard header from network in block tracker [0;36mshard[0m = 0 [0;36mepoch[0m = 0 [0;36mround[0m = 245 [0;36mnonce[0m = 238 [0;36mhash[0m = e58c9c03c423e15673e80ac9d4f2644b60c3f1cd86094e3f0559000a09a7eccb 
[0;36mDEBUG[0m[2026-03-16 10:14:11.840]   received shard header from network in block tracker [0;36mshard[0m = 0 [0;36mepoch[0m = 0 [0;36mround[0m = 246 [0;36mnonce[0m = 239 [0;36mhash[0m = d735082d34f990f9f700b3e9731753f9fccebe45bed50f4971cb692d726e2560 
[0;36mDEBUG[0m[2026-03-16 10:14:11.840]   received shard header from network in block tracker [0;36mshard[0m = 0 [0;36mepoch[0m = 0 [0;36mround[0m = 247 [0;36mnonce[0m = 240 [0;36mhash[0m = ea3c499b6a66d16178c18233eb7b1ae9fdb3af1aec17ae7ddb1990f4e7599eb0 
[0;36mDEBUG[0m[2026-03-16 10:14:11.840]   received shard header from network in block tracker [0;36mshard[0m = 0 [0;36mepoch[0m = 0 [0;36mround[0m = 248 [0;36mnonce[0m = 241 [0;36mhash[0m = c1d4ca8a288a4f0f41e8882bc9316a283ad3cc0f83ede6312be8bf8aeb32c0ad 
[0;36mDEBUG[0m[2026-03-16 10:14:11.840]   received shard header from network in block tracker [0;36mshard[0m = 0 [0;36mepoch[0m = 0 [0;36mround[0m = 249 [0;36mnonce[0m = 242 [0;36mhash[0m = f6625a5abfd742ff1cecfda4bff84d31d6d0663d9bc0d058d8c18fd12669489b 
[0;36mDEBUG[0m[2026-03-16 10:14:11.840]   received shard header from network in block tracker [0;36mshard[0m = 0 [0;36mepoch[0m = 0 [0;36mround[0m = 250 [0;36mnonce[0m = 243 [0;36mhash[0m = e26321b1c56453db81ba6bf67337d4ed53cb3de139b6423764f5b64ed461b134 
[0;36mDEBUG[0m[2026-03-16 10:14:11.840]   received shard header from network in block tracker [0;36mshard[0m = 0 [0;36mepoch[0m = 0 [0;36mround[0m = 251 [0;36mnonce[0m = 244 [0;36mhash[0m = be3a2a50ee069dd89c658b0d815a17864870f27464d7a51ac68c5b9b18729599 
[0;36mDEBUG[0m[2026-03-16 10:14:11.840]   received shard header from network in block tracker [0;36mshard[0m = 0 [0;36mepoch[0m = 0 [0;36mround[0m = 252 [0;36mnonce[0m = 245 [0;36mhash[0m = 7041ebe24ada96529e3738722bac335eb686738e39e42ec8177fb552dfb3f87f 
[0;36mDEBUG[0m[2026-03-16 10:14:11.840]   received shard header from network in block tracker [0;36mshard[0m = 0 [0;36mepoch[0m = 0 [0;36mround[0m = 253 [0;36mnonce[0m = 246 [0;36mhash[0m = b6edb06f04b57d2a9d5498d2d8cd28a51f78242b7d7cf3697ac12ba9c057fe7b 
[0;36mDEBUG[0m[2026-03-16 10:14:11.840]   received shard header from network in block tracker [0;36mshard[0m = 0 [0;36mepoch[0m = 0 [0;36mround[0m = 254 [0;36mnonce[0m = 247 [0;36mhash[0m = f5aef7a6625a74643d0dc9b96798e20d1ebccbb859766afd5a8adefa4c8f7207 
[0;36mDEBUG[0m[2026-03-16 10:14:11.840]   received shard header from network in block tracker [0;36mshard[0m = 0 [0;36mepoch[0m = 0 [0;36mround[0m = 255 [0;36mnonce[0m = 248 [0;36mhash[0m = cffddc625d4477d7c066b72938b5435f0ce33443a23b25a1dc944df28346c18b 
[0;36mDEBUG[0m[2026-03-16 10:14:11.840]   received shard header from network in block tracker [0;36mshard[0m = 0 [0;36mepoch[0m = 0 [0;36mround[0m = 256 [0;36mnonce[0m = 249 [0;36mhash[0m = d5519fadcbf1173eef597616b4b85457ef41d18a3d3f7f82d071d72c27a76008 
[0;36mDEBUG[0m[2026-03-16 10:14:11.840]   received shard header from network in block tracker [0;36mshard[0m = 0 [0;36mepoch[0m = 0 [0;36mround[0m = 257 [0;36mnonce[0m = 250 [0;36mhash[0m = 94352b51eb87a2a513c720a10a47dd81141f254543a4e0560d48d3c0f24ae5ee 
[0;36mDEBUG[0m[2026-03-16 10:14:11.840]   received shard header from network in block tracker [0;36mshard[0m = 0 [0;36mepoch[0m = 0 [0;36mround[0m = 258 [0;36mnonce[0m = 251 [0;36mhash[0m = 60f15f074357a15f8e2a0ae9fe1b19160796d63f0ab412aecc45648acba79232 
[0;36mDEBUG[0m[2026-03-16 10:14:11.840]   received shard header from network in block tracker [0;36mshard[0m = 0 [0;36mepoch[0m = 0 [0;36mround[0m = 259 [0;36mnonce[0m = 252 [0;36mhash[0m = 715b3c2fc0628015031c0137722a197c34bce059eb819c380d086271a74c997d 
[0;36mDEBUG[0m[2026-03-16 10:14:11.840]   received shard header from network in block tracker [0;36mshard[0m = 0 [0;36mepoch[0m = 0 [0;36mround[0m = 260 [0;36mnonce[0m = 253 [0;36mhash[0m = 91cb9860ecb24834b42f1afebaa59614a34c1deea1595811bbc01b30f7868981 
[0;36mDEBUG[0m[2026-03-16 10:14:11.840]   received shard header from network in block tracker [0;36mshard[0m = 0 [0;36mepoch[0m = 0 [0;36mround[0m = 261 [0;36mnonce[0m = 254 [0;36mhash[0m = 9dbc739f0daf8efc9bcf550e99a6f35c9f01ebcc5fda9cd3efc0c6ebacf48e96 
[0;36mDEBUG[0m[2026-03-16 10:14:11.840]   received shard header from network in block tracker [0;36mshard[0m = 0 [0;36mepoch[0m = 0 [0;36mround[0m = 262 [0;36mnonce[0m = 255 [0;36mhash[0m = 9f857c5fd50810607c99cf5d861c20078d80d8547e931e7bd6dceb3eefc2dacd 
[0;36mDEBUG[0m[2026-03-16 10:14:11.840]   received shard header from network in block tracker [0;36mshard[0m = 0 [0;36mepoch[0m = 0 [0;36mround[0m = 263 [0;36mnonce[0m = 256 [0;36mhash[0m = 2008a5e8722191378d1b675a3ea023861ee410c55315b3fea9cf218541bc27ac 
[0;36mDEBUG[0m[2026-03-16 10:14:11.840]   received shard header from network in block tracker [0;36mshard[0m = 0 [0;36mepoch[0m = 0 [0;36mround[0m = 264 [0;36mnonce[0m = 257 [0;36mhash[0m = 0d34799bf24fd36858c3ef37a1a6ffd4fe8fc2dadf2c614ad3f86a30fe2251f9 
[0;36mDEBUG[0m[2026-03-16 10:14:11.840]   received shard header from network in block tracker [0;36mshard[0m = 0 [0;36mepoch[0m = 0 [0;36mround[0m = 265 [0;36mnonce[0m = 258 [0;36mhash[0m = 5cea530dbcab5693415cf3eddca450ea9ff52efd69abfe44deab8f2873acb5c3 
[0;36mDEBUG[0m[2026-03-16 10:14:11.840]   received shard header from network in block tracker [0;36mshard[0m = 0 [0;36mepoch[0m = 0 [0;36mround[0m = 266 [0;36mnonce[0m = 259 [0;36mhash[0m = 69bed9c86962668837fe465f500918cc316569996685bb77083522e296dfa23b 
[0;36mDEBUG[0m[2026-03-16 10:14:11.840]   received shard header from network in block tracker [0;36mshard[0m = 0 [0;36mepoch[0m = 0 [0;36mround[0m = 267 [0;36mnonce[0m = 260 [0;36mhash[0m = b0c6d3c80183ed45d40841ab1b17820c3a23c66f648cb670967e2b2fa65fd66c 
[0;36mDEBUG[0m[2026-03-16 10:14:11.840]   received shard header from network in block tracker [0;36mshard[0m = 0 [0;36mepoch[0m = 0 [0;36mround[0m = 268 [0;36mnonce[0m = 261 [0;36mhash[0m = 159fc1073e85d7046c2d89145937644a10be4aaaf2245d195ef2537a379683d8 
[0;36mDEBUG[0m[2026-03-16 10:14:11.840]   received shard header from network in block tracker [0;36mshard[0m = 0 [0;36mepoch[0m = 0 [0;36mround[0m = 269 [0;36mnonce[0m = 262 [0;36mhash[0m = 72b77ebcb143faece81ec8eb1034245a83c46603a8a8f8e9855271d1b4a5ea93 
[0;36mDEBUG[0m[2026-03-16 10:14:11.840]   received shard header from network in block tracker [0;36mshard[0m = 0 [0;36mepoch[0m = 0 [0;36mround[0m = 270 [0;36mnonce[0m = 263 [0;36mhash[0m = b4513b3a72a7a0ab33861d9a251ef0dd363485f79e6026cbe5620c3040d54160 
[0;36mDEBUG[0m[2026-03-16 10:14:11.840]   received shard header from network in block tracker [0;36mshard[0m = 0 [0;36mepoch[0m = 0 [0;36mround[0m = 271 [0;36mnonce[0m = 264 [0;36mhash[0m = c25c6f68e42336c37cc65d14658740ef87d5eb594f19294259184bb79ff5eacb 
[0;36mDEBUG[0m[2026-03-16 10:14:11.840]   received shard header from network in block tracker [0;36mshard[0m = 0 [0;36mepoch[0m = 0 [0;36mround[0m = 272 [0;36mnonce[0m = 265 [0;36mhash[0m = bd78eac3afb558f296f6dfc110084d44797936e6429363de6fd58a2f01ff315b 
[0;36mDEBUG[0m[2026-03-16 10:14:11.840]   received shard header from network in block tracker [0;36mshard[0m = 0 [0;36mepoch[0m = 0 [0;36mround[0m = 273 [0;36mnonce[0m = 266 [0;36mhash[0m = 8799313b1656eae947de0184ea82bbe2041146dda4a7978e7bf909bc6d15a96b 
[0;36mDEBUG[0m[2026-03-16 10:14:11.840]   received shard header from network in block tracker [0;36mshard[0m = 0 [0;36mepoch[0m = 0 [0;36mround[0m = 274 [0;36mnonce[0m = 267 [0;36mhash[0m = e296505cd78c56c365627d44c945dccee500970686dd6419c37dc6f69b461569 
[0;36mDEBUG[0m[2026-03-16 10:14:11.840]   received shard header from network in block tracker [0;36mshard[0m = 0 [0;36mepoch[0m = 0 [0;36mround[0m = 275 [0;36mnonce[0m = 268 [0;36mhash[0m = b004bfd9e12c6c5ed91fda6b8238f47d590ccfab17271f2d8b75b63f28e5ed42 
[0;36mDEBUG[0m[2026-03-16 10:14:11.840]   received shard header from network in block tracker [0;36mshard[0m = 0 [0;36mepoch[0m = 0 [0;36mround[0m = 276 [0;36mnonce[0m = 269 [0;36mhash[0m = 0ac50b2d164f3091e69469c5136e39d672460713348470f98ab31b8b333b43a7 
[0;36mDEBUG[0m[2026-03-16 10:14:11.840]   received shard header from network in block tracker [0;36mshard[0m = 0 [0;36mepoch[0m = 0 [0;36mround[0m = 277 [0;36mnonce[0m = 270 [0;36mhash[0m = 928d647a31c1afb8f2c816b6e9cd52cedc5c644f4c02bc7944da4a8eb33a010c 
[0;36mDEBUG[0m[2026-03-16 10:14:11.840]   received shard header from network in block tracker [0;36mshard[0m = 0 [0;36mepoch[0m = 0 [0;36mround[0m = 278 [0;36mnonce[0m = 271 [0;36mhash[0m = aabba92bb098953344651e8db5bbe39ee73d20ef3c45109ae5cc03d7d773b67a 
[0;36mDEBUG[0m[2026-03-16 10:14:11.840]   received shard header from network in block tracker [0;36mshard[0m = 0 [0;36mepoch[0m = 0 [0;36mround[0m = 279 [0;36mnonce[0m = 272 [0;36mhash[0m = 742d90023f95c18740edc9e9ff84e98a44a58a19a232c21d8a8939a23fbe7c67 
[0;36mDEBUG[0m[2026-03-16 10:14:11.840]   received shard header from network in block tracker [0;36mshard[0m = 0 [0;36mepoch[0m = 0 [0;36mround[0m = 280 [0;36mnonce[0m = 273 [0;36mhash[0m = 2593e4fa1626bcb3f4b763264ac170369ab674e6a3d6a03a359f9f92d57db5d6 
[0;36mDEBUG[0m[2026-03-16 10:14:11.840]   received shard header from network in block tracker [0;36mshard[0m = 0 [0;36mepoch[0m = 0 [0;36mround[0m = 281 [0;36mnonce[0m = 274 [0;36mhash[0m = eac03ca7e3420b0d83f3a668b02506c7b56bffce699271962e840cbe67d0e6b9 
[0;36mDEBUG[0m[2026-03-16 10:14:11.840]   received shard header from network in block tracker [0;36mshard[0m = 0 [0;36mepoch[0m = 0 [0;36mround[0m = 282 [0;36mnonce[0m = 275 [0;36mhash[0m = 55acaeef865ae720f162b0feb6ac0be3092770a543b143c1baf52fb93b2977db 
[0;36mDEBUG[0m[2026-03-16 10:14:11.840]   received shard header from network in block tracker [0;36mshard[0m = 0 [0;36mepoch[0m = 0 [0;36mround[0m = 283 [0;36mnonce[0m = 276 [0;36mhash[0m = 298c4c4b230795ad7e8e3d51fcc06247d97c862dd1b1bfcd8c62bab90e8e2b2a 
[0;36mDEBUG[0m[2026-03-16 10:14:11.840]   received shard header from network in block tracker [0;36mshard[0m = 0 [0;36mepoch[0m = 0 [0;36mround[0m = 284 [0;36mnonce[0m = 277 [0;36mhash[0m = d68c55663ca9e64fea432b4dc11b66a92d4ac847ff11397a300763ea69b88a90 
[0;36mDEBUG[0m[2026-03-16 10:14:11.840]   received shard header from network in block tracker [0;36mshard[0m = 0 [0;36mepoch[0m = 0 [0;36mround[0m = 285 [0;36mnonce[0m = 278 [0;36mhash[0m = f439db5ff3844c6c44b9917675ce915cb53755c214f33db368aed42f091c4292 
[0;36mDEBUG[0m[2026-03-16 10:14:11.840]   received shard header from network in block tracker [0;36mshard[0m = 0 [0;36mepoch[0m = 0 [0;36mround[0m = 286 [0;36mnonce[0m = 279 [0;36mhash[0m = f32455426709b274ff45c3274d0fa7f322160407e059f5163fd0252f489cf025 
[0;36mDEBUG[0m[2026-03-16 10:14:11.840]   received shard header from network in block tracker [0;36mshard[0m = 0 [0;36mepoch[0m = 0 [0;36mround[0m = 287 [0;36mnonce[0m = 280 [0;36mhash[0m = beacb6b868311ec5820acaf5ca42fc342c9ebe682a6d02e61f615213130facf1 
[0;36mDEBUG[0m[2026-03-16 10:14:11.840]   received shard header from network in block tracker [0;36mshard[0m = 0 [0;36mepoch[0m = 0 [0;36mround[0m = 288 [0;36mnonce[0m = 281 [0;36mhash[0m = f4a2c10eb99f5b3209713a70e18be440d8cc458c9bb89088f9233b84ea9dc693 
[0;36mDEBUG[0m[2026-03-16 10:14:11.840]   received shard header from network in block tracker [0;36mshard[0m = 0 [0;36mepoch[0m = 0 [0;36mround[0m = 289 [0;36mnonce[0m = 282 [0;36mhash[0m = 7d0373e10f669b0545ca6b11e8abdaaece0d537628d6925b3d20e81c178baa6c 
[0;36mDEBUG[0m[2026-03-16 10:14:11.840]   received shard header from network in block tracker [0;36mshard[0m = 0 [0;36mepoch[0m = 0 [0;36mround[0m = 290 [0;36mnonce[0m = 283 [0;36mhash[0m = d063f629a46916b0c8d50e9374be47799d7591b69a28ca23bce155333c16a9b5 
[0;36mDEBUG[0m[2026-03-16 10:14:11.840]   received shard header from network in block tracker [0;36mshard[0m = 0 [0;36mepoch[0m = 0 [0;36mround[0m = 291 [0;36mnonce[0m = 284 [0;36mhash[0m = d984e46ce71a87c7e47114d0bc440f27feb735a2c3faa385f7120614e32eee9a 
[0;36mDEBUG[0m[2026-03-16 10:14:11.840]   received shard header from network in block tracker [0;36mshard[0m = 0 [0;36mepoch[0m = 0 [0;36mround[0m = 292 [0;36mnonce[0m = 285 [0;36mhash[0m = edb3affa3caf489d81140b688628cdd7abbc5d1d0b3465d6dddeaaaf2dafd736 
[0;36mDEBUG[0m[2026-03-16 10:14:11.840]   received shard header from network in block tracker [0;36mshard[0m = 0 [0;36mepoch[0m = 0 [0;36mround[0m = 293 [0;36mnonce[0m = 286 [0;36mhash[0m = a4e2b144d672439dee282cd1bbdfe93ff567511c627fc173291845e19f7d9072 
[0;36mDEBUG[0m[2026-03-16 10:14:11.840]   received shard header from network in block tracker [0;36mshard[0m = 0 [0;36mepoch[0m = 0 [0;36mround[0m = 294 [0;36mnonce[0m = 287 [0;36mhash[0m = 9a6356f6320c940675f669966f7ad5592f6f7b835d999e3f664475b7d1650f82 
[0;36mDEBUG[0m[2026-03-16 10:14:11.840]   received shard header from network in block tracker [0;36mshard[0m = 0 [0;36mepoch[0m = 0 [0;36mround[0m = 295 [0;36mnonce[0m = 288 [0;36mhash[0m = 1e293bcdd90ab4341d2cd13beec53ad4b7fe1ad72a81473241934aa7d37397e2 
[0;36mDEBUG[0m[2026-03-16 10:14:11.840]   received shard header from network in block tracker [0;36mshard[0m = 0 [0;36mepoch[0m = 0 [0;36mround[0m = 296 [0;36mnonce[0m = 289 [0;36mhash[0m = 04ca484d62ef036615b1ef0cdb7b7dd76ebda56877af0a471e4c0ca6bc8e04f6 
[0;36mDEBUG[0m[2026-03-16 10:14:11.840]   received shard header from network in block tracker [0;36mshard[0m = 0 [0;36mepoch[0m = 0 [0;36mround[0m = 297 [0;36mnonce[0m = 290 [0;36mhash[0m = 2fea1ab3b371672edcd5da7c4cc9348add286f8a02527bbd7beb5094063d59d7 
[0;36mDEBUG[0m[2026-03-16 10:14:11.840]   received shard header from network in block tracker [0;36mshard[0m = 0 [0;36mepoch[0m = 0 [0;36mround[0m = 298 [0;36mnonce[0m = 291 [0;36mhash[0m = d17ebfc6a282ff071cc16948655ed8d77fd1b92895eeb96ffa7b15010a96808b 
[0;36mDEBUG[0m[2026-03-16 10:14:11.840]   received shard header from network in block tracker [0;36mshard[0m = 0 [0;36mepoch[0m = 0 [0;36mround[0m = 299 [0;36mnonce[0m = 292 [0;36mhash[0m = 5717d596663eac24c5e4e74d806621b9bbcd509bd4cdb1a23d25796992d5e99d 
[0;36mDEBUG[0m[2026-03-16 10:14:11.840]   received shard header from network in block tracker [0;36mshard[0m = 0 [0;36mepoch[0m = 0 [0;36mround[0m = 300 [0;36mnonce[0m = 293 [0;36mhash[0m = 9d636471e315e1868d2cea3be248bf6895a97de0d66206e84acd5899effd52f4 
[0;36mDEBUG[0m[2026-03-16 10:14:11.840]   received shard header from network in block tracker [0;36mshard[0m = 0 [0;36mepoch[0m = 0 [0;36mround[0m = 301 [0;36mnonce[0m = 294 [0;36mhash[0m = b3cfbf2bb56749572b656691e838068e102838cfbb12a41f63b561406103f1fd 
[0;36mDEBUG[0m[2026-03-16 10:14:11.840]   received shard header from network in block tracker [0;36mshard[0m = 0 [0;36mepoch[0m = 0 [0;36mround[0m = 302 [0;36mnonce[0m = 295 [0;36mhash[0m = 0a97ce55d39187c78d7383dfe3b2282dc3d491868485c2edb8bbea19d3804256 
[0;36mDEBUG[0m[2026-03-16 10:14:11.840]   received shard header from network in block tracker [0;36mshard[0m = 0 [0;36mepoch[0m = 0 [0;36mround[0m = 303 [0;36mnonce[0m = 296 [0;36mhash[0m = ba5aea5b51dbaa9eddd42be8feb092905c375b4b8db0bde2117f072aceb1640b 
[0;36mDEBUG[0m[2026-03-16 10:14:11.840]   received shard header from network in block tracker [0;36mshard[0m = 0 [0;36mepoch[0m = 0 [0;36mround[0m = 304 [0;36mnonce[0m = 297 [0;36mhash[0m = 665100715d4a4863c80bfff86f07497147cef9848de365ac35831350c0c01107 
[0;36mDEBUG[0m[2026-03-16 10:14:11.840]   received shard header from network in block tracker [0;36mshard[0m = 0 [0;36mepoch[0m = 0 [0;36mround[0m = 305 [0;36mnonce[0m = 298 [0;36mhash[0m = 781885618509f5cca6cc165e93c15a4608224eecb759fece0afd0197a4181c29 
[0;36mDEBUG[0m[2026-03-16 10:14:11.840]   received shard header from network in block tracker [0;36mshard[0m = 0 [0;36mepoch[0m = 0 [0;36mround[0m = 306 [0;36mnonce[0m = 299 [0;36mhash[0m = 08d5d627f7a82f1b8bf50524e70ad9a05fb3f6d77df47582eb75bda9fc7c8af0 
[0;36mDEBUG[0m[2026-03-16 10:14:11.840]   received shard header from network in block tracker [0;36mshard[0m = 0 [0;36mepoch[0m = 0 [0;36mround[0m = 307 [0;36mnonce[0m = 300 [0;36mhash[0m = 196d87d1a0e00490b7e801e0c2db98c0e10e48795bf9a0689e5c5eb4e1ddb176 
[0;36mDEBUG[0m[2026-03-16 10:14:11.840]   received shard header from network in block tracker [0;36mshard[0m = 0 [0;36mepoch[0m = 0 [0;36mround[0m = 308 [0;36mnonce[0m = 301 [0;36mhash[0m = 591f7cfd4bee12fcfb7e3c48578774a0bd14d620aed150a2e3804a8dca1af9f0 
[0;36mDEBUG[0m[2026-03-16 10:14:11.840]   received shard header from network in block tracker [0;36mshard[0m = 0 [0;36mepoch[0m = 0 [0;36mround[0m = 309 [0;36mnonce[0m = 302 [0;36mhash[0m = 1edf27b18e31b9020c69df2d0b5a0357e20e61c683fd7922cb026b8c4e4e42f7 
[0;36mDEBUG[0m[2026-03-16 10:14:11.841]   received shard header from network in block tracker [0;36mshard[0m = 0 [0;36mepoch[0m = 0 [0;36mround[0m = 310 [0;36mnonce[0m = 303 [0;36mhash[0m = 7504d96de3c1cc39558979bc6b5f004a0281b82f2f7965bd8d17c92577d182eb 
[0;36mDEBUG[0m[2026-03-16 10:14:11.841]   received shard header from network in block tracker [0;36mshard[0m = 0 [0;36mepoch[0m = 0 [0;36mround[0m = 311 [0;36mnonce[0m = 304 [0;36mhash[0m = 95012420d5e954ba8f9a8c89d2cf6f156d4ef3874d8fdf5082c62eb84e4010e3 
[0;36mDEBUG[0m[2026-03-16 10:14:11.841]   received shard header from network in block tracker [0;36mshard[0m = 0 [0;36mepoch[0m = 0 [0;36mround[0m = 312 [0;36mnonce[0m = 305 [0;36mhash[0m = a9ff2846778d50dcc84697abc5b754a6b211109c2d3cb53ad229ebf641f49403 
[0;36mDEBUG[0m[2026-03-16 10:14:11.841]   received shard header from network in block tracker [0;36mshard[0m = 0 [0;36mepoch[0m = 0 [0;36mround[0m = 313 [0;36mnonce[0m = 306 [0;36mhash[0m = 76659ea3e228f6b604b38a02f9d76edbe7ef6eadb9d87feedb028054a195017c 
[0;36mDEBUG[0m[2026-03-16 10:14:11.841]   received shard header from network in block tracker [0;36mshard[0m = 0 [0;36mepoch[0m = 0 [0;36mround[0m = 314 [0;36mnonce[0m = 307 [0;36mhash[0m = aef2b95005bbb0135ed6685d4ed4df12e867b95543f26f6e7ce85098402c9fb5 
[0;36mDEBUG[0m[2026-03-16 10:14:11.841]   received shard header from network in block tracker [0;36mshard[0m = 0 [0;36mepoch[0m = 0 [0;36mround[0m = 315 [0;36mnonce[0m = 308 [0;36mhash[0m = 485916298fd3343ec2cfb5c9f5626f3bbec6a648beb53c1c37a636c621477810 
[0;36mDEBUG[0m[2026-03-16 10:14:11.841]   received shard header from network in block tracker [0;36mshard[0m = 0 [0;36mepoch[0m = 0 [0;36mround[0m = 316 [0;36mnonce[0m = 309 [0;36mhash[0m = 4f8dce286711a02959a8083d67a0c5c6861f5effa018af73fd6d81932960eb3e 
[0;36mDEBUG[0m[2026-03-16 10:14:11.841]   received shard header from network in block tracker [0;36mshard[0m = 0 [0;36mepoch[0m = 0 [0;36mround[0m = 317 [0;36mnonce[0m = 310 [0;36mhash[0m = a0b9a9f16995c73dbd8f86ab8dadae48d7f9277cea1d8292faa0b68dec20bb9a 
[0;36mDEBUG[0m[2026-03-16 10:14:11.841]   received shard header from network in block tracker [0;36mshard[0m = 0 [0;36mepoch[0m = 0 [0;36mround[0m = 318 [0;36mnonce[0m = 311 [0;36mhash[0m = 0b54b2a2099256f182a8fb8006477e090a7f3deb4a7657059803635e46ee2870 
[0;36mDEBUG[0m[2026-03-16 10:14:11.841]   received shard header from network in block tracker [0;36mshard[0m = 0 [0;36mepoch[0m = 0 [0;36mround[0m = 319 [0;36mnonce[0m = 312 [0;36mhash[0m = b98d4c871709390686b7755257023cab4b15a7445f48bfdb5040e770c1ccc0bc 
[0;36mDEBUG[0m[2026-03-16 10:14:11.841]   received shard header from network in block tracker [0;36mshard[0m = 0 [0;36mepoch[0m = 0 [0;36mround[0m = 320 [0;36mnonce[0m = 313 [0;36mhash[0m = e1515f0640cce37061d7c98e9da3d99313b36d9d629bec658c04700f7c2b7f69 
[0;36mDEBUG[0m[2026-03-16 10:14:11.841]   received shard header from network in block tracker [0;36mshard[0m = 0 [0;36mepoch[0m = 0 [0;36mround[0m = 321 [0;36mnonce[0m = 314 [0;36mhash[0m = 853cc5318668f67bf27b84a35327113c206dc54db2184e2ae32e016b8adbee66 
[0;36mDEBUG[0m[2026-03-16 10:14:11.841]   received shard header from network in block tracker [0;36mshard[0m = 0 [0;36mepoch[0m = 0 [0;36mround[0m = 322 [0;36mnonce[0m = 315 [0;36mhash[0m = 2608b9f0c83765adb64362fea4b157a787f923de6746980d250de6a0c9f2d7c4 
[0;36mDEBUG[0m[2026-03-16 10:14:11.841]   received shard header from network in block tracker [0;36mshard[0m = 0 [0;36mepoch[0m = 0 [0;36mround[0m = 323 [0;36mnonce[0m = 316 [0;36mhash[0m = d256447cced69ba5b9bd5ee74d26f26f9a9c02675fd7e7e389c5b2a6978cf4ef 
[0;36mDEBUG[0m[2026-03-16 10:14:11.841]   received shard header from network in block tracker [0;36mshard[0m = 0 [0;36mepoch[0m = 0 [0;36mround[0m = 324 [0;36mnonce[0m = 317 [0;36mhash[0m = 2a273b8af12b3fbfcf9a831d0a81d68f1f532fbbb6f1f2cc1b46c8726d73fc42 
[0;36mDEBUG[0m[2026-03-16 10:14:11.841]   received shard header from network in block tracker [0;36mshard[0m = 0 [0;36mepoch[0m = 0 [0;36mround[0m = 325 [0;36mnonce[0m = 318 [0;36mhash[0m = 948d1d4b86dcc2dc50e12291b0e91d488c152e67d98d5b9f4c9561b765e5382f 
[0;36mDEBUG[0m[2026-03-16 10:14:11.841]   received shard header from network in block tracker [0;36mshard[0m = 0 [0;36mepoch[0m = 0 [0;36mround[0m = 326 [0;36mnonce[0m = 319 [0;36mhash[0m = dc7c0ef2f9b7ac8636521272196f2df11f59cec0c81facf5da22a84882c3a9cb 
[0;36mDEBUG[0m[2026-03-16 10:14:11.841]   received shard header from network in block tracker [0;36mshard[0m = 0 [0;36mepoch[0m = 0 [0;36mround[0m = 327 [0;36mnonce[0m = 320 [0;36mhash[0m = fb3cdcebf69c92235392951086279878d6da4d43ff373f7c6f94b38282f1b5b6 
[0;36mDEBUG[0m[2026-03-16 10:14:11.841]   received shard header from network in block tracker [0;36mshard[0m = 0 [0;36mepoch[0m = 0 [0;36mround[0m = 328 [0;36mnonce[0m = 321 [0;36mhash[0m = 125c1a2cf335744d188c65d0b77f82d29d0c60e386f25aa292f2185bf69eca4b 
[0;36mDEBUG[0m[2026-03-16 10:14:11.841]   received shard header from network in block tracker [0;36mshard[0m = 0 [0;36mepoch[0m = 0 [0;36mround[0m = 329 [0;36mnonce[0m = 322 [0;36mhash[0m = acb2cfebe75b967d037dc17011b8dd55b3c030f26b6c8bdb26a0e2333509418d 
[0;36mDEBUG[0m[2026-03-16 10:14:11.841]   received shard header from network in block tracker [0;36mshard[0m = 0 [0;36mepoch[0m = 0 [0;36mround[0m = 330 [0;36mnonce[0m = 323 [0;36mhash[0m = 6283a3503b65818c9e935883380d0f4964dbf5d9a582f908c9c4b714c1c0d4f6 
[0;36mDEBUG[0m[2026-03-16 10:14:11.841]   received shard header from network in block tracker [0;36mshard[0m = 0 [0;36mepoch[0m = 0 [0;36mround[0m = 331 [0;36mnonce[0m = 324 [0;36mhash[0m = 0d89a8d274723f26431427a22d77cd700713e58baa2619cfe030b3e69fcbf19d 
[0;36mDEBUG[0m[2026-03-16 10:14:11.841]   received shard header from network in block tracker [0;36mshard[0m = 0 [0;36mepoch[0m = 0 [0;36mround[0m = 332 [0;36mnonce[0m = 325 [0;36mhash[0m = a3f482221646fb661c78a3ba4e4555d2ffebd885a10d883b56dd16256f5931b7 
[0;36mDEBUG[0m[2026-03-16 10:14:11.841]   received shard header from network in block tracker [0;36mshard[0m = 0 [0;36mepoch[0m = 0 [0;36mround[0m = 333 [0;36mnonce[0m = 326 [0;36mhash[0m = d151f702697366e4466246716c70be4d73d2ab3fe4f63c292c505b2dbb3f6083 
[0;36mDEBUG[0m[2026-03-16 10:14:11.841]   received shard header from network in block tracker [0;36mshard[0m = 0 [0;36mepoch[0m = 0 [0;36mround[0m = 334 [0;36mnonce[0m = 327 [0;36mhash[0m = 0c0788e6b2bb88e63816b190e36b38754823aa15a95da1a8359529ca00cb3f10 
[0;36mDEBUG[0m[2026-03-16 10:14:11.841]   received shard header from network in block tracker [0;36mshard[0m = 0 [0;36mepoch[0m = 0 [0;36mround[0m = 335 [0;36mnonce[0m = 328 [0;36mhash[0m = ebce8861c845104b38aa2b02db0fdf5c13dbe2194cf69b14a37338777ece49cc 
[0;36mDEBUG[0m[2026-03-16 10:14:11.841]   received shard header from network in block tracker [0;36mshard[0m = 0 [0;36mepoch[0m = 0 [0;36mround[0m = 336 [0;36mnonce[0m = 329 [0;36mhash[0m = 4da215ea13a127fd512204c07fbdc8811c2458a523c4782caca20fc47c7627e3 
[0;36mDEBUG[0m[2026-03-16 10:14:11.841]   received shard header from network in block tracker [0;36mshard[0m = 0 [0;36mepoch[0m = 0 [0;36mround[0m = 337 [0;36mnonce[0m = 330 [0;36mhash[0m = 45d4ad66937594c71d2b7211037172ddbeb1210f2c908d23f177b28496074fa0 
[0;36mDEBUG[0m[2026-03-16 10:14:11.841]   received shard header from network in block tracker [0;36mshard[0m = 0 [0;36mepoch[0m = 0 [0;36mround[0m = 338 [0;36mnonce[0m = 331 [0;36mhash[0m = 645f48ebd842cf73a2f0f407799cae6556ff3708dbe043d096da5e0ff1d57739 
[0;36mDEBUG[0m[2026-03-16 10:14:11.841]   received shard header from network in block tracker [0;36mshard[0m = 0 [0;36mepoch[0m = 0 [0;36mround[0m = 339 [0;36mnonce[0m = 332 [0;36mhash[0m = 56dd5f87cdcf6713cabe8ea3ab59727e759834753f93d11e10a1d86dc023f366 
[0;36mDEBUG[0m[2026-03-16 10:14:11.841]   received shard header from network in block tracker [0;36mshard[0m = 0 [0;36mepoch[0m = 0 [0;36mround[0m = 340 [0;36mnonce[0m = 333 [0;36mhash[0m = 4780da1bd42a1400a6341a1276180d767dfe54676e308f9983bd6531ba5b45ed 
[0;36mDEBUG[0m[2026-03-16 10:14:11.841]   received shard header from network in block tracker [0;36mshard[0m = 0 [0;36mepoch[0m = 0 [0;36mround[0m = 341 [0;36mnonce[0m = 334 [0;36mhash[0m = d7698a7757ba1fcd70a7824faac93b511203222b6dcc220e25622a89f2c95732 
[0;36mDEBUG[0m[2026-03-16 10:14:11.841]   received shard header from network in block tracker [0;36mshard[0m = 0 [0;36mepoch[0m = 0 [0;36mround[0m = 342 [0;36mnonce[0m = 335 [0;36mhash[0m = fcebccdb98da0f43036fd2760778d925092e32ae22dd39b85e5351986267e250 
[0;36mDEBUG[0m[2026-03-16 10:14:11.841]   received shard header from network in block tracker [0;36mshard[0m = 0 [0;36mepoch[0m = 0 [0;36mround[0m = 343 [0;36mnonce[0m = 336 [0;36mhash[0m = 21b36afecdde73d118300006216849d7eb8ddcc9bd6a84e12db6a539721fc9d3 
[0;36mDEBUG[0m[2026-03-16 10:14:11.841]   received shard header from network in block tracker [0;36mshard[0m = 0 [0;36mepoch[0m = 0 [0;36mround[0m = 344 [0;36mnonce[0m = 337 [0;36mhash[0m = 142d8cef7dd03b0aced768cf87a3e761c6630c7146f65cddf5ad190e01fa4805 
[0;36mDEBUG[0m[2026-03-16 10:14:11.841]   received shard header from network in block tracker [0;36mshard[0m = 0 [0;36mepoch[0m = 0 [0;36mround[0m = 345 [0;36mnonce[0m = 338 [0;36mhash[0m = 23c750c9d6c8010f1bf5cef8656fe04fcdb2ee7c6d40e7f747617b286834e20c 
[0;36mDEBUG[0m[2026-03-16 10:14:11.841]   received shard header from network in block tracker [0;36mshard[0m = 0 [0;36mepoch[0m = 0 [0;36mround[0m = 346 [0;36mnonce[0m = 339 [0;36mhash[0m = b52498022b16e95f6117bc6cdb25266d19238ace3fbd1c2006dcc1cc6692a642 
[0;36mDEBUG[0m[2026-03-16 10:14:11.841]   received shard header from network in block tracker [0;36mshard[0m = 0 [0;36mepoch[0m = 0 [0;36mround[0m = 347 [0;36mnonce[0m = 340 [0;36mhash[0m = c6044a4de6b833a70f27b50b633f09f84ab5b9a8d820067bc0c7b907595aa823 
[0;36mDEBUG[0m[2026-03-16 10:14:11.841]   received shard header from network in block tracker [0;36mshard[0m = 0 [0;36mepoch[0m = 0 [0;36mround[0m = 348 [0;36mnonce[0m = 341 [0;36mhash[0m = 9794f844b5bb57134ec3115b127c4022ca60bd38955d9d3bc5242396b2537f96 
[0;36mDEBUG[0m[2026-03-16 10:14:11.841]   received shard header from network in block tracker [0;36mshard[0m = 0 [0;36mepoch[0m = 0 [0;36mround[0m = 349 [0;36mnonce[0m = 342 [0;36mhash[0m = 9c50d1e2488d75b52c74d87b43bd0f8cc08e38d1b18e7e42ca4cbf34a10c0dbb 
[0;36mDEBUG[0m[2026-03-16 10:14:11.841]   received shard header from network in block tracker [0;36mshard[0m = 0 [0;36mepoch[0m = 0 [0;36mround[0m = 350 [0;36mnonce[0m = 343 [0;36mhash[0m = e0f7ad36c94219e6e603f2a747d5bbd00910254503de8af157ced3c83638ba1f 
[0;36mDEBUG[0m[2026-03-16 10:14:11.841]   received shard header from network in block tracker [0;36mshard[0m = 0 [0;36mepoch[0m = 0 [0;36mround[0m = 351 [0;36mnonce[0m = 344 [0;36mhash[0m = d83e16ddec5dd92cbd6e03fe1da100d8461f76216248c8884d36e944c11c8618 
[0;36mDEBUG[0m[2026-03-16 10:14:11.841]   received shard header from network in block tracker [0;36mshard[0m = 0 [0;36mepoch[0m = 0 [0;36mround[0m = 352 [0;36mnonce[0m = 345 [0;36mhash[0m = 83794f3e842ec060942ed37075833ee7a3a5ad300555365a99c927ba99197dec 
[0;36mDEBUG[0m[2026-03-16 10:14:11.841]   received shard header from network in block tracker [0;36mshard[0m = 0 [0;36mepoch[0m = 0 [0;36mround[0m = 353 [0;36mnonce[0m = 346 [0;36mhash[0m = 729a15eae7eee63186a158a913e86963a6131afe7d63c266a484ff8955d81e89 
[0;36mDEBUG[0m[2026-03-16 10:14:11.841]   received shard header from network in block tracker [0;36mshard[0m = 0 [0;36mepoch[0m = 0 [0;36mround[0m = 354 [0;36mnonce[0m = 347 [0;36mhash[0m = 7d1d16f31df1ed803f719416a3ea706d8b0d7f6073b21d2b6960e8ee5064af1e 
[0;36mDEBUG[0m[2026-03-16 10:14:11.841]   received shard header from network in block tracker [0;36mshard[0m = 0 [0;36mepoch[0m = 0 [0;36mround[0m = 355 [0;36mnonce[0m = 348 [0;36mhash[0m = 140f64f6c5e69d73fdbf335d7d2bb11a4e9d13964171606d806426c99c3f4e0f 
[0;36mDEBUG[0m[2026-03-16 10:14:11.841]   received shard header from network in block tracker [0;36mshard[0m = 0 [0;36mepoch[0m = 0 [0;36mround[0m = 356 [0;36mnonce[0m = 349 [0;36mhash[0m = 8e22e95eaa303e8c9f3c1adebfae5a3040d62f7fabea6f92559928a9f54faf1e 
[0;36mDEBUG[0m[2026-03-16 10:14:11.841]   received shard header from network in block tracker [0;36mshard[0m = 0 [0;36mepoch[0m = 0 [0;36mround[0m = 357 [0;36mnonce[0m = 350 [0;36mhash[0m = 6bd293d54f7f14072df30eb763f416f133f50b53fae4ffde74166a4ecb3f4805 
[0;36mDEBUG[0m[2026-03-16 10:14:11.841]   received shard header from network in block tracker [0;36mshard[0m = 0 [0;36mepoch[0m = 0 [0;36mround[0m = 358 [0;36mnonce[0m = 351 [0;36mhash[0m = da0ceec3e778047bf6d285120db44bbe17c989b115a533fc832a04e5393c690e 
[0;36mDEBUG[0m[2026-03-16 10:14:11.841]   received shard header from network in block tracker [0;36mshard[0m = 0 [0;36mepoch[0m = 0 [0;36mround[0m = 359 [0;36mnonce[0m = 352 [0;36mhash[0m = 3919a435be829801a47f264f041f3a86bfd88ebba71efa81eeed406a437a8aab 
[0;36mDEBUG[0m[2026-03-16 10:14:11.841]   received shard header from network in block tracker [0;36mshard[0m = 0 [0;36mepoch[0m = 0 [0;36mround[0m = 360 [0;36mnonce[0m = 353 [0;36mhash[0m = 5ac5cbf6781a0187c520ceee6ea7a0d8b83364ea158985f40eb175a5aa9e7ad8 
[0;36mDEBUG[0m[2026-03-16 10:14:11.841]   received shard header from network in block tracker [0;36mshard[0m = 0 [0;36mepoch[0m = 0 [0;36mround[0m = 361 [0;36mnonce[0m = 354 [0;36mhash[0m = 4e5fa6ecdb7dfa6d7b4514f907f19fd57ab5497e3e65cf3fe0812c1502585ba0 
[0;36mDEBUG[0m[2026-03-16 10:14:11.841]   received shard header from network in block tracker [0;36mshard[0m = 0 [0;36mepoch[0m = 0 [0;36mround[0m = 362 [0;36mnonce[0m = 355 [0;36mhash[0m = bd8768a8b0d3c81fd02b345c452891fb5ad4cd7df98aff83ac5e926d54e528b3 
[0;36mDEBUG[0m[2026-03-16 10:14:11.841]   received shard header from network in block tracker [0;36mshard[0m = 0 [0;36mepoch[0m = 0 [0;36mround[0m = 363 [0;36mnonce[0m = 356 [0;36mhash[0m = 3867dfee6cccfc7c961e9620e7df2d7197db89e39ff4d23497ea6156e5682190 
[0;36mDEBUG[0m[2026-03-16 10:14:11.841]   received shard header from network in block tracker [0;36mshard[0m = 0 [0;36mepoch[0m = 0 [0;36mround[0m = 364 [0;36mnonce[0m = 357 [0;36mhash[0m = 7ed2516747f098652fe6a9f9dd4322f6c5e4d9c8cfa083ebb09c649b359d8d1f 
[0;36mDEBUG[0m[2026-03-16 10:14:11.841]   received shard header from network in block tracker [0;36mshard[0m = 0 [0;36mepoch[0m = 0 [0;36mround[0m = 365 [0;36mnonce[0m = 358 [0;36mhash[0m = ab4cbf0a985ed649025229671e2b7430b14f6655253968f0e7a0b335b82514aa 
[0;36mDEBUG[0m[2026-03-16 10:14:11.841]   received shard header from network in block tracker [0;36mshard[0m = 0 [0;36mepoch[0m = 0 [0;36mround[0m = 366 [0;36mnonce[0m = 359 [0;36mhash[0m = f565af6632079b953786c853f835ddc134aed7822e96f126b16f493c6836661b 
[0;36mDEBUG[0m[2026-03-16 10:14:11.841]   received shard header from network in block tracker [0;36mshard[0m = 0 [0;36mepoch[0m = 0 [0;36mround[0m = 367 [0;36mnonce[0m = 360 [0;36mhash[0m = f2c5e0eecc5569885a1d9287c21d6f71636792f70e4c8b905dcf25f002938641 
[0;36mDEBUG[0m[2026-03-16 10:14:11.841]   received shard header from network in block tracker [0;36mshard[0m = 0 [0;36mepoch[0m = 0 [0;36mround[0m = 368 [0;36mnonce[0m = 361 [0;36mhash[0m = c754b346cb465c83dc8fa1240f14297fe89da911af65f86c830d6b122f472753 
[0;36mDEBUG[0m[2026-03-16 10:14:11.841]   received shard header from network in block tracker [0;36mshard[0m = 0 [0;36mepoch[0m = 0 [0;36mround[0m = 369 [0;36mnonce[0m = 362 [0;36mhash[0m = e3292c6349d82afecfff97facc700b3f4ea22d611ed55c70401f70c8a72e34bb 
[0;36mDEBUG[0m[2026-03-16 10:14:11.841]   received shard header from network in block tracker [0;36mshard[0m = 0 [0;36mepoch[0m = 0 [0;36mround[0m = 370 [0;36mnonce[0m = 363 [0;36mhash[0m = 605c11076e81daaf161d69ac24f20c72b4a81952ef7f3ccee4b973a60034f868 
[0;36mDEBUG[0m[2026-03-16 10:14:11.841]   received shard header from network in block tracker [0;36mshard[0m = 0 [0;36mepoch[0m = 0 [0;36mround[0m = 371 [0;36mnonce[0m = 364 [0;36mhash[0m = 7a735fd776ca9d771aa1a7814b2942af8767cd8031f7fe22aab7563a902efc59 
[0;36mDEBUG[0m[2026-03-16 10:14:11.841]   received shard header from network in block tracker [0;36mshard[0m = 0 [0;36mepoch[0m = 0 [0;36mround[0m = 372 [0;36mnonce[0m = 365 [0;36mhash[0m = 00bec83263e768ef990c844089d9de6e861a3ccd7d67ddfb595b29c078dc5209 
[0;36mDEBUG[0m[2026-03-16 10:14:11.841]   received shard header from network in block tracker [0;36mshard[0m = 0 [0;36mepoch[0m = 0 [0;36mround[0m = 373 [0;36mnonce[0m = 366 [0;36mhash[0m = 92e0c0551476e55b08da72c06cd0f6fb1bc36549a3dac6dc442e952dbf858a96 
[0;36mDEBUG[0m[2026-03-16 10:14:11.841]   received shard header from network in block tracker [0;36mshard[0m = 0 [0;36mepoch[0m = 0 [0;36mround[0m = 374 [0;36mnonce[0m = 367 [0;36mhash[0m = a89cac353906b4ea17ee5c4486ab24fb63425651a3c42b4e7e838cbd11abd47b 
[0;36mDEBUG[0m[2026-03-16 10:14:11.841]   received shard header from network in block tracker [0;36mshard[0m = 0 [0;36mepoch[0m = 0 [0;36mround[0m = 375 [0;36mnonce[0m = 368 [0;36mhash[0m = e6ee0000735de37f05afc896b8880e2cf4f59a03dfb44ba7371207e4033f83bc 
[0;36mDEBUG[0m[2026-03-16 10:14:11.841]   received shard header from network in block tracker [0;36mshard[0m = 0 [0;36mepoch[0m = 0 [0;36mround[0m = 376 [0;36mnonce[0m = 369 [0;36mhash[0m = afd5a9062749e66c7f0f9887a5503f4985e0331264d6533e28025edf5925c1c3 
[0;36mDEBUG[0m[2026-03-16 10:14:11.841]   received shard header from network in block tracker [0;36mshard[0m = 0 [0;36mepoch[0m = 0 [0;36mround[0m = 377 [0;36mnonce[0m = 370 [0;36mhash[0m = f80f9eff98ba3b2bc9ef7eaed52116e40b9d2b355426a39b0fe996dd3d990844 
[0;36mDEBUG[0m[2026-03-16 10:14:11.841]   received shard header from network in block tracker [0;36mshard[0m = 0 [0;36mepoch[0m = 0 [0;36mround[0m = 378 [0;36mnonce[0m = 371 [0;36mhash[0m = d8cad4590680e2367bdc08262473a31245ff93d6cd81e2c03c65970c722cefd1 
[0;36mDEBUG[0m[2026-03-16 10:14:11.841]   received shard header from network in block tracker [0;36mshard[0m = 0 [0;36mepoch[0m = 0 [0;36mround[0m = 379 [0;36mnonce[0m = 372 [0;36mhash[0m = 52cb3a0d1b20d21609b6812772d9272b0665d195f9cd7340bcc71b546f7f9367 
[0;36mDEBUG[0m[2026-03-16 10:14:11.841]   received shard header from network in block tracker [0;36mshard[0m = 0 [0;36mepoch[0m = 0 [0;36mround[0m = 380 [0;36mnonce[0m = 373 [0;36mhash[0m = cb58c074df0b8eb0a9ed9d9c578d819d9299703c4aa9fe267c45aaa2576b4b25 
[0;36mDEBUG[0m[2026-03-16 10:14:11.841]   received shard header from network in block tracker [0;36mshard[0m = 0 [0;36mepoch[0m = 0 [0;36mround[0m = 381 [0;36mnonce[0m = 374 [0;36mhash[0m = 0983b842c4d01201cf099787d18d224478f819ae89c55aa7d3f6f438ddf78cbc 
[0;36mDEBUG[0m[2026-03-16 10:14:11.841]   received shard header from network in block tracker [0;36mshard[0m = 0 [0;36mepoch[0m = 0 [0;36mround[0m = 382 [0;36mnonce[0m = 375 [0;36mhash[0m = 1a183111406cebb818f124adb9dff339ee10ffd5fef5328b3aaf8c29c08345b4 
[0;36mDEBUG[0m[2026-03-16 10:14:11.841]   received shard header from network in block tracker [0;36mshard[0m = 0 [0;36mepoch[0m = 0 [0;36mround[0m = 383 [0;36mnonce[0m = 376 [0;36mhash[0m = 0bc9e019fa66f235d69918d179290255f8417c2ffd1a210e4ff27346f7436cca 
[0;36mDEBUG[0m[2026-03-16 10:14:11.841]   received shard header from network in block tracker [0;36mshard[0m = 0 [0;36mepoch[0m = 0 [0;36mround[0m = 384 [0;36mnonce[0m = 377 [0;36mhash[0m = c7fb053493a9757d30f0430e848c1915b85c4f43019729d14657528a77c41a90 
[0;36mDEBUG[0m[2026-03-16 10:14:11.841]   received shard header from network in block tracker [0;36mshard[0m = 0 [0;36mepoch[0m = 0 [0;36mround[0m = 385 [0;36mnonce[0m = 378 [0;36mhash[0m = af7dd77f1ad637ac062bf8d76f663cd6274b77aa2e39cae03e21f37dbb597b1e 
[0;36mDEBUG[0m[2026-03-16 10:14:11.841]   received shard header from network in block tracker [0;36mshard[0m = 0 [0;36mepoch[0m = 0 [0;36mround[0m = 386 [0;36mnonce[0m = 379 [0;36mhash[0m = 9aad6b59da2d7088ee816d9407d6a0b8e9571ad6e040be894b33cc99c3a76f70 
[0;36mDEBUG[0m[2026-03-16 10:14:11.841]   received shard header from network in block tracker [0;36mshard[0m = 0 [0;36mepoch[0m = 0 [0;36mround[0m = 387 [0;36mnonce[0m = 380 [0;36mhash[0m = 892bc1210259bb1bc24a2978923cd33b827e5caaaa222ef28ec2898986997195 
[0;36mDEBUG[0m[2026-03-16 10:14:11.841]   received shard header from network in block tracker [0;36mshard[0m = 0 [0;36mepoch[0m = 0 [0;36mround[0m = 388 [0;36mnonce[0m = 381 [0;36mhash[0m = a25ebca2c2c94ed1b630441ef1bc6ccd1d01b73b2994d8aeb5622f682ddbca66 
[0;36mDEBUG[0m[2026-03-16 10:14:11.841]   received shard header from network in block tracker [0;36mshard[0m = 0 [0;36mepoch[0m = 0 [0;36mround[0m = 389 [0;36mnonce[0m = 382 [0;36mhash[0m = 6623b86ea5b75f65d45eed38d1bf1fae5b20e5bd71bc4dfbc6c5360da53795f4 
[0;36mDEBUG[0m[2026-03-16 10:14:11.841]   received shard header from network in block tracker [0;36mshard[0m = 0 [0;36mepoch[0m = 0 [0;36mround[0m = 390 [0;36mnonce[0m = 383 [0;36mhash[0m = 8f437d88643a9e7bb26f151b70dfb18fcc43cc09a69ab552d8bdf62a76bad162 
[0;36mDEBUG[0m[2026-03-16 10:14:11.841]   received shard header from network in block tracker [0;36mshard[0m = 0 [0;36mepoch[0m = 0 [0;36mround[0m = 391 [0;36mnonce[0m = 384 [0;36mhash[0m = 4efb4b99cd07f808aa4ba3c59e0adebd838f9e3ee1ecac9855a41554797b279f 
[0;36mDEBUG[0m[2026-03-16 10:14:11.841]   received shard header from network in block tracker [0;36mshard[0m = 0 [0;36mepoch[0m = 0 [0;36mround[0m = 392 [0;36mnonce[0m = 385 [0;36mhash[0m = 1979efee591a3d9d882feecd7224c202a021c6dbb4a7f076483cdae7f9944283 
[0;36mDEBUG[0m[2026-03-16 10:14:11.841]   received shard header from network in block tracker [0;36mshard[0m = 0 [0;36mepoch[0m = 0 [0;36mround[0m = 393 [0;36mnonce[0m = 386 [0;36mhash[0m = 975ea224e046e364f574132b2a9f5fcc1e44d5674d67913557e8db894e2afb52 
[0;36mDEBUG[0m[2026-03-16 10:14:11.841]   received shard header from network in block tracker [0;36mshard[0m = 0 [0;36mepoch[0m = 0 [0;36mround[0m = 394 [0;36mnonce[0m = 387 [0;36mhash[0m = cd6141dc7c5f5510502dede564fbb8977e1e28be74933b5712c218e96eafaf99 
[0;36mDEBUG[0m[2026-03-16 10:14:11.841]   received shard header from network in block tracker [0;36mshard[0m = 0 [0;36mepoch[0m = 0 [0;36mround[0m = 395 [0;36mnonce[0m = 388 [0;36mhash[0m = 8c042a9ac3acb5449dc42e6a7e4f63665f0b40b957ecb44b777e5fcfde309d08 
[0;36mDEBUG[0m[2026-03-16 10:14:11.841]   received shard header from network in block tracker [0;36mshard[0m = 0 [0;36mepoch[0m = 0 [0;36mround[0m = 396 [0;36mnonce[0m = 389 [0;36mhash[0m = e5a59799ab6210df78f8efe274ccbff079ea489c2c7d982c54025f69b127660e 
[0;36mDEBUG[0m[2026-03-16 10:14:11.841]   received shard header from network in block tracker [0;36mshard[0m = 0 [0;36mepoch[0m = 0 [0;36mround[0m = 397 [0;36mnonce[0m = 390 [0;36mhash[0m = 97596357f5ec626f9b49cef0499f05824b3e613a19e76f67e9ef3d42331a26e8 
[0;36mDEBUG[0m[2026-03-16 10:14:11.841]   received shard header from network in block tracker [0;36mshard[0m = 0 [0;36mepoch[0m = 0 [0;36mround[0m = 398 [0;36mnonce[0m = 391 [0;36mhash[0m = bb1c37abb287af6574eb8be806bbae4b467dc6d558618f1ea55ff8c95dccdb41 
[0;36mDEBUG[0m[2026-03-16 10:14:11.841]   received shard header from network in block tracker [0;36mshard[0m = 0 [0;36mepoch[0m = 0 [0;36mround[0m = 399 [0;36mnonce[0m = 392 [0;36mhash[0m = 9875acf0b23dff11d6d3aeeaae615f475269840658aef2aa3430503f266462a0 
[0;36mDEBUG[0m[2026-03-16 10:14:11.841]   received shard header from network in block tracker [0;36mshard[0m = 0 [0;36mepoch[0m = 0 [0;36mround[0m = 400 [0;36mnonce[0m = 393 [0;36mhash[0m = 20cb147b369436272f0eb9961497786765d1b97c4e1a1b14518643c6388786f2 
[0;36mDEBUG[0m[2026-03-16 10:14:11.841]   received shard header from network in block tracker [0;36mshard[0m = 0 [0;36mepoch[0m = 0 [0;36mround[0m = 401 [0;36mnonce[0m = 394 [0;36mhash[0m = e3eab971c880a715d678ab5a7051042c2ea64063c618d010e3a9eba636df6546 
[0;36mDEBUG[0m[2026-03-16 10:14:11.841]   received shard header from network in block tracker [0;36mshard[0m = 0 [0;36mepoch[0m = 0 [0;36mround[0m = 402 [0;36mnonce[0m = 395 [0;36mhash[0m = d8295038b50a1fa38723b1d1c67eb1dcf9f32a5af244adb58aa4e728c0f444f6 
[0;36mDEBUG[0m[2026-03-16 10:14:11.841]   received shard header from network in block tracker [0;36mshard[0m = 0 [0;36mepoch[0m = 0 [0;36mround[0m = 403 [0;36mnonce[0m = 396 [0;36mhash[0m = 5c96d66ba45af500e084d2baba6c57e3e87661cc4f2dd83dd9a2aa3cb415ee5f 
[0;36mDEBUG[0m[2026-03-16 10:14:11.841]   received shard header from network in block tracker [0;36mshard[0m = 0 [0;36mepoch[0m = 0 [0;36mround[0m = 404 [0;36mnonce[0m = 397 [0;36mhash[0m = d4ce1d9110d6cc947f49065ef6898717935cbc550346fe95a60a430ad6d65a0f 
[0;36mDEBUG[0m[2026-03-16 10:14:11.841]   received shard header from network in block tracker [0;36mshard[0m = 0 [0;36mepoch[0m = 0 [0;36mround[0m = 405 [0;36mnonce[0m = 398 [0;36mhash[0m = 6aa6424e4e1fbcac7f6162d0aebd7c713d6127ddb968f49d96cbd80d10a6cb89 
[0;36mDEBUG[0m[2026-03-16 10:14:11.841]   received shard header from network in block tracker [0;36mshard[0m = 0 [0;36mepoch[0m = 0 [0;36mround[0m = 406 [0;36mnonce[0m = 399 [0;36mhash[0m = 6ae5ccd5e19946800c302171183abaab756172d17604af5cad73ba02459e7838 
[0;36mDEBUG[0m[2026-03-16 10:14:11.841]   received shard header from network in block tracker [0;36mshard[0m = 0 [0;36mepoch[0m = 0 [0;36mround[0m = 407 [0;36mnonce[0m = 400 [0;36mhash[0m = e6a864d94a169d868a577977b88b54f918807009c93dc9b758301014016a4c8f 
[0;36mDEBUG[0m[2026-03-16 10:14:11.842]   received shard header from network in block tracker [0;36mshard[0m = 0 [0;36mepoch[0m = 0 [0;36mround[0m = 408 [0;36mnonce[0m = 401 [0;36mhash[0m = 24881d0a4b85435f253d8dd9c3c9ca5810dad38e8fd44c4b0f2fa67bc9b7ed8b 
[0;36mDEBUG[0m[2026-03-16 10:14:11.842]   received shard header from network in block tracker [0;36mshard[0m = 0 [0;36mepoch[0m = 0 [0;36mround[0m = 409 [0;36mnonce[0m = 402 [0;36mhash[0m = 57b833b515f817b3812ebfb50e957b1055a3608412a2c02333b937905672b2b1 
[0;36mDEBUG[0m[2026-03-16 10:14:11.842]   received shard header from network in block tracker [0;36mshard[0m = 0 [0;36mepoch[0m = 0 [0;36mround[0m = 410 [0;36mnonce[0m = 403 [0;36mhash[0m = 4d0bbc0cdc54d7a1a79cca3de066ccbc68cef24cdd5f9e152383cdb46a16b3fe 
[0;36mDEBUG[0m[2026-03-16 10:14:11.842]   received shard header from network in block tracker [0;36mshard[0m = 0 [0;36mepoch[0m = 0 [0;36mround[0m = 411 [0;36mnonce[0m = 404 [0;36mhash[0m = 4791c6252b1a882d69736d54a30af96de2522f61bb46c03098d6a5ce8dcc53c1 
[0;36mDEBUG[0m[2026-03-16 10:14:11.842]   received shard header from network in block tracker [0;36mshard[0m = 0 [0;36mepoch[0m = 0 [0;36mround[0m = 412 [0;36mnonce[0m = 405 [0;36mhash[0m = b2d77565d0d634f2497d2ea6a93d0bfc0d4a1b1fc2762f3ed74d6ce58c02ef14 
[0;36mDEBUG[0m[2026-03-16 10:14:11.842]   received shard header from network in block tracker [0;36mshard[0m = 0 [0;36mepoch[0m = 0 [0;36mround[0m = 413 [0;36mnonce[0m = 406 [0;36mhash[0m = e1ac4ed49f80d3b93d07e8c1ab803399abf6d97d5628125921ebb46b9873bba1 
[0;36mDEBUG[0m[2026-03-16 10:14:11.842]   received shard header from network in block tracker [0;36mshard[0m = 0 [0;36mepoch[0m = 0 [0;36mround[0m = 414 [0;36mnonce[0m = 407 [0;36mhash[0m = 4d14689e643eee459e1102ebe75ec5f9e5fd1df3417c11b83587cfe8cfd6cc0f 
[0;36mDEBUG[0m[2026-03-16 10:14:11.842]   received shard header from network in block tracker [0;36mshard[0m = 0 [0;36mepoch[0m = 0 [0;36mround[0m = 415 [0;36mnonce[0m = 408 [0;36mhash[0m = cd545e2082622f071f517100f7fc5cf5fa31f932e44596b416c98f2dfbd53a57 
[0;36mDEBUG[0m[2026-03-16 10:14:11.842]   received shard header from network in block tracker [0;36mshard[0m = 0 [0;36mepoch[0m = 0 [0;36mround[0m = 416 [0;36mnonce[0m = 409 [0;36mhash[0m = c0ea0affcee1f03bdff6cf1297ca5119f4ca9a3ee14a6780725a278b533d637d 
[0;36mDEBUG[0m[2026-03-16 10:14:11.842]   received shard header from network in block tracker [0;36mshard[0m = 0 [0;36mepoch[0m = 0 [0;36mround[0m = 417 [0;36mnonce[0m = 410 [0;36mhash[0m = ef5b1fa318f03f91bc2928d42018b139740fd80c88deeaffdf1008ba4e6a6260 
[0;36mDEBUG[0m[2026-03-16 10:14:11.842]   received shard header from network in block tracker [0;36mshard[0m = 0 [0;36mepoch[0m = 0 [0;36mround[0m = 418 [0;36mnonce[0m = 411 [0;36mhash[0m = 955f3af8ffa70ef531d2f5771f39353c4d0f5e90f653a464076671824072c609 
[0;36mDEBUG[0m[2026-03-16 10:14:11.842]   received shard header from network in block tracker [0;36mshard[0m = 0 [0;36mepoch[0m = 0 [0;36mround[0m = 419 [0;36mnonce[0m = 412 [0;36mhash[0m = 57c31406aac33ad4f1d31d59e578438eae1487bb8ea6620f59574281282b92a9 
[0;36mDEBUG[0m[2026-03-16 10:14:11.842]   received shard header from network in block tracker [0;36mshard[0m = 0 [0;36mepoch[0m = 0 [0;36mround[0m = 420 [0;36mnonce[0m = 413 [0;36mhash[0m = df845af60c7c95c71080e6d8b18d96cc1335d822cb97abdc8030868be372524b 
[0;36mDEBUG[0m[2026-03-16 10:14:11.842]   received shard header from network in block tracker [0;36mshard[0m = 0 [0;36mepoch[0m = 0 [0;36mround[0m = 421 [0;36mnonce[0m = 414 [0;36mhash[0m = f623e1a5e07bd131c948643203c5140698b54fe2cd82588975f105e2c44e9404 
[0;36mDEBUG[0m[2026-03-16 10:14:11.842]   received shard header from network in block tracker [0;36mshard[0m = 0 [0;36mepoch[0m = 0 [0;36mround[0m = 422 [0;36mnonce[0m = 415 [0;36mhash[0m = d428446cc68cca2a3894a0b09b5ee62ca7916e23d4b5e6cdafd5e14474dc149b 
[0;36mDEBUG[0m[2026-03-16 10:14:11.842]   received shard header from network in block tracker [0;36mshard[0m = 0 [0;36mepoch[0m = 0 [0;36mround[0m = 423 [0;36mnonce[0m = 416 [0;36mhash[0m = 8daed9f7e1a374511d8de8797dd1f71bea59d8b098dffc0302cceca03a83f1de 
[0;36mDEBUG[0m[2026-03-16 10:14:11.842]   received shard header from network in block tracker [0;36mshard[0m = 0 [0;36mepoch[0m = 0 [0;36mround[0m = 424 [0;36mnonce[0m = 417 [0;36mhash[0m = 419b4710213ec810627319b6a3b15d1286e8b14d1049f5439399369aa1fb07d8 
[0;36mDEBUG[0m[2026-03-16 10:14:11.842]   received shard header from network in block tracker [0;36mshard[0m = 0 [0;36mepoch[0m = 0 [0;36mround[0m = 425 [0;36mnonce[0m = 418 [0;36mhash[0m = aeafc4f91da6ba8cf18a22c63e9ddbe28f9df3a0571e73920ec42c8211a35625 
[0;36mDEBUG[0m[2026-03-16 10:14:11.842]   received shard header from network in block tracker [0;36mshard[0m = 0 [0;36mepoch[0m = 0 [0;36mround[0m = 426 [0;36mnonce[0m = 419 [0;36mhash[0m = 63db935e99d5df8b190760cf211a11fb06face09ad45f99081f74f8bc656ed58 
[0;36mDEBUG[0m[2026-03-16 10:14:11.842]   received shard header from network in block tracker [0;36mshard[0m = 0 [0;36mepoch[0m = 0 [0;36mround[0m = 427 [0;36mnonce[0m = 420 [0;36mhash[0m = 3430190331919affb0765ae3c62f80618587c31f7079b53540b6527ccf17dcb5 
[0;36mDEBUG[0m[2026-03-16 10:14:11.842]   received shard header from network in block tracker [0;36mshard[0m = 0 [0;36mepoch[0m = 0 [0;36mround[0m = 428 [0;36mnonce[0m = 421 [0;36mhash[0m = 0c5a8ee7db3ae334412daf3cfc197cdefb8e6de4a4a0ac5950a63ea2f56c6d2a 
[0;36mDEBUG[0m[2026-03-16 10:14:11.842]   received shard header from network in block tracker [0;36mshard[0m = 0 [0;36mepoch[0m = 0 [0;36mround[0m = 429 [0;36mnonce[0m = 422 [0;36mhash[0m = d693eee0a369c08ee05175a8964a879431da86d9015d5eec774ddac14faf3918 
[0;36mDEBUG[0m[2026-03-16 10:14:11.842]   received shard header from network in block tracker [0;36mshard[0m = 0 [0;36mepoch[0m = 0 [0;36mround[0m = 430 [0;36mnonce[0m = 423 [0;36mhash[0m = d28b01eab8ef83c56a833aa5c61811ba0dda3320b5bd75a1a11c80c8c4691428 
[0;36mDEBUG[0m[2026-03-16 10:14:11.842]   received shard header from network in block tracker [0;36mshard[0m = 0 [0;36mepoch[0m = 0 [0;36mround[0m = 431 [0;36mnonce[0m = 424 [0;36mhash[0m = 90aaadf073a5b3efb3cef83897689576548803bbeb36084d617a4febb2cbbf11 
[0;36mDEBUG[0m[2026-03-16 10:14:11.842]   received shard header from network in block tracker [0;36mshard[0m = 0 [0;36mepoch[0m = 0 [0;36mround[0m = 432 [0;36mnonce[0m = 425 [0;36mhash[0m = 934df0f9e894ec0f6160a8d90a821d5d32246ac9d22201520be6aff1d189ba6c 
[0;36mDEBUG[0m[2026-03-16 10:14:11.842]   received shard header from network in block tracker [0;36mshard[0m = 0 [0;36mepoch[0m = 0 [0;36mround[0m = 433 [0;36mnonce[0m = 426 [0;36mhash[0m = 77cb05b951067f6f40c995de9f5fea5ab0c18543c0e3fa3505ae9371e174ed5b 
[0;36mDEBUG[0m[2026-03-16 10:14:11.842]   received shard header from network in block tracker [0;36mshard[0m = 0 [0;36mepoch[0m = 0 [0;36mround[0m = 434 [0;36mnonce[0m = 427 [0;36mhash[0m = 16e6b3bc8ff04e876eebe2bee7756d0fe13939a3abcfe750c4385619cf65fc30 
[0;36mDEBUG[0m[2026-03-16 10:14:11.842]   received shard header from network in block tracker [0;36mshard[0m = 0 [0;36mepoch[0m = 0 [0;36mround[0m = 435 [0;36mnonce[0m = 428 [0;36mhash[0m = 3129d5887640de6364494f5598558cbacd9eb46c8be60838bcff7a4c81c99d73 
[0;36mDEBUG[0m[2026-03-16 10:14:11.842]   received shard header from network in block tracker [0;36mshard[0m = 0 [0;36mepoch[0m = 0 [0;36mround[0m = 436 [0;36mnonce[0m = 429 [0;36mhash[0m = 36b0052fca1886dcee750efb9f173007742dba744f85ecbdbcc3624a6d9e10a8 
[0;36mDEBUG[0m[2026-03-16 10:14:11.842]   received shard header from network in block tracker [0;36mshard[0m = 0 [0;36mepoch[0m = 0 [0;36mround[0m = 437 [0;36mnonce[0m = 430 [0;36mhash[0m = e2be86eefd593522457d15fed0e87779af3af4aa7ab532ff25686aa936263280 
[0;36mDEBUG[0m[2026-03-16 10:14:11.842]   received shard header from network in block tracker [0;36mshard[0m = 0 [0;36mepoch[0m = 0 [0;36mround[0m = 438 [0;36mnonce[0m = 431 [0;36mhash[0m = b72438e73482979dce8a4a3ebbb7f50989966f86db5b2a4f7c71513157cdd9e2 
[0;36mDEBUG[0m[2026-03-16 10:14:11.842]   received shard header from network in block tracker [0;36mshard[0m = 0 [0;36mepoch[0m = 0 [0;36mround[0m = 439 [0;36mnonce[0m = 432 [0;36mhash[0m = 884f638a3e6bf1c2f03b83506e83257c8c42bf64f209dcac604fea72df6fa69a 
[0;36mDEBUG[0m[2026-03-16 10:14:11.842]   received shard header from network in block tracker [0;36mshard[0m = 0 [0;36mepoch[0m = 0 [0;36mround[0m = 440 [0;36mnonce[0m = 433 [0;36mhash[0m = b29c7303f154b99a649a9fce12e299b819fba331b33416079ac1cba32fc5efc6 
[0;36mDEBUG[0m[2026-03-16 10:14:11.842]   received shard header from network in block tracker [0;36mshard[0m = 0 [0;36mepoch[0m = 0 [0;36mround[0m = 441 [0;36mnonce[0m = 434 [0;36mhash[0m = 3b9015db539a6c6b8cc3952962cffd0c09519fcde44fc81c5b3806128b2a8b3d 
[0;36mDEBUG[0m[2026-03-16 10:14:11.842]   received shard header from network in block tracker [0;36mshard[0m = 0 [0;36mepoch[0m = 0 [0;36mround[0m = 442 [0;36mnonce[0m = 435 [0;36mhash[0m = 58266dde12fc8dec929641b3a0135a061d415a89e737840ca32c32b68db0bc43 
[0;36mDEBUG[0m[2026-03-16 10:14:11.842]   received shard header from network in block tracker [0;36mshard[0m = 0 [0;36mepoch[0m = 0 [0;36mround[0m = 443 [0;36mnonce[0m = 436 [0;36mhash[0m = 191dc27633e46ba3f03174451e40b9715975bbe51d61603b0925b3abc418a7f3 
[0;36mDEBUG[0m[2026-03-16 10:14:11.842]   received shard header from network in block tracker [0;36mshard[0m = 0 [0;36mepoch[0m = 0 [0;36mround[0m = 444 [0;36mnonce[0m = 437 [0;36mhash[0m = 562c16d1235d405356fd79052254fccad1f5d8a15e0e8e0bfeb551319cc3224c 
[0;36mDEBUG[0m[2026-03-16 10:14:11.842]   received shard header from network in block tracker [0;36mshard[0m = 0 [0;36mepoch[0m = 0 [0;36mround[0m = 445 [0;36mnonce[0m = 438 [0;36mhash[0m = a885e5b521e6a921f169899a4f8669c1cf12f59f7a0bde8057c51888316294d6 
[0;36mDEBUG[0m[2026-03-16 10:14:11.842]   received shard header from network in block tracker [0;36mshard[0m = 0 [0;36mepoch[0m = 0 [0;36mround[0m = 446 [0;36mnonce[0m = 439 [0;36mhash[0m = 2e259b29712132d1839f68cc899b7d91f7f85807be84d2b03f924fc7b30e80f1 
[0;36mDEBUG[0m[2026-03-16 10:14:11.842]   received shard header from network in block tracker [0;36mshard[0m = 0 [0;36mepoch[0m = 0 [0;36mround[0m = 447 [0;36mnonce[0m = 440 [0;36mhash[0m = efa0499ee2bed91e8192941af6653d801d0d96da6bb4bcc7f566d7468e44c29d 
[0;36mDEBUG[0m[2026-03-16 10:14:11.842]   received shard header from network in block tracker [0;36mshard[0m = 0 [0;36mepoch[0m = 0 [0;36mround[0m = 448 [0;36mnonce[0m = 441 [0;36mhash[0m = 21fe254e9e3480f24129f3f9f01fe810e5462fcc22c6639e20a1e21bdbbf9c93 
[0;36mDEBUG[0m[2026-03-16 10:14:11.842]   received shard header from network in block tracker [0;36mshard[0m = 0 [0;36mepoch[0m = 0 [0;36mround[0m = 449 [0;36mnonce[0m = 442 [0;36mhash[0m = 14555b47b66d23a080e05896fb9eba281d90d6ff62f3f5a7dfc734e3a6b5a3dc 
[0;36mDEBUG[0m[2026-03-16 10:14:11.842]   received shard header from network in block tracker [0;36mshard[0m = 0 [0;36mepoch[0m = 0 [0;36mround[0m = 450 [0;36mnonce[0m = 443 [0;36mhash[0m = 6159cf6bf799aca5fb7dfb3e318deb0cfc72d46659715dd86aba70663b01372d 
[0;36mDEBUG[0m[2026-03-16 10:14:11.842]   received shard header from network in block tracker [0;36mshard[0m = 0 [0;36mepoch[0m = 0 [0;36mround[0m = 451 [0;36mnonce[0m = 444 [0;36mhash[0m = 3516048c7d94b4d2f396ce8f32784596dcce464da7fd0002db6dd221f1213ec6 
[0;36mDEBUG[0m[2026-03-16 10:14:11.842]   received shard header from network in block tracker [0;36mshard[0m = 0 [0;36mepoch[0m = 0 [0;36mround[0m = 452 [0;36mnonce[0m = 445 [0;36mhash[0m = e124882ce224cff21c1eaa8f5737b804fbcf2a8f7ce05cc314d813a8a7c41f3f 
[0;36mDEBUG[0m[2026-03-16 10:14:11.842]   received shard header from network in block tracker [0;36mshard[0m = 0 [0;36mepoch[0m = 0 [0;36mround[0m = 453 [0;36mnonce[0m = 446 [0;36mhash[0m = fa2e60ce3b48666574b474414a7fba473cf9414f20508a3ca530f220e5961563 
[0;36mDEBUG[0m[2026-03-16 10:14:11.842]   received shard header from network in block tracker [0;36mshard[0m = 0 [0;36mepoch[0m = 0 [0;36mround[0m = 454 [0;36mnonce[0m = 447 [0;36mhash[0m = ec72e7ddaabd6b473043c1c6909dfa9eea7df4cfb091d652313f615e63d782ae 
[0;36mDEBUG[0m[2026-03-16 10:14:11.842]   received shard header from network in block tracker [0;36mshard[0m = 0 [0;36mepoch[0m = 0 [0;36mround[0m = 455 [0;36mnonce[0m = 448 [0;36mhash[0m = 3dec1a59eb93c36a89d0e83eb9bf6f70adb99cf2f15fedbb45a290dced4f2490 
[0;36mDEBUG[0m[2026-03-16 10:14:11.842]   received shard header from network in block tracker [0;36mshard[0m = 0 [0;36mepoch[0m = 0 [0;36mround[0m = 456 [0;36mnonce[0m = 449 [0;36mhash[0m = d80ff5dd3d5a283009d451fc8e48e8d06e456a85257ff5b67e5e1f235a2d1cc0 
[0;36mDEBUG[0m[2026-03-16 10:14:11.842]   received shard header from network in block tracker [0;36mshard[0m = 0 [0;36mepoch[0m = 0 [0;36mround[0m = 457 [0;36mnonce[0m = 450 [0;36mhash[0m = 62654404df95fc0d4f10045f5f152cc49b0382283f5df7bf7470d4d2c29f46dd 
[0;36mDEBUG[0m[2026-03-16 10:14:11.842]   received shard header from network in block tracker [0;36mshard[0m = 0 [0;36mepoch[0m = 0 [0;36mround[0m = 458 [0;36mnonce[0m = 451 [0;36mhash[0m = 83066d98893e33e08055203d062ad01deef076d4316983c5448c3591ac529592 
[0;36mDEBUG[0m[2026-03-16 10:14:11.842]   received shard header from network in block tracker [0;36mshard[0m = 0 [0;36mepoch[0m = 0 [0;36mround[0m = 459 [0;36mnonce[0m = 452 [0;36mhash[0m = daf32f31696a5908f9f804660aaf1d0419b67fe05f859bc306177c847956d353 
[0;36mDEBUG[0m[2026-03-16 10:14:11.842]   received shard header from network in block tracker [0;36mshard[0m = 0 [0;36mepoch[0m = 0 [0;36mround[0m = 460 [0;36mnonce[0m = 453 [0;36mhash[0m = 41ad07ad4ca35efb6cf83a0f87f7bd831b6118b1bccbed1cc002c7ea1d87f686 
[0;36mDEBUG[0m[2026-03-16 10:14:11.842]   received shard header from network in block tracker [0;36mshard[0m = 0 [0;36mepoch[0m = 0 [0;36mround[0m = 461 [0;36mnonce[0m = 454 [0;36mhash[0m = f04861bcc5fdb04842960983c6b3045870317ba7499810974f444bdd2ef99e12 
[0;36mDEBUG[0m[2026-03-16 10:14:11.842]   received shard header from network in block tracker [0;36mshard[0m = 0 [0;36mepoch[0m = 0 [0;36mround[0m = 462 [0;36mnonce[0m = 455 [0;36mhash[0m = 6557730c15fec9bc5f119c369441cdd4ad0836c813801c7a35ff43b12d872585 
[0;36mDEBUG[0m[2026-03-16 10:14:11.842]   received shard header from network in block tracker [0;36mshard[0m = 0 [0;36mepoch[0m = 0 [0;36mround[0m = 463 [0;36mnonce[0m = 456 [0;36mhash[0m = 561d51dd0d3c3d9f6e2949d7937fda98973b58f3f74d5a8318f691c803117d14 
[0;36mDEBUG[0m[2026-03-16 10:14:11.842]   received shard header from network in block tracker [0;36mshard[0m = 0 [0;36mepoch[0m = 0 [0;36mround[0m = 464 [0;36mnonce[0m = 457 [0;36mhash[0m = afaaadd4f73628d9dfae719ecd0b05e97c1b2b3879d2d310ad4c9c41e4acaa64 
[0;36mDEBUG[0m[2026-03-16 10:14:11.842]   received shard header from network in block tracker [0;36mshard[0m = 0 [0;36mepoch[0m = 0 [0;36mround[0m = 465 [0;36mnonce[0m = 458 [0;36mhash[0m = 8c67c786871dcf5a88f9fc8141dc030e565b50a05773d6c85b791e60fb6cbb5e 
[0;36mDEBUG[0m[2026-03-16 10:14:11.842]   received shard header from network in block tracker [0;36mshard[0m = 0 [0;36mepoch[0m = 0 [0;36mround[0m = 466 [0;36mnonce[0m = 459 [0;36mhash[0m = 380b6cc1a80efb4f67020468482deef580820f063e2d05ddc2cc3fbb97853b1d 
[0;36mDEBUG[0m[2026-03-16 10:14:11.842]   received shard header from network in block tracker [0;36mshard[0m = 0 [0;36mepoch[0m = 0 [0;36mround[0m = 467 [0;36mnonce[0m = 460 [0;36mhash[0m = 5a82d7bebef3b9f6ea3106433546ce955e207ded77c9e11d5fd56d28cd4f0d1c 
[0;36mDEBUG[0m[2026-03-16 10:14:11.842]   received shard header from network in block tracker [0;36mshard[0m = 0 [0;36mepoch[0m = 0 [0;36mround[0m = 468 [0;36mnonce[0m = 461 [0;36mhash[0m = d4f96d7a1e926d646b31ac75fd7eab414c12d22463a2a74d0070dbf360ab187e 
[0;36mDEBUG[0m[2026-03-16 10:14:11.842]   received shard header from network in block tracker [0;36mshard[0m = 0 [0;36mepoch[0m = 0 [0;36mround[0m = 469 [0;36mnonce[0m = 462 [0;36mhash[0m = bed86d86c04db24269c763512eed2f3757c12774f500e2011ba36c13053b61c0 
[0;36mDEBUG[0m[2026-03-16 10:14:11.842]   received shard header from network in block tracker [0;36mshard[0m = 0 [0;36mepoch[0m = 0 [0;36mround[0m = 470 [0;36mnonce[0m = 463 [0;36mhash[0m = 98991cbc6f26b2fb31f93f26f4f188eeb65a103038321a4fde708641e9582b88 
[0;36mDEBUG[0m[2026-03-16 10:14:11.842]   received shard header from network in block tracker [0;36mshard[0m = 0 [0;36mepoch[0m = 0 [0;36mround[0m = 471 [0;36mnonce[0m = 464 [0;36mhash[0m = ec2b9ac29ee586bb8e6e7e66063a13e1c0cad6f359541f4340e69454023d1087 
[0;36mDEBUG[0m[2026-03-16 10:14:11.842]   received shard header from network in block tracker [0;36mshard[0m = 0 [0;36mepoch[0m = 0 [0;36mround[0m = 472 [0;36mnonce[0m = 465 [0;36mhash[0m = edc6ecbf98f155cfcf8a55d47a71d381289905e148cd726c1f0127b6940be56c 
[0;36mDEBUG[0m[2026-03-16 10:14:11.842]   received shard header from network in block tracker [0;36mshard[0m = 0 [0;36mepoch[0m = 0 [0;36mround[0m = 473 [0;36mnonce[0m = 466 [0;36mhash[0m = 1333db8cb1bb7bec7ac09efae335472ee22e520f9da8b72b6fe46057078233f2 
[0;36mDEBUG[0m[2026-03-16 10:14:11.842]   received shard header from network in block tracker [0;36mshard[0m = 0 [0;36mepoch[0m = 0 [0;36mround[0m = 474 [0;36mnonce[0m = 467 [0;36mhash[0m = a1e57e16c3de4f7edf34283bbe3b538f0b263a55b59795e43bd4d671cb0de3a4 
[0;36mDEBUG[0m[2026-03-16 10:14:11.842]   received shard header from network in block tracker [0;36mshard[0m = 0 [0;36mepoch[0m = 0 [0;36mround[0m = 475 [0;36mnonce[0m = 468 [0;36mhash[0m = ffd9b39a3fab8e2d242b9dd1f39bb14d28efdf6acc88e3967c9fc6c3daba6376 
[0;36mDEBUG[0m[2026-03-16 10:14:11.842]   received shard header from network in block tracker [0;36mshard[0m = 0 [0;36mepoch[0m = 0 [0;36mround[0m = 476 [0;36mnonce[0m = 469 [0;36mhash[0m = 89ff4042b25770d55da32a1c6fd1c6937fe34e23077d1307bdd6d7033783ee39 
[0;36mDEBUG[0m[2026-03-16 10:14:11.842]   received shard header from network in block tracker [0;36mshard[0m = 0 [0;36mepoch[0m = 0 [0;36mround[0m = 477 [0;36mnonce[0m = 470 [0;36mhash[0m = 840ce97efd599ea580d56d8431544fb935356d9fbf573b5e794c52cfd065d71a 
[0;36mDEBUG[0m[2026-03-16 10:14:11.842]   received shard header from network in block tracker [0;36mshard[0m = 0 [0;36mepoch[0m = 0 [0;36mround[0m = 478 [0;36mnonce[0m = 471 [0;36mhash[0m = 18d0fb38cc906e1da7eefe718642264bf6af04ee02d740ce85c099f4b4e59c0a 
[0;36mDEBUG[0m[2026-03-16 10:14:11.842]   received shard header from network in block tracker [0;36mshard[0m = 0 [0;36mepoch[0m = 0 [0;36mround[0m = 479 [0;36mnonce[0m = 472 [0;36mhash[0m = 392f72b089f9dc5a9888dc218f8ba18c69c05072cb7c3a379141e2983f2c7255 
[0;36mDEBUG[0m[2026-03-16 10:14:11.842]   received shard header from network in block tracker [0;36mshard[0m = 0 [0;36mepoch[0m = 0 [0;36mround[0m = 480 [0;36mnonce[0m = 473 [0;36mhash[0m = 92eb54309ef686b1a6c7b96df8883d587d485ba5f470815f80d18e96537447d0 
[0;36mDEBUG[0m[2026-03-16 10:14:11.842]   received shard header from network in block tracker [0;36mshard[0m = 0 [0;36mepoch[0m = 0 [0;36mround[0m = 481 [0;36mnonce[0m = 474 [0;36mhash[0m = bfb7d4c7a27937880ee5adab928a202dd8a8a89b72c1295ae47e882d89916d7e 
[0;36mDEBUG[0m[2026-03-16 10:14:11.842]   received shard header from network in block tracker [0;36mshard[0m = 0 [0;36mepoch[0m = 0 [0;36mround[0m = 482 [0;36mnonce[0m = 475 [0;36mhash[0m = 8432383b526ce7a5487b9ad3d91d23c330b2e6640e27d4ae69f7ee8959c0fa9d 
[0;36mDEBUG[0m[2026-03-16 10:14:11.842]   received shard header from network in block tracker [0;36mshard[0m = 0 [0;36mepoch[0m = 0 [0;36mround[0m = 483 [0;36mnonce[0m = 476 [0;36mhash[0m = 4c093dca12bd8ce1f7cdb876bef6ce6e9266aec7ca17eae64f39971efbb50557 
[0;36mDEBUG[0m[2026-03-16 10:14:11.842]   received shard header from network in block tracker [0;36mshard[0m = 0 [0;36mepoch[0m = 0 [0;36mround[0m = 484 [0;36mnonce[0m = 477 [0;36mhash[0m = d276638385dfc992fd86465dd4a468e87da639c7118c3178af07a00edb96fd66 
[0;36mDEBUG[0m[2026-03-16 10:14:11.842]   received shard header from network in block tracker [0;36mshard[0m = 0 [0;36mepoch[0m = 0 [0;36mround[0m = 485 [0;36mnonce[0m = 478 [0;36mhash[0m = e40236c7844359e47746e40bc8853294b7617f448e652778f5ff8c0b9bf3f323 
[0;36mDEBUG[0m[2026-03-16 10:14:11.842]   received shard header from network in block tracker [0;36mshard[0m = 0 [0;36mepoch[0m = 0 [0;36mround[0m = 486 [0;36mnonce[0m = 479 [0;36mhash[0m = dafe3560782225489556191b770b83931df46e0fb10ce90ff0ae318a00318152 
[0;36mDEBUG[0m[2026-03-16 10:14:11.842]   received shard header from network in block tracker [0;36mshard[0m = 0 [0;36mepoch[0m = 0 [0;36mround[0m = 487 [0;36mnonce[0m = 480 [0;36mhash[0m = 95502a0836b69b29a7cf5f7679ee84589954a808905b82d6bb25caddca022e79 
[0;36mDEBUG[0m[2026-03-16 10:14:11.842]   received shard header from network in block tracker [0;36mshard[0m = 0 [0;36mepoch[0m = 0 [0;36mround[0m = 488 [0;36mnonce[0m = 481 [0;36mhash[0m = b36e267bfe6908feddc2f3f178e25ca404a33e006135103d6f770c82763c45ca 
[0;36mDEBUG[0m[2026-03-16 10:14:11.842]   received shard header from network in block tracker [0;36mshard[0m = 0 [0;36mepoch[0m = 0 [0;36mround[0m = 489 [0;36mnonce[0m = 482 [0;36mhash[0m = eeb710d3868170b04c755321c25f4a4c272a6a08e371a257d39c37934b050676 
[0;36mDEBUG[0m[2026-03-16 10:14:11.842]   received shard header from network in block tracker [0;36mshard[0m = 0 [0;36mepoch[0m = 0 [0;36mround[0m = 490 [0;36mnonce[0m = 483 [0;36mhash[0m = e8105ff3857f7407af234fb3cbb4916ba1ee84c9ca0f0e92c437b1b8b1fbfc4e 
[0;36mDEBUG[0m[2026-03-16 10:14:11.842]   received shard header from network in block tracker [0;36mshard[0m = 0 [0;36mepoch[0m = 0 [0;36mround[0m = 491 [0;36mnonce[0m = 484 [0;36mhash[0m = 6d54bde84b27f5c921a8519601f6b30d31a97d8d7c8014310a1fb9845c129993 
[0;36mDEBUG[0m[2026-03-16 10:14:11.842]   received shard header from network in block tracker [0;36mshard[0m = 0 [0;36mepoch[0m = 0 [0;36mround[0m = 492 [0;36mnonce[0m = 485 [0;36mhash[0m = ec628c0dcb1cb34f044a08363f29d35301ec10530d3b0215e1a50775f6ad1d45 
[0;36mDEBUG[0m[2026-03-16 10:14:11.842]   received shard header from network in block tracker [0;36mshard[0m = 0 [0;36mepoch[0m = 0 [0;36mround[0m = 493 [0;36mnonce[0m = 486 [0;36mhash[0m = a83beffc2a1bc1f6a5a8164fc4ab88538d4895d29257a8f68cc6e215a749bac4 
[0;36mDEBUG[0m[2026-03-16 10:14:11.842]   received shard header from network in block tracker [0;36mshard[0m = 0 [0;36mepoch[0m = 0 [0;36mround[0m = 494 [0;36mnonce[0m = 487 [0;36mhash[0m = 188543310b0bc798fa6a66fe46dd22a85279cdc63a5538abda937ef5d0730de6 
[0;36mDEBUG[0m[2026-03-16 10:14:11.842]   received shard header from network in block tracker [0;36mshard[0m = 0 [0;36mepoch[0m = 0 [0;36mround[0m = 495 [0;36mnonce[0m = 488 [0;36mhash[0m = 7dac4ec1cb7572beb349750417beb171f7e642fae5a45d0c0deb02bdb4959b84 
[0;36mDEBUG[0m[2026-03-16 10:14:11.842]   received shard header from network in block tracker [0;36mshard[0m = 0 [0;36mepoch[0m = 0 [0;36mround[0m = 496 [0;36mnonce[0m = 489 [0;36mhash[0m = b10640ce7aeff8c343d9692c29e765abd222bbf17fed64156dc32b44f95beafe 
[0;36mDEBUG[0m[2026-03-16 10:14:11.842]   received shard header from network in block tracker [0;36mshard[0m = 0 [0;36mepoch[0m = 0 [0;36mround[0m = 497 [0;36mnonce[0m = 490 [0;36mhash[0m = f3d5e36c1f2ad6a6fba6ceeee208ff75cd809be17b50ce600d954a9c11d12b79 
[0;36mDEBUG[0m[2026-03-16 10:14:11.842]   received shard header from network in block tracker [0;36mshard[0m = 0 [0;36mepoch[0m = 0 [0;36mround[0m = 498 [0;36mnonce[0m = 491 [0;36mhash[0m = b01bd805d964dadd3d83d85dc79966e905033021e701fd26298ebf34ee02cb07 
[0;36mDEBUG[0m[2026-03-16 10:14:11.842]   received shard header from network in block tracker [0;36mshard[0m = 0 [0;36mepoch[0m = 0 [0;36mround[0m = 499 [0;36mnonce[0m = 492 [0;36mhash[0m = f9352f788ad7a270d835042c48088b31c70136c1ae611bfe71261119916d5f31 
[0;36mDEBUG[0m[2026-03-16 10:14:11.842]   received shard header from network in block tracker [0;36mshard[0m = 0 [0;36mepoch[0m = 0 [0;36mround[0m = 500 [0;36mnonce[0m = 493 [0;36mhash[0m = 06c54b5f255aad0ab6b52573e414866ff9c30578fb89287520f961d3fd27d1ce 
[0;36mDEBUG[0m[2026-03-16 10:14:11.842]   received shard header from network in block tracker [0;36mshard[0m = 0 [0;36mepoch[0m = 0 [0;36mround[0m = 501 [0;36mnonce[0m = 494 [0;36mhash[0m = 06343ffeb8597b6895bf013fdb8a5a394e05b47efc149559487accac8f8eb2b5 
[0;36mDEBUG[0m[2026-03-16 10:14:11.842]   received shard header from network in block tracker [0;36mshard[0m = 0 [0;36mepoch[0m = 0 [0;36mround[0m = 502 [0;36mnonce[0m = 495 [0;36mhash[0m = b8379ea340cdafc78dbd75a56937827afb418ce7fd19ec0d6937c936a4998ee4 
[0;36mDEBUG[0m[2026-03-16 10:14:11.842]   received shard header from network in block tracker [0;36mshard[0m = 0 [0;36mepoch[0m = 0 [0;36mround[0m = 503 [0;36mnonce[0m = 496 [0;36mhash[0m = 3effced6a1433a862e0125145fc0d9ecaafb2b490f27cd4777d720d6c387116a 
[0;36mDEBUG[0m[2026-03-16 10:14:11.842]   received shard header from network in block tracker [0;36mshard[0m = 0 [0;36mepoch[0m = 0 [0;36mround[0m = 504 [0;36mnonce[0m = 497 [0;36mhash[0m = f7aa5c1b9b9d63c8d7d43c50db06e30a528d488af395c5bf34aaaaebc3e4eacd 
[0;36mDEBUG[0m[2026-03-16 10:14:11.843]   received shard header from network in block tracker [0;36mshard[0m = 0 [0;36mepoch[0m = 0 [0;36mround[0m = 505 [0;36mnonce[0m = 498 [0;36mhash[0m = ce21e805020b3d7fe6ab70e3eb82188237b51fe6dda414bbc6c9b105c6cd4c44 
[0;36mDEBUG[0m[2026-03-16 10:14:11.843]   received shard header from network in block tracker [0;36mshard[0m = 0 [0;36mepoch[0m = 0 [0;36mround[0m = 506 [0;36mnonce[0m = 499 [0;36mhash[0m = 8fc80ae2d711c6764bcc99243e031cbd76e9cd6f2c3787eac72fe0c31bf03378 
[0;36mDEBUG[0m[2026-03-16 10:14:11.843]   received shard header from network in block tracker [0;36mshard[0m = 0 [0;36mepoch[0m = 0 [0;36mround[0m = 507 [0;36mnonce[0m = 500 [0;36mhash[0m = cb4e4bea19a26d5be61ab1d2214979916037cef35cb9e288d6bc8dc62edc8781 
[0;36mDEBUG[0m[2026-03-16 10:14:11.843]   received shard header from network in block tracker [0;36mshard[0m = 0 [0;36mepoch[0m = 0 [0;36mround[0m = 508 [0;36mnonce[0m = 501 [0;36mhash[0m = 74580f56621c5c3709e1f1dbb9123812de27bdde22ce94dc372f369e4ddbd5ee 
[0;36mDEBUG[0m[2026-03-16 10:14:11.843]   received shard header from network in block tracker [0;36mshard[0m = 0 [0;36mepoch[0m = 0 [0;36mround[0m = 509 [0;36mnonce[0m = 502 [0;36mhash[0m = b380463538a8beb44ea93dd50a7dcc9ee9e3d5ebe5f4e6bf1dce9440123a1ce1 
[0;36mDEBUG[0m[2026-03-16 10:14:11.843]   received shard header from network in block tracker [0;36mshard[0m = 0 [0;36mepoch[0m = 0 [0;36mround[0m = 510 [0;36mnonce[0m = 503 [0;36mhash[0m = 11f2cda80b577d5998562c977bd0f53a29eab7b3e8660c0528cf5de4c74db8cf 
[0;36mDEBUG[0m[2026-03-16 10:14:11.843]   received shard header from network in block tracker [0;36mshard[0m = 0 [0;36mepoch[0m = 0 [0;36mround[0m = 511 [0;36mnonce[0m = 504 [0;36mhash[0m = 6f0ad4b24bc82e61e5739e52ec0a0cbb73b2282871becf773b952c753f584380 
[0;36mDEBUG[0m[2026-03-16 10:14:11.843]   received shard header from network in block tracker [0;36mshard[0m = 0 [0;36mepoch[0m = 0 [0;36mround[0m = 512 [0;36mnonce[0m = 505 [0;36mhash[0m = d3c7f593bcac2f9be1041fab14eb26f6627b20a5630d29dc32ffc54848893c59 
[0;36mDEBUG[0m[2026-03-16 10:14:11.843]   received shard header from network in block tracker [0;36mshard[0m = 0 [0;36mepoch[0m = 0 [0;36mround[0m = 513 [0;36mnonce[0m = 506 [0;36mhash[0m = 354bd5eaff0f96cd767d4ab55c3cdf848a0af36c4fa313eb153028597edd8791 
[0;36mDEBUG[0m[2026-03-16 10:14:11.843]   received shard header from network in block tracker [0;36mshard[0m = 0 [0;36mepoch[0m = 0 [0;36mround[0m = 514 [0;36mnonce[0m = 507 [0;36mhash[0m = accb7acce76d05f1f375b4603c568329b76fab634e8548515dc65dfb091cf7f7 
[0;36mDEBUG[0m[2026-03-16 10:14:11.843]   received shard header from network in block tracker [0;36mshard[0m = 0 [0;36mepoch[0m = 0 [0;36mround[0m = 515 [0;36mnonce[0m = 508 [0;36mhash[0m = 38b5455d55b07680a78c8246c72e226d35802e3d26e0fde16166b89e17160886 
[0;36mDEBUG[0m[2026-03-16 10:14:11.843]   received shard header from network in block tracker [0;36mshard[0m = 0 [0;36mepoch[0m = 0 [0;36mround[0m = 516 [0;36mnonce[0m = 509 [0;36mhash[0m = 6c93f619715c9f04d95b0dc4f83241d5d2461e5d9d3d181a7a952bf771d13b64 
[0;36mDEBUG[0m[2026-03-16 10:14:11.843]   received shard header from network in block tracker [0;36mshard[0m = 0 [0;36mepoch[0m = 0 [0;36mround[0m = 517 [0;36mnonce[0m = 510 [0;36mhash[0m = cae53fc566df3eb396a10db75b087145c9c08f5e5a68b09e220e7b41400ed924 
[0;36mDEBUG[0m[2026-03-16 10:14:11.843]   received shard header from network in block tracker [0;36mshard[0m = 0 [0;36mepoch[0m = 0 [0;36mround[0m = 518 [0;36mnonce[0m = 511 [0;36mhash[0m = 3b74d0c65141523490250b9f503d5947b31a92ad9c14347a0683a8547525c172 
[0;36mDEBUG[0m[2026-03-16 10:14:11.843]   received shard header from network in block tracker [0;36mshard[0m = 0 [0;36mepoch[0m = 0 [0;36mround[0m = 519 [0;36mnonce[0m = 512 [0;36mhash[0m = d7731e60c3efe9a64b7c00d0f80682d91b14e191efd1a259ecadaf3f155b1aae 
[0;36mDEBUG[0m[2026-03-16 10:14:11.843]   received shard header from network in block tracker [0;36mshard[0m = 0 [0;36mepoch[0m = 0 [0;36mround[0m = 520 [0;36mnonce[0m = 513 [0;36mhash[0m = 2407a1f904bdd7849ea735bf6825743120665dadf0a3b397bbb4c578dc69d829 
[0;36mDEBUG[0m[2026-03-16 10:14:11.843]   received shard header from network in block tracker [0;36mshard[0m = 0 [0;36mepoch[0m = 0 [0;36mround[0m = 521 [0;36mnonce[0m = 514 [0;36mhash[0m = 293231d55c1c3db9980bbba68692a62226036a5bbc3920ecc661b10f307eb18f 
[0;36mDEBUG[0m[2026-03-16 10:14:11.843]   received shard header from network in block tracker [0;36mshard[0m = 0 [0;36mepoch[0m = 0 [0;36mround[0m = 522 [0;36mnonce[0m = 515 [0;36mhash[0m = 27d4df737c0ea9d22a4e2cfabf973ccf7128dda88381f44e108f15b4fed1f94f 
[0;36mDEBUG[0m[2026-03-16 10:14:11.843]   received shard header from network in block tracker [0;36mshard[0m = 0 [0;36mepoch[0m = 0 [0;36mround[0m = 523 [0;36mnonce[0m = 516 [0;36mhash[0m = 7ded75040edaf4d9226c2363207c3774411d981c44ffc459caa74796dbe2edf8 
[0;36mDEBUG[0m[2026-03-16 10:14:11.843]   received shard header from network in block tracker [0;36mshard[0m = 0 [0;36mepoch[0m = 0 [0;36mround[0m = 524 [0;36mnonce[0m = 517 [0;36mhash[0m = 20f4ebed7de7234a9357ed7d5e064443a6231341365155a0ac765ffa379dbac4 
[0;36mDEBUG[0m[2026-03-16 10:14:11.843]   received shard header from network in block tracker [0;36mshard[0m = 0 [0;36mepoch[0m = 0 [0;36mround[0m = 525 [0;36mnonce[0m = 518 [0;36mhash[0m = 35358a3b6f2d65e24773ec69892f92bde60c3cae999dc5014ba02c3eabcfa249 
[0;36mDEBUG[0m[2026-03-16 10:14:11.843]   received shard header from network in block tracker [0;36mshard[0m = 0 [0;36mepoch[0m = 0 [0;36mround[0m = 526 [0;36mnonce[0m = 519 [0;36mhash[0m = 42e9719449db33e20c3a21bfde68809e3036f5514a04f191a3af0b65720b9c85 
[0;36mDEBUG[0m[2026-03-16 10:14:11.843]   received shard header from network in block tracker [0;36mshard[0m = 0 [0;36mepoch[0m = 0 [0;36mround[0m = 527 [0;36mnonce[0m = 520 [0;36mhash[0m = e1b3e4f8791e231c5992e0e657e829a52b0b59af28769d248fbd418c2b856e26 
[0;36mDEBUG[0m[2026-03-16 10:14:11.843]   received shard header from network in block tracker [0;36mshard[0m = 0 [0;36mepoch[0m = 0 [0;36mround[0m = 528 [0;36mnonce[0m = 521 [0;36mhash[0m = 34ea5a63c54ba1b9ba8b5fe82fdf7d514f60536bc389da1e0d3ec45519514a75 
[0;36mDEBUG[0m[2026-03-16 10:14:11.843]   received shard header from network in block tracker [0;36mshard[0m = 0 [0;36mepoch[0m = 0 [0;36mround[0m = 529 [0;36mnonce[0m = 522 [0;36mhash[0m = ac4760738af0f7f5472298fa5ef253c3397cc8cb423937db309c5ccdfb55f4bf 
[0;36mDEBUG[0m[2026-03-16 10:14:11.843]   received shard header from network in block tracker [0;36mshard[0m = 0 [0;36mepoch[0m = 0 [0;36mround[0m = 530 [0;36mnonce[0m = 523 [0;36mhash[0m = d79ca62cdf24d0780f03f772ec007c87c8fef28b7358126708d47adbe6d227af 
[0;36mDEBUG[0m[2026-03-16 10:14:11.843]   received shard header from network in block tracker [0;36mshard[0m = 0 [0;36mepoch[0m = 0 [0;36mround[0m = 531 [0;36mnonce[0m = 524 [0;36mhash[0m = 40a3b40cb7c8cd372e5af964f8974d78295f2f9277d76bdb3fc16052444b93d1 
[0;36mDEBUG[0m[2026-03-16 10:14:11.843]   received shard header from network in block tracker [0;36mshard[0m = 0 [0;36mepoch[0m = 0 [0;36mround[0m = 532 [0;36mnonce[0m = 525 [0;36mhash[0m = c605a4bbf466bcb2bf5a7536b691ff2fff296f912501343181045e6f8c2f8a9f 
[0;36mDEBUG[0m[2026-03-16 10:14:11.843]   received shard header from network in block tracker [0;36mshard[0m = 0 [0;36mepoch[0m = 0 [0;36mround[0m = 533 [0;36mnonce[0m = 526 [0;36mhash[0m = 3b8e3c52541a2a91690fde7f5eb1335ef51d67147897e10c6d851fd3d1beef2c 
[0;36mDEBUG[0m[2026-03-16 10:14:11.843]   received shard header from network in block tracker [0;36mshard[0m = 0 [0;36mepoch[0m = 0 [0;36mround[0m = 534 [0;36mnonce[0m = 527 [0;36mhash[0m = b085cbe7de949d51a4c2a3efac9adf7e9dc0fe5cfbd0279eb615d19e9e39438a 
[0;36mDEBUG[0m[2026-03-16 10:14:11.843]   received shard header from network in block tracker [0;36mshard[0m = 0 [0;36mepoch[0m = 0 [0;36mround[0m = 535 [0;36mnonce[0m = 528 [0;36mhash[0m = 7981fcd3dfa90a60603b4d048406cface18b360f9da2b8124116bcc8af1d2d22 
[0;36mDEBUG[0m[2026-03-16 10:14:11.843]   received shard header from network in block tracker [0;36mshard[0m = 0 [0;36mepoch[0m = 0 [0;36mround[0m = 536 [0;36mnonce[0m = 529 [0;36mhash[0m = 6570fe09d437e72bfdc494acb0f95788d79f2e2c1a4049d7d57abb3cd7120276 
[0;36mDEBUG[0m[2026-03-16 10:14:11.843]   received shard header from network in block tracker [0;36mshard[0m = 0 [0;36mepoch[0m = 0 [0;36mround[0m = 537 [0;36mnonce[0m = 530 [0;36mhash[0m = 8068d2e6dfa335d735845cc15276cef19d651748deddfebbb68c733d4c2dfb93 
[0;36mDEBUG[0m[2026-03-16 10:14:11.843]   received shard header from network in block tracker [0;36mshard[0m = 0 [0;36mepoch[0m = 0 [0;36mround[0m = 538 [0;36mnonce[0m = 531 [0;36mhash[0m = 78d9d0499808c179e303504883a15bd06341144626e0e6a3f0a3d63d8bbdaf55 
[0;36mDEBUG[0m[2026-03-16 10:14:11.843]   received shard header from network in block tracker [0;36mshard[0m = 0 [0;36mepoch[0m = 0 [0;36mround[0m = 539 [0;36mnonce[0m = 532 [0;36mhash[0m = 3325a950562cf6c60198c1436d9ed5101c58b418d6066e018cb0b213f643ecf0 
[0;36mDEBUG[0m[2026-03-16 10:14:11.843]   received shard header from network in block tracker [0;36mshard[0m = 0 [0;36mepoch[0m = 0 [0;36mround[0m = 540 [0;36mnonce[0m = 533 [0;36mhash[0m = 0c8a6a82804c29dd5ae23ffdd3037154a4f9b0bb9ccb4d0b3b2ecc5c66ca01ed 
[0;36mDEBUG[0m[2026-03-16 10:14:11.843]   received shard header from network in block tracker [0;36mshard[0m = 0 [0;36mepoch[0m = 0 [0;36mround[0m = 541 [0;36mnonce[0m = 534 [0;36mhash[0m = bad5754fff3de0fa7916577907fac50e976ec594bccc4c218da6a4b2dd242f2d 
[0;36mDEBUG[0m[2026-03-16 10:14:11.843]   received shard header from network in block tracker [0;36mshard[0m = 0 [0;36mepoch[0m = 0 [0;36mround[0m = 542 [0;36mnonce[0m = 535 [0;36mhash[0m = 4d0031be0acf8e098716929c4e4a820df155983d165250b85b41886e99eb7b48 
[0;36mDEBUG[0m[2026-03-16 10:14:11.843]   received shard header from network in block tracker [0;36mshard[0m = 0 [0;36mepoch[0m = 0 [0;36mround[0m = 543 [0;36mnonce[0m = 536 [0;36mhash[0m = 771ac57345aa13e788d0f94cd4e9b54a8c025ef07893f5f19253c7bd88b43404 
[0;36mDEBUG[0m[2026-03-16 10:14:11.843]   received shard header from network in block tracker [0;36mshard[0m = 0 [0;36mepoch[0m = 0 [0;36mround[0m = 544 [0;36mnonce[0m = 537 [0;36mhash[0m = 43be8acac0f91e517c32c7bbb06dfca3a2d58301d77551888d177fcfaf0a4895 
[0;36mDEBUG[0m[2026-03-16 10:14:11.843]   received shard header from network in block tracker [0;36mshard[0m = 0 [0;36mepoch[0m = 0 [0;36mround[0m = 545 [0;36mnonce[0m = 538 [0;36mhash[0m = 9d71cc3e0fe09a15086f9450d3545e9e2988bed9abd14be947e1311ffded41dd 
[0;36mDEBUG[0m[2026-03-16 10:14:11.843]   received shard header from network in block tracker [0;36mshard[0m = 0 [0;36mepoch[0m = 0 [0;36mround[0m = 546 [0;36mnonce[0m = 539 [0;36mhash[0m = 85f18f0dc975af4f12507d812b2c3efcc59fe4e4082f96369d122a29c82c1f26 
[0;36mDEBUG[0m[2026-03-16 10:14:11.843]   received shard header from network in block tracker [0;36mshard[0m = 0 [0;36mepoch[0m = 0 [0;36mround[0m = 547 [0;36mnonce[0m = 540 [0;36mhash[0m = d5a00d48b50b3cd7915e5dae993a9beedf266303d26619245e27c3ece677a83a 
[0;36mDEBUG[0m[2026-03-16 10:14:11.843]   received shard header from network in block tracker [0;36mshard[0m = 0 [0;36mepoch[0m = 0 [0;36mround[0m = 548 [0;36mnonce[0m = 541 [0;36mhash[0m = 9032b4679386efb629c10b79fbc982ce57a54dc798dc53d45dfcdb1b80896254 
[0;36mDEBUG[0m[2026-03-16 10:14:11.843]   received shard header from network in block tracker [0;36mshard[0m = 0 [0;36mepoch[0m = 0 [0;36mround[0m = 549 [0;36mnonce[0m = 542 [0;36mhash[0m = 8e033b9e82559eab7495e8a745d65f262633fe52790d498cd9a09abfed61f386 
[0;36mDEBUG[0m[2026-03-16 10:14:11.843]   received shard header from network in block tracker [0;36mshard[0m = 0 [0;36mepoch[0m = 0 [0;36mround[0m = 550 [0;36mnonce[0m = 543 [0;36mhash[0m = 3a3681d07ed812f8ada5a41d5190590d1dd247301c6def93977488c5ce3e50e5 
[0;36mDEBUG[0m[2026-03-16 10:14:11.843]   received shard header from network in block tracker [0;36mshard[0m = 0 [0;36mepoch[0m = 0 [0;36mround[0m = 551 [0;36mnonce[0m = 544 [0;36mhash[0m = 3977f8f9bc4cd67cc0736cd679e7f272d86347b8bec9ea47e995cd1db8308d0b 
[0;36mDEBUG[0m[2026-03-16 10:14:11.843]   received shard header from network in block tracker [0;36mshard[0m = 0 [0;36mepoch[0m = 0 [0;36mround[0m = 552 [0;36mnonce[0m = 545 [0;36mhash[0m = dbfcd3110e7fd5cf04d25f8c85e605fd76ae42cdf5a452738aa8de52f1cc329d 
[0;36mDEBUG[0m[2026-03-16 10:14:11.843]   received shard header from network in block tracker [0;36mshard[0m = 0 [0;36mepoch[0m = 0 [0;36mround[0m = 553 [0;36mnonce[0m = 546 [0;36mhash[0m = 796f3824d54ea83013a3b7244e0a89f0cf973674b90aa5d4860c93b3d3d5b208 
[0;36mDEBUG[0m[2026-03-16 10:14:11.843]   received shard header from network in block tracker [0;36mshard[0m = 0 [0;36mepoch[0m = 0 [0;36mround[0m = 554 [0;36mnonce[0m = 547 [0;36mhash[0m = ffecb28c9aa3fcd81c39e1a47dd9718aecc97588258045d2bc49903053f68f66 
[0;36mDEBUG[0m[2026-03-16 10:14:11.843]   received shard header from network in block tracker [0;36mshard[0m = 0 [0;36mepoch[0m = 0 [0;36mround[0m = 555 [0;36mnonce[0m = 548 [0;36mhash[0m = 1538d025179c9bc6a14ce4fff98cedeff807adeb2a4ee1c6ce904626ab8dd88d 
[0;36mDEBUG[0m[2026-03-16 10:14:11.843]   received shard header from network in block tracker [0;36mshard[0m = 0 [0;36mepoch[0m = 0 [0;36mround[0m = 556 [0;36mnonce[0m = 549 [0;36mhash[0m = 568e1b09ff768b9185c4fec60bc8beb2aa9912a0371810722fa547eb77465ac9 
[0;36mDEBUG[0m[2026-03-16 10:14:11.843]   received shard header from network in block tracker [0;36mshard[0m = 0 [0;36mepoch[0m = 0 [0;36mround[0m = 557 [0;36mnonce[0m = 550 [0;36mhash[0m = b792a493e83b67508e864bccba82bc35b08a8b65245d481ea76805cb53e97198 
[0;36mDEBUG[0m[2026-03-16 10:14:11.843]   received shard header from network in block tracker [0;36mshard[0m = 0 [0;36mepoch[0m = 0 [0;36mround[0m = 558 [0;36mnonce[0m = 551 [0;36mhash[0m = 186f93ef905aa7ff8a4ee6a301c1fc03c8ccac204f4ac0223ca64b4be0a61186 
[0;36mDEBUG[0m[2026-03-16 10:14:11.843]   received shard header from network in block tracker [0;36mshard[0m = 0 [0;36mepoch[0m = 0 [0;36mround[0m = 559 [0;36mnonce[0m = 552 [0;36mhash[0m = cc5660fba21031dc3348b9a14eec8dce69b97e9623bc1c3c1aee17a3e5ee5177 
[0;36mDEBUG[0m[2026-03-16 10:14:11.843]   received shard header from network in block tracker [0;36mshard[0m = 0 [0;36mepoch[0m = 0 [0;36mround[0m = 560 [0;36mnonce[0m = 553 [0;36mhash[0m = 5667607cc78496168fe36bfdab6646333577de1de34449dbb3a85fc96fe9d3b1 
[0;36mDEBUG[0m[2026-03-16 10:14:11.843]   received shard header from network in block tracker [0;36mshard[0m = 0 [0;36mepoch[0m = 0 [0;36mround[0m = 561 [0;36mnonce[0m = 554 [0;36mhash[0m = 18b05d9cdb586c90af53b83ee34555419d16f71bcec9a3a25e8f39db9c5e5d33 
[0;36mDEBUG[0m[2026-03-16 10:14:11.843]   received shard header from network in block tracker [0;36mshard[0m = 0 [0;36mepoch[0m = 0 [0;36mround[0m = 562 [0;36mnonce[0m = 555 [0;36mhash[0m = 9822e8a9354e55d289d283f5885ac2a7c948346e2c57e9dc0a517935bdc52514 
[0;36mDEBUG[0m[2026-03-16 10:14:11.843]   received shard header from network in block tracker [0;36mshard[0m = 0 [0;36mepoch[0m = 0 [0;36mround[0m = 563 [0;36mnonce[0m = 556 [0;36mhash[0m = 7cc58c30a6897dabb3c2492a13a6de38d05298e45066ac6b0589777a4842e706 
[0;36mDEBUG[0m[2026-03-16 10:14:11.843]   received shard header from network in block tracker [0;36mshard[0m = 0 [0;36mepoch[0m = 0 [0;36mround[0m = 564 [0;36mnonce[0m = 557 [0;36mhash[0m = 36f1d47cce21421a1958d7bb3d56e4b5672e1143299ac921c3cb1309a09d4d82 
[0;36mDEBUG[0m[2026-03-16 10:14:11.843]   received shard header from network in block tracker [0;36mshard[0m = 0 [0;36mepoch[0m = 0 [0;36mround[0m = 565 [0;36mnonce[0m = 558 [0;36mhash[0m = d30dc847700cd772e43ed7c3b3a644e9997def910eced65021458d840a0a46ec 
[0;36mDEBUG[0m[2026-03-16 10:14:11.843]   received shard header from network in block tracker [0;36mshard[0m = 0 [0;36mepoch[0m = 0 [0;36mround[0m = 566 [0;36mnonce[0m = 559 [0;36mhash[0m = 4d551ab46e45600bddfc00f5693db201963f37475ea122afefccefa509313b32 
[0;36mDEBUG[0m[2026-03-16 10:14:11.843]   received shard header from network in block tracker [0;36mshard[0m = 0 [0;36mepoch[0m = 0 [0;36mround[0m = 567 [0;36mnonce[0m = 560 [0;36mhash[0m = 0d5672f3b85cc368d7998bdbcf4b2786830a23ceba69b5b19c753c65a847a30d 
[0;36mDEBUG[0m[2026-03-16 10:14:11.843]   received shard header from network in block tracker [0;36mshard[0m = 0 [0;36mepoch[0m = 0 [0;36mround[0m = 568 [0;36mnonce[0m = 561 [0;36mhash[0m = 74eae83a9a822962c7c1b22da4f1d275ece1cf361869caf188f5770a0946c1e8 
[0;36mDEBUG[0m[2026-03-16 10:14:11.843]   received shard header from network in block tracker [0;36mshard[0m = 0 [0;36mepoch[0m = 0 [0;36mround[0m = 569 [0;36mnonce[0m = 562 [0;36mhash[0m = ebe96b2ed3eeb9dfd1d5c6ae5be373903c9d865d6091dcc8e11086a8abbe1e35 
[0;36mDEBUG[0m[2026-03-16 10:14:11.843]   received shard header from network in block tracker [0;36mshard[0m = 0 [0;36mepoch[0m = 0 [0;36mround[0m = 570 [0;36mnonce[0m = 563 [0;36mhash[0m = 27f593116503437869a87ce8dce107454770008da319a487cef63b2911734bf6 
[0;36mDEBUG[0m[2026-03-16 10:14:11.843]   received shard header from network in block tracker [0;36mshard[0m = 0 [0;36mepoch[0m = 0 [0;36mround[0m = 571 [0;36mnonce[0m = 564 [0;36mhash[0m = 89633693513806bb2ce27453c944915c90ca5329b490b50e6eba5ff667d5d003 
[0;36mDEBUG[0m[2026-03-16 10:14:11.843]   received shard header from network in block tracker [0;36mshard[0m = 0 [0;36mepoch[0m = 0 [0;36mround[0m = 572 [0;36mnonce[0m = 565 [0;36mhash[0m = 8a1fe320bf1514a21df8024963f0b75e59b80fb2ae6d3987cb40d6dc13d2eb60 
[0;36mDEBUG[0m[2026-03-16 10:14:11.843]   received shard header from network in block tracker [0;36mshard[0m = 0 [0;36mepoch[0m = 0 [0;36mround[0m = 573 [0;36mnonce[0m = 566 [0;36mhash[0m = e0688172b50542fea6b5c7e658b766eaa59e6123e20b907740a40f032dbea8ad 
[0;36mDEBUG[0m[2026-03-16 10:14:11.843]   received shard header from network in block tracker [0;36mshard[0m = 0 [0;36mepoch[0m = 0 [0;36mround[0m = 574 [0;36mnonce[0m = 567 [0;36mhash[0m = 6e8c4b1d3192c11cc9a2bb32e51f09d60ca128db913cd08d6e554d5946014605 
[0;36mDEBUG[0m[2026-03-16 10:14:11.843]   received shard header from network in block tracker [0;36mshard[0m = 0 [0;36mepoch[0m = 0 [0;36mround[0m = 575 [0;36mnonce[0m = 568 [0;36mhash[0m = 4ce47e720dbd7fee86d0cc2619549ca8584fa9bc631a88383d18e2ded34f6273 
[0;36mDEBUG[0m[2026-03-16 10:14:11.843]   received shard header from network in block tracker [0;36mshard[0m = 0 [0;36mepoch[0m = 0 [0;36mround[0m = 576 [0;36mnonce[0m = 569 [0;36mhash[0m = c838b1f9521637fc5ee3965e58340cd0041296addaaa001532efd5d9af7006cc 
[0;36mDEBUG[0m[2026-03-16 10:14:11.843]   received shard header from network in block tracker [0;36mshard[0m = 0 [0;36mepoch[0m = 0 [0;36mround[0m = 577 [0;36mnonce[0m = 570 [0;36mhash[0m = 0f3b0d9248c2f983f98c7bdde739fa23869b3144d37223b59171afcca1833cae 
[0;36mDEBUG[0m[2026-03-16 10:14:11.843]   received shard header from network in block tracker [0;36mshard[0m = 0 [0;36mepoch[0m = 0 [0;36mround[0m = 578 [0;36mnonce[0m = 571 [0;36mhash[0m = 0b56b6527a74c320bcc98572f9d0a1725b800056e6ac1a676f5877adc8dcbd40 
[0;36mDEBUG[0m[2026-03-16 10:14:11.843]   received shard header from network in block tracker [0;36mshard[0m = 0 [0;36mepoch[0m = 0 [0;36mround[0m = 579 [0;36mnonce[0m = 572 [0;36mhash[0m = e60265403905feeda68605ececa3a63209763560df3783cbc042438bf9f88cc9 
[0;36mDEBUG[0m[2026-03-16 10:14:11.843]   received shard header from network in block tracker [0;36mshard[0m = 0 [0;36mepoch[0m = 0 [0;36mround[0m = 580 [0;36mnonce[0m = 573 [0;36mhash[0m = 3de739b7a865ce6b2963f6afb7770421ea95ebeb21317808a61ba66d8494d20b 
[0;36mDEBUG[0m[2026-03-16 10:14:11.843]   received shard header from network in block tracker [0;36mshard[0m = 0 [0;36mepoch[0m = 0 [0;36mround[0m = 581 [0;36mnonce[0m = 574 [0;36mhash[0m = 4348185180e6b67d31642c42920f02cd3f6af4176cdc6a42fda9e0ef5014ce2b 
[0;36mDEBUG[0m[2026-03-16 10:14:11.843]   received shard header from network in block tracker [0;36mshard[0m = 0 [0;36mepoch[0m = 0 [0;36mround[0m = 582 [0;36mnonce[0m = 575 [0;36mhash[0m = 24d65b6d24fdf56211f6439d8947f919db3f8b029547c88c2c43a237a5723ac5 
[0;36mDEBUG[0m[2026-03-16 10:14:11.843]   received shard header from network in block tracker [0;36mshard[0m = 0 [0;36mepoch[0m = 0 [0;36mround[0m = 583 [0;36mnonce[0m = 576 [0;36mhash[0m = 88956ca34f2f10885f01e5bfd955da8e59bd350bbcbadf88ab122c37df8cafe2 
[0;36mDEBUG[0m[2026-03-16 10:14:11.843]   received shard header from network in block tracker [0;36mshard[0m = 0 [0;36mepoch[0m = 0 [0;36mround[0m = 584 [0;36mnonce[0m = 577 [0;36mhash[0m = 03a635b0c4b82e46ca695cec04b024163e9356ce40cd68901bb6dd88a6a74e2d 
[0;36mDEBUG[0m[2026-03-16 10:14:11.843]   received shard header from network in block tracker [0;36mshard[0m = 0 [0;36mepoch[0m = 0 [0;36mround[0m = 585 [0;36mnonce[0m = 578 [0;36mhash[0m = 398dcdfac45aa8223580b741ba2995d1d048430abefd34016084595ee14b5324 
[0;36mDEBUG[0m[2026-03-16 10:14:11.843]   received shard header from network in block tracker [0;36mshard[0m = 0 [0;36mepoch[0m = 0 [0;36mround[0m = 586 [0;36mnonce[0m = 579 [0;36mhash[0m = 4a58fea6e81c1bdffe78d1b192a74fc0d2bc51fb48230223d7579fc3bbfe442a 
[0;36mDEBUG[0m[2026-03-16 10:14:11.843]   received shard header from network in block tracker [0;36mshard[0m = 0 [0;36mepoch[0m = 0 [0;36mround[0m = 587 [0;36mnonce[0m = 580 [0;36mhash[0m = fef4f9c7ca4d14d49ef4b27445d8d1725b7883af2f7f008a0cc8988e24d72361 
[0;36mDEBUG[0m[2026-03-16 10:14:11.843]   received shard header from network in block tracker [0;36mshard[0m = 0 [0;36mepoch[0m = 0 [0;36mround[0m = 588 [0;36mnonce[0m = 581 [0;36mhash[0m = bf4515e8e6df8c44507f3e34c3ca01e18227c99b0a40923b623e0441cefb7d7e 
[0;36mDEBUG[0m[2026-03-16 10:14:11.843]   received shard header from network in block tracker [0;36mshard[0m = 0 [0;36mepoch[0m = 0 [0;36mround[0m = 589 [0;36mnonce[0m = 582 [0;36mhash[0m = 9a9a6b6cb7cdfd5882b2ccf6b16f3161224a2b15e7618f4f96f08538741f846c 
[0;36mDEBUG[0m[2026-03-16 10:14:11.843]   received shard header from network in block tracker [0;36mshard[0m = 0 [0;36mepoch[0m = 0 [0;36mround[0m = 590 [0;36mnonce[0m = 583 [0;36mhash[0m = e65523e1dbe2433cddb9d5f452d328f86bf0f0369d2108af05426110f30a5ec0 
[0;36mDEBUG[0m[2026-03-16 10:14:11.843]   received shard header from network in block tracker [0;36mshard[0m = 0 [0;36mepoch[0m = 0 [0;36mround[0m = 591 [0;36mnonce[0m = 584 [0;36mhash[0m = c8c2b99d2ecf0300ecb3d1282b9e7500979b81b407b61cba686bc17a5fd4887e 
[0;36mDEBUG[0m[2026-03-16 10:14:11.843]   received shard header from network in block tracker [0;36mshard[0m = 0 [0;36mepoch[0m = 0 [0;36mround[0m = 592 [0;36mnonce[0m = 585 [0;36mhash[0m = 7e9c1df7e21c777b94a98f15a57df7269d457999e506d595abfc5b3cd05b2aec 
[0;36mDEBUG[0m[2026-03-16 10:14:11.843]   received shard header from network in block tracker [0;36mshard[0m = 0 [0;36mepoch[0m = 0 [0;36mround[0m = 593 [0;36mnonce[0m = 586 [0;36mhash[0m = 2660d24ddea73c3d9523228dcb7ae7c5e71537666822bb3c234b30383f474439 
[0;36mDEBUG[0m[2026-03-16 10:14:11.843]   received shard header from network in block tracker [0;36mshard[0m = 0 [0;36mepoch[0m = 0 [0;36mround[0m = 594 [0;36mnonce[0m = 587 [0;36mhash[0m = b0c740ea7926423df80090a52044298b349c3575726eed7cea88af18278418dd 
[0;36mDEBUG[0m[2026-03-16 10:14:11.843]   received shard header from network in block tracker [0;36mshard[0m = 0 [0;36mepoch[0m = 0 [0;36mround[0m = 595 [0;36mnonce[0m = 588 [0;36mhash[0m = 6f3b66c8f963adef754d9399462d4da42c8d37016070804553fe5dd17fffb30b 
[0;36mDEBUG[0m[2026-03-16 10:14:11.843]   received shard header from network in block tracker [0;36mshard[0m = 0 [0;36mepoch[0m = 0 [0;36mround[0m = 596 [0;36mnonce[0m = 589 [0;36mhash[0m = ecf08b0fa55f247b39a787d8069aad9467b8c49f7a5e13102358e97ef531f525 
[0;36mDEBUG[0m[2026-03-16 10:14:11.843]   received shard header from network in block tracker [0;36mshard[0m = 0 [0;36mepoch[0m = 0 [0;36mround[0m = 597 [0;36mnonce[0m = 590 [0;36mhash[0m = c581dc5d43b1e1fe0287b94d2ed3ca65da60a4aa9f8a82ebda3c6f377110da5c 
[0;36mDEBUG[0m[2026-03-16 10:14:11.843]   received shard header from network in block tracker [0;36mshard[0m = 0 [0;36mepoch[0m = 0 [0;36mround[0m = 598 [0;36mnonce[0m = 591 [0;36mhash[0m = eb4d6786921757977842ccdc7ad0bb2276db60cc2a7d79ba84d4ffee8c05f826 
[0;36mDEBUG[0m[2026-03-16 10:14:11.844]   received shard header from network in block tracker [0;36mshard[0m = 0 [0;36mepoch[0m = 0 [0;36mround[0m = 599 [0;36mnonce[0m = 592 [0;36mhash[0m = da40a42e1e3833c73666f173e62ba4ea72783c9220bc8aa82dab27d526a73105 
[0;36mDEBUG[0m[2026-03-16 10:14:11.844]   received shard header from network in block tracker [0;36mshard[0m = 0 [0;36mepoch[0m = 0 [0;36mround[0m = 600 [0;36mnonce[0m = 593 [0;36mhash[0m = 1d227ac697926bce0d84d4c46f94077a0c8f2786858922933a96453b7ed25e12 
[0;36mDEBUG[0m[2026-03-16 10:14:11.844]   received shard header from network in block tracker [0;36mshard[0m = 0 [0;36mepoch[0m = 0 [0;36mround[0m = 601 [0;36mnonce[0m = 594 [0;36mhash[0m = 30d5d7c08efedb2d546ad6a30ca824ecd827e7bfe1f8586a5e3c1566e7ce5647 
[0;36mDEBUG[0m[2026-03-16 10:14:11.844]   received shard header from network in block tracker [0;36mshard[0m = 0 [0;36mepoch[0m = 0 [0;36mround[0m = 602 [0;36mnonce[0m = 595 [0;36mhash[0m = 8c90b2c4bf19ae362b6d8d143595dd986d6be766a424df0565adafffc24817d4 
[0;36mDEBUG[0m[2026-03-16 10:14:11.844]   received shard header from network in block tracker [0;36mshard[0m = 0 [0;36mepoch[0m = 0 [0;36mround[0m = 603 [0;36mnonce[0m = 596 [0;36mhash[0m = eb5447c5ef1173448c40cd5d1070483c9f259475550484f6bbe23e95e9eea2af 
[0;36mDEBUG[0m[2026-03-16 10:14:11.844]   received shard header from network in block tracker [0;36mshard[0m = 0 [0;36mepoch[0m = 0 [0;36mround[0m = 604 [0;36mnonce[0m = 597 [0;36mhash[0m = a69fa7b610b00a1c490b95956e3dfe173294a8cc119ba6675fb7d7cd73f43d48 
[0;36mDEBUG[0m[2026-03-16 10:14:11.844]   received shard header from network in block tracker [0;36mshard[0m = 0 [0;36mepoch[0m = 0 [0;36mround[0m = 605 [0;36mnonce[0m = 598 [0;36mhash[0m = 1eea9911e4b8113a8424e68e88c48c1e2c6cb6bb6f5d6587c846918a1663ba01 
[0;36mDEBUG[0m[2026-03-16 10:14:11.844]   received shard header from network in block tracker [0;36mshard[0m = 0 [0;36mepoch[0m = 0 [0;36mround[0m = 606 [0;36mnonce[0m = 599 [0;36mhash[0m = ec2217fdc7a412b4e9311a38c24f3cd6dcbebb3f7e3ae927383d290266ac74d6 
[0;36mDEBUG[0m[2026-03-16 10:14:11.844]   received shard header from network in block tracker [0;36mshard[0m = 0 [0;36mepoch[0m = 0 [0;36mround[0m = 607 [0;36mnonce[0m = 600 [0;36mhash[0m = 21625f0042fcc8918152e933b626053f0bf275d072654896414bd199539afffb 
[0;36mDEBUG[0m[2026-03-16 10:14:11.844]   received shard header from network in block tracker [0;36mshard[0m = 0 [0;36mepoch[0m = 0 [0;36mround[0m = 608 [0;36mnonce[0m = 601 [0;36mhash[0m = f4ee1de4dd25f6f28cabf204a466b4adfb57b2744d183c68b148ec16639d2d7a 
[0;36mDEBUG[0m[2026-03-16 10:14:11.844]   received shard header from network in block tracker [0;36mshard[0m = 0 [0;36mepoch[0m = 0 [0;36mround[0m = 609 [0;36mnonce[0m = 602 [0;36mhash[0m = 28369cfd08cfb07b51d93d880bb3aad983ba4516999827a5f93ca167000ad7c9 
[0;36mDEBUG[0m[2026-03-16 10:14:11.844]   received shard header from network in block tracker [0;36mshard[0m = 0 [0;36mepoch[0m = 0 [0;36mround[0m = 610 [0;36mnonce[0m = 603 [0;36mhash[0m = eaeaf3958d7a3d483d05f903aa9a1aa1881873bd2cdea016c6d80ec18e4b0525 
[0;36mDEBUG[0m[2026-03-16 10:14:11.844]   received shard header from network in block tracker [0;36mshard[0m = 0 [0;36mepoch[0m = 0 [0;36mround[0m = 611 [0;36mnonce[0m = 604 [0;36mhash[0m = bdd25af3ee4aa87a7ffbae1208f6797391f1b86efb346bc5917a014e9ed264b6 
[0;36mDEBUG[0m[2026-03-16 10:14:11.844]   received shard header from network in block tracker [0;36mshard[0m = 0 [0;36mepoch[0m = 0 [0;36mround[0m = 612 [0;36mnonce[0m = 605 [0;36mhash[0m = 5e752570a8bdee180bdeaa14338178c7890b70e0cb6014be875ddf18b3669ba6 
[0;36mDEBUG[0m[2026-03-16 10:14:11.844]   received shard header from network in block tracker [0;36mshard[0m = 0 [0;36mepoch[0m = 0 [0;36mround[0m = 613 [0;36mnonce[0m = 606 [0;36mhash[0m = d2c83059d3f1f6fe4a2c59c22e3a198c23125b998dbeb14722d133a6b011c541 
[0;36mDEBUG[0m[2026-03-16 10:14:11.844]   received shard header from network in block tracker [0;36mshard[0m = 0 [0;36mepoch[0m = 0 [0;36mround[0m = 614 [0;36mnonce[0m = 607 [0;36mhash[0m = e2b867b7ee43377d406afe41e7ec55be5b56ea3a225090a0d5be597016df2302 
[0;36mDEBUG[0m[2026-03-16 10:14:11.844]   received shard header from network in block tracker [0;36mshard[0m = 0 [0;36mepoch[0m = 0 [0;36mround[0m = 615 [0;36mnonce[0m = 608 [0;36mhash[0m = 37818df4bb873e7671752c0c2160d0a806930cb842de56eb7ec42eadba90eea7 
[0;36mDEBUG[0m[2026-03-16 10:14:11.844]   received shard header from network in block tracker [0;36mshard[0m = 0 [0;36mepoch[0m = 0 [0;36mround[0m = 616 [0;36mnonce[0m = 609 [0;36mhash[0m = aaa016cbd3da71f45d1c2947fba06231d4aed9df34dc028d42026ad5f14b8f23 
[0;36mDEBUG[0m[2026-03-16 10:14:11.844]   received shard header from network in block tracker [0;36mshard[0m = 0 [0;36mepoch[0m = 0 [0;36mround[0m = 617 [0;36mnonce[0m = 610 [0;36mhash[0m = d8c444e084353e1e924feec3cd26d75092dc143cadc78bb124cc864a0badaf10 
[0;36mDEBUG[0m[2026-03-16 10:14:11.844]   received shard header from network in block tracker [0;36mshard[0m = 0 [0;36mepoch[0m = 0 [0;36mround[0m = 618 [0;36mnonce[0m = 611 [0;36mhash[0m = 1d17cb92aa7f5128a69897697eb430071aec891b8e5ebac5dedfc33c0d85a0fe 
[0;36mDEBUG[0m[2026-03-16 10:14:11.844]   received shard header from network in block tracker [0;36mshard[0m = 0 [0;36mepoch[0m = 0 [0;36mround[0m = 619 [0;36mnonce[0m = 612 [0;36mhash[0m = 9a54886b8bf85c3509df7db750b66f48b094557851361a890490f7c84ef6c610 
[0;36mDEBUG[0m[2026-03-16 10:14:11.844]   received shard header from network in block tracker [0;36mshard[0m = 0 [0;36mepoch[0m = 0 [0;36mround[0m = 620 [0;36mnonce[0m = 613 [0;36mhash[0m = 97455215de967401e3c24950a725a6fa1fe3a9d85af011e2a7b7cc5e003a44e6 
[0;36mDEBUG[0m[2026-03-16 10:14:11.844]   received shard header from network in block tracker [0;36mshard[0m = 0 [0;36mepoch[0m = 0 [0;36mround[0m = 621 [0;36mnonce[0m = 614 [0;36mhash[0m = 1f258dde98945e8216e002fc0092b5e59a261aac322c1cc058479dc976f8c445 
[0;36mDEBUG[0m[2026-03-16 10:14:11.844]   received shard header from network in block tracker [0;36mshard[0m = 0 [0;36mepoch[0m = 0 [0;36mround[0m = 622 [0;36mnonce[0m = 615 [0;36mhash[0m = 3fe179978956bc02bdf6a184628c99fea54d8aeb7003753ac75c5ac8e00df1aa 
[0;36mDEBUG[0m[2026-03-16 10:14:11.844]   received shard header from network in block tracker [0;36mshard[0m = 0 [0;36mepoch[0m = 0 [0;36mround[0m = 623 [0;36mnonce[0m = 616 [0;36mhash[0m = 7e7aa06302cb27fb364fec2cef2c673956fda98a978f50681bb989492c6697d4 
[0;36mDEBUG[0m[2026-03-16 10:14:11.844]   received shard header from network in block tracker [0;36mshard[0m = 0 [0;36mepoch[0m = 0 [0;36mround[0m = 624 [0;36mnonce[0m = 617 [0;36mhash[0m = fa838c98eab1c577f7a2c8641fcb70dc62cc458261de5e97d6a8f140d7683d8a 
[0;36mDEBUG[0m[2026-03-16 10:14:11.844]   received shard header from network in block tracker [0;36mshard[0m = 0 [0;36mepoch[0m = 0 [0;36mround[0m = 625 [0;36mnonce[0m = 618 [0;36mhash[0m = 5d5f0f0f5b971639d68c7d908e438325468c11e61e5f98f80a77ffc67099efdd 
[0;36mDEBUG[0m[2026-03-16 10:14:11.844]   received shard header from network in block tracker [0;36mshard[0m = 0 [0;36mepoch[0m = 0 [0;36mround[0m = 626 [0;36mnonce[0m = 619 [0;36mhash[0m = da188d089d347dafaa277d24000e30e0ec500ee5932b11811b270fad912e0f97 
[0;36mDEBUG[0m[2026-03-16 10:14:11.844]   received shard header from network in block tracker [0;36mshard[0m = 0 [0;36mepoch[0m = 0 [0;36mround[0m = 627 [0;36mnonce[0m = 620 [0;36mhash[0m = 821fb0dffc918b146048ee9b9a1ccb98a36181817f1c8b0857235e708799d517 
[0;36mDEBUG[0m[2026-03-16 10:14:11.844]   received shard header from network in block tracker [0;36mshard[0m = 0 [0;36mepoch[0m = 0 [0;36mround[0m = 628 [0;36mnonce[0m = 621 [0;36mhash[0m = 8eacb3d0ed38560748d950d2c0d0ac964c4b82dce9dc4b061395c358e3a8aa82 
[0;36mDEBUG[0m[2026-03-16 10:14:11.844]   received shard header from network in block tracker [0;36mshard[0m = 0 [0;36mepoch[0m = 0 [0;36mround[0m = 629 [0;36mnonce[0m = 622 [0;36mhash[0m = 330981218541d97a2f7eaff4b19c06faec69d823e8ea7d5683b299e6522394b4 
[0;36mDEBUG[0m[2026-03-16 10:14:11.844]   received shard header from network in block tracker [0;36mshard[0m = 0 [0;36mepoch[0m = 0 [0;36mround[0m = 630 [0;36mnonce[0m = 623 [0;36mhash[0m = 1a4cc999d0e38fae33c7fc568a559b4cce5b741baf14800dfdbc982d4d82d972 
[0;36mDEBUG[0m[2026-03-16 10:14:11.844]   received shard header from network in block tracker [0;36mshard[0m = 0 [0;36mepoch[0m = 0 [0;36mround[0m = 631 [0;36mnonce[0m = 624 [0;36mhash[0m = 8a6d3a803d82c19661ccbbe655bd6b2d357aec83f8ba899565a80673c6f6e6eb 
[0;36mDEBUG[0m[2026-03-16 10:14:11.844]   received shard header from network in block tracker [0;36mshard[0m = 0 [0;36mepoch[0m = 0 [0;36mround[0m = 632 [0;36mnonce[0m = 625 [0;36mhash[0m = b5ee814c88a10ad57713fbc54677bffcfb09ebd5adc238756475b9fa701d6cae 
[0;36mDEBUG[0m[2026-03-16 10:14:11.844]   received shard header from network in block tracker [0;36mshard[0m = 0 [0;36mepoch[0m = 0 [0;36mround[0m = 633 [0;36mnonce[0m = 626 [0;36mhash[0m = 517b044c7758e7d0d741d7700c5c5b0b3ff9467a5fc9b2ec5db4aa6506dd7d9e 
[0;36mDEBUG[0m[2026-03-16 10:14:11.844]   received shard header from network in block tracker [0;36mshard[0m = 0 [0;36mepoch[0m = 0 [0;36mround[0m = 634 [0;36mnonce[0m = 627 [0;36mhash[0m = ef50bc7ecd16af66a821ad0dd5774befd732b541c2865ee7d5461c6ac2dfd4a7 
[0;36mDEBUG[0m[2026-03-16 10:14:11.844]   received shard header from network in block tracker [0;36mshard[0m = 0 [0;36mepoch[0m = 0 [0;36mround[0m = 635 [0;36mnonce[0m = 628 [0;36mhash[0m = b20bda47c0e763e3f453558c5239037571147dcc447af72c180ad22bde2b2e3c 
[0;36mDEBUG[0m[2026-03-16 10:14:11.844]   received shard header from network in block tracker [0;36mshard[0m = 0 [0;36mepoch[0m = 0 [0;36mround[0m = 636 [0;36mnonce[0m = 629 [0;36mhash[0m = ba694616a4fcecb3bd3a829b227458fff2cc796f4c9c7c514cedadaa6c2cd78e 
[0;36mDEBUG[0m[2026-03-16 10:14:11.844]   received shard header from network in block tracker [0;36mshard[0m = 0 [0;36mepoch[0m = 0 [0;36mround[0m = 637 [0;36mnonce[0m = 630 [0;36mhash[0m = 5f5520f22d95940a310fbe167a66d7949898f945aed008eeb964a5ef9e74c429 
[0;36mDEBUG[0m[2026-03-16 10:14:11.844]   received shard header from network in block tracker [0;36mshard[0m = 0 [0;36mepoch[0m = 0 [0;36mround[0m = 638 [0;36mnonce[0m = 631 [0;36mhash[0m = 19fa39ce19c6875c1d1311716c7914fde9b0d2fc162cdbcf8bb9f6f1c1bac757 
[0;36mDEBUG[0m[2026-03-16 10:14:11.844]   received shard header from network in block tracker [0;36mshard[0m = 0 [0;36mepoch[0m = 0 [0;36mround[0m = 639 [0;36mnonce[0m = 632 [0;36mhash[0m = 633a4c91124e741071ce3399699b8f3cbbec3767a89a45c19b9c1b2b417b7f41 
[0;36mDEBUG[0m[2026-03-16 10:14:11.844]   received shard header from network in block tracker [0;36mshard[0m = 0 [0;36mepoch[0m = 0 [0;36mround[0m = 640 [0;36mnonce[0m = 633 [0;36mhash[0m = 83cd60095bdde86e4548fbdbd215efce54dae53204081af964d3d9dd31788372 
[0;36mDEBUG[0m[2026-03-16 10:14:11.844]   received shard header from network in block tracker [0;36mshard[0m = 0 [0;36mepoch[0m = 0 [0;36mround[0m = 641 [0;36mnonce[0m = 634 [0;36mhash[0m = 186d32d986271c70d30e2c5b53978855e6af4d29de29db4613db1cc96a2b3a65 
[0;36mDEBUG[0m[2026-03-16 10:14:11.844]   received shard header from network in block tracker [0;36mshard[0m = 0 [0;36mepoch[0m = 0 [0;36mround[0m = 642 [0;36mnonce[0m = 635 [0;36mhash[0m = cd486231f552988841400bc4a01294c7343e1cc3a6041936a9af26004cd0803d 
[0;36mDEBUG[0m[2026-03-16 10:14:11.844]   received shard header from network in block tracker [0;36mshard[0m = 0 [0;36mepoch[0m = 0 [0;36mround[0m = 643 [0;36mnonce[0m = 636 [0;36mhash[0m = 6488e0fb50e616499a655c35a2c3e517d179b9bdd363907a372a5a9d0064f314 
[0;36mDEBUG[0m[2026-03-16 10:14:11.844]   received shard header from network in block tracker [0;36mshard[0m = 0 [0;36mepoch[0m = 0 [0;36mround[0m = 644 [0;36mnonce[0m = 637 [0;36mhash[0m = 13582135173e49ff68a63020e804040a49eb44ddf34ad9b4d3a6a94ffec63280 
[0;36mDEBUG[0m[2026-03-16 10:14:11.844]   received shard header from network in block tracker [0;36mshard[0m = 0 [0;36mepoch[0m = 0 [0;36mround[0m = 645 [0;36mnonce[0m = 638 [0;36mhash[0m = 145ce1c21ec3307bde0ad8ebf3044b1c7597772db119fd2ab0f64188a9f6a6b8 
[0;36mDEBUG[0m[2026-03-16 10:14:11.844]   received shard header from network in block tracker [0;36mshard[0m = 0 [0;36mepoch[0m = 0 [0;36mround[0m = 646 [0;36mnonce[0m = 639 [0;36mhash[0m = e2d1ea4efb67b60805a602b3aeea263494aa361423f87032a021f40389b0a1a8 
[0;36mDEBUG[0m[2026-03-16 10:14:11.844]   received shard header from network in block tracker [0;36mshard[0m = 0 [0;36mepoch[0m = 0 [0;36mround[0m = 647 [0;36mnonce[0m = 640 [0;36mhash[0m = 44f55a829621b30c4fafc24db9744f598e0218f9f41eb2475ea83a0a1e75830a 
[0;36mDEBUG[0m[2026-03-16 10:14:11.844]   received shard header from network in block tracker [0;36mshard[0m = 0 [0;36mepoch[0m = 0 [0;36mround[0m = 648 [0;36mnonce[0m = 641 [0;36mhash[0m = 7fcfd909b9b9f530f20babd7939e8c8d1ef5ecbb98c8263aa312e8d20d72955a 
[0;36mDEBUG[0m[2026-03-16 10:14:11.844]   received shard header from network in block tracker [0;36mshard[0m = 0 [0;36mepoch[0m = 0 [0;36mround[0m = 649 [0;36mnonce[0m = 642 [0;36mhash[0m = bdfcf979f40761b36fd417455fae1ecb438720139716e6fe87e5291628097b29 
[0;36mDEBUG[0m[2026-03-16 10:14:11.844]   received shard header from network in block tracker [0;36mshard[0m = 0 [0;36mepoch[0m = 0 [0;36mround[0m = 650 [0;36mnonce[0m = 643 [0;36mhash[0m = b342c7d3e1cf4b0cc5776aaae26557dd33aff5f7d23020aa01babc531ca1804a 
[0;36mDEBUG[0m[2026-03-16 10:14:11.844]   received shard header from network in block tracker [0;36mshard[0m = 0 [0;36mepoch[0m = 0 [0;36mround[0m = 651 [0;36mnonce[0m = 644 [0;36mhash[0m = 8b5a08bb5b559eaa0e642421004a41c0cfbdc096c5d902d7c88025d884b4328d 
[0;36mDEBUG[0m[2026-03-16 10:14:11.844]   received shard header from network in block tracker [0;36mshard[0m = 0 [0;36mepoch[0m = 0 [0;36mround[0m = 652 [0;36mnonce[0m = 645 [0;36mhash[0m = 0a23cfdef8abddd322e38699c7d8d09d28950784d7c9afa5a0cd94f369075aba 
[0;36mDEBUG[0m[2026-03-16 10:14:11.845]   received shard header from network in block tracker [0;36mshard[0m = 0 [0;36mepoch[0m = 0 [0;36mround[0m = 653 [0;36mnonce[0m = 646 [0;36mhash[0m = e9de8816d9934b7e1c16a786d299dc82337b272df074e8ffa125e3c4a45b1f2e 
[0;36mDEBUG[0m[2026-03-16 10:14:11.845]   received shard header from network in block tracker [0;36mshard[0m = 0 [0;36mepoch[0m = 0 [0;36mround[0m = 654 [0;36mnonce[0m = 647 [0;36mhash[0m = e39b3fe0b544294d4f7e3c5ee16504f1d083d106b1a0e1af2ae111b017addaba 
[0;36mDEBUG[0m[2026-03-16 10:14:11.845]   received shard header from network in block tracker [0;36mshard[0m = 0 [0;36mepoch[0m = 0 [0;36mround[0m = 655 [0;36mnonce[0m = 648 [0;36mhash[0m = 1c25d06caaca8e4481a02ab0c951c926bb32b8369d5d013a6b791af8ab658af4 
[0;36mDEBUG[0m[2026-03-16 10:14:11.845]   received shard header from network in block tracker [0;36mshard[0m = 0 [0;36mepoch[0m = 0 [0;36mround[0m = 656 [0;36mnonce[0m = 649 [0;36mhash[0m = 62e4ce0c0feee41222c8ea73f372a0a7ea0094acaf7cc6f479e9df9877402008 
[0;36mDEBUG[0m[2026-03-16 10:14:11.845]   received shard header from network in block tracker [0;36mshard[0m = 0 [0;36mepoch[0m = 0 [0;36mround[0m = 657 [0;36mnonce[0m = 650 [0;36mhash[0m = 8683120f8de35281ff9e5c92e0765d619d079124b40eec55f9c97b0b7651bcf1 
[0;36mDEBUG[0m[2026-03-16 10:14:11.845]   received shard header from network in block tracker [0;36mshard[0m = 0 [0;36mepoch[0m = 0 [0;36mround[0m = 658 [0;36mnonce[0m = 651 [0;36mhash[0m = 80661cbe7fd31127d789a89fe011e5cfcdde922c172e5b6497757183589662c8 
[0;36mDEBUG[0m[2026-03-16 10:14:11.845]   received shard header from network in block tracker [0;36mshard[0m = 0 [0;36mepoch[0m = 0 [0;36mround[0m = 659 [0;36mnonce[0m = 652 [0;36mhash[0m = f4915898a5a59e10ef4aab6d324854909a5041e0b2b45c7ec353174a90695928 
[0;36mDEBUG[0m[2026-03-16 10:14:11.845]   received shard header from network in block tracker [0;36mshard[0m = 0 [0;36mepoch[0m = 0 [0;36mround[0m = 660 [0;36mnonce[0m = 653 [0;36mhash[0m = 6471f797cd1e5350acf49a6c783d885d67dcec61cc1acfc0f0e4324fc1a606eb 
[0;36mDEBUG[0m[2026-03-16 10:14:11.845]   received shard header from network in block tracker [0;36mshard[0m = 0 [0;36mepoch[0m = 0 [0;36mround[0m = 661 [0;36mnonce[0m = 654 [0;36mhash[0m = 16d436cca505736ec4d1caa644e701e29a4ffa0c64c83b41396baf1e98ffe00e 
[0;36mDEBUG[0m[2026-03-16 10:14:11.845]   received shard header from network in block tracker [0;36mshard[0m = 0 [0;36mepoch[0m = 0 [0;36mround[0m = 662 [0;36mnonce[0m = 655 [0;36mhash[0m = ba885ff5fbff8e8fb04f0c29b9a5a3becd1086355cc9a3b53478d9888b1ad601 
[0;36mDEBUG[0m[2026-03-16 10:14:11.845]   received shard header from network in block tracker [0;36mshard[0m = 0 [0;36mepoch[0m = 0 [0;36mround[0m = 663 [0;36mnonce[0m = 656 [0;36mhash[0m = 60a8329c3294729eedeb92e273e22ef4c626754ed4a67f03fec67b4b860c8d14 
[0;36mDEBUG[0m[2026-03-16 10:14:11.845]   received shard header from network in block tracker [0;36mshard[0m = 0 [0;36mepoch[0m = 0 [0;36mround[0m = 664 [0;36mnonce[0m = 657 [0;36mhash[0m = 5157f1d02fead1ef1959e8e7fcc92fc9b21c938cfad3645254f085069116cbbc 
[0;36mDEBUG[0m[2026-03-16 10:14:11.845]   received shard header from network in block tracker [0;36mshard[0m = 0 [0;36mepoch[0m = 0 [0;36mround[0m = 665 [0;36mnonce[0m = 658 [0;36mhash[0m = 63d47e9d9bf6ab1d6c972ab602034a75cc052e156c20abfe2ad4e0034b9e83ee 
[0;36mDEBUG[0m[2026-03-16 10:14:11.845]   received shard header from network in block tracker [0;36mshard[0m = 0 [0;36mepoch[0m = 0 [0;36mround[0m = 666 [0;36mnonce[0m = 659 [0;36mhash[0m = 9dbe7f3e76a0720624ef20cdb642de0b0e68225eb64fe9809829de7d8ba8e282 
[0;36mDEBUG[0m[2026-03-16 10:14:11.845]   received shard header from network in block tracker [0;36mshard[0m = 0 [0;36mepoch[0m = 0 [0;36mround[0m = 667 [0;36mnonce[0m = 660 [0;36mhash[0m = 2fcc628251e2326416c34270d8cf00b45babde842e097b7ea893dab14a041f8a 
[0;36mDEBUG[0m[2026-03-16 10:14:11.845]   received shard header from network in block tracker [0;36mshard[0m = 0 [0;36mepoch[0m = 0 [0;36mround[0m = 668 [0;36mnonce[0m = 661 [0;36mhash[0m = 15d0737927bb22564e06ad6af16530fe16c2dec74d428ed07956ee3bd7a7c1d0 
[0;36mDEBUG[0m[2026-03-16 10:14:11.845]   received shard header from network in block tracker [0;36mshard[0m = 0 [0;36mepoch[0m = 0 [0;36mround[0m = 669 [0;36mnonce[0m = 662 [0;36mhash[0m = 36a62217226c4d3d0313d675edabcacf30d4f9dc1c7cb0e9ec6bccc4b7133010 
[0;36mDEBUG[0m[2026-03-16 10:14:11.845]   received shard header from network in block tracker [0;36mshard[0m = 0 [0;36mepoch[0m = 0 [0;36mround[0m = 670 [0;36mnonce[0m = 663 [0;36mhash[0m = 44d0ef9f93b16c09b1ed40e72f08549159dc2f51a54dcd6b280fb1eee1ccddce 
[0;36mDEBUG[0m[2026-03-16 10:14:11.845]   received shard header from network in block tracker [0;36mshard[0m = 0 [0;36mepoch[0m = 0 [0;36mround[0m = 671 [0;36mnonce[0m = 664 [0;36mhash[0m = 11049c7882c051eec9c5f4ddb42c32afca1293fce4e432cb849df0c41eb4b983 
[0;36mDEBUG[0m[2026-03-16 10:14:11.845]   received shard header from network in block tracker [0;36mshard[0m = 0 [0;36mepoch[0m = 0 [0;36mround[0m = 672 [0;36mnonce[0m = 665 [0;36mhash[0m = 969e8128e0407d40b4cdae046e81abf30612c4b01daec9f859b2143014c741d1 
[0;36mDEBUG[0m[2026-03-16 10:14:11.845]   received shard header from network in block tracker [0;36mshard[0m = 0 [0;36mepoch[0m = 0 [0;36mround[0m = 673 [0;36mnonce[0m = 666 [0;36mhash[0m = 184fdb737ae372602f3955827cb5b9c740d34164c639f41ea9de9385b8c760c2 
[0;36mDEBUG[0m[2026-03-16 10:14:11.845]   received shard header from network in block tracker [0;36mshard[0m = 0 [0;36mepoch[0m = 0 [0;36mround[0m = 674 [0;36mnonce[0m = 667 [0;36mhash[0m = e323f78966bb42655ba019846ef98298611eb78bbc562fab88860528975923d2 
[0;36mDEBUG[0m[2026-03-16 10:14:11.845]   received shard header from network in block tracker [0;36mshard[0m = 0 [0;36mepoch[0m = 0 [0;36mround[0m = 675 [0;36mnonce[0m = 668 [0;36mhash[0m = 5479db649913016cc6315fb73272c6af95c3557e24570d94054011fbd16f0b00 
[0;36mDEBUG[0m[2026-03-16 10:14:11.845]   received shard header from network in block tracker [0;36mshard[0m = 0 [0;36mepoch[0m = 0 [0;36mround[0m = 676 [0;36mnonce[0m = 669 [0;36mhash[0m = da8767369c13ea93af41bdbaada5379585f730dc292522f250d15ba50b44178d 
[0;36mDEBUG[0m[2026-03-16 10:14:11.845]   received shard header from network in block tracker [0;36mshard[0m = 0 [0;36mepoch[0m = 0 [0;36mround[0m = 677 [0;36mnonce[0m = 670 [0;36mhash[0m = 224476a4aab5428878859139a99f7b9beffdf4174d0f1364f89d714b496efbb5 
[0;36mDEBUG[0m[2026-03-16 10:14:11.845]   received shard header from network in block tracker [0;36mshard[0m = 0 [0;36mepoch[0m = 0 [0;36mround[0m = 678 [0;36mnonce[0m = 671 [0;36mhash[0m = bc36e7f3213f65ca857b62957df960b3698a29486f90e0b4b0f052c1f3c1e6c7 
[0;36mDEBUG[0m[2026-03-16 10:14:11.845]   received shard header from network in block tracker [0;36mshard[0m = 0 [0;36mepoch[0m = 0 [0;36mround[0m = 679 [0;36mnonce[0m = 672 [0;36mhash[0m = e0525614f163edb07a3665b7c52fc2e1694dfb677495e7ff394da95a45ead87a 
[0;36mDEBUG[0m[2026-03-16 10:14:11.845]   received shard header from network in block tracker [0;36mshard[0m = 0 [0;36mepoch[0m = 0 [0;36mround[0m = 680 [0;36mnonce[0m = 673 [0;36mhash[0m = fe593857c9ac8ec7ef25ab47113edebe182f5c952b70e6c5c13d5673e44dc008 
[0;36mDEBUG[0m[2026-03-16 10:14:11.845]   received shard header from network in block tracker [0;36mshard[0m = 0 [0;36mepoch[0m = 0 [0;36mround[0m = 681 [0;36mnonce[0m = 674 [0;36mhash[0m = 26548d3879b2da6638da0c2398c8d8e750dad3fa1e05e04b334f509f1440080b 
[0;36mDEBUG[0m[2026-03-16 10:14:11.845]   received shard header from network in block tracker [0;36mshard[0m = 0 [0;36mepoch[0m = 0 [0;36mround[0m = 682 [0;36mnonce[0m = 675 [0;36mhash[0m = 23700402b412fd3b3e34debb46a5db531dd334d364a40344a9a31dd59e0d029d 
[0;36mDEBUG[0m[2026-03-16 10:14:11.845]   received shard header from network in block tracker [0;36mshard[0m = 0 [0;36mepoch[0m = 0 [0;36mround[0m = 683 [0;36mnonce[0m = 676 [0;36mhash[0m = 3ceb657eb32f21a13ddd4fc601c9a93a732859b83d9d9afd9eaee6f6b360f3e0 
[0;36mDEBUG[0m[2026-03-16 10:14:11.845]   received shard header from network in block tracker [0;36mshard[0m = 0 [0;36mepoch[0m = 0 [0;36mround[0m = 684 [0;36mnonce[0m = 677 [0;36mhash[0m = cef79d0543e63b2c1810f517782a2b3b98493ba5418cd9c8b4b82f95778a0cb2 
[0;36mDEBUG[0m[2026-03-16 10:14:11.845]   received shard header from network in block tracker [0;36mshard[0m = 0 [0;36mepoch[0m = 0 [0;36mround[0m = 685 [0;36mnonce[0m = 678 [0;36mhash[0m = 328143efd122dad15ce9a7d9de80adfebe4baedf9bd0c1e6ef6c28457f562e1c 
[0;36mDEBUG[0m[2026-03-16 10:14:11.845]   received shard header from network in block tracker [0;36mshard[0m = 0 [0;36mepoch[0m = 0 [0;36mround[0m = 686 [0;36mnonce[0m = 679 [0;36mhash[0m = 6d5a663db54c40c82d0c18626462bbf8042f209a353300603f95c990f93db62b 
[0;36mDEBUG[0m[2026-03-16 10:14:11.845]   received shard header from network in block tracker [0;36mshard[0m = 0 [0;36mepoch[0m = 0 [0;36mround[0m = 687 [0;36mnonce[0m = 680 [0;36mhash[0m = a7097c81c5f74e65b865412376e518793effc727d1a52c846ddd8c52ace66d14 
[0;36mDEBUG[0m[2026-03-16 10:14:11.845]   received shard header from network in block tracker [0;36mshard[0m = 0 [0;36mepoch[0m = 0 [0;36mround[0m = 688 [0;36mnonce[0m = 681 [0;36mhash[0m = 3ab4767af9bb640ddfbfc6dd63ec89723389657602112694d1d1878b51335374 
[0;36mDEBUG[0m[2026-03-16 10:14:11.845]   received shard header from network in block tracker [0;36mshard[0m = 0 [0;36mepoch[0m = 0 [0;36mround[0m = 689 [0;36mnonce[0m = 682 [0;36mhash[0m = 9c02ee03d480aa14136d6089a9cd24dd05d4ca475fb131379fb6f83a81dac596 
[0;36mDEBUG[0m[2026-03-16 10:14:11.845]   received shard header from network in block tracker [0;36mshard[0m = 0 [0;36mepoch[0m = 0 [0;36mround[0m = 690 [0;36mnonce[0m = 683 [0;36mhash[0m = f8c7ca30c03b89c8859b885cf7fce64f4d20dd2cdcc39aa91e06e37cbd212cb6 
[0;36mDEBUG[0m[2026-03-16 10:14:11.845]   received shard header from network in block tracker [0;36mshard[0m = 0 [0;36mepoch[0m = 0 [0;36mround[0m = 691 [0;36mnonce[0m = 684 [0;36mhash[0m = 94cbe6b75032c61e7cf9ce968f656c0efea51676f753bc89dab940dcc91ed4cd 
[0;36mDEBUG[0m[2026-03-16 10:14:11.845]   received shard header from network in block tracker [0;36mshard[0m = 0 [0;36mepoch[0m = 0 [0;36mround[0m = 692 [0;36mnonce[0m = 685 [0;36mhash[0m = 6765e1dfd0a267e646a3c332634aa9efffa2298daa0703561fb1effaaaadd360 
[0;36mDEBUG[0m[2026-03-16 10:14:11.845]   received shard header from network in block tracker [0;36mshard[0m = 0 [0;36mepoch[0m = 0 [0;36mround[0m = 693 [0;36mnonce[0m = 686 [0;36mhash[0m = 521344c6e6292d160f09b97047fbdbb0bf9dd2036914d6631c0b073b92169e70 
[0;36mDEBUG[0m[2026-03-16 10:14:11.845]   received shard header from network in block tracker [0;36mshard[0m = 0 [0;36mepoch[0m = 0 [0;36mround[0m = 694 [0;36mnonce[0m = 687 [0;36mhash[0m = d3027c4d348f4055fcf49ac9c49c2fedb70741e452daa302cfc30a106eac47b4 
[0;36mDEBUG[0m[2026-03-16 10:14:11.845]   received shard header from network in block tracker [0;36mshard[0m = 0 [0;36mepoch[0m = 0 [0;36mround[0m = 695 [0;36mnonce[0m = 688 [0;36mhash[0m = a8f06299815874c28c77e1c3033ae09b5ed8d614fdb6f3a6e034e5ea18ad3d3f 
[0;36mDEBUG[0m[2026-03-16 10:14:11.845]   received shard header from network in block tracker [0;36mshard[0m = 0 [0;36mepoch[0m = 0 [0;36mround[0m = 696 [0;36mnonce[0m = 689 [0;36mhash[0m = e61e1de22cfd20bb108ec77673b86cbdf6d72664ad1d01819fa32dd57f5b7808 
[0;36mDEBUG[0m[2026-03-16 10:14:11.845]   received shard header from network in block tracker [0;36mshard[0m = 0 [0;36mepoch[0m = 0 [0;36mround[0m = 697 [0;36mnonce[0m = 690 [0;36mhash[0m = c2855ac9845c7cba8b2d4a1f15f11ddab2f845b5bce24a480fdf0aeea0c64993 
[0;36mDEBUG[0m[2026-03-16 10:14:11.845]   received shard header from network in block tracker [0;36mshard[0m = 0 [0;36mepoch[0m = 0 [0;36mround[0m = 698 [0;36mnonce[0m = 691 [0;36mhash[0m = 1ebd94c4ce38d457d5adcfe3ea906bd76a78d30d18660f6e2ea6d84953a28817 
[0;36mDEBUG[0m[2026-03-16 10:14:11.845]   received shard header from network in block tracker [0;36mshard[0m = 0 [0;36mepoch[0m = 0 [0;36mround[0m = 699 [0;36mnonce[0m = 692 [0;36mhash[0m = 57da861359e58c9fda13447d6a4be0911eceb4a33059948e350b831a9cf46c6f 
[0;36mDEBUG[0m[2026-03-16 10:14:11.845]   received shard header from network in block tracker [0;36mshard[0m = 0 [0;36mepoch[0m = 0 [0;36mround[0m = 700 [0;36mnonce[0m = 693 [0;36mhash[0m = 5895e8ece50f9813e8b5f8cb468aa65daf06a8eecfab5a083dcb9f90a4874266 
[0;36mDEBUG[0m[2026-03-16 10:14:11.845]   received shard header from network in block tracker [0;36mshard[0m = 0 [0;36mepoch[0m = 0 [0;36mround[0m = 701 [0;36mnonce[0m = 694 [0;36mhash[0m = f5a5eeffb95435b674420eddfacb12868b19f7595daddb13c768c2b9eddbcf87 
[0;36mDEBUG[0m[2026-03-16 10:14:11.845]   received shard header from network in block tracker [0;36mshard[0m = 0 [0;36mepoch[0m = 0 [0;36mround[0m = 702 [0;36mnonce[0m = 695 [0;36mhash[0m = acfca7cfcf574fd6c9b6b1e91464640c73609abf206609ee4151a922d3635f1f 
[0;36mDEBUG[0m[2026-03-16 10:14:11.845]   received shard header from network in block tracker [0;36mshard[0m = 0 [0;36mepoch[0m = 0 [0;36mround[0m = 703 [0;36mnonce[0m = 696 [0;36mhash[0m = a8162d7df991f515cb18353541e15f6f2ae371fa027b32a80ac81831e051ed60 
[0;36mDEBUG[0m[2026-03-16 10:14:11.845]   received shard header from network in block tracker [0;36mshard[0m = 0 [0;36mepoch[0m = 0 [0;36mround[0m = 704 [0;36mnonce[0m = 697 [0;36mhash[0m = 233e0e9b330d8795d8d32325f6c6c579a95049c7545225252d0242a140292c39 
[0;36mDEBUG[0m[2026-03-16 10:14:11.845]   received shard header from network in block tracker [0;36mshard[0m = 0 [0;36mepoch[0m = 0 [0;36mround[0m = 705 [0;36mnonce[0m = 698 [0;36mhash[0m = 3f3175a1c3e65698877c1be7dc04aef49acbcf6189e9abefd1eb87d1ca96f90d 
[0;36mDEBUG[0m[2026-03-16 10:14:11.845]   received shard header from network in block tracker [0;36mshard[0m = 0 [0;36mepoch[0m = 0 [0;36mround[0m = 706 [0;36mnonce[0m = 699 [0;36mhash[0m = ad2bc04842d5556204883e5ca4b8bfd2654fd2fd3c0adbf2b5313a32f1099e0c 
[0;36mDEBUG[0m[2026-03-16 10:14:11.845]   received shard header from network in block tracker [0;36mshard[0m = 0 [0;36mepoch[0m = 0 [0;36mround[0m = 707 [0;36mnonce[0m = 700 [0;36mhash[0m = 422f053aef7d992a96026aaf679c6a0e5cfded7d0152f7ef5d4051e7ae46a09d 
[0;36mDEBUG[0m[2026-03-16 10:14:11.845]   received shard header from network in block tracker [0;36mshard[0m = 0 [0;36mepoch[0m = 0 [0;36mround[0m = 708 [0;36mnonce[0m = 701 [0;36mhash[0m = b0f90bd8d121dc396aa5f0f25586eceddb8b705eb6b3f81c59f8d934ad7167b9 
[0;36mDEBUG[0m[2026-03-16 10:14:11.845]   received shard header from network in block tracker [0;36mshard[0m = 0 [0;36mepoch[0m = 0 [0;36mround[0m = 709 [0;36mnonce[0m = 702 [0;36mhash[0m = 02e77627e5eab60f7da9f24135b08ec247613dcd3290f4a816e8786084a775f2 
[0;36mDEBUG[0m[2026-03-16 10:14:11.845]   received shard header from network in block tracker [0;36mshard[0m = 0 [0;36mepoch[0m = 0 [0;36mround[0m = 710 [0;36mnonce[0m = 703 [0;36mhash[0m = dedc4c8c423c9c16e1dd62e41686d96ee280fdf54e7bfc530633aa2987ab6aab 
[0;36mDEBUG[0m[2026-03-16 10:14:11.845]   received shard header from network in block tracker [0;36mshard[0m = 0 [0;36mepoch[0m = 0 [0;36mround[0m = 711 [0;36mnonce[0m = 704 [0;36mhash[0m = 2225de173480243f154de9e893f098a7517fd0e415322937fd156ff3e4866827 
[0;36mDEBUG[0m[2026-03-16 10:14:11.845]   received shard header from network in block tracker [0;36mshard[0m = 0 [0;36mepoch[0m = 0 [0;36mround[0m = 712 [0;36mnonce[0m = 705 [0;36mhash[0m = 0061fc480462e4cbb2a321387c80074b230c25b9cbead06558c74d4fab159532 
[0;36mDEBUG[0m[2026-03-16 10:14:11.845]   received shard header from network in block tracker [0;36mshard[0m = 0 [0;36mepoch[0m = 0 [0;36mround[0m = 713 [0;36mnonce[0m = 706 [0;36mhash[0m = 5e208f04769bf813c1f20e325b5e980a15919948b3cefc538ab5ff06d1aa8a80 
[0;36mDEBUG[0m[2026-03-16 10:14:11.845]   received shard header from network in block tracker [0;36mshard[0m = 0 [0;36mepoch[0m = 0 [0;36mround[0m = 714 [0;36mnonce[0m = 707 [0;36mhash[0m = ef82b7802f211506bec50936f10793dcfecf98b878bcad202e2332bb668f37db 
[0;36mDEBUG[0m[2026-03-16 10:14:11.845]   received shard header from network in block tracker [0;36mshard[0m = 0 [0;36mepoch[0m = 0 [0;36mround[0m = 715 [0;36mnonce[0m = 708 [0;36mhash[0m = bf8361ececbff04ee22749bc1d5b2d656cbe47e85662c1a46dce2bf98990e4eb 
[0;36mDEBUG[0m[2026-03-16 10:14:11.845]   received shard header from network in block tracker [0;36mshard[0m = 0 [0;36mepoch[0m = 0 [0;36mround[0m = 716 [0;36mnonce[0m = 709 [0;36mhash[0m = 26f9585bf64fe07475036dae1cf5133657ee80ffaa04c4c9a672ef713eb361b7 
[0;36mDEBUG[0m[2026-03-16 10:14:11.845]   received shard header from network in block tracker [0;36mshard[0m = 0 [0;36mepoch[0m = 0 [0;36mround[0m = 717 [0;36mnonce[0m = 710 [0;36mhash[0m = 4795cb19b6381ccd77ce9a03a19306f14f6bf36f0bd95c936fecb6113776c31e 
[0;36mDEBUG[0m[2026-03-16 10:14:11.845]   received shard header from network in block tracker [0;36mshard[0m = 0 [0;36mepoch[0m = 0 [0;36mround[0m = 718 [0;36mnonce[0m = 711 [0;36mhash[0m = c5594cabfbf65007b38ee940290010fa20f960f99a7d1c8b5305da0935fcbe25 
[0;36mDEBUG[0m[2026-03-16 10:14:11.845]   received shard header from network in block tracker [0;36mshard[0m = 0 [0;36mepoch[0m = 0 [0;36mround[0m = 719 [0;36mnonce[0m = 712 [0;36mhash[0m = dfb54bfb85df2806be0c6d91d29d337f1bbe4acaaecfdaab7a614ed803d07242 
[0;36mDEBUG[0m[2026-03-16 10:14:11.845]   received shard header from network in block tracker [0;36mshard[0m = 0 [0;36mepoch[0m = 0 [0;36mround[0m = 720 [0;36mnonce[0m = 713 [0;36mhash[0m = 7dbbabd8c70506125ed16c52088a8740e3b8b9b9b474bc4ffe7ac18330c98a62 
[0;36mDEBUG[0m[2026-03-16 10:14:11.845]   received shard header from network in block tracker [0;36mshard[0m = 0 [0;36mepoch[0m = 0 [0;36mround[0m = 721 [0;36mnonce[0m = 714 [0;36mhash[0m = 90ef2b1e359dcdcb862405006ae5b4846dfacc3c73f48c61c96d854d28db178a 
[0;36mDEBUG[0m[2026-03-16 10:14:11.845]   received shard header from network in block tracker [0;36mshard[0m = 0 [0;36mepoch[0m = 0 [0;36mround[0m = 722 [0;36mnonce[0m = 715 [0;36mhash[0m = d042c875f8312bc1497873f0ebb11e8797c8a9a9d9d6331c46612e703a526bd9 
[0;36mDEBUG[0m[2026-03-16 10:14:11.845]   received shard header from network in block tracker [0;36mshard[0m = 0 [0;36mepoch[0m = 0 [0;36mround[0m = 723 [0;36mnonce[0m = 716 [0;36mhash[0m = 562442ff032f49d18c0095887dbc35eeb43df340b22d73a8820efc099c716c27 
[0;36mDEBUG[0m[2026-03-16 10:14:11.845]   received shard header from network in block tracker [0;36mshard[0m = 0 [0;36mepoch[0m = 0 [0;36mround[0m = 724 [0;36mnonce[0m = 717 [0;36mhash[0m = 1a18372ef5dfbc82e33c9f7ad987c700073d890e58bef3e19fc3eb4429c46436 
[0;36mDEBUG[0m[2026-03-16 10:14:11.845]   received shard header from network in block tracker [0;36mshard[0m = 0 [0;36mepoch[0m = 0 [0;36mround[0m = 725 [0;36mnonce[0m = 718 [0;36mhash[0m = 0078ecdfe8c9d1648c19619f7ab85427d8025c41b7eff21a94a5554d169d4408 
[0;36mDEBUG[0m[2026-03-16 10:14:11.845]   received shard header from network in block tracker [0;36mshard[0m = 0 [0;36mepoch[0m = 0 [0;36mround[0m = 726 [0;36mnonce[0m = 719 [0;36mhash[0m = 13436e138c3e736ef6417c7a382c8cb9861754cdd978b4cf9a35c432fb9fbba9 
[0;36mDEBUG[0m[2026-03-16 10:14:11.845]   received shard header from network in block tracker [0;36mshard[0m = 0 [0;36mepoch[0m = 0 [0;36mround[0m = 727 [0;36mnonce[0m = 720 [0;36mhash[0m = f8b7c41de22ca50c078d156ad92292fe5ec8fd792a6c7a4aeb477b531695000c 
[0;36mDEBUG[0m[2026-03-16 10:14:11.845]   received shard header from network in block tracker [0;36mshard[0m = 0 [0;36mepoch[0m = 0 [0;36mround[0m = 728 [0;36mnonce[0m = 721 [0;36mhash[0m = 5308e88d7a86fbef7b4c18184c9143a49b343ee04aca820a1947339bb801026b 
[0;36mDEBUG[0m[2026-03-16 10:14:11.845]   received shard header from network in block tracker [0;36mshard[0m = 0 [0;36mepoch[0m = 0 [0;36mround[0m = 729 [0;36mnonce[0m = 722 [0;36mhash[0m = 442ef15c4a741ebeac1ebaf5d9127fea1ae1203a72e5ce5a193f7a9341a25114 
[0;36mDEBUG[0m[2026-03-16 10:14:11.845]   received shard header from network in block tracker [0;36mshard[0m = 0 [0;36mepoch[0m = 0 [0;36mround[0m = 730 [0;36mnonce[0m = 723 [0;36mhash[0m = 0d5ae795f44286a56f0585c6264228975958212637bb0c9c6a976c2af0aad758 
[0;36mDEBUG[0m[2026-03-16 10:14:11.845]   received shard header from network in block tracker [0;36mshard[0m = 0 [0;36mepoch[0m = 0 [0;36mround[0m = 731 [0;36mnonce[0m = 724 [0;36mhash[0m = c8ad0dce17596ad6c36540762c957027d06cf2aa3976d94eec8d64b86946d5fc 
[0;36mDEBUG[0m[2026-03-16 10:14:11.845]   received shard header from network in block tracker [0;36mshard[0m = 0 [0;36mepoch[0m = 0 [0;36mround[0m = 732 [0;36mnonce[0m = 725 [0;36mhash[0m = bbaf3ea72302c219b62b93587b808192fafa0b26b27e91e5f4708f22d8946483 
[0;36mDEBUG[0m[2026-03-16 10:14:11.845]   received shard header from network in block tracker [0;36mshard[0m = 0 [0;36mepoch[0m = 0 [0;36mround[0m = 733 [0;36mnonce[0m = 726 [0;36mhash[0m = eca731900cf7edc6ab7b9aa93bccf77261f4a87c080aed8f6623b2b40cee0ca9 
[0;36mDEBUG[0m[2026-03-16 10:14:11.845]   received shard header from network in block tracker [0;36mshard[0m = 0 [0;36mepoch[0m = 0 [0;36mround[0m = 734 [0;36mnonce[0m = 727 [0;36mhash[0m = 6d28c7bd61fc0452830a04c8bcece91be02920de3f2aed830af7e1c794e55499 
[0;36mDEBUG[0m[2026-03-16 10:14:11.845]   received shard header from network in block tracker [0;36mshard[0m = 0 [0;36mepoch[0m = 0 [0;36mround[0m = 735 [0;36mnonce[0m = 728 [0;36mhash[0m = dd36973524c4cbd3d11d43c075af7a81ea01ee907b0010aab60643e9040371a8 
[0;36mDEBUG[0m[2026-03-16 10:14:11.845]   received shard header from network in block tracker [0;36mshard[0m = 0 [0;36mepoch[0m = 0 [0;36mround[0m = 736 [0;36mnonce[0m = 729 [0;36mhash[0m = 9ea8b9145d27652b5bbef262b69b76830c7f362361458116666afe8769ee9fb8 
[0;36mDEBUG[0m[2026-03-16 10:14:11.845]   received shard header from network in block tracker [0;36mshard[0m = 0 [0;36mepoch[0m = 0 [0;36mround[0m = 737 [0;36mnonce[0m = 730 [0;36mhash[0m = 4d35ad0113e925253c0bae6c87064555105e45ab4c1380c3acec0dcf06ecf033 
[0;36mDEBUG[0m[2026-03-16 10:14:11.845]   received shard header from network in block tracker [0;36mshard[0m = 0 [0;36mepoch[0m = 0 [0;36mround[0m = 738 [0;36mnonce[0m = 731 [0;36mhash[0m = b4cf3ad76b9ee1da50fb729bd1582da724e71082aec852d3e957cccd2611a416 
[0;36mDEBUG[0m[2026-03-16 10:14:11.845]   received shard header from network in block tracker [0;36mshard[0m = 0 [0;36mepoch[0m = 0 [0;36mround[0m = 739 [0;36mnonce[0m = 732 [0;36mhash[0m = 29ee960fdb5c8b2a5727803b8ad68857692eb598eed1f682c9bf777223f1c823 
[0;36mDEBUG[0m[2026-03-16 10:14:11.845]   received shard header from network in block tracker [0;36mshard[0m = 0 [0;36mepoch[0m = 0 [0;36mround[0m = 740 [0;36mnonce[0m = 733 [0;36mhash[0m = e8904b0ab691b943e12734cd120e673cfe96071fae5598357987472ff5a06f44 
[0;36mDEBUG[0m[2026-03-16 10:14:11.845]   received shard header from network in block tracker [0;36mshard[0m = 0 [0;36mepoch[0m = 0 [0;36mround[0m = 741 [0;36mnonce[0m = 734 [0;36mhash[0m = bc296333337b40e2f898e8a6b1ac551be27e149351d3a0ed84a7ba7b3bded542 
[0;36mDEBUG[0m[2026-03-16 10:14:11.845]   received shard header from network in block tracker [0;36mshard[0m = 0 [0;36mepoch[0m = 0 [0;36mround[0m = 742 [0;36mnonce[0m = 735 [0;36mhash[0m = fce7501a55a20c0cc0aa7ce42763119225b95e5e4cf74248376565a7012f45f9 
[0;36mDEBUG[0m[2026-03-16 10:14:11.845]   received shard header from network in block tracker [0;36mshard[0m = 0 [0;36mepoch[0m = 0 [0;36mround[0m = 743 [0;36mnonce[0m = 736 [0;36mhash[0m = 545de0859ab8821d8b685728cdaca25c18f070c820cbe0c5cf0715f1eed548d3 
[0;36mDEBUG[0m[2026-03-16 10:14:11.845]   received shard header from network in block tracker [0;36mshard[0m = 0 [0;36mepoch[0m = 0 [0;36mround[0m = 744 [0;36mnonce[0m = 737 [0;36mhash[0m = a0da8978d0a403503b5011850bb5395976194691d86270796bfa7547e0e89d6f 
[0;36mDEBUG[0m[2026-03-16 10:14:11.845]   received shard header from network in block tracker [0;36mshard[0m = 0 [0;36mepoch[0m = 0 [0;36mround[0m = 745 [0;36mnonce[0m = 738 [0;36mhash[0m = 66afe9fc769e256be01a69517f08a38c269aa571660a36cc2ca1616f9e5d6943 
[0;36mDEBUG[0m[2026-03-16 10:14:11.846]   received shard header from network in block tracker [0;36mshard[0m = 0 [0;36mepoch[0m = 0 [0;36mround[0m = 746 [0;36mnonce[0m = 739 [0;36mhash[0m = ff0a9042c78060fb1a48b9b1f7a3bc68225aa720094f1efdd82004987ce5b731 
[0;36mDEBUG[0m[2026-03-16 10:14:11.846]   received shard header from network in block tracker [0;36mshard[0m = 0 [0;36mepoch[0m = 0 [0;36mround[0m = 747 [0;36mnonce[0m = 740 [0;36mhash[0m = 88c8d4b7ac0bb4b8803ba43927b4333a1d4011377b971fa35588a96659a6d551 
[0;36mDEBUG[0m[2026-03-16 10:14:11.846]   received shard header from network in block tracker [0;36mshard[0m = 0 [0;36mepoch[0m = 0 [0;36mround[0m = 748 [0;36mnonce[0m = 741 [0;36mhash[0m = f8764a4a569ec1e1af52f99051fea571cf41be1e2abd8de78f5d9cd0fa4d9ce1 
[0;36mDEBUG[0m[2026-03-16 10:14:11.846]   received shard header from network in block tracker [0;36mshard[0m = 0 [0;36mepoch[0m = 0 [0;36mround[0m = 749 [0;36mnonce[0m = 742 [0;36mhash[0m = ce26d7659bd280b7de8f6c029e254c38481a42a89b4ddfeabe40483925636f13 
[0;36mDEBUG[0m[2026-03-16 10:14:11.846]   received shard header from network in block tracker [0;36mshard[0m = 0 [0;36mepoch[0m = 0 [0;36mround[0m = 750 [0;36mnonce[0m = 743 [0;36mhash[0m = 890f82599c5745ab7abf6d4adcf8920d389c0aa1fe04fce4a1f84472f7705084 
[0;36mDEBUG[0m[2026-03-16 10:14:11.846]   received shard header from network in block tracker [0;36mshard[0m = 0 [0;36mepoch[0m = 0 [0;36mround[0m = 751 [0;36mnonce[0m = 744 [0;36mhash[0m = befb3157ba5b217dc8c92fa5959a9aadc799727cdd52eaf8207f7aada4d62539 
[0;36mDEBUG[0m[2026-03-16 10:14:11.846]   received shard header from network in block tracker [0;36mshard[0m = 0 [0;36mepoch[0m = 0 [0;36mround[0m = 752 [0;36mnonce[0m = 745 [0;36mhash[0m = 8a043fc90f7f9945b7992e0d81608960f41eb490e262c5926ea880ac53ea9d6d 
[0;36mDEBUG[0m[2026-03-16 10:14:11.846]   received shard header from network in block tracker [0;36mshard[0m = 0 [0;36mepoch[0m = 0 [0;36mround[0m = 753 [0;36mnonce[0m = 746 [0;36mhash[0m = f10b4223cc2040a68e359656a0a6449d1c9b7a483226e186613f2b20fbe16be8 
[0;36mDEBUG[0m[2026-03-16 10:14:11.846]   received shard header from network in block tracker [0;36mshard[0m = 0 [0;36mepoch[0m = 0 [0;36mround[0m = 754 [0;36mnonce[0m = 747 [0;36mhash[0m = b176ff51e76d670118363a709b30b651698fffe303aba533b3b4454cfaaa4f27 
[0;36mDEBUG[0m[2026-03-16 10:14:11.846]   received shard header from network in block tracker [0;36mshard[0m = 0 [0;36mepoch[0m = 0 [0;36mround[0m = 755 [0;36mnonce[0m = 748 [0;36mhash[0m = 55f3b8a1b8d5c9bfa28fa3c2a58dac610008e4e0c76e984f12ae56bf705df9e9 
[0;36mDEBUG[0m[2026-03-16 10:14:11.846]   received shard header from network in block tracker [0;36mshard[0m = 0 [0;36mepoch[0m = 0 [0;36mround[0m = 756 [0;36mnonce[0m = 749 [0;36mhash[0m = 49e430d134f88efc69e48029c480bd946434eb34b3209043601f7ef8fcf595e1 
[0;36mDEBUG[0m[2026-03-16 10:14:11.846]   received shard header from network in block tracker [0;36mshard[0m = 0 [0;36mepoch[0m = 0 [0;36mround[0m = 757 [0;36mnonce[0m = 750 [0;36mhash[0m = f072943241fa89b493b06a081db6b1c0f283258dff92d927785b0184ff375549 
[0;36mDEBUG[0m[2026-03-16 10:14:11.846]   received shard header from network in block tracker [0;36mshard[0m = 0 [0;36mepoch[0m = 0 [0;36mround[0m = 758 [0;36mnonce[0m = 751 [0;36mhash[0m = 10cb892eef5d1b0859325adad51333b2cbb27f6b26c5c3314699b112d7bebbad 
[0;36mDEBUG[0m[2026-03-16 10:14:11.846]   received shard header from network in block tracker [0;36mshard[0m = 0 [0;36mepoch[0m = 0 [0;36mround[0m = 759 [0;36mnonce[0m = 752 [0;36mhash[0m = 5f580a614ee651ed23b1174b7c9ef3438d742d440c21bd819507933346810ab7 
[0;36mDEBUG[0m[2026-03-16 10:14:11.846]   received shard header from network in block tracker [0;36mshard[0m = 0 [0;36mepoch[0m = 0 [0;36mround[0m = 760 [0;36mnonce[0m = 753 [0;36mhash[0m = 76698e15c498d2d5999a7249c1a8af9bd10608e30f10b4e1858edcd24c2b0337 
[0;36mDEBUG[0m[2026-03-16 10:14:11.846]   received shard header from network in block tracker [0;36mshard[0m = 0 [0;36mepoch[0m = 0 [0;36mround[0m = 761 [0;36mnonce[0m = 754 [0;36mhash[0m = 1560ceaa3dc60c1b1aa08ff553e51dce8588d9f2ee17fdf9e64ea3ae210a1d45 
[0;36mDEBUG[0m[2026-03-16 10:14:11.846]   received shard header from network in block tracker [0;36mshard[0m = 0 [0;36mepoch[0m = 0 [0;36mround[0m = 762 [0;36mnonce[0m = 755 [0;36mhash[0m = 8a72cd2c64a4f43c31286ccc48f62aa65c880c99e6bdf90c964420dd5aaeb188 
[0;36mDEBUG[0m[2026-03-16 10:14:11.846]   received shard header from network in block tracker [0;36mshard[0m = 0 [0;36mepoch[0m = 0 [0;36mround[0m = 763 [0;36mnonce[0m = 756 [0;36mhash[0m = d7049a170d6a165b40e4b3f39a0da1fa9e9ceb6318b9f6efb5f1ce88f884660c 
[0;36mDEBUG[0m[2026-03-16 10:14:11.846]   received shard header from network in block tracker [0;36mshard[0m = 0 [0;36mepoch[0m = 0 [0;36mround[0m = 764 [0;36mnonce[0m = 757 [0;36mhash[0m = 2a37025de6d8979f7c6cec6ce81a171dccfb813fcf3eac7542173e6279a04fbc 
[0;36mDEBUG[0m[2026-03-16 10:14:11.846]   received shard header from network in block tracker [0;36mshard[0m = 0 [0;36mepoch[0m = 0 [0;36mround[0m = 765 [0;36mnonce[0m = 758 [0;36mhash[0m = 96f234c9cefacfee70873cba1f126a4eb448ca7f078a7b974525da0f4f437f80 
[0;36mDEBUG[0m[2026-03-16 10:14:11.846]   received shard header from network in block tracker [0;36mshard[0m = 0 [0;36mepoch[0m = 0 [0;36mround[0m = 766 [0;36mnonce[0m = 759 [0;36mhash[0m = aec4fb1a94b76a8540c64e0f92cf7ce7044195cee35e80169a18350d6d9cad40 
[0;36mDEBUG[0m[2026-03-16 10:14:11.846]   received shard header from network in block tracker [0;36mshard[0m = 0 [0;36mepoch[0m = 0 [0;36mround[0m = 767 [0;36mnonce[0m = 760 [0;36mhash[0m = ba055ebfd1f5ecc2bd1b0ca02706184c4cd01abd4f184e2239dfdee852d0e026 
[0;36mDEBUG[0m[2026-03-16 10:14:11.846]   received shard header from network in block tracker [0;36mshard[0m = 0 [0;36mepoch[0m = 0 [0;36mround[0m = 768 [0;36mnonce[0m = 761 [0;36mhash[0m = 912ab829169ee7abb3d46b9f668229fdb6bdb455a7448c77955c9c120383dcfe 
[0;36mDEBUG[0m[2026-03-16 10:14:11.846]   received shard header from network in block tracker [0;36mshard[0m = 0 [0;36mepoch[0m = 0 [0;36mround[0m = 769 [0;36mnonce[0m = 762 [0;36mhash[0m = 963ddffe9836dc00febf51498667be19397a33b4745fa23e328c80efc4481b39 
[0;36mDEBUG[0m[2026-03-16 10:14:11.846]   received shard header from network in block tracker [0;36mshard[0m = 0 [0;36mepoch[0m = 0 [0;36mround[0m = 770 [0;36mnonce[0m = 763 [0;36mhash[0m = 1d687b6d5a8bae2a4ae51404d40f8100514cf4f66da1dd02bcf869236530ea48 
[0;36mDEBUG[0m[2026-03-16 10:14:11.846]   received shard header from network in block tracker [0;36mshard[0m = 0 [0;36mepoch[0m = 0 [0;36mround[0m = 771 [0;36mnonce[0m = 764 [0;36mhash[0m = ec7619c7b74b0696e6f0d1c88eb3a3204f39ea034a187d073e758a2367999db8 
[0;36mDEBUG[0m[2026-03-16 10:14:11.846]   received shard header from network in block tracker [0;36mshard[0m = 0 [0;36mepoch[0m = 0 [0;36mround[0m = 772 [0;36mnonce[0m = 765 [0;36mhash[0m = 04ef4c545a6e7b4d0c1baf2ebf45a11fe3b69f599bd7f8e9ffb0af07df44b1c8 
[0;36mDEBUG[0m[2026-03-16 10:14:11.846]   received shard header from network in block tracker [0;36mshard[0m = 0 [0;36mepoch[0m = 0 [0;36mround[0m = 773 [0;36mnonce[0m = 766 [0;36mhash[0m = 3aa127955eda7377a9c09bc8b25aa50dbb7a51ccd18c7333bf98d9cbc70a0fef 
[0;36mDEBUG[0m[2026-03-16 10:14:11.846]   received shard header from network in block tracker [0;36mshard[0m = 0 [0;36mepoch[0m = 0 [0;36mround[0m = 774 [0;36mnonce[0m = 767 [0;36mhash[0m = bcac017fa02627a255b4d681081629d87b2641b7bc47440d14bf95b644f1bc80 
[0;36mDEBUG[0m[2026-03-16 10:14:11.846]   received shard header from network in block tracker [0;36mshard[0m = 0 [0;36mepoch[0m = 0 [0;36mround[0m = 775 [0;36mnonce[0m = 768 [0;36mhash[0m = 3c2fdb55eac5ad0452b5d174f18f8ac05fa488090d4e053472e13f986047137e 
[0;36mDEBUG[0m[2026-03-16 10:14:11.846]   received shard header from network in block tracker [0;36mshard[0m = 0 [0;36mepoch[0m = 0 [0;36mround[0m = 776 [0;36mnonce[0m = 769 [0;36mhash[0m = 815cad0b2e342c21fd50eed6d08ce0391c90200377a68e897670b0abf013d991 
[0;36mDEBUG[0m[2026-03-16 10:14:11.846]   received shard header from network in block tracker [0;36mshard[0m = 0 [0;36mepoch[0m = 0 [0;36mround[0m = 777 [0;36mnonce[0m = 770 [0;36mhash[0m = e3151927803be77823521ba2a4f21455c9bebbcbfe145eb5bf69e626bc636d3c 
[0;36mDEBUG[0m[2026-03-16 10:14:11.846]   received shard header from network in block tracker [0;36mshard[0m = 0 [0;36mepoch[0m = 0 [0;36mround[0m = 778 [0;36mnonce[0m = 771 [0;36mhash[0m = 857d8bd5c0ac6e9f606f433ec2aba900611a6eed7bf204b44acedb700f3fd4b1 
[0;36mDEBUG[0m[2026-03-16 10:14:11.846]   received shard header from network in block tracker [0;36mshard[0m = 0 [0;36mepoch[0m = 0 [0;36mround[0m = 779 [0;36mnonce[0m = 772 [0;36mhash[0m = b5e8738a43056ddf0c601aaebba84536f6810e02d08e5a2efb45b92983fd8e0b 
[0;36mDEBUG[0m[2026-03-16 10:14:11.846]   received shard header from network in block tracker [0;36mshard[0m = 0 [0;36mepoch[0m = 0 [0;36mround[0m = 780 [0;36mnonce[0m = 773 [0;36mhash[0m = 8b5069781d7f19249d68a2f321c225f4ae23631069f4c0c802c9a26ec8d9f363 
[0;36mDEBUG[0m[2026-03-16 10:14:11.846]   received shard header from network in block tracker [0;36mshard[0m = 0 [0;36mepoch[0m = 0 [0;36mround[0m = 781 [0;36mnonce[0m = 774 [0;36mhash[0m = 66c6c8626997b6103c0d891fcc93009a31bc4e3c6c8efd3fb28d14cebde6fd41 
[0;36mDEBUG[0m[2026-03-16 10:14:11.846]   received shard header from network in block tracker [0;36mshard[0m = 0 [0;36mepoch[0m = 0 [0;36mround[0m = 782 [0;36mnonce[0m = 775 [0;36mhash[0m = 4e9ca0dbe2b7e32d15645fe4d14001416e3a6a6f514d3452f099b72af9d4e740 
[0;36mDEBUG[0m[2026-03-16 10:14:11.846]   received shard header from network in block tracker [0;36mshard[0m = 0 [0;36mepoch[0m = 0 [0;36mround[0m = 783 [0;36mnonce[0m = 776 [0;36mhash[0m = 109b23cf249551e02c02929611ac0c967d2d4ae1919efca4c87b80afdac1ed2f 
[0;36mDEBUG[0m[2026-03-16 10:14:11.846]   received shard header from network in block tracker [0;36mshard[0m = 0 [0;36mepoch[0m = 0 [0;36mround[0m = 784 [0;36mnonce[0m = 777 [0;36mhash[0m = 2e16aaced1ec0e7b79f00b8324d2f722258c97798babd46fbeefbb7d6dcabae5 
[0;36mDEBUG[0m[2026-03-16 10:14:11.846]   received shard header from network in block tracker [0;36mshard[0m = 0 [0;36mepoch[0m = 0 [0;36mround[0m = 785 [0;36mnonce[0m = 778 [0;36mhash[0m = 5e07f91e0c3a9b3df82040cbadf4ba09f8dde11fa358b191d863f9aadec4b1f5 
[0;36mDEBUG[0m[2026-03-16 10:14:11.846]   received shard header from network in block tracker [0;36mshard[0m = 0 [0;36mepoch[0m = 0 [0;36mround[0m = 786 [0;36mnonce[0m = 779 [0;36mhash[0m = f0929c3749f6d61a594f90225a6ac573a7edd066f3331bfbf576d328ba024405 
[0;36mDEBUG[0m[2026-03-16 10:14:11.846]   received shard header from network in block tracker [0;36mshard[0m = 0 [0;36mepoch[0m = 0 [0;36mround[0m = 787 [0;36mnonce[0m = 780 [0;36mhash[0m = f8e5b4abebccb3f8fec26f61cba5ad5a1402877498d10baf869ecbc2888848b2 
[0;36mDEBUG[0m[2026-03-16 10:14:11.846]   received shard header from network in block tracker [0;36mshard[0m = 0 [0;36mepoch[0m = 0 [0;36mround[0m = 788 [0;36mnonce[0m = 781 [0;36mhash[0m = d47d8e7aa58023580b3399fe0cf2e2a3ad4ffed38c8c036e2489ff273fdbafaf 
[0;36mDEBUG[0m[2026-03-16 10:14:11.846]   received shard header from network in block tracker [0;36mshard[0m = 0 [0;36mepoch[0m = 0 [0;36mround[0m = 789 [0;36mnonce[0m = 782 [0;36mhash[0m = edb03bd56bedd10f9cd6bc8831cbd38852ecb2bdb996f097bc7cd9f70128a08a 
[0;36mDEBUG[0m[2026-03-16 10:14:11.846]   received shard header from network in block tracker [0;36mshard[0m = 0 [0;36mepoch[0m = 0 [0;36mround[0m = 790 [0;36mnonce[0m = 783 [0;36mhash[0m = 543129b1a031e2f4abb55e686e6013851ebbdb6d86e7f8707e4ab682d1d692df 
[0;36mDEBUG[0m[2026-03-16 10:14:11.846]   received shard header from network in block tracker [0;36mshard[0m = 0 [0;36mepoch[0m = 0 [0;36mround[0m = 791 [0;36mnonce[0m = 784 [0;36mhash[0m = 1ec6deb9e36a6d95e7c9aa80e43d8e8899b5182e135ec70e64fc5b43a808e95e 
[0;36mDEBUG[0m[2026-03-16 10:14:11.846]   received shard header from network in block tracker [0;36mshard[0m = 0 [0;36mepoch[0m = 0 [0;36mround[0m = 792 [0;36mnonce[0m = 785 [0;36mhash[0m = 304d65045bf4543952c2765749e88fccc22d8539833955068840abf94d23c52d 
[0;36mDEBUG[0m[2026-03-16 10:14:11.846]   received shard header from network in block tracker [0;36mshard[0m = 0 [0;36mepoch[0m = 0 [0;36mround[0m = 793 [0;36mnonce[0m = 786 [0;36mhash[0m = f9851c405ed3cff8fdd83a39b486aef69438ade5279835029b5768d25b53b4d4 
[0;36mDEBUG[0m[2026-03-16 10:14:11.846]   received shard header from network in block tracker [0;36mshard[0m = 0 [0;36mepoch[0m = 0 [0;36mround[0m = 794 [0;36mnonce[0m = 787 [0;36mhash[0m = 4e347a75621d4256e49542970dd33a2338c7761991bf55f524d4ee3764af15e9 
[0;36mDEBUG[0m[2026-03-16 10:14:11.846]   received shard header from network in block tracker [0;36mshard[0m = 0 [0;36mepoch[0m = 0 [0;36mround[0m = 795 [0;36mnonce[0m = 788 [0;36mhash[0m = cdcdb3fb706dfb826dae9b098aac790eca03d7e2e00c54bc1e8ff8313c2b5bf0 
[0;36mDEBUG[0m[2026-03-16 10:14:11.846]   received shard header from network in block tracker [0;36mshard[0m = 0 [0;36mepoch[0m = 0 [0;36mround[0m = 796 [0;36mnonce[0m = 789 [0;36mhash[0m = 65bc17cb404888bc94da154d0734557be0e5f7f7b4fc769f3c600d1aed06e60b 
[0;36mDEBUG[0m[2026-03-16 10:14:11.846]   received shard header from network in block tracker [0;36mshard[0m = 0 [0;36mepoch[0m = 0 [0;36mround[0m = 797 [0;36mnonce[0m = 790 [0;36mhash[0m = c4e9994dec1c8b2ba762fca94792d401f6069b6be742bd5be3810eaf17105065 
[0;36mDEBUG[0m[2026-03-16 10:14:11.846]   received shard header from network in block tracker [0;36mshard[0m = 0 [0;36mepoch[0m = 0 [0;36mround[0m = 798 [0;36mnonce[0m = 791 [0;36mhash[0m = e1e5532200be5d78ee2aba532d4e0eb78b48c78df8b1c3be8792668bc4f7c0f6 
[0;36mDEBUG[0m[2026-03-16 10:14:11.846]   received shard header from network in block tracker [0;36mshard[0m = 0 [0;36mepoch[0m = 0 [0;36mround[0m = 799 [0;36mnonce[0m = 792 [0;36mhash[0m = db273de5fa26cf67acb71a23277f5da99a48f8977833366cb1f5285d4ff52b18 
[0;36mDEBUG[0m[2026-03-16 10:14:11.846]   received shard header from network in block tracker [0;36mshard[0m = 0 [0;36mepoch[0m = 0 [0;36mround[0m = 800 [0;36mnonce[0m = 793 [0;36mhash[0m = d2a890c9bfcfade9a300900c904e40fc62853ea3e9e006ea93b8b6bb6786c76a 
[0;36mDEBUG[0m[2026-03-16 10:14:11.846]   received shard header from network in block tracker [0;36mshard[0m = 0 [0;36mepoch[0m = 0 [0;36mround[0m = 801 [0;36mnonce[0m = 794 [0;36mhash[0m = 5f2f8572c66a87236c49321a88c3b15e33a646c0091eb144e6b563d0debbb04b 
[0;36mDEBUG[0m[2026-03-16 10:14:11.846]   received shard header from network in block tracker [0;36mshard[0m = 0 [0;36mepoch[0m = 0 [0;36mround[0m = 802 [0;36mnonce[0m = 795 [0;36mhash[0m = 48788019051f8b962aba326bec27a404ed4e02bfe6ed4d9943c7c7c84ac4f888 
[0;36mDEBUG[0m[2026-03-16 10:14:11.846]   received shard header from network in block tracker [0;36mshard[0m = 0 [0;36mepoch[0m = 0 [0;36mround[0m = 803 [0;36mnonce[0m = 796 [0;36mhash[0m = 4cb74b7d54cdbdf17fb72d69d79f67b468afa333823a2889ca1469f4227fdeef 
[0;36mDEBUG[0m[2026-03-16 10:14:11.846]   received shard header from network in block tracker [0;36mshard[0m = 0 [0;36mepoch[0m = 0 [0;36mround[0m = 804 [0;36mnonce[0m = 797 [0;36mhash[0m = 762bdaae29a2bb13fcdf050563247c3805573368ba8e8bcdc1382a51d4a12cda 
[0;36mDEBUG[0m[2026-03-16 10:14:11.846]   received shard header from network in block tracker [0;36mshard[0m = 0 [0;36mepoch[0m = 0 [0;36mround[0m = 805 [0;36mnonce[0m = 798 [0;36mhash[0m = 19db3287d7b6448df2adae000c01e580b1a1bc7a2df393a6430d58c4fa832529 
[0;36mDEBUG[0m[2026-03-16 10:14:11.846]   received shard header from network in block tracker [0;36mshard[0m = 0 [0;36mepoch[0m = 0 [0;36mround[0m = 806 [0;36mnonce[0m = 799 [0;36mhash[0m = 403f767af4a07b57ef4b5a9f69a3d89581f324a4d9e89d506c406d61cae90294 
[0;36mDEBUG[0m[2026-03-16 10:14:11.846]   received shard header from network in block tracker [0;36mshard[0m = 0 [0;36mepoch[0m = 0 [0;36mround[0m = 807 [0;36mnonce[0m = 800 [0;36mhash[0m = 560124c9839b825ba2b1752bcac31ce79347cc766f0e0c8c31047eb47ccde838 
[0;36mDEBUG[0m[2026-03-16 10:14:11.846]   received shard header from network in block tracker [0;36mshard[0m = 0 [0;36mepoch[0m = 0 [0;36mround[0m = 808 [0;36mnonce[0m = 801 [0;36mhash[0m = 3c6edbd6ff6e7818f21439efa028278561bd57241d1ac7265790f747cecb0f55 
[0;36mDEBUG[0m[2026-03-16 10:14:11.846]   received shard header from network in block tracker [0;36mshard[0m = 0 [0;36mepoch[0m = 0 [0;36mround[0m = 809 [0;36mnonce[0m = 802 [0;36mhash[0m = a1c3ae63077973b12841a498b0477ec915a9bafc2c8ac617ac655682853f4f08 
[0;36mDEBUG[0m[2026-03-16 10:14:11.846]   received shard header from network in block tracker [0;36mshard[0m = 0 [0;36mepoch[0m = 0 [0;36mround[0m = 810 [0;36mnonce[0m = 803 [0;36mhash[0m = dd577b3771f7453faad540b25a16cfbe800c2b1d81718ea9d4787e3631bc7ff4 
[0;36mDEBUG[0m[2026-03-16 10:14:11.846]   received shard header from network in block tracker [0;36mshard[0m = 0 [0;36mepoch[0m = 0 [0;36mround[0m = 811 [0;36mnonce[0m = 804 [0;36mhash[0m = 8a1ab015e6167d4237aa389deb4a6f3ee70f5b2edb929146029c89ee73e74346 
[0;36mDEBUG[0m[2026-03-16 10:14:11.846]   received shard header from network in block tracker [0;36mshard[0m = 0 [0;36mepoch[0m = 0 [0;36mround[0m = 812 [0;36mnonce[0m = 805 [0;36mhash[0m = 7f8859d24674ee5c91330984ff7c386dbfe178259c89e5a82001d2041d6fdc8b 
[0;36mDEBUG[0m[2026-03-16 10:14:11.846]   received shard header from network in block tracker [0;36mshard[0m = 0 [0;36mepoch[0m = 0 [0;36mround[0m = 813 [0;36mnonce[0m = 806 [0;36mhash[0m = e5160441d7a67199c4faf331fd7d58261592a0c85f5770f1c1299b594fe364b3 
[0;36mDEBUG[0m[2026-03-16 10:14:11.846]   received shard header from network in block tracker [0;36mshard[0m = 0 [0;36mepoch[0m = 0 [0;36mround[0m = 814 [0;36mnonce[0m = 807 [0;36mhash[0m = b9930ed1bf241d19aa0b84442166184c30f2b33b3d96e95529266bb30ed3ed85 
[0;36mDEBUG[0m[2026-03-16 10:14:11.846]   received shard header from network in block tracker [0;36mshard[0m = 0 [0;36mepoch[0m = 0 [0;36mround[0m = 815 [0;36mnonce[0m = 808 [0;36mhash[0m = eae9e15a0ec7b9373f2c5fb120632fdba36c6dd245caa120594c0b3e37972a8f 
[0;36mDEBUG[0m[2026-03-16 10:14:11.846]   received shard header from network in block tracker [0;36mshard[0m = 0 [0;36mepoch[0m = 0 [0;36mround[0m = 816 [0;36mnonce[0m = 809 [0;36mhash[0m = b3c194b65f332d85bb153f537bf3c898a7f66b44597b440c73eb812a64ce0d8f 
[0;36mDEBUG[0m[2026-03-16 10:14:11.846]   received shard header from network in block tracker [0;36mshard[0m = 0 [0;36mepoch[0m = 0 [0;36mround[0m = 817 [0;36mnonce[0m = 810 [0;36mhash[0m = f82ba4670a3e62c836c087a0140572e74b28e650c3276fcc89b01a03b2a13f43 
[0;36mDEBUG[0m[2026-03-16 10:14:11.846]   received shard header from network in block tracker [0;36mshard[0m = 0 [0;36mepoch[0m = 0 [0;36mround[0m = 818 [0;36mnonce[0m = 811 [0;36mhash[0m = b51b7cd574aa11c4dd0f03fdaf2d51b430492413f6996b1f5bdf67bb13ab61f3 
[0;36mDEBUG[0m[2026-03-16 10:14:11.846]   received shard header from network in block tracker [0;36mshard[0m = 0 [0;36mepoch[0m = 0 [0;36mround[0m = 819 [0;36mnonce[0m = 812 [0;36mhash[0m = 1f13947023717579336a1e19b07e4383998851b42f93efcf18688daafe0fbe8b 
[0;36mDEBUG[0m[2026-03-16 10:14:11.846]   received shard header from network in block tracker [0;36mshard[0m = 0 [0;36mepoch[0m = 0 [0;36mround[0m = 820 [0;36mnonce[0m = 813 [0;36mhash[0m = 14f34e8d7ace454c8b2c7ddda8bae1ca169fad5f8cca850a479291b55ca316fb 
[0;36mDEBUG[0m[2026-03-16 10:14:11.846]   received shard header from network in block tracker [0;36mshard[0m = 0 [0;36mepoch[0m = 0 [0;36mround[0m = 821 [0;36mnonce[0m = 814 [0;36mhash[0m = 40037a7b755a7c6b937fb3240d4b6b544bb4e47d3e4bd05690e86024fac944d4 
[0;36mDEBUG[0m[2026-03-16 10:14:11.846]   received shard header from network in block tracker [0;36mshard[0m = 0 [0;36mepoch[0m = 0 [0;36mround[0m = 822 [0;36mnonce[0m = 815 [0;36mhash[0m = 35bcc275b115d666f27a97ee2922679cd0da3639e486d70d8804b74ec1ea6733 
[0;36mDEBUG[0m[2026-03-16 10:14:11.846]   received shard header from network in block tracker [0;36mshard[0m = 0 [0;36mepoch[0m = 0 [0;36mround[0m = 823 [0;36mnonce[0m = 816 [0;36mhash[0m = 2451cb6cfa4c79e50abc32b602d7da21a4b594bac55b5bebaceeeb05312aabe5 
[0;36mDEBUG[0m[2026-03-16 10:14:11.846]   received shard header from network in block tracker [0;36mshard[0m = 0 [0;36mepoch[0m = 0 [0;36mround[0m = 824 [0;36mnonce[0m = 817 [0;36mhash[0m = 624de9889633d7669be3dd90e0f9a7387c59ce37dbc201fb830ce8f97da67513 
[0;36mDEBUG[0m[2026-03-16 10:14:11.846]   received shard header from network in block tracker [0;36mshard[0m = 0 [0;36mepoch[0m = 0 [0;36mround[0m = 825 [0;36mnonce[0m = 818 [0;36mhash[0m = 98f48aa2665c39cd3425bcb4568b9e5b26ee7de171eab3157a0435a758610fb4 
[0;36mDEBUG[0m[2026-03-16 10:14:11.846]   received shard header from network in block tracker [0;36mshard[0m = 0 [0;36mepoch[0m = 0 [0;36mround[0m = 826 [0;36mnonce[0m = 819 [0;36mhash[0m = 84de05063a3e16c42a0958442d8ee1212a47b2cd0ff5ffa6318eff75ba4e035d 
[0;36mDEBUG[0m[2026-03-16 10:14:11.846]   received shard header from network in block tracker [0;36mshard[0m = 0 [0;36mepoch[0m = 0 [0;36mround[0m = 827 [0;36mnonce[0m = 820 [0;36mhash[0m = 96eeb501f71d9b02524a103655b1f7c06e91b4df2e9d65472ce6f3d071c4cf8c 
[0;36mDEBUG[0m[2026-03-16 10:14:11.846]   received shard header from network in block tracker [0;36mshard[0m = 0 [0;36mepoch[0m = 0 [0;36mround[0m = 828 [0;36mnonce[0m = 821 [0;36mhash[0m = ae50ae9065165a76d3e0f9a4ffc0f35c06a89319f4ec2db8bb519dd12bb4e34e 
[0;36mDEBUG[0m[2026-03-16 10:14:11.846]   received shard header from network in block tracker [0;36mshard[0m = 0 [0;36mepoch[0m = 0 [0;36mround[0m = 829 [0;36mnonce[0m = 822 [0;36mhash[0m = b8ba8cf59ef852aa9a37209b3a77b81db5dee33cf3ea202836a6a4afa1d77fa8 
[0;36mDEBUG[0m[2026-03-16 10:14:11.846]   received shard header from network in block tracker [0;36mshard[0m = 0 [0;36mepoch[0m = 0 [0;36mround[0m = 830 [0;36mnonce[0m = 823 [0;36mhash[0m = f3bf0203a517fee9aeac0d376d7e917f013afaac6ffcc47dcbf2dba6b979ece1 
[0;36mDEBUG[0m[2026-03-16 10:14:11.846]   received shard header from network in block tracker [0;36mshard[0m = 0 [0;36mepoch[0m = 0 [0;36mround[0m = 831 [0;36mnonce[0m = 824 [0;36mhash[0m = 96b9dcd05ba72c84b7788f7e82f3a8a5066b2b2be3c983a712846070bce7aad5 
[0;36mDEBUG[0m[2026-03-16 10:14:11.846]   received shard header from network in block tracker [0;36mshard[0m = 0 [0;36mepoch[0m = 0 [0;36mround[0m = 832 [0;36mnonce[0m = 825 [0;36mhash[0m = e428a4275c9e55afbf282cfb0ab89260c6c5a48a47778e76c39fcdb7cead1c3e 
[0;36mDEBUG[0m[2026-03-16 10:14:11.846]   received shard header from network in block tracker [0;36mshard[0m = 0 [0;36mepoch[0m = 0 [0;36mround[0m = 833 [0;36mnonce[0m = 826 [0;36mhash[0m = ee588f55eb602748a36afd9b70d8ce66768544cb1079a6ad53451fd5d9df8e69 
[0;36mDEBUG[0m[2026-03-16 10:14:11.846]   received shard header from network in block tracker [0;36mshard[0m = 0 [0;36mepoch[0m = 0 [0;36mround[0m = 834 [0;36mnonce[0m = 827 [0;36mhash[0m = ef77df3c492b823369c961f3ac660c8ca77bab5bf526f0f9ce2dc28b8d713258 
[0;36mDEBUG[0m[2026-03-16 10:14:11.846]   received shard header from network in block tracker [0;36mshard[0m = 0 [0;36mepoch[0m = 0 [0;36mround[0m = 835 [0;36mnonce[0m = 828 [0;36mhash[0m = 1fdfec97803fe2dc93e9efbde141948653d9615b024be2ca706e0ef0891c43ec 
[0;36mDEBUG[0m[2026-03-16 10:14:11.846]   received shard header from network in block tracker [0;36mshard[0m = 0 [0;36mepoch[0m = 0 [0;36mround[0m = 836 [0;36mnonce[0m = 829 [0;36mhash[0m = b096b87936ed25efd3aa0782c608afb342ef898118857448fda9ef28e6e76b74 
[0;36mDEBUG[0m[2026-03-16 10:14:11.846]   received shard header from network in block tracker [0;36mshard[0m = 0 [0;36mepoch[0m = 0 [0;36mround[0m = 837 [0;36mnonce[0m = 830 [0;36mhash[0m = 2630ba1b7e695a4874b5eb5e18d12333eb777dc230076a44dd895bc8d025af62 
[0;36mDEBUG[0m[2026-03-16 10:14:11.846]   received shard header from network in block tracker [0;36mshard[0m = 0 [0;36mepoch[0m = 0 [0;36mround[0m = 838 [0;36mnonce[0m = 831 [0;36mhash[0m = 1dca2f0c5cbc8d5716f10795e5474540ea43091f3a3cbebba505b2caa9f1f39a 
[0;36mDEBUG[0m[2026-03-16 10:14:11.846]   received shard header from network in block tracker [0;36mshard[0m = 0 [0;36mepoch[0m = 0 [0;36mround[0m = 839 [0;36mnonce[0m = 832 [0;36mhash[0m = ee2871397d9dd9780d1e6005c22aecf29e1255224edaf87d39871db656bcf105 
[0;36mDEBUG[0m[2026-03-16 10:14:11.846]   received shard header from network in block tracker [0;36mshard[0m = 0 [0;36mepoch[0m = 0 [0;36mround[0m = 840 [0;36mnonce[0m = 833 [0;36mhash[0m = 147ede09c911564849a8fcf4be62cc6b8309383f14c2667b07e67648ba61e15f 
[0;36mDEBUG[0m[2026-03-16 10:14:11.846]   received shard header from network in block tracker [0;36mshard[0m = 0 [0;36mepoch[0m = 0 [0;36mround[0m = 841 [0;36mnonce[0m = 834 [0;36mhash[0m = 96191ac22bda2ce95bc55d44b9d7ebf4c8efefc9991dfe2d7abb62600b3a6375 
[0;36mDEBUG[0m[2026-03-16 10:14:11.846]   received shard header from network in block tracker [0;36mshard[0m = 0 [0;36mepoch[0m = 0 [0;36mround[0m = 842 [0;36mnonce[0m = 835 [0;36mhash[0m = 95d88d9da705b57ebf86c2c385c7a6de074b456213d2d7bd1a43d0d1dcf9cc25 
[0;36mDEBUG[0m[2026-03-16 10:14:11.846]   received shard header from network in block tracker [0;36mshard[0m = 0 [0;36mepoch[0m = 0 [0;36mround[0m = 843 [0;36mnonce[0m = 836 [0;36mhash[0m = 2901450a5feda76601cc1d9eb81d0d4de9e0f65fbaa47d7c91d6968c0b3667eb 
[0;36mDEBUG[0m[2026-03-16 10:14:11.846]   received shard header from network in block tracker [0;36mshard[0m = 0 [0;36mepoch[0m = 0 [0;36mround[0m = 844 [0;36mnonce[0m = 837 [0;36mhash[0m = bfc4d515607a0aaa8e683abcfc5cf8456c5d870d115804ea60b276414de10f15 
[0;36mDEBUG[0m[2026-03-16 10:14:11.846]   received shard header from network in block tracker [0;36mshard[0m = 0 [0;36mepoch[0m = 0 [0;36mround[0m = 845 [0;36mnonce[0m = 838 [0;36mhash[0m = 971373c898c47d4dce172c1fcd392b74d67586f0dd6215e8bf4f7dcd44303b21 
[0;36mDEBUG[0m[2026-03-16 10:14:11.846]   received shard header from network in block tracker [0;36mshard[0m = 0 [0;36mepoch[0m = 0 [0;36mround[0m = 846 [0;36mnonce[0m = 839 [0;36mhash[0m = 408e86e7ea785e7ce3e0f43eefd1cea0be601503656447be5ecbf078bf3c1159 
[0;36mDEBUG[0m[2026-03-16 10:14:11.846]   received shard header from network in block tracker [0;36mshard[0m = 0 [0;36mepoch[0m = 0 [0;36mround[0m = 847 [0;36mnonce[0m = 840 [0;36mhash[0m = 0252d54ca44a377a9150c50591d9787f5264c0ba3c0173b809a57aec2057da2d 
[0;36mDEBUG[0m[2026-03-16 10:14:11.846]   received shard header from network in block tracker [0;36mshard[0m = 0 [0;36mepoch[0m = 0 [0;36mround[0m = 848 [0;36mnonce[0m = 841 [0;36mhash[0m = 22cc3336a20f3d700356c61580c12cb3dfccbc803a643a32eb340d7266574d6f 
[0;36mDEBUG[0m[2026-03-16 10:14:11.846]   received shard header from network in block tracker [0;36mshard[0m = 0 [0;36mepoch[0m = 0 [0;36mround[0m = 849 [0;36mnonce[0m = 842 [0;36mhash[0m = 6efc10b7de82a3ee51cca3697afdf2b387251c1998122b898df4130cfd100b75 
[0;36mDEBUG[0m[2026-03-16 10:14:11.847]   received shard header from network in block tracker [0;36mshard[0m = 0 [0;36mepoch[0m = 0 [0;36mround[0m = 850 [0;36mnonce[0m = 843 [0;36mhash[0m = 14847e73e32337bcb8f6930701e5178fab67c69ef992e9a2acb6fe7002a8e6bf 
[0;36mDEBUG[0m[2026-03-16 10:14:11.847]   received shard header from network in block tracker [0;36mshard[0m = 0 [0;36mepoch[0m = 0 [0;36mround[0m = 851 [0;36mnonce[0m = 844 [0;36mhash[0m = 6cbe79fea8ca1f4db8e0fbc076b67f9ce6196c82196af7204957119d6d5e4f1b 
[0;36mDEBUG[0m[2026-03-16 10:14:11.847]   received shard header from network in block tracker [0;36mshard[0m = 0 [0;36mepoch[0m = 0 [0;36mround[0m = 852 [0;36mnonce[0m = 845 [0;36mhash[0m = 972fb685f4dffdb823afd27fc9a80daf6172c0df8b0f81405601a02b072b3420 
[0;36mDEBUG[0m[2026-03-16 10:14:11.847]   received shard header from network in block tracker [0;36mshard[0m = 0 [0;36mepoch[0m = 0 [0;36mround[0m = 853 [0;36mnonce[0m = 846 [0;36mhash[0m = 6ce0e8f714f2c2c436d75f9a363483ff1dfc4610d4dd733b93f7c81ad167f27b 
[0;36mDEBUG[0m[2026-03-16 10:14:11.847]   received shard header from network in block tracker [0;36mshard[0m = 0 [0;36mepoch[0m = 0 [0;36mround[0m = 854 [0;36mnonce[0m = 847 [0;36mhash[0m = 4f88841824e28ba71ec1f8d7734c2c13e0a5a9dcb61cb2dea082799f82d6a6dc 
[0;36mDEBUG[0m[2026-03-16 10:14:11.847]   received shard header from network in block tracker [0;36mshard[0m = 0 [0;36mepoch[0m = 0 [0;36mround[0m = 855 [0;36mnonce[0m = 848 [0;36mhash[0m = b5ce97d9a4161ce1e8a6787286081c50e76c921159bd5ac5bc2816f1fee0ed45 
[0;36mDEBUG[0m[2026-03-16 10:14:11.847]   received shard header from network in block tracker [0;36mshard[0m = 0 [0;36mepoch[0m = 0 [0;36mround[0m = 856 [0;36mnonce[0m = 849 [0;36mhash[0m = 5e7878ba6ed2f4525237ebe547d8b5dc9dd4745f38cfb56c6e1d630c971d30cf 
[0;36mDEBUG[0m[2026-03-16 10:14:11.847]   received shard header from network in block tracker [0;36mshard[0m = 0 [0;36mepoch[0m = 0 [0;36mround[0m = 857 [0;36mnonce[0m = 850 [0;36mhash[0m = 7cfdc5a3516f8919cccb1388153fae11cb31cb2992130d6686c9021eb27fba99 
[0;36mDEBUG[0m[2026-03-16 10:14:11.847]   received shard header from network in block tracker [0;36mshard[0m = 0 [0;36mepoch[0m = 0 [0;36mround[0m = 858 [0;36mnonce[0m = 851 [0;36mhash[0m = 498069edef5edcdf28b4dd5c86a6370ddd18b65078cade7c1b7701f7fa7fd6b7 
[0;36mDEBUG[0m[2026-03-16 10:14:11.847]   received shard header from network in block tracker [0;36mshard[0m = 0 [0;36mepoch[0m = 0 [0;36mround[0m = 859 [0;36mnonce[0m = 852 [0;36mhash[0m = 68268c3270af5c5fb87faa6a0d8171618d7db3dfb05a05b4f1c002dfc39526a7 
[0;36mDEBUG[0m[2026-03-16 10:14:11.847]   received shard header from network in block tracker [0;36mshard[0m = 0 [0;36mepoch[0m = 0 [0;36mround[0m = 860 [0;36mnonce[0m = 853 [0;36mhash[0m = 92d86d160c11e27f0e60733f28449e19b02148263b2f3f3a968ee4b282675895 
[0;36mDEBUG[0m[2026-03-16 10:14:11.847]   received shard header from network in block tracker [0;36mshard[0m = 0 [0;36mepoch[0m = 0 [0;36mround[0m = 861 [0;36mnonce[0m = 854 [0;36mhash[0m = 28761d678c4d213a8358128d3052049402f1e705cd117bfbea9cf52a596101f2 
[0;36mDEBUG[0m[2026-03-16 10:14:11.847]   received shard header from network in block tracker [0;36mshard[0m = 0 [0;36mepoch[0m = 0 [0;36mround[0m = 862 [0;36mnonce[0m = 855 [0;36mhash[0m = 16838aec5701d93f08243274d585f33b8c985af2c8f54e0f9c8ff36caef3ab59 
[0;36mDEBUG[0m[2026-03-16 10:14:11.847]   received shard header from network in block tracker [0;36mshard[0m = 0 [0;36mepoch[0m = 0 [0;36mround[0m = 863 [0;36mnonce[0m = 856 [0;36mhash[0m = 1ba7c445090d12300bc5a99b5213eb776acb8619fa8eedc25ff74d3e1d310435 
[0;36mDEBUG[0m[2026-03-16 10:14:11.847]   received shard header from network in block tracker [0;36mshard[0m = 0 [0;36mepoch[0m = 0 [0;36mround[0m = 864 [0;36mnonce[0m = 857 [0;36mhash[0m = 0d75fead42573514b5b2f8bc74b405952067cfd9c21e1ef8c55f1c920153c655 
[0;36mDEBUG[0m[2026-03-16 10:14:11.847]   received shard header from network in block tracker [0;36mshard[0m = 0 [0;36mepoch[0m = 0 [0;36mround[0m = 865 [0;36mnonce[0m = 858 [0;36mhash[0m = 6bb985512f77c2a595a7406e4e23eac805c5ae9bc25982f9743e3ddf8623a618 
[0;36mDEBUG[0m[2026-03-16 10:14:11.847]   received shard header from network in block tracker [0;36mshard[0m = 0 [0;36mepoch[0m = 0 [0;36mround[0m = 866 [0;36mnonce[0m = 859 [0;36mhash[0m = 7b22041ef18ee48142ebc3890c53003d176ba292bb880ae8da5d2905827e755a 
[0;36mDEBUG[0m[2026-03-16 10:14:11.847]   received shard header from network in block tracker [0;36mshard[0m = 0 [0;36mepoch[0m = 0 [0;36mround[0m = 867 [0;36mnonce[0m = 860 [0;36mhash[0m = fac218a66355da128d0d09f223131a5502049e189b835ea29d86efb2d2da171b 
[0;36mDEBUG[0m[2026-03-16 10:14:11.847]   received shard header from network in block tracker [0;36mshard[0m = 0 [0;36mepoch[0m = 0 [0;36mround[0m = 868 [0;36mnonce[0m = 861 [0;36mhash[0m = 9fa654b291492655e92b56934c63b1352aff8addea64133a25bb47f19fddb468 
[0;36mDEBUG[0m[2026-03-16 10:14:11.847]   received shard header from network in block tracker [0;36mshard[0m = 0 [0;36mepoch[0m = 0 [0;36mround[0m = 869 [0;36mnonce[0m = 862 [0;36mhash[0m = da4fa9b9f0fba1a88ce1020dbb8983121c7657ba0748f8e98495383ecafb872e 
[0;36mDEBUG[0m[2026-03-16 10:14:11.847]   received shard header from network in block tracker [0;36mshard[0m = 0 [0;36mepoch[0m = 0 [0;36mround[0m = 870 [0;36mnonce[0m = 863 [0;36mhash[0m = 250bf0a35a3e3c2342e026d7379b71df77dc30bb039b33c185f99514bb6140ef 
[0;36mDEBUG[0m[2026-03-16 10:14:11.847]   received shard header from network in block tracker [0;36mshard[0m = 0 [0;36mepoch[0m = 0 [0;36mround[0m = 871 [0;36mnonce[0m = 864 [0;36mhash[0m = 0a675912908f7e481c5e844c727961f6f261e240db37a9602ff5bac4a65a6960 
[0;36mDEBUG[0m[2026-03-16 10:14:11.847]   received shard header from network in block tracker [0;36mshard[0m = 0 [0;36mepoch[0m = 0 [0;36mround[0m = 872 [0;36mnonce[0m = 865 [0;36mhash[0m = ce91dfb5c7b09ce9e40f59c8fd12e7d60096a1b2c40ad5ac1ca5465da892ae72 
[0;36mDEBUG[0m[2026-03-16 10:14:11.847]   received shard header from network in block tracker [0;36mshard[0m = 0 [0;36mepoch[0m = 0 [0;36mround[0m = 873 [0;36mnonce[0m = 866 [0;36mhash[0m = b0f15fc21faa36626ec5d56a30c6074be2694abeef5bdbe211ea367e23238ae2 
[0;36mDEBUG[0m[2026-03-16 10:14:11.847]   received shard header from network in block tracker [0;36mshard[0m = 0 [0;36mepoch[0m = 0 [0;36mround[0m = 874 [0;36mnonce[0m = 867 [0;36mhash[0m = 2e7b79951e6ebb7a7d0fccc937b712732e20e85c81c153baec8b2155e58234be 
[0;36mDEBUG[0m[2026-03-16 10:14:11.847]   received shard header from network in block tracker [0;36mshard[0m = 0 [0;36mepoch[0m = 0 [0;36mround[0m = 875 [0;36mnonce[0m = 868 [0;36mhash[0m = 118235e228c9349d191bf1a39755574e88a1b828b1bb91599ea59f4962c5271c 
[0;36mDEBUG[0m[2026-03-16 10:14:11.847]   received shard header from network in block tracker [0;36mshard[0m = 0 [0;36mepoch[0m = 0 [0;36mround[0m = 876 [0;36mnonce[0m = 869 [0;36mhash[0m = 9cb4d81d2af3f2d1200c265317a8abec9d945531cc447074ec259b750a3c8d32 
[0;36mDEBUG[0m[2026-03-16 10:14:11.847]   received shard header from network in block tracker [0;36mshard[0m = 0 [0;36mepoch[0m = 0 [0;36mround[0m = 877 [0;36mnonce[0m = 870 [0;36mhash[0m = e8d058466f8f98c7bc2597c2d4d6b8d2b5a7057abcc2e0a36d178108fc81c34c 
[0;36mDEBUG[0m[2026-03-16 10:14:11.847]   received shard header from network in block tracker [0;36mshard[0m = 0 [0;36mepoch[0m = 0 [0;36mround[0m = 878 [0;36mnonce[0m = 871 [0;36mhash[0m = d8c2ffe613b5a461338bfea2ef216ee8e76fd1f11b082880c1a8b9d19dfeba55 
[0;36mDEBUG[0m[2026-03-16 10:14:11.847]   received shard header from network in block tracker [0;36mshard[0m = 0 [0;36mepoch[0m = 0 [0;36mround[0m = 879 [0;36mnonce[0m = 872 [0;36mhash[0m = b34bc0f54ffbd17ec9c28878d04342e8c4b1d026f44f51447bdd0c609af850f5 
[0;36mDEBUG[0m[2026-03-16 10:14:11.847]   received shard header from network in block tracker [0;36mshard[0m = 0 [0;36mepoch[0m = 0 [0;36mround[0m = 880 [0;36mnonce[0m = 873 [0;36mhash[0m = 5c9da43bb4cef49354dcbd2198c48f4788432cb5395d72b2426b891f4b4de556 
[0;36mDEBUG[0m[2026-03-16 10:14:11.847]   received shard header from network in block tracker [0;36mshard[0m = 0 [0;36mepoch[0m = 0 [0;36mround[0m = 881 [0;36mnonce[0m = 874 [0;36mhash[0m = 3b11041109de554eb5234f3e1839be4b54e47c4fe8a66cf12f7a1f1a1ceca769 
[0;36mDEBUG[0m[2026-03-16 10:14:11.847]   received shard header from network in block tracker [0;36mshard[0m = 0 [0;36mepoch[0m = 0 [0;36mround[0m = 882 [0;36mnonce[0m = 875 [0;36mhash[0m = 45c1670748b8ac1547c88e5ccd15ab2d9e33dd350532fe9ea72be494d8020084 
[0;36mDEBUG[0m[2026-03-16 10:14:11.847]   received shard header from network in block tracker [0;36mshard[0m = 0 [0;36mepoch[0m = 0 [0;36mround[0m = 883 [0;36mnonce[0m = 876 [0;36mhash[0m = 44b194d2213eb8581ea9958e3e834f142df35f8c9a93e88eedcd5f8dc60af9c6 
[0;36mDEBUG[0m[2026-03-16 10:14:11.847]   received shard header from network in block tracker [0;36mshard[0m = 0 [0;36mepoch[0m = 0 [0;36mround[0m = 884 [0;36mnonce[0m = 877 [0;36mhash[0m = 663c279845eeab8dfa1dbdc14695243f75741f3515c1db8328f79e676835633c 
[0;36mDEBUG[0m[2026-03-16 10:14:11.847]   received shard header from network in block tracker [0;36mshard[0m = 0 [0;36mepoch[0m = 0 [0;36mround[0m = 885 [0;36mnonce[0m = 878 [0;36mhash[0m = 0dd1382216d0fcfd398b67b85693cc0018fa7e0d5c408366f891bad237d7dc74 
[0;36mDEBUG[0m[2026-03-16 10:14:11.847]   received shard header from network in block tracker [0;36mshard[0m = 0 [0;36mepoch[0m = 0 [0;36mround[0m = 886 [0;36mnonce[0m = 879 [0;36mhash[0m = 12bf8b38535e7799d0552c3b6e155723bc1083c0132bacf3372740c814cd0160 
[0;36mDEBUG[0m[2026-03-16 10:14:11.847]   received shard header from network in block tracker [0;36mshard[0m = 0 [0;36mepoch[0m = 0 [0;36mround[0m = 887 [0;36mnonce[0m = 880 [0;36mhash[0m = ae10fe2dec98b958edaa1f93e7f7d5886ca194ca30a77354c0855b850c549960 
[0;36mDEBUG[0m[2026-03-16 10:14:11.847]   received shard header from network in block tracker [0;36mshard[0m = 0 [0;36mepoch[0m = 0 [0;36mround[0m = 888 [0;36mnonce[0m = 881 [0;36mhash[0m = 64321b134457094c4e23d2f3ac07795c71b5e6b758585069a3983cf8b03542e9 
[0;36mDEBUG[0m[2026-03-16 10:14:11.847]   received shard header from network in block tracker [0;36mshard[0m = 0 [0;36mepoch[0m = 0 [0;36mround[0m = 889 [0;36mnonce[0m = 882 [0;36mhash[0m = 438a8f5660e60f9222722b2b2ebdc10d7939ca123f8d48873145fc300f4017bf 
[0;36mDEBUG[0m[2026-03-16 10:14:11.847]   received shard header from network in block tracker [0;36mshard[0m = 0 [0;36mepoch[0m = 0 [0;36mround[0m = 890 [0;36mnonce[0m = 883 [0;36mhash[0m = 817b8ee49b1baea0e983301835213099a507f43e5372179bf737e381e39c1fef 
[0;36mDEBUG[0m[2026-03-16 10:14:11.847]   received shard header from network in block tracker [0;36mshard[0m = 0 [0;36mepoch[0m = 0 [0;36mround[0m = 891 [0;36mnonce[0m = 884 [0;36mhash[0m = 5fbb8b1bca089e32ad533ad9f9c3341c5e557847275da3d93a1d82b5a1fce6bd 
[0;36mDEBUG[0m[2026-03-16 10:14:11.847]   received shard header from network in block tracker [0;36mshard[0m = 0 [0;36mepoch[0m = 0 [0;36mround[0m = 892 [0;36mnonce[0m = 885 [0;36mhash[0m = eeb0b5139d40026e74117cc1203f0e1e4c46f091c40d1d504444ed6d7df79b9c 
[0;36mDEBUG[0m[2026-03-16 10:14:11.847]   received shard header from network in block tracker [0;36mshard[0m = 0 [0;36mepoch[0m = 0 [0;36mround[0m = 893 [0;36mnonce[0m = 886 [0;36mhash[0m = 16605954f99bdfb677b206104a5a7d8bc932416380fd1d0f43a66fde124468b1 
[0;36mDEBUG[0m[2026-03-16 10:14:11.847]   received shard header from network in block tracker [0;36mshard[0m = 0 [0;36mepoch[0m = 0 [0;36mround[0m = 894 [0;36mnonce[0m = 887 [0;36mhash[0m = 0f49314ce51ece9d40f8d300b371d6782ea4e772002423466d05b3a0126881b8 
[0;36mDEBUG[0m[2026-03-16 10:14:11.847]   received shard header from network in block tracker [0;36mshard[0m = 0 [0;36mepoch[0m = 0 [0;36mround[0m = 895 [0;36mnonce[0m = 888 [0;36mhash[0m = 2bafb4dfa3dd01a96c940766aab78076198ae48e960aed80f940da3b104090e4 
[0;36mDEBUG[0m[2026-03-16 10:14:11.848]   received shard header from network in block tracker [0;36mshard[0m = 0 [0;36mepoch[0m = 0 [0;36mround[0m = 896 [0;36mnonce[0m = 889 [0;36mhash[0m = 71f124d3d8a2236afc711dd949d9f8dfe624cb7c536ec4afe2366918e569e6b8 
[0;36mDEBUG[0m[2026-03-16 10:14:11.848]   received shard header from network in block tracker [0;36mshard[0m = 0 [0;36mepoch[0m = 0 [0;36mround[0m = 897 [0;36mnonce[0m = 890 [0;36mhash[0m = 25dc1743057973c880373c1817267af2e7b051d6db2a85510468ff14bd5e81ab 
[0;36mDEBUG[0m[2026-03-16 10:14:11.848]   received shard header from network in block tracker [0;36mshard[0m = 0 [0;36mepoch[0m = 0 [0;36mround[0m = 898 [0;36mnonce[0m = 891 [0;36mhash[0m = 7d5d185f194c6967b561ba9df55adeafdff41ad068cca92488f46152c8c65eed 
[0;36mDEBUG[0m[2026-03-16 10:14:11.848]   received shard header from network in block tracker [0;36mshard[0m = 0 [0;36mepoch[0m = 0 [0;36mround[0m = 899 [0;36mnonce[0m = 892 [0;36mhash[0m = 5cd5f8ddfa257fa0bf4571d71aa1cb3c4369666c1c78bc8cefa54b6ed192c442 
[0;36mDEBUG[0m[2026-03-16 10:14:11.848]   received shard header from network in block tracker [0;36mshard[0m = 0 [0;36mepoch[0m = 0 [0;36mround[0m = 900 [0;36mnonce[0m = 893 [0;36mhash[0m = c65334f03976d3ed8c26e093955ef891c20b636582e4bde9efcc67f8ef646fb2 
[0;36mDEBUG[0m[2026-03-16 10:14:11.848]   received shard header from network in block tracker [0;36mshard[0m = 0 [0;36mepoch[0m = 0 [0;36mround[0m = 901 [0;36mnonce[0m = 894 [0;36mhash[0m = 39668ca20daec272153b8d4bfa2548908ebfe7b3f8efdd6d3d97381ed6a678d7 
[0;36mDEBUG[0m[2026-03-16 10:14:11.848]   received shard header from network in block tracker [0;36mshard[0m = 0 [0;36mepoch[0m = 0 [0;36mround[0m = 902 [0;36mnonce[0m = 895 [0;36mhash[0m = 9703da1c7f5e1838a89f2b48c5e3fbfd6e4478d2b75605b37137c7a4ff6f56b5 
[0;36mDEBUG[0m[2026-03-16 10:14:11.848]   received shard header from network in block tracker [0;36mshard[0m = 0 [0;36mepoch[0m = 0 [0;36mround[0m = 903 [0;36mnonce[0m = 896 [0;36mhash[0m = 986508158dd7c65b68fcb17fc4b685a06d7104ac4dbcebf3dc83cd12c6bad011 
[0;36mDEBUG[0m[2026-03-16 10:14:11.848]   received shard header from network in block tracker [0;36mshard[0m = 0 [0;36mepoch[0m = 0 [0;36mround[0m = 904 [0;36mnonce[0m = 897 [0;36mhash[0m = d3ecbb7eaf65b20fb2e4c68a79a7dee81f7d156159cf321eb251ebce3efa5ced 
[0;36mDEBUG[0m[2026-03-16 10:14:11.848]   received shard header from network in block tracker [0;36mshard[0m = 0 [0;36mepoch[0m = 0 [0;36mround[0m = 905 [0;36mnonce[0m = 898 [0;36mhash[0m = 1137093b33510c1d65aaebcbcd7885297357b91c7ddc0a6d4a986bcb75549cc6 
[0;36mDEBUG[0m[2026-03-16 10:14:11.848]   received shard header from network in block tracker [0;36mshard[0m = 0 [0;36mepoch[0m = 0 [0;36mround[0m = 906 [0;36mnonce[0m = 899 [0;36mhash[0m = 175ac3fa47f7c628ebb0ac2cb7dda5e2b272bf3432f581f1a2c49c7bfb9a392a 
[0;36mDEBUG[0m[2026-03-16 10:14:11.848]   received shard header from network in block tracker [0;36mshard[0m = 0 [0;36mepoch[0m = 0 [0;36mround[0m = 907 [0;36mnonce[0m = 900 [0;36mhash[0m = 6bda5615b4354f859153b4f4c4704945debdb010889251fa4546c9602def7e46 
[0;36mDEBUG[0m[2026-03-16 10:14:11.848]   received shard header from network in block tracker [0;36mshard[0m = 0 [0;36mepoch[0m = 0 [0;36mround[0m = 908 [0;36mnonce[0m = 901 [0;36mhash[0m = 1209066ffa01786739d21d2e170f5f26dab8d2308ddaf5803811554948a83af6 
[0;36mDEBUG[0m[2026-03-16 10:14:11.848]   received shard header from network in block tracker [0;36mshard[0m = 0 [0;36mepoch[0m = 0 [0;36mround[0m = 909 [0;36mnonce[0m = 902 [0;36mhash[0m = 81722784a86a66ee4ac9f0cf18f3b3a27fe4a1ebb69dcfc1c7a188680e259d4f 
[0;36mDEBUG[0m[2026-03-16 10:14:11.848]   received shard header from network in block tracker [0;36mshard[0m = 0 [0;36mepoch[0m = 0 [0;36mround[0m = 910 [0;36mnonce[0m = 903 [0;36mhash[0m = deb92ef07f782d42d7177a4d34ed71ac9bdd98aca8a4945540f491c0ac593671 
[0;36mDEBUG[0m[2026-03-16 10:14:11.848]   received shard header from network in block tracker [0;36mshard[0m = 0 [0;36mepoch[0m = 0 [0;36mround[0m = 911 [0;36mnonce[0m = 904 [0;36mhash[0m = 34533be85e225fc999bd31b2a01d7d7d2a8be9d4d5ebc3035cbf0831e5ce0602 
[0;36mDEBUG[0m[2026-03-16 10:14:11.848]   received shard header from network in block tracker [0;36mshard[0m = 0 [0;36mepoch[0m = 0 [0;36mround[0m = 912 [0;36mnonce[0m = 905 [0;36mhash[0m = d90906cc6441b588923e6c9a8977c7cc66bf08296c3478ae49b597ec04c8a314 
[0;36mDEBUG[0m[2026-03-16 10:14:11.848]   received shard header from network in block tracker [0;36mshard[0m = 0 [0;36mepoch[0m = 0 [0;36mround[0m = 913 [0;36mnonce[0m = 906 [0;36mhash[0m = 9e55da9effbe173dbe98070d79b26401a3118a556f88ae738f60c76d942827d9 
[0;36mDEBUG[0m[2026-03-16 10:14:11.848]   received shard header from network in block tracker [0;36mshard[0m = 0 [0;36mepoch[0m = 0 [0;36mround[0m = 914 [0;36mnonce[0m = 907 [0;36mhash[0m = 9352a65f9e52904e7640a790931c5fa3010bbb224de5117b39e40c5aad0f8ba7 
[0;36mDEBUG[0m[2026-03-16 10:14:11.848]   received shard header from network in block tracker [0;36mshard[0m = 0 [0;36mepoch[0m = 0 [0;36mround[0m = 915 [0;36mnonce[0m = 908 [0;36mhash[0m = dafa837a3a950cf04edc0061e672485043cf06bcbf699f582b81ffba862417b9 
[0;36mDEBUG[0m[2026-03-16 10:14:11.848]   received shard header from network in block tracker [0;36mshard[0m = 0 [0;36mepoch[0m = 0 [0;36mround[0m = 916 [0;36mnonce[0m = 909 [0;36mhash[0m = cefaede67e9831c7e2236381843a953e6de4e4c3dd98be7f3ca8ad8eedd88ccd 
[0;36mDEBUG[0m[2026-03-16 10:14:11.848]   received shard header from network in block tracker [0;36mshard[0m = 0 [0;36mepoch[0m = 0 [0;36mround[0m = 917 [0;36mnonce[0m = 910 [0;36mhash[0m = bb50d1424953cb5798bc49ec472556889891ee9c2c3b1cb84f18b8eb458b4ec8 
[0;36mDEBUG[0m[2026-03-16 10:14:11.848]   received shard header from network in block tracker [0;36mshard[0m = 0 [0;36mepoch[0m = 0 [0;36mround[0m = 918 [0;36mnonce[0m = 911 [0;36mhash[0m = ea5f3b0636afe25160f3b09cca6d5b8ba04a118cc8e79ce4e87c7370923d8aa9 
[0;36mDEBUG[0m[2026-03-16 10:14:11.848]   received shard header from network in block tracker [0;36mshard[0m = 0 [0;36mepoch[0m = 0 [0;36mround[0m = 919 [0;36mnonce[0m = 912 [0;36mhash[0m = 75f7928531db053ee8df499725c7f41fb4ca0805676782e1412f03f8fafc5393 
[0;36mDEBUG[0m[2026-03-16 10:14:11.848]   received shard header from network in block tracker [0;36mshard[0m = 0 [0;36mepoch[0m = 0 [0;36mround[0m = 920 [0;36mnonce[0m = 913 [0;36mhash[0m = 8c82277eae61d7c4ec9ab9c6803922722e0d7e8827de03cb8603e14b81b804a6 
[0;36mDEBUG[0m[2026-03-16 10:14:11.848]   received shard header from network in block tracker [0;36mshard[0m = 0 [0;36mepoch[0m = 0 [0;36mround[0m = 921 [0;36mnonce[0m = 914 [0;36mhash[0m = 1f7976f1355c91b5e9b913ca122e17fad00cca5ebe802369acbaad0408538349 
[0;36mDEBUG[0m[2026-03-16 10:14:11.848]   received shard header from network in block tracker [0;36mshard[0m = 0 [0;36mepoch[0m = 0 [0;36mround[0m = 922 [0;36mnonce[0m = 915 [0;36mhash[0m = e9e6c6f68b39cff070942fd7ff371464e6fe5fd9160a40430d98bd76abaa40cc 
[0;36mDEBUG[0m[2026-03-16 10:14:11.848]   received shard header from network in block tracker [0;36mshard[0m = 0 [0;36mepoch[0m = 0 [0;36mround[0m = 923 [0;36mnonce[0m = 916 [0;36mhash[0m = e6f7ce7aefb1dd094b0b3cbce6733b3636091fe72423031724266e32f73d86a3 
[0;36mDEBUG[0m[2026-03-16 10:14:11.848]   received shard header from network in block tracker [0;36mshard[0m = 0 [0;36mepoch[0m = 0 [0;36mround[0m = 924 [0;36mnonce[0m = 917 [0;36mhash[0m = 983bba18acfa1d1ba3ff312235f363ef2c2c1575d30f6ed9687272d43de529c9 
[0;36mDEBUG[0m[2026-03-16 10:14:11.848]   received shard header from network in block tracker [0;36mshard[0m = 0 [0;36mepoch[0m = 0 [0;36mround[0m = 925 [0;36mnonce[0m = 918 [0;36mhash[0m = 4b612982f0fc3881dfd758d79989efec435eb7da3b57699cdc7f1f7d41cb784d 
[0;36mDEBUG[0m[2026-03-16 10:14:11.848]   received shard header from network in block tracker [0;36mshard[0m = 0 [0;36mepoch[0m = 0 [0;36mround[0m = 926 [0;36mnonce[0m = 919 [0;36mhash[0m = afc4c1f6ccf82c3de63b736ce1ae65eef07b0d27457e5fa7c1b33cd38e8e7dd2 
[0;36mDEBUG[0m[2026-03-16 10:14:11.848]   received shard header from network in block tracker [0;36mshard[0m = 0 [0;36mepoch[0m = 0 [0;36mround[0m = 927 [0;36mnonce[0m = 920 [0;36mhash[0m = 30a3943d47bfbb4a11965423707a98eef736f33dfc2b3cb561e7b59363fdef20 
[0;36mDEBUG[0m[2026-03-16 10:14:11.848]   received shard header from network in block tracker [0;36mshard[0m = 0 [0;36mepoch[0m = 0 [0;36mround[0m = 928 [0;36mnonce[0m = 921 [0;36mhash[0m = 12fd2087d349c94f67706bffc7d6004c74fe8516cb1623e7adae7fc5b94fe219 
[0;36mDEBUG[0m[2026-03-16 10:14:11.848]   received shard header from network in block tracker [0;36mshard[0m = 0 [0;36mepoch[0m = 0 [0;36mround[0m = 929 [0;36mnonce[0m = 922 [0;36mhash[0m = 97e9920a69e19961853abf03ad156a2a1d549f45537a9ef18e13f2c212e72805 
[0;36mDEBUG[0m[2026-03-16 10:14:11.848]   received shard header from network in block tracker [0;36mshard[0m = 0 [0;36mepoch[0m = 0 [0;36mround[0m = 930 [0;36mnonce[0m = 923 [0;36mhash[0m = 8783968bb9ca8351f54bd0605013cd0099855f03470e397e9efef728bcda9eea 
[0;36mDEBUG[0m[2026-03-16 10:14:11.848]   received shard header from network in block tracker [0;36mshard[0m = 0 [0;36mepoch[0m = 0 [0;36mround[0m = 931 [0;36mnonce[0m = 924 [0;36mhash[0m = 3977bbb813335ab59af5e65660969819cab378525dd03140306234b9e5506f98 
[0;36mDEBUG[0m[2026-03-16 10:14:11.848]   received shard header from network in block tracker [0;36mshard[0m = 0 [0;36mepoch[0m = 0 [0;36mround[0m = 932 [0;36mnonce[0m = 925 [0;36mhash[0m = f877bef174be9e9e9e0188ffd817fb9d980a849dccba96291d421d3e3198de1f 
[0;36mDEBUG[0m[2026-03-16 10:14:11.849]   received shard header from network in block tracker [0;36mshard[0m = 0 [0;36mepoch[0m = 0 [0;36mround[0m = 933 [0;36mnonce[0m = 926 [0;36mhash[0m = f8191c913571d73e75aced27d73c824069ebffb93273863d838c8c56ee1e467f 
[0;36mDEBUG[0m[2026-03-16 10:14:11.849]   received shard header from network in block tracker [0;36mshard[0m = 0 [0;36mepoch[0m = 0 [0;36mround[0m = 934 [0;36mnonce[0m = 927 [0;36mhash[0m = b2b30f9750e800e88844c2dd3e229498793f851d6a5431bd8bd587f75040fab0 
[0;36mDEBUG[0m[2026-03-16 10:14:11.849]   received shard header from network in block tracker [0;36mshard[0m = 0 [0;36mepoch[0m = 0 [0;36mround[0m = 935 [0;36mnonce[0m = 928 [0;36mhash[0m = a59c5a49ae562137dfdf15f4cfd0833af155a79e40913416b3ada7c82f6af61b 
[0;36mDEBUG[0m[2026-03-16 10:14:11.849]   received shard header from network in block tracker [0;36mshard[0m = 0 [0;36mepoch[0m = 0 [0;36mround[0m = 936 [0;36mnonce[0m = 929 [0;36mhash[0m = 11f5075913f947bcf372703c528e909e1a2107b7e9f4702a3a9acc3adb1150a2 
[0;36mDEBUG[0m[2026-03-16 10:14:11.849]   received shard header from network in block tracker [0;36mshard[0m = 0 [0;36mepoch[0m = 0 [0;36mround[0m = 937 [0;36mnonce[0m = 930 [0;36mhash[0m = defa8ab7d84846fcd1356b2e8672c5b4bd8c278fe61e553949a2c8d6f7ed68aa 
[0;36mDEBUG[0m[2026-03-16 10:14:11.849]   received shard header from network in block tracker [0;36mshard[0m = 0 [0;36mepoch[0m = 0 [0;36mround[0m = 938 [0;36mnonce[0m = 931 [0;36mhash[0m = 3c008c2fedb76a9d37e90b1c9ec77d80d93fa9f64887e05b78a20119cccb1bd0 
[0;36mDEBUG[0m[2026-03-16 10:14:11.849]   received shard header from network in block tracker [0;36mshard[0m = 0 [0;36mepoch[0m = 0 [0;36mround[0m = 939 [0;36mnonce[0m = 932 [0;36mhash[0m = 8f592e78e63a538a1ebd79d2a3788bff8895a2b7d97bced7a833e20ed99a73ad 
[0;36mDEBUG[0m[2026-03-16 10:14:11.849]   received shard header from network in block tracker [0;36mshard[0m = 0 [0;36mepoch[0m = 0 [0;36mround[0m = 940 [0;36mnonce[0m = 933 [0;36mhash[0m = b9c88e5b392dc90bc045fc8c59dff2b44bbe9db665a7f577cc6875342ecbf468 
[0;36mDEBUG[0m[2026-03-16 10:14:11.849]   received shard header from network in block tracker [0;36mshard[0m = 0 [0;36mepoch[0m = 0 [0;36mround[0m = 941 [0;36mnonce[0m = 934 [0;36mhash[0m = 90675a4e207560195df979e5416e26927d400830f3df378fca7770e562823699 
[0;36mDEBUG[0m[2026-03-16 10:14:11.849]   received shard header from network in block tracker [0;36mshard[0m = 0 [0;36mepoch[0m = 0 [0;36mround[0m = 942 [0;36mnonce[0m = 935 [0;36mhash[0m = 3954690f32a52cc243695356ff03ad601a6e91ca8f7f9018df394f1f035a9873 
[0;36mDEBUG[0m[2026-03-16 10:14:11.849]   received shard header from network in block tracker [0;36mshard[0m = 0 [0;36mepoch[0m = 0 [0;36mround[0m = 943 [0;36mnonce[0m = 936 [0;36mhash[0m = 6fcf11a8d1bc4c407d02957cf17a841f5c408c26cb53a4516563c0ecd9c225b3 
[0;36mDEBUG[0m[2026-03-16 10:14:11.849]   received shard header from network in block tracker [0;36mshard[0m = 0 [0;36mepoch[0m = 0 [0;36mround[0m = 944 [0;36mnonce[0m = 937 [0;36mhash[0m = dc34a381c2c7f5c2cb98d84966be0e6b6037af7995b086f6b4d78c2599599ed4 
[0;36mDEBUG[0m[2026-03-16 10:14:11.849]   received shard header from network in block tracker [0;36mshard[0m = 0 [0;36mepoch[0m = 0 [0;36mround[0m = 945 [0;36mnonce[0m = 938 [0;36mhash[0m = 38b1b4a74f946b4271553e666a936a6a201a52d4ebe23dbe61d4977c4174c350 
[0;36mDEBUG[0m[2026-03-16 10:14:11.849]   received shard header from network in block tracker [0;36mshard[0m = 0 [0;36mepoch[0m = 0 [0;36mround[0m = 946 [0;36mnonce[0m = 939 [0;36mhash[0m = 782053b6615f5f61606b2cc560f0b4656f798e44789c52da6159d20757743b30 
[0;36mDEBUG[0m[2026-03-16 10:14:11.849]   received shard header from network in block tracker [0;36mshard[0m = 0 [0;36mepoch[0m = 0 [0;36mround[0m = 947 [0;36mnonce[0m = 940 [0;36mhash[0m = d5189989a8d980d47e087679dffb592a23a47da113e53879bdce5ca68f13006c 
[0;36mDEBUG[0m[2026-03-16 10:14:11.849]   received shard header from network in block tracker [0;36mshard[0m = 0 [0;36mepoch[0m = 0 [0;36mround[0m = 948 [0;36mnonce[0m = 941 [0;36mhash[0m = fcfdca8a15e74acde34a81a8cd2f365f08394dd8d9c10aebf98c4c53a0eb52ba 
[0;36mDEBUG[0m[2026-03-16 10:14:11.849]   received shard header from network in block tracker [0;36mshard[0m = 0 [0;36mepoch[0m = 0 [0;36mround[0m = 949 [0;36mnonce[0m = 942 [0;36mhash[0m = 3ca9c49612413c9010e67b07830cbed6a804eb6a275ba835af179dc75950031f 
[0;36mDEBUG[0m[2026-03-16 10:14:11.850]   received shard header from network in block tracker [0;36mshard[0m = 0 [0;36mepoch[0m = 0 [0;36mround[0m = 950 [0;36mnonce[0m = 943 [0;36mhash[0m = db00a84b78530b0602beaa03b25395add02bb46806f09220cf3543f70ad778a4 
[0;36mDEBUG[0m[2026-03-16 10:14:11.850]   received shard header from network in block tracker [0;36mshard[0m = 0 [0;36mepoch[0m = 0 [0;36mround[0m = 951 [0;36mnonce[0m = 944 [0;36mhash[0m = a1c07ef09f8f729349411ab4a335d12e3c07873dd5f630f49e37eb8917cabf04 
[0;36mDEBUG[0m[2026-03-16 10:14:11.850]   received shard header from network in block tracker [0;36mshard[0m = 0 [0;36mepoch[0m = 0 [0;36mround[0m = 952 [0;36mnonce[0m = 945 [0;36mhash[0m = 9d93f5876c62cb51bf9be9cd3ed327814fa2caed4b9ad22fb33d25e87805a855 
[0;36mDEBUG[0m[2026-03-16 10:14:11.850]   received shard header from network in block tracker [0;36mshard[0m = 0 [0;36mepoch[0m = 0 [0;36mround[0m = 953 [0;36mnonce[0m = 946 [0;36mhash[0m = 4b15a61f3e66abe94853308c5464b892f90517aedb31ddb2392894f4c7136714 
[0;36mDEBUG[0m[2026-03-16 10:14:11.850]   received shard header from network in block tracker [0;36mshard[0m = 0 [0;36mepoch[0m = 0 [0;36mround[0m = 954 [0;36mnonce[0m = 947 [0;36mhash[0m = 464c4f9ad13daa837ff15afdca85fecd67d888b20f41ab8de946248a30a2be6d 
[0;36mDEBUG[0m[2026-03-16 10:14:11.850]   received shard header from network in block tracker [0;36mshard[0m = 0 [0;36mepoch[0m = 0 [0;36mround[0m = 955 [0;36mnonce[0m = 948 [0;36mhash[0m = b0e62f8521e2e7c351bcb2e642bb8572d6fcc51b969149d2320b18808e81adfa 
[0;36mDEBUG[0m[2026-03-16 10:14:11.850]   received shard header from network in block tracker [0;36mshard[0m = 0 [0;36mepoch[0m = 0 [0;36mround[0m = 956 [0;36mnonce[0m = 949 [0;36mhash[0m = 4f092492e0a31add3f3ad50c1596e259e45103f49e7792dfce9cc08b98e88086 
[0;36mDEBUG[0m[2026-03-16 10:14:11.850]   received shard header from network in block tracker [0;36mshard[0m = 0 [0;36mepoch[0m = 0 [0;36mround[0m = 957 [0;36mnonce[0m = 950 [0;36mhash[0m = 8ca837896bdde9e3c0e46e624f6d15efcb54516f585dec7b17cefc449b391531 
[0;36mDEBUG[0m[2026-03-16 10:14:11.850]   received shard header from network in block tracker [0;36mshard[0m = 0 [0;36mepoch[0m = 0 [0;36mround[0m = 958 [0;36mnonce[0m = 951 [0;36mhash[0m = f1733244e9779eafea639426084d28d19db88349c9002716b8765b2c3108bb3f 
[0;36mDEBUG[0m[2026-03-16 10:14:11.850]   received shard header from network in block tracker [0;36mshard[0m = 0 [0;36mepoch[0m = 0 [0;36mround[0m = 959 [0;36mnonce[0m = 952 [0;36mhash[0m = 428a91851721df5ce5604eae31ce53619f1cc65980595537ee33d7d72bd96a4c 
[0;36mDEBUG[0m[2026-03-16 10:14:11.850]   received shard header from network in block tracker [0;36mshard[0m = 0 [0;36mepoch[0m = 0 [0;36mround[0m = 960 [0;36mnonce[0m = 953 [0;36mhash[0m = 5fa7b7fc21a544e159e712a84f7b5c803cc07795e2031f35ddf689bddd7b6d1c 
[0;36mDEBUG[0m[2026-03-16 10:14:11.850]   received shard header from network in block tracker [0;36mshard[0m = 0 [0;36mepoch[0m = 0 [0;36mround[0m = 961 [0;36mnonce[0m = 954 [0;36mhash[0m = fcdd9c6efdbcee4d7a7abb18c3b205db70131d941ac2ddc471b2d2d0fa032e48 
[0;36mDEBUG[0m[2026-03-16 10:14:11.850]   received shard header from network in block tracker [0;36mshard[0m = 0 [0;36mepoch[0m = 0 [0;36mround[0m = 962 [0;36mnonce[0m = 955 [0;36mhash[0m = 5c358da813046b2d8593ef9c201ef394373ee3f48c12530bcf0ddbdfd703a803 
[0;36mDEBUG[0m[2026-03-16 10:14:11.850]   received shard header from network in block tracker [0;36mshard[0m = 0 [0;36mepoch[0m = 0 [0;36mround[0m = 963 [0;36mnonce[0m = 956 [0;36mhash[0m = b6b26a27ee93f7456a170487bfb4e6eba7f744d0091cb767516c3a58afaf1cb7 
[0;36mDEBUG[0m[2026-03-16 10:14:11.850]   received shard header from network in block tracker [0;36mshard[0m = 0 [0;36mepoch[0m = 0 [0;36mround[0m = 964 [0;36mnonce[0m = 957 [0;36mhash[0m = 1a668ccabf749473796464e68e282412bb64b6399b393c6d347a7691edd9f20e 
[0;36mDEBUG[0m[2026-03-16 10:14:11.850]   received shard header from network in block tracker [0;36mshard[0m = 0 [0;36mepoch[0m = 0 [0;36mround[0m = 965 [0;36mnonce[0m = 958 [0;36mhash[0m = 585dbcb0edb1d66db0c9881ab2e775e52f5cb00313d17c4e4e659262c8bf954f 
[0;36mDEBUG[0m[2026-03-16 10:14:11.850]   received shard header from network in block tracker [0;36mshard[0m = 0 [0;36mepoch[0m = 0 [0;36mround[0m = 966 [0;36mnonce[0m = 959 [0;36mhash[0m = e21e1ae28ea888a4f10c7b47ecba563e45af85013d8913642c39df1d84597062 
[0;36mDEBUG[0m[2026-03-16 10:14:11.850]   received shard header from network in block tracker [0;36mshard[0m = 0 [0;36mepoch[0m = 0 [0;36mround[0m = 967 [0;36mnonce[0m = 960 [0;36mhash[0m = 6c815dbf13f1ca24203fd79e7b89eb9288a855b29825261a4580adf19454fafb 
[0;36mDEBUG[0m[2026-03-16 10:14:11.850]   received shard header from network in block tracker [0;36mshard[0m = 0 [0;36mepoch[0m = 0 [0;36mround[0m = 968 [0;36mnonce[0m = 961 [0;36mhash[0m = 326388ff9ff2e52d7ff9983f5e859c83e9af697227a31d66ea2ab76ab532e87f 
[0;36mDEBUG[0m[2026-03-16 10:14:11.850]   received shard header from network in block tracker [0;36mshard[0m = 0 [0;36mepoch[0m = 0 [0;36mround[0m = 969 [0;36mnonce[0m = 962 [0;36mhash[0m = 57ba808f457eed4596c4f12e9daf46cb1199f56a00adf9620f5d51e0a8b50530 
[0;36mDEBUG[0m[2026-03-16 10:14:11.850]   received shard header from network in block tracker [0;36mshard[0m = 0 [0;36mepoch[0m = 0 [0;36mround[0m = 970 [0;36mnonce[0m = 963 [0;36mhash[0m = 085198dc200da1ff908751116badaa0cc4129fd80d1aac02a152ea20d643057f 
[0;36mDEBUG[0m[2026-03-16 10:14:11.850]   received shard header from network in block tracker [0;36mshard[0m = 0 [0;36mepoch[0m = 0 [0;36mround[0m = 971 [0;36mnonce[0m = 964 [0;36mhash[0m = 40f99e402461eb2490699325ee69a4dd032a268ab2738030d919098cf326a817 
[0;36mDEBUG[0m[2026-03-16 10:14:11.850]   received shard header from network in block tracker [0;36mshard[0m = 0 [0;36mepoch[0m = 0 [0;36mround[0m = 972 [0;36mnonce[0m = 965 [0;36mhash[0m = fc9d41a8e7269aa07ebbf5e42d1a111e691b258e708f8b642445f052af5cda2e 
[0;36mDEBUG[0m[2026-03-16 10:14:11.850]   received shard header from network in block tracker [0;36mshard[0m = 0 [0;36mepoch[0m = 0 [0;36mround[0m = 973 [0;36mnonce[0m = 966 [0;36mhash[0m = 198f8033e2c344aba10f50066543906b413644de504f83f25f261dd6d12d209f 
[0;36mDEBUG[0m[2026-03-16 10:14:11.850]   received shard header from network in block tracker [0;36mshard[0m = 0 [0;36mepoch[0m = 0 [0;36mround[0m = 974 [0;36mnonce[0m = 967 [0;36mhash[0m = 200a77e3c53f500e67cbd3eceb09b9dac0300846f3671868ec44f2e16d0efe6b 
[0;36mDEBUG[0m[2026-03-16 10:14:11.850]   received shard header from network in block tracker [0;36mshard[0m = 0 [0;36mepoch[0m = 0 [0;36mround[0m = 975 [0;36mnonce[0m = 968 [0;36mhash[0m = 96b4b26cc317fe7824f6683013a6e82f1d2e4d3b6f2ff49548486702930c8dd7 
[0;36mDEBUG[0m[2026-03-16 10:14:11.850]   received shard header from network in block tracker [0;36mshard[0m = 0 [0;36mepoch[0m = 0 [0;36mround[0m = 976 [0;36mnonce[0m = 969 [0;36mhash[0m = 5bb256fbede36c9c9fd858b3685a67af6139218da37fc73f28c31be909bb6432 
[0;36mDEBUG[0m[2026-03-16 10:14:11.850]   received shard header from network in block tracker [0;36mshard[0m = 0 [0;36mepoch[0m = 0 [0;36mround[0m = 977 [0;36mnonce[0m = 970 [0;36mhash[0m = 6aa83c6e7185e31de775fab6e9e8e427fb39c7ec8131880351698efa97d7afb0 
[0;36mDEBUG[0m[2026-03-16 10:14:11.851]   received shard header from network in block tracker [0;36mshard[0m = 0 [0;36mepoch[0m = 0 [0;36mround[0m = 978 [0;36mnonce[0m = 971 [0;36mhash[0m = 0ac185c84b9dc8621f086026764fd783c1d284070f66bdc23cf4859074abb44a 
[0;36mDEBUG[0m[2026-03-16 10:14:11.851]   received shard header from network in block tracker [0;36mshard[0m = 0 [0;36mepoch[0m = 0 [0;36mround[0m = 979 [0;36mnonce[0m = 972 [0;36mhash[0m = 4bd3a040b8e1c38f15fe3351777c8c4f066f43681fd61593b71816a4110b1048 
[0;36mDEBUG[0m[2026-03-16 10:14:11.851]   received shard header from network in block tracker [0;36mshard[0m = 0 [0;36mepoch[0m = 0 [0;36mround[0m = 980 [0;36mnonce[0m = 973 [0;36mhash[0m = 231cd6d43e95d470585580616b43fe93cc6699248eb508a2d26b84dc46ee3f6f 
[0;36mDEBUG[0m[2026-03-16 10:14:11.851]   received shard header from network in block tracker [0;36mshard[0m = 0 [0;36mepoch[0m = 0 [0;36mround[0m = 981 [0;36mnonce[0m = 974 [0;36mhash[0m = 879b5dfb17ac3f814a6d704d5de456746960086790738b8af16b0527fff84c60 
[0;36mDEBUG[0m[2026-03-16 10:14:11.851]   received shard header from network in block tracker [0;36mshard[0m = 0 [0;36mepoch[0m = 0 [0;36mround[0m = 982 [0;36mnonce[0m = 975 [0;36mhash[0m = dd85a3adf607e36743f83744e1f310321a184cfb585072dd22d5ee2a8edd091c 
[0;36mDEBUG[0m[2026-03-16 10:14:11.851]   received shard header from network in block tracker [0;36mshard[0m = 0 [0;36mepoch[0m = 0 [0;36mround[0m = 983 [0;36mnonce[0m = 976 [0;36mhash[0m = a1e165917909e98140ed55ccf8a2125b8bf2e26ad3c8edacb09a1c151355bf6c 
[0;36mDEBUG[0m[2026-03-16 10:14:11.851]   received shard header from network in block tracker [0;36mshard[0m = 0 [0;36mepoch[0m = 0 [0;36mround[0m = 984 [0;36mnonce[0m = 977 [0;36mhash[0m = d27c715d8c0f9cfaa355b2e9a90d8ccac3f575f5e8e5cb509bbaeb41f55e5d6e 
[0;36mDEBUG[0m[2026-03-16 10:14:11.851]   received shard header from network in block tracker [0;36mshard[0m = 0 [0;36mepoch[0m = 0 [0;36mround[0m = 985 [0;36mnonce[0m = 978 [0;36mhash[0m = bb7ad2f5b59ee507acfbe88cf22fcf092fa81c3bd2710b866572e3d5a16a3e4c 
[0;36mDEBUG[0m[2026-03-16 10:14:11.851]   received shard header from network in block tracker [0;36mshard[0m = 0 [0;36mepoch[0m = 0 [0;36mround[0m = 986 [0;36mnonce[0m = 979 [0;36mhash[0m = 858bb9feb0b066429c614066cff7e3cef6198ed19a74379f79144d33121e3ad5 
[0;36mDEBUG[0m[2026-03-16 10:14:11.851]   received shard header from network in block tracker [0;36mshard[0m = 0 [0;36mepoch[0m = 0 [0;36mround[0m = 987 [0;36mnonce[0m = 980 [0;36mhash[0m = 731174131638ef4d7a8cee3375bbcce54e8e497008c184eac8200ae4f4079125 
[0;36mDEBUG[0m[2026-03-16 10:14:11.851]   received shard header from network in block tracker [0;36mshard[0m = 0 [0;36mepoch[0m = 0 [0;36mround[0m = 988 [0;36mnonce[0m = 981 [0;36mhash[0m = d92c3c9925b5bf58e1bcfa96e9738772e4f72b479974bf1f6660af228c524ede 
[0;36mDEBUG[0m[2026-03-16 10:14:11.851]   received shard header from network in block tracker [0;36mshard[0m = 0 [0;36mepoch[0m = 0 [0;36mround[0m = 989 [0;36mnonce[0m = 982 [0;36mhash[0m = 08b1c052f4995c93cfaf20689695d17d074ffd8fd876fd2cc2b449c9594979f8 
[0;36mDEBUG[0m[2026-03-16 10:14:11.851]   received shard header from network in block tracker [0;36mshard[0m = 0 [0;36mepoch[0m = 0 [0;36mround[0m = 990 [0;36mnonce[0m = 983 [0;36mhash[0m = 05a70f834c24b6a4b93a7fc04d379c0affef0ace1a09fa4269630844851481c0 
[0;36mDEBUG[0m[2026-03-16 10:14:11.851]   received shard header from network in block tracker [0;36mshard[0m = 0 [0;36mepoch[0m = 0 [0;36mround[0m = 991 [0;36mnonce[0m = 984 [0;36mhash[0m = 500b89c3c5ee8ebbaf8491725402a0a7fdc987b49cb56c918ba1ef4bbb9d8342 
[0;36mDEBUG[0m[2026-03-16 10:14:11.851]   received shard header from network in block tracker [0;36mshard[0m = 0 [0;36mepoch[0m = 0 [0;36mround[0m = 992 [0;36mnonce[0m = 985 [0;36mhash[0m = a209b66d0cce3a87df8c51302c9a53384be67c9991cacb39ebf3ffab55d3458b 
[0;36mDEBUG[0m[2026-03-16 10:14:11.851]   received shard header from network in block tracker [0;36mshard[0m = 0 [0;36mepoch[0m = 0 [0;36mround[0m = 993 [0;36mnonce[0m = 986 [0;36mhash[0m = fc75721b91c2fea1e93ea3b4706f9715f1a3164a30dfe0d064fbbb02cdf533ba 
[0;36mDEBUG[0m[2026-03-16 10:14:11.851]   received shard header from network in block tracker [0;36mshard[0m = 0 [0;36mepoch[0m = 0 [0;36mround[0m = 994 [0;36mnonce[0m = 987 [0;36mhash[0m = 2ec74acc83adf788060e78e7628728015c0e41bbd1be501e35326043571a0140 
[0;36mDEBUG[0m[2026-03-16 10:14:11.851]   received shard header from network in block tracker [0;36mshard[0m = 0 [0;36mepoch[0m = 0 [0;36mround[0m = 995 [0;36mnonce[0m = 988 [0;36mhash[0m = 5470aef93c8548c98b7087b962706e33f00c4667e5c7309cc92bfa6a424a343c 
[0;36mDEBUG[0m[2026-03-16 10:14:11.851]   received shard header from network in block tracker [0;36mshard[0m = 0 [0;36mepoch[0m = 0 [0;36mround[0m = 996 [0;36mnonce[0m = 989 [0;36mhash[0m = d88a179c1bfe0ad75fd25af43f98e98e25f93b48ae65cf594edf87bf1fbcc2cd 
[0;36mDEBUG[0m[2026-03-16 10:14:11.851]   received shard header from network in block tracker [0;36mshard[0m = 0 [0;36mepoch[0m = 0 [0;36mround[0m = 997 [0;36mnonce[0m = 990 [0;36mhash[0m = 02c993e8023966b657b337768fdad7efc44169df32b02b7848637555c4c13c8e 
[0;36mDEBUG[0m[2026-03-16 10:14:11.851]   received shard header from network in block tracker [0;36mshard[0m = 0 [0;36mepoch[0m = 0 [0;36mround[0m = 998 [0;36mnonce[0m = 991 [0;36mhash[0m = 626c068eb9e708b0382212458b2d02b87af56395fd7723cd2af6b272413a33e2 
[0;36mDEBUG[0m[2026-03-16 10:14:11.851]   received shard header from network in block tracker [0;36mshard[0m = 0 [0;36mepoch[0m = 0 [0;36mround[0m = 999 [0;36mnonce[0m = 992 [0;36mhash[0m = 9fece1100468355929c73cdb07953c73c0014c51c75251bc0ccd5a700931c543 
[0;36mDEBUG[0m[2026-03-16 10:14:11.851]   received shard header from network in block tracker [0;36mshard[0m = 0 [0;36mepoch[0m = 0 [0;36mround[0m = 1000 [0;36mnonce[0m = 993 [0;36mhash[0m = 341a88baadc32c6c2693e5d763ca5f657451b6f9149ff6d58c1e28fdafd68018 
[0;36mDEBUG[0m[2026-03-16 10:14:11.851]   received shard header from network in block tracker [0;36mshard[0m = 0 [0;36mepoch[0m = 0 [0;36mround[0m = 1001 [0;36mnonce[0m = 994 [0;36mhash[0m = 72e7a29f4976a9518290c1d194052d8dae5d479b9b25375c525dbeb6e0531331 
[0;36mDEBUG[0m[2026-03-16 10:14:11.851]   received shard header from network in block tracker [0;36mshard[0m = 0 [0;36mepoch[0m = 0 [0;36mround[0m = 1002 [0;36mnonce[0m = 995 [0;36mhash[0m = 9c359f5f400fea257665f5f606a8586ee622edb14c321a76d7b06a8d3f3ed534 
[0;36mDEBUG[0m[2026-03-16 10:14:11.851]   received shard header from network in block tracker [0;36mshard[0m = 0 [0;36mepoch[0m = 0 [0;36mround[0m = 1003 [0;36mnonce[0m = 996 [0;36mhash[0m = 64207f039b5a2825d999885b37cfef6943c1ab9e15d91f87339d95bc5685d2aa 
[0;36mDEBUG[0m[2026-03-16 10:14:11.851]   received shard header from network in block tracker [0;36mshard[0m = 0 [0;36mepoch[0m = 0 [0;36mround[0m = 1004 [0;36mnonce[0m = 997 [0;36mhash[0m = ecd4a9af9bdd88923250a41e5901d4140fdcb32d6c0d1dd807bbd5fb8fc4911a 
[0;36mDEBUG[0m[2026-03-16 10:14:11.851]   received shard header from network in block tracker [0;36mshard[0m = 0 [0;36mepoch[0m = 0 [0;36mround[0m = 1005 [0;36mnonce[0m = 998 [0;36mhash[0m = 59f58f8c6566b5db82c2b3505b2f78e5798bd0123b7288d54429ec57b9abc6da 
[0;36mDEBUG[0m[2026-03-16 10:14:11.851]   received shard header from network in block tracker [0;36mshard[0m = 0 [0;36mepoch[0m = 0 [0;36mround[0m = 17 [0;36mnonce[0m = 9 [0;36mhash[0m = ea94d72bf71229d56536d0178750b797361e123c4f37d218611eb7cbf35fba46 
[0;36mDEBUG[0m[2026-03-16 10:14:11.851]   received shard header from network in block tracker [0;36mshard[0m = 0 [0;36mepoch[0m = 0 [0;36mround[0m = 18 [0;36mnonce[0m = 10 [0;36mhash[0m = ed3015cdaa62deba3bd057f8df6bef203d706edfd160d6fb45bab2a17056c9de 
[0;36mDEBUG[0m[2026-03-16 10:14:11.851]   received shard header from network in block tracker [0;36mshard[0m = 0 [0;36mepoch[0m = 0 [0;36mround[0m = 19 [0;36mnonce[0m = 11 [0;36mhash[0m = e85ebc999b132765b7b3a9315787887988976b5e40af3610360e914be0ec5b87 
[0;36mDEBUG[0m[2026-03-16 10:14:11.851]   received shard header from network in block tracker [0;36mshard[0m = 0 [0;36mepoch[0m = 0 [0;36mround[0m = 20 [0;36mnonce[0m = 12 [0;36mhash[0m = 8208e5672ca016884635ae7a36eee7928fb27c29b192ae771394ac4bed9f33fa 
[0;36mDEBUG[0m[2026-03-16 10:14:11.851]   received shard header from network in block tracker [0;36mshard[0m = 0 [0;36mepoch[0m = 0 [0;36mround[0m = 21 [0;36mnonce[0m = 13 [0;36mhash[0m = f73cafa230a996d12b7d11e18da5283335779650d003efafaa13b4ae6a6b038b 
[0;36mDEBUG[0m[2026-03-16 10:14:11.851]   received shard header from network in block tracker [0;36mshard[0m = 0 [0;36mepoch[0m = 0 [0;36mround[0m = 22 [0;36mnonce[0m = 14 [0;36mhash[0m = 98e7269724bec9a4c4dc36a90151e77c7791f327ebea110f0de02248e41a17be 
[0;36mDEBUG[0m[2026-03-16 10:14:11.851]   received shard header from network in block tracker [0;36mshard[0m = 0 [0;36mepoch[0m = 0 [0;36mround[0m = 23 [0;36mnonce[0m = 15 [0;36mhash[0m = 7586bc7f1575ffc7846f02906986e7c1d50ab1503cc639631c4e88eaf34cb131 
[0;36mDEBUG[0m[2026-03-16 10:14:11.851]   received shard header from network in block tracker [0;36mshard[0m = 0 [0;36mepoch[0m = 0 [0;36mround[0m = 24 [0;36mnonce[0m = 16 [0;36mhash[0m = 445dd8888e173d79145c6c439de0cf9659c81f6967ac25d5c8f02340f08cb05c 
[0;36mDEBUG[0m[2026-03-16 10:14:11.851]   received shard header from network in block tracker [0;36mshard[0m = 0 [0;36mepoch[0m = 0 [0;36mround[0m = 25 [0;36mnonce[0m = 17 [0;36mhash[0m = f862300661d8130c801cf3e6c0c8e3a6d1df0ca0adfe0613e0a5d872592dfee3 
[0;36mDEBUG[0m[2026-03-16 10:14:11.851]   received shard header from network in block tracker [0;36mshard[0m = 0 [0;36mepoch[0m = 0 [0;36mround[0m = 26 [0;36mnonce[0m = 18 [0;36mhash[0m = 6b0ce2930a5d9283cfd1f392e23f28a1cd7bcd093050b079fabc30d09df86f43 
[0;36mDEBUG[0m[2026-03-16 10:14:11.851]   received shard header from network in block tracker [0;36mshard[0m = 0 [0;36mepoch[0m = 0 [0;36mround[0m = 27 [0;36mnonce[0m = 19 [0;36mhash[0m = 7b321937c248b3f1fd9e9b685781c276982cd2f535c1b45a12c55908059fcde1 
[0;36mDEBUG[0m[2026-03-16 10:14:11.851]   received shard header from network in block tracker [0;36mshard[0m = 0 [0;36mepoch[0m = 0 [0;36mround[0m = 28 [0;36mnonce[0m = 20 [0;36mhash[0m = 40011be3b9686f38043775bb00d150b92a76291a9272c47a61c4a19b200fa040 
[0;36mDEBUG[0m[2026-03-16 10:14:11.851]   received shard header from network in block tracker [0;36mshard[0m = 0 [0;36mepoch[0m = 0 [0;36mround[0m = 29 [0;36mnonce[0m = 21 [0;36mhash[0m = b19d3f49936c70fc0105a7e8f6d8451505e100d336fe7fa29b0904713057808c 
[0;36mDEBUG[0m[2026-03-16 10:14:11.851]   received shard header from network in block tracker [0;36mshard[0m = 0 [0;36mepoch[0m = 0 [0;36mround[0m = 30 [0;36mnonce[0m = 22 [0;36mhash[0m = b06da904fd1cd627cc062ad79a77f7d5dfd8b1398e55dd33a0099332b08f39a5 
[0;36mDEBUG[0m[2026-03-16 10:14:11.851]   received shard header from network in block tracker [0;36mshard[0m = 0 [0;36mepoch[0m = 0 [0;36mround[0m = 31 [0;36mnonce[0m = 23 [0;36mhash[0m = fdb4821bf090ac33217fb46a0bd19cb380be8f9f629b079b7426bfc01750379c 
[0;36mDEBUG[0m[2026-03-16 10:14:11.851]   received shard header from network in block tracker [0;36mshard[0m = 0 [0;36mepoch[0m = 0 [0;36mround[0m = 32 [0;36mnonce[0m = 24 [0;36mhash[0m = 73e7b92a0722b4859605a99e98f94dff8b124f1da2d6e5ef0468db259db2876c 
[0;36mDEBUG[0m[2026-03-16 10:14:11.851]   received shard header from network in block tracker [0;36mshard[0m = 0 [0;36mepoch[0m = 0 [0;36mround[0m = 33 [0;36mnonce[0m = 25 [0;36mhash[0m = 09daa0b734074e98bf90df99e90ae756b8d3f6e6c69d49176dc1998d1183294a 
[0;36mDEBUG[0m[2026-03-16 10:14:11.851]   received shard header from network in block tracker [0;36mshard[0m = 0 [0;36mepoch[0m = 0 [0;36mround[0m = 34 [0;36mnonce[0m = 26 [0;36mhash[0m = 8a14471c6d5325599ca0c3a6e4eeeb4f528424e28e335108c97eb0e8d57e0eec 
[0;36mDEBUG[0m[2026-03-16 10:14:11.851]   received shard header from network in block tracker [0;36mshard[0m = 0 [0;36mepoch[0m = 0 [0;36mround[0m = 35 [0;36mnonce[0m = 27 [0;36mhash[0m = daed59feba04f8682a69a0b8bd90e064ac01211a8c6d7cd8d2a6e68a42487974 
[0;36mDEBUG[0m[2026-03-16 10:14:11.851]   received shard header from network in block tracker [0;36mshard[0m = 0 [0;36mepoch[0m = 0 [0;36mround[0m = 36 [0;36mnonce[0m = 28 [0;36mhash[0m = 8edc571479a66ba19a8299e75dc8cf2083438c36a78ac3694e854d7067c7e499 
[0;36mDEBUG[0m[2026-03-16 10:14:11.851]   received shard header from network in block tracker [0;36mshard[0m = 0 [0;36mepoch[0m = 0 [0;36mround[0m = 37 [0;36mnonce[0m = 29 [0;36mhash[0m = b2f32d493b9e41c9ec5f6ca73e404b97405020ae6a8edaac5bf2c94c9d628a6c 
[0;36mDEBUG[0m[2026-03-16 10:14:11.851]   received shard header from network in block tracker [0;36mshard[0m = 0 [0;36mepoch[0m = 0 [0;36mround[0m = 38 [0;36mnonce[0m = 30 [0;36mhash[0m = 7047b9f45076fbbe4abf40a789200ea0a5ce84188496bda9924fc777f8a6b590 
[0;36mDEBUG[0m[2026-03-16 10:14:11.851]   received shard header from network in block tracker [0;36mshard[0m = 0 [0;36mepoch[0m = 0 [0;36mround[0m = 39 [0;36mnonce[0m = 31 [0;36mhash[0m = bec19de3803f82a28bb83917cc737aa1123161c38cbf8c848071e49299d0ef22 
[0;36mDEBUG[0m[2026-03-16 10:14:11.851]   received shard header from network in block tracker [0;36mshard[0m = 0 [0;36mepoch[0m = 0 [0;36mround[0m = 40 [0;36mnonce[0m = 32 [0;36mhash[0m = 472fa4a7bbce7c55e6aa8681727650427c50fd2f05f1e7bebdd5038bb927fa88 
[0;36mDEBUG[0m[2026-03-16 10:14:11.851]   received shard header from network in block tracker [0;36mshard[0m = 0 [0;36mepoch[0m = 0 [0;36mround[0m = 41 [0;36mnonce[0m = 33 [0;36mhash[0m = 0bcf75eeca6fd4e537500282731113da1d2809868352a0a521b7d10bcd02bcf2 
[0;36mDEBUG[0m[2026-03-16 10:14:11.851]   received shard header from network in block tracker [0;36mshard[0m = 0 [0;36mepoch[0m = 0 [0;36mround[0m = 42 [0;36mnonce[0m = 34 [0;36mhash[0m = 065f67d009ac6c6ebe3706755c6b296edb5286ad8fa5c1eed3c029728b94aaf3 
[0;36mDEBUG[0m[2026-03-16 10:14:11.851]   received shard header from network in block tracker [0;36mshard[0m = 0 [0;36mepoch[0m = 0 [0;36mround[0m = 43 [0;36mnonce[0m = 35 [0;36mhash[0m = a9efc3ed8d850c0e57010055e36343ef0f7c41478d15330decc1c2a21e41c65a 
[0;36mDEBUG[0m[2026-03-16 10:14:11.851]   received shard header from network in block tracker [0;36mshard[0m = 0 [0;36mepoch[0m = 0 [0;36mround[0m = 44 [0;36mnonce[0m = 36 [0;36mhash[0m = 7d61780f0ae9c32054ed0668e9297a977dc7a4569435e2a82e6e182e59e9f6ec 
[0;36mDEBUG[0m[2026-03-16 10:14:11.851]   received shard header from network in block tracker [0;36mshard[0m = 0 [0;36mepoch[0m = 0 [0;36mround[0m = 45 [0;36mnonce[0m = 37 [0;36mhash[0m = b783e8c13ebe587ccff228428804d38c22538eb14104e80a908a44dfbc2b3392 
[0;36mDEBUG[0m[2026-03-16 10:14:11.851]   received shard header from network in block tracker [0;36mshard[0m = 0 [0;36mepoch[0m = 0 [0;36mround[0m = 46 [0;36mnonce[0m = 38 [0;36mhash[0m = 7760ad04198281130f40a61019ce954b0e2b9ed5df7c43d8869e4a8fc0d2bf3a 
[0;36mDEBUG[0m[2026-03-16 10:14:11.851]   received shard header from network in block tracker [0;36mshard[0m = 0 [0;36mepoch[0m = 0 [0;36mround[0m = 47 [0;36mnonce[0m = 39 [0;36mhash[0m = 98eb489349ec8f22c08653caf2dfae54502cdca92450c508f5763abf48100a83 
[0;36mDEBUG[0m[2026-03-16 10:14:11.851]   received shard header from network in block tracker [0;36mshard[0m = 0 [0;36mepoch[0m = 0 [0;36mround[0m = 48 [0;36mnonce[0m = 40 [0;36mhash[0m = 34a19a6caee93407e6e6436f0a46d14a8c6c77e10f5bea2a4331de1c10159fa6 
[0;36mDEBUG[0m[2026-03-16 10:14:11.851]   received shard header from network in block tracker [0;36mshard[0m = 0 [0;36mepoch[0m = 0 [0;36mround[0m = 49 [0;36mnonce[0m = 41 [0;36mhash[0m = f7d93507d775f9063b6378c1a10a31be267824a6e94201a96d30708ec71f7964 
[0;36mDEBUG[0m[2026-03-16 10:14:11.851]   received shard header from network in block tracker [0;36mshard[0m = 0 [0;36mepoch[0m = 0 [0;36mround[0m = 50 [0;36mnonce[0m = 42 [0;36mhash[0m = 90d146093f1bfbf25f7b33f2f8b4fbbbe0cdf97d66084001954a8291fa62e05f 
[0;36mDEBUG[0m[2026-03-16 10:14:11.851]   received shard header from network in block tracker [0;36mshard[0m = 0 [0;36mepoch[0m = 0 [0;36mround[0m = 51 [0;36mnonce[0m = 43 [0;36mhash[0m = 71b6737fdb0853f8303b5e33d0fd373ee6b0258d53f8977e154b918cc1a9e300 
[0;36mDEBUG[0m[2026-03-16 10:14:11.851]   received shard header from network in block tracker [0;36mshard[0m = 0 [0;36mepoch[0m = 0 [0;36mround[0m = 52 [0;36mnonce[0m = 44 [0;36mhash[0m = 412e36bdef729346608af258f1649520fa6f2aaa82da39a0bf8e6a42964e2549 
[0;36mDEBUG[0m[2026-03-16 10:14:11.851]   received shard header from network in block tracker [0;36mshard[0m = 0 [0;36mepoch[0m = 0 [0;36mround[0m = 53 [0;36mnonce[0m = 45 [0;36mhash[0m = e0dcac40da0f453a6c9fb1d01335a361c9d5eb3df309db9172daa495712c0cf4 
[0;36mDEBUG[0m[2026-03-16 10:14:11.851]   received shard header from network in block tracker [0;36mshard[0m = 0 [0;36mepoch[0m = 0 [0;36mround[0m = 54 [0;36mnonce[0m = 46 [0;36mhash[0m = 958c5d6887952b1d43b0b1df140b3b1c15938168e8a8b8130091a7e7fb58f8c9 
[0;36mDEBUG[0m[2026-03-16 10:14:11.851]   received shard header from network in block tracker [0;36mshard[0m = 0 [0;36mepoch[0m = 0 [0;36mround[0m = 55 [0;36mnonce[0m = 47 [0;36mhash[0m = d5cb88d8e97df9619c481dccf50a921fcd8986c667de754ccd82102a6a94a468 
[0;36mDEBUG[0m[2026-03-16 10:14:11.851]   received shard header from network in block tracker [0;36mshard[0m = 0 [0;36mepoch[0m = 0 [0;36mround[0m = 56 [0;36mnonce[0m = 48 [0;36mhash[0m = 6f351ae25f2ea5480eb861ce003fb199ac256b7d0ebe0011f4607dbf3c45d1b2 
[0;36mDEBUG[0m[2026-03-16 10:14:11.851]   received shard header from network in block tracker [0;36mshard[0m = 0 [0;36mepoch[0m = 0 [0;36mround[0m = 57 [0;36mnonce[0m = 49 [0;36mhash[0m = ddb2fe54df6510da7051f2349d7d0b383c037531ecf2dd06c21c23b40e77e1bb 
[0;36mDEBUG[0m[2026-03-16 10:14:11.851]   received shard header from network in block tracker [0;36mshard[0m = 0 [0;36mepoch[0m = 0 [0;36mround[0m = 58 [0;36mnonce[0m = 50 [0;36mhash[0m = 896a4edaaec82bbafff7439674706f3715a59f9c2268672f81ce1ce5b43c15c7 
[0;36mDEBUG[0m[2026-03-16 10:14:11.852]   received shard header from network in block tracker [0;36mshard[0m = 0 [0;36mepoch[0m = 0 [0;36mround[0m = 59 [0;36mnonce[0m = 51 [0;36mhash[0m = 8646880b98e9c77e9e41dbdd1180e346021c5a97280c1edcdfcfd42d4825e0da 
[0;36mDEBUG[0m[2026-03-16 10:14:11.852]   received shard header from network in block tracker [0;36mshard[0m = 0 [0;36mepoch[0m = 0 [0;36mround[0m = 60 [0;36mnonce[0m = 52 [0;36mhash[0m = cb8886ecd189cdff0a1a0ddeb489b5c2237125dd656bc6fed2ded9ad02a1aac2 
[0;36mDEBUG[0m[2026-03-16 10:14:11.852]   received shard header from network in block tracker [0;36mshard[0m = 0 [0;36mepoch[0m = 0 [0;36mround[0m = 61 [0;36mnonce[0m = 53 [0;36mhash[0m = 4cc097bd7905ea08cb5967b76da6f71f487ebdd6c5d033dd7fcde724c37a5e42 
[0;36mDEBUG[0m[2026-03-16 10:14:11.852]   received shard header from network in block tracker [0;36mshard[0m = 0 [0;36mepoch[0m = 0 [0;36mround[0m = 62 [0;36mnonce[0m = 54 [0;36mhash[0m = 4b86783f5a49f304dec25480c6eb9a3c159d7333bf412a03485ca484aee36676 
[0;36mDEBUG[0m[2026-03-16 10:14:11.852]   received shard header from network in block tracker [0;36mshard[0m = 0 [0;36mepoch[0m = 0 [0;36mround[0m = 63 [0;36mnonce[0m = 55 [0;36mhash[0m = c642e7bde152f9a4c3a59683686250fa4abb8a39d11e7971c4661c86b21381c5 
[0;36mDEBUG[0m[2026-03-16 10:14:11.852]   received shard header from network in block tracker [0;36mshard[0m = 0 [0;36mepoch[0m = 0 [0;36mround[0m = 64 [0;36mnonce[0m = 56 [0;36mhash[0m = 735d673c0c5ac27e7dd1dc4ba2791148aa5f883ed9f0a614d29fda5a810285e9 
[0;36mDEBUG[0m[2026-03-16 10:14:11.852]   received shard header from network in block tracker [0;36mshard[0m = 0 [0;36mepoch[0m = 0 [0;36mround[0m = 65 [0;36mnonce[0m = 57 [0;36mhash[0m = a696cabdbb2859e12149a14288c831418f77ae7ca1eb0e7b1afde19e5b14f3b7 
[0;36mDEBUG[0m[2026-03-16 10:14:11.852]   received shard header from network in block tracker [0;36mshard[0m = 0 [0;36mepoch[0m = 0 [0;36mround[0m = 66 [0;36mnonce[0m = 58 [0;36mhash[0m = 91409d3ac3584ec09cd2211114646030418d15b8ed4b9fa5f5daa6ae64dab766 
[0;36mDEBUG[0m[2026-03-16 10:14:11.852]   received shard header from network in block tracker [0;36mshard[0m = 0 [0;36mepoch[0m = 0 [0;36mround[0m = 67 [0;36mnonce[0m = 59 [0;36mhash[0m = 984de98e8384caf7d10c83baa2cde640e057403d5f1100e5b05505f9bf0c04e1 
[0;36mDEBUG[0m[2026-03-16 10:14:11.852]   received shard header from network in block tracker [0;36mshard[0m = 0 [0;36mepoch[0m = 0 [0;36mround[0m = 68 [0;36mnonce[0m = 60 [0;36mhash[0m = 261494951c83890437db1bbb1a92000416ac5c8f259f92b12637c7fc232a3d35 
[0;36mDEBUG[0m[2026-03-16 10:14:11.852]   received shard header from network in block tracker [0;36mshard[0m = 0 [0;36mepoch[0m = 0 [0;36mround[0m = 69 [0;36mnonce[0m = 61 [0;36mhash[0m = b253f171e001c9bed5c6f09c9154656e14ca9d612702e15901169924d51213c6 
[0;36mDEBUG[0m[2026-03-16 10:14:11.852]   received shard header from network in block tracker [0;36mshard[0m = 0 [0;36mepoch[0m = 0 [0;36mround[0m = 70 [0;36mnonce[0m = 62 [0;36mhash[0m = 9ca8b7cf16db99f3f9d5cc8bea47c78d65c81debc027b703fb86483a28853c7a 
[0;36mDEBUG[0m[2026-03-16 10:14:11.852]   received shard header from network in block tracker [0;36mshard[0m = 0 [0;36mepoch[0m = 0 [0;36mround[0m = 71 [0;36mnonce[0m = 63 [0;36mhash[0m = f0960907d97bf557a60168cebf776d699d6418533f2606db1a09e57e88fe0494 
[0;36mDEBUG[0m[2026-03-16 10:14:11.852]   received shard header from network in block tracker [0;36mshard[0m = 0 [0;36mepoch[0m = 0 [0;36mround[0m = 72 [0;36mnonce[0m = 64 [0;36mhash[0m = ee9c8baff04bddb51588f996475067b7191df183c537ac32e4dd00ab65aeb658 
[0;36mDEBUG[0m[2026-03-16 10:14:11.852]   received shard header from network in block tracker [0;36mshard[0m = 0 [0;36mepoch[0m = 0 [0;36mround[0m = 73 [0;36mnonce[0m = 65 [0;36mhash[0m = 402f398ae4dbd0fbd7ddda1f808738637ab834cb4ba69f1b790d19acfad35313 
[0;36mDEBUG[0m[2026-03-16 10:14:11.852]   received shard header from network in block tracker [0;36mshard[0m = 0 [0;36mepoch[0m = 0 [0;36mround[0m = 74 [0;36mnonce[0m = 66 [0;36mhash[0m = 461c00a534bc466fa7164ca9b8c4181d26c2b5ab708fb17cd47163b6c867929e 
[0;36mDEBUG[0m[2026-03-16 10:14:11.852]   received shard header from network in block tracker [0;36mshard[0m = 0 [0;36mepoch[0m = 0 [0;36mround[0m = 75 [0;36mnonce[0m = 67 [0;36mhash[0m = 54ddfc96d02520840c8aa0d04319641580057ab6fd49898d6ba2cba8a1cef468 
[0;36mDEBUG[0m[2026-03-16 10:14:11.852]   received shard header from network in block tracker [0;36mshard[0m = 0 [0;36mepoch[0m = 0 [0;36mround[0m = 76 [0;36mnonce[0m = 68 [0;36mhash[0m = 0fed1597d0e7125d74d1eeb50657094c4c2da485cb6c0cbe1b5637c222fa5edb 
[0;36mDEBUG[0m[2026-03-16 10:14:11.852]   received shard header from network in block tracker [0;36mshard[0m = 0 [0;36mepoch[0m = 0 [0;36mround[0m = 77 [0;36mnonce[0m = 69 [0;36mhash[0m = 6fd4df527f265682044c62a2e563ff2d27e279277d9ba341e1cdb1093b507daf 
[0;36mDEBUG[0m[2026-03-16 10:14:11.852]   received shard header from network in block tracker [0;36mshard[0m = 0 [0;36mepoch[0m = 0 [0;36mround[0m = 78 [0;36mnonce[0m = 70 [0;36mhash[0m = 3dc039dd294f45782bf8c995a4a21da2a84a5b7fbfddf7977ac2606ee701e42c 
[0;36mDEBUG[0m[2026-03-16 10:14:11.852]   received shard header from network in block tracker [0;36mshard[0m = 0 [0;36mepoch[0m = 0 [0;36mround[0m = 79 [0;36mnonce[0m = 71 [0;36mhash[0m = f1c1e7d9c3bc3ae4d79251b7716f23e8c8ece1cf65b929858beb435d489fad45 
[0;36mDEBUG[0m[2026-03-16 10:14:11.852]   received shard header from network in block tracker [0;36mshard[0m = 0 [0;36mepoch[0m = 0 [0;36mround[0m = 80 [0;36mnonce[0m = 72 [0;36mhash[0m = abd70a21fd33258be2f3adabaa252cf9e3850da396bc6653db789af923a4244e 
[0;36mDEBUG[0m[2026-03-16 10:14:11.852]   received shard header from network in block tracker [0;36mshard[0m = 0 [0;36mepoch[0m = 0 [0;36mround[0m = 81 [0;36mnonce[0m = 73 [0;36mhash[0m = 16bc42c3ade2c42969063d10e367793d7d2229299151acbe0806988a5a2c516e 
[0;36mDEBUG[0m[2026-03-16 10:14:11.852]   received shard header from network in block tracker [0;36mshard[0m = 0 [0;36mepoch[0m = 0 [0;36mround[0m = 82 [0;36mnonce[0m = 74 [0;36mhash[0m = b06f5278e67e6161950cd753307939a27161217ed8ae3078350b52579126c6cf 
[0;36mDEBUG[0m[2026-03-16 10:14:11.852]   received shard header from network in block tracker [0;36mshard[0m = 0 [0;36mepoch[0m = 0 [0;36mround[0m = 83 [0;36mnonce[0m = 75 [0;36mhash[0m = a8c3620f99c705ce9dff1202f1e6b0075134cdcf447523f09a1989d6794448ee 
[0;36mDEBUG[0m[2026-03-16 10:14:11.852]   received shard header from network in block tracker [0;36mshard[0m = 0 [0;36mepoch[0m = 0 [0;36mround[0m = 84 [0;36mnonce[0m = 76 [0;36mhash[0m = 8f5a2703a5cd00c35127d66436d1a8cdfbe068dce182b5cf378352ef583c3d74 
[0;36mDEBUG[0m[2026-03-16 10:14:11.852]   received shard header from network in block tracker [0;36mshard[0m = 0 [0;36mepoch[0m = 0 [0;36mround[0m = 85 [0;36mnonce[0m = 77 [0;36mhash[0m = f425486e691eddf3d89416070fd40ad0205df46c712b7104d726b3779d9e3b9d 
[0;36mDEBUG[0m[2026-03-16 10:14:11.852]   received shard header from network in block tracker [0;36mshard[0m = 0 [0;36mepoch[0m = 0 [0;36mround[0m = 86 [0;36mnonce[0m = 78 [0;36mhash[0m = cfb83d8f215649f2ba6e94ab0b8d84a9d34524e23cd4a461a67b0c61768b701a 
[0;36mDEBUG[0m[2026-03-16 10:14:11.852]   received shard header from network in block tracker [0;36mshard[0m = 0 [0;36mepoch[0m = 0 [0;36mround[0m = 87 [0;36mnonce[0m = 79 [0;36mhash[0m = a11e05e04282776bf18fe457384944861b5f5584b244c848a1e1a2b8e9a12638 
[0;36mDEBUG[0m[2026-03-16 10:14:11.852]   received shard header from network in block tracker [0;36mshard[0m = 0 [0;36mepoch[0m = 0 [0;36mround[0m = 88 [0;36mnonce[0m = 80 [0;36mhash[0m = 76887f285a02f53cc57dda8d91d6ba7eadd6b03ba6157cd14ebf16bd99bdde64 
[0;36mDEBUG[0m[2026-03-16 10:14:11.852]   received shard header from network in block tracker [0;36mshard[0m = 0 [0;36mepoch[0m = 0 [0;36mround[0m = 89 [0;36mnonce[0m = 81 [0;36mhash[0m = 1074323a49a67d3edacdecd52fd0ef9014076971afb1b650c8b718ee20b66fe8 
[0;36mDEBUG[0m[2026-03-16 10:14:11.852]   received shard header from network in block tracker [0;36mshard[0m = 0 [0;36mepoch[0m = 0 [0;36mround[0m = 90 [0;36mnonce[0m = 82 [0;36mhash[0m = 56dfb82b06e82dc90c096887e164398dd08d55a7ab0f062fc204aac626f713ee 
[0;36mDEBUG[0m[2026-03-16 10:14:11.852]   received shard header from network in block tracker [0;36mshard[0m = 0 [0;36mepoch[0m = 0 [0;36mround[0m = 91 [0;36mnonce[0m = 83 [0;36mhash[0m = 9307d7412c2c62cb24c0616bf2e39ec2a78963b3ba53540ffe18464c217ec59c 
[0;36mDEBUG[0m[2026-03-16 10:14:11.852]   received shard header from network in block tracker [0;36mshard[0m = 0 [0;36mepoch[0m = 0 [0;36mround[0m = 92 [0;36mnonce[0m = 84 [0;36mhash[0m = 7d1cb8fb776cecbcaf4247af768d85811f195cb0315b577249622ab5622d23b1 
[0;36mDEBUG[0m[2026-03-16 10:14:11.852]   received shard header from network in block tracker [0;36mshard[0m = 0 [0;36mepoch[0m = 0 [0;36mround[0m = 93 [0;36mnonce[0m = 85 [0;36mhash[0m = ce150f1f7111a860ee065f65ebb9c23563c356e3918a78c1153cd1f597ea823f 
[0;36mDEBUG[0m[2026-03-16 10:14:11.852]   received shard header from network in block tracker [0;36mshard[0m = 0 [0;36mepoch[0m = 0 [0;36mround[0m = 94 [0;36mnonce[0m = 86 [0;36mhash[0m = 863ef0d31211904166fdb93a20dd02a57fd9683b38c3cdf7f0603a437f65250f 
[0;36mDEBUG[0m[2026-03-16 10:14:11.852]   received shard header from network in block tracker [0;36mshard[0m = 0 [0;36mepoch[0m = 0 [0;36mround[0m = 95 [0;36mnonce[0m = 87 [0;36mhash[0m = f852afc4c6dc0734d18bc968701cee737357bc13285bdcff689572b52ffb2442 
[0;36mDEBUG[0m[2026-03-16 10:14:11.852]   received shard header from network in block tracker [0;36mshard[0m = 0 [0;36mepoch[0m = 0 [0;36mround[0m = 96 [0;36mnonce[0m = 88 [0;36mhash[0m = cf3b07a8526af0f540ed72b883e6ab26e760969c3281722dae9b02bd6cc827e8 
[0;36mDEBUG[0m[2026-03-16 10:14:11.852]   received shard header from network in block tracker [0;36mshard[0m = 0 [0;36mepoch[0m = 0 [0;36mround[0m = 97 [0;36mnonce[0m = 89 [0;36mhash[0m = 793a730583c637ac7dde9a1e8ad3c39795db753ad1d7274cf492be8456092ba2 
[0;36mDEBUG[0m[2026-03-16 10:14:11.852]   received shard header from network in block tracker [0;36mshard[0m = 0 [0;36mepoch[0m = 0 [0;36mround[0m = 98 [0;36mnonce[0m = 90 [0;36mhash[0m = 069d39213e6b631c931847e9636d2e9759916bbce48795f18258951301af84ee 
[0;36mDEBUG[0m[2026-03-16 10:14:11.852]   received shard header from network in block tracker [0;36mshard[0m = 0 [0;36mepoch[0m = 0 [0;36mround[0m = 99 [0;36mnonce[0m = 91 [0;36mhash[0m = ff355919f2621bae9910478da042168435d01a39fc946d0d3d467ee7d591bdd7 
[0;36mDEBUG[0m[2026-03-16 10:14:11.852]   received shard header from network in block tracker [0;36mshard[0m = 0 [0;36mepoch[0m = 0 [0;36mround[0m = 100 [0;36mnonce[0m = 92 [0;36mhash[0m = 55f02443774cd0f63eb7e18bc662f8773fcf758e6cac0a5ed1b02393e475ddef 
[0;36mDEBUG[0m[2026-03-16 10:14:11.852]   received shard header from network in block tracker [0;36mshard[0m = 0 [0;36mepoch[0m = 0 [0;36mround[0m = 101 [0;36mnonce[0m = 93 [0;36mhash[0m = 9e8fc5da75122a0b41f07ca9fcf8abb1d8c5e477d901fe9596bd7da573c6ca8f 
[0;36mDEBUG[0m[2026-03-16 10:14:11.852]   received shard header from network in block tracker [0;36mshard[0m = 0 [0;36mepoch[0m = 0 [0;36mround[0m = 102 [0;36mnonce[0m = 94 [0;36mhash[0m = 6c70f1a0db3bb5e48c2a066e508eddc2271bc5a22682e3d2fff6da9694f57f64 
[0;36mDEBUG[0m[2026-03-16 10:14:11.852]   received shard header from network in block tracker [0;36mshard[0m = 0 [0;36mepoch[0m = 0 [0;36mround[0m = 103 [0;36mnonce[0m = 95 [0;36mhash[0m = 63fd19314fd93efcb70a875b45bf8e247760a77c2664429d38cc09c625a7a477 
[0;36mDEBUG[0m[2026-03-16 10:14:11.852]   received shard header from network in block tracker [0;36mshard[0m = 0 [0;36mepoch[0m = 0 [0;36mround[0m = 104 [0;36mnonce[0m = 96 [0;36mhash[0m = 33cf492393d0b59fc31d9580a6246f195dc1d55f41e4bfd0bd8e1a4d27aee6b4 
[0;36mDEBUG[0m[2026-03-16 10:14:11.852]   received shard header from network in block tracker [0;36mshard[0m = 0 [0;36mepoch[0m = 0 [0;36mround[0m = 105 [0;36mnonce[0m = 97 [0;36mhash[0m = 467d055c1a884b4a0adb18f297b3e086de66f9f0547c660056a7c80b97850521 
[0;36mDEBUG[0m[2026-03-16 10:14:11.852]   received shard header from network in block tracker [0;36mshard[0m = 0 [0;36mepoch[0m = 0 [0;36mround[0m = 106 [0;36mnonce[0m = 98 [0;36mhash[0m = 27e59cfb46fb1d6b4dda595ac2f66534cf8936f9e5e29071121c47cfbf5e3296 
[0;36mDEBUG[0m[2026-03-16 10:14:11.852]   received shard header from network in block tracker [0;36mshard[0m = 0 [0;36mepoch[0m = 0 [0;36mround[0m = 107 [0;36mnonce[0m = 99 [0;36mhash[0m = 02210e3dfd791a53a96ba0af4d79e9a509e9672dc490f0f8905d9fb97c58ef9d 
[0;36mDEBUG[0m[2026-03-16 10:14:11.852]   received shard header from network in block tracker [0;36mshard[0m = 0 [0;36mepoch[0m = 0 [0;36mround[0m = 108 [0;36mnonce[0m = 100 [0;36mhash[0m = e7bcb7c91cd2ce680ba4425d673a332616c9a59753973cac6f85b0006630a9d1 
[0;36mDEBUG[0m[2026-03-16 10:14:11.852]   received shard header from network in block tracker [0;36mshard[0m = 0 [0;36mepoch[0m = 0 [0;36mround[0m = 109 [0;36mnonce[0m = 101 [0;36mhash[0m = cffea469e30bd82f933c1570887f6e158f0a3c90884ea0f9d071f0980208858a 
[0;36mDEBUG[0m[2026-03-16 10:14:11.852]   received shard header from network in block tracker [0;36mshard[0m = 0 [0;36mepoch[0m = 0 [0;36mround[0m = 110 [0;36mnonce[0m = 102 [0;36mhash[0m = f8fd4403521d069b9f784775fab99328adaf6b8a5f17bf944a884ef0629662ae 
[0;36mDEBUG[0m[2026-03-16 10:14:11.852]   received shard header from network in block tracker [0;36mshard[0m = 0 [0;36mepoch[0m = 0 [0;36mround[0m = 111 [0;36mnonce[0m = 103 [0;36mhash[0m = d8d6f924d701f1c5e20672f910c2c6df125f5ed5e99db9988e19ebeb82d4ad47 
[0;36mDEBUG[0m[2026-03-16 10:14:11.852]   received shard header from network in block tracker [0;36mshard[0m = 0 [0;36mepoch[0m = 0 [0;36mround[0m = 112 [0;36mnonce[0m = 104 [0;36mhash[0m = 8777722c1728aa75e4c77ae498d507d95caa971694b434e037b6c33e2c1ea5f6 
[0;36mDEBUG[0m[2026-03-16 10:14:11.852]   received shard header from network in block tracker [0;36mshard[0m = 0 [0;36mepoch[0m = 0 [0;36mround[0m = 113 [0;36mnonce[0m = 105 [0;36mhash[0m = f4e9c495a91d19a4c11a411bf4a58c4a1a390ff0cb03bf3563eb27204bd19a04 
[0;36mDEBUG[0m[2026-03-16 10:14:11.852]   received shard header from network in block tracker [0;36mshard[0m = 0 [0;36mepoch[0m = 0 [0;36mround[0m = 114 [0;36mnonce[0m = 106 [0;36mhash[0m = ee7a84d76c211d5504470d7a31eb137a610f996feb80e690d5ffcb51098f57f0 
[0;36mDEBUG[0m[2026-03-16 10:14:11.852]   received shard header from network in block tracker [0;36mshard[0m = 0 [0;36mepoch[0m = 0 [0;36mround[0m = 115 [0;36mnonce[0m = 107 [0;36mhash[0m = bfcb0f4f8cd40a44fea21916dbfe58462943851ed96f5871787bfe78aee9bd7b 
[0;36mDEBUG[0m[2026-03-16 10:14:11.852]   received shard header from network in block tracker [0;36mshard[0m = 0 [0;36mepoch[0m = 0 [0;36mround[0m = 116 [0;36mnonce[0m = 108 [0;36mhash[0m = f541cf75d6f55728079bbb808bec2bee753d10bfe8952abd456d459820e86eed 
[0;36mDEBUG[0m[2026-03-16 10:14:11.852]   received shard header from network in block tracker [0;36mshard[0m = 0 [0;36mepoch[0m = 0 [0;36mround[0m = 117 [0;36mnonce[0m = 109 [0;36mhash[0m = 069b4f8c800b7d871a46c24eb8d1739d733e2b53e85e3f0f6c531014a8800cac 
[0;36mDEBUG[0m[2026-03-16 10:14:11.852]   received shard header from network in block tracker [0;36mshard[0m = 0 [0;36mepoch[0m = 0 [0;36mround[0m = 118 [0;36mnonce[0m = 110 [0;36mhash[0m = 24b3a645fd8146d1784c9ed0d667a0bc5b37d856fdb2a803db668e2569aae9e8 
[0;36mDEBUG[0m[2026-03-16 10:14:11.852]   received shard header from network in block tracker [0;36mshard[0m = 0 [0;36mepoch[0m = 0 [0;36mround[0m = 119 [0;36mnonce[0m = 111 [0;36mhash[0m = 706db54b064721d11872f1d825daa610cb504000f85e52ebc05edf62e6c70d19 
[0;36mDEBUG[0m[2026-03-16 10:14:11.852]   received shard header from network in block tracker [0;36mshard[0m = 0 [0;36mepoch[0m = 0 [0;36mround[0m = 120 [0;36mnonce[0m = 112 [0;36mhash[0m = 5db5144c3caa92a92d3b8860f2ca964168ed55e8c301c359bcf5d4e534acc7fb 
[0;36mDEBUG[0m[2026-03-16 10:14:11.852]   received shard header from network in block tracker [0;36mshard[0m = 0 [0;36mepoch[0m = 0 [0;36mround[0m = 121 [0;36mnonce[0m = 113 [0;36mhash[0m = 70aecb1ba65a8e4d0bf2d03c568cac06d1ae7f8eb877fb944894013c0fee679d 
[0;36mDEBUG[0m[2026-03-16 10:14:11.852]   received shard header from network in block tracker [0;36mshard[0m = 0 [0;36mepoch[0m = 0 [0;36mround[0m = 122 [0;36mnonce[0m = 114 [0;36mhash[0m = 16d73662a704b43ac1797e6698d2a428112d7a25642bda804c6dee897188f9bd 
[0;36mDEBUG[0m[2026-03-16 10:14:11.852]   received shard header from network in block tracker [0;36mshard[0m = 0 [0;36mepoch[0m = 0 [0;36mround[0m = 123 [0;36mnonce[0m = 115 [0;36mhash[0m = 6ee244560fad2e0a61150dcd146fa429ef8ea89b86b6f37c2354fd72cdce819c 
[0;36mDEBUG[0m[2026-03-16 10:14:11.852]   received shard header from network in block tracker [0;36mshard[0m = 0 [0;36mepoch[0m = 0 [0;36mround[0m = 124 [0;36mnonce[0m = 116 [0;36mhash[0m = 8a459231c6f7a15dc665fe8f34f04370a41a6fff74b85d3cee43f949d7e02644 
[0;36mDEBUG[0m[2026-03-16 10:14:11.852]   received shard header from network in block tracker [0;36mshard[0m = 0 [0;36mepoch[0m = 0 [0;36mround[0m = 125 [0;36mnonce[0m = 117 [0;36mhash[0m = 1070de026e4a3bd51d0e3126581b99c3019522a454e116ae5dbf97f1afc1ecf8 
[0;36mDEBUG[0m[2026-03-16 10:14:11.852]   received shard header from network in block tracker [0;36mshard[0m = 0 [0;36mepoch[0m = 0 [0;36mround[0m = 126 [0;36mnonce[0m = 118 [0;36mhash[0m = ee0e74e7afa000966283e996a53930d6e0e7d055c305ee67a5a685ba3c8242cb 
[0;36mDEBUG[0m[2026-03-16 10:14:11.852]   received shard header from network in block tracker [0;36mshard[0m = 0 [0;36mepoch[0m = 0 [0;36mround[0m = 127 [0;36mnonce[0m = 119 [0;36mhash[0m = f0383a6be1a2fd02638c2e086d664bc5ef09a5d2d83d5961703d3b5e51418846 
[0;36mDEBUG[0m[2026-03-16 10:14:11.852]   received shard header from network in block tracker [0;36mshard[0m = 0 [0;36mepoch[0m = 0 [0;36mround[0m = 128 [0;36mnonce[0m = 120 [0;36mhash[0m = 870a3c79588fc7089e2e4f6b13905041d9cb2c5c5aa19758dc8ff58c1bb76a7c 
[0;36mDEBUG[0m[2026-03-16 10:14:11.852]   received shard header from network in block tracker [0;36mshard[0m = 0 [0;36mepoch[0m = 0 [0;36mround[0m = 129 [0;36mnonce[0m = 121 [0;36mhash[0m = 645b857b2f8b44dc837a130a9ab3a63f03446137fa932bddf920fd71484cc15a 
[0;36mDEBUG[0m[2026-03-16 10:14:11.852]   received shard header from network in block tracker [0;36mshard[0m = 0 [0;36mepoch[0m = 0 [0;36mround[0m = 130 [0;36mnonce[0m = 122 [0;36mhash[0m = 400e7b7e4ec788c27505374b0be31e9d0e8fc54764e5adcafc21e619576442ed 
[0;36mDEBUG[0m[2026-03-16 10:14:11.852]   received shard header from network in block tracker [0;36mshard[0m = 0 [0;36mepoch[0m = 0 [0;36mround[0m = 131 [0;36mnonce[0m = 123 [0;36mhash[0m = 580e0537613bfb5287f5175100e2c33cfd1703720d9719ca30b9e3e6e9fc6ad2 
[0;36mDEBUG[0m[2026-03-16 10:14:11.852]   received shard header from network in block tracker [0;36mshard[0m = 0 [0;36mepoch[0m = 0 [0;36mround[0m = 132 [0;36mnonce[0m = 124 [0;36mhash[0m = 6d0a174ed74862b70faf6c7b8c4b8e1cca5130ceed0bfc4af42ee712e112ec61 
[0;36mDEBUG[0m[2026-03-16 10:14:11.852]   received shard header from network in block tracker [0;36mshard[0m = 0 [0;36mepoch[0m = 0 [0;36mround[0m = 133 [0;36mnonce[0m = 125 [0;36mhash[0m = 589c6afed266cc32a58c8ce5642d4e4f1a2bd4535e6cd7ae53665f398c9ef33f 
[0;36mDEBUG[0m[2026-03-16 10:14:11.852]   received shard header from network in block tracker [0;36mshard[0m = 0 [0;36mepoch[0m = 0 [0;36mround[0m = 134 [0;36mnonce[0m = 126 [0;36mhash[0m = c607f7bbb2864188566b876ff448dc9667aabf540b78264f281b0944c43258c8 
[0;36mDEBUG[0m[2026-03-16 10:14:11.852]   received shard header from network in block tracker [0;36mshard[0m = 0 [0;36mepoch[0m = 0 [0;36mround[0m = 135 [0;36mnonce[0m = 127 [0;36mhash[0m = 79dfb6be4b81e69a752493226151798c50359666386b5908389137c5e1fbc487 
[0;36mDEBUG[0m[2026-03-16 10:14:11.852]   received shard header from network in block tracker [0;36mshard[0m = 0 [0;36mepoch[0m = 0 [0;36mround[0m = 136 [0;36mnonce[0m = 128 [0;36mhash[0m = 4bc7ca9193323c3d91a013a4fc03bd40343a0e7f166b7888c9af85d99fbb87ef 
[0;36mDEBUG[0m[2026-03-16 10:14:11.852]   received shard header from network in block tracker [0;36mshard[0m = 0 [0;36mepoch[0m = 0 [0;36mround[0m = 137 [0;36mnonce[0m = 129 [0;36mhash[0m = d862aa9937950224cd76591da0f85c03fc23fe15d1ff583c9bb93d6125d53cb1 
[0;36mDEBUG[0m[2026-03-16 10:14:11.852]   received shard header from network in block tracker [0;36mshard[0m = 0 [0;36mepoch[0m = 0 [0;36mround[0m = 138 [0;36mnonce[0m = 130 [0;36mhash[0m = 14171815200abd514a0e3b0656a01bf44eee628ada5352d6806cbe504183bd0d 
[0;36mDEBUG[0m[2026-03-16 10:14:11.852]   received shard header from network in block tracker [0;36mshard[0m = 0 [0;36mepoch[0m = 0 [0;36mround[0m = 139 [0;36mnonce[0m = 131 [0;36mhash[0m = 403322ec2010058792a16a7f25a2f0e2bb9a867ff0d5be535bdb129c5be34b5c 
[0;36mDEBUG[0m[2026-03-16 10:14:11.852]   received shard header from network in block tracker [0;36mshard[0m = 0 [0;36mepoch[0m = 0 [0;36mround[0m = 140 [0;36mnonce[0m = 132 [0;36mhash[0m = 630fa0960769fde8f1823a9f313427d88e7a0b08020f91bf229522bcb218876a 
[0;36mDEBUG[0m[2026-03-16 10:14:11.852]   received shard header from network in block tracker [0;36mshard[0m = 0 [0;36mepoch[0m = 0 [0;36mround[0m = 141 [0;36mnonce[0m = 133 [0;36mhash[0m = c22a79c09f6a9de176c35dead8741c2c1a3269dccf9ad0a662f7e7a291b777b7 
[0;36mDEBUG[0m[2026-03-16 10:14:11.852]   received shard header from network in block tracker [0;36mshard[0m = 0 [0;36mepoch[0m = 0 [0;36mround[0m = 142 [0;36mnonce[0m = 134 [0;36mhash[0m = ed3e734a72ff0c7a87c7642e81d4cb8b16311dc7dec0d26b020f139b0800626f 
[0;36mDEBUG[0m[2026-03-16 10:14:11.852]   received shard header from network in block tracker [0;36mshard[0m = 0 [0;36mepoch[0m = 0 [0;36mround[0m = 143 [0;36mnonce[0m = 135 [0;36mhash[0m = caddf5fae55a78ebf3ff99dc6c5285dbc3b9767b3b48cd4b7fffe348704966ac 
[0;36mDEBUG[0m[2026-03-16 10:14:11.852]   received shard header from network in block tracker [0;36mshard[0m = 0 [0;36mepoch[0m = 0 [0;36mround[0m = 144 [0;36mnonce[0m = 136 [0;36mhash[0m = 7c1cae0867acf7f630959486a36c0375d021fa93620fa50a81385d97588d8b4c 
[0;36mDEBUG[0m[2026-03-16 10:14:11.852]   received shard header from network in block tracker [0;36mshard[0m = 0 [0;36mepoch[0m = 0 [0;36mround[0m = 145 [0;36mnonce[0m = 137 [0;36mhash[0m = abfb48a7fba3ae3240b03aabb59a631b8b49c62c0ae3e401f4a95aa7ad731783 
[0;36mDEBUG[0m[2026-03-16 10:14:11.852]   received shard header from network in block tracker [0;36mshard[0m = 0 [0;36mepoch[0m = 0 [0;36mround[0m = 146 [0;36mnonce[0m = 138 [0;36mhash[0m = 913cac8c9e4203fce9a534d4aed9c07d306fc39138b4aa34ac846317975a6d27 
[0;36mDEBUG[0m[2026-03-16 10:14:11.852]   received shard header from network in block tracker [0;36mshard[0m = 0 [0;36mepoch[0m = 0 [0;36mround[0m = 147 [0;36mnonce[0m = 139 [0;36mhash[0m = 8ff7591cd8098c5233f56e15644e87f525fe2e6d7e2f0860a7c894c10a7f669d 
[0;36mDEBUG[0m[2026-03-16 10:14:11.852]   received shard header from network in block tracker [0;36mshard[0m = 0 [0;36mepoch[0m = 0 [0;36mround[0m = 148 [0;36mnonce[0m = 140 [0;36mhash[0m = 9825219b2ec1b471e22dc6d5b8356e7001f23f3569e0c81b6ac0c05b30f0f273 
[0;36mDEBUG[0m[2026-03-16 10:14:11.852]   received shard header from network in block tracker [0;36mshard[0m = 0 [0;36mepoch[0m = 0 [0;36mround[0m = 149 [0;36mnonce[0m = 141 [0;36mhash[0m = ca230868b56f07b18f738decfa64cd1392c26eeba2c2992fc1b55e1131a76d37 
[0;36mDEBUG[0m[2026-03-16 10:14:11.852]   received shard header from network in block tracker [0;36mshard[0m = 0 [0;36mepoch[0m = 0 [0;36mround[0m = 150 [0;36mnonce[0m = 142 [0;36mhash[0m = dbaa4951db88a58de51166f3b3d5612eaa87fb1a32f4c8cf42c0913ef75a2fb0 
[0;36mDEBUG[0m[2026-03-16 10:14:11.852]   received shard header from network in block tracker [0;36mshard[0m = 0 [0;36mepoch[0m = 0 [0;36mround[0m = 151 [0;36mnonce[0m = 143 [0;36mhash[0m = 63ef923c27b6caea231f57e56a7a9175d7305fb65e9b6886b9391774beae097b 
[0;36mDEBUG[0m[2026-03-16 10:14:11.853]   received shard header from network in block tracker [0;36mshard[0m = 0 [0;36mepoch[0m = 0 [0;36mround[0m = 152 [0;36mnonce[0m = 144 [0;36mhash[0m = a0ae27801118db65fb34fda338c96f55fdf01f83ba3fee162e1fb7fa8c75bf13 
[0;36mDEBUG[0m[2026-03-16 10:14:11.853]   received shard header from network in block tracker [0;36mshard[0m = 0 [0;36mepoch[0m = 0 [0;36mround[0m = 153 [0;36mnonce[0m = 145 [0;36mhash[0m = 63d5efa045c8ae85825bcc1cfa68de9e23e7df09e065bdaefc1d4f0c1b6bf5de 
[0;36mDEBUG[0m[2026-03-16 10:14:11.853]   received shard header from network in block tracker [0;36mshard[0m = 0 [0;36mepoch[0m = 0 [0;36mround[0m = 154 [0;36mnonce[0m = 146 [0;36mhash[0m = 5cca28e3a7f1ae37ac76ba0a3719c9878a576e007d94e3ea452df7a669935154 
[0;36mDEBUG[0m[2026-03-16 10:14:11.853]   received shard header from network in block tracker [0;36mshard[0m = 0 [0;36mepoch[0m = 0 [0;36mround[0m = 155 [0;36mnonce[0m = 147 [0;36mhash[0m = 871f55e735aec00b0eecc4fe55acdf445fae61bf4666e34efbf222d04a53774e 
[0;36mDEBUG[0m[2026-03-16 10:14:11.853]   received shard header from network in block tracker [0;36mshard[0m = 0 [0;36mepoch[0m = 0 [0;36mround[0m = 156 [0;36mnonce[0m = 148 [0;36mhash[0m = fb8c643de760953ce46a132f886e784c0a23e8c332f28077e0c021ce9e23cd30 
[0;36mDEBUG[0m[2026-03-16 10:14:11.853]   received shard header from network in block tracker [0;36mshard[0m = 0 [0;36mepoch[0m = 0 [0;36mround[0m = 157 [0;36mnonce[0m = 149 [0;36mhash[0m = 22731bd1c739bb03776e02f5fe64500652369169ee0c3691af3f2fd413cb4861 
[0;36mDEBUG[0m[2026-03-16 10:14:11.853]   received shard header from network in block tracker [0;36mshard[0m = 0 [0;36mepoch[0m = 0 [0;36mround[0m = 158 [0;36mnonce[0m = 150 [0;36mhash[0m = 92a2d2dae4a23ca7bcec4afac0cfa03b9bdad6d6c767cd55440430d73deb5081 
[0;36mDEBUG[0m[2026-03-16 10:14:11.853]   received shard header from network in block tracker [0;36mshard[0m = 0 [0;36mepoch[0m = 0 [0;36mround[0m = 159 [0;36mnonce[0m = 151 [0;36mhash[0m = d5c315242b37041c62b1c015238de6233d69841b5d1c14d58f2f90292f70b99f 
[0;36mDEBUG[0m[2026-03-16 10:14:11.853]   received shard header from network in block tracker [0;36mshard[0m = 0 [0;36mepoch[0m = 0 [0;36mround[0m = 160 [0;36mnonce[0m = 152 [0;36mhash[0m = 380447d694571fede19bd89fdda7bee8deabc2c00d842cf8b60a39909097f9ff 
[0;36mDEBUG[0m[2026-03-16 10:14:11.853]   received shard header from network in block tracker [0;36mshard[0m = 0 [0;36mepoch[0m = 0 [0;36mround[0m = 161 [0;36mnonce[0m = 153 [0;36mhash[0m = ac7f6186b5d831ae5bcc7c47c0a28a92126ffbed4bca32233536f3a60805b83f 
[0;36mDEBUG[0m[2026-03-16 10:14:11.853]   received shard header from network in block tracker [0;36mshard[0m = 0 [0;36mepoch[0m = 0 [0;36mround[0m = 162 [0;36mnonce[0m = 154 [0;36mhash[0m = 095ade8de53c357ca9b29aaf7906aad645a63942bf65f1e755d88e1a73437f28 
[0;36mDEBUG[0m[2026-03-16 10:14:11.853]   received shard header from network in block tracker [0;36mshard[0m = 0 [0;36mepoch[0m = 0 [0;36mround[0m = 163 [0;36mnonce[0m = 155 [0;36mhash[0m = 703ee018f679ea93238fd372c984e6be0c1c74d6ceef27010c7077eeda96be74 
[0;36mDEBUG[0m[2026-03-16 10:14:11.853]   received shard header from network in block tracker [0;36mshard[0m = 0 [0;36mepoch[0m = 0 [0;36mround[0m = 164 [0;36mnonce[0m = 156 [0;36mhash[0m = b55c2cf1c7d556752850851881fb22b35b4d18122c76e4d112d0ff5178f89f4c 
[0;36mDEBUG[0m[2026-03-16 10:14:11.853]   received shard header from network in block tracker [0;36mshard[0m = 0 [0;36mepoch[0m = 0 [0;36mround[0m = 165 [0;36mnonce[0m = 157 [0;36mhash[0m = 03cadc34a30c6be5648c1bf66428f319af40629d79ff635a177ad41ce65cecab 
[0;36mDEBUG[0m[2026-03-16 10:14:11.853]   received shard header from network in block tracker [0;36mshard[0m = 0 [0;36mepoch[0m = 0 [0;36mround[0m = 166 [0;36mnonce[0m = 158 [0;36mhash[0m = 9abb2c5a93efc50c2759529736f2a5d89cd28953d266503810a8e9ac43ce80bf 
[0;36mDEBUG[0m[2026-03-16 10:14:11.853]   received shard header from network in block tracker [0;36mshard[0m = 0 [0;36mepoch[0m = 0 [0;36mround[0m = 167 [0;36mnonce[0m = 159 [0;36mhash[0m = ca6b29d05ad8853628bd0bbe16b455a949beee280f288b83e07c7a3466f658d2 
[0;36mDEBUG[0m[2026-03-16 10:14:11.853]   received shard header from network in block tracker [0;36mshard[0m = 0 [0;36mepoch[0m = 0 [0;36mround[0m = 168 [0;36mnonce[0m = 160 [0;36mhash[0m = 2889f48149fa5bda67f41a56527b98bfa80ab52b0d183a1c0b2fd016efc739b5 
[0;36mDEBUG[0m[2026-03-16 10:14:11.853]   received shard header from network in block tracker [0;36mshard[0m = 0 [0;36mepoch[0m = 0 [0;36mround[0m = 169 [0;36mnonce[0m = 161 [0;36mhash[0m = 0358f70abea3b6677f6bb7dd5edb57223b0fa085097ac18cc7b9454e0705b0da 
[0;36mDEBUG[0m[2026-03-16 10:14:11.853]   received shard header from network in block tracker [0;36mshard[0m = 0 [0;36mepoch[0m = 0 [0;36mround[0m = 170 [0;36mnonce[0m = 162 [0;36mhash[0m = a8977a0041ed400a7faeff1ee4a62f67de3213815cb54d3fdca2f551159a38d9 
[0;36mDEBUG[0m[2026-03-16 10:14:11.853]   received shard header from network in block tracker [0;36mshard[0m = 0 [0;36mepoch[0m = 0 [0;36mround[0m = 171 [0;36mnonce[0m = 163 [0;36mhash[0m = b317d235a58486243016da2bd2dfed76533515aeff260c8c4175c2cdbf33cc43 
[0;36mDEBUG[0m[2026-03-16 10:14:11.853]   received shard header from network in block tracker [0;36mshard[0m = 0 [0;36mepoch[0m = 0 [0;36mround[0m = 172 [0;36mnonce[0m = 164 [0;36mhash[0m = 5d79e81ba4489be78ef3cbf3cd2113100a94d943ca91b9e8a0fffc6bdcc69d0f 
[0;36mDEBUG[0m[2026-03-16 10:14:11.853]   received shard header from network in block tracker [0;36mshard[0m = 0 [0;36mepoch[0m = 0 [0;36mround[0m = 173 [0;36mnonce[0m = 165 [0;36mhash[0m = 91c5f2dd4a0bcf25137f21b3083fdcab91d6bd59ea0b1327bc2f41f298f832f5 
[0;36mDEBUG[0m[2026-03-16 10:14:11.853]   received shard header from network in block tracker [0;36mshard[0m = 0 [0;36mepoch[0m = 0 [0;36mround[0m = 174 [0;36mnonce[0m = 166 [0;36mhash[0m = 27cd6b5fa005696e2a84f81fe023b6bcb4ae7d3266f8958a57cb965433bdff22 
[0;36mDEBUG[0m[2026-03-16 10:14:11.853]   received shard header from network in block tracker [0;36mshard[0m = 0 [0;36mepoch[0m = 0 [0;36mround[0m = 175 [0;36mnonce[0m = 167 [0;36mhash[0m = 2e5e3f857d304e4d75c2aedb331c46d5d45bd7ea5c1775691b72a8d80d9fe6c6 
[0;36mDEBUG[0m[2026-03-16 10:14:11.853]   received shard header from network in block tracker [0;36mshard[0m = 0 [0;36mepoch[0m = 0 [0;36mround[0m = 176 [0;36mnonce[0m = 168 [0;36mhash[0m = 74c9bf288c1f87f422427c4aef71661d65b9d8e2235241bbb503b4586ada0508 
[0;36mDEBUG[0m[2026-03-16 10:14:11.853]   received shard header from network in block tracker [0;36mshard[0m = 0 [0;36mepoch[0m = 0 [0;36mround[0m = 177 [0;36mnonce[0m = 169 [0;36mhash[0m = b52e36f264720d7d825241d4899cc7ee0608ac665f5e2a21ebca7404a8a98953 
[0;36mDEBUG[0m[2026-03-16 10:14:11.853]   received shard header from network in block tracker [0;36mshard[0m = 0 [0;36mepoch[0m = 0 [0;36mround[0m = 178 [0;36mnonce[0m = 170 [0;36mhash[0m = f9da18d2773d5443642c18f164602cff235e39460811611af9ef9c084ed3b4b8 
[0;36mDEBUG[0m[2026-03-16 10:14:11.853]   received shard header from network in block tracker [0;36mshard[0m = 0 [0;36mepoch[0m = 0 [0;36mround[0m = 179 [0;36mnonce[0m = 171 [0;36mhash[0m = 15f9daf8b83a34c81790b1dc6d24f08b0efe2dbd4b410c89e2a1f2cd662fedb8 
[0;36mDEBUG[0m[2026-03-16 10:14:11.853]   received shard header from network in block tracker [0;36mshard[0m = 0 [0;36mepoch[0m = 0 [0;36mround[0m = 180 [0;36mnonce[0m = 172 [0;36mhash[0m = 227361ded92e1f6e2594fc1fd89060f8899025b725d85f002e95f776aee9bdb9 
[0;36mDEBUG[0m[2026-03-16 10:14:11.853]   received shard header from network in block tracker [0;36mshard[0m = 0 [0;36mepoch[0m = 0 [0;36mround[0m = 181 [0;36mnonce[0m = 173 [0;36mhash[0m = f25f867cf0515d7d2fbf4615fc275cb2d3dfbcc470293b99a57a945171d733be 
[0;36mDEBUG[0m[2026-03-16 10:14:11.853]   received shard header from network in block tracker [0;36mshard[0m = 0 [0;36mepoch[0m = 0 [0;36mround[0m = 182 [0;36mnonce[0m = 174 [0;36mhash[0m = 3f9ba6591d2d02a7d6827152cdd46082743fb56fd27f8364488f86e590085459 
[0;36mDEBUG[0m[2026-03-16 10:14:11.853]   received shard header from network in block tracker [0;36mshard[0m = 0 [0;36mepoch[0m = 0 [0;36mround[0m = 183 [0;36mnonce[0m = 175 [0;36mhash[0m = 463b3f0294da6ce9b56446b4df97e6757fa2f15b5fe88b4203aadad27757fc60 
[0;36mDEBUG[0m[2026-03-16 10:14:11.853]   received shard header from network in block tracker [0;36mshard[0m = 0 [0;36mepoch[0m = 0 [0;36mround[0m = 184 [0;36mnonce[0m = 176 [0;36mhash[0m = 692900266c31367cb28127db3939a330540f065688264ddbb451f9b53cb3fdad 
[0;36mDEBUG[0m[2026-03-16 10:14:11.853]   received shard header from network in block tracker [0;36mshard[0m = 0 [0;36mepoch[0m = 0 [0;36mround[0m = 185 [0;36mnonce[0m = 177 [0;36mhash[0m = b1aa27e65026d9e404cc5e16724d956be66e88d8f857e503141d9094b20358db 
[0;36mDEBUG[0m[2026-03-16 10:14:11.853]   received shard header from network in block tracker [0;36mshard[0m = 0 [0;36mepoch[0m = 0 [0;36mround[0m = 186 [0;36mnonce[0m = 178 [0;36mhash[0m = 396ae5a10b3a27419921528c00d6fb1a94126c36cc457066df36caa0ef7b7231 
[0;36mDEBUG[0m[2026-03-16 10:14:11.853]   received shard header from network in block tracker [0;36mshard[0m = 0 [0;36mepoch[0m = 0 [0;36mround[0m = 187 [0;36mnonce[0m = 179 [0;36mhash[0m = 110c070d41bf2f8ed89cc99e0bfe38c8a23195e3ac764ecbb684b229996b055c 
[0;36mDEBUG[0m[2026-03-16 10:14:11.853]   received shard header from network in block tracker [0;36mshard[0m = 0 [0;36mepoch[0m = 0 [0;36mround[0m = 188 [0;36mnonce[0m = 180 [0;36mhash[0m = 99ab7b607dfb3cadf7080336c5ea7b8ebdf6805b68062efc8141bce58b1d4a63 
[0;36mDEBUG[0m[2026-03-16 10:14:11.853]   received shard header from network in block tracker [0;36mshard[0m = 0 [0;36mepoch[0m = 0 [0;36mround[0m = 189 [0;36mnonce[0m = 181 [0;36mhash[0m = e7dec63e0fd1f14ffe95c3a3c7fd8331be9e687f67b1be776b0c8ebd3debe36c 
[0;36mDEBUG[0m[2026-03-16 10:14:11.853]   received shard header from network in block tracker [0;36mshard[0m = 0 [0;36mepoch[0m = 0 [0;36mround[0m = 190 [0;36mnonce[0m = 182 [0;36mhash[0m = 970c4d2a2dd03bba7e4f8bc33cc29895e186626b2044d1fb9238826bf3774c55 
[0;36mDEBUG[0m[2026-03-16 10:14:11.853]   received shard header from network in block tracker [0;36mshard[0m = 0 [0;36mepoch[0m = 0 [0;36mround[0m = 191 [0;36mnonce[0m = 183 [0;36mhash[0m = a5ee9d6c65af94f6f5881d28c0b854608e304cd2e04e7647988a07c988da940c 
[0;36mDEBUG[0m[2026-03-16 10:14:11.853]   received shard header from network in block tracker [0;36mshard[0m = 0 [0;36mepoch[0m = 0 [0;36mround[0m = 192 [0;36mnonce[0m = 184 [0;36mhash[0m = 9afb7e272bc2b6bd99d7ac3ce7bace0bc76b973faa7308328dcfc1c2ad3a910c 
[0;36mDEBUG[0m[2026-03-16 10:14:11.853]   received shard header from network in block tracker [0;36mshard[0m = 0 [0;36mepoch[0m = 0 [0;36mround[0m = 193 [0;36mnonce[0m = 185 [0;36mhash[0m = 031f187edcb0b6dbecbbd5accc5832626fba6c2bed6696ca4286cad200f4583c 
[0;36mDEBUG[0m[2026-03-16 10:14:11.853]   received shard header from network in block tracker [0;36mshard[0m = 0 [0;36mepoch[0m = 0 [0;36mround[0m = 194 [0;36mnonce[0m = 186 [0;36mhash[0m = d91375a1bb82e599ce5edc225f6caa1768887515f7a421615c0fc5ecad7194d7 
[0;36mDEBUG[0m[2026-03-16 10:14:11.853]   received shard header from network in block tracker [0;36mshard[0m = 0 [0;36mepoch[0m = 0 [0;36mround[0m = 195 [0;36mnonce[0m = 187 [0;36mhash[0m = 0421980b931298a913385f8735bf2e0b1adba230ca6ed3c7409f4f2953769038 
[0;36mDEBUG[0m[2026-03-16 10:14:11.853]   received shard header from network in block tracker [0;36mshard[0m = 0 [0;36mepoch[0m = 0 [0;36mround[0m = 196 [0;36mnonce[0m = 188 [0;36mhash[0m = b10ed341fc6b574fe1a18c0a15c1c1cb42b8eaa53d9e0974b5dcec6ac3c25ac0 
[0;36mDEBUG[0m[2026-03-16 10:14:11.853]   received shard header from network in block tracker [0;36mshard[0m = 0 [0;36mepoch[0m = 0 [0;36mround[0m = 197 [0;36mnonce[0m = 189 [0;36mhash[0m = 4ac16c6870c6037e42b3a4ecca8fe8bc95452a4cb61a7d760f92791fc3bd0427 
[0;36mDEBUG[0m[2026-03-16 10:14:11.853]   received shard header from network in block tracker [0;36mshard[0m = 0 [0;36mepoch[0m = 0 [0;36mround[0m = 198 [0;36mnonce[0m = 190 [0;36mhash[0m = 810b034189eb273e40fa9f103081ddd62e4daa30dd1f10d960e70ec7be285813 
[0;36mDEBUG[0m[2026-03-16 10:14:11.853]   received shard header from network in block tracker [0;36mshard[0m = 0 [0;36mepoch[0m = 0 [0;36mround[0m = 199 [0;36mnonce[0m = 191 [0;36mhash[0m = 235c04d4f50071dbfbda47dfb25ff0f47f4bfda4688a5a93ed914ba24b143cf4 
[0;36mDEBUG[0m[2026-03-16 10:14:11.853]   received shard header from network in block tracker [0;36mshard[0m = 0 [0;36mepoch[0m = 0 [0;36mround[0m = 200 [0;36mnonce[0m = 192 [0;36mhash[0m = b872548fe4cfd2e45fd618aebb505d7418e5cea9677e034119d96d006a14edae 
[0;36mDEBUG[0m[2026-03-16 10:14:11.853]   received shard header from network in block tracker [0;36mshard[0m = 0 [0;36mepoch[0m = 0 [0;36mround[0m = 201 [0;36mnonce[0m = 193 [0;36mhash[0m = 20086bbbd11c5c55501eb4699e66092c837caaf6e60d3671ddaa81d87ad2c794 
[0;36mDEBUG[0m[2026-03-16 10:14:11.853]   received shard header from network in block tracker [0;36mshard[0m = 0 [0;36mepoch[0m = 0 [0;36mround[0m = 202 [0;36mnonce[0m = 194 [0;36mhash[0m = 0e861be6dcc17e9eb52c9b3bb55029676ad2cf8997092ae9af0be576c6e5e1d0 
[0;36mDEBUG[0m[2026-03-16 10:14:11.853]   received shard header from network in block tracker [0;36mshard[0m = 0 [0;36mepoch[0m = 0 [0;36mround[0m = 203 [0;36mnonce[0m = 195 [0;36mhash[0m = b7d183504ba68b70abc902e6e6c98ee79efe8085f2ab0a2380521b70f41da561 
[0;36mDEBUG[0m[2026-03-16 10:14:11.853]   received shard header from network in block tracker [0;36mshard[0m = 0 [0;36mepoch[0m = 0 [0;36mround[0m = 204 [0;36mnonce[0m = 196 [0;36mhash[0m = c90f24a9f19bc5e6d5525cdc6369a010d1d0a8afe607af44ea0c7b198b4345b0 
[0;36mDEBUG[0m[2026-03-16 10:14:11.853]   received shard header from network in block tracker [0;36mshard[0m = 0 [0;36mepoch[0m = 0 [0;36mround[0m = 205 [0;36mnonce[0m = 197 [0;36mhash[0m = 5bc600b3f80483210ddd15eb8dbf7bedd14ed898a181dafe5508bb19a35b4a73 
[0;36mDEBUG[0m[2026-03-16 10:14:11.853]   received shard header from network in block tracker [0;36mshard[0m = 0 [0;36mepoch[0m = 0 [0;36mround[0m = 206 [0;36mnonce[0m = 198 [0;36mhash[0m = 9c27ce7a09adbfd0cb9117077ca3a04994d64ce5b109a97b5b968ff3c0025c45 
[0;36mDEBUG[0m[2026-03-16 10:14:11.853]   received shard header from network in block tracker [0;36mshard[0m = 0 [0;36mepoch[0m = 0 [0;36mround[0m = 207 [0;36mnonce[0m = 199 [0;36mhash[0m = ecbaedf660ed411b1b6a7da630365cb7270abc8877aa606d3ad369a581104595 
[0;36mDEBUG[0m[2026-03-16 10:14:11.853]   received shard header from network in block tracker [0;36mshard[0m = 0 [0;36mepoch[0m = 0 [0;36mround[0m = 208 [0;36mnonce[0m = 200 [0;36mhash[0m = 3512770e7b232ee5ea23c6513ec84130fce35d8eb771c34aa582082595eff067 
[0;36mDEBUG[0m[2026-03-16 10:14:11.853]   received shard header from network in block tracker [0;36mshard[0m = 0 [0;36mepoch[0m = 0 [0;36mround[0m = 209 [0;36mnonce[0m = 201 [0;36mhash[0m = 0552c362532470374a562d4ee5cb1746a3345ffdfb35837e69ef9a37ac00ff77 
[0;36mDEBUG[0m[2026-03-16 10:14:11.853]   received shard header from network in block tracker [0;36mshard[0m = 0 [0;36mepoch[0m = 0 [0;36mround[0m = 210 [0;36mnonce[0m = 202 [0;36mhash[0m = 4f33be04107d5a0235a9d2bf4ac9687b1ff59bfa301ca347134bbe45334e8825 
[0;36mDEBUG[0m[2026-03-16 10:14:11.853]   received shard header from network in block tracker [0;36mshard[0m = 0 [0;36mepoch[0m = 0 [0;36mround[0m = 211 [0;36mnonce[0m = 203 [0;36mhash[0m = e0bab4692abc9d44b4ff1fee54cfa99a122381febf81d5ee26652e8ecc1ee2f8 
[0;36mDEBUG[0m[2026-03-16 10:14:11.853]   received shard header from network in block tracker [0;36mshard[0m = 0 [0;36mepoch[0m = 0 [0;36mround[0m = 212 [0;36mnonce[0m = 204 [0;36mhash[0m = ea25749804641155507e960c65c4c2872d615a5a353b7520e031a36bbbe7d3ca 
[0;36mDEBUG[0m[2026-03-16 10:14:11.853]   received shard header from network in block tracker [0;36mshard[0m = 0 [0;36mepoch[0m = 0 [0;36mround[0m = 213 [0;36mnonce[0m = 205 [0;36mhash[0m = e87a19683743d4c61801b203e3e29d768d9e21107af100bbfcfaad87d39c4f34 
[0;36mDEBUG[0m[2026-03-16 10:14:11.853]   received shard header from network in block tracker [0;36mshard[0m = 0 [0;36mepoch[0m = 0 [0;36mround[0m = 214 [0;36mnonce[0m = 206 [0;36mhash[0m = d73838b889eda5f86a198bfb15a358ebf64514ae59ce558935bcca6c3c25d41d 
[0;36mDEBUG[0m[2026-03-16 10:14:11.853]   received shard header from network in block tracker [0;36mshard[0m = 0 [0;36mepoch[0m = 0 [0;36mround[0m = 215 [0;36mnonce[0m = 207 [0;36mhash[0m = 9798c64e2e2d15d992d19a9a8a8b5bfaa35e47502a4e297b20dc6bc131e94a0b 
[0;36mDEBUG[0m[2026-03-16 10:14:11.853]   received shard header from network in block tracker [0;36mshard[0m = 0 [0;36mepoch[0m = 0 [0;36mround[0m = 216 [0;36mnonce[0m = 208 [0;36mhash[0m = 64e9942a8a74ee7681f093d7281ddd663a474d0fd686c517792b0389be439a5f 
[0;36mDEBUG[0m[2026-03-16 10:14:11.853]   received shard header from network in block tracker [0;36mshard[0m = 0 [0;36mepoch[0m = 0 [0;36mround[0m = 217 [0;36mnonce[0m = 209 [0;36mhash[0m = b1fc8fcc8d1151abf5b1c0dac1e8976b4b2ba473d669064f744d76a549c39600 
[0;36mDEBUG[0m[2026-03-16 10:14:11.853]   received shard header from network in block tracker [0;36mshard[0m = 0 [0;36mepoch[0m = 0 [0;36mround[0m = 218 [0;36mnonce[0m = 210 [0;36mhash[0m = 8702fd75fbf93abe7c876ab5c3819057b93c0fc39d2f7c8dfd1446d280e0cc93 
[0;36mDEBUG[0m[2026-03-16 10:14:11.853]   received shard header from network in block tracker [0;36mshard[0m = 0 [0;36mepoch[0m = 0 [0;36mround[0m = 219 [0;36mnonce[0m = 211 [0;36mhash[0m = 349224c68d1643e200aca4f623dbfab348b02e543274f64c6c6e5c55b964abce 
[0;36mDEBUG[0m[2026-03-16 10:14:11.853]   received shard header from network in block tracker [0;36mshard[0m = 0 [0;36mepoch[0m = 0 [0;36mround[0m = 220 [0;36mnonce[0m = 212 [0;36mhash[0m = 0dd0d7be86d275083a9cd3b76a3bc42c463362a2769376175208fd9a5296f84d 
[0;36mDEBUG[0m[2026-03-16 10:14:11.853]   received shard header from network in block tracker [0;36mshard[0m = 0 [0;36mepoch[0m = 0 [0;36mround[0m = 221 [0;36mnonce[0m = 213 [0;36mhash[0m = c55fc925c2efb25cbe71f2041c4ab0026b3ab5430e13084bd1a2451baf5d64af 
[0;36mDEBUG[0m[2026-03-16 10:14:11.853]   received shard header from network in block tracker [0;36mshard[0m = 0 [0;36mepoch[0m = 0 [0;36mround[0m = 222 [0;36mnonce[0m = 214 [0;36mhash[0m = 2c26bce2468e3424f063b6176ce4414e3863baf7a5e53885de5120fdf0de596e 
[0;36mDEBUG[0m[2026-03-16 10:14:11.853]   received shard header from network in block tracker [0;36mshard[0m = 0 [0;36mepoch[0m = 0 [0;36mround[0m = 223 [0;36mnonce[0m = 215 [0;36mhash[0m = 4a1919ff5b40eb179293b8ac8379e4e798d77200d7379b48423a8d7c0360a22f 
[0;36mDEBUG[0m[2026-03-16 10:14:11.853]   received shard header from network in block tracker [0;36mshard[0m = 0 [0;36mepoch[0m = 0 [0;36mround[0m = 224 [0;36mnonce[0m = 216 [0;36mhash[0m = fd6dab6767309a5f1fcb8ec64318874411240bd77264c8dacccaed1662978811 
[0;36mDEBUG[0m[2026-03-16 10:14:11.853]   received shard header from network in block tracker [0;36mshard[0m = 0 [0;36mepoch[0m = 0 [0;36mround[0m = 225 [0;36mnonce[0m = 217 [0;36mhash[0m = b4c46d90a13e5c872ed23e4d17a415b01baac6e469b3f10033166f9b27ad7719 
[0;36mDEBUG[0m[2026-03-16 10:14:11.853]   received shard header from network in block tracker [0;36mshard[0m = 0 [0;36mepoch[0m = 0 [0;36mround[0m = 226 [0;36mnonce[0m = 218 [0;36mhash[0m = 576e622e0cc76abfc946cf2b29b3e2f2d6afb5e727e02b8bfb4d61dcc893ed16 
[0;36mDEBUG[0m[2026-03-16 10:14:11.853]   received shard header from network in block tracker [0;36mshard[0m = 0 [0;36mepoch[0m = 0 [0;36mround[0m = 227 [0;36mnonce[0m = 219 [0;36mhash[0m = 5579570e33c70568bcc59d1dc186132595b2395be340fe6ed4dfa01ec31ac899 
[0;36mDEBUG[0m[2026-03-16 10:14:11.853]   received shard header from network in block tracker [0;36mshard[0m = 0 [0;36mepoch[0m = 0 [0;36mround[0m = 228 [0;36mnonce[0m = 220 [0;36mhash[0m = 4f829f7f59f484c8428c2327d33dbf827340407190c88da78089d3d09792cfba 
[0;36mDEBUG[0m[2026-03-16 10:14:11.853]   received shard header from network in block tracker [0;36mshard[0m = 0 [0;36mepoch[0m = 0 [0;36mround[0m = 229 [0;36mnonce[0m = 221 [0;36mhash[0m = 8bc0beeb9729b6bd241fd8fa132f16a520db82b7f5896a81b5ba612549bd7df7 
[0;36mDEBUG[0m[2026-03-16 10:14:11.853]   received shard header from network in block tracker [0;36mshard[0m = 0 [0;36mepoch[0m = 0 [0;36mround[0m = 230 [0;36mnonce[0m = 222 [0;36mhash[0m = 8de5d0e291a5fc563cfddd7f9012a48cd759cdc8d4a3545278daffadae1653bb 
[0;36mDEBUG[0m[2026-03-16 10:14:11.853]   received shard header from network in block tracker [0;36mshard[0m = 0 [0;36mepoch[0m = 0 [0;36mround[0m = 231 [0;36mnonce[0m = 223 [0;36mhash[0m = fd623d1d534b52ad9aebe058ed7767f362e18d902c2b7ede57c01a133d2bc548 
[0;36mDEBUG[0m[2026-03-16 10:14:11.853]   received shard header from network in block tracker [0;36mshard[0m = 0 [0;36mepoch[0m = 0 [0;36mround[0m = 232 [0;36mnonce[0m = 224 [0;36mhash[0m = 628f7fc2badf0ce047d9eb87ea8561318e745858a1ef931d1ee2ebda451cbfbb 
[0;36mDEBUG[0m[2026-03-16 10:14:11.853]   received shard header from network in block tracker [0;36mshard[0m = 0 [0;36mepoch[0m = 0 [0;36mround[0m = 233 [0;36mnonce[0m = 225 [0;36mhash[0m = 76b58faeb200eef020c9e9f77c26eb9683960930a320477faa4c69ed69dd750d 
[0;36mDEBUG[0m[2026-03-16 10:14:11.853]   received shard header from network in block tracker [0;36mshard[0m = 0 [0;36mepoch[0m = 0 [0;36mround[0m = 234 [0;36mnonce[0m = 226 [0;36mhash[0m = 81d8e7c25dc577c824b509124be00750814d219b483654ae269ff7a51ce1b955 
[0;36mDEBUG[0m[2026-03-16 10:14:11.853]   received shard header from network in block tracker [0;36mshard[0m = 0 [0;36mepoch[0m = 0 [0;36mround[0m = 235 [0;36mnonce[0m = 227 [0;36mhash[0m = 90b413b4664099920ce7cb786c475bc3c80931ee3c8f066f3497c97e6aa94ac3 
[0;36mDEBUG[0m[2026-03-16 10:14:11.853]   received shard header from network in block tracker [0;36mshard[0m = 0 [0;36mepoch[0m = 0 [0;36mround[0m = 236 [0;36mnonce[0m = 228 [0;36mhash[0m = c6a3ddab8c986c624fccc0e543366e8eb3d453593fc78122e00f9580e365e87c 
[0;36mDEBUG[0m[2026-03-16 10:14:11.853]   received shard header from network in block tracker [0;36mshard[0m = 0 [0;36mepoch[0m = 0 [0;36mround[0m = 237 [0;36mnonce[0m = 229 [0;36mhash[0m = 416035514e38377939801028935b1c4dca27dd7189267ad81db2cd5509593d68 
[0;36mDEBUG[0m[2026-03-16 10:14:11.853]   received shard header from network in block tracker [0;36mshard[0m = 0 [0;36mepoch[0m = 0 [0;36mround[0m = 238 [0;36mnonce[0m = 230 [0;36mhash[0m = fa80b71b875d0df4fb2504d2877b3fc2f373808012e45d9dcbefd0f6b69a26d2 
[0;36mDEBUG[0m[2026-03-16 10:14:11.853]   received shard header from network in block tracker [0;36mshard[0m = 0 [0;36mepoch[0m = 0 [0;36mround[0m = 239 [0;36mnonce[0m = 231 [0;36mhash[0m = 4790098560b90177e7ca17483974ffe39297b4c30b204ed5da014bdacf8460fd 
[0;36mDEBUG[0m[2026-03-16 10:14:11.853]   received shard header from network in block tracker [0;36mshard[0m = 0 [0;36mepoch[0m = 0 [0;36mround[0m = 240 [0;36mnonce[0m = 232 [0;36mhash[0m = a5c468f66905c4081f8a3f8957c0897a6d2dcfb36792bdddb23d56a7290ad599 
[0;36mDEBUG[0m[2026-03-16 10:14:11.853]   received shard header from network in block tracker [0;36mshard[0m = 0 [0;36mepoch[0m = 0 [0;36mround[0m = 241 [0;36mnonce[0m = 233 [0;36mhash[0m = 82ac1a60ac142041f7a289db1e33af8740a4e8fa442bc3a8130776b0dbf7726d 
[0;36mDEBUG[0m[2026-03-16 10:14:11.853]   received shard header from network in block tracker [0;36mshard[0m = 0 [0;36mepoch[0m = 0 [0;36mround[0m = 242 [0;36mnonce[0m = 234 [0;36mhash[0m = 71d38e8eb2e270c4e67a691b4737a610e6bfcd920c483b4d6591e8c193c48c70 
[0;36mDEBUG[0m[2026-03-16 10:14:11.853]   received shard header from network in block tracker [0;36mshard[0m = 0 [0;36mepoch[0m = 0 [0;36mround[0m = 243 [0;36mnonce[0m = 235 [0;36mhash[0m = 523a954c84fd01491e2e700d3271df9a52a6e4452dc898e5ff5300035e4062ad 
[0;36mDEBUG[0m[2026-03-16 10:14:11.853]   received shard header from network in block tracker [0;36mshard[0m = 0 [0;36mepoch[0m = 0 [0;36mround[0m = 244 [0;36mnonce[0m = 236 [0;36mhash[0m = 6dcbeb3907c309a2a6fac018bd79a83852b79cdbda7b43d12d482690666bfdf2 
[0;36mDEBUG[0m[2026-03-16 10:14:11.853]   received shard header from network in block tracker [0;36mshard[0m = 0 [0;36mepoch[0m = 0 [0;36mround[0m = 245 [0;36mnonce[0m = 237 [0;36mhash[0m = e9387b366ebbf0216fcdb8fd2ca3746eed27a2205880e0f031e958f2a58dd83e 
[0;36mDEBUG[0m[2026-03-16 10:14:11.853]   received shard header from network in block tracker [0;36mshard[0m = 0 [0;36mepoch[0m = 0 [0;36mround[0m = 246 [0;36mnonce[0m = 238 [0;36mhash[0m = baaddebd5be5962066cd07226db9bb2299914a5d5f45379119ead0dbdd26027e 
[0;36mDEBUG[0m[2026-03-16 10:14:11.853]   received shard header from network in block tracker [0;36mshard[0m = 0 [0;36mepoch[0m = 0 [0;36mround[0m = 247 [0;36mnonce[0m = 239 [0;36mhash[0m = 4022c6348aafdec513021b03040e9219bfea8fe10b39d3ac7b184fd0ef778272 
[0;36mDEBUG[0m[2026-03-16 10:14:11.853]   received shard header from network in block tracker [0;36mshard[0m = 0 [0;36mepoch[0m = 0 [0;36mround[0m = 248 [0;36mnonce[0m = 240 [0;36mhash[0m = fb6aa30c5310de75f419390666dfa44fe89350b268b3da06aae0262ce8248197 
[0;36mDEBUG[0m[2026-03-16 10:14:11.853]   received shard header from network in block tracker [0;36mshard[0m = 0 [0;36mepoch[0m = 0 [0;36mround[0m = 249 [0;36mnonce[0m = 241 [0;36mhash[0m = f39c0e2939c9507d801bb6469c917319c6e2c18b22b20aca91409661ff8e8351 
[0;36mDEBUG[0m[2026-03-16 10:14:11.853]   received shard header from network in block tracker [0;36mshard[0m = 0 [0;36mepoch[0m = 0 [0;36mround[0m = 250 [0;36mnonce[0m = 242 [0;36mhash[0m = ad3e05572a12c0b91294fe26b18c4c8e444115e7bc278b454fc2ddda441911fb 
[0;36mDEBUG[0m[2026-03-16 10:14:11.854]   received shard header from network in block tracker [0;36mshard[0m = 0 [0;36mepoch[0m = 0 [0;36mround[0m = 251 [0;36mnonce[0m = 243 [0;36mhash[0m = 19c7925ae1adb63ecb184d9e2da3e1bd3b4925b73061fc68392c14928f2a5d1d 
[0;36mDEBUG[0m[2026-03-16 10:14:11.854]   received shard header from network in block tracker [0;36mshard[0m = 0 [0;36mepoch[0m = 0 [0;36mround[0m = 252 [0;36mnonce[0m = 244 [0;36mhash[0m = 08559169814fdc23a4e11a294f07c4e0e1534f0ad5a9d3410c995f9438ba1af5 
[0;36mDEBUG[0m[2026-03-16 10:14:11.854]   received shard header from network in block tracker [0;36mshard[0m = 0 [0;36mepoch[0m = 0 [0;36mround[0m = 253 [0;36mnonce[0m = 245 [0;36mhash[0m = 853443a7d2686b0a2912163382b36de3816585666a27e365fcb84673bbbbaf0a 
[0;36mDEBUG[0m[2026-03-16 10:14:11.854]   received shard header from network in block tracker [0;36mshard[0m = 0 [0;36mepoch[0m = 0 [0;36mround[0m = 254 [0;36mnonce[0m = 246 [0;36mhash[0m = b0b8434dbfec64078c86f9136583a10dc13dfe7cb0fc2a1d85f7539740b61814 
[0;36mDEBUG[0m[2026-03-16 10:14:11.854]   received shard header from network in block tracker [0;36mshard[0m = 0 [0;36mepoch[0m = 0 [0;36mround[0m = 255 [0;36mnonce[0m = 247 [0;36mhash[0m = 0d9e54a4e022abf51ce558dc67a853b463867b1e20ffd47e1f240e8b76138951 
[0;36mDEBUG[0m[2026-03-16 10:14:11.854]   received shard header from network in block tracker [0;36mshard[0m = 0 [0;36mepoch[0m = 0 [0;36mround[0m = 256 [0;36mnonce[0m = 248 [0;36mhash[0m = d05f800a4772da73d4ee55ecf772ce4a54cc10efdfdf743191437d7e3f660d99 
[0;36mDEBUG[0m[2026-03-16 10:14:11.854]   received shard header from network in block tracker [0;36mshard[0m = 0 [0;36mepoch[0m = 0 [0;36mround[0m = 257 [0;36mnonce[0m = 249 [0;36mhash[0m = 226e2d7ee8ec36a3e50a1581a41634bf573fc752025c8ccd359dd73ad1167096 
[0;36mDEBUG[0m[2026-03-16 10:14:11.854]   received shard header from network in block tracker [0;36mshard[0m = 0 [0;36mepoch[0m = 0 [0;36mround[0m = 258 [0;36mnonce[0m = 250 [0;36mhash[0m = 56381d5e39857ee75e262609fad85822f1a9e9592afab30873176d3e8d291577 
[0;36mDEBUG[0m[2026-03-16 10:14:11.854]   received shard header from network in block tracker [0;36mshard[0m = 0 [0;36mepoch[0m = 0 [0;36mround[0m = 259 [0;36mnonce[0m = 251 [0;36mhash[0m = 71c50d862beb2ba9aeec06fc0bf797189fe53e3f6bc6f458e4ae5e374996050f 
[0;36mDEBUG[0m[2026-03-16 10:14:11.854]   received shard header from network in block tracker [0;36mshard[0m = 0 [0;36mepoch[0m = 0 [0;36mround[0m = 260 [0;36mnonce[0m = 252 [0;36mhash[0m = 48be3aedc4a5a173767ae91f6a0a8f56856c8422db374659901ea4c718a3f4d4 
[0;36mDEBUG[0m[2026-03-16 10:14:11.854]   received shard header from network in block tracker [0;36mshard[0m = 0 [0;36mepoch[0m = 0 [0;36mround[0m = 261 [0;36mnonce[0m = 253 [0;36mhash[0m = 8281ce76beeb0785669d5e850c93becf5ffc296e4a06826e863e74f4e2740918 
[0;36mDEBUG[0m[2026-03-16 10:14:11.854]   received shard header from network in block tracker [0;36mshard[0m = 0 [0;36mepoch[0m = 0 [0;36mround[0m = 262 [0;36mnonce[0m = 254 [0;36mhash[0m = 2689590f76f5e54dde0ab40867df1e14c8e84344c049eac8aaa73027432e9e23 
[0;36mDEBUG[0m[2026-03-16 10:14:11.854]   received shard header from network in block tracker [0;36mshard[0m = 0 [0;36mepoch[0m = 0 [0;36mround[0m = 263 [0;36mnonce[0m = 255 [0;36mhash[0m = 1ac683800c382843e359ddc0e8859c6bec3c9889681bbf311357f1506653f2d9 
[0;36mDEBUG[0m[2026-03-16 10:14:11.854]   received shard header from network in block tracker [0;36mshard[0m = 0 [0;36mepoch[0m = 0 [0;36mround[0m = 264 [0;36mnonce[0m = 256 [0;36mhash[0m = 1d4757023c1399dff03702bbe892128a446e341d860bb9648f172a6929124dea 
[0;36mDEBUG[0m[2026-03-16 10:14:11.854]   received shard header from network in block tracker [0;36mshard[0m = 0 [0;36mepoch[0m = 0 [0;36mround[0m = 265 [0;36mnonce[0m = 257 [0;36mhash[0m = 89aab3574ea9e13d0ebf834372cbee3c0a73d34b944619d261450d6840d8feb6 
[0;36mDEBUG[0m[2026-03-16 10:14:11.854]   received shard header from network in block tracker [0;36mshard[0m = 0 [0;36mepoch[0m = 0 [0;36mround[0m = 266 [0;36mnonce[0m = 258 [0;36mhash[0m = 33f5950d2925030cd413996264478677e057c9a1d3d8cfbd96eb5e65e22741c4 
[0;36mDEBUG[0m[2026-03-16 10:14:11.854]   received shard header from network in block tracker [0;36mshard[0m = 0 [0;36mepoch[0m = 0 [0;36mround[0m = 267 [0;36mnonce[0m = 259 [0;36mhash[0m = e342d252b73798d57d33ecdaea11b4da9ab7e8f3e73f59f1b2b4239031a64f0a 
[0;36mDEBUG[0m[2026-03-16 10:14:11.854]   received shard header from network in block tracker [0;36mshard[0m = 0 [0;36mepoch[0m = 0 [0;36mround[0m = 268 [0;36mnonce[0m = 260 [0;36mhash[0m = ca224569137ee648cf6e3ec5b91a3d1a781cf06c03222cb76d47db11f8a3cfee 
[0;36mDEBUG[0m[2026-03-16 10:14:11.854]   received shard header from network in block tracker [0;36mshard[0m = 0 [0;36mepoch[0m = 0 [0;36mround[0m = 269 [0;36mnonce[0m = 261 [0;36mhash[0m = 023ebd81c327d71424aaaed683bcc7d8ff4042b0485e1fb535f1f478a2991c50 
[0;36mDEBUG[0m[2026-03-16 10:14:11.854]   received shard header from network in block tracker [0;36mshard[0m = 0 [0;36mepoch[0m = 0 [0;36mround[0m = 270 [0;36mnonce[0m = 262 [0;36mhash[0m = 379f56bf7af199ca95e0a209757ed9a3521c9e9f3c50c35baa5b7dbade503adb 
[0;36mDEBUG[0m[2026-03-16 10:14:11.854]   received shard header from network in block tracker [0;36mshard[0m = 0 [0;36mepoch[0m = 0 [0;36mround[0m = 271 [0;36mnonce[0m = 263 [0;36mhash[0m = e3ab0e98b8396ce4cbddd1f37cd8d352179f72102d31c7e27e1035565364d4cc 
[0;36mDEBUG[0m[2026-03-16 10:14:11.854]   received shard header from network in block tracker [0;36mshard[0m = 0 [0;36mepoch[0m = 0 [0;36mround[0m = 272 [0;36mnonce[0m = 264 [0;36mhash[0m = fe2497ef29e4fb86214e5c92b9ee2efcb5249dab724bb36553abb6e452c2558f 
[0;36mDEBUG[0m[2026-03-16 10:14:11.854]   received shard header from network in block tracker [0;36mshard[0m = 0 [0;36mepoch[0m = 0 [0;36mround[0m = 273 [0;36mnonce[0m = 265 [0;36mhash[0m = ef8d73c01bc80104fde56328b83bc58fdd241bb8504b501013da1c0999407144 
[0;36mDEBUG[0m[2026-03-16 10:14:11.854]   received shard header from network in block tracker [0;36mshard[0m = 0 [0;36mepoch[0m = 0 [0;36mround[0m = 274 [0;36mnonce[0m = 266 [0;36mhash[0m = 73d09462f3813f7bcbc8785efd9a714733488cf7b3adcb87e26193cdc5708eeb 
[0;36mDEBUG[0m[2026-03-16 10:14:11.854]   received shard header from network in block tracker [0;36mshard[0m = 0 [0;36mepoch[0m = 0 [0;36mround[0m = 275 [0;36mnonce[0m = 267 [0;36mhash[0m = 90e68aac0d42c0d6ce8c7e54168214b190ea8ecc83ba22347233c96a2d4ae950 
[0;36mDEBUG[0m[2026-03-16 10:14:11.854]   received shard header from network in block tracker [0;36mshard[0m = 0 [0;36mepoch[0m = 0 [0;36mround[0m = 276 [0;36mnonce[0m = 268 [0;36mhash[0m = 55a8334e889141c3c0969849f31b88accadfa974dc06e8018c2b68955b0e0432 
[0;36mDEBUG[0m[2026-03-16 10:14:11.854]   received shard header from network in block tracker [0;36mshard[0m = 0 [0;36mepoch[0m = 0 [0;36mround[0m = 277 [0;36mnonce[0m = 269 [0;36mhash[0m = 117edb6c08889a8b03598ff85e1fb5d769c3371a1245c9aa807d13185f230142 
[0;36mDEBUG[0m[2026-03-16 10:14:11.854]   received shard header from network in block tracker [0;36mshard[0m = 0 [0;36mepoch[0m = 0 [0;36mround[0m = 278 [0;36mnonce[0m = 270 [0;36mhash[0m = 703ad55dad98ca93c2eaf3a0bc869d42598ecef8e5d1beadcc1815fc04dab0eb 
[0;36mDEBUG[0m[2026-03-16 10:14:11.854]   received shard header from network in block tracker [0;36mshard[0m = 0 [0;36mepoch[0m = 0 [0;36mround[0m = 279 [0;36mnonce[0m = 271 [0;36mhash[0m = f91d1f18643fd5f8e5226c3d3a7883cdec63cc8612ad607566dbbf30aff6bbf4 
[0;36mDEBUG[0m[2026-03-16 10:14:11.854]   received shard header from network in block tracker [0;36mshard[0m = 0 [0;36mepoch[0m = 0 [0;36mround[0m = 280 [0;36mnonce[0m = 272 [0;36mhash[0m = 13468c1abe68fb22d99328a01c7fbaec906ed0f07931b2c5540146e21019369f 
[0;36mDEBUG[0m[2026-03-16 10:14:11.854]   received shard header from network in block tracker [0;36mshard[0m = 0 [0;36mepoch[0m = 0 [0;36mround[0m = 281 [0;36mnonce[0m = 273 [0;36mhash[0m = f77f3e06a446af295ed0a5dbbacde11cfd42495412461bbd6f49b9977640aa9b 
[0;36mDEBUG[0m[2026-03-16 10:14:11.854]   received shard header from network in block tracker [0;36mshard[0m = 0 [0;36mepoch[0m = 0 [0;36mround[0m = 282 [0;36mnonce[0m = 274 [0;36mhash[0m = 162f7c968de0b1bde7b75c7ff15e64c1a94d5739a765ef7effc0b7b2c7b1ecec 
[0;36mDEBUG[0m[2026-03-16 10:14:11.854]   received shard header from network in block tracker [0;36mshard[0m = 0 [0;36mepoch[0m = 0 [0;36mround[0m = 283 [0;36mnonce[0m = 275 [0;36mhash[0m = 3728dcd107593f3b21bbe23a85c2ec3dec8d807d878b08ad6dfa08f3061940b4 
[0;36mDEBUG[0m[2026-03-16 10:14:11.854]   received shard header from network in block tracker [0;36mshard[0m = 0 [0;36mepoch[0m = 0 [0;36mround[0m = 284 [0;36mnonce[0m = 276 [0;36mhash[0m = 74579b76c8a3d63838b2246c88fb88db9dea9b3e5c432e9ad9f0bbe036da260e 
[0;36mDEBUG[0m[2026-03-16 10:14:11.854]   received shard header from network in block tracker [0;36mshard[0m = 0 [0;36mepoch[0m = 0 [0;36mround[0m = 285 [0;36mnonce[0m = 277 [0;36mhash[0m = 5e9156582c67d6070dea5f4fc55f32bc84559d7464a11c1ce6c363f2cff5e75f 
[0;36mDEBUG[0m[2026-03-16 10:14:11.854]   received shard header from network in block tracker [0;36mshard[0m = 0 [0;36mepoch[0m = 0 [0;36mround[0m = 286 [0;36mnonce[0m = 278 [0;36mhash[0m = 3afd363a0ecc6b3f8c9f6f1d5460d894f150e1aeffb5ea12d1a2dabd53c64f5d 
[0;36mDEBUG[0m[2026-03-16 10:14:11.854]   received shard header from network in block tracker [0;36mshard[0m = 0 [0;36mepoch[0m = 0 [0;36mround[0m = 287 [0;36mnonce[0m = 279 [0;36mhash[0m = 534c04c754cfe5037190e1f344089b76164701e12f8355e5ec5bf3d1b80a1333 
[0;36mDEBUG[0m[2026-03-16 10:14:11.854]   received shard header from network in block tracker [0;36mshard[0m = 0 [0;36mepoch[0m = 0 [0;36mround[0m = 288 [0;36mnonce[0m = 280 [0;36mhash[0m = 16a74ceb00987f6dbf354f022d936750996e7066b08e3c653a6fb179f892eceb 
[0;36mDEBUG[0m[2026-03-16 10:14:11.854]   received shard header from network in block tracker [0;36mshard[0m = 0 [0;36mepoch[0m = 0 [0;36mround[0m = 289 [0;36mnonce[0m = 281 [0;36mhash[0m = 1f5b423e43c0e407012fdff0219ee2b16f2881123b587622b3d76e5599e913f5 
[0;36mDEBUG[0m[2026-03-16 10:14:11.854]   received shard header from network in block tracker [0;36mshard[0m = 0 [0;36mepoch[0m = 0 [0;36mround[0m = 290 [0;36mnonce[0m = 282 [0;36mhash[0m = 435a2db5d4a1539d0d61ecec89daa8bba87420f7915beaba93d057f3803b0988 
[0;36mDEBUG[0m[2026-03-16 10:14:11.854]   received shard header from network in block tracker [0;36mshard[0m = 0 [0;36mepoch[0m = 0 [0;36mround[0m = 291 [0;36mnonce[0m = 283 [0;36mhash[0m = 15691578c96fff0464130f8b4ca383a9542e8c2db0716eb16f54168168f876ff 
[0;36mDEBUG[0m[2026-03-16 10:14:11.854]   received shard header from network in block tracker [0;36mshard[0m = 0 [0;36mepoch[0m = 0 [0;36mround[0m = 292 [0;36mnonce[0m = 284 [0;36mhash[0m = bb6867d0f78bcbbe7bac5969f01df0749d5ce00c9c605c128c9f9723188b1b01 
[0;36mDEBUG[0m[2026-03-16 10:14:11.854]   received shard header from network in block tracker [0;36mshard[0m = 0 [0;36mepoch[0m = 0 [0;36mround[0m = 293 [0;36mnonce[0m = 285 [0;36mhash[0m = 36cf8039555295c624755d0e0cc6494abe07b153a969fab31c1e74dcedbb180f 
[0;36mDEBUG[0m[2026-03-16 10:14:11.855]   received shard header from network in block tracker [0;36mshard[0m = 0 [0;36mepoch[0m = 0 [0;36mround[0m = 294 [0;36mnonce[0m = 286 [0;36mhash[0m = e2115c2a64ad4bab6cd61ede13a5d487067de25bf5f4b089c2bbc55e57b00367 
[0;36mDEBUG[0m[2026-03-16 10:14:11.855]   received shard header from network in block tracker [0;36mshard[0m = 0 [0;36mepoch[0m = 0 [0;36mround[0m = 295 [0;36mnonce[0m = 287 [0;36mhash[0m = 8d452c21423cd030f54288049d8911b31775c9eb554e6afebd81da60fabe1114 
[0;36mDEBUG[0m[2026-03-16 10:14:11.855]   received shard header from network in block tracker [0;36mshard[0m = 0 [0;36mepoch[0m = 0 [0;36mround[0m = 296 [0;36mnonce[0m = 288 [0;36mhash[0m = 091cca70b97bfe2109b7ced7d338d2b4bf9f19cb608c029b19de630ae42977a2 
[0;36mDEBUG[0m[2026-03-16 10:14:11.855]   received shard header from network in block tracker [0;36mshard[0m = 0 [0;36mepoch[0m = 0 [0;36mround[0m = 297 [0;36mnonce[0m = 289 [0;36mhash[0m = 6660255d56fb9da5af01a8b30e947abf9e39acd6eb8e4800758e3a9560d75174 
[0;36mDEBUG[0m[2026-03-16 10:14:11.855]   received shard header from network in block tracker [0;36mshard[0m = 0 [0;36mepoch[0m = 0 [0;36mround[0m = 298 [0;36mnonce[0m = 290 [0;36mhash[0m = 200a477c24ac8f62f9dfccb63ee181f64eb780fcd557faf3250519d86d25a53a 
[0;36mDEBUG[0m[2026-03-16 10:14:11.855]   received shard header from network in block tracker [0;36mshard[0m = 0 [0;36mepoch[0m = 0 [0;36mround[0m = 299 [0;36mnonce[0m = 291 [0;36mhash[0m = 8be756c4a0c8e714cd3ef6d144e124d3cd831694532a2093f21b7b91811f558d 
[0;36mDEBUG[0m[2026-03-16 10:14:11.855]   received shard header from network in block tracker [0;36mshard[0m = 0 [0;36mepoch[0m = 0 [0;36mround[0m = 300 [0;36mnonce[0m = 292 [0;36mhash[0m = 718030290d178c3956f2f593a2b166c8b3edeb388d47d5f6c944d125b8f44b89 
[0;36mDEBUG[0m[2026-03-16 10:14:11.855]   received shard header from network in block tracker [0;36mshard[0m = 0 [0;36mepoch[0m = 0 [0;36mround[0m = 301 [0;36mnonce[0m = 293 [0;36mhash[0m = a960aea4fbea025dbdc3766d5d31b9b22fed435f00fe9813122fd67250448c96 
[0;36mDEBUG[0m[2026-03-16 10:14:11.855]   received shard header from network in block tracker [0;36mshard[0m = 0 [0;36mepoch[0m = 0 [0;36mround[0m = 302 [0;36mnonce[0m = 294 [0;36mhash[0m = 059ad7b460dad5e9d5aa83ca3a04c739c52726205d308d616f3074d283e11b1d 
[0;36mDEBUG[0m[2026-03-16 10:14:11.855]   received shard header from network in block tracker [0;36mshard[0m = 0 [0;36mepoch[0m = 0 [0;36mround[0m = 303 [0;36mnonce[0m = 295 [0;36mhash[0m = a1340e9534a621cdd1bd25c2b4a8e76f2c65cb711dc027334fb113510af3e88a 
[0;36mDEBUG[0m[2026-03-16 10:14:11.855]   received shard header from network in block tracker [0;36mshard[0m = 0 [0;36mepoch[0m = 0 [0;36mround[0m = 304 [0;36mnonce[0m = 296 [0;36mhash[0m = 372427578704ee6cd87c598824d1a94e7f735cd1dd0dd94ab41b9eb096f215d0 
[0;36mDEBUG[0m[2026-03-16 10:14:11.855]   received shard header from network in block tracker [0;36mshard[0m = 0 [0;36mepoch[0m = 0 [0;36mround[0m = 305 [0;36mnonce[0m = 297 [0;36mhash[0m = 4562b2b86b45d383a16419ef6869d734c87bf091eee99c5ed2796acbfe264fa5 
[0;36mDEBUG[0m[2026-03-16 10:14:11.855]   received shard header from network in block tracker [0;36mshard[0m = 0 [0;36mepoch[0m = 0 [0;36mround[0m = 306 [0;36mnonce[0m = 298 [0;36mhash[0m = ae9bef30312fe73aca10367b8fc34f5a4c56cf81948c80165f4ef0be3a0a9c35 
[0;36mDEBUG[0m[2026-03-16 10:14:11.855]   received shard header from network in block tracker [0;36mshard[0m = 0 [0;36mepoch[0m = 0 [0;36mround[0m = 307 [0;36mnonce[0m = 299 [0;36mhash[0m = 6555dd5f462fb8ca00319eed49efd46a67a07bce54f1d1412f40c52df3c85d37 
[0;36mDEBUG[0m[2026-03-16 10:14:11.855]   received shard header from network in block tracker [0;36mshard[0m = 0 [0;36mepoch[0m = 0 [0;36mround[0m = 308 [0;36mnonce[0m = 300 [0;36mhash[0m = ac342c088c45f47b18e9463804318024b36bdf626f0ca68211f4ab5a07a556aa 
[0;36mDEBUG[0m[2026-03-16 10:14:11.855]   received shard header from network in block tracker [0;36mshard[0m = 0 [0;36mepoch[0m = 0 [0;36mround[0m = 309 [0;36mnonce[0m = 301 [0;36mhash[0m = 7cd995c6d8f9720122ccb83945b4e78fac36f1f6544e1e016cde27315a73c6f3 
[0;36mDEBUG[0m[2026-03-16 10:14:11.855]   received shard header from network in block tracker [0;36mshard[0m = 0 [0;36mepoch[0m = 0 [0;36mround[0m = 310 [0;36mnonce[0m = 302 [0;36mhash[0m = 9c52c646e0a6f4d720042c0ecfdfe8617b7ab888d747f7e731cde5a4786e7fa3 
[0;36mDEBUG[0m[2026-03-16 10:14:11.855]   received shard header from network in block tracker [0;36mshard[0m = 0 [0;36mepoch[0m = 0 [0;36mround[0m = 311 [0;36mnonce[0m = 303 [0;36mhash[0m = d955ed8105e8d5d34047bc7e0a375333fd214f334ca94ec7aedc3ea1928f8068 
[0;36mDEBUG[0m[2026-03-16 10:14:11.855]   received shard header from network in block tracker [0;36mshard[0m = 0 [0;36mepoch[0m = 0 [0;36mround[0m = 312 [0;36mnonce[0m = 304 [0;36mhash[0m = 75ee510735f0a93fa2a60f4d2d28c1abce00284d32af5ae5b1fbacefd7f1bb02 
[0;36mDEBUG[0m[2026-03-16 10:14:11.855]   received shard header from network in block tracker [0;36mshard[0m = 0 [0;36mepoch[0m = 0 [0;36mround[0m = 313 [0;36mnonce[0m = 305 [0;36mhash[0m = f0d1b47a8eada88b94204b4d31fd8a3e978427dac642dbd6731710a639807cbd 
[0;36mDEBUG[0m[2026-03-16 10:14:11.855]   received shard header from network in block tracker [0;36mshard[0m = 0 [0;36mepoch[0m = 0 [0;36mround[0m = 314 [0;36mnonce[0m = 306 [0;36mhash[0m = cb38d2e4fa9a7e9424e4d37648f621b432430d8e7add68168f7948bac84e9e06 
[0;36mDEBUG[0m[2026-03-16 10:14:11.855]   received shard header from network in block tracker [0;36mshard[0m = 0 [0;36mepoch[0m = 0 [0;36mround[0m = 315 [0;36mnonce[0m = 307 [0;36mhash[0m = e26a5b50e8947cb96452cb5c4e6e4eea7b270bcffffcad94d4218ad8bfb2feeb 
[0;36mDEBUG[0m[2026-03-16 10:14:11.855]   received shard header from network in block tracker [0;36mshard[0m = 0 [0;36mepoch[0m = 0 [0;36mround[0m = 316 [0;36mnonce[0m = 308 [0;36mhash[0m = eb3eb47c0567adc6fd4823c5105fce4e3787d267ccb42df2b715b66249afbe65 
[0;36mDEBUG[0m[2026-03-16 10:14:11.855]   received shard header from network in block tracker [0;36mshard[0m = 0 [0;36mepoch[0m = 0 [0;36mround[0m = 317 [0;36mnonce[0m = 309 [0;36mhash[0m = 67d157e4d6b71acc97425c36d9bca6937347a534ad664b7c207eec08fae9f417 
[0;36mDEBUG[0m[2026-03-16 10:14:11.855]   received shard header from network in block tracker [0;36mshard[0m = 0 [0;36mepoch[0m = 0 [0;36mround[0m = 318 [0;36mnonce[0m = 310 [0;36mhash[0m = 883d08a2424fa2d0239117f76c66f5120821a84ff444c2533642165beff0637f 
[0;36mDEBUG[0m[2026-03-16 10:14:11.855]   received shard header from network in block tracker [0;36mshard[0m = 0 [0;36mepoch[0m = 0 [0;36mround[0m = 319 [0;36mnonce[0m = 311 [0;36mhash[0m = 82544d6eba0c1fb6977476476103384af38de23a57fe69d378ab4492b8d6e475 
[0;36mDEBUG[0m[2026-03-16 10:14:11.855]   received shard header from network in block tracker [0;36mshard[0m = 0 [0;36mepoch[0m = 0 [0;36mround[0m = 320 [0;36mnonce[0m = 312 [0;36mhash[0m = e1a568b5a571da88b7bfd62dbfa40b47061d93cc4cdeb969f2b81083bbd923e6 
[0;36mDEBUG[0m[2026-03-16 10:14:11.855]   received shard header from network in block tracker [0;36mshard[0m = 0 [0;36mepoch[0m = 0 [0;36mround[0m = 321 [0;36mnonce[0m = 313 [0;36mhash[0m = a7439d7e6cf2e4632410c5d17af8f5bf063d1e64f52b592e348768e39f6fd5e0 
[0;36mDEBUG[0m[2026-03-16 10:14:11.855]   received shard header from network in block tracker [0;36mshard[0m = 0 [0;36mepoch[0m = 0 [0;36mround[0m = 322 [0;36mnonce[0m = 314 [0;36mhash[0m = dd68d3fc2b5db763a66b835c79489ff414c94373fcb73e2b9c56a28dd36023f3 
[0;36mDEBUG[0m[2026-03-16 10:14:11.855]   received shard header from network in block tracker [0;36mshard[0m = 0 [0;36mepoch[0m = 0 [0;36mround[0m = 323 [0;36mnonce[0m = 315 [0;36mhash[0m = fc577a2d08655e2c7737dda5550e1356cba4a7a60a274ee4ff6240ec65a75155 
[0;36mDEBUG[0m[2026-03-16 10:14:11.855]   received shard header from network in block tracker [0;36mshard[0m = 0 [0;36mepoch[0m = 0 [0;36mround[0m = 324 [0;36mnonce[0m = 316 [0;36mhash[0m = 3f6eed06c04a15a8ec0fa8f000856265708962042b3a9a3a62b47204875d49b0 
[0;36mDEBUG[0m[2026-03-16 10:14:11.855]   received shard header from network in block tracker [0;36mshard[0m = 0 [0;36mepoch[0m = 0 [0;36mround[0m = 325 [0;36mnonce[0m = 317 [0;36mhash[0m = 325dfd039d35e6bd366afbc84a55faae8afeff06e89a062f1b77caf12b912a7e 
[0;36mDEBUG[0m[2026-03-16 10:14:11.855]   received shard header from network in block tracker [0;36mshard[0m = 0 [0;36mepoch[0m = 0 [0;36mround[0m = 326 [0;36mnonce[0m = 318 [0;36mhash[0m = fff81f54f5a4a26234cfc0c416a01abdcbd0f663509c86242bc0a8d638c13129 
[0;36mDEBUG[0m[2026-03-16 10:14:11.855]   received shard header from network in block tracker [0;36mshard[0m = 0 [0;36mepoch[0m = 0 [0;36mround[0m = 327 [0;36mnonce[0m = 319 [0;36mhash[0m = e2d78d22becfb7ae759dedfc0a7a3ddbea23453bf7c2279e4d245b4aa27ccde7 
[0;36mDEBUG[0m[2026-03-16 10:14:11.855]   received shard header from network in block tracker [0;36mshard[0m = 0 [0;36mepoch[0m = 0 [0;36mround[0m = 328 [0;36mnonce[0m = 320 [0;36mhash[0m = 4fb1ec3d63cd2002a6a2ca587d942bf3862efd691e48024f3024a2f8a4de0280 
[0;36mDEBUG[0m[2026-03-16 10:14:11.855]   received shard header from network in block tracker [0;36mshard[0m = 0 [0;36mepoch[0m = 0 [0;36mround[0m = 329 [0;36mnonce[0m = 321 [0;36mhash[0m = ef313d3b26e40689e84eb377b28c5c8d1e90b0d628225e333f61a65cea522312 
[0;36mDEBUG[0m[2026-03-16 10:14:11.855]   received shard header from network in block tracker [0;36mshard[0m = 0 [0;36mepoch[0m = 0 [0;36mround[0m = 330 [0;36mnonce[0m = 322 [0;36mhash[0m = c14314a0dd89933fe390fc4f01f2264e634fdb96451342274b859d138f7c588c 
[0;36mDEBUG[0m[2026-03-16 10:14:11.855]   received shard header from network in block tracker [0;36mshard[0m = 0 [0;36mepoch[0m = 0 [0;36mround[0m = 331 [0;36mnonce[0m = 323 [0;36mhash[0m = 28caaef27059a34e5d36936ca37f3d59102432381569a6fa98976dcf2d64d56e 
[0;36mDEBUG[0m[2026-03-16 10:14:11.855]   received shard header from network in block tracker [0;36mshard[0m = 0 [0;36mepoch[0m = 0 [0;36mround[0m = 332 [0;36mnonce[0m = 324 [0;36mhash[0m = 39ab84354e171ea2f1a2a0d3debdef3b71112dc380f35ecbcffa8d88e9608af0 
[0;36mDEBUG[0m[2026-03-16 10:14:11.855]   received shard header from network in block tracker [0;36mshard[0m = 0 [0;36mepoch[0m = 0 [0;36mround[0m = 333 [0;36mnonce[0m = 325 [0;36mhash[0m = 867a4063f65d6bde726f49cc176957724b86b163114cb8537135d007ce65e375 
[0;36mDEBUG[0m[2026-03-16 10:14:11.855]   received shard header from network in block tracker [0;36mshard[0m = 0 [0;36mepoch[0m = 0 [0;36mround[0m = 334 [0;36mnonce[0m = 326 [0;36mhash[0m = 13f4f0cdee1cd0060c49926a7d0f824471ef56ea72cf273347fd0806f72a2f28 
[0;36mDEBUG[0m[2026-03-16 10:14:11.855]   received shard header from network in block tracker [0;36mshard[0m = 0 [0;36mepoch[0m = 0 [0;36mround[0m = 335 [0;36mnonce[0m = 327 [0;36mhash[0m = 94b803bff247677df326d10e2db5e8be061fccc159134e9d54bb6cc9595637a5 
[0;36mDEBUG[0m[2026-03-16 10:14:11.855]   received shard header from network in block tracker [0;36mshard[0m = 0 [0;36mepoch[0m = 0 [0;36mround[0m = 336 [0;36mnonce[0m = 328 [0;36mhash[0m = 2655d4f8904f06eb4ada6fa660f2e44ad4b81de3677f5cb80dc5c401a5213f1f 
[0;36mDEBUG[0m[2026-03-16 10:14:11.855]   received shard header from network in block tracker [0;36mshard[0m = 0 [0;36mepoch[0m = 0 [0;36mround[0m = 337 [0;36mnonce[0m = 329 [0;36mhash[0m = 8f74f4f1cf13a574890b0dca48c46442117f915dabc2fe83d5b6cc6c996f8c46 
[0;36mDEBUG[0m[2026-03-16 10:14:11.855]   received shard header from network in block tracker [0;36mshard[0m = 0 [0;36mepoch[0m = 0 [0;36mround[0m = 338 [0;36mnonce[0m = 330 [0;36mhash[0m = d78185ff49e4bb5c91bd22f1cb9ea48ac9c5a15c56c2b508c53940eabf973586 
[0;36mDEBUG[0m[2026-03-16 10:14:11.855]   received shard header from network in block tracker [0;36mshard[0m = 0 [0;36mepoch[0m = 0 [0;36mround[0m = 339 [0;36mnonce[0m = 331 [0;36mhash[0m = 54d159296ba73d1574e7df89158e5924fc8e132ed946c73d98d03fa11383aa65 
[0;36mDEBUG[0m[2026-03-16 10:14:11.855]   received shard header from network in block tracker [0;36mshard[0m = 0 [0;36mepoch[0m = 0 [0;36mround[0m = 340 [0;36mnonce[0m = 332 [0;36mhash[0m = f875049a6412be81ff3de06be819ffeb5d32ed11f98e127d6abbee6ac3212aa6 
[0;36mDEBUG[0m[2026-03-16 10:14:11.855]   received shard header from network in block tracker [0;36mshard[0m = 0 [0;36mepoch[0m = 0 [0;36mround[0m = 341 [0;36mnonce[0m = 333 [0;36mhash[0m = 7046cf07f865134011d8a27e550e2c45573e06fc990402396f50cd6e5458124a 
[0;36mDEBUG[0m[2026-03-16 10:14:11.855]   received shard header from network in block tracker [0;36mshard[0m = 0 [0;36mepoch[0m = 0 [0;36mround[0m = 342 [0;36mnonce[0m = 334 [0;36mhash[0m = 88f3dc11c46c36738076fe22719b4edc7740541de7a9500f098a99d8ba4029f0 
[0;36mDEBUG[0m[2026-03-16 10:14:11.855]   received shard header from network in block tracker [0;36mshard[0m = 0 [0;36mepoch[0m = 0 [0;36mround[0m = 343 [0;36mnonce[0m = 335 [0;36mhash[0m = 0e6b84e6d80ff93e08cbf870cc5053496ee189e84e23f9afd8d24e2eadd86183 
[0;36mDEBUG[0m[2026-03-16 10:14:11.855]   received shard header from network in block tracker [0;36mshard[0m = 0 [0;36mepoch[0m = 0 [0;36mround[0m = 344 [0;36mnonce[0m = 336 [0;36mhash[0m = cf551d6a00796e7b306ec986cf359c7f0f091cba5b82755a78aef5e6f1a1ca3b 
[0;36mDEBUG[0m[2026-03-16 10:14:11.855]   received shard header from network in block tracker [0;36mshard[0m = 0 [0;36mepoch[0m = 0 [0;36mround[0m = 345 [0;36mnonce[0m = 337 [0;36mhash[0m = 1d524092719de1b9672f8ecd5588159936e9f01307ad7dcb47e634516b59696f 
[0;36mDEBUG[0m[2026-03-16 10:14:11.855]   received shard header from network in block tracker [0;36mshard[0m = 0 [0;36mepoch[0m = 0 [0;36mround[0m = 346 [0;36mnonce[0m = 338 [0;36mhash[0m = f1394e207cedeb8f4abaf079355671e6832e971fb32c818f9a83b44621de5684 
[0;36mDEBUG[0m[2026-03-16 10:14:11.855]   received shard header from network in block tracker [0;36mshard[0m = 0 [0;36mepoch[0m = 0 [0;36mround[0m = 347 [0;36mnonce[0m = 339 [0;36mhash[0m = a783baa56f4dfee81fc5708699c36587adcc8fbcadab099dcf493f171cf68d23 
[0;36mDEBUG[0m[2026-03-16 10:14:11.855]   received shard header from network in block tracker [0;36mshard[0m = 0 [0;36mepoch[0m = 0 [0;36mround[0m = 348 [0;36mnonce[0m = 340 [0;36mhash[0m = f7f39d5f981c21494fa5cf762f03b97035388654504d6b8ee96df5b8b94a7e71 
[0;36mDEBUG[0m[2026-03-16 10:14:11.855]   received shard header from network in block tracker [0;36mshard[0m = 0 [0;36mepoch[0m = 0 [0;36mround[0m = 349 [0;36mnonce[0m = 341 [0;36mhash[0m = 35aedfb5412ee21d6a9a688638fd1f8fadf2386c626e9d5d9ffeb03552aba659 
[0;36mDEBUG[0m[2026-03-16 10:14:11.855]   received shard header from network in block tracker [0;36mshard[0m = 0 [0;36mepoch[0m = 0 [0;36mround[0m = 350 [0;36mnonce[0m = 342 [0;36mhash[0m = 7ea812df9ae125926f11008163d2aadd01d415151d0e20b8372ea227a5cae06b 
[0;36mDEBUG[0m[2026-03-16 10:14:11.855]   received shard header from network in block tracker [0;36mshard[0m = 0 [0;36mepoch[0m = 0 [0;36mround[0m = 351 [0;36mnonce[0m = 343 [0;36mhash[0m = 8f5b4a06ee8dd3208f05b546d377599ef42776a696d0654816d1d83daba2ab99 
[0;36mDEBUG[0m[2026-03-16 10:14:11.855]   received shard header from network in block tracker [0;36mshard[0m = 0 [0;36mepoch[0m = 0 [0;36mround[0m = 352 [0;36mnonce[0m = 344 [0;36mhash[0m = 986c2f9a3b1f0a802258f99277fc59e3af652c288b13f1ca10a8575c4a8bbf0c 
[0;36mDEBUG[0m[2026-03-16 10:14:11.856]   received shard header from network in block tracker [0;36mshard[0m = 0 [0;36mepoch[0m = 0 [0;36mround[0m = 353 [0;36mnonce[0m = 345 [0;36mhash[0m = 087a7189e3dea51a2eb7cf2863aeae61fdd8639f254b0b8c0b146be8e8e831b3 
[0;36mDEBUG[0m[2026-03-16 10:14:11.856]   received shard header from network in block tracker [0;36mshard[0m = 0 [0;36mepoch[0m = 0 [0;36mround[0m = 354 [0;36mnonce[0m = 346 [0;36mhash[0m = e9517a299427a8c9856a7021435290a911e664bd939c35d4ad452409225aecaa 
[0;36mDEBUG[0m[2026-03-16 10:14:11.856]   received shard header from network in block tracker [0;36mshard[0m = 0 [0;36mepoch[0m = 0 [0;36mround[0m = 355 [0;36mnonce[0m = 347 [0;36mhash[0m = d3e021a951d20d034f5f93d76580b3891321aa8a2e9006a6a486162786a47bf8 
[0;36mDEBUG[0m[2026-03-16 10:14:11.856]   received shard header from network in block tracker [0;36mshard[0m = 0 [0;36mepoch[0m = 0 [0;36mround[0m = 356 [0;36mnonce[0m = 348 [0;36mhash[0m = 340f527a9c91833a6449a9af2e2a5b1793322608ec99b9d10fa47b056f1cb817 
[0;36mDEBUG[0m[2026-03-16 10:14:11.856]   received shard header from network in block tracker [0;36mshard[0m = 0 [0;36mepoch[0m = 0 [0;36mround[0m = 357 [0;36mnonce[0m = 349 [0;36mhash[0m = f80a286174ab362900c50116eb0042e5fc0e6302b3e25fe4eaba4ace1f91a809 
[0;36mDEBUG[0m[2026-03-16 10:14:11.856]   received shard header from network in block tracker [0;36mshard[0m = 0 [0;36mepoch[0m = 0 [0;36mround[0m = 358 [0;36mnonce[0m = 350 [0;36mhash[0m = 4646041ab88ca9fb23e5e53e4e35dff4c47abfe20a2ced16152feadbacb92d97 
[0;36mDEBUG[0m[2026-03-16 10:14:11.856]   received shard header from network in block tracker [0;36mshard[0m = 0 [0;36mepoch[0m = 0 [0;36mround[0m = 359 [0;36mnonce[0m = 351 [0;36mhash[0m = bc806bae0d96d3b7e652c96ca7ca439f861bcf6f3660c59391f23e7697f16c51 
[0;36mDEBUG[0m[2026-03-16 10:14:11.856]   received shard header from network in block tracker [0;36mshard[0m = 0 [0;36mepoch[0m = 0 [0;36mround[0m = 360 [0;36mnonce[0m = 352 [0;36mhash[0m = 1c9d2488bfe05108621707f717fcead69fb42a25e484144c4075f4eb49cbc3e7 
[0;36mDEBUG[0m[2026-03-16 10:14:11.856]   received shard header from network in block tracker [0;36mshard[0m = 0 [0;36mepoch[0m = 0 [0;36mround[0m = 361 [0;36mnonce[0m = 353 [0;36mhash[0m = cbd1e7346c41230d3447728d9c3b4585137f4277d9408b068f348baaf20a8f0b 
[0;36mDEBUG[0m[2026-03-16 10:14:11.856]   received shard header from network in block tracker [0;36mshard[0m = 0 [0;36mepoch[0m = 0 [0;36mround[0m = 362 [0;36mnonce[0m = 354 [0;36mhash[0m = 20e1939a818b28a5290efea33e1f2af306d9a7e8b485fadfdb74ac8498313c69 
[0;36mDEBUG[0m[2026-03-16 10:14:11.856]   received shard header from network in block tracker [0;36mshard[0m = 0 [0;36mepoch[0m = 0 [0;36mround[0m = 363 [0;36mnonce[0m = 355 [0;36mhash[0m = 913a8df708cc01374250892ac36d3969187b48bafd739c717db2416de122aaa5 
[0;36mDEBUG[0m[2026-03-16 10:14:11.856]   received shard header from network in block tracker [0;36mshard[0m = 0 [0;36mepoch[0m = 0 [0;36mround[0m = 364 [0;36mnonce[0m = 356 [0;36mhash[0m = 6073e9f11301df78409c174e7dbab9f1f301565a9a5b02857f115c61f0f35daa 
[0;36mDEBUG[0m[2026-03-16 10:14:11.856]   received shard header from network in block tracker [0;36mshard[0m = 0 [0;36mepoch[0m = 0 [0;36mround[0m = 365 [0;36mnonce[0m = 357 [0;36mhash[0m = e4ee0fe3754d66df397b128053dd45d9e44e122add3b73eebd242113b1c56378 
[0;36mDEBUG[0m[2026-03-16 10:14:11.856]   received shard header from network in block tracker [0;36mshard[0m = 0 [0;36mepoch[0m = 0 [0;36mround[0m = 366 [0;36mnonce[0m = 358 [0;36mhash[0m = 9dc903f0ed082dbbe256b16faf2804dd7d5b435f9b08b8d9a1893434f27efc12 
[0;36mDEBUG[0m[2026-03-16 10:14:11.856]   received shard header from network in block tracker [0;36mshard[0m = 0 [0;36mepoch[0m = 0 [0;36mround[0m = 367 [0;36mnonce[0m = 359 [0;36mhash[0m = 8582dfc0686e0d4b07d3103d2b92c904fe3384b85d9acfcda99ad123a987d7d5 
[0;36mDEBUG[0m[2026-03-16 10:14:11.856]   received shard header from network in block tracker [0;36mshard[0m = 0 [0;36mepoch[0m = 0 [0;36mround[0m = 368 [0;36mnonce[0m = 360 [0;36mhash[0m = 2077ad3d4d73fe091167bc0384d49a94e568d7397ad5bd24c13096bfd41e3f2b 
[0;36mDEBUG[0m[2026-03-16 10:14:11.856]   received shard header from network in block tracker [0;36mshard[0m = 0 [0;36mepoch[0m = 0 [0;36mround[0m = 369 [0;36mnonce[0m = 361 [0;36mhash[0m = f11cf8d8584d18c5bd22429de08421c3d8271496cde40b85626222722279f290 
[0;36mDEBUG[0m[2026-03-16 10:14:11.856]   received shard header from network in block tracker [0;36mshard[0m = 0 [0;36mepoch[0m = 0 [0;36mround[0m = 370 [0;36mnonce[0m = 362 [0;36mhash[0m = 27dd1e077ebdb947b455fb87b31a5d0c6832daec0e8395a2a0d282d5cf5fa457 
[0;36mDEBUG[0m[2026-03-16 10:14:11.856]   received shard header from network in block tracker [0;36mshard[0m = 0 [0;36mepoch[0m = 0 [0;36mround[0m = 371 [0;36mnonce[0m = 363 [0;36mhash[0m = e0e6aa522369185e2b62f5acdaec537aeea8a83f5d20bd8faeb425c4a3ddac36 
[0;36mDEBUG[0m[2026-03-16 10:14:11.856]   received shard header from network in block tracker [0;36mshard[0m = 0 [0;36mepoch[0m = 0 [0;36mround[0m = 372 [0;36mnonce[0m = 364 [0;36mhash[0m = d4d8614c0fb02844957664066f08346b833ca3a8451d0f0fac2b727c9b968adf 
[0;36mDEBUG[0m[2026-03-16 10:14:11.856]   received shard header from network in block tracker [0;36mshard[0m = 0 [0;36mepoch[0m = 0 [0;36mround[0m = 373 [0;36mnonce[0m = 365 [0;36mhash[0m = e5eff0b38f31363495a4166b80b506a645a0c21ed5897d49e498d339622584ee 
[0;36mDEBUG[0m[2026-03-16 10:14:11.856]   received shard header from network in block tracker [0;36mshard[0m = 0 [0;36mepoch[0m = 0 [0;36mround[0m = 374 [0;36mnonce[0m = 366 [0;36mhash[0m = ade853477983b517803da48df41770c33b8b45de66ff7cefd4d4c868a5a0574b 
[0;36mDEBUG[0m[2026-03-16 10:14:11.856]   received shard header from network in block tracker [0;36mshard[0m = 0 [0;36mepoch[0m = 0 [0;36mround[0m = 375 [0;36mnonce[0m = 367 [0;36mhash[0m = e86ff9be2c1b24384dd79d74fe429f8a6a5960d5e1c174f333dedf365d365702 
[0;36mDEBUG[0m[2026-03-16 10:14:11.856]   received shard header from network in block tracker [0;36mshard[0m = 0 [0;36mepoch[0m = 0 [0;36mround[0m = 376 [0;36mnonce[0m = 368 [0;36mhash[0m = 298f59ebe29f53eaf6fbfb2de13caae624695a38e1170d81ef6544c6d7a03ba1 
[0;36mDEBUG[0m[2026-03-16 10:14:11.856]   received shard header from network in block tracker [0;36mshard[0m = 0 [0;36mepoch[0m = 0 [0;36mround[0m = 377 [0;36mnonce[0m = 369 [0;36mhash[0m = 253edfd95f7a74db06c51434f6ae9b75e43907150fd3b7150d980d37ac18a118 
[0;36mDEBUG[0m[2026-03-16 10:14:11.856]   received shard header from network in block tracker [0;36mshard[0m = 0 [0;36mepoch[0m = 0 [0;36mround[0m = 378 [0;36mnonce[0m = 370 [0;36mhash[0m = 9d37c49012b15f8b683323729c5a178b20678b65a151cf7fc7253afa66782a48 
[0;36mDEBUG[0m[2026-03-16 10:14:11.856]   received shard header from network in block tracker [0;36mshard[0m = 0 [0;36mepoch[0m = 0 [0;36mround[0m = 379 [0;36mnonce[0m = 371 [0;36mhash[0m = 6286e6c9d56e1a12d0c71b2ed306d54dd8471081bd871d23eefa0e5c960adf61 
[0;36mDEBUG[0m[2026-03-16 10:14:11.856]   received shard header from network in block tracker [0;36mshard[0m = 0 [0;36mepoch[0m = 0 [0;36mround[0m = 380 [0;36mnonce[0m = 372 [0;36mhash[0m = 4d385b03612257d641ecc9bbfd884a601ab70b9b785f4afab6cc97264f093ea9 
[0;36mDEBUG[0m[2026-03-16 10:14:11.856]   received shard header from network in block tracker [0;36mshard[0m = 0 [0;36mepoch[0m = 0 [0;36mround[0m = 381 [0;36mnonce[0m = 373 [0;36mhash[0m = fe89193c6c53c459bc760b1afbbeb371c814a7bdc327381c580b12a829d4ba43 
[0;36mDEBUG[0m[2026-03-16 10:14:11.856]   received shard header from network in block tracker [0;36mshard[0m = 0 [0;36mepoch[0m = 0 [0;36mround[0m = 382 [0;36mnonce[0m = 374 [0;36mhash[0m = 077388b2672995c466aee2124d6a7a9d9c044514f92d3f1ab08279a8092cacd7 
[0;36mDEBUG[0m[2026-03-16 10:14:11.856]   received shard header from network in block tracker [0;36mshard[0m = 0 [0;36mepoch[0m = 0 [0;36mround[0m = 383 [0;36mnonce[0m = 375 [0;36mhash[0m = 26039b3da736610f824873d99e7caf3103b65235da301d21d4c84ea7ccb31454 
[0;36mDEBUG[0m[2026-03-16 10:14:11.856]   received shard header from network in block tracker [0;36mshard[0m = 0 [0;36mepoch[0m = 0 [0;36mround[0m = 384 [0;36mnonce[0m = 376 [0;36mhash[0m = c4e3b80f0e18f28efc4a8dd16680be90f8920e078bd7cc61a681e169eeb25288 
[0;36mDEBUG[0m[2026-03-16 10:14:11.856]   received shard header from network in block tracker [0;36mshard[0m = 0 [0;36mepoch[0m = 0 [0;36mround[0m = 385 [0;36mnonce[0m = 377 [0;36mhash[0m = 8cab96cf646bbb11f7d3ecc87556c3366f1241af4d9a0299423bdf4aaa6716a3 
[0;36mDEBUG[0m[2026-03-16 10:14:11.856]   received shard header from network in block tracker [0;36mshard[0m = 0 [0;36mepoch[0m = 0 [0;36mround[0m = 386 [0;36mnonce[0m = 378 [0;36mhash[0m = c8a0d347048fd93dc4bb703b6d45287ba50b9b96f7dc46520714b05906c5a5a3 
[0;36mDEBUG[0m[2026-03-16 10:14:11.856]   received shard header from network in block tracker [0;36mshard[0m = 0 [0;36mepoch[0m = 0 [0;36mround[0m = 387 [0;36mnonce[0m = 379 [0;36mhash[0m = e9bc426785e4b1acd236b18b2d784fcaf7a1b1c89bb848d35514ae200bc1852e 
[0;36mDEBUG[0m[2026-03-16 10:14:11.856]   received shard header from network in block tracker [0;36mshard[0m = 0 [0;36mepoch[0m = 0 [0;36mround[0m = 388 [0;36mnonce[0m = 380 [0;36mhash[0m = 88a0c5dc6ef7a599f3b35267768942f86a9614165b1d2e9ba0a2bfcf063f949b 
[0;36mDEBUG[0m[2026-03-16 10:14:11.856]   received shard header from network in block tracker [0;36mshard[0m = 0 [0;36mepoch[0m = 0 [0;36mround[0m = 389 [0;36mnonce[0m = 381 [0;36mhash[0m = 70ac974e3cfb82b2b4b6e4e870a658a14bbc7021390fb93623972854a411ce7d 
[0;36mDEBUG[0m[2026-03-16 10:14:11.856]   received shard header from network in block tracker [0;36mshard[0m = 0 [0;36mepoch[0m = 0 [0;36mround[0m = 390 [0;36mnonce[0m = 382 [0;36mhash[0m = b1eed9195cc3e53b32391128432d1b83e0b739167d127f37e1b8d652019bacd9 
[0;36mDEBUG[0m[2026-03-16 10:14:11.856]   received shard header from network in block tracker [0;36mshard[0m = 0 [0;36mepoch[0m = 0 [0;36mround[0m = 391 [0;36mnonce[0m = 383 [0;36mhash[0m = 0a86eabe884765969b54f4a0227e3e1003d80ec7a1d4566514ec3b7cc44d861d 
[0;36mDEBUG[0m[2026-03-16 10:14:11.856]   received shard header from network in block tracker [0;36mshard[0m = 0 [0;36mepoch[0m = 0 [0;36mround[0m = 392 [0;36mnonce[0m = 384 [0;36mhash[0m = 2f6239e47fbcaa685f944cbc7b6efe3facce2010597b025186438c62719283b8 
[0;36mDEBUG[0m[2026-03-16 10:14:11.856]   received shard header from network in block tracker [0;36mshard[0m = 0 [0;36mepoch[0m = 0 [0;36mround[0m = 393 [0;36mnonce[0m = 385 [0;36mhash[0m = 10da92abd83ac68dd46341429942d0f0c11a0e3ea21e853f1f5f3f0dfa88dd44 
[0;36mDEBUG[0m[2026-03-16 10:14:11.856]   received shard header from network in block tracker [0;36mshard[0m = 0 [0;36mepoch[0m = 0 [0;36mround[0m = 394 [0;36mnonce[0m = 386 [0;36mhash[0m = bab1ec29b6bebc3f8fdf32f6ac19c1bf098835d86057c3f0c8685f684737eaa6 
[0;36mDEBUG[0m[2026-03-16 10:14:11.856]   received shard header from network in block tracker [0;36mshard[0m = 0 [0;36mepoch[0m = 0 [0;36mround[0m = 395 [0;36mnonce[0m = 387 [0;36mhash[0m = 8dcd6115833775df5f76c892b914260e19a88c26146f8f9dea219fc1fe735a7e 
[0;36mDEBUG[0m[2026-03-16 10:14:11.856]   received shard header from network in block tracker [0;36mshard[0m = 0 [0;36mepoch[0m = 0 [0;36mround[0m = 396 [0;36mnonce[0m = 388 [0;36mhash[0m = 5e4cf6996372ff1abaee00330f30fe95a9fd7bf40752c37750b7dddb96c16758 
[0;36mDEBUG[0m[2026-03-16 10:14:11.856]   received shard header from network in block tracker [0;36mshard[0m = 0 [0;36mepoch[0m = 0 [0;36mround[0m = 397 [0;36mnonce[0m = 389 [0;36mhash[0m = e7557f09670ac2399c1f119d1a74137a8688cd191263fddec15d2e2671bc7328 
[0;36mDEBUG[0m[2026-03-16 10:14:11.856]   received shard header from network in block tracker [0;36mshard[0m = 0 [0;36mepoch[0m = 0 [0;36mround[0m = 398 [0;36mnonce[0m = 390 [0;36mhash[0m = 550967c0121267391716f09141804f236041d18bc4fe98c0cc0362b43737d956 
[0;36mDEBUG[0m[2026-03-16 10:14:11.856]   received shard header from network in block tracker [0;36mshard[0m = 0 [0;36mepoch[0m = 0 [0;36mround[0m = 399 [0;36mnonce[0m = 391 [0;36mhash[0m = 791525ddb06262feefd122368d1edab49c01b2da8d14e642fa839f1e648cec8f 
[0;36mDEBUG[0m[2026-03-16 10:14:11.856]   received shard header from network in block tracker [0;36mshard[0m = 0 [0;36mepoch[0m = 0 [0;36mround[0m = 400 [0;36mnonce[0m = 392 [0;36mhash[0m = 076d2b29380158b2b0e2e3432a2d1d3cd01cb7fd0ad39c5a8c6a9c33db0811b6 
[0;36mDEBUG[0m[2026-03-16 10:14:11.856]   received shard header from network in block tracker [0;36mshard[0m = 0 [0;36mepoch[0m = 0 [0;36mround[0m = 401 [0;36mnonce[0m = 393 [0;36mhash[0m = 08f45e1f4af1be4b9d4e5a34456299f7d00a681c7b0b976e31948931ef573949 
[0;36mDEBUG[0m[2026-03-16 10:14:11.856]   received shard header from network in block tracker [0;36mshard[0m = 0 [0;36mepoch[0m = 0 [0;36mround[0m = 402 [0;36mnonce[0m = 394 [0;36mhash[0m = 68d51d619f35673e8462828b3f9a2e2d3d261d001a5d3eb6041d3c29c306523b 
[0;36mDEBUG[0m[2026-03-16 10:14:11.856]   received shard header from network in block tracker [0;36mshard[0m = 0 [0;36mepoch[0m = 0 [0;36mround[0m = 403 [0;36mnonce[0m = 395 [0;36mhash[0m = 0cd44797c1896f3f1bcefd2edfca81325d4c71801f2326c6b482c9a3e88557bf 
[0;36mDEBUG[0m[2026-03-16 10:14:11.856]   received shard header from network in block tracker [0;36mshard[0m = 0 [0;36mepoch[0m = 0 [0;36mround[0m = 404 [0;36mnonce[0m = 396 [0;36mhash[0m = 010057c995866c7b7cdc2868d112b85002381852ef0542fff5090d0bdc576784 
[0;36mDEBUG[0m[2026-03-16 10:14:11.856]   received shard header from network in block tracker [0;36mshard[0m = 0 [0;36mepoch[0m = 0 [0;36mround[0m = 405 [0;36mnonce[0m = 397 [0;36mhash[0m = ade11639fd53ac876d0f18848799f1cb7414db6bcb4db2b72613c9671decca0e 
[0;36mDEBUG[0m[2026-03-16 10:14:11.856]   received shard header from network in block tracker [0;36mshard[0m = 0 [0;36mepoch[0m = 0 [0;36mround[0m = 406 [0;36mnonce[0m = 398 [0;36mhash[0m = cd7ad4d2a782c17f4d648e42e7fcb6e3d9cf06cff2afd967fe4a8ea2011b886d 
[0;36mDEBUG[0m[2026-03-16 10:14:11.856]   received shard header from network in block tracker [0;36mshard[0m = 0 [0;36mepoch[0m = 0 [0;36mround[0m = 407 [0;36mnonce[0m = 399 [0;36mhash[0m = 1956682484cc3772815fc7df67c1d6a046bbf05accbabe8bf292a8acda0ae940 
[0;36mDEBUG[0m[2026-03-16 10:14:11.856]   received shard header from network in block tracker [0;36mshard[0m = 0 [0;36mepoch[0m = 0 [0;36mround[0m = 408 [0;36mnonce[0m = 400 [0;36mhash[0m = 69d169ee3da2ce6e16c65b169c5881924e0ca9a967b0be8651c05d50c937d409 
[0;36mDEBUG[0m[2026-03-16 10:14:11.856]   received shard header from network in block tracker [0;36mshard[0m = 0 [0;36mepoch[0m = 0 [0;36mround[0m = 409 [0;36mnonce[0m = 401 [0;36mhash[0m = f9818960a4ae64c5884d97cc1d0870d2845cbf258f2b16a97698db5dfe7138b7 
[0;36mDEBUG[0m[2026-03-16 10:14:11.856]   received shard header from network in block tracker [0;36mshard[0m = 0 [0;36mepoch[0m = 0 [0;36mround[0m = 410 [0;36mnonce[0m = 402 [0;36mhash[0m = a761eac35bc77f649e5d5abdf158851f88a4bc6a0037443cdf3baf339c2d5d7b 
[0;36mDEBUG[0m[2026-03-16 10:14:11.856]   received shard header from network in block tracker [0;36mshard[0m = 0 [0;36mepoch[0m = 0 [0;36mround[0m = 411 [0;36mnonce[0m = 403 [0;36mhash[0m = e13be71bc82caf5bde54684e9f511c74c996adf8b5b6c1a797b0d2cddb596906 
[0;36mDEBUG[0m[2026-03-16 10:14:11.856]   received shard header from network in block tracker [0;36mshard[0m = 0 [0;36mepoch[0m = 0 [0;36mround[0m = 412 [0;36mnonce[0m = 404 [0;36mhash[0m = 5954ef8cd7b7abbea6335b0523f2cf3ee75ea2ac8b6d27545c68ffa16f7a0299 
[0;36mDEBUG[0m[2026-03-16 10:14:11.856]   received shard header from network in block tracker [0;36mshard[0m = 0 [0;36mepoch[0m = 0 [0;36mround[0m = 413 [0;36mnonce[0m = 405 [0;36mhash[0m = c3d48c4c4324f23d2a1560f562f4f0b5fba3b3c8e19e8a1804d45123c0158e2a 
[0;36mDEBUG[0m[2026-03-16 10:14:11.856]   received shard header from network in block tracker [0;36mshard[0m = 0 [0;36mepoch[0m = 0 [0;36mround[0m = 414 [0;36mnonce[0m = 406 [0;36mhash[0m = 6cfb1a809adb71b7aadbe401678003a0033382f6a2792b9155b3a23d4d9ae89e 
[0;36mDEBUG[0m[2026-03-16 10:14:11.856]   received shard header from network in block tracker [0;36mshard[0m = 0 [0;36mepoch[0m = 0 [0;36mround[0m = 415 [0;36mnonce[0m = 407 [0;36mhash[0m = cf2235def212d51f24741de84bff66dff9a7b0e127c12e2315505a7f7a17c119 
[0;36mDEBUG[0m[2026-03-16 10:14:11.856]   received shard header from network in block tracker [0;36mshard[0m = 0 [0;36mepoch[0m = 0 [0;36mround[0m = 416 [0;36mnonce[0m = 408 [0;36mhash[0m = 3da376fbb134988f3426ad695817e5df39f55a57f5134f350123dd25fac5be34 
[0;36mDEBUG[0m[2026-03-16 10:14:11.856]   received shard header from network in block tracker [0;36mshard[0m = 0 [0;36mepoch[0m = 0 [0;36mround[0m = 417 [0;36mnonce[0m = 409 [0;36mhash[0m = 480e43a6c8578ffffd65de92199d1a09037bb7c3398a30214462ffe5722e1dc1 
[0;36mDEBUG[0m[2026-03-16 10:14:11.856]   received shard header from network in block tracker [0;36mshard[0m = 0 [0;36mepoch[0m = 0 [0;36mround[0m = 418 [0;36mnonce[0m = 410 [0;36mhash[0m = f35d0d207cc3b5a01f1507a1d42676cba8ad5cb43668424ad1e75ef9d8ad3b68 
[0;36mDEBUG[0m[2026-03-16 10:14:11.856]   received shard header from network in block tracker [0;36mshard[0m = 0 [0;36mepoch[0m = 0 [0;36mround[0m = 419 [0;36mnonce[0m = 411 [0;36mhash[0m = e0ad189ad21942a9109408fbdb3572062052b48c95fdf32b78969c10d02f7cef 
[0;36mDEBUG[0m[2026-03-16 10:14:11.856]   received shard header from network in block tracker [0;36mshard[0m = 0 [0;36mepoch[0m = 0 [0;36mround[0m = 420 [0;36mnonce[0m = 412 [0;36mhash[0m = 959ad515aeb3a55a4505f61daa9b7eec46a5a96e5d52ca9413606258b43c9e5f 
[0;36mDEBUG[0m[2026-03-16 10:14:11.856]   received shard header from network in block tracker [0;36mshard[0m = 0 [0;36mepoch[0m = 0 [0;36mround[0m = 421 [0;36mnonce[0m = 413 [0;36mhash[0m = 32de9124734c9da13dbdda273acacbf6bb64f2440b97eaeb3da7e597425e8521 
[0;36mDEBUG[0m[2026-03-16 10:14:11.856]   received shard header from network in block tracker [0;36mshard[0m = 0 [0;36mepoch[0m = 0 [0;36mround[0m = 422 [0;36mnonce[0m = 414 [0;36mhash[0m = 53fd497af7d93680c03bea2152032f46e6237d1fa29ae03621e3375a2021bede 
[0;36mDEBUG[0m[2026-03-16 10:14:11.856]   received shard header from network in block tracker [0;36mshard[0m = 0 [0;36mepoch[0m = 0 [0;36mround[0m = 423 [0;36mnonce[0m = 415 [0;36mhash[0m = 3c9a6a486d699a693feb82b477ef39234f7ef9fa2dcfd73d2bd1aebc6ae35f6d 
[0;36mDEBUG[0m[2026-03-16 10:14:11.856]   received shard header from network in block tracker [0;36mshard[0m = 0 [0;36mepoch[0m = 0 [0;36mround[0m = 424 [0;36mnonce[0m = 416 [0;36mhash[0m = 924dc6aac8c35c74dfdaf4b5540f9b48b8a062d6e96797967cb79cf3c59e35bd 
[0;36mDEBUG[0m[2026-03-16 10:14:11.856]   received shard header from network in block tracker [0;36mshard[0m = 0 [0;36mepoch[0m = 0 [0;36mround[0m = 425 [0;36mnonce[0m = 417 [0;36mhash[0m = d55d19796c11bbd32589cddfeab02723330c23f4dfb760c293911d08d0710d8f 
[0;36mDEBUG[0m[2026-03-16 10:14:11.856]   received shard header from network in block tracker [0;36mshard[0m = 0 [0;36mepoch[0m = 0 [0;36mround[0m = 426 [0;36mnonce[0m = 418 [0;36mhash[0m = cb88b8b01e304612c49aa314fb2b2c9bd70aef2c4fb23252eed206bc4ce10392 
[0;36mDEBUG[0m[2026-03-16 10:14:11.856]   received shard header from network in block tracker [0;36mshard[0m = 0 [0;36mepoch[0m = 0 [0;36mround[0m = 427 [0;36mnonce[0m = 419 [0;36mhash[0m = 1f4e76ad02973899971691ce3bec5fa2b37ccf2c82892debcf094c23b3c90b47 
[0;36mDEBUG[0m[2026-03-16 10:14:11.856]   received shard header from network in block tracker [0;36mshard[0m = 0 [0;36mepoch[0m = 0 [0;36mround[0m = 428 [0;36mnonce[0m = 420 [0;36mhash[0m = db824927dc5ba4b194905dd0f41562dded27bd64a1a2d884be6404279cac389d 
[0;36mDEBUG[0m[2026-03-16 10:14:11.856]   received shard header from network in block tracker [0;36mshard[0m = 0 [0;36mepoch[0m = 0 [0;36mround[0m = 429 [0;36mnonce[0m = 421 [0;36mhash[0m = d438e1246af5f8797d23d69c11fc426b50b6b9249d69e612c6b7bfd174fe75a5 
[0;36mDEBUG[0m[2026-03-16 10:14:11.856]   received shard header from network in block tracker [0;36mshard[0m = 0 [0;36mepoch[0m = 0 [0;36mround[0m = 430 [0;36mnonce[0m = 422 [0;36mhash[0m = e9b66fb746e770fa1ea98d8ba49d1ca1f6e4c9dbcff86d57c2d81da9ac5a2acb 
[0;36mDEBUG[0m[2026-03-16 10:14:11.856]   received shard header from network in block tracker [0;36mshard[0m = 0 [0;36mepoch[0m = 0 [0;36mround[0m = 431 [0;36mnonce[0m = 423 [0;36mhash[0m = 0e2b52a59a13210e441ee4e579b4b10f4b5a08be27fc9acc97769190b8552a9f 
[0;36mDEBUG[0m[2026-03-16 10:14:11.856]   received shard header from network in block tracker [0;36mshard[0m = 0 [0;36mepoch[0m = 0 [0;36mround[0m = 432 [0;36mnonce[0m = 424 [0;36mhash[0m = c38fff746c703acbfba7b2510548ea89e4fbbd23440071ab603fa8a9660a4d12 
[0;36mDEBUG[0m[2026-03-16 10:14:11.856]   received shard header from network in block tracker [0;36mshard[0m = 0 [0;36mepoch[0m = 0 [0;36mround[0m = 433 [0;36mnonce[0m = 425 [0;36mhash[0m = 8a000c89d4357f4803eaca251ead93192c61e2c904b84632a705c518313f73d2 
[0;36mDEBUG[0m[2026-03-16 10:14:11.856]   received shard header from network in block tracker [0;36mshard[0m = 0 [0;36mepoch[0m = 0 [0;36mround[0m = 434 [0;36mnonce[0m = 426 [0;36mhash[0m = b2421053cfcf23f11df166331454f7f6f4fe0f42eb2341c876a4097c41f4ca85 
[0;36mDEBUG[0m[2026-03-16 10:14:11.856]   received shard header from network in block tracker [0;36mshard[0m = 0 [0;36mepoch[0m = 0 [0;36mround[0m = 435 [0;36mnonce[0m = 427 [0;36mhash[0m = 0e054e6b53c6ee8cf8033882ba8ef5aad1ed8919f88344e373e65cbcec1836b3 
[0;36mDEBUG[0m[2026-03-16 10:14:11.856]   received shard header from network in block tracker [0;36mshard[0m = 0 [0;36mepoch[0m = 0 [0;36mround[0m = 436 [0;36mnonce[0m = 428 [0;36mhash[0m = 1afb78eabb66da1668e2e72fc395de310fe2e119ba500d09eb6ea28becdad3a0 
[0;36mDEBUG[0m[2026-03-16 10:14:11.856]   received shard header from network in block tracker [0;36mshard[0m = 0 [0;36mepoch[0m = 0 [0;36mround[0m = 437 [0;36mnonce[0m = 429 [0;36mhash[0m = ea29380f053bbc56a3018f6b2aee4c0fe5bc11ca1374f3514a70f88f5c038492 
[0;36mDEBUG[0m[2026-03-16 10:14:11.856]   received shard header from network in block tracker [0;36mshard[0m = 0 [0;36mepoch[0m = 0 [0;36mround[0m = 438 [0;36mnonce[0m = 430 [0;36mhash[0m = af6a2e3aae87238088cad6021e813deb4c53f05313e1d2116335a37511f89922 
[0;36mDEBUG[0m[2026-03-16 10:14:11.856]   received shard header from network in block tracker [0;36mshard[0m = 0 [0;36mepoch[0m = 0 [0;36mround[0m = 439 [0;36mnonce[0m = 431 [0;36mhash[0m = f3a551708c4521782fcabf16c1580d240b3843b8db57536ee73b296fa1981651 
[0;36mDEBUG[0m[2026-03-16 10:14:11.856]   received shard header from network in block tracker [0;36mshard[0m = 0 [0;36mepoch[0m = 0 [0;36mround[0m = 440 [0;36mnonce[0m = 432 [0;36mhash[0m = 244642e78fb6645d223d9635d092644cc77ca6054552ce11df20c1644c8b7f8e 
[0;36mDEBUG[0m[2026-03-16 10:14:11.856]   received shard header from network in block tracker [0;36mshard[0m = 0 [0;36mepoch[0m = 0 [0;36mround[0m = 441 [0;36mnonce[0m = 433 [0;36mhash[0m = aac8a4f99da2d38d0dcad15eabebb4fafd34cf41804a45880f89f339e4ac7563 
[0;36mDEBUG[0m[2026-03-16 10:14:11.856]   received shard header from network in block tracker [0;36mshard[0m = 0 [0;36mepoch[0m = 0 [0;36mround[0m = 442 [0;36mnonce[0m = 434 [0;36mhash[0m = 6ae70e322d4647d0b3c8bb872dd9e43a25c5fff1897b04f3f98f6d3d03576081 
[0;36mDEBUG[0m[2026-03-16 10:14:11.856]   received shard header from network in block tracker [0;36mshard[0m = 0 [0;36mepoch[0m = 0 [0;36mround[0m = 443 [0;36mnonce[0m = 435 [0;36mhash[0m = 844b41305c613eed02e926e8529729ac813298c7b18668ca8402b4cee8dbf1a1 
[0;36mDEBUG[0m[2026-03-16 10:14:11.856]   received shard header from network in block tracker [0;36mshard[0m = 0 [0;36mepoch[0m = 0 [0;36mround[0m = 444 [0;36mnonce[0m = 436 [0;36mhash[0m = be24da1db41026fb58268b02639339b1c2baa8dbcdb9f6fa6502a879f5a77c2d 
[0;36mDEBUG[0m[2026-03-16 10:14:11.856]   received shard header from network in block tracker [0;36mshard[0m = 0 [0;36mepoch[0m = 0 [0;36mround[0m = 445 [0;36mnonce[0m = 437 [0;36mhash[0m = b7a5fd8cc69f0cc02ecb5379d0b35f78971864c7234c26773f7975c4b69fb96d 
[0;36mDEBUG[0m[2026-03-16 10:14:11.856]   received shard header from network in block tracker [0;36mshard[0m = 0 [0;36mepoch[0m = 0 [0;36mround[0m = 446 [0;36mnonce[0m = 438 [0;36mhash[0m = 35fbc0509575aa3dc85d6cb7bfa7fef2d2c78b4799f031b9fd6fdb1a5cf2fe68 
[0;36mDEBUG[0m[2026-03-16 10:14:11.856]   received shard header from network in block tracker [0;36mshard[0m = 0 [0;36mepoch[0m = 0 [0;36mround[0m = 447 [0;36mnonce[0m = 439 [0;36mhash[0m = e7f6434d187275a46d2ddf2c5e927cf8714fb9d6958ff145af1465fbb813e739 
[0;36mDEBUG[0m[2026-03-16 10:14:11.856]   received shard header from network in block tracker [0;36mshard[0m = 0 [0;36mepoch[0m = 0 [0;36mround[0m = 448 [0;36mnonce[0m = 440 [0;36mhash[0m = e76807de24c4432926d28b2df5ffc7d63a75556881d79362eca849652a43eb41 
[0;36mDEBUG[0m[2026-03-16 10:14:11.856]   received shard header from network in block tracker [0;36mshard[0m = 0 [0;36mepoch[0m = 0 [0;36mround[0m = 449 [0;36mnonce[0m = 441 [0;36mhash[0m = ea922ae3dd87f455022230cf83108035a7e2b78a3731215baab920c5b9017e96 
[0;36mDEBUG[0m[2026-03-16 10:14:11.856]   received shard header from network in block tracker [0;36mshard[0m = 0 [0;36mepoch[0m = 0 [0;36mround[0m = 450 [0;36mnonce[0m = 442 [0;36mhash[0m = e069c61faff0c68a336a552cede5d3ff9b43da3b535978a5a458bdbb1ce8ef94 
[0;36mDEBUG[0m[2026-03-16 10:14:11.856]   received shard header from network in block tracker [0;36mshard[0m = 0 [0;36mepoch[0m = 0 [0;36mround[0m = 451 [0;36mnonce[0m = 443 [0;36mhash[0m = e62c0ea1110390b19946a47fbbfcebab26e3a6aea8ac93808a9fcb0d8e933b4e 
[0;36mDEBUG[0m[2026-03-16 10:14:11.856]   received shard header from network in block tracker [0;36mshard[0m = 0 [0;36mepoch[0m = 0 [0;36mround[0m = 452 [0;36mnonce[0m = 444 [0;36mhash[0m = 2e87c4bdeae886bffe5fae9412a195ae4e4e03f572daa2661605be1692cb0833 
[0;36mDEBUG[0m[2026-03-16 10:14:11.856]   received shard header from network in block tracker [0;36mshard[0m = 0 [0;36mepoch[0m = 0 [0;36mround[0m = 453 [0;36mnonce[0m = 445 [0;36mhash[0m = ec9e5573086e8b891bc2c3e231c75df035fbe323770964ed2eec5a58f1816bc5 
[0;36mDEBUG[0m[2026-03-16 10:14:11.857]   received shard header from network in block tracker [0;36mshard[0m = 0 [0;36mepoch[0m = 0 [0;36mround[0m = 454 [0;36mnonce[0m = 446 [0;36mhash[0m = dbb5ba309a9c8fc45c35e4a100bec597fe356cc7d432ef42415e508101fb3624 
[0;36mDEBUG[0m[2026-03-16 10:14:11.857]   received shard header from network in block tracker [0;36mshard[0m = 0 [0;36mepoch[0m = 0 [0;36mround[0m = 455 [0;36mnonce[0m = 447 [0;36mhash[0m = f00f34db5a27f6653a2db02f8666867e04d8a8cab5bb4ea5f7b407632533a3b2 
[0;36mDEBUG[0m[2026-03-16 10:14:11.857]   received shard header from network in block tracker [0;36mshard[0m = 0 [0;36mepoch[0m = 0 [0;36mround[0m = 456 [0;36mnonce[0m = 448 [0;36mhash[0m = f8172e64600511eec0e376275d9f2064ff5702aa9b39babef3dfc1f9c4b83d51 
[0;36mDEBUG[0m[2026-03-16 10:14:11.857]   received shard header from network in block tracker [0;36mshard[0m = 0 [0;36mepoch[0m = 0 [0;36mround[0m = 457 [0;36mnonce[0m = 449 [0;36mhash[0m = b9bddc0477618669b3207837302694aa76f10434f1541b7ea2e21c10e44b80f6 
[0;36mDEBUG[0m[2026-03-16 10:14:11.857]   received shard header from network in block tracker [0;36mshard[0m = 0 [0;36mepoch[0m = 0 [0;36mround[0m = 458 [0;36mnonce[0m = 450 [0;36mhash[0m = 7dbba1246db861ea70f3fb06a009f15aae8dfc5b6914e70aaae42e211a6b59eb 
[0;36mDEBUG[0m[2026-03-16 10:14:11.857]   received shard header from network in block tracker [0;36mshard[0m = 0 [0;36mepoch[0m = 0 [0;36mround[0m = 459 [0;36mnonce[0m = 451 [0;36mhash[0m = 879e1147f9ed17b9f1c5a6b9b8c5c175171e1a03f04bc4bf3e1e9a06a2420b27 
[0;36mDEBUG[0m[2026-03-16 10:14:11.857]   received shard header from network in block tracker [0;36mshard[0m = 0 [0;36mepoch[0m = 0 [0;36mround[0m = 460 [0;36mnonce[0m = 452 [0;36mhash[0m = 935f73aaf7f813daf6ed6589c31dc9719bb39d5bf9e9f90642b742f5b03e6f7e 
[0;36mDEBUG[0m[2026-03-16 10:14:11.857]   received shard header from network in block tracker [0;36mshard[0m = 0 [0;36mepoch[0m = 0 [0;36mround[0m = 461 [0;36mnonce[0m = 453 [0;36mhash[0m = 469026f28f6fd96c4d4c970e9b4cdc5401b816fa74981ba0a8c3fbaf310fb3d7 
[0;36mDEBUG[0m[2026-03-16 10:14:11.857]   received shard header from network in block tracker [0;36mshard[0m = 0 [0;36mepoch[0m = 0 [0;36mround[0m = 462 [0;36mnonce[0m = 454 [0;36mhash[0m = 86562204411b038dd1551900861d5b49461345a57047ab053d1dd4acc1800ec6 
[0;36mDEBUG[0m[2026-03-16 10:14:11.857]   received shard header from network in block tracker [0;36mshard[0m = 0 [0;36mepoch[0m = 0 [0;36mround[0m = 463 [0;36mnonce[0m = 455 [0;36mhash[0m = 3d1883e7e017571c0feb01d67869c94287648f2d4e4d26b1f94366fc2986fe59 
[0;36mDEBUG[0m[2026-03-16 10:14:11.857]   received shard header from network in block tracker [0;36mshard[0m = 0 [0;36mepoch[0m = 0 [0;36mround[0m = 464 [0;36mnonce[0m = 456 [0;36mhash[0m = 44d5093897a3a6bd6071d74fa9a67bb19378e12c2982c3ab15de5e74333410e3 
[0;36mDEBUG[0m[2026-03-16 10:14:11.857]   received shard header from network in block tracker [0;36mshard[0m = 0 [0;36mepoch[0m = 0 [0;36mround[0m = 465 [0;36mnonce[0m = 457 [0;36mhash[0m = 74a38e5cb80449399f1b872c69b45468b117ca9a9cc2e9d7e40e351e116d2f60 
[0;36mDEBUG[0m[2026-03-16 10:14:11.857]   received shard header from network in block tracker [0;36mshard[0m = 0 [0;36mepoch[0m = 0 [0;36mround[0m = 466 [0;36mnonce[0m = 458 [0;36mhash[0m = eabfb481edc3aea6d9100e1415c868e6aff962db5a12c10f1fed31268787d591 
[0;36mDEBUG[0m[2026-03-16 10:14:11.857]   received shard header from network in block tracker [0;36mshard[0m = 0 [0;36mepoch[0m = 0 [0;36mround[0m = 467 [0;36mnonce[0m = 459 [0;36mhash[0m = 08be07907109e94a02e6bf9f255330443bfc7068ed8702006ec77fdad47151ac 
[0;36mDEBUG[0m[2026-03-16 10:14:11.857]   received shard header from network in block tracker [0;36mshard[0m = 0 [0;36mepoch[0m = 0 [0;36mround[0m = 468 [0;36mnonce[0m = 460 [0;36mhash[0m = e695bcf7e3169f04c2304e40c06224e374692c9efcee0ecbb9921ee4cb720287 
[0;36mDEBUG[0m[2026-03-16 10:14:11.857]   received shard header from network in block tracker [0;36mshard[0m = 0 [0;36mepoch[0m = 0 [0;36mround[0m = 469 [0;36mnonce[0m = 461 [0;36mhash[0m = 98a4a9d870e21d21f69120044ee33e983c624d862068a43d651ea49ea1892c86 
[0;36mDEBUG[0m[2026-03-16 10:14:11.857]   received shard header from network in block tracker [0;36mshard[0m = 0 [0;36mepoch[0m = 0 [0;36mround[0m = 470 [0;36mnonce[0m = 462 [0;36mhash[0m = 58bbc240b4d4e184ecd83dda76b520a2453b75e99b60a59ddf53643628935df2 
[0;36mDEBUG[0m[2026-03-16 10:14:11.857]   received shard header from network in block tracker [0;36mshard[0m = 0 [0;36mepoch[0m = 0 [0;36mround[0m = 471 [0;36mnonce[0m = 463 [0;36mhash[0m = eac6a83a1df8b901cfef26b58b69b525db4cb3ba74e3b976054ccec7e43acc2d 
[0;36mDEBUG[0m[2026-03-16 10:14:11.857]   received shard header from network in block tracker [0;36mshard[0m = 0 [0;36mepoch[0m = 0 [0;36mround[0m = 472 [0;36mnonce[0m = 464 [0;36mhash[0m = b304b68bacf6e082ef49d355313892786cde94d1f81881d5fa840cd1394476d4 
[0;36mDEBUG[0m[2026-03-16 10:14:11.857]   received shard header from network in block tracker [0;36mshard[0m = 0 [0;36mepoch[0m = 0 [0;36mround[0m = 473 [0;36mnonce[0m = 465 [0;36mhash[0m = bb3039003367d7b4354cab264b03ebae2459bf68934ee6a1b6748890a0c9d5c5 
[0;36mDEBUG[0m[2026-03-16 10:14:11.857]   received shard header from network in block tracker [0;36mshard[0m = 0 [0;36mepoch[0m = 0 [0;36mround[0m = 474 [0;36mnonce[0m = 466 [0;36mhash[0m = 39c6610d17c27aa18845f9c7ea7cf76792b4e792c0ec18ba27c9507137caf415 
[0;36mDEBUG[0m[2026-03-16 10:14:11.857]   received shard header from network in block tracker [0;36mshard[0m = 0 [0;36mepoch[0m = 0 [0;36mround[0m = 475 [0;36mnonce[0m = 467 [0;36mhash[0m = 8d1c056db735494f2bd96335eea5039522121089abfb05e89df8809268ee6aee 
[0;36mDEBUG[0m[2026-03-16 10:14:11.857]   received shard header from network in block tracker [0;36mshard[0m = 0 [0;36mepoch[0m = 0 [0;36mround[0m = 476 [0;36mnonce[0m = 468 [0;36mhash[0m = 251debbeb1c3e75404fdafcfcb207b66137ca89b489833d16a4d7c865215005e 
[0;36mDEBUG[0m[2026-03-16 10:14:11.857]   received shard header from network in block tracker [0;36mshard[0m = 0 [0;36mepoch[0m = 0 [0;36mround[0m = 477 [0;36mnonce[0m = 469 [0;36mhash[0m = 65222934a97cdd0aeba308b7e5391ea7fc9d29b6dd91d7ad484b239394f74ef3 
[0;36mDEBUG[0m[2026-03-16 10:14:11.857]   received shard header from network in block tracker [0;36mshard[0m = 0 [0;36mepoch[0m = 0 [0;36mround[0m = 478 [0;36mnonce[0m = 470 [0;36mhash[0m = cbda2cc7d9c276727104d840e7b228b626b6e6a9ad38e8cca998a177e4389e0d 
[0;36mDEBUG[0m[2026-03-16 10:14:11.857]   received shard header from network in block tracker [0;36mshard[0m = 0 [0;36mepoch[0m = 0 [0;36mround[0m = 479 [0;36mnonce[0m = 471 [0;36mhash[0m = b38da77bd69181d74ed9efe1fe7cc29eca6a1fae98c0d7157cfab8d80607d365 
[0;36mDEBUG[0m[2026-03-16 10:14:11.857]   received shard header from network in block tracker [0;36mshard[0m = 0 [0;36mepoch[0m = 0 [0;36mround[0m = 480 [0;36mnonce[0m = 472 [0;36mhash[0m = 2955d6576088a09fd51e84fb22cde00bef576125808a3d6fe769d72bef75baad 
[0;36mDEBUG[0m[2026-03-16 10:14:11.857]   received shard header from network in block tracker [0;36mshard[0m = 0 [0;36mepoch[0m = 0 [0;36mround[0m = 481 [0;36mnonce[0m = 473 [0;36mhash[0m = 7bc542363ad58157ded6bf34284fb9ce41dd3cf28d9707908165c94a6e977669 
[0;36mDEBUG[0m[2026-03-16 10:14:11.857]   received shard header from network in block tracker [0;36mshard[0m = 0 [0;36mepoch[0m = 0 [0;36mround[0m = 482 [0;36mnonce[0m = 474 [0;36mhash[0m = 9018a53360a81aa44814fd1d545a38dbccf5ea6e2e34ecdac2d268599cff8508 
[0;36mDEBUG[0m[2026-03-16 10:14:11.857]   received shard header from network in block tracker [0;36mshard[0m = 0 [0;36mepoch[0m = 0 [0;36mround[0m = 483 [0;36mnonce[0m = 475 [0;36mhash[0m = 451ccecb3bcd106e8f66603669d88b8ab7a29d03890f2569900de5114d3f7518 
[0;36mDEBUG[0m[2026-03-16 10:14:11.857]   received shard header from network in block tracker [0;36mshard[0m = 0 [0;36mepoch[0m = 0 [0;36mround[0m = 484 [0;36mnonce[0m = 476 [0;36mhash[0m = a6617e5c6533c3b4177216d1014f6fb7337cf533b02ff0436917a9abd747ecef 
[0;36mDEBUG[0m[2026-03-16 10:14:11.857]   received shard header from network in block tracker [0;36mshard[0m = 0 [0;36mepoch[0m = 0 [0;36mround[0m = 485 [0;36mnonce[0m = 477 [0;36mhash[0m = 7b0c4b38570932609f0a0902d69f2bdaeca748bb8e28aae53ec4ebafe2b7c314 
[0;36mDEBUG[0m[2026-03-16 10:14:11.857]   received shard header from network in block tracker [0;36mshard[0m = 0 [0;36mepoch[0m = 0 [0;36mround[0m = 486 [0;36mnonce[0m = 478 [0;36mhash[0m = 50edeac8c83bb8762369be25e6caa7a224a024928d75319d9895d58456e3dda3 
[0;36mDEBUG[0m[2026-03-16 10:14:11.857]   received shard header from network in block tracker [0;36mshard[0m = 0 [0;36mepoch[0m = 0 [0;36mround[0m = 487 [0;36mnonce[0m = 479 [0;36mhash[0m = 8d0860a85ec81c4f8421cb7e6f7156d302d51c431ae5c75aa417dda391d57598 
[0;36mDEBUG[0m[2026-03-16 10:14:11.857]   received shard header from network in block tracker [0;36mshard[0m = 0 [0;36mepoch[0m = 0 [0;36mround[0m = 488 [0;36mnonce[0m = 480 [0;36mhash[0m = e146ac29502ad687a9c488a5ff2adefd1bde1296264fe56433f8b1880754f19a 
[0;36mDEBUG[0m[2026-03-16 10:14:11.857]   received shard header from network in block tracker [0;36mshard[0m = 0 [0;36mepoch[0m = 0 [0;36mround[0m = 489 [0;36mnonce[0m = 481 [0;36mhash[0m = e2ddd04946812f8114c8cc01e923e7c2cdace812cb605e422c7b27d5ad7387ad 
[0;36mDEBUG[0m[2026-03-16 10:14:11.857]   received shard header from network in block tracker [0;36mshard[0m = 0 [0;36mepoch[0m = 0 [0;36mround[0m = 490 [0;36mnonce[0m = 482 [0;36mhash[0m = 21c39437c163a693349bf6f2ac12a0e84e03d10b8c1bdc379031294637c1b312 
[0;36mDEBUG[0m[2026-03-16 10:14:11.857]   received shard header from network in block tracker [0;36mshard[0m = 0 [0;36mepoch[0m = 0 [0;36mround[0m = 491 [0;36mnonce[0m = 483 [0;36mhash[0m = 730bca4240751f72d42cfcd83915a762555359def1b01bdd23a218b928f4e77b 
[0;36mDEBUG[0m[2026-03-16 10:14:11.857]   received shard header from network in block tracker [0;36mshard[0m = 0 [0;36mepoch[0m = 0 [0;36mround[0m = 492 [0;36mnonce[0m = 484 [0;36mhash[0m = 381070726694e8fdca2259c3320286a259b09cade2da5ccc0fc1e9349a657f18 
[0;36mDEBUG[0m[2026-03-16 10:14:11.857]   received shard header from network in block tracker [0;36mshard[0m = 0 [0;36mepoch[0m = 0 [0;36mround[0m = 493 [0;36mnonce[0m = 485 [0;36mhash[0m = d40014289d05e790d499a12305ce26f1982f575fa7aea53b03975636f74ac2f7 
[0;36mDEBUG[0m[2026-03-16 10:14:11.857]   received shard header from network in block tracker [0;36mshard[0m = 0 [0;36mepoch[0m = 0 [0;36mround[0m = 494 [0;36mnonce[0m = 486 [0;36mhash[0m = d21ceb74d3284025ba3b51136d1b7b581d9d2c672ad1e5ba14f3982fd174b35b 
[0;36mDEBUG[0m[2026-03-16 10:14:11.857]   received shard header from network in block tracker [0;36mshard[0m = 0 [0;36mepoch[0m = 0 [0;36mround[0m = 495 [0;36mnonce[0m = 487 [0;36mhash[0m = 0652a17cf349f3493144c02ab4974d7c8ae2a9ad8129bcad3876dbdf2965d65c 
[0;36mDEBUG[0m[2026-03-16 10:14:11.857]   received shard header from network in block tracker [0;36mshard[0m = 0 [0;36mepoch[0m = 0 [0;36mround[0m = 496 [0;36mnonce[0m = 488 [0;36mhash[0m = c550e12428cf653a3674078a694bede56d312ebfe35d8525ba81ed923f01ad5d 
[0;36mDEBUG[0m[2026-03-16 10:14:11.857]   received shard header from network in block tracker [0;36mshard[0m = 0 [0;36mepoch[0m = 0 [0;36mround[0m = 497 [0;36mnonce[0m = 489 [0;36mhash[0m = ab8f28b9695b5741cb41eb80559ddad4b4198898fae0209c6dc74ba3a0869963 
[0;36mDEBUG[0m[2026-03-16 10:14:11.857]   received shard header from network in block tracker [0;36mshard[0m = 0 [0;36mepoch[0m = 0 [0;36mround[0m = 498 [0;36mnonce[0m = 490 [0;36mhash[0m = e4f7e2ba83297d29b1a75ecdfabe4baf0f867879d88f45b92677776baa2817a2 
[0;36mDEBUG[0m[2026-03-16 10:14:11.857]   received shard header from network in block tracker [0;36mshard[0m = 0 [0;36mepoch[0m = 0 [0;36mround[0m = 499 [0;36mnonce[0m = 491 [0;36mhash[0m = 9b907b9a34e79478273ed7f9df109fd7b20ef100a1885900d26a708ebce4ce08 
[0;36mDEBUG[0m[2026-03-16 10:14:11.857]   received shard header from network in block tracker [0;36mshard[0m = 0 [0;36mepoch[0m = 0 [0;36mround[0m = 500 [0;36mnonce[0m = 492 [0;36mhash[0m = 177551f2a748c6a69e3d1fe7767d84742c9e55077812f64688d88a6c5548ae47 
[0;36mDEBUG[0m[2026-03-16 10:14:11.857]   received shard header from network in block tracker [0;36mshard[0m = 0 [0;36mepoch[0m = 0 [0;36mround[0m = 501 [0;36mnonce[0m = 493 [0;36mhash[0m = 1922ed1785ccea359c60160224b3541c704f674c519293703d49b29e690582ba 
[0;36mDEBUG[0m[2026-03-16 10:14:11.857]   received shard header from network in block tracker [0;36mshard[0m = 0 [0;36mepoch[0m = 0 [0;36mround[0m = 502 [0;36mnonce[0m = 494 [0;36mhash[0m = dc1742002eb0cd7fe082aea3c2b43b17678b58acf8ec69771b2675bf019ee9c9 
[0;36mDEBUG[0m[2026-03-16 10:14:11.857]   received shard header from network in block tracker [0;36mshard[0m = 0 [0;36mepoch[0m = 0 [0;36mround[0m = 503 [0;36mnonce[0m = 495 [0;36mhash[0m = fc077745ed97ad6ca0dc15badc3b9a862071ef2501142cdb1a9f8173715069ed 
[0;36mDEBUG[0m[2026-03-16 10:14:11.857]   received shard header from network in block tracker [0;36mshard[0m = 0 [0;36mepoch[0m = 0 [0;36mround[0m = 504 [0;36mnonce[0m = 496 [0;36mhash[0m = e0a96a6dc92f160b4e5693a33990589bbaf9db37f0aa48376bac21ac1cfd2f57 
[0;36mDEBUG[0m[2026-03-16 10:14:11.857]   received shard header from network in block tracker [0;36mshard[0m = 0 [0;36mepoch[0m = 0 [0;36mround[0m = 505 [0;36mnonce[0m = 497 [0;36mhash[0m = 25a4152057cff488142e6eabc1cb61f5f6a3e51ea352faf7b8307ce69fb744bd 
[0;36mDEBUG[0m[2026-03-16 10:14:11.857]   received shard header from network in block tracker [0;36mshard[0m = 0 [0;36mepoch[0m = 0 [0;36mround[0m = 506 [0;36mnonce[0m = 498 [0;36mhash[0m = 5a39fd2e7226401a102542975a6db4156c18df4ece91ddb911c3476a1699b690 
[0;36mDEBUG[0m[2026-03-16 10:14:11.857]   received shard header from network in block tracker [0;36mshard[0m = 0 [0;36mepoch[0m = 0 [0;36mround[0m = 507 [0;36mnonce[0m = 499 [0;36mhash[0m = 9638028dec4642d29271c723b05ece172992dda5c316eb8c99702c20b24be0cf 
[0;36mDEBUG[0m[2026-03-16 10:14:11.857]   received shard header from network in block tracker [0;36mshard[0m = 0 [0;36mepoch[0m = 0 [0;36mround[0m = 508 [0;36mnonce[0m = 500 [0;36mhash[0m = 1af1f745e3724b60fe7087672912f0e5a0a0e7e14f1095d0f85bbccd796d295a 
[0;36mDEBUG[0m[2026-03-16 10:14:11.857]   received shard header from network in block tracker [0;36mshard[0m = 0 [0;36mepoch[0m = 0 [0;36mround[0m = 509 [0;36mnonce[0m = 501 [0;36mhash[0m = 9e47074fdd8096303365b5e3031dc28b7461b769cc6d7e9aea2679305ab696b7 
[0;36mDEBUG[0m[2026-03-16 10:14:11.857]   received shard header from network in block tracker [0;36mshard[0m = 0 [0;36mepoch[0m = 0 [0;36mround[0m = 510 [0;36mnonce[0m = 502 [0;36mhash[0m = cba737d95b6578eb3046df08a14db6693de838b37b3f38333c96bac602726954 
[0;36mDEBUG[0m[2026-03-16 10:14:11.857]   received shard header from network in block tracker [0;36mshard[0m = 0 [0;36mepoch[0m = 0 [0;36mround[0m = 511 [0;36mnonce[0m = 503 [0;36mhash[0m = 4b76a8ecbc505fa939a0afd0a535110ec92f5f906729f8b5fc479a0e01595b19 
[0;36mDEBUG[0m[2026-03-16 10:14:11.857]   received shard header from network in block tracker [0;36mshard[0m = 0 [0;36mepoch[0m = 0 [0;36mround[0m = 512 [0;36mnonce[0m = 504 [0;36mhash[0m = 91ddf8242375cac4c1f98ca62997693729654d78fe1513cb2e33565f94b23134 
[0;36mDEBUG[0m[2026-03-16 10:14:11.857]   received shard header from network in block tracker [0;36mshard[0m = 0 [0;36mepoch[0m = 0 [0;36mround[0m = 513 [0;36mnonce[0m = 505 [0;36mhash[0m = 3298c062d6435b3313b8fa3b9dab693a19c84c4b9bd1a2de508d75a8195a81cf 
[0;36mDEBUG[0m[2026-03-16 10:14:11.857]   received shard header from network in block tracker [0;36mshard[0m = 0 [0;36mepoch[0m = 0 [0;36mround[0m = 514 [0;36mnonce[0m = 506 [0;36mhash[0m = bd12a1436a98cb654919f979660a87cf93ec358f3f1db7a9404557f3f6e76843 
[0;36mDEBUG[0m[2026-03-16 10:14:11.857]   received shard header from network in block tracker [0;36mshard[0m = 0 [0;36mepoch[0m = 0 [0;36mround[0m = 515 [0;36mnonce[0m = 507 [0;36mhash[0m = 17b3b214ee50acebc67cd0b68cb8c0662d7507c490aeee291070b156ff65d658 
[0;36mDEBUG[0m[2026-03-16 10:14:11.857]   received shard header from network in block tracker [0;36mshard[0m = 0 [0;36mepoch[0m = 0 [0;36mround[0m = 516 [0;36mnonce[0m = 508 [0;36mhash[0m = fb8f50d333713add992e56fc7bdf5088a6e4093aca0533721c9f263247caab93 
[0;36mDEBUG[0m[2026-03-16 10:14:11.857]   received shard header from network in block tracker [0;36mshard[0m = 0 [0;36mepoch[0m = 0 [0;36mround[0m = 517 [0;36mnonce[0m = 509 [0;36mhash[0m = 1dd844e22ac5b2c2aa4eb85ad3105b5074bd10d5bbf307e6443f54b33570a32c 
[0;36mDEBUG[0m[2026-03-16 10:14:11.857]   received shard header from network in block tracker [0;36mshard[0m = 0 [0;36mepoch[0m = 0 [0;36mround[0m = 518 [0;36mnonce[0m = 510 [0;36mhash[0m = 89a0378bb9c0a293fce86615c8df0b23cb2c28cc9817cfbd770eeb9dca2e40c8 
[0;36mDEBUG[0m[2026-03-16 10:14:11.857]   received shard header from network in block tracker [0;36mshard[0m = 0 [0;36mepoch[0m = 0 [0;36mround[0m = 519 [0;36mnonce[0m = 511 [0;36mhash[0m = c0703c354d77832483e8ae8516af7f4bd09f4976c3865afc94013976ac14d23d 
[0;36mDEBUG[0m[2026-03-16 10:14:11.857]   received shard header from network in block tracker [0;36mshard[0m = 0 [0;36mepoch[0m = 0 [0;36mround[0m = 520 [0;36mnonce[0m = 512 [0;36mhash[0m = 0a1a13a002c6eaf0faea978955d4f5b9d92c59867548e5703b5ab371d4885b11 
[0;36mDEBUG[0m[2026-03-16 10:14:11.857]   received shard header from network in block tracker [0;36mshard[0m = 0 [0;36mepoch[0m = 0 [0;36mround[0m = 521 [0;36mnonce[0m = 513 [0;36mhash[0m = 4244ae01a69b8165ac2e53af32b1dba726e34b1e387c32b07d3824d49a2ff0bd 
[0;36mDEBUG[0m[2026-03-16 10:14:11.857]   received shard header from network in block tracker [0;36mshard[0m = 0 [0;36mepoch[0m = 0 [0;36mround[0m = 522 [0;36mnonce[0m = 514 [0;36mhash[0m = 14497d2906852cb1dfec3b46d10486968dee80479f64e07419d2eec26decd77f 
[0;36mDEBUG[0m[2026-03-16 10:14:11.857]   received shard header from network in block tracker [0;36mshard[0m = 0 [0;36mepoch[0m = 0 [0;36mround[0m = 523 [0;36mnonce[0m = 515 [0;36mhash[0m = c813c86ea5defe50a2c6e106c6e949b91f90b032e0f58e6a19c993400bb27e96 
[0;36mDEBUG[0m[2026-03-16 10:14:11.857]   received shard header from network in block tracker [0;36mshard[0m = 0 [0;36mepoch[0m = 0 [0;36mround[0m = 524 [0;36mnonce[0m = 516 [0;36mhash[0m = 8f9e8a468b500fc16fc72304c83d42fd417f6ab2dd2935e54f7a000da6188b25 
[0;36mDEBUG[0m[2026-03-16 10:14:11.857]   received shard header from network in block tracker [0;36mshard[0m = 0 [0;36mepoch[0m = 0 [0;36mround[0m = 525 [0;36mnonce[0m = 517 [0;36mhash[0m = 55ea2e8c86b7faf1e10859521a188c1f501e50f3dc4f524e0a37f7ff54eda17c 
[0;36mDEBUG[0m[2026-03-16 10:14:11.857]   received shard header from network in block tracker [0;36mshard[0m = 0 [0;36mepoch[0m = 0 [0;36mround[0m = 526 [0;36mnonce[0m = 518 [0;36mhash[0m = c0476bf12b903d89570f4efe86878b48e9daa00c86928dd29d3c38cfbfa63dcd 
[0;36mDEBUG[0m[2026-03-16 10:14:11.857]   received shard header from network in block tracker [0;36mshard[0m = 0 [0;36mepoch[0m = 0 [0;36mround[0m = 527 [0;36mnonce[0m = 519 [0;36mhash[0m = e6d24258b09af763d1daf0b4599f1b2aebfbcd26582f8769e497046aee61094b 
[0;36mDEBUG[0m[2026-03-16 10:14:11.857]   received shard header from network in block tracker [0;36mshard[0m = 0 [0;36mepoch[0m = 0 [0;36mround[0m = 528 [0;36mnonce[0m = 520 [0;36mhash[0m = 387886854e6649b40613c72d4b19ab77685d363b468ce58251f8ff1cffb32154 
[0;36mDEBUG[0m[2026-03-16 10:14:11.857]   received shard header from network in block tracker [0;36mshard[0m = 0 [0;36mepoch[0m = 0 [0;36mround[0m = 529 [0;36mnonce[0m = 521 [0;36mhash[0m = 732b5798c4ac548b0d055320077f7940863986fdfe0883d3b661012791894b52 
[0;36mDEBUG[0m[2026-03-16 10:14:11.857]   received shard header from network in block tracker [0;36mshard[0m = 0 [0;36mepoch[0m = 0 [0;36mround[0m = 530 [0;36mnonce[0m = 522 [0;36mhash[0m = 5db208bd7913628646e393e4e1fb23592421884bef8129145e3ee68d9eca4c45 
[0;36mDEBUG[0m[2026-03-16 10:14:11.857]   received shard header from network in block tracker [0;36mshard[0m = 0 [0;36mepoch[0m = 0 [0;36mround[0m = 531 [0;36mnonce[0m = 523 [0;36mhash[0m = 0a3a96190afce3c1a092c8ad535ae92aa184f29eb6624d18764bd98f850870bb 
[0;36mDEBUG[0m[2026-03-16 10:14:11.857]   received shard header from network in block tracker [0;36mshard[0m = 0 [0;36mepoch[0m = 0 [0;36mround[0m = 532 [0;36mnonce[0m = 524 [0;36mhash[0m = 60c1ed6e4744a27b3283420b763ed40f8875dfbab6e38d9828f2d59c84448efc 
[0;36mDEBUG[0m[2026-03-16 10:14:11.857]   received shard header from network in block tracker [0;36mshard[0m = 0 [0;36mepoch[0m = 0 [0;36mround[0m = 533 [0;36mnonce[0m = 525 [0;36mhash[0m = 179d9a34670835aaed25ec387f3de2448f3a70c7ad9d15bbbbc5b7d2f441e68a 
[0;36mDEBUG[0m[2026-03-16 10:14:11.857]   received shard header from network in block tracker [0;36mshard[0m = 0 [0;36mepoch[0m = 0 [0;36mround[0m = 534 [0;36mnonce[0m = 526 [0;36mhash[0m = bf282c3c13cca58da4f9d2ded9ed0d2f82cd6850ef643952ba2c8687cbf319d1 
[0;36mDEBUG[0m[2026-03-16 10:14:11.857]   received shard header from network in block tracker [0;36mshard[0m = 0 [0;36mepoch[0m = 0 [0;36mround[0m = 535 [0;36mnonce[0m = 527 [0;36mhash[0m = 711b0a0b2cf36e8d7a6d15cf6ab0466293d3df04e9698323012aa37066028ee0 
[0;36mDEBUG[0m[2026-03-16 10:14:11.857]   received shard header from network in block tracker [0;36mshard[0m = 0 [0;36mepoch[0m = 0 [0;36mround[0m = 536 [0;36mnonce[0m = 528 [0;36mhash[0m = d49e1dfabae8849a58db5a3b61e5f9cccc6069cd5f64c3f0ed13060c10ed7391 
[0;36mDEBUG[0m[2026-03-16 10:14:11.857]   received shard header from network in block tracker [0;36mshard[0m = 0 [0;36mepoch[0m = 0 [0;36mround[0m = 537 [0;36mnonce[0m = 529 [0;36mhash[0m = 85ee7336ee4665d2ad6f34da564bb8b44b4474c73077031143c41173f9cb72b3 
[0;36mDEBUG[0m[2026-03-16 10:14:11.857]   received shard header from network in block tracker [0;36mshard[0m = 0 [0;36mepoch[0m = 0 [0;36mround[0m = 538 [0;36mnonce[0m = 530 [0;36mhash[0m = 658e80b052c03d81a5c503116b87184e0544ab1105facd0851e968f09351e405 
[0;36mDEBUG[0m[2026-03-16 10:14:11.857]   received shard header from network in block tracker [0;36mshard[0m = 0 [0;36mepoch[0m = 0 [0;36mround[0m = 539 [0;36mnonce[0m = 531 [0;36mhash[0m = bbfb56c2b78866cadbeb7d8639ffcbe98f2a884ceb14f9146ab2cba941dfa27f 
[0;36mDEBUG[0m[2026-03-16 10:14:11.857]   received shard header from network in block tracker [0;36mshard[0m = 0 [0;36mepoch[0m = 0 [0;36mround[0m = 540 [0;36mnonce[0m = 532 [0;36mhash[0m = c4c12ad385e1d0112f75bd1c2244829a24273f35943492744546a0fd682927d6 
[0;36mDEBUG[0m[2026-03-16 10:14:11.857]   received shard header from network in block tracker [0;36mshard[0m = 0 [0;36mepoch[0m = 0 [0;36mround[0m = 541 [0;36mnonce[0m = 533 [0;36mhash[0m = 84e08c328a115b3ab095ef3abad94b72c8e0bdf5da4ac6186848faf0b03a13c7 
[0;36mDEBUG[0m[2026-03-16 10:14:11.857]   received shard header from network in block tracker [0;36mshard[0m = 0 [0;36mepoch[0m = 0 [0;36mround[0m = 542 [0;36mnonce[0m = 534 [0;36mhash[0m = a13dae0a750aa77bde3c9740e22f25cc4d38bc832ca8c994058f1072165d208b 
[0;36mDEBUG[0m[2026-03-16 10:14:11.857]   received shard header from network in block tracker [0;36mshard[0m = 0 [0;36mepoch[0m = 0 [0;36mround[0m = 543 [0;36mnonce[0m = 535 [0;36mhash[0m = 40a01dcf2d18e0f36b1e3a1d2572ab12375d82b72b52dd309c4abea69416fcb4 
[0;36mDEBUG[0m[2026-03-16 10:14:11.857]   received shard header from network in block tracker [0;36mshard[0m = 0 [0;36mepoch[0m = 0 [0;36mround[0m = 544 [0;36mnonce[0m = 536 [0;36mhash[0m = 6fa3ee52af4f479bfa2a2c0bc546297d1b924047b2e4dbc0095443761af5aebf 
[0;36mDEBUG[0m[2026-03-16 10:14:11.857]   received shard header from network in block tracker [0;36mshard[0m = 0 [0;36mepoch[0m = 0 [0;36mround[0m = 545 [0;36mnonce[0m = 537 [0;36mhash[0m = a9d8b54cf403dc475606361b9b72bdcc273a0b900d1567d0ee29e0ee95cac5cf 
[0;36mDEBUG[0m[2026-03-16 10:14:11.857]   received shard header from network in block tracker [0;36mshard[0m = 0 [0;36mepoch[0m = 0 [0;36mround[0m = 546 [0;36mnonce[0m = 538 [0;36mhash[0m = 1fa7371a0f06a917f386e92107134fbfe02fb0532a96682648b1025ad1528675 
[0;36mDEBUG[0m[2026-03-16 10:14:11.857]   received shard header from network in block tracker [0;36mshard[0m = 0 [0;36mepoch[0m = 0 [0;36mround[0m = 547 [0;36mnonce[0m = 539 [0;36mhash[0m = e885efc8b5a9667e49c1a597119c9e1e3faea6c16f56b54f9e2640c6c76c690c 
[0;36mDEBUG[0m[2026-03-16 10:14:11.857]   received shard header from network in block tracker [0;36mshard[0m = 0 [0;36mepoch[0m = 0 [0;36mround[0m = 548 [0;36mnonce[0m = 540 [0;36mhash[0m = 833da59b120148d55de108f05fcf0e704a3a52f5c0ee5e4d752f08714fea5415 
[0;36mDEBUG[0m[2026-03-16 10:14:11.857]   received shard header from network in block tracker [0;36mshard[0m = 0 [0;36mepoch[0m = 0 [0;36mround[0m = 549 [0;36mnonce[0m = 541 [0;36mhash[0m = 023890de82378fc8ce2b51a2e9b036ac329643811a2c8831acfd55dd772e0c45 
[0;36mDEBUG[0m[2026-03-16 10:14:11.857]   received shard header from network in block tracker [0;36mshard[0m = 0 [0;36mepoch[0m = 0 [0;36mround[0m = 550 [0;36mnonce[0m = 542 [0;36mhash[0m = 49aa76d8f1bb9974debe3cc0cdf7ce661ccddb017b7eca755be011d14725c8e8 
[0;36mDEBUG[0m[2026-03-16 10:14:11.857]   received shard header from network in block tracker [0;36mshard[0m = 0 [0;36mepoch[0m = 0 [0;36mround[0m = 551 [0;36mnonce[0m = 543 [0;36mhash[0m = f7fcb5be9f00838d29333a50e84885c18bdfadff8668914caaea758964a08ab9 
[0;36mDEBUG[0m[2026-03-16 10:14:11.857]   received shard header from network in block tracker [0;36mshard[0m = 0 [0;36mepoch[0m = 0 [0;36mround[0m = 552 [0;36mnonce[0m = 544 [0;36mhash[0m = 96983f81b9181b31d15347e358c80143d6dc9294b855749b7cdc77ffcbdcc40e 
[0;36mDEBUG[0m[2026-03-16 10:14:11.857]   received shard header from network in block tracker [0;36mshard[0m = 0 [0;36mepoch[0m = 0 [0;36mround[0m = 553 [0;36mnonce[0m = 545 [0;36mhash[0m = 585beffb89bf88cf63043d9d8db357a1cae24776d25d6cea56d320458e96266d 
[0;36mDEBUG[0m[2026-03-16 10:14:11.857]   received shard header from network in block tracker [0;36mshard[0m = 0 [0;36mepoch[0m = 0 [0;36mround[0m = 554 [0;36mnonce[0m = 546 [0;36mhash[0m = b595f73c0c463507b2cd73227c648934aa2c2ff86a82a43eee16d725ed62d87d 
[0;36mDEBUG[0m[2026-03-16 10:14:11.857]   received shard header from network in block tracker [0;36mshard[0m = 0 [0;36mepoch[0m = 0 [0;36mround[0m = 555 [0;36mnonce[0m = 547 [0;36mhash[0m = b8216753b09468a24608710b0b614784633c0e5edb72eaa175414045a95fe980 
[0;36mDEBUG[0m[2026-03-16 10:14:11.857]   received shard header from network in block tracker [0;36mshard[0m = 0 [0;36mepoch[0m = 0 [0;36mround[0m = 556 [0;36mnonce[0m = 548 [0;36mhash[0m = f0356b9cab470478afdb5fa0c9f2e1b3cb4e3e1e13c31a6ee7bffa67ad403cb5 
[0;36mDEBUG[0m[2026-03-16 10:14:11.857]   received shard header from network in block tracker [0;36mshard[0m = 0 [0;36mepoch[0m = 0 [0;36mround[0m = 557 [0;36mnonce[0m = 549 [0;36mhash[0m = 0ea176145855ad90e5e5ca869cea88d1606cc9cd17abbf374452b6b2dea85205 
[0;36mDEBUG[0m[2026-03-16 10:14:11.857]   received shard header from network in block tracker [0;36mshard[0m = 0 [0;36mepoch[0m = 0 [0;36mround[0m = 558 [0;36mnonce[0m = 550 [0;36mhash[0m = ff602dc164d66b276cdf356d1c7502f2dfdf499d8bf684dbd52d5504c35a07a2 
[0;36mDEBUG[0m[2026-03-16 10:14:11.857]   received shard header from network in block tracker [0;36mshard[0m = 0 [0;36mepoch[0m = 0 [0;36mround[0m = 559 [0;36mnonce[0m = 551 [0;36mhash[0m = 0f66cdb9822931378dfb7dae97fcf58bcccf72d42e05c20ea55564a9300f9ad1 
[0;36mDEBUG[0m[2026-03-16 10:14:11.857]   received shard header from network in block tracker [0;36mshard[0m = 0 [0;36mepoch[0m = 0 [0;36mround[0m = 560 [0;36mnonce[0m = 552 [0;36mhash[0m = d3d2b8b69c8a316cf61d00d02fd5b72b59329512eb65bce877ffeb07cbb8aca3 
[0;36mDEBUG[0m[2026-03-16 10:14:11.857]   received shard header from network in block tracker [0;36mshard[0m = 0 [0;36mepoch[0m = 0 [0;36mround[0m = 561 [0;36mnonce[0m = 553 [0;36mhash[0m = dfd4ce8544a73f33ee732699721f7cf416ac6b713d2ac0a64cba9741ed1194d3 
[0;36mDEBUG[0m[2026-03-16 10:14:11.857]   received shard header from network in block tracker [0;36mshard[0m = 0 [0;36mepoch[0m = 0 [0;36mround[0m = 562 [0;36mnonce[0m = 554 [0;36mhash[0m = f3698282c3faaa0bd7ec2505660922a3331dc3d99a2754f6aa7710480921af50 
[0;36mDEBUG[0m[2026-03-16 10:14:11.857]   received shard header from network in block tracker [0;36mshard[0m = 0 [0;36mepoch[0m = 0 [0;36mround[0m = 563 [0;36mnonce[0m = 555 [0;36mhash[0m = 8553c0144492a7f3b6f0ee7d646ad9c15ff6c4cf629d6b5bd57ce4c8cef7deaa 
[0;36mDEBUG[0m[2026-03-16 10:14:11.857]   received shard header from network in block tracker [0;36mshard[0m = 0 [0;36mepoch[0m = 0 [0;36mround[0m = 564 [0;36mnonce[0m = 556 [0;36mhash[0m = 9fd0a026438541f2caf5ad8c7f288831bc36357d749b037a03b3e776e8ac929e 
[0;36mDEBUG[0m[2026-03-16 10:14:11.857]   received shard header from network in block tracker [0;36mshard[0m = 0 [0;36mepoch[0m = 0 [0;36mround[0m = 565 [0;36mnonce[0m = 557 [0;36mhash[0m = 7ad014312825f7c35c72de2dccfedb42e62803eb051fa7bd560cf1de5cc2e1a3 
[0;36mDEBUG[0m[2026-03-16 10:14:11.857]   received shard header from network in block tracker [0;36mshard[0m = 0 [0;36mepoch[0m = 0 [0;36mround[0m = 566 [0;36mnonce[0m = 558 [0;36mhash[0m = b1aaf4e5657dfe39bd31656ce48b300d1d2ee941301d41e25bb097a0b19276b5 
[0;36mDEBUG[0m[2026-03-16 10:14:11.857]   received shard header from network in block tracker [0;36mshard[0m = 0 [0;36mepoch[0m = 0 [0;36mround[0m = 567 [0;36mnonce[0m = 559 [0;36mhash[0m = bc3b4316c8e1b712a9188cfd1e771d008dee4f48e40154b1a3f8ddfc811e4dc4 
[0;36mDEBUG[0m[2026-03-16 10:14:11.857]   received shard header from network in block tracker [0;36mshard[0m = 0 [0;36mepoch[0m = 0 [0;36mround[0m = 568 [0;36mnonce[0m = 560 [0;36mhash[0m = 755941fd34875c2d6362fa072d4d041c104f1ccc2c0f873cc8495c0718f05f5f 
[0;36mDEBUG[0m[2026-03-16 10:14:11.857]   received shard header from network in block tracker [0;36mshard[0m = 0 [0;36mepoch[0m = 0 [0;36mround[0m = 569 [0;36mnonce[0m = 561 [0;36mhash[0m = 0894bc71d610bb5721fbd8fabcf0cad0fad42799f232f4960a5eec7b98ab97c3 
[0;36mDEBUG[0m[2026-03-16 10:14:11.857]   received shard header from network in block tracker [0;36mshard[0m = 0 [0;36mepoch[0m = 0 [0;36mround[0m = 570 [0;36mnonce[0m = 562 [0;36mhash[0m = dbf748c55fc5b476984d5440cf10e47f3d12a3671364dfed15bb3d10fd8aa6da 
[0;36mDEBUG[0m[2026-03-16 10:14:11.857]   received shard header from network in block tracker [0;36mshard[0m = 0 [0;36mepoch[0m = 0 [0;36mround[0m = 571 [0;36mnonce[0m = 563 [0;36mhash[0m = fe6d2407eb93a87d4f53ff6db9c154477b74ae4d5ba74838c3683647f614c09d 
[0;36mDEBUG[0m[2026-03-16 10:14:11.857]   received shard header from network in block tracker [0;36mshard[0m = 0 [0;36mepoch[0m = 0 [0;36mround[0m = 572 [0;36mnonce[0m = 564 [0;36mhash[0m = 161e94738ea4476ee0a72af078a9f5de53a3a4ff0a3f970ff91adee2a865fde5 
[0;36mDEBUG[0m[2026-03-16 10:14:11.857]   received shard header from network in block tracker [0;36mshard[0m = 0 [0;36mepoch[0m = 0 [0;36mround[0m = 573 [0;36mnonce[0m = 565 [0;36mhash[0m = cbc662c36024693f6a81138fae71e9d575d292590a301afac4891ca4c34ac0a9 
[0;36mDEBUG[0m[2026-03-16 10:14:11.857]   received shard header from network in block tracker [0;36mshard[0m = 0 [0;36mepoch[0m = 0 [0;36mround[0m = 574 [0;36mnonce[0m = 566 [0;36mhash[0m = ee9e0a64d7569b599311c068eac4053d785986968774ef2e348b6e38cc64a803 
[0;36mDEBUG[0m[2026-03-16 10:14:11.857]   received shard header from network in block tracker [0;36mshard[0m = 0 [0;36mepoch[0m = 0 [0;36mround[0m = 575 [0;36mnonce[0m = 567 [0;36mhash[0m = b62b4d7b04de07f2577f673b905094e415f82136c1729bb8175c8f83e0550175 
[0;36mDEBUG[0m[2026-03-16 10:14:11.857]   received shard header from network in block tracker [0;36mshard[0m = 0 [0;36mepoch[0m = 0 [0;36mround[0m = 576 [0;36mnonce[0m = 568 [0;36mhash[0m = 8f56fb9a0c4534437dc19f9ca22364ed0759b856300cacceb620a67aaf19e2e5 
[0;36mDEBUG[0m[2026-03-16 10:14:11.857]   received shard header from network in block tracker [0;36mshard[0m = 0 [0;36mepoch[0m = 0 [0;36mround[0m = 577 [0;36mnonce[0m = 569 [0;36mhash[0m = 6e50958e38b4d4b40b9857348e1502ce2ec2d5c8f0ad20bd8694b29418695895 
[0;36mDEBUG[0m[2026-03-16 10:14:11.857]   received shard header from network in block tracker [0;36mshard[0m = 0 [0;36mepoch[0m = 0 [0;36mround[0m = 578 [0;36mnonce[0m = 570 [0;36mhash[0m = 055ec4d6ffdea5f37c2bc8eda70d43441d6c2c9ae2f595d659f3d7ba75a037f3 
[0;36mDEBUG[0m[2026-03-16 10:14:11.857]   received shard header from network in block tracker [0;36mshard[0m = 0 [0;36mepoch[0m = 0 [0;36mround[0m = 579 [0;36mnonce[0m = 571 [0;36mhash[0m = d776b6c6f950f69a40eadbf59fb1c14a0651beae1379cf8f5dd7312e96218e6a 
[0;36mDEBUG[0m[2026-03-16 10:14:11.857]   received shard header from network in block tracker [0;36mshard[0m = 0 [0;36mepoch[0m = 0 [0;36mround[0m = 580 [0;36mnonce[0m = 572 [0;36mhash[0m = ab11a08ab8ad242ef8fbd4d023427bcb8d6a681b317c8ca02e9e5f6c87e1f1d1 
[0;36mDEBUG[0m[2026-03-16 10:14:11.857]   received shard header from network in block tracker [0;36mshard[0m = 0 [0;36mepoch[0m = 0 [0;36mround[0m = 581 [0;36mnonce[0m = 573 [0;36mhash[0m = 0a974ff08cf7b9e1089a654b8a3c6eb9c462902d74b1e491c665ab1f99b7255c 
[0;36mDEBUG[0m[2026-03-16 10:14:11.857]   received shard header from network in block tracker [0;36mshard[0m = 0 [0;36mepoch[0m = 0 [0;36mround[0m = 582 [0;36mnonce[0m = 574 [0;36mhash[0m = 51d928a4fb0a53d95af4d66b7beccdf4e1232ec06eae4ac34708cf8e9cdec3a5 
[0;36mDEBUG[0m[2026-03-16 10:14:11.857]   received shard header from network in block tracker [0;36mshard[0m = 0 [0;36mepoch[0m = 0 [0;36mround[0m = 583 [0;36mnonce[0m = 575 [0;36mhash[0m = 6cead6d6f4445fe99e6a0c65248f9a411f1c6973b491691120f714661b973518 
[0;36mDEBUG[0m[2026-03-16 10:14:11.857]   received shard header from network in block tracker [0;36mshard[0m = 0 [0;36mepoch[0m = 0 [0;36mround[0m = 584 [0;36mnonce[0m = 576 [0;36mhash[0m = 91ae92dbf023fbceba83c8ca83f60cd3ace89dcdd6558a6593aaa0fc9209b5b7 
[0;36mDEBUG[0m[2026-03-16 10:14:11.857]   received shard header from network in block tracker [0;36mshard[0m = 0 [0;36mepoch[0m = 0 [0;36mround[0m = 585 [0;36mnonce[0m = 577 [0;36mhash[0m = 0d0d5ccdca6b0721d50aa561b613e80d3c5d3994a18c5764efe47912cd3fa4b5 
[0;36mDEBUG[0m[2026-03-16 10:14:11.857]   received shard header from network in block tracker [0;36mshard[0m = 0 [0;36mepoch[0m = 0 [0;36mround[0m = 586 [0;36mnonce[0m = 578 [0;36mhash[0m = 917ef7f2e1384dd11659aded9e12a06e05cec0a80f3316f58680c00106bf4023 
[0;36mDEBUG[0m[2026-03-16 10:14:11.857]   received shard header from network in block tracker [0;36mshard[0m = 0 [0;36mepoch[0m = 0 [0;36mround[0m = 587 [0;36mnonce[0m = 579 [0;36mhash[0m = d57f306260a3a7f0916fa0e931065d734815f8c65920c2f94e7bc51506e70f3b 
[0;36mDEBUG[0m[2026-03-16 10:14:11.857]   received shard header from network in block tracker [0;36mshard[0m = 0 [0;36mepoch[0m = 0 [0;36mround[0m = 588 [0;36mnonce[0m = 580 [0;36mhash[0m = ada9a92721f3d5f169ba9a9a52f2c7ded05c9725929227cb8968ea761bb252be 
[0;36mDEBUG[0m[2026-03-16 10:14:11.857]   received shard header from network in block tracker [0;36mshard[0m = 0 [0;36mepoch[0m = 0 [0;36mround[0m = 589 [0;36mnonce[0m = 581 [0;36mhash[0m = 8f1fbc42cde7d7f67e8490f9ff1b218f9daa7375df163e3d78077b9531f0ecfc 
[0;36mDEBUG[0m[2026-03-16 10:14:11.857]   received shard header from network in block tracker [0;36mshard[0m = 0 [0;36mepoch[0m = 0 [0;36mround[0m = 590 [0;36mnonce[0m = 582 [0;36mhash[0m = 7879aa9a6ff07873cb84542a000d87cec7d92d05400b32f1049b80dcda9b0347 
[0;36mDEBUG[0m[2026-03-16 10:14:11.857]   received shard header from network in block tracker [0;36mshard[0m = 0 [0;36mepoch[0m = 0 [0;36mround[0m = 591 [0;36mnonce[0m = 583 [0;36mhash[0m = ea90ba4459e4ae852319800fddd45ecde60caef9fc2327c84a3f742600907fd9 
[0;36mDEBUG[0m[2026-03-16 10:14:11.857]   received shard header from network in block tracker [0;36mshard[0m = 0 [0;36mepoch[0m = 0 [0;36mround[0m = 592 [0;36mnonce[0m = 584 [0;36mhash[0m = a2bb131a0276dc7a3bfad6f4e19bd0b52d23521c5df356fb8d8d664232ec42fd 
[0;36mDEBUG[0m[2026-03-16 10:14:11.857]   received shard header from network in block tracker [0;36mshard[0m = 0 [0;36mepoch[0m = 0 [0;36mround[0m = 593 [0;36mnonce[0m = 585 [0;36mhash[0m = 1a1746bc57bbf0cd388831f012804219ba85b165de97ebde6137b75889c0e44f 
[0;36mDEBUG[0m[2026-03-16 10:14:11.857]   received shard header from network in block tracker [0;36mshard[0m = 0 [0;36mepoch[0m = 0 [0;36mround[0m = 594 [0;36mnonce[0m = 586 [0;36mhash[0m = c3ace68b018fe44a255642315e6988eea3a14189f9f683bfd10e23ed392905e3 
[0;36mDEBUG[0m[2026-03-16 10:14:11.857]   received shard header from network in block tracker [0;36mshard[0m = 0 [0;36mepoch[0m = 0 [0;36mround[0m = 595 [0;36mnonce[0m = 587 [0;36mhash[0m = 699310564fcaf440375f8c2830b32f4c64c002be0987eac855e6e8f7e08eda28 
[0;36mDEBUG[0m[2026-03-16 10:14:11.858]   received shard header from network in block tracker [0;36mshard[0m = 0 [0;36mepoch[0m = 0 [0;36mround[0m = 596 [0;36mnonce[0m = 588 [0;36mhash[0m = 58ee710b6b7bd5cc4889218f8b9827f269fb0960cf8aec606bcb2da9aef5890b 
[0;36mDEBUG[0m[2026-03-16 10:14:11.858]   received shard header from network in block tracker [0;36mshard[0m = 0 [0;36mepoch[0m = 0 [0;36mround[0m = 597 [0;36mnonce[0m = 589 [0;36mhash[0m = a4595adb70c4df21e091da65b5a10251e810a19f5c09858c173439e5fdbdc6eb 
[0;36mDEBUG[0m[2026-03-16 10:14:11.858]   received shard header from network in block tracker [0;36mshard[0m = 0 [0;36mepoch[0m = 0 [0;36mround[0m = 598 [0;36mnonce[0m = 590 [0;36mhash[0m = bc9a2a53d9c23d6bfdb5c0e7bb12930c54b611f2f1d4e77fd4e8fe5ebdc2e837 
[0;36mDEBUG[0m[2026-03-16 10:14:11.858]   received shard header from network in block tracker [0;36mshard[0m = 0 [0;36mepoch[0m = 0 [0;36mround[0m = 599 [0;36mnonce[0m = 591 [0;36mhash[0m = e25d6117752d2e52886edd9670a46fe54ee9457d2d1677081d27d3d7a130fd19 
[0;36mDEBUG[0m[2026-03-16 10:14:11.858]   received shard header from network in block tracker [0;36mshard[0m = 0 [0;36mepoch[0m = 0 [0;36mround[0m = 600 [0;36mnonce[0m = 592 [0;36mhash[0m = 6ef80a846cdea5ca540459a64cab41eb4ccccd9fc6a618926e2d989770285371 
[0;36mDEBUG[0m[2026-03-16 10:14:11.858]   received shard header from network in block tracker [0;36mshard[0m = 0 [0;36mepoch[0m = 0 [0;36mround[0m = 601 [0;36mnonce[0m = 593 [0;36mhash[0m = f6893a481cd091245d56c9839c91d8e36dc06ca35020c121c8aeb63233a8d3ca 
[0;36mDEBUG[0m[2026-03-16 10:14:11.858]   received shard header from network in block tracker [0;36mshard[0m = 0 [0;36mepoch[0m = 0 [0;36mround[0m = 602 [0;36mnonce[0m = 594 [0;36mhash[0m = c5470f1f2430b0b66c38ebcc85605e7c21c0187bd70d68c4957ac7f2aa52d092 
[0;36mDEBUG[0m[2026-03-16 10:14:11.858]   received shard header from network in block tracker [0;36mshard[0m = 0 [0;36mepoch[0m = 0 [0;36mround[0m = 603 [0;36mnonce[0m = 595 [0;36mhash[0m = a22fe84d42e1d732555761b3b9582400f2267ecd6770ea617e8d65cc63f1e00e 
[0;36mDEBUG[0m[2026-03-16 10:14:11.858]   received shard header from network in block tracker [0;36mshard[0m = 0 [0;36mepoch[0m = 0 [0;36mround[0m = 604 [0;36mnonce[0m = 596 [0;36mhash[0m = 35ce08088b9edb723022f450474052362dc7526958df6bcc433282b83a9cebeb 
[0;36mDEBUG[0m[2026-03-16 10:14:11.858]   received shard header from network in block tracker [0;36mshard[0m = 0 [0;36mepoch[0m = 0 [0;36mround[0m = 605 [0;36mnonce[0m = 597 [0;36mhash[0m = b0df83132365d533764b3a24921a71fa07ea62a0fcd6db51cc6ead8e5750fc30 
[0;36mDEBUG[0m[2026-03-16 10:14:11.858]   received shard header from network in block tracker [0;36mshard[0m = 0 [0;36mepoch[0m = 0 [0;36mround[0m = 606 [0;36mnonce[0m = 598 [0;36mhash[0m = b104b72d440b64d73c632c8c4dd43d2b51640ddf57f4fe1a17a611d1a8a97123 
[0;36mDEBUG[0m[2026-03-16 10:14:11.858]   received shard header from network in block tracker [0;36mshard[0m = 0 [0;36mepoch[0m = 0 [0;36mround[0m = 607 [0;36mnonce[0m = 599 [0;36mhash[0m = 9739eb95bee4059eefde3af66d729c41fb8550bb7b8165c95ad956a5e55f2e31 
[0;36mDEBUG[0m[2026-03-16 10:14:11.858]   received shard header from network in block tracker [0;36mshard[0m = 0 [0;36mepoch[0m = 0 [0;36mround[0m = 608 [0;36mnonce[0m = 600 [0;36mhash[0m = 129a5ad8d162112c76c3485b62fe3f8319f5197f44b795641d338ab9694e6080 
[0;36mDEBUG[0m[2026-03-16 10:14:11.858]   received shard header from network in block tracker [0;36mshard[0m = 0 [0;36mepoch[0m = 0 [0;36mround[0m = 609 [0;36mnonce[0m = 601 [0;36mhash[0m = 113ef75f50c1e7114542d4e5cd25cfaa65e8c64fbc4bb39a99d04bce9aa8fc44 
[0;36mDEBUG[0m[2026-03-16 10:14:11.858]   received shard header from network in block tracker [0;36mshard[0m = 0 [0;36mepoch[0m = 0 [0;36mround[0m = 610 [0;36mnonce[0m = 602 [0;36mhash[0m = b23c7d24134285f4d495def14c5e532e0dab7f0c537220260d3ed3fb7d12ad0d 
[0;36mDEBUG[0m[2026-03-16 10:14:11.858]   received shard header from network in block tracker [0;36mshard[0m = 0 [0;36mepoch[0m = 0 [0;36mround[0m = 611 [0;36mnonce[0m = 603 [0;36mhash[0m = 13a274eccfcd3ee84aa90d3401b97d778a42cd74261723a328aff41c363554d2 
[0;36mDEBUG[0m[2026-03-16 10:14:11.858]   received shard header from network in block tracker [0;36mshard[0m = 0 [0;36mepoch[0m = 0 [0;36mround[0m = 612 [0;36mnonce[0m = 604 [0;36mhash[0m = 9a76186ec5c84c1495127b14b6b71cd833569b25741005cf422b2f2e8e3ee2a0 
[0;36mDEBUG[0m[2026-03-16 10:14:11.858]   received shard header from network in block tracker [0;36mshard[0m = 0 [0;36mepoch[0m = 0 [0;36mround[0m = 613 [0;36mnonce[0m = 605 [0;36mhash[0m = 6fc2fc249cf99733bceee7b7e528a8682505aec8dd90ea79a02b6dd3c7db1333 
[0;36mDEBUG[0m[2026-03-16 10:14:11.858]   received shard header from network in block tracker [0;36mshard[0m = 0 [0;36mepoch[0m = 0 [0;36mround[0m = 614 [0;36mnonce[0m = 606 [0;36mhash[0m = 24830ed13ee2085fbedd1d2d7977d21041e69adb24230f1f48176ea6305f1ac0 
[0;36mDEBUG[0m[2026-03-16 10:14:11.858]   received shard header from network in block tracker [0;36mshard[0m = 0 [0;36mepoch[0m = 0 [0;36mround[0m = 615 [0;36mnonce[0m = 607 [0;36mhash[0m = 09c82876e8b39766510de99aa51b8999300bd693f26c1b0dda5bd8ab27dd7e14 
[0;36mDEBUG[0m[2026-03-16 10:14:11.858]   received shard header from network in block tracker [0;36mshard[0m = 0 [0;36mepoch[0m = 0 [0;36mround[0m = 616 [0;36mnonce[0m = 608 [0;36mhash[0m = 8f872bbf0338703c09c98adb5c8b88a6f76852e15fae94747ca18e1094ff7ff4 
[0;36mDEBUG[0m[2026-03-16 10:14:11.858]   received shard header from network in block tracker [0;36mshard[0m = 0 [0;36mepoch[0m = 0 [0;36mround[0m = 617 [0;36mnonce[0m = 609 [0;36mhash[0m = 8ac8ff235c8e8acf6d48a5b660cb2d2a3d14fbfcf33d83a79fe71a1e54f7fb26 
[0;36mDEBUG[0m[2026-03-16 10:14:11.858]   received shard header from network in block tracker [0;36mshard[0m = 0 [0;36mepoch[0m = 0 [0;36mround[0m = 618 [0;36mnonce[0m = 610 [0;36mhash[0m = 1bbb00c9ace92983aac9534c48b59bd740a5a3fbc200a0be009684350610fe77 
[0;36mDEBUG[0m[2026-03-16 10:14:11.858]   received shard header from network in block tracker [0;36mshard[0m = 0 [0;36mepoch[0m = 0 [0;36mround[0m = 619 [0;36mnonce[0m = 611 [0;36mhash[0m = ac64f554e04cd8e347e679d2b6e030a1577ffaf5072f74bba58e55c648fa70bd 
[0;36mDEBUG[0m[2026-03-16 10:14:11.858]   received shard header from network in block tracker [0;36mshard[0m = 0 [0;36mepoch[0m = 0 [0;36mround[0m = 620 [0;36mnonce[0m = 612 [0;36mhash[0m = 153cb68fe5d158def46f8dfeab568e4440171a4c991c9b32fc55785934dcdb54 
[0;36mDEBUG[0m[2026-03-16 10:14:11.858]   received shard header from network in block tracker [0;36mshard[0m = 0 [0;36mepoch[0m = 0 [0;36mround[0m = 621 [0;36mnonce[0m = 613 [0;36mhash[0m = c6ad5b04738489a20159a5d6bb4c1b977f1781404f3b93eafddd6f1f5e2d5ac2 
[0;36mDEBUG[0m[2026-03-16 10:14:11.858]   received shard header from network in block tracker [0;36mshard[0m = 0 [0;36mepoch[0m = 0 [0;36mround[0m = 622 [0;36mnonce[0m = 614 [0;36mhash[0m = dc1231cf49185075676c1fd6c272aca099136a41142106b47316803e2209e853 
[0;36mDEBUG[0m[2026-03-16 10:14:11.858]   received shard header from network in block tracker [0;36mshard[0m = 0 [0;36mepoch[0m = 0 [0;36mround[0m = 623 [0;36mnonce[0m = 615 [0;36mhash[0m = fe9448504666c8e8ad401e7fd21a92e599893a1a9b0af7e078a26fc13eaa2392 
[0;36mDEBUG[0m[2026-03-16 10:14:11.858]   received shard header from network in block tracker [0;36mshard[0m = 0 [0;36mepoch[0m = 0 [0;36mround[0m = 624 [0;36mnonce[0m = 616 [0;36mhash[0m = 61b932300276521326089d25fd875db9e5cf40bcd1516de8912ba177ca463a2e 
[0;36mDEBUG[0m[2026-03-16 10:14:11.858]   received shard header from network in block tracker [0;36mshard[0m = 0 [0;36mepoch[0m = 0 [0;36mround[0m = 625 [0;36mnonce[0m = 617 [0;36mhash[0m = 69558b781d932327aa65f7e171b071979494ec8ff9c0882b907ddebad02af513 
[0;36mDEBUG[0m[2026-03-16 10:14:11.858]   received shard header from network in block tracker [0;36mshard[0m = 0 [0;36mepoch[0m = 0 [0;36mround[0m = 626 [0;36mnonce[0m = 618 [0;36mhash[0m = f7b02d92e149c4f17bfef44aa3da2ad40e16aa0c51e7a56a59e3066eaffe7bdf 
[0;36mDEBUG[0m[2026-03-16 10:14:11.858]   received shard header from network in block tracker [0;36mshard[0m = 0 [0;36mepoch[0m = 0 [0;36mround[0m = 627 [0;36mnonce[0m = 619 [0;36mhash[0m = 5b741a94d877a9e452dc8948ac0134fb2dba9e7f5eca5826f2c8842d00a33281 
[0;36mDEBUG[0m[2026-03-16 10:14:11.858]   received shard header from network in block tracker [0;36mshard[0m = 0 [0;36mepoch[0m = 0 [0;36mround[0m = 628 [0;36mnonce[0m = 620 [0;36mhash[0m = adeb66ce9eb264752a0a9e02fdaf59eafbbc1178659423a1a7037f911c0cbb9a 
[0;36mDEBUG[0m[2026-03-16 10:14:11.858]   received shard header from network in block tracker [0;36mshard[0m = 0 [0;36mepoch[0m = 0 [0;36mround[0m = 629 [0;36mnonce[0m = 621 [0;36mhash[0m = 88c16b6fbe5191927792bcb43783086638bec155f6026a0e8b16dd2491389f81 
[0;36mDEBUG[0m[2026-03-16 10:14:11.858]   received shard header from network in block tracker [0;36mshard[0m = 0 [0;36mepoch[0m = 0 [0;36mround[0m = 630 [0;36mnonce[0m = 622 [0;36mhash[0m = 451d150c20c81a050dfb1f4018a609cf1ed8cdcf75a3f37b34fde2793e87c203 
[0;36mDEBUG[0m[2026-03-16 10:14:11.858]   received shard header from network in block tracker [0;36mshard[0m = 0 [0;36mepoch[0m = 0 [0;36mround[0m = 631 [0;36mnonce[0m = 623 [0;36mhash[0m = 8dca88716c4fa4958d68ffe5bf3ed58749ed24f3f97a3a00e07e938468a06a3c 
[0;36mDEBUG[0m[2026-03-16 10:14:11.858]   received shard header from network in block tracker [0;36mshard[0m = 0 [0;36mepoch[0m = 0 [0;36mround[0m = 632 [0;36mnonce[0m = 624 [0;36mhash[0m = 0a4170fbcc3110acf6d186cd675d192e0eb608a5ea0b0c07a5cdab1b2db71c13 
[0;36mDEBUG[0m[2026-03-16 10:14:11.858]   received shard header from network in block tracker [0;36mshard[0m = 0 [0;36mepoch[0m = 0 [0;36mround[0m = 633 [0;36mnonce[0m = 625 [0;36mhash[0m = f6a40b7868d03abd68ec4ac7900e0678e8a851c1677a963ad5f329b198f9623d 
[0;36mDEBUG[0m[2026-03-16 10:14:11.858]   received shard header from network in block tracker [0;36mshard[0m = 0 [0;36mepoch[0m = 0 [0;36mround[0m = 634 [0;36mnonce[0m = 626 [0;36mhash[0m = 85ae74be108aa137e3ead2e2d1d4535c5c872fb3cd986ee282de828c9d0586dc 
[0;36mDEBUG[0m[2026-03-16 10:14:11.858]   received shard header from network in block tracker [0;36mshard[0m = 0 [0;36mepoch[0m = 0 [0;36mround[0m = 635 [0;36mnonce[0m = 627 [0;36mhash[0m = 29c3af968ebc83160cd0d9843b481bea0f441812dafbf427051695c8716f23fe 
[0;36mDEBUG[0m[2026-03-16 10:14:11.858]   received shard header from network in block tracker [0;36mshard[0m = 0 [0;36mepoch[0m = 0 [0;36mround[0m = 636 [0;36mnonce[0m = 628 [0;36mhash[0m = f22f02b56de6209ec6c1d4756d2f23c5068686d3012cdb0010fac7c0c3f9656d 
[0;36mDEBUG[0m[2026-03-16 10:14:11.858]   received shard header from network in block tracker [0;36mshard[0m = 0 [0;36mepoch[0m = 0 [0;36mround[0m = 637 [0;36mnonce[0m = 629 [0;36mhash[0m = 6202c572e1a0741ab4ac12c4479b1d9b38402b96a650394465c3e0db56e76c4c 
[0;36mDEBUG[0m[2026-03-16 10:14:11.858]   received shard header from network in block tracker [0;36mshard[0m = 0 [0;36mepoch[0m = 0 [0;36mround[0m = 638 [0;36mnonce[0m = 630 [0;36mhash[0m = e8b348e119fd224343260745defa7070388723674a9bac0c14cc3d70afd71fe7 
[0;36mDEBUG[0m[2026-03-16 10:14:11.858]   received shard header from network in block tracker [0;36mshard[0m = 0 [0;36mepoch[0m = 0 [0;36mround[0m = 639 [0;36mnonce[0m = 631 [0;36mhash[0m = 2ebf77ac8dae9e5155b0264e6a188b6fcf94ee9244f5b5b162a4214710623d14 
[0;36mDEBUG[0m[2026-03-16 10:14:11.858]   received shard header from network in block tracker [0;36mshard[0m = 0 [0;36mepoch[0m = 0 [0;36mround[0m = 640 [0;36mnonce[0m = 632 [0;36mhash[0m = 29dd722b10ce9a58b1caddb319b78feaa0950ae1621b44c8dbfbf3455633d2d7 
[0;36mDEBUG[0m[2026-03-16 10:14:11.858]   received shard header from network in block tracker [0;36mshard[0m = 0 [0;36mepoch[0m = 0 [0;36mround[0m = 641 [0;36mnonce[0m = 633 [0;36mhash[0m = 270dfc2b36f42285f69cb1ed6052590f43625e053c0d9ee54945054be62a6421 
[0;36mDEBUG[0m[2026-03-16 10:14:11.858]   received shard header from network in block tracker [0;36mshard[0m = 0 [0;36mepoch[0m = 0 [0;36mround[0m = 642 [0;36mnonce[0m = 634 [0;36mhash[0m = 2873330dd52837570c71c5b500cdfde3f23e4c50d44e2ff1e8c0eedf41183b9a 
[0;36mDEBUG[0m[2026-03-16 10:14:11.858]   received shard header from network in block tracker [0;36mshard[0m = 0 [0;36mepoch[0m = 0 [0;36mround[0m = 643 [0;36mnonce[0m = 635 [0;36mhash[0m = 7ec62000752b3bdeefc465617f2cd7b5425c6e5e112ea7899365f1d002b5a393 
[0;36mDEBUG[0m[2026-03-16 10:14:11.858]   received shard header from network in block tracker [0;36mshard[0m = 0 [0;36mepoch[0m = 0 [0;36mround[0m = 644 [0;36mnonce[0m = 636 [0;36mhash[0m = 5e612b34b00ec37c43c6629c1f4e96846a4bd67be82e9855dee7ad652f2b81e9 
[0;36mDEBUG[0m[2026-03-16 10:14:11.858]   received shard header from network in block tracker [0;36mshard[0m = 0 [0;36mepoch[0m = 0 [0;36mround[0m = 645 [0;36mnonce[0m = 637 [0;36mhash[0m = 8a2ce13abc90c22bcf08af9ef6d738c543d7806ef0a59f51d2de2b5b5ef0c496 
[0;36mDEBUG[0m[2026-03-16 10:14:11.858]   received shard header from network in block tracker [0;36mshard[0m = 0 [0;36mepoch[0m = 0 [0;36mround[0m = 646 [0;36mnonce[0m = 638 [0;36mhash[0m = f32280f6ed4a7a0ca2e8ce9e5ae8cf53d36d0096df1e198805d959cb17a8751a 
[0;36mDEBUG[0m[2026-03-16 10:14:11.858]   received shard header from network in block tracker [0;36mshard[0m = 0 [0;36mepoch[0m = 0 [0;36mround[0m = 647 [0;36mnonce[0m = 639 [0;36mhash[0m = fa84706ecdc2b48049931e9e2fab5a2f1650d1cebb4884c7825cae933fde8f90 
[0;36mDEBUG[0m[2026-03-16 10:14:11.858]   received shard header from network in block tracker [0;36mshard[0m = 0 [0;36mepoch[0m = 0 [0;36mround[0m = 648 [0;36mnonce[0m = 640 [0;36mhash[0m = 04153a5974527f3dc03c141c3a026a1596db53e01065bfcf36327470f6d0e2de 
[0;36mDEBUG[0m[2026-03-16 10:14:11.858]   received shard header from network in block tracker [0;36mshard[0m = 0 [0;36mepoch[0m = 0 [0;36mround[0m = 649 [0;36mnonce[0m = 641 [0;36mhash[0m = ea07cfcd9c7e97dc6a89c751725d258d513950ef205fbb9be40d5ec3c1e4b462 
[0;36mDEBUG[0m[2026-03-16 10:14:11.858]   received shard header from network in block tracker [0;36mshard[0m = 0 [0;36mepoch[0m = 0 [0;36mround[0m = 650 [0;36mnonce[0m = 642 [0;36mhash[0m = 6e7e4e10ac52ada96da7c34bb1c7e72cdd09bd8577bf2b5cc0ba521e177864a8 
[0;36mDEBUG[0m[2026-03-16 10:14:11.858]   received shard header from network in block tracker [0;36mshard[0m = 0 [0;36mepoch[0m = 0 [0;36mround[0m = 651 [0;36mnonce[0m = 643 [0;36mhash[0m = fa0a7ac7c4d47192c829b2b954247c4ebcd60f8533237c1abb78d28a71c993ef 
[0;36mDEBUG[0m[2026-03-16 10:14:11.858]   received shard header from network in block tracker [0;36mshard[0m = 0 [0;36mepoch[0m = 0 [0;36mround[0m = 652 [0;36mnonce[0m = 644 [0;36mhash[0m = a7946c1fd6e35a576455450087f069a04c49f742d7b40f0ac73a9bb222964aa2 
[0;36mDEBUG[0m[2026-03-16 10:14:11.858]   received shard header from network in block tracker [0;36mshard[0m = 0 [0;36mepoch[0m = 0 [0;36mround[0m = 653 [0;36mnonce[0m = 645 [0;36mhash[0m = a86a7b6b35904f5570e191ace115e81859a7d73dbd6a6ca0151cbec112b5c9ec 
[0;36mDEBUG[0m[2026-03-16 10:14:11.858]   received shard header from network in block tracker [0;36mshard[0m = 0 [0;36mepoch[0m = 0 [0;36mround[0m = 654 [0;36mnonce[0m = 646 [0;36mhash[0m = 5ecff650e3b878a9f05bd456adaefeea13d606e9b50755d09764c5c4326c6301 
[0;36mDEBUG[0m[2026-03-16 10:14:11.858]   received shard header from network in block tracker [0;36mshard[0m = 0 [0;36mepoch[0m = 0 [0;36mround[0m = 655 [0;36mnonce[0m = 647 [0;36mhash[0m = 70aa41f14ce3c5ef6552ea1b736b8d369591a0049ec4903b7ffc546af0b18227 
[0;36mDEBUG[0m[2026-03-16 10:14:11.858]   received shard header from network in block tracker [0;36mshard[0m = 0 [0;36mepoch[0m = 0 [0;36mround[0m = 656 [0;36mnonce[0m = 648 [0;36mhash[0m = a0079f2042c94529cdc6dc874c357e486cbaf87952b462a472f7b34627557dbc 
[0;36mDEBUG[0m[2026-03-16 10:14:11.858]   received shard header from network in block tracker [0;36mshard[0m = 0 [0;36mepoch[0m = 0 [0;36mround[0m = 657 [0;36mnonce[0m = 649 [0;36mhash[0m = 24d72c786f6da8b6ebea743baa6efb8aa5980a8211b04dd0b269d49797c8f7f4 
[0;36mDEBUG[0m[2026-03-16 10:14:11.858]   received shard header from network in block tracker [0;36mshard[0m = 0 [0;36mepoch[0m = 0 [0;36mround[0m = 658 [0;36mnonce[0m = 650 [0;36mhash[0m = 0491e4eb4f4efff5f2efd6fb79f283aaf9b3c091491f3bedfdcba4e91403cb9a 
[0;36mDEBUG[0m[2026-03-16 10:14:11.858]   received shard header from network in block tracker [0;36mshard[0m = 0 [0;36mepoch[0m = 0 [0;36mround[0m = 659 [0;36mnonce[0m = 651 [0;36mhash[0m = efeabd00f432b477fb4142c59c95fba53b9a9be61558e201f7314eb953a31d02 
[0;36mDEBUG[0m[2026-03-16 10:14:11.858]   received shard header from network in block tracker [0;36mshard[0m = 0 [0;36mepoch[0m = 0 [0;36mround[0m = 660 [0;36mnonce[0m = 652 [0;36mhash[0m = ac20d4bb7369a6eddfd3a379519d2e5696112dcef55802a485a2a3d04df668d3 
[0;36mDEBUG[0m[2026-03-16 10:14:11.858]   received shard header from network in block tracker [0;36mshard[0m = 0 [0;36mepoch[0m = 0 [0;36mround[0m = 661 [0;36mnonce[0m = 653 [0;36mhash[0m = 0b098e6b21f1644823f8e55ef53720be946e28ae7e672ed6017f197bfbad2b8e 
[0;36mDEBUG[0m[2026-03-16 10:14:11.858]   received shard header from network in block tracker [0;36mshard[0m = 0 [0;36mepoch[0m = 0 [0;36mround[0m = 662 [0;36mnonce[0m = 654 [0;36mhash[0m = 9175bd3394269b33c9b428347a177b0fc502e934d4674ef52fc97ec1f2f0bf47 
[0;36mDEBUG[0m[2026-03-16 10:14:11.858]   received shard header from network in block tracker [0;36mshard[0m = 0 [0;36mepoch[0m = 0 [0;36mround[0m = 663 [0;36mnonce[0m = 655 [0;36mhash[0m = 0a73ff03f4d31905d10f9ec137ac5bb3c8902a13259b46f14ee0f2ebd471d265 
[0;36mDEBUG[0m[2026-03-16 10:14:11.858]   received shard header from network in block tracker [0;36mshard[0m = 0 [0;36mepoch[0m = 0 [0;36mround[0m = 664 [0;36mnonce[0m = 656 [0;36mhash[0m = d4e1b104034ed5c23cf9a6667d32a5ed3431ddc1e8cb62031d2713b512e8564c 
[0;36mDEBUG[0m[2026-03-16 10:14:11.858]   received shard header from network in block tracker [0;36mshard[0m = 0 [0;36mepoch[0m = 0 [0;36mround[0m = 665 [0;36mnonce[0m = 657 [0;36mhash[0m = 2174009c42021872d358662a7a1b34bc7880af32b997735dd76d9adffdd29782 
[0;36mDEBUG[0m[2026-03-16 10:14:11.858]   received shard header from network in block tracker [0;36mshard[0m = 0 [0;36mepoch[0m = 0 [0;36mround[0m = 666 [0;36mnonce[0m = 658 [0;36mhash[0m = f70a9a995bf2883ccc4b40d73fe96c6159969a91147b31b095c20aba0bc19f00 
[0;36mDEBUG[0m[2026-03-16 10:14:11.858]   received shard header from network in block tracker [0;36mshard[0m = 0 [0;36mepoch[0m = 0 [0;36mround[0m = 667 [0;36mnonce[0m = 659 [0;36mhash[0m = 4235af2e810929149f9bc680016c22af262a83ef5189acf3b163336afcf3c1e1 
[0;36mDEBUG[0m[2026-03-16 10:14:11.858]   received shard header from network in block tracker [0;36mshard[0m = 0 [0;36mepoch[0m = 0 [0;36mround[0m = 668 [0;36mnonce[0m = 660 [0;36mhash[0m = 64dcb200e2b6e002bf3200bf2e208efb3e5404865cf534db1d0320d740424820 
[0;36mDEBUG[0m[2026-03-16 10:14:11.858]   received shard header from network in block tracker [0;36mshard[0m = 0 [0;36mepoch[0m = 0 [0;36mround[0m = 669 [0;36mnonce[0m = 661 [0;36mhash[0m = e49a69a352f18eb5d64c671415f8facb856420a27047af944cda642c3dfae0f0 
[0;36mDEBUG[0m[2026-03-16 10:14:11.858]   received shard header from network in block tracker [0;36mshard[0m = 0 [0;36mepoch[0m = 0 [0;36mround[0m = 670 [0;36mnonce[0m = 662 [0;36mhash[0m = 563b7dc8970d2a8c897474a290306cfd2c8b45430c5f428990c7248174df3e55 
[0;36mDEBUG[0m[2026-03-16 10:14:11.858]   received shard header from network in block tracker [0;36mshard[0m = 0 [0;36mepoch[0m = 0 [0;36mround[0m = 671 [0;36mnonce[0m = 663 [0;36mhash[0m = fc189e6a977c2a2faf3efc4b463e08fa199303f79f0644fb412bb647383a137b 
[0;36mDEBUG[0m[2026-03-16 10:14:11.858]   received shard header from network in block tracker [0;36mshard[0m = 0 [0;36mepoch[0m = 0 [0;36mround[0m = 672 [0;36mnonce[0m = 664 [0;36mhash[0m = b70a1c0639228dd1f767848403a1bcb6a88acc0df2b6e97204535827a62a656b 
[0;36mDEBUG[0m[2026-03-16 10:14:11.858]   received shard header from network in block tracker [0;36mshard[0m = 0 [0;36mepoch[0m = 0 [0;36mround[0m = 673 [0;36mnonce[0m = 665 [0;36mhash[0m = 4e91bf3ca68e7d2491bf22590adfb8241490c784f0040034b548fd392cf7e894 
[0;36mDEBUG[0m[2026-03-16 10:14:11.858]   received shard header from network in block tracker [0;36mshard[0m = 0 [0;36mepoch[0m = 0 [0;36mround[0m = 674 [0;36mnonce[0m = 666 [0;36mhash[0m = c020ea1ed485976280d1238673f3c826e8f211bd7847a6900c87babfc9bfa591 
[0;36mDEBUG[0m[2026-03-16 10:14:11.858]   received shard header from network in block tracker [0;36mshard[0m = 0 [0;36mepoch[0m = 0 [0;36mround[0m = 675 [0;36mnonce[0m = 667 [0;36mhash[0m = 4634acd7b6babe53a383b045a21f59a036f01db13a1463f0559e0ff4851a3f16 
[0;36mDEBUG[0m[2026-03-16 10:14:11.858]   received shard header from network in block tracker [0;36mshard[0m = 0 [0;36mepoch[0m = 0 [0;36mround[0m = 676 [0;36mnonce[0m = 668 [0;36mhash[0m = 6449f3db85f43c19017ad4f333ab0bb1c872ec6d6c1a5f1edfd1f1f8d4bf1ae5 
[0;36mDEBUG[0m[2026-03-16 10:14:11.858]   received shard header from network in block tracker [0;36mshard[0m = 0 [0;36mepoch[0m = 0 [0;36mround[0m = 677 [0;36mnonce[0m = 669 [0;36mhash[0m = 3dc3d8cf2c7b52cc60aeb671b6d086ac04bfd96a5c626b86740ac7e6fd6b56ab 
[0;36mDEBUG[0m[2026-03-16 10:14:11.858]   received shard header from network in block tracker [0;36mshard[0m = 0 [0;36mepoch[0m = 0 [0;36mround[0m = 678 [0;36mnonce[0m = 670 [0;36mhash[0m = 6d47188d71bc7ce1177a6e01c05228ba23ea3a05c295a9646df6f85470cbf135 
[0;36mDEBUG[0m[2026-03-16 10:14:11.858]   received shard header from network in block tracker [0;36mshard[0m = 0 [0;36mepoch[0m = 0 [0;36mround[0m = 679 [0;36mnonce[0m = 671 [0;36mhash[0m = 4bebf89304dfb4774e0957d5a582475188c8de3fe45487813d0910e21089e28e 
[0;36mDEBUG[0m[2026-03-16 10:14:11.858]   received shard header from network in block tracker [0;36mshard[0m = 0 [0;36mepoch[0m = 0 [0;36mround[0m = 680 [0;36mnonce[0m = 672 [0;36mhash[0m = 83dae369e37b89a9935aad23500a5b5fd589df18ebaff15981707181c542d615 
[0;36mDEBUG[0m[2026-03-16 10:14:11.858]   received shard header from network in block tracker [0;36mshard[0m = 0 [0;36mepoch[0m = 0 [0;36mround[0m = 681 [0;36mnonce[0m = 673 [0;36mhash[0m = 337657e6c661c855ba0fa344175d626020ae088f78d948658e8f1d75c2f88e33 
[0;36mDEBUG[0m[2026-03-16 10:14:11.858]   received shard header from network in block tracker [0;36mshard[0m = 0 [0;36mepoch[0m = 0 [0;36mround[0m = 682 [0;36mnonce[0m = 674 [0;36mhash[0m = 3a0d70506cd81459b2b1c7a075c09d2fa71235a8f4872d9c75ae7f44add44ca5 
[0;36mDEBUG[0m[2026-03-16 10:14:11.858]   received shard header from network in block tracker [0;36mshard[0m = 0 [0;36mepoch[0m = 0 [0;36mround[0m = 683 [0;36mnonce[0m = 675 [0;36mhash[0m = 8a7397f379fa7d0ea6d0d4035996b6360fa963dade87f1d56c2d9a0745bce202 
[0;36mDEBUG[0m[2026-03-16 10:14:11.858]   received shard header from network in block tracker [0;36mshard[0m = 0 [0;36mepoch[0m = 0 [0;36mround[0m = 684 [0;36mnonce[0m = 676 [0;36mhash[0m = 16566aeb36c51e7f6e4e3967c4796724082f1e0525d533eb4b432a01af81cb7d 
[0;36mDEBUG[0m[2026-03-16 10:14:11.858]   received shard header from network in block tracker [0;36mshard[0m = 0 [0;36mepoch[0m = 0 [0;36mround[0m = 685 [0;36mnonce[0m = 677 [0;36mhash[0m = a3bf8b26bd2f11646f04c0b4ca72959106afa3db8202e280e56cc6901f4a0899 
[0;36mDEBUG[0m[2026-03-16 10:14:11.858]   received shard header from network in block tracker [0;36mshard[0m = 0 [0;36mepoch[0m = 0 [0;36mround[0m = 686 [0;36mnonce[0m = 678 [0;36mhash[0m = c732e5975d8f5d13080353b99be0a48211975aa3974f97fb47652e9e64e7dac3 
[0;36mDEBUG[0m[2026-03-16 10:14:11.858]   received shard header from network in block tracker [0;36mshard[0m = 0 [0;36mepoch[0m = 0 [0;36mround[0m = 687 [0;36mnonce[0m = 679 [0;36mhash[0m = fafa7e6dba63b518156339baf4b5122a29f72e682c914869a01b0adcc70944c1 
[0;36mDEBUG[0m[2026-03-16 10:14:11.858]   received shard header from network in block tracker [0;36mshard[0m = 0 [0;36mepoch[0m = 0 [0;36mround[0m = 688 [0;36mnonce[0m = 680 [0;36mhash[0m = a74ea10caa66c5a196c90d2cdfe268e46f77cb2107019354cceed7da49fac123 
[0;36mDEBUG[0m[2026-03-16 10:14:11.858]   received shard header from network in block tracker [0;36mshard[0m = 0 [0;36mepoch[0m = 0 [0;36mround[0m = 689 [0;36mnonce[0m = 681 [0;36mhash[0m = 5c90daa0cab061e8501d2d79a4181fc07ae3ed67c26087ccf1aba22e6cd0fe2b 
[0;36mDEBUG[0m[2026-03-16 10:14:11.858]   received shard header from network in block tracker [0;36mshard[0m = 0 [0;36mepoch[0m = 0 [0;36mround[0m = 690 [0;36mnonce[0m = 682 [0;36mhash[0m = a6883f89d0619830543993c8d31072975119ad811af366a1a494579f63008316 
[0;36mDEBUG[0m[2026-03-16 10:14:11.858]   received shard header from network in block tracker [0;36mshard[0m = 0 [0;36mepoch[0m = 0 [0;36mround[0m = 691 [0;36mnonce[0m = 683 [0;36mhash[0m = 672e8ef566bfb75365d4d24880f949f053d81868f8d41315e451556c29a62803 
[0;36mDEBUG[0m[2026-03-16 10:14:11.858]   received shard header from network in block tracker [0;36mshard[0m = 0 [0;36mepoch[0m = 0 [0;36mround[0m = 692 [0;36mnonce[0m = 684 [0;36mhash[0m = 4e4fe97797a0ce8bf49a1942bfad74fc5e79d21bf7f947c03668a79daf68f4c9 
[0;36mDEBUG[0m[2026-03-16 10:14:11.858]   received shard header from network in block tracker [0;36mshard[0m = 0 [0;36mepoch[0m = 0 [0;36mround[0m = 693 [0;36mnonce[0m = 685 [0;36mhash[0m = c450dc92c97f7140cfe85ec549f1f3b7a979f73fc0985658d64d00c86ed87cd0 
[0;36mDEBUG[0m[2026-03-16 10:14:11.858]   received shard header from network in block tracker [0;36mshard[0m = 0 [0;36mepoch[0m = 0 [0;36mround[0m = 694 [0;36mnonce[0m = 686 [0;36mhash[0m = df3f4f697b30b7553fbb78832b1f30cd403d08e068b4e81d13ad31c7aa5efa95 
[0;36mDEBUG[0m[2026-03-16 10:14:11.858]   received shard header from network in block tracker [0;36mshard[0m = 0 [0;36mepoch[0m = 0 [0;36mround[0m = 695 [0;36mnonce[0m = 687 [0;36mhash[0m = db44e2efe3fce35643151a50c3d252f31ba6057e8e467056a6be1c6056ba7be0 
[0;36mDEBUG[0m[2026-03-16 10:14:11.858]   received shard header from network in block tracker [0;36mshard[0m = 0 [0;36mepoch[0m = 0 [0;36mround[0m = 696 [0;36mnonce[0m = 688 [0;36mhash[0m = 0901f1ae64beb3e14b6a36e9388b6e1c6dbe919f6b403d8284c60d65237abb7a 
[0;36mDEBUG[0m[2026-03-16 10:14:11.858]   received shard header from network in block tracker [0;36mshard[0m = 0 [0;36mepoch[0m = 0 [0;36mround[0m = 697 [0;36mnonce[0m = 689 [0;36mhash[0m = 969f54cb44d593610340058b8157dfd0d73b7ea6ba7bc8793461142a5e2321ed 
[0;36mDEBUG[0m[2026-03-16 10:14:11.858]   received shard header from network in block tracker [0;36mshard[0m = 0 [0;36mepoch[0m = 0 [0;36mround[0m = 698 [0;36mnonce[0m = 690 [0;36mhash[0m = ef7785c6a41ffdcf5f5d4a6786086c4734945821da35537fc4bc8da102210fc6 
[0;36mDEBUG[0m[2026-03-16 10:14:11.858]   received shard header from network in block tracker [0;36mshard[0m = 0 [0;36mepoch[0m = 0 [0;36mround[0m = 699 [0;36mnonce[0m = 691 [0;36mhash[0m = 6ef06d544ad2c1653735c49c98d90b8a8fbbcffc8276a07e85d73f0f6edfbfce 
[0;36mDEBUG[0m[2026-03-16 10:14:11.858]   received shard header from network in block tracker [0;36mshard[0m = 0 [0;36mepoch[0m = 0 [0;36mround[0m = 700 [0;36mnonce[0m = 692 [0;36mhash[0m = 54372346d100f8df619f49d55242059212bd2c1ea0a832aef81a903f8efdf9df 
[0;36mDEBUG[0m[2026-03-16 10:14:11.858]   received shard header from network in block tracker [0;36mshard[0m = 0 [0;36mepoch[0m = 0 [0;36mround[0m = 701 [0;36mnonce[0m = 693 [0;36mhash[0m = e8995b21b116fc920296fc19924b6de9dc182c2544b3166618f1817652fd0edd 
[0;36mDEBUG[0m[2026-03-16 10:14:11.858]   received shard header from network in block tracker [0;36mshard[0m = 0 [0;36mepoch[0m = 0 [0;36mround[0m = 702 [0;36mnonce[0m = 694 [0;36mhash[0m = 0584c8146c08ac2cc82ddf26d0f257798a8584db7ff6463afa5cd2e9f52d3cef 
[0;36mDEBUG[0m[2026-03-16 10:14:11.858]   received shard header from network in block tracker [0;36mshard[0m = 0 [0;36mepoch[0m = 0 [0;36mround[0m = 703 [0;36mnonce[0m = 695 [0;36mhash[0m = e2d62918a417c726ba9f54da38ccbff39e05105d9cbe8b7956b749e1683831a9 
[0;36mDEBUG[0m[2026-03-16 10:14:11.858]   received shard header from network in block tracker [0;36mshard[0m = 0 [0;36mepoch[0m = 0 [0;36mround[0m = 704 [0;36mnonce[0m = 696 [0;36mhash[0m = 2526c327a8226cd8ca4a237e80e9835f507eadbcaf76d197740e67af02e20d5f 
[0;36mDEBUG[0m[2026-03-16 10:14:11.858]   received shard header from network in block tracker [0;36mshard[0m = 0 [0;36mepoch[0m = 0 [0;36mround[0m = 705 [0;36mnonce[0m = 697 [0;36mhash[0m = 6a0715628b3ac62e42294e1063fc75b2e1d41231a50ef0b8eb89e739caf45753 
[0;36mDEBUG[0m[2026-03-16 10:14:11.858]   received shard header from network in block tracker [0;36mshard[0m = 0 [0;36mepoch[0m = 0 [0;36mround[0m = 706 [0;36mnonce[0m = 698 [0;36mhash[0m = 36c18b9f8f26ede39ab6e32c8a6907c9284166891a5f550e3640cbdb826845d2 
[0;36mDEBUG[0m[2026-03-16 10:14:11.858]   received shard header from network in block tracker [0;36mshard[0m = 0 [0;36mepoch[0m = 0 [0;36mround[0m = 707 [0;36mnonce[0m = 699 [0;36mhash[0m = 6935a456df06903662441426ec98527445a8f0c2271a81704e841909b3b2c695 
[0;36mDEBUG[0m[2026-03-16 10:14:11.858]   received shard header from network in block tracker [0;36mshard[0m = 0 [0;36mepoch[0m = 0 [0;36mround[0m = 708 [0;36mnonce[0m = 700 [0;36mhash[0m = 3d9f2cc53f490541dc94dd2ce4e9fe9671aeb7c42931f576a2796cf8e55012c6 
[0;36mDEBUG[0m[2026-03-16 10:14:11.858]   received shard header from network in block tracker [0;36mshard[0m = 0 [0;36mepoch[0m = 0 [0;36mround[0m = 709 [0;36mnonce[0m = 701 [0;36mhash[0m = f4e69bb903ea3826f772898d9fd35ff6f7fb6abc8b9fc0259a6e3a754a5e7388 
[0;36mDEBUG[0m[2026-03-16 10:14:11.858]   received shard header from network in block tracker [0;36mshard[0m = 0 [0;36mepoch[0m = 0 [0;36mround[0m = 710 [0;36mnonce[0m = 702 [0;36mhash[0m = 968deaa942ba4f2225e4b3459a2e6221c74733b691ab61232db8877b1381ca19 
[0;36mDEBUG[0m[2026-03-16 10:14:11.858]   received shard header from network in block tracker [0;36mshard[0m = 0 [0;36mepoch[0m = 0 [0;36mround[0m = 711 [0;36mnonce[0m = 703 [0;36mhash[0m = d39f7d0c9e338bbd6a2451026769de901c53469940929cd4005342ed1172d43a 
[0;36mDEBUG[0m[2026-03-16 10:14:11.858]   received shard header from network in block tracker [0;36mshard[0m = 0 [0;36mepoch[0m = 0 [0;36mround[0m = 712 [0;36mnonce[0m = 704 [0;36mhash[0m = aea5b551fa2a021f81d5c09e45aebb74135d1e1ce5ab27495178a9e6cb4995ce 
[0;36mDEBUG[0m[2026-03-16 10:14:11.858]   received shard header from network in block tracker [0;36mshard[0m = 0 [0;36mepoch[0m = 0 [0;36mround[0m = 713 [0;36mnonce[0m = 705 [0;36mhash[0m = e0b72bac5de04c70619a5eca4cef7a9276747393f64ce2151538e9007ccd4410 
[0;36mDEBUG[0m[2026-03-16 10:14:11.858]   received shard header from network in block tracker [0;36mshard[0m = 0 [0;36mepoch[0m = 0 [0;36mround[0m = 714 [0;36mnonce[0m = 706 [0;36mhash[0m = c2e2a6101acc2e5cf03d14808c9951611b25f48a21dc0df6f12e9ac0dd6d3245 
[0;36mDEBUG[0m[2026-03-16 10:14:11.858]   received shard header from network in block tracker [0;36mshard[0m = 0 [0;36mepoch[0m = 0 [0;36mround[0m = 715 [0;36mnonce[0m = 707 [0;36mhash[0m = fe71bec16b8ee151b1e5033ee912cc3c5b53899798d745a07e7c583504833f0d 
[0;36mDEBUG[0m[2026-03-16 10:14:11.858]   received shard header from network in block tracker [0;36mshard[0m = 0 [0;36mepoch[0m = 0 [0;36mround[0m = 716 [0;36mnonce[0m = 708 [0;36mhash[0m = 1d2e854007549be0e0efd558dd2b684b2609f391c8cc8d6dcfc7713f09374242 
[0;36mDEBUG[0m[2026-03-16 10:14:11.858]   received shard header from network in block tracker [0;36mshard[0m = 0 [0;36mepoch[0m = 0 [0;36mround[0m = 717 [0;36mnonce[0m = 709 [0;36mhash[0m = 6edcb44667323ab0a5a2f43ad71d9105ea4023af37be9707fe55dde1117d5ffd 
[0;36mDEBUG[0m[2026-03-16 10:14:11.858]   received shard header from network in block tracker [0;36mshard[0m = 0 [0;36mepoch[0m = 0 [0;36mround[0m = 718 [0;36mnonce[0m = 710 [0;36mhash[0m = 59971bfa85cc3ca56a836c914ac1bf7feb93c90dbd18aa207c298ddff5f866a3 
[0;36mDEBUG[0m[2026-03-16 10:14:11.858]   received shard header from network in block tracker [0;36mshard[0m = 0 [0;36mepoch[0m = 0 [0;36mround[0m = 719 [0;36mnonce[0m = 711 [0;36mhash[0m = 8988c6cb6b477115bf415475db2ff315374580163a3a67ca9f9613482f9aa553 
[0;36mDEBUG[0m[2026-03-16 10:14:11.858]   received shard header from network in block tracker [0;36mshard[0m = 0 [0;36mepoch[0m = 0 [0;36mround[0m = 720 [0;36mnonce[0m = 712 [0;36mhash[0m = 3f2194825112fb4864bc594c12d9978111ed22bc08019c0e26f5386cea311d80 
[0;36mDEBUG[0m[2026-03-16 10:14:11.858]   received shard header from network in block tracker [0;36mshard[0m = 0 [0;36mepoch[0m = 0 [0;36mround[0m = 721 [0;36mnonce[0m = 713 [0;36mhash[0m = 6388ccde5f62609aa484c1168739656e2ba8ce71ddceca6555a91501df437006 
[0;36mDEBUG[0m[2026-03-16 10:14:11.858]   received shard header from network in block tracker [0;36mshard[0m = 0 [0;36mepoch[0m = 0 [0;36mround[0m = 722 [0;36mnonce[0m = 714 [0;36mhash[0m = 77d56f5318521e7f35be36f801d5358bf370ebc8ef077bece04124f0be5e7a31 
[0;36mDEBUG[0m[2026-03-16 10:14:11.858]   received shard header from network in block tracker [0;36mshard[0m = 0 [0;36mepoch[0m = 0 [0;36mround[0m = 723 [0;36mnonce[0m = 715 [0;36mhash[0m = a1f20ac2e656406290c1307b4a34cf90cf5bce6352ac8e9c7449976369cec7d3 
[0;36mDEBUG[0m[2026-03-16 10:14:11.858]   received shard header from network in block tracker [0;36mshard[0m = 0 [0;36mepoch[0m = 0 [0;36mround[0m = 724 [0;36mnonce[0m = 716 [0;36mhash[0m = 7f1ac399226103ab7a1023573d30e9f16f89985a512c3c8f6b8e4aa122df333d 
[0;36mDEBUG[0m[2026-03-16 10:14:11.858]   received shard header from network in block tracker [0;36mshard[0m = 0 [0;36mepoch[0m = 0 [0;36mround[0m = 725 [0;36mnonce[0m = 717 [0;36mhash[0m = abaa6fc7503b13a901810a24c17c803def7631b03d360c9aa59edca816bf6317 
[0;36mDEBUG[0m[2026-03-16 10:14:11.858]   received shard header from network in block tracker [0;36mshard[0m = 0 [0;36mepoch[0m = 0 [0;36mround[0m = 726 [0;36mnonce[0m = 718 [0;36mhash[0m = 58ec8e8079c33e8440a0cc59ce70eca65b1ac9086af910b711ad22f6def77b3e 
[0;36mDEBUG[0m[2026-03-16 10:14:11.858]   received shard header from network in block tracker [0;36mshard[0m = 0 [0;36mepoch[0m = 0 [0;36mround[0m = 727 [0;36mnonce[0m = 719 [0;36mhash[0m = 404f37fd814701dd0273bf1cd5667f5af7f0ecee94a5e4e1790e08cad6615b82 
[0;36mDEBUG[0m[2026-03-16 10:14:11.858]   received shard header from network in block tracker [0;36mshard[0m = 0 [0;36mepoch[0m = 0 [0;36mround[0m = 728 [0;36mnonce[0m = 720 [0;36mhash[0m = 3e3e218ec08fb2532c9e9248040a495597acc717c2526dc520ceb0024bf7031f 
[0;36mDEBUG[0m[2026-03-16 10:14:11.859]   received shard header from network in block tracker [0;36mshard[0m = 0 [0;36mepoch[0m = 0 [0;36mround[0m = 729 [0;36mnonce[0m = 721 [0;36mhash[0m = 0c7152b2a85a6d4c4e2c21a73842d7655de790a8288943fc35e8bb96dc396b62 
[0;36mDEBUG[0m[2026-03-16 10:14:11.859]   received shard header from network in block tracker [0;36mshard[0m = 0 [0;36mepoch[0m = 0 [0;36mround[0m = 730 [0;36mnonce[0m = 722 [0;36mhash[0m = 6d094e52f4397dc4cd75fa85feeee95b5d796172083aea62345dcbd6a485dd6f 
[0;36mDEBUG[0m[2026-03-16 10:14:11.859]   received shard header from network in block tracker [0;36mshard[0m = 0 [0;36mepoch[0m = 0 [0;36mround[0m = 731 [0;36mnonce[0m = 723 [0;36mhash[0m = cf82bd8d8e0faf9a4d6ab3e86e6305f9375b26fd900f46e31ef1485bfd3385cd 
[0;36mDEBUG[0m[2026-03-16 10:14:11.859]   received shard header from network in block tracker [0;36mshard[0m = 0 [0;36mepoch[0m = 0 [0;36mround[0m = 732 [0;36mnonce[0m = 724 [0;36mhash[0m = 1e14eb041ecd2bda931a73b1dbcb2365b83687e343fe2abb2fac26d6d0ed9ad6 
[0;36mDEBUG[0m[2026-03-16 10:14:11.859]   received shard header from network in block tracker [0;36mshard[0m = 0 [0;36mepoch[0m = 0 [0;36mround[0m = 733 [0;36mnonce[0m = 725 [0;36mhash[0m = eaeff15b5527ab83e4b467fd61732d059d0bea14a7e6feb7955c1e01a5f52eb1 
[0;36mDEBUG[0m[2026-03-16 10:14:11.859]   received shard header from network in block tracker [0;36mshard[0m = 0 [0;36mepoch[0m = 0 [0;36mround[0m = 734 [0;36mnonce[0m = 726 [0;36mhash[0m = 40534e266053329b367f6687724a8d5a7b24cb87df75a0599daba5ff95c354d3 
[0;36mDEBUG[0m[2026-03-16 10:14:11.859]   received shard header from network in block tracker [0;36mshard[0m = 0 [0;36mepoch[0m = 0 [0;36mround[0m = 735 [0;36mnonce[0m = 727 [0;36mhash[0m = 146467836e516b8d9c0fbbb59e1f255556d15e3817c428886a09efc4cc2d76d3 
[0;36mDEBUG[0m[2026-03-16 10:14:11.859]   received shard header from network in block tracker [0;36mshard[0m = 0 [0;36mepoch[0m = 0 [0;36mround[0m = 736 [0;36mnonce[0m = 728 [0;36mhash[0m = ecc78f39791cdd80814dc26a57070c1a768f53792dbec67766fc33d2a66d2f97 
[0;36mDEBUG[0m[2026-03-16 10:14:11.859]   received shard header from network in block tracker [0;36mshard[0m = 0 [0;36mepoch[0m = 0 [0;36mround[0m = 737 [0;36mnonce[0m = 729 [0;36mhash[0m = 0b3feefad6a5336d0f7d69e5f5fba9ae6271e28f586148357f06b34d5e6821b5 
[0;36mDEBUG[0m[2026-03-16 10:14:11.859]   received shard header from network in block tracker [0;36mshard[0m = 0 [0;36mepoch[0m = 0 [0;36mround[0m = 738 [0;36mnonce[0m = 730 [0;36mhash[0m = f946aa21e220ef0a530fefe6bda9297a250d039b36783e9b25644b781f4ed245 
[0;36mDEBUG[0m[2026-03-16 10:14:11.859]   received shard header from network in block tracker [0;36mshard[0m = 0 [0;36mepoch[0m = 0 [0;36mround[0m = 739 [0;36mnonce[0m = 731 [0;36mhash[0m = 324c77bb22ea76d503e9d0615330774855fddaa1c8290caf25baf0d4e04db86b 
[0;36mDEBUG[0m[2026-03-16 10:14:11.859]   received shard header from network in block tracker [0;36mshard[0m = 0 [0;36mepoch[0m = 0 [0;36mround[0m = 740 [0;36mnonce[0m = 732 [0;36mhash[0m = 6ddcd57881ff536727a4fa8237c5812ae5a379d90faeb51b6035236b1d928282 
[0;36mDEBUG[0m[2026-03-16 10:14:11.859]   received shard header from network in block tracker [0;36mshard[0m = 0 [0;36mepoch[0m = 0 [0;36mround[0m = 741 [0;36mnonce[0m = 733 [0;36mhash[0m = 186943b07c638a2c1c9cdd4f6c7a49caf17a84e6aa78b90fcd18b3b2ae3326bf 
[0;36mDEBUG[0m[2026-03-16 10:14:11.859]   received shard header from network in block tracker [0;36mshard[0m = 0 [0;36mepoch[0m = 0 [0;36mround[0m = 742 [0;36mnonce[0m = 734 [0;36mhash[0m = 77b1144a248e906399895d02fec25e0a6141c685ac28e36df54011a352e9aafe 
[0;36mDEBUG[0m[2026-03-16 10:14:11.859]   received shard header from network in block tracker [0;36mshard[0m = 0 [0;36mepoch[0m = 0 [0;36mround[0m = 743 [0;36mnonce[0m = 735 [0;36mhash[0m = a151906e6bbd8218abc5522ad135eb8045b75394b36808b9da5cb3742d539a2c 
[0;36mDEBUG[0m[2026-03-16 10:14:11.859]   received shard header from network in block tracker [0;36mshard[0m = 0 [0;36mepoch[0m = 0 [0;36mround[0m = 744 [0;36mnonce[0m = 736 [0;36mhash[0m = 089c4b9ae3e98d5b1dda5b91f3e97933d443fd8a6940d0ddc4853c24d291af5b 
[0;36mDEBUG[0m[2026-03-16 10:14:11.859]   received shard header from network in block tracker [0;36mshard[0m = 0 [0;36mepoch[0m = 0 [0;36mround[0m = 745 [0;36mnonce[0m = 737 [0;36mhash[0m = 04530ccf6b47514925253cd16e8127477340ccd4c8f828031c4a690672eeae3c 
[0;36mDEBUG[0m[2026-03-16 10:14:11.859]   received shard header from network in block tracker [0;36mshard[0m = 0 [0;36mepoch[0m = 0 [0;36mround[0m = 746 [0;36mnonce[0m = 738 [0;36mhash[0m = ad74dd4ca6348294dd56fa3ca0317ef4425cdad9cfc5bb88053cf1231df47d23 
[0;36mDEBUG[0m[2026-03-16 10:14:11.859]   received shard header from network in block tracker [0;36mshard[0m = 0 [0;36mepoch[0m = 0 [0;36mround[0m = 747 [0;36mnonce[0m = 739 [0;36mhash[0m = ab7a1a20d969423d83c1415113070498167af89de52b474096dd187a1d0a5a6b 
[0;36mDEBUG[0m[2026-03-16 10:14:11.859]   received shard header from network in block tracker [0;36mshard[0m = 0 [0;36mepoch[0m = 0 [0;36mround[0m = 748 [0;36mnonce[0m = 740 [0;36mhash[0m = 693470f4fd7936546c2ea904164609328ad40dfd58d72aff09a11c29ceed748a 
[0;36mDEBUG[0m[2026-03-16 10:14:11.859]   received shard header from network in block tracker [0;36mshard[0m = 0 [0;36mepoch[0m = 0 [0;36mround[0m = 749 [0;36mnonce[0m = 741 [0;36mhash[0m = 201c46771d948eb3efcb94fe79d4a7ddda0df8cae64d16a25f3a25c7ed3d95c7 
[0;36mDEBUG[0m[2026-03-16 10:14:11.859]   received shard header from network in block tracker [0;36mshard[0m = 0 [0;36mepoch[0m = 0 [0;36mround[0m = 750 [0;36mnonce[0m = 742 [0;36mhash[0m = 0e60491cabc04dd0de8cbe6ad0ffc8991307ff6c5fea0c58aef1f5dd4fa847fe 
[0;36mDEBUG[0m[2026-03-16 10:14:11.859]   received shard header from network in block tracker [0;36mshard[0m = 0 [0;36mepoch[0m = 0 [0;36mround[0m = 751 [0;36mnonce[0m = 743 [0;36mhash[0m = 7236405afe4659fc9d604d8dbc6800a45c615cd339b82b11b1f997e5daad2301 
[0;36mDEBUG[0m[2026-03-16 10:14:11.859]   received shard header from network in block tracker [0;36mshard[0m = 0 [0;36mepoch[0m = 0 [0;36mround[0m = 752 [0;36mnonce[0m = 744 [0;36mhash[0m = b7f016b81f1f326166d9c0bac67c301a07194ed746325120610be6191d58189d 
[0;36mDEBUG[0m[2026-03-16 10:14:11.859]   received shard header from network in block tracker [0;36mshard[0m = 0 [0;36mepoch[0m = 0 [0;36mround[0m = 753 [0;36mnonce[0m = 745 [0;36mhash[0m = 34fe988432bcbd4674df910bbf0a6641b63eea1729aff87316c5fcaaabb98b32 
[0;36mDEBUG[0m[2026-03-16 10:14:11.859]   received shard header from network in block tracker [0;36mshard[0m = 0 [0;36mepoch[0m = 0 [0;36mround[0m = 754 [0;36mnonce[0m = 746 [0;36mhash[0m = 69e4ca659e50e60a116903fad0406892f45313fc095c31ce731b38e29e82aa1a 
[0;36mDEBUG[0m[2026-03-16 10:14:11.859]   received shard header from network in block tracker [0;36mshard[0m = 0 [0;36mepoch[0m = 0 [0;36mround[0m = 755 [0;36mnonce[0m = 747 [0;36mhash[0m = f27c5f8983919d69195a98b033f25fd1f52ffcd673ffa2b6964431343db68c0b 
[0;36mDEBUG[0m[2026-03-16 10:14:11.859]   received shard header from network in block tracker [0;36mshard[0m = 0 [0;36mepoch[0m = 0 [0;36mround[0m = 756 [0;36mnonce[0m = 748 [0;36mhash[0m = 98e7d197af32c0e63e59e3c508e4dd59db5e6fe0f5ca76c529d3fa31ac464a1e 
[0;36mDEBUG[0m[2026-03-16 10:14:11.859]   received shard header from network in block tracker [0;36mshard[0m = 0 [0;36mepoch[0m = 0 [0;36mround[0m = 757 [0;36mnonce[0m = 749 [0;36mhash[0m = 5853d6a4c443e345a2b30ffd1dc7c233cc39a0ff408c9bb807fbbe0356ae1e56 
[0;36mDEBUG[0m[2026-03-16 10:14:11.859]   received shard header from network in block tracker [0;36mshard[0m = 0 [0;36mepoch[0m = 0 [0;36mround[0m = 758 [0;36mnonce[0m = 750 [0;36mhash[0m = 35088c73f9f9b7c1d264d314e04e5cb74f77f438e6201220af9902d664863bbd 
[0;36mDEBUG[0m[2026-03-16 10:14:11.859]   received shard header from network in block tracker [0;36mshard[0m = 0 [0;36mepoch[0m = 0 [0;36mround[0m = 759 [0;36mnonce[0m = 751 [0;36mhash[0m = 4e6dabb61e9e925eab6957dc2e80479b226f8b52203301dd8b899d6467110eb6 
[0;36mDEBUG[0m[2026-03-16 10:14:11.859]   received shard header from network in block tracker [0;36mshard[0m = 0 [0;36mepoch[0m = 0 [0;36mround[0m = 760 [0;36mnonce[0m = 752 [0;36mhash[0m = 82d587bfb59586b70096d53a1022560fce8e4de3271b8a48f6fd4e7c98e1dd9c 
[0;36mDEBUG[0m[2026-03-16 10:14:11.859]   received shard header from network in block tracker [0;36mshard[0m = 0 [0;36mepoch[0m = 0 [0;36mround[0m = 761 [0;36mnonce[0m = 753 [0;36mhash[0m = f6337bad2011fe0efb9be6f64f7f7db45b25d7d9f356e295115331a358e50446 
[0;36mDEBUG[0m[2026-03-16 10:14:11.859]   received shard header from network in block tracker [0;36mshard[0m = 0 [0;36mepoch[0m = 0 [0;36mround[0m = 762 [0;36mnonce[0m = 754 [0;36mhash[0m = 5891620e3cc629e655cadc316b43170d8904c9b7c47c27e5fc2f8f197c31b04e 
[0;36mDEBUG[0m[2026-03-16 10:14:11.859]   received shard header from network in block tracker [0;36mshard[0m = 0 [0;36mepoch[0m = 0 [0;36mround[0m = 763 [0;36mnonce[0m = 755 [0;36mhash[0m = 72a877a2eb6d372863a9eb7886120958ae4b48f5dcc4a2beac51f8945cd3cf25 
[0;36mDEBUG[0m[2026-03-16 10:14:11.859]   received shard header from network in block tracker [0;36mshard[0m = 0 [0;36mepoch[0m = 0 [0;36mround[0m = 764 [0;36mnonce[0m = 756 [0;36mhash[0m = e2bd601d2126a5e540a2e793c24d66e5fd4aff18d0d0fd48df6d99975d13e02e 
[0;36mDEBUG[0m[2026-03-16 10:14:11.859]   received shard header from network in block tracker [0;36mshard[0m = 0 [0;36mepoch[0m = 0 [0;36mround[0m = 765 [0;36mnonce[0m = 757 [0;36mhash[0m = 0c530020e92d8111b81769789315195fed1467ad436d10dff61c5b1ac4ed12a8 
[0;36mDEBUG[0m[2026-03-16 10:14:11.859]   received shard header from network in block tracker [0;36mshard[0m = 0 [0;36mepoch[0m = 0 [0;36mround[0m = 766 [0;36mnonce[0m = 758 [0;36mhash[0m = 27e69b78ee5c64786261eaeafbe737ad2f752236ab0c63f649091ca547e1b068 
[0;36mDEBUG[0m[2026-03-16 10:14:11.859]   received shard header from network in block tracker [0;36mshard[0m = 0 [0;36mepoch[0m = 0 [0;36mround[0m = 767 [0;36mnonce[0m = 759 [0;36mhash[0m = 88de0b67b870689b7329dd321c9233627500734e3dcd47d6238fa58eaecd552b 
[0;36mDEBUG[0m[2026-03-16 10:14:11.859]   received shard header from network in block tracker [0;36mshard[0m = 0 [0;36mepoch[0m = 0 [0;36mround[0m = 768 [0;36mnonce[0m = 760 [0;36mhash[0m = 72457187c6e1d7ace07bd2a6a0efb13c2e30595c582b5c9c3693bfaad6b3b1c1 
[0;36mDEBUG[0m[2026-03-16 10:14:11.859]   received shard header from network in block tracker [0;36mshard[0m = 0 [0;36mepoch[0m = 0 [0;36mround[0m = 769 [0;36mnonce[0m = 761 [0;36mhash[0m = 51a4097e9700df829dc0642ecec25e64ca3e15bed6b69090a18aa5c673578aa4 
[0;36mDEBUG[0m[2026-03-16 10:14:11.859]   received shard header from network in block tracker [0;36mshard[0m = 0 [0;36mepoch[0m = 0 [0;36mround[0m = 770 [0;36mnonce[0m = 762 [0;36mhash[0m = e8920fde944bfebdf46753dd8bcc8b49df529512d2cf4cadcfd8eb345b906827 
[0;36mDEBUG[0m[2026-03-16 10:14:11.859]   received shard header from network in block tracker [0;36mshard[0m = 0 [0;36mepoch[0m = 0 [0;36mround[0m = 771 [0;36mnonce[0m = 763 [0;36mhash[0m = 7e0413d14527ee63ab7f7f31ac7db6184d9c4d4a530f71263d142fa3a7138cb9 
[0;36mDEBUG[0m[2026-03-16 10:14:11.859]   received shard header from network in block tracker [0;36mshard[0m = 0 [0;36mepoch[0m = 0 [0;36mround[0m = 772 [0;36mnonce[0m = 764 [0;36mhash[0m = 8e02b0e53fdfa920d1b5d6c58955847e78ceb0f7b7a4f0da3b1d8cbee971c4b8 
[0;36mDEBUG[0m[2026-03-16 10:14:11.859]   received shard header from network in block tracker [0;36mshard[0m = 0 [0;36mepoch[0m = 0 [0;36mround[0m = 773 [0;36mnonce[0m = 765 [0;36mhash[0m = b5ddafa1475a7b22680b173077eccbffa7561acd61844c7b26258e55933d534c 
[0;36mDEBUG[0m[2026-03-16 10:14:11.859]   received shard header from network in block tracker [0;36mshard[0m = 0 [0;36mepoch[0m = 0 [0;36mround[0m = 774 [0;36mnonce[0m = 766 [0;36mhash[0m = 677f6752d1251592afb191b8c22cc8786a0f94da4f08c58d6b3a468e849b9361 
[0;36mDEBUG[0m[2026-03-16 10:14:11.859]   received shard header from network in block tracker [0;36mshard[0m = 0 [0;36mepoch[0m = 0 [0;36mround[0m = 775 [0;36mnonce[0m = 767 [0;36mhash[0m = 3e041d1a76f2b3b663d5398c6cd597592275c2c6cb3a41c525c8fa8635db1ba5 
[0;36mDEBUG[0m[2026-03-16 10:14:11.859]   received shard header from network in block tracker [0;36mshard[0m = 0 [0;36mepoch[0m = 0 [0;36mround[0m = 776 [0;36mnonce[0m = 768 [0;36mhash[0m = 8fdc0e1165570718e9e55fc501ff89c64cc1add2e318b1ba105b7448cc5fbd92 
[0;36mDEBUG[0m[2026-03-16 10:14:11.859]   received shard header from network in block tracker [0;36mshard[0m = 0 [0;36mepoch[0m = 0 [0;36mround[0m = 777 [0;36mnonce[0m = 769 [0;36mhash[0m = e217d34f430d3b3df029abb1f242af108101cb0c968064d49d39b0d4f4c73888 
[0;36mDEBUG[0m[2026-03-16 10:14:11.859]   received shard header from network in block tracker [0;36mshard[0m = 0 [0;36mepoch[0m = 0 [0;36mround[0m = 778 [0;36mnonce[0m = 770 [0;36mhash[0m = ba1963b7a75b2df7ed0de2b9be209ecc386c2687168ebf8d4ad1ba21f4520aea 
[0;36mDEBUG[0m[2026-03-16 10:14:11.859]   received shard header from network in block tracker [0;36mshard[0m = 0 [0;36mepoch[0m = 0 [0;36mround[0m = 779 [0;36mnonce[0m = 771 [0;36mhash[0m = 6ab873e62202ee50af281b93c1c2c843d681839057fa45529e38810bd0deffdf 
[0;36mDEBUG[0m[2026-03-16 10:14:11.859]   received shard header from network in block tracker [0;36mshard[0m = 0 [0;36mepoch[0m = 0 [0;36mround[0m = 780 [0;36mnonce[0m = 772 [0;36mhash[0m = e848a08a24cc85f2b64b6f594ff3acefc0f718d622edcfd9d15d0696b5b2fbd5 
[0;36mDEBUG[0m[2026-03-16 10:14:11.859]   received shard header from network in block tracker [0;36mshard[0m = 0 [0;36mepoch[0m = 0 [0;36mround[0m = 781 [0;36mnonce[0m = 773 [0;36mhash[0m = a3d1798d7385e34cfa225d0a8f3eeee6212b1b89840c95b360755c05bcd25511 
[0;36mDEBUG[0m[2026-03-16 10:14:11.859]   received shard header from network in block tracker [0;36mshard[0m = 0 [0;36mepoch[0m = 0 [0;36mround[0m = 782 [0;36mnonce[0m = 774 [0;36mhash[0m = 4c6fab9097a620c9fef73765c0d8c542ad8f80ecd0f97f8cc220730d58025ca9 
[0;36mDEBUG[0m[2026-03-16 10:14:11.859]   received shard header from network in block tracker [0;36mshard[0m = 0 [0;36mepoch[0m = 0 [0;36mround[0m = 783 [0;36mnonce[0m = 775 [0;36mhash[0m = fb7eb3541976299016adc7a09292eb776481c805a26698b702643703eda1b2fa 
[0;36mDEBUG[0m[2026-03-16 10:14:11.859]   received shard header from network in block tracker [0;36mshard[0m = 0 [0;36mepoch[0m = 0 [0;36mround[0m = 784 [0;36mnonce[0m = 776 [0;36mhash[0m = 189549ec0c7e9a10f0e18f86d13a1358abe37fdc78876235dfffc55e130a444c 
[0;36mDEBUG[0m[2026-03-16 10:14:11.859]   received shard header from network in block tracker [0;36mshard[0m = 0 [0;36mepoch[0m = 0 [0;36mround[0m = 785 [0;36mnonce[0m = 777 [0;36mhash[0m = c759b97ce88d78655f8147207cf7e0be01aa5dd4451a126c396282a88ec815e1 
[0;36mDEBUG[0m[2026-03-16 10:14:11.859]   received shard header from network in block tracker [0;36mshard[0m = 0 [0;36mepoch[0m = 0 [0;36mround[0m = 786 [0;36mnonce[0m = 778 [0;36mhash[0m = 8b562d5848438302a2f157f36a04411486b80d7a5e455ec89f52773f07c3a995 
[0;36mDEBUG[0m[2026-03-16 10:14:11.859]   received shard header from network in block tracker [0;36mshard[0m = 0 [0;36mepoch[0m = 0 [0;36mround[0m = 787 [0;36mnonce[0m = 779 [0;36mhash[0m = 7738bef60153fe144d44cfedb19f80da66be6283143e654f8c454988094ad931 
[0;36mDEBUG[0m[2026-03-16 10:14:11.859]   received shard header from network in block tracker [0;36mshard[0m = 0 [0;36mepoch[0m = 0 [0;36mround[0m = 788 [0;36mnonce[0m = 780 [0;36mhash[0m = f04d082fac01548f45f1a1e2d459fb32a9a13a2da8935a408a0304ecc03addff 
[0;36mDEBUG[0m[2026-03-16 10:14:11.859]   received shard header from network in block tracker [0;36mshard[0m = 0 [0;36mepoch[0m = 0 [0;36mround[0m = 789 [0;36mnonce[0m = 781 [0;36mhash[0m = 3a1a2f7603a95265dc8a99871c42dfbb9b555a6594594348636390fd735bee89 
[0;36mDEBUG[0m[2026-03-16 10:14:11.859]   received shard header from network in block tracker [0;36mshard[0m = 0 [0;36mepoch[0m = 0 [0;36mround[0m = 790 [0;36mnonce[0m = 782 [0;36mhash[0m = 7f12c21222dfbffbfd3b37762d319851c77edc17e18756b00fdf49f30f1c8ca7 
[0;36mDEBUG[0m[2026-03-16 10:14:11.859]   received shard header from network in block tracker [0;36mshard[0m = 0 [0;36mepoch[0m = 0 [0;36mround[0m = 791 [0;36mnonce[0m = 783 [0;36mhash[0m = 619034a115fdbd87640234d46fda6f097d5eec1e9212484e445e66db7aa3dbcf 
[0;36mDEBUG[0m[2026-03-16 10:14:11.859]   received shard header from network in block tracker [0;36mshard[0m = 0 [0;36mepoch[0m = 0 [0;36mround[0m = 792 [0;36mnonce[0m = 784 [0;36mhash[0m = d56f9ec3f1d5467ab1fc5af606b3abd4974723cb94f32e316ff2c7e4e7528799 
[0;36mDEBUG[0m[2026-03-16 10:14:11.859]   received shard header from network in block tracker [0;36mshard[0m = 0 [0;36mepoch[0m = 0 [0;36mround[0m = 793 [0;36mnonce[0m = 785 [0;36mhash[0m = 84e6ef9d66c9f8aa980b723e8ba3f94a83ec9d508e8a236a18b0a2a93b17030b 
[0;36mDEBUG[0m[2026-03-16 10:14:11.859]   received shard header from network in block tracker [0;36mshard[0m = 0 [0;36mepoch[0m = 0 [0;36mround[0m = 794 [0;36mnonce[0m = 786 [0;36mhash[0m = 935031814de63128b0585137cfaf1699866a91dcdb152350c3ab46723a6e27ac 
[0;36mDEBUG[0m[2026-03-16 10:14:11.859]   received shard header from network in block tracker [0;36mshard[0m = 0 [0;36mepoch[0m = 0 [0;36mround[0m = 795 [0;36mnonce[0m = 787 [0;36mhash[0m = de96d00c4b78d2072fe91a9a13d5050cc1d0b921d0e0204a347f3e3eb7aed66a 
[0;36mDEBUG[0m[2026-03-16 10:14:11.859]   received shard header from network in block tracker [0;36mshard[0m = 0 [0;36mepoch[0m = 0 [0;36mround[0m = 796 [0;36mnonce[0m = 788 [0;36mhash[0m = bf3b29149bd4c7bb03423b32fa7025b26561771a6f95646da5e3dfd1f1742fa8 
[0;36mDEBUG[0m[2026-03-16 10:14:11.859]   received shard header from network in block tracker [0;36mshard[0m = 0 [0;36mepoch[0m = 0 [0;36mround[0m = 797 [0;36mnonce[0m = 789 [0;36mhash[0m = 31eeee4785a206df7ff5013052e9b858b72b92c53a07a643a804cb0d13856c3b 
[0;36mDEBUG[0m[2026-03-16 10:14:11.859]   received shard header from network in block tracker [0;36mshard[0m = 0 [0;36mepoch[0m = 0 [0;36mround[0m = 798 [0;36mnonce[0m = 790 [0;36mhash[0m = a665c61577d056e175a47537bc0ebc787bb5b5d306835e49d00e393b0ba93aa3 
[0;36mDEBUG[0m[2026-03-16 10:14:11.859]   received shard header from network in block tracker [0;36mshard[0m = 0 [0;36mepoch[0m = 0 [0;36mround[0m = 799 [0;36mnonce[0m = 791 [0;36mhash[0m = fdabbd32dd222797acc0de479dba674c327d163c19f749f3ba70b8bc5604a233 
[0;36mDEBUG[0m[2026-03-16 10:14:11.859]   received shard header from network in block tracker [0;36mshard[0m = 0 [0;36mepoch[0m = 0 [0;36mround[0m = 800 [0;36mnonce[0m = 792 [0;36mhash[0m = 13a84ccb916494859fd9e8b728206414bad49297c76419e60ab3a92964d82f51 
[0;36mDEBUG[0m[2026-03-16 10:14:11.859]   received shard header from network in block tracker [0;36mshard[0m = 0 [0;36mepoch[0m = 0 [0;36mround[0m = 801 [0;36mnonce[0m = 793 [0;36mhash[0m = 3968247fc81881a2f4c56e3db17b3f21dfbe7754fa93507d1ae60af4dc38ea48 
[0;36mDEBUG[0m[2026-03-16 10:14:11.859]   received shard header from network in block tracker [0;36mshard[0m = 0 [0;36mepoch[0m = 0 [0;36mround[0m = 802 [0;36mnonce[0m = 794 [0;36mhash[0m = 699542bd99d2d3e2092c16b70435fcbaff2de9fb683ff090f6de454d5cf2c035 
[0;36mDEBUG[0m[2026-03-16 10:14:11.859]   received shard header from network in block tracker [0;36mshard[0m = 0 [0;36mepoch[0m = 0 [0;36mround[0m = 803 [0;36mnonce[0m = 795 [0;36mhash[0m = e42b21e2f8ff4a81732a3a481cd679698714eab59445ebf9f5f5d434926104cc 
[0;36mDEBUG[0m[2026-03-16 10:14:11.859]   received shard header from network in block tracker [0;36mshard[0m = 0 [0;36mepoch[0m = 0 [0;36mround[0m = 804 [0;36mnonce[0m = 796 [0;36mhash[0m = 129f9ed98ae0e8826131711675a11e3e191a71d7a22c409244b0145621fb8e4a 
[0;36mDEBUG[0m[2026-03-16 10:14:11.859]   received shard header from network in block tracker [0;36mshard[0m = 0 [0;36mepoch[0m = 0 [0;36mround[0m = 805 [0;36mnonce[0m = 797 [0;36mhash[0m = 255219fb03b3f36bc795634b263aa822336854528ab2c851354be661176b10ec 
[0;36mDEBUG[0m[2026-03-16 10:14:11.859]   received shard header from network in block tracker [0;36mshard[0m = 0 [0;36mepoch[0m = 0 [0;36mround[0m = 806 [0;36mnonce[0m = 798 [0;36mhash[0m = 5c1d188692ec96b9908d6a670f7971a95196bd3081a8eda9bd3ffd0670544854 
[0;36mDEBUG[0m[2026-03-16 10:14:11.859]   received shard header from network in block tracker [0;36mshard[0m = 0 [0;36mepoch[0m = 0 [0;36mround[0m = 807 [0;36mnonce[0m = 799 [0;36mhash[0m = 3ddba8f470aaa3ea73f7f256b8e21413c5762874ae5ee2aa4a4795437db3b9d1 
[0;36mDEBUG[0m[2026-03-16 10:14:11.859]   received shard header from network in block tracker [0;36mshard[0m = 0 [0;36mepoch[0m = 0 [0;36mround[0m = 808 [0;36mnonce[0m = 800 [0;36mhash[0m = 0e9c47f0561e8424ad141cca49d94889c987433054ed288b62c066e4b0add939 
[0;36mDEBUG[0m[2026-03-16 10:14:11.859]   received shard header from network in block tracker [0;36mshard[0m = 0 [0;36mepoch[0m = 0 [0;36mround[0m = 809 [0;36mnonce[0m = 801 [0;36mhash[0m = a8520158e967a749556da346754351e15b6401d83a66eb0ff3bfcdd0674ced83 
[0;36mDEBUG[0m[2026-03-16 10:14:11.859]   received shard header from network in block tracker [0;36mshard[0m = 0 [0;36mepoch[0m = 0 [0;36mround[0m = 810 [0;36mnonce[0m = 802 [0;36mhash[0m = 1a65bec50f281ae10a0fd30cdcc6ebdbd961adce959b6df520fc2d939ce5b8f8 
[0;36mDEBUG[0m[2026-03-16 10:14:11.859]   received shard header from network in block tracker [0;36mshard[0m = 0 [0;36mepoch[0m = 0 [0;36mround[0m = 811 [0;36mnonce[0m = 803 [0;36mhash[0m = fc0dc456d9d2f0a45f6ec0d993a0cd481fe6224471e02d1fb9019c2081648ed2 
[0;36mDEBUG[0m[2026-03-16 10:14:11.859]   received shard header from network in block tracker [0;36mshard[0m = 0 [0;36mepoch[0m = 0 [0;36mround[0m = 812 [0;36mnonce[0m = 804 [0;36mhash[0m = d5e4378037ca949cb400cc1af6fec7fd044f8fcb353d1108ef011f9082032e5e 
[0;36mDEBUG[0m[2026-03-16 10:14:11.859]   received shard header from network in block tracker [0;36mshard[0m = 0 [0;36mepoch[0m = 0 [0;36mround[0m = 813 [0;36mnonce[0m = 805 [0;36mhash[0m = 75e1a4bafcd9f46ef7b414e1718fafff2aae8f208c02fc8b79b578c91ff69e3e 
[0;36mDEBUG[0m[2026-03-16 10:14:11.859]   received shard header from network in block tracker [0;36mshard[0m = 0 [0;36mepoch[0m = 0 [0;36mround[0m = 814 [0;36mnonce[0m = 806 [0;36mhash[0m = 5afe23e151e8977b9fc6a685121a85b6347c2057e455151c2afcd2ede31b466d 
[0;36mDEBUG[0m[2026-03-16 10:14:11.859]   received shard header from network in block tracker [0;36mshard[0m = 0 [0;36mepoch[0m = 0 [0;36mround[0m = 815 [0;36mnonce[0m = 807 [0;36mhash[0m = 126db9adbd6a0283e217b379775fa37eac4f3dbb210fe817f7a152da79eb4995 
[0;36mDEBUG[0m[2026-03-16 10:14:11.859]   received shard header from network in block tracker [0;36mshard[0m = 0 [0;36mepoch[0m = 0 [0;36mround[0m = 816 [0;36mnonce[0m = 808 [0;36mhash[0m = 0468ea943f294e61b7c961ead002d497504a58baf945f0cff50b7220ec563b10 
[0;36mDEBUG[0m[2026-03-16 10:14:11.859]   received shard header from network in block tracker [0;36mshard[0m = 0 [0;36mepoch[0m = 0 [0;36mround[0m = 817 [0;36mnonce[0m = 809 [0;36mhash[0m = 185d09066e75e561a3e9e3981caa5e64e35e6aaf2e49e9b0532a0119bf44f7f9 
[0;36mDEBUG[0m[2026-03-16 10:14:11.859]   received shard header from network in block tracker [0;36mshard[0m = 0 [0;36mepoch[0m = 0 [0;36mround[0m = 818 [0;36mnonce[0m = 810 [0;36mhash[0m = 71a060f63627c1b023bba0d8cf2130cb5ca48e3f6fb6251ef298d1310a64cfc1 
[0;36mDEBUG[0m[2026-03-16 10:14:11.859]   received shard header from network in block tracker [0;36mshard[0m = 0 [0;36mepoch[0m = 0 [0;36mround[0m = 819 [0;36mnonce[0m = 811 [0;36mhash[0m = 7d82e707da32f4895e09acb27d0640e19fae828161e7266418fba5ce6b30d9bf 
[0;36mDEBUG[0m[2026-03-16 10:14:11.859]   received shard header from network in block tracker [0;36mshard[0m = 0 [0;36mepoch[0m = 0 [0;36mround[0m = 820 [0;36mnonce[0m = 812 [0;36mhash[0m = 3ebcd2219074c44d3f0dcb64a169178dc94e62cdabf29a29377628533d973e54 
[0;36mDEBUG[0m[2026-03-16 10:14:11.859]   received shard header from network in block tracker [0;36mshard[0m = 0 [0;36mepoch[0m = 0 [0;36mround[0m = 821 [0;36mnonce[0m = 813 [0;36mhash[0m = 749ea02a0c7fec9f23bb8c49782ac795d43bb9a371017a3339722153f22d09df 
[0;36mDEBUG[0m[2026-03-16 10:14:11.859]   received shard header from network in block tracker [0;36mshard[0m = 0 [0;36mepoch[0m = 0 [0;36mround[0m = 822 [0;36mnonce[0m = 814 [0;36mhash[0m = 94655313538f8631dc6504ea670eca3f61ca491d523c83526d3b8c4deb4dfaff 
[0;36mDEBUG[0m[2026-03-16 10:14:11.859]   received shard header from network in block tracker [0;36mshard[0m = 0 [0;36mepoch[0m = 0 [0;36mround[0m = 823 [0;36mnonce[0m = 815 [0;36mhash[0m = d24ec0480b53c95b0a9d2bbfd647e4d705be041a9b0ccf46cf542fa7878911f7 
[0;36mDEBUG[0m[2026-03-16 10:14:11.859]   received shard header from network in block tracker [0;36mshard[0m = 0 [0;36mepoch[0m = 0 [0;36mround[0m = 824 [0;36mnonce[0m = 816 [0;36mhash[0m = 513340c917d55049c0cf2c7703bb61701bd5e10cefa2fcc678d295712148b35c 
[0;36mDEBUG[0m[2026-03-16 10:14:11.859]   received shard header from network in block tracker [0;36mshard[0m = 0 [0;36mepoch[0m = 0 [0;36mround[0m = 825 [0;36mnonce[0m = 817 [0;36mhash[0m = f68624b0129826bea799bbfca38ca68a2f2454769c5d9e8c023e2aae8ac6b41f 
[0;36mDEBUG[0m[2026-03-16 10:14:11.859]   received shard header from network in block tracker [0;36mshard[0m = 0 [0;36mepoch[0m = 0 [0;36mround[0m = 826 [0;36mnonce[0m = 818 [0;36mhash[0m = cc13e23919ea2162a1cf0c2e3d8f0776d31773af563448175a330406775e71d0 
[0;36mDEBUG[0m[2026-03-16 10:14:11.859]   received shard header from network in block tracker [0;36mshard[0m = 0 [0;36mepoch[0m = 0 [0;36mround[0m = 827 [0;36mnonce[0m = 819 [0;36mhash[0m = 45a86459aa1587728a531c38c3165b3e63a9653b75e868d4e0184a3f49785514 
[0;36mDEBUG[0m[2026-03-16 10:14:11.859]   received shard header from network in block tracker [0;36mshard[0m = 0 [0;36mepoch[0m = 0 [0;36mround[0m = 828 [0;36mnonce[0m = 820 [0;36mhash[0m = ad913ab938618477d3a305b5763e1e0feb7538436b2ef43d341efbac8aacea10 
[0;36mDEBUG[0m[2026-03-16 10:14:11.859]   received shard header from network in block tracker [0;36mshard[0m = 0 [0;36mepoch[0m = 0 [0;36mround[0m = 829 [0;36mnonce[0m = 821 [0;36mhash[0m = ff726d8fc407bd46bcca30e4e07e3c4ba3e668c416fc09b794260942382137f4 
[0;36mDEBUG[0m[2026-03-16 10:14:11.859]   received shard header from network in block tracker [0;36mshard[0m = 0 [0;36mepoch[0m = 0 [0;36mround[0m = 830 [0;36mnonce[0m = 822 [0;36mhash[0m = 943293e92ea3045724ff664359dfe8653df690fba60ea071d65a8fdcfed1e062 
[0;36mDEBUG[0m[2026-03-16 10:14:11.859]   received shard header from network in block tracker [0;36mshard[0m = 0 [0;36mepoch[0m = 0 [0;36mround[0m = 831 [0;36mnonce[0m = 823 [0;36mhash[0m = 9bc7c96fb2654750fa7eb26ae491f0f2832ffa81c3dcf23a08b8adac19e82ae6 
[0;36mDEBUG[0m[2026-03-16 10:14:11.859]   received shard header from network in block tracker [0;36mshard[0m = 0 [0;36mepoch[0m = 0 [0;36mround[0m = 832 [0;36mnonce[0m = 824 [0;36mhash[0m = e8947073f4a3eeffea870bb82f4bfa6cf32e69d8ff0376502a1a96d031942743 
[0;36mDEBUG[0m[2026-03-16 10:14:11.859]   received shard header from network in block tracker [0;36mshard[0m = 0 [0;36mepoch[0m = 0 [0;36mround[0m = 833 [0;36mnonce[0m = 825 [0;36mhash[0m = 535d33d99702fdc85dbfedd60acdd7279685854cc72f377d7726a7bb3bbfa451 
[0;36mDEBUG[0m[2026-03-16 10:14:11.859]   received shard header from network in block tracker [0;36mshard[0m = 0 [0;36mepoch[0m = 0 [0;36mround[0m = 834 [0;36mnonce[0m = 826 [0;36mhash[0m = 59d45604f352934bfc8b1558b56d94314b5999a40e713ec306cc4f1e65dec657 
[0;36mDEBUG[0m[2026-03-16 10:14:11.859]   received shard header from network in block tracker [0;36mshard[0m = 0 [0;36mepoch[0m = 0 [0;36mround[0m = 835 [0;36mnonce[0m = 827 [0;36mhash[0m = eeed83686de6f84f29db31639d98a84015bc7532ff065730ce20e6fab6388c3e 
[0;36mDEBUG[0m[2026-03-16 10:14:11.859]   received shard header from network in block tracker [0;36mshard[0m = 0 [0;36mepoch[0m = 0 [0;36mround[0m = 836 [0;36mnonce[0m = 828 [0;36mhash[0m = 12da784dde2fff7c67bb444f85b70674cc63622dd75a2b89c5577fdf480188cf 
[0;36mDEBUG[0m[2026-03-16 10:14:11.859]   received shard header from network in block tracker [0;36mshard[0m = 0 [0;36mepoch[0m = 0 [0;36mround[0m = 837 [0;36mnonce[0m = 829 [0;36mhash[0m = 546838f32a79716f1a6f0e35efcc1a3e2ccdafde1acfe76b3d9d2184e95ea4d1 
[0;36mDEBUG[0m[2026-03-16 10:14:11.859]   received shard header from network in block tracker [0;36mshard[0m = 0 [0;36mepoch[0m = 0 [0;36mround[0m = 838 [0;36mnonce[0m = 830 [0;36mhash[0m = 6c8fffa64eba805e0972aeeb30d83d91640adaef37b001bbc193866e9fc0e761 
[0;36mDEBUG[0m[2026-03-16 10:14:11.859]   received shard header from network in block tracker [0;36mshard[0m = 0 [0;36mepoch[0m = 0 [0;36mround[0m = 839 [0;36mnonce[0m = 831 [0;36mhash[0m = d9d57e9e7b7f1170025d1280427580559d71b5e7a28fa439e013eb94ca74b06b 
[0;36mDEBUG[0m[2026-03-16 10:14:11.859]   received shard header from network in block tracker [0;36mshard[0m = 0 [0;36mepoch[0m = 0 [0;36mround[0m = 840 [0;36mnonce[0m = 832 [0;36mhash[0m = 669eaa394aaccc280d4644322944561c8fbec5169ba56163411f507a557bc50a 
[0;36mDEBUG[0m[2026-03-16 10:14:11.859]   received shard header from network in block tracker [0;36mshard[0m = 0 [0;36mepoch[0m = 0 [0;36mround[0m = 841 [0;36mnonce[0m = 833 [0;36mhash[0m = e6e0c4308b951fca3a972c20b39d7f0646b9a55d35d802c16e154a4e264a083d 
[0;36mDEBUG[0m[2026-03-16 10:14:11.859]   received shard header from network in block tracker [0;36mshard[0m = 0 [0;36mepoch[0m = 0 [0;36mround[0m = 842 [0;36mnonce[0m = 834 [0;36mhash[0m = b492a08cb9380709469323577774a85be0646734cc04172e7ac2d81e8e1c76f9 
[0;36mDEBUG[0m[2026-03-16 10:14:11.859]   received shard header from network in block tracker [0;36mshard[0m = 0 [0;36mepoch[0m = 0 [0;36mround[0m = 843 [0;36mnonce[0m = 835 [0;36mhash[0m = 4cf2b00d3aaca60a1528e3a8292b9b1506cfbece9d84d5b79745616f0ebe9656 
[0;36mDEBUG[0m[2026-03-16 10:14:11.859]   received shard header from network in block tracker [0;36mshard[0m = 0 [0;36mepoch[0m = 0 [0;36mround[0m = 844 [0;36mnonce[0m = 836 [0;36mhash[0m = ed0e5df4bb2d2465aab66cac78a1f9c57c8c0e0955b1f288cf8c8472d285438e 
[0;36mDEBUG[0m[2026-03-16 10:14:11.859]   received shard header from network in block tracker [0;36mshard[0m = 0 [0;36mepoch[0m = 0 [0;36mround[0m = 845 [0;36mnonce[0m = 837 [0;36mhash[0m = cf625da908618108fb070a32f635d8e4fa2d513a10419aff675ba9634c22e9af 
[0;36mDEBUG[0m[2026-03-16 10:14:11.859]   received shard header from network in block tracker [0;36mshard[0m = 0 [0;36mepoch[0m = 0 [0;36mround[0m = 846 [0;36mnonce[0m = 838 [0;36mhash[0m = ea3d69000f25e977489d79c35e4d427093b47511cc611c550133780125437a6e 
[0;36mDEBUG[0m[2026-03-16 10:14:11.859]   received shard header from network in block tracker [0;36mshard[0m = 0 [0;36mepoch[0m = 0 [0;36mround[0m = 847 [0;36mnonce[0m = 839 [0;36mhash[0m = 601bfa0e3aba1666d95f22b24a0e7ee036e6f22f301be59ff1ef7d7e3e130610 
[0;36mDEBUG[0m[2026-03-16 10:14:11.860]   received shard header from network in block tracker [0;36mshard[0m = 0 [0;36mepoch[0m = 0 [0;36mround[0m = 848 [0;36mnonce[0m = 840 [0;36mhash[0m = 9a2930ae3d1b00ea79d7c0742bc65c7e52d73e24ff11047311811d2ec213648f 
[0;36mDEBUG[0m[2026-03-16 10:14:11.860]   received shard header from network in block tracker [0;36mshard[0m = 0 [0;36mepoch[0m = 0 [0;36mround[0m = 849 [0;36mnonce[0m = 841 [0;36mhash[0m = 9df2510cf7d5c3370e001404ca6b077b29f32a464733f1304934c42781199da2 
[0;36mDEBUG[0m[2026-03-16 10:14:11.860]   received shard header from network in block tracker [0;36mshard[0m = 0 [0;36mepoch[0m = 0 [0;36mround[0m = 850 [0;36mnonce[0m = 842 [0;36mhash[0m = bbde9e37c572a7dabe8854fbae780e0b87a072b9717ae528a1c4df634f88a1f4 
[0;36mDEBUG[0m[2026-03-16 10:14:11.860]   received shard header from network in block tracker [0;36mshard[0m = 0 [0;36mepoch[0m = 0 [0;36mround[0m = 851 [0;36mnonce[0m = 843 [0;36mhash[0m = 66975ff9d9cecc6939b463442c6a7b7c7accac73347e2c4a898a0be5fbbd8f82 
[0;36mDEBUG[0m[2026-03-16 10:14:11.860]   received shard header from network in block tracker [0;36mshard[0m = 0 [0;36mepoch[0m = 0 [0;36mround[0m = 852 [0;36mnonce[0m = 844 [0;36mhash[0m = 519b8ce8174a4913a9029ac10602fa8a3240e7b6925b863466b311665a583986 
[0;36mDEBUG[0m[2026-03-16 10:14:11.860]   received shard header from network in block tracker [0;36mshard[0m = 0 [0;36mepoch[0m = 0 [0;36mround[0m = 853 [0;36mnonce[0m = 845 [0;36mhash[0m = 36544712c4195d4d41943db8b62c58e7b8424e9d4914c59149c2a9dea99e0390 
[0;36mDEBUG[0m[2026-03-16 10:14:11.860]   received shard header from network in block tracker [0;36mshard[0m = 0 [0;36mepoch[0m = 0 [0;36mround[0m = 854 [0;36mnonce[0m = 846 [0;36mhash[0m = d28b3804a31644bff67de78cb8fec00c4490c0736006c9bd6b0dd7be36f1bd2b 
[0;36mDEBUG[0m[2026-03-16 10:14:11.860]   received shard header from network in block tracker [0;36mshard[0m = 0 [0;36mepoch[0m = 0 [0;36mround[0m = 855 [0;36mnonce[0m = 847 [0;36mhash[0m = da8281be6c04d8479f9e1e67b7fda4c17c18f38e8cace0a0b31471562ab6baad 
[0;36mDEBUG[0m[2026-03-16 10:14:11.860]   received shard header from network in block tracker [0;36mshard[0m = 0 [0;36mepoch[0m = 0 [0;36mround[0m = 856 [0;36mnonce[0m = 848 [0;36mhash[0m = 0b8d30dc829d2d812cdf9ca52ee05e069ca0cbf84ff423f80de5f60061923009 
[0;36mDEBUG[0m[2026-03-16 10:14:11.860]   received shard header from network in block tracker [0;36mshard[0m = 0 [0;36mepoch[0m = 0 [0;36mround[0m = 857 [0;36mnonce[0m = 849 [0;36mhash[0m = 038a658830b69a31a32f49672d691af8149b3f1019fe88b06a33ddbc06c15173 
[0;36mDEBUG[0m[2026-03-16 10:14:11.860]   received shard header from network in block tracker [0;36mshard[0m = 0 [0;36mepoch[0m = 0 [0;36mround[0m = 858 [0;36mnonce[0m = 850 [0;36mhash[0m = 1d78d582a78362e66dbc9df72f06c7c44f323a2f305c13b9fa77bc52f2e63def 
[0;36mDEBUG[0m[2026-03-16 10:14:11.860]   received shard header from network in block tracker [0;36mshard[0m = 0 [0;36mepoch[0m = 0 [0;36mround[0m = 859 [0;36mnonce[0m = 851 [0;36mhash[0m = 38be08d894bc25f9495f9883191ab9c7648d6f7347daa2312c49dcec590b174c 
[0;36mDEBUG[0m[2026-03-16 10:14:11.860]   received shard header from network in block tracker [0;36mshard[0m = 0 [0;36mepoch[0m = 0 [0;36mround[0m = 860 [0;36mnonce[0m = 852 [0;36mhash[0m = a404ab14a3d95378a237bfd0fa141ae6d35fcb80311526cb170dbaf0cb7d8122 
[0;36mDEBUG[0m[2026-03-16 10:14:11.860]   received shard header from network in block tracker [0;36mshard[0m = 0 [0;36mepoch[0m = 0 [0;36mround[0m = 861 [0;36mnonce[0m = 853 [0;36mhash[0m = 5bdaae5c4f897d0cb97df89bc0834176395c1e91183a3779db26ff731d9c35f5 
[0;36mDEBUG[0m[2026-03-16 10:14:11.860]   received shard header from network in block tracker [0;36mshard[0m = 0 [0;36mepoch[0m = 0 [0;36mround[0m = 862 [0;36mnonce[0m = 854 [0;36mhash[0m = d5feb8d5e468ed315cf4618f6d530c5179f02707ef907391649e1415309c3916 
[0;36mDEBUG[0m[2026-03-16 10:14:11.860]   received shard header from network in block tracker [0;36mshard[0m = 0 [0;36mepoch[0m = 0 [0;36mround[0m = 863 [0;36mnonce[0m = 855 [0;36mhash[0m = b713915daf6e35c65d6a32bc8e1bef8495485b9be0104adfa3cf8a62b3bf0737 
[0;36mDEBUG[0m[2026-03-16 10:14:11.860]   received shard header from network in block tracker [0;36mshard[0m = 0 [0;36mepoch[0m = 0 [0;36mround[0m = 864 [0;36mnonce[0m = 856 [0;36mhash[0m = 2ace48b72edd3d6a046970db6bd210a5d4f7c632f629f3f26548a0284a2adb2c 
[0;36mDEBUG[0m[2026-03-16 10:14:11.860]   received shard header from network in block tracker [0;36mshard[0m = 0 [0;36mepoch[0m = 0 [0;36mround[0m = 865 [0;36mnonce[0m = 857 [0;36mhash[0m = 33a31bed17ba9342d59dd25e9ca1d9075b641daabdbdbed7a999f329a0179e38 
[0;36mDEBUG[0m[2026-03-16 10:14:11.860]   received shard header from network in block tracker [0;36mshard[0m = 0 [0;36mepoch[0m = 0 [0;36mround[0m = 866 [0;36mnonce[0m = 858 [0;36mhash[0m = 8423cd1273f222ac37c0a97ef16b45927e9d488b2962e3d3ef47dbc9e00fdc7f 
[0;36mDEBUG[0m[2026-03-16 10:14:11.860]   received shard header from network in block tracker [0;36mshard[0m = 0 [0;36mepoch[0m = 0 [0;36mround[0m = 867 [0;36mnonce[0m = 859 [0;36mhash[0m = 0b0e89abefaa923dc556d3241ceb5577b9bdca5fef2438e8733d0064e08c354e 
[0;36mDEBUG[0m[2026-03-16 10:14:11.860]   received shard header from network in block tracker [0;36mshard[0m = 0 [0;36mepoch[0m = 0 [0;36mround[0m = 868 [0;36mnonce[0m = 860 [0;36mhash[0m = ecd9e08bcd18e784cbb2cf2eb2d514c176e5e3ad74925871bde3b82a11a7d787 
[0;36mDEBUG[0m[2026-03-16 10:14:11.860]   received shard header from network in block tracker [0;36mshard[0m = 0 [0;36mepoch[0m = 0 [0;36mround[0m = 869 [0;36mnonce[0m = 861 [0;36mhash[0m = 0d2dc9a14455b1f5b24e8b16f5a1390b4014b046b6983ed21bf0c962545ed4ae 
[0;36mDEBUG[0m[2026-03-16 10:14:11.860]   received shard header from network in block tracker [0;36mshard[0m = 0 [0;36mepoch[0m = 0 [0;36mround[0m = 870 [0;36mnonce[0m = 862 [0;36mhash[0m = 540b970d7b199aef24374b11e4e4341bfa58c127c6beebeaabaf34bbce43a209 
[0;36mDEBUG[0m[2026-03-16 10:14:11.860]   received shard header from network in block tracker [0;36mshard[0m = 0 [0;36mepoch[0m = 0 [0;36mround[0m = 871 [0;36mnonce[0m = 863 [0;36mhash[0m = 9562c4359c54224526486e1ce68259e74db5b83f8bd660bbe0898e5d1099fd12 
[0;36mDEBUG[0m[2026-03-16 10:14:11.860]   received shard header from network in block tracker [0;36mshard[0m = 0 [0;36mepoch[0m = 0 [0;36mround[0m = 872 [0;36mnonce[0m = 864 [0;36mhash[0m = 1dd903b6a88c929c64341f9423a9336eb7ae415a82596bdc5019ecf7e19e1f0c 
[0;36mDEBUG[0m[2026-03-16 10:14:11.860]   received shard header from network in block tracker [0;36mshard[0m = 0 [0;36mepoch[0m = 0 [0;36mround[0m = 873 [0;36mnonce[0m = 865 [0;36mhash[0m = 9ae3cbe9c88d339ae2d42c70bd5458cce50949cc5a25d43e7be0cf201719d43d 
[0;36mDEBUG[0m[2026-03-16 10:14:11.860]   received shard header from network in block tracker [0;36mshard[0m = 0 [0;36mepoch[0m = 0 [0;36mround[0m = 874 [0;36mnonce[0m = 866 [0;36mhash[0m = 67e7a60f1b0d0b41bb72038632a4d8c80a4fe8f9654f37c5c40df7083b5c6161 
[0;36mDEBUG[0m[2026-03-16 10:14:11.860]   received shard header from network in block tracker [0;36mshard[0m = 0 [0;36mepoch[0m = 0 [0;36mround[0m = 875 [0;36mnonce[0m = 867 [0;36mhash[0m = 18978c54b5f6f0a98250229d89efd4be7d99b9d2027a83e285e5aa708cf0c80e 
[0;36mDEBUG[0m[2026-03-16 10:14:11.860]   received shard header from network in block tracker [0;36mshard[0m = 0 [0;36mepoch[0m = 0 [0;36mround[0m = 876 [0;36mnonce[0m = 868 [0;36mhash[0m = 50cec9ef7cf2a10927140feb46c62c7c9164e96809f8643d3ddb67950581168f 
[0;36mDEBUG[0m[2026-03-16 10:14:11.860]   received shard header from network in block tracker [0;36mshard[0m = 0 [0;36mepoch[0m = 0 [0;36mround[0m = 877 [0;36mnonce[0m = 869 [0;36mhash[0m = 249e34d386dec3f9b97890325aa38c192f58059086c71a5fd05fc72f9fea382b 
[0;36mDEBUG[0m[2026-03-16 10:14:11.860]   received shard header from network in block tracker [0;36mshard[0m = 0 [0;36mepoch[0m = 0 [0;36mround[0m = 878 [0;36mnonce[0m = 870 [0;36mhash[0m = 8c37ebb67d9d736c4224b1f46a76a9b3e841784d39d439ddaf24f007b93427b9 
[0;36mDEBUG[0m[2026-03-16 10:14:11.860]   received shard header from network in block tracker [0;36mshard[0m = 0 [0;36mepoch[0m = 0 [0;36mround[0m = 879 [0;36mnonce[0m = 871 [0;36mhash[0m = 801e285a163a19dde154a01845c41d4ea87c0811e8b006afca454d05918fd5de 
[0;36mDEBUG[0m[2026-03-16 10:14:11.860]   received shard header from network in block tracker [0;36mshard[0m = 0 [0;36mepoch[0m = 0 [0;36mround[0m = 880 [0;36mnonce[0m = 872 [0;36mhash[0m = 7111b1a392aab935953de912c068e2f4a61b8d1ad5d15d849c5ca4c210f2b455 
[0;36mDEBUG[0m[2026-03-16 10:14:11.860]   received shard header from network in block tracker [0;36mshard[0m = 0 [0;36mepoch[0m = 0 [0;36mround[0m = 881 [0;36mnonce[0m = 873 [0;36mhash[0m = 5d9b78e96f24b6871596fd60426d0709235259f9bf1d2b3169a09584998e1674 
[0;36mDEBUG[0m[2026-03-16 10:14:11.860]   received shard header from network in block tracker [0;36mshard[0m = 0 [0;36mepoch[0m = 0 [0;36mround[0m = 882 [0;36mnonce[0m = 874 [0;36mhash[0m = 3855da470d3d2d9e289cca6183df8f7dbdc7ad0526f3091da776692b6a6e99ca 
[0;36mDEBUG[0m[2026-03-16 10:14:11.860]   received shard header from network in block tracker [0;36mshard[0m = 0 [0;36mepoch[0m = 0 [0;36mround[0m = 883 [0;36mnonce[0m = 875 [0;36mhash[0m = 5c072f3ce8778adb4c0eadef46eee09e265e58ec0d7c7c775ee4d021da9140a3 
[0;36mDEBUG[0m[2026-03-16 10:14:11.860]   received shard header from network in block tracker [0;36mshard[0m = 0 [0;36mepoch[0m = 0 [0;36mround[0m = 884 [0;36mnonce[0m = 876 [0;36mhash[0m = 04431e81b75e298aafb48a58200ed67193d0ed4c26d92d9de82cd5e651a9173e 
[0;36mDEBUG[0m[2026-03-16 10:14:11.860]   received shard header from network in block tracker [0;36mshard[0m = 0 [0;36mepoch[0m = 0 [0;36mround[0m = 885 [0;36mnonce[0m = 877 [0;36mhash[0m = 9feec4d5874fa3f26bad3e54740c3ca7bdbb75beca9fc711ee63d660a9ec92b9 
[0;36mDEBUG[0m[2026-03-16 10:14:11.860]   received shard header from network in block tracker [0;36mshard[0m = 0 [0;36mepoch[0m = 0 [0;36mround[0m = 886 [0;36mnonce[0m = 878 [0;36mhash[0m = ff80716fc3a57a41a9c11e93ba0761226c8465cbc459d33cce4dd5c1ce4fc175 
[0;36mDEBUG[0m[2026-03-16 10:14:11.860]   received shard header from network in block tracker [0;36mshard[0m = 0 [0;36mepoch[0m = 0 [0;36mround[0m = 887 [0;36mnonce[0m = 879 [0;36mhash[0m = a51741ce0ebaa9a3b4dc644ac0514fb1477a784b68dda753a0b79e7c675e5779 
[0;36mDEBUG[0m[2026-03-16 10:14:11.860]   received shard header from network in block tracker [0;36mshard[0m = 0 [0;36mepoch[0m = 0 [0;36mround[0m = 888 [0;36mnonce[0m = 880 [0;36mhash[0m = a5cd58c06364a00f31d0580a3c1d19203300b662140200763a1fe944bc18aff4 
[0;36mDEBUG[0m[2026-03-16 10:14:11.860]   received shard header from network in block tracker [0;36mshard[0m = 0 [0;36mepoch[0m = 0 [0;36mround[0m = 889 [0;36mnonce[0m = 881 [0;36mhash[0m = de3f5fa471b1fa3a607572c03cd448e7be93f40ca9a5ae2f984e964490cc7185 
[0;36mDEBUG[0m[2026-03-16 10:14:11.860]   received shard header from network in block tracker [0;36mshard[0m = 0 [0;36mepoch[0m = 0 [0;36mround[0m = 890 [0;36mnonce[0m = 882 [0;36mhash[0m = 07ec52996c11a549d8f87f46939b75574a5dd6bf04b8f43ae139970e4ba67fcd 
[0;36mDEBUG[0m[2026-03-16 10:14:11.860]   received shard header from network in block tracker [0;36mshard[0m = 0 [0;36mepoch[0m = 0 [0;36mround[0m = 891 [0;36mnonce[0m = 883 [0;36mhash[0m = 6d1db9511d667978d1ed77f0bbd85f3c17cc2a6a16a8150ab84e2afebe8db5aa 
[0;36mDEBUG[0m[2026-03-16 10:14:11.860]   received shard header from network in block tracker [0;36mshard[0m = 0 [0;36mepoch[0m = 0 [0;36mround[0m = 892 [0;36mnonce[0m = 884 [0;36mhash[0m = c7584f79e693f64a500e9de88d2e9c01eca4cae85d1729f77336416a6377ac52 
[0;36mDEBUG[0m[2026-03-16 10:14:11.860]   received shard header from network in block tracker [0;36mshard[0m = 0 [0;36mepoch[0m = 0 [0;36mround[0m = 893 [0;36mnonce[0m = 885 [0;36mhash[0m = 63f07fca1ab2fe5e785448902b51300b491105dd1fb33693cfb870885a5005c2 
[0;36mDEBUG[0m[2026-03-16 10:14:11.860]   received shard header from network in block tracker [0;36mshard[0m = 0 [0;36mepoch[0m = 0 [0;36mround[0m = 894 [0;36mnonce[0m = 886 [0;36mhash[0m = a8f6ee657c9b43ed2e5edaf7b1ecd7d7cca90c9cf8c6b866141bb83f754cc16a 
[0;36mDEBUG[0m[2026-03-16 10:14:11.860]   received shard header from network in block tracker [0;36mshard[0m = 0 [0;36mepoch[0m = 0 [0;36mround[0m = 895 [0;36mnonce[0m = 887 [0;36mhash[0m = 55b7584263b3876089953efd56eab1ade3710a4f5634067810de44966f47ddaa 
[0;36mDEBUG[0m[2026-03-16 10:14:11.860]   received shard header from network in block tracker [0;36mshard[0m = 0 [0;36mepoch[0m = 0 [0;36mround[0m = 896 [0;36mnonce[0m = 888 [0;36mhash[0m = cce176284a5ad6010dc7c2220aab0803abf460f604e039d0143b6d07b1dd9f0f 
[0;36mDEBUG[0m[2026-03-16 10:14:11.860]   received shard header from network in block tracker [0;36mshard[0m = 0 [0;36mepoch[0m = 0 [0;36mround[0m = 897 [0;36mnonce[0m = 889 [0;36mhash[0m = 979b9bbfb48a3c693019be92e821f1a584237a13af40ddd0cb1eceeb429dcd8a 
[0;36mDEBUG[0m[2026-03-16 10:14:11.860]   received shard header from network in block tracker [0;36mshard[0m = 0 [0;36mepoch[0m = 0 [0;36mround[0m = 898 [0;36mnonce[0m = 890 [0;36mhash[0m = 568e4ce8c63941234f40bdf99e60752da52de822e5f3201cb93008c2c093d5fb 
[0;36mDEBUG[0m[2026-03-16 10:14:11.860]   received shard header from network in block tracker [0;36mshard[0m = 0 [0;36mepoch[0m = 0 [0;36mround[0m = 899 [0;36mnonce[0m = 891 [0;36mhash[0m = 67d2aad0cb7764b6859cc1c5387208a8fb0dca1dd552c6987e235b55c8c6f7b0 
[0;36mDEBUG[0m[2026-03-16 10:14:11.860]   received shard header from network in block tracker [0;36mshard[0m = 0 [0;36mepoch[0m = 0 [0;36mround[0m = 900 [0;36mnonce[0m = 892 [0;36mhash[0m = d6546456d8a92d1edc0aa26ce0ba104a8397415a3f2cd431634983491e959520 
[0;36mDEBUG[0m[2026-03-16 10:14:11.860]   received shard header from network in block tracker [0;36mshard[0m = 0 [0;36mepoch[0m = 0 [0;36mround[0m = 901 [0;36mnonce[0m = 893 [0;36mhash[0m = e3e75e66c23c3b824f344f1aa2151e259ca7beccfe17f18805d36eb1d40d508a 
[0;36mDEBUG[0m[2026-03-16 10:14:11.860]   received shard header from network in block tracker [0;36mshard[0m = 0 [0;36mepoch[0m = 0 [0;36mround[0m = 902 [0;36mnonce[0m = 894 [0;36mhash[0m = e2b57127d202f97f883c32f395683796f6465ea70fcebed71029c5e90d1d1874 
[0;36mDEBUG[0m[2026-03-16 10:14:11.860]   received shard header from network in block tracker [0;36mshard[0m = 0 [0;36mepoch[0m = 0 [0;36mround[0m = 903 [0;36mnonce[0m = 895 [0;36mhash[0m = cb81a4f05812647f44968a8ddee2c6d228bb6e5fba9682e21a9e231c42a7730a 
[0;36mDEBUG[0m[2026-03-16 10:14:11.860]   received shard header from network in block tracker [0;36mshard[0m = 0 [0;36mepoch[0m = 0 [0;36mround[0m = 904 [0;36mnonce[0m = 896 [0;36mhash[0m = 1fc5eb3f467240f81b3bf5a647244846515de53fc9660fa9345cf1f235a67274 
[0;36mDEBUG[0m[2026-03-16 10:14:11.860]   received shard header from network in block tracker [0;36mshard[0m = 0 [0;36mepoch[0m = 0 [0;36mround[0m = 905 [0;36mnonce[0m = 897 [0;36mhash[0m = 496a8117f508e86e8a249e8a736bae93e7ad400361c7917b8950d9e354ac2665 
[0;36mDEBUG[0m[2026-03-16 10:14:11.860]   received shard header from network in block tracker [0;36mshard[0m = 0 [0;36mepoch[0m = 0 [0;36mround[0m = 906 [0;36mnonce[0m = 898 [0;36mhash[0m = 3c91c2635972602764614711850514662ebd908579525d94a97643cc9bd661aa 
[0;36mDEBUG[0m[2026-03-16 10:14:11.860]   received shard header from network in block tracker [0;36mshard[0m = 0 [0;36mepoch[0m = 0 [0;36mround[0m = 907 [0;36mnonce[0m = 899 [0;36mhash[0m = 7e5fb6ee43c6bfe197fde5bda7b2fcd11887006e5053cacd2c8856871842add8 
[0;36mDEBUG[0m[2026-03-16 10:14:11.860]   received shard header from network in block tracker [0;36mshard[0m = 0 [0;36mepoch[0m = 0 [0;36mround[0m = 908 [0;36mnonce[0m = 900 [0;36mhash[0m = 2b36f852fec4849f8e26c1ea6d9a5c74b5b27777280414e02212630af9fe88d4 
[0;36mDEBUG[0m[2026-03-16 10:14:11.860]   received shard header from network in block tracker [0;36mshard[0m = 0 [0;36mepoch[0m = 0 [0;36mround[0m = 909 [0;36mnonce[0m = 901 [0;36mhash[0m = 4be3a78de8dd2db7103e7f52ccd5645d491b05839644bd8265c9df606df2a4cf 
[0;36mDEBUG[0m[2026-03-16 10:14:11.860]   received shard header from network in block tracker [0;36mshard[0m = 0 [0;36mepoch[0m = 0 [0;36mround[0m = 910 [0;36mnonce[0m = 902 [0;36mhash[0m = b3398fd11bef1821d00816189a292a9948e638ca75318440d2c8e64ab7d2bb40 
[0;36mDEBUG[0m[2026-03-16 10:14:11.860]   received shard header from network in block tracker [0;36mshard[0m = 0 [0;36mepoch[0m = 0 [0;36mround[0m = 911 [0;36mnonce[0m = 903 [0;36mhash[0m = f95bab7269aff3a6c9b82927802575dcc01f4b1d536846113f4701cb95e0b605 
[0;36mDEBUG[0m[2026-03-16 10:14:11.860]   received shard header from network in block tracker [0;36mshard[0m = 0 [0;36mepoch[0m = 0 [0;36mround[0m = 912 [0;36mnonce[0m = 904 [0;36mhash[0m = 0bfba5af896667bcbbe6f4e7161d89abd6d7497fdb2b01d13fc27156fa739460 
[0;36mDEBUG[0m[2026-03-16 10:14:11.860]   received shard header from network in block tracker [0;36mshard[0m = 0 [0;36mepoch[0m = 0 [0;36mround[0m = 913 [0;36mnonce[0m = 905 [0;36mhash[0m = baa32381feabd2069e336c54b4a70da281d45dc4a0de78c90a9369bd6aa54663 
[0;36mDEBUG[0m[2026-03-16 10:14:11.860]   received shard header from network in block tracker [0;36mshard[0m = 0 [0;36mepoch[0m = 0 [0;36mround[0m = 914 [0;36mnonce[0m = 906 [0;36mhash[0m = 9100438f81255e476791040f27232efbc9a16c7115cd8d119edd4971fd4308d3 
[0;36mDEBUG[0m[2026-03-16 10:14:11.860]   received shard header from network in block tracker [0;36mshard[0m = 0 [0;36mepoch[0m = 0 [0;36mround[0m = 915 [0;36mnonce[0m = 907 [0;36mhash[0m = 2c474eb248e7fb03298c721b1c87137949aa516c8c8fe19b47c8466bdff6c085 
[0;36mDEBUG[0m[2026-03-16 10:14:11.860]   received shard header from network in block tracker [0;36mshard[0m = 0 [0;36mepoch[0m = 0 [0;36mround[0m = 916 [0;36mnonce[0m = 908 [0;36mhash[0m = fb5d956aa79c8b4e875ad557e1dd422ddc4c0f3c6180fc445010bac78c958c55 
[0;36mDEBUG[0m[2026-03-16 10:14:11.860]   received shard header from network in block tracker [0;36mshard[0m = 0 [0;36mepoch[0m = 0 [0;36mround[0m = 917 [0;36mnonce[0m = 909 [0;36mhash[0m = 6f3cdf7d2e85cb2d88992c0c875bb641e338b8df6444b62483e6c6e50711b9c6 
[0;36mDEBUG[0m[2026-03-16 10:14:11.860]   received shard header from network in block tracker [0;36mshard[0m = 0 [0;36mepoch[0m = 0 [0;36mround[0m = 918 [0;36mnonce[0m = 910 [0;36mhash[0m = 1cb68de5dbfe87623df1711b30b1cda7511883f86748335a3914b7e9005fb9da 
[0;36mDEBUG[0m[2026-03-16 10:14:11.860]   received shard header from network in block tracker [0;36mshard[0m = 0 [0;36mepoch[0m = 0 [0;36mround[0m = 919 [0;36mnonce[0m = 911 [0;36mhash[0m = 885fc5d9bd5748f4c1f9c8affbaddec9edc5d6c7aa902cfd4adee4887c956423 
[0;36mDEBUG[0m[2026-03-16 10:14:11.860]   received shard header from network in block tracker [0;36mshard[0m = 0 [0;36mepoch[0m = 0 [0;36mround[0m = 920 [0;36mnonce[0m = 912 [0;36mhash[0m = fae0bd7174fe273fc8cbc6d3a7ef972a6ed336b0a8cd7df4f91a9eca340ccee3 
[0;36mDEBUG[0m[2026-03-16 10:14:11.860]   received shard header from network in block tracker [0;36mshard[0m = 0 [0;36mepoch[0m = 0 [0;36mround[0m = 921 [0;36mnonce[0m = 913 [0;36mhash[0m = 4b12ab54791017cc891603a2212fbd47b681e5c606cf03b25d228d919bf7aa77 
[0;36mDEBUG[0m[2026-03-16 10:14:11.860]   received shard header from network in block tracker [0;36mshard[0m = 0 [0;36mepoch[0m = 0 [0;36mround[0m = 922 [0;36mnonce[0m = 914 [0;36mhash[0m = 3cd4c90122043a6b554eb21856b44b17ef303adcc694cb9ae3ad7b977226da6a 
[0;36mDEBUG[0m[2026-03-16 10:14:11.860]   received shard header from network in block tracker [0;36mshard[0m = 0 [0;36mepoch[0m = 0 [0;36mround[0m = 923 [0;36mnonce[0m = 915 [0;36mhash[0m = 34627d4004beaebcdc43b4d8c1d8afc6280a3625a1e99cba665b4da7a4bd684d 
[0;36mDEBUG[0m[2026-03-16 10:14:11.860]   received shard header from network in block tracker [0;36mshard[0m = 0 [0;36mepoch[0m = 0 [0;36mround[0m = 924 [0;36mnonce[0m = 916 [0;36mhash[0m = 4f6b1d7fcca9fa0384b26a7db27b231f4e47b5d9dcf2a8ed1a6e28f5cb653743 
[0;36mDEBUG[0m[2026-03-16 10:14:11.860]   received shard header from network in block tracker [0;36mshard[0m = 0 [0;36mepoch[0m = 0 [0;36mround[0m = 925 [0;36mnonce[0m = 917 [0;36mhash[0m = 4bef98c5b36785a3c0a958c96d10020ae4a74fc5ccf238abfd4ef714e699d00d 
[0;36mDEBUG[0m[2026-03-16 10:14:11.860]   received shard header from network in block tracker [0;36mshard[0m = 0 [0;36mepoch[0m = 0 [0;36mround[0m = 926 [0;36mnonce[0m = 918 [0;36mhash[0m = 3b607f2820659293bf1cc34b40d0a9fdbb8b8e0885c07a3f1f912c680891f108 
[0;36mDEBUG[0m[2026-03-16 10:14:11.860]   received shard header from network in block tracker [0;36mshard[0m = 0 [0;36mepoch[0m = 0 [0;36mround[0m = 927 [0;36mnonce[0m = 919 [0;36mhash[0m = 2319b828251480e65d0e83184b8f2901eb0727149e7367f18ae6257cdf629fb2 
[0;36mDEBUG[0m[2026-03-16 10:14:11.860]   received shard header from network in block tracker [0;36mshard[0m = 0 [0;36mepoch[0m = 0 [0;36mround[0m = 928 [0;36mnonce[0m = 920 [0;36mhash[0m = 5f81993fbb584fa4acc3a2e2ba8da7f827bc75e24c02b1cb91e642ecc25aa697 
[0;36mDEBUG[0m[2026-03-16 10:14:11.860]   received shard header from network in block tracker [0;36mshard[0m = 0 [0;36mepoch[0m = 0 [0;36mround[0m = 929 [0;36mnonce[0m = 921 [0;36mhash[0m = 7b360e88e7750d0c92c5bda7b6670981b9fb90102b402b00658f0c50f58d23b7 
[0;36mDEBUG[0m[2026-03-16 10:14:11.860]   received shard header from network in block tracker [0;36mshard[0m = 0 [0;36mepoch[0m = 0 [0;36mround[0m = 930 [0;36mnonce[0m = 922 [0;36mhash[0m = 63f1889cfeb91436a1d5a008e78746f7f8d66135038ab84e209c2b8777713700 
[0;36mDEBUG[0m[2026-03-16 10:14:11.860]   received shard header from network in block tracker [0;36mshard[0m = 0 [0;36mepoch[0m = 0 [0;36mround[0m = 931 [0;36mnonce[0m = 923 [0;36mhash[0m = 35dd8dcfd4acdfd441c89cedbccd3cfb89efb216faf1892d987bfcf20a9e6384 
[0;36mDEBUG[0m[2026-03-16 10:14:11.860]   received shard header from network in block tracker [0;36mshard[0m = 0 [0;36mepoch[0m = 0 [0;36mround[0m = 932 [0;36mnonce[0m = 924 [0;36mhash[0m = 1c9d58b40119068616a00964fcc849253425d5a0e0d3d1347fa84224b8345cd1 
[0;36mDEBUG[0m[2026-03-16 10:14:11.860]   received shard header from network in block tracker [0;36mshard[0m = 0 [0;36mepoch[0m = 0 [0;36mround[0m = 933 [0;36mnonce[0m = 925 [0;36mhash[0m = 95e9ae4bc9c1a8b21ee519da73099e35a7186b6f14c661d15b02bf8f4c5e67e1 
[0;36mDEBUG[0m[2026-03-16 10:14:11.860]   received shard header from network in block tracker [0;36mshard[0m = 0 [0;36mepoch[0m = 0 [0;36mround[0m = 934 [0;36mnonce[0m = 926 [0;36mhash[0m = 9cbcf94812bc56db9be020b76ba0b2e9c8a570db1518e6c77ac446288d343ac3 
[0;36mDEBUG[0m[2026-03-16 10:14:11.860]   received shard header from network in block tracker [0;36mshard[0m = 0 [0;36mepoch[0m = 0 [0;36mround[0m = 935 [0;36mnonce[0m = 927 [0;36mhash[0m = 07f115dbb41444edfea1505254aa5fc5e2c458866fc9926cfe911b314f7d7b61 
[0;36mDEBUG[0m[2026-03-16 10:14:11.860]   received shard header from network in block tracker [0;36mshard[0m = 0 [0;36mepoch[0m = 0 [0;36mround[0m = 936 [0;36mnonce[0m = 928 [0;36mhash[0m = 6c6a7e0a344e5a77f7d6d8a49012c07ee7e19f4f671fa310003b9ff2b6582290 
[0;36mDEBUG[0m[2026-03-16 10:14:11.860]   received shard header from network in block tracker [0;36mshard[0m = 0 [0;36mepoch[0m = 0 [0;36mround[0m = 937 [0;36mnonce[0m = 929 [0;36mhash[0m = 7f9f539787e4ca38cbce0a96ed08b36e675eabcce162b743ac58426290b9fb0c 
[0;36mDEBUG[0m[2026-03-16 10:14:11.860]   received shard header from network in block tracker [0;36mshard[0m = 0 [0;36mepoch[0m = 0 [0;36mround[0m = 938 [0;36mnonce[0m = 930 [0;36mhash[0m = 081f198fafc5ce6149140deb0a1aac914a60562695182ca9456cbbbf14ed01ac 
[0;36mDEBUG[0m[2026-03-16 10:14:11.860]   received shard header from network in block tracker [0;36mshard[0m = 0 [0;36mepoch[0m = 0 [0;36mround[0m = 939 [0;36mnonce[0m = 931 [0;36mhash[0m = b33f76407543719264f9c3f40d6f93d1356a4d281fc55418d56c5d3c019ce472 
[0;36mDEBUG[0m[2026-03-16 10:14:11.860]   received shard header from network in block tracker [0;36mshard[0m = 0 [0;36mepoch[0m = 0 [0;36mround[0m = 940 [0;36mnonce[0m = 932 [0;36mhash[0m = a47e5286b459aca48aae05c26a6af5ec6f5cd649af7d651679f492dabca431d1 
[0;36mDEBUG[0m[2026-03-16 10:14:11.860]   received shard header from network in block tracker [0;36mshard[0m = 0 [0;36mepoch[0m = 0 [0;36mround[0m = 941 [0;36mnonce[0m = 933 [0;36mhash[0m = 01991789738a73158e17fe13221fd47b863bd9d8dc27460dc540e762dea136fd 
[0;36mDEBUG[0m[2026-03-16 10:14:11.860]   received shard header from network in block tracker [0;36mshard[0m = 0 [0;36mepoch[0m = 0 [0;36mround[0m = 942 [0;36mnonce[0m = 934 [0;36mhash[0m = ec9b2a1accd3208ee91d0ee64e23faea26202255dfc605200020ef943daac2a1 
[0;36mDEBUG[0m[2026-03-16 10:14:11.860]   received shard header from network in block tracker [0;36mshard[0m = 0 [0;36mepoch[0m = 0 [0;36mround[0m = 943 [0;36mnonce[0m = 935 [0;36mhash[0m = 8650b4d9dbc964e35da252a661d8871472fd3ea7272e3f2e385f69c39994f480 
[0;36mDEBUG[0m[2026-03-16 10:14:11.860]   received shard header from network in block tracker [0;36mshard[0m = 0 [0;36mepoch[0m = 0 [0;36mround[0m = 944 [0;36mnonce[0m = 936 [0;36mhash[0m = 5e930477b531c64fffebf4c1769f88a38dcd20f488d235e7abb4b70eb78a7c63 
[0;36mDEBUG[0m[2026-03-16 10:14:11.860]   received shard header from network in block tracker [0;36mshard[0m = 0 [0;36mepoch[0m = 0 [0;36mround[0m = 945 [0;36mnonce[0m = 937 [0;36mhash[0m = ba5c521567a089fc81df7069025191f35429348b7266f5568b556b9c5dec28f9 
[0;36mDEBUG[0m[2026-03-16 10:14:11.860]   received shard header from network in block tracker [0;36mshard[0m = 0 [0;36mepoch[0m = 0 [0;36mround[0m = 946 [0;36mnonce[0m = 938 [0;36mhash[0m = c497aca1410856ba997ec343fcb1c599fbf05bc3aac64e6803efa92cc60e4148 
[0;36mDEBUG[0m[2026-03-16 10:14:11.860]   received shard header from network in block tracker [0;36mshard[0m = 0 [0;36mepoch[0m = 0 [0;36mround[0m = 947 [0;36mnonce[0m = 939 [0;36mhash[0m = 3d7892a853d1092e7edcbd8c1afe91f3dac77fe0c0ca75e37877d9f6028dcedb 
[0;36mDEBUG[0m[2026-03-16 10:14:11.861]   received shard header from network in block tracker [0;36mshard[0m = 0 [0;36mepoch[0m = 0 [0;36mround[0m = 948 [0;36mnonce[0m = 940 [0;36mhash[0m = 6c53ae82a24a2665c2af32bff7f92d0c01fc7607e318a69b38dd398c63f65a55 
[0;36mDEBUG[0m[2026-03-16 10:14:11.861]   received shard header from network in block tracker [0;36mshard[0m = 0 [0;36mepoch[0m = 0 [0;36mround[0m = 949 [0;36mnonce[0m = 941 [0;36mhash[0m = d47b59dadfbd8330b9610f27afaed748b0463b89a6423aa6efb177360876c760 
[0;36mDEBUG[0m[2026-03-16 10:14:11.861]   received shard header from network in block tracker [0;36mshard[0m = 0 [0;36mepoch[0m = 0 [0;36mround[0m = 950 [0;36mnonce[0m = 942 [0;36mhash[0m = 1f1895615b1eb65a3e375455de9ec8a1670304f56a9114011305f5bbf796d501 
[0;36mDEBUG[0m[2026-03-16 10:14:11.861]   received shard header from network in block tracker [0;36mshard[0m = 0 [0;36mepoch[0m = 0 [0;36mround[0m = 951 [0;36mnonce[0m = 943 [0;36mhash[0m = 79c482c44b8fd96b61f26d6944f40c2ea767d397b0afe923c6ad1f43b82b3c68 
[0;36mDEBUG[0m[2026-03-16 10:14:11.861]   received shard header from network in block tracker [0;36mshard[0m = 0 [0;36mepoch[0m = 0 [0;36mround[0m = 952 [0;36mnonce[0m = 944 [0;36mhash[0m = 18dfb717f26e738fb2faf3b6d52246addd3815a5c0271f4c919204983db5b66a 
[0;36mDEBUG[0m[2026-03-16 10:14:11.861]   received shard header from network in block tracker [0;36mshard[0m = 0 [0;36mepoch[0m = 0 [0;36mround[0m = 953 [0;36mnonce[0m = 945 [0;36mhash[0m = c12740f2cd20ca4f746205694abe62b39f27df445dabe3e4dda68ae1d576fdd3 
[0;36mDEBUG[0m[2026-03-16 10:14:11.861]   received shard header from network in block tracker [0;36mshard[0m = 0 [0;36mepoch[0m = 0 [0;36mround[0m = 954 [0;36mnonce[0m = 946 [0;36mhash[0m = 44a8ab3ef95d689e03b0e89737fd5f841c693a13f0ae8ed83235428950d2efa3 
[0;36mDEBUG[0m[2026-03-16 10:14:11.861]   received shard header from network in block tracker [0;36mshard[0m = 0 [0;36mepoch[0m = 0 [0;36mround[0m = 955 [0;36mnonce[0m = 947 [0;36mhash[0m = 90d34f840c59c1a86bfb4cb2a742092c07b57e7570c7fb0b11cc6cc4af5af2b4 
[0;36mDEBUG[0m[2026-03-16 10:14:11.861]   received shard header from network in block tracker [0;36mshard[0m = 0 [0;36mepoch[0m = 0 [0;36mround[0m = 956 [0;36mnonce[0m = 948 [0;36mhash[0m = 30376a1d5754134272e452a835b405ab942afc7ea7e1e9517fcd8eb8a960abee 
[0;36mDEBUG[0m[2026-03-16 10:14:11.861]   received shard header from network in block tracker [0;36mshard[0m = 0 [0;36mepoch[0m = 0 [0;36mround[0m = 957 [0;36mnonce[0m = 949 [0;36mhash[0m = d3d8b128d79d9a10fd87ebbd57de4086ac7cc9e041e7de61a01b392a00cf8db9 
[0;36mDEBUG[0m[2026-03-16 10:14:11.861]   received shard header from network in block tracker [0;36mshard[0m = 0 [0;36mepoch[0m = 0 [0;36mround[0m = 958 [0;36mnonce[0m = 950 [0;36mhash[0m = 0fb84763840d1e75f1c26ba7314b97db1208095cdb9ad71d519cb65e00a2e20c 
[0;36mDEBUG[0m[2026-03-16 10:14:11.861]   received shard header from network in block tracker [0;36mshard[0m = 0 [0;36mepoch[0m = 0 [0;36mround[0m = 959 [0;36mnonce[0m = 951 [0;36mhash[0m = 38445efad2d1ebb5c31cf1c0ae60347a871e21b7f7dc60986d83ba0bec2a385e 
[0;36mDEBUG[0m[2026-03-16 10:14:11.861]   received shard header from network in block tracker [0;36mshard[0m = 0 [0;36mepoch[0m = 0 [0;36mround[0m = 960 [0;36mnonce[0m = 952 [0;36mhash[0m = 1536ec525912168fadc30e83342855df05c8b76da2d856f562cdbfa45714feaa 
[0;36mDEBUG[0m[2026-03-16 10:14:11.861]   received shard header from network in block tracker [0;36mshard[0m = 0 [0;36mepoch[0m = 0 [0;36mround[0m = 961 [0;36mnonce[0m = 953 [0;36mhash[0m = 2d58180398c2a88f03c3e37e3c5cf6e5666f5b9582863d225504a00dfded641c 
[0;36mDEBUG[0m[2026-03-16 10:14:11.861]   received shard header from network in block tracker [0;36mshard[0m = 0 [0;36mepoch[0m = 0 [0;36mround[0m = 962 [0;36mnonce[0m = 954 [0;36mhash[0m = dd7e54ed7f7dbb0fdf5d4de4ee2fe5914c3dc93de7b82e211c2d09e529e12ead 
[0;36mDEBUG[0m[2026-03-16 10:14:11.861]   received shard header from network in block tracker [0;36mshard[0m = 0 [0;36mepoch[0m = 0 [0;36mround[0m = 963 [0;36mnonce[0m = 955 [0;36mhash[0m = 9c1518582965067bb8378aaa00bbda8fabbd8722c0d1ee99a66d76c3a004beb9 
[0;36mDEBUG[0m[2026-03-16 10:14:11.861]   received shard header from network in block tracker [0;36mshard[0m = 0 [0;36mepoch[0m = 0 [0;36mround[0m = 964 [0;36mnonce[0m = 956 [0;36mhash[0m = b958faa0a011db2086d9d56f31aa4a472d32c0fa42ecaf667ffac2a8d7771965 
[0;36mDEBUG[0m[2026-03-16 10:14:11.861]   received shard header from network in block tracker [0;36mshard[0m = 0 [0;36mepoch[0m = 0 [0;36mround[0m = 965 [0;36mnonce[0m = 957 [0;36mhash[0m = fb46a2f786b55dc75e645efc94712a23916bec601b24c6e78aed0c4b7f0d54a8 
[0;36mDEBUG[0m[2026-03-16 10:14:11.861]   received shard header from network in block tracker [0;36mshard[0m = 0 [0;36mepoch[0m = 0 [0;36mround[0m = 966 [0;36mnonce[0m = 958 [0;36mhash[0m = 4b5c1acbd8f230ceca0a6102f2c3aee8817a601e20f717dd6ff88b8db924c945 
[0;36mDEBUG[0m[2026-03-16 10:14:11.861]   received shard header from network in block tracker [0;36mshard[0m = 0 [0;36mepoch[0m = 0 [0;36mround[0m = 967 [0;36mnonce[0m = 959 [0;36mhash[0m = b57f69b323923fac912a0a0ee23e300a300e439d6b5f4146735179fd9ac49a04 
[0;36mDEBUG[0m[2026-03-16 10:14:11.861]   received shard header from network in block tracker [0;36mshard[0m = 0 [0;36mepoch[0m = 0 [0;36mround[0m = 968 [0;36mnonce[0m = 960 [0;36mhash[0m = 72c2e041caacf5141bdbb231a006c44c05580938710ea304009af74d334d310f 
[0;36mDEBUG[0m[2026-03-16 10:14:11.861]   received shard header from network in block tracker [0;36mshard[0m = 0 [0;36mepoch[0m = 0 [0;36mround[0m = 969 [0;36mnonce[0m = 961 [0;36mhash[0m = 35be86f387ac5898a92cccd630d446e423ce2b9a079f8d1f328a61639d9a0ac8 
[0;36mDEBUG[0m[2026-03-16 10:14:11.861]   received shard header from network in block tracker [0;36mshard[0m = 0 [0;36mepoch[0m = 0 [0;36mround[0m = 970 [0;36mnonce[0m = 962 [0;36mhash[0m = a133b5c69683419c07ad879b2b611b86abc00674b0d1875c501153d9e5adf4f3 
[0;36mDEBUG[0m[2026-03-16 10:14:11.861]   received shard header from network in block tracker [0;36mshard[0m = 0 [0;36mepoch[0m = 0 [0;36mround[0m = 971 [0;36mnonce[0m = 963 [0;36mhash[0m = cffbfb64780626d45adb09d488c5751c369f6b004bbd966523572b64d72b5f7c 
[0;36mDEBUG[0m[2026-03-16 10:14:11.861]   received shard header from network in block tracker [0;36mshard[0m = 0 [0;36mepoch[0m = 0 [0;36mround[0m = 972 [0;36mnonce[0m = 964 [0;36mhash[0m = 6550def11fb10be6e8d1b7f259d3954f47fbf787539f4a66ff6ac5dcc47df0e6 
[0;36mDEBUG[0m[2026-03-16 10:14:11.861]   received shard header from network in block tracker [0;36mshard[0m = 0 [0;36mepoch[0m = 0 [0;36mround[0m = 973 [0;36mnonce[0m = 965 [0;36mhash[0m = 297c4f6221ff3e78b317d2e385efea9ed1c8ffe18d38a651bf56b99d8d262044 
[0;36mDEBUG[0m[2026-03-16 10:14:11.861]   received shard header from network in block tracker [0;36mshard[0m = 0 [0;36mepoch[0m = 0 [0;36mround[0m = 974 [0;36mnonce[0m = 966 [0;36mhash[0m = 5dcc921113dc214be86b83c25c998d3aaf5b9bd9f60ca9739e622bfc87a79ddf 
[0;36mDEBUG[0m[2026-03-16 10:14:11.861]   received shard header from network in block tracker [0;36mshard[0m = 0 [0;36mepoch[0m = 0 [0;36mround[0m = 975 [0;36mnonce[0m = 967 [0;36mhash[0m = 91117d89ef9a1d47ad89d526b64ff4ea07b80d479a9c57dcdc0dd198aaff0a62 
[0;36mDEBUG[0m[2026-03-16 10:14:11.861]   received shard header from network in block tracker [0;36mshard[0m = 0 [0;36mepoch[0m = 0 [0;36mround[0m = 976 [0;36mnonce[0m = 968 [0;36mhash[0m = 8f14af930d2c3934f3522d6bdaabcec537fd930116b4bf50a5d6c2b4a4e5d42b 
[0;36mDEBUG[0m[2026-03-16 10:14:11.861]   received shard header from network in block tracker [0;36mshard[0m = 0 [0;36mepoch[0m = 0 [0;36mround[0m = 977 [0;36mnonce[0m = 969 [0;36mhash[0m = 02897f8ac4f33fec6769baaaa9b48af669de5b37e7d119149ad9d292cb6dc8f9 
[0;36mDEBUG[0m[2026-03-16 10:14:11.861]   received shard header from network in block tracker [0;36mshard[0m = 0 [0;36mepoch[0m = 0 [0;36mround[0m = 978 [0;36mnonce[0m = 970 [0;36mhash[0m = ad4cddcb77caf01cd343784d4e0521ed3ca5d741948396a385b55d4c7a9ea728 
[0;36mDEBUG[0m[2026-03-16 10:14:11.861]   received shard header from network in block tracker [0;36mshard[0m = 0 [0;36mepoch[0m = 0 [0;36mround[0m = 979 [0;36mnonce[0m = 971 [0;36mhash[0m = b639a71f68336de485fc782eed24e69ae5caa1ebb909e2bf3481881f61590d44 
[0;36mDEBUG[0m[2026-03-16 10:14:11.861]   received shard header from network in block tracker [0;36mshard[0m = 0 [0;36mepoch[0m = 0 [0;36mround[0m = 980 [0;36mnonce[0m = 972 [0;36mhash[0m = ebb520386778bfc06e9932b163ddd5fd2410a722a09083447dcaef52b3f56078 
[0;36mDEBUG[0m[2026-03-16 10:14:11.861]   received shard header from network in block tracker [0;36mshard[0m = 0 [0;36mepoch[0m = 0 [0;36mround[0m = 981 [0;36mnonce[0m = 973 [0;36mhash[0m = 02064fca8e5f151c404c08da8286c04c5390baa85947d8eb0ee80a1abcc1f6c6 
[0;36mDEBUG[0m[2026-03-16 10:14:11.861]   received shard header from network in block tracker [0;36mshard[0m = 0 [0;36mepoch[0m = 0 [0;36mround[0m = 982 [0;36mnonce[0m = 974 [0;36mhash[0m = e091a3d385dff465b715f2e2736f5227a3e205c497138f39b8f93681e1867b6b 
[0;36mDEBUG[0m[2026-03-16 10:14:11.861]   received shard header from network in block tracker [0;36mshard[0m = 0 [0;36mepoch[0m = 0 [0;36mround[0m = 983 [0;36mnonce[0m = 975 [0;36mhash[0m = 275274d552ad543f4140ed19a7f2e7522cbebcfa7afbf27fefe237b8036924c9 
[0;36mDEBUG[0m[2026-03-16 10:14:11.861]   received shard header from network in block tracker [0;36mshard[0m = 0 [0;36mepoch[0m = 0 [0;36mround[0m = 984 [0;36mnonce[0m = 976 [0;36mhash[0m = 3bd4e7e98b3404605f6f267874aeaff9d4edc754fd0eab0e8ff5a3517263f42c 
[0;36mDEBUG[0m[2026-03-16 10:14:11.861]   received shard header from network in block tracker [0;36mshard[0m = 0 [0;36mepoch[0m = 0 [0;36mround[0m = 985 [0;36mnonce[0m = 977 [0;36mhash[0m = d49b248388686c874ccf92414ba55afdfa95521186aee132e185fcde82bc5f05 
[0;36mDEBUG[0m[2026-03-16 10:14:11.861]   received shard header from network in block tracker [0;36mshard[0m = 0 [0;36mepoch[0m = 0 [0;36mround[0m = 986 [0;36mnonce[0m = 978 [0;36mhash[0m = 84c4a644ec223804bf774cb920f92acef3f2c63278c6e059041f74ddee23fd63 
[0;36mDEBUG[0m[2026-03-16 10:14:11.861]   received shard header from network in block tracker [0;36mshard[0m = 0 [0;36mepoch[0m = 0 [0;36mround[0m = 987 [0;36mnonce[0m = 979 [0;36mhash[0m = c8be4a712877a94d908ec8c569c911b8da33797b68b6373c302957dfc40d6959 
[0;36mDEBUG[0m[2026-03-16 10:14:11.861]   received shard header from network in block tracker [0;36mshard[0m = 0 [0;36mepoch[0m = 0 [0;36mround[0m = 988 [0;36mnonce[0m = 980 [0;36mhash[0m = e52ce777f08e26c12fad7c423d1a6a05bbc37c6546d28dbd0928d1f30b2c7c8d 
[0;36mDEBUG[0m[2026-03-16 10:14:11.861]   received shard header from network in block tracker [0;36mshard[0m = 0 [0;36mepoch[0m = 0 [0;36mround[0m = 989 [0;36mnonce[0m = 981 [0;36mhash[0m = 3bbfbbd288be02784fef773cbf647c6f5578dad0d72c2987591c93d0299a7b88 
[0;36mDEBUG[0m[2026-03-16 10:14:11.861]   received shard header from network in block tracker [0;36mshard[0m = 0 [0;36mepoch[0m = 0 [0;36mround[0m = 990 [0;36mnonce[0m = 982 [0;36mhash[0m = 85d78de4f3cc27f543f5267833ae4998c46cfb3f80b2bde3c9733646e0eaa6bb 
[0;36mDEBUG[0m[2026-03-16 10:14:11.861]   received shard header from network in block tracker [0;36mshard[0m = 0 [0;36mepoch[0m = 0 [0;36mround[0m = 991 [0;36mnonce[0m = 983 [0;36mhash[0m = 9430205393d0d16e71f944681230afb1b82bdb5e31ec2faa2465abf510ad53ec 
[0;36mDEBUG[0m[2026-03-16 10:14:11.861]   received shard header from network in block tracker [0;36mshard[0m = 0 [0;36mepoch[0m = 0 [0;36mround[0m = 992 [0;36mnonce[0m = 984 [0;36mhash[0m = 9e01a960c8b357afdeeb3f069a8b380a4cfed777cd5dc4fe388c6bd9440de0c3 
[0;36mDEBUG[0m[2026-03-16 10:14:11.861]   received shard header from network in block tracker [0;36mshard[0m = 0 [0;36mepoch[0m = 0 [0;36mround[0m = 993 [0;36mnonce[0m = 985 [0;36mhash[0m = e1eaaab52b92d730a96b43987fff9e9b1c606e351f4c66b971ecd301fcfc77e8 
[0;36mDEBUG[0m[2026-03-16 10:14:11.861]   received shard header from network in block tracker [0;36mshard[0m = 0 [0;36mepoch[0m = 0 [0;36mround[0m = 994 [0;36mnonce[0m = 986 [0;36mhash[0m = 0128d3809d09c0b0a502ec9f0911823c89a80c41d9fda44894c8ca6b732da129 
[0;36mDEBUG[0m[2026-03-16 10:14:11.861]   received shard header from network in block tracker [0;36mshard[0m = 0 [0;36mepoch[0m = 0 [0;36mround[0m = 995 [0;36mnonce[0m = 987 [0;36mhash[0m = 9773c950ed0ca67cfe4ad5486b21a10c316ccb052009d81f4ecda4073257aaf8 
[0;36mDEBUG[0m[2026-03-16 10:14:11.861]   received shard header from network in block tracker [0;36mshard[0m = 0 [0;36mepoch[0m = 0 [0;36mround[0m = 996 [0;36mnonce[0m = 988 [0;36mhash[0m = 0a89feda94408496ffb9b548106a69e036b7379426feb0ff9d73cd1095122494 
[0;36mDEBUG[0m[2026-03-16 10:14:11.861]   received shard header from network in block tracker [0;36mshard[0m = 0 [0;36mepoch[0m = 0 [0;36mround[0m = 997 [0;36mnonce[0m = 989 [0;36mhash[0m = 76a1eda1a508bcbce9dfeee7c9c670daa87993fb11925fd1790acb7cd4804e30 
[0;36mDEBUG[0m[2026-03-16 10:14:11.861]   received shard header from network in block tracker [0;36mshard[0m = 0 [0;36mepoch[0m = 0 [0;36mround[0m = 998 [0;36mnonce[0m = 990 [0;36mhash[0m = b94d274689c4045a437766b58654e1e747da5d4647799c7b941e5875de926f76 
[0;36mDEBUG[0m[2026-03-16 10:14:11.861]   received shard header from network in block tracker [0;36mshard[0m = 0 [0;36mepoch[0m = 0 [0;36mround[0m = 999 [0;36mnonce[0m = 991 [0;36mhash[0m = 5c649c4378811667b303933decefef316f12c7de58c3ce6dbdf2748dd0b82e2d 
[0;36mDEBUG[0m[2026-03-16 10:14:11.861]   received shard header from network in block tracker [0;36mshard[0m = 0 [0;36mepoch[0m = 0 [0;36mround[0m = 1000 [0;36mnonce[0m = 992 [0;36mhash[0m = 203ac2d90131a139edda7cb9c0d5a837cf349452bd657bdd61ebc7a0aac6e30d 
[0;36mDEBUG[0m[2026-03-16 10:14:11.861]   received shard header from network in block tracker [0;36mshard[0m = 0 [0;36mepoch[0m = 0 [0;36mround[0m = 1001 [0;36mnonce[0m = 993 [0;36mhash[0m = ebd0a8a61587c180c89b58853b1fc83b17dde84ed57b07bf5f106a744f2b4cff 
[0;36mDEBUG[0m[2026-03-16 10:14:11.861]   received shard header from network in block tracker [0;36mshard[0m = 0 [0;36mepoch[0m = 0 [0;36mround[0m = 1002 [0;36mnonce[0m = 994 [0;36mhash[0m = 4f80ec25402b45b198e96f6459b124de052dbb8999c55c6e1ac61f150bdd1a2a 
[0;36mDEBUG[0m[2026-03-16 10:14:11.861]   received shard header from network in block tracker [0;36mshard[0m = 0 [0;36mepoch[0m = 0 [0;36mround[0m = 1003 [0;36mnonce[0m = 995 [0;36mhash[0m = b40eaf21c045c2f9e65074832f1a39e677faf2dfac58469da3ad6be3120e8abd 
[0;36mDEBUG[0m[2026-03-16 10:14:11.861]   received shard header from network in block tracker [0;36mshard[0m = 0 [0;36mepoch[0m = 0 [0;36mround[0m = 1004 [0;36mnonce[0m = 996 [0;36mhash[0m = 8f9092f0b4ff3fcc5f87c9e3e5b6728cf85202945af9db51a484a1f4351919f2 
[0;36mDEBUG[0m[2026-03-16 10:14:11.861]   received shard header from network in block tracker [0;36mshard[0m = 0 [0;36mepoch[0m = 0 [0;36mround[0m = 1005 [0;36mnonce[0m = 997 [0;36mhash[0m = 695695033fe0480a5645c4b93503859ea814506336b9cfdbcd5a28aa27d64020 
[0;36mDEBUG[0m[2026-03-16 10:14:11.861]   received shard header from network in block tracker [0;36mshard[0m = 0 [0;36mepoch[0m = 0 [0;36mround[0m = 1006 [0;36mnonce[0m = 998 [0;36mhash[0m = ea249abe9718deac77c836a5b806b102a1c2e10a9b561859137e299bc5751375 
[0;36mDEBUG[0m[2026-03-16 10:14:11.861]   received shard header from network in block tracker [0;36mshard[0m = 0 [0;36mepoch[0m = 0 [0;36mround[0m = 1007 [0;36mnonce[0m = 999 [0;36mhash[0m = 13c4d64e3665a4bd580d07f2376a940822bfff0f007ba796a89653ad8ecba1fe 
[0;36mDEBUG[0m[2026-03-16 10:14:11.861]   received shard header from network in block tracker [0;36mshard[0m = 0 [0;36mepoch[0m = 0 [0;36mround[0m = 19 [0;36mnonce[0m = 10 [0;36mhash[0m = 8d62bd4f4f13d2ea7f98efd52422cc52379d38b1f1185c62d8ee347238e5f044 
[0;36mDEBUG[0m[2026-03-16 10:14:11.861]   received shard header from network in block tracker [0;36mshard[0m = 0 [0;36mepoch[0m = 0 [0;36mround[0m = 20 [0;36mnonce[0m = 11 [0;36mhash[0m = 95c7b319249197a44fce2435788ac8e427c491c0bdf9585d1d049ed1754fc654 
[0;36mDEBUG[0m[2026-03-16 10:14:11.861]   received shard header from network in block tracker [0;36mshard[0m = 0 [0;36mepoch[0m = 0 [0;36mround[0m = 21 [0;36mnonce[0m = 12 [0;36mhash[0m = 160aaf9c49092efc4eab2d53bfb781c7cbd313a5335660e47ab0d2c8738cc90b 
[0;36mDEBUG[0m[2026-03-16 10:14:11.861]   received shard header from network in block tracker [0;36mshard[0m = 0 [0;36mepoch[0m = 0 [0;36mround[0m = 22 [0;36mnonce[0m = 13 [0;36mhash[0m = c35a614a65d3b7ef73e7be3552f33ea0b556cf657abd492c9915800891f8ca72 
[0;36mDEBUG[0m[2026-03-16 10:14:11.861]   received shard header from network in block tracker [0;36mshard[0m = 0 [0;36mepoch[0m = 0 [0;36mround[0m = 23 [0;36mnonce[0m = 14 [0;36mhash[0m = 83b4f334618af3a502581a2292b1188ae94f98aec33ebf13dbe5fec2888eefb0 
[0;36mDEBUG[0m[2026-03-16 10:14:11.861]   received shard header from network in block tracker [0;36mshard[0m = 0 [0;36mepoch[0m = 0 [0;36mround[0m = 24 [0;36mnonce[0m = 15 [0;36mhash[0m = 4b9eda0eb56a7a13288a64957b1e12a941155a50f5fdd64100b15118b7892be9 
[0;36mDEBUG[0m[2026-03-16 10:14:11.861]   received shard header from network in block tracker [0;36mshard[0m = 0 [0;36mepoch[0m = 0 [0;36mround[0m = 25 [0;36mnonce[0m = 16 [0;36mhash[0m = 2c933b7232d73ece55eb17c922aa8656ac36689fc6887bbf539ab6d0eda4bf61 
[0;36mDEBUG[0m[2026-03-16 10:14:11.861]   received shard header from network in block tracker [0;36mshard[0m = 0 [0;36mepoch[0m = 0 [0;36mround[0m = 26 [0;36mnonce[0m = 17 [0;36mhash[0m = a798286ebb5b1451fb8d20b299b6632dbbfaf28888caa9bec42db159d1dadabf 
[0;36mDEBUG[0m[2026-03-16 10:14:11.861]   received shard header from network in block tracker [0;36mshard[0m = 0 [0;36mepoch[0m = 0 [0;36mround[0m = 27 [0;36mnonce[0m = 18 [0;36mhash[0m = 41382bae5cf1639d823a021931d7605251e548ab258fbe2339365eacea1ed307 
[0;36mDEBUG[0m[2026-03-16 10:14:11.861]   received shard header from network in block tracker [0;36mshard[0m = 0 [0;36mepoch[0m = 0 [0;36mround[0m = 28 [0;36mnonce[0m = 19 [0;36mhash[0m = 24edee0e924e87c461e7f8d9b5a0bcb36dd554bc4ad946ee62082ba28d353fbd 
[0;36mDEBUG[0m[2026-03-16 10:14:11.861]   received shard header from network in block tracker [0;36mshard[0m = 0 [0;36mepoch[0m = 0 [0;36mround[0m = 29 [0;36mnonce[0m = 20 [0;36mhash[0m = 9f9d57cdf1d022c0770fe87dbdcddf3dae05d735a3ec9ce1733dd4638f6f1e91 
[0;36mDEBUG[0m[2026-03-16 10:14:11.861]   received shard header from network in block tracker [0;36mshard[0m = 0 [0;36mepoch[0m = 0 [0;36mround[0m = 30 [0;36mnonce[0m = 21 [0;36mhash[0m = 8e925d7a39e2db6d1c78c23eabc2c5fe1e47042bd9569085bd7155f0aef0d7e0 
[0;36mDEBUG[0m[2026-03-16 10:14:11.861]   received shard header from network in block tracker [0;36mshard[0m = 0 [0;36mepoch[0m = 0 [0;36mround[0m = 31 [0;36mnonce[0m = 22 [0;36mhash[0m = d6524c8357718f411b2cff30cf9dc00179502ccefa7de0c731c682aaf239843e 
[0;36mDEBUG[0m[2026-03-16 10:14:11.861]   received shard header from network in block tracker [0;36mshard[0m = 0 [0;36mepoch[0m = 0 [0;36mround[0m = 32 [0;36mnonce[0m = 23 [0;36mhash[0m = 7dde33c62f1d2cdac6821671c9cb4527d0511e2d45cba55bdce9460a1fc71e20 
[0;36mDEBUG[0m[2026-03-16 10:14:11.861]   received shard header from network in block tracker [0;36mshard[0m = 0 [0;36mepoch[0m = 0 [0;36mround[0m = 33 [0;36mnonce[0m = 24 [0;36mhash[0m = c30db9af21bfe6a17132aed528b9d273214d9b38eb08b36e3636e5af02e3f563 
[0;36mDEBUG[0m[2026-03-16 10:14:11.861]   received shard header from network in block tracker [0;36mshard[0m = 0 [0;36mepoch[0m = 0 [0;36mround[0m = 34 [0;36mnonce[0m = 25 [0;36mhash[0m = 8f6a1d541aae1d100ef86b0939c976eeb7f47bda2f38cda172b9d7ad9523d502 
[0;36mDEBUG[0m[2026-03-16 10:14:11.861]   received shard header from network in block tracker [0;36mshard[0m = 0 [0;36mepoch[0m = 0 [0;36mround[0m = 35 [0;36mnonce[0m = 26 [0;36mhash[0m = 678737efc7c1dfdb7af6de8fd36aae7e0a4f88827236bc0e6b7e2d3fedbdf25e 
[0;36mDEBUG[0m[2026-03-16 10:14:11.861]   received shard header from network in block tracker [0;36mshard[0m = 0 [0;36mepoch[0m = 0 [0;36mround[0m = 36 [0;36mnonce[0m = 27 [0;36mhash[0m = bd89d370b3b5fc9222d6e5c6b46663a178ef8e5bcbfad77d3a1df7f3fcf4996d 
[0;36mDEBUG[0m[2026-03-16 10:14:11.861]   received shard header from network in block tracker [0;36mshard[0m = 0 [0;36mepoch[0m = 0 [0;36mround[0m = 37 [0;36mnonce[0m = 28 [0;36mhash[0m = 46d56e9af3b06160da34acd63780edbbea37a85fea6172c836b175d380b35164 
[0;36mDEBUG[0m[2026-03-16 10:14:11.861]   received shard header from network in block tracker [0;36mshard[0m = 0 [0;36mepoch[0m = 0 [0;36mround[0m = 38 [0;36mnonce[0m = 29 [0;36mhash[0m = a333e7d2652c4933a6e96a86a3c84a3eacc5e5d021fed6ebc4ce54343bc6508f 
[0;36mDEBUG[0m[2026-03-16 10:14:11.861]   received shard header from network in block tracker [0;36mshard[0m = 0 [0;36mepoch[0m = 0 [0;36mround[0m = 39 [0;36mnonce[0m = 30 [0;36mhash[0m = e0e0f44ea555d8fc6b147e09a8fcdd4843c17f3541c36ca01145a4305978f6cd 
[0;36mDEBUG[0m[2026-03-16 10:14:11.861]   received shard header from network in block tracker [0;36mshard[0m = 0 [0;36mepoch[0m = 0 [0;36mround[0m = 40 [0;36mnonce[0m = 31 [0;36mhash[0m = 7c816a2bd155292b9042ff8ffe6f062f03ecac28b0ba4a37d25c34db5206f265 
[0;36mDEBUG[0m[2026-03-16 10:14:11.861]   received shard header from network in block tracker [0;36mshard[0m = 0 [0;36mepoch[0m = 0 [0;36mround[0m = 41 [0;36mnonce[0m = 32 [0;36mhash[0m = 2a160e681e04e000b7211357e1216e58cabe9ba3c75892749fa6d449ddc2bb92 
[0;36mDEBUG[0m[2026-03-16 10:14:11.861]   received shard header from network in block tracker [0;36mshard[0m = 0 [0;36mepoch[0m = 0 [0;36mround[0m = 42 [0;36mnonce[0m = 33 [0;36mhash[0m = d915386943c392adf33db323fd3902e5b4cc5984f7fd7dd32501d01e0e99eb48 
[0;36mDEBUG[0m[2026-03-16 10:14:11.861]   received shard header from network in block tracker [0;36mshard[0m = 0 [0;36mepoch[0m = 0 [0;36mround[0m = 43 [0;36mnonce[0m = 34 [0;36mhash[0m = 5c69420bed48d7691ca92e9ef4dc93477412591df0e99f32b6b9df4c08e92a62 
[0;36mDEBUG[0m[2026-03-16 10:14:11.861]   received shard header from network in block tracker [0;36mshard[0m = 0 [0;36mepoch[0m = 0 [0;36mround[0m = 44 [0;36mnonce[0m = 35 [0;36mhash[0m = 6684b63b8f9416997cd898c5ea2cf81f4615313c1db385c18d2445785a4e93f5 
[0;36mDEBUG[0m[2026-03-16 10:14:11.861]   received shard header from network in block tracker [0;36mshard[0m = 0 [0;36mepoch[0m = 0 [0;36mround[0m = 45 [0;36mnonce[0m = 36 [0;36mhash[0m = 573974018c7c77b21d4b0a8bb985548020ef8dbd647becc2f2aa0811fa436b70 
[0;36mDEBUG[0m[2026-03-16 10:14:11.861]   received shard header from network in block tracker [0;36mshard[0m = 0 [0;36mepoch[0m = 0 [0;36mround[0m = 46 [0;36mnonce[0m = 37 [0;36mhash[0m = e151db0602603db8dd9410b903cac97edaa49d08f9fa94f88392617911711f89 
[0;36mDEBUG[0m[2026-03-16 10:14:11.861]   received shard header from network in block tracker [0;36mshard[0m = 0 [0;36mepoch[0m = 0 [0;36mround[0m = 47 [0;36mnonce[0m = 38 [0;36mhash[0m = 5117dad3910ee89f173360b7d07ca511b5786fe7f245089d19098406b35dfbd3 
[0;36mDEBUG[0m[2026-03-16 10:14:11.861]   received shard header from network in block tracker [0;36mshard[0m = 0 [0;36mepoch[0m = 0 [0;36mround[0m = 48 [0;36mnonce[0m = 39 [0;36mhash[0m = 73ab5d042e3dea8743810d1a71ad2022e56c6319ee7db7b482cae4263008d912 
[0;36mDEBUG[0m[2026-03-16 10:14:11.861]   received shard header from network in block tracker [0;36mshard[0m = 0 [0;36mepoch[0m = 0 [0;36mround[0m = 49 [0;36mnonce[0m = 40 [0;36mhash[0m = 7e424996cdc47d6e507dfb5d6b8153bae44116f426b1baa28da667bc38fa5ed0 
[0;36mDEBUG[0m[2026-03-16 10:14:11.861]   received shard header from network in block tracker [0;36mshard[0m = 0 [0;36mepoch[0m = 0 [0;36mround[0m = 50 [0;36mnonce[0m = 41 [0;36mhash[0m = 7497efd8888c48db1a14087e85e82939c5910b904a98b40465efca614de43129 
[0;36mDEBUG[0m[2026-03-16 10:14:11.861]   received shard header from network in block tracker [0;36mshard[0m = 0 [0;36mepoch[0m = 0 [0;36mround[0m = 51 [0;36mnonce[0m = 42 [0;36mhash[0m = a56089a2eb150316ba1fedff56ff6be8aba46973a6d33f4968dccba2b32e0255 
[0;36mDEBUG[0m[2026-03-16 10:14:11.861]   received shard header from network in block tracker [0;36mshard[0m = 0 [0;36mepoch[0m = 0 [0;36mround[0m = 52 [0;36mnonce[0m = 43 [0;36mhash[0m = 36c8fc5ee995e09e03f2d63a2faa93b4f5d44f6e23a97d7f24722ffd06f61454 
[0;36mDEBUG[0m[2026-03-16 10:14:11.861]   received shard header from network in block tracker [0;36mshard[0m = 0 [0;36mepoch[0m = 0 [0;36mround[0m = 53 [0;36mnonce[0m = 44 [0;36mhash[0m = cfb114f63435ebd8038752448dfdfe273ffc634ca1aa4a856026cb11929eb57d 
[0;36mDEBUG[0m[2026-03-16 10:14:11.861]   received shard header from network in block tracker [0;36mshard[0m = 0 [0;36mepoch[0m = 0 [0;36mround[0m = 54 [0;36mnonce[0m = 45 [0;36mhash[0m = d5fb2bc39ee666cf98ff606e0d07b2a4a7b07ec2ffe254d9f1402da05664e71c 
[0;36mDEBUG[0m[2026-03-16 10:14:11.861]   received shard header from network in block tracker [0;36mshard[0m = 0 [0;36mepoch[0m = 0 [0;36mround[0m = 55 [0;36mnonce[0m = 46 [0;36mhash[0m = b923a66c7c29a08cda3a2f2b609f0728c34ca0481bfcd66d3af93fc746c8ef68 
[0;36mDEBUG[0m[2026-03-16 10:14:11.861]   received shard header from network in block tracker [0;36mshard[0m = 0 [0;36mepoch[0m = 0 [0;36mround[0m = 56 [0;36mnonce[0m = 47 [0;36mhash[0m = 354e01968c17c21b599239fb9b2e37dfb41da3497a791c32109f1bf1d949b067 
[0;36mDEBUG[0m[2026-03-16 10:14:11.862]   received shard header from network in block tracker [0;36mshard[0m = 0 [0;36mepoch[0m = 0 [0;36mround[0m = 57 [0;36mnonce[0m = 48 [0;36mhash[0m = 72a20b543ba8a142bd61ce5e1fd02a42947a6cda23b96954dd3e6154df7aa00e 
[0;36mDEBUG[0m[2026-03-16 10:14:11.862]   received shard header from network in block tracker [0;36mshard[0m = 0 [0;36mepoch[0m = 0 [0;36mround[0m = 58 [0;36mnonce[0m = 49 [0;36mhash[0m = 923488c4259ba9bc3ba383951fee17b06591e6e0cd5a7f067dd38a4b7008e47a 
[0;36mDEBUG[0m[2026-03-16 10:14:11.862]   received shard header from network in block tracker [0;36mshard[0m = 0 [0;36mepoch[0m = 0 [0;36mround[0m = 59 [0;36mnonce[0m = 50 [0;36mhash[0m = 84b605095a9490c863c33766100a5b9cf0423d2a518527507335a94643a2f99a 
[0;36mDEBUG[0m[2026-03-16 10:14:11.862]   received shard header from network in block tracker [0;36mshard[0m = 0 [0;36mepoch[0m = 0 [0;36mround[0m = 60 [0;36mnonce[0m = 51 [0;36mhash[0m = 75dd6a4e8e7938d7bc46f83e58dfe82a3b719a8c7b1a461f9a4c8a45709ccb38 
[0;36mDEBUG[0m[2026-03-16 10:14:11.862]   received shard header from network in block tracker [0;36mshard[0m = 0 [0;36mepoch[0m = 0 [0;36mround[0m = 61 [0;36mnonce[0m = 52 [0;36mhash[0m = b4408c3f6f2c9bad2a14f2307ceef676a7f2473c5c81fe576b20ee6d04f5d7ac 
[0;36mDEBUG[0m[2026-03-16 10:14:11.862]   received shard header from network in block tracker [0;36mshard[0m = 0 [0;36mepoch[0m = 0 [0;36mround[0m = 62 [0;36mnonce[0m = 53 [0;36mhash[0m = d10a7fe7bd9e2ba8cccb000852cb52f312672cb60b83e85c78741f44d2965872 
[0;36mDEBUG[0m[2026-03-16 10:14:11.862]   received shard header from network in block tracker [0;36mshard[0m = 0 [0;36mepoch[0m = 0 [0;36mround[0m = 63 [0;36mnonce[0m = 54 [0;36mhash[0m = 43a1d973145dbca71e3181d9f87e38ccde7461c9810a29de18f0186778675593 
[0;36mDEBUG[0m[2026-03-16 10:14:11.862]   received shard header from network in block tracker [0;36mshard[0m = 0 [0;36mepoch[0m = 0 [0;36mround[0m = 64 [0;36mnonce[0m = 55 [0;36mhash[0m = 9ce3c5baf859841ee125b5108fd51797856a432bc2e791bfc3179daf97861fc4 
[0;36mDEBUG[0m[2026-03-16 10:14:11.862]   received shard header from network in block tracker [0;36mshard[0m = 0 [0;36mepoch[0m = 0 [0;36mround[0m = 65 [0;36mnonce[0m = 56 [0;36mhash[0m = 1ad6462d70a00f752da370f4ce32bdc968cbc4b119c45c42b483c17e9fc532c3 
[0;36mDEBUG[0m[2026-03-16 10:14:11.862]   received shard header from network in block tracker [0;36mshard[0m = 0 [0;36mepoch[0m = 0 [0;36mround[0m = 66 [0;36mnonce[0m = 57 [0;36mhash[0m = b799bb69df4490fc46a4eb37705c562d0d051e2fd93bd8eb29f147c4c32524ad 
[0;36mDEBUG[0m[2026-03-16 10:14:11.862]   received shard header from network in block tracker [0;36mshard[0m = 0 [0;36mepoch[0m = 0 [0;36mround[0m = 67 [0;36mnonce[0m = 58 [0;36mhash[0m = 8aeafde71f42ba587533dd426a7272d3fa782b99a4a343dd0b9f8d2dae73ab14 
[0;36mDEBUG[0m[2026-03-16 10:14:11.862]   received shard header from network in block tracker [0;36mshard[0m = 0 [0;36mepoch[0m = 0 [0;36mround[0m = 68 [0;36mnonce[0m = 59 [0;36mhash[0m = ecc465245e2eb10f0e5caefb27fe8bb0c2922bdb202a57da5a0dcd9a5b489a60 
[0;36mDEBUG[0m[2026-03-16 10:14:11.862]   received shard header from network in block tracker [0;36mshard[0m = 0 [0;36mepoch[0m = 0 [0;36mround[0m = 69 [0;36mnonce[0m = 60 [0;36mhash[0m = 5573ec2a07f3487c39c876d45954601a25cece51185e7a8a6b3cd3c5ded5c7b1 
[0;36mDEBUG[0m[2026-03-16 10:14:11.862]   received shard header from network in block tracker [0;36mshard[0m = 0 [0;36mepoch[0m = 0 [0;36mround[0m = 70 [0;36mnonce[0m = 61 [0;36mhash[0m = 3bf0ff3374c2f91f9723810f6f892bad3780d15973180d3f25e3fded7fd8c3cb 
[0;36mDEBUG[0m[2026-03-16 10:14:11.862]   received shard header from network in block tracker [0;36mshard[0m = 0 [0;36mepoch[0m = 0 [0;36mround[0m = 71 [0;36mnonce[0m = 62 [0;36mhash[0m = 424917d08970185aefbd26b075c8090269fab4f971364754ca979890b13ff3fd 
[0;36mDEBUG[0m[2026-03-16 10:14:11.862]   received shard header from network in block tracker [0;36mshard[0m = 0 [0;36mepoch[0m = 0 [0;36mround[0m = 72 [0;36mnonce[0m = 63 [0;36mhash[0m = d583c50de7823cb143258a1729b93862807e164166b42bb47e884ed4c3f7f375 
[0;36mDEBUG[0m[2026-03-16 10:14:11.862]   received shard header from network in block tracker [0;36mshard[0m = 0 [0;36mepoch[0m = 0 [0;36mround[0m = 73 [0;36mnonce[0m = 64 [0;36mhash[0m = 65aae3958de3cfb0dc32d15ac92fd96a60030814332c04d3bf8875cd9cc842ef 
[0;36mDEBUG[0m[2026-03-16 10:14:11.862]   received shard header from network in block tracker [0;36mshard[0m = 0 [0;36mepoch[0m = 0 [0;36mround[0m = 74 [0;36mnonce[0m = 65 [0;36mhash[0m = 334ab590e5837b5e6055de6a94e3036bdc79334cfb2dfd82cb7a86b503f733f9 
[0;36mDEBUG[0m[2026-03-16 10:14:11.862]   received shard header from network in block tracker [0;36mshard[0m = 0 [0;36mepoch[0m = 0 [0;36mround[0m = 75 [0;36mnonce[0m = 66 [0;36mhash[0m = 529b07b87513fbe9282aa60833a86d11c6f8454743f3b6336d8f99dfc5a4e730 
[0;36mDEBUG[0m[2026-03-16 10:14:11.862]   received shard header from network in block tracker [0;36mshard[0m = 0 [0;36mepoch[0m = 0 [0;36mround[0m = 76 [0;36mnonce[0m = 67 [0;36mhash[0m = b3a839b0340b2bb4d71985ebef01d9321d7a268c264add81e29a730e13deed1a 
[0;36mDEBUG[0m[2026-03-16 10:14:11.862]   received shard header from network in block tracker [0;36mshard[0m = 0 [0;36mepoch[0m = 0 [0;36mround[0m = 77 [0;36mnonce[0m = 68 [0;36mhash[0m = bc1dfea1ada3264f3016b52a1c5dc1debdcc4c3227c18a95533a5236120a4bb0 
[0;36mDEBUG[0m[2026-03-16 10:14:11.862]   received shard header from network in block tracker [0;36mshard[0m = 0 [0;36mepoch[0m = 0 [0;36mround[0m = 78 [0;36mnonce[0m = 69 [0;36mhash[0m = dc4afc131ec71bd472f4c42ea18d1099d40413895cab21d2202ac45e1b355afe 
[0;36mDEBUG[0m[2026-03-16 10:14:11.862]   received shard header from network in block tracker [0;36mshard[0m = 0 [0;36mepoch[0m = 0 [0;36mround[0m = 79 [0;36mnonce[0m = 70 [0;36mhash[0m = 817f3053f47f05a0058a77425b9ee523b46efc4761579bc21e491eab2e663f1e 
[0;36mDEBUG[0m[2026-03-16 10:14:11.862]   received shard header from network in block tracker [0;36mshard[0m = 0 [0;36mepoch[0m = 0 [0;36mround[0m = 80 [0;36mnonce[0m = 71 [0;36mhash[0m = f2ca72e146ff2060cbec2c9f7b93f9e82577a415b93327c0cbded32dfadf4626 
[0;36mDEBUG[0m[2026-03-16 10:14:11.862]   received shard header from network in block tracker [0;36mshard[0m = 0 [0;36mepoch[0m = 0 [0;36mround[0m = 81 [0;36mnonce[0m = 72 [0;36mhash[0m = 808b9ed3bf1ac42961cde23b6b62e9075d68897aef5c5e5887a98b6e8060d557 
[0;36mDEBUG[0m[2026-03-16 10:14:11.862]   received shard header from network in block tracker [0;36mshard[0m = 0 [0;36mepoch[0m = 0 [0;36mround[0m = 82 [0;36mnonce[0m = 73 [0;36mhash[0m = 001d807ced25c24c69f016c0432190f21b267fb9e1b9d6b2c303b7cd3ca5c4b0 
[0;36mDEBUG[0m[2026-03-16 10:14:11.862]   received shard header from network in block tracker [0;36mshard[0m = 0 [0;36mepoch[0m = 0 [0;36mround[0m = 83 [0;36mnonce[0m = 74 [0;36mhash[0m = 3bc5d598bbfa08a7fb539d9c308301d2ecfd3f5ddde96728abc7d7e6ff413686 
[0;36mDEBUG[0m[2026-03-16 10:14:11.862]   received shard header from network in block tracker [0;36mshard[0m = 0 [0;36mepoch[0m = 0 [0;36mround[0m = 84 [0;36mnonce[0m = 75 [0;36mhash[0m = 7a6be5aab00c94be8a35745284e1fdec2078492bdcb60c4a86504aef2cc69e9b 
[0;36mDEBUG[0m[2026-03-16 10:14:11.862]   received shard header from network in block tracker [0;36mshard[0m = 0 [0;36mepoch[0m = 0 [0;36mround[0m = 85 [0;36mnonce[0m = 76 [0;36mhash[0m = 5439eee56617d88bdb8a97d44c124e82487c6dca79f8e1c099a3c6c5320c98c8 
[0;36mDEBUG[0m[2026-03-16 10:14:11.862]   received shard header from network in block tracker [0;36mshard[0m = 0 [0;36mepoch[0m = 0 [0;36mround[0m = 86 [0;36mnonce[0m = 77 [0;36mhash[0m = 62f4cfbf507fd9b9646da7f9e8023abe2467fd857ed8f14889a091f321985834 
[0;36mDEBUG[0m[2026-03-16 10:14:11.862]   received shard header from network in block tracker [0;36mshard[0m = 0 [0;36mepoch[0m = 0 [0;36mround[0m = 87 [0;36mnonce[0m = 78 [0;36mhash[0m = 4a7ef981e206ad610562f445e7f29ba6ea31cd4eaa00b8d0f5a0e9337dad183f 
[0;36mDEBUG[0m[2026-03-16 10:14:11.862]   received shard header from network in block tracker [0;36mshard[0m = 0 [0;36mepoch[0m = 0 [0;36mround[0m = 88 [0;36mnonce[0m = 79 [0;36mhash[0m = 4534e6a5b6107a0b38173cddf6efb844453fd50c98f5e8ac010d964e81638cf3 
[0;36mDEBUG[0m[2026-03-16 10:14:11.862]   received shard header from network in block tracker [0;36mshard[0m = 0 [0;36mepoch[0m = 0 [0;36mround[0m = 89 [0;36mnonce[0m = 80 [0;36mhash[0m = 4fd26a0088b26b4f6a48cd921f83fc958db2994412e8d4a9fc959f649cf6ba52 
[0;36mDEBUG[0m[2026-03-16 10:14:11.862]   received shard header from network in block tracker [0;36mshard[0m = 0 [0;36mepoch[0m = 0 [0;36mround[0m = 90 [0;36mnonce[0m = 81 [0;36mhash[0m = 49249a66c53dff57c4969667d76668d480a18241c67fa58f14bd81d191394282 
[0;36mDEBUG[0m[2026-03-16 10:14:11.862]   received shard header from network in block tracker [0;36mshard[0m = 0 [0;36mepoch[0m = 0 [0;36mround[0m = 91 [0;36mnonce[0m = 82 [0;36mhash[0m = 3754a1c27973c3c82f290d1b2378dd4200444c8a5ac82813a235fb62ae57351e 
[0;36mDEBUG[0m[2026-03-16 10:14:11.862]   received shard header from network in block tracker [0;36mshard[0m = 0 [0;36mepoch[0m = 0 [0;36mround[0m = 92 [0;36mnonce[0m = 83 [0;36mhash[0m = e603ea8bed2488d4a462572c843f96a61a0fe62f7f7ff1d6c60b55bbdc0f64a2 
[0;36mDEBUG[0m[2026-03-16 10:14:11.862]   received shard header from network in block tracker [0;36mshard[0m = 0 [0;36mepoch[0m = 0 [0;36mround[0m = 93 [0;36mnonce[0m = 84 [0;36mhash[0m = 1641c67afd813155a3c7a2e73ac94b93301d5336df969928e50588416f384b65 
[0;36mDEBUG[0m[2026-03-16 10:14:11.862]   received shard header from network in block tracker [0;36mshard[0m = 0 [0;36mepoch[0m = 0 [0;36mround[0m = 94 [0;36mnonce[0m = 85 [0;36mhash[0m = 08420fbf44a84b3ceca8f6853c28821ea51da79c441d65f9a5fb40debf1a1a1e 
[0;36mDEBUG[0m[2026-03-16 10:14:11.862]   received shard header from network in block tracker [0;36mshard[0m = 0 [0;36mepoch[0m = 0 [0;36mround[0m = 95 [0;36mnonce[0m = 86 [0;36mhash[0m = ae70fd896436fd2f2ecd6c8648e2d86231d1ff7cf9dbca0bb7ac36eecb05289f 
[0;36mDEBUG[0m[2026-03-16 10:14:11.862]   received shard header from network in block tracker [0;36mshard[0m = 0 [0;36mepoch[0m = 0 [0;36mround[0m = 96 [0;36mnonce[0m = 87 [0;36mhash[0m = cf2a371afaaca52c4d5df80f9e6f4aa3ca35cc022722b475ab4baacdf1c83db9 
[0;36mDEBUG[0m[2026-03-16 10:14:11.862]   received shard header from network in block tracker [0;36mshard[0m = 0 [0;36mepoch[0m = 0 [0;36mround[0m = 97 [0;36mnonce[0m = 88 [0;36mhash[0m = 1c9fc24ed07008f5cf08d1db763ebe36d83ab9801155c9a01709af173fbd591a 
[0;36mDEBUG[0m[2026-03-16 10:14:11.862]   received shard header from network in block tracker [0;36mshard[0m = 0 [0;36mepoch[0m = 0 [0;36mround[0m = 98 [0;36mnonce[0m = 89 [0;36mhash[0m = 35aa55480bd1c87c665ca207fc1b5f11f354fc14d01acba4ec153d6d39a81b16 
[0;36mDEBUG[0m[2026-03-16 10:14:11.862]   received shard header from network in block tracker [0;36mshard[0m = 0 [0;36mepoch[0m = 0 [0;36mround[0m = 99 [0;36mnonce[0m = 90 [0;36mhash[0m = 6fcb6859f12482c26c01006d873e75b025c4156f8ee299feb902be018770dc38 
[0;36mDEBUG[0m[2026-03-16 10:14:11.862]   received shard header from network in block tracker [0;36mshard[0m = 0 [0;36mepoch[0m = 0 [0;36mround[0m = 100 [0;36mnonce[0m = 91 [0;36mhash[0m = d285064127e805d2b6a862f582ded43ca930b9347e8397c31f30b0586c96deea 
[0;36mDEBUG[0m[2026-03-16 10:14:11.862]   received shard header from network in block tracker [0;36mshard[0m = 0 [0;36mepoch[0m = 0 [0;36mround[0m = 101 [0;36mnonce[0m = 92 [0;36mhash[0m = 320bad37bf454b0357ed704a35edd22d0f899a01aa8a5a4372a21a1dd0607523 
[0;36mDEBUG[0m[2026-03-16 10:14:11.862]   received shard header from network in block tracker [0;36mshard[0m = 0 [0;36mepoch[0m = 0 [0;36mround[0m = 102 [0;36mnonce[0m = 93 [0;36mhash[0m = 7ccb51f97f12596f8c8a5098f97f8a9397bf96a3a40429c47c7f382f3a1c4ccf 
[0;36mDEBUG[0m[2026-03-16 10:14:11.862]   received shard header from network in block tracker [0;36mshard[0m = 0 [0;36mepoch[0m = 0 [0;36mround[0m = 103 [0;36mnonce[0m = 94 [0;36mhash[0m = dd15256262040e9f9986d07ca54480081adf375bf22e00596340135e461cb5c7 
[0;36mDEBUG[0m[2026-03-16 10:14:11.862]   received shard header from network in block tracker [0;36mshard[0m = 0 [0;36mepoch[0m = 0 [0;36mround[0m = 104 [0;36mnonce[0m = 95 [0;36mhash[0m = 2d2568f7a375ebf2d9f7f21527671b45ae31dbb111f40ef816cb706c88b13d8a 
[0;36mDEBUG[0m[2026-03-16 10:14:11.862]   received shard header from network in block tracker [0;36mshard[0m = 0 [0;36mepoch[0m = 0 [0;36mround[0m = 105 [0;36mnonce[0m = 96 [0;36mhash[0m = fbf8a321d9370d02267a141213824eec18d3e86868c5f49a3e1ac3a8d9210cb0 
[0;36mDEBUG[0m[2026-03-16 10:14:11.862]   received shard header from network in block tracker [0;36mshard[0m = 0 [0;36mepoch[0m = 0 [0;36mround[0m = 106 [0;36mnonce[0m = 97 [0;36mhash[0m = 1360e49501b65f6b7662b9dcb1483417459838d6b33ffd7c8da603a833db2ade 
[0;36mDEBUG[0m[2026-03-16 10:14:11.862]   received shard header from network in block tracker [0;36mshard[0m = 0 [0;36mepoch[0m = 0 [0;36mround[0m = 107 [0;36mnonce[0m = 98 [0;36mhash[0m = 637951c6bc0a6f218454422cb12ebb312077427219e7ebe84bb1323729a00b1a 
[0;36mDEBUG[0m[2026-03-16 10:14:11.862]   received shard header from network in block tracker [0;36mshard[0m = 0 [0;36mepoch[0m = 0 [0;36mround[0m = 108 [0;36mnonce[0m = 99 [0;36mhash[0m = 8c2446fa7c19d8d690180cae323824a1181e1782fd2ca31b2055bf391b09b849 
[0;36mDEBUG[0m[2026-03-16 10:14:11.862]   received shard header from network in block tracker [0;36mshard[0m = 0 [0;36mepoch[0m = 0 [0;36mround[0m = 109 [0;36mnonce[0m = 100 [0;36mhash[0m = b905d2e42f2237c12c4828fb6456a5471af8ca83047ffa384d574ada77cd3587 
[0;36mDEBUG[0m[2026-03-16 10:14:11.862]   received shard header from network in block tracker [0;36mshard[0m = 0 [0;36mepoch[0m = 0 [0;36mround[0m = 110 [0;36mnonce[0m = 101 [0;36mhash[0m = ef50fa256eb4fba928086e3aad23ed86b1bb2da7d8c3969d94696133e02019fd 
[0;36mDEBUG[0m[2026-03-16 10:14:11.862]   received shard header from network in block tracker [0;36mshard[0m = 0 [0;36mepoch[0m = 0 [0;36mround[0m = 111 [0;36mnonce[0m = 102 [0;36mhash[0m = 42a67198ea6392ee4fbf7eb4f1031bf5d4e3993073e5c7041a7f7e1d2d627e14 
[0;36mDEBUG[0m[2026-03-16 10:14:11.862]   received shard header from network in block tracker [0;36mshard[0m = 0 [0;36mepoch[0m = 0 [0;36mround[0m = 112 [0;36mnonce[0m = 103 [0;36mhash[0m = 605a64cb15e7ca76ac7137fac5177cb678cf092bd711de12e932488bcca844ae 
[0;36mDEBUG[0m[2026-03-16 10:14:11.862]   received shard header from network in block tracker [0;36mshard[0m = 0 [0;36mepoch[0m = 0 [0;36mround[0m = 113 [0;36mnonce[0m = 104 [0;36mhash[0m = 26cf7a7d1f67d8cde4626f31f9241d6f25724e4f4086d11a9eb8721a1e1aa56a 
[0;36mDEBUG[0m[2026-03-16 10:14:11.862]   received shard header from network in block tracker [0;36mshard[0m = 0 [0;36mepoch[0m = 0 [0;36mround[0m = 114 [0;36mnonce[0m = 105 [0;36mhash[0m = 09b789dc1d69b75100b0fe364505b567cf09ee6d262a20a7f7cfe26d71890988 
[0;36mDEBUG[0m[2026-03-16 10:14:11.862]   received shard header from network in block tracker [0;36mshard[0m = 0 [0;36mepoch[0m = 0 [0;36mround[0m = 115 [0;36mnonce[0m = 106 [0;36mhash[0m = c1e1fb28639f950a7cf7d38e5524094f9078c8cadf3ded5a519a1c3a897298df 
[0;36mDEBUG[0m[2026-03-16 10:14:11.862]   received shard header from network in block tracker [0;36mshard[0m = 0 [0;36mepoch[0m = 0 [0;36mround[0m = 116 [0;36mnonce[0m = 107 [0;36mhash[0m = a41d582a6e2ad3fe1e5a5c5c9d82b4d784b3417e32bf455ba2b2c31ddb27f670 
[0;36mDEBUG[0m[2026-03-16 10:14:11.862]   received shard header from network in block tracker [0;36mshard[0m = 0 [0;36mepoch[0m = 0 [0;36mround[0m = 117 [0;36mnonce[0m = 108 [0;36mhash[0m = 75e5e7195acc9fb9e59bddbe738858ed3c07d214b65e7b6f151381d402e7efbc 
[0;36mDEBUG[0m[2026-03-16 10:14:11.862]   received shard header from network in block tracker [0;36mshard[0m = 0 [0;36mepoch[0m = 0 [0;36mround[0m = 118 [0;36mnonce[0m = 109 [0;36mhash[0m = a1a1cfa3c0458d2b9b675fbfba19c81f0ffc39f489910d307feead1524bccc66 
[0;36mDEBUG[0m[2026-03-16 10:14:11.862]   received shard header from network in block tracker [0;36mshard[0m = 0 [0;36mepoch[0m = 0 [0;36mround[0m = 119 [0;36mnonce[0m = 110 [0;36mhash[0m = b77d2d1415761f1f40d670bdb6049c2e1d028f4f23d77be96fc3c076a3ee0e2b 
[0;36mDEBUG[0m[2026-03-16 10:14:11.862]   received shard header from network in block tracker [0;36mshard[0m = 0 [0;36mepoch[0m = 0 [0;36mround[0m = 120 [0;36mnonce[0m = 111 [0;36mhash[0m = 34cc733a271b85e965619a205772a668173a94185010263c79555fac549b22ab 
[0;36mDEBUG[0m[2026-03-16 10:14:11.862]   received shard header from network in block tracker [0;36mshard[0m = 0 [0;36mepoch[0m = 0 [0;36mround[0m = 121 [0;36mnonce[0m = 112 [0;36mhash[0m = 65c9434c5e94c23782c635ee76d9258a0ebbc96f92dc0f8b14f5d46f16d5fd0f 
[0;36mDEBUG[0m[2026-03-16 10:14:11.862]   received shard header from network in block tracker [0;36mshard[0m = 0 [0;36mepoch[0m = 0 [0;36mround[0m = 122 [0;36mnonce[0m = 113 [0;36mhash[0m = 816873de63825a4491ee38b8d0402980dd8530320b83d01fa2a125733e1c8615 
[0;36mDEBUG[0m[2026-03-16 10:14:11.862]   received shard header from network in block tracker [0;36mshard[0m = 0 [0;36mepoch[0m = 0 [0;36mround[0m = 123 [0;36mnonce[0m = 114 [0;36mhash[0m = 8e5cd99bdfd22cc30161b97028ae03296d1f9c1d3b7c6160f49076e2853f56cf 
[0;36mDEBUG[0m[2026-03-16 10:14:11.862]   received shard header from network in block tracker [0;36mshard[0m = 0 [0;36mepoch[0m = 0 [0;36mround[0m = 124 [0;36mnonce[0m = 115 [0;36mhash[0m = 63a9f7030767d01698049aeecfc573efad7104d95baea0cca4bd5f0b772bef3e 
[0;36mDEBUG[0m[2026-03-16 10:14:11.862]   received shard header from network in block tracker [0;36mshard[0m = 0 [0;36mepoch[0m = 0 [0;36mround[0m = 125 [0;36mnonce[0m = 116 [0;36mhash[0m = 42633b1636e7050fcaa26863b8498b6f8adb393fac34f33418426801464556b9 
[0;36mDEBUG[0m[2026-03-16 10:14:11.862]   received shard header from network in block tracker [0;36mshard[0m = 0 [0;36mepoch[0m = 0 [0;36mround[0m = 126 [0;36mnonce[0m = 117 [0;36mhash[0m = b09b50f4de7e1f1460cf18d068938db11b9012252c890ace19188783ded19a77 
[0;36mDEBUG[0m[2026-03-16 10:14:11.862]   received shard header from network in block tracker [0;36mshard[0m = 0 [0;36mepoch[0m = 0 [0;36mround[0m = 127 [0;36mnonce[0m = 118 [0;36mhash[0m = aedefe9fa815084e49f54c2966801cf26d59bd03d408135066f70408954d1e0c 
[0;36mDEBUG[0m[2026-03-16 10:14:11.862]   received shard header from network in block tracker [0;36mshard[0m = 0 [0;36mepoch[0m = 0 [0;36mround[0m = 128 [0;36mnonce[0m = 119 [0;36mhash[0m = 6cd25ff5f7799f2eb3b8f26812b23e918819de499398405ee78e7da546467de3 
[0;36mDEBUG[0m[2026-03-16 10:14:11.862]   received shard header from network in block tracker [0;36mshard[0m = 0 [0;36mepoch[0m = 0 [0;36mround[0m = 129 [0;36mnonce[0m = 120 [0;36mhash[0m = 97c7495bd5997cbfc4378a3c2afa63a32f2106fc5a1fa3ae98df0ce030ce3de2 
[0;36mDEBUG[0m[2026-03-16 10:14:11.862]   received shard header from network in block tracker [0;36mshard[0m = 0 [0;36mepoch[0m = 0 [0;36mround[0m = 130 [0;36mnonce[0m = 121 [0;36mhash[0m = f2ad3268fca1bd2cdd98b365a0f213c0fd7f7c04990f6d9eb083e69c5f70656e 
[0;36mDEBUG[0m[2026-03-16 10:14:11.862]   received shard header from network in block tracker [0;36mshard[0m = 0 [0;36mepoch[0m = 0 [0;36mround[0m = 131 [0;36mnonce[0m = 122 [0;36mhash[0m = cf0415eedde503bf7f6bdd9b484431db94207906e547eadec52e30331bbfc00e 
[0;36mDEBUG[0m[2026-03-16 10:14:11.862]   received shard header from network in block tracker [0;36mshard[0m = 0 [0;36mepoch[0m = 0 [0;36mround[0m = 132 [0;36mnonce[0m = 123 [0;36mhash[0m = e812ac1dc9f01eba64254f258c3941248e63a190f7f01eb53e2d8ff1de749875 
[0;36mDEBUG[0m[2026-03-16 10:14:11.862]   received shard header from network in block tracker [0;36mshard[0m = 0 [0;36mepoch[0m = 0 [0;36mround[0m = 133 [0;36mnonce[0m = 124 [0;36mhash[0m = b31674cbd82298ddcee735462c9b0cca953b9ba27ce2d477286a8a199dd702d9 
[0;36mDEBUG[0m[2026-03-16 10:14:11.862]   received shard header from network in block tracker [0;36mshard[0m = 0 [0;36mepoch[0m = 0 [0;36mround[0m = 134 [0;36mnonce[0m = 125 [0;36mhash[0m = 9cd0fb10c69f219595a975f9521681b2bad98d45ccd0db2c83ac7a5b3f88e08f 
[0;36mDEBUG[0m[2026-03-16 10:14:11.862]   received shard header from network in block tracker [0;36mshard[0m = 0 [0;36mepoch[0m = 0 [0;36mround[0m = 135 [0;36mnonce[0m = 126 [0;36mhash[0m = 2a2add82fb7bc6c2bc174380567a1ee2a043309fdcbdd8cff970ad4a6a629fa3 
[0;36mDEBUG[0m[2026-03-16 10:14:11.862]   received shard header from network in block tracker [0;36mshard[0m = 0 [0;36mepoch[0m = 0 [0;36mround[0m = 136 [0;36mnonce[0m = 127 [0;36mhash[0m = f4b1c75a914153d14fdbb6e159032ff41f3ab403d6262ff7bde5b2249387d19c 
[0;36mDEBUG[0m[2026-03-16 10:14:11.862]   received shard header from network in block tracker [0;36mshard[0m = 0 [0;36mepoch[0m = 0 [0;36mround[0m = 137 [0;36mnonce[0m = 128 [0;36mhash[0m = 8076421d29948d185b869cfd02acaed9dbbe6c1dc8aa8b7892a38ebc32d96698 
[0;36mDEBUG[0m[2026-03-16 10:14:11.862]   received shard header from network in block tracker [0;36mshard[0m = 0 [0;36mepoch[0m = 0 [0;36mround[0m = 138 [0;36mnonce[0m = 129 [0;36mhash[0m = a086d519bbdfb34a58a2f4a2c0ff4701991df44c8e20bcf8040282e5e6247037 
[0;36mDEBUG[0m[2026-03-16 10:14:11.862]   received shard header from network in block tracker [0;36mshard[0m = 0 [0;36mepoch[0m = 0 [0;36mround[0m = 139 [0;36mnonce[0m = 130 [0;36mhash[0m = 1893d6488414563e2d8b952befd000c38ad1b373b241ba9386dc449b6a16adb9 
[0;36mDEBUG[0m[2026-03-16 10:14:11.862]   received shard header from network in block tracker [0;36mshard[0m = 0 [0;36mepoch[0m = 0 [0;36mround[0m = 140 [0;36mnonce[0m = 131 [0;36mhash[0m = e48514a72f9fc40d930c38668277a591c57793dcef8f9318dffdf1db72af3e5a 
[0;36mDEBUG[0m[2026-03-16 10:14:11.862]   received shard header from network in block tracker [0;36mshard[0m = 0 [0;36mepoch[0m = 0 [0;36mround[0m = 141 [0;36mnonce[0m = 132 [0;36mhash[0m = 9365af82872b4395963191577219767a5094c13180c9123317ae0e4f11dde466 
[0;36mDEBUG[0m[2026-03-16 10:14:11.862]   received shard header from network in block tracker [0;36mshard[0m = 0 [0;36mepoch[0m = 0 [0;36mround[0m = 142 [0;36mnonce[0m = 133 [0;36mhash[0m = d83dfd74953e2c9657fa503723e046d6012085b612a8470517a393aed028c086 
[0;36mDEBUG[0m[2026-03-16 10:14:11.862]   received shard header from network in block tracker [0;36mshard[0m = 0 [0;36mepoch[0m = 0 [0;36mround[0m = 143 [0;36mnonce[0m = 134 [0;36mhash[0m = 87ba0a4fa3eef69c1b09127a7574518210c419f4915e789ac4b56040b6e93e9f 
[0;36mDEBUG[0m[2026-03-16 10:14:11.862]   received shard header from network in block tracker [0;36mshard[0m = 0 [0;36mepoch[0m = 0 [0;36mround[0m = 144 [0;36mnonce[0m = 135 [0;36mhash[0m = 45d714cbd7a51ac9688c52e616a0c00ba4705526b0daf0a49178ae0c4feff766 
[0;36mDEBUG[0m[2026-03-16 10:14:11.862]   received shard header from network in block tracker [0;36mshard[0m = 0 [0;36mepoch[0m = 0 [0;36mround[0m = 145 [0;36mnonce[0m = 136 [0;36mhash[0m = cb39faa28b6d48739f4d970e8ca87d9179b21b1c7777d2c2947e8893c49ba27e 
[0;36mDEBUG[0m[2026-03-16 10:14:11.862]   received shard header from network in block tracker [0;36mshard[0m = 0 [0;36mepoch[0m = 0 [0;36mround[0m = 146 [0;36mnonce[0m = 137 [0;36mhash[0m = dcb18acffc4373d8c098f0e300dce8b29e7aade70679df12e81560276d72c974 
[0;36mDEBUG[0m[2026-03-16 10:14:11.862]   received shard header from network in block tracker [0;36mshard[0m = 0 [0;36mepoch[0m = 0 [0;36mround[0m = 147 [0;36mnonce[0m = 138 [0;36mhash[0m = 6eed8d26364bd7d038d7ba399e4222fbf957511a11da17d154e09a2e2f115587 
[0;36mDEBUG[0m[2026-03-16 10:14:11.862]   received shard header from network in block tracker [0;36mshard[0m = 0 [0;36mepoch[0m = 0 [0;36mround[0m = 148 [0;36mnonce[0m = 139 [0;36mhash[0m = a5fe372b1994ea3ae7b1e7a9f7726182a19bd44cc17d56ec83dc8f95f3a347c8 
[0;36mDEBUG[0m[2026-03-16 10:14:11.862]   received shard header from network in block tracker [0;36mshard[0m = 0 [0;36mepoch[0m = 0 [0;36mround[0m = 149 [0;36mnonce[0m = 140 [0;36mhash[0m = e2a0970b4fc95f91f913a9187745e9a792fb9112863c81404e530ac95252b6ac 
[0;36mDEBUG[0m[2026-03-16 10:14:11.862]   received shard header from network in block tracker [0;36mshard[0m = 0 [0;36mepoch[0m = 0 [0;36mround[0m = 150 [0;36mnonce[0m = 141 [0;36mhash[0m = b11ae722f737d819b12e357b917db08b6cb097649a16af71a7f887d541f387ae 
[0;36mDEBUG[0m[2026-03-16 10:14:11.862]   received shard header from network in block tracker [0;36mshard[0m = 0 [0;36mepoch[0m = 0 [0;36mround[0m = 151 [0;36mnonce[0m = 142 [0;36mhash[0m = abaf7ba1e9f81c9cf1e5ed073d0801dbcb8c1fe1ec91c42c73b956cda2c46d5e 
[0;36mDEBUG[0m[2026-03-16 10:14:11.862]   received shard header from network in block tracker [0;36mshard[0m = 0 [0;36mepoch[0m = 0 [0;36mround[0m = 152 [0;36mnonce[0m = 143 [0;36mhash[0m = bf585edbebddceb02a17661ed09b744f2db10cf953ed904821409721de0c37e8 
[0;36mDEBUG[0m[2026-03-16 10:14:11.862]   received shard header from network in block tracker [0;36mshard[0m = 0 [0;36mepoch[0m = 0 [0;36mround[0m = 153 [0;36mnonce[0m = 144 [0;36mhash[0m = 0bb9f805c18ed66b57d44f5bc74ee14cbbc84391584e7d49b8515dfc1d4a4fb6 
[0;36mDEBUG[0m[2026-03-16 10:14:11.862]   received shard header from network in block tracker [0;36mshard[0m = 0 [0;36mepoch[0m = 0 [0;36mround[0m = 154 [0;36mnonce[0m = 145 [0;36mhash[0m = 2071d2ab798b9bcbb742f884dd0237d42484d12b3b10bdc420180f6d7d63c517 
[0;36mDEBUG[0m[2026-03-16 10:14:11.863]   received shard header from network in block tracker [0;36mshard[0m = 0 [0;36mepoch[0m = 0 [0;36mround[0m = 155 [0;36mnonce[0m = 146 [0;36mhash[0m = cf23cf8f3dcdecad5be88435fea50644e9f31f31fcb53df4d414fcdf1ab62c62 
[0;36mDEBUG[0m[2026-03-16 10:14:11.863]   received shard header from network in block tracker [0;36mshard[0m = 0 [0;36mepoch[0m = 0 [0;36mround[0m = 156 [0;36mnonce[0m = 147 [0;36mhash[0m = bc84313dc5af68fa97a827fc7facfb10e17520c242f417b61b8d6f7121ca8a24 
[0;36mDEBUG[0m[2026-03-16 10:14:11.863]   received shard header from network in block tracker [0;36mshard[0m = 0 [0;36mepoch[0m = 0 [0;36mround[0m = 157 [0;36mnonce[0m = 148 [0;36mhash[0m = 1ba3bce6636cf7fc3962511ef39d19273467c8057b2065c40715a0f9f77cba53 
[0;36mDEBUG[0m[2026-03-16 10:14:11.863]   received shard header from network in block tracker [0;36mshard[0m = 0 [0;36mepoch[0m = 0 [0;36mround[0m = 158 [0;36mnonce[0m = 149 [0;36mhash[0m = 774a84f940bcf5485435b328e78654a3fd430c9fd5304b890bc4a39c9ec05515 
[0;36mDEBUG[0m[2026-03-16 10:14:11.863]   received shard header from network in block tracker [0;36mshard[0m = 0 [0;36mepoch[0m = 0 [0;36mround[0m = 159 [0;36mnonce[0m = 150 [0;36mhash[0m = 42c93069d70fd0a99bb4b5efa51b416f39c044ce061b392d4f69e249daa237a0 
[0;36mDEBUG[0m[2026-03-16 10:14:11.863]   received shard header from network in block tracker [0;36mshard[0m = 0 [0;36mepoch[0m = 0 [0;36mround[0m = 160 [0;36mnonce[0m = 151 [0;36mhash[0m = b1baee59bbf17d7f20aa61086823446f4e77e1f97f7313d42cab6ad3c683dc4d 
[0;36mDEBUG[0m[2026-03-16 10:14:11.863]   received shard header from network in block tracker [0;36mshard[0m = 0 [0;36mepoch[0m = 0 [0;36mround[0m = 161 [0;36mnonce[0m = 152 [0;36mhash[0m = f80824115718d2fe3084d195dc00e213bd60822d614a58bda75ac76dba1999c0 
[0;36mDEBUG[0m[2026-03-16 10:14:11.863]   received shard header from network in block tracker [0;36mshard[0m = 0 [0;36mepoch[0m = 0 [0;36mround[0m = 162 [0;36mnonce[0m = 153 [0;36mhash[0m = e0b2c3b790b7c2b310d5981ca85af7def1ba2b009fcfc6e888e50ce56b8cb0c1 
[0;36mDEBUG[0m[2026-03-16 10:14:11.863]   received shard header from network in block tracker [0;36mshard[0m = 0 [0;36mepoch[0m = 0 [0;36mround[0m = 163 [0;36mnonce[0m = 154 [0;36mhash[0m = a42f4244a96d2983b4ea9f554a75fb493083c772f9822261e5cd7dafc608f8a3 
[0;36mDEBUG[0m[2026-03-16 10:14:11.863]   received shard header from network in block tracker [0;36mshard[0m = 0 [0;36mepoch[0m = 0 [0;36mround[0m = 164 [0;36mnonce[0m = 155 [0;36mhash[0m = 71b2ac776251df78823fee07ec4cc24d263cb4aa5b709b03514b0720dabad1d8 
[0;36mDEBUG[0m[2026-03-16 10:14:11.863]   received shard header from network in block tracker [0;36mshard[0m = 0 [0;36mepoch[0m = 0 [0;36mround[0m = 165 [0;36mnonce[0m = 156 [0;36mhash[0m = 1a66398e90d1e53268b9a7fb9b2881a82ae8f021c27fe447206ba0c7952a8050 
[0;36mDEBUG[0m[2026-03-16 10:14:11.863]   received shard header from network in block tracker [0;36mshard[0m = 0 [0;36mepoch[0m = 0 [0;36mround[0m = 166 [0;36mnonce[0m = 157 [0;36mhash[0m = 03fffe126036a09790c27f32d9e59805e83712a13f82b95f28118dd36f0b6f83 
[0;36mDEBUG[0m[2026-03-16 10:14:11.863]   received shard header from network in block tracker [0;36mshard[0m = 0 [0;36mepoch[0m = 0 [0;36mround[0m = 167 [0;36mnonce[0m = 158 [0;36mhash[0m = 2cbbf78ffb1695d41b6fc86356ecf3467542d41a99c95e660312f019106b43ad 
[0;36mDEBUG[0m[2026-03-16 10:14:11.863]   received shard header from network in block tracker [0;36mshard[0m = 0 [0;36mepoch[0m = 0 [0;36mround[0m = 168 [0;36mnonce[0m = 159 [0;36mhash[0m = ded02236969728ff21b84ff9340d3abc389eb8ce0bc4d85ef0af0645d31a7e98 
[0;36mDEBUG[0m[2026-03-16 10:14:11.863]   received shard header from network in block tracker [0;36mshard[0m = 0 [0;36mepoch[0m = 0 [0;36mround[0m = 169 [0;36mnonce[0m = 160 [0;36mhash[0m = b12c4ab2ebfd3040c22aab7edefa91dd3f1b181d0882abef009083ad90c23132 
[0;36mDEBUG[0m[2026-03-16 10:14:11.863]   received shard header from network in block tracker [0;36mshard[0m = 0 [0;36mepoch[0m = 0 [0;36mround[0m = 170 [0;36mnonce[0m = 161 [0;36mhash[0m = 9c50397a3cedbcb8c833cccdd32ba84039f0a2d93c4c78588a7af4c42f5720db 
[0;36mDEBUG[0m[2026-03-16 10:14:11.863]   received shard header from network in block tracker [0;36mshard[0m = 0 [0;36mepoch[0m = 0 [0;36mround[0m = 171 [0;36mnonce[0m = 162 [0;36mhash[0m = 41a690524a03b60317ca38c15655837ad6286d28a0cddc97a83dd4861bbe66fd 
[0;36mDEBUG[0m[2026-03-16 10:14:11.863]   received shard header from network in block tracker [0;36mshard[0m = 0 [0;36mepoch[0m = 0 [0;36mround[0m = 172 [0;36mnonce[0m = 163 [0;36mhash[0m = 6a68d7ec7819aaa54daeb7b5b4e0e0ff4518aa6cbdd89c278c9ef677e144aa95 
[0;36mDEBUG[0m[2026-03-16 10:14:11.863]   received shard header from network in block tracker [0;36mshard[0m = 0 [0;36mepoch[0m = 0 [0;36mround[0m = 173 [0;36mnonce[0m = 164 [0;36mhash[0m = e19181b8fb0b1ba4c9eca85f3f09c0afe726141aa872df9873a66b7f9e51f9f7 
[0;36mDEBUG[0m[2026-03-16 10:14:11.863]   received shard header from network in block tracker [0;36mshard[0m = 0 [0;36mepoch[0m = 0 [0;36mround[0m = 174 [0;36mnonce[0m = 165 [0;36mhash[0m = 2a69e388948e88d00fd5bf893a6326248d418608d541c6eae809bf839cd12974 
[0;36mDEBUG[0m[2026-03-16 10:14:11.863]   received shard header from network in block tracker [0;36mshard[0m = 0 [0;36mepoch[0m = 0 [0;36mround[0m = 175 [0;36mnonce[0m = 166 [0;36mhash[0m = 4167354323cca3b715b4d121204176f56548edc4edceaac2f815c7abeaaa841d 
[0;36mDEBUG[0m[2026-03-16 10:14:11.863]   received shard header from network in block tracker [0;36mshard[0m = 0 [0;36mepoch[0m = 0 [0;36mround[0m = 176 [0;36mnonce[0m = 167 [0;36mhash[0m = 31c4a504d9a696ab0ce5c5a01c1a5f58d09b086bd068ea268e9e5917d2795c4e 
[0;36mDEBUG[0m[2026-03-16 10:14:11.863]   received shard header from network in block tracker [0;36mshard[0m = 0 [0;36mepoch[0m = 0 [0;36mround[0m = 177 [0;36mnonce[0m = 168 [0;36mhash[0m = 61c4a1146f3e592fcad5624c1d0940563623a934c202b0caebf0ddab3bd84fac 
[0;36mDEBUG[0m[2026-03-16 10:14:11.863]   received shard header from network in block tracker [0;36mshard[0m = 0 [0;36mepoch[0m = 0 [0;36mround[0m = 178 [0;36mnonce[0m = 169 [0;36mhash[0m = 6dcecbb28ea243451551b555fbd0f976d519b5be6df30f1e4282e546d99b9f1c 
[0;36mDEBUG[0m[2026-03-16 10:14:11.863]   received shard header from network in block tracker [0;36mshard[0m = 0 [0;36mepoch[0m = 0 [0;36mround[0m = 179 [0;36mnonce[0m = 170 [0;36mhash[0m = fecbe23553336f3db97b5cd23291424c2d45784de300ed2ce59522dc9051f8eb 
[0;36mDEBUG[0m[2026-03-16 10:14:11.863]   received shard header from network in block tracker [0;36mshard[0m = 0 [0;36mepoch[0m = 0 [0;36mround[0m = 180 [0;36mnonce[0m = 171 [0;36mhash[0m = 9ea04350c70d1079c9778d2256aa76f62c988abf2a9c6e14a4dabbea8494c462 
[0;36mDEBUG[0m[2026-03-16 10:14:11.863]   received shard header from network in block tracker [0;36mshard[0m = 0 [0;36mepoch[0m = 0 [0;36mround[0m = 181 [0;36mnonce[0m = 172 [0;36mhash[0m = 0b3c3035b9bab335bdd06344f9d26fb247e244c623e2b97bc556effab3f91737 
[0;36mDEBUG[0m[2026-03-16 10:14:11.863]   received shard header from network in block tracker [0;36mshard[0m = 0 [0;36mepoch[0m = 0 [0;36mround[0m = 182 [0;36mnonce[0m = 173 [0;36mhash[0m = b2993fe995e749f9f8589eceb6368cd3ebe0d0295059259d671378606ac1c33f 
[0;36mDEBUG[0m[2026-03-16 10:14:11.863]   received shard header from network in block tracker [0;36mshard[0m = 0 [0;36mepoch[0m = 0 [0;36mround[0m = 183 [0;36mnonce[0m = 174 [0;36mhash[0m = 1f941afc1288a01b56fd7c5a0ff97ae38572f99a0e223bed60eb8b1ec65fc59a 
[0;36mDEBUG[0m[2026-03-16 10:14:11.863]   received shard header from network in block tracker [0;36mshard[0m = 0 [0;36mepoch[0m = 0 [0;36mround[0m = 184 [0;36mnonce[0m = 175 [0;36mhash[0m = 36e3de51e44ebeee7867836ae387f00a64058592acf2bc30524afb5536f8ca55 
[0;36mDEBUG[0m[2026-03-16 10:14:11.863]   received shard header from network in block tracker [0;36mshard[0m = 0 [0;36mepoch[0m = 0 [0;36mround[0m = 185 [0;36mnonce[0m = 176 [0;36mhash[0m = 4b11bd0ae376d1d95242e968a6f9eb4891f989f2b9f1a154bfd0b2a02426f914 
[0;36mDEBUG[0m[2026-03-16 10:14:11.863]   received shard header from network in block tracker [0;36mshard[0m = 0 [0;36mepoch[0m = 0 [0;36mround[0m = 186 [0;36mnonce[0m = 177 [0;36mhash[0m = 81384ef49c6e8e7a2173e5860140222efcc57fa81b202735f3546176503e6fb6 
[0;36mDEBUG[0m[2026-03-16 10:14:11.863]   received shard header from network in block tracker [0;36mshard[0m = 0 [0;36mepoch[0m = 0 [0;36mround[0m = 187 [0;36mnonce[0m = 178 [0;36mhash[0m = 6ec24e54a2df10563caed9156c6534c0d754dffa9334f9df7f596ebaae50b356 
[0;36mDEBUG[0m[2026-03-16 10:14:11.863]   received shard header from network in block tracker [0;36mshard[0m = 0 [0;36mepoch[0m = 0 [0;36mround[0m = 188 [0;36mnonce[0m = 179 [0;36mhash[0m = f11d23913e97891acf30b1aea41867d59ee5d81adae95d9f647b87f35c717d81 
[0;36mDEBUG[0m[2026-03-16 10:14:11.863]   received shard header from network in block tracker [0;36mshard[0m = 0 [0;36mepoch[0m = 0 [0;36mround[0m = 189 [0;36mnonce[0m = 180 [0;36mhash[0m = 2dba17c3c83c852d8c59c7ee81f8638d920b5db1dae48d7cc24bdcb43de001f9 
[0;36mDEBUG[0m[2026-03-16 10:14:11.863]   received shard header from network in block tracker [0;36mshard[0m = 0 [0;36mepoch[0m = 0 [0;36mround[0m = 190 [0;36mnonce[0m = 181 [0;36mhash[0m = 2aa483a57fac1c366415a8728e5fb5a3cbc66fefdbf1fa159fa0c5350496af35 
[0;36mDEBUG[0m[2026-03-16 10:14:11.863]   received shard header from network in block tracker [0;36mshard[0m = 0 [0;36mepoch[0m = 0 [0;36mround[0m = 191 [0;36mnonce[0m = 182 [0;36mhash[0m = 7304c5995926b6fd2765c0e2b0678eeb727ce3a99cb39822a1dd255967b68d4e 
[0;36mDEBUG[0m[2026-03-16 10:14:11.863]   received shard header from network in block tracker [0;36mshard[0m = 0 [0;36mepoch[0m = 0 [0;36mround[0m = 192 [0;36mnonce[0m = 183 [0;36mhash[0m = a96c250b6d8a7dacd9db2e909c2bbf8715871b502a259380f2d973b33c07aad3 
[0;36mDEBUG[0m[2026-03-16 10:14:11.863]   received shard header from network in block tracker [0;36mshard[0m = 0 [0;36mepoch[0m = 0 [0;36mround[0m = 193 [0;36mnonce[0m = 184 [0;36mhash[0m = 03af2aa4ad73cab59f8b8db8c11efb6310d703771eada840d137deb66592dd51 
[0;36mDEBUG[0m[2026-03-16 10:14:11.863]   received shard header from network in block tracker [0;36mshard[0m = 0 [0;36mepoch[0m = 0 [0;36mround[0m = 194 [0;36mnonce[0m = 185 [0;36mhash[0m = 6a389da444f3fca24eb61f220c87f2d15c1830dfa0f4fc02034e74b6d5e9b36b 
[0;36mDEBUG[0m[2026-03-16 10:14:11.863]   received shard header from network in block tracker [0;36mshard[0m = 0 [0;36mepoch[0m = 0 [0;36mround[0m = 195 [0;36mnonce[0m = 186 [0;36mhash[0m = 43fb6adf0f27b06a0ebb1a6d0543a2764d63b95dcea006d8f448c3aa99ed4a7b 
[0;36mDEBUG[0m[2026-03-16 10:14:11.863]   received shard header from network in block tracker [0;36mshard[0m = 0 [0;36mepoch[0m = 0 [0;36mround[0m = 196 [0;36mnonce[0m = 187 [0;36mhash[0m = 57aa5e4d08b6e87ad5545f079a9b65cacbafa871ce51e5890e4107624fd0cfe3 
[0;36mDEBUG[0m[2026-03-16 10:14:11.863]   received shard header from network in block tracker [0;36mshard[0m = 0 [0;36mepoch[0m = 0 [0;36mround[0m = 197 [0;36mnonce[0m = 188 [0;36mhash[0m = bcb67b1a138782a14c7b6dbac9974b971c1a85dbd37c2323898a4357d464e9a3 
[0;36mDEBUG[0m[2026-03-16 10:14:11.863]   received shard header from network in block tracker [0;36mshard[0m = 0 [0;36mepoch[0m = 0 [0;36mround[0m = 198 [0;36mnonce[0m = 189 [0;36mhash[0m = 73628258d33273e0c4aa2c7076529bc796e92605aa957dcc96cc646be9635860 
[0;36mDEBUG[0m[2026-03-16 10:14:11.863]   received shard header from network in block tracker [0;36mshard[0m = 0 [0;36mepoch[0m = 0 [0;36mround[0m = 199 [0;36mnonce[0m = 190 [0;36mhash[0m = 135fb3e5b52bfa2b96534166b66e0654cc6b8bfe3167903fcd575274b54c8b95 
[0;36mDEBUG[0m[2026-03-16 10:14:11.863]   received shard header from network in block tracker [0;36mshard[0m = 0 [0;36mepoch[0m = 0 [0;36mround[0m = 200 [0;36mnonce[0m = 191 [0;36mhash[0m = 16c32868e5b8d0da9de9ee3a8ad91b6918f44eafeaf50af754fe30d7b2a2bf2e 
[0;36mDEBUG[0m[2026-03-16 10:14:11.863]   received shard header from network in block tracker [0;36mshard[0m = 0 [0;36mepoch[0m = 0 [0;36mround[0m = 201 [0;36mnonce[0m = 192 [0;36mhash[0m = d53bad72af402fea12046481e724bba0df8084517c60ec3e5ddc122ed8dbe88e 
[0;36mDEBUG[0m[2026-03-16 10:14:11.863]   received shard header from network in block tracker [0;36mshard[0m = 0 [0;36mepoch[0m = 0 [0;36mround[0m = 202 [0;36mnonce[0m = 193 [0;36mhash[0m = 76dfd183c6abd33d91b66bdf05c07721a06997848256b1f477bdd8f7854cbb7b 
[0;36mDEBUG[0m[2026-03-16 10:14:11.863]   received shard header from network in block tracker [0;36mshard[0m = 0 [0;36mepoch[0m = 0 [0;36mround[0m = 203 [0;36mnonce[0m = 194 [0;36mhash[0m = 45f8d1e869d903250e34228408e2ad8b506f31aa4b5b46003e240336d8f50c2d 
[0;36mDEBUG[0m[2026-03-16 10:14:11.863]   received shard header from network in block tracker [0;36mshard[0m = 0 [0;36mepoch[0m = 0 [0;36mround[0m = 204 [0;36mnonce[0m = 195 [0;36mhash[0m = 389d14031a5e5b8e308cfd1665f04505692ef7fe8871bd60468110c197b0161f 
[0;36mDEBUG[0m[2026-03-16 10:14:11.863]   received shard header from network in block tracker [0;36mshard[0m = 0 [0;36mepoch[0m = 0 [0;36mround[0m = 205 [0;36mnonce[0m = 196 [0;36mhash[0m = 20eb9f260b7ed592d1b6a8917ee513f4c4754a29d65d2db07a0c953a18f96fa1 
[0;36mDEBUG[0m[2026-03-16 10:14:11.863]   received shard header from network in block tracker [0;36mshard[0m = 0 [0;36mepoch[0m = 0 [0;36mround[0m = 206 [0;36mnonce[0m = 197 [0;36mhash[0m = 6bd58af7625253d8abf9b3f5db8de6fceda20d7861857028be471129f5ee33aa 
[0;36mDEBUG[0m[2026-03-16 10:14:11.863]   received shard header from network in block tracker [0;36mshard[0m = 0 [0;36mepoch[0m = 0 [0;36mround[0m = 207 [0;36mnonce[0m = 198 [0;36mhash[0m = de289ba8eadeaf786d6758563261f699e7411ebc901f474093254ecdeceaf87d 
[0;36mDEBUG[0m[2026-03-16 10:14:11.863]   received shard header from network in block tracker [0;36mshard[0m = 0 [0;36mepoch[0m = 0 [0;36mround[0m = 208 [0;36mnonce[0m = 199 [0;36mhash[0m = f5b453556fa162a7d6dbe60453d75d4cf868c5849fd2e54b7ae32d5791177ca4 
[0;36mDEBUG[0m[2026-03-16 10:14:11.863]   received shard header from network in block tracker [0;36mshard[0m = 0 [0;36mepoch[0m = 0 [0;36mround[0m = 209 [0;36mnonce[0m = 200 [0;36mhash[0m = 1a15ac93c602fc3d7bd63e0fa54d472ffaf3d80b40cdcbecb10250c8bfaf3831 
[0;36mDEBUG[0m[2026-03-16 10:14:11.863]   received shard header from network in block tracker [0;36mshard[0m = 0 [0;36mepoch[0m = 0 [0;36mround[0m = 210 [0;36mnonce[0m = 201 [0;36mhash[0m = c66fd59c5435303e6b99cad133813b8423e43647586541b83f484aa0b2098181 
[0;36mDEBUG[0m[2026-03-16 10:14:11.863]   received shard header from network in block tracker [0;36mshard[0m = 0 [0;36mepoch[0m = 0 [0;36mround[0m = 211 [0;36mnonce[0m = 202 [0;36mhash[0m = 6af885a59cb7d2eff40c27f471a8783b98a403c7ee468f23a5f25f33adf453e8 
[0;36mDEBUG[0m[2026-03-16 10:14:11.863]   received shard header from network in block tracker [0;36mshard[0m = 0 [0;36mepoch[0m = 0 [0;36mround[0m = 212 [0;36mnonce[0m = 203 [0;36mhash[0m = 2ace97f87f2209bf0e1727e42022b9742f582ff36be5ef273b381c02aa7c8f48 
[0;36mDEBUG[0m[2026-03-16 10:14:11.863]   received shard header from network in block tracker [0;36mshard[0m = 0 [0;36mepoch[0m = 0 [0;36mround[0m = 213 [0;36mnonce[0m = 204 [0;36mhash[0m = 74e2409923141d81e0192d6ce9d877e6812ebfb06e246c6d2e71504320a3e147 
[0;36mDEBUG[0m[2026-03-16 10:14:11.863]   received shard header from network in block tracker [0;36mshard[0m = 0 [0;36mepoch[0m = 0 [0;36mround[0m = 214 [0;36mnonce[0m = 205 [0;36mhash[0m = 233ab09db13d50ded5c7b5b26f49902102da64308f4adb96d6aa273462429bcb 
[0;36mDEBUG[0m[2026-03-16 10:14:11.863]   received shard header from network in block tracker [0;36mshard[0m = 0 [0;36mepoch[0m = 0 [0;36mround[0m = 215 [0;36mnonce[0m = 206 [0;36mhash[0m = 3ad3d7660d9d1957b615fe875baef0dfa0dcec4f8518bd061a3e2ff1a4b47698 
[0;36mDEBUG[0m[2026-03-16 10:14:11.863]   received shard header from network in block tracker [0;36mshard[0m = 0 [0;36mepoch[0m = 0 [0;36mround[0m = 216 [0;36mnonce[0m = 207 [0;36mhash[0m = c22c1b319526ba404743dc050095ba64ec80c22db8861406cdf2170e755117f1 
[0;36mDEBUG[0m[2026-03-16 10:14:11.863]   received shard header from network in block tracker [0;36mshard[0m = 0 [0;36mepoch[0m = 0 [0;36mround[0m = 217 [0;36mnonce[0m = 208 [0;36mhash[0m = b00cae9c88c399277afd7877042323ae76bf5dbfd2c55a58d0d5ababc9cd1d3c 
[0;36mDEBUG[0m[2026-03-16 10:14:11.863]   received shard header from network in block tracker [0;36mshard[0m = 0 [0;36mepoch[0m = 0 [0;36mround[0m = 218 [0;36mnonce[0m = 209 [0;36mhash[0m = a6c5f55cb164e831296bfd80925ed44a0093272ea4261f04407f2bd2024f232d 
[0;36mDEBUG[0m[2026-03-16 10:14:11.863]   received shard header from network in block tracker [0;36mshard[0m = 0 [0;36mepoch[0m = 0 [0;36mround[0m = 219 [0;36mnonce[0m = 210 [0;36mhash[0m = ce0a35df1ad90494da016ea51b2d7916708ff210faa9e22112b0e4b5eac41938 
[0;36mDEBUG[0m[2026-03-16 10:14:11.863]   received shard header from network in block tracker [0;36mshard[0m = 0 [0;36mepoch[0m = 0 [0;36mround[0m = 220 [0;36mnonce[0m = 211 [0;36mhash[0m = 174af3248e5f17e6654a5d2d4fe739b9d81335f2758f3a779ac6a50839b31244 
[0;36mDEBUG[0m[2026-03-16 10:14:11.863]   received shard header from network in block tracker [0;36mshard[0m = 0 [0;36mepoch[0m = 0 [0;36mround[0m = 221 [0;36mnonce[0m = 212 [0;36mhash[0m = 8353d9c55f85b048336d63800e3efa3ac79b2d302d508efd69f70583144afe19 
[0;36mDEBUG[0m[2026-03-16 10:14:11.863]   received shard header from network in block tracker [0;36mshard[0m = 0 [0;36mepoch[0m = 0 [0;36mround[0m = 222 [0;36mnonce[0m = 213 [0;36mhash[0m = 8a98c37f053b3800f96f30c7855fa9838fe28ec327748f75fc447d05d5f56b24 
[0;36mDEBUG[0m[2026-03-16 10:14:11.863]   received shard header from network in block tracker [0;36mshard[0m = 0 [0;36mepoch[0m = 0 [0;36mround[0m = 223 [0;36mnonce[0m = 214 [0;36mhash[0m = aac1e4977d81b51d2f43a2e48f66ca610e06c7f273e81c65bc3bde53a04eafce 
[0;36mDEBUG[0m[2026-03-16 10:14:11.863]   received shard header from network in block tracker [0;36mshard[0m = 0 [0;36mepoch[0m = 0 [0;36mround[0m = 224 [0;36mnonce[0m = 215 [0;36mhash[0m = a5a6067ac0bc6313f35dd6be46a02f8532637e1c686fcce1e859c56d386d9a55 
[0;36mDEBUG[0m[2026-03-16 10:14:11.863]   received shard header from network in block tracker [0;36mshard[0m = 0 [0;36mepoch[0m = 0 [0;36mround[0m = 225 [0;36mnonce[0m = 216 [0;36mhash[0m = 7ee403cbb0dbbe9434de707340578e37abedae87860bd0bc7673a7ee8f6732ca 
[0;36mDEBUG[0m[2026-03-16 10:14:11.863]   received shard header from network in block tracker [0;36mshard[0m = 0 [0;36mepoch[0m = 0 [0;36mround[0m = 226 [0;36mnonce[0m = 217 [0;36mhash[0m = 12d0811d64529051c39340aa47bce687c56c21e573148fe6296539f667bde69e 
[0;36mDEBUG[0m[2026-03-16 10:14:11.863]   received shard header from network in block tracker [0;36mshard[0m = 0 [0;36mepoch[0m = 0 [0;36mround[0m = 227 [0;36mnonce[0m = 218 [0;36mhash[0m = 57bbe2b1ce6bb8fdcdd4a83551f1c507d6dc8a364f61e2a3d6fb4f4644408dd8 
[0;36mDEBUG[0m[2026-03-16 10:14:11.863]   received shard header from network in block tracker [0;36mshard[0m = 0 [0;36mepoch[0m = 0 [0;36mround[0m = 228 [0;36mnonce[0m = 219 [0;36mhash[0m = 3df71995d5fc731df8f9ea43dcb8d95f9af05748d6821cdd55f0841d04b759ac 
[0;36mDEBUG[0m[2026-03-16 10:14:11.863]   received shard header from network in block tracker [0;36mshard[0m = 0 [0;36mepoch[0m = 0 [0;36mround[0m = 229 [0;36mnonce[0m = 220 [0;36mhash[0m = ecb7bfdc334e7b40ef8c2cd77f3f3f46dbdff17e7322eba1cb8dbc5eda41ee0c 
[0;36mDEBUG[0m[2026-03-16 10:14:11.863]   received shard header from network in block tracker [0;36mshard[0m = 0 [0;36mepoch[0m = 0 [0;36mround[0m = 230 [0;36mnonce[0m = 221 [0;36mhash[0m = 96f16b0700b3dad8e6b0b3014a1d3e3b2725c1430236e4b2a6cec02140ce1e6f 
[0;36mDEBUG[0m[2026-03-16 10:14:11.863]   received shard header from network in block tracker [0;36mshard[0m = 0 [0;36mepoch[0m = 0 [0;36mround[0m = 231 [0;36mnonce[0m = 222 [0;36mhash[0m = 74992905b8f324b64cdb6e6acd80e3191dd2de30ec7bae9c92606ed64ab9bbca 
[0;36mDEBUG[0m[2026-03-16 10:14:11.863]   received shard header from network in block tracker [0;36mshard[0m = 0 [0;36mepoch[0m = 0 [0;36mround[0m = 232 [0;36mnonce[0m = 223 [0;36mhash[0m = b92a803b797b8f54824808445c7b39e2521e9d1ac4711116869d7f54ca6bf39e 
[0;36mDEBUG[0m[2026-03-16 10:14:11.863]   received shard header from network in block tracker [0;36mshard[0m = 0 [0;36mepoch[0m = 0 [0;36mround[0m = 233 [0;36mnonce[0m = 224 [0;36mhash[0m = ad4eb911a6c223110904bd90429269060f28017614581b0546291e0c1cfc31ac 
[0;36mDEBUG[0m[2026-03-16 10:14:11.863]   received shard header from network in block tracker [0;36mshard[0m = 0 [0;36mepoch[0m = 0 [0;36mround[0m = 234 [0;36mnonce[0m = 225 [0;36mhash[0m = e6e3412f80f0eb311d9756b6caa1cda553ea06ea7f78335f9161b1d558471633 
[0;36mDEBUG[0m[2026-03-16 10:14:11.863]   received shard header from network in block tracker [0;36mshard[0m = 0 [0;36mepoch[0m = 0 [0;36mround[0m = 235 [0;36mnonce[0m = 226 [0;36mhash[0m = 1cf6ce551e280a41a3d084416261c0f110c7df71980f35ae6085338f4e9a08f6 
[0;36mDEBUG[0m[2026-03-16 10:14:11.863]   received shard header from network in block tracker [0;36mshard[0m = 0 [0;36mepoch[0m = 0 [0;36mround[0m = 236 [0;36mnonce[0m = 227 [0;36mhash[0m = 70583aae04a36750605215943de74fe5ee8b269c6971567749bad7c627083cbc 
[0;36mDEBUG[0m[2026-03-16 10:14:11.863]   received shard header from network in block tracker [0;36mshard[0m = 0 [0;36mepoch[0m = 0 [0;36mround[0m = 237 [0;36mnonce[0m = 228 [0;36mhash[0m = 83c9359540199853b0d2fadc5384931bea5c7303bafd74d0c0bb00eb8bf346c0 
[0;36mDEBUG[0m[2026-03-16 10:14:11.863]   received shard header from network in block tracker [0;36mshard[0m = 0 [0;36mepoch[0m = 0 [0;36mround[0m = 238 [0;36mnonce[0m = 229 [0;36mhash[0m = 990e023d419f68337c21a136352b85dfe2ab6cfa9456fca563440d1b5f56d8bf 
[0;36mDEBUG[0m[2026-03-16 10:14:11.863]   received shard header from network in block tracker [0;36mshard[0m = 0 [0;36mepoch[0m = 0 [0;36mround[0m = 239 [0;36mnonce[0m = 230 [0;36mhash[0m = 8d564b6f445f5ac3c3ef73293b67c969b718bd49b0f45ab519314573453ebcc7 
[0;36mDEBUG[0m[2026-03-16 10:14:11.863]   received shard header from network in block tracker [0;36mshard[0m = 0 [0;36mepoch[0m = 0 [0;36mround[0m = 240 [0;36mnonce[0m = 231 [0;36mhash[0m = 97ee38ff33b5c208108e84295fb85c8e740a240c313c6d62f21fae1b58b5e5e0 
[0;36mDEBUG[0m[2026-03-16 10:14:11.863]   received shard header from network in block tracker [0;36mshard[0m = 0 [0;36mepoch[0m = 0 [0;36mround[0m = 241 [0;36mnonce[0m = 232 [0;36mhash[0m = bfdabe8a4f7e433a7a006cfaebd47867334d33e8298db07e4eb61ccda91ad72b 
[0;36mDEBUG[0m[2026-03-16 10:14:11.863]   received shard header from network in block tracker [0;36mshard[0m = 0 [0;36mepoch[0m = 0 [0;36mround[0m = 242 [0;36mnonce[0m = 233 [0;36mhash[0m = 463d2f54103595720d910b16e58dc3614d0b3821a2355c059a0ca947a1768670 
[0;36mDEBUG[0m[2026-03-16 10:14:11.863]   received shard header from network in block tracker [0;36mshard[0m = 0 [0;36mepoch[0m = 0 [0;36mround[0m = 243 [0;36mnonce[0m = 234 [0;36mhash[0m = 486cc62d6188ad40aa6228308ba52eb0578f2ca3a21dc96af752b23d0b098892 
[0;36mDEBUG[0m[2026-03-16 10:14:11.863]   received shard header from network in block tracker [0;36mshard[0m = 0 [0;36mepoch[0m = 0 [0;36mround[0m = 244 [0;36mnonce[0m = 235 [0;36mhash[0m = 58cd0e3816caa64159d0041eaadcfcce414254a7934cce2921ee99b354228d29 
[0;36mDEBUG[0m[2026-03-16 10:14:11.863]   received shard header from network in block tracker [0;36mshard[0m = 0 [0;36mepoch[0m = 0 [0;36mround[0m = 245 [0;36mnonce[0m = 236 [0;36mhash[0m = 804f7c3e8794e085dd633a99f4b7dc6d58db74af1dfedf25dd11d49b46ae8b59 
[0;36mDEBUG[0m[2026-03-16 10:14:11.863]   received shard header from network in block tracker [0;36mshard[0m = 0 [0;36mepoch[0m = 0 [0;36mround[0m = 246 [0;36mnonce[0m = 237 [0;36mhash[0m = e8ee370636b138adb44f5d6ed8ae02e5925d6b99eb86525a4dc40f39ec1fe1ec 
[0;36mDEBUG[0m[2026-03-16 10:14:11.863]   received shard header from network in block tracker [0;36mshard[0m = 0 [0;36mepoch[0m = 0 [0;36mround[0m = 247 [0;36mnonce[0m = 238 [0;36mhash[0m = 728e46b21050fd3abd0777bcfe2b546dbc64cbb1eadf6ba5962664e288504155 
[0;36mDEBUG[0m[2026-03-16 10:14:11.863]   received shard header from network in block tracker [0;36mshard[0m = 0 [0;36mepoch[0m = 0 [0;36mround[0m = 248 [0;36mnonce[0m = 239 [0;36mhash[0m = caf443e3414b88849b9680fc3adbbeb47c5aed6b5fcdc785004d4813575d87d2 
[0;36mDEBUG[0m[2026-03-16 10:14:11.863]   received shard header from network in block tracker [0;36mshard[0m = 0 [0;36mepoch[0m = 0 [0;36mround[0m = 249 [0;36mnonce[0m = 240 [0;36mhash[0m = bd86839fcd5039c9124dd6ac411c84e6b5a3e8976624168a4b0fb5d46c065fc9 
[0;36mDEBUG[0m[2026-03-16 10:14:11.863]   received shard header from network in block tracker [0;36mshard[0m = 0 [0;36mepoch[0m = 0 [0;36mround[0m = 250 [0;36mnonce[0m = 241 [0;36mhash[0m = b05a95a96a2daccfe2c098d7536b9ed2fb3a80237077cf075d9c5af695e66684 
[0;36mDEBUG[0m[2026-03-16 10:14:11.863]   received shard header from network in block tracker [0;36mshard[0m = 0 [0;36mepoch[0m = 0 [0;36mround[0m = 251 [0;36mnonce[0m = 242 [0;36mhash[0m = fc7808b4a0935dcd909093ace4de02765518570fde481a55a0911929213fa172 
[0;36mDEBUG[0m[2026-03-16 10:14:11.863]   received shard header from network in block tracker [0;36mshard[0m = 0 [0;36mepoch[0m = 0 [0;36mround[0m = 252 [0;36mnonce[0m = 243 [0;36mhash[0m = 3d6a342daa86c8861ac6ea174fbe17d4d2a7d21d4a3dff65c6ab9bbfab5a718d 
[0;36mDEBUG[0m[2026-03-16 10:14:11.863]   received shard header from network in block tracker [0;36mshard[0m = 0 [0;36mepoch[0m = 0 [0;36mround[0m = 253 [0;36mnonce[0m = 244 [0;36mhash[0m = a5df81b013ba3b46e6d658b18080f237dc4d6c555e4ac01c769704dbfdf2c5e6 
[0;36mDEBUG[0m[2026-03-16 10:14:11.863]   received shard header from network in block tracker [0;36mshard[0m = 0 [0;36mepoch[0m = 0 [0;36mround[0m = 254 [0;36mnonce[0m = 245 [0;36mhash[0m = f5cfa3412a180e90763318f634d834e3c05a0efab823f9875af3ce36721917d4 
[0;36mDEBUG[0m[2026-03-16 10:14:11.863]   received shard header from network in block tracker [0;36mshard[0m = 0 [0;36mepoch[0m = 0 [0;36mround[0m = 255 [0;36mnonce[0m = 246 [0;36mhash[0m = eefe801d70c92a65664520178b3deb45a535d8f1f1fa2cd62650c7268400f751 
[0;36mDEBUG[0m[2026-03-16 10:14:11.863]   received shard header from network in block tracker [0;36mshard[0m = 0 [0;36mepoch[0m = 0 [0;36mround[0m = 256 [0;36mnonce[0m = 247 [0;36mhash[0m = b583fe7ba8096b13bd9bd7b8d02db9af045af3d97d51de2be63716b8d5a805ed 
[0;36mDEBUG[0m[2026-03-16 10:14:11.863]   received shard header from network in block tracker [0;36mshard[0m = 0 [0;36mepoch[0m = 0 [0;36mround[0m = 257 [0;36mnonce[0m = 248 [0;36mhash[0m = b59b652bcb6cbe17df1d9bf73e6f9a742d4173f369d03b13594e9830863c0a0d 
[0;36mDEBUG[0m[2026-03-16 10:14:11.863]   received shard header from network in block tracker [0;36mshard[0m = 0 [0;36mepoch[0m = 0 [0;36mround[0m = 258 [0;36mnonce[0m = 249 [0;36mhash[0m = ce676aa625a5dcd55d87003bf51075cd412e5d87ad773290c7ff3e315b8af8be 
[0;36mDEBUG[0m[2026-03-16 10:14:11.863]   received shard header from network in block tracker [0;36mshard[0m = 0 [0;36mepoch[0m = 0 [0;36mround[0m = 259 [0;36mnonce[0m = 250 [0;36mhash[0m = d2fb7c8773c3de3da46ed82ad75210dc47aac3afebfd22a63a60e0433c92cccb 
[0;36mDEBUG[0m[2026-03-16 10:14:11.863]   received shard header from network in block tracker [0;36mshard[0m = 0 [0;36mepoch[0m = 0 [0;36mround[0m = 260 [0;36mnonce[0m = 251 [0;36mhash[0m = 873f17a89aeb43fcfbefc5eeea32d38ec2660a7c51fa6204c0459b51c44624ad 
[0;36mDEBUG[0m[2026-03-16 10:14:11.863]   received shard header from network in block tracker [0;36mshard[0m = 0 [0;36mepoch[0m = 0 [0;36mround[0m = 261 [0;36mnonce[0m = 252 [0;36mhash[0m = e83cbcb2f464aea6695aa35785e7dfef5d6503be1d4ca11fa3016677261e7120 
[0;36mDEBUG[0m[2026-03-16 10:14:11.863]   received shard header from network in block tracker [0;36mshard[0m = 0 [0;36mepoch[0m = 0 [0;36mround[0m = 262 [0;36mnonce[0m = 253 [0;36mhash[0m = 104ce1986efc24d196830d2f55a82e2ecde772ba978b87306c833305b2615f15 
[0;36mDEBUG[0m[2026-03-16 10:14:11.863]   received shard header from network in block tracker [0;36mshard[0m = 0 [0;36mepoch[0m = 0 [0;36mround[0m = 263 [0;36mnonce[0m = 254 [0;36mhash[0m = af26df555f889dafa5b4f586294936af6ca6f0f30a3470ae7ed16b907e9e4393 
[0;36mDEBUG[0m[2026-03-16 10:14:11.863]   received shard header from network in block tracker [0;36mshard[0m = 0 [0;36mepoch[0m = 0 [0;36mround[0m = 264 [0;36mnonce[0m = 255 [0;36mhash[0m = 527687dcf89624e9a0cad5c76a486e70fec9aad0da730c286bb9fcfffdbb56ad 
[0;36mDEBUG[0m[2026-03-16 10:14:11.863]   received shard header from network in block tracker [0;36mshard[0m = 0 [0;36mepoch[0m = 0 [0;36mround[0m = 265 [0;36mnonce[0m = 256 [0;36mhash[0m = 2f0eddd2a4d8b68645f3d31a3d3c9756d3adf67020e052695587faa24e9b4227 
[0;36mDEBUG[0m[2026-03-16 10:14:11.863]   received shard header from network in block tracker [0;36mshard[0m = 0 [0;36mepoch[0m = 0 [0;36mround[0m = 266 [0;36mnonce[0m = 257 [0;36mhash[0m = a2360fb7e2f1c58fba8515822f769c797b40797710d28b9865bebbe4182dd669 
[0;36mDEBUG[0m[2026-03-16 10:14:11.864]   received shard header from network in block tracker [0;36mshard[0m = 0 [0;36mepoch[0m = 0 [0;36mround[0m = 267 [0;36mnonce[0m = 258 [0;36mhash[0m = 71accaebb14fa77197946dabd47db2e263e47772af64bcab52703c2c5fb9df3d 
[0;36mDEBUG[0m[2026-03-16 10:14:11.864]   received shard header from network in block tracker [0;36mshard[0m = 0 [0;36mepoch[0m = 0 [0;36mround[0m = 268 [0;36mnonce[0m = 259 [0;36mhash[0m = 31dbdc8705e87d710598adbccbe99bcaf34c0d611807055556d2576128e833f9 
[0;36mDEBUG[0m[2026-03-16 10:14:11.864]   received shard header from network in block tracker [0;36mshard[0m = 0 [0;36mepoch[0m = 0 [0;36mround[0m = 269 [0;36mnonce[0m = 260 [0;36mhash[0m = 26c8a95ee51a6d964e97086aa8eb84ee689ef8adb65665729476aae694ecebcc 
[0;36mDEBUG[0m[2026-03-16 10:14:11.864]   received shard header from network in block tracker [0;36mshard[0m = 0 [0;36mepoch[0m = 0 [0;36mround[0m = 270 [0;36mnonce[0m = 261 [0;36mhash[0m = a136d849f4cfcf515eb4d52e262b19386d39a8e80932761d27831ecfad3d5c7b 
[0;36mDEBUG[0m[2026-03-16 10:14:11.864]   received shard header from network in block tracker [0;36mshard[0m = 0 [0;36mepoch[0m = 0 [0;36mround[0m = 271 [0;36mnonce[0m = 262 [0;36mhash[0m = a26bb606f045cffbe5ac75cec8e7ae1afa123bec55902ba73a76011086a5eef9 
[0;36mDEBUG[0m[2026-03-16 10:14:11.864]   received shard header from network in block tracker [0;36mshard[0m = 0 [0;36mepoch[0m = 0 [0;36mround[0m = 272 [0;36mnonce[0m = 263 [0;36mhash[0m = 4b9f0d847ca78239cacdcbca9bcea49a06693f2341c5def121b9bd90f732e18b 
[0;36mDEBUG[0m[2026-03-16 10:14:11.864]   received shard header from network in block tracker [0;36mshard[0m = 0 [0;36mepoch[0m = 0 [0;36mround[0m = 273 [0;36mnonce[0m = 264 [0;36mhash[0m = f540f9ba5753dbd1cfeacf651547d67c3e9887d0fe8414d9eb0ae8dc1c42f5dc 
[0;36mDEBUG[0m[2026-03-16 10:14:11.864]   received shard header from network in block tracker [0;36mshard[0m = 0 [0;36mepoch[0m = 0 [0;36mround[0m = 274 [0;36mnonce[0m = 265 [0;36mhash[0m = 8435b88087c07e8baa3802c3986644bf074e4e63441852a8a89ca4e46bce4f40 
[0;36mDEBUG[0m[2026-03-16 10:14:11.864]   received shard header from network in block tracker [0;36mshard[0m = 0 [0;36mepoch[0m = 0 [0;36mround[0m = 275 [0;36mnonce[0m = 266 [0;36mhash[0m = b758dffaa4e877c602411b2f8b4f9269d915ec6b6a1352e5ece2a17403ebc61b 
[0;36mDEBUG[0m[2026-03-16 10:14:11.864]   received shard header from network in block tracker [0;36mshard[0m = 0 [0;36mepoch[0m = 0 [0;36mround[0m = 276 [0;36mnonce[0m = 267 [0;36mhash[0m = f660dd6d0818cdd2e86c42ef3c8516318f47412bd1a63e5001ad774300f942a2 
[0;36mDEBUG[0m[2026-03-16 10:14:11.864]   received shard header from network in block tracker [0;36mshard[0m = 0 [0;36mepoch[0m = 0 [0;36mround[0m = 277 [0;36mnonce[0m = 268 [0;36mhash[0m = 5adebe7f3bbee32e2cf7d77e6a5299e4cd444fb0cfdbf0ca73b348e9942a13c8 
[0;36mDEBUG[0m[2026-03-16 10:14:11.864]   received shard header from network in block tracker [0;36mshard[0m = 0 [0;36mepoch[0m = 0 [0;36mround[0m = 278 [0;36mnonce[0m = 269 [0;36mhash[0m = 1c1dd113e40022e216e5915435e1982fca1f99a4780b8e192a48eb33de7650c7 
[0;36mDEBUG[0m[2026-03-16 10:14:11.864]   received shard header from network in block tracker [0;36mshard[0m = 0 [0;36mepoch[0m = 0 [0;36mround[0m = 279 [0;36mnonce[0m = 270 [0;36mhash[0m = b8e659acac1f5187bf8b1fcf5c5e7ea1641ea91221ceaa4931ebedbd95c788fe 
[0;36mDEBUG[0m[2026-03-16 10:14:11.864]   received shard header from network in block tracker [0;36mshard[0m = 0 [0;36mepoch[0m = 0 [0;36mround[0m = 280 [0;36mnonce[0m = 271 [0;36mhash[0m = 7367b51a0779b11de25fd4383e3c244aa605cc199ae63335456d03a2ba8de7d0 
[0;36mDEBUG[0m[2026-03-16 10:14:11.864]   received shard header from network in block tracker [0;36mshard[0m = 0 [0;36mepoch[0m = 0 [0;36mround[0m = 281 [0;36mnonce[0m = 272 [0;36mhash[0m = 4e35bbb00b519eeefe73929fa802266d697ab2bc10863e0e0b4637315f2e4dc5 
[0;36mDEBUG[0m[2026-03-16 10:14:11.864]   received shard header from network in block tracker [0;36mshard[0m = 0 [0;36mepoch[0m = 0 [0;36mround[0m = 282 [0;36mnonce[0m = 273 [0;36mhash[0m = 0c9cf480c9a63ccdee49b44c71937d1d0878de352dd090832e05507b49c8bc40 
[0;36mDEBUG[0m[2026-03-16 10:14:11.864]   received shard header from network in block tracker [0;36mshard[0m = 0 [0;36mepoch[0m = 0 [0;36mround[0m = 283 [0;36mnonce[0m = 274 [0;36mhash[0m = 1a5d7202dca6e8e818ea9e95c66bff61538c28f0e372641810aae15d644ec24c 
[0;36mDEBUG[0m[2026-03-16 10:14:11.864]   received shard header from network in block tracker [0;36mshard[0m = 0 [0;36mepoch[0m = 0 [0;36mround[0m = 284 [0;36mnonce[0m = 275 [0;36mhash[0m = 58351a82a5380b147ad1b036f51a9f02f6a018126eee31df14ac0e4a5f490e76 
[0;36mDEBUG[0m[2026-03-16 10:14:11.864]   received shard header from network in block tracker [0;36mshard[0m = 0 [0;36mepoch[0m = 0 [0;36mround[0m = 285 [0;36mnonce[0m = 276 [0;36mhash[0m = f02d8cdc09637c6c79e659be8b2e13eff619d22942b7d50b4eb6e39df62ee8ec 
[0;36mDEBUG[0m[2026-03-16 10:14:11.864]   received shard header from network in block tracker [0;36mshard[0m = 0 [0;36mepoch[0m = 0 [0;36mround[0m = 286 [0;36mnonce[0m = 277 [0;36mhash[0m = 01fb4b1e63e2b3e7b4f022f1490bf9c8a3c3e786bc957eadb8ce2c47eaddec6b 
[0;36mDEBUG[0m[2026-03-16 10:14:11.864]   received shard header from network in block tracker [0;36mshard[0m = 0 [0;36mepoch[0m = 0 [0;36mround[0m = 287 [0;36mnonce[0m = 278 [0;36mhash[0m = 6467aa3d9335547a88d7d917442ef5ab428df7d904875fb7a7daf2c2a44853d2 
[0;36mDEBUG[0m[2026-03-16 10:14:11.864]   received shard header from network in block tracker [0;36mshard[0m = 0 [0;36mepoch[0m = 0 [0;36mround[0m = 288 [0;36mnonce[0m = 279 [0;36mhash[0m = 6ddfba444c8942fcc4e8a83a67d6e7403ebe3b44da34fafe4dd064bcec2e1df4 
[0;36mDEBUG[0m[2026-03-16 10:14:11.864]   received shard header from network in block tracker [0;36mshard[0m = 0 [0;36mepoch[0m = 0 [0;36mround[0m = 289 [0;36mnonce[0m = 280 [0;36mhash[0m = 6ba25d10f582a74b3b782a4378c3737243bdada47ac2943616856dd8decd1a90 
[0;36mDEBUG[0m[2026-03-16 10:14:11.864]   received shard header from network in block tracker [0;36mshard[0m = 0 [0;36mepoch[0m = 0 [0;36mround[0m = 290 [0;36mnonce[0m = 281 [0;36mhash[0m = c57472e69b5b92c4acd9b9f234ea13cdadace66462b0a07fa4008afa100e4338 
[0;36mDEBUG[0m[2026-03-16 10:14:11.864]   received shard header from network in block tracker [0;36mshard[0m = 0 [0;36mepoch[0m = 0 [0;36mround[0m = 291 [0;36mnonce[0m = 282 [0;36mhash[0m = 8043473721746680a1b330ad85c79dff70e41e784426a7e7421c566afd7e0ef5 
[0;36mDEBUG[0m[2026-03-16 10:14:11.864]   received shard header from network in block tracker [0;36mshard[0m = 0 [0;36mepoch[0m = 0 [0;36mround[0m = 292 [0;36mnonce[0m = 283 [0;36mhash[0m = caf86135b6189ecbde4aae6c2033af9f57452d8ec5ba5e2ad17a57f974ad650d 
[0;36mDEBUG[0m[2026-03-16 10:14:11.864]   received shard header from network in block tracker [0;36mshard[0m = 0 [0;36mepoch[0m = 0 [0;36mround[0m = 293 [0;36mnonce[0m = 284 [0;36mhash[0m = eea748ec444e63c6768816d428e7ee2f6f9bcc18d35a7a9c289844e0b9e96a2b 
[0;36mDEBUG[0m[2026-03-16 10:14:11.864]   received shard header from network in block tracker [0;36mshard[0m = 0 [0;36mepoch[0m = 0 [0;36mround[0m = 294 [0;36mnonce[0m = 285 [0;36mhash[0m = 8b0d89e171f740565c34a40ff69c24d2bd7e9f0363a6cd27f359c6230f5229a5 
[0;36mDEBUG[0m[2026-03-16 10:14:11.864]   received shard header from network in block tracker [0;36mshard[0m = 0 [0;36mepoch[0m = 0 [0;36mround[0m = 295 [0;36mnonce[0m = 286 [0;36mhash[0m = cb4e9411809620b718c0648530773a8f63962fa34dd70c3e869536388f62bbc4 
[0;36mDEBUG[0m[2026-03-16 10:14:11.864]   received shard header from network in block tracker [0;36mshard[0m = 0 [0;36mepoch[0m = 0 [0;36mround[0m = 296 [0;36mnonce[0m = 287 [0;36mhash[0m = edf11743eb56cad0ab982ae800479be100d27b06f039cdf2a1ae07f43e27feb9 
[0;36mDEBUG[0m[2026-03-16 10:14:11.864]   received shard header from network in block tracker [0;36mshard[0m = 0 [0;36mepoch[0m = 0 [0;36mround[0m = 297 [0;36mnonce[0m = 288 [0;36mhash[0m = 34206f44834368631344421278a0b52f4bd4da9145f5c1a39f25647f7f9408c7 
[0;36mDEBUG[0m[2026-03-16 10:14:11.864]   received shard header from network in block tracker [0;36mshard[0m = 0 [0;36mepoch[0m = 0 [0;36mround[0m = 298 [0;36mnonce[0m = 289 [0;36mhash[0m = 10a4e5bc46d2fe6f452d049ba4139c88b1ca92eff4f274a3225b1b3e0e078c06 
[0;36mDEBUG[0m[2026-03-16 10:14:11.864]   received shard header from network in block tracker [0;36mshard[0m = 0 [0;36mepoch[0m = 0 [0;36mround[0m = 299 [0;36mnonce[0m = 290 [0;36mhash[0m = e815ee4d5661cb883cfc926ac8f152441fa0d7ef90c228f34844c9a94cd0e407 
[0;36mDEBUG[0m[2026-03-16 10:14:11.864]   received shard header from network in block tracker [0;36mshard[0m = 0 [0;36mepoch[0m = 0 [0;36mround[0m = 300 [0;36mnonce[0m = 291 [0;36mhash[0m = a2de2bdc8958ec8aec5a74d11170d311ccf8a302c00b52fa6646066c96e31388 
[0;36mDEBUG[0m[2026-03-16 10:14:11.864]   received shard header from network in block tracker [0;36mshard[0m = 0 [0;36mepoch[0m = 0 [0;36mround[0m = 301 [0;36mnonce[0m = 292 [0;36mhash[0m = 51968645175bf9cf053d99642b4f9ad0b66dd260ea7c350eaae8dc41642e2e18 
[0;36mDEBUG[0m[2026-03-16 10:14:11.864]   received shard header from network in block tracker [0;36mshard[0m = 0 [0;36mepoch[0m = 0 [0;36mround[0m = 302 [0;36mnonce[0m = 293 [0;36mhash[0m = 7666f45d901df133acd8d90034db2df4b1467f6c5474ee77ede6ef1982b6c69c 
[0;36mDEBUG[0m[2026-03-16 10:14:11.864]   received shard header from network in block tracker [0;36mshard[0m = 0 [0;36mepoch[0m = 0 [0;36mround[0m = 303 [0;36mnonce[0m = 294 [0;36mhash[0m = 71accbd6bb168b6ad1a80f188d056b340f6798222d930bd79dadf40dcc44f994 
[0;36mDEBUG[0m[2026-03-16 10:14:11.864]   received shard header from network in block tracker [0;36mshard[0m = 0 [0;36mepoch[0m = 0 [0;36mround[0m = 304 [0;36mnonce[0m = 295 [0;36mhash[0m = 1df6dfebfd8aae11e4aef7294d6adb1f7378ed60173fecd19338ded4358bb72b 
[0;36mDEBUG[0m[2026-03-16 10:14:11.864]   received shard header from network in block tracker [0;36mshard[0m = 0 [0;36mepoch[0m = 0 [0;36mround[0m = 305 [0;36mnonce[0m = 296 [0;36mhash[0m = 9c4224c8b8d99d1cdea406dd3694176f2d0436d4a1de45a888860b05aa11ce59 
[0;36mDEBUG[0m[2026-03-16 10:14:11.864]   received shard header from network in block tracker [0;36mshard[0m = 0 [0;36mepoch[0m = 0 [0;36mround[0m = 306 [0;36mnonce[0m = 297 [0;36mhash[0m = 5d5f3d411d31adf0df18133e08431ed2385d06c0138b00d1cca6004069d6c61a 
[0;36mDEBUG[0m[2026-03-16 10:14:11.864]   received shard header from network in block tracker [0;36mshard[0m = 0 [0;36mepoch[0m = 0 [0;36mround[0m = 307 [0;36mnonce[0m = 298 [0;36mhash[0m = 9c7ac1e5d724f129f61ee84c449aa19fcdb93674273752645d5d0667fc31ffeb 
[0;36mDEBUG[0m[2026-03-16 10:14:11.864]   received shard header from network in block tracker [0;36mshard[0m = 0 [0;36mepoch[0m = 0 [0;36mround[0m = 308 [0;36mnonce[0m = 299 [0;36mhash[0m = 23fd623d7e0e4dcb9b0c1b908fac52ac3b09fcdd3b79a18661cb65231feb641a 
[0;36mDEBUG[0m[2026-03-16 10:14:11.864]   received shard header from network in block tracker [0;36mshard[0m = 0 [0;36mepoch[0m = 0 [0;36mround[0m = 309 [0;36mnonce[0m = 300 [0;36mhash[0m = b949dadc0a97219e96100dbdb970ebc7520461268f3f0a39fc988deb74cefe9a 
[0;36mDEBUG[0m[2026-03-16 10:14:11.864]   received shard header from network in block tracker [0;36mshard[0m = 0 [0;36mepoch[0m = 0 [0;36mround[0m = 310 [0;36mnonce[0m = 301 [0;36mhash[0m = ae626926e78187f0a12b334b883bce0490b7b465bd713b8c97659adc6935a09b 
[0;36mDEBUG[0m[2026-03-16 10:14:11.864]   received shard header from network in block tracker [0;36mshard[0m = 0 [0;36mepoch[0m = 0 [0;36mround[0m = 311 [0;36mnonce[0m = 302 [0;36mhash[0m = e8ef58dad87a5d501a700022c60dddc642ddae15c113ebcc83cc5041b736ae1b 
[0;36mDEBUG[0m[2026-03-16 10:14:11.864]   received shard header from network in block tracker [0;36mshard[0m = 0 [0;36mepoch[0m = 0 [0;36mround[0m = 312 [0;36mnonce[0m = 303 [0;36mhash[0m = bd5f7a44e51c3f1d6837de2ddca2bf70465f153d01faee3445272025bcc45621 
[0;36mDEBUG[0m[2026-03-16 10:14:11.869]   received shard header from network in block tracker [0;36mshard[0m = 0 [0;36mepoch[0m = 0 [0;36mround[0m = 313 [0;36mnonce[0m = 304 [0;36mhash[0m = 732dfbe5e3c6e2f0482f99d87ee386398660fa6c44245b2d2b217a2012ce2dd6 
[0;36mDEBUG[0m[2026-03-16 10:14:11.869]   received shard header from network in block tracker [0;36mshard[0m = 0 [0;36mepoch[0m = 0 [0;36mround[0m = 314 [0;36mnonce[0m = 305 [0;36mhash[0m = 875c7b7024a419a778fc554c1c766410cc00407bd09240cdd5add16fb769fe3d 
[0;36mDEBUG[0m[2026-03-16 10:14:11.869]   received shard header from network in block tracker [0;36mshard[0m = 0 [0;36mepoch[0m = 0 [0;36mround[0m = 315 [0;36mnonce[0m = 306 [0;36mhash[0m = 09f01e4540149ae4dbdfcbfc7b85a45b039066b7dfe25ab793ac53e39a3697ee 
[0;36mDEBUG[0m[2026-03-16 10:14:11.869]   received shard header from network in block tracker [0;36mshard[0m = 0 [0;36mepoch[0m = 0 [0;36mround[0m = 316 [0;36mnonce[0m = 307 [0;36mhash[0m = 0d57298bc03c12b778691742e36883b4b1adbb9150120d877aea063928b199ed 
[0;36mDEBUG[0m[2026-03-16 10:14:11.869]   received shard header from network in block tracker [0;36mshard[0m = 0 [0;36mepoch[0m = 0 [0;36mround[0m = 317 [0;36mnonce[0m = 308 [0;36mhash[0m = e7bdf5e3bd1d88e1c710fb27793658cc139b9eb42d349f6a421e60b20c4f28ad 
[0;36mDEBUG[0m[2026-03-16 10:14:11.869]   received shard header from network in block tracker [0;36mshard[0m = 0 [0;36mepoch[0m = 0 [0;36mround[0m = 318 [0;36mnonce[0m = 309 [0;36mhash[0m = 5c38ffafc86f74fc4bd25c255efa5d24a68e720497eb236b74f29d4fbdaec641 
[0;36mDEBUG[0m[2026-03-16 10:14:11.869]   received shard header from network in block tracker [0;36mshard[0m = 0 [0;36mepoch[0m = 0 [0;36mround[0m = 319 [0;36mnonce[0m = 310 [0;36mhash[0m = 1a6d4b39497c864f3502899bd70bdf4664a6eb23ed9921cf25ac8f70ca7fc0ea 
[0;36mDEBUG[0m[2026-03-16 10:14:11.869]   received shard header from network in block tracker [0;36mshard[0m = 0 [0;36mepoch[0m = 0 [0;36mround[0m = 320 [0;36mnonce[0m = 311 [0;36mhash[0m = 6acbdffb0ae2a38a50f473662e64bc7257387337262c53572454047d26c452ed 
[0;36mDEBUG[0m[2026-03-16 10:14:11.870]   received shard header from network in block tracker [0;36mshard[0m = 0 [0;36mepoch[0m = 0 [0;36mround[0m = 321 [0;36mnonce[0m = 312 [0;36mhash[0m = c77c400c7a8da76e8ae6f7fe4594df8cea0b6cd18d218c47a151f6e964f2c91e 
[0;36mDEBUG[0m[2026-03-16 10:14:11.870]   received shard header from network in block tracker [0;36mshard[0m = 0 [0;36mepoch[0m = 0 [0;36mround[0m = 322 [0;36mnonce[0m = 313 [0;36mhash[0m = cb0a1d368feebe2b5c3440c3a4e2a2745d4e5802ae8cfc1a23be050c3aadf70e 
[0;36mDEBUG[0m[2026-03-16 10:14:11.870]   received shard header from network in block tracker [0;36mshard[0m = 0 [0;36mepoch[0m = 0 [0;36mround[0m = 323 [0;36mnonce[0m = 314 [0;36mhash[0m = f27936c2ebaac827d999b2617e34515b0a40f5ca31eb014abf85c43b260093a4 
[0;36mDEBUG[0m[2026-03-16 10:14:11.870]   received shard header from network in block tracker [0;36mshard[0m = 0 [0;36mepoch[0m = 0 [0;36mround[0m = 324 [0;36mnonce[0m = 315 [0;36mhash[0m = 168f16fabfcc3c4325d338a33d296685433793e7796a4efdf134b6546c7bbcd2 
[0;36mDEBUG[0m[2026-03-16 10:14:11.870]   received shard header from network in block tracker [0;36mshard[0m = 0 [0;36mepoch[0m = 0 [0;36mround[0m = 325 [0;36mnonce[0m = 316 [0;36mhash[0m = d20ee2d804525e16600e7cbe5e2d31e48e35ae3346a5b0c43fde36c697dc826e 
[0;36mDEBUG[0m[2026-03-16 10:14:11.870]   received shard header from network in block tracker [0;36mshard[0m = 0 [0;36mepoch[0m = 0 [0;36mround[0m = 326 [0;36mnonce[0m = 317 [0;36mhash[0m = 77e7fabcb5323b7e4e221fb65374e96f6a6669f8b6007d408939ef6861ee3205 
[0;36mDEBUG[0m[2026-03-16 10:14:11.870]   received shard header from network in block tracker [0;36mshard[0m = 0 [0;36mepoch[0m = 0 [0;36mround[0m = 327 [0;36mnonce[0m = 318 [0;36mhash[0m = 66214194971750287b940660daa7ae95c5d7b08f2e7b8092a09c3c0f33ae64be 
[0;36mDEBUG[0m[2026-03-16 10:14:11.870]   received shard header from network in block tracker [0;36mshard[0m = 0 [0;36mepoch[0m = 0 [0;36mround[0m = 328 [0;36mnonce[0m = 319 [0;36mhash[0m = 8f12ac9b8b37d2699cde722e885be32674b4458218ef537d52c8298e74f79bfd 
[0;36mDEBUG[0m[2026-03-16 10:14:11.870]   received shard header from network in block tracker [0;36mshard[0m = 0 [0;36mepoch[0m = 0 [0;36mround[0m = 329 [0;36mnonce[0m = 320 [0;36mhash[0m = 55025c4484f1d5bcec1a2726e50f5162df97d8d3b65dea601a2a606dbc9bc361 
[0;36mDEBUG[0m[2026-03-16 10:14:11.870]   received shard header from network in block tracker [0;36mshard[0m = 0 [0;36mepoch[0m = 0 [0;36mround[0m = 330 [0;36mnonce[0m = 321 [0;36mhash[0m = e75bf32e60f07a8b969f61d0d8aba15ae5ba3055393ac173132df514d1d016e9 
[0;36mDEBUG[0m[2026-03-16 10:14:11.870]   received shard header from network in block tracker [0;36mshard[0m = 0 [0;36mepoch[0m = 0 [0;36mround[0m = 331 [0;36mnonce[0m = 322 [0;36mhash[0m = de6721710b67880e711c36af8ad23b608cb9e7703a48df2b521c28e10ddb08e7 
[0;36mDEBUG[0m[2026-03-16 10:14:11.870]   received shard header from network in block tracker [0;36mshard[0m = 0 [0;36mepoch[0m = 0 [0;36mround[0m = 332 [0;36mnonce[0m = 323 [0;36mhash[0m = 295bd6d544c35d36efb3acfdf663a590ba8a43c483922c5118cd8cce569a17d4 
[0;36mDEBUG[0m[2026-03-16 10:14:11.870]   received shard header from network in block tracker [0;36mshard[0m = 0 [0;36mepoch[0m = 0 [0;36mround[0m = 333 [0;36mnonce[0m = 324 [0;36mhash[0m = 019a3050966af8f8e7277a914c843849b7b99ea7d52d43efa7ed739220efa84b 
[0;36mDEBUG[0m[2026-03-16 10:14:11.870]   received shard header from network in block tracker [0;36mshard[0m = 0 [0;36mepoch[0m = 0 [0;36mround[0m = 334 [0;36mnonce[0m = 325 [0;36mhash[0m = fe4bcf93e000341388e3c29c6a1253077d6bcb07f20b2e87167b276985ece18b 
[0;36mDEBUG[0m[2026-03-16 10:14:11.870]   received shard header from network in block tracker [0;36mshard[0m = 0 [0;36mepoch[0m = 0 [0;36mround[0m = 335 [0;36mnonce[0m = 326 [0;36mhash[0m = 2cc7e6ea0589d5aadc1fe3a212f3f1d0971131e021df160779fb96f3205383a6 
[0;36mDEBUG[0m[2026-03-16 10:14:11.870]   received shard header from network in block tracker [0;36mshard[0m = 0 [0;36mepoch[0m = 0 [0;36mround[0m = 336 [0;36mnonce[0m = 327 [0;36mhash[0m = 51283edb29acc7f4a400675c66f5f479b264d502bf3945cdef081ee847804dd9 
[0;36mDEBUG[0m[2026-03-16 10:14:11.870]   received shard header from network in block tracker [0;36mshard[0m = 0 [0;36mepoch[0m = 0 [0;36mround[0m = 337 [0;36mnonce[0m = 328 [0;36mhash[0m = 65955cd48971ae5ccfe120d9914c4a661e40ea208bbecc92099d635a5bed5240 
[0;36mDEBUG[0m[2026-03-16 10:14:11.870]   received shard header from network in block tracker [0;36mshard[0m = 0 [0;36mepoch[0m = 0 [0;36mround[0m = 338 [0;36mnonce[0m = 329 [0;36mhash[0m = 9d191c73e613d9d0d93a7f3ebc3292c6bad16aff83e66958b8bfac829d625d26 
[0;36mDEBUG[0m[2026-03-16 10:14:11.870]   received shard header from network in block tracker [0;36mshard[0m = 0 [0;36mepoch[0m = 0 [0;36mround[0m = 339 [0;36mnonce[0m = 330 [0;36mhash[0m = 8cb1cd7bed1df4f17fff5e2aad7c95bca5804dc635ced698ec239cf04d552d3b 
[0;36mDEBUG[0m[2026-03-16 10:14:11.870]   received shard header from network in block tracker [0;36mshard[0m = 0 [0;36mepoch[0m = 0 [0;36mround[0m = 340 [0;36mnonce[0m = 331 [0;36mhash[0m = fde75be082b091a1af7a732ecb68b94203bbfce0fde03643a5684b98d35a2f37 
[0;36mDEBUG[0m[2026-03-16 10:14:11.870]   received shard header from network in block tracker [0;36mshard[0m = 0 [0;36mepoch[0m = 0 [0;36mround[0m = 341 [0;36mnonce[0m = 332 [0;36mhash[0m = cc9c2f29cc7b944415fff85b6d6bf3bf7f1a6c6d3aace9fca7a905e01def8fd4 
[0;36mDEBUG[0m[2026-03-16 10:14:11.870]   received shard header from network in block tracker [0;36mshard[0m = 0 [0;36mepoch[0m = 0 [0;36mround[0m = 342 [0;36mnonce[0m = 333 [0;36mhash[0m = 9581b6fe8bfa64dfadc0227f4891eeea5e638683d5ce27dc43c38ac8a6dcd5fd 
[0;36mDEBUG[0m[2026-03-16 10:14:11.870]   received shard header from network in block tracker [0;36mshard[0m = 0 [0;36mepoch[0m = 0 [0;36mround[0m = 343 [0;36mnonce[0m = 334 [0;36mhash[0m = 0fd30b61e1cdb28f36cb2b3373f0ba0fb22639aeb0c57bef0d1cac7c3fdbbc48 
[0;36mDEBUG[0m[2026-03-16 10:14:11.870]   received shard header from network in block tracker [0;36mshard[0m = 0 [0;36mepoch[0m = 0 [0;36mround[0m = 344 [0;36mnonce[0m = 335 [0;36mhash[0m = 9db6d4040bd3adfaf46b091e27e7bb7681e36704da2d07d79c29c5954cedecc2 
[0;36mDEBUG[0m[2026-03-16 10:14:11.870]   received shard header from network in block tracker [0;36mshard[0m = 0 [0;36mepoch[0m = 0 [0;36mround[0m = 345 [0;36mnonce[0m = 336 [0;36mhash[0m = 313d4521680d4af34909958eef96e262dbbc49d9299e0deabeb74d2de92e8810 
[0;36mDEBUG[0m[2026-03-16 10:14:11.870]   received shard header from network in block tracker [0;36mshard[0m = 0 [0;36mepoch[0m = 0 [0;36mround[0m = 346 [0;36mnonce[0m = 337 [0;36mhash[0m = 87fe98a3d8ae9d65284dc7556b0fcad8ec93d2bdc66c48f49d9ac8b7494cd41d 
[0;36mDEBUG[0m[2026-03-16 10:14:11.870]   received shard header from network in block tracker [0;36mshard[0m = 0 [0;36mepoch[0m = 0 [0;36mround[0m = 347 [0;36mnonce[0m = 338 [0;36mhash[0m = ae7e9261c53b17cf4ce1802bad17d77de7e03736033008b98b4daf9395c56130 
[0;36mDEBUG[0m[2026-03-16 10:14:11.870]   received shard header from network in block tracker [0;36mshard[0m = 0 [0;36mepoch[0m = 0 [0;36mround[0m = 348 [0;36mnonce[0m = 339 [0;36mhash[0m = 88ed53e51192dd2d55ef883be8c14d6bf8974bd41138b00cef0e34d752632d56 
[0;36mDEBUG[0m[2026-03-16 10:14:11.870]   received shard header from network in block tracker [0;36mshard[0m = 0 [0;36mepoch[0m = 0 [0;36mround[0m = 349 [0;36mnonce[0m = 340 [0;36mhash[0m = 4750cb6bd0432feb6dcb9be8b4ba431d9ae828e429954e487f808d028e2ce4e2 
[0;36mDEBUG[0m[2026-03-16 10:14:11.870]   received shard header from network in block tracker [0;36mshard[0m = 0 [0;36mepoch[0m = 0 [0;36mround[0m = 350 [0;36mnonce[0m = 341 [0;36mhash[0m = 4939febb566706662860904bf4136c1485915b429027a917f828911731f17d1d 
[0;36mDEBUG[0m[2026-03-16 10:14:11.870]   received shard header from network in block tracker [0;36mshard[0m = 0 [0;36mepoch[0m = 0 [0;36mround[0m = 351 [0;36mnonce[0m = 342 [0;36mhash[0m = c7a9ec4e25305e7d42d2622707a0296dd94187eb3d83eb83070815abe76afde8 
[0;36mDEBUG[0m[2026-03-16 10:14:11.870]   received shard header from network in block tracker [0;36mshard[0m = 0 [0;36mepoch[0m = 0 [0;36mround[0m = 352 [0;36mnonce[0m = 343 [0;36mhash[0m = a6bfcbbeef87c2f0c2cea4abf1ccbd81fb7e369af3edb73dd3eb69b73a18427b 
[0;36mDEBUG[0m[2026-03-16 10:14:11.870]   received shard header from network in block tracker [0;36mshard[0m = 0 [0;36mepoch[0m = 0 [0;36mround[0m = 353 [0;36mnonce[0m = 344 [0;36mhash[0m = 22862dd858c94c4ca1c505bbce670f61255959a88c13e4b266cfef1d55cd461d 
[0;36mDEBUG[0m[2026-03-16 10:14:11.870]   received shard header from network in block tracker [0;36mshard[0m = 0 [0;36mepoch[0m = 0 [0;36mround[0m = 354 [0;36mnonce[0m = 345 [0;36mhash[0m = 03de443802db0c65fe353fe961bc397a097b9adff595ec4bb5bedd2edc0e767a 
[0;36mDEBUG[0m[2026-03-16 10:14:11.870]   received shard header from network in block tracker [0;36mshard[0m = 0 [0;36mepoch[0m = 0 [0;36mround[0m = 355 [0;36mnonce[0m = 346 [0;36mhash[0m = 41f2bd32124b1ba396f85d3aa012c83c52e6b8b0f93f08b3721123e12365376f 
[0;36mDEBUG[0m[2026-03-16 10:14:11.870]   received shard header from network in block tracker [0;36mshard[0m = 0 [0;36mepoch[0m = 0 [0;36mround[0m = 356 [0;36mnonce[0m = 347 [0;36mhash[0m = f94e324fd05105130d27b6d00c5040679cf711f356a9687acca73d600660d7e6 
[0;36mDEBUG[0m[2026-03-16 10:14:11.870]   received shard header from network in block tracker [0;36mshard[0m = 0 [0;36mepoch[0m = 0 [0;36mround[0m = 357 [0;36mnonce[0m = 348 [0;36mhash[0m = 3f3ba59835d92c3781faf9f8074a12290d9dfc43c4ed61609d8b0dac5c2a77d1 
[0;36mDEBUG[0m[2026-03-16 10:14:11.870]   received shard header from network in block tracker [0;36mshard[0m = 0 [0;36mepoch[0m = 0 [0;36mround[0m = 358 [0;36mnonce[0m = 349 [0;36mhash[0m = 9dba688e3b69884bb6fd405ae4131d49440adfc3c3fe2358f13a47c41125f281 
[0;36mDEBUG[0m[2026-03-16 10:14:11.870]   received shard header from network in block tracker [0;36mshard[0m = 0 [0;36mepoch[0m = 0 [0;36mround[0m = 359 [0;36mnonce[0m = 350 [0;36mhash[0m = d5b3cf771fe0764c4f312fb85997739b2fd1cf330786d4b6cfb1c9d625fd8e97 
[0;36mDEBUG[0m[2026-03-16 10:14:11.870]   received shard header from network in block tracker [0;36mshard[0m = 0 [0;36mepoch[0m = 0 [0;36mround[0m = 360 [0;36mnonce[0m = 351 [0;36mhash[0m = bd3696fc9e042682f601552d36f3b8a0c4c912d99ddf74cb5c5824056d060c44 
[0;36mDEBUG[0m[2026-03-16 10:14:11.870]   received shard header from network in block tracker [0;36mshard[0m = 0 [0;36mepoch[0m = 0 [0;36mround[0m = 361 [0;36mnonce[0m = 352 [0;36mhash[0m = 416ffc7bada4787dfa7ec02877d572aed8a88fa92cb4c4d629f4027be24a6b6c 
[0;36mDEBUG[0m[2026-03-16 10:14:11.870]   received shard header from network in block tracker [0;36mshard[0m = 0 [0;36mepoch[0m = 0 [0;36mround[0m = 362 [0;36mnonce[0m = 353 [0;36mhash[0m = 7b2f8394388e40f35083487482e4f82d37bd953b409b58779a863933150a840f 
[0;36mDEBUG[0m[2026-03-16 10:14:11.870]   received shard header from network in block tracker [0;36mshard[0m = 0 [0;36mepoch[0m = 0 [0;36mround[0m = 363 [0;36mnonce[0m = 354 [0;36mhash[0m = 9391e8bdd2531cb1ef65a02f658823fb89eba57f1760e627e2fef235d9906c8f 
[0;36mDEBUG[0m[2026-03-16 10:14:11.870]   received shard header from network in block tracker [0;36mshard[0m = 0 [0;36mepoch[0m = 0 [0;36mround[0m = 364 [0;36mnonce[0m = 355 [0;36mhash[0m = 547fa3d077ff31dfd1d1bb6b242376ddf061e3e43268e9e66655500a41ff6546 
[0;36mDEBUG[0m[2026-03-16 10:14:11.870]   received shard header from network in block tracker [0;36mshard[0m = 0 [0;36mepoch[0m = 0 [0;36mround[0m = 365 [0;36mnonce[0m = 356 [0;36mhash[0m = 9159f3899ef3d370687c55004bb76baa447df0842fb8a6cf1adaff65037ee963 
[0;36mDEBUG[0m[2026-03-16 10:14:11.870]   received shard header from network in block tracker [0;36mshard[0m = 0 [0;36mepoch[0m = 0 [0;36mround[0m = 366 [0;36mnonce[0m = 357 [0;36mhash[0m = 005879f2d049176e68cf2a9903bc76275c15d693ff372a483c3cf30e599705a0 
[0;36mDEBUG[0m[2026-03-16 10:14:11.870]   received shard header from network in block tracker [0;36mshard[0m = 0 [0;36mepoch[0m = 0 [0;36mround[0m = 367 [0;36mnonce[0m = 358 [0;36mhash[0m = 7ad7f4b5d180d8460c419339d72f814650a183bcc00132312115c193f2a7c5a9 
[0;36mDEBUG[0m[2026-03-16 10:14:11.870]   received shard header from network in block tracker [0;36mshard[0m = 0 [0;36mepoch[0m = 0 [0;36mround[0m = 368 [0;36mnonce[0m = 359 [0;36mhash[0m = 5dab653fcf33675d00429fbd495f02335d4ee85ada58b1469839a97474ad9ee2 
[0;36mDEBUG[0m[2026-03-16 10:14:11.870]   received shard header from network in block tracker [0;36mshard[0m = 0 [0;36mepoch[0m = 0 [0;36mround[0m = 369 [0;36mnonce[0m = 360 [0;36mhash[0m = a2b76fe703746fc41d5d5614bee43e95097f06178ead1d1d90eba1720153fe32 
[0;36mDEBUG[0m[2026-03-16 10:14:11.870]   received shard header from network in block tracker [0;36mshard[0m = 0 [0;36mepoch[0m = 0 [0;36mround[0m = 370 [0;36mnonce[0m = 361 [0;36mhash[0m = 2a484c7f12c3cc624631b3d89c76dd712269afcaad22610ad2b321610b629bb8 
[0;36mDEBUG[0m[2026-03-16 10:14:11.870]   received shard header from network in block tracker [0;36mshard[0m = 0 [0;36mepoch[0m = 0 [0;36mround[0m = 371 [0;36mnonce[0m = 362 [0;36mhash[0m = 96309f5c14a49c7b4fb6612fe3e568d404498cc2246e7e4eca6c6e832a3170b6 
[0;36mDEBUG[0m[2026-03-16 10:14:11.870]   received shard header from network in block tracker [0;36mshard[0m = 0 [0;36mepoch[0m = 0 [0;36mround[0m = 372 [0;36mnonce[0m = 363 [0;36mhash[0m = c262f5ae6d4ec941186faba305c3eb8e9eea5c610699d5d4e509fdfaaecf13cf 
[0;36mDEBUG[0m[2026-03-16 10:14:11.870]   received shard header from network in block tracker [0;36mshard[0m = 0 [0;36mepoch[0m = 0 [0;36mround[0m = 373 [0;36mnonce[0m = 364 [0;36mhash[0m = d893d2cdd2f368b9117f4f92d71830a138394dd7b722a97b57fb51644dcb990b 
[0;36mDEBUG[0m[2026-03-16 10:14:11.870]   received shard header from network in block tracker [0;36mshard[0m = 0 [0;36mepoch[0m = 0 [0;36mround[0m = 374 [0;36mnonce[0m = 365 [0;36mhash[0m = 08010615c6b5b1eb496db051d5f28a5046a77fa71e58b346df47886bcb716444 
[0;36mDEBUG[0m[2026-03-16 10:14:11.870]   received shard header from network in block tracker [0;36mshard[0m = 0 [0;36mepoch[0m = 0 [0;36mround[0m = 375 [0;36mnonce[0m = 366 [0;36mhash[0m = 71f8eb2f72063f92144115586f592c502f9cf9eb6378afacfe3969432eb22e30 
[0;36mDEBUG[0m[2026-03-16 10:14:11.870]   received shard header from network in block tracker [0;36mshard[0m = 0 [0;36mepoch[0m = 0 [0;36mround[0m = 376 [0;36mnonce[0m = 367 [0;36mhash[0m = 94b3c5406db07905fc4d9cf9f9ba8600068e24dbe748b12fb833425ea76606a3 
[0;36mDEBUG[0m[2026-03-16 10:14:11.870]   received shard header from network in block tracker [0;36mshard[0m = 0 [0;36mepoch[0m = 0 [0;36mround[0m = 377 [0;36mnonce[0m = 368 [0;36mhash[0m = 26edfc39dc22f0f7de5ecb278a793b5cfcd00ce47e1e7ba112d4ea782f16620d 
[0;36mDEBUG[0m[2026-03-16 10:14:11.870]   received shard header from network in block tracker [0;36mshard[0m = 0 [0;36mepoch[0m = 0 [0;36mround[0m = 378 [0;36mnonce[0m = 369 [0;36mhash[0m = b41e27e81660f31c9790915a50027991c27d762e12602285fd0d76617d84323c 
[0;36mDEBUG[0m[2026-03-16 10:14:11.870]   received shard header from network in block tracker [0;36mshard[0m = 0 [0;36mepoch[0m = 0 [0;36mround[0m = 379 [0;36mnonce[0m = 370 [0;36mhash[0m = 40df0d2633d0b8dcf5c2e6ed42af18f56cb738316b6aa824c87ffbd4f72615b8 
[0;36mDEBUG[0m[2026-03-16 10:14:11.870]   received shard header from network in block tracker [0;36mshard[0m = 0 [0;36mepoch[0m = 0 [0;36mround[0m = 380 [0;36mnonce[0m = 371 [0;36mhash[0m = 2a6084fc5e42535f93ba257ffff71258e3abf0598312385ae5b4e327f6fcba62 
[0;36mDEBUG[0m[2026-03-16 10:14:11.870]   received shard header from network in block tracker [0;36mshard[0m = 0 [0;36mepoch[0m = 0 [0;36mround[0m = 381 [0;36mnonce[0m = 372 [0;36mhash[0m = 3a9dca5f592d843bdbe088de2d78216baef88012acc86dd41fc2c731b6689d2c 
[0;36mDEBUG[0m[2026-03-16 10:14:11.870]   received shard header from network in block tracker [0;36mshard[0m = 0 [0;36mepoch[0m = 0 [0;36mround[0m = 382 [0;36mnonce[0m = 373 [0;36mhash[0m = 60a55eb9d44f1124d0ffde7319f694e9a4476bc8b24182e22627cb872bb51094 
[0;36mDEBUG[0m[2026-03-16 10:14:11.870]   received shard header from network in block tracker [0;36mshard[0m = 0 [0;36mepoch[0m = 0 [0;36mround[0m = 383 [0;36mnonce[0m = 374 [0;36mhash[0m = b52adb2f2daca3bee95abcd14b6b6d43574eb776fa02badc30795671c1730754 
[0;36mDEBUG[0m[2026-03-16 10:14:11.870]   received shard header from network in block tracker [0;36mshard[0m = 0 [0;36mepoch[0m = 0 [0;36mround[0m = 384 [0;36mnonce[0m = 375 [0;36mhash[0m = 8868937f06d5d8cdabcc8376726ee338a08f17b876d2587a576c3d192f822440 
[0;36mDEBUG[0m[2026-03-16 10:14:11.870]   received shard header from network in block tracker [0;36mshard[0m = 0 [0;36mepoch[0m = 0 [0;36mround[0m = 385 [0;36mnonce[0m = 376 [0;36mhash[0m = 81267301deab99ea1311d848de279668a48eb1547f2bdb6941cf35c80a4ef641 
[0;36mDEBUG[0m[2026-03-16 10:14:11.870]   received shard header from network in block tracker [0;36mshard[0m = 0 [0;36mepoch[0m = 0 [0;36mround[0m = 386 [0;36mnonce[0m = 377 [0;36mhash[0m = a2cf091f953fe43905d8a5dd02cfa49cea2fed1d7e2797cc09125bf71e3d501b 
[0;36mDEBUG[0m[2026-03-16 10:14:11.870]   received shard header from network in block tracker [0;36mshard[0m = 0 [0;36mepoch[0m = 0 [0;36mround[0m = 387 [0;36mnonce[0m = 378 [0;36mhash[0m = 740a3d3daac9c9f62a0520a0ed4d7da9227d7d4ecd62c5b4ea4329eedf428216 
[0;36mDEBUG[0m[2026-03-16 10:14:11.870]   received shard header from network in block tracker [0;36mshard[0m = 0 [0;36mepoch[0m = 0 [0;36mround[0m = 388 [0;36mnonce[0m = 379 [0;36mhash[0m = 3c37f057ae68e663a0b7a0318b11b57823791fd9fd8c9008b51bcd02fee6385f 
[0;36mDEBUG[0m[2026-03-16 10:14:11.870]   received shard header from network in block tracker [0;36mshard[0m = 0 [0;36mepoch[0m = 0 [0;36mround[0m = 389 [0;36mnonce[0m = 380 [0;36mhash[0m = 8ef5ce5b2660d17d7d0cb215fc2c40e7014d3be8fe96417db8d11d412be48d80 
[0;36mDEBUG[0m[2026-03-16 10:14:11.870]   received shard header from network in block tracker [0;36mshard[0m = 0 [0;36mepoch[0m = 0 [0;36mround[0m = 390 [0;36mnonce[0m = 381 [0;36mhash[0m = 4478f73107a2a14add88ed2229dfb8d16c679fb8a1e3c4b16f4212f048fce506 
[0;36mDEBUG[0m[2026-03-16 10:14:11.870]   received shard header from network in block tracker [0;36mshard[0m = 0 [0;36mepoch[0m = 0 [0;36mround[0m = 391 [0;36mnonce[0m = 382 [0;36mhash[0m = 11ff947c91512b726d4ecf4351546d4d6d44dad2e4e66f6dc20c5cd7d3ebb704 
[0;36mDEBUG[0m[2026-03-16 10:14:11.870]   received shard header from network in block tracker [0;36mshard[0m = 0 [0;36mepoch[0m = 0 [0;36mround[0m = 392 [0;36mnonce[0m = 383 [0;36mhash[0m = 3bea9670e13c4469ad526107ae8d9acf59dcbecea7ebc926522d006b4806d95e 
[0;36mDEBUG[0m[2026-03-16 10:14:11.870]   received shard header from network in block tracker [0;36mshard[0m = 0 [0;36mepoch[0m = 0 [0;36mround[0m = 393 [0;36mnonce[0m = 384 [0;36mhash[0m = 8fefaa3a5020f155cf3e48a0507b5ae2bbf08b4e2dde2b180cef0622741cf1be 
[0;36mDEBUG[0m[2026-03-16 10:14:11.870]   received shard header from network in block tracker [0;36mshard[0m = 0 [0;36mepoch[0m = 0 [0;36mround[0m = 394 [0;36mnonce[0m = 385 [0;36mhash[0m = a1e3907c0cdc3a5bebe604e865f61ec05f6e536699a2edbc3211499942f1a9a5 
[0;36mDEBUG[0m[2026-03-16 10:14:11.870]   received shard header from network in block tracker [0;36mshard[0m = 0 [0;36mepoch[0m = 0 [0;36mround[0m = 395 [0;36mnonce[0m = 386 [0;36mhash[0m = 0f8aefd67216abfebb64eb2868bf3cb0eedded77f66b88277b1dffbc5455f34f 
[0;36mDEBUG[0m[2026-03-16 10:14:11.870]   received shard header from network in block tracker [0;36mshard[0m = 0 [0;36mepoch[0m = 0 [0;36mround[0m = 396 [0;36mnonce[0m = 387 [0;36mhash[0m = 5aba9376de64ff8c9242ab02bf7e5e251e82f158af3ece534cba71830d55ccf7 
[0;36mDEBUG[0m[2026-03-16 10:14:11.870]   received shard header from network in block tracker [0;36mshard[0m = 0 [0;36mepoch[0m = 0 [0;36mround[0m = 397 [0;36mnonce[0m = 388 [0;36mhash[0m = 6096a24243d2c588d25aef37a9b710e0d5f093264082ba864532ebf804d1d55b 
[0;36mDEBUG[0m[2026-03-16 10:14:11.870]   received shard header from network in block tracker [0;36mshard[0m = 0 [0;36mepoch[0m = 0 [0;36mround[0m = 398 [0;36mnonce[0m = 389 [0;36mhash[0m = ffd1f70640c93c21d29960c3f10387626d0652ed9b9ac262f77febd274d7cb06 
[0;36mDEBUG[0m[2026-03-16 10:14:11.870]   received shard header from network in block tracker [0;36mshard[0m = 0 [0;36mepoch[0m = 0 [0;36mround[0m = 399 [0;36mnonce[0m = 390 [0;36mhash[0m = c829c127e08fc906b1eeec03c73d44f9b3ed537d24c1edda4ba465a64bff357a 
[0;36mDEBUG[0m[2026-03-16 10:14:11.870]   received shard header from network in block tracker [0;36mshard[0m = 0 [0;36mepoch[0m = 0 [0;36mround[0m = 400 [0;36mnonce[0m = 391 [0;36mhash[0m = fa369555574f5752eb657439d171708ac63c93abb92f6823c04772fb391b77ff 
[0;36mDEBUG[0m[2026-03-16 10:14:11.870]   received shard header from network in block tracker [0;36mshard[0m = 0 [0;36mepoch[0m = 0 [0;36mround[0m = 401 [0;36mnonce[0m = 392 [0;36mhash[0m = 091e551d99aa6d38a9e2c25fa6dee90156e37d5e5c8e8be712197188cd50b03c 
[0;36mDEBUG[0m[2026-03-16 10:14:11.870]   received shard header from network in block tracker [0;36mshard[0m = 0 [0;36mepoch[0m = 0 [0;36mround[0m = 402 [0;36mnonce[0m = 393 [0;36mhash[0m = 2e9adfbfd3f8457c16b33bf109058326d2e75fc657ce78066ddf21cb40f87aee 
[0;36mDEBUG[0m[2026-03-16 10:14:11.870]   received shard header from network in block tracker [0;36mshard[0m = 0 [0;36mepoch[0m = 0 [0;36mround[0m = 403 [0;36mnonce[0m = 394 [0;36mhash[0m = 91bd3bacdc04dae9e7054156997b702546d375765f5be655f6edb2c7d54af3a6 
[0;36mDEBUG[0m[2026-03-16 10:14:11.870]   received shard header from network in block tracker [0;36mshard[0m = 0 [0;36mepoch[0m = 0 [0;36mround[0m = 404 [0;36mnonce[0m = 395 [0;36mhash[0m = 61147a3cf10f541714223e65a9132ffa6477d32f0016750e8eae7eacebde4f51 
[0;36mDEBUG[0m[2026-03-16 10:14:11.870]   received shard header from network in block tracker [0;36mshard[0m = 0 [0;36mepoch[0m = 0 [0;36mround[0m = 405 [0;36mnonce[0m = 396 [0;36mhash[0m = 2dc063e1da18414e0a8da43c4d2c0695f2ea2fd034b0878a9be5434bec988f9b 
[0;36mDEBUG[0m[2026-03-16 10:14:11.870]   received shard header from network in block tracker [0;36mshard[0m = 0 [0;36mepoch[0m = 0 [0;36mround[0m = 406 [0;36mnonce[0m = 397 [0;36mhash[0m = 107c96ee31c3abc2fef62afc04b84e995d2a611c9bdd4dae4c2397c237e1d194 
[0;36mDEBUG[0m[2026-03-16 10:14:11.870]   received shard header from network in block tracker [0;36mshard[0m = 0 [0;36mepoch[0m = 0 [0;36mround[0m = 407 [0;36mnonce[0m = 398 [0;36mhash[0m = 932c54a22ad16638a6c09b2137bcec0f55fe967fa023a63569a95d397447516c 
[0;36mDEBUG[0m[2026-03-16 10:14:11.870]   received shard header from network in block tracker [0;36mshard[0m = 0 [0;36mepoch[0m = 0 [0;36mround[0m = 408 [0;36mnonce[0m = 399 [0;36mhash[0m = 3fb1791dbe425060738703c88cee55497babc8b99d114056066dd3cd1f16ec2b 
[0;36mDEBUG[0m[2026-03-16 10:14:11.870]   received shard header from network in block tracker [0;36mshard[0m = 0 [0;36mepoch[0m = 0 [0;36mround[0m = 409 [0;36mnonce[0m = 400 [0;36mhash[0m = 5781c8cd2255cb22363ae5ec0527d17616ba94e5286e4ff7851a54dac811502c 
[0;36mDEBUG[0m[2026-03-16 10:14:11.870]   received shard header from network in block tracker [0;36mshard[0m = 0 [0;36mepoch[0m = 0 [0;36mround[0m = 410 [0;36mnonce[0m = 401 [0;36mhash[0m = 959aca20c2d387ae615faf82a1961cc7ebca4a635b65146d0b115f68e75ace99 
[0;36mDEBUG[0m[2026-03-16 10:14:11.870]   received shard header from network in block tracker [0;36mshard[0m = 0 [0;36mepoch[0m = 0 [0;36mround[0m = 411 [0;36mnonce[0m = 402 [0;36mhash[0m = 74531e5619869c00908b471390bf023814992a9c093b3652ae6a79d39900d7f1 
[0;36mDEBUG[0m[2026-03-16 10:14:11.870]   received shard header from network in block tracker [0;36mshard[0m = 0 [0;36mepoch[0m = 0 [0;36mround[0m = 412 [0;36mnonce[0m = 403 [0;36mhash[0m = ff577cfa64464d08edbf79bb114a700be73a71c8491638baf2d43bc0e4737aad 
[0;36mDEBUG[0m[2026-03-16 10:14:11.870]   received shard header from network in block tracker [0;36mshard[0m = 0 [0;36mepoch[0m = 0 [0;36mround[0m = 413 [0;36mnonce[0m = 404 [0;36mhash[0m = c0fb475d6e07633cab9d6ab7ab79c7887fed724956a7c6e732ea5b7abe23eaf7 
[0;36mDEBUG[0m[2026-03-16 10:14:11.870]   received shard header from network in block tracker [0;36mshard[0m = 0 [0;36mepoch[0m = 0 [0;36mround[0m = 414 [0;36mnonce[0m = 405 [0;36mhash[0m = 4993fd32ede1ad01979c71ee8fec6db3faf5bf36f1796da8d6bb978bd7232870 
[0;36mDEBUG[0m[2026-03-16 10:14:11.870]   received shard header from network in block tracker [0;36mshard[0m = 0 [0;36mepoch[0m = 0 [0;36mround[0m = 415 [0;36mnonce[0m = 406 [0;36mhash[0m = 4b729111bac765fafab171b2e7caefac2a0c851efeb72b3f36231b39b77a3ff9 
[0;36mDEBUG[0m[2026-03-16 10:14:11.871]   received shard header from network in block tracker [0;36mshard[0m = 0 [0;36mepoch[0m = 0 [0;36mround[0m = 416 [0;36mnonce[0m = 407 [0;36mhash[0m = 7ffa6f467f0f145588a6a0ac966b134564c952b40f9a52d1c0590c5a5db77d24 
[0;36mDEBUG[0m[2026-03-16 10:14:11.871]   received shard header from network in block tracker [0;36mshard[0m = 0 [0;36mepoch[0m = 0 [0;36mround[0m = 417 [0;36mnonce[0m = 408 [0;36mhash[0m = 24ba58d9ea20a84183c2651506a5484ab424bf6ea32cbd22f0a48df4d821dab9 
[0;36mDEBUG[0m[2026-03-16 10:14:11.871]   received shard header from network in block tracker [0;36mshard[0m = 0 [0;36mepoch[0m = 0 [0;36mround[0m = 418 [0;36mnonce[0m = 409 [0;36mhash[0m = 83bc57abbae95e2016c28e80bd626e1bf2cb96b318726bab7fa3837b02887699 
[0;36mDEBUG[0m[2026-03-16 10:14:11.871]   received shard header from network in block tracker [0;36mshard[0m = 0 [0;36mepoch[0m = 0 [0;36mround[0m = 419 [0;36mnonce[0m = 410 [0;36mhash[0m = 6e9749335d82619091f7510ea989f78cab0712cca9fa39e25f1d9afc52bc4318 
[0;36mDEBUG[0m[2026-03-16 10:14:11.871]   received shard header from network in block tracker [0;36mshard[0m = 0 [0;36mepoch[0m = 0 [0;36mround[0m = 420 [0;36mnonce[0m = 411 [0;36mhash[0m = ae41100510d7d07a36f52882f54f7d662fa704d21a84a30af4a49bd6e7752979 
[0;36mDEBUG[0m[2026-03-16 10:14:11.871]   received shard header from network in block tracker [0;36mshard[0m = 0 [0;36mepoch[0m = 0 [0;36mround[0m = 421 [0;36mnonce[0m = 412 [0;36mhash[0m = 62a7f5fec82df4dc6414bac3e8c240de663683e8ee23226bc7eb6759213b2a31 
[0;36mDEBUG[0m[2026-03-16 10:14:11.871]   received shard header from network in block tracker [0;36mshard[0m = 0 [0;36mepoch[0m = 0 [0;36mround[0m = 422 [0;36mnonce[0m = 413 [0;36mhash[0m = 30d652b66c804438c2109e766ecaafbb1215dad7889157e684d034fab13d153c 
[0;36mDEBUG[0m[2026-03-16 10:14:11.871]   received shard header from network in block tracker [0;36mshard[0m = 0 [0;36mepoch[0m = 0 [0;36mround[0m = 423 [0;36mnonce[0m = 414 [0;36mhash[0m = e987d25a6e8ed2c8be6eebc1eb861a0ead367793c370f0d9d86d37b07fe29995 
[0;36mDEBUG[0m[2026-03-16 10:14:11.871]   received shard header from network in block tracker [0;36mshard[0m = 0 [0;36mepoch[0m = 0 [0;36mround[0m = 424 [0;36mnonce[0m = 415 [0;36mhash[0m = b4f2ad969446419f7873acbda64cb3445f8dfb4ec95a5a548858161376e5455d 
[0;36mDEBUG[0m[2026-03-16 10:14:11.871]   received shard header from network in block tracker [0;36mshard[0m = 0 [0;36mepoch[0m = 0 [0;36mround[0m = 425 [0;36mnonce[0m = 416 [0;36mhash[0m = fcbc0bd2dd54ce09e6103854c92acdc7c44257bbda686fd52249d0aee97a7d97 
[0;36mDEBUG[0m[2026-03-16 10:14:11.871]   received shard header from network in block tracker [0;36mshard[0m = 0 [0;36mepoch[0m = 0 [0;36mround[0m = 426 [0;36mnonce[0m = 417 [0;36mhash[0m = d9e3943878ce70406e1ca3d6ac6e345fd50b9f21c5bba7ba1e8cc6417d27b05e 
[0;36mDEBUG[0m[2026-03-16 10:14:11.871]   received shard header from network in block tracker [0;36mshard[0m = 0 [0;36mepoch[0m = 0 [0;36mround[0m = 427 [0;36mnonce[0m = 418 [0;36mhash[0m = eacc2549ce6395ee1865768617bfb201939bd41c21d7d5a451d4fa1fe4d36ec0 
[0;36mDEBUG[0m[2026-03-16 10:14:11.871]   received shard header from network in block tracker [0;36mshard[0m = 0 [0;36mepoch[0m = 0 [0;36mround[0m = 428 [0;36mnonce[0m = 419 [0;36mhash[0m = b852318494d1f7219abd3e9f9cec591b96d9f8967cc986cab220aeb778019b12 
[0;36mDEBUG[0m[2026-03-16 10:14:11.871]   received shard header from network in block tracker [0;36mshard[0m = 0 [0;36mepoch[0m = 0 [0;36mround[0m = 429 [0;36mnonce[0m = 420 [0;36mhash[0m = 7d763d5ec9501272cb6fd9f39042f48f5463c6ec36ed0ea1aa0d743018266559 
[0;36mDEBUG[0m[2026-03-16 10:14:11.871]   received shard header from network in block tracker [0;36mshard[0m = 0 [0;36mepoch[0m = 0 [0;36mround[0m = 430 [0;36mnonce[0m = 421 [0;36mhash[0m = b50251340388eb7c3015e10f9499bb3e12dc7c4d4d37135069356590edae7f21 
[0;36mDEBUG[0m[2026-03-16 10:14:11.871]   received shard header from network in block tracker [0;36mshard[0m = 0 [0;36mepoch[0m = 0 [0;36mround[0m = 431 [0;36mnonce[0m = 422 [0;36mhash[0m = 4c4a56c2bc7e01684fd21e18dda02a4ac07f451863227afdd31aa04d37286cbf 
[0;36mDEBUG[0m[2026-03-16 10:14:11.871]   received shard header from network in block tracker [0;36mshard[0m = 0 [0;36mepoch[0m = 0 [0;36mround[0m = 432 [0;36mnonce[0m = 423 [0;36mhash[0m = d6464bb31c618c7b5b10fca43fed94ba8bb3b364b3da174e1ad94fa945638469 
[0;36mDEBUG[0m[2026-03-16 10:14:11.871]   received shard header from network in block tracker [0;36mshard[0m = 0 [0;36mepoch[0m = 0 [0;36mround[0m = 433 [0;36mnonce[0m = 424 [0;36mhash[0m = ab6bca92c84b3d53d2abb9ec138a06e612ddbaa39a64fc3dd0773f24b06fa117 
[0;36mDEBUG[0m[2026-03-16 10:14:11.871]   received shard header from network in block tracker [0;36mshard[0m = 0 [0;36mepoch[0m = 0 [0;36mround[0m = 434 [0;36mnonce[0m = 425 [0;36mhash[0m = 1675b173af83798d129814923b586c5e3d924bf4521074cbea5009391e9686c2 
[0;36mDEBUG[0m[2026-03-16 10:14:11.871]   received shard header from network in block tracker [0;36mshard[0m = 0 [0;36mepoch[0m = 0 [0;36mround[0m = 435 [0;36mnonce[0m = 426 [0;36mhash[0m = c1ba9894c9e0ce9e28265167edd6ddd306f240a1266a5cefeb31c876e5fb68ee 
[0;36mDEBUG[0m[2026-03-16 10:14:11.871]   received shard header from network in block tracker [0;36mshard[0m = 0 [0;36mepoch[0m = 0 [0;36mround[0m = 436 [0;36mnonce[0m = 427 [0;36mhash[0m = 6f5d1dedd5dc8c7f296033eca9cfab93ca6be956cd970c9f6be75d1a4c22dca2 
[0;36mDEBUG[0m[2026-03-16 10:14:11.871]   received shard header from network in block tracker [0;36mshard[0m = 0 [0;36mepoch[0m = 0 [0;36mround[0m = 437 [0;36mnonce[0m = 428 [0;36mhash[0m = 4380692a00e281d7060fc33c909d03ba40e8fba2fd9d38e89e20d0f855683699 
[0;36mDEBUG[0m[2026-03-16 10:14:11.871]   received shard header from network in block tracker [0;36mshard[0m = 0 [0;36mepoch[0m = 0 [0;36mround[0m = 438 [0;36mnonce[0m = 429 [0;36mhash[0m = 36f8a178f6d027a0f4750a48102dff0b6a506fad151c5028d212872cf514dc9a 
[0;36mDEBUG[0m[2026-03-16 10:14:11.871]   received shard header from network in block tracker [0;36mshard[0m = 0 [0;36mepoch[0m = 0 [0;36mround[0m = 439 [0;36mnonce[0m = 430 [0;36mhash[0m = f99f69169012cbcf9e62d9f5006bd92e6e33318600e43afeba1a181b02075a4f 
[0;36mDEBUG[0m[2026-03-16 10:14:11.871]   received shard header from network in block tracker [0;36mshard[0m = 0 [0;36mepoch[0m = 0 [0;36mround[0m = 440 [0;36mnonce[0m = 431 [0;36mhash[0m = 436ca1c2ba53908e6cd5c96eb36d70d970e6e729d45eae47868e6f86de47f0ac 
[0;36mDEBUG[0m[2026-03-16 10:14:11.871]   received shard header from network in block tracker [0;36mshard[0m = 0 [0;36mepoch[0m = 0 [0;36mround[0m = 441 [0;36mnonce[0m = 432 [0;36mhash[0m = e728c1bc8795d4afc67b97b720fa9c05d3d0c25184e6d5c191cd27f469a5c0f0 
[0;36mDEBUG[0m[2026-03-16 10:14:11.871]   received shard header from network in block tracker [0;36mshard[0m = 0 [0;36mepoch[0m = 0 [0;36mround[0m = 442 [0;36mnonce[0m = 433 [0;36mhash[0m = 81dea45a6b5b418b62564480085a24b48b5458841b33bdb98934319f52e02561 
[0;36mDEBUG[0m[2026-03-16 10:14:11.871]   received shard header from network in block tracker [0;36mshard[0m = 0 [0;36mepoch[0m = 0 [0;36mround[0m = 443 [0;36mnonce[0m = 434 [0;36mhash[0m = 050e4242e8a3e32d8bdb7313e25f70e99ed0f66fcafbbe117042fcc7146f796b 
[0;36mDEBUG[0m[2026-03-16 10:14:11.871]   received shard header from network in block tracker [0;36mshard[0m = 0 [0;36mepoch[0m = 0 [0;36mround[0m = 444 [0;36mnonce[0m = 435 [0;36mhash[0m = 608577f14d38e46eee3a2b451a0354b2459582dea907cbf2ea603b087cb40dab 
[0;36mDEBUG[0m[2026-03-16 10:14:11.871]   received shard header from network in block tracker [0;36mshard[0m = 0 [0;36mepoch[0m = 0 [0;36mround[0m = 445 [0;36mnonce[0m = 436 [0;36mhash[0m = d7795970d48ebaa55f072bda49dcdb36578936c71c164b2f21a918b00ec29131 
[0;36mDEBUG[0m[2026-03-16 10:14:11.871]   received shard header from network in block tracker [0;36mshard[0m = 0 [0;36mepoch[0m = 0 [0;36mround[0m = 446 [0;36mnonce[0m = 437 [0;36mhash[0m = bcd88ab23fb319c83aabb343bf99ca2a00cf4583f7e4fe0f6ce5589000bfdccb 
[0;36mDEBUG[0m[2026-03-16 10:14:11.871]   received shard header from network in block tracker [0;36mshard[0m = 0 [0;36mepoch[0m = 0 [0;36mround[0m = 447 [0;36mnonce[0m = 438 [0;36mhash[0m = 326969ccd00fdd1e1f7c69c783d59b75223ae44e8bd0d198c57e32dbe2aeee75 
[0;36mDEBUG[0m[2026-03-16 10:14:11.871]   received shard header from network in block tracker [0;36mshard[0m = 0 [0;36mepoch[0m = 0 [0;36mround[0m = 448 [0;36mnonce[0m = 439 [0;36mhash[0m = f1de3e0fbd7cfb7ac64a441d28d6f122fa8023d227336bf4028f13fcf5769c58 
[0;36mDEBUG[0m[2026-03-16 10:14:11.871]   received shard header from network in block tracker [0;36mshard[0m = 0 [0;36mepoch[0m = 0 [0;36mround[0m = 449 [0;36mnonce[0m = 440 [0;36mhash[0m = 21ca4b5ea00aa7b5e2b49b6bd544725a7a5d1ee381884b9dac42a9ef9a538012 
[0;36mDEBUG[0m[2026-03-16 10:14:11.871]   received shard header from network in block tracker [0;36mshard[0m = 0 [0;36mepoch[0m = 0 [0;36mround[0m = 450 [0;36mnonce[0m = 441 [0;36mhash[0m = 7d1f7a0744f6db3f98bc4a90018057ee312daf8d4d5e171531762e6e12992614 
[0;36mDEBUG[0m[2026-03-16 10:14:11.871]   received shard header from network in block tracker [0;36mshard[0m = 0 [0;36mepoch[0m = 0 [0;36mround[0m = 451 [0;36mnonce[0m = 442 [0;36mhash[0m = 4c2a1620999a2f446ef307458ff0f6cbc74beec50bc91ed2496c8321806f17f9 
[0;36mDEBUG[0m[2026-03-16 10:14:11.871]   received shard header from network in block tracker [0;36mshard[0m = 0 [0;36mepoch[0m = 0 [0;36mround[0m = 452 [0;36mnonce[0m = 443 [0;36mhash[0m = 4f53cea4dd371ba3b4135ad4d755fca876d45a1a48099035105a31f0dae0a0d1 
[0;36mDEBUG[0m[2026-03-16 10:14:11.871]   received shard header from network in block tracker [0;36mshard[0m = 0 [0;36mepoch[0m = 0 [0;36mround[0m = 453 [0;36mnonce[0m = 444 [0;36mhash[0m = f0f292a67d10766d6f40d9a579efc1cfe4a8f9c3ed0883a2db34f27e079fa4ff 
[0;36mDEBUG[0m[2026-03-16 10:14:11.871]   received shard header from network in block tracker [0;36mshard[0m = 0 [0;36mepoch[0m = 0 [0;36mround[0m = 454 [0;36mnonce[0m = 445 [0;36mhash[0m = de52e51915c144fcaf6c16c0bd7db190c7cd5d17101ffadaedef9e806dc76c11 
[0;36mDEBUG[0m[2026-03-16 10:14:11.871]   received shard header from network in block tracker [0;36mshard[0m = 0 [0;36mepoch[0m = 0 [0;36mround[0m = 455 [0;36mnonce[0m = 446 [0;36mhash[0m = a06f437d708bc1b38e538e69ceb1de9539872732106fa5c206fe340b3385a113 
[0;36mDEBUG[0m[2026-03-16 10:14:11.871]   received shard header from network in block tracker [0;36mshard[0m = 0 [0;36mepoch[0m = 0 [0;36mround[0m = 456 [0;36mnonce[0m = 447 [0;36mhash[0m = 55634c8dd15ac6a566258378f97172dd1de5ffc6301808a5bd879b636c49f4b5 
[0;36mDEBUG[0m[2026-03-16 10:14:11.871]   received shard header from network in block tracker [0;36mshard[0m = 0 [0;36mepoch[0m = 0 [0;36mround[0m = 457 [0;36mnonce[0m = 448 [0;36mhash[0m = 4f15e9bb7bc492f06df5a546a9e5f839966556e219cc1e36dba61825691d0bb8 
[0;36mDEBUG[0m[2026-03-16 10:14:11.871]   received shard header from network in block tracker [0;36mshard[0m = 0 [0;36mepoch[0m = 0 [0;36mround[0m = 458 [0;36mnonce[0m = 449 [0;36mhash[0m = 4d485a552a4fe46065e4bdbca59fe481872db025e65cb1c79eb3ca094ad706fa 
[0;36mDEBUG[0m[2026-03-16 10:14:11.871]   received shard header from network in block tracker [0;36mshard[0m = 0 [0;36mepoch[0m = 0 [0;36mround[0m = 459 [0;36mnonce[0m = 450 [0;36mhash[0m = cbc1a4d3245f5ceac43ed1b4b5cff4aae3ad5dfc29e888bb359d52a60168dea5 
[0;36mDEBUG[0m[2026-03-16 10:14:11.871]   received shard header from network in block tracker [0;36mshard[0m = 0 [0;36mepoch[0m = 0 [0;36mround[0m = 460 [0;36mnonce[0m = 451 [0;36mhash[0m = 7e5cb7d9cc3bde46263d8df6993f1959aea99ca15e4a322202d8f7c29ddef8c6 
[0;36mDEBUG[0m[2026-03-16 10:14:11.871]   received shard header from network in block tracker [0;36mshard[0m = 0 [0;36mepoch[0m = 0 [0;36mround[0m = 461 [0;36mnonce[0m = 452 [0;36mhash[0m = 2c03b97294ca1d9a59add116e4881497cdcf1cb7587b6f862a9c3f611cc7f260 
[0;36mDEBUG[0m[2026-03-16 10:14:11.871]   received shard header from network in block tracker [0;36mshard[0m = 0 [0;36mepoch[0m = 0 [0;36mround[0m = 462 [0;36mnonce[0m = 453 [0;36mhash[0m = a5b15140ccc8163f7e089a92c04bc53626102973f22d3b36941edaaf01fad561 
[0;36mDEBUG[0m[2026-03-16 10:14:11.871]   received shard header from network in block tracker [0;36mshard[0m = 0 [0;36mepoch[0m = 0 [0;36mround[0m = 463 [0;36mnonce[0m = 454 [0;36mhash[0m = 2477741247f9d0dca5af6d81a434b8d0332c47f057038a18671c7ef4674186dd 
[0;36mDEBUG[0m[2026-03-16 10:14:11.871]   received shard header from network in block tracker [0;36mshard[0m = 0 [0;36mepoch[0m = 0 [0;36mround[0m = 464 [0;36mnonce[0m = 455 [0;36mhash[0m = fab757723c9202034417468eb6848352eed071af2f4ba605f01fb408763b08a3 
[0;36mDEBUG[0m[2026-03-16 10:14:11.871]   received shard header from network in block tracker [0;36mshard[0m = 0 [0;36mepoch[0m = 0 [0;36mround[0m = 465 [0;36mnonce[0m = 456 [0;36mhash[0m = 6e6cbdab6a372b67c2ff78d8e171995d994832169064ddec1d7e668b7be0325a 
[0;36mDEBUG[0m[2026-03-16 10:14:11.871]   received shard header from network in block tracker [0;36mshard[0m = 0 [0;36mepoch[0m = 0 [0;36mround[0m = 466 [0;36mnonce[0m = 457 [0;36mhash[0m = 4569419fe109bc5fd51ba2846d02760ac031eca55022408816f8f52ffa681f26 
[0;36mDEBUG[0m[2026-03-16 10:14:11.871]   received shard header from network in block tracker [0;36mshard[0m = 0 [0;36mepoch[0m = 0 [0;36mround[0m = 467 [0;36mnonce[0m = 458 [0;36mhash[0m = 5c104f7daeab52d98f3c00561c055e7a459e560e61a2564f44c081027cd6c52a 
[0;36mDEBUG[0m[2026-03-16 10:14:11.871]   received shard header from network in block tracker [0;36mshard[0m = 0 [0;36mepoch[0m = 0 [0;36mround[0m = 468 [0;36mnonce[0m = 459 [0;36mhash[0m = 09c3520bfe14f35824f89d8a8f08839cfe444884267b8ea5b85a6325666085e2 
[0;36mDEBUG[0m[2026-03-16 10:14:11.871]   received shard header from network in block tracker [0;36mshard[0m = 0 [0;36mepoch[0m = 0 [0;36mround[0m = 469 [0;36mnonce[0m = 460 [0;36mhash[0m = 536d2a9d291728477a9e81fa53396b42982a5f69ec556b25945679b57fbffc1a 
[0;36mDEBUG[0m[2026-03-16 10:14:11.871]   received shard header from network in block tracker [0;36mshard[0m = 0 [0;36mepoch[0m = 0 [0;36mround[0m = 470 [0;36mnonce[0m = 461 [0;36mhash[0m = 8073dac86d29921483a7af0ac52316cca81276f7d27b564325db9a10f6fab8bc 
[0;36mDEBUG[0m[2026-03-16 10:14:11.871]   received shard header from network in block tracker [0;36mshard[0m = 0 [0;36mepoch[0m = 0 [0;36mround[0m = 471 [0;36mnonce[0m = 462 [0;36mhash[0m = 60f2c7af34f9bdc9ea2866df1e1b45964e7efd752e44bbf18079d079f06c9323 
[0;36mDEBUG[0m[2026-03-16 10:14:11.871]   received shard header from network in block tracker [0;36mshard[0m = 0 [0;36mepoch[0m = 0 [0;36mround[0m = 472 [0;36mnonce[0m = 463 [0;36mhash[0m = b6a94f0470bca3addfea5574c578c412edb31c33b7a8873907760e75ca37f8f4 
[0;36mDEBUG[0m[2026-03-16 10:14:11.871]   received shard header from network in block tracker [0;36mshard[0m = 0 [0;36mepoch[0m = 0 [0;36mround[0m = 473 [0;36mnonce[0m = 464 [0;36mhash[0m = eb5c5ca1fee8b15b97064eebca3f8739f22826f9469295614ce11fc5f5add112 
[0;36mDEBUG[0m[2026-03-16 10:14:11.871]   received shard header from network in block tracker [0;36mshard[0m = 0 [0;36mepoch[0m = 0 [0;36mround[0m = 474 [0;36mnonce[0m = 465 [0;36mhash[0m = c544b092437085fb7e1bad4f22fdd578e4c4d3f4de6a1a173a9f314649892d5d 
[0;36mDEBUG[0m[2026-03-16 10:14:11.871]   received shard header from network in block tracker [0;36mshard[0m = 0 [0;36mepoch[0m = 0 [0;36mround[0m = 475 [0;36mnonce[0m = 466 [0;36mhash[0m = 60ea1c218fd9a1cd59882b69dfbb0808d16e42c733c1be1cbc76b5f9f356d870 
[0;36mDEBUG[0m[2026-03-16 10:14:11.871]   received shard header from network in block tracker [0;36mshard[0m = 0 [0;36mepoch[0m = 0 [0;36mround[0m = 476 [0;36mnonce[0m = 467 [0;36mhash[0m = b193a5b4f5e22406d933680fc8f5ec19b73ccba4104f91b96dffbdda456b245a 
[0;36mDEBUG[0m[2026-03-16 10:14:11.871]   received shard header from network in block tracker [0;36mshard[0m = 0 [0;36mepoch[0m = 0 [0;36mround[0m = 477 [0;36mnonce[0m = 468 [0;36mhash[0m = faa614f941149e1fbcdebcfb0a73345dc179d80b1e23fc12759659e03cf6f7fe 
[0;36mDEBUG[0m[2026-03-16 10:14:11.871]   received shard header from network in block tracker [0;36mshard[0m = 0 [0;36mepoch[0m = 0 [0;36mround[0m = 478 [0;36mnonce[0m = 469 [0;36mhash[0m = 4b0d72cc5c9a66bc45140dc5eb6aa2d7aa72f9354acb05ae3d305f261202e713 
[0;36mDEBUG[0m[2026-03-16 10:14:11.871]   received shard header from network in block tracker [0;36mshard[0m = 0 [0;36mepoch[0m = 0 [0;36mround[0m = 479 [0;36mnonce[0m = 470 [0;36mhash[0m = 5c246e9e23d51bac2d8491744ea5ffd934967e72d29ec12adcf43fbb52940bc6 
[0;36mDEBUG[0m[2026-03-16 10:14:11.871]   received shard header from network in block tracker [0;36mshard[0m = 0 [0;36mepoch[0m = 0 [0;36mround[0m = 480 [0;36mnonce[0m = 471 [0;36mhash[0m = a1cb9b3812a5f216cd036d87c1b4cdfce1273976bb41507a73f4de374ce00d1b 
[0;36mDEBUG[0m[2026-03-16 10:14:11.871]   received shard header from network in block tracker [0;36mshard[0m = 0 [0;36mepoch[0m = 0 [0;36mround[0m = 481 [0;36mnonce[0m = 472 [0;36mhash[0m = e6d94d5c54e43ae7f78d1a15870b452356bd166f9f2c16e3fea4d8189a21af8a 
[0;36mDEBUG[0m[2026-03-16 10:14:11.871]   received shard header from network in block tracker [0;36mshard[0m = 0 [0;36mepoch[0m = 0 [0;36mround[0m = 482 [0;36mnonce[0m = 473 [0;36mhash[0m = 4522e9ab308cb15623de9a6209bcea21694a3793b299977e788be86cdf67e6a0 
[0;36mDEBUG[0m[2026-03-16 10:14:11.871]   received shard header from network in block tracker [0;36mshard[0m = 0 [0;36mepoch[0m = 0 [0;36mround[0m = 483 [0;36mnonce[0m = 474 [0;36mhash[0m = 2e9ad1e0b12f93ead04a2e6d1488ae04273122dd6efde9ad06edbebcd264fc7a 
[0;36mDEBUG[0m[2026-03-16 10:14:11.871]   received shard header from network in block tracker [0;36mshard[0m = 0 [0;36mepoch[0m = 0 [0;36mround[0m = 484 [0;36mnonce[0m = 475 [0;36mhash[0m = f6c3e616644706b5eeea5d29b1a28d4d6420c00a00149ffea911505a6af90cf9 
[0;36mDEBUG[0m[2026-03-16 10:14:11.871]   received shard header from network in block tracker [0;36mshard[0m = 0 [0;36mepoch[0m = 0 [0;36mround[0m = 485 [0;36mnonce[0m = 476 [0;36mhash[0m = 4f47280c15e65de444c773fefe2c21e6b904148a041d9f0f3a5c73e9ad3bfe8b 
[0;36mDEBUG[0m[2026-03-16 10:14:11.871]   received shard header from network in block tracker [0;36mshard[0m = 0 [0;36mepoch[0m = 0 [0;36mround[0m = 486 [0;36mnonce[0m = 477 [0;36mhash[0m = 5f9720ee4eb88e366c8b6d2e5eed7b7618ecb53b7f14c82cd3666091d53b8052 
[0;36mDEBUG[0m[2026-03-16 10:14:11.871]   received shard header from network in block tracker [0;36mshard[0m = 0 [0;36mepoch[0m = 0 [0;36mround[0m = 487 [0;36mnonce[0m = 478 [0;36mhash[0m = 747da708cf2392c7187cd7204d44beb7ef7ce637418daa5b1f30fc2e83ccffcf 
[0;36mDEBUG[0m[2026-03-16 10:14:11.871]   received shard header from network in block tracker [0;36mshard[0m = 0 [0;36mepoch[0m = 0 [0;36mround[0m = 488 [0;36mnonce[0m = 479 [0;36mhash[0m = e5a80c64b2acb088ce479cedc7d892b36a15c2aa2efb0c2762f03aa4fb4f5368 
[0;36mDEBUG[0m[2026-03-16 10:14:11.871]   received shard header from network in block tracker [0;36mshard[0m = 0 [0;36mepoch[0m = 0 [0;36mround[0m = 489 [0;36mnonce[0m = 480 [0;36mhash[0m = 11440755468e840214768e0604282958c05cfc723c840daa0a06f7a72459d2fd 
[0;36mDEBUG[0m[2026-03-16 10:14:11.871]   received shard header from network in block tracker [0;36mshard[0m = 0 [0;36mepoch[0m = 0 [0;36mround[0m = 490 [0;36mnonce[0m = 481 [0;36mhash[0m = deae942c3d2313e2f6397272bc29b59ce9504bf3450a32a4ddb7c48635bf3825 
[0;36mDEBUG[0m[2026-03-16 10:14:11.871]   received shard header from network in block tracker [0;36mshard[0m = 0 [0;36mepoch[0m = 0 [0;36mround[0m = 491 [0;36mnonce[0m = 482 [0;36mhash[0m = ceb3aea1e32bf87f45dfe745576426e4ca55af647b4541ffd10a1b47b8b627c6 
[0;36mDEBUG[0m[2026-03-16 10:14:11.871]   received shard header from network in block tracker [0;36mshard[0m = 0 [0;36mepoch[0m = 0 [0;36mround[0m = 492 [0;36mnonce[0m = 483 [0;36mhash[0m = 20feceea7ad1750c36dba597208639c7dea305b68e74d3e791f0553294ab6aee 
[0;36mDEBUG[0m[2026-03-16 10:14:11.871]   received shard header from network in block tracker [0;36mshard[0m = 0 [0;36mepoch[0m = 0 [0;36mround[0m = 493 [0;36mnonce[0m = 484 [0;36mhash[0m = 41e8f9f6b39ea051aea283f17a4f71f8aa2bb2513434cb691422791253511f21 
[0;36mDEBUG[0m[2026-03-16 10:14:11.871]   received shard header from network in block tracker [0;36mshard[0m = 0 [0;36mepoch[0m = 0 [0;36mround[0m = 494 [0;36mnonce[0m = 485 [0;36mhash[0m = f6f8d34040abf00f714555824b96b5a6c5d217e171443998fb7661312b76743e 
[0;36mDEBUG[0m[2026-03-16 10:14:11.871]   received shard header from network in block tracker [0;36mshard[0m = 0 [0;36mepoch[0m = 0 [0;36mround[0m = 495 [0;36mnonce[0m = 486 [0;36mhash[0m = 68779f63174ffd34875c7d335681563159f43dc25a28993577e5a04094f1ce85 
[0;36mDEBUG[0m[2026-03-16 10:14:11.871]   received shard header from network in block tracker [0;36mshard[0m = 0 [0;36mepoch[0m = 0 [0;36mround[0m = 496 [0;36mnonce[0m = 487 [0;36mhash[0m = 50ca0738db42cebb4390505d03c1008ce1221a70c6b2d6350b3a179af8d25ab4 
[0;36mDEBUG[0m[2026-03-16 10:14:11.871]   received shard header from network in block tracker [0;36mshard[0m = 0 [0;36mepoch[0m = 0 [0;36mround[0m = 497 [0;36mnonce[0m = 488 [0;36mhash[0m = a5db67ab2e45feb6143ccd6aac4ff0d40a9da4d6c7657206eb5e20f849f83c10 
[0;36mDEBUG[0m[2026-03-16 10:14:11.871]   received shard header from network in block tracker [0;36mshard[0m = 0 [0;36mepoch[0m = 0 [0;36mround[0m = 498 [0;36mnonce[0m = 489 [0;36mhash[0m = 7adcf12e189015a55bbebb6719df037caf2b2ba3df3f25ac7da5668967e231ed 
[0;36mDEBUG[0m[2026-03-16 10:14:11.871]   received shard header from network in block tracker [0;36mshard[0m = 0 [0;36mepoch[0m = 0 [0;36mround[0m = 499 [0;36mnonce[0m = 490 [0;36mhash[0m = 1871b5be45884549a46660d71dc63a66a8bdfbc75c65e871b79aaf1f2d52df84 
[0;36mDEBUG[0m[2026-03-16 10:14:11.871]   received shard header from network in block tracker [0;36mshard[0m = 0 [0;36mepoch[0m = 0 [0;36mround[0m = 500 [0;36mnonce[0m = 491 [0;36mhash[0m = e30214d92f987d83c8629460ce48bc90b6abe6ee87c16d31d8c322221f7ba2c6 
[0;36mDEBUG[0m[2026-03-16 10:14:11.871]   received shard header from network in block tracker [0;36mshard[0m = 0 [0;36mepoch[0m = 0 [0;36mround[0m = 501 [0;36mnonce[0m = 492 [0;36mhash[0m = 55cd0f0e1277f5cebf124ee1679db7bbfba49ac8ecf7af4eaa221f0c2ecf317e 
[0;36mDEBUG[0m[2026-03-16 10:14:11.871]   received shard header from network in block tracker [0;36mshard[0m = 0 [0;36mepoch[0m = 0 [0;36mround[0m = 502 [0;36mnonce[0m = 493 [0;36mhash[0m = 46f2515ccdf87a3e2f95fbdda6739780b674783e8b387344fa94dda13f6defab 
[0;36mDEBUG[0m[2026-03-16 10:14:11.871]   received shard header from network in block tracker [0;36mshard[0m = 0 [0;36mepoch[0m = 0 [0;36mround[0m = 503 [0;36mnonce[0m = 494 [0;36mhash[0m = c8bde86308274c29ea6025471e02fabeb6d322e588acc4b768999108dfa687e6 
[0;36mDEBUG[0m[2026-03-16 10:14:11.871]   received shard header from network in block tracker [0;36mshard[0m = 0 [0;36mepoch[0m = 0 [0;36mround[0m = 504 [0;36mnonce[0m = 495 [0;36mhash[0m = 086599ad6a4bf7ea0ac23d2424dea1a1128510b82f19701a3a91699bbe920df7 
[0;36mDEBUG[0m[2026-03-16 10:14:11.871]   received shard header from network in block tracker [0;36mshard[0m = 0 [0;36mepoch[0m = 0 [0;36mround[0m = 505 [0;36mnonce[0m = 496 [0;36mhash[0m = 0ea9278999653f7eea15fddd9c5b75e1b21fc7352927fd7dfe375f11bd52583b 
[0;36mDEBUG[0m[2026-03-16 10:14:11.871]   received shard header from network in block tracker [0;36mshard[0m = 0 [0;36mepoch[0m = 0 [0;36mround[0m = 506 [0;36mnonce[0m = 497 [0;36mhash[0m = 9868db48e1edd1e4efdb2524ce786017f87ddd3d930e033a865f4e390bfbf922 
[0;36mDEBUG[0m[2026-03-16 10:14:11.871]   received shard header from network in block tracker [0;36mshard[0m = 0 [0;36mepoch[0m = 0 [0;36mround[0m = 507 [0;36mnonce[0m = 498 [0;36mhash[0m = d85254589c06867548bdb80f3b2ce8cbec5e92b5fe57d31ab354c4d256884a23 
[0;36mDEBUG[0m[2026-03-16 10:14:11.871]   received shard header from network in block tracker [0;36mshard[0m = 0 [0;36mepoch[0m = 0 [0;36mround[0m = 508 [0;36mnonce[0m = 499 [0;36mhash[0m = 0441d7899d523c31d8c00fa118d41fd55df56258d2afdb88417464add3262a51 
[0;36mDEBUG[0m[2026-03-16 10:14:11.871]   received shard header from network in block tracker [0;36mshard[0m = 0 [0;36mepoch[0m = 0 [0;36mround[0m = 509 [0;36mnonce[0m = 500 [0;36mhash[0m = 0ea0beb99e3bda8b1271fd8349f300f4547744ea9db63d434dace2558ae90161 
[0;36mDEBUG[0m[2026-03-16 10:14:11.871]   received shard header from network in block tracker [0;36mshard[0m = 0 [0;36mepoch[0m = 0 [0;36mround[0m = 510 [0;36mnonce[0m = 501 [0;36mhash[0m = 396e2ce37fccadb66460b1f95e14abd6440bfc740d6771c643601ad36d254217 
[0;36mDEBUG[0m[2026-03-16 10:14:11.871]   received shard header from network in block tracker [0;36mshard[0m = 0 [0;36mepoch[0m = 0 [0;36mround[0m = 511 [0;36mnonce[0m = 502 [0;36mhash[0m = 952178bcc74507a7e2d6a9d6048b7613200c6a2b65651d4204f5c4c4e4d4a196 
[0;36mDEBUG[0m[2026-03-16 10:14:11.871]   received shard header from network in block tracker [0;36mshard[0m = 0 [0;36mepoch[0m = 0 [0;36mround[0m = 512 [0;36mnonce[0m = 503 [0;36mhash[0m = 6936cea7d6ed508bd15162918ac856ab8e5f2a4e7a68fa32593deb834b228b84 
[0;36mDEBUG[0m[2026-03-16 10:14:11.871]   received shard header from network in block tracker [0;36mshard[0m = 0 [0;36mepoch[0m = 0 [0;36mround[0m = 513 [0;36mnonce[0m = 504 [0;36mhash[0m = 0de49aad6a4620de3103cb931855abcd7ab897e1c72199840d1d251f578717df 
[0;36mDEBUG[0m[2026-03-16 10:14:11.871]   received shard header from network in block tracker [0;36mshard[0m = 0 [0;36mepoch[0m = 0 [0;36mround[0m = 514 [0;36mnonce[0m = 505 [0;36mhash[0m = 92b454faaef70dd7d8b71223faa04d033325e4f6de75d88274694352c1374d15 
[0;36mDEBUG[0m[2026-03-16 10:14:11.872]   received shard header from network in block tracker [0;36mshard[0m = 0 [0;36mepoch[0m = 0 [0;36mround[0m = 515 [0;36mnonce[0m = 506 [0;36mhash[0m = ce0de1c0548ae1fbadf0e5b34e378486575bd7840cc36866ff927a7c3920337b 
[0;36mDEBUG[0m[2026-03-16 10:14:11.872]   received shard header from network in block tracker [0;36mshard[0m = 0 [0;36mepoch[0m = 0 [0;36mround[0m = 516 [0;36mnonce[0m = 507 [0;36mhash[0m = c5f6977c18f1c1ba29f931a0f3193ca948d652473253544ce5430deed581452e 
[0;36mDEBUG[0m[2026-03-16 10:14:11.872]   received shard header from network in block tracker [0;36mshard[0m = 0 [0;36mepoch[0m = 0 [0;36mround[0m = 517 [0;36mnonce[0m = 508 [0;36mhash[0m = fb62a206eb4d02c5947e7c7e41ef46a8f89102ecd7f93a4569528eb03dd638a9 
[0;36mDEBUG[0m[2026-03-16 10:14:11.872]   received shard header from network in block tracker [0;36mshard[0m = 0 [0;36mepoch[0m = 0 [0;36mround[0m = 518 [0;36mnonce[0m = 509 [0;36mhash[0m = 9bf2a102ced976292880eeb2759db07dc2a070262518eae6eb72951ba3b98de4 
[0;36mDEBUG[0m[2026-03-16 10:14:11.872]   received shard header from network in block tracker [0;36mshard[0m = 0 [0;36mepoch[0m = 0 [0;36mround[0m = 519 [0;36mnonce[0m = 510 [0;36mhash[0m = 71be2dc185a8064d7e6b4be0a1b0e5c00ea7ecfef1b8a95fcaed987d78865f1c 
[0;36mDEBUG[0m[2026-03-16 10:14:11.872]   received shard header from network in block tracker [0;36mshard[0m = 0 [0;36mepoch[0m = 0 [0;36mround[0m = 520 [0;36mnonce[0m = 511 [0;36mhash[0m = 9488f3e08437a9cca33fd37a8c5bfb06abae0162cc93c9759a722e587d0072f4 
[0;36mDEBUG[0m[2026-03-16 10:14:11.872]   received shard header from network in block tracker [0;36mshard[0m = 0 [0;36mepoch[0m = 0 [0;36mround[0m = 521 [0;36mnonce[0m = 512 [0;36mhash[0m = d31265aac3f4a114ada980f889c695ec430449437fb385e1899331ca7f7b88b7 
[0;36mDEBUG[0m[2026-03-16 10:14:11.872]   received shard header from network in block tracker [0;36mshard[0m = 0 [0;36mepoch[0m = 0 [0;36mround[0m = 522 [0;36mnonce[0m = 513 [0;36mhash[0m = ed48b752b872face5c8e4fd422c872cadb180f557ef598cc6d277274caf11a17 
[0;36mDEBUG[0m[2026-03-16 10:14:11.872]   received shard header from network in block tracker [0;36mshard[0m = 0 [0;36mepoch[0m = 0 [0;36mround[0m = 523 [0;36mnonce[0m = 514 [0;36mhash[0m = 5491b4cdf1a7a33ecbeb00eb33c9d8acfc3c660bf635e3a991a3c22ab9c6bc18 
[0;36mDEBUG[0m[2026-03-16 10:14:11.872]   received shard header from network in block tracker [0;36mshard[0m = 0 [0;36mepoch[0m = 0 [0;36mround[0m = 524 [0;36mnonce[0m = 515 [0;36mhash[0m = a3998b73d180eff19272d82223e2e83d79cf53f80f1298f631eae6fea795493f 
[0;36mDEBUG[0m[2026-03-16 10:14:11.872]   received shard header from network in block tracker [0;36mshard[0m = 0 [0;36mepoch[0m = 0 [0;36mround[0m = 525 [0;36mnonce[0m = 516 [0;36mhash[0m = 1b823a96dec89e02d8de0ed00d2f60c1fce46272fa7215c413f97c150c626e54 
[0;36mDEBUG[0m[2026-03-16 10:14:11.872]   received shard header from network in block tracker [0;36mshard[0m = 0 [0;36mepoch[0m = 0 [0;36mround[0m = 526 [0;36mnonce[0m = 517 [0;36mhash[0m = c43de9b8c2a16dcdf2ac39951da2d392277776645c670bdcdd56e978289c7e47 
[0;36mDEBUG[0m[2026-03-16 10:14:11.872]   received shard header from network in block tracker [0;36mshard[0m = 0 [0;36mepoch[0m = 0 [0;36mround[0m = 527 [0;36mnonce[0m = 518 [0;36mhash[0m = 9076d14e0314e6efc984c1f9f3eb3d8fea7543dc1f06d1dccf947ccd572a6889 
[0;36mDEBUG[0m[2026-03-16 10:14:11.872]   received shard header from network in block tracker [0;36mshard[0m = 0 [0;36mepoch[0m = 0 [0;36mround[0m = 528 [0;36mnonce[0m = 519 [0;36mhash[0m = ad49d9045979318298f877a69be7dc9f012aa261adbdedf420ae69fbce49ffd8 
[0;36mDEBUG[0m[2026-03-16 10:14:11.872]   received shard header from network in block tracker [0;36mshard[0m = 0 [0;36mepoch[0m = 0 [0;36mround[0m = 529 [0;36mnonce[0m = 520 [0;36mhash[0m = a2e3eaacd59c6224864bce63f2c752ccd30e518681aa7c4a6718456bf4f47eeb 
[0;36mDEBUG[0m[2026-03-16 10:14:11.872]   received shard header from network in block tracker [0;36mshard[0m = 0 [0;36mepoch[0m = 0 [0;36mround[0m = 530 [0;36mnonce[0m = 521 [0;36mhash[0m = 7ebcc2c5d4ed24bb237c397e9a837d37619ad3aaf537922476a70341e51c20e0 
[0;36mDEBUG[0m[2026-03-16 10:14:11.872]   received shard header from network in block tracker [0;36mshard[0m = 0 [0;36mepoch[0m = 0 [0;36mround[0m = 531 [0;36mnonce[0m = 522 [0;36mhash[0m = b495091c526e0cd75c9c122ad95095729cdf500a5c3fcddc86081441f831a9dd 
[0;36mDEBUG[0m[2026-03-16 10:14:11.872]   received shard header from network in block tracker [0;36mshard[0m = 0 [0;36mepoch[0m = 0 [0;36mround[0m = 532 [0;36mnonce[0m = 523 [0;36mhash[0m = 4c49030f01737f31aea52458819b98ab128ec2c2503e6fd4c46799cc63135f21 
[0;36mDEBUG[0m[2026-03-16 10:14:11.872]   received shard header from network in block tracker [0;36mshard[0m = 0 [0;36mepoch[0m = 0 [0;36mround[0m = 533 [0;36mnonce[0m = 524 [0;36mhash[0m = 9dd4c91a74ad588e838d3e88fdfc598f361242fccd4eb8faf328a9679dfded53 
[0;36mDEBUG[0m[2026-03-16 10:14:11.872]   received shard header from network in block tracker [0;36mshard[0m = 0 [0;36mepoch[0m = 0 [0;36mround[0m = 534 [0;36mnonce[0m = 525 [0;36mhash[0m = 0801d3bfe114130ec9469e3bc907bc7c895a6a473121855666c53f0ddedfaf81 
[0;36mDEBUG[0m[2026-03-16 10:14:11.872]   received shard header from network in block tracker [0;36mshard[0m = 0 [0;36mepoch[0m = 0 [0;36mround[0m = 535 [0;36mnonce[0m = 526 [0;36mhash[0m = 3c040a9a8ecebc38bbbae9112ab5834da0809fe89725507b8b17d8dc1c665b63 
[0;36mDEBUG[0m[2026-03-16 10:14:11.872]   received shard header from network in block tracker [0;36mshard[0m = 0 [0;36mepoch[0m = 0 [0;36mround[0m = 536 [0;36mnonce[0m = 527 [0;36mhash[0m = 37204da3e2dcffaeaad36e6e28ed33fe030717a61766acf9e7a30cc5d6ad3250 
[0;36mDEBUG[0m[2026-03-16 10:14:11.872]   received shard header from network in block tracker [0;36mshard[0m = 0 [0;36mepoch[0m = 0 [0;36mround[0m = 537 [0;36mnonce[0m = 528 [0;36mhash[0m = 9eb4e7ae6196ce303caae8ffec6016a77df0b136b81f6b818565f8ec7113e518 
[0;36mDEBUG[0m[2026-03-16 10:14:11.872]   received shard header from network in block tracker [0;36mshard[0m = 0 [0;36mepoch[0m = 0 [0;36mround[0m = 538 [0;36mnonce[0m = 529 [0;36mhash[0m = ec26de375741ee122cc5b7062cf6899cc212b6da584cde0ed98ed0572f619012 
[0;36mDEBUG[0m[2026-03-16 10:14:11.872]   received shard header from network in block tracker [0;36mshard[0m = 0 [0;36mepoch[0m = 0 [0;36mround[0m = 539 [0;36mnonce[0m = 530 [0;36mhash[0m = d6f5ad51ea1ad7295d1dc6aa07fe3dd7d1b7e179d902d8fcddec1255f699aa53 
[0;36mDEBUG[0m[2026-03-16 10:14:11.872]   received shard header from network in block tracker [0;36mshard[0m = 0 [0;36mepoch[0m = 0 [0;36mround[0m = 540 [0;36mnonce[0m = 531 [0;36mhash[0m = 62d8ffb2610a006536508af5bae8f97fc3ab0112c32f90570585b956c95d8e07 
[0;36mDEBUG[0m[2026-03-16 10:14:11.872]   received shard header from network in block tracker [0;36mshard[0m = 0 [0;36mepoch[0m = 0 [0;36mround[0m = 541 [0;36mnonce[0m = 532 [0;36mhash[0m = a82f96516973c0da0a3cb5e4ba637426ff483e2ceb0090e6092e212613211392 
[0;36mDEBUG[0m[2026-03-16 10:14:11.872]   received shard header from network in block tracker [0;36mshard[0m = 0 [0;36mepoch[0m = 0 [0;36mround[0m = 542 [0;36mnonce[0m = 533 [0;36mhash[0m = d3270d8d71b38d16f2f5615ccd6408b5413ca217b84d53eff475a9a8b0aa6135 
[0;36mDEBUG[0m[2026-03-16 10:14:11.872]   received shard header from network in block tracker [0;36mshard[0m = 0 [0;36mepoch[0m = 0 [0;36mround[0m = 543 [0;36mnonce[0m = 534 [0;36mhash[0m = a4036c5ba1a4fa1d21bd467eb513c2350187fe60d12c691d5123eb7f48b733d2 
[0;36mDEBUG[0m[2026-03-16 10:14:11.872]   received shard header from network in block tracker [0;36mshard[0m = 0 [0;36mepoch[0m = 0 [0;36mround[0m = 544 [0;36mnonce[0m = 535 [0;36mhash[0m = e59559b8f6a7cd91203d27f64cd534c56b63ff6ec22b11c5d86e0ab5d4e58df3 
[0;36mDEBUG[0m[2026-03-16 10:14:11.872]   received shard header from network in block tracker [0;36mshard[0m = 0 [0;36mepoch[0m = 0 [0;36mround[0m = 545 [0;36mnonce[0m = 536 [0;36mhash[0m = e4de42552cb340493c163629c99fa7283dde88a8b6531cbcd07e7e6d99dfea97 
[0;36mDEBUG[0m[2026-03-16 10:14:11.872]   received shard header from network in block tracker [0;36mshard[0m = 0 [0;36mepoch[0m = 0 [0;36mround[0m = 546 [0;36mnonce[0m = 537 [0;36mhash[0m = b359bc1cb02843d63596f8fc26bd560406a7cfed6c0c68d1bd5b1886cac39138 
[0;36mDEBUG[0m[2026-03-16 10:14:11.872]   received shard header from network in block tracker [0;36mshard[0m = 0 [0;36mepoch[0m = 0 [0;36mround[0m = 547 [0;36mnonce[0m = 538 [0;36mhash[0m = e1bbc8bd50b0f8caf2eafe9202898bb704dca3a6f53c83f7bd4979ecea090152 
[0;36mDEBUG[0m[2026-03-16 10:14:11.872]   received shard header from network in block tracker [0;36mshard[0m = 0 [0;36mepoch[0m = 0 [0;36mround[0m = 548 [0;36mnonce[0m = 539 [0;36mhash[0m = bc747176aaad276f339a620bbffb3abdfd9fe7d17a5bbf981621b28bed942162 
[0;36mDEBUG[0m[2026-03-16 10:14:11.872]   received shard header from network in block tracker [0;36mshard[0m = 0 [0;36mepoch[0m = 0 [0;36mround[0m = 549 [0;36mnonce[0m = 540 [0;36mhash[0m = 399c7a04cc8af56e2e6dbd69ace374aedbc6de391d9a2afa42e0ad0ef47783a6 
[0;36mDEBUG[0m[2026-03-16 10:14:11.872]   received shard header from network in block tracker [0;36mshard[0m = 0 [0;36mepoch[0m = 0 [0;36mround[0m = 550 [0;36mnonce[0m = 541 [0;36mhash[0m = b44a01715bb66f2ff67a7c1e52b860ec94dd9a04c6d19882995244114b1404fd 
[0;36mDEBUG[0m[2026-03-16 10:14:11.872]   received shard header from network in block tracker [0;36mshard[0m = 0 [0;36mepoch[0m = 0 [0;36mround[0m = 551 [0;36mnonce[0m = 542 [0;36mhash[0m = b93a524cfce362d20d818b3ca0fe1b71893d709d912d413567ec2dcba8850ad6 
[0;36mDEBUG[0m[2026-03-16 10:14:11.872]   received shard header from network in block tracker [0;36mshard[0m = 0 [0;36mepoch[0m = 0 [0;36mround[0m = 552 [0;36mnonce[0m = 543 [0;36mhash[0m = 1db620cbaa7b874f0e6b2f08ebd745b4f7d03369bdeb5330970a50e3eabbba61 
[0;36mDEBUG[0m[2026-03-16 10:14:11.872]   received shard header from network in block tracker [0;36mshard[0m = 0 [0;36mepoch[0m = 0 [0;36mround[0m = 553 [0;36mnonce[0m = 544 [0;36mhash[0m = 8fb18145ad42ad70c3b904778d1fdce48f4d84a653358269caacff0fe953d735 
[0;36mDEBUG[0m[2026-03-16 10:14:11.872]   received shard header from network in block tracker [0;36mshard[0m = 0 [0;36mepoch[0m = 0 [0;36mround[0m = 554 [0;36mnonce[0m = 545 [0;36mhash[0m = b648f76a649a92f489efaeb4ddbfadf8fd7100c06455cb8a3a236d278c9b85df 
[0;36mDEBUG[0m[2026-03-16 10:14:11.872]   received shard header from network in block tracker [0;36mshard[0m = 0 [0;36mepoch[0m = 0 [0;36mround[0m = 555 [0;36mnonce[0m = 546 [0;36mhash[0m = 197233be7a3d6fdbb11de003b163694f5c6eda2bafe5a76f41c73822c319fc0c 
[0;36mDEBUG[0m[2026-03-16 10:14:11.872]   received shard header from network in block tracker [0;36mshard[0m = 0 [0;36mepoch[0m = 0 [0;36mround[0m = 556 [0;36mnonce[0m = 547 [0;36mhash[0m = cdd50af3034b04484670cfd7d0e026b2ba76bc18564c10fe079e60412b343acd 
[0;36mDEBUG[0m[2026-03-16 10:14:11.872]   received shard header from network in block tracker [0;36mshard[0m = 0 [0;36mepoch[0m = 0 [0;36mround[0m = 557 [0;36mnonce[0m = 548 [0;36mhash[0m = 6f9cdf49b397eee34e7ab8c5831dcb7f2ed34adc0f148f6e397cd0b2c42048d6 
[0;36mDEBUG[0m[2026-03-16 10:14:11.872]   received shard header from network in block tracker [0;36mshard[0m = 0 [0;36mepoch[0m = 0 [0;36mround[0m = 558 [0;36mnonce[0m = 549 [0;36mhash[0m = 8614131d518bda49adea5b593283ebea786fa5acb842f6ed0267832784ac1916 
[0;36mDEBUG[0m[2026-03-16 10:14:11.872]   received shard header from network in block tracker [0;36mshard[0m = 0 [0;36mepoch[0m = 0 [0;36mround[0m = 559 [0;36mnonce[0m = 550 [0;36mhash[0m = 5d54a52f30c80c1b39c6ff6c170178c21858f0dc611b862b42193996b81dcddc 
[0;36mDEBUG[0m[2026-03-16 10:14:11.872]   received shard header from network in block tracker [0;36mshard[0m = 0 [0;36mepoch[0m = 0 [0;36mround[0m = 560 [0;36mnonce[0m = 551 [0;36mhash[0m = d2ae2a35230744571b7c94d1563814f450344bf1d4600a3f396863e674c6fcab 
[0;36mDEBUG[0m[2026-03-16 10:14:11.872]   received shard header from network in block tracker [0;36mshard[0m = 0 [0;36mepoch[0m = 0 [0;36mround[0m = 561 [0;36mnonce[0m = 552 [0;36mhash[0m = f86aa1748506f5025fc695935870bae5db33bca28396a1d95b56c3d7d363b071 
[0;36mDEBUG[0m[2026-03-16 10:14:11.872]   received shard header from network in block tracker [0;36mshard[0m = 0 [0;36mepoch[0m = 0 [0;36mround[0m = 562 [0;36mnonce[0m = 553 [0;36mhash[0m = 8326584623aef00a3479c3b265d13128f2003e830e97bf2687e842a8c584b8b2 
[0;36mDEBUG[0m[2026-03-16 10:14:11.872]   received shard header from network in block tracker [0;36mshard[0m = 0 [0;36mepoch[0m = 0 [0;36mround[0m = 563 [0;36mnonce[0m = 554 [0;36mhash[0m = 64230b307c984ad4e63bc03afe7698a4f323d441d2a240289b925e934c7d2b13 
[0;36mDEBUG[0m[2026-03-16 10:14:11.872]   received shard header from network in block tracker [0;36mshard[0m = 0 [0;36mepoch[0m = 0 [0;36mround[0m = 564 [0;36mnonce[0m = 555 [0;36mhash[0m = a3027d3e64d8c35c475551b49ee644a34b3dc4d793dcde79242e8d3ce179225f 
[0;36mDEBUG[0m[2026-03-16 10:14:11.872]   received shard header from network in block tracker [0;36mshard[0m = 0 [0;36mepoch[0m = 0 [0;36mround[0m = 565 [0;36mnonce[0m = 556 [0;36mhash[0m = 54d346953b79ab653c40854db22413152c0d8a9df86fa4a8ed95baf784d2c820 
[0;36mDEBUG[0m[2026-03-16 10:14:11.872]   received shard header from network in block tracker [0;36mshard[0m = 0 [0;36mepoch[0m = 0 [0;36mround[0m = 566 [0;36mnonce[0m = 557 [0;36mhash[0m = 3428e80a4080e5b9df4e56656e4388cdb07cd0ad2fd646d3258a9dc5c6ea434d 
[0;36mDEBUG[0m[2026-03-16 10:14:11.872]   received shard header from network in block tracker [0;36mshard[0m = 0 [0;36mepoch[0m = 0 [0;36mround[0m = 567 [0;36mnonce[0m = 558 [0;36mhash[0m = eaec9f8c0c6524dbd7575f0be907da6bd7622f29de5ef289223b10429b943e4f 
[0;36mDEBUG[0m[2026-03-16 10:14:11.872]   received shard header from network in block tracker [0;36mshard[0m = 0 [0;36mepoch[0m = 0 [0;36mround[0m = 568 [0;36mnonce[0m = 559 [0;36mhash[0m = 0615549992f442a44de0fe928875185e22cc756356750c36f40a7824c53faf57 
[0;36mDEBUG[0m[2026-03-16 10:14:11.872]   received shard header from network in block tracker [0;36mshard[0m = 0 [0;36mepoch[0m = 0 [0;36mround[0m = 569 [0;36mnonce[0m = 560 [0;36mhash[0m = 5161d03cae66c4dad7dda3f605ace47d6aea09163913f41408248cfaaf55dcb6 
[0;36mDEBUG[0m[2026-03-16 10:14:11.872]   received shard header from network in block tracker [0;36mshard[0m = 0 [0;36mepoch[0m = 0 [0;36mround[0m = 570 [0;36mnonce[0m = 561 [0;36mhash[0m = 6f99395e200cac9f6da3793576f9c85e9bf7bac8cc5482c52adafbccfd9028f7 
[0;36mDEBUG[0m[2026-03-16 10:14:11.872]   received shard header from network in block tracker [0;36mshard[0m = 0 [0;36mepoch[0m = 0 [0;36mround[0m = 571 [0;36mnonce[0m = 562 [0;36mhash[0m = ddc8755b5f718b5a20c8c2b5b17e35ce71beb55e88d92b30a86e43fb4103cc51 
[0;36mDEBUG[0m[2026-03-16 10:14:11.872]   received shard header from network in block tracker [0;36mshard[0m = 0 [0;36mepoch[0m = 0 [0;36mround[0m = 572 [0;36mnonce[0m = 563 [0;36mhash[0m = 27706b6eff7513a42da7a2d7232df0bf9e483d01f88e40ededb563dca9f8d6f3 
[0;36mDEBUG[0m[2026-03-16 10:14:11.872]   received shard header from network in block tracker [0;36mshard[0m = 0 [0;36mepoch[0m = 0 [0;36mround[0m = 573 [0;36mnonce[0m = 564 [0;36mhash[0m = 2e78c4d0124c16c9be6d2b43deaf9b1b531cd2b37b6df56d2a1bd065eb1eb0a1 
[0;36mDEBUG[0m[2026-03-16 10:14:11.872]   received shard header from network in block tracker [0;36mshard[0m = 0 [0;36mepoch[0m = 0 [0;36mround[0m = 574 [0;36mnonce[0m = 565 [0;36mhash[0m = 076d303c14406975104c21176e63b1b908ee101cb4c4da3cade808760b601d69 
[0;36mDEBUG[0m[2026-03-16 10:14:11.872]   received shard header from network in block tracker [0;36mshard[0m = 0 [0;36mepoch[0m = 0 [0;36mround[0m = 575 [0;36mnonce[0m = 566 [0;36mhash[0m = 840fe1516e64ea5ad4cf618a0494a24e1ebfba2e4099c3e13da23690cf7a6aff 
[0;36mDEBUG[0m[2026-03-16 10:14:11.872]   received shard header from network in block tracker [0;36mshard[0m = 0 [0;36mepoch[0m = 0 [0;36mround[0m = 576 [0;36mnonce[0m = 567 [0;36mhash[0m = a6ed7a137d0825ffba3f6931ca74f874b7e8acdc640189ca7d23315199519db5 
[0;36mDEBUG[0m[2026-03-16 10:14:11.872]   received shard header from network in block tracker [0;36mshard[0m = 0 [0;36mepoch[0m = 0 [0;36mround[0m = 577 [0;36mnonce[0m = 568 [0;36mhash[0m = a0dbd9d7faf3b117ff7aa4137b96cd277f223aaf799c51885877e64b71be74ee 
[0;36mDEBUG[0m[2026-03-16 10:14:11.872]   received shard header from network in block tracker [0;36mshard[0m = 0 [0;36mepoch[0m = 0 [0;36mround[0m = 578 [0;36mnonce[0m = 569 [0;36mhash[0m = 57ee8abff6eca70d3a582e149b576a177ecd424bb559be25bcda44d28c4a6d55 
[0;36mDEBUG[0m[2026-03-16 10:14:11.872]   received shard header from network in block tracker [0;36mshard[0m = 0 [0;36mepoch[0m = 0 [0;36mround[0m = 579 [0;36mnonce[0m = 570 [0;36mhash[0m = 094d6d9b27b78be2c8e6263c93e4502b9d5921881454d74da0e1d71f14ecd9a5 
[0;36mDEBUG[0m[2026-03-16 10:14:11.872]   received shard header from network in block tracker [0;36mshard[0m = 0 [0;36mepoch[0m = 0 [0;36mround[0m = 580 [0;36mnonce[0m = 571 [0;36mhash[0m = 8a6d69afe36fb0ab80b751768f7f7e64c4758f9cfe829ccc2947fb257bb5f5fa 
[0;36mDEBUG[0m[2026-03-16 10:14:11.872]   received shard header from network in block tracker [0;36mshard[0m = 0 [0;36mepoch[0m = 0 [0;36mround[0m = 581 [0;36mnonce[0m = 572 [0;36mhash[0m = 5b53de704066524ff51bee63d6d405be84c662e4ca54394b7685daa85a14b70f 
[0;36mDEBUG[0m[2026-03-16 10:14:11.872]   received shard header from network in block tracker [0;36mshard[0m = 0 [0;36mepoch[0m = 0 [0;36mround[0m = 582 [0;36mnonce[0m = 573 [0;36mhash[0m = 357ba4ad0d738ae10907a0494fcc45f4a0dfcec13ab06dba4efb95bb71fd8031 
[0;36mDEBUG[0m[2026-03-16 10:14:11.872]   received shard header from network in block tracker [0;36mshard[0m = 0 [0;36mepoch[0m = 0 [0;36mround[0m = 583 [0;36mnonce[0m = 574 [0;36mhash[0m = 08abc1b945053c65f24b64533932a0101fbbf6cf5d1eb5b2f2973f9c8a6ac716 
[0;36mDEBUG[0m[2026-03-16 10:14:11.872]   received shard header from network in block tracker [0;36mshard[0m = 0 [0;36mepoch[0m = 0 [0;36mround[0m = 584 [0;36mnonce[0m = 575 [0;36mhash[0m = 62b412aa11c8219765d2de3a28e05901049378783333b2f60f225fdbd1f8e84a 
[0;36mDEBUG[0m[2026-03-16 10:14:11.872]   received shard header from network in block tracker [0;36mshard[0m = 0 [0;36mepoch[0m = 0 [0;36mround[0m = 585 [0;36mnonce[0m = 576 [0;36mhash[0m = c49c024aeedd53f8112e266ee5567bfd78299b529c9183a6dc191add4900adef 
[0;36mDEBUG[0m[2026-03-16 10:14:11.873]   received shard header from network in block tracker [0;36mshard[0m = 0 [0;36mepoch[0m = 0 [0;36mround[0m = 586 [0;36mnonce[0m = 577 [0;36mhash[0m = a54a1fcb2b3b181893075a0b1279338cd210fd4ed42d08306331508cbcaf0b1b 
[0;36mDEBUG[0m[2026-03-16 10:14:11.873]   received shard header from network in block tracker [0;36mshard[0m = 0 [0;36mepoch[0m = 0 [0;36mround[0m = 587 [0;36mnonce[0m = 578 [0;36mhash[0m = 518e757205f18bfac57c0d769bd8c1849d99a841a2bba5f512810a6ece4b7f72 
[0;36mDEBUG[0m[2026-03-16 10:14:11.873]   received shard header from network in block tracker [0;36mshard[0m = 0 [0;36mepoch[0m = 0 [0;36mround[0m = 588 [0;36mnonce[0m = 579 [0;36mhash[0m = 5d63df2d08d6ae592cb34b5e7ae11ef7505cb27234bd49ea79849de1b7d21089 
[0;36mDEBUG[0m[2026-03-16 10:14:11.873]   received shard header from network in block tracker [0;36mshard[0m = 0 [0;36mepoch[0m = 0 [0;36mround[0m = 589 [0;36mnonce[0m = 580 [0;36mhash[0m = 5966dd81d95757285a423c316672b823d306c95b964cd7399bf7016eed80bdd0 
[0;36mDEBUG[0m[2026-03-16 10:14:11.873]   received shard header from network in block tracker [0;36mshard[0m = 0 [0;36mepoch[0m = 0 [0;36mround[0m = 590 [0;36mnonce[0m = 581 [0;36mhash[0m = b0359742217f8bf19a5cd174707295c8b8f2b963388fd03e9f2d3101ea2a2a51 
[0;36mDEBUG[0m[2026-03-16 10:14:11.873]   received shard header from network in block tracker [0;36mshard[0m = 0 [0;36mepoch[0m = 0 [0;36mround[0m = 591 [0;36mnonce[0m = 582 [0;36mhash[0m = 06b80dc7fa3b52c61061d5abf2c7ae7d280e1d05fb7428b7861d47f874bb3cc9 
[0;36mDEBUG[0m[2026-03-16 10:14:11.873]   received shard header from network in block tracker [0;36mshard[0m = 0 [0;36mepoch[0m = 0 [0;36mround[0m = 592 [0;36mnonce[0m = 583 [0;36mhash[0m = ee2022d53d80d6d96aceb7a966b6afdd48bff8727c0b7e5c6794695a5cef8095 
[0;36mDEBUG[0m[2026-03-16 10:14:11.873]   received shard header from network in block tracker [0;36mshard[0m = 0 [0;36mepoch[0m = 0 [0;36mround[0m = 593 [0;36mnonce[0m = 584 [0;36mhash[0m = 2660e4d60e85993ab119361d52919e4eed3cce0ad6b2e92df76539f0bb95a351 
[0;36mDEBUG[0m[2026-03-16 10:14:11.873]   received shard header from network in block tracker [0;36mshard[0m = 0 [0;36mepoch[0m = 0 [0;36mround[0m = 594 [0;36mnonce[0m = 585 [0;36mhash[0m = ed730527132fd16a8b52f2d9e91bb1dbcb0613e2bcf70757c9be479a07458209 
[0;36mDEBUG[0m[2026-03-16 10:14:11.873]   received shard header from network in block tracker [0;36mshard[0m = 0 [0;36mepoch[0m = 0 [0;36mround[0m = 595 [0;36mnonce[0m = 586 [0;36mhash[0m = 1c3306d59dbf75b333b6bedf75a3ea405a88a4e9872cd885a0d5ba9cb3b4d856 
[0;36mDEBUG[0m[2026-03-16 10:14:11.873]   received shard header from network in block tracker [0;36mshard[0m = 0 [0;36mepoch[0m = 0 [0;36mround[0m = 596 [0;36mnonce[0m = 587 [0;36mhash[0m = 4e1df5d63990c8035b4c522ba5a199ecf9bb0d00723beab2e831f093e78d2bef 
[0;36mDEBUG[0m[2026-03-16 10:14:11.873]   received shard header from network in block tracker [0;36mshard[0m = 0 [0;36mepoch[0m = 0 [0;36mround[0m = 597 [0;36mnonce[0m = 588 [0;36mhash[0m = a204cb8cbe0214b42ef23be65e6291fe556794b3e2ed666ece25e9a686fbe428 
[0;36mDEBUG[0m[2026-03-16 10:14:11.873]   received shard header from network in block tracker [0;36mshard[0m = 0 [0;36mepoch[0m = 0 [0;36mround[0m = 598 [0;36mnonce[0m = 589 [0;36mhash[0m = 7a122cf727a82eb19456fbe9419b540d5d0582f2d87bbb20c42444d3811c5889 
[0;36mDEBUG[0m[2026-03-16 10:14:11.873]   received shard header from network in block tracker [0;36mshard[0m = 0 [0;36mepoch[0m = 0 [0;36mround[0m = 599 [0;36mnonce[0m = 590 [0;36mhash[0m = 1a32bc61b547ac23e809ec3129aeca5f366c030a302e57e445a69439ce0ff5c3 
[0;36mDEBUG[0m[2026-03-16 10:14:11.873]   received shard header from network in block tracker [0;36mshard[0m = 0 [0;36mepoch[0m = 0 [0;36mround[0m = 600 [0;36mnonce[0m = 591 [0;36mhash[0m = c9db61c96b52f393f24c877f269e9d935d1c176af73355cf652628884067ff08 
[0;36mDEBUG[0m[2026-03-16 10:14:11.873]   received shard header from network in block tracker [0;36mshard[0m = 0 [0;36mepoch[0m = 0 [0;36mround[0m = 601 [0;36mnonce[0m = 592 [0;36mhash[0m = 10cd5d1d7dbdb8494b0bdd61bd9bbfccf28381b6d7da2d8e02fb07195e50518a 
[0;36mDEBUG[0m[2026-03-16 10:14:11.873]   received shard header from network in block tracker [0;36mshard[0m = 0 [0;36mepoch[0m = 0 [0;36mround[0m = 602 [0;36mnonce[0m = 593 [0;36mhash[0m = 406b5453d702326467905c5804cf4d469201aa3cbefd662791a7da140496386f 
[0;36mDEBUG[0m[2026-03-16 10:14:11.873]   received shard header from network in block tracker [0;36mshard[0m = 0 [0;36mepoch[0m = 0 [0;36mround[0m = 603 [0;36mnonce[0m = 594 [0;36mhash[0m = 32c65d419cda51df094130e2060797bb8f7ac37c5a580f820910dcd6ba8bd43e 
[0;36mDEBUG[0m[2026-03-16 10:14:11.873]   received shard header from network in block tracker [0;36mshard[0m = 0 [0;36mepoch[0m = 0 [0;36mround[0m = 604 [0;36mnonce[0m = 595 [0;36mhash[0m = 280e49a801db21f001b07de8316b3f321b3a29a0e866d0b2a8183bbd319a5c6c 
[0;36mDEBUG[0m[2026-03-16 10:14:11.873]   received shard header from network in block tracker [0;36mshard[0m = 0 [0;36mepoch[0m = 0 [0;36mround[0m = 605 [0;36mnonce[0m = 596 [0;36mhash[0m = 7343811942024b0826c48a5435056ebc222333270d9468a31462eb1ac3d58fc6 
[0;36mDEBUG[0m[2026-03-16 10:14:11.873]   received shard header from network in block tracker [0;36mshard[0m = 0 [0;36mepoch[0m = 0 [0;36mround[0m = 606 [0;36mnonce[0m = 597 [0;36mhash[0m = 599b611bb96c51eb5a1a2870c11bf32577a850611a8a38e1f53345c7a1a34d20 
[0;36mDEBUG[0m[2026-03-16 10:14:11.873]   received shard header from network in block tracker [0;36mshard[0m = 0 [0;36mepoch[0m = 0 [0;36mround[0m = 607 [0;36mnonce[0m = 598 [0;36mhash[0m = ab82c63bf698d1c3cf314dc9193fcd77ac21539aeaf18d97bec55daea3f8aa98 
[0;36mDEBUG[0m[2026-03-16 10:14:11.873]   received shard header from network in block tracker [0;36mshard[0m = 0 [0;36mepoch[0m = 0 [0;36mround[0m = 608 [0;36mnonce[0m = 599 [0;36mhash[0m = 49b83041c1e74ab667c67cb929db6de6e80bd1ad9942f5ed856230244f0cf0b3 
[0;36mDEBUG[0m[2026-03-16 10:14:11.873]   received shard header from network in block tracker [0;36mshard[0m = 0 [0;36mepoch[0m = 0 [0;36mround[0m = 609 [0;36mnonce[0m = 600 [0;36mhash[0m = 0a42f0f4988563cd91bad82cfc7bd81da0ff148ea596b50a80efc5c678b8dbf9 
[0;36mDEBUG[0m[2026-03-16 10:14:11.873]   received shard header from network in block tracker [0;36mshard[0m = 0 [0;36mepoch[0m = 0 [0;36mround[0m = 610 [0;36mnonce[0m = 601 [0;36mhash[0m = 445d9cf2dba7e553154d937e61d1cffdc2bfeca67e36f8768e2da4bfaf59e85c 
[0;36mDEBUG[0m[2026-03-16 10:14:11.873]   received shard header from network in block tracker [0;36mshard[0m = 0 [0;36mepoch[0m = 0 [0;36mround[0m = 611 [0;36mnonce[0m = 602 [0;36mhash[0m = 4ee465624509fe112fa9ead16124810c55a7a0285bfcd4804cbb69c2dfd2334b 
[0;36mDEBUG[0m[2026-03-16 10:14:11.873]   received shard header from network in block tracker [0;36mshard[0m = 0 [0;36mepoch[0m = 0 [0;36mround[0m = 612 [0;36mnonce[0m = 603 [0;36mhash[0m = 44ded3b38f6315b16d8d0247a16d475646e9a4418fe649f61ca3ee9fadb9575e 
[0;36mDEBUG[0m[2026-03-16 10:14:11.873]   received shard header from network in block tracker [0;36mshard[0m = 0 [0;36mepoch[0m = 0 [0;36mround[0m = 613 [0;36mnonce[0m = 604 [0;36mhash[0m = 8ccaf77ec3ebe2e3603c6b7338c95441a94d5669ada5551a5ae97f8ac945cfc6 
[0;36mDEBUG[0m[2026-03-16 10:14:11.873]   received shard header from network in block tracker [0;36mshard[0m = 0 [0;36mepoch[0m = 0 [0;36mround[0m = 614 [0;36mnonce[0m = 605 [0;36mhash[0m = 34c3aecc238415bf6e01cc0e8e003bf14bd25f80ea0f54986ce45ef3e4060c6b 
[0;36mDEBUG[0m[2026-03-16 10:14:11.873]   received shard header from network in block tracker [0;36mshard[0m = 0 [0;36mepoch[0m = 0 [0;36mround[0m = 615 [0;36mnonce[0m = 606 [0;36mhash[0m = da33f060e0d6dbc273500a3ac1d2daa98fa478fc7466b72170e1a1a5b36e9703 
[0;36mDEBUG[0m[2026-03-16 10:14:11.873]   received shard header from network in block tracker [0;36mshard[0m = 0 [0;36mepoch[0m = 0 [0;36mround[0m = 616 [0;36mnonce[0m = 607 [0;36mhash[0m = 47d350f76450e9422c7b7c767f2a8930d4ccefb1606c66100e256aa816e05c7f 
[0;36mDEBUG[0m[2026-03-16 10:14:11.873]   received shard header from network in block tracker [0;36mshard[0m = 0 [0;36mepoch[0m = 0 [0;36mround[0m = 617 [0;36mnonce[0m = 608 [0;36mhash[0m = 11190ab5be71047d1c82ff9d8e953c5bcf5f9270e1460aa03bd603a45b53dc34 
[0;36mDEBUG[0m[2026-03-16 10:14:11.873]   received shard header from network in block tracker [0;36mshard[0m = 0 [0;36mepoch[0m = 0 [0;36mround[0m = 618 [0;36mnonce[0m = 609 [0;36mhash[0m = 82f1fcdf8d3825a92e4cc362c8953a76e214f40e1468f595528fe07ccb04fe49 
[0;36mDEBUG[0m[2026-03-16 10:14:11.873]   received shard header from network in block tracker [0;36mshard[0m = 0 [0;36mepoch[0m = 0 [0;36mround[0m = 619 [0;36mnonce[0m = 610 [0;36mhash[0m = 1490dc053457f39113c175cfe61caf7e678ac998ac089b38724978439fddb602 
[0;36mDEBUG[0m[2026-03-16 10:14:11.873]   received shard header from network in block tracker [0;36mshard[0m = 0 [0;36mepoch[0m = 0 [0;36mround[0m = 620 [0;36mnonce[0m = 611 [0;36mhash[0m = 71971a194543598c9efbe1cd62d6cc64f2821f2f6ba80c864f4675580cc20a78 
[0;36mDEBUG[0m[2026-03-16 10:14:11.873]   received shard header from network in block tracker [0;36mshard[0m = 0 [0;36mepoch[0m = 0 [0;36mround[0m = 621 [0;36mnonce[0m = 612 [0;36mhash[0m = 1fe1a85fe33e0d947da4dae926a6db0e8a7422d7088a6494efb67c77fdcc3056 
[0;36mDEBUG[0m[2026-03-16 10:14:11.873]   received shard header from network in block tracker [0;36mshard[0m = 0 [0;36mepoch[0m = 0 [0;36mround[0m = 622 [0;36mnonce[0m = 613 [0;36mhash[0m = e0b5e366c108237d00feea5a3287602e7eb86bbcdd1a46e67e8939db8d62799b 
[0;36mDEBUG[0m[2026-03-16 10:14:11.873]   received shard header from network in block tracker [0;36mshard[0m = 0 [0;36mepoch[0m = 0 [0;36mround[0m = 623 [0;36mnonce[0m = 614 [0;36mhash[0m = 8aed54494c5c023731b5bfd6280f71f78ea43b72b3b84d7131168e8057ffc6ac 
[0;36mDEBUG[0m[2026-03-16 10:14:11.873]   received shard header from network in block tracker [0;36mshard[0m = 0 [0;36mepoch[0m = 0 [0;36mround[0m = 624 [0;36mnonce[0m = 615 [0;36mhash[0m = ad0482b3e152f41f24bf2b173c4852e97857ce66bb6db081f763da9f56b6696e 
[0;36mDEBUG[0m[2026-03-16 10:14:11.873]   received shard header from network in block tracker [0;36mshard[0m = 0 [0;36mepoch[0m = 0 [0;36mround[0m = 625 [0;36mnonce[0m = 616 [0;36mhash[0m = 966d070d7a61b342cebaf8e405ba655603689321ffec478f659eda5c51460137 
[0;36mDEBUG[0m[2026-03-16 10:14:11.873]   received shard header from network in block tracker [0;36mshard[0m = 0 [0;36mepoch[0m = 0 [0;36mround[0m = 626 [0;36mnonce[0m = 617 [0;36mhash[0m = c6807e0391d0f10aa60f3cb0e303e71f1da6bdc9224e08374872bf024948770f 
[0;36mDEBUG[0m[2026-03-16 10:14:11.873]   received shard header from network in block tracker [0;36mshard[0m = 0 [0;36mepoch[0m = 0 [0;36mround[0m = 627 [0;36mnonce[0m = 618 [0;36mhash[0m = 49c68ba34b78ccc7c9a209e17945f28282e2f4dd13a7d744ccc85437bb43c13f 
[0;36mDEBUG[0m[2026-03-16 10:14:11.873]   received shard header from network in block tracker [0;36mshard[0m = 0 [0;36mepoch[0m = 0 [0;36mround[0m = 628 [0;36mnonce[0m = 619 [0;36mhash[0m = 6feb951b0a25e711275e44fed42f190d2c13f32c339480dd3a3845760da5c9ca 
[0;36mDEBUG[0m[2026-03-16 10:14:11.873]   received shard header from network in block tracker [0;36mshard[0m = 0 [0;36mepoch[0m = 0 [0;36mround[0m = 629 [0;36mnonce[0m = 620 [0;36mhash[0m = 25eeb1914a4e89950fb11965d92c0bb8252080364f4eeecc2594f7307c3e87f2 
[0;36mDEBUG[0m[2026-03-16 10:14:11.873]   received shard header from network in block tracker [0;36mshard[0m = 0 [0;36mepoch[0m = 0 [0;36mround[0m = 630 [0;36mnonce[0m = 621 [0;36mhash[0m = 07954baef7da5df7323f69cf62c12f1c82de236d515726ded0f2dd11329850f6 
[0;36mDEBUG[0m[2026-03-16 10:14:11.873]   received shard header from network in block tracker [0;36mshard[0m = 0 [0;36mepoch[0m = 0 [0;36mround[0m = 631 [0;36mnonce[0m = 622 [0;36mhash[0m = 00553483f04afb47163bea44fbc72fdf736e82825218f4e8b9895d8796583f1f 
[0;36mDEBUG[0m[2026-03-16 10:14:11.873]   received shard header from network in block tracker [0;36mshard[0m = 0 [0;36mepoch[0m = 0 [0;36mround[0m = 632 [0;36mnonce[0m = 623 [0;36mhash[0m = 30c0c6124b08018fbaf5de475dd0a6a0f07c51ad3f75205c8d472ee92c03cab8 
[0;36mDEBUG[0m[2026-03-16 10:14:11.873]   received shard header from network in block tracker [0;36mshard[0m = 0 [0;36mepoch[0m = 0 [0;36mround[0m = 633 [0;36mnonce[0m = 624 [0;36mhash[0m = b741015379957a1ab78ab8552c570bef0a86bd3ad258b3da2a2156f81ee458e0 
[0;36mDEBUG[0m[2026-03-16 10:14:11.873]   received shard header from network in block tracker [0;36mshard[0m = 0 [0;36mepoch[0m = 0 [0;36mround[0m = 634 [0;36mnonce[0m = 625 [0;36mhash[0m = 84166739cfd94cb8dcc842ff7b775c944b0be98ccd5d2d44a32a13ab89910242 
[0;36mDEBUG[0m[2026-03-16 10:14:11.873]   received shard header from network in block tracker [0;36mshard[0m = 0 [0;36mepoch[0m = 0 [0;36mround[0m = 635 [0;36mnonce[0m = 626 [0;36mhash[0m = 79553ddbe703f5785122742e167b6ed9b2665e93607f739156bd1ef1ea7eecbf 
[0;36mDEBUG[0m[2026-03-16 10:14:11.873]   received shard header from network in block tracker [0;36mshard[0m = 0 [0;36mepoch[0m = 0 [0;36mround[0m = 636 [0;36mnonce[0m = 627 [0;36mhash[0m = ebbfa51f022febe182aa7c64659796a78b116960a448ab703035048d9a5dced9 
[0;36mDEBUG[0m[2026-03-16 10:14:11.873]   received shard header from network in block tracker [0;36mshard[0m = 0 [0;36mepoch[0m = 0 [0;36mround[0m = 637 [0;36mnonce[0m = 628 [0;36mhash[0m = ade217f390b307f8db3011a35053c40c34e460383b07b75b97c214e6b7a320a9 
[0;36mDEBUG[0m[2026-03-16 10:14:11.873]   received shard header from network in block tracker [0;36mshard[0m = 0 [0;36mepoch[0m = 0 [0;36mround[0m = 638 [0;36mnonce[0m = 629 [0;36mhash[0m = fa07e50d69ef1a90b69286bbf7ee15abfc0cc54c15c0ab2631f356e1de6f3c7e 
[0;36mDEBUG[0m[2026-03-16 10:14:11.873]   received shard header from network in block tracker [0;36mshard[0m = 0 [0;36mepoch[0m = 0 [0;36mround[0m = 639 [0;36mnonce[0m = 630 [0;36mhash[0m = 33dd80ebd623c43093cbc7672a91664711e4d512f25f14e14d12304ee00c449c 
[0;36mDEBUG[0m[2026-03-16 10:14:11.873]   received shard header from network in block tracker [0;36mshard[0m = 0 [0;36mepoch[0m = 0 [0;36mround[0m = 640 [0;36mnonce[0m = 631 [0;36mhash[0m = cb3e7254e75c7019314b39d5703675357ad566135faeaf9af84b46dd333b1301 
[0;36mDEBUG[0m[2026-03-16 10:14:11.873]   received shard header from network in block tracker [0;36mshard[0m = 0 [0;36mepoch[0m = 0 [0;36mround[0m = 641 [0;36mnonce[0m = 632 [0;36mhash[0m = 58dd07e0679592bac5f30d9b4099322c97dab708520131a0bf211a0cd5973171 
[0;36mDEBUG[0m[2026-03-16 10:14:11.873]   received shard header from network in block tracker [0;36mshard[0m = 0 [0;36mepoch[0m = 0 [0;36mround[0m = 642 [0;36mnonce[0m = 633 [0;36mhash[0m = 41312effde52ed8a4b4dd43118e01d242243cfc5065d2d51254f09d6c63c9962 
[0;36mDEBUG[0m[2026-03-16 10:14:11.873]   received shard header from network in block tracker [0;36mshard[0m = 0 [0;36mepoch[0m = 0 [0;36mround[0m = 643 [0;36mnonce[0m = 634 [0;36mhash[0m = 1f1983378afab06aa2478220a6e998aef72a089b509f1df20d4300e8ab904eb3 
[0;36mDEBUG[0m[2026-03-16 10:14:11.873]   received shard header from network in block tracker [0;36mshard[0m = 0 [0;36mepoch[0m = 0 [0;36mround[0m = 644 [0;36mnonce[0m = 635 [0;36mhash[0m = f030d71fd4b90f3c0a10e3dd2bc8b047331e53a32463a0a53c4f040919e0b389 
[0;36mDEBUG[0m[2026-03-16 10:14:11.873]   received shard header from network in block tracker [0;36mshard[0m = 0 [0;36mepoch[0m = 0 [0;36mround[0m = 645 [0;36mnonce[0m = 636 [0;36mhash[0m = a513c1389971d7bb4398c24f8a011bf7225dd3305d5cd47e14996c1ee456a604 
[0;36mDEBUG[0m[2026-03-16 10:14:11.873]   received shard header from network in block tracker [0;36mshard[0m = 0 [0;36mepoch[0m = 0 [0;36mround[0m = 646 [0;36mnonce[0m = 637 [0;36mhash[0m = 97d7083e12b3da39f40e5379da01733305ce534cfd136f6eab067b2a4898ce69 
[0;36mDEBUG[0m[2026-03-16 10:14:11.873]   received shard header from network in block tracker [0;36mshard[0m = 0 [0;36mepoch[0m = 0 [0;36mround[0m = 647 [0;36mnonce[0m = 638 [0;36mhash[0m = 997e48354418aa9a433f82ea90630ec4ba77ba4e6321ee8812d916001cebd5d5 
[0;36mDEBUG[0m[2026-03-16 10:14:11.873]   received shard header from network in block tracker [0;36mshard[0m = 0 [0;36mepoch[0m = 0 [0;36mround[0m = 648 [0;36mnonce[0m = 639 [0;36mhash[0m = f11026b3947bc5aa157a345502d4eb43c2deced2a8ee189885fc781ad3f3f050 
[0;36mDEBUG[0m[2026-03-16 10:14:11.873]   received shard header from network in block tracker [0;36mshard[0m = 0 [0;36mepoch[0m = 0 [0;36mround[0m = 649 [0;36mnonce[0m = 640 [0;36mhash[0m = 16b078d2cacc68cfe3a52019e21f29cfd1ff1e7963af0e58343ee387d26c464b 
[0;36mDEBUG[0m[2026-03-16 10:14:11.873]   received shard header from network in block tracker [0;36mshard[0m = 0 [0;36mepoch[0m = 0 [0;36mround[0m = 650 [0;36mnonce[0m = 641 [0;36mhash[0m = dcc7e4631b90521708fd229a7c0bf2561b95670cc29e641f1ea3028e6dc49306 
[0;36mDEBUG[0m[2026-03-16 10:14:11.873]   received shard header from network in block tracker [0;36mshard[0m = 0 [0;36mepoch[0m = 0 [0;36mround[0m = 651 [0;36mnonce[0m = 642 [0;36mhash[0m = cf554d6bfb3f2e01e1e11e3fbfe47e8bdae32ea6725b6d6d7b520efddcbe721d 
[0;36mDEBUG[0m[2026-03-16 10:14:11.873]   received shard header from network in block tracker [0;36mshard[0m = 0 [0;36mepoch[0m = 0 [0;36mround[0m = 652 [0;36mnonce[0m = 643 [0;36mhash[0m = fd9f4f7a2099f475acdb389b798ec22434c0f695dc07aff2df9c46876e25383a 
[0;36mDEBUG[0m[2026-03-16 10:14:11.873]   received shard header from network in block tracker [0;36mshard[0m = 0 [0;36mepoch[0m = 0 [0;36mround[0m = 653 [0;36mnonce[0m = 644 [0;36mhash[0m = eeb1bc12a476856b40017dbf10d4c226f1edd78507ce952ded0d2353c01f1f72 
[0;36mDEBUG[0m[2026-03-16 10:14:11.873]   received shard header from network in block tracker [0;36mshard[0m = 0 [0;36mepoch[0m = 0 [0;36mround[0m = 654 [0;36mnonce[0m = 645 [0;36mhash[0m = b2c11b23122d855da5ebe81f89c3fd1f8b185cd3bdaacb9e7aef1e847b3c7193 
[0;36mDEBUG[0m[2026-03-16 10:14:11.873]   received shard header from network in block tracker [0;36mshard[0m = 0 [0;36mepoch[0m = 0 [0;36mround[0m = 655 [0;36mnonce[0m = 646 [0;36mhash[0m = 1a311fea1db6bfbcea247bf0b5f4f10606b28a6f73cd3500fa763fb073e33805 
[0;36mDEBUG[0m[2026-03-16 10:14:11.873]   received shard header from network in block tracker [0;36mshard[0m = 0 [0;36mepoch[0m = 0 [0;36mround[0m = 656 [0;36mnonce[0m = 647 [0;36mhash[0m = adec56f749e34c0d69e566ded43ea8602c8c35a1565f2781f817266b7cc4023a 
[0;36mDEBUG[0m[2026-03-16 10:14:11.873]   received shard header from network in block tracker [0;36mshard[0m = 0 [0;36mepoch[0m = 0 [0;36mround[0m = 657 [0;36mnonce[0m = 648 [0;36mhash[0m = f11888a3107c47d44f22cecca4676c41f2c121dad99ba8ded2a5bfa437a91762 
[0;36mDEBUG[0m[2026-03-16 10:14:11.873]   received shard header from network in block tracker [0;36mshard[0m = 0 [0;36mepoch[0m = 0 [0;36mround[0m = 658 [0;36mnonce[0m = 649 [0;36mhash[0m = 8d5071f11e014845679d146244f58a0700a18fad3f061c01a1f5aabdf4a2c77c 
[0;36mDEBUG[0m[2026-03-16 10:14:11.873]   received shard header from network in block tracker [0;36mshard[0m = 0 [0;36mepoch[0m = 0 [0;36mround[0m = 659 [0;36mnonce[0m = 650 [0;36mhash[0m = bf1f7fd6bf801e17295ca89cb0f6b8c84b067ce4cbe34da90a25e907b21ecf02 
[0;36mDEBUG[0m[2026-03-16 10:14:11.873]   received shard header from network in block tracker [0;36mshard[0m = 0 [0;36mepoch[0m = 0 [0;36mround[0m = 660 [0;36mnonce[0m = 651 [0;36mhash[0m = 20ca72b1ed9004fe128b28f142b261df18c462c230e8cf190f046c7d463275bb 
[0;36mDEBUG[0m[2026-03-16 10:14:11.873]   received shard header from network in block tracker [0;36mshard[0m = 0 [0;36mepoch[0m = 0 [0;36mround[0m = 661 [0;36mnonce[0m = 652 [0;36mhash[0m = fff99f3c63f9657eb78d5cb2d7ce0b38fbd439e67d3562e7e22a152d8415c777 
[0;36mDEBUG[0m[2026-03-16 10:14:11.873]   received shard header from network in block tracker [0;36mshard[0m = 0 [0;36mepoch[0m = 0 [0;36mround[0m = 662 [0;36mnonce[0m = 653 [0;36mhash[0m = 5aee0d2530fcc9a408efe32e9eff400baee7f71a0448a55d3aef4dacf7e6b389 
[0;36mDEBUG[0m[2026-03-16 10:14:11.873]   received shard header from network in block tracker [0;36mshard[0m = 0 [0;36mepoch[0m = 0 [0;36mround[0m = 663 [0;36mnonce[0m = 654 [0;36mhash[0m = 741de77c663c206544106bb72502733d3ceea5eadf7bf94b70c1db9286a671d6 
[0;36mDEBUG[0m[2026-03-16 10:14:11.873]   received shard header from network in block tracker [0;36mshard[0m = 0 [0;36mepoch[0m = 0 [0;36mround[0m = 664 [0;36mnonce[0m = 655 [0;36mhash[0m = 3a8f536240485d65c12fbeb3948e0d82e0adcf8a374eac1fc4f95223efbc5a74 
[0;36mDEBUG[0m[2026-03-16 10:14:11.873]   received shard header from network in block tracker [0;36mshard[0m = 0 [0;36mepoch[0m = 0 [0;36mround[0m = 665 [0;36mnonce[0m = 656 [0;36mhash[0m = c03bcc6fb1e8498551945694862b6ca19a4785d2f86f6bc8cbf330dbee87000d 
[0;36mDEBUG[0m[2026-03-16 10:14:11.873]   received shard header from network in block tracker [0;36mshard[0m = 0 [0;36mepoch[0m = 0 [0;36mround[0m = 666 [0;36mnonce[0m = 657 [0;36mhash[0m = 98035c529101d79931d19da48b0cf39c4d6c9896801ff2356287a5cf816f4536 
[0;36mDEBUG[0m[2026-03-16 10:14:11.873]   received shard header from network in block tracker [0;36mshard[0m = 0 [0;36mepoch[0m = 0 [0;36mround[0m = 667 [0;36mnonce[0m = 658 [0;36mhash[0m = ce380f011a5e7e39df790a1fac7855cdcd3c92da66f0eaea316a9b6c123488be 
[0;36mDEBUG[0m[2026-03-16 10:14:11.873]   received shard header from network in block tracker [0;36mshard[0m = 0 [0;36mepoch[0m = 0 [0;36mround[0m = 668 [0;36mnonce[0m = 659 [0;36mhash[0m = 1d2563fe45423722aa8e48590fca183002ce8cea38645e3ce932e463a37e196c 
[0;36mDEBUG[0m[2026-03-16 10:14:11.873]   received shard header from network in block tracker [0;36mshard[0m = 0 [0;36mepoch[0m = 0 [0;36mround[0m = 669 [0;36mnonce[0m = 660 [0;36mhash[0m = 8022ad0c11a2c8b8a990f22bec768798a94424084e281d55dddf17da89b94a5e 
[0;36mDEBUG[0m[2026-03-16 10:14:11.873]   received shard header from network in block tracker [0;36mshard[0m = 0 [0;36mepoch[0m = 0 [0;36mround[0m = 670 [0;36mnonce[0m = 661 [0;36mhash[0m = 1db9a24e317f55a6a0bb634cfd30bbec806ace86e4694ded9e8085b93f28aa9a 
[0;36mDEBUG[0m[2026-03-16 10:14:11.873]   received shard header from network in block tracker [0;36mshard[0m = 0 [0;36mepoch[0m = 0 [0;36mround[0m = 671 [0;36mnonce[0m = 662 [0;36mhash[0m = 19845039f69bd174413151926263c7241c9181a2c0f3ada06dec051e56d7dc8a 
[0;36mDEBUG[0m[2026-03-16 10:14:11.873]   received shard header from network in block tracker [0;36mshard[0m = 0 [0;36mepoch[0m = 0 [0;36mround[0m = 672 [0;36mnonce[0m = 663 [0;36mhash[0m = 2229893e4878d1ac4a13ccd1226bcd71158e2115af3fc7d6cabad4ca1292bb31 
[0;36mDEBUG[0m[2026-03-16 10:14:11.873]   received shard header from network in block tracker [0;36mshard[0m = 0 [0;36mepoch[0m = 0 [0;36mround[0m = 673 [0;36mnonce[0m = 664 [0;36mhash[0m = 8683518da36b00eb466c5dca2019fdbec138ee20a50774ddeee43682326bed60 
[0;36mDEBUG[0m[2026-03-16 10:14:11.873]   received shard header from network in block tracker [0;36mshard[0m = 0 [0;36mepoch[0m = 0 [0;36mround[0m = 674 [0;36mnonce[0m = 665 [0;36mhash[0m = 92de5ec97c0f33cff44d48c65a00a9d715e2311d8446d291eef8532e2f943658 
[0;36mDEBUG[0m[2026-03-16 10:14:11.873]   received shard header from network in block tracker [0;36mshard[0m = 0 [0;36mepoch[0m = 0 [0;36mround[0m = 675 [0;36mnonce[0m = 666 [0;36mhash[0m = 0d8ec61c1b0c05aba6149e253a35fa79b72cf72c52250027260bacbde20cc93b 
[0;36mDEBUG[0m[2026-03-16 10:14:11.874]   received shard header from network in block tracker [0;36mshard[0m = 0 [0;36mepoch[0m = 0 [0;36mround[0m = 676 [0;36mnonce[0m = 667 [0;36mhash[0m = af187fb3a2d7a23a741766b06ada798bb7cdbf9c704abfa71a2caf4c0dc66822 
[0;36mDEBUG[0m[2026-03-16 10:14:11.874]   received shard header from network in block tracker [0;36mshard[0m = 0 [0;36mepoch[0m = 0 [0;36mround[0m = 677 [0;36mnonce[0m = 668 [0;36mhash[0m = d11986a643138d5d8d9fcc7dc31bc566eccbfb8c2b0843c9dd1e5f7a6043cadc 
[0;36mDEBUG[0m[2026-03-16 10:14:11.874]   received shard header from network in block tracker [0;36mshard[0m = 0 [0;36mepoch[0m = 0 [0;36mround[0m = 678 [0;36mnonce[0m = 669 [0;36mhash[0m = 6e6a53f6ea63269f7f23c953909e162fb9c68cafd8411c416b64b4383d751862 
[0;36mDEBUG[0m[2026-03-16 10:14:11.874]   received shard header from network in block tracker [0;36mshard[0m = 0 [0;36mepoch[0m = 0 [0;36mround[0m = 679 [0;36mnonce[0m = 670 [0;36mhash[0m = 6605fcbdc4f377e9699e66185f10cc87e5812ee7fb5eeb54802757bf0df73ece 
[0;36mDEBUG[0m[2026-03-16 10:14:11.874]   received shard header from network in block tracker [0;36mshard[0m = 0 [0;36mepoch[0m = 0 [0;36mround[0m = 680 [0;36mnonce[0m = 671 [0;36mhash[0m = 8d5c3b3f2ee23fc0c5671309765504930536a0470ba2cdc09ac02b4001c99b56 
[0;36mDEBUG[0m[2026-03-16 10:14:11.874]   received shard header from network in block tracker [0;36mshard[0m = 0 [0;36mepoch[0m = 0 [0;36mround[0m = 681 [0;36mnonce[0m = 672 [0;36mhash[0m = 120ad191f6cd5731c9eca14d72d4c4a146b3e6363cc70493e0279ebb391fb6ee 
[0;36mDEBUG[0m[2026-03-16 10:14:11.874]   received shard header from network in block tracker [0;36mshard[0m = 0 [0;36mepoch[0m = 0 [0;36mround[0m = 682 [0;36mnonce[0m = 673 [0;36mhash[0m = 9111bc3d3ab4d88c776b628d20da8183a76080e04c231c88b5da414d08910f65 
[0;36mDEBUG[0m[2026-03-16 10:14:11.874]   received shard header from network in block tracker [0;36mshard[0m = 0 [0;36mepoch[0m = 0 [0;36mround[0m = 683 [0;36mnonce[0m = 674 [0;36mhash[0m = 3e8433a3842ae9cb8575e42c0eead8726504ae7da1653f617559704e8a82d615 
[0;36mDEBUG[0m[2026-03-16 10:14:11.874]   received shard header from network in block tracker [0;36mshard[0m = 0 [0;36mepoch[0m = 0 [0;36mround[0m = 684 [0;36mnonce[0m = 675 [0;36mhash[0m = 021600c833f321d885131cdbb88106583a4c00e5d57e5d7d82625e7bb2869d1f 
[0;36mDEBUG[0m[2026-03-16 10:14:11.874]   received shard header from network in block tracker [0;36mshard[0m = 0 [0;36mepoch[0m = 0 [0;36mround[0m = 685 [0;36mnonce[0m = 676 [0;36mhash[0m = 96f34ff98376c7bc645c3a82207283ea16189d477ff28bf93186bbca0390490b 
[0;36mDEBUG[0m[2026-03-16 10:14:11.874]   received shard header from network in block tracker [0;36mshard[0m = 0 [0;36mepoch[0m = 0 [0;36mround[0m = 686 [0;36mnonce[0m = 677 [0;36mhash[0m = 604697a145e79501b9c61d20652631ee72c02b99a620b6d6777e8c1e5685c42c 
[0;36mDEBUG[0m[2026-03-16 10:14:11.874]   received shard header from network in block tracker [0;36mshard[0m = 0 [0;36mepoch[0m = 0 [0;36mround[0m = 687 [0;36mnonce[0m = 678 [0;36mhash[0m = b30160749e03d609247ef8f8a44a58ab17654c77a72ad2fc6da7d7c611f16987 
[0;36mDEBUG[0m[2026-03-16 10:14:11.874]   received shard header from network in block tracker [0;36mshard[0m = 0 [0;36mepoch[0m = 0 [0;36mround[0m = 688 [0;36mnonce[0m = 679 [0;36mhash[0m = f6958993ccca210c4cd4f089685a16b1c3296a006b789bc08ee7507b47714c41 
[0;36mDEBUG[0m[2026-03-16 10:14:11.874]   received shard header from network in block tracker [0;36mshard[0m = 0 [0;36mepoch[0m = 0 [0;36mround[0m = 689 [0;36mnonce[0m = 680 [0;36mhash[0m = 5de1dda08ab99146cdab9f7a65c786fe98ab06bde91c15c8432122bf5c60d34b 
[0;36mDEBUG[0m[2026-03-16 10:14:11.874]   received shard header from network in block tracker [0;36mshard[0m = 0 [0;36mepoch[0m = 0 [0;36mround[0m = 690 [0;36mnonce[0m = 681 [0;36mhash[0m = 8d366517fc6e228ba7e07a180dca110fa113c69a91ef9e1bbb7f3923b2c1858b 
[0;36mDEBUG[0m[2026-03-16 10:14:11.874]   received shard header from network in block tracker [0;36mshard[0m = 0 [0;36mepoch[0m = 0 [0;36mround[0m = 691 [0;36mnonce[0m = 682 [0;36mhash[0m = b5555e0c61b7e84b0ba6b57ede74a278959258163a1583f18dc56ff99183800e 
[0;36mDEBUG[0m[2026-03-16 10:14:11.874]   received shard header from network in block tracker [0;36mshard[0m = 0 [0;36mepoch[0m = 0 [0;36mround[0m = 692 [0;36mnonce[0m = 683 [0;36mhash[0m = 393c93076e3a5857f7ad68c95fd0f37085625158c468c9742b903d0bead3c715 
[0;36mDEBUG[0m[2026-03-16 10:14:11.874]   received shard header from network in block tracker [0;36mshard[0m = 0 [0;36mepoch[0m = 0 [0;36mround[0m = 693 [0;36mnonce[0m = 684 [0;36mhash[0m = e2d76a90bb59dc98caa1f0652cb879812ce669b0cd0f03b10f0b5c915bb2018a 
[0;36mDEBUG[0m[2026-03-16 10:14:11.874]   received shard header from network in block tracker [0;36mshard[0m = 0 [0;36mepoch[0m = 0 [0;36mround[0m = 694 [0;36mnonce[0m = 685 [0;36mhash[0m = bd62954831185653b0a72abb1484c6dcb19c5b3c1580e333618a58d4093628ae 
[0;36mDEBUG[0m[2026-03-16 10:14:11.874]   received shard header from network in block tracker [0;36mshard[0m = 0 [0;36mepoch[0m = 0 [0;36mround[0m = 695 [0;36mnonce[0m = 686 [0;36mhash[0m = 8f13ae0d22f0334039470f8a3bf8220b54120260b1217da652de9f626c678ecb 
[0;36mDEBUG[0m[2026-03-16 10:14:11.874]   received shard header from network in block tracker [0;36mshard[0m = 0 [0;36mepoch[0m = 0 [0;36mround[0m = 696 [0;36mnonce[0m = 687 [0;36mhash[0m = d7025d5016ca4fae180ce13fea15c65bd1a634d6dd7c7c494d9d1a37fc38e2ff 
[0;36mDEBUG[0m[2026-03-16 10:14:11.874]   received shard header from network in block tracker [0;36mshard[0m = 0 [0;36mepoch[0m = 0 [0;36mround[0m = 697 [0;36mnonce[0m = 688 [0;36mhash[0m = e639711614d10a3d2fc632413e9e284d31218e4135663012a16104be1d690f76 
[0;36mDEBUG[0m[2026-03-16 10:14:11.874]   received shard header from network in block tracker [0;36mshard[0m = 0 [0;36mepoch[0m = 0 [0;36mround[0m = 698 [0;36mnonce[0m = 689 [0;36mhash[0m = 15413ee7ec7310dc6fba0487f5d9e8f7f65e84f898ec793d7099fa685c5e7c75 
[0;36mDEBUG[0m[2026-03-16 10:14:11.874]   received shard header from network in block tracker [0;36mshard[0m = 0 [0;36mepoch[0m = 0 [0;36mround[0m = 699 [0;36mnonce[0m = 690 [0;36mhash[0m = b20bae09a62a1e7334cff92fbd4315c8ca227c485660c66a5eac3a2171a07fc5 
[0;36mDEBUG[0m[2026-03-16 10:14:11.874]   received shard header from network in block tracker [0;36mshard[0m = 0 [0;36mepoch[0m = 0 [0;36mround[0m = 700 [0;36mnonce[0m = 691 [0;36mhash[0m = f7fd47d255651d1e1e15162a8dbaee1d8202088ccb8ce1d7006804b5c62a8d78 
[0;36mDEBUG[0m[2026-03-16 10:14:11.874]   received shard header from network in block tracker [0;36mshard[0m = 0 [0;36mepoch[0m = 0 [0;36mround[0m = 701 [0;36mnonce[0m = 692 [0;36mhash[0m = ab1d7c645c4c2ac4f29a6e9891965672ba6ee109d3def2d676f57c1449cc8516 
[0;36mDEBUG[0m[2026-03-16 10:14:11.874]   received shard header from network in block tracker [0;36mshard[0m = 0 [0;36mepoch[0m = 0 [0;36mround[0m = 702 [0;36mnonce[0m = 693 [0;36mhash[0m = 8f807374fcfcec04a0d39a4b4efcd415b3d747f75d77a1c8a06fc813fc34b8e0 
[0;36mDEBUG[0m[2026-03-16 10:14:11.874]   received shard header from network in block tracker [0;36mshard[0m = 0 [0;36mepoch[0m = 0 [0;36mround[0m = 703 [0;36mnonce[0m = 694 [0;36mhash[0m = 901a8fc57b748106dbe94cfea3d356e217e050b92ae604d6950cc6c751fdfd48 
[0;36mDEBUG[0m[2026-03-16 10:14:11.874]   received shard header from network in block tracker [0;36mshard[0m = 0 [0;36mepoch[0m = 0 [0;36mround[0m = 704 [0;36mnonce[0m = 695 [0;36mhash[0m = c9ddbcb6ba6cfebfd9091adf4d4f78063f6fa2cc53f669a777cee4ab680f6217 
[0;36mDEBUG[0m[2026-03-16 10:14:11.874]   received shard header from network in block tracker [0;36mshard[0m = 0 [0;36mepoch[0m = 0 [0;36mround[0m = 705 [0;36mnonce[0m = 696 [0;36mhash[0m = e3119f4f40980b8dc238ff767330fe224c3ea99c08ca2dc490ea42400f035546 
[0;36mDEBUG[0m[2026-03-16 10:14:11.874]   received shard header from network in block tracker [0;36mshard[0m = 0 [0;36mepoch[0m = 0 [0;36mround[0m = 706 [0;36mnonce[0m = 697 [0;36mhash[0m = 3f1984f3c73ce039caf92435fe9d9360d7e3c00b60c825bc6018ff00f4aa9eee 
[0;36mDEBUG[0m[2026-03-16 10:14:11.874]   received shard header from network in block tracker [0;36mshard[0m = 0 [0;36mepoch[0m = 0 [0;36mround[0m = 707 [0;36mnonce[0m = 698 [0;36mhash[0m = 40557b35df073cf2e07580c4687f9a490eef06d09bb4637750749ff159ce8fca 
[0;36mDEBUG[0m[2026-03-16 10:14:11.874]   received shard header from network in block tracker [0;36mshard[0m = 0 [0;36mepoch[0m = 0 [0;36mround[0m = 708 [0;36mnonce[0m = 699 [0;36mhash[0m = 9316fa74ccb7bdc6742a5d7d3b9c591cae941a94b3b1917c60ab75cff3c7e27d 
[0;36mDEBUG[0m[2026-03-16 10:14:11.874]   received shard header from network in block tracker [0;36mshard[0m = 0 [0;36mepoch[0m = 0 [0;36mround[0m = 709 [0;36mnonce[0m = 700 [0;36mhash[0m = 1b94b1d6ee2d51e82a9eee3d98fd71ee056eb6aa25fd2b477485e1b651aeffc4 
[0;36mDEBUG[0m[2026-03-16 10:14:11.874]   received shard header from network in block tracker [0;36mshard[0m = 0 [0;36mepoch[0m = 0 [0;36mround[0m = 710 [0;36mnonce[0m = 701 [0;36mhash[0m = 9d45600614b00f1a33f55050bfa4c1f74a5cbd8514e88730244b35ba1444f1d1 
[0;36mDEBUG[0m[2026-03-16 10:14:11.874]   received shard header from network in block tracker [0;36mshard[0m = 0 [0;36mepoch[0m = 0 [0;36mround[0m = 711 [0;36mnonce[0m = 702 [0;36mhash[0m = 422f1a173053b333ff97c23330664363edb1efa66a39ad2fd8468e00bf77cf07 
[0;36mDEBUG[0m[2026-03-16 10:14:11.874]   received shard header from network in block tracker [0;36mshard[0m = 0 [0;36mepoch[0m = 0 [0;36mround[0m = 712 [0;36mnonce[0m = 703 [0;36mhash[0m = 0d64c09625f0955b932856b4b69973eced5360d5234411d6b7823fc6229a4e77 
[0;36mDEBUG[0m[2026-03-16 10:14:11.874]   received shard header from network in block tracker [0;36mshard[0m = 0 [0;36mepoch[0m = 0 [0;36mround[0m = 713 [0;36mnonce[0m = 704 [0;36mhash[0m = 0cfb53e0323a18c291df30d9cce934a4a4266f9fd949fbd94b18942f334ad5b4 
[0;36mDEBUG[0m[2026-03-16 10:14:11.874]   received shard header from network in block tracker [0;36mshard[0m = 0 [0;36mepoch[0m = 0 [0;36mround[0m = 714 [0;36mnonce[0m = 705 [0;36mhash[0m = 751f464d707035929c44d630ab66a99e013e2e5fbae49421f640fa9b37cd76ae 
[0;36mDEBUG[0m[2026-03-16 10:14:11.874]   received shard header from network in block tracker [0;36mshard[0m = 0 [0;36mepoch[0m = 0 [0;36mround[0m = 715 [0;36mnonce[0m = 706 [0;36mhash[0m = 75ec3b0937e15e0ca094c845399b3191fd498558b7405a7a4ea5e06a93037b5b 
[0;36mDEBUG[0m[2026-03-16 10:14:11.874]   received shard header from network in block tracker [0;36mshard[0m = 0 [0;36mepoch[0m = 0 [0;36mround[0m = 716 [0;36mnonce[0m = 707 [0;36mhash[0m = 8785b21bc89c6630bf3a40f3c87ecf5a6dc13b26068c843529b2901065b3e080 
[0;36mDEBUG[0m[2026-03-16 10:14:11.874]   received shard header from network in block tracker [0;36mshard[0m = 0 [0;36mepoch[0m = 0 [0;36mround[0m = 717 [0;36mnonce[0m = 708 [0;36mhash[0m = c8f787a7542367df276ec38d28bd3e05e2a601ca73f8044cf9acb8c297cec772 
[0;36mDEBUG[0m[2026-03-16 10:14:11.874]   received shard header from network in block tracker [0;36mshard[0m = 0 [0;36mepoch[0m = 0 [0;36mround[0m = 718 [0;36mnonce[0m = 709 [0;36mhash[0m = 2d045bea5d55b93f252a42ebaff3b260a111ea3ce18acc9abf5233b2ff6ef8fa 
[0;36mDEBUG[0m[2026-03-16 10:14:11.874]   received shard header from network in block tracker [0;36mshard[0m = 0 [0;36mepoch[0m = 0 [0;36mround[0m = 719 [0;36mnonce[0m = 710 [0;36mhash[0m = a1c805200b0799a02364d7633ba1bc737f83390731b9880b21112147f4c58d57 
[0;36mDEBUG[0m[2026-03-16 10:14:11.874]   received shard header from network in block tracker [0;36mshard[0m = 0 [0;36mepoch[0m = 0 [0;36mround[0m = 720 [0;36mnonce[0m = 711 [0;36mhash[0m = 48b1a07681f89589b6cb491c3c6f7aab7fb1bcb49f34a8c5fec9b0e4d97bc870 
[0;36mDEBUG[0m[2026-03-16 10:14:11.874]   received shard header from network in block tracker [0;36mshard[0m = 0 [0;36mepoch[0m = 0 [0;36mround[0m = 721 [0;36mnonce[0m = 712 [0;36mhash[0m = 2ef6151c6af32b91bf504f9ac7e0d261b0ab52298b7e9815d3a1f3bb4b9ed50b 
[0;36mDEBUG[0m[2026-03-16 10:14:11.874]   received shard header from network in block tracker [0;36mshard[0m = 0 [0;36mepoch[0m = 0 [0;36mround[0m = 722 [0;36mnonce[0m = 713 [0;36mhash[0m = 61873a9ab513f8074295525f34f11f5573d2278d49a4ecc6ddc38242496f3d9b 
[0;36mDEBUG[0m[2026-03-16 10:14:11.874]   received shard header from network in block tracker [0;36mshard[0m = 0 [0;36mepoch[0m = 0 [0;36mround[0m = 723 [0;36mnonce[0m = 714 [0;36mhash[0m = aa3b957b6cbd2b562d7547d7671bdcbbcec04c83c302540bb63b0c8a275f6af7 
[0;36mDEBUG[0m[2026-03-16 10:14:11.874]   received shard header from network in block tracker [0;36mshard[0m = 0 [0;36mepoch[0m = 0 [0;36mround[0m = 724 [0;36mnonce[0m = 715 [0;36mhash[0m = e68d0f7a2e36d56560d44786fcbd41d488078f0bb1ac80686c1ecc2d00e511d3 
[0;36mDEBUG[0m[2026-03-16 10:14:11.874]   received shard header from network in block tracker [0;36mshard[0m = 0 [0;36mepoch[0m = 0 [0;36mround[0m = 725 [0;36mnonce[0m = 716 [0;36mhash[0m = f80b52b1b488f147e2205fdb6c597b6d5f390fa387dd0970b8d5ad9c7ee8061b 
[0;36mDEBUG[0m[2026-03-16 10:14:11.874]   received shard header from network in block tracker [0;36mshard[0m = 0 [0;36mepoch[0m = 0 [0;36mround[0m = 726 [0;36mnonce[0m = 717 [0;36mhash[0m = 8f18aaa0fcba736239639b40319035d2aee73198f8f77c76ea59e77bf11d213c 
[0;36mDEBUG[0m[2026-03-16 10:14:11.874]   received shard header from network in block tracker [0;36mshard[0m = 0 [0;36mepoch[0m = 0 [0;36mround[0m = 727 [0;36mnonce[0m = 718 [0;36mhash[0m = 40395436beaa8acf501a591162c95263f2373227b017a7e764f098cfdd96f674 
[0;36mDEBUG[0m[2026-03-16 10:14:11.874]   received shard header from network in block tracker [0;36mshard[0m = 0 [0;36mepoch[0m = 0 [0;36mround[0m = 728 [0;36mnonce[0m = 719 [0;36mhash[0m = cd0a508052e452c0f64c358bd0022b609a3b9605dfcec7bb8d8a5f7805f4651d 
[0;36mDEBUG[0m[2026-03-16 10:14:11.874]   received shard header from network in block tracker [0;36mshard[0m = 0 [0;36mepoch[0m = 0 [0;36mround[0m = 729 [0;36mnonce[0m = 720 [0;36mhash[0m = 04d500959af05c9d29749729691b6d43a1b42f094dd04ff40e78ce5194a8a3e9 
[0;36mDEBUG[0m[2026-03-16 10:14:11.874]   received shard header from network in block tracker [0;36mshard[0m = 0 [0;36mepoch[0m = 0 [0;36mround[0m = 730 [0;36mnonce[0m = 721 [0;36mhash[0m = a47f1bf3bc11c73391e5005670b1cfae5dbebbb8551b239fb10ab6330fff27df 
[0;36mDEBUG[0m[2026-03-16 10:14:11.874]   received shard header from network in block tracker [0;36mshard[0m = 0 [0;36mepoch[0m = 0 [0;36mround[0m = 731 [0;36mnonce[0m = 722 [0;36mhash[0m = ee165a4d358a258b9e3ff7ec1a5fcc770569514ca5efccb8cab5ecc87f45a574 
[0;36mDEBUG[0m[2026-03-16 10:14:11.874]   received shard header from network in block tracker [0;36mshard[0m = 0 [0;36mepoch[0m = 0 [0;36mround[0m = 732 [0;36mnonce[0m = 723 [0;36mhash[0m = 2037901b2322164de65c837e8095d5ecd7199e3a3c9e3bb7bda10eeb254de82d 
[0;36mDEBUG[0m[2026-03-16 10:14:11.874]   received shard header from network in block tracker [0;36mshard[0m = 0 [0;36mepoch[0m = 0 [0;36mround[0m = 733 [0;36mnonce[0m = 724 [0;36mhash[0m = 1b69ef99868bf369afc4e55cd2c9f9caf43611eddbfe08c43b6ff5e33106b94c 
[0;36mDEBUG[0m[2026-03-16 10:14:11.874]   received shard header from network in block tracker [0;36mshard[0m = 0 [0;36mepoch[0m = 0 [0;36mround[0m = 734 [0;36mnonce[0m = 725 [0;36mhash[0m = ff1fd99f628a3c2883e1c8c040cc2d08a57b3ee326f3afd1cd95b4417afd08c2 
[0;36mDEBUG[0m[2026-03-16 10:14:11.874]   received shard header from network in block tracker [0;36mshard[0m = 0 [0;36mepoch[0m = 0 [0;36mround[0m = 735 [0;36mnonce[0m = 726 [0;36mhash[0m = fd7d5d838eb4f8d13943786dc1b5894217198d60fb95cf13e6dea1d73da28fbf 
[0;36mDEBUG[0m[2026-03-16 10:14:11.874]   received shard header from network in block tracker [0;36mshard[0m = 0 [0;36mepoch[0m = 0 [0;36mround[0m = 736 [0;36mnonce[0m = 727 [0;36mhash[0m = e3244c8b57b4bcbf56188155db3eb81d1f24ca33897d5370b3699724b29284be 
[0;36mDEBUG[0m[2026-03-16 10:14:11.874]   received shard header from network in block tracker [0;36mshard[0m = 0 [0;36mepoch[0m = 0 [0;36mround[0m = 737 [0;36mnonce[0m = 728 [0;36mhash[0m = 96a071161c9ef46e398ee088f2063c410eff4b30d0d31b9c6a26176f009bd6a4 
[0;36mDEBUG[0m[2026-03-16 10:14:11.874]   received shard header from network in block tracker [0;36mshard[0m = 0 [0;36mepoch[0m = 0 [0;36mround[0m = 738 [0;36mnonce[0m = 729 [0;36mhash[0m = 0a906dc6b5c6b97fb9b5301a40bdeb33eb1118f8d7363e6b553330c8b4fe8aff 
[0;36mDEBUG[0m[2026-03-16 10:14:11.874]   received shard header from network in block tracker [0;36mshard[0m = 0 [0;36mepoch[0m = 0 [0;36mround[0m = 739 [0;36mnonce[0m = 730 [0;36mhash[0m = ce99a6cf13fb27b8730c7c5199c80ba6710206498bc6102dcd6513538f4a2b13 
[0;36mDEBUG[0m[2026-03-16 10:14:11.874]   received shard header from network in block tracker [0;36mshard[0m = 0 [0;36mepoch[0m = 0 [0;36mround[0m = 740 [0;36mnonce[0m = 731 [0;36mhash[0m = 0f7923ac99458c32388c2048fb3614302e5e5bc45da9ca6236bb5f2b1dc1f449 
[0;36mDEBUG[0m[2026-03-16 10:14:11.874]   received shard header from network in block tracker [0;36mshard[0m = 0 [0;36mepoch[0m = 0 [0;36mround[0m = 741 [0;36mnonce[0m = 732 [0;36mhash[0m = 25ecb2aa038c7ec7d54d8c20b2cc513591705443e30667508ffef8e2f4e499e0 
[0;36mDEBUG[0m[2026-03-16 10:14:11.874]   received shard header from network in block tracker [0;36mshard[0m = 0 [0;36mepoch[0m = 0 [0;36mround[0m = 742 [0;36mnonce[0m = 733 [0;36mhash[0m = 9f8463b5fd3f30f5b4c3052d95a2d123762b8e260015979eb14af5f27fdca4ed 
[0;36mDEBUG[0m[2026-03-16 10:14:11.874]   received shard header from network in block tracker [0;36mshard[0m = 0 [0;36mepoch[0m = 0 [0;36mround[0m = 743 [0;36mnonce[0m = 734 [0;36mhash[0m = f21959a297fcb06c11cf6493999efd0624f9fbbf31a94dd192214709915a1184 
[0;36mDEBUG[0m[2026-03-16 10:14:11.874]   received shard header from network in block tracker [0;36mshard[0m = 0 [0;36mepoch[0m = 0 [0;36mround[0m = 744 [0;36mnonce[0m = 735 [0;36mhash[0m = 30b7224b43f17d071cd01c3fcb89824fbf7092b1c7a616dd2e5c478e238cf838 
[0;36mDEBUG[0m[2026-03-16 10:14:11.874]   received shard header from network in block tracker [0;36mshard[0m = 0 [0;36mepoch[0m = 0 [0;36mround[0m = 745 [0;36mnonce[0m = 736 [0;36mhash[0m = e620a27ee8d967bfb31ea6990e80ab34c0ee418cc9e01b9e934f9cb413e5923e 
[0;36mDEBUG[0m[2026-03-16 10:14:11.874]   received shard header from network in block tracker [0;36mshard[0m = 0 [0;36mepoch[0m = 0 [0;36mround[0m = 746 [0;36mnonce[0m = 737 [0;36mhash[0m = 693f5687ab007e048380928a453d750ada06200e37b83c6ec2e01d1fa36ab72f 
[0;36mDEBUG[0m[2026-03-16 10:14:11.874]   received shard header from network in block tracker [0;36mshard[0m = 0 [0;36mepoch[0m = 0 [0;36mround[0m = 747 [0;36mnonce[0m = 738 [0;36mhash[0m = 1380dd31d3f052b18cf51501d79eacacdb343df873e01d246b9683599aa10337 
[0;36mDEBUG[0m[2026-03-16 10:14:11.874]   received shard header from network in block tracker [0;36mshard[0m = 0 [0;36mepoch[0m = 0 [0;36mround[0m = 748 [0;36mnonce[0m = 739 [0;36mhash[0m = c08bcab1e81855c03f7462c8a522092c21a0a3884e28dcdeaedfec8e13b922fc 
[0;36mDEBUG[0m[2026-03-16 10:14:11.874]   received shard header from network in block tracker [0;36mshard[0m = 0 [0;36mepoch[0m = 0 [0;36mround[0m = 749 [0;36mnonce[0m = 740 [0;36mhash[0m = 31dedb93b60c1bbf0faba81685dabe7f1e219d4d3ed941c1f62b9c3aac39c280 
[0;36mDEBUG[0m[2026-03-16 10:14:11.874]   received shard header from network in block tracker [0;36mshard[0m = 0 [0;36mepoch[0m = 0 [0;36mround[0m = 750 [0;36mnonce[0m = 741 [0;36mhash[0m = 55f67a4a944d142cfd407f6835dd8f567adfd7cfb2daf7d35b4512dea5ce654d 
[0;36mDEBUG[0m[2026-03-16 10:14:11.874]   received shard header from network in block tracker [0;36mshard[0m = 0 [0;36mepoch[0m = 0 [0;36mround[0m = 751 [0;36mnonce[0m = 742 [0;36mhash[0m = b0777be7dcd45965a3302f4cfa91c3ba46c2d04d4e0fd4f2d2646a00bbf3ffe2 
[0;36mDEBUG[0m[2026-03-16 10:14:11.874]   received shard header from network in block tracker [0;36mshard[0m = 0 [0;36mepoch[0m = 0 [0;36mround[0m = 752 [0;36mnonce[0m = 743 [0;36mhash[0m = adb60751ea72cc2ee386b1a972994651d2c6651b91b85e72d6b450307aed504b 
[0;36mDEBUG[0m[2026-03-16 10:14:11.874]   received shard header from network in block tracker [0;36mshard[0m = 0 [0;36mepoch[0m = 0 [0;36mround[0m = 753 [0;36mnonce[0m = 744 [0;36mhash[0m = f4161d27f631ebd10c9f22287aada491194dbb587a228eca0a3de80d409b8b1a 
[0;36mDEBUG[0m[2026-03-16 10:14:11.874]   received shard header from network in block tracker [0;36mshard[0m = 0 [0;36mepoch[0m = 0 [0;36mround[0m = 754 [0;36mnonce[0m = 745 [0;36mhash[0m = 64dc3e4fbb8c91e0d33b91c8c507dd411a4b908ffcadc12638d19609e36ece05 
[0;36mDEBUG[0m[2026-03-16 10:14:11.874]   received shard header from network in block tracker [0;36mshard[0m = 0 [0;36mepoch[0m = 0 [0;36mround[0m = 755 [0;36mnonce[0m = 746 [0;36mhash[0m = a0aa46f48dfabcbccdb6780e1af0db2e5a67c0deb5991c190a45385f452c1875 
[0;36mDEBUG[0m[2026-03-16 10:14:11.874]   received shard header from network in block tracker [0;36mshard[0m = 0 [0;36mepoch[0m = 0 [0;36mround[0m = 756 [0;36mnonce[0m = 747 [0;36mhash[0m = 247382af0a2d20cef94b67433bc1c4072c8191f40c5d9b08f62a9a99da3133ac 
[0;36mDEBUG[0m[2026-03-16 10:14:11.874]   received shard header from network in block tracker [0;36mshard[0m = 0 [0;36mepoch[0m = 0 [0;36mround[0m = 757 [0;36mnonce[0m = 748 [0;36mhash[0m = 48118e039de36afe520e3d61497fc8faca6ef3212deaa5f7ce9d2faebaccbaf6 
[0;36mDEBUG[0m[2026-03-16 10:14:11.874]   received shard header from network in block tracker [0;36mshard[0m = 0 [0;36mepoch[0m = 0 [0;36mround[0m = 758 [0;36mnonce[0m = 749 [0;36mhash[0m = b522129d8780f9f74d147cb741ea1311dde3f0c2facf7564303cf9787486bcdb 
[0;36mDEBUG[0m[2026-03-16 10:14:11.874]   received shard header from network in block tracker [0;36mshard[0m = 0 [0;36mepoch[0m = 0 [0;36mround[0m = 759 [0;36mnonce[0m = 750 [0;36mhash[0m = 3838ba68270b0b854309dcbf4a8ee9ed11cd0d307ec52456e5cf5b3edc3dc30e 
[0;36mDEBUG[0m[2026-03-16 10:14:11.874]   received shard header from network in block tracker [0;36mshard[0m = 0 [0;36mepoch[0m = 0 [0;36mround[0m = 760 [0;36mnonce[0m = 751 [0;36mhash[0m = 35800e7b44598a3cec58f4e57e2aab1eaedd92576861800fbd5f756e412c09fe 
[0;36mDEBUG[0m[2026-03-16 10:14:11.874]   received shard header from network in block tracker [0;36mshard[0m = 0 [0;36mepoch[0m = 0 [0;36mround[0m = 761 [0;36mnonce[0m = 752 [0;36mhash[0m = acc0006dc6d762308e961e3203f9071a54dbd9d04d4c165b78d501d45da88d1c 
[0;36mDEBUG[0m[2026-03-16 10:14:11.874]   received shard header from network in block tracker [0;36mshard[0m = 0 [0;36mepoch[0m = 0 [0;36mround[0m = 762 [0;36mnonce[0m = 753 [0;36mhash[0m = 50e25a2eec61563f0ff340f26b00bd32d9bd6ec5ec76b2b671eb6d281a969433 
[0;36mDEBUG[0m[2026-03-16 10:14:11.874]   received shard header from network in block tracker [0;36mshard[0m = 0 [0;36mepoch[0m = 0 [0;36mround[0m = 763 [0;36mnonce[0m = 754 [0;36mhash[0m = 4d549dcbb13fca3fc8b94f91ef384e9f1f7c70b5f0fb9ac5fcaae371e0809898 
[0;36mDEBUG[0m[2026-03-16 10:14:11.874]   received shard header from network in block tracker [0;36mshard[0m = 0 [0;36mepoch[0m = 0 [0;36mround[0m = 764 [0;36mnonce[0m = 755 [0;36mhash[0m = 78c6d160a5ebd7c0aecc42b3b87650997d95d01e0e253711c024fe2bf79a6776 
[0;36mDEBUG[0m[2026-03-16 10:14:11.874]   received shard header from network in block tracker [0;36mshard[0m = 0 [0;36mepoch[0m = 0 [0;36mround[0m = 765 [0;36mnonce[0m = 756 [0;36mhash[0m = a57588336ae84bf71a4eab40a41418776823b120cb184780c8f2ddbaa9ba2e49 
[0;36mDEBUG[0m[2026-03-16 10:14:11.874]   received shard header from network in block tracker [0;36mshard[0m = 0 [0;36mepoch[0m = 0 [0;36mround[0m = 766 [0;36mnonce[0m = 757 [0;36mhash[0m = b8c3fc620343c17e60b054fd1cc961fb6e275c67574f18dcd6ea725d4f37ade9 
[0;36mDEBUG[0m[2026-03-16 10:14:11.874]   received shard header from network in block tracker [0;36mshard[0m = 0 [0;36mepoch[0m = 0 [0;36mround[0m = 767 [0;36mnonce[0m = 758 [0;36mhash[0m = 260673c060ddaa066f9e892cfec696845fa57d5efe013da8e7b978e3289720af 
[0;36mDEBUG[0m[2026-03-16 10:14:11.874]   received shard header from network in block tracker [0;36mshard[0m = 0 [0;36mepoch[0m = 0 [0;36mround[0m = 768 [0;36mnonce[0m = 759 [0;36mhash[0m = 0aed4b3df8927add486c420b4785c4000a935117181dff4005150f8223f48306 
[0;36mDEBUG[0m[2026-03-16 10:14:11.874]   received shard header from network in block tracker [0;36mshard[0m = 0 [0;36mepoch[0m = 0 [0;36mround[0m = 769 [0;36mnonce[0m = 760 [0;36mhash[0m = 2a2acebd66b1cc5ea5d277681496e07caaeaf66ef6044c58e6f2180b3892e98b 
[0;36mDEBUG[0m[2026-03-16 10:14:11.875]   received shard header from network in block tracker [0;36mshard[0m = 0 [0;36mepoch[0m = 0 [0;36mround[0m = 770 [0;36mnonce[0m = 761 [0;36mhash[0m = d055dd0c91f7b24981303e2c79b8d382ed54de50454b5ac483dbf7ad7ed49a4f 
[0;36mDEBUG[0m[2026-03-16 10:14:11.875]   received shard header from network in block tracker [0;36mshard[0m = 0 [0;36mepoch[0m = 0 [0;36mround[0m = 771 [0;36mnonce[0m = 762 [0;36mhash[0m = b5109f05e0dcd090bef90d4e515e87abcb430535b983f00ab6e746f5be45735d 
[0;36mDEBUG[0m[2026-03-16 10:14:11.875]   received shard header from network in block tracker [0;36mshard[0m = 0 [0;36mepoch[0m = 0 [0;36mround[0m = 772 [0;36mnonce[0m = 763 [0;36mhash[0m = 5cb56991d9b73c023484cb1fb6a5dc39e19adaeb9cf22d559f85586765d4ff66 
[0;36mDEBUG[0m[2026-03-16 10:14:11.875]   received shard header from network in block tracker [0;36mshard[0m = 0 [0;36mepoch[0m = 0 [0;36mround[0m = 773 [0;36mnonce[0m = 764 [0;36mhash[0m = 1d26ff74ae4969b0c5a978ab0ca5495392210a0e722dd4de9f1b0f513a41ae1d 
[0;36mDEBUG[0m[2026-03-16 10:14:11.875]   received shard header from network in block tracker [0;36mshard[0m = 0 [0;36mepoch[0m = 0 [0;36mround[0m = 774 [0;36mnonce[0m = 765 [0;36mhash[0m = ea40a240eff132711b27de07a384efc080a0d96a6fabef9873368c227da5555f 
[0;36mDEBUG[0m[2026-03-16 10:14:11.875]   received shard header from network in block tracker [0;36mshard[0m = 0 [0;36mepoch[0m = 0 [0;36mround[0m = 775 [0;36mnonce[0m = 766 [0;36mhash[0m = ec920b40e6bcc33d30e610e2da5d7a20e2f29f23577398efcdb1862246c8f987 
[0;36mDEBUG[0m[2026-03-16 10:14:11.875]   received shard header from network in block tracker [0;36mshard[0m = 0 [0;36mepoch[0m = 0 [0;36mround[0m = 776 [0;36mnonce[0m = 767 [0;36mhash[0m = 9677aac635a7280aef187b411fd5a93999e59ac29a53b2d3842e49078754796f 
[0;36mDEBUG[0m[2026-03-16 10:14:11.875]   received shard header from network in block tracker [0;36mshard[0m = 0 [0;36mepoch[0m = 0 [0;36mround[0m = 777 [0;36mnonce[0m = 768 [0;36mhash[0m = 95a2c610cfbe0880ecdc1d464d4a55f625f31ac4a5e36b8d9e644dac1c360869 
[0;36mDEBUG[0m[2026-03-16 10:14:11.875]   received shard header from network in block tracker [0;36mshard[0m = 0 [0;36mepoch[0m = 0 [0;36mround[0m = 778 [0;36mnonce[0m = 769 [0;36mhash[0m = c9a9b5a2710e5c3c49bd84a87c82d85b8c0a3e98b0593e1054e834806d7ed9ee 
[0;36mDEBUG[0m[2026-03-16 10:14:11.875]   received shard header from network in block tracker [0;36mshard[0m = 0 [0;36mepoch[0m = 0 [0;36mround[0m = 779 [0;36mnonce[0m = 770 [0;36mhash[0m = 2dd39620a3196c62a2a29c8d237f8f10c31882ebdc802aa35e91cae4b9297a62 
[0;36mDEBUG[0m[2026-03-16 10:14:11.875]   received shard header from network in block tracker [0;36mshard[0m = 0 [0;36mepoch[0m = 0 [0;36mround[0m = 780 [0;36mnonce[0m = 771 [0;36mhash[0m = 484772145dddcfc867103b9917612a52a136a6b9ea47193c5c94622ed95277e6 
[0;36mDEBUG[0m[2026-03-16 10:14:11.875]   received shard header from network in block tracker [0;36mshard[0m = 0 [0;36mepoch[0m = 0 [0;36mround[0m = 781 [0;36mnonce[0m = 772 [0;36mhash[0m = 0cfe955493721d0070e7d96c9eeb48391616d42ac5d8552752e8914f4eee534f 
[0;36mDEBUG[0m[2026-03-16 10:14:11.875]   received shard header from network in block tracker [0;36mshard[0m = 0 [0;36mepoch[0m = 0 [0;36mround[0m = 782 [0;36mnonce[0m = 773 [0;36mhash[0m = 80673424d7a98da93277418fe29775d5f710d71e87df6145046dcfdcf442c747 
[0;36mDEBUG[0m[2026-03-16 10:14:11.875]   received shard header from network in block tracker [0;36mshard[0m = 0 [0;36mepoch[0m = 0 [0;36mround[0m = 783 [0;36mnonce[0m = 774 [0;36mhash[0m = 282752bff260bf9784bd9094954b8cdc571bc54bb3184bd9934f75fec73a8889 
[0;36mDEBUG[0m[2026-03-16 10:14:11.875]   received shard header from network in block tracker [0;36mshard[0m = 0 [0;36mepoch[0m = 0 [0;36mround[0m = 784 [0;36mnonce[0m = 775 [0;36mhash[0m = 8b4722105f26a926a86af2fc53574d947b539af12453149660eb2b1440ea43c9 
[0;36mDEBUG[0m[2026-03-16 10:14:11.875]   received shard header from network in block tracker [0;36mshard[0m = 0 [0;36mepoch[0m = 0 [0;36mround[0m = 785 [0;36mnonce[0m = 776 [0;36mhash[0m = 31b3051f6ff2bfa2ab98ed8520e3eb34d35ed1a0f6e24755c1592da69c17d852 
[0;36mDEBUG[0m[2026-03-16 10:14:11.875]   received shard header from network in block tracker [0;36mshard[0m = 0 [0;36mepoch[0m = 0 [0;36mround[0m = 786 [0;36mnonce[0m = 777 [0;36mhash[0m = 60306a47f0a660b1ba134fbafd6e637ccf3e7c9d9a7642e2074214db66e6affa 
[0;36mDEBUG[0m[2026-03-16 10:14:11.875]   received shard header from network in block tracker [0;36mshard[0m = 0 [0;36mepoch[0m = 0 [0;36mround[0m = 787 [0;36mnonce[0m = 778 [0;36mhash[0m = e5a5e8c778b86653007027880de1bc2c8d050ce058501fe75a36268988de3b09 
[0;36mDEBUG[0m[2026-03-16 10:14:11.875]   received shard header from network in block tracker [0;36mshard[0m = 0 [0;36mepoch[0m = 0 [0;36mround[0m = 788 [0;36mnonce[0m = 779 [0;36mhash[0m = a443f54c3d51f25db2219a90599c4067427fde974b75c6b4e0a5527317987c0b 
[0;36mDEBUG[0m[2026-03-16 10:14:11.875]   received shard header from network in block tracker [0;36mshard[0m = 0 [0;36mepoch[0m = 0 [0;36mround[0m = 789 [0;36mnonce[0m = 780 [0;36mhash[0m = 5fe6d56b5712f206e33f82de48ebcaee5105c3b4dbf1dc78c2a2648cfc7b52a0 
[0;36mDEBUG[0m[2026-03-16 10:14:11.875]   received shard header from network in block tracker [0;36mshard[0m = 0 [0;36mepoch[0m = 0 [0;36mround[0m = 790 [0;36mnonce[0m = 781 [0;36mhash[0m = 415b7633d3da3c40857fe11d34f579a96c123015c3e3befc9bb555a30ebdb840 
[0;36mDEBUG[0m[2026-03-16 10:14:11.875]   received shard header from network in block tracker [0;36mshard[0m = 0 [0;36mepoch[0m = 0 [0;36mround[0m = 791 [0;36mnonce[0m = 782 [0;36mhash[0m = 94937a964578863f3f1ffa71647fbb85e66d3c7dc7173098cab34fc09f37eb20 
[0;36mDEBUG[0m[2026-03-16 10:14:11.875]   received shard header from network in block tracker [0;36mshard[0m = 0 [0;36mepoch[0m = 0 [0;36mround[0m = 792 [0;36mnonce[0m = 783 [0;36mhash[0m = c1a0815262368cda39ea96f0f84ce4814b6591bfba6cf83f5b8ddee7c3830913 
[0;36mDEBUG[0m[2026-03-16 10:14:11.875]   received shard header from network in block tracker [0;36mshard[0m = 0 [0;36mepoch[0m = 0 [0;36mround[0m = 793 [0;36mnonce[0m = 784 [0;36mhash[0m = a8ad359b2142084d8fb0ef896eddda443e4ebd18daf1233e3a99c2e779631ef4 
[0;36mDEBUG[0m[2026-03-16 10:14:11.875]   received shard header from network in block tracker [0;36mshard[0m = 0 [0;36mepoch[0m = 0 [0;36mround[0m = 794 [0;36mnonce[0m = 785 [0;36mhash[0m = a64b38680387866405c9fa3e697ebfa61a3df4ed517bfb2906d7a857feedde91 
[0;36mDEBUG[0m[2026-03-16 10:14:11.875]   received shard header from network in block tracker [0;36mshard[0m = 0 [0;36mepoch[0m = 0 [0;36mround[0m = 795 [0;36mnonce[0m = 786 [0;36mhash[0m = 1ba021f12393b4e2c5c4bd1f6fa0c98b12d8819e7d120c36d1d7e656c921a192 
[0;36mDEBUG[0m[2026-03-16 10:14:11.875]   received shard header from network in block tracker [0;36mshard[0m = 0 [0;36mepoch[0m = 0 [0;36mround[0m = 796 [0;36mnonce[0m = 787 [0;36mhash[0m = 3b9e851242566474cbafb58a0cfa5741497724f0d9498ff800d98d9f6d846ad7 
[0;36mDEBUG[0m[2026-03-16 10:14:11.875]   received shard header from network in block tracker [0;36mshard[0m = 0 [0;36mepoch[0m = 0 [0;36mround[0m = 797 [0;36mnonce[0m = 788 [0;36mhash[0m = 3ca0cc7fefe946ce74f80e822b5b72e209d9f16193ce3db73a76fe7567da17a7 
[0;36mDEBUG[0m[2026-03-16 10:14:11.875]   received shard header from network in block tracker [0;36mshard[0m = 0 [0;36mepoch[0m = 0 [0;36mround[0m = 798 [0;36mnonce[0m = 789 [0;36mhash[0m = 7e234ac4ce092aa139d74888c2f46bb0c0f6959c3ccb04bcf44cdfa5dc5713c5 
[0;36mDEBUG[0m[2026-03-16 10:14:11.875]   received shard header from network in block tracker [0;36mshard[0m = 0 [0;36mepoch[0m = 0 [0;36mround[0m = 799 [0;36mnonce[0m = 790 [0;36mhash[0m = f965323bdb9db0970d635a972b2d8d141cd4b33114f81d06df08a59e2ae0a605 
[0;36mDEBUG[0m[2026-03-16 10:14:11.875]   received shard header from network in block tracker [0;36mshard[0m = 0 [0;36mepoch[0m = 0 [0;36mround[0m = 800 [0;36mnonce[0m = 791 [0;36mhash[0m = 9c84c1c5a5becfb1024e785559a020d33600b7875568ea122775e68ca99e947a 
[0;36mDEBUG[0m[2026-03-16 10:14:11.875]   received shard header from network in block tracker [0;36mshard[0m = 0 [0;36mepoch[0m = 0 [0;36mround[0m = 801 [0;36mnonce[0m = 792 [0;36mhash[0m = 1724a08e51328b224f594b3758d42e1e174916a625019265b15fb6411d068529 
[0;36mDEBUG[0m[2026-03-16 10:14:11.875]   received shard header from network in block tracker [0;36mshard[0m = 0 [0;36mepoch[0m = 0 [0;36mround[0m = 802 [0;36mnonce[0m = 793 [0;36mhash[0m = f2d52c5689581b32bcfecffc6fe1e30fafafee9812fb9895a17b1353e188824b 
[0;36mDEBUG[0m[2026-03-16 10:14:11.875]   received shard header from network in block tracker [0;36mshard[0m = 0 [0;36mepoch[0m = 0 [0;36mround[0m = 803 [0;36mnonce[0m = 794 [0;36mhash[0m = fb11aa3f5598676db04d7d68729ed35e2c871ee076693d87122770def0485339 
[0;36mDEBUG[0m[2026-03-16 10:14:11.875]   received shard header from network in block tracker [0;36mshard[0m = 0 [0;36mepoch[0m = 0 [0;36mround[0m = 804 [0;36mnonce[0m = 795 [0;36mhash[0m = 61baf525154c159ae3aad1c08ead9a3f03776fbc29e98f32556458bf2878f68a 
[0;36mDEBUG[0m[2026-03-16 10:14:11.875]   received shard header from network in block tracker [0;36mshard[0m = 0 [0;36mepoch[0m = 0 [0;36mround[0m = 805 [0;36mnonce[0m = 796 [0;36mhash[0m = 46475f3ef29ac2327c9ac635efa373539e75f7f5bc143089174d4f8aa19107a9 
[0;36mDEBUG[0m[2026-03-16 10:14:11.875]   received shard header from network in block tracker [0;36mshard[0m = 0 [0;36mepoch[0m = 0 [0;36mround[0m = 806 [0;36mnonce[0m = 797 [0;36mhash[0m = eb22186c7f00fbeb3a6c5f22fe382c0b468c6c0db4f8299dbda3a180040dfcd4 
[0;36mDEBUG[0m[2026-03-16 10:14:11.875]   received shard header from network in block tracker [0;36mshard[0m = 0 [0;36mepoch[0m = 0 [0;36mround[0m = 807 [0;36mnonce[0m = 798 [0;36mhash[0m = e59681db8fdeb61bc24406e2e778baac7752afb2305dde7560edfba9c815752c 
[0;36mDEBUG[0m[2026-03-16 10:14:11.875]   received shard header from network in block tracker [0;36mshard[0m = 0 [0;36mepoch[0m = 0 [0;36mround[0m = 808 [0;36mnonce[0m = 799 [0;36mhash[0m = 75a21692ae1ceac622fe707a5e5c7cce8ca672053b2c7d3092fe196165b7f1e3 
[0;36mDEBUG[0m[2026-03-16 10:14:11.875]   received shard header from network in block tracker [0;36mshard[0m = 0 [0;36mepoch[0m = 0 [0;36mround[0m = 809 [0;36mnonce[0m = 800 [0;36mhash[0m = eaa860bbe6a70839d697d8a51150f945bad12bb7ed96d11153ee98acee121356 
[0;36mDEBUG[0m[2026-03-16 10:14:11.875]   received shard header from network in block tracker [0;36mshard[0m = 0 [0;36mepoch[0m = 0 [0;36mround[0m = 810 [0;36mnonce[0m = 801 [0;36mhash[0m = 0eb435a419a90bb6bf8cd6b51f6dddeb95f30f8146825e7743fe9ae7c9f666a9 
[0;36mDEBUG[0m[2026-03-16 10:14:11.875]   received shard header from network in block tracker [0;36mshard[0m = 0 [0;36mepoch[0m = 0 [0;36mround[0m = 811 [0;36mnonce[0m = 802 [0;36mhash[0m = be4e28b604b8b7f34c8328394f71b3992a894e4b3f7e8e97c8ee72c8dfbd8b68 
[0;36mDEBUG[0m[2026-03-16 10:14:11.875]   received shard header from network in block tracker [0;36mshard[0m = 0 [0;36mepoch[0m = 0 [0;36mround[0m = 812 [0;36mnonce[0m = 803 [0;36mhash[0m = 32c82b700a1dd58724c0a5710f76ef84aa45131ed0366947cc955ebf1ecbe87c 
[0;36mDEBUG[0m[2026-03-16 10:14:11.875]   received shard header from network in block tracker [0;36mshard[0m = 0 [0;36mepoch[0m = 0 [0;36mround[0m = 813 [0;36mnonce[0m = 804 [0;36mhash[0m = 9491dc146af9c2cee84654208f20c4f7634e5b5e8b2f58c2ec25b8811dd65d3d 
[0;36mDEBUG[0m[2026-03-16 10:14:11.875]   received shard header from network in block tracker [0;36mshard[0m = 0 [0;36mepoch[0m = 0 [0;36mround[0m = 814 [0;36mnonce[0m = 805 [0;36mhash[0m = cf16008ec9048dffe7629119ba7ba3c8ae0228dece6f7584f674b15dc3b6aa7c 
[0;36mDEBUG[0m[2026-03-16 10:14:11.875]   received shard header from network in block tracker [0;36mshard[0m = 0 [0;36mepoch[0m = 0 [0;36mround[0m = 815 [0;36mnonce[0m = 806 [0;36mhash[0m = 6a40c83fb850da315fd04fd27ab0ac1a54aac3afe109035da399508dfc2ab311 
[0;36mDEBUG[0m[2026-03-16 10:14:11.875]   received shard header from network in block tracker [0;36mshard[0m = 0 [0;36mepoch[0m = 0 [0;36mround[0m = 816 [0;36mnonce[0m = 807 [0;36mhash[0m = c4a5de718c843031d35374907564a9b7a80f752a0dd56fdc7e546730afa80fe1 
[0;36mDEBUG[0m[2026-03-16 10:14:11.875]   received shard header from network in block tracker [0;36mshard[0m = 0 [0;36mepoch[0m = 0 [0;36mround[0m = 817 [0;36mnonce[0m = 808 [0;36mhash[0m = 6e1723e394e8ae286704122dd88c0847498296c0d6468a2f6f392e9f02d076a6 
[0;36mDEBUG[0m[2026-03-16 10:14:11.875]   received shard header from network in block tracker [0;36mshard[0m = 0 [0;36mepoch[0m = 0 [0;36mround[0m = 818 [0;36mnonce[0m = 809 [0;36mhash[0m = 7356aaa484e3e3ab0aa225835ebc70347c366cecc1b896d41c679473eb4c8473 
[0;36mDEBUG[0m[2026-03-16 10:14:11.875]   received shard header from network in block tracker [0;36mshard[0m = 0 [0;36mepoch[0m = 0 [0;36mround[0m = 819 [0;36mnonce[0m = 810 [0;36mhash[0m = 27372b557ff44280e64bfaa01cdd93d1497e919bca9c9aab428ce24a8278540d 
[0;36mDEBUG[0m[2026-03-16 10:14:11.875]   received shard header from network in block tracker [0;36mshard[0m = 0 [0;36mepoch[0m = 0 [0;36mround[0m = 820 [0;36mnonce[0m = 811 [0;36mhash[0m = 0bd8cfb124a23ee3d1ea9e1ef2328d3ab357d5c2638712fd152c053f58066f9a 
[0;36mDEBUG[0m[2026-03-16 10:14:11.875]   received shard header from network in block tracker [0;36mshard[0m = 0 [0;36mepoch[0m = 0 [0;36mround[0m = 821 [0;36mnonce[0m = 812 [0;36mhash[0m = 6d7d6d48f7357fba61efced9f54e2400cfd62b7d0d55d7b89c58184da54293cc 
[0;36mDEBUG[0m[2026-03-16 10:14:11.875]   received shard header from network in block tracker [0;36mshard[0m = 0 [0;36mepoch[0m = 0 [0;36mround[0m = 822 [0;36mnonce[0m = 813 [0;36mhash[0m = add6d795a4ef710999efec42fbc131d9781cc46d2085eab89b26a33dbcafb9f9 
[0;36mDEBUG[0m[2026-03-16 10:14:11.875]   received shard header from network in block tracker [0;36mshard[0m = 0 [0;36mepoch[0m = 0 [0;36mround[0m = 823 [0;36mnonce[0m = 814 [0;36mhash[0m = a739bad9cf3e86ecb7db0e814f51518c42b05783cea23b9f73dab751d42fed22 
[0;36mDEBUG[0m[2026-03-16 10:14:11.875]   received shard header from network in block tracker [0;36mshard[0m = 0 [0;36mepoch[0m = 0 [0;36mround[0m = 824 [0;36mnonce[0m = 815 [0;36mhash[0m = b2b28d1c05615c30c1c98ffbf8c432d74cdf049fd94f220b625d785a184ab1dd 
[0;36mDEBUG[0m[2026-03-16 10:14:11.875]   received shard header from network in block tracker [0;36mshard[0m = 0 [0;36mepoch[0m = 0 [0;36mround[0m = 825 [0;36mnonce[0m = 816 [0;36mhash[0m = debe96fcc70ac3fcbc514d13da68560e69a012508c9a152e3ea8e41baf52f929 
[0;36mDEBUG[0m[2026-03-16 10:14:11.875]   received shard header from network in block tracker [0;36mshard[0m = 0 [0;36mepoch[0m = 0 [0;36mround[0m = 826 [0;36mnonce[0m = 817 [0;36mhash[0m = b385bbc9cce2b2dea5436f61838a5d0c5da0037092cb1b829ace4ae2dd7b2eaa 
[0;36mDEBUG[0m[2026-03-16 10:14:11.875]   received shard header from network in block tracker [0;36mshard[0m = 0 [0;36mepoch[0m = 0 [0;36mround[0m = 827 [0;36mnonce[0m = 818 [0;36mhash[0m = 0e3019895096772ebb55e67f82a98e7e594848bdca647df8485341e120a5f8cf 
[0;36mDEBUG[0m[2026-03-16 10:14:11.875]   received shard header from network in block tracker [0;36mshard[0m = 0 [0;36mepoch[0m = 0 [0;36mround[0m = 828 [0;36mnonce[0m = 819 [0;36mhash[0m = db3d4c409d6921b93c357a196e8ea3a862b9546256144f389e86d8eda44b40b5 
[0;36mDEBUG[0m[2026-03-16 10:14:11.875]   received shard header from network in block tracker [0;36mshard[0m = 0 [0;36mepoch[0m = 0 [0;36mround[0m = 829 [0;36mnonce[0m = 820 [0;36mhash[0m = d2578dc11349e2addb77eea1e782b40df5ed490d620d253b8f869ed8e8bfb5cc 
[0;36mDEBUG[0m[2026-03-16 10:14:11.875]   received shard header from network in block tracker [0;36mshard[0m = 0 [0;36mepoch[0m = 0 [0;36mround[0m = 830 [0;36mnonce[0m = 821 [0;36mhash[0m = ec5abfebd217e0f7104065f0124d14812e218efffeb607b6e694d18d503e2aa4 
[0;36mDEBUG[0m[2026-03-16 10:14:11.875]   received shard header from network in block tracker [0;36mshard[0m = 0 [0;36mepoch[0m = 0 [0;36mround[0m = 831 [0;36mnonce[0m = 822 [0;36mhash[0m = ee7fd19c51b7ece645e687e07dcfd23f69e9e73e00f7715d1e54a607d67e5e8f 
[0;36mDEBUG[0m[2026-03-16 10:14:11.875]   received shard header from network in block tracker [0;36mshard[0m = 0 [0;36mepoch[0m = 0 [0;36mround[0m = 832 [0;36mnonce[0m = 823 [0;36mhash[0m = a3157bf434a59d9bfb2744fae722b685427a83f0aa973d38ba761dc8491044db 
[0;36mDEBUG[0m[2026-03-16 10:14:11.875]   received shard header from network in block tracker [0;36mshard[0m = 0 [0;36mepoch[0m = 0 [0;36mround[0m = 833 [0;36mnonce[0m = 824 [0;36mhash[0m = c112adb5787f9ccbd112f65e8a9d85e4278dc6aba676c4ef8645f1993561ce85 
[0;36mDEBUG[0m[2026-03-16 10:14:11.875]   received shard header from network in block tracker [0;36mshard[0m = 0 [0;36mepoch[0m = 0 [0;36mround[0m = 834 [0;36mnonce[0m = 825 [0;36mhash[0m = b591d89d8b2233e95d666724d6493edc7a8d4475004850da82dba88972cf01fa 
[0;36mDEBUG[0m[2026-03-16 10:14:11.875]   received shard header from network in block tracker [0;36mshard[0m = 0 [0;36mepoch[0m = 0 [0;36mround[0m = 835 [0;36mnonce[0m = 826 [0;36mhash[0m = 53c96f19b0a5772153e51e095ed8e803cede1babb617e7a701cdce168e8128b3 
[0;36mDEBUG[0m[2026-03-16 10:14:11.875]   received shard header from network in block tracker [0;36mshard[0m = 0 [0;36mepoch[0m = 0 [0;36mround[0m = 836 [0;36mnonce[0m = 827 [0;36mhash[0m = 3692f579b7388820690ffc7c6403b4e6fe6c6dcc1b4c574ebf7b23f7ba483b06 
[0;36mDEBUG[0m[2026-03-16 10:14:11.875]   received shard header from network in block tracker [0;36mshard[0m = 0 [0;36mepoch[0m = 0 [0;36mround[0m = 837 [0;36mnonce[0m = 828 [0;36mhash[0m = e325297b8d30d32ffdd64967e6c74d12b92557d939218436387625081e529d32 
[0;36mDEBUG[0m[2026-03-16 10:14:11.875]   received shard header from network in block tracker [0;36mshard[0m = 0 [0;36mepoch[0m = 0 [0;36mround[0m = 838 [0;36mnonce[0m = 829 [0;36mhash[0m = 0f3ba91b2975ae84a6f15d4383e8711b6e4d3cfcd39005d2340954e9c25b305d 
[0;36mDEBUG[0m[2026-03-16 10:14:11.875]   received shard header from network in block tracker [0;36mshard[0m = 0 [0;36mepoch[0m = 0 [0;36mround[0m = 839 [0;36mnonce[0m = 830 [0;36mhash[0m = e0117307fc4c8e13ce4b82ec9fe13e129f6e84b85b3528c9c6ddbc0b47efc948 
[0;36mDEBUG[0m[2026-03-16 10:14:11.875]   received shard header from network in block tracker [0;36mshard[0m = 0 [0;36mepoch[0m = 0 [0;36mround[0m = 840 [0;36mnonce[0m = 831 [0;36mhash[0m = 74492c99c5727470cfb9eeeda220a43717a917362f2e9caf1e4270c7a7619ad4 
[0;36mDEBUG[0m[2026-03-16 10:14:11.875]   received shard header from network in block tracker [0;36mshard[0m = 0 [0;36mepoch[0m = 0 [0;36mround[0m = 841 [0;36mnonce[0m = 832 [0;36mhash[0m = 11fbb4b98481924aa8fd8f17054b913d1084fbe5810e09ffd2ae2f73a660cb32 
[0;36mDEBUG[0m[2026-03-16 10:14:11.875]   received shard header from network in block tracker [0;36mshard[0m = 0 [0;36mepoch[0m = 0 [0;36mround[0m = 842 [0;36mnonce[0m = 833 [0;36mhash[0m = 1097ed6ea1e7895a56c6bfed1802821464675b578464b823aa33a067dcc44d33 
[0;36mDEBUG[0m[2026-03-16 10:14:11.875]   received shard header from network in block tracker [0;36mshard[0m = 0 [0;36mepoch[0m = 0 [0;36mround[0m = 843 [0;36mnonce[0m = 834 [0;36mhash[0m = 1f303a5907627457c15726102031413174091ec4d7f0bd14750fa96880f89e19 
[0;36mDEBUG[0m[2026-03-16 10:14:11.875]   received shard header from network in block tracker [0;36mshard[0m = 0 [0;36mepoch[0m = 0 [0;36mround[0m = 844 [0;36mnonce[0m = 835 [0;36mhash[0m = 19e4246683ee1c0e4c7dee31729e7aa4a9e05051ec5ba273961d3032a4225590 
[0;36mDEBUG[0m[2026-03-16 10:14:11.875]   received shard header from network in block tracker [0;36mshard[0m = 0 [0;36mepoch[0m = 0 [0;36mround[0m = 845 [0;36mnonce[0m = 836 [0;36mhash[0m = 4875755991530fa97e58119fc2b26403ffa5ce502cf124e11e01a1211bb63407 
[0;36mDEBUG[0m[2026-03-16 10:14:11.875]   received shard header from network in block tracker [0;36mshard[0m = 0 [0;36mepoch[0m = 0 [0;36mround[0m = 846 [0;36mnonce[0m = 837 [0;36mhash[0m = 4ec5be98ae1c8093c3460d6ef2e60c852c0b9bfc868461dce9f736e398909656 
[0;36mDEBUG[0m[2026-03-16 10:14:11.875]   received shard header from network in block tracker [0;36mshard[0m = 0 [0;36mepoch[0m = 0 [0;36mround[0m = 847 [0;36mnonce[0m = 838 [0;36mhash[0m = 0b6d5b667125f9c7f7cb9ea7f1624b960e2bd2be9fcc6d1179d1836337a8ffc2 
[0;36mDEBUG[0m[2026-03-16 10:14:11.875]   received shard header from network in block tracker [0;36mshard[0m = 0 [0;36mepoch[0m = 0 [0;36mround[0m = 848 [0;36mnonce[0m = 839 [0;36mhash[0m = e25684a365f2e91c6d9f56e0674ae3ef25838dfc5cf0ec7feef4d9f1d1a40c5d 
[0;36mDEBUG[0m[2026-03-16 10:14:11.875]   received shard header from network in block tracker [0;36mshard[0m = 0 [0;36mepoch[0m = 0 [0;36mround[0m = 849 [0;36mnonce[0m = 840 [0;36mhash[0m = a634dea859cc1eea8073f5d029e292459d7e218c9da782265672a608db300c4f 
[0;36mDEBUG[0m[2026-03-16 10:14:11.875]   received shard header from network in block tracker [0;36mshard[0m = 0 [0;36mepoch[0m = 0 [0;36mround[0m = 850 [0;36mnonce[0m = 841 [0;36mhash[0m = 599737aabdbecf441ce1de71f57712120ff83fa3395920e0fbad9e09bec6b70d 
[0;36mDEBUG[0m[2026-03-16 10:14:11.875]   received shard header from network in block tracker [0;36mshard[0m = 0 [0;36mepoch[0m = 0 [0;36mround[0m = 851 [0;36mnonce[0m = 842 [0;36mhash[0m = 8084cb43ed3475511dc09120088783436f6196a67ea2b8c69513514f771ab3ee 
[0;36mDEBUG[0m[2026-03-16 10:14:11.875]   received shard header from network in block tracker [0;36mshard[0m = 0 [0;36mepoch[0m = 0 [0;36mround[0m = 852 [0;36mnonce[0m = 843 [0;36mhash[0m = 11b3a3f3cc6e0a2de5fd0cb185696cd4a1ef0a6aa505bd915356461a23f6aae2 
[0;36mDEBUG[0m[2026-03-16 10:14:11.875]   received shard header from network in block tracker [0;36mshard[0m = 0 [0;36mepoch[0m = 0 [0;36mround[0m = 853 [0;36mnonce[0m = 844 [0;36mhash[0m = f20370911b8c4e737dcf43790100cb2c85136a625edc1f364ab1077fa15ec52d 
[0;36mDEBUG[0m[2026-03-16 10:14:11.875]   received shard header from network in block tracker [0;36mshard[0m = 0 [0;36mepoch[0m = 0 [0;36mround[0m = 854 [0;36mnonce[0m = 845 [0;36mhash[0m = aa2cb580b023c9f8e6e0fa2257022e4e7fb815c5270c9366e7e510eccb2f5cd7 
[0;36mDEBUG[0m[2026-03-16 10:14:11.875]   received shard header from network in block tracker [0;36mshard[0m = 0 [0;36mepoch[0m = 0 [0;36mround[0m = 855 [0;36mnonce[0m = 846 [0;36mhash[0m = 862e586c0d2d3f9d3f9cdb2c24b8c7bd0123360879149ded34bde5e00d7518f1 
[0;36mDEBUG[0m[2026-03-16 10:14:11.875]   received shard header from network in block tracker [0;36mshard[0m = 0 [0;36mepoch[0m = 0 [0;36mround[0m = 856 [0;36mnonce[0m = 847 [0;36mhash[0m = ede17ecf0b99de19549b6870b9844eb5b328ce3e06642426d3c7f7e1478b583d 
[0;36mDEBUG[0m[2026-03-16 10:14:11.875]   received shard header from network in block tracker [0;36mshard[0m = 0 [0;36mepoch[0m = 0 [0;36mround[0m = 857 [0;36mnonce[0m = 848 [0;36mhash[0m = a8914062d781e836224ba161fe1fd76ba1dc335782576e11e74a8d36bccb7f81 
[0;36mDEBUG[0m[2026-03-16 10:14:11.875]   received shard header from network in block tracker [0;36mshard[0m = 0 [0;36mepoch[0m = 0 [0;36mround[0m = 858 [0;36mnonce[0m = 849 [0;36mhash[0m = 43d36d075106daf36822e7cc69d86831064bd487c7f4e4d7e91ab632fee1dfbe 
[0;36mDEBUG[0m[2026-03-16 10:14:11.875]   received shard header from network in block tracker [0;36mshard[0m = 0 [0;36mepoch[0m = 0 [0;36mround[0m = 859 [0;36mnonce[0m = 850 [0;36mhash[0m = 2e96b78aed21b5c22921cb28b23e116874c96c47509edace836f6f83696e5acf 
[0;36mDEBUG[0m[2026-03-16 10:14:11.875]   received shard header from network in block tracker [0;36mshard[0m = 0 [0;36mepoch[0m = 0 [0;36mround[0m = 860 [0;36mnonce[0m = 851 [0;36mhash[0m = fc4449d69902849b70c1ff771a7266347b3efd27a84120c94f2355951b6469aa 
[0;36mDEBUG[0m[2026-03-16 10:14:11.875]   received shard header from network in block tracker [0;36mshard[0m = 0 [0;36mepoch[0m = 0 [0;36mround[0m = 861 [0;36mnonce[0m = 852 [0;36mhash[0m = c425b12e14da56524b7c6f79b750e6d51f765d1e1c2f16276f8fbc838b08b591 
[0;36mDEBUG[0m[2026-03-16 10:14:11.875]   received shard header from network in block tracker [0;36mshard[0m = 0 [0;36mepoch[0m = 0 [0;36mround[0m = 862 [0;36mnonce[0m = 853 [0;36mhash[0m = 7cffc0a55860925a981b46cbde64f962c825f0267b1480a22755d2c30b017979 
[0;36mDEBUG[0m[2026-03-16 10:14:11.875]   received shard header from network in block tracker [0;36mshard[0m = 0 [0;36mepoch[0m = 0 [0;36mround[0m = 863 [0;36mnonce[0m = 854 [0;36mhash[0m = d5b654df47407de6b8e2b8f5c5eab00c71d004a759a6f3d97f813ee977a705b3 
[0;36mDEBUG[0m[2026-03-16 10:14:11.875]   received shard header from network in block tracker [0;36mshard[0m = 0 [0;36mepoch[0m = 0 [0;36mround[0m = 864 [0;36mnonce[0m = 855 [0;36mhash[0m = a87ef5fdd4cc0ff8366142602697a3a53b0867592a665ccf2eb2f1bbfef7b95b 
[0;36mDEBUG[0m[2026-03-16 10:14:11.876]   received shard header from network in block tracker [0;36mshard[0m = 0 [0;36mepoch[0m = 0 [0;36mround[0m = 865 [0;36mnonce[0m = 856 [0;36mhash[0m = 5cbc910794768b8bbb5edb46c68822ed115d19937d5f354a4005ab6bdfb1c669 
[0;36mDEBUG[0m[2026-03-16 10:14:11.876]   received shard header from network in block tracker [0;36mshard[0m = 0 [0;36mepoch[0m = 0 [0;36mround[0m = 866 [0;36mnonce[0m = 857 [0;36mhash[0m = b9c93612518e15495917dd65680568e2649fa046cc101b5a690447898553f6cb 
[0;36mDEBUG[0m[2026-03-16 10:14:11.876]   received shard header from network in block tracker [0;36mshard[0m = 0 [0;36mepoch[0m = 0 [0;36mround[0m = 867 [0;36mnonce[0m = 858 [0;36mhash[0m = 5145b156dda53795702185f9861d77ee12054b70da93fcbc6dc0b8aae5961912 
[0;36mDEBUG[0m[2026-03-16 10:14:11.876]   received shard header from network in block tracker [0;36mshard[0m = 0 [0;36mepoch[0m = 0 [0;36mround[0m = 868 [0;36mnonce[0m = 859 [0;36mhash[0m = ca816932461d908ef96340b324e964d547ab2267fb7a0fa076d32b1d5510a0ac 
[0;36mDEBUG[0m[2026-03-16 10:14:11.876]   received shard header from network in block tracker [0;36mshard[0m = 0 [0;36mepoch[0m = 0 [0;36mround[0m = 869 [0;36mnonce[0m = 860 [0;36mhash[0m = 2d0727e5a97d5a477e4624fa7821474f3c94e90c71c3f01bac0e9ea8f539bd6e 
[0;36mDEBUG[0m[2026-03-16 10:14:11.876]   received shard header from network in block tracker [0;36mshard[0m = 0 [0;36mepoch[0m = 0 [0;36mround[0m = 870 [0;36mnonce[0m = 861 [0;36mhash[0m = e8fdaafbe28994b9c572ceaeadd9b5d9bf6a5237db1e3562910a054d3faf290b 
[0;36mDEBUG[0m[2026-03-16 10:14:11.876]   received shard header from network in block tracker [0;36mshard[0m = 0 [0;36mepoch[0m = 0 [0;36mround[0m = 871 [0;36mnonce[0m = 862 [0;36mhash[0m = a0cd73809ac6e0e587e0eaea93f875b9a3b3176647205d4d594cf2f00bbbb97d 
[0;36mDEBUG[0m[2026-03-16 10:14:11.876]   received shard header from network in block tracker [0;36mshard[0m = 0 [0;36mepoch[0m = 0 [0;36mround[0m = 872 [0;36mnonce[0m = 863 [0;36mhash[0m = c26cfeddf6cdeb980a69a6a1e237ca39cfe67da1e89f86a27e8532c90e0937de 
[0;36mDEBUG[0m[2026-03-16 10:14:11.876]   received shard header from network in block tracker [0;36mshard[0m = 0 [0;36mepoch[0m = 0 [0;36mround[0m = 873 [0;36mnonce[0m = 864 [0;36mhash[0m = 48627e1ceecd6b249483fbf4a7577eb1a92bc3c8a8f186b8465c8ddf406e3c4f 
[0;36mDEBUG[0m[2026-03-16 10:14:11.876]   received shard header from network in block tracker [0;36mshard[0m = 0 [0;36mepoch[0m = 0 [0;36mround[0m = 874 [0;36mnonce[0m = 865 [0;36mhash[0m = 79a132e803e6075d4b30f5473b98e182157124e9c8e2d5faf59712c4c424a071 
[0;36mDEBUG[0m[2026-03-16 10:14:11.876]   received shard header from network in block tracker [0;36mshard[0m = 0 [0;36mepoch[0m = 0 [0;36mround[0m = 875 [0;36mnonce[0m = 866 [0;36mhash[0m = 30277eb9553784c622562b79dbb420cfe989e31a21b3da8d5c611228713944dc 
[0;36mDEBUG[0m[2026-03-16 10:14:11.876]   received shard header from network in block tracker [0;36mshard[0m = 0 [0;36mepoch[0m = 0 [0;36mround[0m = 876 [0;36mnonce[0m = 867 [0;36mhash[0m = 44e5b35974a0a3c89314e3cd81ca7b4cd6ef89d4123bffa6d742a3bc915447be 
[0;36mDEBUG[0m[2026-03-16 10:14:11.876]   received shard header from network in block tracker [0;36mshard[0m = 0 [0;36mepoch[0m = 0 [0;36mround[0m = 877 [0;36mnonce[0m = 868 [0;36mhash[0m = e3ea6f138229e583d42b7376204ddfbdc346b8e49daed83d222427f4e5e4f0e7 
[0;36mDEBUG[0m[2026-03-16 10:14:11.876]   received shard header from network in block tracker [0;36mshard[0m = 0 [0;36mepoch[0m = 0 [0;36mround[0m = 878 [0;36mnonce[0m = 869 [0;36mhash[0m = ebcb94b08a46f2a83c25dfba03346d1c79094fe28eb5b155cbf67ed9c6ff37da 
[0;36mDEBUG[0m[2026-03-16 10:14:11.876]   received shard header from network in block tracker [0;36mshard[0m = 0 [0;36mepoch[0m = 0 [0;36mround[0m = 879 [0;36mnonce[0m = 870 [0;36mhash[0m = 06af2edc8b68fcb2407578b134a32f427401b1b4f4ed7a8e0bdc7d3975f33a44 
[0;36mDEBUG[0m[2026-03-16 10:14:11.876]   received shard header from network in block tracker [0;36mshard[0m = 0 [0;36mepoch[0m = 0 [0;36mround[0m = 880 [0;36mnonce[0m = 871 [0;36mhash[0m = e3d9bd4ff11862580314c762a197a33886b0a7507b7611fdc63c77f8a0cf483d 
[0;36mDEBUG[0m[2026-03-16 10:14:11.876]   received shard header from network in block tracker [0;36mshard[0m = 0 [0;36mepoch[0m = 0 [0;36mround[0m = 881 [0;36mnonce[0m = 872 [0;36mhash[0m = 1901afa3e01a5f1278050fed8a1575895bd7a7802dcac4915a1034bb4188d859 
[0;36mDEBUG[0m[2026-03-16 10:14:11.876]   received shard header from network in block tracker [0;36mshard[0m = 0 [0;36mepoch[0m = 0 [0;36mround[0m = 882 [0;36mnonce[0m = 873 [0;36mhash[0m = 647ffa61410dc639bcf3247a699e66a41d093d4740b0972dc4ad331482226537 
[0;36mDEBUG[0m[2026-03-16 10:14:11.876]   received shard header from network in block tracker [0;36mshard[0m = 0 [0;36mepoch[0m = 0 [0;36mround[0m = 883 [0;36mnonce[0m = 874 [0;36mhash[0m = 2f335baf161be41a6580fda31b9a1c2d04aecad267e90a744ad804f98ce55976 
[0;36mDEBUG[0m[2026-03-16 10:14:11.876]   received shard header from network in block tracker [0;36mshard[0m = 0 [0;36mepoch[0m = 0 [0;36mround[0m = 884 [0;36mnonce[0m = 875 [0;36mhash[0m = 7a52c728457405e2e3c5efa0cf615e298d2d49ff3a0f3142a7d202986d2a34e0 
[0;36mDEBUG[0m[2026-03-16 10:14:11.876]   received shard header from network in block tracker [0;36mshard[0m = 0 [0;36mepoch[0m = 0 [0;36mround[0m = 885 [0;36mnonce[0m = 876 [0;36mhash[0m = aa0e15eab65c0c677dfef36145b78afbad1a1111a462da51d31d3962014e42be 
[0;36mDEBUG[0m[2026-03-16 10:14:11.876]   received shard header from network in block tracker [0;36mshard[0m = 0 [0;36mepoch[0m = 0 [0;36mround[0m = 886 [0;36mnonce[0m = 877 [0;36mhash[0m = 61c5d26f6e383713cbea0a906592de54dfb2d20ffd9d4d9be31835a86622ce20 
[0;36mDEBUG[0m[2026-03-16 10:14:11.876]   received shard header from network in block tracker [0;36mshard[0m = 0 [0;36mepoch[0m = 0 [0;36mround[0m = 887 [0;36mnonce[0m = 878 [0;36mhash[0m = 3ac4e4bf9d9aa856703a30a53021a53e188d3c15c62ee908b22dee56469a9e29 
[0;36mDEBUG[0m[2026-03-16 10:14:11.876]   received shard header from network in block tracker [0;36mshard[0m = 0 [0;36mepoch[0m = 0 [0;36mround[0m = 888 [0;36mnonce[0m = 879 [0;36mhash[0m = 0c497d3a2ea2543f68658c9904031ee2bbb836f042a1f9f97e0a4feafa0605b8 
[0;36mDEBUG[0m[2026-03-16 10:14:11.876]   received shard header from network in block tracker [0;36mshard[0m = 0 [0;36mepoch[0m = 0 [0;36mround[0m = 889 [0;36mnonce[0m = 880 [0;36mhash[0m = 71b45bb2424f8861e171ccef28000ea114264b268077f0ac0d107a02ffc47ac7 
[0;36mDEBUG[0m[2026-03-16 10:14:11.876]   received shard header from network in block tracker [0;36mshard[0m = 0 [0;36mepoch[0m = 0 [0;36mround[0m = 890 [0;36mnonce[0m = 881 [0;36mhash[0m = 4dce8d2c0333142fd447af17dfa5ddda53d2c9fef817accca80843f9b635a421 
[0;36mDEBUG[0m[2026-03-16 10:14:11.876]   received shard header from network in block tracker [0;36mshard[0m = 0 [0;36mepoch[0m = 0 [0;36mround[0m = 891 [0;36mnonce[0m = 882 [0;36mhash[0m = eb678bcaaa1581d4c1e23b7de2c591eee6a7e5a2afe54d4505148f389d68eead 
[0;36mDEBUG[0m[2026-03-16 10:14:11.876]   received shard header from network in block tracker [0;36mshard[0m = 0 [0;36mepoch[0m = 0 [0;36mround[0m = 892 [0;36mnonce[0m = 883 [0;36mhash[0m = 133dd13994b5794c58916e8f85ec06d92fdfcfc5a169702be00cd776bb680d88 
[0;36mDEBUG[0m[2026-03-16 10:14:11.876]   received shard header from network in block tracker [0;36mshard[0m = 0 [0;36mepoch[0m = 0 [0;36mround[0m = 893 [0;36mnonce[0m = 884 [0;36mhash[0m = 892aad9884b28c2a8d31c8d3cdbb45aec5e59adf4124255a83d06006b73cca17 
[0;36mDEBUG[0m[2026-03-16 10:14:11.876]   received shard header from network in block tracker [0;36mshard[0m = 0 [0;36mepoch[0m = 0 [0;36mround[0m = 894 [0;36mnonce[0m = 885 [0;36mhash[0m = f40dc62aaea8e649f9bb663a136bb9b67657be6655b7541820524b653e247626 
[0;36mDEBUG[0m[2026-03-16 10:14:11.876]   received shard header from network in block tracker [0;36mshard[0m = 0 [0;36mepoch[0m = 0 [0;36mround[0m = 895 [0;36mnonce[0m = 886 [0;36mhash[0m = 2352c55044d07e1c18b1ffeb770cbc33c064218c6e9bbfda07130b5524f89117 
[0;36mDEBUG[0m[2026-03-16 10:14:11.876]   received shard header from network in block tracker [0;36mshard[0m = 0 [0;36mepoch[0m = 0 [0;36mround[0m = 896 [0;36mnonce[0m = 887 [0;36mhash[0m = e6082f033e706148c80b1e772e1b63dbc0b007badf64e05218c8119e7f58821e 
[0;36mDEBUG[0m[2026-03-16 10:14:11.876]   received shard header from network in block tracker [0;36mshard[0m = 0 [0;36mepoch[0m = 0 [0;36mround[0m = 897 [0;36mnonce[0m = 888 [0;36mhash[0m = 80903cc700f42023155b7fef6d509065e5df7f0669f26db4dd3bac214bf98de4 
[0;36mDEBUG[0m[2026-03-16 10:14:11.876]   received shard header from network in block tracker [0;36mshard[0m = 0 [0;36mepoch[0m = 0 [0;36mround[0m = 898 [0;36mnonce[0m = 889 [0;36mhash[0m = 268543d7d9a8d8c1e26801e8b9b2cb3011ba96c121bfe36a84a6d31980f9b7a4 
[0;36mDEBUG[0m[2026-03-16 10:14:11.876]   received shard header from network in block tracker [0;36mshard[0m = 0 [0;36mepoch[0m = 0 [0;36mround[0m = 899 [0;36mnonce[0m = 890 [0;36mhash[0m = ee145b5ed32b5a1248f0379be678f6559b82d32d1b8a54c211113567d4bd657c 
[0;36mDEBUG[0m[2026-03-16 10:14:11.876]   received shard header from network in block tracker [0;36mshard[0m = 0 [0;36mepoch[0m = 0 [0;36mround[0m = 900 [0;36mnonce[0m = 891 [0;36mhash[0m = 1b97cf3767c5c043c815ac9263b395e9c6d84bdaffa4b9f9e8b110f50dcae517 
[0;36mDEBUG[0m[2026-03-16 10:14:11.876]   received shard header from network in block tracker [0;36mshard[0m = 0 [0;36mepoch[0m = 0 [0;36mround[0m = 901 [0;36mnonce[0m = 892 [0;36mhash[0m = 3814053927ef77b3be4546cf0bad8b590ac02c6ab87a3a96dbf86fb2ffbb6e20 
[0;36mDEBUG[0m[2026-03-16 10:14:11.876]   received shard header from network in block tracker [0;36mshard[0m = 0 [0;36mepoch[0m = 0 [0;36mround[0m = 902 [0;36mnonce[0m = 893 [0;36mhash[0m = a4c9cbe8ca57b69f0c8c098c3b8fb202723ca2fb4c70c9190fc82e09d72c113b 
[0;36mDEBUG[0m[2026-03-16 10:14:11.876]   received shard header from network in block tracker [0;36mshard[0m = 0 [0;36mepoch[0m = 0 [0;36mround[0m = 903 [0;36mnonce[0m = 894 [0;36mhash[0m = c61ae53099109cc40d2c49eadb6855282cff292ebf1c27372b1c9d1b61c6b4b2 
[0;36mDEBUG[0m[2026-03-16 10:14:11.876]   received shard header from network in block tracker [0;36mshard[0m = 0 [0;36mepoch[0m = 0 [0;36mround[0m = 904 [0;36mnonce[0m = 895 [0;36mhash[0m = 01429e48a05d6fa84195029060c5250a6c16f176620b9cab256157288b97eba8 
[0;36mDEBUG[0m[2026-03-16 10:14:11.876]   received shard header from network in block tracker [0;36mshard[0m = 0 [0;36mepoch[0m = 0 [0;36mround[0m = 905 [0;36mnonce[0m = 896 [0;36mhash[0m = fadc174b9ce80f0a92d80c74e1b656ba38404a13e5d3a27af22740724669d7a2 
[0;36mDEBUG[0m[2026-03-16 10:14:11.876]   received shard header from network in block tracker [0;36mshard[0m = 0 [0;36mepoch[0m = 0 [0;36mround[0m = 906 [0;36mnonce[0m = 897 [0;36mhash[0m = f51bfb3c23c5d781cbba02279e9586d142e603eb698204e27e297080270931a4 
[0;36mDEBUG[0m[2026-03-16 10:14:11.876]   received shard header from network in block tracker [0;36mshard[0m = 0 [0;36mepoch[0m = 0 [0;36mround[0m = 907 [0;36mnonce[0m = 898 [0;36mhash[0m = 3ebeb4c3db99050e1cff36575bdf937a8cc5292b89edd0b0d3993027c57fea6d 
[0;36mDEBUG[0m[2026-03-16 10:14:11.876]   received shard header from network in block tracker [0;36mshard[0m = 0 [0;36mepoch[0m = 0 [0;36mround[0m = 908 [0;36mnonce[0m = 899 [0;36mhash[0m = fcd988b77b3de779507c279d264233451ddacb511ead66fba0bf6cc9d2c9b2c3 
[0;36mDEBUG[0m[2026-03-16 10:14:11.876]   received shard header from network in block tracker [0;36mshard[0m = 0 [0;36mepoch[0m = 0 [0;36mround[0m = 909 [0;36mnonce[0m = 900 [0;36mhash[0m = dd824508b7301bd858d4aaca4c25cc375aa3a5d8818f6e7394d2ac872ca8b355 
[0;36mDEBUG[0m[2026-03-16 10:14:11.876]   received shard header from network in block tracker [0;36mshard[0m = 0 [0;36mepoch[0m = 0 [0;36mround[0m = 910 [0;36mnonce[0m = 901 [0;36mhash[0m = 71285ffcb79b46ee185154dce78a817614a3322412ba2773794416b2ac6f9ff9 
[0;36mDEBUG[0m[2026-03-16 10:14:11.876]   received shard header from network in block tracker [0;36mshard[0m = 0 [0;36mepoch[0m = 0 [0;36mround[0m = 911 [0;36mnonce[0m = 902 [0;36mhash[0m = 6c9a2500bd281e6851edfd8d56e2355a8441a14f5c6da7e1ffc0a1dec71ea2e0 
[0;36mDEBUG[0m[2026-03-16 10:14:11.876]   received shard header from network in block tracker [0;36mshard[0m = 0 [0;36mepoch[0m = 0 [0;36mround[0m = 912 [0;36mnonce[0m = 903 [0;36mhash[0m = fd4bc0cfc1e7306a87065d95aee0b8bbd67f2c9af2d4bea546e9a73a02434e64 
[0;36mDEBUG[0m[2026-03-16 10:14:11.876]   received shard header from network in block tracker [0;36mshard[0m = 0 [0;36mepoch[0m = 0 [0;36mround[0m = 913 [0;36mnonce[0m = 904 [0;36mhash[0m = 7b465c0dd5b3ea319cf624a8a3766deb56f548b1da535b9e8bc7e705a6d4cfa9 
[0;36mDEBUG[0m[2026-03-16 10:14:11.876]   received shard header from network in block tracker [0;36mshard[0m = 0 [0;36mepoch[0m = 0 [0;36mround[0m = 914 [0;36mnonce[0m = 905 [0;36mhash[0m = 5393138ce317aac2a6c446aaf718f542de65da342c847aebb5fe54dc8c78ba6e 
[0;36mDEBUG[0m[2026-03-16 10:14:11.876]   received shard header from network in block tracker [0;36mshard[0m = 0 [0;36mepoch[0m = 0 [0;36mround[0m = 915 [0;36mnonce[0m = 906 [0;36mhash[0m = 88d78db99c9659cdfeedfb101e26120921250115aee2d26f4c84a2b46fb9848f 
[0;36mDEBUG[0m[2026-03-16 10:14:11.876]   received shard header from network in block tracker [0;36mshard[0m = 0 [0;36mepoch[0m = 0 [0;36mround[0m = 916 [0;36mnonce[0m = 907 [0;36mhash[0m = d35285bd06d1d20463c9e4f746040b78af07629aa7f7fde4f29aaf5bc3dc1cae 
[0;36mDEBUG[0m[2026-03-16 10:14:11.876]   received shard header from network in block tracker [0;36mshard[0m = 0 [0;36mepoch[0m = 0 [0;36mround[0m = 917 [0;36mnonce[0m = 908 [0;36mhash[0m = 2e79f6a8bbe967732a1e39119daa2331306ca0634df366f78b2769f4f5cf3685 
[0;36mDEBUG[0m[2026-03-16 10:14:11.876]   received shard header from network in block tracker [0;36mshard[0m = 0 [0;36mepoch[0m = 0 [0;36mround[0m = 918 [0;36mnonce[0m = 909 [0;36mhash[0m = 3ac50c7569be877c4467823ecdec1b8c1111414d051d2a2a7a3c80a06fd7c4e4 
[0;36mDEBUG[0m[2026-03-16 10:14:11.876]   received shard header from network in block tracker [0;36mshard[0m = 0 [0;36mepoch[0m = 0 [0;36mround[0m = 919 [0;36mnonce[0m = 910 [0;36mhash[0m = 5786e1919bc0fe8dd9e932a9acf099316d2ffc798f7c4b344e5de14a5029b522 
[0;36mDEBUG[0m[2026-03-16 10:14:11.876]   received shard header from network in block tracker [0;36mshard[0m = 0 [0;36mepoch[0m = 0 [0;36mround[0m = 920 [0;36mnonce[0m = 911 [0;36mhash[0m = a981618d0a374ccb0c2c406c5f054df68106ae38eaa4f3f1d5ebfd180f7a0eac 
[0;36mDEBUG[0m[2026-03-16 10:14:11.876]   received shard header from network in block tracker [0;36mshard[0m = 0 [0;36mepoch[0m = 0 [0;36mround[0m = 921 [0;36mnonce[0m = 912 [0;36mhash[0m = 0779763f1682d7d179cce5f6e96749cb7dd927483fdc1842b428ac00be339ed5 
[0;36mDEBUG[0m[2026-03-16 10:14:11.876]   received shard header from network in block tracker [0;36mshard[0m = 0 [0;36mepoch[0m = 0 [0;36mround[0m = 922 [0;36mnonce[0m = 913 [0;36mhash[0m = 60f2b62dc9f3732c63db686b3d715529063f36abe3b116e88859dffa1235305b 
[0;36mDEBUG[0m[2026-03-16 10:14:11.876]   received shard header from network in block tracker [0;36mshard[0m = 0 [0;36mepoch[0m = 0 [0;36mround[0m = 923 [0;36mnonce[0m = 914 [0;36mhash[0m = 8429189bb7de0279221c04b627cdbd079ded3df14d9d18f77ec5abc815f2518e 
[0;36mDEBUG[0m[2026-03-16 10:14:11.876]   received shard header from network in block tracker [0;36mshard[0m = 0 [0;36mepoch[0m = 0 [0;36mround[0m = 924 [0;36mnonce[0m = 915 [0;36mhash[0m = 1887816bfdca057dc92f585d5056e236528ce51e5f7bc02c46b65b94d523117a 
[0;36mDEBUG[0m[2026-03-16 10:14:11.876]   received shard header from network in block tracker [0;36mshard[0m = 0 [0;36mepoch[0m = 0 [0;36mround[0m = 925 [0;36mnonce[0m = 916 [0;36mhash[0m = 6f83cd4c47d8a781b5af36eb070cc880ef019fd0fe87d0f05996943583094cec 
[0;36mDEBUG[0m[2026-03-16 10:14:11.876]   received shard header from network in block tracker [0;36mshard[0m = 0 [0;36mepoch[0m = 0 [0;36mround[0m = 926 [0;36mnonce[0m = 917 [0;36mhash[0m = 3b58d8c6e524828e5a5e4dd547ee4cc595f8ea07e7643bb625b6f4d0aae2e2d7 
[0;36mDEBUG[0m[2026-03-16 10:14:11.876]   received shard header from network in block tracker [0;36mshard[0m = 0 [0;36mepoch[0m = 0 [0;36mround[0m = 927 [0;36mnonce[0m = 918 [0;36mhash[0m = 8729860f31aa2a498e7097ebdd899440138ddeeeab7411d77ac52f112999b7c7 
[0;36mDEBUG[0m[2026-03-16 10:14:11.876]   received shard header from network in block tracker [0;36mshard[0m = 0 [0;36mepoch[0m = 0 [0;36mround[0m = 928 [0;36mnonce[0m = 919 [0;36mhash[0m = 6763245ac0b3b51c655738816c2a6ab43495ff14912374c365098f5168557336 
[0;36mDEBUG[0m[2026-03-16 10:14:11.876]   received shard header from network in block tracker [0;36mshard[0m = 0 [0;36mepoch[0m = 0 [0;36mround[0m = 929 [0;36mnonce[0m = 920 [0;36mhash[0m = 6b5ecca86abadf0e769b3591f9ef72c81117959d64b52f6086286c428800aae4 
[0;36mDEBUG[0m[2026-03-16 10:14:11.876]   received shard header from network in block tracker [0;36mshard[0m = 0 [0;36mepoch[0m = 0 [0;36mround[0m = 930 [0;36mnonce[0m = 921 [0;36mhash[0m = 4a09cc62ff1f4f91708a9fd843b167dbd257b70846fc862a0625ae579e595a7d 
[0;36mDEBUG[0m[2026-03-16 10:14:11.876]   received shard header from network in block tracker [0;36mshard[0m = 0 [0;36mepoch[0m = 0 [0;36mround[0m = 931 [0;36mnonce[0m = 922 [0;36mhash[0m = daa56dab697e7c119aecb07c052bf6ae51d76893fa1e7a8ac8c0522e49d921fa 
[0;36mDEBUG[0m[2026-03-16 10:14:11.876]   received shard header from network in block tracker [0;36mshard[0m = 0 [0;36mepoch[0m = 0 [0;36mround[0m = 932 [0;36mnonce[0m = 923 [0;36mhash[0m = d3187a3849f0dd1cfd50fa1e77360ee3f6c83a9a4147385ef8c064eff443455e 
[0;36mDEBUG[0m[2026-03-16 10:14:11.876]   received shard header from network in block tracker [0;36mshard[0m = 0 [0;36mepoch[0m = 0 [0;36mround[0m = 933 [0;36mnonce[0m = 924 [0;36mhash[0m = 309af2d622d34f95a45418a2deda6cfaa5cef8b1828c9c947799ddc4dcbec546 
[0;36mDEBUG[0m[2026-03-16 10:14:11.876]   received shard header from network in block tracker [0;36mshard[0m = 0 [0;36mepoch[0m = 0 [0;36mround[0m = 934 [0;36mnonce[0m = 925 [0;36mhash[0m = a549d00313c69b76cc5502829efd16d75d7d830d07a347f530d7f1eebf201fc9 
[0;36mDEBUG[0m[2026-03-16 10:14:11.876]   received shard header from network in block tracker [0;36mshard[0m = 0 [0;36mepoch[0m = 0 [0;36mround[0m = 935 [0;36mnonce[0m = 926 [0;36mhash[0m = 9b5097d04c64b52dd79bfd5838b7490376b1e1e2b9aae179563dd3ae5722d17e 
[0;36mDEBUG[0m[2026-03-16 10:14:11.876]   received shard header from network in block tracker [0;36mshard[0m = 0 [0;36mepoch[0m = 0 [0;36mround[0m = 936 [0;36mnonce[0m = 927 [0;36mhash[0m = 1afe2765869fe4dbfdd5bfc04a03df2829fc067367505a58c7d2eec5018e8a60 
[0;36mDEBUG[0m[2026-03-16 10:14:11.876]   received shard header from network in block tracker [0;36mshard[0m = 0 [0;36mepoch[0m = 0 [0;36mround[0m = 937 [0;36mnonce[0m = 928 [0;36mhash[0m = 666478e47c13638a61af8d76a912b7e66894a3fed65ddcab2c35f1f8ba158b88 
[0;36mDEBUG[0m[2026-03-16 10:14:11.876]   received shard header from network in block tracker [0;36mshard[0m = 0 [0;36mepoch[0m = 0 [0;36mround[0m = 938 [0;36mnonce[0m = 929 [0;36mhash[0m = ce707e65231b795210ff4c0038abbd1fef33b38fd712b6dceef6c4208a9122e6 
[0;36mDEBUG[0m[2026-03-16 10:14:11.876]   received shard header from network in block tracker [0;36mshard[0m = 0 [0;36mepoch[0m = 0 [0;36mround[0m = 939 [0;36mnonce[0m = 930 [0;36mhash[0m = 0ee968ebcfbb82cc1ffc9f9c7baf59d7b8baa13c748e9e9b0d0e7d7ac30ba76a 
[0;36mDEBUG[0m[2026-03-16 10:14:11.876]   received shard header from network in block tracker [0;36mshard[0m = 0 [0;36mepoch[0m = 0 [0;36mround[0m = 940 [0;36mnonce[0m = 931 [0;36mhash[0m = 17973b0dd034bf4bdbb325d1d2e57f903d67a897f5c436811de89818b7c54ef1 
[0;36mDEBUG[0m[2026-03-16 10:14:11.876]   received shard header from network in block tracker [0;36mshard[0m = 0 [0;36mepoch[0m = 0 [0;36mround[0m = 941 [0;36mnonce[0m = 932 [0;36mhash[0m = eaf16b3bfc3f492404490e83010d7c21104af1cec00a5680a641574addc29199 
[0;36mDEBUG[0m[2026-03-16 10:14:11.876]   received shard header from network in block tracker [0;36mshard[0m = 0 [0;36mepoch[0m = 0 [0;36mround[0m = 942 [0;36mnonce[0m = 933 [0;36mhash[0m = 14f80cd294b657a0e378dbaabd482cd7effd466a6def7b5875a33097b56bed12 
[0;36mDEBUG[0m[2026-03-16 10:14:11.876]   received shard header from network in block tracker [0;36mshard[0m = 0 [0;36mepoch[0m = 0 [0;36mround[0m = 943 [0;36mnonce[0m = 934 [0;36mhash[0m = 3d74fb731b305a010bef48f7fb4eeb014a2373fba8bc527cae212bfcf440ca87 
[0;36mDEBUG[0m[2026-03-16 10:14:11.876]   received shard header from network in block tracker [0;36mshard[0m = 0 [0;36mepoch[0m = 0 [0;36mround[0m = 944 [0;36mnonce[0m = 935 [0;36mhash[0m = 3afe4550fa70c8cb082fd8206a0c22abdc8e70175ddbbbd13e3c7fc858d8516b 
[0;36mDEBUG[0m[2026-03-16 10:14:11.876]   received shard header from network in block tracker [0;36mshard[0m = 0 [0;36mepoch[0m = 0 [0;36mround[0m = 945 [0;36mnonce[0m = 936 [0;36mhash[0m = 5a5e74fbdfaff0b29d2c9972b19f297ff3fd50a0f9e732f66602eeb839fd544f 
[0;36mDEBUG[0m[2026-03-16 10:14:11.876]   received shard header from network in block tracker [0;36mshard[0m = 0 [0;36mepoch[0m = 0 [0;36mround[0m = 946 [0;36mnonce[0m = 937 [0;36mhash[0m = b1b944310d6c64f6b61feeaa06abb15619bfa0975f161feaaee5a9199dde8d29 
[0;36mDEBUG[0m[2026-03-16 10:14:11.876]   received shard header from network in block tracker [0;36mshard[0m = 0 [0;36mepoch[0m = 0 [0;36mround[0m = 947 [0;36mnonce[0m = 938 [0;36mhash[0m = ceef74ed54664386d0c90de494a4675d5ea979a43c9829a0ab02200bbe6e79f9 
[0;36mDEBUG[0m[2026-03-16 10:14:11.876]   received shard header from network in block tracker [0;36mshard[0m = 0 [0;36mepoch[0m = 0 [0;36mround[0m = 948 [0;36mnonce[0m = 939 [0;36mhash[0m = 7137b5036c9ab2e08135ca1736c47cc2ed0f90e04e9004cb3b26eb5ec28a945f 
[0;36mDEBUG[0m[2026-03-16 10:14:11.876]   received shard header from network in block tracker [0;36mshard[0m = 0 [0;36mepoch[0m = 0 [0;36mround[0m = 949 [0;36mnonce[0m = 940 [0;36mhash[0m = 05299f085da775bb8a74398754114a7805664233e16708240b062217fe8aaabe 
[0;36mDEBUG[0m[2026-03-16 10:14:11.876]   received shard header from network in block tracker [0;36mshard[0m = 0 [0;36mepoch[0m = 0 [0;36mround[0m = 950 [0;36mnonce[0m = 941 [0;36mhash[0m = 09d00b1b5435c7881929e01d8b969a4feadc1c0918cae7150e82cf4027387a18 
[0;36mDEBUG[0m[2026-03-16 10:14:11.876]   received shard header from network in block tracker [0;36mshard[0m = 0 [0;36mepoch[0m = 0 [0;36mround[0m = 951 [0;36mnonce[0m = 942 [0;36mhash[0m = 04807440356c1dbb3fc79def980a5a2ff851ec88acb484c1e8a4ba8f146a7248 
[0;36mDEBUG[0m[2026-03-16 10:14:11.876]   received shard header from network in block tracker [0;36mshard[0m = 0 [0;36mepoch[0m = 0 [0;36mround[0m = 952 [0;36mnonce[0m = 943 [0;36mhash[0m = b1da83695a06caeeb409aeeea5ddb89815a61a3e1ffe27487eeac02329473ae6 
[0;36mDEBUG[0m[2026-03-16 10:14:11.876]   received shard header from network in block tracker [0;36mshard[0m = 0 [0;36mepoch[0m = 0 [0;36mround[0m = 953 [0;36mnonce[0m = 944 [0;36mhash[0m = 40e42b39c603b06cbc4fe1cfbac2f66722747c3396c6c9c02c143bc1e35651db 
[0;36mDEBUG[0m[2026-03-16 10:14:11.876]   received shard header from network in block tracker [0;36mshard[0m = 0 [0;36mepoch[0m = 0 [0;36mround[0m = 954 [0;36mnonce[0m = 945 [0;36mhash[0m = f5098cbc1f3b94b0f783043b20065d7440cdad730395e80917353fa9c4854f8f 
[0;36mDEBUG[0m[2026-03-16 10:14:11.876]   received shard header from network in block tracker [0;36mshard[0m = 0 [0;36mepoch[0m = 0 [0;36mround[0m = 955 [0;36mnonce[0m = 946 [0;36mhash[0m = 98982aa2eff9414bdb2bcee2c598210e11c7a6cc7466f0ab2ba41452f706bd30 
[0;36mDEBUG[0m[2026-03-16 10:14:11.876]   received shard header from network in block tracker [0;36mshard[0m = 0 [0;36mepoch[0m = 0 [0;36mround[0m = 956 [0;36mnonce[0m = 947 [0;36mhash[0m = ecc156618e72b5e1496ef43d3185cb6665652b2cc28c87d044c56c833ac562d0 
[0;36mDEBUG[0m[2026-03-16 10:14:11.877]   received shard header from network in block tracker [0;36mshard[0m = 0 [0;36mepoch[0m = 0 [0;36mround[0m = 957 [0;36mnonce[0m = 948 [0;36mhash[0m = a04fc6a95128bfdafec24c55000007500814a3c5aeeb482237ad63733c2549db 
[0;36mDEBUG[0m[2026-03-16 10:14:11.877]   received shard header from network in block tracker [0;36mshard[0m = 0 [0;36mepoch[0m = 0 [0;36mround[0m = 958 [0;36mnonce[0m = 949 [0;36mhash[0m = 52a50ff34c9a8d60c4f7ed59f0cba43f0adb743807ddb8bf34c1e599fbd91c94 
[0;36mDEBUG[0m[2026-03-16 10:14:11.877]   received shard header from network in block tracker [0;36mshard[0m = 0 [0;36mepoch[0m = 0 [0;36mround[0m = 959 [0;36mnonce[0m = 950 [0;36mhash[0m = 73f3fc0bcd4521f912c2d5595668a833a2bec6ccedb50f085426855d0856ad8a 
[0;36mDEBUG[0m[2026-03-16 10:14:11.877]   received shard header from network in block tracker [0;36mshard[0m = 0 [0;36mepoch[0m = 0 [0;36mround[0m = 960 [0;36mnonce[0m = 951 [0;36mhash[0m = b2f537bde5c1a013372030d618aeca8d703121f7ed2e70c35526055406ffbdf4 
[0;36mDEBUG[0m[2026-03-16 10:14:11.877]   received shard header from network in block tracker [0;36mshard[0m = 0 [0;36mepoch[0m = 0 [0;36mround[0m = 961 [0;36mnonce[0m = 952 [0;36mhash[0m = 1f7cb010903d8c9fc67b4db94c0ca6a9f9068021991b8db56cbb96a46d984958 
[0;36mDEBUG[0m[2026-03-16 10:14:11.877]   received shard header from network in block tracker [0;36mshard[0m = 0 [0;36mepoch[0m = 0 [0;36mround[0m = 962 [0;36mnonce[0m = 953 [0;36mhash[0m = e0b39a997ecf99fbba99f6589739b34237276e3a93f6c4e48b7319beace1c457 
[0;36mDEBUG[0m[2026-03-16 10:14:11.877]   received shard header from network in block tracker [0;36mshard[0m = 0 [0;36mepoch[0m = 0 [0;36mround[0m = 963 [0;36mnonce[0m = 954 [0;36mhash[0m = b4275db4f77ac7c7246974e8c844ad12f425045c49af146053c7322a8b09eb46 
[0;36mDEBUG[0m[2026-03-16 10:14:11.877]   received shard header from network in block tracker [0;36mshard[0m = 0 [0;36mepoch[0m = 0 [0;36mround[0m = 964 [0;36mnonce[0m = 955 [0;36mhash[0m = 7c75c9cf438684be83a95fa93fbca9ec417242f21c79acb23c03fe7959d01ac6 
[0;36mDEBUG[0m[2026-03-16 10:14:11.877]   received shard header from network in block tracker [0;36mshard[0m = 0 [0;36mepoch[0m = 0 [0;36mround[0m = 965 [0;36mnonce[0m = 956 [0;36mhash[0m = a9a4ddbd015ee05183129f68f19decfd2bd54e1534c7ca26f7b52fb34f969c61 
[0;36mDEBUG[0m[2026-03-16 10:14:11.877]   received shard header from network in block tracker [0;36mshard[0m = 0 [0;36mepoch[0m = 0 [0;36mround[0m = 966 [0;36mnonce[0m = 957 [0;36mhash[0m = b8ada4cccd5a9761738d23ff94553381f340db0979da72f4e82904ac097f03e0 
[0;36mDEBUG[0m[2026-03-16 10:14:11.877]   received shard header from network in block tracker [0;36mshard[0m = 0 [0;36mepoch[0m = 0 [0;36mround[0m = 967 [0;36mnonce[0m = 958 [0;36mhash[0m = 9febf3694adc076a04e916607b39397abcf5c9e4358d712bd55eea8b5cf5d3c4 
[0;36mDEBUG[0m[2026-03-16 10:14:11.877]   received shard header from network in block tracker [0;36mshard[0m = 0 [0;36mepoch[0m = 0 [0;36mround[0m = 968 [0;36mnonce[0m = 959 [0;36mhash[0m = eb35ebf8a744853bb3d60e902ea686a80631fa47c3413d416059d3d5b4a937c7 
[0;36mDEBUG[0m[2026-03-16 10:14:11.877]   received shard header from network in block tracker [0;36mshard[0m = 0 [0;36mepoch[0m = 0 [0;36mround[0m = 969 [0;36mnonce[0m = 960 [0;36mhash[0m = de0682fa5b03f1519bf7b11f2a4448f2891fbc6f38a8a6aaa9b4c979adec49c9 
[0;36mDEBUG[0m[2026-03-16 10:14:11.877]   received shard header from network in block tracker [0;36mshard[0m = 0 [0;36mepoch[0m = 0 [0;36mround[0m = 970 [0;36mnonce[0m = 961 [0;36mhash[0m = 1a17e76ea02445ebe631300edb41471dce6cdd4cd7c951103f2b459ec1431d91 
[0;36mDEBUG[0m[2026-03-16 10:14:11.877]   received shard header from network in block tracker [0;36mshard[0m = 0 [0;36mepoch[0m = 0 [0;36mround[0m = 971 [0;36mnonce[0m = 962 [0;36mhash[0m = 92eb21ae15a58bac108fc9d31f6e5b95cbc2b58ced2d1f773d28cdd91c05ca3d 
[0;36mDEBUG[0m[2026-03-16 10:14:11.877]   received shard header from network in block tracker [0;36mshard[0m = 0 [0;36mepoch[0m = 0 [0;36mround[0m = 972 [0;36mnonce[0m = 963 [0;36mhash[0m = c5308e77d635f82e8db87f65b8b02d5729806ad1ffa4ea00193388bad96665a2 
[0;36mDEBUG[0m[2026-03-16 10:14:11.877]   received shard header from network in block tracker [0;36mshard[0m = 0 [0;36mepoch[0m = 0 [0;36mround[0m = 973 [0;36mnonce[0m = 964 [0;36mhash[0m = 17e9b9fe1af768bceb403afe50f1d5c742c2e00bcb1e6eae48c6e2f4e8ee1d3c 
[0;36mDEBUG[0m[2026-03-16 10:14:11.877]   received shard header from network in block tracker [0;36mshard[0m = 0 [0;36mepoch[0m = 0 [0;36mround[0m = 974 [0;36mnonce[0m = 965 [0;36mhash[0m = fa33f303470a8b2d36d7bbf43cd82bece47b96d95125a87f0d08429095867c26 
[0;36mDEBUG[0m[2026-03-16 10:14:11.877]   received shard header from network in block tracker [0;36mshard[0m = 0 [0;36mepoch[0m = 0 [0;36mround[0m = 975 [0;36mnonce[0m = 966 [0;36mhash[0m = 1e8b5fc51ca22a5bca3f6760ec9736d7cc18ddfd310536ff2562e06622b35865 
[0;36mDEBUG[0m[2026-03-16 10:14:11.877]   received shard header from network in block tracker [0;36mshard[0m = 0 [0;36mepoch[0m = 0 [0;36mround[0m = 976 [0;36mnonce[0m = 967 [0;36mhash[0m = 06ba80bf7a05193d73faa1243a1961e20ce803081bc555911a581f1e57d97810 
[0;36mDEBUG[0m[2026-03-16 10:14:11.877]   received shard header from network in block tracker [0;36mshard[0m = 0 [0;36mepoch[0m = 0 [0;36mround[0m = 977 [0;36mnonce[0m = 968 [0;36mhash[0m = db8d503abe7d46d859ad751536ba355df9bf5f39d32b7794696497fcdcad0da8 
[0;36mDEBUG[0m[2026-03-16 10:14:11.877]   received shard header from network in block tracker [0;36mshard[0m = 0 [0;36mepoch[0m = 0 [0;36mround[0m = 978 [0;36mnonce[0m = 969 [0;36mhash[0m = c4c91ccb485993787b4fd20850cf479c9e7a191223554eb40c1854ed8d77e125 
[0;36mDEBUG[0m[2026-03-16 10:14:11.877]   received shard header from network in block tracker [0;36mshard[0m = 0 [0;36mepoch[0m = 0 [0;36mround[0m = 979 [0;36mnonce[0m = 970 [0;36mhash[0m = 093786f5517070a38008ce0f2c59a5e3ca2ce4de9ea99ec42b92b0d0536e3945 
[0;36mDEBUG[0m[2026-03-16 10:14:11.877]   received shard header from network in block tracker [0;36mshard[0m = 0 [0;36mepoch[0m = 0 [0;36mround[0m = 980 [0;36mnonce[0m = 971 [0;36mhash[0m = 03d51a1b271049511fb7183e117a0025b81a4768308966310ecddfcb2dd6bd71 
[0;36mDEBUG[0m[2026-03-16 10:14:11.877]   received shard header from network in block tracker [0;36mshard[0m = 0 [0;36mepoch[0m = 0 [0;36mround[0m = 981 [0;36mnonce[0m = 972 [0;36mhash[0m = 3e43675ac5975e4070030728d9792b80aacf1f8f485cc31dc190ab75a9494310 
[0;36mDEBUG[0m[2026-03-16 10:14:11.877]   received shard header from network in block tracker [0;36mshard[0m = 0 [0;36mepoch[0m = 0 [0;36mround[0m = 982 [0;36mnonce[0m = 973 [0;36mhash[0m = aecbf2a85ab48171dc712f0a10b75764858d0d2aa7ee95f32de6ef33622f91b8 
[0;36mDEBUG[0m[2026-03-16 10:14:11.877]   received shard header from network in block tracker [0;36mshard[0m = 0 [0;36mepoch[0m = 0 [0;36mround[0m = 983 [0;36mnonce[0m = 974 [0;36mhash[0m = 5c94374505cf8d3a21d85aaf0418614744ab4b16a734bfab314b894901665c88 
[0;36mDEBUG[0m[2026-03-16 10:14:11.877]   received shard header from network in block tracker [0;36mshard[0m = 0 [0;36mepoch[0m = 0 [0;36mround[0m = 984 [0;36mnonce[0m = 975 [0;36mhash[0m = 818ea48e75fa31b43f8c22e019dbc6af7c3112e596919355766ccaca62c7cdfe 
[0;36mDEBUG[0m[2026-03-16 10:14:11.877]   received shard header from network in block tracker [0;36mshard[0m = 0 [0;36mepoch[0m = 0 [0;36mround[0m = 985 [0;36mnonce[0m = 976 [0;36mhash[0m = 54abe542e9d644bc564cab78f34e7d80db63c2b496c25ae0beb12bcfa217e71a 
[0;36mDEBUG[0m[2026-03-16 10:14:11.877]   received shard header from network in block tracker [0;36mshard[0m = 0 [0;36mepoch[0m = 0 [0;36mround[0m = 986 [0;36mnonce[0m = 977 [0;36mhash[0m = f7f771f3c3a0a147a613e559a1eacf88703f4ce0956fc3cd9e2f2c0e5b9fa646 
[0;36mDEBUG[0m[2026-03-16 10:14:11.877]   received shard header from network in block tracker [0;36mshard[0m = 0 [0;36mepoch[0m = 0 [0;36mround[0m = 987 [0;36mnonce[0m = 978 [0;36mhash[0m = 60aae42f7777b624dcb5c2a1038473d8e1dee098617996d5d8c7fb58402a9394 
[0;36mDEBUG[0m[2026-03-16 10:14:11.877]   received shard header from network in block tracker [0;36mshard[0m = 0 [0;36mepoch[0m = 0 [0;36mround[0m = 988 [0;36mnonce[0m = 979 [0;36mhash[0m = c10822acef0087835cfdfdec9f69e6ba5bb7aac7e35e4ac387b177da9be762a6 
[0;36mDEBUG[0m[2026-03-16 10:14:11.877]   received shard header from network in block tracker [0;36mshard[0m = 0 [0;36mepoch[0m = 0 [0;36mround[0m = 989 [0;36mnonce[0m = 980 [0;36mhash[0m = 50e8c33ef58ed7d35e4cc608c7e51089293109703a929f427a9b4c784c35a632 
[0;36mDEBUG[0m[2026-03-16 10:14:11.877]   received shard header from network in block tracker [0;36mshard[0m = 0 [0;36mepoch[0m = 0 [0;36mround[0m = 990 [0;36mnonce[0m = 981 [0;36mhash[0m = 44aa6b08d8d7a1de673d9a0b3bdc6567e546029a00e5842f962461b008a70208 
[0;36mDEBUG[0m[2026-03-16 10:14:11.877]   received shard header from network in block tracker [0;36mshard[0m = 0 [0;36mepoch[0m = 0 [0;36mround[0m = 991 [0;36mnonce[0m = 982 [0;36mhash[0m = 0604a2e34ff61a468da405cb463be84143e9cc7b055f1bcec216fc01f326a89c 
[0;36mDEBUG[0m[2026-03-16 10:14:11.877]   received shard header from network in block tracker [0;36mshard[0m = 0 [0;36mepoch[0m = 0 [0;36mround[0m = 992 [0;36mnonce[0m = 983 [0;36mhash[0m = b350ae0df0b39589568959f3ed8749d9acc88c09349dc11af13c1be17445b0ae 
[0;36mDEBUG[0m[2026-03-16 10:14:11.877]   received shard header from network in block tracker [0;36mshard[0m = 0 [0;36mepoch[0m = 0 [0;36mround[0m = 993 [0;36mnonce[0m = 984 [0;36mhash[0m = 470e5f7c3f90027943033bcea32eaa7db76a2a9bcf1b20cede86c9d2892456b0 
[0;36mDEBUG[0m[2026-03-16 10:14:11.877]   received shard header from network in block tracker [0;36mshard[0m = 0 [0;36mepoch[0m = 0 [0;36mround[0m = 994 [0;36mnonce[0m = 985 [0;36mhash[0m = 5bb69b7b5f3c5c15fc56b2a5daadcd54e164342408c7e49900cb1220e22db6ea 
[0;36mDEBUG[0m[2026-03-16 10:14:11.877]   received shard header from network in block tracker [0;36mshard[0m = 0 [0;36mepoch[0m = 0 [0;36mround[0m = 995 [0;36mnonce[0m = 986 [0;36mhash[0m = 7de22e67a08c45f721e75d5edc0c67790218d844a37301ce6f12802756a7ea44 
[0;36mDEBUG[0m[2026-03-16 10:14:11.877]   received shard header from network in block tracker [0;36mshard[0m = 0 [0;36mepoch[0m = 0 [0;36mround[0m = 996 [0;36mnonce[0m = 987 [0;36mhash[0m = 2f554780bfb8b53343e53861ba870900816a90cab1694cb51f87a68a84410e34 
[0;36mDEBUG[0m[2026-03-16 10:14:11.877]   received shard header from network in block tracker [0;36mshard[0m = 0 [0;36mepoch[0m = 0 [0;36mround[0m = 997 [0;36mnonce[0m = 988 [0;36mhash[0m = 7b2d06885f6853b62976bb9d02d1956cd5234a1806bb0315bbcf87e70e11e671 
[0;36mDEBUG[0m[2026-03-16 10:14:11.877]   received shard header from network in block tracker [0;36mshard[0m = 0 [0;36mepoch[0m = 0 [0;36mround[0m = 998 [0;36mnonce[0m = 989 [0;36mhash[0m = 864e46cdabbe55adf1f3598edbc35878dbe184ab09ef3c31890ddb6085e03d75 
[0;36mDEBUG[0m[2026-03-16 10:14:11.877]   received shard header from network in block tracker [0;36mshard[0m = 0 [0;36mepoch[0m = 0 [0;36mround[0m = 999 [0;36mnonce[0m = 990 [0;36mhash[0m = f4472afe7f4488c5ad2e3385f04c3977554d9dbaf8d2d2e2b6bb5f0757ee37dc 
[0;36mDEBUG[0m[2026-03-16 10:14:11.877]   received shard header from network in block tracker [0;36mshard[0m = 0 [0;36mepoch[0m = 0 [0;36mround[0m = 1000 [0;36mnonce[0m = 991 [0;36mhash[0m = 9e50e0c4878ae249427c0d5c57fc87cd80b1a66e734f163dd2592fffcb10345f 
[0;36mDEBUG[0m[2026-03-16 10:14:11.877]   received shard header from network in block tracker [0;36mshard[0m = 0 [0;36mepoch[0m = 0 [0;36mround[0m = 1001 [0;36mnonce[0m = 992 [0;36mhash[0m = 55c8a93b0f5d768badd9b6cdc413cf6aefffcede82e3059ce36e257aae738e2c 
[0;36mDEBUG[0m[2026-03-16 10:14:11.877]   received shard header from network in block tracker [0;36mshard[0m = 0 [0;36mepoch[0m = 0 [0;36mround[0m = 1002 [0;36mnonce[0m = 993 [0;36mhash[0m = fca63019814ef7de9eba221bd479f99fd043b76b5182813f8e427019241b5a2a 
[0;36mDEBUG[0m[2026-03-16 10:14:11.877]   received shard header from network in block tracker [0;36mshard[0m = 0 [0;36mepoch[0m = 0 [0;36mround[0m = 1003 [0;36mnonce[0m = 994 [0;36mhash[0m = 5cdd3558b96770eb288ab0e1a31f052429f43b5806f529fa879941fe1d1c708a 
[0;36mDEBUG[0m[2026-03-16 10:14:11.877]   received shard header from network in block tracker [0;36mshard[0m = 0 [0;36mepoch[0m = 0 [0;36mround[0m = 1004 [0;36mnonce[0m = 995 [0;36mhash[0m = 2c7d2bfe6c7971425f21382cc547e1567cabdb69091bc5f28f6a75533b68f894 
[0;36mDEBUG[0m[2026-03-16 10:14:11.877]   received shard header from network in block tracker [0;36mshard[0m = 0 [0;36mepoch[0m = 0 [0;36mround[0m = 1005 [0;36mnonce[0m = 996 [0;36mhash[0m = cda1be9427d486079210af6f9a74bf2f7a20063f8e601ab4da30ae1e62938007 
[0;36mDEBUG[0m[2026-03-16 10:14:11.877]   received shard header from network in block tracker [0;36mshard[0m = 0 [0;36mepoch[0m = 0 [0;36mround[0m = 1006 [0;36mnonce[0m = 997 [0;36mhash[0m = 021beb1f7a680b648b53824d301dd671f0a1a7d846c3896fbaf3956f50a969a0 
[0;36mDEBUG[0m[2026-03-16 10:14:11.877]   received shard header from network in block tracker [0;36mshard[0m = 0 [0;36mepoch[0m = 0 [0;36mround[0m = 1007 [0;36mnonce[0m = 998 [0;36mhash[0m = 1bf8794666b08f860689470153140acd436e1e4c2b88bb27b59ef2b43b14ad96 
[0;36mDEBUG[0m[2026-03-16 10:14:11.877]   received shard header from network in block tracker [0;36mshard[0m = 0 [0;36mepoch[0m = 0 [0;36mround[0m = 1008 [0;36mnonce[0m = 999 [0;36mhash[0m = 54f16d6a62613e0814030358f174aedfa21f43093a3535698973bf108de87488 
[0;36mDEBUG[0m[2026-03-16 10:14:11.877]   received shard header from network in block tracker [0;36mshard[0m = 0 [0;36mepoch[0m = 0 [0;36mround[0m = 1009 [0;36mnonce[0m = 1000 [0;36mhash[0m = 6a1bb24c9cf9dcbb965db0a56b54e7d0db963b3954ef4971b6660e680a910ef2 
--- PASS: TestComputeLongestChain_ShouldWorkWithLongestChain (0.46s)
PASS
ok  	github.com/TerraDharitri/drt-go-chain/process/track	(cached)
=== RUN   Test_checkOperationAllowedToBypassGuardian
=== RUN   Test_checkOperationAllowedToBypassGuardian/operations_not_allowed_to_bypass
=== RUN   Test_checkOperationAllowedToBypassGuardian/setGuardian_data_field_(non_builtin_call)_not_allowed
=== RUN   Test_checkOperationAllowedToBypassGuardian/set_guardian_builtin_call_not_allowed_to_bypass_if_not_executable_check_fails
=== RUN   Test_checkOperationAllowedToBypassGuardian/set_guardian_builtin_call_not_allowed_to_bypass_if_transaction_has_sender_username
=== RUN   Test_checkOperationAllowedToBypassGuardian/set_guardian_builtin_call_not_allowed_to_bypass_if_transaction_has_receiver_username_address
=== RUN   Test_checkOperationAllowedToBypassGuardian/set_guardian_builtin_call_ok
--- PASS: Test_checkOperationAllowedToBypassGuardian (0.00s)
    --- PASS: Test_checkOperationAllowedToBypassGuardian/operations_not_allowed_to_bypass (0.00s)
    --- PASS: Test_checkOperationAllowedToBypassGuardian/setGuardian_data_field_(non_builtin_call)_not_allowed (0.00s)
    --- PASS: Test_checkOperationAllowedToBypassGuardian/set_guardian_builtin_call_not_allowed_to_bypass_if_not_executable_check_fails (0.00s)
    --- PASS: Test_checkOperationAllowedToBypassGuardian/set_guardian_builtin_call_not_allowed_to_bypass_if_transaction_has_sender_username (0.00s)
    --- PASS: Test_checkOperationAllowedToBypassGuardian/set_guardian_builtin_call_not_allowed_to_bypass_if_transaction_has_receiver_username_address (0.00s)
    --- PASS: Test_checkOperationAllowedToBypassGuardian/set_guardian_builtin_call_ok (0.00s)
=== RUN   Test_checkGuardedAccountUnguardedTxPermission
=== RUN   Test_checkGuardedAccountUnguardedTxPermission/nil_txData
=== RUN   Test_checkGuardedAccountUnguardedTxPermission/empty_txData
=== RUN   Test_checkGuardedAccountUnguardedTxPermission/nil_account
=== RUN   Test_checkGuardedAccountUnguardedTxPermission/setGuardian_data_field_(non_builtin_call)_not_allowed
=== RUN   Test_checkGuardedAccountUnguardedTxPermission/set_guardian_builtin_call_allowed_to_bypass
=== RUN   Test_checkGuardedAccountUnguardedTxPermission/set_guardian_builtin_call_with_pending_guardian_not_allowed
--- PASS: Test_checkGuardedAccountUnguardedTxPermission (0.00s)
    --- PASS: Test_checkGuardedAccountUnguardedTxPermission/nil_txData (0.00s)
    --- PASS: Test_checkGuardedAccountUnguardedTxPermission/empty_txData (0.00s)
    --- PASS: Test_checkGuardedAccountUnguardedTxPermission/nil_account (0.00s)
    --- PASS: Test_checkGuardedAccountUnguardedTxPermission/setGuardian_data_field_(non_builtin_call)_not_allowed (0.00s)
    --- PASS: Test_checkGuardedAccountUnguardedTxPermission/set_guardian_builtin_call_allowed_to_bypass (0.00s)
    --- PASS: Test_checkGuardedAccountUnguardedTxPermission/set_guardian_builtin_call_with_pending_guardian_not_allowed (0.00s)
=== RUN   TestBaseTxProcessor_VerifyGuardian
=== PAUSE TestBaseTxProcessor_VerifyGuardian
=== RUN   Test_CheckSetGuardianExecutable
=== RUN   Test_CheckSetGuardianExecutable/sc_processor_CheckBuiltinFunctionIsExecutable_with_error_should_error_with_ErrTransactionNotExecutable
=== PAUSE Test_CheckSetGuardianExecutable/sc_processor_CheckBuiltinFunctionIsExecutable_with_error_should_error_with_ErrTransactionNotExecutable
=== RUN   Test_CheckSetGuardianExecutable/sc_processor_CheckBuiltinFunctionIsExecutable_with_no_error_OK
=== PAUSE Test_CheckSetGuardianExecutable/sc_processor_CheckBuiltinFunctionIsExecutable_with_no_error_OK
=== CONT  Test_CheckSetGuardianExecutable/sc_processor_CheckBuiltinFunctionIsExecutable_with_error_should_error_with_ErrTransactionNotExecutable
=== CONT  Test_CheckSetGuardianExecutable/sc_processor_CheckBuiltinFunctionIsExecutable_with_no_error_OK
--- PASS: Test_CheckSetGuardianExecutable (0.00s)
    --- PASS: Test_CheckSetGuardianExecutable/sc_processor_CheckBuiltinFunctionIsExecutable_with_error_should_error_with_ErrTransactionNotExecutable (0.00s)
    --- PASS: Test_CheckSetGuardianExecutable/sc_processor_CheckBuiltinFunctionIsExecutable_with_no_error_OK (0.00s)
=== RUN   TestNewInterceptedTransaction_NilBufferShouldErr
=== PAUSE TestNewInterceptedTransaction_NilBufferShouldErr
=== RUN   TestNewInterceptedTransaction_NilArgsParser
=== PAUSE TestNewInterceptedTransaction_NilArgsParser
=== RUN   TestNewInterceptedTransaction_NilVersionChecker
=== PAUSE TestNewInterceptedTransaction_NilVersionChecker
=== RUN   TestNewInterceptedTransaction_NilMarshalizerShouldErr
=== PAUSE TestNewInterceptedTransaction_NilMarshalizerShouldErr
=== RUN   TestNewInterceptedTransaction_NilSignMarshalizerShouldErr
=== PAUSE TestNewInterceptedTransaction_NilSignMarshalizerShouldErr
=== RUN   TestNewInterceptedTransaction_NilHasherShouldErr
=== PAUSE TestNewInterceptedTransaction_NilHasherShouldErr
=== RUN   TestNewInterceptedTransaction_NilKeyGenShouldErr
=== PAUSE TestNewInterceptedTransaction_NilKeyGenShouldErr
=== RUN   TestNewInterceptedTransaction_NilSignerShouldErr
=== PAUSE TestNewInterceptedTransaction_NilSignerShouldErr
=== RUN   TestNewInterceptedTransaction_NilPubkeyConverterShouldErr
=== PAUSE TestNewInterceptedTransaction_NilPubkeyConverterShouldErr
=== RUN   TestNewInterceptedTransaction_NilCoordinatorShouldErr
=== PAUSE TestNewInterceptedTransaction_NilCoordinatorShouldErr
=== RUN   TestNewInterceptedTransaction_NilFeeHandlerShouldErr
=== PAUSE TestNewInterceptedTransaction_NilFeeHandlerShouldErr
=== RUN   TestNewInterceptedTransaction_NilWhiteListerVerifiedTxsShouldErr
=== PAUSE TestNewInterceptedTransaction_NilWhiteListerVerifiedTxsShouldErr
=== RUN   TestNewInterceptedTransaction_InvalidChainIDShouldErr
=== PAUSE TestNewInterceptedTransaction_InvalidChainIDShouldErr
=== RUN   TestNewInterceptedTransaction_NilTxSignHasherShouldErr
=== PAUSE TestNewInterceptedTransaction_NilTxSignHasherShouldErr
=== RUN   TestNewInterceptedTransaction_NilEnableEpochsHandlerShouldErr
=== PAUSE TestNewInterceptedTransaction_NilEnableEpochsHandlerShouldErr
=== RUN   TestNewInterceptedTransaction_UnmarshalingTxFailsShouldErr
=== PAUSE TestNewInterceptedTransaction_UnmarshalingTxFailsShouldErr
=== RUN   TestNewInterceptedTransaction_ShouldWork
=== PAUSE TestNewInterceptedTransaction_ShouldWork
=== RUN   TestInterceptedTransaction_CheckValidityNilSignatureShouldErr
=== PAUSE TestInterceptedTransaction_CheckValidityNilSignatureShouldErr
=== RUN   TestInterceptedTransaction_CheckValidityNilRecvAddressShouldErr
=== PAUSE TestInterceptedTransaction_CheckValidityNilRecvAddressShouldErr
=== RUN   TestInterceptedTransaction_CheckValidityInvalidRecvAddressShouldErr
=== PAUSE TestInterceptedTransaction_CheckValidityInvalidRecvAddressShouldErr
=== RUN   TestInterceptedTransaction_CheckValidityNilSenderAddressShouldErr
=== PAUSE TestInterceptedTransaction_CheckValidityNilSenderAddressShouldErr
=== RUN   TestInterceptedTransaction_CheckValidityInvalidSenderAddressShouldErr
=== PAUSE TestInterceptedTransaction_CheckValidityInvalidSenderAddressShouldErr
=== RUN   TestInterceptedTransaction_CheckValidityNilValueShouldErr
=== PAUSE TestInterceptedTransaction_CheckValidityNilValueShouldErr
=== RUN   TestInterceptedTransaction_CheckValidityInvalidUserNameLength
=== PAUSE TestInterceptedTransaction_CheckValidityInvalidUserNameLength
=== RUN   TestInterceptedTransaction_CheckValidityNilNegativeValueShouldErr
=== PAUSE TestInterceptedTransaction_CheckValidityNilNegativeValueShouldErr
=== RUN   TestNewInterceptedTransaction_InsufficientFeeShouldErr
=== PAUSE TestNewInterceptedTransaction_InsufficientFeeShouldErr
=== RUN   TestInterceptedTransaction_CheckValidityInvalidSenderShouldErr
=== PAUSE TestInterceptedTransaction_CheckValidityInvalidSenderShouldErr
=== RUN   TestInterceptedTransaction_CheckValidityVerifyFailsShouldErr
=== PAUSE TestInterceptedTransaction_CheckValidityVerifyFailsShouldErr
=== RUN   TestInterceptedTransaction_CheckValidityWrongChainIDShouldErr
=== PAUSE TestInterceptedTransaction_CheckValidityWrongChainIDShouldErr
=== RUN   TestInterceptedTransaction_CheckValidityInvalidVersionShouldErr
=== PAUSE TestInterceptedTransaction_CheckValidityInvalidVersionShouldErr
=== RUN   TestInterceptedTransaction_TransactionWithNilChainIDShouldErr
=== PAUSE TestInterceptedTransaction_TransactionWithNilChainIDShouldErr
=== RUN   TestInterceptedTransaction_CheckValidityOkValsShouldWork
=== PAUSE TestInterceptedTransaction_CheckValidityOkValsShouldWork
=== RUN   TestInterceptedTransaction_CheckValiditySignedWithHashButNotEnabled
=== PAUSE TestInterceptedTransaction_CheckValiditySignedWithHashButNotEnabled
=== RUN   TestInterceptedTransaction_CheckValiditySignedWithHashShouldWork
=== PAUSE TestInterceptedTransaction_CheckValiditySignedWithHashShouldWork
=== RUN   TestInterceptedTransaction_OkValsGettersShouldWork
=== PAUSE TestInterceptedTransaction_OkValsGettersShouldWork
=== RUN   TestInterceptedTransaction_ScTxDeployRecvShardIdShouldBeSendersShardId
=== PAUSE TestInterceptedTransaction_ScTxDeployRecvShardIdShouldBeSendersShardId
=== RUN   TestInterceptedTransaction_GetNonce
=== PAUSE TestInterceptedTransaction_GetNonce
=== RUN   TestInterceptedTransaction_SenderShardId
=== PAUSE TestInterceptedTransaction_SenderShardId
=== RUN   TestInterceptedTransaction_GetSenderAddress
=== PAUSE TestInterceptedTransaction_GetSenderAddress
=== RUN   TestInterceptedTransaction_CheckValiditySecondTimeDoesNotVerifySig
=== PAUSE TestInterceptedTransaction_CheckValiditySecondTimeDoesNotVerifySig
=== RUN   TestInterceptedTransaction_CheckValidityOfRelayedTx
=== PAUSE TestInterceptedTransaction_CheckValidityOfRelayedTx
=== RUN   TestInterceptedTransaction_CheckValidityOfRelayedTxShouldConsiderMoveBalance
=== PAUSE TestInterceptedTransaction_CheckValidityOfRelayedTxShouldConsiderMoveBalance
=== RUN   TestInterceptedTransaction_CheckValidityOfRelayedTxV2
=== PAUSE TestInterceptedTransaction_CheckValidityOfRelayedTxV2
=== RUN   TestInterceptedTransaction_CheckValidityOfRelayedTxV3
=== PAUSE TestInterceptedTransaction_CheckValidityOfRelayedTxV3
=== RUN   TestInterceptedTransaction_IsInterfaceNil
=== PAUSE TestInterceptedTransaction_IsInterfaceNil
=== RUN   TestRelayTransaction_NotAddedToWhitelistUntilIntegrityChecked
=== PAUSE TestRelayTransaction_NotAddedToWhitelistUntilIntegrityChecked
=== RUN   TestInterceptedTransaction_Type
=== PAUSE TestInterceptedTransaction_Type
=== RUN   TestInterceptedTransaction_Fee
=== PAUSE TestInterceptedTransaction_Fee
=== RUN   TestInterceptedTransaction_String
=== PAUSE TestInterceptedTransaction_String
=== RUN   TestInterceptedTransaction_checkMaxGasPrice
=== PAUSE TestInterceptedTransaction_checkMaxGasPrice
=== RUN   TestInterceptedTransaction_VerifyGuardianSig
=== PAUSE TestInterceptedTransaction_VerifyGuardianSig
=== RUN   TestNewMetaTxProcessor_NilAccountsShouldErr
=== PAUSE TestNewMetaTxProcessor_NilAccountsShouldErr
=== RUN   TestNewMetaTxProcessor_NilPubkeyConverterMockShouldErr
=== PAUSE TestNewMetaTxProcessor_NilPubkeyConverterMockShouldErr
=== RUN   TestNewMetaTxProcessor_NilShardCoordinatorMockShouldErr
=== PAUSE TestNewMetaTxProcessor_NilShardCoordinatorMockShouldErr
=== RUN   TestNewMetaTxProcessor_NilSCProcessorShouldErr
=== PAUSE TestNewMetaTxProcessor_NilSCProcessorShouldErr
=== RUN   TestNewMetaTxProcessor_NilTxTypeHandlerShouldErr
=== PAUSE TestNewMetaTxProcessor_NilTxTypeHandlerShouldErr
=== RUN   TestNewMetaTxProcessor_NilTxFeeHandlerShouldErr
=== PAUSE TestNewMetaTxProcessor_NilTxFeeHandlerShouldErr
=== RUN   TestNewMetaTxProcessor_NilEnableEpochsHandlerShouldErr
=== PAUSE TestNewMetaTxProcessor_NilEnableEpochsHandlerShouldErr
=== RUN   TestNewMetaTxProcessor_InvalidEnableEpochsHandlerShouldErr
=== PAUSE TestNewMetaTxProcessor_InvalidEnableEpochsHandlerShouldErr
=== RUN   TestNewMetaTxProcessor_OkValsShouldWork
=== PAUSE TestNewMetaTxProcessor_OkValsShouldWork
=== RUN   TestMetaTxProcessor_ProcessTransactionNilTxShouldErr
=== PAUSE TestMetaTxProcessor_ProcessTransactionNilTxShouldErr
=== RUN   TestMetaTxProcessor_ProcessTransactionMalfunctionAccountsShouldErr
=== PAUSE TestMetaTxProcessor_ProcessTransactionMalfunctionAccountsShouldErr
=== RUN   TestMetaTxProcessor_ProcessCheckNotPassShouldErr
=== PAUSE TestMetaTxProcessor_ProcessCheckNotPassShouldErr
=== RUN   TestMetaTxProcessor_ProcessMoveBalancesShouldCallProcessIfError
=== PAUSE TestMetaTxProcessor_ProcessMoveBalancesShouldCallProcessIfError
=== RUN   TestMetaTxProcessor_ProcessTransactionScTxShouldWork
=== PAUSE TestMetaTxProcessor_ProcessTransactionScTxShouldWork
=== RUN   TestMetaTxProcessor_ProcessTransactionScTxShouldReturnErrWhenExecutionFails
=== PAUSE TestMetaTxProcessor_ProcessTransactionScTxShouldReturnErrWhenExecutionFails
=== RUN   TestMetaTxProcessor_ProcessTransactionScTxShouldNotBeCalledWhenAdrDstIsNotInNodeShard
=== PAUSE TestMetaTxProcessor_ProcessTransactionScTxShouldNotBeCalledWhenAdrDstIsNotInNodeShard
=== RUN   TestMetaTxProcessor_ProcessTransactionBuiltInCallTxShouldWork
=== PAUSE TestMetaTxProcessor_ProcessTransactionBuiltInCallTxShouldWork
=== RUN   TestMetaTxProcessor_ProcessTransactionWithInvalidUsernameShouldNotError
=== PAUSE TestMetaTxProcessor_ProcessTransactionWithInvalidUsernameShouldNotError
=== RUN   TestNewTxProcessor_NilAccountsShouldErr
=== PAUSE TestNewTxProcessor_NilAccountsShouldErr
=== RUN   TestNewTxProcessor_NilHasherShouldErr
=== PAUSE TestNewTxProcessor_NilHasherShouldErr
=== RUN   TestNewTxProcessor_NilPubkeyConverterMockShouldErr
=== PAUSE TestNewTxProcessor_NilPubkeyConverterMockShouldErr
=== RUN   TestNewTxProcessor_NilMarshalizerMockShouldErr
=== PAUSE TestNewTxProcessor_NilMarshalizerMockShouldErr
=== RUN   TestNewTxProcessor_NilShardCoordinatorMockShouldErr
=== PAUSE TestNewTxProcessor_NilShardCoordinatorMockShouldErr
=== RUN   TestNewTxProcessor_NilSCProcessorShouldErr
=== PAUSE TestNewTxProcessor_NilSCProcessorShouldErr
=== RUN   TestNewTxProcessor_NilTxTypeHandlerShouldErr
=== PAUSE TestNewTxProcessor_NilTxTypeHandlerShouldErr
=== RUN   TestNewTxProcessor_NilEconomicsFeeHandlerShouldErr
=== PAUSE TestNewTxProcessor_NilEconomicsFeeHandlerShouldErr
=== RUN   TestNewTxProcessor_NilReceiptForwarderShouldErr
=== PAUSE TestNewTxProcessor_NilReceiptForwarderShouldErr
=== RUN   TestNewTxProcessor_NilBadTxForwarderShouldErr
=== PAUSE TestNewTxProcessor_NilBadTxForwarderShouldErr
=== RUN   TestNewTxProcessor_NilTxFeeHandlerShouldErr
=== PAUSE TestNewTxProcessor_NilTxFeeHandlerShouldErr
=== RUN   TestNewTxProcessor_NilArgsParserShouldErr
=== PAUSE TestNewTxProcessor_NilArgsParserShouldErr
=== RUN   TestNewTxProcessor_NilScrForwarderShouldErr
=== PAUSE TestNewTxProcessor_NilScrForwarderShouldErr
=== RUN   TestNewTxProcessor_NilSignMarshalizerShouldErr
=== PAUSE TestNewTxProcessor_NilSignMarshalizerShouldErr
=== RUN   TestNewTxProcessor_NilEnableEpochsHandlerShouldErr
=== PAUSE TestNewTxProcessor_NilEnableEpochsHandlerShouldErr
=== RUN   TestNewTxProcessor_InvalidEnableEpochsHandlerShouldErr
=== PAUSE TestNewTxProcessor_InvalidEnableEpochsHandlerShouldErr
=== RUN   TestNewTxProcessor_NilTxLogsProcessorShouldErr
=== PAUSE TestNewTxProcessor_NilTxLogsProcessorShouldErr
=== RUN   TestNewTxProcessor_NilEnableRoundsHandlerShouldErr
=== PAUSE TestNewTxProcessor_NilEnableRoundsHandlerShouldErr
=== RUN   TestNewTxProcessor_NilTxVersionCheckerShouldErr
=== PAUSE TestNewTxProcessor_NilTxVersionCheckerShouldErr
=== RUN   TestNewTxProcessor_NilGuardianCheckerShouldErr
=== PAUSE TestNewTxProcessor_NilGuardianCheckerShouldErr
=== RUN   TestNewTxProcessor_OkValsShouldWork
=== PAUSE TestNewTxProcessor_OkValsShouldWork
=== RUN   TestTxProcessor_GetAccountsShouldErrNilAddressContainer
=== PAUSE TestTxProcessor_GetAccountsShouldErrNilAddressContainer
=== RUN   TestTxProcessor_GetAccountsMalfunctionAccountsShouldErr
=== PAUSE TestTxProcessor_GetAccountsMalfunctionAccountsShouldErr
=== RUN   TestTxProcessor_GetAccountsOkValsSrcShouldWork
=== PAUSE TestTxProcessor_GetAccountsOkValsSrcShouldWork
=== RUN   TestTxProcessor_GetAccountsOkValsDsthouldWork
=== PAUSE TestTxProcessor_GetAccountsOkValsDsthouldWork
=== RUN   TestTxProcessor_GetAccountsOkValsShouldWork
=== PAUSE TestTxProcessor_GetAccountsOkValsShouldWork
=== RUN   TestTxProcessor_GetSameAccountShouldWork
=== PAUSE TestTxProcessor_GetSameAccountShouldWork
=== RUN   TestTxProcessor_CheckTxValuesHigherNonceShouldErr
=== PAUSE TestTxProcessor_CheckTxValuesHigherNonceShouldErr
=== RUN   TestTxProcessor_CheckTxValuesLowerNonceShouldErr
=== PAUSE TestTxProcessor_CheckTxValuesLowerNonceShouldErr
=== RUN   TestTxProcessor_CheckTxValuesInsufficientFundsShouldErr
=== PAUSE TestTxProcessor_CheckTxValuesInsufficientFundsShouldErr
=== RUN   TestTxProcessor_CheckTxValuesMismatchedSenderUsernamesShouldErr
=== PAUSE TestTxProcessor_CheckTxValuesMismatchedSenderUsernamesShouldErr
=== RUN   TestTxProcessor_CheckTxValuesMismatchedReceiverUsernamesShouldErr
=== PAUSE TestTxProcessor_CheckTxValuesMismatchedReceiverUsernamesShouldErr
=== RUN   TestTxProcessor_CheckTxValuesCorrectUserNamesShouldWork
=== PAUSE TestTxProcessor_CheckTxValuesCorrectUserNamesShouldWork
=== RUN   TestTxProcessor_CheckTxValuesOkValsShouldErr
=== PAUSE TestTxProcessor_CheckTxValuesOkValsShouldErr
=== RUN   TestTxProcessor_IncreaseNonceOkValsShouldWork
=== PAUSE TestTxProcessor_IncreaseNonceOkValsShouldWork
=== RUN   TestTxProcessor_ProcessTransactionNilTxShouldErr
=== PAUSE TestTxProcessor_ProcessTransactionNilTxShouldErr
=== RUN   TestTxProcessor_ProcessTransactionMalfunctionAccountsShouldErr
=== PAUSE TestTxProcessor_ProcessTransactionMalfunctionAccountsShouldErr
=== RUN   TestTxProcessor_ProcessCheckNotPassShouldErr
=== PAUSE TestTxProcessor_ProcessCheckNotPassShouldErr
=== RUN   TestTxProcessor_ProcessCheckShouldPassWhenAdrSrcIsNotInNodeShard
=== PAUSE TestTxProcessor_ProcessCheckShouldPassWhenAdrSrcIsNotInNodeShard
=== RUN   TestTxProcessor_ProcessMoveBalancesShouldPassWhenAdrSrcIsNotInNodeShard
=== PAUSE TestTxProcessor_ProcessMoveBalancesShouldPassWhenAdrSrcIsNotInNodeShard
=== RUN   TestTxProcessor_ProcessWithTxFeeHandlerCheckErrorShouldErr
=== PAUSE TestTxProcessor_ProcessWithTxFeeHandlerCheckErrorShouldErr
=== RUN   TestTxProcessor_ProcessWithWrongAssertionShouldErr
=== PAUSE TestTxProcessor_ProcessWithWrongAssertionShouldErr
=== RUN   TestTxProcessor_ProcessWithTxFeeHandlerInsufficientFeeShouldErr
=== PAUSE TestTxProcessor_ProcessWithTxFeeHandlerInsufficientFeeShouldErr
=== RUN   TestTxProcessor_ProcessWithInsufficientFundsShouldCreateReceiptErr
=== PAUSE TestTxProcessor_ProcessWithInsufficientFundsShouldCreateReceiptErr
=== RUN   TestTxProcessor_ProcessWithUsernameMismatchCreateReceiptErr
=== PAUSE TestTxProcessor_ProcessWithUsernameMismatchCreateReceiptErr
=== RUN   TestTxProcessor_ProcessWithUsernameMismatchAndSCProcessErrorShouldError
=== PAUSE TestTxProcessor_ProcessWithUsernameMismatchAndSCProcessErrorShouldError
=== RUN   TestTxProcessor_ProcessMoveBalanceToSmartPayableContract
=== PAUSE TestTxProcessor_ProcessMoveBalanceToSmartPayableContract
=== RUN   TestTxProcessor_ProcessMoveBalancesShouldWork
=== PAUSE TestTxProcessor_ProcessMoveBalancesShouldWork
=== RUN   TestTxProcessor_ProcessOkValsShouldWork
=== PAUSE TestTxProcessor_ProcessOkValsShouldWork
=== RUN   TestTxProcessor_MoveBalanceWithFeesShouldWork
--- PASS: TestTxProcessor_MoveBalanceWithFeesShouldWork (0.00s)
=== RUN   TestTxProcessor_ProcessTransactionScDeployTxShouldWork
=== PAUSE TestTxProcessor_ProcessTransactionScDeployTxShouldWork
=== RUN   TestTxProcessor_ProcessTransactionBuiltInFunctionCallShouldWork
=== PAUSE TestTxProcessor_ProcessTransactionBuiltInFunctionCallShouldWork
=== RUN   TestTxProcessor_ProcessTransactionScTxShouldWork
=== PAUSE TestTxProcessor_ProcessTransactionScTxShouldWork
=== RUN   TestTxProcessor_ProcessTransactionScTxShouldReturnErrWhenExecutionFails
=== PAUSE TestTxProcessor_ProcessTransactionScTxShouldReturnErrWhenExecutionFails
=== RUN   TestTxProcessor_ProcessTransactionScTxShouldNotBeCalledWhenAdrDstIsNotInNodeShard
=== PAUSE TestTxProcessor_ProcessTransactionScTxShouldNotBeCalledWhenAdrDstIsNotInNodeShard
=== RUN   TestTxProcessor_ProcessTxFeeIntraShard
=== PAUSE TestTxProcessor_ProcessTxFeeIntraShard
=== RUN   TestTxProcessor_ProcessTxFeeCrossShardMoveBalance
=== PAUSE TestTxProcessor_ProcessTxFeeCrossShardMoveBalance
=== RUN   TestTxProcessor_ProcessTxFeeCrossShardSCCall
=== PAUSE TestTxProcessor_ProcessTxFeeCrossShardSCCall
=== RUN   TestTxProcessor_ProcessTxFeeMoveBalanceUserTx
=== PAUSE TestTxProcessor_ProcessTxFeeMoveBalanceUserTx
=== RUN   TestTxProcessor_ProcessTxFeeSCInvokeUserTx
=== PAUSE TestTxProcessor_ProcessTxFeeSCInvokeUserTx
=== RUN   TestTxProcessor_ProcessTransactionShouldReturnErrForInvalidMetaTx
=== PAUSE TestTxProcessor_ProcessTransactionShouldReturnErrForInvalidMetaTx
=== RUN   TestTxProcessor_ProcessTransactionShouldTreatAsInvalidTxIfTxTypeIsWrong
=== PAUSE TestTxProcessor_ProcessTransactionShouldTreatAsInvalidTxIfTxTypeIsWrong
=== RUN   TestTxProcessor_ProcessRelayedTransactionV2NotActiveShouldErr
=== PAUSE TestTxProcessor_ProcessRelayedTransactionV2NotActiveShouldErr
=== RUN   TestTxProcessor_ProcessRelayedTransactionV2WithValueShouldErr
=== PAUSE TestTxProcessor_ProcessRelayedTransactionV2WithValueShouldErr
=== RUN   TestTxProcessor_ProcessRelayedTransactionV2ArgsParserShouldErr
=== PAUSE TestTxProcessor_ProcessRelayedTransactionV2ArgsParserShouldErr
=== RUN   TestTxProcessor_ProcessRelayedTransactionV2InvalidParamCountShouldErr
=== PAUSE TestTxProcessor_ProcessRelayedTransactionV2InvalidParamCountShouldErr
=== RUN   TestTxProcessor_ProcessRelayedTransactionV2
=== PAUSE TestTxProcessor_ProcessRelayedTransactionV2
=== RUN   TestTxProcessor_ProcessRelayedTransaction
=== PAUSE TestTxProcessor_ProcessRelayedTransaction
=== RUN   TestTxProcessor_ProcessRelayedTransactionArgsParserErrorShouldError
=== PAUSE TestTxProcessor_ProcessRelayedTransactionArgsParserErrorShouldError
=== RUN   TestTxProcessor_ProcessRelayedTransactionMultipleArgumentsShouldError
=== PAUSE TestTxProcessor_ProcessRelayedTransactionMultipleArgumentsShouldError
=== RUN   TestTxProcessor_ProcessRelayedTransactionFailUnMarshalInnerShouldError
=== PAUSE TestTxProcessor_ProcessRelayedTransactionFailUnMarshalInnerShouldError
=== RUN   TestTxProcessor_ProcessRelayedTransactionDifferentSenderInInnerTxThanReceiverShouldError
=== PAUSE TestTxProcessor_ProcessRelayedTransactionDifferentSenderInInnerTxThanReceiverShouldError
=== RUN   TestTxProcessor_ProcessRelayedTransactionSmallerValueInnerTxShouldError
=== PAUSE TestTxProcessor_ProcessRelayedTransactionSmallerValueInnerTxShouldError
=== RUN   TestTxProcessor_ProcessRelayedTransactionGasPriceMismatchShouldError
=== PAUSE TestTxProcessor_ProcessRelayedTransactionGasPriceMismatchShouldError
=== RUN   TestTxProcessor_ProcessRelayedTransactionGasLimitMismatchShouldError
=== PAUSE TestTxProcessor_ProcessRelayedTransactionGasLimitMismatchShouldError
=== RUN   TestTxProcessor_ProcessRelayedTransactionDisabled
=== PAUSE TestTxProcessor_ProcessRelayedTransactionDisabled
=== RUN   TestTxProcessor_ProcessRelayedTransactionV3
=== PAUSE TestTxProcessor_ProcessRelayedTransactionV3
=== RUN   TestTxProcessor_ConsumeMoveBalanceWithUserTx
=== PAUSE TestTxProcessor_ConsumeMoveBalanceWithUserTx
=== RUN   TestTxProcessor_IsCrossTxFromMeShouldWork
=== PAUSE TestTxProcessor_IsCrossTxFromMeShouldWork
=== RUN   TestTxProcessor_ProcessUserTxOfTypeRelayedShouldError
=== PAUSE TestTxProcessor_ProcessUserTxOfTypeRelayedShouldError
=== RUN   TestTxProcessor_ProcessUserTxOfTypeMoveBalanceShouldWork
=== PAUSE TestTxProcessor_ProcessUserTxOfTypeMoveBalanceShouldWork
=== RUN   TestTxProcessor_ProcessUserTxOfTypeSCDeploymentShouldWork
=== PAUSE TestTxProcessor_ProcessUserTxOfTypeSCDeploymentShouldWork
=== RUN   TestTxProcessor_ProcessUserTxOfTypeSCInvokingShouldWork
=== PAUSE TestTxProcessor_ProcessUserTxOfTypeSCInvokingShouldWork
=== RUN   TestTxProcessor_ProcessUserTxOfTypeBuiltInFunctionCallShouldWork
=== PAUSE TestTxProcessor_ProcessUserTxOfTypeBuiltInFunctionCallShouldWork
=== RUN   TestTxProcessor_ProcessUserTxErrNotPayableShouldFailRelayTx
=== PAUSE TestTxProcessor_ProcessUserTxErrNotPayableShouldFailRelayTx
=== RUN   TestTxProcessor_ProcessUserTxFailedBuiltInFunctionCall
=== PAUSE TestTxProcessor_ProcessUserTxFailedBuiltInFunctionCall
=== RUN   TestTxProcessor_ExecuteFailingRelayedTxShouldNotHaveNegativeFee
=== PAUSE TestTxProcessor_ExecuteFailingRelayedTxShouldNotHaveNegativeFee
=== RUN   TestTxProcessor_shouldIncreaseNonce
=== PAUSE TestTxProcessor_shouldIncreaseNonce
=== RUN   TestTxProcessor_AddNonExecutableLog
=== PAUSE TestTxProcessor_AddNonExecutableLog
=== RUN   TestTxProcessor_ProcessMoveBalanceToNonPayableContract
=== PAUSE TestTxProcessor_ProcessMoveBalanceToNonPayableContract
=== RUN   TestTxProcessor_IsInterfaceNil
=== PAUSE TestTxProcessor_IsInterfaceNil
=== CONT  TestBaseTxProcessor_VerifyGuardian
=== RUN   TestBaseTxProcessor_VerifyGuardian/nil_account_should_not_error
=== PAUSE TestBaseTxProcessor_VerifyGuardian/nil_account_should_not_error
=== RUN   TestBaseTxProcessor_VerifyGuardian/guarded_account_with_a_not_guarded_transaction_should_error
=== PAUSE TestBaseTxProcessor_VerifyGuardian/guarded_account_with_a_not_guarded_transaction_should_error
=== RUN   TestBaseTxProcessor_VerifyGuardian/not_guarded_account_with_guarded_tx_should_error
=== CONT  TestTxProcessor_ProcessRelayedTransactionV2WithValueShouldErr
--- PASS: TestTxProcessor_ProcessRelayedTransactionV2WithValueShouldErr (0.00s)
=== CONT  TestTxProcessor_ProcessUserTxFailedBuiltInFunctionCall
--- PASS: TestTxProcessor_ProcessUserTxFailedBuiltInFunctionCall (0.00s)
=== CONT  TestTxProcessor_ProcessRelayedTransactionArgsParserErrorShouldError
--- PASS: TestTxProcessor_ProcessRelayedTransactionArgsParserErrorShouldError (0.00s)
=== CONT  TestTxProcessor_ProcessRelayedTransaction
=== CONT  TestTxProcessor_ConsumeMoveBalanceWithUserTx
=== CONT  TestTxProcessor_ProcessRelayedTransactionV3
=== RUN   TestTxProcessor_ProcessRelayedTransactionV3/should_work
=== CONT  TestTxProcessor_ProcessUserTxErrNotPayableShouldFailRelayTx
=== CONT  TestTxProcessor_ProcessRelayedTransactionDisabled
=== CONT  TestTxProcessor_ProcessRelayedTransactionV2InvalidParamCountShouldErr
=== CONT  TestTxProcessor_ProcessUserTxOfTypeBuiltInFunctionCallShouldWork
=== CONT  TestTxProcessor_ProcessRelayedTransactionV2ArgsParserShouldErr
=== CONT  TestTxProcessor_ProcessUserTxOfTypeSCInvokingShouldWork
=== CONT  TestTxProcessor_ProcessUserTxOfTypeSCDeploymentShouldWork
=== CONT  TestTxProcessor_ProcessUserTxOfTypeRelayedShouldError
=== CONT  TestTxProcessor_ProcessUserTxOfTypeMoveBalanceShouldWork
=== CONT  TestTxProcessor_IsCrossTxFromMeShouldWork
=== CONT  TestTxProcessor_ProcessRelayedTransactionV2NotActiveShouldErr
=== CONT  TestTxProcessor_ProcessTransactionShouldTreatAsInvalidTxIfTxTypeIsWrong
=== CONT  TestTxProcessor_ProcessTransactionShouldReturnErrForInvalidMetaTx
=== CONT  TestMetaTxProcessor_ProcessTransactionScTxShouldReturnErrWhenExecutionFails
=== CONT  TestTxProcessor_IsInterfaceNil
=== CONT  TestTxProcessor_ProcessTxFeeSCInvokeUserTx
=== CONT  TestTxProcessor_ProcessTxFeeCrossShardMoveBalance
=== CONT  TestTxProcessor_ProcessTxFeeMoveBalanceUserTx
=== CONT  TestTxProcessor_ProcessTxFeeIntraShard
=== CONT  TestTxProcessor_ProcessTransactionScTxShouldNotBeCalledWhenAdrDstIsNotInNodeShard
=== CONT  TestTxProcessor_ProcessTransactionScTxShouldReturnErrWhenExecutionFails
=== CONT  TestTxProcessor_ProcessTransactionScTxShouldWork
=== CONT  TestTxProcessor_ProcessTransactionScDeployTxShouldWork
=== CONT  TestTxProcessor_ProcessTransactionBuiltInFunctionCallShouldWork
=== CONT  TestTxProcessor_ProcessOkValsShouldWork
=== CONT  TestTxProcessor_ProcessMoveBalancesShouldWork
=== CONT  TestTxProcessor_ProcessMoveBalanceToSmartPayableContract
=== CONT  TestTxProcessor_ProcessWithUsernameMismatchAndSCProcessErrorShouldError
=== CONT  TestTxProcessor_ProcessWithUsernameMismatchCreateReceiptErr
=== CONT  TestTxProcessor_ProcessWithInsufficientFundsShouldCreateReceiptErr
=== CONT  TestTxProcessor_ProcessWithTxFeeHandlerInsufficientFeeShouldErr
=== CONT  TestTxProcessor_ProcessWithWrongAssertionShouldErr
=== CONT  TestTxProcessor_ProcessWithTxFeeHandlerCheckErrorShouldErr
=== CONT  TestTxProcessor_ProcessMoveBalancesShouldPassWhenAdrSrcIsNotInNodeShard
=== CONT  TestTxProcessor_ProcessCheckShouldPassWhenAdrSrcIsNotInNodeShard
=== CONT  TestTxProcessor_ProcessCheckNotPassShouldErr
=== CONT  TestTxProcessor_ProcessTransactionMalfunctionAccountsShouldErr
=== CONT  TestTxProcessor_ProcessTransactionNilTxShouldErr
=== CONT  TestTxProcessor_IncreaseNonceOkValsShouldWork
=== CONT  TestTxProcessor_CheckTxValuesOkValsShouldErr
=== CONT  TestTxProcessor_CheckTxValuesCorrectUserNamesShouldWork
=== CONT  TestTxProcessor_CheckTxValuesMismatchedReceiverUsernamesShouldErr
=== CONT  TestTxProcessor_CheckTxValuesInsufficientFundsShouldErr
=== CONT  TestTxProcessor_CheckTxValuesLowerNonceShouldErr
=== CONT  TestTxProcessor_CheckTxValuesHigherNonceShouldErr
=== CONT  TestTxProcessor_GetSameAccountShouldWork
=== CONT  TestTxProcessor_CheckTxValuesMismatchedSenderUsernamesShouldErr
=== CONT  TestTxProcessor_GetAccountsOkValsShouldWork
=== CONT  TestTxProcessor_GetAccountsOkValsDsthouldWork
=== CONT  TestTxProcessor_GetAccountsOkValsSrcShouldWork
=== CONT  TestTxProcessor_GetAccountsMalfunctionAccountsShouldErr
=== CONT  TestTxProcessor_GetAccountsShouldErrNilAddressContainer
=== CONT  TestNewTxProcessor_OkValsShouldWork
=== CONT  TestNewTxProcessor_NilGuardianCheckerShouldErr
=== CONT  TestNewTxProcessor_NilTxVersionCheckerShouldErr
=== CONT  TestNewTxProcessor_NilEnableRoundsHandlerShouldErr
=== CONT  TestNewTxProcessor_NilTxLogsProcessorShouldErr
=== CONT  TestNewTxProcessor_InvalidEnableEpochsHandlerShouldErr
=== CONT  TestNewTxProcessor_NilEnableEpochsHandlerShouldErr
=== CONT  TestTxProcessor_AddNonExecutableLog
=== CONT  TestNewTxProcessor_NilSignMarshalizerShouldErr
=== CONT  TestNewTxProcessor_NilScrForwarderShouldErr
=== CONT  TestNewTxProcessor_NilArgsParserShouldErr
=== CONT  TestNewTxProcessor_NilTxFeeHandlerShouldErr
=== RUN   TestTxProcessor_AddNonExecutableLog/not_a_non-executable_error_should_not_record_log
=== CONT  TestNewTxProcessor_NilBadTxForwarderShouldErr
=== CONT  TestNewTxProcessor_NilReceiptForwarderShouldErr
=== CONT  TestNewTxProcessor_NilEconomicsFeeHandlerShouldErr
=== CONT  TestNewTxProcessor_NilTxTypeHandlerShouldErr
=== PAUSE TestTxProcessor_AddNonExecutableLog/not_a_non-executable_error_should_not_record_log
=== CONT  TestNewTxProcessor_NilSCProcessorShouldErr
=== CONT  TestNewTxProcessor_NilShardCoordinatorMockShouldErr
=== CONT  TestNewTxProcessor_NilMarshalizerMockShouldErr
=== RUN   TestTxProcessor_AddNonExecutableLog/is_non_executable_tx_error_should_record_log
=== CONT  TestNewTxProcessor_NilHasherShouldErr
=== CONT  TestNewTxProcessor_NilAccountsShouldErr
=== PAUSE TestTxProcessor_AddNonExecutableLog/is_non_executable_tx_error_should_record_log
=== CONT  TestMetaTxProcessor_ProcessTransactionWithInvalidUsernameShouldNotError
=== CONT  TestTxProcessor_ProcessRelayedTransactionFailUnMarshalInnerShouldError
=== CONT  TestMetaTxProcessor_ProcessTransactionScTxShouldNotBeCalledWhenAdrDstIsNotInNodeShard
=== CONT  TestMetaTxProcessor_ProcessTransactionBuiltInCallTxShouldWork
=== CONT  TestInterceptedTransaction_CheckValiditySignedWithHashButNotEnabled
=== CONT  TestMetaTxProcessor_ProcessTransactionScTxShouldWork
=== CONT  TestMetaTxProcessor_ProcessMoveBalancesShouldCallProcessIfError
=== CONT  TestMetaTxProcessor_ProcessCheckNotPassShouldErr
=== CONT  TestMetaTxProcessor_ProcessTransactionMalfunctionAccountsShouldErr
=== CONT  TestMetaTxProcessor_ProcessTransactionNilTxShouldErr
=== CONT  TestNewMetaTxProcessor_OkValsShouldWork
=== CONT  TestNewMetaTxProcessor_InvalidEnableEpochsHandlerShouldErr
=== CONT  TestNewMetaTxProcessor_NilEnableEpochsHandlerShouldErr
=== CONT  TestNewMetaTxProcessor_NilTxFeeHandlerShouldErr
=== CONT  TestNewMetaTxProcessor_NilTxTypeHandlerShouldErr
=== CONT  TestNewMetaTxProcessor_NilSCProcessorShouldErr
=== CONT  TestNewMetaTxProcessor_NilShardCoordinatorMockShouldErr
=== CONT  TestNewMetaTxProcessor_NilPubkeyConverterMockShouldErr
=== CONT  TestNewMetaTxProcessor_NilAccountsShouldErr
=== CONT  TestInterceptedTransaction_VerifyGuardianSig
=== CONT  TestInterceptedTransaction_checkMaxGasPrice
=== PAUSE TestBaseTxProcessor_VerifyGuardian/not_guarded_account_with_guarded_tx_should_error
--- PASS: TestTxProcessor_ProcessRelayedTransaction (0.00s)
=== RUN   TestInterceptedTransaction_checkMaxGasPrice/guardedTx_returns_always_OK_no_matter_the_gas_price
=== RUN   TestInterceptedTransaction_VerifyGuardianSig/get_data_for_signing_with_error
=== RUN   TestBaseTxProcessor_VerifyGuardian/not_guarded_account_with_not_guarded_tx_should_work
=== PAUSE TestBaseTxProcessor_VerifyGuardian/not_guarded_account_with_not_guarded_tx_should_work
=== RUN   TestBaseTxProcessor_VerifyGuardian/get_active_guardian_fails_should_error
=== PAUSE TestBaseTxProcessor_VerifyGuardian/get_active_guardian_fails_should_error
=== RUN   TestBaseTxProcessor_VerifyGuardian/guardian_address_mismatch_should_error
=== CONT  TestInterceptedTransaction_String
=== PAUSE TestBaseTxProcessor_VerifyGuardian/guardian_address_mismatch_should_error
=== RUN   TestBaseTxProcessor_VerifyGuardian/should_work
=== PAUSE TestBaseTxProcessor_VerifyGuardian/should_work
--- PASS: TestTxProcessor_ConsumeMoveBalanceWithUserTx (0.00s)
--- PASS: TestInterceptedTransaction_String (0.00s)
=== CONT  TestInterceptedTransaction_Fee
=== CONT  TestInterceptedTransaction_Type
--- PASS: TestInterceptedTransaction_Type (0.00s)
=== CONT  TestRelayTransaction_NotAddedToWhitelistUntilIntegrityChecked
--- PASS: TestInterceptedTransaction_Fee (0.00s)
=== CONT  TestInterceptedTransaction_IsInterfaceNil
--- PASS: TestInterceptedTransaction_IsInterfaceNil (0.00s)
=== CONT  TestInterceptedTransaction_CheckValidityOfRelayedTxV3
=== CONT  TestTxProcessor_ProcessTxFeeCrossShardSCCall
--- PASS: TestTxProcessor_ProcessTxFeeCrossShardSCCall (0.00s)
=== CONT  TestInterceptedTransaction_CheckValidityOfRelayedTxV2
--- PASS: TestRelayTransaction_NotAddedToWhitelistUntilIntegrityChecked (0.00s)
=== CONT  TestInterceptedTransaction_CheckValidityOfRelayedTxShouldConsiderMoveBalance
--- PASS: TestInterceptedTransaction_CheckValidityOfRelayedTxV2 (0.00s)
=== CONT  TestInterceptedTransaction_CheckValidityOfRelayedTx
--- PASS: TestInterceptedTransaction_CheckValidityOfRelayedTxShouldConsiderMoveBalance (0.00s)
=== CONT  TestInterceptedTransaction_CheckValiditySecondTimeDoesNotVerifySig
--- PASS: TestInterceptedTransaction_CheckValiditySecondTimeDoesNotVerifySig (0.00s)
=== CONT  TestInterceptedTransaction_GetSenderAddress
--- PASS: TestInterceptedTransaction_GetSenderAddress (0.00s)
=== CONT  TestInterceptedTransaction_SenderShardId
--- PASS: TestInterceptedTransaction_SenderShardId (0.00s)
=== CONT  TestInterceptedTransaction_GetNonce
--- PASS: TestInterceptedTransaction_GetNonce (0.00s)
=== CONT  TestInterceptedTransaction_ScTxDeployRecvShardIdShouldBeSendersShardId
--- PASS: TestInterceptedTransaction_ScTxDeployRecvShardIdShouldBeSendersShardId (0.00s)
=== CONT  TestInterceptedTransaction_OkValsGettersShouldWork
--- PASS: TestInterceptedTransaction_CheckValidityOfRelayedTx (0.00s)
=== CONT  TestInterceptedTransaction_CheckValiditySignedWithHashShouldWork
--- PASS: TestInterceptedTransaction_OkValsGettersShouldWork (0.00s)
=== CONT  TestInterceptedTransaction_CheckValidityOkValsShouldWork
--- PASS: TestInterceptedTransaction_CheckValiditySignedWithHashShouldWork (0.00s)
--- PASS: TestTxProcessor_ProcessRelayedTransactionDisabled (0.00s)
--- PASS: TestTxProcessor_ProcessRelayedTransactionV2InvalidParamCountShouldErr (0.00s)
--- PASS: TestTxProcessor_ProcessUserTxOfTypeBuiltInFunctionCallShouldWork (0.00s)
--- PASS: TestTxProcessor_ProcessUserTxOfTypeSCInvokingShouldWork (0.00s)
--- PASS: TestTxProcessor_ProcessRelayedTransactionV2ArgsParserShouldErr (0.00s)
--- PASS: TestTxProcessor_ProcessUserTxOfTypeSCDeploymentShouldWork (0.00s)
--- PASS: TestTxProcessor_ProcessUserTxOfTypeRelayedShouldError (0.00s)
--- PASS: TestTxProcessor_IsCrossTxFromMeShouldWork (0.00s)
--- PASS: TestTxProcessor_ProcessUserTxOfTypeMoveBalanceShouldWork (0.00s)
--- PASS: TestTxProcessor_ProcessRelayedTransactionV2NotActiveShouldErr (0.00s)
--- PASS: TestTxProcessor_ProcessTransactionShouldTreatAsInvalidTxIfTxTypeIsWrong (0.00s)
--- PASS: TestMetaTxProcessor_ProcessTransactionScTxShouldReturnErrWhenExecutionFails (0.00s)
--- PASS: TestTxProcessor_ProcessTransactionShouldReturnErrForInvalidMetaTx (0.00s)
--- PASS: TestTxProcessor_IsInterfaceNil (0.00s)
--- PASS: TestTxProcessor_ProcessTxFeeSCInvokeUserTx (0.00s)
--- PASS: TestTxProcessor_ProcessTxFeeCrossShardMoveBalance (0.00s)
--- PASS: TestTxProcessor_ProcessTxFeeMoveBalanceUserTx (0.00s)
--- PASS: TestTxProcessor_ProcessTxFeeIntraShard (0.00s)
--- PASS: TestTxProcessor_ProcessTransactionScTxShouldNotBeCalledWhenAdrDstIsNotInNodeShard (0.00s)
--- PASS: TestTxProcessor_ProcessTransactionScTxShouldReturnErrWhenExecutionFails (0.00s)
--- PASS: TestTxProcessor_ProcessTransactionScTxShouldWork (0.00s)
--- PASS: TestTxProcessor_ProcessTransactionScDeployTxShouldWork (0.00s)
--- PASS: TestTxProcessor_ProcessTransactionBuiltInFunctionCallShouldWork (0.00s)
--- PASS: TestTxProcessor_ProcessOkValsShouldWork (0.00s)
--- PASS: TestTxProcessor_ProcessMoveBalancesShouldWork (0.00s)
--- PASS: TestTxProcessor_ProcessMoveBalanceToSmartPayableContract (0.00s)
--- PASS: TestTxProcessor_ProcessWithUsernameMismatchAndSCProcessErrorShouldError (0.00s)
--- PASS: TestTxProcessor_ProcessWithUsernameMismatchCreateReceiptErr (0.00s)
--- PASS: TestTxProcessor_ProcessWithInsufficientFundsShouldCreateReceiptErr (0.00s)
--- PASS: TestTxProcessor_ProcessWithWrongAssertionShouldErr (0.00s)
--- PASS: TestTxProcessor_ProcessWithTxFeeHandlerInsufficientFeeShouldErr (0.00s)
--- PASS: TestTxProcessor_ProcessWithTxFeeHandlerCheckErrorShouldErr (0.00s)
--- PASS: TestTxProcessor_ProcessCheckShouldPassWhenAdrSrcIsNotInNodeShard (0.00s)
--- PASS: TestTxProcessor_ProcessCheckNotPassShouldErr (0.00s)
--- PASS: TestTxProcessor_ProcessMoveBalancesShouldPassWhenAdrSrcIsNotInNodeShard (0.00s)
--- PASS: TestTxProcessor_ProcessTransactionMalfunctionAccountsShouldErr (0.00s)
--- PASS: TestTxProcessor_ProcessTransactionNilTxShouldErr (0.00s)
--- PASS: TestTxProcessor_IncreaseNonceOkValsShouldWork (0.00s)
--- PASS: TestTxProcessor_CheckTxValuesOkValsShouldErr (0.00s)
--- PASS: TestTxProcessor_CheckTxValuesCorrectUserNamesShouldWork (0.00s)
--- PASS: TestTxProcessor_CheckTxValuesMismatchedReceiverUsernamesShouldErr (0.00s)
--- PASS: TestTxProcessor_CheckTxValuesInsufficientFundsShouldErr (0.00s)
--- PASS: TestTxProcessor_CheckTxValuesLowerNonceShouldErr (0.00s)
--- PASS: TestTxProcessor_CheckTxValuesHigherNonceShouldErr (0.00s)
--- PASS: TestTxProcessor_GetSameAccountShouldWork (0.00s)
--- PASS: TestTxProcessor_CheckTxValuesMismatchedSenderUsernamesShouldErr (0.00s)
--- PASS: TestTxProcessor_GetAccountsOkValsShouldWork (0.00s)
=== CONT  TestInterceptedTransaction_CheckValidityInvalidVersionShouldErr
=== CONT  TestNewInterceptedTransaction_UnmarshalingTxFailsShouldErr
=== RUN   TestTxProcessor_ProcessRelayedTransactionV3/flag_not_active_should_error
=== CONT  TestInterceptedTransaction_TransactionWithNilChainIDShouldErr
=== CONT  TestTxProcessor_ProcessMoveBalanceToNonPayableContract
=== CONT  TestTxProcessor_ProcessRelayedTransactionGasPriceMismatchShouldError
=== CONT  TestTxProcessor_ProcessRelayedTransactionSmallerValueInnerTxShouldError
=== CONT  TestInterceptedTransaction_CheckValidityWrongChainIDShouldErr
=== CONT  TestInterceptedTransaction_CheckValidityVerifyFailsShouldErr
=== CONT  TestInterceptedTransaction_CheckValidityInvalidSenderShouldErr
=== CONT  TestNewInterceptedTransaction_InsufficientFeeShouldErr
=== CONT  TestInterceptedTransaction_CheckValidityNilNegativeValueShouldErr
=== CONT  TestInterceptedTransaction_CheckValidityInvalidUserNameLength
=== CONT  TestInterceptedTransaction_CheckValidityNilValueShouldErr
=== CONT  TestInterceptedTransaction_CheckValidityInvalidSenderAddressShouldErr
=== CONT  TestInterceptedTransaction_CheckValidityNilSenderAddressShouldErr
=== CONT  TestInterceptedTransaction_CheckValidityInvalidRecvAddressShouldErr
=== CONT  TestInterceptedTransaction_CheckValidityNilRecvAddressShouldErr
=== CONT  TestInterceptedTransaction_CheckValidityNilSignatureShouldErr
=== CONT  TestNewInterceptedTransaction_ShouldWork
=== CONT  TestNewInterceptedTransaction_NilSignerShouldErr
=== CONT  TestNewInterceptedTransaction_NilEnableEpochsHandlerShouldErr
=== CONT  TestNewInterceptedTransaction_NilTxSignHasherShouldErr
=== CONT  TestNewInterceptedTransaction_InvalidChainIDShouldErr
=== CONT  TestNewInterceptedTransaction_NilWhiteListerVerifiedTxsShouldErr
=== CONT  TestNewInterceptedTransaction_NilFeeHandlerShouldErr
--- PASS: TestTxProcessor_GetAccountsOkValsDsthouldWork (0.00s)
--- PASS: TestNewInterceptedTransaction_NilFeeHandlerShouldErr (0.00s)
=== CONT  TestNewInterceptedTransaction_NilPubkeyConverterShouldErr
--- PASS: TestNewInterceptedTransaction_InvalidChainIDShouldErr (0.00s)
--- PASS: TestTxProcessor_GetAccountsMalfunctionAccountsShouldErr (0.00s)
=== CONT  TestNewInterceptedTransaction_NilMarshalizerShouldErr
=== CONT  TestNewInterceptedTransaction_NilCoordinatorShouldErr
=== CONT  TestNewInterceptedTransaction_NilHasherShouldErr
=== CONT  TestNewInterceptedTransaction_NilSignMarshalizerShouldErr
=== CONT  TestNewInterceptedTransaction_NilArgsParser
=== CONT  TestNewInterceptedTransaction_NilVersionChecker
=== CONT  TestNewInterceptedTransaction_NilBufferShouldErr
=== CONT  TestTxProcessor_AddNonExecutableLog/not_a_non-executable_error_should_not_record_log
=== CONT  TestTxProcessor_AddNonExecutableLog/is_non_executable_tx_error_should_record_log
=== CONT  TestBaseTxProcessor_VerifyGuardian/nil_account_should_not_error
=== CONT  TestBaseTxProcessor_VerifyGuardian/should_work
=== CONT  TestBaseTxProcessor_VerifyGuardian/guardian_address_mismatch_should_error
=== CONT  TestBaseTxProcessor_VerifyGuardian/get_active_guardian_fails_should_error
=== CONT  TestBaseTxProcessor_VerifyGuardian/not_guarded_account_with_not_guarded_tx_should_work
=== CONT  TestBaseTxProcessor_VerifyGuardian/not_guarded_account_with_guarded_tx_should_error
=== CONT  TestBaseTxProcessor_VerifyGuardian/guarded_account_with_a_not_guarded_transaction_should_error
=== CONT  TestNewInterceptedTransaction_NilKeyGenShouldErr
=== CONT  TestNewTxProcessor_NilPubkeyConverterMockShouldErr
=== CONT  TestTxProcessor_ProcessRelayedTransactionMultipleArgumentsShouldError
=== CONT  TestTxProcessor_ExecuteFailingRelayedTxShouldNotHaveNegativeFee
=== CONT  TestTxProcessor_ProcessRelayedTransactionV2
=== CONT  TestTxProcessor_ProcessRelayedTransactionGasLimitMismatchShouldError
=== CONT  TestTxProcessor_ProcessRelayedTransactionDifferentSenderInInnerTxThanReceiverShouldError
--- PASS: TestTxProcessor_GetAccountsShouldErrNilAddressContainer (0.00s)
--- PASS: TestNewTxProcessor_OkValsShouldWork (0.00s)
--- PASS: TestNewTxProcessor_NilTxVersionCheckerShouldErr (0.00s)
--- PASS: TestNewTxProcessor_NilGuardianCheckerShouldErr (0.00s)
--- PASS: TestNewTxProcessor_NilEnableRoundsHandlerShouldErr (0.00s)
--- PASS: TestNewTxProcessor_NilTxLogsProcessorShouldErr (0.00s)
--- PASS: TestNewTxProcessor_InvalidEnableEpochsHandlerShouldErr (0.00s)
--- PASS: TestInterceptedTransaction_TransactionWithNilChainIDShouldErr (0.00s)
=== CONT  TestTxProcessor_shouldIncreaseNonce
--- PASS: TestNewTxProcessor_NilEnableEpochsHandlerShouldErr (0.00s)
--- PASS: TestNewTxProcessor_NilSignMarshalizerShouldErr (0.00s)
--- PASS: TestNewTxProcessor_NilScrForwarderShouldErr (0.00s)
--- PASS: TestNewTxProcessor_NilArgsParserShouldErr (0.00s)
--- PASS: TestNewTxProcessor_NilTxFeeHandlerShouldErr (0.00s)
--- PASS: TestNewTxProcessor_NilReceiptForwarderShouldErr (0.00s)
--- PASS: TestNewTxProcessor_NilBadTxForwarderShouldErr (0.00s)
--- PASS: TestNewTxProcessor_NilTxTypeHandlerShouldErr (0.00s)
--- PASS: TestNewTxProcessor_NilEconomicsFeeHandlerShouldErr (0.00s)
--- PASS: TestNewTxProcessor_NilSCProcessorShouldErr (0.00s)
--- PASS: TestNewTxProcessor_NilShardCoordinatorMockShouldErr (0.00s)
--- PASS: TestNewTxProcessor_NilMarshalizerMockShouldErr (0.00s)
--- PASS: TestNewTxProcessor_NilHasherShouldErr (0.00s)
--- PASS: TestNewTxProcessor_NilAccountsShouldErr (0.00s)
--- PASS: TestMetaTxProcessor_ProcessTransactionWithInvalidUsernameShouldNotError (0.00s)
--- PASS: TestMetaTxProcessor_ProcessTransactionScTxShouldNotBeCalledWhenAdrDstIsNotInNodeShard (0.00s)
--- PASS: TestTxProcessor_ProcessRelayedTransactionFailUnMarshalInnerShouldError (0.00s)
--- PASS: TestMetaTxProcessor_ProcessTransactionBuiltInCallTxShouldWork (0.00s)
--- PASS: TestMetaTxProcessor_ProcessMoveBalancesShouldCallProcessIfError (0.00s)
--- PASS: TestMetaTxProcessor_ProcessTransactionMalfunctionAccountsShouldErr (0.00s)
--- PASS: TestMetaTxProcessor_ProcessCheckNotPassShouldErr (0.00s)
--- PASS: TestMetaTxProcessor_ProcessTransactionNilTxShouldErr (0.00s)
--- PASS: TestNewMetaTxProcessor_OkValsShouldWork (0.00s)
--- PASS: TestNewMetaTxProcessor_InvalidEnableEpochsHandlerShouldErr (0.00s)
--- PASS: TestInterceptedTransaction_CheckValiditySignedWithHashButNotEnabled (0.00s)
--- PASS: TestNewMetaTxProcessor_NilEnableEpochsHandlerShouldErr (0.00s)
--- PASS: TestNewMetaTxProcessor_NilTxTypeHandlerShouldErr (0.00s)
--- PASS: TestNewMetaTxProcessor_NilSCProcessorShouldErr (0.00s)
--- PASS: TestNewMetaTxProcessor_NilTxFeeHandlerShouldErr (0.00s)
--- PASS: TestNewMetaTxProcessor_NilPubkeyConverterMockShouldErr (0.00s)
--- PASS: TestNewMetaTxProcessor_NilAccountsShouldErr (0.00s)
--- PASS: TestNewMetaTxProcessor_NilShardCoordinatorMockShouldErr (0.00s)
--- PASS: TestInterceptedTransaction_CheckValidityOkValsShouldWork (0.00s)
--- PASS: TestTxProcessor_ProcessUserTxErrNotPayableShouldFailRelayTx (0.00s)
--- PASS: TestInterceptedTransaction_CheckValidityOfRelayedTxV3 (0.00s)
--- PASS: TestInterceptedTransaction_CheckValidityInvalidVersionShouldErr (0.00s)
--- PASS: TestTxProcessor_ProcessRelayedTransactionSmallerValueInnerTxShouldError (0.00s)
--- PASS: TestInterceptedTransaction_CheckValidityWrongChainIDShouldErr (0.00s)
--- PASS: TestInterceptedTransaction_CheckValidityVerifyFailsShouldErr (0.00s)
--- PASS: TestInterceptedTransaction_CheckValidityInvalidSenderShouldErr (0.00s)
--- PASS: TestNewInterceptedTransaction_InsufficientFeeShouldErr (0.00s)
--- PASS: TestInterceptedTransaction_CheckValidityNilNegativeValueShouldErr (0.00s)
--- PASS: TestInterceptedTransaction_CheckValidityNilValueShouldErr (0.00s)
--- PASS: TestInterceptedTransaction_CheckValidityInvalidUserNameLength (0.00s)
--- PASS: TestInterceptedTransaction_CheckValidityInvalidSenderAddressShouldErr (0.00s)
--- PASS: TestInterceptedTransaction_CheckValidityInvalidRecvAddressShouldErr (0.00s)
--- PASS: TestInterceptedTransaction_CheckValidityNilSenderAddressShouldErr (0.00s)
--- PASS: TestInterceptedTransaction_CheckValidityNilRecvAddressShouldErr (0.00s)
--- PASS: TestInterceptedTransaction_CheckValidityNilSignatureShouldErr (0.00s)
--- PASS: TestNewInterceptedTransaction_NilSignerShouldErr (0.00s)
--- PASS: TestNewInterceptedTransaction_NilEnableEpochsHandlerShouldErr (0.00s)
--- PASS: TestNewInterceptedTransaction_NilTxSignHasherShouldErr (0.00s)
--- PASS: TestNewInterceptedTransaction_ShouldWork (0.00s)
--- PASS: TestNewInterceptedTransaction_NilWhiteListerVerifiedTxsShouldErr (0.00s)
--- PASS: TestTxProcessor_GetAccountsOkValsSrcShouldWork (0.00s)
--- PASS: TestNewInterceptedTransaction_NilPubkeyConverterShouldErr (0.00s)
--- PASS: TestNewInterceptedTransaction_UnmarshalingTxFailsShouldErr (0.00s)
--- PASS: TestNewInterceptedTransaction_NilMarshalizerShouldErr (0.00s)
--- PASS: TestNewInterceptedTransaction_NilCoordinatorShouldErr (0.00s)
--- PASS: TestNewInterceptedTransaction_NilHasherShouldErr (0.00s)
--- PASS: TestNewInterceptedTransaction_NilSignMarshalizerShouldErr (0.00s)
--- PASS: TestNewInterceptedTransaction_NilArgsParser (0.00s)
--- PASS: TestNewInterceptedTransaction_NilVersionChecker (0.00s)
--- PASS: TestNewInterceptedTransaction_NilBufferShouldErr (0.00s)
--- PASS: TestTxProcessor_AddNonExecutableLog (0.00s)
    --- PASS: TestTxProcessor_AddNonExecutableLog/not_a_non-executable_error_should_not_record_log (0.00s)
    --- PASS: TestTxProcessor_AddNonExecutableLog/is_non_executable_tx_error_should_record_log (0.00s)
=== RUN   TestTxProcessor_ProcessRelayedTransactionV3/relayer_not_in_the_same_shard_with_the_sender_should_error
--- PASS: TestBaseTxProcessor_VerifyGuardian (0.00s)
    --- PASS: TestBaseTxProcessor_VerifyGuardian/nil_account_should_not_error (0.00s)
    --- PASS: TestBaseTxProcessor_VerifyGuardian/should_work (0.00s)
    --- PASS: TestBaseTxProcessor_VerifyGuardian/guardian_address_mismatch_should_error (0.00s)
    --- PASS: TestBaseTxProcessor_VerifyGuardian/get_active_guardian_fails_should_error (0.00s)
    --- PASS: TestBaseTxProcessor_VerifyGuardian/not_guarded_account_with_not_guarded_tx_should_work (0.00s)
    --- PASS: TestBaseTxProcessor_VerifyGuardian/guarded_account_with_a_not_guarded_transaction_should_error (0.00s)
    --- PASS: TestBaseTxProcessor_VerifyGuardian/not_guarded_account_with_guarded_tx_should_error (0.00s)
--- PASS: TestNewTxProcessor_NilPubkeyConverterMockShouldErr (0.00s)
--- PASS: TestTxProcessor_ProcessMoveBalanceToNonPayableContract (0.00s)
--- PASS: TestTxProcessor_ExecuteFailingRelayedTxShouldNotHaveNegativeFee (0.00s)
--- PASS: TestTxProcessor_ProcessRelayedTransactionGasPriceMismatchShouldError (0.00s)
--- PASS: TestNewInterceptedTransaction_NilKeyGenShouldErr (0.00s)
--- PASS: TestMetaTxProcessor_ProcessTransactionScTxShouldWork (0.00s)
--- PASS: TestTxProcessor_ProcessRelayedTransactionMultipleArgumentsShouldError (0.00s)
=== RUN   TestTxProcessor_ProcessRelayedTransactionV3/guarded_relayer_account_should_error
=== RUN   TestTxProcessor_ProcessRelayedTransactionV3/same_guardian_and_relayer_should_error
=== RUN   TestTxProcessor_ProcessRelayedTransactionV3/insufficient_gas_limit_should_error
--- PASS: TestTxProcessor_ProcessRelayedTransactionV3 (0.01s)
    --- PASS: TestTxProcessor_ProcessRelayedTransactionV3/should_work (0.00s)
    --- PASS: TestTxProcessor_ProcessRelayedTransactionV3/flag_not_active_should_error (0.00s)
    --- PASS: TestTxProcessor_ProcessRelayedTransactionV3/relayer_not_in_the_same_shard_with_the_sender_should_error (0.00s)
    --- PASS: TestTxProcessor_ProcessRelayedTransactionV3/guarded_relayer_account_should_error (0.00s)
    --- PASS: TestTxProcessor_ProcessRelayedTransactionV3/same_guardian_and_relayer_should_error (0.00s)
    --- PASS: TestTxProcessor_ProcessRelayedTransactionV3/insufficient_gas_limit_should_error (0.00s)
--- PASS: TestTxProcessor_ProcessRelayedTransactionV2 (0.00s)
--- PASS: TestTxProcessor_ProcessRelayedTransactionGasLimitMismatchShouldError (0.00s)
--- PASS: TestTxProcessor_ProcessRelayedTransactionDifferentSenderInInnerTxThanReceiverShouldError (0.00s)
=== RUN   TestTxProcessor_shouldIncreaseNonce/fix_not_enabled,_should_return_true
=== RUN   TestTxProcessor_shouldIncreaseNonce/fix_enabled,_different_errors_should_return_true
=== RUN   TestTxProcessor_shouldIncreaseNonce/fix_enabled,_errors_for_an_un-executable_transaction_should_return_false
--- PASS: TestTxProcessor_shouldIncreaseNonce (0.00s)
    --- PASS: TestTxProcessor_shouldIncreaseNonce/fix_not_enabled,_should_return_true (0.00s)
    --- PASS: TestTxProcessor_shouldIncreaseNonce/fix_enabled,_different_errors_should_return_true (0.00s)
    --- PASS: TestTxProcessor_shouldIncreaseNonce/fix_enabled,_errors_for_an_un-executable_transaction_should_return_false (0.00s)
=== RUN   TestInterceptedTransaction_VerifyGuardianSig/nil_guardian_sig
=== RUN   TestInterceptedTransaction_checkMaxGasPrice/not_guarded_Tx,_not_setGuardian_always_OK
=== RUN   TestInterceptedTransaction_checkMaxGasPrice/not_guarded_Tx_with_setGuardian_call_and_price_lower_than_max_or_equal_OK
=== RUN   TestInterceptedTransaction_checkMaxGasPrice/not_guarded_Tx_with_setGuardian_call_and_price_higher_than_max_err
=== RUN   TestInterceptedTransaction_VerifyGuardianSig/normal_TX_with_not_empty_guardian_address
--- PASS: TestInterceptedTransaction_checkMaxGasPrice (0.01s)
    --- PASS: TestInterceptedTransaction_checkMaxGasPrice/guardedTx_returns_always_OK_no_matter_the_gas_price (0.00s)
    --- PASS: TestInterceptedTransaction_checkMaxGasPrice/not_guarded_Tx,_not_setGuardian_always_OK (0.00s)
    --- PASS: TestInterceptedTransaction_checkMaxGasPrice/not_guarded_Tx_with_setGuardian_call_and_price_lower_than_max_or_equal_OK (0.00s)
    --- PASS: TestInterceptedTransaction_checkMaxGasPrice/not_guarded_Tx_with_setGuardian_call_and_price_higher_than_max_err (0.00s)
=== RUN   TestInterceptedTransaction_VerifyGuardianSig/normal_TX_with_guardian_sig
=== RUN   TestInterceptedTransaction_VerifyGuardianSig/wrong_guardian_sig
=== RUN   TestInterceptedTransaction_VerifyGuardianSig/correct_guardian_sig
--- PASS: TestInterceptedTransaction_VerifyGuardianSig (0.01s)
    --- PASS: TestInterceptedTransaction_VerifyGuardianSig/get_data_for_signing_with_error (0.00s)
    --- PASS: TestInterceptedTransaction_VerifyGuardianSig/nil_guardian_sig (0.00s)
    --- PASS: TestInterceptedTransaction_VerifyGuardianSig/normal_TX_with_not_empty_guardian_address (0.00s)
    --- PASS: TestInterceptedTransaction_VerifyGuardianSig/normal_TX_with_guardian_sig (0.00s)
    --- PASS: TestInterceptedTransaction_VerifyGuardianSig/wrong_guardian_sig (0.00s)
    --- PASS: TestInterceptedTransaction_VerifyGuardianSig/correct_guardian_sig (0.00s)
PASS
ok  	github.com/TerraDharitri/drt-go-chain/process/transaction	(cached)
=== RUN   TestNewReadOnlyAccountsDB_NilOriginalAccountsDBShouldErr
=== PAUSE TestNewReadOnlyAccountsDB_NilOriginalAccountsDBShouldErr
=== RUN   TestNewReadOnlyAccountsDB
=== PAUSE TestNewReadOnlyAccountsDB
=== RUN   TestReadOnlyAccountsDB_WriteOperationsShouldNotCalled
=== PAUSE TestReadOnlyAccountsDB_WriteOperationsShouldNotCalled
=== RUN   TestReadOnlyAccountsDB_ReadOperationsShouldWork
=== PAUSE TestReadOnlyAccountsDB_ReadOperationsShouldWork
=== RUN   TestTransactionEvaluator_NilTxTypeHandler
=== PAUSE TestTransactionEvaluator_NilTxTypeHandler
=== RUN   TestTransactionEvaluator_NilBlockChain
=== PAUSE TestTransactionEvaluator_NilBlockChain
=== RUN   TestTransactionEvaluator_NilFeeHandlerShouldErr
=== PAUSE TestTransactionEvaluator_NilFeeHandlerShouldErr
=== RUN   TestTransactionEvaluator_NilTransactionSimulatorShouldErr
=== PAUSE TestTransactionEvaluator_NilTransactionSimulatorShouldErr
=== RUN   TestTransactionEvaluator_NilEnableEpochsHandlerShouldErr
=== PAUSE TestTransactionEvaluator_NilEnableEpochsHandlerShouldErr
=== RUN   TestTransactionEvaluator_InvalidEnableEpochsHandlerShouldErr
=== PAUSE TestTransactionEvaluator_InvalidEnableEpochsHandlerShouldErr
=== RUN   TestTransactionEvaluator_Ok
=== PAUSE TestTransactionEvaluator_Ok
=== RUN   TestComputeTransactionGasLimit_MoveBalance
=== PAUSE TestComputeTransactionGasLimit_MoveBalance
=== RUN   TestComputeTransactionGasLimit_MoveBalanceInvalidNonceShouldStillComputeCost
=== PAUSE TestComputeTransactionGasLimit_MoveBalanceInvalidNonceShouldStillComputeCost
=== RUN   TestSimulateSCRCost
=== PAUSE TestSimulateSCRCost
=== RUN   TestComputeTransactionGasLimit_BuiltInFunction
--- PASS: TestComputeTransactionGasLimit_BuiltInFunction (0.00s)
=== RUN   TestComputeTransactionGasLimit_BuiltInFunctionShouldErr
--- PASS: TestComputeTransactionGasLimit_BuiltInFunctionShouldErr (0.00s)
=== RUN   TestComputeTransactionGasLimit_NilVMOutput
--- PASS: TestComputeTransactionGasLimit_NilVMOutput (0.00s)
=== RUN   TestComputeTransactionGasLimit_RetCodeNotOk
--- PASS: TestComputeTransactionGasLimit_RetCodeNotOk (0.00s)
=== RUN   TestTransactionEvaluator_RelayedTxShouldErr
=== PAUSE TestTransactionEvaluator_RelayedTxShouldErr
=== RUN   TestExtractGasRemainedFromMessage
=== PAUSE TestExtractGasRemainedFromMessage
=== RUN   TestExtractGasUsedFromMessage
=== PAUSE TestExtractGasUsedFromMessage
=== RUN   TestApiTransactionEvaluator_SimulateTransactionExecution
=== PAUSE TestApiTransactionEvaluator_SimulateTransactionExecution
=== RUN   TestApiTransactionEvaluator_ComputeTransactionGasLimit
=== PAUSE TestApiTransactionEvaluator_ComputeTransactionGasLimit
=== RUN   TestApiTransactionEvaluator_GetCurrentHeader
=== PAUSE TestApiTransactionEvaluator_GetCurrentHeader
=== RUN   TestNewTransactionSimulator
=== RUN   TestNewTransactionSimulator/NilShardCoordinator
=== RUN   TestNewTransactionSimulator/NilTransactionProcessor
=== RUN   TestNewTransactionSimulator/NilIntermProcessorContainer
=== RUN   TestNewTransactionSimulator/NilPubkeyConverter
=== RUN   TestNewTransactionSimulator/NilHasher
=== RUN   TestNewTransactionSimulator/NilBlockChainHook
=== RUN   TestNewTransactionSimulator/NilMarshalizer
=== RUN   TestNewTransactionSimulator/NilVMOutputCacher
=== RUN   TestNewTransactionSimulator/NilSCRProcessor
=== RUN   TestNewTransactionSimulator/Ok
--- PASS: TestNewTransactionSimulator (0.00s)
    --- PASS: TestNewTransactionSimulator/NilShardCoordinator (0.00s)
    --- PASS: TestNewTransactionSimulator/NilTransactionProcessor (0.00s)
    --- PASS: TestNewTransactionSimulator/NilIntermProcessorContainer (0.00s)
    --- PASS: TestNewTransactionSimulator/NilPubkeyConverter (0.00s)
    --- PASS: TestNewTransactionSimulator/NilHasher (0.00s)
    --- PASS: TestNewTransactionSimulator/NilBlockChainHook (0.00s)
    --- PASS: TestNewTransactionSimulator/NilMarshalizer (0.00s)
    --- PASS: TestNewTransactionSimulator/NilVMOutputCacher (0.00s)
    --- PASS: TestNewTransactionSimulator/NilSCRProcessor (0.00s)
    --- PASS: TestNewTransactionSimulator/Ok (0.00s)
=== RUN   TestTransactionSimulator_ProcessTxProcessingErrShouldSignal
=== PAUSE TestTransactionSimulator_ProcessTxProcessingErrShouldSignal
=== RUN   TestTransactionSimulator_ProcessSCR
=== PAUSE TestTransactionSimulator_ProcessSCR
=== RUN   TestTransactionSimulator_getVMOutputComputeHashFails
=== PAUSE TestTransactionSimulator_getVMOutputComputeHashFails
=== RUN   TestTransactionSimulator_getVMOutput
=== PAUSE TestTransactionSimulator_getVMOutput
=== RUN   TestTransactionSimulator_ProcessTxShouldIncludeScrsAndReceipts
=== PAUSE TestTransactionSimulator_ProcessTxShouldIncludeScrsAndReceipts
=== RUN   TestTransactionSimulator_ProcessTxConcurrentCalls
=== PAUSE TestTransactionSimulator_ProcessTxConcurrentCalls
=== CONT  TestNewReadOnlyAccountsDB_NilOriginalAccountsDBShouldErr
--- PASS: TestNewReadOnlyAccountsDB_NilOriginalAccountsDBShouldErr (0.00s)
=== CONT  TestTransactionSimulator_ProcessTxConcurrentCalls
=== CONT  TestSimulateSCRCost
--- PASS: TestSimulateSCRCost (0.00s)
=== CONT  TestApiTransactionEvaluator_ComputeTransactionGasLimit
--- PASS: TestApiTransactionEvaluator_ComputeTransactionGasLimit (0.00s)
=== CONT  TestApiTransactionEvaluator_SimulateTransactionExecution
--- PASS: TestApiTransactionEvaluator_SimulateTransactionExecution (0.00s)
=== CONT  TestExtractGasUsedFromMessage
=== CONT  TestApiTransactionEvaluator_GetCurrentHeader
--- PASS: TestApiTransactionEvaluator_GetCurrentHeader (0.00s)
=== CONT  TestTransactionSimulator_ProcessSCR
[0;33mWARN [0m[2026-03-16 10:14:11.681]   extractGasRemainedFromMessage            [0;33merror[0m = cannot split message [0;33mmessage[0m =  
[0;33mWARN [0m[2026-03-16 10:14:11.681]   extractGasRemainedFromMessage            [0;33merror[0m = strconv.ParseUint: parsing "wrong": invalid syntax 
--- PASS: TestExtractGasUsedFromMessage (0.00s)
=== CONT  TestExtractGasRemainedFromMessage
[0;33mWARN [0m[2026-03-16 10:14:11.681]   extractGasRemainedFromMessage            [0;33merror[0m = cannot split message [0;33mmessage[0m =  
[0;33mWARN [0m[2026-03-16 10:14:11.681]   extractGasRemainedFromMessage            [0;33merror[0m = strconv.ParseUint: parsing "wrong": invalid syntax 
=== CONT  TestTransactionSimulator_getVMOutputComputeHashFails
=== CONT  TestTransactionSimulator_ProcessTxShouldIncludeScrsAndReceipts
=== CONT  TestTransactionSimulator_ProcessTxProcessingErrShouldSignal
=== CONT  TestTransactionEvaluator_NilTransactionSimulatorShouldErr
=== CONT  TestComputeTransactionGasLimit_MoveBalanceInvalidNonceShouldStillComputeCost
=== CONT  TestComputeTransactionGasLimit_MoveBalance
=== CONT  TestTransactionEvaluator_NilEnableEpochsHandlerShouldErr
=== CONT  TestTransactionEvaluator_Ok
=== CONT  TestTransactionEvaluator_NilTxTypeHandler
--- PASS: TestExtractGasRemainedFromMessage (0.00s)
--- PASS: TestTransactionSimulator_getVMOutputComputeHashFails (0.00s)
--- PASS: TestTransactionEvaluator_NilTxTypeHandler (0.00s)
=== CONT  TestTransactionEvaluator_RelayedTxShouldErr
--- PASS: TestComputeTransactionGasLimit_MoveBalanceInvalidNonceShouldStillComputeCost (0.00s)
--- PASS: TestComputeTransactionGasLimit_MoveBalance (0.00s)
--- PASS: TestTransactionEvaluator_NilEnableEpochsHandlerShouldErr (0.00s)
--- PASS: TestTransactionEvaluator_RelayedTxShouldErr (0.00s)
=== CONT  TestTransactionEvaluator_NilFeeHandlerShouldErr
--- PASS: TestTransactionSimulator_ProcessTxShouldIncludeScrsAndReceipts (0.00s)
--- PASS: TestTransactionEvaluator_Ok (0.00s)
--- PASS: TestTransactionSimulator_ProcessTxProcessingErrShouldSignal (0.00s)
--- PASS: TestTransactionEvaluator_NilTransactionSimulatorShouldErr (0.00s)
=== CONT  TestTransactionEvaluator_NilBlockChain
--- PASS: TestTransactionEvaluator_NilFeeHandlerShouldErr (0.00s)
=== CONT  TestTransactionEvaluator_InvalidEnableEpochsHandlerShouldErr
=== CONT  TestReadOnlyAccountsDB_ReadOperationsShouldWork
--- PASS: TestTransactionEvaluator_NilBlockChain (0.00s)
=== CONT  TestReadOnlyAccountsDB_WriteOperationsShouldNotCalled
--- PASS: TestReadOnlyAccountsDB_WriteOperationsShouldNotCalled (0.00s)
=== CONT  TestNewReadOnlyAccountsDB
--- PASS: TestReadOnlyAccountsDB_ReadOperationsShouldWork (0.00s)
--- PASS: TestNewReadOnlyAccountsDB (0.00s)
--- PASS: TestTransactionEvaluator_InvalidEnableEpochsHandlerShouldErr (0.00s)
--- PASS: TestTransactionSimulator_ProcessSCR (0.00s)
=== CONT  TestTransactionSimulator_getVMOutput
--- PASS: TestTransactionSimulator_getVMOutput (0.00s)
--- PASS: TestTransactionSimulator_ProcessTxConcurrentCalls (0.01s)
PASS
ok  	github.com/TerraDharitri/drt-go-chain/process/transactionEvaluator	(cached)
=== RUN   TestNewPrintTxLogProcessor
=== PAUSE TestNewPrintTxLogProcessor
=== RUN   TestPrintTxLogProcessor_SaveLog
[0;36mDEBUG[0m[2026-03-16 10:14:11.680]   printTxLogProcessor.SaveLog              [0;36mtransaction hash[0m = 68617368 
[0;36mDEBUG[0m[2026-03-16 10:14:11.680]   printTxLogProcessor.entry                [0;36midentifier[0m = identifier [0;36maddress[0m = 61646472 [0;36mtopics[0m =  topic 1 topic 2 
--- PASS: TestPrintTxLogProcessor_SaveLog (0.00s)
=== RUN   TestNewTxLogProcessor_NilParameters
--- PASS: TestNewTxLogProcessor_NilParameters (0.00s)
=== RUN   TestTxLogProcessor_SaveLogsNilTxHash
--- PASS: TestTxLogProcessor_SaveLogsNilTxHash (0.00s)
=== RUN   TestTxLogProcessor_SaveLogsNilTx
--- PASS: TestTxLogProcessor_SaveLogsNilTx (0.00s)
=== RUN   TestTxLogProcessor_SaveLogsEmptyLogsReturnsNil
--- PASS: TestTxLogProcessor_SaveLogsEmptyLogsReturnsNil (0.00s)
=== RUN   TestTxLogProcessor_Clean
=== PAUSE TestTxLogProcessor_Clean
=== RUN   TestTxLogProcessor_SaveLogsMarshalErr
--- PASS: TestTxLogProcessor_SaveLogsMarshalErr (0.00s)
=== RUN   TestTxLogProcessor_SaveLogsStoreErr
--- PASS: TestTxLogProcessor_SaveLogsStoreErr (0.00s)
=== RUN   TestTxLogProcessor_SaveLogsCallsPutWithMarshalBuff
--- PASS: TestTxLogProcessor_SaveLogsCallsPutWithMarshalBuff (0.00s)
=== RUN   TestTxLogProcessor_GetLogErrNotFound
--- PASS: TestTxLogProcessor_GetLogErrNotFound (0.00s)
=== RUN   TestTxLogProcessor_GetLogUnmarshalErr
--- PASS: TestTxLogProcessor_GetLogUnmarshalErr (0.00s)
=== RUN   TestTxLogProcessor_GetLogFromCache
--- PASS: TestTxLogProcessor_GetLogFromCache (0.00s)
=== RUN   TestTxLogProcessor_GetLogFromCacheNotInCacheShouldReturnFromStorage
=== PAUSE TestTxLogProcessor_GetLogFromCacheNotInCacheShouldReturnFromStorage
=== RUN   TestTxLogProcessor_IsInterfaceNil
=== PAUSE TestTxLogProcessor_IsInterfaceNil
=== CONT  TestNewPrintTxLogProcessor
--- PASS: TestNewPrintTxLogProcessor (0.00s)
=== CONT  TestTxLogProcessor_IsInterfaceNil
--- PASS: TestTxLogProcessor_IsInterfaceNil (0.00s)
=== CONT  TestTxLogProcessor_GetLogFromCacheNotInCacheShouldReturnFromStorage
--- PASS: TestTxLogProcessor_GetLogFromCacheNotInCacheShouldReturnFromStorage (0.00s)
=== CONT  TestTxLogProcessor_Clean
--- PASS: TestTxLogProcessor_Clean (0.00s)
PASS
ok  	github.com/TerraDharitri/drt-go-chain/process/transactionLog	(cached)
=== RUN   TestNewTxsSenderWithAccumulator
=== PAUSE TestNewTxsSenderWithAccumulator
=== RUN   TestTxsSender_SendBulkTransactions
=== PAUSE TestTxsSender_SendBulkTransactions
=== RUN   TestTxsSender_sendFromTxAccumulatorSendOneTxOneSCRExpectOnlyTxToBeSent
=== PAUSE TestTxsSender_sendFromTxAccumulatorSendOneTxOneSCRExpectOnlyTxToBeSent
=== RUN   TestTxsSender_sendBulkTransactionsSendTwoTxsFailToMarshallOneExpectOnlyOneTxSend
=== PAUSE TestTxsSender_sendBulkTransactionsSendTwoTxsFailToMarshallOneExpectOnlyOneTxSend
=== RUN   TestTxsSender_sendBulkTransactionsFromShardCannotPackDataExpectError
=== PAUSE TestTxsSender_sendBulkTransactionsFromShardCannotPackDataExpectError
=== RUN   TestTxsSender_SendBulkTransactionsNoTxToProcessExpectError
=== PAUSE TestTxsSender_SendBulkTransactionsNoTxToProcessExpectError
=== CONT  TestNewTxsSenderWithAccumulator
--- PASS: TestNewTxsSenderWithAccumulator (0.00s)
=== CONT  TestTxsSender_SendBulkTransactionsNoTxToProcessExpectError
--- PASS: TestTxsSender_SendBulkTransactionsNoTxToProcessExpectError (0.00s)
=== CONT  TestTxsSender_sendBulkTransactionsFromShardCannotPackDataExpectError
--- PASS: TestTxsSender_sendBulkTransactionsFromShardCannotPackDataExpectError (0.00s)
=== CONT  TestTxsSender_sendBulkTransactionsSendTwoTxsFailToMarshallOneExpectOnlyOneTxSend
[0;33mWARN [0m[2026-03-16 10:14:11.680]   txsSender.sendBulkTransactions           [0;33mmarshaller error[0m = error marshal tx2 
=== CONT  TestTxsSender_sendFromTxAccumulatorSendOneTxOneSCRExpectOnlyTxToBeSent
=== CONT  TestTxsSender_SendBulkTransactions
--- PASS: TestTxsSender_sendFromTxAccumulatorSendOneTxOneSCRExpectOnlyTxToBeSent (0.02s)
--- PASS: TestTxsSender_sendBulkTransactionsSendTwoTxsFailToMarshallOneExpectOnlyOneTxSend (0.02s)
--- PASS: TestTxsSender_SendBulkTransactions (1.50s)
PASS
ok  	github.com/TerraDharitri/drt-go-chain/process/txsSender	(cached)
=== RUN   TestNewStatusComputer
--- PASS: TestNewStatusComputer (0.00s)
=== RUN   TestNewStatusComputer_NilStoreShouldError
--- PASS: TestNewStatusComputer_NilStoreShouldError (0.00s)
=== RUN   TestNewStatusComputer_NilUint64ConverterShouldError
--- PASS: TestNewStatusComputer_NilUint64ConverterShouldError (0.00s)
=== RUN   TestStatusComputer_ComputeStatusWhenInStorageKnowingMiniblock
--- PASS: TestStatusComputer_ComputeStatusWhenInStorageKnowingMiniblock (0.00s)
=== RUN   TestStatusComputer_ComputeStatusWhenInStorageNotKnowingMiniblock
--- PASS: TestStatusComputer_ComputeStatusWhenInStorageNotKnowingMiniblock (0.00s)
=== RUN   TestStatusComputer_SetStatusIfIsRewardReverted
=== PAUSE TestStatusComputer_SetStatusIfIsRewardReverted
=== CONT  TestStatusComputer_SetStatusIfIsRewardReverted
[0;33mWARN [0m[2026-03-16 10:14:11.687]   cannot get header hash by nonce          [0;33merror[0m = StorerMock: not found; key = 000000000000000c, epoch = 0 
--- PASS: TestStatusComputer_SetStatusIfIsRewardReverted (0.00s)
PASS
ok  	github.com/TerraDharitri/drt-go-chain/process/txstatus	(cached)
=== RUN   TestNewInterceptedUnsignedTransaction_NilBufferShouldErr
=== PAUSE TestNewInterceptedUnsignedTransaction_NilBufferShouldErr
=== RUN   TestNewInterceptedUnsignedTransaction_NilMarshalizerShouldErr
=== PAUSE TestNewInterceptedUnsignedTransaction_NilMarshalizerShouldErr
=== RUN   TestNewInterceptedUnsignedTransaction_NilHasherShouldErr
=== PAUSE TestNewInterceptedUnsignedTransaction_NilHasherShouldErr
=== RUN   TestNewInterceptedUnsignedTransaction_NilPubkeyConverterShouldErr
=== PAUSE TestNewInterceptedUnsignedTransaction_NilPubkeyConverterShouldErr
=== RUN   TestNewInterceptedUnsignedTransaction_NilCoordinatorShouldErr
=== PAUSE TestNewInterceptedUnsignedTransaction_NilCoordinatorShouldErr
=== RUN   TestNewInterceptedUnsignedTransaction_UnmarshalingTxFailsShouldErr
=== PAUSE TestNewInterceptedUnsignedTransaction_UnmarshalingTxFailsShouldErr
=== RUN   TestNewInterceptedUnsignedTransaction_ShouldWork
=== PAUSE TestNewInterceptedUnsignedTransaction_ShouldWork
=== RUN   TestInterceptedUnsignedTransaction_CheckValidityNilTxHashShouldErr
=== PAUSE TestInterceptedUnsignedTransaction_CheckValidityNilTxHashShouldErr
=== RUN   TestInterceptedUnsignedTransaction_CheckValidityNilSenderAddressShouldErr
=== PAUSE TestInterceptedUnsignedTransaction_CheckValidityNilSenderAddressShouldErr
=== RUN   TestInterceptedUnsignedTransaction_CheckValidityNilRecvAddressShouldErr
=== PAUSE TestInterceptedUnsignedTransaction_CheckValidityNilRecvAddressShouldErr
=== RUN   TestInterceptedUnsignedTransaction_CheckValidityNilValueShouldErr
=== PAUSE TestInterceptedUnsignedTransaction_CheckValidityNilValueShouldErr
=== RUN   TestInterceptedUnsignedTransaction_CheckValidityNilNegativeValueShouldErr
=== PAUSE TestInterceptedUnsignedTransaction_CheckValidityNilNegativeValueShouldErr
=== RUN   TestInterceptedUnsignedTransaction_CheckValidityInvalidSenderShouldErr
=== PAUSE TestInterceptedUnsignedTransaction_CheckValidityInvalidSenderShouldErr
=== RUN   TestInterceptedUnsignedTransaction_CheckValidityShouldWork
=== PAUSE TestInterceptedUnsignedTransaction_CheckValidityShouldWork
=== RUN   TestInterceptedUnsignedTransaction_OkValsGettersShouldWork
=== PAUSE TestInterceptedUnsignedTransaction_OkValsGettersShouldWork
=== RUN   TestInterceptedTransaction_IsInterfaceNil
=== PAUSE TestInterceptedTransaction_IsInterfaceNil
=== RUN   TestInterceptedUnsignedTransaction_Type
=== PAUSE TestInterceptedUnsignedTransaction_Type
=== RUN   TestInterceptedUnsignedTransaction_String
=== PAUSE TestInterceptedUnsignedTransaction_String
=== CONT  TestNewInterceptedUnsignedTransaction_NilBufferShouldErr
--- PASS: TestNewInterceptedUnsignedTransaction_NilBufferShouldErr (0.00s)
=== CONT  TestInterceptedUnsignedTransaction_String
--- PASS: TestInterceptedUnsignedTransaction_String (0.00s)
=== CONT  TestInterceptedUnsignedTransaction_Type
--- PASS: TestInterceptedUnsignedTransaction_Type (0.00s)
=== CONT  TestInterceptedTransaction_IsInterfaceNil
--- PASS: TestInterceptedTransaction_IsInterfaceNil (0.00s)
=== CONT  TestInterceptedUnsignedTransaction_OkValsGettersShouldWork
--- PASS: TestInterceptedUnsignedTransaction_OkValsGettersShouldWork (0.00s)
=== CONT  TestInterceptedUnsignedTransaction_CheckValidityShouldWork
--- PASS: TestInterceptedUnsignedTransaction_CheckValidityShouldWork (0.00s)
=== CONT  TestInterceptedUnsignedTransaction_CheckValidityInvalidSenderShouldErr
--- PASS: TestInterceptedUnsignedTransaction_CheckValidityInvalidSenderShouldErr (0.00s)
=== CONT  TestInterceptedUnsignedTransaction_CheckValidityNilNegativeValueShouldErr
--- PASS: TestInterceptedUnsignedTransaction_CheckValidityNilNegativeValueShouldErr (0.00s)
=== CONT  TestInterceptedUnsignedTransaction_CheckValidityNilValueShouldErr
--- PASS: TestInterceptedUnsignedTransaction_CheckValidityNilValueShouldErr (0.00s)
=== CONT  TestInterceptedUnsignedTransaction_CheckValidityNilRecvAddressShouldErr
--- PASS: TestInterceptedUnsignedTransaction_CheckValidityNilRecvAddressShouldErr (0.00s)
=== CONT  TestInterceptedUnsignedTransaction_CheckValidityNilSenderAddressShouldErr
--- PASS: TestInterceptedUnsignedTransaction_CheckValidityNilSenderAddressShouldErr (0.00s)
=== CONT  TestInterceptedUnsignedTransaction_CheckValidityNilTxHashShouldErr
--- PASS: TestInterceptedUnsignedTransaction_CheckValidityNilTxHashShouldErr (0.00s)
=== CONT  TestNewInterceptedUnsignedTransaction_ShouldWork
--- PASS: TestNewInterceptedUnsignedTransaction_ShouldWork (0.00s)
=== CONT  TestNewInterceptedUnsignedTransaction_UnmarshalingTxFailsShouldErr
--- PASS: TestNewInterceptedUnsignedTransaction_UnmarshalingTxFailsShouldErr (0.00s)
=== CONT  TestNewInterceptedUnsignedTransaction_NilCoordinatorShouldErr
--- PASS: TestNewInterceptedUnsignedTransaction_NilCoordinatorShouldErr (0.00s)
=== CONT  TestNewInterceptedUnsignedTransaction_NilPubkeyConverterShouldErr
--- PASS: TestNewInterceptedUnsignedTransaction_NilPubkeyConverterShouldErr (0.00s)
=== CONT  TestNewInterceptedUnsignedTransaction_NilHasherShouldErr
--- PASS: TestNewInterceptedUnsignedTransaction_NilHasherShouldErr (0.00s)
=== CONT  TestNewInterceptedUnsignedTransaction_NilMarshalizerShouldErr
--- PASS: TestNewInterceptedUnsignedTransaction_NilMarshalizerShouldErr (0.00s)
PASS
ok  	github.com/TerraDharitri/drt-go-chain/process/unsigned	(cached)
=== RUN   TestNewBootstrapNodeRedundancy
=== PAUSE TestNewBootstrapNodeRedundancy
=== RUN   TestNewNodeRedundancy_ShouldErrNilMessenger
=== PAUSE TestNewNodeRedundancy_ShouldErrNilMessenger
=== RUN   TestNewNodeRedundancy_ShouldErrNilObserverPrivateKey
=== PAUSE TestNewNodeRedundancy_ShouldErrNilObserverPrivateKey
=== RUN   TestNewNodeRedundancy_ShouldErrIfMaxRoundsOfInactivityIsInvalid
=== PAUSE TestNewNodeRedundancy_ShouldErrIfMaxRoundsOfInactivityIsInvalid
=== RUN   TestNewNodeRedundancy_ShouldWork
=== PAUSE TestNewNodeRedundancy_ShouldWork
=== RUN   TestNodeRedundancy_IsInterfaceNil
=== PAUSE TestNodeRedundancy_IsInterfaceNil
=== RUN   TestIsRedundancyNode_ShouldWork
=== PAUSE TestIsRedundancyNode_ShouldWork
=== RUN   TestIsMainMachineActive_ShouldWork
=== PAUSE TestIsMainMachineActive_ShouldWork
=== RUN   TestAdjustInactivityIfNeeded_ShouldReturnWhenGivenRoundIndexWasAlreadyChecked
=== PAUSE TestAdjustInactivityIfNeeded_ShouldReturnWhenGivenRoundIndexWasAlreadyChecked
=== RUN   TestAdjustInactivityIfNeeded_ShouldNotAdjustIfSelfPubKeyIsNotContainedInConsensusPubKeys
=== PAUSE TestAdjustInactivityIfNeeded_ShouldNotAdjustIfSelfPubKeyIsNotContainedInConsensusPubKeys
=== RUN   TestAdjustInactivityIfNeeded_ShouldAdjustOnlyOneTimeInTheSameRound
=== PAUSE TestAdjustInactivityIfNeeded_ShouldAdjustOnlyOneTimeInTheSameRound
=== RUN   TestAdjustInactivityIfNeeded_ShouldAdjustCorrectlyInDifferentRounds
=== PAUSE TestAdjustInactivityIfNeeded_ShouldAdjustCorrectlyInDifferentRounds
=== RUN   TestResetInactivityIfNeeded_ShouldNotResetIfSelfPubKeyIsNotTheSameWithTheConsensusMsgPubKey
=== PAUSE TestResetInactivityIfNeeded_ShouldNotResetIfSelfPubKeyIsNotTheSameWithTheConsensusMsgPubKey
=== RUN   TestResetInactivityIfNeeded_ShouldNotResetIfSelfPeerIDIsTheSameWithTheConsensusMsgPeerID
=== PAUSE TestResetInactivityIfNeeded_ShouldNotResetIfSelfPeerIDIsTheSameWithTheConsensusMsgPeerID
=== RUN   TestResetInactivityIfNeeded_ShouldResetRoundsOfInactivity
=== PAUSE TestResetInactivityIfNeeded_ShouldResetRoundsOfInactivity
=== RUN   TestNodeRedundancy_ObserverPrivateKey
=== PAUSE TestNodeRedundancy_ObserverPrivateKey
=== CONT  TestNewBootstrapNodeRedundancy
=== RUN   TestNewBootstrapNodeRedundancy/nil_key_should_error
=== PAUSE TestNewBootstrapNodeRedundancy/nil_key_should_error
=== RUN   TestNewBootstrapNodeRedundancy/should_work
=== PAUSE TestNewBootstrapNodeRedundancy/should_work
=== CONT  TestNewBootstrapNodeRedundancy/nil_key_should_error
=== CONT  TestNodeRedundancy_ObserverPrivateKey
--- PASS: TestNodeRedundancy_ObserverPrivateKey (0.00s)
=== CONT  TestResetInactivityIfNeeded_ShouldResetRoundsOfInactivity
--- PASS: TestResetInactivityIfNeeded_ShouldResetRoundsOfInactivity (0.00s)
=== CONT  TestResetInactivityIfNeeded_ShouldNotResetIfSelfPeerIDIsTheSameWithTheConsensusMsgPeerID
--- PASS: TestResetInactivityIfNeeded_ShouldNotResetIfSelfPeerIDIsTheSameWithTheConsensusMsgPeerID (0.00s)
=== CONT  TestResetInactivityIfNeeded_ShouldNotResetIfSelfPubKeyIsNotTheSameWithTheConsensusMsgPubKey
--- PASS: TestResetInactivityIfNeeded_ShouldNotResetIfSelfPubKeyIsNotTheSameWithTheConsensusMsgPubKey (0.00s)
=== CONT  TestAdjustInactivityIfNeeded_ShouldAdjustCorrectlyInDifferentRounds
[0;33mWARN [0m[2026-03-16 10:14:11.674]   main or lower level redundancy machines are inactive for single-key operation [0;33mmax rounds of inactivity[0m = 2 [0;33mcurrent rounds of inactivity[0m = 3 
[0;33mWARN [0m[2026-03-16 10:14:11.674]   main or lower level redundancy machines are inactive for single-key operation [0;33mmax rounds of inactivity[0m = 2 [0;33mcurrent rounds of inactivity[0m = 4 
[0;33mWARN [0m[2026-03-16 10:14:11.674]   main or lower level redundancy machines are inactive for single-key operation [0;33mmax rounds of inactivity[0m = 2 [0;33mcurrent rounds of inactivity[0m = 5 
[0;33mWARN [0m[2026-03-16 10:14:11.674]   main or lower level redundancy machines are inactive for single-key operation [0;33mmax rounds of inactivity[0m = 2 [0;33mcurrent rounds of inactivity[0m = 6 
[0;33mWARN [0m[2026-03-16 10:14:11.674]   main or lower level redundancy machines are inactive for single-key operation [0;33mmax rounds of inactivity[0m = 2 [0;33mcurrent rounds of inactivity[0m = 7 
[0;33mWARN [0m[2026-03-16 10:14:11.674]   main or lower level redundancy machines are inactive for single-key operation [0;33mmax rounds of inactivity[0m = 2 [0;33mcurrent rounds of inactivity[0m = 8 
--- PASS: TestAdjustInactivityIfNeeded_ShouldAdjustCorrectlyInDifferentRounds (0.00s)
=== CONT  TestAdjustInactivityIfNeeded_ShouldAdjustOnlyOneTimeInTheSameRound
--- PASS: TestAdjustInactivityIfNeeded_ShouldAdjustOnlyOneTimeInTheSameRound (0.00s)
=== CONT  TestAdjustInactivityIfNeeded_ShouldNotAdjustIfSelfPubKeyIsNotContainedInConsensusPubKeys
--- PASS: TestAdjustInactivityIfNeeded_ShouldNotAdjustIfSelfPubKeyIsNotContainedInConsensusPubKeys (0.00s)
=== CONT  TestAdjustInactivityIfNeeded_ShouldReturnWhenGivenRoundIndexWasAlreadyChecked
--- PASS: TestAdjustInactivityIfNeeded_ShouldReturnWhenGivenRoundIndexWasAlreadyChecked (0.00s)
=== CONT  TestIsMainMachineActive_ShouldWork
=== RUN   TestIsMainMachineActive_ShouldWork/the_node_is_the_main_machine
=== PAUSE TestIsMainMachineActive_ShouldWork/the_node_is_the_main_machine
=== RUN   TestIsMainMachineActive_ShouldWork/the_node_is_the_backup_machine
=== PAUSE TestIsMainMachineActive_ShouldWork/the_node_is_the_backup_machine
=== CONT  TestIsMainMachineActive_ShouldWork/the_node_is_the_main_machine
=== CONT  TestIsRedundancyNode_ShouldWork
--- PASS: TestIsRedundancyNode_ShouldWork (0.00s)
=== CONT  TestNodeRedundancy_IsInterfaceNil
--- PASS: TestNodeRedundancy_IsInterfaceNil (0.00s)
=== CONT  TestNewNodeRedundancy_ShouldWork
=== RUN   TestNewNodeRedundancy_ShouldWork/maxRoundsOfInactivity_is_0
=== RUN   TestNewNodeRedundancy_ShouldWork/maxRoundsOfInactivity_is_2
--- PASS: TestNewNodeRedundancy_ShouldWork (0.00s)
    --- PASS: TestNewNodeRedundancy_ShouldWork/maxRoundsOfInactivity_is_0 (0.00s)
    --- PASS: TestNewNodeRedundancy_ShouldWork/maxRoundsOfInactivity_is_2 (0.00s)
=== CONT  TestNewNodeRedundancy_ShouldErrIfMaxRoundsOfInactivityIsInvalid
=== RUN   TestNewNodeRedundancy_ShouldErrIfMaxRoundsOfInactivityIsInvalid/maxRoundsOfInactivity_is_negative
=== RUN   TestNewNodeRedundancy_ShouldErrIfMaxRoundsOfInactivityIsInvalid/maxRoundsOfInactivity_is_1
--- PASS: TestNewNodeRedundancy_ShouldErrIfMaxRoundsOfInactivityIsInvalid (0.00s)
    --- PASS: TestNewNodeRedundancy_ShouldErrIfMaxRoundsOfInactivityIsInvalid/maxRoundsOfInactivity_is_negative (0.00s)
    --- PASS: TestNewNodeRedundancy_ShouldErrIfMaxRoundsOfInactivityIsInvalid/maxRoundsOfInactivity_is_1 (0.00s)
=== CONT  TestNewNodeRedundancy_ShouldErrNilObserverPrivateKey
--- PASS: TestNewNodeRedundancy_ShouldErrNilObserverPrivateKey (0.00s)
=== CONT  TestNewNodeRedundancy_ShouldErrNilMessenger
--- PASS: TestNewNodeRedundancy_ShouldErrNilMessenger (0.00s)
=== CONT  TestNewBootstrapNodeRedundancy/should_work
--- PASS: TestNewBootstrapNodeRedundancy (0.00s)
    --- PASS: TestNewBootstrapNodeRedundancy/nil_key_should_error (0.00s)
    --- PASS: TestNewBootstrapNodeRedundancy/should_work (0.00s)
=== CONT  TestIsMainMachineActive_ShouldWork/the_node_is_the_backup_machine
--- PASS: TestIsMainMachineActive_ShouldWork (0.00s)
    --- PASS: TestIsMainMachineActive_ShouldWork/the_node_is_the_main_machine (0.00s)
    --- PASS: TestIsMainMachineActive_ShouldWork/the_node_is_the_backup_machine (0.00s)
PASS
ok  	github.com/TerraDharitri/drt-go-chain/redundancy	(cached)
=== RUN   TestNewRedundancyHandler
=== PAUSE TestNewRedundancyHandler
=== RUN   TestCheckMaxRoundsOfInactivity
=== PAUSE TestCheckMaxRoundsOfInactivity
=== RUN   TestRedundancyHandler_IncrementRoundsOfInactivity
=== PAUSE TestRedundancyHandler_IncrementRoundsOfInactivity
=== RUN   TestRedundancyHandler_ResetRoundsOfInactivity
=== PAUSE TestRedundancyHandler_ResetRoundsOfInactivity
=== RUN   TestIsMainNode
=== PAUSE TestIsMainNode
=== RUN   TestRedundancyHandler_IsMainMachineActive
=== PAUSE TestRedundancyHandler_IsMainMachineActive
=== RUN   TestRedundancyHandler_ShouldActAsValidator
=== PAUSE TestRedundancyHandler_ShouldActAsValidator
=== CONT  TestNewRedundancyHandler
--- PASS: TestNewRedundancyHandler (0.00s)
=== CONT  TestRedundancyHandler_ShouldActAsValidator
=== RUN   TestRedundancyHandler_ShouldActAsValidator/running_as_backup
=== PAUSE TestRedundancyHandler_ShouldActAsValidator/running_as_backup
=== RUN   TestRedundancyHandler_ShouldActAsValidator/running_as_main
=== PAUSE TestRedundancyHandler_ShouldActAsValidator/running_as_main
=== CONT  TestRedundancyHandler_ShouldActAsValidator/running_as_backup
=== RUN   TestRedundancyHandler_ShouldActAsValidator/running_as_backup/running_on_the_backup_machine,_the_main_machine_is_active
=== RUN   TestRedundancyHandler_ShouldActAsValidator/running_as_backup/running_on_the_backup_machine,_the_main_machine_lost_one_round
=== RUN   TestRedundancyHandler_ShouldActAsValidator/running_as_backup/running_on_the_backup_machine,_the_main_machine_lost_the_second_round
=== RUN   TestRedundancyHandler_ShouldActAsValidator/running_as_backup/running_on_the_backup_machine,_the_main_machine_lost_the_third_round
=== RUN   TestRedundancyHandler_ShouldActAsValidator/running_as_backup/running_on_the_backup_machine,_the_main_machine_lost_the_fourth_round
=== RUN   TestRedundancyHandler_ShouldActAsValidator/running_as_backup/running_on_the_backup_machine,_the_main_machine_recovered
=== CONT  TestRedundancyHandler_IsMainMachineActive
=== RUN   TestRedundancyHandler_IsMainMachineActive/running_as_backup
=== PAUSE TestRedundancyHandler_IsMainMachineActive/running_as_backup
=== RUN   TestRedundancyHandler_IsMainMachineActive/running_as_main
=== PAUSE TestRedundancyHandler_IsMainMachineActive/running_as_main
=== CONT  TestRedundancyHandler_IsMainMachineActive/running_as_backup
=== CONT  TestRedundancyHandler_IncrementRoundsOfInactivity
--- PASS: TestRedundancyHandler_IncrementRoundsOfInactivity (0.00s)
=== RUN   TestRedundancyHandler_IsMainMachineActive/running_as_backup/running_on_the_backup_machine,_the_main_machine_is_active
=== CONT  TestCheckMaxRoundsOfInactivity
=== RUN   TestRedundancyHandler_IsMainMachineActive/running_as_backup/running_on_the_backup_machine,_the_main_machine_lost_one_round
=== CONT  TestRedundancyHandler_ShouldActAsValidator/running_as_main
=== CONT  TestRedundancyHandler_IsMainMachineActive/running_as_main
=== CONT  TestIsMainNode
--- PASS: TestIsMainNode (0.00s)
=== CONT  TestRedundancyHandler_ResetRoundsOfInactivity
--- PASS: TestRedundancyHandler_ResetRoundsOfInactivity (0.00s)
=== RUN   TestCheckMaxRoundsOfInactivity/with_negative_value_should_error
=== PAUSE TestCheckMaxRoundsOfInactivity/with_negative_value_should_error
=== RUN   TestCheckMaxRoundsOfInactivity/with_value_0_should_work
=== PAUSE TestCheckMaxRoundsOfInactivity/with_value_0_should_work
=== RUN   TestCheckMaxRoundsOfInactivity/with_value_of_1_should_error
=== PAUSE TestCheckMaxRoundsOfInactivity/with_value_of_1_should_error
=== RUN   TestCheckMaxRoundsOfInactivity/with_positive_values_should_work
=== PAUSE TestCheckMaxRoundsOfInactivity/with_positive_values_should_work
=== CONT  TestCheckMaxRoundsOfInactivity/with_negative_value_should_error
=== CONT  TestCheckMaxRoundsOfInactivity/with_positive_values_should_work
=== RUN   TestRedundancyHandler_IsMainMachineActive/running_as_backup/running_on_the_backup_machine,_the_main_machine_lost_the_second_round
=== RUN   TestRedundancyHandler_ShouldActAsValidator/running_as_main/running_on_the_main_machine,_no_rounds_increased
=== RUN   TestRedundancyHandler_ShouldActAsValidator/running_as_main/running_on_the_main_machine,_increasing_counter_due_to_a_bug
=== RUN   TestRedundancyHandler_ShouldActAsValidator/running_as_main/running_on_the_main_machine,_resetting_counter_due_to_a_bug
=== RUN   TestRedundancyHandler_IsMainMachineActive/running_as_backup/running_on_the_backup_machine,_the_main_machine_lost_the_third_round
--- PASS: TestRedundancyHandler_ShouldActAsValidator (0.00s)
    --- PASS: TestRedundancyHandler_ShouldActAsValidator/running_as_backup (0.00s)
        --- PASS: TestRedundancyHandler_ShouldActAsValidator/running_as_backup/running_on_the_backup_machine,_the_main_machine_is_active (0.00s)
        --- PASS: TestRedundancyHandler_ShouldActAsValidator/running_as_backup/running_on_the_backup_machine,_the_main_machine_lost_one_round (0.00s)
        --- PASS: TestRedundancyHandler_ShouldActAsValidator/running_as_backup/running_on_the_backup_machine,_the_main_machine_lost_the_second_round (0.00s)
        --- PASS: TestRedundancyHandler_ShouldActAsValidator/running_as_backup/running_on_the_backup_machine,_the_main_machine_lost_the_third_round (0.00s)
        --- PASS: TestRedundancyHandler_ShouldActAsValidator/running_as_backup/running_on_the_backup_machine,_the_main_machine_lost_the_fourth_round (0.00s)
        --- PASS: TestRedundancyHandler_ShouldActAsValidator/running_as_backup/running_on_the_backup_machine,_the_main_machine_recovered (0.00s)
    --- PASS: TestRedundancyHandler_ShouldActAsValidator/running_as_main (0.00s)
        --- PASS: TestRedundancyHandler_ShouldActAsValidator/running_as_main/running_on_the_main_machine,_no_rounds_increased (0.00s)
        --- PASS: TestRedundancyHandler_ShouldActAsValidator/running_as_main/running_on_the_main_machine,_increasing_counter_due_to_a_bug (0.00s)
        --- PASS: TestRedundancyHandler_ShouldActAsValidator/running_as_main/running_on_the_main_machine,_resetting_counter_due_to_a_bug (0.00s)
=== CONT  TestCheckMaxRoundsOfInactivity/with_value_of_1_should_error
=== CONT  TestCheckMaxRoundsOfInactivity/with_value_0_should_work
--- PASS: TestCheckMaxRoundsOfInactivity (0.00s)
    --- PASS: TestCheckMaxRoundsOfInactivity/with_negative_value_should_error (0.00s)
    --- PASS: TestCheckMaxRoundsOfInactivity/with_positive_values_should_work (0.00s)
    --- PASS: TestCheckMaxRoundsOfInactivity/with_value_of_1_should_error (0.00s)
    --- PASS: TestCheckMaxRoundsOfInactivity/with_value_0_should_work (0.00s)
=== RUN   TestRedundancyHandler_IsMainMachineActive/running_as_backup/running_on_the_backup_machine,_the_main_machine_lost_the_fourth_round
=== RUN   TestRedundancyHandler_IsMainMachineActive/running_as_backup/running_on_the_backup_machine,_the_main_machine_recovered
=== RUN   TestRedundancyHandler_IsMainMachineActive/running_as_main/running_on_the_main_machine,_no_rounds_increased
=== RUN   TestRedundancyHandler_IsMainMachineActive/running_as_main/running_on_the_main_machine,_increasing_counter_due_to_a_bug
=== RUN   TestRedundancyHandler_IsMainMachineActive/running_as_main/running_on_the_main_machine,_resetting_counter_due_to_a_bug
--- PASS: TestRedundancyHandler_IsMainMachineActive (0.00s)
    --- PASS: TestRedundancyHandler_IsMainMachineActive/running_as_backup (0.00s)
        --- PASS: TestRedundancyHandler_IsMainMachineActive/running_as_backup/running_on_the_backup_machine,_the_main_machine_is_active (0.00s)
        --- PASS: TestRedundancyHandler_IsMainMachineActive/running_as_backup/running_on_the_backup_machine,_the_main_machine_lost_one_round (0.00s)
        --- PASS: TestRedundancyHandler_IsMainMachineActive/running_as_backup/running_on_the_backup_machine,_the_main_machine_lost_the_second_round (0.00s)
        --- PASS: TestRedundancyHandler_IsMainMachineActive/running_as_backup/running_on_the_backup_machine,_the_main_machine_lost_the_third_round (0.00s)
        --- PASS: TestRedundancyHandler_IsMainMachineActive/running_as_backup/running_on_the_backup_machine,_the_main_machine_lost_the_fourth_round (0.00s)
        --- PASS: TestRedundancyHandler_IsMainMachineActive/running_as_backup/running_on_the_backup_machine,_the_main_machine_recovered (0.00s)
    --- PASS: TestRedundancyHandler_IsMainMachineActive/running_as_main (0.00s)
        --- PASS: TestRedundancyHandler_IsMainMachineActive/running_as_main/running_on_the_main_machine,_no_rounds_increased (0.00s)
        --- PASS: TestRedundancyHandler_IsMainMachineActive/running_as_main/running_on_the_main_machine,_increasing_counter_due_to_a_bug (0.00s)
        --- PASS: TestRedundancyHandler_IsMainMachineActive/running_as_main/running_on_the_main_machine,_resetting_counter_due_to_a_bug (0.00s)
PASS
ok  	github.com/TerraDharitri/drt-go-chain/redundancy/common	(cached)
=== RUN   TestNewChainParametersHolder
=== PAUSE TestNewChainParametersHolder
=== RUN   TestChainParametersHolder_EpochStartActionShouldCallTheNotifier
=== PAUSE TestChainParametersHolder_EpochStartActionShouldCallTheNotifier
=== RUN   TestChainParametersHolder_ChainParametersForEpoch
=== PAUSE TestChainParametersHolder_ChainParametersForEpoch
=== RUN   TestChainParametersHolder_CurrentChainParameters
=== PAUSE TestChainParametersHolder_CurrentChainParameters
=== RUN   TestChainParametersHolder_AllChainParameters
=== PAUSE TestChainParametersHolder_AllChainParameters
=== RUN   TestChainParametersHolder_ConcurrentOperations
--- PASS: TestChainParametersHolder_ConcurrentOperations (0.00s)
=== RUN   TestMultiShardCoordinator_NewMultiShardCoordinator
--- PASS: TestMultiShardCoordinator_NewMultiShardCoordinator (0.00s)
=== RUN   TestMultiShardCoordinator_NewMultiShardCoordinatorInvalidNumberOfShards
--- PASS: TestMultiShardCoordinator_NewMultiShardCoordinatorInvalidNumberOfShards (0.00s)
=== RUN   TestMultiShardCoordinator_NewMultiShardCoordinatorSelfIdGraterThanNumOfShardsShouldError
--- PASS: TestMultiShardCoordinator_NewMultiShardCoordinatorSelfIdGraterThanNumOfShardsShouldError (0.00s)
=== RUN   TestMultiShardCoordinator_NewMultiShardCoordinatorCorrectSelfId
--- PASS: TestMultiShardCoordinator_NewMultiShardCoordinatorCorrectSelfId (0.00s)
=== RUN   TestMultiShardCoordinator_ComputeIdDoesNotGenerateInvalidShards
--- PASS: TestMultiShardCoordinator_ComputeIdDoesNotGenerateInvalidShards (0.00s)
=== RUN   TestMultiShardCoordinator_ComputeId10ShardsShouldWork
--- PASS: TestMultiShardCoordinator_ComputeId10ShardsShouldWork (0.00s)
=== RUN   TestMultiShardCoordinator_ComputeId10ShardsBigNumbersShouldWork
--- PASS: TestMultiShardCoordinator_ComputeId10ShardsBigNumbersShouldWork (0.00s)
=== RUN   TestMultiShardCoordinator_ComputeIdSameSuffixHasSameShard
--- PASS: TestMultiShardCoordinator_ComputeIdSameSuffixHasSameShard (0.00s)
=== RUN   TestMultiShardCoordinator_SameShardSameAddress
--- PASS: TestMultiShardCoordinator_SameShardSameAddress (0.00s)
=== RUN   TestMultiShardCoordinator_SameShardSameAddressMultipleShards
--- PASS: TestMultiShardCoordinator_SameShardSameAddressMultipleShards (0.00s)
=== RUN   TestMultiShardCoordinator_SameShardDifferentAddress
--- PASS: TestMultiShardCoordinator_SameShardDifferentAddress (0.00s)
=== RUN   TestMultiShardCoordinator_SameShardDifferentAddressMultipleShards
--- PASS: TestMultiShardCoordinator_SameShardDifferentAddressMultipleShards (0.00s)
=== RUN   TestMultiShardCoordinator_ComputeIDContractDeploy
--- PASS: TestMultiShardCoordinator_ComputeIDContractDeploy (0.00s)
=== RUN   TestMultiShardCoordinator_SameShardContractDeploy
--- PASS: TestMultiShardCoordinator_SameShardContractDeploy (0.00s)
=== RUN   TestMultiShardCoordinator_CommunicationIdentifierSameShard
--- PASS: TestMultiShardCoordinator_CommunicationIdentifierSameShard (0.00s)
=== RUN   TestMultiShardCoordinator_CommunicationIdentifierSmallerDestination
--- PASS: TestMultiShardCoordinator_CommunicationIdentifierSmallerDestination (0.00s)
=== RUN   TestMultiShardCoordinator_CommunicationIdentifier
--- PASS: TestMultiShardCoordinator_CommunicationIdentifier (0.00s)
=== RUN   TestNodesSetup_ProcessConfigNodesWithIncompleteDataShouldErr
=== PAUSE TestNodesSetup_ProcessConfigNodesWithIncompleteDataShouldErr
=== RUN   TestNodesSetup_ProcessConfigNodesShouldErrCouldNotParsePubKeyForString
=== PAUSE TestNodesSetup_ProcessConfigNodesShouldErrCouldNotParsePubKeyForString
=== RUN   TestNodesSetup_ProcessConfigNodesShouldErrCouldNotParseAddressForString
=== PAUSE TestNodesSetup_ProcessConfigNodesShouldErrCouldNotParseAddressForString
=== RUN   TestNodesSetup_ProcessConfigNodesWithEmptyDataShouldErrCouldNotParseAddress
=== PAUSE TestNodesSetup_ProcessConfigNodesWithEmptyDataShouldErrCouldNotParseAddress
=== RUN   TestNodesSetup_ProcessConfigInvalidConsensusGroupSizeShouldErr
=== PAUSE TestNodesSetup_ProcessConfigInvalidConsensusGroupSizeShouldErr
=== RUN   TestNodesSetup_ProcessConfigInvalidMetaConsensusGroupSizeShouldErr
=== PAUSE TestNodesSetup_ProcessConfigInvalidMetaConsensusGroupSizeShouldErr
=== RUN   TestNodesSetup_ProcessConfigInvalidConsensusGroupSizeLargerThanNumOfNodesShouldErr
=== PAUSE TestNodesSetup_ProcessConfigInvalidConsensusGroupSizeLargerThanNumOfNodesShouldErr
=== RUN   TestNodesSetup_ProcessConfigInvalidMetaConsensusGroupSizeLargerThanNumOfNodesShouldErr
=== PAUSE TestNodesSetup_ProcessConfigInvalidMetaConsensusGroupSizeLargerThanNumOfNodesShouldErr
=== RUN   TestNodesSetup_ProcessConfigInvalidNumOfNodesSmallerThanMinNodesPerShardShouldErr
=== PAUSE TestNodesSetup_ProcessConfigInvalidNumOfNodesSmallerThanMinNodesPerShardShouldErr
=== RUN   TestNodesSetup_ProcessConfigInvalidNumOfNodesSmallerThanTotalMinNodesShouldErr
=== PAUSE TestNodesSetup_ProcessConfigInvalidNumOfNodesSmallerThanTotalMinNodesShouldErr
=== RUN   TestNodesSetup_InitialNodesPubKeysWithHysteresis
=== PAUSE TestNodesSetup_InitialNodesPubKeysWithHysteresis
=== RUN   TestNodesSetup_InitialNodesPubKeysForShardWrongShard
=== PAUSE TestNodesSetup_InitialNodesPubKeysForShardWrongShard
=== RUN   TestNodesSetup_InitialNodesPubKeysForShardGood
=== PAUSE TestNodesSetup_InitialNodesPubKeysForShardGood
=== RUN   TestNodesSetup_InitialNodesPubKeysForShardGoodMeta
=== PAUSE TestNodesSetup_InitialNodesPubKeysForShardGoodMeta
=== RUN   TestNodesSetup_PublicKeyNotGood
=== PAUSE TestNodesSetup_PublicKeyNotGood
=== RUN   TestNodesSetup_PublicKeyGood
=== PAUSE TestNodesSetup_PublicKeyGood
=== RUN   TestNodesSetup_ShardPublicKeyGoodMeta
=== PAUSE TestNodesSetup_ShardPublicKeyGoodMeta
=== RUN   TestNodesSetup_MetaPublicKeyGoodMeta
=== PAUSE TestNodesSetup_MetaPublicKeyGoodMeta
=== RUN   TestNodesSetup_MinNumberOfNodes
=== PAUSE TestNodesSetup_MinNumberOfNodes
=== RUN   TestNewNodesSetup_InvalidMaxNumShardsShouldErr
=== PAUSE TestNewNodesSetup_InvalidMaxNumShardsShouldErr
=== RUN   TestNewNodesSetup_ErrNilPubkeyConverterForAddressPubkeyConverter
=== PAUSE TestNewNodesSetup_ErrNilPubkeyConverterForAddressPubkeyConverter
=== RUN   TestNewNodesSetup_ErrNilPubkeyConverterForValidatorPubkeyConverter
=== PAUSE TestNewNodesSetup_ErrNilPubkeyConverterForValidatorPubkeyConverter
=== RUN   TestNewNodesSetup_ErrNilChainParametersProvider
=== PAUSE TestNewNodesSetup_ErrNilChainParametersProvider
=== RUN   TestNewNodesSetup_ErrChainParametersForEpoch
=== PAUSE TestNewNodesSetup_ErrChainParametersForEpoch
=== RUN   TestNodesSetup_IfNodesWithinMaxShardLimitEquivalentDistribution
=== PAUSE TestNodesSetup_IfNodesWithinMaxShardLimitEquivalentDistribution
=== RUN   TestNodesSetup_NodesAboveMaxShardLimit
=== PAUSE TestNodesSetup_NodesAboveMaxShardLimit
=== RUN   TestNodesSetup_AllInitialNodesShouldWork
=== PAUSE TestNodesSetup_AllInitialNodesShouldWork
=== RUN   TestNodesSetup_InitialNodesInfoShouldWork
=== PAUSE TestNodesSetup_InitialNodesInfoShouldWork
=== RUN   TestNodesSetup_InitialNodesPubKeysShouldWork
=== PAUSE TestNodesSetup_InitialNodesPubKeysShouldWork
=== RUN   TestNodesSetup_InitialEligibleNodesPubKeysForShardShouldErrShardIdOutOfRange
=== PAUSE TestNodesSetup_InitialEligibleNodesPubKeysForShardShouldErrShardIdOutOfRange
=== RUN   TestNodesSetup_InitialEligibleNodesPubKeysForShardShouldWork
=== PAUSE TestNodesSetup_InitialEligibleNodesPubKeysForShardShouldWork
=== RUN   TestNodesSetup_NumberOfShardsShouldWork
=== PAUSE TestNodesSetup_NumberOfShardsShouldWork
=== RUN   TestNodesSetup_ExportNodesConfigShouldWork
=== PAUSE TestNodesSetup_ExportNodesConfigShouldWork
=== RUN   TestNodesSetup_IsInterfaceNil
=== PAUSE TestNodesSetup_IsInterfaceNil
=== RUN   TestOneShardCoordinator_NumberOfShardsShouldWork
=== PAUSE TestOneShardCoordinator_NumberOfShardsShouldWork
=== RUN   TestNewShuffledOutTrigger_NilOwnPublicKeyShouldErr
=== PAUSE TestNewShuffledOutTrigger_NilOwnPublicKeyShouldErr
=== RUN   TestNewShuffledOutTrigger_NilEndOfProcessingHandlerShouldErr
=== PAUSE TestNewShuffledOutTrigger_NilEndOfProcessingHandlerShouldErr
=== RUN   TestNewShuffledOutTrigger_ShouldWork
=== PAUSE TestNewShuffledOutTrigger_ShouldWork
=== RUN   TestShuffledOutTrigger_Process_SameShardIDShouldReturn
=== PAUSE TestShuffledOutTrigger_Process_SameShardIDShouldReturn
=== RUN   TestShuffledOutTrigger_Process_DifferentShardIDShouldCallEndProcessHandler
=== PAUSE TestShuffledOutTrigger_Process_DifferentShardIDShouldCallEndProcessHandler
=== RUN   TestShuffledOutTrigger_DifferentShardIDShouldCallRegisteredHandlers
=== PAUSE TestShuffledOutTrigger_DifferentShardIDShouldCallRegisteredHandlers
=== CONT  TestNewChainParametersHolder
=== RUN   TestNewChainParametersHolder/nil_epoch_start_event_notifier
=== PAUSE TestNewChainParametersHolder/nil_epoch_start_event_notifier
=== RUN   TestNewChainParametersHolder/empty_chain_parameters
=== PAUSE TestNewChainParametersHolder/empty_chain_parameters
=== RUN   TestNewChainParametersHolder/invalid_shard_consensus_size
=== PAUSE TestNewChainParametersHolder/invalid_shard_consensus_size
=== RUN   TestNewChainParametersHolder/min_nodes_per_shard_smaller_than_consensus_size
=== PAUSE TestNewChainParametersHolder/min_nodes_per_shard_smaller_than_consensus_size
=== RUN   TestNewChainParametersHolder/invalid_metachain_consensus_size
=== PAUSE TestNewChainParametersHolder/invalid_metachain_consensus_size
=== RUN   TestNewChainParametersHolder/min_nodes_meta_smaller_than_consensus_size
=== PAUSE TestNewChainParametersHolder/min_nodes_meta_smaller_than_consensus_size
=== RUN   TestNewChainParametersHolder/invalid_future_chain_parameters
=== PAUSE TestNewChainParametersHolder/invalid_future_chain_parameters
=== RUN   TestNewChainParametersHolder/no_config_for_epoch_0
=== PAUSE TestNewChainParametersHolder/no_config_for_epoch_0
=== RUN   TestNewChainParametersHolder/should_work_and_have_the_data_ready
=== PAUSE TestNewChainParametersHolder/should_work_and_have_the_data_ready
=== CONT  TestNewChainParametersHolder/nil_epoch_start_event_notifier
=== CONT  TestShuffledOutTrigger_DifferentShardIDShouldCallRegisteredHandlers
--- PASS: TestShuffledOutTrigger_DifferentShardIDShouldCallRegisteredHandlers (0.00s)
=== CONT  TestShuffledOutTrigger_Process_DifferentShardIDShouldCallEndProcessHandler
--- PASS: TestShuffledOutTrigger_Process_DifferentShardIDShouldCallEndProcessHandler (0.00s)
=== CONT  TestShuffledOutTrigger_Process_SameShardIDShouldReturn
--- PASS: TestShuffledOutTrigger_Process_SameShardIDShouldReturn (0.00s)
=== CONT  TestNewShuffledOutTrigger_ShouldWork
--- PASS: TestNewShuffledOutTrigger_ShouldWork (0.00s)
=== CONT  TestNewShuffledOutTrigger_NilEndOfProcessingHandlerShouldErr
--- PASS: TestNewShuffledOutTrigger_NilEndOfProcessingHandlerShouldErr (0.00s)
=== CONT  TestNewShuffledOutTrigger_NilOwnPublicKeyShouldErr
--- PASS: TestNewShuffledOutTrigger_NilOwnPublicKeyShouldErr (0.00s)
=== CONT  TestOneShardCoordinator_NumberOfShardsShouldWork
--- PASS: TestOneShardCoordinator_NumberOfShardsShouldWork (0.00s)
=== CONT  TestNodesSetup_IsInterfaceNil
--- PASS: TestNodesSetup_IsInterfaceNil (0.00s)
=== CONT  TestNodesSetup_ExportNodesConfigShouldWork
--- PASS: TestNodesSetup_ExportNodesConfigShouldWork (0.00s)
=== CONT  TestNodesSetup_NumberOfShardsShouldWork
--- PASS: TestNodesSetup_NumberOfShardsShouldWork (0.00s)
=== CONT  TestNodesSetup_InitialEligibleNodesPubKeysForShardShouldWork
--- PASS: TestNodesSetup_InitialEligibleNodesPubKeysForShardShouldWork (0.00s)
=== CONT  TestNodesSetup_InitialEligibleNodesPubKeysForShardShouldErrShardIdOutOfRange
--- PASS: TestNodesSetup_InitialEligibleNodesPubKeysForShardShouldErrShardIdOutOfRange (0.00s)
=== CONT  TestNodesSetup_InitialNodesPubKeysShouldWork
--- PASS: TestNodesSetup_InitialNodesPubKeysShouldWork (0.00s)
=== CONT  TestNodesSetup_InitialNodesInfoShouldWork
--- PASS: TestNodesSetup_InitialNodesInfoShouldWork (0.00s)
=== CONT  TestNodesSetup_AllInitialNodesShouldWork
--- PASS: TestNodesSetup_AllInitialNodesShouldWork (0.00s)
=== CONT  TestNodesSetup_NodesAboveMaxShardLimit
=== CONT  TestNodesSetup_ProcessConfigInvalidConsensusGroupSizeLargerThanNumOfNodesShouldErr
--- PASS: TestNodesSetup_ProcessConfigInvalidConsensusGroupSizeLargerThanNumOfNodesShouldErr (0.00s)
=== CONT  TestNodesSetup_IfNodesWithinMaxShardLimitEquivalentDistribution
=== CONT  TestChainParametersHolder_ChainParametersForEpoch
=== RUN   TestChainParametersHolder_ChainParametersForEpoch/single_configuration,_should_return_it_every_time
=== PAUSE TestChainParametersHolder_ChainParametersForEpoch/single_configuration,_should_return_it_every_time
=== RUN   TestChainParametersHolder_ChainParametersForEpoch/multiple_configurations,_should_return_the_corresponding_one
=== PAUSE TestChainParametersHolder_ChainParametersForEpoch/multiple_configurations,_should_return_the_corresponding_one
=== CONT  TestChainParametersHolder_ChainParametersForEpoch/single_configuration,_should_return_it_every_time
=== CONT  TestNodesSetup_PublicKeyGood
=== CONT  TestNodesSetup_ProcessConfigInvalidMetaConsensusGroupSizeShouldErr
--- PASS: TestNodesSetup_PublicKeyGood (0.00s)
=== CONT  TestNewNodesSetup_InvalidMaxNumShardsShouldErr
--- PASS: TestNewNodesSetup_InvalidMaxNumShardsShouldErr (0.00s)
=== CONT  TestNodesSetup_MinNumberOfNodes
--- PASS: TestNodesSetup_ProcessConfigInvalidMetaConsensusGroupSizeShouldErr (0.00s)
=== CONT  TestNodesSetup_ProcessConfigNodesShouldErrCouldNotParsePubKeyForString
--- PASS: TestNodesSetup_ProcessConfigNodesShouldErrCouldNotParsePubKeyForString (0.00s)
=== CONT  TestNodesSetup_ProcessConfigNodesWithIncompleteDataShouldErr
--- PASS: TestNodesSetup_ProcessConfigNodesWithIncompleteDataShouldErr (0.00s)
=== CONT  TestChainParametersHolder_AllChainParameters
=== CONT  TestNewNodesSetup_ErrNilPubkeyConverterForAddressPubkeyConverter
=== CONT  TestNewNodesSetup_ErrChainParametersForEpoch
=== CONT  TestNodesSetup_MetaPublicKeyGoodMeta
--- PASS: TestChainParametersHolder_AllChainParameters (0.00s)
=== CONT  TestChainParametersHolder_CurrentChainParameters
--- PASS: TestNodesSetup_MetaPublicKeyGoodMeta (0.00s)
=== CONT  TestNodesSetup_ShardPublicKeyGoodMeta
--- PASS: TestNodesSetup_ShardPublicKeyGoodMeta (0.00s)
=== CONT  TestChainParametersHolder_ChainParametersForEpoch/multiple_configurations,_should_return_the_corresponding_one
=== CONT  TestNodesSetup_ProcessConfigNodesWithEmptyDataShouldErrCouldNotParseAddress
=== CONT  TestNodesSetup_ProcessConfigInvalidNumOfNodesSmallerThanMinNodesPerShardShouldErr
=== CONT  TestNodesSetup_ProcessConfigInvalidMetaConsensusGroupSizeLargerThanNumOfNodesShouldErr
=== CONT  TestNewChainParametersHolder/min_nodes_per_shard_smaller_than_consensus_size
=== CONT  TestNewChainParametersHolder/invalid_metachain_consensus_size
=== CONT  TestNewChainParametersHolder/invalid_shard_consensus_size
=== CONT  TestNewChainParametersHolder/empty_chain_parameters
=== CONT  TestNodesSetup_PublicKeyNotGood
=== CONT  TestNodesSetup_InitialNodesPubKeysForShardGoodMeta
=== CONT  TestNewChainParametersHolder/min_nodes_meta_smaller_than_consensus_size
=== CONT  TestNodesSetup_InitialNodesPubKeysForShardGood
=== CONT  TestNodesSetup_InitialNodesPubKeysForShardWrongShard
=== CONT  TestNodesSetup_InitialNodesPubKeysWithHysteresis
=== CONT  TestNodesSetup_ProcessConfigInvalidNumOfNodesSmallerThanTotalMinNodesShouldErr
--- PASS: TestNewNodesSetup_ErrNilPubkeyConverterForAddressPubkeyConverter (0.00s)
--- PASS: TestNewNodesSetup_ErrChainParametersForEpoch (0.00s)
--- PASS: TestNodesSetup_ProcessConfigInvalidNumOfNodesSmallerThanMinNodesPerShardShouldErr (0.00s)
--- PASS: TestNodesSetup_ProcessConfigInvalidMetaConsensusGroupSizeLargerThanNumOfNodesShouldErr (0.00s)
--- PASS: TestNodesSetup_ProcessConfigNodesWithEmptyDataShouldErrCouldNotParseAddress (0.00s)
=== CONT  TestNodesSetup_ProcessConfigNodesShouldErrCouldNotParseAddressForString
--- PASS: TestNodesSetup_PublicKeyNotGood (0.00s)
=== CONT  TestNewChainParametersHolder/no_config_for_epoch_0
=== CONT  TestNewChainParametersHolder/should_work_and_have_the_data_ready
=== CONT  TestChainParametersHolder_EpochStartActionShouldCallTheNotifier
=== CONT  TestNodesSetup_ProcessConfigInvalidConsensusGroupSizeShouldErr
--- PASS: TestNodesSetup_ProcessConfigNodesShouldErrCouldNotParseAddressForString (0.00s)
=== CONT  TestNewChainParametersHolder/invalid_future_chain_parameters
=== CONT  TestNewNodesSetup_ErrNilChainParametersProvider
--- PASS: TestChainParametersHolder_ChainParametersForEpoch (0.00s)
    --- PASS: TestChainParametersHolder_ChainParametersForEpoch/single_configuration,_should_return_it_every_time (0.00s)
    --- PASS: TestChainParametersHolder_ChainParametersForEpoch/multiple_configurations,_should_return_the_corresponding_one (0.00s)
=== CONT  TestNewNodesSetup_ErrNilPubkeyConverterForValidatorPubkeyConverter
--- PASS: TestNewNodesSetup_ErrNilPubkeyConverterForValidatorPubkeyConverter (0.00s)
--- PASS: TestNodesSetup_InitialNodesPubKeysForShardGood (0.00s)
--- PASS: TestNodesSetup_InitialNodesPubKeysForShardWrongShard (0.00s)
--- PASS: TestNodesSetup_ProcessConfigInvalidNumOfNodesSmallerThanTotalMinNodesShouldErr (0.00s)
--- PASS: TestNodesSetup_InitialNodesPubKeysForShardGoodMeta (0.00s)
--- PASS: TestChainParametersHolder_EpochStartActionShouldCallTheNotifier (0.00s)
--- PASS: TestNodesSetup_ProcessConfigInvalidConsensusGroupSizeShouldErr (0.00s)
--- PASS: TestNewNodesSetup_ErrNilChainParametersProvider (0.00s)
--- PASS: TestChainParametersHolder_CurrentChainParameters (0.00s)
--- PASS: TestNewChainParametersHolder (0.00s)
    --- PASS: TestNewChainParametersHolder/nil_epoch_start_event_notifier (0.00s)
    --- PASS: TestNewChainParametersHolder/min_nodes_per_shard_smaller_than_consensus_size (0.00s)
    --- PASS: TestNewChainParametersHolder/invalid_metachain_consensus_size (0.00s)
    --- PASS: TestNewChainParametersHolder/empty_chain_parameters (0.00s)
    --- PASS: TestNewChainParametersHolder/invalid_future_chain_parameters (0.00s)
    --- PASS: TestNewChainParametersHolder/invalid_shard_consensus_size (0.00s)
    --- PASS: TestNewChainParametersHolder/should_work_and_have_the_data_ready (0.00s)
    --- PASS: TestNewChainParametersHolder/no_config_for_epoch_0 (0.00s)
    --- PASS: TestNewChainParametersHolder/min_nodes_meta_smaller_than_consensus_size (0.00s)
--- PASS: TestNodesSetup_MinNumberOfNodes (0.01s)
--- PASS: TestNodesSetup_NodesAboveMaxShardLimit (0.01s)
--- PASS: TestNodesSetup_IfNodesWithinMaxShardLimitEquivalentDistribution (0.01s)
--- PASS: TestNodesSetup_InitialNodesPubKeysWithHysteresis (0.02s)
PASS
ok  	github.com/TerraDharitri/drt-go-chain/sharding	(cached)
=== RUN   TestNewPeerShardMapper_NilNodesCoordinatorShouldErr
=== PAUSE TestNewPeerShardMapper_NilNodesCoordinatorShouldErr
=== RUN   TestNewPeerShardMapper_NilCacherForPeerIdPkShouldErr
=== PAUSE TestNewPeerShardMapper_NilCacherForPeerIdPkShouldErr
=== RUN   TestNewPeerShardMapper_NilCacherForPkShardIdShouldErr
=== PAUSE TestNewPeerShardMapper_NilCacherForPkShardIdShouldErr
=== RUN   TestNewPeerShardMapper_NilCacherForPeerIdShardIdShouldErr
=== PAUSE TestNewPeerShardMapper_NilCacherForPeerIdShardIdShouldErr
=== RUN   TestNewPeerShardMapper_NilPreferredShouldErr
=== PAUSE TestNewPeerShardMapper_NilPreferredShouldErr
=== RUN   TestNewPeerShardMapper_ShouldWork
=== PAUSE TestNewPeerShardMapper_ShouldWork
=== RUN   TestPeerShardMapper_UpdatePeerIDInfoShouldWork
=== PAUSE TestPeerShardMapper_UpdatePeerIDInfoShouldWork
=== RUN   TestPeerShardMapper_UpdatePeerIDInfoMorePidsThanAllowedShouldTrim
=== PAUSE TestPeerShardMapper_UpdatePeerIDInfoMorePidsThanAllowedShouldTrim
=== RUN   TestPeerShardMapper_UpdatePeerIDInfoShouldUpdatePkForExistentPid
=== PAUSE TestPeerShardMapper_UpdatePeerIDInfoShouldUpdatePkForExistentPid
=== RUN   TestPeerShardMapper_UpdatePeerIDInfoWrongTypePkInPeerIdPkShouldRemove
=== PAUSE TestPeerShardMapper_UpdatePeerIDInfoWrongTypePkInPeerIdPkShouldRemove
=== RUN   TestPeerShardMapper_UpdatePeerIDInfoShouldWorkConcurrently
=== PAUSE TestPeerShardMapper_UpdatePeerIDInfoShouldWorkConcurrently
=== RUN   TestPeerShardMapper_UpdatePeerIDPublicKeyPairShouldWork
=== PAUSE TestPeerShardMapper_UpdatePeerIDPublicKeyPairShouldWork
=== RUN   TestPeerShardMapper_GetPeerInfoPkNotFoundShouldReturnUnknown
=== PAUSE TestPeerShardMapper_GetPeerInfoPkNotFoundShouldReturnUnknown
=== RUN   TestPeerShardMapper_GetPeerInfoNodesCoordinatorHasTheShardId
=== PAUSE TestPeerShardMapper_GetPeerInfoNodesCoordinatorHasTheShardId
=== RUN   TestPeerShardMapper_GetPeerInfoNodesCoordinatorWrongTypeInCacheShouldReturnUnknown
=== PAUSE TestPeerShardMapper_GetPeerInfoNodesCoordinatorWrongTypeInCacheShouldReturnUnknown
=== RUN   TestPeerShardMapper_GetPeerInfoNodesCoordinatorDoesntHaveItShouldReturnFromTheFallbackMap
=== PAUSE TestPeerShardMapper_GetPeerInfoNodesCoordinatorDoesntHaveItShouldReturnFromTheFallbackMap
=== RUN   TestPeerShardMapper_GetPeerInfoNodesCoordinatorDoesntHaveItWrongTypeInCacheShouldReturnUnknown
=== PAUSE TestPeerShardMapper_GetPeerInfoNodesCoordinatorDoesntHaveItWrongTypeInCacheShouldReturnUnknown
=== RUN   TestPeerShardMapper_GetPeerInfoNodesCoordinatorDoesntHaveItShouldReturnFromTheSecondFallbackMap
=== PAUSE TestPeerShardMapper_GetPeerInfoNodesCoordinatorDoesntHaveItShouldReturnFromTheSecondFallbackMap
=== RUN   TestPeerShardMapper_GetPeerInfoShouldRetUnknownShardId
=== PAUSE TestPeerShardMapper_GetPeerInfoShouldRetUnknownShardId
=== RUN   TestPeerShardMapper_GetPeerInfoWithWrongTypeInCacheShouldReturnUnknown
=== PAUSE TestPeerShardMapper_GetPeerInfoWithWrongTypeInCacheShouldReturnUnknown
=== RUN   TestPeerShardMapper_GetPeerInfoShouldWorkConcurrently
=== PAUSE TestPeerShardMapper_GetPeerInfoShouldWorkConcurrently
=== RUN   TestPeerShardMapper_NotifyOrder
=== PAUSE TestPeerShardMapper_NotifyOrder
=== RUN   TestPeerShardMapper_UpdatePeerIDPublicKey
=== PAUSE TestPeerShardMapper_UpdatePeerIDPublicKey
=== RUN   TestPeerShardMapper_PutPeerIdShardId
=== PAUSE TestPeerShardMapper_PutPeerIdShardId
=== CONT  TestNewPeerShardMapper_NilNodesCoordinatorShouldErr
--- PASS: TestNewPeerShardMapper_NilNodesCoordinatorShouldErr (0.00s)
=== CONT  TestPeerShardMapper_PutPeerIdShardId
--- PASS: TestPeerShardMapper_PutPeerIdShardId (0.00s)
=== CONT  TestPeerShardMapper_UpdatePeerIDPublicKey
=== RUN   TestPeerShardMapper_UpdatePeerIDPublicKey/peer_shard_mapper_is_new,_adding_a_pair_should_return_true
=== PAUSE TestPeerShardMapper_UpdatePeerIDPublicKey/peer_shard_mapper_is_new,_adding_a_pair_should_return_true
=== RUN   TestPeerShardMapper_UpdatePeerIDPublicKey/pair_exists,_adding_the_pairs_multiple_times_should_return_false
=== PAUSE TestPeerShardMapper_UpdatePeerIDPublicKey/pair_exists,_adding_the_pairs_multiple_times_should_return_false
=== RUN   TestPeerShardMapper_UpdatePeerIDPublicKey/pair_exists_but_on_a_different_public_key_returns_true
=== PAUSE TestPeerShardMapper_UpdatePeerIDPublicKey/pair_exists_but_on_a_different_public_key_returns_true
=== RUN   TestPeerShardMapper_UpdatePeerIDPublicKey/pair_exists_but_on_a_different_pid_returns_true
=== PAUSE TestPeerShardMapper_UpdatePeerIDPublicKey/pair_exists_but_on_a_different_pid_returns_true
=== CONT  TestPeerShardMapper_UpdatePeerIDPublicKey/peer_shard_mapper_is_new,_adding_a_pair_should_return_true
=== CONT  TestPeerShardMapper_NotifyOrder
--- PASS: TestPeerShardMapper_NotifyOrder (0.00s)
=== CONT  TestPeerShardMapper_GetPeerInfoShouldWorkConcurrently
=== CONT  TestPeerShardMapper_GetPeerInfoWithWrongTypeInCacheShouldReturnUnknown
[0;33mWARN [0m[2026-03-16 10:14:12.311]   PeerShardMapper.getPeerInfoSearchingPidInFallbackCache: the contained element should have been of type uint32 
--- PASS: TestPeerShardMapper_GetPeerInfoWithWrongTypeInCacheShouldReturnUnknown (0.00s)
=== CONT  TestPeerShardMapper_GetPeerInfoShouldRetUnknownShardId
--- PASS: TestPeerShardMapper_GetPeerInfoShouldRetUnknownShardId (0.00s)
=== CONT  TestPeerShardMapper_GetPeerInfoNodesCoordinatorDoesntHaveItShouldReturnFromTheSecondFallbackMap
--- PASS: TestPeerShardMapper_GetPeerInfoNodesCoordinatorDoesntHaveItShouldReturnFromTheSecondFallbackMap (0.00s)
=== CONT  TestPeerShardMapper_GetPeerInfoNodesCoordinatorDoesntHaveItWrongTypeInCacheShouldReturnUnknown
[0;33mWARN [0m[2026-03-16 10:14:12.311]   PeerShardMapper.getShardIDSearchingPkInFallbackCache: the contained element should have been of type uint32 
--- PASS: TestPeerShardMapper_GetPeerInfoNodesCoordinatorDoesntHaveItWrongTypeInCacheShouldReturnUnknown (0.00s)
=== CONT  TestPeerShardMapper_GetPeerInfoNodesCoordinatorDoesntHaveItShouldReturnFromTheFallbackMap
--- PASS: TestPeerShardMapper_GetPeerInfoNodesCoordinatorDoesntHaveItShouldReturnFromTheFallbackMap (0.00s)
=== CONT  TestPeerShardMapper_GetPeerInfoNodesCoordinatorWrongTypeInCacheShouldReturnUnknown
[0;33mWARN [0m[2026-03-16 10:14:12.311]   PeerShardMapper.getPeerInfoWithNodesCoordinator: the contained element should have been of type []byte 
--- PASS: TestPeerShardMapper_GetPeerInfoNodesCoordinatorWrongTypeInCacheShouldReturnUnknown (0.00s)
=== CONT  TestPeerShardMapper_GetPeerInfoNodesCoordinatorHasTheShardId
--- PASS: TestPeerShardMapper_GetPeerInfoNodesCoordinatorHasTheShardId (0.00s)
=== CONT  TestPeerShardMapper_GetPeerInfoPkNotFoundShouldReturnUnknown
--- PASS: TestPeerShardMapper_GetPeerInfoPkNotFoundShouldReturnUnknown (0.00s)
=== CONT  TestPeerShardMapper_UpdatePeerIDPublicKeyPairShouldWork
--- PASS: TestPeerShardMapper_UpdatePeerIDPublicKeyPairShouldWork (0.00s)
=== CONT  TestPeerShardMapper_UpdatePeerIDInfoShouldWorkConcurrently
=== CONT  TestPeerShardMapper_UpdatePeerIDInfoWrongTypePkInPeerIdPkShouldRemove
--- PASS: TestPeerShardMapper_UpdatePeerIDInfoWrongTypePkInPeerIdPkShouldRemove (0.00s)
=== CONT  TestPeerShardMapper_UpdatePeerIDInfoShouldUpdatePkForExistentPid
--- PASS: TestPeerShardMapper_UpdatePeerIDInfoShouldUpdatePkForExistentPid (0.00s)
=== CONT  TestPeerShardMapper_UpdatePeerIDInfoMorePidsThanAllowedShouldTrim
--- PASS: TestPeerShardMapper_UpdatePeerIDInfoMorePidsThanAllowedShouldTrim (0.00s)
=== CONT  TestPeerShardMapper_UpdatePeerIDInfoShouldWork
--- PASS: TestPeerShardMapper_UpdatePeerIDInfoShouldWork (0.00s)
=== CONT  TestNewPeerShardMapper_ShouldWork
--- PASS: TestNewPeerShardMapper_ShouldWork (0.00s)
=== CONT  TestNewPeerShardMapper_NilPreferredShouldErr
--- PASS: TestNewPeerShardMapper_NilPreferredShouldErr (0.00s)
=== CONT  TestNewPeerShardMapper_NilCacherForPeerIdShardIdShouldErr
--- PASS: TestNewPeerShardMapper_NilCacherForPeerIdShardIdShouldErr (0.00s)
=== CONT  TestNewPeerShardMapper_NilCacherForPkShardIdShouldErr
--- PASS: TestNewPeerShardMapper_NilCacherForPkShardIdShouldErr (0.00s)
=== CONT  TestNewPeerShardMapper_NilCacherForPeerIdPkShouldErr
--- PASS: TestNewPeerShardMapper_NilCacherForPeerIdPkShouldErr (0.00s)
=== CONT  TestPeerShardMapper_UpdatePeerIDPublicKey/pair_exists_but_on_a_different_pid_returns_true
=== CONT  TestPeerShardMapper_UpdatePeerIDPublicKey/pair_exists_but_on_a_different_public_key_returns_true
=== CONT  TestPeerShardMapper_UpdatePeerIDPublicKey/pair_exists,_adding_the_pairs_multiple_times_should_return_false
--- PASS: TestPeerShardMapper_UpdatePeerIDInfoShouldWorkConcurrently (0.00s)
--- PASS: TestPeerShardMapper_GetPeerInfoShouldWorkConcurrently (0.00s)
--- PASS: TestPeerShardMapper_UpdatePeerIDPublicKey (0.00s)
    --- PASS: TestPeerShardMapper_UpdatePeerIDPublicKey/peer_shard_mapper_is_new,_adding_a_pair_should_return_true (0.00s)
    --- PASS: TestPeerShardMapper_UpdatePeerIDPublicKey/pair_exists_but_on_a_different_pid_returns_true (0.00s)
    --- PASS: TestPeerShardMapper_UpdatePeerIDPublicKey/pair_exists_but_on_a_different_public_key_returns_true (0.00s)
    --- PASS: TestPeerShardMapper_UpdatePeerIDPublicKey/pair_exists,_adding_the_pairs_multiple_times_should_return_false (0.00s)
PASS
ok  	github.com/TerraDharitri/drt-go-chain/sharding/networksharding	(cached)
=== RUN   TestComputeStartIndexAndNumAppearancesForValidator
--- PASS: TestComputeStartIndexAndNumAppearancesForValidator (0.00s)
=== RUN   TestBoth
--- PASS: TestBoth (0.03s)
=== RUN   TestSerializableShardValidatorListToValidatorListShouldErrNilPubKey
=== PAUSE TestSerializableShardValidatorListToValidatorListShouldErrNilPubKey
=== RUN   TestSerializableShardValidatorListToValidatorListShouldWork
=== PAUSE TestSerializableShardValidatorListToValidatorListShouldWork
=== RUN   TestSerializableValidatorsToValidatorsShouldWork
=== PAUSE TestSerializableValidatorsToValidatorsShouldWork
=== RUN   TestSerializableValidatorsToValidatorsShouldErrNilPubKey
=== PAUSE TestSerializableValidatorsToValidatorsShouldErrNilPubKey
=== RUN   TestSerializableValidatorsToValidatorsShouldErrEmptyString
=== PAUSE TestSerializableValidatorsToValidatorsShouldErrEmptyString
=== RUN   TestNewSelectorExpandedListNilWeightsShouldErr
=== PAUSE TestNewSelectorExpandedListNilWeightsShouldErr
=== RUN   TestNewSelectorExpandedListNilHasherShouldErr
=== PAUSE TestNewSelectorExpandedListNilHasherShouldErr
=== RUN   TestNewSelectorExpandedListInvalidWeightShouldErr
=== PAUSE TestNewSelectorExpandedListInvalidWeightShouldErr
=== RUN   TestNewSelectorExpandedListOK
=== PAUSE TestNewSelectorExpandedListOK
=== RUN   TestSelectorExpandedList_IsInterfaceNil
=== PAUSE TestSelectorExpandedList_IsInterfaceNil
=== RUN   TestSelectorExpandedList_SelectNilRandomessShouldErr
=== PAUSE TestSelectorExpandedList_SelectNilRandomessShouldErr
=== RUN   TestSelectorExpandedList_Select0SampleSizeShouldErr
=== PAUSE TestSelectorExpandedList_Select0SampleSizeShouldErr
=== RUN   TestSelectorExpandedList_SelectSampleSizeGreaterThanSetShouldErr
=== PAUSE TestSelectorExpandedList_SelectSampleSizeGreaterThanSetShouldErr
=== RUN   TestSelectorExpandedList_SelectOK
=== PAUSE TestSelectorExpandedList_SelectOK
=== RUN   Test_copyValidatorMap
=== PAUSE Test_copyValidatorMap
=== RUN   Test_promoteWaitingToEligibleEmptyList
=== PAUSE Test_promoteWaitingToEligibleEmptyList
=== RUN   Test_promoteWaitingToEligible_ZeroEligible
=== PAUSE Test_promoteWaitingToEligible_ZeroEligible
=== RUN   Test_promoteWaitingToEligible_LessWaitingThanRemainingSize
=== PAUSE Test_promoteWaitingToEligible_LessWaitingThanRemainingSize
=== RUN   Test_promoteWaitingToEligible_ExactlyWaitingToRemainingSize
=== PAUSE Test_promoteWaitingToEligible_ExactlyWaitingToRemainingSize
=== RUN   Test_promoteWaitingToEligible_MoreWaitingThanRemainingSize
=== PAUSE Test_promoteWaitingToEligible_MoreWaitingThanRemainingSize
=== RUN   Test_promoteWaitingToEligible_2xMoreWaitingThanRemainingSize
=== PAUSE Test_promoteWaitingToEligible_2xMoreWaitingThanRemainingSize
=== RUN   Test_promoteWaitingToEligible_
=== PAUSE Test_promoteWaitingToEligible_
=== RUN   Test_promoteWaitingToNilEligible
=== PAUSE Test_promoteWaitingToNilEligible
=== RUN   Test_removeValidatorFromListFirst
=== PAUSE Test_removeValidatorFromListFirst
=== RUN   Test_removeValidatorFromListLast
=== PAUSE Test_removeValidatorFromListLast
=== RUN   Test_removeValidatorFromListMiddle
=== PAUSE Test_removeValidatorFromListMiddle
=== RUN   Test_removeValidatorFromListIndexNegativeNoAction
=== PAUSE Test_removeValidatorFromListIndexNegativeNoAction
=== RUN   Test_removeValidatorFromListIndexTooBigNoAction
=== PAUSE Test_removeValidatorFromListIndexTooBigNoAction
=== RUN   Test_removeValidatorsFromListRemoveFromStart
=== PAUSE Test_removeValidatorsFromListRemoveFromStart
=== RUN   Test_removeValidatorsFromListRemoveFromLast
=== PAUSE Test_removeValidatorsFromListRemoveFromLast
=== RUN   Test_removeValidatorsFromListRemoveFromFirstMaxSmaller
=== PAUSE Test_removeValidatorsFromListRemoveFromFirstMaxSmaller
=== RUN   Test_removeValidatorsFromListRemoveFromFirstMaxGreater
=== PAUSE Test_removeValidatorsFromListRemoveFromFirstMaxGreater
=== RUN   Test_removeValidatorsFromListRemoveFromLastMaxSmaller
=== PAUSE Test_removeValidatorsFromListRemoveFromLastMaxSmaller
=== RUN   Test_removeValidatorsFromListRemoveFromLastMaxGreater
=== PAUSE Test_removeValidatorsFromListRemoveFromLastMaxGreater
=== RUN   Test_removeValidatorsFromListRandomValidatorsMaxSmaller
=== PAUSE Test_removeValidatorsFromListRandomValidatorsMaxSmaller
=== RUN   Test_removeValidatorsFromListRandomValidatorsMaxGreater
=== PAUSE Test_removeValidatorsFromListRandomValidatorsMaxGreater
=== RUN   Test_removeDuplicates_NoDuplicates
=== PAUSE Test_removeDuplicates_NoDuplicates
=== RUN   Test_removeDuplicates_SomeDuplicates
=== PAUSE Test_removeDuplicates_SomeDuplicates
=== RUN   Test_removeDuplicates_AllDuplicates
=== PAUSE Test_removeDuplicates_AllDuplicates
=== RUN   Test_shuffleList
=== PAUSE Test_shuffleList
=== RUN   Test_shuffleListParameterNotChanged
=== PAUSE Test_shuffleListParameterNotChanged
=== RUN   Test_shuffleListConsistentShuffling
=== PAUSE Test_shuffleListConsistentShuffling
=== RUN   Test_equalizeValidatorsListsZeroToDistributeNoError
=== PAUSE Test_equalizeValidatorsListsZeroToDistributeNoError
=== RUN   Test_equalizeValidatorsListsOneEmptyWaitingListNotEnoughToEqualize
=== PAUSE Test_equalizeValidatorsListsOneEmptyWaitingListNotEnoughToEqualize
=== RUN   Test_equalizeValidatorsListsOneEmptyWaitingListExactNumberToEqualize
=== PAUSE Test_equalizeValidatorsListsOneEmptyWaitingListExactNumberToEqualize
=== RUN   Test_equalizeValidatorsListsUnbalancedListsEnoughToDistribute
=== PAUSE Test_equalizeValidatorsListsUnbalancedListsEnoughToDistribute
=== RUN   Test_equalizeValidatorsListsUnbalancedListsNotEnoughToDistribute
=== PAUSE Test_equalizeValidatorsListsUnbalancedListsNotEnoughToDistribute
=== RUN   Test_distributeValidatorsEqualNumber
=== PAUSE Test_distributeValidatorsEqualNumber
=== RUN   Test_distributeValidatorsEqualNumberNoMeta
=== PAUSE Test_distributeValidatorsEqualNumberNoMeta
=== RUN   Test_distributeValidatorsEqualNumberConsistent
=== PAUSE Test_distributeValidatorsEqualNumberConsistent
=== RUN   Test_distributeValidatorsUnequalNumber
=== PAUSE Test_distributeValidatorsUnequalNumber
=== RUN   Test_distributeValidatorsUnequalNumberConsistent
=== PAUSE Test_distributeValidatorsUnequalNumberConsistent
=== RUN   Test_distributeValidatorsNilOrEmptyDestination
=== PAUSE Test_distributeValidatorsNilOrEmptyDestination
=== RUN   Test_shuffleOutNodesNoLeaving
=== PAUSE Test_shuffleOutNodesNoLeaving
=== RUN   Test_shuffleOutNodesWithLeaving
=== PAUSE Test_shuffleOutNodesWithLeaving
=== RUN   Test_shuffleOutNodesWithLeavingMoreThanWaiting
=== PAUSE Test_shuffleOutNodesWithLeavingMoreThanWaiting
=== RUN   Test_removeLeavingNodesFromValidatorMaps
=== PAUSE Test_removeLeavingNodesFromValidatorMaps
=== RUN   TestNewHashValidatorsShuffler
=== PAUSE TestNewHashValidatorsShuffler
=== RUN   TestRandHashShuffler_computeNewShardsNotChanging
=== PAUSE TestRandHashShuffler_computeNewShardsNotChanging
=== RUN   TestRandHashShuffler_computeNewShardsWithSplit
=== PAUSE TestRandHashShuffler_computeNewShardsWithSplit
=== RUN   TestRandHashShuffler_computeNewShardsWithMerge
=== PAUSE TestRandHashShuffler_computeNewShardsWithMerge
=== RUN   TestRandHashShuffler_UpdateNodeListsNoReSharding
=== PAUSE TestRandHashShuffler_UpdateNodeListsNoReSharding
=== RUN   TestRandHashShuffler_UpdateNodeListsWithUnstakeLeavingRemovesFromEligible
=== PAUSE TestRandHashShuffler_UpdateNodeListsWithUnstakeLeavingRemovesFromEligible
=== RUN   TestRandHashShuffler_UpdateNodeListsWaitingListFixDisabled
=== PAUSE TestRandHashShuffler_UpdateNodeListsWaitingListFixDisabled
=== RUN   TestRandHashShuffler_UpdateNodeListsAndCheckWaitingList
--- PASS: TestRandHashShuffler_UpdateNodeListsAndCheckWaitingList (0.00s)
=== RUN   TestRandHashShuffler_UpdateNodeListsWithUnstakeLeavingRemovesFromWaiting
=== PAUSE TestRandHashShuffler_UpdateNodeListsWithUnstakeLeavingRemovesFromWaiting
=== RUN   TestRandHashShuffler_UpdateNodeListsWithNonExistentUnstakeLeavingDoesNotRemove
=== PAUSE TestRandHashShuffler_UpdateNodeListsWithNonExistentUnstakeLeavingDoesNotRemove
=== RUN   TestRandHashShuffler_UpdateNodeListsWithRangeOnMaps
=== PAUSE TestRandHashShuffler_UpdateNodeListsWithRangeOnMaps
=== RUN   TestRandHashShuffler_UpdateNodeListsNoReShardingIntraShardShuffling
=== PAUSE TestRandHashShuffler_UpdateNodeListsNoReShardingIntraShardShuffling
=== RUN   TestRandHashShuffler_RemoveLeavingNodesNotExistingInEligibleOrWaiting_WithAllKnown
=== PAUSE TestRandHashShuffler_RemoveLeavingNodesNotExistingInEligibleOrWaiting_WithAllKnown
=== RUN   TestRandHashShuffler_RemoveLeavingNodesNotExistingInEligibleOrWaiting_WithAllNotKnown
=== PAUSE TestRandHashShuffler_RemoveLeavingNodesNotExistingInEligibleOrWaiting_WithAllNotKnown
=== RUN   TestRandHashShuffler_RemoveLeavingNodesNotExistingInEligibleOrWaiting_3Found3NotFound
=== PAUSE TestRandHashShuffler_RemoveLeavingNodesNotExistingInEligibleOrWaiting_3Found3NotFound
=== RUN   TestRandHashShuffler_RemoveLeavingNodesFromValidatorMaps_FromEligible
=== PAUSE TestRandHashShuffler_RemoveLeavingNodesFromValidatorMaps_FromEligible
=== RUN   TestRandHashShuffler_RemoveLeavingNodesFromValidatorMaps_FromWaiting
=== PAUSE TestRandHashShuffler_RemoveLeavingNodesFromValidatorMaps_FromWaiting
=== RUN   TestRandHashShuffler_RemoveLeavingNodesFromValidatorMaps_NonExisting
=== PAUSE TestRandHashShuffler_RemoveLeavingNodesFromValidatorMaps_NonExisting
=== RUN   TestRandHashShuffler_RemoveLeavingNodesFromValidatorMaps_2Eligible2Waiting2NonExisting
=== PAUSE TestRandHashShuffler_RemoveLeavingNodesFromValidatorMaps_2Eligible2Waiting2NonExisting
=== RUN   TestRandHashShuffler_RemoveLeavingNodesFromValidatorMaps_2FromEligible2FromWaitingFrom3Waiting
=== PAUSE TestRandHashShuffler_RemoveLeavingNodesFromValidatorMaps_2FromEligible2FromWaitingFrom3Waiting
=== RUN   TestRandHashShuffler_UpdateNodeLists_WithUnstakeLeaving
=== PAUSE TestRandHashShuffler_UpdateNodeLists_WithUnstakeLeaving
=== RUN   TestRandHashShuffler_UpdateNodeLists_WithUnstakeLeaving_EnoughRemaining
=== PAUSE TestRandHashShuffler_UpdateNodeLists_WithUnstakeLeaving_EnoughRemaining
=== RUN   TestRandHashShuffler_UpdateNodeLists_WithUnstakeLeaving_NotEnoughRemaining
=== PAUSE TestRandHashShuffler_UpdateNodeLists_WithUnstakeLeaving_NotEnoughRemaining
=== RUN   TestRandHashShuffler_UpdateNodeLists_WithAdditionalLeaving
=== PAUSE TestRandHashShuffler_UpdateNodeLists_WithAdditionalLeaving
=== RUN   TestRandHashShuffler_UpdateNodeLists_WithUnstakeAndAdditionalLeaving_NoDuplicates
=== PAUSE TestRandHashShuffler_UpdateNodeLists_WithUnstakeAndAdditionalLeaving_NoDuplicates
=== RUN   TestRandHashShuffler_UpdateNodeLists_WithAdditionalLeaving_WithDuplicates
=== PAUSE TestRandHashShuffler_UpdateNodeLists_WithAdditionalLeaving_WithDuplicates
=== RUN   TestRandHashShuffler_UpdateNodeLists_All
=== PAUSE TestRandHashShuffler_UpdateNodeLists_All
=== RUN   TestRandHashShuffler_UpdateNodeLists_WithNewNodes_NoWaiting
=== PAUSE TestRandHashShuffler_UpdateNodeLists_WithNewNodes_NoWaiting
=== RUN   TestRandHashShuffler_UpdateNodeLists_WithNewNodes_NilOrEmptyWaiting
=== PAUSE TestRandHashShuffler_UpdateNodeLists_WithNewNodes_NilOrEmptyWaiting
=== RUN   TestRandHashShuffler_UpdateNodeLists_WithNewNodes_WithWaiting
=== PAUSE TestRandHashShuffler_UpdateNodeLists_WithNewNodes_WithWaiting
=== RUN   TestRandHashShuffler_UpdateNodeLists_WithStakingV4
=== PAUSE TestRandHashShuffler_UpdateNodeLists_WithStakingV4
=== RUN   TestRandHashShuffler_UpdateNodeLists_WithNewNodes_WithWaiting_WithLeaving
=== PAUSE TestRandHashShuffler_UpdateNodeLists_WithNewNodes_WithWaiting_WithLeaving
=== RUN   TestRandHashShuffler_ShuffleOutShard_WithMoreThanValidatorsShuffledOut
=== PAUSE TestRandHashShuffler_ShuffleOutShard_WithMoreThanValidatorsShuffledOut
=== RUN   TestRandHashShuffler_ShuffleOutShard_WithLessThanValidatorsShuffledOut
=== PAUSE TestRandHashShuffler_ShuffleOutShard_WithLessThanValidatorsShuffledOut
=== RUN   TestRandHashShuffler_ShuffleOutShard_WithZeroValidatorsShuffledOut
=== PAUSE TestRandHashShuffler_ShuffleOutShard_WithZeroValidatorsShuffledOut
=== RUN   TestRandHashShuffler_sortConfigs
=== PAUSE TestRandHashShuffler_sortConfigs
=== RUN   TestRandHashShuffler_UpdateShufflerConfig
=== PAUSE TestRandHashShuffler_UpdateShufflerConfig
=== RUN   TestIndexHashedNodesCoordinator_SetNodesConfigFromValidatorsInfo
=== PAUSE TestIndexHashedNodesCoordinator_SetNodesConfigFromValidatorsInfo
=== RUN   TestIndexHashedNodesCoordinator_SetNodesConfigFromValidatorsInfoMultipleEpochs
=== PAUSE TestIndexHashedNodesCoordinator_SetNodesConfigFromValidatorsInfoMultipleEpochs
=== RUN   TestIndexHashedNodesCoordinator_IsEpochInConfig
=== PAUSE TestIndexHashedNodesCoordinator_IsEpochInConfig
=== RUN   TestIndexHashedNodesCoordinator_LoadStateAfterSave
=== PAUSE TestIndexHashedNodesCoordinator_LoadStateAfterSave
=== RUN   TestIndexHashedNodesCoordinator_LoadStateAfterSaveWithStakingV4
=== PAUSE TestIndexHashedNodesCoordinator_LoadStateAfterSaveWithStakingV4
=== RUN   TestIndexHashedNodesCoordinator_nodesCoordinatorToRegistryWithStakingV4
[0;32mINFO [0m[2026-03-16 10:14:12.935]   new nodes config is set for epoch        [0;32mepoch[0m = 444 
--- PASS: TestIndexHashedNodesCoordinator_nodesCoordinatorToRegistryWithStakingV4 (0.00s)
=== RUN   TestIndexHashedNodesCoordinator_nodesCoordinatorToRegistry
[0;32mINFO [0m[2026-03-16 10:14:12.935]   new nodes config is set for epoch        [0;32mepoch[0m = 0 
--- PASS: TestIndexHashedNodesCoordinator_nodesCoordinatorToRegistry (0.00s)
=== RUN   TestIndexHashedNodesCoordinator_nodesCoordinatorWithAuctionToRegistryAndBack
[0;32mINFO [0m[2026-03-16 10:14:12.935]   new nodes config is set for epoch        [0;32mepoch[0m = 0 
--- PASS: TestIndexHashedNodesCoordinator_nodesCoordinatorWithAuctionToRegistryAndBack (0.00s)
=== RUN   TestIndexHashedNodesCoordinator_registryToNodesCoordinator
[0;32mINFO [0m[2026-03-16 10:14:12.935]   new nodes config is set for epoch        [0;32mepoch[0m = 0 
[0;32mINFO [0m[2026-03-16 10:14:12.935]   new nodes config is set for epoch        [0;32mepoch[0m = 0 
--- PASS: TestIndexHashedNodesCoordinator_registryToNodesCoordinator (0.00s)
=== RUN   TestIndexHashedNodesCooridinator_nodesCoordinatorToRegistryLimitNumEpochsInRegistry
[0;32mINFO [0m[2026-03-16 10:14:12.935]   new nodes config is set for epoch        [0;32mepoch[0m = 100 
--- PASS: TestIndexHashedNodesCooridinator_nodesCoordinatorToRegistryLimitNumEpochsInRegistry (0.00s)
=== RUN   TestIndexHashedNodesCoordinator_epochNodesConfigToEpochValidators
[0;32mINFO [0m[2026-03-16 10:14:12.936]   new nodes config is set for epoch        [0;32mepoch[0m = 0 
--- PASS: TestIndexHashedNodesCoordinator_epochNodesConfigToEpochValidators (0.00s)
=== RUN   TestIndexHashedNodesCoordinator_epochValidatorsToEpochNodesConfig
[0;32mINFO [0m[2026-03-16 10:14:12.936]   new nodes config is set for epoch        [0;32mepoch[0m = 0 
--- PASS: TestIndexHashedNodesCoordinator_epochValidatorsToEpochNodesConfig (0.00s)
=== RUN   TestIndexHashedNodesCoordinator_validatorArrayToSerializableValidatorArray
--- PASS: TestIndexHashedNodesCoordinator_validatorArrayToSerializableValidatorArray (0.00s)
=== RUN   TestIndexHashedNodesCoordinator_serializableValidatorsMapToValidatorsMap
--- PASS: TestIndexHashedNodesCoordinator_serializableValidatorsMapToValidatorsMap (0.00s)
=== RUN   TestIndexHashedNodesCoordinator_serializableValidatorArrayToValidatorArray
--- PASS: TestIndexHashedNodesCoordinator_serializableValidatorArrayToValidatorArray (0.00s)
=== RUN   TestNewIndexHashedNodesCoordinatorWithRater_NilRaterShouldErr
[0;32mINFO [0m[2026-03-16 10:14:12.937]   new nodes config is set for epoch        [0;32mepoch[0m = 0 
--- PASS: TestNewIndexHashedNodesCoordinatorWithRater_NilRaterShouldErr (0.00s)
=== RUN   TestNewIndexHashedNodesCoordinatorWithRater_NilNodesCoordinatorShouldErr
--- PASS: TestNewIndexHashedNodesCoordinatorWithRater_NilNodesCoordinatorShouldErr (0.00s)
=== RUN   TestNewIndexHashedGroupSelectorWithRater_OkValsShouldWork
=== PAUSE TestNewIndexHashedGroupSelectorWithRater_OkValsShouldWork
=== RUN   TestIndexHashedGroupSelectorWithRater_SetNilEligibleMapShouldErr
=== PAUSE TestIndexHashedGroupSelectorWithRater_SetNilEligibleMapShouldErr
=== RUN   TestIndexHashedGroupSelectorWithRater_OkValShouldWork
=== PAUSE TestIndexHashedGroupSelectorWithRater_OkValShouldWork
=== RUN   TestIndexHashedGroupSelectorWithRater_ComputeValidatorsGroup1ValidatorShouldNotCallGetRating
=== PAUSE TestIndexHashedGroupSelectorWithRater_ComputeValidatorsGroup1ValidatorShouldNotCallGetRating
=== RUN   Test_ComputeValidatorsGroup63of400
    indexHashedNodesCoordinatorWithRater_test.go:225: Long test
--- SKIP: Test_ComputeValidatorsGroup63of400 (0.00s)
=== RUN   TestIndexHashedGroupSelectorWithRater_GetValidatorWithPublicKeyShouldReturnErrNilPubKey
=== PAUSE TestIndexHashedGroupSelectorWithRater_GetValidatorWithPublicKeyShouldReturnErrNilPubKey
=== RUN   TestIndexHashedGroupSelectorWithRater_GetValidatorWithPublicKeyShouldReturnErrValidatorNotFound
=== PAUSE TestIndexHashedGroupSelectorWithRater_GetValidatorWithPublicKeyShouldReturnErrValidatorNotFound
=== RUN   TestIndexHashedGroupSelectorWithRater_GetValidatorWithPublicKeyShouldWork
=== PAUSE TestIndexHashedGroupSelectorWithRater_GetValidatorWithPublicKeyShouldWork
=== RUN   TestIndexHashedGroupSelectorWithRater_GetAllEligibleValidatorsPublicKeys
=== PAUSE TestIndexHashedGroupSelectorWithRater_GetAllEligibleValidatorsPublicKeys
=== RUN   TestIndexHashedGroupSelectorWithRater_ComputeAdditionalLeaving
=== PAUSE TestIndexHashedGroupSelectorWithRater_ComputeAdditionalLeaving
=== RUN   TestIndexHashedGroupSelectorWithRater_ComputeAdditionalLeaving_ShouldAddNewEligibleWaiting
=== PAUSE TestIndexHashedGroupSelectorWithRater_ComputeAdditionalLeaving_ShouldAddNewEligibleWaiting
=== RUN   TestIndexHashedGroupSelectorWithRater_ComputeAdditionalLeaving_ShouldNotAddInactiveAndJailed
=== PAUSE TestIndexHashedGroupSelectorWithRater_ComputeAdditionalLeaving_ShouldNotAddInactiveAndJailed
=== RUN   TestIndexHashedGroupSelectorWithRater_ComputeAdditionalLeaving_ShouldAddBelowMinRating
=== PAUSE TestIndexHashedGroupSelectorWithRater_ComputeAdditionalLeaving_ShouldAddBelowMinRating
=== RUN   TestNewIndexHashedNodesCoordinator_NilHasherShouldErr
=== PAUSE TestNewIndexHashedNodesCoordinator_NilHasherShouldErr
=== RUN   TestNewIndexHashedNodesCoordinator_NilChainParametersHandleShouldErr
=== PAUSE TestNewIndexHashedNodesCoordinator_NilChainParametersHandleShouldErr
=== RUN   TestNewIndexHashedNodesCoordinator_ZeroNbShardsShouldErr
=== PAUSE TestNewIndexHashedNodesCoordinator_ZeroNbShardsShouldErr
=== RUN   TestNewIndexHashedNodesCoordinator_InvalidShardIdShouldErr
=== PAUSE TestNewIndexHashedNodesCoordinator_InvalidShardIdShouldErr
=== RUN   TestNewIndexHashedNodesCoordinator_NilSelfPublicKeyShouldErr
=== PAUSE TestNewIndexHashedNodesCoordinator_NilSelfPublicKeyShouldErr
=== RUN   TestNewIndexHashedNodesCoordinator_NilCacherShouldErr
--- PASS: TestNewIndexHashedNodesCoordinator_NilCacherShouldErr (0.00s)
=== RUN   TestNewIndexHashedNodesCoordinator_NilEnableEpochsHandlerShouldErr
--- PASS: TestNewIndexHashedNodesCoordinator_NilEnableEpochsHandlerShouldErr (0.00s)
=== RUN   TestNewIndexHashedNodesCoordinator_InvalidEnableEpochsHandlerShouldErr
--- PASS: TestNewIndexHashedNodesCoordinator_InvalidEnableEpochsHandlerShouldErr (0.00s)
=== RUN   TestNewIndexHashedNodesCoordinator_NilGenesisNodesSetupHandlerShouldErr
--- PASS: TestNewIndexHashedNodesCoordinator_NilGenesisNodesSetupHandlerShouldErr (0.00s)
=== RUN   TestNewIndexHashedGroupSelector_OkValsShouldWork
=== PAUSE TestNewIndexHashedGroupSelector_OkValsShouldWork
=== RUN   TestIndexHashedNodesCoordinator_SetNilEligibleMapShouldErr
=== PAUSE TestIndexHashedNodesCoordinator_SetNilEligibleMapShouldErr
=== RUN   TestIndexHashedNodesCoordinator_SetNilWaitingMapShouldErr
=== PAUSE TestIndexHashedNodesCoordinator_SetNilWaitingMapShouldErr
=== RUN   TestIndexHashedNodesCoordinator_OkValShouldWork
=== PAUSE TestIndexHashedNodesCoordinator_OkValShouldWork
=== RUN   TestIndexHashedNodesCoordinator_NewCoordinatorTooFewNodesShouldErr
=== PAUSE TestIndexHashedNodesCoordinator_NewCoordinatorTooFewNodesShouldErr
=== RUN   TestIndexHashedNodesCoordinator_ComputeValidatorsGroupNilRandomnessShouldErr
=== PAUSE TestIndexHashedNodesCoordinator_ComputeValidatorsGroupNilRandomnessShouldErr
=== RUN   TestIndexHashedNodesCoordinator_ComputeValidatorsGroupInvalidShardIdShouldErr
=== PAUSE TestIndexHashedNodesCoordinator_ComputeValidatorsGroupInvalidShardIdShouldErr
=== RUN   TestIndexHashedNodesCoordinator_ComputeValidatorsGroup1ValidatorShouldReturnSame
=== PAUSE TestIndexHashedNodesCoordinator_ComputeValidatorsGroup1ValidatorShouldReturnSame
=== RUN   TestIndexHashedNodesCoordinator_ComputeValidatorsGroup400of400For10locksNoMemoization
[0;32mINFO [0m[2026-03-16 10:14:12.937]   new nodes config is set for epoch        [0;32mepoch[0m = 0 
--- PASS: TestIndexHashedNodesCoordinator_ComputeValidatorsGroup400of400For10locksNoMemoization (0.00s)
=== RUN   TestIndexHashedNodesCoordinator_ComputeValidatorsGroup400of400For10BlocksMemoization
[0;32mINFO [0m[2026-03-16 10:14:12.938]   new nodes config is set for epoch        [0;32mepoch[0m = 0 
--- PASS: TestIndexHashedNodesCoordinator_ComputeValidatorsGroup400of400For10BlocksMemoization (0.00s)
=== RUN   TestIndexHashedNodesCoordinator_ComputeValidatorsGroup63of400TestEqualSameParams
    indexHashedNodesCoordinator_test.go:672: testing consistency - to be run manually
--- SKIP: TestIndexHashedNodesCoordinator_ComputeValidatorsGroup63of400TestEqualSameParams (0.00s)
=== RUN   TestIndexHashedNodesCoordinator_GetValidatorWithPublicKeyShouldReturnErrNilPubKey
=== PAUSE TestIndexHashedNodesCoordinator_GetValidatorWithPublicKeyShouldReturnErrNilPubKey
=== RUN   TestIndexHashedNodesCoordinator_GetValidatorWithPublicKeyShouldReturnErrValidatorNotFound
=== PAUSE TestIndexHashedNodesCoordinator_GetValidatorWithPublicKeyShouldReturnErrValidatorNotFound
=== RUN   TestIndexHashedNodesCoordinator_GetValidatorWithPublicKeyShouldWork
=== PAUSE TestIndexHashedNodesCoordinator_GetValidatorWithPublicKeyShouldWork
=== RUN   TestIndexHashedGroupSelector_GetAllEligibleValidatorsPublicKeys
=== PAUSE TestIndexHashedGroupSelector_GetAllEligibleValidatorsPublicKeys
=== RUN   TestIndexHashedGroupSelector_GetAllWaitingValidatorsPublicKeys
=== PAUSE TestIndexHashedGroupSelector_GetAllWaitingValidatorsPublicKeys
=== RUN   TestIndexHashedNodesCoordinator_EpochStart
=== PAUSE TestIndexHashedNodesCoordinator_EpochStart
=== RUN   TestIndexHashedNodesCoordinator_setNodesPerShardsShouldTriggerWrongConfiguration
=== PAUSE TestIndexHashedNodesCoordinator_setNodesPerShardsShouldTriggerWrongConfiguration
=== RUN   TestIndexHashedNodesCoordinator_setNodesPerShardsShouldNotTriggerWrongConfiguration
=== PAUSE TestIndexHashedNodesCoordinator_setNodesPerShardsShouldNotTriggerWrongConfiguration
=== RUN   TestIndexHashedNodesCoordinator_setNodesPerShardsShouldSetNodeTypeValidator
=== PAUSE TestIndexHashedNodesCoordinator_setNodesPerShardsShouldSetNodeTypeValidator
=== RUN   TestIndexHashedNodesCoordinator_setNodesPerShardsShouldSetNodeTypeObserver
=== PAUSE TestIndexHashedNodesCoordinator_setNodesPerShardsShouldSetNodeTypeObserver
=== RUN   TestIndexHashedNodesCoordinator_EpochStartInEligible
=== PAUSE TestIndexHashedNodesCoordinator_EpochStartInEligible
=== RUN   TestIndexHashedNodesCoordinator_computeShardForSelfPublicKeyWithStakingV4
=== PAUSE TestIndexHashedNodesCoordinator_computeShardForSelfPublicKeyWithStakingV4
=== RUN   TestIndexHashedNodesCoordinator_EpochStartInWaiting
=== PAUSE TestIndexHashedNodesCoordinator_EpochStartInWaiting
=== RUN   TestIndexHashedNodesCoordinator_EpochStartInLeaving
=== PAUSE TestIndexHashedNodesCoordinator_EpochStartInLeaving
=== RUN   TestIndexHashedNodesCoordinator_EpochStart_EligibleSortedAscendingByIndex
=== PAUSE TestIndexHashedNodesCoordinator_EpochStart_EligibleSortedAscendingByIndex
=== RUN   TestIndexHashedNodesCoordinator_GetConsensusValidatorsPublicKeysNotExistingEpoch
=== PAUSE TestIndexHashedNodesCoordinator_GetConsensusValidatorsPublicKeysNotExistingEpoch
=== RUN   TestIndexHashedNodesCoordinator_GetConsensusValidatorsPublicKeysExistingEpoch
=== PAUSE TestIndexHashedNodesCoordinator_GetConsensusValidatorsPublicKeysExistingEpoch
=== RUN   TestIndexHashedNodesCoordinator_GetValidatorsIndexes
=== PAUSE TestIndexHashedNodesCoordinator_GetValidatorsIndexes
=== RUN   TestIndexHashedNodesCoordinator_GetValidatorsIndexesInvalidPubKey
=== PAUSE TestIndexHashedNodesCoordinator_GetValidatorsIndexesInvalidPubKey
=== RUN   TestIndexHashedNodesCoordinator_GetSavedStateKey
=== PAUSE TestIndexHashedNodesCoordinator_GetSavedStateKey
=== RUN   TestIndexHashedNodesCoordinator_GetSavedStateKeyEpoch0
=== PAUSE TestIndexHashedNodesCoordinator_GetSavedStateKeyEpoch0
=== RUN   TestIndexHashedNodesCoordinator_ShardIdForEpochInvalidEpoch
=== PAUSE TestIndexHashedNodesCoordinator_ShardIdForEpochInvalidEpoch
=== RUN   TestIndexHashedNodesCoordinator_ShardIdForEpochValidEpoch
=== PAUSE TestIndexHashedNodesCoordinator_ShardIdForEpochValidEpoch
=== RUN   TestIndexHashedNodesCoordinator_GetConsensusWhitelistedNodesEpoch0
=== PAUSE TestIndexHashedNodesCoordinator_GetConsensusWhitelistedNodesEpoch0
=== RUN   TestIndexHashedNodesCoordinator_GetConsensusWhitelistedNodesEpoch1
=== PAUSE TestIndexHashedNodesCoordinator_GetConsensusWhitelistedNodesEpoch1
=== RUN   TestIndexHashedNodesCoordinator_GetAllEligibleValidatorsPublicKeysForShard
=== PAUSE TestIndexHashedNodesCoordinator_GetAllEligibleValidatorsPublicKeysForShard
=== RUN   TestIndexHashedNodesCoordinator_GetConsensusWhitelistedNodesAfterRevertToEpoch
=== PAUSE TestIndexHashedNodesCoordinator_GetConsensusWhitelistedNodesAfterRevertToEpoch
=== RUN   TestIndexHashedNodesCoordinator_ConsensusGroupSize
=== PAUSE TestIndexHashedNodesCoordinator_ConsensusGroupSize
=== RUN   TestIndexHashedNodesCoordinator_GetNumTotalEligible
=== PAUSE TestIndexHashedNodesCoordinator_GetNumTotalEligible
=== RUN   TestIndexHashedNodesCoordinator_GetOwnPublicKey
=== PAUSE TestIndexHashedNodesCoordinator_GetOwnPublicKey
=== RUN   TestIndexHashedNodesCoordinator_ShuffleOutWithEligible
=== PAUSE TestIndexHashedNodesCoordinator_ShuffleOutWithEligible
=== RUN   TestIndexHashedNodesCoordinator_ShuffleOutWithWaiting
=== PAUSE TestIndexHashedNodesCoordinator_ShuffleOutWithWaiting
=== RUN   TestIndexHashedNodesCoordinator_ShuffleOutWithObserver
=== PAUSE TestIndexHashedNodesCoordinator_ShuffleOutWithObserver
=== RUN   TestIndexHashedNodesCoordinator_ShuffleOutNotFound
=== PAUSE TestIndexHashedNodesCoordinator_ShuffleOutNotFound
=== RUN   TestIndexHashedNodesCoordinator_ShuffleOutNilConfig
=== PAUSE TestIndexHashedNodesCoordinator_ShuffleOutNilConfig
=== RUN   TestIndexHashedNodesCoordinator_computeNodesConfigFromListNoValidators
=== PAUSE TestIndexHashedNodesCoordinator_computeNodesConfigFromListNoValidators
=== RUN   TestIndexHashedNodesCoordinator_computeNodesConfigFromListNilPk
=== PAUSE TestIndexHashedNodesCoordinator_computeNodesConfigFromListNilPk
=== RUN   TestIndexHashedNodesCoordinator_computeNodesConfigFromListWithStakingV4
=== PAUSE TestIndexHashedNodesCoordinator_computeNodesConfigFromListWithStakingV4
=== RUN   TestIndexHashedNodesCoordinator_computeNodesConfigFromListValidatorsWithFix
=== PAUSE TestIndexHashedNodesCoordinator_computeNodesConfigFromListValidatorsWithFix
=== RUN   TestIndexHashedNodesCoordinator_computeNodesConfigFromListValidatorsNoFix
=== PAUSE TestIndexHashedNodesCoordinator_computeNodesConfigFromListValidatorsNoFix
=== RUN   TestIndexHashedNodesCoordinator_IsInterfaceNil
=== PAUSE TestIndexHashedNodesCoordinator_IsInterfaceNil
=== RUN   TestIndexHashedNodesCoordinator_GetShardValidatorInfoData
=== PAUSE TestIndexHashedNodesCoordinator_GetShardValidatorInfoData
=== RUN   TestIndexHashedGroupSelector_GetWaitingEpochsLeftForPublicKey
=== PAUSE TestIndexHashedGroupSelector_GetWaitingEpochsLeftForPublicKey
=== RUN   TestNodesCoordinator_CustomConsensusGroupSize
[0;32mINFO [0m[2026-03-16 10:14:12.939]   new nodes config is set for epoch        [0;32mepoch[0m = 0 
--- PASS: TestNodesCoordinator_CustomConsensusGroupSize (0.01s)
=== RUN   TestIndexHashedNodesCoordinator_cacheConsensusGroup
=== PAUSE TestIndexHashedNodesCoordinator_cacheConsensusGroup
=== RUN   TestIndexHashedNodesCoordinator_selectLeaderAndConsensusGroup
=== PAUSE TestIndexHashedNodesCoordinator_selectLeaderAndConsensusGroup
=== RUN   TestIndexHashedNodesCoordinator_GetCachedEpochs
=== PAUSE TestIndexHashedNodesCoordinator_GetCachedEpochs
=== RUN   TestSelectionBasedProvider_AddToSortedSlice
--- PASS: TestSelectionBasedProvider_AddToSortedSlice (0.00s)
=== RUN   TestSelectionBasedProvider_Get
6
12
17
16
11
4
8

--- PASS: TestSelectionBasedProvider_Get (0.00s)
=== RUN   TestCrossShardValidatorDistributor_DistributeValidators_NilDestination
--- PASS: TestCrossShardValidatorDistributor_DistributeValidators_NilDestination (0.00s)
=== RUN   TestCrossShardValidatorDistributor_DistributeValidators_DistributesEqually
--- PASS: TestCrossShardValidatorDistributor_DistributeValidators_DistributesEqually (0.00s)
=== RUN   TestCrossShardValidatorDistributor_DistributeValidators_ShufflesBetweenShards
--- PASS: TestCrossShardValidatorDistributor_DistributeValidators_ShufflesBetweenShards (0.00s)
=== RUN   TestCrossShardValidatorDistributor_IsInterfaceNil
--- PASS: TestCrossShardValidatorDistributor_IsInterfaceNil (0.00s)
=== RUN   TestIntraShardValidatorDistributor_DistributeValidators_NilDestination
--- PASS: TestIntraShardValidatorDistributor_DistributeValidators_NilDestination (0.00s)
=== RUN   TestIntraShardValidatorDistributor_DistributeValidators_DistributesEqually
--- PASS: TestIntraShardValidatorDistributor_DistributeValidators_DistributesEqually (0.00s)
=== RUN   TestIntraShardValidatorDistributor_DistributeValidators_ShufflesIntraShard
--- PASS: TestIntraShardValidatorDistributor_DistributeValidators_ShufflesIntraShard (0.00s)
=== RUN   TestIntraShardValidatorDistributor_IsInterfaceNil
--- PASS: TestIntraShardValidatorDistributor_IsInterfaceNil (0.00s)
=== RUN   TestValidator_NewValidatorShouldFailOnNilPublickKey
=== PAUSE TestValidator_NewValidatorShouldFailOnNilPublickKey
=== RUN   TestValidator_NewValidatorShouldWork
=== PAUSE TestValidator_NewValidatorShouldWork
=== RUN   TestValidator_PubKeyShouldWork
=== PAUSE TestValidator_PubKeyShouldWork
=== RUN   TestNewSelectorWRSNilWeightsShouldErr
=== PAUSE TestNewSelectorWRSNilWeightsShouldErr
=== RUN   TestNewSelectorWRSNilHasherShouldErr
=== PAUSE TestNewSelectorWRSNilHasherShouldErr
=== RUN   TestNewSelectorWRSOK
=== PAUSE TestNewSelectorWRSOK
=== RUN   TestSelectorWRS_SelectNilRandSeedShouldErr
=== PAUSE TestSelectorWRS_SelectNilRandSeedShouldErr
=== RUN   TestSelectorWRS_SelectInvalidSampleSizeShouldErr
=== PAUSE TestSelectorWRS_SelectInvalidSampleSizeShouldErr
=== RUN   TestSelectorWRS_SelectInvalidWeightShouldErr
=== PAUSE TestSelectorWRS_SelectInvalidWeightShouldErr
=== RUN   TestSelectorWRS_SelectOK
=== PAUSE TestSelectorWRS_SelectOK
=== RUN   TestSelectorWRS_SelectOKSameParametersSameResult
=== PAUSE TestSelectorWRS_SelectOKSameParametersSameResult
=== RUN   TestSelectorWRS_IsInterfaceNil
=== PAUSE TestSelectorWRS_IsInterfaceNil
=== CONT  TestIndexHashedNodesCoordinator_GetConsensusWhitelistedNodesEpoch1
=== CONT  TestRandHashShuffler_UpdateNodeListsWithRangeOnMaps
=== CONT  TestIndexHashedNodesCoordinator_ShardIdForEpochValidEpoch
[0;32mINFO [0m[2026-03-16 10:14:12.949]   new nodes config is set for epoch        [0;32mepoch[0m = 0 
[0;32mINFO [0m[2026-03-16 10:14:12.949]   new nodes config is set for epoch        [0;32mepoch[0m = 0 
=== CONT  TestIndexHashedNodesCoordinator_GetShardValidatorInfoData
=== RUN   TestIndexHashedNodesCoordinator_GetShardValidatorInfoData/get_shard_validator_info_data_before_refactor_peers_mini_block_activation_flag_is_set
=== PAUSE TestIndexHashedNodesCoordinator_GetShardValidatorInfoData/get_shard_validator_info_data_before_refactor_peers_mini_block_activation_flag_is_set
=== CONT  TestRandHashShuffler_RemoveLeavingNodesFromValidatorMaps_NonExisting
=== CONT  TestSelectorWRS_SelectInvalidSampleSizeShouldErr
=== CONT  TestSelectorWRS_SelectNilRandSeedShouldErr
=== CONT  TestNewSelectorWRSOK
=== CONT  TestNewSelectorWRSNilHasherShouldErr
=== CONT  TestNewSelectorWRSNilWeightsShouldErr
=== CONT  TestValidator_PubKeyShouldWork
=== CONT  TestIndexHashedNodesCoordinator_GetConsensusWhitelistedNodesEpoch0
=== CONT  TestValidator_NewValidatorShouldFailOnNilPublickKey
=== CONT  TestIndexHashedNodesCoordinator_GetCachedEpochs
=== CONT  TestRandHashShuffler_RemoveLeavingNodesFromValidatorMaps_FromWaiting
=== CONT  TestRandHashShuffler_RemoveLeavingNodesFromValidatorMaps_FromEligible
[0;32mINFO [0m[2026-03-16 10:14:12.949]   new nodes config is set for epoch        [0;32mepoch[0m = 0 
[0;32mINFO [0m[2026-03-16 10:14:12.949]   new nodes config is set for epoch        [0;32mepoch[0m = 0 
=== CONT  TestRandHashShuffler_RemoveLeavingNodesNotExistingInEligibleOrWaiting_3Found3NotFound
=== CONT  TestRandHashShuffler_RemoveLeavingNodesNotExistingInEligibleOrWaiting_WithAllNotKnown
=== CONT  TestIndexHashedGroupSelectorWithRater_ComputeAdditionalLeaving_ShouldAddBelowMinRating
=== CONT  TestIndexHashedGroupSelector_GetWaitingEpochsLeftForPublicKey
=== CONT  TestRandHashShuffler_UpdateNodeListsNoReShardingIntraShardShuffling
=== CONT  TestRandHashShuffler_RemoveLeavingNodesNotExistingInEligibleOrWaiting_WithAllKnown
=== CONT  TestSelectorWRS_IsInterfaceNil
=== CONT  TestIndexHashedNodesCoordinator_ShardIdForEpochInvalidEpoch
=== CONT  TestIndexHashedNodesCoordinator_GetSavedStateKeyEpoch0
=== CONT  TestSelectorWRS_SelectOK
[0;32mINFO [0m[2026-03-16 10:14:12.950]   new nodes config is set for epoch        [0;32mepoch[0m = 0 
=== CONT  TestIndexHashedNodesCoordinator_GetSavedStateKey
=== CONT  TestSerializableShardValidatorListToValidatorListShouldErrNilPubKey
--- PASS: TestIndexHashedNodesCoordinator_ShardIdForEpochValidEpoch (0.00s)
--- PASS: TestIndexHashedNodesCoordinator_GetConsensusWhitelistedNodesEpoch1 (0.00s)
--- PASS: TestSelectorWRS_SelectInvalidSampleSizeShouldErr (0.00s)
[0;32mINFO [0m[2026-03-16 10:14:12.950]   new nodes config is set for epoch        [0;32mepoch[0m = 0 
[0;32mINFO [0m[2026-03-16 10:14:12.950]   new nodes config is set for epoch        [0;32mepoch[0m = 0 
--- PASS: TestSelectorWRS_SelectNilRandSeedShouldErr (0.00s)
--- PASS: TestNewSelectorWRSOK (0.00s)
--- PASS: TestNewSelectorWRSNilHasherShouldErr (0.00s)
--- PASS: TestNewSelectorWRSNilWeightsShouldErr (0.00s)
--- PASS: TestValidator_PubKeyShouldWork (0.00s)
--- PASS: TestRandHashShuffler_RemoveLeavingNodesFromValidatorMaps_NonExisting (0.00s)
--- PASS: TestValidator_NewValidatorShouldFailOnNilPublickKey (0.00s)
--- PASS: TestIndexHashedNodesCoordinator_GetCachedEpochs (0.00s)
--- PASS: TestIndexHashedNodesCoordinator_GetConsensusWhitelistedNodesEpoch0 (0.00s)
--- PASS: TestRandHashShuffler_RemoveLeavingNodesFromValidatorMaps_FromWaiting (0.00s)
=== CONT  TestIndexHashedNodesCoordinator_GetValidatorsIndexes
[0;32mINFO [0m[2026-03-16 10:14:12.950]   new nodes config is set for epoch        [0;32mepoch[0m = 0 
=== RUN   TestIndexHashedNodesCoordinator_GetShardValidatorInfoData/get_shard_validator_info_data_after_refactor_peers_mini_block_activation_flag_is_set
=== PAUSE TestIndexHashedNodesCoordinator_GetShardValidatorInfoData/get_shard_validator_info_data_after_refactor_peers_mini_block_activation_flag_is_set
=== CONT  TestValidator_NewValidatorShouldWork
[0;32mINFO [0m[2026-03-16 10:14:12.950]   new nodes config is set for epoch        [0;32mepoch[0m = 0 
=== CONT  TestIndexHashedNodesCoordinator_EpochStart_EligibleSortedAscendingByIndex
=== CONT  TestIndexHashedNodesCoordinator_EpochStartInEligible
=== CONT  TestIndexHashedNodesCoordinator_setNodesPerShardsShouldSetNodeTypeObserver
[0;32mINFO [0m[2026-03-16 10:14:12.950]   new nodes config is set for epoch        [0;32mepoch[0m = 0 
=== CONT  TestIndexHashedNodesCoordinator_selectLeaderAndConsensusGroup
=== RUN   TestIndexHashedNodesCoordinator_selectLeaderAndConsensusGroup/with_fixed_ordering_enabled,_data_not_cached
=== PAUSE TestIndexHashedNodesCoordinator_selectLeaderAndConsensusGroup/with_fixed_ordering_enabled,_data_not_cached
=== RUN   TestIndexHashedNodesCoordinator_selectLeaderAndConsensusGroup/with_fixed_ordering_disabled,_data_not_cached
=== CONT  TestIndexHashedNodesCoordinator_cacheConsensusGroup
=== PAUSE TestIndexHashedNodesCoordinator_selectLeaderAndConsensusGroup/with_fixed_ordering_disabled,_data_not_cached
=== CONT  TestSelectorWRS_SelectOKSameParametersSameResult
=== RUN   TestIndexHashedNodesCoordinator_cacheConsensusGroup/adding_a_key_should_work
[0;32mINFO [0m[2026-03-16 10:14:12.950]   new nodes config is set for epoch        [0;32mepoch[0m = 0 
=== CONT  TestIndexHashedNodesCoordinator_setNodesPerShardsShouldNotTriggerWrongConfiguration
[0;32mINFO [0m[2026-03-16 10:14:12.950]   new nodes config is set for epoch        [0;32mepoch[0m = 0 
=== CONT  TestIndexHashedNodesCoordinator_OkValShouldWork
=== CONT  TestIndexHashedNodesCoordinator_SetNilWaitingMapShouldErr
=== CONT  TestIndexHashedNodesCoordinator_setNodesPerShardsShouldSetNodeTypeValidator
[0;32mINFO [0m[2026-03-16 10:14:12.950]   new nodes config is set for epoch        [0;32mepoch[0m = 0 
[0;32mINFO [0m[2026-03-16 10:14:12.950]   new nodes config is set for epoch        [0;32mepoch[0m = 0 
=== CONT  TestIndexHashedNodesCoordinator_GetValidatorsIndexesInvalidPubKey
[0;32mINFO [0m[2026-03-16 10:14:12.950]   new nodes config is set for epoch        [0;32mepoch[0m = 0 
=== CONT  TestIndexHashedNodesCoordinator_GetConsensusValidatorsPublicKeysExistingEpoch
=== CONT  TestIndexHashedNodesCoordinator_SetNilEligibleMapShouldErr
=== CONT  TestNewIndexHashedGroupSelector_OkValsShouldWork
[0;32mINFO [0m[2026-03-16 10:14:12.950]   new nodes config is set for epoch        [0;32mepoch[0m = 0 
=== CONT  TestNewIndexHashedNodesCoordinator_NilSelfPublicKeyShouldErr
[0;32mINFO [0m[2026-03-16 10:14:12.950]   new nodes config is set for epoch        [0;32mepoch[0m = 0 
[0;32mINFO [0m[2026-03-16 10:14:12.950]   new nodes config is set for epoch        [0;32mepoch[0m = 0 
--- PASS: TestRandHashShuffler_RemoveLeavingNodesFromValidatorMaps_FromEligible (0.00s)
--- PASS: TestIndexHashedNodesCoordinator_SetNilEligibleMapShouldErr (0.00s)
=== CONT  TestIndexHashedNodesCoordinator_GetConsensusValidatorsPublicKeysNotExistingEpoch
--- PASS: TestRandHashShuffler_RemoveLeavingNodesNotExistingInEligibleOrWaiting_3Found3NotFound (0.00s)
--- PASS: TestSelectorWRS_IsInterfaceNil (0.00s)
=== CONT  TestNewIndexHashedNodesCoordinator_InvalidShardIdShouldErr
=== CONT  TestNewIndexHashedNodesCoordinator_NilChainParametersHandleShouldErr
=== CONT  TestNewIndexHashedNodesCoordinator_ZeroNbShardsShouldErr
[0;32mINFO [0m[2026-03-16 10:14:12.950]   new nodes config is set for epoch        [0;32mepoch[0m = 0 
=== CONT  TestNewIndexHashedNodesCoordinator_NilHasherShouldErr
=== CONT  TestRandHashShuffler_sortConfigs
=== CONT  TestIndexHashedGroupSelectorWithRater_ComputeAdditionalLeaving_ShouldNotAddInactiveAndJailed
=== CONT  TestIndexHashedNodesCoordinator_ComputeValidatorsGroupNilRandomnessShouldErr
=== CONT  TestIndexHashedGroupSelectorWithRater_ComputeAdditionalLeaving_ShouldAddNewEligibleWaiting
--- PASS: TestIndexHashedNodesCoordinator_setNodesPerShardsShouldSetNodeTypeValidator (0.00s)
--- PASS: TestSelectorWRS_SelectOK (0.00s)
--- PASS: TestIndexHashedGroupSelectorWithRater_ComputeAdditionalLeaving_ShouldAddBelowMinRating (0.00s)
--- PASS: TestIndexHashedNodesCoordinator_GetSavedStateKeyEpoch0 (0.00s)
--- PASS: TestIndexHashedNodesCoordinator_ShardIdForEpochInvalidEpoch (0.00s)
--- PASS: TestSerializableShardValidatorListToValidatorListShouldErrNilPubKey (0.00s)
=== CONT  TestIndexHashedNodesCoordinator_EpochStartInLeaving
=== CONT  TestIndexHashedNodesCoordinator_EpochStartInWaiting
=== CONT  TestIndexHashedNodesCoordinator_computeShardForSelfPublicKeyWithStakingV4
=== PAUSE TestIndexHashedNodesCoordinator_cacheConsensusGroup/adding_a_key_should_work
--- PASS: TestValidator_NewValidatorShouldWork (0.00s)
--- PASS: TestRandHashShuffler_RemoveLeavingNodesNotExistingInEligibleOrWaiting_WithAllNotKnown (0.00s)
--- PASS: TestIndexHashedNodesCoordinator_GetValidatorsIndexes (0.00s)
[0;32mINFO [0m[2026-03-16 10:14:12.950]   new nodes config is set for epoch        [0;32mepoch[0m = 0 
[0;32mINFO [0m[2026-03-16 10:14:12.950]   new nodes config is set for epoch        [0;32mepoch[0m = 0 
[0;32mINFO [0m[2026-03-16 10:14:12.950]   new nodes config is set for epoch        [0;32mepoch[0m = 0 
--- PASS: TestRandHashShuffler_RemoveLeavingNodesNotExistingInEligibleOrWaiting_WithAllKnown (0.00s)
--- PASS: TestIndexHashedGroupSelectorWithRater_ComputeAdditionalLeaving_ShouldAddNewEligibleWaiting (0.00s)
--- PASS: TestIndexHashedNodesCoordinator_ComputeValidatorsGroupNilRandomnessShouldErr (0.00s)
=== RUN   TestIndexHashedGroupSelector_GetWaitingEpochsLeftForPublicKey/missing_nodes_config_for_current_epoch_should_error_
=== CONT  TestIndexHashedGroupSelectorWithRater_ComputeAdditionalLeaving
=== CONT  TestIndexHashedNodesCoordinator_NewCoordinatorTooFewNodesShouldErr
--- PASS: TestIndexHashedNodesCoordinator_GetSavedStateKey (0.00s)
--- PASS: TestIndexHashedNodesCoordinator_EpochStart_EligibleSortedAscendingByIndex (0.00s)
--- PASS: TestIndexHashedNodesCoordinator_setNodesPerShardsShouldSetNodeTypeObserver (0.00s)
--- PASS: TestSelectorWRS_SelectOKSameParametersSameResult (0.00s)
--- PASS: TestIndexHashedNodesCoordinator_EpochStartInEligible (0.00s)
--- PASS: TestIndexHashedNodesCoordinator_OkValShouldWork (0.00s)
--- PASS: TestIndexHashedNodesCoordinator_setNodesPerShardsShouldNotTriggerWrongConfiguration (0.00s)
=== CONT  TestSelectorWRS_SelectInvalidWeightShouldErr
[0;32mINFO [0m[2026-03-16 10:14:12.950]   new nodes config is set for epoch        [0;32mepoch[0m = 0 
=== CONT  TestIndexHashedGroupSelector_GetAllEligibleValidatorsPublicKeys
=== CONT  TestIndexHashedGroupSelectorWithRater_GetAllEligibleValidatorsPublicKeys
--- PASS: TestIndexHashedNodesCoordinator_SetNilWaitingMapShouldErr (0.00s)
--- PASS: TestIndexHashedNodesCoordinator_GetConsensusValidatorsPublicKeysExistingEpoch (0.00s)
--- PASS: TestNewIndexHashedNodesCoordinator_NilSelfPublicKeyShouldErr (0.00s)
--- PASS: TestNewIndexHashedGroupSelector_OkValsShouldWork (0.00s)
--- PASS: TestNewIndexHashedNodesCoordinator_InvalidShardIdShouldErr (0.00s)
--- PASS: TestNewIndexHashedNodesCoordinator_ZeroNbShardsShouldErr (0.00s)
--- PASS: TestNewIndexHashedNodesCoordinator_NilChainParametersHandleShouldErr (0.00s)
[0;32mINFO [0m[2026-03-16 10:14:12.951]   new nodes config is set for epoch        [0;32mepoch[0m = 0 
[0;32mINFO [0m[2026-03-16 10:14:12.951]   new nodes config is set for epoch        [0;32mepoch[0m = 0 
--- PASS: TestNewIndexHashedNodesCoordinator_NilHasherShouldErr (0.00s)
[0;32mINFO [0m[2026-03-16 10:14:12.951]   new nodes config is set for epoch        [0;32mepoch[0m = 0 
--- PASS: TestIndexHashedGroupSelectorWithRater_ComputeAdditionalLeaving_ShouldNotAddInactiveAndJailed (0.00s)
--- PASS: TestSelectorWRS_SelectInvalidWeightShouldErr (0.00s)
--- PASS: TestIndexHashedGroupSelectorWithRater_ComputeAdditionalLeaving (0.00s)
=== CONT  TestIndexHashedNodesCoordinator_GetValidatorWithPublicKeyShouldWork
=== CONT  TestIndexHashedNodesCoordinator_GetValidatorWithPublicKeyShouldReturnErrValidatorNotFound
--- PASS: TestIndexHashedNodesCoordinator_GetConsensusValidatorsPublicKeysNotExistingEpoch (0.00s)
--- PASS: TestIndexHashedGroupSelector_GetAllEligibleValidatorsPublicKeys (0.00s)
--- PASS: TestIndexHashedGroupSelectorWithRater_GetAllEligibleValidatorsPublicKeys (0.00s)
[0;32mINFO [0m[2026-03-16 10:14:12.951]   new nodes config is set for epoch        [0;32mepoch[0m = 0 
--- PASS: TestIndexHashedNodesCoordinator_GetValidatorWithPublicKeyShouldWork (0.00s)
=== CONT  TestIndexHashedGroupSelectorWithRater_GetValidatorWithPublicKeyShouldReturnErrValidatorNotFound
=== CONT  TestIndexHashedGroupSelectorWithRater_GetValidatorWithPublicKeyShouldWork
[0;32mINFO [0m[2026-03-16 10:14:12.951]   new nodes config is set for epoch        [0;32mepoch[0m = 0 
--- PASS: TestIndexHashedGroupSelectorWithRater_GetValidatorWithPublicKeyShouldReturnErrValidatorNotFound (0.00s)
[0;32mINFO [0m[2026-03-16 10:14:12.951]   new nodes config is set for epoch        [0;32mepoch[0m = 0 
=== CONT  TestIndexHashedGroupSelectorWithRater_GetValidatorWithPublicKeyShouldReturnErrNilPubKey
--- PASS: TestIndexHashedGroupSelectorWithRater_GetValidatorWithPublicKeyShouldWork (0.00s)
=== CONT  TestIndexHashedNodesCoordinator_GetValidatorWithPublicKeyShouldReturnErrNilPubKey
[0;32mINFO [0m[2026-03-16 10:14:12.951]   new nodes config is set for epoch        [0;32mepoch[0m = 0 
--- PASS: TestIndexHashedGroupSelectorWithRater_GetValidatorWithPublicKeyShouldReturnErrNilPubKey (0.00s)
=== CONT  TestIndexHashedGroupSelectorWithRater_ComputeValidatorsGroup1ValidatorShouldNotCallGetRating
[0;32mINFO [0m[2026-03-16 10:14:12.951]   new nodes config is set for epoch        [0;32mepoch[0m = 0 
[0;32mINFO [0m[2026-03-16 10:14:12.951]   new nodes config is set for epoch        [0;32mepoch[0m = 0 
[0;32mINFO [0m[2026-03-16 10:14:12.951]   new nodes config is set for epoch        [0;32mepoch[0m = 0 
--- PASS: TestIndexHashedNodesCoordinator_GetValidatorWithPublicKeyShouldReturnErrNilPubKey (0.00s)
--- PASS: TestIndexHashedGroupSelectorWithRater_ComputeValidatorsGroup1ValidatorShouldNotCallGetRating (0.00s)
--- PASS: TestIndexHashedNodesCoordinator_GetValidatorWithPublicKeyShouldReturnErrValidatorNotFound (0.00s)
=== CONT  TestIndexHashedNodesCoordinator_ComputeValidatorsGroup1ValidatorShouldReturnSame
[0;32mINFO [0m[2026-03-16 10:14:12.951]   new nodes config is set for epoch        [0;32mepoch[0m = 0 
=== CONT  TestIndexHashedGroupSelectorWithRater_OkValShouldWork
=== CONT  TestNewIndexHashedGroupSelectorWithRater_OkValsShouldWork
=== CONT  TestIndexHashedNodesCoordinator_ComputeValidatorsGroupInvalidShardIdShouldErr
[0;32mINFO [0m[2026-03-16 10:14:12.951]   new nodes config is set for epoch        [0;32mepoch[0m = 0 
=== CONT  TestIndexHashedNodesCoordinator_ShuffleOutNotFound
--- PASS: TestIndexHashedNodesCoordinator_ComputeValidatorsGroup1ValidatorShouldReturnSame (0.00s)
--- PASS: TestRandHashShuffler_sortConfigs (0.00s)
--- PASS: TestIndexHashedGroupSelectorWithRater_OkValShouldWork (0.00s)
=== CONT  TestIndexHashedGroupSelectorWithRater_SetNilEligibleMapShouldErr
=== CONT  TestIndexHashedNodesCoordinator_setNodesPerShardsShouldTriggerWrongConfiguration
=== CONT  TestIndexHashedGroupSelector_GetAllWaitingValidatorsPublicKeys
[0;32mINFO [0m[2026-03-16 10:14:12.953]   new nodes config is set for epoch        [0;32mepoch[0m = 0 
[0;32mINFO [0m[2026-03-16 10:14:12.953]   new nodes config is set for epoch        [0;32mepoch[0m = 0 
--- PASS: TestIndexHashedGroupSelector_GetAllWaitingValidatorsPublicKeys (0.00s)
--- PASS: TestRandHashShuffler_UpdateNodeListsNoReShardingIntraShardShuffling (0.00s)
--- PASS: TestIndexHashedNodesCoordinator_setNodesPerShardsShouldTriggerWrongConfiguration (0.00s)
=== CONT  TestIndexHashedNodesCoordinator_LoadStateAfterSaveWithStakingV4
[0;32mINFO [0m[2026-03-16 10:14:12.953]   new nodes config is set for epoch        [0;32mepoch[0m = 0 
[0;32mINFO [0m[2026-03-16 10:14:12.953]   new nodes config is set for epoch        [0;32mepoch[0m = 444 
=== CONT  TestIndexHashedNodesCoordinator_IsInterfaceNil
--- PASS: TestIndexHashedNodesCoordinator_EpochStartInLeaving (0.00s)
=== CONT  TestIndexHashedNodesCoordinator_computeNodesConfigFromListValidatorsNoFix
--- PASS: TestIndexHashedNodesCoordinator_LoadStateAfterSaveWithStakingV4 (0.00s)
=== CONT  TestIndexHashedNodesCoordinator_IsEpochInConfig
[0;32mINFO [0m[2026-03-16 10:14:12.953]   new nodes config is set for epoch        [0;32mepoch[0m = 0 
--- PASS: TestIndexHashedNodesCoordinator_computeShardForSelfPublicKeyWithStakingV4 (0.00s)
[0;32mINFO [0m[2026-03-16 10:14:12.953]   new nodes config is set for epoch        [0;32mepoch[0m = 0 
=== RUN   TestIndexHashedNodesCoordinator_cacheConsensusGroup/adding_a_key_twice_should_overwrite_the_value
[0;32mINFO [0m[2026-03-16 10:14:12.953]   new nodes config is set for epoch        [0;32mepoch[0m = 0 
[0;32mINFO [0m[2026-03-16 10:14:12.953]   new nodes config is set for epoch        [0;32mepoch[0m = 0 
=== PAUSE TestIndexHashedNodesCoordinator_cacheConsensusGroup/adding_a_key_twice_should_overwrite_the_value
=== CONT  TestIndexHashedNodesCoordinator_SetNodesConfigFromValidatorsInfo
=== RUN   TestIndexHashedNodesCoordinator_cacheConsensusGroup/adding_more_keys_than_the_cache_size_should_remove_the_oldest_key
=== CONT  TestIndexHashedNodesCoordinator_computeNodesConfigFromListWithStakingV4
[0;32mINFO [0m[2026-03-16 10:14:12.953]   new nodes config is set for epoch        [0;32mepoch[0m = 0 
[0;32mINFO [0m[2026-03-16 10:14:12.953]   new nodes config is set for epoch        [0;32mepoch[0m = 0 
[0;31mERROR[0m[2026-03-16 10:14:12.953]   could not compute nodes config from list - do nothing on nodesCoordinator epochStartPrepare 
=== CONT  TestIndexHashedNodesCoordinator_SetNodesConfigFromValidatorsInfoMultipleEpochs
=== CONT  TestIndexHashedNodesCoordinator_computeNodesConfigFromListNilPk
=== CONT  TestIndexHashedNodesCoordinator_EpochStart
[0;32mINFO [0m[2026-03-16 10:14:12.953]   new nodes config is set for epoch        [0;32mepoch[0m = 0 
[0;32mINFO [0m[2026-03-16 10:14:12.953]   new nodes config is set for epoch        [0;32mepoch[0m = 0 
[0;32mINFO [0m[2026-03-16 10:14:12.953]   new nodes config is set for epoch        [0;32mepoch[0m = 0 
[0;31mERROR[0m[2026-03-16 10:14:12.953]   public keys not found
having the following keys: 
 index 0  key 4116a3e62d4bc4cb2cbcfa3f22537f31480054e697579305304d0cf5ba0a592c
 index 1  key 36b1752d97df5d6ce32130a9ebcc355ecdc5761f011ff6a2c5d9492c7c2f60d0
 index 2  key 9d4b0255c51de176752f1d8b37f50847dae3e504a77d08cce2a355d44d9dd75b
 index 3  key c983cbdb690277c6b907744ed730794e309e4a235845302a721ec3322265a6f0
 index 4  key 39c7cc9873ba463cee3e08263e65e9c6e3470192b57ab257a739e28cc2eb451a
 index 5  key ba01f015e392bce59f3013ba54fd5152fb65003a0bf28c6738f1c195c5036156
 index 6  key f73752c8f0337214f19d8c57a4be7ec55e07a1a783af1dfc62515a8bc1057c34
 index 7  key c8bcd35c9a422c9830301bc508fe2cee7c7eea10ff900f64c17dde9b4bbcb9cf
 index 8  key b71e78ab05ad5cc01d51f501f0f896466fc487a13fd201dcb5fb331972ae390c
 index 9  key 57ef975f952bc6b3ed4c690db37bf353eda9aeb08e2882c989bea5373e84378e

needed the following keys: 
 key 64756d6d79
 key 36b1752d97df5d6ce32130a9ebcc355ecdc5761f011ff6a2c5d9492c7c2f60d0
 key 9d4b0255c51de176752f1d8b37f50847dae3e504a77d08cce2a355d44d9dd75b
 key c983cbdb690277c6b907744ed730794e309e4a235845302a721ec3322265a6f0
 key 39c7cc9873ba463cee3e08263e65e9c6e3470192b57ab257a739e28cc2eb451a
 key ba01f015e392bce59f3013ba54fd5152fb65003a0bf28c6738f1c195c5036156
 key f73752c8f0337214f19d8c57a4be7ec55e07a1a783af1dfc62515a8bc1057c34
 key c8bcd35c9a422c9830301bc508fe2cee7c7eea10ff900f64c17dde9b4bbcb9cf
 key b71e78ab05ad5cc01d51f501f0f896466fc487a13fd201dcb5fb331972ae390c
 key 57ef975f952bc6b3ed4c690db37bf353eda9aeb08e2882c989bea5373e84378e

 [0;31mlen pubKeys[0m = 10 [0;31mlen signers[0m = 9 
=== CONT  TestIndexHashedNodesCoordinator_GetOwnPublicKey
[0;32mINFO [0m[2026-03-16 10:14:12.953]   new nodes config is set for epoch        [0;32mepoch[0m = 0 
[0;32mINFO [0m[2026-03-16 10:14:12.953]   new nodes config is set for epoch        [0;32mepoch[0m = 0 
=== CONT  TestIndexHashedNodesCoordinator_ShuffleOutWithObserver
=== CONT  TestIndexHashedNodesCoordinator_ShuffleOutWithWaiting
[0;32mINFO [0m[2026-03-16 10:14:12.953]   new nodes config is set for epoch        [0;32mepoch[0m = 0 
[0;32mINFO [0m[2026-03-16 10:14:12.953]   new nodes config is set for epoch        [0;32mepoch[0m = 0 
[0;32mINFO [0m[2026-03-16 10:14:12.954]   new nodes config is set for epoch        [0;32mepoch[0m = 0 
[0;32mINFO [0m[2026-03-16 10:14:12.954]   new nodes config is set for epoch        [0;32mepoch[0m = 0 
=== PAUSE TestIndexHashedNodesCoordinator_cacheConsensusGroup/adding_more_keys_than_the_cache_size_should_remove_the_oldest_key
=== CONT  TestRandHashShuffler_UpdateShufflerConfig
=== CONT  TestIndexHashedNodesCoordinator_GetNumTotalEligible
[0;32mINFO [0m[2026-03-16 10:14:12.951]   new nodes config is set for epoch        [0;32mepoch[0m = 0 
=== CONT  TestIndexHashedNodesCoordinator_GetAllEligibleValidatorsPublicKeysForShard
[0;32mINFO [0m[2026-03-16 10:14:12.954]   new nodes config is set for epoch        [0;32mepoch[0m = 0 
=== CONT  Test_removeValidatorsFromListRemoveFromLastMaxGreater
=== RUN   TestIndexHashedNodesCoordinator_GetAllEligibleValidatorsPublicKeysForShard/missing_nodes_config_should_error
=== CONT  TestRandHashShuffler_UpdateNodeLists_All
=== PAUSE TestIndexHashedNodesCoordinator_GetAllEligibleValidatorsPublicKeysForShard/missing_nodes_config_should_error
=== RUN   TestIndexHashedNodesCoordinator_GetAllEligibleValidatorsPublicKeysForShard/should_work
=== PAUSE TestIndexHashedNodesCoordinator_GetAllEligibleValidatorsPublicKeysForShard/should_work
=== PAUSE TestIndexHashedGroupSelector_GetWaitingEpochsLeftForPublicKey/missing_nodes_config_for_current_epoch_should_error_
[0;32mINFO [0m[2026-03-16 10:14:12.954]   new nodes config is set for epoch        [0;32mepoch[0m = 0 
=== CONT  TestRandHashShuffler_UpdateNodeListsWithNonExistentUnstakeLeavingDoesNotRemove
=== CONT  TestRandHashShuffler_ShuffleOutShard_WithLessThanValidatorsShuffledOut
[0;32mINFO [0m[2026-03-16 10:14:12.954]   new nodes config is set for epoch        [0;32mepoch[0m = 0 
[0;33mWARN [0m[2026-03-16 10:14:12.954]   shardID is not ok                        [0;33mshardID[0m = 5 [0;33mnbShards[0m = 1 
--- PASS: TestIndexHashedNodesCoordinator_IsInterfaceNil (0.00s)
=== CONT  TestIndexHashedNodesCoordinator_computeNodesConfigFromListValidatorsWithFix
--- PASS: TestIndexHashedNodesCoordinator_computeNodesConfigFromListValidatorsNoFix (0.00s)
--- PASS: TestIndexHashedNodesCoordinator_NewCoordinatorTooFewNodesShouldErr (0.00s)
--- PASS: TestIndexHashedNodesCoordinator_SetNodesConfigFromValidatorsInfo (0.00s)
--- PASS: TestIndexHashedNodesCoordinator_IsEpochInConfig (0.00s)
--- PASS: TestIndexHashedNodesCoordinator_EpochStartInWaiting (0.00s)
--- PASS: Test_removeValidatorsFromListRemoveFromLastMaxGreater (0.00s)
=== CONT  TestIndexHashedNodesCoordinator_LoadStateAfterSave
--- PASS: TestIndexHashedNodesCoordinator_GetValidatorsIndexesInvalidPubKey (0.00s)
=== CONT  TestIndexHashedNodesCoordinator_computeNodesConfigFromListNoValidators
--- PASS: TestRandHashShuffler_UpdateNodeListsWithNonExistentUnstakeLeavingDoesNotRemove (0.00s)
=== CONT  TestIndexHashedNodesCoordinator_ShuffleOutNilConfig
--- PASS: TestIndexHashedNodesCoordinator_SetNodesConfigFromValidatorsInfoMultipleEpochs (0.00s)
--- PASS: TestIndexHashedNodesCoordinator_computeNodesConfigFromListNilPk (0.00s)
--- PASS: TestIndexHashedNodesCoordinator_computeNodesConfigFromListWithStakingV4 (0.00s)
[0;32mINFO [0m[2026-03-16 10:14:12.954]   new nodes config is set for epoch        [0;32mepoch[0m = 0 
[0;32mINFO [0m[2026-03-16 10:14:12.954]   new nodes config is set for epoch        [0;32mepoch[0m = 0 
[0;32mINFO [0m[2026-03-16 10:14:12.955]   new nodes config is set for epoch        [0;32mepoch[0m = 0 
[0;33mWARN [0m[2026-03-16 10:14:12.955]   computeNodesConfigFromList - validatorInfos len is 0 
[0;33mWARN [0m[2026-03-16 10:14:12.955]   computeNodesConfigFromList - validatorInfos len is 0 
=== CONT  TestIndexHashedNodesCoordinator_GetConsensusWhitelistedNodesAfterRevertToEpoch
[0;32mINFO [0m[2026-03-16 10:14:12.955]   new nodes config is set for epoch        [0;32mepoch[0m = 0 
[0;33mWARN [0m[2026-03-16 10:14:12.955]   shuffleOutForEpoch failed                [0;33mepoch[0m = 2 [0;33merror[0m = epoch nodes configuration does not exist 
=== CONT  TestRandHashShuffler_UpdateNodeListsNoReSharding
[0;32mINFO [0m[2026-03-16 10:14:12.955]   new nodes config is set for epoch        [0;32mepoch[0m = 0 
=== CONT  TestIndexHashedNodesCoordinator_ShuffleOutWithEligible
[0;32mINFO [0m[2026-03-16 10:14:12.955]   new nodes config is set for epoch        [0;32mepoch[0m = 0 
=== CONT  TestRandHashShuffler_UpdateNodeLists_WithAdditionalLeaving
=== CONT  TestRandHashShuffler_ShuffleOutShard_WithZeroValidatorsShuffledOut
=== RUN   TestIndexHashedGroupSelector_GetWaitingEpochsLeftForPublicKey/min_hysteresis_nodes_returns_0_should_work
=== PAUSE TestIndexHashedGroupSelector_GetWaitingEpochsLeftForPublicKey/min_hysteresis_nodes_returns_0_should_work
--- PASS: TestIndexHashedNodesCoordinator_ShuffleOutNotFound (0.00s)
=== RUN   TestIndexHashedGroupSelector_GetWaitingEpochsLeftForPublicKey/should_work
--- PASS: TestIndexHashedNodesCoordinator_GetOwnPublicKey (0.00s)
=== CONT  TestRandHashShuffler_UpdateNodeListsWaitingListFixDisabled
=== PAUSE TestIndexHashedGroupSelector_GetWaitingEpochsLeftForPublicKey/should_work
=== CONT  TestRandHashShuffler_UpdateNodeListsWithUnstakeLeavingRemovesFromWaiting
=== CONT  TestRandHashShuffler_ShuffleOutShard_WithMoreThanValidatorsShuffledOut
=== CONT  TestRandHashShuffler_UpdateNodeLists_WithUnstakeLeaving_NotEnoughRemaining
=== CONT  TestIndexHashedNodesCoordinator_ConsensusGroupSize
=== CONT  TestRandHashShuffler_UpdateNodeLists_WithUnstakeAndAdditionalLeaving_NoDuplicates
=== CONT  TestRandHashShuffler_UpdateNodeLists_WithNewNodes_NilOrEmptyWaiting
=== CONT  TestRandHashShuffler_UpdateNodeListsWithUnstakeLeavingRemovesFromEligible
=== CONT  TestRandHashShuffler_UpdateNodeLists_WithNewNodes_NoWaiting
=== CONT  TestRandHashShuffler_computeNewShardsWithSplit
=== CONT  TestRandHashShuffler_computeNewShardsWithMerge
=== CONT  TestRandHashShuffler_UpdateNodeLists_WithAdditionalLeaving_WithDuplicates
=== CONT  TestRandHashShuffler_UpdateNodeLists_WithStakingV4
--- PASS: TestIndexHashedNodesCoordinator_ShuffleOutWithWaiting (0.00s)
--- PASS: TestIndexHashedGroupSelectorWithRater_SetNilEligibleMapShouldErr (0.00s)
--- PASS: TestNewIndexHashedGroupSelectorWithRater_OkValsShouldWork (0.00s)
--- PASS: TestIndexHashedNodesCoordinator_ShuffleOutWithObserver (0.00s)
--- PASS: TestIndexHashedNodesCoordinator_EpochStart (0.00s)
--- PASS: TestIndexHashedNodesCoordinator_GetNumTotalEligible (0.00s)
--- PASS: TestIndexHashedNodesCoordinator_ComputeValidatorsGroupInvalidShardIdShouldErr (0.00s)
--- PASS: TestRandHashShuffler_ShuffleOutShard_WithLessThanValidatorsShuffledOut (0.00s)
--- PASS: TestRandHashShuffler_UpdateNodeLists_All (0.00s)
--- PASS: TestIndexHashedNodesCoordinator_computeNodesConfigFromListValidatorsWithFix (0.00s)
--- PASS: TestIndexHashedNodesCoordinator_computeNodesConfigFromListNoValidators (0.00s)
--- PASS: TestIndexHashedNodesCoordinator_LoadStateAfterSave (0.00s)
--- PASS: TestIndexHashedNodesCoordinator_ShuffleOutNilConfig (0.00s)
--- PASS: TestIndexHashedNodesCoordinator_ShuffleOutWithEligible (0.00s)
--- PASS: TestRandHashShuffler_ShuffleOutShard_WithZeroValidatorsShuffledOut (0.00s)
--- PASS: TestRandHashShuffler_UpdateNodeListsWithUnstakeLeavingRemovesFromWaiting (0.00s)
--- PASS: TestRandHashShuffler_ShuffleOutShard_WithMoreThanValidatorsShuffledOut (0.00s)
--- PASS: TestRandHashShuffler_UpdateNodeListsWithUnstakeLeavingRemovesFromEligible (0.00s)
=== CONT  TestRandHashShuffler_UpdateNodeLists_WithNewNodes_WithWaiting_WithLeaving
[0;32mINFO [0m[2026-03-16 10:14:12.955]   new nodes config is set for epoch        [0;32mepoch[0m = 36 
--- PASS: TestIndexHashedNodesCoordinator_ConsensusGroupSize (0.00s)
=== CONT  TestRandHashShuffler_UpdateNodeLists_WithNewNodes_WithWaiting
--- PASS: TestRandHashShuffler_UpdateNodeLists_WithNewNodes_NoWaiting (0.00s)
=== CONT  Test_equalizeValidatorsListsUnbalancedListsEnoughToDistribute
=== CONT  Test_equalizeValidatorsListsUnbalancedListsNotEnoughToDistribute
--- PASS: TestRandHashShuffler_UpdateNodeLists_WithNewNodes_NilOrEmptyWaiting (0.00s)
--- PASS: TestRandHashShuffler_UpdateNodeLists_WithNewNodes_WithWaiting_WithLeaving (0.00s)
=== CONT  Test_equalizeValidatorsListsOneEmptyWaitingListExactNumberToEqualize
=== CONT  Test_equalizeValidatorsListsOneEmptyWaitingListNotEnoughToEqualize
=== CONT  Test_distributeValidatorsNilOrEmptyDestination
=== CONT  Test_equalizeValidatorsListsZeroToDistributeNoError
=== CONT  Test_shuffleListConsistentShuffling
--- PASS: TestRandHashShuffler_computeNewShardsWithMerge (0.00s)
--- PASS: TestRandHashShuffler_computeNewShardsWithSplit (0.00s)
--- PASS: TestRandHashShuffler_UpdateNodeLists_WithUnstakeLeaving_NotEnoughRemaining (0.00s)
--- PASS: Test_equalizeValidatorsListsOneEmptyWaitingListNotEnoughToEqualize (0.00s)
--- PASS: Test_equalizeValidatorsListsOneEmptyWaitingListExactNumberToEqualize (0.00s)
=== CONT  Test_shuffleListParameterNotChanged
[0;33mWARN [0m[2026-03-16 10:14:12.959]   get consensus whitelisted nodes          [0;33merror[0m = epoch nodes configuration does not exist epoch=0 
--- PASS: TestIndexHashedNodesCoordinator_GetConsensusWhitelistedNodesAfterRevertToEpoch (0.00s)
=== CONT  Test_distributeValidatorsUnequalNumber
--- PASS: Test_equalizeValidatorsListsUnbalancedListsNotEnoughToDistribute (0.00s)
=== CONT  Test_shuffleList
--- PASS: Test_equalizeValidatorsListsUnbalancedListsEnoughToDistribute (0.00s)
=== CONT  Test_distributeValidatorsEqualNumberConsistent
--- PASS: Test_shuffleList (0.00s)
=== CONT  Test_removeDuplicates_AllDuplicates
--- PASS: Test_removeDuplicates_AllDuplicates (0.00s)
=== CONT  Test_distributeValidatorsEqualNumberNoMeta
--- PASS: TestRandHashShuffler_UpdateShufflerConfig (0.01s)
=== CONT  Test_removeDuplicates_SomeDuplicates
--- PASS: Test_removeDuplicates_SomeDuplicates (0.00s)
=== CONT  Test_distributeValidatorsEqualNumber
--- PASS: Test_distributeValidatorsEqualNumberNoMeta (0.00s)
=== CONT  Test_removeDuplicates_NoDuplicates
--- PASS: Test_removeDuplicates_NoDuplicates (0.00s)
=== CONT  Test_removeValidatorsFromListRandomValidatorsMaxGreater
--- PASS: Test_removeValidatorsFromListRandomValidatorsMaxGreater (0.00s)
=== CONT  Test_removeValidatorsFromListRandomValidatorsMaxSmaller
--- PASS: Test_removeValidatorsFromListRandomValidatorsMaxSmaller (0.00s)
=== CONT  TestRandHashShuffler_UpdateNodeLists_WithUnstakeLeaving
--- PASS: Test_distributeValidatorsNilOrEmptyDestination (0.01s)
=== CONT  Test_shuffleOutNodesNoLeaving
--- PASS: Test_distributeValidatorsEqualNumberConsistent (0.00s)
=== CONT  TestRandHashShuffler_UpdateNodeLists_WithUnstakeLeaving_EnoughRemaining
--- PASS: TestRandHashShuffler_UpdateNodeLists_WithAdditionalLeaving (0.01s)
=== CONT  Test_shuffleOutNodesWithLeavingMoreThanWaiting
--- PASS: TestRandHashShuffler_UpdateNodeListsWaitingListFixDisabled (0.01s)
=== CONT  Test_removeLeavingNodesFromValidatorMaps
--- PASS: Test_equalizeValidatorsListsZeroToDistributeNoError (0.00s)
=== CONT  Test_distributeValidatorsUnequalNumberConsistent
--- PASS: TestRandHashShuffler_UpdateNodeLists_WithUnstakeAndAdditionalLeaving_NoDuplicates (0.01s)
=== CONT  Test_removeValidatorFromListMiddle
--- PASS: Test_shuffleListParameterNotChanged (0.01s)
=== CONT  TestNewHashValidatorsShuffler
--- PASS: TestNewHashValidatorsShuffler (0.00s)
=== CONT  Test_removeValidatorsFromListRemoveFromLastMaxSmaller
--- PASS: Test_removeValidatorFromListMiddle (0.00s)
=== CONT  TestSelectorExpandedList_IsInterfaceNil
--- PASS: Test_removeValidatorsFromListRemoveFromLastMaxSmaller (0.00s)
=== CONT  Test_removeValidatorsFromListRemoveFromFirstMaxGreater
--- PASS: TestRandHashShuffler_UpdateNodeLists_WithAdditionalLeaving_WithDuplicates (0.00s)
=== CONT  Test_promoteWaitingToEligible_ZeroEligible
--- PASS: Test_removeValidatorsFromListRemoveFromFirstMaxGreater (0.00s)
=== CONT  Test_removeValidatorsFromListRemoveFromFirstMaxSmaller
--- PASS: TestSelectorExpandedList_IsInterfaceNil (0.00s)
=== CONT  Test_promoteWaitingToEligibleEmptyList
--- PASS: Test_promoteWaitingToEligible_ZeroEligible (0.00s)
=== CONT  Test_removeValidatorsFromListRemoveFromLast
--- PASS: TestRandHashShuffler_UpdateNodeLists_WithUnstakeLeaving (0.00s)
=== CONT  Test_removeValidatorsFromListRemoveFromStart
--- PASS: Test_removeValidatorsFromListRemoveFromFirstMaxSmaller (0.00s)
=== CONT  Test_copyValidatorMap
--- PASS: Test_promoteWaitingToEligibleEmptyList (0.00s)
=== CONT  TestNewSelectorExpandedListNilWeightsShouldErr
--- PASS: TestNewSelectorExpandedListNilWeightsShouldErr (0.00s)
=== CONT  Test_removeValidatorFromListIndexTooBigNoAction
--- PASS: Test_removeValidatorsFromListRemoveFromStart (0.00s)
=== CONT  Test_promoteWaitingToEligible_LessWaitingThanRemainingSize
--- PASS: Test_removeValidatorFromListIndexTooBigNoAction (0.00s)
=== CONT  TestNewSelectorExpandedListOK
--- PASS: TestNewSelectorExpandedListOK (0.00s)
=== CONT  Test_removeValidatorFromListIndexNegativeNoAction
--- PASS: Test_shuffleListConsistentShuffling (0.01s)
=== CONT  TestNewSelectorExpandedListInvalidWeightShouldErr
--- PASS: TestNewSelectorExpandedListInvalidWeightShouldErr (0.00s)
=== CONT  TestSerializableValidatorsToValidatorsShouldErrNilPubKey
--- PASS: TestSerializableValidatorsToValidatorsShouldErrNilPubKey (0.00s)
=== CONT  TestSelectorExpandedList_SelectOK
--- PASS: Test_copyValidatorMap (0.00s)
=== CONT  Test_removeValidatorFromListLast
--- PASS: Test_removeValidatorFromListIndexNegativeNoAction (0.00s)
=== CONT  TestNewSelectorExpandedListNilHasherShouldErr
--- PASS: TestNewSelectorExpandedListNilHasherShouldErr (0.00s)
=== CONT  TestSelectorExpandedList_SelectSampleSizeGreaterThanSetShouldErr
--- PASS: Test_removeValidatorFromListLast (0.00s)
=== CONT  Test_removeValidatorFromListFirst
--- PASS: Test_removeValidatorFromListFirst (0.00s)
=== CONT  TestSerializableValidatorsToValidatorsShouldErrEmptyString
--- PASS: TestSerializableValidatorsToValidatorsShouldErrEmptyString (0.00s)
=== CONT  TestSelectorExpandedList_SelectNilRandomessShouldErr
=== CONT  Test_shuffleOutNodesWithLeaving
=== CONT  Test_promoteWaitingToNilEligible
--- PASS: Test_removeValidatorsFromListRemoveFromLast (0.00s)
--- PASS: Test_distributeValidatorsEqualNumber (0.00s)
--- PASS: Test_promoteWaitingToNilEligible (0.00s)
--- PASS: TestSelectorExpandedList_SelectOK (0.00s)
=== CONT  TestSelectorExpandedList_Select0SampleSizeShouldErr
=== CONT  Test_promoteWaitingToEligible_
=== CONT  Test_promoteWaitingToEligible_MoreWaitingThanRemainingSize
=== CONT  TestRandHashShuffler_computeNewShardsNotChanging
=== CONT  TestSerializableValidatorsToValidatorsShouldWork
=== CONT  TestSerializableShardValidatorListToValidatorListShouldWork
=== CONT  TestRandHashShuffler_RemoveLeavingNodesFromValidatorMaps_2FromEligible2FromWaitingFrom3Waiting
=== CONT  Test_promoteWaitingToEligible_ExactlyWaitingToRemainingSize
=== CONT  TestRandHashShuffler_RemoveLeavingNodesFromValidatorMaps_2Eligible2Waiting2NonExisting
=== CONT  Test_promoteWaitingToEligible_2xMoreWaitingThanRemainingSize
=== CONT  TestIndexHashedNodesCoordinator_GetShardValidatorInfoData/get_shard_validator_info_data_before_refactor_peers_mini_block_activation_flag_is_set
--- PASS: TestRandHashShuffler_UpdateNodeListsNoReSharding (0.01s)
--- PASS: Test_promoteWaitingToEligible_LessWaitingThanRemainingSize (0.00s)
--- PASS: Test_distributeValidatorsUnequalNumber (0.00s)
=== CONT  TestIndexHashedNodesCoordinator_selectLeaderAndConsensusGroup/with_fixed_ordering_enabled,_data_not_cached
=== CONT  TestIndexHashedNodesCoordinator_GetShardValidatorInfoData/get_shard_validator_info_data_after_refactor_peers_mini_block_activation_flag_is_set
=== CONT  TestIndexHashedNodesCoordinator_selectLeaderAndConsensusGroup/with_fixed_ordering_disabled,_data_not_cached
=== CONT  TestIndexHashedNodesCoordinator_cacheConsensusGroup/adding_a_key_twice_should_overwrite_the_value
[0;32mINFO [0m[2026-03-16 10:14:12.969]   new nodes config is set for epoch        [0;32mepoch[0m = 0 
=== CONT  TestIndexHashedNodesCoordinator_cacheConsensusGroup/adding_a_key_should_work
[0;32mINFO [0m[2026-03-16 10:14:12.969]   new nodes config is set for epoch        [0;32mepoch[0m = 0 
[0;32mINFO [0m[2026-03-16 10:14:12.969]   new nodes config is set for epoch        [0;32mepoch[0m = 0 
[0;32mINFO [0m[2026-03-16 10:14:12.969]   new nodes config is set for epoch        [0;32mepoch[0m = 0 
[0;32mINFO [0m[2026-03-16 10:14:12.969]   new nodes config is set for epoch        [0;32mepoch[0m = 0 
--- PASS: TestRandHashShuffler_UpdateNodeLists_WithNewNodes_WithWaiting (0.01s)
--- PASS: Test_removeLeavingNodesFromValidatorMaps (0.01s)
=== CONT  TestIndexHashedNodesCoordinator_cacheConsensusGroup/adding_more_keys_than_the_cache_size_should_remove_the_oldest_key
[0;32mINFO [0m[2026-03-16 10:14:12.969]   new nodes config is set for epoch        [0;32mepoch[0m = 0 
--- PASS: TestSerializableValidatorsToValidatorsShouldWork (0.00s)
--- PASS: TestSerializableShardValidatorListToValidatorListShouldWork (0.00s)
--- PASS: TestRandHashShuffler_RemoveLeavingNodesFromValidatorMaps_2FromEligible2FromWaitingFrom3Waiting (0.00s)
--- PASS: TestRandHashShuffler_RemoveLeavingNodesFromValidatorMaps_2Eligible2Waiting2NonExisting (0.00s)
--- PASS: TestSelectorExpandedList_Select0SampleSizeShouldErr (0.00s)
--- PASS: Test_promoteWaitingToEligible_MoreWaitingThanRemainingSize (0.00s)
--- PASS: TestRandHashShuffler_UpdateNodeLists_WithUnstakeLeaving_EnoughRemaining (0.01s)
--- PASS: TestSelectorExpandedList_SelectSampleSizeGreaterThanSetShouldErr (0.00s)
--- PASS: Test_promoteWaitingToEligible_ExactlyWaitingToRemainingSize (0.00s)
--- PASS: TestRandHashShuffler_computeNewShardsNotChanging (0.00s)
--- PASS: TestIndexHashedNodesCoordinator_selectLeaderAndConsensusGroup (0.00s)
    --- PASS: TestIndexHashedNodesCoordinator_selectLeaderAndConsensusGroup/with_fixed_ordering_disabled,_data_not_cached (0.00s)
    --- PASS: TestIndexHashedNodesCoordinator_selectLeaderAndConsensusGroup/with_fixed_ordering_enabled,_data_not_cached (0.00s)
[0;32mINFO [0m[2026-03-16 10:14:12.969]   new nodes config is set for epoch        [0;32mepoch[0m = 0 
--- PASS: TestIndexHashedNodesCoordinator_GetShardValidatorInfoData (0.00s)
    --- PASS: TestIndexHashedNodesCoordinator_GetShardValidatorInfoData/get_shard_validator_info_data_after_refactor_peers_mini_block_activation_flag_is_set (0.00s)
    --- PASS: TestIndexHashedNodesCoordinator_GetShardValidatorInfoData/get_shard_validator_info_data_before_refactor_peers_mini_block_activation_flag_is_set (0.00s)
--- PASS: Test_promoteWaitingToEligible_ (0.00s)
--- PASS: TestIndexHashedNodesCoordinator_cacheConsensusGroup (0.00s)
    --- PASS: TestIndexHashedNodesCoordinator_cacheConsensusGroup/adding_a_key_twice_should_overwrite_the_value (0.00s)
    --- PASS: TestIndexHashedNodesCoordinator_cacheConsensusGroup/adding_a_key_should_work (0.00s)
    --- PASS: TestIndexHashedNodesCoordinator_cacheConsensusGroup/adding_more_keys_than_the_cache_size_should_remove_the_oldest_key (0.00s)
--- PASS: Test_shuffleOutNodesWithLeavingMoreThanWaiting (0.01s)
--- PASS: Test_distributeValidatorsUnequalNumberConsistent (0.01s)
--- PASS: TestSelectorExpandedList_SelectNilRandomessShouldErr (0.01s)
=== CONT  TestIndexHashedNodesCoordinator_GetAllEligibleValidatorsPublicKeysForShard/should_work
--- PASS: TestRandHashShuffler_UpdateNodeLists_WithStakingV4 (0.01s)
[0;32mINFO [0m[2026-03-16 10:14:12.972]   new nodes config is set for epoch        [0;32mepoch[0m = 0 
=== CONT  TestIndexHashedNodesCoordinator_GetAllEligibleValidatorsPublicKeysForShard/missing_nodes_config_should_error
=== CONT  TestIndexHashedGroupSelector_GetWaitingEpochsLeftForPublicKey/should_work
=== CONT  TestIndexHashedGroupSelector_GetWaitingEpochsLeftForPublicKey/missing_nodes_config_for_current_epoch_should_error_
[0;32mINFO [0m[2026-03-16 10:14:12.972]   new nodes config is set for epoch        [0;32mepoch[0m = 0 
[0;32mINFO [0m[2026-03-16 10:14:12.972]   new nodes config is set for epoch        [0;32mepoch[0m = 0 
--- PASS: TestIndexHashedNodesCoordinator_GetAllEligibleValidatorsPublicKeysForShard (0.00s)
    --- PASS: TestIndexHashedNodesCoordinator_GetAllEligibleValidatorsPublicKeysForShard/should_work (0.00s)
    --- PASS: TestIndexHashedNodesCoordinator_GetAllEligibleValidatorsPublicKeysForShard/missing_nodes_config_should_error (0.00s)
[0;32mINFO [0m[2026-03-16 10:14:12.972]   new nodes config is set for epoch        [0;32mepoch[0m = 0 
--- PASS: Test_promoteWaitingToEligible_2xMoreWaitingThanRemainingSize (0.00s)
=== CONT  TestIndexHashedGroupSelector_GetWaitingEpochsLeftForPublicKey/min_hysteresis_nodes_returns_0_should_work
[0;32mINFO [0m[2026-03-16 10:14:12.972]   new nodes config is set for epoch        [0;32mepoch[0m = 0 
--- PASS: TestIndexHashedGroupSelector_GetWaitingEpochsLeftForPublicKey (0.01s)
    --- PASS: TestIndexHashedGroupSelector_GetWaitingEpochsLeftForPublicKey/missing_nodes_config_for_current_epoch_should_error_ (0.00s)
    --- PASS: TestIndexHashedGroupSelector_GetWaitingEpochsLeftForPublicKey/should_work (0.00s)
    --- PASS: TestIndexHashedGroupSelector_GetWaitingEpochsLeftForPublicKey/min_hysteresis_nodes_returns_0_should_work (0.00s)
--- PASS: Test_shuffleOutNodesNoLeaving (0.01s)
--- PASS: Test_shuffleOutNodesWithLeaving (0.01s)
--- PASS: TestRandHashShuffler_UpdateNodeListsWithRangeOnMaps (0.11s)
PASS
ok  	github.com/TerraDharitri/drt-go-chain/sharding/nodesCoordinator	(cached)
=== RUN   TestNewPruningHandler
=== PAUSE TestNewPruningHandler
=== RUN   TestSnapshotStatistics_Concurrency
=== PAUSE TestSnapshotStatistics_Concurrency
=== RUN   TestShardValidatorsInfoMap_OperationsWithNilValidators
=== PAUSE TestShardValidatorsInfoMap_OperationsWithNilValidators
=== RUN   TestShardValidatorsInfoMap_Add_GetShardValidatorsInfoMap_GetAllValidatorsInfo_GetValInfoPointerMap
=== PAUSE TestShardValidatorsInfoMap_Add_GetShardValidatorsInfoMap_GetAllValidatorsInfo_GetValInfoPointerMap
=== RUN   TestShardValidatorsInfoMap_GetValidator
=== PAUSE TestShardValidatorsInfoMap_GetValidator
=== RUN   TestShardValidatorsInfoMap_Delete
=== PAUSE TestShardValidatorsInfoMap_Delete
=== RUN   TestShardValidatorsInfoMap_Replace
=== PAUSE TestShardValidatorsInfoMap_Replace
=== RUN   TestShardValidatorsInfoMap_SetValidatorsInShard
=== PAUSE TestShardValidatorsInfoMap_SetValidatorsInShard
=== RUN   TestShardValidatorsInfoMap_GettersShouldReturnCopiesOfInternalData
=== PAUSE TestShardValidatorsInfoMap_GettersShouldReturnCopiesOfInternalData
=== RUN   TestShardValidatorsInfoMap_Concurrency
=== PAUSE TestShardValidatorsInfoMap_Concurrency
=== RUN   TestNewAccountsDBApiWithHistory
=== RUN   TestNewAccountsDBApiWithHistory/nil_accounts_adapter_should_error
=== RUN   TestNewAccountsDBApiWithHistory/should_work
--- PASS: TestNewAccountsDBApiWithHistory (0.00s)
    --- PASS: TestNewAccountsDBApiWithHistory/nil_accounts_adapter_should_error (0.00s)
    --- PASS: TestNewAccountsDBApiWithHistory/should_work (0.00s)
=== RUN   TestAccountsDBApiWithHistory_NotPermittedOrNotImplementedOperationsDoNotPanic
=== PAUSE TestAccountsDBApiWithHistory_NotPermittedOrNotImplementedOperationsDoNotPanic
=== RUN   TestAccountsDBApiWithHistory_GetAccountWithBlockInfo
=== RUN   TestAccountsDBApiWithHistory_GetAccountWithBlockInfo/recreate_trie_fails
=== RUN   TestAccountsDBApiWithHistory_GetAccountWithBlockInfo/recreate_trie_works,_should_call_inner.GetExistingAccount()
=== RUN   TestAccountsDBApiWithHistory_GetAccountWithBlockInfo/account_is_missing,_should_return_error_with_block_info
=== RUN   TestAccountsDBApiWithHistory_GetAccountWithBlockInfo/arbitrary_error_on_GetExistingAccount(),_should_be_returned_(forwarded)
--- PASS: TestAccountsDBApiWithHistory_GetAccountWithBlockInfo (0.00s)
    --- PASS: TestAccountsDBApiWithHistory_GetAccountWithBlockInfo/recreate_trie_fails (0.00s)
    --- PASS: TestAccountsDBApiWithHistory_GetAccountWithBlockInfo/recreate_trie_works,_should_call_inner.GetExistingAccount() (0.00s)
    --- PASS: TestAccountsDBApiWithHistory_GetAccountWithBlockInfo/account_is_missing,_should_return_error_with_block_info (0.00s)
    --- PASS: TestAccountsDBApiWithHistory_GetAccountWithBlockInfo/arbitrary_error_on_GetExistingAccount(),_should_be_returned_(forwarded) (0.00s)
=== RUN   TestAccountsDBApiWithHistory_GetCodeWithBlockInfo
=== RUN   TestAccountsDBApiWithHistory_GetCodeWithBlockInfo/recreate_trie_fails
=== RUN   TestAccountsDBApiWithHistory_GetCodeWithBlockInfo/recreate_trie_works,_should_call_inner.GetExistingAccount()
--- PASS: TestAccountsDBApiWithHistory_GetCodeWithBlockInfo (0.00s)
    --- PASS: TestAccountsDBApiWithHistory_GetCodeWithBlockInfo/recreate_trie_fails (0.00s)
    --- PASS: TestAccountsDBApiWithHistory_GetCodeWithBlockInfo/recreate_trie_works,_should_call_inner.GetExistingAccount() (0.00s)
=== RUN   TestAccountsDBApiWithHistory_GetAccountWithBlockInfoWhenHighConcurrency
--- PASS: TestAccountsDBApiWithHistory_GetAccountWithBlockInfoWhenHighConcurrency (1.18s)
=== RUN   TestNewAccountsDBApi
=== PAUSE TestNewAccountsDBApi
=== RUN   TestAccountsDBAPi_recreateTrieIfNecessary
=== PAUSE TestAccountsDBAPi_recreateTrieIfNecessary
=== RUN   TestAccountsDBAPi_doRecreateTrieWhenReEntranceHappened
=== PAUSE TestAccountsDBAPi_doRecreateTrieWhenReEntranceHappened
=== RUN   TestAccountsDBApi_NotPermittedOperations
=== PAUSE TestAccountsDBApi_NotPermittedOperations
=== RUN   TestAccountsDBApi_RecreateTrie
=== PAUSE TestAccountsDBApi_RecreateTrie
=== RUN   TestAccountsDBApi_RecreateTrieFromEpoch
=== PAUSE TestAccountsDBApi_RecreateTrieFromEpoch
=== RUN   TestAccountsDBApi_EmptyMethodsShouldNotPanic
=== PAUSE TestAccountsDBApi_EmptyMethodsShouldNotPanic
=== RUN   TestAccountsDBApi_SimpleProxyMethodsShouldWork
=== PAUSE TestAccountsDBApi_SimpleProxyMethodsShouldWork
=== RUN   TestAccountsDBApi_GetExistingAccount
=== PAUSE TestAccountsDBApi_GetExistingAccount
=== RUN   TestAccountsDBApi_GetAccountFromBytes
=== PAUSE TestAccountsDBApi_GetAccountFromBytes
=== RUN   TestAccountsDBApi_LoadAccount
=== PAUSE TestAccountsDBApi_LoadAccount
=== RUN   TestAccountsDBApi_GetCode
=== PAUSE TestAccountsDBApi_GetCode
=== RUN   TestAccountsDBApi_GetAllLeaves
=== PAUSE TestAccountsDBApi_GetAllLeaves
=== RUN   TestAccountsDBApi_GetAccountWithBlockInfoWhenHighConcurrency
--- PASS: TestAccountsDBApi_GetAccountWithBlockInfoWhenHighConcurrency (0.06s)
=== RUN   TestNewAccountsDB
=== PAUSE TestNewAccountsDB
=== RUN   TestAccountsDB_SaveAccountNilAccountShouldErr
=== PAUSE TestAccountsDB_SaveAccountNilAccountShouldErr
=== RUN   TestAccountsDB_SaveAccountErrWhenGettingOldAccountShouldErr
=== PAUSE TestAccountsDB_SaveAccountErrWhenGettingOldAccountShouldErr
=== RUN   TestAccountsDB_SaveAccountNilOldAccount
=== PAUSE TestAccountsDB_SaveAccountNilOldAccount
=== RUN   TestAccountsDB_SaveAccountExistingOldAccount
=== PAUSE TestAccountsDB_SaveAccountExistingOldAccount
=== RUN   TestAccountsDB_SaveAccountSavesCodeAndDataTrieForUserAccount
=== PAUSE TestAccountsDB_SaveAccountSavesCodeAndDataTrieForUserAccount
=== RUN   TestAccountsDB_SaveAccountMalfunctionMarshallerShouldErr
=== PAUSE TestAccountsDB_SaveAccountMalfunctionMarshallerShouldErr
=== RUN   TestAccountsDB_MigrateDataTrieLeafCollectsDeleteAndUpdateStateChanges
=== PAUSE TestAccountsDB_MigrateDataTrieLeafCollectsDeleteAndUpdateStateChanges
=== RUN   TestAccountsDB_DeleteStateChangesHaveProperVersion
=== PAUSE TestAccountsDB_DeleteStateChangesHaveProperVersion
=== RUN   TestAccountsDB_SaveAccountCollectsAllStateChanges
=== PAUSE TestAccountsDB_SaveAccountCollectsAllStateChanges
=== RUN   TestAccountsDB_SaveAccountWithSomeValuesShouldWork
=== PAUSE TestAccountsDB_SaveAccountWithSomeValuesShouldWork
=== RUN   TestAccountsDB_RemoveAccountShouldWork
=== PAUSE TestAccountsDB_RemoveAccountShouldWork
=== RUN   TestAccountsDB_LoadAccountMalfunctionTrieShouldErr
=== PAUSE TestAccountsDB_LoadAccountMalfunctionTrieShouldErr
=== RUN   TestAccountsDB_LoadAccountNotFoundShouldCreateEmpty
=== PAUSE TestAccountsDB_LoadAccountNotFoundShouldCreateEmpty
=== RUN   TestAccountsDB_LoadAccountExistingShouldLoadDataTrie
=== PAUSE TestAccountsDB_LoadAccountExistingShouldLoadDataTrie
=== RUN   TestAccountsDB_GetExistingAccountMalfunctionTrieShouldErr
=== PAUSE TestAccountsDB_GetExistingAccountMalfunctionTrieShouldErr
=== RUN   TestAccountsDB_GetExistingAccountNotFoundShouldRetNil
=== PAUSE TestAccountsDB_GetExistingAccountNotFoundShouldRetNil
=== RUN   TestAccountsDB_GetExistingAccountFoundShouldRetAccount
=== PAUSE TestAccountsDB_GetExistingAccountFoundShouldRetAccount
=== RUN   TestAccountsDB_GetAccountAccountNotFound
=== PAUSE TestAccountsDB_GetAccountAccountNotFound
=== RUN   TestAccountsDB_LoadCodeWrongHashLengthShouldErr
=== PAUSE TestAccountsDB_LoadCodeWrongHashLengthShouldErr
=== RUN   TestAccountsDB_LoadCodeMalfunctionTrieShouldErr
=== PAUSE TestAccountsDB_LoadCodeMalfunctionTrieShouldErr
=== RUN   TestAccountsDB_LoadCodeOkValsShouldWork
=== PAUSE TestAccountsDB_LoadCodeOkValsShouldWork
=== RUN   TestAccountsDB_LoadDataNilRootShouldRetNil
=== PAUSE TestAccountsDB_LoadDataNilRootShouldRetNil
=== RUN   TestAccountsDB_LoadDataBadLengthShouldErr
=== PAUSE TestAccountsDB_LoadDataBadLengthShouldErr
=== RUN   TestAccountsDB_LoadDataMalfunctionTrieShouldErr
=== PAUSE TestAccountsDB_LoadDataMalfunctionTrieShouldErr
=== RUN   TestAccountsDB_LoadDataNotFoundRootShouldReturnErr
=== PAUSE TestAccountsDB_LoadDataNotFoundRootShouldReturnErr
=== RUN   TestAccountsDB_LoadDataWithSomeValuesShouldWork
=== PAUSE TestAccountsDB_LoadDataWithSomeValuesShouldWork
=== RUN   TestAccountsDB_CommitShouldCallCommitFromTrie
=== PAUSE TestAccountsDB_CommitShouldCallCommitFromTrie
=== RUN   TestAccountsDB_RecreateTrieMalfunctionTrieShouldErr
=== PAUSE TestAccountsDB_RecreateTrieMalfunctionTrieShouldErr
=== RUN   TestAccountsDB_RecreateTrieOutputsNilTrieShouldErr
=== PAUSE TestAccountsDB_RecreateTrieOutputsNilTrieShouldErr
=== RUN   TestAccountsDB_RecreateTrieOkValsShouldWork
=== PAUSE TestAccountsDB_RecreateTrieOkValsShouldWork
=== RUN   TestAccountsDB_SnapshotState
=== PAUSE TestAccountsDB_SnapshotState
=== RUN   TestAccountsDB_SnapshotStateOnAClosedStorageManagerShouldNotMarkActiveDB
=== PAUSE TestAccountsDB_SnapshotStateOnAClosedStorageManagerShouldNotMarkActiveDB
=== RUN   TestAccountsDB_SnapshotStateWithErrorsShouldNotMarkActiveDB
=== PAUSE TestAccountsDB_SnapshotStateWithErrorsShouldNotMarkActiveDB
=== RUN   TestAccountsDB_SnapshotStateGetLatestStorageEpochErrDoesNotSnapshot
=== PAUSE TestAccountsDB_SnapshotStateGetLatestStorageEpochErrDoesNotSnapshot
=== RUN   TestAccountsDB_SnapshotStateSnapshotSameRootHash
=== PAUSE TestAccountsDB_SnapshotStateSnapshotSameRootHash
=== RUN   TestAccountsDB_SnapshotStateSkipSnapshotIfSnapshotInProgress
=== PAUSE TestAccountsDB_SnapshotStateSkipSnapshotIfSnapshotInProgress
=== RUN   TestAccountsDB_SnapshotStateCallsRemoveFromAllActiveEpochs
=== PAUSE TestAccountsDB_SnapshotStateCallsRemoveFromAllActiveEpochs
=== RUN   TestAccountsDB_IsPruningEnabled
=== PAUSE TestAccountsDB_IsPruningEnabled
=== RUN   TestAccountsDB_RevertToSnapshotOutOfBounds
=== PAUSE TestAccountsDB_RevertToSnapshotOutOfBounds
=== RUN   TestAccountsDB_RevertToSnapshotShouldWork
=== PAUSE TestAccountsDB_RevertToSnapshotShouldWork
=== RUN   TestAccountsDB_RevertToSnapshotWithoutLastRootHashSet
=== PAUSE TestAccountsDB_RevertToSnapshotWithoutLastRootHashSet
=== RUN   TestAccountsDB_SaveAccountWithoutLoading
[0;33mWARN [0m[2026-03-16 10:14:15.398]   state accesses with no associated tx; use state:TRACE for more data [0;33mnum[0m = 1 
[0;33mWARN [0m[2026-03-16 10:14:15.398]   state accesses with no associated tx; use state:TRACE for more data [0;33mnum[0m = 1 
--- PASS: TestAccountsDB_SaveAccountWithoutLoading (0.00s)
=== RUN   TestAccountsDB_RecreateTrieInvalidatesJournalEntries
=== PAUSE TestAccountsDB_RecreateTrieInvalidatesJournalEntries
=== RUN   TestAccountsDB_RootHash
=== PAUSE TestAccountsDB_RootHash
=== RUN   TestAccountsDB_GetAllLeaves
=== PAUSE TestAccountsDB_GetAllLeaves
=== RUN   TestAccountsDB_SaveAccountSavesCodeIfCodeHashIsSet
=== PAUSE TestAccountsDB_SaveAccountSavesCodeIfCodeHashIsSet
=== RUN   TestAccountsDB_saveCode_OldCodeAndNewCodeAreNil
=== PAUSE TestAccountsDB_saveCode_OldCodeAndNewCodeAreNil
=== RUN   TestAccountsDB_saveCode_OldCodeIsNilAndNewCodeIsNotNilAndRevert
=== PAUSE TestAccountsDB_saveCode_OldCodeIsNilAndNewCodeIsNotNilAndRevert
=== RUN   TestAccountsDB_saveCode_OldCodeIsNilAndNewCodeAlreadyExistsAndRevert
=== PAUSE TestAccountsDB_saveCode_OldCodeIsNilAndNewCodeAlreadyExistsAndRevert
=== RUN   TestAccountsDB_saveCode_OldCodeExistsAndNewCodeIsNilAndRevert
=== PAUSE TestAccountsDB_saveCode_OldCodeExistsAndNewCodeIsNilAndRevert
=== RUN   TestAccountsDB_saveCode_OldCodeExistsAndNewCodeExistsAndRevert
=== PAUSE TestAccountsDB_saveCode_OldCodeExistsAndNewCodeExistsAndRevert
=== RUN   TestAccountsDB_saveCode_OldCodeIsReferencedMultipleTimesAndNewCodeIsNilAndRevert
=== PAUSE TestAccountsDB_saveCode_OldCodeIsReferencedMultipleTimesAndNewCodeIsNilAndRevert
=== RUN   TestAccountsDB_RemoveAccountAlsoRemovesCodeAndRevertsCorrectly
=== PAUSE TestAccountsDB_RemoveAccountAlsoRemovesCodeAndRevertsCorrectly
=== RUN   TestAccountsDB_MainTrieAutomaticallyMarksCodeUpdatesForEviction
=== PAUSE TestAccountsDB_MainTrieAutomaticallyMarksCodeUpdatesForEviction
=== RUN   TestAccountsDB_RemoveAccountSetsObsoleteHashes
=== PAUSE TestAccountsDB_RemoveAccountSetsObsoleteHashes
=== RUN   TestAccountsDB_RemoveAccountMarksObsoleteHashesForEviction
=== PAUSE TestAccountsDB_RemoveAccountMarksObsoleteHashesForEviction
=== RUN   TestAccountsDB_TrieDatabasePruning
=== PAUSE TestAccountsDB_TrieDatabasePruning
=== RUN   TestAccountsDB_PruningAndPruningCancellingOnTrieRollback
=== PAUSE TestAccountsDB_PruningAndPruningCancellingOnTrieRollback
=== RUN   TestAccountsDB_Prune
=== PAUSE TestAccountsDB_Prune
=== RUN   TestAccountsDB_GetCode
=== PAUSE TestAccountsDB_GetCode
=== RUN   TestAccountsDB_ImportAccount
=== PAUSE TestAccountsDB_ImportAccount
=== RUN   TestAccountsDB_RecreateAllTries
=== PAUSE TestAccountsDB_RecreateAllTries
=== RUN   TestAccountsDB_GetTrie
=== PAUSE TestAccountsDB_GetTrie
=== RUN   TestAccountsDB_Close
=== PAUSE TestAccountsDB_Close
=== RUN   TestAccountsDB_GetAccountFromBytes
=== PAUSE TestAccountsDB_GetAccountFromBytes
=== RUN   TestAccountsDB_GetAccountFromBytesShouldLoadDataTrie
=== PAUSE TestAccountsDB_GetAccountFromBytesShouldLoadDataTrie
=== RUN   TestAccountsDB_SetSyncerAndStartSnapshotIfNeeded
=== PAUSE TestAccountsDB_SetSyncerAndStartSnapshotIfNeeded
=== RUN   TestAccountsDB_NewAccountsDbStartsSnapshotAfterRestart
=== PAUSE TestAccountsDB_NewAccountsDbStartsSnapshotAfterRestart
=== RUN   TestEmptyErrChanReturningHadContained
=== PAUSE TestEmptyErrChanReturningHadContained
=== RUN   TestAccountsDB_PrintStatsForRootHash
=== PAUSE TestAccountsDB_PrintStatsForRootHash
=== RUN   TestAccountsDB_SyncMissingSnapshotNodes
=== PAUSE TestAccountsDB_SyncMissingSnapshotNodes
=== RUN   TestAccountsDb_Concurrent
[0;31mERROR[0m[2026-03-16 10:14:41.112]   invalid storer for ChangeEpochForPutOperations [0;31mepoch[0m = 1 
[0;31mERROR[0m[2026-03-16 10:14:41.112]   invalid storer for ChangeEpochForPutOperations [0;31mepoch[0m = 0 
[0;32mINFO [0m[2026-03-16 10:14:41.113]   starting snapshot                        [0;32mtype[0m = snapshot state [0;32mrootHash[0m = a817a1fb17aa6468a1045b55d75fdaaf50d7ff2a9906994dc38aff820f7164d6 [0;32mepoch[0m = 0 
[0;31mERROR[0m[2026-03-16 10:14:41.113]   invalid storer for ChangeEpochForPutOperations [0;31mepoch[0m = 1 
[0;33mWARN [0m[2026-03-16 10:14:41.113]   state accesses with no associated tx; use state:TRACE for more data [0;33mnum[0m = 1 
[0;31mERROR[0m[2026-03-16 10:14:41.113]   invalid storer for ChangeEpochForPutOperations [0;31mepoch[0m = 0 
[0;31mERROR[0m[2026-03-16 10:14:41.113]   invalid storer for ChangeEpochForPutOperations [0;31mepoch[0m = 1 
[0;31mERROR[0m[2026-03-16 10:14:41.113]   invalid storer for ChangeEpochForPutOperations [0;31mepoch[0m = 0 
[0;31mERROR[0m[2026-03-16 10:14:41.113]   invalid storer for ChangeEpochForPutOperations [0;31mepoch[0m = 1 
[0;33mWARN [0m[2026-03-16 10:14:41.113]   state accesses with no associated tx; use state:TRACE for more data [0;33mnum[0m = 1 
[0;31mERROR[0m[2026-03-16 10:14:41.113]   invalid storer for ChangeEpochForPutOperations [0;31mepoch[0m = 0 
[0;31mERROR[0m[2026-03-16 10:14:41.113]   invalid storer for ChangeEpochForPutOperations [0;31mepoch[0m = 1 
[0;33mWARN [0m[2026-03-16 10:14:41.113]   state accesses with no associated tx; use state:TRACE for more data [0;33mnum[0m = 1 
[0;31mERROR[0m[2026-03-16 10:14:41.113]   invalid storer for ChangeEpochForPutOperations [0;31mepoch[0m = 0 
--- PASS: TestAccountsDb_Concurrent (26.57s)
=== RUN   TestAccountsDB_SaveKeyValAfterAccountIsReverted
=== PAUSE TestAccountsDB_SaveKeyValAfterAccountIsReverted
=== RUN   TestAccountsDB_RevertTxWhichMigratesDataRemovesMigratedData
=== PAUSE TestAccountsDB_RevertTxWhichMigratesDataRemovesMigratedData
=== RUN   TestAccountsDB_MigrateDataTrieWithFunc
=== PAUSE TestAccountsDB_MigrateDataTrieWithFunc
=== RUN   TestAccountsDB_DeleteNonMigratedLeafAndRevert_SameRootHash
=== PAUSE TestAccountsDB_DeleteNonMigratedLeafAndRevert_SameRootHash
=== RUN   TestNewAccountsRepository
=== PAUSE TestNewAccountsRepository
=== RUN   TestAccountsRepository_GetAccountWithBlockInfo
=== PAUSE TestAccountsRepository_GetAccountWithBlockInfo
=== RUN   TestAccountsRepository_GetCodeWithBlockInfo
=== PAUSE TestAccountsRepository_GetCodeWithBlockInfo
=== RUN   TestAccountsRepository_GetCurrentStateAccountsWrapper
=== PAUSE TestAccountsRepository_GetCurrentStateAccountsWrapper
=== RUN   TestAccountsRepository_Close
=== PAUSE TestAccountsRepository_Close
=== RUN   TestNewDataTriesHolder
=== PAUSE TestNewDataTriesHolder
=== RUN   TestDataTriesHolder_PutAndGet
=== PAUSE TestDataTriesHolder_PutAndGet
=== RUN   TestDataTriesHolder_Replace
=== PAUSE TestDataTriesHolder_Replace
=== RUN   TestDataTriesHolder_GetAll
=== PAUSE TestDataTriesHolder_GetAll
=== RUN   TestDataTriesHolder_Reset
=== PAUSE TestDataTriesHolder_Reset
=== RUN   TestDataTriesHolder_Concurrency
=== PAUSE TestDataTriesHolder_Concurrency
=== RUN   TestDataTriesHolder_GetAllTries
=== PAUSE TestDataTriesHolder_GetAllTries
=== RUN   TestNewJournalEntryCode_NilUpdaterShouldErr
=== PAUSE TestNewJournalEntryCode_NilUpdaterShouldErr
=== RUN   TestNewJournalEntryCode_NilMarshalizerShouldErr
=== PAUSE TestNewJournalEntryCode_NilMarshalizerShouldErr
=== RUN   TestNewJournalEntryCode_OkParams
=== PAUSE TestNewJournalEntryCode_OkParams
=== RUN   TestJournalEntryCode_OldHashAndNewHashAreNil
=== PAUSE TestJournalEntryCode_OldHashAndNewHashAreNil
=== RUN   TestJournalEntryCode_OldHashIsNilAndNewHashIsNotNil
=== PAUSE TestJournalEntryCode_OldHashIsNilAndNewHashIsNotNil
=== RUN   TestNewJournalEntryAccount_NilAccountShouldErr
=== PAUSE TestNewJournalEntryAccount_NilAccountShouldErr
=== RUN   TestNewJournalEntryAccount_OkParams
=== PAUSE TestNewJournalEntryAccount_OkParams
=== RUN   TestJournalEntryAccount_Revert
=== PAUSE TestJournalEntryAccount_Revert
=== RUN   TestNewJournalEntryAccountCreation_InvalidAddressShouldErr
=== PAUSE TestNewJournalEntryAccountCreation_InvalidAddressShouldErr
=== RUN   TestNewJournalEntryAccountCreation_NilUpdaterShouldErr
=== PAUSE TestNewJournalEntryAccountCreation_NilUpdaterShouldErr
=== RUN   TestNewJournalEntryAccountCreation_OkParams
=== PAUSE TestNewJournalEntryAccountCreation_OkParams
=== RUN   TestJournalEntryAccountCreation_RevertErr
=== PAUSE TestJournalEntryAccountCreation_RevertErr
=== RUN   TestJournalEntryAccountCreation_RevertUpdatesTheTrie
=== PAUSE TestJournalEntryAccountCreation_RevertUpdatesTheTrie
=== RUN   TestNewJournalEntryDataTrieUpdates_NilAccountShouldErr
=== PAUSE TestNewJournalEntryDataTrieUpdates_NilAccountShouldErr
=== RUN   TestNewJournalEntryDataTrieUpdates_EmptyTrieUpdatesShouldErr
=== PAUSE TestNewJournalEntryDataTrieUpdates_EmptyTrieUpdatesShouldErr
=== RUN   TestNewJournalEntryDataTrieUpdates_OkValsShouldWork
=== PAUSE TestNewJournalEntryDataTrieUpdates_OkValsShouldWork
=== RUN   TestJournalEntryDataTrieUpdates_RevertFailsWhenUpdateFails
=== PAUSE TestJournalEntryDataTrieUpdates_RevertFailsWhenUpdateFails
=== RUN   TestJournalEntryDataTrieUpdates_RevertFailsWhenAccountRootFails
=== PAUSE TestJournalEntryDataTrieUpdates_RevertFailsWhenAccountRootFails
=== RUN   TestJournalEntryDataTrieUpdates_RevertShouldWork
=== PAUSE TestJournalEntryDataTrieUpdates_RevertShouldWork
=== RUN   TestNewPeerAccountsDB
=== PAUSE TestNewPeerAccountsDB
=== RUN   TestNewPeerAccountsDB_SnapshotState
=== PAUSE TestNewPeerAccountsDB_SnapshotState
=== RUN   TestNewPeerAccountsDB_SnapshotStateGetLatestStorageEpochErrDoesNotSnapshot
=== PAUSE TestNewPeerAccountsDB_SnapshotStateGetLatestStorageEpochErrDoesNotSnapshot
=== RUN   TestNewPeerAccountsDB_RecreateAllTries
=== PAUSE TestNewPeerAccountsDB_RecreateAllTries
=== RUN   TestPeerAccountsDB_SetSyncerAndStartSnapshotIfNeeded
=== PAUSE TestPeerAccountsDB_SetSyncerAndStartSnapshotIfNeeded
=== RUN   TestPeerAccountsDB_MarkSnapshotDone
=== PAUSE TestPeerAccountsDB_MarkSnapshotDone
=== RUN   TestPeerAccountsDB_SetSyncerAndStartSnapshotIfNeededMarksActiveDB
=== PAUSE TestPeerAccountsDB_SetSyncerAndStartSnapshotIfNeededMarksActiveDB
=== RUN   TestPeerAccountsDB_SnapshotStateOnAClosedStorageManagerShouldNotMarkActiveDB
=== PAUSE TestPeerAccountsDB_SnapshotStateOnAClosedStorageManagerShouldNotMarkActiveDB
=== RUN   TestGetPeerAccountAndReturnIfNew
=== PAUSE TestGetPeerAccountAndReturnIfNew
=== RUN   TestNewSnapshotsManager
=== PAUSE TestNewSnapshotsManager
=== RUN   TestSnapshotsManager_IsInterfaceNil
=== PAUSE TestSnapshotsManager_IsInterfaceNil
=== RUN   TestSnapshotsManager_SetSyncer
=== PAUSE TestSnapshotsManager_SetSyncer
=== RUN   TestSnapshotsManager_StartSnapshotAfterRestartIfNeeded
=== PAUSE TestSnapshotsManager_StartSnapshotAfterRestartIfNeeded
=== RUN   TestSnapshotsManager_SnapshotState
=== PAUSE TestSnapshotsManager_SnapshotState
=== CONT  TestNewPruningHandler
=== CONT  TestSnapshotsManager_SnapshotState
=== CONT  TestAccountsDB_saveCode_OldCodeExistsAndNewCodeIsNilAndRevert
=== CONT  TestDataTriesHolder_GetAllTries
=== CONT  TestAccountsDB_saveCode_OldCodeIsNilAndNewCodeAlreadyExistsAndRevert
=== CONT  TestAccountsDB_LoadAccountNotFoundShouldCreateEmpty
--- PASS: TestNewPruningHandler (0.00s)
=== CONT  TestAccountsDB_RemoveAccountAlsoRemovesCodeAndRevertsCorrectly
=== CONT  TestAccountsDB_saveCode_OldCodeIsReferencedMultipleTimesAndNewCodeIsNilAndRevert
=== CONT  TestAccountsDB_GetCode
=== RUN   TestSnapshotsManager_SnapshotState/nil_snapshots_manager_should_not_panic
=== PAUSE TestSnapshotsManager_SnapshotState/nil_snapshots_manager_should_not_panic
=== RUN   TestSnapshotsManager_SnapshotState/storage_manager_does_not_support_snapshots_should_not_initiate_snapshotting
=== PAUSE TestSnapshotsManager_SnapshotState/storage_manager_does_not_support_snapshots_should_not_initiate_snapshotting
=== RUN   TestSnapshotsManager_SnapshotState/should_not_start_snapshot_for_same_rootHash_in_same_epoch,_and_lastSnapshot_should_not_be_rewritten
=== CONT  TestAccountsDB_Prune
=== CONT  TestDataTriesHolder_Concurrency
=== PAUSE TestSnapshotsManager_SnapshotState/should_not_start_snapshot_for_same_rootHash_in_same_epoch,_and_lastSnapshot_should_not_be_rewritten
=== RUN   TestSnapshotsManager_SnapshotState/should_not_start_snapshot_if_another_snapshot_is_in_progress,_lastSnapshot_should_be_saved
=== PAUSE TestSnapshotsManager_SnapshotState/should_not_start_snapshot_if_another_snapshot_is_in_progress,_lastSnapshot_should_be_saved
=== CONT  TestAccountsDB_NewAccountsDbStartsSnapshotAfterRestart
=== RUN   TestSnapshotsManager_SnapshotState/starting_snapshot_sets_some_parameters
=== PAUSE TestSnapshotsManager_SnapshotState/starting_snapshot_sets_some_parameters
=== RUN   TestSnapshotsManager_SnapshotState/waiting_for_the_correct_storage_epoch_fails
=== PAUSE TestSnapshotsManager_SnapshotState/waiting_for_the_correct_storage_epoch_fails
=== RUN   TestSnapshotsManager_SnapshotState/tsm_signals_that_a_snapshot_should_not_be_taken
=== PAUSE TestSnapshotsManager_SnapshotState/tsm_signals_that_a_snapshot_should_not_be_taken
=== RUN   TestSnapshotsManager_SnapshotState/snapshot_with_errors_does_not_mark_active_and_does_not_remove_lastSnapshot
=== CONT  TestDataTriesHolder_Reset
=== CONT  TestAccountsDB_saveCode_OldCodeExistsAndNewCodeExistsAndRevert
=== CONT  TestAccountsDB_TrieDatabasePruning
=== CONT  TestAccountsDB_PruningAndPruningCancellingOnTrieRollback
[0;32mINFO [0m[2026-03-16 10:14:41.967]   starting snapshot                        [0;32mtype[0m = snapshot state [0;32mrootHash[0m =  [0;32mepoch[0m = 1 
=== CONT  TestAccountsDB_GetAccountFromBytesShouldLoadDataTrie
=== CONT  TestDataTriesHolder_GetAll
=== CONT  TestAccountsDB_RemoveAccountMarksObsoleteHashesForEviction
=== CONT  TestDataTriesHolder_Replace
=== CONT  TestDataTriesHolder_PutAndGet
=== CONT  TestAccountsDB_GetAccountFromBytes
=== CONT  TestAccountsDB_RemoveAccountSetsObsoleteHashes
=== RUN   TestAccountsDB_GetAccountFromBytes/nil_address
=== CONT  TestNewDataTriesHolder
=== PAUSE TestAccountsDB_GetAccountFromBytes/nil_address
=== CONT  TestAccountsRepository_Close
=== CONT  TestAccountsDB_Close
=== RUN   TestAccountsDB_GetAccountFromBytes/accountFactory_error
=== PAUSE TestAccountsDB_GetAccountFromBytes/accountFactory_error
=== RUN   TestAccountsRepository_Close/all_have_close_errors,_but_last_one_is_returned
=== CONT  TestAccountsDB_MainTrieAutomaticallyMarksCodeUpdatesForEviction
=== RUN   TestAccountsDB_GetAccountFromBytes/unmarshal_error
=== PAUSE TestAccountsDB_GetAccountFromBytes/unmarshal_error
=== RUN   TestAccountsDB_GetAccountFromBytes/return_peer_account_directly
[0;33mWARN [0m[2026-03-16 10:14:41.967]   state accesses with no associated tx; use state:TRACE for more data [0;33mnum[0m = 1 
=== PAUSE TestAccountsDB_GetAccountFromBytes/return_peer_account_directly
=== RUN   TestAccountsDB_GetAccountFromBytes/loads_data_trie_for_user_account
=== PAUSE TestAccountsDB_GetAccountFromBytes/loads_data_trie_for_user_account
=== CONT  TestAccountsDB_GetTrie
=== CONT  TestAccountsDB_ImportAccount
=== CONT  TestAccountsDB_DeleteNonMigratedLeafAndRevert_SameRootHash
=== CONT  TestAccountsDB_RecreateAllTries
=== CONT  TestAccountsDB_MigrateDataTrieWithFunc
=== RUN   TestAccountsDB_RecreateAllTries/error_on_getting_all_leaves
=== PAUSE TestAccountsDB_RecreateAllTries/error_on_getting_all_leaves
=== RUN   TestAccountsDB_RecreateAllTries/should_work
=== PAUSE TestAccountsDB_RecreateAllTries/should_work
=== CONT  TestAccountsRepository_GetCodeWithBlockInfo
=== CONT  TestEmptyErrChanReturningHadContained
=== RUN   TestAccountsRepository_GetCodeWithBlockInfo/on_final_state_should_work
[0;33mWARN [0m[2026-03-16 10:14:41.967]   state accesses with no associated tx; use state:TRACE for more data [0;33mnum[0m = 1 
=== CONT  TestAccountsDB_RevertTxWhichMigratesDataRemovesMigratedData
[0;33mWARN [0m[2026-03-16 10:14:41.967]   state accesses with no associated tx; use state:TRACE for more data [0;33mnum[0m = 4 
=== RUN   TestEmptyErrChanReturningHadContained/empty_chan_should_return_false
=== CONT  TestAccountsDB_SaveKeyValAfterAccountIsReverted
=== PAUSE TestEmptyErrChanReturningHadContained/empty_chan_should_return_false
=== CONT  TestAccountsDB_SetSyncerAndStartSnapshotIfNeeded
--- PASS: TestDataTriesHolder_GetAllTries (0.00s)
=== RUN   TestEmptyErrChanReturningHadContained/chan_containing_elements_should_return_true
--- PASS: TestAccountsDB_LoadAccountNotFoundShouldCreateEmpty (0.00s)
=== PAUSE TestEmptyErrChanReturningHadContained/chan_containing_elements_should_return_true
=== CONT  TestNewAccountsRepository
--- PASS: TestAccountsDB_saveCode_OldCodeExistsAndNewCodeIsNilAndRevert (0.00s)
--- PASS: TestAccountsDB_saveCode_OldCodeIsReferencedMultipleTimesAndNewCodeIsNilAndRevert (0.00s)
--- PASS: TestAccountsDB_RemoveAccountAlsoRemovesCodeAndRevertsCorrectly (0.00s)
--- PASS: TestDataTriesHolder_Concurrency (0.00s)
--- PASS: TestAccountsDB_saveCode_OldCodeIsNilAndNewCodeAlreadyExistsAndRevert (0.00s)
--- PASS: TestDataTriesHolder_Reset (0.00s)
--- PASS: TestAccountsDB_Prune (0.00s)
=== RUN   TestNewAccountsRepository/nil_final_accounts_adapter
=== CONT  TestAccountsDB_SyncMissingSnapshotNodes
=== PAUSE TestNewAccountsRepository/nil_final_accounts_adapter
[0;33mWARN [0m[2026-03-16 10:14:41.967]   state accesses with no associated tx; use state:TRACE for more data [0;33mnum[0m = 2 
=== RUN   TestAccountsDB_SyncMissingSnapshotNodes/can_not_sync_missing_snapshot_node_should_not_put_activeDbKey
=== PAUSE TestAccountsDB_SyncMissingSnapshotNodes/can_not_sync_missing_snapshot_node_should_not_put_activeDbKey
=== RUN   TestAccountsDB_SyncMissingSnapshotNodes/nil_syncer_should_not_put_activeDbKey
=== PAUSE TestAccountsDB_SyncMissingSnapshotNodes/nil_syncer_should_not_put_activeDbKey
=== RUN   TestAccountsDB_SetSyncerAndStartSnapshotIfNeeded/epoch_0,_GetLatestStorageEpoch_errors_should_not_put
=== RUN   TestAccountsDB_SyncMissingSnapshotNodes/should_not_deadlock_if_sync_err_after_another_err
=== PAUSE TestAccountsDB_SyncMissingSnapshotNodes/should_not_deadlock_if_sync_err_after_another_err
=== CONT  TestSnapshotsManager_SetSyncer
=== CONT  TestNewJournalEntryAccountCreation_OkParams
[0;33mWARN [0m[2026-03-16 10:14:41.967]   could not retrieve snapshot info         [0;33merror[0m = expected error 
=== CONT  TestAccountsDBApi_GetExistingAccount
=== RUN   TestAccountsDBApi_GetExistingAccount/recreate_trie_fails
--- PASS: TestDataTriesHolder_GetAll (0.00s)
--- PASS: TestAccountsDB_GetAccountFromBytesShouldLoadDataTrie (0.00s)
--- PASS: TestAccountsDB_RevertTxWhichMigratesDataRemovesMigratedData (0.00s)
=== PAUSE TestSnapshotsManager_SnapshotState/snapshot_with_errors_does_not_mark_active_and_does_not_remove_lastSnapshot
=== RUN   TestSnapshotsManager_SnapshotState/snapshot_ok_should_remove_lastSnapshot_from_all_active_storers_and_mark_db_as_complete
=== CONT  TestAccountsRepository_GetAccountWithBlockInfo
=== PAUSE TestSnapshotsManager_SnapshotState/snapshot_ok_should_remove_lastSnapshot_from_all_active_storers_and_mark_db_as_complete
=== CONT  TestAccountsDB_PrintStatsForRootHash
=== CONT  TestAccountsDB_LoadAccountMalfunctionTrieShouldErr
=== RUN   TestAccountsRepository_GetAccountWithBlockInfo/on_final_state_should_work
=== CONT  TestAccountsRepository_GetCurrentStateAccountsWrapper
=== CONT  TestNewSnapshotsManager
=== CONT  TestGetPeerAccountAndReturnIfNew
=== RUN   TestGetPeerAccountAndReturnIfNew/should_return_error_if_failed_account_creation
=== PAUSE TestGetPeerAccountAndReturnIfNew/should_return_error_if_failed_account_creation
=== RUN   TestGetPeerAccountAndReturnIfNew/should_return_error_if_wrong_type_of_existent_account
=== PAUSE TestGetPeerAccountAndReturnIfNew/should_return_error_if_wrong_type_of_existent_account
=== RUN   TestGetPeerAccountAndReturnIfNew/should_return_error_if_wrong_type_of_created_accounts
=== PAUSE TestGetPeerAccountAndReturnIfNew/should_return_error_if_wrong_type_of_created_accounts
=== RUN   TestGetPeerAccountAndReturnIfNew/should_work_if_account_exists
=== PAUSE TestGetPeerAccountAndReturnIfNew/should_work_if_account_exists
=== RUN   TestGetPeerAccountAndReturnIfNew/should_create_account_if_missing
=== PAUSE TestGetPeerAccountAndReturnIfNew/should_create_account_if_missing
=== CONT  TestPeerAccountsDB_SnapshotStateOnAClosedStorageManagerShouldNotMarkActiveDB
=== RUN   TestNewAccountsRepository/nil_current_accounts_adapter
=== CONT  TestSnapshotsManager_StartSnapshotAfterRestartIfNeeded
[0;32mINFO [0m[2026-03-16 10:14:41.967]   starting snapshot                        [0;32mtype[0m = snapshot state [0;32mrootHash[0m = 726f6f7468617368 [0;32mepoch[0m = 0 
=== PAUSE TestNewAccountsRepository/nil_current_accounts_adapter
[0;31mERROR[0m[2026-03-16 10:14:41.967]   error waiting for storage epoch change   [0;31merr[0m = context closing 
=== RUN   TestSnapshotsManager_SetSyncer/nil_syncer
=== RUN   TestNewAccountsRepository/nil_historical_accounts_adapter
[0;33mWARN [0m[2026-03-16 10:14:41.967]   err while waiting for storage epoch change [0;33merr[0m = context closing [0;33mepoch[0m = 0 [0;33mrootHash[0m = 726f6f7468617368 
=== PAUSE TestSnapshotsManager_SetSyncer/nil_syncer
=== PAUSE TestNewAccountsRepository/nil_historical_accounts_adapter
=== RUN   TestNewAccountsRepository/should_work
=== PAUSE TestNewAccountsRepository/should_work
--- PASS: TestDataTriesHolder_Replace (0.00s)
--- PASS: TestDataTriesHolder_PutAndGet (0.00s)
--- PASS: TestAccountsDB_saveCode_OldCodeExistsAndNewCodeExistsAndRevert (0.00s)
--- PASS: TestNewDataTriesHolder (0.00s)
--- PASS: TestAccountsDB_Close (0.00s)
=== RUN   TestSnapshotsManager_SetSyncer/set_syncer_concurrently
=== CONT  TestSnapshotsManager_IsInterfaceNil
=== PAUSE TestSnapshotsManager_SetSyncer/set_syncer_concurrently
--- PASS: TestAccountsDB_RemoveAccountSetsObsoleteHashes (0.00s)
=== CONT  TestPeerAccountsDB_SetSyncerAndStartSnapshotIfNeededMarksActiveDB
--- PASS: TestAccountsDB_ImportAccount (0.00s)
--- PASS: TestAccountsDB_MainTrieAutomaticallyMarksCodeUpdatesForEviction (0.00s)
--- PASS: TestAccountsDB_RemoveAccountMarksObsoleteHashesForEviction (0.00s)
=== RUN   TestAccountsRepository_GetCodeWithBlockInfo/on_current_state_should_work
=== RUN   TestAccountsRepository_GetCodeWithBlockInfo/on_historical_state_should_work
=== RUN   TestAccountsRepository_GetCodeWithBlockInfo/on_start_of_epoch_should_error
--- PASS: TestAccountsRepository_GetCodeWithBlockInfo (0.00s)
    --- PASS: TestAccountsRepository_GetCodeWithBlockInfo/on_final_state_should_work (0.00s)
    --- PASS: TestAccountsRepository_GetCodeWithBlockInfo/on_current_state_should_work (0.00s)
    --- PASS: TestAccountsRepository_GetCodeWithBlockInfo/on_historical_state_should_work (0.00s)
    --- PASS: TestAccountsRepository_GetCodeWithBlockInfo/on_start_of_epoch_should_error (0.00s)
=== CONT  TestAccountsDB_RemoveAccountShouldWork
--- PASS: TestAccountsDB_DeleteNonMigratedLeafAndRevert_SameRootHash (0.00s)
--- PASS: TestAccountsDB_MigrateDataTrieWithFunc (0.00s)
=== PAUSE TestAccountsDBApi_GetExistingAccount/recreate_trie_fails
=== RUN   TestNewSnapshotsManager/nil_marshaller
=== RUN   TestAccountsDBApi_GetExistingAccount/recreate_trie_works,_should_call_inner_method
=== PAUSE TestNewSnapshotsManager/nil_marshaller
=== CONT  TestAccountsDB_SaveAccountWithSomeValuesShouldWork
=== CONT  TestPeerAccountsDB_SetSyncerAndStartSnapshotIfNeeded
=== PAUSE TestAccountsDBApi_GetExistingAccount/recreate_trie_works,_should_call_inner_method
[0;32mINFO [0m[2026-03-16 10:14:41.967]   starting snapshot                        [0;32mtype[0m = snapshot state [0;32mrootHash[0m =  [0;32mepoch[0m = 1 
=== CONT  TestNewPeerAccountsDB_RecreateAllTries
=== CONT  TestNewPeerAccountsDB_SnapshotStateGetLatestStorageEpochErrDoesNotSnapshot
=== RUN   TestNewSnapshotsManager/nil_process_status_handler
=== PAUSE TestNewSnapshotsManager/nil_process_status_handler
[0;32mINFO [0m[2026-03-16 10:14:41.967]   starting snapshot                        [0;32mtype[0m = snapshot state [0;32mrootHash[0m = 726f6f7448617368 [0;32mepoch[0m = 0 
=== RUN   TestNewSnapshotsManager/nil_address_converter
=== PAUSE TestNewSnapshotsManager/nil_address_converter
[0;33mWARN [0m[2026-03-16 10:14:41.967]   err while waiting for storage epoch change [0;33merr[0m = new error [0;33mepoch[0m = 0 [0;33mrootHash[0m = 726f6f7448617368 
=== RUN   TestAccountsRepository_Close/historical_has_close_error
=== RUN   TestNewSnapshotsManager/nil_state_metrics
[0;31mERROR[0m[2026-03-16 10:14:41.967]   error waiting for storage epoch change   [0;31merr[0m = new error 
=== PAUSE TestNewSnapshotsManager/nil_state_metrics
=== RUN   TestNewSnapshotsManager/nil_channels_provider
=== CONT  TestAccountsDB_SaveAccountCollectsAllStateChanges
=== PAUSE TestNewSnapshotsManager/nil_channels_provider
=== RUN   TestNewSnapshotsManager/nil_account_factory
=== PAUSE TestNewSnapshotsManager/nil_account_factory
=== RUN   TestNewSnapshotsManager/nil_stats_handler
=== PAUSE TestNewSnapshotsManager/nil_stats_handler
=== RUN   TestNewSnapshotsManager/nil_last_snapshot_marker
=== PAUSE TestNewSnapshotsManager/nil_last_snapshot_marker
=== RUN   TestNewSnapshotsManager/ok
=== PAUSE TestNewSnapshotsManager/ok
=== CONT  TestNewPeerAccountsDB_SnapshotState
[0;32mINFO [0m[2026-03-16 10:14:41.967]   starting snapshot                        [0;32mtype[0m = snapshot state [0;32mrootHash[0m = 726f6f7448617368 [0;32mepoch[0m = 0 
=== RUN   TestPeerAccountsDB_SetSyncerAndStartSnapshotIfNeededMarksActiveDB/epoch_0,_GetLatestStorageEpoch_errors_should_not_put
=== CONT  TestPeerAccountsDB_MarkSnapshotDone
=== RUN   TestPeerAccountsDB_MarkSnapshotDone/get_latest_epoch_fails
--- PASS: TestAccountsDB_GetTrie (0.00s)
[0;33mWARN [0m[2026-03-16 10:14:41.967]   could not retrieve snapshot info         [0;33merror[0m = expected error 
=== PAUSE TestPeerAccountsDB_MarkSnapshotDone/get_latest_epoch_fails
[0;31mERROR[0m[2026-03-16 10:14:41.967]   can not sync missing nodes               [0;31merror[0m = trie syncer is nil 
=== RUN   TestSnapshotsManager_StartSnapshotAfterRestartIfNeeded/nil_syncer
=== PAUSE TestSnapshotsManager_StartSnapshotAfterRestartIfNeeded/nil_syncer
=== RUN   TestSnapshotsManager_StartSnapshotAfterRestartIfNeeded/tsm_should_not_take_snapshot
=== PAUSE TestSnapshotsManager_StartSnapshotAfterRestartIfNeeded/tsm_should_not_take_snapshot
=== RUN   TestSnapshotsManager_StartSnapshotAfterRestartIfNeeded/tsm_get_from_current_epoch_error
=== PAUSE TestSnapshotsManager_StartSnapshotAfterRestartIfNeeded/tsm_get_from_current_epoch_error
=== RUN   TestSnapshotsManager_StartSnapshotAfterRestartIfNeeded/tsm_get_latest_storage_epoch_error
=== PAUSE TestSnapshotsManager_StartSnapshotAfterRestartIfNeeded/tsm_get_latest_storage_epoch_error
=== RUN   TestSnapshotsManager_SetSyncer/ok
=== CONT  TestNewPeerAccountsDB
=== PAUSE TestSnapshotsManager_SetSyncer/ok
=== CONT  TestAccountsDB_DeleteStateChangesHaveProperVersion
=== CONT  TestJournalEntryDataTrieUpdates_RevertFailsWhenAccountRootFails
=== RUN   TestNewPeerAccountsDB/nil_trie_should_error
=== PAUSE TestNewPeerAccountsDB/nil_trie_should_error
=== RUN   TestPeerAccountsDB_MarkSnapshotDone/put_fails_should_not_panic
=== RUN   TestNewPeerAccountsDB/nil_hasher_should_error
=== PAUSE TestNewPeerAccountsDB/nil_hasher_should_error
=== RUN   TestNewPeerAccountsDB/nil_marshaller_should_error
=== PAUSE TestNewPeerAccountsDB/nil_marshaller_should_error
=== RUN   TestNewPeerAccountsDB/nil_account_factory_should_error
=== PAUSE TestNewPeerAccountsDB/nil_account_factory_should_error
=== RUN   TestNewPeerAccountsDB/nil_storage_pruning_manager_should_error
=== PAUSE TestNewPeerAccountsDB/nil_storage_pruning_manager_should_error
=== RUN   TestNewPeerAccountsDB/should_work
=== PAUSE TestNewPeerAccountsDB/should_work
=== PAUSE TestPeerAccountsDB_MarkSnapshotDone/put_fails_should_not_panic
=== RUN   TestPeerAccountsDB_MarkSnapshotDone/should_work
=== CONT  TestJournalEntryDataTrieUpdates_RevertFailsWhenUpdateFails
=== CONT  TestAccountsDB_SaveAccountMalfunctionMarshallerShouldErr
=== CONT  TestNewJournalEntryDataTrieUpdates_OkValsShouldWork
=== CONT  TestAccountsDB_SaveAccountSavesCodeAndDataTrieForUserAccount
=== CONT  TestNewJournalEntryDataTrieUpdates_EmptyTrieUpdatesShouldErr
=== CONT  TestNewJournalEntryDataTrieUpdates_NilAccountShouldErr
=== CONT  TestAccountsDB_SnapshotState
=== CONT  TestAccountsDB_SaveAccountExistingOldAccount
[0;32mINFO [0m[2026-03-16 10:14:41.968]   starting snapshot                        [0;32mtype[0m = snapshot state [0;32mrootHash[0m = 726f6f7468617368 [0;32mepoch[0m = 0 
=== PAUSE TestPeerAccountsDB_MarkSnapshotDone/should_work
=== CONT  TestJournalEntryAccountCreation_RevertUpdatesTheTrie
=== CONT  TestAccountsDB_SaveAccountErrWhenGettingOldAccountShouldErr
=== CONT  TestJournalEntryAccountCreation_RevertErr
=== CONT  TestAccountsDB_MigrateDataTrieLeafCollectsDeleteAndUpdateStateChanges
=== CONT  TestAccountsDB_saveCode_OldCodeIsNilAndNewCodeIsNotNilAndRevert
--- PASS: TestAccountsDB_SaveKeyValAfterAccountIsReverted (0.00s)
=== RUN   TestAccountsDB_SetSyncerAndStartSnapshotIfNeeded/in_import_DB_mode
[0;33mWARN [0m[2026-03-16 10:14:41.968]   could not retrieve snapshot info         [0;33merror[0m = expected error 
--- PASS: TestAccountsDB_SetSyncerAndStartSnapshotIfNeeded (0.00s)
    --- PASS: TestAccountsDB_SetSyncerAndStartSnapshotIfNeeded/epoch_0,_GetLatestStorageEpoch_errors_should_not_put (0.00s)
    --- PASS: TestAccountsDB_SetSyncerAndStartSnapshotIfNeeded/in_import_DB_mode (0.00s)
=== CONT  TestAccountsDB_SaveAccountNilAccountShouldErr
--- PASS: TestAccountsDB_SaveAccountNilAccountShouldErr (0.00s)
=== CONT  TestAccountsDB_saveCode_OldCodeAndNewCodeAreNil
[0;31mERROR[0m[2026-03-16 10:14:41.968]   can not sync missing nodes               [0;31merror[0m = trie syncer is nil 
=== CONT  TestJournalEntryDataTrieUpdates_RevertShouldWork
--- PASS: TestJournalEntryDataTrieUpdates_RevertShouldWork (0.00s)
--- PASS: TestAccountsDB_saveCode_OldCodeAndNewCodeAreNil (0.00s)
=== CONT  TestNewAccountsDB
=== CONT  TestAccountsDB_SaveAccountSavesCodeIfCodeHashIsSet
=== CONT  TestAccountsDBApi_GetAllLeaves
=== RUN   TestNewAccountsDB/nil_trie_should_error
=== PAUSE TestNewAccountsDB/nil_trie_should_error
=== RUN   TestAccountsDBApi_GetAllLeaves/recreate_trie_fails
=== RUN   TestNewAccountsDB/nil_hasher_should_error
=== PAUSE TestAccountsDBApi_GetAllLeaves/recreate_trie_fails
=== CONT  TestAccountsDBApi_GetCode
=== CONT  TestAccountsDB_SaveAccountNilOldAccount
=== RUN   TestAccountsDBApi_GetAllLeaves/recreate_trie_works,_should_call_inner_method
=== RUN   TestAccountsDBApi_GetCode/recreate_trie_fails
=== PAUSE TestAccountsDBApi_GetAllLeaves/recreate_trie_works,_should_call_inner_method
=== PAUSE TestAccountsDBApi_GetCode/recreate_trie_fails
=== CONT  TestAccountsDBApi_LoadAccount
=== RUN   TestAccountsDBApi_LoadAccount/recreate_trie_fails
=== PAUSE TestAccountsDBApi_LoadAccount/recreate_trie_fails
=== CONT  TestAccountsDBApi_GetAccountFromBytes
=== RUN   TestAccountsDBApi_LoadAccount/recreate_trie_works,_should_call_inner_method
=== PAUSE TestAccountsDBApi_LoadAccount/recreate_trie_works,_should_call_inner_method
--- PASS: TestAccountsDB_saveCode_OldCodeIsNilAndNewCodeIsNotNilAndRevert (0.00s)
--- PASS: TestAccountsDB_LoadAccountMalfunctionTrieShouldErr (0.00s)
--- PASS: TestAccountsRepository_GetCurrentStateAccountsWrapper (0.00s)
=== RUN   TestAccountsRepository_GetAccountWithBlockInfo/on_current_state_should_work
=== RUN   TestAccountsRepository_GetAccountWithBlockInfo/on_historical_state_should_work
=== PAUSE TestNewAccountsDB/nil_hasher_should_error
--- PASS: TestSnapshotsManager_IsInterfaceNil (0.00s)
=== CONT  TestAccountsDB_RootHash
--- PASS: TestAccountsDB_RemoveAccountShouldWork (0.00s)
--- PASS: TestAccountsDB_SaveAccountWithSomeValuesShouldWork (0.00s)
=== RUN   TestNewAccountsDB/nil_marshaller_should_error
=== CONT  TestAccountsDB_RecreateTrieInvalidatesJournalEntries
--- PASS: TestNewPeerAccountsDB_RecreateAllTries (0.00s)
=== PAUSE TestNewAccountsDB/nil_marshaller_should_error
=== RUN   TestAccountsDBApi_GetAccountFromBytes/recreate_trie_fails
=== RUN   TestNewAccountsDB/nil_account_factory_should_error
=== PAUSE TestAccountsDBApi_GetAccountFromBytes/recreate_trie_fails
=== PAUSE TestNewAccountsDB/nil_account_factory_should_error
=== RUN   TestAccountsDBApi_GetAccountFromBytes/recreate_trie_works,_should_call_inner_method
[0;33mWARN [0m[2026-03-16 10:14:41.968]   state accesses with no associated tx; use state:TRACE for more data [0;33mnum[0m = 1 
=== PAUSE TestAccountsDBApi_GetAccountFromBytes/recreate_trie_works,_should_call_inner_method
=== RUN   TestAccountsDBApi_GetCode/recreate_trie_works,_should_call_inner_method
=== PAUSE TestAccountsDBApi_GetCode/recreate_trie_works,_should_call_inner_method
=== CONT  TestNewJournalEntryAccountCreation_NilUpdaterShouldErr
=== CONT  TestNewJournalEntryAccountCreation_InvalidAddressShouldErr
=== CONT  TestJournalEntryAccount_Revert
=== CONT  TestAccountsDB_LoadDataNilRootShouldRetNil
=== CONT  TestNewJournalEntryAccount_OkParams
=== RUN   TestNewAccountsDB/nil_storage_pruning_manager_should_error
=== CONT  TestAccountsDB_RevertToSnapshotWithoutLastRootHashSet
=== PAUSE TestNewAccountsDB/nil_storage_pruning_manager_should_error
=== RUN   TestAccountsRepository_GetAccountWithBlockInfo/on_start_of_epoch_should_error
=== CONT  TestAccountsDB_RecreateTrieOkValsShouldWork
=== RUN   TestNewAccountsDB/nil_address_converter_should_error
=== CONT  TestJournalEntryCode_OldHashIsNilAndNewHashIsNotNil
=== PAUSE TestNewAccountsDB/nil_address_converter_should_error
=== CONT  TestJournalEntryCode_OldHashAndNewHashAreNil
=== CONT  TestNewJournalEntryCode_OkParams
=== CONT  TestAccountsDB_RevertToSnapshotShouldWork
=== RUN   TestNewAccountsDB/nil_snapshots_manager_should_error
=== CONT  TestNewJournalEntryCode_NilMarshalizerShouldErr
=== PAUSE TestNewAccountsDB/nil_snapshots_manager_should_error
=== CONT  TestNewJournalEntryCode_NilUpdaterShouldErr
=== RUN   TestNewAccountsDB/should_work
=== CONT  TestAccountsDB_RevertToSnapshotOutOfBounds
=== PAUSE TestNewAccountsDB/should_work
=== CONT  TestAccountsDB_RecreateTrieOutputsNilTrieShouldErr
=== CONT  TestAccountsDB_IsPruningEnabled
=== CONT  TestAccountsDB_SnapshotStateCallsRemoveFromAllActiveEpochs
--- PASS: TestNewPeerAccountsDB_SnapshotStateGetLatestStorageEpochErrDoesNotSnapshot (0.00s)
[0;32mINFO [0m[2026-03-16 10:14:41.968]   starting snapshot                        [0;32mtype[0m = snapshot state [0;32mrootHash[0m = 726f6f7448617368 [0;32mepoch[0m = 0 
=== CONT  TestAccountsDB_GetAllLeaves
=== RUN   TestAccountsRepository_Close/current_has_close_error
--- PASS: TestAccountsDB_GetAllLeaves (0.00s)
=== CONT  TestAccountsDB_LoadDataWithSomeValuesShouldWork
=== CONT  TestAccountsDB_CommitShouldCallCommitFromTrie
--- PASS: TestAccountsRepository_Close (0.00s)
    --- PASS: TestAccountsRepository_Close/all_have_close_errors,_but_last_one_is_returned (0.00s)
    --- PASS: TestAccountsRepository_Close/historical_has_close_error (0.00s)
    --- PASS: TestAccountsRepository_Close/current_has_close_error (0.00s)
--- PASS: TestAccountsDB_LoadDataWithSomeValuesShouldWork (0.00s)
=== CONT  TestAccountsDB_LoadDataNotFoundRootShouldReturnErr
=== RUN   TestPeerAccountsDB_SetSyncerAndStartSnapshotIfNeededMarksActiveDB/in_import_DB_mode
--- PASS: TestAccountsDB_SaveAccountCollectsAllStateChanges (0.00s)
trie was not found for hash, rootHash = 0100000000000000000000000000000000000000000000000000000000000000, err = not implemented
--- PASS: TestAccountsDB_DeleteStateChangesHaveProperVersion (0.00s)
--- PASS: TestJournalEntryDataTrieUpdates_RevertFailsWhenAccountRootFails (0.00s)
--- PASS: TestJournalEntryDataTrieUpdates_RevertFailsWhenUpdateFails (0.00s)
--- PASS: TestAccountsDB_SaveAccountMalfunctionMarshallerShouldErr (0.00s)
--- PASS: TestNewJournalEntryDataTrieUpdates_OkValsShouldWork (0.00s)
--- PASS: TestAccountsDB_GetCode (0.00s)
=== CONT  TestAccountsDB_RecreateTrieMalfunctionTrieShouldErr
=== CONT  TestAccountsDB_LoadDataMalfunctionTrieShouldErr
=== CONT  TestAccountsDB_LoadCodeMalfunctionTrieShouldErr
=== CONT  TestAccountsDB_LoadDataBadLengthShouldErr
=== CONT  TestAccountsDB_LoadCodeWrongHashLengthShouldErr
=== CONT  TestNewJournalEntryAccount_NilAccountShouldErr
=== CONT  TestAccountsDB_SnapshotStateSkipSnapshotIfSnapshotInProgress
=== CONT  TestAccountsDB_GetAccountAccountNotFound
=== CONT  TestAccountsDBApiWithHistory_NotPermittedOrNotImplementedOperationsDoNotPanic
[0;32mINFO [0m[2026-03-16 10:14:41.968]   starting snapshot                        [0;32mtype[0m = snapshot state [0;32mrootHash[0m = 726f6f744861736831 [0;32mepoch[0m = 1 
=== CONT  TestAccountsDB_SnapshotStateSnapshotSameRootHash
=== CONT  TestAccountsDBApi_SimpleProxyMethodsShouldWork
[0;33mWARN [0m[2026-03-16 10:14:41.968]   could not retrieve snapshot info         [0;33merror[0m = expected error 
[0;32mINFO [0m[2026-03-16 10:14:41.968]   starting snapshot                        [0;32mtype[0m = snapshot state [0;32mrootHash[0m = 726f6f744861736831 [0;32mepoch[0m = 0 
=== CONT  TestShardValidatorsInfoMap_Delete
=== CONT  TestAccountsDB_LoadCodeOkValsShouldWork
[0;31mERROR[0m[2026-03-16 10:14:41.968]   can not sync missing nodes               [0;31merror[0m = trie syncer is nil 
=== CONT  TestAccountsDB_SnapshotStateGetLatestStorageEpochErrDoesNotSnapshot
=== CONT  TestAccountsDBApi_EmptyMethodsShouldNotPanic
[0;32mINFO [0m[2026-03-16 10:14:41.968]   starting snapshot                        [0;32mtype[0m = snapshot state [0;32mrootHash[0m = 726f6f7468617368 [0;32mepoch[0m = 0 
[0;31mERROR[0m[2026-03-16 10:14:41.968]   error waiting for storage epoch change   [0;31merr[0m = new error 
=== CONT  TestShardValidatorsInfoMap_Concurrency
[0;33mWARN [0m[2026-03-16 10:14:41.968]   err while waiting for storage epoch change [0;33merr[0m = new error [0;33mepoch[0m = 0 [0;33mrootHash[0m = 726f6f7468617368 
=== CONT  TestAccountsDB_GetExistingAccountFoundShouldRetAccount
=== CONT  TestAccountsDB_SnapshotStateWithErrorsShouldNotMarkActiveDB
[0;32mINFO [0m[2026-03-16 10:14:41.968]   starting snapshot                        [0;32mtype[0m = snapshot state [0;32mrootHash[0m = 726f6f7468617368 [0;32mepoch[0m = 1 
--- PASS: TestAccountsDB_CommitShouldCallCommitFromTrie (0.00s)
--- PASS: TestNewJournalEntryDataTrieUpdates_EmptyTrieUpdatesShouldErr (0.00s)
--- PASS: TestAccountsDB_SaveAccountSavesCodeAndDataTrieForUserAccount (0.00s)
--- PASS: TestNewJournalEntryDataTrieUpdates_NilAccountShouldErr (0.00s)
--- PASS: TestAccountsDB_SaveAccountExistingOldAccount (0.00s)
--- PASS: TestJournalEntryAccountCreation_RevertUpdatesTheTrie (0.00s)
--- PASS: TestAccountsDB_SaveAccountErrWhenGettingOldAccountShouldErr (0.00s)
--- PASS: TestJournalEntryAccountCreation_RevertErr (0.00s)
--- PASS: TestNewJournalEntryAccountCreation_OkParams (0.00s)
--- PASS: TestAccountsDB_SaveAccountSavesCodeIfCodeHashIsSet (0.00s)
--- PASS: TestAccountsDB_SaveAccountNilOldAccount (0.00s)
--- PASS: TestAccountsDB_MigrateDataTrieLeafCollectsDeleteAndUpdateStateChanges (0.00s)
--- PASS: TestAccountsDB_RootHash (0.00s)
--- PASS: TestNewJournalEntryAccountCreation_NilUpdaterShouldErr (0.00s)
--- PASS: TestNewJournalEntryAccountCreation_InvalidAddressShouldErr (0.00s)
--- PASS: TestJournalEntryAccount_Revert (0.00s)
--- PASS: TestAccountsDB_LoadDataNilRootShouldRetNil (0.00s)
--- PASS: TestNewJournalEntryAccount_OkParams (0.00s)
--- PASS: TestAccountsDB_RecreateTrieInvalidatesJournalEntries (0.00s)
--- PASS: TestAccountsDB_RevertToSnapshotWithoutLastRootHashSet (0.00s)
--- PASS: TestAccountsDB_RecreateTrieOkValsShouldWork (0.00s)
--- PASS: TestAccountsRepository_GetAccountWithBlockInfo (0.00s)
    --- PASS: TestAccountsRepository_GetAccountWithBlockInfo/on_final_state_should_work (0.00s)
    --- PASS: TestAccountsRepository_GetAccountWithBlockInfo/on_current_state_should_work (0.00s)
    --- PASS: TestAccountsRepository_GetAccountWithBlockInfo/on_historical_state_should_work (0.00s)
    --- PASS: TestAccountsRepository_GetAccountWithBlockInfo/on_start_of_epoch_should_error (0.00s)
=== CONT  TestAccountsDBApi_RecreateTrieFromEpoch
=== RUN   TestAccountsDBApi_RecreateTrieFromEpoch/should_error_if_the_roothash_holder_is_nil
[0;31mERROR[0m[2026-03-16 10:14:41.968]   can not sync missing nodes               [0;31merror[0m = trie syncer is nil 
--- PASS: TestJournalEntryCode_OldHashIsNilAndNewHashIsNotNil (0.00s)
--- PASS: TestJournalEntryCode_OldHashAndNewHashAreNil (0.00s)
=== RUN   TestAccountsDBApi_RecreateTrieFromEpoch/should_work
--- PASS: TestNewJournalEntryCode_OkParams (0.00s)
--- PASS: TestNewJournalEntryCode_NilMarshalizerShouldErr (0.00s)
--- PASS: TestNewJournalEntryCode_NilUpdaterShouldErr (0.00s)
--- PASS: TestAccountsDB_RevertToSnapshotShouldWork (0.00s)
--- PASS: TestAccountsDB_RevertToSnapshotOutOfBounds (0.00s)
--- PASS: TestAccountsDB_RecreateTrieOutputsNilTrieShouldErr (0.00s)
=== CONT  TestShardValidatorsInfoMap_GettersShouldReturnCopiesOfInternalData
--- PASS: TestAccountsDB_IsPruningEnabled (0.00s)
--- PASS: TestAccountsDB_LoadDataNotFoundRootShouldReturnErr (0.00s)
--- PASS: TestAccountsDB_LoadDataMalfunctionTrieShouldErr (0.00s)
--- PASS: TestAccountsDB_RecreateTrieMalfunctionTrieShouldErr (0.00s)
--- PASS: TestAccountsDB_LoadCodeMalfunctionTrieShouldErr (0.00s)
--- PASS: TestAccountsDB_LoadDataBadLengthShouldErr (0.00s)
=== CONT  TestAccountsDB_SnapshotStateOnAClosedStorageManagerShouldNotMarkActiveDB
--- PASS: TestNewJournalEntryAccount_NilAccountShouldErr (0.00s)
--- PASS: TestAccountsDB_LoadCodeWrongHashLengthShouldErr (0.00s)
--- PASS: TestAccountsDBApiWithHistory_NotPermittedOrNotImplementedOperationsDoNotPanic (0.00s)
--- PASS: TestAccountsDB_GetAccountAccountNotFound (0.00s)
[0;32mINFO [0m[2026-03-16 10:14:41.968]   starting snapshot                        [0;32mtype[0m = snapshot state [0;32mrootHash[0m = 726f6f7468617368 [0;32mepoch[0m = 0 
[0;31mERROR[0m[2026-03-16 10:14:41.968]   error waiting for storage epoch change   [0;31merr[0m = context closing 
--- PASS: TestAccountsDBApi_SimpleProxyMethodsShouldWork (0.00s)
[0;33mWARN [0m[2026-03-16 10:14:41.968]   err while waiting for storage epoch change [0;33merr[0m = context closing [0;33mepoch[0m = 0 [0;33mrootHash[0m = 726f6f7468617368 
--- PASS: TestShardValidatorsInfoMap_Delete (0.00s)
--- PASS: TestPeerAccountsDB_SetSyncerAndStartSnapshotIfNeededMarksActiveDB (0.00s)
    --- PASS: TestPeerAccountsDB_SetSyncerAndStartSnapshotIfNeededMarksActiveDB/epoch_0,_GetLatestStorageEpoch_errors_should_not_put (0.00s)
    --- PASS: TestPeerAccountsDB_SetSyncerAndStartSnapshotIfNeededMarksActiveDB/in_import_DB_mode (0.00s)
=== CONT  TestAccountsDBApi_RecreateTrie
--- PASS: TestAccountsDBApi_EmptyMethodsShouldNotPanic (0.00s)
--- PASS: TestAccountsDB_GetExistingAccountFoundShouldRetAccount (0.00s)
=== CONT  TestShardValidatorsInfoMap_SetValidatorsInShard
--- PASS: TestAccountsDBApi_RecreateTrieFromEpoch (0.00s)
    --- PASS: TestAccountsDBApi_RecreateTrieFromEpoch/should_error_if_the_roothash_holder_is_nil (0.00s)
    --- PASS: TestAccountsDBApi_RecreateTrieFromEpoch/should_work (0.00s)
--- PASS: TestShardValidatorsInfoMap_GettersShouldReturnCopiesOfInternalData (0.00s)
--- PASS: TestAccountsDB_LoadCodeOkValsShouldWork (0.00s)
--- PASS: TestAccountsDBApi_RecreateTrie (0.00s)
--- PASS: TestShardValidatorsInfoMap_SetValidatorsInShard (0.00s)
=== CONT  TestAccountsDBApi_NotPermittedOperations
--- PASS: TestAccountsDBApi_NotPermittedOperations (0.00s)
=== CONT  TestShardValidatorsInfoMap_Replace
--- PASS: TestShardValidatorsInfoMap_Replace (0.00s)
=== CONT  TestAccountsDBAPi_doRecreateTrieWhenReEntranceHappened
--- PASS: TestAccountsDBAPi_doRecreateTrieWhenReEntranceHappened (0.00s)
=== CONT  TestAccountsDB_GetExistingAccountMalfunctionTrieShouldErr
--- PASS: TestAccountsDB_GetExistingAccountMalfunctionTrieShouldErr (0.00s)
=== CONT  TestAccountsDBAPi_recreateTrieIfNecessary
=== RUN   TestAccountsDBAPi_recreateTrieIfNecessary/block_info_provider_returns_nil_or_empty_root_hash_should_error
=== PAUSE TestAccountsDBAPi_recreateTrieIfNecessary/block_info_provider_returns_nil_or_empty_root_hash_should_error
=== RUN   TestAccountsDBAPi_recreateTrieIfNecessary/root_hash_already_set,_return_nil_and_do_not_call_recreate
=== PAUSE TestAccountsDBAPi_recreateTrieIfNecessary/root_hash_already_set,_return_nil_and_do_not_call_recreate
=== RUN   TestAccountsDBAPi_recreateTrieIfNecessary/different_root_hash_should_call_recreate
=== PAUSE TestAccountsDBAPi_recreateTrieIfNecessary/different_root_hash_should_call_recreate
=== RUN   TestAccountsDBAPi_recreateTrieIfNecessary/recreate_fails_should_return_error_and_set_last_root_hash_to_nil
=== PAUSE TestAccountsDBAPi_recreateTrieIfNecessary/recreate_fails_should_return_error_and_set_last_root_hash_to_nil
=== CONT  TestAccountsDB_GetExistingAccountNotFoundShouldRetNil
--- PASS: TestAccountsDB_GetExistingAccountNotFoundShouldRetNil (0.00s)
=== CONT  TestNewAccountsDBApi
=== RUN   TestNewAccountsDBApi/nil_accounts_adapter_should_error
=== PAUSE TestNewAccountsDBApi/nil_accounts_adapter_should_error
=== RUN   TestNewAccountsDBApi/nil_block_info_provider_should_error
=== PAUSE TestNewAccountsDBApi/nil_block_info_provider_should_error
=== RUN   TestNewAccountsDBApi/should_work
=== PAUSE TestNewAccountsDBApi/should_work
=== CONT  TestAccountsDB_LoadAccountExistingShouldLoadDataTrie
--- PASS: TestAccountsDB_LoadAccountExistingShouldLoadDataTrie (0.00s)
=== CONT  TestShardValidatorsInfoMap_Add_GetShardValidatorsInfoMap_GetAllValidatorsInfo_GetValInfoPointerMap
--- PASS: TestShardValidatorsInfoMap_Add_GetShardValidatorsInfoMap_GetAllValidatorsInfo_GetValInfoPointerMap (0.00s)
=== CONT  TestShardValidatorsInfoMap_GetValidator
--- PASS: TestShardValidatorsInfoMap_GetValidator (0.00s)
=== CONT  TestShardValidatorsInfoMap_OperationsWithNilValidators
=== RUN   TestShardValidatorsInfoMap_OperationsWithNilValidators/add_nil_validator
=== PAUSE TestShardValidatorsInfoMap_OperationsWithNilValidators/add_nil_validator
=== RUN   TestShardValidatorsInfoMap_OperationsWithNilValidators/delete_nil_validator
=== PAUSE TestShardValidatorsInfoMap_OperationsWithNilValidators/delete_nil_validator
=== RUN   TestShardValidatorsInfoMap_OperationsWithNilValidators/replace_nil_validator
=== PAUSE TestShardValidatorsInfoMap_OperationsWithNilValidators/replace_nil_validator
=== RUN   TestShardValidatorsInfoMap_OperationsWithNilValidators/set_nil_validators_in_shard
=== PAUSE TestShardValidatorsInfoMap_OperationsWithNilValidators/set_nil_validators_in_shard
=== CONT  TestSnapshotStatistics_Concurrency
--- PASS: TestSnapshotStatistics_Concurrency (0.00s)
=== CONT  TestAccountsDB_GetAccountFromBytes/nil_address
=== CONT  TestAccountsDB_GetAccountFromBytes/loads_data_trie_for_user_account
=== CONT  TestAccountsDB_GetAccountFromBytes/accountFactory_error
=== CONT  TestAccountsDB_GetAccountFromBytes/return_peer_account_directly
=== CONT  TestAccountsDB_GetAccountFromBytes/unmarshal_error
--- PASS: TestAccountsDB_GetAccountFromBytes (0.00s)
    --- PASS: TestAccountsDB_GetAccountFromBytes/nil_address (0.00s)
    --- PASS: TestAccountsDB_GetAccountFromBytes/loads_data_trie_for_user_account (0.00s)
    --- PASS: TestAccountsDB_GetAccountFromBytes/accountFactory_error (0.00s)
    --- PASS: TestAccountsDB_GetAccountFromBytes/return_peer_account_directly (0.00s)
    --- PASS: TestAccountsDB_GetAccountFromBytes/unmarshal_error (0.00s)
=== CONT  TestAccountsDB_RecreateAllTries/error_on_getting_all_leaves
=== CONT  TestAccountsDB_RecreateAllTries/should_work
=== CONT  TestEmptyErrChanReturningHadContained/empty_chan_should_return_false
--- PASS: TestAccountsDB_RecreateAllTries (0.00s)
    --- PASS: TestAccountsDB_RecreateAllTries/error_on_getting_all_leaves (0.00s)
    --- PASS: TestAccountsDB_RecreateAllTries/should_work (0.00s)
=== RUN   TestEmptyErrChanReturningHadContained/empty_chan_should_return_false/unbuffered_chan
=== PAUSE TestEmptyErrChanReturningHadContained/empty_chan_should_return_false/unbuffered_chan
=== RUN   TestEmptyErrChanReturningHadContained/empty_chan_should_return_false/buffered_chan
=== PAUSE TestEmptyErrChanReturningHadContained/empty_chan_should_return_false/buffered_chan
=== CONT  TestEmptyErrChanReturningHadContained/chan_containing_elements_should_return_true
=== RUN   TestEmptyErrChanReturningHadContained/chan_containing_elements_should_return_true/unbuffered_chan
=== PAUSE TestEmptyErrChanReturningHadContained/chan_containing_elements_should_return_true/unbuffered_chan
=== RUN   TestEmptyErrChanReturningHadContained/chan_containing_elements_should_return_true/buffered_chan
=== PAUSE TestEmptyErrChanReturningHadContained/chan_containing_elements_should_return_true/buffered_chan
=== CONT  TestAccountsDB_SyncMissingSnapshotNodes/can_not_sync_missing_snapshot_node_should_not_put_activeDbKey
[0;32mINFO [0m[2026-03-16 10:14:41.969]   starting snapshot                        [0;32mtype[0m = snapshot state [0;32mrootHash[0m = 6ebc4dcaab9e9a01e25702e430ca269839b11fa469d3f1b48ee2f2072f2123c5 [0;32mepoch[0m = 0 
[0;31mERROR[0m[2026-03-16 10:14:41.969]   error during trie snapshot               [0;31merr[0m = getNodeFromDB error: key not found for key 506b53ee0837c6febaaa700e75c821f4ce1a5965158419152ab49fbf6ad7b2d9 [0;31mhash[0m = 506b53ee0837c6febaaa700e75c821f4ce1a5965158419152ab49fbf6ad7b2d9 
[0;31mERROR[0m[2026-03-16 10:14:41.969]   could not sync missing node              [0;31mmissing node hash[0m = 506b53ee0837c6febaaa700e75c821f4ce1a5965158419152ab49fbf6ad7b2d9 [0;31merror[0m = sync error 
--- PASS: TestShardValidatorsInfoMap_Concurrency (0.00s)
=== CONT  TestAccountsDB_SyncMissingSnapshotNodes/should_not_deadlock_if_sync_err_after_another_err
[0;32mINFO [0m[2026-03-16 10:14:41.971]   starting snapshot                        [0;32mtype[0m = snapshot state [0;32mrootHash[0m = 6ebc4dcaab9e9a01e25702e430ca269839b11fa469d3f1b48ee2f2072f2123c5 [0;32mepoch[0m = 0 
[0;31mERROR[0m[2026-03-16 10:14:41.971]   can not sync missing nodes               [0;31merror[0m = trie syncer is nil 
[0;31mERROR[0m[2026-03-16 10:14:41.971]   error during trie snapshot               [0;31merr[0m = getNodeFromDB error: key not found for key 6ebc4dcaab9e9a01e25702e430ca269839b11fa469d3f1b48ee2f2072f2123c5 [0;31mhash[0m = 6ebc4dcaab9e9a01e25702e430ca269839b11fa469d3f1b48ee2f2072f2123c5 
[0;31mERROR[0m[2026-03-16 10:14:41.971]   trie storage manager: newSnapshotNode takeSnapshot [0;31mrootHash[0m = 6ebc4dcaab9e9a01e25702e430ca269839b11fa469d3f1b48ee2f2072f2123c5 [0;31mmainTrieRootHash[0m = 6ebc4dcaab9e9a01e25702e430ca269839b11fa469d3f1b48ee2f2072f2123c5 [0;31merr[0m = getNodeFromDB error: key not found for key 6ebc4dcaab9e9a01e25702e430ca269839b11fa469d3f1b48ee2f2072f2123c5 
[0;33mWARN [0m[2026-03-16 10:14:41.971]   could not sync node                      [0;33mhash[0m = 6ebc4dcaab9e9a01e25702e430ca269839b11fa469d3f1b48ee2f2072f2123c5 
--- PASS: TestNewPeerAccountsDB_SnapshotState (0.01s)
--- PASS: TestAccountsDB_SnapshotStateCallsRemoveFromAllActiveEpochs (0.01s)
=== CONT  TestSnapshotsManager_SnapshotState/nil_snapshots_manager_should_not_panic
=== CONT  TestAccountsDB_SyncMissingSnapshotNodes/nil_syncer_should_not_put_activeDbKey
=== CONT  TestSnapshotsManager_SnapshotState/tsm_signals_that_a_snapshot_should_not_be_taken
[0;32mINFO [0m[2026-03-16 10:14:41.978]   starting snapshot                        [0;32mtype[0m = snapshot state [0;32mrootHash[0m = 726f6f744861736831 [0;32mepoch[0m = 1 
[0;32mINFO [0m[2026-03-16 10:14:41.978]   starting snapshot                        [0;32mtype[0m = snapshot state [0;32mrootHash[0m = 6ebc4dcaab9e9a01e25702e430ca269839b11fa469d3f1b48ee2f2072f2123c5 [0;32mepoch[0m = 0 
[0;32mINFO [0m[2026-03-16 10:14:41.978]   starting snapshot                        [0;32mtype[0m = snapshot state [0;32mrootHash[0m = 726f6f7448617368 [0;32mepoch[0m = 5 
[0;31mERROR[0m[2026-03-16 10:14:41.978]   can not sync missing nodes               [0;31merror[0m = trie syncer is nil 
[0;31mERROR[0m[2026-03-16 10:14:41.978]   can not sync missing nodes               [0;31merror[0m = trie syncer is nil 
[0;31mERROR[0m[2026-03-16 10:14:41.978]   error during trie snapshot               [0;31merr[0m = getNodeFromDB error: key not found for key 506b53ee0837c6febaaa700e75c821f4ce1a5965158419152ab49fbf6ad7b2d9 [0;31mhash[0m = 506b53ee0837c6febaaa700e75c821f4ce1a5965158419152ab49fbf6ad7b2d9 
[0;33mWARN [0m[2026-03-16 10:14:41.978]   could not sync node                      [0;33mhash[0m = 506b53ee0837c6febaaa700e75c821f4ce1a5965158419152ab49fbf6ad7b2d9 
[0;32mINFO [0m[2026-03-16 10:14:41.988]   starting snapshot                        [0;32mtype[0m = snapshot state [0;32mrootHash[0m = 726f6f744861736831 [0;32mepoch[0m = 0 
[0;31mERROR[0m[2026-03-16 10:14:41.988]   can not sync missing nodes               [0;31merror[0m = trie syncer is nil 
=== CONT  TestSnapshotsManager_SnapshotState/waiting_for_the_correct_storage_epoch_fails
[0;32mINFO [0m[2026-03-16 10:14:41.988]   starting snapshot                        [0;32mtype[0m = snapshot state [0;32mrootHash[0m = 726f6f7448617368 [0;32mepoch[0m = 5 
[0;31mERROR[0m[2026-03-16 10:14:41.988]   error waiting for storage epoch change   [0;31merr[0m = some error 
[0;32mINFO [0m[2026-03-16 10:14:41.998]   starting snapshot                        [0;32mtype[0m = snapshot state [0;32mrootHash[0m = 726f6f744861736832 [0;32mepoch[0m = 0 
[0;31mERROR[0m[2026-03-16 10:14:41.998]   can not sync missing nodes               [0;31merror[0m = trie syncer is nil 
=== CONT  TestSnapshotsManager_SnapshotState/should_not_start_snapshot_for_same_rootHash_in_same_epoch,_and_lastSnapshot_should_not_be_rewritten
=== CONT  TestSnapshotsManager_SnapshotState/storage_manager_does_not_support_snapshots_should_not_initiate_snapshotting
=== CONT  TestSnapshotsManager_SnapshotState/snapshot_ok_should_remove_lastSnapshot_from_all_active_storers_and_mark_db_as_complete
[0;32mINFO [0m[2026-03-16 10:14:41.998]   starting snapshot                        [0;32mtype[0m = snapshot state [0;32mrootHash[0m = 726f6f7448617368 [0;32mepoch[0m = 5 
[0;32mINFO [0m[2026-03-16 10:14:42.008]   starting snapshot                        [0;32mtype[0m = snapshot state [0;32mrootHash[0m = 726f6f744861736832 [0;32mepoch[0m = 1 
[0;31mERROR[0m[2026-03-16 10:14:42.008]   can not sync missing nodes               [0;31merror[0m = trie syncer is nil 
=== CONT  TestSnapshotsManager_SnapshotState/should_not_start_snapshot_if_another_snapshot_is_in_progress,_lastSnapshot_should_be_saved
--- PASS: TestAccountsDB_SnapshotStateSnapshotSameRootHash (0.05s)
=== CONT  TestSnapshotsManager_SnapshotState/starting_snapshot_sets_some_parameters
=== CONT  TestSnapshotsManager_SnapshotState/snapshot_with_errors_does_not_mark_active_and_does_not_remove_lastSnapshot
[0;32mINFO [0m[2026-03-16 10:14:42.019]   starting snapshot                        [0;32mtype[0m = snapshot state [0;32mrootHash[0m = 726f6f7448617368 [0;32mepoch[0m = 5 
[0;31mERROR[0m[2026-03-16 10:14:42.019]   can not sync missing nodes               [0;31merror[0m = trie syncer is nil 
[0;32mINFO [0m[2026-03-16 10:14:42.029]   starting snapshot                        [0;32mtype[0m =  [0;32mrootHash[0m = 726f6f7448617368 [0;32mepoch[0m = 5 
=== CONT  TestGetPeerAccountAndReturnIfNew/should_return_error_if_failed_account_creation
=== CONT  TestGetPeerAccountAndReturnIfNew/should_work_if_account_exists
=== CONT  TestGetPeerAccountAndReturnIfNew/should_return_error_if_wrong_type_of_created_accounts
[0;31mERROR[0m[2026-03-16 10:14:42.029]   can not sync missing nodes               [0;31merror[0m = trie syncer is nil 
=== CONT  TestGetPeerAccountAndReturnIfNew/should_create_account_if_missing
--- PASS: TestSnapshotsManager_SnapshotState (0.00s)
    --- PASS: TestSnapshotsManager_SnapshotState/nil_snapshots_manager_should_not_panic (0.00s)
    --- PASS: TestSnapshotsManager_SnapshotState/tsm_signals_that_a_snapshot_should_not_be_taken (0.01s)
    --- PASS: TestSnapshotsManager_SnapshotState/waiting_for_the_correct_storage_epoch_fails (0.01s)
    --- PASS: TestSnapshotsManager_SnapshotState/should_not_start_snapshot_for_same_rootHash_in_same_epoch,_and_lastSnapshot_should_not_be_rewritten (0.00s)
    --- PASS: TestSnapshotsManager_SnapshotState/storage_manager_does_not_support_snapshots_should_not_initiate_snapshotting (0.00s)
    --- PASS: TestSnapshotsManager_SnapshotState/snapshot_ok_should_remove_lastSnapshot_from_all_active_storers_and_mark_db_as_complete (0.01s)
    --- PASS: TestSnapshotsManager_SnapshotState/should_not_start_snapshot_if_another_snapshot_is_in_progress,_lastSnapshot_should_be_saved (0.01s)
    --- PASS: TestSnapshotsManager_SnapshotState/starting_snapshot_sets_some_parameters (0.01s)
    --- PASS: TestSnapshotsManager_SnapshotState/snapshot_with_errors_does_not_mark_active_and_does_not_remove_lastSnapshot (0.01s)
=== CONT  TestGetPeerAccountAndReturnIfNew/should_return_error_if_wrong_type_of_existent_account
=== CONT  TestNewAccountsRepository/nil_final_accounts_adapter
=== CONT  TestNewAccountsRepository/nil_historical_accounts_adapter
=== CONT  TestNewAccountsRepository/should_work
=== CONT  TestNewAccountsRepository/nil_current_accounts_adapter
=== CONT  TestAccountsDBApi_GetExistingAccount/recreate_trie_fails
=== CONT  TestAccountsDBApi_GetExistingAccount/recreate_trie_works,_should_call_inner_method
=== CONT  TestNewSnapshotsManager/nil_marshaller
=== CONT  TestNewSnapshotsManager/nil_channels_provider
=== CONT  TestNewSnapshotsManager/nil_stats_handler
=== CONT  TestNewSnapshotsManager/nil_account_factory
=== CONT  TestNewSnapshotsManager/nil_state_metrics
=== CONT  TestNewSnapshotsManager/nil_process_status_handler
=== CONT  TestNewSnapshotsManager/ok
=== CONT  TestNewSnapshotsManager/nil_last_snapshot_marker
=== CONT  TestSnapshotsManager_StartSnapshotAfterRestartIfNeeded/nil_syncer
=== CONT  TestSnapshotsManager_StartSnapshotAfterRestartIfNeeded/tsm_get_latest_storage_epoch_error
[0;33mWARN [0m[2026-03-16 10:14:42.029]   could not retrieve snapshot info         [0;33merror[0m = expected error 
=== CONT  TestSnapshotsManager_StartSnapshotAfterRestartIfNeeded/tsm_get_from_current_epoch_error
--- PASS: TestGetPeerAccountAndReturnIfNew (0.00s)
    --- PASS: TestGetPeerAccountAndReturnIfNew/should_return_error_if_failed_account_creation (0.00s)
    --- PASS: TestGetPeerAccountAndReturnIfNew/should_work_if_account_exists (0.00s)
    --- PASS: TestGetPeerAccountAndReturnIfNew/should_create_account_if_missing (0.00s)
    --- PASS: TestGetPeerAccountAndReturnIfNew/should_return_error_if_wrong_type_of_created_accounts (0.00s)
    --- PASS: TestGetPeerAccountAndReturnIfNew/should_return_error_if_wrong_type_of_existent_account (0.00s)
--- PASS: TestNewAccountsRepository (0.00s)
    --- PASS: TestNewAccountsRepository/nil_final_accounts_adapter (0.00s)
    --- PASS: TestNewAccountsRepository/nil_historical_accounts_adapter (0.00s)
    --- PASS: TestNewAccountsRepository/should_work (0.00s)
    --- PASS: TestNewAccountsRepository/nil_current_accounts_adapter (0.00s)
[0;33mWARN [0m[2026-03-16 10:14:42.029]   could not retrieve snapshot info         [0;33merror[0m = expected error 
=== CONT  TestSnapshotsManager_StartSnapshotAfterRestartIfNeeded/tsm_should_not_take_snapshot
=== CONT  TestSnapshotsManager_SetSyncer/nil_syncer
=== CONT  TestNewSnapshotsManager/nil_address_converter
=== CONT  TestSnapshotsManager_SetSyncer/set_syncer_concurrently
=== CONT  TestSnapshotsManager_SetSyncer/ok
--- PASS: TestAccountsDBApi_GetExistingAccount (0.00s)
    --- PASS: TestAccountsDBApi_GetExistingAccount/recreate_trie_works,_should_call_inner_method (0.00s)
    --- PASS: TestAccountsDBApi_GetExistingAccount/recreate_trie_fails (0.00s)
=== CONT  TestNewPeerAccountsDB/nil_trie_should_error
=== CONT  TestNewPeerAccountsDB/nil_account_factory_should_error
=== CONT  TestNewPeerAccountsDB/nil_marshaller_should_error
--- PASS: TestSnapshotsManager_StartSnapshotAfterRestartIfNeeded (0.00s)
    --- PASS: TestSnapshotsManager_StartSnapshotAfterRestartIfNeeded/nil_syncer (0.00s)
    --- PASS: TestSnapshotsManager_StartSnapshotAfterRestartIfNeeded/tsm_get_latest_storage_epoch_error (0.00s)
    --- PASS: TestSnapshotsManager_StartSnapshotAfterRestartIfNeeded/tsm_get_from_current_epoch_error (0.00s)
    --- PASS: TestSnapshotsManager_StartSnapshotAfterRestartIfNeeded/tsm_should_not_take_snapshot (0.00s)
=== CONT  TestNewPeerAccountsDB/nil_hasher_should_error
--- PASS: TestNewSnapshotsManager (0.00s)
    --- PASS: TestNewSnapshotsManager/nil_marshaller (0.00s)
    --- PASS: TestNewSnapshotsManager/nil_channels_provider (0.00s)
    --- PASS: TestNewSnapshotsManager/nil_stats_handler (0.00s)
    --- PASS: TestNewSnapshotsManager/nil_account_factory (0.00s)
    --- PASS: TestNewSnapshotsManager/nil_state_metrics (0.00s)
    --- PASS: TestNewSnapshotsManager/nil_process_status_handler (0.00s)
    --- PASS: TestNewSnapshotsManager/ok (0.00s)
    --- PASS: TestNewSnapshotsManager/nil_last_snapshot_marker (0.00s)
    --- PASS: TestNewSnapshotsManager/nil_address_converter (0.00s)
=== CONT  TestNewPeerAccountsDB/should_work
=== CONT  TestNewPeerAccountsDB/nil_storage_pruning_manager_should_error
--- PASS: TestNewPeerAccountsDB (0.00s)
    --- PASS: TestNewPeerAccountsDB/nil_trie_should_error (0.00s)
    --- PASS: TestNewPeerAccountsDB/nil_account_factory_should_error (0.00s)
    --- PASS: TestNewPeerAccountsDB/nil_marshaller_should_error (0.00s)
    --- PASS: TestNewPeerAccountsDB/nil_hasher_should_error (0.00s)
    --- PASS: TestNewPeerAccountsDB/should_work (0.00s)
    --- PASS: TestNewPeerAccountsDB/nil_storage_pruning_manager_should_error (0.00s)
=== CONT  TestPeerAccountsDB_MarkSnapshotDone/get_latest_epoch_fails
[0;31mERROR[0m[2026-03-16 10:14:42.029]   MarkSnapshotDone error                   [0;31merr[0m = expected error while getting the latest storage epoch 
=== CONT  TestPeerAccountsDB_MarkSnapshotDone/should_work
=== CONT  TestPeerAccountsDB_MarkSnapshotDone/put_fails_should_not_panic
[0;33mWARN [0m[2026-03-16 10:14:42.029]   error while putting active DB value into main storer [0;33merror[0m = expected error 
--- PASS: TestPeerAccountsDB_MarkSnapshotDone (0.00s)
    --- PASS: TestPeerAccountsDB_MarkSnapshotDone/get_latest_epoch_fails (0.00s)
    --- PASS: TestPeerAccountsDB_MarkSnapshotDone/should_work (0.00s)
    --- PASS: TestPeerAccountsDB_MarkSnapshotDone/put_fails_should_not_panic (0.00s)
=== CONT  TestAccountsDBApi_GetAllLeaves/recreate_trie_fails
=== CONT  TestAccountsDBApi_GetAllLeaves/recreate_trie_works,_should_call_inner_method
--- PASS: TestAccountsDBApi_GetAllLeaves (0.00s)
    --- PASS: TestAccountsDBApi_GetAllLeaves/recreate_trie_fails (0.00s)
    --- PASS: TestAccountsDBApi_GetAllLeaves/recreate_trie_works,_should_call_inner_method (0.00s)
=== CONT  TestAccountsDBApi_LoadAccount/recreate_trie_fails
=== CONT  TestAccountsDBApi_LoadAccount/recreate_trie_works,_should_call_inner_method
--- PASS: TestAccountsDBApi_LoadAccount (0.00s)
    --- PASS: TestAccountsDBApi_LoadAccount/recreate_trie_fails (0.00s)
    --- PASS: TestAccountsDBApi_LoadAccount/recreate_trie_works,_should_call_inner_method (0.00s)
=== CONT  TestAccountsDBApi_GetAccountFromBytes/recreate_trie_fails
=== CONT  TestAccountsDBApi_GetCode/recreate_trie_fails
[0;33mWARN [0m[2026-03-16 10:14:42.029]   accountsDBApi.GetCode                    [0;33merror[0m = expected error 
=== CONT  TestAccountsDBApi_GetCode/recreate_trie_works,_should_call_inner_method
--- PASS: TestAccountsDBApi_GetCode (0.00s)
    --- PASS: TestAccountsDBApi_GetCode/recreate_trie_fails (0.00s)
    --- PASS: TestAccountsDBApi_GetCode/recreate_trie_works,_should_call_inner_method (0.00s)
=== CONT  TestAccountsDBApi_GetAccountFromBytes/recreate_trie_works,_should_call_inner_method
--- PASS: TestAccountsDBApi_GetAccountFromBytes (0.00s)
    --- PASS: TestAccountsDBApi_GetAccountFromBytes/recreate_trie_fails (0.00s)
    --- PASS: TestAccountsDBApi_GetAccountFromBytes/recreate_trie_works,_should_call_inner_method (0.00s)
=== CONT  TestNewAccountsDB/nil_trie_should_error
=== CONT  TestNewAccountsDB/nil_storage_pruning_manager_should_error
=== CONT  TestNewAccountsDB/nil_account_factory_should_error
=== CONT  TestNewAccountsDB/nil_marshaller_should_error
=== CONT  TestNewAccountsDB/nil_address_converter_should_error
=== CONT  TestNewAccountsDB/nil_hasher_should_error
=== CONT  TestNewAccountsDB/should_work
=== CONT  TestNewAccountsDB/nil_snapshots_manager_should_error
=== CONT  TestAccountsDBAPi_recreateTrieIfNecessary/block_info_provider_returns_nil_or_empty_root_hash_should_error
--- PASS: TestNewAccountsDB (0.00s)
    --- PASS: TestNewAccountsDB/nil_trie_should_error (0.00s)
    --- PASS: TestNewAccountsDB/nil_storage_pruning_manager_should_error (0.00s)
    --- PASS: TestNewAccountsDB/nil_account_factory_should_error (0.00s)
    --- PASS: TestNewAccountsDB/nil_marshaller_should_error (0.00s)
    --- PASS: TestNewAccountsDB/nil_address_converter_should_error (0.00s)
    --- PASS: TestNewAccountsDB/nil_hasher_should_error (0.00s)
    --- PASS: TestNewAccountsDB/should_work (0.00s)
    --- PASS: TestNewAccountsDB/nil_snapshots_manager_should_error (0.00s)
=== RUN   TestAccountsDBAPi_recreateTrieIfNecessary/block_info_provider_returns_nil_or_empty_root_hash_should_error/nil_block_info_should_error
=== RUN   TestAccountsDBAPi_recreateTrieIfNecessary/block_info_provider_returns_nil_or_empty_root_hash_should_error/block_info_contains_a_nil_root_hash_should_error
=== RUN   TestAccountsDBAPi_recreateTrieIfNecessary/block_info_provider_returns_nil_or_empty_root_hash_should_error/block_info_contains_an_empty_root_hash_should_error
=== CONT  TestNewAccountsDBApi/nil_accounts_adapter_should_error
=== CONT  TestAccountsDBAPi_recreateTrieIfNecessary/recreate_fails_should_return_error_and_set_last_root_hash_to_nil
=== CONT  TestAccountsDBAPi_recreateTrieIfNecessary/different_root_hash_should_call_recreate
=== CONT  TestAccountsDBAPi_recreateTrieIfNecessary/root_hash_already_set,_return_nil_and_do_not_call_recreate
--- PASS: TestAccountsDBAPi_recreateTrieIfNecessary (0.00s)
    --- PASS: TestAccountsDBAPi_recreateTrieIfNecessary/block_info_provider_returns_nil_or_empty_root_hash_should_error (0.00s)
        --- PASS: TestAccountsDBAPi_recreateTrieIfNecessary/block_info_provider_returns_nil_or_empty_root_hash_should_error/nil_block_info_should_error (0.00s)
        --- PASS: TestAccountsDBAPi_recreateTrieIfNecessary/block_info_provider_returns_nil_or_empty_root_hash_should_error/block_info_contains_a_nil_root_hash_should_error (0.00s)
        --- PASS: TestAccountsDBAPi_recreateTrieIfNecessary/block_info_provider_returns_nil_or_empty_root_hash_should_error/block_info_contains_an_empty_root_hash_should_error (0.00s)
    --- PASS: TestAccountsDBAPi_recreateTrieIfNecessary/recreate_fails_should_return_error_and_set_last_root_hash_to_nil (0.00s)
    --- PASS: TestAccountsDBAPi_recreateTrieIfNecessary/different_root_hash_should_call_recreate (0.00s)
    --- PASS: TestAccountsDBAPi_recreateTrieIfNecessary/root_hash_already_set,_return_nil_and_do_not_call_recreate (0.00s)
=== CONT  TestNewAccountsDBApi/should_work
=== CONT  TestNewAccountsDBApi/nil_block_info_provider_should_error
--- PASS: TestNewAccountsDBApi (0.00s)
    --- PASS: TestNewAccountsDBApi/nil_accounts_adapter_should_error (0.00s)
    --- PASS: TestNewAccountsDBApi/should_work (0.00s)
    --- PASS: TestNewAccountsDBApi/nil_block_info_provider_should_error (0.00s)
=== CONT  TestShardValidatorsInfoMap_OperationsWithNilValidators/add_nil_validator
=== CONT  TestShardValidatorsInfoMap_OperationsWithNilValidators/replace_nil_validator
=== CONT  TestShardValidatorsInfoMap_OperationsWithNilValidators/set_nil_validators_in_shard
=== CONT  TestShardValidatorsInfoMap_OperationsWithNilValidators/delete_nil_validator
=== CONT  TestEmptyErrChanReturningHadContained/empty_chan_should_return_false/unbuffered_chan
--- PASS: TestShardValidatorsInfoMap_OperationsWithNilValidators (0.00s)
    --- PASS: TestShardValidatorsInfoMap_OperationsWithNilValidators/add_nil_validator (0.00s)
    --- PASS: TestShardValidatorsInfoMap_OperationsWithNilValidators/replace_nil_validator (0.00s)
    --- PASS: TestShardValidatorsInfoMap_OperationsWithNilValidators/set_nil_validators_in_shard (0.00s)
    --- PASS: TestShardValidatorsInfoMap_OperationsWithNilValidators/delete_nil_validator (0.00s)
=== CONT  TestEmptyErrChanReturningHadContained/empty_chan_should_return_false/buffered_chan
=== CONT  TestEmptyErrChanReturningHadContained/chan_containing_elements_should_return_true/unbuffered_chan
--- PASS: TestSnapshotsManager_SetSyncer (0.00s)
    --- PASS: TestSnapshotsManager_SetSyncer/nil_syncer (0.00s)
    --- PASS: TestSnapshotsManager_SetSyncer/ok (0.00s)
    --- PASS: TestSnapshotsManager_SetSyncer/set_syncer_concurrently (0.01s)
=== CONT  TestEmptyErrChanReturningHadContained/chan_containing_elements_should_return_true/buffered_chan
[0;31mERROR[0m[2026-03-16 10:14:42.068]   can not sync missing nodes               [0;31merror[0m = trie syncer is nil 
--- PASS: TestAccountsDB_SyncMissingSnapshotNodes (0.00s)
    --- PASS: TestAccountsDB_SyncMissingSnapshotNodes/can_not_sync_missing_snapshot_node_should_not_put_activeDbKey (0.10s)
    --- PASS: TestAccountsDB_SyncMissingSnapshotNodes/should_not_deadlock_if_sync_err_after_another_err (0.10s)
    --- PASS: TestAccountsDB_SyncMissingSnapshotNodes/nil_syncer_should_not_put_activeDbKey (0.10s)
[0;33mWARN [0m[2026-03-16 10:14:42.263]   state accesses with no associated tx; use state:TRACE for more data [0;33mnum[0m = 2000 
--- PASS: TestAccountsDB_PrintStatsForRootHash (0.62s)
--- PASS: TestPeerAccountsDB_SnapshotStateOnAClosedStorageManagerShouldNotMarkActiveDB (1.00s)
--- PASS: TestAccountsDB_TrieDatabasePruning (1.00s)
--- PASS: TestAccountsDB_NewAccountsDbStartsSnapshotAfterRestart (1.00s)
[0;33mWARN [0m[2026-03-16 10:14:42.967]   trie recreate error:                     [0;33merror[0m = getNodeFromDB error: key not found for key fa5c1932edb0578072b118e85e4634bcebc3b7fd9a95f74668ddf642227d5a19 [0;33mroot[0m = fa5c1932edb0578072b118e85e4634bcebc3b7fd9a95f74668ddf642227d5a19 
--- PASS: TestAccountsDB_SnapshotState (1.00s)
--- PASS: TestAccountsDB_SnapshotStateGetLatestStorageEpochErrDoesNotSnapshot (1.00s)
--- PASS: TestPeerAccountsDB_SetSyncerAndStartSnapshotIfNeeded (1.00s)
--- PASS: TestAccountsDB_SnapshotStateWithErrorsShouldNotMarkActiveDB (1.00s)
--- PASS: TestAccountsDB_SnapshotStateOnAClosedStorageManagerShouldNotMarkActiveDB (1.00s)
--- PASS: TestEmptyErrChanReturningHadContained (0.00s)
    --- PASS: TestEmptyErrChanReturningHadContained/empty_chan_should_return_false (0.00s)
        --- PASS: TestEmptyErrChanReturningHadContained/empty_chan_should_return_false/unbuffered_chan (0.00s)
        --- PASS: TestEmptyErrChanReturningHadContained/empty_chan_should_return_false/buffered_chan (0.00s)
    --- PASS: TestEmptyErrChanReturningHadContained/chan_containing_elements_should_return_true (0.00s)
        --- PASS: TestEmptyErrChanReturningHadContained/chan_containing_elements_should_return_true/buffered_chan (0.00s)
        --- PASS: TestEmptyErrChanReturningHadContained/chan_containing_elements_should_return_true/unbuffered_chan (1.00s)
--- PASS: TestAccountsDB_SnapshotStateSkipSnapshotIfSnapshotInProgress (1.31s)
[0;33mWARN [0m[2026-03-16 10:14:43.968]   trie recreate error:                     [0;33merror[0m = getNodeFromDB error: key not found for key 2b43b0f5a8eeb6e6c66446f47c7bff23de8f525e75fe075c0fd66ee91e641474 [0;33mroot[0m = 2b43b0f5a8eeb6e6c66446f47c7bff23de8f525e75fe075c0fd66ee91e641474 
[0;33mWARN [0m[2026-03-16 10:14:44.968]   trie recreate error:                     [0;33merror[0m = getNodeFromDB error: key not found for key 7ef36b12eeb37c7c92e069052db5d14b432c60c726c2ab407f8a0237ffbbd3ab [0;33mroot[0m = 7ef36b12eeb37c7c92e069052db5d14b432c60c726c2ab407f8a0237ffbbd3ab 
--- PASS: TestAccountsDB_PruningAndPruningCancellingOnTrieRollback (3.00s)
PASS
ok  	github.com/TerraDharitri/drt-go-chain/state	(cached)
=== RUN   TestNewPeerAccount_NilAddressContainerShouldErr
=== PAUSE TestNewPeerAccount_NilAddressContainerShouldErr
=== RUN   TestNewPeerAccount_OkParamsShouldWork
=== PAUSE TestNewPeerAccount_OkParamsShouldWork
=== RUN   TestPeerAccount_SetInvalidBLSPublicKey
=== PAUSE TestPeerAccount_SetInvalidBLSPublicKey
=== RUN   TestPeerAccount_SetAndGetBLSPublicKey
=== PAUSE TestPeerAccount_SetAndGetBLSPublicKey
=== RUN   TestPeerAccount_SetRewardAddressInvalidAddress
=== PAUSE TestPeerAccount_SetRewardAddressInvalidAddress
=== RUN   TestPeerAccount_SetAndGetRewardAddress
=== PAUSE TestPeerAccount_SetAndGetRewardAddress
=== RUN   TestPeerAccount_SetAndGetAccumulatedFees
=== PAUSE TestPeerAccount_SetAndGetAccumulatedFees
=== RUN   TestPeerAccount_SetAndGetLeaderSuccessRate
=== PAUSE TestPeerAccount_SetAndGetLeaderSuccessRate
=== RUN   TestPeerAccount_SetAndGetValidatorSuccessRate
=== PAUSE TestPeerAccount_SetAndGetValidatorSuccessRate
=== RUN   TestPeerAccount_IncreaseAndGetSetNumSelectedInSuccessBlocks
=== PAUSE TestPeerAccount_IncreaseAndGetSetNumSelectedInSuccessBlocks
=== RUN   TestPeerAccount_SetAndGetRating
=== PAUSE TestPeerAccount_SetAndGetRating
=== RUN   TestPeerAccount_SetAndGetTempRating
=== PAUSE TestPeerAccount_SetAndGetTempRating
=== RUN   TestPeerAccount_ResetAtNewEpoch
=== PAUSE TestPeerAccount_ResetAtNewEpoch
=== RUN   TestPeerAccount_IncreaseAndGetNonce
=== PAUSE TestPeerAccount_IncreaseAndGetNonce
=== RUN   TestPeerAccount_AddressBytes
=== PAUSE TestPeerAccount_AddressBytes
=== RUN   TestNewUserAccount
=== PAUSE TestNewUserAccount
=== RUN   TestUserAccount_AddressBytes
=== PAUSE TestUserAccount_AddressBytes
=== RUN   TestUserAccount_AddToBalanceInsufficientFundsShouldErr
=== PAUSE TestUserAccount_AddToBalanceInsufficientFundsShouldErr
=== RUN   TestUserAccount_SubFromBalanceInsufficientFundsShouldErr
=== PAUSE TestUserAccount_SubFromBalanceInsufficientFundsShouldErr
=== RUN   TestUserAccount_GetBalance
=== PAUSE TestUserAccount_GetBalance
=== RUN   TestUserAccount_AddToDeveloperReward
=== PAUSE TestUserAccount_AddToDeveloperReward
=== RUN   TestUserAccount_ClaimDeveloperRewardsWrongAddressShouldErr
=== PAUSE TestUserAccount_ClaimDeveloperRewardsWrongAddressShouldErr
=== RUN   TestUserAccount_ClaimDeveloperRewards
=== PAUSE TestUserAccount_ClaimDeveloperRewards
=== RUN   TestUserAccount_ChangeOwnerAddressWrongAddressShouldErr
=== PAUSE TestUserAccount_ChangeOwnerAddressWrongAddressShouldErr
=== RUN   TestUserAccount_ChangeOwnerAddressInvalidAddressShouldErr
=== PAUSE TestUserAccount_ChangeOwnerAddressInvalidAddressShouldErr
=== RUN   TestUserAccount_ChangeOwnerAddress
=== PAUSE TestUserAccount_ChangeOwnerAddress
=== RUN   TestUserAccount_SetOwnerAddress
=== PAUSE TestUserAccount_SetOwnerAddress
=== RUN   TestUserAccount_SetAndGetNonce
=== PAUSE TestUserAccount_SetAndGetNonce
=== RUN   TestUserAccount_SetAndGetCodeHash
=== PAUSE TestUserAccount_SetAndGetCodeHash
=== RUN   TestUserAccount_SetAndGetRootHash
=== PAUSE TestUserAccount_SetAndGetRootHash
=== RUN   TestUserAccount_GetAllLeaves
=== PAUSE TestUserAccount_GetAllLeaves
=== RUN   TestUserAccount_IsDataTrieMigrated
=== PAUSE TestUserAccount_IsDataTrieMigrated
=== CONT  TestNewPeerAccount_NilAddressContainerShouldErr
--- PASS: TestNewPeerAccount_NilAddressContainerShouldErr (0.00s)
=== CONT  TestUserAccount_IsDataTrieMigrated
=== RUN   TestUserAccount_IsDataTrieMigrated/nil_trie
=== PAUSE TestUserAccount_IsDataTrieMigrated/nil_trie
=== RUN   TestUserAccount_IsDataTrieMigrated/calls_IsMigratedToLatestVersion_from_trie
=== PAUSE TestUserAccount_IsDataTrieMigrated/calls_IsMigratedToLatestVersion_from_trie
=== CONT  TestUserAccount_IsDataTrieMigrated/nil_trie
=== CONT  TestUserAccount_GetAllLeaves
=== RUN   TestUserAccount_GetAllLeaves/nil_data_trie_should_err
=== PAUSE TestUserAccount_GetAllLeaves/nil_data_trie_should_err
=== RUN   TestUserAccount_GetAllLeaves/can_not_retrieve_root_hash_should_err
=== PAUSE TestUserAccount_GetAllLeaves/can_not_retrieve_root_hash_should_err
=== RUN   TestUserAccount_GetAllLeaves/should_call_GetAllLeavesOnChannel_from_trie
=== PAUSE TestUserAccount_GetAllLeaves/should_call_GetAllLeavesOnChannel_from_trie
=== CONT  TestUserAccount_GetAllLeaves/nil_data_trie_should_err
=== CONT  TestUserAccount_SetAndGetRootHash
--- PASS: TestUserAccount_SetAndGetRootHash (0.00s)
=== CONT  TestUserAccount_SetAndGetCodeHash
--- PASS: TestUserAccount_SetAndGetCodeHash (0.00s)
=== CONT  TestUserAccount_SetAndGetNonce
--- PASS: TestUserAccount_SetAndGetNonce (0.00s)
=== CONT  TestUserAccount_SetOwnerAddress
--- PASS: TestUserAccount_SetOwnerAddress (0.00s)
=== CONT  TestUserAccount_ChangeOwnerAddress
--- PASS: TestUserAccount_ChangeOwnerAddress (0.00s)
=== CONT  TestUserAccount_ChangeOwnerAddressInvalidAddressShouldErr
--- PASS: TestUserAccount_ChangeOwnerAddressInvalidAddressShouldErr (0.00s)
=== CONT  TestUserAccount_ChangeOwnerAddressWrongAddressShouldErr
--- PASS: TestUserAccount_ChangeOwnerAddressWrongAddressShouldErr (0.00s)
=== CONT  TestUserAccount_ClaimDeveloperRewards
--- PASS: TestUserAccount_ClaimDeveloperRewards (0.00s)
=== CONT  TestUserAccount_ClaimDeveloperRewardsWrongAddressShouldErr
--- PASS: TestUserAccount_ClaimDeveloperRewardsWrongAddressShouldErr (0.00s)
=== CONT  TestUserAccount_AddToDeveloperReward
--- PASS: TestUserAccount_AddToDeveloperReward (0.00s)
=== CONT  TestUserAccount_GetBalance
--- PASS: TestUserAccount_GetBalance (0.00s)
=== CONT  TestUserAccount_SubFromBalanceInsufficientFundsShouldErr
--- PASS: TestUserAccount_SubFromBalanceInsufficientFundsShouldErr (0.00s)
=== CONT  TestUserAccount_AddToBalanceInsufficientFundsShouldErr
--- PASS: TestUserAccount_AddToBalanceInsufficientFundsShouldErr (0.00s)
=== CONT  TestUserAccount_AddressBytes
--- PASS: TestUserAccount_AddressBytes (0.00s)
=== CONT  TestNewUserAccount
=== RUN   TestNewUserAccount/nil_address
=== PAUSE TestNewUserAccount/nil_address
=== RUN   TestNewUserAccount/nil_data_trie_tracker
=== PAUSE TestNewUserAccount/nil_data_trie_tracker
=== RUN   TestNewUserAccount/nil_trie_leaf_parser
=== PAUSE TestNewUserAccount/nil_trie_leaf_parser
=== RUN   TestNewUserAccount/should_work
=== PAUSE TestNewUserAccount/should_work
=== CONT  TestNewUserAccount/nil_address
=== CONT  TestPeerAccount_AddressBytes
--- PASS: TestPeerAccount_AddressBytes (0.00s)
=== CONT  TestPeerAccount_IncreaseAndGetNonce
--- PASS: TestPeerAccount_IncreaseAndGetNonce (0.00s)
=== CONT  TestPeerAccount_ResetAtNewEpoch
--- PASS: TestPeerAccount_ResetAtNewEpoch (0.00s)
=== CONT  TestPeerAccount_SetAndGetTempRating
--- PASS: TestPeerAccount_SetAndGetTempRating (0.00s)
=== CONT  TestPeerAccount_SetAndGetRating
--- PASS: TestPeerAccount_SetAndGetRating (0.00s)
=== CONT  TestPeerAccount_IncreaseAndGetSetNumSelectedInSuccessBlocks
--- PASS: TestPeerAccount_IncreaseAndGetSetNumSelectedInSuccessBlocks (0.00s)
=== CONT  TestPeerAccount_SetAndGetValidatorSuccessRate
--- PASS: TestPeerAccount_SetAndGetValidatorSuccessRate (0.00s)
=== CONT  TestPeerAccount_SetAndGetLeaderSuccessRate
--- PASS: TestPeerAccount_SetAndGetLeaderSuccessRate (0.00s)
=== CONT  TestPeerAccount_SetAndGetAccumulatedFees
--- PASS: TestPeerAccount_SetAndGetAccumulatedFees (0.00s)
=== CONT  TestPeerAccount_SetAndGetRewardAddress
--- PASS: TestPeerAccount_SetAndGetRewardAddress (0.00s)
=== CONT  TestPeerAccount_SetRewardAddressInvalidAddress
--- PASS: TestPeerAccount_SetRewardAddressInvalidAddress (0.00s)
=== CONT  TestPeerAccount_SetAndGetBLSPublicKey
--- PASS: TestPeerAccount_SetAndGetBLSPublicKey (0.00s)
=== CONT  TestPeerAccount_SetInvalidBLSPublicKey
--- PASS: TestPeerAccount_SetInvalidBLSPublicKey (0.00s)
=== CONT  TestNewPeerAccount_OkParamsShouldWork
--- PASS: TestNewPeerAccount_OkParamsShouldWork (0.00s)
=== CONT  TestUserAccount_IsDataTrieMigrated/calls_IsMigratedToLatestVersion_from_trie
--- PASS: TestUserAccount_IsDataTrieMigrated (0.00s)
    --- PASS: TestUserAccount_IsDataTrieMigrated/nil_trie (0.00s)
    --- PASS: TestUserAccount_IsDataTrieMigrated/calls_IsMigratedToLatestVersion_from_trie (0.00s)
=== CONT  TestUserAccount_GetAllLeaves/should_call_GetAllLeavesOnChannel_from_trie
=== CONT  TestUserAccount_GetAllLeaves/can_not_retrieve_root_hash_should_err
--- PASS: TestUserAccount_GetAllLeaves (0.00s)
    --- PASS: TestUserAccount_GetAllLeaves/nil_data_trie_should_err (0.00s)
    --- PASS: TestUserAccount_GetAllLeaves/should_call_GetAllLeavesOnChannel_from_trie (0.00s)
    --- PASS: TestUserAccount_GetAllLeaves/can_not_retrieve_root_hash_should_err (0.00s)
=== CONT  TestNewUserAccount/should_work
=== CONT  TestNewUserAccount/nil_trie_leaf_parser
=== CONT  TestNewUserAccount/nil_data_trie_tracker
--- PASS: TestNewUserAccount (0.00s)
    --- PASS: TestNewUserAccount/nil_address (0.00s)
    --- PASS: TestNewUserAccount/should_work (0.00s)
    --- PASS: TestNewUserAccount/nil_trie_leaf_parser (0.00s)
    --- PASS: TestNewUserAccount/nil_data_trie_tracker (0.00s)
PASS
ok  	github.com/TerraDharitri/drt-go-chain/state/accounts	(cached)
=== RUN   TestNewCurrentBlockInfo
=== PAUSE TestNewCurrentBlockInfo
=== RUN   TestCurrentBlockInfo_GetBlockInfo
=== PAUSE TestCurrentBlockInfo_GetBlockInfo
=== RUN   TestNewFinalBlockInfo
=== PAUSE TestNewFinalBlockInfo
=== RUN   TestFinalBlockInfo_GetBlockInfo
=== PAUSE TestFinalBlockInfo_GetBlockInfo
=== CONT  TestNewCurrentBlockInfo
=== RUN   TestNewCurrentBlockInfo/nil_chain_handler
=== PAUSE TestNewCurrentBlockInfo/nil_chain_handler
=== CONT  TestFinalBlockInfo_GetBlockInfo
--- PASS: TestFinalBlockInfo_GetBlockInfo (0.00s)
=== CONT  TestNewFinalBlockInfo
=== RUN   TestNewFinalBlockInfo/nil_chain_handler
=== PAUSE TestNewFinalBlockInfo/nil_chain_handler
=== CONT  TestCurrentBlockInfo_GetBlockInfo
=== RUN   TestCurrentBlockInfo_GetBlockInfo/nil_block_header
=== PAUSE TestCurrentBlockInfo_GetBlockInfo/nil_block_header
=== RUN   TestCurrentBlockInfo_GetBlockInfo/should_work
=== PAUSE TestCurrentBlockInfo_GetBlockInfo/should_work
=== CONT  TestCurrentBlockInfo_GetBlockInfo/nil_block_header
=== RUN   TestNewCurrentBlockInfo/should_work
=== PAUSE TestNewCurrentBlockInfo/should_work
=== CONT  TestCurrentBlockInfo_GetBlockInfo/should_work
--- PASS: TestCurrentBlockInfo_GetBlockInfo (0.00s)
    --- PASS: TestCurrentBlockInfo_GetBlockInfo/nil_block_header (0.00s)
    --- PASS: TestCurrentBlockInfo_GetBlockInfo/should_work (0.00s)
=== CONT  TestNewCurrentBlockInfo/nil_chain_handler
=== RUN   TestNewFinalBlockInfo/should_work
=== PAUSE TestNewFinalBlockInfo/should_work
=== CONT  TestNewFinalBlockInfo/nil_chain_handler
=== CONT  TestNewCurrentBlockInfo/should_work
--- PASS: TestNewCurrentBlockInfo (0.00s)
    --- PASS: TestNewCurrentBlockInfo/nil_chain_handler (0.00s)
    --- PASS: TestNewCurrentBlockInfo/should_work (0.00s)
=== CONT  TestNewFinalBlockInfo/should_work
--- PASS: TestNewFinalBlockInfo (0.00s)
    --- PASS: TestNewFinalBlockInfo/nil_chain_handler (0.00s)
    --- PASS: TestNewFinalBlockInfo/should_work (0.00s)
PASS
ok  	github.com/TerraDharitri/drt-go-chain/state/blockInfoProviders	(cached)
=== RUN   TestNewDisabledDataTrieHandler
=== PAUSE TestNewDisabledDataTrieHandler
=== CONT  TestNewDisabledDataTrieHandler
=== RUN   TestNewDisabledDataTrieHandler/new_disabledDataTrieHandler
=== PAUSE TestNewDisabledDataTrieHandler/new_disabledDataTrieHandler
=== RUN   TestNewDisabledDataTrieHandler/root_hash
=== PAUSE TestNewDisabledDataTrieHandler/root_hash
=== RUN   TestNewDisabledDataTrieHandler/get_all_leaves_on_channel
=== PAUSE TestNewDisabledDataTrieHandler/get_all_leaves_on_channel
=== CONT  TestNewDisabledDataTrieHandler/new_disabledDataTrieHandler
=== CONT  TestNewDisabledDataTrieHandler/get_all_leaves_on_channel
=== CONT  TestNewDisabledDataTrieHandler/root_hash
--- PASS: TestNewDisabledDataTrieHandler (0.00s)
    --- PASS: TestNewDisabledDataTrieHandler/new_disabledDataTrieHandler (0.00s)
    --- PASS: TestNewDisabledDataTrieHandler/get_all_leaves_on_channel (0.00s)
    --- PASS: TestNewDisabledDataTrieHandler/root_hash (0.00s)
PASS
ok  	github.com/TerraDharitri/drt-go-chain/state/disabled	(cached)
=== RUN   TestCreateAccountsAdapterAPIOnFinal
=== PAUSE TestCreateAccountsAdapterAPIOnFinal
=== RUN   TestCreateAccountsAdapterAPIOnCurrent
=== PAUSE TestCreateAccountsAdapterAPIOnCurrent
=== RUN   TestCreateAccountsAdapterAPIOnHistorical
=== PAUSE TestCreateAccountsAdapterAPIOnHistorical
=== RUN   TestNewAccountCreator
=== PAUSE TestNewAccountCreator
=== RUN   TestAccountCreator_CreateAccountNilAddress
=== PAUSE TestAccountCreator_CreateAccountNilAddress
=== RUN   TestAccountCreator_CreateAccountOk
=== PAUSE TestAccountCreator_CreateAccountOk
=== RUN   TestPeerAccountCreator_CreateAccountNilAddress
=== PAUSE TestPeerAccountCreator_CreateAccountNilAddress
=== RUN   TestPeerAccountCreator_CreateAccountOk
=== PAUSE TestPeerAccountCreator_CreateAccountOk
=== CONT  TestCreateAccountsAdapterAPIOnFinal
=== RUN   TestCreateAccountsAdapterAPIOnFinal/error_while_creating_provider
=== PAUSE TestCreateAccountsAdapterAPIOnFinal/error_while_creating_provider
=== RUN   TestCreateAccountsAdapterAPIOnFinal/error_while_creating_accounts_adapter
=== PAUSE TestCreateAccountsAdapterAPIOnFinal/error_while_creating_accounts_adapter
=== CONT  TestAccountCreator_CreateAccountNilAddress
--- PASS: TestAccountCreator_CreateAccountNilAddress (0.00s)
=== RUN   TestCreateAccountsAdapterAPIOnFinal/should_work
=== PAUSE TestCreateAccountsAdapterAPIOnFinal/should_work
=== CONT  TestCreateAccountsAdapterAPIOnFinal/error_while_creating_provider
=== CONT  TestNewAccountCreator
=== CONT  TestCreateAccountsAdapterAPIOnHistorical
=== RUN   TestCreateAccountsAdapterAPIOnHistorical/error_while_creating_accounts_adapter
=== PAUSE TestCreateAccountsAdapterAPIOnHistorical/error_while_creating_accounts_adapter
=== RUN   TestCreateAccountsAdapterAPIOnHistorical/should_work
=== PAUSE TestCreateAccountsAdapterAPIOnHistorical/should_work
=== CONT  TestCreateAccountsAdapterAPIOnHistorical/error_while_creating_accounts_adapter
=== CONT  TestCreateAccountsAdapterAPIOnFinal/should_work
=== CONT  TestCreateAccountsAdapterAPIOnFinal/error_while_creating_accounts_adapter
--- PASS: TestCreateAccountsAdapterAPIOnFinal (0.00s)
    --- PASS: TestCreateAccountsAdapterAPIOnFinal/error_while_creating_provider (0.00s)
    --- PASS: TestCreateAccountsAdapterAPIOnFinal/should_work (0.00s)
    --- PASS: TestCreateAccountsAdapterAPIOnFinal/error_while_creating_accounts_adapter (0.00s)
=== CONT  TestCreateAccountsAdapterAPIOnCurrent
=== RUN   TestCreateAccountsAdapterAPIOnCurrent/error_while_creating_provider
=== PAUSE TestCreateAccountsAdapterAPIOnCurrent/error_while_creating_provider
=== RUN   TestCreateAccountsAdapterAPIOnCurrent/error_while_creating_accounts_adapter
=== PAUSE TestCreateAccountsAdapterAPIOnCurrent/error_while_creating_accounts_adapter
=== RUN   TestCreateAccountsAdapterAPIOnCurrent/should_work
=== CONT  TestCreateAccountsAdapterAPIOnHistorical/should_work
--- PASS: TestCreateAccountsAdapterAPIOnHistorical (0.00s)
    --- PASS: TestCreateAccountsAdapterAPIOnHistorical/error_while_creating_accounts_adapter (0.00s)
    --- PASS: TestCreateAccountsAdapterAPIOnHistorical/should_work (0.00s)
=== CONT  TestPeerAccountCreator_CreateAccountNilAddress
--- PASS: TestPeerAccountCreator_CreateAccountNilAddress (0.00s)
=== CONT  TestPeerAccountCreator_CreateAccountOk
--- PASS: TestPeerAccountCreator_CreateAccountOk (0.00s)
=== CONT  TestAccountCreator_CreateAccountOk
--- PASS: TestAccountCreator_CreateAccountOk (0.00s)
=== RUN   TestNewAccountCreator/nil_hasher
=== PAUSE TestNewAccountCreator/nil_hasher
=== RUN   TestNewAccountCreator/nil_marshalizer
=== PAUSE TestNewAccountCreator/nil_marshalizer
=== RUN   TestNewAccountCreator/nil_enableEpochsHandler
=== PAUSE TestNewAccountCreator/nil_enableEpochsHandler
=== RUN   TestNewAccountCreator/should_work
=== PAUSE TestNewAccountCreator/should_work
=== CONT  TestNewAccountCreator/nil_hasher
=== CONT  TestNewAccountCreator/should_work
=== CONT  TestNewAccountCreator/nil_enableEpochsHandler
=== CONT  TestNewAccountCreator/nil_marshalizer
--- PASS: TestNewAccountCreator (0.00s)
    --- PASS: TestNewAccountCreator/nil_hasher (0.00s)
    --- PASS: TestNewAccountCreator/should_work (0.00s)
    --- PASS: TestNewAccountCreator/nil_enableEpochsHandler (0.00s)
    --- PASS: TestNewAccountCreator/nil_marshalizer (0.00s)
=== PAUSE TestCreateAccountsAdapterAPIOnCurrent/should_work
=== CONT  TestCreateAccountsAdapterAPIOnCurrent/error_while_creating_provider
=== CONT  TestCreateAccountsAdapterAPIOnCurrent/should_work
=== CONT  TestCreateAccountsAdapterAPIOnCurrent/error_while_creating_accounts_adapter
--- PASS: TestCreateAccountsAdapterAPIOnCurrent (0.00s)
    --- PASS: TestCreateAccountsAdapterAPIOnCurrent/error_while_creating_provider (0.00s)
    --- PASS: TestCreateAccountsAdapterAPIOnCurrent/should_work (0.00s)
    --- PASS: TestCreateAccountsAdapterAPIOnCurrent/error_while_creating_accounts_adapter (0.00s)
PASS
ok  	github.com/TerraDharitri/drt-go-chain/state/factory	(cached)
=== RUN   TestNewLastSnapshotMarker
=== PAUSE TestNewLastSnapshotMarker
=== RUN   TestLastSnapshotMarker_AddMarker
=== PAUSE TestLastSnapshotMarker_AddMarker
=== RUN   TestLastSnapshotMarker_RemoveMarker
=== PAUSE TestLastSnapshotMarker_RemoveMarker
=== RUN   TestLastSnapshotMarker_GetMarkerInfo
=== PAUSE TestLastSnapshotMarker_GetMarkerInfo
=== CONT  TestNewLastSnapshotMarker
--- PASS: TestNewLastSnapshotMarker (0.00s)
=== CONT  TestLastSnapshotMarker_GetMarkerInfo
--- PASS: TestLastSnapshotMarker_GetMarkerInfo (0.00s)
=== CONT  TestLastSnapshotMarker_RemoveMarker
--- PASS: TestLastSnapshotMarker_RemoveMarker (0.00s)
=== CONT  TestLastSnapshotMarker_AddMarker
=== RUN   TestLastSnapshotMarker_AddMarker/err_waiting_for_storage_epoch_change
=== PAUSE TestLastSnapshotMarker_AddMarker/err_waiting_for_storage_epoch_change
=== RUN   TestLastSnapshotMarker_AddMarker/epoch_<=_latestFinishedSnapshotEpoch
=== PAUSE TestLastSnapshotMarker_AddMarker/epoch_<=_latestFinishedSnapshotEpoch
=== RUN   TestLastSnapshotMarker_AddMarker/lastSnapshot_is_saved_in_epoch
=== PAUSE TestLastSnapshotMarker_AddMarker/lastSnapshot_is_saved_in_epoch
=== CONT  TestLastSnapshotMarker_AddMarker/err_waiting_for_storage_epoch_change
[0;33mWARN [0m[2026-03-16 10:14:14.142]   err while waiting for storage epoch change [0;33merr[0m = context closing [0;33mepoch[0m = 1 [0;33mrootHash[0m = 726f6f7448617368 
=== CONT  TestLastSnapshotMarker_AddMarker/epoch_<=_latestFinishedSnapshotEpoch
=== CONT  TestLastSnapshotMarker_AddMarker/lastSnapshot_is_saved_in_epoch
--- PASS: TestLastSnapshotMarker_AddMarker (0.00s)
    --- PASS: TestLastSnapshotMarker_AddMarker/err_waiting_for_storage_epoch_change (0.00s)
    --- PASS: TestLastSnapshotMarker_AddMarker/epoch_<=_latestFinishedSnapshotEpoch (0.00s)
    --- PASS: TestLastSnapshotMarker_AddMarker/lastSnapshot_is_saved_in_epoch (0.00s)
PASS
ok  	github.com/TerraDharitri/drt-go-chain/state/lastSnapshotMarker	(cached)
=== RUN   TestNewDataTrieLeafParser
=== PAUSE TestNewDataTrieLeafParser
=== RUN   TestTrieLeafParser_ParseLeaf
=== PAUSE TestTrieLeafParser_ParseLeaf
=== RUN   TestNewMainTrieLeafParser
=== PAUSE TestNewMainTrieLeafParser
=== CONT  TestNewDataTrieLeafParser
=== RUN   TestNewDataTrieLeafParser/nil_marshaller
=== PAUSE TestNewDataTrieLeafParser/nil_marshaller
=== RUN   TestNewDataTrieLeafParser/nil_enableEpochsHandler
=== PAUSE TestNewDataTrieLeafParser/nil_enableEpochsHandler
=== RUN   TestNewDataTrieLeafParser/invalid_enableEpochsHandler
=== PAUSE TestNewDataTrieLeafParser/invalid_enableEpochsHandler
=== RUN   TestNewDataTrieLeafParser/should_work
=== PAUSE TestNewDataTrieLeafParser/should_work
=== CONT  TestNewDataTrieLeafParser/nil_marshaller
=== CONT  TestNewMainTrieLeafParser
=== RUN   TestNewMainTrieLeafParser/new_mainTrieLeafParser
=== PAUSE TestNewMainTrieLeafParser/new_mainTrieLeafParser
=== RUN   TestNewMainTrieLeafParser/parse_leaf
=== PAUSE TestNewMainTrieLeafParser/parse_leaf
=== CONT  TestNewMainTrieLeafParser/new_mainTrieLeafParser
=== CONT  TestTrieLeafParser_ParseLeaf
=== RUN   TestTrieLeafParser_ParseLeaf/auto_balance_disabled
=== PAUSE TestTrieLeafParser_ParseLeaf/auto_balance_disabled
=== RUN   TestTrieLeafParser_ParseLeaf/auto_balance_enabled_-_val_with_appended_data
=== PAUSE TestTrieLeafParser_ParseLeaf/auto_balance_enabled_-_val_with_appended_data
=== RUN   TestTrieLeafParser_ParseLeaf/auto_balance_enabled_-_val_as_struct
=== PAUSE TestTrieLeafParser_ParseLeaf/auto_balance_enabled_-_val_as_struct
=== RUN   TestTrieLeafParser_ParseLeaf/unmarshall_bytes_with_appended_data_should_not_return_empty_data
=== PAUSE TestTrieLeafParser_ParseLeaf/unmarshall_bytes_with_appended_data_should_not_return_empty_data
=== CONT  TestTrieLeafParser_ParseLeaf/auto_balance_disabled
=== CONT  TestNewDataTrieLeafParser/should_work
=== CONT  TestNewDataTrieLeafParser/invalid_enableEpochsHandler
=== CONT  TestNewDataTrieLeafParser/nil_enableEpochsHandler
--- PASS: TestNewDataTrieLeafParser (0.00s)
    --- PASS: TestNewDataTrieLeafParser/nil_marshaller (0.00s)
    --- PASS: TestNewDataTrieLeafParser/should_work (0.00s)
    --- PASS: TestNewDataTrieLeafParser/invalid_enableEpochsHandler (0.00s)
    --- PASS: TestNewDataTrieLeafParser/nil_enableEpochsHandler (0.00s)
=== CONT  TestNewMainTrieLeafParser/parse_leaf
--- PASS: TestNewMainTrieLeafParser (0.00s)
    --- PASS: TestNewMainTrieLeafParser/new_mainTrieLeafParser (0.00s)
    --- PASS: TestNewMainTrieLeafParser/parse_leaf (0.00s)
=== CONT  TestTrieLeafParser_ParseLeaf/unmarshall_bytes_with_appended_data_should_not_return_empty_data
=== CONT  TestTrieLeafParser_ParseLeaf/auto_balance_enabled_-_val_as_struct
=== CONT  TestTrieLeafParser_ParseLeaf/auto_balance_enabled_-_val_with_appended_data
--- PASS: TestTrieLeafParser_ParseLeaf (0.00s)
    --- PASS: TestTrieLeafParser_ParseLeaf/auto_balance_disabled (0.00s)
    --- PASS: TestTrieLeafParser_ParseLeaf/unmarshall_bytes_with_appended_data_should_not_return_empty_data (0.00s)
    --- PASS: TestTrieLeafParser_ParseLeaf/auto_balance_enabled_-_val_as_struct (0.00s)
    --- PASS: TestTrieLeafParser_ParseLeaf/auto_balance_enabled_-_val_with_appended_data (0.00s)
PASS
ok  	github.com/TerraDharitri/drt-go-chain/state/parsers	(cached)
=== RUN   TestNewStateAccessesCollector
=== PAUSE TestNewStateAccessesCollector
=== RUN   TestStateAccessesCollector_AddStateAccess
=== PAUSE TestStateAccessesCollector_AddStateAccess
=== RUN   TestStateAccessesCollector_AddTxHashToCollectedStateAccesses
=== PAUSE TestStateAccessesCollector_AddTxHashToCollectedStateAccesses
=== RUN   TestStateAccessesCollector_RevertToIndex
=== PAUSE TestStateAccessesCollector_RevertToIndex
=== RUN   TestStateAccessesCollector_SetIndexToLatestStateAccesses
=== PAUSE TestStateAccessesCollector_SetIndexToLatestStateAccesses
=== RUN   TestStateAccessesCollector_Reset
=== PAUSE TestStateAccessesCollector_Reset
=== RUN   TestStateAccessesCollector_GetCollectedAccesses
=== PAUSE TestStateAccessesCollector_GetCollectedAccesses
=== RUN   TestCollector_GetAccountChanges
=== PAUSE TestCollector_GetAccountChanges
=== RUN   TestCollector_Store
=== PAUSE TestCollector_Store
=== RUN   TestStateAccessToString
=== PAUSE TestStateAccessToString
=== RUN   TestNewStateAccessesStorer
=== PAUSE TestNewStateAccessesStorer
=== RUN   TestStateAccessesStorer_Store
=== PAUSE TestStateAccessesStorer_Store
=== CONT  TestNewStateAccessesCollector
=== RUN   TestNewStateAccessesCollector/nil_storer
=== PAUSE TestNewStateAccessesCollector/nil_storer
=== RUN   TestNewStateAccessesCollector/should_work_with_default_options
=== PAUSE TestNewStateAccessesCollector/should_work_with_default_options
=== CONT  TestNewStateAccessesCollector/nil_storer
=== CONT  TestStateAccessesStorer_Store
--- PASS: TestStateAccessesStorer_Store (0.00s)
=== CONT  TestNewStateAccessesStorer
=== RUN   TestNewStateAccessesStorer/nil_underlying_storer
=== PAUSE TestNewStateAccessesStorer/nil_underlying_storer
=== RUN   TestNewStateAccessesStorer/nil_marshaller
=== PAUSE TestNewStateAccessesStorer/nil_marshaller
=== RUN   TestNewStateAccessesStorer/should_work
=== PAUSE TestNewStateAccessesStorer/should_work
=== CONT  TestNewStateAccessesStorer/nil_underlying_storer
=== CONT  TestStateAccessToString
--- PASS: TestStateAccessToString (0.00s)
=== CONT  TestCollector_Store
=== RUN   TestCollector_Store/with_storer
=== PAUSE TestCollector_Store/with_storer
=== RUN   TestCollector_Store/without_storer,_should_return_nil_directly
=== PAUSE TestCollector_Store/without_storer,_should_return_nil_directly
=== CONT  TestCollector_Store/with_storer
=== CONT  TestCollector_GetAccountChanges
=== RUN   TestCollector_GetAccountChanges/nil_old_account_should_return_early
=== PAUSE TestCollector_GetAccountChanges/nil_old_account_should_return_early
=== RUN   TestCollector_GetAccountChanges/nil_new_account_should_return_early
=== PAUSE TestCollector_GetAccountChanges/nil_new_account_should_return_early
=== RUN   TestCollector_GetAccountChanges/should_work
=== PAUSE TestCollector_GetAccountChanges/should_work
=== CONT  TestCollector_GetAccountChanges/nil_old_account_should_return_early
=== CONT  TestStateAccessesCollector_GetCollectedAccesses
=== RUN   TestStateAccessesCollector_GetCollectedAccesses/collect_only_write
=== PAUSE TestStateAccessesCollector_GetCollectedAccesses/collect_only_write
=== RUN   TestStateAccessesCollector_GetCollectedAccesses/collect_only_read
=== PAUSE TestStateAccessesCollector_GetCollectedAccesses/collect_only_read
=== RUN   TestStateAccessesCollector_GetCollectedAccesses/collect_both_read_and_write
=== PAUSE TestStateAccessesCollector_GetCollectedAccesses/collect_both_read_and_write
=== RUN   TestStateAccessesCollector_GetCollectedAccesses/not_merging_for_different_accounts
=== PAUSE TestStateAccessesCollector_GetCollectedAccesses/not_merging_for_different_accounts
=== RUN   TestStateAccessesCollector_GetCollectedAccesses/not_merging_for_different_action_types
=== PAUSE TestStateAccessesCollector_GetCollectedAccesses/not_merging_for_different_action_types
=== RUN   TestStateAccessesCollector_GetCollectedAccesses/merging_for_same_action_types,_last_mainTrieVal_should_remain
=== PAUSE TestStateAccessesCollector_GetCollectedAccesses/merging_for_same_action_types,_last_mainTrieVal_should_remain
=== RUN   TestStateAccessesCollector_GetCollectedAccesses/merging_no_account_changes_should_not_set_any_changes_in_the_account
=== PAUSE TestStateAccessesCollector_GetCollectedAccesses/merging_no_account_changes_should_not_set_any_changes_in_the_account
=== RUN   TestStateAccessesCollector_GetCollectedAccesses/merging_not_nil_account_changes_should_work
=== PAUSE TestStateAccessesCollector_GetCollectedAccesses/merging_not_nil_account_changes_should_work
=== RUN   TestStateAccessesCollector_GetCollectedAccesses/merge_data_trie_changes_with_different_data_trie_operations
=== PAUSE TestStateAccessesCollector_GetCollectedAccesses/merge_data_trie_changes_with_different_data_trie_operations
=== RUN   TestStateAccessesCollector_GetCollectedAccesses/merge_should_work
=== PAUSE TestStateAccessesCollector_GetCollectedAccesses/merge_should_work
=== CONT  TestStateAccessesCollector_GetCollectedAccesses/collect_only_write
=== CONT  TestCollector_GetAccountChanges/should_work
=== CONT  TestStateAccessesCollector_Reset
--- PASS: TestStateAccessesCollector_Reset (0.00s)
=== CONT  TestStateAccessesCollector_SetIndexToLatestStateAccesses
=== RUN   TestStateAccessesCollector_SetIndexToLatestStateAccesses/should_fail_if_invalid_index
=== PAUSE TestStateAccessesCollector_SetIndexToLatestStateAccesses/should_fail_if_invalid_index
=== RUN   TestStateAccessesCollector_SetIndexToLatestStateAccesses/should_work
=== PAUSE TestStateAccessesCollector_SetIndexToLatestStateAccesses/should_work
=== CONT  TestStateAccessesCollector_SetIndexToLatestStateAccesses/should_fail_if_invalid_index
=== CONT  TestStateAccessesCollector_RevertToIndex
=== RUN   TestStateAccessesCollector_RevertToIndex/fail_if_wrong_index
=== PAUSE TestStateAccessesCollector_RevertToIndex/fail_if_wrong_index
=== RUN   TestStateAccessesCollector_RevertToIndex/should_work
=== PAUSE TestStateAccessesCollector_RevertToIndex/should_work
=== CONT  TestStateAccessesCollector_RevertToIndex/fail_if_wrong_index
=== CONT  TestStateAccessesCollector_AddTxHashToCollectedStateAccesses
--- PASS: TestStateAccessesCollector_AddTxHashToCollectedStateAccesses (0.00s)
=== CONT  TestStateAccessesCollector_AddStateAccess
=== RUN   TestStateAccessesCollector_AddStateAccess/default_collector
=== PAUSE TestStateAccessesCollector_AddStateAccess/default_collector
=== CONT  TestStateAccessesCollector_GetCollectedAccesses/merge_should_work
=== CONT  TestStateAccessesCollector_GetCollectedAccesses/merge_data_trie_changes_with_different_data_trie_operations
=== CONT  TestStateAccessesCollector_GetCollectedAccesses/merging_no_account_changes_should_not_set_any_changes_in_the_account
=== CONT  TestStateAccessesCollector_GetCollectedAccesses/merging_not_nil_account_changes_should_work
=== CONT  TestStateAccessesCollector_SetIndexToLatestStateAccesses/should_work
=== CONT  TestStateAccessesCollector_RevertToIndex/should_work
--- PASS: TestStateAccessesCollector_SetIndexToLatestStateAccesses (0.00s)
    --- PASS: TestStateAccessesCollector_SetIndexToLatestStateAccesses/should_fail_if_invalid_index (0.00s)
    --- PASS: TestStateAccessesCollector_SetIndexToLatestStateAccesses/should_work (0.00s)
=== CONT  TestCollector_GetAccountChanges/nil_new_account_should_return_early
--- PASS: TestStateAccessesCollector_RevertToIndex (0.00s)
    --- PASS: TestStateAccessesCollector_RevertToIndex/fail_if_wrong_index (0.00s)
    --- PASS: TestStateAccessesCollector_RevertToIndex/should_work (0.00s)
=== CONT  TestStateAccessesCollector_GetCollectedAccesses/merging_for_same_action_types,_last_mainTrieVal_should_remain
[0;33mWARN [0m[2026-03-16 10:14:14.153]   state accesses already collected, but new state accesses were added after 
=== RUN   TestStateAccessesCollector_AddStateAccess/collect_only_write
=== CONT  TestStateAccessesCollector_GetCollectedAccesses/collect_both_read_and_write
=== CONT  TestNewStateAccessesStorer/nil_marshaller
=== PAUSE TestStateAccessesCollector_AddStateAccess/collect_only_write
=== CONT  TestStateAccessesCollector_GetCollectedAccesses/not_merging_for_different_accounts
=== RUN   TestStateAccessesCollector_AddStateAccess/collect_only_read
=== PAUSE TestStateAccessesCollector_AddStateAccess/collect_only_read
=== CONT  TestCollector_Store/without_storer,_should_return_nil_directly
=== RUN   TestStateAccessesCollector_AddStateAccess/collect_both_read_and_write
=== PAUSE TestStateAccessesCollector_AddStateAccess/collect_both_read_and_write
=== CONT  TestStateAccessesCollector_GetCollectedAccesses/not_merging_for_different_action_types
=== CONT  TestStateAccessesCollector_AddStateAccess/default_collector
=== CONT  TestStateAccessesCollector_AddStateAccess/collect_both_read_and_write
=== CONT  TestNewStateAccessesCollector/should_work_with_default_options
=== CONT  TestStateAccessesCollector_GetCollectedAccesses/collect_only_read
=== CONT  TestStateAccessesCollector_AddStateAccess/collect_only_write
=== CONT  TestNewStateAccessesStorer/should_work
--- PASS: TestCollector_GetAccountChanges (0.00s)
    --- PASS: TestCollector_GetAccountChanges/nil_old_account_should_return_early (0.00s)
    --- PASS: TestCollector_GetAccountChanges/nil_new_account_should_return_early (0.00s)
    --- PASS: TestCollector_GetAccountChanges/should_work (0.00s)
=== CONT  TestStateAccessesCollector_AddStateAccess/collect_only_read
--- PASS: TestCollector_Store (0.00s)
    --- PASS: TestCollector_Store/with_storer (0.00s)
    --- PASS: TestCollector_Store/without_storer,_should_return_nil_directly (0.00s)
--- PASS: TestNewStateAccessesCollector (0.00s)
    --- PASS: TestNewStateAccessesCollector/nil_storer (0.00s)
    --- PASS: TestNewStateAccessesCollector/should_work_with_default_options (0.00s)
--- PASS: TestStateAccessesCollector_AddStateAccess (0.00s)
    --- PASS: TestStateAccessesCollector_AddStateAccess/default_collector (0.00s)
    --- PASS: TestStateAccessesCollector_AddStateAccess/collect_both_read_and_write (0.00s)
    --- PASS: TestStateAccessesCollector_AddStateAccess/collect_only_write (0.00s)
    --- PASS: TestStateAccessesCollector_AddStateAccess/collect_only_read (0.00s)
--- PASS: TestStateAccessesCollector_GetCollectedAccesses (0.00s)
    --- PASS: TestStateAccessesCollector_GetCollectedAccesses/collect_only_write (0.00s)
    --- PASS: TestStateAccessesCollector_GetCollectedAccesses/merge_should_work (0.00s)
    --- PASS: TestStateAccessesCollector_GetCollectedAccesses/merging_not_nil_account_changes_should_work (0.00s)
    --- PASS: TestStateAccessesCollector_GetCollectedAccesses/merging_no_account_changes_should_not_set_any_changes_in_the_account (0.00s)
    --- PASS: TestStateAccessesCollector_GetCollectedAccesses/merge_data_trie_changes_with_different_data_trie_operations (0.00s)
    --- PASS: TestStateAccessesCollector_GetCollectedAccesses/merging_for_same_action_types,_last_mainTrieVal_should_remain (0.00s)
    --- PASS: TestStateAccessesCollector_GetCollectedAccesses/not_merging_for_different_accounts (0.00s)
    --- PASS: TestStateAccessesCollector_GetCollectedAccesses/not_merging_for_different_action_types (0.00s)
    --- PASS: TestStateAccessesCollector_GetCollectedAccesses/collect_only_read (0.00s)
    --- PASS: TestStateAccessesCollector_GetCollectedAccesses/collect_both_read_and_write (0.00s)
--- PASS: TestNewStateAccessesStorer (0.00s)
    --- PASS: TestNewStateAccessesStorer/nil_underlying_storer (0.00s)
    --- PASS: TestNewStateAccessesStorer/nil_marshaller (0.00s)
    --- PASS: TestNewStateAccessesStorer/should_work (0.00s)
PASS
ok  	github.com/TerraDharitri/drt-go-chain/state/stateAccesses	(cached)
=== RUN   TestNewStateMetrics
=== PAUSE TestNewStateMetrics
=== RUN   TestStateMetrics_UpdateMetricsOnSnapshotStart
=== PAUSE TestStateMetrics_UpdateMetricsOnSnapshotStart
=== RUN   TestStateMetrics_UpdateMetricsOnSnapshotCompletion
=== PAUSE TestStateMetrics_UpdateMetricsOnSnapshotCompletion
=== CONT  TestNewStateMetrics
=== RUN   TestNewStateMetrics/nil_app_status_handler
=== PAUSE TestNewStateMetrics/nil_app_status_handler
=== RUN   TestNewStateMetrics/success
=== PAUSE TestNewStateMetrics/success
=== CONT  TestNewStateMetrics/nil_app_status_handler
=== CONT  TestStateMetrics_UpdateMetricsOnSnapshotCompletion
--- PASS: TestStateMetrics_UpdateMetricsOnSnapshotCompletion (0.00s)
=== CONT  TestStateMetrics_UpdateMetricsOnSnapshotStart
--- PASS: TestStateMetrics_UpdateMetricsOnSnapshotStart (0.00s)
=== CONT  TestNewStateMetrics/success
--- PASS: TestNewStateMetrics (0.00s)
    --- PASS: TestNewStateMetrics/nil_app_status_handler (0.00s)
    --- PASS: TestNewStateMetrics/success (0.00s)
PASS
ok  	github.com/TerraDharitri/drt-go-chain/state/stateMetrics	(cached)
=== RUN   TestAccountsDB_TriePruneAndCancelPruneWhileSnapshotInProgressAddsToPruningBuffer
=== PAUSE TestAccountsDB_TriePruneAndCancelPruneWhileSnapshotInProgressAddsToPruningBuffer
=== RUN   TestAccountsDB_TriePruneOnRollbackWhileSnapshotInProgressCancelsPrune
=== PAUSE TestAccountsDB_TriePruneOnRollbackWhileSnapshotInProgressCancelsPrune
=== RUN   TestAccountsDB_TriePruneAfterSnapshotIsDonePrunesBufferedHashes
=== PAUSE TestAccountsDB_TriePruneAfterSnapshotIsDonePrunesBufferedHashes
=== RUN   TestAccountsDB_TrieCancelPruneAndPruningBufferNotEmptyAddsToPruningBuffer
=== PAUSE TestAccountsDB_TrieCancelPruneAndPruningBufferNotEmptyAddsToPruningBuffer
=== RUN   TestAccountsDB_TriePruneAndCancelPruneAddedToBufferInOrder
=== PAUSE TestAccountsDB_TriePruneAndCancelPruneAddedToBufferInOrder
=== RUN   TestAccountsDB_PruneAfterCancelPruneShouldFail
=== PAUSE TestAccountsDB_PruneAfterCancelPruneShouldFail
=== RUN   TestStoragePruningManager_MarkForEviction_removeDuplicatedKeys
--- PASS: TestStoragePruningManager_MarkForEviction_removeDuplicatedKeys (0.00s)
=== CONT  TestAccountsDB_TriePruneAndCancelPruneWhileSnapshotInProgressAddsToPruningBuffer
=== CONT  TestAccountsDB_PruneAfterCancelPruneShouldFail
=== CONT  TestAccountsDB_TriePruneAndCancelPruneAddedToBufferInOrder
=== CONT  TestAccountsDB_TrieCancelPruneAndPruningBufferNotEmptyAddsToPruningBuffer
=== CONT  TestAccountsDB_TriePruneAfterSnapshotIsDonePrunesBufferedHashes
=== CONT  TestAccountsDB_TriePruneOnRollbackWhileSnapshotInProgressCancelsPrune
--- PASS: TestAccountsDB_TriePruneOnRollbackWhileSnapshotInProgressCancelsPrune (0.00s)
--- PASS: TestAccountsDB_TriePruneAfterSnapshotIsDonePrunesBufferedHashes (0.00s)
--- PASS: TestAccountsDB_TriePruneAndCancelPruneWhileSnapshotInProgressAddsToPruningBuffer (0.00s)
--- PASS: TestAccountsDB_TriePruneAndCancelPruneAddedToBufferInOrder (0.00s)
--- PASS: TestAccountsDB_TrieCancelPruneAndPruningBufferNotEmptyAddsToPruningBuffer (0.00s)
--- PASS: TestAccountsDB_PruneAfterCancelPruneShouldFail (0.00s)
PASS
ok  	github.com/TerraDharitri/drt-go-chain/state/storagePruningManager	(cached)
=== RUN   TestNewMemoryEvictionWaitingList
=== PAUSE TestNewMemoryEvictionWaitingList
=== RUN   TestNewMemoryEvictionWaitingList_HashesSize
=== PAUSE TestNewMemoryEvictionWaitingList_HashesSize
=== RUN   TestNewMemoryEvictionWaitingList_RootHashesSize
=== PAUSE TestNewMemoryEvictionWaitingList_RootHashesSize
=== RUN   TestMemoryEvictionWaitingList_Put
=== PAUSE TestMemoryEvictionWaitingList_Put
=== RUN   TestMemoryEvictionWaitingList_PutMultiple
=== PAUSE TestMemoryEvictionWaitingList_PutMultiple
=== RUN   TestMemoryEvictionWaitingList_PutMultipleCleanDB
=== PAUSE TestMemoryEvictionWaitingList_PutMultipleCleanDB
=== RUN   TestMemoryEvictionWaitingList_Evict
=== PAUSE TestMemoryEvictionWaitingList_Evict
=== RUN   TestMemoryEvictionWaitingList_EvictFromDB
=== PAUSE TestMemoryEvictionWaitingList_EvictFromDB
=== RUN   TestMemoryEvictionWaitingList_ShouldKeepHash
=== PAUSE TestMemoryEvictionWaitingList_ShouldKeepHash
=== RUN   TestMemoryEvictionWaitingList_ShouldKeepHashShouldReturnFalse
=== PAUSE TestMemoryEvictionWaitingList_ShouldKeepHashShouldReturnFalse
=== RUN   TestMemoryEvictionWaitingList_ShouldKeepHashShouldReturnTrueIfPresentInOldHashes
=== PAUSE TestMemoryEvictionWaitingList_ShouldKeepHashShouldReturnTrueIfPresentInOldHashes
=== RUN   TestMemoryEvictionWaitingList_ShouldKeepHashSearchInDb
=== PAUSE TestMemoryEvictionWaitingList_ShouldKeepHashSearchInDb
=== RUN   TestMemoryEvictionWaitingList_ShouldKeepHashInvalidKey
=== PAUSE TestMemoryEvictionWaitingList_ShouldKeepHashInvalidKey
=== RUN   TestMemoryEvictionWaitingList_Close
=== PAUSE TestMemoryEvictionWaitingList_Close
=== RUN   TestMemoryEvictionWaitingList_RemoveFromInversedCache
=== PAUSE TestMemoryEvictionWaitingList_RemoveFromInversedCache
=== CONT  TestNewMemoryEvictionWaitingList
--- PASS: TestNewMemoryEvictionWaitingList (0.00s)
=== CONT  TestMemoryEvictionWaitingList_RemoveFromInversedCache
--- PASS: TestMemoryEvictionWaitingList_RemoveFromInversedCache (0.00s)
=== CONT  TestMemoryEvictionWaitingList_Close
--- PASS: TestMemoryEvictionWaitingList_Close (0.00s)
=== CONT  TestMemoryEvictionWaitingList_ShouldKeepHashInvalidKey
--- PASS: TestMemoryEvictionWaitingList_ShouldKeepHashInvalidKey (0.00s)
=== CONT  TestMemoryEvictionWaitingList_ShouldKeepHashSearchInDb
--- PASS: TestMemoryEvictionWaitingList_ShouldKeepHashSearchInDb (0.00s)
=== CONT  TestMemoryEvictionWaitingList_ShouldKeepHashShouldReturnTrueIfPresentInOldHashes
--- PASS: TestMemoryEvictionWaitingList_ShouldKeepHashShouldReturnTrueIfPresentInOldHashes (0.00s)
=== CONT  TestMemoryEvictionWaitingList_ShouldKeepHashShouldReturnFalse
--- PASS: TestMemoryEvictionWaitingList_ShouldKeepHashShouldReturnFalse (0.00s)
=== CONT  TestMemoryEvictionWaitingList_ShouldKeepHash
--- PASS: TestMemoryEvictionWaitingList_ShouldKeepHash (0.00s)
=== CONT  TestMemoryEvictionWaitingList_EvictFromDB
--- PASS: TestMemoryEvictionWaitingList_EvictFromDB (0.00s)
=== CONT  TestMemoryEvictionWaitingList_Evict
--- PASS: TestMemoryEvictionWaitingList_Evict (0.00s)
=== CONT  TestMemoryEvictionWaitingList_PutMultipleCleanDB
--- PASS: TestMemoryEvictionWaitingList_PutMultipleCleanDB (0.00s)
=== CONT  TestMemoryEvictionWaitingList_PutMultiple
--- PASS: TestMemoryEvictionWaitingList_PutMultiple (0.00s)
=== CONT  TestMemoryEvictionWaitingList_Put
--- PASS: TestMemoryEvictionWaitingList_Put (0.00s)
=== CONT  TestNewMemoryEvictionWaitingList_RootHashesSize
--- PASS: TestNewMemoryEvictionWaitingList_RootHashesSize (0.00s)
=== CONT  TestNewMemoryEvictionWaitingList_HashesSize
--- PASS: TestNewMemoryEvictionWaitingList_HashesSize (0.00s)
PASS
ok  	github.com/TerraDharitri/drt-go-chain/state/storagePruningManager/evictionWaitingList	(cached)
=== RUN   TestPruningBuffer_NewPruningBuffer
=== PAUSE TestPruningBuffer_NewPruningBuffer
=== RUN   TestSnapshotsBuffer_Add
=== PAUSE TestSnapshotsBuffer_Add
=== RUN   TestSnapshotBuffer_Len
=== PAUSE TestSnapshotBuffer_Len
=== RUN   TestSnapshotsBuffer_RemoveAll
=== PAUSE TestSnapshotsBuffer_RemoveAll
=== RUN   TestSnapshotsBuffer_AddWhileFull
=== PAUSE TestSnapshotsBuffer_AddWhileFull
=== RUN   TestSnapshotsBuffer_AddWhileSizeIsZero
=== PAUSE TestSnapshotsBuffer_AddWhileSizeIsZero
=== CONT  TestPruningBuffer_NewPruningBuffer
--- PASS: TestPruningBuffer_NewPruningBuffer (0.00s)
=== CONT  TestSnapshotsBuffer_AddWhileSizeIsZero
--- PASS: TestSnapshotsBuffer_AddWhileSizeIsZero (0.00s)
=== CONT  TestSnapshotsBuffer_AddWhileFull
--- PASS: TestSnapshotsBuffer_AddWhileFull (0.00s)
=== CONT  TestSnapshotsBuffer_RemoveAll
--- PASS: TestSnapshotsBuffer_RemoveAll (0.00s)
=== CONT  TestSnapshotBuffer_Len
--- PASS: TestSnapshotBuffer_Len (0.00s)
=== CONT  TestSnapshotsBuffer_Add
--- PASS: TestSnapshotsBuffer_Add (0.00s)
PASS
ok  	github.com/TerraDharitri/drt-go-chain/state/storagePruningManager/pruningBuffer	(cached)
=== RUN   TestNewMissingTrieNodesNotifier
=== PAUSE TestNewMissingTrieNodesNotifier
=== RUN   TestMissingTrieNodesNotifier_RegisterHandler
=== PAUSE TestMissingTrieNodesNotifier_RegisterHandler
=== RUN   TestMissingTrieNodesNotifier_AsyncNotifyMissingTrieNode
=== PAUSE TestMissingTrieNodesNotifier_AsyncNotifyMissingTrieNode
=== RUN   TestUserAccountsSyncer_SyncAccounts
=== PAUSE TestUserAccountsSyncer_SyncAccounts
=== RUN   TestUserAccountsSyncer_MissingDataTrieNodeFound
=== PAUSE TestUserAccountsSyncer_MissingDataTrieNodeFound
=== RUN   TestBaseAccountsSyncer_CheckArgs
=== PAUSE TestBaseAccountsSyncer_CheckArgs
=== RUN   TestNewUserAccountsSyncer
=== PAUSE TestNewUserAccountsSyncer
=== RUN   TestUserAccountsSyncer_SyncAccounts
=== PAUSE TestUserAccountsSyncer_SyncAccounts
=== RUN   TestUserAccountsSyncer_SyncAccountDataTries
=== PAUSE TestUserAccountsSyncer_SyncAccountDataTries
=== RUN   TestUserAccountsSyncer_MissingDataTrieNodeFound
=== PAUSE TestUserAccountsSyncer_MissingDataTrieNodeFound
=== RUN   TestUserAccountsSyncer_IsInterfaceNil
=== PAUSE TestUserAccountsSyncer_IsInterfaceNil
=== RUN   TestNewValidatorAccountsSyncer
=== PAUSE TestNewValidatorAccountsSyncer
=== RUN   TestValidatorAccountsSyncer_SyncAccounts
=== PAUSE TestValidatorAccountsSyncer_SyncAccounts
=== RUN   TestValidatorAccountsSyncer_IsInterfaceNil
=== PAUSE TestValidatorAccountsSyncer_IsInterfaceNil
=== CONT  TestNewMissingTrieNodesNotifier
--- PASS: TestNewMissingTrieNodesNotifier (0.00s)
=== CONT  TestValidatorAccountsSyncer_IsInterfaceNil
--- PASS: TestValidatorAccountsSyncer_IsInterfaceNil (0.00s)
=== CONT  TestValidatorAccountsSyncer_SyncAccounts
=== RUN   TestValidatorAccountsSyncer_SyncAccounts/nil_storage_marker
=== PAUSE TestValidatorAccountsSyncer_SyncAccounts/nil_storage_marker
=== RUN   TestValidatorAccountsSyncer_SyncAccounts/should_work
=== PAUSE TestValidatorAccountsSyncer_SyncAccounts/should_work
=== CONT  TestValidatorAccountsSyncer_SyncAccounts/nil_storage_marker
=== CONT  TestNewValidatorAccountsSyncer
=== RUN   TestNewValidatorAccountsSyncer/invalid_base_args_(nil_hasher)_should_fail
=== PAUSE TestNewValidatorAccountsSyncer/invalid_base_args_(nil_hasher)_should_fail
=== RUN   TestNewValidatorAccountsSyncer/invalid_timeout,_should_fail
=== PAUSE TestNewValidatorAccountsSyncer/invalid_timeout,_should_fail
=== RUN   TestNewValidatorAccountsSyncer/should_work
=== PAUSE TestNewValidatorAccountsSyncer/should_work
=== CONT  TestNewValidatorAccountsSyncer/invalid_base_args_(nil_hasher)_should_fail
=== CONT  TestUserAccountsSyncer_IsInterfaceNil
--- PASS: TestUserAccountsSyncer_IsInterfaceNil (0.00s)
=== CONT  TestUserAccountsSyncer_MissingDataTrieNodeFound
=== CONT  TestUserAccountsSyncer_SyncAccountDataTries
=== CONT  TestUserAccountsSyncer_SyncAccounts
--- PASS: TestUserAccountsSyncer_SyncAccounts (0.00s)
=== RUN   TestUserAccountsSyncer_SyncAccountDataTries/nil_leaves_chan_should_fail
=== PAUSE TestUserAccountsSyncer_SyncAccountDataTries/nil_leaves_chan_should_fail
=== RUN   TestUserAccountsSyncer_SyncAccountDataTries/throttler_cannot_process_and_closed_context_should_fail
=== PAUSE TestUserAccountsSyncer_SyncAccountDataTries/throttler_cannot_process_and_closed_context_should_fail
=== RUN   TestUserAccountsSyncer_SyncAccountDataTries/should_work
=== PAUSE TestUserAccountsSyncer_SyncAccountDataTries/should_work
=== CONT  TestUserAccountsSyncer_SyncAccountDataTries/nil_leaves_chan_should_fail
=== CONT  TestMissingTrieNodesNotifier_AsyncNotifyMissingTrieNode
[0;33mWARN [0m[2026-03-16 10:14:14.365]   missingTrieNodesNotifier: empty trie hash 
=== CONT  TestUserAccountsSyncer_SyncAccountDataTries/should_work
=== CONT  TestUserAccountsSyncer_SyncAccountDataTries/throttler_cannot_process_and_closed_context_should_fail
=== CONT  TestMissingTrieNodesNotifier_RegisterHandler
--- PASS: TestMissingTrieNodesNotifier_RegisterHandler (0.00s)
--- PASS: TestMissingTrieNodesNotifier_AsyncNotifyMissingTrieNode (0.00s)
--- PASS: TestUserAccountsSyncer_SyncAccountDataTries (0.00s)
    --- PASS: TestUserAccountsSyncer_SyncAccountDataTries/nil_leaves_chan_should_fail (0.00s)
    --- PASS: TestUserAccountsSyncer_SyncAccountDataTries/should_work (0.00s)
    --- PASS: TestUserAccountsSyncer_SyncAccountDataTries/throttler_cannot_process_and_closed_context_should_fail (0.00s)
=== CONT  TestValidatorAccountsSyncer_SyncAccounts/should_work
--- PASS: TestValidatorAccountsSyncer_SyncAccounts (0.00s)
    --- PASS: TestValidatorAccountsSyncer_SyncAccounts/nil_storage_marker (0.00s)
    --- PASS: TestValidatorAccountsSyncer_SyncAccounts/should_work (0.00s)
=== CONT  TestNewValidatorAccountsSyncer/should_work
=== CONT  TestNewValidatorAccountsSyncer/invalid_timeout,_should_fail
--- PASS: TestNewValidatorAccountsSyncer (0.00s)
    --- PASS: TestNewValidatorAccountsSyncer/invalid_base_args_(nil_hasher)_should_fail (0.00s)
    --- PASS: TestNewValidatorAccountsSyncer/should_work (0.00s)
    --- PASS: TestNewValidatorAccountsSyncer/invalid_timeout,_should_fail (0.00s)
[0;32mINFO [0m[2026-03-16 10:14:14.366]   finished trie sync                       [0;32mname[0m = peer accounts [0;32mtime elapsed[0m = 0s [0;32mnum processed[0m = 1 [0;32mnum large nodes[0m = 0 [0;32mnum missing[0m = 0 [0;32mstate data size[0m = 54 B [0;32mtotal iterations[0m = 1 [0;32mtotal CPU time[0m = 16.921µs [0;32mpeak processing speed[0m = 0 B/s [0;32maverage processing speed[0m = N/A 
=== CONT  TestNewUserAccountsSyncer
=== RUN   TestNewUserAccountsSyncer/invalid_base_args_(nil_hasher)_should_fail
=== PAUSE TestNewUserAccountsSyncer/invalid_base_args_(nil_hasher)_should_fail
=== RUN   TestNewUserAccountsSyncer/nil_throttler
=== PAUSE TestNewUserAccountsSyncer/nil_throttler
=== RUN   TestNewUserAccountsSyncer/nil_address_pubkey_converter
=== PAUSE TestNewUserAccountsSyncer/nil_address_pubkey_converter
=== RUN   TestNewUserAccountsSyncer/invalid_timeout,_should_fail
=== PAUSE TestNewUserAccountsSyncer/invalid_timeout,_should_fail
=== RUN   TestNewUserAccountsSyncer/should_work
=== PAUSE TestNewUserAccountsSyncer/should_work
=== CONT  TestNewUserAccountsSyncer/invalid_base_args_(nil_hasher)_should_fail
=== CONT  TestUserAccountsSyncer_SyncAccounts
=== RUN   TestUserAccountsSyncer_SyncAccounts/nil_storage_marker
=== PAUSE TestUserAccountsSyncer_SyncAccounts/nil_storage_marker
=== RUN   TestUserAccountsSyncer_SyncAccounts/should_work
=== PAUSE TestUserAccountsSyncer_SyncAccounts/should_work
=== CONT  TestUserAccountsSyncer_SyncAccounts/nil_storage_marker
=== CONT  TestNewUserAccountsSyncer/should_work
=== CONT  TestNewUserAccountsSyncer/invalid_timeout,_should_fail
=== CONT  TestNewUserAccountsSyncer/nil_address_pubkey_converter
=== CONT  TestNewUserAccountsSyncer/nil_throttler
--- PASS: TestNewUserAccountsSyncer (0.00s)
    --- PASS: TestNewUserAccountsSyncer/invalid_base_args_(nil_hasher)_should_fail (0.00s)
    --- PASS: TestNewUserAccountsSyncer/should_work (0.00s)
    --- PASS: TestNewUserAccountsSyncer/invalid_timeout,_should_fail (0.00s)
    --- PASS: TestNewUserAccountsSyncer/nil_address_pubkey_converter (0.00s)
    --- PASS: TestNewUserAccountsSyncer/nil_throttler (0.00s)
=== CONT  TestBaseAccountsSyncer_CheckArgs
=== RUN   TestBaseAccountsSyncer_CheckArgs/nil_hasher
=== PAUSE TestBaseAccountsSyncer_CheckArgs/nil_hasher
=== RUN   TestBaseAccountsSyncer_CheckArgs/nil_marshaller
=== PAUSE TestBaseAccountsSyncer_CheckArgs/nil_marshaller
=== RUN   TestBaseAccountsSyncer_CheckArgs/nil_trie_storage_manager
=== PAUSE TestBaseAccountsSyncer_CheckArgs/nil_trie_storage_manager
=== RUN   TestBaseAccountsSyncer_CheckArgs/nil_requests_handler
=== PAUSE TestBaseAccountsSyncer_CheckArgs/nil_requests_handler
=== RUN   TestBaseAccountsSyncer_CheckArgs/nil_cacher
=== PAUSE TestBaseAccountsSyncer_CheckArgs/nil_cacher
=== RUN   TestBaseAccountsSyncer_CheckArgs/nil_user_accounts_sync_statistics_handler
=== PAUSE TestBaseAccountsSyncer_CheckArgs/nil_user_accounts_sync_statistics_handler
=== RUN   TestBaseAccountsSyncer_CheckArgs/nil_app_status_handler
=== PAUSE TestBaseAccountsSyncer_CheckArgs/nil_app_status_handler
=== RUN   TestBaseAccountsSyncer_CheckArgs/invalid_max_hard_capacity_for_missing_nodes
=== PAUSE TestBaseAccountsSyncer_CheckArgs/invalid_max_hard_capacity_for_missing_nodes
=== RUN   TestBaseAccountsSyncer_CheckArgs/should_work
=== PAUSE TestBaseAccountsSyncer_CheckArgs/should_work
=== CONT  TestBaseAccountsSyncer_CheckArgs/nil_hasher
=== CONT  TestUserAccountsSyncer_SyncAccounts/should_work
--- PASS: TestUserAccountsSyncer_SyncAccounts (0.00s)
    --- PASS: TestUserAccountsSyncer_SyncAccounts/nil_storage_marker (0.00s)
    --- PASS: TestUserAccountsSyncer_SyncAccounts/should_work (0.00s)
=== CONT  TestUserAccountsSyncer_MissingDataTrieNodeFound
=== CONT  TestBaseAccountsSyncer_CheckArgs/should_work
=== CONT  TestBaseAccountsSyncer_CheckArgs/invalid_max_hard_capacity_for_missing_nodes
=== CONT  TestBaseAccountsSyncer_CheckArgs/nil_app_status_handler
=== CONT  TestBaseAccountsSyncer_CheckArgs/nil_user_accounts_sync_statistics_handler
=== CONT  TestBaseAccountsSyncer_CheckArgs/nil_cacher
=== CONT  TestBaseAccountsSyncer_CheckArgs/nil_requests_handler
=== CONT  TestBaseAccountsSyncer_CheckArgs/nil_trie_storage_manager
=== CONT  TestBaseAccountsSyncer_CheckArgs/nil_marshaller
--- PASS: TestBaseAccountsSyncer_CheckArgs (0.00s)
    --- PASS: TestBaseAccountsSyncer_CheckArgs/nil_hasher (0.00s)
    --- PASS: TestBaseAccountsSyncer_CheckArgs/should_work (0.00s)
    --- PASS: TestBaseAccountsSyncer_CheckArgs/invalid_max_hard_capacity_for_missing_nodes (0.00s)
    --- PASS: TestBaseAccountsSyncer_CheckArgs/nil_app_status_handler (0.00s)
    --- PASS: TestBaseAccountsSyncer_CheckArgs/nil_user_accounts_sync_statistics_handler (0.00s)
    --- PASS: TestBaseAccountsSyncer_CheckArgs/nil_cacher (0.00s)
    --- PASS: TestBaseAccountsSyncer_CheckArgs/nil_requests_handler (0.00s)
    --- PASS: TestBaseAccountsSyncer_CheckArgs/nil_trie_storage_manager (0.00s)
    --- PASS: TestBaseAccountsSyncer_CheckArgs/nil_marshaller (0.00s)
[0;32mINFO [0m[2026-03-16 10:14:14.366]   finished trie sync                       [0;32mname[0m = user accounts for shard 1 [0;32mtime elapsed[0m = 0s [0;32mnum processed[0m = 0 [0;32mnum large nodes[0m = 0 [0;32mnum missing[0m = 0 [0;32mstate data size[0m = 0 B [0;32mtotal iterations[0m = 0 [0;32mtotal CPU time[0m = 1s [0;32mpeak processing speed[0m = 0 B/s [0;32maverage processing speed[0m = N/A 
--- PASS: TestUserAccountsSyncer_MissingDataTrieNodeFound (2.00s)
--- PASS: TestUserAccountsSyncer_MissingDataTrieNodeFound (2.00s)
PASS
ok  	github.com/TerraDharitri/drt-go-chain/state/syncer	(cached)
=== RUN   TestNewTrackableDataTrie
=== PAUSE TestNewTrackableDataTrie
=== RUN   TestTrackableDataTrie_SaveKeyValue
=== PAUSE TestTrackableDataTrie_SaveKeyValue
=== RUN   TestTrackableDataTrie_RetrieveValue
=== PAUSE TestTrackableDataTrie_RetrieveValue
=== RUN   TestTrackableDataTrie_SaveDirtyData
=== PAUSE TestTrackableDataTrie_SaveDirtyData
=== RUN   TestTrackableDataTrie_MigrateDataTrieLeaves
=== PAUSE TestTrackableDataTrie_MigrateDataTrieLeaves
=== RUN   TestTrackableDataTrie_SetAndGetDataTrie
=== PAUSE TestTrackableDataTrie_SetAndGetDataTrie
=== CONT  TestNewTrackableDataTrie
=== RUN   TestNewTrackableDataTrie/create_with_nil_hasher
=== PAUSE TestNewTrackableDataTrie/create_with_nil_hasher
=== RUN   TestNewTrackableDataTrie/create_with_nil_marshaller
=== CONT  TestTrackableDataTrie_SaveDirtyData
=== CONT  TestTrackableDataTrie_SetAndGetDataTrie
=== PAUSE TestNewTrackableDataTrie/create_with_nil_marshaller
=== CONT  TestTrackableDataTrie_RetrieveValue
=== CONT  TestTrackableDataTrie_MigrateDataTrieLeaves
=== RUN   TestTrackableDataTrie_SaveDirtyData/no_dirty_data
=== RUN   TestTrackableDataTrie_MigrateDataTrieLeaves/nil_trie
=== PAUSE TestTrackableDataTrie_MigrateDataTrieLeaves/nil_trie
=== PAUSE TestTrackableDataTrie_SaveDirtyData/no_dirty_data
=== RUN   TestTrackableDataTrie_SaveDirtyData/nil_trie_creates_a_new_trie
=== PAUSE TestTrackableDataTrie_SaveDirtyData/nil_trie_creates_a_new_trie
=== RUN   TestTrackableDataTrie_SaveDirtyData/present_in_trie_as_valWithAppendedData
=== PAUSE TestTrackableDataTrie_SaveDirtyData/present_in_trie_as_valWithAppendedData
=== RUN   TestTrackableDataTrie_SaveDirtyData/present_in_trie_as_valWithAppendedData_and_auto_balancing_disabled
=== PAUSE TestTrackableDataTrie_SaveDirtyData/present_in_trie_as_valWithAppendedData_and_auto_balancing_disabled
=== RUN   TestTrackableDataTrie_SaveDirtyData/present_in_trie_as_valAsStruct
=== PAUSE TestTrackableDataTrie_SaveDirtyData/present_in_trie_as_valAsStruct
=== RUN   TestTrackableDataTrie_SaveDirtyData/not_present_in_trie
=== PAUSE TestTrackableDataTrie_SaveDirtyData/not_present_in_trie
=== RUN   TestTrackableDataTrie_SaveDirtyData/dirty_data_is_reset
=== PAUSE TestTrackableDataTrie_SaveDirtyData/dirty_data_is_reset
=== RUN   TestTrackableDataTrie_SaveDirtyData/nil_val_autobalance_disabled
=== PAUSE TestTrackableDataTrie_SaveDirtyData/nil_val_autobalance_disabled
=== RUN   TestTrackableDataTrie_SaveDirtyData/nil_val_and_nil_old_val
=== PAUSE TestTrackableDataTrie_SaveDirtyData/nil_val_and_nil_old_val
=== RUN   TestTrackableDataTrie_SaveDirtyData/nil_val_autobalance_enabled,_old_val_saved_at_hashedKey
=== PAUSE TestTrackableDataTrie_SaveDirtyData/nil_val_autobalance_enabled,_old_val_saved_at_hashedKey
=== RUN   TestTrackableDataTrie_SaveDirtyData/nil_val_autobalance_enabled,_old_val_saved_at_key
=== PAUSE TestTrackableDataTrie_SaveDirtyData/nil_val_autobalance_enabled,_old_val_saved_at_key
=== RUN   TestTrackableDataTrie_SaveDirtyData/not_present_in_trie_-_autobalance_disabled
=== PAUSE TestTrackableDataTrie_SaveDirtyData/not_present_in_trie_-_autobalance_disabled
=== RUN   TestTrackableDataTrie_SaveDirtyData/state_accesses_are_ordered_deterministically
=== PAUSE TestTrackableDataTrie_SaveDirtyData/state_accesses_are_ordered_deterministically
=== CONT  TestTrackableDataTrie_SaveDirtyData/no_dirty_data
=== RUN   TestTrackableDataTrie_RetrieveValue/should_check_dirty_data_first
=== PAUSE TestTrackableDataTrie_RetrieveValue/should_check_dirty_data_first
=== RUN   TestTrackableDataTrie_RetrieveValue/nil_data_trie_should_err
=== PAUSE TestTrackableDataTrie_RetrieveValue/nil_data_trie_should_err
=== RUN   TestTrackableDataTrie_RetrieveValue/val_with_appended_data_found_in_trie
=== PAUSE TestTrackableDataTrie_RetrieveValue/val_with_appended_data_found_in_trie
=== RUN   TestTrackableDataTrie_RetrieveValue/autoBalance_data_tries_disabled
=== PAUSE TestTrackableDataTrie_RetrieveValue/autoBalance_data_tries_disabled
=== RUN   TestTrackableDataTrie_RetrieveValue/val_as_struct_found_in_trie
=== PAUSE TestTrackableDataTrie_RetrieveValue/val_as_struct_found_in_trie
=== CONT  TestTrackableDataTrie_SaveDirtyData/nil_val_autobalance_disabled
=== CONT  TestTrackableDataTrie_SaveDirtyData/dirty_data_is_reset
=== RUN   TestNewTrackableDataTrie/create_with_nil_enableEpochsHandler
=== PAUSE TestNewTrackableDataTrie/create_with_nil_enableEpochsHandler
=== RUN   TestNewTrackableDataTrie/create_with_invalid_enableEpochsHandler
=== PAUSE TestNewTrackableDataTrie/create_with_invalid_enableEpochsHandler
=== RUN   TestNewTrackableDataTrie/should_work
=== PAUSE TestNewTrackableDataTrie/should_work
=== CONT  TestNewTrackableDataTrie/create_with_nil_hasher
=== RUN   TestTrackableDataTrie_MigrateDataTrieLeaves/nil_trie_migrator
=== PAUSE TestTrackableDataTrie_MigrateDataTrieLeaves/nil_trie_migrator
=== RUN   TestTrackableDataTrie_MigrateDataTrieLeaves/CollectLeavesForMigrationFails
=== PAUSE TestTrackableDataTrie_MigrateDataTrieLeaves/CollectLeavesForMigrationFails
=== RUN   TestTrackableDataTrie_MigrateDataTrieLeaves/leaves_that_need_to_be_migrated_are_added_to_dirty_data
=== PAUSE TestTrackableDataTrie_MigrateDataTrieLeaves/leaves_that_need_to_be_migrated_are_added_to_dirty_data
=== CONT  TestTrackableDataTrie_MigrateDataTrieLeaves/nil_trie
=== CONT  TestNewTrackableDataTrie/should_work
=== CONT  TestNewTrackableDataTrie/create_with_invalid_enableEpochsHandler
=== CONT  TestNewTrackableDataTrie/create_with_nil_enableEpochsHandler
=== CONT  TestNewTrackableDataTrie/create_with_nil_marshaller
--- PASS: TestTrackableDataTrie_SetAndGetDataTrie (0.00s)
=== CONT  TestTrackableDataTrie_MigrateDataTrieLeaves/leaves_that_need_to_be_migrated_are_added_to_dirty_data
=== CONT  TestTrackableDataTrie_MigrateDataTrieLeaves/CollectLeavesForMigrationFails
=== CONT  TestTrackableDataTrie_MigrateDataTrieLeaves/nil_trie_migrator
=== CONT  TestTrackableDataTrie_SaveDirtyData/state_accesses_are_ordered_deterministically
=== CONT  TestTrackableDataTrie_SaveDirtyData/not_present_in_trie_-_autobalance_disabled
=== CONT  TestTrackableDataTrie_SaveDirtyData/nil_val_autobalance_enabled,_old_val_saved_at_key
--- PASS: TestTrackableDataTrie_MigrateDataTrieLeaves (0.00s)
    --- PASS: TestTrackableDataTrie_MigrateDataTrieLeaves/nil_trie (0.00s)
    --- PASS: TestTrackableDataTrie_MigrateDataTrieLeaves/leaves_that_need_to_be_migrated_are_added_to_dirty_data (0.00s)
    --- PASS: TestTrackableDataTrie_MigrateDataTrieLeaves/CollectLeavesForMigrationFails (0.00s)
    --- PASS: TestTrackableDataTrie_MigrateDataTrieLeaves/nil_trie_migrator (0.00s)
--- PASS: TestNewTrackableDataTrie (0.00s)
    --- PASS: TestNewTrackableDataTrie/create_with_nil_hasher (0.00s)
    --- PASS: TestNewTrackableDataTrie/should_work (0.00s)
    --- PASS: TestNewTrackableDataTrie/create_with_invalid_enableEpochsHandler (0.00s)
    --- PASS: TestNewTrackableDataTrie/create_with_nil_enableEpochsHandler (0.00s)
    --- PASS: TestNewTrackableDataTrie/create_with_nil_marshaller (0.00s)
=== CONT  TestTrackableDataTrie_SaveDirtyData/nil_val_autobalance_enabled,_old_val_saved_at_hashedKey
=== CONT  TestTrackableDataTrie_SaveDirtyData/nil_val_and_nil_old_val
=== RUN   TestTrackableDataTrie_RetrieveValue/trie_malfunction_should_err
=== PAUSE TestTrackableDataTrie_RetrieveValue/trie_malfunction_should_err
=== RUN   TestTrackableDataTrie_RetrieveValue/val_not_found_in_trie_-_auto_balance_enabled
=== PAUSE TestTrackableDataTrie_RetrieveValue/val_not_found_in_trie_-_auto_balance_enabled
=== RUN   TestTrackableDataTrie_RetrieveValue/val_not_found_in_trie_-_auto_balance_disabled
=== PAUSE TestTrackableDataTrie_RetrieveValue/val_not_found_in_trie_-_auto_balance_disabled
=== CONT  TestTrackableDataTrie_RetrieveValue/should_check_dirty_data_first
=== CONT  TestTrackableDataTrie_SaveDirtyData/not_present_in_trie
=== CONT  TestTrackableDataTrie_SaveDirtyData/present_in_trie_as_valAsStruct
=== CONT  TestTrackableDataTrie_SaveDirtyData/present_in_trie_as_valWithAppendedData_and_auto_balancing_disabled
=== CONT  TestTrackableDataTrie_SaveDirtyData/present_in_trie_as_valWithAppendedData
=== CONT  TestTrackableDataTrie_SaveDirtyData/nil_trie_creates_a_new_trie
--- PASS: TestTrackableDataTrie_SaveDirtyData (0.00s)
    --- PASS: TestTrackableDataTrie_SaveDirtyData/no_dirty_data (0.00s)
    --- PASS: TestTrackableDataTrie_SaveDirtyData/nil_val_autobalance_disabled (0.00s)
    --- PASS: TestTrackableDataTrie_SaveDirtyData/dirty_data_is_reset (0.00s)
    --- PASS: TestTrackableDataTrie_SaveDirtyData/state_accesses_are_ordered_deterministically (0.00s)
    --- PASS: TestTrackableDataTrie_SaveDirtyData/not_present_in_trie_-_autobalance_disabled (0.00s)
    --- PASS: TestTrackableDataTrie_SaveDirtyData/nil_val_autobalance_enabled,_old_val_saved_at_key (0.00s)
    --- PASS: TestTrackableDataTrie_SaveDirtyData/nil_val_autobalance_enabled,_old_val_saved_at_hashedKey (0.00s)
    --- PASS: TestTrackableDataTrie_SaveDirtyData/nil_val_and_nil_old_val (0.00s)
    --- PASS: TestTrackableDataTrie_SaveDirtyData/not_present_in_trie (0.00s)
    --- PASS: TestTrackableDataTrie_SaveDirtyData/present_in_trie_as_valAsStruct (0.00s)
    --- PASS: TestTrackableDataTrie_SaveDirtyData/present_in_trie_as_valWithAppendedData_and_auto_balancing_disabled (0.00s)
    --- PASS: TestTrackableDataTrie_SaveDirtyData/present_in_trie_as_valWithAppendedData (0.00s)
    --- PASS: TestTrackableDataTrie_SaveDirtyData/nil_trie_creates_a_new_trie (0.00s)
=== CONT  TestTrackableDataTrie_RetrieveValue/val_not_found_in_trie_-_auto_balance_disabled
=== CONT  TestTrackableDataTrie_RetrieveValue/val_not_found_in_trie_-_auto_balance_enabled
=== CONT  TestTrackableDataTrie_RetrieveValue/trie_malfunction_should_err
=== CONT  TestTrackableDataTrie_RetrieveValue/val_with_appended_data_found_in_trie
=== CONT  TestTrackableDataTrie_RetrieveValue/val_as_struct_found_in_trie
=== CONT  TestTrackableDataTrie_RetrieveValue/autoBalance_data_tries_disabled
=== CONT  TestTrackableDataTrie_RetrieveValue/nil_data_trie_should_err
--- PASS: TestTrackableDataTrie_RetrieveValue (0.00s)
    --- PASS: TestTrackableDataTrie_RetrieveValue/should_check_dirty_data_first (0.00s)
    --- PASS: TestTrackableDataTrie_RetrieveValue/val_not_found_in_trie_-_auto_balance_disabled (0.00s)
    --- PASS: TestTrackableDataTrie_RetrieveValue/val_not_found_in_trie_-_auto_balance_enabled (0.00s)
    --- PASS: TestTrackableDataTrie_RetrieveValue/trie_malfunction_should_err (0.00s)
    --- PASS: TestTrackableDataTrie_RetrieveValue/val_as_struct_found_in_trie (0.00s)
    --- PASS: TestTrackableDataTrie_RetrieveValue/val_with_appended_data_found_in_trie (0.00s)
    --- PASS: TestTrackableDataTrie_RetrieveValue/autoBalance_data_tries_disabled (0.00s)
    --- PASS: TestTrackableDataTrie_RetrieveValue/nil_data_trie_should_err (0.00s)
=== CONT  TestTrackableDataTrie_SaveKeyValue
=== RUN   TestTrackableDataTrie_SaveKeyValue/data_too_large
=== PAUSE TestTrackableDataTrie_SaveKeyValue/data_too_large
=== RUN   TestTrackableDataTrie_SaveKeyValue/should_save_given_val_only_in_dirty_data
=== PAUSE TestTrackableDataTrie_SaveKeyValue/should_save_given_val_only_in_dirty_data
=== CONT  TestTrackableDataTrie_SaveKeyValue/data_too_large
=== CONT  TestTrackableDataTrie_SaveKeyValue/should_save_given_val_only_in_dirty_data
--- PASS: TestTrackableDataTrie_SaveKeyValue (0.00s)
    --- PASS: TestTrackableDataTrie_SaveKeyValue/should_save_given_val_only_in_dirty_data (0.00s)
    --- PASS: TestTrackableDataTrie_SaveKeyValue/data_too_large (0.00s)
PASS
ok  	github.com/TerraDharitri/drt-go-chain/state/trackableDataTrie	(cached)
=== RUN   TestNewProcessStatusHandler
=== PAUSE TestNewProcessStatusHandler
=== RUN   TestProcessStatusHandler_AllMethods
=== PAUSE TestProcessStatusHandler_AllMethods
=== RUN   TestNewProcessStatusHandler_ParallelCalls
=== PAUSE TestNewProcessStatusHandler_ParallelCalls
=== RUN   TestNewAppStatusFacadeWithHandlers_NilHandlersShouldFail
=== PAUSE TestNewAppStatusFacadeWithHandlers_NilHandlersShouldFail
=== RUN   TestNewAppStatusFacadeWithHandlers_OneOfTheHandlerIsNilShouldFail
=== PAUSE TestNewAppStatusFacadeWithHandlers_OneOfTheHandlerIsNilShouldFail
=== RUN   TestNewAppStatusFacadeWithHandlers_OkHandlersShouldPass
=== PAUSE TestNewAppStatusFacadeWithHandlers_OkHandlersShouldPass
=== RUN   TestAppStatusFacade_IncrementShouldPass
=== PAUSE TestAppStatusFacade_IncrementShouldPass
=== RUN   TestAppStatusFacade_DecrementShouldPass
=== PAUSE TestAppStatusFacade_DecrementShouldPass
=== RUN   TestAppStatusFacade_SetInt64ValueShouldPass
=== PAUSE TestAppStatusFacade_SetInt64ValueShouldPass
=== RUN   TestAppStatusFacade_SetUint64ValueShouldPass
=== PAUSE TestAppStatusFacade_SetUint64ValueShouldPass
=== RUN   TestAppStatusFacade_AddUint64ShouldPass
=== PAUSE TestAppStatusFacade_AddUint64ShouldPass
=== RUN   TestAppStatusFacade_SetStringValueShouldPass
=== PAUSE TestAppStatusFacade_SetStringValueShouldPass
=== RUN   TestNewStatusMetricsProvider
=== PAUSE TestNewStatusMetricsProvider
=== RUN   TestStatusMetricsProvider_IncrementCallNonExistingKey
=== PAUSE TestStatusMetricsProvider_IncrementCallNonExistingKey
=== RUN   TestStatusMetricsProvider_IncrementNonUint64ValueShouldNotWork
=== PAUSE TestStatusMetricsProvider_IncrementNonUint64ValueShouldNotWork
=== RUN   TestStatusMetricsProvider_IncrementShouldWork
=== PAUSE TestStatusMetricsProvider_IncrementShouldWork
=== RUN   TestStatusMetricsProvider_Decrement
=== PAUSE TestStatusMetricsProvider_Decrement
=== RUN   TestStatusMetricsProvider_SetInt64Value
=== PAUSE TestStatusMetricsProvider_SetInt64Value
=== RUN   TestStatusMetricsProvider_SetStringValue
=== PAUSE TestStatusMetricsProvider_SetStringValue
=== RUN   TestStatusMetricsProvider_AddUint64Value
=== PAUSE TestStatusMetricsProvider_AddUint64Value
=== RUN   TestStatusMetrics_StatusMetricsWithoutP2PPrometheusStringShouldPutDefaultShardIDLabel
=== PAUSE TestStatusMetrics_StatusMetricsWithoutP2PPrometheusStringShouldPutDefaultShardIDLabel
=== RUN   TestStatusMetrics_StatusMetricsWithoutP2PPrometheusStringShouldPutCorrectShardIDLabel
=== PAUSE TestStatusMetrics_StatusMetricsWithoutP2PPrometheusStringShouldPutCorrectShardIDLabel
=== RUN   TestStatusMetrics_StatusMetricsWithoutP2PPrometheusStringShouldComputeRoundsAndNoncesPassedInEpoch
=== PAUSE TestStatusMetrics_StatusMetricsWithoutP2PPrometheusStringShouldComputeRoundsAndNoncesPassedInEpoch
=== RUN   TestStatusMetrics_NetworkConfig
=== PAUSE TestStatusMetrics_NetworkConfig
=== RUN   TestStatusMetrics_NetworkMetrics
=== PAUSE TestStatusMetrics_NetworkMetrics
=== RUN   TestStatusMetrics_StatusMetricsMapWithoutP2P
=== PAUSE TestStatusMetrics_StatusMetricsMapWithoutP2P
=== RUN   TestStatusMetrics_EnableEpochMetrics
=== PAUSE TestStatusMetrics_EnableEpochMetrics
=== RUN   TestStatusMetrics_RatingsConfig
=== PAUSE TestStatusMetrics_RatingsConfig
=== RUN   TestStatusMetrics_BootstrapMetrics
=== PAUSE TestStatusMetrics_BootstrapMetrics
=== RUN   TestStatusMetrics_IncrementConcurrentOperations
=== PAUSE TestStatusMetrics_IncrementConcurrentOperations
=== RUN   TestStatusMetrics_ConcurrentIncrementAndDecrement
=== PAUSE TestStatusMetrics_ConcurrentIncrementAndDecrement
=== RUN   TestStatusMetrics_ConcurrentOperations
=== PAUSE TestStatusMetrics_ConcurrentOperations
=== CONT  TestNewProcessStatusHandler
--- PASS: TestNewProcessStatusHandler (0.00s)
=== CONT  TestStatusMetrics_ConcurrentOperations
=== CONT  TestStatusMetrics_ConcurrentIncrementAndDecrement
=== CONT  TestStatusMetrics_IncrementConcurrentOperations
=== CONT  TestStatusMetrics_RatingsConfig
--- PASS: TestStatusMetrics_RatingsConfig (0.00s)
=== CONT  TestStatusMetrics_NetworkMetrics
=== RUN   TestStatusMetrics_NetworkMetrics/no_cross_check_value
=== CONT  TestStatusMetrics_BootstrapMetrics
--- PASS: TestStatusMetrics_BootstrapMetrics (0.00s)
=== CONT  TestStatusMetrics_StatusMetricsMapWithoutP2P
--- PASS: TestStatusMetrics_StatusMetricsMapWithoutP2P (0.00s)
=== CONT  TestNewAppStatusFacadeWithHandlers_OneOfTheHandlerIsNilShouldFail
--- PASS: TestNewAppStatusFacadeWithHandlers_OneOfTheHandlerIsNilShouldFail (0.00s)
=== CONT  TestStatusMetrics_NetworkConfig
--- PASS: TestStatusMetrics_NetworkConfig (0.00s)
=== CONT  TestStatusMetrics_StatusMetricsWithoutP2PPrometheusStringShouldComputeRoundsAndNoncesPassedInEpoch
--- PASS: TestStatusMetrics_StatusMetricsWithoutP2PPrometheusStringShouldComputeRoundsAndNoncesPassedInEpoch (0.00s)
=== CONT  TestStatusMetrics_StatusMetricsWithoutP2PPrometheusStringShouldPutCorrectShardIDLabel
--- PASS: TestStatusMetrics_StatusMetricsWithoutP2PPrometheusStringShouldPutCorrectShardIDLabel (0.00s)
=== CONT  TestStatusMetrics_StatusMetricsWithoutP2PPrometheusStringShouldPutDefaultShardIDLabel
--- PASS: TestStatusMetrics_StatusMetricsWithoutP2PPrometheusStringShouldPutDefaultShardIDLabel (0.00s)
=== CONT  TestStatusMetricsProvider_AddUint64Value
--- PASS: TestStatusMetricsProvider_AddUint64Value (0.00s)
=== CONT  TestStatusMetricsProvider_SetStringValue
--- PASS: TestStatusMetricsProvider_SetStringValue (0.00s)
=== CONT  TestStatusMetricsProvider_SetInt64Value
--- PASS: TestStatusMetricsProvider_SetInt64Value (0.00s)
=== CONT  TestStatusMetricsProvider_Decrement
--- PASS: TestStatusMetricsProvider_Decrement (0.00s)
=== CONT  TestStatusMetricsProvider_IncrementShouldWork
--- PASS: TestStatusMetricsProvider_IncrementShouldWork (0.00s)
=== CONT  TestStatusMetricsProvider_IncrementNonUint64ValueShouldNotWork
--- PASS: TestStatusMetricsProvider_IncrementNonUint64ValueShouldNotWork (0.00s)
=== CONT  TestStatusMetricsProvider_IncrementCallNonExistingKey
--- PASS: TestStatusMetricsProvider_IncrementCallNonExistingKey (0.00s)
=== CONT  TestNewStatusMetricsProvider
--- PASS: TestNewStatusMetricsProvider (0.00s)
=== CONT  TestAppStatusFacade_SetStringValueShouldPass
--- PASS: TestAppStatusFacade_SetStringValueShouldPass (0.00s)
=== CONT  TestAppStatusFacade_AddUint64ShouldPass
--- PASS: TestAppStatusFacade_AddUint64ShouldPass (0.00s)
=== CONT  TestAppStatusFacade_SetUint64ValueShouldPass
--- PASS: TestAppStatusFacade_SetUint64ValueShouldPass (0.00s)
=== CONT  TestAppStatusFacade_SetInt64ValueShouldPass
--- PASS: TestAppStatusFacade_SetInt64ValueShouldPass (0.00s)
=== CONT  TestAppStatusFacade_DecrementShouldPass
--- PASS: TestAppStatusFacade_DecrementShouldPass (0.00s)
=== CONT  TestAppStatusFacade_IncrementShouldPass
--- PASS: TestAppStatusFacade_IncrementShouldPass (0.00s)
=== CONT  TestNewAppStatusFacadeWithHandlers_OkHandlersShouldPass
--- PASS: TestNewAppStatusFacadeWithHandlers_OkHandlersShouldPass (0.00s)
=== CONT  TestNewAppStatusFacadeWithHandlers_NilHandlersShouldFail
--- PASS: TestNewAppStatusFacadeWithHandlers_NilHandlersShouldFail (0.00s)
=== CONT  TestNewProcessStatusHandler_ParallelCalls
=== CONT  TestStatusMetrics_EnableEpochMetrics
--- PASS: TestStatusMetrics_EnableEpochMetrics (0.00s)
=== CONT  TestProcessStatusHandler_AllMethods
--- PASS: TestProcessStatusHandler_AllMethods (0.00s)
=== RUN   TestStatusMetrics_NetworkMetrics/with_cross_check_value
--- PASS: TestStatusMetrics_ConcurrentOperations (0.01s)
--- PASS: TestStatusMetrics_NetworkMetrics (0.00s)
    --- PASS: TestStatusMetrics_NetworkMetrics/no_cross_check_value (0.00s)
    --- PASS: TestStatusMetrics_NetworkMetrics/with_cross_check_value (0.00s)
--- PASS: TestNewProcessStatusHandler_ParallelCalls (0.00s)
--- PASS: TestStatusMetrics_IncrementConcurrentOperations (0.01s)
--- PASS: TestStatusMetrics_ConcurrentIncrementAndDecrement (0.01s)
PASS
ok  	github.com/TerraDharitri/drt-go-chain/statusHandler	(cached)
=== RUN   TestNewP2PQuotaProcessor_NilStatusHandlerShouldErr
=== PAUSE TestNewP2PQuotaProcessor_NilStatusHandlerShouldErr
=== RUN   TestNewP2PQuotaProcessor_ShouldWork
=== PAUSE TestNewP2PQuotaProcessor_ShouldWork
=== RUN   TestP2PQuotaProcessor_AddQuotaShouldWork
=== PAUSE TestP2PQuotaProcessor_AddQuotaShouldWork
=== RUN   TestP2PQuotaProcessor_ResetStatisticsShouldEmptyStatsAndCallSetOnAllMetrics
=== PAUSE TestP2PQuotaProcessor_ResetStatisticsShouldEmptyStatsAndCallSetOnAllMetrics
=== RUN   TestP2PQuotaProcessor_ResetStatisticsShouldSetPeerStatisticsTops
=== PAUSE TestP2PQuotaProcessor_ResetStatisticsShouldSetPeerStatisticsTops
=== CONT  TestNewP2PQuotaProcessor_NilStatusHandlerShouldErr
--- PASS: TestNewP2PQuotaProcessor_NilStatusHandlerShouldErr (0.00s)
=== CONT  TestP2PQuotaProcessor_ResetStatisticsShouldSetPeerStatisticsTops
--- PASS: TestP2PQuotaProcessor_ResetStatisticsShouldSetPeerStatisticsTops (0.00s)
=== CONT  TestP2PQuotaProcessor_ResetStatisticsShouldEmptyStatsAndCallSetOnAllMetrics
--- PASS: TestP2PQuotaProcessor_ResetStatisticsShouldEmptyStatsAndCallSetOnAllMetrics (0.00s)
=== CONT  TestP2PQuotaProcessor_AddQuotaShouldWork
--- PASS: TestP2PQuotaProcessor_AddQuotaShouldWork (0.00s)
=== CONT  TestNewP2PQuotaProcessor_ShouldWork
--- PASS: TestNewP2PQuotaProcessor_ShouldWork (0.00s)
PASS
ok  	github.com/TerraDharitri/drt-go-chain/statusHandler/p2pQuota	(cached)
=== RUN   TestGetUint64_WrongTypeShouldReturn0
=== PAUSE TestGetUint64_WrongTypeShouldReturn0
=== RUN   TestGetUint64_ShouldWork
=== PAUSE TestGetUint64_ShouldWork
=== RUN   TestGetString_WrongTypeShouldReturnEmptyString
=== PAUSE TestGetString_WrongTypeShouldReturnEmptyString
=== RUN   TestGetString_ShouldWork
=== PAUSE TestGetString_ShouldWork
=== RUN   TestNewPersistentStatusHandler_NilMarshalizerShouldErr
=== PAUSE TestNewPersistentStatusHandler_NilMarshalizerShouldErr
=== RUN   TestNewPersistentStatusHandler_NilConverter
=== PAUSE TestNewPersistentStatusHandler_NilConverter
=== RUN   TestNewPersistentStatusHandler
=== PAUSE TestNewPersistentStatusHandler
=== RUN   TestPersistentStatusHandler_SetStorageNilStorageShouldErr
=== PAUSE TestPersistentStatusHandler_SetStorageNilStorageShouldErr
=== RUN   TestPersistentStatusHandler_SetStorage
=== PAUSE TestPersistentStatusHandler_SetStorage
=== RUN   TestPersistentStatusHandler_SetUInt64ValueIncorrectMetricShouldNotSet
=== PAUSE TestPersistentStatusHandler_SetUInt64ValueIncorrectMetricShouldNotSet
=== RUN   TestPersistentStatusHandler_SetUInt64Value
=== PAUSE TestPersistentStatusHandler_SetUInt64Value
=== RUN   TestPersistentStatusHandler_IncrementNoMetricShouldReturn
=== PAUSE TestPersistentStatusHandler_IncrementNoMetricShouldReturn
=== RUN   TestPersistentStatusHandler_Increment
=== PAUSE TestPersistentStatusHandler_Increment
=== RUN   TestPersistentStatusHandler_AddUInt64ValueIncorrectMetricShouldNotSet
=== PAUSE TestPersistentStatusHandler_AddUInt64ValueIncorrectMetricShouldNotSet
=== RUN   TestPersistentStatusHandler_AddSetUInt64Value
=== PAUSE TestPersistentStatusHandler_AddSetUInt64Value
=== RUN   TestPersistentStatusHandler_saveMetricsInDbMarshalError
=== PAUSE TestPersistentStatusHandler_saveMetricsInDbMarshalError
=== RUN   TestPersistentStatusHandler_saveMetricsInDbPutError
=== PAUSE TestPersistentStatusHandler_saveMetricsInDbPutError
=== RUN   TestPersistentStatusHandler_DecrementNoMetricShouldReturn
=== PAUSE TestPersistentStatusHandler_DecrementNoMetricShouldReturn
=== RUN   TestPersistentStatusHandler_Decrement
=== PAUSE TestPersistentStatusHandler_Decrement
=== RUN   TestPersistentStatusHandler_DecrementKeyValueZeroShouldReturn
=== PAUSE TestPersistentStatusHandler_DecrementKeyValueZeroShouldReturn
=== RUN   TestPersistentStatusHandler_SetMetricNonce
=== PAUSE TestPersistentStatusHandler_SetMetricNonce
=== CONT  TestGetUint64_WrongTypeShouldReturn0
--- PASS: TestGetUint64_WrongTypeShouldReturn0 (0.00s)
=== CONT  TestPersistentStatusHandler_SetMetricNonce
=== CONT  TestPersistentStatusHandler_DecrementKeyValueZeroShouldReturn
--- PASS: TestPersistentStatusHandler_DecrementKeyValueZeroShouldReturn (0.00s)
=== CONT  TestPersistentStatusHandler_Decrement
--- PASS: TestPersistentStatusHandler_Decrement (0.00s)
=== CONT  TestPersistentStatusHandler_DecrementNoMetricShouldReturn
--- PASS: TestPersistentStatusHandler_DecrementNoMetricShouldReturn (0.00s)
=== CONT  TestPersistentStatusHandler_saveMetricsInDbPutError
--- PASS: TestPersistentStatusHandler_saveMetricsInDbPutError (0.00s)
=== CONT  TestPersistentStatusHandler_saveMetricsInDbMarshalError
--- PASS: TestPersistentStatusHandler_saveMetricsInDbMarshalError (0.00s)
=== CONT  TestPersistentStatusHandler_AddSetUInt64Value
--- PASS: TestPersistentStatusHandler_AddSetUInt64Value (0.00s)
=== CONT  TestPersistentStatusHandler_AddUInt64ValueIncorrectMetricShouldNotSet
--- PASS: TestPersistentStatusHandler_AddUInt64ValueIncorrectMetricShouldNotSet (0.00s)
=== CONT  TestPersistentStatusHandler_Increment
--- PASS: TestPersistentStatusHandler_Increment (0.00s)
=== CONT  TestPersistentStatusHandler_IncrementNoMetricShouldReturn
--- PASS: TestPersistentStatusHandler_IncrementNoMetricShouldReturn (0.00s)
=== CONT  TestPersistentStatusHandler_SetUInt64Value
--- PASS: TestPersistentStatusHandler_SetUInt64Value (0.00s)
=== CONT  TestPersistentStatusHandler_SetUInt64ValueIncorrectMetricShouldNotSet
--- PASS: TestPersistentStatusHandler_SetUInt64ValueIncorrectMetricShouldNotSet (0.00s)
=== CONT  TestPersistentStatusHandler_SetStorage
--- PASS: TestPersistentStatusHandler_SetStorage (0.00s)
=== CONT  TestPersistentStatusHandler_SetStorageNilStorageShouldErr
--- PASS: TestPersistentStatusHandler_SetStorageNilStorageShouldErr (0.00s)
=== CONT  TestNewPersistentStatusHandler
--- PASS: TestNewPersistentStatusHandler (0.00s)
=== CONT  TestNewPersistentStatusHandler_NilConverter
--- PASS: TestNewPersistentStatusHandler_NilConverter (0.00s)
=== CONT  TestNewPersistentStatusHandler_NilMarshalizerShouldErr
--- PASS: TestNewPersistentStatusHandler_NilMarshalizerShouldErr (0.00s)
=== CONT  TestGetString_ShouldWork
--- PASS: TestGetString_ShouldWork (0.00s)
=== CONT  TestGetString_WrongTypeShouldReturnEmptyString
--- PASS: TestGetString_WrongTypeShouldReturnEmptyString (0.00s)
=== CONT  TestGetUint64_ShouldWork
--- PASS: TestGetUint64_ShouldWork (0.00s)
--- PASS: TestPersistentStatusHandler_SetMetricNonce (2.00s)
PASS
ok  	github.com/TerraDharitri/drt-go-chain/statusHandler/persister	(cached)
=== RUN   TestNewTimeCache_ShouldWork
=== PAUSE TestNewTimeCache_ShouldWork
=== RUN   TestNewTimeCacher
=== PAUSE TestNewTimeCacher
=== RUN   TestNewLRUCache
=== PAUSE TestNewLRUCache
=== RUN   TestNewPeerTimeCache
=== PAUSE TestNewPeerTimeCache
=== RUN   TestNewCapacityLRU
=== PAUSE TestNewCapacityLRU
=== RUN   TestNewLRUCacheWithEviction
=== PAUSE TestNewLRUCacheWithEviction
=== RUN   TestNewImmunityCache
=== PAUSE TestNewImmunityCache
=== CONT  TestNewTimeCache_ShouldWork
--- PASS: TestNewTimeCache_ShouldWork (0.00s)
=== CONT  TestNewImmunityCache
=== RUN   TestNewImmunityCache/invalid_argument_should_error
=== PAUSE TestNewImmunityCache/invalid_argument_should_error
=== RUN   TestNewImmunityCache/should_work
=== PAUSE TestNewImmunityCache/should_work
=== CONT  TestNewImmunityCache/invalid_argument_should_error
=== CONT  TestNewLRUCacheWithEviction
=== RUN   TestNewLRUCacheWithEviction/invalid_argument_should_error
=== PAUSE TestNewLRUCacheWithEviction/invalid_argument_should_error
=== RUN   TestNewLRUCacheWithEviction/should_work
=== PAUSE TestNewLRUCacheWithEviction/should_work
=== CONT  TestNewLRUCacheWithEviction/invalid_argument_should_error
=== CONT  TestNewCapacityLRU
=== RUN   TestNewCapacityLRU/invalid_argument_should_error
=== PAUSE TestNewCapacityLRU/invalid_argument_should_error
=== RUN   TestNewCapacityLRU/should_work
=== PAUSE TestNewCapacityLRU/should_work
=== CONT  TestNewCapacityLRU/invalid_argument_should_error
=== CONT  TestNewPeerTimeCache
=== RUN   TestNewPeerTimeCache/invalid_argument_should_error
=== PAUSE TestNewPeerTimeCache/invalid_argument_should_error
=== RUN   TestNewPeerTimeCache/should_work
=== PAUSE TestNewPeerTimeCache/should_work
=== CONT  TestNewPeerTimeCache/invalid_argument_should_error
=== CONT  TestNewLRUCache
=== RUN   TestNewLRUCache/invalid_argument_should_error
=== PAUSE TestNewLRUCache/invalid_argument_should_error
=== RUN   TestNewLRUCache/should_work
=== PAUSE TestNewLRUCache/should_work
=== CONT  TestNewLRUCache/invalid_argument_should_error
=== CONT  TestNewTimeCacher
=== RUN   TestNewTimeCacher/invalid_argument_should_error
=== PAUSE TestNewTimeCacher/invalid_argument_should_error
=== RUN   TestNewTimeCacher/should_work
=== PAUSE TestNewTimeCacher/should_work
=== CONT  TestNewTimeCacher/invalid_argument_should_error
=== CONT  TestNewImmunityCache/should_work
--- PASS: TestNewImmunityCache (0.00s)
    --- PASS: TestNewImmunityCache/invalid_argument_should_error (0.00s)
    --- PASS: TestNewImmunityCache/should_work (0.00s)
=== CONT  TestNewLRUCacheWithEviction/should_work
=== RUN   TestNewLRUCacheWithEviction/should_work/nil_handler_should_work
=== PAUSE TestNewLRUCacheWithEviction/should_work/nil_handler_should_work
=== RUN   TestNewLRUCacheWithEviction/should_work/with_handler_should_work
=== PAUSE TestNewLRUCacheWithEviction/should_work/with_handler_should_work
=== CONT  TestNewLRUCacheWithEviction/should_work/nil_handler_should_work
=== CONT  TestNewCapacityLRU/should_work
--- PASS: TestNewCapacityLRU (0.00s)
    --- PASS: TestNewCapacityLRU/invalid_argument_should_error (0.00s)
    --- PASS: TestNewCapacityLRU/should_work (0.00s)
=== CONT  TestNewPeerTimeCache/should_work
--- PASS: TestNewPeerTimeCache (0.00s)
    --- PASS: TestNewPeerTimeCache/invalid_argument_should_error (0.00s)
    --- PASS: TestNewPeerTimeCache/should_work (0.00s)
=== CONT  TestNewLRUCache/should_work
--- PASS: TestNewLRUCache (0.00s)
    --- PASS: TestNewLRUCache/invalid_argument_should_error (0.00s)
    --- PASS: TestNewLRUCache/should_work (0.00s)
=== CONT  TestNewTimeCacher/should_work
--- PASS: TestNewTimeCacher (0.00s)
    --- PASS: TestNewTimeCacher/invalid_argument_should_error (0.00s)
    --- PASS: TestNewTimeCacher/should_work (0.00s)
=== CONT  TestNewLRUCacheWithEviction/should_work/with_handler_should_work
--- PASS: TestNewLRUCacheWithEviction (0.00s)
    --- PASS: TestNewLRUCacheWithEviction/invalid_argument_should_error (0.00s)
    --- PASS: TestNewLRUCacheWithEviction/should_work (0.00s)
        --- PASS: TestNewLRUCacheWithEviction/should_work/nil_handler_should_work (0.00s)
        --- PASS: TestNewLRUCacheWithEviction/should_work/with_handler_should_work (0.00s)
PASS
ok  	github.com/TerraDharitri/drt-go-chain/storage/cache	(cached)
=== RUN   TestNewOldDataCleanerProvider
=== PAUSE TestNewOldDataCleanerProvider
=== RUN   TestOldDataCleanerProvider_ShouldClean
=== PAUSE TestOldDataCleanerProvider_ShouldClean
=== RUN   TestOldDataCleanerProvider_IsInterfaceNil
=== PAUSE TestOldDataCleanerProvider_IsInterfaceNil
=== RUN   TestNewOldDatabaseCleaner
=== PAUSE TestNewOldDatabaseCleaner
=== RUN   TestOldDatabaseCleaner_EpochChangeShouldErrIfOldestEpochComputationFails
=== PAUSE TestOldDatabaseCleaner_EpochChangeShouldErrIfOldestEpochComputationFails
=== RUN   TestOldDatabaseCleaner_EpochChangeDirectoryReadFailsShouldNotRemove
=== PAUSE TestOldDatabaseCleaner_EpochChangeDirectoryReadFailsShouldNotRemove
=== RUN   TestOldDatabaseCleaner_EpochChangeNoEpochDirectory
=== PAUSE TestOldDatabaseCleaner_EpochChangeNoEpochDirectory
=== RUN   TestOldDatabaseCleaner_EpochChangeShouldNotRemoveIfNewOldestEpochIsOlder
=== PAUSE TestOldDatabaseCleaner_EpochChangeShouldNotRemoveIfNewOldestEpochIsOlder
=== RUN   TestOldDatabaseCleaner_EpochChange
=== PAUSE TestOldDatabaseCleaner_EpochChange
=== RUN   TestOldDatabaseCleaner_IsInterfaceNil
=== PAUSE TestOldDatabaseCleaner_IsInterfaceNil
=== CONT  TestNewOldDataCleanerProvider
=== RUN   TestNewOldDataCleanerProvider/nil_NodeTypeProvider_should_error
=== PAUSE TestNewOldDataCleanerProvider/nil_NodeTypeProvider_should_error
=== RUN   TestNewOldDataCleanerProvider/nil_ManagedPeersHolder_should_error
=== CONT  TestOldDatabaseCleaner_EpochChangeDirectoryReadFailsShouldNotRemove
=== CONT  TestOldDatabaseCleaner_EpochChange
--- PASS: TestOldDatabaseCleaner_EpochChange (0.00s)
=== CONT  TestOldDatabaseCleaner_IsInterfaceNil
--- PASS: TestOldDatabaseCleaner_EpochChangeDirectoryReadFailsShouldNotRemove (0.00s)
=== CONT  TestOldDatabaseCleaner_EpochChangeNoEpochDirectory
--- PASS: TestOldDatabaseCleaner_IsInterfaceNil (0.00s)
=== PAUSE TestNewOldDataCleanerProvider/nil_ManagedPeersHolder_should_error
--- PASS: TestOldDatabaseCleaner_EpochChangeNoEpochDirectory (0.00s)
=== CONT  TestOldDatabaseCleaner_EpochChangeShouldErrIfOldestEpochComputationFails
--- PASS: TestOldDatabaseCleaner_EpochChangeShouldErrIfOldestEpochComputationFails (0.00s)
=== CONT  TestNewOldDatabaseCleaner
=== RUN   TestNewOldDataCleanerProvider/should_work
=== CONT  TestOldDataCleanerProvider_IsInterfaceNil
=== CONT  TestOldDataCleanerProvider_ShouldClean
=== CONT  TestOldDatabaseCleaner_EpochChangeShouldNotRemoveIfNewOldestEpochIsOlder
=== RUN   TestNewOldDatabaseCleaner/nil_epoch_start_notifier
=== RUN   TestNewOldDatabaseCleaner/nil_storage_list_provider
=== PAUSE TestNewOldDataCleanerProvider/should_work
--- PASS: TestOldDataCleanerProvider_IsInterfaceNil (0.00s)
=== RUN   TestOldDataCleanerProvider_ShouldClean/invalid_type_should_not_clean
=== PAUSE TestOldDataCleanerProvider_ShouldClean/invalid_type_should_not_clean
=== RUN   TestOldDataCleanerProvider_ShouldClean/observer_should_clean
=== PAUSE TestOldDataCleanerProvider_ShouldClean/observer_should_clean
=== RUN   TestOldDataCleanerProvider_ShouldClean/validator_should_clean
=== PAUSE TestOldDataCleanerProvider_ShouldClean/validator_should_clean
--- PASS: TestOldDatabaseCleaner_EpochChangeShouldNotRemoveIfNewOldestEpochIsOlder (0.00s)
=== RUN   TestOldDataCleanerProvider_ShouldClean/multi_key_observer_should_clean
=== PAUSE TestOldDataCleanerProvider_ShouldClean/multi_key_observer_should_clean
=== CONT  TestOldDataCleanerProvider_ShouldClean/invalid_type_should_not_clean
=== RUN   TestNewOldDatabaseCleaner/nil_old_data_cleaner_provider
=== CONT  TestOldDataCleanerProvider_ShouldClean/multi_key_observer_should_clean
=== CONT  TestOldDataCleanerProvider_ShouldClean/validator_should_clean
=== CONT  TestOldDataCleanerProvider_ShouldClean/observer_should_clean
=== RUN   TestNewOldDatabaseCleaner/should_work
--- PASS: TestOldDataCleanerProvider_ShouldClean (0.00s)
    --- PASS: TestOldDataCleanerProvider_ShouldClean/invalid_type_should_not_clean (0.00s)
    --- PASS: TestOldDataCleanerProvider_ShouldClean/multi_key_observer_should_clean (0.00s)
    --- PASS: TestOldDataCleanerProvider_ShouldClean/validator_should_clean (0.00s)
    --- PASS: TestOldDataCleanerProvider_ShouldClean/observer_should_clean (0.00s)
--- PASS: TestNewOldDatabaseCleaner (0.00s)
    --- PASS: TestNewOldDatabaseCleaner/nil_epoch_start_notifier (0.00s)
    --- PASS: TestNewOldDatabaseCleaner/nil_storage_list_provider (0.00s)
    --- PASS: TestNewOldDatabaseCleaner/nil_old_data_cleaner_provider (0.00s)
    --- PASS: TestNewOldDatabaseCleaner/should_work (0.00s)
=== CONT  TestNewOldDataCleanerProvider/nil_NodeTypeProvider_should_error
=== CONT  TestNewOldDataCleanerProvider/should_work
=== CONT  TestNewOldDataCleanerProvider/nil_ManagedPeersHolder_should_error
--- PASS: TestNewOldDataCleanerProvider (0.00s)
    --- PASS: TestNewOldDataCleanerProvider/should_work (0.00s)
    --- PASS: TestNewOldDataCleanerProvider/nil_ManagedPeersHolder_should_error (0.00s)
    --- PASS: TestNewOldDataCleanerProvider/nil_NodeTypeProvider_should_error (0.00s)
PASS
ok  	github.com/TerraDharitri/drt-go-chain/storage/clean	(cached)
=== RUN   TestNewMemDB
=== PAUSE TestNewMemDB
=== RUN   TestNewlruDB
=== PAUSE TestNewlruDB
=== RUN   TestNewLevelDB
=== PAUSE TestNewLevelDB
=== RUN   TestNewSerialDB
=== PAUSE TestNewSerialDB
=== CONT  TestNewMemDB
--- PASS: TestNewMemDB (0.00s)
=== CONT  TestNewSerialDB
=== RUN   TestNewSerialDB/invalid_argument_should_error
=== PAUSE TestNewSerialDB/invalid_argument_should_error
=== RUN   TestNewSerialDB/should_work
=== PAUSE TestNewSerialDB/should_work
=== CONT  TestNewSerialDB/invalid_argument_should_error
=== CONT  TestNewLevelDB
=== RUN   TestNewLevelDB/invalid_argument_should_error
=== PAUSE TestNewLevelDB/invalid_argument_should_error
=== RUN   TestNewLevelDB/should_work
=== PAUSE TestNewLevelDB/should_work
=== CONT  TestNewLevelDB/invalid_argument_should_error
=== CONT  TestNewlruDB
=== RUN   TestNewlruDB/invalid_argument_should_error
=== PAUSE TestNewlruDB/invalid_argument_should_error
=== RUN   TestNewlruDB/should_work
=== PAUSE TestNewlruDB/should_work
=== CONT  TestNewlruDB/invalid_argument_should_error
=== CONT  TestNewSerialDB/should_work
=== CONT  TestNewLevelDB/should_work
=== CONT  TestNewlruDB/should_work
--- PASS: TestNewlruDB (0.00s)
    --- PASS: TestNewlruDB/invalid_argument_should_error (0.00s)
    --- PASS: TestNewlruDB/should_work (0.00s)
--- PASS: TestNewSerialDB (0.00s)
    --- PASS: TestNewSerialDB/invalid_argument_should_error (0.00s)
    --- PASS: TestNewSerialDB/should_work (0.01s)
--- PASS: TestNewLevelDB (0.00s)
    --- PASS: TestNewLevelDB/invalid_argument_should_error (0.00s)
    --- PASS: TestNewLevelDB/should_work (0.01s)
PASS
ok  	github.com/TerraDharitri/drt-go-chain/storage/database	(cached)
=== RUN   TestCustomDatabaseRemover
=== PAUSE TestCustomDatabaseRemover
=== RUN   TestCustomDatabaseRemover_IsInterfaceNil
=== PAUSE TestCustomDatabaseRemover_IsInterfaceNil
=== CONT  TestCustomDatabaseRemover
=== RUN   TestCustomDatabaseRemover/empty_pattern,_should_remove_everything
=== PAUSE TestCustomDatabaseRemover/empty_pattern,_should_remove_everything
=== RUN   TestCustomDatabaseRemover/empty_pattern_argument,_should_error
=== PAUSE TestCustomDatabaseRemover/empty_pattern_argument,_should_error
=== RUN   TestCustomDatabaseRemover/invalid_pattern_argument,_should_error
=== PAUSE TestCustomDatabaseRemover/invalid_pattern_argument,_should_error
=== RUN   TestCustomDatabaseRemover/invalid_epoch_in_pattern_argument,_should_error
=== PAUSE TestCustomDatabaseRemover/invalid_epoch_in_pattern_argument,_should_error
=== RUN   TestCustomDatabaseRemover/epoch_0_in_pattern_argument,_should_error
=== PAUSE TestCustomDatabaseRemover/epoch_0_in_pattern_argument,_should_error
=== RUN   TestCustomDatabaseRemover/single_pattern_argument,_should_work
=== PAUSE TestCustomDatabaseRemover/single_pattern_argument,_should_work
=== RUN   TestCustomDatabaseRemover/multiple_pattern_arguments,_should_work
=== PAUSE TestCustomDatabaseRemover/multiple_pattern_arguments,_should_work
=== CONT  TestCustomDatabaseRemover/empty_pattern,_should_remove_everything
=== CONT  TestCustomDatabaseRemover_IsInterfaceNil
--- PASS: TestCustomDatabaseRemover_IsInterfaceNil (0.00s)
=== CONT  TestCustomDatabaseRemover/multiple_pattern_arguments,_should_work
=== CONT  TestCustomDatabaseRemover/single_pattern_argument,_should_work
=== CONT  TestCustomDatabaseRemover/epoch_0_in_pattern_argument,_should_error
=== CONT  TestCustomDatabaseRemover/invalid_epoch_in_pattern_argument,_should_error
=== CONT  TestCustomDatabaseRemover/invalid_pattern_argument,_should_error
=== CONT  TestCustomDatabaseRemover/empty_pattern_argument,_should_error
--- PASS: TestCustomDatabaseRemover (0.00s)
    --- PASS: TestCustomDatabaseRemover/empty_pattern,_should_remove_everything (0.00s)
    --- PASS: TestCustomDatabaseRemover/multiple_pattern_arguments,_should_work (0.00s)
    --- PASS: TestCustomDatabaseRemover/single_pattern_argument,_should_work (0.00s)
    --- PASS: TestCustomDatabaseRemover/epoch_0_in_pattern_argument,_should_error (0.00s)
    --- PASS: TestCustomDatabaseRemover/invalid_epoch_in_pattern_argument,_should_error (0.00s)
    --- PASS: TestCustomDatabaseRemover/invalid_pattern_argument,_should_error (0.00s)
    --- PASS: TestCustomDatabaseRemover/empty_pattern_argument,_should_error (0.00s)
PASS
ok  	github.com/TerraDharitri/drt-go-chain/storage/databaseremover	(cached)
=== RUN   TestCreateCustomDatabaseRemover
=== PAUSE TestCreateCustomDatabaseRemover
=== CONT  TestCreateCustomDatabaseRemover
=== RUN   TestCreateCustomDatabaseRemover/should_create_real_custom_database_remover
=== PAUSE TestCreateCustomDatabaseRemover/should_create_real_custom_database_remover
=== RUN   TestCreateCustomDatabaseRemover/should_create_disabled_custom_database_remover
=== PAUSE TestCreateCustomDatabaseRemover/should_create_disabled_custom_database_remover
=== CONT  TestCreateCustomDatabaseRemover/should_create_real_custom_database_remover
=== CONT  TestCreateCustomDatabaseRemover/should_create_disabled_custom_database_remover
--- PASS: TestCreateCustomDatabaseRemover (0.00s)
    --- PASS: TestCreateCustomDatabaseRemover/should_create_real_custom_database_remover (0.00s)
    --- PASS: TestCreateCustomDatabaseRemover/should_create_disabled_custom_database_remover (0.00s)
PASS
ok  	github.com/TerraDharitri/drt-go-chain/storage/databaseremover/factory	(cached)
=== RUN   TestNewDirectoryReader
=== PAUSE TestNewDirectoryReader
=== RUN   TestDirectoryReaderListFilesAsString
=== PAUSE TestDirectoryReaderListFilesAsString
=== RUN   TestDirectoryReaderListDirectoriesAsString
=== PAUSE TestDirectoryReaderListDirectoriesAsString
=== RUN   TestDirectoryReaderListAllAsString
=== PAUSE TestDirectoryReaderListAllAsString
=== RUN   TestDirectoryReader_IsInterfaceNil
=== PAUSE TestDirectoryReader_IsInterfaceNil
=== CONT  TestNewDirectoryReader
--- PASS: TestNewDirectoryReader (0.00s)
=== CONT  TestDirectoryReader_IsInterfaceNil
--- PASS: TestDirectoryReader_IsInterfaceNil (0.00s)
=== CONT  TestDirectoryReaderListAllAsString
=== RUN   TestDirectoryReaderListAllAsString/invalid_path_should_error
=== PAUSE TestDirectoryReaderListAllAsString/invalid_path_should_error
=== RUN   TestDirectoryReaderListAllAsString/empty_directory_should_error
=== PAUSE TestDirectoryReaderListAllAsString/empty_directory_should_error
=== RUN   TestDirectoryReaderListAllAsString/should_work
=== PAUSE TestDirectoryReaderListAllAsString/should_work
=== CONT  TestDirectoryReaderListAllAsString/invalid_path_should_error
=== CONT  TestDirectoryReaderListDirectoriesAsString
=== RUN   TestDirectoryReaderListDirectoriesAsString/invalid_path_should_error
=== PAUSE TestDirectoryReaderListDirectoriesAsString/invalid_path_should_error
=== RUN   TestDirectoryReaderListDirectoriesAsString/empty_directory_should_error
=== PAUSE TestDirectoryReaderListDirectoriesAsString/empty_directory_should_error
=== RUN   TestDirectoryReaderListDirectoriesAsString/should_work
=== PAUSE TestDirectoryReaderListDirectoriesAsString/should_work
=== CONT  TestDirectoryReaderListDirectoriesAsString/invalid_path_should_error
=== CONT  TestDirectoryReaderListFilesAsString
=== RUN   TestDirectoryReaderListFilesAsString/invalid_path_should_error
=== PAUSE TestDirectoryReaderListFilesAsString/invalid_path_should_error
=== RUN   TestDirectoryReaderListFilesAsString/empty_directory_should_error
=== CONT  TestDirectoryReaderListAllAsString/empty_directory_should_error
=== CONT  TestDirectoryReaderListDirectoriesAsString/should_work
=== CONT  TestDirectoryReaderListDirectoriesAsString/empty_directory_should_error
=== PAUSE TestDirectoryReaderListFilesAsString/empty_directory_should_error
=== RUN   TestDirectoryReaderListFilesAsString/should_work
=== PAUSE TestDirectoryReaderListFilesAsString/should_work
=== CONT  TestDirectoryReaderListFilesAsString/invalid_path_should_error
=== CONT  TestDirectoryReaderListAllAsString/should_work
=== CONT  TestDirectoryReaderListFilesAsString/should_work
=== CONT  TestDirectoryReaderListFilesAsString/empty_directory_should_error
--- PASS: TestDirectoryReaderListDirectoriesAsString (0.00s)
    --- PASS: TestDirectoryReaderListDirectoriesAsString/invalid_path_should_error (0.00s)
    --- PASS: TestDirectoryReaderListDirectoriesAsString/empty_directory_should_error (0.00s)
    --- PASS: TestDirectoryReaderListDirectoriesAsString/should_work (0.00s)
--- PASS: TestDirectoryReaderListAllAsString (0.00s)
    --- PASS: TestDirectoryReaderListAllAsString/invalid_path_should_error (0.00s)
    --- PASS: TestDirectoryReaderListAllAsString/empty_directory_should_error (0.00s)
    --- PASS: TestDirectoryReaderListAllAsString/should_work (0.00s)
--- PASS: TestDirectoryReaderListFilesAsString (0.00s)
    --- PASS: TestDirectoryReaderListFilesAsString/invalid_path_should_error (0.00s)
    --- PASS: TestDirectoryReaderListFilesAsString/should_work (0.00s)
    --- PASS: TestDirectoryReaderListFilesAsString/empty_directory_should_error (0.00s)
PASS
ok  	github.com/TerraDharitri/drt-go-chain/storage/directoryhandler	(cached)
=== RUN   TestNewErrorDisabledPersister
=== PAUSE TestNewErrorDisabledPersister
=== RUN   TestErrorDisabledPersister_MethodsShouldError
=== PAUSE TestErrorDisabledPersister_MethodsShouldError
=== RUN   TestErrorDisabledPersister_RangeKeys
=== PAUSE TestErrorDisabledPersister_RangeKeys
=== RUN   TestErrorDisabledPersister_IsInterfaceNil
=== PAUSE TestErrorDisabledPersister_IsInterfaceNil
=== RUN   TestPersister_MethodsDoNotPanic
=== PAUSE TestPersister_MethodsDoNotPanic
=== RUN   TestShardIDProvider_MethodsDoNotPanic
=== PAUSE TestShardIDProvider_MethodsDoNotPanic
=== RUN   TestStorer_MethodsDoNotPanic
=== PAUSE TestStorer_MethodsDoNotPanic
=== CONT  TestNewErrorDisabledPersister
--- PASS: TestNewErrorDisabledPersister (0.00s)
=== CONT  TestStorer_MethodsDoNotPanic
--- PASS: TestStorer_MethodsDoNotPanic (0.00s)
=== CONT  TestShardIDProvider_MethodsDoNotPanic
--- PASS: TestShardIDProvider_MethodsDoNotPanic (0.00s)
=== CONT  TestPersister_MethodsDoNotPanic
--- PASS: TestPersister_MethodsDoNotPanic (0.00s)
=== CONT  TestErrorDisabledPersister_IsInterfaceNil
--- PASS: TestErrorDisabledPersister_IsInterfaceNil (0.00s)
=== CONT  TestErrorDisabledPersister_RangeKeys
=== RUN   TestErrorDisabledPersister_RangeKeys/nil_handler_should_not_panic
=== PAUSE TestErrorDisabledPersister_RangeKeys/nil_handler_should_not_panic
=== RUN   TestErrorDisabledPersister_RangeKeys/handler_should_not_be_called
=== PAUSE TestErrorDisabledPersister_RangeKeys/handler_should_not_be_called
=== CONT  TestErrorDisabledPersister_RangeKeys/nil_handler_should_not_panic
=== CONT  TestErrorDisabledPersister_MethodsShouldError
=== RUN   TestErrorDisabledPersister_MethodsShouldError/Put_should_error
=== PAUSE TestErrorDisabledPersister_MethodsShouldError/Put_should_error
=== RUN   TestErrorDisabledPersister_MethodsShouldError/Get_should_error
=== PAUSE TestErrorDisabledPersister_MethodsShouldError/Get_should_error
=== RUN   TestErrorDisabledPersister_MethodsShouldError/Has_should_error
=== PAUSE TestErrorDisabledPersister_MethodsShouldError/Has_should_error
=== RUN   TestErrorDisabledPersister_MethodsShouldError/Close_should_error
=== PAUSE TestErrorDisabledPersister_MethodsShouldError/Close_should_error
=== RUN   TestErrorDisabledPersister_MethodsShouldError/Remove_should_error
=== PAUSE TestErrorDisabledPersister_MethodsShouldError/Remove_should_error
=== RUN   TestErrorDisabledPersister_MethodsShouldError/Destroy_should_error
=== PAUSE TestErrorDisabledPersister_MethodsShouldError/Destroy_should_error
=== RUN   TestErrorDisabledPersister_MethodsShouldError/DestroyClosed_should_error
=== PAUSE TestErrorDisabledPersister_MethodsShouldError/DestroyClosed_should_error
=== CONT  TestErrorDisabledPersister_MethodsShouldError/Put_should_error
=== CONT  TestErrorDisabledPersister_RangeKeys/handler_should_not_be_called
--- PASS: TestErrorDisabledPersister_RangeKeys (0.00s)
    --- PASS: TestErrorDisabledPersister_RangeKeys/nil_handler_should_not_panic (0.00s)
    --- PASS: TestErrorDisabledPersister_RangeKeys/handler_should_not_be_called (0.00s)
=== CONT  TestErrorDisabledPersister_MethodsShouldError/DestroyClosed_should_error
=== CONT  TestErrorDisabledPersister_MethodsShouldError/Destroy_should_error
=== CONT  TestErrorDisabledPersister_MethodsShouldError/Remove_should_error
=== CONT  TestErrorDisabledPersister_MethodsShouldError/Close_should_error
=== CONT  TestErrorDisabledPersister_MethodsShouldError/Has_should_error
=== CONT  TestErrorDisabledPersister_MethodsShouldError/Get_should_error
--- PASS: TestErrorDisabledPersister_MethodsShouldError (0.00s)
    --- PASS: TestErrorDisabledPersister_MethodsShouldError/Put_should_error (0.00s)
    --- PASS: TestErrorDisabledPersister_MethodsShouldError/DestroyClosed_should_error (0.00s)
    --- PASS: TestErrorDisabledPersister_MethodsShouldError/Destroy_should_error (0.00s)
    --- PASS: TestErrorDisabledPersister_MethodsShouldError/Remove_should_error (0.00s)
    --- PASS: TestErrorDisabledPersister_MethodsShouldError/Close_should_error (0.00s)
    --- PASS: TestErrorDisabledPersister_MethodsShouldError/Has_should_error (0.00s)
    --- PASS: TestErrorDisabledPersister_MethodsShouldError/Get_should_error (0.00s)
PASS
ok  	github.com/TerraDharitri/drt-go-chain/storage/disabled	(cached)
=== RUN   TestNewBootstrapDataProvider_NilMarshalizerShouldErr
=== PAUSE TestNewBootstrapDataProvider_NilMarshalizerShouldErr
=== RUN   TestNewBootstrapDataProvider_OkValuesShouldWork
=== PAUSE TestNewBootstrapDataProvider_OkValuesShouldWork
=== RUN   TestBootstrapDataProvider_LoadForPath_PersisterCreateErr
=== PAUSE TestBootstrapDataProvider_LoadForPath_PersisterCreateErr
=== RUN   TestBootstrapDataProvider_LoadForPath_KeyNotFound
=== PAUSE TestBootstrapDataProvider_LoadForPath_KeyNotFound
=== RUN   TestBootstrapDataProvider_LoadForPath_ShouldWork
=== PAUSE TestBootstrapDataProvider_LoadForPath_ShouldWork
=== RUN   TestBootstrapDataProvider_IsInterfaceNil
=== PAUSE TestBootstrapDataProvider_IsInterfaceNil
=== RUN   TestGetCacherFromConfig
=== PAUSE TestGetCacherFromConfig
=== RUN   TestGetDBFromConfig
=== PAUSE TestGetDBFromConfig
=== RUN   TestNewStorageUnitOpenHandler
=== PAUSE TestNewStorageUnitOpenHandler
=== RUN   TestGetMostUpToDateDirectory
=== PAUSE TestGetMostUpToDateDirectory
=== RUN   TestGetMostRecentBootstrapStorageUnit_GetParentDirAndLastEpochErr
=== PAUSE TestGetMostRecentBootstrapStorageUnit_GetParentDirAndLastEpochErr
=== RUN   TestGetMostRecentBootstrapStorageUnit_GetShardsFromDirectoryErr
=== PAUSE TestGetMostRecentBootstrapStorageUnit_GetShardsFromDirectoryErr
=== RUN   TestGetMostRecentBootstrapStorageUnit_CannotGetMostUpToDateDirectory
=== PAUSE TestGetMostRecentBootstrapStorageUnit_CannotGetMostUpToDateDirectory
=== RUN   TestGetMostRecentBootstrapStorageUnit_CannotCreatePersister
    openStorage_test.go:133: this is not a short test
--- SKIP: TestGetMostRecentBootstrapStorageUnit_CannotCreatePersister (0.00s)
=== RUN   TestGetMostRecentBootstrapStorageUnit
=== PAUSE TestGetMostRecentBootstrapStorageUnit
=== RUN   TestStorageUnitOpenHandler_OpenDB
=== PAUSE TestStorageUnitOpenHandler_OpenDB
=== RUN   TestOldDataCleanerProvider_IsInterfaceNil
=== PAUSE TestOldDataCleanerProvider_IsInterfaceNil
=== RUN   TestNewStorageServiceFactory
=== PAUSE TestNewStorageServiceFactory
=== RUN   TestStorageServiceFactory_CreateForShard
=== PAUSE TestStorageServiceFactory_CreateForShard
=== RUN   TestStorageServiceFactory_CreateForMeta
=== PAUSE TestStorageServiceFactory_CreateForMeta
=== RUN   TestDBConfigHandler_GetDBConfig
=== PAUSE TestDBConfigHandler_GetDBConfig
=== RUN   TestDBConfigHandler_SaveDBConfigToFilePath
=== PAUSE TestDBConfigHandler_SaveDBConfigToFilePath
=== RUN   TestPersisterCreator_Create
=== PAUSE TestPersisterCreator_Create
=== RUN   TestPersisterCreator_CreateBasePersister
=== PAUSE TestPersisterCreator_CreateBasePersister
=== RUN   TestPersisterCreator_CreateShardIDProvider
=== PAUSE TestPersisterCreator_CreateShardIDProvider
=== RUN   TestNewPersisterFactory
=== PAUSE TestNewPersisterFactory
=== RUN   TestPersisterFactory_Create
=== PAUSE TestPersisterFactory_Create
=== RUN   TestPersisterFactory_CreateWithRetries
=== PAUSE TestPersisterFactory_CreateWithRetries
=== RUN   TestPersisterFactory_Create_ConfigSaveToFilePath
=== PAUSE TestPersisterFactory_Create_ConfigSaveToFilePath
=== RUN   TestPersisterFactory_CreateDisabled
=== PAUSE TestPersisterFactory_CreateDisabled
=== RUN   TestPersisterFactory_IsInterfaceNil
=== PAUSE TestPersisterFactory_IsInterfaceNil
=== RUN   TestGetTmpFilePath
=== PAUSE TestGetTmpFilePath
=== CONT  TestNewBootstrapDataProvider_NilMarshalizerShouldErr
--- PASS: TestNewBootstrapDataProvider_NilMarshalizerShouldErr (0.00s)
=== CONT  TestNewStorageServiceFactory
=== CONT  TestNewBootstrapDataProvider_OkValuesShouldWork
=== CONT  TestBootstrapDataProvider_LoadForPath_PersisterCreateErr
=== CONT  TestGetTmpFilePath
=== CONT  TestBootstrapDataProvider_LoadForPath_KeyNotFound
=== CONT  TestPersisterFactory_IsInterfaceNil
=== CONT  TestPersisterFactory_CreateDisabled
=== CONT  TestPersisterFactory_Create_ConfigSaveToFilePath
=== RUN   TestPersisterFactory_Create_ConfigSaveToFilePath/should_write_toml_config_file_for_leveldb
=== PAUSE TestPersisterFactory_Create_ConfigSaveToFilePath/should_write_toml_config_file_for_leveldb
=== CONT  TestStorageUnitOpenHandler_OpenDB
=== RUN   TestPersisterFactory_Create_ConfigSaveToFilePath/should_write_toml_config_file_for_serial_leveldb
=== PAUSE TestPersisterFactory_Create_ConfigSaveToFilePath/should_write_toml_config_file_for_serial_leveldb
=== CONT  TestGetMostRecentBootstrapStorageUnit
=== RUN   TestPersisterFactory_Create_ConfigSaveToFilePath/should_not_write_toml_config_file_for_memory_db
=== PAUSE TestPersisterFactory_Create_ConfigSaveToFilePath/should_not_write_toml_config_file_for_memory_db
=== RUN   TestPersisterFactory_Create_ConfigSaveToFilePath/should_not_create_path_dir_for_memory_db
=== PAUSE TestPersisterFactory_Create_ConfigSaveToFilePath/should_not_create_path_dir_for_memory_db
=== CONT  TestPersisterFactory_CreateWithRetries
=== RUN   TestPersisterFactory_CreateWithRetries/wrong_config_should_error
=== PAUSE TestPersisterFactory_CreateWithRetries/wrong_config_should_error
=== RUN   TestPersisterFactory_CreateWithRetries/should_work
=== PAUSE TestPersisterFactory_CreateWithRetries/should_work
=== CONT  TestPersisterFactory_Create
=== CONT  TestPersisterCreator_CreateShardIDProvider
=== RUN   TestPersisterFactory_Create/invalid_file_path,_should_fail
=== PAUSE TestPersisterFactory_Create/invalid_file_path,_should_fail
=== RUN   TestPersisterFactory_Create/with_tmp_file_path,_should_work
=== PAUSE TestPersisterFactory_Create/with_tmp_file_path,_should_work
=== RUN   TestPersisterFactory_Create/should_work
=== PAUSE TestPersisterFactory_Create/should_work
=== RUN   TestPersisterCreator_CreateShardIDProvider/not_supported_type,_should_fail
=== CONT  TestDBConfigHandler_GetDBConfig
=== RUN   TestStorageUnitOpenHandler_OpenDB/create_DB_fails,_should_error
=== PAUSE TestPersisterCreator_CreateShardIDProvider/not_supported_type,_should_fail
=== CONT  TestGetMostRecentBootstrapStorageUnit_GetShardsFromDirectoryErr
=== RUN   TestPersisterCreator_CreateShardIDProvider/binary_split,_should_work
=== CONT  TestPersisterCreator_CreateBasePersister
=== PAUSE TestPersisterCreator_CreateShardIDProvider/binary_split,_should_work
=== CONT  TestGetMostRecentBootstrapStorageUnit_GetParentDirAndLastEpochErr
=== RUN   TestDBConfigHandler_GetDBConfig/load_db_config_from_toml_config_file
=== CONT  TestStorageServiceFactory_CreateForMeta
=== PAUSE TestDBConfigHandler_GetDBConfig/load_db_config_from_toml_config_file
=== CONT  TestPersisterCreator_Create
=== RUN   TestStorageServiceFactory_CreateForMeta/wrong_config_for_ShardHdrNonceHashStorage_should_error
=== RUN   TestDBConfigHandler_GetDBConfig/not_empty_dir,_load_default_provided_config
=== PAUSE TestDBConfigHandler_GetDBConfig/not_empty_dir,_load_default_provided_config
=== PAUSE TestStorageServiceFactory_CreateForMeta/wrong_config_for_ShardHdrNonceHashStorage_should_error
=== RUN   TestStorageServiceFactory_CreateForMeta/wrong_config_for_AccountsTrieStorage_should_error
=== RUN   TestDBConfigHandler_GetDBConfig/empty_config.toml_file,_load_default_db_config
=== RUN   TestPersisterCreator_Create/invalid_file_path,_should_fail
=== PAUSE TestDBConfigHandler_GetDBConfig/empty_config.toml_file,_load_default_db_config
=== RUN   TestDBConfigHandler_GetDBConfig/empty_dir,_load_db_config_from_main_config
[0;33mWARN [0m[2026-03-16 10:14:15.556]   Create Persister failed                  [0;33mpath[0m = /tmp/TestStorageUnitOpenHandler_OpenDB4022774496/001/Epoch_0/Shard_0/Test [0;33merror[0m = not supported db type 
=== PAUSE TestDBConfigHandler_GetDBConfig/empty_dir,_load_db_config_from_main_config
=== PAUSE TestStorageServiceFactory_CreateForMeta/wrong_config_for_AccountsTrieStorage_should_error
=== PAUSE TestPersisterCreator_Create/invalid_file_path,_should_fail
--- PASS: TestNewBootstrapDataProvider_OkValuesShouldWork (0.00s)
=== RUN   TestStorageServiceFactory_CreateForMeta/wrong_config_for_DbLookupExtensions.RoundHashStorageConfig_should_error
--- PASS: TestBootstrapDataProvider_LoadForPath_PersisterCreateErr (0.00s)
=== CONT  TestOldDataCleanerProvider_IsInterfaceNil
--- PASS: TestBootstrapDataProvider_LoadForPath_KeyNotFound (0.00s)
=== PAUSE TestStorageServiceFactory_CreateForMeta/wrong_config_for_DbLookupExtensions.RoundHashStorageConfig_should_error
=== CONT  TestNewPersisterFactory
=== RUN   TestStorageServiceFactory_CreateForMeta/wrong_config_for_LogsAndEvents.TxLogsStorage_should_error
=== CONT  TestPersisterFactory_Create_ConfigSaveToFilePath/should_write_toml_config_file_for_leveldb
--- PASS: TestOldDataCleanerProvider_IsInterfaceNil (0.00s)
--- PASS: TestPersisterFactory_IsInterfaceNil (0.00s)
--- PASS: TestPersisterFactory_CreateDisabled (0.00s)
--- PASS: TestGetMostRecentBootstrapStorageUnit (0.00s)
--- PASS: TestGetTmpFilePath (0.00s)
--- PASS: TestGetMostRecentBootstrapStorageUnit_GetShardsFromDirectoryErr (0.00s)
--- PASS: TestGetMostRecentBootstrapStorageUnit_GetParentDirAndLastEpochErr (0.00s)
--- PASS: TestNewPersisterFactory (0.00s)
=== PAUSE TestStorageServiceFactory_CreateForMeta/wrong_config_for_LogsAndEvents.TxLogsStorage_should_error
=== RUN   TestStorageServiceFactory_CreateForMeta/should_work
=== PAUSE TestStorageServiceFactory_CreateForMeta/should_work
=== RUN   TestStorageServiceFactory_CreateForMeta/should_work_for_import-db
=== CONT  TestGetMostRecentBootstrapStorageUnit_CannotGetMostUpToDateDirectory
=== PAUSE TestStorageServiceFactory_CreateForMeta/should_work_for_import-db
=== CONT  TestPersisterFactory_CreateWithRetries/wrong_config_should_error
--- PASS: TestGetMostRecentBootstrapStorageUnit_CannotGetMostUpToDateDirectory (0.00s)
=== CONT  TestPersisterFactory_Create_ConfigSaveToFilePath/should_not_create_path_dir_for_memory_db
[0;33mWARN [0m[2026-03-16 10:14:15.556]   Create Persister failed                  [0;33mpath[0m = TEST [0;33merror[0m = not supported db type 
=== CONT  TestDBConfigHandler_SaveDBConfigToFilePath
=== RUN   TestDBConfigHandler_SaveDBConfigToFilePath/no_path_present,_in_memory_db,_should_not_fail
=== PAUSE TestDBConfigHandler_SaveDBConfigToFilePath/no_path_present,_in_memory_db,_should_not_fail
=== RUN   TestDBConfigHandler_SaveDBConfigToFilePath/config_file_already_present,_should_not_fail_and_should_rewrite
=== PAUSE TestDBConfigHandler_SaveDBConfigToFilePath/config_file_already_present,_should_not_fail_and_should_rewrite
=== RUN   TestPersisterCreator_CreateBasePersister/not_supported_type,_should_fail
=== RUN   TestDBConfigHandler_SaveDBConfigToFilePath/should_work
=== PAUSE TestDBConfigHandler_SaveDBConfigToFilePath/should_work
=== PAUSE TestPersisterCreator_CreateBasePersister/not_supported_type,_should_fail
=== RUN   TestPersisterCreator_CreateBasePersister/leveldb
=== PAUSE TestPersisterCreator_CreateBasePersister/leveldb
=== RUN   TestPersisterCreator_CreateBasePersister/serial_leveldb
=== PAUSE TestPersisterCreator_CreateBasePersister/serial_leveldb
=== RUN   TestPersisterCreator_CreateBasePersister/memorydb
=== PAUSE TestPersisterCreator_CreateBasePersister/memorydb
=== CONT  TestGetMostUpToDateDirectory
--- PASS: TestGetMostUpToDateDirectory (0.00s)
=== CONT  TestPersisterFactory_CreateWithRetries/should_work
=== CONT  TestPersisterFactory_Create/invalid_file_path,_should_fail
=== CONT  TestPersisterFactory_Create_ConfigSaveToFilePath/should_write_toml_config_file_for_serial_leveldb
=== CONT  TestPersisterFactory_Create/should_work
=== CONT  TestGetCacherFromConfig
--- PASS: TestGetCacherFromConfig (0.00s)
=== CONT  TestPersisterFactory_Create/with_tmp_file_path,_should_work
=== CONT  TestNewStorageUnitOpenHandler
=== RUN   TestNewStorageUnitOpenHandler/should_work
=== PAUSE TestNewStorageUnitOpenHandler/should_work
=== CONT  TestGetDBFromConfig
=== RUN   TestNewStorageUnitOpenHandler/nil_BootstrapDataProvider_should_error
=== PAUSE TestNewStorageUnitOpenHandler/nil_BootstrapDataProvider_should_error
--- PASS: TestGetDBFromConfig (0.00s)
=== RUN   TestNewStorageUnitOpenHandler/nil_LatestStorageDataProvider_should_error
=== CONT  TestPersisterCreator_CreateShardIDProvider/not_supported_type,_should_fail
=== PAUSE TestNewStorageUnitOpenHandler/nil_LatestStorageDataProvider_should_error
=== RUN   TestDBConfigHandler_GetDBConfig/getDBConfig_twice,_should_load_from_config_file_if_file_available
=== CONT  TestBootstrapDataProvider_LoadForPath_ShouldWork
=== PAUSE TestDBConfigHandler_GetDBConfig/getDBConfig_twice,_should_load_from_config_file_if_file_available
=== CONT  TestPersisterCreator_CreateShardIDProvider/binary_split,_should_work
--- PASS: TestPersisterCreator_CreateShardIDProvider (0.00s)
    --- PASS: TestPersisterCreator_CreateShardIDProvider/not_supported_type,_should_fail (0.00s)
    --- PASS: TestPersisterCreator_CreateShardIDProvider/binary_split,_should_work (0.00s)
=== CONT  TestStorageServiceFactory_CreateForShard
=== RUN   TestStorageServiceFactory_CreateForShard/wrong_config_for_ShardHdrNonceHashStorage_should_error
=== PAUSE TestStorageServiceFactory_CreateForShard/wrong_config_for_ShardHdrNonceHashStorage_should_error
=== RUN   TestStorageServiceFactory_CreateForShard/wrong_config_for_TxStorage_should_error
=== PAUSE TestStorageServiceFactory_CreateForShard/wrong_config_for_TxStorage_should_error
=== CONT  TestBootstrapDataProvider_IsInterfaceNil
--- PASS: TestBootstrapDataProvider_IsInterfaceNil (0.00s)
=== CONT  TestPersisterFactory_Create_ConfigSaveToFilePath/should_not_write_toml_config_file_for_memory_db
=== CONT  TestStorageServiceFactory_CreateForMeta/wrong_config_for_ShardHdrNonceHashStorage_should_error
=== RUN   TestStorageServiceFactory_CreateForShard/wrong_config_for_UnsignedTransactionStorage_should_error
--- PASS: TestBootstrapDataProvider_LoadForPath_ShouldWork (0.00s)
=== CONT  TestStorageServiceFactory_CreateForMeta/wrong_config_for_DbLookupExtensions.RoundHashStorageConfig_should_error
=== CONT  TestStorageServiceFactory_CreateForMeta/should_work_for_import-db
=== PAUSE TestStorageServiceFactory_CreateForShard/wrong_config_for_UnsignedTransactionStorage_should_error
=== RUN   TestStorageServiceFactory_CreateForShard/wrong_config_for_RewardTxStorage_should_error
=== PAUSE TestStorageServiceFactory_CreateForShard/wrong_config_for_RewardTxStorage_should_error
=== RUN   TestStorageServiceFactory_CreateForShard/wrong_config_for_ReceiptsStorage_should_error
=== CONT  TestStorageServiceFactory_CreateForMeta/wrong_config_for_AccountsTrieStorage_should_error
=== PAUSE TestStorageServiceFactory_CreateForShard/wrong_config_for_ReceiptsStorage_should_error
=== CONT  TestStorageServiceFactory_CreateForMeta/should_work
=== RUN   TestStorageServiceFactory_CreateForShard/wrong_config_for_ScheduledSCRsStorage_should_error
=== RUN   TestPersisterCreator_Create/use_tmp_as_file_path
=== PAUSE TestPersisterCreator_Create/use_tmp_as_file_path
=== RUN   TestPersisterCreator_Create/should_create_non_sharded_persister
=== PAUSE TestPersisterCreator_Create/should_create_non_sharded_persister
=== RUN   TestPersisterCreator_Create/should_create_sharded_persister
=== PAUSE TestPersisterCreator_Create/should_create_sharded_persister
=== PAUSE TestStorageServiceFactory_CreateForShard/wrong_config_for_ScheduledSCRsStorage_should_error
=== RUN   TestStorageServiceFactory_CreateForShard/wrong_config_for_BootstrapStorage_should_error
=== CONT  TestStorageServiceFactory_CreateForMeta/wrong_config_for_LogsAndEvents.TxLogsStorage_should_error
=== PAUSE TestStorageServiceFactory_CreateForShard/wrong_config_for_BootstrapStorage_should_error
=== RUN   TestNewStorageServiceFactory/invalid_StoragePruning.NumActivePersisters_should_error
=== CONT  TestDBConfigHandler_SaveDBConfigToFilePath/no_path_present,_in_memory_db,_should_not_fail
=== RUN   TestStorageServiceFactory_CreateForShard/wrong_config_for_MiniBlocksStorage_should_error
=== PAUSE TestNewStorageServiceFactory/invalid_StoragePruning.NumActivePersisters_should_error
=== CONT  TestDBConfigHandler_SaveDBConfigToFilePath/config_file_already_present,_should_not_fail_and_should_rewrite
=== PAUSE TestStorageServiceFactory_CreateForShard/wrong_config_for_MiniBlocksStorage_should_error
=== CONT  TestDBConfigHandler_SaveDBConfigToFilePath/should_work
=== RUN   TestStorageServiceFactory_CreateForShard/wrong_config_for_MetaBlockStorage_should_error
=== RUN   TestNewStorageServiceFactory/nil_shard_coordinator_should_error
=== PAUSE TestStorageServiceFactory_CreateForShard/wrong_config_for_MetaBlockStorage_should_error
=== RUN   TestStorageServiceFactory_CreateForShard/wrong_config_for_MetaHdrNonceHashStorage_should_error
=== PAUSE TestNewStorageServiceFactory/nil_shard_coordinator_should_error
=== PAUSE TestStorageServiceFactory_CreateForShard/wrong_config_for_MetaHdrNonceHashStorage_should_error
=== RUN   TestNewStorageServiceFactory/nil_state_statistics_handler_should_error
=== RUN   TestStorageServiceFactory_CreateForShard/wrong_config_for_BlockHeaderStorage_should_error
=== PAUSE TestNewStorageServiceFactory/nil_state_statistics_handler_should_error
=== RUN   TestNewStorageServiceFactory/nil_path_manager_should_error
=== PAUSE TestStorageServiceFactory_CreateForShard/wrong_config_for_BlockHeaderStorage_should_error
=== PAUSE TestNewStorageServiceFactory/nil_path_manager_should_error
=== RUN   TestStorageServiceFactory_CreateForShard/wrong_config_for_AccountsTrieStorage_should_error
=== RUN   TestNewStorageServiceFactory/nil_epoch_start_notifier_should_error
=== PAUSE TestNewStorageServiceFactory/nil_epoch_start_notifier_should_error
=== PAUSE TestStorageServiceFactory_CreateForShard/wrong_config_for_AccountsTrieStorage_should_error
=== RUN   TestNewStorageServiceFactory/invalid_number_of_epochs_to_save_should_error
=== RUN   TestStorageServiceFactory_CreateForShard/wrong_config_for_PeerAccountsTrieStorage_should_error
=== PAUSE TestNewStorageServiceFactory/invalid_number_of_epochs_to_save_should_error
=== RUN   TestNewStorageServiceFactory/should_work
=== PAUSE TestStorageServiceFactory_CreateForShard/wrong_config_for_PeerAccountsTrieStorage_should_error
=== PAUSE TestNewStorageServiceFactory/should_work
=== CONT  TestPersisterCreator_CreateBasePersister/not_supported_type,_should_fail
=== RUN   TestStorageServiceFactory_CreateForShard/wrong_config_for_StatusMetricsStorage_should_error
=== PAUSE TestStorageServiceFactory_CreateForShard/wrong_config_for_StatusMetricsStorage_should_error
=== RUN   TestStorageServiceFactory_CreateForShard/wrong_config_for_PeerBlockBodyStorage_should_error
=== PAUSE TestStorageServiceFactory_CreateForShard/wrong_config_for_PeerBlockBodyStorage_should_error
=== RUN   TestStorageServiceFactory_CreateForShard/wrong_config_for_TrieEpochRootHashStorage_should_error
=== PAUSE TestStorageServiceFactory_CreateForShard/wrong_config_for_TrieEpochRootHashStorage_should_error
=== RUN   TestStorageServiceFactory_CreateForShard/wrong_config_for_DbLookupExtensions.MiniblocksMetadataStorageConfig_should_error
=== PAUSE TestStorageServiceFactory_CreateForShard/wrong_config_for_DbLookupExtensions.MiniblocksMetadataStorageConfig_should_error
=== CONT  TestPersisterCreator_CreateBasePersister/serial_leveldb
=== RUN   TestStorageServiceFactory_CreateForShard/wrong_config_for_DbLookupExtensions.MiniblockHashByTxHashStorageConfig_should_error
=== PAUSE TestStorageServiceFactory_CreateForShard/wrong_config_for_DbLookupExtensions.MiniblockHashByTxHashStorageConfig_should_error
=== RUN   TestStorageServiceFactory_CreateForShard/wrong_config_for_DbLookupExtensions.EpochByHashStorageConfig_should_error
=== PAUSE TestStorageServiceFactory_CreateForShard/wrong_config_for_DbLookupExtensions.EpochByHashStorageConfig_should_error
=== RUN   TestStorageServiceFactory_CreateForShard/wrong_config_for_DbLookupExtensions.ResultsHashesByTxHashStorageConfig_should_error
=== PAUSE TestStorageServiceFactory_CreateForShard/wrong_config_for_DbLookupExtensions.ResultsHashesByTxHashStorageConfig_should_error
=== RUN   TestStorageServiceFactory_CreateForShard/wrong_config_for_DbLookupExtensions.DCDTSuppliesStorageConfig_should_error
=== CONT  TestPersisterCreator_CreateBasePersister/leveldb
=== PAUSE TestStorageServiceFactory_CreateForShard/wrong_config_for_DbLookupExtensions.DCDTSuppliesStorageConfig_should_error
=== RUN   TestStorageServiceFactory_CreateForShard/wrong_config_for_DbLookupExtensions.RoundHashStorageConfig_should_error
=== PAUSE TestStorageServiceFactory_CreateForShard/wrong_config_for_DbLookupExtensions.RoundHashStorageConfig_should_error
=== RUN   TestStorageServiceFactory_CreateForShard/wrong_config_for_LogsAndEvents.TxLogsStorage_should_error
=== PAUSE TestStorageServiceFactory_CreateForShard/wrong_config_for_LogsAndEvents.TxLogsStorage_should_error
=== RUN   TestStorageServiceFactory_CreateForShard/should_work
=== PAUSE TestStorageServiceFactory_CreateForShard/should_work
=== RUN   TestStorageServiceFactory_CreateForShard/should_work_without_DbLookupExtensions
=== PAUSE TestStorageServiceFactory_CreateForShard/should_work_without_DbLookupExtensions
=== RUN   TestStorageServiceFactory_CreateForShard/should_work_without_TrieEpochRootHashStorage
=== PAUSE TestStorageServiceFactory_CreateForShard/should_work_without_TrieEpochRootHashStorage
=== RUN   TestStorageServiceFactory_CreateForShard/should_work_for_import-db
=== PAUSE TestStorageServiceFactory_CreateForShard/should_work_for_import-db
=== CONT  TestPersisterCreator_CreateBasePersister/memorydb
=== CONT  TestNewStorageUnitOpenHandler/should_work
=== CONT  TestNewStorageUnitOpenHandler/nil_LatestStorageDataProvider_should_error
=== CONT  TestNewStorageUnitOpenHandler/nil_BootstrapDataProvider_should_error
--- PASS: TestNewStorageUnitOpenHandler (0.00s)
    --- PASS: TestNewStorageUnitOpenHandler/should_work (0.00s)
    --- PASS: TestNewStorageUnitOpenHandler/nil_LatestStorageDataProvider_should_error (0.00s)
    --- PASS: TestNewStorageUnitOpenHandler/nil_BootstrapDataProvider_should_error (0.00s)
=== CONT  TestDBConfigHandler_GetDBConfig/load_db_config_from_toml_config_file
=== CONT  TestDBConfigHandler_GetDBConfig/getDBConfig_twice,_should_load_from_config_file_if_file_available
=== CONT  TestDBConfigHandler_GetDBConfig/empty_dir,_load_db_config_from_main_config
=== CONT  TestDBConfigHandler_GetDBConfig/empty_config.toml_file,_load_default_db_config
=== CONT  TestDBConfigHandler_GetDBConfig/not_empty_dir,_load_default_provided_config
--- PASS: TestDBConfigHandler_GetDBConfig (0.00s)
    --- PASS: TestDBConfigHandler_GetDBConfig/load_db_config_from_toml_config_file (0.00s)
    --- PASS: TestDBConfigHandler_GetDBConfig/getDBConfig_twice,_should_load_from_config_file_if_file_available (0.00s)
    --- PASS: TestDBConfigHandler_GetDBConfig/empty_dir,_load_db_config_from_main_config (0.00s)
    --- PASS: TestDBConfigHandler_GetDBConfig/empty_config.toml_file,_load_default_db_config (0.00s)
    --- PASS: TestDBConfigHandler_GetDBConfig/not_empty_dir,_load_default_provided_config (0.00s)
=== CONT  TestPersisterCreator_Create/invalid_file_path,_should_fail
=== CONT  TestPersisterCreator_Create/should_create_sharded_persister
--- PASS: TestDBConfigHandler_SaveDBConfigToFilePath (0.00s)
    --- PASS: TestDBConfigHandler_SaveDBConfigToFilePath/no_path_present,_in_memory_db,_should_not_fail (0.00s)
    --- PASS: TestDBConfigHandler_SaveDBConfigToFilePath/should_work (0.00s)
    --- PASS: TestDBConfigHandler_SaveDBConfigToFilePath/config_file_already_present,_should_not_fail_and_should_rewrite (0.00s)
=== CONT  TestPersisterCreator_Create/should_create_non_sharded_persister
=== CONT  TestPersisterCreator_Create/use_tmp_as_file_path
=== CONT  TestNewStorageServiceFactory/invalid_StoragePruning.NumActivePersisters_should_error
=== CONT  TestNewStorageServiceFactory/nil_epoch_start_notifier_should_error
=== CONT  TestNewStorageServiceFactory/should_work
=== CONT  TestNewStorageServiceFactory/invalid_number_of_epochs_to_save_should_error
=== CONT  TestNewStorageServiceFactory/nil_state_statistics_handler_should_error
--- PASS: TestPersisterCreator_CreateBasePersister (0.00s)
    --- PASS: TestPersisterCreator_CreateBasePersister/not_supported_type,_should_fail (0.00s)
    --- PASS: TestPersisterCreator_CreateBasePersister/memorydb (0.00s)
    --- PASS: TestPersisterCreator_CreateBasePersister/serial_leveldb (0.03s)
    --- PASS: TestPersisterCreator_CreateBasePersister/leveldb (0.03s)
=== CONT  TestNewStorageServiceFactory/nil_path_manager_should_error
=== CONT  TestNewStorageServiceFactory/nil_shard_coordinator_should_error
=== CONT  TestStorageServiceFactory_CreateForShard/wrong_config_for_ShardHdrNonceHashStorage_should_error
=== CONT  TestStorageServiceFactory_CreateForShard/wrong_config_for_PeerBlockBodyStorage_should_error
--- PASS: TestPersisterFactory_Create_ConfigSaveToFilePath (0.00s)
    --- PASS: TestPersisterFactory_Create_ConfigSaveToFilePath/should_not_create_path_dir_for_memory_db (0.00s)
    --- PASS: TestPersisterFactory_Create_ConfigSaveToFilePath/should_not_write_toml_config_file_for_memory_db (0.00s)
    --- PASS: TestPersisterFactory_Create_ConfigSaveToFilePath/should_write_toml_config_file_for_serial_leveldb (0.03s)
    --- PASS: TestPersisterFactory_Create_ConfigSaveToFilePath/should_write_toml_config_file_for_leveldb (0.03s)
=== CONT  TestStorageServiceFactory_CreateForShard/should_work_for_import-db
--- PASS: TestNewStorageServiceFactory (0.00s)
    --- PASS: TestNewStorageServiceFactory/invalid_StoragePruning.NumActivePersisters_should_error (0.00s)
    --- PASS: TestNewStorageServiceFactory/nil_epoch_start_notifier_should_error (0.00s)
    --- PASS: TestNewStorageServiceFactory/nil_state_statistics_handler_should_error (0.00s)
    --- PASS: TestNewStorageServiceFactory/should_work (0.00s)
    --- PASS: TestNewStorageServiceFactory/invalid_number_of_epochs_to_save_should_error (0.00s)
    --- PASS: TestNewStorageServiceFactory/nil_path_manager_should_error (0.00s)
    --- PASS: TestNewStorageServiceFactory/nil_shard_coordinator_should_error (0.00s)
=== CONT  TestStorageServiceFactory_CreateForShard/should_work_without_TrieEpochRootHashStorage
=== CONT  TestStorageServiceFactory_CreateForShard/should_work_without_DbLookupExtensions
=== CONT  TestStorageServiceFactory_CreateForShard/should_work
--- PASS: TestPersisterCreator_Create (0.00s)
    --- PASS: TestPersisterCreator_Create/invalid_file_path,_should_fail (0.00s)
    --- PASS: TestPersisterCreator_Create/should_create_non_sharded_persister (0.02s)
    --- PASS: TestPersisterCreator_Create/should_create_sharded_persister (0.05s)
    --- PASS: TestPersisterCreator_Create/use_tmp_as_file_path (0.03s)
=== CONT  TestStorageServiceFactory_CreateForShard/wrong_config_for_LogsAndEvents.TxLogsStorage_should_error
=== CONT  TestStorageServiceFactory_CreateForShard/wrong_config_for_DbLookupExtensions.RoundHashStorageConfig_should_error
--- PASS: TestPersisterFactory_Create (0.00s)
    --- PASS: TestPersisterFactory_Create/invalid_file_path,_should_fail (0.00s)
    --- PASS: TestPersisterFactory_Create/should_work (0.06s)
    --- PASS: TestPersisterFactory_Create/with_tmp_file_path,_should_work (0.06s)
=== CONT  TestStorageServiceFactory_CreateForShard/wrong_config_for_DbLookupExtensions.DCDTSuppliesStorageConfig_should_error
=== CONT  TestStorageServiceFactory_CreateForShard/wrong_config_for_DbLookupExtensions.ResultsHashesByTxHashStorageConfig_should_error
=== CONT  TestStorageServiceFactory_CreateForShard/wrong_config_for_DbLookupExtensions.EpochByHashStorageConfig_should_error
=== CONT  TestStorageServiceFactory_CreateForShard/wrong_config_for_DbLookupExtensions.MiniblockHashByTxHashStorageConfig_should_error
=== CONT  TestStorageServiceFactory_CreateForShard/wrong_config_for_DbLookupExtensions.MiniblocksMetadataStorageConfig_should_error
=== CONT  TestStorageServiceFactory_CreateForShard/wrong_config_for_TrieEpochRootHashStorage_should_error
=== CONT  TestStorageServiceFactory_CreateForShard/wrong_config_for_MiniBlocksStorage_should_error
=== CONT  TestStorageServiceFactory_CreateForShard/wrong_config_for_StatusMetricsStorage_should_error
=== CONT  TestStorageServiceFactory_CreateForShard/wrong_config_for_PeerAccountsTrieStorage_should_error
=== CONT  TestStorageServiceFactory_CreateForShard/wrong_config_for_AccountsTrieStorage_should_error
=== CONT  TestStorageServiceFactory_CreateForShard/wrong_config_for_BlockHeaderStorage_should_error
=== CONT  TestStorageServiceFactory_CreateForShard/wrong_config_for_MetaHdrNonceHashStorage_should_error
=== CONT  TestStorageServiceFactory_CreateForShard/wrong_config_for_ReceiptsStorage_should_error
--- PASS: TestStorageServiceFactory_CreateForMeta (0.00s)
    --- PASS: TestStorageServiceFactory_CreateForMeta/wrong_config_for_ShardHdrNonceHashStorage_should_error (0.00s)
    --- PASS: TestStorageServiceFactory_CreateForMeta/wrong_config_for_AccountsTrieStorage_should_error (0.13s)
    --- PASS: TestStorageServiceFactory_CreateForMeta/wrong_config_for_DbLookupExtensions.RoundHashStorageConfig_should_error (0.20s)
    --- PASS: TestStorageServiceFactory_CreateForMeta/should_work_for_import-db (0.21s)
    --- PASS: TestStorageServiceFactory_CreateForMeta/should_work (0.23s)
    --- PASS: TestStorageServiceFactory_CreateForMeta/wrong_config_for_LogsAndEvents.TxLogsStorage_should_error (0.24s)
=== CONT  TestStorageServiceFactory_CreateForShard/wrong_config_for_BootstrapStorage_should_error
=== CONT  TestStorageServiceFactory_CreateForShard/wrong_config_for_ScheduledSCRsStorage_should_error
=== CONT  TestStorageServiceFactory_CreateForShard/wrong_config_for_UnsignedTransactionStorage_should_error
=== CONT  TestStorageServiceFactory_CreateForShard/wrong_config_for_RewardTxStorage_should_error
=== CONT  TestStorageServiceFactory_CreateForShard/wrong_config_for_TxStorage_should_error
=== CONT  TestStorageServiceFactory_CreateForShard/wrong_config_for_MetaBlockStorage_should_error
--- PASS: TestStorageServiceFactory_CreateForShard (0.00s)
    --- PASS: TestStorageServiceFactory_CreateForShard/wrong_config_for_ShardHdrNonceHashStorage_should_error (0.00s)
    --- PASS: TestStorageServiceFactory_CreateForShard/wrong_config_for_PeerBlockBodyStorage_should_error (0.12s)
    --- PASS: TestStorageServiceFactory_CreateForShard/should_work_without_DbLookupExtensions (0.15s)
    --- PASS: TestStorageServiceFactory_CreateForShard/wrong_config_for_DbLookupExtensions.ResultsHashesByTxHashStorageConfig_should_error (0.13s)
    --- PASS: TestStorageServiceFactory_CreateForShard/wrong_config_for_DbLookupExtensions.RoundHashStorageConfig_should_error (0.15s)
    --- PASS: TestStorageServiceFactory_CreateForShard/should_work_for_import-db (0.18s)
    --- PASS: TestStorageServiceFactory_CreateForShard/should_work_without_TrieEpochRootHashStorage (0.18s)
    --- PASS: TestStorageServiceFactory_CreateForShard/wrong_config_for_DbLookupExtensions.DCDTSuppliesStorageConfig_should_error (0.16s)
    --- PASS: TestStorageServiceFactory_CreateForShard/wrong_config_for_LogsAndEvents.TxLogsStorage_should_error (0.18s)
    --- PASS: TestStorageServiceFactory_CreateForShard/should_work (0.20s)
    --- PASS: TestStorageServiceFactory_CreateForShard/wrong_config_for_MiniBlocksStorage_should_error (0.07s)
    --- PASS: TestStorageServiceFactory_CreateForShard/wrong_config_for_ReceiptsStorage_should_error (0.05s)
    --- PASS: TestStorageServiceFactory_CreateForShard/wrong_config_for_UnsignedTransactionStorage_should_error (0.03s)
    --- PASS: TestStorageServiceFactory_CreateForShard/wrong_config_for_TxStorage_should_error (0.01s)
    --- PASS: TestStorageServiceFactory_CreateForShard/wrong_config_for_ScheduledSCRsStorage_should_error (0.05s)
    --- PASS: TestStorageServiceFactory_CreateForShard/wrong_config_for_BootstrapStorage_should_error (0.05s)
    --- PASS: TestStorageServiceFactory_CreateForShard/wrong_config_for_RewardTxStorage_should_error (0.03s)
    --- PASS: TestStorageServiceFactory_CreateForShard/wrong_config_for_DbLookupExtensions.MiniblockHashByTxHashStorageConfig_should_error (0.15s)
    --- PASS: TestStorageServiceFactory_CreateForShard/wrong_config_for_MetaHdrNonceHashStorage_should_error (0.08s)
    --- PASS: TestStorageServiceFactory_CreateForShard/wrong_config_for_AccountsTrieStorage_should_error (0.09s)
    --- PASS: TestStorageServiceFactory_CreateForShard/wrong_config_for_BlockHeaderStorage_should_error (0.09s)
    --- PASS: TestStorageServiceFactory_CreateForShard/wrong_config_for_StatusMetricsStorage_should_error (0.10s)
    --- PASS: TestStorageServiceFactory_CreateForShard/wrong_config_for_TrieEpochRootHashStorage_should_error (0.11s)
    --- PASS: TestStorageServiceFactory_CreateForShard/wrong_config_for_DbLookupExtensions.EpochByHashStorageConfig_should_error (0.17s)
    --- PASS: TestStorageServiceFactory_CreateForShard/wrong_config_for_DbLookupExtensions.MiniblocksMetadataStorageConfig_should_error (0.13s)
    --- PASS: TestStorageServiceFactory_CreateForShard/wrong_config_for_PeerAccountsTrieStorage_should_error (0.10s)
    --- PASS: TestStorageServiceFactory_CreateForShard/wrong_config_for_MetaBlockStorage_should_error (0.04s)
[0;33mWARN [0m[2026-03-16 10:14:20.557]   Create Persister failed                  [0;33mpath[0m = TEST [0;33merror[0m = not supported db type 
[0;33mWARN [0m[2026-03-16 10:14:20.557]   Create Persister failed                  [0;33mpath[0m = /tmp/TestStorageUnitOpenHandler_OpenDB4022774496/001/Epoch_0/Shard_0/Test [0;33merror[0m = not supported db type 
[0;33mWARN [0m[2026-03-16 10:14:25.559]   Create Persister failed                  [0;33mpath[0m = /tmp/TestStorageUnitOpenHandler_OpenDB4022774496/001/Epoch_0/Shard_0/Test [0;33merror[0m = not supported db type 
[0;33mWARN [0m[2026-03-16 10:14:25.559]   Create Persister failed                  [0;33mpath[0m = TEST [0;33merror[0m = not supported db type 
[0;33mWARN [0m[2026-03-16 10:14:30.560]   Create Persister failed                  [0;33mpath[0m = /tmp/TestStorageUnitOpenHandler_OpenDB4022774496/001/Epoch_0/Shard_0/Test [0;33merror[0m = not supported db type 
[0;33mWARN [0m[2026-03-16 10:14:30.560]   Create Persister failed                  [0;33mpath[0m = TEST [0;33merror[0m = not supported db type 
[0;33mWARN [0m[2026-03-16 10:14:35.561]   Create Persister failed                  [0;33mpath[0m = TEST [0;33merror[0m = not supported db type 
[0;33mWARN [0m[2026-03-16 10:14:35.561]   Create Persister failed                  [0;33mpath[0m = /tmp/TestStorageUnitOpenHandler_OpenDB4022774496/001/Epoch_0/Shard_0/Test [0;33merror[0m = not supported db type 
[0;33mWARN [0m[2026-03-16 10:14:40.562]   Create Persister failed                  [0;33mpath[0m = /tmp/TestStorageUnitOpenHandler_OpenDB4022774496/001/Epoch_0/Shard_0/Test [0;33merror[0m = not supported db type 
[0;33mWARN [0m[2026-03-16 10:14:40.562]   Create Persister failed                  [0;33mpath[0m = TEST [0;33merror[0m = not supported db type 
[0;33mWARN [0m[2026-03-16 10:14:45.564]   Create Persister failed                  [0;33mpath[0m = /tmp/TestStorageUnitOpenHandler_OpenDB4022774496/001/Epoch_0/Shard_0/Test [0;33merror[0m = not supported db type 
[0;33mWARN [0m[2026-03-16 10:14:45.564]   Create Persister failed                  [0;33mpath[0m = TEST [0;33merror[0m = not supported db type 
[0;33mWARN [0m[2026-03-16 10:14:50.564]   Create Persister failed                  [0;33mpath[0m = TEST [0;33merror[0m = not supported db type 
[0;33mWARN [0m[2026-03-16 10:14:50.564]   Create Persister failed                  [0;33mpath[0m = /tmp/TestStorageUnitOpenHandler_OpenDB4022774496/001/Epoch_0/Shard_0/Test [0;33merror[0m = not supported db type 
[0;33mWARN [0m[2026-03-16 10:14:55.566]   Create Persister failed                  [0;33mpath[0m = /tmp/TestStorageUnitOpenHandler_OpenDB4022774496/001/Epoch_0/Shard_0/Test [0;33merror[0m = not supported db type 
[0;33mWARN [0m[2026-03-16 10:14:55.566]   Create Persister failed                  [0;33mpath[0m = TEST [0;33merror[0m = not supported db type 
[0;33mWARN [0m[2026-03-16 10:15:00.567]   Create Persister failed                  [0;33mpath[0m = TEST [0;33merror[0m = not supported db type 
[0;33mWARN [0m[2026-03-16 10:15:00.567]   Create Persister failed                  [0;33mpath[0m = /tmp/TestStorageUnitOpenHandler_OpenDB4022774496/001/Epoch_0/Shard_0/Test [0;33merror[0m = not supported db type 
--- PASS: TestPersisterFactory_CreateWithRetries (0.00s)
    --- PASS: TestPersisterFactory_CreateWithRetries/should_work (0.06s)
    --- PASS: TestPersisterFactory_CreateWithRetries/wrong_config_should_error (50.01s)
=== RUN   TestStorageUnitOpenHandler_OpenDB/should_work
--- PASS: TestStorageUnitOpenHandler_OpenDB (50.02s)
    --- PASS: TestStorageUnitOpenHandler_OpenDB/create_DB_fails,_should_error (50.01s)
    --- PASS: TestStorageUnitOpenHandler_OpenDB/should_work (0.01s)
PASS
ok  	github.com/TerraDharitri/drt-go-chain/storage/factory	(cached)
=== RUN   TestNewLatestDataProvider_ShouldWork
=== PAUSE TestNewLatestDataProvider_ShouldWork
=== RUN   TestLatestDataProvider_GetParentDirectory
=== PAUSE TestLatestDataProvider_GetParentDirectory
=== RUN   TestGetShardsFromDirectory
=== PAUSE TestGetShardsFromDirectory
=== RUN   TestLatestDataProvider_GetCannotGetListDirectoriesShouldErr
=== PAUSE TestLatestDataProvider_GetCannotGetListDirectoriesShouldErr
=== RUN   TestLatestDataProvider_Get
=== PAUSE TestLatestDataProvider_Get
=== RUN   TestLoadEpochStartRoundShard
=== PAUSE TestLoadEpochStartRoundShard
=== RUN   TestLoadEpochStartRoundMetachain
=== PAUSE TestLoadEpochStartRoundMetachain
=== RUN   TestLatestDataProvider_ShouldWork
=== PAUSE TestLatestDataProvider_ShouldWork
=== RUN   TestFullHistoryGetShardsFromDirectory
=== PAUSE TestFullHistoryGetShardsFromDirectory
=== RUN   TestFullHistoryLatestDataProvider_GetCannotGetListDirectoriesShouldErr
=== PAUSE TestFullHistoryLatestDataProvider_GetCannotGetListDirectoriesShouldErr
=== RUN   TestFullHistoryLatestDataProvider_Get
=== PAUSE TestFullHistoryLatestDataProvider_Get
=== RUN   TestFullHistoryLoadEpochStartRoundShard
=== PAUSE TestFullHistoryLoadEpochStartRoundShard
=== RUN   TestFullHistoryLoadEpochStartRoundMetachain
=== PAUSE TestFullHistoryLoadEpochStartRoundMetachain
=== RUN   TestLatestDataProvider_IsInterfaceNil
=== PAUSE TestLatestDataProvider_IsInterfaceNil
=== CONT  TestNewLatestDataProvider_ShouldWork
=== CONT  TestLatestDataProvider_ShouldWork
=== RUN   TestNewLatestDataProvider_ShouldWork/should_work
=== CONT  TestLatestDataProvider_Get
=== CONT  TestFullHistoryLoadEpochStartRoundShard
=== CONT  TestLatestDataProvider_GetParentDirectory
=== CONT  TestFullHistoryLatestDataProvider_GetCannotGetListDirectoriesShouldErr
=== CONT  TestLoadEpochStartRoundMetachain
--- PASS: TestLatestDataProvider_GetParentDirectory (0.00s)
--- PASS: TestFullHistoryLatestDataProvider_GetCannotGetListDirectoriesShouldErr (0.00s)
=== PAUSE TestNewLatestDataProvider_ShouldWork/should_work
=== CONT  TestFullHistoryGetShardsFromDirectory
=== RUN   TestNewLatestDataProvider_ShouldWork/nil_DirectoryReader_should_error
=== CONT  TestLoadEpochStartRoundShard
--- PASS: TestFullHistoryGetShardsFromDirectory (0.00s)
=== CONT  TestFullHistoryLatestDataProvider_Get
--- PASS: TestLoadEpochStartRoundMetachain (0.00s)
=== CONT  TestFullHistoryLoadEpochStartRoundMetachain
--- PASS: TestFullHistoryLoadEpochStartRoundShard (0.00s)
--- PASS: TestFullHistoryLoadEpochStartRoundMetachain (0.00s)
=== CONT  TestLatestDataProvider_IsInterfaceNil
--- PASS: TestFullHistoryLatestDataProvider_Get (0.00s)
=== PAUSE TestNewLatestDataProvider_ShouldWork/nil_DirectoryReader_should_error
=== RUN   TestNewLatestDataProvider_ShouldWork/nil_BootstrapDataProvider_should_error
=== PAUSE TestNewLatestDataProvider_ShouldWork/nil_BootstrapDataProvider_should_error
=== CONT  TestNewLatestDataProvider_ShouldWork/should_work
--- PASS: TestLatestDataProvider_IsInterfaceNil (0.00s)
=== CONT  TestNewLatestDataProvider_ShouldWork/nil_DirectoryReader_should_error
=== CONT  TestNewLatestDataProvider_ShouldWork/nil_BootstrapDataProvider_should_error
=== CONT  TestLatestDataProvider_GetCannotGetListDirectoriesShouldErr
=== CONT  TestGetShardsFromDirectory
--- PASS: TestNewLatestDataProvider_ShouldWork (0.00s)
    --- PASS: TestNewLatestDataProvider_ShouldWork/should_work (0.00s)
    --- PASS: TestNewLatestDataProvider_ShouldWork/nil_DirectoryReader_should_error (0.00s)
    --- PASS: TestNewLatestDataProvider_ShouldWork/nil_BootstrapDataProvider_should_error (0.00s)
--- PASS: TestLatestDataProvider_GetCannotGetListDirectoriesShouldErr (0.00s)
--- PASS: TestGetShardsFromDirectory (0.00s)
--- PASS: TestLatestDataProvider_ShouldWork (0.00s)
--- PASS: TestLoadEpochStartRoundShard (0.00s)
--- PASS: TestLatestDataProvider_Get (0.00s)
PASS
ok  	github.com/TerraDharitri/drt-go-chain/storage/latestData	(cached)
=== RUN   TestNewPathManager_EmptyPruningPathTemplateShouldErr
=== PAUSE TestNewPathManager_EmptyPruningPathTemplateShouldErr
=== RUN   TestNewPathManager_EmptyStaticPathTemplateShouldErr
=== PAUSE TestNewPathManager_EmptyStaticPathTemplateShouldErr
=== RUN   TestNewPathManager_EmptyDBPathTemplateShouldErr
=== PAUSE TestNewPathManager_EmptyDBPathTemplateShouldErr
=== RUN   TestNewPathManager_InvalidPruningPathTemplate_NoShardPlaceholder_ShouldErr
=== PAUSE TestNewPathManager_InvalidPruningPathTemplate_NoShardPlaceholder_ShouldErr
=== RUN   TestNewPathManager_InvalidPruningPathTemplate_NoEpochPlaceholder_ShouldErr
=== PAUSE TestNewPathManager_InvalidPruningPathTemplate_NoEpochPlaceholder_ShouldErr
=== RUN   TestNewPathManager_InvalidPathPruningTemplate_NoIdentifierPlaceholder_ShouldErr
=== PAUSE TestNewPathManager_InvalidPathPruningTemplate_NoIdentifierPlaceholder_ShouldErr
=== RUN   TestNewPathManager_InvalidStaticPathTemplate_NoShardPlaceholder_ShouldErr
=== PAUSE TestNewPathManager_InvalidStaticPathTemplate_NoShardPlaceholder_ShouldErr
=== RUN   TestNewPathManager_InvalidStaticPathTemplate_NoIdentifierPlaceholder_ShouldErr
=== PAUSE TestNewPathManager_InvalidStaticPathTemplate_NoIdentifierPlaceholder_ShouldErr
=== RUN   TestNewPathManager_OkValsShouldWork
=== PAUSE TestNewPathManager_OkValsShouldWork
=== RUN   TestPathManager_DatabasePath
=== PAUSE TestPathManager_DatabasePath
=== RUN   TestPathManager_PathForEpoch
=== PAUSE TestPathManager_PathForEpoch
=== RUN   TestPathManager_PathForStatic
=== PAUSE TestPathManager_PathForStatic
=== RUN   TestPathManager_IsInterfaceNil
=== PAUSE TestPathManager_IsInterfaceNil
=== CONT  TestNewPathManager_EmptyPruningPathTemplateShouldErr
--- PASS: TestNewPathManager_EmptyPruningPathTemplateShouldErr (0.00s)
=== CONT  TestNewPathManager_InvalidStaticPathTemplate_NoIdentifierPlaceholder_ShouldErr
=== CONT  TestNewPathManager_InvalidStaticPathTemplate_NoShardPlaceholder_ShouldErr
=== CONT  TestPathManager_PathForEpoch
=== CONT  TestNewPathManager_InvalidPathPruningTemplate_NoIdentifierPlaceholder_ShouldErr
=== CONT  TestNewPathManager_InvalidPruningPathTemplate_NoEpochPlaceholder_ShouldErr
=== CONT  TestNewPathManager_InvalidPruningPathTemplate_NoShardPlaceholder_ShouldErr
=== RUN   TestPathManager_PathForEpoch/#00
=== CONT  TestNewPathManager_EmptyDBPathTemplateShouldErr
=== CONT  TestNewPathManager_EmptyStaticPathTemplateShouldErr
=== CONT  TestPathManager_DatabasePath
=== CONT  TestPathManager_IsInterfaceNil
=== CONT  TestNewPathManager_OkValsShouldWork
=== CONT  TestPathManager_PathForStatic
=== RUN   TestPathManager_PathForStatic/#00
--- PASS: TestNewPathManager_InvalidStaticPathTemplate_NoIdentifierPlaceholder_ShouldErr (0.00s)
--- PASS: TestNewPathManager_InvalidStaticPathTemplate_NoShardPlaceholder_ShouldErr (0.00s)
--- PASS: TestNewPathManager_InvalidPathPruningTemplate_NoIdentifierPlaceholder_ShouldErr (0.00s)
--- PASS: TestNewPathManager_InvalidPruningPathTemplate_NoEpochPlaceholder_ShouldErr (0.00s)
--- PASS: TestNewPathManager_InvalidPruningPathTemplate_NoShardPlaceholder_ShouldErr (0.00s)
--- PASS: TestNewPathManager_EmptyDBPathTemplateShouldErr (0.00s)
--- PASS: TestNewPathManager_EmptyStaticPathTemplateShouldErr (0.00s)
--- PASS: TestPathManager_DatabasePath (0.00s)
--- PASS: TestPathManager_IsInterfaceNil (0.00s)
--- PASS: TestNewPathManager_OkValsShouldWork (0.00s)
=== RUN   TestPathManager_PathForEpoch/#01
=== RUN   TestPathManager_PathForStatic/#01
=== RUN   TestPathManager_PathForStatic/#02
--- PASS: TestPathManager_PathForStatic (0.00s)
    --- PASS: TestPathManager_PathForStatic/#00 (0.00s)
    --- PASS: TestPathManager_PathForStatic/#01 (0.00s)
    --- PASS: TestPathManager_PathForStatic/#02 (0.00s)
=== RUN   TestPathManager_PathForEpoch/#02
=== RUN   TestPathManager_PathForEpoch/#03
--- PASS: TestPathManager_PathForEpoch (0.00s)
    --- PASS: TestPathManager_PathForEpoch/#00 (0.00s)
    --- PASS: TestPathManager_PathForEpoch/#01 (0.00s)
    --- PASS: TestPathManager_PathForEpoch/#02 (0.00s)
    --- PASS: TestPathManager_PathForEpoch/#03 (0.00s)
PASS
ok  	github.com/TerraDharitri/drt-go-chain/storage/pathmanager	(cached)
=== RUN   TestNewPersistersTracker
=== PAUSE TestNewPersistersTracker
=== RUN   TestPersistersTracker_HasInitializedEnoughPersisters
=== PAUSE TestPersistersTracker_HasInitializedEnoughPersisters
=== RUN   TestPersistersTracker_ShouldClosePersister
=== PAUSE TestPersistersTracker_ShouldClosePersister
=== RUN   TestPersistersTracker_IsInterfaceNil
=== PAUSE TestPersistersTracker_IsInterfaceNil
=== RUN   TestNewTriePersistersTracker
=== PAUSE TestNewTriePersistersTracker
=== RUN   TestTriePersistersTracker_HasInitializedEnoughPersisters
=== PAUSE TestTriePersistersTracker_HasInitializedEnoughPersisters
=== RUN   TestTriePersistersTracker_CollectPersisterData
=== PAUSE TestTriePersistersTracker_CollectPersisterData
=== RUN   TestTriePersistersTracker_ShouldClosePersister
=== PAUSE TestTriePersistersTracker_ShouldClosePersister
=== RUN   TestTriePersistersTracker_IsInterfaceNil
=== PAUSE TestTriePersistersTracker_IsInterfaceNil
=== RUN   TestNewFullHistoryPruningStorer_OkValsShouldWork
=== PAUSE TestNewFullHistoryPruningStorer_OkValsShouldWork
=== RUN   TestNewFullHistoryPruningStorer_InvalidNumberOfActivePersistersShouldErr
=== PAUSE TestNewFullHistoryPruningStorer_InvalidNumberOfActivePersistersShouldErr
=== RUN   TestNewFullHistoryPruningStorer_PutAndGetInEpochShouldWork
=== PAUSE TestNewFullHistoryPruningStorer_PutAndGetInEpochShouldWork
=== RUN   TestNewFullHistoryPruningStorer_GetMultipleDifferentEpochsShouldEvict
=== PAUSE TestNewFullHistoryPruningStorer_GetMultipleDifferentEpochsShouldEvict
=== RUN   TestNewFullHistoryPruningStorer_GetAfterEvictShouldWork
=== PAUSE TestNewFullHistoryPruningStorer_GetAfterEvictShouldWork
=== RUN   TestNewFullHistoryPruningStorer_GetFromEpochShouldSearchAlsoInNext
=== PAUSE TestNewFullHistoryPruningStorer_GetFromEpochShouldSearchAlsoInNext
=== RUN   TestNewFullHistoryPruningStorer_GetBulkFromEpoch
=== PAUSE TestNewFullHistoryPruningStorer_GetBulkFromEpoch
=== RUN   TestNewFullHistoryPruningStorer_GetBulkFromEpochShouldNotLoadFromCache
=== PAUSE TestNewFullHistoryPruningStorer_GetBulkFromEpochShouldNotLoadFromCache
=== RUN   TestFullHistoryPruningStorer_IsEpochActive
=== PAUSE TestFullHistoryPruningStorer_IsEpochActive
=== RUN   TestNewFullHistoryShardedPruningStorer_ShouldWork
=== PAUSE TestNewFullHistoryShardedPruningStorer_ShouldWork
=== RUN   TestFullHistoryPruningStorer_Close
=== PAUSE TestFullHistoryPruningStorer_Close
=== RUN   TestFullHistoryPruningStorer_ConcurrentOperations
    fullHistoryPruningStorer_test.go:288: this test should be run only when troubleshooting pruning storer concurrent operations
--- SKIP: TestFullHistoryPruningStorer_ConcurrentOperations (0.00s)
=== RUN   TestFullHistoryPruningStorer_IsInterfaceNil
=== PAUSE TestFullHistoryPruningStorer_IsInterfaceNil
=== RUN   TestFullHistoryPruningStorer_changeEpochClosesOldDbs
=== PAUSE TestFullHistoryPruningStorer_changeEpochClosesOldDbs
=== RUN   TestNewFullHistoryTriePruningStorer
=== PAUSE TestNewFullHistoryTriePruningStorer
=== RUN   TestFullHistoryTriePruningStorer_CallsMethodsFromUndelyingFHPS
=== PAUSE TestFullHistoryTriePruningStorer_CallsMethodsFromUndelyingFHPS
=== RUN   TestFullHistoryTriePruningStorer_IsInterfaceNil
=== PAUSE TestFullHistoryTriePruningStorer_IsInterfaceNil
=== RUN   TestNewPruningStorer_InvalidNumberOfActivePersistersShouldErr
=== PAUSE TestNewPruningStorer_InvalidNumberOfActivePersistersShouldErr
=== RUN   TestNewPruningStorer_NilPersistersTrackerShouldErr
=== PAUSE TestNewPruningStorer_NilPersistersTrackerShouldErr
=== RUN   TestNewPruningStorer_NumEpochKeepLowerThanNumActiveShouldErr
=== PAUSE TestNewPruningStorer_NumEpochKeepLowerThanNumActiveShouldErr
=== RUN   TestNewPruningStorer_NilEpochStartHandlerShouldErr
=== PAUSE TestNewPruningStorer_NilEpochStartHandlerShouldErr
=== RUN   TestNewPruningStorer_NilShardCoordinatorShouldErr
=== PAUSE TestNewPruningStorer_NilShardCoordinatorShouldErr
=== RUN   TestNewPruningStorer_NilPathManagerShouldErr
=== PAUSE TestNewPruningStorer_NilPathManagerShouldErr
=== RUN   TestNewPruningStorer_NilOldDataCleanerProviderShouldErr
=== PAUSE TestNewPruningStorer_NilOldDataCleanerProviderShouldErr
=== RUN   TestNewPruningStorer_NilCustomDatabaseRemoverProviderShouldErr
=== PAUSE TestNewPruningStorer_NilCustomDatabaseRemoverProviderShouldErr
=== RUN   TestNewPruningStorer_NilPersisterFactoryShouldErr
=== PAUSE TestNewPruningStorer_NilPersisterFactoryShouldErr
=== RUN   TestNewPruningStorer_CacheSizeLowerThanBatchSizeShouldErr
=== PAUSE TestNewPruningStorer_CacheSizeLowerThanBatchSizeShouldErr
=== RUN   TestNewPruningStorer_OkValsShouldWork
=== PAUSE TestNewPruningStorer_OkValsShouldWork
=== RUN   TestPruningStorer_PutAndGetShouldWork
=== PAUSE TestPruningStorer_PutAndGetShouldWork
=== RUN   TestPruningStorer_Put_EpochWhichWasSetDoesNotExistShouldNotFind
=== PAUSE TestPruningStorer_Put_EpochWhichWasSetDoesNotExistShouldNotFind
=== RUN   TestPruningStorer_Put_ShouldPutInSpecifiedEpoch
=== PAUSE TestPruningStorer_Put_ShouldPutInSpecifiedEpoch
=== RUN   TestPruningStorer_RemoveShouldWork
=== PAUSE TestPruningStorer_RemoveShouldWork
=== RUN   TestPruningStorer_DestroyUnitShouldWork
=== PAUSE TestPruningStorer_DestroyUnitShouldWork
=== RUN   TestNewPruningStorer_Has_OnePersisterShouldWork
=== PAUSE TestNewPruningStorer_Has_OnePersisterShouldWork
=== RUN   TestNewPruningStorer_OldDataHasToBeRemoved
=== PAUSE TestNewPruningStorer_OldDataHasToBeRemoved
=== RUN   TestNewPruningStorer_GetDataFromClosedPersister
=== PAUSE TestNewPruningStorer_GetDataFromClosedPersister
=== RUN   TestNewPruningStorer_GetBulkFromEpoch
=== PAUSE TestNewPruningStorer_GetBulkFromEpoch
=== RUN   TestNewPruningStorer_ChangeEpochDbsShouldNotBeDeletedIfPruningIsDisabled
=== PAUSE TestNewPruningStorer_ChangeEpochDbsShouldNotBeDeletedIfPruningIsDisabled
=== RUN   TestNewPruningStorer_ChangeEpochConcurrentPut
=== PAUSE TestNewPruningStorer_ChangeEpochConcurrentPut
=== RUN   TestPruningStorer_SearchFirst
=== PAUSE TestPruningStorer_SearchFirst
=== RUN   TestPruningStorer_ChangeEpochWithKeepingFromOldestEpochInMetaBlock
=== PAUSE TestPruningStorer_ChangeEpochWithKeepingFromOldestEpochInMetaBlock
=== RUN   TestPruningStorer_ChangeEpochShouldUseMetaBlockFromEpochPrepare
=== PAUSE TestPruningStorer_ChangeEpochShouldUseMetaBlockFromEpochPrepare
=== RUN   TestPruningStorer_ChangeEpochWithExisting
=== PAUSE TestPruningStorer_ChangeEpochWithExisting
=== RUN   TestPruningStorer_ClosePersisters
=== PAUSE TestPruningStorer_ClosePersisters
=== RUN   TestPruningStorer_CleanCustomDatabase
=== PAUSE TestPruningStorer_CleanCustomDatabase
=== RUN   TestRegex
=== PAUSE TestRegex
=== RUN   TestPruningStorer_processPersistersToClose
=== RUN   TestPruningStorer_processPersistersToClose/edge_case_-_epochs_in_reversed_order
=== RUN   TestPruningStorer_processPersistersToClose/normal_operations
=== RUN   TestPruningStorer_processPersistersToClose/normal_operations_-_older_last_epoch_needed
=== RUN   TestPruningStorer_processPersistersToClose/normal_operations_-_newer_last_epoch_needed
--- PASS: TestPruningStorer_processPersistersToClose (0.00s)
    --- PASS: TestPruningStorer_processPersistersToClose/edge_case_-_epochs_in_reversed_order (0.00s)
    --- PASS: TestPruningStorer_processPersistersToClose/normal_operations (0.00s)
    --- PASS: TestPruningStorer_processPersistersToClose/normal_operations_-_older_last_epoch_needed (0.00s)
    --- PASS: TestPruningStorer_processPersistersToClose/normal_operations_-_newer_last_epoch_needed (0.00s)
=== RUN   TestPruningStorer_ConcurrentOperations
/tmp/TestPruningStorer_ConcurrentOperations1217840472/001
[0;36mDEBUG[0m[2026-03-16 10:14:15.730]   initPersistersInEpoch                    [0;36mStartingEpoch[0m = 0 [0;36mNumOfEpochsToKeep[0m = 2 [0;36moldestEpochKeep[0m = 0 [0;36mNumOfActivePersisters[0m = 2 [0;36moldestEpochActive[0m = 0 
[0;36mDEBUG[0m[2026-03-16 10:14:15.730]   initPersistersInEpoch(): createPersisterDataForEpoch [0;36midentifier[0m = id [0;36mepoch[0m = 0 [0;36mshardID[0m =  
[0;36mDEBUG[0m[2026-03-16 10:14:15.730]   GetDBConfig: loaded db config from main config file [0;36mconfiguration[0m = {FilePath:/tmp/TestPruningStorer_ConcurrentOperations1217840472/001/db-concurrent-test Type:LvlDBSerial BatchDelaySeconds:2 MaxBatchSize:100 MaxOpenFiles:10 UseTmpAsFilePath:false ShardIDProviderType: NumShards:0} 
[0;36mDEBUG[0m[2026-03-16 10:14:15.738]   opened serial level db persister         [0;36mpath[0m = /tmp/TestPruningStorer_ConcurrentOperations1217840472/001/epoch_0/shard_0/id [0;36mcreated pointer[0m = 0xc000105180 [0;36mglobal db counter[0m = 1 [0;36mNewSerialDB[0m = 0.0072s [0;36mmkdirAll[0m = 0.0015s [0;36mopenLevelDB[0m = 0.0056s 
[0;36mDEBUG[0m[2026-03-16 10:14:15.738]   appended a pruning active persister      [0;36mepoch[0m = 0 [0;36midentifier[0m = id 
[0;36mDEBUG[0m[2026-03-16 10:14:15.738]   MonitorNewCache                          [0;36mname[0m =  [0;36mcapacity[0m = 0 B [0;36mcumulated[0m = 0 B 
[0;36mDEBUG[0m[2026-03-16 10:14:15.738]   PruningStorer - change epoch             [0;36munit[0m = id [0;36mepoch[0m = 1 [0;36mbytes in cache[0m = 0 
[0;36mDEBUG[0m[2026-03-16 10:14:15.738]   GetDBConfig: loaded db config from main config file [0;36mconfiguration[0m = {FilePath:/tmp/TestPruningStorer_ConcurrentOperations1217840472/001/db-concurrent-test Type:LvlDBSerial BatchDelaySeconds:2 MaxBatchSize:100 MaxOpenFiles:10 UseTmpAsFilePath:false ShardIDProviderType: NumShards:0} 
[0;36mDEBUG[0m[2026-03-16 10:14:15.745]   opened serial level db persister         [0;36mpath[0m = /tmp/TestPruningStorer_ConcurrentOperations1217840472/001/epoch_1/shard_0/id [0;36mcreated pointer[0m = 0xc000282700 [0;36mglobal db counter[0m = 2 [0;36mNewSerialDB[0m = 0.0070s [0;36mmkdirAll[0m = 0.0001s [0;36mopenLevelDB[0m = 0.0068s 
[0;36mDEBUG[0m[2026-03-16 10:14:15.745]   PruningStorer.processPersistersToClose   [0;36mepochs to close[0m = [] [0;36mbefore process[0m = [1 0] [0;36mafter process[0m = [1 0] 
[0;36mDEBUG[0m[2026-03-16 10:14:15.745]   called ChangeEpochSimple                 [0;36mepoch[0m = 1 
[0;36mDEBUG[0m[2026-03-16 10:14:15.745]   PruningStorer - change epoch             [0;36munit[0m = id [0;36mepoch[0m = 2 [0;36mbytes in cache[0m = 0 
[0;36mDEBUG[0m[2026-03-16 10:14:15.745]   GetDBConfig: loaded db config from main config file [0;36mconfiguration[0m = {FilePath:/tmp/TestPruningStorer_ConcurrentOperations1217840472/001/db-concurrent-test Type:LvlDBSerial BatchDelaySeconds:2 MaxBatchSize:100 MaxOpenFiles:10 UseTmpAsFilePath:false ShardIDProviderType: NumShards:0} 
[0;36mDEBUG[0m[2026-03-16 10:14:15.751]   opened serial level db persister         [0;36mpath[0m = /tmp/TestPruningStorer_ConcurrentOperations1217840472/001/epoch_2/shard_0/id [0;36mcreated pointer[0m = 0xc0002836c0 [0;36mglobal db counter[0m = 3 [0;36mNewSerialDB[0m = 0.0061s [0;36mmkdirAll[0m = 0.0001s [0;36mopenLevelDB[0m = 0.0060s 
[0;36mDEBUG[0m[2026-03-16 10:14:15.751]   PruningStorer.processPersistersToClose   [0;36mepochs to close[0m = [0] [0;36mbefore process[0m = [2 1 0] [0;36mafter process[0m = [2 1] 
[0;36mDEBUG[0m[2026-03-16 10:14:15.751]   makeDbPointerNilReturningLast            [0;36mpath[0m = /tmp/TestPruningStorer_ConcurrentOperations1217840472/001/epoch_0/shard_0/id [0;36mnilled pointer[0m = 0xc000105180 [0;36mglobal db counter[0m = 2 
[0;36mDEBUG[0m[2026-03-16 10:14:15.751]   processLoop - closing the leveldb process loop [0;36mpath[0m = /tmp/TestPruningStorer_ConcurrentOperations1217840472/001/epoch_0/shard_0/id 
[0;36mDEBUG[0m[2026-03-16 10:14:15.751]   batchTimeoutHandle - closing             [0;36mpath[0m = /tmp/TestPruningStorer_ConcurrentOperations1217840472/001/epoch_0/shard_0/id 
[0;36mDEBUG[0m[2026-03-16 10:14:15.751]   called ChangeEpochSimple                 [0;36mepoch[0m = 2 
[0;36mDEBUG[0m[2026-03-16 10:14:15.751]   PruningStorer - change epoch             [0;36munit[0m = id [0;36mepoch[0m = 3 [0;36mbytes in cache[0m = 0 
[0;36mDEBUG[0m[2026-03-16 10:14:15.751]   GetDBConfig: loaded db config from main config file [0;36mconfiguration[0m = {FilePath:/tmp/TestPruningStorer_ConcurrentOperations1217840472/001/db-concurrent-test Type:LvlDBSerial BatchDelaySeconds:2 MaxBatchSize:100 MaxOpenFiles:10 UseTmpAsFilePath:false ShardIDProviderType: NumShards:0} 
[0;36mDEBUG[0m[2026-03-16 10:14:15.757]   opened serial level db persister         [0;36mpath[0m = /tmp/TestPruningStorer_ConcurrentOperations1217840472/001/epoch_3/shard_0/id [0;36mcreated pointer[0m = 0xc000105a40 [0;36mglobal db counter[0m = 3 [0;36mNewSerialDB[0m = 0.0058s [0;36mmkdirAll[0m = 0.0001s [0;36mopenLevelDB[0m = 0.0057s 
[0;36mDEBUG[0m[2026-03-16 10:14:15.757]   PruningStorer.processPersistersToClose   [0;36mepochs to close[0m = [1] [0;36mbefore process[0m = [3 2 1] [0;36mafter process[0m = [3 2] 
[0;36mDEBUG[0m[2026-03-16 10:14:15.757]   makeDbPointerNilReturningLast            [0;36mpath[0m = /tmp/TestPruningStorer_ConcurrentOperations1217840472/001/epoch_1/shard_0/id [0;36mnilled pointer[0m = 0xc000282700 [0;36mglobal db counter[0m = 2 
[0;36mDEBUG[0m[2026-03-16 10:14:15.757]   batchTimeoutHandle - closing             [0;36mpath[0m = /tmp/TestPruningStorer_ConcurrentOperations1217840472/001/epoch_1/shard_0/id 
[0;36mDEBUG[0m[2026-03-16 10:14:15.757]   processLoop - closing the leveldb process loop [0;36mpath[0m = /tmp/TestPruningStorer_ConcurrentOperations1217840472/001/epoch_1/shard_0/id 
[0;36mDEBUG[0m[2026-03-16 10:14:15.757]   called ChangeEpochSimple                 [0;36mepoch[0m = 3 
[0;36mDEBUG[0m[2026-03-16 10:14:15.757]   PruningStorer - change epoch             [0;36munit[0m = id [0;36mepoch[0m = 2 [0;36mbytes in cache[0m = 0 
[0;36mDEBUG[0m[2026-03-16 10:14:15.757]   GetDBConfig: loaded db config from toml config file [0;36mconfig path[0m = /tmp/TestPruningStorer_ConcurrentOperations1217840472/001/epoch_1/shard_0/id [0;36mconfiguration[0m = &{FilePath:/tmp/TestPruningStorer_ConcurrentOperations1217840472/001/db-concurrent-test Type:LvlDBSerial BatchDelaySeconds:2 MaxBatchSize:100 MaxOpenFiles:10 UseTmpAsFilePath:false ShardIDProviderType: NumShards:0} 
[0;36mDEBUG[0m[2026-03-16 10:14:15.764]   opened serial level db persister         [0;36mpath[0m = /tmp/TestPruningStorer_ConcurrentOperations1217840472/001/epoch_1/shard_0/id [0;36mcreated pointer[0m = 0xc000490540 [0;36mglobal db counter[0m = 3 [0;36mNewSerialDB[0m = 0.0065s [0;36mmkdirAll[0m = 0.0000s [0;36mopenLevelDB[0m = 0.0065s 
[0;36mDEBUG[0m[2026-03-16 10:14:15.764]   change epoch pruning storer success      [0;36mpersister[0m = id [0;36mepoch[0m = 2 
[0;36mDEBUG[0m[2026-03-16 10:14:15.764]   PruningStorer.processPersistersToClose   [0;36mepochs to close[0m = [] [0;36mbefore process[0m = [2 1] [0;36mafter process[0m = [2 1] 
[0;36mDEBUG[0m[2026-03-16 10:14:15.764]   called ChangeEpochSimple                 [0;36mepoch[0m = 2 
[0;36mDEBUG[0m[2026-03-16 10:14:15.764]   PruningStorer - change epoch             [0;36munit[0m = id [0;36mepoch[0m = 3 [0;36mbytes in cache[0m = 0 
[0;36mDEBUG[0m[2026-03-16 10:14:15.764]   change epoch pruning storer success      [0;36mpersister[0m = id [0;36mepoch[0m = 3 
[0;36mDEBUG[0m[2026-03-16 10:14:15.764]   PruningStorer.processPersistersToClose   [0;36mepochs to close[0m = [1] [0;36mbefore process[0m = [3 2 1] [0;36mafter process[0m = [3 2] 
[0;36mDEBUG[0m[2026-03-16 10:14:15.764]   makeDbPointerNilReturningLast            [0;36mpath[0m = /tmp/TestPruningStorer_ConcurrentOperations1217840472/001/epoch_1/shard_0/id [0;36mnilled pointer[0m = 0xc000490540 [0;36mglobal db counter[0m = 2 
[0;36mDEBUG[0m[2026-03-16 10:14:15.764]   batchTimeoutHandle - closing             [0;36mpath[0m = /tmp/TestPruningStorer_ConcurrentOperations1217840472/001/epoch_1/shard_0/id 
[0;36mDEBUG[0m[2026-03-16 10:14:15.764]   processLoop - closing the leveldb process loop [0;36mpath[0m = /tmp/TestPruningStorer_ConcurrentOperations1217840472/001/epoch_1/shard_0/id 
[0;36mDEBUG[0m[2026-03-16 10:14:15.764]   called ChangeEpochSimple                 [0;36mepoch[0m = 3 
[0;36mDEBUG[0m[2026-03-16 10:14:15.764]   PruningStorer - change epoch             [0;36munit[0m = id [0;36mepoch[0m = 2 [0;36mbytes in cache[0m = 0 
[0;36mDEBUG[0m[2026-03-16 10:14:15.764]   GetDBConfig: loaded db config from toml config file [0;36mconfig path[0m = /tmp/TestPruningStorer_ConcurrentOperations1217840472/001/epoch_1/shard_0/id [0;36mconfiguration[0m = &{FilePath:/tmp/TestPruningStorer_ConcurrentOperations1217840472/001/db-concurrent-test Type:LvlDBSerial BatchDelaySeconds:2 MaxBatchSize:100 MaxOpenFiles:10 UseTmpAsFilePath:false ShardIDProviderType: NumShards:0} 
[0;36mDEBUG[0m[2026-03-16 10:14:15.774]   opened serial level db persister         [0;36mpath[0m = /tmp/TestPruningStorer_ConcurrentOperations1217840472/001/epoch_1/shard_0/id [0;36mcreated pointer[0m = 0xc0003621c0 [0;36mglobal db counter[0m = 3 [0;36mNewSerialDB[0m = 0.0093s [0;36mmkdirAll[0m = 0.0000s [0;36mopenLevelDB[0m = 0.0092s 
[0;36mDEBUG[0m[2026-03-16 10:14:15.774]   change epoch pruning storer success      [0;36mpersister[0m = id [0;36mepoch[0m = 2 
[0;36mDEBUG[0m[2026-03-16 10:14:15.774]   PruningStorer.processPersistersToClose   [0;36mepochs to close[0m = [] [0;36mbefore process[0m = [2 1] [0;36mafter process[0m = [2 1] 
[0;36mDEBUG[0m[2026-03-16 10:14:15.774]   called ChangeEpochSimple                 [0;36mepoch[0m = 2 
[0;36mDEBUG[0m[2026-03-16 10:14:15.774]   PruningStorer - change epoch             [0;36munit[0m = id [0;36mepoch[0m = 1 [0;36mbytes in cache[0m = 0 
[0;36mDEBUG[0m[2026-03-16 10:14:15.774]   GetDBConfig: loaded db config from toml config file [0;36mconfig path[0m = /tmp/TestPruningStorer_ConcurrentOperations1217840472/001/epoch_0/shard_0/id [0;36mconfiguration[0m = &{FilePath:/tmp/TestPruningStorer_ConcurrentOperations1217840472/001/db-concurrent-test Type:LvlDBSerial BatchDelaySeconds:2 MaxBatchSize:100 MaxOpenFiles:10 UseTmpAsFilePath:false ShardIDProviderType: NumShards:0} 
[0;36mDEBUG[0m[2026-03-16 10:14:15.785]   opened serial level db persister         [0;36mpath[0m = /tmp/TestPruningStorer_ConcurrentOperations1217840472/001/epoch_0/shard_0/id [0;36mcreated pointer[0m = 0xc0022088c0 [0;36mglobal db counter[0m = 4 [0;36mNewSerialDB[0m = 0.0110s [0;36mmkdirAll[0m = 0.0000s [0;36mopenLevelDB[0m = 0.0110s 
[0;36mDEBUG[0m[2026-03-16 10:14:15.785]   change epoch pruning storer success      [0;36mpersister[0m = id [0;36mepoch[0m = 1 
[0;36mDEBUG[0m[2026-03-16 10:14:15.785]   PruningStorer.processPersistersToClose   [0;36mepochs to close[0m = [] [0;36mbefore process[0m = [1 0] [0;36mafter process[0m = [1 0] 
[0;36mDEBUG[0m[2026-03-16 10:14:15.785]   called ChangeEpochSimple                 [0;36mepoch[0m = 1 
[0;36mDEBUG[0m[2026-03-16 10:14:15.785]   PruningStorer - change epoch             [0;36munit[0m = id [0;36mepoch[0m = 2 [0;36mbytes in cache[0m = 0 
[0;36mDEBUG[0m[2026-03-16 10:14:15.785]   change epoch pruning storer success      [0;36mpersister[0m = id [0;36mepoch[0m = 2 
[0;36mDEBUG[0m[2026-03-16 10:14:15.785]   PruningStorer.processPersistersToClose   [0;36mepochs to close[0m = [0] [0;36mbefore process[0m = [2 1 0] [0;36mafter process[0m = [2 1] 
[0;36mDEBUG[0m[2026-03-16 10:14:15.785]   makeDbPointerNilReturningLast            [0;36mpath[0m = /tmp/TestPruningStorer_ConcurrentOperations1217840472/001/epoch_0/shard_0/id [0;36mnilled pointer[0m = 0xc0022088c0 [0;36mglobal db counter[0m = 3 
[0;36mDEBUG[0m[2026-03-16 10:14:15.785]   processLoop - closing the leveldb process loop [0;36mpath[0m = /tmp/TestPruningStorer_ConcurrentOperations1217840472/001/epoch_0/shard_0/id 
[0;36mDEBUG[0m[2026-03-16 10:14:15.785]   batchTimeoutHandle - closing             [0;36mpath[0m = /tmp/TestPruningStorer_ConcurrentOperations1217840472/001/epoch_0/shard_0/id 
[0;36mDEBUG[0m[2026-03-16 10:14:15.785]   called ChangeEpochSimple                 [0;36mepoch[0m = 2 
[0;36mDEBUG[0m[2026-03-16 10:14:15.785]   PruningStorer - change epoch             [0;36munit[0m = id [0;36mepoch[0m = 1 [0;36mbytes in cache[0m = 0 
[0;36mDEBUG[0m[2026-03-16 10:14:15.785]   GetDBConfig: loaded db config from toml config file [0;36mconfig path[0m = /tmp/TestPruningStorer_ConcurrentOperations1217840472/001/epoch_0/shard_0/id [0;36mconfiguration[0m = &{FilePath:/tmp/TestPruningStorer_ConcurrentOperations1217840472/001/db-concurrent-test Type:LvlDBSerial BatchDelaySeconds:2 MaxBatchSize:100 MaxOpenFiles:10 UseTmpAsFilePath:false ShardIDProviderType: NumShards:0} 
[0;36mDEBUG[0m[2026-03-16 10:14:15.797]   opened serial level db persister         [0;36mpath[0m = /tmp/TestPruningStorer_ConcurrentOperations1217840472/001/epoch_0/shard_0/id [0;36mcreated pointer[0m = 0xc002209880 [0;36mglobal db counter[0m = 4 [0;36mNewSerialDB[0m = 0.0115s [0;36mmkdirAll[0m = 0.0000s [0;36mopenLevelDB[0m = 0.0115s 
[0;36mDEBUG[0m[2026-03-16 10:14:15.797]   change epoch pruning storer success      [0;36mpersister[0m = id [0;36mepoch[0m = 1 
[0;36mDEBUG[0m[2026-03-16 10:14:15.797]   PruningStorer.processPersistersToClose   [0;36mepochs to close[0m = [] [0;36mbefore process[0m = [1 0] [0;36mafter process[0m = [1 0] 
[0;36mDEBUG[0m[2026-03-16 10:14:15.797]   called ChangeEpochSimple                 [0;36mepoch[0m = 1 
[0;36mDEBUG[0m[2026-03-16 10:14:15.797]   PruningStorer - change epoch             [0;36munit[0m = id [0;36mepoch[0m = 2 [0;36mbytes in cache[0m = 0 
[0;36mDEBUG[0m[2026-03-16 10:14:15.797]   change epoch pruning storer success      [0;36mpersister[0m = id [0;36mepoch[0m = 2 
[0;36mDEBUG[0m[2026-03-16 10:14:15.797]   PruningStorer.processPersistersToClose   [0;36mepochs to close[0m = [0] [0;36mbefore process[0m = [2 1 0] [0;36mafter process[0m = [2 1] 
[0;36mDEBUG[0m[2026-03-16 10:14:15.798]   makeDbPointerNilReturningLast            [0;36mpath[0m = /tmp/TestPruningStorer_ConcurrentOperations1217840472/001/epoch_0/shard_0/id [0;36mnilled pointer[0m = 0xc002209880 [0;36mglobal db counter[0m = 3 
[0;36mDEBUG[0m[2026-03-16 10:14:15.798]   processLoop - closing the leveldb process loop [0;36mpath[0m = /tmp/TestPruningStorer_ConcurrentOperations1217840472/001/epoch_0/shard_0/id 
[0;36mDEBUG[0m[2026-03-16 10:14:15.798]   batchTimeoutHandle - closing             [0;36mpath[0m = /tmp/TestPruningStorer_ConcurrentOperations1217840472/001/epoch_0/shard_0/id 
[0;36mDEBUG[0m[2026-03-16 10:14:15.798]   called ChangeEpochSimple                 [0;36mepoch[0m = 2 
[0;36mDEBUG[0m[2026-03-16 10:14:15.798]   PruningStorer - change epoch             [0;36munit[0m = id [0;36mepoch[0m = 3 [0;36mbytes in cache[0m = 0 
[0;36mDEBUG[0m[2026-03-16 10:14:15.798]   change epoch pruning storer success      [0;36mpersister[0m = id [0;36mepoch[0m = 3 
[0;36mDEBUG[0m[2026-03-16 10:14:15.798]   PruningStorer.processPersistersToClose   [0;36mepochs to close[0m = [1] [0;36mbefore process[0m = [3 2 1] [0;36mafter process[0m = [3 2] 
[0;36mDEBUG[0m[2026-03-16 10:14:15.798]   makeDbPointerNilReturningLast            [0;36mpath[0m = /tmp/TestPruningStorer_ConcurrentOperations1217840472/001/epoch_1/shard_0/id [0;36mnilled pointer[0m = 0xc0003621c0 [0;36mglobal db counter[0m = 2 
[0;36mDEBUG[0m[2026-03-16 10:14:15.798]   batchTimeoutHandle - closing             [0;36mpath[0m = /tmp/TestPruningStorer_ConcurrentOperations1217840472/001/epoch_1/shard_0/id 
[0;36mDEBUG[0m[2026-03-16 10:14:15.798]   processLoop - closing the leveldb process loop [0;36mpath[0m = /tmp/TestPruningStorer_ConcurrentOperations1217840472/001/epoch_1/shard_0/id 
[0;36mDEBUG[0m[2026-03-16 10:14:15.798]   called ChangeEpochSimple                 [0;36mepoch[0m = 3 
[0;36mDEBUG[0m[2026-03-16 10:14:15.798]   PruningStorer - change epoch             [0;36munit[0m = id [0;36mepoch[0m = 2 [0;36mbytes in cache[0m = 0 
[0;36mDEBUG[0m[2026-03-16 10:14:15.798]   GetDBConfig: loaded db config from toml config file [0;36mconfig path[0m = /tmp/TestPruningStorer_ConcurrentOperations1217840472/001/epoch_1/shard_0/id [0;36mconfiguration[0m = &{FilePath:/tmp/TestPruningStorer_ConcurrentOperations1217840472/001/db-concurrent-test Type:LvlDBSerial BatchDelaySeconds:2 MaxBatchSize:100 MaxOpenFiles:10 UseTmpAsFilePath:false ShardIDProviderType: NumShards:0} 
[0;36mDEBUG[0m[2026-03-16 10:14:15.805]   opened serial level db persister         [0;36mpath[0m = /tmp/TestPruningStorer_ConcurrentOperations1217840472/001/epoch_1/shard_0/id [0;36mcreated pointer[0m = 0xc000490fc0 [0;36mglobal db counter[0m = 3 [0;36mNewSerialDB[0m = 0.0069s [0;36mmkdirAll[0m = 0.0000s [0;36mopenLevelDB[0m = 0.0068s 
[0;36mDEBUG[0m[2026-03-16 10:14:15.805]   change epoch pruning storer success      [0;36mpersister[0m = id [0;36mepoch[0m = 2 
[0;36mDEBUG[0m[2026-03-16 10:14:15.805]   PruningStorer.processPersistersToClose   [0;36mepochs to close[0m = [] [0;36mbefore process[0m = [2 1] [0;36mafter process[0m = [2 1] 
[0;36mDEBUG[0m[2026-03-16 10:14:15.805]   called ChangeEpochSimple                 [0;36mepoch[0m = 2 
[0;36mDEBUG[0m[2026-03-16 10:14:15.805]   PruningStorer - change epoch             [0;36munit[0m = id [0;36mepoch[0m = 3 [0;36mbytes in cache[0m = 0 
[0;36mDEBUG[0m[2026-03-16 10:14:15.805]   change epoch pruning storer success      [0;36mpersister[0m = id [0;36mepoch[0m = 3 
[0;36mDEBUG[0m[2026-03-16 10:14:15.805]   PruningStorer.processPersistersToClose   [0;36mepochs to close[0m = [1] [0;36mbefore process[0m = [3 2 1] [0;36mafter process[0m = [3 2] 
[0;36mDEBUG[0m[2026-03-16 10:14:15.805]   makeDbPointerNilReturningLast            [0;36mpath[0m = /tmp/TestPruningStorer_ConcurrentOperations1217840472/001/epoch_1/shard_0/id [0;36mnilled pointer[0m = 0xc000490fc0 [0;36mglobal db counter[0m = 2 
[0;36mDEBUG[0m[2026-03-16 10:14:15.805]   processLoop - closing the leveldb process loop [0;36mpath[0m = /tmp/TestPruningStorer_ConcurrentOperations1217840472/001/epoch_1/shard_0/id 
[0;36mDEBUG[0m[2026-03-16 10:14:15.805]   batchTimeoutHandle - closing             [0;36mpath[0m = /tmp/TestPruningStorer_ConcurrentOperations1217840472/001/epoch_1/shard_0/id 
[0;36mDEBUG[0m[2026-03-16 10:14:15.805]   called ChangeEpochSimple                 [0;36mepoch[0m = 3 
[0;36mDEBUG[0m[2026-03-16 10:14:15.805]   PruningStorer - change epoch             [0;36munit[0m = id [0;36mepoch[0m = 4 [0;36mbytes in cache[0m = 0 
[0;36mDEBUG[0m[2026-03-16 10:14:15.805]   GetDBConfig: loaded db config from main config file [0;36mconfiguration[0m = {FilePath:/tmp/TestPruningStorer_ConcurrentOperations1217840472/001/db-concurrent-test Type:LvlDBSerial BatchDelaySeconds:2 MaxBatchSize:100 MaxOpenFiles:10 UseTmpAsFilePath:false ShardIDProviderType: NumShards:0} 
[0;36mDEBUG[0m[2026-03-16 10:14:15.812]   opened serial level db persister         [0;36mpath[0m = /tmp/TestPruningStorer_ConcurrentOperations1217840472/001/epoch_4/shard_0/id [0;36mcreated pointer[0m = 0xc000362380 [0;36mglobal db counter[0m = 3 [0;36mNewSerialDB[0m = 0.0073s [0;36mmkdirAll[0m = 0.0001s [0;36mopenLevelDB[0m = 0.0072s 
[0;36mDEBUG[0m[2026-03-16 10:14:15.812]   PruningStorer.processPersistersToClose   [0;36mepochs to close[0m = [2] [0;36mbefore process[0m = [4 3 2] [0;36mafter process[0m = [4 3] 
[0;36mDEBUG[0m[2026-03-16 10:14:15.812]   makeDbPointerNilReturningLast            [0;36mpath[0m = /tmp/TestPruningStorer_ConcurrentOperations1217840472/001/epoch_2/shard_0/id [0;36mnilled pointer[0m = 0xc0002836c0 [0;36mglobal db counter[0m = 2 
[0;36mDEBUG[0m[2026-03-16 10:14:15.812]   batchTimeoutHandle - closing             [0;36mpath[0m = /tmp/TestPruningStorer_ConcurrentOperations1217840472/001/epoch_2/shard_0/id 
[0;36mDEBUG[0m[2026-03-16 10:14:15.812]   processLoop - closing the leveldb process loop [0;36mpath[0m = /tmp/TestPruningStorer_ConcurrentOperations1217840472/001/epoch_2/shard_0/id 
[0;36mDEBUG[0m[2026-03-16 10:14:15.812]   called ChangeEpochSimple                 [0;36mepoch[0m = 4 
[0;36mDEBUG[0m[2026-03-16 10:14:15.812]   PruningStorer - change epoch             [0;36munit[0m = id [0;36mepoch[0m = 5 [0;36mbytes in cache[0m = 0 
[0;36mDEBUG[0m[2026-03-16 10:14:15.812]   GetDBConfig: loaded db config from main config file [0;36mconfiguration[0m = {FilePath:/tmp/TestPruningStorer_ConcurrentOperations1217840472/001/db-concurrent-test Type:LvlDBSerial BatchDelaySeconds:2 MaxBatchSize:100 MaxOpenFiles:10 UseTmpAsFilePath:false ShardIDProviderType: NumShards:0} 
[0;36mDEBUG[0m[2026-03-16 10:14:15.818]   opened serial level db persister         [0;36mpath[0m = /tmp/TestPruningStorer_ConcurrentOperations1217840472/001/epoch_5/shard_0/id [0;36mcreated pointer[0m = 0xc002209a40 [0;36mglobal db counter[0m = 3 [0;36mNewSerialDB[0m = 0.0052s [0;36mmkdirAll[0m = 0.0001s [0;36mopenLevelDB[0m = 0.0051s 
[0;36mDEBUG[0m[2026-03-16 10:14:15.818]   PruningStorer.processPersistersToClose   [0;36mepochs to close[0m = [3] [0;36mbefore process[0m = [5 4 3] [0;36mafter process[0m = [5 4] 
[0;36mDEBUG[0m[2026-03-16 10:14:15.818]   makeDbPointerNilReturningLast            [0;36mpath[0m = /tmp/TestPruningStorer_ConcurrentOperations1217840472/001/epoch_3/shard_0/id [0;36mnilled pointer[0m = 0xc000105a40 [0;36mglobal db counter[0m = 2 
[0;36mDEBUG[0m[2026-03-16 10:14:15.818]   processLoop - closing the leveldb process loop [0;36mpath[0m = /tmp/TestPruningStorer_ConcurrentOperations1217840472/001/epoch_3/shard_0/id 
[0;36mDEBUG[0m[2026-03-16 10:14:15.818]   batchTimeoutHandle - closing             [0;36mpath[0m = /tmp/TestPruningStorer_ConcurrentOperations1217840472/001/epoch_3/shard_0/id 
[0;36mDEBUG[0m[2026-03-16 10:14:15.818]   called ChangeEpochSimple                 [0;36mepoch[0m = 5 
[0;36mDEBUG[0m[2026-03-16 10:14:15.818]   PruningStorer - change epoch             [0;36munit[0m = id [0;36mepoch[0m = 6 [0;36mbytes in cache[0m = 0 
[0;36mDEBUG[0m[2026-03-16 10:14:15.818]   GetDBConfig: loaded db config from main config file [0;36mconfiguration[0m = {FilePath:/tmp/TestPruningStorer_ConcurrentOperations1217840472/001/db-concurrent-test Type:LvlDBSerial BatchDelaySeconds:2 MaxBatchSize:100 MaxOpenFiles:10 UseTmpAsFilePath:false ShardIDProviderType: NumShards:0} 
[0;36mDEBUG[0m[2026-03-16 10:14:15.826]   opened serial level db persister         [0;36mpath[0m = /tmp/TestPruningStorer_ConcurrentOperations1217840472/001/epoch_6/shard_0/id [0;36mcreated pointer[0m = 0xc000490380 [0;36mglobal db counter[0m = 3 [0;36mNewSerialDB[0m = 0.0078s [0;36mmkdirAll[0m = 0.0014s [0;36mopenLevelDB[0m = 0.0064s 
[0;36mDEBUG[0m[2026-03-16 10:14:15.826]   PruningStorer.processPersistersToClose   [0;36mepochs to close[0m = [4] [0;36mbefore process[0m = [6 5 4] [0;36mafter process[0m = [6 5] 
[0;36mDEBUG[0m[2026-03-16 10:14:15.826]   makeDbPointerNilReturningLast            [0;36mpath[0m = /tmp/TestPruningStorer_ConcurrentOperations1217840472/001/epoch_4/shard_0/id [0;36mnilled pointer[0m = 0xc000362380 [0;36mglobal db counter[0m = 2 
[0;36mDEBUG[0m[2026-03-16 10:14:15.826]   batchTimeoutHandle - closing             [0;36mpath[0m = /tmp/TestPruningStorer_ConcurrentOperations1217840472/001/epoch_4/shard_0/id 
[0;36mDEBUG[0m[2026-03-16 10:14:15.826]   processLoop - closing the leveldb process loop [0;36mpath[0m = /tmp/TestPruningStorer_ConcurrentOperations1217840472/001/epoch_4/shard_0/id 
[0;36mDEBUG[0m[2026-03-16 10:14:15.826]   called ChangeEpochSimple                 [0;36mepoch[0m = 6 
[0;36mDEBUG[0m[2026-03-16 10:14:15.826]   PruningStorer - change epoch             [0;36munit[0m = id [0;36mepoch[0m = 7 [0;36mbytes in cache[0m = 0 
[0;36mDEBUG[0m[2026-03-16 10:14:15.826]   GetDBConfig: loaded db config from main config file [0;36mconfiguration[0m = {FilePath:/tmp/TestPruningStorer_ConcurrentOperations1217840472/001/db-concurrent-test Type:LvlDBSerial BatchDelaySeconds:2 MaxBatchSize:100 MaxOpenFiles:10 UseTmpAsFilePath:false ShardIDProviderType: NumShards:0} 
[0;36mDEBUG[0m[2026-03-16 10:14:15.832]   opened serial level db persister         [0;36mpath[0m = /tmp/TestPruningStorer_ConcurrentOperations1217840472/001/epoch_7/shard_0/id [0;36mcreated pointer[0m = 0xc000491a40 [0;36mglobal db counter[0m = 3 [0;36mNewSerialDB[0m = 0.0056s [0;36mmkdirAll[0m = 0.0002s [0;36mopenLevelDB[0m = 0.0054s 
[0;36mDEBUG[0m[2026-03-16 10:14:15.832]   PruningStorer.processPersistersToClose   [0;36mepochs to close[0m = [5] [0;36mbefore process[0m = [7 6 5] [0;36mafter process[0m = [7 6] 
[0;36mDEBUG[0m[2026-03-16 10:14:15.832]   makeDbPointerNilReturningLast            [0;36mpath[0m = /tmp/TestPruningStorer_ConcurrentOperations1217840472/001/epoch_5/shard_0/id [0;36mnilled pointer[0m = 0xc002209a40 [0;36mglobal db counter[0m = 2 
[0;36mDEBUG[0m[2026-03-16 10:14:15.832]   batchTimeoutHandle - closing             [0;36mpath[0m = /tmp/TestPruningStorer_ConcurrentOperations1217840472/001/epoch_5/shard_0/id 
[0;36mDEBUG[0m[2026-03-16 10:14:15.832]   processLoop - closing the leveldb process loop [0;36mpath[0m = /tmp/TestPruningStorer_ConcurrentOperations1217840472/001/epoch_5/shard_0/id 
[0;36mDEBUG[0m[2026-03-16 10:14:15.832]   called ChangeEpochSimple                 [0;36mepoch[0m = 7 
[0;36mDEBUG[0m[2026-03-16 10:14:15.832]   PruningStorer - change epoch             [0;36munit[0m = id [0;36mepoch[0m = 6 [0;36mbytes in cache[0m = 0 
[0;36mDEBUG[0m[2026-03-16 10:14:15.832]   GetDBConfig: loaded db config from toml config file [0;36mconfig path[0m = /tmp/TestPruningStorer_ConcurrentOperations1217840472/001/epoch_5/shard_0/id [0;36mconfiguration[0m = &{FilePath:/tmp/TestPruningStorer_ConcurrentOperations1217840472/001/db-concurrent-test Type:LvlDBSerial BatchDelaySeconds:2 MaxBatchSize:100 MaxOpenFiles:10 UseTmpAsFilePath:false ShardIDProviderType: NumShards:0} 
[0;36mDEBUG[0m[2026-03-16 10:14:15.840]   opened serial level db persister         [0;36mpath[0m = /tmp/TestPruningStorer_ConcurrentOperations1217840472/001/epoch_5/shard_0/id [0;36mcreated pointer[0m = 0xc000362a80 [0;36mglobal db counter[0m = 3 [0;36mNewSerialDB[0m = 0.0073s [0;36mmkdirAll[0m = 0.0000s [0;36mopenLevelDB[0m = 0.0073s 
[0;36mDEBUG[0m[2026-03-16 10:14:15.840]   change epoch pruning storer success      [0;36mpersister[0m = id [0;36mepoch[0m = 6 
[0;36mDEBUG[0m[2026-03-16 10:14:15.840]   PruningStorer.processPersistersToClose   [0;36mepochs to close[0m = [] [0;36mbefore process[0m = [6 5] [0;36mafter process[0m = [6 5] 
[0;36mDEBUG[0m[2026-03-16 10:14:15.840]   called ChangeEpochSimple                 [0;36mepoch[0m = 6 
[0;36mDEBUG[0m[2026-03-16 10:14:15.840]   PruningStorer - change epoch             [0;36munit[0m = id [0;36mepoch[0m = 7 [0;36mbytes in cache[0m = 0 
[0;36mDEBUG[0m[2026-03-16 10:14:15.840]   change epoch pruning storer success      [0;36mpersister[0m = id [0;36mepoch[0m = 7 
[0;36mDEBUG[0m[2026-03-16 10:14:15.840]   PruningStorer.processPersistersToClose   [0;36mepochs to close[0m = [5] [0;36mbefore process[0m = [7 6 5] [0;36mafter process[0m = [7 6] 
[0;36mDEBUG[0m[2026-03-16 10:14:15.840]   makeDbPointerNilReturningLast            [0;36mpath[0m = /tmp/TestPruningStorer_ConcurrentOperations1217840472/001/epoch_5/shard_0/id [0;36mnilled pointer[0m = 0xc000362a80 [0;36mglobal db counter[0m = 2 
[0;36mDEBUG[0m[2026-03-16 10:14:15.840]   processLoop - closing the leveldb process loop [0;36mpath[0m = /tmp/TestPruningStorer_ConcurrentOperations1217840472/001/epoch_5/shard_0/id 
[0;36mDEBUG[0m[2026-03-16 10:14:15.840]   batchTimeoutHandle - closing             [0;36mpath[0m = /tmp/TestPruningStorer_ConcurrentOperations1217840472/001/epoch_5/shard_0/id 
[0;36mDEBUG[0m[2026-03-16 10:14:15.840]   called ChangeEpochSimple                 [0;36mepoch[0m = 7 
[0;36mDEBUG[0m[2026-03-16 10:14:15.840]   PruningStorer - change epoch             [0;36munit[0m = id [0;36mepoch[0m = 8 [0;36mbytes in cache[0m = 0 
[0;36mDEBUG[0m[2026-03-16 10:14:15.840]   GetDBConfig: loaded db config from main config file [0;36mconfiguration[0m = {FilePath:/tmp/TestPruningStorer_ConcurrentOperations1217840472/001/db-concurrent-test Type:LvlDBSerial BatchDelaySeconds:2 MaxBatchSize:100 MaxOpenFiles:10 UseTmpAsFilePath:false ShardIDProviderType: NumShards:0} 
[0;36mDEBUG[0m[2026-03-16 10:14:15.845]   opened serial level db persister         [0;36mpath[0m = /tmp/TestPruningStorer_ConcurrentOperations1217840472/001/epoch_8/shard_0/id [0;36mcreated pointer[0m = 0xc000363880 [0;36mglobal db counter[0m = 3 [0;36mNewSerialDB[0m = 0.0054s [0;36mmkdirAll[0m = 0.0003s [0;36mopenLevelDB[0m = 0.0051s 
[0;36mDEBUG[0m[2026-03-16 10:14:15.845]   PruningStorer.processPersistersToClose   [0;36mepochs to close[0m = [6] [0;36mbefore process[0m = [8 7 6] [0;36mafter process[0m = [8 7] 
[0;36mDEBUG[0m[2026-03-16 10:14:15.845]   makeDbPointerNilReturningLast            [0;36mpath[0m = /tmp/TestPruningStorer_ConcurrentOperations1217840472/001/epoch_6/shard_0/id [0;36mnilled pointer[0m = 0xc000490380 [0;36mglobal db counter[0m = 2 
[0;36mDEBUG[0m[2026-03-16 10:14:15.845]   processLoop - closing the leveldb process loop [0;36mpath[0m = /tmp/TestPruningStorer_ConcurrentOperations1217840472/001/epoch_6/shard_0/id 
[0;36mDEBUG[0m[2026-03-16 10:14:15.845]   batchTimeoutHandle - closing             [0;36mpath[0m = /tmp/TestPruningStorer_ConcurrentOperations1217840472/001/epoch_6/shard_0/id 
[0;36mDEBUG[0m[2026-03-16 10:14:15.845]   called ChangeEpochSimple                 [0;36mepoch[0m = 8 
[0;36mDEBUG[0m[2026-03-16 10:14:15.845]   PruningStorer - change epoch             [0;36munit[0m = id [0;36mepoch[0m = 9 [0;36mbytes in cache[0m = 0 
[0;36mDEBUG[0m[2026-03-16 10:14:15.845]   GetDBConfig: loaded db config from main config file [0;36mconfiguration[0m = {FilePath:/tmp/TestPruningStorer_ConcurrentOperations1217840472/001/db-concurrent-test Type:LvlDBSerial BatchDelaySeconds:2 MaxBatchSize:100 MaxOpenFiles:10 UseTmpAsFilePath:false ShardIDProviderType: NumShards:0} 
[0;36mDEBUG[0m[2026-03-16 10:14:15.853]   opened serial level db persister         [0;36mpath[0m = /tmp/TestPruningStorer_ConcurrentOperations1217840472/001/epoch_9/shard_0/id [0;36mcreated pointer[0m = 0xc002209500 [0;36mglobal db counter[0m = 3 [0;36mNewSerialDB[0m = 0.0075s [0;36mmkdirAll[0m = 0.0001s [0;36mopenLevelDB[0m = 0.0074s 
[0;36mDEBUG[0m[2026-03-16 10:14:15.853]   PruningStorer.processPersistersToClose   [0;36mepochs to close[0m = [7] [0;36mbefore process[0m = [9 8 7] [0;36mafter process[0m = [9 8] 
[0;36mDEBUG[0m[2026-03-16 10:14:15.853]   makeDbPointerNilReturningLast            [0;36mpath[0m = /tmp/TestPruningStorer_ConcurrentOperations1217840472/001/epoch_7/shard_0/id [0;36mnilled pointer[0m = 0xc000491a40 [0;36mglobal db counter[0m = 2 
[0;36mDEBUG[0m[2026-03-16 10:14:15.853]   processLoop - closing the leveldb process loop [0;36mpath[0m = /tmp/TestPruningStorer_ConcurrentOperations1217840472/001/epoch_7/shard_0/id 
[0;36mDEBUG[0m[2026-03-16 10:14:15.853]   batchTimeoutHandle - closing             [0;36mpath[0m = /tmp/TestPruningStorer_ConcurrentOperations1217840472/001/epoch_7/shard_0/id 
[0;36mDEBUG[0m[2026-03-16 10:14:15.853]   called ChangeEpochSimple                 [0;36mepoch[0m = 9 
[0;36mDEBUG[0m[2026-03-16 10:14:15.853]   PruningStorer - change epoch             [0;36munit[0m = id [0;36mepoch[0m = 10 [0;36mbytes in cache[0m = 0 
[0;36mDEBUG[0m[2026-03-16 10:14:15.853]   GetDBConfig: loaded db config from main config file [0;36mconfiguration[0m = {FilePath:/tmp/TestPruningStorer_ConcurrentOperations1217840472/001/db-concurrent-test Type:LvlDBSerial BatchDelaySeconds:2 MaxBatchSize:100 MaxOpenFiles:10 UseTmpAsFilePath:false ShardIDProviderType: NumShards:0} 
[0;36mDEBUG[0m[2026-03-16 10:14:15.861]   opened serial level db persister         [0;36mpath[0m = /tmp/TestPruningStorer_ConcurrentOperations1217840472/001/epoch_10/shard_0/id [0;36mcreated pointer[0m = 0xc0001581c0 [0;36mglobal db counter[0m = 3 [0;36mNewSerialDB[0m = 0.0080s [0;36mmkdirAll[0m = 0.0001s [0;36mopenLevelDB[0m = 0.0080s 
[0;36mDEBUG[0m[2026-03-16 10:14:15.861]   PruningStorer.processPersistersToClose   [0;36mepochs to close[0m = [8] [0;36mbefore process[0m = [10 9 8] [0;36mafter process[0m = [10 9] 
[0;36mDEBUG[0m[2026-03-16 10:14:15.861]   makeDbPointerNilReturningLast            [0;36mpath[0m = /tmp/TestPruningStorer_ConcurrentOperations1217840472/001/epoch_8/shard_0/id [0;36mnilled pointer[0m = 0xc000363880 [0;36mglobal db counter[0m = 2 
[0;36mDEBUG[0m[2026-03-16 10:14:15.861]   processLoop - closing the leveldb process loop [0;36mpath[0m = /tmp/TestPruningStorer_ConcurrentOperations1217840472/001/epoch_8/shard_0/id 
[0;36mDEBUG[0m[2026-03-16 10:14:15.861]   batchTimeoutHandle - closing             [0;36mpath[0m = /tmp/TestPruningStorer_ConcurrentOperations1217840472/001/epoch_8/shard_0/id 
[0;36mDEBUG[0m[2026-03-16 10:14:15.861]   called ChangeEpochSimple                 [0;36mepoch[0m = 10 
[0;36mDEBUG[0m[2026-03-16 10:14:15.861]   PruningStorer - change epoch             [0;36munit[0m = id [0;36mepoch[0m = 9 [0;36mbytes in cache[0m = 0 
[0;36mDEBUG[0m[2026-03-16 10:14:15.861]   GetDBConfig: loaded db config from toml config file [0;36mconfig path[0m = /tmp/TestPruningStorer_ConcurrentOperations1217840472/001/epoch_8/shard_0/id [0;36mconfiguration[0m = &{FilePath:/tmp/TestPruningStorer_ConcurrentOperations1217840472/001/db-concurrent-test Type:LvlDBSerial BatchDelaySeconds:2 MaxBatchSize:100 MaxOpenFiles:10 UseTmpAsFilePath:false ShardIDProviderType: NumShards:0} 
[0;36mDEBUG[0m[2026-03-16 10:14:15.868]   opened serial level db persister         [0;36mpath[0m = /tmp/TestPruningStorer_ConcurrentOperations1217840472/001/epoch_8/shard_0/id [0;36mcreated pointer[0m = 0xc000158e00 [0;36mglobal db counter[0m = 3 [0;36mNewSerialDB[0m = 0.0062s [0;36mmkdirAll[0m = 0.0000s [0;36mopenLevelDB[0m = 0.0062s 
[0;36mDEBUG[0m[2026-03-16 10:14:15.868]   change epoch pruning storer success      [0;36mpersister[0m = id [0;36mepoch[0m = 9 
[0;36mDEBUG[0m[2026-03-16 10:14:15.868]   PruningStorer.processPersistersToClose   [0;36mepochs to close[0m = [] [0;36mbefore process[0m = [9 8] [0;36mafter process[0m = [9 8] 
[0;36mDEBUG[0m[2026-03-16 10:14:15.868]   called ChangeEpochSimple                 [0;36mepoch[0m = 9 
[0;36mDEBUG[0m[2026-03-16 10:14:15.868]   PruningStorer - change epoch             [0;36munit[0m = id [0;36mepoch[0m = 10 [0;36mbytes in cache[0m = 0 
[0;36mDEBUG[0m[2026-03-16 10:14:15.868]   change epoch pruning storer success      [0;36mpersister[0m = id [0;36mepoch[0m = 10 
[0;36mDEBUG[0m[2026-03-16 10:14:15.868]   PruningStorer.processPersistersToClose   [0;36mepochs to close[0m = [8] [0;36mbefore process[0m = [10 9 8] [0;36mafter process[0m = [10 9] 
[0;36mDEBUG[0m[2026-03-16 10:14:15.868]   makeDbPointerNilReturningLast            [0;36mpath[0m = /tmp/TestPruningStorer_ConcurrentOperations1217840472/001/epoch_8/shard_0/id [0;36mnilled pointer[0m = 0xc000158e00 [0;36mglobal db counter[0m = 2 
[0;36mDEBUG[0m[2026-03-16 10:14:15.868]   processLoop - closing the leveldb process loop [0;36mpath[0m = /tmp/TestPruningStorer_ConcurrentOperations1217840472/001/epoch_8/shard_0/id 
[0;36mDEBUG[0m[2026-03-16 10:14:15.868]   batchTimeoutHandle - closing             [0;36mpath[0m = /tmp/TestPruningStorer_ConcurrentOperations1217840472/001/epoch_8/shard_0/id 
[0;36mDEBUG[0m[2026-03-16 10:14:15.868]   called ChangeEpochSimple                 [0;36mepoch[0m = 10 
[0;36mDEBUG[0m[2026-03-16 10:14:15.868]   PruningStorer - change epoch             [0;36munit[0m = id [0;36mepoch[0m = 11 [0;36mbytes in cache[0m = 0 
[0;36mDEBUG[0m[2026-03-16 10:14:15.868]   GetDBConfig: loaded db config from main config file [0;36mconfiguration[0m = {FilePath:/tmp/TestPruningStorer_ConcurrentOperations1217840472/001/db-concurrent-test Type:LvlDBSerial BatchDelaySeconds:2 MaxBatchSize:100 MaxOpenFiles:10 UseTmpAsFilePath:false ShardIDProviderType: NumShards:0} 
[0;36mDEBUG[0m[2026-03-16 10:14:15.872]   opened serial level db persister         [0;36mpath[0m = /tmp/TestPruningStorer_ConcurrentOperations1217840472/001/epoch_11/shard_0/id [0;36mcreated pointer[0m = 0xc00041c540 [0;36mglobal db counter[0m = 3 [0;36mNewSerialDB[0m = 0.0041s [0;36mmkdirAll[0m = 0.0001s [0;36mopenLevelDB[0m = 0.0040s 
[0;36mDEBUG[0m[2026-03-16 10:14:15.872]   PruningStorer.processPersistersToClose   [0;36mepochs to close[0m = [9] [0;36mbefore process[0m = [11 10 9] [0;36mafter process[0m = [11 10] 
[0;36mDEBUG[0m[2026-03-16 10:14:15.872]   makeDbPointerNilReturningLast            [0;36mpath[0m = /tmp/TestPruningStorer_ConcurrentOperations1217840472/001/epoch_9/shard_0/id [0;36mnilled pointer[0m = 0xc002209500 [0;36mglobal db counter[0m = 2 
[0;36mDEBUG[0m[2026-03-16 10:14:15.872]   batchTimeoutHandle - closing             [0;36mpath[0m = /tmp/TestPruningStorer_ConcurrentOperations1217840472/001/epoch_9/shard_0/id 
[0;36mDEBUG[0m[2026-03-16 10:14:15.872]   processLoop - closing the leveldb process loop [0;36mpath[0m = /tmp/TestPruningStorer_ConcurrentOperations1217840472/001/epoch_9/shard_0/id 
[0;36mDEBUG[0m[2026-03-16 10:14:15.872]   called ChangeEpochSimple                 [0;36mepoch[0m = 11 
[0;36mDEBUG[0m[2026-03-16 10:14:15.872]   PruningStorer - change epoch             [0;36munit[0m = id [0;36mepoch[0m = 12 [0;36mbytes in cache[0m = 0 
[0;36mDEBUG[0m[2026-03-16 10:14:15.872]   GetDBConfig: loaded db config from main config file [0;36mconfiguration[0m = {FilePath:/tmp/TestPruningStorer_ConcurrentOperations1217840472/001/db-concurrent-test Type:LvlDBSerial BatchDelaySeconds:2 MaxBatchSize:100 MaxOpenFiles:10 UseTmpAsFilePath:false ShardIDProviderType: NumShards:0} 
[0;36mDEBUG[0m[2026-03-16 10:14:15.875]   opened serial level db persister         [0;36mpath[0m = /tmp/TestPruningStorer_ConcurrentOperations1217840472/001/epoch_12/shard_0/id [0;36mcreated pointer[0m = 0xc000363500 [0;36mglobal db counter[0m = 3 [0;36mNewSerialDB[0m = 0.0023s [0;36mmkdirAll[0m = 0.0001s [0;36mopenLevelDB[0m = 0.0022s 
[0;36mDEBUG[0m[2026-03-16 10:14:15.875]   PruningStorer.processPersistersToClose   [0;36mepochs to close[0m = [10] [0;36mbefore process[0m = [12 11 10] [0;36mafter process[0m = [12 11] 
[0;36mDEBUG[0m[2026-03-16 10:14:15.875]   makeDbPointerNilReturningLast            [0;36mpath[0m = /tmp/TestPruningStorer_ConcurrentOperations1217840472/001/epoch_10/shard_0/id [0;36mnilled pointer[0m = 0xc0001581c0 [0;36mglobal db counter[0m = 2 
[0;36mDEBUG[0m[2026-03-16 10:14:15.875]   processLoop - closing the leveldb process loop [0;36mpath[0m = /tmp/TestPruningStorer_ConcurrentOperations1217840472/001/epoch_10/shard_0/id 
[0;36mDEBUG[0m[2026-03-16 10:14:15.875]   batchTimeoutHandle - closing             [0;36mpath[0m = /tmp/TestPruningStorer_ConcurrentOperations1217840472/001/epoch_10/shard_0/id 
[0;36mDEBUG[0m[2026-03-16 10:14:15.875]   called ChangeEpochSimple                 [0;36mepoch[0m = 12 
[0;36mDEBUG[0m[2026-03-16 10:14:15.875]   PruningStorer - change epoch             [0;36munit[0m = id [0;36mepoch[0m = 13 [0;36mbytes in cache[0m = 0 
[0;36mDEBUG[0m[2026-03-16 10:14:15.875]   GetDBConfig: loaded db config from main config file [0;36mconfiguration[0m = {FilePath:/tmp/TestPruningStorer_ConcurrentOperations1217840472/001/db-concurrent-test Type:LvlDBSerial BatchDelaySeconds:2 MaxBatchSize:100 MaxOpenFiles:10 UseTmpAsFilePath:false ShardIDProviderType: NumShards:0} 
[0;36mDEBUG[0m[2026-03-16 10:14:15.881]   opened serial level db persister         [0;36mpath[0m = /tmp/TestPruningStorer_ConcurrentOperations1217840472/001/epoch_13/shard_0/id [0;36mcreated pointer[0m = 0xc002208540 [0;36mglobal db counter[0m = 3 [0;36mNewSerialDB[0m = 0.0058s [0;36mmkdirAll[0m = 0.0001s [0;36mopenLevelDB[0m = 0.0057s 
[0;36mDEBUG[0m[2026-03-16 10:14:15.881]   PruningStorer.processPersistersToClose   [0;36mepochs to close[0m = [11] [0;36mbefore process[0m = [13 12 11] [0;36mafter process[0m = [13 12] 
[0;36mDEBUG[0m[2026-03-16 10:14:15.881]   makeDbPointerNilReturningLast            [0;36mpath[0m = /tmp/TestPruningStorer_ConcurrentOperations1217840472/001/epoch_11/shard_0/id [0;36mnilled pointer[0m = 0xc00041c540 [0;36mglobal db counter[0m = 2 
[0;36mDEBUG[0m[2026-03-16 10:14:15.881]   processLoop - closing the leveldb process loop [0;36mpath[0m = /tmp/TestPruningStorer_ConcurrentOperations1217840472/001/epoch_11/shard_0/id 
[0;36mDEBUG[0m[2026-03-16 10:14:15.881]   batchTimeoutHandle - closing             [0;36mpath[0m = /tmp/TestPruningStorer_ConcurrentOperations1217840472/001/epoch_11/shard_0/id 
[0;36mDEBUG[0m[2026-03-16 10:14:15.881]   called ChangeEpochSimple                 [0;36mepoch[0m = 13 
[0;36mDEBUG[0m[2026-03-16 10:14:15.881]   PruningStorer - change epoch             [0;36munit[0m = id [0;36mepoch[0m = 14 [0;36mbytes in cache[0m = 0 
[0;36mDEBUG[0m[2026-03-16 10:14:15.881]   GetDBConfig: loaded db config from main config file [0;36mconfiguration[0m = {FilePath:/tmp/TestPruningStorer_ConcurrentOperations1217840472/001/db-concurrent-test Type:LvlDBSerial BatchDelaySeconds:2 MaxBatchSize:100 MaxOpenFiles:10 UseTmpAsFilePath:false ShardIDProviderType: NumShards:0} 
[0;36mDEBUG[0m[2026-03-16 10:14:15.883]   opened serial level db persister         [0;36mpath[0m = /tmp/TestPruningStorer_ConcurrentOperations1217840472/001/epoch_14/shard_0/id [0;36mcreated pointer[0m = 0xc000159180 [0;36mglobal db counter[0m = 3 [0;36mNewSerialDB[0m = 0.0020s [0;36mmkdirAll[0m = 0.0001s [0;36mopenLevelDB[0m = 0.0019s 
[0;36mDEBUG[0m[2026-03-16 10:14:15.883]   PruningStorer.processPersistersToClose   [0;36mepochs to close[0m = [12] [0;36mbefore process[0m = [14 13 12] [0;36mafter process[0m = [14 13] 
[0;36mDEBUG[0m[2026-03-16 10:14:15.883]   makeDbPointerNilReturningLast            [0;36mpath[0m = /tmp/TestPruningStorer_ConcurrentOperations1217840472/001/epoch_12/shard_0/id [0;36mnilled pointer[0m = 0xc000363500 [0;36mglobal db counter[0m = 2 
[0;36mDEBUG[0m[2026-03-16 10:14:15.883]   processLoop - closing the leveldb process loop [0;36mpath[0m = /tmp/TestPruningStorer_ConcurrentOperations1217840472/001/epoch_12/shard_0/id 
[0;36mDEBUG[0m[2026-03-16 10:14:15.883]   batchTimeoutHandle - closing             [0;36mpath[0m = /tmp/TestPruningStorer_ConcurrentOperations1217840472/001/epoch_12/shard_0/id 
[0;36mDEBUG[0m[2026-03-16 10:14:15.883]   called ChangeEpochSimple                 [0;36mepoch[0m = 14 
[0;36mDEBUG[0m[2026-03-16 10:14:15.883]   PruningStorer - change epoch             [0;36munit[0m = id [0;36mepoch[0m = 15 [0;36mbytes in cache[0m = 0 
[0;36mDEBUG[0m[2026-03-16 10:14:15.883]   GetDBConfig: loaded db config from main config file [0;36mconfiguration[0m = {FilePath:/tmp/TestPruningStorer_ConcurrentOperations1217840472/001/db-concurrent-test Type:LvlDBSerial BatchDelaySeconds:2 MaxBatchSize:100 MaxOpenFiles:10 UseTmpAsFilePath:false ShardIDProviderType: NumShards:0} 
[0;36mDEBUG[0m[2026-03-16 10:14:15.885]   opened serial level db persister         [0;36mpath[0m = /tmp/TestPruningStorer_ConcurrentOperations1217840472/001/epoch_15/shard_0/id [0;36mcreated pointer[0m = 0xc00041d180 [0;36mglobal db counter[0m = 3 [0;36mNewSerialDB[0m = 0.0021s [0;36mmkdirAll[0m = 0.0001s [0;36mopenLevelDB[0m = 0.0020s 
[0;36mDEBUG[0m[2026-03-16 10:14:15.885]   PruningStorer.processPersistersToClose   [0;36mepochs to close[0m = [13] [0;36mbefore process[0m = [15 14 13] [0;36mafter process[0m = [15 14] 
[0;36mDEBUG[0m[2026-03-16 10:14:15.885]   makeDbPointerNilReturningLast            [0;36mpath[0m = /tmp/TestPruningStorer_ConcurrentOperations1217840472/001/epoch_13/shard_0/id [0;36mnilled pointer[0m = 0xc002208540 [0;36mglobal db counter[0m = 2 
[0;36mDEBUG[0m[2026-03-16 10:14:15.885]   batchTimeoutHandle - closing             [0;36mpath[0m = /tmp/TestPruningStorer_ConcurrentOperations1217840472/001/epoch_13/shard_0/id 
[0;36mDEBUG[0m[2026-03-16 10:14:15.885]   processLoop - closing the leveldb process loop [0;36mpath[0m = /tmp/TestPruningStorer_ConcurrentOperations1217840472/001/epoch_13/shard_0/id 
[0;36mDEBUG[0m[2026-03-16 10:14:15.885]   called ChangeEpochSimple                 [0;36mepoch[0m = 15 
[0;36mDEBUG[0m[2026-03-16 10:14:15.885]   PruningStorer - change epoch             [0;36munit[0m = id [0;36mepoch[0m = 14 [0;36mbytes in cache[0m = 0 
[0;36mDEBUG[0m[2026-03-16 10:14:15.885]   GetDBConfig: loaded db config from toml config file [0;36mconfig path[0m = /tmp/TestPruningStorer_ConcurrentOperations1217840472/001/epoch_13/shard_0/id [0;36mconfiguration[0m = &{FilePath:/tmp/TestPruningStorer_ConcurrentOperations1217840472/001/db-concurrent-test Type:LvlDBSerial BatchDelaySeconds:2 MaxBatchSize:100 MaxOpenFiles:10 UseTmpAsFilePath:false ShardIDProviderType: NumShards:0} 
[0;36mDEBUG[0m[2026-03-16 10:14:15.888]   opened serial level db persister         [0;36mpath[0m = /tmp/TestPruningStorer_ConcurrentOperations1217840472/001/epoch_13/shard_0/id [0;36mcreated pointer[0m = 0xc00041d500 [0;36mglobal db counter[0m = 3 [0;36mNewSerialDB[0m = 0.0031s [0;36mmkdirAll[0m = 0.0000s [0;36mopenLevelDB[0m = 0.0031s 
[0;36mDEBUG[0m[2026-03-16 10:14:15.888]   change epoch pruning storer success      [0;36mpersister[0m = id [0;36mepoch[0m = 14 
[0;36mDEBUG[0m[2026-03-16 10:14:15.888]   PruningStorer.processPersistersToClose   [0;36mepochs to close[0m = [] [0;36mbefore process[0m = [14 13] [0;36mafter process[0m = [14 13] 
[0;36mDEBUG[0m[2026-03-16 10:14:15.888]   called ChangeEpochSimple                 [0;36mepoch[0m = 14 
[0;36mDEBUG[0m[2026-03-16 10:14:15.888]   PruningStorer - change epoch             [0;36munit[0m = id [0;36mepoch[0m = 15 [0;36mbytes in cache[0m = 0 
[0;36mDEBUG[0m[2026-03-16 10:14:15.889]   change epoch pruning storer success      [0;36mpersister[0m = id [0;36mepoch[0m = 15 
[0;36mDEBUG[0m[2026-03-16 10:14:15.889]   PruningStorer.processPersistersToClose   [0;36mepochs to close[0m = [13] [0;36mbefore process[0m = [15 14 13] [0;36mafter process[0m = [15 14] 
[0;36mDEBUG[0m[2026-03-16 10:14:15.889]   makeDbPointerNilReturningLast            [0;36mpath[0m = /tmp/TestPruningStorer_ConcurrentOperations1217840472/001/epoch_13/shard_0/id [0;36mnilled pointer[0m = 0xc00041d500 [0;36mglobal db counter[0m = 2 
[0;36mDEBUG[0m[2026-03-16 10:14:15.889]   batchTimeoutHandle - closing             [0;36mpath[0m = /tmp/TestPruningStorer_ConcurrentOperations1217840472/001/epoch_13/shard_0/id 
[0;36mDEBUG[0m[2026-03-16 10:14:15.889]   processLoop - closing the leveldb process loop [0;36mpath[0m = /tmp/TestPruningStorer_ConcurrentOperations1217840472/001/epoch_13/shard_0/id 
[0;36mDEBUG[0m[2026-03-16 10:14:15.889]   called ChangeEpochSimple                 [0;36mepoch[0m = 15 
[0;36mDEBUG[0m[2026-03-16 10:14:15.889]   PruningStorer - change epoch             [0;36munit[0m = id [0;36mepoch[0m = 16 [0;36mbytes in cache[0m = 0 
[0;36mDEBUG[0m[2026-03-16 10:14:15.889]   GetDBConfig: loaded db config from main config file [0;36mconfiguration[0m = {FilePath:/tmp/TestPruningStorer_ConcurrentOperations1217840472/001/db-concurrent-test Type:LvlDBSerial BatchDelaySeconds:2 MaxBatchSize:100 MaxOpenFiles:10 UseTmpAsFilePath:false ShardIDProviderType: NumShards:0} 
[0;36mDEBUG[0m[2026-03-16 10:14:15.892]   opened serial level db persister         [0;36mpath[0m = /tmp/TestPruningStorer_ConcurrentOperations1217840472/001/epoch_16/shard_0/id [0;36mcreated pointer[0m = 0xc00041d6c0 [0;36mglobal db counter[0m = 3 [0;36mNewSerialDB[0m = 0.0032s [0;36mmkdirAll[0m = 0.0001s [0;36mopenLevelDB[0m = 0.0031s 
[0;36mDEBUG[0m[2026-03-16 10:14:15.892]   PruningStorer.processPersistersToClose   [0;36mepochs to close[0m = [14] [0;36mbefore process[0m = [16 15 14] [0;36mafter process[0m = [16 15] 
[0;36mDEBUG[0m[2026-03-16 10:14:15.892]   makeDbPointerNilReturningLast            [0;36mpath[0m = /tmp/TestPruningStorer_ConcurrentOperations1217840472/001/epoch_14/shard_0/id [0;36mnilled pointer[0m = 0xc000159180 [0;36mglobal db counter[0m = 2 
[0;36mDEBUG[0m[2026-03-16 10:14:15.892]   processLoop - closing the leveldb process loop [0;36mpath[0m = /tmp/TestPruningStorer_ConcurrentOperations1217840472/001/epoch_14/shard_0/id 
[0;36mDEBUG[0m[2026-03-16 10:14:15.892]   batchTimeoutHandle - closing             [0;36mpath[0m = /tmp/TestPruningStorer_ConcurrentOperations1217840472/001/epoch_14/shard_0/id 
[0;36mDEBUG[0m[2026-03-16 10:14:15.892]   called ChangeEpochSimple                 [0;36mepoch[0m = 16 
[0;36mDEBUG[0m[2026-03-16 10:14:15.892]   PruningStorer - change epoch             [0;36munit[0m = id [0;36mepoch[0m = 17 [0;36mbytes in cache[0m = 0 
[0;36mDEBUG[0m[2026-03-16 10:14:15.892]   GetDBConfig: loaded db config from main config file [0;36mconfiguration[0m = {FilePath:/tmp/TestPruningStorer_ConcurrentOperations1217840472/001/db-concurrent-test Type:LvlDBSerial BatchDelaySeconds:2 MaxBatchSize:100 MaxOpenFiles:10 UseTmpAsFilePath:false ShardIDProviderType: NumShards:0} 
[0;36mDEBUG[0m[2026-03-16 10:14:15.894]   opened serial level db persister         [0;36mpath[0m = /tmp/TestPruningStorer_ConcurrentOperations1217840472/001/epoch_17/shard_0/id [0;36mcreated pointer[0m = 0xc000cfe1c0 [0;36mglobal db counter[0m = 3 [0;36mNewSerialDB[0m = 0.0022s [0;36mmkdirAll[0m = 0.0001s [0;36mopenLevelDB[0m = 0.0020s 
[0;36mDEBUG[0m[2026-03-16 10:14:15.894]   PruningStorer.processPersistersToClose   [0;36mepochs to close[0m = [15] [0;36mbefore process[0m = [17 16 15] [0;36mafter process[0m = [17 16] 
[0;36mDEBUG[0m[2026-03-16 10:14:15.894]   makeDbPointerNilReturningLast            [0;36mpath[0m = /tmp/TestPruningStorer_ConcurrentOperations1217840472/001/epoch_15/shard_0/id [0;36mnilled pointer[0m = 0xc00041d180 [0;36mglobal db counter[0m = 2 
[0;36mDEBUG[0m[2026-03-16 10:14:15.894]   processLoop - closing the leveldb process loop [0;36mpath[0m = /tmp/TestPruningStorer_ConcurrentOperations1217840472/001/epoch_15/shard_0/id 
[0;36mDEBUG[0m[2026-03-16 10:14:15.894]   batchTimeoutHandle - closing             [0;36mpath[0m = /tmp/TestPruningStorer_ConcurrentOperations1217840472/001/epoch_15/shard_0/id 
[0;36mDEBUG[0m[2026-03-16 10:14:15.894]   called ChangeEpochSimple                 [0;36mepoch[0m = 17 
[0;36mDEBUG[0m[2026-03-16 10:14:15.894]   PruningStorer - change epoch             [0;36munit[0m = id [0;36mepoch[0m = 16 [0;36mbytes in cache[0m = 0 
[0;36mDEBUG[0m[2026-03-16 10:14:15.894]   GetDBConfig: loaded db config from toml config file [0;36mconfig path[0m = /tmp/TestPruningStorer_ConcurrentOperations1217840472/001/epoch_15/shard_0/id [0;36mconfiguration[0m = &{FilePath:/tmp/TestPruningStorer_ConcurrentOperations1217840472/001/db-concurrent-test Type:LvlDBSerial BatchDelaySeconds:2 MaxBatchSize:100 MaxOpenFiles:10 UseTmpAsFilePath:false ShardIDProviderType: NumShards:0} 
[0;36mDEBUG[0m[2026-03-16 10:14:15.897]   opened serial level db persister         [0;36mpath[0m = /tmp/TestPruningStorer_ConcurrentOperations1217840472/001/epoch_15/shard_0/id [0;36mcreated pointer[0m = 0xc000cfec40 [0;36mglobal db counter[0m = 3 [0;36mNewSerialDB[0m = 0.0026s [0;36mmkdirAll[0m = 0.0000s [0;36mopenLevelDB[0m = 0.0026s 
[0;36mDEBUG[0m[2026-03-16 10:14:15.897]   change epoch pruning storer success      [0;36mpersister[0m = id [0;36mepoch[0m = 16 
[0;36mDEBUG[0m[2026-03-16 10:14:15.897]   PruningStorer.processPersistersToClose   [0;36mepochs to close[0m = [] [0;36mbefore process[0m = [16 15] [0;36mafter process[0m = [16 15] 
[0;36mDEBUG[0m[2026-03-16 10:14:15.897]   called ChangeEpochSimple                 [0;36mepoch[0m = 16 
[0;36mDEBUG[0m[2026-03-16 10:14:15.897]   PruningStorer - change epoch             [0;36munit[0m = id [0;36mepoch[0m = 15 [0;36mbytes in cache[0m = 0 
[0;36mDEBUG[0m[2026-03-16 10:14:15.897]   GetDBConfig: loaded db config from toml config file [0;36mconfig path[0m = /tmp/TestPruningStorer_ConcurrentOperations1217840472/001/epoch_14/shard_0/id [0;36mconfiguration[0m = &{FilePath:/tmp/TestPruningStorer_ConcurrentOperations1217840472/001/db-concurrent-test Type:LvlDBSerial BatchDelaySeconds:2 MaxBatchSize:100 MaxOpenFiles:10 UseTmpAsFilePath:false ShardIDProviderType: NumShards:0} 
[0;36mDEBUG[0m[2026-03-16 10:14:15.900]   opened serial level db persister         [0;36mpath[0m = /tmp/TestPruningStorer_ConcurrentOperations1217840472/001/epoch_14/shard_0/id [0;36mcreated pointer[0m = 0xc000cfefc0 [0;36mglobal db counter[0m = 4 [0;36mNewSerialDB[0m = 0.0029s [0;36mmkdirAll[0m = 0.0000s [0;36mopenLevelDB[0m = 0.0029s 
[0;36mDEBUG[0m[2026-03-16 10:14:15.900]   change epoch pruning storer success      [0;36mpersister[0m = id [0;36mepoch[0m = 15 
[0;36mDEBUG[0m[2026-03-16 10:14:15.900]   PruningStorer.processPersistersToClose   [0;36mepochs to close[0m = [] [0;36mbefore process[0m = [15 14] [0;36mafter process[0m = [15 14] 
[0;36mDEBUG[0m[2026-03-16 10:14:15.900]   called ChangeEpochSimple                 [0;36mepoch[0m = 15 
[0;36mDEBUG[0m[2026-03-16 10:14:15.900]   PruningStorer - change epoch             [0;36munit[0m = id [0;36mepoch[0m = 16 [0;36mbytes in cache[0m = 0 
[0;36mDEBUG[0m[2026-03-16 10:14:15.900]   change epoch pruning storer success      [0;36mpersister[0m = id [0;36mepoch[0m = 16 
[0;36mDEBUG[0m[2026-03-16 10:14:15.900]   PruningStorer.processPersistersToClose   [0;36mepochs to close[0m = [14] [0;36mbefore process[0m = [16 15 14] [0;36mafter process[0m = [16 15] 
[0;36mDEBUG[0m[2026-03-16 10:14:15.900]   makeDbPointerNilReturningLast            [0;36mpath[0m = /tmp/TestPruningStorer_ConcurrentOperations1217840472/001/epoch_14/shard_0/id [0;36mnilled pointer[0m = 0xc000cfefc0 [0;36mglobal db counter[0m = 3 
[0;36mDEBUG[0m[2026-03-16 10:14:15.900]   processLoop - closing the leveldb process loop [0;36mpath[0m = /tmp/TestPruningStorer_ConcurrentOperations1217840472/001/epoch_14/shard_0/id 
[0;36mDEBUG[0m[2026-03-16 10:14:15.900]   batchTimeoutHandle - closing             [0;36mpath[0m = /tmp/TestPruningStorer_ConcurrentOperations1217840472/001/epoch_14/shard_0/id 
[0;36mDEBUG[0m[2026-03-16 10:14:15.900]   called ChangeEpochSimple                 [0;36mepoch[0m = 16 
[0;36mDEBUG[0m[2026-03-16 10:14:15.900]   PruningStorer - change epoch             [0;36munit[0m = id [0;36mepoch[0m = 17 [0;36mbytes in cache[0m = 0 
[0;36mDEBUG[0m[2026-03-16 10:14:15.900]   change epoch pruning storer success      [0;36mpersister[0m = id [0;36mepoch[0m = 17 
[0;36mDEBUG[0m[2026-03-16 10:14:15.900]   PruningStorer.processPersistersToClose   [0;36mepochs to close[0m = [15] [0;36mbefore process[0m = [17 16 15] [0;36mafter process[0m = [17 16] 
[0;36mDEBUG[0m[2026-03-16 10:14:15.900]   makeDbPointerNilReturningLast            [0;36mpath[0m = /tmp/TestPruningStorer_ConcurrentOperations1217840472/001/epoch_15/shard_0/id [0;36mnilled pointer[0m = 0xc000cfec40 [0;36mglobal db counter[0m = 2 
[0;36mDEBUG[0m[2026-03-16 10:14:15.900]   processLoop - closing the leveldb process loop [0;36mpath[0m = /tmp/TestPruningStorer_ConcurrentOperations1217840472/001/epoch_15/shard_0/id 
[0;36mDEBUG[0m[2026-03-16 10:14:15.900]   batchTimeoutHandle - closing             [0;36mpath[0m = /tmp/TestPruningStorer_ConcurrentOperations1217840472/001/epoch_15/shard_0/id 
[0;36mDEBUG[0m[2026-03-16 10:14:15.900]   called ChangeEpochSimple                 [0;36mepoch[0m = 17 
[0;36mDEBUG[0m[2026-03-16 10:14:15.900]   PruningStorer - change epoch             [0;36munit[0m = id [0;36mepoch[0m = 18 [0;36mbytes in cache[0m = 0 
[0;36mDEBUG[0m[2026-03-16 10:14:15.900]   GetDBConfig: loaded db config from main config file [0;36mconfiguration[0m = {FilePath:/tmp/TestPruningStorer_ConcurrentOperations1217840472/001/db-concurrent-test Type:LvlDBSerial BatchDelaySeconds:2 MaxBatchSize:100 MaxOpenFiles:10 UseTmpAsFilePath:false ShardIDProviderType: NumShards:0} 
[0;36mDEBUG[0m[2026-03-16 10:14:15.903]   opened serial level db persister         [0;36mpath[0m = /tmp/TestPruningStorer_ConcurrentOperations1217840472/001/epoch_18/shard_0/id [0;36mcreated pointer[0m = 0xc000cff6c0 [0;36mglobal db counter[0m = 3 [0;36mNewSerialDB[0m = 0.0023s [0;36mmkdirAll[0m = 0.0001s [0;36mopenLevelDB[0m = 0.0023s 
[0;36mDEBUG[0m[2026-03-16 10:14:15.903]   PruningStorer.processPersistersToClose   [0;36mepochs to close[0m = [16] [0;36mbefore process[0m = [18 17 16] [0;36mafter process[0m = [18 17] 
[0;36mDEBUG[0m[2026-03-16 10:14:15.903]   makeDbPointerNilReturningLast            [0;36mpath[0m = /tmp/TestPruningStorer_ConcurrentOperations1217840472/001/epoch_16/shard_0/id [0;36mnilled pointer[0m = 0xc00041d6c0 [0;36mglobal db counter[0m = 2 
[0;36mDEBUG[0m[2026-03-16 10:14:15.903]   processLoop - closing the leveldb process loop [0;36mpath[0m = /tmp/TestPruningStorer_ConcurrentOperations1217840472/001/epoch_16/shard_0/id 
[0;36mDEBUG[0m[2026-03-16 10:14:15.903]   batchTimeoutHandle - closing             [0;36mpath[0m = /tmp/TestPruningStorer_ConcurrentOperations1217840472/001/epoch_16/shard_0/id 
[0;36mDEBUG[0m[2026-03-16 10:14:15.903]   called ChangeEpochSimple                 [0;36mepoch[0m = 18 
[0;36mDEBUG[0m[2026-03-16 10:14:15.903]   PruningStorer - change epoch             [0;36munit[0m = id [0;36mepoch[0m = 19 [0;36mbytes in cache[0m = 0 
[0;36mDEBUG[0m[2026-03-16 10:14:15.903]   GetDBConfig: loaded db config from main config file [0;36mconfiguration[0m = {FilePath:/tmp/TestPruningStorer_ConcurrentOperations1217840472/001/db-concurrent-test Type:LvlDBSerial BatchDelaySeconds:2 MaxBatchSize:100 MaxOpenFiles:10 UseTmpAsFilePath:false ShardIDProviderType: NumShards:0} 
[0;36mDEBUG[0m[2026-03-16 10:14:15.906]   opened serial level db persister         [0;36mpath[0m = /tmp/TestPruningStorer_ConcurrentOperations1217840472/001/epoch_19/shard_0/id [0;36mcreated pointer[0m = 0xc000326380 [0;36mglobal db counter[0m = 3 [0;36mNewSerialDB[0m = 0.0029s [0;36mmkdirAll[0m = 0.0001s [0;36mopenLevelDB[0m = 0.0027s 
[0;36mDEBUG[0m[2026-03-16 10:14:15.906]   PruningStorer.processPersistersToClose   [0;36mepochs to close[0m = [17] [0;36mbefore process[0m = [19 18 17] [0;36mafter process[0m = [19 18] 
[0;36mDEBUG[0m[2026-03-16 10:14:15.906]   makeDbPointerNilReturningLast            [0;36mpath[0m = /tmp/TestPruningStorer_ConcurrentOperations1217840472/001/epoch_17/shard_0/id [0;36mnilled pointer[0m = 0xc000cfe1c0 [0;36mglobal db counter[0m = 2 
[0;36mDEBUG[0m[2026-03-16 10:14:15.906]   processLoop - closing the leveldb process loop [0;36mpath[0m = /tmp/TestPruningStorer_ConcurrentOperations1217840472/001/epoch_17/shard_0/id 
[0;36mDEBUG[0m[2026-03-16 10:14:15.906]   batchTimeoutHandle - closing             [0;36mpath[0m = /tmp/TestPruningStorer_ConcurrentOperations1217840472/001/epoch_17/shard_0/id 
[0;36mDEBUG[0m[2026-03-16 10:14:15.906]   called ChangeEpochSimple                 [0;36mepoch[0m = 19 
[0;36mDEBUG[0m[2026-03-16 10:14:15.906]   PruningStorer - change epoch             [0;36munit[0m = id [0;36mepoch[0m = 18 [0;36mbytes in cache[0m = 0 
[0;36mDEBUG[0m[2026-03-16 10:14:15.906]   GetDBConfig: loaded db config from toml config file [0;36mconfig path[0m = /tmp/TestPruningStorer_ConcurrentOperations1217840472/001/epoch_17/shard_0/id [0;36mconfiguration[0m = &{FilePath:/tmp/TestPruningStorer_ConcurrentOperations1217840472/001/db-concurrent-test Type:LvlDBSerial BatchDelaySeconds:2 MaxBatchSize:100 MaxOpenFiles:10 UseTmpAsFilePath:false ShardIDProviderType: NumShards:0} 
[0;36mDEBUG[0m[2026-03-16 10:14:15.909]   opened serial level db persister         [0;36mpath[0m = /tmp/TestPruningStorer_ConcurrentOperations1217840472/001/epoch_17/shard_0/id [0;36mcreated pointer[0m = 0xc000cfee00 [0;36mglobal db counter[0m = 3 [0;36mNewSerialDB[0m = 0.0032s [0;36mmkdirAll[0m = 0.0000s [0;36mopenLevelDB[0m = 0.0032s 
[0;36mDEBUG[0m[2026-03-16 10:14:15.909]   change epoch pruning storer success      [0;36mpersister[0m = id [0;36mepoch[0m = 18 
[0;36mDEBUG[0m[2026-03-16 10:14:15.909]   PruningStorer.processPersistersToClose   [0;36mepochs to close[0m = [] [0;36mbefore process[0m = [18 17] [0;36mafter process[0m = [18 17] 
[0;36mDEBUG[0m[2026-03-16 10:14:15.910]   called ChangeEpochSimple                 [0;36mepoch[0m = 18 
[0;36mDEBUG[0m[2026-03-16 10:14:15.910]   PruningStorer - change epoch             [0;36munit[0m = id [0;36mepoch[0m = 19 [0;36mbytes in cache[0m = 0 
[0;36mDEBUG[0m[2026-03-16 10:14:15.910]   change epoch pruning storer success      [0;36mpersister[0m = id [0;36mepoch[0m = 19 
[0;36mDEBUG[0m[2026-03-16 10:14:15.910]   PruningStorer.processPersistersToClose   [0;36mepochs to close[0m = [17] [0;36mbefore process[0m = [19 18 17] [0;36mafter process[0m = [19 18] 
[0;36mDEBUG[0m[2026-03-16 10:14:15.910]   makeDbPointerNilReturningLast            [0;36mpath[0m = /tmp/TestPruningStorer_ConcurrentOperations1217840472/001/epoch_17/shard_0/id [0;36mnilled pointer[0m = 0xc000cfee00 [0;36mglobal db counter[0m = 2 
[0;36mDEBUG[0m[2026-03-16 10:14:15.910]   processLoop - closing the leveldb process loop [0;36mpath[0m = /tmp/TestPruningStorer_ConcurrentOperations1217840472/001/epoch_17/shard_0/id 
[0;36mDEBUG[0m[2026-03-16 10:14:15.910]   called ChangeEpochSimple                 [0;36mepoch[0m = 19 
[0;36mDEBUG[0m[2026-03-16 10:14:15.910]   PruningStorer - change epoch             [0;36munit[0m = id [0;36mepoch[0m = 18 [0;36mbytes in cache[0m = 0 
[0;36mDEBUG[0m[2026-03-16 10:14:15.910]   GetDBConfig: loaded db config from toml config file [0;36mconfig path[0m = /tmp/TestPruningStorer_ConcurrentOperations1217840472/001/epoch_17/shard_0/id [0;36mconfiguration[0m = &{FilePath:/tmp/TestPruningStorer_ConcurrentOperations1217840472/001/db-concurrent-test Type:LvlDBSerial BatchDelaySeconds:2 MaxBatchSize:100 MaxOpenFiles:10 UseTmpAsFilePath:false ShardIDProviderType: NumShards:0} 
[0;36mDEBUG[0m[2026-03-16 10:14:15.912]   batchTimeoutHandle - closing             [0;36mpath[0m = /tmp/TestPruningStorer_ConcurrentOperations1217840472/001/epoch_17/shard_0/id 
[0;36mDEBUG[0m[2026-03-16 10:14:15.917]   opened serial level db persister         [0;36mpath[0m = /tmp/TestPruningStorer_ConcurrentOperations1217840472/001/epoch_17/shard_0/id [0;36mcreated pointer[0m = 0xc000cff500 [0;36mglobal db counter[0m = 3 [0;36mNewSerialDB[0m = 0.0068s [0;36mmkdirAll[0m = 0.0000s [0;36mopenLevelDB[0m = 0.0068s 
[0;36mDEBUG[0m[2026-03-16 10:14:15.917]   change epoch pruning storer success      [0;36mpersister[0m = id [0;36mepoch[0m = 18 
[0;36mDEBUG[0m[2026-03-16 10:14:15.917]   PruningStorer.processPersistersToClose   [0;36mepochs to close[0m = [] [0;36mbefore process[0m = [18 17] [0;36mafter process[0m = [18 17] 
[0;36mDEBUG[0m[2026-03-16 10:14:15.917]   called ChangeEpochSimple                 [0;36mepoch[0m = 18 
[0;36mDEBUG[0m[2026-03-16 10:14:15.917]   PruningStorer - change epoch             [0;36munit[0m = id [0;36mepoch[0m = 19 [0;36mbytes in cache[0m = 0 
[0;36mDEBUG[0m[2026-03-16 10:14:15.917]   change epoch pruning storer success      [0;36mpersister[0m = id [0;36mepoch[0m = 19 
[0;36mDEBUG[0m[2026-03-16 10:14:15.917]   PruningStorer.processPersistersToClose   [0;36mepochs to close[0m = [17] [0;36mbefore process[0m = [19 18 17] [0;36mafter process[0m = [19 18] 
[0;36mDEBUG[0m[2026-03-16 10:14:15.917]   makeDbPointerNilReturningLast            [0;36mpath[0m = /tmp/TestPruningStorer_ConcurrentOperations1217840472/001/epoch_17/shard_0/id [0;36mnilled pointer[0m = 0xc000cff500 [0;36mglobal db counter[0m = 2 
[0;36mDEBUG[0m[2026-03-16 10:14:15.917]   processLoop - closing the leveldb process loop [0;36mpath[0m = /tmp/TestPruningStorer_ConcurrentOperations1217840472/001/epoch_17/shard_0/id 
[0;36mDEBUG[0m[2026-03-16 10:14:15.917]   batchTimeoutHandle - closing             [0;36mpath[0m = /tmp/TestPruningStorer_ConcurrentOperations1217840472/001/epoch_17/shard_0/id 
[0;36mDEBUG[0m[2026-03-16 10:14:15.917]   called ChangeEpochSimple                 [0;36mepoch[0m = 19 
[0;36mDEBUG[0m[2026-03-16 10:14:15.917]   PruningStorer - change epoch             [0;36munit[0m = id [0;36mepoch[0m = 18 [0;36mbytes in cache[0m = 0 
[0;36mDEBUG[0m[2026-03-16 10:14:15.917]   GetDBConfig: loaded db config from toml config file [0;36mconfig path[0m = /tmp/TestPruningStorer_ConcurrentOperations1217840472/001/epoch_17/shard_0/id [0;36mconfiguration[0m = &{FilePath:/tmp/TestPruningStorer_ConcurrentOperations1217840472/001/db-concurrent-test Type:LvlDBSerial BatchDelaySeconds:2 MaxBatchSize:100 MaxOpenFiles:10 UseTmpAsFilePath:false ShardIDProviderType: NumShards:0} 
[0;36mDEBUG[0m[2026-03-16 10:14:15.921]   opened serial level db persister         [0;36mpath[0m = /tmp/TestPruningStorer_ConcurrentOperations1217840472/001/epoch_17/shard_0/id [0;36mcreated pointer[0m = 0xc000327180 [0;36mglobal db counter[0m = 3 [0;36mNewSerialDB[0m = 0.0037s [0;36mmkdirAll[0m = 0.0000s [0;36mopenLevelDB[0m = 0.0037s 
[0;36mDEBUG[0m[2026-03-16 10:14:15.921]   change epoch pruning storer success      [0;36mpersister[0m = id [0;36mepoch[0m = 18 
[0;36mDEBUG[0m[2026-03-16 10:14:15.921]   PruningStorer.processPersistersToClose   [0;36mepochs to close[0m = [] [0;36mbefore process[0m = [18 17] [0;36mafter process[0m = [18 17] 
[0;36mDEBUG[0m[2026-03-16 10:14:15.921]   called ChangeEpochSimple                 [0;36mepoch[0m = 18 
[0;36mDEBUG[0m[2026-03-16 10:14:15.921]   PruningStorer - change epoch             [0;36munit[0m = id [0;36mepoch[0m = 17 [0;36mbytes in cache[0m = 0 
[0;36mDEBUG[0m[2026-03-16 10:14:15.921]   GetDBConfig: loaded db config from toml config file [0;36mconfig path[0m = /tmp/TestPruningStorer_ConcurrentOperations1217840472/001/epoch_16/shard_0/id [0;36mconfiguration[0m = &{FilePath:/tmp/TestPruningStorer_ConcurrentOperations1217840472/001/db-concurrent-test Type:LvlDBSerial BatchDelaySeconds:2 MaxBatchSize:100 MaxOpenFiles:10 UseTmpAsFilePath:false ShardIDProviderType: NumShards:0} 
[0;36mDEBUG[0m[2026-03-16 10:14:15.924]   opened serial level db persister         [0;36mpath[0m = /tmp/TestPruningStorer_ConcurrentOperations1217840472/001/epoch_16/shard_0/id [0;36mcreated pointer[0m = 0xc000327500 [0;36mglobal db counter[0m = 4 [0;36mNewSerialDB[0m = 0.0031s [0;36mmkdirAll[0m = 0.0000s [0;36mopenLevelDB[0m = 0.0030s 
[0;36mDEBUG[0m[2026-03-16 10:14:15.924]   change epoch pruning storer success      [0;36mpersister[0m = id [0;36mepoch[0m = 17 
[0;36mDEBUG[0m[2026-03-16 10:14:15.924]   PruningStorer.processPersistersToClose   [0;36mepochs to close[0m = [] [0;36mbefore process[0m = [17 16] [0;36mafter process[0m = [17 16] 
[0;36mDEBUG[0m[2026-03-16 10:14:15.924]   called ChangeEpochSimple                 [0;36mepoch[0m = 17 
[0;36mDEBUG[0m[2026-03-16 10:14:15.924]   PruningStorer - change epoch             [0;36munit[0m = id [0;36mepoch[0m = 18 [0;36mbytes in cache[0m = 0 
[0;36mDEBUG[0m[2026-03-16 10:14:15.924]   change epoch pruning storer success      [0;36mpersister[0m = id [0;36mepoch[0m = 18 
[0;36mDEBUG[0m[2026-03-16 10:14:15.924]   PruningStorer.processPersistersToClose   [0;36mepochs to close[0m = [16] [0;36mbefore process[0m = [18 17 16] [0;36mafter process[0m = [18 17] 
[0;36mDEBUG[0m[2026-03-16 10:14:15.924]   makeDbPointerNilReturningLast            [0;36mpath[0m = /tmp/TestPruningStorer_ConcurrentOperations1217840472/001/epoch_16/shard_0/id [0;36mnilled pointer[0m = 0xc000327500 [0;36mglobal db counter[0m = 3 
[0;36mDEBUG[0m[2026-03-16 10:14:15.924]   processLoop - closing the leveldb process loop [0;36mpath[0m = /tmp/TestPruningStorer_ConcurrentOperations1217840472/001/epoch_16/shard_0/id 
[0;36mDEBUG[0m[2026-03-16 10:14:15.924]   batchTimeoutHandle - closing             [0;36mpath[0m = /tmp/TestPruningStorer_ConcurrentOperations1217840472/001/epoch_16/shard_0/id 
[0;36mDEBUG[0m[2026-03-16 10:14:15.924]   called ChangeEpochSimple                 [0;36mepoch[0m = 18 
[0;36mDEBUG[0m[2026-03-16 10:14:15.924]   PruningStorer - change epoch             [0;36munit[0m = id [0;36mepoch[0m = 17 [0;36mbytes in cache[0m = 0 
[0;36mDEBUG[0m[2026-03-16 10:14:15.924]   GetDBConfig: loaded db config from toml config file [0;36mconfig path[0m = /tmp/TestPruningStorer_ConcurrentOperations1217840472/001/epoch_16/shard_0/id [0;36mconfiguration[0m = &{FilePath:/tmp/TestPruningStorer_ConcurrentOperations1217840472/001/db-concurrent-test Type:LvlDBSerial BatchDelaySeconds:2 MaxBatchSize:100 MaxOpenFiles:10 UseTmpAsFilePath:false ShardIDProviderType: NumShards:0} 
[0;36mDEBUG[0m[2026-03-16 10:14:15.926]   opened serial level db persister         [0;36mpath[0m = /tmp/TestPruningStorer_ConcurrentOperations1217840472/001/epoch_16/shard_0/id [0;36mcreated pointer[0m = 0xc000327dc0 [0;36mglobal db counter[0m = 4 [0;36mNewSerialDB[0m = 0.0023s [0;36mmkdirAll[0m = 0.0000s [0;36mopenLevelDB[0m = 0.0023s 
[0;36mDEBUG[0m[2026-03-16 10:14:15.926]   change epoch pruning storer success      [0;36mpersister[0m = id [0;36mepoch[0m = 17 
[0;36mDEBUG[0m[2026-03-16 10:14:15.927]   PruningStorer.processPersistersToClose   [0;36mepochs to close[0m = [] [0;36mbefore process[0m = [17 16] [0;36mafter process[0m = [17 16] 
[0;36mDEBUG[0m[2026-03-16 10:14:15.927]   called ChangeEpochSimple                 [0;36mepoch[0m = 17 
[0;36mDEBUG[0m[2026-03-16 10:14:15.927]   PruningStorer - change epoch             [0;36munit[0m = id [0;36mepoch[0m = 18 [0;36mbytes in cache[0m = 0 
[0;36mDEBUG[0m[2026-03-16 10:14:15.927]   change epoch pruning storer success      [0;36mpersister[0m = id [0;36mepoch[0m = 18 
[0;36mDEBUG[0m[2026-03-16 10:14:15.927]   PruningStorer.processPersistersToClose   [0;36mepochs to close[0m = [16] [0;36mbefore process[0m = [18 17 16] [0;36mafter process[0m = [18 17] 
[0;36mDEBUG[0m[2026-03-16 10:14:15.927]   makeDbPointerNilReturningLast            [0;36mpath[0m = /tmp/TestPruningStorer_ConcurrentOperations1217840472/001/epoch_16/shard_0/id [0;36mnilled pointer[0m = 0xc000327dc0 [0;36mglobal db counter[0m = 3 
[0;36mDEBUG[0m[2026-03-16 10:14:15.927]   batchTimeoutHandle - closing             [0;36mpath[0m = /tmp/TestPruningStorer_ConcurrentOperations1217840472/001/epoch_16/shard_0/id 
[0;36mDEBUG[0m[2026-03-16 10:14:15.927]   processLoop - closing the leveldb process loop [0;36mpath[0m = /tmp/TestPruningStorer_ConcurrentOperations1217840472/001/epoch_16/shard_0/id 
[0;36mDEBUG[0m[2026-03-16 10:14:15.927]   called ChangeEpochSimple                 [0;36mepoch[0m = 18 
[0;36mDEBUG[0m[2026-03-16 10:14:15.927]   PruningStorer - change epoch             [0;36munit[0m = id [0;36mepoch[0m = 19 [0;36mbytes in cache[0m = 0 
[0;36mDEBUG[0m[2026-03-16 10:14:15.927]   change epoch pruning storer success      [0;36mpersister[0m = id [0;36mepoch[0m = 19 
[0;36mDEBUG[0m[2026-03-16 10:14:15.927]   PruningStorer.processPersistersToClose   [0;36mepochs to close[0m = [17] [0;36mbefore process[0m = [19 18 17] [0;36mafter process[0m = [19 18] 
[0;36mDEBUG[0m[2026-03-16 10:14:15.927]   makeDbPointerNilReturningLast            [0;36mpath[0m = /tmp/TestPruningStorer_ConcurrentOperations1217840472/001/epoch_17/shard_0/id [0;36mnilled pointer[0m = 0xc000327180 [0;36mglobal db counter[0m = 2 
[0;36mDEBUG[0m[2026-03-16 10:14:15.927]   processLoop - closing the leveldb process loop [0;36mpath[0m = /tmp/TestPruningStorer_ConcurrentOperations1217840472/001/epoch_17/shard_0/id 
[0;36mDEBUG[0m[2026-03-16 10:14:15.927]   batchTimeoutHandle - closing             [0;36mpath[0m = /tmp/TestPruningStorer_ConcurrentOperations1217840472/001/epoch_17/shard_0/id 
[0;36mDEBUG[0m[2026-03-16 10:14:15.927]   called ChangeEpochSimple                 [0;36mepoch[0m = 19 
[0;36mDEBUG[0m[2026-03-16 10:14:15.927]   PruningStorer - change epoch             [0;36munit[0m = id [0;36mepoch[0m = 18 [0;36mbytes in cache[0m = 0 
[0;36mDEBUG[0m[2026-03-16 10:14:15.927]   GetDBConfig: loaded db config from toml config file [0;36mconfig path[0m = /tmp/TestPruningStorer_ConcurrentOperations1217840472/001/epoch_17/shard_0/id [0;36mconfiguration[0m = &{FilePath:/tmp/TestPruningStorer_ConcurrentOperations1217840472/001/db-concurrent-test Type:LvlDBSerial BatchDelaySeconds:2 MaxBatchSize:100 MaxOpenFiles:10 UseTmpAsFilePath:false ShardIDProviderType: NumShards:0} 
[0;36mDEBUG[0m[2026-03-16 10:14:15.929]   opened serial level db persister         [0;36mpath[0m = /tmp/TestPruningStorer_ConcurrentOperations1217840472/001/epoch_17/shard_0/id [0;36mcreated pointer[0m = 0xc00041d340 [0;36mglobal db counter[0m = 3 [0;36mNewSerialDB[0m = 0.0024s [0;36mmkdirAll[0m = 0.0000s [0;36mopenLevelDB[0m = 0.0024s 
[0;36mDEBUG[0m[2026-03-16 10:14:15.929]   change epoch pruning storer success      [0;36mpersister[0m = id [0;36mepoch[0m = 18 
[0;36mDEBUG[0m[2026-03-16 10:14:15.929]   PruningStorer.processPersistersToClose   [0;36mepochs to close[0m = [] [0;36mbefore process[0m = [18 17] [0;36mafter process[0m = [18 17] 
[0;36mDEBUG[0m[2026-03-16 10:14:15.929]   called ChangeEpochSimple                 [0;36mepoch[0m = 18 
[0;36mDEBUG[0m[2026-03-16 10:14:15.929]   PruningStorer - change epoch             [0;36munit[0m = id [0;36mepoch[0m = 19 [0;36mbytes in cache[0m = 0 
[0;36mDEBUG[0m[2026-03-16 10:14:15.929]   change epoch pruning storer success      [0;36mpersister[0m = id [0;36mepoch[0m = 19 
[0;36mDEBUG[0m[2026-03-16 10:14:15.929]   PruningStorer.processPersistersToClose   [0;36mepochs to close[0m = [17] [0;36mbefore process[0m = [19 18 17] [0;36mafter process[0m = [19 18] 
[0;36mDEBUG[0m[2026-03-16 10:14:15.929]   makeDbPointerNilReturningLast            [0;36mpath[0m = /tmp/TestPruningStorer_ConcurrentOperations1217840472/001/epoch_17/shard_0/id [0;36mnilled pointer[0m = 0xc00041d340 [0;36mglobal db counter[0m = 2 
[0;36mDEBUG[0m[2026-03-16 10:14:15.929]   batchTimeoutHandle - closing             [0;36mpath[0m = /tmp/TestPruningStorer_ConcurrentOperations1217840472/001/epoch_17/shard_0/id 
[0;36mDEBUG[0m[2026-03-16 10:14:15.929]   processLoop - closing the leveldb process loop [0;36mpath[0m = /tmp/TestPruningStorer_ConcurrentOperations1217840472/001/epoch_17/shard_0/id 
[0;36mDEBUG[0m[2026-03-16 10:14:15.929]   called ChangeEpochSimple                 [0;36mepoch[0m = 19 
[0;36mDEBUG[0m[2026-03-16 10:14:15.929]   PruningStorer - change epoch             [0;36munit[0m = id [0;36mepoch[0m = 18 [0;36mbytes in cache[0m = 0 
[0;36mDEBUG[0m[2026-03-16 10:14:15.930]   GetDBConfig: loaded db config from toml config file [0;36mconfig path[0m = /tmp/TestPruningStorer_ConcurrentOperations1217840472/001/epoch_17/shard_0/id [0;36mconfiguration[0m = &{FilePath:/tmp/TestPruningStorer_ConcurrentOperations1217840472/001/db-concurrent-test Type:LvlDBSerial BatchDelaySeconds:2 MaxBatchSize:100 MaxOpenFiles:10 UseTmpAsFilePath:false ShardIDProviderType: NumShards:0} 
[0;36mDEBUG[0m[2026-03-16 10:14:15.934]   opened serial level db persister         [0;36mpath[0m = /tmp/TestPruningStorer_ConcurrentOperations1217840472/001/epoch_17/shard_0/id [0;36mcreated pointer[0m = 0xc0009761c0 [0;36mglobal db counter[0m = 3 [0;36mNewSerialDB[0m = 0.0042s [0;36mmkdirAll[0m = 0.0000s [0;36mopenLevelDB[0m = 0.0042s 
[0;36mDEBUG[0m[2026-03-16 10:14:15.934]   change epoch pruning storer success      [0;36mpersister[0m = id [0;36mepoch[0m = 18 
[0;36mDEBUG[0m[2026-03-16 10:14:15.934]   PruningStorer.processPersistersToClose   [0;36mepochs to close[0m = [] [0;36mbefore process[0m = [18 17] [0;36mafter process[0m = [18 17] 
[0;36mDEBUG[0m[2026-03-16 10:14:15.934]   called ChangeEpochSimple                 [0;36mepoch[0m = 18 
[0;36mDEBUG[0m[2026-03-16 10:14:15.934]   PruningStorer - change epoch             [0;36munit[0m = id [0;36mepoch[0m = 19 [0;36mbytes in cache[0m = 0 
[0;36mDEBUG[0m[2026-03-16 10:14:15.934]   change epoch pruning storer success      [0;36mpersister[0m = id [0;36mepoch[0m = 19 
[0;36mDEBUG[0m[2026-03-16 10:14:15.934]   PruningStorer.processPersistersToClose   [0;36mepochs to close[0m = [17] [0;36mbefore process[0m = [19 18 17] [0;36mafter process[0m = [19 18] 
[0;36mDEBUG[0m[2026-03-16 10:14:15.934]   makeDbPointerNilReturningLast            [0;36mpath[0m = /tmp/TestPruningStorer_ConcurrentOperations1217840472/001/epoch_17/shard_0/id [0;36mnilled pointer[0m = 0xc0009761c0 [0;36mglobal db counter[0m = 2 
[0;36mDEBUG[0m[2026-03-16 10:14:15.934]   batchTimeoutHandle - closing             [0;36mpath[0m = /tmp/TestPruningStorer_ConcurrentOperations1217840472/001/epoch_17/shard_0/id 
[0;36mDEBUG[0m[2026-03-16 10:14:15.934]   processLoop - closing the leveldb process loop [0;36mpath[0m = /tmp/TestPruningStorer_ConcurrentOperations1217840472/001/epoch_17/shard_0/id 
[0;36mDEBUG[0m[2026-03-16 10:14:15.934]   called ChangeEpochSimple                 [0;36mepoch[0m = 19 
[0;36mDEBUG[0m[2026-03-16 10:14:15.934]   PruningStorer - change epoch             [0;36munit[0m = id [0;36mepoch[0m = 20 [0;36mbytes in cache[0m = 0 
[0;36mDEBUG[0m[2026-03-16 10:14:15.934]   GetDBConfig: loaded db config from main config file [0;36mconfiguration[0m = {FilePath:/tmp/TestPruningStorer_ConcurrentOperations1217840472/001/db-concurrent-test Type:LvlDBSerial BatchDelaySeconds:2 MaxBatchSize:100 MaxOpenFiles:10 UseTmpAsFilePath:false ShardIDProviderType: NumShards:0} 
[0;36mDEBUG[0m[2026-03-16 10:14:15.937]   opened serial level db persister         [0;36mpath[0m = /tmp/TestPruningStorer_ConcurrentOperations1217840472/001/epoch_20/shard_0/id [0;36mcreated pointer[0m = 0xc000cffc00 [0;36mglobal db counter[0m = 3 [0;36mNewSerialDB[0m = 0.0025s [0;36mmkdirAll[0m = 0.0001s [0;36mopenLevelDB[0m = 0.0024s 
[0;36mDEBUG[0m[2026-03-16 10:14:15.937]   PruningStorer.processPersistersToClose   [0;36mepochs to close[0m = [18] [0;36mbefore process[0m = [20 19 18] [0;36mafter process[0m = [20 19] 
[0;36mDEBUG[0m[2026-03-16 10:14:15.937]   makeDbPointerNilReturningLast            [0;36mpath[0m = /tmp/TestPruningStorer_ConcurrentOperations1217840472/001/epoch_18/shard_0/id [0;36mnilled pointer[0m = 0xc000cff6c0 [0;36mglobal db counter[0m = 2 
[0;36mDEBUG[0m[2026-03-16 10:14:15.937]   processLoop - closing the leveldb process loop [0;36mpath[0m = /tmp/TestPruningStorer_ConcurrentOperations1217840472/001/epoch_18/shard_0/id 
[0;36mDEBUG[0m[2026-03-16 10:14:15.937]   batchTimeoutHandle - closing             [0;36mpath[0m = /tmp/TestPruningStorer_ConcurrentOperations1217840472/001/epoch_18/shard_0/id 
[0;36mDEBUG[0m[2026-03-16 10:14:15.937]   called ChangeEpochSimple                 [0;36mepoch[0m = 20 
[0;36mDEBUG[0m[2026-03-16 10:14:15.937]   PruningStorer - change epoch             [0;36munit[0m = id [0;36mepoch[0m = 21 [0;36mbytes in cache[0m = 0 
[0;36mDEBUG[0m[2026-03-16 10:14:15.937]   GetDBConfig: loaded db config from main config file [0;36mconfiguration[0m = {FilePath:/tmp/TestPruningStorer_ConcurrentOperations1217840472/001/db-concurrent-test Type:LvlDBSerial BatchDelaySeconds:2 MaxBatchSize:100 MaxOpenFiles:10 UseTmpAsFilePath:false ShardIDProviderType: NumShards:0} 
[0;36mDEBUG[0m[2026-03-16 10:14:15.939]   opened serial level db persister         [0;36mpath[0m = /tmp/TestPruningStorer_ConcurrentOperations1217840472/001/epoch_21/shard_0/id [0;36mcreated pointer[0m = 0xc000976700 [0;36mglobal db counter[0m = 3 [0;36mNewSerialDB[0m = 0.0023s [0;36mmkdirAll[0m = 0.0001s [0;36mopenLevelDB[0m = 0.0022s 
[0;36mDEBUG[0m[2026-03-16 10:14:15.939]   PruningStorer.processPersistersToClose   [0;36mepochs to close[0m = [19] [0;36mbefore process[0m = [21 20 19] [0;36mafter process[0m = [21 20] 
[0;36mDEBUG[0m[2026-03-16 10:14:15.939]   makeDbPointerNilReturningLast            [0;36mpath[0m = /tmp/TestPruningStorer_ConcurrentOperations1217840472/001/epoch_19/shard_0/id [0;36mnilled pointer[0m = 0xc000326380 [0;36mglobal db counter[0m = 2 
[0;36mDEBUG[0m[2026-03-16 10:14:15.939]   processLoop - closing the leveldb process loop [0;36mpath[0m = /tmp/TestPruningStorer_ConcurrentOperations1217840472/001/epoch_19/shard_0/id 
[0;36mDEBUG[0m[2026-03-16 10:14:15.939]   batchTimeoutHandle - closing             [0;36mpath[0m = /tmp/TestPruningStorer_ConcurrentOperations1217840472/001/epoch_19/shard_0/id 
[0;36mDEBUG[0m[2026-03-16 10:14:15.939]   called ChangeEpochSimple                 [0;36mepoch[0m = 21 
[0;36mDEBUG[0m[2026-03-16 10:14:15.939]   PruningStorer - change epoch             [0;36munit[0m = id [0;36mepoch[0m = 22 [0;36mbytes in cache[0m = 0 
[0;36mDEBUG[0m[2026-03-16 10:14:15.939]   GetDBConfig: loaded db config from main config file [0;36mconfiguration[0m = {FilePath:/tmp/TestPruningStorer_ConcurrentOperations1217840472/001/db-concurrent-test Type:LvlDBSerial BatchDelaySeconds:2 MaxBatchSize:100 MaxOpenFiles:10 UseTmpAsFilePath:false ShardIDProviderType: NumShards:0} 
[0;36mDEBUG[0m[2026-03-16 10:14:15.943]   opened serial level db persister         [0;36mpath[0m = /tmp/TestPruningStorer_ConcurrentOperations1217840472/001/epoch_22/shard_0/id [0;36mcreated pointer[0m = 0xc000976a80 [0;36mglobal db counter[0m = 3 [0;36mNewSerialDB[0m = 0.0037s [0;36mmkdirAll[0m = 0.0001s [0;36mopenLevelDB[0m = 0.0036s 
[0;36mDEBUG[0m[2026-03-16 10:14:15.943]   PruningStorer.processPersistersToClose   [0;36mepochs to close[0m = [20] [0;36mbefore process[0m = [22 21 20] [0;36mafter process[0m = [22 21] 
[0;36mDEBUG[0m[2026-03-16 10:14:15.943]   makeDbPointerNilReturningLast            [0;36mpath[0m = /tmp/TestPruningStorer_ConcurrentOperations1217840472/001/epoch_20/shard_0/id [0;36mnilled pointer[0m = 0xc000cffc00 [0;36mglobal db counter[0m = 2 
[0;36mDEBUG[0m[2026-03-16 10:14:15.943]   processLoop - closing the leveldb process loop [0;36mpath[0m = /tmp/TestPruningStorer_ConcurrentOperations1217840472/001/epoch_20/shard_0/id 
[0;36mDEBUG[0m[2026-03-16 10:14:15.943]   batchTimeoutHandle - closing             [0;36mpath[0m = /tmp/TestPruningStorer_ConcurrentOperations1217840472/001/epoch_20/shard_0/id 
[0;36mDEBUG[0m[2026-03-16 10:14:15.944]   called ChangeEpochSimple                 [0;36mepoch[0m = 22 
[0;36mDEBUG[0m[2026-03-16 10:14:15.944]   PruningStorer - change epoch             [0;36munit[0m = id [0;36mepoch[0m = 21 [0;36mbytes in cache[0m = 0 
[0;36mDEBUG[0m[2026-03-16 10:14:15.944]   GetDBConfig: loaded db config from toml config file [0;36mconfig path[0m = /tmp/TestPruningStorer_ConcurrentOperations1217840472/001/epoch_20/shard_0/id [0;36mconfiguration[0m = &{FilePath:/tmp/TestPruningStorer_ConcurrentOperations1217840472/001/db-concurrent-test Type:LvlDBSerial BatchDelaySeconds:2 MaxBatchSize:100 MaxOpenFiles:10 UseTmpAsFilePath:false ShardIDProviderType: NumShards:0} 
[0;36mDEBUG[0m[2026-03-16 10:14:15.947]   opened serial level db persister         [0;36mpath[0m = /tmp/TestPruningStorer_ConcurrentOperations1217840472/001/epoch_20/shard_0/id [0;36mcreated pointer[0m = 0xc00041c380 [0;36mglobal db counter[0m = 3 [0;36mNewSerialDB[0m = 0.0030s [0;36mmkdirAll[0m = 0.0000s [0;36mopenLevelDB[0m = 0.0030s 
[0;36mDEBUG[0m[2026-03-16 10:14:15.947]   change epoch pruning storer success      [0;36mpersister[0m = id [0;36mepoch[0m = 21 
[0;36mDEBUG[0m[2026-03-16 10:14:15.947]   PruningStorer.processPersistersToClose   [0;36mepochs to close[0m = [] [0;36mbefore process[0m = [21 20] [0;36mafter process[0m = [21 20] 
[0;36mDEBUG[0m[2026-03-16 10:14:15.947]   called ChangeEpochSimple                 [0;36mepoch[0m = 21 
[0;36mDEBUG[0m[2026-03-16 10:14:15.947]   PruningStorer - change epoch             [0;36munit[0m = id [0;36mepoch[0m = 22 [0;36mbytes in cache[0m = 0 
[0;36mDEBUG[0m[2026-03-16 10:14:15.947]   change epoch pruning storer success      [0;36mpersister[0m = id [0;36mepoch[0m = 22 
[0;36mDEBUG[0m[2026-03-16 10:14:15.947]   PruningStorer.processPersistersToClose   [0;36mepochs to close[0m = [20] [0;36mbefore process[0m = [22 21 20] [0;36mafter process[0m = [22 21] 
[0;36mDEBUG[0m[2026-03-16 10:14:15.947]   makeDbPointerNilReturningLast            [0;36mpath[0m = /tmp/TestPruningStorer_ConcurrentOperations1217840472/001/epoch_20/shard_0/id [0;36mnilled pointer[0m = 0xc00041c380 [0;36mglobal db counter[0m = 2 
[0;36mDEBUG[0m[2026-03-16 10:14:15.947]   batchTimeoutHandle - closing             [0;36mpath[0m = /tmp/TestPruningStorer_ConcurrentOperations1217840472/001/epoch_20/shard_0/id 
[0;36mDEBUG[0m[2026-03-16 10:14:15.947]   processLoop - closing the leveldb process loop [0;36mpath[0m = /tmp/TestPruningStorer_ConcurrentOperations1217840472/001/epoch_20/shard_0/id 
[0;36mDEBUG[0m[2026-03-16 10:14:15.947]   called ChangeEpochSimple                 [0;36mepoch[0m = 22 
[0;36mDEBUG[0m[2026-03-16 10:14:15.947]   PruningStorer - change epoch             [0;36munit[0m = id [0;36mepoch[0m = 23 [0;36mbytes in cache[0m = 0 
[0;36mDEBUG[0m[2026-03-16 10:14:15.947]   GetDBConfig: loaded db config from main config file [0;36mconfiguration[0m = {FilePath:/tmp/TestPruningStorer_ConcurrentOperations1217840472/001/db-concurrent-test Type:LvlDBSerial BatchDelaySeconds:2 MaxBatchSize:100 MaxOpenFiles:10 UseTmpAsFilePath:false ShardIDProviderType: NumShards:0} 
[0;36mDEBUG[0m[2026-03-16 10:14:15.950]   opened serial level db persister         [0;36mpath[0m = /tmp/TestPruningStorer_ConcurrentOperations1217840472/001/epoch_23/shard_0/id [0;36mcreated pointer[0m = 0xc0001721c0 [0;36mglobal db counter[0m = 3 [0;36mNewSerialDB[0m = 0.0028s [0;36mmkdirAll[0m = 0.0002s [0;36mopenLevelDB[0m = 0.0027s 
[0;36mDEBUG[0m[2026-03-16 10:14:15.950]   PruningStorer.processPersistersToClose   [0;36mepochs to close[0m = [21] [0;36mbefore process[0m = [23 22 21] [0;36mafter process[0m = [23 22] 
[0;36mDEBUG[0m[2026-03-16 10:14:15.950]   makeDbPointerNilReturningLast            [0;36mpath[0m = /tmp/TestPruningStorer_ConcurrentOperations1217840472/001/epoch_21/shard_0/id [0;36mnilled pointer[0m = 0xc000976700 [0;36mglobal db counter[0m = 2 
[0;36mDEBUG[0m[2026-03-16 10:14:15.950]   processLoop - closing the leveldb process loop [0;36mpath[0m = /tmp/TestPruningStorer_ConcurrentOperations1217840472/001/epoch_21/shard_0/id 
[0;36mDEBUG[0m[2026-03-16 10:14:15.950]   batchTimeoutHandle - closing             [0;36mpath[0m = /tmp/TestPruningStorer_ConcurrentOperations1217840472/001/epoch_21/shard_0/id 
[0;36mDEBUG[0m[2026-03-16 10:14:15.950]   called ChangeEpochSimple                 [0;36mepoch[0m = 23 
[0;36mDEBUG[0m[2026-03-16 10:14:15.950]   PruningStorer - change epoch             [0;36munit[0m = id [0;36mepoch[0m = 24 [0;36mbytes in cache[0m = 0 
[0;36mDEBUG[0m[2026-03-16 10:14:15.950]   GetDBConfig: loaded db config from main config file [0;36mconfiguration[0m = {FilePath:/tmp/TestPruningStorer_ConcurrentOperations1217840472/001/db-concurrent-test Type:LvlDBSerial BatchDelaySeconds:2 MaxBatchSize:100 MaxOpenFiles:10 UseTmpAsFilePath:false ShardIDProviderType: NumShards:0} 
[0;36mDEBUG[0m[2026-03-16 10:14:15.954]   opened serial level db persister         [0;36mpath[0m = /tmp/TestPruningStorer_ConcurrentOperations1217840472/001/epoch_24/shard_0/id [0;36mcreated pointer[0m = 0xc000172540 [0;36mglobal db counter[0m = 3 [0;36mNewSerialDB[0m = 0.0036s [0;36mmkdirAll[0m = 0.0001s [0;36mopenLevelDB[0m = 0.0035s 
[0;36mDEBUG[0m[2026-03-16 10:14:15.954]   PruningStorer.processPersistersToClose   [0;36mepochs to close[0m = [22] [0;36mbefore process[0m = [24 23 22] [0;36mafter process[0m = [24 23] 
[0;36mDEBUG[0m[2026-03-16 10:14:15.954]   makeDbPointerNilReturningLast            [0;36mpath[0m = /tmp/TestPruningStorer_ConcurrentOperations1217840472/001/epoch_22/shard_0/id [0;36mnilled pointer[0m = 0xc000976a80 [0;36mglobal db counter[0m = 2 
[0;36mDEBUG[0m[2026-03-16 10:14:15.954]   batchTimeoutHandle - closing             [0;36mpath[0m = /tmp/TestPruningStorer_ConcurrentOperations1217840472/001/epoch_22/shard_0/id 
[0;36mDEBUG[0m[2026-03-16 10:14:15.954]   processLoop - closing the leveldb process loop [0;36mpath[0m = /tmp/TestPruningStorer_ConcurrentOperations1217840472/001/epoch_22/shard_0/id 
[0;36mDEBUG[0m[2026-03-16 10:14:15.954]   called ChangeEpochSimple                 [0;36mepoch[0m = 24 
[0;36mDEBUG[0m[2026-03-16 10:14:15.954]   PruningStorer - change epoch             [0;36munit[0m = id [0;36mepoch[0m = 23 [0;36mbytes in cache[0m = 0 
[0;36mDEBUG[0m[2026-03-16 10:14:15.954]   GetDBConfig: loaded db config from toml config file [0;36mconfig path[0m = /tmp/TestPruningStorer_ConcurrentOperations1217840472/001/epoch_22/shard_0/id [0;36mconfiguration[0m = &{FilePath:/tmp/TestPruningStorer_ConcurrentOperations1217840472/001/db-concurrent-test Type:LvlDBSerial BatchDelaySeconds:2 MaxBatchSize:100 MaxOpenFiles:10 UseTmpAsFilePath:false ShardIDProviderType: NumShards:0} 
[0;36mDEBUG[0m[2026-03-16 10:14:15.956]   opened serial level db persister         [0;36mpath[0m = /tmp/TestPruningStorer_ConcurrentOperations1217840472/001/epoch_22/shard_0/id [0;36mcreated pointer[0m = 0xc000172700 [0;36mglobal db counter[0m = 3 [0;36mNewSerialDB[0m = 0.0024s [0;36mmkdirAll[0m = 0.0000s [0;36mopenLevelDB[0m = 0.0023s 
[0;36mDEBUG[0m[2026-03-16 10:14:15.956]   change epoch pruning storer success      [0;36mpersister[0m = id [0;36mepoch[0m = 23 
[0;36mDEBUG[0m[2026-03-16 10:14:15.956]   PruningStorer.processPersistersToClose   [0;36mepochs to close[0m = [] [0;36mbefore process[0m = [23 22] [0;36mafter process[0m = [23 22] 
[0;36mDEBUG[0m[2026-03-16 10:14:15.956]   called ChangeEpochSimple                 [0;36mepoch[0m = 23 
[0;36mDEBUG[0m[2026-03-16 10:14:15.956]   PruningStorer - change epoch             [0;36munit[0m = id [0;36mepoch[0m = 22 [0;36mbytes in cache[0m = 0 
[0;36mDEBUG[0m[2026-03-16 10:14:15.956]   GetDBConfig: loaded db config from toml config file [0;36mconfig path[0m = /tmp/TestPruningStorer_ConcurrentOperations1217840472/001/epoch_21/shard_0/id [0;36mconfiguration[0m = &{FilePath:/tmp/TestPruningStorer_ConcurrentOperations1217840472/001/db-concurrent-test Type:LvlDBSerial BatchDelaySeconds:2 MaxBatchSize:100 MaxOpenFiles:10 UseTmpAsFilePath:false ShardIDProviderType: NumShards:0} 
[0;36mDEBUG[0m[2026-03-16 10:14:15.959]   opened serial level db persister         [0;36mpath[0m = /tmp/TestPruningStorer_ConcurrentOperations1217840472/001/epoch_21/shard_0/id [0;36mcreated pointer[0m = 0xc000172a80 [0;36mglobal db counter[0m = 4 [0;36mNewSerialDB[0m = 0.0030s [0;36mmkdirAll[0m = 0.0000s [0;36mopenLevelDB[0m = 0.0030s 
[0;36mDEBUG[0m[2026-03-16 10:14:15.959]   change epoch pruning storer success      [0;36mpersister[0m = id [0;36mepoch[0m = 22 
[0;36mDEBUG[0m[2026-03-16 10:14:15.959]   PruningStorer.processPersistersToClose   [0;36mepochs to close[0m = [] [0;36mbefore process[0m = [22 21] [0;36mafter process[0m = [22 21] 
[0;36mDEBUG[0m[2026-03-16 10:14:15.959]   called ChangeEpochSimple                 [0;36mepoch[0m = 22 
[0;36mDEBUG[0m[2026-03-16 10:14:15.959]   PruningStorer - change epoch             [0;36munit[0m = id [0;36mepoch[0m = 23 [0;36mbytes in cache[0m = 0 
[0;36mDEBUG[0m[2026-03-16 10:14:15.959]   change epoch pruning storer success      [0;36mpersister[0m = id [0;36mepoch[0m = 23 
[0;36mDEBUG[0m[2026-03-16 10:14:15.959]   PruningStorer.processPersistersToClose   [0;36mepochs to close[0m = [21] [0;36mbefore process[0m = [23 22 21] [0;36mafter process[0m = [23 22] 
[0;36mDEBUG[0m[2026-03-16 10:14:15.959]   makeDbPointerNilReturningLast            [0;36mpath[0m = /tmp/TestPruningStorer_ConcurrentOperations1217840472/001/epoch_21/shard_0/id [0;36mnilled pointer[0m = 0xc000172a80 [0;36mglobal db counter[0m = 3 
[0;36mDEBUG[0m[2026-03-16 10:14:15.959]   batchTimeoutHandle - closing             [0;36mpath[0m = /tmp/TestPruningStorer_ConcurrentOperations1217840472/001/epoch_21/shard_0/id 
[0;36mDEBUG[0m[2026-03-16 10:14:15.959]   processLoop - closing the leveldb process loop [0;36mpath[0m = /tmp/TestPruningStorer_ConcurrentOperations1217840472/001/epoch_21/shard_0/id 
[0;36mDEBUG[0m[2026-03-16 10:14:15.960]   called ChangeEpochSimple                 [0;36mepoch[0m = 23 
[0;36mDEBUG[0m[2026-03-16 10:14:15.960]   PruningStorer - change epoch             [0;36munit[0m = id [0;36mepoch[0m = 24 [0;36mbytes in cache[0m = 0 
[0;36mDEBUG[0m[2026-03-16 10:14:15.960]   change epoch pruning storer success      [0;36mpersister[0m = id [0;36mepoch[0m = 24 
[0;36mDEBUG[0m[2026-03-16 10:14:15.960]   PruningStorer.processPersistersToClose   [0;36mepochs to close[0m = [22] [0;36mbefore process[0m = [24 23 22] [0;36mafter process[0m = [24 23] 
[0;36mDEBUG[0m[2026-03-16 10:14:15.960]   makeDbPointerNilReturningLast            [0;36mpath[0m = /tmp/TestPruningStorer_ConcurrentOperations1217840472/001/epoch_22/shard_0/id [0;36mnilled pointer[0m = 0xc000172700 [0;36mglobal db counter[0m = 2 
[0;36mDEBUG[0m[2026-03-16 10:14:15.960]   processLoop - closing the leveldb process loop [0;36mpath[0m = /tmp/TestPruningStorer_ConcurrentOperations1217840472/001/epoch_22/shard_0/id 
[0;36mDEBUG[0m[2026-03-16 10:14:15.960]   batchTimeoutHandle - closing             [0;36mpath[0m = /tmp/TestPruningStorer_ConcurrentOperations1217840472/001/epoch_22/shard_0/id 
[0;36mDEBUG[0m[2026-03-16 10:14:15.960]   called ChangeEpochSimple                 [0;36mepoch[0m = 24 
[0;36mDEBUG[0m[2026-03-16 10:14:15.960]   PruningStorer - change epoch             [0;36munit[0m = id [0;36mepoch[0m = 25 [0;36mbytes in cache[0m = 0 
[0;36mDEBUG[0m[2026-03-16 10:14:15.960]   GetDBConfig: loaded db config from main config file [0;36mconfiguration[0m = {FilePath:/tmp/TestPruningStorer_ConcurrentOperations1217840472/001/db-concurrent-test Type:LvlDBSerial BatchDelaySeconds:2 MaxBatchSize:100 MaxOpenFiles:10 UseTmpAsFilePath:false ShardIDProviderType: NumShards:0} 
[0;36mDEBUG[0m[2026-03-16 10:14:15.962]   opened serial level db persister         [0;36mpath[0m = /tmp/TestPruningStorer_ConcurrentOperations1217840472/001/epoch_25/shard_0/id [0;36mcreated pointer[0m = 0xc000172e00 [0;36mglobal db counter[0m = 3 [0;36mNewSerialDB[0m = 0.0021s [0;36mmkdirAll[0m = 0.0001s [0;36mopenLevelDB[0m = 0.0021s 
[0;36mDEBUG[0m[2026-03-16 10:14:15.962]   PruningStorer.processPersistersToClose   [0;36mepochs to close[0m = [23] [0;36mbefore process[0m = [25 24 23] [0;36mafter process[0m = [25 24] 
[0;36mDEBUG[0m[2026-03-16 10:14:15.962]   makeDbPointerNilReturningLast            [0;36mpath[0m = /tmp/TestPruningStorer_ConcurrentOperations1217840472/001/epoch_23/shard_0/id [0;36mnilled pointer[0m = 0xc0001721c0 [0;36mglobal db counter[0m = 2 
[0;36mDEBUG[0m[2026-03-16 10:14:15.962]   processLoop - closing the leveldb process loop [0;36mpath[0m = /tmp/TestPruningStorer_ConcurrentOperations1217840472/001/epoch_23/shard_0/id 
[0;36mDEBUG[0m[2026-03-16 10:14:15.962]   batchTimeoutHandle - closing             [0;36mpath[0m = /tmp/TestPruningStorer_ConcurrentOperations1217840472/001/epoch_23/shard_0/id 
[0;36mDEBUG[0m[2026-03-16 10:14:15.962]   called ChangeEpochSimple                 [0;36mepoch[0m = 25 
[0;36mDEBUG[0m[2026-03-16 10:14:15.962]   PruningStorer - change epoch             [0;36munit[0m = id [0;36mepoch[0m = 26 [0;36mbytes in cache[0m = 0 
[0;36mDEBUG[0m[2026-03-16 10:14:15.962]   GetDBConfig: loaded db config from main config file [0;36mconfiguration[0m = {FilePath:/tmp/TestPruningStorer_ConcurrentOperations1217840472/001/db-concurrent-test Type:LvlDBSerial BatchDelaySeconds:2 MaxBatchSize:100 MaxOpenFiles:10 UseTmpAsFilePath:false ShardIDProviderType: NumShards:0} 
[0;36mDEBUG[0m[2026-03-16 10:14:15.965]   opened serial level db persister         [0;36mpath[0m = /tmp/TestPruningStorer_ConcurrentOperations1217840472/001/epoch_26/shard_0/id [0;36mcreated pointer[0m = 0xc000173180 [0;36mglobal db counter[0m = 3 [0;36mNewSerialDB[0m = 0.0025s [0;36mmkdirAll[0m = 0.0002s [0;36mopenLevelDB[0m = 0.0023s 
[0;36mDEBUG[0m[2026-03-16 10:14:15.965]   PruningStorer.processPersistersToClose   [0;36mepochs to close[0m = [24] [0;36mbefore process[0m = [26 25 24] [0;36mafter process[0m = [26 25] 
[0;36mDEBUG[0m[2026-03-16 10:14:15.965]   processLoop - closing the leveldb process loop [0;36mpath[0m = /tmp/TestPruningStorer_ConcurrentOperations1217840472/001/epoch_24/shard_0/id 
[0;36mDEBUG[0m[2026-03-16 10:14:15.965]   makeDbPointerNilReturningLast            [0;36mpath[0m = /tmp/TestPruningStorer_ConcurrentOperations1217840472/001/epoch_24/shard_0/id [0;36mnilled pointer[0m = 0xc000172540 [0;36mglobal db counter[0m = 2 
[0;36mDEBUG[0m[2026-03-16 10:14:15.965]   batchTimeoutHandle - closing             [0;36mpath[0m = /tmp/TestPruningStorer_ConcurrentOperations1217840472/001/epoch_24/shard_0/id 
[0;36mDEBUG[0m[2026-03-16 10:14:15.965]   called ChangeEpochSimple                 [0;36mepoch[0m = 26 
[0;36mDEBUG[0m[2026-03-16 10:14:15.965]   PruningStorer - change epoch             [0;36munit[0m = id [0;36mepoch[0m = 27 [0;36mbytes in cache[0m = 0 
[0;36mDEBUG[0m[2026-03-16 10:14:15.965]   GetDBConfig: loaded db config from main config file [0;36mconfiguration[0m = {FilePath:/tmp/TestPruningStorer_ConcurrentOperations1217840472/001/db-concurrent-test Type:LvlDBSerial BatchDelaySeconds:2 MaxBatchSize:100 MaxOpenFiles:10 UseTmpAsFilePath:false ShardIDProviderType: NumShards:0} 
[0;36mDEBUG[0m[2026-03-16 10:14:15.967]   opened serial level db persister         [0;36mpath[0m = /tmp/TestPruningStorer_ConcurrentOperations1217840472/001/epoch_27/shard_0/id [0;36mcreated pointer[0m = 0xc000173500 [0;36mglobal db counter[0m = 3 [0;36mNewSerialDB[0m = 0.0028s [0;36mmkdirAll[0m = 0.0001s [0;36mopenLevelDB[0m = 0.0027s 
[0;36mDEBUG[0m[2026-03-16 10:14:15.968]   PruningStorer.processPersistersToClose   [0;36mepochs to close[0m = [25] [0;36mbefore process[0m = [27 26 25] [0;36mafter process[0m = [27 26] 
[0;36mDEBUG[0m[2026-03-16 10:14:15.968]   makeDbPointerNilReturningLast            [0;36mpath[0m = /tmp/TestPruningStorer_ConcurrentOperations1217840472/001/epoch_25/shard_0/id [0;36mnilled pointer[0m = 0xc000172e00 [0;36mglobal db counter[0m = 2 
[0;36mDEBUG[0m[2026-03-16 10:14:15.968]   processLoop - closing the leveldb process loop [0;36mpath[0m = /tmp/TestPruningStorer_ConcurrentOperations1217840472/001/epoch_25/shard_0/id 
[0;36mDEBUG[0m[2026-03-16 10:14:15.968]   batchTimeoutHandle - closing             [0;36mpath[0m = /tmp/TestPruningStorer_ConcurrentOperations1217840472/001/epoch_25/shard_0/id 
[0;36mDEBUG[0m[2026-03-16 10:14:15.968]   called ChangeEpochSimple                 [0;36mepoch[0m = 27 
[0;36mDEBUG[0m[2026-03-16 10:14:15.968]   PruningStorer - change epoch             [0;36munit[0m = id [0;36mepoch[0m = 28 [0;36mbytes in cache[0m = 0 
[0;36mDEBUG[0m[2026-03-16 10:14:15.968]   GetDBConfig: loaded db config from main config file [0;36mconfiguration[0m = {FilePath:/tmp/TestPruningStorer_ConcurrentOperations1217840472/001/db-concurrent-test Type:LvlDBSerial BatchDelaySeconds:2 MaxBatchSize:100 MaxOpenFiles:10 UseTmpAsFilePath:false ShardIDProviderType: NumShards:0} 
[0;36mDEBUG[0m[2026-03-16 10:14:15.972]   opened serial level db persister         [0;36mpath[0m = /tmp/TestPruningStorer_ConcurrentOperations1217840472/001/epoch_28/shard_0/id [0;36mcreated pointer[0m = 0xc0009768c0 [0;36mglobal db counter[0m = 3 [0;36mNewSerialDB[0m = 0.0042s [0;36mmkdirAll[0m = 0.0001s [0;36mopenLevelDB[0m = 0.0041s 
[0;36mDEBUG[0m[2026-03-16 10:14:15.972]   PruningStorer.processPersistersToClose   [0;36mepochs to close[0m = [26] [0;36mbefore process[0m = [28 27 26] [0;36mafter process[0m = [28 27] 
[0;36mDEBUG[0m[2026-03-16 10:14:15.972]   makeDbPointerNilReturningLast            [0;36mpath[0m = /tmp/TestPruningStorer_ConcurrentOperations1217840472/001/epoch_26/shard_0/id [0;36mnilled pointer[0m = 0xc000173180 [0;36mglobal db counter[0m = 2 
[0;36mDEBUG[0m[2026-03-16 10:14:15.972]   batchTimeoutHandle - closing             [0;36mpath[0m = /tmp/TestPruningStorer_ConcurrentOperations1217840472/001/epoch_26/shard_0/id 
[0;36mDEBUG[0m[2026-03-16 10:14:15.972]   processLoop - closing the leveldb process loop [0;36mpath[0m = /tmp/TestPruningStorer_ConcurrentOperations1217840472/001/epoch_26/shard_0/id 
[0;36mDEBUG[0m[2026-03-16 10:14:15.972]   called ChangeEpochSimple                 [0;36mepoch[0m = 28 
[0;36mDEBUG[0m[2026-03-16 10:14:15.972]   PruningStorer - change epoch             [0;36munit[0m = id [0;36mepoch[0m = 29 [0;36mbytes in cache[0m = 0 
[0;36mDEBUG[0m[2026-03-16 10:14:15.972]   GetDBConfig: loaded db config from main config file [0;36mconfiguration[0m = {FilePath:/tmp/TestPruningStorer_ConcurrentOperations1217840472/001/db-concurrent-test Type:LvlDBSerial BatchDelaySeconds:2 MaxBatchSize:100 MaxOpenFiles:10 UseTmpAsFilePath:false ShardIDProviderType: NumShards:0} 
[0;36mDEBUG[0m[2026-03-16 10:14:15.976]   opened serial level db persister         [0;36mpath[0m = /tmp/TestPruningStorer_ConcurrentOperations1217840472/001/epoch_29/shard_0/id [0;36mcreated pointer[0m = 0xc000916000 [0;36mglobal db counter[0m = 3 [0;36mNewSerialDB[0m = 0.0043s [0;36mmkdirAll[0m = 0.0001s [0;36mopenLevelDB[0m = 0.0042s 
[0;36mDEBUG[0m[2026-03-16 10:14:15.977]   PruningStorer.processPersistersToClose   [0;36mepochs to close[0m = [27] [0;36mbefore process[0m = [29 28 27] [0;36mafter process[0m = [29 28] 
[0;36mDEBUG[0m[2026-03-16 10:14:15.977]   makeDbPointerNilReturningLast            [0;36mpath[0m = /tmp/TestPruningStorer_ConcurrentOperations1217840472/001/epoch_27/shard_0/id [0;36mnilled pointer[0m = 0xc000173500 [0;36mglobal db counter[0m = 2 
[0;36mDEBUG[0m[2026-03-16 10:14:15.977]   batchTimeoutHandle - closing             [0;36mpath[0m = /tmp/TestPruningStorer_ConcurrentOperations1217840472/001/epoch_27/shard_0/id 
[0;36mDEBUG[0m[2026-03-16 10:14:15.977]   processLoop - closing the leveldb process loop [0;36mpath[0m = /tmp/TestPruningStorer_ConcurrentOperations1217840472/001/epoch_27/shard_0/id 
[0;36mDEBUG[0m[2026-03-16 10:14:15.977]   called ChangeEpochSimple                 [0;36mepoch[0m = 29 
[0;36mDEBUG[0m[2026-03-16 10:14:15.977]   PruningStorer - change epoch             [0;36munit[0m = id [0;36mepoch[0m = 30 [0;36mbytes in cache[0m = 0 
[0;36mDEBUG[0m[2026-03-16 10:14:15.977]   GetDBConfig: loaded db config from main config file [0;36mconfiguration[0m = {FilePath:/tmp/TestPruningStorer_ConcurrentOperations1217840472/001/db-concurrent-test Type:LvlDBSerial BatchDelaySeconds:2 MaxBatchSize:100 MaxOpenFiles:10 UseTmpAsFilePath:false ShardIDProviderType: NumShards:0} 
[0;36mDEBUG[0m[2026-03-16 10:14:15.979]   opened serial level db persister         [0;36mpath[0m = /tmp/TestPruningStorer_ConcurrentOperations1217840472/001/epoch_30/shard_0/id [0;36mcreated pointer[0m = 0xc000977880 [0;36mglobal db counter[0m = 3 [0;36mNewSerialDB[0m = 0.0021s [0;36mmkdirAll[0m = 0.0001s [0;36mopenLevelDB[0m = 0.0020s 
[0;36mDEBUG[0m[2026-03-16 10:14:15.979]   PruningStorer.processPersistersToClose   [0;36mepochs to close[0m = [28] [0;36mbefore process[0m = [30 29 28] [0;36mafter process[0m = [30 29] 
[0;36mDEBUG[0m[2026-03-16 10:14:15.979]   makeDbPointerNilReturningLast            [0;36mpath[0m = /tmp/TestPruningStorer_ConcurrentOperations1217840472/001/epoch_28/shard_0/id [0;36mnilled pointer[0m = 0xc0009768c0 [0;36mglobal db counter[0m = 2 
[0;36mDEBUG[0m[2026-03-16 10:14:15.979]   processLoop - closing the leveldb process loop [0;36mpath[0m = /tmp/TestPruningStorer_ConcurrentOperations1217840472/001/epoch_28/shard_0/id 
[0;36mDEBUG[0m[2026-03-16 10:14:15.979]   batchTimeoutHandle - closing             [0;36mpath[0m = /tmp/TestPruningStorer_ConcurrentOperations1217840472/001/epoch_28/shard_0/id 
[0;36mDEBUG[0m[2026-03-16 10:14:15.979]   called ChangeEpochSimple                 [0;36mepoch[0m = 30 
[0;36mDEBUG[0m[2026-03-16 10:14:15.979]   PruningStorer - change epoch             [0;36munit[0m = id [0;36mepoch[0m = 29 [0;36mbytes in cache[0m = 0 
[0;36mDEBUG[0m[2026-03-16 10:14:15.979]   GetDBConfig: loaded db config from toml config file [0;36mconfig path[0m = /tmp/TestPruningStorer_ConcurrentOperations1217840472/001/epoch_28/shard_0/id [0;36mconfiguration[0m = &{FilePath:/tmp/TestPruningStorer_ConcurrentOperations1217840472/001/db-concurrent-test Type:LvlDBSerial BatchDelaySeconds:2 MaxBatchSize:100 MaxOpenFiles:10 UseTmpAsFilePath:false ShardIDProviderType: NumShards:0} 
[0;36mDEBUG[0m[2026-03-16 10:14:15.982]   opened serial level db persister         [0;36mpath[0m = /tmp/TestPruningStorer_ConcurrentOperations1217840472/001/epoch_28/shard_0/id [0;36mcreated pointer[0m = 0xc000172380 [0;36mglobal db counter[0m = 3 [0;36mNewSerialDB[0m = 0.0031s [0;36mmkdirAll[0m = 0.0000s [0;36mopenLevelDB[0m = 0.0031s 
[0;36mDEBUG[0m[2026-03-16 10:14:15.982]   change epoch pruning storer success      [0;36mpersister[0m = id [0;36mepoch[0m = 29 
[0;36mDEBUG[0m[2026-03-16 10:14:15.982]   PruningStorer.processPersistersToClose   [0;36mepochs to close[0m = [] [0;36mbefore process[0m = [29 28] [0;36mafter process[0m = [29 28] 
[0;36mDEBUG[0m[2026-03-16 10:14:15.982]   called ChangeEpochSimple                 [0;36mepoch[0m = 29 
[0;36mDEBUG[0m[2026-03-16 10:14:15.982]   PruningStorer - change epoch             [0;36munit[0m = id [0;36mepoch[0m = 30 [0;36mbytes in cache[0m = 0 
[0;36mDEBUG[0m[2026-03-16 10:14:15.982]   change epoch pruning storer success      [0;36mpersister[0m = id [0;36mepoch[0m = 30 
[0;36mDEBUG[0m[2026-03-16 10:14:15.982]   PruningStorer.processPersistersToClose   [0;36mepochs to close[0m = [28] [0;36mbefore process[0m = [30 29 28] [0;36mafter process[0m = [30 29] 
[0;36mDEBUG[0m[2026-03-16 10:14:15.982]   makeDbPointerNilReturningLast            [0;36mpath[0m = /tmp/TestPruningStorer_ConcurrentOperations1217840472/001/epoch_28/shard_0/id [0;36mnilled pointer[0m = 0xc000172380 [0;36mglobal db counter[0m = 2 
[0;36mDEBUG[0m[2026-03-16 10:14:15.982]   batchTimeoutHandle - closing             [0;36mpath[0m = /tmp/TestPruningStorer_ConcurrentOperations1217840472/001/epoch_28/shard_0/id 
[0;36mDEBUG[0m[2026-03-16 10:14:15.982]   processLoop - closing the leveldb process loop [0;36mpath[0m = /tmp/TestPruningStorer_ConcurrentOperations1217840472/001/epoch_28/shard_0/id 
[0;36mDEBUG[0m[2026-03-16 10:14:15.982]   called ChangeEpochSimple                 [0;36mepoch[0m = 30 
[0;36mDEBUG[0m[2026-03-16 10:14:15.982]   PruningStorer - change epoch             [0;36munit[0m = id [0;36mepoch[0m = 31 [0;36mbytes in cache[0m = 0 
[0;36mDEBUG[0m[2026-03-16 10:14:15.982]   GetDBConfig: loaded db config from main config file [0;36mconfiguration[0m = {FilePath:/tmp/TestPruningStorer_ConcurrentOperations1217840472/001/db-concurrent-test Type:LvlDBSerial BatchDelaySeconds:2 MaxBatchSize:100 MaxOpenFiles:10 UseTmpAsFilePath:false ShardIDProviderType: NumShards:0} 
[0;36mDEBUG[0m[2026-03-16 10:14:15.986]   opened serial level db persister         [0;36mpath[0m = /tmp/TestPruningStorer_ConcurrentOperations1217840472/001/epoch_31/shard_0/id [0;36mcreated pointer[0m = 0xc000916380 [0;36mglobal db counter[0m = 3 [0;36mNewSerialDB[0m = 0.0038s [0;36mmkdirAll[0m = 0.0001s [0;36mopenLevelDB[0m = 0.0036s 
[0;36mDEBUG[0m[2026-03-16 10:14:15.986]   PruningStorer.processPersistersToClose   [0;36mepochs to close[0m = [29] [0;36mbefore process[0m = [31 30 29] [0;36mafter process[0m = [31 30] 
[0;36mDEBUG[0m[2026-03-16 10:14:15.986]   makeDbPointerNilReturningLast            [0;36mpath[0m = /tmp/TestPruningStorer_ConcurrentOperations1217840472/001/epoch_29/shard_0/id [0;36mnilled pointer[0m = 0xc000916000 [0;36mglobal db counter[0m = 2 
[0;36mDEBUG[0m[2026-03-16 10:14:15.986]   processLoop - closing the leveldb process loop [0;36mpath[0m = /tmp/TestPruningStorer_ConcurrentOperations1217840472/001/epoch_29/shard_0/id 
[0;36mDEBUG[0m[2026-03-16 10:14:15.986]   batchTimeoutHandle - closing             [0;36mpath[0m = /tmp/TestPruningStorer_ConcurrentOperations1217840472/001/epoch_29/shard_0/id 
[0;36mDEBUG[0m[2026-03-16 10:14:15.986]   called ChangeEpochSimple                 [0;36mepoch[0m = 31 
[0;36mDEBUG[0m[2026-03-16 10:14:15.986]   PruningStorer - change epoch             [0;36munit[0m = id [0;36mepoch[0m = 30 [0;36mbytes in cache[0m = 0 
[0;36mDEBUG[0m[2026-03-16 10:14:15.987]   GetDBConfig: loaded db config from toml config file [0;36mconfig path[0m = /tmp/TestPruningStorer_ConcurrentOperations1217840472/001/epoch_29/shard_0/id [0;36mconfiguration[0m = &{FilePath:/tmp/TestPruningStorer_ConcurrentOperations1217840472/001/db-concurrent-test Type:LvlDBSerial BatchDelaySeconds:2 MaxBatchSize:100 MaxOpenFiles:10 UseTmpAsFilePath:false ShardIDProviderType: NumShards:0} 
[0;36mDEBUG[0m[2026-03-16 10:14:15.989]   opened serial level db persister         [0;36mpath[0m = /tmp/TestPruningStorer_ConcurrentOperations1217840472/001/epoch_29/shard_0/id [0;36mcreated pointer[0m = 0xc000916700 [0;36mglobal db counter[0m = 3 [0;36mNewSerialDB[0m = 0.0024s [0;36mmkdirAll[0m = 0.0000s [0;36mopenLevelDB[0m = 0.0023s 
[0;36mDEBUG[0m[2026-03-16 10:14:15.989]   change epoch pruning storer success      [0;36mpersister[0m = id [0;36mepoch[0m = 30 
[0;36mDEBUG[0m[2026-03-16 10:14:15.989]   PruningStorer.processPersistersToClose   [0;36mepochs to close[0m = [] [0;36mbefore process[0m = [30 29] [0;36mafter process[0m = [30 29] 
[0;36mDEBUG[0m[2026-03-16 10:14:15.989]   called ChangeEpochSimple                 [0;36mepoch[0m = 30 
[0;36mDEBUG[0m[2026-03-16 10:14:15.989]   PruningStorer - change epoch             [0;36munit[0m = id [0;36mepoch[0m = 31 [0;36mbytes in cache[0m = 0 
[0;36mDEBUG[0m[2026-03-16 10:14:15.989]   change epoch pruning storer success      [0;36mpersister[0m = id [0;36mepoch[0m = 31 
[0;36mDEBUG[0m[2026-03-16 10:14:15.989]   PruningStorer.processPersistersToClose   [0;36mepochs to close[0m = [29] [0;36mbefore process[0m = [31 30 29] [0;36mafter process[0m = [31 30] 
[0;36mDEBUG[0m[2026-03-16 10:14:15.989]   makeDbPointerNilReturningLast            [0;36mpath[0m = /tmp/TestPruningStorer_ConcurrentOperations1217840472/001/epoch_29/shard_0/id [0;36mnilled pointer[0m = 0xc000916700 [0;36mglobal db counter[0m = 2 
[0;36mDEBUG[0m[2026-03-16 10:14:15.989]   batchTimeoutHandle - closing             [0;36mpath[0m = /tmp/TestPruningStorer_ConcurrentOperations1217840472/001/epoch_29/shard_0/id 
[0;36mDEBUG[0m[2026-03-16 10:14:15.989]   processLoop - closing the leveldb process loop [0;36mpath[0m = /tmp/TestPruningStorer_ConcurrentOperations1217840472/001/epoch_29/shard_0/id 
[0;36mDEBUG[0m[2026-03-16 10:14:15.989]   called ChangeEpochSimple                 [0;36mepoch[0m = 31 
[0;36mDEBUG[0m[2026-03-16 10:14:15.989]   PruningStorer - change epoch             [0;36munit[0m = id [0;36mepoch[0m = 32 [0;36mbytes in cache[0m = 0 
[0;36mDEBUG[0m[2026-03-16 10:14:15.989]   GetDBConfig: loaded db config from main config file [0;36mconfiguration[0m = {FilePath:/tmp/TestPruningStorer_ConcurrentOperations1217840472/001/db-concurrent-test Type:LvlDBSerial BatchDelaySeconds:2 MaxBatchSize:100 MaxOpenFiles:10 UseTmpAsFilePath:false ShardIDProviderType: NumShards:0} 
[0;36mDEBUG[0m[2026-03-16 10:14:15.991]   opened serial level db persister         [0;36mpath[0m = /tmp/TestPruningStorer_ConcurrentOperations1217840472/001/epoch_32/shard_0/id [0;36mcreated pointer[0m = 0xc000916c40 [0;36mglobal db counter[0m = 3 [0;36mNewSerialDB[0m = 0.0020s [0;36mmkdirAll[0m = 0.0001s [0;36mopenLevelDB[0m = 0.0020s 
[0;36mDEBUG[0m[2026-03-16 10:14:15.991]   PruningStorer.processPersistersToClose   [0;36mepochs to close[0m = [30] [0;36mbefore process[0m = [32 31 30] [0;36mafter process[0m = [32 31] 
[0;36mDEBUG[0m[2026-03-16 10:14:15.991]   makeDbPointerNilReturningLast            [0;36mpath[0m = /tmp/TestPruningStorer_ConcurrentOperations1217840472/001/epoch_30/shard_0/id [0;36mnilled pointer[0m = 0xc000977880 [0;36mglobal db counter[0m = 2 
[0;36mDEBUG[0m[2026-03-16 10:14:15.991]   batchTimeoutHandle - closing             [0;36mpath[0m = /tmp/TestPruningStorer_ConcurrentOperations1217840472/001/epoch_30/shard_0/id 
[0;36mDEBUG[0m[2026-03-16 10:14:15.991]   processLoop - closing the leveldb process loop [0;36mpath[0m = /tmp/TestPruningStorer_ConcurrentOperations1217840472/001/epoch_30/shard_0/id 
[0;36mDEBUG[0m[2026-03-16 10:14:15.991]   called ChangeEpochSimple                 [0;36mepoch[0m = 32 
[0;36mDEBUG[0m[2026-03-16 10:14:15.991]   PruningStorer - change epoch             [0;36munit[0m = id [0;36mepoch[0m = 31 [0;36mbytes in cache[0m = 0 
[0;36mDEBUG[0m[2026-03-16 10:14:15.991]   GetDBConfig: loaded db config from toml config file [0;36mconfig path[0m = /tmp/TestPruningStorer_ConcurrentOperations1217840472/001/epoch_30/shard_0/id [0;36mconfiguration[0m = &{FilePath:/tmp/TestPruningStorer_ConcurrentOperations1217840472/001/db-concurrent-test Type:LvlDBSerial BatchDelaySeconds:2 MaxBatchSize:100 MaxOpenFiles:10 UseTmpAsFilePath:false ShardIDProviderType: NumShards:0} 
[0;36mDEBUG[0m[2026-03-16 10:14:15.996]   opened serial level db persister         [0;36mpath[0m = /tmp/TestPruningStorer_ConcurrentOperations1217840472/001/epoch_30/shard_0/id [0;36mcreated pointer[0m = 0xc000173340 [0;36mglobal db counter[0m = 3 [0;36mNewSerialDB[0m = 0.0046s [0;36mmkdirAll[0m = 0.0000s [0;36mopenLevelDB[0m = 0.0046s 
[0;36mDEBUG[0m[2026-03-16 10:14:15.996]   change epoch pruning storer success      [0;36mpersister[0m = id [0;36mepoch[0m = 31 
[0;36mDEBUG[0m[2026-03-16 10:14:15.996]   PruningStorer.processPersistersToClose   [0;36mepochs to close[0m = [] [0;36mbefore process[0m = [31 30] [0;36mafter process[0m = [31 30] 
[0;36mDEBUG[0m[2026-03-16 10:14:15.996]   called ChangeEpochSimple                 [0;36mepoch[0m = 31 
[0;36mDEBUG[0m[2026-03-16 10:14:15.996]   PruningStorer - change epoch             [0;36munit[0m = id [0;36mepoch[0m = 32 [0;36mbytes in cache[0m = 0 
[0;36mDEBUG[0m[2026-03-16 10:14:15.996]   change epoch pruning storer success      [0;36mpersister[0m = id [0;36mepoch[0m = 32 
[0;36mDEBUG[0m[2026-03-16 10:14:15.996]   PruningStorer.processPersistersToClose   [0;36mepochs to close[0m = [30] [0;36mbefore process[0m = [32 31 30] [0;36mafter process[0m = [32 31] 
[0;36mDEBUG[0m[2026-03-16 10:14:15.996]   makeDbPointerNilReturningLast            [0;36mpath[0m = /tmp/TestPruningStorer_ConcurrentOperations1217840472/001/epoch_30/shard_0/id [0;36mnilled pointer[0m = 0xc000173340 [0;36mglobal db counter[0m = 2 
[0;36mDEBUG[0m[2026-03-16 10:14:15.996]   processLoop - closing the leveldb process loop [0;36mpath[0m = /tmp/TestPruningStorer_ConcurrentOperations1217840472/001/epoch_30/shard_0/id 
[0;36mDEBUG[0m[2026-03-16 10:14:15.996]   batchTimeoutHandle - closing             [0;36mpath[0m = /tmp/TestPruningStorer_ConcurrentOperations1217840472/001/epoch_30/shard_0/id 
[0;36mDEBUG[0m[2026-03-16 10:14:15.996]   called ChangeEpochSimple                 [0;36mepoch[0m = 32 
[0;36mDEBUG[0m[2026-03-16 10:14:15.996]   PruningStorer - change epoch             [0;36munit[0m = id [0;36mepoch[0m = 31 [0;36mbytes in cache[0m = 0 
[0;36mDEBUG[0m[2026-03-16 10:14:15.996]   GetDBConfig: loaded db config from toml config file [0;36mconfig path[0m = /tmp/TestPruningStorer_ConcurrentOperations1217840472/001/epoch_30/shard_0/id [0;36mconfiguration[0m = &{FilePath:/tmp/TestPruningStorer_ConcurrentOperations1217840472/001/db-concurrent-test Type:LvlDBSerial BatchDelaySeconds:2 MaxBatchSize:100 MaxOpenFiles:10 UseTmpAsFilePath:false ShardIDProviderType: NumShards:0} 
[0;36mDEBUG[0m[2026-03-16 10:14:15.999]   opened serial level db persister         [0;36mpath[0m = /tmp/TestPruningStorer_ConcurrentOperations1217840472/001/epoch_30/shard_0/id [0;36mcreated pointer[0m = 0xc000173c00 [0;36mglobal db counter[0m = 3 [0;36mNewSerialDB[0m = 0.0031s [0;36mmkdirAll[0m = 0.0000s [0;36mopenLevelDB[0m = 0.0031s 
[0;36mDEBUG[0m[2026-03-16 10:14:16.000]   change epoch pruning storer success      [0;36mpersister[0m = id [0;36mepoch[0m = 31 
[0;36mDEBUG[0m[2026-03-16 10:14:16.000]   PruningStorer.processPersistersToClose   [0;36mepochs to close[0m = [] [0;36mbefore process[0m = [31 30] [0;36mafter process[0m = [31 30] 
[0;36mDEBUG[0m[2026-03-16 10:14:16.000]   called ChangeEpochSimple                 [0;36mepoch[0m = 31 
[0;36mDEBUG[0m[2026-03-16 10:14:16.000]   PruningStorer - change epoch             [0;36munit[0m = id [0;36mepoch[0m = 32 [0;36mbytes in cache[0m = 0 
[0;36mDEBUG[0m[2026-03-16 10:14:16.000]   change epoch pruning storer success      [0;36mpersister[0m = id [0;36mepoch[0m = 32 
[0;36mDEBUG[0m[2026-03-16 10:14:16.000]   PruningStorer.processPersistersToClose   [0;36mepochs to close[0m = [30] [0;36mbefore process[0m = [32 31 30] [0;36mafter process[0m = [32 31] 
[0;36mDEBUG[0m[2026-03-16 10:14:16.000]   makeDbPointerNilReturningLast            [0;36mpath[0m = /tmp/TestPruningStorer_ConcurrentOperations1217840472/001/epoch_30/shard_0/id [0;36mnilled pointer[0m = 0xc000173c00 [0;36mglobal db counter[0m = 2 
[0;36mDEBUG[0m[2026-03-16 10:14:16.000]   batchTimeoutHandle - closing             [0;36mpath[0m = /tmp/TestPruningStorer_ConcurrentOperations1217840472/001/epoch_30/shard_0/id 
[0;36mDEBUG[0m[2026-03-16 10:14:16.000]   processLoop - closing the leveldb process loop [0;36mpath[0m = /tmp/TestPruningStorer_ConcurrentOperations1217840472/001/epoch_30/shard_0/id 
[0;36mDEBUG[0m[2026-03-16 10:14:16.000]   called ChangeEpochSimple                 [0;36mepoch[0m = 32 
[0;36mDEBUG[0m[2026-03-16 10:14:16.000]   PruningStorer - change epoch             [0;36munit[0m = id [0;36mepoch[0m = 33 [0;36mbytes in cache[0m = 0 
[0;36mDEBUG[0m[2026-03-16 10:14:16.000]   GetDBConfig: loaded db config from main config file [0;36mconfiguration[0m = {FilePath:/tmp/TestPruningStorer_ConcurrentOperations1217840472/001/db-concurrent-test Type:LvlDBSerial BatchDelaySeconds:2 MaxBatchSize:100 MaxOpenFiles:10 UseTmpAsFilePath:false ShardIDProviderType: NumShards:0} 
[0;36mDEBUG[0m[2026-03-16 10:14:16.004]   opened serial level db persister         [0;36mpath[0m = /tmp/TestPruningStorer_ConcurrentOperations1217840472/001/epoch_33/shard_0/id [0;36mcreated pointer[0m = 0xc000916540 [0;36mglobal db counter[0m = 3 [0;36mNewSerialDB[0m = 0.0040s [0;36mmkdirAll[0m = 0.0001s [0;36mopenLevelDB[0m = 0.0038s 
[0;36mDEBUG[0m[2026-03-16 10:14:16.004]   PruningStorer.processPersistersToClose   [0;36mepochs to close[0m = [31] [0;36mbefore process[0m = [33 32 31] [0;36mafter process[0m = [33 32] 
[0;36mDEBUG[0m[2026-03-16 10:14:16.004]   makeDbPointerNilReturningLast            [0;36mpath[0m = /tmp/TestPruningStorer_ConcurrentOperations1217840472/001/epoch_31/shard_0/id [0;36mnilled pointer[0m = 0xc000916380 [0;36mglobal db counter[0m = 2 
[0;36mDEBUG[0m[2026-03-16 10:14:16.004]   batchTimeoutHandle - closing             [0;36mpath[0m = /tmp/TestPruningStorer_ConcurrentOperations1217840472/001/epoch_31/shard_0/id 
[0;36mDEBUG[0m[2026-03-16 10:14:16.004]   processLoop - closing the leveldb process loop [0;36mpath[0m = /tmp/TestPruningStorer_ConcurrentOperations1217840472/001/epoch_31/shard_0/id 
[0;36mDEBUG[0m[2026-03-16 10:14:16.004]   called ChangeEpochSimple                 [0;36mepoch[0m = 33 
[0;36mDEBUG[0m[2026-03-16 10:14:16.004]   PruningStorer - change epoch             [0;36munit[0m = id [0;36mepoch[0m = 32 [0;36mbytes in cache[0m = 0 
[0;36mDEBUG[0m[2026-03-16 10:14:16.004]   GetDBConfig: loaded db config from toml config file [0;36mconfig path[0m = /tmp/TestPruningStorer_ConcurrentOperations1217840472/001/epoch_31/shard_0/id [0;36mconfiguration[0m = &{FilePath:/tmp/TestPruningStorer_ConcurrentOperations1217840472/001/db-concurrent-test Type:LvlDBSerial BatchDelaySeconds:2 MaxBatchSize:100 MaxOpenFiles:10 UseTmpAsFilePath:false ShardIDProviderType: NumShards:0} 
[0;36mDEBUG[0m[2026-03-16 10:14:16.006]   opened serial level db persister         [0;36mpath[0m = /tmp/TestPruningStorer_ConcurrentOperations1217840472/001/epoch_31/shard_0/id [0;36mcreated pointer[0m = 0xc000a0a700 [0;36mglobal db counter[0m = 3 [0;36mNewSerialDB[0m = 0.0022s [0;36mmkdirAll[0m = 0.0000s [0;36mopenLevelDB[0m = 0.0022s 
[0;36mDEBUG[0m[2026-03-16 10:14:16.006]   change epoch pruning storer success      [0;36mpersister[0m = id [0;36mepoch[0m = 32 
[0;36mDEBUG[0m[2026-03-16 10:14:16.006]   PruningStorer.processPersistersToClose   [0;36mepochs to close[0m = [] [0;36mbefore process[0m = [32 31] [0;36mafter process[0m = [32 31] 
[0;36mDEBUG[0m[2026-03-16 10:14:16.006]   called ChangeEpochSimple                 [0;36mepoch[0m = 32 
[0;36mDEBUG[0m[2026-03-16 10:14:16.006]   PruningStorer - change epoch             [0;36munit[0m = id [0;36mepoch[0m = 33 [0;36mbytes in cache[0m = 0 
[0;36mDEBUG[0m[2026-03-16 10:14:16.006]   change epoch pruning storer success      [0;36mpersister[0m = id [0;36mepoch[0m = 33 
[0;36mDEBUG[0m[2026-03-16 10:14:16.006]   PruningStorer.processPersistersToClose   [0;36mepochs to close[0m = [31] [0;36mbefore process[0m = [33 32 31] [0;36mafter process[0m = [33 32] 
[0;36mDEBUG[0m[2026-03-16 10:14:16.006]   makeDbPointerNilReturningLast            [0;36mpath[0m = /tmp/TestPruningStorer_ConcurrentOperations1217840472/001/epoch_31/shard_0/id [0;36mnilled pointer[0m = 0xc000a0a700 [0;36mglobal db counter[0m = 2 
[0;36mDEBUG[0m[2026-03-16 10:14:16.006]   processLoop - closing the leveldb process loop [0;36mpath[0m = /tmp/TestPruningStorer_ConcurrentOperations1217840472/001/epoch_31/shard_0/id 
[0;36mDEBUG[0m[2026-03-16 10:14:16.006]   batchTimeoutHandle - closing             [0;36mpath[0m = /tmp/TestPruningStorer_ConcurrentOperations1217840472/001/epoch_31/shard_0/id 
[0;36mDEBUG[0m[2026-03-16 10:14:16.006]   called ChangeEpochSimple                 [0;36mepoch[0m = 33 
[0;36mDEBUG[0m[2026-03-16 10:14:16.006]   PruningStorer - change epoch             [0;36munit[0m = id [0;36mepoch[0m = 34 [0;36mbytes in cache[0m = 0 
[0;36mDEBUG[0m[2026-03-16 10:14:16.006]   GetDBConfig: loaded db config from main config file [0;36mconfiguration[0m = {FilePath:/tmp/TestPruningStorer_ConcurrentOperations1217840472/001/db-concurrent-test Type:LvlDBSerial BatchDelaySeconds:2 MaxBatchSize:100 MaxOpenFiles:10 UseTmpAsFilePath:false ShardIDProviderType: NumShards:0} 
[0;36mDEBUG[0m[2026-03-16 10:14:16.009]   opened serial level db persister         [0;36mpath[0m = /tmp/TestPruningStorer_ConcurrentOperations1217840472/001/epoch_34/shard_0/id [0;36mcreated pointer[0m = 0xc000a0ac40 [0;36mglobal db counter[0m = 3 [0;36mNewSerialDB[0m = 0.0021s [0;36mmkdirAll[0m = 0.0001s [0;36mopenLevelDB[0m = 0.0020s 
[0;36mDEBUG[0m[2026-03-16 10:14:16.009]   PruningStorer.processPersistersToClose   [0;36mepochs to close[0m = [32] [0;36mbefore process[0m = [34 33 32] [0;36mafter process[0m = [34 33] 
[0;36mDEBUG[0m[2026-03-16 10:14:16.009]   makeDbPointerNilReturningLast            [0;36mpath[0m = /tmp/TestPruningStorer_ConcurrentOperations1217840472/001/epoch_32/shard_0/id [0;36mnilled pointer[0m = 0xc000916c40 [0;36mglobal db counter[0m = 2 
[0;36mDEBUG[0m[2026-03-16 10:14:16.009]   processLoop - closing the leveldb process loop [0;36mpath[0m = /tmp/TestPruningStorer_ConcurrentOperations1217840472/001/epoch_32/shard_0/id 
[0;36mDEBUG[0m[2026-03-16 10:14:16.009]   batchTimeoutHandle - closing             [0;36mpath[0m = /tmp/TestPruningStorer_ConcurrentOperations1217840472/001/epoch_32/shard_0/id 
[0;36mDEBUG[0m[2026-03-16 10:14:16.009]   called ChangeEpochSimple                 [0;36mepoch[0m = 34 
[0;36mDEBUG[0m[2026-03-16 10:14:16.009]   PruningStorer - change epoch             [0;36munit[0m = id [0;36mepoch[0m = 35 [0;36mbytes in cache[0m = 0 
[0;36mDEBUG[0m[2026-03-16 10:14:16.009]   GetDBConfig: loaded db config from main config file [0;36mconfiguration[0m = {FilePath:/tmp/TestPruningStorer_ConcurrentOperations1217840472/001/db-concurrent-test Type:LvlDBSerial BatchDelaySeconds:2 MaxBatchSize:100 MaxOpenFiles:10 UseTmpAsFilePath:false ShardIDProviderType: NumShards:0} 
[0;36mDEBUG[0m[2026-03-16 10:14:16.011]   opened serial level db persister         [0;36mpath[0m = /tmp/TestPruningStorer_ConcurrentOperations1217840472/001/epoch_35/shard_0/id [0;36mcreated pointer[0m = 0xc000916fc0 [0;36mglobal db counter[0m = 3 [0;36mNewSerialDB[0m = 0.0025s [0;36mmkdirAll[0m = 0.0002s [0;36mopenLevelDB[0m = 0.0023s 
[0;36mDEBUG[0m[2026-03-16 10:14:16.011]   PruningStorer.processPersistersToClose   [0;36mepochs to close[0m = [33] [0;36mbefore process[0m = [35 34 33] [0;36mafter process[0m = [35 34] 
[0;36mDEBUG[0m[2026-03-16 10:14:16.011]   makeDbPointerNilReturningLast            [0;36mpath[0m = /tmp/TestPruningStorer_ConcurrentOperations1217840472/001/epoch_33/shard_0/id [0;36mnilled pointer[0m = 0xc000916540 [0;36mglobal db counter[0m = 2 
[0;36mDEBUG[0m[2026-03-16 10:14:16.011]   processLoop - closing the leveldb process loop [0;36mpath[0m = /tmp/TestPruningStorer_ConcurrentOperations1217840472/001/epoch_33/shard_0/id 
[0;36mDEBUG[0m[2026-03-16 10:14:16.011]   batchTimeoutHandle - closing             [0;36mpath[0m = /tmp/TestPruningStorer_ConcurrentOperations1217840472/001/epoch_33/shard_0/id 
[0;36mDEBUG[0m[2026-03-16 10:14:16.011]   called ChangeEpochSimple                 [0;36mepoch[0m = 35 
[0;32mINFO [0m[2026-03-16 10:14:16.011]   test done                                
[0;36mDEBUG[0m[2026-03-16 10:14:16.011]   makeDbPointerNilReturningLast            [0;36mpath[0m = /tmp/TestPruningStorer_ConcurrentOperations1217840472/001/epoch_35/shard_0/id [0;36mnilled pointer[0m = 0xc000916fc0 [0;36mglobal db counter[0m = 1 
[0;36mDEBUG[0m[2026-03-16 10:14:16.011]   batchTimeoutHandle - closing             [0;36mpath[0m = /tmp/TestPruningStorer_ConcurrentOperations1217840472/001/epoch_35/shard_0/id 
[0;36mDEBUG[0m[2026-03-16 10:14:16.011]   processLoop - closing the leveldb process loop [0;36mpath[0m = /tmp/TestPruningStorer_ConcurrentOperations1217840472/001/epoch_35/shard_0/id 
[0;36mDEBUG[0m[2026-03-16 10:14:16.011]   makeDbPointerNilReturningLast            [0;36mpath[0m = /tmp/TestPruningStorer_ConcurrentOperations1217840472/001/epoch_34/shard_0/id [0;36mnilled pointer[0m = 0xc000a0ac40 [0;36mglobal db counter[0m = 0 
[0;36mDEBUG[0m[2026-03-16 10:14:16.011]   processLoop - closing the leveldb process loop [0;36mpath[0m = /tmp/TestPruningStorer_ConcurrentOperations1217840472/001/epoch_34/shard_0/id 
[0;36mDEBUG[0m[2026-03-16 10:14:16.011]   batchTimeoutHandle - closing             [0;36mpath[0m = /tmp/TestPruningStorer_ConcurrentOperations1217840472/001/epoch_34/shard_0/id 
[0;36mDEBUG[0m[2026-03-16 10:14:16.011]   successfully closed pruningStorer        [0;36midentifier[0m = id 
--- PASS: TestPruningStorer_ConcurrentOperations (0.29s)
=== RUN   TestPruningStorer_RangeKeys
=== PAUSE TestPruningStorer_RangeKeys
=== RUN   TestPruningStorer_GetOldestEpoch
=== PAUSE TestPruningStorer_GetOldestEpoch
=== RUN   TestPruningStorer_PutInEpoch
=== PAUSE TestPruningStorer_PutInEpoch
=== RUN   TestPruningStorer_RemoveFromCurrentEpoch
=== PAUSE TestPruningStorer_RemoveFromCurrentEpoch
=== RUN   TestPruningStorer_IsInterfaceNil
=== PAUSE TestPruningStorer_IsInterfaceNil
=== RUN   TestNewTriePruningStorer
=== PAUSE TestNewTriePruningStorer
=== RUN   TestTriePruningStorer_GetFromOldEpochsWithoutCacheSearchesOnlyOldEpochsAndReturnsEpoch
=== PAUSE TestTriePruningStorer_GetFromOldEpochsWithoutCacheSearchesOnlyOldEpochsAndReturnsEpoch
=== RUN   TestTriePruningStorer_GetFromOldEpochsWithCache
=== PAUSE TestTriePruningStorer_GetFromOldEpochsWithCache
=== RUN   TestTriePruningStorer_GetFromOldEpochsWithoutCacheLessActivePersisters
=== PAUSE TestTriePruningStorer_GetFromOldEpochsWithoutCacheLessActivePersisters
=== RUN   TestTriePruningStorer_GetFromOldEpochsWithoutCacheMoreActivePersisters
=== PAUSE TestTriePruningStorer_GetFromOldEpochsWithoutCacheMoreActivePersisters
=== RUN   TestTriePruningStorer_GetFromOldEpochsWithoutCacheAllPersistersClosed
=== PAUSE TestTriePruningStorer_GetFromOldEpochsWithoutCacheAllPersistersClosed
=== RUN   TestTriePruningStorer_GetFromOldEpochsWithoutCacheDoesNotSearchInCurrentStorer
=== PAUSE TestTriePruningStorer_GetFromOldEpochsWithoutCacheDoesNotSearchInCurrentStorer
=== RUN   TestTriePruningStorer_GetFromLastEpochSearchesOnlyLastEpoch
=== PAUSE TestTriePruningStorer_GetFromLastEpochSearchesOnlyLastEpoch
=== RUN   TestTriePruningStorer_GetFromCurrentEpochSearchesOnlyCurrentEpoch
=== PAUSE TestTriePruningStorer_GetFromCurrentEpochSearchesOnlyCurrentEpoch
=== RUN   TestTriePruningStorer_OpenMoreDbsIfNecessary
=== PAUSE TestTriePruningStorer_OpenMoreDbsIfNecessary
=== RUN   TestTriePruningStorer_KeepMoreDbsOpenIfNecessary
=== PAUSE TestTriePruningStorer_KeepMoreDbsOpenIfNecessary
=== RUN   TestTriePruningStorer_GetLatestStorageEpoch
=== PAUSE TestTriePruningStorer_GetLatestStorageEpoch
=== RUN   TestTriePruningStorer_RemoveFromAllActiveEpochs
=== PAUSE TestTriePruningStorer_RemoveFromAllActiveEpochs
=== RUN   TestTriePruningStorer_IsInterfaceNil
=== PAUSE TestTriePruningStorer_IsInterfaceNil
=== CONT  TestNewPruningStorer_OldDataHasToBeRemoved
=== CONT  TestPruningStorer_Put_EpochWhichWasSetDoesNotExistShouldNotFind
[0;36mDEBUG[0m[2026-03-16 10:14:16.017]   initPersistersInEpoch                    [0;36mStartingEpoch[0m = 0 [0;36mNumOfEpochsToKeep[0m = 2 [0;36moldestEpochKeep[0m = 0 [0;36mNumOfActivePersisters[0m = 2 [0;36moldestEpochActive[0m = 0 
[0;36mDEBUG[0m[2026-03-16 10:14:16.017]   initPersistersInEpoch                    [0;36mStartingEpoch[0m = 0 [0;36mNumOfEpochsToKeep[0m = 2 [0;36moldestEpochKeep[0m = 0 [0;36mNumOfActivePersisters[0m = 2 [0;36moldestEpochActive[0m = 0 
=== CONT  TestFullHistoryPruningStorer_Close
=== CONT  TestPruningStorer_IsInterfaceNil
[0;36mDEBUG[0m[2026-03-16 10:14:16.017]   initPersistersInEpoch(): createPersisterDataForEpoch [0;36midentifier[0m = id [0;36mepoch[0m = 0 [0;36mshardID[0m =  
[0;36mDEBUG[0m[2026-03-16 10:14:16.017]   appended a pruning active persister      [0;36mepoch[0m = 0 [0;36midentifier[0m = id 
=== CONT  TestNewFullHistoryPruningStorer_GetAfterEvictShouldWork
[0;36mDEBUG[0m[2026-03-16 10:14:16.017]   MonitorNewCache                          [0;36mname[0m =  [0;36mcapacity[0m = 0 B [0;36mcumulated[0m = 0 B 
=== CONT  TestNewFullHistoryShardedPruningStorer_ShouldWork
[0;36mDEBUG[0m[2026-03-16 10:14:16.017]   initPersistersInEpoch                    [0;36mStartingEpoch[0m = 0 [0;36mNumOfEpochsToKeep[0m = 2 [0;36moldestEpochKeep[0m = 0 [0;36mNumOfActivePersisters[0m = 2 [0;36moldestEpochActive[0m = 0 
[0;36mDEBUG[0m[2026-03-16 10:14:16.017]   initPersistersInEpoch                    [0;36mStartingEpoch[0m = 0 [0;36mNumOfEpochsToKeep[0m = 2 [0;36moldestEpochKeep[0m = 0 [0;36mNumOfActivePersisters[0m = 2 [0;36moldestEpochActive[0m = 0 
[0;36mDEBUG[0m[2026-03-16 10:14:16.017]   initPersistersInEpoch(): createPersisterDataForEpoch [0;36midentifier[0m = id [0;36mepoch[0m = 0 [0;36mshardID[0m = 2 
[0;36mDEBUG[0m[2026-03-16 10:14:16.017]   appended a pruning active persister      [0;36mepoch[0m = 0 [0;36midentifier[0m = id 
[0;36mDEBUG[0m[2026-03-16 10:14:16.017]   MonitorNewCache                          [0;36mname[0m =  [0;36mcapacity[0m = 0 B [0;36mcumulated[0m = 0 B 
=== CONT  TestNewPruningStorer_Has_OnePersisterShouldWork
[0;36mDEBUG[0m[2026-03-16 10:14:16.018]   initPersistersInEpoch                    [0;36mStartingEpoch[0m = 0 [0;36mNumOfEpochsToKeep[0m = 2 [0;36moldestEpochKeep[0m = 0 [0;36mNumOfActivePersisters[0m = 2 [0;36moldestEpochActive[0m = 0 
[0;36mDEBUG[0m[2026-03-16 10:14:16.018]   initPersistersInEpoch(): createPersisterDataForEpoch [0;36midentifier[0m = id [0;36mepoch[0m = 0 [0;36mshardID[0m =  
=== CONT  TestPruningStorer_RemoveShouldWork
[0;36mDEBUG[0m[2026-03-16 10:14:16.018]   appended a pruning active persister      [0;36mepoch[0m = 0 [0;36midentifier[0m = id 
[0;36mDEBUG[0m[2026-03-16 10:14:16.017]   initPersistersInEpoch(): createPersisterDataForEpoch [0;36midentifier[0m = id [0;36mepoch[0m = 0 [0;36mshardID[0m = 2 
[0;36mDEBUG[0m[2026-03-16 10:14:16.018]   initPersistersInEpoch                    [0;36mStartingEpoch[0m = 0 [0;36mNumOfEpochsToKeep[0m = 2 [0;36moldestEpochKeep[0m = 0 [0;36mNumOfActivePersisters[0m = 2 [0;36moldestEpochActive[0m = 0 
[0;36mDEBUG[0m[2026-03-16 10:14:16.018]   appended a pruning active persister      [0;36mepoch[0m = 0 [0;36midentifier[0m = id 
[0;36mDEBUG[0m[2026-03-16 10:14:16.018]   MonitorNewCache                          [0;36mname[0m =  [0;36mcapacity[0m = 0 B [0;36mcumulated[0m = 0 B 
[0;36mDEBUG[0m[2026-03-16 10:14:16.018]   initPersistersInEpoch(): createPersisterDataForEpoch [0;36midentifier[0m = id [0;36mepoch[0m = 0 [0;36mshardID[0m =  
[0;36mDEBUG[0m[2026-03-16 10:14:16.017]   PruningStorer - change epoch             [0;36munit[0m = id [0;36mepoch[0m = 1 [0;36mbytes in cache[0m = 0 
[0;36mDEBUG[0m[2026-03-16 10:14:16.018]   appended a pruning active persister      [0;36mepoch[0m = 0 [0;36midentifier[0m = id 
[0;36mDEBUG[0m[2026-03-16 10:14:16.017]   initPersistersInEpoch                    [0;36mStartingEpoch[0m = 0 [0;36mNumOfEpochsToKeep[0m = 2 [0;36moldestEpochKeep[0m = 0 [0;36mNumOfActivePersisters[0m = 2 [0;36moldestEpochActive[0m = 0 
[0;36mDEBUG[0m[2026-03-16 10:14:16.018]   PruningStorer.processPersistersToClose   [0;36mepochs to close[0m = [] [0;36mbefore process[0m = [1 0] [0;36mafter process[0m = [1 0] 
[0;36mDEBUG[0m[2026-03-16 10:14:16.018]   initPersistersInEpoch(): createPersisterDataForEpoch [0;36midentifier[0m = id [0;36mepoch[0m = 0 [0;36mshardID[0m =  
[0;36mDEBUG[0m[2026-03-16 10:14:16.018]   appended a pruning active persister      [0;36mepoch[0m = 0 [0;36midentifier[0m = id 
[0;36mDEBUG[0m[2026-03-16 10:14:16.018]   MonitorNewCache                          [0;36mname[0m =  [0;36mcapacity[0m = 0 B [0;36mcumulated[0m = 0 B 
[0;36mDEBUG[0m[2026-03-16 10:14:16.018]   MonitorNewCache                          [0;36mname[0m =  [0;36mcapacity[0m = 0 B [0;36mcumulated[0m = 0 B 
=== CONT  TestPruningStorer_Put_ShouldPutInSpecifiedEpoch
[0;36mDEBUG[0m[2026-03-16 10:14:16.018]   PruningStorer - change epoch             [0;36munit[0m = id [0;36mepoch[0m = 2 [0;36mbytes in cache[0m = 0 
=== CONT  TestNewFullHistoryPruningStorer_OkValsShouldWork
[0;36mDEBUG[0m[2026-03-16 10:14:16.017]   initPersistersInEpoch                    [0;36mStartingEpoch[0m = 0 [0;36mNumOfEpochsToKeep[0m = 2 [0;36moldestEpochKeep[0m = 0 [0;36mNumOfActivePersisters[0m = 2 [0;36moldestEpochActive[0m = 0 
[0;36mDEBUG[0m[2026-03-16 10:14:16.018]   initPersistersInEpoch(): createPersisterDataForEpoch [0;36midentifier[0m = id [0;36mepoch[0m = 0 [0;36mshardID[0m =  
[0;36mDEBUG[0m[2026-03-16 10:14:16.018]   PruningStorer.processPersistersToClose   [0;36mepochs to close[0m = [0] [0;36mbefore process[0m = [2 1 0] [0;36mafter process[0m = [2 1] 
[0;36mDEBUG[0m[2026-03-16 10:14:16.018]   initPersistersInEpoch                    [0;36mStartingEpoch[0m = 0 [0;36mNumOfEpochsToKeep[0m = 2 [0;36moldestEpochKeep[0m = 0 [0;36mNumOfActivePersisters[0m = 2 [0;36moldestEpochActive[0m = 0 
=== CONT  TestFullHistoryPruningStorer_IsEpochActive
=== CONT  TestTriePersistersTracker_IsInterfaceNil
[0;36mDEBUG[0m[2026-03-16 10:14:16.018]   initPersistersInEpoch(): createPersisterDataForEpoch [0;36midentifier[0m = id [0;36mepoch[0m = 0 [0;36mshardID[0m =  
[0;36mDEBUG[0m[2026-03-16 10:14:16.018]   initPersistersInEpoch                    [0;36mStartingEpoch[0m = 10 [0;36mNumOfEpochsToKeep[0m = 4 [0;36moldestEpochKeep[0m = 7 [0;36mNumOfActivePersisters[0m = 3 [0;36moldestEpochActive[0m = 8 
[0;36mDEBUG[0m[2026-03-16 10:14:16.018]   appended a pruning active persister      [0;36mepoch[0m = 0 [0;36midentifier[0m = id 
[0;36mDEBUG[0m[2026-03-16 10:14:16.018]   MonitorNewCache                          [0;36mname[0m =  [0;36mcapacity[0m = 0 B [0;36mcumulated[0m = 0 B 
[0;36mDEBUG[0m[2026-03-16 10:14:16.018]   initPersistersInEpoch                    [0;36mStartingEpoch[0m = 0 [0;36mNumOfEpochsToKeep[0m = 2 [0;36moldestEpochKeep[0m = 0 [0;36mNumOfActivePersisters[0m = 2 [0;36moldestEpochActive[0m = 0 
[0;36mDEBUG[0m[2026-03-16 10:14:16.018]   MonitorNewCache                          [0;36mname[0m =  [0;36mcapacity[0m = 0 B [0;36mcumulated[0m = 0 B 
[0;36mDEBUG[0m[2026-03-16 10:14:16.018]   initPersistersInEpoch(): createPersisterDataForEpoch [0;36midentifier[0m = id [0;36mepoch[0m = 0 [0;36mshardID[0m =  
[0;36mDEBUG[0m[2026-03-16 10:14:16.017]   initPersistersInEpoch(): createPersisterDataForEpoch [0;36midentifier[0m = id [0;36mepoch[0m = 0 [0;36mshardID[0m =  
[0;36mDEBUG[0m[2026-03-16 10:14:16.018]   appended a pruning active persister      [0;36mepoch[0m = 0 [0;36midentifier[0m = id 
[0;36mDEBUG[0m[2026-03-16 10:14:16.018]   appended a pruning active persister      [0;36mepoch[0m = 0 [0;36midentifier[0m = id 
[0;36mDEBUG[0m[2026-03-16 10:14:16.018]   MonitorNewCache                          [0;36mname[0m =  [0;36mcapacity[0m = 0 B [0;36mcumulated[0m = 0 B 
[0;36mDEBUG[0m[2026-03-16 10:14:16.018]   initPersistersInEpoch                    [0;36mStartingEpoch[0m = 0 [0;36mNumOfEpochsToKeep[0m = 2 [0;36moldestEpochKeep[0m = 0 [0;36mNumOfActivePersisters[0m = 2 [0;36moldestEpochActive[0m = 0 
[0;36mDEBUG[0m[2026-03-16 10:14:16.018]   active persister not found               [0;36mepoch[0m = 37 [0;36mused[0m = 0 [0;36mpath[0m = path/Epoch_0/Shard_1 [0;36mreturning persister[0m = Epoch_0/Shard_0/id 
[0;36mDEBUG[0m[2026-03-16 10:14:16.018]   MonitorNewCache                          [0;36mname[0m =  [0;36mcapacity[0m = 0 B [0;36mcumulated[0m = 0 B 
[0;36mDEBUG[0m[2026-03-16 10:14:16.018]   appended a pruning active persister      [0;36mepoch[0m = 0 [0;36midentifier[0m = id 
[0;36mDEBUG[0m[2026-03-16 10:14:16.018]   MonitorNewCache                          [0;36mname[0m =  [0;36mcapacity[0m = 0 B [0;36mcumulated[0m = 0 B 
[0;36mDEBUG[0m[2026-03-16 10:14:16.018]   PruningStorer - change epoch             [0;36munit[0m = id [0;36mepoch[0m = 37 [0;36mbytes in cache[0m = 0 
[0;36mDEBUG[0m[2026-03-16 10:14:16.018]   PruningStorer.processPersistersToClose   [0;36mepochs to close[0m = [] [0;36mbefore process[0m = [37 0] [0;36mafter process[0m = [37 0] 
[0;36mDEBUG[0m[2026-03-16 10:14:16.018]   PruningStorer - change epoch             [0;36munit[0m = id [0;36mepoch[0m = 0 [0;36mbytes in cache[0m = 0 
[0;36mDEBUG[0m[2026-03-16 10:14:16.018]   change epoch pruning storer success      [0;36mpersister[0m = id [0;36mepoch[0m = 0 
[0;36mDEBUG[0m[2026-03-16 10:14:16.018]   initPersistersInEpoch(): createPersisterDataForEpoch [0;36midentifier[0m = id [0;36mepoch[0m = 0 [0;36mshardID[0m =  
[0;36mDEBUG[0m[2026-03-16 10:14:16.018]   PruningStorer.processPersistersToClose   [0;36mepochs to close[0m = [] [0;36mbefore process[0m = [0] [0;36mafter process[0m = [0] 
=== CONT  TestTriePersistersTracker_ShouldClosePersister
[0;36mDEBUG[0m[2026-03-16 10:14:16.018]   initPersistersInEpoch                    [0;36mStartingEpoch[0m = 10 [0;36mNumOfEpochsToKeep[0m = 4 [0;36moldestEpochKeep[0m = 7 [0;36mNumOfActivePersisters[0m = 3 [0;36moldestEpochActive[0m = 8 
[0;36mDEBUG[0m[2026-03-16 10:14:16.018]   successfully closed pruningStorer        [0;36midentifier[0m = id2 
=== CONT  TestNewFullHistoryPruningStorer_GetBulkFromEpochShouldNotLoadFromCache
[0;36mDEBUG[0m[2026-03-16 10:14:16.018]   get from closed persister                [0;36mid[0m = id [0;36mepoch[0m = 0 [0;36mkey[0m = 6b657931 [0;36merror[0m = key: a2V5MQ== not found 
=== CONT  TestPersistersTracker_HasInitializedEnoughPersisters
[0;36mDEBUG[0m[2026-03-16 10:14:16.018]   appended a pruning active persister      [0;36mepoch[0m = 0 [0;36midentifier[0m = id 
[0;36mDEBUG[0m[2026-03-16 10:14:16.018]   initPersistersInEpoch                    [0;36mStartingEpoch[0m = 10 [0;36mNumOfEpochsToKeep[0m = 4 [0;36moldestEpochKeep[0m = 7 [0;36mNumOfActivePersisters[0m = 3 [0;36moldestEpochActive[0m = 8 
=== CONT  TestTriePruningStorer_GetFromOldEpochsWithoutCacheDoesNotSearchInCurrentStorer
[0;36mDEBUG[0m[2026-03-16 10:14:16.018]   initPersistersInEpoch                    [0;36mStartingEpoch[0m = 0 [0;36mNumOfEpochsToKeep[0m = 2 [0;36moldestEpochKeep[0m = 0 [0;36mNumOfActivePersisters[0m = 2 [0;36moldestEpochActive[0m = 0 
[0;36mDEBUG[0m[2026-03-16 10:14:16.018]   initPersistersInEpoch                    [0;36mStartingEpoch[0m = 0 [0;36mNumOfEpochsToKeep[0m = 2 [0;36moldestEpochKeep[0m = 0 [0;36mNumOfActivePersisters[0m = 2 [0;36moldestEpochActive[0m = 0 
[0;36mDEBUG[0m[2026-03-16 10:14:16.018]   initPersistersInEpoch(): createPersisterDataForEpoch [0;36midentifier[0m = id [0;36mepoch[0m = 0 [0;36mshardID[0m =  
[0;36mDEBUG[0m[2026-03-16 10:14:16.018]   appended a pruning active persister      [0;36mepoch[0m = 0 [0;36midentifier[0m = id 
[0;36mDEBUG[0m[2026-03-16 10:14:16.018]   MonitorNewCache                          [0;36mname[0m =  [0;36mcapacity[0m = 0 B [0;36mcumulated[0m = 0 B 
[0;36mDEBUG[0m[2026-03-16 10:14:16.018]   initPersistersInEpoch(): createPersisterDataForEpoch [0;36midentifier[0m = id [0;36mepoch[0m = 0 [0;36mshardID[0m =  
[0;36mDEBUG[0m[2026-03-16 10:14:16.018]   appended a pruning active persister      [0;36mepoch[0m = 0 [0;36midentifier[0m = id 
[0;36mDEBUG[0m[2026-03-16 10:14:16.018]   MonitorNewCache                          [0;36mname[0m =  [0;36mcapacity[0m = 0 B [0;36mcumulated[0m = 0 B 
=== CONT  TestTriePruningStorer_IsInterfaceNil
[0;36mDEBUG[0m[2026-03-16 10:14:16.018]   initPersistersInEpoch                    [0;36mStartingEpoch[0m = 0 [0;36mNumOfEpochsToKeep[0m = 2 [0;36moldestEpochKeep[0m = 0 [0;36mNumOfActivePersisters[0m = 2 [0;36moldestEpochActive[0m = 0 
[0;36mDEBUG[0m[2026-03-16 10:14:16.018]   initPersistersInEpoch(): createPersisterDataForEpoch [0;36midentifier[0m = id [0;36mepoch[0m = 0 [0;36mshardID[0m =  
[0;36mDEBUG[0m[2026-03-16 10:14:16.018]   appended a pruning active persister      [0;36mepoch[0m = 0 [0;36midentifier[0m = id 
[0;36mDEBUG[0m[2026-03-16 10:14:16.018]   MonitorNewCache                          [0;36mname[0m =  [0;36mcapacity[0m = 0 B [0;36mcumulated[0m = 0 B 
[0;36mDEBUG[0m[2026-03-16 10:14:16.018]   MonitorNewCache                          [0;36mname[0m =  [0;36mcapacity[0m = 0 B [0;36mcumulated[0m = 0 B 
=== CONT  TestNewFullHistoryPruningStorer_GetFromEpochShouldSearchAlsoInNext
[0;36mDEBUG[0m[2026-03-16 10:14:16.018]   initPersistersInEpoch                    [0;36mStartingEpoch[0m = 0 [0;36mNumOfEpochsToKeep[0m = 2 [0;36moldestEpochKeep[0m = 0 [0;36mNumOfActivePersisters[0m = 2 [0;36moldestEpochActive[0m = 0 
[0;36mDEBUG[0m[2026-03-16 10:14:16.018]   initPersistersInEpoch(): createPersisterDataForEpoch [0;36midentifier[0m = id [0;36mepoch[0m = 0 [0;36mshardID[0m =  
[0;36mDEBUG[0m[2026-03-16 10:14:16.018]   appended a pruning active persister      [0;36mepoch[0m = 0 [0;36midentifier[0m = id 
[0;36mDEBUG[0m[2026-03-16 10:14:16.018]   MonitorNewCache                          [0;36mname[0m =  [0;36mcapacity[0m = 0 B [0;36mcumulated[0m = 0 B 
[0;36mDEBUG[0m[2026-03-16 10:14:16.018]   PruningStorer - change epoch             [0;36munit[0m = id [0;36mepoch[0m = 5 [0;36mbytes in cache[0m = 0 
[0;36mDEBUG[0m[2026-03-16 10:14:16.018]   PruningStorer.processPersistersToClose   [0;36mepochs to close[0m = [] [0;36mbefore process[0m = [5 0] [0;36mafter process[0m = [5 0] 
[0;36mDEBUG[0m[2026-03-16 10:14:16.018]   PruningStorer - change epoch             [0;36munit[0m = id [0;36mepoch[0m = 6 [0;36mbytes in cache[0m = 0 
[0;36mDEBUG[0m[2026-03-16 10:14:16.018]   PruningStorer.processPersistersToClose   [0;36mepochs to close[0m = [0] [0;36mbefore process[0m = [6 5 0] [0;36mafter process[0m = [6 5] 
=== CONT  TestTriePruningStorer_OpenMoreDbsIfNecessary
=== CONT  TestNewFullHistoryPruningStorer_GetMultipleDifferentEpochsShouldEvict
[0;36mDEBUG[0m[2026-03-16 10:14:16.018]   initPersistersInEpoch                    [0;36mStartingEpoch[0m = 0 [0;36mNumOfEpochsToKeep[0m = 2 [0;36moldestEpochKeep[0m = 0 [0;36mNumOfActivePersisters[0m = 2 [0;36moldestEpochActive[0m = 0 
[0;36mDEBUG[0m[2026-03-16 10:14:16.018]   PruningStorer - change epoch             [0;36munit[0m = id [0;36mepoch[0m = 7 [0;36mbytes in cache[0m = 0 
[0;36mDEBUG[0m[2026-03-16 10:14:16.018]   PruningStorer.processPersistersToClose   [0;36mepochs to close[0m = [5] [0;36mbefore process[0m = [7 6 5] [0;36mafter process[0m = [7 6] 
=== CONT  TestNewPersistersTracker
[0;36mDEBUG[0m[2026-03-16 10:14:16.018]   initPersistersInEpoch(): createPersisterDataForEpoch [0;36midentifier[0m = id [0;36mepoch[0m = 0 [0;36mshardID[0m =  
[0;36mDEBUG[0m[2026-03-16 10:14:16.018]   initPersistersInEpoch                    [0;36mStartingEpoch[0m = 10 [0;36mNumOfEpochsToKeep[0m = 4 [0;36moldestEpochKeep[0m = 7 [0;36mNumOfActivePersisters[0m = 3 [0;36moldestEpochActive[0m = 8 
=== CONT  TestTriePruningStorer_GetFromLastEpochSearchesOnlyLastEpoch
[0;36mDEBUG[0m[2026-03-16 10:14:16.018]   appended a pruning active persister      [0;36mepoch[0m = 0 [0;36midentifier[0m = id 
[0;36mDEBUG[0m[2026-03-16 10:14:16.018]   initPersistersInEpoch                    [0;36mStartingEpoch[0m = 0 [0;36mNumOfEpochsToKeep[0m = 2 [0;36moldestEpochKeep[0m = 0 [0;36mNumOfActivePersisters[0m = 2 [0;36moldestEpochActive[0m = 0 
[0;36mDEBUG[0m[2026-03-16 10:14:16.018]   MonitorNewCache                          [0;36mname[0m =  [0;36mcapacity[0m = 0 B [0;36mcumulated[0m = 0 B 
[0;36mDEBUG[0m[2026-03-16 10:14:16.018]   initPersistersInEpoch(): createPersisterDataForEpoch [0;36midentifier[0m = id [0;36mepoch[0m = 0 [0;36mshardID[0m =  
[0;36mDEBUG[0m[2026-03-16 10:14:16.018]   appended a pruning active persister      [0;36mepoch[0m = 0 [0;36midentifier[0m = id 
[0;36mDEBUG[0m[2026-03-16 10:14:16.018]   MonitorNewCache                          [0;36mname[0m =  [0;36mcapacity[0m = 0 B [0;36mcumulated[0m = 0 B 
[0;36mDEBUG[0m[2026-03-16 10:14:16.018]   PruningStorer - change epoch             [0;36munit[0m = id [0;36mepoch[0m = 1 [0;36mbytes in cache[0m = 0 
[0;36mDEBUG[0m[2026-03-16 10:14:16.018]   PruningStorer.processPersistersToClose   [0;36mepochs to close[0m = [] [0;36mbefore process[0m = [1 0] [0;36mafter process[0m = [1 0] 
[0;36mDEBUG[0m[2026-03-16 10:14:16.018]   PruningStorer - change epoch             [0;36munit[0m = id [0;36mepoch[0m = 2 [0;36mbytes in cache[0m = 0 
[0;36mDEBUG[0m[2026-03-16 10:14:16.018]   PruningStorer.processPersistersToClose   [0;36mepochs to close[0m = [] [0;36mbefore process[0m = [2 1 0] [0;36mafter process[0m = [2 1 0] 
[0;36mDEBUG[0m[2026-03-16 10:14:16.018]   PruningStorer - change epoch             [0;36munit[0m = id [0;36mepoch[0m = 1 [0;36mbytes in cache[0m = 0 
[0;36mDEBUG[0m[2026-03-16 10:14:16.018]   PruningStorer.processPersistersToClose   [0;36mepochs to close[0m = [] [0;36mbefore process[0m = [1 0] [0;36mafter process[0m = [1 0] 
[0;36mDEBUG[0m[2026-03-16 10:14:16.018]   PruningStorer - change epoch             [0;36munit[0m = id [0;36mepoch[0m = 2 [0;36mbytes in cache[0m = 0 
[0;36mDEBUG[0m[2026-03-16 10:14:16.018]   PruningStorer.processPersistersToClose   [0;36mepochs to close[0m = [] [0;36mbefore process[0m = [2 1 0] [0;36mafter process[0m = [2 1 0] 
[0;36mDEBUG[0m[2026-03-16 10:14:16.018]   PruningStorer - change epoch             [0;36munit[0m = id [0;36mepoch[0m = 3 [0;36mbytes in cache[0m = 0 
[0;36mDEBUG[0m[2026-03-16 10:14:16.018]   PruningStorer.processPersistersToClose   [0;36mepochs to close[0m = [0] [0;36mbefore process[0m = [3 2 1 0] [0;36mafter process[0m = [3 2 1] 
[0;36mDEBUG[0m[2026-03-16 10:14:16.018]   PruningStorer - change epoch             [0;36munit[0m = id [0;36mepoch[0m = 4 [0;36mbytes in cache[0m = 0 
[0;36mDEBUG[0m[2026-03-16 10:14:16.018]   PruningStorer.processPersistersToClose   [0;36mepochs to close[0m = [] [0;36mbefore process[0m = [4 3 2 1] [0;36mafter process[0m = [4 3 2 1] 
[0;36mDEBUG[0m[2026-03-16 10:14:16.018]   successfully closed pruningStorer        [0;36midentifier[0m = id 
[0;36mDEBUG[0m[2026-03-16 10:14:16.018]   initPersistersInEpoch                    [0;36mStartingEpoch[0m = 4 [0;36mNumOfEpochsToKeep[0m = 5 [0;36moldestEpochKeep[0m = 0 [0;36mNumOfActivePersisters[0m = 2 [0;36moldestEpochActive[0m = 3 
[0;36mDEBUG[0m[2026-03-16 10:14:16.018]   initPersistersInEpoch(): createPersisterDataForEpoch [0;36midentifier[0m = id [0;36mepoch[0m = 4 [0;36mshardID[0m =  
[0;36mDEBUG[0m[2026-03-16 10:14:16.018]   appended a pruning active persister      [0;36mepoch[0m = 4 [0;36midentifier[0m = id 
[0;36mDEBUG[0m[2026-03-16 10:14:16.018]   initPersistersInEpoch(): createPersisterDataForEpoch [0;36midentifier[0m = id [0;36mepoch[0m = 3 [0;36mshardID[0m =  
[0;36mDEBUG[0m[2026-03-16 10:14:16.018]   appended a pruning active persister      [0;36mepoch[0m = 3 [0;36midentifier[0m = id 
[0;36mDEBUG[0m[2026-03-16 10:14:16.018]   initPersistersInEpoch(): createPersisterDataForEpoch [0;36midentifier[0m = id [0;36mepoch[0m = 2 [0;36mshardID[0m =  
[0;36mDEBUG[0m[2026-03-16 10:14:16.018]   initPersistersInEpoch(): createPersisterDataForEpoch [0;36midentifier[0m = id [0;36mepoch[0m = 1 [0;36mshardID[0m =  
[0;36mDEBUG[0m[2026-03-16 10:14:16.018]   initPersistersInEpoch(): createPersisterDataForEpoch [0;36midentifier[0m = id [0;36mepoch[0m = 0 [0;36mshardID[0m =  
[0;36mDEBUG[0m[2026-03-16 10:14:16.018]   MonitorNewCache                          [0;36mname[0m =  [0;36mcapacity[0m = 0 B [0;36mcumulated[0m = 0 B 
[0;36mDEBUG[0m[2026-03-16 10:14:16.018]   initPersistersInEpoch                    [0;36mStartingEpoch[0m = 4 [0;36mNumOfEpochsToKeep[0m = 5 [0;36moldestEpochKeep[0m = 0 [0;36mNumOfActivePersisters[0m = 2 [0;36moldestEpochActive[0m = 3 
[0;36mDEBUG[0m[2026-03-16 10:14:16.018]   initPersistersInEpoch                    [0;36mStartingEpoch[0m = 0 [0;36mNumOfEpochsToKeep[0m = 2 [0;36moldestEpochKeep[0m = 0 [0;36mNumOfActivePersisters[0m = 2 [0;36moldestEpochActive[0m = 0 
[0;36mDEBUG[0m[2026-03-16 10:14:16.018]   initPersistersInEpoch(): createPersisterDataForEpoch [0;36midentifier[0m = id [0;36mepoch[0m = 0 [0;36mshardID[0m =  
[0;36mDEBUG[0m[2026-03-16 10:14:16.018]   appended a pruning active persister      [0;36mepoch[0m = 0 [0;36midentifier[0m = id 
[0;36mDEBUG[0m[2026-03-16 10:14:16.018]   MonitorNewCache                          [0;36mname[0m =  [0;36mcapacity[0m = 0 B [0;36mcumulated[0m = 0 B 
=== CONT  TestPruningStorer_DestroyUnitShouldWork
[0;36mDEBUG[0m[2026-03-16 10:14:16.018]   initPersistersInEpoch                    [0;36mStartingEpoch[0m = 0 [0;36mNumOfEpochsToKeep[0m = 2 [0;36moldestEpochKeep[0m = 0 [0;36mNumOfActivePersisters[0m = 2 [0;36moldestEpochActive[0m = 0 
[0;36mDEBUG[0m[2026-03-16 10:14:16.018]   initPersistersInEpoch(): createPersisterDataForEpoch [0;36midentifier[0m = id [0;36mepoch[0m = 0 [0;36mshardID[0m =  
[0;36mDEBUG[0m[2026-03-16 10:14:16.018]   appended a pruning active persister      [0;36mepoch[0m = 0 [0;36midentifier[0m = id 
[0;36mDEBUG[0m[2026-03-16 10:14:16.018]   MonitorNewCache                          [0;36mname[0m =  [0;36mcapacity[0m = 0 B [0;36mcumulated[0m = 0 B 
[0;36mDEBUG[0m[2026-03-16 10:14:16.018]   initPersistersInEpoch(): createPersisterDataForEpoch [0;36midentifier[0m = id [0;36mepoch[0m = 4 [0;36mshardID[0m =  
[0;36mDEBUG[0m[2026-03-16 10:14:16.018]   appended a pruning active persister      [0;36mepoch[0m = 4 [0;36midentifier[0m = id 
[0;36mDEBUG[0m[2026-03-16 10:14:16.018]   initPersistersInEpoch(): createPersisterDataForEpoch [0;36midentifier[0m = id [0;36mepoch[0m = 3 [0;36mshardID[0m =  
[0;36mDEBUG[0m[2026-03-16 10:14:16.018]   appended a pruning active persister      [0;36mepoch[0m = 3 [0;36midentifier[0m = id 
[0;36mDEBUG[0m[2026-03-16 10:14:16.018]   initPersistersInEpoch(): createPersisterDataForEpoch [0;36midentifier[0m = id [0;36mepoch[0m = 2 [0;36mshardID[0m =  
[0;36mDEBUG[0m[2026-03-16 10:14:16.018]   PruningStorer - change epoch             [0;36munit[0m = id [0;36mepoch[0m = 1 [0;36mbytes in cache[0m = 0 
--- PASS: TestNewFullHistoryShardedPruningStorer_ShouldWork (0.00s)
--- PASS: TestNewPruningStorer_Has_OnePersisterShouldWork (0.00s)
--- PASS: TestNewFullHistoryPruningStorer_GetAfterEvictShouldWork (0.00s)
--- PASS: TestNewPruningStorer_OldDataHasToBeRemoved (0.00s)
--- PASS: TestTriePersistersTracker_IsInterfaceNil (0.00s)
--- PASS: TestPruningStorer_IsInterfaceNil (0.00s)
--- PASS: TestPruningStorer_RemoveShouldWork (0.00s)
--- PASS: TestPruningStorer_Put_EpochWhichWasSetDoesNotExistShouldNotFind (0.00s)
--- PASS: TestNewFullHistoryPruningStorer_OkValsShouldWork (0.00s)
--- PASS: TestTriePersistersTracker_ShouldClosePersister (0.00s)
--- PASS: TestFullHistoryPruningStorer_Close (0.00s)
--- PASS: TestPruningStorer_Put_ShouldPutInSpecifiedEpoch (0.00s)
[0;36mDEBUG[0m[2026-03-16 10:14:16.018]   PruningStorer.processPersistersToClose   [0;36mepochs to close[0m = [] [0;36mbefore process[0m = [1 0] [0;36mafter process[0m = [1 0] 
[0;36mDEBUG[0m[2026-03-16 10:14:16.018]   appended a pruning active persister      [0;36mepoch[0m = 2 [0;36midentifier[0m = id 
[0;36mDEBUG[0m[2026-03-16 10:14:16.018]   PruningStorer - change epoch             [0;36munit[0m = id [0;36mepoch[0m = 2 [0;36mbytes in cache[0m = 0 
[0;36mDEBUG[0m[2026-03-16 10:14:16.018]   PruningStorer.processPersistersToClose   [0;36mepochs to close[0m = [0] [0;36mbefore process[0m = [2 1 0] [0;36mafter process[0m = [2 1] 
[0;36mDEBUG[0m[2026-03-16 10:14:16.018]   initPersistersInEpoch(): createPersisterDataForEpoch [0;36midentifier[0m = id [0;36mepoch[0m = 1 [0;36mshardID[0m =  
[0;36mDEBUG[0m[2026-03-16 10:14:16.018]   appended a pruning active persister      [0;36mepoch[0m = 1 [0;36midentifier[0m = id 
[0;36mDEBUG[0m[2026-03-16 10:14:16.018]   initPersistersInEpoch(): createPersisterDataForEpoch [0;36midentifier[0m = id [0;36mepoch[0m = 0 [0;36mshardID[0m =  
--- PASS: TestPersistersTracker_HasInitializedEnoughPersisters (0.00s)
[0;36mDEBUG[0m[2026-03-16 10:14:16.018]   MonitorNewCache                          [0;36mname[0m =  [0;36mcapacity[0m = 0 B [0;36mcumulated[0m = 0 B 
=== CONT  TestNewFullHistoryPruningStorer_PutAndGetInEpochShouldWork
=== CONT  TestTriePruningStorer_GetFromOldEpochsWithoutCacheLessActivePersisters
=== CONT  TestNewFullHistoryPruningStorer_InvalidNumberOfActivePersistersShouldErr
[0;36mDEBUG[0m[2026-03-16 10:14:16.018]   initPersistersInEpoch                    [0;36mStartingEpoch[0m = 0 [0;36mNumOfEpochsToKeep[0m = 2 [0;36moldestEpochKeep[0m = 0 [0;36mNumOfActivePersisters[0m = 2 [0;36moldestEpochActive[0m = 0 
[0;36mDEBUG[0m[2026-03-16 10:14:16.018]   initPersistersInEpoch                    [0;36mStartingEpoch[0m = 0 [0;36mNumOfEpochsToKeep[0m = 2 [0;36moldestEpochKeep[0m = 0 [0;36mNumOfActivePersisters[0m = 2 [0;36moldestEpochActive[0m = 0 
[0;36mDEBUG[0m[2026-03-16 10:14:16.018]   initPersistersInEpoch(): createPersisterDataForEpoch [0;36midentifier[0m = id [0;36mepoch[0m = 0 [0;36mshardID[0m =  
[0;36mDEBUG[0m[2026-03-16 10:14:16.018]   appended a pruning active persister      [0;36mepoch[0m = 0 [0;36midentifier[0m = id 
[0;36mDEBUG[0m[2026-03-16 10:14:16.018]   MonitorNewCache                          [0;36mname[0m =  [0;36mcapacity[0m = 0 B [0;36mcumulated[0m = 0 B 
[0;36mDEBUG[0m[2026-03-16 10:14:16.018]   initPersistersInEpoch(): createPersisterDataForEpoch [0;36midentifier[0m = id [0;36mepoch[0m = 0 [0;36mshardID[0m =  
[0;36mDEBUG[0m[2026-03-16 10:14:16.018]   appended a pruning active persister      [0;36mepoch[0m = 0 [0;36midentifier[0m = id 
[0;36mDEBUG[0m[2026-03-16 10:14:16.018]   MonitorNewCache                          [0;36mname[0m =  [0;36mcapacity[0m = 0 B [0;36mcumulated[0m = 0 B 
[0;36mDEBUG[0m[2026-03-16 10:14:16.018]   initPersistersInEpoch                    [0;36mStartingEpoch[0m = 0 [0;36mNumOfEpochsToKeep[0m = 2 [0;36moldestEpochKeep[0m = 0 [0;36mNumOfActivePersisters[0m = 2 [0;36moldestEpochActive[0m = 0 
[0;36mDEBUG[0m[2026-03-16 10:14:16.018]   initPersistersInEpoch(): createPersisterDataForEpoch [0;36midentifier[0m = id [0;36mepoch[0m = 0 [0;36mshardID[0m =  
[0;36mDEBUG[0m[2026-03-16 10:14:16.018]   appended a pruning active persister      [0;36mepoch[0m = 0 [0;36midentifier[0m = id 
[0;36mDEBUG[0m[2026-03-16 10:14:16.018]   MonitorNewCache                          [0;36mname[0m =  [0;36mcapacity[0m = 0 B [0;36mcumulated[0m = 0 B 
=== CONT  TestTriePersistersTracker_CollectPersisterData
[0;36mDEBUG[0m[2026-03-16 10:14:16.018]   PruningStorer - change epoch             [0;36munit[0m = id [0;36mepoch[0m = 1 [0;36mbytes in cache[0m = 0 
=== RUN   TestTriePersistersTracker_CollectPersisterData/increases_numDbsMarkedAsActive
=== CONT  TestTriePersistersTracker_HasInitializedEnoughPersisters
[0;36mDEBUG[0m[2026-03-16 10:14:16.018]   PruningStorer.processPersistersToClose   [0;36mepochs to close[0m = [] [0;36mbefore process[0m = [1 0] [0;36mafter process[0m = [1 0] 
=== PAUSE TestTriePersistersTracker_CollectPersisterData/increases_numDbsMarkedAsActive
=== CONT  TestPruningStorer_RemoveFromCurrentEpoch
=== RUN   TestTriePersistersTracker_HasInitializedEnoughPersisters/test_epoch_and_oldestEpochKeep
=== RUN   TestTriePersistersTracker_CollectPersisterData/increases_numDbsMarkedAsSynced
=== PAUSE TestTriePersistersTracker_CollectPersisterData/increases_numDbsMarkedAsSynced
[0;36mDEBUG[0m[2026-03-16 10:14:16.018]   initPersistersInEpoch                    [0;36mStartingEpoch[0m = 0 [0;36mNumOfEpochsToKeep[0m = 2 [0;36moldestEpochKeep[0m = 0 [0;36mNumOfActivePersisters[0m = 2 [0;36moldestEpochActive[0m = 0 
[0;36mDEBUG[0m[2026-03-16 10:14:16.018]   initPersistersInEpoch                    [0;36mStartingEpoch[0m = 5 [0;36mNumOfEpochsToKeep[0m = 2 [0;36moldestEpochKeep[0m = 4 [0;36mNumOfActivePersisters[0m = 2 [0;36moldestEpochActive[0m = 4 
[0;36mDEBUG[0m[2026-03-16 10:14:16.018]   initPersistersInEpoch(): createPersisterDataForEpoch [0;36midentifier[0m = id [0;36mepoch[0m = 5 [0;36mshardID[0m =  
[0;36mDEBUG[0m[2026-03-16 10:14:16.018]   appended a pruning active persister      [0;36mepoch[0m = 5 [0;36midentifier[0m = id 
[0;36mDEBUG[0m[2026-03-16 10:14:16.018]   initPersistersInEpoch(): createPersisterDataForEpoch [0;36midentifier[0m = id [0;36mepoch[0m = 4 [0;36mshardID[0m =  
[0;36mDEBUG[0m[2026-03-16 10:14:16.018]   appended a pruning active persister      [0;36mepoch[0m = 4 [0;36midentifier[0m = id 
[0;36mDEBUG[0m[2026-03-16 10:14:16.018]   MonitorNewCache                          [0;36mname[0m =  [0;36mcapacity[0m = 0 B [0;36mcumulated[0m = 0 B 
[0;36mDEBUG[0m[2026-03-16 10:14:16.018]   initPersistersInEpoch(): createPersisterDataForEpoch [0;36midentifier[0m = id [0;36mepoch[0m = 0 [0;36mshardID[0m =  
[0;36mDEBUG[0m[2026-03-16 10:14:16.018]   appended a pruning active persister      [0;36mepoch[0m = 0 [0;36midentifier[0m = id 
[0;36mDEBUG[0m[2026-03-16 10:14:16.018]   MonitorNewCache                          [0;36mname[0m =  [0;36mcapacity[0m = 0 B [0;36mcumulated[0m = 0 B 
[0;36mDEBUG[0m[2026-03-16 10:14:16.018]   get from closed persister                [0;36mid[0m = id [0;36mepoch[0m = 5 [0;36mkey[0m = 6b6579 [0;36merror[0m = key: a2V5 not found 
=== PAUSE TestTriePersistersTracker_HasInitializedEnoughPersisters/test_epoch_and_oldestEpochKeep
=== RUN   TestTriePersistersTracker_HasInitializedEnoughPersisters/test_storageHashBeenSynced
=== PAUSE TestTriePersistersTracker_HasInitializedEnoughPersisters/test_storageHashBeenSynced
=== RUN   TestTriePersistersTracker_HasInitializedEnoughPersisters/test_hasActiveDbsNecessary
=== PAUSE TestTriePersistersTracker_HasInitializedEnoughPersisters/test_hasActiveDbsNecessary
=== CONT  TestPersistersTracker_ShouldClosePersister
[0;36mDEBUG[0m[2026-03-16 10:14:16.019]   initPersistersInEpoch                    [0;36mStartingEpoch[0m = 10 [0;36mNumOfEpochsToKeep[0m = 4 [0;36moldestEpochKeep[0m = 7 [0;36mNumOfActivePersisters[0m = 3 [0;36moldestEpochActive[0m = 8 
=== CONT  TestPruningStorer_CleanCustomDatabase
=== RUN   TestPruningStorer_CleanCustomDatabase/should_not_destroy_old_database
=== PAUSE TestPruningStorer_CleanCustomDatabase/should_not_destroy_old_database
=== CONT  TestRegex
=== CONT  TestNewFullHistoryPruningStorer_GetBulkFromEpoch
=== CONT  TestPruningStorer_ClosePersisters
[0;36mDEBUG[0m[2026-03-16 10:14:16.019]   initPersistersInEpoch                    [0;36mStartingEpoch[0m = 0 [0;36mNumOfEpochsToKeep[0m = 2 [0;36moldestEpochKeep[0m = 0 [0;36mNumOfActivePersisters[0m = 2 [0;36moldestEpochActive[0m = 0 
[0;36mDEBUG[0m[2026-03-16 10:14:16.019]   initPersistersInEpoch(): createPersisterDataForEpoch [0;36midentifier[0m = id [0;36mepoch[0m = 0 [0;36mshardID[0m =  
[0;36mDEBUG[0m[2026-03-16 10:14:16.019]   appended a pruning active persister      [0;36mepoch[0m = 0 [0;36midentifier[0m = id 
[0;36mDEBUG[0m[2026-03-16 10:14:16.019]   MonitorNewCache                          [0;36mname[0m =  [0;36mcapacity[0m = 0 B [0;36mcumulated[0m = 0 B 
=== RUN   TestPruningStorer_ClosePersisters/should_remove_old_databases_from_map
=== PAUSE TestPruningStorer_ClosePersisters/should_remove_old_databases_from_map
=== RUN   TestPruningStorer_ClosePersisters/should_remove_old_databases_from_map_+_destroy_them
=== PAUSE TestPruningStorer_ClosePersisters/should_remove_old_databases_from_map_+_destroy_them
=== CONT  TestTriePruningStorer_RemoveFromAllActiveEpochs
=== RUN   TestTriePruningStorer_RemoveFromAllActiveEpochs/no_active_persisters_returns_nil_err
=== PAUSE TestTriePruningStorer_RemoveFromAllActiveEpochs/no_active_persisters_returns_nil_err
=== RUN   TestTriePruningStorer_RemoveFromAllActiveEpochs/key_not_present_returns_nil_err
[0;36mDEBUG[0m[2026-03-16 10:14:16.019]   initPersistersInEpoch                    [0;36mStartingEpoch[0m = 0 [0;36mNumOfEpochsToKeep[0m = 2 [0;36moldestEpochKeep[0m = 0 [0;36mNumOfActivePersisters[0m = 2 [0;36moldestEpochActive[0m = 0 
[0;36mDEBUG[0m[2026-03-16 10:14:16.019]   initPersistersInEpoch(): createPersisterDataForEpoch [0;36midentifier[0m = id [0;36mepoch[0m = 0 [0;36mshardID[0m =  
[0;36mDEBUG[0m[2026-03-16 10:14:16.019]   appended a pruning active persister      [0;36mepoch[0m = 0 [0;36midentifier[0m = id 
[0;36mDEBUG[0m[2026-03-16 10:14:16.019]   MonitorNewCache                          [0;36mname[0m =  [0;36mcapacity[0m = 0 B [0;36mcumulated[0m = 0 B 
[0;36mDEBUG[0m[2026-03-16 10:14:16.019]   PruningStorer - change epoch             [0;36munit[0m = id [0;36mepoch[0m = 3 [0;36mbytes in cache[0m = 0 
[0;36mDEBUG[0m[2026-03-16 10:14:16.019]   PruningStorer.processPersistersToClose   [0;36mepochs to close[0m = [] [0;36mbefore process[0m = [3 0] [0;36mafter process[0m = [3 0] 
=== CONT  TestNewPruningStorer_NilPersisterFactoryShouldErr
[0;36mDEBUG[0m[2026-03-16 10:14:16.019]   initPersistersInEpoch                    [0;36mStartingEpoch[0m = 0 [0;36mNumOfEpochsToKeep[0m = 2 [0;36moldestEpochKeep[0m = 0 [0;36mNumOfActivePersisters[0m = 2 [0;36moldestEpochActive[0m = 0 
=== CONT  TestPruningStorer_PutAndGetShouldWork
[0;36mDEBUG[0m[2026-03-16 10:14:16.019]   initPersistersInEpoch                    [0;36mStartingEpoch[0m = 0 [0;36mNumOfEpochsToKeep[0m = 2 [0;36moldestEpochKeep[0m = 0 [0;36mNumOfActivePersisters[0m = 2 [0;36moldestEpochActive[0m = 0 
[0;36mDEBUG[0m[2026-03-16 10:14:16.019]   initPersistersInEpoch(): createPersisterDataForEpoch [0;36midentifier[0m = id [0;36mepoch[0m = 0 [0;36mshardID[0m =  
[0;36mDEBUG[0m[2026-03-16 10:14:16.019]   appended a pruning active persister      [0;36mepoch[0m = 0 [0;36midentifier[0m = id 
[0;36mDEBUG[0m[2026-03-16 10:14:16.019]   MonitorNewCache                          [0;36mname[0m =  [0;36mcapacity[0m = 0 B [0;36mcumulated[0m = 0 B 
=== CONT  TestNewPruningStorer_OkValsShouldWork
=== CONT  TestTriePruningStorer_GetLatestStorageEpoch
[0;36mDEBUG[0m[2026-03-16 10:14:16.019]   initPersistersInEpoch                    [0;36mStartingEpoch[0m = 0 [0;36mNumOfEpochsToKeep[0m = 2 [0;36moldestEpochKeep[0m = 0 [0;36mNumOfActivePersisters[0m = 2 [0;36moldestEpochActive[0m = 0 
[0;36mDEBUG[0m[2026-03-16 10:14:16.019]   initPersistersInEpoch                    [0;36mStartingEpoch[0m = 5 [0;36mNumOfEpochsToKeep[0m = 2 [0;36moldestEpochKeep[0m = 4 [0;36mNumOfActivePersisters[0m = 2 [0;36moldestEpochActive[0m = 4 
=== RUN   TestTriePruningStorer_GetLatestStorageEpoch/no_active_db_should_error
=== PAUSE TestTriePruningStorer_GetLatestStorageEpoch/no_active_db_should_error
=== RUN   TestTriePruningStorer_GetLatestStorageEpoch/with_at_least_one_active_DB_should_work
=== PAUSE TestTriePruningStorer_GetLatestStorageEpoch/with_at_least_one_active_DB_should_work
[0;36mDEBUG[0m[2026-03-16 10:14:16.019]   initPersistersInEpoch                    [0;36mStartingEpoch[0m = 0 [0;36mNumOfEpochsToKeep[0m = 2 [0;36moldestEpochKeep[0m = 0 [0;36mNumOfActivePersisters[0m = 2 [0;36moldestEpochActive[0m = 0 
[0;36mDEBUG[0m[2026-03-16 10:14:16.019]   initPersistersInEpoch(): createPersisterDataForEpoch [0;36midentifier[0m = id [0;36mepoch[0m = 0 [0;36mshardID[0m =  
[0;36mDEBUG[0m[2026-03-16 10:14:16.019]   appended a pruning active persister      [0;36mepoch[0m = 0 [0;36midentifier[0m = id 
[0;36mDEBUG[0m[2026-03-16 10:14:16.019]   MonitorNewCache                          [0;36mname[0m =  [0;36mcapacity[0m = 0 B [0;36mcumulated[0m = 0 B 
=== CONT  TestNewPruningStorer_ChangeEpochConcurrentPut
[0;36mDEBUG[0m[2026-03-16 10:14:16.019]   initPersistersInEpoch                    [0;36mStartingEpoch[0m = 0 [0;36mNumOfEpochsToKeep[0m = 3 [0;36moldestEpochKeep[0m = 0 [0;36mNumOfActivePersisters[0m = 2 [0;36moldestEpochActive[0m = 0 
[0;36mDEBUG[0m[2026-03-16 10:14:16.019]   initPersistersInEpoch(): createPersisterDataForEpoch [0;36midentifier[0m = id [0;36mepoch[0m = 0 [0;36mshardID[0m =  
=== CONT  TestNewPruningStorer_CacheSizeLowerThanBatchSizeShouldErr
=== CONT  TestTriePruningStorer_KeepMoreDbsOpenIfNecessary
[0;36mDEBUG[0m[2026-03-16 10:14:16.019]   initPersistersInEpoch                    [0;36mStartingEpoch[0m = 0 [0;36mNumOfEpochsToKeep[0m = 2 [0;36moldestEpochKeep[0m = 0 [0;36mNumOfActivePersisters[0m = 2 [0;36moldestEpochActive[0m = 0 
[0;36mDEBUG[0m[2026-03-16 10:14:16.019]   initPersistersInEpoch                    [0;36mStartingEpoch[0m = 0 [0;36mNumOfEpochsToKeep[0m = 2 [0;36moldestEpochKeep[0m = 0 [0;36mNumOfActivePersisters[0m = 2 [0;36moldestEpochActive[0m = 0 
=== CONT  TestTriePruningStorer_GetFromCurrentEpochSearchesOnlyCurrentEpoch
=== CONT  TestPruningStorer_ChangeEpochShouldUseMetaBlockFromEpochPrepare
[0;36mDEBUG[0m[2026-03-16 10:14:16.019]   initPersistersInEpoch                    [0;36mStartingEpoch[0m = 0 [0;36mNumOfEpochsToKeep[0m = 2 [0;36moldestEpochKeep[0m = 0 [0;36mNumOfActivePersisters[0m = 2 [0;36moldestEpochActive[0m = 0 
[0;36mDEBUG[0m[2026-03-16 10:14:16.019]   initPersistersInEpoch                    [0;36mStartingEpoch[0m = 0 [0;36mNumOfEpochsToKeep[0m = 2 [0;36moldestEpochKeep[0m = 0 [0;36mNumOfActivePersisters[0m = 2 [0;36moldestEpochActive[0m = 0 
=== CONT  TestTriePruningStorer_GetFromOldEpochsWithCache
[0;36mDEBUG[0m[2026-03-16 10:14:16.019]   initPersistersInEpoch                    [0;36mStartingEpoch[0m = 0 [0;36mNumOfEpochsToKeep[0m = 2 [0;36moldestEpochKeep[0m = 0 [0;36mNumOfActivePersisters[0m = 2 [0;36moldestEpochActive[0m = 0 
[0;36mDEBUG[0m[2026-03-16 10:14:16.019]   initPersistersInEpoch(): createPersisterDataForEpoch [0;36midentifier[0m = id [0;36mepoch[0m = 0 [0;36mshardID[0m =  
[0;36mDEBUG[0m[2026-03-16 10:14:16.019]   appended a pruning active persister      [0;36mepoch[0m = 0 [0;36midentifier[0m = id 
[0;36mDEBUG[0m[2026-03-16 10:14:16.019]   MonitorNewCache                          [0;36mname[0m =  [0;36mcapacity[0m = 0 B [0;36mcumulated[0m = 0 B 
[0;36mDEBUG[0m[2026-03-16 10:14:16.019]   PruningStorer - change epoch             [0;36munit[0m = id [0;36mepoch[0m = 1 [0;36mbytes in cache[0m = 0 
[0;36mDEBUG[0m[2026-03-16 10:14:16.019]   PruningStorer.processPersistersToClose   [0;36mepochs to close[0m = [] [0;36mbefore process[0m = [1 0] [0;36mafter process[0m = [1 0] 
[0;36mDEBUG[0m[2026-03-16 10:14:16.019]   PruningStorer - change epoch             [0;36munit[0m = id [0;36mepoch[0m = 2 [0;36mbytes in cache[0m = 0 
[0;36mDEBUG[0m[2026-03-16 10:14:16.019]   PruningStorer.processPersistersToClose   [0;36mepochs to close[0m = [0] [0;36mbefore process[0m = [2 1 0] [0;36mafter process[0m = [2 1] 
[0;36mDEBUG[0m[2026-03-16 10:14:16.019]   PruningStorer - change epoch             [0;36munit[0m = id [0;36mepoch[0m = 3 [0;36mbytes in cache[0m = 0 
[0;36mDEBUG[0m[2026-03-16 10:14:16.019]   PruningStorer.processPersistersToClose   [0;36mepochs to close[0m = [1] [0;36mbefore process[0m = [3 2 1] [0;36mafter process[0m = [3 2] 
[0;36mDEBUG[0m[2026-03-16 10:14:16.019]   PruningStorer - change epoch             [0;36munit[0m = id [0;36mepoch[0m = 4 [0;36mbytes in cache[0m = 0 
=== CONT  TestTriePruningStorer_GetFromOldEpochsWithoutCacheAllPersistersClosed
[0;36mDEBUG[0m[2026-03-16 10:14:16.019]   PruningStorer - skip closing and destroying persisters due to a stuck shard - [0;36mcurrent epoch[0m = 4 [0;36mnum active persisters[0m = 3 [0;36mdefault maximum num active persisters[0m = 2 [0;36moldest epoch in storage[0m = 2 
[0;36mDEBUG[0m[2026-03-16 10:14:16.019]   initPersistersInEpoch(): createPersisterDataForEpoch [0;36midentifier[0m = id [0;36mepoch[0m = 0 [0;36mshardID[0m =  
[0;36mDEBUG[0m[2026-03-16 10:14:16.019]   initPersistersInEpoch                    [0;36mStartingEpoch[0m = 0 [0;36mNumOfEpochsToKeep[0m = 2 [0;36moldestEpochKeep[0m = 0 [0;36mNumOfActivePersisters[0m = 2 [0;36moldestEpochActive[0m = 0 
[0;36mDEBUG[0m[2026-03-16 10:14:16.019]   initPersistersInEpoch(): createPersisterDataForEpoch [0;36midentifier[0m = id [0;36mepoch[0m = 0 [0;36mshardID[0m =  
[0;36mDEBUG[0m[2026-03-16 10:14:16.019]   appended a pruning active persister      [0;36mepoch[0m = 0 [0;36midentifier[0m = id 
[0;36mDEBUG[0m[2026-03-16 10:14:16.019]   appended a pruning active persister      [0;36mepoch[0m = 0 [0;36midentifier[0m = id 
[0;36mDEBUG[0m[2026-03-16 10:14:16.019]   initPersistersInEpoch(): createPersisterDataForEpoch [0;36midentifier[0m = id [0;36mepoch[0m = 0 [0;36mshardID[0m =  
[0;36mDEBUG[0m[2026-03-16 10:14:16.019]   MonitorNewCache                          [0;36mname[0m =  [0;36mcapacity[0m = 0 B [0;36mcumulated[0m = 0 B 
[0;36mDEBUG[0m[2026-03-16 10:14:16.019]   MonitorNewCache                          [0;36mname[0m =  [0;36mcapacity[0m = 0 B [0;36mcumulated[0m = 0 B 
[0;36mDEBUG[0m[2026-03-16 10:14:16.019]   PruningStorer - change epoch             [0;36munit[0m = id [0;36mepoch[0m = 1 [0;36mbytes in cache[0m = 0 
[0;36mDEBUG[0m[2026-03-16 10:14:16.019]   PruningStorer.processPersistersToClose   [0;36mepochs to close[0m = [] [0;36mbefore process[0m = [1 0] [0;36mafter process[0m = [1 0] 
[0;36mDEBUG[0m[2026-03-16 10:14:16.019]   PruningStorer - change epoch             [0;36munit[0m = id [0;36mepoch[0m = 2 [0;36mbytes in cache[0m = 0 
[0;36mDEBUG[0m[2026-03-16 10:14:16.019]   PruningStorer.processPersistersToClose   [0;36mepochs to close[0m = [] [0;36mbefore process[0m = [2 1 0] [0;36mafter process[0m = [2 1 0] 
[0;36mDEBUG[0m[2026-03-16 10:14:16.019]   PruningStorer - change epoch             [0;36munit[0m = id [0;36mepoch[0m = 3 [0;36mbytes in cache[0m = 0 
[0;36mDEBUG[0m[2026-03-16 10:14:16.019]   PruningStorer.processPersistersToClose   [0;36mepochs to close[0m = [] [0;36mbefore process[0m = [3 2 1 0] [0;36mafter process[0m = [3 2 1 0] 
[0;36mDEBUG[0m[2026-03-16 10:14:16.019]   PruningStorer - change epoch             [0;36munit[0m = id [0;36mepoch[0m = 4 [0;36mbytes in cache[0m = 0 
[0;36mDEBUG[0m[2026-03-16 10:14:16.019]   PruningStorer.processPersistersToClose   [0;36mepochs to close[0m = [] [0;36mbefore process[0m = [4 3 2 1 0] [0;36mafter process[0m = [4 3 2 1 0] 
[0;36mDEBUG[0m[2026-03-16 10:14:16.019]   PruningStorer - change epoch             [0;36munit[0m = id [0;36mepoch[0m = 5 [0;36mbytes in cache[0m = 0 
[0;36mDEBUG[0m[2026-03-16 10:14:16.019]   PruningStorer.processPersistersToClose   [0;36mepochs to close[0m = [0] [0;36mbefore process[0m = [5 4 3 2 1 0] [0;36mafter process[0m = [5 4 3 2 1] 
[0;36mDEBUG[0m[2026-03-16 10:14:16.019]   PruningStorer - change epoch             [0;36munit[0m = id [0;36mepoch[0m = 6 [0;36mbytes in cache[0m = 0 
[0;36mDEBUG[0m[2026-03-16 10:14:16.019]   PruningStorer.processPersistersToClose   [0;36mepochs to close[0m = [3 2 1] [0;36mbefore process[0m = [6 5 4 3 2 1] [0;36mafter process[0m = [6 5 4] 
[0;36mDEBUG[0m[2026-03-16 10:14:16.019]   PruningStorer - change epoch             [0;36munit[0m = id [0;36mepoch[0m = 1 [0;36mbytes in cache[0m = 0 
[0;36mDEBUG[0m[2026-03-16 10:14:16.019]   successfully closed pruningStorer        [0;36midentifier[0m = id 
[0;36mDEBUG[0m[2026-03-16 10:14:16.019]   initPersistersInEpoch(): createPersisterDataForEpoch [0;36midentifier[0m = id [0;36mepoch[0m = 0 [0;36mshardID[0m =  
[0;36mDEBUG[0m[2026-03-16 10:14:16.019]   PruningStorer.processPersistersToClose   [0;36mepochs to close[0m = [] [0;36mbefore process[0m = [1 0] [0;36mafter process[0m = [1 0] 
[0;36mDEBUG[0m[2026-03-16 10:14:16.019]   appended a pruning active persister      [0;36mepoch[0m = 0 [0;36midentifier[0m = id 
[0;36mDEBUG[0m[2026-03-16 10:14:16.019]   PruningStorer - change epoch             [0;36munit[0m = id [0;36mepoch[0m = 2 [0;36mbytes in cache[0m = 0 
=== CONT  TestPruningStorer_ChangeEpochWithKeepingFromOldestEpochInMetaBlock
[0;36mDEBUG[0m[2026-03-16 10:14:16.019]   PruningStorer.processPersistersToClose   [0;36mepochs to close[0m = [] [0;36mbefore process[0m = [2 1 0] [0;36mafter process[0m = [2 1 0] 
[0;36mDEBUG[0m[2026-03-16 10:14:16.019]   initPersistersInEpoch                    [0;36mStartingEpoch[0m = 0 [0;36mNumOfEpochsToKeep[0m = 2 [0;36moldestEpochKeep[0m = 0 [0;36mNumOfActivePersisters[0m = 2 [0;36moldestEpochActive[0m = 0 
=== CONT  TestNewPruningStorer_GetBulkFromEpoch
[0;36mDEBUG[0m[2026-03-16 10:14:16.019]   initPersistersInEpoch                    [0;36mStartingEpoch[0m = 0 [0;36mNumOfEpochsToKeep[0m = 2 [0;36moldestEpochKeep[0m = 0 [0;36mNumOfActivePersisters[0m = 2 [0;36moldestEpochActive[0m = 0 
[0;36mDEBUG[0m[2026-03-16 10:14:16.019]   initPersistersInEpoch(): createPersisterDataForEpoch [0;36midentifier[0m = id [0;36mepoch[0m = 0 [0;36mshardID[0m =  
[0;36mDEBUG[0m[2026-03-16 10:14:16.019]   appended a pruning active persister      [0;36mepoch[0m = 0 [0;36midentifier[0m = id 
=== CONT  TestTriePruningStorer_GetFromOldEpochsWithoutCacheMoreActivePersisters
[0;36mDEBUG[0m[2026-03-16 10:14:16.019]   MonitorNewCache                          [0;36mname[0m =  [0;36mcapacity[0m = 0 B [0;36mcumulated[0m = 0 B 
[0;36mDEBUG[0m[2026-03-16 10:14:16.019]   initPersistersInEpoch                    [0;36mStartingEpoch[0m = 0 [0;36mNumOfEpochsToKeep[0m = 2 [0;36moldestEpochKeep[0m = 0 [0;36mNumOfActivePersisters[0m = 2 [0;36moldestEpochActive[0m = 0 
[0;36mDEBUG[0m[2026-03-16 10:14:16.019]   initPersistersInEpoch(): createPersisterDataForEpoch [0;36midentifier[0m = id [0;36mepoch[0m = 0 [0;36mshardID[0m =  
[0;36mDEBUG[0m[2026-03-16 10:14:16.019]   appended a pruning active persister      [0;36mepoch[0m = 0 [0;36midentifier[0m = id 
[0;36mDEBUG[0m[2026-03-16 10:14:16.019]   initPersistersInEpoch(): createPersisterDataForEpoch [0;36midentifier[0m = id [0;36mepoch[0m = 0 [0;36mshardID[0m =  
[0;36mDEBUG[0m[2026-03-16 10:14:16.019]   appended a pruning active persister      [0;36mepoch[0m = 0 [0;36midentifier[0m = id 
[0;36mDEBUG[0m[2026-03-16 10:14:16.019]   MonitorNewCache                          [0;36mname[0m =  [0;36mcapacity[0m = 0 B [0;36mcumulated[0m = 0 B 
[0;36mDEBUG[0m[2026-03-16 10:14:16.019]   PruningStorer - change epoch             [0;36munit[0m = id [0;36mepoch[0m = 1 [0;36mbytes in cache[0m = 0 
[0;36mDEBUG[0m[2026-03-16 10:14:16.019]   PruningStorer.processPersistersToClose   [0;36mepochs to close[0m = [] [0;36mbefore process[0m = [1 0] [0;36mafter process[0m = [1 0] 
[0;36mDEBUG[0m[2026-03-16 10:14:16.019]   PruningStorer - change epoch             [0;36munit[0m = id [0;36mepoch[0m = 2 [0;36mbytes in cache[0m = 0 
[0;36mDEBUG[0m[2026-03-16 10:14:16.019]   MonitorNewCache                          [0;36mname[0m =  [0;36mcapacity[0m = 0 B [0;36mcumulated[0m = 0 B 
[0;36mDEBUG[0m[2026-03-16 10:14:16.019]   PruningStorer.processPersistersToClose   [0;36mepochs to close[0m = [] [0;36mbefore process[0m = [2 1 0] [0;36mafter process[0m = [2 1 0] 
[0;36mDEBUG[0m[2026-03-16 10:14:16.019]   PruningStorer - change epoch             [0;36munit[0m = id [0;36mepoch[0m = 3 [0;36mbytes in cache[0m = 0 
[0;36mDEBUG[0m[2026-03-16 10:14:16.019]   PruningStorer - change epoch             [0;36munit[0m = id [0;36mepoch[0m = 1 [0;36mbytes in cache[0m = 0 
[0;36mDEBUG[0m[2026-03-16 10:14:16.019]   PruningStorer - change epoch             [0;36munit[0m = id [0;36mepoch[0m = 1 [0;36mbytes in cache[0m = 0 
[0;36mDEBUG[0m[2026-03-16 10:14:16.019]   PruningStorer.processPersistersToClose   [0;36mepochs to close[0m = [] [0;36mbefore process[0m = [3 2 1 0] [0;36mafter process[0m = [3 2 1 0] 
[0;36mDEBUG[0m[2026-03-16 10:14:16.019]   MonitorNewCache                          [0;36mname[0m =  [0;36mcapacity[0m = 0 B [0;36mcumulated[0m = 0 B 
[0;36mDEBUG[0m[2026-03-16 10:14:16.019]   successfully closed pruningStorer        [0;36midentifier[0m = id 
[0;36mDEBUG[0m[2026-03-16 10:14:16.019]   PruningStorer - change epoch             [0;36munit[0m = id [0;36mepoch[0m = 1 [0;36mbytes in cache[0m = 0 
[0;36mDEBUG[0m[2026-03-16 10:14:16.019]   PruningStorer.processPersistersToClose   [0;36mepochs to close[0m = [] [0;36mbefore process[0m = [1 0] [0;36mafter process[0m = [1 0] 
[0;36mDEBUG[0m[2026-03-16 10:14:16.019]   PruningStorer.processPersistersToClose   [0;36mepochs to close[0m = [] [0;36mbefore process[0m = [1 0] [0;36mafter process[0m = [1 0] 
--- PASS: TestTriePruningStorer_GetFromOldEpochsWithoutCacheDoesNotSearchInCurrentStorer (0.00s)
--- PASS: TestTriePruningStorer_GetFromOldEpochsWithCache (0.00s)
[0;36mDEBUG[0m[2026-03-16 10:14:16.019]   PruningStorer.processPersistersToClose   [0;36mepochs to close[0m = [0] [0;36mbefore process[0m = [1 0] [0;36mafter process[0m = [1] 
--- PASS: TestNewFullHistoryPruningStorer_GetBulkFromEpochShouldNotLoadFromCache (0.00s)
--- PASS: TestTriePruningStorer_IsInterfaceNil (0.00s)
--- PASS: TestNewFullHistoryPruningStorer_GetFromEpochShouldSearchAlsoInNext (0.00s)
--- PASS: TestFullHistoryPruningStorer_IsEpochActive (0.00s)
--- PASS: TestNewPersistersTracker (0.00s)
=== CONT  TestNewPruningStorer_NumEpochKeepLowerThanNumActiveShouldErr
[0;36mDEBUG[0m[2026-03-16 10:14:16.019]   PruningStorer - change epoch             [0;36munit[0m = id [0;36mepoch[0m = 2 [0;36mbytes in cache[0m = 0 
[0;36mDEBUG[0m[2026-03-16 10:14:16.019]   PruningStorer.processPersistersToClose   [0;36mepochs to close[0m = [0] [0;36mbefore process[0m = [2 1 0] [0;36mafter process[0m = [2 1] 
[0;36mDEBUG[0m[2026-03-16 10:14:16.019]   initPersistersInEpoch                    [0;36mStartingEpoch[0m = 0 [0;36mNumOfEpochsToKeep[0m = 2 [0;36moldestEpochKeep[0m = 0 [0;36mNumOfActivePersisters[0m = 2 [0;36moldestEpochActive[0m = 0 
=== CONT  TestFullHistoryTriePruningStorer_IsInterfaceNil
--- PASS: TestNewPruningStorer_NumEpochKeepLowerThanNumActiveShouldErr (0.00s)
[0;36mDEBUG[0m[2026-03-16 10:14:16.019]   appended a pruning active persister      [0;36mepoch[0m = 0 [0;36midentifier[0m = id 
[0;36mDEBUG[0m[2026-03-16 10:14:16.019]   initPersistersInEpoch                    [0;36mStartingEpoch[0m = 0 [0;36mNumOfEpochsToKeep[0m = 2 [0;36moldestEpochKeep[0m = 0 [0;36mNumOfActivePersisters[0m = 2 [0;36moldestEpochActive[0m = 0 
[0;36mDEBUG[0m[2026-03-16 10:14:16.019]   MonitorNewCache                          [0;36mname[0m =  [0;36mcapacity[0m = 0 B [0;36mcumulated[0m = 0 B 
[0;36mDEBUG[0m[2026-03-16 10:14:16.019]   PruningStorer - change epoch             [0;36munit[0m = id [0;36mepoch[0m = 3 [0;36mbytes in cache[0m = 0 
[0;36mDEBUG[0m[2026-03-16 10:14:16.019]   PruningStorer - change epoch             [0;36munit[0m = id [0;36mepoch[0m = 1 [0;36mbytes in cache[0m = 0 
[0;36mDEBUG[0m[2026-03-16 10:14:16.019]   PruningStorer.processPersistersToClose   [0;36mepochs to close[0m = [1] [0;36mbefore process[0m = [3 2 1] [0;36mafter process[0m = [3 2] 
[0;36mDEBUG[0m[2026-03-16 10:14:16.019]   PruningStorer.processPersistersToClose   [0;36mepochs to close[0m = [] [0;36mbefore process[0m = [1 0] [0;36mafter process[0m = [1 0] 
[0;36mDEBUG[0m[2026-03-16 10:14:16.019]   PruningStorer - change epoch             [0;36munit[0m = id [0;36mepoch[0m = 2 [0;36mbytes in cache[0m = 0 
[0;36mDEBUG[0m[2026-03-16 10:14:16.019]   PruningStorer.processPersistersToClose   [0;36mepochs to close[0m = [] [0;36mbefore process[0m = [2 1 0] [0;36mafter process[0m = [2 1 0] 
[0;36mDEBUG[0m[2026-03-16 10:14:16.019]   PruningStorer - change epoch             [0;36munit[0m = id [0;36mepoch[0m = 3 [0;36mbytes in cache[0m = 0 
[0;36mDEBUG[0m[2026-03-16 10:14:16.019]   initPersistersInEpoch(): createPersisterDataForEpoch [0;36midentifier[0m = id [0;36mepoch[0m = 0 [0;36mshardID[0m =  
[0;36mDEBUG[0m[2026-03-16 10:14:16.019]   appended a pruning active persister      [0;36mepoch[0m = 0 [0;36midentifier[0m = id 
[0;36mDEBUG[0m[2026-03-16 10:14:16.019]   MonitorNewCache                          [0;36mname[0m =  [0;36mcapacity[0m = 0 B [0;36mcumulated[0m = 0 B 
[0;36mDEBUG[0m[2026-03-16 10:14:16.019]   PruningStorer.processPersistersToClose   [0;36mepochs to close[0m = [] [0;36mbefore process[0m = [3 2 1 0] [0;36mafter process[0m = [3 2 1 0] 
--- PASS: TestNewFullHistoryPruningStorer_GetMultipleDifferentEpochsShouldEvict (0.00s)
[0;36mDEBUG[0m[2026-03-16 10:14:16.019]   PruningStorer - change epoch             [0;36munit[0m = id [0;36mepoch[0m = 4 [0;36mbytes in cache[0m = 0 
[0;36mDEBUG[0m[2026-03-16 10:14:16.019]   PruningStorer - skip closing and destroying persisters due to a stuck shard - [0;36mcurrent epoch[0m = 4 [0;36mnum active persisters[0m = 4 [0;36mdefault maximum num active persisters[0m = 2 [0;36moldest epoch in storage[0m = 1 
[0;36mDEBUG[0m[2026-03-16 10:14:16.019]   PruningStorer - change epoch             [0;36munit[0m = id [0;36mepoch[0m = 5 [0;36mbytes in cache[0m = 0 
[0;36mDEBUG[0m[2026-03-16 10:14:16.019]   PruningStorer - skip closing and destroying persisters due to a stuck shard - [0;36mcurrent epoch[0m = 5 [0;36mnum active persisters[0m = 5 [0;36mdefault maximum num active persisters[0m = 2 [0;36moldest epoch in storage[0m = 1 
[0;36mDEBUG[0m[2026-03-16 10:14:16.019]   PruningStorer - change epoch             [0;36munit[0m = id [0;36mepoch[0m = 6 [0;36mbytes in cache[0m = 0 
[0;36mDEBUG[0m[2026-03-16 10:14:16.019]   PruningStorer.processPersistersToClose   [0;36mepochs to close[0m = [4 3 2 1] [0;36mbefore process[0m = [6 5 4 3 2 1] [0;36mafter process[0m = [6 5] 
--- PASS: TestPruningStorer_DestroyUnitShouldWork (0.00s)
--- PASS: TestTriePruningStorer_OpenMoreDbsIfNecessary (0.00s)
--- PASS: TestNewFullHistoryPruningStorer_InvalidNumberOfActivePersistersShouldErr (0.00s)
--- PASS: TestTriePruningStorer_GetFromOldEpochsWithoutCacheLessActivePersisters (0.00s)
--- PASS: TestNewFullHistoryPruningStorer_PutAndGetInEpochShouldWork (0.00s)
--- PASS: TestPruningStorer_RemoveFromCurrentEpoch (0.00s)
=== CONT  TestPruningStorer_ChangeEpochWithExisting
--- PASS: TestPersistersTracker_ShouldClosePersister (0.00s)
--- PASS: TestRegex (0.00s)
=== CONT  TestNewTriePersistersTracker
[0;36mDEBUG[0m[2026-03-16 10:14:16.019]   initPersistersInEpoch                    [0;36mStartingEpoch[0m = 0 [0;36mNumOfEpochsToKeep[0m = 2 [0;36moldestEpochKeep[0m = 0 [0;36mNumOfActivePersisters[0m = 2 [0;36moldestEpochActive[0m = 0 
[0;36mDEBUG[0m[2026-03-16 10:14:16.019]   initPersistersInEpoch(): createPersisterDataForEpoch [0;36midentifier[0m = id [0;36mepoch[0m = 0 [0;36mshardID[0m =  
[0;36mDEBUG[0m[2026-03-16 10:14:16.019]   initPersistersInEpoch                    [0;36mStartingEpoch[0m = 10 [0;36mNumOfEpochsToKeep[0m = 4 [0;36moldestEpochKeep[0m = 7 [0;36mNumOfActivePersisters[0m = 3 [0;36moldestEpochActive[0m = 8 
[0;36mDEBUG[0m[2026-03-16 10:14:16.019]   appended a pruning active persister      [0;36mepoch[0m = 0 [0;36midentifier[0m = id 
[0;36mDEBUG[0m[2026-03-16 10:14:16.019]   MonitorNewCache                          [0;36mname[0m =  [0;36mcapacity[0m = 0 B [0;36mcumulated[0m = 0 B 
=== CONT  TestNewPruningStorer_NilEpochStartHandlerShouldErr
=== CONT  TestPersistersTracker_IsInterfaceNil
=== CONT  TestPruningStorer_PutInEpoch
[0;36mDEBUG[0m[2026-03-16 10:14:16.019]   PruningStorer - change epoch             [0;36munit[0m = id [0;36mepoch[0m = 1 [0;36mbytes in cache[0m = 0 
[0;36mDEBUG[0m[2026-03-16 10:14:16.019]   initPersistersInEpoch                    [0;36mStartingEpoch[0m = 0 [0;36mNumOfEpochsToKeep[0m = 2 [0;36moldestEpochKeep[0m = 0 [0;36mNumOfActivePersisters[0m = 2 [0;36moldestEpochActive[0m = 0 
[0;36mDEBUG[0m[2026-03-16 10:14:16.019]   initPersistersInEpoch                    [0;36mStartingEpoch[0m = 5 [0;36mNumOfEpochsToKeep[0m = 2 [0;36moldestEpochKeep[0m = 4 [0;36mNumOfActivePersisters[0m = 2 [0;36moldestEpochActive[0m = 4 
[0;36mDEBUG[0m[2026-03-16 10:14:16.019]   initPersistersInEpoch                    [0;36mStartingEpoch[0m = 0 [0;36mNumOfEpochsToKeep[0m = 2 [0;36moldestEpochKeep[0m = 0 [0;36mNumOfActivePersisters[0m = 2 [0;36moldestEpochActive[0m = 0 
[0;36mDEBUG[0m[2026-03-16 10:14:16.019]   initPersistersInEpoch(): createPersisterDataForEpoch [0;36midentifier[0m = id [0;36mepoch[0m = 5 [0;36mshardID[0m =  
[0;36mDEBUG[0m[2026-03-16 10:14:16.019]   appended a pruning active persister      [0;36mepoch[0m = 5 [0;36midentifier[0m = id 
[0;36mDEBUG[0m[2026-03-16 10:14:16.019]   PruningStorer.processPersistersToClose   [0;36mepochs to close[0m = [] [0;36mbefore process[0m = [1 0] [0;36mafter process[0m = [1 0] 
[0;36mDEBUG[0m[2026-03-16 10:14:16.019]   PruningStorer - change epoch             [0;36munit[0m = id [0;36mepoch[0m = 2 [0;36mbytes in cache[0m = 0 
[0;36mDEBUG[0m[2026-03-16 10:14:16.019]   PruningStorer.processPersistersToClose   [0;36mepochs to close[0m = [0] [0;36mbefore process[0m = [2 1 0] [0;36mafter process[0m = [2 1] 
[0;36mDEBUG[0m[2026-03-16 10:14:16.019]   initPersistersInEpoch(): createPersisterDataForEpoch [0;36midentifier[0m = id [0;36mepoch[0m = 4 [0;36mshardID[0m =  
[0;36mDEBUG[0m[2026-03-16 10:14:16.019]   active persister not found               [0;36mepoch[0m = 0 [0;36mused[0m = 2 [0;36mpath[0m = Epoch_0 [0;36mreturning persister[0m = Epoch_2/Shard_0/id 
[0;36mDEBUG[0m[2026-03-16 10:14:16.019]   PruningStorer - change epoch             [0;36munit[0m = id [0;36mepoch[0m = 1 [0;36mbytes in cache[0m = 0 
[0;36mDEBUG[0m[2026-03-16 10:14:16.019]   change epoch pruning storer success      [0;36mpersister[0m = id [0;36mepoch[0m = 1 
[0;36mDEBUG[0m[2026-03-16 10:14:16.019]   initPersistersInEpoch                    [0;36mStartingEpoch[0m = 10 [0;36mNumOfEpochsToKeep[0m = 4 [0;36moldestEpochKeep[0m = 7 [0;36mNumOfActivePersisters[0m = 3 [0;36moldestEpochActive[0m = 8 
[0;36mDEBUG[0m[2026-03-16 10:14:16.019]   PruningStorer.processPersistersToClose   [0;36mepochs to close[0m = [] [0;36mbefore process[0m = [1 0] [0;36mafter process[0m = [1 0] 
[0;36mDEBUG[0m[2026-03-16 10:14:16.019]   PruningStorer - change epoch             [0;36munit[0m = id [0;36mepoch[0m = 1 [0;36mbytes in cache[0m = 0 
[0;36mDEBUG[0m[2026-03-16 10:14:16.019]   change epoch pruning storer success      [0;36mpersister[0m = id [0;36mepoch[0m = 1 
[0;36mDEBUG[0m[2026-03-16 10:14:16.019]   PruningStorer.processPersistersToClose   [0;36mepochs to close[0m = [] [0;36mbefore process[0m = [1 0] [0;36mafter process[0m = [1 0] 
[0;36mDEBUG[0m[2026-03-16 10:14:16.019]   PruningStorer - change epoch             [0;36munit[0m = id [0;36mepoch[0m = 2 [0;36mbytes in cache[0m = 0 
[0;36mDEBUG[0m[2026-03-16 10:14:16.019]   change epoch pruning storer success      [0;36mpersister[0m = id [0;36mepoch[0m = 2 
[0;36mDEBUG[0m[2026-03-16 10:14:16.019]   PruningStorer.processPersistersToClose   [0;36mepochs to close[0m = [0] [0;36mbefore process[0m = [2 1 0] [0;36mafter process[0m = [2 1] 
[0;36mDEBUG[0m[2026-03-16 10:14:16.019]   appended a pruning active persister      [0;36mepoch[0m = 4 [0;36midentifier[0m = id 
[0;36mDEBUG[0m[2026-03-16 10:14:16.019]   MonitorNewCache                          [0;36mname[0m =  [0;36mcapacity[0m = 0 B [0;36mcumulated[0m = 0 B 
=== CONT  TestNewPruningStorer_GetDataFromClosedPersister
[0;36mDEBUG[0m[2026-03-16 10:14:16.019]   initPersistersInEpoch                    [0;36mStartingEpoch[0m = 0 [0;36mNumOfEpochsToKeep[0m = 2 [0;36moldestEpochKeep[0m = 0 [0;36mNumOfActivePersisters[0m = 2 [0;36moldestEpochActive[0m = 0 
[0;36mDEBUG[0m[2026-03-16 10:14:16.019]   initPersistersInEpoch(): createPersisterDataForEpoch [0;36midentifier[0m = id [0;36mepoch[0m = 0 [0;36mshardID[0m =  
[0;36mDEBUG[0m[2026-03-16 10:14:16.019]   appended a pruning active persister      [0;36mepoch[0m = 0 [0;36midentifier[0m = id 
[0;36mDEBUG[0m[2026-03-16 10:14:16.019]   MonitorNewCache                          [0;36mname[0m =  [0;36mcapacity[0m = 0 B [0;36mcumulated[0m = 0 B 
[0;36mDEBUG[0m[2026-03-16 10:14:16.019]   PruningStorer - change epoch             [0;36munit[0m = id [0;36mepoch[0m = 1 [0;36mbytes in cache[0m = 0 
[0;36mDEBUG[0m[2026-03-16 10:14:16.019]   PruningStorer.processPersistersToClose   [0;36mepochs to close[0m = [0] [0;36mbefore process[0m = [1 0] [0;36mafter process[0m = [1] 
=== CONT  TestNewFullHistoryTriePruningStorer
[0;36mDEBUG[0m[2026-03-16 10:14:16.019]   initPersistersInEpoch                    [0;36mStartingEpoch[0m = 0 [0;36mNumOfEpochsToKeep[0m = 2 [0;36moldestEpochKeep[0m = 0 [0;36mNumOfActivePersisters[0m = 2 [0;36moldestEpochActive[0m = 0 
[0;36mDEBUG[0m[2026-03-16 10:14:16.019]   initPersistersInEpoch(): createPersisterDataForEpoch [0;36midentifier[0m = id [0;36mepoch[0m = 0 [0;36mshardID[0m =  
[0;36mDEBUG[0m[2026-03-16 10:14:16.019]   appended a pruning active persister      [0;36mepoch[0m = 0 [0;36midentifier[0m = id 
[0;36mDEBUG[0m[2026-03-16 10:14:16.019]   MonitorNewCache                          [0;36mname[0m =  [0;36mcapacity[0m = 0 B [0;36mcumulated[0m = 0 B 
=== CONT  TestFullHistoryTriePruningStorer_CallsMethodsFromUndelyingFHPS
=== CONT  TestPruningStorer_GetOldestEpoch
=== RUN   TestFullHistoryTriePruningStorer_CallsMethodsFromUndelyingFHPS/GetFromEpoch_called
=== RUN   TestPruningStorer_GetOldestEpoch/should_return_error_if_no_persisters_are_found
=== CONT  TestPruningStorer_RangeKeys
=== PAUSE TestFullHistoryTriePruningStorer_CallsMethodsFromUndelyingFHPS/GetFromEpoch_called
=== PAUSE TestPruningStorer_GetOldestEpoch/should_return_error_if_no_persisters_are_found
[0;36mDEBUG[0m[2026-03-16 10:14:16.019]   initPersistersInEpoch                    [0;36mStartingEpoch[0m = 0 [0;36mNumOfEpochsToKeep[0m = 2 [0;36moldestEpochKeep[0m = 0 [0;36mNumOfActivePersisters[0m = 2 [0;36moldestEpochActive[0m = 0 
=== RUN   TestPruningStorer_GetOldestEpoch/should_work
=== CONT  TestNewTriePruningStorer
[0;36mDEBUG[0m[2026-03-16 10:14:16.019]   initPersistersInEpoch(): createPersisterDataForEpoch [0;36midentifier[0m = id [0;36mepoch[0m = 0 [0;36mshardID[0m =  
[0;36mDEBUG[0m[2026-03-16 10:14:16.019]   appended a pruning active persister      [0;36mepoch[0m = 0 [0;36midentifier[0m = id 
[0;36mDEBUG[0m[2026-03-16 10:14:16.019]   MonitorNewCache                          [0;36mname[0m =  [0;36mcapacity[0m = 0 B [0;36mcumulated[0m = 0 B 
=== PAUSE TestPruningStorer_GetOldestEpoch/should_work
=== CONT  TestPruningStorer_SearchFirst
[0;36mDEBUG[0m[2026-03-16 10:14:16.019]   initPersistersInEpoch                    [0;36mStartingEpoch[0m = 0 [0;36mNumOfEpochsToKeep[0m = 2 [0;36moldestEpochKeep[0m = 0 [0;36mNumOfActivePersisters[0m = 2 [0;36moldestEpochActive[0m = 0 
[0;36mDEBUG[0m[2026-03-16 10:14:16.019]   initPersistersInEpoch(): createPersisterDataForEpoch [0;36midentifier[0m = id [0;36mepoch[0m = 0 [0;36mshardID[0m =  
[0;36mDEBUG[0m[2026-03-16 10:14:16.019]   appended a pruning active persister      [0;36mepoch[0m = 0 [0;36midentifier[0m = id 
[0;36mDEBUG[0m[2026-03-16 10:14:16.019]   MonitorNewCache                          [0;36mname[0m =  [0;36mcapacity[0m = 0 B [0;36mcumulated[0m = 0 B 
=== CONT  TestFullHistoryPruningStorer_changeEpochClosesOldDbs
[0;36mDEBUG[0m[2026-03-16 10:14:16.019]   PruningStorer - change epoch             [0;36munit[0m = id [0;36mepoch[0m = 1 [0;36mbytes in cache[0m = 0 
[0;36mDEBUG[0m[2026-03-16 10:14:16.019]   PruningStorer.processPersistersToClose   [0;36mepochs to close[0m = [] [0;36mbefore process[0m = [1 0] [0;36mafter process[0m = [1 0] 
[0;36mDEBUG[0m[2026-03-16 10:14:16.019]   initPersistersInEpoch                    [0;36mStartingEpoch[0m = 0 [0;36mNumOfEpochsToKeep[0m = 2 [0;36moldestEpochKeep[0m = 0 [0;36mNumOfActivePersisters[0m = 2 [0;36moldestEpochActive[0m = 0 
[0;36mDEBUG[0m[2026-03-16 10:14:16.019]   PruningStorer - change epoch             [0;36munit[0m = id [0;36mepoch[0m = 2 [0;36mbytes in cache[0m = 0 
[0;36mDEBUG[0m[2026-03-16 10:14:16.019]   initPersistersInEpoch(): createPersisterDataForEpoch [0;36midentifier[0m = id [0;36mepoch[0m = 0 [0;36mshardID[0m =  
[0;36mDEBUG[0m[2026-03-16 10:14:16.019]   appended a pruning active persister      [0;36mepoch[0m = 0 [0;36midentifier[0m = id 
[0;36mDEBUG[0m[2026-03-16 10:14:16.019]   MonitorNewCache                          [0;36mname[0m =  [0;36mcapacity[0m = 0 B [0;36mcumulated[0m = 0 B 
[0;36mDEBUG[0m[2026-03-16 10:14:16.019]   PruningStorer - change epoch             [0;36munit[0m = id [0;36mepoch[0m = 1 [0;36mbytes in cache[0m = 0 
[0;36mDEBUG[0m[2026-03-16 10:14:16.019]   change epoch pruning storer success      [0;36mpersister[0m = id [0;36mepoch[0m = 1 
[0;36mDEBUG[0m[2026-03-16 10:14:16.019]   PruningStorer.processPersistersToClose   [0;36mepochs to close[0m = [] [0;36mbefore process[0m = [1 0] [0;36mafter process[0m = [1 0] 
[0;36mDEBUG[0m[2026-03-16 10:14:16.019]   PruningStorer - change epoch             [0;36munit[0m = id [0;36mepoch[0m = 2 [0;36mbytes in cache[0m = 0 
[0;36mDEBUG[0m[2026-03-16 10:14:16.019]   change epoch pruning storer success      [0;36mpersister[0m = id [0;36mepoch[0m = 2 
[0;36mDEBUG[0m[2026-03-16 10:14:16.019]   PruningStorer.processPersistersToClose   [0;36mepochs to close[0m = [] [0;36mbefore process[0m = [1 0] [0;36mafter process[0m = [1 0] 
[0;36mDEBUG[0m[2026-03-16 10:14:16.019]   PruningStorer - change epoch             [0;36munit[0m = id [0;36mepoch[0m = 3 [0;36mbytes in cache[0m = 0 
[0;36mDEBUG[0m[2026-03-16 10:14:16.019]   change epoch pruning storer success      [0;36mpersister[0m = id [0;36mepoch[0m = 3 
=== CONT  TestNewPruningStorer_ChangeEpochDbsShouldNotBeDeletedIfPruningIsDisabled
[0;36mDEBUG[0m[2026-03-16 10:14:16.019]   PruningStorer.processPersistersToClose   [0;36mepochs to close[0m = [] [0;36mbefore process[0m = [1 0] [0;36mafter process[0m = [1 0] 
[0;36mDEBUG[0m[2026-03-16 10:14:16.019]   initPersistersInEpoch                    [0;36mStartingEpoch[0m = 0 [0;36mNumOfEpochsToKeep[0m = 2 [0;36moldestEpochKeep[0m = 0 [0;36mNumOfActivePersisters[0m = 2 [0;36moldestEpochActive[0m = 0 
[0;36mDEBUG[0m[2026-03-16 10:14:16.019]   MonitorNewCache                          [0;36mname[0m =  [0;36mcapacity[0m = 0 B [0;36mcumulated[0m = 0 B 
[0;36mDEBUG[0m[2026-03-16 10:14:16.019]   PruningStorer - change epoch             [0;36munit[0m = id [0;36mepoch[0m = 4 [0;36mbytes in cache[0m = 0 
[0;36mDEBUG[0m[2026-03-16 10:14:16.019]   PruningStorer - change epoch             [0;36munit[0m = id [0;36mepoch[0m = 1 [0;36mbytes in cache[0m = 0 
=== CONT  TestNewPruningStorer_NilPersistersTrackerShouldErr
[0;36mDEBUG[0m[2026-03-16 10:14:16.019]   PruningStorer - change epoch - pruning is disabled 
[0;36mDEBUG[0m[2026-03-16 10:14:16.019]   PruningStorer - change epoch             [0;36munit[0m = id [0;36mepoch[0m = 2 [0;36mbytes in cache[0m = 0 
[0;36mDEBUG[0m[2026-03-16 10:14:16.019]   initPersistersInEpoch                    [0;36mStartingEpoch[0m = 0 [0;36mNumOfEpochsToKeep[0m = 2 [0;36moldestEpochKeep[0m = 0 [0;36mNumOfActivePersisters[0m = 2 [0;36moldestEpochActive[0m = 0 
[0;36mDEBUG[0m[2026-03-16 10:14:16.019]   PruningStorer - change epoch - pruning is disabled 
[0;36mDEBUG[0m[2026-03-16 10:14:16.019]   PruningStorer - change epoch             [0;36munit[0m = id [0;36mepoch[0m = 3 [0;36mbytes in cache[0m = 0 
=== CONT  TestFullHistoryPruningStorer_IsInterfaceNil
[0;36mDEBUG[0m[2026-03-16 10:14:16.019]   change epoch pruning storer success      [0;36mpersister[0m = id [0;36mepoch[0m = 4 
[0;36mDEBUG[0m[2026-03-16 10:14:16.019]   initPersistersInEpoch                    [0;36mStartingEpoch[0m = 0 [0;36mNumOfEpochsToKeep[0m = 2 [0;36moldestEpochKeep[0m = 0 [0;36mNumOfActivePersisters[0m = 2 [0;36moldestEpochActive[0m = 0 
=== CONT  TestNewPruningStorer_NilOldDataCleanerProviderShouldErr
[0;36mDEBUG[0m[2026-03-16 10:14:16.019]   initPersistersInEpoch                    [0;36mStartingEpoch[0m = 0 [0;36mNumOfEpochsToKeep[0m = 2 [0;36moldestEpochKeep[0m = 0 [0;36mNumOfActivePersisters[0m = 2 [0;36moldestEpochActive[0m = 0 
=== CONT  TestTriePersistersTracker_CollectPersisterData/increases_numDbsMarkedAsActive
[0;36mDEBUG[0m[2026-03-16 10:14:16.019]   initPersistersInEpoch                    [0;36mStartingEpoch[0m = 10 [0;36mNumOfEpochsToKeep[0m = 4 [0;36moldestEpochKeep[0m = 7 [0;36mNumOfActivePersisters[0m = 3 [0;36moldestEpochActive[0m = 8 
[0;36mDEBUG[0m[2026-03-16 10:14:16.019]   initPersistersInEpoch(): createPersisterDataForEpoch [0;36midentifier[0m = id [0;36mepoch[0m = 0 [0;36mshardID[0m =  
=== CONT  TestTriePersistersTracker_CollectPersisterData/increases_numDbsMarkedAsSynced
=== CONT  TestNewPruningStorer_InvalidNumberOfActivePersistersShouldErr
[0;36mDEBUG[0m[2026-03-16 10:14:16.019]   initPersistersInEpoch                    [0;36mStartingEpoch[0m = 10 [0;36mNumOfEpochsToKeep[0m = 4 [0;36moldestEpochKeep[0m = 7 [0;36mNumOfActivePersisters[0m = 3 [0;36moldestEpochActive[0m = 8 
[0;36mDEBUG[0m[2026-03-16 10:14:16.019]   initPersistersInEpoch                    [0;36mStartingEpoch[0m = 0 [0;36mNumOfEpochsToKeep[0m = 2 [0;36moldestEpochKeep[0m = 0 [0;36mNumOfActivePersisters[0m = 2 [0;36moldestEpochActive[0m = 0 
=== CONT  TestTriePersistersTracker_HasInitializedEnoughPersisters/test_epoch_and_oldestEpochKeep
[0;36mDEBUG[0m[2026-03-16 10:14:16.019]   appended a pruning active persister      [0;36mepoch[0m = 0 [0;36midentifier[0m = id 
[0;36mDEBUG[0m[2026-03-16 10:14:16.020]   MonitorNewCache                          [0;36mname[0m =  [0;36mcapacity[0m = 0 B [0;36mcumulated[0m = 0 B 
=== CONT  TestPruningStorer_CleanCustomDatabase/should_not_destroy_old_database
=== CONT  TestTriePersistersTracker_HasInitializedEnoughPersisters/test_storageHashBeenSynced
[0;36mDEBUG[0m[2026-03-16 10:14:16.019]   PruningStorer.processPersistersToClose   [0;36mepochs to close[0m = [] [0;36mbefore process[0m = [1 0] [0;36mafter process[0m = [1 0] 
[0;36mDEBUG[0m[2026-03-16 10:14:16.020]   initPersistersInEpoch                    [0;36mStartingEpoch[0m = 10 [0;36mNumOfEpochsToKeep[0m = 4 [0;36moldestEpochKeep[0m = 7 [0;36mNumOfActivePersisters[0m = 3 [0;36moldestEpochActive[0m = 8 
=== CONT  TestTriePersistersTracker_HasInitializedEnoughPersisters/test_hasActiveDbsNecessary
[0;36mDEBUG[0m[2026-03-16 10:14:16.020]   PruningStorer - change epoch             [0;36munit[0m = id [0;36mepoch[0m = 5 [0;36mbytes in cache[0m = 0 
[0;36mDEBUG[0m[2026-03-16 10:14:16.020]   initPersistersInEpoch                    [0;36mStartingEpoch[0m = 10 [0;36mNumOfEpochsToKeep[0m = 4 [0;36moldestEpochKeep[0m = 7 [0;36mNumOfActivePersisters[0m = 3 [0;36moldestEpochActive[0m = 8 
[0;36mDEBUG[0m[2026-03-16 10:14:16.020]   change epoch pruning storer success      [0;36mpersister[0m = id [0;36mepoch[0m = 5 
=== CONT  TestPruningStorer_ClosePersisters/should_remove_old_databases_from_map
[0;36mDEBUG[0m[2026-03-16 10:14:16.020]   PruningStorer.processPersistersToClose   [0;36mepochs to close[0m = [] [0;36mbefore process[0m = [1 0] [0;36mafter process[0m = [1 0] 
[0;36mDEBUG[0m[2026-03-16 10:14:16.020]   initPersistersInEpoch                    [0;36mStartingEpoch[0m = 0 [0;36mNumOfEpochsToKeep[0m = 2 [0;36moldestEpochKeep[0m = 0 [0;36mNumOfActivePersisters[0m = 2 [0;36moldestEpochActive[0m = 0 
[0;36mDEBUG[0m[2026-03-16 10:14:16.020]   PruningStorer - change epoch             [0;36munit[0m = id [0;36mepoch[0m = 6 [0;36mbytes in cache[0m = 0 
[0;36mDEBUG[0m[2026-03-16 10:14:16.019]   PruningStorer - change epoch - pruning is disabled 
[0;36mDEBUG[0m[2026-03-16 10:14:16.020]   change epoch pruning storer success      [0;36mpersister[0m = id [0;36mepoch[0m = 6 
=== CONT  TestPruningStorer_ClosePersisters/should_remove_old_databases_from_map_+_destroy_them
[0;36mDEBUG[0m[2026-03-16 10:14:16.020]   PruningStorer.processPersistersToClose   [0;36mepochs to close[0m = [] [0;36mbefore process[0m = [1 0] [0;36mafter process[0m = [1 0] 
[0;36mDEBUG[0m[2026-03-16 10:14:16.019]   initPersistersInEpoch                    [0;36mStartingEpoch[0m = 10 [0;36mNumOfEpochsToKeep[0m = 4 [0;36moldestEpochKeep[0m = 7 [0;36mNumOfActivePersisters[0m = 3 [0;36moldestEpochActive[0m = 8 
[0;36mDEBUG[0m[2026-03-16 10:14:16.019]   PruningStorer.processPersistersToClose   [0;36mepochs to close[0m = [] [0;36mbefore process[0m = [2 1 0] [0;36mafter process[0m = [2 1 0] 
[0;36mDEBUG[0m[2026-03-16 10:14:16.020]   PruningStorer - change epoch             [0;36munit[0m = id [0;36mepoch[0m = 3 [0;36mbytes in cache[0m = 0 
[0;36mDEBUG[0m[2026-03-16 10:14:16.020]   PruningStorer.processPersistersToClose   [0;36mepochs to close[0m = [0] [0;36mbefore process[0m = [3 2 1 0] [0;36mafter process[0m = [3 2 1] 
--- PASS: TestNewFullHistoryPruningStorer_GetBulkFromEpoch (0.00s)
--- PASS: TestPruningStorer_SearchFirst (0.00s)
[0;36mDEBUG[0m[2026-03-16 10:14:16.020]   initPersistersInEpoch                    [0;36mStartingEpoch[0m = 0 [0;36mNumOfEpochsToKeep[0m = 2 [0;36moldestEpochKeep[0m = 0 [0;36mNumOfActivePersisters[0m = 2 [0;36moldestEpochActive[0m = 0 
=== CONT  TestNewPruningStorer_NilPathManagerShouldErr
=== CONT  TestTriePruningStorer_GetLatestStorageEpoch/with_at_least_one_active_DB_should_work
=== CONT  TestPruningStorer_GetOldestEpoch/should_return_error_if_no_persisters_are_found
[0;36mDEBUG[0m[2026-03-16 10:14:16.020]   PruningStorer - change epoch             [0;36munit[0m = id [0;36mepoch[0m = 7 [0;36mbytes in cache[0m = 0 
[0;36mDEBUG[0m[2026-03-16 10:14:16.020]   change epoch pruning storer success      [0;36mpersister[0m = id [0;36mepoch[0m = 7 
[0;36mDEBUG[0m[2026-03-16 10:14:16.020]   initPersistersInEpoch                    [0;36mStartingEpoch[0m = 0 [0;36mNumOfEpochsToKeep[0m = 2 [0;36moldestEpochKeep[0m = 0 [0;36mNumOfActivePersisters[0m = 2 [0;36moldestEpochActive[0m = 0 
[0;36mDEBUG[0m[2026-03-16 10:14:16.020]   PruningStorer.processPersistersToClose   [0;36mepochs to close[0m = [] [0;36mbefore process[0m = [1 0] [0;36mafter process[0m = [1 0] 
[0;36mDEBUG[0m[2026-03-16 10:14:16.020]   PruningStorer - change epoch             [0;36munit[0m = id [0;36mepoch[0m = 8 [0;36mbytes in cache[0m = 0 
[0;36mDEBUG[0m[2026-03-16 10:14:16.020]   initPersistersInEpoch                    [0;36mStartingEpoch[0m = 0 [0;36mNumOfEpochsToKeep[0m = 2 [0;36moldestEpochKeep[0m = 0 [0;36mNumOfActivePersisters[0m = 2 [0;36moldestEpochActive[0m = 0 
[0;36mDEBUG[0m[2026-03-16 10:14:16.020]   change epoch pruning storer success      [0;36mpersister[0m = id [0;36mepoch[0m = 8 
[0;36mDEBUG[0m[2026-03-16 10:14:16.020]   PruningStorer.processPersistersToClose   [0;36mepochs to close[0m = [] [0;36mbefore process[0m = [1 0] [0;36mafter process[0m = [1 0] 
[0;36mDEBUG[0m[2026-03-16 10:14:16.020]   initPersistersInEpoch(): createPersisterDataForEpoch [0;36midentifier[0m = id [0;36mepoch[0m = 0 [0;36mshardID[0m =  
=== CONT  TestNewPruningStorer_NilShardCoordinatorShouldErr
[0;36mDEBUG[0m[2026-03-16 10:14:16.020]   appended a pruning active persister      [0;36mepoch[0m = 0 [0;36midentifier[0m = id 
[0;36mDEBUG[0m[2026-03-16 10:14:16.020]   initPersistersInEpoch                    [0;36mStartingEpoch[0m = 0 [0;36mNumOfEpochsToKeep[0m = 2 [0;36moldestEpochKeep[0m = 0 [0;36mNumOfActivePersisters[0m = 2 [0;36moldestEpochActive[0m = 0 
=== RUN   TestPruningStorer_PutInEpoch/if_the_epoch_is_not_handled,_should_error
[0;36mDEBUG[0m[2026-03-16 10:14:16.020]   MonitorNewCache                          [0;36mname[0m =  [0;36mcapacity[0m = 0 B [0;36mcumulated[0m = 0 B 
=== RUN   TestFullHistoryTriePruningStorer_CallsMethodsFromUndelyingFHPS/GetBulkFromEpoch_called
[0;36mDEBUG[0m[2026-03-16 10:14:16.020]   PruningStorer - change epoch             [0;36munit[0m = id [0;36mepoch[0m = 5 [0;36mbytes in cache[0m = 0 
=== PAUSE TestPruningStorer_PutInEpoch/if_the_epoch_is_not_handled,_should_error
=== RUN   TestPruningStorer_PutInEpoch/put_in_existing_epochs
[0;36mDEBUG[0m[2026-03-16 10:14:16.020]   PruningStorer.processPersistersToClose   [0;36mepochs to close[0m = [] [0;36mbefore process[0m = [5] [0;36mafter process[0m = [5] 
=== PAUSE TestPruningStorer_PutInEpoch/put_in_existing_epochs
[0;36mDEBUG[0m[2026-03-16 10:14:16.020]   initPersistersInEpoch                    [0;36mStartingEpoch[0m = 0 [0;36mNumOfEpochsToKeep[0m = 2 [0;36moldestEpochKeep[0m = 0 [0;36mNumOfActivePersisters[0m = 2 [0;36moldestEpochActive[0m = 0 
=== CONT  TestPruningStorer_PutInEpoch/if_the_epoch_is_not_handled,_should_error
[0;36mDEBUG[0m[2026-03-16 10:14:16.020]   initPersistersInEpoch                    [0;36mStartingEpoch[0m = 0 [0;36mNumOfEpochsToKeep[0m = 0 [0;36moldestEpochKeep[0m = 1 [0;36mNumOfActivePersisters[0m = 0 [0;36moldestEpochActive[0m = 1 
[0;36mDEBUG[0m[2026-03-16 10:14:16.020]   PruningStorer - change epoch             [0;36munit[0m = id [0;36mepoch[0m = 9 [0;36mbytes in cache[0m = 0 
[0;36mDEBUG[0m[2026-03-16 10:14:16.020]   MonitorNewCache                          [0;36mname[0m =  [0;36mcapacity[0m = 0 B [0;36mcumulated[0m = 0 B 
[0;36mDEBUG[0m[2026-03-16 10:14:16.020]   change epoch pruning storer success      [0;36mpersister[0m = id [0;36mepoch[0m = 9 
=== PAUSE TestFullHistoryTriePruningStorer_CallsMethodsFromUndelyingFHPS/GetBulkFromEpoch_called
[0;36mDEBUG[0m[2026-03-16 10:14:16.020]   PruningStorer.processPersistersToClose   [0;36mepochs to close[0m = [] [0;36mbefore process[0m = [1 0] [0;36mafter process[0m = [1 0] 
=== RUN   TestFullHistoryTriePruningStorer_CallsMethodsFromUndelyingFHPS/PutInEpoch_called
[0;36mDEBUG[0m[2026-03-16 10:14:16.020]   PruningStorer - change epoch             [0;36munit[0m = id [0;36mepoch[0m = 10 [0;36mbytes in cache[0m = 0 
=== PAUSE TestFullHistoryTriePruningStorer_CallsMethodsFromUndelyingFHPS/PutInEpoch_called
[0;36mDEBUG[0m[2026-03-16 10:14:16.020]   change epoch pruning storer success      [0;36mpersister[0m = id [0;36mepoch[0m = 10 
=== RUN   TestFullHistoryTriePruningStorer_CallsMethodsFromUndelyingFHPS/Close_called
[0;36mDEBUG[0m[2026-03-16 10:14:16.020]   PruningStorer.processPersistersToClose   [0;36mepochs to close[0m = [] [0;36mbefore process[0m = [1 0] [0;36mafter process[0m = [1 0] 
[0;36mDEBUG[0m[2026-03-16 10:14:16.020]   initPersistersInEpoch(): createPersisterDataForEpoch [0;36midentifier[0m = id [0;36mepoch[0m = 0 [0;36mshardID[0m =  
=== PAUSE TestFullHistoryTriePruningStorer_CallsMethodsFromUndelyingFHPS/Close_called
=== CONT  TestTriePruningStorer_GetFromOldEpochsWithoutCacheSearchesOnlyOldEpochsAndReturnsEpoch
=== RUN   TestPruningStorer_RangeKeys/should_not_panic_with_nil_handler
=== CONT  TestFullHistoryTriePruningStorer_CallsMethodsFromUndelyingFHPS/GetFromEpoch_called
=== PAUSE TestPruningStorer_RangeKeys/should_not_panic_with_nil_handler
[0;36mDEBUG[0m[2026-03-16 10:14:16.020]   initPersistersInEpoch                    [0;36mStartingEpoch[0m = 0 [0;36mNumOfEpochsToKeep[0m = 2 [0;36moldestEpochKeep[0m = 0 [0;36mNumOfActivePersisters[0m = 2 [0;36moldestEpochActive[0m = 0 
=== RUN   TestPruningStorer_RangeKeys/should_not_call_handler
[0;36mDEBUG[0m[2026-03-16 10:14:16.020]   initPersistersInEpoch(): createPersisterDataForEpoch [0;36midentifier[0m = id [0;36mepoch[0m = 0 [0;36mshardID[0m =  
=== PAUSE TestPruningStorer_RangeKeys/should_not_call_handler
=== CONT  TestFullHistoryTriePruningStorer_CallsMethodsFromUndelyingFHPS/Close_called
[0;36mDEBUG[0m[2026-03-16 10:14:16.020]   appended a pruning active persister      [0;36mepoch[0m = 0 [0;36midentifier[0m = id 
=== CONT  TestFullHistoryTriePruningStorer_CallsMethodsFromUndelyingFHPS/PutInEpoch_called
[0;36mDEBUG[0m[2026-03-16 10:14:16.020]   MonitorNewCache                          [0;36mname[0m =  [0;36mcapacity[0m = 0 B [0;36mcumulated[0m = 0 B 
[0;36mDEBUG[0m[2026-03-16 10:14:16.020]   initPersistersInEpoch                    [0;36mStartingEpoch[0m = 0 [0;36mNumOfEpochsToKeep[0m = 2 [0;36moldestEpochKeep[0m = 0 [0;36mNumOfActivePersisters[0m = 2 [0;36moldestEpochActive[0m = 0 
[0;36mDEBUG[0m[2026-03-16 10:14:16.020]   initPersistersInEpoch                    [0;36mStartingEpoch[0m = 0 [0;36mNumOfEpochsToKeep[0m = 2 [0;36moldestEpochKeep[0m = 0 [0;36mNumOfActivePersisters[0m = 2 [0;36moldestEpochActive[0m = 0 
=== CONT  TestFullHistoryTriePruningStorer_CallsMethodsFromUndelyingFHPS/GetBulkFromEpoch_called
[0;36mDEBUG[0m[2026-03-16 10:14:16.020]   initPersistersInEpoch                    [0;36mStartingEpoch[0m = 0 [0;36mNumOfEpochsToKeep[0m = 2 [0;36moldestEpochKeep[0m = 0 [0;36mNumOfActivePersisters[0m = 2 [0;36moldestEpochActive[0m = 0 
[0;36mDEBUG[0m[2026-03-16 10:14:16.020]   initPersistersInEpoch(): createPersisterDataForEpoch [0;36midentifier[0m = id [0;36mepoch[0m = 0 [0;36mshardID[0m =  
[0;36mDEBUG[0m[2026-03-16 10:14:16.020]   initPersistersInEpoch                    [0;36mStartingEpoch[0m = 0 [0;36mNumOfEpochsToKeep[0m = 2 [0;36moldestEpochKeep[0m = 0 [0;36mNumOfActivePersisters[0m = 2 [0;36moldestEpochActive[0m = 0 
[0;36mDEBUG[0m[2026-03-16 10:14:16.020]   PruningStorer.processPersistersToClose   [0;36mepochs to close[0m = [] [0;36mbefore process[0m = [1 0] [0;36mafter process[0m = [1 0] 
[0;36mDEBUG[0m[2026-03-16 10:14:16.020]   initPersistersInEpoch(): createPersisterDataForEpoch [0;36midentifier[0m = id [0;36mepoch[0m = 0 [0;36mshardID[0m =  
[0;36mDEBUG[0m[2026-03-16 10:14:16.020]   initPersistersInEpoch(): createPersisterDataForEpoch [0;36midentifier[0m = id [0;36mepoch[0m = 0 [0;36mshardID[0m =  
[0;36mDEBUG[0m[2026-03-16 10:14:16.020]   appended a pruning active persister      [0;36mepoch[0m = 0 [0;36midentifier[0m = id 
[0;36mDEBUG[0m[2026-03-16 10:14:16.020]   appended a pruning active persister      [0;36mepoch[0m = 0 [0;36midentifier[0m = id 
[0;36mDEBUG[0m[2026-03-16 10:14:16.020]   appended a pruning active persister      [0;36mepoch[0m = 0 [0;36midentifier[0m = id 
[0;36mDEBUG[0m[2026-03-16 10:14:16.020]   MonitorNewCache                          [0;36mname[0m =  [0;36mcapacity[0m = 0 B [0;36mcumulated[0m = 0 B 
[0;36mDEBUG[0m[2026-03-16 10:14:16.020]   initPersistersInEpoch(): createPersisterDataForEpoch [0;36midentifier[0m = id [0;36mepoch[0m = 0 [0;36mshardID[0m =  
[0;36mDEBUG[0m[2026-03-16 10:14:16.020]   appended a pruning active persister      [0;36mepoch[0m = 0 [0;36midentifier[0m = id 
[0;36mDEBUG[0m[2026-03-16 10:14:16.020]   MonitorNewCache                          [0;36mname[0m =  [0;36mcapacity[0m = 0 B [0;36mcumulated[0m = 0 B 
[0;36mDEBUG[0m[2026-03-16 10:14:16.020]   appended a pruning active persister      [0;36mepoch[0m = 0 [0;36midentifier[0m = id 
[0;36mDEBUG[0m[2026-03-16 10:14:16.020]   MonitorNewCache                          [0;36mname[0m =  [0;36mcapacity[0m = 0 B [0;36mcumulated[0m = 0 B 
[0;36mDEBUG[0m[2026-03-16 10:14:16.020]   MonitorNewCache                          [0;36mname[0m =  [0;36mcapacity[0m = 0 B [0;36mcumulated[0m = 0 B 
[0;36mDEBUG[0m[2026-03-16 10:14:16.020]   PruningStorer.processPersistersToClose   [0;36mepochs to close[0m = [0] [0;36mbefore process[0m = [1 0 0] [0;36mafter process[0m = [1 0] 
[0;36mDEBUG[0m[2026-03-16 10:14:16.020]   PruningStorer.processPersistersToClose   [0;36mepochs to close[0m = [1 0] [0;36mbefore process[0m = [3 2 1 0] [0;36mafter process[0m = [3 2] 
[0;36mDEBUG[0m[2026-03-16 10:14:16.020]   destroying persister                     [0;36mpath[0m =  
[0;36mDEBUG[0m[2026-03-16 10:14:16.020]   MonitorNewCache                          [0;36mname[0m =  [0;36mcapacity[0m = 0 B [0;36mcumulated[0m = 0 B 
[0;36mDEBUG[0m[2026-03-16 10:14:16.020]   MonitorNewCache                          [0;36mname[0m =  [0;36mcapacity[0m = 0 B [0;36mcumulated[0m = 0 B 
[0;36mDEBUG[0m[2026-03-16 10:14:16.020]   PruningStorer.processPersistersToClose   [0;36mepochs to close[0m = [1 0] [0;36mbefore process[0m = [3 2 1 0] [0;36mafter process[0m = [3 2] 
=== CONT  TestNewPruningStorer_NilCustomDatabaseRemoverProviderShouldErr
[0;36mDEBUG[0m[2026-03-16 10:14:16.020]   PruningStorer - change epoch             [0;36munit[0m = id [0;36mepoch[0m = 1 [0;36mbytes in cache[0m = 0 
[0;36mDEBUG[0m[2026-03-16 10:14:16.020]   PruningStorer.processPersistersToClose   [0;36mepochs to close[0m = [4 3 2] [0;36mbefore process[0m = [6 5 4 3 2] [0;36mafter process[0m = [6 5] 
[0;36mDEBUG[0m[2026-03-16 10:14:16.020]   initPersistersInEpoch                    [0;36mStartingEpoch[0m = 0 [0;36mNumOfEpochsToKeep[0m = 2 [0;36moldestEpochKeep[0m = 0 [0;36mNumOfActivePersisters[0m = 2 [0;36moldestEpochActive[0m = 0 
[0;36mDEBUG[0m[2026-03-16 10:14:16.020]   PruningStorer.processPersistersToClose   [0;36mepochs to close[0m = [] [0;36mbefore process[0m = [1 0] [0;36mafter process[0m = [1 0] 
=== CONT  TestPruningStorer_RangeKeys/should_not_panic_with_nil_handler
[0;31mERROR[0m[2026-03-16 10:14:16.020]   improper use of PruningStorer.RangeKeys() 
=== CONT  TestTriePruningStorer_GetLatestStorageEpoch/no_active_db_should_error
[0;36mDEBUG[0m[2026-03-16 10:14:16.020]   MonitorNewCache                          [0;36mname[0m =  [0;36mcapacity[0m = 0 B [0;36mcumulated[0m = 0 B 
--- PASS: TestNewPruningStorer_NilPersisterFactoryShouldErr (0.00s)
--- PASS: TestPruningStorer_PutAndGetShouldWork (0.00s)
--- PASS: TestNewPruningStorer_OkValsShouldWork (0.00s)
--- PASS: TestNewPruningStorer_CacheSizeLowerThanBatchSizeShouldErr (0.00s)
--- PASS: TestPruningStorer_ChangeEpochShouldUseMetaBlockFromEpochPrepare (0.00s)
--- PASS: TestTriePruningStorer_KeepMoreDbsOpenIfNecessary (0.00s)
goroutine 626 [running]:
runtime/debug.Stack()
	/usr/local/go/src/runtime/debug/stack.go:26 +0x5e
runtime/debug.PrintStack()
	/usr/local/go/src/runtime/debug/stack.go:18 +0x13
github.com/TerraDharitri/drt-go-chain/storage/pruning.(*PruningStorer).RangeKeys(0xc000144e88?, 0x517cbf?)
	/home/dharitri/Dharitri-repos/Drt-repos/Go/Finished/Publish_Required/drt-go-chain/storage/pruning/pruningStorer.go:1064 +0x38
github.com/TerraDharitri/drt-go-chain/storage/pruning_test.TestPruningStorer_RangeKeys.func1.1()
	/home/dharitri/Dharitri-repos/Drt-repos/Go/Finished/Publish_Required/drt-go-chain/storage/pruning/pruningStorer_test.go:1167 +0x19
github.com/stretchr/testify/assert.didPanic(0xea83d0?)
	/home/dharitri/go/pkg/mod/github.com/stretchr/testify@v1.10.0/assert/assertions.go:1239 +0x75
github.com/stretchr/testify/assert.NotPanics({0xb066e0, 0xc0000e4340}, 0xc0008419b0, {0x0, 0x0, 0x0})
	/home/dharitri/go/pkg/mod/github.com/stretchr/testify@v1.10.0/assert/assertions.go:1310 +0x7e
github.com/TerraDharitri/drt-go-chain/storage/pruning_test.TestPruningStorer_RangeKeys.func1(0xc0000e4340)
	/home/dharitri/Dharitri-repos/Drt-repos/Go/Finished/Publish_Required/drt-go-chain/storage/pruning/pruningStorer_test.go:1166 +0x77
testing.tRunner(0xc0000e4340, 0xc000629bc0)
	/usr/local/go/src/testing/testing.go:1690 +0xf4
created by testing.(*T).Run in goroutine 479
	/usr/local/go/src/testing/testing.go:1743 +0x390
--- PASS: TestTriePruningStorer_GetFromCurrentEpochSearchesOnlyCurrentEpoch (0.00s)
--- PASS: TestTriePruningStorer_GetFromOldEpochsWithoutCacheAllPersistersClosed (0.00s)
=== CONT  TestPruningStorer_GetOldestEpoch/should_work
--- PASS: TestNewPruningStorer_GetBulkFromEpoch (0.00s)
--- PASS: TestTriePruningStorer_GetFromLastEpochSearchesOnlyLastEpoch (0.00s)
=== CONT  TestPruningStorer_PutInEpoch/put_in_existing_epochs
[0;36mDEBUG[0m[2026-03-16 10:14:16.020]   initPersistersInEpoch                    [0;36mStartingEpoch[0m = 0 [0;36mNumOfEpochsToKeep[0m = 2 [0;36moldestEpochKeep[0m = 0 [0;36mNumOfActivePersisters[0m = 2 [0;36moldestEpochActive[0m = 0 
[0;36mDEBUG[0m[2026-03-16 10:14:16.020]   initPersistersInEpoch                    [0;36mStartingEpoch[0m = 5 [0;36mNumOfEpochsToKeep[0m = 2 [0;36moldestEpochKeep[0m = 4 [0;36mNumOfActivePersisters[0m = 2 [0;36moldestEpochActive[0m = 4 
=== RUN   TestPruningStorer_PutInEpoch/put_in_existing_epochs/get_from_their_respective_epochs_should_work
=== CONT  TestPruningStorer_RangeKeys/should_not_call_handler
[0;31mERROR[0m[2026-03-16 10:14:16.020]   improper use of PruningStorer.RangeKeys() 
[0;36mDEBUG[0m[2026-03-16 10:14:16.020]   initPersistersInEpoch(): createPersisterDataForEpoch [0;36midentifier[0m = id [0;36mepoch[0m = 5 [0;36mshardID[0m =  
goroutine 627 [running]:
runtime/debug.Stack()
	/usr/local/go/src/runtime/debug/stack.go:26 +0x5e
runtime/debug.PrintStack()
	/usr/local/go/src/runtime/debug/stack.go:18 +0x13
github.com/TerraDharitri/drt-go-chain/storage/pruning.(*PruningStorer).RangeKeys(0xc00050a4e0?, 0x0?)
	/home/dharitri/Dharitri-repos/Drt-repos/Go/Finished/Publish_Required/drt-go-chain/storage/pruning/pruningStorer.go:1064 +0x38
github.com/TerraDharitri/drt-go-chain/storage/pruning_test.TestPruningStorer_RangeKeys.func2(0xc00050a4e0)
	/home/dharitri/Dharitri-repos/Drt-repos/Go/Finished/Publish_Required/drt-go-chain/storage/pruning/pruningStorer_test.go:1173 +0x4a
testing.tRunner(0xc00050a4e0, 0xc000517450)
	/usr/local/go/src/testing/testing.go:1690 +0xf4
created by testing.(*T).Run in goroutine 479
	/usr/local/go/src/testing/testing.go:1743 +0x390
--- PASS: TestFullHistoryTriePruningStorer_IsInterfaceNil (0.00s)
[0;36mDEBUG[0m[2026-03-16 10:14:16.020]   appended a pruning active persister      [0;36mepoch[0m = 5 [0;36midentifier[0m = id 
[0;36mDEBUG[0m[2026-03-16 10:14:16.020]   initPersistersInEpoch(): createPersisterDataForEpoch [0;36midentifier[0m = id [0;36mepoch[0m = 4 [0;36mshardID[0m =  
[0;36mDEBUG[0m[2026-03-16 10:14:16.020]   appended a pruning active persister      [0;36mepoch[0m = 4 [0;36midentifier[0m = id 
[0;36mDEBUG[0m[2026-03-16 10:14:16.020]   MonitorNewCache                          [0;36mname[0m =  [0;36mcapacity[0m = 0 B [0;36mcumulated[0m = 0 B 
[0;36mDEBUG[0m[2026-03-16 10:14:16.020]   pruningStorer.GetOldestEpoch             [0;36midentifier[0m = id [0;36mepoch[0m = 4 
--- PASS: TestTriePruningStorer_GetFromOldEpochsWithoutCacheMoreActivePersisters (0.00s)
--- PASS: TestPruningStorer_ChangeEpochWithKeepingFromOldestEpochInMetaBlock (0.00s)
--- PASS: TestNewTriePersistersTracker (0.00s)
--- PASS: TestNewPruningStorer_NilEpochStartHandlerShouldErr (0.00s)
--- PASS: TestPersistersTracker_IsInterfaceNil (0.00s)
=== RUN   TestNewTriePruningStorer/empty_args_struct,_should_not_panic
=== PAUSE TestNewTriePruningStorer/empty_args_struct,_should_not_panic
--- PASS: TestPruningStorer_ChangeEpochWithExisting (0.00s)
--- PASS: TestNewPruningStorer_GetDataFromClosedPersister (0.00s)
--- PASS: TestNewFullHistoryTriePruningStorer (0.00s)
=== RUN   TestNewTriePruningStorer/should_work
--- PASS: TestNewPruningStorer_NilPersistersTrackerShouldErr (0.00s)
--- PASS: TestNewPruningStorer_NilOldDataCleanerProviderShouldErr (0.00s)
=== PAUSE TestNewTriePruningStorer/should_work
--- PASS: TestTriePersistersTracker_CollectPersisterData (0.00s)
    --- PASS: TestTriePersistersTracker_CollectPersisterData/increases_numDbsMarkedAsActive (0.00s)
    --- PASS: TestTriePersistersTracker_CollectPersisterData/increases_numDbsMarkedAsSynced (0.00s)
=== CONT  TestNewTriePruningStorer/should_work
--- PASS: TestNewPruningStorer_InvalidNumberOfActivePersistersShouldErr (0.00s)
--- PASS: TestFullHistoryPruningStorer_IsInterfaceNil (0.00s)
--- PASS: TestNewPruningStorer_ChangeEpochDbsShouldNotBeDeletedIfPruningIsDisabled (0.00s)
[0;36mDEBUG[0m[2026-03-16 10:14:16.020]   initPersistersInEpoch                    [0;36mStartingEpoch[0m = 0 [0;36mNumOfEpochsToKeep[0m = 2 [0;36moldestEpochKeep[0m = 0 [0;36mNumOfActivePersisters[0m = 2 [0;36moldestEpochActive[0m = 0 
--- PASS: TestTriePersistersTracker_HasInitializedEnoughPersisters (0.00s)
    --- PASS: TestTriePersistersTracker_HasInitializedEnoughPersisters/test_storageHashBeenSynced (0.00s)
    --- PASS: TestTriePersistersTracker_HasInitializedEnoughPersisters/test_hasActiveDbsNecessary (0.00s)
    --- PASS: TestTriePersistersTracker_HasInitializedEnoughPersisters/test_epoch_and_oldestEpochKeep (0.00s)
=== CONT  TestNewTriePruningStorer/empty_args_struct,_should_not_panic
--- PASS: TestNewPruningStorer_NilPathManagerShouldErr (0.00s)
=== RUN   TestTriePruningStorer_RemoveFromAllActiveEpochs/key_is_removed_from_all_persisters
--- PASS: TestPruningStorer_CleanCustomDatabase (0.00s)
    --- PASS: TestPruningStorer_CleanCustomDatabase/should_not_destroy_old_database (0.00s)
--- PASS: TestNewPruningStorer_NilShardCoordinatorShouldErr (0.00s)
[0;36mDEBUG[0m[2026-03-16 10:14:16.020]   initPersistersInEpoch(): createPersisterDataForEpoch [0;36midentifier[0m = id [0;36mepoch[0m = 0 [0;36mshardID[0m =  
[0;36mDEBUG[0m[2026-03-16 10:14:16.020]   appended a pruning active persister      [0;36mepoch[0m = 0 [0;36midentifier[0m = id 
[0;36mDEBUG[0m[2026-03-16 10:14:16.020]   MonitorNewCache                          [0;36mname[0m =  [0;36mcapacity[0m = 0 B [0;36mcumulated[0m = 0 B 
[0;36mDEBUG[0m[2026-03-16 10:14:16.020]   initPersistersInEpoch                    [0;36mStartingEpoch[0m = 0 [0;36mNumOfEpochsToKeep[0m = 2 [0;36moldestEpochKeep[0m = 0 [0;36mNumOfActivePersisters[0m = 2 [0;36moldestEpochActive[0m = 0 
[0;36mDEBUG[0m[2026-03-16 10:14:16.020]   initPersistersInEpoch(): createPersisterDataForEpoch [0;36midentifier[0m = id [0;36mepoch[0m = 0 [0;36mshardID[0m =  
[0;36mDEBUG[0m[2026-03-16 10:14:16.020]   appended a pruning active persister      [0;36mepoch[0m = 0 [0;36midentifier[0m = id 
[0;36mDEBUG[0m[2026-03-16 10:14:16.020]   MonitorNewCache                          [0;36mname[0m =  [0;36mcapacity[0m = 0 B [0;36mcumulated[0m = 0 B 
[0;36mDEBUG[0m[2026-03-16 10:14:16.020]   PruningStorer - change epoch             [0;36munit[0m = id [0;36mepoch[0m = 1 [0;36mbytes in cache[0m = 0 
[0;36mDEBUG[0m[2026-03-16 10:14:16.020]   PruningStorer.processPersistersToClose   [0;36mepochs to close[0m = [] [0;36mbefore process[0m = [1 0] [0;36mafter process[0m = [1 0] 
[0;36mDEBUG[0m[2026-03-16 10:14:16.020]   get from closed persister                [0;36mid[0m = id [0;36mepoch[0m = 0 [0;36mkey[0m = 74657374 [0;36merror[0m = key: dGVzdA== not found 
[0;36mDEBUG[0m[2026-03-16 10:14:16.020]   get from closed persister                [0;36mid[0m = id [0;36mepoch[0m = 1 [0;36mkey[0m = 74657374 [0;36merror[0m = key: dGVzdA== not found 
=== CONT  TestTriePruningStorer_RemoveFromAllActiveEpochs/no_active_persisters_returns_nil_err
--- PASS: TestFullHistoryPruningStorer_changeEpochClosesOldDbs (0.00s)
[0;36mDEBUG[0m[2026-03-16 10:14:16.020]   initPersistersInEpoch                    [0;36mStartingEpoch[0m = 0 [0;36mNumOfEpochsToKeep[0m = 2 [0;36moldestEpochKeep[0m = 0 [0;36mNumOfActivePersisters[0m = 2 [0;36moldestEpochActive[0m = 0 
--- PASS: TestFullHistoryTriePruningStorer_CallsMethodsFromUndelyingFHPS (0.00s)
    --- PASS: TestFullHistoryTriePruningStorer_CallsMethodsFromUndelyingFHPS/GetFromEpoch_called (0.00s)
    --- PASS: TestFullHistoryTriePruningStorer_CallsMethodsFromUndelyingFHPS/GetBulkFromEpoch_called (0.00s)
    --- PASS: TestFullHistoryTriePruningStorer_CallsMethodsFromUndelyingFHPS/PutInEpoch_called (0.00s)
    --- PASS: TestFullHistoryTriePruningStorer_CallsMethodsFromUndelyingFHPS/Close_called (0.00s)
[0;36mDEBUG[0m[2026-03-16 10:14:16.020]   initPersistersInEpoch                    [0;36mStartingEpoch[0m = 5 [0;36mNumOfEpochsToKeep[0m = 2 [0;36moldestEpochKeep[0m = 4 [0;36mNumOfActivePersisters[0m = 2 [0;36moldestEpochActive[0m = 4 
[0;36mDEBUG[0m[2026-03-16 10:14:16.020]   MonitorNewCache                          [0;36mname[0m =  [0;36mcapacity[0m = 0 B [0;36mcumulated[0m = 0 B 
--- PASS: TestNewPruningStorer_NilCustomDatabaseRemoverProviderShouldErr (0.00s)
--- PASS: TestPruningStorer_ClosePersisters (0.00s)
    --- PASS: TestPruningStorer_ClosePersisters/should_remove_old_databases_from_map_+_destroy_them (0.00s)
    --- PASS: TestPruningStorer_ClosePersisters/should_remove_old_databases_from_map (0.00s)
--- PASS: TestTriePruningStorer_GetFromOldEpochsWithoutCacheSearchesOnlyOldEpochsAndReturnsEpoch (0.00s)
--- PASS: TestTriePruningStorer_GetLatestStorageEpoch (0.00s)
    --- PASS: TestTriePruningStorer_GetLatestStorageEpoch/with_at_least_one_active_DB_should_work (0.00s)
    --- PASS: TestTriePruningStorer_GetLatestStorageEpoch/no_active_db_should_error (0.00s)
=== RUN   TestPruningStorer_PutInEpoch/put_in_existing_epochs/get_from_wrong_epochs_should_error
[0;36mDEBUG[0m[2026-03-16 10:14:16.020]   get from closed persister                [0;36mid[0m = id [0;36mepoch[0m = 5 [0;36mkey[0m = 6b657934 [0;36merror[0m = key: a2V5NA== not found 
--- PASS: TestPruningStorer_PutInEpoch (0.00s)
    --- PASS: TestPruningStorer_PutInEpoch/if_the_epoch_is_not_handled,_should_error (0.00s)
    --- PASS: TestPruningStorer_PutInEpoch/put_in_existing_epochs (0.00s)
        --- PASS: TestPruningStorer_PutInEpoch/put_in_existing_epochs/get_from_their_respective_epochs_should_work (0.00s)
        --- PASS: TestPruningStorer_PutInEpoch/put_in_existing_epochs/get_from_wrong_epochs_should_error (0.00s)
--- PASS: TestPruningStorer_RangeKeys (0.00s)
    --- PASS: TestPruningStorer_RangeKeys/should_not_panic_with_nil_handler (0.00s)
    --- PASS: TestPruningStorer_RangeKeys/should_not_call_handler (0.00s)
--- PASS: TestPruningStorer_GetOldestEpoch (0.00s)
    --- PASS: TestPruningStorer_GetOldestEpoch/should_return_error_if_no_persisters_are_found (0.00s)
    --- PASS: TestPruningStorer_GetOldestEpoch/should_work (0.00s)
--- PASS: TestNewTriePruningStorer (0.00s)
    --- PASS: TestNewTriePruningStorer/empty_args_struct,_should_not_panic (0.00s)
    --- PASS: TestNewTriePruningStorer/should_work (0.00s)
--- PASS: TestTriePruningStorer_RemoveFromAllActiveEpochs (0.00s)
    --- PASS: TestTriePruningStorer_RemoveFromAllActiveEpochs/key_not_present_returns_nil_err (0.00s)
    --- PASS: TestTriePruningStorer_RemoveFromAllActiveEpochs/key_is_removed_from_all_persisters (0.00s)
    --- PASS: TestTriePruningStorer_RemoveFromAllActiveEpochs/no_active_persisters_returns_nil_err (0.00s)
[0;36mDEBUG[0m[2026-03-16 10:14:16.021]   opened serial level db persister         [0;36mpath[0m = TestOnly-Epoch_0/Shard_0/id [0;36mcreated pointer[0m = 0xc00078e000 [0;36mglobal db counter[0m = 1 [0;36mNewSerialDB[0m = 0.0025s [0;36mmkdirAll[0m = 0.0001s [0;36mopenLevelDB[0m = 0.0023s 
[0;36mDEBUG[0m[2026-03-16 10:14:16.021]   appended a pruning active persister      [0;36mepoch[0m = 0 [0;36midentifier[0m = id 
[0;36mDEBUG[0m[2026-03-16 10:14:16.021]   MonitorNewCache                          [0;36mname[0m =  [0;36mcapacity[0m = 0 B [0;36mcumulated[0m = 0 B 
[0;36mDEBUG[0m[2026-03-16 10:14:16.021]   PruningStorer - change epoch             [0;36munit[0m = id [0;36mepoch[0m = 1 [0;36mbytes in cache[0m = 0 
[0;36mDEBUG[0m[2026-03-16 10:14:16.024]   opened serial level db persister         [0;36mpath[0m = TestOnly-Epoch_1/Shard_0/id [0;36mcreated pointer[0m = 0xc00078e380 [0;36mglobal db counter[0m = 2 [0;36mNewSerialDB[0m = 0.0028s [0;36mmkdirAll[0m = 0.0001s [0;36mopenLevelDB[0m = 0.0027s 
[0;36mDEBUG[0m[2026-03-16 10:14:16.024]   PruningStorer.processPersistersToClose   [0;36mepochs to close[0m = [] [0;36mbefore process[0m = [1 0] [0;36mafter process[0m = [1 0] 
[0;36mDEBUG[0m[2026-03-16 10:14:16.025]   PruningStorer - change epoch             [0;36munit[0m = id [0;36mepoch[0m = 2 [0;36mbytes in cache[0m = 0 
[0;36mDEBUG[0m[2026-03-16 10:14:16.028]   opened serial level db persister         [0;36mpath[0m = TestOnly-Epoch_2/Shard_0/id [0;36mcreated pointer[0m = 0xc00073e380 [0;36mglobal db counter[0m = 3 [0;36mNewSerialDB[0m = 0.0032s [0;36mmkdirAll[0m = 0.0001s [0;36mopenLevelDB[0m = 0.0030s 
[0;36mDEBUG[0m[2026-03-16 10:14:16.028]   PruningStorer.processPersistersToClose   [0;36mepochs to close[0m = [0] [0;36mbefore process[0m = [2 1 0] [0;36mafter process[0m = [2 1] 
[0;36mDEBUG[0m[2026-03-16 10:14:16.029]   makeDbPointerNilReturningLast            [0;36mpath[0m = TestOnly-Epoch_0/Shard_0/id [0;36mnilled pointer[0m = 0xc00078e000 [0;36mglobal db counter[0m = 2 
[0;36mDEBUG[0m[2026-03-16 10:14:16.029]   processLoop - closing the leveldb process loop [0;36mpath[0m = TestOnly-Epoch_0/Shard_0/id 
[0;36mDEBUG[0m[2026-03-16 10:14:16.029]   batchTimeoutHandle - closing             [0;36mpath[0m = TestOnly-Epoch_0/Shard_0/id 
[0;36mDEBUG[0m[2026-03-16 10:14:16.030]   PruningStorer - change epoch             [0;36munit[0m = id [0;36mepoch[0m = 3 [0;36mbytes in cache[0m = 0 
[0;36mDEBUG[0m[2026-03-16 10:14:16.033]   opened serial level db persister         [0;36mpath[0m = TestOnly-Epoch_3/Shard_0/id [0;36mcreated pointer[0m = 0xc00073ee00 [0;36mglobal db counter[0m = 3 [0;36mNewSerialDB[0m = 0.0031s [0;36mmkdirAll[0m = 0.0001s [0;36mopenLevelDB[0m = 0.0030s 
[0;36mDEBUG[0m[2026-03-16 10:14:16.033]   PruningStorer.processPersistersToClose   [0;36mepochs to close[0m = [1] [0;36mbefore process[0m = [3 2 1] [0;36mafter process[0m = [3 2] 
[0;36mDEBUG[0m[2026-03-16 10:14:16.034]   makeDbPointerNilReturningLast            [0;36mpath[0m = TestOnly-Epoch_1/Shard_0/id [0;36mnilled pointer[0m = 0xc00078e380 [0;36mglobal db counter[0m = 2 
[0;36mDEBUG[0m[2026-03-16 10:14:16.034]   processLoop - closing the leveldb process loop [0;36mpath[0m = TestOnly-Epoch_1/Shard_0/id 
[0;36mDEBUG[0m[2026-03-16 10:14:16.034]   batchTimeoutHandle - closing             [0;36mpath[0m = TestOnly-Epoch_1/Shard_0/id 
[0;36mDEBUG[0m[2026-03-16 10:14:16.035]   PruningStorer - change epoch             [0;36munit[0m = id [0;36mepoch[0m = 4 [0;36mbytes in cache[0m = 0 
[0;36mDEBUG[0m[2026-03-16 10:14:16.037]   opened serial level db persister         [0;36mpath[0m = TestOnly-Epoch_4/Shard_0/id [0;36mcreated pointer[0m = 0xc00078e540 [0;36mglobal db counter[0m = 3 [0;36mNewSerialDB[0m = 0.0023s [0;36mmkdirAll[0m = 0.0001s [0;36mopenLevelDB[0m = 0.0022s 
[0;36mDEBUG[0m[2026-03-16 10:14:16.037]   PruningStorer.processPersistersToClose   [0;36mepochs to close[0m = [2] [0;36mbefore process[0m = [4 3 2] [0;36mafter process[0m = [4 3] 
[0;36mDEBUG[0m[2026-03-16 10:14:16.038]   makeDbPointerNilReturningLast            [0;36mpath[0m = TestOnly-Epoch_2/Shard_0/id [0;36mnilled pointer[0m = 0xc00073e380 [0;36mglobal db counter[0m = 2 
[0;36mDEBUG[0m[2026-03-16 10:14:16.038]   batchTimeoutHandle - closing             [0;36mpath[0m = TestOnly-Epoch_2/Shard_0/id 
[0;36mDEBUG[0m[2026-03-16 10:14:16.038]   processLoop - closing the leveldb process loop [0;36mpath[0m = TestOnly-Epoch_2/Shard_0/id 
[0;36mDEBUG[0m[2026-03-16 10:14:16.039]   PruningStorer - change epoch             [0;36munit[0m = id [0;36mepoch[0m = 5 [0;36mbytes in cache[0m = 0 
[0;36mDEBUG[0m[2026-03-16 10:14:16.041]   opened serial level db persister         [0;36mpath[0m = TestOnly-Epoch_5/Shard_0/id [0;36mcreated pointer[0m = 0xc00073f880 [0;36mglobal db counter[0m = 3 [0;36mNewSerialDB[0m = 0.0023s [0;36mmkdirAll[0m = 0.0001s [0;36mopenLevelDB[0m = 0.0022s 
[0;36mDEBUG[0m[2026-03-16 10:14:16.041]   PruningStorer.processPersistersToClose   [0;36mepochs to close[0m = [3] [0;36mbefore process[0m = [5 4 3] [0;36mafter process[0m = [5 4] 
[0;36mDEBUG[0m[2026-03-16 10:14:16.042]   makeDbPointerNilReturningLast            [0;36mpath[0m = TestOnly-Epoch_3/Shard_0/id [0;36mnilled pointer[0m = 0xc00073ee00 [0;36mglobal db counter[0m = 2 
[0;36mDEBUG[0m[2026-03-16 10:14:16.042]   processLoop - closing the leveldb process loop [0;36mpath[0m = TestOnly-Epoch_3/Shard_0/id 
[0;36mDEBUG[0m[2026-03-16 10:14:16.042]   batchTimeoutHandle - closing             [0;36mpath[0m = TestOnly-Epoch_3/Shard_0/id 
[0;36mDEBUG[0m[2026-03-16 10:14:16.043]   PruningStorer - change epoch             [0;36munit[0m = id [0;36mepoch[0m = 6 [0;36mbytes in cache[0m = 0 
[0;36mDEBUG[0m[2026-03-16 10:14:16.047]   opened serial level db persister         [0;36mpath[0m = TestOnly-Epoch_6/Shard_0/id [0;36mcreated pointer[0m = 0xc000a0a8c0 [0;36mglobal db counter[0m = 3 [0;36mNewSerialDB[0m = 0.0039s [0;36mmkdirAll[0m = 0.0001s [0;36mopenLevelDB[0m = 0.0038s 
[0;36mDEBUG[0m[2026-03-16 10:14:16.047]   PruningStorer.processPersistersToClose   [0;36mepochs to close[0m = [4] [0;36mbefore process[0m = [6 5 4] [0;36mafter process[0m = [6 5] 
[0;36mDEBUG[0m[2026-03-16 10:14:16.047]   makeDbPointerNilReturningLast            [0;36mpath[0m = TestOnly-Epoch_4/Shard_0/id [0;36mnilled pointer[0m = 0xc00078e540 [0;36mglobal db counter[0m = 2 
[0;36mDEBUG[0m[2026-03-16 10:14:16.047]   processLoop - closing the leveldb process loop [0;36mpath[0m = TestOnly-Epoch_4/Shard_0/id 
[0;36mDEBUG[0m[2026-03-16 10:14:16.047]   batchTimeoutHandle - closing             [0;36mpath[0m = TestOnly-Epoch_4/Shard_0/id 
[0;36mDEBUG[0m[2026-03-16 10:14:16.048]   PruningStorer - change epoch             [0;36munit[0m = id [0;36mepoch[0m = 7 [0;36mbytes in cache[0m = 0 
[0;36mDEBUG[0m[2026-03-16 10:14:16.051]   opened serial level db persister         [0;36mpath[0m = TestOnly-Epoch_7/Shard_0/id [0;36mcreated pointer[0m = 0xc00078e700 [0;36mglobal db counter[0m = 3 [0;36mNewSerialDB[0m = 0.0026s [0;36mmkdirAll[0m = 0.0001s [0;36mopenLevelDB[0m = 0.0025s 
[0;36mDEBUG[0m[2026-03-16 10:14:16.051]   PruningStorer.processPersistersToClose   [0;36mepochs to close[0m = [5] [0;36mbefore process[0m = [7 6 5] [0;36mafter process[0m = [7 6] 
[0;36mDEBUG[0m[2026-03-16 10:14:16.051]   makeDbPointerNilReturningLast            [0;36mpath[0m = TestOnly-Epoch_5/Shard_0/id [0;36mnilled pointer[0m = 0xc00073f880 [0;36mglobal db counter[0m = 2 
[0;36mDEBUG[0m[2026-03-16 10:14:16.051]   processLoop - closing the leveldb process loop [0;36mpath[0m = TestOnly-Epoch_5/Shard_0/id 
[0;36mDEBUG[0m[2026-03-16 10:14:16.051]   batchTimeoutHandle - closing             [0;36mpath[0m = TestOnly-Epoch_5/Shard_0/id 
[0;36mDEBUG[0m[2026-03-16 10:14:16.053]   PruningStorer - change epoch             [0;36munit[0m = id [0;36mepoch[0m = 8 [0;36mbytes in cache[0m = 0 
[0;36mDEBUG[0m[2026-03-16 10:14:16.055]   opened serial level db persister         [0;36mpath[0m = TestOnly-Epoch_8/Shard_0/id [0;36mcreated pointer[0m = 0xc000173a40 [0;36mglobal db counter[0m = 3 [0;36mNewSerialDB[0m = 0.0023s [0;36mmkdirAll[0m = 0.0001s [0;36mopenLevelDB[0m = 0.0022s 
[0;36mDEBUG[0m[2026-03-16 10:14:16.055]   PruningStorer.processPersistersToClose   [0;36mepochs to close[0m = [6] [0;36mbefore process[0m = [8 7 6] [0;36mafter process[0m = [8 7] 
[0;36mDEBUG[0m[2026-03-16 10:14:16.055]   makeDbPointerNilReturningLast            [0;36mpath[0m = TestOnly-Epoch_6/Shard_0/id [0;36mnilled pointer[0m = 0xc000a0a8c0 [0;36mglobal db counter[0m = 2 
[0;36mDEBUG[0m[2026-03-16 10:14:16.055]   processLoop - closing the leveldb process loop [0;36mpath[0m = TestOnly-Epoch_6/Shard_0/id 
[0;36mDEBUG[0m[2026-03-16 10:14:16.055]   batchTimeoutHandle - closing             [0;36mpath[0m = TestOnly-Epoch_6/Shard_0/id 
[0;36mDEBUG[0m[2026-03-16 10:14:16.056]   PruningStorer - change epoch             [0;36munit[0m = id [0;36mepoch[0m = 9 [0;36mbytes in cache[0m = 0 
[0;36mDEBUG[0m[2026-03-16 10:14:16.060]   opened serial level db persister         [0;36mpath[0m = TestOnly-Epoch_9/Shard_0/id [0;36mcreated pointer[0m = 0xc0002ea1c0 [0;36mglobal db counter[0m = 3 [0;36mNewSerialDB[0m = 0.0032s [0;36mmkdirAll[0m = 0.0001s [0;36mopenLevelDB[0m = 0.0030s 
[0;36mDEBUG[0m[2026-03-16 10:14:16.060]   PruningStorer.processPersistersToClose   [0;36mepochs to close[0m = [7] [0;36mbefore process[0m = [9 8 7] [0;36mafter process[0m = [9 8] 
[0;36mDEBUG[0m[2026-03-16 10:14:16.060]   makeDbPointerNilReturningLast            [0;36mpath[0m = TestOnly-Epoch_7/Shard_0/id [0;36mnilled pointer[0m = 0xc00078e700 [0;36mglobal db counter[0m = 2 
[0;36mDEBUG[0m[2026-03-16 10:14:16.060]   processLoop - closing the leveldb process loop [0;36mpath[0m = TestOnly-Epoch_7/Shard_0/id 
[0;36mDEBUG[0m[2026-03-16 10:14:16.060]   batchTimeoutHandle - closing             [0;36mpath[0m = TestOnly-Epoch_7/Shard_0/id 
[0;36mDEBUG[0m[2026-03-16 10:14:16.061]   PruningStorer - change epoch             [0;36munit[0m = id [0;36mepoch[0m = 10 [0;36mbytes in cache[0m = 0 
[0;36mDEBUG[0m[2026-03-16 10:14:16.065]   opened serial level db persister         [0;36mpath[0m = TestOnly-Epoch_10/Shard_0/id [0;36mcreated pointer[0m = 0xc00078ea80 [0;36mglobal db counter[0m = 3 [0;36mNewSerialDB[0m = 0.0036s [0;36mmkdirAll[0m = 0.0001s [0;36mopenLevelDB[0m = 0.0034s 
[0;36mDEBUG[0m[2026-03-16 10:14:16.065]   PruningStorer.processPersistersToClose   [0;36mepochs to close[0m = [8] [0;36mbefore process[0m = [10 9 8] [0;36mafter process[0m = [10 9] 
[0;36mDEBUG[0m[2026-03-16 10:14:16.065]   makeDbPointerNilReturningLast            [0;36mpath[0m = TestOnly-Epoch_8/Shard_0/id [0;36mnilled pointer[0m = 0xc000173a40 [0;36mglobal db counter[0m = 2 
[0;36mDEBUG[0m[2026-03-16 10:14:16.065]   processLoop - closing the leveldb process loop [0;36mpath[0m = TestOnly-Epoch_8/Shard_0/id 
[0;36mDEBUG[0m[2026-03-16 10:14:16.065]   batchTimeoutHandle - closing             [0;36mpath[0m = TestOnly-Epoch_8/Shard_0/id 
[0;36mDEBUG[0m[2026-03-16 10:14:16.067]   PruningStorer - change epoch             [0;36munit[0m = id [0;36mepoch[0m = 11 [0;36mbytes in cache[0m = 0 
[0;36mDEBUG[0m[2026-03-16 10:14:16.069]   opened serial level db persister         [0;36mpath[0m = TestOnly-Epoch_11/Shard_0/id [0;36mcreated pointer[0m = 0xc00078ec40 [0;36mglobal db counter[0m = 3 [0;36mNewSerialDB[0m = 0.0027s [0;36mmkdirAll[0m = 0.0002s [0;36mopenLevelDB[0m = 0.0025s 
[0;36mDEBUG[0m[2026-03-16 10:14:16.069]   PruningStorer.processPersistersToClose   [0;36mepochs to close[0m = [9] [0;36mbefore process[0m = [11 10 9] [0;36mafter process[0m = [11 10] 
[0;36mDEBUG[0m[2026-03-16 10:14:16.070]   makeDbPointerNilReturningLast            [0;36mpath[0m = TestOnly-Epoch_9/Shard_0/id [0;36mnilled pointer[0m = 0xc0002ea1c0 [0;36mglobal db counter[0m = 2 
[0;36mDEBUG[0m[2026-03-16 10:14:16.070]   batchTimeoutHandle - closing             [0;36mpath[0m = TestOnly-Epoch_9/Shard_0/id 
[0;36mDEBUG[0m[2026-03-16 10:14:16.070]   processLoop - closing the leveldb process loop [0;36mpath[0m = TestOnly-Epoch_9/Shard_0/id 
[0;36mDEBUG[0m[2026-03-16 10:14:16.071]   PruningStorer - change epoch             [0;36munit[0m = id [0;36mepoch[0m = 12 [0;36mbytes in cache[0m = 0 
[0;36mDEBUG[0m[2026-03-16 10:14:16.073]   opened serial level db persister         [0;36mpath[0m = TestOnly-Epoch_12/Shard_0/id [0;36mcreated pointer[0m = 0xc0002ea380 [0;36mglobal db counter[0m = 3 [0;36mNewSerialDB[0m = 0.0022s [0;36mmkdirAll[0m = 0.0001s [0;36mopenLevelDB[0m = 0.0021s 
[0;36mDEBUG[0m[2026-03-16 10:14:16.073]   PruningStorer.processPersistersToClose   [0;36mepochs to close[0m = [10] [0;36mbefore process[0m = [12 11 10] [0;36mafter process[0m = [12 11] 
[0;36mDEBUG[0m[2026-03-16 10:14:16.074]   makeDbPointerNilReturningLast            [0;36mpath[0m = TestOnly-Epoch_10/Shard_0/id [0;36mnilled pointer[0m = 0xc00078ea80 [0;36mglobal db counter[0m = 2 
[0;36mDEBUG[0m[2026-03-16 10:14:16.074]   processLoop - closing the leveldb process loop [0;36mpath[0m = TestOnly-Epoch_10/Shard_0/id 
[0;36mDEBUG[0m[2026-03-16 10:14:16.074]   batchTimeoutHandle - closing             [0;36mpath[0m = TestOnly-Epoch_10/Shard_0/id 
[0;36mDEBUG[0m[2026-03-16 10:14:16.075]   PruningStorer - change epoch             [0;36munit[0m = id [0;36mepoch[0m = 13 [0;36mbytes in cache[0m = 0 
[0;36mDEBUG[0m[2026-03-16 10:14:16.077]   opened serial level db persister         [0;36mpath[0m = TestOnly-Epoch_13/Shard_0/id [0;36mcreated pointer[0m = 0xc000917340 [0;36mglobal db counter[0m = 3 [0;36mNewSerialDB[0m = 0.0026s [0;36mmkdirAll[0m = 0.0001s [0;36mopenLevelDB[0m = 0.0025s 
[0;36mDEBUG[0m[2026-03-16 10:14:16.077]   PruningStorer.processPersistersToClose   [0;36mepochs to close[0m = [11] [0;36mbefore process[0m = [13 12 11] [0;36mafter process[0m = [13 12] 
[0;36mDEBUG[0m[2026-03-16 10:14:16.078]   processLoop - closing the leveldb process loop [0;36mpath[0m = TestOnly-Epoch_11/Shard_0/id 
[0;36mDEBUG[0m[2026-03-16 10:14:16.078]   makeDbPointerNilReturningLast            [0;36mpath[0m = TestOnly-Epoch_11/Shard_0/id [0;36mnilled pointer[0m = 0xc00078ec40 [0;36mglobal db counter[0m = 2 
[0;36mDEBUG[0m[2026-03-16 10:14:16.078]   batchTimeoutHandle - closing             [0;36mpath[0m = TestOnly-Epoch_11/Shard_0/id 
[0;36mDEBUG[0m[2026-03-16 10:14:16.079]   PruningStorer - change epoch             [0;36munit[0m = id [0;36mepoch[0m = 14 [0;36mbytes in cache[0m = 0 
[0;36mDEBUG[0m[2026-03-16 10:14:16.082]   opened serial level db persister         [0;36mpath[0m = TestOnly-Epoch_14/Shard_0/id [0;36mcreated pointer[0m = 0xc00078efc0 [0;36mglobal db counter[0m = 3 [0;36mNewSerialDB[0m = 0.0026s [0;36mmkdirAll[0m = 0.0001s [0;36mopenLevelDB[0m = 0.0024s 
[0;36mDEBUG[0m[2026-03-16 10:14:16.082]   PruningStorer.processPersistersToClose   [0;36mepochs to close[0m = [12] [0;36mbefore process[0m = [14 13 12] [0;36mafter process[0m = [14 13] 
[0;36mDEBUG[0m[2026-03-16 10:14:16.082]   makeDbPointerNilReturningLast            [0;36mpath[0m = TestOnly-Epoch_12/Shard_0/id [0;36mnilled pointer[0m = 0xc0002ea380 [0;36mglobal db counter[0m = 2 
[0;36mDEBUG[0m[2026-03-16 10:14:16.082]   processLoop - closing the leveldb process loop [0;36mpath[0m = TestOnly-Epoch_12/Shard_0/id 
[0;36mDEBUG[0m[2026-03-16 10:14:16.082]   batchTimeoutHandle - closing             [0;36mpath[0m = TestOnly-Epoch_12/Shard_0/id 
[0;36mDEBUG[0m[2026-03-16 10:14:16.083]   PruningStorer - change epoch             [0;36munit[0m = id [0;36mepoch[0m = 15 [0;36mbytes in cache[0m = 0 
[0;36mDEBUG[0m[2026-03-16 10:14:16.086]   opened serial level db persister         [0;36mpath[0m = TestOnly-Epoch_15/Shard_0/id [0;36mcreated pointer[0m = 0xc00078e8c0 [0;36mglobal db counter[0m = 3 [0;36mNewSerialDB[0m = 0.0024s [0;36mmkdirAll[0m = 0.0002s [0;36mopenLevelDB[0m = 0.0023s 
[0;36mDEBUG[0m[2026-03-16 10:14:16.086]   PruningStorer.processPersistersToClose   [0;36mepochs to close[0m = [13] [0;36mbefore process[0m = [15 14 13] [0;36mafter process[0m = [15 14] 
[0;36mDEBUG[0m[2026-03-16 10:14:16.086]   makeDbPointerNilReturningLast            [0;36mpath[0m = TestOnly-Epoch_13/Shard_0/id [0;36mnilled pointer[0m = 0xc000917340 [0;36mglobal db counter[0m = 2 
[0;36mDEBUG[0m[2026-03-16 10:14:16.086]   processLoop - closing the leveldb process loop [0;36mpath[0m = TestOnly-Epoch_13/Shard_0/id 
[0;36mDEBUG[0m[2026-03-16 10:14:16.086]   batchTimeoutHandle - closing             [0;36mpath[0m = TestOnly-Epoch_13/Shard_0/id 
[0;36mDEBUG[0m[2026-03-16 10:14:16.087]   PruningStorer - change epoch             [0;36munit[0m = id [0;36mepoch[0m = 16 [0;36mbytes in cache[0m = 0 
[0;36mDEBUG[0m[2026-03-16 10:14:16.090]   opened serial level db persister         [0;36mpath[0m = TestOnly-Epoch_16/Shard_0/id [0;36mcreated pointer[0m = 0xc0009176c0 [0;36mglobal db counter[0m = 3 [0;36mNewSerialDB[0m = 0.0030s [0;36mmkdirAll[0m = 0.0002s [0;36mopenLevelDB[0m = 0.0028s 
[0;36mDEBUG[0m[2026-03-16 10:14:16.090]   PruningStorer.processPersistersToClose   [0;36mepochs to close[0m = [14] [0;36mbefore process[0m = [16 15 14] [0;36mafter process[0m = [16 15] 
[0;36mDEBUG[0m[2026-03-16 10:14:16.091]   makeDbPointerNilReturningLast            [0;36mpath[0m = TestOnly-Epoch_14/Shard_0/id [0;36mnilled pointer[0m = 0xc00078efc0 [0;36mglobal db counter[0m = 2 
[0;36mDEBUG[0m[2026-03-16 10:14:16.091]   processLoop - closing the leveldb process loop [0;36mpath[0m = TestOnly-Epoch_14/Shard_0/id 
[0;36mDEBUG[0m[2026-03-16 10:14:16.091]   batchTimeoutHandle - closing             [0;36mpath[0m = TestOnly-Epoch_14/Shard_0/id 
[0;36mDEBUG[0m[2026-03-16 10:14:16.092]   PruningStorer - change epoch             [0;36munit[0m = id [0;36mepoch[0m = 17 [0;36mbytes in cache[0m = 0 
[0;36mDEBUG[0m[2026-03-16 10:14:16.095]   opened serial level db persister         [0;36mpath[0m = TestOnly-Epoch_17/Shard_0/id [0;36mcreated pointer[0m = 0xc00078fdc0 [0;36mglobal db counter[0m = 3 [0;36mNewSerialDB[0m = 0.0028s [0;36mmkdirAll[0m = 0.0002s [0;36mopenLevelDB[0m = 0.0026s 
[0;36mDEBUG[0m[2026-03-16 10:14:16.095]   PruningStorer.processPersistersToClose   [0;36mepochs to close[0m = [15] [0;36mbefore process[0m = [17 16 15] [0;36mafter process[0m = [17 16] 
[0;36mDEBUG[0m[2026-03-16 10:14:16.095]   makeDbPointerNilReturningLast            [0;36mpath[0m = TestOnly-Epoch_15/Shard_0/id [0;36mnilled pointer[0m = 0xc00078e8c0 [0;36mglobal db counter[0m = 2 
[0;36mDEBUG[0m[2026-03-16 10:14:16.095]   processLoop - closing the leveldb process loop [0;36mpath[0m = TestOnly-Epoch_15/Shard_0/id 
[0;36mDEBUG[0m[2026-03-16 10:14:16.095]   batchTimeoutHandle - closing             [0;36mpath[0m = TestOnly-Epoch_15/Shard_0/id 
[0;36mDEBUG[0m[2026-03-16 10:14:16.096]   PruningStorer - change epoch             [0;36munit[0m = id [0;36mepoch[0m = 18 [0;36mbytes in cache[0m = 0 
[0;36mDEBUG[0m[2026-03-16 10:14:16.099]   opened serial level db persister         [0;36mpath[0m = TestOnly-Epoch_18/Shard_0/id [0;36mcreated pointer[0m = 0xc000917a40 [0;36mglobal db counter[0m = 3 [0;36mNewSerialDB[0m = 0.0028s [0;36mmkdirAll[0m = 0.0001s [0;36mopenLevelDB[0m = 0.0026s 
[0;36mDEBUG[0m[2026-03-16 10:14:16.099]   PruningStorer.processPersistersToClose   [0;36mepochs to close[0m = [16] [0;36mbefore process[0m = [18 17 16] [0;36mafter process[0m = [18 17] 
[0;36mDEBUG[0m[2026-03-16 10:14:16.100]   makeDbPointerNilReturningLast            [0;36mpath[0m = TestOnly-Epoch_16/Shard_0/id [0;36mnilled pointer[0m = 0xc0009176c0 [0;36mglobal db counter[0m = 2 
[0;36mDEBUG[0m[2026-03-16 10:14:16.100]   processLoop - closing the leveldb process loop [0;36mpath[0m = TestOnly-Epoch_16/Shard_0/id 
[0;36mDEBUG[0m[2026-03-16 10:14:16.100]   batchTimeoutHandle - closing             [0;36mpath[0m = TestOnly-Epoch_16/Shard_0/id 
[0;36mDEBUG[0m[2026-03-16 10:14:16.101]   PruningStorer - change epoch             [0;36munit[0m = id [0;36mepoch[0m = 19 [0;36mbytes in cache[0m = 0 
[0;36mDEBUG[0m[2026-03-16 10:14:16.104]   opened serial level db persister         [0;36mpath[0m = TestOnly-Epoch_19/Shard_0/id [0;36mcreated pointer[0m = 0xc000917c00 [0;36mglobal db counter[0m = 3 [0;36mNewSerialDB[0m = 0.0029s [0;36mmkdirAll[0m = 0.0001s [0;36mopenLevelDB[0m = 0.0028s 
[0;36mDEBUG[0m[2026-03-16 10:14:16.104]   PruningStorer.processPersistersToClose   [0;36mepochs to close[0m = [17] [0;36mbefore process[0m = [19 18 17] [0;36mafter process[0m = [19 18] 
[0;36mDEBUG[0m[2026-03-16 10:14:16.104]   makeDbPointerNilReturningLast            [0;36mpath[0m = TestOnly-Epoch_17/Shard_0/id [0;36mnilled pointer[0m = 0xc00078fdc0 [0;36mglobal db counter[0m = 2 
[0;36mDEBUG[0m[2026-03-16 10:14:16.104]   processLoop - closing the leveldb process loop [0;36mpath[0m = TestOnly-Epoch_17/Shard_0/id 
[0;36mDEBUG[0m[2026-03-16 10:14:16.104]   batchTimeoutHandle - closing             [0;36mpath[0m = TestOnly-Epoch_17/Shard_0/id 
[0;36mDEBUG[0m[2026-03-16 10:14:16.105]   PruningStorer - change epoch             [0;36munit[0m = id [0;36mepoch[0m = 20 [0;36mbytes in cache[0m = 0 
[0;36mDEBUG[0m[2026-03-16 10:14:16.108]   opened serial level db persister         [0;36mpath[0m = TestOnly-Epoch_20/Shard_0/id [0;36mcreated pointer[0m = 0xc0002eaa80 [0;36mglobal db counter[0m = 3 [0;36mNewSerialDB[0m = 0.0024s [0;36mmkdirAll[0m = 0.0001s [0;36mopenLevelDB[0m = 0.0023s 
[0;36mDEBUG[0m[2026-03-16 10:14:16.108]   PruningStorer.processPersistersToClose   [0;36mepochs to close[0m = [18] [0;36mbefore process[0m = [20 19 18] [0;36mafter process[0m = [20 19] 
[0;36mDEBUG[0m[2026-03-16 10:14:16.108]   processLoop - closing the leveldb process loop [0;36mpath[0m = TestOnly-Epoch_18/Shard_0/id 
[0;36mDEBUG[0m[2026-03-16 10:14:16.108]   makeDbPointerNilReturningLast            [0;36mpath[0m = TestOnly-Epoch_18/Shard_0/id [0;36mnilled pointer[0m = 0xc000917a40 [0;36mglobal db counter[0m = 2 
[0;36mDEBUG[0m[2026-03-16 10:14:16.108]   batchTimeoutHandle - closing             [0;36mpath[0m = TestOnly-Epoch_18/Shard_0/id 
[0;36mDEBUG[0m[2026-03-16 10:14:16.109]   PruningStorer - change epoch             [0;36munit[0m = id [0;36mepoch[0m = 21 [0;36mbytes in cache[0m = 0 
[0;36mDEBUG[0m[2026-03-16 10:14:16.112]   opened serial level db persister         [0;36mpath[0m = TestOnly-Epoch_21/Shard_0/id [0;36mcreated pointer[0m = 0xc00078ee00 [0;36mglobal db counter[0m = 3 [0;36mNewSerialDB[0m = 0.0023s [0;36mmkdirAll[0m = 0.0001s [0;36mopenLevelDB[0m = 0.0022s 
[0;36mDEBUG[0m[2026-03-16 10:14:16.112]   PruningStorer.processPersistersToClose   [0;36mepochs to close[0m = [19] [0;36mbefore process[0m = [21 20 19] [0;36mafter process[0m = [21 20] 
[0;36mDEBUG[0m[2026-03-16 10:14:16.112]   makeDbPointerNilReturningLast            [0;36mpath[0m = TestOnly-Epoch_19/Shard_0/id [0;36mnilled pointer[0m = 0xc000917c00 [0;36mglobal db counter[0m = 2 
[0;36mDEBUG[0m[2026-03-16 10:14:16.112]   processLoop - closing the leveldb process loop [0;36mpath[0m = TestOnly-Epoch_19/Shard_0/id 
[0;36mDEBUG[0m[2026-03-16 10:14:16.112]   batchTimeoutHandle - closing             [0;36mpath[0m = TestOnly-Epoch_19/Shard_0/id 
[0;36mDEBUG[0m[2026-03-16 10:14:16.113]   PruningStorer - change epoch             [0;36munit[0m = id [0;36mepoch[0m = 22 [0;36mbytes in cache[0m = 0 
[0;36mDEBUG[0m[2026-03-16 10:14:16.116]   opened serial level db persister         [0;36mpath[0m = TestOnly-Epoch_22/Shard_0/id [0;36mcreated pointer[0m = 0xc0002eae00 [0;36mglobal db counter[0m = 3 [0;36mNewSerialDB[0m = 0.0025s [0;36mmkdirAll[0m = 0.0001s [0;36mopenLevelDB[0m = 0.0024s 
[0;36mDEBUG[0m[2026-03-16 10:14:16.116]   PruningStorer.processPersistersToClose   [0;36mepochs to close[0m = [20] [0;36mbefore process[0m = [22 21 20] [0;36mafter process[0m = [22 21] 
[0;36mDEBUG[0m[2026-03-16 10:14:16.116]   makeDbPointerNilReturningLast            [0;36mpath[0m = TestOnly-Epoch_20/Shard_0/id [0;36mnilled pointer[0m = 0xc0002eaa80 [0;36mglobal db counter[0m = 2 
[0;36mDEBUG[0m[2026-03-16 10:14:16.116]   processLoop - closing the leveldb process loop [0;36mpath[0m = TestOnly-Epoch_20/Shard_0/id 
[0;36mDEBUG[0m[2026-03-16 10:14:16.116]   batchTimeoutHandle - closing             [0;36mpath[0m = TestOnly-Epoch_20/Shard_0/id 
[0;36mDEBUG[0m[2026-03-16 10:14:16.117]   PruningStorer - change epoch             [0;36munit[0m = id [0;36mepoch[0m = 23 [0;36mbytes in cache[0m = 0 
[0;36mDEBUG[0m[2026-03-16 10:14:16.120]   opened serial level db persister         [0;36mpath[0m = TestOnly-Epoch_23/Shard_0/id [0;36mcreated pointer[0m = 0xc0002eafc0 [0;36mglobal db counter[0m = 3 [0;36mNewSerialDB[0m = 0.0029s [0;36mmkdirAll[0m = 0.0001s [0;36mopenLevelDB[0m = 0.0027s 
[0;36mDEBUG[0m[2026-03-16 10:14:16.120]   PruningStorer.processPersistersToClose   [0;36mepochs to close[0m = [21] [0;36mbefore process[0m = [23 22 21] [0;36mafter process[0m = [23 22] 
[0;36mDEBUG[0m[2026-03-16 10:14:16.121]   makeDbPointerNilReturningLast            [0;36mpath[0m = TestOnly-Epoch_21/Shard_0/id [0;36mnilled pointer[0m = 0xc00078ee00 [0;36mglobal db counter[0m = 2 
[0;36mDEBUG[0m[2026-03-16 10:14:16.121]   processLoop - closing the leveldb process loop [0;36mpath[0m = TestOnly-Epoch_21/Shard_0/id 
[0;36mDEBUG[0m[2026-03-16 10:14:16.121]   batchTimeoutHandle - closing             [0;36mpath[0m = TestOnly-Epoch_21/Shard_0/id 
[0;36mDEBUG[0m[2026-03-16 10:14:16.122]   PruningStorer - change epoch             [0;36munit[0m = id [0;36mepoch[0m = 24 [0;36mbytes in cache[0m = 0 
[0;36mDEBUG[0m[2026-03-16 10:14:16.125]   opened serial level db persister         [0;36mpath[0m = TestOnly-Epoch_24/Shard_0/id [0;36mcreated pointer[0m = 0xc00078fc00 [0;36mglobal db counter[0m = 3 [0;36mNewSerialDB[0m = 0.0025s [0;36mmkdirAll[0m = 0.0002s [0;36mopenLevelDB[0m = 0.0023s 
[0;36mDEBUG[0m[2026-03-16 10:14:16.125]   PruningStorer.processPersistersToClose   [0;36mepochs to close[0m = [22] [0;36mbefore process[0m = [24 23 22] [0;36mafter process[0m = [24 23] 
[0;36mDEBUG[0m[2026-03-16 10:14:16.125]   makeDbPointerNilReturningLast            [0;36mpath[0m = TestOnly-Epoch_22/Shard_0/id [0;36mnilled pointer[0m = 0xc0002eae00 [0;36mglobal db counter[0m = 2 
[0;36mDEBUG[0m[2026-03-16 10:14:16.125]   processLoop - closing the leveldb process loop [0;36mpath[0m = TestOnly-Epoch_22/Shard_0/id 
[0;36mDEBUG[0m[2026-03-16 10:14:16.125]   batchTimeoutHandle - closing             [0;36mpath[0m = TestOnly-Epoch_22/Shard_0/id 
[0;36mDEBUG[0m[2026-03-16 10:14:16.126]   PruningStorer - change epoch             [0;36munit[0m = id [0;36mepoch[0m = 25 [0;36mbytes in cache[0m = 0 
[0;36mDEBUG[0m[2026-03-16 10:14:16.129]   opened serial level db persister         [0;36mpath[0m = TestOnly-Epoch_25/Shard_0/id [0;36mcreated pointer[0m = 0xc000917880 [0;36mglobal db counter[0m = 3 [0;36mNewSerialDB[0m = 0.0024s [0;36mmkdirAll[0m = 0.0001s [0;36mopenLevelDB[0m = 0.0023s 
[0;36mDEBUG[0m[2026-03-16 10:14:16.129]   PruningStorer.processPersistersToClose   [0;36mepochs to close[0m = [23] [0;36mbefore process[0m = [25 24 23] [0;36mafter process[0m = [25 24] 
[0;36mDEBUG[0m[2026-03-16 10:14:16.129]   makeDbPointerNilReturningLast            [0;36mpath[0m = TestOnly-Epoch_23/Shard_0/id [0;36mnilled pointer[0m = 0xc0002eafc0 [0;36mglobal db counter[0m = 2 
[0;36mDEBUG[0m[2026-03-16 10:14:16.129]   processLoop - closing the leveldb process loop [0;36mpath[0m = TestOnly-Epoch_23/Shard_0/id 
[0;36mDEBUG[0m[2026-03-16 10:14:16.129]   batchTimeoutHandle - closing             [0;36mpath[0m = TestOnly-Epoch_23/Shard_0/id 
[0;36mDEBUG[0m[2026-03-16 10:14:16.130]   PruningStorer - change epoch             [0;36munit[0m = id [0;36mepoch[0m = 26 [0;36mbytes in cache[0m = 0 
[0;36mDEBUG[0m[2026-03-16 10:14:16.134]   opened serial level db persister         [0;36mpath[0m = TestOnly-Epoch_26/Shard_0/id [0;36mcreated pointer[0m = 0xc000a0bdc0 [0;36mglobal db counter[0m = 3 [0;36mNewSerialDB[0m = 0.0039s [0;36mmkdirAll[0m = 0.0001s [0;36mopenLevelDB[0m = 0.0038s 
[0;36mDEBUG[0m[2026-03-16 10:14:16.134]   PruningStorer.processPersistersToClose   [0;36mepochs to close[0m = [24] [0;36mbefore process[0m = [26 25 24] [0;36mafter process[0m = [26 25] 
[0;36mDEBUG[0m[2026-03-16 10:14:16.135]   makeDbPointerNilReturningLast            [0;36mpath[0m = TestOnly-Epoch_24/Shard_0/id [0;36mnilled pointer[0m = 0xc00078fc00 [0;36mglobal db counter[0m = 2 
[0;36mDEBUG[0m[2026-03-16 10:14:16.135]   processLoop - closing the leveldb process loop [0;36mpath[0m = TestOnly-Epoch_24/Shard_0/id 
[0;36mDEBUG[0m[2026-03-16 10:14:16.135]   batchTimeoutHandle - closing             [0;36mpath[0m = TestOnly-Epoch_24/Shard_0/id 
[0;36mDEBUG[0m[2026-03-16 10:14:16.136]   PruningStorer - change epoch             [0;36munit[0m = id [0;36mepoch[0m = 27 [0;36mbytes in cache[0m = 0 
[0;36mDEBUG[0m[2026-03-16 10:14:16.139]   opened serial level db persister         [0;36mpath[0m = TestOnly-Epoch_27/Shard_0/id [0;36mcreated pointer[0m = 0xc000917dc0 [0;36mglobal db counter[0m = 3 [0;36mNewSerialDB[0m = 0.0029s [0;36mmkdirAll[0m = 0.0001s [0;36mopenLevelDB[0m = 0.0028s 
[0;36mDEBUG[0m[2026-03-16 10:14:16.139]   PruningStorer.processPersistersToClose   [0;36mepochs to close[0m = [25] [0;36mbefore process[0m = [27 26 25] [0;36mafter process[0m = [27 26] 
[0;36mDEBUG[0m[2026-03-16 10:14:16.140]   makeDbPointerNilReturningLast            [0;36mpath[0m = TestOnly-Epoch_25/Shard_0/id [0;36mnilled pointer[0m = 0xc000917880 [0;36mglobal db counter[0m = 2 
[0;36mDEBUG[0m[2026-03-16 10:14:16.141]   processLoop - closing the leveldb process loop [0;36mpath[0m = TestOnly-Epoch_25/Shard_0/id 
[0;36mDEBUG[0m[2026-03-16 10:14:16.141]   batchTimeoutHandle - closing             [0;36mpath[0m = TestOnly-Epoch_25/Shard_0/id 
[0;36mDEBUG[0m[2026-03-16 10:14:16.142]   PruningStorer - change epoch             [0;36munit[0m = id [0;36mepoch[0m = 28 [0;36mbytes in cache[0m = 0 
[0;36mDEBUG[0m[2026-03-16 10:14:16.146]   opened serial level db persister         [0;36mpath[0m = TestOnly-Epoch_28/Shard_0/id [0;36mcreated pointer[0m = 0xc00060e000 [0;36mglobal db counter[0m = 3 [0;36mNewSerialDB[0m = 0.0034s [0;36mmkdirAll[0m = 0.0002s [0;36mopenLevelDB[0m = 0.0032s 
[0;36mDEBUG[0m[2026-03-16 10:14:16.146]   PruningStorer.processPersistersToClose   [0;36mepochs to close[0m = [26] [0;36mbefore process[0m = [28 27 26] [0;36mafter process[0m = [28 27] 
[0;36mDEBUG[0m[2026-03-16 10:14:16.147]   makeDbPointerNilReturningLast            [0;36mpath[0m = TestOnly-Epoch_26/Shard_0/id [0;36mnilled pointer[0m = 0xc000a0bdc0 [0;36mglobal db counter[0m = 2 
[0;36mDEBUG[0m[2026-03-16 10:14:16.147]   processLoop - closing the leveldb process loop [0;36mpath[0m = TestOnly-Epoch_26/Shard_0/id 
[0;36mDEBUG[0m[2026-03-16 10:14:16.147]   batchTimeoutHandle - closing             [0;36mpath[0m = TestOnly-Epoch_26/Shard_0/id 
[0;36mDEBUG[0m[2026-03-16 10:14:16.148]   PruningStorer - change epoch             [0;36munit[0m = id [0;36mepoch[0m = 29 [0;36mbytes in cache[0m = 0 
[0;36mDEBUG[0m[2026-03-16 10:14:16.153]   opened serial level db persister         [0;36mpath[0m = TestOnly-Epoch_29/Shard_0/id [0;36mcreated pointer[0m = 0xc00060e380 [0;36mglobal db counter[0m = 3 [0;36mNewSerialDB[0m = 0.0047s [0;36mmkdirAll[0m = 0.0005s [0;36mopenLevelDB[0m = 0.0042s 
[0;36mDEBUG[0m[2026-03-16 10:14:16.153]   PruningStorer.processPersistersToClose   [0;36mepochs to close[0m = [27] [0;36mbefore process[0m = [29 28 27] [0;36mafter process[0m = [29 28] 
[0;36mDEBUG[0m[2026-03-16 10:14:16.157]   makeDbPointerNilReturningLast            [0;36mpath[0m = TestOnly-Epoch_27/Shard_0/id [0;36mnilled pointer[0m = 0xc000917dc0 [0;36mglobal db counter[0m = 2 
[0;36mDEBUG[0m[2026-03-16 10:14:16.157]   processLoop - closing the leveldb process loop [0;36mpath[0m = TestOnly-Epoch_27/Shard_0/id 
[0;36mDEBUG[0m[2026-03-16 10:14:16.157]   batchTimeoutHandle - closing             [0;36mpath[0m = TestOnly-Epoch_27/Shard_0/id 
[0;36mDEBUG[0m[2026-03-16 10:14:16.158]   PruningStorer - change epoch             [0;36munit[0m = id [0;36mepoch[0m = 30 [0;36mbytes in cache[0m = 0 
[0;36mDEBUG[0m[2026-03-16 10:14:16.166]   opened serial level db persister         [0;36mpath[0m = TestOnly-Epoch_30/Shard_0/id [0;36mcreated pointer[0m = 0xc00032a1c0 [0;36mglobal db counter[0m = 3 [0;36mNewSerialDB[0m = 0.0070s [0;36mmkdirAll[0m = 0.0002s [0;36mopenLevelDB[0m = 0.0068s 
[0;36mDEBUG[0m[2026-03-16 10:14:16.166]   PruningStorer.processPersistersToClose   [0;36mepochs to close[0m = [28] [0;36mbefore process[0m = [30 29 28] [0;36mafter process[0m = [30 29] 
[0;36mDEBUG[0m[2026-03-16 10:14:16.166]   makeDbPointerNilReturningLast            [0;36mpath[0m = TestOnly-Epoch_28/Shard_0/id [0;36mnilled pointer[0m = 0xc00060e000 [0;36mglobal db counter[0m = 2 
[0;36mDEBUG[0m[2026-03-16 10:14:16.169]   batchTimeoutHandle - closing             [0;36mpath[0m = TestOnly-Epoch_28/Shard_0/id 
[0;36mDEBUG[0m[2026-03-16 10:14:16.169]   processLoop - closing the leveldb process loop [0;36mpath[0m = TestOnly-Epoch_28/Shard_0/id 
[0;36mDEBUG[0m[2026-03-16 10:14:16.170]   PruningStorer - change epoch             [0;36munit[0m = id [0;36mepoch[0m = 31 [0;36mbytes in cache[0m = 0 
[0;36mDEBUG[0m[2026-03-16 10:14:16.174]   opened serial level db persister         [0;36mpath[0m = TestOnly-Epoch_31/Shard_0/id [0;36mcreated pointer[0m = 0xc00060e540 [0;36mglobal db counter[0m = 3 [0;36mNewSerialDB[0m = 0.0032s [0;36mmkdirAll[0m = 0.0002s [0;36mopenLevelDB[0m = 0.0030s 
[0;36mDEBUG[0m[2026-03-16 10:14:16.174]   PruningStorer.processPersistersToClose   [0;36mepochs to close[0m = [29] [0;36mbefore process[0m = [31 30 29] [0;36mafter process[0m = [31 30] 
[0;36mDEBUG[0m[2026-03-16 10:14:16.174]   makeDbPointerNilReturningLast            [0;36mpath[0m = TestOnly-Epoch_29/Shard_0/id [0;36mnilled pointer[0m = 0xc00060e380 [0;36mglobal db counter[0m = 2 
[0;36mDEBUG[0m[2026-03-16 10:14:16.174]   batchTimeoutHandle - closing             [0;36mpath[0m = TestOnly-Epoch_29/Shard_0/id 
[0;36mDEBUG[0m[2026-03-16 10:14:16.174]   processLoop - closing the leveldb process loop [0;36mpath[0m = TestOnly-Epoch_29/Shard_0/id 
[0;36mDEBUG[0m[2026-03-16 10:14:16.175]   PruningStorer - change epoch             [0;36munit[0m = id [0;36mepoch[0m = 32 [0;36mbytes in cache[0m = 0 
[0;36mDEBUG[0m[2026-03-16 10:14:16.179]   opened serial level db persister         [0;36mpath[0m = TestOnly-Epoch_32/Shard_0/id [0;36mcreated pointer[0m = 0xc00032a540 [0;36mglobal db counter[0m = 3 [0;36mNewSerialDB[0m = 0.0033s [0;36mmkdirAll[0m = 0.0002s [0;36mopenLevelDB[0m = 0.0032s 
[0;36mDEBUG[0m[2026-03-16 10:14:16.179]   PruningStorer.processPersistersToClose   [0;36mepochs to close[0m = [30] [0;36mbefore process[0m = [32 31 30] [0;36mafter process[0m = [32 31] 
[0;36mDEBUG[0m[2026-03-16 10:14:16.179]   makeDbPointerNilReturningLast            [0;36mpath[0m = TestOnly-Epoch_30/Shard_0/id [0;36mnilled pointer[0m = 0xc00032a1c0 [0;36mglobal db counter[0m = 2 
[0;36mDEBUG[0m[2026-03-16 10:14:16.179]   processLoop - closing the leveldb process loop [0;36mpath[0m = TestOnly-Epoch_30/Shard_0/id 
[0;36mDEBUG[0m[2026-03-16 10:14:16.179]   batchTimeoutHandle - closing             [0;36mpath[0m = TestOnly-Epoch_30/Shard_0/id 
[0;36mDEBUG[0m[2026-03-16 10:14:16.183]   PruningStorer - change epoch             [0;36munit[0m = id [0;36mepoch[0m = 33 [0;36mbytes in cache[0m = 0 
[0;36mDEBUG[0m[2026-03-16 10:14:16.187]   opened serial level db persister         [0;36mpath[0m = TestOnly-Epoch_33/Shard_0/id [0;36mcreated pointer[0m = 0xc00060e8c0 [0;36mglobal db counter[0m = 3 [0;36mNewSerialDB[0m = 0.0038s [0;36mmkdirAll[0m = 0.0002s [0;36mopenLevelDB[0m = 0.0036s 
[0;36mDEBUG[0m[2026-03-16 10:14:16.187]   PruningStorer.processPersistersToClose   [0;36mepochs to close[0m = [31] [0;36mbefore process[0m = [33 32 31] [0;36mafter process[0m = [33 32] 
[0;36mDEBUG[0m[2026-03-16 10:14:16.187]   makeDbPointerNilReturningLast            [0;36mpath[0m = TestOnly-Epoch_31/Shard_0/id [0;36mnilled pointer[0m = 0xc00060e540 [0;36mglobal db counter[0m = 2 
[0;36mDEBUG[0m[2026-03-16 10:14:16.187]   processLoop - closing the leveldb process loop [0;36mpath[0m = TestOnly-Epoch_31/Shard_0/id 
[0;36mDEBUG[0m[2026-03-16 10:14:16.187]   batchTimeoutHandle - closing             [0;36mpath[0m = TestOnly-Epoch_31/Shard_0/id 
[0;36mDEBUG[0m[2026-03-16 10:14:16.189]   PruningStorer - change epoch             [0;36munit[0m = id [0;36mepoch[0m = 34 [0;36mbytes in cache[0m = 0 
[0;36mDEBUG[0m[2026-03-16 10:14:16.205]   opened serial level db persister         [0;36mpath[0m = TestOnly-Epoch_34/Shard_0/id [0;36mcreated pointer[0m = 0xc00032a8c0 [0;36mglobal db counter[0m = 3 [0;36mNewSerialDB[0m = 0.0161s [0;36mmkdirAll[0m = 0.0002s [0;36mopenLevelDB[0m = 0.0159s 
[0;36mDEBUG[0m[2026-03-16 10:14:16.205]   PruningStorer.processPersistersToClose   [0;36mepochs to close[0m = [32] [0;36mbefore process[0m = [34 33 32] [0;36mafter process[0m = [34 33] 
[0;36mDEBUG[0m[2026-03-16 10:14:16.207]   makeDbPointerNilReturningLast            [0;36mpath[0m = TestOnly-Epoch_32/Shard_0/id [0;36mnilled pointer[0m = 0xc00032a540 [0;36mglobal db counter[0m = 2 
[0;36mDEBUG[0m[2026-03-16 10:14:16.207]   batchTimeoutHandle - closing             [0;36mpath[0m = TestOnly-Epoch_32/Shard_0/id 
[0;36mDEBUG[0m[2026-03-16 10:14:16.207]   processLoop - closing the leveldb process loop [0;36mpath[0m = TestOnly-Epoch_32/Shard_0/id 
[0;36mDEBUG[0m[2026-03-16 10:14:16.209]   PruningStorer - change epoch             [0;36munit[0m = id [0;36mepoch[0m = 35 [0;36mbytes in cache[0m = 0 
[0;36mDEBUG[0m[2026-03-16 10:14:16.214]   opened serial level db persister         [0;36mpath[0m = TestOnly-Epoch_35/Shard_0/id [0;36mcreated pointer[0m = 0xc00032a380 [0;36mglobal db counter[0m = 3 [0;36mNewSerialDB[0m = 0.0055s [0;36mmkdirAll[0m = 0.0002s [0;36mopenLevelDB[0m = 0.0054s 
[0;36mDEBUG[0m[2026-03-16 10:14:16.214]   PruningStorer.processPersistersToClose   [0;36mepochs to close[0m = [33] [0;36mbefore process[0m = [35 34 33] [0;36mafter process[0m = [35 34] 
[0;36mDEBUG[0m[2026-03-16 10:14:16.215]   makeDbPointerNilReturningLast            [0;36mpath[0m = TestOnly-Epoch_33/Shard_0/id [0;36mnilled pointer[0m = 0xc00060e8c0 [0;36mglobal db counter[0m = 2 
[0;36mDEBUG[0m[2026-03-16 10:14:16.215]   processLoop - closing the leveldb process loop [0;36mpath[0m = TestOnly-Epoch_33/Shard_0/id 
[0;36mDEBUG[0m[2026-03-16 10:14:16.215]   batchTimeoutHandle - closing             [0;36mpath[0m = TestOnly-Epoch_33/Shard_0/id 
[0;36mDEBUG[0m[2026-03-16 10:14:16.216]   PruningStorer - change epoch             [0;36munit[0m = id [0;36mepoch[0m = 36 [0;36mbytes in cache[0m = 0 
[0;36mDEBUG[0m[2026-03-16 10:14:16.219]   opened serial level db persister         [0;36mpath[0m = TestOnly-Epoch_36/Shard_0/id [0;36mcreated pointer[0m = 0xc00060e700 [0;36mglobal db counter[0m = 3 [0;36mNewSerialDB[0m = 0.0032s [0;36mmkdirAll[0m = 0.0001s [0;36mopenLevelDB[0m = 0.0031s 
[0;36mDEBUG[0m[2026-03-16 10:14:16.219]   PruningStorer.processPersistersToClose   [0;36mepochs to close[0m = [34] [0;36mbefore process[0m = [36 35 34] [0;36mafter process[0m = [36 35] 
[0;36mDEBUG[0m[2026-03-16 10:14:16.224]   processLoop - closing the leveldb process loop [0;36mpath[0m = TestOnly-Epoch_34/Shard_0/id 
[0;36mDEBUG[0m[2026-03-16 10:14:16.224]   makeDbPointerNilReturningLast            [0;36mpath[0m = TestOnly-Epoch_34/Shard_0/id [0;36mnilled pointer[0m = 0xc00032a8c0 [0;36mglobal db counter[0m = 2 
[0;36mDEBUG[0m[2026-03-16 10:14:16.224]   batchTimeoutHandle - closing             [0;36mpath[0m = TestOnly-Epoch_34/Shard_0/id 
[0;36mDEBUG[0m[2026-03-16 10:14:16.225]   PruningStorer - change epoch             [0;36munit[0m = id [0;36mepoch[0m = 37 [0;36mbytes in cache[0m = 0 
[0;36mDEBUG[0m[2026-03-16 10:14:16.229]   opened serial level db persister         [0;36mpath[0m = TestOnly-Epoch_37/Shard_0/id [0;36mcreated pointer[0m = 0xc00060ec40 [0;36mglobal db counter[0m = 3 [0;36mNewSerialDB[0m = 0.0040s [0;36mmkdirAll[0m = 0.0001s [0;36mopenLevelDB[0m = 0.0039s 
[0;36mDEBUG[0m[2026-03-16 10:14:16.229]   PruningStorer.processPersistersToClose   [0;36mepochs to close[0m = [35] [0;36mbefore process[0m = [37 36 35] [0;36mafter process[0m = [37 36] 
[0;36mDEBUG[0m[2026-03-16 10:14:16.229]   makeDbPointerNilReturningLast            [0;36mpath[0m = TestOnly-Epoch_35/Shard_0/id [0;36mnilled pointer[0m = 0xc00032a380 [0;36mglobal db counter[0m = 2 
[0;36mDEBUG[0m[2026-03-16 10:14:16.229]   processLoop - closing the leveldb process loop [0;36mpath[0m = TestOnly-Epoch_35/Shard_0/id 
[0;36mDEBUG[0m[2026-03-16 10:14:16.229]   batchTimeoutHandle - closing             [0;36mpath[0m = TestOnly-Epoch_35/Shard_0/id 
[0;36mDEBUG[0m[2026-03-16 10:14:16.230]   PruningStorer - change epoch             [0;36munit[0m = id [0;36mepoch[0m = 38 [0;36mbytes in cache[0m = 0 
[0;36mDEBUG[0m[2026-03-16 10:14:16.236]   opened serial level db persister         [0;36mpath[0m = TestOnly-Epoch_38/Shard_0/id [0;36mcreated pointer[0m = 0xc0002eb880 [0;36mglobal db counter[0m = 3 [0;36mNewSerialDB[0m = 0.0051s [0;36mmkdirAll[0m = 0.0002s [0;36mopenLevelDB[0m = 0.0049s 
[0;36mDEBUG[0m[2026-03-16 10:14:16.236]   PruningStorer.processPersistersToClose   [0;36mepochs to close[0m = [36] [0;36mbefore process[0m = [38 37 36] [0;36mafter process[0m = [38 37] 
[0;36mDEBUG[0m[2026-03-16 10:14:16.236]   makeDbPointerNilReturningLast            [0;36mpath[0m = TestOnly-Epoch_36/Shard_0/id [0;36mnilled pointer[0m = 0xc00060e700 [0;36mglobal db counter[0m = 2 
[0;36mDEBUG[0m[2026-03-16 10:14:16.236]   processLoop - closing the leveldb process loop [0;36mpath[0m = TestOnly-Epoch_36/Shard_0/id 
[0;36mDEBUG[0m[2026-03-16 10:14:16.236]   batchTimeoutHandle - closing             [0;36mpath[0m = TestOnly-Epoch_36/Shard_0/id 
[0;36mDEBUG[0m[2026-03-16 10:14:16.237]   PruningStorer - change epoch             [0;36munit[0m = id [0;36mepoch[0m = 39 [0;36mbytes in cache[0m = 0 
[0;36mDEBUG[0m[2026-03-16 10:14:16.243]   opened serial level db persister         [0;36mpath[0m = TestOnly-Epoch_39/Shard_0/id [0;36mcreated pointer[0m = 0xc0002ebc00 [0;36mglobal db counter[0m = 3 [0;36mNewSerialDB[0m = 0.0051s [0;36mmkdirAll[0m = 0.0003s [0;36mopenLevelDB[0m = 0.0047s 
[0;36mDEBUG[0m[2026-03-16 10:14:16.243]   PruningStorer.processPersistersToClose   [0;36mepochs to close[0m = [37] [0;36mbefore process[0m = [39 38 37] [0;36mafter process[0m = [39 38] 
[0;36mDEBUG[0m[2026-03-16 10:14:16.243]   makeDbPointerNilReturningLast            [0;36mpath[0m = TestOnly-Epoch_37/Shard_0/id [0;36mnilled pointer[0m = 0xc00060ec40 [0;36mglobal db counter[0m = 2 
[0;36mDEBUG[0m[2026-03-16 10:14:16.243]   processLoop - closing the leveldb process loop [0;36mpath[0m = TestOnly-Epoch_37/Shard_0/id 
[0;36mDEBUG[0m[2026-03-16 10:14:16.243]   batchTimeoutHandle - closing             [0;36mpath[0m = TestOnly-Epoch_37/Shard_0/id 
[0;36mDEBUG[0m[2026-03-16 10:14:16.244]   PruningStorer - change epoch             [0;36munit[0m = id [0;36mepoch[0m = 40 [0;36mbytes in cache[0m = 0 
[0;36mDEBUG[0m[2026-03-16 10:14:16.248]   opened serial level db persister         [0;36mpath[0m = TestOnly-Epoch_40/Shard_0/id [0;36mcreated pointer[0m = 0xc00032a000 [0;36mglobal db counter[0m = 3 [0;36mNewSerialDB[0m = 0.0034s [0;36mmkdirAll[0m = 0.0002s [0;36mopenLevelDB[0m = 0.0032s 
[0;36mDEBUG[0m[2026-03-16 10:14:16.248]   PruningStorer.processPersistersToClose   [0;36mepochs to close[0m = [38] [0;36mbefore process[0m = [40 39 38] [0;36mafter process[0m = [40 39] 
[0;36mDEBUG[0m[2026-03-16 10:14:16.249]   makeDbPointerNilReturningLast            [0;36mpath[0m = TestOnly-Epoch_38/Shard_0/id [0;36mnilled pointer[0m = 0xc0002eb880 [0;36mglobal db counter[0m = 2 
[0;36mDEBUG[0m[2026-03-16 10:14:16.249]   processLoop - closing the leveldb process loop [0;36mpath[0m = TestOnly-Epoch_38/Shard_0/id 
[0;36mDEBUG[0m[2026-03-16 10:14:16.249]   batchTimeoutHandle - closing             [0;36mpath[0m = TestOnly-Epoch_38/Shard_0/id 
[0;36mDEBUG[0m[2026-03-16 10:14:16.250]   PruningStorer - change epoch             [0;36munit[0m = id [0;36mepoch[0m = 41 [0;36mbytes in cache[0m = 0 
[0;36mDEBUG[0m[2026-03-16 10:14:16.255]   opened serial level db persister         [0;36mpath[0m = TestOnly-Epoch_41/Shard_0/id [0;36mcreated pointer[0m = 0xc00060ea80 [0;36mglobal db counter[0m = 3 [0;36mNewSerialDB[0m = 0.0047s [0;36mmkdirAll[0m = 0.0002s [0;36mopenLevelDB[0m = 0.0045s 
[0;36mDEBUG[0m[2026-03-16 10:14:16.255]   PruningStorer.processPersistersToClose   [0;36mepochs to close[0m = [39] [0;36mbefore process[0m = [41 40 39] [0;36mafter process[0m = [41 40] 
[0;36mDEBUG[0m[2026-03-16 10:14:16.256]   makeDbPointerNilReturningLast            [0;36mpath[0m = TestOnly-Epoch_39/Shard_0/id [0;36mnilled pointer[0m = 0xc0002ebc00 [0;36mglobal db counter[0m = 2 
[0;36mDEBUG[0m[2026-03-16 10:14:16.256]   batchTimeoutHandle - closing             [0;36mpath[0m = TestOnly-Epoch_39/Shard_0/id 
[0;36mDEBUG[0m[2026-03-16 10:14:16.256]   processLoop - closing the leveldb process loop [0;36mpath[0m = TestOnly-Epoch_39/Shard_0/id 
[0;36mDEBUG[0m[2026-03-16 10:14:16.257]   PruningStorer - change epoch             [0;36munit[0m = id [0;36mepoch[0m = 42 [0;36mbytes in cache[0m = 0 
[0;36mDEBUG[0m[2026-03-16 10:14:16.262]   opened serial level db persister         [0;36mpath[0m = TestOnly-Epoch_42/Shard_0/id [0;36mcreated pointer[0m = 0xc00078e1c0 [0;36mglobal db counter[0m = 3 [0;36mNewSerialDB[0m = 0.0045s [0;36mmkdirAll[0m = 0.0002s [0;36mopenLevelDB[0m = 0.0044s 
[0;36mDEBUG[0m[2026-03-16 10:14:16.262]   PruningStorer.processPersistersToClose   [0;36mepochs to close[0m = [40] [0;36mbefore process[0m = [42 41 40] [0;36mafter process[0m = [42 41] 
[0;36mDEBUG[0m[2026-03-16 10:14:16.263]   batchTimeoutHandle - closing             [0;36mpath[0m = TestOnly-Epoch_40/Shard_0/id 
[0;36mDEBUG[0m[2026-03-16 10:14:16.263]   processLoop - closing the leveldb process loop [0;36mpath[0m = TestOnly-Epoch_40/Shard_0/id 
[0;36mDEBUG[0m[2026-03-16 10:14:16.263]   makeDbPointerNilReturningLast            [0;36mpath[0m = TestOnly-Epoch_40/Shard_0/id [0;36mnilled pointer[0m = 0xc00032a000 [0;36mglobal db counter[0m = 2 
[0;36mDEBUG[0m[2026-03-16 10:14:16.264]   PruningStorer - change epoch             [0;36munit[0m = id [0;36mepoch[0m = 43 [0;36mbytes in cache[0m = 0 
[0;36mDEBUG[0m[2026-03-16 10:14:16.267]   opened serial level db persister         [0;36mpath[0m = TestOnly-Epoch_43/Shard_0/id [0;36mcreated pointer[0m = 0xc00060ee00 [0;36mglobal db counter[0m = 3 [0;36mNewSerialDB[0m = 0.0027s [0;36mmkdirAll[0m = 0.0002s [0;36mopenLevelDB[0m = 0.0026s 
[0;36mDEBUG[0m[2026-03-16 10:14:16.267]   PruningStorer.processPersistersToClose   [0;36mepochs to close[0m = [41] [0;36mbefore process[0m = [43 42 41] [0;36mafter process[0m = [43 42] 
[0;36mDEBUG[0m[2026-03-16 10:14:16.267]   makeDbPointerNilReturningLast            [0;36mpath[0m = TestOnly-Epoch_41/Shard_0/id [0;36mnilled pointer[0m = 0xc00060ea80 [0;36mglobal db counter[0m = 2 
[0;36mDEBUG[0m[2026-03-16 10:14:16.267]   processLoop - closing the leveldb process loop [0;36mpath[0m = TestOnly-Epoch_41/Shard_0/id 
[0;36mDEBUG[0m[2026-03-16 10:14:16.267]   batchTimeoutHandle - closing             [0;36mpath[0m = TestOnly-Epoch_41/Shard_0/id 
[0;36mDEBUG[0m[2026-03-16 10:14:16.268]   PruningStorer - change epoch             [0;36munit[0m = id [0;36mepoch[0m = 44 [0;36mbytes in cache[0m = 0 
[0;36mDEBUG[0m[2026-03-16 10:14:16.272]   opened serial level db persister         [0;36mpath[0m = TestOnly-Epoch_44/Shard_0/id [0;36mcreated pointer[0m = 0xc00032aa80 [0;36mglobal db counter[0m = 3 [0;36mNewSerialDB[0m = 0.0032s [0;36mmkdirAll[0m = 0.0002s [0;36mopenLevelDB[0m = 0.0030s 
[0;36mDEBUG[0m[2026-03-16 10:14:16.272]   PruningStorer.processPersistersToClose   [0;36mepochs to close[0m = [42] [0;36mbefore process[0m = [44 43 42] [0;36mafter process[0m = [44 43] 
[0;36mDEBUG[0m[2026-03-16 10:14:16.272]   makeDbPointerNilReturningLast            [0;36mpath[0m = TestOnly-Epoch_42/Shard_0/id [0;36mnilled pointer[0m = 0xc00078e1c0 [0;36mglobal db counter[0m = 2 
[0;36mDEBUG[0m[2026-03-16 10:14:16.272]   processLoop - closing the leveldb process loop [0;36mpath[0m = TestOnly-Epoch_42/Shard_0/id 
[0;36mDEBUG[0m[2026-03-16 10:14:16.272]   batchTimeoutHandle - closing             [0;36mpath[0m = TestOnly-Epoch_42/Shard_0/id 
[0;36mDEBUG[0m[2026-03-16 10:14:16.274]   PruningStorer - change epoch             [0;36munit[0m = id [0;36mepoch[0m = 45 [0;36mbytes in cache[0m = 0 
[0;36mDEBUG[0m[2026-03-16 10:14:16.277]   opened serial level db persister         [0;36mpath[0m = TestOnly-Epoch_45/Shard_0/id [0;36mcreated pointer[0m = 0xc00032ae00 [0;36mglobal db counter[0m = 3 [0;36mNewSerialDB[0m = 0.0038s [0;36mmkdirAll[0m = 0.0002s [0;36mopenLevelDB[0m = 0.0036s 
[0;36mDEBUG[0m[2026-03-16 10:14:16.277]   PruningStorer.processPersistersToClose   [0;36mepochs to close[0m = [43] [0;36mbefore process[0m = [45 44 43] [0;36mafter process[0m = [45 44] 
[0;36mDEBUG[0m[2026-03-16 10:14:16.278]   makeDbPointerNilReturningLast            [0;36mpath[0m = TestOnly-Epoch_43/Shard_0/id [0;36mnilled pointer[0m = 0xc00060ee00 [0;36mglobal db counter[0m = 2 
[0;36mDEBUG[0m[2026-03-16 10:14:16.278]   batchTimeoutHandle - closing             [0;36mpath[0m = TestOnly-Epoch_43/Shard_0/id 
[0;36mDEBUG[0m[2026-03-16 10:14:16.278]   processLoop - closing the leveldb process loop [0;36mpath[0m = TestOnly-Epoch_43/Shard_0/id 
[0;36mDEBUG[0m[2026-03-16 10:14:16.279]   PruningStorer - change epoch             [0;36munit[0m = id [0;36mepoch[0m = 46 [0;36mbytes in cache[0m = 0 
[0;36mDEBUG[0m[2026-03-16 10:14:16.283]   opened serial level db persister         [0;36mpath[0m = TestOnly-Epoch_46/Shard_0/id [0;36mcreated pointer[0m = 0xc0002eba40 [0;36mglobal db counter[0m = 3 [0;36mNewSerialDB[0m = 0.0039s [0;36mmkdirAll[0m = 0.0002s [0;36mopenLevelDB[0m = 0.0037s 
[0;36mDEBUG[0m[2026-03-16 10:14:16.283]   PruningStorer.processPersistersToClose   [0;36mepochs to close[0m = [44] [0;36mbefore process[0m = [46 45 44] [0;36mafter process[0m = [46 45] 
[0;36mDEBUG[0m[2026-03-16 10:14:16.284]   makeDbPointerNilReturningLast            [0;36mpath[0m = TestOnly-Epoch_44/Shard_0/id [0;36mnilled pointer[0m = 0xc00032aa80 [0;36mglobal db counter[0m = 2 
[0;36mDEBUG[0m[2026-03-16 10:14:16.284]   processLoop - closing the leveldb process loop [0;36mpath[0m = TestOnly-Epoch_44/Shard_0/id 
[0;36mDEBUG[0m[2026-03-16 10:14:16.284]   batchTimeoutHandle - closing             [0;36mpath[0m = TestOnly-Epoch_44/Shard_0/id 
[0;36mDEBUG[0m[2026-03-16 10:14:16.285]   PruningStorer - change epoch             [0;36munit[0m = id [0;36mepoch[0m = 47 [0;36mbytes in cache[0m = 0 
[0;36mDEBUG[0m[2026-03-16 10:14:16.289]   opened serial level db persister         [0;36mpath[0m = TestOnly-Epoch_47/Shard_0/id [0;36mcreated pointer[0m = 0xc00060e1c0 [0;36mglobal db counter[0m = 3 [0;36mNewSerialDB[0m = 0.0035s [0;36mmkdirAll[0m = 0.0002s [0;36mopenLevelDB[0m = 0.0033s 
[0;36mDEBUG[0m[2026-03-16 10:14:16.289]   PruningStorer.processPersistersToClose   [0;36mepochs to close[0m = [45] [0;36mbefore process[0m = [47 46 45] [0;36mafter process[0m = [47 46] 
[0;36mDEBUG[0m[2026-03-16 10:14:16.289]   makeDbPointerNilReturningLast            [0;36mpath[0m = TestOnly-Epoch_45/Shard_0/id [0;36mnilled pointer[0m = 0xc00032ae00 [0;36mglobal db counter[0m = 2 
[0;36mDEBUG[0m[2026-03-16 10:14:16.289]   processLoop - closing the leveldb process loop [0;36mpath[0m = TestOnly-Epoch_45/Shard_0/id 
[0;36mDEBUG[0m[2026-03-16 10:14:16.289]   batchTimeoutHandle - closing             [0;36mpath[0m = TestOnly-Epoch_45/Shard_0/id 
[0;36mDEBUG[0m[2026-03-16 10:14:16.290]   PruningStorer - change epoch             [0;36munit[0m = id [0;36mepoch[0m = 48 [0;36mbytes in cache[0m = 0 
[0;36mDEBUG[0m[2026-03-16 10:14:16.294]   opened serial level db persister         [0;36mpath[0m = TestOnly-Epoch_48/Shard_0/id [0;36mcreated pointer[0m = 0xc00060fc00 [0;36mglobal db counter[0m = 3 [0;36mNewSerialDB[0m = 0.0031s [0;36mmkdirAll[0m = 0.0002s [0;36mopenLevelDB[0m = 0.0029s 
[0;36mDEBUG[0m[2026-03-16 10:14:16.294]   PruningStorer.processPersistersToClose   [0;36mepochs to close[0m = [46] [0;36mbefore process[0m = [48 47 46] [0;36mafter process[0m = [48 47] 
[0;36mDEBUG[0m[2026-03-16 10:14:16.294]   makeDbPointerNilReturningLast            [0;36mpath[0m = TestOnly-Epoch_46/Shard_0/id [0;36mnilled pointer[0m = 0xc0002eba40 [0;36mglobal db counter[0m = 2 
[0;36mDEBUG[0m[2026-03-16 10:14:16.294]   processLoop - closing the leveldb process loop [0;36mpath[0m = TestOnly-Epoch_46/Shard_0/id 
[0;36mDEBUG[0m[2026-03-16 10:14:16.294]   batchTimeoutHandle - closing             [0;36mpath[0m = TestOnly-Epoch_46/Shard_0/id 
[0;36mDEBUG[0m[2026-03-16 10:14:16.295]   PruningStorer - change epoch             [0;36munit[0m = id [0;36mepoch[0m = 49 [0;36mbytes in cache[0m = 0 
[0;36mDEBUG[0m[2026-03-16 10:14:16.298]   opened serial level db persister         [0;36mpath[0m = TestOnly-Epoch_49/Shard_0/id [0;36mcreated pointer[0m = 0xc000917180 [0;36mglobal db counter[0m = 3 [0;36mNewSerialDB[0m = 0.0028s [0;36mmkdirAll[0m = 0.0002s [0;36mopenLevelDB[0m = 0.0026s 
[0;36mDEBUG[0m[2026-03-16 10:14:16.298]   PruningStorer.processPersistersToClose   [0;36mepochs to close[0m = [47] [0;36mbefore process[0m = [49 48 47] [0;36mafter process[0m = [49 48] 
[0;36mDEBUG[0m[2026-03-16 10:14:16.299]   makeDbPointerNilReturningLast            [0;36mpath[0m = TestOnly-Epoch_47/Shard_0/id [0;36mnilled pointer[0m = 0xc00060e1c0 [0;36mglobal db counter[0m = 2 
[0;36mDEBUG[0m[2026-03-16 10:14:16.299]   processLoop - closing the leveldb process loop [0;36mpath[0m = TestOnly-Epoch_47/Shard_0/id 
[0;36mDEBUG[0m[2026-03-16 10:14:16.299]   batchTimeoutHandle - closing             [0;36mpath[0m = TestOnly-Epoch_47/Shard_0/id 
[0;36mDEBUG[0m[2026-03-16 10:14:16.300]   PruningStorer - change epoch             [0;36munit[0m = id [0;36mepoch[0m = 50 [0;36mbytes in cache[0m = 0 
[0;36mDEBUG[0m[2026-03-16 10:14:16.304]   opened serial level db persister         [0;36mpath[0m = TestOnly-Epoch_50/Shard_0/id [0;36mcreated pointer[0m = 0xc0005121c0 [0;36mglobal db counter[0m = 3 [0;36mNewSerialDB[0m = 0.0039s [0;36mmkdirAll[0m = 0.0001s [0;36mopenLevelDB[0m = 0.0038s 
[0;36mDEBUG[0m[2026-03-16 10:14:16.304]   PruningStorer.processPersistersToClose   [0;36mepochs to close[0m = [48] [0;36mbefore process[0m = [50 49 48] [0;36mafter process[0m = [50 49] 
[0;36mDEBUG[0m[2026-03-16 10:14:16.305]   makeDbPointerNilReturningLast            [0;36mpath[0m = TestOnly-Epoch_48/Shard_0/id [0;36mnilled pointer[0m = 0xc00060fc00 [0;36mglobal db counter[0m = 2 
[0;36mDEBUG[0m[2026-03-16 10:14:16.305]   processLoop - closing the leveldb process loop [0;36mpath[0m = TestOnly-Epoch_48/Shard_0/id 
[0;36mDEBUG[0m[2026-03-16 10:14:16.305]   batchTimeoutHandle - closing             [0;36mpath[0m = TestOnly-Epoch_48/Shard_0/id 
[0;36mDEBUG[0m[2026-03-16 10:14:16.306]   PruningStorer - change epoch             [0;36munit[0m = id [0;36mepoch[0m = 51 [0;36mbytes in cache[0m = 0 
[0;36mDEBUG[0m[2026-03-16 10:14:16.310]   opened serial level db persister         [0;36mpath[0m = TestOnly-Epoch_51/Shard_0/id [0;36mcreated pointer[0m = 0xc00032b500 [0;36mglobal db counter[0m = 3 [0;36mNewSerialDB[0m = 0.0041s [0;36mmkdirAll[0m = 0.0002s [0;36mopenLevelDB[0m = 0.0039s 
[0;36mDEBUG[0m[2026-03-16 10:14:16.310]   PruningStorer.processPersistersToClose   [0;36mepochs to close[0m = [49] [0;36mbefore process[0m = [51 50 49] [0;36mafter process[0m = [51 50] 
[0;36mDEBUG[0m[2026-03-16 10:14:16.311]   makeDbPointerNilReturningLast            [0;36mpath[0m = TestOnly-Epoch_49/Shard_0/id [0;36mnilled pointer[0m = 0xc000917180 [0;36mglobal db counter[0m = 2 
[0;36mDEBUG[0m[2026-03-16 10:14:16.311]   processLoop - closing the leveldb process loop [0;36mpath[0m = TestOnly-Epoch_49/Shard_0/id 
[0;36mDEBUG[0m[2026-03-16 10:14:16.311]   batchTimeoutHandle - closing             [0;36mpath[0m = TestOnly-Epoch_49/Shard_0/id 
[0;36mDEBUG[0m[2026-03-16 10:14:16.312]   PruningStorer - change epoch             [0;36munit[0m = id [0;36mepoch[0m = 52 [0;36mbytes in cache[0m = 0 
[0;36mDEBUG[0m[2026-03-16 10:14:16.315]   opened serial level db persister         [0;36mpath[0m = TestOnly-Epoch_52/Shard_0/id [0;36mcreated pointer[0m = 0xc000512540 [0;36mglobal db counter[0m = 3 [0;36mNewSerialDB[0m = 0.0032s [0;36mmkdirAll[0m = 0.0001s [0;36mopenLevelDB[0m = 0.0031s 
[0;36mDEBUG[0m[2026-03-16 10:14:16.315]   PruningStorer.processPersistersToClose   [0;36mepochs to close[0m = [50] [0;36mbefore process[0m = [52 51 50] [0;36mafter process[0m = [52 51] 
[0;36mDEBUG[0m[2026-03-16 10:14:16.316]   makeDbPointerNilReturningLast            [0;36mpath[0m = TestOnly-Epoch_50/Shard_0/id [0;36mnilled pointer[0m = 0xc0005121c0 [0;36mglobal db counter[0m = 2 
[0;36mDEBUG[0m[2026-03-16 10:14:16.316]   batchTimeoutHandle - closing             [0;36mpath[0m = TestOnly-Epoch_50/Shard_0/id 
[0;36mDEBUG[0m[2026-03-16 10:14:16.316]   processLoop - closing the leveldb process loop [0;36mpath[0m = TestOnly-Epoch_50/Shard_0/id 
[0;36mDEBUG[0m[2026-03-16 10:14:16.317]   PruningStorer - change epoch             [0;36munit[0m = id [0;36mepoch[0m = 53 [0;36mbytes in cache[0m = 0 
[0;36mDEBUG[0m[2026-03-16 10:14:16.320]   opened serial level db persister         [0;36mpath[0m = TestOnly-Epoch_53/Shard_0/id [0;36mcreated pointer[0m = 0xc000512c40 [0;36mglobal db counter[0m = 3 [0;36mNewSerialDB[0m = 0.0032s [0;36mmkdirAll[0m = 0.0002s [0;36mopenLevelDB[0m = 0.0030s 
[0;36mDEBUG[0m[2026-03-16 10:14:16.320]   PruningStorer.processPersistersToClose   [0;36mepochs to close[0m = [51] [0;36mbefore process[0m = [53 52 51] [0;36mafter process[0m = [53 52] 
[0;36mDEBUG[0m[2026-03-16 10:14:16.321]   makeDbPointerNilReturningLast            [0;36mpath[0m = TestOnly-Epoch_51/Shard_0/id [0;36mnilled pointer[0m = 0xc00032b500 [0;36mglobal db counter[0m = 2 
[0;36mDEBUG[0m[2026-03-16 10:14:16.321]   processLoop - closing the leveldb process loop [0;36mpath[0m = TestOnly-Epoch_51/Shard_0/id 
[0;36mDEBUG[0m[2026-03-16 10:14:16.321]   batchTimeoutHandle - closing             [0;36mpath[0m = TestOnly-Epoch_51/Shard_0/id 
[0;36mDEBUG[0m[2026-03-16 10:14:16.322]   PruningStorer - change epoch             [0;36munit[0m = id [0;36mepoch[0m = 54 [0;36mbytes in cache[0m = 0 
[0;36mDEBUG[0m[2026-03-16 10:14:16.327]   opened serial level db persister         [0;36mpath[0m = TestOnly-Epoch_54/Shard_0/id [0;36mcreated pointer[0m = 0xc0002ebdc0 [0;36mglobal db counter[0m = 3 [0;36mNewSerialDB[0m = 0.0043s [0;36mmkdirAll[0m = 0.0002s [0;36mopenLevelDB[0m = 0.0041s 
[0;36mDEBUG[0m[2026-03-16 10:14:16.327]   PruningStorer.processPersistersToClose   [0;36mepochs to close[0m = [52] [0;36mbefore process[0m = [54 53 52] [0;36mafter process[0m = [54 53] 
[0;36mDEBUG[0m[2026-03-16 10:14:16.329]   makeDbPointerNilReturningLast            [0;36mpath[0m = TestOnly-Epoch_52/Shard_0/id [0;36mnilled pointer[0m = 0xc000512540 [0;36mglobal db counter[0m = 2 
[0;36mDEBUG[0m[2026-03-16 10:14:16.329]   processLoop - closing the leveldb process loop [0;36mpath[0m = TestOnly-Epoch_52/Shard_0/id 
[0;36mDEBUG[0m[2026-03-16 10:14:16.329]   batchTimeoutHandle - closing             [0;36mpath[0m = TestOnly-Epoch_52/Shard_0/id 
[0;36mDEBUG[0m[2026-03-16 10:14:16.331]   PruningStorer - change epoch             [0;36munit[0m = id [0;36mepoch[0m = 55 [0;36mbytes in cache[0m = 0 
[0;36mDEBUG[0m[2026-03-16 10:14:16.334]   opened serial level db persister         [0;36mpath[0m = TestOnly-Epoch_55/Shard_0/id [0;36mcreated pointer[0m = 0xc000512380 [0;36mglobal db counter[0m = 3 [0;36mNewSerialDB[0m = 0.0033s [0;36mmkdirAll[0m = 0.0002s [0;36mopenLevelDB[0m = 0.0031s 
[0;36mDEBUG[0m[2026-03-16 10:14:16.334]   PruningStorer.processPersistersToClose   [0;36mepochs to close[0m = [53] [0;36mbefore process[0m = [55 54 53] [0;36mafter process[0m = [55 54] 
[0;36mDEBUG[0m[2026-03-16 10:14:16.335]   makeDbPointerNilReturningLast            [0;36mpath[0m = TestOnly-Epoch_53/Shard_0/id [0;36mnilled pointer[0m = 0xc000512c40 [0;36mglobal db counter[0m = 2 
[0;36mDEBUG[0m[2026-03-16 10:14:16.335]   batchTimeoutHandle - closing             [0;36mpath[0m = TestOnly-Epoch_53/Shard_0/id 
[0;36mDEBUG[0m[2026-03-16 10:14:16.335]   processLoop - closing the leveldb process loop [0;36mpath[0m = TestOnly-Epoch_53/Shard_0/id 
[0;36mDEBUG[0m[2026-03-16 10:14:16.336]   PruningStorer - change epoch             [0;36munit[0m = id [0;36mepoch[0m = 56 [0;36mbytes in cache[0m = 0 
[0;36mDEBUG[0m[2026-03-16 10:14:16.339]   opened serial level db persister         [0;36mpath[0m = TestOnly-Epoch_56/Shard_0/id [0;36mcreated pointer[0m = 0xc00060fa40 [0;36mglobal db counter[0m = 3 [0;36mNewSerialDB[0m = 0.0028s [0;36mmkdirAll[0m = 0.0002s [0;36mopenLevelDB[0m = 0.0026s 
[0;36mDEBUG[0m[2026-03-16 10:14:16.339]   PruningStorer.processPersistersToClose   [0;36mepochs to close[0m = [54] [0;36mbefore process[0m = [56 55 54] [0;36mafter process[0m = [56 55] 
[0;36mDEBUG[0m[2026-03-16 10:14:16.341]   makeDbPointerNilReturningLast            [0;36mpath[0m = TestOnly-Epoch_54/Shard_0/id [0;36mnilled pointer[0m = 0xc0002ebdc0 [0;36mglobal db counter[0m = 2 
[0;36mDEBUG[0m[2026-03-16 10:14:16.341]   processLoop - closing the leveldb process loop [0;36mpath[0m = TestOnly-Epoch_54/Shard_0/id 
[0;36mDEBUG[0m[2026-03-16 10:14:16.341]   batchTimeoutHandle - closing             [0;36mpath[0m = TestOnly-Epoch_54/Shard_0/id 
[0;36mDEBUG[0m[2026-03-16 10:14:16.342]   PruningStorer - change epoch             [0;36munit[0m = id [0;36mepoch[0m = 57 [0;36mbytes in cache[0m = 0 
[0;36mDEBUG[0m[2026-03-16 10:14:16.345]   opened serial level db persister         [0;36mpath[0m = TestOnly-Epoch_57/Shard_0/id [0;36mcreated pointer[0m = 0xc000546000 [0;36mglobal db counter[0m = 3 [0;36mNewSerialDB[0m = 0.0028s [0;36mmkdirAll[0m = 0.0002s [0;36mopenLevelDB[0m = 0.0026s 
[0;36mDEBUG[0m[2026-03-16 10:14:16.345]   PruningStorer.processPersistersToClose   [0;36mepochs to close[0m = [55] [0;36mbefore process[0m = [57 56 55] [0;36mafter process[0m = [57 56] 
[0;36mDEBUG[0m[2026-03-16 10:14:16.345]   makeDbPointerNilReturningLast            [0;36mpath[0m = TestOnly-Epoch_55/Shard_0/id [0;36mnilled pointer[0m = 0xc000512380 [0;36mglobal db counter[0m = 2 
[0;36mDEBUG[0m[2026-03-16 10:14:16.345]   processLoop - closing the leveldb process loop [0;36mpath[0m = TestOnly-Epoch_55/Shard_0/id 
[0;36mDEBUG[0m[2026-03-16 10:14:16.345]   batchTimeoutHandle - closing             [0;36mpath[0m = TestOnly-Epoch_55/Shard_0/id 
[0;36mDEBUG[0m[2026-03-16 10:14:16.347]   PruningStorer - change epoch             [0;36munit[0m = id [0;36mepoch[0m = 58 [0;36mbytes in cache[0m = 0 
[0;36mDEBUG[0m[2026-03-16 10:14:16.352]   opened serial level db persister         [0;36mpath[0m = TestOnly-Epoch_58/Shard_0/id [0;36mcreated pointer[0m = 0xc000584000 [0;36mglobal db counter[0m = 3 [0;36mNewSerialDB[0m = 0.0051s [0;36mmkdirAll[0m = 0.0002s [0;36mopenLevelDB[0m = 0.0049s 
[0;36mDEBUG[0m[2026-03-16 10:14:16.352]   PruningStorer.processPersistersToClose   [0;36mepochs to close[0m = [56] [0;36mbefore process[0m = [58 57 56] [0;36mafter process[0m = [58 57] 
[0;36mDEBUG[0m[2026-03-16 10:14:16.352]   makeDbPointerNilReturningLast            [0;36mpath[0m = TestOnly-Epoch_56/Shard_0/id [0;36mnilled pointer[0m = 0xc00060fa40 [0;36mglobal db counter[0m = 2 
[0;36mDEBUG[0m[2026-03-16 10:14:16.352]   processLoop - closing the leveldb process loop [0;36mpath[0m = TestOnly-Epoch_56/Shard_0/id 
[0;36mDEBUG[0m[2026-03-16 10:14:16.352]   batchTimeoutHandle - closing             [0;36mpath[0m = TestOnly-Epoch_56/Shard_0/id 
[0;36mDEBUG[0m[2026-03-16 10:14:16.353]   PruningStorer - change epoch             [0;36munit[0m = id [0;36mepoch[0m = 59 [0;36mbytes in cache[0m = 0 
[0;36mDEBUG[0m[2026-03-16 10:14:16.357]   opened serial level db persister         [0;36mpath[0m = TestOnly-Epoch_59/Shard_0/id [0;36mcreated pointer[0m = 0xc000546380 [0;36mglobal db counter[0m = 3 [0;36mNewSerialDB[0m = 0.0039s [0;36mmkdirAll[0m = 0.0002s [0;36mopenLevelDB[0m = 0.0037s 
[0;36mDEBUG[0m[2026-03-16 10:14:16.357]   PruningStorer.processPersistersToClose   [0;36mepochs to close[0m = [57] [0;36mbefore process[0m = [59 58 57] [0;36mafter process[0m = [59 58] 
[0;36mDEBUG[0m[2026-03-16 10:14:16.358]   makeDbPointerNilReturningLast            [0;36mpath[0m = TestOnly-Epoch_57/Shard_0/id [0;36mnilled pointer[0m = 0xc000546000 [0;36mglobal db counter[0m = 2 
[0;36mDEBUG[0m[2026-03-16 10:14:16.358]   processLoop - closing the leveldb process loop [0;36mpath[0m = TestOnly-Epoch_57/Shard_0/id 
[0;36mDEBUG[0m[2026-03-16 10:14:16.358]   batchTimeoutHandle - closing             [0;36mpath[0m = TestOnly-Epoch_57/Shard_0/id 
[0;36mDEBUG[0m[2026-03-16 10:14:16.359]   PruningStorer - change epoch             [0;36munit[0m = id [0;36mepoch[0m = 60 [0;36mbytes in cache[0m = 0 
[0;36mDEBUG[0m[2026-03-16 10:14:16.363]   opened serial level db persister         [0;36mpath[0m = TestOnly-Epoch_60/Shard_0/id [0;36mcreated pointer[0m = 0xc000584380 [0;36mglobal db counter[0m = 3 [0;36mNewSerialDB[0m = 0.0037s [0;36mmkdirAll[0m = 0.0002s [0;36mopenLevelDB[0m = 0.0035s 
[0;36mDEBUG[0m[2026-03-16 10:14:16.363]   PruningStorer.processPersistersToClose   [0;36mepochs to close[0m = [58] [0;36mbefore process[0m = [60 59 58] [0;36mafter process[0m = [60 59] 
[0;36mDEBUG[0m[2026-03-16 10:14:16.364]   makeDbPointerNilReturningLast            [0;36mpath[0m = TestOnly-Epoch_58/Shard_0/id [0;36mnilled pointer[0m = 0xc000584000 [0;36mglobal db counter[0m = 2 
[0;36mDEBUG[0m[2026-03-16 10:14:16.364]   processLoop - closing the leveldb process loop [0;36mpath[0m = TestOnly-Epoch_58/Shard_0/id 
[0;36mDEBUG[0m[2026-03-16 10:14:16.364]   batchTimeoutHandle - closing             [0;36mpath[0m = TestOnly-Epoch_58/Shard_0/id 
[0;36mDEBUG[0m[2026-03-16 10:14:16.365]   PruningStorer - change epoch             [0;36munit[0m = id [0;36mepoch[0m = 61 [0;36mbytes in cache[0m = 0 
[0;36mDEBUG[0m[2026-03-16 10:14:16.368]   opened serial level db persister         [0;36mpath[0m = TestOnly-Epoch_61/Shard_0/id [0;36mcreated pointer[0m = 0xc000512a80 [0;36mglobal db counter[0m = 3 [0;36mNewSerialDB[0m = 0.0032s [0;36mmkdirAll[0m = 0.0002s [0;36mopenLevelDB[0m = 0.0030s 
[0;36mDEBUG[0m[2026-03-16 10:14:16.368]   PruningStorer.processPersistersToClose   [0;36mepochs to close[0m = [59] [0;36mbefore process[0m = [61 60 59] [0;36mafter process[0m = [61 60] 
[0;36mDEBUG[0m[2026-03-16 10:14:16.369]   makeDbPointerNilReturningLast            [0;36mpath[0m = TestOnly-Epoch_59/Shard_0/id [0;36mnilled pointer[0m = 0xc000546380 [0;36mglobal db counter[0m = 2 
[0;36mDEBUG[0m[2026-03-16 10:14:16.369]   processLoop - closing the leveldb process loop [0;36mpath[0m = TestOnly-Epoch_59/Shard_0/id 
[0;36mDEBUG[0m[2026-03-16 10:14:16.369]   batchTimeoutHandle - closing             [0;36mpath[0m = TestOnly-Epoch_59/Shard_0/id 
[0;36mDEBUG[0m[2026-03-16 10:14:16.370]   PruningStorer - change epoch             [0;36munit[0m = id [0;36mepoch[0m = 62 [0;36mbytes in cache[0m = 0 
[0;36mDEBUG[0m[2026-03-16 10:14:16.375]   opened serial level db persister         [0;36mpath[0m = TestOnly-Epoch_62/Shard_0/id [0;36mcreated pointer[0m = 0xc000546700 [0;36mglobal db counter[0m = 3 [0;36mNewSerialDB[0m = 0.0051s [0;36mmkdirAll[0m = 0.0002s [0;36mopenLevelDB[0m = 0.0049s 
[0;36mDEBUG[0m[2026-03-16 10:14:16.375]   PruningStorer.processPersistersToClose   [0;36mepochs to close[0m = [60] [0;36mbefore process[0m = [62 61 60] [0;36mafter process[0m = [62 61] 
[0;36mDEBUG[0m[2026-03-16 10:14:16.376]   makeDbPointerNilReturningLast            [0;36mpath[0m = TestOnly-Epoch_60/Shard_0/id [0;36mnilled pointer[0m = 0xc000584380 [0;36mglobal db counter[0m = 2 
[0;36mDEBUG[0m[2026-03-16 10:14:16.376]   batchTimeoutHandle - closing             [0;36mpath[0m = TestOnly-Epoch_60/Shard_0/id 
[0;36mDEBUG[0m[2026-03-16 10:14:16.377]   processLoop - closing the leveldb process loop [0;36mpath[0m = TestOnly-Epoch_60/Shard_0/id 
[0;36mDEBUG[0m[2026-03-16 10:14:16.379]   PruningStorer - change epoch             [0;36munit[0m = id [0;36mepoch[0m = 63 [0;36mbytes in cache[0m = 0 
[0;36mDEBUG[0m[2026-03-16 10:14:16.382]   opened serial level db persister         [0;36mpath[0m = TestOnly-Epoch_63/Shard_0/id [0;36mcreated pointer[0m = 0xc000513180 [0;36mglobal db counter[0m = 3 [0;36mNewSerialDB[0m = 0.0034s [0;36mmkdirAll[0m = 0.0002s [0;36mopenLevelDB[0m = 0.0032s 
[0;36mDEBUG[0m[2026-03-16 10:14:16.382]   PruningStorer.processPersistersToClose   [0;36mepochs to close[0m = [61] [0;36mbefore process[0m = [63 62 61] [0;36mafter process[0m = [63 62] 
[0;36mDEBUG[0m[2026-03-16 10:14:16.383]   makeDbPointerNilReturningLast            [0;36mpath[0m = TestOnly-Epoch_61/Shard_0/id [0;36mnilled pointer[0m = 0xc000512a80 [0;36mglobal db counter[0m = 2 
[0;36mDEBUG[0m[2026-03-16 10:14:16.383]   processLoop - closing the leveldb process loop [0;36mpath[0m = TestOnly-Epoch_61/Shard_0/id 
[0;36mDEBUG[0m[2026-03-16 10:14:16.383]   batchTimeoutHandle - closing             [0;36mpath[0m = TestOnly-Epoch_61/Shard_0/id 
[0;36mDEBUG[0m[2026-03-16 10:14:16.384]   PruningStorer - change epoch             [0;36munit[0m = id [0;36mepoch[0m = 64 [0;36mbytes in cache[0m = 0 
[0;36mDEBUG[0m[2026-03-16 10:14:16.387]   opened serial level db persister         [0;36mpath[0m = TestOnly-Epoch_64/Shard_0/id [0;36mcreated pointer[0m = 0xc0005468c0 [0;36mglobal db counter[0m = 3 [0;36mNewSerialDB[0m = 0.0032s [0;36mmkdirAll[0m = 0.0002s [0;36mopenLevelDB[0m = 0.0030s 
[0;36mDEBUG[0m[2026-03-16 10:14:16.388]   PruningStorer.processPersistersToClose   [0;36mepochs to close[0m = [62] [0;36mbefore process[0m = [64 63 62] [0;36mafter process[0m = [64 63] 
[0;36mDEBUG[0m[2026-03-16 10:14:16.388]   makeDbPointerNilReturningLast            [0;36mpath[0m = TestOnly-Epoch_62/Shard_0/id [0;36mnilled pointer[0m = 0xc000546700 [0;36mglobal db counter[0m = 2 
[0;36mDEBUG[0m[2026-03-16 10:14:16.388]   processLoop - closing the leveldb process loop [0;36mpath[0m = TestOnly-Epoch_62/Shard_0/id 
[0;36mDEBUG[0m[2026-03-16 10:14:16.388]   batchTimeoutHandle - closing             [0;36mpath[0m = TestOnly-Epoch_62/Shard_0/id 
[0;36mDEBUG[0m[2026-03-16 10:14:16.390]   PruningStorer - change epoch             [0;36munit[0m = id [0;36mepoch[0m = 65 [0;36mbytes in cache[0m = 0 
[0;36mDEBUG[0m[2026-03-16 10:14:16.393]   opened serial level db persister         [0;36mpath[0m = TestOnly-Epoch_65/Shard_0/id [0;36mcreated pointer[0m = 0xc000584540 [0;36mglobal db counter[0m = 3 [0;36mNewSerialDB[0m = 0.0027s [0;36mmkdirAll[0m = 0.0002s [0;36mopenLevelDB[0m = 0.0025s 
[0;36mDEBUG[0m[2026-03-16 10:14:16.393]   PruningStorer.processPersistersToClose   [0;36mepochs to close[0m = [63] [0;36mbefore process[0m = [65 64 63] [0;36mafter process[0m = [65 64] 
[0;36mDEBUG[0m[2026-03-16 10:14:16.394]   makeDbPointerNilReturningLast            [0;36mpath[0m = TestOnly-Epoch_63/Shard_0/id [0;36mnilled pointer[0m = 0xc000513180 [0;36mglobal db counter[0m = 2 
[0;36mDEBUG[0m[2026-03-16 10:14:16.394]   processLoop - closing the leveldb process loop [0;36mpath[0m = TestOnly-Epoch_63/Shard_0/id 
[0;36mDEBUG[0m[2026-03-16 10:14:16.394]   batchTimeoutHandle - closing             [0;36mpath[0m = TestOnly-Epoch_63/Shard_0/id 
[0;36mDEBUG[0m[2026-03-16 10:14:16.395]   PruningStorer - change epoch             [0;36munit[0m = id [0;36mepoch[0m = 66 [0;36mbytes in cache[0m = 0 
[0;36mDEBUG[0m[2026-03-16 10:14:16.400]   opened serial level db persister         [0;36mpath[0m = TestOnly-Epoch_66/Shard_0/id [0;36mcreated pointer[0m = 0xc0005848c0 [0;36mglobal db counter[0m = 3 [0;36mNewSerialDB[0m = 0.0046s [0;36mmkdirAll[0m = 0.0002s [0;36mopenLevelDB[0m = 0.0044s 
[0;36mDEBUG[0m[2026-03-16 10:14:16.400]   PruningStorer.processPersistersToClose   [0;36mepochs to close[0m = [64] [0;36mbefore process[0m = [66 65 64] [0;36mafter process[0m = [66 65] 
[0;36mDEBUG[0m[2026-03-16 10:14:16.400]   makeDbPointerNilReturningLast            [0;36mpath[0m = TestOnly-Epoch_64/Shard_0/id [0;36mnilled pointer[0m = 0xc0005468c0 [0;36mglobal db counter[0m = 2 
[0;36mDEBUG[0m[2026-03-16 10:14:16.400]   processLoop - closing the leveldb process loop [0;36mpath[0m = TestOnly-Epoch_64/Shard_0/id 
[0;36mDEBUG[0m[2026-03-16 10:14:16.400]   batchTimeoutHandle - closing             [0;36mpath[0m = TestOnly-Epoch_64/Shard_0/id 
[0;36mDEBUG[0m[2026-03-16 10:14:16.402]   PruningStorer - change epoch             [0;36munit[0m = id [0;36mepoch[0m = 67 [0;36mbytes in cache[0m = 0 
[0;36mDEBUG[0m[2026-03-16 10:14:16.408]   opened serial level db persister         [0;36mpath[0m = TestOnly-Epoch_67/Shard_0/id [0;36mcreated pointer[0m = 0xc000584a80 [0;36mglobal db counter[0m = 3 [0;36mNewSerialDB[0m = 0.0060s [0;36mmkdirAll[0m = 0.0002s [0;36mopenLevelDB[0m = 0.0057s 
[0;36mDEBUG[0m[2026-03-16 10:14:16.408]   PruningStorer.processPersistersToClose   [0;36mepochs to close[0m = [65] [0;36mbefore process[0m = [67 66 65] [0;36mafter process[0m = [67 66] 
[0;36mDEBUG[0m[2026-03-16 10:14:16.408]   makeDbPointerNilReturningLast            [0;36mpath[0m = TestOnly-Epoch_65/Shard_0/id [0;36mnilled pointer[0m = 0xc000584540 [0;36mglobal db counter[0m = 2 
[0;36mDEBUG[0m[2026-03-16 10:14:16.408]   processLoop - closing the leveldb process loop [0;36mpath[0m = TestOnly-Epoch_65/Shard_0/id 
[0;36mDEBUG[0m[2026-03-16 10:14:16.408]   batchTimeoutHandle - closing             [0;36mpath[0m = TestOnly-Epoch_65/Shard_0/id 
[0;36mDEBUG[0m[2026-03-16 10:14:16.410]   PruningStorer - change epoch             [0;36munit[0m = id [0;36mepoch[0m = 68 [0;36mbytes in cache[0m = 0 
[0;36mDEBUG[0m[2026-03-16 10:14:16.413]   opened serial level db persister         [0;36mpath[0m = TestOnly-Epoch_68/Shard_0/id [0;36mcreated pointer[0m = 0xc000546540 [0;36mglobal db counter[0m = 3 [0;36mNewSerialDB[0m = 0.0031s [0;36mmkdirAll[0m = 0.0002s [0;36mopenLevelDB[0m = 0.0029s 
[0;36mDEBUG[0m[2026-03-16 10:14:16.413]   PruningStorer.processPersistersToClose   [0;36mepochs to close[0m = [66] [0;36mbefore process[0m = [68 67 66] [0;36mafter process[0m = [68 67] 
[0;36mDEBUG[0m[2026-03-16 10:14:16.413]   makeDbPointerNilReturningLast            [0;36mpath[0m = TestOnly-Epoch_66/Shard_0/id [0;36mnilled pointer[0m = 0xc0005848c0 [0;36mglobal db counter[0m = 2 
[0;36mDEBUG[0m[2026-03-16 10:14:16.413]   processLoop - closing the leveldb process loop [0;36mpath[0m = TestOnly-Epoch_66/Shard_0/id 
[0;36mDEBUG[0m[2026-03-16 10:14:16.413]   batchTimeoutHandle - closing             [0;36mpath[0m = TestOnly-Epoch_66/Shard_0/id 
[0;36mDEBUG[0m[2026-03-16 10:14:16.415]   PruningStorer - change epoch             [0;36munit[0m = id [0;36mepoch[0m = 69 [0;36mbytes in cache[0m = 0 
[0;36mDEBUG[0m[2026-03-16 10:14:16.418]   opened serial level db persister         [0;36mpath[0m = TestOnly-Epoch_69/Shard_0/id [0;36mcreated pointer[0m = 0xc000513340 [0;36mglobal db counter[0m = 3 [0;36mNewSerialDB[0m = 0.0033s [0;36mmkdirAll[0m = 0.0002s [0;36mopenLevelDB[0m = 0.0031s 
[0;36mDEBUG[0m[2026-03-16 10:14:16.418]   PruningStorer.processPersistersToClose   [0;36mepochs to close[0m = [67] [0;36mbefore process[0m = [69 68 67] [0;36mafter process[0m = [69 68] 
[0;36mDEBUG[0m[2026-03-16 10:14:16.418]   makeDbPointerNilReturningLast            [0;36mpath[0m = TestOnly-Epoch_67/Shard_0/id [0;36mnilled pointer[0m = 0xc000584a80 [0;36mglobal db counter[0m = 2 
[0;36mDEBUG[0m[2026-03-16 10:14:16.418]   processLoop - closing the leveldb process loop [0;36mpath[0m = TestOnly-Epoch_67/Shard_0/id 
[0;36mDEBUG[0m[2026-03-16 10:14:16.418]   batchTimeoutHandle - closing             [0;36mpath[0m = TestOnly-Epoch_67/Shard_0/id 
[0;36mDEBUG[0m[2026-03-16 10:14:16.420]   PruningStorer - change epoch             [0;36munit[0m = id [0;36mepoch[0m = 70 [0;36mbytes in cache[0m = 0 
[0;36mDEBUG[0m[2026-03-16 10:14:16.423]   opened serial level db persister         [0;36mpath[0m = TestOnly-Epoch_70/Shard_0/id [0;36mcreated pointer[0m = 0xc000546c40 [0;36mglobal db counter[0m = 3 [0;36mNewSerialDB[0m = 0.0032s [0;36mmkdirAll[0m = 0.0002s [0;36mopenLevelDB[0m = 0.0030s 
[0;36mDEBUG[0m[2026-03-16 10:14:16.423]   PruningStorer.processPersistersToClose   [0;36mepochs to close[0m = [68] [0;36mbefore process[0m = [70 69 68] [0;36mafter process[0m = [70 69] 
[0;36mDEBUG[0m[2026-03-16 10:14:16.423]   makeDbPointerNilReturningLast            [0;36mpath[0m = TestOnly-Epoch_68/Shard_0/id [0;36mnilled pointer[0m = 0xc000546540 [0;36mglobal db counter[0m = 2 
[0;36mDEBUG[0m[2026-03-16 10:14:16.423]   processLoop - closing the leveldb process loop [0;36mpath[0m = TestOnly-Epoch_68/Shard_0/id 
[0;36mDEBUG[0m[2026-03-16 10:14:16.423]   batchTimeoutHandle - closing             [0;36mpath[0m = TestOnly-Epoch_68/Shard_0/id 
[0;36mDEBUG[0m[2026-03-16 10:14:16.425]   PruningStorer - change epoch             [0;36munit[0m = id [0;36mepoch[0m = 71 [0;36mbytes in cache[0m = 0 
[0;36mDEBUG[0m[2026-03-16 10:14:16.427]   opened serial level db persister         [0;36mpath[0m = TestOnly-Epoch_71/Shard_0/id [0;36mcreated pointer[0m = 0xc000584700 [0;36mglobal db counter[0m = 3 [0;36mNewSerialDB[0m = 0.0028s [0;36mmkdirAll[0m = 0.0002s [0;36mopenLevelDB[0m = 0.0026s 
[0;36mDEBUG[0m[2026-03-16 10:14:16.427]   PruningStorer.processPersistersToClose   [0;36mepochs to close[0m = [69] [0;36mbefore process[0m = [71 70 69] [0;36mafter process[0m = [71 70] 
[0;36mDEBUG[0m[2026-03-16 10:14:16.428]   makeDbPointerNilReturningLast            [0;36mpath[0m = TestOnly-Epoch_69/Shard_0/id [0;36mnilled pointer[0m = 0xc000513340 [0;36mglobal db counter[0m = 2 
[0;36mDEBUG[0m[2026-03-16 10:14:16.428]   processLoop - closing the leveldb process loop [0;36mpath[0m = TestOnly-Epoch_69/Shard_0/id 
[0;36mDEBUG[0m[2026-03-16 10:14:16.428]   batchTimeoutHandle - closing             [0;36mpath[0m = TestOnly-Epoch_69/Shard_0/id 
[0;36mDEBUG[0m[2026-03-16 10:14:16.429]   PruningStorer - change epoch             [0;36munit[0m = id [0;36mepoch[0m = 72 [0;36mbytes in cache[0m = 0 
[0;36mDEBUG[0m[2026-03-16 10:14:16.432]   opened serial level db persister         [0;36mpath[0m = TestOnly-Epoch_72/Shard_0/id [0;36mcreated pointer[0m = 0xc000546e00 [0;36mglobal db counter[0m = 3 [0;36mNewSerialDB[0m = 0.0030s [0;36mmkdirAll[0m = 0.0002s [0;36mopenLevelDB[0m = 0.0028s 
[0;36mDEBUG[0m[2026-03-16 10:14:16.432]   PruningStorer.processPersistersToClose   [0;36mepochs to close[0m = [70] [0;36mbefore process[0m = [72 71 70] [0;36mafter process[0m = [72 71] 
[0;36mDEBUG[0m[2026-03-16 10:14:16.433]   makeDbPointerNilReturningLast            [0;36mpath[0m = TestOnly-Epoch_70/Shard_0/id [0;36mnilled pointer[0m = 0xc000546c40 [0;36mglobal db counter[0m = 2 
[0;36mDEBUG[0m[2026-03-16 10:14:16.433]   batchTimeoutHandle - closing             [0;36mpath[0m = TestOnly-Epoch_70/Shard_0/id 
[0;36mDEBUG[0m[2026-03-16 10:14:16.433]   processLoop - closing the leveldb process loop [0;36mpath[0m = TestOnly-Epoch_70/Shard_0/id 
[0;36mDEBUG[0m[2026-03-16 10:14:16.434]   PruningStorer - change epoch             [0;36munit[0m = id [0;36mepoch[0m = 73 [0;36mbytes in cache[0m = 0 
[0;36mDEBUG[0m[2026-03-16 10:14:16.439]   opened serial level db persister         [0;36mpath[0m = TestOnly-Epoch_73/Shard_0/id [0;36mcreated pointer[0m = 0xc000584e00 [0;36mglobal db counter[0m = 3 [0;36mNewSerialDB[0m = 0.0048s [0;36mmkdirAll[0m = 0.0002s [0;36mopenLevelDB[0m = 0.0046s 
[0;36mDEBUG[0m[2026-03-16 10:14:16.439]   PruningStorer.processPersistersToClose   [0;36mepochs to close[0m = [71] [0;36mbefore process[0m = [73 72 71] [0;36mafter process[0m = [73 72] 
[0;36mDEBUG[0m[2026-03-16 10:14:16.440]   makeDbPointerNilReturningLast            [0;36mpath[0m = TestOnly-Epoch_71/Shard_0/id [0;36mnilled pointer[0m = 0xc000584700 [0;36mglobal db counter[0m = 2 
[0;36mDEBUG[0m[2026-03-16 10:14:16.440]   processLoop - closing the leveldb process loop [0;36mpath[0m = TestOnly-Epoch_71/Shard_0/id 
[0;36mDEBUG[0m[2026-03-16 10:14:16.440]   batchTimeoutHandle - closing             [0;36mpath[0m = TestOnly-Epoch_71/Shard_0/id 
[0;36mDEBUG[0m[2026-03-16 10:14:16.441]   PruningStorer - change epoch             [0;36munit[0m = id [0;36mepoch[0m = 74 [0;36mbytes in cache[0m = 0 
[0;36mDEBUG[0m[2026-03-16 10:14:16.446]   opened serial level db persister         [0;36mpath[0m = TestOnly-Epoch_74/Shard_0/id [0;36mcreated pointer[0m = 0xc000513500 [0;36mglobal db counter[0m = 3 [0;36mNewSerialDB[0m = 0.0047s [0;36mmkdirAll[0m = 0.0002s [0;36mopenLevelDB[0m = 0.0045s 
[0;36mDEBUG[0m[2026-03-16 10:14:16.446]   PruningStorer.processPersistersToClose   [0;36mepochs to close[0m = [72] [0;36mbefore process[0m = [74 73 72] [0;36mafter process[0m = [74 73] 
[0;36mDEBUG[0m[2026-03-16 10:14:16.447]   processLoop - closing the leveldb process loop [0;36mpath[0m = TestOnly-Epoch_72/Shard_0/id 
[0;36mDEBUG[0m[2026-03-16 10:14:16.447]   makeDbPointerNilReturningLast            [0;36mpath[0m = TestOnly-Epoch_72/Shard_0/id [0;36mnilled pointer[0m = 0xc000546e00 [0;36mglobal db counter[0m = 2 
[0;36mDEBUG[0m[2026-03-16 10:14:16.447]   batchTimeoutHandle - closing             [0;36mpath[0m = TestOnly-Epoch_72/Shard_0/id 
[0;36mDEBUG[0m[2026-03-16 10:14:16.448]   PruningStorer - change epoch             [0;36munit[0m = id [0;36mepoch[0m = 75 [0;36mbytes in cache[0m = 0 
[0;36mDEBUG[0m[2026-03-16 10:14:16.451]   opened serial level db persister         [0;36mpath[0m = TestOnly-Epoch_75/Shard_0/id [0;36mcreated pointer[0m = 0xc000584c40 [0;36mglobal db counter[0m = 3 [0;36mNewSerialDB[0m = 0.0028s [0;36mmkdirAll[0m = 0.0002s [0;36mopenLevelDB[0m = 0.0026s 
[0;36mDEBUG[0m[2026-03-16 10:14:16.451]   PruningStorer.processPersistersToClose   [0;36mepochs to close[0m = [73] [0;36mbefore process[0m = [75 74 73] [0;36mafter process[0m = [75 74] 
[0;36mDEBUG[0m[2026-03-16 10:14:16.452]   makeDbPointerNilReturningLast            [0;36mpath[0m = TestOnly-Epoch_73/Shard_0/id [0;36mnilled pointer[0m = 0xc000584e00 [0;36mglobal db counter[0m = 2 
[0;36mDEBUG[0m[2026-03-16 10:14:16.452]   processLoop - closing the leveldb process loop [0;36mpath[0m = TestOnly-Epoch_73/Shard_0/id 
[0;36mDEBUG[0m[2026-03-16 10:14:16.452]   batchTimeoutHandle - closing             [0;36mpath[0m = TestOnly-Epoch_73/Shard_0/id 
[0;36mDEBUG[0m[2026-03-16 10:14:16.453]   PruningStorer - change epoch             [0;36munit[0m = id [0;36mepoch[0m = 76 [0;36mbytes in cache[0m = 0 
[0;36mDEBUG[0m[2026-03-16 10:14:16.456]   opened serial level db persister         [0;36mpath[0m = TestOnly-Epoch_76/Shard_0/id [0;36mcreated pointer[0m = 0xc000546a80 [0;36mglobal db counter[0m = 3 [0;36mNewSerialDB[0m = 0.0028s [0;36mmkdirAll[0m = 0.0002s [0;36mopenLevelDB[0m = 0.0026s 
[0;36mDEBUG[0m[2026-03-16 10:14:16.456]   PruningStorer.processPersistersToClose   [0;36mepochs to close[0m = [74] [0;36mbefore process[0m = [76 75 74] [0;36mafter process[0m = [76 75] 
[0;36mDEBUG[0m[2026-03-16 10:14:16.456]   makeDbPointerNilReturningLast            [0;36mpath[0m = TestOnly-Epoch_74/Shard_0/id [0;36mnilled pointer[0m = 0xc000513500 [0;36mglobal db counter[0m = 2 
[0;36mDEBUG[0m[2026-03-16 10:14:16.456]   processLoop - closing the leveldb process loop [0;36mpath[0m = TestOnly-Epoch_74/Shard_0/id 
[0;36mDEBUG[0m[2026-03-16 10:14:16.456]   batchTimeoutHandle - closing             [0;36mpath[0m = TestOnly-Epoch_74/Shard_0/id 
[0;36mDEBUG[0m[2026-03-16 10:14:16.457]   PruningStorer - change epoch             [0;36munit[0m = id [0;36mepoch[0m = 77 [0;36mbytes in cache[0m = 0 
[0;36mDEBUG[0m[2026-03-16 10:14:16.460]   opened serial level db persister         [0;36mpath[0m = TestOnly-Epoch_77/Shard_0/id [0;36mcreated pointer[0m = 0xc000513880 [0;36mglobal db counter[0m = 3 [0;36mNewSerialDB[0m = 0.0027s [0;36mmkdirAll[0m = 0.0002s [0;36mopenLevelDB[0m = 0.0026s 
[0;36mDEBUG[0m[2026-03-16 10:14:16.460]   PruningStorer.processPersistersToClose   [0;36mepochs to close[0m = [75] [0;36mbefore process[0m = [77 76 75] [0;36mafter process[0m = [77 76] 
[0;36mDEBUG[0m[2026-03-16 10:14:16.461]   makeDbPointerNilReturningLast            [0;36mpath[0m = TestOnly-Epoch_75/Shard_0/id [0;36mnilled pointer[0m = 0xc000584c40 [0;36mglobal db counter[0m = 2 
[0;36mDEBUG[0m[2026-03-16 10:14:16.461]   processLoop - closing the leveldb process loop [0;36mpath[0m = TestOnly-Epoch_75/Shard_0/id 
[0;36mDEBUG[0m[2026-03-16 10:14:16.461]   batchTimeoutHandle - closing             [0;36mpath[0m = TestOnly-Epoch_75/Shard_0/id 
[0;36mDEBUG[0m[2026-03-16 10:14:16.462]   PruningStorer - change epoch             [0;36munit[0m = id [0;36mepoch[0m = 78 [0;36mbytes in cache[0m = 0 
[0;36mDEBUG[0m[2026-03-16 10:14:16.467]   opened serial level db persister         [0;36mpath[0m = TestOnly-Epoch_78/Shard_0/id [0;36mcreated pointer[0m = 0xc0005476c0 [0;36mglobal db counter[0m = 3 [0;36mNewSerialDB[0m = 0.0046s [0;36mmkdirAll[0m = 0.0002s [0;36mopenLevelDB[0m = 0.0044s 
[0;36mDEBUG[0m[2026-03-16 10:14:16.467]   PruningStorer.processPersistersToClose   [0;36mepochs to close[0m = [76] [0;36mbefore process[0m = [78 77 76] [0;36mafter process[0m = [78 77] 
[0;36mDEBUG[0m[2026-03-16 10:14:16.467]   makeDbPointerNilReturningLast            [0;36mpath[0m = TestOnly-Epoch_76/Shard_0/id [0;36mnilled pointer[0m = 0xc000546a80 [0;36mglobal db counter[0m = 2 
[0;36mDEBUG[0m[2026-03-16 10:14:16.467]   processLoop - closing the leveldb process loop [0;36mpath[0m = TestOnly-Epoch_76/Shard_0/id 
[0;36mDEBUG[0m[2026-03-16 10:14:16.467]   batchTimeoutHandle - closing             [0;36mpath[0m = TestOnly-Epoch_76/Shard_0/id 
[0;36mDEBUG[0m[2026-03-16 10:14:16.468]   PruningStorer - change epoch             [0;36munit[0m = id [0;36mepoch[0m = 79 [0;36mbytes in cache[0m = 0 
[0;36mDEBUG[0m[2026-03-16 10:14:16.471]   opened serial level db persister         [0;36mpath[0m = TestOnly-Epoch_79/Shard_0/id [0;36mcreated pointer[0m = 0xc0005136c0 [0;36mglobal db counter[0m = 3 [0;36mNewSerialDB[0m = 0.0029s [0;36mmkdirAll[0m = 0.0002s [0;36mopenLevelDB[0m = 0.0027s 
[0;36mDEBUG[0m[2026-03-16 10:14:16.472]   PruningStorer.processPersistersToClose   [0;36mepochs to close[0m = [77] [0;36mbefore process[0m = [79 78 77] [0;36mafter process[0m = [79 78] 
[0;36mDEBUG[0m[2026-03-16 10:14:16.473]   makeDbPointerNilReturningLast            [0;36mpath[0m = TestOnly-Epoch_77/Shard_0/id [0;36mnilled pointer[0m = 0xc000513880 [0;36mglobal db counter[0m = 2 
[0;36mDEBUG[0m[2026-03-16 10:14:16.473]   processLoop - closing the leveldb process loop [0;36mpath[0m = TestOnly-Epoch_77/Shard_0/id 
[0;36mDEBUG[0m[2026-03-16 10:14:16.473]   batchTimeoutHandle - closing             [0;36mpath[0m = TestOnly-Epoch_77/Shard_0/id 
[0;36mDEBUG[0m[2026-03-16 10:14:16.474]   PruningStorer - change epoch             [0;36munit[0m = id [0;36mepoch[0m = 80 [0;36mbytes in cache[0m = 0 
[0;36mDEBUG[0m[2026-03-16 10:14:16.478]   opened serial level db persister         [0;36mpath[0m = TestOnly-Epoch_80/Shard_0/id [0;36mcreated pointer[0m = 0xc000547880 [0;36mglobal db counter[0m = 3 [0;36mNewSerialDB[0m = 0.0037s [0;36mmkdirAll[0m = 0.0002s [0;36mopenLevelDB[0m = 0.0035s 
[0;36mDEBUG[0m[2026-03-16 10:14:16.478]   PruningStorer.processPersistersToClose   [0;36mepochs to close[0m = [78] [0;36mbefore process[0m = [80 79 78] [0;36mafter process[0m = [80 79] 
[0;36mDEBUG[0m[2026-03-16 10:14:16.479]   makeDbPointerNilReturningLast            [0;36mpath[0m = TestOnly-Epoch_78/Shard_0/id [0;36mnilled pointer[0m = 0xc0005476c0 [0;36mglobal db counter[0m = 2 
[0;36mDEBUG[0m[2026-03-16 10:14:16.479]   batchTimeoutHandle - closing             [0;36mpath[0m = TestOnly-Epoch_78/Shard_0/id 
[0;36mDEBUG[0m[2026-03-16 10:14:16.479]   processLoop - closing the leveldb process loop [0;36mpath[0m = TestOnly-Epoch_78/Shard_0/id 
[0;36mDEBUG[0m[2026-03-16 10:14:16.482]   PruningStorer - change epoch             [0;36munit[0m = id [0;36mepoch[0m = 81 [0;36mbytes in cache[0m = 0 
[0;36mDEBUG[0m[2026-03-16 10:14:16.488]   opened serial level db persister         [0;36mpath[0m = TestOnly-Epoch_81/Shard_0/id [0;36mcreated pointer[0m = 0xc000513c00 [0;36mglobal db counter[0m = 3 [0;36mNewSerialDB[0m = 0.0061s [0;36mmkdirAll[0m = 0.0002s [0;36mopenLevelDB[0m = 0.0059s 
[0;36mDEBUG[0m[2026-03-16 10:14:16.488]   PruningStorer.processPersistersToClose   [0;36mepochs to close[0m = [79] [0;36mbefore process[0m = [81 80 79] [0;36mafter process[0m = [81 80] 
[0;36mDEBUG[0m[2026-03-16 10:14:16.489]   makeDbPointerNilReturningLast            [0;36mpath[0m = TestOnly-Epoch_79/Shard_0/id [0;36mnilled pointer[0m = 0xc0005136c0 [0;36mglobal db counter[0m = 2 
[0;36mDEBUG[0m[2026-03-16 10:14:16.489]   processLoop - closing the leveldb process loop [0;36mpath[0m = TestOnly-Epoch_79/Shard_0/id 
[0;36mDEBUG[0m[2026-03-16 10:14:16.489]   batchTimeoutHandle - closing             [0;36mpath[0m = TestOnly-Epoch_79/Shard_0/id 
[0;36mDEBUG[0m[2026-03-16 10:14:16.490]   PruningStorer - change epoch             [0;36munit[0m = id [0;36mepoch[0m = 82 [0;36mbytes in cache[0m = 0 
[0;36mDEBUG[0m[2026-03-16 10:14:16.496]   opened serial level db persister         [0;36mpath[0m = TestOnly-Epoch_82/Shard_0/id [0;36mcreated pointer[0m = 0xc00032bdc0 [0;36mglobal db counter[0m = 3 [0;36mNewSerialDB[0m = 0.0052s [0;36mmkdirAll[0m = 0.0002s [0;36mopenLevelDB[0m = 0.0049s 
[0;36mDEBUG[0m[2026-03-16 10:14:16.496]   PruningStorer.processPersistersToClose   [0;36mepochs to close[0m = [80] [0;36mbefore process[0m = [82 81 80] [0;36mafter process[0m = [82 81] 
[0;36mDEBUG[0m[2026-03-16 10:14:16.496]   makeDbPointerNilReturningLast            [0;36mpath[0m = TestOnly-Epoch_80/Shard_0/id [0;36mnilled pointer[0m = 0xc000547880 [0;36mglobal db counter[0m = 2 
[0;36mDEBUG[0m[2026-03-16 10:14:16.496]   processLoop - closing the leveldb process loop [0;36mpath[0m = TestOnly-Epoch_80/Shard_0/id 
[0;36mDEBUG[0m[2026-03-16 10:14:16.496]   batchTimeoutHandle - closing             [0;36mpath[0m = TestOnly-Epoch_80/Shard_0/id 
[0;36mDEBUG[0m[2026-03-16 10:14:16.497]   PruningStorer - change epoch             [0;36munit[0m = id [0;36mepoch[0m = 83 [0;36mbytes in cache[0m = 0 
[0;36mDEBUG[0m[2026-03-16 10:14:16.502]   opened serial level db persister         [0;36mpath[0m = TestOnly-Epoch_83/Shard_0/id [0;36mcreated pointer[0m = 0xc000547500 [0;36mglobal db counter[0m = 3 [0;36mNewSerialDB[0m = 0.0045s [0;36mmkdirAll[0m = 0.0002s [0;36mopenLevelDB[0m = 0.0043s 
[0;36mDEBUG[0m[2026-03-16 10:14:16.502]   PruningStorer.processPersistersToClose   [0;36mepochs to close[0m = [81] [0;36mbefore process[0m = [83 82 81] [0;36mafter process[0m = [83 82] 
[0;36mDEBUG[0m[2026-03-16 10:14:16.503]   makeDbPointerNilReturningLast            [0;36mpath[0m = TestOnly-Epoch_81/Shard_0/id [0;36mnilled pointer[0m = 0xc000513c00 [0;36mglobal db counter[0m = 2 
[0;36mDEBUG[0m[2026-03-16 10:14:16.503]   processLoop - closing the leveldb process loop [0;36mpath[0m = TestOnly-Epoch_81/Shard_0/id 
[0;36mDEBUG[0m[2026-03-16 10:14:16.503]   batchTimeoutHandle - closing             [0;36mpath[0m = TestOnly-Epoch_81/Shard_0/id 
[0;36mDEBUG[0m[2026-03-16 10:14:16.505]   PruningStorer - change epoch             [0;36munit[0m = id [0;36mepoch[0m = 84 [0;36mbytes in cache[0m = 0 
[0;36mDEBUG[0m[2026-03-16 10:14:16.508]   opened serial level db persister         [0;36mpath[0m = TestOnly-Epoch_84/Shard_0/id [0;36mcreated pointer[0m = 0xc000585340 [0;36mglobal db counter[0m = 3 [0;36mNewSerialDB[0m = 0.0031s [0;36mmkdirAll[0m = 0.0002s [0;36mopenLevelDB[0m = 0.0029s 
[0;36mDEBUG[0m[2026-03-16 10:14:16.508]   PruningStorer.processPersistersToClose   [0;36mepochs to close[0m = [82] [0;36mbefore process[0m = [84 83 82] [0;36mafter process[0m = [84 83] 
[0;36mDEBUG[0m[2026-03-16 10:14:16.509]   makeDbPointerNilReturningLast            [0;36mpath[0m = TestOnly-Epoch_82/Shard_0/id [0;36mnilled pointer[0m = 0xc00032bdc0 [0;36mglobal db counter[0m = 2 
[0;36mDEBUG[0m[2026-03-16 10:14:16.509]   processLoop - closing the leveldb process loop [0;36mpath[0m = TestOnly-Epoch_82/Shard_0/id 
[0;36mDEBUG[0m[2026-03-16 10:14:16.509]   batchTimeoutHandle - closing             [0;36mpath[0m = TestOnly-Epoch_82/Shard_0/id 
[0;36mDEBUG[0m[2026-03-16 10:14:16.512]   PruningStorer - change epoch             [0;36munit[0m = id [0;36mepoch[0m = 85 [0;36mbytes in cache[0m = 0 
[0;36mDEBUG[0m[2026-03-16 10:14:16.516]   opened serial level db persister         [0;36mpath[0m = TestOnly-Epoch_85/Shard_0/id [0;36mcreated pointer[0m = 0xc000513a40 [0;36mglobal db counter[0m = 3 [0;36mNewSerialDB[0m = 0.0034s [0;36mmkdirAll[0m = 0.0002s [0;36mopenLevelDB[0m = 0.0032s 
[0;36mDEBUG[0m[2026-03-16 10:14:16.516]   PruningStorer.processPersistersToClose   [0;36mepochs to close[0m = [83] [0;36mbefore process[0m = [85 84 83] [0;36mafter process[0m = [85 84] 
[0;36mDEBUG[0m[2026-03-16 10:14:16.516]   makeDbPointerNilReturningLast            [0;36mpath[0m = TestOnly-Epoch_83/Shard_0/id [0;36mnilled pointer[0m = 0xc000547500 [0;36mglobal db counter[0m = 2 
[0;36mDEBUG[0m[2026-03-16 10:14:16.516]   processLoop - closing the leveldb process loop [0;36mpath[0m = TestOnly-Epoch_83/Shard_0/id 
[0;36mDEBUG[0m[2026-03-16 10:14:16.516]   batchTimeoutHandle - closing             [0;36mpath[0m = TestOnly-Epoch_83/Shard_0/id 
[0;36mDEBUG[0m[2026-03-16 10:14:16.518]   PruningStorer - change epoch             [0;36munit[0m = id [0;36mepoch[0m = 86 [0;36mbytes in cache[0m = 0 
[0;36mDEBUG[0m[2026-03-16 10:14:16.523]   opened serial level db persister         [0;36mpath[0m = TestOnly-Epoch_86/Shard_0/id [0;36mcreated pointer[0m = 0xc000917500 [0;36mglobal db counter[0m = 3 [0;36mNewSerialDB[0m = 0.0050s [0;36mmkdirAll[0m = 0.0002s [0;36mopenLevelDB[0m = 0.0048s 
[0;36mDEBUG[0m[2026-03-16 10:14:16.523]   PruningStorer.processPersistersToClose   [0;36mepochs to close[0m = [84] [0;36mbefore process[0m = [86 85 84] [0;36mafter process[0m = [86 85] 
[0;36mDEBUG[0m[2026-03-16 10:14:16.523]   makeDbPointerNilReturningLast            [0;36mpath[0m = TestOnly-Epoch_84/Shard_0/id [0;36mnilled pointer[0m = 0xc000585340 [0;36mglobal db counter[0m = 2 
[0;36mDEBUG[0m[2026-03-16 10:14:16.523]   processLoop - closing the leveldb process loop [0;36mpath[0m = TestOnly-Epoch_84/Shard_0/id 
[0;36mDEBUG[0m[2026-03-16 10:14:16.523]   batchTimeoutHandle - closing             [0;36mpath[0m = TestOnly-Epoch_84/Shard_0/id 
[0;36mDEBUG[0m[2026-03-16 10:14:16.524]   PruningStorer - change epoch             [0;36munit[0m = id [0;36mepoch[0m = 87 [0;36mbytes in cache[0m = 0 
[0;36mDEBUG[0m[2026-03-16 10:14:16.528]   opened serial level db persister         [0;36mpath[0m = TestOnly-Epoch_87/Shard_0/id [0;36mcreated pointer[0m = 0xc000585880 [0;36mglobal db counter[0m = 3 [0;36mNewSerialDB[0m = 0.0033s [0;36mmkdirAll[0m = 0.0002s [0;36mopenLevelDB[0m = 0.0031s 
[0;36mDEBUG[0m[2026-03-16 10:14:16.528]   PruningStorer.processPersistersToClose   [0;36mepochs to close[0m = [85] [0;36mbefore process[0m = [87 86 85] [0;36mafter process[0m = [87 86] 
[0;36mDEBUG[0m[2026-03-16 10:14:16.529]   makeDbPointerNilReturningLast            [0;36mpath[0m = TestOnly-Epoch_85/Shard_0/id [0;36mnilled pointer[0m = 0xc000513a40 [0;36mglobal db counter[0m = 2 
[0;36mDEBUG[0m[2026-03-16 10:14:16.529]   processLoop - closing the leveldb process loop [0;36mpath[0m = TestOnly-Epoch_85/Shard_0/id 
[0;36mDEBUG[0m[2026-03-16 10:14:16.529]   batchTimeoutHandle - closing             [0;36mpath[0m = TestOnly-Epoch_85/Shard_0/id 
[0;36mDEBUG[0m[2026-03-16 10:14:16.531]   PruningStorer - change epoch             [0;36munit[0m = id [0;36mepoch[0m = 88 [0;36mbytes in cache[0m = 0 
[0;36mDEBUG[0m[2026-03-16 10:14:16.534]   opened serial level db persister         [0;36mpath[0m = TestOnly-Epoch_88/Shard_0/id [0;36mcreated pointer[0m = 0xc0005d4000 [0;36mglobal db counter[0m = 3 [0;36mNewSerialDB[0m = 0.0031s [0;36mmkdirAll[0m = 0.0002s [0;36mopenLevelDB[0m = 0.0028s 
[0;36mDEBUG[0m[2026-03-16 10:14:16.534]   PruningStorer.processPersistersToClose   [0;36mepochs to close[0m = [86] [0;36mbefore process[0m = [88 87 86] [0;36mafter process[0m = [88 87] 
[0;36mDEBUG[0m[2026-03-16 10:14:16.534]   makeDbPointerNilReturningLast            [0;36mpath[0m = TestOnly-Epoch_86/Shard_0/id [0;36mnilled pointer[0m = 0xc000917500 [0;36mglobal db counter[0m = 2 
[0;36mDEBUG[0m[2026-03-16 10:14:16.535]   processLoop - closing the leveldb process loop [0;36mpath[0m = TestOnly-Epoch_86/Shard_0/id 
[0;36mDEBUG[0m[2026-03-16 10:14:16.535]   batchTimeoutHandle - closing             [0;36mpath[0m = TestOnly-Epoch_86/Shard_0/id 
[0;36mDEBUG[0m[2026-03-16 10:14:16.536]   PruningStorer - change epoch             [0;36munit[0m = id [0;36mepoch[0m = 89 [0;36mbytes in cache[0m = 0 
[0;36mDEBUG[0m[2026-03-16 10:14:16.540]   opened serial level db persister         [0;36mpath[0m = TestOnly-Epoch_89/Shard_0/id [0;36mcreated pointer[0m = 0xc0005441c0 [0;36mglobal db counter[0m = 3 [0;36mNewSerialDB[0m = 0.0045s [0;36mmkdirAll[0m = 0.0004s [0;36mopenLevelDB[0m = 0.0040s 
[0;36mDEBUG[0m[2026-03-16 10:14:16.540]   PruningStorer.processPersistersToClose   [0;36mepochs to close[0m = [87] [0;36mbefore process[0m = [89 88 87] [0;36mafter process[0m = [89 88] 
[0;36mDEBUG[0m[2026-03-16 10:14:16.541]   makeDbPointerNilReturningLast            [0;36mpath[0m = TestOnly-Epoch_87/Shard_0/id [0;36mnilled pointer[0m = 0xc000585880 [0;36mglobal db counter[0m = 2 
[0;36mDEBUG[0m[2026-03-16 10:14:16.541]   processLoop - closing the leveldb process loop [0;36mpath[0m = TestOnly-Epoch_87/Shard_0/id 
[0;36mDEBUG[0m[2026-03-16 10:14:16.541]   batchTimeoutHandle - closing             [0;36mpath[0m = TestOnly-Epoch_87/Shard_0/id 
[0;36mDEBUG[0m[2026-03-16 10:14:16.543]   PruningStorer - change epoch             [0;36munit[0m = id [0;36mepoch[0m = 90 [0;36mbytes in cache[0m = 0 
[0;36mDEBUG[0m[2026-03-16 10:14:16.547]   opened serial level db persister         [0;36mpath[0m = TestOnly-Epoch_90/Shard_0/id [0;36mcreated pointer[0m = 0xc0001701c0 [0;36mglobal db counter[0m = 3 [0;36mNewSerialDB[0m = 0.0041s [0;36mmkdirAll[0m = 0.0002s [0;36mopenLevelDB[0m = 0.0039s 
[0;36mDEBUG[0m[2026-03-16 10:14:16.547]   PruningStorer.processPersistersToClose   [0;36mepochs to close[0m = [88] [0;36mbefore process[0m = [90 89 88] [0;36mafter process[0m = [90 89] 
[0;36mDEBUG[0m[2026-03-16 10:14:16.548]   makeDbPointerNilReturningLast            [0;36mpath[0m = TestOnly-Epoch_88/Shard_0/id [0;36mnilled pointer[0m = 0xc0005d4000 [0;36mglobal db counter[0m = 2 
[0;36mDEBUG[0m[2026-03-16 10:14:16.548]   processLoop - closing the leveldb process loop [0;36mpath[0m = TestOnly-Epoch_88/Shard_0/id 
[0;36mDEBUG[0m[2026-03-16 10:14:16.548]   batchTimeoutHandle - closing             [0;36mpath[0m = TestOnly-Epoch_88/Shard_0/id 
[0;36mDEBUG[0m[2026-03-16 10:14:16.549]   PruningStorer - change epoch             [0;36munit[0m = id [0;36mepoch[0m = 91 [0;36mbytes in cache[0m = 0 
[0;36mDEBUG[0m[2026-03-16 10:14:16.560]   opened serial level db persister         [0;36mpath[0m = TestOnly-Epoch_91/Shard_0/id [0;36mcreated pointer[0m = 0xc000170540 [0;36mglobal db counter[0m = 3 [0;36mNewSerialDB[0m = 0.0111s [0;36mmkdirAll[0m = 0.0002s [0;36mopenLevelDB[0m = 0.0109s 
[0;36mDEBUG[0m[2026-03-16 10:14:16.560]   PruningStorer.processPersistersToClose   [0;36mepochs to close[0m = [89] [0;36mbefore process[0m = [91 90 89] [0;36mafter process[0m = [91 90] 
[0;36mDEBUG[0m[2026-03-16 10:14:16.561]   makeDbPointerNilReturningLast            [0;36mpath[0m = TestOnly-Epoch_89/Shard_0/id [0;36mnilled pointer[0m = 0xc0005441c0 [0;36mglobal db counter[0m = 2 
[0;36mDEBUG[0m[2026-03-16 10:14:16.561]   processLoop - closing the leveldb process loop [0;36mpath[0m = TestOnly-Epoch_89/Shard_0/id 
[0;36mDEBUG[0m[2026-03-16 10:14:16.561]   batchTimeoutHandle - closing             [0;36mpath[0m = TestOnly-Epoch_89/Shard_0/id 
[0;36mDEBUG[0m[2026-03-16 10:14:16.562]   PruningStorer - change epoch             [0;36munit[0m = id [0;36mepoch[0m = 92 [0;36mbytes in cache[0m = 0 
[0;36mDEBUG[0m[2026-03-16 10:14:16.566]   opened serial level db persister         [0;36mpath[0m = TestOnly-Epoch_92/Shard_0/id [0;36mcreated pointer[0m = 0xc000544380 [0;36mglobal db counter[0m = 3 [0;36mNewSerialDB[0m = 0.0041s [0;36mmkdirAll[0m = 0.0002s [0;36mopenLevelDB[0m = 0.0039s 
[0;36mDEBUG[0m[2026-03-16 10:14:16.566]   PruningStorer.processPersistersToClose   [0;36mepochs to close[0m = [90] [0;36mbefore process[0m = [92 91 90] [0;36mafter process[0m = [92 91] 
[0;36mDEBUG[0m[2026-03-16 10:14:16.567]   makeDbPointerNilReturningLast            [0;36mpath[0m = TestOnly-Epoch_90/Shard_0/id [0;36mnilled pointer[0m = 0xc0001701c0 [0;36mglobal db counter[0m = 2 
[0;36mDEBUG[0m[2026-03-16 10:14:16.567]   processLoop - closing the leveldb process loop [0;36mpath[0m = TestOnly-Epoch_90/Shard_0/id 
[0;36mDEBUG[0m[2026-03-16 10:14:16.567]   batchTimeoutHandle - closing             [0;36mpath[0m = TestOnly-Epoch_90/Shard_0/id 
[0;36mDEBUG[0m[2026-03-16 10:14:16.568]   PruningStorer - change epoch             [0;36munit[0m = id [0;36mepoch[0m = 93 [0;36mbytes in cache[0m = 0 
[0;36mDEBUG[0m[2026-03-16 10:14:16.571]   opened serial level db persister         [0;36mpath[0m = TestOnly-Epoch_93/Shard_0/id [0;36mcreated pointer[0m = 0xc0005d41c0 [0;36mglobal db counter[0m = 3 [0;36mNewSerialDB[0m = 0.0034s [0;36mmkdirAll[0m = 0.0002s [0;36mopenLevelDB[0m = 0.0032s 
[0;36mDEBUG[0m[2026-03-16 10:14:16.572]   PruningStorer.processPersistersToClose   [0;36mepochs to close[0m = [91] [0;36mbefore process[0m = [93 92 91] [0;36mafter process[0m = [93 92] 
[0;36mDEBUG[0m[2026-03-16 10:14:16.572]   makeDbPointerNilReturningLast            [0;36mpath[0m = TestOnly-Epoch_91/Shard_0/id [0;36mnilled pointer[0m = 0xc000170540 [0;36mglobal db counter[0m = 2 
[0;36mDEBUG[0m[2026-03-16 10:14:16.572]   batchTimeoutHandle - closing             [0;36mpath[0m = TestOnly-Epoch_91/Shard_0/id 
[0;36mDEBUG[0m[2026-03-16 10:14:16.572]   processLoop - closing the leveldb process loop [0;36mpath[0m = TestOnly-Epoch_91/Shard_0/id 
[0;36mDEBUG[0m[2026-03-16 10:14:16.573]   PruningStorer - change epoch             [0;36munit[0m = id [0;36mepoch[0m = 94 [0;36mbytes in cache[0m = 0 
[0;36mDEBUG[0m[2026-03-16 10:14:16.579]   opened serial level db persister         [0;36mpath[0m = TestOnly-Epoch_94/Shard_0/id [0;36mcreated pointer[0m = 0xc0001708c0 [0;36mglobal db counter[0m = 3 [0;36mNewSerialDB[0m = 0.0052s [0;36mmkdirAll[0m = 0.0002s [0;36mopenLevelDB[0m = 0.0050s 
[0;36mDEBUG[0m[2026-03-16 10:14:16.579]   PruningStorer.processPersistersToClose   [0;36mepochs to close[0m = [92] [0;36mbefore process[0m = [94 93 92] [0;36mafter process[0m = [94 93] 
[0;36mDEBUG[0m[2026-03-16 10:14:16.579]   makeDbPointerNilReturningLast            [0;36mpath[0m = TestOnly-Epoch_92/Shard_0/id [0;36mnilled pointer[0m = 0xc000544380 [0;36mglobal db counter[0m = 2 
[0;36mDEBUG[0m[2026-03-16 10:14:16.579]   processLoop - closing the leveldb process loop [0;36mpath[0m = TestOnly-Epoch_92/Shard_0/id 
[0;36mDEBUG[0m[2026-03-16 10:14:16.579]   batchTimeoutHandle - closing             [0;36mpath[0m = TestOnly-Epoch_92/Shard_0/id 
[0;36mDEBUG[0m[2026-03-16 10:14:16.581]   PruningStorer - change epoch             [0;36munit[0m = id [0;36mepoch[0m = 95 [0;36mbytes in cache[0m = 0 
[0;36mDEBUG[0m[2026-03-16 10:14:16.583]   opened serial level db persister         [0;36mpath[0m = TestOnly-Epoch_95/Shard_0/id [0;36mcreated pointer[0m = 0xc000544540 [0;36mglobal db counter[0m = 3 [0;36mNewSerialDB[0m = 0.0029s [0;36mmkdirAll[0m = 0.0002s [0;36mopenLevelDB[0m = 0.0027s 
[0;36mDEBUG[0m[2026-03-16 10:14:16.584]   PruningStorer.processPersistersToClose   [0;36mepochs to close[0m = [93] [0;36mbefore process[0m = [95 94 93] [0;36mafter process[0m = [95 94] 
[0;36mDEBUG[0m[2026-03-16 10:14:16.584]   makeDbPointerNilReturningLast            [0;36mpath[0m = TestOnly-Epoch_93/Shard_0/id [0;36mnilled pointer[0m = 0xc0005d41c0 [0;36mglobal db counter[0m = 2 
[0;36mDEBUG[0m[2026-03-16 10:14:16.584]   processLoop - closing the leveldb process loop [0;36mpath[0m = TestOnly-Epoch_93/Shard_0/id 
[0;36mDEBUG[0m[2026-03-16 10:14:16.584]   batchTimeoutHandle - closing             [0;36mpath[0m = TestOnly-Epoch_93/Shard_0/id 
[0;36mDEBUG[0m[2026-03-16 10:14:16.585]   PruningStorer - change epoch             [0;36munit[0m = id [0;36mepoch[0m = 96 [0;36mbytes in cache[0m = 0 
[0;36mDEBUG[0m[2026-03-16 10:14:16.588]   opened serial level db persister         [0;36mpath[0m = TestOnly-Epoch_96/Shard_0/id [0;36mcreated pointer[0m = 0xc0005d4540 [0;36mglobal db counter[0m = 3 [0;36mNewSerialDB[0m = 0.0029s [0;36mmkdirAll[0m = 0.0002s [0;36mopenLevelDB[0m = 0.0027s 
[0;36mDEBUG[0m[2026-03-16 10:14:16.588]   PruningStorer.processPersistersToClose   [0;36mepochs to close[0m = [94] [0;36mbefore process[0m = [96 95 94] [0;36mafter process[0m = [96 95] 
[0;36mDEBUG[0m[2026-03-16 10:14:16.589]   makeDbPointerNilReturningLast            [0;36mpath[0m = TestOnly-Epoch_94/Shard_0/id [0;36mnilled pointer[0m = 0xc0001708c0 [0;36mglobal db counter[0m = 2 
[0;36mDEBUG[0m[2026-03-16 10:14:16.589]   processLoop - closing the leveldb process loop [0;36mpath[0m = TestOnly-Epoch_94/Shard_0/id 
[0;36mDEBUG[0m[2026-03-16 10:14:16.589]   batchTimeoutHandle - closing             [0;36mpath[0m = TestOnly-Epoch_94/Shard_0/id 
[0;36mDEBUG[0m[2026-03-16 10:14:16.590]   PruningStorer - change epoch             [0;36munit[0m = id [0;36mepoch[0m = 97 [0;36mbytes in cache[0m = 0 
[0;36mDEBUG[0m[2026-03-16 10:14:16.593]   opened serial level db persister         [0;36mpath[0m = TestOnly-Epoch_97/Shard_0/id [0;36mcreated pointer[0m = 0xc000170380 [0;36mglobal db counter[0m = 3 [0;36mNewSerialDB[0m = 0.0027s [0;36mmkdirAll[0m = 0.0002s [0;36mopenLevelDB[0m = 0.0025s 
[0;36mDEBUG[0m[2026-03-16 10:14:16.593]   PruningStorer.processPersistersToClose   [0;36mepochs to close[0m = [95] [0;36mbefore process[0m = [97 96 95] [0;36mafter process[0m = [97 96] 
[0;36mDEBUG[0m[2026-03-16 10:14:16.593]   makeDbPointerNilReturningLast            [0;36mpath[0m = TestOnly-Epoch_95/Shard_0/id [0;36mnilled pointer[0m = 0xc000544540 [0;36mglobal db counter[0m = 2 
[0;36mDEBUG[0m[2026-03-16 10:14:16.593]   processLoop - closing the leveldb process loop [0;36mpath[0m = TestOnly-Epoch_95/Shard_0/id 
[0;36mDEBUG[0m[2026-03-16 10:14:16.593]   batchTimeoutHandle - closing             [0;36mpath[0m = TestOnly-Epoch_95/Shard_0/id 
[0;36mDEBUG[0m[2026-03-16 10:14:16.595]   PruningStorer - change epoch             [0;36munit[0m = id [0;36mepoch[0m = 98 [0;36mbytes in cache[0m = 0 
[0;36mDEBUG[0m[2026-03-16 10:14:16.599]   opened serial level db persister         [0;36mpath[0m = TestOnly-Epoch_98/Shard_0/id [0;36mcreated pointer[0m = 0xc0002eb6c0 [0;36mglobal db counter[0m = 3 [0;36mNewSerialDB[0m = 0.0039s [0;36mmkdirAll[0m = 0.0002s [0;36mopenLevelDB[0m = 0.0037s 
[0;36mDEBUG[0m[2026-03-16 10:14:16.599]   PruningStorer.processPersistersToClose   [0;36mepochs to close[0m = [96] [0;36mbefore process[0m = [98 97 96] [0;36mafter process[0m = [98 97] 
[0;36mDEBUG[0m[2026-03-16 10:14:16.599]   makeDbPointerNilReturningLast            [0;36mpath[0m = TestOnly-Epoch_96/Shard_0/id [0;36mnilled pointer[0m = 0xc0005d4540 [0;36mglobal db counter[0m = 2 
[0;36mDEBUG[0m[2026-03-16 10:14:16.599]   processLoop - closing the leveldb process loop [0;36mpath[0m = TestOnly-Epoch_96/Shard_0/id 
[0;36mDEBUG[0m[2026-03-16 10:14:16.599]   batchTimeoutHandle - closing             [0;36mpath[0m = TestOnly-Epoch_96/Shard_0/id 
[0;36mDEBUG[0m[2026-03-16 10:14:16.600]   PruningStorer - change epoch             [0;36munit[0m = id [0;36mepoch[0m = 99 [0;36mbytes in cache[0m = 0 
[0;36mDEBUG[0m[2026-03-16 10:14:16.604]   opened serial level db persister         [0;36mpath[0m = TestOnly-Epoch_99/Shard_0/id [0;36mcreated pointer[0m = 0xc000170700 [0;36mglobal db counter[0m = 3 [0;36mNewSerialDB[0m = 0.0039s [0;36mmkdirAll[0m = 0.0002s [0;36mopenLevelDB[0m = 0.0037s 
[0;36mDEBUG[0m[2026-03-16 10:14:16.604]   PruningStorer.processPersistersToClose   [0;36mepochs to close[0m = [97] [0;36mbefore process[0m = [99 98 97] [0;36mafter process[0m = [99 98] 
[0;36mDEBUG[0m[2026-03-16 10:14:16.605]   makeDbPointerNilReturningLast            [0;36mpath[0m = TestOnly-Epoch_97/Shard_0/id [0;36mnilled pointer[0m = 0xc000170380 [0;36mglobal db counter[0m = 2 
[0;36mDEBUG[0m[2026-03-16 10:14:16.605]   processLoop - closing the leveldb process loop [0;36mpath[0m = TestOnly-Epoch_97/Shard_0/id 
[0;36mDEBUG[0m[2026-03-16 10:14:16.605]   batchTimeoutHandle - closing             [0;36mpath[0m = TestOnly-Epoch_97/Shard_0/id 
[0;36mDEBUG[0m[2026-03-16 10:14:16.607]   PruningStorer - change epoch             [0;36munit[0m = id [0;36mepoch[0m = 100 [0;36mbytes in cache[0m = 0 
[0;36mDEBUG[0m[2026-03-16 10:14:16.611]   opened serial level db persister         [0;36mpath[0m = TestOnly-Epoch_100/Shard_0/id [0;36mcreated pointer[0m = 0xc000544700 [0;36mglobal db counter[0m = 3 [0;36mNewSerialDB[0m = 0.0037s [0;36mmkdirAll[0m = 0.0002s [0;36mopenLevelDB[0m = 0.0035s 
[0;36mDEBUG[0m[2026-03-16 10:14:16.611]   PruningStorer.processPersistersToClose   [0;36mepochs to close[0m = [98] [0;36mbefore process[0m = [100 99 98] [0;36mafter process[0m = [100 99] 
[0;36mDEBUG[0m[2026-03-16 10:14:16.612]   makeDbPointerNilReturningLast            [0;36mpath[0m = TestOnly-Epoch_98/Shard_0/id [0;36mnilled pointer[0m = 0xc0002eb6c0 [0;36mglobal db counter[0m = 2 
[0;36mDEBUG[0m[2026-03-16 10:14:16.612]   batchTimeoutHandle - closing             [0;36mpath[0m = TestOnly-Epoch_98/Shard_0/id 
[0;36mDEBUG[0m[2026-03-16 10:14:16.612]   processLoop - closing the leveldb process loop [0;36mpath[0m = TestOnly-Epoch_98/Shard_0/id 
[0;36mDEBUG[0m[2026-03-16 10:14:16.613]   PruningStorer - change epoch             [0;36munit[0m = id [0;36mepoch[0m = 101 [0;36mbytes in cache[0m = 0 
[0;36mDEBUG[0m[2026-03-16 10:14:16.616]   opened serial level db persister         [0;36mpath[0m = TestOnly-Epoch_101/Shard_0/id [0;36mcreated pointer[0m = 0xc0005d4c40 [0;36mglobal db counter[0m = 3 [0;36mNewSerialDB[0m = 0.0032s [0;36mmkdirAll[0m = 0.0002s [0;36mopenLevelDB[0m = 0.0030s 
[0;36mDEBUG[0m[2026-03-16 10:14:16.616]   PruningStorer.processPersistersToClose   [0;36mepochs to close[0m = [99] [0;36mbefore process[0m = [101 100 99] [0;36mafter process[0m = [101 100] 
[0;36mDEBUG[0m[2026-03-16 10:14:16.617]   makeDbPointerNilReturningLast            [0;36mpath[0m = TestOnly-Epoch_99/Shard_0/id [0;36mnilled pointer[0m = 0xc000170700 [0;36mglobal db counter[0m = 2 
[0;36mDEBUG[0m[2026-03-16 10:14:16.617]   processLoop - closing the leveldb process loop [0;36mpath[0m = TestOnly-Epoch_99/Shard_0/id 
[0;36mDEBUG[0m[2026-03-16 10:14:16.617]   batchTimeoutHandle - closing             [0;36mpath[0m = TestOnly-Epoch_99/Shard_0/id 
[0;36mDEBUG[0m[2026-03-16 10:14:16.618]   PruningStorer - change epoch             [0;36munit[0m = id [0;36mepoch[0m = 102 [0;36mbytes in cache[0m = 0 
[0;36mDEBUG[0m[2026-03-16 10:14:16.621]   opened serial level db persister         [0;36mpath[0m = TestOnly-Epoch_102/Shard_0/id [0;36mcreated pointer[0m = 0xc0005d4fc0 [0;36mglobal db counter[0m = 3 [0;36mNewSerialDB[0m = 0.0028s [0;36mmkdirAll[0m = 0.0001s [0;36mopenLevelDB[0m = 0.0027s 
[0;36mDEBUG[0m[2026-03-16 10:14:16.621]   PruningStorer.processPersistersToClose   [0;36mepochs to close[0m = [100] [0;36mbefore process[0m = [102 101 100] [0;36mafter process[0m = [102 101] 
[0;36mDEBUG[0m[2026-03-16 10:14:16.621]   makeDbPointerNilReturningLast            [0;36mpath[0m = TestOnly-Epoch_100/Shard_0/id [0;36mnilled pointer[0m = 0xc000544700 [0;36mglobal db counter[0m = 2 
[0;36mDEBUG[0m[2026-03-16 10:14:16.621]   processLoop - closing the leveldb process loop [0;36mpath[0m = TestOnly-Epoch_100/Shard_0/id 
[0;36mDEBUG[0m[2026-03-16 10:14:16.621]   batchTimeoutHandle - closing             [0;36mpath[0m = TestOnly-Epoch_100/Shard_0/id 
[0;36mDEBUG[0m[2026-03-16 10:14:16.622]   PruningStorer - change epoch             [0;36munit[0m = id [0;36mepoch[0m = 103 [0;36mbytes in cache[0m = 0 
[0;36mDEBUG[0m[2026-03-16 10:14:16.625]   opened serial level db persister         [0;36mpath[0m = TestOnly-Epoch_103/Shard_0/id [0;36mcreated pointer[0m = 0xc000170a80 [0;36mglobal db counter[0m = 3 [0;36mNewSerialDB[0m = 0.0026s [0;36mmkdirAll[0m = 0.0002s [0;36mopenLevelDB[0m = 0.0024s 
[0;36mDEBUG[0m[2026-03-16 10:14:16.625]   PruningStorer.processPersistersToClose   [0;36mepochs to close[0m = [101] [0;36mbefore process[0m = [103 102 101] [0;36mafter process[0m = [103 102] 
[0;36mDEBUG[0m[2026-03-16 10:14:16.626]   processLoop - closing the leveldb process loop [0;36mpath[0m = TestOnly-Epoch_101/Shard_0/id 
[0;36mDEBUG[0m[2026-03-16 10:14:16.626]   makeDbPointerNilReturningLast            [0;36mpath[0m = TestOnly-Epoch_101/Shard_0/id [0;36mnilled pointer[0m = 0xc0005d4c40 [0;36mglobal db counter[0m = 2 
[0;36mDEBUG[0m[2026-03-16 10:14:16.626]   batchTimeoutHandle - closing             [0;36mpath[0m = TestOnly-Epoch_101/Shard_0/id 
[0;36mDEBUG[0m[2026-03-16 10:14:16.627]   PruningStorer - change epoch             [0;36munit[0m = id [0;36mepoch[0m = 104 [0;36mbytes in cache[0m = 0 
[0;36mDEBUG[0m[2026-03-16 10:14:16.630]   opened serial level db persister         [0;36mpath[0m = TestOnly-Epoch_104/Shard_0/id [0;36mcreated pointer[0m = 0xc0005d5180 [0;36mglobal db counter[0m = 3 [0;36mNewSerialDB[0m = 0.0031s [0;36mmkdirAll[0m = 0.0002s [0;36mopenLevelDB[0m = 0.0029s 
[0;36mDEBUG[0m[2026-03-16 10:14:16.630]   PruningStorer.processPersistersToClose   [0;36mepochs to close[0m = [102] [0;36mbefore process[0m = [104 103 102] [0;36mafter process[0m = [104 103] 
[0;36mDEBUG[0m[2026-03-16 10:14:16.630]   makeDbPointerNilReturningLast            [0;36mpath[0m = TestOnly-Epoch_102/Shard_0/id [0;36mnilled pointer[0m = 0xc0005d4fc0 [0;36mglobal db counter[0m = 2 
[0;36mDEBUG[0m[2026-03-16 10:14:16.630]   processLoop - closing the leveldb process loop [0;36mpath[0m = TestOnly-Epoch_102/Shard_0/id 
[0;36mDEBUG[0m[2026-03-16 10:14:16.630]   batchTimeoutHandle - closing             [0;36mpath[0m = TestOnly-Epoch_102/Shard_0/id 
[0;36mDEBUG[0m[2026-03-16 10:14:16.632]   PruningStorer - change epoch             [0;36munit[0m = id [0;36mepoch[0m = 105 [0;36mbytes in cache[0m = 0 
[0;36mDEBUG[0m[2026-03-16 10:14:16.642]   opened serial level db persister         [0;36mpath[0m = TestOnly-Epoch_105/Shard_0/id [0;36mcreated pointer[0m = 0xc0005448c0 [0;36mglobal db counter[0m = 3 [0;36mNewSerialDB[0m = 0.0100s [0;36mmkdirAll[0m = 0.0002s [0;36mopenLevelDB[0m = 0.0098s 
[0;36mDEBUG[0m[2026-03-16 10:14:16.642]   PruningStorer.processPersistersToClose   [0;36mepochs to close[0m = [103] [0;36mbefore process[0m = [105 104 103] [0;36mafter process[0m = [105 104] 
[0;36mDEBUG[0m[2026-03-16 10:14:16.642]   makeDbPointerNilReturningLast            [0;36mpath[0m = TestOnly-Epoch_103/Shard_0/id [0;36mnilled pointer[0m = 0xc000170a80 [0;36mglobal db counter[0m = 2 
[0;36mDEBUG[0m[2026-03-16 10:14:16.642]   processLoop - closing the leveldb process loop [0;36mpath[0m = TestOnly-Epoch_103/Shard_0/id 
[0;36mDEBUG[0m[2026-03-16 10:14:16.642]   batchTimeoutHandle - closing             [0;36mpath[0m = TestOnly-Epoch_103/Shard_0/id 
[0;36mDEBUG[0m[2026-03-16 10:14:16.644]   PruningStorer - change epoch             [0;36munit[0m = id [0;36mepoch[0m = 106 [0;36mbytes in cache[0m = 0 
[0;36mDEBUG[0m[2026-03-16 10:14:16.648]   opened serial level db persister         [0;36mpath[0m = TestOnly-Epoch_106/Shard_0/id [0;36mcreated pointer[0m = 0xc0005856c0 [0;36mglobal db counter[0m = 3 [0;36mNewSerialDB[0m = 0.0041s [0;36mmkdirAll[0m = 0.0002s [0;36mopenLevelDB[0m = 0.0039s 
[0;36mDEBUG[0m[2026-03-16 10:14:16.648]   PruningStorer.processPersistersToClose   [0;36mepochs to close[0m = [104] [0;36mbefore process[0m = [106 105 104] [0;36mafter process[0m = [106 105] 
[0;36mDEBUG[0m[2026-03-16 10:14:16.649]   makeDbPointerNilReturningLast            [0;36mpath[0m = TestOnly-Epoch_104/Shard_0/id [0;36mnilled pointer[0m = 0xc0005d5180 [0;36mglobal db counter[0m = 2 
[0;36mDEBUG[0m[2026-03-16 10:14:16.649]   processLoop - closing the leveldb process loop [0;36mpath[0m = TestOnly-Epoch_104/Shard_0/id 
[0;36mDEBUG[0m[2026-03-16 10:14:16.649]   batchTimeoutHandle - closing             [0;36mpath[0m = TestOnly-Epoch_104/Shard_0/id 
[0;36mDEBUG[0m[2026-03-16 10:14:16.650]   PruningStorer - change epoch             [0;36munit[0m = id [0;36mepoch[0m = 107 [0;36mbytes in cache[0m = 0 
[0;36mDEBUG[0m[2026-03-16 10:14:16.653]   opened serial level db persister         [0;36mpath[0m = TestOnly-Epoch_107/Shard_0/id [0;36mcreated pointer[0m = 0xc000544c40 [0;36mglobal db counter[0m = 3 [0;36mNewSerialDB[0m = 0.0035s [0;36mmkdirAll[0m = 0.0002s [0;36mopenLevelDB[0m = 0.0033s 
[0;36mDEBUG[0m[2026-03-16 10:14:16.653]   PruningStorer.processPersistersToClose   [0;36mepochs to close[0m = [105] [0;36mbefore process[0m = [107 106 105] [0;36mafter process[0m = [107 106] 
[0;36mDEBUG[0m[2026-03-16 10:14:16.654]   makeDbPointerNilReturningLast            [0;36mpath[0m = TestOnly-Epoch_105/Shard_0/id [0;36mnilled pointer[0m = 0xc0005448c0 [0;36mglobal db counter[0m = 2 
[0;36mDEBUG[0m[2026-03-16 10:14:16.654]   processLoop - closing the leveldb process loop [0;36mpath[0m = TestOnly-Epoch_105/Shard_0/id 
[0;36mDEBUG[0m[2026-03-16 10:14:16.654]   batchTimeoutHandle - closing             [0;36mpath[0m = TestOnly-Epoch_105/Shard_0/id 
[0;36mDEBUG[0m[2026-03-16 10:14:16.656]   PruningStorer - change epoch             [0;36munit[0m = id [0;36mepoch[0m = 108 [0;36mbytes in cache[0m = 0 
[0;36mDEBUG[0m[2026-03-16 10:14:16.659]   opened serial level db persister         [0;36mpath[0m = TestOnly-Epoch_108/Shard_0/id [0;36mcreated pointer[0m = 0xc000170c40 [0;36mglobal db counter[0m = 3 [0;36mNewSerialDB[0m = 0.0028s [0;36mmkdirAll[0m = 0.0003s [0;36mopenLevelDB[0m = 0.0025s 
[0;36mDEBUG[0m[2026-03-16 10:14:16.659]   PruningStorer.processPersistersToClose   [0;36mepochs to close[0m = [106] [0;36mbefore process[0m = [108 107 106] [0;36mafter process[0m = [108 107] 
[0;36mDEBUG[0m[2026-03-16 10:14:16.660]   makeDbPointerNilReturningLast            [0;36mpath[0m = TestOnly-Epoch_106/Shard_0/id [0;36mnilled pointer[0m = 0xc0005856c0 [0;36mglobal db counter[0m = 2 
[0;36mDEBUG[0m[2026-03-16 10:14:16.660]   batchTimeoutHandle - closing             [0;36mpath[0m = TestOnly-Epoch_106/Shard_0/id 
[0;36mDEBUG[0m[2026-03-16 10:14:16.660]   processLoop - closing the leveldb process loop [0;36mpath[0m = TestOnly-Epoch_106/Shard_0/id 
[0;36mDEBUG[0m[2026-03-16 10:14:16.661]   PruningStorer - change epoch             [0;36munit[0m = id [0;36mepoch[0m = 109 [0;36mbytes in cache[0m = 0 
[0;36mDEBUG[0m[2026-03-16 10:14:16.669]   opened serial level db persister         [0;36mpath[0m = TestOnly-Epoch_109/Shard_0/id [0;36mcreated pointer[0m = 0xc000170fc0 [0;36mglobal db counter[0m = 3 [0;36mNewSerialDB[0m = 0.0078s [0;36mmkdirAll[0m = 0.0002s [0;36mopenLevelDB[0m = 0.0076s 
[0;36mDEBUG[0m[2026-03-16 10:14:16.669]   PruningStorer.processPersistersToClose   [0;36mepochs to close[0m = [107] [0;36mbefore process[0m = [109 108 107] [0;36mafter process[0m = [109 108] 
[0;36mDEBUG[0m[2026-03-16 10:14:16.676]   makeDbPointerNilReturningLast            [0;36mpath[0m = TestOnly-Epoch_107/Shard_0/id [0;36mnilled pointer[0m = 0xc000544c40 [0;36mglobal db counter[0m = 2 
[0;36mDEBUG[0m[2026-03-16 10:14:16.676]   processLoop - closing the leveldb process loop [0;36mpath[0m = TestOnly-Epoch_107/Shard_0/id 
[0;36mDEBUG[0m[2026-03-16 10:14:16.676]   batchTimeoutHandle - closing             [0;36mpath[0m = TestOnly-Epoch_107/Shard_0/id 
[0;36mDEBUG[0m[2026-03-16 10:14:16.677]   PruningStorer - change epoch             [0;36munit[0m = id [0;36mepoch[0m = 110 [0;36mbytes in cache[0m = 0 
[0;36mDEBUG[0m[2026-03-16 10:14:16.684]   opened serial level db persister         [0;36mpath[0m = TestOnly-Epoch_110/Shard_0/id [0;36mcreated pointer[0m = 0xc0005d4e00 [0;36mglobal db counter[0m = 3 [0;36mNewSerialDB[0m = 0.0065s [0;36mmkdirAll[0m = 0.0002s [0;36mopenLevelDB[0m = 0.0063s 
[0;36mDEBUG[0m[2026-03-16 10:14:16.684]   PruningStorer.processPersistersToClose   [0;36mepochs to close[0m = [108] [0;36mbefore process[0m = [110 109 108] [0;36mafter process[0m = [110 109] 
[0;36mDEBUG[0m[2026-03-16 10:14:16.689]   makeDbPointerNilReturningLast            [0;36mpath[0m = TestOnly-Epoch_108/Shard_0/id [0;36mnilled pointer[0m = 0xc000170c40 [0;36mglobal db counter[0m = 2 
[0;36mDEBUG[0m[2026-03-16 10:14:16.689]   batchTimeoutHandle - closing             [0;36mpath[0m = TestOnly-Epoch_108/Shard_0/id 
[0;36mDEBUG[0m[2026-03-16 10:14:16.689]   processLoop - closing the leveldb process loop [0;36mpath[0m = TestOnly-Epoch_108/Shard_0/id 
[0;36mDEBUG[0m[2026-03-16 10:14:16.691]   PruningStorer - change epoch             [0;36munit[0m = id [0;36mepoch[0m = 111 [0;36mbytes in cache[0m = 0 
[0;36mDEBUG[0m[2026-03-16 10:14:16.694]   opened serial level db persister         [0;36mpath[0m = TestOnly-Epoch_111/Shard_0/id [0;36mcreated pointer[0m = 0xc0005d5500 [0;36mglobal db counter[0m = 3 [0;36mNewSerialDB[0m = 0.0029s [0;36mmkdirAll[0m = 0.0002s [0;36mopenLevelDB[0m = 0.0027s 
[0;36mDEBUG[0m[2026-03-16 10:14:16.694]   PruningStorer.processPersistersToClose   [0;36mepochs to close[0m = [109] [0;36mbefore process[0m = [111 110 109] [0;36mafter process[0m = [111 110] 
[0;36mDEBUG[0m[2026-03-16 10:14:16.695]   makeDbPointerNilReturningLast            [0;36mpath[0m = TestOnly-Epoch_109/Shard_0/id [0;36mnilled pointer[0m = 0xc000170fc0 [0;36mglobal db counter[0m = 2 
[0;36mDEBUG[0m[2026-03-16 10:14:16.695]   processLoop - closing the leveldb process loop [0;36mpath[0m = TestOnly-Epoch_109/Shard_0/id 
[0;36mDEBUG[0m[2026-03-16 10:14:16.695]   batchTimeoutHandle - closing             [0;36mpath[0m = TestOnly-Epoch_109/Shard_0/id 
[0;36mDEBUG[0m[2026-03-16 10:14:16.696]   PruningStorer - change epoch             [0;36munit[0m = id [0;36mepoch[0m = 112 [0;36mbytes in cache[0m = 0 
[0;36mDEBUG[0m[2026-03-16 10:14:16.698]   opened serial level db persister         [0;36mpath[0m = TestOnly-Epoch_112/Shard_0/id [0;36mcreated pointer[0m = 0xc000544e00 [0;36mglobal db counter[0m = 3 [0;36mNewSerialDB[0m = 0.0026s [0;36mmkdirAll[0m = 0.0001s [0;36mopenLevelDB[0m = 0.0024s 
[0;36mDEBUG[0m[2026-03-16 10:14:16.698]   PruningStorer.processPersistersToClose   [0;36mepochs to close[0m = [110] [0;36mbefore process[0m = [112 111 110] [0;36mafter process[0m = [112 111] 
[0;36mDEBUG[0m[2026-03-16 10:14:16.699]   makeDbPointerNilReturningLast            [0;36mpath[0m = TestOnly-Epoch_110/Shard_0/id [0;36mnilled pointer[0m = 0xc0005d4e00 [0;36mglobal db counter[0m = 2 
[0;36mDEBUG[0m[2026-03-16 10:14:16.699]   processLoop - closing the leveldb process loop [0;36mpath[0m = TestOnly-Epoch_110/Shard_0/id 
[0;36mDEBUG[0m[2026-03-16 10:14:16.699]   batchTimeoutHandle - closing             [0;36mpath[0m = TestOnly-Epoch_110/Shard_0/id 
[0;36mDEBUG[0m[2026-03-16 10:14:16.700]   PruningStorer - change epoch             [0;36munit[0m = id [0;36mepoch[0m = 113 [0;36mbytes in cache[0m = 0 
[0;36mDEBUG[0m[2026-03-16 10:14:16.704]   opened serial level db persister         [0;36mpath[0m = TestOnly-Epoch_113/Shard_0/id [0;36mcreated pointer[0m = 0xc000170e00 [0;36mglobal db counter[0m = 3 [0;36mNewSerialDB[0m = 0.0036s [0;36mmkdirAll[0m = 0.0002s [0;36mopenLevelDB[0m = 0.0034s 
[0;36mDEBUG[0m[2026-03-16 10:14:16.704]   PruningStorer.processPersistersToClose   [0;36mepochs to close[0m = [111] [0;36mbefore process[0m = [113 112 111] [0;36mafter process[0m = [113 112] 
[0;36mDEBUG[0m[2026-03-16 10:14:16.704]   processLoop - closing the leveldb process loop [0;36mpath[0m = TestOnly-Epoch_111/Shard_0/id 
[0;36mDEBUG[0m[2026-03-16 10:14:16.704]   makeDbPointerNilReturningLast            [0;36mpath[0m = TestOnly-Epoch_111/Shard_0/id [0;36mnilled pointer[0m = 0xc0005d5500 [0;36mglobal db counter[0m = 2 
[0;36mDEBUG[0m[2026-03-16 10:14:16.704]   batchTimeoutHandle - closing             [0;36mpath[0m = TestOnly-Epoch_111/Shard_0/id 
[0;36mDEBUG[0m[2026-03-16 10:14:16.706]   PruningStorer - change epoch             [0;36munit[0m = id [0;36mepoch[0m = 114 [0;36mbytes in cache[0m = 0 
[0;36mDEBUG[0m[2026-03-16 10:14:16.710]   opened serial level db persister         [0;36mpath[0m = TestOnly-Epoch_114/Shard_0/id [0;36mcreated pointer[0m = 0xc0005d5880 [0;36mglobal db counter[0m = 3 [0;36mNewSerialDB[0m = 0.0041s [0;36mmkdirAll[0m = 0.0002s [0;36mopenLevelDB[0m = 0.0039s 
[0;36mDEBUG[0m[2026-03-16 10:14:16.710]   PruningStorer.processPersistersToClose   [0;36mepochs to close[0m = [112] [0;36mbefore process[0m = [114 113 112] [0;36mafter process[0m = [114 113] 
[0;36mDEBUG[0m[2026-03-16 10:14:16.710]   makeDbPointerNilReturningLast            [0;36mpath[0m = TestOnly-Epoch_112/Shard_0/id [0;36mnilled pointer[0m = 0xc000544e00 [0;36mglobal db counter[0m = 2 
[0;36mDEBUG[0m[2026-03-16 10:14:16.710]   processLoop - closing the leveldb process loop [0;36mpath[0m = TestOnly-Epoch_112/Shard_0/id 
[0;36mDEBUG[0m[2026-03-16 10:14:16.710]   batchTimeoutHandle - closing             [0;36mpath[0m = TestOnly-Epoch_112/Shard_0/id 
[0;36mDEBUG[0m[2026-03-16 10:14:16.711]   PruningStorer - change epoch             [0;36munit[0m = id [0;36mepoch[0m = 115 [0;36mbytes in cache[0m = 0 
[0;36mDEBUG[0m[2026-03-16 10:14:16.714]   opened serial level db persister         [0;36mpath[0m = TestOnly-Epoch_115/Shard_0/id [0;36mcreated pointer[0m = 0xc0005d5340 [0;36mglobal db counter[0m = 3 [0;36mNewSerialDB[0m = 0.0025s [0;36mmkdirAll[0m = 0.0002s [0;36mopenLevelDB[0m = 0.0024s 
[0;36mDEBUG[0m[2026-03-16 10:14:16.714]   PruningStorer.processPersistersToClose   [0;36mepochs to close[0m = [113] [0;36mbefore process[0m = [115 114 113] [0;36mafter process[0m = [115 114] 
[0;36mDEBUG[0m[2026-03-16 10:14:16.715]   makeDbPointerNilReturningLast            [0;36mpath[0m = TestOnly-Epoch_113/Shard_0/id [0;36mnilled pointer[0m = 0xc000170e00 [0;36mglobal db counter[0m = 2 
[0;36mDEBUG[0m[2026-03-16 10:14:16.715]   processLoop - closing the leveldb process loop [0;36mpath[0m = TestOnly-Epoch_113/Shard_0/id 
[0;36mDEBUG[0m[2026-03-16 10:14:16.715]   batchTimeoutHandle - closing             [0;36mpath[0m = TestOnly-Epoch_113/Shard_0/id 
[0;36mDEBUG[0m[2026-03-16 10:14:16.716]   PruningStorer - change epoch             [0;36munit[0m = id [0;36mepoch[0m = 116 [0;36mbytes in cache[0m = 0 
[0;36mDEBUG[0m[2026-03-16 10:14:16.719]   opened serial level db persister         [0;36mpath[0m = TestOnly-Epoch_116/Shard_0/id [0;36mcreated pointer[0m = 0xc000544fc0 [0;36mglobal db counter[0m = 3 [0;36mNewSerialDB[0m = 0.0027s [0;36mmkdirAll[0m = 0.0002s [0;36mopenLevelDB[0m = 0.0025s 
[0;36mDEBUG[0m[2026-03-16 10:14:16.719]   PruningStorer.processPersistersToClose   [0;36mepochs to close[0m = [114] [0;36mbefore process[0m = [116 115 114] [0;36mafter process[0m = [116 115] 
[0;36mDEBUG[0m[2026-03-16 10:14:16.720]   makeDbPointerNilReturningLast            [0;36mpath[0m = TestOnly-Epoch_114/Shard_0/id [0;36mnilled pointer[0m = 0xc0005d5880 [0;36mglobal db counter[0m = 2 
[0;36mDEBUG[0m[2026-03-16 10:14:16.720]   batchTimeoutHandle - closing             [0;36mpath[0m = TestOnly-Epoch_114/Shard_0/id 
[0;36mDEBUG[0m[2026-03-16 10:14:16.720]   processLoop - closing the leveldb process loop [0;36mpath[0m = TestOnly-Epoch_114/Shard_0/id 
[0;36mDEBUG[0m[2026-03-16 10:14:16.721]   PruningStorer - change epoch             [0;36munit[0m = id [0;36mepoch[0m = 117 [0;36mbytes in cache[0m = 0 
[0;36mDEBUG[0m[2026-03-16 10:14:16.724]   opened serial level db persister         [0;36mpath[0m = TestOnly-Epoch_117/Shard_0/id [0;36mcreated pointer[0m = 0xc0005d5c00 [0;36mglobal db counter[0m = 3 [0;36mNewSerialDB[0m = 0.0028s [0;36mmkdirAll[0m = 0.0001s [0;36mopenLevelDB[0m = 0.0026s 
[0;36mDEBUG[0m[2026-03-16 10:14:16.724]   PruningStorer.processPersistersToClose   [0;36mepochs to close[0m = [115] [0;36mbefore process[0m = [117 116 115] [0;36mafter process[0m = [117 116] 
[0;36mDEBUG[0m[2026-03-16 10:14:16.724]   makeDbPointerNilReturningLast            [0;36mpath[0m = TestOnly-Epoch_115/Shard_0/id [0;36mnilled pointer[0m = 0xc0005d5340 [0;36mglobal db counter[0m = 2 
[0;36mDEBUG[0m[2026-03-16 10:14:16.724]   processLoop - closing the leveldb process loop [0;36mpath[0m = TestOnly-Epoch_115/Shard_0/id 
[0;36mDEBUG[0m[2026-03-16 10:14:16.724]   batchTimeoutHandle - closing             [0;36mpath[0m = TestOnly-Epoch_115/Shard_0/id 
[0;36mDEBUG[0m[2026-03-16 10:14:16.726]   PruningStorer - change epoch             [0;36munit[0m = id [0;36mepoch[0m = 118 [0;36mbytes in cache[0m = 0 
[0;36mDEBUG[0m[2026-03-16 10:14:16.735]   opened serial level db persister         [0;36mpath[0m = TestOnly-Epoch_118/Shard_0/id [0;36mcreated pointer[0m = 0xc000170000 [0;36mglobal db counter[0m = 3 [0;36mNewSerialDB[0m = 0.0091s [0;36mmkdirAll[0m = 0.0002s [0;36mopenLevelDB[0m = 0.0089s 
[0;36mDEBUG[0m[2026-03-16 10:14:16.735]   PruningStorer.processPersistersToClose   [0;36mepochs to close[0m = [116] [0;36mbefore process[0m = [118 117 116] [0;36mafter process[0m = [118 117] 
[0;36mDEBUG[0m[2026-03-16 10:14:16.735]   makeDbPointerNilReturningLast            [0;36mpath[0m = TestOnly-Epoch_116/Shard_0/id [0;36mnilled pointer[0m = 0xc000544fc0 [0;36mglobal db counter[0m = 2 
[0;36mDEBUG[0m[2026-03-16 10:14:16.735]   processLoop - closing the leveldb process loop [0;36mpath[0m = TestOnly-Epoch_116/Shard_0/id 
[0;36mDEBUG[0m[2026-03-16 10:14:16.736]   batchTimeoutHandle - closing             [0;36mpath[0m = TestOnly-Epoch_116/Shard_0/id 
[0;36mDEBUG[0m[2026-03-16 10:14:16.737]   PruningStorer - change epoch             [0;36munit[0m = id [0;36mepoch[0m = 119 [0;36mbytes in cache[0m = 0 
[0;36mDEBUG[0m[2026-03-16 10:14:16.741]   opened serial level db persister         [0;36mpath[0m = TestOnly-Epoch_119/Shard_0/id [0;36mcreated pointer[0m = 0xc000171500 [0;36mglobal db counter[0m = 3 [0;36mNewSerialDB[0m = 0.0045s [0;36mmkdirAll[0m = 0.0002s [0;36mopenLevelDB[0m = 0.0043s 
[0;36mDEBUG[0m[2026-03-16 10:14:16.741]   PruningStorer.processPersistersToClose   [0;36mepochs to close[0m = [117] [0;36mbefore process[0m = [119 118 117] [0;36mafter process[0m = [119 118] 
[0;36mDEBUG[0m[2026-03-16 10:14:16.743]   makeDbPointerNilReturningLast            [0;36mpath[0m = TestOnly-Epoch_117/Shard_0/id [0;36mnilled pointer[0m = 0xc0005d5c00 [0;36mglobal db counter[0m = 2 
[0;36mDEBUG[0m[2026-03-16 10:14:16.743]   processLoop - closing the leveldb process loop [0;36mpath[0m = TestOnly-Epoch_117/Shard_0/id 
[0;36mDEBUG[0m[2026-03-16 10:14:16.743]   batchTimeoutHandle - closing             [0;36mpath[0m = TestOnly-Epoch_117/Shard_0/id 
[0;36mDEBUG[0m[2026-03-16 10:14:16.744]   PruningStorer - change epoch             [0;36munit[0m = id [0;36mepoch[0m = 120 [0;36mbytes in cache[0m = 0 
[0;36mDEBUG[0m[2026-03-16 10:14:16.747]   opened serial level db persister         [0;36mpath[0m = TestOnly-Epoch_120/Shard_0/id [0;36mcreated pointer[0m = 0xc000545180 [0;36mglobal db counter[0m = 3 [0;36mNewSerialDB[0m = 0.0035s [0;36mmkdirAll[0m = 0.0002s [0;36mopenLevelDB[0m = 0.0033s 
[0;36mDEBUG[0m[2026-03-16 10:14:16.747]   PruningStorer.processPersistersToClose   [0;36mepochs to close[0m = [118] [0;36mbefore process[0m = [120 119 118] [0;36mafter process[0m = [120 119] 
[0;36mDEBUG[0m[2026-03-16 10:14:16.748]   makeDbPointerNilReturningLast            [0;36mpath[0m = TestOnly-Epoch_118/Shard_0/id [0;36mnilled pointer[0m = 0xc000170000 [0;36mglobal db counter[0m = 2 
[0;36mDEBUG[0m[2026-03-16 10:14:16.748]   processLoop - closing the leveldb process loop [0;36mpath[0m = TestOnly-Epoch_118/Shard_0/id 
[0;36mDEBUG[0m[2026-03-16 10:14:16.748]   batchTimeoutHandle - closing             [0;36mpath[0m = TestOnly-Epoch_118/Shard_0/id 
[0;36mDEBUG[0m[2026-03-16 10:14:16.749]   PruningStorer - change epoch             [0;36munit[0m = id [0;36mepoch[0m = 121 [0;36mbytes in cache[0m = 0 
[0;36mDEBUG[0m[2026-03-16 10:14:16.753]   opened serial level db persister         [0;36mpath[0m = TestOnly-Epoch_121/Shard_0/id [0;36mcreated pointer[0m = 0xc000545dc0 [0;36mglobal db counter[0m = 3 [0;36mNewSerialDB[0m = 0.0036s [0;36mmkdirAll[0m = 0.0002s [0;36mopenLevelDB[0m = 0.0034s 
[0;36mDEBUG[0m[2026-03-16 10:14:16.753]   PruningStorer.processPersistersToClose   [0;36mepochs to close[0m = [119] [0;36mbefore process[0m = [121 120 119] [0;36mafter process[0m = [121 120] 
[0;36mDEBUG[0m[2026-03-16 10:14:16.753]   makeDbPointerNilReturningLast            [0;36mpath[0m = TestOnly-Epoch_119/Shard_0/id [0;36mnilled pointer[0m = 0xc000171500 [0;36mglobal db counter[0m = 2 
[0;36mDEBUG[0m[2026-03-16 10:14:16.753]   processLoop - closing the leveldb process loop [0;36mpath[0m = TestOnly-Epoch_119/Shard_0/id 
[0;36mDEBUG[0m[2026-03-16 10:14:16.753]   batchTimeoutHandle - closing             [0;36mpath[0m = TestOnly-Epoch_119/Shard_0/id 
[0;36mDEBUG[0m[2026-03-16 10:14:16.755]   PruningStorer - change epoch             [0;36munit[0m = id [0;36mepoch[0m = 122 [0;36mbytes in cache[0m = 0 
[0;36mDEBUG[0m[2026-03-16 10:14:16.758]   opened serial level db persister         [0;36mpath[0m = TestOnly-Epoch_122/Shard_0/id [0;36mcreated pointer[0m = 0xc0005801c0 [0;36mglobal db counter[0m = 3 [0;36mNewSerialDB[0m = 0.0033s [0;36mmkdirAll[0m = 0.0001s [0;36mopenLevelDB[0m = 0.0031s 
[0;36mDEBUG[0m[2026-03-16 10:14:16.758]   PruningStorer.processPersistersToClose   [0;36mepochs to close[0m = [120] [0;36mbefore process[0m = [122 121 120] [0;36mafter process[0m = [122 121] 
[0;36mDEBUG[0m[2026-03-16 10:14:16.758]   makeDbPointerNilReturningLast            [0;36mpath[0m = TestOnly-Epoch_120/Shard_0/id [0;36mnilled pointer[0m = 0xc000545180 [0;36mglobal db counter[0m = 2 
[0;36mDEBUG[0m[2026-03-16 10:14:16.758]   processLoop - closing the leveldb process loop [0;36mpath[0m = TestOnly-Epoch_120/Shard_0/id 
[0;36mDEBUG[0m[2026-03-16 10:14:16.758]   batchTimeoutHandle - closing             [0;36mpath[0m = TestOnly-Epoch_120/Shard_0/id 
[0;36mDEBUG[0m[2026-03-16 10:14:16.760]   PruningStorer - change epoch             [0;36munit[0m = id [0;36mepoch[0m = 123 [0;36mbytes in cache[0m = 0 
[0;36mDEBUG[0m[2026-03-16 10:14:16.762]   opened serial level db persister         [0;36mpath[0m = TestOnly-Epoch_123/Shard_0/id [0;36mcreated pointer[0m = 0xc0001716c0 [0;36mglobal db counter[0m = 3 [0;36mNewSerialDB[0m = 0.0026s [0;36mmkdirAll[0m = 0.0002s [0;36mopenLevelDB[0m = 0.0024s 
[0;36mDEBUG[0m[2026-03-16 10:14:16.762]   PruningStorer.processPersistersToClose   [0;36mepochs to close[0m = [121] [0;36mbefore process[0m = [123 122 121] [0;36mafter process[0m = [123 122] 
[0;36mDEBUG[0m[2026-03-16 10:14:16.763]   makeDbPointerNilReturningLast            [0;36mpath[0m = TestOnly-Epoch_121/Shard_0/id [0;36mnilled pointer[0m = 0xc000545dc0 [0;36mglobal db counter[0m = 2 
[0;36mDEBUG[0m[2026-03-16 10:14:16.763]   processLoop - closing the leveldb process loop [0;36mpath[0m = TestOnly-Epoch_121/Shard_0/id 
[0;36mDEBUG[0m[2026-03-16 10:14:16.763]   batchTimeoutHandle - closing             [0;36mpath[0m = TestOnly-Epoch_121/Shard_0/id 
[0;36mDEBUG[0m[2026-03-16 10:14:16.764]   PruningStorer - change epoch             [0;36munit[0m = id [0;36mepoch[0m = 124 [0;36mbytes in cache[0m = 0 
[0;36mDEBUG[0m[2026-03-16 10:14:16.767]   opened serial level db persister         [0;36mpath[0m = TestOnly-Epoch_124/Shard_0/id [0;36mcreated pointer[0m = 0xc000544000 [0;36mglobal db counter[0m = 3 [0;36mNewSerialDB[0m = 0.0026s [0;36mmkdirAll[0m = 0.0002s [0;36mopenLevelDB[0m = 0.0025s 
[0;36mDEBUG[0m[2026-03-16 10:14:16.767]   PruningStorer.processPersistersToClose   [0;36mepochs to close[0m = [122] [0;36mbefore process[0m = [124 123 122] [0;36mafter process[0m = [124 123] 
[0;36mDEBUG[0m[2026-03-16 10:14:16.767]   makeDbPointerNilReturningLast            [0;36mpath[0m = TestOnly-Epoch_122/Shard_0/id [0;36mnilled pointer[0m = 0xc0005801c0 [0;36mglobal db counter[0m = 2 
[0;36mDEBUG[0m[2026-03-16 10:14:16.767]   processLoop - closing the leveldb process loop [0;36mpath[0m = TestOnly-Epoch_122/Shard_0/id 
[0;36mDEBUG[0m[2026-03-16 10:14:16.767]   batchTimeoutHandle - closing             [0;36mpath[0m = TestOnly-Epoch_122/Shard_0/id 
[0;36mDEBUG[0m[2026-03-16 10:14:16.768]   PruningStorer - change epoch             [0;36munit[0m = id [0;36mepoch[0m = 125 [0;36mbytes in cache[0m = 0 
[0;36mDEBUG[0m[2026-03-16 10:14:16.771]   opened serial level db persister         [0;36mpath[0m = TestOnly-Epoch_125/Shard_0/id [0;36mcreated pointer[0m = 0xc0005d5dc0 [0;36mglobal db counter[0m = 3 [0;36mNewSerialDB[0m = 0.0028s [0;36mmkdirAll[0m = 0.0002s [0;36mopenLevelDB[0m = 0.0026s 
[0;36mDEBUG[0m[2026-03-16 10:14:16.771]   PruningStorer.processPersistersToClose   [0;36mepochs to close[0m = [123] [0;36mbefore process[0m = [125 124 123] [0;36mafter process[0m = [125 124] 
[0;36mDEBUG[0m[2026-03-16 10:14:16.772]   makeDbPointerNilReturningLast            [0;36mpath[0m = TestOnly-Epoch_123/Shard_0/id [0;36mnilled pointer[0m = 0xc0001716c0 [0;36mglobal db counter[0m = 2 
[0;36mDEBUG[0m[2026-03-16 10:14:16.772]   processLoop - closing the leveldb process loop [0;36mpath[0m = TestOnly-Epoch_123/Shard_0/id 
[0;36mDEBUG[0m[2026-03-16 10:14:16.772]   batchTimeoutHandle - closing             [0;36mpath[0m = TestOnly-Epoch_123/Shard_0/id 
[0;36mDEBUG[0m[2026-03-16 10:14:16.773]   PruningStorer - change epoch             [0;36munit[0m = id [0;36mepoch[0m = 126 [0;36mbytes in cache[0m = 0 
[0;36mDEBUG[0m[2026-03-16 10:14:16.778]   opened serial level db persister         [0;36mpath[0m = TestOnly-Epoch_126/Shard_0/id [0;36mcreated pointer[0m = 0xc000171a40 [0;36mglobal db counter[0m = 3 [0;36mNewSerialDB[0m = 0.0056s [0;36mmkdirAll[0m = 0.0002s [0;36mopenLevelDB[0m = 0.0055s 
[0;36mDEBUG[0m[2026-03-16 10:14:16.778]   PruningStorer.processPersistersToClose   [0;36mepochs to close[0m = [124] [0;36mbefore process[0m = [126 125 124] [0;36mafter process[0m = [126 125] 
[0;36mDEBUG[0m[2026-03-16 10:14:16.781]   makeDbPointerNilReturningLast            [0;36mpath[0m = TestOnly-Epoch_124/Shard_0/id [0;36mnilled pointer[0m = 0xc000544000 [0;36mglobal db counter[0m = 2 
[0;36mDEBUG[0m[2026-03-16 10:14:16.781]   processLoop - closing the leveldb process loop [0;36mpath[0m = TestOnly-Epoch_124/Shard_0/id 
[0;36mDEBUG[0m[2026-03-16 10:14:16.781]   batchTimeoutHandle - closing             [0;36mpath[0m = TestOnly-Epoch_124/Shard_0/id 
[0;36mDEBUG[0m[2026-03-16 10:14:16.782]   PruningStorer - change epoch             [0;36munit[0m = id [0;36mepoch[0m = 127 [0;36mbytes in cache[0m = 0 
[0;36mDEBUG[0m[2026-03-16 10:14:16.787]   opened serial level db persister         [0;36mpath[0m = TestOnly-Epoch_127/Shard_0/id [0;36mcreated pointer[0m = 0xc0005c4a80 [0;36mglobal db counter[0m = 3 [0;36mNewSerialDB[0m = 0.0049s [0;36mmkdirAll[0m = 0.0001s [0;36mopenLevelDB[0m = 0.0048s 
[0;36mDEBUG[0m[2026-03-16 10:14:16.787]   PruningStorer.processPersistersToClose   [0;36mepochs to close[0m = [125] [0;36mbefore process[0m = [127 126 125] [0;36mafter process[0m = [127 126] 
[0;36mDEBUG[0m[2026-03-16 10:14:16.789]   makeDbPointerNilReturningLast            [0;36mpath[0m = TestOnly-Epoch_125/Shard_0/id [0;36mnilled pointer[0m = 0xc0005d5dc0 [0;36mglobal db counter[0m = 2 
[0;36mDEBUG[0m[2026-03-16 10:14:16.789]   processLoop - closing the leveldb process loop [0;36mpath[0m = TestOnly-Epoch_125/Shard_0/id 
[0;36mDEBUG[0m[2026-03-16 10:14:16.789]   batchTimeoutHandle - closing             [0;36mpath[0m = TestOnly-Epoch_125/Shard_0/id 
[0;36mDEBUG[0m[2026-03-16 10:14:16.790]   PruningStorer - change epoch             [0;36munit[0m = id [0;36mepoch[0m = 128 [0;36mbytes in cache[0m = 0 
[0;36mDEBUG[0m[2026-03-16 10:14:16.796]   opened serial level db persister         [0;36mpath[0m = TestOnly-Epoch_128/Shard_0/id [0;36mcreated pointer[0m = 0xc000171c00 [0;36mglobal db counter[0m = 3 [0;36mNewSerialDB[0m = 0.0060s [0;36mmkdirAll[0m = 0.0002s [0;36mopenLevelDB[0m = 0.0059s 
[0;36mDEBUG[0m[2026-03-16 10:14:16.796]   PruningStorer.processPersistersToClose   [0;36mepochs to close[0m = [126] [0;36mbefore process[0m = [128 127 126] [0;36mafter process[0m = [128 127] 
[0;36mDEBUG[0m[2026-03-16 10:14:16.796]   makeDbPointerNilReturningLast            [0;36mpath[0m = TestOnly-Epoch_126/Shard_0/id [0;36mnilled pointer[0m = 0xc000171a40 [0;36mglobal db counter[0m = 2 
[0;36mDEBUG[0m[2026-03-16 10:14:16.796]   processLoop - closing the leveldb process loop [0;36mpath[0m = TestOnly-Epoch_126/Shard_0/id 
[0;36mDEBUG[0m[2026-03-16 10:14:16.796]   batchTimeoutHandle - closing             [0;36mpath[0m = TestOnly-Epoch_126/Shard_0/id 
[0;36mDEBUG[0m[2026-03-16 10:14:16.798]   PruningStorer - change epoch             [0;36munit[0m = id [0;36mepoch[0m = 129 [0;36mbytes in cache[0m = 0 
[0;36mDEBUG[0m[2026-03-16 10:14:16.801]   opened serial level db persister         [0;36mpath[0m = TestOnly-Epoch_129/Shard_0/id [0;36mcreated pointer[0m = 0xc000580540 [0;36mglobal db counter[0m = 3 [0;36mNewSerialDB[0m = 0.0032s [0;36mmkdirAll[0m = 0.0002s [0;36mopenLevelDB[0m = 0.0030s 
[0;36mDEBUG[0m[2026-03-16 10:14:16.801]   PruningStorer.processPersistersToClose   [0;36mepochs to close[0m = [127] [0;36mbefore process[0m = [129 128 127] [0;36mafter process[0m = [129 128] 
[0;36mDEBUG[0m[2026-03-16 10:14:16.802]   makeDbPointerNilReturningLast            [0;36mpath[0m = TestOnly-Epoch_127/Shard_0/id [0;36mnilled pointer[0m = 0xc0005c4a80 [0;36mglobal db counter[0m = 2 
[0;36mDEBUG[0m[2026-03-16 10:14:16.802]   processLoop - closing the leveldb process loop [0;36mpath[0m = TestOnly-Epoch_127/Shard_0/id 
[0;36mDEBUG[0m[2026-03-16 10:14:16.802]   batchTimeoutHandle - closing             [0;36mpath[0m = TestOnly-Epoch_127/Shard_0/id 
[0;36mDEBUG[0m[2026-03-16 10:14:16.803]   PruningStorer - change epoch             [0;36munit[0m = id [0;36mepoch[0m = 130 [0;36mbytes in cache[0m = 0 
[0;36mDEBUG[0m[2026-03-16 10:14:16.806]   opened serial level db persister         [0;36mpath[0m = TestOnly-Epoch_130/Shard_0/id [0;36mcreated pointer[0m = 0xc0005808c0 [0;36mglobal db counter[0m = 3 [0;36mNewSerialDB[0m = 0.0030s [0;36mmkdirAll[0m = 0.0002s [0;36mopenLevelDB[0m = 0.0028s 
[0;36mDEBUG[0m[2026-03-16 10:14:16.806]   PruningStorer.processPersistersToClose   [0;36mepochs to close[0m = [128] [0;36mbefore process[0m = [130 129 128] [0;36mafter process[0m = [130 129] 
[0;36mDEBUG[0m[2026-03-16 10:14:16.807]   makeDbPointerNilReturningLast            [0;36mpath[0m = TestOnly-Epoch_128/Shard_0/id [0;36mnilled pointer[0m = 0xc000171c00 [0;36mglobal db counter[0m = 2 
[0;36mDEBUG[0m[2026-03-16 10:14:16.807]   processLoop - closing the leveldb process loop [0;36mpath[0m = TestOnly-Epoch_128/Shard_0/id 
[0;36mDEBUG[0m[2026-03-16 10:14:16.807]   batchTimeoutHandle - closing             [0;36mpath[0m = TestOnly-Epoch_128/Shard_0/id 
[0;36mDEBUG[0m[2026-03-16 10:14:16.808]   PruningStorer - change epoch             [0;36munit[0m = id [0;36mepoch[0m = 131 [0;36mbytes in cache[0m = 0 
[0;36mDEBUG[0m[2026-03-16 10:14:16.811]   opened serial level db persister         [0;36mpath[0m = TestOnly-Epoch_131/Shard_0/id [0;36mcreated pointer[0m = 0xc000171880 [0;36mglobal db counter[0m = 3 [0;36mNewSerialDB[0m = 0.0034s [0;36mmkdirAll[0m = 0.0001s [0;36mopenLevelDB[0m = 0.0032s 
[0;36mDEBUG[0m[2026-03-16 10:14:16.811]   PruningStorer.processPersistersToClose   [0;36mepochs to close[0m = [129] [0;36mbefore process[0m = [131 130 129] [0;36mafter process[0m = [131 130] 
[0;36mDEBUG[0m[2026-03-16 10:14:16.812]   makeDbPointerNilReturningLast            [0;36mpath[0m = TestOnly-Epoch_129/Shard_0/id [0;36mnilled pointer[0m = 0xc000580540 [0;36mglobal db counter[0m = 2 
[0;36mDEBUG[0m[2026-03-16 10:14:16.812]   processLoop - closing the leveldb process loop [0;36mpath[0m = TestOnly-Epoch_129/Shard_0/id 
[0;36mDEBUG[0m[2026-03-16 10:14:16.812]   batchTimeoutHandle - closing             [0;36mpath[0m = TestOnly-Epoch_129/Shard_0/id 
[0;36mDEBUG[0m[2026-03-16 10:14:16.813]   PruningStorer - change epoch             [0;36munit[0m = id [0;36mepoch[0m = 132 [0;36mbytes in cache[0m = 0 
[0;36mDEBUG[0m[2026-03-16 10:14:16.816]   opened serial level db persister         [0;36mpath[0m = TestOnly-Epoch_132/Shard_0/id [0;36mcreated pointer[0m = 0xc0005c4c40 [0;36mglobal db counter[0m = 3 [0;36mNewSerialDB[0m = 0.0026s [0;36mmkdirAll[0m = 0.0002s [0;36mopenLevelDB[0m = 0.0024s 
[0;36mDEBUG[0m[2026-03-16 10:14:16.816]   PruningStorer.processPersistersToClose   [0;36mepochs to close[0m = [130] [0;36mbefore process[0m = [132 131 130] [0;36mafter process[0m = [132 131] 
[0;36mDEBUG[0m[2026-03-16 10:14:16.816]   makeDbPointerNilReturningLast            [0;36mpath[0m = TestOnly-Epoch_130/Shard_0/id [0;36mnilled pointer[0m = 0xc0005808c0 [0;36mglobal db counter[0m = 2 
[0;36mDEBUG[0m[2026-03-16 10:14:16.816]   processLoop - closing the leveldb process loop [0;36mpath[0m = TestOnly-Epoch_130/Shard_0/id 
[0;36mDEBUG[0m[2026-03-16 10:14:16.816]   batchTimeoutHandle - closing             [0;36mpath[0m = TestOnly-Epoch_130/Shard_0/id 
[0;36mDEBUG[0m[2026-03-16 10:14:16.817]   PruningStorer - change epoch             [0;36munit[0m = id [0;36mepoch[0m = 133 [0;36mbytes in cache[0m = 0 
[0;36mDEBUG[0m[2026-03-16 10:14:16.821]   opened serial level db persister         [0;36mpath[0m = TestOnly-Epoch_133/Shard_0/id [0;36mcreated pointer[0m = 0xc000580a80 [0;36mglobal db counter[0m = 3 [0;36mNewSerialDB[0m = 0.0034s [0;36mmkdirAll[0m = 0.0002s [0;36mopenLevelDB[0m = 0.0032s 
[0;36mDEBUG[0m[2026-03-16 10:14:16.821]   PruningStorer.processPersistersToClose   [0;36mepochs to close[0m = [131] [0;36mbefore process[0m = [133 132 131] [0;36mafter process[0m = [133 132] 
[0;36mDEBUG[0m[2026-03-16 10:14:16.821]   makeDbPointerNilReturningLast            [0;36mpath[0m = TestOnly-Epoch_131/Shard_0/id [0;36mnilled pointer[0m = 0xc000171880 [0;36mglobal db counter[0m = 2 
[0;36mDEBUG[0m[2026-03-16 10:14:16.821]   processLoop - closing the leveldb process loop [0;36mpath[0m = TestOnly-Epoch_131/Shard_0/id 
[0;36mDEBUG[0m[2026-03-16 10:14:16.821]   batchTimeoutHandle - closing             [0;36mpath[0m = TestOnly-Epoch_131/Shard_0/id 
[0;36mDEBUG[0m[2026-03-16 10:14:16.823]   PruningStorer - change epoch             [0;36munit[0m = id [0;36mepoch[0m = 134 [0;36mbytes in cache[0m = 0 
[0;36mDEBUG[0m[2026-03-16 10:14:16.826]   opened serial level db persister         [0;36mpath[0m = TestOnly-Epoch_134/Shard_0/id [0;36mcreated pointer[0m = 0xc002209880 [0;36mglobal db counter[0m = 3 [0;36mNewSerialDB[0m = 0.0036s [0;36mmkdirAll[0m = 0.0001s [0;36mopenLevelDB[0m = 0.0035s 
[0;36mDEBUG[0m[2026-03-16 10:14:16.826]   PruningStorer.processPersistersToClose   [0;36mepochs to close[0m = [132] [0;36mbefore process[0m = [134 133 132] [0;36mafter process[0m = [134 133] 
[0;36mDEBUG[0m[2026-03-16 10:14:16.827]   makeDbPointerNilReturningLast            [0;36mpath[0m = TestOnly-Epoch_132/Shard_0/id [0;36mnilled pointer[0m = 0xc0005c4c40 [0;36mglobal db counter[0m = 2 
[0;36mDEBUG[0m[2026-03-16 10:14:16.827]   processLoop - closing the leveldb process loop [0;36mpath[0m = TestOnly-Epoch_132/Shard_0/id 
[0;36mDEBUG[0m[2026-03-16 10:14:16.827]   batchTimeoutHandle - closing             [0;36mpath[0m = TestOnly-Epoch_132/Shard_0/id 
[0;36mDEBUG[0m[2026-03-16 10:14:16.830]   PruningStorer - change epoch             [0;36munit[0m = id [0;36mepoch[0m = 135 [0;36mbytes in cache[0m = 0 
[0;36mDEBUG[0m[2026-03-16 10:14:16.833]   opened serial level db persister         [0;36mpath[0m = TestOnly-Epoch_135/Shard_0/id [0;36mcreated pointer[0m = 0xc000580700 [0;36mglobal db counter[0m = 3 [0;36mNewSerialDB[0m = 0.0028s [0;36mmkdirAll[0m = 0.0002s [0;36mopenLevelDB[0m = 0.0026s 
[0;36mDEBUG[0m[2026-03-16 10:14:16.833]   PruningStorer.processPersistersToClose   [0;36mepochs to close[0m = [133] [0;36mbefore process[0m = [135 134 133] [0;36mafter process[0m = [135 134] 
[0;36mDEBUG[0m[2026-03-16 10:14:16.834]   makeDbPointerNilReturningLast            [0;36mpath[0m = TestOnly-Epoch_133/Shard_0/id [0;36mnilled pointer[0m = 0xc000580a80 [0;36mglobal db counter[0m = 2 
[0;36mDEBUG[0m[2026-03-16 10:14:16.834]   batchTimeoutHandle - closing             [0;36mpath[0m = TestOnly-Epoch_133/Shard_0/id 
[0;36mDEBUG[0m[2026-03-16 10:14:16.834]   processLoop - closing the leveldb process loop [0;36mpath[0m = TestOnly-Epoch_133/Shard_0/id 
[0;36mDEBUG[0m[2026-03-16 10:14:16.835]   PruningStorer - change epoch             [0;36munit[0m = id [0;36mepoch[0m = 136 [0;36mbytes in cache[0m = 0 
[0;36mDEBUG[0m[2026-03-16 10:14:16.837]   opened serial level db persister         [0;36mpath[0m = TestOnly-Epoch_136/Shard_0/id [0;36mcreated pointer[0m = 0xc0003621c0 [0;36mglobal db counter[0m = 3 [0;36mNewSerialDB[0m = 0.0024s [0;36mmkdirAll[0m = 0.0001s [0;36mopenLevelDB[0m = 0.0023s 
[0;36mDEBUG[0m[2026-03-16 10:14:16.837]   PruningStorer.processPersistersToClose   [0;36mepochs to close[0m = [134] [0;36mbefore process[0m = [136 135 134] [0;36mafter process[0m = [136 135] 
[0;36mDEBUG[0m[2026-03-16 10:14:16.838]   makeDbPointerNilReturningLast            [0;36mpath[0m = TestOnly-Epoch_134/Shard_0/id [0;36mnilled pointer[0m = 0xc002209880 [0;36mglobal db counter[0m = 2 
[0;36mDEBUG[0m[2026-03-16 10:14:16.838]   batchTimeoutHandle - closing             [0;36mpath[0m = TestOnly-Epoch_134/Shard_0/id 
[0;36mDEBUG[0m[2026-03-16 10:14:16.838]   processLoop - closing the leveldb process loop [0;36mpath[0m = TestOnly-Epoch_134/Shard_0/id 
[0;36mDEBUG[0m[2026-03-16 10:14:16.839]   PruningStorer - change epoch             [0;36munit[0m = id [0;36mepoch[0m = 137 [0;36mbytes in cache[0m = 0 
[0;36mDEBUG[0m[2026-03-16 10:14:16.842]   opened serial level db persister         [0;36mpath[0m = TestOnly-Epoch_137/Shard_0/id [0;36mcreated pointer[0m = 0xc000581180 [0;36mglobal db counter[0m = 3 [0;36mNewSerialDB[0m = 0.0028s [0;36mmkdirAll[0m = 0.0001s [0;36mopenLevelDB[0m = 0.0026s 
[0;36mDEBUG[0m[2026-03-16 10:14:16.842]   PruningStorer.processPersistersToClose   [0;36mepochs to close[0m = [135] [0;36mbefore process[0m = [137 136 135] [0;36mafter process[0m = [137 136] 
[0;36mDEBUG[0m[2026-03-16 10:14:16.842]   makeDbPointerNilReturningLast            [0;36mpath[0m = TestOnly-Epoch_135/Shard_0/id [0;36mnilled pointer[0m = 0xc000580700 [0;36mglobal db counter[0m = 2 
[0;36mDEBUG[0m[2026-03-16 10:14:16.842]   processLoop - closing the leveldb process loop [0;36mpath[0m = TestOnly-Epoch_135/Shard_0/id 
[0;36mDEBUG[0m[2026-03-16 10:14:16.842]   batchTimeoutHandle - closing             [0;36mpath[0m = TestOnly-Epoch_135/Shard_0/id 
[0;36mDEBUG[0m[2026-03-16 10:14:16.843]   PruningStorer - change epoch             [0;36munit[0m = id [0;36mepoch[0m = 138 [0;36mbytes in cache[0m = 0 
[0;36mDEBUG[0m[2026-03-16 10:14:16.846]   opened serial level db persister         [0;36mpath[0m = TestOnly-Epoch_138/Shard_0/id [0;36mcreated pointer[0m = 0xc000490fc0 [0;36mglobal db counter[0m = 3 [0;36mNewSerialDB[0m = 0.0029s [0;36mmkdirAll[0m = 0.0002s [0;36mopenLevelDB[0m = 0.0027s 
[0;36mDEBUG[0m[2026-03-16 10:14:16.846]   PruningStorer.processPersistersToClose   [0;36mepochs to close[0m = [136] [0;36mbefore process[0m = [138 137 136] [0;36mafter process[0m = [138 137] 
[0;36mDEBUG[0m[2026-03-16 10:14:16.846]   makeDbPointerNilReturningLast            [0;36mpath[0m = TestOnly-Epoch_136/Shard_0/id [0;36mnilled pointer[0m = 0xc0003621c0 [0;36mglobal db counter[0m = 2 
[0;36mDEBUG[0m[2026-03-16 10:14:16.846]   processLoop - closing the leveldb process loop [0;36mpath[0m = TestOnly-Epoch_136/Shard_0/id 
[0;36mDEBUG[0m[2026-03-16 10:14:16.846]   batchTimeoutHandle - closing             [0;36mpath[0m = TestOnly-Epoch_136/Shard_0/id 
[0;36mDEBUG[0m[2026-03-16 10:14:16.848]   PruningStorer - change epoch             [0;36munit[0m = id [0;36mepoch[0m = 139 [0;36mbytes in cache[0m = 0 
[0;36mDEBUG[0m[2026-03-16 10:14:16.850]   opened serial level db persister         [0;36mpath[0m = TestOnly-Epoch_139/Shard_0/id [0;36mcreated pointer[0m = 0xc000580fc0 [0;36mglobal db counter[0m = 3 [0;36mNewSerialDB[0m = 0.0023s [0;36mmkdirAll[0m = 0.0001s [0;36mopenLevelDB[0m = 0.0022s 
[0;36mDEBUG[0m[2026-03-16 10:14:16.850]   PruningStorer.processPersistersToClose   [0;36mepochs to close[0m = [137] [0;36mbefore process[0m = [139 138 137] [0;36mafter process[0m = [139 138] 
[0;36mDEBUG[0m[2026-03-16 10:14:16.851]   makeDbPointerNilReturningLast            [0;36mpath[0m = TestOnly-Epoch_137/Shard_0/id [0;36mnilled pointer[0m = 0xc000581180 [0;36mglobal db counter[0m = 2 
[0;36mDEBUG[0m[2026-03-16 10:14:16.851]   processLoop - closing the leveldb process loop [0;36mpath[0m = TestOnly-Epoch_137/Shard_0/id 
[0;36mDEBUG[0m[2026-03-16 10:14:16.851]   batchTimeoutHandle - closing             [0;36mpath[0m = TestOnly-Epoch_137/Shard_0/id 
[0;36mDEBUG[0m[2026-03-16 10:14:16.852]   PruningStorer - change epoch             [0;36munit[0m = id [0;36mepoch[0m = 140 [0;36mbytes in cache[0m = 0 
[0;36mDEBUG[0m[2026-03-16 10:14:16.855]   opened serial level db persister         [0;36mpath[0m = TestOnly-Epoch_140/Shard_0/id [0;36mcreated pointer[0m = 0xc0005c5180 [0;36mglobal db counter[0m = 3 [0;36mNewSerialDB[0m = 0.0028s [0;36mmkdirAll[0m = 0.0001s [0;36mopenLevelDB[0m = 0.0026s 
[0;36mDEBUG[0m[2026-03-16 10:14:16.855]   PruningStorer.processPersistersToClose   [0;36mepochs to close[0m = [138] [0;36mbefore process[0m = [140 139 138] [0;36mafter process[0m = [140 139] 
[0;36mDEBUG[0m[2026-03-16 10:14:16.855]   makeDbPointerNilReturningLast            [0;36mpath[0m = TestOnly-Epoch_138/Shard_0/id [0;36mnilled pointer[0m = 0xc000490fc0 [0;36mglobal db counter[0m = 2 
[0;36mDEBUG[0m[2026-03-16 10:14:16.855]   processLoop - closing the leveldb process loop [0;36mpath[0m = TestOnly-Epoch_138/Shard_0/id 
[0;36mDEBUG[0m[2026-03-16 10:14:16.855]   batchTimeoutHandle - closing             [0;36mpath[0m = TestOnly-Epoch_138/Shard_0/id 
[0;36mDEBUG[0m[2026-03-16 10:14:16.856]   PruningStorer - change epoch             [0;36munit[0m = id [0;36mepoch[0m = 141 [0;36mbytes in cache[0m = 0 
[0;36mDEBUG[0m[2026-03-16 10:14:16.859]   opened serial level db persister         [0;36mpath[0m = TestOnly-Epoch_141/Shard_0/id [0;36mcreated pointer[0m = 0xc002209a40 [0;36mglobal db counter[0m = 3 [0;36mNewSerialDB[0m = 0.0028s [0;36mmkdirAll[0m = 0.0002s [0;36mopenLevelDB[0m = 0.0026s 
[0;36mDEBUG[0m[2026-03-16 10:14:16.859]   PruningStorer.processPersistersToClose   [0;36mepochs to close[0m = [139] [0;36mbefore process[0m = [141 140 139] [0;36mafter process[0m = [141 140] 
[0;36mDEBUG[0m[2026-03-16 10:14:16.860]   makeDbPointerNilReturningLast            [0;36mpath[0m = TestOnly-Epoch_139/Shard_0/id [0;36mnilled pointer[0m = 0xc000580fc0 [0;36mglobal db counter[0m = 2 
[0;36mDEBUG[0m[2026-03-16 10:14:16.860]   processLoop - closing the leveldb process loop [0;36mpath[0m = TestOnly-Epoch_139/Shard_0/id 
[0;36mDEBUG[0m[2026-03-16 10:14:16.860]   batchTimeoutHandle - closing             [0;36mpath[0m = TestOnly-Epoch_139/Shard_0/id 
[0;36mDEBUG[0m[2026-03-16 10:14:16.861]   PruningStorer - change epoch             [0;36munit[0m = id [0;36mepoch[0m = 142 [0;36mbytes in cache[0m = 0 
[0;36mDEBUG[0m[2026-03-16 10:14:16.864]   opened serial level db persister         [0;36mpath[0m = TestOnly-Epoch_142/Shard_0/id [0;36mcreated pointer[0m = 0xc0005c5500 [0;36mglobal db counter[0m = 3 [0;36mNewSerialDB[0m = 0.0027s [0;36mmkdirAll[0m = 0.0002s [0;36mopenLevelDB[0m = 0.0025s 
[0;36mDEBUG[0m[2026-03-16 10:14:16.864]   PruningStorer.processPersistersToClose   [0;36mepochs to close[0m = [140] [0;36mbefore process[0m = [142 141 140] [0;36mafter process[0m = [142 141] 
[0;36mDEBUG[0m[2026-03-16 10:14:16.864]   makeDbPointerNilReturningLast            [0;36mpath[0m = TestOnly-Epoch_140/Shard_0/id [0;36mnilled pointer[0m = 0xc0005c5180 [0;36mglobal db counter[0m = 2 
[0;36mDEBUG[0m[2026-03-16 10:14:16.864]   processLoop - closing the leveldb process loop [0;36mpath[0m = TestOnly-Epoch_140/Shard_0/id 
[0;36mDEBUG[0m[2026-03-16 10:14:16.864]   batchTimeoutHandle - closing             [0;36mpath[0m = TestOnly-Epoch_140/Shard_0/id 
[0;36mDEBUG[0m[2026-03-16 10:14:16.865]   PruningStorer - change epoch             [0;36munit[0m = id [0;36mepoch[0m = 143 [0;36mbytes in cache[0m = 0 
[0;36mDEBUG[0m[2026-03-16 10:14:16.867]   opened serial level db persister         [0;36mpath[0m = TestOnly-Epoch_143/Shard_0/id [0;36mcreated pointer[0m = 0xc0005c5880 [0;36mglobal db counter[0m = 3 [0;36mNewSerialDB[0m = 0.0022s [0;36mmkdirAll[0m = 0.0001s [0;36mopenLevelDB[0m = 0.0021s 
[0;36mDEBUG[0m[2026-03-16 10:14:16.867]   PruningStorer.processPersistersToClose   [0;36mepochs to close[0m = [141] [0;36mbefore process[0m = [143 142 141] [0;36mafter process[0m = [143 142] 
[0;36mDEBUG[0m[2026-03-16 10:14:16.868]   makeDbPointerNilReturningLast            [0;36mpath[0m = TestOnly-Epoch_141/Shard_0/id [0;36mnilled pointer[0m = 0xc002209a40 [0;36mglobal db counter[0m = 2 
[0;36mDEBUG[0m[2026-03-16 10:14:16.868]   processLoop - closing the leveldb process loop [0;36mpath[0m = TestOnly-Epoch_141/Shard_0/id 
[0;36mDEBUG[0m[2026-03-16 10:14:16.868]   batchTimeoutHandle - closing             [0;36mpath[0m = TestOnly-Epoch_141/Shard_0/id 
[0;36mDEBUG[0m[2026-03-16 10:14:16.869]   PruningStorer - change epoch             [0;36munit[0m = id [0;36mepoch[0m = 144 [0;36mbytes in cache[0m = 0 
[0;36mDEBUG[0m[2026-03-16 10:14:16.872]   opened serial level db persister         [0;36mpath[0m = TestOnly-Epoch_144/Shard_0/id [0;36mcreated pointer[0m = 0xc000490380 [0;36mglobal db counter[0m = 3 [0;36mNewSerialDB[0m = 0.0024s [0;36mmkdirAll[0m = 0.0002s [0;36mopenLevelDB[0m = 0.0023s 
[0;36mDEBUG[0m[2026-03-16 10:14:16.872]   PruningStorer.processPersistersToClose   [0;36mepochs to close[0m = [142] [0;36mbefore process[0m = [144 143 142] [0;36mafter process[0m = [144 143] 
[0;36mDEBUG[0m[2026-03-16 10:14:16.872]   makeDbPointerNilReturningLast            [0;36mpath[0m = TestOnly-Epoch_142/Shard_0/id [0;36mnilled pointer[0m = 0xc0005c5500 [0;36mglobal db counter[0m = 2 
[0;36mDEBUG[0m[2026-03-16 10:14:16.872]   processLoop - closing the leveldb process loop [0;36mpath[0m = TestOnly-Epoch_142/Shard_0/id 
[0;36mDEBUG[0m[2026-03-16 10:14:16.872]   batchTimeoutHandle - closing             [0;36mpath[0m = TestOnly-Epoch_142/Shard_0/id 
[0;36mDEBUG[0m[2026-03-16 10:14:16.874]   PruningStorer - change epoch             [0;36munit[0m = id [0;36mepoch[0m = 145 [0;36mbytes in cache[0m = 0 
[0;36mDEBUG[0m[2026-03-16 10:14:16.876]   opened serial level db persister         [0;36mpath[0m = TestOnly-Epoch_145/Shard_0/id [0;36mcreated pointer[0m = 0xc0005c5c00 [0;36mglobal db counter[0m = 3 [0;36mNewSerialDB[0m = 0.0023s [0;36mmkdirAll[0m = 0.0001s [0;36mopenLevelDB[0m = 0.0021s 
[0;36mDEBUG[0m[2026-03-16 10:14:16.876]   PruningStorer.processPersistersToClose   [0;36mepochs to close[0m = [143] [0;36mbefore process[0m = [145 144 143] [0;36mafter process[0m = [145 144] 
[0;36mDEBUG[0m[2026-03-16 10:14:16.876]   makeDbPointerNilReturningLast            [0;36mpath[0m = TestOnly-Epoch_143/Shard_0/id [0;36mnilled pointer[0m = 0xc0005c5880 [0;36mglobal db counter[0m = 2 
[0;36mDEBUG[0m[2026-03-16 10:14:16.876]   batchTimeoutHandle - closing             [0;36mpath[0m = TestOnly-Epoch_143/Shard_0/id 
[0;36mDEBUG[0m[2026-03-16 10:14:16.876]   processLoop - closing the leveldb process loop [0;36mpath[0m = TestOnly-Epoch_143/Shard_0/id 
[0;36mDEBUG[0m[2026-03-16 10:14:16.878]   PruningStorer - change epoch             [0;36munit[0m = id [0;36mepoch[0m = 146 [0;36mbytes in cache[0m = 0 
[0;36mDEBUG[0m[2026-03-16 10:14:16.881]   opened serial level db persister         [0;36mpath[0m = TestOnly-Epoch_146/Shard_0/id [0;36mcreated pointer[0m = 0xc000363880 [0;36mglobal db counter[0m = 3 [0;36mNewSerialDB[0m = 0.0027s [0;36mmkdirAll[0m = 0.0002s [0;36mopenLevelDB[0m = 0.0025s 
[0;36mDEBUG[0m[2026-03-16 10:14:16.881]   PruningStorer.processPersistersToClose   [0;36mepochs to close[0m = [144] [0;36mbefore process[0m = [146 145 144] [0;36mafter process[0m = [146 145] 
[0;36mDEBUG[0m[2026-03-16 10:14:16.881]   makeDbPointerNilReturningLast            [0;36mpath[0m = TestOnly-Epoch_144/Shard_0/id [0;36mnilled pointer[0m = 0xc000490380 [0;36mglobal db counter[0m = 2 
[0;36mDEBUG[0m[2026-03-16 10:14:16.881]   processLoop - closing the leveldb process loop [0;36mpath[0m = TestOnly-Epoch_144/Shard_0/id 
[0;36mDEBUG[0m[2026-03-16 10:14:16.881]   batchTimeoutHandle - closing             [0;36mpath[0m = TestOnly-Epoch_144/Shard_0/id 
[0;36mDEBUG[0m[2026-03-16 10:14:16.882]   PruningStorer - change epoch             [0;36munit[0m = id [0;36mepoch[0m = 147 [0;36mbytes in cache[0m = 0 
[0;36mDEBUG[0m[2026-03-16 10:14:16.886]   opened serial level db persister         [0;36mpath[0m = TestOnly-Epoch_147/Shard_0/id [0;36mcreated pointer[0m = 0xc000158e00 [0;36mglobal db counter[0m = 3 [0;36mNewSerialDB[0m = 0.0038s [0;36mmkdirAll[0m = 0.0001s [0;36mopenLevelDB[0m = 0.0037s 
[0;36mDEBUG[0m[2026-03-16 10:14:16.886]   PruningStorer.processPersistersToClose   [0;36mepochs to close[0m = [145] [0;36mbefore process[0m = [147 146 145] [0;36mafter process[0m = [147 146] 
[0;36mDEBUG[0m[2026-03-16 10:14:16.887]   makeDbPointerNilReturningLast            [0;36mpath[0m = TestOnly-Epoch_145/Shard_0/id [0;36mnilled pointer[0m = 0xc0005c5c00 [0;36mglobal db counter[0m = 2 
[0;36mDEBUG[0m[2026-03-16 10:14:16.887]   processLoop - closing the leveldb process loop [0;36mpath[0m = TestOnly-Epoch_145/Shard_0/id 
[0;36mDEBUG[0m[2026-03-16 10:14:16.887]   batchTimeoutHandle - closing             [0;36mpath[0m = TestOnly-Epoch_145/Shard_0/id 
[0;36mDEBUG[0m[2026-03-16 10:14:16.889]   PruningStorer - change epoch             [0;36munit[0m = id [0;36mepoch[0m = 148 [0;36mbytes in cache[0m = 0 
[0;36mDEBUG[0m[2026-03-16 10:14:16.891]   opened serial level db persister         [0;36mpath[0m = TestOnly-Epoch_148/Shard_0/id [0;36mcreated pointer[0m = 0xc002209500 [0;36mglobal db counter[0m = 3 [0;36mNewSerialDB[0m = 0.0024s [0;36mmkdirAll[0m = 0.0001s [0;36mopenLevelDB[0m = 0.0023s 
[0;36mDEBUG[0m[2026-03-16 10:14:16.891]   PruningStorer.processPersistersToClose   [0;36mepochs to close[0m = [146] [0;36mbefore process[0m = [148 147 146] [0;36mafter process[0m = [148 147] 
[0;36mDEBUG[0m[2026-03-16 10:14:16.892]   makeDbPointerNilReturningLast            [0;36mpath[0m = TestOnly-Epoch_146/Shard_0/id [0;36mnilled pointer[0m = 0xc000363880 [0;36mglobal db counter[0m = 2 
[0;36mDEBUG[0m[2026-03-16 10:14:16.892]   processLoop - closing the leveldb process loop [0;36mpath[0m = TestOnly-Epoch_146/Shard_0/id 
[0;36mDEBUG[0m[2026-03-16 10:14:16.892]   batchTimeoutHandle - closing             [0;36mpath[0m = TestOnly-Epoch_146/Shard_0/id 
[0;36mDEBUG[0m[2026-03-16 10:14:16.893]   PruningStorer - change epoch             [0;36munit[0m = id [0;36mepoch[0m = 149 [0;36mbytes in cache[0m = 0 
[0;36mDEBUG[0m[2026-03-16 10:14:16.896]   opened serial level db persister         [0;36mpath[0m = TestOnly-Epoch_149/Shard_0/id [0;36mcreated pointer[0m = 0xc0002836c0 [0;36mglobal db counter[0m = 3 [0;36mNewSerialDB[0m = 0.0028s [0;36mmkdirAll[0m = 0.0002s [0;36mopenLevelDB[0m = 0.0026s 
[0;36mDEBUG[0m[2026-03-16 10:14:16.896]   PruningStorer.processPersistersToClose   [0;36mepochs to close[0m = [147] [0;36mbefore process[0m = [149 148 147] [0;36mafter process[0m = [149 148] 
[0;36mDEBUG[0m[2026-03-16 10:14:16.896]   processLoop - closing the leveldb process loop [0;36mpath[0m = TestOnly-Epoch_147/Shard_0/id 
[0;36mDEBUG[0m[2026-03-16 10:14:16.896]   makeDbPointerNilReturningLast            [0;36mpath[0m = TestOnly-Epoch_147/Shard_0/id [0;36mnilled pointer[0m = 0xc000158e00 [0;36mglobal db counter[0m = 2 
[0;36mDEBUG[0m[2026-03-16 10:14:16.896]   batchTimeoutHandle - closing             [0;36mpath[0m = TestOnly-Epoch_147/Shard_0/id 
[0;36mDEBUG[0m[2026-03-16 10:14:16.897]   PruningStorer - change epoch             [0;36munit[0m = id [0;36mepoch[0m = 150 [0;36mbytes in cache[0m = 0 
[0;36mDEBUG[0m[2026-03-16 10:14:16.902]   opened serial level db persister         [0;36mpath[0m = TestOnly-Epoch_150/Shard_0/id [0;36mcreated pointer[0m = 0xc0005c5a40 [0;36mglobal db counter[0m = 3 [0;36mNewSerialDB[0m = 0.0043s [0;36mmkdirAll[0m = 0.0002s [0;36mopenLevelDB[0m = 0.0041s 
[0;36mDEBUG[0m[2026-03-16 10:14:16.902]   PruningStorer.processPersistersToClose   [0;36mepochs to close[0m = [148] [0;36mbefore process[0m = [150 149 148] [0;36mafter process[0m = [150 149] 
[0;36mDEBUG[0m[2026-03-16 10:14:16.902]   makeDbPointerNilReturningLast            [0;36mpath[0m = TestOnly-Epoch_148/Shard_0/id [0;36mnilled pointer[0m = 0xc002209500 [0;36mglobal db counter[0m = 2 
[0;36mDEBUG[0m[2026-03-16 10:14:16.902]   processLoop - closing the leveldb process loop [0;36mpath[0m = TestOnly-Epoch_148/Shard_0/id 
[0;36mDEBUG[0m[2026-03-16 10:14:16.902]   batchTimeoutHandle - closing             [0;36mpath[0m = TestOnly-Epoch_148/Shard_0/id 
[0;36mDEBUG[0m[2026-03-16 10:14:16.903]   PruningStorer - change epoch             [0;36munit[0m = id [0;36mepoch[0m = 151 [0;36mbytes in cache[0m = 0 
[0;36mDEBUG[0m[2026-03-16 10:14:16.906]   opened serial level db persister         [0;36mpath[0m = TestOnly-Epoch_151/Shard_0/id [0;36mcreated pointer[0m = 0xc000362a80 [0;36mglobal db counter[0m = 3 [0;36mNewSerialDB[0m = 0.0023s [0;36mmkdirAll[0m = 0.0002s [0;36mopenLevelDB[0m = 0.0022s 
[0;36mDEBUG[0m[2026-03-16 10:14:16.906]   PruningStorer.processPersistersToClose   [0;36mepochs to close[0m = [149] [0;36mbefore process[0m = [151 150 149] [0;36mafter process[0m = [151 150] 
[0;36mDEBUG[0m[2026-03-16 10:14:16.906]   makeDbPointerNilReturningLast            [0;36mpath[0m = TestOnly-Epoch_149/Shard_0/id [0;36mnilled pointer[0m = 0xc0002836c0 [0;36mglobal db counter[0m = 2 
[0;36mDEBUG[0m[2026-03-16 10:14:16.906]   processLoop - closing the leveldb process loop [0;36mpath[0m = TestOnly-Epoch_149/Shard_0/id 
[0;36mDEBUG[0m[2026-03-16 10:14:16.906]   batchTimeoutHandle - closing             [0;36mpath[0m = TestOnly-Epoch_149/Shard_0/id 
[0;36mDEBUG[0m[2026-03-16 10:14:16.908]   PruningStorer - change epoch             [0;36munit[0m = id [0;36mepoch[0m = 152 [0;36mbytes in cache[0m = 0 
[0;36mDEBUG[0m[2026-03-16 10:14:16.910]   opened serial level db persister         [0;36mpath[0m = TestOnly-Epoch_152/Shard_0/id [0;36mcreated pointer[0m = 0xc000cfec40 [0;36mglobal db counter[0m = 3 [0;36mNewSerialDB[0m = 0.0025s [0;36mmkdirAll[0m = 0.0002s [0;36mopenLevelDB[0m = 0.0023s 
[0;36mDEBUG[0m[2026-03-16 10:14:16.910]   PruningStorer.processPersistersToClose   [0;36mepochs to close[0m = [150] [0;36mbefore process[0m = [152 151 150] [0;36mafter process[0m = [152 151] 
[0;36mDEBUG[0m[2026-03-16 10:14:16.911]   makeDbPointerNilReturningLast            [0;36mpath[0m = TestOnly-Epoch_150/Shard_0/id [0;36mnilled pointer[0m = 0xc0005c5a40 [0;36mglobal db counter[0m = 2 
[0;36mDEBUG[0m[2026-03-16 10:14:16.911]   processLoop - closing the leveldb process loop [0;36mpath[0m = TestOnly-Epoch_150/Shard_0/id 
[0;36mDEBUG[0m[2026-03-16 10:14:16.911]   batchTimeoutHandle - closing             [0;36mpath[0m = TestOnly-Epoch_150/Shard_0/id 
[0;36mDEBUG[0m[2026-03-16 10:14:16.912]   PruningStorer - change epoch             [0;36munit[0m = id [0;36mepoch[0m = 153 [0;36mbytes in cache[0m = 0 
[0;36mDEBUG[0m[2026-03-16 10:14:16.915]   opened serial level db persister         [0;36mpath[0m = TestOnly-Epoch_153/Shard_0/id [0;36mcreated pointer[0m = 0xc000105180 [0;36mglobal db counter[0m = 3 [0;36mNewSerialDB[0m = 0.0030s [0;36mmkdirAll[0m = 0.0001s [0;36mopenLevelDB[0m = 0.0029s 
[0;36mDEBUG[0m[2026-03-16 10:14:16.915]   PruningStorer.processPersistersToClose   [0;36mepochs to close[0m = [151] [0;36mbefore process[0m = [153 152 151] [0;36mafter process[0m = [153 152] 
[0;36mDEBUG[0m[2026-03-16 10:14:16.915]   makeDbPointerNilReturningLast            [0;36mpath[0m = TestOnly-Epoch_151/Shard_0/id [0;36mnilled pointer[0m = 0xc000362a80 [0;36mglobal db counter[0m = 2 
[0;36mDEBUG[0m[2026-03-16 10:14:16.916]   processLoop - closing the leveldb process loop [0;36mpath[0m = TestOnly-Epoch_151/Shard_0/id 
[0;36mDEBUG[0m[2026-03-16 10:14:16.916]   batchTimeoutHandle - closing             [0;36mpath[0m = TestOnly-Epoch_151/Shard_0/id 
[0;36mDEBUG[0m[2026-03-16 10:14:16.917]   PruningStorer - change epoch             [0;36munit[0m = id [0;36mepoch[0m = 154 [0;36mbytes in cache[0m = 0 
[0;36mDEBUG[0m[2026-03-16 10:14:16.921]   opened serial level db persister         [0;36mpath[0m = TestOnly-Epoch_154/Shard_0/id [0;36mcreated pointer[0m = 0xc00033c1c0 [0;36mglobal db counter[0m = 3 [0;36mNewSerialDB[0m = 0.0038s [0;36mmkdirAll[0m = 0.0001s [0;36mopenLevelDB[0m = 0.0037s 
[0;36mDEBUG[0m[2026-03-16 10:14:16.921]   PruningStorer.processPersistersToClose   [0;36mepochs to close[0m = [152] [0;36mbefore process[0m = [154 153 152] [0;36mafter process[0m = [154 153] 
[0;36mDEBUG[0m[2026-03-16 10:14:16.921]   makeDbPointerNilReturningLast            [0;36mpath[0m = TestOnly-Epoch_152/Shard_0/id [0;36mnilled pointer[0m = 0xc000cfec40 [0;36mglobal db counter[0m = 2 
[0;36mDEBUG[0m[2026-03-16 10:14:16.921]   processLoop - closing the leveldb process loop [0;36mpath[0m = TestOnly-Epoch_152/Shard_0/id 
[0;36mDEBUG[0m[2026-03-16 10:14:16.921]   batchTimeoutHandle - closing             [0;36mpath[0m = TestOnly-Epoch_152/Shard_0/id 
[0;36mDEBUG[0m[2026-03-16 10:14:16.922]   PruningStorer - change epoch             [0;36munit[0m = id [0;36mepoch[0m = 155 [0;36mbytes in cache[0m = 0 
[0;36mDEBUG[0m[2026-03-16 10:14:16.925]   opened serial level db persister         [0;36mpath[0m = TestOnly-Epoch_155/Shard_0/id [0;36mcreated pointer[0m = 0xc00033c380 [0;36mglobal db counter[0m = 3 [0;36mNewSerialDB[0m = 0.0025s [0;36mmkdirAll[0m = 0.0001s [0;36mopenLevelDB[0m = 0.0024s 
[0;36mDEBUG[0m[2026-03-16 10:14:16.925]   PruningStorer.processPersistersToClose   [0;36mepochs to close[0m = [153] [0;36mbefore process[0m = [155 154 153] [0;36mafter process[0m = [155 154] 
[0;36mDEBUG[0m[2026-03-16 10:14:16.925]   makeDbPointerNilReturningLast            [0;36mpath[0m = TestOnly-Epoch_153/Shard_0/id [0;36mnilled pointer[0m = 0xc000105180 [0;36mglobal db counter[0m = 2 
[0;36mDEBUG[0m[2026-03-16 10:14:16.925]   processLoop - closing the leveldb process loop [0;36mpath[0m = TestOnly-Epoch_153/Shard_0/id 
[0;36mDEBUG[0m[2026-03-16 10:14:16.925]   batchTimeoutHandle - closing             [0;36mpath[0m = TestOnly-Epoch_153/Shard_0/id 
[0;36mDEBUG[0m[2026-03-16 10:14:16.926]   PruningStorer - change epoch             [0;36munit[0m = id [0;36mepoch[0m = 156 [0;36mbytes in cache[0m = 0 
[0;36mDEBUG[0m[2026-03-16 10:14:16.929]   opened serial level db persister         [0;36mpath[0m = TestOnly-Epoch_156/Shard_0/id [0;36mcreated pointer[0m = 0xc000510700 [0;36mglobal db counter[0m = 3 [0;36mNewSerialDB[0m = 0.0024s [0;36mmkdirAll[0m = 0.0001s [0;36mopenLevelDB[0m = 0.0023s 
[0;36mDEBUG[0m[2026-03-16 10:14:16.929]   PruningStorer.processPersistersToClose   [0;36mepochs to close[0m = [154] [0;36mbefore process[0m = [156 155 154] [0;36mafter process[0m = [156 155] 
[0;36mDEBUG[0m[2026-03-16 10:14:16.929]   makeDbPointerNilReturningLast            [0;36mpath[0m = TestOnly-Epoch_154/Shard_0/id [0;36mnilled pointer[0m = 0xc00033c1c0 [0;36mglobal db counter[0m = 2 
[0;36mDEBUG[0m[2026-03-16 10:14:16.929]   processLoop - closing the leveldb process loop [0;36mpath[0m = TestOnly-Epoch_154/Shard_0/id 
[0;36mDEBUG[0m[2026-03-16 10:14:16.929]   batchTimeoutHandle - closing             [0;36mpath[0m = TestOnly-Epoch_154/Shard_0/id 
[0;36mDEBUG[0m[2026-03-16 10:14:16.931]   PruningStorer - change epoch             [0;36munit[0m = id [0;36mepoch[0m = 157 [0;36mbytes in cache[0m = 0 
[0;36mDEBUG[0m[2026-03-16 10:14:16.933]   opened serial level db persister         [0;36mpath[0m = TestOnly-Epoch_157/Shard_0/id [0;36mcreated pointer[0m = 0xc0005c5dc0 [0;36mglobal db counter[0m = 3 [0;36mNewSerialDB[0m = 0.0025s [0;36mmkdirAll[0m = 0.0001s [0;36mopenLevelDB[0m = 0.0024s 
[0;36mDEBUG[0m[2026-03-16 10:14:16.933]   PruningStorer.processPersistersToClose   [0;36mepochs to close[0m = [155] [0;36mbefore process[0m = [157 156 155] [0;36mafter process[0m = [157 156] 
[0;36mDEBUG[0m[2026-03-16 10:14:16.934]   makeDbPointerNilReturningLast            [0;36mpath[0m = TestOnly-Epoch_155/Shard_0/id [0;36mnilled pointer[0m = 0xc00033c380 [0;36mglobal db counter[0m = 2 
[0;36mDEBUG[0m[2026-03-16 10:14:16.934]   processLoop - closing the leveldb process loop [0;36mpath[0m = TestOnly-Epoch_155/Shard_0/id 
[0;36mDEBUG[0m[2026-03-16 10:14:16.934]   batchTimeoutHandle - closing             [0;36mpath[0m = TestOnly-Epoch_155/Shard_0/id 
[0;36mDEBUG[0m[2026-03-16 10:14:16.935]   PruningStorer - change epoch             [0;36munit[0m = id [0;36mepoch[0m = 158 [0;36mbytes in cache[0m = 0 
[0;36mDEBUG[0m[2026-03-16 10:14:16.937]   opened serial level db persister         [0;36mpath[0m = TestOnly-Epoch_158/Shard_0/id [0;36mcreated pointer[0m = 0xc00033c700 [0;36mglobal db counter[0m = 3 [0;36mNewSerialDB[0m = 0.0026s [0;36mmkdirAll[0m = 0.0002s [0;36mopenLevelDB[0m = 0.0025s 
[0;36mDEBUG[0m[2026-03-16 10:14:16.937]   PruningStorer.processPersistersToClose   [0;36mepochs to close[0m = [156] [0;36mbefore process[0m = [158 157 156] [0;36mafter process[0m = [158 157] 
[0;36mDEBUG[0m[2026-03-16 10:14:16.938]   makeDbPointerNilReturningLast            [0;36mpath[0m = TestOnly-Epoch_156/Shard_0/id [0;36mnilled pointer[0m = 0xc000510700 [0;36mglobal db counter[0m = 2 
[0;36mDEBUG[0m[2026-03-16 10:14:16.938]   processLoop - closing the leveldb process loop [0;36mpath[0m = TestOnly-Epoch_156/Shard_0/id 
[0;36mDEBUG[0m[2026-03-16 10:14:16.938]   batchTimeoutHandle - closing             [0;36mpath[0m = TestOnly-Epoch_156/Shard_0/id 
[0;36mDEBUG[0m[2026-03-16 10:14:16.939]   PruningStorer - change epoch             [0;36munit[0m = id [0;36mepoch[0m = 159 [0;36mbytes in cache[0m = 0 
[0;36mDEBUG[0m[2026-03-16 10:14:16.941]   opened serial level db persister         [0;36mpath[0m = TestOnly-Epoch_159/Shard_0/id [0;36mcreated pointer[0m = 0xc0005108c0 [0;36mglobal db counter[0m = 3 [0;36mNewSerialDB[0m = 0.0023s [0;36mmkdirAll[0m = 0.0001s [0;36mopenLevelDB[0m = 0.0021s 
[0;36mDEBUG[0m[2026-03-16 10:14:16.941]   PruningStorer.processPersistersToClose   [0;36mepochs to close[0m = [157] [0;36mbefore process[0m = [159 158 157] [0;36mafter process[0m = [159 158] 
[0;36mDEBUG[0m[2026-03-16 10:14:16.942]   makeDbPointerNilReturningLast            [0;36mpath[0m = TestOnly-Epoch_157/Shard_0/id [0;36mnilled pointer[0m = 0xc0005c5dc0 [0;36mglobal db counter[0m = 2 
[0;36mDEBUG[0m[2026-03-16 10:14:16.942]   processLoop - closing the leveldb process loop [0;36mpath[0m = TestOnly-Epoch_157/Shard_0/id 
[0;36mDEBUG[0m[2026-03-16 10:14:16.942]   batchTimeoutHandle - closing             [0;36mpath[0m = TestOnly-Epoch_157/Shard_0/id 
[0;36mDEBUG[0m[2026-03-16 10:14:16.943]   PruningStorer - change epoch             [0;36munit[0m = id [0;36mepoch[0m = 160 [0;36mbytes in cache[0m = 0 
[0;36mDEBUG[0m[2026-03-16 10:14:16.946]   opened serial level db persister         [0;36mpath[0m = TestOnly-Epoch_160/Shard_0/id [0;36mcreated pointer[0m = 0xc00033c000 [0;36mglobal db counter[0m = 3 [0;36mNewSerialDB[0m = 0.0029s [0;36mmkdirAll[0m = 0.0002s [0;36mopenLevelDB[0m = 0.0028s 
[0;36mDEBUG[0m[2026-03-16 10:14:16.946]   PruningStorer.processPersistersToClose   [0;36mepochs to close[0m = [158] [0;36mbefore process[0m = [160 159 158] [0;36mafter process[0m = [160 159] 
[0;36mDEBUG[0m[2026-03-16 10:14:16.947]   makeDbPointerNilReturningLast            [0;36mpath[0m = TestOnly-Epoch_158/Shard_0/id [0;36mnilled pointer[0m = 0xc00033c700 [0;36mglobal db counter[0m = 2 
[0;36mDEBUG[0m[2026-03-16 10:14:16.947]   processLoop - closing the leveldb process loop [0;36mpath[0m = TestOnly-Epoch_158/Shard_0/id 
[0;36mDEBUG[0m[2026-03-16 10:14:16.947]   batchTimeoutHandle - closing             [0;36mpath[0m = TestOnly-Epoch_158/Shard_0/id 
[0;36mDEBUG[0m[2026-03-16 10:14:16.948]   PruningStorer - change epoch             [0;36munit[0m = id [0;36mepoch[0m = 161 [0;36mbytes in cache[0m = 0 
[0;36mDEBUG[0m[2026-03-16 10:14:16.951]   opened serial level db persister         [0;36mpath[0m = TestOnly-Epoch_161/Shard_0/id [0;36mcreated pointer[0m = 0xc00033d180 [0;36mglobal db counter[0m = 3 [0;36mNewSerialDB[0m = 0.0028s [0;36mmkdirAll[0m = 0.0001s [0;36mopenLevelDB[0m = 0.0027s 
[0;36mDEBUG[0m[2026-03-16 10:14:16.951]   PruningStorer.processPersistersToClose   [0;36mepochs to close[0m = [159] [0;36mbefore process[0m = [161 160 159] [0;36mafter process[0m = [161 160] 
[0;36mDEBUG[0m[2026-03-16 10:14:16.952]   makeDbPointerNilReturningLast            [0;36mpath[0m = TestOnly-Epoch_159/Shard_0/id [0;36mnilled pointer[0m = 0xc0005108c0 [0;36mglobal db counter[0m = 2 
[0;36mDEBUG[0m[2026-03-16 10:14:16.952]   processLoop - closing the leveldb process loop [0;36mpath[0m = TestOnly-Epoch_159/Shard_0/id 
[0;36mDEBUG[0m[2026-03-16 10:14:16.952]   batchTimeoutHandle - closing             [0;36mpath[0m = TestOnly-Epoch_159/Shard_0/id 
[0;36mDEBUG[0m[2026-03-16 10:14:16.953]   PruningStorer - change epoch             [0;36munit[0m = id [0;36mepoch[0m = 162 [0;36mbytes in cache[0m = 0 
[0;36mDEBUG[0m[2026-03-16 10:14:16.956]   opened serial level db persister         [0;36mpath[0m = TestOnly-Epoch_162/Shard_0/id [0;36mcreated pointer[0m = 0xc000327500 [0;36mglobal db counter[0m = 3 [0;36mNewSerialDB[0m = 0.0028s [0;36mmkdirAll[0m = 0.0001s [0;36mopenLevelDB[0m = 0.0027s 
[0;36mDEBUG[0m[2026-03-16 10:14:16.956]   PruningStorer.processPersistersToClose   [0;36mepochs to close[0m = [160] [0;36mbefore process[0m = [162 161 160] [0;36mafter process[0m = [162 161] 
[0;36mDEBUG[0m[2026-03-16 10:14:16.956]   makeDbPointerNilReturningLast            [0;36mpath[0m = TestOnly-Epoch_160/Shard_0/id [0;36mnilled pointer[0m = 0xc00033c000 [0;36mglobal db counter[0m = 2 
[0;36mDEBUG[0m[2026-03-16 10:14:16.956]   processLoop - closing the leveldb process loop [0;36mpath[0m = TestOnly-Epoch_160/Shard_0/id 
[0;36mDEBUG[0m[2026-03-16 10:14:16.956]   batchTimeoutHandle - closing             [0;36mpath[0m = TestOnly-Epoch_160/Shard_0/id 
[0;36mDEBUG[0m[2026-03-16 10:14:16.957]   PruningStorer - change epoch             [0;36munit[0m = id [0;36mepoch[0m = 163 [0;36mbytes in cache[0m = 0 
[0;36mDEBUG[0m[2026-03-16 10:14:16.960]   opened serial level db persister         [0;36mpath[0m = TestOnly-Epoch_163/Shard_0/id [0;36mcreated pointer[0m = 0xc000327dc0 [0;36mglobal db counter[0m = 3 [0;36mNewSerialDB[0m = 0.0025s [0;36mmkdirAll[0m = 0.0001s [0;36mopenLevelDB[0m = 0.0023s 
[0;36mDEBUG[0m[2026-03-16 10:14:16.960]   PruningStorer.processPersistersToClose   [0;36mepochs to close[0m = [161] [0;36mbefore process[0m = [163 162 161] [0;36mafter process[0m = [163 162] 
[0;36mDEBUG[0m[2026-03-16 10:14:16.960]   makeDbPointerNilReturningLast            [0;36mpath[0m = TestOnly-Epoch_161/Shard_0/id [0;36mnilled pointer[0m = 0xc00033d180 [0;36mglobal db counter[0m = 2 
[0;36mDEBUG[0m[2026-03-16 10:14:16.960]   processLoop - closing the leveldb process loop [0;36mpath[0m = TestOnly-Epoch_161/Shard_0/id 
[0;36mDEBUG[0m[2026-03-16 10:14:16.960]   batchTimeoutHandle - closing             [0;36mpath[0m = TestOnly-Epoch_161/Shard_0/id 
[0;36mDEBUG[0m[2026-03-16 10:14:16.962]   PruningStorer - change epoch             [0;36munit[0m = id [0;36mepoch[0m = 164 [0;36mbytes in cache[0m = 0 
[0;36mDEBUG[0m[2026-03-16 10:14:16.964]   opened serial level db persister         [0;36mpath[0m = TestOnly-Epoch_164/Shard_0/id [0;36mcreated pointer[0m = 0xc000510a80 [0;36mglobal db counter[0m = 3 [0;36mNewSerialDB[0m = 0.0029s [0;36mmkdirAll[0m = 0.0002s [0;36mopenLevelDB[0m = 0.0027s 
[0;36mDEBUG[0m[2026-03-16 10:14:16.964]   PruningStorer.processPersistersToClose   [0;36mepochs to close[0m = [162] [0;36mbefore process[0m = [164 163 162] [0;36mafter process[0m = [164 163] 
[0;36mDEBUG[0m[2026-03-16 10:14:16.965]   makeDbPointerNilReturningLast            [0;36mpath[0m = TestOnly-Epoch_162/Shard_0/id [0;36mnilled pointer[0m = 0xc000327500 [0;36mglobal db counter[0m = 2 
[0;36mDEBUG[0m[2026-03-16 10:14:16.965]   processLoop - closing the leveldb process loop [0;36mpath[0m = TestOnly-Epoch_162/Shard_0/id 
[0;36mDEBUG[0m[2026-03-16 10:14:16.965]   batchTimeoutHandle - closing             [0;36mpath[0m = TestOnly-Epoch_162/Shard_0/id 
[0;36mDEBUG[0m[2026-03-16 10:14:16.966]   PruningStorer - change epoch             [0;36munit[0m = id [0;36mepoch[0m = 165 [0;36mbytes in cache[0m = 0 
[0;36mDEBUG[0m[2026-03-16 10:14:16.969]   opened serial level db persister         [0;36mpath[0m = TestOnly-Epoch_165/Shard_0/id [0;36mcreated pointer[0m = 0xc00033cfc0 [0;36mglobal db counter[0m = 3 [0;36mNewSerialDB[0m = 0.0025s [0;36mmkdirAll[0m = 0.0002s [0;36mopenLevelDB[0m = 0.0023s 
[0;36mDEBUG[0m[2026-03-16 10:14:16.969]   PruningStorer.processPersistersToClose   [0;36mepochs to close[0m = [163] [0;36mbefore process[0m = [165 164 163] [0;36mafter process[0m = [165 164] 
[0;36mDEBUG[0m[2026-03-16 10:14:16.969]   makeDbPointerNilReturningLast            [0;36mpath[0m = TestOnly-Epoch_163/Shard_0/id [0;36mnilled pointer[0m = 0xc000327dc0 [0;36mglobal db counter[0m = 2 
[0;36mDEBUG[0m[2026-03-16 10:14:16.969]   processLoop - closing the leveldb process loop [0;36mpath[0m = TestOnly-Epoch_163/Shard_0/id 
[0;36mDEBUG[0m[2026-03-16 10:14:16.969]   batchTimeoutHandle - closing             [0;36mpath[0m = TestOnly-Epoch_163/Shard_0/id 
[0;36mDEBUG[0m[2026-03-16 10:14:16.970]   PruningStorer - change epoch             [0;36munit[0m = id [0;36mepoch[0m = 166 [0;36mbytes in cache[0m = 0 
[0;36mDEBUG[0m[2026-03-16 10:14:16.973]   opened serial level db persister         [0;36mpath[0m = TestOnly-Epoch_166/Shard_0/id [0;36mcreated pointer[0m = 0xc0009761c0 [0;36mglobal db counter[0m = 3 [0;36mNewSerialDB[0m = 0.0028s [0;36mmkdirAll[0m = 0.0001s [0;36mopenLevelDB[0m = 0.0027s 
[0;36mDEBUG[0m[2026-03-16 10:14:16.973]   PruningStorer.processPersistersToClose   [0;36mepochs to close[0m = [164] [0;36mbefore process[0m = [166 165 164] [0;36mafter process[0m = [166 165] 
[0;36mDEBUG[0m[2026-03-16 10:14:16.974]   makeDbPointerNilReturningLast            [0;36mpath[0m = TestOnly-Epoch_164/Shard_0/id [0;36mnilled pointer[0m = 0xc000510a80 [0;36mglobal db counter[0m = 2 
[0;36mDEBUG[0m[2026-03-16 10:14:16.974]   processLoop - closing the leveldb process loop [0;36mpath[0m = TestOnly-Epoch_164/Shard_0/id 
[0;36mDEBUG[0m[2026-03-16 10:14:16.974]   batchTimeoutHandle - closing             [0;36mpath[0m = TestOnly-Epoch_164/Shard_0/id 
[0;36mDEBUG[0m[2026-03-16 10:14:16.975]   PruningStorer - change epoch             [0;36munit[0m = id [0;36mepoch[0m = 167 [0;36mbytes in cache[0m = 0 
[0;36mDEBUG[0m[2026-03-16 10:14:16.978]   opened serial level db persister         [0;36mpath[0m = TestOnly-Epoch_167/Shard_0/id [0;36mcreated pointer[0m = 0xc00033da40 [0;36mglobal db counter[0m = 3 [0;36mNewSerialDB[0m = 0.0029s [0;36mmkdirAll[0m = 0.0001s [0;36mopenLevelDB[0m = 0.0028s 
[0;36mDEBUG[0m[2026-03-16 10:14:16.978]   PruningStorer.processPersistersToClose   [0;36mepochs to close[0m = [165] [0;36mbefore process[0m = [167 166 165] [0;36mafter process[0m = [167 166] 
[0;36mDEBUG[0m[2026-03-16 10:14:16.979]   makeDbPointerNilReturningLast            [0;36mpath[0m = TestOnly-Epoch_165/Shard_0/id [0;36mnilled pointer[0m = 0xc00033cfc0 [0;36mglobal db counter[0m = 2 
[0;36mDEBUG[0m[2026-03-16 10:14:16.979]   processLoop - closing the leveldb process loop [0;36mpath[0m = TestOnly-Epoch_165/Shard_0/id 
[0;36mDEBUG[0m[2026-03-16 10:14:16.979]   batchTimeoutHandle - closing             [0;36mpath[0m = TestOnly-Epoch_165/Shard_0/id 
[0;36mDEBUG[0m[2026-03-16 10:14:16.980]   PruningStorer - change epoch             [0;36munit[0m = id [0;36mepoch[0m = 168 [0;36mbytes in cache[0m = 0 
[0;36mDEBUG[0m[2026-03-16 10:14:16.988]   opened serial level db persister         [0;36mpath[0m = TestOnly-Epoch_168/Shard_0/id [0;36mcreated pointer[0m = 0xc00033ddc0 [0;36mglobal db counter[0m = 3 [0;36mNewSerialDB[0m = 0.0076s [0;36mmkdirAll[0m = 0.0002s [0;36mopenLevelDB[0m = 0.0074s 
[0;36mDEBUG[0m[2026-03-16 10:14:16.988]   PruningStorer.processPersistersToClose   [0;36mepochs to close[0m = [166] [0;36mbefore process[0m = [168 167 166] [0;36mafter process[0m = [168 167] 
[0;36mDEBUG[0m[2026-03-16 10:14:16.989]   makeDbPointerNilReturningLast            [0;36mpath[0m = TestOnly-Epoch_166/Shard_0/id [0;36mnilled pointer[0m = 0xc0009761c0 [0;36mglobal db counter[0m = 2 
[0;36mDEBUG[0m[2026-03-16 10:14:16.989]   processLoop - closing the leveldb process loop [0;36mpath[0m = TestOnly-Epoch_166/Shard_0/id 
[0;36mDEBUG[0m[2026-03-16 10:14:16.989]   batchTimeoutHandle - closing             [0;36mpath[0m = TestOnly-Epoch_166/Shard_0/id 
[0;36mDEBUG[0m[2026-03-16 10:14:16.990]   PruningStorer - change epoch             [0;36munit[0m = id [0;36mepoch[0m = 169 [0;36mbytes in cache[0m = 0 
[0;36mDEBUG[0m[2026-03-16 10:14:16.992]   opened serial level db persister         [0;36mpath[0m = TestOnly-Epoch_169/Shard_0/id [0;36mcreated pointer[0m = 0xc000976a80 [0;36mglobal db counter[0m = 3 [0;36mNewSerialDB[0m = 0.0022s [0;36mmkdirAll[0m = 0.0001s [0;36mopenLevelDB[0m = 0.0021s 
[0;36mDEBUG[0m[2026-03-16 10:14:16.992]   PruningStorer.processPersistersToClose   [0;36mepochs to close[0m = [167] [0;36mbefore process[0m = [169 168 167] [0;36mafter process[0m = [169 168] 
[0;36mDEBUG[0m[2026-03-16 10:14:16.992]   makeDbPointerNilReturningLast            [0;36mpath[0m = TestOnly-Epoch_167/Shard_0/id [0;36mnilled pointer[0m = 0xc00033da40 [0;36mglobal db counter[0m = 2 
[0;36mDEBUG[0m[2026-03-16 10:14:16.992]   processLoop - closing the leveldb process loop [0;36mpath[0m = TestOnly-Epoch_167/Shard_0/id 
[0;36mDEBUG[0m[2026-03-16 10:14:16.992]   batchTimeoutHandle - closing             [0;36mpath[0m = TestOnly-Epoch_167/Shard_0/id 
[0;36mDEBUG[0m[2026-03-16 10:14:16.994]   PruningStorer - change epoch             [0;36munit[0m = id [0;36mepoch[0m = 170 [0;36mbytes in cache[0m = 0 
[0;36mDEBUG[0m[2026-03-16 10:14:16.996]   opened serial level db persister         [0;36mpath[0m = TestOnly-Epoch_170/Shard_0/id [0;36mcreated pointer[0m = 0xc000172540 [0;36mglobal db counter[0m = 3 [0;36mNewSerialDB[0m = 0.0028s [0;36mmkdirAll[0m = 0.0001s [0;36mopenLevelDB[0m = 0.0026s 
[0;36mDEBUG[0m[2026-03-16 10:14:16.996]   PruningStorer.processPersistersToClose   [0;36mepochs to close[0m = [168] [0;36mbefore process[0m = [170 169 168] [0;36mafter process[0m = [170 169] 
[0;36mDEBUG[0m[2026-03-16 10:14:16.997]   makeDbPointerNilReturningLast            [0;36mpath[0m = TestOnly-Epoch_168/Shard_0/id [0;36mnilled pointer[0m = 0xc00033ddc0 [0;36mglobal db counter[0m = 2 
[0;36mDEBUG[0m[2026-03-16 10:14:16.997]   processLoop - closing the leveldb process loop [0;36mpath[0m = TestOnly-Epoch_168/Shard_0/id 
[0;36mDEBUG[0m[2026-03-16 10:14:16.997]   batchTimeoutHandle - closing             [0;36mpath[0m = TestOnly-Epoch_168/Shard_0/id 
[0;36mDEBUG[0m[2026-03-16 10:14:16.998]   PruningStorer - change epoch             [0;36munit[0m = id [0;36mepoch[0m = 171 [0;36mbytes in cache[0m = 0 
[0;36mDEBUG[0m[2026-03-16 10:14:17.001]   opened serial level db persister         [0;36mpath[0m = TestOnly-Epoch_171/Shard_0/id [0;36mcreated pointer[0m = 0xc000172700 [0;36mglobal db counter[0m = 3 [0;36mNewSerialDB[0m = 0.0025s [0;36mmkdirAll[0m = 0.0001s [0;36mopenLevelDB[0m = 0.0024s 
[0;36mDEBUG[0m[2026-03-16 10:14:17.001]   PruningStorer.processPersistersToClose   [0;36mepochs to close[0m = [169] [0;36mbefore process[0m = [171 170 169] [0;36mafter process[0m = [171 170] 
[0;36mDEBUG[0m[2026-03-16 10:14:17.001]   makeDbPointerNilReturningLast            [0;36mpath[0m = TestOnly-Epoch_169/Shard_0/id [0;36mnilled pointer[0m = 0xc000976a80 [0;36mglobal db counter[0m = 2 
[0;36mDEBUG[0m[2026-03-16 10:14:17.001]   processLoop - closing the leveldb process loop [0;36mpath[0m = TestOnly-Epoch_169/Shard_0/id 
[0;36mDEBUG[0m[2026-03-16 10:14:17.001]   batchTimeoutHandle - closing             [0;36mpath[0m = TestOnly-Epoch_169/Shard_0/id 
[0;36mDEBUG[0m[2026-03-16 10:14:17.002]   PruningStorer - change epoch             [0;36munit[0m = id [0;36mepoch[0m = 172 [0;36mbytes in cache[0m = 0 
[0;36mDEBUG[0m[2026-03-16 10:14:17.007]   opened serial level db persister         [0;36mpath[0m = TestOnly-Epoch_172/Shard_0/id [0;36mcreated pointer[0m = 0xc000511340 [0;36mglobal db counter[0m = 3 [0;36mNewSerialDB[0m = 0.0046s [0;36mmkdirAll[0m = 0.0002s [0;36mopenLevelDB[0m = 0.0045s 
[0;36mDEBUG[0m[2026-03-16 10:14:17.007]   PruningStorer.processPersistersToClose   [0;36mepochs to close[0m = [170] [0;36mbefore process[0m = [172 171 170] [0;36mafter process[0m = [172 171] 
[0;36mDEBUG[0m[2026-03-16 10:14:17.008]   makeDbPointerNilReturningLast            [0;36mpath[0m = TestOnly-Epoch_170/Shard_0/id [0;36mnilled pointer[0m = 0xc000172540 [0;36mglobal db counter[0m = 2 
[0;36mDEBUG[0m[2026-03-16 10:14:17.008]   processLoop - closing the leveldb process loop [0;36mpath[0m = TestOnly-Epoch_170/Shard_0/id 
[0;36mDEBUG[0m[2026-03-16 10:14:17.008]   batchTimeoutHandle - closing             [0;36mpath[0m = TestOnly-Epoch_170/Shard_0/id 
[0;36mDEBUG[0m[2026-03-16 10:14:17.009]   PruningStorer - change epoch             [0;36munit[0m = id [0;36mepoch[0m = 173 [0;36mbytes in cache[0m = 0 
[0;36mDEBUG[0m[2026-03-16 10:14:17.012]   opened serial level db persister         [0;36mpath[0m = TestOnly-Epoch_173/Shard_0/id [0;36mcreated pointer[0m = 0xc000172e00 [0;36mglobal db counter[0m = 3 [0;36mNewSerialDB[0m = 0.0033s [0;36mmkdirAll[0m = 0.0002s [0;36mopenLevelDB[0m = 0.0031s 
[0;36mDEBUG[0m[2026-03-16 10:14:17.012]   PruningStorer.processPersistersToClose   [0;36mepochs to close[0m = [171] [0;36mbefore process[0m = [173 172 171] [0;36mafter process[0m = [173 172] 
[0;36mDEBUG[0m[2026-03-16 10:14:17.013]   makeDbPointerNilReturningLast            [0;36mpath[0m = TestOnly-Epoch_171/Shard_0/id [0;36mnilled pointer[0m = 0xc000172700 [0;36mglobal db counter[0m = 2 
[0;36mDEBUG[0m[2026-03-16 10:14:17.013]   processLoop - closing the leveldb process loop [0;36mpath[0m = TestOnly-Epoch_171/Shard_0/id 
[0;36mDEBUG[0m[2026-03-16 10:14:17.013]   batchTimeoutHandle - closing             [0;36mpath[0m = TestOnly-Epoch_171/Shard_0/id 
[0;36mDEBUG[0m[2026-03-16 10:14:17.014]   PruningStorer - change epoch             [0;36munit[0m = id [0;36mepoch[0m = 174 [0;36mbytes in cache[0m = 0 
[0;36mDEBUG[0m[2026-03-16 10:14:17.018]   opened serial level db persister         [0;36mpath[0m = TestOnly-Epoch_174/Shard_0/id [0;36mcreated pointer[0m = 0xc000511880 [0;36mglobal db counter[0m = 3 [0;36mNewSerialDB[0m = 0.0033s [0;36mmkdirAll[0m = 0.0002s [0;36mopenLevelDB[0m = 0.0031s 
[0;36mDEBUG[0m[2026-03-16 10:14:17.018]   PruningStorer.processPersistersToClose   [0;36mepochs to close[0m = [172] [0;36mbefore process[0m = [174 173 172] [0;36mafter process[0m = [174 173] 
[0;36mDEBUG[0m[2026-03-16 10:14:17.018]   makeDbPointerNilReturningLast            [0;36mpath[0m = TestOnly-Epoch_172/Shard_0/id [0;36mnilled pointer[0m = 0xc000511340 [0;36mglobal db counter[0m = 2 
[0;36mDEBUG[0m[2026-03-16 10:14:17.018]   processLoop - closing the leveldb process loop [0;36mpath[0m = TestOnly-Epoch_172/Shard_0/id 
[0;36mDEBUG[0m[2026-03-16 10:14:17.018]   batchTimeoutHandle - closing             [0;36mpath[0m = TestOnly-Epoch_172/Shard_0/id 
[0;36mDEBUG[0m[2026-03-16 10:14:17.019]   PruningStorer - change epoch             [0;36munit[0m = id [0;36mepoch[0m = 175 [0;36mbytes in cache[0m = 0 
[0;36mDEBUG[0m[2026-03-16 10:14:17.022]   opened serial level db persister         [0;36mpath[0m = TestOnly-Epoch_175/Shard_0/id [0;36mcreated pointer[0m = 0xc000a0ac40 [0;36mglobal db counter[0m = 3 [0;36mNewSerialDB[0m = 0.0028s [0;36mmkdirAll[0m = 0.0002s [0;36mopenLevelDB[0m = 0.0026s 
[0;36mDEBUG[0m[2026-03-16 10:14:17.022]   PruningStorer.processPersistersToClose   [0;36mepochs to close[0m = [173] [0;36mbefore process[0m = [175 174 173] [0;36mafter process[0m = [175 174] 
[0;36mDEBUG[0m[2026-03-16 10:14:17.023]   makeDbPointerNilReturningLast            [0;36mpath[0m = TestOnly-Epoch_173/Shard_0/id [0;36mnilled pointer[0m = 0xc000172e00 [0;36mglobal db counter[0m = 2 
[0;36mDEBUG[0m[2026-03-16 10:14:17.023]   processLoop - closing the leveldb process loop [0;36mpath[0m = TestOnly-Epoch_173/Shard_0/id 
[0;36mDEBUG[0m[2026-03-16 10:14:17.023]   batchTimeoutHandle - closing             [0;36mpath[0m = TestOnly-Epoch_173/Shard_0/id 
[0;36mDEBUG[0m[2026-03-16 10:14:17.024]   PruningStorer - change epoch             [0;36munit[0m = id [0;36mepoch[0m = 176 [0;36mbytes in cache[0m = 0 
[0;36mDEBUG[0m[2026-03-16 10:14:17.026]   opened serial level db persister         [0;36mpath[0m = TestOnly-Epoch_176/Shard_0/id [0;36mcreated pointer[0m = 0xc00033c540 [0;36mglobal db counter[0m = 3 [0;36mNewSerialDB[0m = 0.0023s [0;36mmkdirAll[0m = 0.0001s [0;36mopenLevelDB[0m = 0.0022s 
[0;36mDEBUG[0m[2026-03-16 10:14:17.026]   PruningStorer.processPersistersToClose   [0;36mepochs to close[0m = [174] [0;36mbefore process[0m = [176 175 174] [0;36mafter process[0m = [176 175] 
[0;36mDEBUG[0m[2026-03-16 10:14:17.027]   makeDbPointerNilReturningLast            [0;36mpath[0m = TestOnly-Epoch_174/Shard_0/id [0;36mnilled pointer[0m = 0xc000511880 [0;36mglobal db counter[0m = 2 
[0;36mDEBUG[0m[2026-03-16 10:14:17.027]   processLoop - closing the leveldb process loop [0;36mpath[0m = TestOnly-Epoch_174/Shard_0/id 
[0;36mDEBUG[0m[2026-03-16 10:14:17.027]   batchTimeoutHandle - closing             [0;36mpath[0m = TestOnly-Epoch_174/Shard_0/id 
[0;36mDEBUG[0m[2026-03-16 10:14:17.028]   PruningStorer - change epoch             [0;36munit[0m = id [0;36mepoch[0m = 177 [0;36mbytes in cache[0m = 0 
[0;36mDEBUG[0m[2026-03-16 10:14:17.030]   opened serial level db persister         [0;36mpath[0m = TestOnly-Epoch_177/Shard_0/id [0;36mcreated pointer[0m = 0xc000172a80 [0;36mglobal db counter[0m = 3 [0;36mNewSerialDB[0m = 0.0025s [0;36mmkdirAll[0m = 0.0002s [0;36mopenLevelDB[0m = 0.0023s 
[0;36mDEBUG[0m[2026-03-16 10:14:17.030]   PruningStorer.processPersistersToClose   [0;36mepochs to close[0m = [175] [0;36mbefore process[0m = [177 176 175] [0;36mafter process[0m = [177 176] 
[0;36mDEBUG[0m[2026-03-16 10:14:17.031]   makeDbPointerNilReturningLast            [0;36mpath[0m = TestOnly-Epoch_175/Shard_0/id [0;36mnilled pointer[0m = 0xc000a0ac40 [0;36mglobal db counter[0m = 2 
[0;36mDEBUG[0m[2026-03-16 10:14:17.031]   processLoop - closing the leveldb process loop [0;36mpath[0m = TestOnly-Epoch_175/Shard_0/id 
[0;36mDEBUG[0m[2026-03-16 10:14:17.031]   batchTimeoutHandle - closing             [0;36mpath[0m = TestOnly-Epoch_175/Shard_0/id 
[0;36mDEBUG[0m[2026-03-16 10:14:17.032]   PruningStorer - change epoch             [0;36munit[0m = id [0;36mepoch[0m = 178 [0;36mbytes in cache[0m = 0 
[0;36mDEBUG[0m[2026-03-16 10:14:17.035]   opened serial level db persister         [0;36mpath[0m = TestOnly-Epoch_178/Shard_0/id [0;36mcreated pointer[0m = 0xc000976700 [0;36mglobal db counter[0m = 3 [0;36mNewSerialDB[0m = 0.0030s [0;36mmkdirAll[0m = 0.0001s [0;36mopenLevelDB[0m = 0.0029s 
[0;36mDEBUG[0m[2026-03-16 10:14:17.035]   PruningStorer.processPersistersToClose   [0;36mepochs to close[0m = [176] [0;36mbefore process[0m = [178 177 176] [0;36mafter process[0m = [178 177] 
[0;36mDEBUG[0m[2026-03-16 10:14:17.036]   makeDbPointerNilReturningLast            [0;36mpath[0m = TestOnly-Epoch_176/Shard_0/id [0;36mnilled pointer[0m = 0xc00033c540 [0;36mglobal db counter[0m = 2 
[0;36mDEBUG[0m[2026-03-16 10:14:17.036]   processLoop - closing the leveldb process loop [0;36mpath[0m = TestOnly-Epoch_176/Shard_0/id 
[0;36mDEBUG[0m[2026-03-16 10:14:17.036]   batchTimeoutHandle - closing             [0;36mpath[0m = TestOnly-Epoch_176/Shard_0/id 
[0;36mDEBUG[0m[2026-03-16 10:14:17.037]   PruningStorer - change epoch             [0;36munit[0m = id [0;36mepoch[0m = 179 [0;36mbytes in cache[0m = 0 
[0;36mDEBUG[0m[2026-03-16 10:14:17.042]   opened serial level db persister         [0;36mpath[0m = TestOnly-Epoch_179/Shard_0/id [0;36mcreated pointer[0m = 0xc000977880 [0;36mglobal db counter[0m = 3 [0;36mNewSerialDB[0m = 0.0048s [0;36mmkdirAll[0m = 0.0002s [0;36mopenLevelDB[0m = 0.0047s 
[0;36mDEBUG[0m[2026-03-16 10:14:17.042]   PruningStorer.processPersistersToClose   [0;36mepochs to close[0m = [177] [0;36mbefore process[0m = [179 178 177] [0;36mafter process[0m = [179 178] 
[0;36mDEBUG[0m[2026-03-16 10:14:17.042]   makeDbPointerNilReturningLast            [0;36mpath[0m = TestOnly-Epoch_177/Shard_0/id [0;36mnilled pointer[0m = 0xc000172a80 [0;36mglobal db counter[0m = 2 
[0;36mDEBUG[0m[2026-03-16 10:14:17.042]   processLoop - closing the leveldb process loop [0;36mpath[0m = TestOnly-Epoch_177/Shard_0/id 
[0;36mDEBUG[0m[2026-03-16 10:14:17.042]   batchTimeoutHandle - closing             [0;36mpath[0m = TestOnly-Epoch_177/Shard_0/id 
[0;36mDEBUG[0m[2026-03-16 10:14:17.044]   PruningStorer - change epoch             [0;36munit[0m = id [0;36mepoch[0m = 180 [0;36mbytes in cache[0m = 0 
[0;36mDEBUG[0m[2026-03-16 10:14:17.047]   opened serial level db persister         [0;36mpath[0m = TestOnly-Epoch_180/Shard_0/id [0;36mcreated pointer[0m = 0xc00078e000 [0;36mglobal db counter[0m = 3 [0;36mNewSerialDB[0m = 0.0038s [0;36mmkdirAll[0m = 0.0002s [0;36mopenLevelDB[0m = 0.0036s 
[0;36mDEBUG[0m[2026-03-16 10:14:17.048]   PruningStorer.processPersistersToClose   [0;36mepochs to close[0m = [178] [0;36mbefore process[0m = [180 179 178] [0;36mafter process[0m = [180 179] 
[0;36mDEBUG[0m[2026-03-16 10:14:17.048]   makeDbPointerNilReturningLast            [0;36mpath[0m = TestOnly-Epoch_178/Shard_0/id [0;36mnilled pointer[0m = 0xc000976700 [0;36mglobal db counter[0m = 2 
[0;36mDEBUG[0m[2026-03-16 10:14:17.048]   batchTimeoutHandle - closing             [0;36mpath[0m = TestOnly-Epoch_178/Shard_0/id 
[0;36mDEBUG[0m[2026-03-16 10:14:17.048]   processLoop - closing the leveldb process loop [0;36mpath[0m = TestOnly-Epoch_178/Shard_0/id 
[0;36mDEBUG[0m[2026-03-16 10:14:17.050]   PruningStorer - change epoch             [0;36munit[0m = id [0;36mepoch[0m = 181 [0;36mbytes in cache[0m = 0 
[0;36mDEBUG[0m[2026-03-16 10:14:17.053]   opened serial level db persister         [0;36mpath[0m = TestOnly-Epoch_181/Shard_0/id [0;36mcreated pointer[0m = 0xc000a0a700 [0;36mglobal db counter[0m = 3 [0;36mNewSerialDB[0m = 0.0036s [0;36mmkdirAll[0m = 0.0002s [0;36mopenLevelDB[0m = 0.0034s 
[0;36mDEBUG[0m[2026-03-16 10:14:17.053]   PruningStorer.processPersistersToClose   [0;36mepochs to close[0m = [179] [0;36mbefore process[0m = [181 180 179] [0;36mafter process[0m = [181 180] 
[0;36mDEBUG[0m[2026-03-16 10:14:17.054]   makeDbPointerNilReturningLast            [0;36mpath[0m = TestOnly-Epoch_179/Shard_0/id [0;36mnilled pointer[0m = 0xc000977880 [0;36mglobal db counter[0m = 2 
[0;36mDEBUG[0m[2026-03-16 10:14:17.054]   processLoop - closing the leveldb process loop [0;36mpath[0m = TestOnly-Epoch_179/Shard_0/id 
[0;36mDEBUG[0m[2026-03-16 10:14:17.054]   batchTimeoutHandle - closing             [0;36mpath[0m = TestOnly-Epoch_179/Shard_0/id 
[0;36mDEBUG[0m[2026-03-16 10:14:17.055]   PruningStorer - change epoch             [0;36munit[0m = id [0;36mepoch[0m = 182 [0;36mbytes in cache[0m = 0 
[0;36mDEBUG[0m[2026-03-16 10:14:17.058]   opened serial level db persister         [0;36mpath[0m = TestOnly-Epoch_182/Shard_0/id [0;36mcreated pointer[0m = 0xc000326380 [0;36mglobal db counter[0m = 3 [0;36mNewSerialDB[0m = 0.0031s [0;36mmkdirAll[0m = 0.0002s [0;36mopenLevelDB[0m = 0.0029s 
[0;36mDEBUG[0m[2026-03-16 10:14:17.058]   PruningStorer.processPersistersToClose   [0;36mepochs to close[0m = [180] [0;36mbefore process[0m = [182 181 180] [0;36mafter process[0m = [182 181] 
[0;36mDEBUG[0m[2026-03-16 10:14:17.059]   makeDbPointerNilReturningLast            [0;36mpath[0m = TestOnly-Epoch_180/Shard_0/id [0;36mnilled pointer[0m = 0xc00078e000 [0;36mglobal db counter[0m = 2 
[0;36mDEBUG[0m[2026-03-16 10:14:17.059]   processLoop - closing the leveldb process loop [0;36mpath[0m = TestOnly-Epoch_180/Shard_0/id 
[0;36mDEBUG[0m[2026-03-16 10:14:17.059]   batchTimeoutHandle - closing             [0;36mpath[0m = TestOnly-Epoch_180/Shard_0/id 
[0;36mDEBUG[0m[2026-03-16 10:14:17.060]   PruningStorer - change epoch             [0;36munit[0m = id [0;36mepoch[0m = 183 [0;36mbytes in cache[0m = 0 
[0;36mDEBUG[0m[2026-03-16 10:14:17.063]   opened serial level db persister         [0;36mpath[0m = TestOnly-Epoch_183/Shard_0/id [0;36mcreated pointer[0m = 0xc00078e540 [0;36mglobal db counter[0m = 3 [0;36mNewSerialDB[0m = 0.0030s [0;36mmkdirAll[0m = 0.0003s [0;36mopenLevelDB[0m = 0.0027s 
[0;36mDEBUG[0m[2026-03-16 10:14:17.063]   PruningStorer.processPersistersToClose   [0;36mepochs to close[0m = [181] [0;36mbefore process[0m = [183 182 181] [0;36mafter process[0m = [183 182] 
[0;36mDEBUG[0m[2026-03-16 10:14:17.063]   makeDbPointerNilReturningLast            [0;36mpath[0m = TestOnly-Epoch_181/Shard_0/id [0;36mnilled pointer[0m = 0xc000a0a700 [0;36mglobal db counter[0m = 2 
[0;36mDEBUG[0m[2026-03-16 10:14:17.063]   processLoop - closing the leveldb process loop [0;36mpath[0m = TestOnly-Epoch_181/Shard_0/id 
[0;36mDEBUG[0m[2026-03-16 10:14:17.063]   batchTimeoutHandle - closing             [0;36mpath[0m = TestOnly-Epoch_181/Shard_0/id 
[0;36mDEBUG[0m[2026-03-16 10:14:17.065]   PruningStorer - change epoch             [0;36munit[0m = id [0;36mepoch[0m = 184 [0;36mbytes in cache[0m = 0 
[0;36mDEBUG[0m[2026-03-16 10:14:17.067]   opened serial level db persister         [0;36mpath[0m = TestOnly-Epoch_184/Shard_0/id [0;36mcreated pointer[0m = 0xc000327180 [0;36mglobal db counter[0m = 3 [0;36mNewSerialDB[0m = 0.0025s [0;36mmkdirAll[0m = 0.0002s [0;36mopenLevelDB[0m = 0.0023s 
[0;36mDEBUG[0m[2026-03-16 10:14:17.067]   PruningStorer.processPersistersToClose   [0;36mepochs to close[0m = [182] [0;36mbefore process[0m = [184 183 182] [0;36mafter process[0m = [184 183] 
[0;36mDEBUG[0m[2026-03-16 10:14:17.068]   makeDbPointerNilReturningLast            [0;36mpath[0m = TestOnly-Epoch_182/Shard_0/id [0;36mnilled pointer[0m = 0xc000326380 [0;36mglobal db counter[0m = 2 
[0;36mDEBUG[0m[2026-03-16 10:14:17.068]   batchTimeoutHandle - closing             [0;36mpath[0m = TestOnly-Epoch_182/Shard_0/id 
[0;36mDEBUG[0m[2026-03-16 10:14:17.068]   processLoop - closing the leveldb process loop [0;36mpath[0m = TestOnly-Epoch_182/Shard_0/id 
[0;36mDEBUG[0m[2026-03-16 10:14:17.069]   PruningStorer - change epoch             [0;36munit[0m = id [0;36mepoch[0m = 185 [0;36mbytes in cache[0m = 0 
[0;36mDEBUG[0m[2026-03-16 10:14:17.071]   opened serial level db persister         [0;36mpath[0m = TestOnly-Epoch_185/Shard_0/id [0;36mcreated pointer[0m = 0xc00073ee00 [0;36mglobal db counter[0m = 3 [0;36mNewSerialDB[0m = 0.0024s [0;36mmkdirAll[0m = 0.0001s [0;36mopenLevelDB[0m = 0.0022s 
[0;36mDEBUG[0m[2026-03-16 10:14:17.071]   PruningStorer.processPersistersToClose   [0;36mepochs to close[0m = [183] [0;36mbefore process[0m = [185 184 183] [0;36mafter process[0m = [185 184] 
[0;36mDEBUG[0m[2026-03-16 10:14:17.072]   makeDbPointerNilReturningLast            [0;36mpath[0m = TestOnly-Epoch_183/Shard_0/id [0;36mnilled pointer[0m = 0xc00078e540 [0;36mglobal db counter[0m = 2 
[0;36mDEBUG[0m[2026-03-16 10:14:17.072]   processLoop - closing the leveldb process loop [0;36mpath[0m = TestOnly-Epoch_183/Shard_0/id 
[0;36mDEBUG[0m[2026-03-16 10:14:17.072]   batchTimeoutHandle - closing             [0;36mpath[0m = TestOnly-Epoch_183/Shard_0/id 
[0;36mDEBUG[0m[2026-03-16 10:14:17.073]   PruningStorer - change epoch             [0;36munit[0m = id [0;36mepoch[0m = 186 [0;36mbytes in cache[0m = 0 
[0;36mDEBUG[0m[2026-03-16 10:14:17.077]   opened serial level db persister         [0;36mpath[0m = TestOnly-Epoch_186/Shard_0/id [0;36mcreated pointer[0m = 0xc0005116c0 [0;36mglobal db counter[0m = 3 [0;36mNewSerialDB[0m = 0.0037s [0;36mmkdirAll[0m = 0.0002s [0;36mopenLevelDB[0m = 0.0036s 
[0;36mDEBUG[0m[2026-03-16 10:14:17.077]   PruningStorer.processPersistersToClose   [0;36mepochs to close[0m = [184] [0;36mbefore process[0m = [186 185 184] [0;36mafter process[0m = [186 185] 
[0;36mDEBUG[0m[2026-03-16 10:14:17.077]   makeDbPointerNilReturningLast            [0;36mpath[0m = TestOnly-Epoch_184/Shard_0/id [0;36mnilled pointer[0m = 0xc000327180 [0;36mglobal db counter[0m = 2 
[0;36mDEBUG[0m[2026-03-16 10:14:17.077]   processLoop - closing the leveldb process loop [0;36mpath[0m = TestOnly-Epoch_184/Shard_0/id 
[0;36mDEBUG[0m[2026-03-16 10:14:17.077]   batchTimeoutHandle - closing             [0;36mpath[0m = TestOnly-Epoch_184/Shard_0/id 
[0;36mDEBUG[0m[2026-03-16 10:14:17.079]   PruningStorer - change epoch             [0;36munit[0m = id [0;36mepoch[0m = 187 [0;36mbytes in cache[0m = 0 
[0;36mDEBUG[0m[2026-03-16 10:14:17.082]   opened serial level db persister         [0;36mpath[0m = TestOnly-Epoch_187/Shard_0/id [0;36mcreated pointer[0m = 0xc000173a40 [0;36mglobal db counter[0m = 3 [0;36mNewSerialDB[0m = 0.0032s [0;36mmkdirAll[0m = 0.0002s [0;36mopenLevelDB[0m = 0.0030s 
[0;36mDEBUG[0m[2026-03-16 10:14:17.082]   PruningStorer.processPersistersToClose   [0;36mepochs to close[0m = [185] [0;36mbefore process[0m = [187 186 185] [0;36mafter process[0m = [187 186] 
[0;36mDEBUG[0m[2026-03-16 10:14:17.083]   makeDbPointerNilReturningLast            [0;36mpath[0m = TestOnly-Epoch_185/Shard_0/id [0;36mnilled pointer[0m = 0xc00073ee00 [0;36mglobal db counter[0m = 2 
[0;36mDEBUG[0m[2026-03-16 10:14:17.083]   processLoop - closing the leveldb process loop [0;36mpath[0m = TestOnly-Epoch_185/Shard_0/id 
[0;36mDEBUG[0m[2026-03-16 10:14:17.083]   batchTimeoutHandle - closing             [0;36mpath[0m = TestOnly-Epoch_185/Shard_0/id 
[0;36mDEBUG[0m[2026-03-16 10:14:17.084]   PruningStorer - change epoch             [0;36munit[0m = id [0;36mepoch[0m = 188 [0;36mbytes in cache[0m = 0 
[0;36mDEBUG[0m[2026-03-16 10:14:17.086]   opened serial level db persister         [0;36mpath[0m = TestOnly-Epoch_188/Shard_0/id [0;36mcreated pointer[0m = 0xc000cffc00 [0;36mglobal db counter[0m = 3 [0;36mNewSerialDB[0m = 0.0024s [0;36mmkdirAll[0m = 0.0001s [0;36mopenLevelDB[0m = 0.0023s 
[0;36mDEBUG[0m[2026-03-16 10:14:17.086]   PruningStorer.processPersistersToClose   [0;36mepochs to close[0m = [186] [0;36mbefore process[0m = [188 187 186] [0;36mafter process[0m = [188 187] 
[0;36mDEBUG[0m[2026-03-16 10:14:17.087]   makeDbPointerNilReturningLast            [0;36mpath[0m = TestOnly-Epoch_186/Shard_0/id [0;36mnilled pointer[0m = 0xc0005116c0 [0;36mglobal db counter[0m = 2 
[0;36mDEBUG[0m[2026-03-16 10:14:17.087]   processLoop - closing the leveldb process loop [0;36mpath[0m = TestOnly-Epoch_186/Shard_0/id 
[0;36mDEBUG[0m[2026-03-16 10:14:17.087]   batchTimeoutHandle - closing             [0;36mpath[0m = TestOnly-Epoch_186/Shard_0/id 
[0;36mDEBUG[0m[2026-03-16 10:14:17.088]   PruningStorer - change epoch             [0;36munit[0m = id [0;36mepoch[0m = 189 [0;36mbytes in cache[0m = 0 
[0;36mDEBUG[0m[2026-03-16 10:14:17.090]   opened serial level db persister         [0;36mpath[0m = TestOnly-Epoch_189/Shard_0/id [0;36mcreated pointer[0m = 0xc0005421c0 [0;36mglobal db counter[0m = 3 [0;36mNewSerialDB[0m = 0.0021s [0;36mmkdirAll[0m = 0.0001s [0;36mopenLevelDB[0m = 0.0020s 
[0;36mDEBUG[0m[2026-03-16 10:14:17.090]   PruningStorer.processPersistersToClose   [0;36mepochs to close[0m = [187] [0;36mbefore process[0m = [189 188 187] [0;36mafter process[0m = [189 188] 
[0;36mDEBUG[0m[2026-03-16 10:14:17.091]   makeDbPointerNilReturningLast            [0;36mpath[0m = TestOnly-Epoch_187/Shard_0/id [0;36mnilled pointer[0m = 0xc000173a40 [0;36mglobal db counter[0m = 2 
[0;36mDEBUG[0m[2026-03-16 10:14:17.091]   processLoop - closing the leveldb process loop [0;36mpath[0m = TestOnly-Epoch_187/Shard_0/id 
[0;36mDEBUG[0m[2026-03-16 10:14:17.091]   batchTimeoutHandle - closing             [0;36mpath[0m = TestOnly-Epoch_187/Shard_0/id 
[0;36mDEBUG[0m[2026-03-16 10:14:17.092]   PruningStorer - change epoch             [0;36munit[0m = id [0;36mepoch[0m = 190 [0;36mbytes in cache[0m = 0 
[0;36mDEBUG[0m[2026-03-16 10:14:17.095]   opened serial level db persister         [0;36mpath[0m = TestOnly-Epoch_190/Shard_0/id [0;36mcreated pointer[0m = 0xc000542540 [0;36mglobal db counter[0m = 3 [0;36mNewSerialDB[0m = 0.0029s [0;36mmkdirAll[0m = 0.0002s [0;36mopenLevelDB[0m = 0.0027s 
[0;36mDEBUG[0m[2026-03-16 10:14:17.095]   PruningStorer.processPersistersToClose   [0;36mepochs to close[0m = [188] [0;36mbefore process[0m = [190 189 188] [0;36mafter process[0m = [190 189] 
[0;36mDEBUG[0m[2026-03-16 10:14:17.096]   processLoop - closing the leveldb process loop [0;36mpath[0m = TestOnly-Epoch_188/Shard_0/id 
[0;36mDEBUG[0m[2026-03-16 10:14:17.096]   makeDbPointerNilReturningLast            [0;36mpath[0m = TestOnly-Epoch_188/Shard_0/id [0;36mnilled pointer[0m = 0xc000cffc00 [0;36mglobal db counter[0m = 2 
[0;36mDEBUG[0m[2026-03-16 10:14:17.096]   batchTimeoutHandle - closing             [0;36mpath[0m = TestOnly-Epoch_188/Shard_0/id 
[0;36mDEBUG[0m[2026-03-16 10:14:17.097]   PruningStorer - change epoch             [0;36munit[0m = id [0;36mepoch[0m = 191 [0;36mbytes in cache[0m = 0 
[0;36mDEBUG[0m[2026-03-16 10:14:17.099]   opened serial level db persister         [0;36mpath[0m = TestOnly-Epoch_191/Shard_0/id [0;36mcreated pointer[0m = 0xc000542700 [0;36mglobal db counter[0m = 3 [0;36mNewSerialDB[0m = 0.0024s [0;36mmkdirAll[0m = 0.0001s [0;36mopenLevelDB[0m = 0.0022s 
[0;36mDEBUG[0m[2026-03-16 10:14:17.099]   PruningStorer.processPersistersToClose   [0;36mepochs to close[0m = [189] [0;36mbefore process[0m = [191 190 189] [0;36mafter process[0m = [191 190] 
[0;36mDEBUG[0m[2026-03-16 10:14:17.100]   makeDbPointerNilReturningLast            [0;36mpath[0m = TestOnly-Epoch_189/Shard_0/id [0;36mnilled pointer[0m = 0xc0005421c0 [0;36mglobal db counter[0m = 2 
[0;36mDEBUG[0m[2026-03-16 10:14:17.100]   processLoop - closing the leveldb process loop [0;36mpath[0m = TestOnly-Epoch_189/Shard_0/id 
[0;36mDEBUG[0m[2026-03-16 10:14:17.100]   batchTimeoutHandle - closing             [0;36mpath[0m = TestOnly-Epoch_189/Shard_0/id 
[0;36mDEBUG[0m[2026-03-16 10:14:17.101]   PruningStorer - change epoch             [0;36munit[0m = id [0;36mepoch[0m = 192 [0;36mbytes in cache[0m = 0 
[0;36mDEBUG[0m[2026-03-16 10:14:17.104]   opened serial level db persister         [0;36mpath[0m = TestOnly-Epoch_192/Shard_0/id [0;36mcreated pointer[0m = 0xc000160540 [0;36mglobal db counter[0m = 3 [0;36mNewSerialDB[0m = 0.0032s [0;36mmkdirAll[0m = 0.0002s [0;36mopenLevelDB[0m = 0.0030s 
[0;36mDEBUG[0m[2026-03-16 10:14:17.104]   PruningStorer.processPersistersToClose   [0;36mepochs to close[0m = [190] [0;36mbefore process[0m = [192 191 190] [0;36mafter process[0m = [192 191] 
[0;36mDEBUG[0m[2026-03-16 10:14:17.105]   makeDbPointerNilReturningLast            [0;36mpath[0m = TestOnly-Epoch_190/Shard_0/id [0;36mnilled pointer[0m = 0xc000542540 [0;36mglobal db counter[0m = 2 
[0;36mDEBUG[0m[2026-03-16 10:14:17.105]   processLoop - closing the leveldb process loop [0;36mpath[0m = TestOnly-Epoch_190/Shard_0/id 
[0;36mDEBUG[0m[2026-03-16 10:14:17.105]   batchTimeoutHandle - closing             [0;36mpath[0m = TestOnly-Epoch_190/Shard_0/id 
[0;36mDEBUG[0m[2026-03-16 10:14:17.106]   PruningStorer - change epoch             [0;36munit[0m = id [0;36mepoch[0m = 193 [0;36mbytes in cache[0m = 0 
[0;36mDEBUG[0m[2026-03-16 10:14:17.109]   opened serial level db persister         [0;36mpath[0m = TestOnly-Epoch_193/Shard_0/id [0;36mcreated pointer[0m = 0xc0001608c0 [0;36mglobal db counter[0m = 3 [0;36mNewSerialDB[0m = 0.0030s [0;36mmkdirAll[0m = 0.0001s [0;36mopenLevelDB[0m = 0.0029s 
[0;36mDEBUG[0m[2026-03-16 10:14:17.109]   PruningStorer.processPersistersToClose   [0;36mepochs to close[0m = [191] [0;36mbefore process[0m = [193 192 191] [0;36mafter process[0m = [193 192] 
[0;36mDEBUG[0m[2026-03-16 10:14:17.110]   makeDbPointerNilReturningLast            [0;36mpath[0m = TestOnly-Epoch_191/Shard_0/id [0;36mnilled pointer[0m = 0xc000542700 [0;36mglobal db counter[0m = 2 
[0;36mDEBUG[0m[2026-03-16 10:14:17.110]   processLoop - closing the leveldb process loop [0;36mpath[0m = TestOnly-Epoch_191/Shard_0/id 
[0;36mDEBUG[0m[2026-03-16 10:14:17.110]   batchTimeoutHandle - closing             [0;36mpath[0m = TestOnly-Epoch_191/Shard_0/id 
[0;36mDEBUG[0m[2026-03-16 10:14:17.111]   PruningStorer - change epoch             [0;36munit[0m = id [0;36mepoch[0m = 194 [0;36mbytes in cache[0m = 0 
[0;36mDEBUG[0m[2026-03-16 10:14:17.114]   opened serial level db persister         [0;36mpath[0m = TestOnly-Epoch_194/Shard_0/id [0;36mcreated pointer[0m = 0xc000160e00 [0;36mglobal db counter[0m = 3 [0;36mNewSerialDB[0m = 0.0030s [0;36mmkdirAll[0m = 0.0001s [0;36mopenLevelDB[0m = 0.0029s 
[0;36mDEBUG[0m[2026-03-16 10:14:17.114]   PruningStorer.processPersistersToClose   [0;36mepochs to close[0m = [192] [0;36mbefore process[0m = [194 193 192] [0;36mafter process[0m = [194 193] 
[0;36mDEBUG[0m[2026-03-16 10:14:17.115]   makeDbPointerNilReturningLast            [0;36mpath[0m = TestOnly-Epoch_192/Shard_0/id [0;36mnilled pointer[0m = 0xc000160540 [0;36mglobal db counter[0m = 2 
[0;36mDEBUG[0m[2026-03-16 10:14:17.115]   processLoop - closing the leveldb process loop [0;36mpath[0m = TestOnly-Epoch_192/Shard_0/id 
[0;36mDEBUG[0m[2026-03-16 10:14:17.115]   batchTimeoutHandle - closing             [0;36mpath[0m = TestOnly-Epoch_192/Shard_0/id 
[0;36mDEBUG[0m[2026-03-16 10:14:17.116]   PruningStorer - change epoch             [0;36munit[0m = id [0;36mepoch[0m = 195 [0;36mbytes in cache[0m = 0 
[0;36mDEBUG[0m[2026-03-16 10:14:17.118]   opened serial level db persister         [0;36mpath[0m = TestOnly-Epoch_195/Shard_0/id [0;36mcreated pointer[0m = 0xc000160700 [0;36mglobal db counter[0m = 3 [0;36mNewSerialDB[0m = 0.0023s [0;36mmkdirAll[0m = 0.0001s [0;36mopenLevelDB[0m = 0.0021s 
[0;36mDEBUG[0m[2026-03-16 10:14:17.118]   PruningStorer.processPersistersToClose   [0;36mepochs to close[0m = [193] [0;36mbefore process[0m = [195 194 193] [0;36mafter process[0m = [195 194] 
[0;36mDEBUG[0m[2026-03-16 10:14:17.118]   makeDbPointerNilReturningLast            [0;36mpath[0m = TestOnly-Epoch_193/Shard_0/id [0;36mnilled pointer[0m = 0xc0001608c0 [0;36mglobal db counter[0m = 2 
[0;36mDEBUG[0m[2026-03-16 10:14:17.118]   processLoop - closing the leveldb process loop [0;36mpath[0m = TestOnly-Epoch_193/Shard_0/id 
[0;36mDEBUG[0m[2026-03-16 10:14:17.118]   batchTimeoutHandle - closing             [0;36mpath[0m = TestOnly-Epoch_193/Shard_0/id 
[0;36mDEBUG[0m[2026-03-16 10:14:17.120]   PruningStorer - change epoch             [0;36munit[0m = id [0;36mepoch[0m = 196 [0;36mbytes in cache[0m = 0 
[0;36mDEBUG[0m[2026-03-16 10:14:17.122]   opened serial level db persister         [0;36mpath[0m = TestOnly-Epoch_196/Shard_0/id [0;36mcreated pointer[0m = 0xc000542380 [0;36mglobal db counter[0m = 3 [0;36mNewSerialDB[0m = 0.0023s [0;36mmkdirAll[0m = 0.0001s [0;36mopenLevelDB[0m = 0.0021s 
[0;36mDEBUG[0m[2026-03-16 10:14:17.122]   PruningStorer.processPersistersToClose   [0;36mepochs to close[0m = [194] [0;36mbefore process[0m = [196 195 194] [0;36mafter process[0m = [196 195] 
[0;36mDEBUG[0m[2026-03-16 10:14:17.122]   makeDbPointerNilReturningLast            [0;36mpath[0m = TestOnly-Epoch_194/Shard_0/id [0;36mnilled pointer[0m = 0xc000160e00 [0;36mglobal db counter[0m = 2 
[0;36mDEBUG[0m[2026-03-16 10:14:17.122]   processLoop - closing the leveldb process loop [0;36mpath[0m = TestOnly-Epoch_194/Shard_0/id 
[0;36mDEBUG[0m[2026-03-16 10:14:17.122]   batchTimeoutHandle - closing             [0;36mpath[0m = TestOnly-Epoch_194/Shard_0/id 
[0;36mDEBUG[0m[2026-03-16 10:14:17.124]   PruningStorer - change epoch             [0;36munit[0m = id [0;36mepoch[0m = 197 [0;36mbytes in cache[0m = 0 
[0;36mDEBUG[0m[2026-03-16 10:14:17.126]   opened serial level db persister         [0;36mpath[0m = TestOnly-Epoch_197/Shard_0/id [0;36mcreated pointer[0m = 0xc000161180 [0;36mglobal db counter[0m = 3 [0;36mNewSerialDB[0m = 0.0023s [0;36mmkdirAll[0m = 0.0001s [0;36mopenLevelDB[0m = 0.0022s 
[0;36mDEBUG[0m[2026-03-16 10:14:17.126]   PruningStorer.processPersistersToClose   [0;36mepochs to close[0m = [195] [0;36mbefore process[0m = [197 196 195] [0;36mafter process[0m = [197 196] 
[0;36mDEBUG[0m[2026-03-16 10:14:17.126]   makeDbPointerNilReturningLast            [0;36mpath[0m = TestOnly-Epoch_195/Shard_0/id [0;36mnilled pointer[0m = 0xc000160700 [0;36mglobal db counter[0m = 2 
[0;36mDEBUG[0m[2026-03-16 10:14:17.126]   processLoop - closing the leveldb process loop [0;36mpath[0m = TestOnly-Epoch_195/Shard_0/id 
[0;36mDEBUG[0m[2026-03-16 10:14:17.127]   batchTimeoutHandle - closing             [0;36mpath[0m = TestOnly-Epoch_195/Shard_0/id 
[0;36mDEBUG[0m[2026-03-16 10:14:17.128]   PruningStorer - change epoch             [0;36munit[0m = id [0;36mepoch[0m = 198 [0;36mbytes in cache[0m = 0 
[0;36mDEBUG[0m[2026-03-16 10:14:17.130]   opened serial level db persister         [0;36mpath[0m = TestOnly-Epoch_198/Shard_0/id [0;36mcreated pointer[0m = 0xc000917340 [0;36mglobal db counter[0m = 3 [0;36mNewSerialDB[0m = 0.0026s [0;36mmkdirAll[0m = 0.0002s [0;36mopenLevelDB[0m = 0.0024s 
[0;36mDEBUG[0m[2026-03-16 10:14:17.130]   PruningStorer.processPersistersToClose   [0;36mepochs to close[0m = [196] [0;36mbefore process[0m = [198 197 196] [0;36mafter process[0m = [198 197] 
[0;36mDEBUG[0m[2026-03-16 10:14:17.131]   makeDbPointerNilReturningLast            [0;36mpath[0m = TestOnly-Epoch_196/Shard_0/id [0;36mnilled pointer[0m = 0xc000542380 [0;36mglobal db counter[0m = 2 
[0;36mDEBUG[0m[2026-03-16 10:14:17.131]   batchTimeoutHandle - closing             [0;36mpath[0m = TestOnly-Epoch_196/Shard_0/id 
[0;36mDEBUG[0m[2026-03-16 10:14:17.131]   processLoop - closing the leveldb process loop [0;36mpath[0m = TestOnly-Epoch_196/Shard_0/id 
[0;36mDEBUG[0m[2026-03-16 10:14:17.132]   PruningStorer - change epoch             [0;36munit[0m = id [0;36mepoch[0m = 199 [0;36mbytes in cache[0m = 0 
[0;36mDEBUG[0m[2026-03-16 10:14:17.135]   opened serial level db persister         [0;36mpath[0m = TestOnly-Epoch_199/Shard_0/id [0;36mcreated pointer[0m = 0xc000917a40 [0;36mglobal db counter[0m = 3 [0;36mNewSerialDB[0m = 0.0026s [0;36mmkdirAll[0m = 0.0002s [0;36mopenLevelDB[0m = 0.0024s 
[0;36mDEBUG[0m[2026-03-16 10:14:17.135]   PruningStorer.processPersistersToClose   [0;36mepochs to close[0m = [197] [0;36mbefore process[0m = [199 198 197] [0;36mafter process[0m = [199 198] 
[0;36mDEBUG[0m[2026-03-16 10:14:17.136]   makeDbPointerNilReturningLast            [0;36mpath[0m = TestOnly-Epoch_197/Shard_0/id [0;36mnilled pointer[0m = 0xc000161180 [0;36mglobal db counter[0m = 2 
[0;36mDEBUG[0m[2026-03-16 10:14:17.136]   processLoop - closing the leveldb process loop [0;36mpath[0m = TestOnly-Epoch_197/Shard_0/id 
[0;36mDEBUG[0m[2026-03-16 10:14:17.136]   batchTimeoutHandle - closing             [0;36mpath[0m = TestOnly-Epoch_197/Shard_0/id 
[0;36mDEBUG[0m[2026-03-16 10:14:17.137]   PruningStorer - change epoch             [0;36munit[0m = id [0;36mepoch[0m = 200 [0;36mbytes in cache[0m = 0 
[0;36mDEBUG[0m[2026-03-16 10:14:17.140]   opened serial level db persister         [0;36mpath[0m = TestOnly-Epoch_200/Shard_0/id [0;36mcreated pointer[0m = 0xc0005428c0 [0;36mglobal db counter[0m = 3 [0;36mNewSerialDB[0m = 0.0036s [0;36mmkdirAll[0m = 0.0002s [0;36mopenLevelDB[0m = 0.0034s 
[0;36mDEBUG[0m[2026-03-16 10:14:17.140]   PruningStorer.processPersistersToClose   [0;36mepochs to close[0m = [198] [0;36mbefore process[0m = [200 199 198] [0;36mafter process[0m = [200 199] 
[0;36mDEBUG[0m[2026-03-16 10:14:17.141]   makeDbPointerNilReturningLast            [0;36mpath[0m = TestOnly-Epoch_198/Shard_0/id [0;36mnilled pointer[0m = 0xc000917340 [0;36mglobal db counter[0m = 2 
[0;36mDEBUG[0m[2026-03-16 10:14:17.141]   processLoop - closing the leveldb process loop [0;36mpath[0m = TestOnly-Epoch_198/Shard_0/id 
[0;36mDEBUG[0m[2026-03-16 10:14:17.141]   batchTimeoutHandle - closing             [0;36mpath[0m = TestOnly-Epoch_198/Shard_0/id 
[0;36mDEBUG[0m[2026-03-16 10:14:17.142]   PruningStorer - change epoch             [0;36munit[0m = id [0;36mepoch[0m = 201 [0;36mbytes in cache[0m = 0 
[0;36mDEBUG[0m[2026-03-16 10:14:17.145]   opened serial level db persister         [0;36mpath[0m = TestOnly-Epoch_201/Shard_0/id [0;36mcreated pointer[0m = 0xc0002eaa80 [0;36mglobal db counter[0m = 3 [0;36mNewSerialDB[0m = 0.0028s [0;36mmkdirAll[0m = 0.0002s [0;36mopenLevelDB[0m = 0.0026s 
[0;36mDEBUG[0m[2026-03-16 10:14:17.145]   PruningStorer.processPersistersToClose   [0;36mepochs to close[0m = [199] [0;36mbefore process[0m = [201 200 199] [0;36mafter process[0m = [201 200] 
[0;36mDEBUG[0m[2026-03-16 10:14:17.145]   makeDbPointerNilReturningLast            [0;36mpath[0m = TestOnly-Epoch_199/Shard_0/id [0;36mnilled pointer[0m = 0xc000917a40 [0;36mglobal db counter[0m = 2 
[0;36mDEBUG[0m[2026-03-16 10:14:17.146]   processLoop - closing the leveldb process loop [0;36mpath[0m = TestOnly-Epoch_199/Shard_0/id 
[0;36mDEBUG[0m[2026-03-16 10:14:17.146]   batchTimeoutHandle - closing             [0;36mpath[0m = TestOnly-Epoch_199/Shard_0/id 
[0;36mDEBUG[0m[2026-03-16 10:14:17.147]   PruningStorer - change epoch             [0;36munit[0m = id [0;36mepoch[0m = 202 [0;36mbytes in cache[0m = 0 
[0;36mDEBUG[0m[2026-03-16 10:14:17.149]   opened serial level db persister         [0;36mpath[0m = TestOnly-Epoch_202/Shard_0/id [0;36mcreated pointer[0m = 0xc00078ea80 [0;36mglobal db counter[0m = 3 [0;36mNewSerialDB[0m = 0.0027s [0;36mmkdirAll[0m = 0.0001s [0;36mopenLevelDB[0m = 0.0025s 
[0;36mDEBUG[0m[2026-03-16 10:14:17.149]   PruningStorer.processPersistersToClose   [0;36mepochs to close[0m = [200] [0;36mbefore process[0m = [202 201 200] [0;36mafter process[0m = [202 201] 
[0;36mDEBUG[0m[2026-03-16 10:14:17.150]   makeDbPointerNilReturningLast            [0;36mpath[0m = TestOnly-Epoch_200/Shard_0/id [0;36mnilled pointer[0m = 0xc0005428c0 [0;36mglobal db counter[0m = 2 
[0;36mDEBUG[0m[2026-03-16 10:14:17.150]   processLoop - closing the leveldb process loop [0;36mpath[0m = TestOnly-Epoch_200/Shard_0/id 
[0;36mDEBUG[0m[2026-03-16 10:14:17.150]   batchTimeoutHandle - closing             [0;36mpath[0m = TestOnly-Epoch_200/Shard_0/id 
[0;36mDEBUG[0m[2026-03-16 10:14:17.151]   PruningStorer - change epoch             [0;36munit[0m = id [0;36mepoch[0m = 203 [0;36mbytes in cache[0m = 0 
[0;36mDEBUG[0m[2026-03-16 10:14:17.153]   opened serial level db persister         [0;36mpath[0m = TestOnly-Epoch_203/Shard_0/id [0;36mcreated pointer[0m = 0xc000542a80 [0;36mglobal db counter[0m = 3 [0;36mNewSerialDB[0m = 0.0024s [0;36mmkdirAll[0m = 0.0001s [0;36mopenLevelDB[0m = 0.0022s 
[0;36mDEBUG[0m[2026-03-16 10:14:17.153]   PruningStorer.processPersistersToClose   [0;36mepochs to close[0m = [201] [0;36mbefore process[0m = [203 202 201] [0;36mafter process[0m = [203 202] 
[0;36mDEBUG[0m[2026-03-16 10:14:17.154]   makeDbPointerNilReturningLast            [0;36mpath[0m = TestOnly-Epoch_201/Shard_0/id [0;36mnilled pointer[0m = 0xc0002eaa80 [0;36mglobal db counter[0m = 2 
[0;36mDEBUG[0m[2026-03-16 10:14:17.154]   processLoop - closing the leveldb process loop [0;36mpath[0m = TestOnly-Epoch_201/Shard_0/id 
[0;36mDEBUG[0m[2026-03-16 10:14:17.154]   batchTimeoutHandle - closing             [0;36mpath[0m = TestOnly-Epoch_201/Shard_0/id 
[0;36mDEBUG[0m[2026-03-16 10:14:17.155]   PruningStorer - change epoch             [0;36munit[0m = id [0;36mepoch[0m = 204 [0;36mbytes in cache[0m = 0 
[0;36mDEBUG[0m[2026-03-16 10:14:17.158]   opened serial level db persister         [0;36mpath[0m = TestOnly-Epoch_204/Shard_0/id [0;36mcreated pointer[0m = 0xc00078ee00 [0;36mglobal db counter[0m = 3 [0;36mNewSerialDB[0m = 0.0030s [0;36mmkdirAll[0m = 0.0001s [0;36mopenLevelDB[0m = 0.0029s 
[0;36mDEBUG[0m[2026-03-16 10:14:17.158]   PruningStorer.processPersistersToClose   [0;36mepochs to close[0m = [202] [0;36mbefore process[0m = [204 203 202] [0;36mafter process[0m = [204 203] 
[0;36mDEBUG[0m[2026-03-16 10:14:17.158]   processLoop - closing the leveldb process loop [0;36mpath[0m = TestOnly-Epoch_202/Shard_0/id 
[0;36mDEBUG[0m[2026-03-16 10:14:17.158]   makeDbPointerNilReturningLast            [0;36mpath[0m = TestOnly-Epoch_202/Shard_0/id [0;36mnilled pointer[0m = 0xc00078ea80 [0;36mglobal db counter[0m = 2 
[0;36mDEBUG[0m[2026-03-16 10:14:17.158]   batchTimeoutHandle - closing             [0;36mpath[0m = TestOnly-Epoch_202/Shard_0/id 
[0;36mDEBUG[0m[2026-03-16 10:14:17.160]   PruningStorer - change epoch             [0;36munit[0m = id [0;36mepoch[0m = 205 [0;36mbytes in cache[0m = 0 
[0;36mDEBUG[0m[2026-03-16 10:14:17.162]   opened serial level db persister         [0;36mpath[0m = TestOnly-Epoch_205/Shard_0/id [0;36mcreated pointer[0m = 0xc000161340 [0;36mglobal db counter[0m = 3 [0;36mNewSerialDB[0m = 0.0021s [0;36mmkdirAll[0m = 0.0001s [0;36mopenLevelDB[0m = 0.0020s 
[0;36mDEBUG[0m[2026-03-16 10:14:17.162]   PruningStorer.processPersistersToClose   [0;36mepochs to close[0m = [203] [0;36mbefore process[0m = [205 204 203] [0;36mafter process[0m = [205 204] 
[0;36mDEBUG[0m[2026-03-16 10:14:17.162]   makeDbPointerNilReturningLast            [0;36mpath[0m = TestOnly-Epoch_203/Shard_0/id [0;36mnilled pointer[0m = 0xc000542a80 [0;36mglobal db counter[0m = 2 
[0;36mDEBUG[0m[2026-03-16 10:14:17.162]   processLoop - closing the leveldb process loop [0;36mpath[0m = TestOnly-Epoch_203/Shard_0/id 
[0;36mDEBUG[0m[2026-03-16 10:14:17.162]   batchTimeoutHandle - closing             [0;36mpath[0m = TestOnly-Epoch_203/Shard_0/id 
[0;36mDEBUG[0m[2026-03-16 10:14:17.164]   PruningStorer - change epoch             [0;36munit[0m = id [0;36mepoch[0m = 206 [0;36mbytes in cache[0m = 0 
[0;36mDEBUG[0m[2026-03-16 10:14:17.167]   opened serial level db persister         [0;36mpath[0m = TestOnly-Epoch_206/Shard_0/id [0;36mcreated pointer[0m = 0xc00078fdc0 [0;36mglobal db counter[0m = 3 [0;36mNewSerialDB[0m = 0.0037s [0;36mmkdirAll[0m = 0.0001s [0;36mopenLevelDB[0m = 0.0035s 
[0;36mDEBUG[0m[2026-03-16 10:14:17.167]   PruningStorer.processPersistersToClose   [0;36mepochs to close[0m = [204] [0;36mbefore process[0m = [206 205 204] [0;36mafter process[0m = [206 205] 
[0;36mDEBUG[0m[2026-03-16 10:14:17.168]   makeDbPointerNilReturningLast            [0;36mpath[0m = TestOnly-Epoch_204/Shard_0/id [0;36mnilled pointer[0m = 0xc00078ee00 [0;36mglobal db counter[0m = 2 
[0;36mDEBUG[0m[2026-03-16 10:14:17.168]   processLoop - closing the leveldb process loop [0;36mpath[0m = TestOnly-Epoch_204/Shard_0/id 
[0;36mDEBUG[0m[2026-03-16 10:14:17.168]   batchTimeoutHandle - closing             [0;36mpath[0m = TestOnly-Epoch_204/Shard_0/id 
[0;36mDEBUG[0m[2026-03-16 10:14:17.170]   PruningStorer - change epoch             [0;36munit[0m = id [0;36mepoch[0m = 207 [0;36mbytes in cache[0m = 0 
[0;36mDEBUG[0m[2026-03-16 10:14:17.173]   opened serial level db persister         [0;36mpath[0m = TestOnly-Epoch_207/Shard_0/id [0;36mcreated pointer[0m = 0xc000542c40 [0;36mglobal db counter[0m = 3 [0;36mNewSerialDB[0m = 0.0032s [0;36mmkdirAll[0m = 0.0002s [0;36mopenLevelDB[0m = 0.0030s 
[0;36mDEBUG[0m[2026-03-16 10:14:17.173]   PruningStorer.processPersistersToClose   [0;36mepochs to close[0m = [205] [0;36mbefore process[0m = [207 206 205] [0;36mafter process[0m = [207 206] 
[0;36mDEBUG[0m[2026-03-16 10:14:17.174]   makeDbPointerNilReturningLast            [0;36mpath[0m = TestOnly-Epoch_205/Shard_0/id [0;36mnilled pointer[0m = 0xc000161340 [0;36mglobal db counter[0m = 2 
[0;36mDEBUG[0m[2026-03-16 10:14:17.174]   processLoop - closing the leveldb process loop [0;36mpath[0m = TestOnly-Epoch_205/Shard_0/id 
[0;36mDEBUG[0m[2026-03-16 10:14:17.174]   batchTimeoutHandle - closing             [0;36mpath[0m = TestOnly-Epoch_205/Shard_0/id 
[0;36mDEBUG[0m[2026-03-16 10:14:17.176]   PruningStorer - change epoch             [0;36munit[0m = id [0;36mepoch[0m = 208 [0;36mbytes in cache[0m = 0 
[0;36mDEBUG[0m[2026-03-16 10:14:17.179]   opened serial level db persister         [0;36mpath[0m = TestOnly-Epoch_208/Shard_0/id [0;36mcreated pointer[0m = 0xc0001616c0 [0;36mglobal db counter[0m = 3 [0;36mNewSerialDB[0m = 0.0026s [0;36mmkdirAll[0m = 0.0002s [0;36mopenLevelDB[0m = 0.0024s 
[0;36mDEBUG[0m[2026-03-16 10:14:17.179]   PruningStorer.processPersistersToClose   [0;36mepochs to close[0m = [206] [0;36mbefore process[0m = [208 207 206] [0;36mafter process[0m = [208 207] 
[0;36mDEBUG[0m[2026-03-16 10:14:17.179]   makeDbPointerNilReturningLast            [0;36mpath[0m = TestOnly-Epoch_206/Shard_0/id [0;36mnilled pointer[0m = 0xc00078fdc0 [0;36mglobal db counter[0m = 2 
[0;36mDEBUG[0m[2026-03-16 10:14:17.179]   processLoop - closing the leveldb process loop [0;36mpath[0m = TestOnly-Epoch_206/Shard_0/id 
[0;36mDEBUG[0m[2026-03-16 10:14:17.179]   batchTimeoutHandle - closing             [0;36mpath[0m = TestOnly-Epoch_206/Shard_0/id 
[0;36mDEBUG[0m[2026-03-16 10:14:17.180]   PruningStorer - change epoch             [0;36munit[0m = id [0;36mepoch[0m = 209 [0;36mbytes in cache[0m = 0 
[0;36mDEBUG[0m[2026-03-16 10:14:17.183]   opened serial level db persister         [0;36mpath[0m = TestOnly-Epoch_209/Shard_0/id [0;36mcreated pointer[0m = 0xc00078ec40 [0;36mglobal db counter[0m = 3 [0;36mNewSerialDB[0m = 0.0024s [0;36mmkdirAll[0m = 0.0001s [0;36mopenLevelDB[0m = 0.0022s 
[0;36mDEBUG[0m[2026-03-16 10:14:17.183]   PruningStorer.processPersistersToClose   [0;36mepochs to close[0m = [207] [0;36mbefore process[0m = [209 208 207] [0;36mafter process[0m = [209 208] 
[0;36mDEBUG[0m[2026-03-16 10:14:17.183]   makeDbPointerNilReturningLast            [0;36mpath[0m = TestOnly-Epoch_207/Shard_0/id [0;36mnilled pointer[0m = 0xc000542c40 [0;36mglobal db counter[0m = 2 
[0;36mDEBUG[0m[2026-03-16 10:14:17.183]   processLoop - closing the leveldb process loop [0;36mpath[0m = TestOnly-Epoch_207/Shard_0/id 
[0;36mDEBUG[0m[2026-03-16 10:14:17.183]   batchTimeoutHandle - closing             [0;36mpath[0m = TestOnly-Epoch_207/Shard_0/id 
[0;36mDEBUG[0m[2026-03-16 10:14:17.184]   PruningStorer - change epoch             [0;36munit[0m = id [0;36mepoch[0m = 210 [0;36mbytes in cache[0m = 0 
[0;36mDEBUG[0m[2026-03-16 10:14:17.187]   opened serial level db persister         [0;36mpath[0m = TestOnly-Epoch_210/Shard_0/id [0;36mcreated pointer[0m = 0xc000161a40 [0;36mglobal db counter[0m = 3 [0;36mNewSerialDB[0m = 0.0027s [0;36mmkdirAll[0m = 0.0002s [0;36mopenLevelDB[0m = 0.0025s 
[0;36mDEBUG[0m[2026-03-16 10:14:17.187]   PruningStorer.processPersistersToClose   [0;36mepochs to close[0m = [208] [0;36mbefore process[0m = [210 209 208] [0;36mafter process[0m = [210 209] 
[0;36mDEBUG[0m[2026-03-16 10:14:17.188]   makeDbPointerNilReturningLast            [0;36mpath[0m = TestOnly-Epoch_208/Shard_0/id [0;36mnilled pointer[0m = 0xc0001616c0 [0;36mglobal db counter[0m = 2 
[0;36mDEBUG[0m[2026-03-16 10:14:17.188]   processLoop - closing the leveldb process loop [0;36mpath[0m = TestOnly-Epoch_208/Shard_0/id 
[0;36mDEBUG[0m[2026-03-16 10:14:17.188]   batchTimeoutHandle - closing             [0;36mpath[0m = TestOnly-Epoch_208/Shard_0/id 
[0;36mDEBUG[0m[2026-03-16 10:14:17.189]   PruningStorer - change epoch             [0;36munit[0m = id [0;36mepoch[0m = 211 [0;36mbytes in cache[0m = 0 
[0;36mDEBUG[0m[2026-03-16 10:14:17.191]   opened serial level db persister         [0;36mpath[0m = TestOnly-Epoch_211/Shard_0/id [0;36mcreated pointer[0m = 0xc000542e00 [0;36mglobal db counter[0m = 3 [0;36mNewSerialDB[0m = 0.0022s [0;36mmkdirAll[0m = 0.0001s [0;36mopenLevelDB[0m = 0.0021s 
[0;36mDEBUG[0m[2026-03-16 10:14:17.191]   PruningStorer.processPersistersToClose   [0;36mepochs to close[0m = [209] [0;36mbefore process[0m = [211 210 209] [0;36mafter process[0m = [211 210] 
[0;36mDEBUG[0m[2026-03-16 10:14:17.192]   makeDbPointerNilReturningLast            [0;36mpath[0m = TestOnly-Epoch_209/Shard_0/id [0;36mnilled pointer[0m = 0xc00078ec40 [0;36mglobal db counter[0m = 2 
[0;36mDEBUG[0m[2026-03-16 10:14:17.192]   processLoop - closing the leveldb process loop [0;36mpath[0m = TestOnly-Epoch_209/Shard_0/id 
[0;36mDEBUG[0m[2026-03-16 10:14:17.192]   batchTimeoutHandle - closing             [0;36mpath[0m = TestOnly-Epoch_209/Shard_0/id 
[0;36mDEBUG[0m[2026-03-16 10:14:17.193]   PruningStorer - change epoch             [0;36munit[0m = id [0;36mepoch[0m = 212 [0;36mbytes in cache[0m = 0 
[0;36mDEBUG[0m[2026-03-16 10:14:17.195]   opened serial level db persister         [0;36mpath[0m = TestOnly-Epoch_212/Shard_0/id [0;36mcreated pointer[0m = 0xc000161c00 [0;36mglobal db counter[0m = 3 [0;36mNewSerialDB[0m = 0.0023s [0;36mmkdirAll[0m = 0.0002s [0;36mopenLevelDB[0m = 0.0021s 
[0;36mDEBUG[0m[2026-03-16 10:14:17.195]   PruningStorer.processPersistersToClose   [0;36mepochs to close[0m = [210] [0;36mbefore process[0m = [212 211 210] [0;36mafter process[0m = [212 211] 
[0;36mDEBUG[0m[2026-03-16 10:14:17.196]   makeDbPointerNilReturningLast            [0;36mpath[0m = TestOnly-Epoch_210/Shard_0/id [0;36mnilled pointer[0m = 0xc000161a40 [0;36mglobal db counter[0m = 2 
[0;36mDEBUG[0m[2026-03-16 10:14:17.196]   processLoop - closing the leveldb process loop [0;36mpath[0m = TestOnly-Epoch_210/Shard_0/id 
[0;36mDEBUG[0m[2026-03-16 10:14:17.196]   batchTimeoutHandle - closing             [0;36mpath[0m = TestOnly-Epoch_210/Shard_0/id 
[0;36mDEBUG[0m[2026-03-16 10:14:17.197]   PruningStorer - change epoch             [0;36munit[0m = id [0;36mepoch[0m = 213 [0;36mbytes in cache[0m = 0 
[0;36mDEBUG[0m[2026-03-16 10:14:17.200]   opened serial level db persister         [0;36mpath[0m = TestOnly-Epoch_213/Shard_0/id [0;36mcreated pointer[0m = 0xc000543a40 [0;36mglobal db counter[0m = 3 [0;36mNewSerialDB[0m = 0.0028s [0;36mmkdirAll[0m = 0.0001s [0;36mopenLevelDB[0m = 0.0026s 
[0;36mDEBUG[0m[2026-03-16 10:14:17.200]   PruningStorer.processPersistersToClose   [0;36mepochs to close[0m = [211] [0;36mbefore process[0m = [213 212 211] [0;36mafter process[0m = [213 212] 
[0;36mDEBUG[0m[2026-03-16 10:14:17.200]   makeDbPointerNilReturningLast            [0;36mpath[0m = TestOnly-Epoch_211/Shard_0/id [0;36mnilled pointer[0m = 0xc000542e00 [0;36mglobal db counter[0m = 2 
[0;36mDEBUG[0m[2026-03-16 10:14:17.201]   processLoop - closing the leveldb process loop [0;36mpath[0m = TestOnly-Epoch_211/Shard_0/id 
[0;36mDEBUG[0m[2026-03-16 10:14:17.201]   batchTimeoutHandle - closing             [0;36mpath[0m = TestOnly-Epoch_211/Shard_0/id 
[0;36mDEBUG[0m[2026-03-16 10:14:17.202]   PruningStorer - change epoch             [0;36munit[0m = id [0;36mepoch[0m = 214 [0;36mbytes in cache[0m = 0 
[0;36mDEBUG[0m[2026-03-16 10:14:17.206]   opened serial level db persister         [0;36mpath[0m = TestOnly-Epoch_214/Shard_0/id [0;36mcreated pointer[0m = 0xc00078fc00 [0;36mglobal db counter[0m = 3 [0;36mNewSerialDB[0m = 0.0045s [0;36mmkdirAll[0m = 0.0001s [0;36mopenLevelDB[0m = 0.0044s 
[0;36mDEBUG[0m[2026-03-16 10:14:17.206]   PruningStorer.processPersistersToClose   [0;36mepochs to close[0m = [212] [0;36mbefore process[0m = [214 213 212] [0;36mafter process[0m = [214 213] 
[0;36mDEBUG[0m[2026-03-16 10:14:17.207]   makeDbPointerNilReturningLast            [0;36mpath[0m = TestOnly-Epoch_212/Shard_0/id [0;36mnilled pointer[0m = 0xc000161c00 [0;36mglobal db counter[0m = 2 
[0;36mDEBUG[0m[2026-03-16 10:14:17.207]   processLoop - closing the leveldb process loop [0;36mpath[0m = TestOnly-Epoch_212/Shard_0/id 
[0;36mDEBUG[0m[2026-03-16 10:14:17.207]   batchTimeoutHandle - closing             [0;36mpath[0m = TestOnly-Epoch_212/Shard_0/id 
[0;36mDEBUG[0m[2026-03-16 10:14:17.208]   PruningStorer - change epoch             [0;36munit[0m = id [0;36mepoch[0m = 215 [0;36mbytes in cache[0m = 0 
[0;36mDEBUG[0m[2026-03-16 10:14:17.211]   opened serial level db persister         [0;36mpath[0m = TestOnly-Epoch_215/Shard_0/id [0;36mcreated pointer[0m = 0xc000161500 [0;36mglobal db counter[0m = 3 [0;36mNewSerialDB[0m = 0.0024s [0;36mmkdirAll[0m = 0.0002s [0;36mopenLevelDB[0m = 0.0023s 
[0;36mDEBUG[0m[2026-03-16 10:14:17.211]   PruningStorer.processPersistersToClose   [0;36mepochs to close[0m = [213] [0;36mbefore process[0m = [215 214 213] [0;36mafter process[0m = [215 214] 
[0;36mDEBUG[0m[2026-03-16 10:14:17.211]   makeDbPointerNilReturningLast            [0;36mpath[0m = TestOnly-Epoch_213/Shard_0/id [0;36mnilled pointer[0m = 0xc000543a40 [0;36mglobal db counter[0m = 2 
[0;36mDEBUG[0m[2026-03-16 10:14:17.211]   processLoop - closing the leveldb process loop [0;36mpath[0m = TestOnly-Epoch_213/Shard_0/id 
[0;36mDEBUG[0m[2026-03-16 10:14:17.211]   batchTimeoutHandle - closing             [0;36mpath[0m = TestOnly-Epoch_213/Shard_0/id 
[0;36mDEBUG[0m[2026-03-16 10:14:17.212]   PruningStorer - change epoch             [0;36munit[0m = id [0;36mepoch[0m = 216 [0;36mbytes in cache[0m = 0 
[0;36mDEBUG[0m[2026-03-16 10:14:17.215]   opened serial level db persister         [0;36mpath[0m = TestOnly-Epoch_216/Shard_0/id [0;36mcreated pointer[0m = 0xc000543880 [0;36mglobal db counter[0m = 3 [0;36mNewSerialDB[0m = 0.0023s [0;36mmkdirAll[0m = 0.0001s [0;36mopenLevelDB[0m = 0.0021s 
[0;36mDEBUG[0m[2026-03-16 10:14:17.215]   PruningStorer.processPersistersToClose   [0;36mepochs to close[0m = [214] [0;36mbefore process[0m = [216 215 214] [0;36mafter process[0m = [216 215] 
[0;36mDEBUG[0m[2026-03-16 10:14:17.215]   makeDbPointerNilReturningLast            [0;36mpath[0m = TestOnly-Epoch_214/Shard_0/id [0;36mnilled pointer[0m = 0xc00078fc00 [0;36mglobal db counter[0m = 2 
[0;36mDEBUG[0m[2026-03-16 10:14:17.215]   processLoop - closing the leveldb process loop [0;36mpath[0m = TestOnly-Epoch_214/Shard_0/id 
[0;36mDEBUG[0m[2026-03-16 10:14:17.215]   batchTimeoutHandle - closing             [0;36mpath[0m = TestOnly-Epoch_214/Shard_0/id 
[0;36mDEBUG[0m[2026-03-16 10:14:17.217]   PruningStorer - change epoch             [0;36munit[0m = id [0;36mepoch[0m = 217 [0;36mbytes in cache[0m = 0 
[0;36mDEBUG[0m[2026-03-16 10:14:17.219]   opened serial level db persister         [0;36mpath[0m = TestOnly-Epoch_217/Shard_0/id [0;36mcreated pointer[0m = 0xc000917880 [0;36mglobal db counter[0m = 3 [0;36mNewSerialDB[0m = 0.0025s [0;36mmkdirAll[0m = 0.0002s [0;36mopenLevelDB[0m = 0.0023s 
[0;36mDEBUG[0m[2026-03-16 10:14:17.219]   PruningStorer.processPersistersToClose   [0;36mepochs to close[0m = [215] [0;36mbefore process[0m = [217 216 215] [0;36mafter process[0m = [217 216] 
[0;36mDEBUG[0m[2026-03-16 10:14:17.220]   makeDbPointerNilReturningLast            [0;36mpath[0m = TestOnly-Epoch_215/Shard_0/id [0;36mnilled pointer[0m = 0xc000161500 [0;36mglobal db counter[0m = 2 
[0;36mDEBUG[0m[2026-03-16 10:14:17.220]   processLoop - closing the leveldb process loop [0;36mpath[0m = TestOnly-Epoch_215/Shard_0/id 
[0;36mDEBUG[0m[2026-03-16 10:14:17.220]   batchTimeoutHandle - closing             [0;36mpath[0m = TestOnly-Epoch_215/Shard_0/id 
[0;36mDEBUG[0m[2026-03-16 10:14:17.221]   PruningStorer - change epoch             [0;36munit[0m = id [0;36mepoch[0m = 218 [0;36mbytes in cache[0m = 0 
[0;36mDEBUG[0m[2026-03-16 10:14:17.223]   opened serial level db persister         [0;36mpath[0m = TestOnly-Epoch_218/Shard_0/id [0;36mcreated pointer[0m = 0xc0005b0000 [0;36mglobal db counter[0m = 3 [0;36mNewSerialDB[0m = 0.0026s [0;36mmkdirAll[0m = 0.0001s [0;36mopenLevelDB[0m = 0.0024s 
[0;36mDEBUG[0m[2026-03-16 10:14:17.223]   PruningStorer.processPersistersToClose   [0;36mepochs to close[0m = [216] [0;36mbefore process[0m = [218 217 216] [0;36mafter process[0m = [218 217] 
[0;36mDEBUG[0m[2026-03-16 10:14:17.224]   makeDbPointerNilReturningLast            [0;36mpath[0m = TestOnly-Epoch_216/Shard_0/id [0;36mnilled pointer[0m = 0xc000543880 [0;36mglobal db counter[0m = 2 
[0;36mDEBUG[0m[2026-03-16 10:14:17.224]   processLoop - closing the leveldb process loop [0;36mpath[0m = TestOnly-Epoch_216/Shard_0/id 
[0;36mDEBUG[0m[2026-03-16 10:14:17.224]   batchTimeoutHandle - closing             [0;36mpath[0m = TestOnly-Epoch_216/Shard_0/id 
[0;36mDEBUG[0m[2026-03-16 10:14:17.225]   PruningStorer - change epoch             [0;36munit[0m = id [0;36mepoch[0m = 219 [0;36mbytes in cache[0m = 0 
[0;36mDEBUG[0m[2026-03-16 10:14:17.227]   opened serial level db persister         [0;36mpath[0m = TestOnly-Epoch_219/Shard_0/id [0;36mcreated pointer[0m = 0xc0005b0a80 [0;36mglobal db counter[0m = 3 [0;36mNewSerialDB[0m = 0.0022s [0;36mmkdirAll[0m = 0.0001s [0;36mopenLevelDB[0m = 0.0021s 
[0;36mDEBUG[0m[2026-03-16 10:14:17.227]   PruningStorer.processPersistersToClose   [0;36mepochs to close[0m = [217] [0;36mbefore process[0m = [219 218 217] [0;36mafter process[0m = [219 218] 
[0;36mDEBUG[0m[2026-03-16 10:14:17.228]   makeDbPointerNilReturningLast            [0;36mpath[0m = TestOnly-Epoch_217/Shard_0/id [0;36mnilled pointer[0m = 0xc000917880 [0;36mglobal db counter[0m = 2 
[0;36mDEBUG[0m[2026-03-16 10:14:17.228]   processLoop - closing the leveldb process loop [0;36mpath[0m = TestOnly-Epoch_217/Shard_0/id 
[0;36mDEBUG[0m[2026-03-16 10:14:17.228]   batchTimeoutHandle - closing             [0;36mpath[0m = TestOnly-Epoch_217/Shard_0/id 
[0;36mDEBUG[0m[2026-03-16 10:14:17.229]   PruningStorer - change epoch             [0;36munit[0m = id [0;36mepoch[0m = 220 [0;36mbytes in cache[0m = 0 
[0;36mDEBUG[0m[2026-03-16 10:14:17.232]   opened serial level db persister         [0;36mpath[0m = TestOnly-Epoch_220/Shard_0/id [0;36mcreated pointer[0m = 0xc000917dc0 [0;36mglobal db counter[0m = 3 [0;36mNewSerialDB[0m = 0.0030s [0;36mmkdirAll[0m = 0.0002s [0;36mopenLevelDB[0m = 0.0028s 
[0;36mDEBUG[0m[2026-03-16 10:14:17.232]   PruningStorer.processPersistersToClose   [0;36mepochs to close[0m = [218] [0;36mbefore process[0m = [220 219 218] [0;36mafter process[0m = [220 219] 
[0;36mDEBUG[0m[2026-03-16 10:14:17.233]   makeDbPointerNilReturningLast            [0;36mpath[0m = TestOnly-Epoch_218/Shard_0/id [0;36mnilled pointer[0m = 0xc0005b0000 [0;36mglobal db counter[0m = 2 
[0;36mDEBUG[0m[2026-03-16 10:14:17.233]   processLoop - closing the leveldb process loop [0;36mpath[0m = TestOnly-Epoch_218/Shard_0/id 
[0;36mDEBUG[0m[2026-03-16 10:14:17.233]   batchTimeoutHandle - closing             [0;36mpath[0m = TestOnly-Epoch_218/Shard_0/id 
[0;36mDEBUG[0m[2026-03-16 10:14:17.234]   PruningStorer - change epoch             [0;36munit[0m = id [0;36mepoch[0m = 221 [0;36mbytes in cache[0m = 0 
[0;36mDEBUG[0m[2026-03-16 10:14:17.237]   opened serial level db persister         [0;36mpath[0m = TestOnly-Epoch_221/Shard_0/id [0;36mcreated pointer[0m = 0xc000161dc0 [0;36mglobal db counter[0m = 3 [0;36mNewSerialDB[0m = 0.0031s [0;36mmkdirAll[0m = 0.0002s [0;36mopenLevelDB[0m = 0.0029s 
[0;36mDEBUG[0m[2026-03-16 10:14:17.237]   PruningStorer.processPersistersToClose   [0;36mepochs to close[0m = [219] [0;36mbefore process[0m = [221 220 219] [0;36mafter process[0m = [221 220] 
[0;36mDEBUG[0m[2026-03-16 10:14:17.238]   makeDbPointerNilReturningLast            [0;36mpath[0m = TestOnly-Epoch_219/Shard_0/id [0;36mnilled pointer[0m = 0xc0005b0a80 [0;36mglobal db counter[0m = 2 
[0;36mDEBUG[0m[2026-03-16 10:14:17.238]   processLoop - closing the leveldb process loop [0;36mpath[0m = TestOnly-Epoch_219/Shard_0/id 
[0;36mDEBUG[0m[2026-03-16 10:14:17.238]   batchTimeoutHandle - closing             [0;36mpath[0m = TestOnly-Epoch_219/Shard_0/id 
[0;36mDEBUG[0m[2026-03-16 10:14:17.239]   PruningStorer - change epoch             [0;36munit[0m = id [0;36mepoch[0m = 222 [0;36mbytes in cache[0m = 0 
[0;36mDEBUG[0m[2026-03-16 10:14:17.242]   opened serial level db persister         [0;36mpath[0m = TestOnly-Epoch_222/Shard_0/id [0;36mcreated pointer[0m = 0xc00032a540 [0;36mglobal db counter[0m = 3 [0;36mNewSerialDB[0m = 0.0028s [0;36mmkdirAll[0m = 0.0002s [0;36mopenLevelDB[0m = 0.0026s 
[0;36mDEBUG[0m[2026-03-16 10:14:17.242]   PruningStorer.processPersistersToClose   [0;36mepochs to close[0m = [220] [0;36mbefore process[0m = [222 221 220] [0;36mafter process[0m = [222 221] 
[0;36mDEBUG[0m[2026-03-16 10:14:17.242]   makeDbPointerNilReturningLast            [0;36mpath[0m = TestOnly-Epoch_220/Shard_0/id [0;36mnilled pointer[0m = 0xc000917dc0 [0;36mglobal db counter[0m = 2 
[0;36mDEBUG[0m[2026-03-16 10:14:17.242]   processLoop - closing the leveldb process loop [0;36mpath[0m = TestOnly-Epoch_220/Shard_0/id 
[0;36mDEBUG[0m[2026-03-16 10:14:17.242]   batchTimeoutHandle - closing             [0;36mpath[0m = TestOnly-Epoch_220/Shard_0/id 
[0;36mDEBUG[0m[2026-03-16 10:14:17.243]   PruningStorer - change epoch             [0;36munit[0m = id [0;36mepoch[0m = 223 [0;36mbytes in cache[0m = 0 
[0;36mDEBUG[0m[2026-03-16 10:14:17.246]   opened serial level db persister         [0;36mpath[0m = TestOnly-Epoch_223/Shard_0/id [0;36mcreated pointer[0m = 0xc00032a8c0 [0;36mglobal db counter[0m = 3 [0;36mNewSerialDB[0m = 0.0025s [0;36mmkdirAll[0m = 0.0002s [0;36mopenLevelDB[0m = 0.0024s 
[0;36mDEBUG[0m[2026-03-16 10:14:17.246]   PruningStorer.processPersistersToClose   [0;36mepochs to close[0m = [221] [0;36mbefore process[0m = [223 222 221] [0;36mafter process[0m = [223 222] 
[0;36mDEBUG[0m[2026-03-16 10:14:17.246]   makeDbPointerNilReturningLast            [0;36mpath[0m = TestOnly-Epoch_221/Shard_0/id [0;36mnilled pointer[0m = 0xc000161dc0 [0;36mglobal db counter[0m = 2 
[0;36mDEBUG[0m[2026-03-16 10:14:17.246]   processLoop - closing the leveldb process loop [0;36mpath[0m = TestOnly-Epoch_221/Shard_0/id 
[0;36mDEBUG[0m[2026-03-16 10:14:17.246]   batchTimeoutHandle - closing             [0;36mpath[0m = TestOnly-Epoch_221/Shard_0/id 
[0;36mDEBUG[0m[2026-03-16 10:14:17.247]   PruningStorer - change epoch             [0;36munit[0m = id [0;36mepoch[0m = 224 [0;36mbytes in cache[0m = 0 
[0;36mDEBUG[0m[2026-03-16 10:14:17.250]   opened serial level db persister         [0;36mpath[0m = TestOnly-Epoch_224/Shard_0/id [0;36mcreated pointer[0m = 0xc0005b08c0 [0;36mglobal db counter[0m = 3 [0;36mNewSerialDB[0m = 0.0021s [0;36mmkdirAll[0m = 0.0001s [0;36mopenLevelDB[0m = 0.0020s 
[0;36mDEBUG[0m[2026-03-16 10:14:17.250]   PruningStorer.processPersistersToClose   [0;36mepochs to close[0m = [222] [0;36mbefore process[0m = [224 223 222] [0;36mafter process[0m = [224 223] 
[0;36mDEBUG[0m[2026-03-16 10:14:17.250]   makeDbPointerNilReturningLast            [0;36mpath[0m = TestOnly-Epoch_222/Shard_0/id [0;36mnilled pointer[0m = 0xc00032a540 [0;36mglobal db counter[0m = 2 
[0;36mDEBUG[0m[2026-03-16 10:14:17.250]   batchTimeoutHandle - closing             [0;36mpath[0m = TestOnly-Epoch_222/Shard_0/id 
[0;36mDEBUG[0m[2026-03-16 10:14:17.250]   processLoop - closing the leveldb process loop [0;36mpath[0m = TestOnly-Epoch_222/Shard_0/id 
[0;36mDEBUG[0m[2026-03-16 10:14:17.252]   PruningStorer - change epoch             [0;36munit[0m = id [0;36mepoch[0m = 225 [0;36mbytes in cache[0m = 0 
[0;36mDEBUG[0m[2026-03-16 10:14:17.254]   opened serial level db persister         [0;36mpath[0m = TestOnly-Epoch_225/Shard_0/id [0;36mcreated pointer[0m = 0xc0009176c0 [0;36mglobal db counter[0m = 3 [0;36mNewSerialDB[0m = 0.0024s [0;36mmkdirAll[0m = 0.0002s [0;36mopenLevelDB[0m = 0.0022s 
[0;36mDEBUG[0m[2026-03-16 10:14:17.254]   PruningStorer.processPersistersToClose   [0;36mepochs to close[0m = [223] [0;36mbefore process[0m = [225 224 223] [0;36mafter process[0m = [225 224] 
[0;36mDEBUG[0m[2026-03-16 10:14:17.255]   makeDbPointerNilReturningLast            [0;36mpath[0m = TestOnly-Epoch_223/Shard_0/id [0;36mnilled pointer[0m = 0xc00032a8c0 [0;36mglobal db counter[0m = 2 
[0;36mDEBUG[0m[2026-03-16 10:14:17.255]   processLoop - closing the leveldb process loop [0;36mpath[0m = TestOnly-Epoch_223/Shard_0/id 
[0;36mDEBUG[0m[2026-03-16 10:14:17.255]   batchTimeoutHandle - closing             [0;36mpath[0m = TestOnly-Epoch_223/Shard_0/id 
[0;36mDEBUG[0m[2026-03-16 10:14:17.256]   PruningStorer - change epoch             [0;36munit[0m = id [0;36mepoch[0m = 226 [0;36mbytes in cache[0m = 0 
[0;36mDEBUG[0m[2026-03-16 10:14:17.259]   opened serial level db persister         [0;36mpath[0m = TestOnly-Epoch_226/Shard_0/id [0;36mcreated pointer[0m = 0xc0005b16c0 [0;36mglobal db counter[0m = 3 [0;36mNewSerialDB[0m = 0.0030s [0;36mmkdirAll[0m = 0.0001s [0;36mopenLevelDB[0m = 0.0029s 
[0;36mDEBUG[0m[2026-03-16 10:14:17.259]   PruningStorer.processPersistersToClose   [0;36mepochs to close[0m = [224] [0;36mbefore process[0m = [226 225 224] [0;36mafter process[0m = [226 225] 
[0;36mDEBUG[0m[2026-03-16 10:14:17.260]   makeDbPointerNilReturningLast            [0;36mpath[0m = TestOnly-Epoch_224/Shard_0/id [0;36mnilled pointer[0m = 0xc0005b08c0 [0;36mglobal db counter[0m = 2 
[0;36mDEBUG[0m[2026-03-16 10:14:17.260]   processLoop - closing the leveldb process loop [0;36mpath[0m = TestOnly-Epoch_224/Shard_0/id 
[0;36mDEBUG[0m[2026-03-16 10:14:17.260]   batchTimeoutHandle - closing             [0;36mpath[0m = TestOnly-Epoch_224/Shard_0/id 
[0;36mDEBUG[0m[2026-03-16 10:14:17.261]   PruningStorer - change epoch             [0;36munit[0m = id [0;36mepoch[0m = 227 [0;36mbytes in cache[0m = 0 
[0;36mDEBUG[0m[2026-03-16 10:14:17.264]   opened serial level db persister         [0;36mpath[0m = TestOnly-Epoch_227/Shard_0/id [0;36mcreated pointer[0m = 0xc000161880 [0;36mglobal db counter[0m = 3 [0;36mNewSerialDB[0m = 0.0031s [0;36mmkdirAll[0m = 0.0002s [0;36mopenLevelDB[0m = 0.0029s 
[0;36mDEBUG[0m[2026-03-16 10:14:17.264]   PruningStorer.processPersistersToClose   [0;36mepochs to close[0m = [225] [0;36mbefore process[0m = [227 226 225] [0;36mafter process[0m = [227 226] 
[0;36mDEBUG[0m[2026-03-16 10:14:17.265]   makeDbPointerNilReturningLast            [0;36mpath[0m = TestOnly-Epoch_225/Shard_0/id [0;36mnilled pointer[0m = 0xc0009176c0 [0;36mglobal db counter[0m = 2 
[0;36mDEBUG[0m[2026-03-16 10:14:17.265]   processLoop - closing the leveldb process loop [0;36mpath[0m = TestOnly-Epoch_225/Shard_0/id 
[0;36mDEBUG[0m[2026-03-16 10:14:17.265]   batchTimeoutHandle - closing             [0;36mpath[0m = TestOnly-Epoch_225/Shard_0/id 
[0;36mDEBUG[0m[2026-03-16 10:14:17.266]   PruningStorer - change epoch             [0;36munit[0m = id [0;36mepoch[0m = 228 [0;36mbytes in cache[0m = 0 
[0;36mDEBUG[0m[2026-03-16 10:14:17.269]   opened serial level db persister         [0;36mpath[0m = TestOnly-Epoch_228/Shard_0/id [0;36mcreated pointer[0m = 0xc00032a380 [0;36mglobal db counter[0m = 3 [0;36mNewSerialDB[0m = 0.0031s [0;36mmkdirAll[0m = 0.0001s [0;36mopenLevelDB[0m = 0.0029s 
[0;36mDEBUG[0m[2026-03-16 10:14:17.269]   PruningStorer.processPersistersToClose   [0;36mepochs to close[0m = [226] [0;36mbefore process[0m = [228 227 226] [0;36mafter process[0m = [228 227] 
[0;36mDEBUG[0m[2026-03-16 10:14:17.269]   makeDbPointerNilReturningLast            [0;36mpath[0m = TestOnly-Epoch_226/Shard_0/id [0;36mnilled pointer[0m = 0xc0005b16c0 [0;36mglobal db counter[0m = 2 
[0;36mDEBUG[0m[2026-03-16 10:14:17.269]   processLoop - closing the leveldb process loop [0;36mpath[0m = TestOnly-Epoch_226/Shard_0/id 
[0;36mDEBUG[0m[2026-03-16 10:14:17.269]   batchTimeoutHandle - closing             [0;36mpath[0m = TestOnly-Epoch_226/Shard_0/id 
[0;36mDEBUG[0m[2026-03-16 10:14:17.271]   PruningStorer - change epoch             [0;36munit[0m = id [0;36mepoch[0m = 229 [0;36mbytes in cache[0m = 0 
[0;36mDEBUG[0m[2026-03-16 10:14:17.273]   opened serial level db persister         [0;36mpath[0m = TestOnly-Epoch_229/Shard_0/id [0;36mcreated pointer[0m = 0xc0006ae000 [0;36mglobal db counter[0m = 3 [0;36mNewSerialDB[0m = 0.0026s [0;36mmkdirAll[0m = 0.0002s [0;36mopenLevelDB[0m = 0.0024s 
[0;36mDEBUG[0m[2026-03-16 10:14:17.273]   PruningStorer.processPersistersToClose   [0;36mepochs to close[0m = [227] [0;36mbefore process[0m = [229 228 227] [0;36mafter process[0m = [229 228] 
[0;36mDEBUG[0m[2026-03-16 10:14:17.274]   makeDbPointerNilReturningLast            [0;36mpath[0m = TestOnly-Epoch_227/Shard_0/id [0;36mnilled pointer[0m = 0xc000161880 [0;36mglobal db counter[0m = 2 
[0;36mDEBUG[0m[2026-03-16 10:14:17.274]   processLoop - closing the leveldb process loop [0;36mpath[0m = TestOnly-Epoch_227/Shard_0/id 
[0;36mDEBUG[0m[2026-03-16 10:14:17.274]   batchTimeoutHandle - closing             [0;36mpath[0m = TestOnly-Epoch_227/Shard_0/id 
[0;36mDEBUG[0m[2026-03-16 10:14:17.275]   PruningStorer - change epoch             [0;36munit[0m = id [0;36mepoch[0m = 230 [0;36mbytes in cache[0m = 0 
[0;36mDEBUG[0m[2026-03-16 10:14:17.277]   opened serial level db persister         [0;36mpath[0m = TestOnly-Epoch_230/Shard_0/id [0;36mcreated pointer[0m = 0xc00051a1c0 [0;36mglobal db counter[0m = 3 [0;36mNewSerialDB[0m = 0.0026s [0;36mmkdirAll[0m = 0.0001s [0;36mopenLevelDB[0m = 0.0025s 
[0;36mDEBUG[0m[2026-03-16 10:14:17.277]   PruningStorer.processPersistersToClose   [0;36mepochs to close[0m = [228] [0;36mbefore process[0m = [230 229 228] [0;36mafter process[0m = [230 229] 
[0;36mDEBUG[0m[2026-03-16 10:14:17.278]   makeDbPointerNilReturningLast            [0;36mpath[0m = TestOnly-Epoch_228/Shard_0/id [0;36mnilled pointer[0m = 0xc00032a380 [0;36mglobal db counter[0m = 2 
[0;36mDEBUG[0m[2026-03-16 10:14:17.278]   processLoop - closing the leveldb process loop [0;36mpath[0m = TestOnly-Epoch_228/Shard_0/id 
[0;36mDEBUG[0m[2026-03-16 10:14:17.278]   batchTimeoutHandle - closing             [0;36mpath[0m = TestOnly-Epoch_228/Shard_0/id 
[0;36mDEBUG[0m[2026-03-16 10:14:17.280]   PruningStorer - change epoch             [0;36munit[0m = id [0;36mepoch[0m = 231 [0;36mbytes in cache[0m = 0 
[0;36mDEBUG[0m[2026-03-16 10:14:17.282]   opened serial level db persister         [0;36mpath[0m = TestOnly-Epoch_231/Shard_0/id [0;36mcreated pointer[0m = 0xc0006ae1c0 [0;36mglobal db counter[0m = 3 [0;36mNewSerialDB[0m = 0.0023s [0;36mmkdirAll[0m = 0.0001s [0;36mopenLevelDB[0m = 0.0022s 
[0;36mDEBUG[0m[2026-03-16 10:14:17.282]   PruningStorer.processPersistersToClose   [0;36mepochs to close[0m = [229] [0;36mbefore process[0m = [231 230 229] [0;36mafter process[0m = [231 230] 
[0;36mDEBUG[0m[2026-03-16 10:14:17.283]   makeDbPointerNilReturningLast            [0;36mpath[0m = TestOnly-Epoch_229/Shard_0/id [0;36mnilled pointer[0m = 0xc0006ae000 [0;36mglobal db counter[0m = 2 
[0;36mDEBUG[0m[2026-03-16 10:14:17.283]   processLoop - closing the leveldb process loop [0;36mpath[0m = TestOnly-Epoch_229/Shard_0/id 
[0;36mDEBUG[0m[2026-03-16 10:14:17.283]   batchTimeoutHandle - closing             [0;36mpath[0m = TestOnly-Epoch_229/Shard_0/id 
[0;36mDEBUG[0m[2026-03-16 10:14:17.284]   PruningStorer - change epoch             [0;36munit[0m = id [0;36mepoch[0m = 232 [0;36mbytes in cache[0m = 0 
[0;36mDEBUG[0m[2026-03-16 10:14:17.287]   opened serial level db persister         [0;36mpath[0m = TestOnly-Epoch_232/Shard_0/id [0;36mcreated pointer[0m = 0xc0006ae540 [0;36mglobal db counter[0m = 3 [0;36mNewSerialDB[0m = 0.0024s [0;36mmkdirAll[0m = 0.0002s [0;36mopenLevelDB[0m = 0.0022s 
[0;36mDEBUG[0m[2026-03-16 10:14:17.287]   PruningStorer.processPersistersToClose   [0;36mepochs to close[0m = [230] [0;36mbefore process[0m = [232 231 230] [0;36mafter process[0m = [232 231] 
[0;36mDEBUG[0m[2026-03-16 10:14:17.287]   makeDbPointerNilReturningLast            [0;36mpath[0m = TestOnly-Epoch_230/Shard_0/id [0;36mnilled pointer[0m = 0xc00051a1c0 [0;36mglobal db counter[0m = 2 
[0;36mDEBUG[0m[2026-03-16 10:14:17.287]   processLoop - closing the leveldb process loop [0;36mpath[0m = TestOnly-Epoch_230/Shard_0/id 
[0;36mDEBUG[0m[2026-03-16 10:14:17.287]   batchTimeoutHandle - closing             [0;36mpath[0m = TestOnly-Epoch_230/Shard_0/id 
[0;36mDEBUG[0m[2026-03-16 10:14:17.288]   PruningStorer - change epoch             [0;36munit[0m = id [0;36mepoch[0m = 233 [0;36mbytes in cache[0m = 0 
[0;36mDEBUG[0m[2026-03-16 10:14:17.291]   opened serial level db persister         [0;36mpath[0m = TestOnly-Epoch_233/Shard_0/id [0;36mcreated pointer[0m = 0xc00051a540 [0;36mglobal db counter[0m = 3 [0;36mNewSerialDB[0m = 0.0025s [0;36mmkdirAll[0m = 0.0001s [0;36mopenLevelDB[0m = 0.0023s 
[0;36mDEBUG[0m[2026-03-16 10:14:17.291]   PruningStorer.processPersistersToClose   [0;36mepochs to close[0m = [231] [0;36mbefore process[0m = [233 232 231] [0;36mafter process[0m = [233 232] 
[0;36mDEBUG[0m[2026-03-16 10:14:17.291]   makeDbPointerNilReturningLast            [0;36mpath[0m = TestOnly-Epoch_231/Shard_0/id [0;36mnilled pointer[0m = 0xc0006ae1c0 [0;36mglobal db counter[0m = 2 
[0;36mDEBUG[0m[2026-03-16 10:14:17.291]   processLoop - closing the leveldb process loop [0;36mpath[0m = TestOnly-Epoch_231/Shard_0/id 
[0;36mDEBUG[0m[2026-03-16 10:14:17.291]   batchTimeoutHandle - closing             [0;36mpath[0m = TestOnly-Epoch_231/Shard_0/id 
[0;36mDEBUG[0m[2026-03-16 10:14:17.293]   PruningStorer - change epoch             [0;36munit[0m = id [0;36mepoch[0m = 234 [0;36mbytes in cache[0m = 0 
[0;36mDEBUG[0m[2026-03-16 10:14:17.296]   opened serial level db persister         [0;36mpath[0m = TestOnly-Epoch_234/Shard_0/id [0;36mcreated pointer[0m = 0xc0006ae8c0 [0;36mglobal db counter[0m = 3 [0;36mNewSerialDB[0m = 0.0032s [0;36mmkdirAll[0m = 0.0002s [0;36mopenLevelDB[0m = 0.0030s 
[0;36mDEBUG[0m[2026-03-16 10:14:17.296]   PruningStorer.processPersistersToClose   [0;36mepochs to close[0m = [232] [0;36mbefore process[0m = [234 233 232] [0;36mafter process[0m = [234 233] 
[0;36mDEBUG[0m[2026-03-16 10:14:17.296]   makeDbPointerNilReturningLast            [0;36mpath[0m = TestOnly-Epoch_232/Shard_0/id [0;36mnilled pointer[0m = 0xc0006ae540 [0;36mglobal db counter[0m = 2 
[0;36mDEBUG[0m[2026-03-16 10:14:17.296]   processLoop - closing the leveldb process loop [0;36mpath[0m = TestOnly-Epoch_232/Shard_0/id 
[0;36mDEBUG[0m[2026-03-16 10:14:17.296]   batchTimeoutHandle - closing             [0;36mpath[0m = TestOnly-Epoch_232/Shard_0/id 
[0;36mDEBUG[0m[2026-03-16 10:14:17.298]   PruningStorer - change epoch             [0;36munit[0m = id [0;36mepoch[0m = 235 [0;36mbytes in cache[0m = 0 
[0;36mDEBUG[0m[2026-03-16 10:14:17.300]   opened serial level db persister         [0;36mpath[0m = TestOnly-Epoch_235/Shard_0/id [0;36mcreated pointer[0m = 0xc00051a380 [0;36mglobal db counter[0m = 3 [0;36mNewSerialDB[0m = 0.0027s [0;36mmkdirAll[0m = 0.0002s [0;36mopenLevelDB[0m = 0.0024s 
[0;36mDEBUG[0m[2026-03-16 10:14:17.300]   PruningStorer.processPersistersToClose   [0;36mepochs to close[0m = [233] [0;36mbefore process[0m = [235 234 233] [0;36mafter process[0m = [235 234] 
[0;36mDEBUG[0m[2026-03-16 10:14:17.301]   makeDbPointerNilReturningLast            [0;36mpath[0m = TestOnly-Epoch_233/Shard_0/id [0;36mnilled pointer[0m = 0xc00051a540 [0;36mglobal db counter[0m = 2 
[0;36mDEBUG[0m[2026-03-16 10:14:17.301]   batchTimeoutHandle - closing             [0;36mpath[0m = TestOnly-Epoch_233/Shard_0/id 
[0;36mDEBUG[0m[2026-03-16 10:14:17.301]   processLoop - closing the leveldb process loop [0;36mpath[0m = TestOnly-Epoch_233/Shard_0/id 
[0;36mDEBUG[0m[2026-03-16 10:14:17.302]   PruningStorer - change epoch             [0;36munit[0m = id [0;36mepoch[0m = 236 [0;36mbytes in cache[0m = 0 
[0;36mDEBUG[0m[2026-03-16 10:14:17.305]   opened serial level db persister         [0;36mpath[0m = TestOnly-Epoch_236/Shard_0/id [0;36mcreated pointer[0m = 0xc0006aea80 [0;36mglobal db counter[0m = 3 [0;36mNewSerialDB[0m = 0.0025s [0;36mmkdirAll[0m = 0.0002s [0;36mopenLevelDB[0m = 0.0023s 
[0;36mDEBUG[0m[2026-03-16 10:14:17.305]   PruningStorer.processPersistersToClose   [0;36mepochs to close[0m = [234] [0;36mbefore process[0m = [236 235 234] [0;36mafter process[0m = [236 235] 
[0;36mDEBUG[0m[2026-03-16 10:14:17.305]   makeDbPointerNilReturningLast            [0;36mpath[0m = TestOnly-Epoch_234/Shard_0/id [0;36mnilled pointer[0m = 0xc0006ae8c0 [0;36mglobal db counter[0m = 2 
[0;36mDEBUG[0m[2026-03-16 10:14:17.305]   batchTimeoutHandle - closing             [0;36mpath[0m = TestOnly-Epoch_234/Shard_0/id 
[0;36mDEBUG[0m[2026-03-16 10:14:17.305]   processLoop - closing the leveldb process loop [0;36mpath[0m = TestOnly-Epoch_234/Shard_0/id 
[0;36mDEBUG[0m[2026-03-16 10:14:17.306]   PruningStorer - change epoch             [0;36munit[0m = id [0;36mepoch[0m = 237 [0;36mbytes in cache[0m = 0 
[0;36mDEBUG[0m[2026-03-16 10:14:17.309]   opened serial level db persister         [0;36mpath[0m = TestOnly-Epoch_237/Shard_0/id [0;36mcreated pointer[0m = 0xc00060ee00 [0;36mglobal db counter[0m = 3 [0;36mNewSerialDB[0m = 0.0025s [0;36mmkdirAll[0m = 0.0002s [0;36mopenLevelDB[0m = 0.0024s 
[0;36mDEBUG[0m[2026-03-16 10:14:17.309]   PruningStorer.processPersistersToClose   [0;36mepochs to close[0m = [235] [0;36mbefore process[0m = [237 236 235] [0;36mafter process[0m = [237 236] 
[0;36mDEBUG[0m[2026-03-16 10:14:17.309]   makeDbPointerNilReturningLast            [0;36mpath[0m = TestOnly-Epoch_235/Shard_0/id [0;36mnilled pointer[0m = 0xc00051a380 [0;36mglobal db counter[0m = 2 
[0;36mDEBUG[0m[2026-03-16 10:14:17.309]   batchTimeoutHandle - closing             [0;36mpath[0m = TestOnly-Epoch_235/Shard_0/id 
[0;36mDEBUG[0m[2026-03-16 10:14:17.309]   processLoop - closing the leveldb process loop [0;36mpath[0m = TestOnly-Epoch_235/Shard_0/id 
[0;36mDEBUG[0m[2026-03-16 10:14:17.310]   PruningStorer - change epoch             [0;36munit[0m = id [0;36mepoch[0m = 238 [0;36mbytes in cache[0m = 0 
[0;36mDEBUG[0m[2026-03-16 10:14:17.313]   opened serial level db persister         [0;36mpath[0m = TestOnly-Epoch_238/Shard_0/id [0;36mcreated pointer[0m = 0xc0006aee00 [0;36mglobal db counter[0m = 3 [0;36mNewSerialDB[0m = 0.0026s [0;36mmkdirAll[0m = 0.0002s [0;36mopenLevelDB[0m = 0.0024s 
[0;36mDEBUG[0m[2026-03-16 10:14:17.313]   PruningStorer.processPersistersToClose   [0;36mepochs to close[0m = [236] [0;36mbefore process[0m = [238 237 236] [0;36mafter process[0m = [238 237] 
[0;36mDEBUG[0m[2026-03-16 10:14:17.314]   makeDbPointerNilReturningLast            [0;36mpath[0m = TestOnly-Epoch_236/Shard_0/id [0;36mnilled pointer[0m = 0xc0006aea80 [0;36mglobal db counter[0m = 2 
[0;36mDEBUG[0m[2026-03-16 10:14:17.314]   processLoop - closing the leveldb process loop [0;36mpath[0m = TestOnly-Epoch_236/Shard_0/id 
[0;36mDEBUG[0m[2026-03-16 10:14:17.314]   batchTimeoutHandle - closing             [0;36mpath[0m = TestOnly-Epoch_236/Shard_0/id 
[0;36mDEBUG[0m[2026-03-16 10:14:17.315]   PruningStorer - change epoch             [0;36munit[0m = id [0;36mepoch[0m = 239 [0;36mbytes in cache[0m = 0 
[0;36mDEBUG[0m[2026-03-16 10:14:17.317]   opened serial level db persister         [0;36mpath[0m = TestOnly-Epoch_239/Shard_0/id [0;36mcreated pointer[0m = 0xc0006ae700 [0;36mglobal db counter[0m = 3 [0;36mNewSerialDB[0m = 0.0023s [0;36mmkdirAll[0m = 0.0001s [0;36mopenLevelDB[0m = 0.0022s 
[0;36mDEBUG[0m[2026-03-16 10:14:17.317]   PruningStorer.processPersistersToClose   [0;36mepochs to close[0m = [237] [0;36mbefore process[0m = [239 238 237] [0;36mafter process[0m = [239 238] 
[0;36mDEBUG[0m[2026-03-16 10:14:17.318]   makeDbPointerNilReturningLast            [0;36mpath[0m = TestOnly-Epoch_237/Shard_0/id [0;36mnilled pointer[0m = 0xc00060ee00 [0;36mglobal db counter[0m = 2 
[0;36mDEBUG[0m[2026-03-16 10:14:17.318]   processLoop - closing the leveldb process loop [0;36mpath[0m = TestOnly-Epoch_237/Shard_0/id 
[0;36mDEBUG[0m[2026-03-16 10:14:17.318]   batchTimeoutHandle - closing             [0;36mpath[0m = TestOnly-Epoch_237/Shard_0/id 
[0;36mDEBUG[0m[2026-03-16 10:14:17.319]   PruningStorer - change epoch             [0;36munit[0m = id [0;36mepoch[0m = 240 [0;36mbytes in cache[0m = 0 
[0;36mDEBUG[0m[2026-03-16 10:14:17.322]   opened serial level db persister         [0;36mpath[0m = TestOnly-Epoch_240/Shard_0/id [0;36mcreated pointer[0m = 0xc00051a700 [0;36mglobal db counter[0m = 3 [0;36mNewSerialDB[0m = 0.0027s [0;36mmkdirAll[0m = 0.0002s [0;36mopenLevelDB[0m = 0.0026s 
[0;36mDEBUG[0m[2026-03-16 10:14:17.322]   PruningStorer.processPersistersToClose   [0;36mepochs to close[0m = [238] [0;36mbefore process[0m = [240 239 238] [0;36mafter process[0m = [240 239] 
[0;36mDEBUG[0m[2026-03-16 10:14:17.322]   makeDbPointerNilReturningLast            [0;36mpath[0m = TestOnly-Epoch_238/Shard_0/id [0;36mnilled pointer[0m = 0xc0006aee00 [0;36mglobal db counter[0m = 2 
[0;36mDEBUG[0m[2026-03-16 10:14:17.322]   processLoop - closing the leveldb process loop [0;36mpath[0m = TestOnly-Epoch_238/Shard_0/id 
[0;36mDEBUG[0m[2026-03-16 10:14:17.322]   batchTimeoutHandle - closing             [0;36mpath[0m = TestOnly-Epoch_238/Shard_0/id 
[0;36mDEBUG[0m[2026-03-16 10:14:17.323]   PruningStorer - change epoch             [0;36munit[0m = id [0;36mepoch[0m = 241 [0;36mbytes in cache[0m = 0 
[0;36mDEBUG[0m[2026-03-16 10:14:17.326]   opened serial level db persister         [0;36mpath[0m = TestOnly-Epoch_241/Shard_0/id [0;36mcreated pointer[0m = 0xc00060ea80 [0;36mglobal db counter[0m = 3 [0;36mNewSerialDB[0m = 0.0029s [0;36mmkdirAll[0m = 0.0002s [0;36mopenLevelDB[0m = 0.0027s 
[0;36mDEBUG[0m[2026-03-16 10:14:17.326]   PruningStorer.processPersistersToClose   [0;36mepochs to close[0m = [239] [0;36mbefore process[0m = [241 240 239] [0;36mafter process[0m = [241 240] 
[0;36mDEBUG[0m[2026-03-16 10:14:17.327]   makeDbPointerNilReturningLast            [0;36mpath[0m = TestOnly-Epoch_239/Shard_0/id [0;36mnilled pointer[0m = 0xc0006ae700 [0;36mglobal db counter[0m = 2 
[0;36mDEBUG[0m[2026-03-16 10:14:17.327]   processLoop - closing the leveldb process loop [0;36mpath[0m = TestOnly-Epoch_239/Shard_0/id 
[0;36mDEBUG[0m[2026-03-16 10:14:17.327]   batchTimeoutHandle - closing             [0;36mpath[0m = TestOnly-Epoch_239/Shard_0/id 
[0;36mDEBUG[0m[2026-03-16 10:14:17.328]   PruningStorer - change epoch             [0;36munit[0m = id [0;36mepoch[0m = 242 [0;36mbytes in cache[0m = 0 
[0;36mDEBUG[0m[2026-03-16 10:14:17.331]   opened serial level db persister         [0;36mpath[0m = TestOnly-Epoch_242/Shard_0/id [0;36mcreated pointer[0m = 0xc0005b1500 [0;36mglobal db counter[0m = 3 [0;36mNewSerialDB[0m = 0.0027s [0;36mmkdirAll[0m = 0.0001s [0;36mopenLevelDB[0m = 0.0026s 
[0;36mDEBUG[0m[2026-03-16 10:14:17.331]   PruningStorer.processPersistersToClose   [0;36mepochs to close[0m = [240] [0;36mbefore process[0m = [242 241 240] [0;36mafter process[0m = [242 241] 
[0;36mDEBUG[0m[2026-03-16 10:14:17.331]   makeDbPointerNilReturningLast            [0;36mpath[0m = TestOnly-Epoch_240/Shard_0/id [0;36mnilled pointer[0m = 0xc00051a700 [0;36mglobal db counter[0m = 2 
[0;36mDEBUG[0m[2026-03-16 10:14:17.331]   processLoop - closing the leveldb process loop [0;36mpath[0m = TestOnly-Epoch_240/Shard_0/id 
[0;36mDEBUG[0m[2026-03-16 10:14:17.331]   batchTimeoutHandle - closing             [0;36mpath[0m = TestOnly-Epoch_240/Shard_0/id 
[0;36mDEBUG[0m[2026-03-16 10:14:17.332]   PruningStorer - change epoch             [0;36munit[0m = id [0;36mepoch[0m = 243 [0;36mbytes in cache[0m = 0 
[0;36mDEBUG[0m[2026-03-16 10:14:17.335]   opened serial level db persister         [0;36mpath[0m = TestOnly-Epoch_243/Shard_0/id [0;36mcreated pointer[0m = 0xc0006aec40 [0;36mglobal db counter[0m = 3 [0;36mNewSerialDB[0m = 0.0023s [0;36mmkdirAll[0m = 0.0001s [0;36mopenLevelDB[0m = 0.0022s 
[0;36mDEBUG[0m[2026-03-16 10:14:17.335]   PruningStorer.processPersistersToClose   [0;36mepochs to close[0m = [241] [0;36mbefore process[0m = [243 242 241] [0;36mafter process[0m = [243 242] 
[0;36mDEBUG[0m[2026-03-16 10:14:17.335]   makeDbPointerNilReturningLast            [0;36mpath[0m = TestOnly-Epoch_241/Shard_0/id [0;36mnilled pointer[0m = 0xc00060ea80 [0;36mglobal db counter[0m = 2 
[0;36mDEBUG[0m[2026-03-16 10:14:17.335]   batchTimeoutHandle - closing             [0;36mpath[0m = TestOnly-Epoch_241/Shard_0/id 
[0;36mDEBUG[0m[2026-03-16 10:14:17.335]   processLoop - closing the leveldb process loop [0;36mpath[0m = TestOnly-Epoch_241/Shard_0/id 
[0;36mDEBUG[0m[2026-03-16 10:14:17.337]   PruningStorer - change epoch             [0;36munit[0m = id [0;36mepoch[0m = 244 [0;36mbytes in cache[0m = 0 
[0;36mDEBUG[0m[2026-03-16 10:14:17.339]   opened serial level db persister         [0;36mpath[0m = TestOnly-Epoch_244/Shard_0/id [0;36mcreated pointer[0m = 0xc00051a8c0 [0;36mglobal db counter[0m = 3 [0;36mNewSerialDB[0m = 0.0024s [0;36mmkdirAll[0m = 0.0002s [0;36mopenLevelDB[0m = 0.0022s 
[0;36mDEBUG[0m[2026-03-16 10:14:17.339]   PruningStorer.processPersistersToClose   [0;36mepochs to close[0m = [242] [0;36mbefore process[0m = [244 243 242] [0;36mafter process[0m = [244 243] 
[0;36mDEBUG[0m[2026-03-16 10:14:17.339]   processLoop - closing the leveldb process loop [0;36mpath[0m = TestOnly-Epoch_242/Shard_0/id 
[0;36mDEBUG[0m[2026-03-16 10:14:17.339]   makeDbPointerNilReturningLast            [0;36mpath[0m = TestOnly-Epoch_242/Shard_0/id [0;36mnilled pointer[0m = 0xc0005b1500 [0;36mglobal db counter[0m = 2 
[0;36mDEBUG[0m[2026-03-16 10:14:17.339]   batchTimeoutHandle - closing             [0;36mpath[0m = TestOnly-Epoch_242/Shard_0/id 
[0;36mDEBUG[0m[2026-03-16 10:14:17.341]   PruningStorer - change epoch             [0;36munit[0m = id [0;36mepoch[0m = 245 [0;36mbytes in cache[0m = 0 
[0;36mDEBUG[0m[2026-03-16 10:14:17.343]   opened serial level db persister         [0;36mpath[0m = TestOnly-Epoch_245/Shard_0/id [0;36mcreated pointer[0m = 0xc00060fc00 [0;36mglobal db counter[0m = 3 [0;36mNewSerialDB[0m = 0.0025s [0;36mmkdirAll[0m = 0.0002s [0;36mopenLevelDB[0m = 0.0023s 
[0;36mDEBUG[0m[2026-03-16 10:14:17.343]   PruningStorer.processPersistersToClose   [0;36mepochs to close[0m = [243] [0;36mbefore process[0m = [245 244 243] [0;36mafter process[0m = [245 244] 
[0;36mDEBUG[0m[2026-03-16 10:14:17.344]   makeDbPointerNilReturningLast            [0;36mpath[0m = TestOnly-Epoch_243/Shard_0/id [0;36mnilled pointer[0m = 0xc0006aec40 [0;36mglobal db counter[0m = 2 
[0;36mDEBUG[0m[2026-03-16 10:14:17.344]   processLoop - closing the leveldb process loop [0;36mpath[0m = TestOnly-Epoch_243/Shard_0/id 
[0;36mDEBUG[0m[2026-03-16 10:14:17.344]   batchTimeoutHandle - closing             [0;36mpath[0m = TestOnly-Epoch_243/Shard_0/id 
[0;36mDEBUG[0m[2026-03-16 10:14:17.345]   PruningStorer - change epoch             [0;36munit[0m = id [0;36mepoch[0m = 246 [0;36mbytes in cache[0m = 0 
[0;36mDEBUG[0m[2026-03-16 10:14:17.348]   opened serial level db persister         [0;36mpath[0m = TestOnly-Epoch_246/Shard_0/id [0;36mcreated pointer[0m = 0xc000512540 [0;36mglobal db counter[0m = 3 [0;36mNewSerialDB[0m = 0.0036s [0;36mmkdirAll[0m = 0.0002s [0;36mopenLevelDB[0m = 0.0034s 
[0;36mDEBUG[0m[2026-03-16 10:14:17.348]   PruningStorer.processPersistersToClose   [0;36mepochs to close[0m = [244] [0;36mbefore process[0m = [246 245 244] [0;36mafter process[0m = [246 245] 
[0;36mDEBUG[0m[2026-03-16 10:14:17.349]   makeDbPointerNilReturningLast            [0;36mpath[0m = TestOnly-Epoch_244/Shard_0/id [0;36mnilled pointer[0m = 0xc00051a8c0 [0;36mglobal db counter[0m = 2 
[0;36mDEBUG[0m[2026-03-16 10:14:17.349]   processLoop - closing the leveldb process loop [0;36mpath[0m = TestOnly-Epoch_244/Shard_0/id 
[0;36mDEBUG[0m[2026-03-16 10:14:17.349]   batchTimeoutHandle - closing             [0;36mpath[0m = TestOnly-Epoch_244/Shard_0/id 
[0;36mDEBUG[0m[2026-03-16 10:14:17.350]   PruningStorer - change epoch             [0;36munit[0m = id [0;36mepoch[0m = 247 [0;36mbytes in cache[0m = 0 
[0;36mDEBUG[0m[2026-03-16 10:14:17.353]   opened serial level db persister         [0;36mpath[0m = TestOnly-Epoch_247/Shard_0/id [0;36mcreated pointer[0m = 0xc00051aa80 [0;36mglobal db counter[0m = 3 [0;36mNewSerialDB[0m = 0.0027s [0;36mmkdirAll[0m = 0.0001s [0;36mopenLevelDB[0m = 0.0026s 
[0;36mDEBUG[0m[2026-03-16 10:14:17.353]   PruningStorer.processPersistersToClose   [0;36mepochs to close[0m = [245] [0;36mbefore process[0m = [247 246 245] [0;36mafter process[0m = [247 246] 
[0;36mDEBUG[0m[2026-03-16 10:14:17.353]   makeDbPointerNilReturningLast            [0;36mpath[0m = TestOnly-Epoch_245/Shard_0/id [0;36mnilled pointer[0m = 0xc00060fc00 [0;36mglobal db counter[0m = 2 
[0;36mDEBUG[0m[2026-03-16 10:14:17.353]   processLoop - closing the leveldb process loop [0;36mpath[0m = TestOnly-Epoch_245/Shard_0/id 
[0;36mDEBUG[0m[2026-03-16 10:14:17.353]   batchTimeoutHandle - closing             [0;36mpath[0m = TestOnly-Epoch_245/Shard_0/id 
[0;36mDEBUG[0m[2026-03-16 10:14:17.355]   PruningStorer - change epoch             [0;36munit[0m = id [0;36mepoch[0m = 248 [0;36mbytes in cache[0m = 0 
[0;36mDEBUG[0m[2026-03-16 10:14:17.358]   opened serial level db persister         [0;36mpath[0m = TestOnly-Epoch_248/Shard_0/id [0;36mcreated pointer[0m = 0xc000512c40 [0;36mglobal db counter[0m = 3 [0;36mNewSerialDB[0m = 0.0030s [0;36mmkdirAll[0m = 0.0002s [0;36mopenLevelDB[0m = 0.0028s 
[0;36mDEBUG[0m[2026-03-16 10:14:17.358]   PruningStorer.processPersistersToClose   [0;36mepochs to close[0m = [246] [0;36mbefore process[0m = [248 247 246] [0;36mafter process[0m = [248 247] 
[0;36mDEBUG[0m[2026-03-16 10:14:17.359]   makeDbPointerNilReturningLast            [0;36mpath[0m = TestOnly-Epoch_246/Shard_0/id [0;36mnilled pointer[0m = 0xc000512540 [0;36mglobal db counter[0m = 2 
[0;36mDEBUG[0m[2026-03-16 10:14:17.359]   processLoop - closing the leveldb process loop [0;36mpath[0m = TestOnly-Epoch_246/Shard_0/id 
[0;36mDEBUG[0m[2026-03-16 10:14:17.359]   batchTimeoutHandle - closing             [0;36mpath[0m = TestOnly-Epoch_246/Shard_0/id 
[0;36mDEBUG[0m[2026-03-16 10:14:17.360]   PruningStorer - change epoch             [0;36munit[0m = id [0;36mepoch[0m = 249 [0;36mbytes in cache[0m = 0 
[0;36mDEBUG[0m[2026-03-16 10:14:17.362]   opened serial level db persister         [0;36mpath[0m = TestOnly-Epoch_249/Shard_0/id [0;36mcreated pointer[0m = 0xc0006aefc0 [0;36mglobal db counter[0m = 3 [0;36mNewSerialDB[0m = 0.0024s [0;36mmkdirAll[0m = 0.0002s [0;36mopenLevelDB[0m = 0.0022s 
[0;36mDEBUG[0m[2026-03-16 10:14:17.362]   PruningStorer.processPersistersToClose   [0;36mepochs to close[0m = [247] [0;36mbefore process[0m = [249 248 247] [0;36mafter process[0m = [249 248] 
[0;36mDEBUG[0m[2026-03-16 10:14:17.363]   makeDbPointerNilReturningLast            [0;36mpath[0m = TestOnly-Epoch_247/Shard_0/id [0;36mnilled pointer[0m = 0xc00051aa80 [0;36mglobal db counter[0m = 2 
[0;36mDEBUG[0m[2026-03-16 10:14:17.363]   processLoop - closing the leveldb process loop [0;36mpath[0m = TestOnly-Epoch_247/Shard_0/id 
[0;36mDEBUG[0m[2026-03-16 10:14:17.363]   batchTimeoutHandle - closing             [0;36mpath[0m = TestOnly-Epoch_247/Shard_0/id 
[0;36mDEBUG[0m[2026-03-16 10:14:17.364]   PruningStorer - change epoch             [0;36munit[0m = id [0;36mepoch[0m = 250 [0;36mbytes in cache[0m = 0 
[0;36mDEBUG[0m[2026-03-16 10:14:17.367]   opened serial level db persister         [0;36mpath[0m = TestOnly-Epoch_250/Shard_0/id [0;36mcreated pointer[0m = 0xc00051ae00 [0;36mglobal db counter[0m = 3 [0;36mNewSerialDB[0m = 0.0025s [0;36mmkdirAll[0m = 0.0002s [0;36mopenLevelDB[0m = 0.0023s 
[0;36mDEBUG[0m[2026-03-16 10:14:17.367]   PruningStorer.processPersistersToClose   [0;36mepochs to close[0m = [248] [0;36mbefore process[0m = [250 249 248] [0;36mafter process[0m = [250 249] 
[0;36mDEBUG[0m[2026-03-16 10:14:17.367]   makeDbPointerNilReturningLast            [0;36mpath[0m = TestOnly-Epoch_248/Shard_0/id [0;36mnilled pointer[0m = 0xc000512c40 [0;36mglobal db counter[0m = 2 
[0;36mDEBUG[0m[2026-03-16 10:14:17.367]   processLoop - closing the leveldb process loop [0;36mpath[0m = TestOnly-Epoch_248/Shard_0/id 
[0;36mDEBUG[0m[2026-03-16 10:14:17.367]   batchTimeoutHandle - closing             [0;36mpath[0m = TestOnly-Epoch_248/Shard_0/id 
[0;36mDEBUG[0m[2026-03-16 10:14:17.368]   PruningStorer - change epoch             [0;36munit[0m = id [0;36mepoch[0m = 251 [0;36mbytes in cache[0m = 0 
[0;36mDEBUG[0m[2026-03-16 10:14:17.371]   opened serial level db persister         [0;36mpath[0m = TestOnly-Epoch_251/Shard_0/id [0;36mcreated pointer[0m = 0xc0006af180 [0;36mglobal db counter[0m = 3 [0;36mNewSerialDB[0m = 0.0026s [0;36mmkdirAll[0m = 0.0001s [0;36mopenLevelDB[0m = 0.0024s 
[0;36mDEBUG[0m[2026-03-16 10:14:17.371]   PruningStorer.processPersistersToClose   [0;36mepochs to close[0m = [249] [0;36mbefore process[0m = [251 250 249] [0;36mafter process[0m = [251 250] 
[0;36mDEBUG[0m[2026-03-16 10:14:17.371]   makeDbPointerNilReturningLast            [0;36mpath[0m = TestOnly-Epoch_249/Shard_0/id [0;36mnilled pointer[0m = 0xc0006aefc0 [0;36mglobal db counter[0m = 2 
[0;36mDEBUG[0m[2026-03-16 10:14:17.371]   processLoop - closing the leveldb process loop [0;36mpath[0m = TestOnly-Epoch_249/Shard_0/id 
[0;36mDEBUG[0m[2026-03-16 10:14:17.371]   batchTimeoutHandle - closing             [0;36mpath[0m = TestOnly-Epoch_249/Shard_0/id 
[0;36mDEBUG[0m[2026-03-16 10:14:17.372]   PruningStorer - change epoch             [0;36munit[0m = id [0;36mepoch[0m = 252 [0;36mbytes in cache[0m = 0 
[0;36mDEBUG[0m[2026-03-16 10:14:17.375]   opened serial level db persister         [0;36mpath[0m = TestOnly-Epoch_252/Shard_0/id [0;36mcreated pointer[0m = 0xc00051afc0 [0;36mglobal db counter[0m = 3 [0;36mNewSerialDB[0m = 0.0021s [0;36mmkdirAll[0m = 0.0001s [0;36mopenLevelDB[0m = 0.0020s 
[0;36mDEBUG[0m[2026-03-16 10:14:17.375]   PruningStorer.processPersistersToClose   [0;36mepochs to close[0m = [250] [0;36mbefore process[0m = [252 251 250] [0;36mafter process[0m = [252 251] 
[0;36mDEBUG[0m[2026-03-16 10:14:17.375]   makeDbPointerNilReturningLast            [0;36mpath[0m = TestOnly-Epoch_250/Shard_0/id [0;36mnilled pointer[0m = 0xc00051ae00 [0;36mglobal db counter[0m = 2 
[0;36mDEBUG[0m[2026-03-16 10:14:17.375]   processLoop - closing the leveldb process loop [0;36mpath[0m = TestOnly-Epoch_250/Shard_0/id 
[0;36mDEBUG[0m[2026-03-16 10:14:17.375]   batchTimeoutHandle - closing             [0;36mpath[0m = TestOnly-Epoch_250/Shard_0/id 
[0;36mDEBUG[0m[2026-03-16 10:14:17.376]   PruningStorer - change epoch             [0;36munit[0m = id [0;36mepoch[0m = 253 [0;36mbytes in cache[0m = 0 
[0;36mDEBUG[0m[2026-03-16 10:14:17.379]   opened serial level db persister         [0;36mpath[0m = TestOnly-Epoch_253/Shard_0/id [0;36mcreated pointer[0m = 0xc00051b340 [0;36mglobal db counter[0m = 3 [0;36mNewSerialDB[0m = 0.0024s [0;36mmkdirAll[0m = 0.0002s [0;36mopenLevelDB[0m = 0.0022s 
[0;36mDEBUG[0m[2026-03-16 10:14:17.379]   PruningStorer.processPersistersToClose   [0;36mepochs to close[0m = [251] [0;36mbefore process[0m = [253 252 251] [0;36mafter process[0m = [253 252] 
[0;36mDEBUG[0m[2026-03-16 10:14:17.379]   processLoop - closing the leveldb process loop [0;36mpath[0m = TestOnly-Epoch_251/Shard_0/id 
[0;36mDEBUG[0m[2026-03-16 10:14:17.379]   makeDbPointerNilReturningLast            [0;36mpath[0m = TestOnly-Epoch_251/Shard_0/id [0;36mnilled pointer[0m = 0xc0006af180 [0;36mglobal db counter[0m = 2 
[0;36mDEBUG[0m[2026-03-16 10:14:17.379]   batchTimeoutHandle - closing             [0;36mpath[0m = TestOnly-Epoch_251/Shard_0/id 
[0;36mDEBUG[0m[2026-03-16 10:14:17.380]   PruningStorer - change epoch             [0;36munit[0m = id [0;36mepoch[0m = 254 [0;36mbytes in cache[0m = 0 
[0;36mDEBUG[0m[2026-03-16 10:14:17.383]   opened serial level db persister         [0;36mpath[0m = TestOnly-Epoch_254/Shard_0/id [0;36mcreated pointer[0m = 0xc000512380 [0;36mglobal db counter[0m = 3 [0;36mNewSerialDB[0m = 0.0031s [0;36mmkdirAll[0m = 0.0001s [0;36mopenLevelDB[0m = 0.0030s 
[0;36mDEBUG[0m[2026-03-16 10:14:17.383]   PruningStorer.processPersistersToClose   [0;36mepochs to close[0m = [252] [0;36mbefore process[0m = [254 253 252] [0;36mafter process[0m = [254 253] 
[0;36mDEBUG[0m[2026-03-16 10:14:17.384]   makeDbPointerNilReturningLast            [0;36mpath[0m = TestOnly-Epoch_252/Shard_0/id [0;36mnilled pointer[0m = 0xc00051afc0 [0;36mglobal db counter[0m = 2 
[0;36mDEBUG[0m[2026-03-16 10:14:17.384]   processLoop - closing the leveldb process loop [0;36mpath[0m = TestOnly-Epoch_252/Shard_0/id 
[0;36mDEBUG[0m[2026-03-16 10:14:17.384]   batchTimeoutHandle - closing             [0;36mpath[0m = TestOnly-Epoch_252/Shard_0/id 
[0;36mDEBUG[0m[2026-03-16 10:14:17.385]   PruningStorer - change epoch             [0;36munit[0m = id [0;36mepoch[0m = 255 [0;36mbytes in cache[0m = 0 
[0;36mDEBUG[0m[2026-03-16 10:14:17.388]   opened serial level db persister         [0;36mpath[0m = TestOnly-Epoch_255/Shard_0/id [0;36mcreated pointer[0m = 0xc00051ac40 [0;36mglobal db counter[0m = 3 [0;36mNewSerialDB[0m = 0.0029s [0;36mmkdirAll[0m = 0.0001s [0;36mopenLevelDB[0m = 0.0027s 
[0;36mDEBUG[0m[2026-03-16 10:14:17.388]   PruningStorer.processPersistersToClose   [0;36mepochs to close[0m = [253] [0;36mbefore process[0m = [255 254 253] [0;36mafter process[0m = [255 254] 
[0;36mDEBUG[0m[2026-03-16 10:14:17.388]   makeDbPointerNilReturningLast            [0;36mpath[0m = TestOnly-Epoch_253/Shard_0/id [0;36mnilled pointer[0m = 0xc00051b340 [0;36mglobal db counter[0m = 2 
[0;36mDEBUG[0m[2026-03-16 10:14:17.388]   processLoop - closing the leveldb process loop [0;36mpath[0m = TestOnly-Epoch_253/Shard_0/id 
[0;36mDEBUG[0m[2026-03-16 10:14:17.388]   batchTimeoutHandle - closing             [0;36mpath[0m = TestOnly-Epoch_253/Shard_0/id 
[0;36mDEBUG[0m[2026-03-16 10:14:17.390]   PruningStorer - change epoch             [0;36munit[0m = id [0;36mepoch[0m = 256 [0;36mbytes in cache[0m = 0 
[0;36mDEBUG[0m[2026-03-16 10:14:17.393]   opened serial level db persister         [0;36mpath[0m = TestOnly-Epoch_256/Shard_0/id [0;36mcreated pointer[0m = 0xc0006af340 [0;36mglobal db counter[0m = 3 [0;36mNewSerialDB[0m = 0.0023s [0;36mmkdirAll[0m = 0.0001s [0;36mopenLevelDB[0m = 0.0022s 
[0;36mDEBUG[0m[2026-03-16 10:14:17.393]   PruningStorer.processPersistersToClose   [0;36mepochs to close[0m = [254] [0;36mbefore process[0m = [256 255 254] [0;36mafter process[0m = [256 255] 
[0;36mDEBUG[0m[2026-03-16 10:14:17.393]   makeDbPointerNilReturningLast            [0;36mpath[0m = TestOnly-Epoch_254/Shard_0/id [0;36mnilled pointer[0m = 0xc000512380 [0;36mglobal db counter[0m = 2 
[0;36mDEBUG[0m[2026-03-16 10:14:17.393]   processLoop - closing the leveldb process loop [0;36mpath[0m = TestOnly-Epoch_254/Shard_0/id 
[0;36mDEBUG[0m[2026-03-16 10:14:17.393]   batchTimeoutHandle - closing             [0;36mpath[0m = TestOnly-Epoch_254/Shard_0/id 
[0;36mDEBUG[0m[2026-03-16 10:14:17.394]   PruningStorer - change epoch             [0;36munit[0m = id [0;36mepoch[0m = 257 [0;36mbytes in cache[0m = 0 
[0;36mDEBUG[0m[2026-03-16 10:14:17.397]   opened serial level db persister         [0;36mpath[0m = TestOnly-Epoch_257/Shard_0/id [0;36mcreated pointer[0m = 0xc0006afa40 [0;36mglobal db counter[0m = 3 [0;36mNewSerialDB[0m = 0.0025s [0;36mmkdirAll[0m = 0.0002s [0;36mopenLevelDB[0m = 0.0023s 
[0;36mDEBUG[0m[2026-03-16 10:14:17.397]   PruningStorer.processPersistersToClose   [0;36mepochs to close[0m = [255] [0;36mbefore process[0m = [257 256 255] [0;36mafter process[0m = [257 256] 
[0;36mDEBUG[0m[2026-03-16 10:14:17.397]   makeDbPointerNilReturningLast            [0;36mpath[0m = TestOnly-Epoch_255/Shard_0/id [0;36mnilled pointer[0m = 0xc00051ac40 [0;36mglobal db counter[0m = 2 
[0;36mDEBUG[0m[2026-03-16 10:14:17.397]   processLoop - closing the leveldb process loop [0;36mpath[0m = TestOnly-Epoch_255/Shard_0/id 
[0;36mDEBUG[0m[2026-03-16 10:14:17.397]   batchTimeoutHandle - closing             [0;36mpath[0m = TestOnly-Epoch_255/Shard_0/id 
[0;36mDEBUG[0m[2026-03-16 10:14:17.399]   PruningStorer - change epoch             [0;36munit[0m = id [0;36mepoch[0m = 258 [0;36mbytes in cache[0m = 0 
[0;36mDEBUG[0m[2026-03-16 10:14:17.401]   opened serial level db persister         [0;36mpath[0m = TestOnly-Epoch_258/Shard_0/id [0;36mcreated pointer[0m = 0xc00060fa40 [0;36mglobal db counter[0m = 3 [0;36mNewSerialDB[0m = 0.0028s [0;36mmkdirAll[0m = 0.0002s [0;36mopenLevelDB[0m = 0.0026s 
[0;36mDEBUG[0m[2026-03-16 10:14:17.401]   PruningStorer.processPersistersToClose   [0;36mepochs to close[0m = [256] [0;36mbefore process[0m = [258 257 256] [0;36mafter process[0m = [258 257] 
[0;36mDEBUG[0m[2026-03-16 10:14:17.402]   makeDbPointerNilReturningLast            [0;36mpath[0m = TestOnly-Epoch_256/Shard_0/id [0;36mnilled pointer[0m = 0xc0006af340 [0;36mglobal db counter[0m = 2 
[0;36mDEBUG[0m[2026-03-16 10:14:17.402]   processLoop - closing the leveldb process loop [0;36mpath[0m = TestOnly-Epoch_256/Shard_0/id 
[0;36mDEBUG[0m[2026-03-16 10:14:17.402]   batchTimeoutHandle - closing             [0;36mpath[0m = TestOnly-Epoch_256/Shard_0/id 
[0;36mDEBUG[0m[2026-03-16 10:14:17.403]   PruningStorer - change epoch             [0;36munit[0m = id [0;36mepoch[0m = 259 [0;36mbytes in cache[0m = 0 
[0;36mDEBUG[0m[2026-03-16 10:14:17.406]   opened serial level db persister         [0;36mpath[0m = TestOnly-Epoch_259/Shard_0/id [0;36mcreated pointer[0m = 0xc00051b180 [0;36mglobal db counter[0m = 3 [0;36mNewSerialDB[0m = 0.0024s [0;36mmkdirAll[0m = 0.0001s [0;36mopenLevelDB[0m = 0.0023s 
[0;36mDEBUG[0m[2026-03-16 10:14:17.406]   PruningStorer.processPersistersToClose   [0;36mepochs to close[0m = [257] [0;36mbefore process[0m = [259 258 257] [0;36mafter process[0m = [259 258] 
[0;36mDEBUG[0m[2026-03-16 10:14:17.406]   makeDbPointerNilReturningLast            [0;36mpath[0m = TestOnly-Epoch_257/Shard_0/id [0;36mnilled pointer[0m = 0xc0006afa40 [0;36mglobal db counter[0m = 2 
[0;36mDEBUG[0m[2026-03-16 10:14:17.406]   processLoop - closing the leveldb process loop [0;36mpath[0m = TestOnly-Epoch_257/Shard_0/id 
[0;36mDEBUG[0m[2026-03-16 10:14:17.406]   batchTimeoutHandle - closing             [0;36mpath[0m = TestOnly-Epoch_257/Shard_0/id 
[0;36mDEBUG[0m[2026-03-16 10:14:17.407]   PruningStorer - change epoch             [0;36munit[0m = id [0;36mepoch[0m = 260 [0;36mbytes in cache[0m = 0 
[0;36mDEBUG[0m[2026-03-16 10:14:17.410]   opened serial level db persister         [0;36mpath[0m = TestOnly-Epoch_260/Shard_0/id [0;36mcreated pointer[0m = 0xc00051b6c0 [0;36mglobal db counter[0m = 3 [0;36mNewSerialDB[0m = 0.0023s [0;36mmkdirAll[0m = 0.0002s [0;36mopenLevelDB[0m = 0.0021s 
[0;36mDEBUG[0m[2026-03-16 10:14:17.410]   PruningStorer.processPersistersToClose   [0;36mepochs to close[0m = [258] [0;36mbefore process[0m = [260 259 258] [0;36mafter process[0m = [260 259] 
[0;36mDEBUG[0m[2026-03-16 10:14:17.410]   makeDbPointerNilReturningLast            [0;36mpath[0m = TestOnly-Epoch_258/Shard_0/id [0;36mnilled pointer[0m = 0xc00060fa40 [0;36mglobal db counter[0m = 2 
[0;36mDEBUG[0m[2026-03-16 10:14:17.410]   processLoop - closing the leveldb process loop [0;36mpath[0m = TestOnly-Epoch_258/Shard_0/id 
[0;36mDEBUG[0m[2026-03-16 10:14:17.410]   batchTimeoutHandle - closing             [0;36mpath[0m = TestOnly-Epoch_258/Shard_0/id 
[0;36mDEBUG[0m[2026-03-16 10:14:17.411]   PruningStorer - change epoch             [0;36munit[0m = id [0;36mepoch[0m = 261 [0;36mbytes in cache[0m = 0 
[0;36mDEBUG[0m[2026-03-16 10:14:17.415]   opened serial level db persister         [0;36mpath[0m = TestOnly-Epoch_261/Shard_0/id [0;36mcreated pointer[0m = 0xc0005468c0 [0;36mglobal db counter[0m = 3 [0;36mNewSerialDB[0m = 0.0031s [0;36mmkdirAll[0m = 0.0001s [0;36mopenLevelDB[0m = 0.0030s 
[0;36mDEBUG[0m[2026-03-16 10:14:17.415]   PruningStorer.processPersistersToClose   [0;36mepochs to close[0m = [259] [0;36mbefore process[0m = [261 260 259] [0;36mafter process[0m = [261 260] 
[0;36mDEBUG[0m[2026-03-16 10:14:17.415]   makeDbPointerNilReturningLast            [0;36mpath[0m = TestOnly-Epoch_259/Shard_0/id [0;36mnilled pointer[0m = 0xc00051b180 [0;36mglobal db counter[0m = 2 
[0;36mDEBUG[0m[2026-03-16 10:14:17.415]   processLoop - closing the leveldb process loop [0;36mpath[0m = TestOnly-Epoch_259/Shard_0/id 
[0;36mDEBUG[0m[2026-03-16 10:14:17.415]   batchTimeoutHandle - closing             [0;36mpath[0m = TestOnly-Epoch_259/Shard_0/id 
[0;36mDEBUG[0m[2026-03-16 10:14:17.416]   PruningStorer - change epoch             [0;36munit[0m = id [0;36mepoch[0m = 262 [0;36mbytes in cache[0m = 0 
[0;36mDEBUG[0m[2026-03-16 10:14:17.420]   opened serial level db persister         [0;36mpath[0m = TestOnly-Epoch_262/Shard_0/id [0;36mcreated pointer[0m = 0xc000512a80 [0;36mglobal db counter[0m = 3 [0;36mNewSerialDB[0m = 0.0033s [0;36mmkdirAll[0m = 0.0002s [0;36mopenLevelDB[0m = 0.0031s 
[0;36mDEBUG[0m[2026-03-16 10:14:17.420]   PruningStorer.processPersistersToClose   [0;36mepochs to close[0m = [260] [0;36mbefore process[0m = [262 261 260] [0;36mafter process[0m = [262 261] 
[0;36mDEBUG[0m[2026-03-16 10:14:17.420]   makeDbPointerNilReturningLast            [0;36mpath[0m = TestOnly-Epoch_260/Shard_0/id [0;36mnilled pointer[0m = 0xc00051b6c0 [0;36mglobal db counter[0m = 2 
[0;36mDEBUG[0m[2026-03-16 10:14:17.420]   processLoop - closing the leveldb process loop [0;36mpath[0m = TestOnly-Epoch_260/Shard_0/id 
[0;36mDEBUG[0m[2026-03-16 10:14:17.420]   batchTimeoutHandle - closing             [0;36mpath[0m = TestOnly-Epoch_260/Shard_0/id 
[0;36mDEBUG[0m[2026-03-16 10:14:17.421]   PruningStorer - change epoch             [0;36munit[0m = id [0;36mepoch[0m = 263 [0;36mbytes in cache[0m = 0 
[0;36mDEBUG[0m[2026-03-16 10:14:17.424]   opened serial level db persister         [0;36mpath[0m = TestOnly-Epoch_263/Shard_0/id [0;36mcreated pointer[0m = 0xc00051b500 [0;36mglobal db counter[0m = 3 [0;36mNewSerialDB[0m = 0.0023s [0;36mmkdirAll[0m = 0.0001s [0;36mopenLevelDB[0m = 0.0022s 
[0;36mDEBUG[0m[2026-03-16 10:14:17.424]   PruningStorer.processPersistersToClose   [0;36mepochs to close[0m = [261] [0;36mbefore process[0m = [263 262 261] [0;36mafter process[0m = [263 262] 
[0;36mDEBUG[0m[2026-03-16 10:14:17.424]   makeDbPointerNilReturningLast            [0;36mpath[0m = TestOnly-Epoch_261/Shard_0/id [0;36mnilled pointer[0m = 0xc0005468c0 [0;36mglobal db counter[0m = 2 
[0;36mDEBUG[0m[2026-03-16 10:14:17.424]   processLoop - closing the leveldb process loop [0;36mpath[0m = TestOnly-Epoch_261/Shard_0/id 
[0;36mDEBUG[0m[2026-03-16 10:14:17.424]   batchTimeoutHandle - closing             [0;36mpath[0m = TestOnly-Epoch_261/Shard_0/id 
[0;36mDEBUG[0m[2026-03-16 10:14:17.425]   PruningStorer - change epoch             [0;36munit[0m = id [0;36mepoch[0m = 264 [0;36mbytes in cache[0m = 0 
[0;36mDEBUG[0m[2026-03-16 10:14:17.428]   opened serial level db persister         [0;36mpath[0m = TestOnly-Epoch_264/Shard_0/id [0;36mcreated pointer[0m = 0xc000546700 [0;36mglobal db counter[0m = 3 [0;36mNewSerialDB[0m = 0.0023s [0;36mmkdirAll[0m = 0.0001s [0;36mopenLevelDB[0m = 0.0021s 
[0;36mDEBUG[0m[2026-03-16 10:14:17.428]   PruningStorer.processPersistersToClose   [0;36mepochs to close[0m = [262] [0;36mbefore process[0m = [264 263 262] [0;36mafter process[0m = [264 263] 
[0;36mDEBUG[0m[2026-03-16 10:14:17.428]   makeDbPointerNilReturningLast            [0;36mpath[0m = TestOnly-Epoch_262/Shard_0/id [0;36mnilled pointer[0m = 0xc000512a80 [0;36mglobal db counter[0m = 2 
[0;36mDEBUG[0m[2026-03-16 10:14:17.428]   processLoop - closing the leveldb process loop [0;36mpath[0m = TestOnly-Epoch_262/Shard_0/id 
[0;36mDEBUG[0m[2026-03-16 10:14:17.428]   batchTimeoutHandle - closing             [0;36mpath[0m = TestOnly-Epoch_262/Shard_0/id 
[0;36mDEBUG[0m[2026-03-16 10:14:17.430]   PruningStorer - change epoch             [0;36munit[0m = id [0;36mepoch[0m = 265 [0;36mbytes in cache[0m = 0 
[0;36mDEBUG[0m[2026-03-16 10:14:17.432]   opened serial level db persister         [0;36mpath[0m = TestOnly-Epoch_265/Shard_0/id [0;36mcreated pointer[0m = 0xc000584540 [0;36mglobal db counter[0m = 3 [0;36mNewSerialDB[0m = 0.0023s [0;36mmkdirAll[0m = 0.0002s [0;36mopenLevelDB[0m = 0.0022s 
[0;36mDEBUG[0m[2026-03-16 10:14:17.432]   PruningStorer.processPersistersToClose   [0;36mepochs to close[0m = [263] [0;36mbefore process[0m = [265 264 263] [0;36mafter process[0m = [265 264] 
[0;36mDEBUG[0m[2026-03-16 10:14:17.432]   makeDbPointerNilReturningLast            [0;36mpath[0m = TestOnly-Epoch_263/Shard_0/id [0;36mnilled pointer[0m = 0xc00051b500 [0;36mglobal db counter[0m = 2 
[0;36mDEBUG[0m[2026-03-16 10:14:17.432]   processLoop - closing the leveldb process loop [0;36mpath[0m = TestOnly-Epoch_263/Shard_0/id 
[0;36mDEBUG[0m[2026-03-16 10:14:17.432]   batchTimeoutHandle - closing             [0;36mpath[0m = TestOnly-Epoch_263/Shard_0/id 
[0;36mDEBUG[0m[2026-03-16 10:14:17.434]   PruningStorer - change epoch             [0;36munit[0m = id [0;36mepoch[0m = 266 [0;36mbytes in cache[0m = 0 
[0;36mDEBUG[0m[2026-03-16 10:14:17.436]   opened serial level db persister         [0;36mpath[0m = TestOnly-Epoch_266/Shard_0/id [0;36mcreated pointer[0m = 0xc00078e1c0 [0;36mglobal db counter[0m = 3 [0;36mNewSerialDB[0m = 0.0026s [0;36mmkdirAll[0m = 0.0002s [0;36mopenLevelDB[0m = 0.0024s 
[0;36mDEBUG[0m[2026-03-16 10:14:17.436]   PruningStorer.processPersistersToClose   [0;36mepochs to close[0m = [264] [0;36mbefore process[0m = [266 265 264] [0;36mafter process[0m = [266 265] 
[0;36mDEBUG[0m[2026-03-16 10:14:17.437]   makeDbPointerNilReturningLast            [0;36mpath[0m = TestOnly-Epoch_264/Shard_0/id [0;36mnilled pointer[0m = 0xc000546700 [0;36mglobal db counter[0m = 2 
[0;36mDEBUG[0m[2026-03-16 10:14:17.437]   processLoop - closing the leveldb process loop [0;36mpath[0m = TestOnly-Epoch_264/Shard_0/id 
[0;36mDEBUG[0m[2026-03-16 10:14:17.437]   batchTimeoutHandle - closing             [0;36mpath[0m = TestOnly-Epoch_264/Shard_0/id 
[0;36mDEBUG[0m[2026-03-16 10:14:17.438]   PruningStorer - change epoch             [0;36munit[0m = id [0;36mepoch[0m = 267 [0;36mbytes in cache[0m = 0 
[0;36mDEBUG[0m[2026-03-16 10:14:17.440]   opened serial level db persister         [0;36mpath[0m = TestOnly-Epoch_267/Shard_0/id [0;36mcreated pointer[0m = 0xc000513180 [0;36mglobal db counter[0m = 3 [0;36mNewSerialDB[0m = 0.0026s [0;36mmkdirAll[0m = 0.0001s [0;36mopenLevelDB[0m = 0.0024s 
[0;36mDEBUG[0m[2026-03-16 10:14:17.440]   PruningStorer.processPersistersToClose   [0;36mepochs to close[0m = [265] [0;36mbefore process[0m = [267 266 265] [0;36mafter process[0m = [267 266] 
[0;36mDEBUG[0m[2026-03-16 10:14:17.441]   makeDbPointerNilReturningLast            [0;36mpath[0m = TestOnly-Epoch_265/Shard_0/id [0;36mnilled pointer[0m = 0xc000584540 [0;36mglobal db counter[0m = 2 
[0;36mDEBUG[0m[2026-03-16 10:14:17.441]   processLoop - closing the leveldb process loop [0;36mpath[0m = TestOnly-Epoch_265/Shard_0/id 
[0;36mDEBUG[0m[2026-03-16 10:14:17.441]   batchTimeoutHandle - closing             [0;36mpath[0m = TestOnly-Epoch_265/Shard_0/id 
[0;36mDEBUG[0m[2026-03-16 10:14:17.442]   PruningStorer - change epoch             [0;36munit[0m = id [0;36mepoch[0m = 268 [0;36mbytes in cache[0m = 0 
[0;36mDEBUG[0m[2026-03-16 10:14:17.445]   opened serial level db persister         [0;36mpath[0m = TestOnly-Epoch_268/Shard_0/id [0;36mcreated pointer[0m = 0xc00032a000 [0;36mglobal db counter[0m = 3 [0;36mNewSerialDB[0m = 0.0027s [0;36mmkdirAll[0m = 0.0001s [0;36mopenLevelDB[0m = 0.0026s 
[0;36mDEBUG[0m[2026-03-16 10:14:17.445]   PruningStorer.processPersistersToClose   [0;36mepochs to close[0m = [266] [0;36mbefore process[0m = [268 267 266] [0;36mafter process[0m = [268 267] 
[0;36mDEBUG[0m[2026-03-16 10:14:17.445]   makeDbPointerNilReturningLast            [0;36mpath[0m = TestOnly-Epoch_266/Shard_0/id [0;36mnilled pointer[0m = 0xc00078e1c0 [0;36mglobal db counter[0m = 2 
[0;36mDEBUG[0m[2026-03-16 10:14:17.445]   batchTimeoutHandle - closing             [0;36mpath[0m = TestOnly-Epoch_266/Shard_0/id 
[0;36mDEBUG[0m[2026-03-16 10:14:17.445]   processLoop - closing the leveldb process loop [0;36mpath[0m = TestOnly-Epoch_266/Shard_0/id 
[0;36mDEBUG[0m[2026-03-16 10:14:17.447]   PruningStorer - change epoch             [0;36munit[0m = id [0;36mepoch[0m = 269 [0;36mbytes in cache[0m = 0 
[0;36mDEBUG[0m[2026-03-16 10:14:17.449]   opened serial level db persister         [0;36mpath[0m = TestOnly-Epoch_269/Shard_0/id [0;36mcreated pointer[0m = 0xc000542000 [0;36mglobal db counter[0m = 3 [0;36mNewSerialDB[0m = 0.0023s [0;36mmkdirAll[0m = 0.0001s [0;36mopenLevelDB[0m = 0.0022s 
[0;36mDEBUG[0m[2026-03-16 10:14:17.449]   PruningStorer.processPersistersToClose   [0;36mepochs to close[0m = [267] [0;36mbefore process[0m = [269 268 267] [0;36mafter process[0m = [269 268] 
[0;36mDEBUG[0m[2026-03-16 10:14:17.449]   makeDbPointerNilReturningLast            [0;36mpath[0m = TestOnly-Epoch_267/Shard_0/id [0;36mnilled pointer[0m = 0xc000513180 [0;36mglobal db counter[0m = 2 
[0;36mDEBUG[0m[2026-03-16 10:14:17.449]   processLoop - closing the leveldb process loop [0;36mpath[0m = TestOnly-Epoch_267/Shard_0/id 
[0;36mDEBUG[0m[2026-03-16 10:14:17.449]   batchTimeoutHandle - closing             [0;36mpath[0m = TestOnly-Epoch_267/Shard_0/id 
[0;36mDEBUG[0m[2026-03-16 10:14:17.451]   PruningStorer - change epoch             [0;36munit[0m = id [0;36mepoch[0m = 270 [0;36mbytes in cache[0m = 0 
[0;36mDEBUG[0m[2026-03-16 10:14:17.453]   opened serial level db persister         [0;36mpath[0m = TestOnly-Epoch_270/Shard_0/id [0;36mcreated pointer[0m = 0xc00032ae00 [0;36mglobal db counter[0m = 3 [0;36mNewSerialDB[0m = 0.0025s [0;36mmkdirAll[0m = 0.0001s [0;36mopenLevelDB[0m = 0.0024s 
[0;36mDEBUG[0m[2026-03-16 10:14:17.453]   PruningStorer.processPersistersToClose   [0;36mepochs to close[0m = [268] [0;36mbefore process[0m = [270 269 268] [0;36mafter process[0m = [270 269] 
[0;36mDEBUG[0m[2026-03-16 10:14:17.454]   makeDbPointerNilReturningLast            [0;36mpath[0m = TestOnly-Epoch_268/Shard_0/id [0;36mnilled pointer[0m = 0xc00032a000 [0;36mglobal db counter[0m = 2 
[0;36mDEBUG[0m[2026-03-16 10:14:17.454]   processLoop - closing the leveldb process loop [0;36mpath[0m = TestOnly-Epoch_268/Shard_0/id 
[0;36mDEBUG[0m[2026-03-16 10:14:17.454]   batchTimeoutHandle - closing             [0;36mpath[0m = TestOnly-Epoch_268/Shard_0/id 
[0;36mDEBUG[0m[2026-03-16 10:14:17.455]   PruningStorer - change epoch             [0;36munit[0m = id [0;36mepoch[0m = 271 [0;36mbytes in cache[0m = 0 
[0;36mDEBUG[0m[2026-03-16 10:14:17.457]   opened serial level db persister         [0;36mpath[0m = TestOnly-Epoch_271/Shard_0/id [0;36mcreated pointer[0m = 0xc00032b500 [0;36mglobal db counter[0m = 3 [0;36mNewSerialDB[0m = 0.0022s [0;36mmkdirAll[0m = 0.0002s [0;36mopenLevelDB[0m = 0.0020s 
[0;36mDEBUG[0m[2026-03-16 10:14:17.457]   PruningStorer.processPersistersToClose   [0;36mepochs to close[0m = [269] [0;36mbefore process[0m = [271 270 269] [0;36mafter process[0m = [271 270] 
[0;36mDEBUG[0m[2026-03-16 10:14:17.457]   makeDbPointerNilReturningLast            [0;36mpath[0m = TestOnly-Epoch_269/Shard_0/id [0;36mnilled pointer[0m = 0xc000542000 [0;36mglobal db counter[0m = 2 
[0;36mDEBUG[0m[2026-03-16 10:14:17.457]   processLoop - closing the leveldb process loop [0;36mpath[0m = TestOnly-Epoch_269/Shard_0/id 
[0;36mDEBUG[0m[2026-03-16 10:14:17.457]   batchTimeoutHandle - closing             [0;36mpath[0m = TestOnly-Epoch_269/Shard_0/id 
[0;36mDEBUG[0m[2026-03-16 10:14:17.458]   PruningStorer - change epoch             [0;36munit[0m = id [0;36mepoch[0m = 272 [0;36mbytes in cache[0m = 0 
[0;36mDEBUG[0m[2026-03-16 10:14:17.461]   opened serial level db persister         [0;36mpath[0m = TestOnly-Epoch_272/Shard_0/id [0;36mcreated pointer[0m = 0xc000694000 [0;36mglobal db counter[0m = 3 [0;36mNewSerialDB[0m = 0.0021s [0;36mmkdirAll[0m = 0.0001s [0;36mopenLevelDB[0m = 0.0020s 
[0;36mDEBUG[0m[2026-03-16 10:14:17.461]   PruningStorer.processPersistersToClose   [0;36mepochs to close[0m = [270] [0;36mbefore process[0m = [272 271 270] [0;36mafter process[0m = [272 271] 
[0;36mDEBUG[0m[2026-03-16 10:14:17.461]   makeDbPointerNilReturningLast            [0;36mpath[0m = TestOnly-Epoch_270/Shard_0/id [0;36mnilled pointer[0m = 0xc00032ae00 [0;36mglobal db counter[0m = 2 
[0;36mDEBUG[0m[2026-03-16 10:14:17.461]   processLoop - closing the leveldb process loop [0;36mpath[0m = TestOnly-Epoch_270/Shard_0/id 
[0;36mDEBUG[0m[2026-03-16 10:14:17.461]   batchTimeoutHandle - closing             [0;36mpath[0m = TestOnly-Epoch_270/Shard_0/id 
[0;36mDEBUG[0m[2026-03-16 10:14:17.463]   PruningStorer - change epoch             [0;36munit[0m = id [0;36mepoch[0m = 273 [0;36mbytes in cache[0m = 0 
[0;36mDEBUG[0m[2026-03-16 10:14:17.465]   opened serial level db persister         [0;36mpath[0m = TestOnly-Epoch_273/Shard_0/id [0;36mcreated pointer[0m = 0xc0001401c0 [0;36mglobal db counter[0m = 3 [0;36mNewSerialDB[0m = 0.0022s [0;36mmkdirAll[0m = 0.0002s [0;36mopenLevelDB[0m = 0.0021s 
[0;36mDEBUG[0m[2026-03-16 10:14:17.465]   PruningStorer.processPersistersToClose   [0;36mepochs to close[0m = [271] [0;36mbefore process[0m = [273 272 271] [0;36mafter process[0m = [273 272] 
[0;36mDEBUG[0m[2026-03-16 10:14:17.465]   makeDbPointerNilReturningLast            [0;36mpath[0m = TestOnly-Epoch_271/Shard_0/id [0;36mnilled pointer[0m = 0xc00032b500 [0;36mglobal db counter[0m = 2 
[0;36mDEBUG[0m[2026-03-16 10:14:17.465]   processLoop - closing the leveldb process loop [0;36mpath[0m = TestOnly-Epoch_271/Shard_0/id 
[0;36mDEBUG[0m[2026-03-16 10:14:17.465]   batchTimeoutHandle - closing             [0;36mpath[0m = TestOnly-Epoch_271/Shard_0/id 
[0;36mDEBUG[0m[2026-03-16 10:14:17.467]   PruningStorer - change epoch             [0;36munit[0m = id [0;36mepoch[0m = 274 [0;36mbytes in cache[0m = 0 
[0;36mDEBUG[0m[2026-03-16 10:14:17.469]   opened serial level db persister         [0;36mpath[0m = TestOnly-Epoch_274/Shard_0/id [0;36mcreated pointer[0m = 0xc00033a1c0 [0;36mglobal db counter[0m = 3 [0;36mNewSerialDB[0m = 0.0027s [0;36mmkdirAll[0m = 0.0001s [0;36mopenLevelDB[0m = 0.0026s 
[0;36mDEBUG[0m[2026-03-16 10:14:17.469]   PruningStorer.processPersistersToClose   [0;36mepochs to close[0m = [272] [0;36mbefore process[0m = [274 273 272] [0;36mafter process[0m = [274 273] 
[0;36mDEBUG[0m[2026-03-16 10:14:17.470]   makeDbPointerNilReturningLast            [0;36mpath[0m = TestOnly-Epoch_272/Shard_0/id [0;36mnilled pointer[0m = 0xc000694000 [0;36mglobal db counter[0m = 2 
[0;36mDEBUG[0m[2026-03-16 10:14:17.470]   processLoop - closing the leveldb process loop [0;36mpath[0m = TestOnly-Epoch_272/Shard_0/id 
[0;36mDEBUG[0m[2026-03-16 10:14:17.470]   batchTimeoutHandle - closing             [0;36mpath[0m = TestOnly-Epoch_272/Shard_0/id 
[0;36mDEBUG[0m[2026-03-16 10:14:17.471]   PruningStorer - change epoch             [0;36munit[0m = id [0;36mepoch[0m = 275 [0;36mbytes in cache[0m = 0 
[0;36mDEBUG[0m[2026-03-16 10:14:17.474]   opened serial level db persister         [0;36mpath[0m = TestOnly-Epoch_275/Shard_0/id [0;36mcreated pointer[0m = 0xc000694a80 [0;36mglobal db counter[0m = 3 [0;36mNewSerialDB[0m = 0.0028s [0;36mmkdirAll[0m = 0.0001s [0;36mopenLevelDB[0m = 0.0027s 
[0;36mDEBUG[0m[2026-03-16 10:14:17.474]   PruningStorer.processPersistersToClose   [0;36mepochs to close[0m = [273] [0;36mbefore process[0m = [275 274 273] [0;36mafter process[0m = [275 274] 
[0;36mDEBUG[0m[2026-03-16 10:14:17.474]   makeDbPointerNilReturningLast            [0;36mpath[0m = TestOnly-Epoch_273/Shard_0/id [0;36mnilled pointer[0m = 0xc0001401c0 [0;36mglobal db counter[0m = 2 
[0;36mDEBUG[0m[2026-03-16 10:14:17.474]   batchTimeoutHandle - closing             [0;36mpath[0m = TestOnly-Epoch_273/Shard_0/id 
[0;36mDEBUG[0m[2026-03-16 10:14:17.474]   processLoop - closing the leveldb process loop [0;36mpath[0m = TestOnly-Epoch_273/Shard_0/id 
[0;36mDEBUG[0m[2026-03-16 10:14:17.476]   PruningStorer - change epoch             [0;36munit[0m = id [0;36mepoch[0m = 276 [0;36mbytes in cache[0m = 0 
[0;36mDEBUG[0m[2026-03-16 10:14:17.478]   opened serial level db persister         [0;36mpath[0m = TestOnly-Epoch_276/Shard_0/id [0;36mcreated pointer[0m = 0xc000140380 [0;36mglobal db counter[0m = 3 [0;36mNewSerialDB[0m = 0.0024s [0;36mmkdirAll[0m = 0.0002s [0;36mopenLevelDB[0m = 0.0022s 
[0;36mDEBUG[0m[2026-03-16 10:14:17.478]   PruningStorer.processPersistersToClose   [0;36mepochs to close[0m = [274] [0;36mbefore process[0m = [276 275 274] [0;36mafter process[0m = [276 275] 
[0;36mDEBUG[0m[2026-03-16 10:14:17.478]   makeDbPointerNilReturningLast            [0;36mpath[0m = TestOnly-Epoch_274/Shard_0/id [0;36mnilled pointer[0m = 0xc00033a1c0 [0;36mglobal db counter[0m = 2 
[0;36mDEBUG[0m[2026-03-16 10:14:17.478]   processLoop - closing the leveldb process loop [0;36mpath[0m = TestOnly-Epoch_274/Shard_0/id 
[0;36mDEBUG[0m[2026-03-16 10:14:17.478]   batchTimeoutHandle - closing             [0;36mpath[0m = TestOnly-Epoch_274/Shard_0/id 
[0;36mDEBUG[0m[2026-03-16 10:14:17.480]   PruningStorer - change epoch             [0;36munit[0m = id [0;36mepoch[0m = 277 [0;36mbytes in cache[0m = 0 
[0;36mDEBUG[0m[2026-03-16 10:14:17.482]   opened serial level db persister         [0;36mpath[0m = TestOnly-Epoch_277/Shard_0/id [0;36mcreated pointer[0m = 0xc00033a540 [0;36mglobal db counter[0m = 3 [0;36mNewSerialDB[0m = 0.0026s [0;36mmkdirAll[0m = 0.0002s [0;36mopenLevelDB[0m = 0.0024s 
[0;36mDEBUG[0m[2026-03-16 10:14:17.482]   PruningStorer.processPersistersToClose   [0;36mepochs to close[0m = [275] [0;36mbefore process[0m = [277 276 275] [0;36mafter process[0m = [277 276] 
[0;36mDEBUG[0m[2026-03-16 10:14:17.483]   makeDbPointerNilReturningLast            [0;36mpath[0m = TestOnly-Epoch_275/Shard_0/id [0;36mnilled pointer[0m = 0xc000694a80 [0;36mglobal db counter[0m = 2 
[0;36mDEBUG[0m[2026-03-16 10:14:17.483]   batchTimeoutHandle - closing             [0;36mpath[0m = TestOnly-Epoch_275/Shard_0/id 
[0;36mDEBUG[0m[2026-03-16 10:14:17.483]   processLoop - closing the leveldb process loop [0;36mpath[0m = TestOnly-Epoch_275/Shard_0/id 
[0;36mDEBUG[0m[2026-03-16 10:14:17.484]   PruningStorer - change epoch             [0;36munit[0m = id [0;36mepoch[0m = 278 [0;36mbytes in cache[0m = 0 
[0;36mDEBUG[0m[2026-03-16 10:14:17.486]   opened serial level db persister         [0;36mpath[0m = TestOnly-Epoch_278/Shard_0/id [0;36mcreated pointer[0m = 0xc0006956c0 [0;36mglobal db counter[0m = 3 [0;36mNewSerialDB[0m = 0.0025s [0;36mmkdirAll[0m = 0.0002s [0;36mopenLevelDB[0m = 0.0023s 
[0;36mDEBUG[0m[2026-03-16 10:14:17.487]   PruningStorer.processPersistersToClose   [0;36mepochs to close[0m = [276] [0;36mbefore process[0m = [278 277 276] [0;36mafter process[0m = [278 277] 
[0;36mDEBUG[0m[2026-03-16 10:14:17.487]   makeDbPointerNilReturningLast            [0;36mpath[0m = TestOnly-Epoch_276/Shard_0/id [0;36mnilled pointer[0m = 0xc000140380 [0;36mglobal db counter[0m = 2 
[0;36mDEBUG[0m[2026-03-16 10:14:17.487]   processLoop - closing the leveldb process loop [0;36mpath[0m = TestOnly-Epoch_276/Shard_0/id 
[0;36mDEBUG[0m[2026-03-16 10:14:17.487]   batchTimeoutHandle - closing             [0;36mpath[0m = TestOnly-Epoch_276/Shard_0/id 
[0;36mDEBUG[0m[2026-03-16 10:14:17.488]   PruningStorer - change epoch             [0;36munit[0m = id [0;36mepoch[0m = 279 [0;36mbytes in cache[0m = 0 
[0;36mDEBUG[0m[2026-03-16 10:14:17.490]   opened serial level db persister         [0;36mpath[0m = TestOnly-Epoch_279/Shard_0/id [0;36mcreated pointer[0m = 0xc000140540 [0;36mglobal db counter[0m = 3 [0;36mNewSerialDB[0m = 0.0022s [0;36mmkdirAll[0m = 0.0001s [0;36mopenLevelDB[0m = 0.0021s 
[0;36mDEBUG[0m[2026-03-16 10:14:17.490]   PruningStorer.processPersistersToClose   [0;36mepochs to close[0m = [277] [0;36mbefore process[0m = [279 278 277] [0;36mafter process[0m = [279 278] 
[0;36mDEBUG[0m[2026-03-16 10:14:17.491]   makeDbPointerNilReturningLast            [0;36mpath[0m = TestOnly-Epoch_277/Shard_0/id [0;36mnilled pointer[0m = 0xc00033a540 [0;36mglobal db counter[0m = 2 
[0;36mDEBUG[0m[2026-03-16 10:14:17.491]   batchTimeoutHandle - closing             [0;36mpath[0m = TestOnly-Epoch_277/Shard_0/id 
[0;36mDEBUG[0m[2026-03-16 10:14:17.491]   processLoop - closing the leveldb process loop [0;36mpath[0m = TestOnly-Epoch_277/Shard_0/id 
[0;36mDEBUG[0m[2026-03-16 10:14:17.492]   PruningStorer - change epoch             [0;36munit[0m = id [0;36mepoch[0m = 280 [0;36mbytes in cache[0m = 0 
[0;36mDEBUG[0m[2026-03-16 10:14:17.494]   opened serial level db persister         [0;36mpath[0m = TestOnly-Epoch_280/Shard_0/id [0;36mcreated pointer[0m = 0xc000695880 [0;36mglobal db counter[0m = 3 [0;36mNewSerialDB[0m = 0.0023s [0;36mmkdirAll[0m = 0.0002s [0;36mopenLevelDB[0m = 0.0021s 
[0;36mDEBUG[0m[2026-03-16 10:14:17.494]   PruningStorer.processPersistersToClose   [0;36mepochs to close[0m = [278] [0;36mbefore process[0m = [280 279 278] [0;36mafter process[0m = [280 279] 
[0;36mDEBUG[0m[2026-03-16 10:14:17.495]   makeDbPointerNilReturningLast            [0;36mpath[0m = TestOnly-Epoch_278/Shard_0/id [0;36mnilled pointer[0m = 0xc0006956c0 [0;36mglobal db counter[0m = 2 
[0;36mDEBUG[0m[2026-03-16 10:14:17.495]   processLoop - closing the leveldb process loop [0;36mpath[0m = TestOnly-Epoch_278/Shard_0/id 
[0;36mDEBUG[0m[2026-03-16 10:14:17.495]   batchTimeoutHandle - closing             [0;36mpath[0m = TestOnly-Epoch_278/Shard_0/id 
[0;36mDEBUG[0m[2026-03-16 10:14:17.496]   PruningStorer - change epoch             [0;36munit[0m = id [0;36mepoch[0m = 281 [0;36mbytes in cache[0m = 0 
[0;36mDEBUG[0m[2026-03-16 10:14:17.499]   opened serial level db persister         [0;36mpath[0m = TestOnly-Epoch_281/Shard_0/id [0;36mcreated pointer[0m = 0xc00032aa80 [0;36mglobal db counter[0m = 3 [0;36mNewSerialDB[0m = 0.0029s [0;36mmkdirAll[0m = 0.0002s [0;36mopenLevelDB[0m = 0.0028s 
[0;36mDEBUG[0m[2026-03-16 10:14:17.499]   PruningStorer.processPersistersToClose   [0;36mepochs to close[0m = [279] [0;36mbefore process[0m = [281 280 279] [0;36mafter process[0m = [281 280] 
[0;36mDEBUG[0m[2026-03-16 10:14:17.500]   makeDbPointerNilReturningLast            [0;36mpath[0m = TestOnly-Epoch_279/Shard_0/id [0;36mnilled pointer[0m = 0xc000140540 [0;36mglobal db counter[0m = 2 
[0;36mDEBUG[0m[2026-03-16 10:14:17.500]   processLoop - closing the leveldb process loop [0;36mpath[0m = TestOnly-Epoch_279/Shard_0/id 
[0;36mDEBUG[0m[2026-03-16 10:14:17.500]   batchTimeoutHandle - closing             [0;36mpath[0m = TestOnly-Epoch_279/Shard_0/id 
[0;36mDEBUG[0m[2026-03-16 10:14:17.501]   PruningStorer - change epoch             [0;36munit[0m = id [0;36mepoch[0m = 282 [0;36mbytes in cache[0m = 0 
[0;36mDEBUG[0m[2026-03-16 10:14:17.504]   opened serial level db persister         [0;36mpath[0m = TestOnly-Epoch_282/Shard_0/id [0;36mcreated pointer[0m = 0xc000546a80 [0;36mglobal db counter[0m = 3 [0;36mNewSerialDB[0m = 0.0029s [0;36mmkdirAll[0m = 0.0001s [0;36mopenLevelDB[0m = 0.0028s 
[0;36mDEBUG[0m[2026-03-16 10:14:17.504]   PruningStorer.processPersistersToClose   [0;36mepochs to close[0m = [280] [0;36mbefore process[0m = [282 281 280] [0;36mafter process[0m = [282 281] 
[0;36mDEBUG[0m[2026-03-16 10:14:17.504]   makeDbPointerNilReturningLast            [0;36mpath[0m = TestOnly-Epoch_280/Shard_0/id [0;36mnilled pointer[0m = 0xc000695880 [0;36mglobal db counter[0m = 2 
[0;36mDEBUG[0m[2026-03-16 10:14:17.504]   processLoop - closing the leveldb process loop [0;36mpath[0m = TestOnly-Epoch_280/Shard_0/id 
[0;36mDEBUG[0m[2026-03-16 10:14:17.504]   batchTimeoutHandle - closing             [0;36mpath[0m = TestOnly-Epoch_280/Shard_0/id 
[0;36mDEBUG[0m[2026-03-16 10:14:17.505]   PruningStorer - change epoch             [0;36munit[0m = id [0;36mepoch[0m = 283 [0;36mbytes in cache[0m = 0 
[0;36mDEBUG[0m[2026-03-16 10:14:17.508]   opened serial level db persister         [0;36mpath[0m = TestOnly-Epoch_283/Shard_0/id [0;36mcreated pointer[0m = 0xc00033ac40 [0;36mglobal db counter[0m = 3 [0;36mNewSerialDB[0m = 0.0023s [0;36mmkdirAll[0m = 0.0002s [0;36mopenLevelDB[0m = 0.0021s 
[0;36mDEBUG[0m[2026-03-16 10:14:17.508]   PruningStorer.processPersistersToClose   [0;36mepochs to close[0m = [281] [0;36mbefore process[0m = [283 282 281] [0;36mafter process[0m = [283 282] 
[0;36mDEBUG[0m[2026-03-16 10:14:17.508]   makeDbPointerNilReturningLast            [0;36mpath[0m = TestOnly-Epoch_281/Shard_0/id [0;36mnilled pointer[0m = 0xc00032aa80 [0;36mglobal db counter[0m = 2 
[0;36mDEBUG[0m[2026-03-16 10:14:17.508]   batchTimeoutHandle - closing             [0;36mpath[0m = TestOnly-Epoch_281/Shard_0/id 
[0;36mDEBUG[0m[2026-03-16 10:14:17.508]   processLoop - closing the leveldb process loop [0;36mpath[0m = TestOnly-Epoch_281/Shard_0/id 
[0;36mDEBUG[0m[2026-03-16 10:14:17.509]   PruningStorer - change epoch             [0;36munit[0m = id [0;36mepoch[0m = 284 [0;36mbytes in cache[0m = 0 
[0;36mDEBUG[0m[2026-03-16 10:14:17.512]   opened serial level db persister         [0;36mpath[0m = TestOnly-Epoch_284/Shard_0/id [0;36mcreated pointer[0m = 0xc000140700 [0;36mglobal db counter[0m = 3 [0;36mNewSerialDB[0m = 0.0023s [0;36mmkdirAll[0m = 0.0002s [0;36mopenLevelDB[0m = 0.0021s 
[0;36mDEBUG[0m[2026-03-16 10:14:17.512]   PruningStorer.processPersistersToClose   [0;36mepochs to close[0m = [282] [0;36mbefore process[0m = [284 283 282] [0;36mafter process[0m = [284 283] 
[0;36mDEBUG[0m[2026-03-16 10:14:17.512]   makeDbPointerNilReturningLast            [0;36mpath[0m = TestOnly-Epoch_282/Shard_0/id [0;36mnilled pointer[0m = 0xc000546a80 [0;36mglobal db counter[0m = 2 
[0;36mDEBUG[0m[2026-03-16 10:14:17.512]   processLoop - closing the leveldb process loop [0;36mpath[0m = TestOnly-Epoch_282/Shard_0/id 
[0;36mDEBUG[0m[2026-03-16 10:14:17.512]   batchTimeoutHandle - closing             [0;36mpath[0m = TestOnly-Epoch_282/Shard_0/id 
[0;36mDEBUG[0m[2026-03-16 10:14:17.513]   PruningStorer - change epoch             [0;36munit[0m = id [0;36mepoch[0m = 285 [0;36mbytes in cache[0m = 0 
[0;36mDEBUG[0m[2026-03-16 10:14:17.516]   opened serial level db persister         [0;36mpath[0m = TestOnly-Epoch_285/Shard_0/id [0;36mcreated pointer[0m = 0xc00033afc0 [0;36mglobal db counter[0m = 3 [0;36mNewSerialDB[0m = 0.0024s [0;36mmkdirAll[0m = 0.0002s [0;36mopenLevelDB[0m = 0.0022s 
[0;36mDEBUG[0m[2026-03-16 10:14:17.516]   PruningStorer.processPersistersToClose   [0;36mepochs to close[0m = [283] [0;36mbefore process[0m = [285 284 283] [0;36mafter process[0m = [285 284] 
[0;36mDEBUG[0m[2026-03-16 10:14:17.516]   makeDbPointerNilReturningLast            [0;36mpath[0m = TestOnly-Epoch_283/Shard_0/id [0;36mnilled pointer[0m = 0xc00033ac40 [0;36mglobal db counter[0m = 2 
[0;36mDEBUG[0m[2026-03-16 10:14:17.516]   processLoop - closing the leveldb process loop [0;36mpath[0m = TestOnly-Epoch_283/Shard_0/id 
[0;36mDEBUG[0m[2026-03-16 10:14:17.516]   batchTimeoutHandle - closing             [0;36mpath[0m = TestOnly-Epoch_283/Shard_0/id 
[0;36mDEBUG[0m[2026-03-16 10:14:17.518]   PruningStorer - change epoch             [0;36munit[0m = id [0;36mepoch[0m = 286 [0;36mbytes in cache[0m = 0 
[0;36mDEBUG[0m[2026-03-16 10:14:17.520]   opened serial level db persister         [0;36mpath[0m = TestOnly-Epoch_286/Shard_0/id [0;36mcreated pointer[0m = 0xc00033b340 [0;36mglobal db counter[0m = 3 [0;36mNewSerialDB[0m = 0.0025s [0;36mmkdirAll[0m = 0.0002s [0;36mopenLevelDB[0m = 0.0023s 
[0;36mDEBUG[0m[2026-03-16 10:14:17.520]   PruningStorer.processPersistersToClose   [0;36mepochs to close[0m = [284] [0;36mbefore process[0m = [286 285 284] [0;36mafter process[0m = [286 285] 
[0;36mDEBUG[0m[2026-03-16 10:14:17.521]   makeDbPointerNilReturningLast            [0;36mpath[0m = TestOnly-Epoch_284/Shard_0/id [0;36mnilled pointer[0m = 0xc000140700 [0;36mglobal db counter[0m = 2 
[0;36mDEBUG[0m[2026-03-16 10:14:17.521]   processLoop - closing the leveldb process loop [0;36mpath[0m = TestOnly-Epoch_284/Shard_0/id 
[0;36mDEBUG[0m[2026-03-16 10:14:17.521]   batchTimeoutHandle - closing             [0;36mpath[0m = TestOnly-Epoch_284/Shard_0/id 
[0;36mDEBUG[0m[2026-03-16 10:14:17.522]   PruningStorer - change epoch             [0;36munit[0m = id [0;36mepoch[0m = 287 [0;36mbytes in cache[0m = 0 
[0;36mDEBUG[0m[2026-03-16 10:14:17.524]   opened serial level db persister         [0;36mpath[0m = TestOnly-Epoch_287/Shard_0/id [0;36mcreated pointer[0m = 0xc0001408c0 [0;36mglobal db counter[0m = 3 [0;36mNewSerialDB[0m = 0.0024s [0;36mmkdirAll[0m = 0.0001s [0;36mopenLevelDB[0m = 0.0023s 
[0;36mDEBUG[0m[2026-03-16 10:14:17.524]   PruningStorer.processPersistersToClose   [0;36mepochs to close[0m = [285] [0;36mbefore process[0m = [287 286 285] [0;36mafter process[0m = [287 286] 
[0;36mDEBUG[0m[2026-03-16 10:14:17.525]   makeDbPointerNilReturningLast            [0;36mpath[0m = TestOnly-Epoch_285/Shard_0/id [0;36mnilled pointer[0m = 0xc00033afc0 [0;36mglobal db counter[0m = 2 
[0;36mDEBUG[0m[2026-03-16 10:14:17.525]   processLoop - closing the leveldb process loop [0;36mpath[0m = TestOnly-Epoch_285/Shard_0/id 
[0;36mDEBUG[0m[2026-03-16 10:14:17.525]   batchTimeoutHandle - closing             [0;36mpath[0m = TestOnly-Epoch_285/Shard_0/id 
[0;36mDEBUG[0m[2026-03-16 10:14:17.526]   PruningStorer - change epoch             [0;36munit[0m = id [0;36mepoch[0m = 288 [0;36mbytes in cache[0m = 0 
[0;36mDEBUG[0m[2026-03-16 10:14:17.529]   opened serial level db persister         [0;36mpath[0m = TestOnly-Epoch_288/Shard_0/id [0;36mcreated pointer[0m = 0xc00033ae00 [0;36mglobal db counter[0m = 3 [0;36mNewSerialDB[0m = 0.0030s [0;36mmkdirAll[0m = 0.0002s [0;36mopenLevelDB[0m = 0.0028s 
[0;36mDEBUG[0m[2026-03-16 10:14:17.529]   PruningStorer.processPersistersToClose   [0;36mepochs to close[0m = [286] [0;36mbefore process[0m = [288 287 286] [0;36mafter process[0m = [288 287] 
[0;36mDEBUG[0m[2026-03-16 10:14:17.530]   makeDbPointerNilReturningLast            [0;36mpath[0m = TestOnly-Epoch_286/Shard_0/id [0;36mnilled pointer[0m = 0xc00033b340 [0;36mglobal db counter[0m = 2 
[0;36mDEBUG[0m[2026-03-16 10:14:17.530]   batchTimeoutHandle - closing             [0;36mpath[0m = TestOnly-Epoch_286/Shard_0/id 
[0;36mDEBUG[0m[2026-03-16 10:14:17.530]   processLoop - closing the leveldb process loop [0;36mpath[0m = TestOnly-Epoch_286/Shard_0/id 
[0;36mDEBUG[0m[2026-03-16 10:14:17.531]   PruningStorer - change epoch             [0;36munit[0m = id [0;36mepoch[0m = 289 [0;36mbytes in cache[0m = 0 
[0;36mDEBUG[0m[2026-03-16 10:14:17.533]   opened serial level db persister         [0;36mpath[0m = TestOnly-Epoch_289/Shard_0/id [0;36mcreated pointer[0m = 0xc000547500 [0;36mglobal db counter[0m = 3 [0;36mNewSerialDB[0m = 0.0025s [0;36mmkdirAll[0m = 0.0001s [0;36mopenLevelDB[0m = 0.0024s 
[0;36mDEBUG[0m[2026-03-16 10:14:17.533]   PruningStorer.processPersistersToClose   [0;36mepochs to close[0m = [287] [0;36mbefore process[0m = [289 288 287] [0;36mafter process[0m = [289 288] 
[0;36mDEBUG[0m[2026-03-16 10:14:17.534]   makeDbPointerNilReturningLast            [0;36mpath[0m = TestOnly-Epoch_287/Shard_0/id [0;36mnilled pointer[0m = 0xc0001408c0 [0;36mglobal db counter[0m = 2 
[0;36mDEBUG[0m[2026-03-16 10:14:17.534]   processLoop - closing the leveldb process loop [0;36mpath[0m = TestOnly-Epoch_287/Shard_0/id 
[0;36mDEBUG[0m[2026-03-16 10:14:17.534]   batchTimeoutHandle - closing             [0;36mpath[0m = TestOnly-Epoch_287/Shard_0/id 
[0;36mDEBUG[0m[2026-03-16 10:14:17.535]   PruningStorer - change epoch             [0;36munit[0m = id [0;36mepoch[0m = 290 [0;36mbytes in cache[0m = 0 
[0;36mDEBUG[0m[2026-03-16 10:14:17.538]   opened serial level db persister         [0;36mpath[0m = TestOnly-Epoch_290/Shard_0/id [0;36mcreated pointer[0m = 0xc00033b6c0 [0;36mglobal db counter[0m = 3 [0;36mNewSerialDB[0m = 0.0027s [0;36mmkdirAll[0m = 0.0002s [0;36mopenLevelDB[0m = 0.0025s 
[0;36mDEBUG[0m[2026-03-16 10:14:17.538]   PruningStorer.processPersistersToClose   [0;36mepochs to close[0m = [288] [0;36mbefore process[0m = [290 289 288] [0;36mafter process[0m = [290 289] 
[0;36mDEBUG[0m[2026-03-16 10:14:17.538]   makeDbPointerNilReturningLast            [0;36mpath[0m = TestOnly-Epoch_288/Shard_0/id [0;36mnilled pointer[0m = 0xc00033ae00 [0;36mglobal db counter[0m = 2 
[0;36mDEBUG[0m[2026-03-16 10:14:17.538]   batchTimeoutHandle - closing             [0;36mpath[0m = TestOnly-Epoch_288/Shard_0/id 
[0;36mDEBUG[0m[2026-03-16 10:14:17.538]   processLoop - closing the leveldb process loop [0;36mpath[0m = TestOnly-Epoch_288/Shard_0/id 
[0;36mDEBUG[0m[2026-03-16 10:14:17.539]   PruningStorer - change epoch             [0;36munit[0m = id [0;36mepoch[0m = 291 [0;36mbytes in cache[0m = 0 
[0;36mDEBUG[0m[2026-03-16 10:14:17.542]   opened serial level db persister         [0;36mpath[0m = TestOnly-Epoch_291/Shard_0/id [0;36mcreated pointer[0m = 0xc000547880 [0;36mglobal db counter[0m = 3 [0;36mNewSerialDB[0m = 0.0024s [0;36mmkdirAll[0m = 0.0001s [0;36mopenLevelDB[0m = 0.0022s 
[0;36mDEBUG[0m[2026-03-16 10:14:17.542]   PruningStorer.processPersistersToClose   [0;36mepochs to close[0m = [289] [0;36mbefore process[0m = [291 290 289] [0;36mafter process[0m = [291 290] 
[0;36mDEBUG[0m[2026-03-16 10:14:17.542]   makeDbPointerNilReturningLast            [0;36mpath[0m = TestOnly-Epoch_289/Shard_0/id [0;36mnilled pointer[0m = 0xc000547500 [0;36mglobal db counter[0m = 2 
[0;36mDEBUG[0m[2026-03-16 10:14:17.542]   processLoop - closing the leveldb process loop [0;36mpath[0m = TestOnly-Epoch_289/Shard_0/id 
[0;36mDEBUG[0m[2026-03-16 10:14:17.542]   batchTimeoutHandle - closing             [0;36mpath[0m = TestOnly-Epoch_289/Shard_0/id 
[0;36mDEBUG[0m[2026-03-16 10:14:17.543]   PruningStorer - change epoch             [0;36munit[0m = id [0;36mepoch[0m = 292 [0;36mbytes in cache[0m = 0 
[0;36mDEBUG[0m[2026-03-16 10:14:17.546]   opened serial level db persister         [0;36mpath[0m = TestOnly-Epoch_292/Shard_0/id [0;36mcreated pointer[0m = 0xc00033b180 [0;36mglobal db counter[0m = 3 [0;36mNewSerialDB[0m = 0.0023s [0;36mmkdirAll[0m = 0.0002s [0;36mopenLevelDB[0m = 0.0022s 
[0;36mDEBUG[0m[2026-03-16 10:14:17.546]   PruningStorer.processPersistersToClose   [0;36mepochs to close[0m = [290] [0;36mbefore process[0m = [292 291 290] [0;36mafter process[0m = [292 291] 
[0;36mDEBUG[0m[2026-03-16 10:14:17.546]   makeDbPointerNilReturningLast            [0;36mpath[0m = TestOnly-Epoch_290/Shard_0/id [0;36mnilled pointer[0m = 0xc00033b6c0 [0;36mglobal db counter[0m = 2 
[0;36mDEBUG[0m[2026-03-16 10:14:17.546]   processLoop - closing the leveldb process loop [0;36mpath[0m = TestOnly-Epoch_290/Shard_0/id 
[0;36mDEBUG[0m[2026-03-16 10:14:17.546]   batchTimeoutHandle - closing             [0;36mpath[0m = TestOnly-Epoch_290/Shard_0/id 
[0;36mDEBUG[0m[2026-03-16 10:14:17.547]   PruningStorer - change epoch             [0;36munit[0m = id [0;36mepoch[0m = 293 [0;36mbytes in cache[0m = 0 
[0;36mDEBUG[0m[2026-03-16 10:14:17.549]   opened serial level db persister         [0;36mpath[0m = TestOnly-Epoch_293/Shard_0/id [0;36mcreated pointer[0m = 0xc000140a80 [0;36mglobal db counter[0m = 3 [0;36mNewSerialDB[0m = 0.0022s [0;36mmkdirAll[0m = 0.0002s [0;36mopenLevelDB[0m = 0.0021s 
[0;36mDEBUG[0m[2026-03-16 10:14:17.549]   PruningStorer.processPersistersToClose   [0;36mepochs to close[0m = [291] [0;36mbefore process[0m = [293 292 291] [0;36mafter process[0m = [293 292] 
[0;36mDEBUG[0m[2026-03-16 10:14:17.550]   makeDbPointerNilReturningLast            [0;36mpath[0m = TestOnly-Epoch_291/Shard_0/id [0;36mnilled pointer[0m = 0xc000547880 [0;36mglobal db counter[0m = 2 
[0;36mDEBUG[0m[2026-03-16 10:14:17.550]   processLoop - closing the leveldb process loop [0;36mpath[0m = TestOnly-Epoch_291/Shard_0/id 
[0;36mDEBUG[0m[2026-03-16 10:14:17.550]   batchTimeoutHandle - closing             [0;36mpath[0m = TestOnly-Epoch_291/Shard_0/id 
[0;36mDEBUG[0m[2026-03-16 10:14:17.551]   PruningStorer - change epoch             [0;36munit[0m = id [0;36mepoch[0m = 294 [0;36mbytes in cache[0m = 0 
[0;36mDEBUG[0m[2026-03-16 10:14:17.554]   opened serial level db persister         [0;36mpath[0m = TestOnly-Epoch_294/Shard_0/id [0;36mcreated pointer[0m = 0xc000140e00 [0;36mglobal db counter[0m = 3 [0;36mNewSerialDB[0m = 0.0029s [0;36mmkdirAll[0m = 0.0002s [0;36mopenLevelDB[0m = 0.0027s 
[0;36mDEBUG[0m[2026-03-16 10:14:17.554]   PruningStorer.processPersistersToClose   [0;36mepochs to close[0m = [292] [0;36mbefore process[0m = [294 293 292] [0;36mafter process[0m = [294 293] 
[0;36mDEBUG[0m[2026-03-16 10:14:17.555]   makeDbPointerNilReturningLast            [0;36mpath[0m = TestOnly-Epoch_292/Shard_0/id [0;36mnilled pointer[0m = 0xc00033b180 [0;36mglobal db counter[0m = 2 
[0;36mDEBUG[0m[2026-03-16 10:14:17.555]   processLoop - closing the leveldb process loop [0;36mpath[0m = TestOnly-Epoch_292/Shard_0/id 
[0;36mDEBUG[0m[2026-03-16 10:14:17.555]   batchTimeoutHandle - closing             [0;36mpath[0m = TestOnly-Epoch_292/Shard_0/id 
[0;36mDEBUG[0m[2026-03-16 10:14:17.556]   PruningStorer - change epoch             [0;36munit[0m = id [0;36mepoch[0m = 295 [0;36mbytes in cache[0m = 0 
[0;36mDEBUG[0m[2026-03-16 10:14:17.559]   opened serial level db persister         [0;36mpath[0m = TestOnly-Epoch_295/Shard_0/id [0;36mcreated pointer[0m = 0xc000140fc0 [0;36mglobal db counter[0m = 3 [0;36mNewSerialDB[0m = 0.0029s [0;36mmkdirAll[0m = 0.0002s [0;36mopenLevelDB[0m = 0.0027s 
[0;36mDEBUG[0m[2026-03-16 10:14:17.559]   PruningStorer.processPersistersToClose   [0;36mepochs to close[0m = [293] [0;36mbefore process[0m = [295 294 293] [0;36mafter process[0m = [295 294] 
[0;36mDEBUG[0m[2026-03-16 10:14:17.559]   makeDbPointerNilReturningLast            [0;36mpath[0m = TestOnly-Epoch_293/Shard_0/id [0;36mnilled pointer[0m = 0xc000140a80 [0;36mglobal db counter[0m = 2 
[0;36mDEBUG[0m[2026-03-16 10:14:17.559]   batchTimeoutHandle - closing             [0;36mpath[0m = TestOnly-Epoch_293/Shard_0/id 
[0;36mDEBUG[0m[2026-03-16 10:14:17.559]   processLoop - closing the leveldb process loop [0;36mpath[0m = TestOnly-Epoch_293/Shard_0/id 
[0;36mDEBUG[0m[2026-03-16 10:14:17.560]   PruningStorer - change epoch             [0;36munit[0m = id [0;36mepoch[0m = 296 [0;36mbytes in cache[0m = 0 
[0;36mDEBUG[0m[2026-03-16 10:14:17.563]   opened serial level db persister         [0;36mpath[0m = TestOnly-Epoch_296/Shard_0/id [0;36mcreated pointer[0m = 0xc00033aa80 [0;36mglobal db counter[0m = 3 [0;36mNewSerialDB[0m = 0.0024s [0;36mmkdirAll[0m = 0.0002s [0;36mopenLevelDB[0m = 0.0022s 
[0;36mDEBUG[0m[2026-03-16 10:14:17.563]   PruningStorer.processPersistersToClose   [0;36mepochs to close[0m = [294] [0;36mbefore process[0m = [296 295 294] [0;36mafter process[0m = [296 295] 
[0;36mDEBUG[0m[2026-03-16 10:14:17.563]   makeDbPointerNilReturningLast            [0;36mpath[0m = TestOnly-Epoch_294/Shard_0/id [0;36mnilled pointer[0m = 0xc000140e00 [0;36mglobal db counter[0m = 2 
[0;36mDEBUG[0m[2026-03-16 10:14:17.563]   processLoop - closing the leveldb process loop [0;36mpath[0m = TestOnly-Epoch_294/Shard_0/id 
[0;36mDEBUG[0m[2026-03-16 10:14:17.563]   batchTimeoutHandle - closing             [0;36mpath[0m = TestOnly-Epoch_294/Shard_0/id 
[0;36mDEBUG[0m[2026-03-16 10:14:17.564]   PruningStorer - change epoch             [0;36munit[0m = id [0;36mepoch[0m = 297 [0;36mbytes in cache[0m = 0 
[0;36mDEBUG[0m[2026-03-16 10:14:17.567]   opened serial level db persister         [0;36mpath[0m = TestOnly-Epoch_297/Shard_0/id [0;36mcreated pointer[0m = 0xc000917500 [0;36mglobal db counter[0m = 3 [0;36mNewSerialDB[0m = 0.0021s [0;36mmkdirAll[0m = 0.0001s [0;36mopenLevelDB[0m = 0.0020s 
[0;36mDEBUG[0m[2026-03-16 10:14:17.567]   PruningStorer.processPersistersToClose   [0;36mepochs to close[0m = [295] [0;36mbefore process[0m = [297 296 295] [0;36mafter process[0m = [297 296] 
[0;36mDEBUG[0m[2026-03-16 10:14:17.567]   makeDbPointerNilReturningLast            [0;36mpath[0m = TestOnly-Epoch_295/Shard_0/id [0;36mnilled pointer[0m = 0xc000140fc0 [0;36mglobal db counter[0m = 2 
[0;36mDEBUG[0m[2026-03-16 10:14:17.567]   processLoop - closing the leveldb process loop [0;36mpath[0m = TestOnly-Epoch_295/Shard_0/id 
[0;36mDEBUG[0m[2026-03-16 10:14:17.567]   batchTimeoutHandle - closing             [0;36mpath[0m = TestOnly-Epoch_295/Shard_0/id 
[0;36mDEBUG[0m[2026-03-16 10:14:17.569]   PruningStorer - change epoch             [0;36munit[0m = id [0;36mepoch[0m = 298 [0;36mbytes in cache[0m = 0 
[0;36mDEBUG[0m[2026-03-16 10:14:17.571]   opened serial level db persister         [0;36mpath[0m = TestOnly-Epoch_298/Shard_0/id [0;36mcreated pointer[0m = 0xc00033b880 [0;36mglobal db counter[0m = 3 [0;36mNewSerialDB[0m = 0.0026s [0;36mmkdirAll[0m = 0.0002s [0;36mopenLevelDB[0m = 0.0025s 
[0;36mDEBUG[0m[2026-03-16 10:14:17.571]   PruningStorer.processPersistersToClose   [0;36mepochs to close[0m = [296] [0;36mbefore process[0m = [298 297 296] [0;36mafter process[0m = [298 297] 
[0;36mDEBUG[0m[2026-03-16 10:14:17.572]   makeDbPointerNilReturningLast            [0;36mpath[0m = TestOnly-Epoch_296/Shard_0/id [0;36mnilled pointer[0m = 0xc00033aa80 [0;36mglobal db counter[0m = 2 
[0;36mDEBUG[0m[2026-03-16 10:14:17.572]   processLoop - closing the leveldb process loop [0;36mpath[0m = TestOnly-Epoch_296/Shard_0/id 
[0;36mDEBUG[0m[2026-03-16 10:14:17.572]   batchTimeoutHandle - closing             [0;36mpath[0m = TestOnly-Epoch_296/Shard_0/id 
[0;36mDEBUG[0m[2026-03-16 10:14:17.574]   PruningStorer - change epoch             [0;36munit[0m = id [0;36mepoch[0m = 299 [0;36mbytes in cache[0m = 0 
[0;36mDEBUG[0m[2026-03-16 10:14:17.576]   opened serial level db persister         [0;36mpath[0m = TestOnly-Epoch_299/Shard_0/id [0;36mcreated pointer[0m = 0xc000140c40 [0;36mglobal db counter[0m = 3 [0;36mNewSerialDB[0m = 0.0022s [0;36mmkdirAll[0m = 0.0002s [0;36mopenLevelDB[0m = 0.0020s 
[0;36mDEBUG[0m[2026-03-16 10:14:17.576]   PruningStorer.processPersistersToClose   [0;36mepochs to close[0m = [297] [0;36mbefore process[0m = [299 298 297] [0;36mafter process[0m = [299 298] 
[0;36mDEBUG[0m[2026-03-16 10:14:17.576]   makeDbPointerNilReturningLast            [0;36mpath[0m = TestOnly-Epoch_297/Shard_0/id [0;36mnilled pointer[0m = 0xc000917500 [0;36mglobal db counter[0m = 2 
[0;36mDEBUG[0m[2026-03-16 10:14:17.576]   processLoop - closing the leveldb process loop [0;36mpath[0m = TestOnly-Epoch_297/Shard_0/id 
[0;36mDEBUG[0m[2026-03-16 10:14:17.576]   batchTimeoutHandle - closing             [0;36mpath[0m = TestOnly-Epoch_297/Shard_0/id 
[0;36mDEBUG[0m[2026-03-16 10:14:17.578]   PruningStorer - change epoch             [0;36munit[0m = id [0;36mepoch[0m = 300 [0;36mbytes in cache[0m = 0 
[0;36mDEBUG[0m[2026-03-16 10:14:17.580]   opened serial level db persister         [0;36mpath[0m = TestOnly-Epoch_300/Shard_0/id [0;36mcreated pointer[0m = 0xc00033bc00 [0;36mglobal db counter[0m = 3 [0;36mNewSerialDB[0m = 0.0021s [0;36mmkdirAll[0m = 0.0001s [0;36mopenLevelDB[0m = 0.0020s 
[0;36mDEBUG[0m[2026-03-16 10:14:17.580]   PruningStorer.processPersistersToClose   [0;36mepochs to close[0m = [298] [0;36mbefore process[0m = [300 299 298] [0;36mafter process[0m = [300 299] 
[0;36mDEBUG[0m[2026-03-16 10:14:17.580]   makeDbPointerNilReturningLast            [0;36mpath[0m = TestOnly-Epoch_298/Shard_0/id [0;36mnilled pointer[0m = 0xc00033b880 [0;36mglobal db counter[0m = 2 
[0;36mDEBUG[0m[2026-03-16 10:14:17.580]   processLoop - closing the leveldb process loop [0;36mpath[0m = TestOnly-Epoch_298/Shard_0/id 
[0;36mDEBUG[0m[2026-03-16 10:14:17.580]   batchTimeoutHandle - closing             [0;36mpath[0m = TestOnly-Epoch_298/Shard_0/id 
[0;36mDEBUG[0m[2026-03-16 10:14:17.581]   PruningStorer - change epoch             [0;36munit[0m = id [0;36mepoch[0m = 301 [0;36mbytes in cache[0m = 0 
[0;36mDEBUG[0m[2026-03-16 10:14:17.584]   opened serial level db persister         [0;36mpath[0m = TestOnly-Epoch_301/Shard_0/id [0;36mcreated pointer[0m = 0xc0005441c0 [0;36mglobal db counter[0m = 3 [0;36mNewSerialDB[0m = 0.0029s [0;36mmkdirAll[0m = 0.0001s [0;36mopenLevelDB[0m = 0.0027s 
[0;36mDEBUG[0m[2026-03-16 10:14:17.584]   PruningStorer.processPersistersToClose   [0;36mepochs to close[0m = [299] [0;36mbefore process[0m = [301 300 299] [0;36mafter process[0m = [301 300] 
[0;36mDEBUG[0m[2026-03-16 10:14:17.585]   makeDbPointerNilReturningLast            [0;36mpath[0m = TestOnly-Epoch_299/Shard_0/id [0;36mnilled pointer[0m = 0xc000140c40 [0;36mglobal db counter[0m = 2 
[0;36mDEBUG[0m[2026-03-16 10:14:17.585]   processLoop - closing the leveldb process loop [0;36mpath[0m = TestOnly-Epoch_299/Shard_0/id 
[0;36mDEBUG[0m[2026-03-16 10:14:17.585]   batchTimeoutHandle - closing             [0;36mpath[0m = TestOnly-Epoch_299/Shard_0/id 
[0;36mDEBUG[0m[2026-03-16 10:14:17.586]   PruningStorer - change epoch             [0;36munit[0m = id [0;36mepoch[0m = 302 [0;36mbytes in cache[0m = 0 
[0;36mDEBUG[0m[2026-03-16 10:14:17.589]   opened serial level db persister         [0;36mpath[0m = TestOnly-Epoch_302/Shard_0/id [0;36mcreated pointer[0m = 0xc000141340 [0;36mglobal db counter[0m = 3 [0;36mNewSerialDB[0m = 0.0031s [0;36mmkdirAll[0m = 0.0002s [0;36mopenLevelDB[0m = 0.0029s 
[0;36mDEBUG[0m[2026-03-16 10:14:17.589]   PruningStorer.processPersistersToClose   [0;36mepochs to close[0m = [300] [0;36mbefore process[0m = [302 301 300] [0;36mafter process[0m = [302 301] 
[0;36mDEBUG[0m[2026-03-16 10:14:17.590]   makeDbPointerNilReturningLast            [0;36mpath[0m = TestOnly-Epoch_300/Shard_0/id [0;36mnilled pointer[0m = 0xc00033bc00 [0;36mglobal db counter[0m = 2 
[0;36mDEBUG[0m[2026-03-16 10:14:17.590]   processLoop - closing the leveldb process loop [0;36mpath[0m = TestOnly-Epoch_300/Shard_0/id 
[0;36mDEBUG[0m[2026-03-16 10:14:17.590]   batchTimeoutHandle - closing             [0;36mpath[0m = TestOnly-Epoch_300/Shard_0/id 
[0;36mDEBUG[0m[2026-03-16 10:14:17.591]   PruningStorer - change epoch             [0;36munit[0m = id [0;36mepoch[0m = 303 [0;36mbytes in cache[0m = 0 
[0;36mDEBUG[0m[2026-03-16 10:14:17.593]   opened serial level db persister         [0;36mpath[0m = TestOnly-Epoch_303/Shard_0/id [0;36mcreated pointer[0m = 0xc00033b500 [0;36mglobal db counter[0m = 3 [0;36mNewSerialDB[0m = 0.0022s [0;36mmkdirAll[0m = 0.0002s [0;36mopenLevelDB[0m = 0.0020s 
[0;36mDEBUG[0m[2026-03-16 10:14:17.593]   PruningStorer.processPersistersToClose   [0;36mepochs to close[0m = [301] [0;36mbefore process[0m = [303 302 301] [0;36mafter process[0m = [303 302] 
[0;36mDEBUG[0m[2026-03-16 10:14:17.593]   makeDbPointerNilReturningLast            [0;36mpath[0m = TestOnly-Epoch_301/Shard_0/id [0;36mnilled pointer[0m = 0xc0005441c0 [0;36mglobal db counter[0m = 2 
[0;36mDEBUG[0m[2026-03-16 10:14:17.593]   batchTimeoutHandle - closing             [0;36mpath[0m = TestOnly-Epoch_301/Shard_0/id 
[0;36mDEBUG[0m[2026-03-16 10:14:17.593]   processLoop - closing the leveldb process loop [0;36mpath[0m = TestOnly-Epoch_301/Shard_0/id 
[0;36mDEBUG[0m[2026-03-16 10:14:17.595]   PruningStorer - change epoch             [0;36munit[0m = id [0;36mepoch[0m = 304 [0;36mbytes in cache[0m = 0 
[0;36mDEBUG[0m[2026-03-16 10:14:17.597]   opened serial level db persister         [0;36mpath[0m = TestOnly-Epoch_304/Shard_0/id [0;36mcreated pointer[0m = 0xc000170540 [0;36mglobal db counter[0m = 3 [0;36mNewSerialDB[0m = 0.0024s [0;36mmkdirAll[0m = 0.0002s [0;36mopenLevelDB[0m = 0.0022s 
[0;36mDEBUG[0m[2026-03-16 10:14:17.597]   PruningStorer.processPersistersToClose   [0;36mepochs to close[0m = [302] [0;36mbefore process[0m = [304 303 302] [0;36mafter process[0m = [304 303] 
[0;36mDEBUG[0m[2026-03-16 10:14:17.598]   makeDbPointerNilReturningLast            [0;36mpath[0m = TestOnly-Epoch_302/Shard_0/id [0;36mnilled pointer[0m = 0xc000141340 [0;36mglobal db counter[0m = 2 
[0;36mDEBUG[0m[2026-03-16 10:14:17.598]   processLoop - closing the leveldb process loop [0;36mpath[0m = TestOnly-Epoch_302/Shard_0/id 
[0;36mDEBUG[0m[2026-03-16 10:14:17.598]   batchTimeoutHandle - closing             [0;36mpath[0m = TestOnly-Epoch_302/Shard_0/id 
[0;36mDEBUG[0m[2026-03-16 10:14:17.599]   PruningStorer - change epoch             [0;36munit[0m = id [0;36mepoch[0m = 305 [0;36mbytes in cache[0m = 0 
[0;36mDEBUG[0m[2026-03-16 10:14:17.601]   opened serial level db persister         [0;36mpath[0m = TestOnly-Epoch_305/Shard_0/id [0;36mcreated pointer[0m = 0xc00033bdc0 [0;36mglobal db counter[0m = 3 [0;36mNewSerialDB[0m = 0.0022s [0;36mmkdirAll[0m = 0.0001s [0;36mopenLevelDB[0m = 0.0021s 
[0;36mDEBUG[0m[2026-03-16 10:14:17.601]   PruningStorer.processPersistersToClose   [0;36mepochs to close[0m = [303] [0;36mbefore process[0m = [305 304 303] [0;36mafter process[0m = [305 304] 
[0;36mDEBUG[0m[2026-03-16 10:14:17.602]   makeDbPointerNilReturningLast            [0;36mpath[0m = TestOnly-Epoch_303/Shard_0/id [0;36mnilled pointer[0m = 0xc00033b500 [0;36mglobal db counter[0m = 2 
[0;36mDEBUG[0m[2026-03-16 10:14:17.602]   processLoop - closing the leveldb process loop [0;36mpath[0m = TestOnly-Epoch_303/Shard_0/id 
[0;36mDEBUG[0m[2026-03-16 10:14:17.602]   batchTimeoutHandle - closing             [0;36mpath[0m = TestOnly-Epoch_303/Shard_0/id 
[0;36mDEBUG[0m[2026-03-16 10:14:17.603]   PruningStorer - change epoch             [0;36munit[0m = id [0;36mepoch[0m = 306 [0;36mbytes in cache[0m = 0 
[0;36mDEBUG[0m[2026-03-16 10:14:17.605]   opened serial level db persister         [0;36mpath[0m = TestOnly-Epoch_306/Shard_0/id [0;36mcreated pointer[0m = 0xc0005d4000 [0;36mglobal db counter[0m = 3 [0;36mNewSerialDB[0m = 0.0027s [0;36mmkdirAll[0m = 0.0002s [0;36mopenLevelDB[0m = 0.0025s 
[0;36mDEBUG[0m[2026-03-16 10:14:17.605]   PruningStorer.processPersistersToClose   [0;36mepochs to close[0m = [304] [0;36mbefore process[0m = [306 305 304] [0;36mafter process[0m = [306 305] 
[0;36mDEBUG[0m[2026-03-16 10:14:17.606]   makeDbPointerNilReturningLast            [0;36mpath[0m = TestOnly-Epoch_304/Shard_0/id [0;36mnilled pointer[0m = 0xc000170540 [0;36mglobal db counter[0m = 2 
[0;36mDEBUG[0m[2026-03-16 10:14:17.606]   batchTimeoutHandle - closing             [0;36mpath[0m = TestOnly-Epoch_304/Shard_0/id 
[0;36mDEBUG[0m[2026-03-16 10:14:17.606]   processLoop - closing the leveldb process loop [0;36mpath[0m = TestOnly-Epoch_304/Shard_0/id 
[0;36mDEBUG[0m[2026-03-16 10:14:17.607]   PruningStorer - change epoch             [0;36munit[0m = id [0;36mepoch[0m = 307 [0;36mbytes in cache[0m = 0 
[0;36mDEBUG[0m[2026-03-16 10:14:17.610]   opened serial level db persister         [0;36mpath[0m = TestOnly-Epoch_307/Shard_0/id [0;36mcreated pointer[0m = 0xc0005d4540 [0;36mglobal db counter[0m = 3 [0;36mNewSerialDB[0m = 0.0024s [0;36mmkdirAll[0m = 0.0001s [0;36mopenLevelDB[0m = 0.0023s 
[0;36mDEBUG[0m[2026-03-16 10:14:17.610]   PruningStorer.processPersistersToClose   [0;36mepochs to close[0m = [305] [0;36mbefore process[0m = [307 306 305] [0;36mafter process[0m = [307 306] 
[0;36mDEBUG[0m[2026-03-16 10:14:17.610]   makeDbPointerNilReturningLast            [0;36mpath[0m = TestOnly-Epoch_305/Shard_0/id [0;36mnilled pointer[0m = 0xc00033bdc0 [0;36mglobal db counter[0m = 2 
[0;36mDEBUG[0m[2026-03-16 10:14:17.610]   processLoop - closing the leveldb process loop [0;36mpath[0m = TestOnly-Epoch_305/Shard_0/id 
[0;36mDEBUG[0m[2026-03-16 10:14:17.610]   batchTimeoutHandle - closing             [0;36mpath[0m = TestOnly-Epoch_305/Shard_0/id 
[0;36mDEBUG[0m[2026-03-16 10:14:17.611]   PruningStorer - change epoch             [0;36munit[0m = id [0;36mepoch[0m = 308 [0;36mbytes in cache[0m = 0 
[0;36mDEBUG[0m[2026-03-16 10:14:17.615]   opened serial level db persister         [0;36mpath[0m = TestOnly-Epoch_308/Shard_0/id [0;36mcreated pointer[0m = 0xc0001708c0 [0;36mglobal db counter[0m = 3 [0;36mNewSerialDB[0m = 0.0033s [0;36mmkdirAll[0m = 0.0003s [0;36mopenLevelDB[0m = 0.0030s 
[0;36mDEBUG[0m[2026-03-16 10:14:17.615]   PruningStorer.processPersistersToClose   [0;36mepochs to close[0m = [306] [0;36mbefore process[0m = [308 307 306] [0;36mafter process[0m = [308 307] 
[0;36mDEBUG[0m[2026-03-16 10:14:17.615]   makeDbPointerNilReturningLast            [0;36mpath[0m = TestOnly-Epoch_306/Shard_0/id [0;36mnilled pointer[0m = 0xc0005d4000 [0;36mglobal db counter[0m = 2 
[0;36mDEBUG[0m[2026-03-16 10:14:17.615]   processLoop - closing the leveldb process loop [0;36mpath[0m = TestOnly-Epoch_306/Shard_0/id 
[0;36mDEBUG[0m[2026-03-16 10:14:17.615]   batchTimeoutHandle - closing             [0;36mpath[0m = TestOnly-Epoch_306/Shard_0/id 
[0;36mDEBUG[0m[2026-03-16 10:14:17.616]   PruningStorer - change epoch             [0;36munit[0m = id [0;36mepoch[0m = 309 [0;36mbytes in cache[0m = 0 
[0;36mDEBUG[0m[2026-03-16 10:14:17.619]   opened serial level db persister         [0;36mpath[0m = TestOnly-Epoch_309/Shard_0/id [0;36mcreated pointer[0m = 0xc0001416c0 [0;36mglobal db counter[0m = 3 [0;36mNewSerialDB[0m = 0.0028s [0;36mmkdirAll[0m = 0.0001s [0;36mopenLevelDB[0m = 0.0027s 
[0;36mDEBUG[0m[2026-03-16 10:14:17.619]   PruningStorer.processPersistersToClose   [0;36mepochs to close[0m = [307] [0;36mbefore process[0m = [309 308 307] [0;36mafter process[0m = [309 308] 
[0;36mDEBUG[0m[2026-03-16 10:14:17.620]   makeDbPointerNilReturningLast            [0;36mpath[0m = TestOnly-Epoch_307/Shard_0/id [0;36mnilled pointer[0m = 0xc0005d4540 [0;36mglobal db counter[0m = 2 
[0;36mDEBUG[0m[2026-03-16 10:14:17.620]   processLoop - closing the leveldb process loop [0;36mpath[0m = TestOnly-Epoch_307/Shard_0/id 
[0;36mDEBUG[0m[2026-03-16 10:14:17.620]   batchTimeoutHandle - closing             [0;36mpath[0m = TestOnly-Epoch_307/Shard_0/id 
[0;36mDEBUG[0m[2026-03-16 10:14:17.621]   PruningStorer - change epoch             [0;36munit[0m = id [0;36mepoch[0m = 310 [0;36mbytes in cache[0m = 0 
[0;36mDEBUG[0m[2026-03-16 10:14:17.624]   opened serial level db persister         [0;36mpath[0m = TestOnly-Epoch_310/Shard_0/id [0;36mcreated pointer[0m = 0xc000544540 [0;36mglobal db counter[0m = 3 [0;36mNewSerialDB[0m = 0.0026s [0;36mmkdirAll[0m = 0.0001s [0;36mopenLevelDB[0m = 0.0025s 
[0;36mDEBUG[0m[2026-03-16 10:14:17.624]   PruningStorer.processPersistersToClose   [0;36mepochs to close[0m = [308] [0;36mbefore process[0m = [310 309 308] [0;36mafter process[0m = [310 309] 
[0;36mDEBUG[0m[2026-03-16 10:14:17.624]   makeDbPointerNilReturningLast            [0;36mpath[0m = TestOnly-Epoch_308/Shard_0/id [0;36mnilled pointer[0m = 0xc0001708c0 [0;36mglobal db counter[0m = 2 
[0;36mDEBUG[0m[2026-03-16 10:14:17.624]   processLoop - closing the leveldb process loop [0;36mpath[0m = TestOnly-Epoch_308/Shard_0/id 
[0;36mDEBUG[0m[2026-03-16 10:14:17.624]   batchTimeoutHandle - closing             [0;36mpath[0m = TestOnly-Epoch_308/Shard_0/id 
[0;36mDEBUG[0m[2026-03-16 10:14:17.625]   PruningStorer - change epoch             [0;36munit[0m = id [0;36mepoch[0m = 311 [0;36mbytes in cache[0m = 0 
[0;36mDEBUG[0m[2026-03-16 10:14:17.628]   opened serial level db persister         [0;36mpath[0m = TestOnly-Epoch_311/Shard_0/id [0;36mcreated pointer[0m = 0xc000170380 [0;36mglobal db counter[0m = 3 [0;36mNewSerialDB[0m = 0.0025s [0;36mmkdirAll[0m = 0.0002s [0;36mopenLevelDB[0m = 0.0023s 
[0;36mDEBUG[0m[2026-03-16 10:14:17.628]   PruningStorer.processPersistersToClose   [0;36mepochs to close[0m = [309] [0;36mbefore process[0m = [311 310 309] [0;36mafter process[0m = [311 310] 
[0;36mDEBUG[0m[2026-03-16 10:14:17.628]   makeDbPointerNilReturningLast            [0;36mpath[0m = TestOnly-Epoch_309/Shard_0/id [0;36mnilled pointer[0m = 0xc0001416c0 [0;36mglobal db counter[0m = 2 
[0;36mDEBUG[0m[2026-03-16 10:14:17.628]   processLoop - closing the leveldb process loop [0;36mpath[0m = TestOnly-Epoch_309/Shard_0/id 
[0;36mDEBUG[0m[2026-03-16 10:14:17.628]   batchTimeoutHandle - closing             [0;36mpath[0m = TestOnly-Epoch_309/Shard_0/id 
[0;36mDEBUG[0m[2026-03-16 10:14:17.629]   PruningStorer - change epoch             [0;36munit[0m = id [0;36mepoch[0m = 312 [0;36mbytes in cache[0m = 0 
[0;36mDEBUG[0m[2026-03-16 10:14:17.631]   opened serial level db persister         [0;36mpath[0m = TestOnly-Epoch_312/Shard_0/id [0;36mcreated pointer[0m = 0xc000141180 [0;36mglobal db counter[0m = 3 [0;36mNewSerialDB[0m = 0.0021s [0;36mmkdirAll[0m = 0.0001s [0;36mopenLevelDB[0m = 0.0020s 
[0;36mDEBUG[0m[2026-03-16 10:14:17.631]   PruningStorer.processPersistersToClose   [0;36mepochs to close[0m = [310] [0;36mbefore process[0m = [312 311 310] [0;36mafter process[0m = [312 311] 
[0;36mDEBUG[0m[2026-03-16 10:14:17.632]   makeDbPointerNilReturningLast            [0;36mpath[0m = TestOnly-Epoch_310/Shard_0/id [0;36mnilled pointer[0m = 0xc000544540 [0;36mglobal db counter[0m = 2 
[0;36mDEBUG[0m[2026-03-16 10:14:17.632]   processLoop - closing the leveldb process loop [0;36mpath[0m = TestOnly-Epoch_310/Shard_0/id 
[0;36mDEBUG[0m[2026-03-16 10:14:17.632]   batchTimeoutHandle - closing             [0;36mpath[0m = TestOnly-Epoch_310/Shard_0/id 
[0;36mDEBUG[0m[2026-03-16 10:14:17.633]   PruningStorer - change epoch             [0;36munit[0m = id [0;36mepoch[0m = 313 [0;36mbytes in cache[0m = 0 
[0;36mDEBUG[0m[2026-03-16 10:14:17.635]   opened serial level db persister         [0;36mpath[0m = TestOnly-Epoch_313/Shard_0/id [0;36mcreated pointer[0m = 0xc0005476c0 [0;36mglobal db counter[0m = 3 [0;36mNewSerialDB[0m = 0.0020s [0;36mmkdirAll[0m = 0.0001s [0;36mopenLevelDB[0m = 0.0019s 
[0;36mDEBUG[0m[2026-03-16 10:14:17.635]   PruningStorer.processPersistersToClose   [0;36mepochs to close[0m = [311] [0;36mbefore process[0m = [313 312 311] [0;36mafter process[0m = [313 312] 
[0;36mDEBUG[0m[2026-03-16 10:14:17.635]   makeDbPointerNilReturningLast            [0;36mpath[0m = TestOnly-Epoch_311/Shard_0/id [0;36mnilled pointer[0m = 0xc000170380 [0;36mglobal db counter[0m = 2 
[0;36mDEBUG[0m[2026-03-16 10:14:17.635]   processLoop - closing the leveldb process loop [0;36mpath[0m = TestOnly-Epoch_311/Shard_0/id 
[0;36mDEBUG[0m[2026-03-16 10:14:17.635]   batchTimeoutHandle - closing             [0;36mpath[0m = TestOnly-Epoch_311/Shard_0/id 
[0;36mDEBUG[0m[2026-03-16 10:14:17.637]   PruningStorer - change epoch             [0;36munit[0m = id [0;36mepoch[0m = 314 [0;36mbytes in cache[0m = 0 
[0;36mDEBUG[0m[2026-03-16 10:14:17.639]   opened serial level db persister         [0;36mpath[0m = TestOnly-Epoch_314/Shard_0/id [0;36mcreated pointer[0m = 0xc00033ba40 [0;36mglobal db counter[0m = 3 [0;36mNewSerialDB[0m = 0.0026s [0;36mmkdirAll[0m = 0.0001s [0;36mopenLevelDB[0m = 0.0025s 
[0;36mDEBUG[0m[2026-03-16 10:14:17.639]   PruningStorer.processPersistersToClose   [0;36mepochs to close[0m = [312] [0;36mbefore process[0m = [314 313 312] [0;36mafter process[0m = [314 313] 
[0;36mDEBUG[0m[2026-03-16 10:14:17.640]   makeDbPointerNilReturningLast            [0;36mpath[0m = TestOnly-Epoch_312/Shard_0/id [0;36mnilled pointer[0m = 0xc000141180 [0;36mglobal db counter[0m = 2 
[0;36mDEBUG[0m[2026-03-16 10:14:17.640]   processLoop - closing the leveldb process loop [0;36mpath[0m = TestOnly-Epoch_312/Shard_0/id 
[0;36mDEBUG[0m[2026-03-16 10:14:17.640]   batchTimeoutHandle - closing             [0;36mpath[0m = TestOnly-Epoch_312/Shard_0/id 
[0;36mDEBUG[0m[2026-03-16 10:14:17.641]   PruningStorer - change epoch             [0;36munit[0m = id [0;36mepoch[0m = 315 [0;36mbytes in cache[0m = 0 
[0;36mDEBUG[0m[2026-03-16 10:14:17.644]   opened serial level db persister         [0;36mpath[0m = TestOnly-Epoch_315/Shard_0/id [0;36mcreated pointer[0m = 0xc000141a40 [0;36mglobal db counter[0m = 3 [0;36mNewSerialDB[0m = 0.0029s [0;36mmkdirAll[0m = 0.0001s [0;36mopenLevelDB[0m = 0.0027s 
[0;36mDEBUG[0m[2026-03-16 10:14:17.644]   PruningStorer.processPersistersToClose   [0;36mepochs to close[0m = [313] [0;36mbefore process[0m = [315 314 313] [0;36mafter process[0m = [315 314] 
[0;36mDEBUG[0m[2026-03-16 10:14:17.644]   makeDbPointerNilReturningLast            [0;36mpath[0m = TestOnly-Epoch_313/Shard_0/id [0;36mnilled pointer[0m = 0xc0005476c0 [0;36mglobal db counter[0m = 2 
[0;36mDEBUG[0m[2026-03-16 10:14:17.644]   processLoop - closing the leveldb process loop [0;36mpath[0m = TestOnly-Epoch_313/Shard_0/id 
[0;36mDEBUG[0m[2026-03-16 10:14:17.645]   batchTimeoutHandle - closing             [0;36mpath[0m = TestOnly-Epoch_313/Shard_0/id 
[0;36mDEBUG[0m[2026-03-16 10:14:17.646]   PruningStorer - change epoch             [0;36munit[0m = id [0;36mepoch[0m = 316 [0;36mbytes in cache[0m = 0 
[0;36mDEBUG[0m[2026-03-16 10:14:17.649]   opened serial level db persister         [0;36mpath[0m = TestOnly-Epoch_316/Shard_0/id [0;36mcreated pointer[0m = 0xc000141dc0 [0;36mglobal db counter[0m = 3 [0;36mNewSerialDB[0m = 0.0026s [0;36mmkdirAll[0m = 0.0001s [0;36mopenLevelDB[0m = 0.0025s 
[0;36mDEBUG[0m[2026-03-16 10:14:17.649]   PruningStorer.processPersistersToClose   [0;36mepochs to close[0m = [314] [0;36mbefore process[0m = [316 315 314] [0;36mafter process[0m = [316 315] 
[0;36mDEBUG[0m[2026-03-16 10:14:17.649]   makeDbPointerNilReturningLast            [0;36mpath[0m = TestOnly-Epoch_314/Shard_0/id [0;36mnilled pointer[0m = 0xc00033ba40 [0;36mglobal db counter[0m = 2 
[0;36mDEBUG[0m[2026-03-16 10:14:17.649]   processLoop - closing the leveldb process loop [0;36mpath[0m = TestOnly-Epoch_314/Shard_0/id 
[0;36mDEBUG[0m[2026-03-16 10:14:17.649]   batchTimeoutHandle - closing             [0;36mpath[0m = TestOnly-Epoch_314/Shard_0/id 
[0;36mDEBUG[0m[2026-03-16 10:14:17.651]   PruningStorer - change epoch             [0;36munit[0m = id [0;36mepoch[0m = 317 [0;36mbytes in cache[0m = 0 
[0;36mDEBUG[0m[2026-03-16 10:14:17.653]   opened serial level db persister         [0;36mpath[0m = TestOnly-Epoch_317/Shard_0/id [0;36mcreated pointer[0m = 0xc000544700 [0;36mglobal db counter[0m = 3 [0;36mNewSerialDB[0m = 0.0027s [0;36mmkdirAll[0m = 0.0002s [0;36mopenLevelDB[0m = 0.0025s 
[0;36mDEBUG[0m[2026-03-16 10:14:17.653]   PruningStorer.processPersistersToClose   [0;36mepochs to close[0m = [315] [0;36mbefore process[0m = [317 316 315] [0;36mafter process[0m = [317 316] 
[0;36mDEBUG[0m[2026-03-16 10:14:17.654]   makeDbPointerNilReturningLast            [0;36mpath[0m = TestOnly-Epoch_315/Shard_0/id [0;36mnilled pointer[0m = 0xc000141a40 [0;36mglobal db counter[0m = 2 
[0;36mDEBUG[0m[2026-03-16 10:14:17.654]   processLoop - closing the leveldb process loop [0;36mpath[0m = TestOnly-Epoch_315/Shard_0/id 
[0;36mDEBUG[0m[2026-03-16 10:14:17.654]   batchTimeoutHandle - closing             [0;36mpath[0m = TestOnly-Epoch_315/Shard_0/id 
[0;36mDEBUG[0m[2026-03-16 10:14:17.656]   PruningStorer - change epoch             [0;36munit[0m = id [0;36mepoch[0m = 318 [0;36mbytes in cache[0m = 0 
[0;36mDEBUG[0m[2026-03-16 10:14:17.659]   opened serial level db persister         [0;36mpath[0m = TestOnly-Epoch_318/Shard_0/id [0;36mcreated pointer[0m = 0xc000695500 [0;36mglobal db counter[0m = 3 [0;36mNewSerialDB[0m = 0.0032s [0;36mmkdirAll[0m = 0.0002s [0;36mopenLevelDB[0m = 0.0030s 
[0;36mDEBUG[0m[2026-03-16 10:14:17.659]   PruningStorer.processPersistersToClose   [0;36mepochs to close[0m = [316] [0;36mbefore process[0m = [318 317 316] [0;36mafter process[0m = [318 317] 
[0;36mDEBUG[0m[2026-03-16 10:14:17.659]   makeDbPointerNilReturningLast            [0;36mpath[0m = TestOnly-Epoch_316/Shard_0/id [0;36mnilled pointer[0m = 0xc000141dc0 [0;36mglobal db counter[0m = 2 
[0;36mDEBUG[0m[2026-03-16 10:14:17.659]   processLoop - closing the leveldb process loop [0;36mpath[0m = TestOnly-Epoch_316/Shard_0/id 
[0;36mDEBUG[0m[2026-03-16 10:14:17.659]   batchTimeoutHandle - closing             [0;36mpath[0m = TestOnly-Epoch_316/Shard_0/id 
[0;36mDEBUG[0m[2026-03-16 10:14:17.661]   PruningStorer - change epoch             [0;36munit[0m = id [0;36mepoch[0m = 319 [0;36mbytes in cache[0m = 0 
[0;36mDEBUG[0m[2026-03-16 10:14:17.663]   opened serial level db persister         [0;36mpath[0m = TestOnly-Epoch_319/Shard_0/id [0;36mcreated pointer[0m = 0xc000141880 [0;36mglobal db counter[0m = 3 [0;36mNewSerialDB[0m = 0.0025s [0;36mmkdirAll[0m = 0.0002s [0;36mopenLevelDB[0m = 0.0023s 
[0;36mDEBUG[0m[2026-03-16 10:14:17.663]   PruningStorer.processPersistersToClose   [0;36mepochs to close[0m = [317] [0;36mbefore process[0m = [319 318 317] [0;36mafter process[0m = [319 318] 
[0;36mDEBUG[0m[2026-03-16 10:14:17.664]   makeDbPointerNilReturningLast            [0;36mpath[0m = TestOnly-Epoch_317/Shard_0/id [0;36mnilled pointer[0m = 0xc000544700 [0;36mglobal db counter[0m = 2 
[0;36mDEBUG[0m[2026-03-16 10:14:17.664]   processLoop - closing the leveldb process loop [0;36mpath[0m = TestOnly-Epoch_317/Shard_0/id 
[0;36mDEBUG[0m[2026-03-16 10:14:17.664]   batchTimeoutHandle - closing             [0;36mpath[0m = TestOnly-Epoch_317/Shard_0/id 
[0;36mDEBUG[0m[2026-03-16 10:14:17.665]   PruningStorer - change epoch             [0;36munit[0m = id [0;36mepoch[0m = 320 [0;36mbytes in cache[0m = 0 
[0;36mDEBUG[0m[2026-03-16 10:14:17.668]   opened serial level db persister         [0;36mpath[0m = TestOnly-Epoch_320/Shard_0/id [0;36mcreated pointer[0m = 0xc000544380 [0;36mglobal db counter[0m = 3 [0;36mNewSerialDB[0m = 0.0025s [0;36mmkdirAll[0m = 0.0001s [0;36mopenLevelDB[0m = 0.0024s 
[0;36mDEBUG[0m[2026-03-16 10:14:17.668]   PruningStorer.processPersistersToClose   [0;36mepochs to close[0m = [318] [0;36mbefore process[0m = [320 319 318] [0;36mafter process[0m = [320 319] 
[0;36mDEBUG[0m[2026-03-16 10:14:17.668]   makeDbPointerNilReturningLast            [0;36mpath[0m = TestOnly-Epoch_318/Shard_0/id [0;36mnilled pointer[0m = 0xc000695500 [0;36mglobal db counter[0m = 2 
[0;36mDEBUG[0m[2026-03-16 10:14:17.668]   processLoop - closing the leveldb process loop [0;36mpath[0m = TestOnly-Epoch_318/Shard_0/id 
[0;36mDEBUG[0m[2026-03-16 10:14:17.668]   batchTimeoutHandle - closing             [0;36mpath[0m = TestOnly-Epoch_318/Shard_0/id 
[0;36mDEBUG[0m[2026-03-16 10:14:17.669]   PruningStorer - change epoch             [0;36munit[0m = id [0;36mepoch[0m = 321 [0;36mbytes in cache[0m = 0 
[0;36mDEBUG[0m[2026-03-16 10:14:17.672]   opened serial level db persister         [0;36mpath[0m = TestOnly-Epoch_321/Shard_0/id [0;36mcreated pointer[0m = 0xc000170a80 [0;36mglobal db counter[0m = 3 [0;36mNewSerialDB[0m = 0.0023s [0;36mmkdirAll[0m = 0.0001s [0;36mopenLevelDB[0m = 0.0022s 
[0;36mDEBUG[0m[2026-03-16 10:14:17.672]   PruningStorer.processPersistersToClose   [0;36mepochs to close[0m = [319] [0;36mbefore process[0m = [321 320 319] [0;36mafter process[0m = [321 320] 
[0;36mDEBUG[0m[2026-03-16 10:14:17.672]   makeDbPointerNilReturningLast            [0;36mpath[0m = TestOnly-Epoch_319/Shard_0/id [0;36mnilled pointer[0m = 0xc000141880 [0;36mglobal db counter[0m = 2 
[0;36mDEBUG[0m[2026-03-16 10:14:17.672]   processLoop - closing the leveldb process loop [0;36mpath[0m = TestOnly-Epoch_319/Shard_0/id 
[0;36mDEBUG[0m[2026-03-16 10:14:17.672]   batchTimeoutHandle - closing             [0;36mpath[0m = TestOnly-Epoch_319/Shard_0/id 
[0;36mDEBUG[0m[2026-03-16 10:14:17.673]   PruningStorer - change epoch             [0;36munit[0m = id [0;36mepoch[0m = 322 [0;36mbytes in cache[0m = 0 
[0;36mDEBUG[0m[2026-03-16 10:14:17.677]   opened serial level db persister         [0;36mpath[0m = TestOnly-Epoch_322/Shard_0/id [0;36mcreated pointer[0m = 0xc0005d5180 [0;36mglobal db counter[0m = 3 [0;36mNewSerialDB[0m = 0.0034s [0;36mmkdirAll[0m = 0.0002s [0;36mopenLevelDB[0m = 0.0033s 
[0;36mDEBUG[0m[2026-03-16 10:14:17.677]   PruningStorer.processPersistersToClose   [0;36mepochs to close[0m = [320] [0;36mbefore process[0m = [322 321 320] [0;36mafter process[0m = [322 321] 
[0;36mDEBUG[0m[2026-03-16 10:14:17.677]   makeDbPointerNilReturningLast            [0;36mpath[0m = TestOnly-Epoch_320/Shard_0/id [0;36mnilled pointer[0m = 0xc000544380 [0;36mglobal db counter[0m = 2 
[0;36mDEBUG[0m[2026-03-16 10:14:17.677]   processLoop - closing the leveldb process loop [0;36mpath[0m = TestOnly-Epoch_320/Shard_0/id 
[0;36mDEBUG[0m[2026-03-16 10:14:17.677]   batchTimeoutHandle - closing             [0;36mpath[0m = TestOnly-Epoch_320/Shard_0/id 
[0;36mDEBUG[0m[2026-03-16 10:14:17.679]   PruningStorer - change epoch             [0;36munit[0m = id [0;36mepoch[0m = 323 [0;36mbytes in cache[0m = 0 
[0;36mDEBUG[0m[2026-03-16 10:14:17.681]   opened serial level db persister         [0;36mpath[0m = TestOnly-Epoch_323/Shard_0/id [0;36mcreated pointer[0m = 0xc0006948c0 [0;36mglobal db counter[0m = 3 [0;36mNewSerialDB[0m = 0.0025s [0;36mmkdirAll[0m = 0.0002s [0;36mopenLevelDB[0m = 0.0023s 
[0;36mDEBUG[0m[2026-03-16 10:14:17.681]   PruningStorer.processPersistersToClose   [0;36mepochs to close[0m = [321] [0;36mbefore process[0m = [323 322 321] [0;36mafter process[0m = [323 322] 
[0;36mDEBUG[0m[2026-03-16 10:14:17.682]   makeDbPointerNilReturningLast            [0;36mpath[0m = TestOnly-Epoch_321/Shard_0/id [0;36mnilled pointer[0m = 0xc000170a80 [0;36mglobal db counter[0m = 2 
[0;36mDEBUG[0m[2026-03-16 10:14:17.682]   processLoop - closing the leveldb process loop [0;36mpath[0m = TestOnly-Epoch_321/Shard_0/id 
[0;36mDEBUG[0m[2026-03-16 10:14:17.682]   batchTimeoutHandle - closing             [0;36mpath[0m = TestOnly-Epoch_321/Shard_0/id 
[0;36mDEBUG[0m[2026-03-16 10:14:17.683]   PruningStorer - change epoch             [0;36munit[0m = id [0;36mepoch[0m = 324 [0;36mbytes in cache[0m = 0 
[0;36mDEBUG[0m[2026-03-16 10:14:17.685]   opened serial level db persister         [0;36mpath[0m = TestOnly-Epoch_324/Shard_0/id [0;36mcreated pointer[0m = 0xc000141c00 [0;36mglobal db counter[0m = 3 [0;36mNewSerialDB[0m = 0.0024s [0;36mmkdirAll[0m = 0.0002s [0;36mopenLevelDB[0m = 0.0023s 
[0;36mDEBUG[0m[2026-03-16 10:14:17.685]   PruningStorer.processPersistersToClose   [0;36mepochs to close[0m = [322] [0;36mbefore process[0m = [324 323 322] [0;36mafter process[0m = [324 323] 
[0;36mDEBUG[0m[2026-03-16 10:14:17.686]   makeDbPointerNilReturningLast            [0;36mpath[0m = TestOnly-Epoch_322/Shard_0/id [0;36mnilled pointer[0m = 0xc0005d5180 [0;36mglobal db counter[0m = 2 
[0;36mDEBUG[0m[2026-03-16 10:14:17.686]   processLoop - closing the leveldb process loop [0;36mpath[0m = TestOnly-Epoch_322/Shard_0/id 
[0;36mDEBUG[0m[2026-03-16 10:14:17.686]   batchTimeoutHandle - closing             [0;36mpath[0m = TestOnly-Epoch_322/Shard_0/id 
[0;36mDEBUG[0m[2026-03-16 10:14:17.687]   PruningStorer - change epoch             [0;36munit[0m = id [0;36mepoch[0m = 325 [0;36mbytes in cache[0m = 0 
[0;36mDEBUG[0m[2026-03-16 10:14:17.689]   opened serial level db persister         [0;36mpath[0m = TestOnly-Epoch_325/Shard_0/id [0;36mcreated pointer[0m = 0xc000584c40 [0;36mglobal db counter[0m = 3 [0;36mNewSerialDB[0m = 0.0023s [0;36mmkdirAll[0m = 0.0002s [0;36mopenLevelDB[0m = 0.0021s 
[0;36mDEBUG[0m[2026-03-16 10:14:17.689]   PruningStorer.processPersistersToClose   [0;36mepochs to close[0m = [323] [0;36mbefore process[0m = [325 324 323] [0;36mafter process[0m = [325 324] 
[0;36mDEBUG[0m[2026-03-16 10:14:17.689]   makeDbPointerNilReturningLast            [0;36mpath[0m = TestOnly-Epoch_323/Shard_0/id [0;36mnilled pointer[0m = 0xc0006948c0 [0;36mglobal db counter[0m = 2 
[0;36mDEBUG[0m[2026-03-16 10:14:17.689]   processLoop - closing the leveldb process loop [0;36mpath[0m = TestOnly-Epoch_323/Shard_0/id 
[0;36mDEBUG[0m[2026-03-16 10:14:17.689]   batchTimeoutHandle - closing             [0;36mpath[0m = TestOnly-Epoch_323/Shard_0/id 
[0;36mDEBUG[0m[2026-03-16 10:14:17.691]   PruningStorer - change epoch             [0;36munit[0m = id [0;36mepoch[0m = 326 [0;36mbytes in cache[0m = 0 
[0;36mDEBUG[0m[2026-03-16 10:14:17.693]   opened serial level db persister         [0;36mpath[0m = TestOnly-Epoch_326/Shard_0/id [0;36mcreated pointer[0m = 0xc000513500 [0;36mglobal db counter[0m = 3 [0;36mNewSerialDB[0m = 0.0027s [0;36mmkdirAll[0m = 0.0002s [0;36mopenLevelDB[0m = 0.0025s 
[0;36mDEBUG[0m[2026-03-16 10:14:17.693]   PruningStorer.processPersistersToClose   [0;36mepochs to close[0m = [324] [0;36mbefore process[0m = [326 325 324] [0;36mafter process[0m = [326 325] 
[0;36mDEBUG[0m[2026-03-16 10:14:17.694]   makeDbPointerNilReturningLast            [0;36mpath[0m = TestOnly-Epoch_324/Shard_0/id [0;36mnilled pointer[0m = 0xc000141c00 [0;36mglobal db counter[0m = 2 
[0;36mDEBUG[0m[2026-03-16 10:14:17.694]   processLoop - closing the leveldb process loop [0;36mpath[0m = TestOnly-Epoch_324/Shard_0/id 
[0;36mDEBUG[0m[2026-03-16 10:14:17.694]   batchTimeoutHandle - closing             [0;36mpath[0m = TestOnly-Epoch_324/Shard_0/id 
[0;36mDEBUG[0m[2026-03-16 10:14:17.696]   PruningStorer - change epoch             [0;36munit[0m = id [0;36mepoch[0m = 327 [0;36mbytes in cache[0m = 0 
[0;36mDEBUG[0m[2026-03-16 10:14:17.698]   opened serial level db persister         [0;36mpath[0m = TestOnly-Epoch_327/Shard_0/id [0;36mcreated pointer[0m = 0xc000585340 [0;36mglobal db counter[0m = 3 [0;36mNewSerialDB[0m = 0.0023s [0;36mmkdirAll[0m = 0.0002s [0;36mopenLevelDB[0m = 0.0022s 
[0;36mDEBUG[0m[2026-03-16 10:14:17.698]   PruningStorer.processPersistersToClose   [0;36mepochs to close[0m = [325] [0;36mbefore process[0m = [327 326 325] [0;36mafter process[0m = [327 326] 
[0;36mDEBUG[0m[2026-03-16 10:14:17.699]   makeDbPointerNilReturningLast            [0;36mpath[0m = TestOnly-Epoch_325/Shard_0/id [0;36mnilled pointer[0m = 0xc000584c40 [0;36mglobal db counter[0m = 2 
[0;36mDEBUG[0m[2026-03-16 10:14:17.699]   processLoop - closing the leveldb process loop [0;36mpath[0m = TestOnly-Epoch_325/Shard_0/id 
[0;36mDEBUG[0m[2026-03-16 10:14:17.699]   batchTimeoutHandle - closing             [0;36mpath[0m = TestOnly-Epoch_325/Shard_0/id 
[0;36mDEBUG[0m[2026-03-16 10:14:17.700]   PruningStorer - change epoch             [0;36munit[0m = id [0;36mepoch[0m = 328 [0;36mbytes in cache[0m = 0 
[0;36mDEBUG[0m[2026-03-16 10:14:17.702]   opened serial level db persister         [0;36mpath[0m = TestOnly-Epoch_328/Shard_0/id [0;36mcreated pointer[0m = 0xc000513880 [0;36mglobal db counter[0m = 3 [0;36mNewSerialDB[0m = 0.0025s [0;36mmkdirAll[0m = 0.0001s [0;36mopenLevelDB[0m = 0.0024s 
[0;36mDEBUG[0m[2026-03-16 10:14:17.702]   PruningStorer.processPersistersToClose   [0;36mepochs to close[0m = [326] [0;36mbefore process[0m = [328 327 326] [0;36mafter process[0m = [328 327] 
[0;36mDEBUG[0m[2026-03-16 10:14:17.703]   makeDbPointerNilReturningLast            [0;36mpath[0m = TestOnly-Epoch_326/Shard_0/id [0;36mnilled pointer[0m = 0xc000513500 [0;36mglobal db counter[0m = 2 
[0;36mDEBUG[0m[2026-03-16 10:14:17.703]   processLoop - closing the leveldb process loop [0;36mpath[0m = TestOnly-Epoch_326/Shard_0/id 
[0;36mDEBUG[0m[2026-03-16 10:14:17.703]   batchTimeoutHandle - closing             [0;36mpath[0m = TestOnly-Epoch_326/Shard_0/id 
[0;36mDEBUG[0m[2026-03-16 10:14:17.704]   PruningStorer - change epoch             [0;36munit[0m = id [0;36mepoch[0m = 329 [0;36mbytes in cache[0m = 0 
[0;36mDEBUG[0m[2026-03-16 10:14:17.710]   opened serial level db persister         [0;36mpath[0m = TestOnly-Epoch_329/Shard_0/id [0;36mcreated pointer[0m = 0xc000170c40 [0;36mglobal db counter[0m = 3 [0;36mNewSerialDB[0m = 0.0053s [0;36mmkdirAll[0m = 0.0003s [0;36mopenLevelDB[0m = 0.0051s 
[0;36mDEBUG[0m[2026-03-16 10:14:17.710]   PruningStorer.processPersistersToClose   [0;36mepochs to close[0m = [327] [0;36mbefore process[0m = [329 328 327] [0;36mafter process[0m = [329 328] 
[0;36mDEBUG[0m[2026-03-16 10:14:17.710]   makeDbPointerNilReturningLast            [0;36mpath[0m = TestOnly-Epoch_327/Shard_0/id [0;36mnilled pointer[0m = 0xc000585340 [0;36mglobal db counter[0m = 2 
[0;36mDEBUG[0m[2026-03-16 10:14:17.710]   processLoop - closing the leveldb process loop [0;36mpath[0m = TestOnly-Epoch_327/Shard_0/id 
[0;36mDEBUG[0m[2026-03-16 10:14:17.710]   batchTimeoutHandle - closing             [0;36mpath[0m = TestOnly-Epoch_327/Shard_0/id 
[0;36mDEBUG[0m[2026-03-16 10:14:17.712]   PruningStorer - change epoch             [0;36munit[0m = id [0;36mepoch[0m = 330 [0;36mbytes in cache[0m = 0 
[0;36mDEBUG[0m[2026-03-16 10:14:17.721]   opened serial level db persister         [0;36mpath[0m = TestOnly-Epoch_330/Shard_0/id [0;36mcreated pointer[0m = 0xc000513c00 [0;36mglobal db counter[0m = 3 [0;36mNewSerialDB[0m = 0.0094s [0;36mmkdirAll[0m = 0.0002s [0;36mopenLevelDB[0m = 0.0092s 
[0;36mDEBUG[0m[2026-03-16 10:14:17.721]   PruningStorer.processPersistersToClose   [0;36mepochs to close[0m = [328] [0;36mbefore process[0m = [330 329 328] [0;36mafter process[0m = [330 329] 
[0;36mDEBUG[0m[2026-03-16 10:14:17.724]   makeDbPointerNilReturningLast            [0;36mpath[0m = TestOnly-Epoch_328/Shard_0/id [0;36mnilled pointer[0m = 0xc000513880 [0;36mglobal db counter[0m = 2 
[0;36mDEBUG[0m[2026-03-16 10:14:17.724]   processLoop - closing the leveldb process loop [0;36mpath[0m = TestOnly-Epoch_328/Shard_0/id 
[0;36mDEBUG[0m[2026-03-16 10:14:17.724]   batchTimeoutHandle - closing             [0;36mpath[0m = TestOnly-Epoch_328/Shard_0/id 
[0;36mDEBUG[0m[2026-03-16 10:14:17.726]   PruningStorer - change epoch             [0;36munit[0m = id [0;36mepoch[0m = 331 [0;36mbytes in cache[0m = 0 
[0;36mDEBUG[0m[2026-03-16 10:14:17.729]   opened serial level db persister         [0;36mpath[0m = TestOnly-Epoch_331/Shard_0/id [0;36mcreated pointer[0m = 0xc000170fc0 [0;36mglobal db counter[0m = 3 [0;36mNewSerialDB[0m = 0.0034s [0;36mmkdirAll[0m = 0.0002s [0;36mopenLevelDB[0m = 0.0031s 
[0;36mDEBUG[0m[2026-03-16 10:14:17.729]   PruningStorer.processPersistersToClose   [0;36mepochs to close[0m = [329] [0;36mbefore process[0m = [331 330 329] [0;36mafter process[0m = [331 330] 
[0;36mDEBUG[0m[2026-03-16 10:14:17.730]   makeDbPointerNilReturningLast            [0;36mpath[0m = TestOnly-Epoch_329/Shard_0/id [0;36mnilled pointer[0m = 0xc000170c40 [0;36mglobal db counter[0m = 2 
[0;36mDEBUG[0m[2026-03-16 10:14:17.730]   processLoop - closing the leveldb process loop [0;36mpath[0m = TestOnly-Epoch_329/Shard_0/id 
[0;36mDEBUG[0m[2026-03-16 10:14:17.730]   batchTimeoutHandle - closing             [0;36mpath[0m = TestOnly-Epoch_329/Shard_0/id 
[0;36mDEBUG[0m[2026-03-16 10:14:17.731]   PruningStorer - change epoch             [0;36munit[0m = id [0;36mepoch[0m = 332 [0;36mbytes in cache[0m = 0 
[0;36mDEBUG[0m[2026-03-16 10:14:17.734]   opened serial level db persister         [0;36mpath[0m = TestOnly-Epoch_332/Shard_0/id [0;36mcreated pointer[0m = 0xc0005136c0 [0;36mglobal db counter[0m = 3 [0;36mNewSerialDB[0m = 0.0026s [0;36mmkdirAll[0m = 0.0002s [0;36mopenLevelDB[0m = 0.0025s 
[0;36mDEBUG[0m[2026-03-16 10:14:17.734]   PruningStorer.processPersistersToClose   [0;36mepochs to close[0m = [330] [0;36mbefore process[0m = [332 331 330] [0;36mafter process[0m = [332 331] 
[0;36mDEBUG[0m[2026-03-16 10:14:17.734]   makeDbPointerNilReturningLast            [0;36mpath[0m = TestOnly-Epoch_330/Shard_0/id [0;36mnilled pointer[0m = 0xc000513c00 [0;36mglobal db counter[0m = 2 
[0;36mDEBUG[0m[2026-03-16 10:14:17.734]   processLoop - closing the leveldb process loop [0;36mpath[0m = TestOnly-Epoch_330/Shard_0/id 
[0;36mDEBUG[0m[2026-03-16 10:14:17.734]   batchTimeoutHandle - closing             [0;36mpath[0m = TestOnly-Epoch_330/Shard_0/id 
[0;36mDEBUG[0m[2026-03-16 10:14:17.736]   PruningStorer - change epoch             [0;36munit[0m = id [0;36mepoch[0m = 333 [0;36mbytes in cache[0m = 0 
[0;36mDEBUG[0m[2026-03-16 10:14:17.738]   opened serial level db persister         [0;36mpath[0m = TestOnly-Epoch_333/Shard_0/id [0;36mcreated pointer[0m = 0xc0005d4e00 [0;36mglobal db counter[0m = 3 [0;36mNewSerialDB[0m = 0.0027s [0;36mmkdirAll[0m = 0.0002s [0;36mopenLevelDB[0m = 0.0025s 
[0;36mDEBUG[0m[2026-03-16 10:14:17.738]   PruningStorer.processPersistersToClose   [0;36mepochs to close[0m = [331] [0;36mbefore process[0m = [333 332 331] [0;36mafter process[0m = [333 332] 
[0;36mDEBUG[0m[2026-03-16 10:14:17.739]   makeDbPointerNilReturningLast            [0;36mpath[0m = TestOnly-Epoch_331/Shard_0/id [0;36mnilled pointer[0m = 0xc000170fc0 [0;36mglobal db counter[0m = 2 
[0;36mDEBUG[0m[2026-03-16 10:14:17.739]   processLoop - closing the leveldb process loop [0;36mpath[0m = TestOnly-Epoch_331/Shard_0/id 
[0;36mDEBUG[0m[2026-03-16 10:14:17.739]   batchTimeoutHandle - closing             [0;36mpath[0m = TestOnly-Epoch_331/Shard_0/id 
[0;36mDEBUG[0m[2026-03-16 10:14:17.740]   PruningStorer - change epoch             [0;36munit[0m = id [0;36mepoch[0m = 334 [0;36mbytes in cache[0m = 0 
[0;36mDEBUG[0m[2026-03-16 10:14:17.744]   opened serial level db persister         [0;36mpath[0m = TestOnly-Epoch_334/Shard_0/id [0;36mcreated pointer[0m = 0xc000695dc0 [0;36mglobal db counter[0m = 3 [0;36mNewSerialDB[0m = 0.0038s [0;36mmkdirAll[0m = 0.0002s [0;36mopenLevelDB[0m = 0.0036s 
[0;36mDEBUG[0m[2026-03-16 10:14:17.744]   PruningStorer.processPersistersToClose   [0;36mepochs to close[0m = [332] [0;36mbefore process[0m = [334 333 332] [0;36mafter process[0m = [334 333] 
[0;36mDEBUG[0m[2026-03-16 10:14:17.745]   makeDbPointerNilReturningLast            [0;36mpath[0m = TestOnly-Epoch_332/Shard_0/id [0;36mnilled pointer[0m = 0xc0005136c0 [0;36mglobal db counter[0m = 2 
[0;36mDEBUG[0m[2026-03-16 10:14:17.745]   processLoop - closing the leveldb process loop [0;36mpath[0m = TestOnly-Epoch_332/Shard_0/id 
[0;36mDEBUG[0m[2026-03-16 10:14:17.745]   batchTimeoutHandle - closing             [0;36mpath[0m = TestOnly-Epoch_332/Shard_0/id 
[0;36mDEBUG[0m[2026-03-16 10:14:17.746]   PruningStorer - change epoch             [0;36munit[0m = id [0;36mepoch[0m = 335 [0;36mbytes in cache[0m = 0 
[0;36mDEBUG[0m[2026-03-16 10:14:17.749]   opened serial level db persister         [0;36mpath[0m = TestOnly-Epoch_335/Shard_0/id [0;36mcreated pointer[0m = 0xc000544fc0 [0;36mglobal db counter[0m = 3 [0;36mNewSerialDB[0m = 0.0034s [0;36mmkdirAll[0m = 0.0002s [0;36mopenLevelDB[0m = 0.0032s 
[0;36mDEBUG[0m[2026-03-16 10:14:17.749]   PruningStorer.processPersistersToClose   [0;36mepochs to close[0m = [333] [0;36mbefore process[0m = [335 334 333] [0;36mafter process[0m = [335 334] 
[0;36mDEBUG[0m[2026-03-16 10:14:17.750]   makeDbPointerNilReturningLast            [0;36mpath[0m = TestOnly-Epoch_333/Shard_0/id [0;36mnilled pointer[0m = 0xc0005d4e00 [0;36mglobal db counter[0m = 2 
[0;36mDEBUG[0m[2026-03-16 10:14:17.750]   processLoop - closing the leveldb process loop [0;36mpath[0m = TestOnly-Epoch_333/Shard_0/id 
[0;36mDEBUG[0m[2026-03-16 10:14:17.750]   batchTimeoutHandle - closing             [0;36mpath[0m = TestOnly-Epoch_333/Shard_0/id 
[0;36mDEBUG[0m[2026-03-16 10:14:17.751]   PruningStorer - change epoch             [0;36munit[0m = id [0;36mepoch[0m = 336 [0;36mbytes in cache[0m = 0 
[0;36mDEBUG[0m[2026-03-16 10:14:17.754]   opened serial level db persister         [0;36mpath[0m = TestOnly-Epoch_336/Shard_0/id [0;36mcreated pointer[0m = 0xc000513340 [0;36mglobal db counter[0m = 3 [0;36mNewSerialDB[0m = 0.0028s [0;36mmkdirAll[0m = 0.0002s [0;36mopenLevelDB[0m = 0.0026s 
[0;36mDEBUG[0m[2026-03-16 10:14:17.754]   PruningStorer.processPersistersToClose   [0;36mepochs to close[0m = [334] [0;36mbefore process[0m = [336 335 334] [0;36mafter process[0m = [336 335] 
[0;36mDEBUG[0m[2026-03-16 10:14:17.755]   makeDbPointerNilReturningLast            [0;36mpath[0m = TestOnly-Epoch_334/Shard_0/id [0;36mnilled pointer[0m = 0xc000695dc0 [0;36mglobal db counter[0m = 2 
[0;36mDEBUG[0m[2026-03-16 10:14:17.755]   processLoop - closing the leveldb process loop [0;36mpath[0m = TestOnly-Epoch_334/Shard_0/id 
[0;36mDEBUG[0m[2026-03-16 10:14:17.755]   batchTimeoutHandle - closing             [0;36mpath[0m = TestOnly-Epoch_334/Shard_0/id 
[0;36mDEBUG[0m[2026-03-16 10:14:17.756]   PruningStorer - change epoch             [0;36munit[0m = id [0;36mepoch[0m = 337 [0;36mbytes in cache[0m = 0 
[0;36mDEBUG[0m[2026-03-16 10:14:17.759]   opened serial level db persister         [0;36mpath[0m = TestOnly-Epoch_337/Shard_0/id [0;36mcreated pointer[0m = 0xc0005d5340 [0;36mglobal db counter[0m = 3 [0;36mNewSerialDB[0m = 0.0029s [0;36mmkdirAll[0m = 0.0002s [0;36mopenLevelDB[0m = 0.0026s 
[0;36mDEBUG[0m[2026-03-16 10:14:17.759]   PruningStorer.processPersistersToClose   [0;36mepochs to close[0m = [335] [0;36mbefore process[0m = [337 336 335] [0;36mafter process[0m = [337 336] 
[0;36mDEBUG[0m[2026-03-16 10:14:17.759]   makeDbPointerNilReturningLast            [0;36mpath[0m = TestOnly-Epoch_335/Shard_0/id [0;36mnilled pointer[0m = 0xc000544fc0 [0;36mglobal db counter[0m = 2 
[0;36mDEBUG[0m[2026-03-16 10:14:17.760]   processLoop - closing the leveldb process loop [0;36mpath[0m = TestOnly-Epoch_335/Shard_0/id 
[0;36mDEBUG[0m[2026-03-16 10:14:17.760]   batchTimeoutHandle - closing             [0;36mpath[0m = TestOnly-Epoch_335/Shard_0/id 
[0;36mDEBUG[0m[2026-03-16 10:14:17.761]   PruningStorer - change epoch             [0;36munit[0m = id [0;36mepoch[0m = 338 [0;36mbytes in cache[0m = 0 
[0;36mDEBUG[0m[2026-03-16 10:14:17.766]   opened serial level db persister         [0;36mpath[0m = TestOnly-Epoch_338/Shard_0/id [0;36mcreated pointer[0m = 0xc0006841c0 [0;36mglobal db counter[0m = 3 [0;36mNewSerialDB[0m = 0.0049s [0;36mmkdirAll[0m = 0.0002s [0;36mopenLevelDB[0m = 0.0047s 
[0;36mDEBUG[0m[2026-03-16 10:14:17.766]   PruningStorer.processPersistersToClose   [0;36mepochs to close[0m = [336] [0;36mbefore process[0m = [338 337 336] [0;36mafter process[0m = [338 337] 
[0;36mDEBUG[0m[2026-03-16 10:14:17.772]   makeDbPointerNilReturningLast            [0;36mpath[0m = TestOnly-Epoch_336/Shard_0/id [0;36mnilled pointer[0m = 0xc000513340 [0;36mglobal db counter[0m = 2 
[0;36mDEBUG[0m[2026-03-16 10:14:17.772]   processLoop - closing the leveldb process loop [0;36mpath[0m = TestOnly-Epoch_336/Shard_0/id 
[0;36mDEBUG[0m[2026-03-16 10:14:17.772]   batchTimeoutHandle - closing             [0;36mpath[0m = TestOnly-Epoch_336/Shard_0/id 
[0;36mDEBUG[0m[2026-03-16 10:14:17.774]   PruningStorer - change epoch             [0;36munit[0m = id [0;36mepoch[0m = 339 [0;36mbytes in cache[0m = 0 
[0;36mDEBUG[0m[2026-03-16 10:14:17.778]   opened serial level db persister         [0;36mpath[0m = TestOnly-Epoch_339/Shard_0/id [0;36mcreated pointer[0m = 0xc000684540 [0;36mglobal db counter[0m = 3 [0;36mNewSerialDB[0m = 0.0032s [0;36mmkdirAll[0m = 0.0002s [0;36mopenLevelDB[0m = 0.0030s 
[0;36mDEBUG[0m[2026-03-16 10:14:17.778]   PruningStorer.processPersistersToClose   [0;36mepochs to close[0m = [337] [0;36mbefore process[0m = [339 338 337] [0;36mafter process[0m = [339 338] 
[0;36mDEBUG[0m[2026-03-16 10:14:17.778]   makeDbPointerNilReturningLast            [0;36mpath[0m = TestOnly-Epoch_337/Shard_0/id [0;36mnilled pointer[0m = 0xc0005d5340 [0;36mglobal db counter[0m = 2 
[0;36mDEBUG[0m[2026-03-16 10:14:17.778]   processLoop - closing the leveldb process loop [0;36mpath[0m = TestOnly-Epoch_337/Shard_0/id 
[0;36mDEBUG[0m[2026-03-16 10:14:17.778]   batchTimeoutHandle - closing             [0;36mpath[0m = TestOnly-Epoch_337/Shard_0/id 
[0;36mDEBUG[0m[2026-03-16 10:14:17.779]   PruningStorer - change epoch             [0;36munit[0m = id [0;36mepoch[0m = 340 [0;36mbytes in cache[0m = 0 
[0;36mDEBUG[0m[2026-03-16 10:14:17.784]   opened serial level db persister         [0;36mpath[0m = TestOnly-Epoch_340/Shard_0/id [0;36mcreated pointer[0m = 0xc0005d5880 [0;36mglobal db counter[0m = 3 [0;36mNewSerialDB[0m = 0.0045s [0;36mmkdirAll[0m = 0.0002s [0;36mopenLevelDB[0m = 0.0043s 
[0;36mDEBUG[0m[2026-03-16 10:14:17.784]   PruningStorer.processPersistersToClose   [0;36mepochs to close[0m = [338] [0;36mbefore process[0m = [340 339 338] [0;36mafter process[0m = [340 339] 
[0;36mDEBUG[0m[2026-03-16 10:14:17.785]   makeDbPointerNilReturningLast            [0;36mpath[0m = TestOnly-Epoch_338/Shard_0/id [0;36mnilled pointer[0m = 0xc0006841c0 [0;36mglobal db counter[0m = 2 
[0;36mDEBUG[0m[2026-03-16 10:14:17.785]   processLoop - closing the leveldb process loop [0;36mpath[0m = TestOnly-Epoch_338/Shard_0/id 
[0;36mDEBUG[0m[2026-03-16 10:14:17.785]   batchTimeoutHandle - closing             [0;36mpath[0m = TestOnly-Epoch_338/Shard_0/id 
[0;36mDEBUG[0m[2026-03-16 10:14:17.786]   PruningStorer - change epoch             [0;36munit[0m = id [0;36mepoch[0m = 341 [0;36mbytes in cache[0m = 0 
[0;36mDEBUG[0m[2026-03-16 10:14:17.792]   opened serial level db persister         [0;36mpath[0m = TestOnly-Epoch_341/Shard_0/id [0;36mcreated pointer[0m = 0xc0002ebdc0 [0;36mglobal db counter[0m = 3 [0;36mNewSerialDB[0m = 0.0061s [0;36mmkdirAll[0m = 0.0002s [0;36mopenLevelDB[0m = 0.0059s 
[0;36mDEBUG[0m[2026-03-16 10:14:17.792]   PruningStorer.processPersistersToClose   [0;36mepochs to close[0m = [339] [0;36mbefore process[0m = [341 340 339] [0;36mafter process[0m = [341 340] 
[0;36mDEBUG[0m[2026-03-16 10:14:17.793]   makeDbPointerNilReturningLast            [0;36mpath[0m = TestOnly-Epoch_339/Shard_0/id [0;36mnilled pointer[0m = 0xc000684540 [0;36mglobal db counter[0m = 2 
[0;36mDEBUG[0m[2026-03-16 10:14:17.793]   processLoop - closing the leveldb process loop [0;36mpath[0m = TestOnly-Epoch_339/Shard_0/id 
[0;36mDEBUG[0m[2026-03-16 10:14:17.793]   batchTimeoutHandle - closing             [0;36mpath[0m = TestOnly-Epoch_339/Shard_0/id 
[0;36mDEBUG[0m[2026-03-16 10:14:17.794]   PruningStorer - change epoch             [0;36munit[0m = id [0;36mepoch[0m = 342 [0;36mbytes in cache[0m = 0 
[0;36mDEBUG[0m[2026-03-16 10:14:17.804]   opened serial level db persister         [0;36mpath[0m = TestOnly-Epoch_342/Shard_0/id [0;36mcreated pointer[0m = 0xc0006848c0 [0;36mglobal db counter[0m = 3 [0;36mNewSerialDB[0m = 0.0095s [0;36mmkdirAll[0m = 0.0002s [0;36mopenLevelDB[0m = 0.0093s 
[0;36mDEBUG[0m[2026-03-16 10:14:17.804]   PruningStorer.processPersistersToClose   [0;36mepochs to close[0m = [340] [0;36mbefore process[0m = [342 341 340] [0;36mafter process[0m = [342 341] 
[0;36mDEBUG[0m[2026-03-16 10:14:17.805]   makeDbPointerNilReturningLast            [0;36mpath[0m = TestOnly-Epoch_340/Shard_0/id [0;36mnilled pointer[0m = 0xc0005d5880 [0;36mglobal db counter[0m = 2 
[0;36mDEBUG[0m[2026-03-16 10:14:17.805]   processLoop - closing the leveldb process loop [0;36mpath[0m = TestOnly-Epoch_340/Shard_0/id 
[0;36mDEBUG[0m[2026-03-16 10:14:17.805]   batchTimeoutHandle - closing             [0;36mpath[0m = TestOnly-Epoch_340/Shard_0/id 
[0;36mDEBUG[0m[2026-03-16 10:14:17.809]   PruningStorer - change epoch             [0;36munit[0m = id [0;36mepoch[0m = 343 [0;36mbytes in cache[0m = 0 
[0;36mDEBUG[0m[2026-03-16 10:14:17.813]   opened serial level db persister         [0;36mpath[0m = TestOnly-Epoch_343/Shard_0/id [0;36mcreated pointer[0m = 0xc0005d5c00 [0;36mglobal db counter[0m = 3 [0;36mNewSerialDB[0m = 0.0033s [0;36mmkdirAll[0m = 0.0002s [0;36mopenLevelDB[0m = 0.0031s 
[0;36mDEBUG[0m[2026-03-16 10:14:17.813]   PruningStorer.processPersistersToClose   [0;36mepochs to close[0m = [341] [0;36mbefore process[0m = [343 342 341] [0;36mafter process[0m = [343 342] 
[0;36mDEBUG[0m[2026-03-16 10:14:17.813]   makeDbPointerNilReturningLast            [0;36mpath[0m = TestOnly-Epoch_341/Shard_0/id [0;36mnilled pointer[0m = 0xc0002ebdc0 [0;36mglobal db counter[0m = 2 
[0;36mDEBUG[0m[2026-03-16 10:14:17.813]   processLoop - closing the leveldb process loop [0;36mpath[0m = TestOnly-Epoch_341/Shard_0/id 
[0;36mDEBUG[0m[2026-03-16 10:14:17.814]   batchTimeoutHandle - closing             [0;36mpath[0m = TestOnly-Epoch_341/Shard_0/id 
[0;36mDEBUG[0m[2026-03-16 10:14:17.818]   PruningStorer - change epoch             [0;36munit[0m = id [0;36mepoch[0m = 344 [0;36mbytes in cache[0m = 0 
[0;36mDEBUG[0m[2026-03-16 10:14:17.821]   opened serial level db persister         [0;36mpath[0m = TestOnly-Epoch_344/Shard_0/id [0;36mcreated pointer[0m = 0xc000684000 [0;36mglobal db counter[0m = 3 [0;36mNewSerialDB[0m = 0.0029s [0;36mmkdirAll[0m = 0.0002s [0;36mopenLevelDB[0m = 0.0027s 
[0;36mDEBUG[0m[2026-03-16 10:14:17.821]   PruningStorer.processPersistersToClose   [0;36mepochs to close[0m = [342] [0;36mbefore process[0m = [344 343 342] [0;36mafter process[0m = [344 343] 
[0;36mDEBUG[0m[2026-03-16 10:14:17.821]   makeDbPointerNilReturningLast            [0;36mpath[0m = TestOnly-Epoch_342/Shard_0/id [0;36mnilled pointer[0m = 0xc0006848c0 [0;36mglobal db counter[0m = 2 
[0;36mDEBUG[0m[2026-03-16 10:14:17.821]   processLoop - closing the leveldb process loop [0;36mpath[0m = TestOnly-Epoch_342/Shard_0/id 
[0;36mDEBUG[0m[2026-03-16 10:14:17.821]   batchTimeoutHandle - closing             [0;36mpath[0m = TestOnly-Epoch_342/Shard_0/id 
[0;36mDEBUG[0m[2026-03-16 10:14:17.823]   PruningStorer - change epoch             [0;36munit[0m = id [0;36mepoch[0m = 345 [0;36mbytes in cache[0m = 0 
[0;36mDEBUG[0m[2026-03-16 10:14:17.833]   opened serial level db persister         [0;36mpath[0m = TestOnly-Epoch_345/Shard_0/id [0;36mcreated pointer[0m = 0xc000684a80 [0;36mglobal db counter[0m = 3 [0;36mNewSerialDB[0m = 0.0095s [0;36mmkdirAll[0m = 0.0006s [0;36mopenLevelDB[0m = 0.0088s 
[0;36mDEBUG[0m[2026-03-16 10:14:17.833]   PruningStorer.processPersistersToClose   [0;36mepochs to close[0m = [343] [0;36mbefore process[0m = [345 344 343] [0;36mafter process[0m = [345 344] 
[0;36mDEBUG[0m[2026-03-16 10:14:17.833]   makeDbPointerNilReturningLast            [0;36mpath[0m = TestOnly-Epoch_343/Shard_0/id [0;36mnilled pointer[0m = 0xc0005d5c00 [0;36mglobal db counter[0m = 2 
[0;36mDEBUG[0m[2026-03-16 10:14:17.833]   batchTimeoutHandle - closing             [0;36mpath[0m = TestOnly-Epoch_343/Shard_0/id 
[0;36mDEBUG[0m[2026-03-16 10:14:17.833]   processLoop - closing the leveldb process loop [0;36mpath[0m = TestOnly-Epoch_343/Shard_0/id 
[0;36mDEBUG[0m[2026-03-16 10:14:17.835]   PruningStorer - change epoch             [0;36munit[0m = id [0;36mepoch[0m = 346 [0;36mbytes in cache[0m = 0 
[0;36mDEBUG[0m[2026-03-16 10:14:17.841]   opened serial level db persister         [0;36mpath[0m = TestOnly-Epoch_346/Shard_0/id [0;36mcreated pointer[0m = 0xc000513a40 [0;36mglobal db counter[0m = 3 [0;36mNewSerialDB[0m = 0.0057s [0;36mmkdirAll[0m = 0.0002s [0;36mopenLevelDB[0m = 0.0055s 
[0;36mDEBUG[0m[2026-03-16 10:14:17.841]   PruningStorer.processPersistersToClose   [0;36mepochs to close[0m = [344] [0;36mbefore process[0m = [346 345 344] [0;36mafter process[0m = [346 345] 
[0;36mDEBUG[0m[2026-03-16 10:14:17.842]   makeDbPointerNilReturningLast            [0;36mpath[0m = TestOnly-Epoch_344/Shard_0/id [0;36mnilled pointer[0m = 0xc000684000 [0;36mglobal db counter[0m = 2 
[0;36mDEBUG[0m[2026-03-16 10:14:17.842]   processLoop - closing the leveldb process loop [0;36mpath[0m = TestOnly-Epoch_344/Shard_0/id 
[0;36mDEBUG[0m[2026-03-16 10:14:17.842]   batchTimeoutHandle - closing             [0;36mpath[0m = TestOnly-Epoch_344/Shard_0/id 
[0;36mDEBUG[0m[2026-03-16 10:14:17.843]   PruningStorer - change epoch             [0;36munit[0m = id [0;36mepoch[0m = 347 [0;36mbytes in cache[0m = 0 
[0;36mDEBUG[0m[2026-03-16 10:14:17.851]   opened serial level db persister         [0;36mpath[0m = TestOnly-Epoch_347/Shard_0/id [0;36mcreated pointer[0m = 0xc000684700 [0;36mglobal db counter[0m = 3 [0;36mNewSerialDB[0m = 0.0080s [0;36mmkdirAll[0m = 0.0006s [0;36mopenLevelDB[0m = 0.0074s 
[0;36mDEBUG[0m[2026-03-16 10:14:17.851]   PruningStorer.processPersistersToClose   [0;36mepochs to close[0m = [345] [0;36mbefore process[0m = [347 346 345] [0;36mafter process[0m = [347 346] 
[0;36mDEBUG[0m[2026-03-16 10:14:17.852]   makeDbPointerNilReturningLast            [0;36mpath[0m = TestOnly-Epoch_345/Shard_0/id [0;36mnilled pointer[0m = 0xc000684a80 [0;36mglobal db counter[0m = 2 
[0;36mDEBUG[0m[2026-03-16 10:14:17.852]   processLoop - closing the leveldb process loop [0;36mpath[0m = TestOnly-Epoch_345/Shard_0/id 
[0;36mDEBUG[0m[2026-03-16 10:14:17.852]   batchTimeoutHandle - closing             [0;36mpath[0m = TestOnly-Epoch_345/Shard_0/id 
[0;36mDEBUG[0m[2026-03-16 10:14:17.853]   PruningStorer - change epoch             [0;36munit[0m = id [0;36mepoch[0m = 348 [0;36mbytes in cache[0m = 0 
[0;36mDEBUG[0m[2026-03-16 10:14:17.861]   opened serial level db persister         [0;36mpath[0m = TestOnly-Epoch_348/Shard_0/id [0;36mcreated pointer[0m = 0xc0005c4c40 [0;36mglobal db counter[0m = 3 [0;36mNewSerialDB[0m = 0.0079s [0;36mmkdirAll[0m = 0.0002s [0;36mopenLevelDB[0m = 0.0077s 
[0;36mDEBUG[0m[2026-03-16 10:14:17.861]   PruningStorer.processPersistersToClose   [0;36mepochs to close[0m = [346] [0;36mbefore process[0m = [348 347 346] [0;36mafter process[0m = [348 347] 
[0;36mDEBUG[0m[2026-03-16 10:14:17.862]   makeDbPointerNilReturningLast            [0;36mpath[0m = TestOnly-Epoch_346/Shard_0/id [0;36mnilled pointer[0m = 0xc000513a40 [0;36mglobal db counter[0m = 2 
[0;36mDEBUG[0m[2026-03-16 10:14:17.862]   processLoop - closing the leveldb process loop [0;36mpath[0m = TestOnly-Epoch_346/Shard_0/id 
[0;36mDEBUG[0m[2026-03-16 10:14:17.862]   batchTimeoutHandle - closing             [0;36mpath[0m = TestOnly-Epoch_346/Shard_0/id 
[0;36mDEBUG[0m[2026-03-16 10:14:17.863]   PruningStorer - change epoch             [0;36munit[0m = id [0;36mepoch[0m = 349 [0;36mbytes in cache[0m = 0 
[0;36mDEBUG[0m[2026-03-16 10:14:17.866]   opened serial level db persister         [0;36mpath[0m = TestOnly-Epoch_349/Shard_0/id [0;36mcreated pointer[0m = 0xc000684e00 [0;36mglobal db counter[0m = 3 [0;36mNewSerialDB[0m = 0.0031s [0;36mmkdirAll[0m = 0.0002s [0;36mopenLevelDB[0m = 0.0028s 
[0;36mDEBUG[0m[2026-03-16 10:14:17.867]   PruningStorer.processPersistersToClose   [0;36mepochs to close[0m = [347] [0;36mbefore process[0m = [349 348 347] [0;36mafter process[0m = [349 348] 
[0;36mDEBUG[0m[2026-03-16 10:14:17.867]   makeDbPointerNilReturningLast            [0;36mpath[0m = TestOnly-Epoch_347/Shard_0/id [0;36mnilled pointer[0m = 0xc000684700 [0;36mglobal db counter[0m = 2 
[0;36mDEBUG[0m[2026-03-16 10:14:17.867]   batchTimeoutHandle - closing             [0;36mpath[0m = TestOnly-Epoch_347/Shard_0/id 
[0;36mDEBUG[0m[2026-03-16 10:14:17.867]   processLoop - closing the leveldb process loop [0;36mpath[0m = TestOnly-Epoch_347/Shard_0/id 
[0;36mDEBUG[0m[2026-03-16 10:14:17.871]   PruningStorer - change epoch             [0;36munit[0m = id [0;36mepoch[0m = 350 [0;36mbytes in cache[0m = 0 
[0;36mDEBUG[0m[2026-03-16 10:14:17.875]   opened serial level db persister         [0;36mpath[0m = TestOnly-Epoch_350/Shard_0/id [0;36mcreated pointer[0m = 0xc000685180 [0;36mglobal db counter[0m = 3 [0;36mNewSerialDB[0m = 0.0036s [0;36mmkdirAll[0m = 0.0002s [0;36mopenLevelDB[0m = 0.0033s 
[0;36mDEBUG[0m[2026-03-16 10:14:17.875]   PruningStorer.processPersistersToClose   [0;36mepochs to close[0m = [348] [0;36mbefore process[0m = [350 349 348] [0;36mafter process[0m = [350 349] 
[0;36mDEBUG[0m[2026-03-16 10:14:17.876]   makeDbPointerNilReturningLast            [0;36mpath[0m = TestOnly-Epoch_348/Shard_0/id [0;36mnilled pointer[0m = 0xc0005c4c40 [0;36mglobal db counter[0m = 2 
[0;36mDEBUG[0m[2026-03-16 10:14:17.876]   batchTimeoutHandle - closing             [0;36mpath[0m = TestOnly-Epoch_348/Shard_0/id 
[0;36mDEBUG[0m[2026-03-16 10:14:17.876]   processLoop - closing the leveldb process loop [0;36mpath[0m = TestOnly-Epoch_348/Shard_0/id 
[0;36mDEBUG[0m[2026-03-16 10:14:17.877]   PruningStorer - change epoch             [0;36munit[0m = id [0;36mepoch[0m = 351 [0;36mbytes in cache[0m = 0 
[0;36mDEBUG[0m[2026-03-16 10:14:17.879]   opened serial level db persister         [0;36mpath[0m = TestOnly-Epoch_351/Shard_0/id [0;36mcreated pointer[0m = 0xc000684c40 [0;36mglobal db counter[0m = 3 [0;36mNewSerialDB[0m = 0.0028s [0;36mmkdirAll[0m = 0.0002s [0;36mopenLevelDB[0m = 0.0026s 
[0;36mDEBUG[0m[2026-03-16 10:14:17.879]   PruningStorer.processPersistersToClose   [0;36mepochs to close[0m = [349] [0;36mbefore process[0m = [351 350 349] [0;36mafter process[0m = [351 350] 
[0;36mDEBUG[0m[2026-03-16 10:14:17.883]   makeDbPointerNilReturningLast            [0;36mpath[0m = TestOnly-Epoch_349/Shard_0/id [0;36mnilled pointer[0m = 0xc000684e00 [0;36mglobal db counter[0m = 2 
[0;36mDEBUG[0m[2026-03-16 10:14:17.883]   processLoop - closing the leveldb process loop [0;36mpath[0m = TestOnly-Epoch_349/Shard_0/id 
[0;36mDEBUG[0m[2026-03-16 10:14:17.883]   batchTimeoutHandle - closing             [0;36mpath[0m = TestOnly-Epoch_349/Shard_0/id 
[0;36mDEBUG[0m[2026-03-16 10:14:17.884]   PruningStorer - change epoch             [0;36munit[0m = id [0;36mepoch[0m = 352 [0;36mbytes in cache[0m = 0 
[0;36mDEBUG[0m[2026-03-16 10:14:17.888]   opened serial level db persister         [0;36mpath[0m = TestOnly-Epoch_352/Shard_0/id [0;36mcreated pointer[0m = 0xc0005c5180 [0;36mglobal db counter[0m = 3 [0;36mNewSerialDB[0m = 0.0032s [0;36mmkdirAll[0m = 0.0002s [0;36mopenLevelDB[0m = 0.0030s 
[0;36mDEBUG[0m[2026-03-16 10:14:17.888]   PruningStorer.processPersistersToClose   [0;36mepochs to close[0m = [350] [0;36mbefore process[0m = [352 351 350] [0;36mafter process[0m = [352 351] 
[0;36mDEBUG[0m[2026-03-16 10:14:17.889]   makeDbPointerNilReturningLast            [0;36mpath[0m = TestOnly-Epoch_350/Shard_0/id [0;36mnilled pointer[0m = 0xc000685180 [0;36mglobal db counter[0m = 2 
[0;36mDEBUG[0m[2026-03-16 10:14:17.889]   batchTimeoutHandle - closing             [0;36mpath[0m = TestOnly-Epoch_350/Shard_0/id 
[0;36mDEBUG[0m[2026-03-16 10:14:17.889]   processLoop - closing the leveldb process loop [0;36mpath[0m = TestOnly-Epoch_350/Shard_0/id 
[0;36mDEBUG[0m[2026-03-16 10:14:17.893]   PruningStorer - change epoch             [0;36munit[0m = id [0;36mepoch[0m = 353 [0;36mbytes in cache[0m = 0 
[0;36mDEBUG[0m[2026-03-16 10:14:17.897]   opened serial level db persister         [0;36mpath[0m = TestOnly-Epoch_353/Shard_0/id [0;36mcreated pointer[0m = 0xc000490fc0 [0;36mglobal db counter[0m = 3 [0;36mNewSerialDB[0m = 0.0039s [0;36mmkdirAll[0m = 0.0002s [0;36mopenLevelDB[0m = 0.0037s 
[0;36mDEBUG[0m[2026-03-16 10:14:17.897]   PruningStorer.processPersistersToClose   [0;36mepochs to close[0m = [351] [0;36mbefore process[0m = [353 352 351] [0;36mafter process[0m = [353 352] 
[0;36mDEBUG[0m[2026-03-16 10:14:17.898]   makeDbPointerNilReturningLast            [0;36mpath[0m = TestOnly-Epoch_351/Shard_0/id [0;36mnilled pointer[0m = 0xc000684c40 [0;36mglobal db counter[0m = 2 
[0;36mDEBUG[0m[2026-03-16 10:14:17.898]   processLoop - closing the leveldb process loop [0;36mpath[0m = TestOnly-Epoch_351/Shard_0/id 
[0;36mDEBUG[0m[2026-03-16 10:14:17.898]   batchTimeoutHandle - closing             [0;36mpath[0m = TestOnly-Epoch_351/Shard_0/id 
[0;36mDEBUG[0m[2026-03-16 10:14:17.899]   PruningStorer - change epoch             [0;36munit[0m = id [0;36mepoch[0m = 354 [0;36mbytes in cache[0m = 0 
[0;36mDEBUG[0m[2026-03-16 10:14:17.903]   opened serial level db persister         [0;36mpath[0m = TestOnly-Epoch_354/Shard_0/id [0;36mcreated pointer[0m = 0xc002209880 [0;36mglobal db counter[0m = 3 [0;36mNewSerialDB[0m = 0.0038s [0;36mmkdirAll[0m = 0.0002s [0;36mopenLevelDB[0m = 0.0036s 
[0;36mDEBUG[0m[2026-03-16 10:14:17.903]   PruningStorer.processPersistersToClose   [0;36mepochs to close[0m = [352] [0;36mbefore process[0m = [354 353 352] [0;36mafter process[0m = [354 353] 
[0;36mDEBUG[0m[2026-03-16 10:14:17.906]   makeDbPointerNilReturningLast            [0;36mpath[0m = TestOnly-Epoch_352/Shard_0/id [0;36mnilled pointer[0m = 0xc0005c5180 [0;36mglobal db counter[0m = 2 
[0;36mDEBUG[0m[2026-03-16 10:14:17.906]   processLoop - closing the leveldb process loop [0;36mpath[0m = TestOnly-Epoch_352/Shard_0/id 
[0;36mDEBUG[0m[2026-03-16 10:14:17.906]   batchTimeoutHandle - closing             [0;36mpath[0m = TestOnly-Epoch_352/Shard_0/id 
[0;36mDEBUG[0m[2026-03-16 10:14:17.907]   PruningStorer - change epoch             [0;36munit[0m = id [0;36mepoch[0m = 355 [0;36mbytes in cache[0m = 0 
[0;36mDEBUG[0m[2026-03-16 10:14:17.910]   opened serial level db persister         [0;36mpath[0m = TestOnly-Epoch_355/Shard_0/id [0;36mcreated pointer[0m = 0xc000684380 [0;36mglobal db counter[0m = 3 [0;36mNewSerialDB[0m = 0.0027s [0;36mmkdirAll[0m = 0.0002s [0;36mopenLevelDB[0m = 0.0025s 
[0;36mDEBUG[0m[2026-03-16 10:14:17.910]   PruningStorer.processPersistersToClose   [0;36mepochs to close[0m = [353] [0;36mbefore process[0m = [355 354 353] [0;36mafter process[0m = [355 354] 
[0;36mDEBUG[0m[2026-03-16 10:14:17.910]   makeDbPointerNilReturningLast            [0;36mpath[0m = TestOnly-Epoch_353/Shard_0/id [0;36mnilled pointer[0m = 0xc000490fc0 [0;36mglobal db counter[0m = 2 
[0;36mDEBUG[0m[2026-03-16 10:14:17.910]   processLoop - closing the leveldb process loop [0;36mpath[0m = TestOnly-Epoch_353/Shard_0/id 
[0;36mDEBUG[0m[2026-03-16 10:14:17.910]   batchTimeoutHandle - closing             [0;36mpath[0m = TestOnly-Epoch_353/Shard_0/id 
[0;36mDEBUG[0m[2026-03-16 10:14:17.912]   PruningStorer - change epoch             [0;36munit[0m = id [0;36mepoch[0m = 356 [0;36mbytes in cache[0m = 0 
[0;36mDEBUG[0m[2026-03-16 10:14:17.918]   opened serial level db persister         [0;36mpath[0m = TestOnly-Epoch_356/Shard_0/id [0;36mcreated pointer[0m = 0xc000580700 [0;36mglobal db counter[0m = 3 [0;36mNewSerialDB[0m = 0.0057s [0;36mmkdirAll[0m = 0.0002s [0;36mopenLevelDB[0m = 0.0055s 
[0;36mDEBUG[0m[2026-03-16 10:14:17.918]   PruningStorer.processPersistersToClose   [0;36mepochs to close[0m = [354] [0;36mbefore process[0m = [356 355 354] [0;36mafter process[0m = [356 355] 
[0;36mDEBUG[0m[2026-03-16 10:14:17.918]   makeDbPointerNilReturningLast            [0;36mpath[0m = TestOnly-Epoch_354/Shard_0/id [0;36mnilled pointer[0m = 0xc002209880 [0;36mglobal db counter[0m = 2 
[0;36mDEBUG[0m[2026-03-16 10:14:17.918]   batchTimeoutHandle - closing             [0;36mpath[0m = TestOnly-Epoch_354/Shard_0/id 
[0;36mDEBUG[0m[2026-03-16 10:14:17.918]   processLoop - closing the leveldb process loop [0;36mpath[0m = TestOnly-Epoch_354/Shard_0/id 
[0;36mDEBUG[0m[2026-03-16 10:14:17.920]   PruningStorer - change epoch             [0;36munit[0m = id [0;36mepoch[0m = 357 [0;36mbytes in cache[0m = 0 
[0;36mDEBUG[0m[2026-03-16 10:14:17.922]   opened serial level db persister         [0;36mpath[0m = TestOnly-Epoch_357/Shard_0/id [0;36mcreated pointer[0m = 0xc0005c4a80 [0;36mglobal db counter[0m = 3 [0;36mNewSerialDB[0m = 0.0027s [0;36mmkdirAll[0m = 0.0002s [0;36mopenLevelDB[0m = 0.0025s 
[0;36mDEBUG[0m[2026-03-16 10:14:17.922]   PruningStorer.processPersistersToClose   [0;36mepochs to close[0m = [355] [0;36mbefore process[0m = [357 356 355] [0;36mafter process[0m = [357 356] 
[0;36mDEBUG[0m[2026-03-16 10:14:17.923]   processLoop - closing the leveldb process loop [0;36mpath[0m = TestOnly-Epoch_355/Shard_0/id 
[0;36mDEBUG[0m[2026-03-16 10:14:17.923]   makeDbPointerNilReturningLast            [0;36mpath[0m = TestOnly-Epoch_355/Shard_0/id [0;36mnilled pointer[0m = 0xc000684380 [0;36mglobal db counter[0m = 2 
[0;36mDEBUG[0m[2026-03-16 10:14:17.923]   batchTimeoutHandle - closing             [0;36mpath[0m = TestOnly-Epoch_355/Shard_0/id 
[0;36mDEBUG[0m[2026-03-16 10:14:17.925]   PruningStorer - change epoch             [0;36munit[0m = id [0;36mepoch[0m = 358 [0;36mbytes in cache[0m = 0 
[0;36mDEBUG[0m[2026-03-16 10:14:17.929]   opened serial level db persister         [0;36mpath[0m = TestOnly-Epoch_358/Shard_0/id [0;36mcreated pointer[0m = 0xc000580a80 [0;36mglobal db counter[0m = 3 [0;36mNewSerialDB[0m = 0.0041s [0;36mmkdirAll[0m = 0.0002s [0;36mopenLevelDB[0m = 0.0039s 
[0;36mDEBUG[0m[2026-03-16 10:14:17.929]   PruningStorer.processPersistersToClose   [0;36mepochs to close[0m = [356] [0;36mbefore process[0m = [358 357 356] [0;36mafter process[0m = [358 357] 
[0;36mDEBUG[0m[2026-03-16 10:14:17.929]   makeDbPointerNilReturningLast            [0;36mpath[0m = TestOnly-Epoch_356/Shard_0/id [0;36mnilled pointer[0m = 0xc000580700 [0;36mglobal db counter[0m = 2 
[0;36mDEBUG[0m[2026-03-16 10:14:17.929]   processLoop - closing the leveldb process loop [0;36mpath[0m = TestOnly-Epoch_356/Shard_0/id 
[0;36mDEBUG[0m[2026-03-16 10:14:17.929]   batchTimeoutHandle - closing             [0;36mpath[0m = TestOnly-Epoch_356/Shard_0/id 
[0;36mDEBUG[0m[2026-03-16 10:14:17.931]   PruningStorer - change epoch             [0;36munit[0m = id [0;36mepoch[0m = 359 [0;36mbytes in cache[0m = 0 
[0;36mDEBUG[0m[2026-03-16 10:14:17.934]   opened serial level db persister         [0;36mpath[0m = TestOnly-Epoch_359/Shard_0/id [0;36mcreated pointer[0m = 0xc0005c5880 [0;36mglobal db counter[0m = 3 [0;36mNewSerialDB[0m = 0.0027s [0;36mmkdirAll[0m = 0.0002s [0;36mopenLevelDB[0m = 0.0026s 
[0;36mDEBUG[0m[2026-03-16 10:14:17.934]   PruningStorer.processPersistersToClose   [0;36mepochs to close[0m = [357] [0;36mbefore process[0m = [359 358 357] [0;36mafter process[0m = [359 358] 
[0;36mDEBUG[0m[2026-03-16 10:14:17.934]   makeDbPointerNilReturningLast            [0;36mpath[0m = TestOnly-Epoch_357/Shard_0/id [0;36mnilled pointer[0m = 0xc0005c4a80 [0;36mglobal db counter[0m = 2 
[0;36mDEBUG[0m[2026-03-16 10:14:17.934]   processLoop - closing the leveldb process loop [0;36mpath[0m = TestOnly-Epoch_357/Shard_0/id 
[0;36mDEBUG[0m[2026-03-16 10:14:17.934]   batchTimeoutHandle - closing             [0;36mpath[0m = TestOnly-Epoch_357/Shard_0/id 
[0;36mDEBUG[0m[2026-03-16 10:14:17.936]   PruningStorer - change epoch             [0;36munit[0m = id [0;36mepoch[0m = 360 [0;36mbytes in cache[0m = 0 
[0;36mDEBUG[0m[2026-03-16 10:14:17.940]   opened serial level db persister         [0;36mpath[0m = TestOnly-Epoch_360/Shard_0/id [0;36mcreated pointer[0m = 0xc000685500 [0;36mglobal db counter[0m = 3 [0;36mNewSerialDB[0m = 0.0036s [0;36mmkdirAll[0m = 0.0002s [0;36mopenLevelDB[0m = 0.0033s 
[0;36mDEBUG[0m[2026-03-16 10:14:17.940]   PruningStorer.processPersistersToClose   [0;36mepochs to close[0m = [358] [0;36mbefore process[0m = [360 359 358] [0;36mafter process[0m = [360 359] 
[0;36mDEBUG[0m[2026-03-16 10:14:17.941]   makeDbPointerNilReturningLast            [0;36mpath[0m = TestOnly-Epoch_358/Shard_0/id [0;36mnilled pointer[0m = 0xc000580a80 [0;36mglobal db counter[0m = 2 
[0;36mDEBUG[0m[2026-03-16 10:14:17.941]   processLoop - closing the leveldb process loop [0;36mpath[0m = TestOnly-Epoch_358/Shard_0/id 
[0;36mDEBUG[0m[2026-03-16 10:14:17.941]   batchTimeoutHandle - closing             [0;36mpath[0m = TestOnly-Epoch_358/Shard_0/id 
[0;36mDEBUG[0m[2026-03-16 10:14:17.942]   PruningStorer - change epoch             [0;36munit[0m = id [0;36mepoch[0m = 361 [0;36mbytes in cache[0m = 0 
[0;36mDEBUG[0m[2026-03-16 10:14:17.945]   opened serial level db persister         [0;36mpath[0m = TestOnly-Epoch_361/Shard_0/id [0;36mcreated pointer[0m = 0xc000581180 [0;36mglobal db counter[0m = 3 [0;36mNewSerialDB[0m = 0.0033s [0;36mmkdirAll[0m = 0.0002s [0;36mopenLevelDB[0m = 0.0031s 
[0;36mDEBUG[0m[2026-03-16 10:14:17.945]   PruningStorer.processPersistersToClose   [0;36mepochs to close[0m = [359] [0;36mbefore process[0m = [361 360 359] [0;36mafter process[0m = [361 360] 
[0;36mDEBUG[0m[2026-03-16 10:14:17.948]   makeDbPointerNilReturningLast            [0;36mpath[0m = TestOnly-Epoch_359/Shard_0/id [0;36mnilled pointer[0m = 0xc0005c5880 [0;36mglobal db counter[0m = 2 
[0;36mDEBUG[0m[2026-03-16 10:14:17.948]   processLoop - closing the leveldb process loop [0;36mpath[0m = TestOnly-Epoch_359/Shard_0/id 
[0;36mDEBUG[0m[2026-03-16 10:14:17.948]   batchTimeoutHandle - closing             [0;36mpath[0m = TestOnly-Epoch_359/Shard_0/id 
[0;36mDEBUG[0m[2026-03-16 10:14:17.949]   PruningStorer - change epoch             [0;36munit[0m = id [0;36mepoch[0m = 362 [0;36mbytes in cache[0m = 0 
[0;36mDEBUG[0m[2026-03-16 10:14:17.953]   opened serial level db persister         [0;36mpath[0m = TestOnly-Epoch_362/Shard_0/id [0;36mcreated pointer[0m = 0xc0002836c0 [0;36mglobal db counter[0m = 3 [0;36mNewSerialDB[0m = 0.0040s [0;36mmkdirAll[0m = 0.0002s [0;36mopenLevelDB[0m = 0.0038s 
[0;36mDEBUG[0m[2026-03-16 10:14:17.953]   PruningStorer.processPersistersToClose   [0;36mepochs to close[0m = [360] [0;36mbefore process[0m = [362 361 360] [0;36mafter process[0m = [362 361] 
[0;36mDEBUG[0m[2026-03-16 10:14:17.953]   makeDbPointerNilReturningLast            [0;36mpath[0m = TestOnly-Epoch_360/Shard_0/id [0;36mnilled pointer[0m = 0xc000685500 [0;36mglobal db counter[0m = 2 
[0;36mDEBUG[0m[2026-03-16 10:14:17.953]   processLoop - closing the leveldb process loop [0;36mpath[0m = TestOnly-Epoch_360/Shard_0/id 
[0;36mDEBUG[0m[2026-03-16 10:14:17.953]   batchTimeoutHandle - closing             [0;36mpath[0m = TestOnly-Epoch_360/Shard_0/id 
[0;36mDEBUG[0m[2026-03-16 10:14:17.955]   PruningStorer - change epoch             [0;36munit[0m = id [0;36mepoch[0m = 363 [0;36mbytes in cache[0m = 0 
[0;36mDEBUG[0m[2026-03-16 10:14:17.958]   opened serial level db persister         [0;36mpath[0m = TestOnly-Epoch_363/Shard_0/id [0;36mcreated pointer[0m = 0xc000580fc0 [0;36mglobal db counter[0m = 3 [0;36mNewSerialDB[0m = 0.0028s [0;36mmkdirAll[0m = 0.0002s [0;36mopenLevelDB[0m = 0.0026s 
[0;36mDEBUG[0m[2026-03-16 10:14:17.958]   PruningStorer.processPersistersToClose   [0;36mepochs to close[0m = [361] [0;36mbefore process[0m = [363 362 361] [0;36mafter process[0m = [363 362] 
[0;36mDEBUG[0m[2026-03-16 10:14:17.959]   makeDbPointerNilReturningLast            [0;36mpath[0m = TestOnly-Epoch_361/Shard_0/id [0;36mnilled pointer[0m = 0xc000581180 [0;36mglobal db counter[0m = 2 
[0;36mDEBUG[0m[2026-03-16 10:14:17.959]   processLoop - closing the leveldb process loop [0;36mpath[0m = TestOnly-Epoch_361/Shard_0/id 
[0;36mDEBUG[0m[2026-03-16 10:14:17.959]   batchTimeoutHandle - closing             [0;36mpath[0m = TestOnly-Epoch_361/Shard_0/id 
[0;36mDEBUG[0m[2026-03-16 10:14:17.960]   PruningStorer - change epoch             [0;36munit[0m = id [0;36mepoch[0m = 364 [0;36mbytes in cache[0m = 0 
[0;36mDEBUG[0m[2026-03-16 10:14:17.967]   opened serial level db persister         [0;36mpath[0m = TestOnly-Epoch_364/Shard_0/id [0;36mcreated pointer[0m = 0xc0005c5a40 [0;36mglobal db counter[0m = 3 [0;36mNewSerialDB[0m = 0.0067s [0;36mmkdirAll[0m = 0.0002s [0;36mopenLevelDB[0m = 0.0065s 
[0;36mDEBUG[0m[2026-03-16 10:14:17.967]   PruningStorer.processPersistersToClose   [0;36mepochs to close[0m = [362] [0;36mbefore process[0m = [364 363 362] [0;36mafter process[0m = [364 363] 
[0;36mDEBUG[0m[2026-03-16 10:14:17.967]   makeDbPointerNilReturningLast            [0;36mpath[0m = TestOnly-Epoch_362/Shard_0/id [0;36mnilled pointer[0m = 0xc0002836c0 [0;36mglobal db counter[0m = 2 
[0;36mDEBUG[0m[2026-03-16 10:14:17.967]   processLoop - closing the leveldb process loop [0;36mpath[0m = TestOnly-Epoch_362/Shard_0/id 
[0;36mDEBUG[0m[2026-03-16 10:14:17.967]   batchTimeoutHandle - closing             [0;36mpath[0m = TestOnly-Epoch_362/Shard_0/id 
[0;36mDEBUG[0m[2026-03-16 10:14:17.969]   PruningStorer - change epoch             [0;36munit[0m = id [0;36mepoch[0m = 365 [0;36mbytes in cache[0m = 0 
[0;36mDEBUG[0m[2026-03-16 10:14:17.973]   opened serial level db persister         [0;36mpath[0m = TestOnly-Epoch_365/Shard_0/id [0;36mcreated pointer[0m = 0xc0006856c0 [0;36mglobal db counter[0m = 3 [0;36mNewSerialDB[0m = 0.0039s [0;36mmkdirAll[0m = 0.0002s [0;36mopenLevelDB[0m = 0.0036s 
[0;36mDEBUG[0m[2026-03-16 10:14:17.973]   PruningStorer.processPersistersToClose   [0;36mepochs to close[0m = [363] [0;36mbefore process[0m = [365 364 363] [0;36mafter process[0m = [365 364] 
[0;36mDEBUG[0m[2026-03-16 10:14:17.973]   makeDbPointerNilReturningLast            [0;36mpath[0m = TestOnly-Epoch_363/Shard_0/id [0;36mnilled pointer[0m = 0xc000580fc0 [0;36mglobal db counter[0m = 2 
[0;36mDEBUG[0m[2026-03-16 10:14:17.974]   processLoop - closing the leveldb process loop [0;36mpath[0m = TestOnly-Epoch_363/Shard_0/id 
[0;36mDEBUG[0m[2026-03-16 10:14:17.974]   batchTimeoutHandle - closing             [0;36mpath[0m = TestOnly-Epoch_363/Shard_0/id 
[0;36mDEBUG[0m[2026-03-16 10:14:17.975]   PruningStorer - change epoch             [0;36munit[0m = id [0;36mepoch[0m = 366 [0;36mbytes in cache[0m = 0 
[0;36mDEBUG[0m[2026-03-16 10:14:17.981]   opened serial level db persister         [0;36mpath[0m = TestOnly-Epoch_366/Shard_0/id [0;36mcreated pointer[0m = 0xc0005c5dc0 [0;36mglobal db counter[0m = 3 [0;36mNewSerialDB[0m = 0.0056s [0;36mmkdirAll[0m = 0.0002s [0;36mopenLevelDB[0m = 0.0054s 
[0;36mDEBUG[0m[2026-03-16 10:14:17.981]   PruningStorer.processPersistersToClose   [0;36mepochs to close[0m = [364] [0;36mbefore process[0m = [366 365 364] [0;36mafter process[0m = [366 365] 
[0;36mDEBUG[0m[2026-03-16 10:14:17.982]   makeDbPointerNilReturningLast            [0;36mpath[0m = TestOnly-Epoch_364/Shard_0/id [0;36mnilled pointer[0m = 0xc0005c5a40 [0;36mglobal db counter[0m = 2 
[0;36mDEBUG[0m[2026-03-16 10:14:17.982]   processLoop - closing the leveldb process loop [0;36mpath[0m = TestOnly-Epoch_364/Shard_0/id 
[0;36mDEBUG[0m[2026-03-16 10:14:17.982]   batchTimeoutHandle - closing             [0;36mpath[0m = TestOnly-Epoch_364/Shard_0/id 
[0;36mDEBUG[0m[2026-03-16 10:14:17.983]   PruningStorer - change epoch             [0;36munit[0m = id [0;36mepoch[0m = 367 [0;36mbytes in cache[0m = 0 
[0;36mDEBUG[0m[2026-03-16 10:14:17.987]   opened serial level db persister         [0;36mpath[0m = TestOnly-Epoch_367/Shard_0/id [0;36mcreated pointer[0m = 0xc0005808c0 [0;36mglobal db counter[0m = 3 [0;36mNewSerialDB[0m = 0.0042s [0;36mmkdirAll[0m = 0.0002s [0;36mopenLevelDB[0m = 0.0039s 
[0;36mDEBUG[0m[2026-03-16 10:14:17.987]   PruningStorer.processPersistersToClose   [0;36mepochs to close[0m = [365] [0;36mbefore process[0m = [367 366 365] [0;36mafter process[0m = [367 366] 
[0;36mDEBUG[0m[2026-03-16 10:14:17.988]   makeDbPointerNilReturningLast            [0;36mpath[0m = TestOnly-Epoch_365/Shard_0/id [0;36mnilled pointer[0m = 0xc0006856c0 [0;36mglobal db counter[0m = 2 
[0;36mDEBUG[0m[2026-03-16 10:14:17.988]   processLoop - closing the leveldb process loop [0;36mpath[0m = TestOnly-Epoch_365/Shard_0/id 
[0;36mDEBUG[0m[2026-03-16 10:14:17.988]   batchTimeoutHandle - closing             [0;36mpath[0m = TestOnly-Epoch_365/Shard_0/id 
[0;36mDEBUG[0m[2026-03-16 10:14:17.989]   PruningStorer - change epoch             [0;36munit[0m = id [0;36mepoch[0m = 368 [0;36mbytes in cache[0m = 0 
[0;36mDEBUG[0m[2026-03-16 10:14:17.993]   opened serial level db persister         [0;36mpath[0m = TestOnly-Epoch_368/Shard_0/id [0;36mcreated pointer[0m = 0xc000685880 [0;36mglobal db counter[0m = 3 [0;36mNewSerialDB[0m = 0.0034s [0;36mmkdirAll[0m = 0.0002s [0;36mopenLevelDB[0m = 0.0032s 
[0;36mDEBUG[0m[2026-03-16 10:14:17.993]   PruningStorer.processPersistersToClose   [0;36mepochs to close[0m = [366] [0;36mbefore process[0m = [368 367 366] [0;36mafter process[0m = [368 367] 
[0;36mDEBUG[0m[2026-03-16 10:14:17.993]   processLoop - closing the leveldb process loop [0;36mpath[0m = TestOnly-Epoch_366/Shard_0/id 
[0;36mDEBUG[0m[2026-03-16 10:14:17.993]   batchTimeoutHandle - closing             [0;36mpath[0m = TestOnly-Epoch_366/Shard_0/id 
[0;36mDEBUG[0m[2026-03-16 10:14:17.993]   makeDbPointerNilReturningLast            [0;36mpath[0m = TestOnly-Epoch_366/Shard_0/id [0;36mnilled pointer[0m = 0xc0005c5dc0 [0;36mglobal db counter[0m = 2 
[0;36mDEBUG[0m[2026-03-16 10:14:17.995]   PruningStorer - change epoch             [0;36munit[0m = id [0;36mepoch[0m = 369 [0;36mbytes in cache[0m = 0 
[0;36mDEBUG[0m[2026-03-16 10:14:17.998]   opened serial level db persister         [0;36mpath[0m = TestOnly-Epoch_369/Shard_0/id [0;36mcreated pointer[0m = 0xc000327dc0 [0;36mglobal db counter[0m = 3 [0;36mNewSerialDB[0m = 0.0033s [0;36mmkdirAll[0m = 0.0002s [0;36mopenLevelDB[0m = 0.0031s 
[0;36mDEBUG[0m[2026-03-16 10:14:17.998]   PruningStorer.processPersistersToClose   [0;36mepochs to close[0m = [367] [0;36mbefore process[0m = [369 368 367] [0;36mafter process[0m = [369 368] 
[0;36mDEBUG[0m[2026-03-16 10:14:17.999]   makeDbPointerNilReturningLast            [0;36mpath[0m = TestOnly-Epoch_367/Shard_0/id [0;36mnilled pointer[0m = 0xc0005808c0 [0;36mglobal db counter[0m = 2 
[0;36mDEBUG[0m[2026-03-16 10:14:17.999]   batchTimeoutHandle - closing             [0;36mpath[0m = TestOnly-Epoch_367/Shard_0/id 
[0;36mDEBUG[0m[2026-03-16 10:14:17.999]   processLoop - closing the leveldb process loop [0;36mpath[0m = TestOnly-Epoch_367/Shard_0/id 
[0;36mDEBUG[0m[2026-03-16 10:14:18.002]   PruningStorer - change epoch             [0;36munit[0m = id [0;36mepoch[0m = 370 [0;36mbytes in cache[0m = 0 
[0;36mDEBUG[0m[2026-03-16 10:14:18.005]   opened serial level db persister         [0;36mpath[0m = TestOnly-Epoch_370/Shard_0/id [0;36mcreated pointer[0m = 0xc000685c00 [0;36mglobal db counter[0m = 3 [0;36mNewSerialDB[0m = 0.0029s [0;36mmkdirAll[0m = 0.0002s [0;36mopenLevelDB[0m = 0.0027s 
[0;36mDEBUG[0m[2026-03-16 10:14:18.005]   PruningStorer.processPersistersToClose   [0;36mepochs to close[0m = [368] [0;36mbefore process[0m = [370 369 368] [0;36mafter process[0m = [370 369] 
[0;36mDEBUG[0m[2026-03-16 10:14:18.006]   processLoop - closing the leveldb process loop [0;36mpath[0m = TestOnly-Epoch_368/Shard_0/id 
[0;36mDEBUG[0m[2026-03-16 10:14:18.006]   makeDbPointerNilReturningLast            [0;36mpath[0m = TestOnly-Epoch_368/Shard_0/id [0;36mnilled pointer[0m = 0xc000685880 [0;36mglobal db counter[0m = 2 
[0;36mDEBUG[0m[2026-03-16 10:14:18.006]   batchTimeoutHandle - closing             [0;36mpath[0m = TestOnly-Epoch_368/Shard_0/id 
[0;36mDEBUG[0m[2026-03-16 10:14:18.007]   PruningStorer - change epoch             [0;36munit[0m = id [0;36mepoch[0m = 371 [0;36mbytes in cache[0m = 0 
[0;36mDEBUG[0m[2026-03-16 10:14:18.010]   opened serial level db persister         [0;36mpath[0m = TestOnly-Epoch_371/Shard_0/id [0;36mcreated pointer[0m = 0xc000685dc0 [0;36mglobal db counter[0m = 3 [0;36mNewSerialDB[0m = 0.0031s [0;36mmkdirAll[0m = 0.0002s [0;36mopenLevelDB[0m = 0.0029s 
[0;36mDEBUG[0m[2026-03-16 10:14:18.010]   PruningStorer.processPersistersToClose   [0;36mepochs to close[0m = [369] [0;36mbefore process[0m = [371 370 369] [0;36mafter process[0m = [371 370] 
[0;36mDEBUG[0m[2026-03-16 10:14:18.010]   makeDbPointerNilReturningLast            [0;36mpath[0m = TestOnly-Epoch_369/Shard_0/id [0;36mnilled pointer[0m = 0xc000327dc0 [0;36mglobal db counter[0m = 2 
[0;36mDEBUG[0m[2026-03-16 10:14:18.010]   processLoop - closing the leveldb process loop [0;36mpath[0m = TestOnly-Epoch_369/Shard_0/id 
[0;36mDEBUG[0m[2026-03-16 10:14:18.010]   batchTimeoutHandle - closing             [0;36mpath[0m = TestOnly-Epoch_369/Shard_0/id 
[0;36mDEBUG[0m[2026-03-16 10:14:18.012]   PruningStorer - change epoch             [0;36munit[0m = id [0;36mepoch[0m = 372 [0;36mbytes in cache[0m = 0 
[0;36mDEBUG[0m[2026-03-16 10:14:18.016]   opened serial level db persister         [0;36mpath[0m = TestOnly-Epoch_372/Shard_0/id [0;36mcreated pointer[0m = 0xc0009761c0 [0;36mglobal db counter[0m = 3 [0;36mNewSerialDB[0m = 0.0039s [0;36mmkdirAll[0m = 0.0002s [0;36mopenLevelDB[0m = 0.0037s 
[0;36mDEBUG[0m[2026-03-16 10:14:18.016]   PruningStorer.processPersistersToClose   [0;36mepochs to close[0m = [370] [0;36mbefore process[0m = [372 371 370] [0;36mafter process[0m = [372 371] 
[0;36mDEBUG[0m[2026-03-16 10:14:18.016]   processLoop - closing the leveldb process loop [0;36mpath[0m = TestOnly-Epoch_370/Shard_0/id 
[0;36mDEBUG[0m[2026-03-16 10:14:18.016]   makeDbPointerNilReturningLast            [0;36mpath[0m = TestOnly-Epoch_370/Shard_0/id [0;36mnilled pointer[0m = 0xc000685c00 [0;36mglobal db counter[0m = 2 
[0;36mDEBUG[0m[2026-03-16 10:14:18.016]   batchTimeoutHandle - closing             [0;36mpath[0m = TestOnly-Epoch_370/Shard_0/id 
[0;36mDEBUG[0m[2026-03-16 10:14:18.018]   PruningStorer - change epoch             [0;36munit[0m = id [0;36mepoch[0m = 373 [0;36mbytes in cache[0m = 0 
[0;36mDEBUG[0m[2026-03-16 10:14:18.021]   opened serial level db persister         [0;36mpath[0m = TestOnly-Epoch_373/Shard_0/id [0;36mcreated pointer[0m = 0xc0005c5500 [0;36mglobal db counter[0m = 3 [0;36mNewSerialDB[0m = 0.0029s [0;36mmkdirAll[0m = 0.0002s [0;36mopenLevelDB[0m = 0.0027s 
[0;36mDEBUG[0m[2026-03-16 10:14:18.021]   PruningStorer.processPersistersToClose   [0;36mepochs to close[0m = [371] [0;36mbefore process[0m = [373 372 371] [0;36mafter process[0m = [373 372] 
[0;36mDEBUG[0m[2026-03-16 10:14:18.021]   makeDbPointerNilReturningLast            [0;36mpath[0m = TestOnly-Epoch_371/Shard_0/id [0;36mnilled pointer[0m = 0xc000685dc0 [0;36mglobal db counter[0m = 2 
[0;36mDEBUG[0m[2026-03-16 10:14:18.021]   processLoop - closing the leveldb process loop [0;36mpath[0m = TestOnly-Epoch_371/Shard_0/id 
[0;36mDEBUG[0m[2026-03-16 10:14:18.021]   batchTimeoutHandle - closing             [0;36mpath[0m = TestOnly-Epoch_371/Shard_0/id 
[0;36mDEBUG[0m[2026-03-16 10:14:18.023]   PruningStorer - change epoch             [0;36munit[0m = id [0;36mepoch[0m = 374 [0;36mbytes in cache[0m = 0 
[0;36mDEBUG[0m[2026-03-16 10:14:18.031]   opened serial level db persister         [0;36mpath[0m = TestOnly-Epoch_374/Shard_0/id [0;36mcreated pointer[0m = 0xc000510700 [0;36mglobal db counter[0m = 3 [0;36mNewSerialDB[0m = 0.0077s [0;36mmkdirAll[0m = 0.0002s [0;36mopenLevelDB[0m = 0.0075s 
[0;36mDEBUG[0m[2026-03-16 10:14:18.031]   PruningStorer.processPersistersToClose   [0;36mepochs to close[0m = [372] [0;36mbefore process[0m = [374 373 372] [0;36mafter process[0m = [374 373] 
[0;36mDEBUG[0m[2026-03-16 10:14:18.032]   makeDbPointerNilReturningLast            [0;36mpath[0m = TestOnly-Epoch_372/Shard_0/id [0;36mnilled pointer[0m = 0xc0009761c0 [0;36mglobal db counter[0m = 2 
[0;36mDEBUG[0m[2026-03-16 10:14:18.032]   processLoop - closing the leveldb process loop [0;36mpath[0m = TestOnly-Epoch_372/Shard_0/id 
[0;36mDEBUG[0m[2026-03-16 10:14:18.032]   batchTimeoutHandle - closing             [0;36mpath[0m = TestOnly-Epoch_372/Shard_0/id 
[0;36mDEBUG[0m[2026-03-16 10:14:18.033]   PruningStorer - change epoch             [0;36munit[0m = id [0;36mepoch[0m = 375 [0;36mbytes in cache[0m = 0 
[0;36mDEBUG[0m[2026-03-16 10:14:18.036]   opened serial level db persister         [0;36mpath[0m = TestOnly-Epoch_375/Shard_0/id [0;36mcreated pointer[0m = 0xc000510a80 [0;36mglobal db counter[0m = 3 [0;36mNewSerialDB[0m = 0.0033s [0;36mmkdirAll[0m = 0.0002s [0;36mopenLevelDB[0m = 0.0031s 
[0;36mDEBUG[0m[2026-03-16 10:14:18.036]   PruningStorer.processPersistersToClose   [0;36mepochs to close[0m = [373] [0;36mbefore process[0m = [375 374 373] [0;36mafter process[0m = [375 374] 
[0;36mDEBUG[0m[2026-03-16 10:14:18.037]   makeDbPointerNilReturningLast            [0;36mpath[0m = TestOnly-Epoch_373/Shard_0/id [0;36mnilled pointer[0m = 0xc0005c5500 [0;36mglobal db counter[0m = 2 
[0;36mDEBUG[0m[2026-03-16 10:14:18.037]   processLoop - closing the leveldb process loop [0;36mpath[0m = TestOnly-Epoch_373/Shard_0/id 
[0;36mDEBUG[0m[2026-03-16 10:14:18.037]   batchTimeoutHandle - closing             [0;36mpath[0m = TestOnly-Epoch_373/Shard_0/id 
[0;36mDEBUG[0m[2026-03-16 10:14:18.038]   PruningStorer - change epoch             [0;36munit[0m = id [0;36mepoch[0m = 376 [0;36mbytes in cache[0m = 0 
[0;36mDEBUG[0m[2026-03-16 10:14:18.041]   opened serial level db persister         [0;36mpath[0m = TestOnly-Epoch_376/Shard_0/id [0;36mcreated pointer[0m = 0xc000685340 [0;36mglobal db counter[0m = 3 [0;36mNewSerialDB[0m = 0.0033s [0;36mmkdirAll[0m = 0.0002s [0;36mopenLevelDB[0m = 0.0031s 
[0;36mDEBUG[0m[2026-03-16 10:14:18.041]   PruningStorer.processPersistersToClose   [0;36mepochs to close[0m = [374] [0;36mbefore process[0m = [376 375 374] [0;36mafter process[0m = [376 375] 
[0;36mDEBUG[0m[2026-03-16 10:14:18.042]   makeDbPointerNilReturningLast            [0;36mpath[0m = TestOnly-Epoch_374/Shard_0/id [0;36mnilled pointer[0m = 0xc000510700 [0;36mglobal db counter[0m = 2 
[0;36mDEBUG[0m[2026-03-16 10:14:18.042]   processLoop - closing the leveldb process loop [0;36mpath[0m = TestOnly-Epoch_374/Shard_0/id 
[0;36mDEBUG[0m[2026-03-16 10:14:18.042]   batchTimeoutHandle - closing             [0;36mpath[0m = TestOnly-Epoch_374/Shard_0/id 
[0;36mDEBUG[0m[2026-03-16 10:14:18.044]   PruningStorer - change epoch             [0;36munit[0m = id [0;36mepoch[0m = 377 [0;36mbytes in cache[0m = 0 
[0;36mDEBUG[0m[2026-03-16 10:14:18.047]   opened serial level db persister         [0;36mpath[0m = TestOnly-Epoch_377/Shard_0/id [0;36mcreated pointer[0m = 0xc0005c5c00 [0;36mglobal db counter[0m = 3 [0;36mNewSerialDB[0m = 0.0036s [0;36mmkdirAll[0m = 0.0002s [0;36mopenLevelDB[0m = 0.0034s 
[0;36mDEBUG[0m[2026-03-16 10:14:18.048]   PruningStorer.processPersistersToClose   [0;36mepochs to close[0m = [375] [0;36mbefore process[0m = [377 376 375] [0;36mafter process[0m = [377 376] 
[0;36mDEBUG[0m[2026-03-16 10:14:18.048]   makeDbPointerNilReturningLast            [0;36mpath[0m = TestOnly-Epoch_375/Shard_0/id [0;36mnilled pointer[0m = 0xc000510a80 [0;36mglobal db counter[0m = 2 
[0;36mDEBUG[0m[2026-03-16 10:14:18.048]   processLoop - closing the leveldb process loop [0;36mpath[0m = TestOnly-Epoch_375/Shard_0/id 
[0;36mDEBUG[0m[2026-03-16 10:14:18.048]   batchTimeoutHandle - closing             [0;36mpath[0m = TestOnly-Epoch_375/Shard_0/id 
[0;36mDEBUG[0m[2026-03-16 10:14:18.050]   PruningStorer - change epoch             [0;36munit[0m = id [0;36mepoch[0m = 378 [0;36mbytes in cache[0m = 0 
[0;36mDEBUG[0m[2026-03-16 10:14:18.054]   opened serial level db persister         [0;36mpath[0m = TestOnly-Epoch_378/Shard_0/id [0;36mcreated pointer[0m = 0xc000172700 [0;36mglobal db counter[0m = 3 [0;36mNewSerialDB[0m = 0.0035s [0;36mmkdirAll[0m = 0.0002s [0;36mopenLevelDB[0m = 0.0033s 
[0;36mDEBUG[0m[2026-03-16 10:14:18.054]   PruningStorer.processPersistersToClose   [0;36mepochs to close[0m = [376] [0;36mbefore process[0m = [378 377 376] [0;36mafter process[0m = [378 377] 
[0;36mDEBUG[0m[2026-03-16 10:14:18.054]   makeDbPointerNilReturningLast            [0;36mpath[0m = TestOnly-Epoch_376/Shard_0/id [0;36mnilled pointer[0m = 0xc000685340 [0;36mglobal db counter[0m = 2 
[0;36mDEBUG[0m[2026-03-16 10:14:18.054]   batchTimeoutHandle - closing             [0;36mpath[0m = TestOnly-Epoch_376/Shard_0/id 
[0;36mDEBUG[0m[2026-03-16 10:14:18.054]   processLoop - closing the leveldb process loop [0;36mpath[0m = TestOnly-Epoch_376/Shard_0/id 
[0;36mDEBUG[0m[2026-03-16 10:14:18.055]   PruningStorer - change epoch             [0;36munit[0m = id [0;36mepoch[0m = 379 [0;36mbytes in cache[0m = 0 
[0;36mDEBUG[0m[2026-03-16 10:14:18.058]   opened serial level db persister         [0;36mpath[0m = TestOnly-Epoch_379/Shard_0/id [0;36mcreated pointer[0m = 0xc000172e00 [0;36mglobal db counter[0m = 3 [0;36mNewSerialDB[0m = 0.0028s [0;36mmkdirAll[0m = 0.0002s [0;36mopenLevelDB[0m = 0.0026s 
[0;36mDEBUG[0m[2026-03-16 10:14:18.058]   PruningStorer.processPersistersToClose   [0;36mepochs to close[0m = [377] [0;36mbefore process[0m = [379 378 377] [0;36mafter process[0m = [379 378] 
[0;36mDEBUG[0m[2026-03-16 10:14:18.059]   makeDbPointerNilReturningLast            [0;36mpath[0m = TestOnly-Epoch_377/Shard_0/id [0;36mnilled pointer[0m = 0xc0005c5c00 [0;36mglobal db counter[0m = 2 
[0;36mDEBUG[0m[2026-03-16 10:14:18.059]   batchTimeoutHandle - closing             [0;36mpath[0m = TestOnly-Epoch_377/Shard_0/id 
[0;36mDEBUG[0m[2026-03-16 10:14:18.059]   processLoop - closing the leveldb process loop [0;36mpath[0m = TestOnly-Epoch_377/Shard_0/id 
[0;36mDEBUG[0m[2026-03-16 10:14:18.066]   PruningStorer - change epoch             [0;36munit[0m = id [0;36mepoch[0m = 380 [0;36mbytes in cache[0m = 0 
[0;36mDEBUG[0m[2026-03-16 10:14:18.070]   opened serial level db persister         [0;36mpath[0m = TestOnly-Epoch_380/Shard_0/id [0;36mcreated pointer[0m = 0xc000cfec40 [0;36mglobal db counter[0m = 3 [0;36mNewSerialDB[0m = 0.0037s [0;36mmkdirAll[0m = 0.0002s [0;36mopenLevelDB[0m = 0.0035s 
[0;36mDEBUG[0m[2026-03-16 10:14:18.070]   PruningStorer.processPersistersToClose   [0;36mepochs to close[0m = [378] [0;36mbefore process[0m = [380 379 378] [0;36mafter process[0m = [380 379] 
[0;36mDEBUG[0m[2026-03-16 10:14:18.070]   makeDbPointerNilReturningLast            [0;36mpath[0m = TestOnly-Epoch_378/Shard_0/id [0;36mnilled pointer[0m = 0xc000172700 [0;36mglobal db counter[0m = 2 
[0;36mDEBUG[0m[2026-03-16 10:14:18.070]   processLoop - closing the leveldb process loop [0;36mpath[0m = TestOnly-Epoch_378/Shard_0/id 
[0;36mDEBUG[0m[2026-03-16 10:14:18.070]   batchTimeoutHandle - closing             [0;36mpath[0m = TestOnly-Epoch_378/Shard_0/id 
[0;36mDEBUG[0m[2026-03-16 10:14:18.071]   PruningStorer - change epoch             [0;36munit[0m = id [0;36mepoch[0m = 381 [0;36mbytes in cache[0m = 0 
[0;36mDEBUG[0m[2026-03-16 10:14:18.075]   opened serial level db persister         [0;36mpath[0m = TestOnly-Epoch_381/Shard_0/id [0;36mcreated pointer[0m = 0xc000511340 [0;36mglobal db counter[0m = 3 [0;36mNewSerialDB[0m = 0.0033s [0;36mmkdirAll[0m = 0.0002s [0;36mopenLevelDB[0m = 0.0031s 
[0;36mDEBUG[0m[2026-03-16 10:14:18.075]   PruningStorer.processPersistersToClose   [0;36mepochs to close[0m = [379] [0;36mbefore process[0m = [381 380 379] [0;36mafter process[0m = [381 380] 
[0;36mDEBUG[0m[2026-03-16 10:14:18.075]   makeDbPointerNilReturningLast            [0;36mpath[0m = TestOnly-Epoch_379/Shard_0/id [0;36mnilled pointer[0m = 0xc000172e00 [0;36mglobal db counter[0m = 2 
[0;36mDEBUG[0m[2026-03-16 10:14:18.075]   processLoop - closing the leveldb process loop [0;36mpath[0m = TestOnly-Epoch_379/Shard_0/id 
[0;36mDEBUG[0m[2026-03-16 10:14:18.075]   batchTimeoutHandle - closing             [0;36mpath[0m = TestOnly-Epoch_379/Shard_0/id 
[0;36mDEBUG[0m[2026-03-16 10:14:18.077]   PruningStorer - change epoch             [0;36munit[0m = id [0;36mepoch[0m = 382 [0;36mbytes in cache[0m = 0 
[0;36mDEBUG[0m[2026-03-16 10:14:18.081]   opened serial level db persister         [0;36mpath[0m = TestOnly-Epoch_382/Shard_0/id [0;36mcreated pointer[0m = 0xc000327500 [0;36mglobal db counter[0m = 3 [0;36mNewSerialDB[0m = 0.0039s [0;36mmkdirAll[0m = 0.0002s [0;36mopenLevelDB[0m = 0.0037s 
[0;36mDEBUG[0m[2026-03-16 10:14:18.081]   PruningStorer.processPersistersToClose   [0;36mepochs to close[0m = [380] [0;36mbefore process[0m = [382 381 380] [0;36mafter process[0m = [382 381] 
[0;36mDEBUG[0m[2026-03-16 10:14:18.081]   makeDbPointerNilReturningLast            [0;36mpath[0m = TestOnly-Epoch_380/Shard_0/id [0;36mnilled pointer[0m = 0xc000cfec40 [0;36mglobal db counter[0m = 2 
[0;36mDEBUG[0m[2026-03-16 10:14:18.081]   processLoop - closing the leveldb process loop [0;36mpath[0m = TestOnly-Epoch_380/Shard_0/id 
[0;36mDEBUG[0m[2026-03-16 10:14:18.081]   batchTimeoutHandle - closing             [0;36mpath[0m = TestOnly-Epoch_380/Shard_0/id 
[0;36mDEBUG[0m[2026-03-16 10:14:18.082]   PruningStorer - change epoch             [0;36munit[0m = id [0;36mepoch[0m = 383 [0;36mbytes in cache[0m = 0 
[0;36mDEBUG[0m[2026-03-16 10:14:18.086]   opened serial level db persister         [0;36mpath[0m = TestOnly-Epoch_383/Shard_0/id [0;36mcreated pointer[0m = 0xc000511880 [0;36mglobal db counter[0m = 3 [0;36mNewSerialDB[0m = 0.0034s [0;36mmkdirAll[0m = 0.0001s [0;36mopenLevelDB[0m = 0.0032s 
[0;36mDEBUG[0m[2026-03-16 10:14:18.086]   PruningStorer.processPersistersToClose   [0;36mepochs to close[0m = [381] [0;36mbefore process[0m = [383 382 381] [0;36mafter process[0m = [383 382] 
[0;36mDEBUG[0m[2026-03-16 10:14:18.086]   makeDbPointerNilReturningLast            [0;36mpath[0m = TestOnly-Epoch_381/Shard_0/id [0;36mnilled pointer[0m = 0xc000511340 [0;36mglobal db counter[0m = 2 
[0;36mDEBUG[0m[2026-03-16 10:14:18.086]   processLoop - closing the leveldb process loop [0;36mpath[0m = TestOnly-Epoch_381/Shard_0/id 
[0;36mDEBUG[0m[2026-03-16 10:14:18.086]   batchTimeoutHandle - closing             [0;36mpath[0m = TestOnly-Epoch_381/Shard_0/id 
[0;36mDEBUG[0m[2026-03-16 10:14:18.089]   PruningStorer - change epoch             [0;36munit[0m = id [0;36mepoch[0m = 384 [0;36mbytes in cache[0m = 0 
[0;36mDEBUG[0m[2026-03-16 10:14:18.096]   opened serial level db persister         [0;36mpath[0m = TestOnly-Epoch_384/Shard_0/id [0;36mcreated pointer[0m = 0xc000327180 [0;36mglobal db counter[0m = 3 [0;36mNewSerialDB[0m = 0.0072s [0;36mmkdirAll[0m = 0.0002s [0;36mopenLevelDB[0m = 0.0070s 
[0;36mDEBUG[0m[2026-03-16 10:14:18.096]   PruningStorer.processPersistersToClose   [0;36mepochs to close[0m = [382] [0;36mbefore process[0m = [384 383 382] [0;36mafter process[0m = [384 383] 
[0;36mDEBUG[0m[2026-03-16 10:14:18.096]   makeDbPointerNilReturningLast            [0;36mpath[0m = TestOnly-Epoch_382/Shard_0/id [0;36mnilled pointer[0m = 0xc000327500 [0;36mglobal db counter[0m = 2 
[0;36mDEBUG[0m[2026-03-16 10:14:18.097]   processLoop - closing the leveldb process loop [0;36mpath[0m = TestOnly-Epoch_382/Shard_0/id 
[0;36mDEBUG[0m[2026-03-16 10:14:18.097]   batchTimeoutHandle - closing             [0;36mpath[0m = TestOnly-Epoch_382/Shard_0/id 
[0;36mDEBUG[0m[2026-03-16 10:14:18.098]   PruningStorer - change epoch             [0;36munit[0m = id [0;36mepoch[0m = 385 [0;36mbytes in cache[0m = 0 
[0;36mDEBUG[0m[2026-03-16 10:14:18.101]   opened serial level db persister         [0;36mpath[0m = TestOnly-Epoch_385/Shard_0/id [0;36mcreated pointer[0m = 0xc00078e540 [0;36mglobal db counter[0m = 3 [0;36mNewSerialDB[0m = 0.0028s [0;36mmkdirAll[0m = 0.0002s [0;36mopenLevelDB[0m = 0.0026s 
[0;36mDEBUG[0m[2026-03-16 10:14:18.101]   PruningStorer.processPersistersToClose   [0;36mepochs to close[0m = [383] [0;36mbefore process[0m = [385 384 383] [0;36mafter process[0m = [385 384] 
[0;36mDEBUG[0m[2026-03-16 10:14:18.101]   makeDbPointerNilReturningLast            [0;36mpath[0m = TestOnly-Epoch_383/Shard_0/id [0;36mnilled pointer[0m = 0xc000511880 [0;36mglobal db counter[0m = 2 
[0;36mDEBUG[0m[2026-03-16 10:14:18.101]   processLoop - closing the leveldb process loop [0;36mpath[0m = TestOnly-Epoch_383/Shard_0/id 
[0;36mDEBUG[0m[2026-03-16 10:14:18.101]   batchTimeoutHandle - closing             [0;36mpath[0m = TestOnly-Epoch_383/Shard_0/id 
[0;36mDEBUG[0m[2026-03-16 10:14:18.102]   PruningStorer - change epoch             [0;36munit[0m = id [0;36mepoch[0m = 386 [0;36mbytes in cache[0m = 0 
[0;36mDEBUG[0m[2026-03-16 10:14:18.106]   opened serial level db persister         [0;36mpath[0m = TestOnly-Epoch_386/Shard_0/id [0;36mcreated pointer[0m = 0xc000172a80 [0;36mglobal db counter[0m = 3 [0;36mNewSerialDB[0m = 0.0041s [0;36mmkdirAll[0m = 0.0002s [0;36mopenLevelDB[0m = 0.0039s 
[0;36mDEBUG[0m[2026-03-16 10:14:18.106]   PruningStorer.processPersistersToClose   [0;36mepochs to close[0m = [384] [0;36mbefore process[0m = [386 385 384] [0;36mafter process[0m = [386 385] 
[0;36mDEBUG[0m[2026-03-16 10:14:18.107]   makeDbPointerNilReturningLast            [0;36mpath[0m = TestOnly-Epoch_384/Shard_0/id [0;36mnilled pointer[0m = 0xc000327180 [0;36mglobal db counter[0m = 2 
[0;36mDEBUG[0m[2026-03-16 10:14:18.107]   processLoop - closing the leveldb process loop [0;36mpath[0m = TestOnly-Epoch_384/Shard_0/id 
[0;36mDEBUG[0m[2026-03-16 10:14:18.107]   batchTimeoutHandle - closing             [0;36mpath[0m = TestOnly-Epoch_384/Shard_0/id 
[0;36mDEBUG[0m[2026-03-16 10:14:18.108]   PruningStorer - change epoch             [0;36munit[0m = id [0;36mepoch[0m = 387 [0;36mbytes in cache[0m = 0 
[0;36mDEBUG[0m[2026-03-16 10:14:18.112]   opened serial level db persister         [0;36mpath[0m = TestOnly-Epoch_387/Shard_0/id [0;36mcreated pointer[0m = 0xc00078e000 [0;36mglobal db counter[0m = 3 [0;36mNewSerialDB[0m = 0.0033s [0;36mmkdirAll[0m = 0.0001s [0;36mopenLevelDB[0m = 0.0032s 
[0;36mDEBUG[0m[2026-03-16 10:14:18.112]   PruningStorer.processPersistersToClose   [0;36mepochs to close[0m = [385] [0;36mbefore process[0m = [387 386 385] [0;36mafter process[0m = [387 386] 
[0;36mDEBUG[0m[2026-03-16 10:14:18.112]   makeDbPointerNilReturningLast            [0;36mpath[0m = TestOnly-Epoch_385/Shard_0/id [0;36mnilled pointer[0m = 0xc00078e540 [0;36mglobal db counter[0m = 2 
[0;36mDEBUG[0m[2026-03-16 10:14:18.112]   processLoop - closing the leveldb process loop [0;36mpath[0m = TestOnly-Epoch_385/Shard_0/id 
[0;36mDEBUG[0m[2026-03-16 10:14:18.112]   batchTimeoutHandle - closing             [0;36mpath[0m = TestOnly-Epoch_385/Shard_0/id 
[0;36mDEBUG[0m[2026-03-16 10:14:18.114]   PruningStorer - change epoch             [0;36munit[0m = id [0;36mepoch[0m = 388 [0;36mbytes in cache[0m = 0 
[0;36mDEBUG[0m[2026-03-16 10:14:18.116]   opened serial level db persister         [0;36mpath[0m = TestOnly-Epoch_388/Shard_0/id [0;36mcreated pointer[0m = 0xc000cffc00 [0;36mglobal db counter[0m = 3 [0;36mNewSerialDB[0m = 0.0028s [0;36mmkdirAll[0m = 0.0002s [0;36mopenLevelDB[0m = 0.0026s 
[0;36mDEBUG[0m[2026-03-16 10:14:18.116]   PruningStorer.processPersistersToClose   [0;36mepochs to close[0m = [386] [0;36mbefore process[0m = [388 387 386] [0;36mafter process[0m = [388 387] 
[0;36mDEBUG[0m[2026-03-16 10:14:18.117]   makeDbPointerNilReturningLast            [0;36mpath[0m = TestOnly-Epoch_386/Shard_0/id [0;36mnilled pointer[0m = 0xc000172a80 [0;36mglobal db counter[0m = 2 
[0;36mDEBUG[0m[2026-03-16 10:14:18.117]   processLoop - closing the leveldb process loop [0;36mpath[0m = TestOnly-Epoch_386/Shard_0/id 
[0;36mDEBUG[0m[2026-03-16 10:14:18.117]   batchTimeoutHandle - closing             [0;36mpath[0m = TestOnly-Epoch_386/Shard_0/id 
[0;36mDEBUG[0m[2026-03-16 10:14:18.118]   PruningStorer - change epoch             [0;36munit[0m = id [0;36mepoch[0m = 389 [0;36mbytes in cache[0m = 0 
[0;36mDEBUG[0m[2026-03-16 10:14:18.121]   opened serial level db persister         [0;36mpath[0m = TestOnly-Epoch_389/Shard_0/id [0;36mcreated pointer[0m = 0xc000542540 [0;36mglobal db counter[0m = 3 [0;36mNewSerialDB[0m = 0.0027s [0;36mmkdirAll[0m = 0.0002s [0;36mopenLevelDB[0m = 0.0025s 
[0;36mDEBUG[0m[2026-03-16 10:14:18.121]   PruningStorer.processPersistersToClose   [0;36mepochs to close[0m = [387] [0;36mbefore process[0m = [389 388 387] [0;36mafter process[0m = [389 388] 
[0;36mDEBUG[0m[2026-03-16 10:14:18.122]   makeDbPointerNilReturningLast            [0;36mpath[0m = TestOnly-Epoch_387/Shard_0/id [0;36mnilled pointer[0m = 0xc00078e000 [0;36mglobal db counter[0m = 2 
[0;36mDEBUG[0m[2026-03-16 10:14:18.122]   processLoop - closing the leveldb process loop [0;36mpath[0m = TestOnly-Epoch_387/Shard_0/id 
[0;36mDEBUG[0m[2026-03-16 10:14:18.122]   batchTimeoutHandle - closing             [0;36mpath[0m = TestOnly-Epoch_387/Shard_0/id 
[0;36mDEBUG[0m[2026-03-16 10:14:18.124]   PruningStorer - change epoch             [0;36munit[0m = id [0;36mepoch[0m = 390 [0;36mbytes in cache[0m = 0 
[0;36mDEBUG[0m[2026-03-16 10:14:18.127]   opened serial level db persister         [0;36mpath[0m = TestOnly-Epoch_390/Shard_0/id [0;36mcreated pointer[0m = 0xc000685a40 [0;36mglobal db counter[0m = 3 [0;36mNewSerialDB[0m = 0.0031s [0;36mmkdirAll[0m = 0.0002s [0;36mopenLevelDB[0m = 0.0030s 
[0;36mDEBUG[0m[2026-03-16 10:14:18.127]   PruningStorer.processPersistersToClose   [0;36mepochs to close[0m = [388] [0;36mbefore process[0m = [390 389 388] [0;36mafter process[0m = [390 389] 
[0;36mDEBUG[0m[2026-03-16 10:14:18.127]   makeDbPointerNilReturningLast            [0;36mpath[0m = TestOnly-Epoch_388/Shard_0/id [0;36mnilled pointer[0m = 0xc000cffc00 [0;36mglobal db counter[0m = 2 
[0;36mDEBUG[0m[2026-03-16 10:14:18.127]   processLoop - closing the leveldb process loop [0;36mpath[0m = TestOnly-Epoch_388/Shard_0/id 
[0;36mDEBUG[0m[2026-03-16 10:14:18.127]   batchTimeoutHandle - closing             [0;36mpath[0m = TestOnly-Epoch_388/Shard_0/id 
[0;36mDEBUG[0m[2026-03-16 10:14:18.129]   PruningStorer - change epoch             [0;36munit[0m = id [0;36mepoch[0m = 391 [0;36mbytes in cache[0m = 0 
[0;36mDEBUG[0m[2026-03-16 10:14:18.131]   opened serial level db persister         [0;36mpath[0m = TestOnly-Epoch_391/Shard_0/id [0;36mcreated pointer[0m = 0xc0001608c0 [0;36mglobal db counter[0m = 3 [0;36mNewSerialDB[0m = 0.0027s [0;36mmkdirAll[0m = 0.0002s [0;36mopenLevelDB[0m = 0.0025s 
[0;36mDEBUG[0m[2026-03-16 10:14:18.131]   PruningStorer.processPersistersToClose   [0;36mepochs to close[0m = [389] [0;36mbefore process[0m = [391 390 389] [0;36mafter process[0m = [391 390] 
[0;36mDEBUG[0m[2026-03-16 10:14:18.132]   makeDbPointerNilReturningLast            [0;36mpath[0m = TestOnly-Epoch_389/Shard_0/id [0;36mnilled pointer[0m = 0xc000542540 [0;36mglobal db counter[0m = 2 
[0;36mDEBUG[0m[2026-03-16 10:14:18.132]   processLoop - closing the leveldb process loop [0;36mpath[0m = TestOnly-Epoch_389/Shard_0/id 
[0;36mDEBUG[0m[2026-03-16 10:14:18.132]   batchTimeoutHandle - closing             [0;36mpath[0m = TestOnly-Epoch_389/Shard_0/id 
[0;36mDEBUG[0m[2026-03-16 10:14:18.133]   PruningStorer - change epoch             [0;36munit[0m = id [0;36mepoch[0m = 392 [0;36mbytes in cache[0m = 0 
[0;36mDEBUG[0m[2026-03-16 10:14:18.136]   opened serial level db persister         [0;36mpath[0m = TestOnly-Epoch_392/Shard_0/id [0;36mcreated pointer[0m = 0xc0005116c0 [0;36mglobal db counter[0m = 3 [0;36mNewSerialDB[0m = 0.0025s [0;36mmkdirAll[0m = 0.0002s [0;36mopenLevelDB[0m = 0.0023s 
[0;36mDEBUG[0m[2026-03-16 10:14:18.136]   PruningStorer.processPersistersToClose   [0;36mepochs to close[0m = [390] [0;36mbefore process[0m = [392 391 390] [0;36mafter process[0m = [392 391] 
[0;36mDEBUG[0m[2026-03-16 10:14:18.136]   makeDbPointerNilReturningLast            [0;36mpath[0m = TestOnly-Epoch_390/Shard_0/id [0;36mnilled pointer[0m = 0xc000685a40 [0;36mglobal db counter[0m = 2 
[0;36mDEBUG[0m[2026-03-16 10:14:18.136]   processLoop - closing the leveldb process loop [0;36mpath[0m = TestOnly-Epoch_390/Shard_0/id 
[0;36mDEBUG[0m[2026-03-16 10:14:18.136]   batchTimeoutHandle - closing             [0;36mpath[0m = TestOnly-Epoch_390/Shard_0/id 
[0;36mDEBUG[0m[2026-03-16 10:14:18.137]   PruningStorer - change epoch             [0;36munit[0m = id [0;36mepoch[0m = 393 [0;36mbytes in cache[0m = 0 
[0;36mDEBUG[0m[2026-03-16 10:14:18.141]   opened serial level db persister         [0;36mpath[0m = TestOnly-Epoch_393/Shard_0/id [0;36mcreated pointer[0m = 0xc000a0ac40 [0;36mglobal db counter[0m = 3 [0;36mNewSerialDB[0m = 0.0033s [0;36mmkdirAll[0m = 0.0002s [0;36mopenLevelDB[0m = 0.0031s 
[0;36mDEBUG[0m[2026-03-16 10:14:18.141]   PruningStorer.processPersistersToClose   [0;36mepochs to close[0m = [391] [0;36mbefore process[0m = [393 392 391] [0;36mafter process[0m = [393 392] 
[0;36mDEBUG[0m[2026-03-16 10:14:18.141]   makeDbPointerNilReturningLast            [0;36mpath[0m = TestOnly-Epoch_391/Shard_0/id [0;36mnilled pointer[0m = 0xc0001608c0 [0;36mglobal db counter[0m = 2 
[0;36mDEBUG[0m[2026-03-16 10:14:18.141]   processLoop - closing the leveldb process loop [0;36mpath[0m = TestOnly-Epoch_391/Shard_0/id 
[0;36mDEBUG[0m[2026-03-16 10:14:18.141]   batchTimeoutHandle - closing             [0;36mpath[0m = TestOnly-Epoch_391/Shard_0/id 
[0;36mDEBUG[0m[2026-03-16 10:14:18.143]   PruningStorer - change epoch             [0;36munit[0m = id [0;36mepoch[0m = 394 [0;36mbytes in cache[0m = 0 
[0;36mDEBUG[0m[2026-03-16 10:14:18.146]   opened serial level db persister         [0;36mpath[0m = TestOnly-Epoch_394/Shard_0/id [0;36mcreated pointer[0m = 0xc000976a80 [0;36mglobal db counter[0m = 3 [0;36mNewSerialDB[0m = 0.0037s [0;36mmkdirAll[0m = 0.0002s [0;36mopenLevelDB[0m = 0.0035s 
[0;36mDEBUG[0m[2026-03-16 10:14:18.146]   PruningStorer.processPersistersToClose   [0;36mepochs to close[0m = [392] [0;36mbefore process[0m = [394 393 392] [0;36mafter process[0m = [394 393] 
[0;36mDEBUG[0m[2026-03-16 10:14:18.147]   makeDbPointerNilReturningLast            [0;36mpath[0m = TestOnly-Epoch_392/Shard_0/id [0;36mnilled pointer[0m = 0xc0005116c0 [0;36mglobal db counter[0m = 2 
[0;36mDEBUG[0m[2026-03-16 10:14:18.147]   batchTimeoutHandle - closing             [0;36mpath[0m = TestOnly-Epoch_392/Shard_0/id 
[0;36mDEBUG[0m[2026-03-16 10:14:18.147]   processLoop - closing the leveldb process loop [0;36mpath[0m = TestOnly-Epoch_392/Shard_0/id 
[0;36mDEBUG[0m[2026-03-16 10:14:18.148]   PruningStorer - change epoch             [0;36munit[0m = id [0;36mepoch[0m = 395 [0;36mbytes in cache[0m = 0 
[0;36mDEBUG[0m[2026-03-16 10:14:18.151]   opened serial level db persister         [0;36mpath[0m = TestOnly-Epoch_395/Shard_0/id [0;36mcreated pointer[0m = 0xc000a0a700 [0;36mglobal db counter[0m = 3 [0;36mNewSerialDB[0m = 0.0028s [0;36mmkdirAll[0m = 0.0002s [0;36mopenLevelDB[0m = 0.0026s 
[0;36mDEBUG[0m[2026-03-16 10:14:18.151]   PruningStorer.processPersistersToClose   [0;36mepochs to close[0m = [393] [0;36mbefore process[0m = [395 394 393] [0;36mafter process[0m = [395 394] 
[0;36mDEBUG[0m[2026-03-16 10:14:18.152]   makeDbPointerNilReturningLast            [0;36mpath[0m = TestOnly-Epoch_393/Shard_0/id [0;36mnilled pointer[0m = 0xc000a0ac40 [0;36mglobal db counter[0m = 2 
[0;36mDEBUG[0m[2026-03-16 10:14:18.152]   processLoop - closing the leveldb process loop [0;36mpath[0m = TestOnly-Epoch_393/Shard_0/id 
[0;36mDEBUG[0m[2026-03-16 10:14:18.152]   batchTimeoutHandle - closing             [0;36mpath[0m = TestOnly-Epoch_393/Shard_0/id 
[0;36mDEBUG[0m[2026-03-16 10:14:18.153]   PruningStorer - change epoch             [0;36munit[0m = id [0;36mepoch[0m = 396 [0;36mbytes in cache[0m = 0 
[0;36mDEBUG[0m[2026-03-16 10:14:18.156]   opened serial level db persister         [0;36mpath[0m = TestOnly-Epoch_396/Shard_0/id [0;36mcreated pointer[0m = 0xc00073ee00 [0;36mglobal db counter[0m = 3 [0;36mNewSerialDB[0m = 0.0028s [0;36mmkdirAll[0m = 0.0002s [0;36mopenLevelDB[0m = 0.0026s 
[0;36mDEBUG[0m[2026-03-16 10:14:18.156]   PruningStorer.processPersistersToClose   [0;36mepochs to close[0m = [394] [0;36mbefore process[0m = [396 395 394] [0;36mafter process[0m = [396 395] 
[0;36mDEBUG[0m[2026-03-16 10:14:18.156]   makeDbPointerNilReturningLast            [0;36mpath[0m = TestOnly-Epoch_394/Shard_0/id [0;36mnilled pointer[0m = 0xc000976a80 [0;36mglobal db counter[0m = 2 
[0;36mDEBUG[0m[2026-03-16 10:14:18.156]   processLoop - closing the leveldb process loop [0;36mpath[0m = TestOnly-Epoch_394/Shard_0/id 
[0;36mDEBUG[0m[2026-03-16 10:14:18.156]   batchTimeoutHandle - closing             [0;36mpath[0m = TestOnly-Epoch_394/Shard_0/id 
[0;36mDEBUG[0m[2026-03-16 10:14:18.157]   PruningStorer - change epoch             [0;36munit[0m = id [0;36mepoch[0m = 397 [0;36mbytes in cache[0m = 0 
[0;36mDEBUG[0m[2026-03-16 10:14:18.160]   opened serial level db persister         [0;36mpath[0m = TestOnly-Epoch_397/Shard_0/id [0;36mcreated pointer[0m = 0xc000542380 [0;36mglobal db counter[0m = 3 [0;36mNewSerialDB[0m = 0.0027s [0;36mmkdirAll[0m = 0.0002s [0;36mopenLevelDB[0m = 0.0025s 
[0;36mDEBUG[0m[2026-03-16 10:14:18.160]   PruningStorer.processPersistersToClose   [0;36mepochs to close[0m = [395] [0;36mbefore process[0m = [397 396 395] [0;36mafter process[0m = [397 396] 
[0;36mDEBUG[0m[2026-03-16 10:14:18.161]   makeDbPointerNilReturningLast            [0;36mpath[0m = TestOnly-Epoch_395/Shard_0/id [0;36mnilled pointer[0m = 0xc000a0a700 [0;36mglobal db counter[0m = 2 
[0;36mDEBUG[0m[2026-03-16 10:14:18.161]   processLoop - closing the leveldb process loop [0;36mpath[0m = TestOnly-Epoch_395/Shard_0/id 
[0;36mDEBUG[0m[2026-03-16 10:14:18.161]   batchTimeoutHandle - closing             [0;36mpath[0m = TestOnly-Epoch_395/Shard_0/id 
[0;36mDEBUG[0m[2026-03-16 10:14:18.162]   PruningStorer - change epoch             [0;36munit[0m = id [0;36mepoch[0m = 398 [0;36mbytes in cache[0m = 0 
[0;36mDEBUG[0m[2026-03-16 10:14:18.165]   opened serial level db persister         [0;36mpath[0m = TestOnly-Epoch_398/Shard_0/id [0;36mcreated pointer[0m = 0xc00033c1c0 [0;36mglobal db counter[0m = 3 [0;36mNewSerialDB[0m = 0.0031s [0;36mmkdirAll[0m = 0.0002s [0;36mopenLevelDB[0m = 0.0028s 
[0;36mDEBUG[0m[2026-03-16 10:14:18.165]   PruningStorer.processPersistersToClose   [0;36mepochs to close[0m = [396] [0;36mbefore process[0m = [398 397 396] [0;36mafter process[0m = [398 397] 
[0;36mDEBUG[0m[2026-03-16 10:14:18.166]   makeDbPointerNilReturningLast            [0;36mpath[0m = TestOnly-Epoch_396/Shard_0/id [0;36mnilled pointer[0m = 0xc00073ee00 [0;36mglobal db counter[0m = 2 
[0;36mDEBUG[0m[2026-03-16 10:14:18.166]   processLoop - closing the leveldb process loop [0;36mpath[0m = TestOnly-Epoch_396/Shard_0/id 
[0;36mDEBUG[0m[2026-03-16 10:14:18.166]   batchTimeoutHandle - closing             [0;36mpath[0m = TestOnly-Epoch_396/Shard_0/id 
[0;36mDEBUG[0m[2026-03-16 10:14:18.167]   PruningStorer - change epoch             [0;36munit[0m = id [0;36mepoch[0m = 399 [0;36mbytes in cache[0m = 0 
[0;36mDEBUG[0m[2026-03-16 10:14:18.169]   opened serial level db persister         [0;36mpath[0m = TestOnly-Epoch_399/Shard_0/id [0;36mcreated pointer[0m = 0xc000542a80 [0;36mglobal db counter[0m = 3 [0;36mNewSerialDB[0m = 0.0025s [0;36mmkdirAll[0m = 0.0002s [0;36mopenLevelDB[0m = 0.0023s 
[0;36mDEBUG[0m[2026-03-16 10:14:18.169]   PruningStorer.processPersistersToClose   [0;36mepochs to close[0m = [397] [0;36mbefore process[0m = [399 398 397] [0;36mafter process[0m = [399 398] 
[0;36mDEBUG[0m[2026-03-16 10:14:18.170]   makeDbPointerNilReturningLast            [0;36mpath[0m = TestOnly-Epoch_397/Shard_0/id [0;36mnilled pointer[0m = 0xc000542380 [0;36mglobal db counter[0m = 2 
[0;36mDEBUG[0m[2026-03-16 10:14:18.170]   processLoop - closing the leveldb process loop [0;36mpath[0m = TestOnly-Epoch_397/Shard_0/id 
[0;36mDEBUG[0m[2026-03-16 10:14:18.170]   batchTimeoutHandle - closing             [0;36mpath[0m = TestOnly-Epoch_397/Shard_0/id 
[0;36mDEBUG[0m[2026-03-16 10:14:18.171]   PruningStorer - change epoch             [0;36munit[0m = id [0;36mepoch[0m = 400 [0;36mbytes in cache[0m = 0 
[0;36mDEBUG[0m[2026-03-16 10:14:18.175]   opened serial level db persister         [0;36mpath[0m = TestOnly-Epoch_400/Shard_0/id [0;36mcreated pointer[0m = 0xc00033c540 [0;36mglobal db counter[0m = 3 [0;36mNewSerialDB[0m = 0.0034s [0;36mmkdirAll[0m = 0.0002s [0;36mopenLevelDB[0m = 0.0032s 
[0;36mDEBUG[0m[2026-03-16 10:14:18.175]   PruningStorer.processPersistersToClose   [0;36mepochs to close[0m = [398] [0;36mbefore process[0m = [400 399 398] [0;36mafter process[0m = [400 399] 
[0;36mDEBUG[0m[2026-03-16 10:14:18.175]   makeDbPointerNilReturningLast            [0;36mpath[0m = TestOnly-Epoch_398/Shard_0/id [0;36mnilled pointer[0m = 0xc00033c1c0 [0;36mglobal db counter[0m = 2 
[0;36mDEBUG[0m[2026-03-16 10:14:18.175]   processLoop - closing the leveldb process loop [0;36mpath[0m = TestOnly-Epoch_398/Shard_0/id 
[0;36mDEBUG[0m[2026-03-16 10:14:18.175]   batchTimeoutHandle - closing             [0;36mpath[0m = TestOnly-Epoch_398/Shard_0/id 
[0;36mDEBUG[0m[2026-03-16 10:14:18.176]   PruningStorer - change epoch             [0;36munit[0m = id [0;36mepoch[0m = 401 [0;36mbytes in cache[0m = 0 
[0;36mDEBUG[0m[2026-03-16 10:14:18.180]   opened serial level db persister         [0;36mpath[0m = TestOnly-Epoch_401/Shard_0/id [0;36mcreated pointer[0m = 0xc0002eaa80 [0;36mglobal db counter[0m = 3 [0;36mNewSerialDB[0m = 0.0034s [0;36mmkdirAll[0m = 0.0002s [0;36mopenLevelDB[0m = 0.0032s 
[0;36mDEBUG[0m[2026-03-16 10:14:18.180]   PruningStorer.processPersistersToClose   [0;36mepochs to close[0m = [399] [0;36mbefore process[0m = [401 400 399] [0;36mafter process[0m = [401 400] 
[0;36mDEBUG[0m[2026-03-16 10:14:18.180]   makeDbPointerNilReturningLast            [0;36mpath[0m = TestOnly-Epoch_399/Shard_0/id [0;36mnilled pointer[0m = 0xc000542a80 [0;36mglobal db counter[0m = 2 
[0;36mDEBUG[0m[2026-03-16 10:14:18.180]   processLoop - closing the leveldb process loop [0;36mpath[0m = TestOnly-Epoch_399/Shard_0/id 
[0;36mDEBUG[0m[2026-03-16 10:14:18.180]   batchTimeoutHandle - closing             [0;36mpath[0m = TestOnly-Epoch_399/Shard_0/id 
[0;36mDEBUG[0m[2026-03-16 10:14:18.182]   PruningStorer - change epoch             [0;36munit[0m = id [0;36mepoch[0m = 402 [0;36mbytes in cache[0m = 0 
[0;36mDEBUG[0m[2026-03-16 10:14:18.185]   opened serial level db persister         [0;36mpath[0m = TestOnly-Epoch_402/Shard_0/id [0;36mcreated pointer[0m = 0xc000977880 [0;36mglobal db counter[0m = 3 [0;36mNewSerialDB[0m = 0.0034s [0;36mmkdirAll[0m = 0.0002s [0;36mopenLevelDB[0m = 0.0032s 
[0;36mDEBUG[0m[2026-03-16 10:14:18.185]   PruningStorer.processPersistersToClose   [0;36mepochs to close[0m = [400] [0;36mbefore process[0m = [402 401 400] [0;36mafter process[0m = [402 401] 
[0;36mDEBUG[0m[2026-03-16 10:14:18.186]   makeDbPointerNilReturningLast            [0;36mpath[0m = TestOnly-Epoch_400/Shard_0/id [0;36mnilled pointer[0m = 0xc00033c540 [0;36mglobal db counter[0m = 2 
[0;36mDEBUG[0m[2026-03-16 10:14:18.186]   processLoop - closing the leveldb process loop [0;36mpath[0m = TestOnly-Epoch_400/Shard_0/id 
[0;36mDEBUG[0m[2026-03-16 10:14:18.186]   batchTimeoutHandle - closing             [0;36mpath[0m = TestOnly-Epoch_400/Shard_0/id 
[0;36mDEBUG[0m[2026-03-16 10:14:18.187]   PruningStorer - change epoch             [0;36munit[0m = id [0;36mepoch[0m = 403 [0;36mbytes in cache[0m = 0 
[0;36mDEBUG[0m[2026-03-16 10:14:18.191]   opened serial level db persister         [0;36mpath[0m = TestOnly-Epoch_403/Shard_0/id [0;36mcreated pointer[0m = 0xc00033c380 [0;36mglobal db counter[0m = 3 [0;36mNewSerialDB[0m = 0.0040s [0;36mmkdirAll[0m = 0.0002s [0;36mopenLevelDB[0m = 0.0038s 
[0;36mDEBUG[0m[2026-03-16 10:14:18.191]   PruningStorer.processPersistersToClose   [0;36mepochs to close[0m = [401] [0;36mbefore process[0m = [403 402 401] [0;36mafter process[0m = [403 402] 
[0;36mDEBUG[0m[2026-03-16 10:14:18.192]   makeDbPointerNilReturningLast            [0;36mpath[0m = TestOnly-Epoch_401/Shard_0/id [0;36mnilled pointer[0m = 0xc0002eaa80 [0;36mglobal db counter[0m = 2 
[0;36mDEBUG[0m[2026-03-16 10:14:18.192]   processLoop - closing the leveldb process loop [0;36mpath[0m = TestOnly-Epoch_401/Shard_0/id 
[0;36mDEBUG[0m[2026-03-16 10:14:18.192]   batchTimeoutHandle - closing             [0;36mpath[0m = TestOnly-Epoch_401/Shard_0/id 
[0;36mDEBUG[0m[2026-03-16 10:14:18.193]   PruningStorer - change epoch             [0;36munit[0m = id [0;36mepoch[0m = 404 [0;36mbytes in cache[0m = 0 
[0;36mDEBUG[0m[2026-03-16 10:14:18.196]   opened serial level db persister         [0;36mpath[0m = TestOnly-Epoch_404/Shard_0/id [0;36mcreated pointer[0m = 0xc0005428c0 [0;36mglobal db counter[0m = 3 [0;36mNewSerialDB[0m = 0.0027s [0;36mmkdirAll[0m = 0.0002s [0;36mopenLevelDB[0m = 0.0025s 
[0;36mDEBUG[0m[2026-03-16 10:14:18.196]   PruningStorer.processPersistersToClose   [0;36mepochs to close[0m = [402] [0;36mbefore process[0m = [404 403 402] [0;36mafter process[0m = [404 403] 
[0;36mDEBUG[0m[2026-03-16 10:14:18.197]   makeDbPointerNilReturningLast            [0;36mpath[0m = TestOnly-Epoch_402/Shard_0/id [0;36mnilled pointer[0m = 0xc000977880 [0;36mglobal db counter[0m = 2 
[0;36mDEBUG[0m[2026-03-16 10:14:18.197]   batchTimeoutHandle - closing             [0;36mpath[0m = TestOnly-Epoch_402/Shard_0/id 
[0;36mDEBUG[0m[2026-03-16 10:14:18.197]   processLoop - closing the leveldb process loop [0;36mpath[0m = TestOnly-Epoch_402/Shard_0/id 
[0;36mDEBUG[0m[2026-03-16 10:14:18.198]   PruningStorer - change epoch             [0;36munit[0m = id [0;36mepoch[0m = 405 [0;36mbytes in cache[0m = 0 
[0;36mDEBUG[0m[2026-03-16 10:14:18.201]   opened serial level db persister         [0;36mpath[0m = TestOnly-Epoch_405/Shard_0/id [0;36mcreated pointer[0m = 0xc00033cfc0 [0;36mglobal db counter[0m = 3 [0;36mNewSerialDB[0m = 0.0028s [0;36mmkdirAll[0m = 0.0002s [0;36mopenLevelDB[0m = 0.0026s 
[0;36mDEBUG[0m[2026-03-16 10:14:18.201]   PruningStorer.processPersistersToClose   [0;36mepochs to close[0m = [403] [0;36mbefore process[0m = [405 404 403] [0;36mafter process[0m = [405 404] 
[0;36mDEBUG[0m[2026-03-16 10:14:18.207]   makeDbPointerNilReturningLast            [0;36mpath[0m = TestOnly-Epoch_403/Shard_0/id [0;36mnilled pointer[0m = 0xc00033c380 [0;36mglobal db counter[0m = 2 
[0;36mDEBUG[0m[2026-03-16 10:14:18.207]   processLoop - closing the leveldb process loop [0;36mpath[0m = TestOnly-Epoch_403/Shard_0/id 
[0;36mDEBUG[0m[2026-03-16 10:14:18.207]   batchTimeoutHandle - closing             [0;36mpath[0m = TestOnly-Epoch_403/Shard_0/id 
[0;36mDEBUG[0m[2026-03-16 10:14:18.209]   PruningStorer - change epoch             [0;36munit[0m = id [0;36mepoch[0m = 406 [0;36mbytes in cache[0m = 0 
[0;36mDEBUG[0m[2026-03-16 10:14:18.213]   opened serial level db persister         [0;36mpath[0m = TestOnly-Epoch_406/Shard_0/id [0;36mcreated pointer[0m = 0xc00033da40 [0;36mglobal db counter[0m = 3 [0;36mNewSerialDB[0m = 0.0036s [0;36mmkdirAll[0m = 0.0002s [0;36mopenLevelDB[0m = 0.0034s 
[0;36mDEBUG[0m[2026-03-16 10:14:18.213]   PruningStorer.processPersistersToClose   [0;36mepochs to close[0m = [404] [0;36mbefore process[0m = [406 405 404] [0;36mafter process[0m = [406 405] 
[0;36mDEBUG[0m[2026-03-16 10:14:18.214]   makeDbPointerNilReturningLast            [0;36mpath[0m = TestOnly-Epoch_404/Shard_0/id [0;36mnilled pointer[0m = 0xc0005428c0 [0;36mglobal db counter[0m = 2 
[0;36mDEBUG[0m[2026-03-16 10:14:18.214]   processLoop - closing the leveldb process loop [0;36mpath[0m = TestOnly-Epoch_404/Shard_0/id 
[0;36mDEBUG[0m[2026-03-16 10:14:18.214]   batchTimeoutHandle - closing             [0;36mpath[0m = TestOnly-Epoch_404/Shard_0/id 
[0;36mDEBUG[0m[2026-03-16 10:14:18.215]   PruningStorer - change epoch             [0;36munit[0m = id [0;36mepoch[0m = 407 [0;36mbytes in cache[0m = 0 
[0;36mDEBUG[0m[2026-03-16 10:14:18.218]   opened serial level db persister         [0;36mpath[0m = TestOnly-Epoch_407/Shard_0/id [0;36mcreated pointer[0m = 0xc000542e00 [0;36mglobal db counter[0m = 3 [0;36mNewSerialDB[0m = 0.0034s [0;36mmkdirAll[0m = 0.0002s [0;36mopenLevelDB[0m = 0.0032s 
[0;36mDEBUG[0m[2026-03-16 10:14:18.218]   PruningStorer.processPersistersToClose   [0;36mepochs to close[0m = [405] [0;36mbefore process[0m = [407 406 405] [0;36mafter process[0m = [407 406] 
[0;36mDEBUG[0m[2026-03-16 10:14:18.219]   makeDbPointerNilReturningLast            [0;36mpath[0m = TestOnly-Epoch_405/Shard_0/id [0;36mnilled pointer[0m = 0xc00033cfc0 [0;36mglobal db counter[0m = 2 
[0;36mDEBUG[0m[2026-03-16 10:14:18.219]   batchTimeoutHandle - closing             [0;36mpath[0m = TestOnly-Epoch_405/Shard_0/id 
[0;36mDEBUG[0m[2026-03-16 10:14:18.219]   processLoop - closing the leveldb process loop [0;36mpath[0m = TestOnly-Epoch_405/Shard_0/id 
[0;36mDEBUG[0m[2026-03-16 10:14:18.221]   PruningStorer - change epoch             [0;36munit[0m = id [0;36mepoch[0m = 408 [0;36mbytes in cache[0m = 0 
[0;36mDEBUG[0m[2026-03-16 10:14:18.225]   opened serial level db persister         [0;36mpath[0m = TestOnly-Epoch_408/Shard_0/id [0;36mcreated pointer[0m = 0xc00033c700 [0;36mglobal db counter[0m = 3 [0;36mNewSerialDB[0m = 0.0033s [0;36mmkdirAll[0m = 0.0002s [0;36mopenLevelDB[0m = 0.0031s 
[0;36mDEBUG[0m[2026-03-16 10:14:18.225]   PruningStorer.processPersistersToClose   [0;36mepochs to close[0m = [406] [0;36mbefore process[0m = [408 407 406] [0;36mafter process[0m = [408 407] 
[0;36mDEBUG[0m[2026-03-16 10:14:18.225]   makeDbPointerNilReturningLast            [0;36mpath[0m = TestOnly-Epoch_406/Shard_0/id [0;36mnilled pointer[0m = 0xc00033da40 [0;36mglobal db counter[0m = 2 
[0;36mDEBUG[0m[2026-03-16 10:14:18.225]   processLoop - closing the leveldb process loop [0;36mpath[0m = TestOnly-Epoch_406/Shard_0/id 
[0;36mDEBUG[0m[2026-03-16 10:14:18.225]   batchTimeoutHandle - closing             [0;36mpath[0m = TestOnly-Epoch_406/Shard_0/id 
[0;36mDEBUG[0m[2026-03-16 10:14:18.226]   PruningStorer - change epoch             [0;36munit[0m = id [0;36mepoch[0m = 409 [0;36mbytes in cache[0m = 0 
[0;36mDEBUG[0m[2026-03-16 10:14:18.229]   opened serial level db persister         [0;36mpath[0m = TestOnly-Epoch_409/Shard_0/id [0;36mcreated pointer[0m = 0xc000161340 [0;36mglobal db counter[0m = 3 [0;36mNewSerialDB[0m = 0.0027s [0;36mmkdirAll[0m = 0.0002s [0;36mopenLevelDB[0m = 0.0025s 
[0;36mDEBUG[0m[2026-03-16 10:14:18.229]   PruningStorer.processPersistersToClose   [0;36mepochs to close[0m = [407] [0;36mbefore process[0m = [409 408 407] [0;36mafter process[0m = [409 408] 
[0;36mDEBUG[0m[2026-03-16 10:14:18.230]   makeDbPointerNilReturningLast            [0;36mpath[0m = TestOnly-Epoch_407/Shard_0/id [0;36mnilled pointer[0m = 0xc000542e00 [0;36mglobal db counter[0m = 2 
[0;36mDEBUG[0m[2026-03-16 10:14:18.230]   processLoop - closing the leveldb process loop [0;36mpath[0m = TestOnly-Epoch_407/Shard_0/id 
[0;36mDEBUG[0m[2026-03-16 10:14:18.230]   batchTimeoutHandle - closing             [0;36mpath[0m = TestOnly-Epoch_407/Shard_0/id 
[0;36mDEBUG[0m[2026-03-16 10:14:18.231]   PruningStorer - change epoch             [0;36munit[0m = id [0;36mepoch[0m = 410 [0;36mbytes in cache[0m = 0 
[0;36mDEBUG[0m[2026-03-16 10:14:18.234]   opened serial level db persister         [0;36mpath[0m = TestOnly-Epoch_410/Shard_0/id [0;36mcreated pointer[0m = 0xc00078ea80 [0;36mglobal db counter[0m = 3 [0;36mNewSerialDB[0m = 0.0031s [0;36mmkdirAll[0m = 0.0002s [0;36mopenLevelDB[0m = 0.0029s 
[0;36mDEBUG[0m[2026-03-16 10:14:18.234]   PruningStorer.processPersistersToClose   [0;36mepochs to close[0m = [408] [0;36mbefore process[0m = [410 409 408] [0;36mafter process[0m = [410 409] 
[0;36mDEBUG[0m[2026-03-16 10:14:18.235]   makeDbPointerNilReturningLast            [0;36mpath[0m = TestOnly-Epoch_408/Shard_0/id [0;36mnilled pointer[0m = 0xc00033c700 [0;36mglobal db counter[0m = 2 
[0;36mDEBUG[0m[2026-03-16 10:14:18.235]   processLoop - closing the leveldb process loop [0;36mpath[0m = TestOnly-Epoch_408/Shard_0/id 
[0;36mDEBUG[0m[2026-03-16 10:14:18.235]   batchTimeoutHandle - closing             [0;36mpath[0m = TestOnly-Epoch_408/Shard_0/id 
[0;36mDEBUG[0m[2026-03-16 10:14:18.236]   PruningStorer - change epoch             [0;36munit[0m = id [0;36mepoch[0m = 411 [0;36mbytes in cache[0m = 0 
[0;36mDEBUG[0m[2026-03-16 10:14:18.239]   opened serial level db persister         [0;36mpath[0m = TestOnly-Epoch_411/Shard_0/id [0;36mcreated pointer[0m = 0xc00078ee00 [0;36mglobal db counter[0m = 3 [0;36mNewSerialDB[0m = 0.0029s [0;36mmkdirAll[0m = 0.0002s [0;36mopenLevelDB[0m = 0.0027s 
[0;36mDEBUG[0m[2026-03-16 10:14:18.239]   PruningStorer.processPersistersToClose   [0;36mepochs to close[0m = [409] [0;36mbefore process[0m = [411 410 409] [0;36mafter process[0m = [411 410] 
[0;36mDEBUG[0m[2026-03-16 10:14:18.239]   makeDbPointerNilReturningLast            [0;36mpath[0m = TestOnly-Epoch_409/Shard_0/id [0;36mnilled pointer[0m = 0xc000161340 [0;36mglobal db counter[0m = 2 
[0;36mDEBUG[0m[2026-03-16 10:14:18.239]   processLoop - closing the leveldb process loop [0;36mpath[0m = TestOnly-Epoch_409/Shard_0/id 
[0;36mDEBUG[0m[2026-03-16 10:14:18.239]   batchTimeoutHandle - closing             [0;36mpath[0m = TestOnly-Epoch_409/Shard_0/id 
[0;36mDEBUG[0m[2026-03-16 10:14:18.241]   PruningStorer - change epoch             [0;36munit[0m = id [0;36mepoch[0m = 412 [0;36mbytes in cache[0m = 0 
[0;36mDEBUG[0m[2026-03-16 10:14:18.243]   opened serial level db persister         [0;36mpath[0m = TestOnly-Epoch_412/Shard_0/id [0;36mcreated pointer[0m = 0xc00078fdc0 [0;36mglobal db counter[0m = 3 [0;36mNewSerialDB[0m = 0.0028s [0;36mmkdirAll[0m = 0.0002s [0;36mopenLevelDB[0m = 0.0026s 
[0;36mDEBUG[0m[2026-03-16 10:14:18.243]   PruningStorer.processPersistersToClose   [0;36mepochs to close[0m = [410] [0;36mbefore process[0m = [412 411 410] [0;36mafter process[0m = [412 411] 
[0;36mDEBUG[0m[2026-03-16 10:14:18.244]   makeDbPointerNilReturningLast            [0;36mpath[0m = TestOnly-Epoch_410/Shard_0/id [0;36mnilled pointer[0m = 0xc00078ea80 [0;36mglobal db counter[0m = 2 
[0;36mDEBUG[0m[2026-03-16 10:14:18.244]   batchTimeoutHandle - closing             [0;36mpath[0m = TestOnly-Epoch_410/Shard_0/id 
[0;36mDEBUG[0m[2026-03-16 10:14:18.244]   processLoop - closing the leveldb process loop [0;36mpath[0m = TestOnly-Epoch_410/Shard_0/id 
[0;36mDEBUG[0m[2026-03-16 10:14:18.245]   PruningStorer - change epoch             [0;36munit[0m = id [0;36mepoch[0m = 413 [0;36mbytes in cache[0m = 0 
[0;36mDEBUG[0m[2026-03-16 10:14:18.248]   opened serial level db persister         [0;36mpath[0m = TestOnly-Epoch_413/Shard_0/id [0;36mcreated pointer[0m = 0xc0001616c0 [0;36mglobal db counter[0m = 3 [0;36mNewSerialDB[0m = 0.0030s [0;36mmkdirAll[0m = 0.0002s [0;36mopenLevelDB[0m = 0.0028s 
[0;36mDEBUG[0m[2026-03-16 10:14:18.248]   PruningStorer.processPersistersToClose   [0;36mepochs to close[0m = [411] [0;36mbefore process[0m = [413 412 411] [0;36mafter process[0m = [413 412] 
[0;36mDEBUG[0m[2026-03-16 10:14:18.249]   makeDbPointerNilReturningLast            [0;36mpath[0m = TestOnly-Epoch_411/Shard_0/id [0;36mnilled pointer[0m = 0xc00078ee00 [0;36mglobal db counter[0m = 2 
[0;36mDEBUG[0m[2026-03-16 10:14:18.249]   processLoop - closing the leveldb process loop [0;36mpath[0m = TestOnly-Epoch_411/Shard_0/id 
[0;36mDEBUG[0m[2026-03-16 10:14:18.249]   batchTimeoutHandle - closing             [0;36mpath[0m = TestOnly-Epoch_411/Shard_0/id 
[0;36mDEBUG[0m[2026-03-16 10:14:18.251]   PruningStorer - change epoch             [0;36munit[0m = id [0;36mepoch[0m = 414 [0;36mbytes in cache[0m = 0 
[0;36mDEBUG[0m[2026-03-16 10:14:18.254]   opened serial level db persister         [0;36mpath[0m = TestOnly-Epoch_414/Shard_0/id [0;36mcreated pointer[0m = 0xc000543880 [0;36mglobal db counter[0m = 3 [0;36mNewSerialDB[0m = 0.0038s [0;36mmkdirAll[0m = 0.0002s [0;36mopenLevelDB[0m = 0.0036s 
[0;36mDEBUG[0m[2026-03-16 10:14:18.254]   PruningStorer.processPersistersToClose   [0;36mepochs to close[0m = [412] [0;36mbefore process[0m = [414 413 412] [0;36mafter process[0m = [414 413] 
[0;36mDEBUG[0m[2026-03-16 10:14:18.255]   makeDbPointerNilReturningLast            [0;36mpath[0m = TestOnly-Epoch_412/Shard_0/id [0;36mnilled pointer[0m = 0xc00078fdc0 [0;36mglobal db counter[0m = 2 
[0;36mDEBUG[0m[2026-03-16 10:14:18.255]   processLoop - closing the leveldb process loop [0;36mpath[0m = TestOnly-Epoch_412/Shard_0/id 
[0;36mDEBUG[0m[2026-03-16 10:14:18.255]   batchTimeoutHandle - closing             [0;36mpath[0m = TestOnly-Epoch_412/Shard_0/id 
[0;36mDEBUG[0m[2026-03-16 10:14:18.257]   PruningStorer - change epoch             [0;36munit[0m = id [0;36mepoch[0m = 415 [0;36mbytes in cache[0m = 0 
[0;36mDEBUG[0m[2026-03-16 10:14:18.260]   opened serial level db persister         [0;36mpath[0m = TestOnly-Epoch_415/Shard_0/id [0;36mcreated pointer[0m = 0xc00078ec40 [0;36mglobal db counter[0m = 3 [0;36mNewSerialDB[0m = 0.0029s [0;36mmkdirAll[0m = 0.0002s [0;36mopenLevelDB[0m = 0.0027s 
[0;36mDEBUG[0m[2026-03-16 10:14:18.260]   PruningStorer.processPersistersToClose   [0;36mepochs to close[0m = [413] [0;36mbefore process[0m = [415 414 413] [0;36mafter process[0m = [415 414] 
[0;36mDEBUG[0m[2026-03-16 10:14:18.260]   makeDbPointerNilReturningLast            [0;36mpath[0m = TestOnly-Epoch_413/Shard_0/id [0;36mnilled pointer[0m = 0xc0001616c0 [0;36mglobal db counter[0m = 2 
[0;36mDEBUG[0m[2026-03-16 10:14:18.260]   processLoop - closing the leveldb process loop [0;36mpath[0m = TestOnly-Epoch_413/Shard_0/id 
[0;36mDEBUG[0m[2026-03-16 10:14:18.260]   batchTimeoutHandle - closing             [0;36mpath[0m = TestOnly-Epoch_413/Shard_0/id 
[0;36mDEBUG[0m[2026-03-16 10:14:18.261]   PruningStorer - change epoch             [0;36munit[0m = id [0;36mepoch[0m = 416 [0;36mbytes in cache[0m = 0 
[0;36mDEBUG[0m[2026-03-16 10:14:18.264]   opened serial level db persister         [0;36mpath[0m = TestOnly-Epoch_416/Shard_0/id [0;36mcreated pointer[0m = 0xc000161a40 [0;36mglobal db counter[0m = 3 [0;36mNewSerialDB[0m = 0.0028s [0;36mmkdirAll[0m = 0.0002s [0;36mopenLevelDB[0m = 0.0026s 
[0;36mDEBUG[0m[2026-03-16 10:14:18.264]   PruningStorer.processPersistersToClose   [0;36mepochs to close[0m = [414] [0;36mbefore process[0m = [416 415 414] [0;36mafter process[0m = [416 415] 
[0;36mDEBUG[0m[2026-03-16 10:14:18.265]   makeDbPointerNilReturningLast            [0;36mpath[0m = TestOnly-Epoch_414/Shard_0/id [0;36mnilled pointer[0m = 0xc000543880 [0;36mglobal db counter[0m = 2 
[0;36mDEBUG[0m[2026-03-16 10:14:18.265]   processLoop - closing the leveldb process loop [0;36mpath[0m = TestOnly-Epoch_414/Shard_0/id 
[0;36mDEBUG[0m[2026-03-16 10:14:18.265]   batchTimeoutHandle - closing             [0;36mpath[0m = TestOnly-Epoch_414/Shard_0/id 
[0;36mDEBUG[0m[2026-03-16 10:14:18.267]   PruningStorer - change epoch             [0;36munit[0m = id [0;36mepoch[0m = 417 [0;36mbytes in cache[0m = 0 
[0;36mDEBUG[0m[2026-03-16 10:14:18.269]   opened serial level db persister         [0;36mpath[0m = TestOnly-Epoch_417/Shard_0/id [0;36mcreated pointer[0m = 0xc0005b0000 [0;36mglobal db counter[0m = 3 [0;36mNewSerialDB[0m = 0.0027s [0;36mmkdirAll[0m = 0.0002s [0;36mopenLevelDB[0m = 0.0025s 
[0;36mDEBUG[0m[2026-03-16 10:14:18.269]   PruningStorer.processPersistersToClose   [0;36mepochs to close[0m = [415] [0;36mbefore process[0m = [417 416 415] [0;36mafter process[0m = [417 416] 
[0;36mDEBUG[0m[2026-03-16 10:14:18.270]   makeDbPointerNilReturningLast            [0;36mpath[0m = TestOnly-Epoch_415/Shard_0/id [0;36mnilled pointer[0m = 0xc00078ec40 [0;36mglobal db counter[0m = 2 
[0;36mDEBUG[0m[2026-03-16 10:14:18.270]   processLoop - closing the leveldb process loop [0;36mpath[0m = TestOnly-Epoch_415/Shard_0/id 
[0;36mDEBUG[0m[2026-03-16 10:14:18.270]   batchTimeoutHandle - closing             [0;36mpath[0m = TestOnly-Epoch_415/Shard_0/id 
[0;36mDEBUG[0m[2026-03-16 10:14:18.271]   PruningStorer - change epoch             [0;36munit[0m = id [0;36mepoch[0m = 418 [0;36mbytes in cache[0m = 0 
[0;36mDEBUG[0m[2026-03-16 10:14:18.275]   opened serial level db persister         [0;36mpath[0m = TestOnly-Epoch_418/Shard_0/id [0;36mcreated pointer[0m = 0xc000161dc0 [0;36mglobal db counter[0m = 3 [0;36mNewSerialDB[0m = 0.0040s [0;36mmkdirAll[0m = 0.0002s [0;36mopenLevelDB[0m = 0.0039s 
[0;36mDEBUG[0m[2026-03-16 10:14:18.275]   PruningStorer.processPersistersToClose   [0;36mepochs to close[0m = [416] [0;36mbefore process[0m = [418 417 416] [0;36mafter process[0m = [418 417] 
[0;36mDEBUG[0m[2026-03-16 10:14:18.276]   makeDbPointerNilReturningLast            [0;36mpath[0m = TestOnly-Epoch_416/Shard_0/id [0;36mnilled pointer[0m = 0xc000161a40 [0;36mglobal db counter[0m = 2 
[0;36mDEBUG[0m[2026-03-16 10:14:18.276]   processLoop - closing the leveldb process loop [0;36mpath[0m = TestOnly-Epoch_416/Shard_0/id 
[0;36mDEBUG[0m[2026-03-16 10:14:18.276]   batchTimeoutHandle - closing             [0;36mpath[0m = TestOnly-Epoch_416/Shard_0/id 
[0;36mDEBUG[0m[2026-03-16 10:14:18.277]   PruningStorer - change epoch             [0;36munit[0m = id [0;36mepoch[0m = 419 [0;36mbytes in cache[0m = 0 
[0;36mDEBUG[0m[2026-03-16 10:14:18.280]   opened serial level db persister         [0;36mpath[0m = TestOnly-Epoch_419/Shard_0/id [0;36mcreated pointer[0m = 0xc0005b08c0 [0;36mglobal db counter[0m = 3 [0;36mNewSerialDB[0m = 0.0029s [0;36mmkdirAll[0m = 0.0002s [0;36mopenLevelDB[0m = 0.0027s 
[0;36mDEBUG[0m[2026-03-16 10:14:18.280]   PruningStorer.processPersistersToClose   [0;36mepochs to close[0m = [417] [0;36mbefore process[0m = [419 418 417] [0;36mafter process[0m = [419 418] 
[0;36mDEBUG[0m[2026-03-16 10:14:18.281]   makeDbPointerNilReturningLast            [0;36mpath[0m = TestOnly-Epoch_417/Shard_0/id [0;36mnilled pointer[0m = 0xc0005b0000 [0;36mglobal db counter[0m = 2 
[0;36mDEBUG[0m[2026-03-16 10:14:18.281]   batchTimeoutHandle - closing             [0;36mpath[0m = TestOnly-Epoch_417/Shard_0/id 
[0;36mDEBUG[0m[2026-03-16 10:14:18.281]   processLoop - closing the leveldb process loop [0;36mpath[0m = TestOnly-Epoch_417/Shard_0/id 
[0;36mDEBUG[0m[2026-03-16 10:14:18.282]   PruningStorer - change epoch             [0;36munit[0m = id [0;36mepoch[0m = 420 [0;36mbytes in cache[0m = 0 
[0;36mDEBUG[0m[2026-03-16 10:14:18.285]   opened serial level db persister         [0;36mpath[0m = TestOnly-Epoch_420/Shard_0/id [0;36mcreated pointer[0m = 0xc000542c40 [0;36mglobal db counter[0m = 3 [0;36mNewSerialDB[0m = 0.0029s [0;36mmkdirAll[0m = 0.0002s [0;36mopenLevelDB[0m = 0.0027s 
[0;36mDEBUG[0m[2026-03-16 10:14:18.285]   PruningStorer.processPersistersToClose   [0;36mepochs to close[0m = [418] [0;36mbefore process[0m = [420 419 418] [0;36mafter process[0m = [420 419] 
[0;36mDEBUG[0m[2026-03-16 10:14:18.285]   processLoop - closing the leveldb process loop [0;36mpath[0m = TestOnly-Epoch_418/Shard_0/id 
[0;36mDEBUG[0m[2026-03-16 10:14:18.285]   makeDbPointerNilReturningLast            [0;36mpath[0m = TestOnly-Epoch_418/Shard_0/id [0;36mnilled pointer[0m = 0xc000161dc0 [0;36mglobal db counter[0m = 2 
[0;36mDEBUG[0m[2026-03-16 10:14:18.286]   batchTimeoutHandle - closing             [0;36mpath[0m = TestOnly-Epoch_418/Shard_0/id 
[0;36mDEBUG[0m[2026-03-16 10:14:18.287]   PruningStorer - change epoch             [0;36munit[0m = id [0;36mepoch[0m = 421 [0;36mbytes in cache[0m = 0 
[0;36mDEBUG[0m[2026-03-16 10:14:18.290]   opened serial level db persister         [0;36mpath[0m = TestOnly-Epoch_421/Shard_0/id [0;36mcreated pointer[0m = 0xc00033c000 [0;36mglobal db counter[0m = 3 [0;36mNewSerialDB[0m = 0.0033s [0;36mmkdirAll[0m = 0.0002s [0;36mopenLevelDB[0m = 0.0031s 
[0;36mDEBUG[0m[2026-03-16 10:14:18.290]   PruningStorer.processPersistersToClose   [0;36mepochs to close[0m = [419] [0;36mbefore process[0m = [421 420 419] [0;36mafter process[0m = [421 420] 
[0;36mDEBUG[0m[2026-03-16 10:14:18.291]   makeDbPointerNilReturningLast            [0;36mpath[0m = TestOnly-Epoch_419/Shard_0/id [0;36mnilled pointer[0m = 0xc0005b08c0 [0;36mglobal db counter[0m = 2 
[0;36mDEBUG[0m[2026-03-16 10:14:18.291]   processLoop - closing the leveldb process loop [0;36mpath[0m = TestOnly-Epoch_419/Shard_0/id 
[0;36mDEBUG[0m[2026-03-16 10:14:18.291]   batchTimeoutHandle - closing             [0;36mpath[0m = TestOnly-Epoch_419/Shard_0/id 
[0;36mDEBUG[0m[2026-03-16 10:14:18.292]   PruningStorer - change epoch             [0;36munit[0m = id [0;36mepoch[0m = 422 [0;36mbytes in cache[0m = 0 
[0;36mDEBUG[0m[2026-03-16 10:14:18.296]   opened serial level db persister         [0;36mpath[0m = TestOnly-Epoch_422/Shard_0/id [0;36mcreated pointer[0m = 0xc0009176c0 [0;36mglobal db counter[0m = 3 [0;36mNewSerialDB[0m = 0.0040s [0;36mmkdirAll[0m = 0.0002s [0;36mopenLevelDB[0m = 0.0038s 
[0;36mDEBUG[0m[2026-03-16 10:14:18.296]   PruningStorer.processPersistersToClose   [0;36mepochs to close[0m = [420] [0;36mbefore process[0m = [422 421 420] [0;36mafter process[0m = [422 421] 
[0;36mDEBUG[0m[2026-03-16 10:14:18.297]   makeDbPointerNilReturningLast            [0;36mpath[0m = TestOnly-Epoch_420/Shard_0/id [0;36mnilled pointer[0m = 0xc000542c40 [0;36mglobal db counter[0m = 2 
[0;36mDEBUG[0m[2026-03-16 10:14:18.297]   processLoop - closing the leveldb process loop [0;36mpath[0m = TestOnly-Epoch_420/Shard_0/id 
[0;36mDEBUG[0m[2026-03-16 10:14:18.297]   batchTimeoutHandle - closing             [0;36mpath[0m = TestOnly-Epoch_420/Shard_0/id 
[0;36mDEBUG[0m[2026-03-16 10:14:18.298]   PruningStorer - change epoch             [0;36munit[0m = id [0;36mepoch[0m = 423 [0;36mbytes in cache[0m = 0 
[0;36mDEBUG[0m[2026-03-16 10:14:18.301]   opened serial level db persister         [0;36mpath[0m = TestOnly-Epoch_423/Shard_0/id [0;36mcreated pointer[0m = 0xc00033d180 [0;36mglobal db counter[0m = 3 [0;36mNewSerialDB[0m = 0.0027s [0;36mmkdirAll[0m = 0.0002s [0;36mopenLevelDB[0m = 0.0025s 
[0;36mDEBUG[0m[2026-03-16 10:14:18.301]   PruningStorer.processPersistersToClose   [0;36mepochs to close[0m = [421] [0;36mbefore process[0m = [423 422 421] [0;36mafter process[0m = [423 422] 
[0;36mDEBUG[0m[2026-03-16 10:14:18.301]   makeDbPointerNilReturningLast            [0;36mpath[0m = TestOnly-Epoch_421/Shard_0/id [0;36mnilled pointer[0m = 0xc00033c000 [0;36mglobal db counter[0m = 2 
[0;36mDEBUG[0m[2026-03-16 10:14:18.301]   processLoop - closing the leveldb process loop [0;36mpath[0m = TestOnly-Epoch_421/Shard_0/id 
[0;36mDEBUG[0m[2026-03-16 10:14:18.301]   batchTimeoutHandle - closing             [0;36mpath[0m = TestOnly-Epoch_421/Shard_0/id 
[0;36mDEBUG[0m[2026-03-16 10:14:18.303]   PruningStorer - change epoch             [0;36munit[0m = id [0;36mepoch[0m = 424 [0;36mbytes in cache[0m = 0 
[0;36mDEBUG[0m[2026-03-16 10:14:18.305]   opened serial level db persister         [0;36mpath[0m = TestOnly-Epoch_424/Shard_0/id [0;36mcreated pointer[0m = 0xc00051a1c0 [0;36mglobal db counter[0m = 3 [0;36mNewSerialDB[0m = 0.0027s [0;36mmkdirAll[0m = 0.0002s [0;36mopenLevelDB[0m = 0.0025s 
[0;36mDEBUG[0m[2026-03-16 10:14:18.305]   PruningStorer.processPersistersToClose   [0;36mepochs to close[0m = [422] [0;36mbefore process[0m = [424 423 422] [0;36mafter process[0m = [424 423] 
[0;36mDEBUG[0m[2026-03-16 10:14:18.306]   makeDbPointerNilReturningLast            [0;36mpath[0m = TestOnly-Epoch_422/Shard_0/id [0;36mnilled pointer[0m = 0xc0009176c0 [0;36mglobal db counter[0m = 2 
[0;36mDEBUG[0m[2026-03-16 10:14:18.306]   batchTimeoutHandle - closing             [0;36mpath[0m = TestOnly-Epoch_422/Shard_0/id 
[0;36mDEBUG[0m[2026-03-16 10:14:18.306]   processLoop - closing the leveldb process loop [0;36mpath[0m = TestOnly-Epoch_422/Shard_0/id 
[0;36mDEBUG[0m[2026-03-16 10:14:18.307]   PruningStorer - change epoch             [0;36munit[0m = id [0;36mepoch[0m = 425 [0;36mbytes in cache[0m = 0 
[0;36mDEBUG[0m[2026-03-16 10:14:18.311]   opened serial level db persister         [0;36mpath[0m = TestOnly-Epoch_425/Shard_0/id [0;36mcreated pointer[0m = 0xc0006ae1c0 [0;36mglobal db counter[0m = 3 [0;36mNewSerialDB[0m = 0.0036s [0;36mmkdirAll[0m = 0.0002s [0;36mopenLevelDB[0m = 0.0034s 
[0;36mDEBUG[0m[2026-03-16 10:14:18.311]   PruningStorer.processPersistersToClose   [0;36mepochs to close[0m = [423] [0;36mbefore process[0m = [425 424 423] [0;36mafter process[0m = [425 424] 
[0;36mDEBUG[0m[2026-03-16 10:14:18.311]   makeDbPointerNilReturningLast            [0;36mpath[0m = TestOnly-Epoch_423/Shard_0/id [0;36mnilled pointer[0m = 0xc00033d180 [0;36mglobal db counter[0m = 2 
[0;36mDEBUG[0m[2026-03-16 10:14:18.311]   processLoop - closing the leveldb process loop [0;36mpath[0m = TestOnly-Epoch_423/Shard_0/id 
[0;36mDEBUG[0m[2026-03-16 10:14:18.311]   batchTimeoutHandle - closing             [0;36mpath[0m = TestOnly-Epoch_423/Shard_0/id 
[0;36mDEBUG[0m[2026-03-16 10:14:18.313]   PruningStorer - change epoch             [0;36munit[0m = id [0;36mepoch[0m = 426 [0;36mbytes in cache[0m = 0 
[0;36mDEBUG[0m[2026-03-16 10:14:18.316]   opened serial level db persister         [0;36mpath[0m = TestOnly-Epoch_426/Shard_0/id [0;36mcreated pointer[0m = 0xc000161500 [0;36mglobal db counter[0m = 3 [0;36mNewSerialDB[0m = 0.0030s [0;36mmkdirAll[0m = 0.0002s [0;36mopenLevelDB[0m = 0.0028s 
[0;36mDEBUG[0m[2026-03-16 10:14:18.316]   PruningStorer.processPersistersToClose   [0;36mepochs to close[0m = [424] [0;36mbefore process[0m = [426 425 424] [0;36mafter process[0m = [426 425] 
[0;36mDEBUG[0m[2026-03-16 10:14:18.316]   makeDbPointerNilReturningLast            [0;36mpath[0m = TestOnly-Epoch_424/Shard_0/id [0;36mnilled pointer[0m = 0xc00051a1c0 [0;36mglobal db counter[0m = 2 
[0;36mDEBUG[0m[2026-03-16 10:14:18.316]   batchTimeoutHandle - closing             [0;36mpath[0m = TestOnly-Epoch_424/Shard_0/id 
[0;36mDEBUG[0m[2026-03-16 10:14:18.316]   processLoop - closing the leveldb process loop [0;36mpath[0m = TestOnly-Epoch_424/Shard_0/id 
[0;36mDEBUG[0m[2026-03-16 10:14:18.317]   PruningStorer - change epoch             [0;36munit[0m = id [0;36mepoch[0m = 427 [0;36mbytes in cache[0m = 0 
[0;36mDEBUG[0m[2026-03-16 10:14:18.321]   opened serial level db persister         [0;36mpath[0m = TestOnly-Epoch_427/Shard_0/id [0;36mcreated pointer[0m = 0xc00051a540 [0;36mglobal db counter[0m = 3 [0;36mNewSerialDB[0m = 0.0032s [0;36mmkdirAll[0m = 0.0002s [0;36mopenLevelDB[0m = 0.0031s 
[0;36mDEBUG[0m[2026-03-16 10:14:18.321]   PruningStorer.processPersistersToClose   [0;36mepochs to close[0m = [425] [0;36mbefore process[0m = [427 426 425] [0;36mafter process[0m = [427 426] 
[0;36mDEBUG[0m[2026-03-16 10:14:18.321]   makeDbPointerNilReturningLast            [0;36mpath[0m = TestOnly-Epoch_425/Shard_0/id [0;36mnilled pointer[0m = 0xc0006ae1c0 [0;36mglobal db counter[0m = 2 
[0;36mDEBUG[0m[2026-03-16 10:14:18.322]   processLoop - closing the leveldb process loop [0;36mpath[0m = TestOnly-Epoch_425/Shard_0/id 
[0;36mDEBUG[0m[2026-03-16 10:14:18.322]   batchTimeoutHandle - closing             [0;36mpath[0m = TestOnly-Epoch_425/Shard_0/id 
[0;36mDEBUG[0m[2026-03-16 10:14:18.323]   PruningStorer - change epoch             [0;36munit[0m = id [0;36mepoch[0m = 428 [0;36mbytes in cache[0m = 0 
[0;36mDEBUG[0m[2026-03-16 10:14:18.329]   opened serial level db persister         [0;36mpath[0m = TestOnly-Epoch_428/Shard_0/id [0;36mcreated pointer[0m = 0xc000917dc0 [0;36mglobal db counter[0m = 3 [0;36mNewSerialDB[0m = 0.0064s [0;36mmkdirAll[0m = 0.0002s [0;36mopenLevelDB[0m = 0.0062s 
[0;36mDEBUG[0m[2026-03-16 10:14:18.329]   PruningStorer.processPersistersToClose   [0;36mepochs to close[0m = [426] [0;36mbefore process[0m = [428 427 426] [0;36mafter process[0m = [428 427] 
[0;36mDEBUG[0m[2026-03-16 10:14:18.330]   makeDbPointerNilReturningLast            [0;36mpath[0m = TestOnly-Epoch_426/Shard_0/id [0;36mnilled pointer[0m = 0xc000161500 [0;36mglobal db counter[0m = 2 
[0;36mDEBUG[0m[2026-03-16 10:14:18.330]   processLoop - closing the leveldb process loop [0;36mpath[0m = TestOnly-Epoch_426/Shard_0/id 
[0;36mDEBUG[0m[2026-03-16 10:14:18.330]   batchTimeoutHandle - closing             [0;36mpath[0m = TestOnly-Epoch_426/Shard_0/id 
[0;36mDEBUG[0m[2026-03-16 10:14:18.331]   PruningStorer - change epoch             [0;36munit[0m = id [0;36mepoch[0m = 429 [0;36mbytes in cache[0m = 0 
[0;36mDEBUG[0m[2026-03-16 10:14:18.334]   opened serial level db persister         [0;36mpath[0m = TestOnly-Epoch_429/Shard_0/id [0;36mcreated pointer[0m = 0xc0006ae540 [0;36mglobal db counter[0m = 3 [0;36mNewSerialDB[0m = 0.0029s [0;36mmkdirAll[0m = 0.0002s [0;36mopenLevelDB[0m = 0.0027s 
[0;36mDEBUG[0m[2026-03-16 10:14:18.334]   PruningStorer.processPersistersToClose   [0;36mepochs to close[0m = [427] [0;36mbefore process[0m = [429 428 427] [0;36mafter process[0m = [429 428] 
[0;36mDEBUG[0m[2026-03-16 10:14:18.335]   makeDbPointerNilReturningLast            [0;36mpath[0m = TestOnly-Epoch_427/Shard_0/id [0;36mnilled pointer[0m = 0xc00051a540 [0;36mglobal db counter[0m = 2 
[0;36mDEBUG[0m[2026-03-16 10:14:18.335]   processLoop - closing the leveldb process loop [0;36mpath[0m = TestOnly-Epoch_427/Shard_0/id 
[0;36mDEBUG[0m[2026-03-16 10:14:18.335]   batchTimeoutHandle - closing             [0;36mpath[0m = TestOnly-Epoch_427/Shard_0/id 
[0;36mDEBUG[0m[2026-03-16 10:14:18.336]   PruningStorer - change epoch             [0;36munit[0m = id [0;36mepoch[0m = 430 [0;36mbytes in cache[0m = 0 
[0;36mDEBUG[0m[2026-03-16 10:14:18.340]   opened serial level db persister         [0;36mpath[0m = TestOnly-Epoch_430/Shard_0/id [0;36mcreated pointer[0m = 0xc0006aea80 [0;36mglobal db counter[0m = 3 [0;36mNewSerialDB[0m = 0.0035s [0;36mmkdirAll[0m = 0.0002s [0;36mopenLevelDB[0m = 0.0033s 
[0;36mDEBUG[0m[2026-03-16 10:14:18.340]   PruningStorer.processPersistersToClose   [0;36mepochs to close[0m = [428] [0;36mbefore process[0m = [430 429 428] [0;36mafter process[0m = [430 429] 
[0;36mDEBUG[0m[2026-03-16 10:14:18.340]   makeDbPointerNilReturningLast            [0;36mpath[0m = TestOnly-Epoch_428/Shard_0/id [0;36mnilled pointer[0m = 0xc000917dc0 [0;36mglobal db counter[0m = 2 
[0;36mDEBUG[0m[2026-03-16 10:14:18.340]   processLoop - closing the leveldb process loop [0;36mpath[0m = TestOnly-Epoch_428/Shard_0/id 
[0;36mDEBUG[0m[2026-03-16 10:14:18.340]   batchTimeoutHandle - closing             [0;36mpath[0m = TestOnly-Epoch_428/Shard_0/id 
[0;36mDEBUG[0m[2026-03-16 10:14:18.342]   PruningStorer - change epoch             [0;36munit[0m = id [0;36mepoch[0m = 431 [0;36mbytes in cache[0m = 0 
[0;36mDEBUG[0m[2026-03-16 10:14:18.344]   opened serial level db persister         [0;36mpath[0m = TestOnly-Epoch_431/Shard_0/id [0;36mcreated pointer[0m = 0xc00051a700 [0;36mglobal db counter[0m = 3 [0;36mNewSerialDB[0m = 0.0026s [0;36mmkdirAll[0m = 0.0002s [0;36mopenLevelDB[0m = 0.0024s 
[0;36mDEBUG[0m[2026-03-16 10:14:18.344]   PruningStorer.processPersistersToClose   [0;36mepochs to close[0m = [429] [0;36mbefore process[0m = [431 430 429] [0;36mafter process[0m = [431 430] 
[0;36mDEBUG[0m[2026-03-16 10:14:18.345]   makeDbPointerNilReturningLast            [0;36mpath[0m = TestOnly-Epoch_429/Shard_0/id [0;36mnilled pointer[0m = 0xc0006ae540 [0;36mglobal db counter[0m = 2 
[0;36mDEBUG[0m[2026-03-16 10:14:18.345]   processLoop - closing the leveldb process loop [0;36mpath[0m = TestOnly-Epoch_429/Shard_0/id 
[0;36mDEBUG[0m[2026-03-16 10:14:18.345]   batchTimeoutHandle - closing             [0;36mpath[0m = TestOnly-Epoch_429/Shard_0/id 
[0;36mDEBUG[0m[2026-03-16 10:14:18.346]   PruningStorer - change epoch             [0;36munit[0m = id [0;36mepoch[0m = 432 [0;36mbytes in cache[0m = 0 
[0;36mDEBUG[0m[2026-03-16 10:14:18.349]   opened serial level db persister         [0;36mpath[0m = TestOnly-Epoch_432/Shard_0/id [0;36mcreated pointer[0m = 0xc0006ae700 [0;36mglobal db counter[0m = 3 [0;36mNewSerialDB[0m = 0.0027s [0;36mmkdirAll[0m = 0.0002s [0;36mopenLevelDB[0m = 0.0025s 
[0;36mDEBUG[0m[2026-03-16 10:14:18.349]   PruningStorer.processPersistersToClose   [0;36mepochs to close[0m = [430] [0;36mbefore process[0m = [432 431 430] [0;36mafter process[0m = [432 431] 
[0;36mDEBUG[0m[2026-03-16 10:14:18.349]   makeDbPointerNilReturningLast            [0;36mpath[0m = TestOnly-Epoch_430/Shard_0/id [0;36mnilled pointer[0m = 0xc0006aea80 [0;36mglobal db counter[0m = 2 
[0;36mDEBUG[0m[2026-03-16 10:14:18.349]   processLoop - closing the leveldb process loop [0;36mpath[0m = TestOnly-Epoch_430/Shard_0/id 
[0;36mDEBUG[0m[2026-03-16 10:14:18.349]   batchTimeoutHandle - closing             [0;36mpath[0m = TestOnly-Epoch_430/Shard_0/id 
[0;36mDEBUG[0m[2026-03-16 10:14:18.350]   PruningStorer - change epoch             [0;36munit[0m = id [0;36mepoch[0m = 433 [0;36mbytes in cache[0m = 0 
[0;36mDEBUG[0m[2026-03-16 10:14:18.353]   opened serial level db persister         [0;36mpath[0m = TestOnly-Epoch_433/Shard_0/id [0;36mcreated pointer[0m = 0xc00060ea80 [0;36mglobal db counter[0m = 3 [0;36mNewSerialDB[0m = 0.0027s [0;36mmkdirAll[0m = 0.0002s [0;36mopenLevelDB[0m = 0.0025s 
[0;36mDEBUG[0m[2026-03-16 10:14:18.353]   PruningStorer.processPersistersToClose   [0;36mepochs to close[0m = [431] [0;36mbefore process[0m = [433 432 431] [0;36mafter process[0m = [433 432] 
[0;36mDEBUG[0m[2026-03-16 10:14:18.354]   makeDbPointerNilReturningLast            [0;36mpath[0m = TestOnly-Epoch_431/Shard_0/id [0;36mnilled pointer[0m = 0xc00051a700 [0;36mglobal db counter[0m = 2 
[0;36mDEBUG[0m[2026-03-16 10:14:18.354]   batchTimeoutHandle - closing             [0;36mpath[0m = TestOnly-Epoch_431/Shard_0/id 
[0;36mDEBUG[0m[2026-03-16 10:14:18.354]   processLoop - closing the leveldb process loop [0;36mpath[0m = TestOnly-Epoch_431/Shard_0/id 
[0;36mDEBUG[0m[2026-03-16 10:14:18.355]   PruningStorer - change epoch             [0;36munit[0m = id [0;36mepoch[0m = 434 [0;36mbytes in cache[0m = 0 
[0;36mDEBUG[0m[2026-03-16 10:14:18.359]   opened serial level db persister         [0;36mpath[0m = TestOnly-Epoch_434/Shard_0/id [0;36mcreated pointer[0m = 0xc000161880 [0;36mglobal db counter[0m = 3 [0;36mNewSerialDB[0m = 0.0038s [0;36mmkdirAll[0m = 0.0002s [0;36mopenLevelDB[0m = 0.0036s 
[0;36mDEBUG[0m[2026-03-16 10:14:18.359]   PruningStorer.processPersistersToClose   [0;36mepochs to close[0m = [432] [0;36mbefore process[0m = [434 433 432] [0;36mafter process[0m = [434 433] 
[0;36mDEBUG[0m[2026-03-16 10:14:18.359]   makeDbPointerNilReturningLast            [0;36mpath[0m = TestOnly-Epoch_432/Shard_0/id [0;36mnilled pointer[0m = 0xc0006ae700 [0;36mglobal db counter[0m = 2 
[0;36mDEBUG[0m[2026-03-16 10:14:18.359]   processLoop - closing the leveldb process loop [0;36mpath[0m = TestOnly-Epoch_432/Shard_0/id 
[0;36mDEBUG[0m[2026-03-16 10:14:18.359]   batchTimeoutHandle - closing             [0;36mpath[0m = TestOnly-Epoch_432/Shard_0/id 
[0;36mDEBUG[0m[2026-03-16 10:14:18.361]   PruningStorer - change epoch             [0;36munit[0m = id [0;36mepoch[0m = 435 [0;36mbytes in cache[0m = 0 
[0;36mDEBUG[0m[2026-03-16 10:14:18.364]   opened serial level db persister         [0;36mpath[0m = TestOnly-Epoch_435/Shard_0/id [0;36mcreated pointer[0m = 0xc0006ae8c0 [0;36mglobal db counter[0m = 3 [0;36mNewSerialDB[0m = 0.0033s [0;36mmkdirAll[0m = 0.0002s [0;36mopenLevelDB[0m = 0.0031s 
[0;36mDEBUG[0m[2026-03-16 10:14:18.364]   PruningStorer.processPersistersToClose   [0;36mepochs to close[0m = [433] [0;36mbefore process[0m = [435 434 433] [0;36mafter process[0m = [435 434] 
[0;36mDEBUG[0m[2026-03-16 10:14:18.365]   makeDbPointerNilReturningLast            [0;36mpath[0m = TestOnly-Epoch_433/Shard_0/id [0;36mnilled pointer[0m = 0xc00060ea80 [0;36mglobal db counter[0m = 2 
[0;36mDEBUG[0m[2026-03-16 10:14:18.365]   processLoop - closing the leveldb process loop [0;36mpath[0m = TestOnly-Epoch_433/Shard_0/id 
[0;36mDEBUG[0m[2026-03-16 10:14:18.365]   batchTimeoutHandle - closing             [0;36mpath[0m = TestOnly-Epoch_433/Shard_0/id 
[0;36mDEBUG[0m[2026-03-16 10:14:18.366]   PruningStorer - change epoch             [0;36munit[0m = id [0;36mepoch[0m = 436 [0;36mbytes in cache[0m = 0 
[0;36mDEBUG[0m[2026-03-16 10:14:18.368]   opened serial level db persister         [0;36mpath[0m = TestOnly-Epoch_436/Shard_0/id [0;36mcreated pointer[0m = 0xc00060ee00 [0;36mglobal db counter[0m = 3 [0;36mNewSerialDB[0m = 0.0026s [0;36mmkdirAll[0m = 0.0002s [0;36mopenLevelDB[0m = 0.0024s 
[0;36mDEBUG[0m[2026-03-16 10:14:18.368]   PruningStorer.processPersistersToClose   [0;36mepochs to close[0m = [434] [0;36mbefore process[0m = [436 435 434] [0;36mafter process[0m = [436 435] 
[0;36mDEBUG[0m[2026-03-16 10:14:18.369]   makeDbPointerNilReturningLast            [0;36mpath[0m = TestOnly-Epoch_434/Shard_0/id [0;36mnilled pointer[0m = 0xc000161880 [0;36mglobal db counter[0m = 2 
[0;36mDEBUG[0m[2026-03-16 10:14:18.369]   processLoop - closing the leveldb process loop [0;36mpath[0m = TestOnly-Epoch_434/Shard_0/id 
[0;36mDEBUG[0m[2026-03-16 10:14:18.369]   batchTimeoutHandle - closing             [0;36mpath[0m = TestOnly-Epoch_434/Shard_0/id 
[0;36mDEBUG[0m[2026-03-16 10:14:18.370]   PruningStorer - change epoch             [0;36munit[0m = id [0;36mepoch[0m = 437 [0;36mbytes in cache[0m = 0 
[0;36mDEBUG[0m[2026-03-16 10:14:18.373]   opened serial level db persister         [0;36mpath[0m = TestOnly-Epoch_437/Shard_0/id [0;36mcreated pointer[0m = 0xc00051a380 [0;36mglobal db counter[0m = 3 [0;36mNewSerialDB[0m = 0.0026s [0;36mmkdirAll[0m = 0.0002s [0;36mopenLevelDB[0m = 0.0024s 
[0;36mDEBUG[0m[2026-03-16 10:14:18.373]   PruningStorer.processPersistersToClose   [0;36mepochs to close[0m = [435] [0;36mbefore process[0m = [437 436 435] [0;36mafter process[0m = [437 436] 
[0;36mDEBUG[0m[2026-03-16 10:14:18.373]   makeDbPointerNilReturningLast            [0;36mpath[0m = TestOnly-Epoch_435/Shard_0/id [0;36mnilled pointer[0m = 0xc0006ae8c0 [0;36mglobal db counter[0m = 2 
[0;36mDEBUG[0m[2026-03-16 10:14:18.373]   batchTimeoutHandle - closing             [0;36mpath[0m = TestOnly-Epoch_435/Shard_0/id 
[0;36mDEBUG[0m[2026-03-16 10:14:18.373]   processLoop - closing the leveldb process loop [0;36mpath[0m = TestOnly-Epoch_435/Shard_0/id 
[0;36mDEBUG[0m[2026-03-16 10:14:18.374]   PruningStorer - change epoch             [0;36munit[0m = id [0;36mepoch[0m = 438 [0;36mbytes in cache[0m = 0 
[0;36mDEBUG[0m[2026-03-16 10:14:18.378]   opened serial level db persister         [0;36mpath[0m = TestOnly-Epoch_438/Shard_0/id [0;36mcreated pointer[0m = 0xc00032a380 [0;36mglobal db counter[0m = 3 [0;36mNewSerialDB[0m = 0.0036s [0;36mmkdirAll[0m = 0.0002s [0;36mopenLevelDB[0m = 0.0034s 
[0;36mDEBUG[0m[2026-03-16 10:14:18.378]   PruningStorer.processPersistersToClose   [0;36mepochs to close[0m = [436] [0;36mbefore process[0m = [438 437 436] [0;36mafter process[0m = [438 437] 
[0;36mDEBUG[0m[2026-03-16 10:14:18.382]   makeDbPointerNilReturningLast            [0;36mpath[0m = TestOnly-Epoch_436/Shard_0/id [0;36mnilled pointer[0m = 0xc00060ee00 [0;36mglobal db counter[0m = 2 
[0;36mDEBUG[0m[2026-03-16 10:14:18.382]   processLoop - closing the leveldb process loop [0;36mpath[0m = TestOnly-Epoch_436/Shard_0/id 
[0;36mDEBUG[0m[2026-03-16 10:14:18.382]   batchTimeoutHandle - closing             [0;36mpath[0m = TestOnly-Epoch_436/Shard_0/id 
[0;36mDEBUG[0m[2026-03-16 10:14:18.384]   PruningStorer - change epoch             [0;36munit[0m = id [0;36mepoch[0m = 439 [0;36mbytes in cache[0m = 0 
[0;36mDEBUG[0m[2026-03-16 10:14:18.393]   opened serial level db persister         [0;36mpath[0m = TestOnly-Epoch_439/Shard_0/id [0;36mcreated pointer[0m = 0xc00051aa80 [0;36mglobal db counter[0m = 3 [0;36mNewSerialDB[0m = 0.0090s [0;36mmkdirAll[0m = 0.0002s [0;36mopenLevelDB[0m = 0.0088s 
[0;36mDEBUG[0m[2026-03-16 10:14:18.393]   PruningStorer.processPersistersToClose   [0;36mepochs to close[0m = [437] [0;36mbefore process[0m = [439 438 437] [0;36mafter process[0m = [439 438] 
[0;36mDEBUG[0m[2026-03-16 10:14:18.393]   makeDbPointerNilReturningLast            [0;36mpath[0m = TestOnly-Epoch_437/Shard_0/id [0;36mnilled pointer[0m = 0xc00051a380 [0;36mglobal db counter[0m = 2 
[0;36mDEBUG[0m[2026-03-16 10:14:18.393]   batchTimeoutHandle - closing             [0;36mpath[0m = TestOnly-Epoch_437/Shard_0/id 
[0;36mDEBUG[0m[2026-03-16 10:14:18.393]   processLoop - closing the leveldb process loop [0;36mpath[0m = TestOnly-Epoch_437/Shard_0/id 
[0;36mDEBUG[0m[2026-03-16 10:14:18.394]   PruningStorer - change epoch             [0;36munit[0m = id [0;36mepoch[0m = 440 [0;36mbytes in cache[0m = 0 
[0;36mDEBUG[0m[2026-03-16 10:14:18.398]   opened serial level db persister         [0;36mpath[0m = TestOnly-Epoch_440/Shard_0/id [0;36mcreated pointer[0m = 0xc0006aec40 [0;36mglobal db counter[0m = 3 [0;36mNewSerialDB[0m = 0.0031s [0;36mmkdirAll[0m = 0.0002s [0;36mopenLevelDB[0m = 0.0029s 
[0;36mDEBUG[0m[2026-03-16 10:14:18.398]   PruningStorer.processPersistersToClose   [0;36mepochs to close[0m = [438] [0;36mbefore process[0m = [440 439 438] [0;36mafter process[0m = [440 439] 
[0;36mDEBUG[0m[2026-03-16 10:14:18.398]   makeDbPointerNilReturningLast            [0;36mpath[0m = TestOnly-Epoch_438/Shard_0/id [0;36mnilled pointer[0m = 0xc00032a380 [0;36mglobal db counter[0m = 2 
[0;36mDEBUG[0m[2026-03-16 10:14:18.398]   processLoop - closing the leveldb process loop [0;36mpath[0m = TestOnly-Epoch_438/Shard_0/id 
[0;36mDEBUG[0m[2026-03-16 10:14:18.398]   batchTimeoutHandle - closing             [0;36mpath[0m = TestOnly-Epoch_438/Shard_0/id 
[0;36mDEBUG[0m[2026-03-16 10:14:18.400]   PruningStorer - change epoch             [0;36munit[0m = id [0;36mepoch[0m = 441 [0;36mbytes in cache[0m = 0 
[0;36mDEBUG[0m[2026-03-16 10:14:18.409]   opened serial level db persister         [0;36mpath[0m = TestOnly-Epoch_441/Shard_0/id [0;36mcreated pointer[0m = 0xc0006aee00 [0;36mglobal db counter[0m = 3 [0;36mNewSerialDB[0m = 0.0093s [0;36mmkdirAll[0m = 0.0006s [0;36mopenLevelDB[0m = 0.0087s 
[0;36mDEBUG[0m[2026-03-16 10:14:18.409]   PruningStorer.processPersistersToClose   [0;36mepochs to close[0m = [439] [0;36mbefore process[0m = [441 440 439] [0;36mafter process[0m = [441 440] 
[0;36mDEBUG[0m[2026-03-16 10:14:18.410]   makeDbPointerNilReturningLast            [0;36mpath[0m = TestOnly-Epoch_439/Shard_0/id [0;36mnilled pointer[0m = 0xc00051aa80 [0;36mglobal db counter[0m = 2 
[0;36mDEBUG[0m[2026-03-16 10:14:18.410]   processLoop - closing the leveldb process loop [0;36mpath[0m = TestOnly-Epoch_439/Shard_0/id 
[0;36mDEBUG[0m[2026-03-16 10:14:18.410]   batchTimeoutHandle - closing             [0;36mpath[0m = TestOnly-Epoch_439/Shard_0/id 
[0;36mDEBUG[0m[2026-03-16 10:14:18.411]   PruningStorer - change epoch             [0;36munit[0m = id [0;36mepoch[0m = 442 [0;36mbytes in cache[0m = 0 
[0;36mDEBUG[0m[2026-03-16 10:14:18.415]   opened serial level db persister         [0;36mpath[0m = TestOnly-Epoch_442/Shard_0/id [0;36mcreated pointer[0m = 0xc00033ddc0 [0;36mglobal db counter[0m = 3 [0;36mNewSerialDB[0m = 0.0040s [0;36mmkdirAll[0m = 0.0002s [0;36mopenLevelDB[0m = 0.0038s 
[0;36mDEBUG[0m[2026-03-16 10:14:18.415]   PruningStorer.processPersistersToClose   [0;36mepochs to close[0m = [440] [0;36mbefore process[0m = [442 441 440] [0;36mafter process[0m = [442 441] 
[0;36mDEBUG[0m[2026-03-16 10:14:18.416]   makeDbPointerNilReturningLast            [0;36mpath[0m = TestOnly-Epoch_440/Shard_0/id [0;36mnilled pointer[0m = 0xc0006aec40 [0;36mglobal db counter[0m = 2 
[0;36mDEBUG[0m[2026-03-16 10:14:18.416]   processLoop - closing the leveldb process loop [0;36mpath[0m = TestOnly-Epoch_440/Shard_0/id 
[0;36mDEBUG[0m[2026-03-16 10:14:18.416]   batchTimeoutHandle - closing             [0;36mpath[0m = TestOnly-Epoch_440/Shard_0/id 
[0;36mDEBUG[0m[2026-03-16 10:14:18.417]   PruningStorer - change epoch             [0;36munit[0m = id [0;36mepoch[0m = 443 [0;36mbytes in cache[0m = 0 
[0;36mDEBUG[0m[2026-03-16 10:14:18.420]   opened serial level db persister         [0;36mpath[0m = TestOnly-Epoch_443/Shard_0/id [0;36mcreated pointer[0m = 0xc000512540 [0;36mglobal db counter[0m = 3 [0;36mNewSerialDB[0m = 0.0026s [0;36mmkdirAll[0m = 0.0002s [0;36mopenLevelDB[0m = 0.0024s 
[0;36mDEBUG[0m[2026-03-16 10:14:18.420]   PruningStorer.processPersistersToClose   [0;36mepochs to close[0m = [441] [0;36mbefore process[0m = [443 442 441] [0;36mafter process[0m = [443 442] 
[0;36mDEBUG[0m[2026-03-16 10:14:18.420]   makeDbPointerNilReturningLast            [0;36mpath[0m = TestOnly-Epoch_441/Shard_0/id [0;36mnilled pointer[0m = 0xc0006aee00 [0;36mglobal db counter[0m = 2 
[0;36mDEBUG[0m[2026-03-16 10:14:18.420]   batchTimeoutHandle - closing             [0;36mpath[0m = TestOnly-Epoch_441/Shard_0/id 
[0;36mDEBUG[0m[2026-03-16 10:14:18.420]   processLoop - closing the leveldb process loop [0;36mpath[0m = TestOnly-Epoch_441/Shard_0/id 
[0;36mDEBUG[0m[2026-03-16 10:14:18.422]   PruningStorer - change epoch             [0;36munit[0m = id [0;36mepoch[0m = 444 [0;36mbytes in cache[0m = 0 
[0;36mDEBUG[0m[2026-03-16 10:14:18.425]   opened serial level db persister         [0;36mpath[0m = TestOnly-Epoch_444/Shard_0/id [0;36mcreated pointer[0m = 0xc00051ac40 [0;36mglobal db counter[0m = 3 [0;36mNewSerialDB[0m = 0.0028s [0;36mmkdirAll[0m = 0.0002s [0;36mopenLevelDB[0m = 0.0026s 
[0;36mDEBUG[0m[2026-03-16 10:14:18.425]   PruningStorer.processPersistersToClose   [0;36mepochs to close[0m = [442] [0;36mbefore process[0m = [444 443 442] [0;36mafter process[0m = [444 443] 
[0;36mDEBUG[0m[2026-03-16 10:14:18.426]   makeDbPointerNilReturningLast            [0;36mpath[0m = TestOnly-Epoch_442/Shard_0/id [0;36mnilled pointer[0m = 0xc00033ddc0 [0;36mglobal db counter[0m = 2 
[0;36mDEBUG[0m[2026-03-16 10:14:18.426]   processLoop - closing the leveldb process loop [0;36mpath[0m = TestOnly-Epoch_442/Shard_0/id 
[0;36mDEBUG[0m[2026-03-16 10:14:18.426]   batchTimeoutHandle - closing             [0;36mpath[0m = TestOnly-Epoch_442/Shard_0/id 
[0;36mDEBUG[0m[2026-03-16 10:14:18.428]   PruningStorer - change epoch             [0;36munit[0m = id [0;36mepoch[0m = 445 [0;36mbytes in cache[0m = 0 
[0;36mDEBUG[0m[2026-03-16 10:14:18.434]   opened serial level db persister         [0;36mpath[0m = TestOnly-Epoch_445/Shard_0/id [0;36mcreated pointer[0m = 0xc00060fc00 [0;36mglobal db counter[0m = 3 [0;36mNewSerialDB[0m = 0.0066s [0;36mmkdirAll[0m = 0.0002s [0;36mopenLevelDB[0m = 0.0064s 
[0;36mDEBUG[0m[2026-03-16 10:14:18.434]   PruningStorer.processPersistersToClose   [0;36mepochs to close[0m = [443] [0;36mbefore process[0m = [445 444 443] [0;36mafter process[0m = [445 444] 
[0;36mDEBUG[0m[2026-03-16 10:14:18.435]   makeDbPointerNilReturningLast            [0;36mpath[0m = TestOnly-Epoch_443/Shard_0/id [0;36mnilled pointer[0m = 0xc000512540 [0;36mglobal db counter[0m = 2 
[0;36mDEBUG[0m[2026-03-16 10:14:18.435]   processLoop - closing the leveldb process loop [0;36mpath[0m = TestOnly-Epoch_443/Shard_0/id 
[0;36mDEBUG[0m[2026-03-16 10:14:18.435]   batchTimeoutHandle - closing             [0;36mpath[0m = TestOnly-Epoch_443/Shard_0/id 
[0;36mDEBUG[0m[2026-03-16 10:14:18.436]   PruningStorer - change epoch             [0;36munit[0m = id [0;36mepoch[0m = 446 [0;36mbytes in cache[0m = 0 
[0;36mDEBUG[0m[2026-03-16 10:14:18.441]   opened serial level db persister         [0;36mpath[0m = TestOnly-Epoch_446/Shard_0/id [0;36mcreated pointer[0m = 0xc0006af180 [0;36mglobal db counter[0m = 3 [0;36mNewSerialDB[0m = 0.0051s [0;36mmkdirAll[0m = 0.0002s [0;36mopenLevelDB[0m = 0.0049s 
[0;36mDEBUG[0m[2026-03-16 10:14:18.441]   PruningStorer.processPersistersToClose   [0;36mepochs to close[0m = [444] [0;36mbefore process[0m = [446 445 444] [0;36mafter process[0m = [446 445] 
[0;36mDEBUG[0m[2026-03-16 10:14:18.442]   makeDbPointerNilReturningLast            [0;36mpath[0m = TestOnly-Epoch_444/Shard_0/id [0;36mnilled pointer[0m = 0xc00051ac40 [0;36mglobal db counter[0m = 2 
[0;36mDEBUG[0m[2026-03-16 10:14:18.442]   processLoop - closing the leveldb process loop [0;36mpath[0m = TestOnly-Epoch_444/Shard_0/id 
[0;36mDEBUG[0m[2026-03-16 10:14:18.442]   batchTimeoutHandle - closing             [0;36mpath[0m = TestOnly-Epoch_444/Shard_0/id 
[0;36mDEBUG[0m[2026-03-16 10:14:18.443]   PruningStorer - change epoch             [0;36munit[0m = id [0;36mepoch[0m = 447 [0;36mbytes in cache[0m = 0 
[0;36mDEBUG[0m[2026-03-16 10:14:18.447]   opened serial level db persister         [0;36mpath[0m = TestOnly-Epoch_447/Shard_0/id [0;36mcreated pointer[0m = 0xc0006af340 [0;36mglobal db counter[0m = 3 [0;36mNewSerialDB[0m = 0.0036s [0;36mmkdirAll[0m = 0.0002s [0;36mopenLevelDB[0m = 0.0034s 
[0;36mDEBUG[0m[2026-03-16 10:14:18.447]   PruningStorer.processPersistersToClose   [0;36mepochs to close[0m = [445] [0;36mbefore process[0m = [447 446 445] [0;36mafter process[0m = [447 446] 
[0;36mDEBUG[0m[2026-03-16 10:14:18.449]   makeDbPointerNilReturningLast            [0;36mpath[0m = TestOnly-Epoch_445/Shard_0/id [0;36mnilled pointer[0m = 0xc00060fc00 [0;36mglobal db counter[0m = 2 
[0;36mDEBUG[0m[2026-03-16 10:14:18.449]   processLoop - closing the leveldb process loop [0;36mpath[0m = TestOnly-Epoch_445/Shard_0/id 
[0;36mDEBUG[0m[2026-03-16 10:14:18.449]   batchTimeoutHandle - closing             [0;36mpath[0m = TestOnly-Epoch_445/Shard_0/id 
[0;36mDEBUG[0m[2026-03-16 10:14:18.450]   PruningStorer - change epoch             [0;36munit[0m = id [0;36mepoch[0m = 448 [0;36mbytes in cache[0m = 0 
[0;36mDEBUG[0m[2026-03-16 10:14:18.455]   opened serial level db persister         [0;36mpath[0m = TestOnly-Epoch_448/Shard_0/id [0;36mcreated pointer[0m = 0xc00051a8c0 [0;36mglobal db counter[0m = 3 [0;36mNewSerialDB[0m = 0.0050s [0;36mmkdirAll[0m = 0.0004s [0;36mopenLevelDB[0m = 0.0046s 
[0;36mDEBUG[0m[2026-03-16 10:14:18.455]   PruningStorer.processPersistersToClose   [0;36mepochs to close[0m = [446] [0;36mbefore process[0m = [448 447 446] [0;36mafter process[0m = [448 447] 
[0;36mDEBUG[0m[2026-03-16 10:14:18.457]   makeDbPointerNilReturningLast            [0;36mpath[0m = TestOnly-Epoch_446/Shard_0/id [0;36mnilled pointer[0m = 0xc0006af180 [0;36mglobal db counter[0m = 2 
[0;36mDEBUG[0m[2026-03-16 10:14:18.457]   batchTimeoutHandle - closing             [0;36mpath[0m = TestOnly-Epoch_446/Shard_0/id 
[0;36mDEBUG[0m[2026-03-16 10:14:18.457]   processLoop - closing the leveldb process loop [0;36mpath[0m = TestOnly-Epoch_446/Shard_0/id 
[0;36mDEBUG[0m[2026-03-16 10:14:18.458]   PruningStorer - change epoch             [0;36munit[0m = id [0;36mepoch[0m = 449 [0;36mbytes in cache[0m = 0 
[0;36mDEBUG[0m[2026-03-16 10:14:18.462]   opened serial level db persister         [0;36mpath[0m = TestOnly-Epoch_449/Shard_0/id [0;36mcreated pointer[0m = 0xc000512a80 [0;36mglobal db counter[0m = 3 [0;36mNewSerialDB[0m = 0.0039s [0;36mmkdirAll[0m = 0.0002s [0;36mopenLevelDB[0m = 0.0037s 
[0;36mDEBUG[0m[2026-03-16 10:14:18.462]   PruningStorer.processPersistersToClose   [0;36mepochs to close[0m = [447] [0;36mbefore process[0m = [449 448 447] [0;36mafter process[0m = [449 448] 
[0;36mDEBUG[0m[2026-03-16 10:14:18.463]   makeDbPointerNilReturningLast            [0;36mpath[0m = TestOnly-Epoch_447/Shard_0/id [0;36mnilled pointer[0m = 0xc0006af340 [0;36mglobal db counter[0m = 2 
[0;36mDEBUG[0m[2026-03-16 10:14:18.463]   processLoop - closing the leveldb process loop [0;36mpath[0m = TestOnly-Epoch_447/Shard_0/id 
[0;36mDEBUG[0m[2026-03-16 10:14:18.463]   batchTimeoutHandle - closing             [0;36mpath[0m = TestOnly-Epoch_447/Shard_0/id 
[0;36mDEBUG[0m[2026-03-16 10:14:18.464]   PruningStorer - change epoch             [0;36munit[0m = id [0;36mepoch[0m = 450 [0;36mbytes in cache[0m = 0 
[0;36mDEBUG[0m[2026-03-16 10:14:18.468]   opened serial level db persister         [0;36mpath[0m = TestOnly-Epoch_450/Shard_0/id [0;36mcreated pointer[0m = 0xc00051b340 [0;36mglobal db counter[0m = 3 [0;36mNewSerialDB[0m = 0.0033s [0;36mmkdirAll[0m = 0.0002s [0;36mopenLevelDB[0m = 0.0031s 
[0;36mDEBUG[0m[2026-03-16 10:14:18.468]   PruningStorer.processPersistersToClose   [0;36mepochs to close[0m = [448] [0;36mbefore process[0m = [450 449 448] [0;36mafter process[0m = [450 449] 
[0;36mDEBUG[0m[2026-03-16 10:14:18.468]   makeDbPointerNilReturningLast            [0;36mpath[0m = TestOnly-Epoch_448/Shard_0/id [0;36mnilled pointer[0m = 0xc00051a8c0 [0;36mglobal db counter[0m = 2 
[0;36mDEBUG[0m[2026-03-16 10:14:18.468]   processLoop - closing the leveldb process loop [0;36mpath[0m = TestOnly-Epoch_448/Shard_0/id 
[0;36mDEBUG[0m[2026-03-16 10:14:18.468]   batchTimeoutHandle - closing             [0;36mpath[0m = TestOnly-Epoch_448/Shard_0/id 
[0;36mDEBUG[0m[2026-03-16 10:14:18.471]   PruningStorer - change epoch             [0;36munit[0m = id [0;36mepoch[0m = 451 [0;36mbytes in cache[0m = 0 
[0;36mDEBUG[0m[2026-03-16 10:14:18.474]   opened serial level db persister         [0;36mpath[0m = TestOnly-Epoch_451/Shard_0/id [0;36mcreated pointer[0m = 0xc000512c40 [0;36mglobal db counter[0m = 3 [0;36mNewSerialDB[0m = 0.0026s [0;36mmkdirAll[0m = 0.0002s [0;36mopenLevelDB[0m = 0.0024s 
[0;36mDEBUG[0m[2026-03-16 10:14:18.474]   PruningStorer.processPersistersToClose   [0;36mepochs to close[0m = [449] [0;36mbefore process[0m = [451 450 449] [0;36mafter process[0m = [451 450] 
[0;36mDEBUG[0m[2026-03-16 10:14:18.475]   makeDbPointerNilReturningLast            [0;36mpath[0m = TestOnly-Epoch_449/Shard_0/id [0;36mnilled pointer[0m = 0xc000512a80 [0;36mglobal db counter[0m = 2 
[0;36mDEBUG[0m[2026-03-16 10:14:18.475]   processLoop - closing the leveldb process loop [0;36mpath[0m = TestOnly-Epoch_449/Shard_0/id 
[0;36mDEBUG[0m[2026-03-16 10:14:18.475]   batchTimeoutHandle - closing             [0;36mpath[0m = TestOnly-Epoch_449/Shard_0/id 
[0;36mDEBUG[0m[2026-03-16 10:14:18.476]   PruningStorer - change epoch             [0;36munit[0m = id [0;36mepoch[0m = 452 [0;36mbytes in cache[0m = 0 
[0;36mDEBUG[0m[2026-03-16 10:14:18.478]   opened serial level db persister         [0;36mpath[0m = TestOnly-Epoch_452/Shard_0/id [0;36mcreated pointer[0m = 0xc00051b6c0 [0;36mglobal db counter[0m = 3 [0;36mNewSerialDB[0m = 0.0025s [0;36mmkdirAll[0m = 0.0002s [0;36mopenLevelDB[0m = 0.0023s 
[0;36mDEBUG[0m[2026-03-16 10:14:18.478]   PruningStorer.processPersistersToClose   [0;36mepochs to close[0m = [450] [0;36mbefore process[0m = [452 451 450] [0;36mafter process[0m = [452 451] 
[0;36mDEBUG[0m[2026-03-16 10:14:18.479]   makeDbPointerNilReturningLast            [0;36mpath[0m = TestOnly-Epoch_450/Shard_0/id [0;36mnilled pointer[0m = 0xc00051b340 [0;36mglobal db counter[0m = 2 
[0;36mDEBUG[0m[2026-03-16 10:14:18.479]   processLoop - closing the leveldb process loop [0;36mpath[0m = TestOnly-Epoch_450/Shard_0/id 
[0;36mDEBUG[0m[2026-03-16 10:14:18.479]   batchTimeoutHandle - closing             [0;36mpath[0m = TestOnly-Epoch_450/Shard_0/id 
[0;36mDEBUG[0m[2026-03-16 10:14:18.480]   PruningStorer - change epoch             [0;36munit[0m = id [0;36mepoch[0m = 453 [0;36mbytes in cache[0m = 0 
[0;36mDEBUG[0m[2026-03-16 10:14:18.482]   opened serial level db persister         [0;36mpath[0m = TestOnly-Epoch_453/Shard_0/id [0;36mcreated pointer[0m = 0xc00032ae00 [0;36mglobal db counter[0m = 3 [0;36mNewSerialDB[0m = 0.0023s [0;36mmkdirAll[0m = 0.0001s [0;36mopenLevelDB[0m = 0.0021s 
[0;36mDEBUG[0m[2026-03-16 10:14:18.482]   PruningStorer.processPersistersToClose   [0;36mepochs to close[0m = [451] [0;36mbefore process[0m = [453 452 451] [0;36mafter process[0m = [453 452] 
[0;36mDEBUG[0m[2026-03-16 10:14:18.483]   makeDbPointerNilReturningLast            [0;36mpath[0m = TestOnly-Epoch_451/Shard_0/id [0;36mnilled pointer[0m = 0xc000512c40 [0;36mglobal db counter[0m = 2 
[0;36mDEBUG[0m[2026-03-16 10:14:18.483]   processLoop - closing the leveldb process loop [0;36mpath[0m = TestOnly-Epoch_451/Shard_0/id 
[0;36mDEBUG[0m[2026-03-16 10:14:18.483]   batchTimeoutHandle - closing             [0;36mpath[0m = TestOnly-Epoch_451/Shard_0/id 
[0;36mDEBUG[0m[2026-03-16 10:14:18.484]   PruningStorer - change epoch             [0;36munit[0m = id [0;36mepoch[0m = 454 [0;36mbytes in cache[0m = 0 
[0;36mDEBUG[0m[2026-03-16 10:14:18.488]   opened serial level db persister         [0;36mpath[0m = TestOnly-Epoch_454/Shard_0/id [0;36mcreated pointer[0m = 0xc000584540 [0;36mglobal db counter[0m = 3 [0;36mNewSerialDB[0m = 0.0033s [0;36mmkdirAll[0m = 0.0002s [0;36mopenLevelDB[0m = 0.0031s 
[0;36mDEBUG[0m[2026-03-16 10:14:18.488]   PruningStorer.processPersistersToClose   [0;36mepochs to close[0m = [452] [0;36mbefore process[0m = [454 453 452] [0;36mafter process[0m = [454 453] 
[0;36mDEBUG[0m[2026-03-16 10:14:18.488]   makeDbPointerNilReturningLast            [0;36mpath[0m = TestOnly-Epoch_452/Shard_0/id [0;36mnilled pointer[0m = 0xc00051b6c0 [0;36mglobal db counter[0m = 2 
[0;36mDEBUG[0m[2026-03-16 10:14:18.488]   processLoop - closing the leveldb process loop [0;36mpath[0m = TestOnly-Epoch_452/Shard_0/id 
[0;36mDEBUG[0m[2026-03-16 10:14:18.488]   batchTimeoutHandle - closing             [0;36mpath[0m = TestOnly-Epoch_452/Shard_0/id 
[0;36mDEBUG[0m[2026-03-16 10:14:18.489]   PruningStorer - change epoch             [0;36munit[0m = id [0;36mepoch[0m = 455 [0;36mbytes in cache[0m = 0 
[0;36mDEBUG[0m[2026-03-16 10:14:18.492]   opened serial level db persister         [0;36mpath[0m = TestOnly-Epoch_455/Shard_0/id [0;36mcreated pointer[0m = 0xc000513180 [0;36mglobal db counter[0m = 3 [0;36mNewSerialDB[0m = 0.0030s [0;36mmkdirAll[0m = 0.0002s [0;36mopenLevelDB[0m = 0.0028s 
[0;36mDEBUG[0m[2026-03-16 10:14:18.492]   PruningStorer.processPersistersToClose   [0;36mepochs to close[0m = [453] [0;36mbefore process[0m = [455 454 453] [0;36mafter process[0m = [455 454] 
[0;36mDEBUG[0m[2026-03-16 10:14:18.493]   makeDbPointerNilReturningLast            [0;36mpath[0m = TestOnly-Epoch_453/Shard_0/id [0;36mnilled pointer[0m = 0xc00032ae00 [0;36mglobal db counter[0m = 2 
[0;36mDEBUG[0m[2026-03-16 10:14:18.493]   processLoop - closing the leveldb process loop [0;36mpath[0m = TestOnly-Epoch_453/Shard_0/id 
[0;36mDEBUG[0m[2026-03-16 10:14:18.493]   batchTimeoutHandle - closing             [0;36mpath[0m = TestOnly-Epoch_453/Shard_0/id 
[0;36mDEBUG[0m[2026-03-16 10:14:18.494]   PruningStorer - change epoch             [0;36munit[0m = id [0;36mepoch[0m = 456 [0;36mbytes in cache[0m = 0 
[0;36mDEBUG[0m[2026-03-16 10:14:18.497]   opened serial level db persister         [0;36mpath[0m = TestOnly-Epoch_456/Shard_0/id [0;36mcreated pointer[0m = 0xc00051b500 [0;36mglobal db counter[0m = 3 [0;36mNewSerialDB[0m = 0.0027s [0;36mmkdirAll[0m = 0.0001s [0;36mopenLevelDB[0m = 0.0025s 
[0;36mDEBUG[0m[2026-03-16 10:14:18.497]   PruningStorer.processPersistersToClose   [0;36mepochs to close[0m = [454] [0;36mbefore process[0m = [456 455 454] [0;36mafter process[0m = [456 455] 
[0;36mDEBUG[0m[2026-03-16 10:14:18.497]   makeDbPointerNilReturningLast            [0;36mpath[0m = TestOnly-Epoch_454/Shard_0/id [0;36mnilled pointer[0m = 0xc000584540 [0;36mglobal db counter[0m = 2 
[0;36mDEBUG[0m[2026-03-16 10:14:18.497]   processLoop - closing the leveldb process loop [0;36mpath[0m = TestOnly-Epoch_454/Shard_0/id 
[0;36mDEBUG[0m[2026-03-16 10:14:18.497]   batchTimeoutHandle - closing             [0;36mpath[0m = TestOnly-Epoch_454/Shard_0/id 
[0;36mDEBUG[0m[2026-03-16 10:14:18.498]   PruningStorer - change epoch             [0;36munit[0m = id [0;36mepoch[0m = 457 [0;36mbytes in cache[0m = 0 
[0;36mDEBUG[0m[2026-03-16 10:14:18.501]   opened serial level db persister         [0;36mpath[0m = TestOnly-Epoch_457/Shard_0/id [0;36mcreated pointer[0m = 0xc000694a80 [0;36mglobal db counter[0m = 3 [0;36mNewSerialDB[0m = 0.0023s [0;36mmkdirAll[0m = 0.0001s [0;36mopenLevelDB[0m = 0.0022s 
[0;36mDEBUG[0m[2026-03-16 10:14:18.501]   PruningStorer.processPersistersToClose   [0;36mepochs to close[0m = [455] [0;36mbefore process[0m = [457 456 455] [0;36mafter process[0m = [457 456] 
[0;36mDEBUG[0m[2026-03-16 10:14:18.501]   makeDbPointerNilReturningLast            [0;36mpath[0m = TestOnly-Epoch_455/Shard_0/id [0;36mnilled pointer[0m = 0xc000513180 [0;36mglobal db counter[0m = 2 
[0;36mDEBUG[0m[2026-03-16 10:14:18.501]   processLoop - closing the leveldb process loop [0;36mpath[0m = TestOnly-Epoch_455/Shard_0/id 
[0;36mDEBUG[0m[2026-03-16 10:14:18.501]   batchTimeoutHandle - closing             [0;36mpath[0m = TestOnly-Epoch_455/Shard_0/id 
[0;36mDEBUG[0m[2026-03-16 10:14:18.502]   PruningStorer - change epoch             [0;36munit[0m = id [0;36mepoch[0m = 458 [0;36mbytes in cache[0m = 0 
[0;36mDEBUG[0m[2026-03-16 10:14:18.505]   opened serial level db persister         [0;36mpath[0m = TestOnly-Epoch_458/Shard_0/id [0;36mcreated pointer[0m = 0xc00033a1c0 [0;36mglobal db counter[0m = 3 [0;36mNewSerialDB[0m = 0.0027s [0;36mmkdirAll[0m = 0.0002s [0;36mopenLevelDB[0m = 0.0025s 
[0;36mDEBUG[0m[2026-03-16 10:14:18.505]   PruningStorer.processPersistersToClose   [0;36mepochs to close[0m = [456] [0;36mbefore process[0m = [458 457 456] [0;36mafter process[0m = [458 457] 
[0;36mDEBUG[0m[2026-03-16 10:14:18.506]   makeDbPointerNilReturningLast            [0;36mpath[0m = TestOnly-Epoch_456/Shard_0/id [0;36mnilled pointer[0m = 0xc00051b500 [0;36mglobal db counter[0m = 2 
[0;36mDEBUG[0m[2026-03-16 10:14:18.506]   processLoop - closing the leveldb process loop [0;36mpath[0m = TestOnly-Epoch_456/Shard_0/id 
[0;36mDEBUG[0m[2026-03-16 10:14:18.506]   batchTimeoutHandle - closing             [0;36mpath[0m = TestOnly-Epoch_456/Shard_0/id 
[0;36mDEBUG[0m[2026-03-16 10:14:18.507]   PruningStorer - change epoch             [0;36munit[0m = id [0;36mepoch[0m = 459 [0;36mbytes in cache[0m = 0 
[0;36mDEBUG[0m[2026-03-16 10:14:18.509]   opened serial level db persister         [0;36mpath[0m = TestOnly-Epoch_459/Shard_0/id [0;36mcreated pointer[0m = 0xc00033a540 [0;36mglobal db counter[0m = 3 [0;36mNewSerialDB[0m = 0.0023s [0;36mmkdirAll[0m = 0.0001s [0;36mopenLevelDB[0m = 0.0022s 
[0;36mDEBUG[0m[2026-03-16 10:14:18.509]   PruningStorer.processPersistersToClose   [0;36mepochs to close[0m = [457] [0;36mbefore process[0m = [459 458 457] [0;36mafter process[0m = [459 458] 
[0;36mDEBUG[0m[2026-03-16 10:14:18.510]   makeDbPointerNilReturningLast            [0;36mpath[0m = TestOnly-Epoch_457/Shard_0/id [0;36mnilled pointer[0m = 0xc000694a80 [0;36mglobal db counter[0m = 2 
[0;36mDEBUG[0m[2026-03-16 10:14:18.510]   processLoop - closing the leveldb process loop [0;36mpath[0m = TestOnly-Epoch_457/Shard_0/id 
[0;36mDEBUG[0m[2026-03-16 10:14:18.510]   batchTimeoutHandle - closing             [0;36mpath[0m = TestOnly-Epoch_457/Shard_0/id 
[0;36mDEBUG[0m[2026-03-16 10:14:18.511]   PruningStorer - change epoch             [0;36munit[0m = id [0;36mepoch[0m = 460 [0;36mbytes in cache[0m = 0 
[0;36mDEBUG[0m[2026-03-16 10:14:18.514]   opened serial level db persister         [0;36mpath[0m = TestOnly-Epoch_460/Shard_0/id [0;36mcreated pointer[0m = 0xc0006956c0 [0;36mglobal db counter[0m = 3 [0;36mNewSerialDB[0m = 0.0024s [0;36mmkdirAll[0m = 0.0001s [0;36mopenLevelDB[0m = 0.0023s 
[0;36mDEBUG[0m[2026-03-16 10:14:18.514]   PruningStorer.processPersistersToClose   [0;36mepochs to close[0m = [458] [0;36mbefore process[0m = [460 459 458] [0;36mafter process[0m = [460 459] 
[0;36mDEBUG[0m[2026-03-16 10:14:18.514]   makeDbPointerNilReturningLast            [0;36mpath[0m = TestOnly-Epoch_458/Shard_0/id [0;36mnilled pointer[0m = 0xc00033a1c0 [0;36mglobal db counter[0m = 2 
[0;36mDEBUG[0m[2026-03-16 10:14:18.514]   processLoop - closing the leveldb process loop [0;36mpath[0m = TestOnly-Epoch_458/Shard_0/id 
[0;36mDEBUG[0m[2026-03-16 10:14:18.514]   batchTimeoutHandle - closing             [0;36mpath[0m = TestOnly-Epoch_458/Shard_0/id 
[0;36mDEBUG[0m[2026-03-16 10:14:18.515]   PruningStorer - change epoch             [0;36munit[0m = id [0;36mepoch[0m = 461 [0;36mbytes in cache[0m = 0 
[0;36mDEBUG[0m[2026-03-16 10:14:18.518]   opened serial level db persister         [0;36mpath[0m = TestOnly-Epoch_461/Shard_0/id [0;36mcreated pointer[0m = 0xc000140380 [0;36mglobal db counter[0m = 3 [0;36mNewSerialDB[0m = 0.0029s [0;36mmkdirAll[0m = 0.0002s [0;36mopenLevelDB[0m = 0.0028s 
[0;36mDEBUG[0m[2026-03-16 10:14:18.518]   PruningStorer.processPersistersToClose   [0;36mepochs to close[0m = [459] [0;36mbefore process[0m = [461 460 459] [0;36mafter process[0m = [461 460] 
[0;36mDEBUG[0m[2026-03-16 10:14:18.519]   processLoop - closing the leveldb process loop [0;36mpath[0m = TestOnly-Epoch_459/Shard_0/id 
[0;36mDEBUG[0m[2026-03-16 10:14:18.519]   makeDbPointerNilReturningLast            [0;36mpath[0m = TestOnly-Epoch_459/Shard_0/id [0;36mnilled pointer[0m = 0xc00033a540 [0;36mglobal db counter[0m = 2 
[0;36mDEBUG[0m[2026-03-16 10:14:18.519]   batchTimeoutHandle - closing             [0;36mpath[0m = TestOnly-Epoch_459/Shard_0/id 
[0;36mDEBUG[0m[2026-03-16 10:14:18.520]   PruningStorer - change epoch             [0;36munit[0m = id [0;36mepoch[0m = 462 [0;36mbytes in cache[0m = 0 
[0;36mDEBUG[0m[2026-03-16 10:14:18.523]   opened serial level db persister         [0;36mpath[0m = TestOnly-Epoch_462/Shard_0/id [0;36mcreated pointer[0m = 0xc00032a000 [0;36mglobal db counter[0m = 3 [0;36mNewSerialDB[0m = 0.0026s [0;36mmkdirAll[0m = 0.0001s [0;36mopenLevelDB[0m = 0.0025s 
[0;36mDEBUG[0m[2026-03-16 10:14:18.523]   PruningStorer.processPersistersToClose   [0;36mepochs to close[0m = [460] [0;36mbefore process[0m = [462 461 460] [0;36mafter process[0m = [462 461] 
[0;36mDEBUG[0m[2026-03-16 10:14:18.523]   makeDbPointerNilReturningLast            [0;36mpath[0m = TestOnly-Epoch_460/Shard_0/id [0;36mnilled pointer[0m = 0xc0006956c0 [0;36mglobal db counter[0m = 2 
[0;36mDEBUG[0m[2026-03-16 10:14:18.523]   processLoop - closing the leveldb process loop [0;36mpath[0m = TestOnly-Epoch_460/Shard_0/id 
[0;36mDEBUG[0m[2026-03-16 10:14:18.523]   batchTimeoutHandle - closing             [0;36mpath[0m = TestOnly-Epoch_460/Shard_0/id 
[0;36mDEBUG[0m[2026-03-16 10:14:18.524]   PruningStorer - change epoch             [0;36munit[0m = id [0;36mepoch[0m = 463 [0;36mbytes in cache[0m = 0 
[0;36mDEBUG[0m[2026-03-16 10:14:18.527]   opened serial level db persister         [0;36mpath[0m = TestOnly-Epoch_463/Shard_0/id [0;36mcreated pointer[0m = 0xc00032aa80 [0;36mglobal db counter[0m = 3 [0;36mNewSerialDB[0m = 0.0023s [0;36mmkdirAll[0m = 0.0001s [0;36mopenLevelDB[0m = 0.0021s 
[0;36mDEBUG[0m[2026-03-16 10:14:18.527]   PruningStorer.processPersistersToClose   [0;36mepochs to close[0m = [461] [0;36mbefore process[0m = [463 462 461] [0;36mafter process[0m = [463 462] 
[0;36mDEBUG[0m[2026-03-16 10:14:18.527]   makeDbPointerNilReturningLast            [0;36mpath[0m = TestOnly-Epoch_461/Shard_0/id [0;36mnilled pointer[0m = 0xc000140380 [0;36mglobal db counter[0m = 2 
[0;36mDEBUG[0m[2026-03-16 10:14:18.527]   batchTimeoutHandle - closing             [0;36mpath[0m = TestOnly-Epoch_461/Shard_0/id 
[0;36mDEBUG[0m[2026-03-16 10:14:18.527]   processLoop - closing the leveldb process loop [0;36mpath[0m = TestOnly-Epoch_461/Shard_0/id 
[0;36mDEBUG[0m[2026-03-16 10:14:18.528]   PruningStorer - change epoch             [0;36munit[0m = id [0;36mepoch[0m = 464 [0;36mbytes in cache[0m = 0 
[0;36mDEBUG[0m[2026-03-16 10:14:18.531]   opened serial level db persister         [0;36mpath[0m = TestOnly-Epoch_464/Shard_0/id [0;36mcreated pointer[0m = 0xc000140540 [0;36mglobal db counter[0m = 3 [0;36mNewSerialDB[0m = 0.0023s [0;36mmkdirAll[0m = 0.0002s [0;36mopenLevelDB[0m = 0.0022s 
[0;36mDEBUG[0m[2026-03-16 10:14:18.531]   PruningStorer.processPersistersToClose   [0;36mepochs to close[0m = [462] [0;36mbefore process[0m = [464 463 462] [0;36mafter process[0m = [464 463] 
[0;36mDEBUG[0m[2026-03-16 10:14:18.531]   makeDbPointerNilReturningLast            [0;36mpath[0m = TestOnly-Epoch_462/Shard_0/id [0;36mnilled pointer[0m = 0xc00032a000 [0;36mglobal db counter[0m = 2 
[0;36mDEBUG[0m[2026-03-16 10:14:18.531]   processLoop - closing the leveldb process loop [0;36mpath[0m = TestOnly-Epoch_462/Shard_0/id 
[0;36mDEBUG[0m[2026-03-16 10:14:18.531]   batchTimeoutHandle - closing             [0;36mpath[0m = TestOnly-Epoch_462/Shard_0/id 
[0;36mDEBUG[0m[2026-03-16 10:14:18.532]   PruningStorer - change epoch             [0;36munit[0m = id [0;36mepoch[0m = 465 [0;36mbytes in cache[0m = 0 
[0;36mDEBUG[0m[2026-03-16 10:14:18.535]   opened serial level db persister         [0;36mpath[0m = TestOnly-Epoch_465/Shard_0/id [0;36mcreated pointer[0m = 0xc000512380 [0;36mglobal db counter[0m = 3 [0;36mNewSerialDB[0m = 0.0024s [0;36mmkdirAll[0m = 0.0002s [0;36mopenLevelDB[0m = 0.0022s 
[0;36mDEBUG[0m[2026-03-16 10:14:18.535]   PruningStorer.processPersistersToClose   [0;36mepochs to close[0m = [463] [0;36mbefore process[0m = [465 464 463] [0;36mafter process[0m = [465 464] 
[0;36mDEBUG[0m[2026-03-16 10:14:18.535]   makeDbPointerNilReturningLast            [0;36mpath[0m = TestOnly-Epoch_463/Shard_0/id [0;36mnilled pointer[0m = 0xc00032aa80 [0;36mglobal db counter[0m = 2 
[0;36mDEBUG[0m[2026-03-16 10:14:18.535]   processLoop - closing the leveldb process loop [0;36mpath[0m = TestOnly-Epoch_463/Shard_0/id 
[0;36mDEBUG[0m[2026-03-16 10:14:18.535]   batchTimeoutHandle - closing             [0;36mpath[0m = TestOnly-Epoch_463/Shard_0/id 
[0;36mDEBUG[0m[2026-03-16 10:14:18.536]   PruningStorer - change epoch             [0;36munit[0m = id [0;36mepoch[0m = 466 [0;36mbytes in cache[0m = 0 
[0;36mDEBUG[0m[2026-03-16 10:14:18.539]   opened serial level db persister         [0;36mpath[0m = TestOnly-Epoch_466/Shard_0/id [0;36mcreated pointer[0m = 0xc000694000 [0;36mglobal db counter[0m = 3 [0;36mNewSerialDB[0m = 0.0025s [0;36mmkdirAll[0m = 0.0001s [0;36mopenLevelDB[0m = 0.0023s 
[0;36mDEBUG[0m[2026-03-16 10:14:18.539]   PruningStorer.processPersistersToClose   [0;36mepochs to close[0m = [464] [0;36mbefore process[0m = [466 465 464] [0;36mafter process[0m = [466 465] 
[0;36mDEBUG[0m[2026-03-16 10:14:18.539]   makeDbPointerNilReturningLast            [0;36mpath[0m = TestOnly-Epoch_464/Shard_0/id [0;36mnilled pointer[0m = 0xc000140540 [0;36mglobal db counter[0m = 2 
[0;36mDEBUG[0m[2026-03-16 10:14:18.539]   processLoop - closing the leveldb process loop [0;36mpath[0m = TestOnly-Epoch_464/Shard_0/id 
[0;36mDEBUG[0m[2026-03-16 10:14:18.539]   batchTimeoutHandle - closing             [0;36mpath[0m = TestOnly-Epoch_464/Shard_0/id 
[0;36mDEBUG[0m[2026-03-16 10:14:18.541]   PruningStorer - change epoch             [0;36munit[0m = id [0;36mepoch[0m = 467 [0;36mbytes in cache[0m = 0 
[0;36mDEBUG[0m[2026-03-16 10:14:18.544]   opened serial level db persister         [0;36mpath[0m = TestOnly-Epoch_467/Shard_0/id [0;36mcreated pointer[0m = 0xc0001401c0 [0;36mglobal db counter[0m = 3 [0;36mNewSerialDB[0m = 0.0030s [0;36mmkdirAll[0m = 0.0002s [0;36mopenLevelDB[0m = 0.0029s 
[0;36mDEBUG[0m[2026-03-16 10:14:18.544]   PruningStorer.processPersistersToClose   [0;36mepochs to close[0m = [465] [0;36mbefore process[0m = [467 466 465] [0;36mafter process[0m = [467 466] 
[0;36mDEBUG[0m[2026-03-16 10:14:18.544]   makeDbPointerNilReturningLast            [0;36mpath[0m = TestOnly-Epoch_465/Shard_0/id [0;36mnilled pointer[0m = 0xc000512380 [0;36mglobal db counter[0m = 2 
[0;36mDEBUG[0m[2026-03-16 10:14:18.544]   processLoop - closing the leveldb process loop [0;36mpath[0m = TestOnly-Epoch_465/Shard_0/id 
[0;36mDEBUG[0m[2026-03-16 10:14:18.544]   batchTimeoutHandle - closing             [0;36mpath[0m = TestOnly-Epoch_465/Shard_0/id 
[0;36mDEBUG[0m[2026-03-16 10:14:18.546]   PruningStorer - change epoch             [0;36munit[0m = id [0;36mepoch[0m = 468 [0;36mbytes in cache[0m = 0 
[0;36mDEBUG[0m[2026-03-16 10:14:18.549]   opened serial level db persister         [0;36mpath[0m = TestOnly-Epoch_468/Shard_0/id [0;36mcreated pointer[0m = 0xc00033ae00 [0;36mglobal db counter[0m = 3 [0;36mNewSerialDB[0m = 0.0031s [0;36mmkdirAll[0m = 0.0002s [0;36mopenLevelDB[0m = 0.0029s 
[0;36mDEBUG[0m[2026-03-16 10:14:18.549]   PruningStorer.processPersistersToClose   [0;36mepochs to close[0m = [466] [0;36mbefore process[0m = [468 467 466] [0;36mafter process[0m = [468 467] 
[0;36mDEBUG[0m[2026-03-16 10:14:18.549]   makeDbPointerNilReturningLast            [0;36mpath[0m = TestOnly-Epoch_466/Shard_0/id [0;36mnilled pointer[0m = 0xc000694000 [0;36mglobal db counter[0m = 2 
[0;36mDEBUG[0m[2026-03-16 10:14:18.549]   processLoop - closing the leveldb process loop [0;36mpath[0m = TestOnly-Epoch_466/Shard_0/id 
[0;36mDEBUG[0m[2026-03-16 10:14:18.549]   batchTimeoutHandle - closing             [0;36mpath[0m = TestOnly-Epoch_466/Shard_0/id 
[0;36mDEBUG[0m[2026-03-16 10:14:18.551]   PruningStorer - change epoch             [0;36munit[0m = id [0;36mepoch[0m = 469 [0;36mbytes in cache[0m = 0 
[0;36mDEBUG[0m[2026-03-16 10:14:18.553]   opened serial level db persister         [0;36mpath[0m = TestOnly-Epoch_469/Shard_0/id [0;36mcreated pointer[0m = 0xc000542000 [0;36mglobal db counter[0m = 3 [0;36mNewSerialDB[0m = 0.0024s [0;36mmkdirAll[0m = 0.0002s [0;36mopenLevelDB[0m = 0.0022s 
[0;36mDEBUG[0m[2026-03-16 10:14:18.553]   PruningStorer.processPersistersToClose   [0;36mepochs to close[0m = [467] [0;36mbefore process[0m = [469 468 467] [0;36mafter process[0m = [469 468] 
[0;36mDEBUG[0m[2026-03-16 10:14:18.554]   makeDbPointerNilReturningLast            [0;36mpath[0m = TestOnly-Epoch_467/Shard_0/id [0;36mnilled pointer[0m = 0xc0001401c0 [0;36mglobal db counter[0m = 2 
[0;36mDEBUG[0m[2026-03-16 10:14:18.554]   processLoop - closing the leveldb process loop [0;36mpath[0m = TestOnly-Epoch_467/Shard_0/id 
[0;36mDEBUG[0m[2026-03-16 10:14:18.554]   batchTimeoutHandle - closing             [0;36mpath[0m = TestOnly-Epoch_467/Shard_0/id 
[0;36mDEBUG[0m[2026-03-16 10:14:18.555]   PruningStorer - change epoch             [0;36munit[0m = id [0;36mepoch[0m = 470 [0;36mbytes in cache[0m = 0 
[0;36mDEBUG[0m[2026-03-16 10:14:18.558]   opened serial level db persister         [0;36mpath[0m = TestOnly-Epoch_470/Shard_0/id [0;36mcreated pointer[0m = 0xc0006aefc0 [0;36mglobal db counter[0m = 3 [0;36mNewSerialDB[0m = 0.0031s [0;36mmkdirAll[0m = 0.0002s [0;36mopenLevelDB[0m = 0.0029s 
[0;36mDEBUG[0m[2026-03-16 10:14:18.558]   PruningStorer.processPersistersToClose   [0;36mepochs to close[0m = [468] [0;36mbefore process[0m = [470 469 468] [0;36mafter process[0m = [470 469] 
[0;36mDEBUG[0m[2026-03-16 10:14:18.559]   makeDbPointerNilReturningLast            [0;36mpath[0m = TestOnly-Epoch_468/Shard_0/id [0;36mnilled pointer[0m = 0xc00033ae00 [0;36mglobal db counter[0m = 2 
[0;36mDEBUG[0m[2026-03-16 10:14:18.559]   processLoop - closing the leveldb process loop [0;36mpath[0m = TestOnly-Epoch_468/Shard_0/id 
[0;36mDEBUG[0m[2026-03-16 10:14:18.559]   batchTimeoutHandle - closing             [0;36mpath[0m = TestOnly-Epoch_468/Shard_0/id 
[0;36mDEBUG[0m[2026-03-16 10:14:18.560]   PruningStorer - change epoch             [0;36munit[0m = id [0;36mepoch[0m = 471 [0;36mbytes in cache[0m = 0 
[0;36mDEBUG[0m[2026-03-16 10:14:18.563]   opened serial level db persister         [0;36mpath[0m = TestOnly-Epoch_471/Shard_0/id [0;36mcreated pointer[0m = 0xc0001408c0 [0;36mglobal db counter[0m = 3 [0;36mNewSerialDB[0m = 0.0025s [0;36mmkdirAll[0m = 0.0002s [0;36mopenLevelDB[0m = 0.0023s 
[0;36mDEBUG[0m[2026-03-16 10:14:18.563]   PruningStorer.processPersistersToClose   [0;36mepochs to close[0m = [469] [0;36mbefore process[0m = [471 470 469] [0;36mafter process[0m = [471 470] 
[0;36mDEBUG[0m[2026-03-16 10:14:18.563]   makeDbPointerNilReturningLast            [0;36mpath[0m = TestOnly-Epoch_469/Shard_0/id [0;36mnilled pointer[0m = 0xc000542000 [0;36mglobal db counter[0m = 2 
[0;36mDEBUG[0m[2026-03-16 10:14:18.563]   batchTimeoutHandle - closing             [0;36mpath[0m = TestOnly-Epoch_469/Shard_0/id 
[0;36mDEBUG[0m[2026-03-16 10:14:18.563]   processLoop - closing the leveldb process loop [0;36mpath[0m = TestOnly-Epoch_469/Shard_0/id 
[0;36mDEBUG[0m[2026-03-16 10:14:18.564]   PruningStorer - change epoch             [0;36munit[0m = id [0;36mepoch[0m = 472 [0;36mbytes in cache[0m = 0 
[0;36mDEBUG[0m[2026-03-16 10:14:18.567]   opened serial level db persister         [0;36mpath[0m = TestOnly-Epoch_472/Shard_0/id [0;36mcreated pointer[0m = 0xc00033ac40 [0;36mglobal db counter[0m = 3 [0;36mNewSerialDB[0m = 0.0031s [0;36mmkdirAll[0m = 0.0003s [0;36mopenLevelDB[0m = 0.0028s 
[0;36mDEBUG[0m[2026-03-16 10:14:18.567]   PruningStorer.processPersistersToClose   [0;36mepochs to close[0m = [470] [0;36mbefore process[0m = [472 471 470] [0;36mafter process[0m = [472 471] 
[0;36mDEBUG[0m[2026-03-16 10:14:18.568]   makeDbPointerNilReturningLast            [0;36mpath[0m = TestOnly-Epoch_470/Shard_0/id [0;36mnilled pointer[0m = 0xc0006aefc0 [0;36mglobal db counter[0m = 2 
[0;36mDEBUG[0m[2026-03-16 10:14:18.568]   processLoop - closing the leveldb process loop [0;36mpath[0m = TestOnly-Epoch_470/Shard_0/id 
[0;36mDEBUG[0m[2026-03-16 10:14:18.568]   batchTimeoutHandle - closing             [0;36mpath[0m = TestOnly-Epoch_470/Shard_0/id 
[0;36mDEBUG[0m[2026-03-16 10:14:18.569]   PruningStorer - change epoch             [0;36munit[0m = id [0;36mepoch[0m = 473 [0;36mbytes in cache[0m = 0 
[0;36mDEBUG[0m[2026-03-16 10:14:18.573]   opened serial level db persister         [0;36mpath[0m = TestOnly-Epoch_473/Shard_0/id [0;36mcreated pointer[0m = 0xc00033b180 [0;36mglobal db counter[0m = 3 [0;36mNewSerialDB[0m = 0.0032s [0;36mmkdirAll[0m = 0.0006s [0;36mopenLevelDB[0m = 0.0026s 
[0;36mDEBUG[0m[2026-03-16 10:14:18.573]   PruningStorer.processPersistersToClose   [0;36mepochs to close[0m = [471] [0;36mbefore process[0m = [473 472 471] [0;36mafter process[0m = [473 472] 
[0;36mDEBUG[0m[2026-03-16 10:14:18.573]   processLoop - closing the leveldb process loop [0;36mpath[0m = TestOnly-Epoch_471/Shard_0/id 
[0;36mDEBUG[0m[2026-03-16 10:14:18.573]   makeDbPointerNilReturningLast            [0;36mpath[0m = TestOnly-Epoch_471/Shard_0/id [0;36mnilled pointer[0m = 0xc0001408c0 [0;36mglobal db counter[0m = 2 
[0;36mDEBUG[0m[2026-03-16 10:14:18.573]   batchTimeoutHandle - closing             [0;36mpath[0m = TestOnly-Epoch_471/Shard_0/id 
[0;36mDEBUG[0m[2026-03-16 10:14:18.575]   PruningStorer - change epoch             [0;36munit[0m = id [0;36mepoch[0m = 474 [0;36mbytes in cache[0m = 0 
[0;36mDEBUG[0m[2026-03-16 10:14:18.578]   opened serial level db persister         [0;36mpath[0m = TestOnly-Epoch_474/Shard_0/id [0;36mcreated pointer[0m = 0xc000695880 [0;36mglobal db counter[0m = 3 [0;36mNewSerialDB[0m = 0.0036s [0;36mmkdirAll[0m = 0.0002s [0;36mopenLevelDB[0m = 0.0034s 
[0;36mDEBUG[0m[2026-03-16 10:14:18.578]   PruningStorer.processPersistersToClose   [0;36mepochs to close[0m = [472] [0;36mbefore process[0m = [474 473 472] [0;36mafter process[0m = [474 473] 
[0;36mDEBUG[0m[2026-03-16 10:14:18.579]   makeDbPointerNilReturningLast            [0;36mpath[0m = TestOnly-Epoch_472/Shard_0/id [0;36mnilled pointer[0m = 0xc00033ac40 [0;36mglobal db counter[0m = 2 
[0;36mDEBUG[0m[2026-03-16 10:14:18.579]   processLoop - closing the leveldb process loop [0;36mpath[0m = TestOnly-Epoch_472/Shard_0/id 
[0;36mDEBUG[0m[2026-03-16 10:14:18.579]   batchTimeoutHandle - closing             [0;36mpath[0m = TestOnly-Epoch_472/Shard_0/id 
[0;36mDEBUG[0m[2026-03-16 10:14:18.580]   PruningStorer - change epoch             [0;36munit[0m = id [0;36mepoch[0m = 475 [0;36mbytes in cache[0m = 0 
[0;36mDEBUG[0m[2026-03-16 10:14:18.583]   opened serial level db persister         [0;36mpath[0m = TestOnly-Epoch_475/Shard_0/id [0;36mcreated pointer[0m = 0xc00033afc0 [0;36mglobal db counter[0m = 3 [0;36mNewSerialDB[0m = 0.0030s [0;36mmkdirAll[0m = 0.0001s [0;36mopenLevelDB[0m = 0.0028s 
[0;36mDEBUG[0m[2026-03-16 10:14:18.583]   PruningStorer.processPersistersToClose   [0;36mepochs to close[0m = [473] [0;36mbefore process[0m = [475 474 473] [0;36mafter process[0m = [475 474] 
[0;36mDEBUG[0m[2026-03-16 10:14:18.584]   makeDbPointerNilReturningLast            [0;36mpath[0m = TestOnly-Epoch_473/Shard_0/id [0;36mnilled pointer[0m = 0xc00033b180 [0;36mglobal db counter[0m = 2 
[0;36mDEBUG[0m[2026-03-16 10:14:18.584]   processLoop - closing the leveldb process loop [0;36mpath[0m = TestOnly-Epoch_473/Shard_0/id 
[0;36mDEBUG[0m[2026-03-16 10:14:18.584]   batchTimeoutHandle - closing             [0;36mpath[0m = TestOnly-Epoch_473/Shard_0/id 
[0;36mDEBUG[0m[2026-03-16 10:14:18.585]   PruningStorer - change epoch             [0;36munit[0m = id [0;36mepoch[0m = 476 [0;36mbytes in cache[0m = 0 
[0;36mDEBUG[0m[2026-03-16 10:14:18.587]   opened serial level db persister         [0;36mpath[0m = TestOnly-Epoch_476/Shard_0/id [0;36mcreated pointer[0m = 0xc00033b340 [0;36mglobal db counter[0m = 3 [0;36mNewSerialDB[0m = 0.0024s [0;36mmkdirAll[0m = 0.0002s [0;36mopenLevelDB[0m = 0.0022s 
[0;36mDEBUG[0m[2026-03-16 10:14:18.587]   PruningStorer.processPersistersToClose   [0;36mepochs to close[0m = [474] [0;36mbefore process[0m = [476 475 474] [0;36mafter process[0m = [476 475] 
[0;36mDEBUG[0m[2026-03-16 10:14:18.588]   makeDbPointerNilReturningLast            [0;36mpath[0m = TestOnly-Epoch_474/Shard_0/id [0;36mnilled pointer[0m = 0xc000695880 [0;36mglobal db counter[0m = 2 
[0;36mDEBUG[0m[2026-03-16 10:14:18.588]   processLoop - closing the leveldb process loop [0;36mpath[0m = TestOnly-Epoch_474/Shard_0/id 
[0;36mDEBUG[0m[2026-03-16 10:14:18.588]   batchTimeoutHandle - closing             [0;36mpath[0m = TestOnly-Epoch_474/Shard_0/id 
[0;36mDEBUG[0m[2026-03-16 10:14:18.589]   PruningStorer - change epoch             [0;36munit[0m = id [0;36mepoch[0m = 477 [0;36mbytes in cache[0m = 0 
[0;36mDEBUG[0m[2026-03-16 10:14:18.591]   opened serial level db persister         [0;36mpath[0m = TestOnly-Epoch_477/Shard_0/id [0;36mcreated pointer[0m = 0xc000140700 [0;36mglobal db counter[0m = 3 [0;36mNewSerialDB[0m = 0.0025s [0;36mmkdirAll[0m = 0.0001s [0;36mopenLevelDB[0m = 0.0024s 
[0;36mDEBUG[0m[2026-03-16 10:14:18.591]   PruningStorer.processPersistersToClose   [0;36mepochs to close[0m = [475] [0;36mbefore process[0m = [477 476 475] [0;36mafter process[0m = [477 476] 
[0;36mDEBUG[0m[2026-03-16 10:14:18.592]   makeDbPointerNilReturningLast            [0;36mpath[0m = TestOnly-Epoch_475/Shard_0/id [0;36mnilled pointer[0m = 0xc00033afc0 [0;36mglobal db counter[0m = 2 
[0;36mDEBUG[0m[2026-03-16 10:14:18.592]   processLoop - closing the leveldb process loop [0;36mpath[0m = TestOnly-Epoch_475/Shard_0/id 
[0;36mDEBUG[0m[2026-03-16 10:14:18.592]   batchTimeoutHandle - closing             [0;36mpath[0m = TestOnly-Epoch_475/Shard_0/id 
[0;36mDEBUG[0m[2026-03-16 10:14:18.593]   PruningStorer - change epoch             [0;36munit[0m = id [0;36mepoch[0m = 478 [0;36mbytes in cache[0m = 0 
[0;36mDEBUG[0m[2026-03-16 10:14:18.596]   opened serial level db persister         [0;36mpath[0m = TestOnly-Epoch_478/Shard_0/id [0;36mcreated pointer[0m = 0xc00032b500 [0;36mglobal db counter[0m = 3 [0;36mNewSerialDB[0m = 0.0029s [0;36mmkdirAll[0m = 0.0002s [0;36mopenLevelDB[0m = 0.0028s 
[0;36mDEBUG[0m[2026-03-16 10:14:18.596]   PruningStorer.processPersistersToClose   [0;36mepochs to close[0m = [476] [0;36mbefore process[0m = [478 477 476] [0;36mafter process[0m = [478 477] 
[0;36mDEBUG[0m[2026-03-16 10:14:18.596]   makeDbPointerNilReturningLast            [0;36mpath[0m = TestOnly-Epoch_476/Shard_0/id [0;36mnilled pointer[0m = 0xc00033b340 [0;36mglobal db counter[0m = 2 
[0;36mDEBUG[0m[2026-03-16 10:14:18.596]   processLoop - closing the leveldb process loop [0;36mpath[0m = TestOnly-Epoch_476/Shard_0/id 
[0;36mDEBUG[0m[2026-03-16 10:14:18.596]   batchTimeoutHandle - closing             [0;36mpath[0m = TestOnly-Epoch_476/Shard_0/id 
[0;36mDEBUG[0m[2026-03-16 10:14:18.597]   PruningStorer - change epoch             [0;36munit[0m = id [0;36mepoch[0m = 479 [0;36mbytes in cache[0m = 0 
[0;36mDEBUG[0m[2026-03-16 10:14:18.600]   opened serial level db persister         [0;36mpath[0m = TestOnly-Epoch_479/Shard_0/id [0;36mcreated pointer[0m = 0xc000140c40 [0;36mglobal db counter[0m = 3 [0;36mNewSerialDB[0m = 0.0022s [0;36mmkdirAll[0m = 0.0002s [0;36mopenLevelDB[0m = 0.0020s 
[0;36mDEBUG[0m[2026-03-16 10:14:18.600]   PruningStorer.processPersistersToClose   [0;36mepochs to close[0m = [477] [0;36mbefore process[0m = [479 478 477] [0;36mafter process[0m = [479 478] 
[0;36mDEBUG[0m[2026-03-16 10:14:18.600]   makeDbPointerNilReturningLast            [0;36mpath[0m = TestOnly-Epoch_477/Shard_0/id [0;36mnilled pointer[0m = 0xc000140700 [0;36mglobal db counter[0m = 2 
[0;36mDEBUG[0m[2026-03-16 10:14:18.600]   processLoop - closing the leveldb process loop [0;36mpath[0m = TestOnly-Epoch_477/Shard_0/id 
[0;36mDEBUG[0m[2026-03-16 10:14:18.600]   batchTimeoutHandle - closing             [0;36mpath[0m = TestOnly-Epoch_477/Shard_0/id 
[0;36mDEBUG[0m[2026-03-16 10:14:18.601]   PruningStorer - change epoch             [0;36munit[0m = id [0;36mepoch[0m = 480 [0;36mbytes in cache[0m = 0 
[0;36mDEBUG[0m[2026-03-16 10:14:18.604]   opened serial level db persister         [0;36mpath[0m = TestOnly-Epoch_480/Shard_0/id [0;36mcreated pointer[0m = 0xc00033aa80 [0;36mglobal db counter[0m = 3 [0;36mNewSerialDB[0m = 0.0022s [0;36mmkdirAll[0m = 0.0001s [0;36mopenLevelDB[0m = 0.0021s 
[0;36mDEBUG[0m[2026-03-16 10:14:18.604]   PruningStorer.processPersistersToClose   [0;36mepochs to close[0m = [478] [0;36mbefore process[0m = [480 479 478] [0;36mafter process[0m = [480 479] 
[0;36mDEBUG[0m[2026-03-16 10:14:18.604]   makeDbPointerNilReturningLast            [0;36mpath[0m = TestOnly-Epoch_478/Shard_0/id [0;36mnilled pointer[0m = 0xc00032b500 [0;36mglobal db counter[0m = 2 
[0;36mDEBUG[0m[2026-03-16 10:14:18.604]   processLoop - closing the leveldb process loop [0;36mpath[0m = TestOnly-Epoch_478/Shard_0/id 
[0;36mDEBUG[0m[2026-03-16 10:14:18.604]   batchTimeoutHandle - closing             [0;36mpath[0m = TestOnly-Epoch_478/Shard_0/id 
[0;36mDEBUG[0m[2026-03-16 10:14:18.605]   PruningStorer - change epoch             [0;36munit[0m = id [0;36mepoch[0m = 481 [0;36mbytes in cache[0m = 0 
[0;36mDEBUG[0m[2026-03-16 10:14:18.608]   opened serial level db persister         [0;36mpath[0m = TestOnly-Epoch_481/Shard_0/id [0;36mcreated pointer[0m = 0xc00033b880 [0;36mglobal db counter[0m = 3 [0;36mNewSerialDB[0m = 0.0027s [0;36mmkdirAll[0m = 0.0001s [0;36mopenLevelDB[0m = 0.0026s 
[0;36mDEBUG[0m[2026-03-16 10:14:18.608]   PruningStorer.processPersistersToClose   [0;36mepochs to close[0m = [479] [0;36mbefore process[0m = [481 480 479] [0;36mafter process[0m = [481 480] 
[0;36mDEBUG[0m[2026-03-16 10:14:18.609]   makeDbPointerNilReturningLast            [0;36mpath[0m = TestOnly-Epoch_479/Shard_0/id [0;36mnilled pointer[0m = 0xc000140c40 [0;36mglobal db counter[0m = 2 
[0;36mDEBUG[0m[2026-03-16 10:14:18.609]   processLoop - closing the leveldb process loop [0;36mpath[0m = TestOnly-Epoch_479/Shard_0/id 
[0;36mDEBUG[0m[2026-03-16 10:14:18.609]   batchTimeoutHandle - closing             [0;36mpath[0m = TestOnly-Epoch_479/Shard_0/id 
[0;36mDEBUG[0m[2026-03-16 10:14:18.610]   PruningStorer - change epoch             [0;36munit[0m = id [0;36mepoch[0m = 482 [0;36mbytes in cache[0m = 0 
[0;36mDEBUG[0m[2026-03-16 10:14:18.614]   opened serial level db persister         [0;36mpath[0m = TestOnly-Epoch_482/Shard_0/id [0;36mcreated pointer[0m = 0xc000546700 [0;36mglobal db counter[0m = 3 [0;36mNewSerialDB[0m = 0.0043s [0;36mmkdirAll[0m = 0.0001s [0;36mopenLevelDB[0m = 0.0042s 
[0;36mDEBUG[0m[2026-03-16 10:14:18.614]   PruningStorer.processPersistersToClose   [0;36mepochs to close[0m = [480] [0;36mbefore process[0m = [482 481 480] [0;36mafter process[0m = [482 481] 
[0;36mDEBUG[0m[2026-03-16 10:14:18.615]   makeDbPointerNilReturningLast            [0;36mpath[0m = TestOnly-Epoch_480/Shard_0/id [0;36mnilled pointer[0m = 0xc00033aa80 [0;36mglobal db counter[0m = 2 
[0;36mDEBUG[0m[2026-03-16 10:14:18.615]   batchTimeoutHandle - closing             [0;36mpath[0m = TestOnly-Epoch_480/Shard_0/id 
[0;36mDEBUG[0m[2026-03-16 10:14:18.615]   processLoop - closing the leveldb process loop [0;36mpath[0m = TestOnly-Epoch_480/Shard_0/id 
[0;36mDEBUG[0m[2026-03-16 10:14:18.616]   PruningStorer - change epoch             [0;36munit[0m = id [0;36mepoch[0m = 483 [0;36mbytes in cache[0m = 0 
[0;36mDEBUG[0m[2026-03-16 10:14:18.619]   opened serial level db persister         [0;36mpath[0m = TestOnly-Epoch_483/Shard_0/id [0;36mcreated pointer[0m = 0xc00033b6c0 [0;36mglobal db counter[0m = 3 [0;36mNewSerialDB[0m = 0.0025s [0;36mmkdirAll[0m = 0.0001s [0;36mopenLevelDB[0m = 0.0024s 
[0;36mDEBUG[0m[2026-03-16 10:14:18.619]   PruningStorer.processPersistersToClose   [0;36mepochs to close[0m = [481] [0;36mbefore process[0m = [483 482 481] [0;36mafter process[0m = [483 482] 
[0;36mDEBUG[0m[2026-03-16 10:14:18.619]   makeDbPointerNilReturningLast            [0;36mpath[0m = TestOnly-Epoch_481/Shard_0/id [0;36mnilled pointer[0m = 0xc00033b880 [0;36mglobal db counter[0m = 2 
[0;36mDEBUG[0m[2026-03-16 10:14:18.619]   processLoop - closing the leveldb process loop [0;36mpath[0m = TestOnly-Epoch_481/Shard_0/id 
[0;36mDEBUG[0m[2026-03-16 10:14:18.619]   batchTimeoutHandle - closing             [0;36mpath[0m = TestOnly-Epoch_481/Shard_0/id 
[0;36mDEBUG[0m[2026-03-16 10:14:18.620]   PruningStorer - change epoch             [0;36munit[0m = id [0;36mepoch[0m = 484 [0;36mbytes in cache[0m = 0 
[0;36mDEBUG[0m[2026-03-16 10:14:18.623]   opened serial level db persister         [0;36mpath[0m = TestOnly-Epoch_484/Shard_0/id [0;36mcreated pointer[0m = 0xc00033bdc0 [0;36mglobal db counter[0m = 3 [0;36mNewSerialDB[0m = 0.0028s [0;36mmkdirAll[0m = 0.0002s [0;36mopenLevelDB[0m = 0.0026s 
[0;36mDEBUG[0m[2026-03-16 10:14:18.623]   PruningStorer.processPersistersToClose   [0;36mepochs to close[0m = [482] [0;36mbefore process[0m = [484 483 482] [0;36mafter process[0m = [484 483] 
[0;36mDEBUG[0m[2026-03-16 10:14:18.623]   makeDbPointerNilReturningLast            [0;36mpath[0m = TestOnly-Epoch_482/Shard_0/id [0;36mnilled pointer[0m = 0xc000546700 [0;36mglobal db counter[0m = 2 
[0;36mDEBUG[0m[2026-03-16 10:14:18.623]   processLoop - closing the leveldb process loop [0;36mpath[0m = TestOnly-Epoch_482/Shard_0/id 
[0;36mDEBUG[0m[2026-03-16 10:14:18.623]   batchTimeoutHandle - closing             [0;36mpath[0m = TestOnly-Epoch_482/Shard_0/id 
[0;36mDEBUG[0m[2026-03-16 10:14:18.625]   PruningStorer - change epoch             [0;36munit[0m = id [0;36mepoch[0m = 485 [0;36mbytes in cache[0m = 0 
[0;36mDEBUG[0m[2026-03-16 10:14:18.628]   opened serial level db persister         [0;36mpath[0m = TestOnly-Epoch_485/Shard_0/id [0;36mcreated pointer[0m = 0xc000546a80 [0;36mglobal db counter[0m = 3 [0;36mNewSerialDB[0m = 0.0025s [0;36mmkdirAll[0m = 0.0001s [0;36mopenLevelDB[0m = 0.0024s 
[0;36mDEBUG[0m[2026-03-16 10:14:18.628]   PruningStorer.processPersistersToClose   [0;36mepochs to close[0m = [483] [0;36mbefore process[0m = [485 484 483] [0;36mafter process[0m = [485 484] 
[0;36mDEBUG[0m[2026-03-16 10:14:18.628]   makeDbPointerNilReturningLast            [0;36mpath[0m = TestOnly-Epoch_483/Shard_0/id [0;36mnilled pointer[0m = 0xc00033b6c0 [0;36mglobal db counter[0m = 2 
[0;36mDEBUG[0m[2026-03-16 10:14:18.628]   processLoop - closing the leveldb process loop [0;36mpath[0m = TestOnly-Epoch_483/Shard_0/id 
[0;36mDEBUG[0m[2026-03-16 10:14:18.628]   batchTimeoutHandle - closing             [0;36mpath[0m = TestOnly-Epoch_483/Shard_0/id 
[0;36mDEBUG[0m[2026-03-16 10:14:18.630]   PruningStorer - change epoch             [0;36munit[0m = id [0;36mepoch[0m = 486 [0;36mbytes in cache[0m = 0 
[0;36mDEBUG[0m[2026-03-16 10:14:18.633]   opened serial level db persister         [0;36mpath[0m = TestOnly-Epoch_486/Shard_0/id [0;36mcreated pointer[0m = 0xc000547880 [0;36mglobal db counter[0m = 3 [0;36mNewSerialDB[0m = 0.0034s [0;36mmkdirAll[0m = 0.0002s [0;36mopenLevelDB[0m = 0.0032s 
[0;36mDEBUG[0m[2026-03-16 10:14:18.633]   PruningStorer.processPersistersToClose   [0;36mepochs to close[0m = [484] [0;36mbefore process[0m = [486 485 484] [0;36mafter process[0m = [486 485] 
[0;36mDEBUG[0m[2026-03-16 10:14:18.634]   makeDbPointerNilReturningLast            [0;36mpath[0m = TestOnly-Epoch_484/Shard_0/id [0;36mnilled pointer[0m = 0xc00033bdc0 [0;36mglobal db counter[0m = 2 
[0;36mDEBUG[0m[2026-03-16 10:14:18.634]   processLoop - closing the leveldb process loop [0;36mpath[0m = TestOnly-Epoch_484/Shard_0/id 
[0;36mDEBUG[0m[2026-03-16 10:14:18.634]   batchTimeoutHandle - closing             [0;36mpath[0m = TestOnly-Epoch_484/Shard_0/id 
[0;36mDEBUG[0m[2026-03-16 10:14:18.635]   PruningStorer - change epoch             [0;36munit[0m = id [0;36mepoch[0m = 487 [0;36mbytes in cache[0m = 0 
[0;36mDEBUG[0m[2026-03-16 10:14:18.638]   opened serial level db persister         [0;36mpath[0m = TestOnly-Epoch_487/Shard_0/id [0;36mcreated pointer[0m = 0xc00033b500 [0;36mglobal db counter[0m = 3 [0;36mNewSerialDB[0m = 0.0027s [0;36mmkdirAll[0m = 0.0001s [0;36mopenLevelDB[0m = 0.0026s 
[0;36mDEBUG[0m[2026-03-16 10:14:18.638]   PruningStorer.processPersistersToClose   [0;36mepochs to close[0m = [485] [0;36mbefore process[0m = [487 486 485] [0;36mafter process[0m = [487 486] 
[0;36mDEBUG[0m[2026-03-16 10:14:18.638]   makeDbPointerNilReturningLast            [0;36mpath[0m = TestOnly-Epoch_485/Shard_0/id [0;36mnilled pointer[0m = 0xc000546a80 [0;36mglobal db counter[0m = 2 
[0;36mDEBUG[0m[2026-03-16 10:14:18.638]   processLoop - closing the leveldb process loop [0;36mpath[0m = TestOnly-Epoch_485/Shard_0/id 
[0;36mDEBUG[0m[2026-03-16 10:14:18.638]   batchTimeoutHandle - closing             [0;36mpath[0m = TestOnly-Epoch_485/Shard_0/id 
[0;36mDEBUG[0m[2026-03-16 10:14:18.639]   PruningStorer - change epoch             [0;36munit[0m = id [0;36mepoch[0m = 488 [0;36mbytes in cache[0m = 0 
[0;36mDEBUG[0m[2026-03-16 10:14:18.642]   opened serial level db persister         [0;36mpath[0m = TestOnly-Epoch_488/Shard_0/id [0;36mcreated pointer[0m = 0xc0005d4000 [0;36mglobal db counter[0m = 3 [0;36mNewSerialDB[0m = 0.0027s [0;36mmkdirAll[0m = 0.0001s [0;36mopenLevelDB[0m = 0.0026s 
[0;36mDEBUG[0m[2026-03-16 10:14:18.642]   PruningStorer.processPersistersToClose   [0;36mepochs to close[0m = [486] [0;36mbefore process[0m = [488 487 486] [0;36mafter process[0m = [488 487] 
[0;36mDEBUG[0m[2026-03-16 10:14:18.643]   makeDbPointerNilReturningLast            [0;36mpath[0m = TestOnly-Epoch_486/Shard_0/id [0;36mnilled pointer[0m = 0xc000547880 [0;36mglobal db counter[0m = 2 
[0;36mDEBUG[0m[2026-03-16 10:14:18.643]   processLoop - closing the leveldb process loop [0;36mpath[0m = TestOnly-Epoch_486/Shard_0/id 
[0;36mDEBUG[0m[2026-03-16 10:14:18.643]   batchTimeoutHandle - closing             [0;36mpath[0m = TestOnly-Epoch_486/Shard_0/id 
[0;36mDEBUG[0m[2026-03-16 10:14:18.644]   PruningStorer - change epoch             [0;36munit[0m = id [0;36mepoch[0m = 489 [0;36mbytes in cache[0m = 0 
[0;36mDEBUG[0m[2026-03-16 10:14:18.646]   opened serial level db persister         [0;36mpath[0m = TestOnly-Epoch_489/Shard_0/id [0;36mcreated pointer[0m = 0xc000140e00 [0;36mglobal db counter[0m = 3 [0;36mNewSerialDB[0m = 0.0024s [0;36mmkdirAll[0m = 0.0002s [0;36mopenLevelDB[0m = 0.0022s 
[0;36mDEBUG[0m[2026-03-16 10:14:18.646]   PruningStorer.processPersistersToClose   [0;36mepochs to close[0m = [487] [0;36mbefore process[0m = [489 488 487] [0;36mafter process[0m = [489 488] 
[0;36mDEBUG[0m[2026-03-16 10:14:18.647]   makeDbPointerNilReturningLast            [0;36mpath[0m = TestOnly-Epoch_487/Shard_0/id [0;36mnilled pointer[0m = 0xc00033b500 [0;36mglobal db counter[0m = 2 
[0;36mDEBUG[0m[2026-03-16 10:14:18.647]   processLoop - closing the leveldb process loop [0;36mpath[0m = TestOnly-Epoch_487/Shard_0/id 
[0;36mDEBUG[0m[2026-03-16 10:14:18.647]   batchTimeoutHandle - closing             [0;36mpath[0m = TestOnly-Epoch_487/Shard_0/id 
[0;36mDEBUG[0m[2026-03-16 10:14:18.648]   PruningStorer - change epoch             [0;36munit[0m = id [0;36mepoch[0m = 490 [0;36mbytes in cache[0m = 0 
[0;36mDEBUG[0m[2026-03-16 10:14:18.650]   opened serial level db persister         [0;36mpath[0m = TestOnly-Epoch_490/Shard_0/id [0;36mcreated pointer[0m = 0xc0006ae000 [0;36mglobal db counter[0m = 3 [0;36mNewSerialDB[0m = 0.0025s [0;36mmkdirAll[0m = 0.0002s [0;36mopenLevelDB[0m = 0.0023s 
[0;36mDEBUG[0m[2026-03-16 10:14:18.650]   PruningStorer.processPersistersToClose   [0;36mepochs to close[0m = [488] [0;36mbefore process[0m = [490 489 488] [0;36mafter process[0m = [490 489] 
[0;36mDEBUG[0m[2026-03-16 10:14:18.651]   makeDbPointerNilReturningLast            [0;36mpath[0m = TestOnly-Epoch_488/Shard_0/id [0;36mnilled pointer[0m = 0xc0005d4000 [0;36mglobal db counter[0m = 2 
[0;36mDEBUG[0m[2026-03-16 10:14:18.651]   processLoop - closing the leveldb process loop [0;36mpath[0m = TestOnly-Epoch_488/Shard_0/id 
[0;36mDEBUG[0m[2026-03-16 10:14:18.651]   batchTimeoutHandle - closing             [0;36mpath[0m = TestOnly-Epoch_488/Shard_0/id 
[0;36mDEBUG[0m[2026-03-16 10:14:18.652]   PruningStorer - change epoch             [0;36munit[0m = id [0;36mepoch[0m = 491 [0;36mbytes in cache[0m = 0 
[0;36mDEBUG[0m[2026-03-16 10:14:18.654]   opened serial level db persister         [0;36mpath[0m = TestOnly-Epoch_491/Shard_0/id [0;36mcreated pointer[0m = 0xc000140fc0 [0;36mglobal db counter[0m = 3 [0;36mNewSerialDB[0m = 0.0024s [0;36mmkdirAll[0m = 0.0002s [0;36mopenLevelDB[0m = 0.0023s 
[0;36mDEBUG[0m[2026-03-16 10:14:18.654]   PruningStorer.processPersistersToClose   [0;36mepochs to close[0m = [489] [0;36mbefore process[0m = [491 490 489] [0;36mafter process[0m = [491 490] 
[0;36mDEBUG[0m[2026-03-16 10:14:18.655]   makeDbPointerNilReturningLast            [0;36mpath[0m = TestOnly-Epoch_489/Shard_0/id [0;36mnilled pointer[0m = 0xc000140e00 [0;36mglobal db counter[0m = 2 
[0;36mDEBUG[0m[2026-03-16 10:14:18.655]   processLoop - closing the leveldb process loop [0;36mpath[0m = TestOnly-Epoch_489/Shard_0/id 
[0;36mDEBUG[0m[2026-03-16 10:14:18.655]   batchTimeoutHandle - closing             [0;36mpath[0m = TestOnly-Epoch_489/Shard_0/id 
[0;36mDEBUG[0m[2026-03-16 10:14:18.656]   PruningStorer - change epoch             [0;36munit[0m = id [0;36mepoch[0m = 492 [0;36mbytes in cache[0m = 0 
[0;36mDEBUG[0m[2026-03-16 10:14:18.658]   opened serial level db persister         [0;36mpath[0m = TestOnly-Epoch_492/Shard_0/id [0;36mcreated pointer[0m = 0xc0005d4540 [0;36mglobal db counter[0m = 3 [0;36mNewSerialDB[0m = 0.0023s [0;36mmkdirAll[0m = 0.0002s [0;36mopenLevelDB[0m = 0.0021s 
[0;36mDEBUG[0m[2026-03-16 10:14:18.658]   PruningStorer.processPersistersToClose   [0;36mepochs to close[0m = [490] [0;36mbefore process[0m = [492 491 490] [0;36mafter process[0m = [492 491] 
[0;36mDEBUG[0m[2026-03-16 10:14:18.659]   makeDbPointerNilReturningLast            [0;36mpath[0m = TestOnly-Epoch_490/Shard_0/id [0;36mnilled pointer[0m = 0xc0006ae000 [0;36mglobal db counter[0m = 2 
[0;36mDEBUG[0m[2026-03-16 10:14:18.659]   processLoop - closing the leveldb process loop [0;36mpath[0m = TestOnly-Epoch_490/Shard_0/id 
[0;36mDEBUG[0m[2026-03-16 10:14:18.659]   batchTimeoutHandle - closing             [0;36mpath[0m = TestOnly-Epoch_490/Shard_0/id 
[0;36mDEBUG[0m[2026-03-16 10:14:18.660]   PruningStorer - change epoch             [0;36munit[0m = id [0;36mepoch[0m = 493 [0;36mbytes in cache[0m = 0 
[0;36mDEBUG[0m[2026-03-16 10:14:18.663]   opened serial level db persister         [0;36mpath[0m = TestOnly-Epoch_493/Shard_0/id [0;36mcreated pointer[0m = 0xc000547500 [0;36mglobal db counter[0m = 3 [0;36mNewSerialDB[0m = 0.0024s [0;36mmkdirAll[0m = 0.0001s [0;36mopenLevelDB[0m = 0.0022s 
[0;36mDEBUG[0m[2026-03-16 10:14:18.663]   PruningStorer.processPersistersToClose   [0;36mepochs to close[0m = [491] [0;36mbefore process[0m = [493 492 491] [0;36mafter process[0m = [493 492] 
[0;36mDEBUG[0m[2026-03-16 10:14:18.663]   makeDbPointerNilReturningLast            [0;36mpath[0m = TestOnly-Epoch_491/Shard_0/id [0;36mnilled pointer[0m = 0xc000140fc0 [0;36mglobal db counter[0m = 2 
[0;36mDEBUG[0m[2026-03-16 10:14:18.663]   processLoop - closing the leveldb process loop [0;36mpath[0m = TestOnly-Epoch_491/Shard_0/id 
[0;36mDEBUG[0m[2026-03-16 10:14:18.663]   batchTimeoutHandle - closing             [0;36mpath[0m = TestOnly-Epoch_491/Shard_0/id 
[0;36mDEBUG[0m[2026-03-16 10:14:18.664]   PruningStorer - change epoch             [0;36munit[0m = id [0;36mepoch[0m = 494 [0;36mbytes in cache[0m = 0 
[0;36mDEBUG[0m[2026-03-16 10:14:18.670]   opened serial level db persister         [0;36mpath[0m = TestOnly-Epoch_494/Shard_0/id [0;36mcreated pointer[0m = 0xc00033ba40 [0;36mglobal db counter[0m = 3 [0;36mNewSerialDB[0m = 0.0059s [0;36mmkdirAll[0m = 0.0001s [0;36mopenLevelDB[0m = 0.0058s 
[0;36mDEBUG[0m[2026-03-16 10:14:18.670]   PruningStorer.processPersistersToClose   [0;36mepochs to close[0m = [492] [0;36mbefore process[0m = [494 493 492] [0;36mafter process[0m = [494 493] 
[0;36mDEBUG[0m[2026-03-16 10:14:18.671]   makeDbPointerNilReturningLast            [0;36mpath[0m = TestOnly-Epoch_492/Shard_0/id [0;36mnilled pointer[0m = 0xc0005d4540 [0;36mglobal db counter[0m = 2 
[0;36mDEBUG[0m[2026-03-16 10:14:18.671]   processLoop - closing the leveldb process loop [0;36mpath[0m = TestOnly-Epoch_492/Shard_0/id 
[0;36mDEBUG[0m[2026-03-16 10:14:18.671]   batchTimeoutHandle - closing             [0;36mpath[0m = TestOnly-Epoch_492/Shard_0/id 
[0;36mDEBUG[0m[2026-03-16 10:14:18.672]   PruningStorer - change epoch             [0;36munit[0m = id [0;36mepoch[0m = 495 [0;36mbytes in cache[0m = 0 
[0;36mDEBUG[0m[2026-03-16 10:14:18.675]   opened serial level db persister         [0;36mpath[0m = TestOnly-Epoch_495/Shard_0/id [0;36mcreated pointer[0m = 0xc000141180 [0;36mglobal db counter[0m = 3 [0;36mNewSerialDB[0m = 0.0032s [0;36mmkdirAll[0m = 0.0002s [0;36mopenLevelDB[0m = 0.0030s 
[0;36mDEBUG[0m[2026-03-16 10:14:18.675]   PruningStorer.processPersistersToClose   [0;36mepochs to close[0m = [493] [0;36mbefore process[0m = [495 494 493] [0;36mafter process[0m = [495 494] 
[0;36mDEBUG[0m[2026-03-16 10:14:18.676]   makeDbPointerNilReturningLast            [0;36mpath[0m = TestOnly-Epoch_493/Shard_0/id [0;36mnilled pointer[0m = 0xc000547500 [0;36mglobal db counter[0m = 2 
[0;36mDEBUG[0m[2026-03-16 10:14:18.676]   processLoop - closing the leveldb process loop [0;36mpath[0m = TestOnly-Epoch_493/Shard_0/id 
[0;36mDEBUG[0m[2026-03-16 10:14:18.676]   batchTimeoutHandle - closing             [0;36mpath[0m = TestOnly-Epoch_493/Shard_0/id 
[0;36mDEBUG[0m[2026-03-16 10:14:18.677]   PruningStorer - change epoch             [0;36munit[0m = id [0;36mepoch[0m = 496 [0;36mbytes in cache[0m = 0 
[0;36mDEBUG[0m[2026-03-16 10:14:18.680]   opened serial level db persister         [0;36mpath[0m = TestOnly-Epoch_496/Shard_0/id [0;36mcreated pointer[0m = 0xc000695500 [0;36mglobal db counter[0m = 3 [0;36mNewSerialDB[0m = 0.0028s [0;36mmkdirAll[0m = 0.0002s [0;36mopenLevelDB[0m = 0.0026s 
[0;36mDEBUG[0m[2026-03-16 10:14:18.680]   PruningStorer.processPersistersToClose   [0;36mepochs to close[0m = [494] [0;36mbefore process[0m = [496 495 494] [0;36mafter process[0m = [496 495] 
[0;36mDEBUG[0m[2026-03-16 10:14:18.680]   makeDbPointerNilReturningLast            [0;36mpath[0m = TestOnly-Epoch_494/Shard_0/id [0;36mnilled pointer[0m = 0xc00033ba40 [0;36mglobal db counter[0m = 2 
[0;36mDEBUG[0m[2026-03-16 10:14:18.680]   processLoop - closing the leveldb process loop [0;36mpath[0m = TestOnly-Epoch_494/Shard_0/id 
[0;36mDEBUG[0m[2026-03-16 10:14:18.680]   batchTimeoutHandle - closing             [0;36mpath[0m = TestOnly-Epoch_494/Shard_0/id 
[0;36mDEBUG[0m[2026-03-16 10:14:18.681]   PruningStorer - change epoch             [0;36munit[0m = id [0;36mepoch[0m = 497 [0;36mbytes in cache[0m = 0 
[0;36mDEBUG[0m[2026-03-16 10:14:18.684]   opened serial level db persister         [0;36mpath[0m = TestOnly-Epoch_497/Shard_0/id [0;36mcreated pointer[0m = 0xc0006afa40 [0;36mglobal db counter[0m = 3 [0;36mNewSerialDB[0m = 0.0025s [0;36mmkdirAll[0m = 0.0001s [0;36mopenLevelDB[0m = 0.0024s 
[0;36mDEBUG[0m[2026-03-16 10:14:18.684]   PruningStorer.processPersistersToClose   [0;36mepochs to close[0m = [495] [0;36mbefore process[0m = [497 496 495] [0;36mafter process[0m = [497 496] 
[0;36mDEBUG[0m[2026-03-16 10:14:18.684]   makeDbPointerNilReturningLast            [0;36mpath[0m = TestOnly-Epoch_495/Shard_0/id [0;36mnilled pointer[0m = 0xc000141180 [0;36mglobal db counter[0m = 2 
[0;36mDEBUG[0m[2026-03-16 10:14:18.684]   processLoop - closing the leveldb process loop [0;36mpath[0m = TestOnly-Epoch_495/Shard_0/id 
[0;36mDEBUG[0m[2026-03-16 10:14:18.684]   batchTimeoutHandle - closing             [0;36mpath[0m = TestOnly-Epoch_495/Shard_0/id 
[0;36mDEBUG[0m[2026-03-16 10:14:18.686]   PruningStorer - change epoch             [0;36munit[0m = id [0;36mepoch[0m = 498 [0;36mbytes in cache[0m = 0 
[0;36mDEBUG[0m[2026-03-16 10:14:18.689]   opened serial level db persister         [0;36mpath[0m = TestOnly-Epoch_498/Shard_0/id [0;36mcreated pointer[0m = 0xc00060fa40 [0;36mglobal db counter[0m = 3 [0;36mNewSerialDB[0m = 0.0032s [0;36mmkdirAll[0m = 0.0002s [0;36mopenLevelDB[0m = 0.0030s 
[0;36mDEBUG[0m[2026-03-16 10:14:18.689]   PruningStorer.processPersistersToClose   [0;36mepochs to close[0m = [496] [0;36mbefore process[0m = [498 497 496] [0;36mafter process[0m = [498 497] 
[0;36mDEBUG[0m[2026-03-16 10:14:18.689]   makeDbPointerNilReturningLast            [0;36mpath[0m = TestOnly-Epoch_496/Shard_0/id [0;36mnilled pointer[0m = 0xc000695500 [0;36mglobal db counter[0m = 2 
[0;36mDEBUG[0m[2026-03-16 10:14:18.689]   processLoop - closing the leveldb process loop [0;36mpath[0m = TestOnly-Epoch_496/Shard_0/id 
[0;36mDEBUG[0m[2026-03-16 10:14:18.689]   batchTimeoutHandle - closing             [0;36mpath[0m = TestOnly-Epoch_496/Shard_0/id 
[0;36mDEBUG[0m[2026-03-16 10:14:18.691]   PruningStorer - change epoch             [0;36munit[0m = id [0;36mepoch[0m = 499 [0;36mbytes in cache[0m = 0 
[0;36mDEBUG[0m[2026-03-16 10:14:18.694]   opened serial level db persister         [0;36mpath[0m = TestOnly-Epoch_499/Shard_0/id [0;36mcreated pointer[0m = 0xc000141340 [0;36mglobal db counter[0m = 3 [0;36mNewSerialDB[0m = 0.0027s [0;36mmkdirAll[0m = 0.0002s [0;36mopenLevelDB[0m = 0.0025s 
[0;36mDEBUG[0m[2026-03-16 10:14:18.694]   PruningStorer.processPersistersToClose   [0;36mepochs to close[0m = [497] [0;36mbefore process[0m = [499 498 497] [0;36mafter process[0m = [499 498] 
[0;36mDEBUG[0m[2026-03-16 10:14:18.694]   makeDbPointerNilReturningLast            [0;36mpath[0m = TestOnly-Epoch_497/Shard_0/id [0;36mnilled pointer[0m = 0xc0006afa40 [0;36mglobal db counter[0m = 2 
[0;36mDEBUG[0m[2026-03-16 10:14:18.694]   processLoop - closing the leveldb process loop [0;36mpath[0m = TestOnly-Epoch_497/Shard_0/id 
[0;36mDEBUG[0m[2026-03-16 10:14:18.694]   batchTimeoutHandle - closing             [0;36mpath[0m = TestOnly-Epoch_497/Shard_0/id 
[0;36mDEBUG[0m[2026-03-16 10:14:18.695]   PruningStorer - change epoch             [0;36munit[0m = id [0;36mepoch[0m = 500 [0;36mbytes in cache[0m = 0 
[0;36mDEBUG[0m[2026-03-16 10:14:18.698]   opened serial level db persister         [0;36mpath[0m = TestOnly-Epoch_500/Shard_0/id [0;36mcreated pointer[0m = 0xc000141880 [0;36mglobal db counter[0m = 3 [0;36mNewSerialDB[0m = 0.0027s [0;36mmkdirAll[0m = 0.0001s [0;36mopenLevelDB[0m = 0.0026s 
[0;36mDEBUG[0m[2026-03-16 10:14:18.698]   PruningStorer.processPersistersToClose   [0;36mepochs to close[0m = [498] [0;36mbefore process[0m = [500 499 498] [0;36mafter process[0m = [500 499] 
[0;36mDEBUG[0m[2026-03-16 10:14:18.699]   makeDbPointerNilReturningLast            [0;36mpath[0m = TestOnly-Epoch_498/Shard_0/id [0;36mnilled pointer[0m = 0xc00060fa40 [0;36mglobal db counter[0m = 2 
[0;36mDEBUG[0m[2026-03-16 10:14:18.699]   processLoop - closing the leveldb process loop [0;36mpath[0m = TestOnly-Epoch_498/Shard_0/id 
[0;36mDEBUG[0m[2026-03-16 10:14:18.699]   batchTimeoutHandle - closing             [0;36mpath[0m = TestOnly-Epoch_498/Shard_0/id 
[0;36mDEBUG[0m[2026-03-16 10:14:18.700]   PruningStorer - change epoch             [0;36munit[0m = id [0;36mepoch[0m = 501 [0;36mbytes in cache[0m = 0 
[0;36mDEBUG[0m[2026-03-16 10:14:18.704]   opened serial level db persister         [0;36mpath[0m = TestOnly-Epoch_501/Shard_0/id [0;36mcreated pointer[0m = 0xc00033bc00 [0;36mglobal db counter[0m = 3 [0;36mNewSerialDB[0m = 0.0032s [0;36mmkdirAll[0m = 0.0002s [0;36mopenLevelDB[0m = 0.0030s 
[0;36mDEBUG[0m[2026-03-16 10:14:18.704]   PruningStorer.processPersistersToClose   [0;36mepochs to close[0m = [499] [0;36mbefore process[0m = [501 500 499] [0;36mafter process[0m = [501 500] 
[0;36mDEBUG[0m[2026-03-16 10:14:18.704]   makeDbPointerNilReturningLast            [0;36mpath[0m = TestOnly-Epoch_499/Shard_0/id [0;36mnilled pointer[0m = 0xc000141340 [0;36mglobal db counter[0m = 2 
[0;36mDEBUG[0m[2026-03-16 10:14:18.704]   processLoop - closing the leveldb process loop [0;36mpath[0m = TestOnly-Epoch_499/Shard_0/id 
[0;36mDEBUG[0m[2026-03-16 10:14:18.704]   batchTimeoutHandle - closing             [0;36mpath[0m = TestOnly-Epoch_499/Shard_0/id 
[0;36mDEBUG[0m[2026-03-16 10:14:18.706]   PruningStorer - change epoch             [0;36munit[0m = id [0;36mepoch[0m = 502 [0;36mbytes in cache[0m = 0 
[0;36mDEBUG[0m[2026-03-16 10:14:18.709]   opened serial level db persister         [0;36mpath[0m = TestOnly-Epoch_502/Shard_0/id [0;36mcreated pointer[0m = 0xc0005476c0 [0;36mglobal db counter[0m = 3 [0;36mNewSerialDB[0m = 0.0032s [0;36mmkdirAll[0m = 0.0001s [0;36mopenLevelDB[0m = 0.0031s 
[0;36mDEBUG[0m[2026-03-16 10:14:18.709]   PruningStorer.processPersistersToClose   [0;36mepochs to close[0m = [500] [0;36mbefore process[0m = [502 501 500] [0;36mafter process[0m = [502 501] 
[0;36mDEBUG[0m[2026-03-16 10:14:18.709]   makeDbPointerNilReturningLast            [0;36mpath[0m = TestOnly-Epoch_500/Shard_0/id [0;36mnilled pointer[0m = 0xc000141880 [0;36mglobal db counter[0m = 2 
[0;36mDEBUG[0m[2026-03-16 10:14:18.709]   processLoop - closing the leveldb process loop [0;36mpath[0m = TestOnly-Epoch_500/Shard_0/id 
[0;36mDEBUG[0m[2026-03-16 10:14:18.709]   batchTimeoutHandle - closing             [0;36mpath[0m = TestOnly-Epoch_500/Shard_0/id 
[0;36mDEBUG[0m[2026-03-16 10:14:18.711]   PruningStorer - change epoch             [0;36munit[0m = id [0;36mepoch[0m = 503 [0;36mbytes in cache[0m = 0 
[0;36mDEBUG[0m[2026-03-16 10:14:18.713]   opened serial level db persister         [0;36mpath[0m = TestOnly-Epoch_503/Shard_0/id [0;36mcreated pointer[0m = 0xc000140a80 [0;36mglobal db counter[0m = 3 [0;36mNewSerialDB[0m = 0.0025s [0;36mmkdirAll[0m = 0.0001s [0;36mopenLevelDB[0m = 0.0024s 
[0;36mDEBUG[0m[2026-03-16 10:14:18.713]   PruningStorer.processPersistersToClose   [0;36mepochs to close[0m = [501] [0;36mbefore process[0m = [503 502 501] [0;36mafter process[0m = [503 502] 
[0;36mDEBUG[0m[2026-03-16 10:14:18.714]   makeDbPointerNilReturningLast            [0;36mpath[0m = TestOnly-Epoch_501/Shard_0/id [0;36mnilled pointer[0m = 0xc00033bc00 [0;36mglobal db counter[0m = 2 
[0;36mDEBUG[0m[2026-03-16 10:14:18.714]   processLoop - closing the leveldb process loop [0;36mpath[0m = TestOnly-Epoch_501/Shard_0/id 
[0;36mDEBUG[0m[2026-03-16 10:14:18.714]   batchTimeoutHandle - closing             [0;36mpath[0m = TestOnly-Epoch_501/Shard_0/id 
[0;36mDEBUG[0m[2026-03-16 10:14:18.715]   PruningStorer - change epoch             [0;36munit[0m = id [0;36mepoch[0m = 504 [0;36mbytes in cache[0m = 0 
[0;36mDEBUG[0m[2026-03-16 10:14:18.717]   opened serial level db persister         [0;36mpath[0m = TestOnly-Epoch_504/Shard_0/id [0;36mcreated pointer[0m = 0xc000513500 [0;36mglobal db counter[0m = 3 [0;36mNewSerialDB[0m = 0.0027s [0;36mmkdirAll[0m = 0.0002s [0;36mopenLevelDB[0m = 0.0025s 
[0;36mDEBUG[0m[2026-03-16 10:14:18.717]   PruningStorer.processPersistersToClose   [0;36mepochs to close[0m = [502] [0;36mbefore process[0m = [504 503 502] [0;36mafter process[0m = [504 503] 
[0;36mDEBUG[0m[2026-03-16 10:14:18.718]   makeDbPointerNilReturningLast            [0;36mpath[0m = TestOnly-Epoch_502/Shard_0/id [0;36mnilled pointer[0m = 0xc0005476c0 [0;36mglobal db counter[0m = 2 
[0;36mDEBUG[0m[2026-03-16 10:14:18.718]   processLoop - closing the leveldb process loop [0;36mpath[0m = TestOnly-Epoch_502/Shard_0/id 
[0;36mDEBUG[0m[2026-03-16 10:14:18.718]   batchTimeoutHandle - closing             [0;36mpath[0m = TestOnly-Epoch_502/Shard_0/id 
[0;36mDEBUG[0m[2026-03-16 10:14:18.719]   PruningStorer - change epoch             [0;36munit[0m = id [0;36mepoch[0m = 505 [0;36mbytes in cache[0m = 0 
[0;36mDEBUG[0m[2026-03-16 10:14:18.722]   opened serial level db persister         [0;36mpath[0m = TestOnly-Epoch_505/Shard_0/id [0;36mcreated pointer[0m = 0xc0005d5180 [0;36mglobal db counter[0m = 3 [0;36mNewSerialDB[0m = 0.0025s [0;36mmkdirAll[0m = 0.0001s [0;36mopenLevelDB[0m = 0.0023s 
[0;36mDEBUG[0m[2026-03-16 10:14:18.722]   PruningStorer.processPersistersToClose   [0;36mepochs to close[0m = [503] [0;36mbefore process[0m = [505 504 503] [0;36mafter process[0m = [505 504] 
[0;36mDEBUG[0m[2026-03-16 10:14:18.722]   makeDbPointerNilReturningLast            [0;36mpath[0m = TestOnly-Epoch_503/Shard_0/id [0;36mnilled pointer[0m = 0xc000140a80 [0;36mglobal db counter[0m = 2 
[0;36mDEBUG[0m[2026-03-16 10:14:18.722]   processLoop - closing the leveldb process loop [0;36mpath[0m = TestOnly-Epoch_503/Shard_0/id 
[0;36mDEBUG[0m[2026-03-16 10:14:18.722]   batchTimeoutHandle - closing             [0;36mpath[0m = TestOnly-Epoch_503/Shard_0/id 
[0;36mDEBUG[0m[2026-03-16 10:14:18.723]   PruningStorer - change epoch             [0;36munit[0m = id [0;36mepoch[0m = 506 [0;36mbytes in cache[0m = 0 
[0;36mDEBUG[0m[2026-03-16 10:14:18.726]   opened serial level db persister         [0;36mpath[0m = TestOnly-Epoch_506/Shard_0/id [0;36mcreated pointer[0m = 0xc000917340 [0;36mglobal db counter[0m = 3 [0;36mNewSerialDB[0m = 0.0031s [0;36mmkdirAll[0m = 0.0001s [0;36mopenLevelDB[0m = 0.0030s 
[0;36mDEBUG[0m[2026-03-16 10:14:18.726]   PruningStorer.processPersistersToClose   [0;36mepochs to close[0m = [504] [0;36mbefore process[0m = [506 505 504] [0;36mafter process[0m = [506 505] 
[0;36mDEBUG[0m[2026-03-16 10:14:18.727]   makeDbPointerNilReturningLast            [0;36mpath[0m = TestOnly-Epoch_504/Shard_0/id [0;36mnilled pointer[0m = 0xc000513500 [0;36mglobal db counter[0m = 2 
[0;36mDEBUG[0m[2026-03-16 10:14:18.727]   processLoop - closing the leveldb process loop [0;36mpath[0m = TestOnly-Epoch_504/Shard_0/id 
[0;36mDEBUG[0m[2026-03-16 10:14:18.727]   batchTimeoutHandle - closing             [0;36mpath[0m = TestOnly-Epoch_504/Shard_0/id 
[0;36mDEBUG[0m[2026-03-16 10:14:18.728]   PruningStorer - change epoch             [0;36munit[0m = id [0;36mepoch[0m = 507 [0;36mbytes in cache[0m = 0 
[0;36mDEBUG[0m[2026-03-16 10:14:18.731]   opened serial level db persister         [0;36mpath[0m = TestOnly-Epoch_507/Shard_0/id [0;36mcreated pointer[0m = 0xc0001416c0 [0;36mglobal db counter[0m = 3 [0;36mNewSerialDB[0m = 0.0029s [0;36mmkdirAll[0m = 0.0002s [0;36mopenLevelDB[0m = 0.0027s 
[0;36mDEBUG[0m[2026-03-16 10:14:18.731]   PruningStorer.processPersistersToClose   [0;36mepochs to close[0m = [505] [0;36mbefore process[0m = [507 506 505] [0;36mafter process[0m = [507 506] 
[0;36mDEBUG[0m[2026-03-16 10:14:18.731]   makeDbPointerNilReturningLast            [0;36mpath[0m = TestOnly-Epoch_505/Shard_0/id [0;36mnilled pointer[0m = 0xc0005d5180 [0;36mglobal db counter[0m = 2 
[0;36mDEBUG[0m[2026-03-16 10:14:18.731]   processLoop - closing the leveldb process loop [0;36mpath[0m = TestOnly-Epoch_505/Shard_0/id 
[0;36mDEBUG[0m[2026-03-16 10:14:18.731]   batchTimeoutHandle - closing             [0;36mpath[0m = TestOnly-Epoch_505/Shard_0/id 
[0;36mDEBUG[0m[2026-03-16 10:14:18.733]   PruningStorer - change epoch             [0;36munit[0m = id [0;36mepoch[0m = 508 [0;36mbytes in cache[0m = 0 
[0;36mDEBUG[0m[2026-03-16 10:14:18.736]   opened serial level db persister         [0;36mpath[0m = TestOnly-Epoch_508/Shard_0/id [0;36mcreated pointer[0m = 0xc0005468c0 [0;36mglobal db counter[0m = 3 [0;36mNewSerialDB[0m = 0.0031s [0;36mmkdirAll[0m = 0.0001s [0;36mopenLevelDB[0m = 0.0029s 
[0;36mDEBUG[0m[2026-03-16 10:14:18.736]   PruningStorer.processPersistersToClose   [0;36mepochs to close[0m = [506] [0;36mbefore process[0m = [508 507 506] [0;36mafter process[0m = [508 507] 
[0;36mDEBUG[0m[2026-03-16 10:14:18.736]   makeDbPointerNilReturningLast            [0;36mpath[0m = TestOnly-Epoch_506/Shard_0/id [0;36mnilled pointer[0m = 0xc000917340 [0;36mglobal db counter[0m = 2 
[0;36mDEBUG[0m[2026-03-16 10:14:18.736]   processLoop - closing the leveldb process loop [0;36mpath[0m = TestOnly-Epoch_506/Shard_0/id 
[0;36mDEBUG[0m[2026-03-16 10:14:18.736]   batchTimeoutHandle - closing             [0;36mpath[0m = TestOnly-Epoch_506/Shard_0/id 
[0;36mDEBUG[0m[2026-03-16 10:14:18.737]   PruningStorer - change epoch             [0;36munit[0m = id [0;36mepoch[0m = 509 [0;36mbytes in cache[0m = 0 
[0;36mDEBUG[0m[2026-03-16 10:14:18.740]   opened serial level db persister         [0;36mpath[0m = TestOnly-Epoch_509/Shard_0/id [0;36mcreated pointer[0m = 0xc000584c40 [0;36mglobal db counter[0m = 3 [0;36mNewSerialDB[0m = 0.0023s [0;36mmkdirAll[0m = 0.0001s [0;36mopenLevelDB[0m = 0.0022s 
[0;36mDEBUG[0m[2026-03-16 10:14:18.740]   PruningStorer.processPersistersToClose   [0;36mepochs to close[0m = [507] [0;36mbefore process[0m = [509 508 507] [0;36mafter process[0m = [509 508] 
[0;36mDEBUG[0m[2026-03-16 10:14:18.740]   makeDbPointerNilReturningLast            [0;36mpath[0m = TestOnly-Epoch_507/Shard_0/id [0;36mnilled pointer[0m = 0xc0001416c0 [0;36mglobal db counter[0m = 2 
[0;36mDEBUG[0m[2026-03-16 10:14:18.740]   processLoop - closing the leveldb process loop [0;36mpath[0m = TestOnly-Epoch_507/Shard_0/id 
[0;36mDEBUG[0m[2026-03-16 10:14:18.740]   batchTimeoutHandle - closing             [0;36mpath[0m = TestOnly-Epoch_507/Shard_0/id 
[0;36mDEBUG[0m[2026-03-16 10:14:18.741]   PruningStorer - change epoch             [0;36munit[0m = id [0;36mepoch[0m = 510 [0;36mbytes in cache[0m = 0 
[0;36mDEBUG[0m[2026-03-16 10:14:18.744]   opened serial level db persister         [0;36mpath[0m = TestOnly-Epoch_510/Shard_0/id [0;36mcreated pointer[0m = 0xc0005b1500 [0;36mglobal db counter[0m = 3 [0;36mNewSerialDB[0m = 0.0026s [0;36mmkdirAll[0m = 0.0002s [0;36mopenLevelDB[0m = 0.0024s 
[0;36mDEBUG[0m[2026-03-16 10:14:18.744]   PruningStorer.processPersistersToClose   [0;36mepochs to close[0m = [508] [0;36mbefore process[0m = [510 509 508] [0;36mafter process[0m = [510 509] 
[0;36mDEBUG[0m[2026-03-16 10:14:18.744]   makeDbPointerNilReturningLast            [0;36mpath[0m = TestOnly-Epoch_508/Shard_0/id [0;36mnilled pointer[0m = 0xc0005468c0 [0;36mglobal db counter[0m = 2 
[0;36mDEBUG[0m[2026-03-16 10:14:18.744]   processLoop - closing the leveldb process loop [0;36mpath[0m = TestOnly-Epoch_508/Shard_0/id 
[0;36mDEBUG[0m[2026-03-16 10:14:18.744]   batchTimeoutHandle - closing             [0;36mpath[0m = TestOnly-Epoch_508/Shard_0/id 
[0;36mDEBUG[0m[2026-03-16 10:14:18.747]   PruningStorer - change epoch             [0;36munit[0m = id [0;36mepoch[0m = 511 [0;36mbytes in cache[0m = 0 
[0;36mDEBUG[0m[2026-03-16 10:14:18.749]   opened serial level db persister         [0;36mpath[0m = TestOnly-Epoch_511/Shard_0/id [0;36mcreated pointer[0m = 0xc000141a40 [0;36mglobal db counter[0m = 3 [0;36mNewSerialDB[0m = 0.0022s [0;36mmkdirAll[0m = 0.0001s [0;36mopenLevelDB[0m = 0.0021s 
[0;36mDEBUG[0m[2026-03-16 10:14:18.749]   PruningStorer.processPersistersToClose   [0;36mepochs to close[0m = [509] [0;36mbefore process[0m = [511 510 509] [0;36mafter process[0m = [511 510] 
[0;36mDEBUG[0m[2026-03-16 10:14:18.749]   makeDbPointerNilReturningLast            [0;36mpath[0m = TestOnly-Epoch_509/Shard_0/id [0;36mnilled pointer[0m = 0xc000584c40 [0;36mglobal db counter[0m = 2 
[0;36mDEBUG[0m[2026-03-16 10:14:18.749]   processLoop - closing the leveldb process loop [0;36mpath[0m = TestOnly-Epoch_509/Shard_0/id 
[0;36mDEBUG[0m[2026-03-16 10:14:18.749]   batchTimeoutHandle - closing             [0;36mpath[0m = TestOnly-Epoch_509/Shard_0/id 
[0;36mDEBUG[0m[2026-03-16 10:14:18.751]   PruningStorer - change epoch             [0;36munit[0m = id [0;36mepoch[0m = 512 [0;36mbytes in cache[0m = 0 
[0;36mDEBUG[0m[2026-03-16 10:14:18.753]   opened serial level db persister         [0;36mpath[0m = TestOnly-Epoch_512/Shard_0/id [0;36mcreated pointer[0m = 0xc000161c00 [0;36mglobal db counter[0m = 3 [0;36mNewSerialDB[0m = 0.0022s [0;36mmkdirAll[0m = 0.0002s [0;36mopenLevelDB[0m = 0.0021s 
[0;36mDEBUG[0m[2026-03-16 10:14:18.753]   PruningStorer.processPersistersToClose   [0;36mepochs to close[0m = [510] [0;36mbefore process[0m = [512 511 510] [0;36mafter process[0m = [512 511] 
[0;36mDEBUG[0m[2026-03-16 10:14:18.753]   makeDbPointerNilReturningLast            [0;36mpath[0m = TestOnly-Epoch_510/Shard_0/id [0;36mnilled pointer[0m = 0xc0005b1500 [0;36mglobal db counter[0m = 2 
[0;36mDEBUG[0m[2026-03-16 10:14:18.753]   processLoop - closing the leveldb process loop [0;36mpath[0m = TestOnly-Epoch_510/Shard_0/id 
[0;36mDEBUG[0m[2026-03-16 10:14:18.753]   batchTimeoutHandle - closing             [0;36mpath[0m = TestOnly-Epoch_510/Shard_0/id 
[0;36mDEBUG[0m[2026-03-16 10:14:18.754]   PruningStorer - change epoch             [0;36munit[0m = id [0;36mepoch[0m = 513 [0;36mbytes in cache[0m = 0 
[0;36mDEBUG[0m[2026-03-16 10:14:18.757]   opened serial level db persister         [0;36mpath[0m = TestOnly-Epoch_513/Shard_0/id [0;36mcreated pointer[0m = 0xc00051b180 [0;36mglobal db counter[0m = 3 [0;36mNewSerialDB[0m = 0.0024s [0;36mmkdirAll[0m = 0.0002s [0;36mopenLevelDB[0m = 0.0022s 
[0;36mDEBUG[0m[2026-03-16 10:14:18.757]   PruningStorer.processPersistersToClose   [0;36mepochs to close[0m = [511] [0;36mbefore process[0m = [513 512 511] [0;36mafter process[0m = [513 512] 
[0;36mDEBUG[0m[2026-03-16 10:14:18.757]   makeDbPointerNilReturningLast            [0;36mpath[0m = TestOnly-Epoch_511/Shard_0/id [0;36mnilled pointer[0m = 0xc000141a40 [0;36mglobal db counter[0m = 2 
[0;36mDEBUG[0m[2026-03-16 10:14:18.757]   processLoop - closing the leveldb process loop [0;36mpath[0m = TestOnly-Epoch_511/Shard_0/id 
[0;36mDEBUG[0m[2026-03-16 10:14:18.757]   batchTimeoutHandle - closing             [0;36mpath[0m = TestOnly-Epoch_511/Shard_0/id 
[0;36mDEBUG[0m[2026-03-16 10:14:18.758]   PruningStorer - change epoch             [0;36munit[0m = id [0;36mepoch[0m = 514 [0;36mbytes in cache[0m = 0 
[0;36mDEBUG[0m[2026-03-16 10:14:18.761]   opened serial level db persister         [0;36mpath[0m = TestOnly-Epoch_514/Shard_0/id [0;36mcreated pointer[0m = 0xc000513c00 [0;36mglobal db counter[0m = 3 [0;36mNewSerialDB[0m = 0.0029s [0;36mmkdirAll[0m = 0.0002s [0;36mopenLevelDB[0m = 0.0027s 
[0;36mDEBUG[0m[2026-03-16 10:14:18.761]   PruningStorer.processPersistersToClose   [0;36mepochs to close[0m = [512] [0;36mbefore process[0m = [514 513 512] [0;36mafter process[0m = [514 513] 
[0;36mDEBUG[0m[2026-03-16 10:14:18.762]   makeDbPointerNilReturningLast            [0;36mpath[0m = TestOnly-Epoch_512/Shard_0/id [0;36mnilled pointer[0m = 0xc000161c00 [0;36mglobal db counter[0m = 2 
[0;36mDEBUG[0m[2026-03-16 10:14:18.762]   processLoop - closing the leveldb process loop [0;36mpath[0m = TestOnly-Epoch_512/Shard_0/id 
[0;36mDEBUG[0m[2026-03-16 10:14:18.762]   batchTimeoutHandle - closing             [0;36mpath[0m = TestOnly-Epoch_512/Shard_0/id 
[0;36mDEBUG[0m[2026-03-16 10:14:18.763]   PruningStorer - change epoch             [0;36munit[0m = id [0;36mepoch[0m = 515 [0;36mbytes in cache[0m = 0 
[0;36mDEBUG[0m[2026-03-16 10:14:18.766]   opened serial level db persister         [0;36mpath[0m = TestOnly-Epoch_515/Shard_0/id [0;36mcreated pointer[0m = 0xc000141dc0 [0;36mglobal db counter[0m = 3 [0;36mNewSerialDB[0m = 0.0031s [0;36mmkdirAll[0m = 0.0002s [0;36mopenLevelDB[0m = 0.0029s 
[0;36mDEBUG[0m[2026-03-16 10:14:18.766]   PruningStorer.processPersistersToClose   [0;36mepochs to close[0m = [513] [0;36mbefore process[0m = [515 514 513] [0;36mafter process[0m = [515 514] 
[0;36mDEBUG[0m[2026-03-16 10:14:18.767]   makeDbPointerNilReturningLast            [0;36mpath[0m = TestOnly-Epoch_513/Shard_0/id [0;36mnilled pointer[0m = 0xc00051b180 [0;36mglobal db counter[0m = 2 
[0;36mDEBUG[0m[2026-03-16 10:14:18.767]   processLoop - closing the leveldb process loop [0;36mpath[0m = TestOnly-Epoch_513/Shard_0/id 
[0;36mDEBUG[0m[2026-03-16 10:14:18.767]   batchTimeoutHandle - closing             [0;36mpath[0m = TestOnly-Epoch_513/Shard_0/id 
[0;36mDEBUG[0m[2026-03-16 10:14:18.768]   PruningStorer - change epoch             [0;36munit[0m = id [0;36mepoch[0m = 516 [0;36mbytes in cache[0m = 0 
[0;36mDEBUG[0m[2026-03-16 10:14:18.770]   opened serial level db persister         [0;36mpath[0m = TestOnly-Epoch_516/Shard_0/id [0;36mcreated pointer[0m = 0xc000513880 [0;36mglobal db counter[0m = 3 [0;36mNewSerialDB[0m = 0.0023s [0;36mmkdirAll[0m = 0.0001s [0;36mopenLevelDB[0m = 0.0022s 
[0;36mDEBUG[0m[2026-03-16 10:14:18.770]   PruningStorer.processPersistersToClose   [0;36mepochs to close[0m = [514] [0;36mbefore process[0m = [516 515 514] [0;36mafter process[0m = [516 515] 
[0;36mDEBUG[0m[2026-03-16 10:14:18.771]   makeDbPointerNilReturningLast            [0;36mpath[0m = TestOnly-Epoch_514/Shard_0/id [0;36mnilled pointer[0m = 0xc000513c00 [0;36mglobal db counter[0m = 2 
[0;36mDEBUG[0m[2026-03-16 10:14:18.771]   processLoop - closing the leveldb process loop [0;36mpath[0m = TestOnly-Epoch_514/Shard_0/id 
[0;36mDEBUG[0m[2026-03-16 10:14:18.771]   batchTimeoutHandle - closing             [0;36mpath[0m = TestOnly-Epoch_514/Shard_0/id 
[0;36mDEBUG[0m[2026-03-16 10:14:18.772]   PruningStorer - change epoch             [0;36munit[0m = id [0;36mepoch[0m = 517 [0;36mbytes in cache[0m = 0 
[0;36mDEBUG[0m[2026-03-16 10:14:18.774]   opened serial level db persister         [0;36mpath[0m = TestOnly-Epoch_517/Shard_0/id [0;36mcreated pointer[0m = 0xc000585340 [0;36mglobal db counter[0m = 3 [0;36mNewSerialDB[0m = 0.0025s [0;36mmkdirAll[0m = 0.0002s [0;36mopenLevelDB[0m = 0.0023s 
[0;36mDEBUG[0m[2026-03-16 10:14:18.774]   PruningStorer.processPersistersToClose   [0;36mepochs to close[0m = [515] [0;36mbefore process[0m = [517 516 515] [0;36mafter process[0m = [517 516] 
[0;36mDEBUG[0m[2026-03-16 10:14:18.775]   makeDbPointerNilReturningLast            [0;36mpath[0m = TestOnly-Epoch_515/Shard_0/id [0;36mnilled pointer[0m = 0xc000141dc0 [0;36mglobal db counter[0m = 2 
[0;36mDEBUG[0m[2026-03-16 10:14:18.776]   batchTimeoutHandle - closing             [0;36mpath[0m = TestOnly-Epoch_515/Shard_0/id 
[0;36mDEBUG[0m[2026-03-16 10:14:18.775]   processLoop - closing the leveldb process loop [0;36mpath[0m = TestOnly-Epoch_515/Shard_0/id 
[0;36mDEBUG[0m[2026-03-16 10:14:18.779]   PruningStorer - change epoch             [0;36munit[0m = id [0;36mepoch[0m = 518 [0;36mbytes in cache[0m = 0 
[0;36mDEBUG[0m[2026-03-16 10:14:18.783]   opened serial level db persister         [0;36mpath[0m = TestOnly-Epoch_518/Shard_0/id [0;36mcreated pointer[0m = 0xc000917500 [0;36mglobal db counter[0m = 3 [0;36mNewSerialDB[0m = 0.0038s [0;36mmkdirAll[0m = 0.0002s [0;36mopenLevelDB[0m = 0.0036s 
[0;36mDEBUG[0m[2026-03-16 10:14:18.783]   PruningStorer.processPersistersToClose   [0;36mepochs to close[0m = [516] [0;36mbefore process[0m = [518 517 516] [0;36mafter process[0m = [518 517] 
[0;36mDEBUG[0m[2026-03-16 10:14:18.783]   makeDbPointerNilReturningLast            [0;36mpath[0m = TestOnly-Epoch_516/Shard_0/id [0;36mnilled pointer[0m = 0xc000513880 [0;36mglobal db counter[0m = 2 
[0;36mDEBUG[0m[2026-03-16 10:14:18.783]   processLoop - closing the leveldb process loop [0;36mpath[0m = TestOnly-Epoch_516/Shard_0/id 
[0;36mDEBUG[0m[2026-03-16 10:14:18.784]   batchTimeoutHandle - closing             [0;36mpath[0m = TestOnly-Epoch_516/Shard_0/id 
[0;36mDEBUG[0m[2026-03-16 10:14:18.785]   PruningStorer - change epoch             [0;36munit[0m = id [0;36mepoch[0m = 519 [0;36mbytes in cache[0m = 0 
[0;36mDEBUG[0m[2026-03-16 10:14:18.787]   opened serial level db persister         [0;36mpath[0m = TestOnly-Epoch_519/Shard_0/id [0;36mcreated pointer[0m = 0xc0005136c0 [0;36mglobal db counter[0m = 3 [0;36mNewSerialDB[0m = 0.0026s [0;36mmkdirAll[0m = 0.0002s [0;36mopenLevelDB[0m = 0.0024s 
[0;36mDEBUG[0m[2026-03-16 10:14:18.787]   PruningStorer.processPersistersToClose   [0;36mepochs to close[0m = [517] [0;36mbefore process[0m = [519 518 517] [0;36mafter process[0m = [519 518] 
[0;36mDEBUG[0m[2026-03-16 10:14:18.788]   makeDbPointerNilReturningLast            [0;36mpath[0m = TestOnly-Epoch_517/Shard_0/id [0;36mnilled pointer[0m = 0xc000585340 [0;36mglobal db counter[0m = 2 
[0;36mDEBUG[0m[2026-03-16 10:14:18.788]   processLoop - closing the leveldb process loop [0;36mpath[0m = TestOnly-Epoch_517/Shard_0/id 
[0;36mDEBUG[0m[2026-03-16 10:14:18.788]   batchTimeoutHandle - closing             [0;36mpath[0m = TestOnly-Epoch_517/Shard_0/id 
[0;36mDEBUG[0m[2026-03-16 10:14:18.789]   PruningStorer - change epoch             [0;36munit[0m = id [0;36mepoch[0m = 520 [0;36mbytes in cache[0m = 0 
[0;36mDEBUG[0m[2026-03-16 10:14:18.791]   opened serial level db persister         [0;36mpath[0m = TestOnly-Epoch_520/Shard_0/id [0;36mcreated pointer[0m = 0xc0005d4e00 [0;36mglobal db counter[0m = 3 [0;36mNewSerialDB[0m = 0.0023s [0;36mmkdirAll[0m = 0.0002s [0;36mopenLevelDB[0m = 0.0021s 
[0;36mDEBUG[0m[2026-03-16 10:14:18.791]   PruningStorer.processPersistersToClose   [0;36mepochs to close[0m = [518] [0;36mbefore process[0m = [520 519 518] [0;36mafter process[0m = [520 519] 
[0;36mDEBUG[0m[2026-03-16 10:14:18.792]   makeDbPointerNilReturningLast            [0;36mpath[0m = TestOnly-Epoch_518/Shard_0/id [0;36mnilled pointer[0m = 0xc000917500 [0;36mglobal db counter[0m = 2 
[0;36mDEBUG[0m[2026-03-16 10:14:18.792]   processLoop - closing the leveldb process loop [0;36mpath[0m = TestOnly-Epoch_518/Shard_0/id 
[0;36mDEBUG[0m[2026-03-16 10:14:18.792]   batchTimeoutHandle - closing             [0;36mpath[0m = TestOnly-Epoch_518/Shard_0/id 
[0;36mDEBUG[0m[2026-03-16 10:14:18.793]   PruningStorer - change epoch             [0;36munit[0m = id [0;36mepoch[0m = 521 [0;36mbytes in cache[0m = 0 
[0;36mDEBUG[0m[2026-03-16 10:14:18.796]   opened serial level db persister         [0;36mpath[0m = TestOnly-Epoch_521/Shard_0/id [0;36mcreated pointer[0m = 0xc000695dc0 [0;36mglobal db counter[0m = 3 [0;36mNewSerialDB[0m = 0.0029s [0;36mmkdirAll[0m = 0.0002s [0;36mopenLevelDB[0m = 0.0028s 
[0;36mDEBUG[0m[2026-03-16 10:14:18.796]   PruningStorer.processPersistersToClose   [0;36mepochs to close[0m = [519] [0;36mbefore process[0m = [521 520 519] [0;36mafter process[0m = [521 520] 
[0;36mDEBUG[0m[2026-03-16 10:14:18.796]   makeDbPointerNilReturningLast            [0;36mpath[0m = TestOnly-Epoch_519/Shard_0/id [0;36mnilled pointer[0m = 0xc0005136c0 [0;36mglobal db counter[0m = 2 
[0;36mDEBUG[0m[2026-03-16 10:14:18.796]   processLoop - closing the leveldb process loop [0;36mpath[0m = TestOnly-Epoch_519/Shard_0/id 
[0;36mDEBUG[0m[2026-03-16 10:14:18.796]   batchTimeoutHandle - closing             [0;36mpath[0m = TestOnly-Epoch_519/Shard_0/id 
[0;36mDEBUG[0m[2026-03-16 10:14:18.798]   PruningStorer - change epoch             [0;36munit[0m = id [0;36mepoch[0m = 522 [0;36mbytes in cache[0m = 0 
[0;36mDEBUG[0m[2026-03-16 10:14:18.801]   opened serial level db persister         [0;36mpath[0m = TestOnly-Epoch_522/Shard_0/id [0;36mcreated pointer[0m = 0xc00078e1c0 [0;36mglobal db counter[0m = 3 [0;36mNewSerialDB[0m = 0.0031s [0;36mmkdirAll[0m = 0.0002s [0;36mopenLevelDB[0m = 0.0030s 
[0;36mDEBUG[0m[2026-03-16 10:14:18.801]   PruningStorer.processPersistersToClose   [0;36mepochs to close[0m = [520] [0;36mbefore process[0m = [522 521 520] [0;36mafter process[0m = [522 521] 
[0;36mDEBUG[0m[2026-03-16 10:14:18.801]   makeDbPointerNilReturningLast            [0;36mpath[0m = TestOnly-Epoch_520/Shard_0/id [0;36mnilled pointer[0m = 0xc0005d4e00 [0;36mglobal db counter[0m = 2 
[0;36mDEBUG[0m[2026-03-16 10:14:18.801]   processLoop - closing the leveldb process loop [0;36mpath[0m = TestOnly-Epoch_520/Shard_0/id 
[0;36mDEBUG[0m[2026-03-16 10:14:18.801]   batchTimeoutHandle - closing             [0;36mpath[0m = TestOnly-Epoch_520/Shard_0/id 
[0;36mDEBUG[0m[2026-03-16 10:14:18.802]   PruningStorer - change epoch             [0;36munit[0m = id [0;36mepoch[0m = 523 [0;36mbytes in cache[0m = 0 
[0;36mDEBUG[0m[2026-03-16 10:14:18.805]   opened serial level db persister         [0;36mpath[0m = TestOnly-Epoch_523/Shard_0/id [0;36mcreated pointer[0m = 0xc0006948c0 [0;36mglobal db counter[0m = 3 [0;36mNewSerialDB[0m = 0.0022s [0;36mmkdirAll[0m = 0.0001s [0;36mopenLevelDB[0m = 0.0021s 
[0;36mDEBUG[0m[2026-03-16 10:14:18.805]   PruningStorer.processPersistersToClose   [0;36mepochs to close[0m = [521] [0;36mbefore process[0m = [523 522 521] [0;36mafter process[0m = [523 522] 
[0;36mDEBUG[0m[2026-03-16 10:14:18.805]   makeDbPointerNilReturningLast            [0;36mpath[0m = TestOnly-Epoch_521/Shard_0/id [0;36mnilled pointer[0m = 0xc000695dc0 [0;36mglobal db counter[0m = 2 
[0;36mDEBUG[0m[2026-03-16 10:14:18.805]   processLoop - closing the leveldb process loop [0;36mpath[0m = TestOnly-Epoch_521/Shard_0/id 
[0;36mDEBUG[0m[2026-03-16 10:14:18.805]   batchTimeoutHandle - closing             [0;36mpath[0m = TestOnly-Epoch_521/Shard_0/id 
[0;36mDEBUG[0m[2026-03-16 10:14:18.807]   PruningStorer - change epoch             [0;36munit[0m = id [0;36mepoch[0m = 524 [0;36mbytes in cache[0m = 0 
[0;36mDEBUG[0m[2026-03-16 10:14:18.809]   opened serial level db persister         [0;36mpath[0m = TestOnly-Epoch_524/Shard_0/id [0;36mcreated pointer[0m = 0xc0006841c0 [0;36mglobal db counter[0m = 3 [0;36mNewSerialDB[0m = 0.0023s [0;36mmkdirAll[0m = 0.0001s [0;36mopenLevelDB[0m = 0.0022s 
[0;36mDEBUG[0m[2026-03-16 10:14:18.809]   PruningStorer.processPersistersToClose   [0;36mepochs to close[0m = [522] [0;36mbefore process[0m = [524 523 522] [0;36mafter process[0m = [524 523] 
[0;36mDEBUG[0m[2026-03-16 10:14:18.809]   makeDbPointerNilReturningLast            [0;36mpath[0m = TestOnly-Epoch_522/Shard_0/id [0;36mnilled pointer[0m = 0xc00078e1c0 [0;36mglobal db counter[0m = 2 
[0;36mDEBUG[0m[2026-03-16 10:14:18.809]   batchTimeoutHandle - closing             [0;36mpath[0m = TestOnly-Epoch_522/Shard_0/id 
[0;36mDEBUG[0m[2026-03-16 10:14:18.809]   processLoop - closing the leveldb process loop [0;36mpath[0m = TestOnly-Epoch_522/Shard_0/id 
[0;36mDEBUG[0m[2026-03-16 10:14:18.811]   PruningStorer - change epoch             [0;36munit[0m = id [0;36mepoch[0m = 525 [0;36mbytes in cache[0m = 0 
[0;36mDEBUG[0m[2026-03-16 10:14:18.813]   opened serial level db persister         [0;36mpath[0m = TestOnly-Epoch_525/Shard_0/id [0;36mcreated pointer[0m = 0xc000141c00 [0;36mglobal db counter[0m = 3 [0;36mNewSerialDB[0m = 0.0021s [0;36mmkdirAll[0m = 0.0001s [0;36mopenLevelDB[0m = 0.0020s 
[0;36mDEBUG[0m[2026-03-16 10:14:18.813]   PruningStorer.processPersistersToClose   [0;36mepochs to close[0m = [523] [0;36mbefore process[0m = [525 524 523] [0;36mafter process[0m = [525 524] 
[0;36mDEBUG[0m[2026-03-16 10:14:18.813]   makeDbPointerNilReturningLast            [0;36mpath[0m = TestOnly-Epoch_523/Shard_0/id [0;36mnilled pointer[0m = 0xc0006948c0 [0;36mglobal db counter[0m = 2 
[0;36mDEBUG[0m[2026-03-16 10:14:18.813]   processLoop - closing the leveldb process loop [0;36mpath[0m = TestOnly-Epoch_523/Shard_0/id 
[0;36mDEBUG[0m[2026-03-16 10:14:18.813]   batchTimeoutHandle - closing             [0;36mpath[0m = TestOnly-Epoch_523/Shard_0/id 
[0;36mDEBUG[0m[2026-03-16 10:14:18.815]   PruningStorer - change epoch             [0;36munit[0m = id [0;36mepoch[0m = 526 [0;36mbytes in cache[0m = 0 
[0;36mDEBUG[0m[2026-03-16 10:14:18.817]   opened serial level db persister         [0;36mpath[0m = TestOnly-Epoch_526/Shard_0/id [0;36mcreated pointer[0m = 0xc0005108c0 [0;36mglobal db counter[0m = 3 [0;36mNewSerialDB[0m = 0.0025s [0;36mmkdirAll[0m = 0.0002s [0;36mopenLevelDB[0m = 0.0023s 
[0;36mDEBUG[0m[2026-03-16 10:14:18.817]   PruningStorer.processPersistersToClose   [0;36mepochs to close[0m = [524] [0;36mbefore process[0m = [526 525 524] [0;36mafter process[0m = [526 525] 
[0;36mDEBUG[0m[2026-03-16 10:14:18.818]   makeDbPointerNilReturningLast            [0;36mpath[0m = TestOnly-Epoch_524/Shard_0/id [0;36mnilled pointer[0m = 0xc0006841c0 [0;36mglobal db counter[0m = 2 
[0;36mDEBUG[0m[2026-03-16 10:14:18.818]   processLoop - closing the leveldb process loop [0;36mpath[0m = TestOnly-Epoch_524/Shard_0/id 
[0;36mDEBUG[0m[2026-03-16 10:14:18.818]   batchTimeoutHandle - closing             [0;36mpath[0m = TestOnly-Epoch_524/Shard_0/id 
[0;36mDEBUG[0m[2026-03-16 10:14:18.819]   PruningStorer - change epoch             [0;36munit[0m = id [0;36mepoch[0m = 527 [0;36mbytes in cache[0m = 0 
[0;36mDEBUG[0m[2026-03-16 10:14:18.821]   opened serial level db persister         [0;36mpath[0m = TestOnly-Epoch_527/Shard_0/id [0;36mcreated pointer[0m = 0xc0002ebdc0 [0;36mglobal db counter[0m = 3 [0;36mNewSerialDB[0m = 0.0022s [0;36mmkdirAll[0m = 0.0001s [0;36mopenLevelDB[0m = 0.0021s 
[0;36mDEBUG[0m[2026-03-16 10:14:18.821]   PruningStorer.processPersistersToClose   [0;36mepochs to close[0m = [525] [0;36mbefore process[0m = [527 526 525] [0;36mafter process[0m = [527 526] 
[0;36mDEBUG[0m[2026-03-16 10:14:18.822]   makeDbPointerNilReturningLast            [0;36mpath[0m = TestOnly-Epoch_525/Shard_0/id [0;36mnilled pointer[0m = 0xc000141c00 [0;36mglobal db counter[0m = 2 
[0;36mDEBUG[0m[2026-03-16 10:14:18.822]   processLoop - closing the leveldb process loop [0;36mpath[0m = TestOnly-Epoch_525/Shard_0/id 
[0;36mDEBUG[0m[2026-03-16 10:14:18.822]   batchTimeoutHandle - closing             [0;36mpath[0m = TestOnly-Epoch_525/Shard_0/id 
[0;36mDEBUG[0m[2026-03-16 10:14:18.823]   PruningStorer - change epoch             [0;36munit[0m = id [0;36mepoch[0m = 528 [0;36mbytes in cache[0m = 0 
[0;36mDEBUG[0m[2026-03-16 10:14:18.826]   opened serial level db persister         [0;36mpath[0m = TestOnly-Epoch_528/Shard_0/id [0;36mcreated pointer[0m = 0xc002209a40 [0;36mglobal db counter[0m = 3 [0;36mNewSerialDB[0m = 0.0028s [0;36mmkdirAll[0m = 0.0001s [0;36mopenLevelDB[0m = 0.0027s 
[0;36mDEBUG[0m[2026-03-16 10:14:18.826]   PruningStorer.processPersistersToClose   [0;36mepochs to close[0m = [526] [0;36mbefore process[0m = [528 527 526] [0;36mafter process[0m = [528 527] 
[0;36mDEBUG[0m[2026-03-16 10:14:18.827]   makeDbPointerNilReturningLast            [0;36mpath[0m = TestOnly-Epoch_526/Shard_0/id [0;36mnilled pointer[0m = 0xc0005108c0 [0;36mglobal db counter[0m = 2 
[0;36mDEBUG[0m[2026-03-16 10:14:18.827]   processLoop - closing the leveldb process loop [0;36mpath[0m = TestOnly-Epoch_526/Shard_0/id 
[0;36mDEBUG[0m[2026-03-16 10:14:18.827]   batchTimeoutHandle - closing             [0;36mpath[0m = TestOnly-Epoch_526/Shard_0/id 
[0;36mDEBUG[0m[2026-03-16 10:14:18.828]   PruningStorer - change epoch             [0;36munit[0m = id [0;36mepoch[0m = 529 [0;36mbytes in cache[0m = 0 
[0;36mDEBUG[0m[2026-03-16 10:14:18.830]   opened serial level db persister         [0;36mpath[0m = TestOnly-Epoch_529/Shard_0/id [0;36mcreated pointer[0m = 0xc000158e00 [0;36mglobal db counter[0m = 3 [0;36mNewSerialDB[0m = 0.0025s [0;36mmkdirAll[0m = 0.0001s [0;36mopenLevelDB[0m = 0.0024s 
[0;36mDEBUG[0m[2026-03-16 10:14:18.830]   PruningStorer.processPersistersToClose   [0;36mepochs to close[0m = [527] [0;36mbefore process[0m = [529 528 527] [0;36mafter process[0m = [529 528] 
[0;36mDEBUG[0m[2026-03-16 10:14:18.831]   makeDbPointerNilReturningLast            [0;36mpath[0m = TestOnly-Epoch_527/Shard_0/id [0;36mnilled pointer[0m = 0xc0002ebdc0 [0;36mglobal db counter[0m = 2 
[0;36mDEBUG[0m[2026-03-16 10:14:18.831]   processLoop - closing the leveldb process loop [0;36mpath[0m = TestOnly-Epoch_527/Shard_0/id 
[0;36mDEBUG[0m[2026-03-16 10:14:18.831]   batchTimeoutHandle - closing             [0;36mpath[0m = TestOnly-Epoch_527/Shard_0/id 
[0;36mDEBUG[0m[2026-03-16 10:14:18.832]   PruningStorer - change epoch             [0;36munit[0m = id [0;36mepoch[0m = 530 [0;36mbytes in cache[0m = 0 
[0;36mDEBUG[0m[2026-03-16 10:14:18.834]   opened serial level db persister         [0;36mpath[0m = TestOnly-Epoch_530/Shard_0/id [0;36mcreated pointer[0m = 0xc000362a80 [0;36mglobal db counter[0m = 3 [0;36mNewSerialDB[0m = 0.0026s [0;36mmkdirAll[0m = 0.0002s [0;36mopenLevelDB[0m = 0.0024s 
[0;36mDEBUG[0m[2026-03-16 10:14:18.835]   PruningStorer.processPersistersToClose   [0;36mepochs to close[0m = [528] [0;36mbefore process[0m = [530 529 528] [0;36mafter process[0m = [530 529] 
[0;36mDEBUG[0m[2026-03-16 10:14:18.835]   makeDbPointerNilReturningLast            [0;36mpath[0m = TestOnly-Epoch_528/Shard_0/id [0;36mnilled pointer[0m = 0xc002209a40 [0;36mglobal db counter[0m = 2 
[0;36mDEBUG[0m[2026-03-16 10:14:18.835]   processLoop - closing the leveldb process loop [0;36mpath[0m = TestOnly-Epoch_528/Shard_0/id 
[0;36mDEBUG[0m[2026-03-16 10:14:18.835]   batchTimeoutHandle - closing             [0;36mpath[0m = TestOnly-Epoch_528/Shard_0/id 
[0;36mDEBUG[0m[2026-03-16 10:14:18.836]   PruningStorer - change epoch             [0;36munit[0m = id [0;36mepoch[0m = 531 [0;36mbytes in cache[0m = 0 
[0;36mDEBUG[0m[2026-03-16 10:14:18.838]   opened serial level db persister         [0;36mpath[0m = TestOnly-Epoch_531/Shard_0/id [0;36mcreated pointer[0m = 0xc002209500 [0;36mglobal db counter[0m = 3 [0;36mNewSerialDB[0m = 0.0022s [0;36mmkdirAll[0m = 0.0001s [0;36mopenLevelDB[0m = 0.0021s 
[0;36mDEBUG[0m[2026-03-16 10:14:18.838]   PruningStorer.processPersistersToClose   [0;36mepochs to close[0m = [529] [0;36mbefore process[0m = [531 530 529] [0;36mafter process[0m = [531 530] 
[0;36mDEBUG[0m[2026-03-16 10:14:18.839]   makeDbPointerNilReturningLast            [0;36mpath[0m = TestOnly-Epoch_529/Shard_0/id [0;36mnilled pointer[0m = 0xc000158e00 [0;36mglobal db counter[0m = 2 
[0;36mDEBUG[0m[2026-03-16 10:14:18.839]   processLoop - closing the leveldb process loop [0;36mpath[0m = TestOnly-Epoch_529/Shard_0/id 
[0;36mDEBUG[0m[2026-03-16 10:14:18.839]   batchTimeoutHandle - closing             [0;36mpath[0m = TestOnly-Epoch_529/Shard_0/id 
[0;36mDEBUG[0m[2026-03-16 10:14:18.840]   PruningStorer - change epoch             [0;36munit[0m = id [0;36mepoch[0m = 532 [0;36mbytes in cache[0m = 0 
[0;36mDEBUG[0m[2026-03-16 10:14:18.842]   opened serial level db persister         [0;36mpath[0m = TestOnly-Epoch_532/Shard_0/id [0;36mcreated pointer[0m = 0xc000544000 [0;36mglobal db counter[0m = 3 [0;36mNewSerialDB[0m = 0.0022s [0;36mmkdirAll[0m = 0.0001s [0;36mopenLevelDB[0m = 0.0020s 
[0;36mDEBUG[0m[2026-03-16 10:14:18.842]   PruningStorer.processPersistersToClose   [0;36mepochs to close[0m = [530] [0;36mbefore process[0m = [532 531 530] [0;36mafter process[0m = [532 531] 
[0;36mDEBUG[0m[2026-03-16 10:14:18.843]   makeDbPointerNilReturningLast            [0;36mpath[0m = TestOnly-Epoch_530/Shard_0/id [0;36mnilled pointer[0m = 0xc000362a80 [0;36mglobal db counter[0m = 2 
[0;36mDEBUG[0m[2026-03-16 10:14:18.843]   processLoop - closing the leveldb process loop [0;36mpath[0m = TestOnly-Epoch_530/Shard_0/id 
[0;36mDEBUG[0m[2026-03-16 10:14:18.843]   batchTimeoutHandle - closing             [0;36mpath[0m = TestOnly-Epoch_530/Shard_0/id 
[0;36mDEBUG[0m[2026-03-16 10:14:18.844]   PruningStorer - change epoch             [0;36munit[0m = id [0;36mepoch[0m = 533 [0;36mbytes in cache[0m = 0 
[0;36mDEBUG[0m[2026-03-16 10:14:18.846]   opened serial level db persister         [0;36mpath[0m = TestOnly-Epoch_533/Shard_0/id [0;36mcreated pointer[0m = 0xc000170540 [0;36mglobal db counter[0m = 3 [0;36mNewSerialDB[0m = 0.0023s [0;36mmkdirAll[0m = 0.0001s [0;36mopenLevelDB[0m = 0.0021s 
[0;36mDEBUG[0m[2026-03-16 10:14:18.846]   PruningStorer.processPersistersToClose   [0;36mepochs to close[0m = [531] [0;36mbefore process[0m = [533 532 531] [0;36mafter process[0m = [533 532] 
[0;36mDEBUG[0m[2026-03-16 10:14:18.847]   makeDbPointerNilReturningLast            [0;36mpath[0m = TestOnly-Epoch_531/Shard_0/id [0;36mnilled pointer[0m = 0xc002209500 [0;36mglobal db counter[0m = 2 
[0;36mDEBUG[0m[2026-03-16 10:14:18.847]   processLoop - closing the leveldb process loop [0;36mpath[0m = TestOnly-Epoch_531/Shard_0/id 
[0;36mDEBUG[0m[2026-03-16 10:14:18.847]   batchTimeoutHandle - closing             [0;36mpath[0m = TestOnly-Epoch_531/Shard_0/id 
[0;36mDEBUG[0m[2026-03-16 10:14:18.848]   PruningStorer - change epoch             [0;36munit[0m = id [0;36mepoch[0m = 534 [0;36mbytes in cache[0m = 0 
[0;36mDEBUG[0m[2026-03-16 10:14:18.850]   opened serial level db persister         [0;36mpath[0m = TestOnly-Epoch_534/Shard_0/id [0;36mcreated pointer[0m = 0xc00058a1c0 [0;36mglobal db counter[0m = 3 [0;36mNewSerialDB[0m = 0.0026s [0;36mmkdirAll[0m = 0.0001s [0;36mopenLevelDB[0m = 0.0025s 
[0;36mDEBUG[0m[2026-03-16 10:14:18.850]   PruningStorer.processPersistersToClose   [0;36mepochs to close[0m = [532] [0;36mbefore process[0m = [534 533 532] [0;36mafter process[0m = [534 533] 
[0;36mDEBUG[0m[2026-03-16 10:14:18.851]   makeDbPointerNilReturningLast            [0;36mpath[0m = TestOnly-Epoch_532/Shard_0/id [0;36mnilled pointer[0m = 0xc000544000 [0;36mglobal db counter[0m = 2 
[0;36mDEBUG[0m[2026-03-16 10:14:18.851]   processLoop - closing the leveldb process loop [0;36mpath[0m = TestOnly-Epoch_532/Shard_0/id 
[0;36mDEBUG[0m[2026-03-16 10:14:18.851]   batchTimeoutHandle - closing             [0;36mpath[0m = TestOnly-Epoch_532/Shard_0/id 
[0;36mDEBUG[0m[2026-03-16 10:14:18.852]   PruningStorer - change epoch             [0;36munit[0m = id [0;36mepoch[0m = 535 [0;36mbytes in cache[0m = 0 
[0;36mDEBUG[0m[2026-03-16 10:14:18.855]   opened serial level db persister         [0;36mpath[0m = TestOnly-Epoch_535/Shard_0/id [0;36mcreated pointer[0m = 0xc00058a540 [0;36mglobal db counter[0m = 3 [0;36mNewSerialDB[0m = 0.0028s [0;36mmkdirAll[0m = 0.0001s [0;36mopenLevelDB[0m = 0.0026s 
[0;36mDEBUG[0m[2026-03-16 10:14:18.855]   PruningStorer.processPersistersToClose   [0;36mepochs to close[0m = [533] [0;36mbefore process[0m = [535 534 533] [0;36mafter process[0m = [535 534] 
[0;36mDEBUG[0m[2026-03-16 10:14:18.855]   makeDbPointerNilReturningLast            [0;36mpath[0m = TestOnly-Epoch_533/Shard_0/id [0;36mnilled pointer[0m = 0xc000170540 [0;36mglobal db counter[0m = 2 
[0;36mDEBUG[0m[2026-03-16 10:14:18.855]   processLoop - closing the leveldb process loop [0;36mpath[0m = TestOnly-Epoch_533/Shard_0/id 
[0;36mDEBUG[0m[2026-03-16 10:14:18.855]   batchTimeoutHandle - closing             [0;36mpath[0m = TestOnly-Epoch_533/Shard_0/id 
[0;36mDEBUG[0m[2026-03-16 10:14:18.857]   PruningStorer - change epoch             [0;36munit[0m = id [0;36mepoch[0m = 536 [0;36mbytes in cache[0m = 0 
[0;36mDEBUG[0m[2026-03-16 10:14:18.859]   opened serial level db persister         [0;36mpath[0m = TestOnly-Epoch_536/Shard_0/id [0;36mcreated pointer[0m = 0xc000170a80 [0;36mglobal db counter[0m = 3 [0;36mNewSerialDB[0m = 0.0024s [0;36mmkdirAll[0m = 0.0002s [0;36mopenLevelDB[0m = 0.0022s 
[0;36mDEBUG[0m[2026-03-16 10:14:18.859]   PruningStorer.processPersistersToClose   [0;36mepochs to close[0m = [534] [0;36mbefore process[0m = [536 535 534] [0;36mafter process[0m = [536 535] 
[0;36mDEBUG[0m[2026-03-16 10:14:18.860]   makeDbPointerNilReturningLast            [0;36mpath[0m = TestOnly-Epoch_534/Shard_0/id [0;36mnilled pointer[0m = 0xc00058a1c0 [0;36mglobal db counter[0m = 2 
[0;36mDEBUG[0m[2026-03-16 10:14:18.860]   batchTimeoutHandle - closing             [0;36mpath[0m = TestOnly-Epoch_534/Shard_0/id 
[0;36mDEBUG[0m[2026-03-16 10:14:18.860]   processLoop - closing the leveldb process loop [0;36mpath[0m = TestOnly-Epoch_534/Shard_0/id 
[0;36mDEBUG[0m[2026-03-16 10:14:18.861]   PruningStorer - change epoch             [0;36munit[0m = id [0;36mepoch[0m = 537 [0;36mbytes in cache[0m = 0 
[0;36mDEBUG[0m[2026-03-16 10:14:18.863]   opened serial level db persister         [0;36mpath[0m = TestOnly-Epoch_537/Shard_0/id [0;36mcreated pointer[0m = 0xc000545dc0 [0;36mglobal db counter[0m = 3 [0;36mNewSerialDB[0m = 0.0023s [0;36mmkdirAll[0m = 0.0002s [0;36mopenLevelDB[0m = 0.0021s 
[0;36mDEBUG[0m[2026-03-16 10:14:18.863]   PruningStorer.processPersistersToClose   [0;36mepochs to close[0m = [535] [0;36mbefore process[0m = [537 536 535] [0;36mafter process[0m = [537 536] 
[0;36mDEBUG[0m[2026-03-16 10:14:18.863]   makeDbPointerNilReturningLast            [0;36mpath[0m = TestOnly-Epoch_535/Shard_0/id [0;36mnilled pointer[0m = 0xc00058a540 [0;36mglobal db counter[0m = 2 
[0;36mDEBUG[0m[2026-03-16 10:14:18.863]   processLoop - closing the leveldb process loop [0;36mpath[0m = TestOnly-Epoch_535/Shard_0/id 
[0;36mDEBUG[0m[2026-03-16 10:14:18.863]   batchTimeoutHandle - closing             [0;36mpath[0m = TestOnly-Epoch_535/Shard_0/id 
[0;36mDEBUG[0m[2026-03-16 10:14:18.865]   PruningStorer - change epoch             [0;36munit[0m = id [0;36mepoch[0m = 538 [0;36mbytes in cache[0m = 0 
[0;36mDEBUG[0m[2026-03-16 10:14:18.867]   opened serial level db persister         [0;36mpath[0m = TestOnly-Epoch_538/Shard_0/id [0;36mcreated pointer[0m = 0xc000171a40 [0;36mglobal db counter[0m = 3 [0;36mNewSerialDB[0m = 0.0026s [0;36mmkdirAll[0m = 0.0001s [0;36mopenLevelDB[0m = 0.0025s 
[0;36mDEBUG[0m[2026-03-16 10:14:18.867]   PruningStorer.processPersistersToClose   [0;36mepochs to close[0m = [536] [0;36mbefore process[0m = [538 537 536] [0;36mafter process[0m = [538 537] 
[0;36mDEBUG[0m[2026-03-16 10:14:18.868]   makeDbPointerNilReturningLast            [0;36mpath[0m = TestOnly-Epoch_536/Shard_0/id [0;36mnilled pointer[0m = 0xc000170a80 [0;36mglobal db counter[0m = 2 
[0;36mDEBUG[0m[2026-03-16 10:14:18.868]   processLoop - closing the leveldb process loop [0;36mpath[0m = TestOnly-Epoch_536/Shard_0/id 
[0;36mDEBUG[0m[2026-03-16 10:14:18.868]   batchTimeoutHandle - closing             [0;36mpath[0m = TestOnly-Epoch_536/Shard_0/id 
[0;36mDEBUG[0m[2026-03-16 10:14:18.869]   PruningStorer - change epoch             [0;36munit[0m = id [0;36mepoch[0m = 539 [0;36mbytes in cache[0m = 0 
[0;36mDEBUG[0m[2026-03-16 10:14:18.871]   opened serial level db persister         [0;36mpath[0m = TestOnly-Epoch_539/Shard_0/id [0;36mcreated pointer[0m = 0xc00058a000 [0;36mglobal db counter[0m = 3 [0;36mNewSerialDB[0m = 0.0023s [0;36mmkdirAll[0m = 0.0002s [0;36mopenLevelDB[0m = 0.0022s 
[0;36mDEBUG[0m[2026-03-16 10:14:18.871]   PruningStorer.processPersistersToClose   [0;36mepochs to close[0m = [537] [0;36mbefore process[0m = [539 538 537] [0;36mafter process[0m = [539 538] 
[0;36mDEBUG[0m[2026-03-16 10:14:18.872]   makeDbPointerNilReturningLast            [0;36mpath[0m = TestOnly-Epoch_537/Shard_0/id [0;36mnilled pointer[0m = 0xc000545dc0 [0;36mglobal db counter[0m = 2 
[0;36mDEBUG[0m[2026-03-16 10:14:18.872]   processLoop - closing the leveldb process loop [0;36mpath[0m = TestOnly-Epoch_537/Shard_0/id 
[0;36mDEBUG[0m[2026-03-16 10:14:18.872]   batchTimeoutHandle - closing             [0;36mpath[0m = TestOnly-Epoch_537/Shard_0/id 
[0;36mDEBUG[0m[2026-03-16 10:14:18.873]   PruningStorer - change epoch             [0;36munit[0m = id [0;36mepoch[0m = 540 [0;36mbytes in cache[0m = 0 
[0;36mDEBUG[0m[2026-03-16 10:14:18.875]   opened serial level db persister         [0;36mpath[0m = TestOnly-Epoch_540/Shard_0/id [0;36mcreated pointer[0m = 0xc000171c00 [0;36mglobal db counter[0m = 3 [0;36mNewSerialDB[0m = 0.0023s [0;36mmkdirAll[0m = 0.0002s [0;36mopenLevelDB[0m = 0.0022s 
[0;36mDEBUG[0m[2026-03-16 10:14:18.875]   PruningStorer.processPersistersToClose   [0;36mepochs to close[0m = [538] [0;36mbefore process[0m = [540 539 538] [0;36mafter process[0m = [540 539] 
[0;36mDEBUG[0m[2026-03-16 10:14:18.876]   makeDbPointerNilReturningLast            [0;36mpath[0m = TestOnly-Epoch_538/Shard_0/id [0;36mnilled pointer[0m = 0xc000171a40 [0;36mglobal db counter[0m = 2 
[0;36mDEBUG[0m[2026-03-16 10:14:18.876]   processLoop - closing the leveldb process loop [0;36mpath[0m = TestOnly-Epoch_538/Shard_0/id 
[0;36mDEBUG[0m[2026-03-16 10:14:18.876]   batchTimeoutHandle - closing             [0;36mpath[0m = TestOnly-Epoch_538/Shard_0/id 
[0;36mDEBUG[0m[2026-03-16 10:14:18.877]   PruningStorer - change epoch             [0;36munit[0m = id [0;36mepoch[0m = 541 [0;36mbytes in cache[0m = 0 
[0;36mDEBUG[0m[2026-03-16 10:14:18.880]   opened serial level db persister         [0;36mpath[0m = TestOnly-Epoch_541/Shard_0/id [0;36mcreated pointer[0m = 0xc00058a700 [0;36mglobal db counter[0m = 3 [0;36mNewSerialDB[0m = 0.0025s [0;36mmkdirAll[0m = 0.0002s [0;36mopenLevelDB[0m = 0.0024s 
[0;36mDEBUG[0m[2026-03-16 10:14:18.880]   PruningStorer.processPersistersToClose   [0;36mepochs to close[0m = [539] [0;36mbefore process[0m = [541 540 539] [0;36mafter process[0m = [541 540] 
[0;36mDEBUG[0m[2026-03-16 10:14:18.880]   makeDbPointerNilReturningLast            [0;36mpath[0m = TestOnly-Epoch_539/Shard_0/id [0;36mnilled pointer[0m = 0xc00058a000 [0;36mglobal db counter[0m = 2 
[0;36mDEBUG[0m[2026-03-16 10:14:18.880]   processLoop - closing the leveldb process loop [0;36mpath[0m = TestOnly-Epoch_539/Shard_0/id 
[0;36mDEBUG[0m[2026-03-16 10:14:18.880]   batchTimeoutHandle - closing             [0;36mpath[0m = TestOnly-Epoch_539/Shard_0/id 
[0;36mDEBUG[0m[2026-03-16 10:14:18.881]   PruningStorer - change epoch             [0;36munit[0m = id [0;36mepoch[0m = 542 [0;36mbytes in cache[0m = 0 
[0;36mDEBUG[0m[2026-03-16 10:14:18.884]   opened serial level db persister         [0;36mpath[0m = TestOnly-Epoch_542/Shard_0/id [0;36mcreated pointer[0m = 0xc0003621c0 [0;36mglobal db counter[0m = 3 [0;36mNewSerialDB[0m = 0.0031s [0;36mmkdirAll[0m = 0.0002s [0;36mopenLevelDB[0m = 0.0029s 
[0;36mDEBUG[0m[2026-03-16 10:14:18.884]   PruningStorer.processPersistersToClose   [0;36mepochs to close[0m = [540] [0;36mbefore process[0m = [542 541 540] [0;36mafter process[0m = [542 541] 
[0;36mDEBUG[0m[2026-03-16 10:14:18.885]   makeDbPointerNilReturningLast            [0;36mpath[0m = TestOnly-Epoch_540/Shard_0/id [0;36mnilled pointer[0m = 0xc000171c00 [0;36mglobal db counter[0m = 2 
[0;36mDEBUG[0m[2026-03-16 10:14:18.885]   processLoop - closing the leveldb process loop [0;36mpath[0m = TestOnly-Epoch_540/Shard_0/id 
[0;36mDEBUG[0m[2026-03-16 10:14:18.885]   batchTimeoutHandle - closing             [0;36mpath[0m = TestOnly-Epoch_540/Shard_0/id 
[0;36mDEBUG[0m[2026-03-16 10:14:18.886]   PruningStorer - change epoch             [0;36munit[0m = id [0;36mepoch[0m = 543 [0;36mbytes in cache[0m = 0 
[0;36mDEBUG[0m[2026-03-16 10:14:18.889]   opened serial level db persister         [0;36mpath[0m = TestOnly-Epoch_543/Shard_0/id [0;36mcreated pointer[0m = 0xc00058a380 [0;36mglobal db counter[0m = 3 [0;36mNewSerialDB[0m = 0.0025s [0;36mmkdirAll[0m = 0.0002s [0;36mopenLevelDB[0m = 0.0024s 
[0;36mDEBUG[0m[2026-03-16 10:14:18.889]   PruningStorer.processPersistersToClose   [0;36mepochs to close[0m = [541] [0;36mbefore process[0m = [543 542 541] [0;36mafter process[0m = [543 542] 
[0;36mDEBUG[0m[2026-03-16 10:14:18.889]   makeDbPointerNilReturningLast            [0;36mpath[0m = TestOnly-Epoch_541/Shard_0/id [0;36mnilled pointer[0m = 0xc00058a700 [0;36mglobal db counter[0m = 2 
[0;36mDEBUG[0m[2026-03-16 10:14:18.889]   processLoop - closing the leveldb process loop [0;36mpath[0m = TestOnly-Epoch_541/Shard_0/id 
[0;36mDEBUG[0m[2026-03-16 10:14:18.889]   batchTimeoutHandle - closing             [0;36mpath[0m = TestOnly-Epoch_541/Shard_0/id 
[0;36mDEBUG[0m[2026-03-16 10:14:18.890]   PruningStorer - change epoch             [0;36munit[0m = id [0;36mepoch[0m = 544 [0;36mbytes in cache[0m = 0 
[0;36mDEBUG[0m[2026-03-16 10:14:18.893]   opened serial level db persister         [0;36mpath[0m = TestOnly-Epoch_544/Shard_0/id [0;36mcreated pointer[0m = 0xc000545180 [0;36mglobal db counter[0m = 3 [0;36mNewSerialDB[0m = 0.0023s [0;36mmkdirAll[0m = 0.0001s [0;36mopenLevelDB[0m = 0.0022s 
[0;36mDEBUG[0m[2026-03-16 10:14:18.893]   PruningStorer.processPersistersToClose   [0;36mepochs to close[0m = [542] [0;36mbefore process[0m = [544 543 542] [0;36mafter process[0m = [544 543] 
[0;36mDEBUG[0m[2026-03-16 10:14:18.893]   makeDbPointerNilReturningLast            [0;36mpath[0m = TestOnly-Epoch_542/Shard_0/id [0;36mnilled pointer[0m = 0xc0003621c0 [0;36mglobal db counter[0m = 2 
[0;36mDEBUG[0m[2026-03-16 10:14:18.893]   processLoop - closing the leveldb process loop [0;36mpath[0m = TestOnly-Epoch_542/Shard_0/id 
[0;36mDEBUG[0m[2026-03-16 10:14:18.893]   batchTimeoutHandle - closing             [0;36mpath[0m = TestOnly-Epoch_542/Shard_0/id 
[0;36mDEBUG[0m[2026-03-16 10:14:18.894]   PruningStorer - change epoch             [0;36munit[0m = id [0;36mepoch[0m = 545 [0;36mbytes in cache[0m = 0 
[0;36mDEBUG[0m[2026-03-16 10:14:18.897]   opened serial level db persister         [0;36mpath[0m = TestOnly-Epoch_545/Shard_0/id [0;36mcreated pointer[0m = 0xc000171880 [0;36mglobal db counter[0m = 3 [0;36mNewSerialDB[0m = 0.0023s [0;36mmkdirAll[0m = 0.0001s [0;36mopenLevelDB[0m = 0.0022s 
[0;36mDEBUG[0m[2026-03-16 10:14:18.897]   PruningStorer.processPersistersToClose   [0;36mepochs to close[0m = [543] [0;36mbefore process[0m = [545 544 543] [0;36mafter process[0m = [545 544] 
[0;36mDEBUG[0m[2026-03-16 10:14:18.897]   makeDbPointerNilReturningLast            [0;36mpath[0m = TestOnly-Epoch_543/Shard_0/id [0;36mnilled pointer[0m = 0xc00058a380 [0;36mglobal db counter[0m = 2 
[0;36mDEBUG[0m[2026-03-16 10:14:18.897]   processLoop - closing the leveldb process loop [0;36mpath[0m = TestOnly-Epoch_543/Shard_0/id 
[0;36mDEBUG[0m[2026-03-16 10:14:18.897]   batchTimeoutHandle - closing             [0;36mpath[0m = TestOnly-Epoch_543/Shard_0/id 
[0;36mDEBUG[0m[2026-03-16 10:14:18.899]   PruningStorer - change epoch             [0;36munit[0m = id [0;36mepoch[0m = 546 [0;36mbytes in cache[0m = 0 
[0;36mDEBUG[0m[2026-03-16 10:14:18.901]   opened serial level db persister         [0;36mpath[0m = TestOnly-Epoch_546/Shard_0/id [0;36mcreated pointer[0m = 0xc00058aa80 [0;36mglobal db counter[0m = 3 [0;36mNewSerialDB[0m = 0.0026s [0;36mmkdirAll[0m = 0.0001s [0;36mopenLevelDB[0m = 0.0025s 
[0;36mDEBUG[0m[2026-03-16 10:14:18.901]   PruningStorer.processPersistersToClose   [0;36mepochs to close[0m = [544] [0;36mbefore process[0m = [546 545 544] [0;36mafter process[0m = [546 545] 
[0;36mDEBUG[0m[2026-03-16 10:14:18.902]   makeDbPointerNilReturningLast            [0;36mpath[0m = TestOnly-Epoch_544/Shard_0/id [0;36mnilled pointer[0m = 0xc000545180 [0;36mglobal db counter[0m = 2 
[0;36mDEBUG[0m[2026-03-16 10:14:18.902]   processLoop - closing the leveldb process loop [0;36mpath[0m = TestOnly-Epoch_544/Shard_0/id 
[0;36mDEBUG[0m[2026-03-16 10:14:18.902]   batchTimeoutHandle - closing             [0;36mpath[0m = TestOnly-Epoch_544/Shard_0/id 
[0;36mDEBUG[0m[2026-03-16 10:14:18.903]   PruningStorer - change epoch             [0;36munit[0m = id [0;36mepoch[0m = 547 [0;36mbytes in cache[0m = 0 
[0;36mDEBUG[0m[2026-03-16 10:14:18.905]   opened serial level db persister         [0;36mpath[0m = TestOnly-Epoch_547/Shard_0/id [0;36mcreated pointer[0m = 0xc00058ac40 [0;36mglobal db counter[0m = 3 [0;36mNewSerialDB[0m = 0.0024s [0;36mmkdirAll[0m = 0.0001s [0;36mopenLevelDB[0m = 0.0022s 
[0;36mDEBUG[0m[2026-03-16 10:14:18.905]   PruningStorer.processPersistersToClose   [0;36mepochs to close[0m = [545] [0;36mbefore process[0m = [547 546 545] [0;36mafter process[0m = [547 546] 
[0;36mDEBUG[0m[2026-03-16 10:14:18.906]   makeDbPointerNilReturningLast            [0;36mpath[0m = TestOnly-Epoch_545/Shard_0/id [0;36mnilled pointer[0m = 0xc000171880 [0;36mglobal db counter[0m = 2 
[0;36mDEBUG[0m[2026-03-16 10:14:18.906]   processLoop - closing the leveldb process loop [0;36mpath[0m = TestOnly-Epoch_545/Shard_0/id 
[0;36mDEBUG[0m[2026-03-16 10:14:18.906]   batchTimeoutHandle - closing             [0;36mpath[0m = TestOnly-Epoch_545/Shard_0/id 
[0;36mDEBUG[0m[2026-03-16 10:14:18.907]   PruningStorer - change epoch             [0;36munit[0m = id [0;36mepoch[0m = 548 [0;36mbytes in cache[0m = 0 
[0;36mDEBUG[0m[2026-03-16 10:14:18.910]   opened serial level db persister         [0;36mpath[0m = TestOnly-Epoch_548/Shard_0/id [0;36mcreated pointer[0m = 0xc000363880 [0;36mglobal db counter[0m = 3 [0;36mNewSerialDB[0m = 0.0032s [0;36mmkdirAll[0m = 0.0002s [0;36mopenLevelDB[0m = 0.0029s 
[0;36mDEBUG[0m[2026-03-16 10:14:18.910]   PruningStorer.processPersistersToClose   [0;36mepochs to close[0m = [546] [0;36mbefore process[0m = [548 547 546] [0;36mafter process[0m = [548 547] 
[0;36mDEBUG[0m[2026-03-16 10:14:18.911]   makeDbPointerNilReturningLast            [0;36mpath[0m = TestOnly-Epoch_546/Shard_0/id [0;36mnilled pointer[0m = 0xc00058aa80 [0;36mglobal db counter[0m = 2 
[0;36mDEBUG[0m[2026-03-16 10:14:18.911]   processLoop - closing the leveldb process loop [0;36mpath[0m = TestOnly-Epoch_546/Shard_0/id 
[0;36mDEBUG[0m[2026-03-16 10:14:18.911]   batchTimeoutHandle - closing             [0;36mpath[0m = TestOnly-Epoch_546/Shard_0/id 
[0;36mDEBUG[0m[2026-03-16 10:14:18.913]   PruningStorer - change epoch             [0;36munit[0m = id [0;36mepoch[0m = 549 [0;36mbytes in cache[0m = 0 
[0;36mDEBUG[0m[2026-03-16 10:14:18.916]   opened serial level db persister         [0;36mpath[0m = TestOnly-Epoch_549/Shard_0/id [0;36mcreated pointer[0m = 0xc000684000 [0;36mglobal db counter[0m = 3 [0;36mNewSerialDB[0m = 0.0031s [0;36mmkdirAll[0m = 0.0001s [0;36mopenLevelDB[0m = 0.0030s 
[0;36mDEBUG[0m[2026-03-16 10:14:18.916]   PruningStorer.processPersistersToClose   [0;36mepochs to close[0m = [547] [0;36mbefore process[0m = [549 548 547] [0;36mafter process[0m = [549 548] 
[0;36mDEBUG[0m[2026-03-16 10:14:18.916]   makeDbPointerNilReturningLast            [0;36mpath[0m = TestOnly-Epoch_547/Shard_0/id [0;36mnilled pointer[0m = 0xc00058ac40 [0;36mglobal db counter[0m = 2 
[0;36mDEBUG[0m[2026-03-16 10:14:18.916]   processLoop - closing the leveldb process loop [0;36mpath[0m = TestOnly-Epoch_547/Shard_0/id 
[0;36mDEBUG[0m[2026-03-16 10:14:18.916]   batchTimeoutHandle - closing             [0;36mpath[0m = TestOnly-Epoch_547/Shard_0/id 
[0;36mDEBUG[0m[2026-03-16 10:14:18.918]   PruningStorer - change epoch             [0;36munit[0m = id [0;36mepoch[0m = 550 [0;36mbytes in cache[0m = 0 
[0;36mDEBUG[0m[2026-03-16 10:14:18.920]   opened serial level db persister         [0;36mpath[0m = TestOnly-Epoch_550/Shard_0/id [0;36mcreated pointer[0m = 0xc000664000 [0;36mglobal db counter[0m = 3 [0;36mNewSerialDB[0m = 0.0027s [0;36mmkdirAll[0m = 0.0001s [0;36mopenLevelDB[0m = 0.0026s 
[0;36mDEBUG[0m[2026-03-16 10:14:18.920]   PruningStorer.processPersistersToClose   [0;36mepochs to close[0m = [548] [0;36mbefore process[0m = [550 549 548] [0;36mafter process[0m = [550 549] 
[0;36mDEBUG[0m[2026-03-16 10:14:18.921]   makeDbPointerNilReturningLast            [0;36mpath[0m = TestOnly-Epoch_548/Shard_0/id [0;36mnilled pointer[0m = 0xc000363880 [0;36mglobal db counter[0m = 2 
[0;36mDEBUG[0m[2026-03-16 10:14:18.921]   batchTimeoutHandle - closing             [0;36mpath[0m = TestOnly-Epoch_548/Shard_0/id 
[0;36mDEBUG[0m[2026-03-16 10:14:18.921]   processLoop - closing the leveldb process loop [0;36mpath[0m = TestOnly-Epoch_548/Shard_0/id 
[0;36mDEBUG[0m[2026-03-16 10:14:18.922]   PruningStorer - change epoch             [0;36munit[0m = id [0;36mepoch[0m = 551 [0;36mbytes in cache[0m = 0 
[0;36mDEBUG[0m[2026-03-16 10:14:18.925]   opened serial level db persister         [0;36mpath[0m = TestOnly-Epoch_551/Shard_0/id [0;36mcreated pointer[0m = 0xc000664380 [0;36mglobal db counter[0m = 3 [0;36mNewSerialDB[0m = 0.0028s [0;36mmkdirAll[0m = 0.0002s [0;36mopenLevelDB[0m = 0.0026s 
[0;36mDEBUG[0m[2026-03-16 10:14:18.925]   PruningStorer.processPersistersToClose   [0;36mepochs to close[0m = [549] [0;36mbefore process[0m = [551 550 549] [0;36mafter process[0m = [551 550] 
[0;36mDEBUG[0m[2026-03-16 10:14:18.926]   makeDbPointerNilReturningLast            [0;36mpath[0m = TestOnly-Epoch_549/Shard_0/id [0;36mnilled pointer[0m = 0xc000684000 [0;36mglobal db counter[0m = 2 
[0;36mDEBUG[0m[2026-03-16 10:14:18.926]   processLoop - closing the leveldb process loop [0;36mpath[0m = TestOnly-Epoch_549/Shard_0/id 
[0;36mDEBUG[0m[2026-03-16 10:14:18.926]   batchTimeoutHandle - closing             [0;36mpath[0m = TestOnly-Epoch_549/Shard_0/id 
[0;36mDEBUG[0m[2026-03-16 10:14:18.927]   PruningStorer - change epoch             [0;36munit[0m = id [0;36mepoch[0m = 552 [0;36mbytes in cache[0m = 0 
[0;36mDEBUG[0m[2026-03-16 10:14:18.929]   opened serial level db persister         [0;36mpath[0m = TestOnly-Epoch_552/Shard_0/id [0;36mcreated pointer[0m = 0xc000684a80 [0;36mglobal db counter[0m = 3 [0;36mNewSerialDB[0m = 0.0024s [0;36mmkdirAll[0m = 0.0002s [0;36mopenLevelDB[0m = 0.0023s 
[0;36mDEBUG[0m[2026-03-16 10:14:18.929]   PruningStorer.processPersistersToClose   [0;36mepochs to close[0m = [550] [0;36mbefore process[0m = [552 551 550] [0;36mafter process[0m = [552 551] 
[0;36mDEBUG[0m[2026-03-16 10:14:18.930]   makeDbPointerNilReturningLast            [0;36mpath[0m = TestOnly-Epoch_550/Shard_0/id [0;36mnilled pointer[0m = 0xc000664000 [0;36mglobal db counter[0m = 2 
[0;36mDEBUG[0m[2026-03-16 10:14:18.930]   processLoop - closing the leveldb process loop [0;36mpath[0m = TestOnly-Epoch_550/Shard_0/id 
[0;36mDEBUG[0m[2026-03-16 10:14:18.930]   batchTimeoutHandle - closing             [0;36mpath[0m = TestOnly-Epoch_550/Shard_0/id 
[0;36mDEBUG[0m[2026-03-16 10:14:18.931]   PruningStorer - change epoch             [0;36munit[0m = id [0;36mepoch[0m = 553 [0;36mbytes in cache[0m = 0 
[0;36mDEBUG[0m[2026-03-16 10:14:18.934]   opened serial level db persister         [0;36mpath[0m = TestOnly-Epoch_553/Shard_0/id [0;36mcreated pointer[0m = 0xc00058ae00 [0;36mglobal db counter[0m = 3 [0;36mNewSerialDB[0m = 0.0025s [0;36mmkdirAll[0m = 0.0001s [0;36mopenLevelDB[0m = 0.0023s 
[0;36mDEBUG[0m[2026-03-16 10:14:18.934]   PruningStorer.processPersistersToClose   [0;36mepochs to close[0m = [551] [0;36mbefore process[0m = [553 552 551] [0;36mafter process[0m = [553 552] 
[0;36mDEBUG[0m[2026-03-16 10:14:18.934]   makeDbPointerNilReturningLast            [0;36mpath[0m = TestOnly-Epoch_551/Shard_0/id [0;36mnilled pointer[0m = 0xc000664380 [0;36mglobal db counter[0m = 2 
[0;36mDEBUG[0m[2026-03-16 10:14:18.934]   processLoop - closing the leveldb process loop [0;36mpath[0m = TestOnly-Epoch_551/Shard_0/id 
[0;36mDEBUG[0m[2026-03-16 10:14:18.934]   batchTimeoutHandle - closing             [0;36mpath[0m = TestOnly-Epoch_551/Shard_0/id 
[0;36mDEBUG[0m[2026-03-16 10:14:18.938]   PruningStorer - change epoch             [0;36munit[0m = id [0;36mepoch[0m = 554 [0;36mbytes in cache[0m = 0 
[0;36mDEBUG[0m[2026-03-16 10:14:18.941]   opened serial level db persister         [0;36mpath[0m = TestOnly-Epoch_554/Shard_0/id [0;36mcreated pointer[0m = 0xc00058b180 [0;36mglobal db counter[0m = 3 [0;36mNewSerialDB[0m = 0.0028s [0;36mmkdirAll[0m = 0.0002s [0;36mopenLevelDB[0m = 0.0026s 
[0;36mDEBUG[0m[2026-03-16 10:14:18.941]   PruningStorer.processPersistersToClose   [0;36mepochs to close[0m = [552] [0;36mbefore process[0m = [554 553 552] [0;36mafter process[0m = [554 553] 
[0;36mDEBUG[0m[2026-03-16 10:14:18.941]   processLoop - closing the leveldb process loop [0;36mpath[0m = TestOnly-Epoch_552/Shard_0/id 
[0;36mDEBUG[0m[2026-03-16 10:14:18.941]   makeDbPointerNilReturningLast            [0;36mpath[0m = TestOnly-Epoch_552/Shard_0/id [0;36mnilled pointer[0m = 0xc000684a80 [0;36mglobal db counter[0m = 2 
[0;36mDEBUG[0m[2026-03-16 10:14:18.941]   batchTimeoutHandle - closing             [0;36mpath[0m = TestOnly-Epoch_552/Shard_0/id 
[0;36mDEBUG[0m[2026-03-16 10:14:18.943]   PruningStorer - change epoch             [0;36munit[0m = id [0;36mepoch[0m = 555 [0;36mbytes in cache[0m = 0 
[0;36mDEBUG[0m[2026-03-16 10:14:18.946]   opened serial level db persister         [0;36mpath[0m = TestOnly-Epoch_555/Shard_0/id [0;36mcreated pointer[0m = 0xc00058b340 [0;36mglobal db counter[0m = 3 [0;36mNewSerialDB[0m = 0.0029s [0;36mmkdirAll[0m = 0.0001s [0;36mopenLevelDB[0m = 0.0028s 
[0;36mDEBUG[0m[2026-03-16 10:14:18.946]   PruningStorer.processPersistersToClose   [0;36mepochs to close[0m = [553] [0;36mbefore process[0m = [555 554 553] [0;36mafter process[0m = [555 554] 
[0;36mDEBUG[0m[2026-03-16 10:14:18.946]   makeDbPointerNilReturningLast            [0;36mpath[0m = TestOnly-Epoch_553/Shard_0/id [0;36mnilled pointer[0m = 0xc00058ae00 [0;36mglobal db counter[0m = 2 
[0;36mDEBUG[0m[2026-03-16 10:14:18.946]   processLoop - closing the leveldb process loop [0;36mpath[0m = TestOnly-Epoch_553/Shard_0/id 
[0;36mDEBUG[0m[2026-03-16 10:14:18.946]   batchTimeoutHandle - closing             [0;36mpath[0m = TestOnly-Epoch_553/Shard_0/id 
[0;36mDEBUG[0m[2026-03-16 10:14:18.947]   PruningStorer - change epoch             [0;36munit[0m = id [0;36mepoch[0m = 556 [0;36mbytes in cache[0m = 0 
[0;36mDEBUG[0m[2026-03-16 10:14:18.950]   opened serial level db persister         [0;36mpath[0m = TestOnly-Epoch_556/Shard_0/id [0;36mcreated pointer[0m = 0xc000664540 [0;36mglobal db counter[0m = 3 [0;36mNewSerialDB[0m = 0.0025s [0;36mmkdirAll[0m = 0.0001s [0;36mopenLevelDB[0m = 0.0024s 
[0;36mDEBUG[0m[2026-03-16 10:14:18.950]   PruningStorer.processPersistersToClose   [0;36mepochs to close[0m = [554] [0;36mbefore process[0m = [556 555 554] [0;36mafter process[0m = [556 555] 
[0;36mDEBUG[0m[2026-03-16 10:14:18.950]   makeDbPointerNilReturningLast            [0;36mpath[0m = TestOnly-Epoch_554/Shard_0/id [0;36mnilled pointer[0m = 0xc00058b180 [0;36mglobal db counter[0m = 2 
[0;36mDEBUG[0m[2026-03-16 10:14:18.950]   processLoop - closing the leveldb process loop [0;36mpath[0m = TestOnly-Epoch_554/Shard_0/id 
[0;36mDEBUG[0m[2026-03-16 10:14:18.950]   batchTimeoutHandle - closing             [0;36mpath[0m = TestOnly-Epoch_554/Shard_0/id 
[0;36mDEBUG[0m[2026-03-16 10:14:18.951]   PruningStorer - change epoch             [0;36munit[0m = id [0;36mepoch[0m = 557 [0;36mbytes in cache[0m = 0 
[0;36mDEBUG[0m[2026-03-16 10:14:18.954]   opened serial level db persister         [0;36mpath[0m = TestOnly-Epoch_557/Shard_0/id [0;36mcreated pointer[0m = 0xc000684700 [0;36mglobal db counter[0m = 3 [0;36mNewSerialDB[0m = 0.0024s [0;36mmkdirAll[0m = 0.0002s [0;36mopenLevelDB[0m = 0.0022s 
[0;36mDEBUG[0m[2026-03-16 10:14:18.954]   PruningStorer.processPersistersToClose   [0;36mepochs to close[0m = [555] [0;36mbefore process[0m = [557 556 555] [0;36mafter process[0m = [557 556] 
[0;36mDEBUG[0m[2026-03-16 10:14:18.954]   makeDbPointerNilReturningLast            [0;36mpath[0m = TestOnly-Epoch_555/Shard_0/id [0;36mnilled pointer[0m = 0xc00058b340 [0;36mglobal db counter[0m = 2 
[0;36mDEBUG[0m[2026-03-16 10:14:18.954]   processLoop - closing the leveldb process loop [0;36mpath[0m = TestOnly-Epoch_555/Shard_0/id 
[0;36mDEBUG[0m[2026-03-16 10:14:18.954]   batchTimeoutHandle - closing             [0;36mpath[0m = TestOnly-Epoch_555/Shard_0/id 
[0;36mDEBUG[0m[2026-03-16 10:14:18.956]   PruningStorer - change epoch             [0;36munit[0m = id [0;36mepoch[0m = 558 [0;36mbytes in cache[0m = 0 
[0;36mDEBUG[0m[2026-03-16 10:14:18.959]   opened serial level db persister         [0;36mpath[0m = TestOnly-Epoch_558/Shard_0/id [0;36mcreated pointer[0m = 0xc0006648c0 [0;36mglobal db counter[0m = 3 [0;36mNewSerialDB[0m = 0.0030s [0;36mmkdirAll[0m = 0.0001s [0;36mopenLevelDB[0m = 0.0028s 
[0;36mDEBUG[0m[2026-03-16 10:14:18.959]   PruningStorer.processPersistersToClose   [0;36mepochs to close[0m = [556] [0;36mbefore process[0m = [558 557 556] [0;36mafter process[0m = [558 557] 
[0;36mDEBUG[0m[2026-03-16 10:14:18.959]   makeDbPointerNilReturningLast            [0;36mpath[0m = TestOnly-Epoch_556/Shard_0/id [0;36mnilled pointer[0m = 0xc000664540 [0;36mglobal db counter[0m = 2 
[0;36mDEBUG[0m[2026-03-16 10:14:18.959]   processLoop - closing the leveldb process loop [0;36mpath[0m = TestOnly-Epoch_556/Shard_0/id 
[0;36mDEBUG[0m[2026-03-16 10:14:18.959]   batchTimeoutHandle - closing             [0;36mpath[0m = TestOnly-Epoch_556/Shard_0/id 
[0;36mDEBUG[0m[2026-03-16 10:14:18.961]   PruningStorer - change epoch             [0;36munit[0m = id [0;36mepoch[0m = 559 [0;36mbytes in cache[0m = 0 
[0;36mDEBUG[0m[2026-03-16 10:14:18.964]   opened serial level db persister         [0;36mpath[0m = TestOnly-Epoch_559/Shard_0/id [0;36mcreated pointer[0m = 0xc000664a80 [0;36mglobal db counter[0m = 3 [0;36mNewSerialDB[0m = 0.0026s [0;36mmkdirAll[0m = 0.0002s [0;36mopenLevelDB[0m = 0.0025s 
[0;36mDEBUG[0m[2026-03-16 10:14:18.964]   PruningStorer.processPersistersToClose   [0;36mepochs to close[0m = [557] [0;36mbefore process[0m = [559 558 557] [0;36mafter process[0m = [559 558] 
[0;36mDEBUG[0m[2026-03-16 10:14:18.964]   makeDbPointerNilReturningLast            [0;36mpath[0m = TestOnly-Epoch_557/Shard_0/id [0;36mnilled pointer[0m = 0xc000684700 [0;36mglobal db counter[0m = 2 
[0;36mDEBUG[0m[2026-03-16 10:14:18.964]   processLoop - closing the leveldb process loop [0;36mpath[0m = TestOnly-Epoch_557/Shard_0/id 
[0;36mDEBUG[0m[2026-03-16 10:14:18.964]   batchTimeoutHandle - closing             [0;36mpath[0m = TestOnly-Epoch_557/Shard_0/id 
[0;36mDEBUG[0m[2026-03-16 10:14:18.965]   PruningStorer - change epoch             [0;36munit[0m = id [0;36mepoch[0m = 560 [0;36mbytes in cache[0m = 0 
[0;36mDEBUG[0m[2026-03-16 10:14:18.968]   opened serial level db persister         [0;36mpath[0m = TestOnly-Epoch_560/Shard_0/id [0;36mcreated pointer[0m = 0xc000684c40 [0;36mglobal db counter[0m = 3 [0;36mNewSerialDB[0m = 0.0023s [0;36mmkdirAll[0m = 0.0001s [0;36mopenLevelDB[0m = 0.0022s 
[0;36mDEBUG[0m[2026-03-16 10:14:18.968]   PruningStorer.processPersistersToClose   [0;36mepochs to close[0m = [558] [0;36mbefore process[0m = [560 559 558] [0;36mafter process[0m = [560 559] 
[0;36mDEBUG[0m[2026-03-16 10:14:18.968]   makeDbPointerNilReturningLast            [0;36mpath[0m = TestOnly-Epoch_558/Shard_0/id [0;36mnilled pointer[0m = 0xc0006648c0 [0;36mglobal db counter[0m = 2 
[0;36mDEBUG[0m[2026-03-16 10:14:18.968]   processLoop - closing the leveldb process loop [0;36mpath[0m = TestOnly-Epoch_558/Shard_0/id 
[0;36mDEBUG[0m[2026-03-16 10:14:18.968]   batchTimeoutHandle - closing             [0;36mpath[0m = TestOnly-Epoch_558/Shard_0/id 
[0;36mDEBUG[0m[2026-03-16 10:14:18.969]   PruningStorer - change epoch             [0;36munit[0m = id [0;36mepoch[0m = 561 [0;36mbytes in cache[0m = 0 
[0;36mDEBUG[0m[2026-03-16 10:14:18.972]   opened serial level db persister         [0;36mpath[0m = TestOnly-Epoch_561/Shard_0/id [0;36mcreated pointer[0m = 0xc000664e00 [0;36mglobal db counter[0m = 3 [0;36mNewSerialDB[0m = 0.0027s [0;36mmkdirAll[0m = 0.0002s [0;36mopenLevelDB[0m = 0.0026s 
[0;36mDEBUG[0m[2026-03-16 10:14:18.972]   PruningStorer.processPersistersToClose   [0;36mepochs to close[0m = [559] [0;36mbefore process[0m = [561 560 559] [0;36mafter process[0m = [561 560] 
[0;36mDEBUG[0m[2026-03-16 10:14:18.973]   makeDbPointerNilReturningLast            [0;36mpath[0m = TestOnly-Epoch_559/Shard_0/id [0;36mnilled pointer[0m = 0xc000664a80 [0;36mglobal db counter[0m = 2 
[0;36mDEBUG[0m[2026-03-16 10:14:18.973]   processLoop - closing the leveldb process loop [0;36mpath[0m = TestOnly-Epoch_559/Shard_0/id 
[0;36mDEBUG[0m[2026-03-16 10:14:18.973]   batchTimeoutHandle - closing             [0;36mpath[0m = TestOnly-Epoch_559/Shard_0/id 
[0;36mDEBUG[0m[2026-03-16 10:14:18.975]   PruningStorer - change epoch             [0;36munit[0m = id [0;36mepoch[0m = 562 [0;36mbytes in cache[0m = 0 
[0;36mDEBUG[0m[2026-03-16 10:14:18.978]   opened serial level db persister         [0;36mpath[0m = TestOnly-Epoch_562/Shard_0/id [0;36mcreated pointer[0m = 0xc000665180 [0;36mglobal db counter[0m = 3 [0;36mNewSerialDB[0m = 0.0034s [0;36mmkdirAll[0m = 0.0002s [0;36mopenLevelDB[0m = 0.0032s 
[0;36mDEBUG[0m[2026-03-16 10:14:18.978]   PruningStorer.processPersistersToClose   [0;36mepochs to close[0m = [560] [0;36mbefore process[0m = [562 561 560] [0;36mafter process[0m = [562 561] 
[0;36mDEBUG[0m[2026-03-16 10:14:18.979]   makeDbPointerNilReturningLast            [0;36mpath[0m = TestOnly-Epoch_560/Shard_0/id [0;36mnilled pointer[0m = 0xc000684c40 [0;36mglobal db counter[0m = 2 
[0;36mDEBUG[0m[2026-03-16 10:14:18.979]   processLoop - closing the leveldb process loop [0;36mpath[0m = TestOnly-Epoch_560/Shard_0/id 
[0;36mDEBUG[0m[2026-03-16 10:14:18.979]   batchTimeoutHandle - closing             [0;36mpath[0m = TestOnly-Epoch_560/Shard_0/id 
[0;36mDEBUG[0m[2026-03-16 10:14:18.980]   PruningStorer - change epoch             [0;36munit[0m = id [0;36mepoch[0m = 563 [0;36mbytes in cache[0m = 0 
[0;36mDEBUG[0m[2026-03-16 10:14:18.983]   opened serial level db persister         [0;36mpath[0m = TestOnly-Epoch_563/Shard_0/id [0;36mcreated pointer[0m = 0xc000684e00 [0;36mglobal db counter[0m = 3 [0;36mNewSerialDB[0m = 0.0027s [0;36mmkdirAll[0m = 0.0001s [0;36mopenLevelDB[0m = 0.0025s 
[0;36mDEBUG[0m[2026-03-16 10:14:18.983]   PruningStorer.processPersistersToClose   [0;36mepochs to close[0m = [561] [0;36mbefore process[0m = [563 562 561] [0;36mafter process[0m = [563 562] 
[0;36mDEBUG[0m[2026-03-16 10:14:18.983]   makeDbPointerNilReturningLast            [0;36mpath[0m = TestOnly-Epoch_561/Shard_0/id [0;36mnilled pointer[0m = 0xc000664e00 [0;36mglobal db counter[0m = 2 
[0;36mDEBUG[0m[2026-03-16 10:14:18.983]   processLoop - closing the leveldb process loop [0;36mpath[0m = TestOnly-Epoch_561/Shard_0/id 
[0;36mDEBUG[0m[2026-03-16 10:14:18.983]   batchTimeoutHandle - closing             [0;36mpath[0m = TestOnly-Epoch_561/Shard_0/id 
[0;36mDEBUG[0m[2026-03-16 10:14:18.984]   PruningStorer - change epoch             [0;36munit[0m = id [0;36mepoch[0m = 564 [0;36mbytes in cache[0m = 0 
[0;36mDEBUG[0m[2026-03-16 10:14:18.987]   opened serial level db persister         [0;36mpath[0m = TestOnly-Epoch_564/Shard_0/id [0;36mcreated pointer[0m = 0xc000685500 [0;36mglobal db counter[0m = 3 [0;36mNewSerialDB[0m = 0.0027s [0;36mmkdirAll[0m = 0.0002s [0;36mopenLevelDB[0m = 0.0025s 
[0;36mDEBUG[0m[2026-03-16 10:14:18.987]   PruningStorer.processPersistersToClose   [0;36mepochs to close[0m = [562] [0;36mbefore process[0m = [564 563 562] [0;36mafter process[0m = [564 563] 
[0;36mDEBUG[0m[2026-03-16 10:14:18.987]   makeDbPointerNilReturningLast            [0;36mpath[0m = TestOnly-Epoch_562/Shard_0/id [0;36mnilled pointer[0m = 0xc000665180 [0;36mglobal db counter[0m = 2 
[0;36mDEBUG[0m[2026-03-16 10:14:18.987]   processLoop - closing the leveldb process loop [0;36mpath[0m = TestOnly-Epoch_562/Shard_0/id 
[0;36mDEBUG[0m[2026-03-16 10:14:18.987]   batchTimeoutHandle - closing             [0;36mpath[0m = TestOnly-Epoch_562/Shard_0/id 
[0;36mDEBUG[0m[2026-03-16 10:14:18.989]   PruningStorer - change epoch             [0;36munit[0m = id [0;36mepoch[0m = 565 [0;36mbytes in cache[0m = 0 
[0;36mDEBUG[0m[2026-03-16 10:14:18.992]   opened serial level db persister         [0;36mpath[0m = TestOnly-Epoch_565/Shard_0/id [0;36mcreated pointer[0m = 0xc000664700 [0;36mglobal db counter[0m = 3 [0;36mNewSerialDB[0m = 0.0024s [0;36mmkdirAll[0m = 0.0002s [0;36mopenLevelDB[0m = 0.0022s 
[0;36mDEBUG[0m[2026-03-16 10:14:18.992]   PruningStorer.processPersistersToClose   [0;36mepochs to close[0m = [563] [0;36mbefore process[0m = [565 564 563] [0;36mafter process[0m = [565 564] 
[0;36mDEBUG[0m[2026-03-16 10:14:18.992]   makeDbPointerNilReturningLast            [0;36mpath[0m = TestOnly-Epoch_563/Shard_0/id [0;36mnilled pointer[0m = 0xc000684e00 [0;36mglobal db counter[0m = 2 
[0;36mDEBUG[0m[2026-03-16 10:14:18.992]   processLoop - closing the leveldb process loop [0;36mpath[0m = TestOnly-Epoch_563/Shard_0/id 
[0;36mDEBUG[0m[2026-03-16 10:14:18.992]   batchTimeoutHandle - closing             [0;36mpath[0m = TestOnly-Epoch_563/Shard_0/id 
[0;36mDEBUG[0m[2026-03-16 10:14:18.993]   PruningStorer - change epoch             [0;36munit[0m = id [0;36mepoch[0m = 566 [0;36mbytes in cache[0m = 0 
[0;36mDEBUG[0m[2026-03-16 10:14:18.996]   opened serial level db persister         [0;36mpath[0m = TestOnly-Epoch_566/Shard_0/id [0;36mcreated pointer[0m = 0xc00058a8c0 [0;36mglobal db counter[0m = 3 [0;36mNewSerialDB[0m = 0.0027s [0;36mmkdirAll[0m = 0.0002s [0;36mopenLevelDB[0m = 0.0025s 
[0;36mDEBUG[0m[2026-03-16 10:14:18.996]   PruningStorer.processPersistersToClose   [0;36mepochs to close[0m = [564] [0;36mbefore process[0m = [566 565 564] [0;36mafter process[0m = [566 565] 
[0;36mDEBUG[0m[2026-03-16 10:14:18.997]   makeDbPointerNilReturningLast            [0;36mpath[0m = TestOnly-Epoch_564/Shard_0/id [0;36mnilled pointer[0m = 0xc000685500 [0;36mglobal db counter[0m = 2 
[0;36mDEBUG[0m[2026-03-16 10:14:18.997]   processLoop - closing the leveldb process loop [0;36mpath[0m = TestOnly-Epoch_564/Shard_0/id 
[0;36mDEBUG[0m[2026-03-16 10:14:18.997]   batchTimeoutHandle - closing             [0;36mpath[0m = TestOnly-Epoch_564/Shard_0/id 
[0;36mDEBUG[0m[2026-03-16 10:14:18.998]   PruningStorer - change epoch             [0;36munit[0m = id [0;36mepoch[0m = 567 [0;36mbytes in cache[0m = 0 
[0;36mDEBUG[0m[2026-03-16 10:14:19.000]   opened serial level db persister         [0;36mpath[0m = TestOnly-Epoch_567/Shard_0/id [0;36mcreated pointer[0m = 0xc000664c40 [0;36mglobal db counter[0m = 3 [0;36mNewSerialDB[0m = 0.0021s [0;36mmkdirAll[0m = 0.0001s [0;36mopenLevelDB[0m = 0.0020s 
[0;36mDEBUG[0m[2026-03-16 10:14:19.000]   PruningStorer.processPersistersToClose   [0;36mepochs to close[0m = [565] [0;36mbefore process[0m = [567 566 565] [0;36mafter process[0m = [567 566] 
[0;36mDEBUG[0m[2026-03-16 10:14:19.000]   makeDbPointerNilReturningLast            [0;36mpath[0m = TestOnly-Epoch_565/Shard_0/id [0;36mnilled pointer[0m = 0xc000664700 [0;36mglobal db counter[0m = 2 
[0;36mDEBUG[0m[2026-03-16 10:14:19.000]   processLoop - closing the leveldb process loop [0;36mpath[0m = TestOnly-Epoch_565/Shard_0/id 
[0;36mDEBUG[0m[2026-03-16 10:14:19.000]   batchTimeoutHandle - closing             [0;36mpath[0m = TestOnly-Epoch_565/Shard_0/id 
[0;36mDEBUG[0m[2026-03-16 10:14:19.001]   PruningStorer - change epoch             [0;36munit[0m = id [0;36mepoch[0m = 568 [0;36mbytes in cache[0m = 0 
[0;36mDEBUG[0m[2026-03-16 10:14:19.004]   opened serial level db persister         [0;36mpath[0m = TestOnly-Epoch_568/Shard_0/id [0;36mcreated pointer[0m = 0xc00058b500 [0;36mglobal db counter[0m = 3 [0;36mNewSerialDB[0m = 0.0026s [0;36mmkdirAll[0m = 0.0001s [0;36mopenLevelDB[0m = 0.0024s 
[0;36mDEBUG[0m[2026-03-16 10:14:19.004]   PruningStorer.processPersistersToClose   [0;36mepochs to close[0m = [566] [0;36mbefore process[0m = [568 567 566] [0;36mafter process[0m = [568 567] 
[0;36mDEBUG[0m[2026-03-16 10:14:19.005]   makeDbPointerNilReturningLast            [0;36mpath[0m = TestOnly-Epoch_566/Shard_0/id [0;36mnilled pointer[0m = 0xc00058a8c0 [0;36mglobal db counter[0m = 2 
[0;36mDEBUG[0m[2026-03-16 10:14:19.005]   processLoop - closing the leveldb process loop [0;36mpath[0m = TestOnly-Epoch_566/Shard_0/id 
[0;36mDEBUG[0m[2026-03-16 10:14:19.005]   batchTimeoutHandle - closing             [0;36mpath[0m = TestOnly-Epoch_566/Shard_0/id 
[0;36mDEBUG[0m[2026-03-16 10:14:19.006]   PruningStorer - change epoch             [0;36munit[0m = id [0;36mepoch[0m = 569 [0;36mbytes in cache[0m = 0 
[0;36mDEBUG[0m[2026-03-16 10:14:19.009]   opened serial level db persister         [0;36mpath[0m = TestOnly-Epoch_569/Shard_0/id [0;36mcreated pointer[0m = 0xc000685180 [0;36mglobal db counter[0m = 3 [0;36mNewSerialDB[0m = 0.0034s [0;36mmkdirAll[0m = 0.0002s [0;36mopenLevelDB[0m = 0.0032s 
[0;36mDEBUG[0m[2026-03-16 10:14:19.009]   PruningStorer.processPersistersToClose   [0;36mepochs to close[0m = [567] [0;36mbefore process[0m = [569 568 567] [0;36mafter process[0m = [569 568] 
[0;36mDEBUG[0m[2026-03-16 10:14:19.010]   makeDbPointerNilReturningLast            [0;36mpath[0m = TestOnly-Epoch_567/Shard_0/id [0;36mnilled pointer[0m = 0xc000664c40 [0;36mglobal db counter[0m = 2 
[0;36mDEBUG[0m[2026-03-16 10:14:19.010]   processLoop - closing the leveldb process loop [0;36mpath[0m = TestOnly-Epoch_567/Shard_0/id 
[0;36mDEBUG[0m[2026-03-16 10:14:19.010]   batchTimeoutHandle - closing             [0;36mpath[0m = TestOnly-Epoch_567/Shard_0/id 
[0;36mDEBUG[0m[2026-03-16 10:14:19.011]   PruningStorer - change epoch             [0;36munit[0m = id [0;36mepoch[0m = 570 [0;36mbytes in cache[0m = 0 
[0;36mDEBUG[0m[2026-03-16 10:14:19.014]   opened serial level db persister         [0;36mpath[0m = TestOnly-Epoch_570/Shard_0/id [0;36mcreated pointer[0m = 0xc000580700 [0;36mglobal db counter[0m = 3 [0;36mNewSerialDB[0m = 0.0030s [0;36mmkdirAll[0m = 0.0001s [0;36mopenLevelDB[0m = 0.0029s 
[0;36mDEBUG[0m[2026-03-16 10:14:19.014]   PruningStorer.processPersistersToClose   [0;36mepochs to close[0m = [568] [0;36mbefore process[0m = [570 569 568] [0;36mafter process[0m = [570 569] 
[0;36mDEBUG[0m[2026-03-16 10:14:19.014]   makeDbPointerNilReturningLast            [0;36mpath[0m = TestOnly-Epoch_568/Shard_0/id [0;36mnilled pointer[0m = 0xc00058b500 [0;36mglobal db counter[0m = 2 
[0;36mDEBUG[0m[2026-03-16 10:14:19.014]   processLoop - closing the leveldb process loop [0;36mpath[0m = TestOnly-Epoch_568/Shard_0/id 
[0;36mDEBUG[0m[2026-03-16 10:14:19.014]   batchTimeoutHandle - closing             [0;36mpath[0m = TestOnly-Epoch_568/Shard_0/id 
[0;36mDEBUG[0m[2026-03-16 10:14:19.016]   PruningStorer - change epoch             [0;36munit[0m = id [0;36mepoch[0m = 571 [0;36mbytes in cache[0m = 0 
[0;36mDEBUG[0m[2026-03-16 10:14:19.018]   opened serial level db persister         [0;36mpath[0m = TestOnly-Epoch_571/Shard_0/id [0;36mcreated pointer[0m = 0xc000580a80 [0;36mglobal db counter[0m = 3 [0;36mNewSerialDB[0m = 0.0022s [0;36mmkdirAll[0m = 0.0001s [0;36mopenLevelDB[0m = 0.0021s 
[0;36mDEBUG[0m[2026-03-16 10:14:19.018]   PruningStorer.processPersistersToClose   [0;36mepochs to close[0m = [569] [0;36mbefore process[0m = [571 570 569] [0;36mafter process[0m = [571 570] 
[0;36mDEBUG[0m[2026-03-16 10:14:19.018]   makeDbPointerNilReturningLast            [0;36mpath[0m = TestOnly-Epoch_569/Shard_0/id [0;36mnilled pointer[0m = 0xc000685180 [0;36mglobal db counter[0m = 2 
[0;36mDEBUG[0m[2026-03-16 10:14:19.018]   processLoop - closing the leveldb process loop [0;36mpath[0m = TestOnly-Epoch_569/Shard_0/id 
[0;36mDEBUG[0m[2026-03-16 10:14:19.018]   batchTimeoutHandle - closing             [0;36mpath[0m = TestOnly-Epoch_569/Shard_0/id 
[0;36mDEBUG[0m[2026-03-16 10:14:19.019]   PruningStorer - change epoch             [0;36munit[0m = id [0;36mepoch[0m = 572 [0;36mbytes in cache[0m = 0 
[0;36mDEBUG[0m[2026-03-16 10:14:19.022]   opened serial level db persister         [0;36mpath[0m = TestOnly-Epoch_572/Shard_0/id [0;36mcreated pointer[0m = 0xc00058b6c0 [0;36mglobal db counter[0m = 3 [0;36mNewSerialDB[0m = 0.0024s [0;36mmkdirAll[0m = 0.0002s [0;36mopenLevelDB[0m = 0.0022s 
[0;36mDEBUG[0m[2026-03-16 10:14:19.022]   PruningStorer.processPersistersToClose   [0;36mepochs to close[0m = [570] [0;36mbefore process[0m = [572 571 570] [0;36mafter process[0m = [572 571] 
[0;36mDEBUG[0m[2026-03-16 10:14:19.022]   makeDbPointerNilReturningLast            [0;36mpath[0m = TestOnly-Epoch_570/Shard_0/id [0;36mnilled pointer[0m = 0xc000580700 [0;36mglobal db counter[0m = 2 
[0;36mDEBUG[0m[2026-03-16 10:14:19.022]   processLoop - closing the leveldb process loop [0;36mpath[0m = TestOnly-Epoch_570/Shard_0/id 
[0;36mDEBUG[0m[2026-03-16 10:14:19.022]   batchTimeoutHandle - closing             [0;36mpath[0m = TestOnly-Epoch_570/Shard_0/id 
[0;36mDEBUG[0m[2026-03-16 10:14:19.024]   PruningStorer - change epoch             [0;36munit[0m = id [0;36mepoch[0m = 573 [0;36mbytes in cache[0m = 0 
[0;36mDEBUG[0m[2026-03-16 10:14:19.026]   opened serial level db persister         [0;36mpath[0m = TestOnly-Epoch_573/Shard_0/id [0;36mcreated pointer[0m = 0xc000664fc0 [0;36mglobal db counter[0m = 3 [0;36mNewSerialDB[0m = 0.0023s [0;36mmkdirAll[0m = 0.0002s [0;36mopenLevelDB[0m = 0.0021s 
[0;36mDEBUG[0m[2026-03-16 10:14:19.026]   PruningStorer.processPersistersToClose   [0;36mepochs to close[0m = [571] [0;36mbefore process[0m = [573 572 571] [0;36mafter process[0m = [573 572] 
[0;36mDEBUG[0m[2026-03-16 10:14:19.026]   makeDbPointerNilReturningLast            [0;36mpath[0m = TestOnly-Epoch_571/Shard_0/id [0;36mnilled pointer[0m = 0xc000580a80 [0;36mglobal db counter[0m = 2 
[0;36mDEBUG[0m[2026-03-16 10:14:19.026]   processLoop - closing the leveldb process loop [0;36mpath[0m = TestOnly-Epoch_571/Shard_0/id 
[0;36mDEBUG[0m[2026-03-16 10:14:19.026]   batchTimeoutHandle - closing             [0;36mpath[0m = TestOnly-Epoch_571/Shard_0/id 
[0;36mDEBUG[0m[2026-03-16 10:14:19.027]   PruningStorer - change epoch             [0;36munit[0m = id [0;36mepoch[0m = 574 [0;36mbytes in cache[0m = 0 
[0;36mDEBUG[0m[2026-03-16 10:14:19.030]   opened serial level db persister         [0;36mpath[0m = TestOnly-Epoch_574/Shard_0/id [0;36mcreated pointer[0m = 0xc0002836c0 [0;36mglobal db counter[0m = 3 [0;36mNewSerialDB[0m = 0.0027s [0;36mmkdirAll[0m = 0.0001s [0;36mopenLevelDB[0m = 0.0026s 
[0;36mDEBUG[0m[2026-03-16 10:14:19.030]   PruningStorer.processPersistersToClose   [0;36mepochs to close[0m = [572] [0;36mbefore process[0m = [574 573 572] [0;36mafter process[0m = [574 573] 
[0;36mDEBUG[0m[2026-03-16 10:14:19.031]   makeDbPointerNilReturningLast            [0;36mpath[0m = TestOnly-Epoch_572/Shard_0/id [0;36mnilled pointer[0m = 0xc00058b6c0 [0;36mglobal db counter[0m = 2 
[0;36mDEBUG[0m[2026-03-16 10:14:19.031]   processLoop - closing the leveldb process loop [0;36mpath[0m = TestOnly-Epoch_572/Shard_0/id 
[0;36mDEBUG[0m[2026-03-16 10:14:19.031]   batchTimeoutHandle - closing             [0;36mpath[0m = TestOnly-Epoch_572/Shard_0/id 
[0;36mDEBUG[0m[2026-03-16 10:14:19.032]   PruningStorer - change epoch             [0;36munit[0m = id [0;36mepoch[0m = 575 [0;36mbytes in cache[0m = 0 
[0;36mDEBUG[0m[2026-03-16 10:14:19.035]   opened serial level db persister         [0;36mpath[0m = TestOnly-Epoch_575/Shard_0/id [0;36mcreated pointer[0m = 0xc000665340 [0;36mglobal db counter[0m = 3 [0;36mNewSerialDB[0m = 0.0035s [0;36mmkdirAll[0m = 0.0002s [0;36mopenLevelDB[0m = 0.0033s 
[0;36mDEBUG[0m[2026-03-16 10:14:19.035]   PruningStorer.processPersistersToClose   [0;36mepochs to close[0m = [573] [0;36mbefore process[0m = [575 574 573] [0;36mafter process[0m = [575 574] 
[0;36mDEBUG[0m[2026-03-16 10:14:19.036]   makeDbPointerNilReturningLast            [0;36mpath[0m = TestOnly-Epoch_573/Shard_0/id [0;36mnilled pointer[0m = 0xc000664fc0 [0;36mglobal db counter[0m = 2 
[0;36mDEBUG[0m[2026-03-16 10:14:19.036]   processLoop - closing the leveldb process loop [0;36mpath[0m = TestOnly-Epoch_573/Shard_0/id 
[0;36mDEBUG[0m[2026-03-16 10:14:19.036]   batchTimeoutHandle - closing             [0;36mpath[0m = TestOnly-Epoch_573/Shard_0/id 
[0;36mDEBUG[0m[2026-03-16 10:14:19.038]   PruningStorer - change epoch             [0;36munit[0m = id [0;36mepoch[0m = 576 [0;36mbytes in cache[0m = 0 
[0;36mDEBUG[0m[2026-03-16 10:14:19.041]   opened serial level db persister         [0;36mpath[0m = TestOnly-Epoch_576/Shard_0/id [0;36mcreated pointer[0m = 0xc00058b880 [0;36mglobal db counter[0m = 3 [0;36mNewSerialDB[0m = 0.0033s [0;36mmkdirAll[0m = 0.0002s [0;36mopenLevelDB[0m = 0.0031s 
[0;36mDEBUG[0m[2026-03-16 10:14:19.041]   PruningStorer.processPersistersToClose   [0;36mepochs to close[0m = [574] [0;36mbefore process[0m = [576 575 574] [0;36mafter process[0m = [576 575] 
[0;36mDEBUG[0m[2026-03-16 10:14:19.042]   makeDbPointerNilReturningLast            [0;36mpath[0m = TestOnly-Epoch_574/Shard_0/id [0;36mnilled pointer[0m = 0xc0002836c0 [0;36mglobal db counter[0m = 2 
[0;36mDEBUG[0m[2026-03-16 10:14:19.042]   processLoop - closing the leveldb process loop [0;36mpath[0m = TestOnly-Epoch_574/Shard_0/id 
[0;36mDEBUG[0m[2026-03-16 10:14:19.042]   batchTimeoutHandle - closing             [0;36mpath[0m = TestOnly-Epoch_574/Shard_0/id 
[0;36mDEBUG[0m[2026-03-16 10:14:19.043]   PruningStorer - change epoch             [0;36munit[0m = id [0;36mepoch[0m = 577 [0;36mbytes in cache[0m = 0 
[0;36mDEBUG[0m[2026-03-16 10:14:19.046]   opened serial level db persister         [0;36mpath[0m = TestOnly-Epoch_577/Shard_0/id [0;36mcreated pointer[0m = 0xc00058bc00 [0;36mglobal db counter[0m = 3 [0;36mNewSerialDB[0m = 0.0028s [0;36mmkdirAll[0m = 0.0002s [0;36mopenLevelDB[0m = 0.0025s 
[0;36mDEBUG[0m[2026-03-16 10:14:19.046]   PruningStorer.processPersistersToClose   [0;36mepochs to close[0m = [575] [0;36mbefore process[0m = [577 576 575] [0;36mafter process[0m = [577 576] 
[0;36mDEBUG[0m[2026-03-16 10:14:19.046]   makeDbPointerNilReturningLast            [0;36mpath[0m = TestOnly-Epoch_575/Shard_0/id [0;36mnilled pointer[0m = 0xc000665340 [0;36mglobal db counter[0m = 2 
[0;36mDEBUG[0m[2026-03-16 10:14:19.046]   processLoop - closing the leveldb process loop [0;36mpath[0m = TestOnly-Epoch_575/Shard_0/id 
[0;36mDEBUG[0m[2026-03-16 10:14:19.046]   batchTimeoutHandle - closing             [0;36mpath[0m = TestOnly-Epoch_575/Shard_0/id 
[0;36mDEBUG[0m[2026-03-16 10:14:19.048]   PruningStorer - change epoch             [0;36munit[0m = id [0;36mepoch[0m = 578 [0;36mbytes in cache[0m = 0 
[0;36mDEBUG[0m[2026-03-16 10:14:19.051]   opened serial level db persister         [0;36mpath[0m = TestOnly-Epoch_578/Shard_0/id [0;36mcreated pointer[0m = 0xc0006656c0 [0;36mglobal db counter[0m = 3 [0;36mNewSerialDB[0m = 0.0031s [0;36mmkdirAll[0m = 0.0001s [0;36mopenLevelDB[0m = 0.0030s 
[0;36mDEBUG[0m[2026-03-16 10:14:19.051]   PruningStorer.processPersistersToClose   [0;36mepochs to close[0m = [576] [0;36mbefore process[0m = [578 577 576] [0;36mafter process[0m = [578 577] 
[0;36mDEBUG[0m[2026-03-16 10:14:19.051]   makeDbPointerNilReturningLast            [0;36mpath[0m = TestOnly-Epoch_576/Shard_0/id [0;36mnilled pointer[0m = 0xc00058b880 [0;36mglobal db counter[0m = 2 
[0;36mDEBUG[0m[2026-03-16 10:14:19.051]   processLoop - closing the leveldb process loop [0;36mpath[0m = TestOnly-Epoch_576/Shard_0/id 
[0;36mDEBUG[0m[2026-03-16 10:14:19.051]   batchTimeoutHandle - closing             [0;36mpath[0m = TestOnly-Epoch_576/Shard_0/id 
[0;36mDEBUG[0m[2026-03-16 10:14:19.052]   PruningStorer - change epoch             [0;36munit[0m = id [0;36mepoch[0m = 579 [0;36mbytes in cache[0m = 0 
[0;36mDEBUG[0m[2026-03-16 10:14:19.055]   opened serial level db persister         [0;36mpath[0m = TestOnly-Epoch_579/Shard_0/id [0;36mcreated pointer[0m = 0xc00058ba40 [0;36mglobal db counter[0m = 3 [0;36mNewSerialDB[0m = 0.0025s [0;36mmkdirAll[0m = 0.0001s [0;36mopenLevelDB[0m = 0.0023s 
[0;36mDEBUG[0m[2026-03-16 10:14:19.055]   PruningStorer.processPersistersToClose   [0;36mepochs to close[0m = [577] [0;36mbefore process[0m = [579 578 577] [0;36mafter process[0m = [579 578] 
[0;36mDEBUG[0m[2026-03-16 10:14:19.055]   makeDbPointerNilReturningLast            [0;36mpath[0m = TestOnly-Epoch_577/Shard_0/id [0;36mnilled pointer[0m = 0xc00058bc00 [0;36mglobal db counter[0m = 2 
[0;36mDEBUG[0m[2026-03-16 10:14:19.055]   batchTimeoutHandle - closing             [0;36mpath[0m = TestOnly-Epoch_577/Shard_0/id 
[0;36mDEBUG[0m[2026-03-16 10:14:19.055]   processLoop - closing the leveldb process loop [0;36mpath[0m = TestOnly-Epoch_577/Shard_0/id 
[0;36mDEBUG[0m[2026-03-16 10:14:19.057]   PruningStorer - change epoch             [0;36munit[0m = id [0;36mepoch[0m = 580 [0;36mbytes in cache[0m = 0 
[0;36mDEBUG[0m[2026-03-16 10:14:19.059]   opened serial level db persister         [0;36mpath[0m = TestOnly-Epoch_580/Shard_0/id [0;36mcreated pointer[0m = 0xc000510a80 [0;36mglobal db counter[0m = 3 [0;36mNewSerialDB[0m = 0.0025s [0;36mmkdirAll[0m = 0.0002s [0;36mopenLevelDB[0m = 0.0023s 
[0;36mDEBUG[0m[2026-03-16 10:14:19.059]   PruningStorer.processPersistersToClose   [0;36mepochs to close[0m = [578] [0;36mbefore process[0m = [580 579 578] [0;36mafter process[0m = [580 579] 
[0;36mDEBUG[0m[2026-03-16 10:14:19.060]   makeDbPointerNilReturningLast            [0;36mpath[0m = TestOnly-Epoch_578/Shard_0/id [0;36mnilled pointer[0m = 0xc0006656c0 [0;36mglobal db counter[0m = 2 
[0;36mDEBUG[0m[2026-03-16 10:14:19.060]   processLoop - closing the leveldb process loop [0;36mpath[0m = TestOnly-Epoch_578/Shard_0/id 
[0;36mDEBUG[0m[2026-03-16 10:14:19.060]   batchTimeoutHandle - closing             [0;36mpath[0m = TestOnly-Epoch_578/Shard_0/id 
[0;36mDEBUG[0m[2026-03-16 10:14:19.061]   PruningStorer - change epoch             [0;36munit[0m = id [0;36mepoch[0m = 581 [0;36mbytes in cache[0m = 0 
[0;36mDEBUG[0m[2026-03-16 10:14:19.063]   opened serial level db persister         [0;36mpath[0m = TestOnly-Epoch_581/Shard_0/id [0;36mcreated pointer[0m = 0xc000327dc0 [0;36mglobal db counter[0m = 3 [0;36mNewSerialDB[0m = 0.0025s [0;36mmkdirAll[0m = 0.0001s [0;36mopenLevelDB[0m = 0.0023s 
[0;36mDEBUG[0m[2026-03-16 10:14:19.063]   PruningStorer.processPersistersToClose   [0;36mepochs to close[0m = [579] [0;36mbefore process[0m = [581 580 579] [0;36mafter process[0m = [581 580] 
[0;36mDEBUG[0m[2026-03-16 10:14:19.064]   makeDbPointerNilReturningLast            [0;36mpath[0m = TestOnly-Epoch_579/Shard_0/id [0;36mnilled pointer[0m = 0xc00058ba40 [0;36mglobal db counter[0m = 2 
[0;36mDEBUG[0m[2026-03-16 10:14:19.064]   processLoop - closing the leveldb process loop [0;36mpath[0m = TestOnly-Epoch_579/Shard_0/id 
[0;36mDEBUG[0m[2026-03-16 10:14:19.064]   batchTimeoutHandle - closing             [0;36mpath[0m = TestOnly-Epoch_579/Shard_0/id 
[0;36mDEBUG[0m[2026-03-16 10:14:19.065]   PruningStorer - change epoch             [0;36munit[0m = id [0;36mepoch[0m = 582 [0;36mbytes in cache[0m = 0 
[0;36mDEBUG[0m[2026-03-16 10:14:19.069]   opened serial level db persister         [0;36mpath[0m = TestOnly-Epoch_582/Shard_0/id [0;36mcreated pointer[0m = 0xc000580fc0 [0;36mglobal db counter[0m = 3 [0;36mNewSerialDB[0m = 0.0039s [0;36mmkdirAll[0m = 0.0002s [0;36mopenLevelDB[0m = 0.0037s 
[0;36mDEBUG[0m[2026-03-16 10:14:19.069]   PruningStorer.processPersistersToClose   [0;36mepochs to close[0m = [580] [0;36mbefore process[0m = [582 581 580] [0;36mafter process[0m = [582 581] 
[0;36mDEBUG[0m[2026-03-16 10:14:19.070]   makeDbPointerNilReturningLast            [0;36mpath[0m = TestOnly-Epoch_580/Shard_0/id [0;36mnilled pointer[0m = 0xc000510a80 [0;36mglobal db counter[0m = 2 
[0;36mDEBUG[0m[2026-03-16 10:14:19.070]   processLoop - closing the leveldb process loop [0;36mpath[0m = TestOnly-Epoch_580/Shard_0/id 
[0;36mDEBUG[0m[2026-03-16 10:14:19.070]   batchTimeoutHandle - closing             [0;36mpath[0m = TestOnly-Epoch_580/Shard_0/id 
[0;36mDEBUG[0m[2026-03-16 10:14:19.071]   PruningStorer - change epoch             [0;36munit[0m = id [0;36mepoch[0m = 583 [0;36mbytes in cache[0m = 0 
[0;36mDEBUG[0m[2026-03-16 10:14:19.074]   opened serial level db persister         [0;36mpath[0m = TestOnly-Epoch_583/Shard_0/id [0;36mcreated pointer[0m = 0xc000665dc0 [0;36mglobal db counter[0m = 3 [0;36mNewSerialDB[0m = 0.0027s [0;36mmkdirAll[0m = 0.0001s [0;36mopenLevelDB[0m = 0.0026s 
[0;36mDEBUG[0m[2026-03-16 10:14:19.074]   PruningStorer.processPersistersToClose   [0;36mepochs to close[0m = [581] [0;36mbefore process[0m = [583 582 581] [0;36mafter process[0m = [583 582] 
[0;36mDEBUG[0m[2026-03-16 10:14:19.074]   makeDbPointerNilReturningLast            [0;36mpath[0m = TestOnly-Epoch_581/Shard_0/id [0;36mnilled pointer[0m = 0xc000327dc0 [0;36mglobal db counter[0m = 2 
[0;36mDEBUG[0m[2026-03-16 10:14:19.074]   processLoop - closing the leveldb process loop [0;36mpath[0m = TestOnly-Epoch_581/Shard_0/id 
[0;36mDEBUG[0m[2026-03-16 10:14:19.074]   batchTimeoutHandle - closing             [0;36mpath[0m = TestOnly-Epoch_581/Shard_0/id 
[0;36mDEBUG[0m[2026-03-16 10:14:19.075]   PruningStorer - change epoch             [0;36munit[0m = id [0;36mepoch[0m = 584 [0;36mbytes in cache[0m = 0 
[0;36mDEBUG[0m[2026-03-16 10:14:19.078]   opened serial level db persister         [0;36mpath[0m = TestOnly-Epoch_584/Shard_0/id [0;36mcreated pointer[0m = 0xc0009761c0 [0;36mglobal db counter[0m = 3 [0;36mNewSerialDB[0m = 0.0025s [0;36mmkdirAll[0m = 0.0002s [0;36mopenLevelDB[0m = 0.0023s 
[0;36mDEBUG[0m[2026-03-16 10:14:19.078]   PruningStorer.processPersistersToClose   [0;36mepochs to close[0m = [582] [0;36mbefore process[0m = [584 583 582] [0;36mafter process[0m = [584 583] 
[0;36mDEBUG[0m[2026-03-16 10:14:19.079]   makeDbPointerNilReturningLast            [0;36mpath[0m = TestOnly-Epoch_582/Shard_0/id [0;36mnilled pointer[0m = 0xc000580fc0 [0;36mglobal db counter[0m = 2 
[0;36mDEBUG[0m[2026-03-16 10:14:19.079]   processLoop - closing the leveldb process loop [0;36mpath[0m = TestOnly-Epoch_582/Shard_0/id 
[0;36mDEBUG[0m[2026-03-16 10:14:19.079]   batchTimeoutHandle - closing             [0;36mpath[0m = TestOnly-Epoch_582/Shard_0/id 
[0;36mDEBUG[0m[2026-03-16 10:14:19.080]   PruningStorer - change epoch             [0;36munit[0m = id [0;36mepoch[0m = 585 [0;36mbytes in cache[0m = 0 
[0;36mDEBUG[0m[2026-03-16 10:14:19.082]   opened serial level db persister         [0;36mpath[0m = TestOnly-Epoch_585/Shard_0/id [0;36mcreated pointer[0m = 0xc0001708c0 [0;36mglobal db counter[0m = 3 [0;36mNewSerialDB[0m = 0.0021s [0;36mmkdirAll[0m = 0.0001s [0;36mopenLevelDB[0m = 0.0020s 
[0;36mDEBUG[0m[2026-03-16 10:14:19.082]   PruningStorer.processPersistersToClose   [0;36mepochs to close[0m = [583] [0;36mbefore process[0m = [585 584 583] [0;36mafter process[0m = [585 584] 
[0;36mDEBUG[0m[2026-03-16 10:14:19.082]   makeDbPointerNilReturningLast            [0;36mpath[0m = TestOnly-Epoch_583/Shard_0/id [0;36mnilled pointer[0m = 0xc000665dc0 [0;36mglobal db counter[0m = 2 
[0;36mDEBUG[0m[2026-03-16 10:14:19.082]   processLoop - closing the leveldb process loop [0;36mpath[0m = TestOnly-Epoch_583/Shard_0/id 
[0;36mDEBUG[0m[2026-03-16 10:14:19.082]   batchTimeoutHandle - closing             [0;36mpath[0m = TestOnly-Epoch_583/Shard_0/id 
[0;36mDEBUG[0m[2026-03-16 10:14:19.083]   PruningStorer - change epoch             [0;36munit[0m = id [0;36mepoch[0m = 586 [0;36mbytes in cache[0m = 0 
[0;36mDEBUG[0m[2026-03-16 10:14:19.086]   opened serial level db persister         [0;36mpath[0m = TestOnly-Epoch_586/Shard_0/id [0;36mcreated pointer[0m = 0xc0005c4a80 [0;36mglobal db counter[0m = 3 [0;36mNewSerialDB[0m = 0.0026s [0;36mmkdirAll[0m = 0.0001s [0;36mopenLevelDB[0m = 0.0025s 
[0;36mDEBUG[0m[2026-03-16 10:14:19.086]   PruningStorer.processPersistersToClose   [0;36mepochs to close[0m = [584] [0;36mbefore process[0m = [586 585 584] [0;36mafter process[0m = [586 585] 
[0;36mDEBUG[0m[2026-03-16 10:14:19.087]   makeDbPointerNilReturningLast            [0;36mpath[0m = TestOnly-Epoch_584/Shard_0/id [0;36mnilled pointer[0m = 0xc0009761c0 [0;36mglobal db counter[0m = 2 
[0;36mDEBUG[0m[2026-03-16 10:14:19.087]   processLoop - closing the leveldb process loop [0;36mpath[0m = TestOnly-Epoch_584/Shard_0/id 
[0;36mDEBUG[0m[2026-03-16 10:14:19.087]   batchTimeoutHandle - closing             [0;36mpath[0m = TestOnly-Epoch_584/Shard_0/id 
[0;36mDEBUG[0m[2026-03-16 10:14:19.088]   PruningStorer - change epoch             [0;36munit[0m = id [0;36mepoch[0m = 587 [0;36mbytes in cache[0m = 0 
[0;36mDEBUG[0m[2026-03-16 10:14:19.090]   opened serial level db persister         [0;36mpath[0m = TestOnly-Epoch_587/Shard_0/id [0;36mcreated pointer[0m = 0xc0005c5180 [0;36mglobal db counter[0m = 3 [0;36mNewSerialDB[0m = 0.0023s [0;36mmkdirAll[0m = 0.0001s [0;36mopenLevelDB[0m = 0.0022s 
[0;36mDEBUG[0m[2026-03-16 10:14:19.090]   PruningStorer.processPersistersToClose   [0;36mepochs to close[0m = [585] [0;36mbefore process[0m = [587 586 585] [0;36mafter process[0m = [587 586] 
[0;36mDEBUG[0m[2026-03-16 10:14:19.091]   makeDbPointerNilReturningLast            [0;36mpath[0m = TestOnly-Epoch_585/Shard_0/id [0;36mnilled pointer[0m = 0xc0001708c0 [0;36mglobal db counter[0m = 2 
[0;36mDEBUG[0m[2026-03-16 10:14:19.091]   processLoop - closing the leveldb process loop [0;36mpath[0m = TestOnly-Epoch_585/Shard_0/id 
[0;36mDEBUG[0m[2026-03-16 10:14:19.091]   batchTimeoutHandle - closing             [0;36mpath[0m = TestOnly-Epoch_585/Shard_0/id 
[0;36mDEBUG[0m[2026-03-16 10:14:19.092]   PruningStorer - change epoch             [0;36munit[0m = id [0;36mepoch[0m = 588 [0;36mbytes in cache[0m = 0 
[0;36mDEBUG[0m[2026-03-16 10:14:19.094]   opened serial level db persister         [0;36mpath[0m = TestOnly-Epoch_588/Shard_0/id [0;36mcreated pointer[0m = 0xc000685c00 [0;36mglobal db counter[0m = 3 [0;36mNewSerialDB[0m = 0.0024s [0;36mmkdirAll[0m = 0.0001s [0;36mopenLevelDB[0m = 0.0023s 
[0;36mDEBUG[0m[2026-03-16 10:14:19.094]   PruningStorer.processPersistersToClose   [0;36mepochs to close[0m = [586] [0;36mbefore process[0m = [588 587 586] [0;36mafter process[0m = [588 587] 
[0;36mDEBUG[0m[2026-03-16 10:14:19.095]   makeDbPointerNilReturningLast            [0;36mpath[0m = TestOnly-Epoch_586/Shard_0/id [0;36mnilled pointer[0m = 0xc0005c4a80 [0;36mglobal db counter[0m = 2 
[0;36mDEBUG[0m[2026-03-16 10:14:19.095]   processLoop - closing the leveldb process loop [0;36mpath[0m = TestOnly-Epoch_586/Shard_0/id 
[0;36mDEBUG[0m[2026-03-16 10:14:19.095]   batchTimeoutHandle - closing             [0;36mpath[0m = TestOnly-Epoch_586/Shard_0/id 
[0;36mDEBUG[0m[2026-03-16 10:14:19.096]   PruningStorer - change epoch             [0;36munit[0m = id [0;36mepoch[0m = 589 [0;36mbytes in cache[0m = 0 
[0;36mDEBUG[0m[2026-03-16 10:14:19.099]   opened serial level db persister         [0;36mpath[0m = TestOnly-Epoch_589/Shard_0/id [0;36mcreated pointer[0m = 0xc000172700 [0;36mglobal db counter[0m = 3 [0;36mNewSerialDB[0m = 0.0029s [0;36mmkdirAll[0m = 0.0001s [0;36mopenLevelDB[0m = 0.0027s 
[0;36mDEBUG[0m[2026-03-16 10:14:19.099]   PruningStorer.processPersistersToClose   [0;36mepochs to close[0m = [587] [0;36mbefore process[0m = [589 588 587] [0;36mafter process[0m = [589 588] 
[0;36mDEBUG[0m[2026-03-16 10:14:19.099]   makeDbPointerNilReturningLast            [0;36mpath[0m = TestOnly-Epoch_587/Shard_0/id [0;36mnilled pointer[0m = 0xc0005c5180 [0;36mglobal db counter[0m = 2 
[0;36mDEBUG[0m[2026-03-16 10:14:19.099]   processLoop - closing the leveldb process loop [0;36mpath[0m = TestOnly-Epoch_587/Shard_0/id 
[0;36mDEBUG[0m[2026-03-16 10:14:19.099]   batchTimeoutHandle - closing             [0;36mpath[0m = TestOnly-Epoch_587/Shard_0/id 
[0;36mDEBUG[0m[2026-03-16 10:14:19.101]   PruningStorer - change epoch             [0;36munit[0m = id [0;36mepoch[0m = 590 [0;36mbytes in cache[0m = 0 
[0;36mDEBUG[0m[2026-03-16 10:14:19.104]   opened serial level db persister         [0;36mpath[0m = TestOnly-Epoch_590/Shard_0/id [0;36mcreated pointer[0m = 0xc00058afc0 [0;36mglobal db counter[0m = 3 [0;36mNewSerialDB[0m = 0.0032s [0;36mmkdirAll[0m = 0.0002s [0;36mopenLevelDB[0m = 0.0030s 
[0;36mDEBUG[0m[2026-03-16 10:14:19.104]   PruningStorer.processPersistersToClose   [0;36mepochs to close[0m = [588] [0;36mbefore process[0m = [590 589 588] [0;36mafter process[0m = [590 589] 
[0;36mDEBUG[0m[2026-03-16 10:14:19.104]   makeDbPointerNilReturningLast            [0;36mpath[0m = TestOnly-Epoch_588/Shard_0/id [0;36mnilled pointer[0m = 0xc000685c00 [0;36mglobal db counter[0m = 2 
[0;36mDEBUG[0m[2026-03-16 10:14:19.104]   processLoop - closing the leveldb process loop [0;36mpath[0m = TestOnly-Epoch_588/Shard_0/id 
[0;36mDEBUG[0m[2026-03-16 10:14:19.104]   batchTimeoutHandle - closing             [0;36mpath[0m = TestOnly-Epoch_588/Shard_0/id 
[0;36mDEBUG[0m[2026-03-16 10:14:19.105]   PruningStorer - change epoch             [0;36munit[0m = id [0;36mepoch[0m = 591 [0;36mbytes in cache[0m = 0 
[0;36mDEBUG[0m[2026-03-16 10:14:19.107]   opened serial level db persister         [0;36mpath[0m = TestOnly-Epoch_591/Shard_0/id [0;36mcreated pointer[0m = 0xc000685880 [0;36mglobal db counter[0m = 3 [0;36mNewSerialDB[0m = 0.0021s [0;36mmkdirAll[0m = 0.0001s [0;36mopenLevelDB[0m = 0.0020s 
[0;36mDEBUG[0m[2026-03-16 10:14:19.107]   PruningStorer.processPersistersToClose   [0;36mepochs to close[0m = [589] [0;36mbefore process[0m = [591 590 589] [0;36mafter process[0m = [591 590] 
[0;36mDEBUG[0m[2026-03-16 10:14:19.108]   makeDbPointerNilReturningLast            [0;36mpath[0m = TestOnly-Epoch_589/Shard_0/id [0;36mnilled pointer[0m = 0xc000172700 [0;36mglobal db counter[0m = 2 
[0;36mDEBUG[0m[2026-03-16 10:14:19.108]   processLoop - closing the leveldb process loop [0;36mpath[0m = TestOnly-Epoch_589/Shard_0/id 
[0;36mDEBUG[0m[2026-03-16 10:14:19.108]   batchTimeoutHandle - closing             [0;36mpath[0m = TestOnly-Epoch_589/Shard_0/id 
[0;36mDEBUG[0m[2026-03-16 10:14:19.109]   PruningStorer - change epoch             [0;36munit[0m = id [0;36mepoch[0m = 592 [0;36mbytes in cache[0m = 0 
[0;36mDEBUG[0m[2026-03-16 10:14:19.111]   opened serial level db persister         [0;36mpath[0m = TestOnly-Epoch_592/Shard_0/id [0;36mcreated pointer[0m = 0xc0005c5500 [0;36mglobal db counter[0m = 3 [0;36mNewSerialDB[0m = 0.0024s [0;36mmkdirAll[0m = 0.0001s [0;36mopenLevelDB[0m = 0.0022s 
[0;36mDEBUG[0m[2026-03-16 10:14:19.111]   PruningStorer.processPersistersToClose   [0;36mepochs to close[0m = [590] [0;36mbefore process[0m = [592 591 590] [0;36mafter process[0m = [592 591] 
[0;36mDEBUG[0m[2026-03-16 10:14:19.112]   makeDbPointerNilReturningLast            [0;36mpath[0m = TestOnly-Epoch_590/Shard_0/id [0;36mnilled pointer[0m = 0xc00058afc0 [0;36mglobal db counter[0m = 2 
[0;36mDEBUG[0m[2026-03-16 10:14:19.112]   processLoop - closing the leveldb process loop [0;36mpath[0m = TestOnly-Epoch_590/Shard_0/id 
[0;36mDEBUG[0m[2026-03-16 10:14:19.112]   batchTimeoutHandle - closing             [0;36mpath[0m = TestOnly-Epoch_590/Shard_0/id 
[0;36mDEBUG[0m[2026-03-16 10:14:19.113]   PruningStorer - change epoch             [0;36munit[0m = id [0;36mepoch[0m = 593 [0;36mbytes in cache[0m = 0 
[0;36mDEBUG[0m[2026-03-16 10:14:19.116]   opened serial level db persister         [0;36mpath[0m = TestOnly-Epoch_593/Shard_0/id [0;36mcreated pointer[0m = 0xc000511340 [0;36mglobal db counter[0m = 3 [0;36mNewSerialDB[0m = 0.0024s [0;36mmkdirAll[0m = 0.0002s [0;36mopenLevelDB[0m = 0.0022s 
[0;36mDEBUG[0m[2026-03-16 10:14:19.116]   PruningStorer.processPersistersToClose   [0;36mepochs to close[0m = [591] [0;36mbefore process[0m = [593 592 591] [0;36mafter process[0m = [593 592] 
[0;36mDEBUG[0m[2026-03-16 10:14:19.116]   makeDbPointerNilReturningLast            [0;36mpath[0m = TestOnly-Epoch_591/Shard_0/id [0;36mnilled pointer[0m = 0xc000685880 [0;36mglobal db counter[0m = 2 
[0;36mDEBUG[0m[2026-03-16 10:14:19.116]   processLoop - closing the leveldb process loop [0;36mpath[0m = TestOnly-Epoch_591/Shard_0/id 
[0;36mDEBUG[0m[2026-03-16 10:14:19.116]   batchTimeoutHandle - closing             [0;36mpath[0m = TestOnly-Epoch_591/Shard_0/id 
[0;36mDEBUG[0m[2026-03-16 10:14:19.117]   PruningStorer - change epoch             [0;36munit[0m = id [0;36mepoch[0m = 594 [0;36mbytes in cache[0m = 0 
[0;36mDEBUG[0m[2026-03-16 10:14:19.120]   opened serial level db persister         [0;36mpath[0m = TestOnly-Epoch_594/Shard_0/id [0;36mcreated pointer[0m = 0xc000cfec40 [0;36mglobal db counter[0m = 3 [0;36mNewSerialDB[0m = 0.0027s [0;36mmkdirAll[0m = 0.0003s [0;36mopenLevelDB[0m = 0.0024s 
[0;36mDEBUG[0m[2026-03-16 10:14:19.120]   PruningStorer.processPersistersToClose   [0;36mepochs to close[0m = [592] [0;36mbefore process[0m = [594 593 592] [0;36mafter process[0m = [594 593] 
[0;36mDEBUG[0m[2026-03-16 10:14:19.121]   makeDbPointerNilReturningLast            [0;36mpath[0m = TestOnly-Epoch_592/Shard_0/id [0;36mnilled pointer[0m = 0xc0005c5500 [0;36mglobal db counter[0m = 2 
[0;36mDEBUG[0m[2026-03-16 10:14:19.121]   processLoop - closing the leveldb process loop [0;36mpath[0m = TestOnly-Epoch_592/Shard_0/id 
[0;36mDEBUG[0m[2026-03-16 10:14:19.121]   batchTimeoutHandle - closing             [0;36mpath[0m = TestOnly-Epoch_592/Shard_0/id 
[0;36mDEBUG[0m[2026-03-16 10:14:19.122]   PruningStorer - change epoch             [0;36munit[0m = id [0;36mepoch[0m = 595 [0;36mbytes in cache[0m = 0 
[0;36mDEBUG[0m[2026-03-16 10:14:19.124]   opened serial level db persister         [0;36mpath[0m = TestOnly-Epoch_595/Shard_0/id [0;36mcreated pointer[0m = 0xc0005c5880 [0;36mglobal db counter[0m = 3 [0;36mNewSerialDB[0m = 0.0027s [0;36mmkdirAll[0m = 0.0002s [0;36mopenLevelDB[0m = 0.0025s 
[0;36mDEBUG[0m[2026-03-16 10:14:19.124]   PruningStorer.processPersistersToClose   [0;36mepochs to close[0m = [593] [0;36mbefore process[0m = [595 594 593] [0;36mafter process[0m = [595 594] 
[0;36mDEBUG[0m[2026-03-16 10:14:19.125]   makeDbPointerNilReturningLast            [0;36mpath[0m = TestOnly-Epoch_593/Shard_0/id [0;36mnilled pointer[0m = 0xc000511340 [0;36mglobal db counter[0m = 2 
[0;36mDEBUG[0m[2026-03-16 10:14:19.125]   processLoop - closing the leveldb process loop [0;36mpath[0m = TestOnly-Epoch_593/Shard_0/id 
[0;36mDEBUG[0m[2026-03-16 10:14:19.125]   batchTimeoutHandle - closing             [0;36mpath[0m = TestOnly-Epoch_593/Shard_0/id 
[0;36mDEBUG[0m[2026-03-16 10:14:19.126]   PruningStorer - change epoch             [0;36munit[0m = id [0;36mepoch[0m = 596 [0;36mbytes in cache[0m = 0 
[0;36mDEBUG[0m[2026-03-16 10:14:19.129]   opened serial level db persister         [0;36mpath[0m = TestOnly-Epoch_596/Shard_0/id [0;36mcreated pointer[0m = 0xc000685dc0 [0;36mglobal db counter[0m = 3 [0;36mNewSerialDB[0m = 0.0030s [0;36mmkdirAll[0m = 0.0001s [0;36mopenLevelDB[0m = 0.0028s 
[0;36mDEBUG[0m[2026-03-16 10:14:19.129]   PruningStorer.processPersistersToClose   [0;36mepochs to close[0m = [594] [0;36mbefore process[0m = [596 595 594] [0;36mafter process[0m = [596 595] 
[0;36mDEBUG[0m[2026-03-16 10:14:19.130]   makeDbPointerNilReturningLast            [0;36mpath[0m = TestOnly-Epoch_594/Shard_0/id [0;36mnilled pointer[0m = 0xc000cfec40 [0;36mglobal db counter[0m = 2 
[0;36mDEBUG[0m[2026-03-16 10:14:19.130]   processLoop - closing the leveldb process loop [0;36mpath[0m = TestOnly-Epoch_594/Shard_0/id 
[0;36mDEBUG[0m[2026-03-16 10:14:19.130]   batchTimeoutHandle - closing             [0;36mpath[0m = TestOnly-Epoch_594/Shard_0/id 
[0;36mDEBUG[0m[2026-03-16 10:14:19.131]   PruningStorer - change epoch             [0;36munit[0m = id [0;36mepoch[0m = 597 [0;36mbytes in cache[0m = 0 
[0;36mDEBUG[0m[2026-03-16 10:14:19.134]   opened serial level db persister         [0;36mpath[0m = TestOnly-Epoch_597/Shard_0/id [0;36mcreated pointer[0m = 0xc000172a80 [0;36mglobal db counter[0m = 3 [0;36mNewSerialDB[0m = 0.0026s [0;36mmkdirAll[0m = 0.0001s [0;36mopenLevelDB[0m = 0.0025s 
[0;36mDEBUG[0m[2026-03-16 10:14:19.134]   PruningStorer.processPersistersToClose   [0;36mepochs to close[0m = [595] [0;36mbefore process[0m = [597 596 595] [0;36mafter process[0m = [597 596] 
[0;36mDEBUG[0m[2026-03-16 10:14:19.134]   makeDbPointerNilReturningLast            [0;36mpath[0m = TestOnly-Epoch_595/Shard_0/id [0;36mnilled pointer[0m = 0xc0005c5880 [0;36mglobal db counter[0m = 2 
[0;36mDEBUG[0m[2026-03-16 10:14:19.134]   processLoop - closing the leveldb process loop [0;36mpath[0m = TestOnly-Epoch_595/Shard_0/id 
[0;36mDEBUG[0m[2026-03-16 10:14:19.134]   batchTimeoutHandle - closing             [0;36mpath[0m = TestOnly-Epoch_595/Shard_0/id 
[0;36mDEBUG[0m[2026-03-16 10:14:19.135]   PruningStorer - change epoch             [0;36munit[0m = id [0;36mepoch[0m = 598 [0;36mbytes in cache[0m = 0 
[0;36mDEBUG[0m[2026-03-16 10:14:19.138]   opened serial level db persister         [0;36mpath[0m = TestOnly-Epoch_598/Shard_0/id [0;36mcreated pointer[0m = 0xc000327500 [0;36mglobal db counter[0m = 3 [0;36mNewSerialDB[0m = 0.0026s [0;36mmkdirAll[0m = 0.0002s [0;36mopenLevelDB[0m = 0.0024s 
[0;36mDEBUG[0m[2026-03-16 10:14:19.138]   PruningStorer.processPersistersToClose   [0;36mepochs to close[0m = [596] [0;36mbefore process[0m = [598 597 596] [0;36mafter process[0m = [598 597] 
[0;36mDEBUG[0m[2026-03-16 10:14:19.138]   makeDbPointerNilReturningLast            [0;36mpath[0m = TestOnly-Epoch_596/Shard_0/id [0;36mnilled pointer[0m = 0xc000685dc0 [0;36mglobal db counter[0m = 2 
[0;36mDEBUG[0m[2026-03-16 10:14:19.138]   processLoop - closing the leveldb process loop [0;36mpath[0m = TestOnly-Epoch_596/Shard_0/id 
[0;36mDEBUG[0m[2026-03-16 10:14:19.138]   batchTimeoutHandle - closing             [0;36mpath[0m = TestOnly-Epoch_596/Shard_0/id 
[0;36mDEBUG[0m[2026-03-16 10:14:19.139]   PruningStorer - change epoch             [0;36munit[0m = id [0;36mepoch[0m = 599 [0;36mbytes in cache[0m = 0 
[0;36mDEBUG[0m[2026-03-16 10:14:19.142]   opened serial level db persister         [0;36mpath[0m = TestOnly-Epoch_599/Shard_0/id [0;36mcreated pointer[0m = 0xc0005c5a40 [0;36mglobal db counter[0m = 3 [0;36mNewSerialDB[0m = 0.0021s [0;36mmkdirAll[0m = 0.0001s [0;36mopenLevelDB[0m = 0.0020s 
[0;36mDEBUG[0m[2026-03-16 10:14:19.142]   PruningStorer.processPersistersToClose   [0;36mepochs to close[0m = [597] [0;36mbefore process[0m = [599 598 597] [0;36mafter process[0m = [599 598] 
[0;36mDEBUG[0m[2026-03-16 10:14:19.142]   makeDbPointerNilReturningLast            [0;36mpath[0m = TestOnly-Epoch_597/Shard_0/id [0;36mnilled pointer[0m = 0xc000172a80 [0;36mglobal db counter[0m = 2 
[0;36mDEBUG[0m[2026-03-16 10:14:19.142]   processLoop - closing the leveldb process loop [0;36mpath[0m = TestOnly-Epoch_597/Shard_0/id 
[0;36mDEBUG[0m[2026-03-16 10:14:19.142]   batchTimeoutHandle - closing             [0;36mpath[0m = TestOnly-Epoch_597/Shard_0/id 
[0;36mDEBUG[0m[2026-03-16 10:14:19.143]   PruningStorer - change epoch             [0;36munit[0m = id [0;36mepoch[0m = 600 [0;36mbytes in cache[0m = 0 
[0;36mDEBUG[0m[2026-03-16 10:14:19.145]   opened serial level db persister         [0;36mpath[0m = TestOnly-Epoch_600/Shard_0/id [0;36mcreated pointer[0m = 0xc00078e000 [0;36mglobal db counter[0m = 3 [0;36mNewSerialDB[0m = 0.0022s [0;36mmkdirAll[0m = 0.0001s [0;36mopenLevelDB[0m = 0.0021s 
[0;36mDEBUG[0m[2026-03-16 10:14:19.145]   PruningStorer.processPersistersToClose   [0;36mepochs to close[0m = [598] [0;36mbefore process[0m = [600 599 598] [0;36mafter process[0m = [600 599] 
[0;36mDEBUG[0m[2026-03-16 10:14:19.146]   makeDbPointerNilReturningLast            [0;36mpath[0m = TestOnly-Epoch_598/Shard_0/id [0;36mnilled pointer[0m = 0xc000327500 [0;36mglobal db counter[0m = 2 
[0;36mDEBUG[0m[2026-03-16 10:14:19.146]   processLoop - closing the leveldb process loop [0;36mpath[0m = TestOnly-Epoch_598/Shard_0/id 
[0;36mDEBUG[0m[2026-03-16 10:14:19.146]   batchTimeoutHandle - closing             [0;36mpath[0m = TestOnly-Epoch_598/Shard_0/id 
[0;36mDEBUG[0m[2026-03-16 10:14:19.147]   PruningStorer - change epoch             [0;36munit[0m = id [0;36mepoch[0m = 601 [0;36mbytes in cache[0m = 0 
[0;36mDEBUG[0m[2026-03-16 10:14:19.149]   opened serial level db persister         [0;36mpath[0m = TestOnly-Epoch_601/Shard_0/id [0;36mcreated pointer[0m = 0xc000542540 [0;36mglobal db counter[0m = 3 [0;36mNewSerialDB[0m = 0.0022s [0;36mmkdirAll[0m = 0.0001s [0;36mopenLevelDB[0m = 0.0020s 
[0;36mDEBUG[0m[2026-03-16 10:14:19.149]   PruningStorer.processPersistersToClose   [0;36mepochs to close[0m = [599] [0;36mbefore process[0m = [601 600 599] [0;36mafter process[0m = [601 600] 
[0;36mDEBUG[0m[2026-03-16 10:14:19.150]   makeDbPointerNilReturningLast            [0;36mpath[0m = TestOnly-Epoch_599/Shard_0/id [0;36mnilled pointer[0m = 0xc0005c5a40 [0;36mglobal db counter[0m = 2 
[0;36mDEBUG[0m[2026-03-16 10:14:19.150]   processLoop - closing the leveldb process loop [0;36mpath[0m = TestOnly-Epoch_599/Shard_0/id 
[0;36mDEBUG[0m[2026-03-16 10:14:19.150]   batchTimeoutHandle - closing             [0;36mpath[0m = TestOnly-Epoch_599/Shard_0/id 
[0;36mDEBUG[0m[2026-03-16 10:14:19.151]   PruningStorer - change epoch             [0;36munit[0m = id [0;36mepoch[0m = 602 [0;36mbytes in cache[0m = 0 
[0;36mDEBUG[0m[2026-03-16 10:14:19.154]   opened serial level db persister         [0;36mpath[0m = TestOnly-Epoch_602/Shard_0/id [0;36mcreated pointer[0m = 0xc0005c5dc0 [0;36mglobal db counter[0m = 3 [0;36mNewSerialDB[0m = 0.0031s [0;36mmkdirAll[0m = 0.0002s [0;36mopenLevelDB[0m = 0.0029s 
[0;36mDEBUG[0m[2026-03-16 10:14:19.154]   PruningStorer.processPersistersToClose   [0;36mepochs to close[0m = [600] [0;36mbefore process[0m = [602 601 600] [0;36mafter process[0m = [602 601] 
[0;36mDEBUG[0m[2026-03-16 10:14:19.155]   makeDbPointerNilReturningLast            [0;36mpath[0m = TestOnly-Epoch_600/Shard_0/id [0;36mnilled pointer[0m = 0xc00078e000 [0;36mglobal db counter[0m = 2 
[0;36mDEBUG[0m[2026-03-16 10:14:19.155]   processLoop - closing the leveldb process loop [0;36mpath[0m = TestOnly-Epoch_600/Shard_0/id 
[0;36mDEBUG[0m[2026-03-16 10:14:19.155]   batchTimeoutHandle - closing             [0;36mpath[0m = TestOnly-Epoch_600/Shard_0/id 
[0;36mDEBUG[0m[2026-03-16 10:14:19.156]   PruningStorer - change epoch             [0;36munit[0m = id [0;36mepoch[0m = 603 [0;36mbytes in cache[0m = 0 
[0;36mDEBUG[0m[2026-03-16 10:14:19.158]   opened serial level db persister         [0;36mpath[0m = TestOnly-Epoch_603/Shard_0/id [0;36mcreated pointer[0m = 0xc000327180 [0;36mglobal db counter[0m = 3 [0;36mNewSerialDB[0m = 0.0028s [0;36mmkdirAll[0m = 0.0001s [0;36mopenLevelDB[0m = 0.0027s 
[0;36mDEBUG[0m[2026-03-16 10:14:19.158]   PruningStorer.processPersistersToClose   [0;36mepochs to close[0m = [601] [0;36mbefore process[0m = [603 602 601] [0;36mafter process[0m = [603 602] 
[0;36mDEBUG[0m[2026-03-16 10:14:19.159]   makeDbPointerNilReturningLast            [0;36mpath[0m = TestOnly-Epoch_601/Shard_0/id [0;36mnilled pointer[0m = 0xc000542540 [0;36mglobal db counter[0m = 2 
[0;36mDEBUG[0m[2026-03-16 10:14:19.159]   processLoop - closing the leveldb process loop [0;36mpath[0m = TestOnly-Epoch_601/Shard_0/id 
[0;36mDEBUG[0m[2026-03-16 10:14:19.159]   batchTimeoutHandle - closing             [0;36mpath[0m = TestOnly-Epoch_601/Shard_0/id 
[0;36mDEBUG[0m[2026-03-16 10:14:19.160]   PruningStorer - change epoch             [0;36munit[0m = id [0;36mepoch[0m = 604 [0;36mbytes in cache[0m = 0 
[0;36mDEBUG[0m[2026-03-16 10:14:19.162]   opened serial level db persister         [0;36mpath[0m = TestOnly-Epoch_604/Shard_0/id [0;36mcreated pointer[0m = 0xc0001608c0 [0;36mglobal db counter[0m = 3 [0;36mNewSerialDB[0m = 0.0021s [0;36mmkdirAll[0m = 0.0001s [0;36mopenLevelDB[0m = 0.0020s 
[0;36mDEBUG[0m[2026-03-16 10:14:19.162]   PruningStorer.processPersistersToClose   [0;36mepochs to close[0m = [602] [0;36mbefore process[0m = [604 603 602] [0;36mafter process[0m = [604 603] 
[0;36mDEBUG[0m[2026-03-16 10:14:19.163]   makeDbPointerNilReturningLast            [0;36mpath[0m = TestOnly-Epoch_602/Shard_0/id [0;36mnilled pointer[0m = 0xc0005c5dc0 [0;36mglobal db counter[0m = 2 
[0;36mDEBUG[0m[2026-03-16 10:14:19.163]   processLoop - closing the leveldb process loop [0;36mpath[0m = TestOnly-Epoch_602/Shard_0/id 
[0;36mDEBUG[0m[2026-03-16 10:14:19.163]   batchTimeoutHandle - closing             [0;36mpath[0m = TestOnly-Epoch_602/Shard_0/id 
[0;36mDEBUG[0m[2026-03-16 10:14:19.164]   PruningStorer - change epoch             [0;36munit[0m = id [0;36mepoch[0m = 605 [0;36mbytes in cache[0m = 0 
[0;36mDEBUG[0m[2026-03-16 10:14:19.166]   opened serial level db persister         [0;36mpath[0m = TestOnly-Epoch_605/Shard_0/id [0;36mcreated pointer[0m = 0xc0005116c0 [0;36mglobal db counter[0m = 3 [0;36mNewSerialDB[0m = 0.0024s [0;36mmkdirAll[0m = 0.0002s [0;36mopenLevelDB[0m = 0.0022s 
[0;36mDEBUG[0m[2026-03-16 10:14:19.166]   PruningStorer.processPersistersToClose   [0;36mepochs to close[0m = [603] [0;36mbefore process[0m = [605 604 603] [0;36mafter process[0m = [605 604] 
[0;36mDEBUG[0m[2026-03-16 10:14:19.167]   makeDbPointerNilReturningLast            [0;36mpath[0m = TestOnly-Epoch_603/Shard_0/id [0;36mnilled pointer[0m = 0xc000327180 [0;36mglobal db counter[0m = 2 
[0;36mDEBUG[0m[2026-03-16 10:14:19.167]   processLoop - closing the leveldb process loop [0;36mpath[0m = TestOnly-Epoch_603/Shard_0/id 
[0;36mDEBUG[0m[2026-03-16 10:14:19.167]   batchTimeoutHandle - closing             [0;36mpath[0m = TestOnly-Epoch_603/Shard_0/id 
[0;36mDEBUG[0m[2026-03-16 10:14:19.168]   PruningStorer - change epoch             [0;36munit[0m = id [0;36mepoch[0m = 606 [0;36mbytes in cache[0m = 0 
[0;36mDEBUG[0m[2026-03-16 10:14:19.171]   opened serial level db persister         [0;36mpath[0m = TestOnly-Epoch_606/Shard_0/id [0;36mcreated pointer[0m = 0xc000685a40 [0;36mglobal db counter[0m = 3 [0;36mNewSerialDB[0m = 0.0027s [0;36mmkdirAll[0m = 0.0001s [0;36mopenLevelDB[0m = 0.0026s 
[0;36mDEBUG[0m[2026-03-16 10:14:19.171]   PruningStorer.processPersistersToClose   [0;36mepochs to close[0m = [604] [0;36mbefore process[0m = [606 605 604] [0;36mafter process[0m = [606 605] 
[0;36mDEBUG[0m[2026-03-16 10:14:19.171]   makeDbPointerNilReturningLast            [0;36mpath[0m = TestOnly-Epoch_604/Shard_0/id [0;36mnilled pointer[0m = 0xc0001608c0 [0;36mglobal db counter[0m = 2 
[0;36mDEBUG[0m[2026-03-16 10:14:19.171]   processLoop - closing the leveldb process loop [0;36mpath[0m = TestOnly-Epoch_604/Shard_0/id 
[0;36mDEBUG[0m[2026-03-16 10:14:19.171]   batchTimeoutHandle - closing             [0;36mpath[0m = TestOnly-Epoch_604/Shard_0/id 
[0;36mDEBUG[0m[2026-03-16 10:14:19.172]   PruningStorer - change epoch             [0;36munit[0m = id [0;36mepoch[0m = 607 [0;36mbytes in cache[0m = 0 
[0;36mDEBUG[0m[2026-03-16 10:14:19.175]   opened serial level db persister         [0;36mpath[0m = TestOnly-Epoch_607/Shard_0/id [0;36mcreated pointer[0m = 0xc00073ee00 [0;36mglobal db counter[0m = 3 [0;36mNewSerialDB[0m = 0.0023s [0;36mmkdirAll[0m = 0.0001s [0;36mopenLevelDB[0m = 0.0021s 
[0;36mDEBUG[0m[2026-03-16 10:14:19.175]   PruningStorer.processPersistersToClose   [0;36mepochs to close[0m = [605] [0;36mbefore process[0m = [607 606 605] [0;36mafter process[0m = [607 606] 
[0;36mDEBUG[0m[2026-03-16 10:14:19.175]   makeDbPointerNilReturningLast            [0;36mpath[0m = TestOnly-Epoch_605/Shard_0/id [0;36mnilled pointer[0m = 0xc0005116c0 [0;36mglobal db counter[0m = 2 
[0;36mDEBUG[0m[2026-03-16 10:14:19.175]   processLoop - closing the leveldb process loop [0;36mpath[0m = TestOnly-Epoch_605/Shard_0/id 
[0;36mDEBUG[0m[2026-03-16 10:14:19.175]   batchTimeoutHandle - closing             [0;36mpath[0m = TestOnly-Epoch_605/Shard_0/id 
[0;36mDEBUG[0m[2026-03-16 10:14:19.176]   PruningStorer - change epoch             [0;36munit[0m = id [0;36mepoch[0m = 608 [0;36mbytes in cache[0m = 0 
[0;36mDEBUG[0m[2026-03-16 10:14:19.179]   opened serial level db persister         [0;36mpath[0m = TestOnly-Epoch_608/Shard_0/id [0;36mcreated pointer[0m = 0xc0005c4c40 [0;36mglobal db counter[0m = 3 [0;36mNewSerialDB[0m = 0.0025s [0;36mmkdirAll[0m = 0.0001s [0;36mopenLevelDB[0m = 0.0023s 
[0;36mDEBUG[0m[2026-03-16 10:14:19.179]   PruningStorer.processPersistersToClose   [0;36mepochs to close[0m = [606] [0;36mbefore process[0m = [608 607 606] [0;36mafter process[0m = [608 607] 
[0;36mDEBUG[0m[2026-03-16 10:14:19.180]   makeDbPointerNilReturningLast            [0;36mpath[0m = TestOnly-Epoch_606/Shard_0/id [0;36mnilled pointer[0m = 0xc000685a40 [0;36mglobal db counter[0m = 2 
[0;36mDEBUG[0m[2026-03-16 10:14:19.180]   processLoop - closing the leveldb process loop [0;36mpath[0m = TestOnly-Epoch_606/Shard_0/id 
[0;36mDEBUG[0m[2026-03-16 10:14:19.180]   batchTimeoutHandle - closing             [0;36mpath[0m = TestOnly-Epoch_606/Shard_0/id 
[0;36mDEBUG[0m[2026-03-16 10:14:19.181]   PruningStorer - change epoch             [0;36munit[0m = id [0;36mepoch[0m = 609 [0;36mbytes in cache[0m = 0 
[0;36mDEBUG[0m[2026-03-16 10:14:19.183]   opened serial level db persister         [0;36mpath[0m = TestOnly-Epoch_609/Shard_0/id [0;36mcreated pointer[0m = 0xc000a0a700 [0;36mglobal db counter[0m = 3 [0;36mNewSerialDB[0m = 0.0028s [0;36mmkdirAll[0m = 0.0001s [0;36mopenLevelDB[0m = 0.0027s 
[0;36mDEBUG[0m[2026-03-16 10:14:19.183]   PruningStorer.processPersistersToClose   [0;36mepochs to close[0m = [607] [0;36mbefore process[0m = [609 608 607] [0;36mafter process[0m = [609 608] 
[0;36mDEBUG[0m[2026-03-16 10:14:19.184]   makeDbPointerNilReturningLast            [0;36mpath[0m = TestOnly-Epoch_607/Shard_0/id [0;36mnilled pointer[0m = 0xc00073ee00 [0;36mglobal db counter[0m = 2 
[0;36mDEBUG[0m[2026-03-16 10:14:19.184]   processLoop - closing the leveldb process loop [0;36mpath[0m = TestOnly-Epoch_607/Shard_0/id 
[0;36mDEBUG[0m[2026-03-16 10:14:19.184]   batchTimeoutHandle - closing             [0;36mpath[0m = TestOnly-Epoch_607/Shard_0/id 
[0;36mDEBUG[0m[2026-03-16 10:14:19.185]   PruningStorer - change epoch             [0;36munit[0m = id [0;36mepoch[0m = 610 [0;36mbytes in cache[0m = 0 
[0;36mDEBUG[0m[2026-03-16 10:14:19.188]   opened serial level db persister         [0;36mpath[0m = TestOnly-Epoch_610/Shard_0/id [0;36mcreated pointer[0m = 0xc000513a40 [0;36mglobal db counter[0m = 3 [0;36mNewSerialDB[0m = 0.0031s [0;36mmkdirAll[0m = 0.0002s [0;36mopenLevelDB[0m = 0.0030s 
[0;36mDEBUG[0m[2026-03-16 10:14:19.188]   PruningStorer.processPersistersToClose   [0;36mepochs to close[0m = [608] [0;36mbefore process[0m = [610 609 608] [0;36mafter process[0m = [610 609] 
[0;36mDEBUG[0m[2026-03-16 10:14:19.189]   makeDbPointerNilReturningLast            [0;36mpath[0m = TestOnly-Epoch_608/Shard_0/id [0;36mnilled pointer[0m = 0xc0005c4c40 [0;36mglobal db counter[0m = 2 
[0;36mDEBUG[0m[2026-03-16 10:14:19.189]   processLoop - closing the leveldb process loop [0;36mpath[0m = TestOnly-Epoch_608/Shard_0/id 
[0;36mDEBUG[0m[2026-03-16 10:14:19.189]   batchTimeoutHandle - closing             [0;36mpath[0m = TestOnly-Epoch_608/Shard_0/id 
[0;36mDEBUG[0m[2026-03-16 10:14:19.190]   PruningStorer - change epoch             [0;36munit[0m = id [0;36mepoch[0m = 611 [0;36mbytes in cache[0m = 0 
[0;36mDEBUG[0m[2026-03-16 10:14:19.192]   opened serial level db persister         [0;36mpath[0m = TestOnly-Epoch_611/Shard_0/id [0;36mcreated pointer[0m = 0xc00033c540 [0;36mglobal db counter[0m = 3 [0;36mNewSerialDB[0m = 0.0023s [0;36mmkdirAll[0m = 0.0002s [0;36mopenLevelDB[0m = 0.0021s 
[0;36mDEBUG[0m[2026-03-16 10:14:19.192]   PruningStorer.processPersistersToClose   [0;36mepochs to close[0m = [609] [0;36mbefore process[0m = [611 610 609] [0;36mafter process[0m = [611 610] 
[0;36mDEBUG[0m[2026-03-16 10:14:19.193]   makeDbPointerNilReturningLast            [0;36mpath[0m = TestOnly-Epoch_609/Shard_0/id [0;36mnilled pointer[0m = 0xc000a0a700 [0;36mglobal db counter[0m = 2 
[0;36mDEBUG[0m[2026-03-16 10:14:19.193]   processLoop - closing the leveldb process loop [0;36mpath[0m = TestOnly-Epoch_609/Shard_0/id 
[0;36mDEBUG[0m[2026-03-16 10:14:19.193]   batchTimeoutHandle - closing             [0;36mpath[0m = TestOnly-Epoch_609/Shard_0/id 
[0;36mDEBUG[0m[2026-03-16 10:14:19.194]   PruningStorer - change epoch             [0;36munit[0m = id [0;36mepoch[0m = 612 [0;36mbytes in cache[0m = 0 
[0;36mDEBUG[0m[2026-03-16 10:14:19.196]   opened serial level db persister         [0;36mpath[0m = TestOnly-Epoch_612/Shard_0/id [0;36mcreated pointer[0m = 0xc000542380 [0;36mglobal db counter[0m = 3 [0;36mNewSerialDB[0m = 0.0022s [0;36mmkdirAll[0m = 0.0001s [0;36mopenLevelDB[0m = 0.0020s 
[0;36mDEBUG[0m[2026-03-16 10:14:19.196]   PruningStorer.processPersistersToClose   [0;36mepochs to close[0m = [610] [0;36mbefore process[0m = [612 611 610] [0;36mafter process[0m = [612 611] 
[0;36mDEBUG[0m[2026-03-16 10:14:19.197]   makeDbPointerNilReturningLast            [0;36mpath[0m = TestOnly-Epoch_610/Shard_0/id [0;36mnilled pointer[0m = 0xc000513a40 [0;36mglobal db counter[0m = 2 
[0;36mDEBUG[0m[2026-03-16 10:14:19.197]   processLoop - closing the leveldb process loop [0;36mpath[0m = TestOnly-Epoch_610/Shard_0/id 
[0;36mDEBUG[0m[2026-03-16 10:14:19.197]   batchTimeoutHandle - closing             [0;36mpath[0m = TestOnly-Epoch_610/Shard_0/id 
[0;36mDEBUG[0m[2026-03-16 10:14:19.198]   PruningStorer - change epoch             [0;36munit[0m = id [0;36mepoch[0m = 613 [0;36mbytes in cache[0m = 0 
[0;36mDEBUG[0m[2026-03-16 10:14:19.200]   opened serial level db persister         [0;36mpath[0m = TestOnly-Epoch_613/Shard_0/id [0;36mcreated pointer[0m = 0xc0005c5c00 [0;36mglobal db counter[0m = 3 [0;36mNewSerialDB[0m = 0.0022s [0;36mmkdirAll[0m = 0.0002s [0;36mopenLevelDB[0m = 0.0021s 
[0;36mDEBUG[0m[2026-03-16 10:14:19.200]   PruningStorer.processPersistersToClose   [0;36mepochs to close[0m = [611] [0;36mbefore process[0m = [613 612 611] [0;36mafter process[0m = [613 612] 
[0;36mDEBUG[0m[2026-03-16 10:14:19.201]   makeDbPointerNilReturningLast            [0;36mpath[0m = TestOnly-Epoch_611/Shard_0/id [0;36mnilled pointer[0m = 0xc00033c540 [0;36mglobal db counter[0m = 2 
[0;36mDEBUG[0m[2026-03-16 10:14:19.201]   processLoop - closing the leveldb process loop [0;36mpath[0m = TestOnly-Epoch_611/Shard_0/id 
[0;36mDEBUG[0m[2026-03-16 10:14:19.201]   batchTimeoutHandle - closing             [0;36mpath[0m = TestOnly-Epoch_611/Shard_0/id 
[0;36mDEBUG[0m[2026-03-16 10:14:19.202]   PruningStorer - change epoch             [0;36munit[0m = id [0;36mepoch[0m = 614 [0;36mbytes in cache[0m = 0 
[0;36mDEBUG[0m[2026-03-16 10:14:19.205]   opened serial level db persister         [0;36mpath[0m = TestOnly-Epoch_614/Shard_0/id [0;36mcreated pointer[0m = 0xc002209880 [0;36mglobal db counter[0m = 3 [0;36mNewSerialDB[0m = 0.0025s [0;36mmkdirAll[0m = 0.0001s [0;36mopenLevelDB[0m = 0.0024s 
[0;36mDEBUG[0m[2026-03-16 10:14:19.205]   PruningStorer.processPersistersToClose   [0;36mepochs to close[0m = [612] [0;36mbefore process[0m = [614 613 612] [0;36mafter process[0m = [614 613] 
[0;36mDEBUG[0m[2026-03-16 10:14:19.205]   processLoop - closing the leveldb process loop [0;36mpath[0m = TestOnly-Epoch_612/Shard_0/id 
[0;36mDEBUG[0m[2026-03-16 10:14:19.205]   makeDbPointerNilReturningLast            [0;36mpath[0m = TestOnly-Epoch_612/Shard_0/id [0;36mnilled pointer[0m = 0xc000542380 [0;36mglobal db counter[0m = 2 
[0;36mDEBUG[0m[2026-03-16 10:14:19.205]   batchTimeoutHandle - closing             [0;36mpath[0m = TestOnly-Epoch_612/Shard_0/id 
[0;36mDEBUG[0m[2026-03-16 10:14:19.206]   PruningStorer - change epoch             [0;36munit[0m = id [0;36mepoch[0m = 615 [0;36mbytes in cache[0m = 0 
[0;36mDEBUG[0m[2026-03-16 10:14:19.214]   opened serial level db persister         [0;36mpath[0m = TestOnly-Epoch_615/Shard_0/id [0;36mcreated pointer[0m = 0xc0002eaa80 [0;36mglobal db counter[0m = 3 [0;36mNewSerialDB[0m = 0.0073s [0;36mmkdirAll[0m = 0.0001s [0;36mopenLevelDB[0m = 0.0072s 
[0;36mDEBUG[0m[2026-03-16 10:14:19.214]   PruningStorer.processPersistersToClose   [0;36mepochs to close[0m = [613] [0;36mbefore process[0m = [615 614 613] [0;36mafter process[0m = [615 614] 
[0;36mDEBUG[0m[2026-03-16 10:14:19.214]   makeDbPointerNilReturningLast            [0;36mpath[0m = TestOnly-Epoch_613/Shard_0/id [0;36mnilled pointer[0m = 0xc0005c5c00 [0;36mglobal db counter[0m = 2 
[0;36mDEBUG[0m[2026-03-16 10:14:19.214]   processLoop - closing the leveldb process loop [0;36mpath[0m = TestOnly-Epoch_613/Shard_0/id 
[0;36mDEBUG[0m[2026-03-16 10:14:19.214]   batchTimeoutHandle - closing             [0;36mpath[0m = TestOnly-Epoch_613/Shard_0/id 
[0;36mDEBUG[0m[2026-03-16 10:14:19.216]   PruningStorer - change epoch             [0;36munit[0m = id [0;36mepoch[0m = 616 [0;36mbytes in cache[0m = 0 
[0;36mDEBUG[0m[2026-03-16 10:14:19.219]   opened serial level db persister         [0;36mpath[0m = TestOnly-Epoch_616/Shard_0/id [0;36mcreated pointer[0m = 0xc00033c1c0 [0;36mglobal db counter[0m = 3 [0;36mNewSerialDB[0m = 0.0035s [0;36mmkdirAll[0m = 0.0002s [0;36mopenLevelDB[0m = 0.0033s 
[0;36mDEBUG[0m[2026-03-16 10:14:19.219]   PruningStorer.processPersistersToClose   [0;36mepochs to close[0m = [614] [0;36mbefore process[0m = [616 615 614] [0;36mafter process[0m = [616 615] 
[0;36mDEBUG[0m[2026-03-16 10:14:19.220]   makeDbPointerNilReturningLast            [0;36mpath[0m = TestOnly-Epoch_614/Shard_0/id [0;36mnilled pointer[0m = 0xc002209880 [0;36mglobal db counter[0m = 2 
[0;36mDEBUG[0m[2026-03-16 10:14:19.220]   processLoop - closing the leveldb process loop [0;36mpath[0m = TestOnly-Epoch_614/Shard_0/id 
[0;36mDEBUG[0m[2026-03-16 10:14:19.220]   batchTimeoutHandle - closing             [0;36mpath[0m = TestOnly-Epoch_614/Shard_0/id 
[0;36mDEBUG[0m[2026-03-16 10:14:19.221]   PruningStorer - change epoch             [0;36munit[0m = id [0;36mepoch[0m = 617 [0;36mbytes in cache[0m = 0 
[0;36mDEBUG[0m[2026-03-16 10:14:19.224]   opened serial level db persister         [0;36mpath[0m = TestOnly-Epoch_617/Shard_0/id [0;36mcreated pointer[0m = 0xc000976a80 [0;36mglobal db counter[0m = 3 [0;36mNewSerialDB[0m = 0.0024s [0;36mmkdirAll[0m = 0.0001s [0;36mopenLevelDB[0m = 0.0023s 
[0;36mDEBUG[0m[2026-03-16 10:14:19.224]   PruningStorer.processPersistersToClose   [0;36mepochs to close[0m = [615] [0;36mbefore process[0m = [617 616 615] [0;36mafter process[0m = [617 616] 
[0;36mDEBUG[0m[2026-03-16 10:14:19.224]   makeDbPointerNilReturningLast            [0;36mpath[0m = TestOnly-Epoch_615/Shard_0/id [0;36mnilled pointer[0m = 0xc0002eaa80 [0;36mglobal db counter[0m = 2 
[0;36mDEBUG[0m[2026-03-16 10:14:19.224]   processLoop - closing the leveldb process loop [0;36mpath[0m = TestOnly-Epoch_615/Shard_0/id 
[0;36mDEBUG[0m[2026-03-16 10:14:19.224]   batchTimeoutHandle - closing             [0;36mpath[0m = TestOnly-Epoch_615/Shard_0/id 
[0;36mDEBUG[0m[2026-03-16 10:14:19.225]   PruningStorer - change epoch             [0;36munit[0m = id [0;36mepoch[0m = 618 [0;36mbytes in cache[0m = 0 
[0;36mDEBUG[0m[2026-03-16 10:14:19.228]   opened serial level db persister         [0;36mpath[0m = TestOnly-Epoch_618/Shard_0/id [0;36mcreated pointer[0m = 0xc000490380 [0;36mglobal db counter[0m = 3 [0;36mNewSerialDB[0m = 0.0026s [0;36mmkdirAll[0m = 0.0002s [0;36mopenLevelDB[0m = 0.0025s 
[0;36mDEBUG[0m[2026-03-16 10:14:19.228]   PruningStorer.processPersistersToClose   [0;36mepochs to close[0m = [616] [0;36mbefore process[0m = [618 617 616] [0;36mafter process[0m = [618 617] 
[0;36mDEBUG[0m[2026-03-16 10:14:19.228]   makeDbPointerNilReturningLast            [0;36mpath[0m = TestOnly-Epoch_616/Shard_0/id [0;36mnilled pointer[0m = 0xc00033c1c0 [0;36mglobal db counter[0m = 2 
[0;36mDEBUG[0m[2026-03-16 10:14:19.228]   processLoop - closing the leveldb process loop [0;36mpath[0m = TestOnly-Epoch_616/Shard_0/id 
[0;36mDEBUG[0m[2026-03-16 10:14:19.228]   batchTimeoutHandle - closing             [0;36mpath[0m = TestOnly-Epoch_616/Shard_0/id 
[0;36mDEBUG[0m[2026-03-16 10:14:19.229]   PruningStorer - change epoch             [0;36munit[0m = id [0;36mepoch[0m = 619 [0;36mbytes in cache[0m = 0 
[0;36mDEBUG[0m[2026-03-16 10:14:19.232]   opened serial level db persister         [0;36mpath[0m = TestOnly-Epoch_619/Shard_0/id [0;36mcreated pointer[0m = 0xc00033cfc0 [0;36mglobal db counter[0m = 3 [0;36mNewSerialDB[0m = 0.0023s [0;36mmkdirAll[0m = 0.0001s [0;36mopenLevelDB[0m = 0.0022s 
[0;36mDEBUG[0m[2026-03-16 10:14:19.232]   PruningStorer.processPersistersToClose   [0;36mepochs to close[0m = [617] [0;36mbefore process[0m = [619 618 617] [0;36mafter process[0m = [619 618] 
[0;36mDEBUG[0m[2026-03-16 10:14:19.232]   makeDbPointerNilReturningLast            [0;36mpath[0m = TestOnly-Epoch_617/Shard_0/id [0;36mnilled pointer[0m = 0xc000976a80 [0;36mglobal db counter[0m = 2 
[0;36mDEBUG[0m[2026-03-16 10:14:19.232]   processLoop - closing the leveldb process loop [0;36mpath[0m = TestOnly-Epoch_617/Shard_0/id 
[0;36mDEBUG[0m[2026-03-16 10:14:19.232]   batchTimeoutHandle - closing             [0;36mpath[0m = TestOnly-Epoch_617/Shard_0/id 
[0;36mDEBUG[0m[2026-03-16 10:14:19.233]   PruningStorer - change epoch             [0;36munit[0m = id [0;36mepoch[0m = 620 [0;36mbytes in cache[0m = 0 
[0;36mDEBUG[0m[2026-03-16 10:14:19.236]   opened serial level db persister         [0;36mpath[0m = TestOnly-Epoch_620/Shard_0/id [0;36mcreated pointer[0m = 0xc000977880 [0;36mglobal db counter[0m = 3 [0;36mNewSerialDB[0m = 0.0024s [0;36mmkdirAll[0m = 0.0001s [0;36mopenLevelDB[0m = 0.0022s 
[0;36mDEBUG[0m[2026-03-16 10:14:19.236]   PruningStorer.processPersistersToClose   [0;36mepochs to close[0m = [618] [0;36mbefore process[0m = [620 619 618] [0;36mafter process[0m = [620 619] 
[0;36mDEBUG[0m[2026-03-16 10:14:19.236]   makeDbPointerNilReturningLast            [0;36mpath[0m = TestOnly-Epoch_618/Shard_0/id [0;36mnilled pointer[0m = 0xc000490380 [0;36mglobal db counter[0m = 2 
[0;36mDEBUG[0m[2026-03-16 10:14:19.236]   processLoop - closing the leveldb process loop [0;36mpath[0m = TestOnly-Epoch_618/Shard_0/id 
[0;36mDEBUG[0m[2026-03-16 10:14:19.236]   batchTimeoutHandle - closing             [0;36mpath[0m = TestOnly-Epoch_618/Shard_0/id 
[0;36mDEBUG[0m[2026-03-16 10:14:19.237]   PruningStorer - change epoch             [0;36munit[0m = id [0;36mepoch[0m = 621 [0;36mbytes in cache[0m = 0 
[0;36mDEBUG[0m[2026-03-16 10:14:19.240]   opened serial level db persister         [0;36mpath[0m = TestOnly-Epoch_621/Shard_0/id [0;36mcreated pointer[0m = 0xc0005428c0 [0;36mglobal db counter[0m = 3 [0;36mNewSerialDB[0m = 0.0022s [0;36mmkdirAll[0m = 0.0001s [0;36mopenLevelDB[0m = 0.0020s 
[0;36mDEBUG[0m[2026-03-16 10:14:19.240]   PruningStorer.processPersistersToClose   [0;36mepochs to close[0m = [619] [0;36mbefore process[0m = [621 620 619] [0;36mafter process[0m = [621 620] 
[0;36mDEBUG[0m[2026-03-16 10:14:19.240]   makeDbPointerNilReturningLast            [0;36mpath[0m = TestOnly-Epoch_619/Shard_0/id [0;36mnilled pointer[0m = 0xc00033cfc0 [0;36mglobal db counter[0m = 2 
[0;36mDEBUG[0m[2026-03-16 10:14:19.240]   processLoop - closing the leveldb process loop [0;36mpath[0m = TestOnly-Epoch_619/Shard_0/id 
[0;36mDEBUG[0m[2026-03-16 10:14:19.240]   batchTimeoutHandle - closing             [0;36mpath[0m = TestOnly-Epoch_619/Shard_0/id 
[0;36mDEBUG[0m[2026-03-16 10:14:19.241]   PruningStorer - change epoch             [0;36munit[0m = id [0;36mepoch[0m = 622 [0;36mbytes in cache[0m = 0 
[0;36mDEBUG[0m[2026-03-16 10:14:19.244]   opened serial level db persister         [0;36mpath[0m = TestOnly-Epoch_622/Shard_0/id [0;36mcreated pointer[0m = 0xc000511880 [0;36mglobal db counter[0m = 3 [0;36mNewSerialDB[0m = 0.0031s [0;36mmkdirAll[0m = 0.0002s [0;36mopenLevelDB[0m = 0.0029s 
[0;36mDEBUG[0m[2026-03-16 10:14:19.244]   PruningStorer.processPersistersToClose   [0;36mepochs to close[0m = [620] [0;36mbefore process[0m = [622 621 620] [0;36mafter process[0m = [622 621] 
[0;36mDEBUG[0m[2026-03-16 10:14:19.245]   makeDbPointerNilReturningLast            [0;36mpath[0m = TestOnly-Epoch_620/Shard_0/id [0;36mnilled pointer[0m = 0xc000977880 [0;36mglobal db counter[0m = 2 
[0;36mDEBUG[0m[2026-03-16 10:14:19.245]   processLoop - closing the leveldb process loop [0;36mpath[0m = TestOnly-Epoch_620/Shard_0/id 
[0;36mDEBUG[0m[2026-03-16 10:14:19.245]   batchTimeoutHandle - closing             [0;36mpath[0m = TestOnly-Epoch_620/Shard_0/id 
[0;36mDEBUG[0m[2026-03-16 10:14:19.246]   PruningStorer - change epoch             [0;36munit[0m = id [0;36mepoch[0m = 623 [0;36mbytes in cache[0m = 0 
[0;36mDEBUG[0m[2026-03-16 10:14:19.249]   opened serial level db persister         [0;36mpath[0m = TestOnly-Epoch_623/Shard_0/id [0;36mcreated pointer[0m = 0xc00033c700 [0;36mglobal db counter[0m = 3 [0;36mNewSerialDB[0m = 0.0030s [0;36mmkdirAll[0m = 0.0001s [0;36mopenLevelDB[0m = 0.0028s 
[0;36mDEBUG[0m[2026-03-16 10:14:19.249]   PruningStorer.processPersistersToClose   [0;36mepochs to close[0m = [621] [0;36mbefore process[0m = [623 622 621] [0;36mafter process[0m = [623 622] 
[0;36mDEBUG[0m[2026-03-16 10:14:19.250]   makeDbPointerNilReturningLast            [0;36mpath[0m = TestOnly-Epoch_621/Shard_0/id [0;36mnilled pointer[0m = 0xc0005428c0 [0;36mglobal db counter[0m = 2 
[0;36mDEBUG[0m[2026-03-16 10:14:19.250]   processLoop - closing the leveldb process loop [0;36mpath[0m = TestOnly-Epoch_621/Shard_0/id 
[0;36mDEBUG[0m[2026-03-16 10:14:19.250]   batchTimeoutHandle - closing             [0;36mpath[0m = TestOnly-Epoch_621/Shard_0/id 
[0;36mDEBUG[0m[2026-03-16 10:14:19.251]   PruningStorer - change epoch             [0;36munit[0m = id [0;36mepoch[0m = 624 [0;36mbytes in cache[0m = 0 
[0;36mDEBUG[0m[2026-03-16 10:14:19.253]   opened serial level db persister         [0;36mpath[0m = TestOnly-Epoch_624/Shard_0/id [0;36mcreated pointer[0m = 0xc000542e00 [0;36mglobal db counter[0m = 3 [0;36mNewSerialDB[0m = 0.0023s [0;36mmkdirAll[0m = 0.0001s [0;36mopenLevelDB[0m = 0.0022s 
[0;36mDEBUG[0m[2026-03-16 10:14:19.253]   PruningStorer.processPersistersToClose   [0;36mepochs to close[0m = [622] [0;36mbefore process[0m = [624 623 622] [0;36mafter process[0m = [624 623] 
[0;36mDEBUG[0m[2026-03-16 10:14:19.254]   makeDbPointerNilReturningLast            [0;36mpath[0m = TestOnly-Epoch_622/Shard_0/id [0;36mnilled pointer[0m = 0xc000511880 [0;36mglobal db counter[0m = 2 
[0;36mDEBUG[0m[2026-03-16 10:14:19.254]   processLoop - closing the leveldb process loop [0;36mpath[0m = TestOnly-Epoch_622/Shard_0/id 
[0;36mDEBUG[0m[2026-03-16 10:14:19.254]   batchTimeoutHandle - closing             [0;36mpath[0m = TestOnly-Epoch_622/Shard_0/id 
[0;36mDEBUG[0m[2026-03-16 10:14:19.255]   PruningStorer - change epoch             [0;36munit[0m = id [0;36mepoch[0m = 625 [0;36mbytes in cache[0m = 0 
[0;36mDEBUG[0m[2026-03-16 10:14:19.257]   opened serial level db persister         [0;36mpath[0m = TestOnly-Epoch_625/Shard_0/id [0;36mcreated pointer[0m = 0xc000161340 [0;36mglobal db counter[0m = 3 [0;36mNewSerialDB[0m = 0.0021s [0;36mmkdirAll[0m = 0.0001s [0;36mopenLevelDB[0m = 0.0020s 
[0;36mDEBUG[0m[2026-03-16 10:14:19.257]   PruningStorer.processPersistersToClose   [0;36mepochs to close[0m = [623] [0;36mbefore process[0m = [625 624 623] [0;36mafter process[0m = [625 624] 
[0;36mDEBUG[0m[2026-03-16 10:14:19.257]   makeDbPointerNilReturningLast            [0;36mpath[0m = TestOnly-Epoch_623/Shard_0/id [0;36mnilled pointer[0m = 0xc00033c700 [0;36mglobal db counter[0m = 2 
[0;36mDEBUG[0m[2026-03-16 10:14:19.257]   processLoop - closing the leveldb process loop [0;36mpath[0m = TestOnly-Epoch_623/Shard_0/id 
[0;36mDEBUG[0m[2026-03-16 10:14:19.257]   batchTimeoutHandle - closing             [0;36mpath[0m = TestOnly-Epoch_623/Shard_0/id 
[0;36mDEBUG[0m[2026-03-16 10:14:19.258]   PruningStorer - change epoch             [0;36munit[0m = id [0;36mepoch[0m = 626 [0;36mbytes in cache[0m = 0 
[0;36mDEBUG[0m[2026-03-16 10:14:19.261]   opened serial level db persister         [0;36mpath[0m = TestOnly-Epoch_626/Shard_0/id [0;36mcreated pointer[0m = 0xc000490fc0 [0;36mglobal db counter[0m = 3 [0;36mNewSerialDB[0m = 0.0024s [0;36mmkdirAll[0m = 0.0001s [0;36mopenLevelDB[0m = 0.0023s 
[0;36mDEBUG[0m[2026-03-16 10:14:19.261]   PruningStorer.processPersistersToClose   [0;36mepochs to close[0m = [624] [0;36mbefore process[0m = [626 625 624] [0;36mafter process[0m = [626 625] 
[0;36mDEBUG[0m[2026-03-16 10:14:19.261]   makeDbPointerNilReturningLast            [0;36mpath[0m = TestOnly-Epoch_624/Shard_0/id [0;36mnilled pointer[0m = 0xc000542e00 [0;36mglobal db counter[0m = 2 
[0;36mDEBUG[0m[2026-03-16 10:14:19.261]   processLoop - closing the leveldb process loop [0;36mpath[0m = TestOnly-Epoch_624/Shard_0/id 
[0;36mDEBUG[0m[2026-03-16 10:14:19.261]   batchTimeoutHandle - closing             [0;36mpath[0m = TestOnly-Epoch_624/Shard_0/id 
[0;36mDEBUG[0m[2026-03-16 10:14:19.263]   PruningStorer - change epoch             [0;36munit[0m = id [0;36mepoch[0m = 627 [0;36mbytes in cache[0m = 0 
[0;36mDEBUG[0m[2026-03-16 10:14:19.265]   opened serial level db persister         [0;36mpath[0m = TestOnly-Epoch_627/Shard_0/id [0;36mcreated pointer[0m = 0xc00078ea80 [0;36mglobal db counter[0m = 3 [0;36mNewSerialDB[0m = 0.0022s [0;36mmkdirAll[0m = 0.0001s [0;36mopenLevelDB[0m = 0.0021s 
[0;36mDEBUG[0m[2026-03-16 10:14:19.265]   PruningStorer.processPersistersToClose   [0;36mepochs to close[0m = [625] [0;36mbefore process[0m = [627 626 625] [0;36mafter process[0m = [627 626] 
[0;36mDEBUG[0m[2026-03-16 10:14:19.265]   makeDbPointerNilReturningLast            [0;36mpath[0m = TestOnly-Epoch_625/Shard_0/id [0;36mnilled pointer[0m = 0xc000161340 [0;36mglobal db counter[0m = 2 
[0;36mDEBUG[0m[2026-03-16 10:14:19.265]   processLoop - closing the leveldb process loop [0;36mpath[0m = TestOnly-Epoch_625/Shard_0/id 
[0;36mDEBUG[0m[2026-03-16 10:14:19.265]   batchTimeoutHandle - closing             [0;36mpath[0m = TestOnly-Epoch_625/Shard_0/id 
[0;36mDEBUG[0m[2026-03-16 10:14:19.267]   PruningStorer - change epoch             [0;36munit[0m = id [0;36mepoch[0m = 628 [0;36mbytes in cache[0m = 0 
[0;36mDEBUG[0m[2026-03-16 10:14:19.269]   opened serial level db persister         [0;36mpath[0m = TestOnly-Epoch_628/Shard_0/id [0;36mcreated pointer[0m = 0xc00033c380 [0;36mglobal db counter[0m = 3 [0;36mNewSerialDB[0m = 0.0024s [0;36mmkdirAll[0m = 0.0002s [0;36mopenLevelDB[0m = 0.0022s 
[0;36mDEBUG[0m[2026-03-16 10:14:19.269]   PruningStorer.processPersistersToClose   [0;36mepochs to close[0m = [626] [0;36mbefore process[0m = [628 627 626] [0;36mafter process[0m = [628 627] 
[0;36mDEBUG[0m[2026-03-16 10:14:19.270]   makeDbPointerNilReturningLast            [0;36mpath[0m = TestOnly-Epoch_626/Shard_0/id [0;36mnilled pointer[0m = 0xc000490fc0 [0;36mglobal db counter[0m = 2 
[0;36mDEBUG[0m[2026-03-16 10:14:19.270]   processLoop - closing the leveldb process loop [0;36mpath[0m = TestOnly-Epoch_626/Shard_0/id 
[0;36mDEBUG[0m[2026-03-16 10:14:19.270]   batchTimeoutHandle - closing             [0;36mpath[0m = TestOnly-Epoch_626/Shard_0/id 
[0;36mDEBUG[0m[2026-03-16 10:14:19.271]   PruningStorer - change epoch             [0;36munit[0m = id [0;36mepoch[0m = 629 [0;36mbytes in cache[0m = 0 
[0;36mDEBUG[0m[2026-03-16 10:14:19.274]   opened serial level db persister         [0;36mpath[0m = TestOnly-Epoch_629/Shard_0/id [0;36mcreated pointer[0m = 0xc0005808c0 [0;36mglobal db counter[0m = 3 [0;36mNewSerialDB[0m = 0.0030s [0;36mmkdirAll[0m = 0.0001s [0;36mopenLevelDB[0m = 0.0028s 
[0;36mDEBUG[0m[2026-03-16 10:14:19.274]   PruningStorer.processPersistersToClose   [0;36mepochs to close[0m = [627] [0;36mbefore process[0m = [629 628 627] [0;36mafter process[0m = [629 628] 
[0;36mDEBUG[0m[2026-03-16 10:14:19.274]   makeDbPointerNilReturningLast            [0;36mpath[0m = TestOnly-Epoch_627/Shard_0/id [0;36mnilled pointer[0m = 0xc00078ea80 [0;36mglobal db counter[0m = 2 
[0;36mDEBUG[0m[2026-03-16 10:14:19.275]   processLoop - closing the leveldb process loop [0;36mpath[0m = TestOnly-Epoch_627/Shard_0/id 
[0;36mDEBUG[0m[2026-03-16 10:14:19.275]   batchTimeoutHandle - closing             [0;36mpath[0m = TestOnly-Epoch_627/Shard_0/id 
[0;36mDEBUG[0m[2026-03-16 10:14:19.276]   PruningStorer - change epoch             [0;36munit[0m = id [0;36mepoch[0m = 630 [0;36mbytes in cache[0m = 0 
[0;36mDEBUG[0m[2026-03-16 10:14:19.279]   opened serial level db persister         [0;36mpath[0m = TestOnly-Epoch_630/Shard_0/id [0;36mcreated pointer[0m = 0xc0006b81c0 [0;36mglobal db counter[0m = 3 [0;36mNewSerialDB[0m = 0.0031s [0;36mmkdirAll[0m = 0.0001s [0;36mopenLevelDB[0m = 0.0029s 
[0;36mDEBUG[0m[2026-03-16 10:14:19.279]   PruningStorer.processPersistersToClose   [0;36mepochs to close[0m = [628] [0;36mbefore process[0m = [630 629 628] [0;36mafter process[0m = [630 629] 
[0;36mDEBUG[0m[2026-03-16 10:14:19.279]   makeDbPointerNilReturningLast            [0;36mpath[0m = TestOnly-Epoch_628/Shard_0/id [0;36mnilled pointer[0m = 0xc00033c380 [0;36mglobal db counter[0m = 2 
[0;36mDEBUG[0m[2026-03-16 10:14:19.279]   batchTimeoutHandle - closing             [0;36mpath[0m = TestOnly-Epoch_628/Shard_0/id 
[0;36mDEBUG[0m[2026-03-16 10:14:19.279]   processLoop - closing the leveldb process loop [0;36mpath[0m = TestOnly-Epoch_628/Shard_0/id 
[0;36mDEBUG[0m[2026-03-16 10:14:19.280]   PruningStorer - change epoch             [0;36munit[0m = id [0;36mepoch[0m = 631 [0;36mbytes in cache[0m = 0 
[0;36mDEBUG[0m[2026-03-16 10:14:19.283]   opened serial level db persister         [0;36mpath[0m = TestOnly-Epoch_631/Shard_0/id [0;36mcreated pointer[0m = 0xc00078ee00 [0;36mglobal db counter[0m = 3 [0;36mNewSerialDB[0m = 0.0025s [0;36mmkdirAll[0m = 0.0002s [0;36mopenLevelDB[0m = 0.0024s 
[0;36mDEBUG[0m[2026-03-16 10:14:19.283]   PruningStorer.processPersistersToClose   [0;36mepochs to close[0m = [629] [0;36mbefore process[0m = [631 630 629] [0;36mafter process[0m = [631 630] 
[0;36mDEBUG[0m[2026-03-16 10:14:19.284]   makeDbPointerNilReturningLast            [0;36mpath[0m = TestOnly-Epoch_629/Shard_0/id [0;36mnilled pointer[0m = 0xc0005808c0 [0;36mglobal db counter[0m = 2 
[0;36mDEBUG[0m[2026-03-16 10:14:19.284]   processLoop - closing the leveldb process loop [0;36mpath[0m = TestOnly-Epoch_629/Shard_0/id 
[0;36mDEBUG[0m[2026-03-16 10:14:19.284]   batchTimeoutHandle - closing             [0;36mpath[0m = TestOnly-Epoch_629/Shard_0/id 
[0;36mDEBUG[0m[2026-03-16 10:14:19.285]   PruningStorer - change epoch             [0;36munit[0m = id [0;36mepoch[0m = 632 [0;36mbytes in cache[0m = 0 
[0;36mDEBUG[0m[2026-03-16 10:14:19.287]   opened serial level db persister         [0;36mpath[0m = TestOnly-Epoch_632/Shard_0/id [0;36mcreated pointer[0m = 0xc00012ac40 [0;36mglobal db counter[0m = 3 [0;36mNewSerialDB[0m = 0.0025s [0;36mmkdirAll[0m = 0.0002s [0;36mopenLevelDB[0m = 0.0023s 
[0;36mDEBUG[0m[2026-03-16 10:14:19.287]   PruningStorer.processPersistersToClose   [0;36mepochs to close[0m = [630] [0;36mbefore process[0m = [632 631 630] [0;36mafter process[0m = [632 631] 
[0;36mDEBUG[0m[2026-03-16 10:14:19.288]   makeDbPointerNilReturningLast            [0;36mpath[0m = TestOnly-Epoch_630/Shard_0/id [0;36mnilled pointer[0m = 0xc0006b81c0 [0;36mglobal db counter[0m = 2 
[0;36mDEBUG[0m[2026-03-16 10:14:19.288]   processLoop - closing the leveldb process loop [0;36mpath[0m = TestOnly-Epoch_630/Shard_0/id 
[0;36mDEBUG[0m[2026-03-16 10:14:19.288]   batchTimeoutHandle - closing             [0;36mpath[0m = TestOnly-Epoch_630/Shard_0/id 
[0;36mDEBUG[0m[2026-03-16 10:14:19.289]   PruningStorer - change epoch             [0;36munit[0m = id [0;36mepoch[0m = 633 [0;36mbytes in cache[0m = 0 
[0;36mDEBUG[0m[2026-03-16 10:14:19.291]   opened serial level db persister         [0;36mpath[0m = TestOnly-Epoch_633/Shard_0/id [0;36mcreated pointer[0m = 0xc0001616c0 [0;36mglobal db counter[0m = 3 [0;36mNewSerialDB[0m = 0.0024s [0;36mmkdirAll[0m = 0.0001s [0;36mopenLevelDB[0m = 0.0022s 
[0;36mDEBUG[0m[2026-03-16 10:14:19.291]   PruningStorer.processPersistersToClose   [0;36mepochs to close[0m = [631] [0;36mbefore process[0m = [633 632 631] [0;36mafter process[0m = [633 632] 
[0;36mDEBUG[0m[2026-03-16 10:14:19.292]   makeDbPointerNilReturningLast            [0;36mpath[0m = TestOnly-Epoch_631/Shard_0/id [0;36mnilled pointer[0m = 0xc00078ee00 [0;36mglobal db counter[0m = 2 
[0;36mDEBUG[0m[2026-03-16 10:14:19.292]   processLoop - closing the leveldb process loop [0;36mpath[0m = TestOnly-Epoch_631/Shard_0/id 
[0;36mDEBUG[0m[2026-03-16 10:14:19.292]   batchTimeoutHandle - closing             [0;36mpath[0m = TestOnly-Epoch_631/Shard_0/id 
[0;36mDEBUG[0m[2026-03-16 10:14:19.293]   PruningStorer - change epoch             [0;36munit[0m = id [0;36mepoch[0m = 634 [0;36mbytes in cache[0m = 0 
[0;36mDEBUG[0m[2026-03-16 10:14:19.296]   opened serial level db persister         [0;36mpath[0m = TestOnly-Epoch_634/Shard_0/id [0;36mcreated pointer[0m = 0xc00012afc0 [0;36mglobal db counter[0m = 3 [0;36mNewSerialDB[0m = 0.0027s [0;36mmkdirAll[0m = 0.0001s [0;36mopenLevelDB[0m = 0.0026s 
[0;36mDEBUG[0m[2026-03-16 10:14:19.296]   PruningStorer.processPersistersToClose   [0;36mepochs to close[0m = [632] [0;36mbefore process[0m = [634 633 632] [0;36mafter process[0m = [634 633] 
[0;36mDEBUG[0m[2026-03-16 10:14:19.296]   makeDbPointerNilReturningLast            [0;36mpath[0m = TestOnly-Epoch_632/Shard_0/id [0;36mnilled pointer[0m = 0xc00012ac40 [0;36mglobal db counter[0m = 2 
[0;36mDEBUG[0m[2026-03-16 10:14:19.296]   processLoop - closing the leveldb process loop [0;36mpath[0m = TestOnly-Epoch_632/Shard_0/id 
[0;36mDEBUG[0m[2026-03-16 10:14:19.296]   batchTimeoutHandle - closing             [0;36mpath[0m = TestOnly-Epoch_632/Shard_0/id 
[0;36mDEBUG[0m[2026-03-16 10:14:19.298]   PruningStorer - change epoch             [0;36munit[0m = id [0;36mepoch[0m = 635 [0;36mbytes in cache[0m = 0 
[0;36mDEBUG[0m[2026-03-16 10:14:19.301]   opened serial level db persister         [0;36mpath[0m = TestOnly-Epoch_635/Shard_0/id [0;36mcreated pointer[0m = 0xc0006b8e00 [0;36mglobal db counter[0m = 3 [0;36mNewSerialDB[0m = 0.0024s [0;36mmkdirAll[0m = 0.0002s [0;36mopenLevelDB[0m = 0.0022s 
[0;36mDEBUG[0m[2026-03-16 10:14:19.301]   PruningStorer.processPersistersToClose   [0;36mepochs to close[0m = [633] [0;36mbefore process[0m = [635 634 633] [0;36mafter process[0m = [635 634] 
[0;36mDEBUG[0m[2026-03-16 10:14:19.301]   makeDbPointerNilReturningLast            [0;36mpath[0m = TestOnly-Epoch_633/Shard_0/id [0;36mnilled pointer[0m = 0xc0001616c0 [0;36mglobal db counter[0m = 2 
[0;36mDEBUG[0m[2026-03-16 10:14:19.301]   processLoop - closing the leveldb process loop [0;36mpath[0m = TestOnly-Epoch_633/Shard_0/id 
[0;36mDEBUG[0m[2026-03-16 10:14:19.301]   batchTimeoutHandle - closing             [0;36mpath[0m = TestOnly-Epoch_633/Shard_0/id 
[0;36mDEBUG[0m[2026-03-16 10:14:19.302]   PruningStorer - change epoch             [0;36munit[0m = id [0;36mepoch[0m = 636 [0;36mbytes in cache[0m = 0 
[0;36mDEBUG[0m[2026-03-16 10:14:19.305]   opened serial level db persister         [0;36mpath[0m = TestOnly-Epoch_636/Shard_0/id [0;36mcreated pointer[0m = 0xc0006b96c0 [0;36mglobal db counter[0m = 3 [0;36mNewSerialDB[0m = 0.0029s [0;36mmkdirAll[0m = 0.0002s [0;36mopenLevelDB[0m = 0.0027s 
[0;36mDEBUG[0m[2026-03-16 10:14:19.305]   PruningStorer.processPersistersToClose   [0;36mepochs to close[0m = [634] [0;36mbefore process[0m = [636 635 634] [0;36mafter process[0m = [636 635] 
[0;36mDEBUG[0m[2026-03-16 10:14:19.306]   makeDbPointerNilReturningLast            [0;36mpath[0m = TestOnly-Epoch_634/Shard_0/id [0;36mnilled pointer[0m = 0xc00012afc0 [0;36mglobal db counter[0m = 2 
[0;36mDEBUG[0m[2026-03-16 10:14:19.306]   processLoop - closing the leveldb process loop [0;36mpath[0m = TestOnly-Epoch_634/Shard_0/id 
[0;36mDEBUG[0m[2026-03-16 10:14:19.306]   batchTimeoutHandle - closing             [0;36mpath[0m = TestOnly-Epoch_634/Shard_0/id 
[0;36mDEBUG[0m[2026-03-16 10:14:19.308]   PruningStorer - change epoch             [0;36munit[0m = id [0;36mepoch[0m = 637 [0;36mbytes in cache[0m = 0 
[0;36mDEBUG[0m[2026-03-16 10:14:19.310]   opened serial level db persister         [0;36mpath[0m = TestOnly-Epoch_637/Shard_0/id [0;36mcreated pointer[0m = 0xc000161dc0 [0;36mglobal db counter[0m = 3 [0;36mNewSerialDB[0m = 0.0028s [0;36mmkdirAll[0m = 0.0001s [0;36mopenLevelDB[0m = 0.0026s 
[0;36mDEBUG[0m[2026-03-16 10:14:19.310]   PruningStorer.processPersistersToClose   [0;36mepochs to close[0m = [635] [0;36mbefore process[0m = [637 636 635] [0;36mafter process[0m = [637 636] 
[0;36mDEBUG[0m[2026-03-16 10:14:19.311]   makeDbPointerNilReturningLast            [0;36mpath[0m = TestOnly-Epoch_635/Shard_0/id [0;36mnilled pointer[0m = 0xc0006b8e00 [0;36mglobal db counter[0m = 2 
[0;36mDEBUG[0m[2026-03-16 10:14:19.311]   processLoop - closing the leveldb process loop [0;36mpath[0m = TestOnly-Epoch_635/Shard_0/id 
[0;36mDEBUG[0m[2026-03-16 10:14:19.311]   batchTimeoutHandle - closing             [0;36mpath[0m = TestOnly-Epoch_635/Shard_0/id 
[0;36mDEBUG[0m[2026-03-16 10:14:19.313]   PruningStorer - change epoch             [0;36munit[0m = id [0;36mepoch[0m = 638 [0;36mbytes in cache[0m = 0 
[0;36mDEBUG[0m[2026-03-16 10:14:19.316]   opened serial level db persister         [0;36mpath[0m = TestOnly-Epoch_638/Shard_0/id [0;36mcreated pointer[0m = 0xc00012b180 [0;36mglobal db counter[0m = 3 [0;36mNewSerialDB[0m = 0.0028s [0;36mmkdirAll[0m = 0.0001s [0;36mopenLevelDB[0m = 0.0027s 
[0;36mDEBUG[0m[2026-03-16 10:14:19.316]   PruningStorer.processPersistersToClose   [0;36mepochs to close[0m = [636] [0;36mbefore process[0m = [638 637 636] [0;36mafter process[0m = [638 637] 
[0;36mDEBUG[0m[2026-03-16 10:14:19.316]   makeDbPointerNilReturningLast            [0;36mpath[0m = TestOnly-Epoch_636/Shard_0/id [0;36mnilled pointer[0m = 0xc0006b96c0 [0;36mglobal db counter[0m = 2 
[0;36mDEBUG[0m[2026-03-16 10:14:19.316]   processLoop - closing the leveldb process loop [0;36mpath[0m = TestOnly-Epoch_636/Shard_0/id 
[0;36mDEBUG[0m[2026-03-16 10:14:19.316]   batchTimeoutHandle - closing             [0;36mpath[0m = TestOnly-Epoch_636/Shard_0/id 
[0;36mDEBUG[0m[2026-03-16 10:14:19.318]   PruningStorer - change epoch             [0;36munit[0m = id [0;36mepoch[0m = 639 [0;36mbytes in cache[0m = 0 
[0;36mDEBUG[0m[2026-03-16 10:14:19.320]   opened serial level db persister         [0;36mpath[0m = TestOnly-Epoch_639/Shard_0/id [0;36mcreated pointer[0m = 0xc00012b340 [0;36mglobal db counter[0m = 3 [0;36mNewSerialDB[0m = 0.0022s [0;36mmkdirAll[0m = 0.0001s [0;36mopenLevelDB[0m = 0.0021s 
[0;36mDEBUG[0m[2026-03-16 10:14:19.320]   PruningStorer.processPersistersToClose   [0;36mepochs to close[0m = [637] [0;36mbefore process[0m = [639 638 637] [0;36mafter process[0m = [639 638] 
[0;36mDEBUG[0m[2026-03-16 10:14:19.321]   makeDbPointerNilReturningLast            [0;36mpath[0m = TestOnly-Epoch_637/Shard_0/id [0;36mnilled pointer[0m = 0xc000161dc0 [0;36mglobal db counter[0m = 2 
[0;36mDEBUG[0m[2026-03-16 10:14:19.321]   processLoop - closing the leveldb process loop [0;36mpath[0m = TestOnly-Epoch_637/Shard_0/id 
[0;36mDEBUG[0m[2026-03-16 10:14:19.321]   batchTimeoutHandle - closing             [0;36mpath[0m = TestOnly-Epoch_637/Shard_0/id 
[0;36mDEBUG[0m[2026-03-16 10:14:19.322]   PruningStorer - change epoch             [0;36munit[0m = id [0;36mepoch[0m = 640 [0;36mbytes in cache[0m = 0 
[0;36mDEBUG[0m[2026-03-16 10:14:19.325]   opened serial level db persister         [0;36mpath[0m = TestOnly-Epoch_640/Shard_0/id [0;36mcreated pointer[0m = 0xc0006b9500 [0;36mglobal db counter[0m = 3 [0;36mNewSerialDB[0m = 0.0023s [0;36mmkdirAll[0m = 0.0001s [0;36mopenLevelDB[0m = 0.0021s 
[0;36mDEBUG[0m[2026-03-16 10:14:19.325]   PruningStorer.processPersistersToClose   [0;36mepochs to close[0m = [638] [0;36mbefore process[0m = [640 639 638] [0;36mafter process[0m = [640 639] 
[0;36mDEBUG[0m[2026-03-16 10:14:19.325]   makeDbPointerNilReturningLast            [0;36mpath[0m = TestOnly-Epoch_638/Shard_0/id [0;36mnilled pointer[0m = 0xc00012b180 [0;36mglobal db counter[0m = 2 
[0;36mDEBUG[0m[2026-03-16 10:14:19.325]   processLoop - closing the leveldb process loop [0;36mpath[0m = TestOnly-Epoch_638/Shard_0/id 
[0;36mDEBUG[0m[2026-03-16 10:14:19.325]   batchTimeoutHandle - closing             [0;36mpath[0m = TestOnly-Epoch_638/Shard_0/id 
[0;36mDEBUG[0m[2026-03-16 10:14:19.326]   PruningStorer - change epoch             [0;36munit[0m = id [0;36mepoch[0m = 641 [0;36mbytes in cache[0m = 0 
[0;36mDEBUG[0m[2026-03-16 10:14:19.329]   opened serial level db persister         [0;36mpath[0m = TestOnly-Epoch_641/Shard_0/id [0;36mcreated pointer[0m = 0xc000161a40 [0;36mglobal db counter[0m = 3 [0;36mNewSerialDB[0m = 0.0025s [0;36mmkdirAll[0m = 0.0002s [0;36mopenLevelDB[0m = 0.0023s 
[0;36mDEBUG[0m[2026-03-16 10:14:19.329]   PruningStorer.processPersistersToClose   [0;36mepochs to close[0m = [639] [0;36mbefore process[0m = [641 640 639] [0;36mafter process[0m = [641 640] 
[0;36mDEBUG[0m[2026-03-16 10:14:19.329]   makeDbPointerNilReturningLast            [0;36mpath[0m = TestOnly-Epoch_639/Shard_0/id [0;36mnilled pointer[0m = 0xc00012b340 [0;36mglobal db counter[0m = 2 
[0;36mDEBUG[0m[2026-03-16 10:14:19.329]   processLoop - closing the leveldb process loop [0;36mpath[0m = TestOnly-Epoch_639/Shard_0/id 
[0;36mDEBUG[0m[2026-03-16 10:14:19.329]   batchTimeoutHandle - closing             [0;36mpath[0m = TestOnly-Epoch_639/Shard_0/id 
[0;36mDEBUG[0m[2026-03-16 10:14:19.330]   PruningStorer - change epoch             [0;36munit[0m = id [0;36mepoch[0m = 642 [0;36mbytes in cache[0m = 0 
[0;36mDEBUG[0m[2026-03-16 10:14:19.333]   opened serial level db persister         [0;36mpath[0m = TestOnly-Epoch_642/Shard_0/id [0;36mcreated pointer[0m = 0xc00012b6c0 [0;36mglobal db counter[0m = 3 [0;36mNewSerialDB[0m = 0.0026s [0;36mmkdirAll[0m = 0.0001s [0;36mopenLevelDB[0m = 0.0025s 
[0;36mDEBUG[0m[2026-03-16 10:14:19.333]   PruningStorer.processPersistersToClose   [0;36mepochs to close[0m = [640] [0;36mbefore process[0m = [642 641 640] [0;36mafter process[0m = [642 641] 
[0;36mDEBUG[0m[2026-03-16 10:14:19.334]   makeDbPointerNilReturningLast            [0;36mpath[0m = TestOnly-Epoch_640/Shard_0/id [0;36mnilled pointer[0m = 0xc0006b9500 [0;36mglobal db counter[0m = 2 
[0;36mDEBUG[0m[2026-03-16 10:14:19.334]   processLoop - closing the leveldb process loop [0;36mpath[0m = TestOnly-Epoch_640/Shard_0/id 
[0;36mDEBUG[0m[2026-03-16 10:14:19.334]   batchTimeoutHandle - closing             [0;36mpath[0m = TestOnly-Epoch_640/Shard_0/id 
[0;36mDEBUG[0m[2026-03-16 10:14:19.335]   PruningStorer - change epoch             [0;36munit[0m = id [0;36mepoch[0m = 643 [0;36mbytes in cache[0m = 0 
[0;36mDEBUG[0m[2026-03-16 10:14:19.338]   opened serial level db persister         [0;36mpath[0m = TestOnly-Epoch_643/Shard_0/id [0;36mcreated pointer[0m = 0xc00012ae00 [0;36mglobal db counter[0m = 3 [0;36mNewSerialDB[0m = 0.0029s [0;36mmkdirAll[0m = 0.0001s [0;36mopenLevelDB[0m = 0.0027s 
[0;36mDEBUG[0m[2026-03-16 10:14:19.338]   PruningStorer.processPersistersToClose   [0;36mepochs to close[0m = [641] [0;36mbefore process[0m = [643 642 641] [0;36mafter process[0m = [643 642] 
[0;36mDEBUG[0m[2026-03-16 10:14:19.338]   makeDbPointerNilReturningLast            [0;36mpath[0m = TestOnly-Epoch_641/Shard_0/id [0;36mnilled pointer[0m = 0xc000161a40 [0;36mglobal db counter[0m = 2 
[0;36mDEBUG[0m[2026-03-16 10:14:19.338]   processLoop - closing the leveldb process loop [0;36mpath[0m = TestOnly-Epoch_641/Shard_0/id 
[0;36mDEBUG[0m[2026-03-16 10:14:19.338]   batchTimeoutHandle - closing             [0;36mpath[0m = TestOnly-Epoch_641/Shard_0/id 
[0;36mDEBUG[0m[2026-03-16 10:14:19.339]   PruningStorer - change epoch             [0;36munit[0m = id [0;36mepoch[0m = 644 [0;36mbytes in cache[0m = 0 
[0;36mDEBUG[0m[2026-03-16 10:14:19.342]   opened serial level db persister         [0;36mpath[0m = TestOnly-Epoch_644/Shard_0/id [0;36mcreated pointer[0m = 0xc0006b8c40 [0;36mglobal db counter[0m = 3 [0;36mNewSerialDB[0m = 0.0026s [0;36mmkdirAll[0m = 0.0002s [0;36mopenLevelDB[0m = 0.0024s 
[0;36mDEBUG[0m[2026-03-16 10:14:19.342]   PruningStorer.processPersistersToClose   [0;36mepochs to close[0m = [642] [0;36mbefore process[0m = [644 643 642] [0;36mafter process[0m = [644 643] 
[0;36mDEBUG[0m[2026-03-16 10:14:19.342]   makeDbPointerNilReturningLast            [0;36mpath[0m = TestOnly-Epoch_642/Shard_0/id [0;36mnilled pointer[0m = 0xc00012b6c0 [0;36mglobal db counter[0m = 2 
[0;36mDEBUG[0m[2026-03-16 10:14:19.342]   processLoop - closing the leveldb process loop [0;36mpath[0m = TestOnly-Epoch_642/Shard_0/id 
[0;36mDEBUG[0m[2026-03-16 10:14:19.342]   batchTimeoutHandle - closing             [0;36mpath[0m = TestOnly-Epoch_642/Shard_0/id 
[0;36mDEBUG[0m[2026-03-16 10:14:19.344]   PruningStorer - change epoch             [0;36munit[0m = id [0;36mepoch[0m = 645 [0;36mbytes in cache[0m = 0 
[0;36mDEBUG[0m[2026-03-16 10:14:19.346]   opened serial level db persister         [0;36mpath[0m = TestOnly-Epoch_645/Shard_0/id [0;36mcreated pointer[0m = 0xc0006ae1c0 [0;36mglobal db counter[0m = 3 [0;36mNewSerialDB[0m = 0.0023s [0;36mmkdirAll[0m = 0.0002s [0;36mopenLevelDB[0m = 0.0021s 
[0;36mDEBUG[0m[2026-03-16 10:14:19.346]   PruningStorer.processPersistersToClose   [0;36mepochs to close[0m = [643] [0;36mbefore process[0m = [645 644 643] [0;36mafter process[0m = [645 644] 
[0;36mDEBUG[0m[2026-03-16 10:14:19.346]   makeDbPointerNilReturningLast            [0;36mpath[0m = TestOnly-Epoch_643/Shard_0/id [0;36mnilled pointer[0m = 0xc00012ae00 [0;36mglobal db counter[0m = 2 
[0;36mDEBUG[0m[2026-03-16 10:14:19.346]   batchTimeoutHandle - closing             [0;36mpath[0m = TestOnly-Epoch_643/Shard_0/id 
[0;36mDEBUG[0m[2026-03-16 10:14:19.346]   processLoop - closing the leveldb process loop [0;36mpath[0m = TestOnly-Epoch_643/Shard_0/id 
[0;36mDEBUG[0m[2026-03-16 10:14:19.347]   PruningStorer - change epoch             [0;36munit[0m = id [0;36mepoch[0m = 646 [0;36mbytes in cache[0m = 0 
[0;36mDEBUG[0m[2026-03-16 10:14:19.350]   opened serial level db persister         [0;36mpath[0m = TestOnly-Epoch_646/Shard_0/id [0;36mcreated pointer[0m = 0xc00012ba40 [0;36mglobal db counter[0m = 3 [0;36mNewSerialDB[0m = 0.0025s [0;36mmkdirAll[0m = 0.0001s [0;36mopenLevelDB[0m = 0.0024s 
[0;36mDEBUG[0m[2026-03-16 10:14:19.350]   PruningStorer.processPersistersToClose   [0;36mepochs to close[0m = [644] [0;36mbefore process[0m = [646 645 644] [0;36mafter process[0m = [646 645] 
[0;36mDEBUG[0m[2026-03-16 10:14:19.351]   makeDbPointerNilReturningLast            [0;36mpath[0m = TestOnly-Epoch_644/Shard_0/id [0;36mnilled pointer[0m = 0xc0006b8c40 [0;36mglobal db counter[0m = 2 
[0;36mDEBUG[0m[2026-03-16 10:14:19.351]   processLoop - closing the leveldb process loop [0;36mpath[0m = TestOnly-Epoch_644/Shard_0/id 
[0;36mDEBUG[0m[2026-03-16 10:14:19.351]   batchTimeoutHandle - closing             [0;36mpath[0m = TestOnly-Epoch_644/Shard_0/id 
[0;36mDEBUG[0m[2026-03-16 10:14:19.352]   PruningStorer - change epoch             [0;36munit[0m = id [0;36mepoch[0m = 647 [0;36mbytes in cache[0m = 0 
[0;36mDEBUG[0m[2026-03-16 10:14:19.354]   opened serial level db persister         [0;36mpath[0m = TestOnly-Epoch_647/Shard_0/id [0;36mcreated pointer[0m = 0xc00012b500 [0;36mglobal db counter[0m = 3 [0;36mNewSerialDB[0m = 0.0024s [0;36mmkdirAll[0m = 0.0002s [0;36mopenLevelDB[0m = 0.0022s 
[0;36mDEBUG[0m[2026-03-16 10:14:19.354]   PruningStorer.processPersistersToClose   [0;36mepochs to close[0m = [645] [0;36mbefore process[0m = [647 646 645] [0;36mafter process[0m = [647 646] 
[0;36mDEBUG[0m[2026-03-16 10:14:19.355]   makeDbPointerNilReturningLast            [0;36mpath[0m = TestOnly-Epoch_645/Shard_0/id [0;36mnilled pointer[0m = 0xc0006ae1c0 [0;36mglobal db counter[0m = 2 
[0;36mDEBUG[0m[2026-03-16 10:14:19.355]   processLoop - closing the leveldb process loop [0;36mpath[0m = TestOnly-Epoch_645/Shard_0/id 
[0;36mDEBUG[0m[2026-03-16 10:14:19.355]   batchTimeoutHandle - closing             [0;36mpath[0m = TestOnly-Epoch_645/Shard_0/id 
[0;36mDEBUG[0m[2026-03-16 10:14:19.356]   PruningStorer - change epoch             [0;36munit[0m = id [0;36mepoch[0m = 648 [0;36mbytes in cache[0m = 0 
[0;36mDEBUG[0m[2026-03-16 10:14:19.358]   opened serial level db persister         [0;36mpath[0m = TestOnly-Epoch_648/Shard_0/id [0;36mcreated pointer[0m = 0xc0006aea80 [0;36mglobal db counter[0m = 3 [0;36mNewSerialDB[0m = 0.0021s [0;36mmkdirAll[0m = 0.0001s [0;36mopenLevelDB[0m = 0.0020s 
[0;36mDEBUG[0m[2026-03-16 10:14:19.358]   PruningStorer.processPersistersToClose   [0;36mepochs to close[0m = [646] [0;36mbefore process[0m = [648 647 646] [0;36mafter process[0m = [648 647] 
[0;36mDEBUG[0m[2026-03-16 10:14:19.358]   makeDbPointerNilReturningLast            [0;36mpath[0m = TestOnly-Epoch_646/Shard_0/id [0;36mnilled pointer[0m = 0xc00012ba40 [0;36mglobal db counter[0m = 2 
[0;36mDEBUG[0m[2026-03-16 10:14:19.358]   processLoop - closing the leveldb process loop [0;36mpath[0m = TestOnly-Epoch_646/Shard_0/id 
[0;36mDEBUG[0m[2026-03-16 10:14:19.358]   batchTimeoutHandle - closing             [0;36mpath[0m = TestOnly-Epoch_646/Shard_0/id 
[0;36mDEBUG[0m[2026-03-16 10:14:19.360]   PruningStorer - change epoch             [0;36munit[0m = id [0;36mepoch[0m = 649 [0;36mbytes in cache[0m = 0 
[0;36mDEBUG[0m[2026-03-16 10:14:19.363]   opened serial level db persister         [0;36mpath[0m = TestOnly-Epoch_649/Shard_0/id [0;36mcreated pointer[0m = 0xc00051a1c0 [0;36mglobal db counter[0m = 3 [0;36mNewSerialDB[0m = 0.0028s [0;36mmkdirAll[0m = 0.0002s [0;36mopenLevelDB[0m = 0.0027s 
[0;36mDEBUG[0m[2026-03-16 10:14:19.363]   PruningStorer.processPersistersToClose   [0;36mepochs to close[0m = [647] [0;36mbefore process[0m = [649 648 647] [0;36mafter process[0m = [649 648] 
[0;36mDEBUG[0m[2026-03-16 10:14:19.364]   makeDbPointerNilReturningLast            [0;36mpath[0m = TestOnly-Epoch_647/Shard_0/id [0;36mnilled pointer[0m = 0xc00012b500 [0;36mglobal db counter[0m = 2 
[0;36mDEBUG[0m[2026-03-16 10:14:19.364]   processLoop - closing the leveldb process loop [0;36mpath[0m = TestOnly-Epoch_647/Shard_0/id 
[0;36mDEBUG[0m[2026-03-16 10:14:19.364]   batchTimeoutHandle - closing             [0;36mpath[0m = TestOnly-Epoch_647/Shard_0/id 
[0;36mDEBUG[0m[2026-03-16 10:14:19.365]   PruningStorer - change epoch             [0;36munit[0m = id [0;36mepoch[0m = 650 [0;36mbytes in cache[0m = 0 
[0;36mDEBUG[0m[2026-03-16 10:14:19.369]   opened serial level db persister         [0;36mpath[0m = TestOnly-Epoch_650/Shard_0/id [0;36mcreated pointer[0m = 0xc0009176c0 [0;36mglobal db counter[0m = 3 [0;36mNewSerialDB[0m = 0.0036s [0;36mmkdirAll[0m = 0.0002s [0;36mopenLevelDB[0m = 0.0034s 
[0;36mDEBUG[0m[2026-03-16 10:14:19.369]   PruningStorer.processPersistersToClose   [0;36mepochs to close[0m = [648] [0;36mbefore process[0m = [650 649 648] [0;36mafter process[0m = [650 649] 
[0;36mDEBUG[0m[2026-03-16 10:14:19.370]   makeDbPointerNilReturningLast            [0;36mpath[0m = TestOnly-Epoch_648/Shard_0/id [0;36mnilled pointer[0m = 0xc0006aea80 [0;36mglobal db counter[0m = 2 
[0;36mDEBUG[0m[2026-03-16 10:14:19.370]   batchTimeoutHandle - closing             [0;36mpath[0m = TestOnly-Epoch_648/Shard_0/id 
[0;36mDEBUG[0m[2026-03-16 10:14:19.370]   processLoop - closing the leveldb process loop [0;36mpath[0m = TestOnly-Epoch_648/Shard_0/id 
[0;36mDEBUG[0m[2026-03-16 10:14:19.371]   PruningStorer - change epoch             [0;36munit[0m = id [0;36mepoch[0m = 651 [0;36mbytes in cache[0m = 0 
[0;36mDEBUG[0m[2026-03-16 10:14:19.373]   opened serial level db persister         [0;36mpath[0m = TestOnly-Epoch_651/Shard_0/id [0;36mcreated pointer[0m = 0xc00012aa80 [0;36mglobal db counter[0m = 3 [0;36mNewSerialDB[0m = 0.0026s [0;36mmkdirAll[0m = 0.0002s [0;36mopenLevelDB[0m = 0.0024s 
[0;36mDEBUG[0m[2026-03-16 10:14:19.373]   PruningStorer.processPersistersToClose   [0;36mepochs to close[0m = [649] [0;36mbefore process[0m = [651 650 649] [0;36mafter process[0m = [651 650] 
[0;36mDEBUG[0m[2026-03-16 10:14:19.374]   makeDbPointerNilReturningLast            [0;36mpath[0m = TestOnly-Epoch_649/Shard_0/id [0;36mnilled pointer[0m = 0xc00051a1c0 [0;36mglobal db counter[0m = 2 
[0;36mDEBUG[0m[2026-03-16 10:14:19.374]   processLoop - closing the leveldb process loop [0;36mpath[0m = TestOnly-Epoch_649/Shard_0/id 
[0;36mDEBUG[0m[2026-03-16 10:14:19.374]   batchTimeoutHandle - closing             [0;36mpath[0m = TestOnly-Epoch_649/Shard_0/id 
[0;36mDEBUG[0m[2026-03-16 10:14:19.375]   PruningStorer - change epoch             [0;36munit[0m = id [0;36mepoch[0m = 652 [0;36mbytes in cache[0m = 0 
[0;36mDEBUG[0m[2026-03-16 10:14:19.377]   opened serial level db persister         [0;36mpath[0m = TestOnly-Epoch_652/Shard_0/id [0;36mcreated pointer[0m = 0xc0005b08c0 [0;36mglobal db counter[0m = 3 [0;36mNewSerialDB[0m = 0.0023s [0;36mmkdirAll[0m = 0.0001s [0;36mopenLevelDB[0m = 0.0022s 
[0;36mDEBUG[0m[2026-03-16 10:14:19.377]   PruningStorer.processPersistersToClose   [0;36mepochs to close[0m = [650] [0;36mbefore process[0m = [652 651 650] [0;36mafter process[0m = [652 651] 
[0;36mDEBUG[0m[2026-03-16 10:14:19.378]   makeDbPointerNilReturningLast            [0;36mpath[0m = TestOnly-Epoch_650/Shard_0/id [0;36mnilled pointer[0m = 0xc0009176c0 [0;36mglobal db counter[0m = 2 
[0;36mDEBUG[0m[2026-03-16 10:14:19.378]   batchTimeoutHandle - closing             [0;36mpath[0m = TestOnly-Epoch_650/Shard_0/id 
[0;36mDEBUG[0m[2026-03-16 10:14:19.378]   processLoop - closing the leveldb process loop [0;36mpath[0m = TestOnly-Epoch_650/Shard_0/id 
[0;36mDEBUG[0m[2026-03-16 10:14:19.379]   PruningStorer - change epoch             [0;36munit[0m = id [0;36mepoch[0m = 653 [0;36mbytes in cache[0m = 0 
[0;36mDEBUG[0m[2026-03-16 10:14:19.381]   opened serial level db persister         [0;36mpath[0m = TestOnly-Epoch_653/Shard_0/id [0;36mcreated pointer[0m = 0xc00078fdc0 [0;36mglobal db counter[0m = 3 [0;36mNewSerialDB[0m = 0.0024s [0;36mmkdirAll[0m = 0.0001s [0;36mopenLevelDB[0m = 0.0022s 
[0;36mDEBUG[0m[2026-03-16 10:14:19.382]   PruningStorer.processPersistersToClose   [0;36mepochs to close[0m = [651] [0;36mbefore process[0m = [653 652 651] [0;36mafter process[0m = [653 652] 
[0;36mDEBUG[0m[2026-03-16 10:14:19.382]   makeDbPointerNilReturningLast            [0;36mpath[0m = TestOnly-Epoch_651/Shard_0/id [0;36mnilled pointer[0m = 0xc00012aa80 [0;36mglobal db counter[0m = 2 
[0;36mDEBUG[0m[2026-03-16 10:14:19.382]   batchTimeoutHandle - closing             [0;36mpath[0m = TestOnly-Epoch_651/Shard_0/id 
[0;36mDEBUG[0m[2026-03-16 10:14:19.382]   processLoop - closing the leveldb process loop [0;36mpath[0m = TestOnly-Epoch_651/Shard_0/id 
[0;36mDEBUG[0m[2026-03-16 10:14:19.383]   PruningStorer - change epoch             [0;36munit[0m = id [0;36mepoch[0m = 654 [0;36mbytes in cache[0m = 0 
[0;36mDEBUG[0m[2026-03-16 10:14:19.386]   opened serial level db persister         [0;36mpath[0m = TestOnly-Epoch_654/Shard_0/id [0;36mcreated pointer[0m = 0xc000542a80 [0;36mglobal db counter[0m = 3 [0;36mNewSerialDB[0m = 0.0026s [0;36mmkdirAll[0m = 0.0001s [0;36mopenLevelDB[0m = 0.0024s 
[0;36mDEBUG[0m[2026-03-16 10:14:19.386]   PruningStorer.processPersistersToClose   [0;36mepochs to close[0m = [652] [0;36mbefore process[0m = [654 653 652] [0;36mafter process[0m = [654 653] 
[0;36mDEBUG[0m[2026-03-16 10:14:19.386]   makeDbPointerNilReturningLast            [0;36mpath[0m = TestOnly-Epoch_652/Shard_0/id [0;36mnilled pointer[0m = 0xc0005b08c0 [0;36mglobal db counter[0m = 2 
[0;36mDEBUG[0m[2026-03-16 10:14:19.386]   processLoop - closing the leveldb process loop [0;36mpath[0m = TestOnly-Epoch_652/Shard_0/id 
[0;36mDEBUG[0m[2026-03-16 10:14:19.386]   batchTimeoutHandle - closing             [0;36mpath[0m = TestOnly-Epoch_652/Shard_0/id 
[0;36mDEBUG[0m[2026-03-16 10:14:19.388]   PruningStorer - change epoch             [0;36munit[0m = id [0;36mepoch[0m = 655 [0;36mbytes in cache[0m = 0 
[0;36mDEBUG[0m[2026-03-16 10:14:19.390]   opened serial level db persister         [0;36mpath[0m = TestOnly-Epoch_655/Shard_0/id [0;36mcreated pointer[0m = 0xc000542c40 [0;36mglobal db counter[0m = 3 [0;36mNewSerialDB[0m = 0.0022s [0;36mmkdirAll[0m = 0.0001s [0;36mopenLevelDB[0m = 0.0021s 
[0;36mDEBUG[0m[2026-03-16 10:14:19.390]   PruningStorer.processPersistersToClose   [0;36mepochs to close[0m = [653] [0;36mbefore process[0m = [655 654 653] [0;36mafter process[0m = [655 654] 
[0;36mDEBUG[0m[2026-03-16 10:14:19.390]   makeDbPointerNilReturningLast            [0;36mpath[0m = TestOnly-Epoch_653/Shard_0/id [0;36mnilled pointer[0m = 0xc00078fdc0 [0;36mglobal db counter[0m = 2 
[0;36mDEBUG[0m[2026-03-16 10:14:19.390]   batchTimeoutHandle - closing             [0;36mpath[0m = TestOnly-Epoch_653/Shard_0/id 
[0;36mDEBUG[0m[2026-03-16 10:14:19.390]   processLoop - closing the leveldb process loop [0;36mpath[0m = TestOnly-Epoch_653/Shard_0/id 
[0;36mDEBUG[0m[2026-03-16 10:14:19.392]   PruningStorer - change epoch             [0;36munit[0m = id [0;36mepoch[0m = 656 [0;36mbytes in cache[0m = 0 
[0;36mDEBUG[0m[2026-03-16 10:14:19.394]   opened serial level db persister         [0;36mpath[0m = TestOnly-Epoch_656/Shard_0/id [0;36mcreated pointer[0m = 0xc0006ae700 [0;36mglobal db counter[0m = 3 [0;36mNewSerialDB[0m = 0.0029s [0;36mmkdirAll[0m = 0.0001s [0;36mopenLevelDB[0m = 0.0027s 
[0;36mDEBUG[0m[2026-03-16 10:14:19.394]   PruningStorer.processPersistersToClose   [0;36mepochs to close[0m = [654] [0;36mbefore process[0m = [656 655 654] [0;36mafter process[0m = [656 655] 
[0;36mDEBUG[0m[2026-03-16 10:14:19.395]   makeDbPointerNilReturningLast            [0;36mpath[0m = TestOnly-Epoch_654/Shard_0/id [0;36mnilled pointer[0m = 0xc000542a80 [0;36mglobal db counter[0m = 2 
[0;36mDEBUG[0m[2026-03-16 10:14:19.395]   batchTimeoutHandle - closing             [0;36mpath[0m = TestOnly-Epoch_654/Shard_0/id 
[0;36mDEBUG[0m[2026-03-16 10:14:19.395]   processLoop - closing the leveldb process loop [0;36mpath[0m = TestOnly-Epoch_654/Shard_0/id 
[0;36mDEBUG[0m[2026-03-16 10:14:19.396]   PruningStorer - change epoch             [0;36munit[0m = id [0;36mepoch[0m = 657 [0;36mbytes in cache[0m = 0 
[0;36mDEBUG[0m[2026-03-16 10:14:19.399]   opened serial level db persister         [0;36mpath[0m = TestOnly-Epoch_657/Shard_0/id [0;36mcreated pointer[0m = 0xc00060ee00 [0;36mglobal db counter[0m = 3 [0;36mNewSerialDB[0m = 0.0031s [0;36mmkdirAll[0m = 0.0002s [0;36mopenLevelDB[0m = 0.0029s 
[0;36mDEBUG[0m[2026-03-16 10:14:19.399]   PruningStorer.processPersistersToClose   [0;36mepochs to close[0m = [655] [0;36mbefore process[0m = [657 656 655] [0;36mafter process[0m = [657 656] 
[0;36mDEBUG[0m[2026-03-16 10:14:19.400]   makeDbPointerNilReturningLast            [0;36mpath[0m = TestOnly-Epoch_655/Shard_0/id [0;36mnilled pointer[0m = 0xc000542c40 [0;36mglobal db counter[0m = 2 
[0;36mDEBUG[0m[2026-03-16 10:14:19.400]   processLoop - closing the leveldb process loop [0;36mpath[0m = TestOnly-Epoch_655/Shard_0/id 
[0;36mDEBUG[0m[2026-03-16 10:14:19.400]   batchTimeoutHandle - closing             [0;36mpath[0m = TestOnly-Epoch_655/Shard_0/id 
[0;36mDEBUG[0m[2026-03-16 10:14:19.401]   PruningStorer - change epoch             [0;36munit[0m = id [0;36mepoch[0m = 658 [0;36mbytes in cache[0m = 0 
[0;36mDEBUG[0m[2026-03-16 10:14:19.404]   opened serial level db persister         [0;36mpath[0m = TestOnly-Epoch_658/Shard_0/id [0;36mcreated pointer[0m = 0xc00078ec40 [0;36mglobal db counter[0m = 3 [0;36mNewSerialDB[0m = 0.0031s [0;36mmkdirAll[0m = 0.0001s [0;36mopenLevelDB[0m = 0.0029s 
[0;36mDEBUG[0m[2026-03-16 10:14:19.404]   PruningStorer.processPersistersToClose   [0;36mepochs to close[0m = [656] [0;36mbefore process[0m = [658 657 656] [0;36mafter process[0m = [658 657] 
[0;36mDEBUG[0m[2026-03-16 10:14:19.405]   makeDbPointerNilReturningLast            [0;36mpath[0m = TestOnly-Epoch_656/Shard_0/id [0;36mnilled pointer[0m = 0xc0006ae700 [0;36mglobal db counter[0m = 2 
[0;36mDEBUG[0m[2026-03-16 10:14:19.405]   processLoop - closing the leveldb process loop [0;36mpath[0m = TestOnly-Epoch_656/Shard_0/id 
[0;36mDEBUG[0m[2026-03-16 10:14:19.405]   batchTimeoutHandle - closing             [0;36mpath[0m = TestOnly-Epoch_656/Shard_0/id 
[0;36mDEBUG[0m[2026-03-16 10:14:19.406]   PruningStorer - change epoch             [0;36munit[0m = id [0;36mepoch[0m = 659 [0;36mbytes in cache[0m = 0 
[0;36mDEBUG[0m[2026-03-16 10:14:19.408]   opened serial level db persister         [0;36mpath[0m = TestOnly-Epoch_659/Shard_0/id [0;36mcreated pointer[0m = 0xc00032a380 [0;36mglobal db counter[0m = 3 [0;36mNewSerialDB[0m = 0.0025s [0;36mmkdirAll[0m = 0.0002s [0;36mopenLevelDB[0m = 0.0024s 
[0;36mDEBUG[0m[2026-03-16 10:14:19.408]   PruningStorer.processPersistersToClose   [0;36mepochs to close[0m = [657] [0;36mbefore process[0m = [659 658 657] [0;36mafter process[0m = [659 658] 
[0;36mDEBUG[0m[2026-03-16 10:14:19.409]   makeDbPointerNilReturningLast            [0;36mpath[0m = TestOnly-Epoch_657/Shard_0/id [0;36mnilled pointer[0m = 0xc00060ee00 [0;36mglobal db counter[0m = 2 
[0;36mDEBUG[0m[2026-03-16 10:14:19.409]   processLoop - closing the leveldb process loop [0;36mpath[0m = TestOnly-Epoch_657/Shard_0/id 
[0;36mDEBUG[0m[2026-03-16 10:14:19.409]   batchTimeoutHandle - closing             [0;36mpath[0m = TestOnly-Epoch_657/Shard_0/id 
[0;36mDEBUG[0m[2026-03-16 10:14:19.410]   PruningStorer - change epoch             [0;36munit[0m = id [0;36mepoch[0m = 660 [0;36mbytes in cache[0m = 0 
[0;36mDEBUG[0m[2026-03-16 10:14:19.412]   opened serial level db persister         [0;36mpath[0m = TestOnly-Epoch_660/Shard_0/id [0;36mcreated pointer[0m = 0xc00051a380 [0;36mglobal db counter[0m = 3 [0;36mNewSerialDB[0m = 0.0023s [0;36mmkdirAll[0m = 0.0001s [0;36mopenLevelDB[0m = 0.0022s 
[0;36mDEBUG[0m[2026-03-16 10:14:19.412]   PruningStorer.processPersistersToClose   [0;36mepochs to close[0m = [658] [0;36mbefore process[0m = [660 659 658] [0;36mafter process[0m = [660 659] 
[0;36mDEBUG[0m[2026-03-16 10:14:19.413]   makeDbPointerNilReturningLast            [0;36mpath[0m = TestOnly-Epoch_658/Shard_0/id [0;36mnilled pointer[0m = 0xc00078ec40 [0;36mglobal db counter[0m = 2 
[0;36mDEBUG[0m[2026-03-16 10:14:19.413]   processLoop - closing the leveldb process loop [0;36mpath[0m = TestOnly-Epoch_658/Shard_0/id 
[0;36mDEBUG[0m[2026-03-16 10:14:19.413]   batchTimeoutHandle - closing             [0;36mpath[0m = TestOnly-Epoch_658/Shard_0/id 
[0;36mDEBUG[0m[2026-03-16 10:14:19.414]   PruningStorer - change epoch             [0;36munit[0m = id [0;36mepoch[0m = 661 [0;36mbytes in cache[0m = 0 
[0;36mDEBUG[0m[2026-03-16 10:14:19.420]   opened serial level db persister         [0;36mpath[0m = TestOnly-Epoch_661/Shard_0/id [0;36mcreated pointer[0m = 0xc0006ae8c0 [0;36mglobal db counter[0m = 3 [0;36mNewSerialDB[0m = 0.0056s [0;36mmkdirAll[0m = 0.0002s [0;36mopenLevelDB[0m = 0.0054s 
[0;36mDEBUG[0m[2026-03-16 10:14:19.420]   PruningStorer.processPersistersToClose   [0;36mepochs to close[0m = [659] [0;36mbefore process[0m = [661 660 659] [0;36mafter process[0m = [661 660] 
[0;36mDEBUG[0m[2026-03-16 10:14:19.422]   makeDbPointerNilReturningLast            [0;36mpath[0m = TestOnly-Epoch_659/Shard_0/id [0;36mnilled pointer[0m = 0xc00032a380 [0;36mglobal db counter[0m = 2 
[0;36mDEBUG[0m[2026-03-16 10:14:19.422]   batchTimeoutHandle - closing             [0;36mpath[0m = TestOnly-Epoch_659/Shard_0/id 
[0;36mDEBUG[0m[2026-03-16 10:14:19.422]   processLoop - closing the leveldb process loop [0;36mpath[0m = TestOnly-Epoch_659/Shard_0/id 
[0;36mDEBUG[0m[2026-03-16 10:14:19.423]   PruningStorer - change epoch             [0;36munit[0m = id [0;36mepoch[0m = 662 [0;36mbytes in cache[0m = 0 
[0;36mDEBUG[0m[2026-03-16 10:14:19.434]   opened serial level db persister         [0;36mpath[0m = TestOnly-Epoch_662/Shard_0/id [0;36mcreated pointer[0m = 0xc00033c000 [0;36mglobal db counter[0m = 3 [0;36mNewSerialDB[0m = 0.0109s [0;36mmkdirAll[0m = 0.0002s [0;36mopenLevelDB[0m = 0.0106s 
[0;36mDEBUG[0m[2026-03-16 10:14:19.434]   PruningStorer.processPersistersToClose   [0;36mepochs to close[0m = [660] [0;36mbefore process[0m = [662 661 660] [0;36mafter process[0m = [662 661] 
[0;36mDEBUG[0m[2026-03-16 10:14:19.435]   makeDbPointerNilReturningLast            [0;36mpath[0m = TestOnly-Epoch_660/Shard_0/id [0;36mnilled pointer[0m = 0xc00051a380 [0;36mglobal db counter[0m = 2 
[0;36mDEBUG[0m[2026-03-16 10:14:19.435]   processLoop - closing the leveldb process loop [0;36mpath[0m = TestOnly-Epoch_660/Shard_0/id 
[0;36mDEBUG[0m[2026-03-16 10:14:19.435]   batchTimeoutHandle - closing             [0;36mpath[0m = TestOnly-Epoch_660/Shard_0/id 
[0;36mDEBUG[0m[2026-03-16 10:14:19.436]   PruningStorer - change epoch             [0;36munit[0m = id [0;36mepoch[0m = 663 [0;36mbytes in cache[0m = 0 
[0;36mDEBUG[0m[2026-03-16 10:14:19.440]   opened serial level db persister         [0;36mpath[0m = TestOnly-Epoch_663/Shard_0/id [0;36mcreated pointer[0m = 0xc00033da40 [0;36mglobal db counter[0m = 3 [0;36mNewSerialDB[0m = 0.0033s [0;36mmkdirAll[0m = 0.0002s [0;36mopenLevelDB[0m = 0.0031s 
[0;36mDEBUG[0m[2026-03-16 10:14:19.440]   PruningStorer.processPersistersToClose   [0;36mepochs to close[0m = [661] [0;36mbefore process[0m = [663 662 661] [0;36mafter process[0m = [663 662] 
[0;36mDEBUG[0m[2026-03-16 10:14:19.440]   makeDbPointerNilReturningLast            [0;36mpath[0m = TestOnly-Epoch_661/Shard_0/id [0;36mnilled pointer[0m = 0xc0006ae8c0 [0;36mglobal db counter[0m = 2 
[0;36mDEBUG[0m[2026-03-16 10:14:19.440]   processLoop - closing the leveldb process loop [0;36mpath[0m = TestOnly-Epoch_661/Shard_0/id 
[0;36mDEBUG[0m[2026-03-16 10:14:19.440]   batchTimeoutHandle - closing             [0;36mpath[0m = TestOnly-Epoch_661/Shard_0/id 
[0;36mDEBUG[0m[2026-03-16 10:14:19.441]   PruningStorer - change epoch             [0;36munit[0m = id [0;36mepoch[0m = 664 [0;36mbytes in cache[0m = 0 
[0;36mDEBUG[0m[2026-03-16 10:14:19.444]   opened serial level db persister         [0;36mpath[0m = TestOnly-Epoch_664/Shard_0/id [0;36mcreated pointer[0m = 0xc00051aa80 [0;36mglobal db counter[0m = 3 [0;36mNewSerialDB[0m = 0.0028s [0;36mmkdirAll[0m = 0.0002s [0;36mopenLevelDB[0m = 0.0026s 
[0;36mDEBUG[0m[2026-03-16 10:14:19.444]   PruningStorer.processPersistersToClose   [0;36mepochs to close[0m = [662] [0;36mbefore process[0m = [664 663 662] [0;36mafter process[0m = [664 663] 
[0;36mDEBUG[0m[2026-03-16 10:14:19.445]   makeDbPointerNilReturningLast            [0;36mpath[0m = TestOnly-Epoch_662/Shard_0/id [0;36mnilled pointer[0m = 0xc00033c000 [0;36mglobal db counter[0m = 2 
[0;36mDEBUG[0m[2026-03-16 10:14:19.445]   processLoop - closing the leveldb process loop [0;36mpath[0m = TestOnly-Epoch_662/Shard_0/id 
[0;36mDEBUG[0m[2026-03-16 10:14:19.445]   batchTimeoutHandle - closing             [0;36mpath[0m = TestOnly-Epoch_662/Shard_0/id 
[0;36mDEBUG[0m[2026-03-16 10:14:19.446]   PruningStorer - change epoch             [0;36munit[0m = id [0;36mepoch[0m = 665 [0;36mbytes in cache[0m = 0 
[0;36mDEBUG[0m[2026-03-16 10:14:19.449]   opened serial level db persister         [0;36mpath[0m = TestOnly-Epoch_665/Shard_0/id [0;36mcreated pointer[0m = 0xc0006aee00 [0;36mglobal db counter[0m = 3 [0;36mNewSerialDB[0m = 0.0025s [0;36mmkdirAll[0m = 0.0001s [0;36mopenLevelDB[0m = 0.0024s 
[0;36mDEBUG[0m[2026-03-16 10:14:19.449]   PruningStorer.processPersistersToClose   [0;36mepochs to close[0m = [663] [0;36mbefore process[0m = [665 664 663] [0;36mafter process[0m = [665 664] 
[0;36mDEBUG[0m[2026-03-16 10:14:19.449]   processLoop - closing the leveldb process loop [0;36mpath[0m = TestOnly-Epoch_663/Shard_0/id 
[0;36mDEBUG[0m[2026-03-16 10:14:19.449]   makeDbPointerNilReturningLast            [0;36mpath[0m = TestOnly-Epoch_663/Shard_0/id [0;36mnilled pointer[0m = 0xc00033da40 [0;36mglobal db counter[0m = 2 
[0;36mDEBUG[0m[2026-03-16 10:14:19.449]   batchTimeoutHandle - closing             [0;36mpath[0m = TestOnly-Epoch_663/Shard_0/id 
[0;36mDEBUG[0m[2026-03-16 10:14:19.450]   PruningStorer - change epoch             [0;36munit[0m = id [0;36mepoch[0m = 666 [0;36mbytes in cache[0m = 0 
[0;36mDEBUG[0m[2026-03-16 10:14:19.453]   opened serial level db persister         [0;36mpath[0m = TestOnly-Epoch_666/Shard_0/id [0;36mcreated pointer[0m = 0xc000543880 [0;36mglobal db counter[0m = 3 [0;36mNewSerialDB[0m = 0.0028s [0;36mmkdirAll[0m = 0.0002s [0;36mopenLevelDB[0m = 0.0026s 
[0;36mDEBUG[0m[2026-03-16 10:14:19.453]   PruningStorer.processPersistersToClose   [0;36mepochs to close[0m = [664] [0;36mbefore process[0m = [666 665 664] [0;36mafter process[0m = [666 665] 
[0;36mDEBUG[0m[2026-03-16 10:14:19.454]   makeDbPointerNilReturningLast            [0;36mpath[0m = TestOnly-Epoch_664/Shard_0/id [0;36mnilled pointer[0m = 0xc00051aa80 [0;36mglobal db counter[0m = 2 
[0;36mDEBUG[0m[2026-03-16 10:14:19.454]   processLoop - closing the leveldb process loop [0;36mpath[0m = TestOnly-Epoch_664/Shard_0/id 
[0;36mDEBUG[0m[2026-03-16 10:14:19.454]   batchTimeoutHandle - closing             [0;36mpath[0m = TestOnly-Epoch_664/Shard_0/id 
[0;36mDEBUG[0m[2026-03-16 10:14:19.455]   PruningStorer - change epoch             [0;36munit[0m = id [0;36mepoch[0m = 667 [0;36mbytes in cache[0m = 0 
[0;36mDEBUG[0m[2026-03-16 10:14:19.457]   opened serial level db persister         [0;36mpath[0m = TestOnly-Epoch_667/Shard_0/id [0;36mcreated pointer[0m = 0xc00033ddc0 [0;36mglobal db counter[0m = 3 [0;36mNewSerialDB[0m = 0.0026s [0;36mmkdirAll[0m = 0.0002s [0;36mopenLevelDB[0m = 0.0024s 
[0;36mDEBUG[0m[2026-03-16 10:14:19.457]   PruningStorer.processPersistersToClose   [0;36mepochs to close[0m = [665] [0;36mbefore process[0m = [667 666 665] [0;36mafter process[0m = [667 666] 
[0;36mDEBUG[0m[2026-03-16 10:14:19.458]   makeDbPointerNilReturningLast            [0;36mpath[0m = TestOnly-Epoch_665/Shard_0/id [0;36mnilled pointer[0m = 0xc0006aee00 [0;36mglobal db counter[0m = 2 
[0;36mDEBUG[0m[2026-03-16 10:14:19.458]   processLoop - closing the leveldb process loop [0;36mpath[0m = TestOnly-Epoch_665/Shard_0/id 
[0;36mDEBUG[0m[2026-03-16 10:14:19.458]   batchTimeoutHandle - closing             [0;36mpath[0m = TestOnly-Epoch_665/Shard_0/id 
[0;36mDEBUG[0m[2026-03-16 10:14:19.459]   PruningStorer - change epoch             [0;36munit[0m = id [0;36mepoch[0m = 668 [0;36mbytes in cache[0m = 0 
[0;36mDEBUG[0m[2026-03-16 10:14:19.462]   opened serial level db persister         [0;36mpath[0m = TestOnly-Epoch_668/Shard_0/id [0;36mcreated pointer[0m = 0xc00060fc00 [0;36mglobal db counter[0m = 3 [0;36mNewSerialDB[0m = 0.0025s [0;36mmkdirAll[0m = 0.0002s [0;36mopenLevelDB[0m = 0.0024s 
[0;36mDEBUG[0m[2026-03-16 10:14:19.462]   PruningStorer.processPersistersToClose   [0;36mepochs to close[0m = [666] [0;36mbefore process[0m = [668 667 666] [0;36mafter process[0m = [668 667] 
[0;36mDEBUG[0m[2026-03-16 10:14:19.462]   makeDbPointerNilReturningLast            [0;36mpath[0m = TestOnly-Epoch_666/Shard_0/id [0;36mnilled pointer[0m = 0xc000543880 [0;36mglobal db counter[0m = 2 
[0;36mDEBUG[0m[2026-03-16 10:14:19.462]   processLoop - closing the leveldb process loop [0;36mpath[0m = TestOnly-Epoch_666/Shard_0/id 
[0;36mDEBUG[0m[2026-03-16 10:14:19.462]   batchTimeoutHandle - closing             [0;36mpath[0m = TestOnly-Epoch_666/Shard_0/id 
[0;36mDEBUG[0m[2026-03-16 10:14:19.464]   PruningStorer - change epoch             [0;36munit[0m = id [0;36mepoch[0m = 669 [0;36mbytes in cache[0m = 0 
[0;36mDEBUG[0m[2026-03-16 10:14:19.467]   opened serial level db persister         [0;36mpath[0m = TestOnly-Epoch_669/Shard_0/id [0;36mcreated pointer[0m = 0xc000a0ac40 [0;36mglobal db counter[0m = 3 [0;36mNewSerialDB[0m = 0.0029s [0;36mmkdirAll[0m = 0.0002s [0;36mopenLevelDB[0m = 0.0027s 
[0;36mDEBUG[0m[2026-03-16 10:14:19.467]   PruningStorer.processPersistersToClose   [0;36mepochs to close[0m = [667] [0;36mbefore process[0m = [669 668 667] [0;36mafter process[0m = [669 668] 
[0;36mDEBUG[0m[2026-03-16 10:14:19.468]   makeDbPointerNilReturningLast            [0;36mpath[0m = TestOnly-Epoch_667/Shard_0/id [0;36mnilled pointer[0m = 0xc00033ddc0 [0;36mglobal db counter[0m = 2 
[0;36mDEBUG[0m[2026-03-16 10:14:19.468]   processLoop - closing the leveldb process loop [0;36mpath[0m = TestOnly-Epoch_667/Shard_0/id 
[0;36mDEBUG[0m[2026-03-16 10:14:19.468]   batchTimeoutHandle - closing             [0;36mpath[0m = TestOnly-Epoch_667/Shard_0/id 
[0;36mDEBUG[0m[2026-03-16 10:14:19.470]   PruningStorer - change epoch             [0;36munit[0m = id [0;36mepoch[0m = 670 [0;36mbytes in cache[0m = 0 
[0;36mDEBUG[0m[2026-03-16 10:14:19.474]   opened serial level db persister         [0;36mpath[0m = TestOnly-Epoch_670/Shard_0/id [0;36mcreated pointer[0m = 0xc00051ac40 [0;36mglobal db counter[0m = 3 [0;36mNewSerialDB[0m = 0.0039s [0;36mmkdirAll[0m = 0.0002s [0;36mopenLevelDB[0m = 0.0037s 
[0;36mDEBUG[0m[2026-03-16 10:14:19.474]   PruningStorer.processPersistersToClose   [0;36mepochs to close[0m = [668] [0;36mbefore process[0m = [670 669 668] [0;36mafter process[0m = [670 669] 
[0;36mDEBUG[0m[2026-03-16 10:14:19.474]   makeDbPointerNilReturningLast            [0;36mpath[0m = TestOnly-Epoch_668/Shard_0/id [0;36mnilled pointer[0m = 0xc00060fc00 [0;36mglobal db counter[0m = 2 
[0;36mDEBUG[0m[2026-03-16 10:14:19.474]   processLoop - closing the leveldb process loop [0;36mpath[0m = TestOnly-Epoch_668/Shard_0/id 
[0;36mDEBUG[0m[2026-03-16 10:14:19.474]   batchTimeoutHandle - closing             [0;36mpath[0m = TestOnly-Epoch_668/Shard_0/id 
[0;36mDEBUG[0m[2026-03-16 10:14:19.476]   PruningStorer - change epoch             [0;36munit[0m = id [0;36mepoch[0m = 671 [0;36mbytes in cache[0m = 0 
[0;36mDEBUG[0m[2026-03-16 10:14:19.478]   opened serial level db persister         [0;36mpath[0m = TestOnly-Epoch_671/Shard_0/id [0;36mcreated pointer[0m = 0xc00033d180 [0;36mglobal db counter[0m = 3 [0;36mNewSerialDB[0m = 0.0026s [0;36mmkdirAll[0m = 0.0002s [0;36mopenLevelDB[0m = 0.0024s 
[0;36mDEBUG[0m[2026-03-16 10:14:19.478]   PruningStorer.processPersistersToClose   [0;36mepochs to close[0m = [669] [0;36mbefore process[0m = [671 670 669] [0;36mafter process[0m = [671 670] 
[0;36mDEBUG[0m[2026-03-16 10:14:19.479]   makeDbPointerNilReturningLast            [0;36mpath[0m = TestOnly-Epoch_669/Shard_0/id [0;36mnilled pointer[0m = 0xc000a0ac40 [0;36mglobal db counter[0m = 2 
[0;36mDEBUG[0m[2026-03-16 10:14:19.479]   processLoop - closing the leveldb process loop [0;36mpath[0m = TestOnly-Epoch_669/Shard_0/id 
[0;36mDEBUG[0m[2026-03-16 10:14:19.479]   batchTimeoutHandle - closing             [0;36mpath[0m = TestOnly-Epoch_669/Shard_0/id 
[0;36mDEBUG[0m[2026-03-16 10:14:19.480]   PruningStorer - change epoch             [0;36munit[0m = id [0;36mepoch[0m = 672 [0;36mbytes in cache[0m = 0 
[0;36mDEBUG[0m[2026-03-16 10:14:19.483]   opened serial level db persister         [0;36mpath[0m = TestOnly-Epoch_672/Shard_0/id [0;36mcreated pointer[0m = 0xc0006aec40 [0;36mglobal db counter[0m = 3 [0;36mNewSerialDB[0m = 0.0023s [0;36mmkdirAll[0m = 0.0002s [0;36mopenLevelDB[0m = 0.0022s 
[0;36mDEBUG[0m[2026-03-16 10:14:19.483]   PruningStorer.processPersistersToClose   [0;36mepochs to close[0m = [670] [0;36mbefore process[0m = [672 671 670] [0;36mafter process[0m = [672 671] 
[0;36mDEBUG[0m[2026-03-16 10:14:19.483]   makeDbPointerNilReturningLast            [0;36mpath[0m = TestOnly-Epoch_670/Shard_0/id [0;36mnilled pointer[0m = 0xc00051ac40 [0;36mglobal db counter[0m = 2 
[0;36mDEBUG[0m[2026-03-16 10:14:19.483]   processLoop - closing the leveldb process loop [0;36mpath[0m = TestOnly-Epoch_670/Shard_0/id 
[0;36mDEBUG[0m[2026-03-16 10:14:19.483]   batchTimeoutHandle - closing             [0;36mpath[0m = TestOnly-Epoch_670/Shard_0/id 
[0;36mDEBUG[0m[2026-03-16 10:14:19.484]   PruningStorer - change epoch             [0;36munit[0m = id [0;36mepoch[0m = 673 [0;36mbytes in cache[0m = 0 
[0;36mDEBUG[0m[2026-03-16 10:14:19.487]   opened serial level db persister         [0;36mpath[0m = TestOnly-Epoch_673/Shard_0/id [0;36mcreated pointer[0m = 0xc000665500 [0;36mglobal db counter[0m = 3 [0;36mNewSerialDB[0m = 0.0025s [0;36mmkdirAll[0m = 0.0001s [0;36mopenLevelDB[0m = 0.0024s 
[0;36mDEBUG[0m[2026-03-16 10:14:19.487]   PruningStorer.processPersistersToClose   [0;36mepochs to close[0m = [671] [0;36mbefore process[0m = [673 672 671] [0;36mafter process[0m = [673 672] 
[0;36mDEBUG[0m[2026-03-16 10:14:19.487]   makeDbPointerNilReturningLast            [0;36mpath[0m = TestOnly-Epoch_671/Shard_0/id [0;36mnilled pointer[0m = 0xc00033d180 [0;36mglobal db counter[0m = 2 
[0;36mDEBUG[0m[2026-03-16 10:14:19.487]   processLoop - closing the leveldb process loop [0;36mpath[0m = TestOnly-Epoch_671/Shard_0/id 
[0;36mDEBUG[0m[2026-03-16 10:14:19.487]   batchTimeoutHandle - closing             [0;36mpath[0m = TestOnly-Epoch_671/Shard_0/id 
[0;36mDEBUG[0m[2026-03-16 10:14:19.490]   PruningStorer - change epoch             [0;36munit[0m = id [0;36mepoch[0m = 674 [0;36mbytes in cache[0m = 0 
[0;36mDEBUG[0m[2026-03-16 10:14:19.493]   opened serial level db persister         [0;36mpath[0m = TestOnly-Epoch_674/Shard_0/id [0;36mcreated pointer[0m = 0xc0005d2000 [0;36mglobal db counter[0m = 3 [0;36mNewSerialDB[0m = 0.0031s [0;36mmkdirAll[0m = 0.0002s [0;36mopenLevelDB[0m = 0.0029s 
[0;36mDEBUG[0m[2026-03-16 10:14:19.493]   PruningStorer.processPersistersToClose   [0;36mepochs to close[0m = [672] [0;36mbefore process[0m = [674 673 672] [0;36mafter process[0m = [674 673] 
[0;36mDEBUG[0m[2026-03-16 10:14:19.493]   makeDbPointerNilReturningLast            [0;36mpath[0m = TestOnly-Epoch_672/Shard_0/id [0;36mnilled pointer[0m = 0xc0006aec40 [0;36mglobal db counter[0m = 2 
[0;36mDEBUG[0m[2026-03-16 10:14:19.493]   processLoop - closing the leveldb process loop [0;36mpath[0m = TestOnly-Epoch_672/Shard_0/id 
[0;36mDEBUG[0m[2026-03-16 10:14:19.493]   batchTimeoutHandle - closing             [0;36mpath[0m = TestOnly-Epoch_672/Shard_0/id 
[0;36mDEBUG[0m[2026-03-16 10:14:19.495]   PruningStorer - change epoch             [0;36munit[0m = id [0;36mepoch[0m = 675 [0;36mbytes in cache[0m = 0 
[0;36mDEBUG[0m[2026-03-16 10:14:19.497]   opened serial level db persister         [0;36mpath[0m = TestOnly-Epoch_675/Shard_0/id [0;36mcreated pointer[0m = 0xc0005d2a80 [0;36mglobal db counter[0m = 3 [0;36mNewSerialDB[0m = 0.0025s [0;36mmkdirAll[0m = 0.0002s [0;36mopenLevelDB[0m = 0.0023s 
[0;36mDEBUG[0m[2026-03-16 10:14:19.497]   PruningStorer.processPersistersToClose   [0;36mepochs to close[0m = [673] [0;36mbefore process[0m = [675 674 673] [0;36mafter process[0m = [675 674] 
[0;36mDEBUG[0m[2026-03-16 10:14:19.498]   makeDbPointerNilReturningLast            [0;36mpath[0m = TestOnly-Epoch_673/Shard_0/id [0;36mnilled pointer[0m = 0xc000665500 [0;36mglobal db counter[0m = 2 
[0;36mDEBUG[0m[2026-03-16 10:14:19.498]   processLoop - closing the leveldb process loop [0;36mpath[0m = TestOnly-Epoch_673/Shard_0/id 
[0;36mDEBUG[0m[2026-03-16 10:14:19.498]   batchTimeoutHandle - closing             [0;36mpath[0m = TestOnly-Epoch_673/Shard_0/id 
[0;36mDEBUG[0m[2026-03-16 10:14:19.499]   PruningStorer - change epoch             [0;36munit[0m = id [0;36mepoch[0m = 676 [0;36mbytes in cache[0m = 0 
[0;36mDEBUG[0m[2026-03-16 10:14:19.502]   opened serial level db persister         [0;36mpath[0m = TestOnly-Epoch_676/Shard_0/id [0;36mcreated pointer[0m = 0xc0006af340 [0;36mglobal db counter[0m = 3 [0;36mNewSerialDB[0m = 0.0029s [0;36mmkdirAll[0m = 0.0002s [0;36mopenLevelDB[0m = 0.0027s 
[0;36mDEBUG[0m[2026-03-16 10:14:19.502]   PruningStorer.processPersistersToClose   [0;36mepochs to close[0m = [674] [0;36mbefore process[0m = [676 675 674] [0;36mafter process[0m = [676 675] 
[0;36mDEBUG[0m[2026-03-16 10:14:19.503]   makeDbPointerNilReturningLast            [0;36mpath[0m = TestOnly-Epoch_674/Shard_0/id [0;36mnilled pointer[0m = 0xc0005d2000 [0;36mglobal db counter[0m = 2 
[0;36mDEBUG[0m[2026-03-16 10:14:19.503]   processLoop - closing the leveldb process loop [0;36mpath[0m = TestOnly-Epoch_674/Shard_0/id 
[0;36mDEBUG[0m[2026-03-16 10:14:19.503]   batchTimeoutHandle - closing             [0;36mpath[0m = TestOnly-Epoch_674/Shard_0/id 
[0;36mDEBUG[0m[2026-03-16 10:14:19.504]   PruningStorer - change epoch             [0;36munit[0m = id [0;36mepoch[0m = 677 [0;36mbytes in cache[0m = 0 
[0;36mDEBUG[0m[2026-03-16 10:14:19.507]   opened serial level db persister         [0;36mpath[0m = TestOnly-Epoch_677/Shard_0/id [0;36mcreated pointer[0m = 0xc0005d36c0 [0;36mglobal db counter[0m = 3 [0;36mNewSerialDB[0m = 0.0030s [0;36mmkdirAll[0m = 0.0001s [0;36mopenLevelDB[0m = 0.0029s 
[0;36mDEBUG[0m[2026-03-16 10:14:19.507]   PruningStorer.processPersistersToClose   [0;36mepochs to close[0m = [675] [0;36mbefore process[0m = [677 676 675] [0;36mafter process[0m = [677 676] 
[0;36mDEBUG[0m[2026-03-16 10:14:19.507]   makeDbPointerNilReturningLast            [0;36mpath[0m = TestOnly-Epoch_675/Shard_0/id [0;36mnilled pointer[0m = 0xc0005d2a80 [0;36mglobal db counter[0m = 2 
[0;36mDEBUG[0m[2026-03-16 10:14:19.507]   processLoop - closing the leveldb process loop [0;36mpath[0m = TestOnly-Epoch_675/Shard_0/id 
[0;36mDEBUG[0m[2026-03-16 10:14:19.507]   batchTimeoutHandle - closing             [0;36mpath[0m = TestOnly-Epoch_675/Shard_0/id 
[0;36mDEBUG[0m[2026-03-16 10:14:19.509]   PruningStorer - change epoch             [0;36munit[0m = id [0;36mepoch[0m = 678 [0;36mbytes in cache[0m = 0 
[0;36mDEBUG[0m[2026-03-16 10:14:19.513]   opened serial level db persister         [0;36mpath[0m = TestOnly-Epoch_678/Shard_0/id [0;36mcreated pointer[0m = 0xc00051a8c0 [0;36mglobal db counter[0m = 3 [0;36mNewSerialDB[0m = 0.0046s [0;36mmkdirAll[0m = 0.0002s [0;36mopenLevelDB[0m = 0.0045s 
[0;36mDEBUG[0m[2026-03-16 10:14:19.513]   PruningStorer.processPersistersToClose   [0;36mepochs to close[0m = [676] [0;36mbefore process[0m = [678 677 676] [0;36mafter process[0m = [678 677] 
[0;36mDEBUG[0m[2026-03-16 10:14:19.514]   makeDbPointerNilReturningLast            [0;36mpath[0m = TestOnly-Epoch_676/Shard_0/id [0;36mnilled pointer[0m = 0xc0006af340 [0;36mglobal db counter[0m = 2 
[0;36mDEBUG[0m[2026-03-16 10:14:19.514]   processLoop - closing the leveldb process loop [0;36mpath[0m = TestOnly-Epoch_676/Shard_0/id 
[0;36mDEBUG[0m[2026-03-16 10:14:19.514]   batchTimeoutHandle - closing             [0;36mpath[0m = TestOnly-Epoch_676/Shard_0/id 
[0;36mDEBUG[0m[2026-03-16 10:14:19.516]   PruningStorer - change epoch             [0;36munit[0m = id [0;36mepoch[0m = 679 [0;36mbytes in cache[0m = 0 
[0;36mDEBUG[0m[2026-03-16 10:14:19.518]   opened serial level db persister         [0;36mpath[0m = TestOnly-Epoch_679/Shard_0/id [0;36mcreated pointer[0m = 0xc00051b500 [0;36mglobal db counter[0m = 3 [0;36mNewSerialDB[0m = 0.0028s [0;36mmkdirAll[0m = 0.0002s [0;36mopenLevelDB[0m = 0.0026s 
[0;36mDEBUG[0m[2026-03-16 10:14:19.519]   PruningStorer.processPersistersToClose   [0;36mepochs to close[0m = [677] [0;36mbefore process[0m = [679 678 677] [0;36mafter process[0m = [679 678] 
[0;36mDEBUG[0m[2026-03-16 10:14:19.519]   makeDbPointerNilReturningLast            [0;36mpath[0m = TestOnly-Epoch_677/Shard_0/id [0;36mnilled pointer[0m = 0xc0005d36c0 [0;36mglobal db counter[0m = 2 
[0;36mDEBUG[0m[2026-03-16 10:14:19.519]   processLoop - closing the leveldb process loop [0;36mpath[0m = TestOnly-Epoch_677/Shard_0/id 
[0;36mDEBUG[0m[2026-03-16 10:14:19.519]   batchTimeoutHandle - closing             [0;36mpath[0m = TestOnly-Epoch_677/Shard_0/id 
[0;36mDEBUG[0m[2026-03-16 10:14:19.521]   PruningStorer - change epoch             [0;36munit[0m = id [0;36mepoch[0m = 680 [0;36mbytes in cache[0m = 0 
[0;36mDEBUG[0m[2026-03-16 10:14:19.524]   opened serial level db persister         [0;36mpath[0m = TestOnly-Epoch_680/Shard_0/id [0;36mcreated pointer[0m = 0xc0005d28c0 [0;36mglobal db counter[0m = 3 [0;36mNewSerialDB[0m = 0.0027s [0;36mmkdirAll[0m = 0.0002s [0;36mopenLevelDB[0m = 0.0025s 
[0;36mDEBUG[0m[2026-03-16 10:14:19.524]   PruningStorer.processPersistersToClose   [0;36mepochs to close[0m = [678] [0;36mbefore process[0m = [680 679 678] [0;36mafter process[0m = [680 679] 
[0;36mDEBUG[0m[2026-03-16 10:14:19.524]   makeDbPointerNilReturningLast            [0;36mpath[0m = TestOnly-Epoch_678/Shard_0/id [0;36mnilled pointer[0m = 0xc00051a8c0 [0;36mglobal db counter[0m = 2 
[0;36mDEBUG[0m[2026-03-16 10:14:19.524]   processLoop - closing the leveldb process loop [0;36mpath[0m = TestOnly-Epoch_678/Shard_0/id 
[0;36mDEBUG[0m[2026-03-16 10:14:19.524]   batchTimeoutHandle - closing             [0;36mpath[0m = TestOnly-Epoch_678/Shard_0/id 
[0;36mDEBUG[0m[2026-03-16 10:14:19.525]   PruningStorer - change epoch             [0;36munit[0m = id [0;36mepoch[0m = 681 [0;36mbytes in cache[0m = 0 
[0;36mDEBUG[0m[2026-03-16 10:14:19.528]   opened serial level db persister         [0;36mpath[0m = TestOnly-Epoch_681/Shard_0/id [0;36mcreated pointer[0m = 0xc000694a80 [0;36mglobal db counter[0m = 3 [0;36mNewSerialDB[0m = 0.0030s [0;36mmkdirAll[0m = 0.0002s [0;36mopenLevelDB[0m = 0.0028s 
[0;36mDEBUG[0m[2026-03-16 10:14:19.528]   PruningStorer.processPersistersToClose   [0;36mepochs to close[0m = [679] [0;36mbefore process[0m = [681 680 679] [0;36mafter process[0m = [681 680] 
[0;36mDEBUG[0m[2026-03-16 10:14:19.529]   makeDbPointerNilReturningLast            [0;36mpath[0m = TestOnly-Epoch_679/Shard_0/id [0;36mnilled pointer[0m = 0xc00051b500 [0;36mglobal db counter[0m = 2 
[0;36mDEBUG[0m[2026-03-16 10:14:19.529]   processLoop - closing the leveldb process loop [0;36mpath[0m = TestOnly-Epoch_679/Shard_0/id 
[0;36mDEBUG[0m[2026-03-16 10:14:19.529]   batchTimeoutHandle - closing             [0;36mpath[0m = TestOnly-Epoch_679/Shard_0/id 
[0;36mDEBUG[0m[2026-03-16 10:14:19.530]   PruningStorer - change epoch             [0;36munit[0m = id [0;36mepoch[0m = 682 [0;36mbytes in cache[0m = 0 
[0;36mDEBUG[0m[2026-03-16 10:14:19.533]   opened serial level db persister         [0;36mpath[0m = TestOnly-Epoch_682/Shard_0/id [0;36mcreated pointer[0m = 0xc0005b0000 [0;36mglobal db counter[0m = 3 [0;36mNewSerialDB[0m = 0.0033s [0;36mmkdirAll[0m = 0.0002s [0;36mopenLevelDB[0m = 0.0031s 
[0;36mDEBUG[0m[2026-03-16 10:14:19.533]   PruningStorer.processPersistersToClose   [0;36mepochs to close[0m = [680] [0;36mbefore process[0m = [682 681 680] [0;36mafter process[0m = [682 681] 
[0;36mDEBUG[0m[2026-03-16 10:14:19.534]   makeDbPointerNilReturningLast            [0;36mpath[0m = TestOnly-Epoch_680/Shard_0/id [0;36mnilled pointer[0m = 0xc0005d28c0 [0;36mglobal db counter[0m = 2 
[0;36mDEBUG[0m[2026-03-16 10:14:19.534]   processLoop - closing the leveldb process loop [0;36mpath[0m = TestOnly-Epoch_680/Shard_0/id 
[0;36mDEBUG[0m[2026-03-16 10:14:19.534]   batchTimeoutHandle - closing             [0;36mpath[0m = TestOnly-Epoch_680/Shard_0/id 
[0;36mDEBUG[0m[2026-03-16 10:14:19.536]   PruningStorer - change epoch             [0;36munit[0m = id [0;36mepoch[0m = 683 [0;36mbytes in cache[0m = 0 
[0;36mDEBUG[0m[2026-03-16 10:14:19.540]   opened serial level db persister         [0;36mpath[0m = TestOnly-Epoch_683/Shard_0/id [0;36mcreated pointer[0m = 0xc0006956c0 [0;36mglobal db counter[0m = 3 [0;36mNewSerialDB[0m = 0.0038s [0;36mmkdirAll[0m = 0.0004s [0;36mopenLevelDB[0m = 0.0034s 
[0;36mDEBUG[0m[2026-03-16 10:14:19.540]   PruningStorer.processPersistersToClose   [0;36mepochs to close[0m = [681] [0;36mbefore process[0m = [683 682 681] [0;36mafter process[0m = [683 682] 
[0;36mDEBUG[0m[2026-03-16 10:14:19.541]   makeDbPointerNilReturningLast            [0;36mpath[0m = TestOnly-Epoch_681/Shard_0/id [0;36mnilled pointer[0m = 0xc000694a80 [0;36mglobal db counter[0m = 2 
[0;36mDEBUG[0m[2026-03-16 10:14:19.541]   processLoop - closing the leveldb process loop [0;36mpath[0m = TestOnly-Epoch_681/Shard_0/id 
[0;36mDEBUG[0m[2026-03-16 10:14:19.541]   batchTimeoutHandle - closing             [0;36mpath[0m = TestOnly-Epoch_681/Shard_0/id 
[0;36mDEBUG[0m[2026-03-16 10:14:19.542]   PruningStorer - change epoch             [0;36munit[0m = id [0;36mepoch[0m = 684 [0;36mbytes in cache[0m = 0 
[0;36mDEBUG[0m[2026-03-16 10:14:19.545]   opened serial level db persister         [0;36mpath[0m = TestOnly-Epoch_684/Shard_0/id [0;36mcreated pointer[0m = 0xc00033a1c0 [0;36mglobal db counter[0m = 3 [0;36mNewSerialDB[0m = 0.0033s [0;36mmkdirAll[0m = 0.0002s [0;36mopenLevelDB[0m = 0.0031s 
[0;36mDEBUG[0m[2026-03-16 10:14:19.545]   PruningStorer.processPersistersToClose   [0;36mepochs to close[0m = [682] [0;36mbefore process[0m = [684 683 682] [0;36mafter process[0m = [684 683] 
[0;36mDEBUG[0m[2026-03-16 10:14:19.546]   makeDbPointerNilReturningLast            [0;36mpath[0m = TestOnly-Epoch_682/Shard_0/id [0;36mnilled pointer[0m = 0xc0005b0000 [0;36mglobal db counter[0m = 2 
[0;36mDEBUG[0m[2026-03-16 10:14:19.546]   processLoop - closing the leveldb process loop [0;36mpath[0m = TestOnly-Epoch_682/Shard_0/id 
[0;36mDEBUG[0m[2026-03-16 10:14:19.546]   batchTimeoutHandle - closing             [0;36mpath[0m = TestOnly-Epoch_682/Shard_0/id 
[0;36mDEBUG[0m[2026-03-16 10:14:19.547]   PruningStorer - change epoch             [0;36munit[0m = id [0;36mepoch[0m = 685 [0;36mbytes in cache[0m = 0 
[0;36mDEBUG[0m[2026-03-16 10:14:19.550]   opened serial level db persister         [0;36mpath[0m = TestOnly-Epoch_685/Shard_0/id [0;36mcreated pointer[0m = 0xc00051b340 [0;36mglobal db counter[0m = 3 [0;36mNewSerialDB[0m = 0.0027s [0;36mmkdirAll[0m = 0.0001s [0;36mopenLevelDB[0m = 0.0026s 
[0;36mDEBUG[0m[2026-03-16 10:14:19.550]   PruningStorer.processPersistersToClose   [0;36mepochs to close[0m = [683] [0;36mbefore process[0m = [685 684 683] [0;36mafter process[0m = [685 684] 
[0;36mDEBUG[0m[2026-03-16 10:14:19.550]   makeDbPointerNilReturningLast            [0;36mpath[0m = TestOnly-Epoch_683/Shard_0/id [0;36mnilled pointer[0m = 0xc0006956c0 [0;36mglobal db counter[0m = 2 
[0;36mDEBUG[0m[2026-03-16 10:14:19.550]   batchTimeoutHandle - closing             [0;36mpath[0m = TestOnly-Epoch_683/Shard_0/id 
[0;36mDEBUG[0m[2026-03-16 10:14:19.550]   processLoop - closing the leveldb process loop [0;36mpath[0m = TestOnly-Epoch_683/Shard_0/id 
[0;36mDEBUG[0m[2026-03-16 10:14:19.551]   PruningStorer - change epoch             [0;36munit[0m = id [0;36mepoch[0m = 686 [0;36mbytes in cache[0m = 0 
[0;36mDEBUG[0m[2026-03-16 10:14:19.554]   opened serial level db persister         [0;36mpath[0m = TestOnly-Epoch_686/Shard_0/id [0;36mcreated pointer[0m = 0xc000584540 [0;36mglobal db counter[0m = 3 [0;36mNewSerialDB[0m = 0.0029s [0;36mmkdirAll[0m = 0.0002s [0;36mopenLevelDB[0m = 0.0027s 
[0;36mDEBUG[0m[2026-03-16 10:14:19.554]   PruningStorer.processPersistersToClose   [0;36mepochs to close[0m = [684] [0;36mbefore process[0m = [686 685 684] [0;36mafter process[0m = [686 685] 
[0;36mDEBUG[0m[2026-03-16 10:14:19.555]   makeDbPointerNilReturningLast            [0;36mpath[0m = TestOnly-Epoch_684/Shard_0/id [0;36mnilled pointer[0m = 0xc00033a1c0 [0;36mglobal db counter[0m = 2 
[0;36mDEBUG[0m[2026-03-16 10:14:19.555]   processLoop - closing the leveldb process loop [0;36mpath[0m = TestOnly-Epoch_684/Shard_0/id 
[0;36mDEBUG[0m[2026-03-16 10:14:19.555]   batchTimeoutHandle - closing             [0;36mpath[0m = TestOnly-Epoch_684/Shard_0/id 
[0;36mDEBUG[0m[2026-03-16 10:14:19.556]   PruningStorer - change epoch             [0;36munit[0m = id [0;36mepoch[0m = 687 [0;36mbytes in cache[0m = 0 
[0;36mDEBUG[0m[2026-03-16 10:14:19.559]   opened serial level db persister         [0;36mpath[0m = TestOnly-Epoch_687/Shard_0/id [0;36mcreated pointer[0m = 0xc0005d3500 [0;36mglobal db counter[0m = 3 [0;36mNewSerialDB[0m = 0.0026s [0;36mmkdirAll[0m = 0.0002s [0;36mopenLevelDB[0m = 0.0024s 
[0;36mDEBUG[0m[2026-03-16 10:14:19.559]   PruningStorer.processPersistersToClose   [0;36mepochs to close[0m = [685] [0;36mbefore process[0m = [687 686 685] [0;36mafter process[0m = [687 686] 
[0;36mDEBUG[0m[2026-03-16 10:14:19.559]   makeDbPointerNilReturningLast            [0;36mpath[0m = TestOnly-Epoch_685/Shard_0/id [0;36mnilled pointer[0m = 0xc00051b340 [0;36mglobal db counter[0m = 2 
[0;36mDEBUG[0m[2026-03-16 10:14:19.559]   processLoop - closing the leveldb process loop [0;36mpath[0m = TestOnly-Epoch_685/Shard_0/id 
[0;36mDEBUG[0m[2026-03-16 10:14:19.559]   batchTimeoutHandle - closing             [0;36mpath[0m = TestOnly-Epoch_685/Shard_0/id 
[0;36mDEBUG[0m[2026-03-16 10:14:19.560]   PruningStorer - change epoch             [0;36munit[0m = id [0;36mepoch[0m = 688 [0;36mbytes in cache[0m = 0 
[0;36mDEBUG[0m[2026-03-16 10:14:19.563]   opened serial level db persister         [0;36mpath[0m = TestOnly-Epoch_688/Shard_0/id [0;36mcreated pointer[0m = 0xc000140540 [0;36mglobal db counter[0m = 3 [0;36mNewSerialDB[0m = 0.0023s [0;36mmkdirAll[0m = 0.0001s [0;36mopenLevelDB[0m = 0.0021s 
[0;36mDEBUG[0m[2026-03-16 10:14:19.563]   PruningStorer.processPersistersToClose   [0;36mepochs to close[0m = [686] [0;36mbefore process[0m = [688 687 686] [0;36mafter process[0m = [688 687] 
[0;36mDEBUG[0m[2026-03-16 10:14:19.563]   makeDbPointerNilReturningLast            [0;36mpath[0m = TestOnly-Epoch_686/Shard_0/id [0;36mnilled pointer[0m = 0xc000584540 [0;36mglobal db counter[0m = 2 
[0;36mDEBUG[0m[2026-03-16 10:14:19.563]   processLoop - closing the leveldb process loop [0;36mpath[0m = TestOnly-Epoch_686/Shard_0/id 
[0;36mDEBUG[0m[2026-03-16 10:14:19.563]   batchTimeoutHandle - closing             [0;36mpath[0m = TestOnly-Epoch_686/Shard_0/id 
[0;36mDEBUG[0m[2026-03-16 10:14:19.565]   PruningStorer - change epoch             [0;36munit[0m = id [0;36mepoch[0m = 689 [0;36mbytes in cache[0m = 0 
[0;36mDEBUG[0m[2026-03-16 10:14:19.567]   opened serial level db persister         [0;36mpath[0m = TestOnly-Epoch_689/Shard_0/id [0;36mcreated pointer[0m = 0xc00051a540 [0;36mglobal db counter[0m = 3 [0;36mNewSerialDB[0m = 0.0025s [0;36mmkdirAll[0m = 0.0002s [0;36mopenLevelDB[0m = 0.0023s 
[0;36mDEBUG[0m[2026-03-16 10:14:19.567]   PruningStorer.processPersistersToClose   [0;36mepochs to close[0m = [687] [0;36mbefore process[0m = [689 688 687] [0;36mafter process[0m = [689 688] 
[0;36mDEBUG[0m[2026-03-16 10:14:19.568]   makeDbPointerNilReturningLast            [0;36mpath[0m = TestOnly-Epoch_687/Shard_0/id [0;36mnilled pointer[0m = 0xc0005d3500 [0;36mglobal db counter[0m = 2 
[0;36mDEBUG[0m[2026-03-16 10:14:19.568]   processLoop - closing the leveldb process loop [0;36mpath[0m = TestOnly-Epoch_687/Shard_0/id 
[0;36mDEBUG[0m[2026-03-16 10:14:19.568]   batchTimeoutHandle - closing             [0;36mpath[0m = TestOnly-Epoch_687/Shard_0/id 
[0;36mDEBUG[0m[2026-03-16 10:14:19.570]   PruningStorer - change epoch             [0;36munit[0m = id [0;36mepoch[0m = 690 [0;36mbytes in cache[0m = 0 
[0;36mDEBUG[0m[2026-03-16 10:14:19.574]   opened serial level db persister         [0;36mpath[0m = TestOnly-Epoch_690/Shard_0/id [0;36mcreated pointer[0m = 0xc00032aa80 [0;36mglobal db counter[0m = 3 [0;36mNewSerialDB[0m = 0.0043s [0;36mmkdirAll[0m = 0.0001s [0;36mopenLevelDB[0m = 0.0041s 
[0;36mDEBUG[0m[2026-03-16 10:14:19.574]   PruningStorer.processPersistersToClose   [0;36mepochs to close[0m = [688] [0;36mbefore process[0m = [690 689 688] [0;36mafter process[0m = [690 689] 
[0;36mDEBUG[0m[2026-03-16 10:14:19.575]   makeDbPointerNilReturningLast            [0;36mpath[0m = TestOnly-Epoch_688/Shard_0/id [0;36mnilled pointer[0m = 0xc000140540 [0;36mglobal db counter[0m = 2 
[0;36mDEBUG[0m[2026-03-16 10:14:19.575]   processLoop - closing the leveldb process loop [0;36mpath[0m = TestOnly-Epoch_688/Shard_0/id 
[0;36mDEBUG[0m[2026-03-16 10:14:19.575]   batchTimeoutHandle - closing             [0;36mpath[0m = TestOnly-Epoch_688/Shard_0/id 
[0;36mDEBUG[0m[2026-03-16 10:14:19.576]   PruningStorer - change epoch             [0;36munit[0m = id [0;36mepoch[0m = 691 [0;36mbytes in cache[0m = 0 
[0;36mDEBUG[0m[2026-03-16 10:14:19.579]   opened serial level db persister         [0;36mpath[0m = TestOnly-Epoch_691/Shard_0/id [0;36mcreated pointer[0m = 0xc0001401c0 [0;36mglobal db counter[0m = 3 [0;36mNewSerialDB[0m = 0.0030s [0;36mmkdirAll[0m = 0.0002s [0;36mopenLevelDB[0m = 0.0028s 
[0;36mDEBUG[0m[2026-03-16 10:14:19.579]   PruningStorer.processPersistersToClose   [0;36mepochs to close[0m = [689] [0;36mbefore process[0m = [691 690 689] [0;36mafter process[0m = [691 690] 
[0;36mDEBUG[0m[2026-03-16 10:14:19.580]   makeDbPointerNilReturningLast            [0;36mpath[0m = TestOnly-Epoch_689/Shard_0/id [0;36mnilled pointer[0m = 0xc00051a540 [0;36mglobal db counter[0m = 2 
[0;36mDEBUG[0m[2026-03-16 10:14:19.580]   processLoop - closing the leveldb process loop [0;36mpath[0m = TestOnly-Epoch_689/Shard_0/id 
[0;36mDEBUG[0m[2026-03-16 10:14:19.580]   batchTimeoutHandle - closing             [0;36mpath[0m = TestOnly-Epoch_689/Shard_0/id 
[0;36mDEBUG[0m[2026-03-16 10:14:19.581]   PruningStorer - change epoch             [0;36munit[0m = id [0;36mepoch[0m = 692 [0;36mbytes in cache[0m = 0 
[0;36mDEBUG[0m[2026-03-16 10:14:19.583]   opened serial level db persister         [0;36mpath[0m = TestOnly-Epoch_692/Shard_0/id [0;36mcreated pointer[0m = 0xc00033a540 [0;36mglobal db counter[0m = 3 [0;36mNewSerialDB[0m = 0.0026s [0;36mmkdirAll[0m = 0.0002s [0;36mopenLevelDB[0m = 0.0024s 
[0;36mDEBUG[0m[2026-03-16 10:14:19.583]   PruningStorer.processPersistersToClose   [0;36mepochs to close[0m = [690] [0;36mbefore process[0m = [692 691 690] [0;36mafter process[0m = [692 691] 
[0;36mDEBUG[0m[2026-03-16 10:14:19.584]   makeDbPointerNilReturningLast            [0;36mpath[0m = TestOnly-Epoch_690/Shard_0/id [0;36mnilled pointer[0m = 0xc00032aa80 [0;36mglobal db counter[0m = 2 
[0;36mDEBUG[0m[2026-03-16 10:14:19.584]   processLoop - closing the leveldb process loop [0;36mpath[0m = TestOnly-Epoch_690/Shard_0/id 
[0;36mDEBUG[0m[2026-03-16 10:14:19.584]   batchTimeoutHandle - closing             [0;36mpath[0m = TestOnly-Epoch_690/Shard_0/id 
[0;36mDEBUG[0m[2026-03-16 10:14:19.585]   PruningStorer - change epoch             [0;36munit[0m = id [0;36mepoch[0m = 693 [0;36mbytes in cache[0m = 0 
[0;36mDEBUG[0m[2026-03-16 10:14:19.588]   opened serial level db persister         [0;36mpath[0m = TestOnly-Epoch_693/Shard_0/id [0;36mcreated pointer[0m = 0xc00051b6c0 [0;36mglobal db counter[0m = 3 [0;36mNewSerialDB[0m = 0.0025s [0;36mmkdirAll[0m = 0.0002s [0;36mopenLevelDB[0m = 0.0024s 
[0;36mDEBUG[0m[2026-03-16 10:14:19.588]   PruningStorer.processPersistersToClose   [0;36mepochs to close[0m = [691] [0;36mbefore process[0m = [693 692 691] [0;36mafter process[0m = [693 692] 
[0;36mDEBUG[0m[2026-03-16 10:14:19.588]   makeDbPointerNilReturningLast            [0;36mpath[0m = TestOnly-Epoch_691/Shard_0/id [0;36mnilled pointer[0m = 0xc0001401c0 [0;36mglobal db counter[0m = 2 
[0;36mDEBUG[0m[2026-03-16 10:14:19.588]   processLoop - closing the leveldb process loop [0;36mpath[0m = TestOnly-Epoch_691/Shard_0/id 
[0;36mDEBUG[0m[2026-03-16 10:14:19.588]   batchTimeoutHandle - closing             [0;36mpath[0m = TestOnly-Epoch_691/Shard_0/id 
[0;36mDEBUG[0m[2026-03-16 10:14:19.589]   PruningStorer - change epoch             [0;36munit[0m = id [0;36mepoch[0m = 694 [0;36mbytes in cache[0m = 0 
[0;36mDEBUG[0m[2026-03-16 10:14:19.593]   opened serial level db persister         [0;36mpath[0m = TestOnly-Epoch_694/Shard_0/id [0;36mcreated pointer[0m = 0xc0006aefc0 [0;36mglobal db counter[0m = 3 [0;36mNewSerialDB[0m = 0.0030s [0;36mmkdirAll[0m = 0.0002s [0;36mopenLevelDB[0m = 0.0028s 
[0;36mDEBUG[0m[2026-03-16 10:14:19.593]   PruningStorer.processPersistersToClose   [0;36mepochs to close[0m = [692] [0;36mbefore process[0m = [694 693 692] [0;36mafter process[0m = [694 693] 
[0;36mDEBUG[0m[2026-03-16 10:14:19.593]   makeDbPointerNilReturningLast            [0;36mpath[0m = TestOnly-Epoch_692/Shard_0/id [0;36mnilled pointer[0m = 0xc00033a540 [0;36mglobal db counter[0m = 2 
[0;36mDEBUG[0m[2026-03-16 10:14:19.593]   processLoop - closing the leveldb process loop [0;36mpath[0m = TestOnly-Epoch_692/Shard_0/id 
[0;36mDEBUG[0m[2026-03-16 10:14:19.593]   batchTimeoutHandle - closing             [0;36mpath[0m = TestOnly-Epoch_692/Shard_0/id 
[0;36mDEBUG[0m[2026-03-16 10:14:19.594]   PruningStorer - change epoch             [0;36munit[0m = id [0;36mepoch[0m = 695 [0;36mbytes in cache[0m = 0 
[0;36mDEBUG[0m[2026-03-16 10:14:19.597]   opened serial level db persister         [0;36mpath[0m = TestOnly-Epoch_695/Shard_0/id [0;36mcreated pointer[0m = 0xc0001408c0 [0;36mglobal db counter[0m = 3 [0;36mNewSerialDB[0m = 0.0025s [0;36mmkdirAll[0m = 0.0002s [0;36mopenLevelDB[0m = 0.0024s 
[0;36mDEBUG[0m[2026-03-16 10:14:19.597]   PruningStorer.processPersistersToClose   [0;36mepochs to close[0m = [693] [0;36mbefore process[0m = [695 694 693] [0;36mafter process[0m = [695 694] 
[0;36mDEBUG[0m[2026-03-16 10:14:19.597]   makeDbPointerNilReturningLast            [0;36mpath[0m = TestOnly-Epoch_693/Shard_0/id [0;36mnilled pointer[0m = 0xc00051b6c0 [0;36mglobal db counter[0m = 2 
[0;36mDEBUG[0m[2026-03-16 10:14:19.597]   processLoop - closing the leveldb process loop [0;36mpath[0m = TestOnly-Epoch_693/Shard_0/id 
[0;36mDEBUG[0m[2026-03-16 10:14:19.597]   batchTimeoutHandle - closing             [0;36mpath[0m = TestOnly-Epoch_693/Shard_0/id 
[0;36mDEBUG[0m[2026-03-16 10:14:19.599]   PruningStorer - change epoch             [0;36munit[0m = id [0;36mepoch[0m = 696 [0;36mbytes in cache[0m = 0 
[0;36mDEBUG[0m[2026-03-16 10:14:19.601]   opened serial level db persister         [0;36mpath[0m = TestOnly-Epoch_696/Shard_0/id [0;36mcreated pointer[0m = 0xc00032a000 [0;36mglobal db counter[0m = 3 [0;36mNewSerialDB[0m = 0.0027s [0;36mmkdirAll[0m = 0.0002s [0;36mopenLevelDB[0m = 0.0026s 
[0;36mDEBUG[0m[2026-03-16 10:14:19.601]   PruningStorer.processPersistersToClose   [0;36mepochs to close[0m = [694] [0;36mbefore process[0m = [696 695 694] [0;36mafter process[0m = [696 695] 
[0;36mDEBUG[0m[2026-03-16 10:14:19.602]   makeDbPointerNilReturningLast            [0;36mpath[0m = TestOnly-Epoch_694/Shard_0/id [0;36mnilled pointer[0m = 0xc0006aefc0 [0;36mglobal db counter[0m = 2 
[0;36mDEBUG[0m[2026-03-16 10:14:19.602]   processLoop - closing the leveldb process loop [0;36mpath[0m = TestOnly-Epoch_694/Shard_0/id 
[0;36mDEBUG[0m[2026-03-16 10:14:19.602]   batchTimeoutHandle - closing             [0;36mpath[0m = TestOnly-Epoch_694/Shard_0/id 
[0;36mDEBUG[0m[2026-03-16 10:14:19.603]   PruningStorer - change epoch             [0;36munit[0m = id [0;36mepoch[0m = 697 [0;36mbytes in cache[0m = 0 
[0;36mDEBUG[0m[2026-03-16 10:14:19.607]   opened serial level db persister         [0;36mpath[0m = TestOnly-Epoch_697/Shard_0/id [0;36mcreated pointer[0m = 0xc000694000 [0;36mglobal db counter[0m = 3 [0;36mNewSerialDB[0m = 0.0033s [0;36mmkdirAll[0m = 0.0002s [0;36mopenLevelDB[0m = 0.0031s 
[0;36mDEBUG[0m[2026-03-16 10:14:19.607]   PruningStorer.processPersistersToClose   [0;36mepochs to close[0m = [695] [0;36mbefore process[0m = [697 696 695] [0;36mafter process[0m = [697 696] 
[0;36mDEBUG[0m[2026-03-16 10:14:19.607]   makeDbPointerNilReturningLast            [0;36mpath[0m = TestOnly-Epoch_695/Shard_0/id [0;36mnilled pointer[0m = 0xc0001408c0 [0;36mglobal db counter[0m = 2 
[0;36mDEBUG[0m[2026-03-16 10:14:19.607]   processLoop - closing the leveldb process loop [0;36mpath[0m = TestOnly-Epoch_695/Shard_0/id 
[0;36mDEBUG[0m[2026-03-16 10:14:19.607]   batchTimeoutHandle - closing             [0;36mpath[0m = TestOnly-Epoch_695/Shard_0/id 
[0;36mDEBUG[0m[2026-03-16 10:14:19.608]   PruningStorer - change epoch             [0;36munit[0m = id [0;36mepoch[0m = 698 [0;36mbytes in cache[0m = 0 
[0;36mDEBUG[0m[2026-03-16 10:14:19.612]   opened serial level db persister         [0;36mpath[0m = TestOnly-Epoch_698/Shard_0/id [0;36mcreated pointer[0m = 0xc00033ac40 [0;36mglobal db counter[0m = 3 [0;36mNewSerialDB[0m = 0.0034s [0;36mmkdirAll[0m = 0.0002s [0;36mopenLevelDB[0m = 0.0032s 
[0;36mDEBUG[0m[2026-03-16 10:14:19.612]   PruningStorer.processPersistersToClose   [0;36mepochs to close[0m = [696] [0;36mbefore process[0m = [698 697 696] [0;36mafter process[0m = [698 697] 
[0;36mDEBUG[0m[2026-03-16 10:14:19.612]   makeDbPointerNilReturningLast            [0;36mpath[0m = TestOnly-Epoch_696/Shard_0/id [0;36mnilled pointer[0m = 0xc00032a000 [0;36mglobal db counter[0m = 2 
[0;36mDEBUG[0m[2026-03-16 10:14:19.612]   processLoop - closing the leveldb process loop [0;36mpath[0m = TestOnly-Epoch_696/Shard_0/id 
[0;36mDEBUG[0m[2026-03-16 10:14:19.612]   batchTimeoutHandle - closing             [0;36mpath[0m = TestOnly-Epoch_696/Shard_0/id 
[0;36mDEBUG[0m[2026-03-16 10:14:19.614]   PruningStorer - change epoch             [0;36munit[0m = id [0;36mepoch[0m = 699 [0;36mbytes in cache[0m = 0 
[0;36mDEBUG[0m[2026-03-16 10:14:19.616]   opened serial level db persister         [0;36mpath[0m = TestOnly-Epoch_699/Shard_0/id [0;36mcreated pointer[0m = 0xc00033afc0 [0;36mglobal db counter[0m = 3 [0;36mNewSerialDB[0m = 0.0026s [0;36mmkdirAll[0m = 0.0002s [0;36mopenLevelDB[0m = 0.0025s 
[0;36mDEBUG[0m[2026-03-16 10:14:19.616]   PruningStorer.processPersistersToClose   [0;36mepochs to close[0m = [697] [0;36mbefore process[0m = [699 698 697] [0;36mafter process[0m = [699 698] 
[0;36mDEBUG[0m[2026-03-16 10:14:19.617]   makeDbPointerNilReturningLast            [0;36mpath[0m = TestOnly-Epoch_697/Shard_0/id [0;36mnilled pointer[0m = 0xc000694000 [0;36mglobal db counter[0m = 2 
[0;36mDEBUG[0m[2026-03-16 10:14:19.617]   processLoop - closing the leveldb process loop [0;36mpath[0m = TestOnly-Epoch_697/Shard_0/id 
[0;36mDEBUG[0m[2026-03-16 10:14:19.617]   batchTimeoutHandle - closing             [0;36mpath[0m = TestOnly-Epoch_697/Shard_0/id 
[0;36mDEBUG[0m[2026-03-16 10:14:19.618]   PruningStorer - change epoch             [0;36munit[0m = id [0;36mepoch[0m = 700 [0;36mbytes in cache[0m = 0 
[0;36mDEBUG[0m[2026-03-16 10:14:19.620]   opened serial level db persister         [0;36mpath[0m = TestOnly-Epoch_700/Shard_0/id [0;36mcreated pointer[0m = 0xc0006af180 [0;36mglobal db counter[0m = 3 [0;36mNewSerialDB[0m = 0.0024s [0;36mmkdirAll[0m = 0.0001s [0;36mopenLevelDB[0m = 0.0023s 
[0;36mDEBUG[0m[2026-03-16 10:14:19.620]   PruningStorer.processPersistersToClose   [0;36mepochs to close[0m = [698] [0;36mbefore process[0m = [700 699 698] [0;36mafter process[0m = [700 699] 
[0;36mDEBUG[0m[2026-03-16 10:14:19.621]   makeDbPointerNilReturningLast            [0;36mpath[0m = TestOnly-Epoch_698/Shard_0/id [0;36mnilled pointer[0m = 0xc00033ac40 [0;36mglobal db counter[0m = 2 
[0;36mDEBUG[0m[2026-03-16 10:14:19.621]   processLoop - closing the leveldb process loop [0;36mpath[0m = TestOnly-Epoch_698/Shard_0/id 
[0;36mDEBUG[0m[2026-03-16 10:14:19.621]   batchTimeoutHandle - closing             [0;36mpath[0m = TestOnly-Epoch_698/Shard_0/id 
[0;36mDEBUG[0m[2026-03-16 10:14:19.622]   PruningStorer - change epoch             [0;36munit[0m = id [0;36mepoch[0m = 701 [0;36mbytes in cache[0m = 0 
[0;36mDEBUG[0m[2026-03-16 10:14:19.625]   opened serial level db persister         [0;36mpath[0m = TestOnly-Epoch_701/Shard_0/id [0;36mcreated pointer[0m = 0xc000140700 [0;36mglobal db counter[0m = 3 [0;36mNewSerialDB[0m = 0.0025s [0;36mmkdirAll[0m = 0.0002s [0;36mopenLevelDB[0m = 0.0023s 
[0;36mDEBUG[0m[2026-03-16 10:14:19.625]   PruningStorer.processPersistersToClose   [0;36mepochs to close[0m = [699] [0;36mbefore process[0m = [701 700 699] [0;36mafter process[0m = [701 700] 
[0;36mDEBUG[0m[2026-03-16 10:14:19.625]   makeDbPointerNilReturningLast            [0;36mpath[0m = TestOnly-Epoch_699/Shard_0/id [0;36mnilled pointer[0m = 0xc00033afc0 [0;36mglobal db counter[0m = 2 
[0;36mDEBUG[0m[2026-03-16 10:14:19.625]   processLoop - closing the leveldb process loop [0;36mpath[0m = TestOnly-Epoch_699/Shard_0/id 
[0;36mDEBUG[0m[2026-03-16 10:14:19.625]   batchTimeoutHandle - closing             [0;36mpath[0m = TestOnly-Epoch_699/Shard_0/id 
[0;36mDEBUG[0m[2026-03-16 10:14:19.626]   PruningStorer - change epoch             [0;36munit[0m = id [0;36mepoch[0m = 702 [0;36mbytes in cache[0m = 0 
[0;36mDEBUG[0m[2026-03-16 10:14:19.629]   opened serial level db persister         [0;36mpath[0m = TestOnly-Epoch_702/Shard_0/id [0;36mcreated pointer[0m = 0xc00032b500 [0;36mglobal db counter[0m = 3 [0;36mNewSerialDB[0m = 0.0027s [0;36mmkdirAll[0m = 0.0001s [0;36mopenLevelDB[0m = 0.0026s 
[0;36mDEBUG[0m[2026-03-16 10:14:19.629]   PruningStorer.processPersistersToClose   [0;36mepochs to close[0m = [700] [0;36mbefore process[0m = [702 701 700] [0;36mafter process[0m = [702 701] 
[0;36mDEBUG[0m[2026-03-16 10:14:19.630]   makeDbPointerNilReturningLast            [0;36mpath[0m = TestOnly-Epoch_700/Shard_0/id [0;36mnilled pointer[0m = 0xc0006af180 [0;36mglobal db counter[0m = 2 
[0;36mDEBUG[0m[2026-03-16 10:14:19.630]   processLoop - closing the leveldb process loop [0;36mpath[0m = TestOnly-Epoch_700/Shard_0/id 
[0;36mDEBUG[0m[2026-03-16 10:14:19.630]   batchTimeoutHandle - closing             [0;36mpath[0m = TestOnly-Epoch_700/Shard_0/id 
[0;36mDEBUG[0m[2026-03-16 10:14:19.631]   PruningStorer - change epoch             [0;36munit[0m = id [0;36mepoch[0m = 703 [0;36mbytes in cache[0m = 0 
[0;36mDEBUG[0m[2026-03-16 10:14:19.634]   opened serial level db persister         [0;36mpath[0m = TestOnly-Epoch_703/Shard_0/id [0;36mcreated pointer[0m = 0xc00033ae00 [0;36mglobal db counter[0m = 3 [0;36mNewSerialDB[0m = 0.0033s [0;36mmkdirAll[0m = 0.0002s [0;36mopenLevelDB[0m = 0.0031s 
[0;36mDEBUG[0m[2026-03-16 10:14:19.634]   PruningStorer.processPersistersToClose   [0;36mepochs to close[0m = [701] [0;36mbefore process[0m = [703 702 701] [0;36mafter process[0m = [703 702] 
[0;36mDEBUG[0m[2026-03-16 10:14:19.635]   makeDbPointerNilReturningLast            [0;36mpath[0m = TestOnly-Epoch_701/Shard_0/id [0;36mnilled pointer[0m = 0xc000140700 [0;36mglobal db counter[0m = 2 
[0;36mDEBUG[0m[2026-03-16 10:14:19.635]   processLoop - closing the leveldb process loop [0;36mpath[0m = TestOnly-Epoch_701/Shard_0/id 
[0;36mDEBUG[0m[2026-03-16 10:14:19.635]   batchTimeoutHandle - closing             [0;36mpath[0m = TestOnly-Epoch_701/Shard_0/id 
[0;36mDEBUG[0m[2026-03-16 10:14:19.636]   PruningStorer - change epoch             [0;36munit[0m = id [0;36mepoch[0m = 704 [0;36mbytes in cache[0m = 0 
[0;36mDEBUG[0m[2026-03-16 10:14:19.639]   opened serial level db persister         [0;36mpath[0m = TestOnly-Epoch_704/Shard_0/id [0;36mcreated pointer[0m = 0xc000140c40 [0;36mglobal db counter[0m = 3 [0;36mNewSerialDB[0m = 0.0034s [0;36mmkdirAll[0m = 0.0001s [0;36mopenLevelDB[0m = 0.0032s 
[0;36mDEBUG[0m[2026-03-16 10:14:19.639]   PruningStorer.processPersistersToClose   [0;36mepochs to close[0m = [702] [0;36mbefore process[0m = [704 703 702] [0;36mafter process[0m = [704 703] 
[0;36mDEBUG[0m[2026-03-16 10:14:19.640]   makeDbPointerNilReturningLast            [0;36mpath[0m = TestOnly-Epoch_702/Shard_0/id [0;36mnilled pointer[0m = 0xc00032b500 [0;36mglobal db counter[0m = 2 
[0;36mDEBUG[0m[2026-03-16 10:14:19.640]   processLoop - closing the leveldb process loop [0;36mpath[0m = TestOnly-Epoch_702/Shard_0/id 
[0;36mDEBUG[0m[2026-03-16 10:14:19.640]   batchTimeoutHandle - closing             [0;36mpath[0m = TestOnly-Epoch_702/Shard_0/id 
[0;36mDEBUG[0m[2026-03-16 10:14:19.641]   PruningStorer - change epoch             [0;36munit[0m = id [0;36mepoch[0m = 705 [0;36mbytes in cache[0m = 0 
[0;36mDEBUG[0m[2026-03-16 10:14:19.645]   opened serial level db persister         [0;36mpath[0m = TestOnly-Epoch_705/Shard_0/id [0;36mcreated pointer[0m = 0xc000546700 [0;36mglobal db counter[0m = 3 [0;36mNewSerialDB[0m = 0.0033s [0;36mmkdirAll[0m = 0.0001s [0;36mopenLevelDB[0m = 0.0031s 
[0;36mDEBUG[0m[2026-03-16 10:14:19.645]   PruningStorer.processPersistersToClose   [0;36mepochs to close[0m = [703] [0;36mbefore process[0m = [705 704 703] [0;36mafter process[0m = [705 704] 
[0;36mDEBUG[0m[2026-03-16 10:14:19.645]   makeDbPointerNilReturningLast            [0;36mpath[0m = TestOnly-Epoch_703/Shard_0/id [0;36mnilled pointer[0m = 0xc00033ae00 [0;36mglobal db counter[0m = 2 
[0;36mDEBUG[0m[2026-03-16 10:14:19.645]   batchTimeoutHandle - closing             [0;36mpath[0m = TestOnly-Epoch_703/Shard_0/id 
[0;36mDEBUG[0m[2026-03-16 10:14:19.645]   processLoop - closing the leveldb process loop [0;36mpath[0m = TestOnly-Epoch_703/Shard_0/id 
[0;36mDEBUG[0m[2026-03-16 10:14:19.646]   PruningStorer - change epoch             [0;36munit[0m = id [0;36mepoch[0m = 706 [0;36mbytes in cache[0m = 0 
[0;36mDEBUG[0m[2026-03-16 10:14:19.649]   opened serial level db persister         [0;36mpath[0m = TestOnly-Epoch_706/Shard_0/id [0;36mcreated pointer[0m = 0xc000161880 [0;36mglobal db counter[0m = 3 [0;36mNewSerialDB[0m = 0.0028s [0;36mmkdirAll[0m = 0.0001s [0;36mopenLevelDB[0m = 0.0026s 
[0;36mDEBUG[0m[2026-03-16 10:14:19.649]   PruningStorer.processPersistersToClose   [0;36mepochs to close[0m = [704] [0;36mbefore process[0m = [706 705 704] [0;36mafter process[0m = [706 705] 
[0;36mDEBUG[0m[2026-03-16 10:14:19.650]   makeDbPointerNilReturningLast            [0;36mpath[0m = TestOnly-Epoch_704/Shard_0/id [0;36mnilled pointer[0m = 0xc000140c40 [0;36mglobal db counter[0m = 2 
[0;36mDEBUG[0m[2026-03-16 10:14:19.650]   processLoop - closing the leveldb process loop [0;36mpath[0m = TestOnly-Epoch_704/Shard_0/id 
[0;36mDEBUG[0m[2026-03-16 10:14:19.650]   batchTimeoutHandle - closing             [0;36mpath[0m = TestOnly-Epoch_704/Shard_0/id 
[0;36mDEBUG[0m[2026-03-16 10:14:19.651]   PruningStorer - change epoch             [0;36munit[0m = id [0;36mepoch[0m = 707 [0;36mbytes in cache[0m = 0 
[0;36mDEBUG[0m[2026-03-16 10:14:19.659]   opened serial level db persister         [0;36mpath[0m = TestOnly-Epoch_707/Shard_0/id [0;36mcreated pointer[0m = 0xc000546a80 [0;36mglobal db counter[0m = 3 [0;36mNewSerialDB[0m = 0.0075s [0;36mmkdirAll[0m = 0.0002s [0;36mopenLevelDB[0m = 0.0073s 
[0;36mDEBUG[0m[2026-03-16 10:14:19.659]   PruningStorer.processPersistersToClose   [0;36mepochs to close[0m = [705] [0;36mbefore process[0m = [707 706 705] [0;36mafter process[0m = [707 706] 
[0;36mDEBUG[0m[2026-03-16 10:14:19.659]   makeDbPointerNilReturningLast            [0;36mpath[0m = TestOnly-Epoch_705/Shard_0/id [0;36mnilled pointer[0m = 0xc000546700 [0;36mglobal db counter[0m = 2 
[0;36mDEBUG[0m[2026-03-16 10:14:19.659]   processLoop - closing the leveldb process loop [0;36mpath[0m = TestOnly-Epoch_705/Shard_0/id 
[0;36mDEBUG[0m[2026-03-16 10:14:19.659]   batchTimeoutHandle - closing             [0;36mpath[0m = TestOnly-Epoch_705/Shard_0/id 
[0;36mDEBUG[0m[2026-03-16 10:14:19.661]   PruningStorer - change epoch             [0;36munit[0m = id [0;36mepoch[0m = 708 [0;36mbytes in cache[0m = 0 
[0;36mDEBUG[0m[2026-03-16 10:14:19.667]   opened serial level db persister         [0;36mpath[0m = TestOnly-Epoch_708/Shard_0/id [0;36mcreated pointer[0m = 0xc00033aa80 [0;36mglobal db counter[0m = 3 [0;36mNewSerialDB[0m = 0.0057s [0;36mmkdirAll[0m = 0.0002s [0;36mopenLevelDB[0m = 0.0055s 
[0;36mDEBUG[0m[2026-03-16 10:14:19.667]   PruningStorer.processPersistersToClose   [0;36mepochs to close[0m = [706] [0;36mbefore process[0m = [708 707 706] [0;36mafter process[0m = [708 707] 
[0;36mDEBUG[0m[2026-03-16 10:14:19.667]   makeDbPointerNilReturningLast            [0;36mpath[0m = TestOnly-Epoch_706/Shard_0/id [0;36mnilled pointer[0m = 0xc000161880 [0;36mglobal db counter[0m = 2 
[0;36mDEBUG[0m[2026-03-16 10:14:19.667]   processLoop - closing the leveldb process loop [0;36mpath[0m = TestOnly-Epoch_706/Shard_0/id 
[0;36mDEBUG[0m[2026-03-16 10:14:19.667]   batchTimeoutHandle - closing             [0;36mpath[0m = TestOnly-Epoch_706/Shard_0/id 
[0;36mDEBUG[0m[2026-03-16 10:14:19.668]   PruningStorer - change epoch             [0;36munit[0m = id [0;36mepoch[0m = 709 [0;36mbytes in cache[0m = 0 
[0;36mDEBUG[0m[2026-03-16 10:14:19.671]   opened serial level db persister         [0;36mpath[0m = TestOnly-Epoch_709/Shard_0/id [0;36mcreated pointer[0m = 0xc00032ae00 [0;36mglobal db counter[0m = 3 [0;36mNewSerialDB[0m = 0.0028s [0;36mmkdirAll[0m = 0.0002s [0;36mopenLevelDB[0m = 0.0026s 
[0;36mDEBUG[0m[2026-03-16 10:14:19.671]   PruningStorer.processPersistersToClose   [0;36mepochs to close[0m = [707] [0;36mbefore process[0m = [709 708 707] [0;36mafter process[0m = [709 708] 
[0;36mDEBUG[0m[2026-03-16 10:14:19.672]   makeDbPointerNilReturningLast            [0;36mpath[0m = TestOnly-Epoch_707/Shard_0/id [0;36mnilled pointer[0m = 0xc000546a80 [0;36mglobal db counter[0m = 2 
[0;36mDEBUG[0m[2026-03-16 10:14:19.672]   processLoop - closing the leveldb process loop [0;36mpath[0m = TestOnly-Epoch_707/Shard_0/id 
[0;36mDEBUG[0m[2026-03-16 10:14:19.672]   batchTimeoutHandle - closing             [0;36mpath[0m = TestOnly-Epoch_707/Shard_0/id 
[0;36mDEBUG[0m[2026-03-16 10:14:19.673]   PruningStorer - change epoch             [0;36munit[0m = id [0;36mepoch[0m = 710 [0;36mbytes in cache[0m = 0 
[0;36mDEBUG[0m[2026-03-16 10:14:19.677]   opened serial level db persister         [0;36mpath[0m = TestOnly-Epoch_710/Shard_0/id [0;36mcreated pointer[0m = 0xc000512540 [0;36mglobal db counter[0m = 3 [0;36mNewSerialDB[0m = 0.0037s [0;36mmkdirAll[0m = 0.0002s [0;36mopenLevelDB[0m = 0.0035s 
[0;36mDEBUG[0m[2026-03-16 10:14:19.677]   PruningStorer.processPersistersToClose   [0;36mepochs to close[0m = [708] [0;36mbefore process[0m = [710 709 708] [0;36mafter process[0m = [710 709] 
[0;36mDEBUG[0m[2026-03-16 10:14:19.678]   makeDbPointerNilReturningLast            [0;36mpath[0m = TestOnly-Epoch_708/Shard_0/id [0;36mnilled pointer[0m = 0xc00033aa80 [0;36mglobal db counter[0m = 2 
[0;36mDEBUG[0m[2026-03-16 10:14:19.678]   processLoop - closing the leveldb process loop [0;36mpath[0m = TestOnly-Epoch_708/Shard_0/id 
[0;36mDEBUG[0m[2026-03-16 10:14:19.678]   batchTimeoutHandle - closing             [0;36mpath[0m = TestOnly-Epoch_708/Shard_0/id 
[0;36mDEBUG[0m[2026-03-16 10:14:19.679]   PruningStorer - change epoch             [0;36munit[0m = id [0;36mepoch[0m = 711 [0;36mbytes in cache[0m = 0 
[0;36mDEBUG[0m[2026-03-16 10:14:19.682]   opened serial level db persister         [0;36mpath[0m = TestOnly-Epoch_711/Shard_0/id [0;36mcreated pointer[0m = 0xc00033b340 [0;36mglobal db counter[0m = 3 [0;36mNewSerialDB[0m = 0.0031s [0;36mmkdirAll[0m = 0.0002s [0;36mopenLevelDB[0m = 0.0029s 
[0;36mDEBUG[0m[2026-03-16 10:14:19.682]   PruningStorer.processPersistersToClose   [0;36mepochs to close[0m = [709] [0;36mbefore process[0m = [711 710 709] [0;36mafter process[0m = [711 710] 
[0;36mDEBUG[0m[2026-03-16 10:14:19.682]   makeDbPointerNilReturningLast            [0;36mpath[0m = TestOnly-Epoch_709/Shard_0/id [0;36mnilled pointer[0m = 0xc00032ae00 [0;36mglobal db counter[0m = 2 
[0;36mDEBUG[0m[2026-03-16 10:14:19.682]   processLoop - closing the leveldb process loop [0;36mpath[0m = TestOnly-Epoch_709/Shard_0/id 
[0;36mDEBUG[0m[2026-03-16 10:14:19.682]   batchTimeoutHandle - closing             [0;36mpath[0m = TestOnly-Epoch_709/Shard_0/id 
[0;36mDEBUG[0m[2026-03-16 10:14:19.684]   PruningStorer - change epoch             [0;36munit[0m = id [0;36mepoch[0m = 712 [0;36mbytes in cache[0m = 0 
[0;36mDEBUG[0m[2026-03-16 10:14:19.686]   opened serial level db persister         [0;36mpath[0m = TestOnly-Epoch_712/Shard_0/id [0;36mcreated pointer[0m = 0xc000512c40 [0;36mglobal db counter[0m = 3 [0;36mNewSerialDB[0m = 0.0024s [0;36mmkdirAll[0m = 0.0001s [0;36mopenLevelDB[0m = 0.0022s 
[0;36mDEBUG[0m[2026-03-16 10:14:19.686]   PruningStorer.processPersistersToClose   [0;36mepochs to close[0m = [710] [0;36mbefore process[0m = [712 711 710] [0;36mafter process[0m = [712 711] 
[0;36mDEBUG[0m[2026-03-16 10:14:19.686]   makeDbPointerNilReturningLast            [0;36mpath[0m = TestOnly-Epoch_710/Shard_0/id [0;36mnilled pointer[0m = 0xc000512540 [0;36mglobal db counter[0m = 2 
[0;36mDEBUG[0m[2026-03-16 10:14:19.686]   processLoop - closing the leveldb process loop [0;36mpath[0m = TestOnly-Epoch_710/Shard_0/id 
[0;36mDEBUG[0m[2026-03-16 10:14:19.686]   batchTimeoutHandle - closing             [0;36mpath[0m = TestOnly-Epoch_710/Shard_0/id 
[0;36mDEBUG[0m[2026-03-16 10:14:19.688]   PruningStorer - change epoch             [0;36munit[0m = id [0;36mepoch[0m = 713 [0;36mbytes in cache[0m = 0 
[0;36mDEBUG[0m[2026-03-16 10:14:19.690]   opened serial level db persister         [0;36mpath[0m = TestOnly-Epoch_713/Shard_0/id [0;36mcreated pointer[0m = 0xc0006ae000 [0;36mglobal db counter[0m = 3 [0;36mNewSerialDB[0m = 0.0025s [0;36mmkdirAll[0m = 0.0001s [0;36mopenLevelDB[0m = 0.0024s 
[0;36mDEBUG[0m[2026-03-16 10:14:19.690]   PruningStorer.processPersistersToClose   [0;36mepochs to close[0m = [711] [0;36mbefore process[0m = [713 712 711] [0;36mafter process[0m = [713 712] 
[0;36mDEBUG[0m[2026-03-16 10:14:19.691]   makeDbPointerNilReturningLast            [0;36mpath[0m = TestOnly-Epoch_711/Shard_0/id [0;36mnilled pointer[0m = 0xc00033b340 [0;36mglobal db counter[0m = 2 
[0;36mDEBUG[0m[2026-03-16 10:14:19.691]   processLoop - closing the leveldb process loop [0;36mpath[0m = TestOnly-Epoch_711/Shard_0/id 
[0;36mDEBUG[0m[2026-03-16 10:14:19.691]   batchTimeoutHandle - closing             [0;36mpath[0m = TestOnly-Epoch_711/Shard_0/id 
[0;36mDEBUG[0m[2026-03-16 10:14:19.692]   PruningStorer - change epoch             [0;36munit[0m = id [0;36mepoch[0m = 714 [0;36mbytes in cache[0m = 0 
[0;36mDEBUG[0m[2026-03-16 10:14:19.695]   opened serial level db persister         [0;36mpath[0m = TestOnly-Epoch_714/Shard_0/id [0;36mcreated pointer[0m = 0xc00033b6c0 [0;36mglobal db counter[0m = 3 [0;36mNewSerialDB[0m = 0.0029s [0;36mmkdirAll[0m = 0.0002s [0;36mopenLevelDB[0m = 0.0028s 
[0;36mDEBUG[0m[2026-03-16 10:14:19.695]   PruningStorer.processPersistersToClose   [0;36mepochs to close[0m = [712] [0;36mbefore process[0m = [714 713 712] [0;36mafter process[0m = [714 713] 
[0;36mDEBUG[0m[2026-03-16 10:14:19.695]   makeDbPointerNilReturningLast            [0;36mpath[0m = TestOnly-Epoch_712/Shard_0/id [0;36mnilled pointer[0m = 0xc000512c40 [0;36mglobal db counter[0m = 2 
[0;36mDEBUG[0m[2026-03-16 10:14:19.695]   processLoop - closing the leveldb process loop [0;36mpath[0m = TestOnly-Epoch_712/Shard_0/id 
[0;36mDEBUG[0m[2026-03-16 10:14:19.695]   batchTimeoutHandle - closing             [0;36mpath[0m = TestOnly-Epoch_712/Shard_0/id 
[0;36mDEBUG[0m[2026-03-16 10:14:19.697]   PruningStorer - change epoch             [0;36munit[0m = id [0;36mepoch[0m = 715 [0;36mbytes in cache[0m = 0 
[0;36mDEBUG[0m[2026-03-16 10:14:19.699]   opened serial level db persister         [0;36mpath[0m = TestOnly-Epoch_715/Shard_0/id [0;36mcreated pointer[0m = 0xc00033b880 [0;36mglobal db counter[0m = 3 [0;36mNewSerialDB[0m = 0.0025s [0;36mmkdirAll[0m = 0.0002s [0;36mopenLevelDB[0m = 0.0024s 
[0;36mDEBUG[0m[2026-03-16 10:14:19.699]   PruningStorer.processPersistersToClose   [0;36mepochs to close[0m = [713] [0;36mbefore process[0m = [715 714 713] [0;36mafter process[0m = [715 714] 
[0;36mDEBUG[0m[2026-03-16 10:14:19.700]   makeDbPointerNilReturningLast            [0;36mpath[0m = TestOnly-Epoch_713/Shard_0/id [0;36mnilled pointer[0m = 0xc0006ae000 [0;36mglobal db counter[0m = 2 
[0;36mDEBUG[0m[2026-03-16 10:14:19.700]   processLoop - closing the leveldb process loop [0;36mpath[0m = TestOnly-Epoch_713/Shard_0/id 
[0;36mDEBUG[0m[2026-03-16 10:14:19.700]   batchTimeoutHandle - closing             [0;36mpath[0m = TestOnly-Epoch_713/Shard_0/id 
[0;36mDEBUG[0m[2026-03-16 10:14:19.701]   PruningStorer - change epoch             [0;36munit[0m = id [0;36mepoch[0m = 716 [0;36mbytes in cache[0m = 0 
[0;36mDEBUG[0m[2026-03-16 10:14:19.704]   opened serial level db persister         [0;36mpath[0m = TestOnly-Epoch_716/Shard_0/id [0;36mcreated pointer[0m = 0xc000512a80 [0;36mglobal db counter[0m = 3 [0;36mNewSerialDB[0m = 0.0028s [0;36mmkdirAll[0m = 0.0001s [0;36mopenLevelDB[0m = 0.0026s 
[0;36mDEBUG[0m[2026-03-16 10:14:19.704]   PruningStorer.processPersistersToClose   [0;36mepochs to close[0m = [714] [0;36mbefore process[0m = [716 715 714] [0;36mafter process[0m = [716 715] 
[0;36mDEBUG[0m[2026-03-16 10:14:19.705]   makeDbPointerNilReturningLast            [0;36mpath[0m = TestOnly-Epoch_714/Shard_0/id [0;36mnilled pointer[0m = 0xc00033b6c0 [0;36mglobal db counter[0m = 2 
[0;36mDEBUG[0m[2026-03-16 10:14:19.705]   processLoop - closing the leveldb process loop [0;36mpath[0m = TestOnly-Epoch_714/Shard_0/id 
[0;36mDEBUG[0m[2026-03-16 10:14:19.705]   batchTimeoutHandle - closing             [0;36mpath[0m = TestOnly-Epoch_714/Shard_0/id 
[0;36mDEBUG[0m[2026-03-16 10:14:19.706]   PruningStorer - change epoch             [0;36munit[0m = id [0;36mepoch[0m = 717 [0;36mbytes in cache[0m = 0 
[0;36mDEBUG[0m[2026-03-16 10:14:19.711]   opened serial level db persister         [0;36mpath[0m = TestOnly-Epoch_717/Shard_0/id [0;36mcreated pointer[0m = 0xc0005d4540 [0;36mglobal db counter[0m = 3 [0;36mNewSerialDB[0m = 0.0047s [0;36mmkdirAll[0m = 0.0002s [0;36mopenLevelDB[0m = 0.0045s 
[0;36mDEBUG[0m[2026-03-16 10:14:19.711]   PruningStorer.processPersistersToClose   [0;36mepochs to close[0m = [715] [0;36mbefore process[0m = [717 716 715] [0;36mafter process[0m = [717 716] 
[0;36mDEBUG[0m[2026-03-16 10:14:19.712]   makeDbPointerNilReturningLast            [0;36mpath[0m = TestOnly-Epoch_715/Shard_0/id [0;36mnilled pointer[0m = 0xc00033b880 [0;36mglobal db counter[0m = 2 
[0;36mDEBUG[0m[2026-03-16 10:14:19.712]   batchTimeoutHandle - closing             [0;36mpath[0m = TestOnly-Epoch_715/Shard_0/id 
[0;36mDEBUG[0m[2026-03-16 10:14:19.712]   processLoop - closing the leveldb process loop [0;36mpath[0m = TestOnly-Epoch_715/Shard_0/id 
[0;36mDEBUG[0m[2026-03-16 10:14:19.713]   PruningStorer - change epoch             [0;36munit[0m = id [0;36mepoch[0m = 718 [0;36mbytes in cache[0m = 0 
[0;36mDEBUG[0m[2026-03-16 10:14:19.717]   opened serial level db persister         [0;36mpath[0m = TestOnly-Epoch_718/Shard_0/id [0;36mcreated pointer[0m = 0xc00033bdc0 [0;36mglobal db counter[0m = 3 [0;36mNewSerialDB[0m = 0.0038s [0;36mmkdirAll[0m = 0.0002s [0;36mopenLevelDB[0m = 0.0036s 
[0;36mDEBUG[0m[2026-03-16 10:14:19.717]   PruningStorer.processPersistersToClose   [0;36mepochs to close[0m = [716] [0;36mbefore process[0m = [718 717 716] [0;36mafter process[0m = [718 717] 
[0;36mDEBUG[0m[2026-03-16 10:14:19.717]   makeDbPointerNilReturningLast            [0;36mpath[0m = TestOnly-Epoch_716/Shard_0/id [0;36mnilled pointer[0m = 0xc000512a80 [0;36mglobal db counter[0m = 2 
[0;36mDEBUG[0m[2026-03-16 10:14:19.717]   processLoop - closing the leveldb process loop [0;36mpath[0m = TestOnly-Epoch_716/Shard_0/id 
[0;36mDEBUG[0m[2026-03-16 10:14:19.717]   batchTimeoutHandle - closing             [0;36mpath[0m = TestOnly-Epoch_716/Shard_0/id 
[0;36mDEBUG[0m[2026-03-16 10:14:19.719]   PruningStorer - change epoch             [0;36munit[0m = id [0;36mepoch[0m = 719 [0;36mbytes in cache[0m = 0 
[0;36mDEBUG[0m[2026-03-16 10:14:19.722]   opened serial level db persister         [0;36mpath[0m = TestOnly-Epoch_719/Shard_0/id [0;36mcreated pointer[0m = 0xc00033b180 [0;36mglobal db counter[0m = 3 [0;36mNewSerialDB[0m = 0.0025s [0;36mmkdirAll[0m = 0.0002s [0;36mopenLevelDB[0m = 0.0023s 
[0;36mDEBUG[0m[2026-03-16 10:14:19.722]   PruningStorer.processPersistersToClose   [0;36mepochs to close[0m = [717] [0;36mbefore process[0m = [719 718 717] [0;36mafter process[0m = [719 718] 
[0;36mDEBUG[0m[2026-03-16 10:14:19.722]   makeDbPointerNilReturningLast            [0;36mpath[0m = TestOnly-Epoch_717/Shard_0/id [0;36mnilled pointer[0m = 0xc0005d4540 [0;36mglobal db counter[0m = 2 
[0;36mDEBUG[0m[2026-03-16 10:14:19.722]   processLoop - closing the leveldb process loop [0;36mpath[0m = TestOnly-Epoch_717/Shard_0/id 
[0;36mDEBUG[0m[2026-03-16 10:14:19.722]   batchTimeoutHandle - closing             [0;36mpath[0m = TestOnly-Epoch_717/Shard_0/id 
[0;36mDEBUG[0m[2026-03-16 10:14:19.724]   PruningStorer - change epoch             [0;36munit[0m = id [0;36mepoch[0m = 720 [0;36mbytes in cache[0m = 0 
[0;36mDEBUG[0m[2026-03-16 10:14:19.726]   opened serial level db persister         [0;36mpath[0m = TestOnly-Epoch_720/Shard_0/id [0;36mcreated pointer[0m = 0xc000513180 [0;36mglobal db counter[0m = 3 [0;36mNewSerialDB[0m = 0.0025s [0;36mmkdirAll[0m = 0.0002s [0;36mopenLevelDB[0m = 0.0024s 
[0;36mDEBUG[0m[2026-03-16 10:14:19.726]   PruningStorer.processPersistersToClose   [0;36mepochs to close[0m = [718] [0;36mbefore process[0m = [720 719 718] [0;36mafter process[0m = [720 719] 
[0;36mDEBUG[0m[2026-03-16 10:14:19.727]   makeDbPointerNilReturningLast            [0;36mpath[0m = TestOnly-Epoch_718/Shard_0/id [0;36mnilled pointer[0m = 0xc00033bdc0 [0;36mglobal db counter[0m = 2 
[0;36mDEBUG[0m[2026-03-16 10:14:19.727]   processLoop - closing the leveldb process loop [0;36mpath[0m = TestOnly-Epoch_718/Shard_0/id 
[0;36mDEBUG[0m[2026-03-16 10:14:19.727]   batchTimeoutHandle - closing             [0;36mpath[0m = TestOnly-Epoch_718/Shard_0/id 
[0;36mDEBUG[0m[2026-03-16 10:14:19.729]   PruningStorer - change epoch             [0;36munit[0m = id [0;36mepoch[0m = 721 [0;36mbytes in cache[0m = 0 
[0;36mDEBUG[0m[2026-03-16 10:14:19.731]   opened serial level db persister         [0;36mpath[0m = TestOnly-Epoch_721/Shard_0/id [0;36mcreated pointer[0m = 0xc00060fa40 [0;36mglobal db counter[0m = 3 [0;36mNewSerialDB[0m = 0.0025s [0;36mmkdirAll[0m = 0.0002s [0;36mopenLevelDB[0m = 0.0024s 
[0;36mDEBUG[0m[2026-03-16 10:14:19.731]   PruningStorer.processPersistersToClose   [0;36mepochs to close[0m = [719] [0;36mbefore process[0m = [721 720 719] [0;36mafter process[0m = [721 720] 
[0;36mDEBUG[0m[2026-03-16 10:14:19.732]   makeDbPointerNilReturningLast            [0;36mpath[0m = TestOnly-Epoch_719/Shard_0/id [0;36mnilled pointer[0m = 0xc00033b180 [0;36mglobal db counter[0m = 2 
[0;36mDEBUG[0m[2026-03-16 10:14:19.732]   processLoop - closing the leveldb process loop [0;36mpath[0m = TestOnly-Epoch_719/Shard_0/id 
[0;36mDEBUG[0m[2026-03-16 10:14:19.732]   batchTimeoutHandle - closing             [0;36mpath[0m = TestOnly-Epoch_719/Shard_0/id 
[0;36mDEBUG[0m[2026-03-16 10:14:19.733]   PruningStorer - change epoch             [0;36munit[0m = id [0;36mepoch[0m = 722 [0;36mbytes in cache[0m = 0 
[0;36mDEBUG[0m[2026-03-16 10:14:19.736]   opened serial level db persister         [0;36mpath[0m = TestOnly-Epoch_722/Shard_0/id [0;36mcreated pointer[0m = 0xc00033bc00 [0;36mglobal db counter[0m = 3 [0;36mNewSerialDB[0m = 0.0029s [0;36mmkdirAll[0m = 0.0002s [0;36mopenLevelDB[0m = 0.0026s 
[0;36mDEBUG[0m[2026-03-16 10:14:19.736]   PruningStorer.processPersistersToClose   [0;36mepochs to close[0m = [720] [0;36mbefore process[0m = [722 721 720] [0;36mafter process[0m = [722 721] 
[0;36mDEBUG[0m[2026-03-16 10:14:19.737]   makeDbPointerNilReturningLast            [0;36mpath[0m = TestOnly-Epoch_720/Shard_0/id [0;36mnilled pointer[0m = 0xc000513180 [0;36mglobal db counter[0m = 2 
[0;36mDEBUG[0m[2026-03-16 10:14:19.737]   processLoop - closing the leveldb process loop [0;36mpath[0m = TestOnly-Epoch_720/Shard_0/id 
[0;36mDEBUG[0m[2026-03-16 10:14:19.737]   batchTimeoutHandle - closing             [0;36mpath[0m = TestOnly-Epoch_720/Shard_0/id 
[0;36mDEBUG[0m[2026-03-16 10:14:19.738]   PruningStorer - change epoch             [0;36munit[0m = id [0;36mepoch[0m = 723 [0;36mbytes in cache[0m = 0 
[0;36mDEBUG[0m[2026-03-16 10:14:19.741]   opened serial level db persister         [0;36mpath[0m = TestOnly-Epoch_723/Shard_0/id [0;36mcreated pointer[0m = 0xc000512380 [0;36mglobal db counter[0m = 3 [0;36mNewSerialDB[0m = 0.0027s [0;36mmkdirAll[0m = 0.0002s [0;36mopenLevelDB[0m = 0.0025s 
[0;36mDEBUG[0m[2026-03-16 10:14:19.741]   PruningStorer.processPersistersToClose   [0;36mepochs to close[0m = [721] [0;36mbefore process[0m = [723 722 721] [0;36mafter process[0m = [723 722] 
[0;36mDEBUG[0m[2026-03-16 10:14:19.742]   makeDbPointerNilReturningLast            [0;36mpath[0m = TestOnly-Epoch_721/Shard_0/id [0;36mnilled pointer[0m = 0xc00060fa40 [0;36mglobal db counter[0m = 2 
[0;36mDEBUG[0m[2026-03-16 10:14:19.742]   processLoop - closing the leveldb process loop [0;36mpath[0m = TestOnly-Epoch_721/Shard_0/id 
[0;36mDEBUG[0m[2026-03-16 10:14:19.742]   batchTimeoutHandle - closing             [0;36mpath[0m = TestOnly-Epoch_721/Shard_0/id 
[0;36mDEBUG[0m[2026-03-16 10:14:19.743]   PruningStorer - change epoch             [0;36munit[0m = id [0;36mepoch[0m = 724 [0;36mbytes in cache[0m = 0 
[0;36mDEBUG[0m[2026-03-16 10:14:19.746]   opened serial level db persister         [0;36mpath[0m = TestOnly-Epoch_724/Shard_0/id [0;36mcreated pointer[0m = 0xc0005d5180 [0;36mglobal db counter[0m = 3 [0;36mNewSerialDB[0m = 0.0034s [0;36mmkdirAll[0m = 0.0002s [0;36mopenLevelDB[0m = 0.0033s 
[0;36mDEBUG[0m[2026-03-16 10:14:19.746]   PruningStorer.processPersistersToClose   [0;36mepochs to close[0m = [722] [0;36mbefore process[0m = [724 723 722] [0;36mafter process[0m = [724 723] 
[0;36mDEBUG[0m[2026-03-16 10:14:19.747]   makeDbPointerNilReturningLast            [0;36mpath[0m = TestOnly-Epoch_722/Shard_0/id [0;36mnilled pointer[0m = 0xc00033bc00 [0;36mglobal db counter[0m = 2 
[0;36mDEBUG[0m[2026-03-16 10:14:19.747]   processLoop - closing the leveldb process loop [0;36mpath[0m = TestOnly-Epoch_722/Shard_0/id 
[0;36mDEBUG[0m[2026-03-16 10:14:19.747]   batchTimeoutHandle - closing             [0;36mpath[0m = TestOnly-Epoch_722/Shard_0/id 
[0;36mDEBUG[0m[2026-03-16 10:14:19.748]   PruningStorer - change epoch             [0;36munit[0m = id [0;36mepoch[0m = 725 [0;36mbytes in cache[0m = 0 
[0;36mDEBUG[0m[2026-03-16 10:14:19.751]   opened serial level db persister         [0;36mpath[0m = TestOnly-Epoch_725/Shard_0/id [0;36mcreated pointer[0m = 0xc000695500 [0;36mglobal db counter[0m = 3 [0;36mNewSerialDB[0m = 0.0024s [0;36mmkdirAll[0m = 0.0001s [0;36mopenLevelDB[0m = 0.0023s 
[0;36mDEBUG[0m[2026-03-16 10:14:19.751]   PruningStorer.processPersistersToClose   [0;36mepochs to close[0m = [723] [0;36mbefore process[0m = [725 724 723] [0;36mafter process[0m = [725 724] 
[0;36mDEBUG[0m[2026-03-16 10:14:19.751]   makeDbPointerNilReturningLast            [0;36mpath[0m = TestOnly-Epoch_723/Shard_0/id [0;36mnilled pointer[0m = 0xc000512380 [0;36mglobal db counter[0m = 2 
[0;36mDEBUG[0m[2026-03-16 10:14:19.751]   processLoop - closing the leveldb process loop [0;36mpath[0m = TestOnly-Epoch_723/Shard_0/id 
[0;36mDEBUG[0m[2026-03-16 10:14:19.751]   batchTimeoutHandle - closing             [0;36mpath[0m = TestOnly-Epoch_723/Shard_0/id 
[0;36mDEBUG[0m[2026-03-16 10:14:19.752]   PruningStorer - change epoch             [0;36munit[0m = id [0;36mepoch[0m = 726 [0;36mbytes in cache[0m = 0 
[0;36mDEBUG[0m[2026-03-16 10:14:19.755]   opened serial level db persister         [0;36mpath[0m = TestOnly-Epoch_726/Shard_0/id [0;36mcreated pointer[0m = 0xc000140380 [0;36mglobal db counter[0m = 3 [0;36mNewSerialDB[0m = 0.0031s [0;36mmkdirAll[0m = 0.0001s [0;36mopenLevelDB[0m = 0.0029s 
[0;36mDEBUG[0m[2026-03-16 10:14:19.755]   PruningStorer.processPersistersToClose   [0;36mepochs to close[0m = [724] [0;36mbefore process[0m = [726 725 724] [0;36mafter process[0m = [726 725] 
[0;36mDEBUG[0m[2026-03-16 10:14:19.756]   makeDbPointerNilReturningLast            [0;36mpath[0m = TestOnly-Epoch_724/Shard_0/id [0;36mnilled pointer[0m = 0xc0005d5180 [0;36mglobal db counter[0m = 2 
[0;36mDEBUG[0m[2026-03-16 10:14:19.756]   processLoop - closing the leveldb process loop [0;36mpath[0m = TestOnly-Epoch_724/Shard_0/id 
[0;36mDEBUG[0m[2026-03-16 10:14:19.756]   batchTimeoutHandle - closing             [0;36mpath[0m = TestOnly-Epoch_724/Shard_0/id 
[0;36mDEBUG[0m[2026-03-16 10:14:19.757]   PruningStorer - change epoch             [0;36munit[0m = id [0;36mepoch[0m = 727 [0;36mbytes in cache[0m = 0 
[0;36mDEBUG[0m[2026-03-16 10:14:19.760]   opened serial level db persister         [0;36mpath[0m = TestOnly-Epoch_727/Shard_0/id [0;36mcreated pointer[0m = 0xc000140a80 [0;36mglobal db counter[0m = 3 [0;36mNewSerialDB[0m = 0.0026s [0;36mmkdirAll[0m = 0.0002s [0;36mopenLevelDB[0m = 0.0024s 
[0;36mDEBUG[0m[2026-03-16 10:14:19.760]   PruningStorer.processPersistersToClose   [0;36mepochs to close[0m = [725] [0;36mbefore process[0m = [727 726 725] [0;36mafter process[0m = [727 726] 
[0;36mDEBUG[0m[2026-03-16 10:14:19.760]   makeDbPointerNilReturningLast            [0;36mpath[0m = TestOnly-Epoch_725/Shard_0/id [0;36mnilled pointer[0m = 0xc000695500 [0;36mglobal db counter[0m = 2 
[0;36mDEBUG[0m[2026-03-16 10:14:19.760]   processLoop - closing the leveldb process loop [0;36mpath[0m = TestOnly-Epoch_725/Shard_0/id 
[0;36mDEBUG[0m[2026-03-16 10:14:19.760]   batchTimeoutHandle - closing             [0;36mpath[0m = TestOnly-Epoch_725/Shard_0/id 
[0;36mDEBUG[0m[2026-03-16 10:14:19.761]   PruningStorer - change epoch             [0;36munit[0m = id [0;36mepoch[0m = 728 [0;36mbytes in cache[0m = 0 
[0;36mDEBUG[0m[2026-03-16 10:14:19.764]   opened serial level db persister         [0;36mpath[0m = TestOnly-Epoch_728/Shard_0/id [0;36mcreated pointer[0m = 0xc000584c40 [0;36mglobal db counter[0m = 3 [0;36mNewSerialDB[0m = 0.0023s [0;36mmkdirAll[0m = 0.0001s [0;36mopenLevelDB[0m = 0.0021s 
[0;36mDEBUG[0m[2026-03-16 10:14:19.764]   PruningStorer.processPersistersToClose   [0;36mepochs to close[0m = [726] [0;36mbefore process[0m = [728 727 726] [0;36mafter process[0m = [728 727] 
[0;36mDEBUG[0m[2026-03-16 10:14:19.764]   makeDbPointerNilReturningLast            [0;36mpath[0m = TestOnly-Epoch_726/Shard_0/id [0;36mnilled pointer[0m = 0xc000140380 [0;36mglobal db counter[0m = 2 
[0;36mDEBUG[0m[2026-03-16 10:14:19.764]   processLoop - closing the leveldb process loop [0;36mpath[0m = TestOnly-Epoch_726/Shard_0/id 
[0;36mDEBUG[0m[2026-03-16 10:14:19.764]   batchTimeoutHandle - closing             [0;36mpath[0m = TestOnly-Epoch_726/Shard_0/id 
[0;36mDEBUG[0m[2026-03-16 10:14:19.765]   PruningStorer - change epoch             [0;36munit[0m = id [0;36mepoch[0m = 729 [0;36mbytes in cache[0m = 0 
[0;36mDEBUG[0m[2026-03-16 10:14:19.768]   opened serial level db persister         [0;36mpath[0m = TestOnly-Epoch_729/Shard_0/id [0;36mcreated pointer[0m = 0xc00033b500 [0;36mglobal db counter[0m = 3 [0;36mNewSerialDB[0m = 0.0024s [0;36mmkdirAll[0m = 0.0001s [0;36mopenLevelDB[0m = 0.0023s 
[0;36mDEBUG[0m[2026-03-16 10:14:19.768]   PruningStorer.processPersistersToClose   [0;36mepochs to close[0m = [727] [0;36mbefore process[0m = [729 728 727] [0;36mafter process[0m = [729 728] 
[0;36mDEBUG[0m[2026-03-16 10:14:19.768]   makeDbPointerNilReturningLast            [0;36mpath[0m = TestOnly-Epoch_727/Shard_0/id [0;36mnilled pointer[0m = 0xc000140a80 [0;36mglobal db counter[0m = 2 
[0;36mDEBUG[0m[2026-03-16 10:14:19.768]   processLoop - closing the leveldb process loop [0;36mpath[0m = TestOnly-Epoch_727/Shard_0/id 
[0;36mDEBUG[0m[2026-03-16 10:14:19.768]   batchTimeoutHandle - closing             [0;36mpath[0m = TestOnly-Epoch_727/Shard_0/id 
[0;36mDEBUG[0m[2026-03-16 10:14:19.769]   PruningStorer - change epoch             [0;36munit[0m = id [0;36mepoch[0m = 730 [0;36mbytes in cache[0m = 0 
[0;36mDEBUG[0m[2026-03-16 10:14:19.773]   opened serial level db persister         [0;36mpath[0m = TestOnly-Epoch_730/Shard_0/id [0;36mcreated pointer[0m = 0xc0006afa40 [0;36mglobal db counter[0m = 3 [0;36mNewSerialDB[0m = 0.0031s [0;36mmkdirAll[0m = 0.0002s [0;36mopenLevelDB[0m = 0.0029s 
[0;36mDEBUG[0m[2026-03-16 10:14:19.773]   PruningStorer.processPersistersToClose   [0;36mepochs to close[0m = [728] [0;36mbefore process[0m = [730 729 728] [0;36mafter process[0m = [730 729] 
[0;36mDEBUG[0m[2026-03-16 10:14:19.773]   makeDbPointerNilReturningLast            [0;36mpath[0m = TestOnly-Epoch_728/Shard_0/id [0;36mnilled pointer[0m = 0xc000584c40 [0;36mglobal db counter[0m = 2 
[0;36mDEBUG[0m[2026-03-16 10:14:19.773]   processLoop - closing the leveldb process loop [0;36mpath[0m = TestOnly-Epoch_728/Shard_0/id 
[0;36mDEBUG[0m[2026-03-16 10:14:19.773]   batchTimeoutHandle - closing             [0;36mpath[0m = TestOnly-Epoch_728/Shard_0/id 
[0;36mDEBUG[0m[2026-03-16 10:14:19.774]   PruningStorer - change epoch             [0;36munit[0m = id [0;36mepoch[0m = 731 [0;36mbytes in cache[0m = 0 
[0;36mDEBUG[0m[2026-03-16 10:14:19.778]   opened serial level db persister         [0;36mpath[0m = TestOnly-Epoch_731/Shard_0/id [0;36mcreated pointer[0m = 0xc000140fc0 [0;36mglobal db counter[0m = 3 [0;36mNewSerialDB[0m = 0.0032s [0;36mmkdirAll[0m = 0.0002s [0;36mopenLevelDB[0m = 0.0030s 
[0;36mDEBUG[0m[2026-03-16 10:14:19.778]   PruningStorer.processPersistersToClose   [0;36mepochs to close[0m = [729] [0;36mbefore process[0m = [731 730 729] [0;36mafter process[0m = [731 730] 
[0;36mDEBUG[0m[2026-03-16 10:14:19.778]   makeDbPointerNilReturningLast            [0;36mpath[0m = TestOnly-Epoch_729/Shard_0/id [0;36mnilled pointer[0m = 0xc00033b500 [0;36mglobal db counter[0m = 2 
[0;36mDEBUG[0m[2026-03-16 10:14:19.778]   processLoop - closing the leveldb process loop [0;36mpath[0m = TestOnly-Epoch_729/Shard_0/id 
[0;36mDEBUG[0m[2026-03-16 10:14:19.778]   batchTimeoutHandle - closing             [0;36mpath[0m = TestOnly-Epoch_729/Shard_0/id 
[0;36mDEBUG[0m[2026-03-16 10:14:19.780]   PruningStorer - change epoch             [0;36munit[0m = id [0;36mepoch[0m = 732 [0;36mbytes in cache[0m = 0 
[0;36mDEBUG[0m[2026-03-16 10:14:19.782]   opened serial level db persister         [0;36mpath[0m = TestOnly-Epoch_732/Shard_0/id [0;36mcreated pointer[0m = 0xc00051b180 [0;36mglobal db counter[0m = 3 [0;36mNewSerialDB[0m = 0.0025s [0;36mmkdirAll[0m = 0.0002s [0;36mopenLevelDB[0m = 0.0023s 
[0;36mDEBUG[0m[2026-03-16 10:14:19.782]   PruningStorer.processPersistersToClose   [0;36mepochs to close[0m = [730] [0;36mbefore process[0m = [732 731 730] [0;36mafter process[0m = [732 731] 
[0;36mDEBUG[0m[2026-03-16 10:14:19.783]   makeDbPointerNilReturningLast            [0;36mpath[0m = TestOnly-Epoch_730/Shard_0/id [0;36mnilled pointer[0m = 0xc0006afa40 [0;36mglobal db counter[0m = 2 
[0;36mDEBUG[0m[2026-03-16 10:14:19.783]   processLoop - closing the leveldb process loop [0;36mpath[0m = TestOnly-Epoch_730/Shard_0/id 
[0;36mDEBUG[0m[2026-03-16 10:14:19.783]   batchTimeoutHandle - closing             [0;36mpath[0m = TestOnly-Epoch_730/Shard_0/id 
[0;36mDEBUG[0m[2026-03-16 10:14:19.785]   PruningStorer - change epoch             [0;36munit[0m = id [0;36mepoch[0m = 733 [0;36mbytes in cache[0m = 0 
[0;36mDEBUG[0m[2026-03-16 10:14:19.788]   opened serial level db persister         [0;36mpath[0m = TestOnly-Epoch_733/Shard_0/id [0;36mcreated pointer[0m = 0xc000695880 [0;36mglobal db counter[0m = 3 [0;36mNewSerialDB[0m = 0.0028s [0;36mmkdirAll[0m = 0.0002s [0;36mopenLevelDB[0m = 0.0026s 
[0;36mDEBUG[0m[2026-03-16 10:14:19.788]   PruningStorer.processPersistersToClose   [0;36mepochs to close[0m = [731] [0;36mbefore process[0m = [733 732 731] [0;36mafter process[0m = [733 732] 
[0;36mDEBUG[0m[2026-03-16 10:14:19.788]   makeDbPointerNilReturningLast            [0;36mpath[0m = TestOnly-Epoch_731/Shard_0/id [0;36mnilled pointer[0m = 0xc000140fc0 [0;36mglobal db counter[0m = 2 
[0;36mDEBUG[0m[2026-03-16 10:14:19.788]   batchTimeoutHandle - closing             [0;36mpath[0m = TestOnly-Epoch_731/Shard_0/id 
[0;36mDEBUG[0m[2026-03-16 10:14:19.788]   processLoop - closing the leveldb process loop [0;36mpath[0m = TestOnly-Epoch_731/Shard_0/id 
[0;36mDEBUG[0m[2026-03-16 10:14:19.789]   PruningStorer - change epoch             [0;36munit[0m = id [0;36mepoch[0m = 734 [0;36mbytes in cache[0m = 0 
[0;36mDEBUG[0m[2026-03-16 10:14:19.792]   opened serial level db persister         [0;36mpath[0m = TestOnly-Epoch_734/Shard_0/id [0;36mcreated pointer[0m = 0xc000141340 [0;36mglobal db counter[0m = 3 [0;36mNewSerialDB[0m = 0.0029s [0;36mmkdirAll[0m = 0.0002s [0;36mopenLevelDB[0m = 0.0027s 
[0;36mDEBUG[0m[2026-03-16 10:14:19.792]   PruningStorer.processPersistersToClose   [0;36mepochs to close[0m = [732] [0;36mbefore process[0m = [734 733 732] [0;36mafter process[0m = [734 733] 
[0;36mDEBUG[0m[2026-03-16 10:14:19.793]   makeDbPointerNilReturningLast            [0;36mpath[0m = TestOnly-Epoch_732/Shard_0/id [0;36mnilled pointer[0m = 0xc00051b180 [0;36mglobal db counter[0m = 2 
[0;36mDEBUG[0m[2026-03-16 10:14:19.793]   batchTimeoutHandle - closing             [0;36mpath[0m = TestOnly-Epoch_732/Shard_0/id 
[0;36mDEBUG[0m[2026-03-16 10:14:19.793]   processLoop - closing the leveldb process loop [0;36mpath[0m = TestOnly-Epoch_732/Shard_0/id 
[0;36mDEBUG[0m[2026-03-16 10:14:19.794]   PruningStorer - change epoch             [0;36munit[0m = id [0;36mepoch[0m = 735 [0;36mbytes in cache[0m = 0 
[0;36mDEBUG[0m[2026-03-16 10:14:19.797]   opened serial level db persister         [0;36mpath[0m = TestOnly-Epoch_735/Shard_0/id [0;36mcreated pointer[0m = 0xc0001416c0 [0;36mglobal db counter[0m = 3 [0;36mNewSerialDB[0m = 0.0025s [0;36mmkdirAll[0m = 0.0002s [0;36mopenLevelDB[0m = 0.0023s 
[0;36mDEBUG[0m[2026-03-16 10:14:19.797]   PruningStorer.processPersistersToClose   [0;36mepochs to close[0m = [733] [0;36mbefore process[0m = [735 734 733] [0;36mafter process[0m = [735 734] 
[0;36mDEBUG[0m[2026-03-16 10:14:19.797]   makeDbPointerNilReturningLast            [0;36mpath[0m = TestOnly-Epoch_733/Shard_0/id [0;36mnilled pointer[0m = 0xc000695880 [0;36mglobal db counter[0m = 2 
[0;36mDEBUG[0m[2026-03-16 10:14:19.797]   processLoop - closing the leveldb process loop [0;36mpath[0m = TestOnly-Epoch_733/Shard_0/id 
[0;36mDEBUG[0m[2026-03-16 10:14:19.797]   batchTimeoutHandle - closing             [0;36mpath[0m = TestOnly-Epoch_733/Shard_0/id 
[0;36mDEBUG[0m[2026-03-16 10:14:19.798]   PruningStorer - change epoch             [0;36munit[0m = id [0;36mepoch[0m = 736 [0;36mbytes in cache[0m = 0 
[0;36mDEBUG[0m[2026-03-16 10:14:19.801]   opened serial level db persister         [0;36mpath[0m = TestOnly-Epoch_736/Shard_0/id [0;36mcreated pointer[0m = 0xc00033ba40 [0;36mglobal db counter[0m = 3 [0;36mNewSerialDB[0m = 0.0024s [0;36mmkdirAll[0m = 0.0002s [0;36mopenLevelDB[0m = 0.0023s 
[0;36mDEBUG[0m[2026-03-16 10:14:19.801]   PruningStorer.processPersistersToClose   [0;36mepochs to close[0m = [734] [0;36mbefore process[0m = [736 735 734] [0;36mafter process[0m = [736 735] 
[0;36mDEBUG[0m[2026-03-16 10:14:19.801]   makeDbPointerNilReturningLast            [0;36mpath[0m = TestOnly-Epoch_734/Shard_0/id [0;36mnilled pointer[0m = 0xc000141340 [0;36mglobal db counter[0m = 2 
[0;36mDEBUG[0m[2026-03-16 10:14:19.801]   processLoop - closing the leveldb process loop [0;36mpath[0m = TestOnly-Epoch_734/Shard_0/id 
[0;36mDEBUG[0m[2026-03-16 10:14:19.801]   batchTimeoutHandle - closing             [0;36mpath[0m = TestOnly-Epoch_734/Shard_0/id 
[0;36mDEBUG[0m[2026-03-16 10:14:19.803]   PruningStorer - change epoch             [0;36munit[0m = id [0;36mepoch[0m = 737 [0;36mbytes in cache[0m = 0 
[0;36mDEBUG[0m[2026-03-16 10:14:19.806]   opened serial level db persister         [0;36mpath[0m = TestOnly-Epoch_737/Shard_0/id [0;36mcreated pointer[0m = 0xc0005b1500 [0;36mglobal db counter[0m = 3 [0;36mNewSerialDB[0m = 0.0030s [0;36mmkdirAll[0m = 0.0001s [0;36mopenLevelDB[0m = 0.0029s 
[0;36mDEBUG[0m[2026-03-16 10:14:19.806]   PruningStorer.processPersistersToClose   [0;36mepochs to close[0m = [735] [0;36mbefore process[0m = [737 736 735] [0;36mafter process[0m = [737 736] 
[0;36mDEBUG[0m[2026-03-16 10:14:19.806]   makeDbPointerNilReturningLast            [0;36mpath[0m = TestOnly-Epoch_735/Shard_0/id [0;36mnilled pointer[0m = 0xc0001416c0 [0;36mglobal db counter[0m = 2 
[0;36mDEBUG[0m[2026-03-16 10:14:19.806]   processLoop - closing the leveldb process loop [0;36mpath[0m = TestOnly-Epoch_735/Shard_0/id 
[0;36mDEBUG[0m[2026-03-16 10:14:19.806]   batchTimeoutHandle - closing             [0;36mpath[0m = TestOnly-Epoch_735/Shard_0/id 
[0;36mDEBUG[0m[2026-03-16 10:14:19.808]   PruningStorer - change epoch             [0;36munit[0m = id [0;36mepoch[0m = 738 [0;36mbytes in cache[0m = 0 
[0;36mDEBUG[0m[2026-03-16 10:14:19.811]   opened serial level db persister         [0;36mpath[0m = TestOnly-Epoch_738/Shard_0/id [0;36mcreated pointer[0m = 0xc000513500 [0;36mglobal db counter[0m = 3 [0;36mNewSerialDB[0m = 0.0034s [0;36mmkdirAll[0m = 0.0002s [0;36mopenLevelDB[0m = 0.0032s 
[0;36mDEBUG[0m[2026-03-16 10:14:19.811]   PruningStorer.processPersistersToClose   [0;36mepochs to close[0m = [736] [0;36mbefore process[0m = [738 737 736] [0;36mafter process[0m = [738 737] 
[0;36mDEBUG[0m[2026-03-16 10:14:19.811]   makeDbPointerNilReturningLast            [0;36mpath[0m = TestOnly-Epoch_736/Shard_0/id [0;36mnilled pointer[0m = 0xc00033ba40 [0;36mglobal db counter[0m = 2 
[0;36mDEBUG[0m[2026-03-16 10:14:19.811]   processLoop - closing the leveldb process loop [0;36mpath[0m = TestOnly-Epoch_736/Shard_0/id 
[0;36mDEBUG[0m[2026-03-16 10:14:19.811]   batchTimeoutHandle - closing             [0;36mpath[0m = TestOnly-Epoch_736/Shard_0/id 
[0;36mDEBUG[0m[2026-03-16 10:14:19.813]   PruningStorer - change epoch             [0;36munit[0m = id [0;36mepoch[0m = 739 [0;36mbytes in cache[0m = 0 
[0;36mDEBUG[0m[2026-03-16 10:14:19.815]   opened serial level db persister         [0;36mpath[0m = TestOnly-Epoch_739/Shard_0/id [0;36mcreated pointer[0m = 0xc000141180 [0;36mglobal db counter[0m = 3 [0;36mNewSerialDB[0m = 0.0026s [0;36mmkdirAll[0m = 0.0002s [0;36mopenLevelDB[0m = 0.0024s 
[0;36mDEBUG[0m[2026-03-16 10:14:19.815]   PruningStorer.processPersistersToClose   [0;36mepochs to close[0m = [737] [0;36mbefore process[0m = [739 738 737] [0;36mafter process[0m = [739 738] 
[0;36mDEBUG[0m[2026-03-16 10:14:19.816]   makeDbPointerNilReturningLast            [0;36mpath[0m = TestOnly-Epoch_737/Shard_0/id [0;36mnilled pointer[0m = 0xc0005b1500 [0;36mglobal db counter[0m = 2 
[0;36mDEBUG[0m[2026-03-16 10:14:19.816]   processLoop - closing the leveldb process loop [0;36mpath[0m = TestOnly-Epoch_737/Shard_0/id 
[0;36mDEBUG[0m[2026-03-16 10:14:19.816]   batchTimeoutHandle - closing             [0;36mpath[0m = TestOnly-Epoch_737/Shard_0/id 
[0;36mDEBUG[0m[2026-03-16 10:14:19.817]   PruningStorer - change epoch             [0;36munit[0m = id [0;36mepoch[0m = 740 [0;36mbytes in cache[0m = 0 
[0;36mDEBUG[0m[2026-03-16 10:14:19.819]   opened serial level db persister         [0;36mpath[0m = TestOnly-Epoch_740/Shard_0/id [0;36mcreated pointer[0m = 0xc000513880 [0;36mglobal db counter[0m = 3 [0;36mNewSerialDB[0m = 0.0023s [0;36mmkdirAll[0m = 0.0001s [0;36mopenLevelDB[0m = 0.0021s 
[0;36mDEBUG[0m[2026-03-16 10:14:19.819]   PruningStorer.processPersistersToClose   [0;36mepochs to close[0m = [738] [0;36mbefore process[0m = [740 739 738] [0;36mafter process[0m = [740 739] 
[0;36mDEBUG[0m[2026-03-16 10:14:19.820]   makeDbPointerNilReturningLast            [0;36mpath[0m = TestOnly-Epoch_738/Shard_0/id [0;36mnilled pointer[0m = 0xc000513500 [0;36mglobal db counter[0m = 2 
[0;36mDEBUG[0m[2026-03-16 10:14:19.820]   processLoop - closing the leveldb process loop [0;36mpath[0m = TestOnly-Epoch_738/Shard_0/id 
[0;36mDEBUG[0m[2026-03-16 10:14:19.820]   batchTimeoutHandle - closing             [0;36mpath[0m = TestOnly-Epoch_738/Shard_0/id 
[0;36mDEBUG[0m[2026-03-16 10:14:19.821]   PruningStorer - change epoch             [0;36munit[0m = id [0;36mepoch[0m = 741 [0;36mbytes in cache[0m = 0 
[0;36mDEBUG[0m[2026-03-16 10:14:19.823]   opened serial level db persister         [0;36mpath[0m = TestOnly-Epoch_741/Shard_0/id [0;36mcreated pointer[0m = 0xc00078e1c0 [0;36mglobal db counter[0m = 3 [0;36mNewSerialDB[0m = 0.0023s [0;36mmkdirAll[0m = 0.0001s [0;36mopenLevelDB[0m = 0.0021s 
[0;36mDEBUG[0m[2026-03-16 10:14:19.823]   PruningStorer.processPersistersToClose   [0;36mepochs to close[0m = [739] [0;36mbefore process[0m = [741 740 739] [0;36mafter process[0m = [741 740] 
[0;36mDEBUG[0m[2026-03-16 10:14:19.824]   makeDbPointerNilReturningLast            [0;36mpath[0m = TestOnly-Epoch_739/Shard_0/id [0;36mnilled pointer[0m = 0xc000141180 [0;36mglobal db counter[0m = 2 
[0;36mDEBUG[0m[2026-03-16 10:14:19.824]   processLoop - closing the leveldb process loop [0;36mpath[0m = TestOnly-Epoch_739/Shard_0/id 
[0;36mDEBUG[0m[2026-03-16 10:14:19.824]   batchTimeoutHandle - closing             [0;36mpath[0m = TestOnly-Epoch_739/Shard_0/id 
[0;36mDEBUG[0m[2026-03-16 10:14:19.825]   PruningStorer - change epoch             [0;36munit[0m = id [0;36mepoch[0m = 742 [0;36mbytes in cache[0m = 0 
[0;36mDEBUG[0m[2026-03-16 10:14:19.828]   opened serial level db persister         [0;36mpath[0m = TestOnly-Epoch_742/Shard_0/id [0;36mcreated pointer[0m = 0xc000161c00 [0;36mglobal db counter[0m = 3 [0;36mNewSerialDB[0m = 0.0030s [0;36mmkdirAll[0m = 0.0001s [0;36mopenLevelDB[0m = 0.0028s 
[0;36mDEBUG[0m[2026-03-16 10:14:19.828]   PruningStorer.processPersistersToClose   [0;36mepochs to close[0m = [740] [0;36mbefore process[0m = [742 741 740] [0;36mafter process[0m = [742 741] 
[0;36mDEBUG[0m[2026-03-16 10:14:19.828]   makeDbPointerNilReturningLast            [0;36mpath[0m = TestOnly-Epoch_740/Shard_0/id [0;36mnilled pointer[0m = 0xc000513880 [0;36mglobal db counter[0m = 2 
[0;36mDEBUG[0m[2026-03-16 10:14:19.828]   processLoop - closing the leveldb process loop [0;36mpath[0m = TestOnly-Epoch_740/Shard_0/id 
[0;36mDEBUG[0m[2026-03-16 10:14:19.828]   batchTimeoutHandle - closing             [0;36mpath[0m = TestOnly-Epoch_740/Shard_0/id 
[0;36mDEBUG[0m[2026-03-16 10:14:19.830]   PruningStorer - change epoch             [0;36munit[0m = id [0;36mepoch[0m = 743 [0;36mbytes in cache[0m = 0 
[0;36mDEBUG[0m[2026-03-16 10:14:19.832]   opened serial level db persister         [0;36mpath[0m = TestOnly-Epoch_743/Shard_0/id [0;36mcreated pointer[0m = 0xc000513c00 [0;36mglobal db counter[0m = 3 [0;36mNewSerialDB[0m = 0.0025s [0;36mmkdirAll[0m = 0.0002s [0;36mopenLevelDB[0m = 0.0023s 
[0;36mDEBUG[0m[2026-03-16 10:14:19.832]   PruningStorer.processPersistersToClose   [0;36mepochs to close[0m = [741] [0;36mbefore process[0m = [743 742 741] [0;36mafter process[0m = [743 742] 
[0;36mDEBUG[0m[2026-03-16 10:14:19.833]   makeDbPointerNilReturningLast            [0;36mpath[0m = TestOnly-Epoch_741/Shard_0/id [0;36mnilled pointer[0m = 0xc00078e1c0 [0;36mglobal db counter[0m = 2 
[0;36mDEBUG[0m[2026-03-16 10:14:19.833]   processLoop - closing the leveldb process loop [0;36mpath[0m = TestOnly-Epoch_741/Shard_0/id 
[0;36mDEBUG[0m[2026-03-16 10:14:19.833]   batchTimeoutHandle - closing             [0;36mpath[0m = TestOnly-Epoch_741/Shard_0/id 
[0;36mDEBUG[0m[2026-03-16 10:14:19.834]   PruningStorer - change epoch             [0;36munit[0m = id [0;36mepoch[0m = 744 [0;36mbytes in cache[0m = 0 
[0;36mDEBUG[0m[2026-03-16 10:14:19.837]   opened serial level db persister         [0;36mpath[0m = TestOnly-Epoch_744/Shard_0/id [0;36mcreated pointer[0m = 0xc000141880 [0;36mglobal db counter[0m = 3 [0;36mNewSerialDB[0m = 0.0029s [0;36mmkdirAll[0m = 0.0002s [0;36mopenLevelDB[0m = 0.0027s 
[0;36mDEBUG[0m[2026-03-16 10:14:19.837]   PruningStorer.processPersistersToClose   [0;36mepochs to close[0m = [742] [0;36mbefore process[0m = [744 743 742] [0;36mafter process[0m = [744 743] 
[0;36mDEBUG[0m[2026-03-16 10:14:19.837]   makeDbPointerNilReturningLast            [0;36mpath[0m = TestOnly-Epoch_742/Shard_0/id [0;36mnilled pointer[0m = 0xc000161c00 [0;36mglobal db counter[0m = 2 
[0;36mDEBUG[0m[2026-03-16 10:14:19.837]   processLoop - closing the leveldb process loop [0;36mpath[0m = TestOnly-Epoch_742/Shard_0/id 
[0;36mDEBUG[0m[2026-03-16 10:14:19.837]   batchTimeoutHandle - closing             [0;36mpath[0m = TestOnly-Epoch_742/Shard_0/id 
[0;36mDEBUG[0m[2026-03-16 10:14:19.839]   PruningStorer - change epoch             [0;36munit[0m = id [0;36mepoch[0m = 745 [0;36mbytes in cache[0m = 0 
[0;36mDEBUG[0m[2026-03-16 10:14:19.842]   opened serial level db persister         [0;36mpath[0m = TestOnly-Epoch_745/Shard_0/id [0;36mcreated pointer[0m = 0xc0006948c0 [0;36mglobal db counter[0m = 3 [0;36mNewSerialDB[0m = 0.0029s [0;36mmkdirAll[0m = 0.0002s [0;36mopenLevelDB[0m = 0.0027s 
[0;36mDEBUG[0m[2026-03-16 10:14:19.842]   PruningStorer.processPersistersToClose   [0;36mepochs to close[0m = [743] [0;36mbefore process[0m = [745 744 743] [0;36mafter process[0m = [745 744] 
[0;36mDEBUG[0m[2026-03-16 10:14:19.842]   processLoop - closing the leveldb process loop [0;36mpath[0m = TestOnly-Epoch_743/Shard_0/id 
[0;36mDEBUG[0m[2026-03-16 10:14:19.842]   makeDbPointerNilReturningLast            [0;36mpath[0m = TestOnly-Epoch_743/Shard_0/id [0;36mnilled pointer[0m = 0xc000513c00 [0;36mglobal db counter[0m = 2 
[0;36mDEBUG[0m[2026-03-16 10:14:19.842]   batchTimeoutHandle - closing             [0;36mpath[0m = TestOnly-Epoch_743/Shard_0/id 
[0;36mDEBUG[0m[2026-03-16 10:14:19.844]   PruningStorer - change epoch             [0;36munit[0m = id [0;36mepoch[0m = 746 [0;36mbytes in cache[0m = 0 
[0;36mDEBUG[0m[2026-03-16 10:14:19.847]   opened serial level db persister         [0;36mpath[0m = TestOnly-Epoch_746/Shard_0/id [0;36mcreated pointer[0m = 0xc0005d4000 [0;36mglobal db counter[0m = 3 [0;36mNewSerialDB[0m = 0.0030s [0;36mmkdirAll[0m = 0.0002s [0;36mopenLevelDB[0m = 0.0029s 
[0;36mDEBUG[0m[2026-03-16 10:14:19.847]   PruningStorer.processPersistersToClose   [0;36mepochs to close[0m = [744] [0;36mbefore process[0m = [746 745 744] [0;36mafter process[0m = [746 745] 
[0;36mDEBUG[0m[2026-03-16 10:14:19.847]   makeDbPointerNilReturningLast            [0;36mpath[0m = TestOnly-Epoch_744/Shard_0/id [0;36mnilled pointer[0m = 0xc000141880 [0;36mglobal db counter[0m = 2 
[0;36mDEBUG[0m[2026-03-16 10:14:19.847]   processLoop - closing the leveldb process loop [0;36mpath[0m = TestOnly-Epoch_744/Shard_0/id 
[0;36mDEBUG[0m[2026-03-16 10:14:19.847]   batchTimeoutHandle - closing             [0;36mpath[0m = TestOnly-Epoch_744/Shard_0/id 
[0;36mDEBUG[0m[2026-03-16 10:14:19.849]   PruningStorer - change epoch             [0;36munit[0m = id [0;36mepoch[0m = 747 [0;36mbytes in cache[0m = 0 
[0;36mDEBUG[0m[2026-03-16 10:14:19.851]   opened serial level db persister         [0;36mpath[0m = TestOnly-Epoch_747/Shard_0/id [0;36mcreated pointer[0m = 0xc0005136c0 [0;36mglobal db counter[0m = 3 [0;36mNewSerialDB[0m = 0.0024s [0;36mmkdirAll[0m = 0.0002s [0;36mopenLevelDB[0m = 0.0023s 
[0;36mDEBUG[0m[2026-03-16 10:14:19.851]   PruningStorer.processPersistersToClose   [0;36mepochs to close[0m = [745] [0;36mbefore process[0m = [747 746 745] [0;36mafter process[0m = [747 746] 
[0;36mDEBUG[0m[2026-03-16 10:14:19.852]   makeDbPointerNilReturningLast            [0;36mpath[0m = TestOnly-Epoch_745/Shard_0/id [0;36mnilled pointer[0m = 0xc0006948c0 [0;36mglobal db counter[0m = 2 
[0;36mDEBUG[0m[2026-03-16 10:14:19.852]   processLoop - closing the leveldb process loop [0;36mpath[0m = TestOnly-Epoch_745/Shard_0/id 
[0;36mDEBUG[0m[2026-03-16 10:14:19.852]   batchTimeoutHandle - closing             [0;36mpath[0m = TestOnly-Epoch_745/Shard_0/id 
[0;36mDEBUG[0m[2026-03-16 10:14:19.853]   PruningStorer - change epoch             [0;36munit[0m = id [0;36mepoch[0m = 748 [0;36mbytes in cache[0m = 0 
[0;36mDEBUG[0m[2026-03-16 10:14:19.855]   opened serial level db persister         [0;36mpath[0m = TestOnly-Epoch_748/Shard_0/id [0;36mcreated pointer[0m = 0xc000141a40 [0;36mglobal db counter[0m = 3 [0;36mNewSerialDB[0m = 0.0023s [0;36mmkdirAll[0m = 0.0001s [0;36mopenLevelDB[0m = 0.0022s 
[0;36mDEBUG[0m[2026-03-16 10:14:19.855]   PruningStorer.processPersistersToClose   [0;36mepochs to close[0m = [746] [0;36mbefore process[0m = [748 747 746] [0;36mafter process[0m = [748 747] 
[0;36mDEBUG[0m[2026-03-16 10:14:19.856]   makeDbPointerNilReturningLast            [0;36mpath[0m = TestOnly-Epoch_746/Shard_0/id [0;36mnilled pointer[0m = 0xc0005d4000 [0;36mglobal db counter[0m = 2 
[0;36mDEBUG[0m[2026-03-16 10:14:19.856]   processLoop - closing the leveldb process loop [0;36mpath[0m = TestOnly-Epoch_746/Shard_0/id 
[0;36mDEBUG[0m[2026-03-16 10:14:19.856]   batchTimeoutHandle - closing             [0;36mpath[0m = TestOnly-Epoch_746/Shard_0/id 
[0;36mDEBUG[0m[2026-03-16 10:14:19.857]   PruningStorer - change epoch             [0;36munit[0m = id [0;36mepoch[0m = 749 [0;36mbytes in cache[0m = 0 
[0;36mDEBUG[0m[2026-03-16 10:14:19.859]   opened serial level db persister         [0;36mpath[0m = TestOnly-Epoch_749/Shard_0/id [0;36mcreated pointer[0m = 0xc000141dc0 [0;36mglobal db counter[0m = 3 [0;36mNewSerialDB[0m = 0.0023s [0;36mmkdirAll[0m = 0.0001s [0;36mopenLevelDB[0m = 0.0022s 
[0;36mDEBUG[0m[2026-03-16 10:14:19.859]   PruningStorer.processPersistersToClose   [0;36mepochs to close[0m = [747] [0;36mbefore process[0m = [749 748 747] [0;36mafter process[0m = [749 748] 
[0;36mDEBUG[0m[2026-03-16 10:14:19.860]   makeDbPointerNilReturningLast            [0;36mpath[0m = TestOnly-Epoch_747/Shard_0/id [0;36mnilled pointer[0m = 0xc0005136c0 [0;36mglobal db counter[0m = 2 
[0;36mDEBUG[0m[2026-03-16 10:14:19.860]   processLoop - closing the leveldb process loop [0;36mpath[0m = TestOnly-Epoch_747/Shard_0/id 
[0;36mDEBUG[0m[2026-03-16 10:14:19.860]   batchTimeoutHandle - closing             [0;36mpath[0m = TestOnly-Epoch_747/Shard_0/id 
[0;36mDEBUG[0m[2026-03-16 10:14:19.861]   PruningStorer - change epoch             [0;36munit[0m = id [0;36mepoch[0m = 750 [0;36mbytes in cache[0m = 0 
[0;36mDEBUG[0m[2026-03-16 10:14:19.864]   opened serial level db persister         [0;36mpath[0m = TestOnly-Epoch_750/Shard_0/id [0;36mcreated pointer[0m = 0xc002209a40 [0;36mglobal db counter[0m = 3 [0;36mNewSerialDB[0m = 0.0030s [0;36mmkdirAll[0m = 0.0002s [0;36mopenLevelDB[0m = 0.0028s 
[0;36mDEBUG[0m[2026-03-16 10:14:19.864]   PruningStorer.processPersistersToClose   [0;36mepochs to close[0m = [748] [0;36mbefore process[0m = [750 749 748] [0;36mafter process[0m = [750 749] 
[0;36mDEBUG[0m[2026-03-16 10:14:19.865]   makeDbPointerNilReturningLast            [0;36mpath[0m = TestOnly-Epoch_748/Shard_0/id [0;36mnilled pointer[0m = 0xc000141a40 [0;36mglobal db counter[0m = 2 
[0;36mDEBUG[0m[2026-03-16 10:14:19.865]   processLoop - closing the leveldb process loop [0;36mpath[0m = TestOnly-Epoch_748/Shard_0/id 
[0;36mDEBUG[0m[2026-03-16 10:14:19.865]   batchTimeoutHandle - closing             [0;36mpath[0m = TestOnly-Epoch_748/Shard_0/id 
[0;36mDEBUG[0m[2026-03-16 10:14:19.866]   PruningStorer - change epoch             [0;36munit[0m = id [0;36mepoch[0m = 751 [0;36mbytes in cache[0m = 0 
[0;36mDEBUG[0m[2026-03-16 10:14:19.869]   opened serial level db persister         [0;36mpath[0m = TestOnly-Epoch_751/Shard_0/id [0;36mcreated pointer[0m = 0xc000141c00 [0;36mglobal db counter[0m = 3 [0;36mNewSerialDB[0m = 0.0031s [0;36mmkdirAll[0m = 0.0002s [0;36mopenLevelDB[0m = 0.0029s 
[0;36mDEBUG[0m[2026-03-16 10:14:19.869]   PruningStorer.processPersistersToClose   [0;36mepochs to close[0m = [749] [0;36mbefore process[0m = [751 750 749] [0;36mafter process[0m = [751 750] 
[0;36mDEBUG[0m[2026-03-16 10:14:19.870]   makeDbPointerNilReturningLast            [0;36mpath[0m = TestOnly-Epoch_749/Shard_0/id [0;36mnilled pointer[0m = 0xc000141dc0 [0;36mglobal db counter[0m = 2 
[0;36mDEBUG[0m[2026-03-16 10:14:19.870]   processLoop - closing the leveldb process loop [0;36mpath[0m = TestOnly-Epoch_749/Shard_0/id 
[0;36mDEBUG[0m[2026-03-16 10:14:19.870]   batchTimeoutHandle - closing             [0;36mpath[0m = TestOnly-Epoch_749/Shard_0/id 
[0;36mDEBUG[0m[2026-03-16 10:14:19.871]   PruningStorer - change epoch             [0;36munit[0m = id [0;36mepoch[0m = 752 [0;36mbytes in cache[0m = 0 
[0;36mDEBUG[0m[2026-03-16 10:14:19.874]   opened serial level db persister         [0;36mpath[0m = TestOnly-Epoch_752/Shard_0/id [0;36mcreated pointer[0m = 0xc00058a1c0 [0;36mglobal db counter[0m = 3 [0;36mNewSerialDB[0m = 0.0028s [0;36mmkdirAll[0m = 0.0002s [0;36mopenLevelDB[0m = 0.0027s 
[0;36mDEBUG[0m[2026-03-16 10:14:19.874]   PruningStorer.processPersistersToClose   [0;36mepochs to close[0m = [750] [0;36mbefore process[0m = [752 751 750] [0;36mafter process[0m = [752 751] 
[0;36mDEBUG[0m[2026-03-16 10:14:19.875]   processLoop - closing the leveldb process loop [0;36mpath[0m = TestOnly-Epoch_750/Shard_0/id 
[0;36mDEBUG[0m[2026-03-16 10:14:19.875]   makeDbPointerNilReturningLast            [0;36mpath[0m = TestOnly-Epoch_750/Shard_0/id [0;36mnilled pointer[0m = 0xc002209a40 [0;36mglobal db counter[0m = 2 
[0;36mDEBUG[0m[2026-03-16 10:14:19.875]   batchTimeoutHandle - closing             [0;36mpath[0m = TestOnly-Epoch_750/Shard_0/id 
[0;36mDEBUG[0m[2026-03-16 10:14:19.876]   PruningStorer - change epoch             [0;36munit[0m = id [0;36mepoch[0m = 753 [0;36mbytes in cache[0m = 0 
[0;36mDEBUG[0m[2026-03-16 10:14:19.879]   opened serial level db persister         [0;36mpath[0m = TestOnly-Epoch_753/Shard_0/id [0;36mcreated pointer[0m = 0xc000544000 [0;36mglobal db counter[0m = 3 [0;36mNewSerialDB[0m = 0.0024s [0;36mmkdirAll[0m = 0.0002s [0;36mopenLevelDB[0m = 0.0023s 
[0;36mDEBUG[0m[2026-03-16 10:14:19.879]   PruningStorer.processPersistersToClose   [0;36mepochs to close[0m = [751] [0;36mbefore process[0m = [753 752 751] [0;36mafter process[0m = [753 752] 
[0;36mDEBUG[0m[2026-03-16 10:14:19.879]   makeDbPointerNilReturningLast            [0;36mpath[0m = TestOnly-Epoch_751/Shard_0/id [0;36mnilled pointer[0m = 0xc000141c00 [0;36mglobal db counter[0m = 2 
[0;36mDEBUG[0m[2026-03-16 10:14:19.879]   processLoop - closing the leveldb process loop [0;36mpath[0m = TestOnly-Epoch_751/Shard_0/id 
[0;36mDEBUG[0m[2026-03-16 10:14:19.879]   batchTimeoutHandle - closing             [0;36mpath[0m = TestOnly-Epoch_751/Shard_0/id 
[0;36mDEBUG[0m[2026-03-16 10:14:19.881]   PruningStorer - change epoch             [0;36munit[0m = id [0;36mepoch[0m = 754 [0;36mbytes in cache[0m = 0 
[0;36mDEBUG[0m[2026-03-16 10:14:19.883]   opened serial level db persister         [0;36mpath[0m = TestOnly-Epoch_754/Shard_0/id [0;36mcreated pointer[0m = 0xc000695dc0 [0;36mglobal db counter[0m = 3 [0;36mNewSerialDB[0m = 0.0028s [0;36mmkdirAll[0m = 0.0002s [0;36mopenLevelDB[0m = 0.0026s 
[0;36mDEBUG[0m[2026-03-16 10:14:19.884]   PruningStorer.processPersistersToClose   [0;36mepochs to close[0m = [752] [0;36mbefore process[0m = [754 753 752] [0;36mafter process[0m = [754 753] 
[0;36mDEBUG[0m[2026-03-16 10:14:19.884]   makeDbPointerNilReturningLast            [0;36mpath[0m = TestOnly-Epoch_752/Shard_0/id [0;36mnilled pointer[0m = 0xc00058a1c0 [0;36mglobal db counter[0m = 2 
[0;36mDEBUG[0m[2026-03-16 10:14:19.884]   batchTimeoutHandle - closing             [0;36mpath[0m = TestOnly-Epoch_752/Shard_0/id 
[0;36mDEBUG[0m[2026-03-16 10:14:19.884]   processLoop - closing the leveldb process loop [0;36mpath[0m = TestOnly-Epoch_752/Shard_0/id 
[0;36mDEBUG[0m[2026-03-16 10:14:19.886]   PruningStorer - change epoch             [0;36munit[0m = id [0;36mepoch[0m = 755 [0;36mbytes in cache[0m = 0 
[0;36mDEBUG[0m[2026-03-16 10:14:19.888]   opened serial level db persister         [0;36mpath[0m = TestOnly-Epoch_755/Shard_0/id [0;36mcreated pointer[0m = 0xc0005108c0 [0;36mglobal db counter[0m = 3 [0;36mNewSerialDB[0m = 0.0024s [0;36mmkdirAll[0m = 0.0002s [0;36mopenLevelDB[0m = 0.0022s 
[0;36mDEBUG[0m[2026-03-16 10:14:19.888]   PruningStorer.processPersistersToClose   [0;36mepochs to close[0m = [753] [0;36mbefore process[0m = [755 754 753] [0;36mafter process[0m = [755 754] 
[0;36mDEBUG[0m[2026-03-16 10:14:19.889]   makeDbPointerNilReturningLast            [0;36mpath[0m = TestOnly-Epoch_753/Shard_0/id [0;36mnilled pointer[0m = 0xc000544000 [0;36mglobal db counter[0m = 2 
[0;36mDEBUG[0m[2026-03-16 10:14:19.889]   processLoop - closing the leveldb process loop [0;36mpath[0m = TestOnly-Epoch_753/Shard_0/id 
[0;36mDEBUG[0m[2026-03-16 10:14:19.889]   batchTimeoutHandle - closing             [0;36mpath[0m = TestOnly-Epoch_753/Shard_0/id 
[0;36mDEBUG[0m[2026-03-16 10:14:19.890]   PruningStorer - change epoch             [0;36munit[0m = id [0;36mepoch[0m = 756 [0;36mbytes in cache[0m = 0 
[0;36mDEBUG[0m[2026-03-16 10:14:19.893]   opened serial level db persister         [0;36mpath[0m = TestOnly-Epoch_756/Shard_0/id [0;36mcreated pointer[0m = 0xc000140e00 [0;36mglobal db counter[0m = 3 [0;36mNewSerialDB[0m = 0.0026s [0;36mmkdirAll[0m = 0.0002s [0;36mopenLevelDB[0m = 0.0024s 
[0;36mDEBUG[0m[2026-03-16 10:14:19.893]   PruningStorer.processPersistersToClose   [0;36mepochs to close[0m = [754] [0;36mbefore process[0m = [756 755 754] [0;36mafter process[0m = [756 755] 
[0;36mDEBUG[0m[2026-03-16 10:14:19.893]   makeDbPointerNilReturningLast            [0;36mpath[0m = TestOnly-Epoch_754/Shard_0/id [0;36mnilled pointer[0m = 0xc000695dc0 [0;36mglobal db counter[0m = 2 
[0;36mDEBUG[0m[2026-03-16 10:14:19.893]   processLoop - closing the leveldb process loop [0;36mpath[0m = TestOnly-Epoch_754/Shard_0/id 
[0;36mDEBUG[0m[2026-03-16 10:14:19.893]   batchTimeoutHandle - closing             [0;36mpath[0m = TestOnly-Epoch_754/Shard_0/id 
[0;36mDEBUG[0m[2026-03-16 10:14:19.895]   PruningStorer - change epoch             [0;36munit[0m = id [0;36mepoch[0m = 757 [0;36mbytes in cache[0m = 0 
[0;36mDEBUG[0m[2026-03-16 10:14:19.898]   opened serial level db persister         [0;36mpath[0m = TestOnly-Epoch_757/Shard_0/id [0;36mcreated pointer[0m = 0xc000170a80 [0;36mglobal db counter[0m = 3 [0;36mNewSerialDB[0m = 0.0028s [0;36mmkdirAll[0m = 0.0002s [0;36mopenLevelDB[0m = 0.0027s 
[0;36mDEBUG[0m[2026-03-16 10:14:19.898]   PruningStorer.processPersistersToClose   [0;36mepochs to close[0m = [755] [0;36mbefore process[0m = [757 756 755] [0;36mafter process[0m = [757 756] 
[0;36mDEBUG[0m[2026-03-16 10:14:19.899]   makeDbPointerNilReturningLast            [0;36mpath[0m = TestOnly-Epoch_755/Shard_0/id [0;36mnilled pointer[0m = 0xc0005108c0 [0;36mglobal db counter[0m = 2 
[0;36mDEBUG[0m[2026-03-16 10:14:19.899]   processLoop - closing the leveldb process loop [0;36mpath[0m = TestOnly-Epoch_755/Shard_0/id 
[0;36mDEBUG[0m[2026-03-16 10:14:19.899]   batchTimeoutHandle - closing             [0;36mpath[0m = TestOnly-Epoch_755/Shard_0/id 
[0;36mDEBUG[0m[2026-03-16 10:14:19.900]   PruningStorer - change epoch             [0;36munit[0m = id [0;36mepoch[0m = 758 [0;36mbytes in cache[0m = 0 
[0;36mDEBUG[0m[2026-03-16 10:14:19.903]   opened serial level db persister         [0;36mpath[0m = TestOnly-Epoch_758/Shard_0/id [0;36mcreated pointer[0m = 0xc0005d4e00 [0;36mglobal db counter[0m = 3 [0;36mNewSerialDB[0m = 0.0035s [0;36mmkdirAll[0m = 0.0002s [0;36mopenLevelDB[0m = 0.0033s 
[0;36mDEBUG[0m[2026-03-16 10:14:19.903]   PruningStorer.processPersistersToClose   [0;36mepochs to close[0m = [756] [0;36mbefore process[0m = [758 757 756] [0;36mafter process[0m = [758 757] 
[0;36mDEBUG[0m[2026-03-16 10:14:19.904]   makeDbPointerNilReturningLast            [0;36mpath[0m = TestOnly-Epoch_756/Shard_0/id [0;36mnilled pointer[0m = 0xc000140e00 [0;36mglobal db counter[0m = 2 
[0;36mDEBUG[0m[2026-03-16 10:14:19.904]   processLoop - closing the leveldb process loop [0;36mpath[0m = TestOnly-Epoch_756/Shard_0/id 
[0;36mDEBUG[0m[2026-03-16 10:14:19.904]   batchTimeoutHandle - closing             [0;36mpath[0m = TestOnly-Epoch_756/Shard_0/id 
[0;36mDEBUG[0m[2026-03-16 10:14:19.905]   PruningStorer - change epoch             [0;36munit[0m = id [0;36mepoch[0m = 759 [0;36mbytes in cache[0m = 0 
[0;36mDEBUG[0m[2026-03-16 10:14:19.908]   opened serial level db persister         [0;36mpath[0m = TestOnly-Epoch_759/Shard_0/id [0;36mcreated pointer[0m = 0xc000171a40 [0;36mglobal db counter[0m = 3 [0;36mNewSerialDB[0m = 0.0026s [0;36mmkdirAll[0m = 0.0002s [0;36mopenLevelDB[0m = 0.0024s 
[0;36mDEBUG[0m[2026-03-16 10:14:19.908]   PruningStorer.processPersistersToClose   [0;36mepochs to close[0m = [757] [0;36mbefore process[0m = [759 758 757] [0;36mafter process[0m = [759 758] 
[0;36mDEBUG[0m[2026-03-16 10:14:19.908]   makeDbPointerNilReturningLast            [0;36mpath[0m = TestOnly-Epoch_757/Shard_0/id [0;36mnilled pointer[0m = 0xc000170a80 [0;36mglobal db counter[0m = 2 
[0;36mDEBUG[0m[2026-03-16 10:14:19.908]   processLoop - closing the leveldb process loop [0;36mpath[0m = TestOnly-Epoch_757/Shard_0/id 
[0;36mDEBUG[0m[2026-03-16 10:14:19.908]   batchTimeoutHandle - closing             [0;36mpath[0m = TestOnly-Epoch_757/Shard_0/id 
[0;36mDEBUG[0m[2026-03-16 10:14:19.909]   PruningStorer - change epoch             [0;36munit[0m = id [0;36mepoch[0m = 760 [0;36mbytes in cache[0m = 0 
[0;36mDEBUG[0m[2026-03-16 10:14:19.912]   opened serial level db persister         [0;36mpath[0m = TestOnly-Epoch_760/Shard_0/id [0;36mcreated pointer[0m = 0xc000545dc0 [0;36mglobal db counter[0m = 3 [0;36mNewSerialDB[0m = 0.0024s [0;36mmkdirAll[0m = 0.0002s [0;36mopenLevelDB[0m = 0.0023s 
[0;36mDEBUG[0m[2026-03-16 10:14:19.912]   PruningStorer.processPersistersToClose   [0;36mepochs to close[0m = [758] [0;36mbefore process[0m = [760 759 758] [0;36mafter process[0m = [760 759] 
[0;36mDEBUG[0m[2026-03-16 10:14:19.915]   makeDbPointerNilReturningLast            [0;36mpath[0m = TestOnly-Epoch_758/Shard_0/id [0;36mnilled pointer[0m = 0xc0005d4e00 [0;36mglobal db counter[0m = 2 
[0;36mDEBUG[0m[2026-03-16 10:14:19.915]   batchTimeoutHandle - closing             [0;36mpath[0m = TestOnly-Epoch_758/Shard_0/id 
[0;36mDEBUG[0m[2026-03-16 10:14:19.915]   processLoop - closing the leveldb process loop [0;36mpath[0m = TestOnly-Epoch_758/Shard_0/id 
[0;36mDEBUG[0m[2026-03-16 10:14:19.916]   PruningStorer - change epoch             [0;36munit[0m = id [0;36mepoch[0m = 761 [0;36mbytes in cache[0m = 0 
[0;36mDEBUG[0m[2026-03-16 10:14:19.919]   opened serial level db persister         [0;36mpath[0m = TestOnly-Epoch_761/Shard_0/id [0;36mcreated pointer[0m = 0xc002209500 [0;36mglobal db counter[0m = 3 [0;36mNewSerialDB[0m = 0.0029s [0;36mmkdirAll[0m = 0.0002s [0;36mopenLevelDB[0m = 0.0027s 
[0;36mDEBUG[0m[2026-03-16 10:14:19.919]   PruningStorer.processPersistersToClose   [0;36mepochs to close[0m = [759] [0;36mbefore process[0m = [761 760 759] [0;36mafter process[0m = [761 760] 
[0;36mDEBUG[0m[2026-03-16 10:14:19.920]   makeDbPointerNilReturningLast            [0;36mpath[0m = TestOnly-Epoch_759/Shard_0/id [0;36mnilled pointer[0m = 0xc000171a40 [0;36mglobal db counter[0m = 2 
[0;36mDEBUG[0m[2026-03-16 10:14:19.920]   batchTimeoutHandle - closing             [0;36mpath[0m = TestOnly-Epoch_759/Shard_0/id 
[0;36mDEBUG[0m[2026-03-16 10:14:19.920]   processLoop - closing the leveldb process loop [0;36mpath[0m = TestOnly-Epoch_759/Shard_0/id 
[0;36mDEBUG[0m[2026-03-16 10:14:19.924]   PruningStorer - change epoch             [0;36munit[0m = id [0;36mepoch[0m = 762 [0;36mbytes in cache[0m = 0 
[0;36mDEBUG[0m[2026-03-16 10:14:19.933]   opened serial level db persister         [0;36mpath[0m = TestOnly-Epoch_762/Shard_0/id [0;36mcreated pointer[0m = 0xc00058a540 [0;36mglobal db counter[0m = 3 [0;36mNewSerialDB[0m = 0.0092s [0;36mmkdirAll[0m = 0.0002s [0;36mopenLevelDB[0m = 0.0089s 
[0;36mDEBUG[0m[2026-03-16 10:14:19.933]   PruningStorer.processPersistersToClose   [0;36mepochs to close[0m = [760] [0;36mbefore process[0m = [762 761 760] [0;36mafter process[0m = [762 761] 
[0;36mDEBUG[0m[2026-03-16 10:14:19.934]   makeDbPointerNilReturningLast            [0;36mpath[0m = TestOnly-Epoch_760/Shard_0/id [0;36mnilled pointer[0m = 0xc000545dc0 [0;36mglobal db counter[0m = 2 
[0;36mDEBUG[0m[2026-03-16 10:14:19.934]   processLoop - closing the leveldb process loop [0;36mpath[0m = TestOnly-Epoch_760/Shard_0/id 
[0;36mDEBUG[0m[2026-03-16 10:14:19.934]   batchTimeoutHandle - closing             [0;36mpath[0m = TestOnly-Epoch_760/Shard_0/id 
[0;36mDEBUG[0m[2026-03-16 10:14:19.936]   PruningStorer - change epoch             [0;36munit[0m = id [0;36mepoch[0m = 763 [0;36mbytes in cache[0m = 0 
[0;36mDEBUG[0m[2026-03-16 10:14:19.939]   opened serial level db persister         [0;36mpath[0m = TestOnly-Epoch_763/Shard_0/id [0;36mcreated pointer[0m = 0xc00058a700 [0;36mglobal db counter[0m = 3 [0;36mNewSerialDB[0m = 0.0029s [0;36mmkdirAll[0m = 0.0002s [0;36mopenLevelDB[0m = 0.0027s 
[0;36mDEBUG[0m[2026-03-16 10:14:19.939]   PruningStorer.processPersistersToClose   [0;36mepochs to close[0m = [761] [0;36mbefore process[0m = [763 762 761] [0;36mafter process[0m = [763 762] 
[0;36mDEBUG[0m[2026-03-16 10:14:19.940]   makeDbPointerNilReturningLast            [0;36mpath[0m = TestOnly-Epoch_761/Shard_0/id [0;36mnilled pointer[0m = 0xc002209500 [0;36mglobal db counter[0m = 2 
[0;36mDEBUG[0m[2026-03-16 10:14:19.940]   processLoop - closing the leveldb process loop [0;36mpath[0m = TestOnly-Epoch_761/Shard_0/id 
[0;36mDEBUG[0m[2026-03-16 10:14:19.940]   batchTimeoutHandle - closing             [0;36mpath[0m = TestOnly-Epoch_761/Shard_0/id 
[0;36mDEBUG[0m[2026-03-16 10:14:19.942]   PruningStorer - change epoch             [0;36munit[0m = id [0;36mepoch[0m = 764 [0;36mbytes in cache[0m = 0 
[0;36mDEBUG[0m[2026-03-16 10:14:19.945]   opened serial level db persister         [0;36mpath[0m = TestOnly-Epoch_764/Shard_0/id [0;36mcreated pointer[0m = 0xc00058ac40 [0;36mglobal db counter[0m = 3 [0;36mNewSerialDB[0m = 0.0032s [0;36mmkdirAll[0m = 0.0002s [0;36mopenLevelDB[0m = 0.0030s 
[0;36mDEBUG[0m[2026-03-16 10:14:19.945]   PruningStorer.processPersistersToClose   [0;36mepochs to close[0m = [762] [0;36mbefore process[0m = [764 763 762] [0;36mafter process[0m = [764 763] 
[0;36mDEBUG[0m[2026-03-16 10:14:19.945]   makeDbPointerNilReturningLast            [0;36mpath[0m = TestOnly-Epoch_762/Shard_0/id [0;36mnilled pointer[0m = 0xc00058a540 [0;36mglobal db counter[0m = 2 
[0;36mDEBUG[0m[2026-03-16 10:14:19.945]   processLoop - closing the leveldb process loop [0;36mpath[0m = TestOnly-Epoch_762/Shard_0/id 
[0;36mDEBUG[0m[2026-03-16 10:14:19.945]   batchTimeoutHandle - closing             [0;36mpath[0m = TestOnly-Epoch_762/Shard_0/id 
[0;36mDEBUG[0m[2026-03-16 10:14:19.947]   PruningStorer - change epoch             [0;36munit[0m = id [0;36mepoch[0m = 765 [0;36mbytes in cache[0m = 0 
[0;36mDEBUG[0m[2026-03-16 10:14:19.950]   opened serial level db persister         [0;36mpath[0m = TestOnly-Epoch_765/Shard_0/id [0;36mcreated pointer[0m = 0xc000170540 [0;36mglobal db counter[0m = 3 [0;36mNewSerialDB[0m = 0.0031s [0;36mmkdirAll[0m = 0.0002s [0;36mopenLevelDB[0m = 0.0029s 
[0;36mDEBUG[0m[2026-03-16 10:14:19.950]   PruningStorer.processPersistersToClose   [0;36mepochs to close[0m = [763] [0;36mbefore process[0m = [765 764 763] [0;36mafter process[0m = [765 764] 
[0;36mDEBUG[0m[2026-03-16 10:14:19.950]   makeDbPointerNilReturningLast            [0;36mpath[0m = TestOnly-Epoch_763/Shard_0/id [0;36mnilled pointer[0m = 0xc00058a700 [0;36mglobal db counter[0m = 2 
[0;36mDEBUG[0m[2026-03-16 10:14:19.950]   processLoop - closing the leveldb process loop [0;36mpath[0m = TestOnly-Epoch_763/Shard_0/id 
[0;36mDEBUG[0m[2026-03-16 10:14:19.950]   batchTimeoutHandle - closing             [0;36mpath[0m = TestOnly-Epoch_763/Shard_0/id 
[0;36mDEBUG[0m[2026-03-16 10:14:19.952]   PruningStorer - change epoch             [0;36munit[0m = id [0;36mepoch[0m = 766 [0;36mbytes in cache[0m = 0 
[0;36mDEBUG[0m[2026-03-16 10:14:19.955]   opened serial level db persister         [0;36mpath[0m = TestOnly-Epoch_766/Shard_0/id [0;36mcreated pointer[0m = 0xc0003621c0 [0;36mglobal db counter[0m = 3 [0;36mNewSerialDB[0m = 0.0032s [0;36mmkdirAll[0m = 0.0002s [0;36mopenLevelDB[0m = 0.0030s 
[0;36mDEBUG[0m[2026-03-16 10:14:19.955]   PruningStorer.processPersistersToClose   [0;36mepochs to close[0m = [764] [0;36mbefore process[0m = [766 765 764] [0;36mafter process[0m = [766 765] 
[0;36mDEBUG[0m[2026-03-16 10:14:19.956]   makeDbPointerNilReturningLast            [0;36mpath[0m = TestOnly-Epoch_764/Shard_0/id [0;36mnilled pointer[0m = 0xc00058ac40 [0;36mglobal db counter[0m = 2 
[0;36mDEBUG[0m[2026-03-16 10:14:19.956]   processLoop - closing the leveldb process loop [0;36mpath[0m = TestOnly-Epoch_764/Shard_0/id 
[0;36mDEBUG[0m[2026-03-16 10:14:19.956]   batchTimeoutHandle - closing             [0;36mpath[0m = TestOnly-Epoch_764/Shard_0/id 
[0;36mDEBUG[0m[2026-03-16 10:14:19.957]   PruningStorer - change epoch             [0;36munit[0m = id [0;36mepoch[0m = 767 [0;36mbytes in cache[0m = 0 
[0;36mDEBUG[0m[2026-03-16 10:14:19.959]   opened serial level db persister         [0;36mpath[0m = TestOnly-Epoch_767/Shard_0/id [0;36mcreated pointer[0m = 0xc00058a380 [0;36mglobal db counter[0m = 3 [0;36mNewSerialDB[0m = 0.0026s [0;36mmkdirAll[0m = 0.0002s [0;36mopenLevelDB[0m = 0.0025s 
[0;36mDEBUG[0m[2026-03-16 10:14:19.960]   PruningStorer.processPersistersToClose   [0;36mepochs to close[0m = [765] [0;36mbefore process[0m = [767 766 765] [0;36mafter process[0m = [767 766] 
[0;36mDEBUG[0m[2026-03-16 10:14:19.960]   makeDbPointerNilReturningLast            [0;36mpath[0m = TestOnly-Epoch_765/Shard_0/id [0;36mnilled pointer[0m = 0xc000170540 [0;36mglobal db counter[0m = 2 
[0;36mDEBUG[0m[2026-03-16 10:14:19.960]   processLoop - closing the leveldb process loop [0;36mpath[0m = TestOnly-Epoch_765/Shard_0/id 
[0;36mDEBUG[0m[2026-03-16 10:14:19.960]   batchTimeoutHandle - closing             [0;36mpath[0m = TestOnly-Epoch_765/Shard_0/id 
[0;36mDEBUG[0m[2026-03-16 10:14:19.961]   PruningStorer - change epoch             [0;36munit[0m = id [0;36mepoch[0m = 768 [0;36mbytes in cache[0m = 0 
[0;36mDEBUG[0m[2026-03-16 10:14:19.964]   opened serial level db persister         [0;36mpath[0m = TestOnly-Epoch_768/Shard_0/id [0;36mcreated pointer[0m = 0xc000363880 [0;36mglobal db counter[0m = 3 [0;36mNewSerialDB[0m = 0.0025s [0;36mmkdirAll[0m = 0.0001s [0;36mopenLevelDB[0m = 0.0024s 
[0;36mDEBUG[0m[2026-03-16 10:14:19.964]   PruningStorer.processPersistersToClose   [0;36mepochs to close[0m = [766] [0;36mbefore process[0m = [768 767 766] [0;36mafter process[0m = [768 767] 
[0;36mDEBUG[0m[2026-03-16 10:14:19.964]   makeDbPointerNilReturningLast            [0;36mpath[0m = TestOnly-Epoch_766/Shard_0/id [0;36mnilled pointer[0m = 0xc0003621c0 [0;36mglobal db counter[0m = 2 
[0;36mDEBUG[0m[2026-03-16 10:14:19.964]   processLoop - closing the leveldb process loop [0;36mpath[0m = TestOnly-Epoch_766/Shard_0/id 
[0;36mDEBUG[0m[2026-03-16 10:14:19.964]   batchTimeoutHandle - closing             [0;36mpath[0m = TestOnly-Epoch_766/Shard_0/id 
[0;36mDEBUG[0m[2026-03-16 10:14:19.965]   PruningStorer - change epoch             [0;36munit[0m = id [0;36mepoch[0m = 769 [0;36mbytes in cache[0m = 0 
[0;36mDEBUG[0m[2026-03-16 10:14:19.968]   opened serial level db persister         [0;36mpath[0m = TestOnly-Epoch_769/Shard_0/id [0;36mcreated pointer[0m = 0xc000171c00 [0;36mglobal db counter[0m = 3 [0;36mNewSerialDB[0m = 0.0025s [0;36mmkdirAll[0m = 0.0002s [0;36mopenLevelDB[0m = 0.0023s 
[0;36mDEBUG[0m[2026-03-16 10:14:19.968]   PruningStorer.processPersistersToClose   [0;36mepochs to close[0m = [767] [0;36mbefore process[0m = [769 768 767] [0;36mafter process[0m = [769 768] 
[0;36mDEBUG[0m[2026-03-16 10:14:19.969]   makeDbPointerNilReturningLast            [0;36mpath[0m = TestOnly-Epoch_767/Shard_0/id [0;36mnilled pointer[0m = 0xc00058a380 [0;36mglobal db counter[0m = 2 
[0;36mDEBUG[0m[2026-03-16 10:14:19.969]   processLoop - closing the leveldb process loop [0;36mpath[0m = TestOnly-Epoch_767/Shard_0/id 
[0;36mDEBUG[0m[2026-03-16 10:14:19.969]   batchTimeoutHandle - closing             [0;36mpath[0m = TestOnly-Epoch_767/Shard_0/id 
[0;36mDEBUG[0m[2026-03-16 10:14:19.970]   PruningStorer - change epoch             [0;36munit[0m = id [0;36mepoch[0m = 770 [0;36mbytes in cache[0m = 0 
[0;36mDEBUG[0m[2026-03-16 10:14:19.973]   opened serial level db persister         [0;36mpath[0m = TestOnly-Epoch_770/Shard_0/id [0;36mcreated pointer[0m = 0xc0002ebdc0 [0;36mglobal db counter[0m = 3 [0;36mNewSerialDB[0m = 0.0031s [0;36mmkdirAll[0m = 0.0002s [0;36mopenLevelDB[0m = 0.0029s 
[0;36mDEBUG[0m[2026-03-16 10:14:19.973]   PruningStorer.processPersistersToClose   [0;36mepochs to close[0m = [768] [0;36mbefore process[0m = [770 769 768] [0;36mafter process[0m = [770 769] 
[0;36mDEBUG[0m[2026-03-16 10:14:19.973]   makeDbPointerNilReturningLast            [0;36mpath[0m = TestOnly-Epoch_768/Shard_0/id [0;36mnilled pointer[0m = 0xc000363880 [0;36mglobal db counter[0m = 2 
[0;36mDEBUG[0m[2026-03-16 10:14:19.973]   processLoop - closing the leveldb process loop [0;36mpath[0m = TestOnly-Epoch_768/Shard_0/id 
[0;36mDEBUG[0m[2026-03-16 10:14:19.974]   batchTimeoutHandle - closing             [0;36mpath[0m = TestOnly-Epoch_768/Shard_0/id 
[0;36mDEBUG[0m[2026-03-16 10:14:19.975]   PruningStorer - change epoch             [0;36munit[0m = id [0;36mepoch[0m = 771 [0;36mbytes in cache[0m = 0 
[0;36mDEBUG[0m[2026-03-16 10:14:19.978]   opened serial level db persister         [0;36mpath[0m = TestOnly-Epoch_771/Shard_0/id [0;36mcreated pointer[0m = 0xc000664540 [0;36mglobal db counter[0m = 3 [0;36mNewSerialDB[0m = 0.0031s [0;36mmkdirAll[0m = 0.0002s [0;36mopenLevelDB[0m = 0.0029s 
[0;36mDEBUG[0m[2026-03-16 10:14:19.978]   PruningStorer.processPersistersToClose   [0;36mepochs to close[0m = [769] [0;36mbefore process[0m = [771 770 769] [0;36mafter process[0m = [771 770] 
[0;36mDEBUG[0m[2026-03-16 10:14:19.979]   makeDbPointerNilReturningLast            [0;36mpath[0m = TestOnly-Epoch_769/Shard_0/id [0;36mnilled pointer[0m = 0xc000171c00 [0;36mglobal db counter[0m = 2 
[0;36mDEBUG[0m[2026-03-16 10:14:19.979]   processLoop - closing the leveldb process loop [0;36mpath[0m = TestOnly-Epoch_769/Shard_0/id 
[0;36mDEBUG[0m[2026-03-16 10:14:19.979]   batchTimeoutHandle - closing             [0;36mpath[0m = TestOnly-Epoch_769/Shard_0/id 
[0;36mDEBUG[0m[2026-03-16 10:14:19.980]   PruningStorer - change epoch             [0;36munit[0m = id [0;36mepoch[0m = 772 [0;36mbytes in cache[0m = 0 
[0;36mDEBUG[0m[2026-03-16 10:14:19.983]   opened serial level db persister         [0;36mpath[0m = TestOnly-Epoch_772/Shard_0/id [0;36mcreated pointer[0m = 0xc00058a000 [0;36mglobal db counter[0m = 3 [0;36mNewSerialDB[0m = 0.0026s [0;36mmkdirAll[0m = 0.0002s [0;36mopenLevelDB[0m = 0.0024s 
[0;36mDEBUG[0m[2026-03-16 10:14:19.983]   PruningStorer.processPersistersToClose   [0;36mepochs to close[0m = [770] [0;36mbefore process[0m = [772 771 770] [0;36mafter process[0m = [772 771] 
[0;36mDEBUG[0m[2026-03-16 10:14:19.983]   makeDbPointerNilReturningLast            [0;36mpath[0m = TestOnly-Epoch_770/Shard_0/id [0;36mnilled pointer[0m = 0xc0002ebdc0 [0;36mglobal db counter[0m = 2 
[0;36mDEBUG[0m[2026-03-16 10:14:19.983]   processLoop - closing the leveldb process loop [0;36mpath[0m = TestOnly-Epoch_770/Shard_0/id 
[0;36mDEBUG[0m[2026-03-16 10:14:19.983]   batchTimeoutHandle - closing             [0;36mpath[0m = TestOnly-Epoch_770/Shard_0/id 
[0;36mDEBUG[0m[2026-03-16 10:14:19.984]   PruningStorer - change epoch             [0;36munit[0m = id [0;36mepoch[0m = 773 [0;36mbytes in cache[0m = 0 
[0;36mDEBUG[0m[2026-03-16 10:14:19.987]   opened serial level db persister         [0;36mpath[0m = TestOnly-Epoch_773/Shard_0/id [0;36mcreated pointer[0m = 0xc000171880 [0;36mglobal db counter[0m = 3 [0;36mNewSerialDB[0m = 0.0024s [0;36mmkdirAll[0m = 0.0001s [0;36mopenLevelDB[0m = 0.0023s 
[0;36mDEBUG[0m[2026-03-16 10:14:19.987]   PruningStorer.processPersistersToClose   [0;36mepochs to close[0m = [771] [0;36mbefore process[0m = [773 772 771] [0;36mafter process[0m = [773 772] 
[0;36mDEBUG[0m[2026-03-16 10:14:19.987]   makeDbPointerNilReturningLast            [0;36mpath[0m = TestOnly-Epoch_771/Shard_0/id [0;36mnilled pointer[0m = 0xc000664540 [0;36mglobal db counter[0m = 2 
[0;36mDEBUG[0m[2026-03-16 10:14:19.987]   processLoop - closing the leveldb process loop [0;36mpath[0m = TestOnly-Epoch_771/Shard_0/id 
[0;36mDEBUG[0m[2026-03-16 10:14:19.987]   batchTimeoutHandle - closing             [0;36mpath[0m = TestOnly-Epoch_771/Shard_0/id 
[0;36mDEBUG[0m[2026-03-16 10:14:19.989]   PruningStorer - change epoch             [0;36munit[0m = id [0;36mepoch[0m = 774 [0;36mbytes in cache[0m = 0 
[0;36mDEBUG[0m[2026-03-16 10:14:19.991]   opened serial level db persister         [0;36mpath[0m = TestOnly-Epoch_774/Shard_0/id [0;36mcreated pointer[0m = 0xc00058ae00 [0;36mglobal db counter[0m = 3 [0;36mNewSerialDB[0m = 0.0028s [0;36mmkdirAll[0m = 0.0002s [0;36mopenLevelDB[0m = 0.0026s 
[0;36mDEBUG[0m[2026-03-16 10:14:19.991]   PruningStorer.processPersistersToClose   [0;36mepochs to close[0m = [772] [0;36mbefore process[0m = [774 773 772] [0;36mafter process[0m = [774 773] 
[0;36mDEBUG[0m[2026-03-16 10:14:19.992]   makeDbPointerNilReturningLast            [0;36mpath[0m = TestOnly-Epoch_772/Shard_0/id [0;36mnilled pointer[0m = 0xc00058a000 [0;36mglobal db counter[0m = 2 
[0;36mDEBUG[0m[2026-03-16 10:14:19.992]   processLoop - closing the leveldb process loop [0;36mpath[0m = TestOnly-Epoch_772/Shard_0/id 
[0;36mDEBUG[0m[2026-03-16 10:14:19.992]   batchTimeoutHandle - closing             [0;36mpath[0m = TestOnly-Epoch_772/Shard_0/id 
[0;36mDEBUG[0m[2026-03-16 10:14:19.994]   PruningStorer - change epoch             [0;36munit[0m = id [0;36mepoch[0m = 775 [0;36mbytes in cache[0m = 0 
[0;36mDEBUG[0m[2026-03-16 10:14:19.996]   opened serial level db persister         [0;36mpath[0m = TestOnly-Epoch_775/Shard_0/id [0;36mcreated pointer[0m = 0xc00058b340 [0;36mglobal db counter[0m = 3 [0;36mNewSerialDB[0m = 0.0026s [0;36mmkdirAll[0m = 0.0001s [0;36mopenLevelDB[0m = 0.0025s 
[0;36mDEBUG[0m[2026-03-16 10:14:19.996]   PruningStorer.processPersistersToClose   [0;36mepochs to close[0m = [773] [0;36mbefore process[0m = [775 774 773] [0;36mafter process[0m = [775 774] 
[0;36mDEBUG[0m[2026-03-16 10:14:19.997]   makeDbPointerNilReturningLast            [0;36mpath[0m = TestOnly-Epoch_773/Shard_0/id [0;36mnilled pointer[0m = 0xc000171880 [0;36mglobal db counter[0m = 2 
[0;36mDEBUG[0m[2026-03-16 10:14:19.997]   processLoop - closing the leveldb process loop [0;36mpath[0m = TestOnly-Epoch_773/Shard_0/id 
[0;36mDEBUG[0m[2026-03-16 10:14:19.997]   batchTimeoutHandle - closing             [0;36mpath[0m = TestOnly-Epoch_773/Shard_0/id 
[0;36mDEBUG[0m[2026-03-16 10:14:19.998]   PruningStorer - change epoch             [0;36munit[0m = id [0;36mepoch[0m = 776 [0;36mbytes in cache[0m = 0 
[0;36mDEBUG[0m[2026-03-16 10:14:20.001]   opened serial level db persister         [0;36mpath[0m = TestOnly-Epoch_776/Shard_0/id [0;36mcreated pointer[0m = 0xc0006648c0 [0;36mglobal db counter[0m = 3 [0;36mNewSerialDB[0m = 0.0024s [0;36mmkdirAll[0m = 0.0002s [0;36mopenLevelDB[0m = 0.0023s 
[0;36mDEBUG[0m[2026-03-16 10:14:20.001]   PruningStorer.processPersistersToClose   [0;36mepochs to close[0m = [774] [0;36mbefore process[0m = [776 775 774] [0;36mafter process[0m = [776 775] 
[0;36mDEBUG[0m[2026-03-16 10:14:20.001]   makeDbPointerNilReturningLast            [0;36mpath[0m = TestOnly-Epoch_774/Shard_0/id [0;36mnilled pointer[0m = 0xc00058ae00 [0;36mglobal db counter[0m = 2 
[0;36mDEBUG[0m[2026-03-16 10:14:20.001]   processLoop - closing the leveldb process loop [0;36mpath[0m = TestOnly-Epoch_774/Shard_0/id 
[0;36mDEBUG[0m[2026-03-16 10:14:20.001]   batchTimeoutHandle - closing             [0;36mpath[0m = TestOnly-Epoch_774/Shard_0/id 
[0;36mDEBUG[0m[2026-03-16 10:14:20.002]   PruningStorer - change epoch             [0;36munit[0m = id [0;36mepoch[0m = 777 [0;36mbytes in cache[0m = 0 
[0;36mDEBUG[0m[2026-03-16 10:14:20.005]   opened serial level db persister         [0;36mpath[0m = TestOnly-Epoch_777/Shard_0/id [0;36mcreated pointer[0m = 0xc000362a80 [0;36mglobal db counter[0m = 3 [0;36mNewSerialDB[0m = 0.0029s [0;36mmkdirAll[0m = 0.0002s [0;36mopenLevelDB[0m = 0.0028s 
[0;36mDEBUG[0m[2026-03-16 10:14:20.005]   PruningStorer.processPersistersToClose   [0;36mepochs to close[0m = [775] [0;36mbefore process[0m = [777 776 775] [0;36mafter process[0m = [777 776] 
[0;36mDEBUG[0m[2026-03-16 10:14:20.006]   makeDbPointerNilReturningLast            [0;36mpath[0m = TestOnly-Epoch_775/Shard_0/id [0;36mnilled pointer[0m = 0xc00058b340 [0;36mglobal db counter[0m = 2 
[0;36mDEBUG[0m[2026-03-16 10:14:20.006]   processLoop - closing the leveldb process loop [0;36mpath[0m = TestOnly-Epoch_775/Shard_0/id 
[0;36mDEBUG[0m[2026-03-16 10:14:20.006]   batchTimeoutHandle - closing             [0;36mpath[0m = TestOnly-Epoch_775/Shard_0/id 
[0;36mDEBUG[0m[2026-03-16 10:14:20.007]   PruningStorer - change epoch             [0;36munit[0m = id [0;36mepoch[0m = 778 [0;36mbytes in cache[0m = 0 
[0;36mDEBUG[0m[2026-03-16 10:14:20.011]   opened serial level db persister         [0;36mpath[0m = TestOnly-Epoch_778/Shard_0/id [0;36mcreated pointer[0m = 0xc000585340 [0;36mglobal db counter[0m = 3 [0;36mNewSerialDB[0m = 0.0035s [0;36mmkdirAll[0m = 0.0002s [0;36mopenLevelDB[0m = 0.0033s 
[0;36mDEBUG[0m[2026-03-16 10:14:20.011]   PruningStorer.processPersistersToClose   [0;36mepochs to close[0m = [776] [0;36mbefore process[0m = [778 777 776] [0;36mafter process[0m = [778 777] 
[0;36mDEBUG[0m[2026-03-16 10:14:20.011]   makeDbPointerNilReturningLast            [0;36mpath[0m = TestOnly-Epoch_776/Shard_0/id [0;36mnilled pointer[0m = 0xc0006648c0 [0;36mglobal db counter[0m = 2 
[0;36mDEBUG[0m[2026-03-16 10:14:20.011]   processLoop - closing the leveldb process loop [0;36mpath[0m = TestOnly-Epoch_776/Shard_0/id 
[0;36mDEBUG[0m[2026-03-16 10:14:20.012]   batchTimeoutHandle - closing             [0;36mpath[0m = TestOnly-Epoch_776/Shard_0/id 
[0;36mDEBUG[0m[2026-03-16 10:14:20.013]   PruningStorer - change epoch             [0;36munit[0m = id [0;36mepoch[0m = 779 [0;36mbytes in cache[0m = 0 
[0;36mDEBUG[0m[2026-03-16 10:14:20.015]   opened serial level db persister         [0;36mpath[0m = TestOnly-Epoch_779/Shard_0/id [0;36mcreated pointer[0m = 0xc00058aa80 [0;36mglobal db counter[0m = 3 [0;36mNewSerialDB[0m = 0.0025s [0;36mmkdirAll[0m = 0.0002s [0;36mopenLevelDB[0m = 0.0023s 
[0;36mDEBUG[0m[2026-03-16 10:14:20.015]   PruningStorer.processPersistersToClose   [0;36mepochs to close[0m = [777] [0;36mbefore process[0m = [779 778 777] [0;36mafter process[0m = [779 778] 
[0;36mDEBUG[0m[2026-03-16 10:14:20.016]   makeDbPointerNilReturningLast            [0;36mpath[0m = TestOnly-Epoch_777/Shard_0/id [0;36mnilled pointer[0m = 0xc000362a80 [0;36mglobal db counter[0m = 2 
[0;36mDEBUG[0m[2026-03-16 10:14:20.016]   processLoop - closing the leveldb process loop [0;36mpath[0m = TestOnly-Epoch_777/Shard_0/id 
[0;36mDEBUG[0m[2026-03-16 10:14:20.016]   batchTimeoutHandle - closing             [0;36mpath[0m = TestOnly-Epoch_777/Shard_0/id 
[0;36mDEBUG[0m[2026-03-16 10:14:20.017]   PruningStorer - change epoch             [0;36munit[0m = id [0;36mepoch[0m = 780 [0;36mbytes in cache[0m = 0 
[0;36mDEBUG[0m[2026-03-16 10:14:20.019]   opened serial level db persister         [0;36mpath[0m = TestOnly-Epoch_780/Shard_0/id [0;36mcreated pointer[0m = 0xc000664700 [0;36mglobal db counter[0m = 3 [0;36mNewSerialDB[0m = 0.0024s [0;36mmkdirAll[0m = 0.0002s [0;36mopenLevelDB[0m = 0.0022s 
[0;36mDEBUG[0m[2026-03-16 10:14:20.019]   PruningStorer.processPersistersToClose   [0;36mepochs to close[0m = [778] [0;36mbefore process[0m = [780 779 778] [0;36mafter process[0m = [780 779] 
[0;36mDEBUG[0m[2026-03-16 10:14:20.020]   makeDbPointerNilReturningLast            [0;36mpath[0m = TestOnly-Epoch_778/Shard_0/id [0;36mnilled pointer[0m = 0xc000585340 [0;36mglobal db counter[0m = 2 
[0;36mDEBUG[0m[2026-03-16 10:14:20.020]   processLoop - closing the leveldb process loop [0;36mpath[0m = TestOnly-Epoch_778/Shard_0/id 
[0;36mDEBUG[0m[2026-03-16 10:14:20.020]   batchTimeoutHandle - closing             [0;36mpath[0m = TestOnly-Epoch_778/Shard_0/id 
[0;36mDEBUG[0m[2026-03-16 10:14:20.021]   PruningStorer - change epoch             [0;36munit[0m = id [0;36mepoch[0m = 781 [0;36mbytes in cache[0m = 0 
[0;36mDEBUG[0m[2026-03-16 10:14:20.023]   opened serial level db persister         [0;36mpath[0m = TestOnly-Epoch_781/Shard_0/id [0;36mcreated pointer[0m = 0xc000684000 [0;36mglobal db counter[0m = 3 [0;36mNewSerialDB[0m = 0.0023s [0;36mmkdirAll[0m = 0.0001s [0;36mopenLevelDB[0m = 0.0022s 
[0;36mDEBUG[0m[2026-03-16 10:14:20.023]   PruningStorer.processPersistersToClose   [0;36mepochs to close[0m = [779] [0;36mbefore process[0m = [781 780 779] [0;36mafter process[0m = [781 780] 
[0;36mDEBUG[0m[2026-03-16 10:14:20.024]   makeDbPointerNilReturningLast            [0;36mpath[0m = TestOnly-Epoch_779/Shard_0/id [0;36mnilled pointer[0m = 0xc00058aa80 [0;36mglobal db counter[0m = 2 
[0;36mDEBUG[0m[2026-03-16 10:14:20.024]   processLoop - closing the leveldb process loop [0;36mpath[0m = TestOnly-Epoch_779/Shard_0/id 
[0;36mDEBUG[0m[2026-03-16 10:14:20.024]   batchTimeoutHandle - closing             [0;36mpath[0m = TestOnly-Epoch_779/Shard_0/id 
[0;36mDEBUG[0m[2026-03-16 10:14:20.092]   serialDB.Destroy                         [0;36mpath[0m = TestOnly-Epoch_781/Shard_0/id 
[0;36mDEBUG[0m[2026-03-16 10:14:20.092]   makeDbPointerNilReturningLast            [0;36mpath[0m = TestOnly-Epoch_781/Shard_0/id [0;36mnilled pointer[0m = 0xc000684000 [0;36mglobal db counter[0m = 1 
[0;36mDEBUG[0m[2026-03-16 10:14:20.092]   processLoop - closing the leveldb process loop [0;36mpath[0m = TestOnly-Epoch_781/Shard_0/id 
[0;36mDEBUG[0m[2026-03-16 10:14:20.092]   batchTimeoutHandle - closing             [0;36mpath[0m = TestOnly-Epoch_781/Shard_0/id 
[0;36mDEBUG[0m[2026-03-16 10:14:20.117]   serialDB.Destroy                         [0;36mpath[0m = TestOnly-Epoch_780/Shard_0/id 
[0;36mDEBUG[0m[2026-03-16 10:14:20.123]   makeDbPointerNilReturningLast            [0;36mpath[0m = TestOnly-Epoch_780/Shard_0/id [0;36mnilled pointer[0m = 0xc000664700 [0;36mglobal db counter[0m = 0 
[0;36mDEBUG[0m[2026-03-16 10:14:20.123]   batchTimeoutHandle - closing             [0;36mpath[0m = TestOnly-Epoch_780/Shard_0/id 
[0;36mDEBUG[0m[2026-03-16 10:14:20.123]   processLoop - closing the leveldb process loop [0;36mpath[0m = TestOnly-Epoch_780/Shard_0/id 
--- PASS: TestNewPruningStorer_ChangeEpochConcurrentPut (6.06s)
PASS
ok  	github.com/TerraDharitri/drt-go-chain/storage/pruning	(cached)
=== RUN   TestSnapshotsManager_WaitForStorageEpochChange
=== PAUSE TestSnapshotsManager_WaitForStorageEpochChange
=== CONT  TestSnapshotsManager_WaitForStorageEpochChange
=== RUN   TestSnapshotsManager_WaitForStorageEpochChange/invalid_args
=== PAUSE TestSnapshotsManager_WaitForStorageEpochChange/invalid_args
=== RUN   TestSnapshotsManager_WaitForStorageEpochChange/getLatestStorageEpoch_error
=== PAUSE TestSnapshotsManager_WaitForStorageEpochChange/getLatestStorageEpoch_error
=== RUN   TestSnapshotsManager_WaitForStorageEpochChange/storage_manager_closed_error
=== PAUSE TestSnapshotsManager_WaitForStorageEpochChange/storage_manager_closed_error
=== RUN   TestSnapshotsManager_WaitForStorageEpochChange/storage_epoch_change_timeout
=== PAUSE TestSnapshotsManager_WaitForStorageEpochChange/storage_epoch_change_timeout
=== RUN   TestSnapshotsManager_WaitForStorageEpochChange/returns_when_latestStorageEpoch_==_snapshotEpoch
=== PAUSE TestSnapshotsManager_WaitForStorageEpochChange/returns_when_latestStorageEpoch_==_snapshotEpoch
=== CONT  TestSnapshotsManager_WaitForStorageEpochChange/invalid_args
=== CONT  TestSnapshotsManager_WaitForStorageEpochChange/returns_when_latestStorageEpoch_==_snapshotEpoch
=== CONT  TestSnapshotsManager_WaitForStorageEpochChange/storage_epoch_change_timeout
=== CONT  TestSnapshotsManager_WaitForStorageEpochChange/getLatestStorageEpoch_error
=== CONT  TestSnapshotsManager_WaitForStorageEpochChange/storage_manager_closed_error
--- PASS: TestSnapshotsManager_WaitForStorageEpochChange (0.00s)
    --- PASS: TestSnapshotsManager_WaitForStorageEpochChange/invalid_args (0.00s)
    --- PASS: TestSnapshotsManager_WaitForStorageEpochChange/returns_when_latestStorageEpoch_==_snapshotEpoch (0.00s)
    --- PASS: TestSnapshotsManager_WaitForStorageEpochChange/getLatestStorageEpoch_error (0.00s)
    --- PASS: TestSnapshotsManager_WaitForStorageEpochChange/storage_manager_closed_error (0.00s)
    --- PASS: TestSnapshotsManager_WaitForStorageEpochChange/storage_epoch_change_timeout (0.01s)
PASS
ok  	github.com/TerraDharitri/drt-go-chain/storage/storageEpochChange	(cached)
=== RUN   TestNewStorageUnit
=== PAUSE TestNewStorageUnit
=== RUN   TestNewCache
=== PAUSE TestNewCache
=== RUN   TestNewStorageUnitFromConf
=== PAUSE TestNewStorageUnitFromConf
=== RUN   TestNewNilStorer
=== PAUSE TestNewNilStorer
=== RUN   TestNewStorageCacherAdapter
=== PAUSE TestNewStorageCacherAdapter
=== CONT  TestNewStorageUnit
=== RUN   TestNewStorageUnit/nil_cacher_should_error
=== PAUSE TestNewStorageUnit/nil_cacher_should_error
=== RUN   TestNewStorageUnit/nil_persister_should_error
=== PAUSE TestNewStorageUnit/nil_persister_should_error
=== RUN   TestNewStorageUnit/should_work
=== PAUSE TestNewStorageUnit/should_work
=== CONT  TestNewStorageUnit/nil_cacher_should_error
=== CONT  TestNewStorageCacherAdapter
=== RUN   TestNewStorageCacherAdapter/nil_parameter_should_error
=== PAUSE TestNewStorageCacherAdapter/nil_parameter_should_error
=== RUN   TestNewStorageCacherAdapter/should_work
=== PAUSE TestNewStorageCacherAdapter/should_work
=== CONT  TestNewStorageCacherAdapter/nil_parameter_should_error
=== CONT  TestNewNilStorer
--- PASS: TestNewNilStorer (0.00s)
=== CONT  TestNewStorageUnitFromConf
=== RUN   TestNewStorageUnitFromConf/invalid_config_should_error
=== PAUSE TestNewStorageUnitFromConf/invalid_config_should_error
=== RUN   TestNewStorageUnitFromConf/should_work
=== PAUSE TestNewStorageUnitFromConf/should_work
=== CONT  TestNewStorageUnitFromConf/invalid_config_should_error
=== CONT  TestNewCache
=== RUN   TestNewCache/wrong_config_should_error
=== PAUSE TestNewCache/wrong_config_should_error
=== RUN   TestNewCache/should_work
=== PAUSE TestNewCache/should_work
=== CONT  TestNewCache/wrong_config_should_error
=== CONT  TestNewStorageUnit/should_work
=== CONT  TestNewStorageUnit/nil_persister_should_error
--- PASS: TestNewStorageUnit (0.00s)
    --- PASS: TestNewStorageUnit/nil_cacher_should_error (0.00s)
    --- PASS: TestNewStorageUnit/should_work (0.00s)
    --- PASS: TestNewStorageUnit/nil_persister_should_error (0.00s)
=== CONT  TestNewStorageCacherAdapter/should_work
--- PASS: TestNewStorageCacherAdapter (0.00s)
    --- PASS: TestNewStorageCacherAdapter/nil_parameter_should_error (0.00s)
    --- PASS: TestNewStorageCacherAdapter/should_work (0.00s)
=== CONT  TestNewStorageUnitFromConf/should_work
=== CONT  TestNewCache/should_work
--- PASS: TestNewCache (0.00s)
    --- PASS: TestNewCache/wrong_config_should_error (0.00s)
    --- PASS: TestNewCache/should_work (0.00s)
--- PASS: TestNewStorageUnitFromConf (0.00s)
    --- PASS: TestNewStorageUnitFromConf/invalid_config_should_error (0.00s)
    --- PASS: TestNewStorageUnitFromConf/should_work (0.01s)
PASS
ok  	github.com/TerraDharitri/drt-go-chain/storage/storageunit	(cached)
=== RUN   TestNewTxCache
=== PAUSE TestNewTxCache
=== RUN   TestNewDisabledCache
=== PAUSE TestNewDisabledCache
=== RUN   TestNewCrossTxCache
=== PAUSE TestNewCrossTxCache
=== CONT  TestNewTxCache
=== RUN   TestNewTxCache/nil_parameter_should_error
=== PAUSE TestNewTxCache/nil_parameter_should_error
=== RUN   TestNewTxCache/should_work
=== PAUSE TestNewTxCache/should_work
=== CONT  TestNewTxCache/nil_parameter_should_error
=== CONT  TestNewCrossTxCache
=== RUN   TestNewCrossTxCache/invalid_config_should_error
=== PAUSE TestNewCrossTxCache/invalid_config_should_error
=== RUN   TestNewCrossTxCache/should_work
=== PAUSE TestNewCrossTxCache/should_work
=== CONT  TestNewCrossTxCache/invalid_config_should_error
=== CONT  TestNewDisabledCache
--- PASS: TestNewDisabledCache (0.00s)
=== CONT  TestNewTxCache/should_work
--- PASS: TestNewTxCache (0.00s)
    --- PASS: TestNewTxCache/nil_parameter_should_error (0.00s)
    --- PASS: TestNewTxCache/should_work (0.00s)
=== CONT  TestNewCrossTxCache/should_work
--- PASS: TestNewCrossTxCache (0.00s)
    --- PASS: TestNewCrossTxCache/invalid_config_should_error (0.00s)
    --- PASS: TestNewCrossTxCache/should_work (0.00s)
PASS
ok  	github.com/TerraDharitri/drt-go-chain/storage/txcache	(cached)
=== RUN   TestGoRoutines_SnapshotAll
=== PAUSE TestGoRoutines_SnapshotAll
=== RUN   TestGoRoutines_SnapshotAllDifferentFiles
=== PAUSE TestGoRoutines_SnapshotAllDifferentFiles
=== RUN   TestGoRoutines_Reset
=== PAUSE TestGoRoutines_Reset
=== RUN   TestNewGoRoutine_OkValue
=== PAUSE TestNewGoRoutine_OkValue
=== RUN   TestNewGoRoutine_NotOkValue
=== PAUSE TestNewGoRoutine_NotOkValue
=== RUN   TestNewSnapshot
=== PAUSE TestNewSnapshot
=== RUN   TestNewSnapshot_WithFilter
=== PAUSE TestNewSnapshot_WithFilter
=== RUN   TestSnapshot_Diff
=== PAUSE TestSnapshot_Diff
=== CONT  TestGoRoutines_SnapshotAll
=== CONT  TestNewGoRoutine_NotOkValue
--- PASS: TestNewGoRoutine_NotOkValue (0.00s)
=== CONT  TestSnapshot_Diff
=== CONT  TestGoRoutines_Reset
=== CONT  TestNewSnapshot_WithFilter
=== CONT  TestGoRoutines_SnapshotAllDifferentFiles
--- PASS: TestGoRoutines_Reset (0.00s)
--- PASS: TestNewSnapshot_WithFilter (0.00s)
=== CONT  TestNewGoRoutine_OkValue
--- PASS: TestSnapshot_Diff (0.00s)
--- PASS: TestGoRoutines_SnapshotAllDifferentFiles (0.00s)
--- PASS: TestGoRoutines_SnapshotAll (0.00s)
=== CONT  TestNewSnapshot
--- PASS: TestNewSnapshot (0.00s)
--- PASS: TestNewGoRoutine_OkValue (0.00s)
PASS
ok  	github.com/TerraDharitri/drt-go-chain/testscommon/goroutines	(cached)
=== RUN   TestSmartContractResultsToString
=== PAUSE TestSmartContractResultsToString
=== CONT  TestSmartContractResultsToString
--- PASS: TestSmartContractResultsToString (0.00s)
PASS
ok  	github.com/TerraDharitri/drt-go-chain/testscommon/integrationtests	(cached)
=== RUN   TestBranchNode_getHash
=== PAUSE TestBranchNode_getHash
=== RUN   TestBranchNode_isDirty
=== PAUSE TestBranchNode_isDirty
=== RUN   TestBranchNode_getCollapsed
=== PAUSE TestBranchNode_getCollapsed
=== RUN   TestBranchNode_getCollapsedEmptyNode
=== PAUSE TestBranchNode_getCollapsedEmptyNode
=== RUN   TestBranchNode_getCollapsedNilNode
=== PAUSE TestBranchNode_getCollapsedNilNode
=== RUN   TestBranchNode_getCollapsedCollapsedNode
=== PAUSE TestBranchNode_getCollapsedCollapsedNode
=== RUN   TestBranchNode_setHash
=== PAUSE TestBranchNode_setHash
=== RUN   TestBranchNode_setRootHash
=== PAUSE TestBranchNode_setRootHash
=== RUN   TestBranchNode_setRootHashCollapsedNode
=== PAUSE TestBranchNode_setRootHashCollapsedNode
=== RUN   TestBranchNode_setHashEmptyNode
=== PAUSE TestBranchNode_setHashEmptyNode
=== RUN   TestBranchNode_setHashNilNode
=== PAUSE TestBranchNode_setHashNilNode
=== RUN   TestBranchNode_setHashCollapsedNode
=== PAUSE TestBranchNode_setHashCollapsedNode
=== RUN   TestBranchNode_setGivenHash
=== PAUSE TestBranchNode_setGivenHash
=== RUN   TestBranchNode_hashChildren
=== PAUSE TestBranchNode_hashChildren
=== RUN   TestBranchNode_hashChildrenEmptyNode
=== PAUSE TestBranchNode_hashChildrenEmptyNode
=== RUN   TestBranchNode_hashChildrenNilNode
=== PAUSE TestBranchNode_hashChildrenNilNode
=== RUN   TestBranchNode_hashChildrenCollapsedNode
=== PAUSE TestBranchNode_hashChildrenCollapsedNode
=== RUN   TestBranchNode_hashNode
=== PAUSE TestBranchNode_hashNode
=== RUN   TestBranchNode_hashNodeEmptyNode
=== PAUSE TestBranchNode_hashNodeEmptyNode
=== RUN   TestBranchNode_hashNodeNilNode
=== PAUSE TestBranchNode_hashNodeNilNode
=== RUN   TestBranchNode_commit
=== PAUSE TestBranchNode_commit
=== RUN   TestBranchNode_commitEmptyNode
=== PAUSE TestBranchNode_commitEmptyNode
=== RUN   TestBranchNode_commitNilNode
=== PAUSE TestBranchNode_commitNilNode
=== RUN   TestBranchNode_getEncodedNode
=== PAUSE TestBranchNode_getEncodedNode
=== RUN   TestBranchNode_getEncodedNodeEmpty
=== PAUSE TestBranchNode_getEncodedNodeEmpty
=== RUN   TestBranchNode_getEncodedNodeNil
=== PAUSE TestBranchNode_getEncodedNodeNil
=== RUN   TestBranchNode_resolveCollapsed
=== PAUSE TestBranchNode_resolveCollapsed
=== RUN   TestBranchNode_resolveCollapsedEmptyNode
=== PAUSE TestBranchNode_resolveCollapsedEmptyNode
=== RUN   TestBranchNode_resolveCollapsedENilNode
=== PAUSE TestBranchNode_resolveCollapsedENilNode
=== RUN   TestBranchNode_resolveCollapsedPosOutOfRange
=== PAUSE TestBranchNode_resolveCollapsedPosOutOfRange
=== RUN   TestBranchNode_isCollapsed
=== PAUSE TestBranchNode_isCollapsed
=== RUN   TestBranchNode_tryGet
=== PAUSE TestBranchNode_tryGet
=== RUN   TestBranchNode_tryGetEmptyKey
=== PAUSE TestBranchNode_tryGetEmptyKey
=== RUN   TestBranchNode_tryGetChildPosOutOfRange
=== PAUSE TestBranchNode_tryGetChildPosOutOfRange
=== RUN   TestBranchNode_tryGetNilChild
=== PAUSE TestBranchNode_tryGetNilChild
=== RUN   TestBranchNode_tryGetCollapsedNode
=== PAUSE TestBranchNode_tryGetCollapsedNode
=== RUN   TestBranchNode_tryGetEmptyNode
=== PAUSE TestBranchNode_tryGetEmptyNode
=== RUN   TestBranchNode_tryGetNilNode
=== PAUSE TestBranchNode_tryGetNilNode
=== RUN   TestBranchNode_getNext
=== PAUSE TestBranchNode_getNext
=== RUN   TestBranchNode_getNextWrongKey
=== PAUSE TestBranchNode_getNextWrongKey
=== RUN   TestBranchNode_getNextNilChild
=== PAUSE TestBranchNode_getNextNilChild
=== RUN   TestBranchNode_insert
=== PAUSE TestBranchNode_insert
=== RUN   TestBranchNode_insertEmptyKey
=== PAUSE TestBranchNode_insertEmptyKey
=== RUN   TestBranchNode_insertChildPosOutOfRange
=== PAUSE TestBranchNode_insertChildPosOutOfRange
=== RUN   TestBranchNode_insertCollapsedNode
=== PAUSE TestBranchNode_insertCollapsedNode
=== RUN   TestBranchNode_insertInStoredBnOnExistingPos
=== PAUSE TestBranchNode_insertInStoredBnOnExistingPos
=== RUN   TestBranchNode_insertInStoredBnOnNilPos
=== PAUSE TestBranchNode_insertInStoredBnOnNilPos
=== RUN   TestBranchNode_insertInDirtyBnOnNilPos
=== PAUSE TestBranchNode_insertInDirtyBnOnNilPos
=== RUN   TestBranchNode_insertInDirtyBnOnExistingPos
=== PAUSE TestBranchNode_insertInDirtyBnOnExistingPos
=== RUN   TestBranchNode_insertInNilNode
=== PAUSE TestBranchNode_insertInNilNode
=== RUN   TestBranchNode_delete
=== PAUSE TestBranchNode_delete
=== RUN   TestBranchNode_deleteFromStoredBn
=== PAUSE TestBranchNode_deleteFromStoredBn
=== RUN   TestBranchNode_deleteFromDirtyBn
=== PAUSE TestBranchNode_deleteFromDirtyBn
=== RUN   TestBranchNode_deleteEmptyNode
=== PAUSE TestBranchNode_deleteEmptyNode
=== RUN   TestBranchNode_deleteNilNode
=== PAUSE TestBranchNode_deleteNilNode
=== RUN   TestBranchNode_deleteNonexistentNodeFromChild
=== PAUSE TestBranchNode_deleteNonexistentNodeFromChild
=== RUN   TestBranchNode_deleteEmptykey
=== PAUSE TestBranchNode_deleteEmptykey
=== RUN   TestBranchNode_deleteCollapsedNode
=== PAUSE TestBranchNode_deleteCollapsedNode
=== RUN   TestBranchNode_deleteAndReduceBn
=== PAUSE TestBranchNode_deleteAndReduceBn
=== RUN   TestBranchNode_reduceNode
=== PAUSE TestBranchNode_reduceNode
=== RUN   TestBranchNode_getChildPosition
=== PAUSE TestBranchNode_getChildPosition
=== RUN   TestBranchNode_clone
=== PAUSE TestBranchNode_clone
=== RUN   TestBranchNode_isEmptyOrNil
=== PAUSE TestBranchNode_isEmptyOrNil
=== RUN   TestReduceBranchNodeWithExtensionNodeChildShouldWork
=== PAUSE TestReduceBranchNodeWithExtensionNodeChildShouldWork
=== RUN   TestReduceBranchNodeWithBranchNodeChildShouldWork
=== PAUSE TestReduceBranchNodeWithBranchNodeChildShouldWork
=== RUN   TestReduceBranchNodeWithLeafNodeChildShouldWork
=== PAUSE TestReduceBranchNodeWithLeafNodeChildShouldWork
=== RUN   TestReduceBranchNodeWithLeafNodeValueShouldWork
=== PAUSE TestReduceBranchNodeWithLeafNodeValueShouldWork
=== RUN   TestBranchNode_getChildren
=== PAUSE TestBranchNode_getChildren
=== RUN   TestBranchNode_getChildrenCollapsedBn
=== PAUSE TestBranchNode_getChildrenCollapsedBn
=== RUN   TestBranchNode_isValid
=== PAUSE TestBranchNode_isValid
=== RUN   TestBranchNode_setDirty
=== PAUSE TestBranchNode_setDirty
=== RUN   TestBranchNode_loadChildren
=== PAUSE TestBranchNode_loadChildren
=== RUN   TestPatriciaMerkleTrie_CommitCollapsedDirtyTrieShouldWork
=== PAUSE TestPatriciaMerkleTrie_CommitCollapsedDirtyTrieShouldWork
=== RUN   TestBranchNode_newBranchNodeNilMarshalizerShouldErr
=== PAUSE TestBranchNode_newBranchNodeNilMarshalizerShouldErr
=== RUN   TestBranchNode_newBranchNodeNilHasherShouldErr
=== PAUSE TestBranchNode_newBranchNodeNilHasherShouldErr
=== RUN   TestBranchNode_newBranchNodeOkVals
=== PAUSE TestBranchNode_newBranchNodeOkVals
=== RUN   TestBranchNode_getMarshalizer
=== PAUSE TestBranchNode_getMarshalizer
=== RUN   TestBranchNode_setRootHashCollapsedChildren
=== PAUSE TestBranchNode_setRootHashCollapsedChildren
=== RUN   TestBranchNode_commitCollapsesTrieIfMaxTrieLevelInMemoryIsReached
=== PAUSE TestBranchNode_commitCollapsesTrieIfMaxTrieLevelInMemoryIsReached
=== RUN   TestBranchNode_reduceNodeBnChild
=== PAUSE TestBranchNode_reduceNodeBnChild
=== RUN   TestBranchNode_printShouldNotPanicEvenIfNodeIsCollapsed
=== PAUSE TestBranchNode_printShouldNotPanicEvenIfNodeIsCollapsed
=== RUN   TestBranchNode_getDirtyHashesFromCleanNode
=== PAUSE TestBranchNode_getDirtyHashesFromCleanNode
=== RUN   TestBranchNode_getAllHashes
=== PAUSE TestBranchNode_getAllHashes
=== RUN   TestBranchNode_getAllHashesResolvesCollapsed
=== PAUSE TestBranchNode_getAllHashesResolvesCollapsed
=== RUN   TestBranchNode_getNextHashAndKey
=== PAUSE TestBranchNode_getNextHashAndKey
=== RUN   TestBranchNode_getNextHashAndKeyNilKey
=== PAUSE TestBranchNode_getNextHashAndKeyNilKey
=== RUN   TestBranchNode_getNextHashAndKeyNilNode
=== PAUSE TestBranchNode_getNextHashAndKeyNilNode
=== RUN   TestBranchNode_SizeInBytes
=== PAUSE TestBranchNode_SizeInBytes
=== RUN   TestBranchNode_commitContextDone
=== PAUSE TestBranchNode_commitContextDone
=== RUN   TestBranchNode_commitSnapshotDbIsClosing
=== PAUSE TestBranchNode_commitSnapshotDbIsClosing
=== RUN   TestBranchNode_commitSnapshotChildIsMissingErr
=== PAUSE TestBranchNode_commitSnapshotChildIsMissingErr
=== RUN   TestBranchNode_getVersion
=== PAUSE TestBranchNode_getVersion
=== RUN   TestBranchNode_getValueReturnsEmptyByteSlice
=== PAUSE TestBranchNode_getValueReturnsEmptyByteSlice
=== RUN   TestBranchNode_VerifyChildrenVersionIsSetCorrectlyAfterInsertAndDelete
=== PAUSE TestBranchNode_VerifyChildrenVersionIsSetCorrectlyAfterInsertAndDelete
=== RUN   TestBranchNode_revertChildrenVersionSliceIfNeeded
=== PAUSE TestBranchNode_revertChildrenVersionSliceIfNeeded
=== RUN   TestBranchNode_getNodeData
=== PAUSE TestBranchNode_getNodeData
=== RUN   TestNewDepthFirstTrieSyncer_InvalidParametersShouldErr
=== PAUSE TestNewDepthFirstTrieSyncer_InvalidParametersShouldErr
=== RUN   TestNewDepthFirstTrieSyncer
=== PAUSE TestNewDepthFirstTrieSyncer
=== RUN   TestDepthFirstTrieSyncer_StartSyncingNilRootHashShouldReturnNil
=== PAUSE TestDepthFirstTrieSyncer_StartSyncingNilRootHashShouldReturnNil
=== RUN   TestDepthFirstTrieSyncer_StartSyncingEmptyRootHashShouldReturnNil
=== PAUSE TestDepthFirstTrieSyncer_StartSyncingEmptyRootHashShouldReturnNil
=== RUN   TestDepthFirstTrieSyncer_StartSyncingNilContextShouldErr
=== PAUSE TestDepthFirstTrieSyncer_StartSyncingNilContextShouldErr
=== RUN   TestDepthFirstTrieSyncer_StartSyncingCanTimeout
[0;32mINFO [0m[2026-03-16 10:14:17.449]   source trie                              [0;32mroot hash[0m = bb094d63d62795d8a2da5894d4a3cab0951149cc6b04d18bf557794e505a53eb 
--- PASS: TestDepthFirstTrieSyncer_StartSyncingCanTimeout (10.00s)
=== RUN   TestDepthFirstTrieSyncer_StartSyncingTimeoutNoNodesReceived
[0;32mINFO [0m[2026-03-16 10:14:27.451]   source trie                              [0;32mroot hash[0m = bb094d63d62795d8a2da5894d4a3cab0951149cc6b04d18bf557794e505a53eb 
--- PASS: TestDepthFirstTrieSyncer_StartSyncingTimeoutNoNodesReceived (1.00s)
=== RUN   TestDepthFirstTrieSyncer_StartSyncingNewTrieShouldWork
[0;32mINFO [0m[2026-03-16 10:14:28.455]   source trie                              [0;32mroot hash[0m = 3b83e392800d783602e1a0216a65cffcb945854eedd3629408bb0d2fd0bb2d6a 
[0;32mINFO [0m[2026-03-16 10:14:28.859]   synced trie                              [0;32mnum trie nodes[0m = 132 [0;32mnum leaves[0m = 100 [0;32mdata size[0m = 23.37 KB [0;32mduration[0m = 402.888456ms 
--- PASS: TestDepthFirstTrieSyncer_StartSyncingNewTrieShouldWork (0.41s)
=== RUN   TestDepthFirstTrieSyncer_StartSyncingPartiallyFilledTrieShouldWork
    depthFirstSync_test.go:164: todo: update this test to work with trie sync that only uses the cache and not the DB (get node from cache only)
--- SKIP: TestDepthFirstTrieSyncer_StartSyncingPartiallyFilledTrieShouldWork (0.00s)
=== RUN   TestNewDoubleListTrieSyncer_InvalidParametersShouldErr
=== PAUSE TestNewDoubleListTrieSyncer_InvalidParametersShouldErr
=== RUN   TestNewDoubleListTrieSyncer
=== PAUSE TestNewDoubleListTrieSyncer
=== RUN   TestDoubleListTrieSyncer_StartSyncingNilRootHashShouldReturnNil
=== PAUSE TestDoubleListTrieSyncer_StartSyncingNilRootHashShouldReturnNil
=== RUN   TestDoubleListTrieSyncer_StartSyncingEmptyRootHashShouldReturnNil
=== PAUSE TestDoubleListTrieSyncer_StartSyncingEmptyRootHashShouldReturnNil
=== RUN   TestDoubleListTrieSyncer_StartSyncingNilContextShouldErr
=== PAUSE TestDoubleListTrieSyncer_StartSyncingNilContextShouldErr
=== RUN   TestDoubleListTrieSyncer_StartSyncingCanTimeout
[0;32mINFO [0m[2026-03-16 10:14:28.859]   source trie                              [0;32mroot hash[0m = bb094d63d62795d8a2da5894d4a3cab0951149cc6b04d18bf557794e505a53eb 
--- PASS: TestDoubleListTrieSyncer_StartSyncingCanTimeout (10.00s)
=== RUN   TestDoubleListTrieSyncer_StartSyncingTimeoutNoNodesReceived
[0;32mINFO [0m[2026-03-16 10:14:38.860]   source trie                              [0;32mroot hash[0m = bb094d63d62795d8a2da5894d4a3cab0951149cc6b04d18bf557794e505a53eb 
--- PASS: TestDoubleListTrieSyncer_StartSyncingTimeoutNoNodesReceived (1.00s)
=== RUN   TestDoubleListTrieSyncer_StartSyncingNewTrieShouldWork
[0;32mINFO [0m[2026-03-16 10:14:39.864]   source trie                              [0;32mroot hash[0m = 3b83e392800d783602e1a0216a65cffcb945854eedd3629408bb0d2fd0bb2d6a 
[0;32mINFO [0m[2026-03-16 10:14:40.268]   synced trie                              [0;32mnum trie nodes[0m = 132 [0;32mnum leaves[0m = 100 [0;32mdata size[0m = 23.37 KB [0;32mduration[0m = 403.118297ms 
--- PASS: TestDoubleListTrieSyncer_StartSyncingNewTrieShouldWork (0.41s)
=== RUN   TestDoubleListTrieSyncer_StartSyncingPartiallyFilledTrieShouldWork
    doubleListSync_test.go:244: todo: update this test to work with trie sync that only uses the cache and not the DB (get node from cache only)
--- SKIP: TestDoubleListTrieSyncer_StartSyncingPartiallyFilledTrieShouldWork (0.00s)
=== RUN   TestExtensionNode_newExtensionNode
=== PAUSE TestExtensionNode_newExtensionNode
=== RUN   TestExtensionNode_getHash
=== PAUSE TestExtensionNode_getHash
=== RUN   TestExtensionNode_isDirty
=== PAUSE TestExtensionNode_isDirty
=== RUN   TestExtensionNode_getCollapsed
=== PAUSE TestExtensionNode_getCollapsed
=== RUN   TestExtensionNode_getCollapsedEmptyNode
=== PAUSE TestExtensionNode_getCollapsedEmptyNode
=== RUN   TestExtensionNode_getCollapsedNilNode
=== PAUSE TestExtensionNode_getCollapsedNilNode
=== RUN   TestExtensionNode_getCollapsedCollapsedNode
=== PAUSE TestExtensionNode_getCollapsedCollapsedNode
=== RUN   TestExtensionNode_setHash
=== PAUSE TestExtensionNode_setHash
=== RUN   TestExtensionNode_setHashEmptyNode
=== PAUSE TestExtensionNode_setHashEmptyNode
=== RUN   TestExtensionNode_setHashNilNode
=== PAUSE TestExtensionNode_setHashNilNode
=== RUN   TestExtensionNode_setHashCollapsedNode
=== PAUSE TestExtensionNode_setHashCollapsedNode
=== RUN   TestExtensionNode_setGivenHash
=== PAUSE TestExtensionNode_setGivenHash
=== RUN   TestExtensionNode_hashChildren
=== PAUSE TestExtensionNode_hashChildren
=== RUN   TestExtensionNode_hashChildrenEmptyNode
=== PAUSE TestExtensionNode_hashChildrenEmptyNode
=== RUN   TestExtensionNode_hashChildrenNilNode
=== PAUSE TestExtensionNode_hashChildrenNilNode
=== RUN   TestExtensionNode_hashChildrenCollapsedNode
=== PAUSE TestExtensionNode_hashChildrenCollapsedNode
=== RUN   TestExtensionNode_hashNode
=== PAUSE TestExtensionNode_hashNode
=== RUN   TestExtensionNode_hashNodeEmptyNode
=== PAUSE TestExtensionNode_hashNodeEmptyNode
=== RUN   TestExtensionNode_hashNodeNilNode
=== PAUSE TestExtensionNode_hashNodeNilNode
=== RUN   TestExtensionNode_commit
=== PAUSE TestExtensionNode_commit
=== RUN   TestExtensionNode_commitEmptyNode
=== PAUSE TestExtensionNode_commitEmptyNode
=== RUN   TestExtensionNode_commitNilNode
=== PAUSE TestExtensionNode_commitNilNode
=== RUN   TestExtensionNode_commitCollapsedNode
=== PAUSE TestExtensionNode_commitCollapsedNode
=== RUN   TestExtensionNode_getEncodedNode
=== PAUSE TestExtensionNode_getEncodedNode
=== RUN   TestExtensionNode_getEncodedNodeEmpty
=== PAUSE TestExtensionNode_getEncodedNodeEmpty
=== RUN   TestExtensionNode_getEncodedNodeNil
=== PAUSE TestExtensionNode_getEncodedNodeNil
=== RUN   TestExtensionNode_resolveCollapsed
=== PAUSE TestExtensionNode_resolveCollapsed
=== RUN   TestExtensionNode_resolveCollapsedEmptyNode
=== PAUSE TestExtensionNode_resolveCollapsedEmptyNode
=== RUN   TestExtensionNode_resolveCollapsedNilNode
=== PAUSE TestExtensionNode_resolveCollapsedNilNode
=== RUN   TestExtensionNode_isCollapsed
=== PAUSE TestExtensionNode_isCollapsed
=== RUN   TestExtensionNode_tryGet
=== PAUSE TestExtensionNode_tryGet
=== RUN   TestExtensionNode_tryGetEmptyKey
=== PAUSE TestExtensionNode_tryGetEmptyKey
=== RUN   TestExtensionNode_tryGetWrongKey
=== PAUSE TestExtensionNode_tryGetWrongKey
=== RUN   TestExtensionNode_tryGetCollapsedNode
=== PAUSE TestExtensionNode_tryGetCollapsedNode
=== RUN   TestExtensionNode_tryGetEmptyNode
=== PAUSE TestExtensionNode_tryGetEmptyNode
=== RUN   TestExtensionNode_tryGetNilNode
=== PAUSE TestExtensionNode_tryGetNilNode
=== RUN   TestExtensionNode_getNext
=== PAUSE TestExtensionNode_getNext
=== RUN   TestExtensionNode_getNextWrongKey
=== PAUSE TestExtensionNode_getNextWrongKey
=== RUN   TestExtensionNode_insert
=== PAUSE TestExtensionNode_insert
=== RUN   TestExtensionNode_insertCollapsedNode
=== PAUSE TestExtensionNode_insertCollapsedNode
=== RUN   TestExtensionNode_insertInStoredEnSameKey
=== PAUSE TestExtensionNode_insertInStoredEnSameKey
=== RUN   TestExtensionNode_insertInStoredEnDifferentKey
=== PAUSE TestExtensionNode_insertInStoredEnDifferentKey
=== RUN   TestExtensionNode_insertInDirtyEnSameKey
=== PAUSE TestExtensionNode_insertInDirtyEnSameKey
=== RUN   TestExtensionNode_insertInDirtyEnDifferentKey
=== PAUSE TestExtensionNode_insertInDirtyEnDifferentKey
=== RUN   TestExtensionNode_insertInNilNode
=== PAUSE TestExtensionNode_insertInNilNode
=== RUN   TestExtensionNode_delete
=== PAUSE TestExtensionNode_delete
=== RUN   TestExtensionNode_deleteFromStoredEn
=== PAUSE TestExtensionNode_deleteFromStoredEn
=== RUN   TestExtensionNode_deleteFromDirtyEn
=== PAUSE TestExtensionNode_deleteFromDirtyEn
=== RUN   TestExtendedNode_deleteEmptyNode
=== PAUSE TestExtendedNode_deleteEmptyNode
=== RUN   TestExtensionNode_deleteNilNode
=== PAUSE TestExtensionNode_deleteNilNode
=== RUN   TestExtensionNode_deleteEmptykey
=== PAUSE TestExtensionNode_deleteEmptykey
=== RUN   TestExtensionNode_deleteCollapsedNode
=== PAUSE TestExtensionNode_deleteCollapsedNode
=== RUN   TestExtensionNode_reduceNode
=== PAUSE TestExtensionNode_reduceNode
=== RUN   TestExtensionNode_reduceNodeCollapsedNode
=== PAUSE TestExtensionNode_reduceNodeCollapsedNode
=== RUN   TestExtensionNode_clone
=== PAUSE TestExtensionNode_clone
=== RUN   TestExtensionNode_isEmptyOrNil
=== PAUSE TestExtensionNode_isEmptyOrNil
=== RUN   TestExtensionNode_getChildren
=== PAUSE TestExtensionNode_getChildren
=== RUN   TestExtensionNode_getChildrenCollapsedEn
=== PAUSE TestExtensionNode_getChildrenCollapsedEn
=== RUN   TestExtensionNode_isValid
=== PAUSE TestExtensionNode_isValid
=== RUN   TestExtensionNode_setDirty
=== PAUSE TestExtensionNode_setDirty
=== RUN   TestExtensionNode_loadChildren
=== PAUSE TestExtensionNode_loadChildren
=== RUN   TestExtensionNode_newExtensionNodeNilMarshalizerShouldErr
=== PAUSE TestExtensionNode_newExtensionNodeNilMarshalizerShouldErr
=== RUN   TestExtensionNode_newExtensionNodeNilHasherShouldErr
=== PAUSE TestExtensionNode_newExtensionNodeNilHasherShouldErr
=== RUN   TestExtensionNode_newExtensionNodeOkVals
=== PAUSE TestExtensionNode_newExtensionNodeOkVals
=== RUN   TestExtensionNode_getMarshalizer
=== PAUSE TestExtensionNode_getMarshalizer
=== RUN   TestExtensionNode_commitCollapsesTrieIfMaxTrieLevelInMemoryIsReached
=== PAUSE TestExtensionNode_commitCollapsesTrieIfMaxTrieLevelInMemoryIsReached
=== RUN   TestExtensionNode_printShouldNotPanicEvenIfNodeIsCollapsed
=== PAUSE TestExtensionNode_printShouldNotPanicEvenIfNodeIsCollapsed
=== RUN   TestExtensionNode_getDirtyHashesFromCleanNode
=== PAUSE TestExtensionNode_getDirtyHashesFromCleanNode
=== RUN   TestExtensionNode_getAllHashes
=== PAUSE TestExtensionNode_getAllHashes
=== RUN   TestExtensionNode_getAllHashesResolvesCollapsed
=== PAUSE TestExtensionNode_getAllHashesResolvesCollapsed
=== RUN   TestExtensionNode_getNextHashAndKey
=== PAUSE TestExtensionNode_getNextHashAndKey
=== RUN   TestExtensionNode_getNextHashAndKeyNilKey
=== PAUSE TestExtensionNode_getNextHashAndKeyNilKey
=== RUN   TestExtensionNode_getNextHashAndKeyNilNode
=== PAUSE TestExtensionNode_getNextHashAndKeyNilNode
=== RUN   TestExtensionNode_SizeInBytes
=== PAUSE TestExtensionNode_SizeInBytes
=== RUN   TestExtensionNode_commitContextDone
=== PAUSE TestExtensionNode_commitContextDone
=== RUN   TestExtensionNode_getValueReturnsEmptyByteSlice
=== PAUSE TestExtensionNode_getValueReturnsEmptyByteSlice
=== RUN   TestExtensionNode_commitSnapshotDbIsClosing
=== PAUSE TestExtensionNode_commitSnapshotDbIsClosing
=== RUN   TestExtensionNode_getVersion
=== PAUSE TestExtensionNode_getVersion
=== RUN   TestExtensionNode_getNodeData
=== PAUSE TestExtensionNode_getNodeData
=== RUN   TestLeafNode_newLeafNode
=== PAUSE TestLeafNode_newLeafNode
=== RUN   TestLeafNode_getHash
=== PAUSE TestLeafNode_getHash
=== RUN   TestLeafNode_isDirty
=== PAUSE TestLeafNode_isDirty
=== RUN   TestLeafNode_getCollapsed
=== PAUSE TestLeafNode_getCollapsed
=== RUN   TestLeafNode_setHash
=== PAUSE TestLeafNode_setHash
=== RUN   TestLeafNode_setHashEmptyNode
=== PAUSE TestLeafNode_setHashEmptyNode
=== RUN   TestLeafNode_setHashNilNode
=== PAUSE TestLeafNode_setHashNilNode
=== RUN   TestLeafNode_setGivenHash
=== PAUSE TestLeafNode_setGivenHash
=== RUN   TestLeafNode_hashChildren
=== PAUSE TestLeafNode_hashChildren
=== RUN   TestLeafNode_hashNode
=== PAUSE TestLeafNode_hashNode
=== RUN   TestLeafNode_hashNodeEmptyNode
=== PAUSE TestLeafNode_hashNodeEmptyNode
=== RUN   TestLeafNode_hashNodeNilNode
=== PAUSE TestLeafNode_hashNodeNilNode
=== RUN   TestLeafNode_commit
=== PAUSE TestLeafNode_commit
=== RUN   TestLeafNode_commitEmptyNode
=== PAUSE TestLeafNode_commitEmptyNode
=== RUN   TestLeafNode_commitNilNode
=== PAUSE TestLeafNode_commitNilNode
=== RUN   TestLeafNode_getEncodedNode
=== PAUSE TestLeafNode_getEncodedNode
=== RUN   TestLeafNode_getEncodedNodeEmpty
=== PAUSE TestLeafNode_getEncodedNodeEmpty
=== RUN   TestLeafNode_getEncodedNodeNil
=== PAUSE TestLeafNode_getEncodedNodeNil
=== RUN   TestLeafNode_resolveCollapsed
=== PAUSE TestLeafNode_resolveCollapsed
=== RUN   TestLeafNode_isCollapsed
=== PAUSE TestLeafNode_isCollapsed
=== RUN   TestLeafNode_tryGet
=== PAUSE TestLeafNode_tryGet
=== RUN   TestLeafNode_tryGetWrongKey
=== PAUSE TestLeafNode_tryGetWrongKey
=== RUN   TestLeafNode_tryGetEmptyNode
=== PAUSE TestLeafNode_tryGetEmptyNode
=== RUN   TestLeafNode_tryGetNilNode
=== PAUSE TestLeafNode_tryGetNilNode
=== RUN   TestLeafNode_getNext
=== PAUSE TestLeafNode_getNext
=== RUN   TestLeafNode_getNextWrongKey
=== PAUSE TestLeafNode_getNextWrongKey
=== RUN   TestLeafNode_getNextNilNode
=== PAUSE TestLeafNode_getNextNilNode
=== RUN   TestLeafNode_insertAtSameKey
=== PAUSE TestLeafNode_insertAtSameKey
=== RUN   TestLeafNode_insertAtDifferentKey
=== PAUSE TestLeafNode_insertAtDifferentKey
=== RUN   TestLeafNode_insertInStoredLnAtSameKey
=== PAUSE TestLeafNode_insertInStoredLnAtSameKey
=== RUN   TestLeafNode_insertInStoredLnAtDifferentKey
=== PAUSE TestLeafNode_insertInStoredLnAtDifferentKey
=== RUN   TestLeafNode_insertInDirtyLnAtSameKey
=== PAUSE TestLeafNode_insertInDirtyLnAtSameKey
=== RUN   TestLeafNode_insertInDirtyLnAtDifferentKey
=== PAUSE TestLeafNode_insertInDirtyLnAtDifferentKey
=== RUN   TestLeafNode_insertInNilNode
=== PAUSE TestLeafNode_insertInNilNode
=== RUN   TestLeafNode_deletePresent
=== PAUSE TestLeafNode_deletePresent
=== RUN   TestLeafNode_deleteFromStoredLnAtSameKey
=== PAUSE TestLeafNode_deleteFromStoredLnAtSameKey
=== RUN   TestLeafNode_deleteFromLnAtDifferentKey
=== PAUSE TestLeafNode_deleteFromLnAtDifferentKey
=== RUN   TestLeafNode_deleteFromDirtyLnAtSameKey
=== PAUSE TestLeafNode_deleteFromDirtyLnAtSameKey
=== RUN   TestLeafNode_deleteNotPresent
=== PAUSE TestLeafNode_deleteNotPresent
=== RUN   TestLeafNode_reduceNode
=== PAUSE TestLeafNode_reduceNode
=== RUN   TestLeafNode_isEmptyOrNil
=== PAUSE TestLeafNode_isEmptyOrNil
=== RUN   TestLeafNode_getChildren
=== PAUSE TestLeafNode_getChildren
=== RUN   TestLeafNode_isValid
=== PAUSE TestLeafNode_isValid
=== RUN   TestLeafNode_setDirty
=== PAUSE TestLeafNode_setDirty
=== RUN   TestLeafNode_loadChildren
=== PAUSE TestLeafNode_loadChildren
=== RUN   TestInsertSameNodeShouldNotSetDirtyBnRoot
=== PAUSE TestInsertSameNodeShouldNotSetDirtyBnRoot
=== RUN   TestInsertSameNodeShouldNotSetDirtyEnRoot
=== PAUSE TestInsertSameNodeShouldNotSetDirtyEnRoot
=== RUN   TestInsertSameNodeShouldNotSetDirtyLnRoot
=== PAUSE TestInsertSameNodeShouldNotSetDirtyLnRoot
=== RUN   TestLeafNode_deleteDifferentKeyShouldNotModifyTrie
=== PAUSE TestLeafNode_deleteDifferentKeyShouldNotModifyTrie
=== RUN   TestLeafNode_newLeafNodeNilMarshalizerShouldErr
=== PAUSE TestLeafNode_newLeafNodeNilMarshalizerShouldErr
=== RUN   TestLeafNode_newLeafNodeNilHasherShouldErr
=== PAUSE TestLeafNode_newLeafNodeNilHasherShouldErr
=== RUN   TestLeafNode_newLeafNodeOkVals
=== PAUSE TestLeafNode_newLeafNodeOkVals
=== RUN   TestLeafNode_getMarshalizer
=== PAUSE TestLeafNode_getMarshalizer
=== RUN   TestLeafNode_getAllHashes
=== PAUSE TestLeafNode_getAllHashes
=== RUN   TestLeafNode_getNextHashAndKey
=== PAUSE TestLeafNode_getNextHashAndKey
=== RUN   TestLeafNode_getNextHashAndKeyNilNode
=== PAUSE TestLeafNode_getNextHashAndKeyNilNode
=== RUN   TestLeafNode_SizeInBytes
=== PAUSE TestLeafNode_SizeInBytes
=== RUN   TestLeafNode_writeNodeOnChannel
=== PAUSE TestLeafNode_writeNodeOnChannel
=== RUN   TestLeafNode_commitContextDone
=== PAUSE TestLeafNode_commitContextDone
=== RUN   TestLeafNode_getValue
=== PAUSE TestLeafNode_getValue
=== RUN   TestLeafNode_getVersion
=== PAUSE TestLeafNode_getVersion
=== RUN   TestLeafNode_getNodeData
=== PAUSE TestLeafNode_getNodeData
=== RUN   TestNode_hashChildrenAndNodeBranchNode
=== PAUSE TestNode_hashChildrenAndNodeBranchNode
=== RUN   TestNode_hashChildrenAndNodeExtensionNode
=== PAUSE TestNode_hashChildrenAndNodeExtensionNode
=== RUN   TestNode_hashChildrenAndNodeLeafNode
=== PAUSE TestNode_hashChildrenAndNodeLeafNode
=== RUN   TestNode_encodeNodeAndGetHashBranchNode
=== PAUSE TestNode_encodeNodeAndGetHashBranchNode
=== RUN   TestNode_encodeNodeAndGetHashExtensionNode
=== PAUSE TestNode_encodeNodeAndGetHashExtensionNode
=== RUN   TestNode_encodeNodeAndGetHashLeafNode
=== PAUSE TestNode_encodeNodeAndGetHashLeafNode
=== RUN   TestNode_encodeNodeAndCommitToDBBranchNode
=== PAUSE TestNode_encodeNodeAndCommitToDBBranchNode
=== RUN   TestNode_encodeNodeAndCommitToDBExtensionNode
=== PAUSE TestNode_encodeNodeAndCommitToDBExtensionNode
=== RUN   TestNode_encodeNodeAndCommitToDBLeafNode
=== PAUSE TestNode_encodeNodeAndCommitToDBLeafNode
=== RUN   TestNode_getNodeFromDBAndDecodeBranchNode
=== PAUSE TestNode_getNodeFromDBAndDecodeBranchNode
=== RUN   TestNode_getNodeFromDBAndDecodeExtensionNode
=== PAUSE TestNode_getNodeFromDBAndDecodeExtensionNode
=== RUN   TestNode_getNodeFromDBAndDecodeLeafNode
=== PAUSE TestNode_getNodeFromDBAndDecodeLeafNode
=== RUN   TestNode_resolveIfCollapsedBranchNode
=== PAUSE TestNode_resolveIfCollapsedBranchNode
=== RUN   TestNode_resolveIfCollapsedExtensionNode
=== PAUSE TestNode_resolveIfCollapsedExtensionNode
=== RUN   TestNode_resolveIfCollapsedLeafNode
=== PAUSE TestNode_resolveIfCollapsedLeafNode
=== RUN   TestNode_resolveIfCollapsedNilNode
=== PAUSE TestNode_resolveIfCollapsedNilNode
=== RUN   TestNode_concat
=== PAUSE TestNode_concat
=== RUN   TestNode_hasValidHash
=== PAUSE TestNode_hasValidHash
=== RUN   TestNode_hasValidHashNilNode
=== PAUSE TestNode_hasValidHashNilNode
=== RUN   TestNode_decodeNodeBranchNode
=== PAUSE TestNode_decodeNodeBranchNode
=== RUN   TestNode_decodeNodeExtensionNode
=== PAUSE TestNode_decodeNodeExtensionNode
=== RUN   TestNode_decodeNodeLeafNode
=== PAUSE TestNode_decodeNodeLeafNode
=== RUN   TestNode_decodeNodeInvalidNode
=== PAUSE TestNode_decodeNodeInvalidNode
=== RUN   TestNode_decodeNodeInvalidEncoding
=== PAUSE TestNode_decodeNodeInvalidEncoding
=== RUN   TestNode_getEmptyNodeOfTypeBranchNode
=== PAUSE TestNode_getEmptyNodeOfTypeBranchNode
=== RUN   TestNode_getEmptyNodeOfTypeExtensionNode
=== PAUSE TestNode_getEmptyNodeOfTypeExtensionNode
=== RUN   TestNode_getEmptyNodeOfTypeLeafNode
=== PAUSE TestNode_getEmptyNodeOfTypeLeafNode
=== RUN   TestNode_getEmptyNodeOfTypeWrongNode
=== PAUSE TestNode_getEmptyNodeOfTypeWrongNode
=== RUN   TestNode_childPosOutOfRange
=== PAUSE TestNode_childPosOutOfRange
=== RUN   TestKeyBytesToHex
=== PAUSE TestKeyBytesToHex
=== RUN   TestPrefixLen
=== PAUSE TestPrefixLen
=== RUN   TestGetOldHashesIfNodeIsCollapsed
=== PAUSE TestGetOldHashesIfNodeIsCollapsed
=== RUN   TestClearOldHashesAndOldRootOnCommit
=== PAUSE TestClearOldHashesAndOldRootOnCommit
=== RUN   TestTrieGetObsoleteHashes
=== PAUSE TestTrieGetObsoleteHashes
=== RUN   TestNode_getDirtyHashes
=== PAUSE TestNode_getDirtyHashes
=== RUN   TestPatriciaMerkleTrie_GetAllLeavesCollapsedTrie
=== PAUSE TestPatriciaMerkleTrie_GetAllLeavesCollapsedTrie
=== RUN   TestPatriciaMerkleTrie_oldRootAndoldHashesAreResetAfterEveryCommit
=== PAUSE TestPatriciaMerkleTrie_oldRootAndoldHashesAreResetAfterEveryCommit
=== RUN   TestNode_NodeExtension
--- PASS: TestNode_NodeExtension (0.00s)
=== RUN   TestSnapshotGetTestPoint
=== PAUSE TestSnapshotGetTestPoint
=== RUN   TestShouldStopIfContextDoneBlockingIfBusy
=== PAUSE TestShouldStopIfContextDoneBlockingIfBusy
=== RUN   TestTreatLogError
=== PAUSE TestTreatLogError
=== RUN   TestNodesVersion_insertInLn
=== PAUSE TestNodesVersion_insertInLn
=== RUN   TestNodesVersion_insertInEn
=== PAUSE TestNodesVersion_insertInEn
=== RUN   TestNodesVersion_insertInBn
=== PAUSE TestNodesVersion_insertInBn
=== RUN   TestNodesVersion_deleteFromEn
=== PAUSE TestNodesVersion_deleteFromEn
=== RUN   TestNodesVersion_deleteFromBn
=== PAUSE TestNodesVersion_deleteFromBn
=== RUN   Test_treatCommitSnapshotErr
=== PAUSE Test_treatCommitSnapshotErr
=== RUN   TestNewMerkleProofVerifier_NilMarshalizer
=== PAUSE TestNewMerkleProofVerifier_NilMarshalizer
=== RUN   TestNewMerkleProofVerifier_NilHasher
=== PAUSE TestNewMerkleProofVerifier_NilHasher
=== RUN   TestNewMerkleProofVerifier
=== PAUSE TestNewMerkleProofVerifier
=== RUN   TestMerkleProofVerifier_VerifyProof
=== PAUSE TestMerkleProofVerifier_VerifyProof
=== RUN   TestNewSnapshotTrieStorageManagerInvalidStorerType
=== PAUSE TestNewSnapshotTrieStorageManagerInvalidStorerType
=== RUN   TestNewSnapshotTrieStorageManager
=== PAUSE TestNewSnapshotTrieStorageManager
=== RUN   TestSnapshotTrieStorageManager_Get
=== PAUSE TestSnapshotTrieStorageManager_Get
=== RUN   TestSnapshotTrieStorageManager_Put
=== PAUSE TestSnapshotTrieStorageManager_Put
=== RUN   TestSnapshotTrieStorageManager_GetFromLastEpoch
=== PAUSE TestSnapshotTrieStorageManager_GetFromLastEpoch
=== RUN   TestSnapshotTrieStorageManager_AlsoAddInPreviousEpoch
=== PAUSE TestSnapshotTrieStorageManager_AlsoAddInPreviousEpoch
=== RUN   TestNewTrieSync_InvalidVersionShouldErr
=== PAUSE TestNewTrieSync_InvalidVersionShouldErr
=== RUN   TestNewTrieSync_FirstVariantImplementation
=== PAUSE TestNewTrieSync_FirstVariantImplementation
=== RUN   TestNewTrieSync_SecondVariantImplementation
=== PAUSE TestNewTrieSync_SecondVariantImplementation
=== RUN   TestNewTrieSync_ThirdVariantImplementation
=== PAUSE TestNewTrieSync_ThirdVariantImplementation
=== RUN   TestCheckTrieSyncerVersion
=== PAUSE TestCheckTrieSyncerVersion
=== RUN   TestNewSyncTrieStorageManagerNilTsm
=== PAUSE TestNewSyncTrieStorageManagerNilTsm
=== RUN   TestNewSyncTrieStorageManagerInvalidStorerType
=== PAUSE TestNewSyncTrieStorageManagerInvalidStorerType
=== RUN   TestNewSyncTrieStorageManager
=== PAUSE TestNewSyncTrieStorageManager
=== RUN   TestNewSyncTrieStorageManager_PutInFirstEpoch
=== PAUSE TestNewSyncTrieStorageManager_PutInFirstEpoch
=== RUN   TestNewSyncTrieStorageManager_PutInEpochError
=== PAUSE TestNewSyncTrieStorageManager_PutInEpochError
=== RUN   TestNewSyncTrieStorageManager_PutInEpoch
=== PAUSE TestNewSyncTrieStorageManager_PutInEpoch
=== RUN   TestNewTrieSyncer
=== PAUSE TestNewTrieSyncer
=== RUN   TestTrieSync_InterceptedNodeShouldNotBeAddedToNodesForTrieIfNodeReceived
=== PAUSE TestTrieSync_InterceptedNodeShouldNotBeAddedToNodesForTrieIfNodeReceived
=== RUN   TestTrieSync_InterceptedNodeTimedOut
=== PAUSE TestTrieSync_InterceptedNodeTimedOut
=== RUN   TestTrieSync_FoundInStorageShouldNotRequest
=== PAUSE TestTrieSync_FoundInStorageShouldNotRequest
=== RUN   TestTrieSync_StartSyncing
=== PAUSE TestTrieSync_StartSyncing
=== RUN   TestNewTrieNodesHandler
=== PAUSE TestNewTrieNodesHandler
=== RUN   TestTrieNodesHandler_addInitialRootHash
=== PAUSE TestTrieNodesHandler_addInitialRootHash
=== RUN   TestTrieNodesHandler_processMissingHashWasFound
=== PAUSE TestTrieNodesHandler_processMissingHashWasFound
=== RUN   TestTrieNodesHandler_jobDone
=== PAUSE TestTrieNodesHandler_jobDone
=== RUN   TestTrieNodesHandler_noMissingHashes
=== PAUSE TestTrieNodesHandler_noMissingHashes
=== RUN   TestTrieNodesHandler_replaceParentWithChildren
=== PAUSE TestTrieNodesHandler_replaceParentWithChildren
=== RUN   TestReplaceHashesAtPosition
=== PAUSE TestReplaceHashesAtPosition
=== RUN   TestNewTrieStorageManagerInEpochNilStorageManager
=== PAUSE TestNewTrieStorageManagerInEpochNilStorageManager
=== RUN   TestNewTrieStorageManagerInEpochInvalidStorageManagerType
=== PAUSE TestNewTrieStorageManagerInEpochInvalidStorageManagerType
=== RUN   TestNewTrieStorageManagerInEpochInvalidStorerType
=== PAUSE TestNewTrieStorageManagerInEpochInvalidStorerType
=== RUN   TestNewTrieStorageManagerInEpoch
=== PAUSE TestNewTrieStorageManagerInEpoch
=== RUN   TestTrieStorageManagerInEpoch_IsInterfaceNil
=== PAUSE TestTrieStorageManagerInEpoch_IsInterfaceNil
=== RUN   TestTrieStorageManagerInEpoch_GetFromEpoch
=== PAUSE TestTrieStorageManagerInEpoch_GetFromEpoch
=== RUN   TestNewBaseIterator
=== PAUSE TestNewBaseIterator
=== RUN   TestNewBaseIteratorNilTrieShouldErr
=== PAUSE TestNewBaseIteratorNilTrieShouldErr
=== RUN   TestBaseIterator_HasNext
=== PAUSE TestBaseIterator_HasNext
=== RUN   TestBaseIterator_GetMarshalizedNode
=== PAUSE TestBaseIterator_GetMarshalizedNode
=== RUN   TestBaseIterator_GetHash
=== PAUSE TestBaseIterator_GetHash
=== RUN   TestIterator_Search
=== PAUSE TestIterator_Search
=== RUN   TestNewDFSIterator
=== PAUSE TestNewDFSIterator
=== RUN   TestDFSIterator_Next
=== PAUSE TestDFSIterator_Next
=== RUN   TestNewInterceptedTrieNode_EmptyBufferShouldFail
=== PAUSE TestNewInterceptedTrieNode_EmptyBufferShouldFail
=== RUN   TestNewInterceptedTrieNode_NilHasherShouldFail
=== PAUSE TestNewInterceptedTrieNode_NilHasherShouldFail
=== RUN   TestNewInterceptedTrieNode_OkParametersShouldWork
=== PAUSE TestNewInterceptedTrieNode_OkParametersShouldWork
=== RUN   TestInterceptedTrieNode_CheckValidity
=== PAUSE TestInterceptedTrieNode_CheckValidity
=== RUN   TestInterceptedTrieNode_Hash
=== PAUSE TestInterceptedTrieNode_Hash
=== RUN   TestInterceptedTrieNode_GetSerialized
=== PAUSE TestInterceptedTrieNode_GetSerialized
=== RUN   TestInterceptedTrieNode_SetSerialized
=== PAUSE TestInterceptedTrieNode_SetSerialized
=== RUN   TestInterceptedTrieNode_IsForCurrentShard
=== PAUSE TestInterceptedTrieNode_IsForCurrentShard
=== RUN   TestInterceptedTrieNode_Type
=== PAUSE TestInterceptedTrieNode_Type
=== RUN   TestInterceptedTrieNode_String
=== PAUSE TestInterceptedTrieNode_String
=== RUN   TestInterceptedTrieNode_SenderShardId
=== PAUSE TestInterceptedTrieNode_SenderShardId
=== RUN   TestInterceptedTrieNode_ReceiverShardId
=== PAUSE TestInterceptedTrieNode_ReceiverShardId
=== RUN   TestInterceptedTrieNode_Nonce
=== PAUSE TestInterceptedTrieNode_Nonce
=== RUN   TestInterceptedTrieNode_SenderAddress
=== PAUSE TestInterceptedTrieNode_SenderAddress
=== RUN   TestInterceptedTrieNode_Fee
=== PAUSE TestInterceptedTrieNode_Fee
=== RUN   TestInterceptedTrieNode_Identifiers
=== PAUSE TestInterceptedTrieNode_Identifiers
=== RUN   TestInterceptedTrieNode_SizeInBytes
=== PAUSE TestInterceptedTrieNode_SizeInBytes
=== RUN   TestNewTrieWithNilTrieStorage
=== PAUSE TestNewTrieWithNilTrieStorage
=== RUN   TestNewTrieWithNilMarshalizer
=== PAUSE TestNewTrieWithNilMarshalizer
=== RUN   TestNewTrieWithNilHasher
=== PAUSE TestNewTrieWithNilHasher
=== RUN   TestNewTrieWithNilEnableEpochsHandler
=== PAUSE TestNewTrieWithNilEnableEpochsHandler
=== RUN   TestNewTrieWithInvalidMaxTrieLevelInMemory
=== PAUSE TestNewTrieWithInvalidMaxTrieLevelInMemory
=== RUN   TestPatriciaMerkleTree_Get
=== PAUSE TestPatriciaMerkleTree_Get
=== RUN   TestPatriciaMerkleTree_GetEmptyTrie
=== PAUSE TestPatriciaMerkleTree_GetEmptyTrie
=== RUN   TestPatriciaMerkleTree_Update
=== PAUSE TestPatriciaMerkleTree_Update
=== RUN   TestPatriciaMerkleTree_UpdateEmptyVal
=== PAUSE TestPatriciaMerkleTree_UpdateEmptyVal
=== RUN   TestPatriciaMerkleTree_UpdateNotExisting
=== PAUSE TestPatriciaMerkleTree_UpdateNotExisting
=== RUN   TestPatriciaMerkleTree_Delete
=== PAUSE TestPatriciaMerkleTree_Delete
=== RUN   TestPatriciaMerkleTree_DeleteEmptyTrie
=== PAUSE TestPatriciaMerkleTree_DeleteEmptyTrie
=== RUN   TestPatriciaMerkleTree_Root
=== PAUSE TestPatriciaMerkleTree_Root
=== RUN   TestPatriciaMerkleTree_NilRoot
=== PAUSE TestPatriciaMerkleTree_NilRoot
=== RUN   TestPatriciaMerkleTree_Consistency
=== PAUSE TestPatriciaMerkleTree_Consistency
=== RUN   TestPatriciaMerkleTrie_UpdateAndGetConcurrently
=== PAUSE TestPatriciaMerkleTrie_UpdateAndGetConcurrently
=== RUN   TestPatriciaMerkleTree_Commit
=== PAUSE TestPatriciaMerkleTree_Commit
=== RUN   TestPatriciaMerkleTree_CommitCollapsesTrieOk
=== PAUSE TestPatriciaMerkleTree_CommitCollapsesTrieOk
=== RUN   TestPatriciaMerkleTree_CommitAfterCommit
=== PAUSE TestPatriciaMerkleTree_CommitAfterCommit
=== RUN   TestPatriciaMerkleTree_CommitEmptyRoot
=== PAUSE TestPatriciaMerkleTree_CommitEmptyRoot
=== RUN   TestPatriciaMerkleTree_GetAfterCommit
=== PAUSE TestPatriciaMerkleTree_GetAfterCommit
=== RUN   TestPatriciaMerkleTree_InsertAfterCommit
=== PAUSE TestPatriciaMerkleTree_InsertAfterCommit
=== RUN   TestPatriciaMerkleTree_DeleteAfterCommit
=== PAUSE TestPatriciaMerkleTree_DeleteAfterCommit
=== RUN   TestPatriciaMerkleTree_DeleteNotPresent
=== PAUSE TestPatriciaMerkleTree_DeleteNotPresent
=== RUN   TestPatriciaMerkleTrie_Recreate
=== PAUSE TestPatriciaMerkleTrie_Recreate
=== RUN   TestPatriciaMerkleTrie_RecreateWithInvalidRootHash
=== PAUSE TestPatriciaMerkleTrie_RecreateWithInvalidRootHash
=== RUN   TestPatriciaMerkleTrie_GetSerializedNodes
=== PAUSE TestPatriciaMerkleTrie_GetSerializedNodes
=== RUN   TestPatriciaMerkleTrie_GetSerializedNodesTinyBufferShouldNotGetAllNodes
=== PAUSE TestPatriciaMerkleTrie_GetSerializedNodesTinyBufferShouldNotGetAllNodes
=== RUN   TestPatriciaMerkleTrie_String
=== PAUSE TestPatriciaMerkleTrie_String
=== RUN   TestPatriciaMerkleTree_reduceBranchNodeReturnsOldHashesCorrectly
=== PAUSE TestPatriciaMerkleTree_reduceBranchNodeReturnsOldHashesCorrectly
=== RUN   TestPatriciaMerkleTrie_GetAllHashesSetsHashes
=== PAUSE TestPatriciaMerkleTrie_GetAllHashesSetsHashes
=== RUN   TestPatriciaMerkleTrie_GetAllHashesEmtyTrie
=== PAUSE TestPatriciaMerkleTrie_GetAllHashesEmtyTrie
=== RUN   TestPatriciaMerkleTrie_GetAllLeavesOnChannel
=== PAUSE TestPatriciaMerkleTrie_GetAllLeavesOnChannel
=== RUN   TestPatriciaMerkleTree_Prove
=== PAUSE TestPatriciaMerkleTree_Prove
=== RUN   TestPatriciaMerkleTree_ProveCollapsedTrie
=== PAUSE TestPatriciaMerkleTree_ProveCollapsedTrie
=== RUN   TestPatriciaMerkleTree_ProveOnEmptyTrie
=== PAUSE TestPatriciaMerkleTree_ProveOnEmptyTrie
=== RUN   TestPatriciaMerkleTree_VerifyProof
=== PAUSE TestPatriciaMerkleTree_VerifyProof
=== RUN   TestPatriciaMerkleTrie_VerifyProofBranchNodeWantHashShouldWork
=== PAUSE TestPatriciaMerkleTrie_VerifyProofBranchNodeWantHashShouldWork
=== RUN   TestPatriciaMerkleTrie_VerifyProofExtensionNodeWantHashShouldWork
=== PAUSE TestPatriciaMerkleTrie_VerifyProofExtensionNodeWantHashShouldWork
=== RUN   TestPatriciaMerkleTree_VerifyProofNilProofs
=== PAUSE TestPatriciaMerkleTree_VerifyProofNilProofs
=== RUN   TestPatriciaMerkleTree_VerifyProofEmptyProofs
=== PAUSE TestPatriciaMerkleTree_VerifyProofEmptyProofs
=== RUN   TestPatriciaMerkleTrie_VerifyProofFromDifferentTrieShouldNotWork
=== PAUSE TestPatriciaMerkleTrie_VerifyProofFromDifferentTrieShouldNotWork
=== RUN   TestPatriciaMerkleTrie_GetAndVerifyProof
=== PAUSE TestPatriciaMerkleTrie_GetAndVerifyProof
=== RUN   TestPatriciaMerkleTrie_GetTrieStats
=== PAUSE TestPatriciaMerkleTrie_GetTrieStats
=== RUN   TestPatriciaMerkleTrie_GetOldRoot
=== PAUSE TestPatriciaMerkleTrie_GetOldRoot
=== RUN   TestPatriciaMerkleTree_GetValueReturnsTrieDepth
=== PAUSE TestPatriciaMerkleTree_GetValueReturnsTrieDepth
=== RUN   TestPatriciaMerkleTrie_ConcurrentOperations
=== PAUSE TestPatriciaMerkleTrie_ConcurrentOperations
=== RUN   TestPatriciaMerkleTrie_GetSerializedNodesShouldSerializeTheCalls
=== PAUSE TestPatriciaMerkleTrie_GetSerializedNodesShouldSerializeTheCalls
=== RUN   TestPatriciaMerkleTrie_CollectLeavesForMigration
=== PAUSE TestPatriciaMerkleTrie_CollectLeavesForMigration
=== RUN   TestPatriciaMerkleTrie_IsMigrated
=== PAUSE TestPatriciaMerkleTrie_IsMigrated
=== RUN   TestGetNodeDataFromHash
=== PAUSE TestGetNodeDataFromHash
=== RUN   TestTrieFactory_CreateWithoutPruning
=== PAUSE TestTrieFactory_CreateWithoutPruning
=== RUN   TestTrieFactory_CreateWithoutSnapshot
=== PAUSE TestTrieFactory_CreateWithoutSnapshot
=== RUN   TestTrieFactory_CreateNormal
=== PAUSE TestTrieFactory_CreateNormal
=== RUN   TestTrieStorageManager_SerialFuncShadowingCallsExpectedImpl
=== PAUSE TestTrieStorageManager_SerialFuncShadowingCallsExpectedImpl
=== RUN   TestNewTrieStorageManagerWithoutPruningWithNilStorage
=== PAUSE TestNewTrieStorageManagerWithoutPruningWithNilStorage
=== RUN   TestNewTrieStorageManagerWithoutPruning
=== PAUSE TestNewTrieStorageManagerWithoutPruning
=== RUN   TestTrieStorageManagerWithoutPruning_IsPruningEnabled
=== PAUSE TestTrieStorageManagerWithoutPruning_IsPruningEnabled
=== RUN   TestTrieStorageManagerWithoutPruning_Remove
=== PAUSE TestTrieStorageManagerWithoutPruning_Remove
=== RUN   TestNewTrieStorageManagerWithoutSnapshot
=== PAUSE TestNewTrieStorageManagerWithoutSnapshot
=== RUN   TestTrieStorageManagerWithoutSnapshot_GetFromCurrentEpoch
=== PAUSE TestTrieStorageManagerWithoutSnapshot_GetFromCurrentEpoch
=== RUN   TestTrieStorageManagerWithoutSnapshot_PutInEpoch
=== PAUSE TestTrieStorageManagerWithoutSnapshot_PutInEpoch
=== RUN   TestTrieStorageManagerWithoutSnapshot_PutInEpochWithoutCache
=== PAUSE TestTrieStorageManagerWithoutSnapshot_PutInEpochWithoutCache
=== RUN   TestTrieStorageManagerWithoutSnapshot_TakeSnapshot
=== PAUSE TestTrieStorageManagerWithoutSnapshot_TakeSnapshot
=== RUN   TestTrieStorageManagerWithoutSnapshot_GetLatestStorageEpoch
=== PAUSE TestTrieStorageManagerWithoutSnapshot_GetLatestStorageEpoch
=== RUN   TestTrieStorageManagerWithoutSnapshot_SetEpochForPutOperationDoesNotPanic
=== PAUSE TestTrieStorageManagerWithoutSnapshot_SetEpochForPutOperationDoesNotPanic
=== RUN   TestTrieStorageManagerWithoutSnapshot_ShouldTakeSnapshot
=== PAUSE TestTrieStorageManagerWithoutSnapshot_ShouldTakeSnapshot
=== RUN   TestTrieStorageManagerWithoutSnapshot_IsInterfaceNil
=== PAUSE TestTrieStorageManagerWithoutSnapshot_IsInterfaceNil
=== RUN   TestTrieStorageManagerWithoutSnapshot_IsSnapshotSupportedShouldReturnFalse
=== PAUSE TestTrieStorageManagerWithoutSnapshot_IsSnapshotSupportedShouldReturnFalse
=== RUN   TestNewTrieStorageManager
=== PAUSE TestNewTrieStorageManager
=== RUN   TestTrieStorageManager_IsPruningEnabled
=== PAUSE TestTrieStorageManager_IsPruningEnabled
=== RUN   TestTrieStorageManager_IsPruningBlocked
=== PAUSE TestTrieStorageManager_IsPruningBlocked
=== RUN   TestTrieStorageManager_Remove
=== PAUSE TestTrieStorageManager_Remove
=== RUN   TestTrieStorageManager_SetEpochForPutOperation
=== PAUSE TestTrieStorageManager_SetEpochForPutOperation
=== RUN   TestTrieStorageManager_RemoveFromAllActiveEpochs
=== PAUSE TestTrieStorageManager_RemoveFromAllActiveEpochs
=== RUN   TestTrieStorageManager_PutInEpochClosedDb
=== PAUSE TestTrieStorageManager_PutInEpochClosedDb
=== RUN   TestTrieStorageManager_PutInEpochInvalidStorer
=== PAUSE TestTrieStorageManager_PutInEpochInvalidStorer
=== RUN   TestTrieStorageManager_PutInEpoch
=== PAUSE TestTrieStorageManager_PutInEpoch
=== RUN   TestTrieStorageManager_GetLatestStorageEpochInvalidStorer
=== PAUSE TestTrieStorageManager_GetLatestStorageEpochInvalidStorer
=== RUN   TestTrieStorageManager_GetLatestStorageEpoch
=== PAUSE TestTrieStorageManager_GetLatestStorageEpoch
=== RUN   TestTrieStorageManager_TakeSnapshotNilErrorChan
=== PAUSE TestTrieStorageManager_TakeSnapshotNilErrorChan
=== RUN   TestTrieStorageManager_TakeSnapshotClosedDb
=== PAUSE TestTrieStorageManager_TakeSnapshotClosedDb
=== RUN   TestTrieStorageManager_TakeSnapshotEmptyTrieRootHash
=== PAUSE TestTrieStorageManager_TakeSnapshotEmptyTrieRootHash
=== RUN   TestTrieStorageManager_TakeSnapshotWithGetNodeFromDBError
=== PAUSE TestTrieStorageManager_TakeSnapshotWithGetNodeFromDBError
=== RUN   TestTrieStorageManager_ShouldTakeSnapshot
=== PAUSE TestTrieStorageManager_ShouldTakeSnapshot
=== RUN   TestTrieStorageManager_Get
=== PAUSE TestTrieStorageManager_Get
=== RUN   TestNewSnapshotTrieStorageManager_GetFromCurrentEpoch
=== PAUSE TestNewSnapshotTrieStorageManager_GetFromCurrentEpoch
=== RUN   TestTrieStorageManager_Put
=== PAUSE TestTrieStorageManager_Put
=== RUN   TestTrieStorageManager_PutInEpochWithoutCache
=== PAUSE TestTrieStorageManager_PutInEpochWithoutCache
=== RUN   TestTrieStorageManager_Close
=== PAUSE TestTrieStorageManager_Close
=== RUN   TestWriteInChanNonBlocking
=== PAUSE TestWriteInChanNonBlocking
=== RUN   TestTrieStorageManager_GetIdentifier
=== PAUSE TestTrieStorageManager_GetIdentifier
=== RUN   TestTrieStorageManager_IsSnapshotSupportedShouldReturnTrue
=== PAUSE TestTrieStorageManager_IsSnapshotSupportedShouldReturnTrue
=== CONT  TestPatriciaMerkleTrie_GetSerializedNodes
=== CONT  TestNode_encodeNodeAndCommitToDBBranchNode
=== CONT  TestTrieStorageManager_Put
=== CONT  TestPatriciaMerkleTrie_RecreateWithInvalidRootHash
=== CONT  TestWriteInChanNonBlocking
=== CONT  TestNode_hashChildrenAndNodeExtensionNode
=== CONT  TestNode_hashChildrenAndNodeBranchNode
=== CONT  TestLeafNode_getNodeData
=== RUN   TestLeafNode_getNodeData/nil_node
=== CONT  TestLeafNode_getVersion
=== CONT  TestLeafNode_getValue
=== RUN   TestWriteInChanNonBlocking/unbuffered,_reader_has_been_set_up,_should_add
=== RUN   TestTrieStorageManager_Put/closed_storage_manager_should_error
=== PAUSE TestTrieStorageManager_Put/closed_storage_manager_should_error
=== PAUSE TestWriteInChanNonBlocking/unbuffered,_reader_has_been_set_up,_should_add
=== CONT  TestTrieStorageManager_IsSnapshotSupportedShouldReturnTrue
=== RUN   TestWriteInChanNonBlocking/unbuffered,_no_reader_should_skip
=== PAUSE TestWriteInChanNonBlocking/unbuffered,_no_reader_should_skip
=== CONT  TestLeafNode_writeNodeOnChannel
=== RUN   TestWriteInChanNonBlocking/buffered_(one_element),_empty_chan_should_add
=== PAUSE TestWriteInChanNonBlocking/buffered_(one_element),_empty_chan_should_add
=== CONT  TestLeafNode_SizeInBytes
=== CONT  TestLeafNode_getNextHashAndKeyNilNode
=== RUN   TestWriteInChanNonBlocking/buffered_(1_element),_full_chan_should_not_add,_but_should_finish
=== CONT  TestLeafNode_getNextHashAndKey
=== CONT  TestLeafNode_getAllHashes
=== PAUSE TestWriteInChanNonBlocking/buffered_(1_element),_full_chan_should_not_add,_but_should_finish
=== CONT  TestTrieStorageManager_GetIdentifier
=== CONT  TestLeafNode_newLeafNodeOkVals
=== CONT  TestLeafNode_getMarshalizer
=== CONT  TestLeafNode_newLeafNodeNilHasherShouldErr
=== CONT  TestLeafNode_newLeafNodeNilMarshalizerShouldErr
=== CONT  TestTrieStorageManager_Close
=== RUN   TestTrieStorageManager_Close/error_on_main_storer_close
=== PAUSE TestTrieStorageManager_Close/error_on_main_storer_close
=== CONT  TestLeafNode_deleteDifferentKeyShouldNotModifyTrie
=== RUN   TestTrieStorageManager_Close/should_work
=== PAUSE TestTrieStorageManager_Close/should_work
=== CONT  TestInsertSameNodeShouldNotSetDirtyEnRoot
=== CONT  TestNode_encodeNodeAndGetHashLeafNode
=== CONT  TestLeafNode_loadChildren
=== CONT  TestInsertSameNodeShouldNotSetDirtyBnRoot
=== CONT  TestLeafNode_isValid
=== CONT  TestLeafNode_getChildren
=== CONT  TestLeafNode_isEmptyOrNil
=== CONT  TestLeafNode_reduceNode
=== CONT  TestNode_encodeNodeAndGetHashBranchNode
=== CONT  TestNode_hashChildrenAndNodeLeafNode
=== CONT  TestPatriciaMerkleTree_UpdateEmptyVal
=== CONT  TestTrieStorageManagerWithoutSnapshot_GetFromCurrentEpoch
=== CONT  TestLeafNode_deleteFromLnAtDifferentKey
=== CONT  TestLeafNode_deleteFromStoredLnAtSameKey
=== CONT  TestLeafNode_deleteNotPresent
=== CONT  TestPatriciaMerkleTree_Commit
=== CONT  TestPatriciaMerkleTrie_UpdateAndGetConcurrently
=== CONT  TestPatriciaMerkleTree_Consistency
--- PASS: TestPatriciaMerkleTrie_RecreateWithInvalidRootHash (0.00s)
--- PASS: TestNode_encodeNodeAndCommitToDBBranchNode (0.00s)
--- PASS: TestNode_hashChildrenAndNodeExtensionNode (0.00s)
--- PASS: TestNode_hashChildrenAndNodeBranchNode (0.00s)
--- PASS: TestPatriciaMerkleTrie_GetSerializedNodes (0.00s)
--- PASS: TestLeafNode_getValue (0.00s)
--- PASS: TestTrieStorageManager_IsSnapshotSupportedShouldReturnTrue (0.00s)
--- PASS: TestLeafNode_writeNodeOnChannel (0.00s)
=== CONT  TestLeafNode_commitContextDone
=== RUN   TestLeafNode_getVersion/invalid_node_version
--- PASS: TestLeafNode_SizeInBytes (0.00s)
--- PASS: TestLeafNode_getNextHashAndKeyNilNode (0.00s)
=== CONT  TestBranchNode_getHash
=== PAUSE TestLeafNode_getNodeData/nil_node
--- PASS: TestLeafNode_getNextHashAndKey (0.00s)
--- PASS: TestLeafNode_getAllHashes (0.00s)
=== RUN   TestTrieStorageManager_Put/should_work
=== PAUSE TestTrieStorageManager_Put/should_work
=== CONT  TestPatriciaMerkleTree_Root
=== CONT  TestLeafNode_insertInNilNode
=== CONT  TestPatriciaMerkleTree_Delete
=== CONT  TestLeafNode_insertInDirtyLnAtDifferentKey
=== CONT  TestPatriciaMerkleTree_DeleteEmptyTrie
=== CONT  TestPatriciaMerkleTree_UpdateNotExisting
=== CONT  TestLeafNode_insertInDirtyLnAtSameKey
=== CONT  TestNode_encodeNodeAndCommitToDBExtensionNode
=== CONT  TestLeafNode_insertInStoredLnAtDifferentKey
=== CONT  TestPatriciaMerkleTree_GetEmptyTrie
=== CONT  TestPatriciaMerkleTree_Get
=== CONT  TestNewTrieWithInvalidMaxTrieLevelInMemory
=== RUN   TestWriteInChanNonBlocking/buffered_(two_elements),_empty_chan_should_add
=== PAUSE TestWriteInChanNonBlocking/buffered_(two_elements),_empty_chan_should_add
=== RUN   TestWriteInChanNonBlocking/buffered_(2_elements),_full_chan_should_not_add,_but_should_finish
=== PAUSE TestWriteInChanNonBlocking/buffered_(2_elements),_full_chan_should_not_add,_but_should_finish
=== CONT  TestLeafNode_insertInStoredLnAtSameKey
=== CONT  TestNewTrieWithNilHasher
=== CONT  TestLeafNode_insertAtSameKey
=== CONT  TestLeafNode_getNextNilNode
=== CONT  TestNewTrieWithNilEnableEpochsHandler
=== CONT  TestLeafNode_getNextWrongKey
=== CONT  TestInterceptedTrieNode_SizeInBytes
=== CONT  TestNewTrieWithNilMarshalizer
=== CONT  TestTrieStorageManager_PutInEpochWithoutCache
=== CONT  TestLeafNode_getNext
=== CONT  TestInterceptedTrieNode_Identifiers
=== CONT  TestInterceptedTrieNode_Fee
=== CONT  TestInsertSameNodeShouldNotSetDirtyLnRoot
=== CONT  TestNode_encodeNodeAndGetHashExtensionNode
=== CONT  TestInterceptedTrieNode_SenderAddress
=== CONT  TestLeafNode_tryGetNilNode
=== CONT  TestInterceptedTrieNode_Nonce
=== CONT  TestLeafNode_tryGetEmptyNode
=== CONT  TestLeafNode_tryGetWrongKey
=== CONT  TestLeafNode_setDirty
=== CONT  TestLeafNode_tryGet
=== CONT  TestInterceptedTrieNode_String
=== CONT  TestInterceptedTrieNode_Type
=== CONT  TestInterceptedTrieNode_ReceiverShardId
=== CONT  TestLeafNode_isCollapsed
=== CONT  TestInterceptedTrieNode_IsForCurrentShard
=== CONT  TestInterceptedTrieNode_SetSerialized
=== CONT  TestLeafNode_resolveCollapsed
=== CONT  TestNewSnapshotTrieStorageManager_GetFromCurrentEpoch
=== RUN   TestNewSnapshotTrieStorageManager_GetFromCurrentEpoch/closed_storage_manager_should_error
=== CONT  TestTrieStorageManager_Get
=== PAUSE TestNewSnapshotTrieStorageManager_GetFromCurrentEpoch/closed_storage_manager_should_error
=== RUN   TestTrieStorageManager_PutInEpochWithoutCache/closed_storage_manager_should_error
=== RUN   TestNewSnapshotTrieStorageManager_GetFromCurrentEpoch/main_storer_not_snapshotPruningStorer_should_error
=== PAUSE TestNewSnapshotTrieStorageManager_GetFromCurrentEpoch/main_storer_not_snapshotPruningStorer_should_error
=== PAUSE TestTrieStorageManager_PutInEpochWithoutCache/closed_storage_manager_should_error
=== CONT  TestLeafNode_getEncodedNodeNil
=== RUN   TestTrieStorageManager_PutInEpochWithoutCache/main_storer_not_snapshotPruningStorer_should_error
=== CONT  TestLeafNode_getEncodedNodeEmpty
=== PAUSE TestTrieStorageManager_PutInEpochWithoutCache/main_storer_not_snapshotPruningStorer_should_error
=== RUN   TestTrieStorageManager_PutInEpochWithoutCache/should_work
=== PAUSE TestTrieStorageManager_PutInEpochWithoutCache/should_work
=== CONT  TestInterceptedTrieNode_Hash
=== CONT  TestLeafNode_getEncodedNode
=== CONT  TestTrieStorageManager_ShouldTakeSnapshot
=== RUN   TestTrieStorageManager_ShouldTakeSnapshot/invalid_storer_should_return_false
=== PAUSE TestTrieStorageManager_ShouldTakeSnapshot/invalid_storer_should_return_false
=== RUN   TestTrieStorageManager_ShouldTakeSnapshot/trie_synced_should_return_false
=== PAUSE TestTrieStorageManager_ShouldTakeSnapshot/trie_synced_should_return_false
=== RUN   TestTrieStorageManager_ShouldTakeSnapshot/different_syncVal_marker_should_return_true
=== PAUSE TestTrieStorageManager_ShouldTakeSnapshot/different_syncVal_marker_should_return_true
=== CONT  TestLeafNode_commitNilNode
=== RUN   TestTrieStorageManager_ShouldTakeSnapshot/GetFromOldEpochsWithoutAddingToCacheCalled_returns_ActiveDBVal_should_return_true
=== PAUSE TestTrieStorageManager_ShouldTakeSnapshot/GetFromOldEpochsWithoutAddingToCacheCalled_returns_ActiveDBVal_should_return_true
=== CONT  TestIterator_Search
=== CONT  TestBaseIterator_GetHash
=== CONT  TestLeafNode_commitEmptyNode
=== RUN   TestIterator_Search/dfs_iterator_search
=== CONT  TestBaseIterator_GetMarshalizedNode
=== PAUSE TestIterator_Search/dfs_iterator_search
=== CONT  TestLeafNode_insertAtDifferentKey
=== CONT  TestLeafNode_commit
=== CONT  TestNewBaseIteratorNilTrieShouldErr
=== CONT  TestLeafNode_hashNodeNilNode
=== CONT  TestInterceptedTrieNode_CheckValidity
=== CONT  TestTrieStorageManager_TakeSnapshotWithGetNodeFromDBError
=== CONT  TestNewTrieWithNilTrieStorage
=== CONT  TestLeafNode_hashNodeEmptyNode
=== CONT  TestLeafNode_hashNode
=== CONT  TestInterceptedTrieNode_SenderShardId
=== CONT  TestTrieStorageManager_TakeSnapshotEmptyTrieRootHash
=== CONT  TestLeafNode_hashChildren
=== CONT  TestTrieStorageManager_TakeSnapshotClosedDb
[0;31mERROR[0m[2026-03-16 10:14:40.274]   error during trie snapshot               [0;31merr[0m = getNodeFromDB error: key not found for key 726f6f7448617368 [0;31mhash[0m = 726f6f7448617368 
[0;31mERROR[0m[2026-03-16 10:14:40.274]   trie storage manager: newSnapshotNode takeSnapshot [0;31mrootHash[0m = 726f6f7448617368 [0;31mmainTrieRootHash[0m = 726f6f7448617368 [0;31merr[0m = getNodeFromDB error: key not found for key 726f6f7448617368 
=== CONT  TestLeafNode_setGivenHash
=== CONT  TestTrieStorageManager_TakeSnapshotNilErrorChan
=== CONT  TestNewBaseIterator
=== CONT  TestLeafNode_setHashNilNode
=== RUN   TestTrieStorageManager_Get/closed_storage_manager_should_error
=== CONT  TestTrieStorageManagerInEpoch_GetFromEpoch
=== CONT  TestInterceptedTrieNode_GetSerialized
=== CONT  TestLeafNode_setHash
[0;31mERROR[0m[2026-03-16 10:14:40.274]   programming error in trieStorageManager.TakeSnapshot, cannot take snapshot because errChan is nil 
=== PAUSE TestTrieStorageManager_Get/closed_storage_manager_should_error
=== CONT  TestTrieStorageManagerInEpoch_IsInterfaceNil
=== CONT  TestTrieStorageManager_GetLatestStorageEpoch
=== RUN   TestTrieStorageManagerInEpoch_GetFromEpoch/closed_storage_manager_should_error
=== RUN   TestTrieStorageManager_Get/main_storer_closing_should_error
=== PAUSE TestTrieStorageManagerInEpoch_GetFromEpoch/closed_storage_manager_should_error
=== CONT  TestLeafNode_setHashEmptyNode
=== RUN   TestTrieStorageManagerInEpoch_GetFromEpoch/epoch_0_does_not_panic
=== CONT  TestLeafNode_isDirty
=== PAUSE TestTrieStorageManagerInEpoch_GetFromEpoch/epoch_0_does_not_panic
=== PAUSE TestTrieStorageManager_Get/main_storer_closing_should_error
=== CONT  TestNewTrieStorageManagerInEpochInvalidStorageManagerType
=== RUN   TestTrieStorageManagerInEpoch_GetFromEpoch/closing_error_should_work
=== CONT  TestNewTrieStorageManagerInEpochInvalidStorerType
=== CONT  TestNewTrieStorageManagerInEpoch
=== RUN   TestTrieStorageManager_Get/should_return_from_main_storer
=== CONT  TestNewInterceptedTrieNode_OkParametersShouldWork
=== PAUSE TestTrieStorageManagerInEpoch_GetFromEpoch/closing_error_should_work
=== CONT  TestLeafNode_getHash
--- PASS: TestTrieStorageManager_GetIdentifier (0.00s)
--- PASS: TestLeafNode_newLeafNodeOkVals (0.00s)
--- PASS: TestLeafNode_newLeafNodeNilHasherShouldErr (0.00s)
--- PASS: TestLeafNode_getMarshalizer (0.00s)
--- PASS: TestLeafNode_newLeafNodeNilMarshalizerShouldErr (0.00s)
--- PASS: TestLeafNode_deleteDifferentKeyShouldNotModifyTrie (0.00s)
--- PASS: TestNode_encodeNodeAndGetHashLeafNode (0.00s)
=== PAUSE TestTrieStorageManager_Get/should_return_from_main_storer
--- PASS: TestInsertSameNodeShouldNotSetDirtyEnRoot (0.00s)
--- PASS: TestLeafNode_loadChildren (0.00s)
--- PASS: TestLeafNode_isValid (0.00s)
--- PASS: TestLeafNode_getChildren (0.00s)
--- PASS: TestLeafNode_isEmptyOrNil (0.00s)
--- PASS: TestLeafNode_reduceNode (0.00s)
--- PASS: TestPatriciaMerkleTree_UpdateEmptyVal (0.00s)
=== CONT  TestTrieStorageManager_GetLatestStorageEpochInvalidStorer
=== CONT  TestReplaceHashesAtPosition
=== RUN   TestReplaceHashesAtPosition/empty_initial
--- PASS: TestNode_hashChildrenAndNodeLeafNode (0.00s)
--- PASS: TestTrieStorageManagerWithoutSnapshot_GetFromCurrentEpoch (0.00s)
--- PASS: TestNode_encodeNodeAndGetHashBranchNode (0.00s)
--- PASS: TestLeafNode_deleteFromLnAtDifferentKey (0.00s)
--- PASS: TestLeafNode_deleteFromStoredLnAtSameKey (0.00s)
--- PASS: TestLeafNode_deleteNotPresent (0.00s)
--- PASS: TestInsertSameNodeShouldNotSetDirtyBnRoot (0.00s)
=== RUN   TestLeafNode_getNodeData/gets_data_from_child
--- PASS: TestLeafNode_commitContextDone (0.00s)
=== PAUSE TestLeafNode_getNodeData/gets_data_from_child
--- PASS: TestPatriciaMerkleTree_Consistency (0.00s)
=== CONT  TestBaseIterator_HasNext
--- PASS: TestBranchNode_getHash (0.00s)
=== CONT  TestLeafNode_deleteFromDirtyLnAtSameKey
--- PASS: TestLeafNode_deleteFromDirtyLnAtSameKey (0.00s)
=== CONT  TestLeafNode_newLeafNode
--- PASS: TestBaseIterator_HasNext (0.00s)
=== CONT  TestNewDFSIterator
--- PASS: TestPatriciaMerkleTree_Root (0.00s)
--- PASS: TestLeafNode_insertInNilNode (0.00s)
--- PASS: TestLeafNode_insertInDirtyLnAtDifferentKey (0.00s)
=== CONT  TestLeafNode_getCollapsed
--- PASS: TestPatriciaMerkleTree_Delete (0.00s)
=== RUN   TestNewDFSIterator/nil_trie_should_error
=== CONT  TestTrieSync_InterceptedNodeTimedOut
=== PAUSE TestNewDFSIterator/nil_trie_should_error
=== RUN   TestNewDFSIterator/should_work
--- PASS: TestPatriciaMerkleTree_DeleteEmptyTrie (0.00s)
=== PAUSE TestNewDFSIterator/should_work
=== CONT  TestPatriciaMerkleTree_NilRoot
--- PASS: TestLeafNode_insertInDirtyLnAtSameKey (0.00s)
--- PASS: TestPatriciaMerkleTree_Commit (0.00s)
=== CONT  TestExtensionNode_getVersion
--- PASS: TestPatriciaMerkleTree_UpdateNotExisting (0.00s)
=== CONT  TestNewTrieStorageManagerInEpochNilStorageManager
--- PASS: TestLeafNode_insertInStoredLnAtDifferentKey (0.00s)
--- PASS: TestNode_encodeNodeAndCommitToDBExtensionNode (0.00s)
--- PASS: TestPatriciaMerkleTree_GetEmptyTrie (0.00s)
--- PASS: TestNewTrieWithInvalidMaxTrieLevelInMemory (0.00s)
--- PASS: TestNewTrieWithNilHasher (0.00s)
=== CONT  TestLeafNode_deletePresent
=== RUN   TestTrieStorageManagerInEpoch_GetFromEpoch/other_error_should_work
=== CONT  TestNewInterceptedTrieNode_NilHasherShouldFail
=== RUN   TestExtensionNode_getVersion/invalid_node_version
=== CONT  TestNewInterceptedTrieNode_EmptyBufferShouldFail
=== PAUSE TestLeafNode_getVersion/invalid_node_version
=== RUN   TestLeafNode_getVersion/NotSpecified_version
=== PAUSE TestLeafNode_getVersion/NotSpecified_version
=== RUN   TestLeafNode_getVersion/AutoBalanceEnabled_version
=== PAUSE TestLeafNode_getVersion/AutoBalanceEnabled_version
=== CONT  TestTrieNodesHandler_replaceParentWithChildren
=== RUN   TestTrieNodesHandler_replaceParentWithChildren/test_the_initial_roothash_is_deleted
=== CONT  TestPatriciaMerkleTree_Update
=== CONT  TestExtensionNode_commitContextDone
=== CONT  TestTrieStorageManager_PutInEpochInvalidStorer
=== CONT  TestTrieNodesHandler_jobDone
=== CONT  TestTrieStorageManager_PutInEpochClosedDb
=== CONT  TestNewTrieSyncer
=== RUN   TestNewTrieSyncer/nil_request_handler
=== CONT  TestNewSyncTrieStorageManager_PutInFirstEpoch
=== PAUSE TestNewTrieSyncer/nil_request_handler
=== CONT  TestTrieStorageManager_RemoveFromAllActiveEpochs
=== RUN   TestNewTrieSyncer/nil_intercepted_nodes
=== CONT  TestTrieStorageManager_SetEpochForPutOperation
=== PAUSE TestNewTrieSyncer/nil_intercepted_nodes
=== RUN   TestNewTrieSyncer/empty_topic_should_fail
=== PAUSE TestNewTrieSyncer/empty_topic_should_fail
=== RUN   TestNewTrieSyncer/nil_trie_statistics
=== PAUSE TestNewTrieSyncer/nil_trie_statistics
=== RUN   TestNewTrieSyncer/nil_database
=== PAUSE TestNewTrieSyncer/nil_database
=== RUN   TestTrieStorageManager_SetEpochForPutOperation/main_storer_not_epochStorer_should_early_exit
=== RUN   TestNewTrieSyncer/nil_marshalizer
=== PAUSE TestNewTrieSyncer/nil_marshalizer
=== PAUSE TestTrieStorageManager_SetEpochForPutOperation/main_storer_not_epochStorer_should_early_exit
=== RUN   TestTrieStorageManager_SetEpochForPutOperation/should_work
=== PAUSE TestTrieStorageManager_SetEpochForPutOperation/should_work
=== RUN   TestNewTrieSyncer/nil_hasher
=== PAUSE TestNewTrieSyncer/nil_hasher
=== CONT  TestNewSyncTrieStorageManager
=== RUN   TestNewTrieSyncer/nil_timeout_handler
=== CONT  TestTrieStorageManager_PutInEpoch
=== PAUSE TestNewTrieSyncer/nil_timeout_handler
=== CONT  TestNewSyncTrieStorageManagerInvalidStorerType
=== CONT  TestExtensionNode_SizeInBytes
=== CONT  TestTrieNodesHandler_addInitialRootHash
=== CONT  TestNewSyncTrieStorageManagerNilTsm
=== CONT  TestNewTrieNodesHandler
=== CONT  TestTrieSync_StartSyncing
=== RUN   TestTrieSync_StartSyncing/nil_hash_should_return_nil
=== PAUSE TestTrieSync_StartSyncing/nil_hash_should_return_nil
=== RUN   TestTrieSync_StartSyncing/empty_trie_hash_should_return_nil
=== PAUSE TestTrieSync_StartSyncing/empty_trie_hash_should_return_nil
=== RUN   TestNewTrieSyncer/invalid_max_hard_capacity_for_missing_nodes
=== RUN   TestTrieSync_StartSyncing/nil_context_should_error
=== CONT  TestExtensionNode_getValueReturnsEmptyByteSlice
=== PAUSE TestTrieSync_StartSyncing/nil_context_should_error
=== PAUSE TestNewTrieSyncer/invalid_max_hard_capacity_for_missing_nodes
=== PAUSE TestTrieStorageManagerInEpoch_GetFromEpoch/other_error_should_work
=== RUN   TestTrieSync_StartSyncing/closed_context_should_error
=== RUN   TestTrieStorageManagerInEpoch_GetFromEpoch/getFromEpoch_searches_more_storers
=== PAUSE TestTrieSync_StartSyncing/closed_context_should_error
=== RUN   TestNewTrieSyncer/should_work
=== CONT  TestTrieSync_FoundInStorageShouldNotRequest
=== PAUSE TestTrieStorageManagerInEpoch_GetFromEpoch/getFromEpoch_searches_more_storers
=== CONT  TestTrieSync_InterceptedNodeShouldNotBeAddedToNodesForTrieIfNodeReceived
=== CONT  TestExtensionNode_getNextHashAndKeyNilNode
=== CONT  TestCheckTrieSyncerVersion
=== CONT  TestTrieStorageManager_IsPruningBlocked
=== CONT  TestExtensionNode_getNextHashAndKeyNilKey
=== CONT  TestDFSIterator_Next
[0;31mERROR[0m[2026-03-16 10:14:40.275]   ExitPruningBufferingMode called too many times 
=== CONT  TestNewTrieSync_ThirdVariantImplementation
=== CONT  TestExtensionNode_getNodeData
=== CONT  TestNewTrieSync_SecondVariantImplementation
=== RUN   TestExtensionNode_getNodeData/nil_node
=== PAUSE TestExtensionNode_getNodeData/nil_node
=== RUN   TestExtensionNode_getNodeData/gets_data_from_child
=== PAUSE TestExtensionNode_getNodeData/gets_data_from_child
=== CONT  TestNewSyncTrieStorageManager_PutInEpochError
=== CONT  TestSnapshotTrieStorageManager_Get
=== CONT  TestNewTrieSync_FirstVariantImplementation
=== CONT  TestNewTrieStorageManager
=== RUN   TestSnapshotTrieStorageManager_Get/closed_storage_manager_should_error
=== RUN   TestNewTrieStorageManager/nil_main_storer
=== PAUSE TestSnapshotTrieStorageManager_Get/closed_storage_manager_should_error
=== RUN   TestSnapshotTrieStorageManager_Get/GetFromOldEpochsWithoutAddingToCache_returns_db_closed_should_error
=== CONT  TestMerkleProofVerifier_VerifyProof
=== PAUSE TestSnapshotTrieStorageManager_Get/GetFromOldEpochsWithoutAddingToCache_returns_db_closed_should_error
=== RUN   TestSnapshotTrieStorageManager_Get/should_work_from_old_epochs_without_cache
=== CONT  TestExtensionNode_commitSnapshotDbIsClosing
=== PAUSE TestSnapshotTrieStorageManager_Get/should_work_from_old_epochs_without_cache
=== CONT  TestTrieStorageManagerWithoutSnapshot_IsSnapshotSupportedShouldReturnFalse
=== CONT  TestSnapshotTrieStorageManager_AlsoAddInPreviousEpoch
=== CONT  TestTrieStorageManagerWithoutSnapshot_IsInterfaceNil
=== CONT  TestNewTrieSync_InvalidVersionShouldErr
=== CONT  TestSnapshotTrieStorageManager_GetFromLastEpoch
=== RUN   TestSnapshotTrieStorageManager_GetFromLastEpoch/closed_storage_manager_should_error
=== CONT  TestTrieStorageManager_Remove
=== PAUSE TestSnapshotTrieStorageManager_GetFromLastEpoch/closed_storage_manager_should_error
=== RUN   TestTrieStorageManager_Remove/main_storer_not_snapshotPruningStorer_should_call_remove
=== RUN   TestSnapshotTrieStorageManager_GetFromLastEpoch/should_work
=== PAUSE TestTrieStorageManager_Remove/main_storer_not_snapshotPruningStorer_should_call_remove
=== CONT  TestTrieNodesHandler_noMissingHashes
=== RUN   TestTrieStorageManager_Remove/should_work
=== PAUSE TestTrieStorageManager_Remove/should_work
=== CONT  TestTrieStorageManagerWithoutSnapshot_ShouldTakeSnapshot
=== CONT  TestTrieStorageManagerWithoutSnapshot_SetEpochForPutOperationDoesNotPanic
=== CONT  TestNewMerkleProofVerifier
=== RUN   TestSnapshotTrieStorageManager_AlsoAddInPreviousEpoch/HasValue_is_false
=== CONT  TestSnapshotTrieStorageManager_Put
=== CONT  TestNewSnapshotTrieStorageManager
=== RUN   TestSnapshotTrieStorageManager_Put/closed_storage_manager_should_error
=== PAUSE TestSnapshotTrieStorageManager_Put/closed_storage_manager_should_error
=== RUN   TestSnapshotTrieStorageManager_Put/should_work
=== PAUSE TestSnapshotTrieStorageManager_Put/should_work
=== PAUSE TestSnapshotTrieStorageManager_GetFromLastEpoch/should_work
=== CONT  TestNewSnapshotTrieStorageManagerInvalidStorerType
=== CONT  TestNewMerkleProofVerifier_NilMarshalizer
=== CONT  TestExtensionNode_getNextHashAndKey
=== CONT  TestNodesVersion_insertInBn
=== RUN   TestNodesVersion_insertInBn/insert_in_branch_node_on_nil_child_-_same_version
=== PAUSE TestNodesVersion_insertInBn/insert_in_branch_node_on_nil_child_-_same_version
=== CONT  TestNewMerkleProofVerifier_NilHasher
=== RUN   TestNodesVersion_insertInBn/insert_in_branch_node_on_nil_child_-_change_version
=== PAUSE TestNodesVersion_insertInBn/insert_in_branch_node_on_nil_child_-_change_version
=== CONT  TestExtensionNode_getAllHashesResolvesCollapsed
=== RUN   TestNodesVersion_insertInBn/insert_in_branch_node_on_existing_child_-_same_version
=== PAUSE TestNodesVersion_insertInBn/insert_in_branch_node_on_existing_child_-_same_version
=== RUN   TestNodesVersion_insertInBn/insert_in_branch_node_on_existing_child_-_change_version
=== PAUSE TestNodesVersion_insertInBn/insert_in_branch_node_on_existing_child_-_change_version
=== CONT  TestNodesVersion_deleteFromEn
=== RUN   TestNodesVersion_deleteFromEn/new_child_is_leaf_node_-_change_version
=== PAUSE TestNodesVersion_deleteFromEn/new_child_is_leaf_node_-_change_version
=== RUN   TestNodesVersion_deleteFromEn/new_child_is_leaf_node_-_same_version
=== CONT  TestExtensionNode_getAllHashes
=== PAUSE TestNodesVersion_deleteFromEn/new_child_is_leaf_node_-_same_version
=== CONT  TestNodesVersion_insertInEn
=== RUN   TestNodesVersion_deleteFromEn/new_child_is_extension_node_-_same_version
=== CONT  TestTrieStorageManagerWithoutSnapshot_TakeSnapshot
=== RUN   TestNodesVersion_insertInEn/insert_in_same_extension_node_-_change_version
=== PAUSE TestNodesVersion_deleteFromEn/new_child_is_extension_node_-_same_version
=== PAUSE TestNodesVersion_insertInEn/insert_in_same_extension_node_-_change_version
=== RUN   TestNodesVersion_insertInEn/insert_in_extension_node_-_create_new_branch_-_change_version
=== PAUSE TestNodesVersion_insertInEn/insert_in_extension_node_-_create_new_branch_-_change_version
=== RUN   TestNodesVersion_insertInEn/insert_in_extension_node_-_create_new_branch_-_do_not_change_version
=== PAUSE TestNodesVersion_insertInEn/insert_in_extension_node_-_create_new_branch_-_do_not_change_version
=== RUN   TestNodesVersion_insertInEn/insert_in_extension_node_-_create_new_branch_with_following_extension_node_-_change_version
=== PAUSE TestNodesVersion_insertInEn/insert_in_extension_node_-_create_new_branch_with_following_extension_node_-_change_version
=== RUN   TestNodesVersion_insertInEn/insert_in_extension_node_-_create_new_branch_with_following_extension_node_-_do_not_change_version
=== PAUSE TestNodesVersion_insertInEn/insert_in_extension_node_-_create_new_branch_with_following_extension_node_-_do_not_change_version
=== RUN   TestNodesVersion_insertInEn/insert_in_extension_node_-_create_new_extension_and_branch_-_change_version
=== PAUSE TestNodesVersion_insertInEn/insert_in_extension_node_-_create_new_extension_and_branch_-_change_version
=== RUN   TestNodesVersion_insertInEn/insert_in_extension_node_-_create_new_extension_and_branch_-_do_not_change_version
=== PAUSE TestNewTrieSyncer/should_work
=== PAUSE TestNodesVersion_insertInEn/insert_in_extension_node_-_create_new_extension_and_branch_-_do_not_change_version
=== CONT  TestTrieStorageManager_IsPruningEnabled
=== CONT  TestPatriciaMerkleTrie_oldRootAndoldHashesAreResetAfterEveryCommit
=== CONT  TestExtensionNode_printShouldNotPanicEvenIfNodeIsCollapsed
=== RUN   TestNewSnapshotTrieStorageManager_GetFromCurrentEpoch/should_work
=== PAUSE TestNewSnapshotTrieStorageManager_GetFromCurrentEpoch/should_work
=== CONT  TestTrieStorageManagerWithoutSnapshot_PutInEpochWithoutCache
=== CONT  TestTrieNodesHandler_processMissingHashWasFound
=== CONT  TestPatriciaMerkleTrie_GetAllLeavesCollapsedTrie
=== CONT  TestNewSyncTrieStorageManager_PutInEpoch
--- PASS: TestLeafNode_insertInStoredLnAtSameKey (0.00s)
=== CONT  TestNode_getDirtyHashes
=== PAUSE TestNewTrieStorageManager/nil_main_storer
--- PASS: TestLeafNode_insertAtSameKey (0.00s)
=== RUN   TestNewTrieStorageManager/nil_marshaller
--- PASS: TestLeafNode_getNextNilNode (0.00s)
=== PAUSE TestNewTrieStorageManager/nil_marshaller
=== CONT  TestTrieStorageManagerWithoutSnapshot_GetLatestStorageEpoch
=== RUN   TestNewTrieStorageManager/nil_hasher
=== PAUSE TestNewTrieStorageManager/nil_hasher
=== RUN   TestNewTrieStorageManager/nil_idle_provider
=== PAUSE TestNewTrieStorageManager/nil_idle_provider
=== CONT  TestNodesVersion_deleteFromBn
=== RUN   TestNodesVersion_deleteFromBn/delete_leaf_-_branch_does_not_reduce_-_bn_should_not_change_version
=== PAUSE TestNodesVersion_deleteFromBn/delete_leaf_-_branch_does_not_reduce_-_bn_should_not_change_version
=== CONT  TestNodesVersion_insertInLn
=== RUN   TestNodesVersion_insertInLn/insert_in_same_leaf_-_change_version
=== PAUSE TestNodesVersion_insertInLn/insert_in_same_leaf_-_change_version
=== RUN   TestNodesVersion_insertInLn/insert_in_leaf_-_create_new_branch_node
=== PAUSE TestNodesVersion_insertInLn/insert_in_leaf_-_create_new_branch_node
=== RUN   TestNodesVersion_insertInLn/insert_in_leaf_-_create_new_extension
=== PAUSE TestNodesVersion_insertInLn/insert_in_leaf_-_create_new_extension
=== CONT  Test_treatCommitSnapshotErr
=== RUN   Test_treatCommitSnapshotErr/nil_err
=== PAUSE Test_treatCommitSnapshotErr/nil_err
=== RUN   Test_treatCommitSnapshotErr/err_is_not_of_type_GetNodeFromDBError
=== CONT  TestExtensionNode_newExtensionNodeOkVals
=== CONT  TestTreatLogError
=== RUN   TestNodesVersion_deleteFromBn/delete_leaf_-_branch_does_not_reduce_-_bn_should_change_version
=== RUN   TestTreatLogError/logger_instance_is_not_in_Trace_mode,_should_not_call
=== PAUSE TestTreatLogError/logger_instance_is_not_in_Trace_mode,_should_not_call
=== RUN   TestTreatLogError/logger_instance_is_in_Trace_mode,_should_call
=== PAUSE TestTreatLogError/logger_instance_is_in_Trace_mode,_should_call
=== PAUSE Test_treatCommitSnapshotErr/err_is_not_of_type_GetNodeFromDBError
=== RUN   Test_treatCommitSnapshotErr/is_closing_err
=== PAUSE Test_treatCommitSnapshotErr/is_closing_err
=== RUN   Test_treatCommitSnapshotErr/child_is_missing
=== CONT  TestTrieGetObsoleteHashes
=== PAUSE Test_treatCommitSnapshotErr/child_is_missing
=== CONT  TestExtensionNode_newExtensionNodeNilHasherShouldErr
=== RUN   TestNewTrieStorageManager/invalid_config_should_error
=== PAUSE TestNodesVersion_deleteFromBn/delete_leaf_-_branch_does_not_reduce_-_bn_should_change_version
=== PAUSE TestNewTrieStorageManager/invalid_config_should_error
=== RUN   TestNodesVersion_deleteFromBn/branch_with_branch_child_is_reduced
=== PAUSE TestNodesVersion_deleteFromBn/branch_with_branch_child_is_reduced
=== CONT  TestShouldStopIfContextDoneBlockingIfBusy
=== RUN   TestNodesVersion_deleteFromBn/branch_with_extension_child_is_reduced
=== RUN   TestNewTrieStorageManager/invalid_identifier
=== RUN   TestNodesVersion_deleteFromEn/new_child_is_extension_node_-_change_version
=== PAUSE TestNewTrieStorageManager/invalid_identifier
=== RUN   TestNewTrieStorageManager/should_work
=== PAUSE TestNewTrieStorageManager/should_work
=== RUN   TestShouldStopIfContextDoneBlockingIfBusy/context_done
=== PAUSE TestShouldStopIfContextDoneBlockingIfBusy/context_done
=== RUN   TestShouldStopIfContextDoneBlockingIfBusy/wait_until_idle
=== PAUSE TestShouldStopIfContextDoneBlockingIfBusy/wait_until_idle
=== CONT  TestExtensionNode_newExtensionNodeNilMarshalizerShouldErr
=== CONT  TestTrieStorageManagerWithoutSnapshot_PutInEpoch
=== CONT  TestNode_getEmptyNodeOfTypeLeafNode
=== CONT  TestNode_decodeNodeInvalidEncoding
=== CONT  TestClearOldHashesAndOldRootOnCommit
=== CONT  TestPrefixLen
=== CONT  TestGetOldHashesIfNodeIsCollapsed
=== CONT  TestNode_decodeNodeInvalidNode
=== CONT  TestKeyBytesToHex
=== CONT  TestExtensionNode_loadChildren
=== CONT  TestExtensionNode_commitCollapsesTrieIfMaxTrieLevelInMemoryIsReached
=== CONT  TestNode_decodeNodeExtensionNode
=== CONT  TestExtensionNode_setDirty
=== CONT  TestNode_decodeNodeBranchNode
=== CONT  TestNode_childPosOutOfRange
=== CONT  TestNode_hasValidHash
=== CONT  TestNode_concat
=== CONT  TestExtensionNode_isValid
=== CONT  TestNode_resolveIfCollapsedExtensionNode
=== CONT  TestNode_decodeNodeLeafNode
=== CONT  TestNode_resolveIfCollapsedBranchNode
=== CONT  TestNode_getEmptyNodeOfTypeExtensionNode
=== CONT  TestNode_getNodeFromDBAndDecodeExtensionNode
=== CONT  TestSnapshotGetTestPoint
=== CONT  TestExtensionNode_getChildrenCollapsedEn
=== CONT  TestNode_encodeNodeAndCommitToDBLeafNode
=== CONT  TestExtensionNode_getMarshalizer
=== CONT  TestExtensionNode_commitEmptyNode
=== CONT  TestExtensionNode_getChildren
=== CONT  TestNode_hasValidHashNilNode
=== CONT  TestPatriciaMerkleTrie_Recreate
=== CONT  TestPatriciaMerkleTree_InsertAfterCommit
=== RUN   TestPatriciaMerkleTrie_Recreate/nil_options
=== PAUSE TestPatriciaMerkleTrie_Recreate/nil_options
=== RUN   TestPatriciaMerkleTrie_Recreate/no_epoch_data
=== PAUSE TestPatriciaMerkleTrie_Recreate/no_epoch_data
=== RUN   TestPatriciaMerkleTrie_Recreate/with_epoch_data
=== PAUSE TestPatriciaMerkleTrie_Recreate/with_epoch_data
=== CONT  TestNode_resolveIfCollapsedLeafNode
=== CONT  TestPatriciaMerkleTree_CommitEmptyRoot
=== CONT  TestNode_getEmptyNodeOfTypeBranchNode
=== CONT  TestBranchNode_printShouldNotPanicEvenIfNodeIsCollapsed
=== CONT  TestNode_getNodeFromDBAndDecodeLeafNode
=== CONT  TestExtensionNode_clone
=== PAUSE TestNodesVersion_deleteFromEn/new_child_is_extension_node_-_change_version
=== RUN   TestNodesVersion_deleteFromEn/new_child_is_branch_node_-_same_version
=== CONT  TestPatriciaMerkleTree_DeleteAfterCommit
=== PAUSE TestNodesVersion_deleteFromEn/new_child_is_branch_node_-_same_version
=== PAUSE TestExtensionNode_getVersion/invalid_node_version
--- PASS: TestNewTrieWithNilEnableEpochsHandler (0.00s)
=== PAUSE TestNodesVersion_deleteFromBn/branch_with_extension_child_is_reduced
=== RUN   TestNodesVersion_deleteFromEn/new_child_is_branch_node_-_change_version
=== PAUSE TestNodesVersion_deleteFromEn/new_child_is_branch_node_-_change_version
=== CONT  TestExtensionNode_hashChildrenNilNode
=== CONT  TestNode_getNodeFromDBAndDecodeBranchNode
=== RUN   TestExtensionNode_getVersion/NotSpecified_version
=== CONT  TestExtensionNode_isEmptyOrNil
=== CONT  TestExtensionNode_reduceNode
=== CONT  TestBranchNode_getNextNilChild
=== CONT  TestBranchNode_reduceNode
=== CONT  TestExtensionNode_hashChildrenEmptyNode
=== CONT  TestBranchNode_deleteAndReduceBn
=== CONT  TestExtensionNode_deleteCollapsedNode
=== CONT  TestBranchNode_getChildPosition
=== CONT  TestExtensionNode_deleteEmptykey
=== CONT  TestBranchNode_setDirty
=== CONT  TestExtensionNode_hashChildren
=== CONT  TestExtensionNode_deleteNilNode
=== RUN   TestNodesVersion_deleteFromBn/branch_with_leaf_child_is_reduced
=== CONT  TestExtensionNode_setGivenHash
=== PAUSE TestNodesVersion_deleteFromBn/branch_with_leaf_child_is_reduced
=== CONT  TestExtendedNode_deleteEmptyNode
=== CONT  TestBranchNode_getNext
=== CONT  TestBranchNode_deleteCollapsedNode
=== CONT  TestBranchNode_newBranchNodeNilHasherShouldErr
=== CONT  TestBranchNode_getChildrenCollapsedBn
=== CONT  TestExtensionNode_setHashCollapsedNode
=== CONT  TestBranchNode_reduceNodeBnChild
=== CONT  TestBranchNode_getNextWrongKey
=== CONT  TestBranchNode_newBranchNodeNilMarshalizerShouldErr
=== CONT  TestBranchNode_getChildren
=== CONT  TestExtensionNode_setHashNilNode
=== CONT  TestPatriciaMerkleTrie_CommitCollapsedDirtyTrieShouldWork
=== PAUSE TestExtensionNode_getVersion/NotSpecified_version
=== RUN   TestExtensionNode_getVersion/AutoBalanceEnabled_version
=== PAUSE TestExtensionNode_getVersion/AutoBalanceEnabled_version
=== CONT  TestBranchNode_tryGetNilNode
=== CONT  TestReduceBranchNodeWithLeafNodeValueShouldWork
=== CONT  TestBranchNode_loadChildren
=== CONT  TestBranchNode_insertInDirtyBnOnExistingPos
=== CONT  TestPatriciaMerkleTree_GetAfterCommit
=== CONT  TestReduceBranchNodeWithLeafNodeChildShouldWork
=== CONT  TestBranchNode_tryGetEmptyNode
=== CONT  TestBranchNode_deleteNonexistentNodeFromChild
--- PASS: TestLeafNode_getNextWrongKey (0.00s)
=== CONT  TestNode_getEmptyNodeOfTypeWrongNode
--- PASS: TestNewTrieWithNilMarshalizer (0.00s)
--- PASS: TestInterceptedTrieNode_SizeInBytes (0.00s)
--- PASS: TestLeafNode_getNext (0.00s)
--- PASS: TestNode_encodeNodeAndGetHashExtensionNode (0.00s)
=== CONT  TestExtensionNode_getDirtyHashesFromCleanNode
--- PASS: TestInterceptedTrieNode_Identifiers (0.00s)
--- PASS: TestInterceptedTrieNode_Fee (0.00s)
--- PASS: TestLeafNode_tryGetNilNode (0.00s)
--- PASS: TestLeafNode_tryGetEmptyNode (0.00s)
--- PASS: TestInterceptedTrieNode_SenderAddress (0.00s)
--- PASS: TestInsertSameNodeShouldNotSetDirtyLnRoot (0.00s)
--- PASS: TestLeafNode_tryGetWrongKey (0.00s)
--- PASS: TestLeafNode_setDirty (0.00s)
--- PASS: TestLeafNode_tryGet (0.00s)
--- PASS: TestInterceptedTrieNode_Nonce (0.00s)
--- PASS: TestNode_getEmptyNodeOfTypeWrongNode (0.00s)
=== CONT  TestNode_resolveIfCollapsedNilNode
=== CONT  TestReduceBranchNodeWithBranchNodeChildShouldWork
--- PASS: TestLeafNode_isCollapsed (0.00s)
--- PASS: TestInterceptedTrieNode_String (0.00s)
=== CONT  TestReduceBranchNodeWithExtensionNodeChildShouldWork
--- PASS: TestInterceptedTrieNode_Type (0.00s)
--- PASS: TestLeafNode_resolveCollapsed (0.00s)
--- PASS: TestInterceptedTrieNode_ReceiverShardId (0.00s)
=== CONT  TestBranchNode_isValid
=== CONT  TestBranchNode_deleteEmptykey
=== CONT  TestNewTrieStorageManagerWithoutSnapshot
=== RUN   TestNewTrieStorageManagerWithoutSnapshot/nil_trie_storage_manager_should_error
=== CONT  TestPatriciaMerkleTree_DeleteNotPresent
=== CONT  TestBranchNode_newBranchNodeOkVals
=== CONT  TestTrieStorageManagerWithoutPruning_Remove
=== CONT  TestExtensionNode_deleteFromDirtyEn
=== CONT  TestBranchNode_insertInDirtyBnOnNilPos
=== CONT  TestBranchNode_insertInStoredBnOnNilPos
=== CONT  TestBranchNode_commitCollapsesTrieIfMaxTrieLevelInMemoryIsReached
=== CONT  TestExtensionNode_setHashEmptyNode
=== CONT  TestBranchNode_tryGetCollapsedNode
=== CONT  TestExtensionNode_getCollapsedCollapsedNode
=== CONT  TestBranchNode_setRootHashCollapsedChildren
=== CONT  TestExtensionNode_setHash
=== CONT  TestBranchNode_tryGetNilChild
=== CONT  TestExtensionNode_deleteFromStoredEn
=== CONT  TestNewTrieStorageManagerWithoutPruning
=== CONT  TestExtensionNode_delete
=== CONT  TestBranchNode_tryGetChildPosOutOfRange
=== CONT  TestNewTrieStorageManagerWithoutPruningWithNilStorage
=== CONT  TestBranchNode_deleteFromDirtyBn
=== CONT  TestBranchNode_tryGetEmptyKey
=== CONT  TestBranchNode_insertInStoredBnOnExistingPos
=== CONT  TestBranchNode_getMarshalizer
=== CONT  TestBranchNode_insertChildPosOutOfRange
=== CONT  TestBranchNode_tryGet
=== CONT  TestBranchNode_insertEmptyKey
=== CONT  TestBranchNode_isEmptyOrNil
=== CONT  TestBranchNode_insertCollapsedNode
=== CONT  TestBranchNode_isCollapsed
=== CONT  TestExtensionNode_getCollapsedNilNode
=== CONT  TestExtensionNode_insertInDirtyEnDifferentKey
=== CONT  TestBranchNode_deleteFromStoredBn
=== CONT  TestBranchNode_clone
=== CONT  TestExtensionNode_insertInDirtyEnSameKey
=== CONT  TestExtensionNode_insertInNilNode
=== CONT  TestExtensionNode_insertInStoredEnDifferentKey
=== CONT  TestBranchNode_deleteEmptyNode
=== CONT  TestBranchNode_insert
--- PASS: TestInterceptedTrieNode_IsForCurrentShard (0.00s)
--- PASS: TestInterceptedTrieNode_SetSerialized (0.00s)
--- PASS: TestLeafNode_getEncodedNodeNil (0.00s)
--- PASS: TestLeafNode_getEncodedNodeEmpty (0.00s)
--- PASS: TestLeafNode_getEncodedNode (0.00s)
--- PASS: TestInterceptedTrieNode_Hash (0.00s)
--- PASS: TestLeafNode_commitNilNode (0.00s)
--- PASS: TestBaseIterator_GetHash (0.00s)
=== PAUSE TestNewTrieStorageManagerWithoutSnapshot/nil_trie_storage_manager_should_error
=== CONT  TestTrieStorageManagerWithoutPruning_IsPruningEnabled
=== CONT  TestExtensionNode_reduceNodeCollapsedNode
=== CONT  TestTrieStorageManager_SerialFuncShadowingCallsExpectedImpl
=== RUN   TestNewTrieStorageManagerWithoutSnapshot/should_work
=== CONT  TestBranchNode_deleteNilNode
=== CONT  TestTrieFactory_CreateNormal
=== CONT  TestBranchNode_delete
=== CONT  TestExtensionNode_getCollapsedEmptyNode
=== CONT  TestTrieFactory_CreateWithoutSnapshot
=== CONT  TestBranchNode_insertInNilNode
--- PASS: TestLeafNode_commitEmptyNode (0.00s)
--- PASS: TestBaseIterator_GetMarshalizedNode (0.00s)
--- PASS: TestLeafNode_insertAtDifferentKey (0.00s)
--- PASS: TestNewBaseIteratorNilTrieShouldErr (0.00s)
--- PASS: TestLeafNode_hashNodeNilNode (0.00s)
--- PASS: TestLeafNode_commit (0.00s)
--- PASS: TestInterceptedTrieNode_CheckValidity (0.00s)
--- PASS: TestLeafNode_hashNodeEmptyNode (0.00s)
--- PASS: TestNewTrieWithNilTrieStorage (0.00s)
--- PASS: TestLeafNode_hashNode (0.00s)
--- PASS: TestLeafNode_hashChildren (0.00s)
--- PASS: TestTrieStorageManager_TakeSnapshotClosedDb (0.00s)
--- PASS: TestTrieStorageManager_TakeSnapshotWithGetNodeFromDBError (0.00s)
--- PASS: TestLeafNode_setGivenHash (0.00s)
--- PASS: TestTrieStorageManager_TakeSnapshotEmptyTrieRootHash (0.00s)
--- PASS: TestInterceptedTrieNode_SenderShardId (0.00s)
--- PASS: TestNewBaseIterator (0.00s)
--- PASS: TestLeafNode_setHashNilNode (0.00s)
--- PASS: TestTrieStorageManager_TakeSnapshotNilErrorChan (0.00s)
--- PASS: TestLeafNode_setHash (0.00s)
--- PASS: TestTrieStorageManagerInEpoch_IsInterfaceNil (0.00s)
--- PASS: TestLeafNode_setHashEmptyNode (0.00s)
--- PASS: TestLeafNode_isDirty (0.00s)
--- PASS: TestTrieStorageManager_GetLatestStorageEpoch (0.00s)
--- PASS: TestInterceptedTrieNode_GetSerialized (0.00s)
--- PASS: TestNewTrieStorageManagerInEpochInvalidStorageManagerType (0.00s)
--- PASS: TestNewTrieStorageManagerInEpochInvalidStorerType (0.00s)
--- PASS: TestNewTrieStorageManagerInEpoch (0.00s)
--- PASS: TestLeafNode_getHash (0.00s)
--- PASS: TestNewInterceptedTrieNode_OkParametersShouldWork (0.00s)
--- PASS: TestTrieStorageManager_GetLatestStorageEpochInvalidStorer (0.00s)
--- PASS: TestLeafNode_getCollapsed (0.00s)
--- PASS: TestLeafNode_newLeafNode (0.00s)
--- PASS: TestPatriciaMerkleTree_NilRoot (0.00s)
--- PASS: TestNewTrieStorageManagerInEpochNilStorageManager (0.00s)
--- PASS: TestNewInterceptedTrieNode_NilHasherShouldFail (0.00s)
--- PASS: TestNewInterceptedTrieNode_EmptyBufferShouldFail (0.00s)
--- PASS: TestPatriciaMerkleTrie_UpdateAndGetConcurrently (0.00s)
--- PASS: TestLeafNode_deletePresent (0.00s)
--- PASS: TestPatriciaMerkleTree_Update (0.00s)
--- PASS: TestExtensionNode_commitContextDone (0.00s)
--- PASS: TestTrieStorageManager_PutInEpochInvalidStorer (0.00s)
--- PASS: TestTrieNodesHandler_jobDone (0.00s)
--- PASS: TestTrieStorageManager_PutInEpochClosedDb (0.00s)
--- PASS: TestNewSyncTrieStorageManager_PutInFirstEpoch (0.00s)
--- PASS: TestTrieStorageManager_RemoveFromAllActiveEpochs (0.00s)
--- PASS: TestNewSyncTrieStorageManager (0.00s)
--- PASS: TestTrieStorageManager_PutInEpoch (0.00s)
--- PASS: TestNewSyncTrieStorageManagerInvalidStorerType (0.00s)
--- PASS: TestExtensionNode_SizeInBytes (0.00s)
--- PASS: TestTrieNodesHandler_addInitialRootHash (0.00s)
--- PASS: TestNewSyncTrieStorageManagerNilTsm (0.00s)
--- PASS: TestNewTrieNodesHandler (0.00s)
--- PASS: TestExtensionNode_getValueReturnsEmptyByteSlice (0.00s)
--- PASS: TestTrieSync_InterceptedNodeShouldNotBeAddedToNodesForTrieIfNodeReceived (0.00s)
--- PASS: TestExtensionNode_getNextHashAndKeyNilNode (0.00s)
--- PASS: TestCheckTrieSyncerVersion (0.00s)
--- PASS: TestExtensionNode_getNextHashAndKeyNilKey (0.00s)
--- PASS: TestTrieStorageManager_IsPruningBlocked (0.00s)
--- PASS: TestDFSIterator_Next (0.00s)
--- PASS: TestNewTrieSync_ThirdVariantImplementation (0.00s)
--- PASS: TestTrieSync_FoundInStorageShouldNotRequest (0.00s)
--- PASS: TestNewTrieSync_SecondVariantImplementation (0.00s)
--- PASS: TestNewSyncTrieStorageManager_PutInEpochError (0.00s)
--- PASS: TestNewTrieSync_FirstVariantImplementation (0.00s)
--- PASS: TestMerkleProofVerifier_VerifyProof (0.00s)
--- PASS: TestTrieStorageManagerWithoutSnapshot_IsSnapshotSupportedShouldReturnFalse (0.00s)
--- PASS: TestExtensionNode_commitSnapshotDbIsClosing (0.00s)
--- PASS: TestTrieStorageManagerWithoutSnapshot_IsInterfaceNil (0.00s)
--- PASS: TestNewTrieSync_InvalidVersionShouldErr (0.00s)
--- PASS: TestTrieNodesHandler_noMissingHashes (0.00s)
--- PASS: TestTrieStorageManagerWithoutSnapshot_ShouldTakeSnapshot (0.00s)
--- PASS: TestTrieStorageManagerWithoutSnapshot_SetEpochForPutOperationDoesNotPanic (0.00s)
--- PASS: TestNewMerkleProofVerifier (0.00s)
--- PASS: TestNewSnapshotTrieStorageManager (0.00s)
--- PASS: TestNewSnapshotTrieStorageManagerInvalidStorerType (0.00s)
--- PASS: TestNewMerkleProofVerifier_NilMarshalizer (0.00s)
--- PASS: TestExtensionNode_getNextHashAndKey (0.00s)
--- PASS: TestNewMerkleProofVerifier_NilHasher (0.00s)
--- PASS: TestExtensionNode_getAllHashesResolvesCollapsed (0.00s)
--- PASS: TestExtensionNode_getAllHashes (0.00s)
--- PASS: TestTrieStorageManagerWithoutSnapshot_TakeSnapshot (0.00s)
--- PASS: TestTrieStorageManager_IsPruningEnabled (0.00s)
--- PASS: TestTrieStorageManagerWithoutSnapshot_PutInEpochWithoutCache (0.00s)
--- PASS: TestPatriciaMerkleTrie_oldRootAndoldHashesAreResetAfterEveryCommit (0.00s)
--- PASS: TestTrieNodesHandler_processMissingHashWasFound (0.00s)
--- PASS: TestNewSyncTrieStorageManager_PutInEpoch (0.00s)
--- PASS: TestTrieStorageManagerWithoutSnapshot_GetLatestStorageEpoch (0.00s)
--- PASS: TestNode_getDirtyHashes (0.00s)
--- PASS: TestExtensionNode_printShouldNotPanicEvenIfNodeIsCollapsed (0.00s)
--- PASS: TestPatriciaMerkleTrie_GetAllLeavesCollapsedTrie (0.00s)
--- PASS: TestExtensionNode_newExtensionNodeOkVals (0.00s)
--- PASS: TestExtensionNode_newExtensionNodeNilHasherShouldErr (0.00s)
--- PASS: TestTrieGetObsoleteHashes (0.00s)
--- PASS: TestTrieStorageManagerWithoutSnapshot_PutInEpoch (0.00s)
--- PASS: TestExtensionNode_newExtensionNodeNilMarshalizerShouldErr (0.00s)
--- PASS: TestNode_getEmptyNodeOfTypeLeafNode (0.00s)
--- PASS: TestNode_decodeNodeInvalidEncoding (0.00s)
--- PASS: TestPrefixLen (0.00s)
--- PASS: TestNode_decodeNodeInvalidNode (0.00s)
--- PASS: TestKeyBytesToHex (0.00s)
=== CONT  TestExtensionNode_insertInStoredEnSameKey
--- PASS: TestExtensionNode_commitCollapsesTrieIfMaxTrieLevelInMemoryIsReached (0.00s)
--- PASS: TestClearOldHashesAndOldRootOnCommit (0.00s)
=== CONT  TestExtensionNode_insertCollapsedNode
--- PASS: TestExtensionNode_setDirty (0.00s)
--- PASS: TestExtensionNode_loadChildren (0.00s)
=== PAUSE TestNewTrieStorageManagerWithoutSnapshot/should_work
--- PASS: TestNode_decodeNodeExtensionNode (0.00s)
=== CONT  TestExtensionNode_getCollapsed
--- PASS: TestNode_childPosOutOfRange (0.00s)
=== CONT  TestPatriciaMerkleTrie_VerifyProofBranchNodeWantHashShouldWork
--- PASS: TestNode_decodeNodeBranchNode (0.00s)
--- PASS: TestGetOldHashesIfNodeIsCollapsed (0.00s)
--- PASS: TestNode_concat (0.00s)
=== CONT  TestBranchNode_resolveCollapsedEmptyNode
--- PASS: TestNode_hasValidHash (0.00s)
--- PASS: TestNode_decodeNodeLeafNode (0.00s)
=== CONT  TestGetNodeDataFromHash
--- PASS: TestExtensionNode_isValid (0.00s)
=== CONT  TestBranchNode_resolveCollapsed
--- PASS: TestNode_resolveIfCollapsedExtensionNode (0.00s)
--- PASS: TestExtensionNode_reduceNodeCollapsedNode (0.00s)
=== CONT  TestBranchNode_hashChildrenNilNode
=== CONT  TestTrieFactory_CreateWithoutPruning
=== CONT  TestExtensionNode_isDirty
=== CONT  TestPatriciaMerkleTree_CommitAfterCommit
=== CONT  TestBranchNode_resolveCollapsedENilNode
=== CONT  TestPatriciaMerkleTrie_IsMigrated
=== CONT  TestPatriciaMerkleTree_VerifyProof
--- PASS: TestNode_resolveIfCollapsedBranchNode (0.00s)
--- PASS: TestNode_getEmptyNodeOfTypeExtensionNode (0.00s)
--- PASS: TestGetNodeDataFromHash (0.00s)
=== CONT  TestPatriciaMerkleTree_ProveOnEmptyTrie
=== RUN   TestReplaceHashesAtPosition/empty_initial_with_index_out_of_bound
=== CONT  TestBranchNode_getEncodedNodeEmpty
=== RUN   TestTrieNodesHandler_replaceParentWithChildren/test_that_the_2_existing_nodes_are_added
=== CONT  TestPatriciaMerkleTrie_GetSerializedNodesShouldSerializeTheCalls
=== CONT  TestPatriciaMerkleTree_ProveCollapsedTrie
=== CONT  TestPatriciaMerkleTrie_ConcurrentOperations
=== RUN   TestPatriciaMerkleTrie_IsMigrated/nil_root
=== PAUSE TestPatriciaMerkleTrie_IsMigrated/nil_root
=== RUN   TestSnapshotTrieStorageManager_AlsoAddInPreviousEpoch/epoch_is_previous_epoch
=== CONT  TestPatriciaMerkleTree_CommitCollapsesTrieOk
=== RUN   TestPatriciaMerkleTrie_IsMigrated/not_migrated
=== PAUSE TestPatriciaMerkleTrie_IsMigrated/not_migrated
=== CONT  TestBranchNode_getEncodedNodeNil
=== RUN   TestPatriciaMerkleTrie_IsMigrated/migrated
=== CONT  TestExtensionNode_insert
=== CONT  TestBranchNode_resolveCollapsedPosOutOfRange
=== CONT  TestPatriciaMerkleTrie_GetOldRoot
=== PAUSE TestPatriciaMerkleTrie_IsMigrated/migrated
=== CONT  TestPatriciaMerkleTrie_GetAllLeavesOnChannel
=== CONT  TestPatriciaMerkleTree_GetValueReturnsTrieDepth
=== RUN   TestPatriciaMerkleTrie_GetAllLeavesOnChannel/nil_trie_iterator_channels
=== CONT  TestExtensionNode_getNextWrongKey
=== PAUSE TestPatriciaMerkleTrie_GetAllLeavesOnChannel/nil_trie_iterator_channels
=== CONT  TestExtensionNode_getHash
=== CONT  TestPatriciaMerkleTrie_GetTrieStats
=== RUN   TestPatriciaMerkleTrie_GetAllLeavesOnChannel/nil_leaves_chan
=== CONT  TestExtensionNode_newExtensionNode
=== PAUSE TestPatriciaMerkleTrie_GetAllLeavesOnChannel/nil_leaves_chan
=== RUN   TestPatriciaMerkleTrie_GetAllLeavesOnChannel/nil_err_chan
=== PAUSE TestPatriciaMerkleTrie_GetAllLeavesOnChannel/nil_err_chan
=== CONT  TestExtensionNode_getNext
=== CONT  TestDoubleListTrieSyncer_StartSyncingNilContextShouldErr
=== CONT  TestBranchNode_hashChildrenEmptyNode
=== RUN   TestPatriciaMerkleTrie_GetAllLeavesOnChannel/nil_keyBuilder
=== CONT  TestExtensionNode_getEncodedNodeNil
=== PAUSE TestPatriciaMerkleTrie_GetAllLeavesOnChannel/nil_keyBuilder
=== RUN   TestPatriciaMerkleTrie_GetAllLeavesOnChannel/nil__trieLeafParser
=== PAUSE TestPatriciaMerkleTrie_GetAllLeavesOnChannel/nil__trieLeafParser
=== CONT  TestExtensionNode_resolveCollapsedEmptyNode
=== RUN   TestPatriciaMerkleTrie_GetAllLeavesOnChannel/empty_trie
=== PAUSE TestPatriciaMerkleTrie_GetAllLeavesOnChannel/empty_trie
=== CONT  TestBranchNode_setRootHash
=== RUN   TestPatriciaMerkleTrie_GetAllLeavesOnChannel/should_fail_on_getting_leaves
=== CONT  TestExtensionNode_getEncodedNodeEmpty
=== PAUSE TestPatriciaMerkleTrie_GetAllLeavesOnChannel/should_fail_on_getting_leaves
=== CONT  TestPatriciaMerkleTrie_GetAndVerifyProof
=== RUN   TestPatriciaMerkleTrie_GetAllLeavesOnChannel/should_work_for_first_leaf_but_fail_at_second_one
=== PAUSE TestPatriciaMerkleTrie_GetAllLeavesOnChannel/should_work_for_first_leaf_but_fail_at_second_one
=== RUN   TestPatriciaMerkleTrie_GetAllLeavesOnChannel/should_work
=== PAUSE TestPatriciaMerkleTrie_GetAllLeavesOnChannel/should_work
=== CONT  TestBranchNode_setGivenHash
=== CONT  TestPatriciaMerkleTrie_GetAllHashesEmtyTrie
--- PASS: TestSnapshotGetTestPoint (0.00s)
=== CONT  TestPatriciaMerkleTree_Prove
=== CONT  TestExtensionNode_resolveCollapsed
=== CONT  TestBranchNode_getEncodedNode
=== CONT  TestPatriciaMerkleTrie_CollectLeavesForMigration
=== CONT  TestDoubleListTrieSyncer_StartSyncingNilRootHashShouldReturnNil
=== CONT  TestPatriciaMerkleTree_VerifyProofEmptyProofs
=== CONT  TestExtensionNode_getEncodedNode
=== CONT  TestPatriciaMerkleTree_VerifyProofNilProofs
=== CONT  TestBranchNode_commitNilNode
=== CONT  TestPatriciaMerkleTrie_VerifyProofExtensionNodeWantHashShouldWork
=== RUN   TestPatriciaMerkleTrie_CollectLeavesForMigration/nil_root
=== CONT  TestExtensionNode_tryGetEmptyNode
=== CONT  TestExtensionNode_commitCollapsedNode
=== CONT  TestBranchNode_hashChildren
=== PAUSE TestPatriciaMerkleTrie_CollectLeavesForMigration/nil_root
=== RUN   TestPatriciaMerkleTrie_CollectLeavesForMigration/nil_trie_migrator
=== CONT  TestBranchNode_getCollapsedNilNode
=== PAUSE TestPatriciaMerkleTrie_CollectLeavesForMigration/nil_trie_migrator
=== CONT  TestNewDoubleListTrieSyncer
=== CONT  TestBranchNode_setHash
=== RUN   TestPatriciaMerkleTrie_CollectLeavesForMigration/data_trie_already_migrated
=== PAUSE TestPatriciaMerkleTrie_CollectLeavesForMigration/data_trie_already_migrated
=== CONT  TestPatriciaMerkleTrie_VerifyProofFromDifferentTrieShouldNotWork
=== CONT  TestExtensionNode_tryGetCollapsedNode
--- PASS: TestNode_getNodeFromDBAndDecodeExtensionNode (0.00s)
=== CONT  TestNewDoubleListTrieSyncer_InvalidParametersShouldErr
=== RUN   TestPatriciaMerkleTrie_CollectLeavesForMigration/trie_partially_migrated
=== PAUSE TestPatriciaMerkleTrie_CollectLeavesForMigration/trie_partially_migrated
=== RUN   TestPatriciaMerkleTrie_CollectLeavesForMigration/not_enough_gas_to_load_the_whole_trie
--- PASS: TestExtensionNode_getMarshalizer (0.00s)
=== CONT  TestExtensionNode_tryGetNilNode
=== PAUSE TestPatriciaMerkleTrie_CollectLeavesForMigration/not_enough_gas_to_load_the_whole_trie
=== CONT  TestDepthFirstTrieSyncer_StartSyncingNilContextShouldErr
=== CONT  TestBranchNode_getCollapsedEmptyNode
=== CONT  TestBranchNode_commitEmptyNode
=== CONT  TestBranchNode_getCollapsed
=== CONT  TestPatriciaMerkleTrie_GetAllHashesSetsHashes
=== CONT  TestBranchNode_getCollapsedCollapsedNode
=== CONT  TestBranchNode_commit
=== CONT  TestBranchNode_isDirty
=== CONT  TestBranchNode_hashNodeNilNode
=== CONT  TestPatriciaMerkleTrie_String
=== CONT  TestPatriciaMerkleTree_reduceBranchNodeReturnsOldHashesCorrectly
=== CONT  TestBranchNode_hashNodeEmptyNode
=== CONT  TestExtensionNode_commitNilNode
=== CONT  TestBranchNode_hashNode
=== CONT  TestDoubleListTrieSyncer_StartSyncingEmptyRootHashShouldReturnNil
=== CONT  TestExtensionNode_commit
=== RUN   TestPatriciaMerkleTrie_CollectLeavesForMigration/not_enough_gas_to_migrate_the_whole_trie
=== CONT  TestBranchNode_hashChildrenCollapsedNode
=== CONT  TestDepthFirstTrieSyncer_StartSyncingEmptyRootHashShouldReturnNil
=== CONT  TestPatriciaMerkleTrie_GetSerializedNodesTinyBufferShouldNotGetAllNodes
--- PASS: TestExtensionNode_getChildrenCollapsedEn (0.00s)
--- PASS: TestNode_encodeNodeAndCommitToDBLeafNode (0.00s)
--- PASS: TestExtensionNode_commitEmptyNode (0.00s)
=== PAUSE TestPatriciaMerkleTrie_CollectLeavesForMigration/not_enough_gas_to_migrate_the_whole_trie
=== CONT  TestExtensionNode_tryGetWrongKey
--- PASS: TestNode_hasValidHashNilNode (0.00s)
=== CONT  TestBranchNode_commitSnapshotDbIsClosing
=== RUN   TestPatriciaMerkleTrie_CollectLeavesForMigration/migrate_to_non_existent_version
=== PAUSE TestPatriciaMerkleTrie_CollectLeavesForMigration/migrate_to_non_existent_version
--- PASS: TestExtensionNode_getChildren (0.00s)
--- PASS: TestNode_resolveIfCollapsedLeafNode (0.00s)
--- PASS: TestPatriciaMerkleTree_CommitEmptyRoot (0.00s)
--- PASS: TestNode_getEmptyNodeOfTypeBranchNode (0.00s)
--- PASS: TestExtensionNode_clone (0.00s)
--- PASS: TestNode_getNodeFromDBAndDecodeLeafNode (0.00s)
--- PASS: TestPatriciaMerkleTree_InsertAfterCommit (0.00s)
--- PASS: TestExtensionNode_hashChildrenNilNode (0.00s)
--- PASS: TestBranchNode_printShouldNotPanicEvenIfNodeIsCollapsed (0.00s)
--- PASS: TestExtensionNode_isEmptyOrNil (0.00s)
--- PASS: TestPatriciaMerkleTree_DeleteAfterCommit (0.00s)
--- PASS: TestNode_getNodeFromDBAndDecodeBranchNode (0.00s)
--- PASS: TestBranchNode_getNextNilChild (0.00s)
--- PASS: TestExtensionNode_hashChildrenEmptyNode (0.00s)
--- PASS: TestBranchNode_reduceNode (0.00s)
--- PASS: TestBranchNode_deleteAndReduceBn (0.00s)
--- PASS: TestExtensionNode_reduceNode (0.00s)
--- PASS: TestBranchNode_getChildPosition (0.00s)
--- PASS: TestExtensionNode_deleteCollapsedNode (0.00s)
=== CONT  TestExtensionNode_hashNodeNilNode
=== CONT  TestBranchNode_setHashCollapsedNode
=== RUN   TestPatriciaMerkleTrie_CollectLeavesForMigration/migrate_from_non_existent_version
=== CONT  TestExtensionNode_tryGet
=== CONT  TestNewDepthFirstTrieSyncer_InvalidParametersShouldErr
=== CONT  TestNewDepthFirstTrieSyncer
=== PAUSE TestPatriciaMerkleTrie_CollectLeavesForMigration/migrate_from_non_existent_version
=== RUN   TestPatriciaMerkleTrie_CollectLeavesForMigration/migrate_collapsed_trie
=== CONT  TestBranchNode_getNodeData
=== RUN   TestBranchNode_getNodeData/nil_node
=== PAUSE TestPatriciaMerkleTrie_CollectLeavesForMigration/migrate_collapsed_trie
=== CONT  TestBranchNode_commitContextDone
=== RUN   TestPatriciaMerkleTrie_CollectLeavesForMigration/migrate_all_non_migrated_leaves
=== PAUSE TestBranchNode_getNodeData/nil_node
=== RUN   TestBranchNode_getNodeData/gets_data_from_all_non-nil_children
=== PAUSE TestPatriciaMerkleTrie_CollectLeavesForMigration/migrate_all_non_migrated_leaves
=== RUN   TestPatriciaMerkleTrie_CollectLeavesForMigration/migrate_to_same_version
=== PAUSE TestPatriciaMerkleTrie_CollectLeavesForMigration/migrate_to_same_version
=== CONT  TestDepthFirstTrieSyncer_StartSyncingNilRootHashShouldReturnNil
=== CONT  TestBranchNode_VerifyChildrenVersionIsSetCorrectlyAfterInsertAndDelete
=== RUN   TestBranchNode_VerifyChildrenVersionIsSetCorrectlyAfterInsertAndDelete/revert_child_from_version_1_to_0
=== CONT  TestExtensionNode_isCollapsed
=== PAUSE TestBranchNode_getNodeData/gets_data_from_all_non-nil_children
=== CONT  TestBranchNode_revertChildrenVersionSliceIfNeeded
=== RUN   TestBranchNode_revertChildrenVersionSliceIfNeeded/nil_ChildrenVersion_does_not_panic
--- PASS: TestExtensionNode_deleteEmptykey (0.00s)
--- PASS: TestBranchNode_setDirty (0.00s)
--- PASS: TestExtensionNode_deleteNilNode (0.00s)
--- PASS: TestExtensionNode_hashChildren (0.00s)
--- PASS: TestExtensionNode_setGivenHash (0.00s)
--- PASS: TestExtendedNode_deleteEmptyNode (0.00s)
--- PASS: TestBranchNode_getNext (0.00s)
--- PASS: TestBranchNode_deleteCollapsedNode (0.00s)
--- PASS: TestBranchNode_newBranchNodeNilHasherShouldErr (0.00s)
--- PASS: TestBranchNode_getChildrenCollapsedBn (0.00s)
--- PASS: TestExtensionNode_setHashCollapsedNode (0.00s)
--- PASS: TestBranchNode_getNextWrongKey (0.00s)
--- PASS: TestBranchNode_getChildren (0.00s)
--- PASS: TestExtensionNode_setHashNilNode (0.00s)
--- PASS: TestBranchNode_reduceNodeBnChild (0.00s)
--- PASS: TestBranchNode_newBranchNodeNilMarshalizerShouldErr (0.00s)
--- PASS: TestBranchNode_tryGetNilNode (0.00s)
--- PASS: TestPatriciaMerkleTrie_CommitCollapsedDirtyTrieShouldWork (0.00s)
--- PASS: TestBranchNode_insertInDirtyBnOnExistingPos (0.00s)
--- PASS: TestReduceBranchNodeWithLeafNodeValueShouldWork (0.00s)
--- PASS: TestExtensionNode_getDirtyHashesFromCleanNode (0.00s)
--- PASS: TestBranchNode_isValid (0.00s)
--- PASS: TestBranchNode_deleteNonexistentNodeFromChild (0.00s)
--- PASS: TestBranchNode_deleteEmptykey (0.00s)
--- PASS: TestReduceBranchNodeWithExtensionNodeChildShouldWork (0.00s)
--- PASS: TestBranchNode_newBranchNodeOkVals (0.00s)
--- PASS: TestReduceBranchNodeWithLeafNodeChildShouldWork (0.00s)
--- PASS: TestTrieStorageManagerWithoutPruning_Remove (0.00s)
--- PASS: TestExtensionNode_deleteFromDirtyEn (0.00s)
--- PASS: TestBranchNode_insertInDirtyBnOnNilPos (0.00s)
--- PASS: TestBranchNode_loadChildren (0.00s)
--- PASS: TestPatriciaMerkleTree_DeleteNotPresent (0.00s)
--- PASS: TestExtensionNode_setHashEmptyNode (0.00s)
--- PASS: TestBranchNode_insertInStoredBnOnNilPos (0.00s)
--- PASS: TestBranchNode_commitCollapsesTrieIfMaxTrieLevelInMemoryIsReached (0.00s)
--- PASS: TestBranchNode_tryGetCollapsedNode (0.00s)
--- PASS: TestExtensionNode_getCollapsedCollapsedNode (0.00s)
--- PASS: TestBranchNode_tryGetNilChild (0.00s)
--- PASS: TestNewTrieStorageManagerWithoutPruning (0.00s)
--- PASS: TestExtensionNode_deleteFromStoredEn (0.00s)
--- PASS: TestExtensionNode_setHash (0.00s)
--- PASS: TestExtensionNode_delete (0.00s)
--- PASS: TestBranchNode_setRootHashCollapsedChildren (0.00s)
--- PASS: TestBranchNode_tryGetChildPosOutOfRange (0.00s)
--- PASS: TestNewTrieStorageManagerWithoutPruningWithNilStorage (0.00s)
=== CONT  TestBranchNode_SizeInBytes
=== PAUSE TestBranchNode_VerifyChildrenVersionIsSetCorrectlyAfterInsertAndDelete/revert_child_from_version_1_to_0
=== CONT  TestBranchNode_getNextHashAndKeyNilNode
=== CONT  TestBranchNode_getValueReturnsEmptyByteSlice
=== RUN   TestBranchNode_VerifyChildrenVersionIsSetCorrectlyAfterInsertAndDelete/remove_migrated_child
=== PAUSE TestBranchNode_VerifyChildrenVersionIsSetCorrectlyAfterInsertAndDelete/remove_migrated_child
=== CONT  TestExtensionNode_hashNodeEmptyNode
=== CONT  TestExtensionNode_hashNode
=== CONT  TestBranchNode_getAllHashesResolvesCollapsed
=== CONT  TestBranchNode_getAllHashes
=== CONT  TestBranchNode_setRootHashCollapsedNode
=== CONT  TestExtensionNode_hashChildrenCollapsedNode
=== CONT  TestExtensionNode_tryGetEmptyKey
=== CONT  TestBranchNode_getDirtyHashesFromCleanNode
=== CONT  TestBranchNode_getNextHashAndKeyNilKey
=== CONT  TestBranchNode_getVersion
=== CONT  TestExtensionNode_resolveCollapsedNilNode
=== RUN   TestBranchNode_getVersion/nil_ChildrenVersion
=== CONT  TestBranchNode_setHashEmptyNode
=== CONT  TestBranchNode_getNextHashAndKey
=== CONT  TestBranchNode_commitSnapshotChildIsMissingErr
=== CONT  TestTrieStorageManager_Close/error_on_main_storer_close
=== PAUSE TestBranchNode_getVersion/nil_ChildrenVersion
=== CONT  TestTrieStorageManager_Close/should_work
=== RUN   TestBranchNode_getVersion/NotSpecified_for_all_children
=== PAUSE TestBranchNode_getVersion/NotSpecified_for_all_children
=== RUN   TestBranchNode_getVersion/one_child_with_autoBalanceEnabled
=== CONT  TestTrieStorageManager_Put/closed_storage_manager_should_error
=== PAUSE TestBranchNode_getVersion/one_child_with_autoBalanceEnabled
=== CONT  TestTrieStorageManager_Put/should_work
=== RUN   TestBranchNode_getVersion/AutoBalanceEnabled_for_all_children
=== PAUSE TestBranchNode_getVersion/AutoBalanceEnabled_for_all_children
=== CONT  TestBranchNode_setHashNilNode
[0;31mERROR[0m[2026-03-16 10:14:40.280]   error during trie snapshot               [0;31merr[0m = getNodeFromDB error: getNodeFromDB error: key not found for key 63db0d9d6d1fd101f16f7e80634b5e3dbe21b5fccefb7f9d0661838a4c35af50 for key 63db0d9d6d1fd101f16f7e80634b5e3dbe21b5fccefb7f9d0661838a4c35af50 [0;31mhash[0m = 63db0d9d6d1fd101f16f7e80634b5e3dbe21b5fccefb7f9d0661838a4c35af50 
[0;31mERROR[0m[2026-03-16 10:14:40.280]   trieStorageManager.Close mainStorerClose [0;31merror[0m = expected error 
[0;31mERROR[0m[2026-03-16 10:14:40.280]   error during trie snapshot               [0;31merr[0m = getNodeFromDB error: getNodeFromDB error: key not found for key 820082abe9531d612868a734d07013e4e8c8b29281869441878bac81c93b740f for key 820082abe9531d612868a734d07013e4e8c8b29281869441878bac81c93b740f [0;31mhash[0m = 820082abe9531d612868a734d07013e4e8c8b29281869441878bac81c93b740f 
[0;31mERROR[0m[2026-03-16 10:14:40.280]   error during trie snapshot               [0;31merr[0m = getNodeFromDB error: getNodeFromDB error: key not found for key cfc109c41c7d99141316543c4dfc8cfc5b92fc0585c23fea674fce6ae3ca6e3f for key cfc109c41c7d99141316543c4dfc8cfc5b92fc0585c23fea674fce6ae3ca6e3f [0;31mhash[0m = cfc109c41c7d99141316543c4dfc8cfc5b92fc0585c23fea674fce6ae3ca6e3f 
=== CONT  TestWriteInChanNonBlocking/buffered_(two_elements),_empty_chan_should_add
=== CONT  TestWriteInChanNonBlocking/unbuffered,_no_reader_should_skip
=== CONT  TestWriteInChanNonBlocking/buffered_(2_elements),_full_chan_should_not_add,_but_should_finish
=== PAUSE TestBranchNode_revertChildrenVersionSliceIfNeeded/nil_ChildrenVersion_does_not_panic
=== CONT  TestTrieStorageManager_PutInEpochWithoutCache/closed_storage_manager_should_error
=== CONT  TestTrieStorageManager_PutInEpochWithoutCache/should_work
=== RUN   TestBranchNode_revertChildrenVersionSliceIfNeeded/revert_is_not_needed
=== CONT  TestTrieStorageManager_ShouldTakeSnapshot/invalid_storer_should_return_false
=== PAUSE TestBranchNode_revertChildrenVersionSliceIfNeeded/revert_is_not_needed
=== CONT  TestTrieStorageManager_PutInEpochWithoutCache/main_storer_not_snapshotPruningStorer_should_error
[0;31mERROR[0m[2026-03-16 10:14:40.280]   shouldTakeSnapshot error                 [0;31merr[0m = invalid storer, type is *storageUnit.Unit 
=== CONT  TestTrieStorageManager_ShouldTakeSnapshot/different_syncVal_marker_should_return_true
--- PASS: TestPatriciaMerkleTree_GetAfterCommit (0.00s)
=== CONT  TestWriteInChanNonBlocking/buffered_(one_element),_empty_chan_should_add
--- PASS: TestBranchNode_deleteFromDirtyBn (0.00s)
--- PASS: TestBranchNode_getMarshalizer (0.00s)
--- PASS: TestBranchNode_tryGetEmptyKey (0.00s)
--- PASS: TestBranchNode_insertChildPosOutOfRange (0.00s)
=== CONT  TestWriteInChanNonBlocking/buffered_(1_element),_full_chan_should_not_add,_but_should_finish
--- PASS: TestBranchNode_insertInStoredBnOnExistingPos (0.00s)
=== CONT  TestTrieStorageManager_ShouldTakeSnapshot/trie_synced_should_return_false
--- PASS: TestBranchNode_tryGet (0.00s)
--- PASS: TestBranchNode_insertEmptyKey (0.00s)
=== CONT  TestIterator_Search/dfs_iterator_search
=== CONT  TestTrieStorageManager_Get/closed_storage_manager_should_error
=== CONT  TestTrieStorageManager_Get/should_return_from_main_storer
=== CONT  TestTrieStorageManager_Get/main_storer_closing_should_error
=== CONT  TestLeafNode_getNodeData/nil_node
=== CONT  TestNewDFSIterator/nil_trie_should_error
=== CONT  TestLeafNode_getNodeData/gets_data_from_child
=== CONT  TestNewDFSIterator/should_work
=== CONT  TestLeafNode_getVersion/invalid_node_version
=== CONT  TestLeafNode_getVersion/AutoBalanceEnabled_version
=== CONT  TestLeafNode_getVersion/NotSpecified_version
[0;33mWARN [0m[2026-03-16 10:14:40.280]   invalid trie node version                [0;33mversion[0m = 256 [0;33mmax version[0m = 255 
--- PASS: TestBranchNode_isEmptyOrNil (0.00s)
=== CONT  TestTrieStorageManager_SetEpochForPutOperation/main_storer_not_epochStorer_should_early_exit
=== CONT  TestTrieStorageManager_SetEpochForPutOperation/should_work
=== CONT  TestTrieSync_StartSyncing/nil_hash_should_return_nil
=== RUN   TestBranchNode_revertChildrenVersionSliceIfNeeded/revert_is_needed
[0;31mERROR[0m[2026-03-16 10:14:40.280]   invalid storer for ChangeEpochForPutOperations [0;31mepoch[0m = 0 
=== CONT  TestTrieSync_StartSyncing/nil_context_should_error
=== CONT  TestTrieStorageManager_ShouldTakeSnapshot/GetFromOldEpochsWithoutAddingToCacheCalled_returns_ActiveDBVal_should_return_true
=== PAUSE TestBranchNode_revertChildrenVersionSliceIfNeeded/revert_is_needed
=== CONT  TestWriteInChanNonBlocking/unbuffered,_reader_has_been_set_up,_should_add
=== CONT  TestTrieStorageManagerInEpoch_GetFromEpoch/epoch_0_does_not_panic
=== CONT  TestTrieStorageManagerInEpoch_GetFromEpoch/other_error_should_work
[0;33mWARN [0m[2026-03-16 10:14:40.281]   trieStorageManagerInEpoch                [0;33merror[0m = not closing error [0;33mepoch[0m = 0 
=== CONT  TestTrieStorageManagerInEpoch_GetFromEpoch/getFromEpoch_searches_more_storers
=== CONT  TestExtensionNode_getNodeData/nil_node
=== CONT  TestTrieSync_StartSyncing/empty_trie_hash_should_return_nil
=== CONT  TestExtensionNode_getNodeData/gets_data_from_child
=== CONT  TestSnapshotTrieStorageManager_Get/closed_storage_manager_should_error
=== CONT  TestSnapshotTrieStorageManager_Get/should_work_from_old_epochs_without_cache
=== CONT  TestSnapshotTrieStorageManager_Get/GetFromOldEpochsWithoutAddingToCache_returns_db_closed_should_error
--- PASS: TestBranchNode_isCollapsed (0.00s)
=== CONT  TestTrieStorageManager_Remove/main_storer_not_snapshotPruningStorer_should_call_remove
=== CONT  TestSnapshotTrieStorageManager_Put/closed_storage_manager_should_error
=== CONT  TestTrieStorageManagerInEpoch_GetFromEpoch/closed_storage_manager_should_error
=== CONT  TestSnapshotTrieStorageManager_GetFromLastEpoch/closed_storage_manager_should_error
=== CONT  TestSnapshotTrieStorageManager_Put/should_work
=== CONT  TestTrieStorageManagerInEpoch_GetFromEpoch/closing_error_should_work
=== CONT  TestNodesVersion_insertInBn/insert_in_branch_node_on_nil_child_-_same_version
--- PASS: TestExtensionNode_getCollapsedNilNode (0.00s)
=== CONT  TestSnapshotTrieStorageManager_GetFromLastEpoch/should_work
=== CONT  TestNodesVersion_insertInBn/insert_in_branch_node_on_existing_child_-_same_version
=== CONT  TestNodesVersion_insertInBn/insert_in_branch_node_on_nil_child_-_change_version
=== CONT  TestNodesVersion_insertInBn/insert_in_branch_node_on_existing_child_-_change_version
=== CONT  TestTrieStorageManager_Remove/should_work
=== CONT  TestNewTrieSyncer/should_work
=== CONT  TestNewTrieSyncer/nil_request_handler
=== CONT  TestNewTrieSyncer/nil_timeout_handler
=== CONT  TestNewTrieSyncer/nil_hasher
=== CONT  TestNewTrieSyncer/nil_marshalizer
=== CONT  TestNewTrieSyncer/nil_database
=== CONT  TestNewTrieSyncer/invalid_max_hard_capacity_for_missing_nodes
=== CONT  TestNewTrieSyncer/nil_trie_statistics
=== CONT  TestNewTrieSyncer/empty_topic_should_fail
=== CONT  TestNodesVersion_insertInEn/insert_in_same_extension_node_-_change_version
=== CONT  TestNewTrieSyncer/nil_intercepted_nodes
--- PASS: TestReduceBranchNodeWithBranchNodeChildShouldWork (0.00s)
--- PASS: TestExtensionNode_insertInDirtyEnDifferentKey (0.00s)
--- PASS: TestBranchNode_deleteFromStoredBn (0.00s)
=== CONT  TestTrieSync_StartSyncing/closed_context_should_error
=== CONT  TestNodesVersion_insertInEn/insert_in_extension_node_-_create_new_branch_with_following_extension_node_-_do_not_change_version
--- PASS: TestExtensionNode_insertInDirtyEnSameKey (0.00s)
--- PASS: TestExtensionNode_insertInNilNode (0.00s)
--- PASS: TestBranchNode_clone (0.00s)
--- PASS: TestBranchNode_deleteEmptyNode (0.00s)
=== CONT  TestNodesVersion_insertInEn/insert_in_extension_node_-_create_new_extension_and_branch_-_do_not_change_version
=== CONT  TestNodesVersion_insertInEn/insert_in_extension_node_-_create_new_branch_with_following_extension_node_-_change_version
=== CONT  TestNodesVersion_insertInEn/insert_in_extension_node_-_create_new_branch_-_change_version
=== CONT  TestNewSnapshotTrieStorageManager_GetFromCurrentEpoch/closed_storage_manager_should_error
=== CONT  TestNodesVersion_insertInEn/insert_in_extension_node_-_create_new_extension_and_branch_-_change_version
--- PASS: TestBranchNode_insertCollapsedNode (0.00s)
--- PASS: TestBranchNode_insert (0.00s)
--- PASS: TestExtensionNode_insertInStoredEnDifferentKey (0.00s)
--- PASS: TestTrieStorageManagerWithoutPruning_IsPruningEnabled (0.00s)
=== CONT  TestNodesVersion_insertInLn/insert_in_leaf_-_create_new_extension
--- PASS: TestTrieStorageManager_SerialFuncShadowingCallsExpectedImpl (0.00s)
--- PASS: TestBranchNode_deleteNilNode (0.00s)
--- PASS: TestTrieFactory_CreateNormal (0.00s)
--- PASS: TestExtensionNode_getCollapsedEmptyNode (0.00s)
--- PASS: TestTrieFactory_CreateWithoutSnapshot (0.00s)
--- PASS: TestBranchNode_insertInNilNode (0.00s)
--- PASS: TestExtensionNode_insertInStoredEnSameKey (0.00s)
--- PASS: TestBranchNode_resolveCollapsedEmptyNode (0.00s)
--- PASS: TestExtensionNode_insertCollapsedNode (0.00s)
--- PASS: TestExtensionNode_getCollapsed (0.00s)
--- PASS: TestBranchNode_delete (0.00s)
--- PASS: TestBranchNode_hashChildrenNilNode (0.00s)
--- PASS: TestPatriciaMerkleTrie_VerifyProofBranchNodeWantHashShouldWork (0.00s)
--- PASS: TestTrieFactory_CreateWithoutPruning (0.00s)
=== CONT  TestNodesVersion_insertInLn/insert_in_same_leaf_-_change_version
=== CONT  TestTreatLogError/logger_instance_is_not_in_Trace_mode,_should_not_call
=== CONT  TestNodesVersion_insertInLn/insert_in_leaf_-_create_new_branch_node
=== CONT  TestTreatLogError/logger_instance_is_in_Trace_mode,_should_call
=== CONT  TestNewSnapshotTrieStorageManager_GetFromCurrentEpoch/should_work
=== CONT  Test_treatCommitSnapshotErr/nil_err
=== CONT  TestNewSnapshotTrieStorageManager_GetFromCurrentEpoch/main_storer_not_snapshotPruningStorer_should_error
=== CONT  Test_treatCommitSnapshotErr/child_is_missing
[0;31mERROR[0m[2026-03-16 10:14:40.281]   error during trie snapshot               [0;31merr[0m = key not found: getNodeFromDB error [0;31mhash[0m = 68617368 
=== CONT  Test_treatCommitSnapshotErr/is_closing_err
=== CONT  TestNodesVersion_insertInEn/insert_in_extension_node_-_create_new_branch_-_do_not_change_version
=== CONT  Test_treatCommitSnapshotErr/err_is_not_of_type_GetNodeFromDBError
=== CONT  TestNewTrieStorageManager/nil_hasher
=== CONT  TestNewTrieStorageManager/should_work
=== CONT  TestShouldStopIfContextDoneBlockingIfBusy/context_done
=== CONT  TestNewTrieStorageManager/invalid_identifier
=== CONT  TestNewTrieStorageManager/nil_marshaller
=== CONT  TestNewTrieStorageManager/invalid_config_should_error
=== CONT  TestShouldStopIfContextDoneBlockingIfBusy/wait_until_idle
=== CONT  TestPatriciaMerkleTrie_Recreate/with_epoch_data
=== CONT  TestNewTrieStorageManager/nil_main_storer
=== CONT  TestPatriciaMerkleTrie_Recreate/no_epoch_data
=== CONT  TestNewTrieStorageManager/nil_idle_provider
=== CONT  TestPatriciaMerkleTrie_Recreate/nil_options
=== CONT  TestNodesVersion_deleteFromEn/new_child_is_leaf_node_-_change_version
=== CONT  TestNodesVersion_deleteFromEn/new_child_is_branch_node_-_same_version
=== CONT  TestNodesVersion_deleteFromEn/new_child_is_extension_node_-_same_version
=== CONT  TestNodesVersion_deleteFromEn/new_child_is_extension_node_-_change_version
=== CONT  TestNodesVersion_deleteFromEn/new_child_is_branch_node_-_change_version
=== CONT  TestNodesVersion_deleteFromEn/new_child_is_leaf_node_-_same_version
=== CONT  TestNodesVersion_deleteFromBn/delete_leaf_-_branch_does_not_reduce_-_bn_should_not_change_version
=== CONT  TestNodesVersion_deleteFromBn/branch_with_extension_child_is_reduced
=== CONT  TestNodesVersion_deleteFromBn/delete_leaf_-_branch_does_not_reduce_-_bn_should_change_version
=== CONT  TestExtensionNode_getVersion/AutoBalanceEnabled_version
=== CONT  TestNodesVersion_deleteFromBn/branch_with_branch_child_is_reduced
=== CONT  TestNewTrieStorageManagerWithoutSnapshot/should_work
--- PASS: TestExtensionNode_isDirty (0.00s)
--- PASS: TestBranchNode_resolveCollapsedENilNode (0.00s)
--- PASS: TestBranchNode_resolveCollapsed (0.00s)
--- PASS: TestPatriciaMerkleTree_ProveOnEmptyTrie (0.00s)
--- PASS: TestBranchNode_getEncodedNodeEmpty (0.00s)
=== CONT  TestPatriciaMerkleTrie_IsMigrated/nil_root
=== CONT  TestExtensionNode_getVersion/NotSpecified_version
=== CONT  TestPatriciaMerkleTrie_IsMigrated/migrated
=== CONT  TestNewTrieStorageManagerWithoutSnapshot/nil_trie_storage_manager_should_error
=== CONT  TestPatriciaMerkleTrie_IsMigrated/not_migrated
=== CONT  TestPatriciaMerkleTrie_GetAllLeavesOnChannel/empty_trie
=== CONT  TestNodesVersion_deleteFromBn/branch_with_leaf_child_is_reduced
=== CONT  TestPatriciaMerkleTrie_GetAllLeavesOnChannel/nil_trie_iterator_channels
--- PASS: TestPatriciaMerkleTree_CommitAfterCommit (0.00s)
=== RUN   TestReplaceHashesAtPosition/empty_initial_provided_data
=== CONT  TestPatriciaMerkleTrie_GetAllLeavesOnChannel/should_work_for_first_leaf_but_fail_at_second_one
=== CONT  TestPatriciaMerkleTrie_GetAllLeavesOnChannel/should_work
=== RUN   TestSnapshotTrieStorageManager_AlsoAddInPreviousEpoch/epoch_is_0
=== CONT  TestPatriciaMerkleTrie_GetAllLeavesOnChannel/should_fail_on_getting_leaves
=== CONT  TestExtensionNode_getVersion/invalid_node_version
[0;33mWARN [0m[2026-03-16 10:14:40.282]   invalid trie node version for extension node [0;33mchild version[0m = 256 [0;33mmax version[0m = 255 
--- PASS: TestBranchNode_getEncodedNodeNil (0.00s)
--- PASS: TestBranchNode_resolveCollapsedPosOutOfRange (0.00s)
=== RUN   TestTrieNodesHandler_replaceParentWithChildren/test_that_the_missing_node_is_added
--- PASS: TestExtensionNode_insert (0.00s)
--- PASS: TestPatriciaMerkleTree_ProveCollapsedTrie (0.00s)
--- PASS: TestPatriciaMerkleTrie_GetOldRoot (0.00s)
--- PASS: TestPatriciaMerkleTree_CommitCollapsesTrieOk (0.00s)
--- PASS: TestPatriciaMerkleTree_GetValueReturnsTrieDepth (0.00s)
--- PASS: TestExtensionNode_getNextWrongKey (0.00s)
--- PASS: TestExtensionNode_getHash (0.00s)
--- PASS: TestExtensionNode_newExtensionNode (0.00s)
--- PASS: TestExtensionNode_getNext (0.00s)
--- PASS: TestBranchNode_hashChildrenEmptyNode (0.00s)
--- PASS: TestDoubleListTrieSyncer_StartSyncingNilContextShouldErr (0.00s)
--- PASS: TestExtensionNode_getEncodedNodeNil (0.00s)
--- PASS: TestExtensionNode_resolveCollapsedEmptyNode (0.00s)
--- PASS: TestPatriciaMerkleTrie_GetTrieStats (0.00s)
--- PASS: TestExtensionNode_getEncodedNodeEmpty (0.00s)
--- PASS: TestBranchNode_setGivenHash (0.00s)
--- PASS: TestPatriciaMerkleTrie_GetAllHashesEmtyTrie (0.00s)
--- PASS: TestExtensionNode_resolveCollapsed (0.00s)
--- PASS: TestPatriciaMerkleTree_Prove (0.00s)
--- PASS: TestBranchNode_getEncodedNode (0.00s)
--- PASS: TestDoubleListTrieSyncer_StartSyncingNilRootHashShouldReturnNil (0.00s)
--- PASS: TestPatriciaMerkleTree_VerifyProofEmptyProofs (0.00s)
--- PASS: TestExtensionNode_getEncodedNode (0.00s)
--- PASS: TestBranchNode_commitNilNode (0.00s)
--- PASS: TestPatriciaMerkleTree_VerifyProofNilProofs (0.00s)
--- PASS: TestPatriciaMerkleTrie_VerifyProofExtensionNodeWantHashShouldWork (0.00s)
--- PASS: TestExtensionNode_tryGetEmptyNode (0.00s)
--- PASS: TestBranchNode_hashChildren (0.00s)
--- PASS: TestExtensionNode_commitCollapsedNode (0.00s)
--- PASS: TestBranchNode_getCollapsedNilNode (0.00s)
--- PASS: TestNewDoubleListTrieSyncer (0.00s)
--- PASS: TestBranchNode_setHash (0.00s)
--- PASS: TestNewDoubleListTrieSyncer_InvalidParametersShouldErr (0.00s)
--- PASS: TestExtensionNode_tryGetCollapsedNode (0.00s)
--- PASS: TestExtensionNode_tryGetNilNode (0.00s)
--- PASS: TestBranchNode_getCollapsedEmptyNode (0.00s)
--- PASS: TestBranchNode_commitEmptyNode (0.00s)
--- PASS: TestDepthFirstTrieSyncer_StartSyncingNilContextShouldErr (0.00s)
--- PASS: TestPatriciaMerkleTrie_VerifyProofFromDifferentTrieShouldNotWork (0.00s)
--- PASS: TestBranchNode_getCollapsedCollapsedNode (0.00s)
--- PASS: TestBranchNode_getCollapsed (0.00s)
--- PASS: TestBranchNode_isDirty (0.00s)
--- PASS: TestBranchNode_commit (0.00s)
--- PASS: TestBranchNode_hashNodeNilNode (0.00s)
--- PASS: TestBranchNode_hashNodeEmptyNode (0.00s)
--- PASS: TestExtensionNode_commitNilNode (0.00s)
--- PASS: TestBranchNode_hashNode (0.00s)
--- PASS: TestDoubleListTrieSyncer_StartSyncingEmptyRootHashShouldReturnNil (0.00s)
--- PASS: TestPatriciaMerkleTrie_String (0.00s)
--- PASS: TestPatriciaMerkleTree_reduceBranchNodeReturnsOldHashesCorrectly (0.00s)
--- PASS: TestPatriciaMerkleTrie_GetAllHashesSetsHashes (0.00s)
--- PASS: TestDepthFirstTrieSyncer_StartSyncingEmptyRootHashShouldReturnNil (0.00s)
--- PASS: TestExtensionNode_commit (0.00s)
--- PASS: TestExtensionNode_tryGetWrongKey (0.00s)
--- PASS: TestBranchNode_hashChildrenCollapsedNode (0.00s)
--- PASS: TestPatriciaMerkleTrie_GetSerializedNodesTinyBufferShouldNotGetAllNodes (0.00s)
--- PASS: TestExtensionNode_hashNodeNilNode (0.00s)
--- PASS: TestBranchNode_setHashCollapsedNode (0.00s)
--- PASS: TestExtensionNode_tryGet (0.00s)
--- PASS: TestNewDepthFirstTrieSyncer_InvalidParametersShouldErr (0.00s)
--- PASS: TestNewDepthFirstTrieSyncer (0.00s)
--- PASS: TestBranchNode_commitContextDone (0.00s)
--- PASS: TestDepthFirstTrieSyncer_StartSyncingNilRootHashShouldReturnNil (0.00s)
--- PASS: TestBranchNode_commitSnapshotDbIsClosing (0.00s)
--- PASS: TestExtensionNode_isCollapsed (0.00s)
--- PASS: TestBranchNode_tryGetEmptyNode (0.00s)
--- PASS: TestNode_resolveIfCollapsedNilNode (0.00s)
--- PASS: TestBranchNode_SizeInBytes (0.00s)
--- PASS: TestBranchNode_getNextHashAndKeyNilNode (0.00s)
--- PASS: TestBranchNode_getValueReturnsEmptyByteSlice (0.00s)
--- PASS: TestExtensionNode_hashNodeEmptyNode (0.00s)
--- PASS: TestExtensionNode_hashNode (0.00s)
--- PASS: TestBranchNode_getAllHashes (0.00s)
--- PASS: TestBranchNode_getAllHashesResolvesCollapsed (0.00s)
--- PASS: TestBranchNode_setRootHashCollapsedNode (0.00s)
--- PASS: TestBranchNode_getDirtyHashesFromCleanNode (0.00s)
--- PASS: TestExtensionNode_hashChildrenCollapsedNode (0.00s)
--- PASS: TestExtensionNode_tryGetEmptyKey (0.00s)
--- PASS: TestBranchNode_getNextHashAndKeyNilKey (0.00s)
--- PASS: TestExtensionNode_resolveCollapsedNilNode (0.00s)
--- PASS: TestBranchNode_setHashEmptyNode (0.00s)
--- PASS: TestBranchNode_getNextHashAndKey (0.00s)
--- PASS: TestTrieStorageManager_Put (0.00s)
    --- PASS: TestTrieStorageManager_Put/closed_storage_manager_should_error (0.00s)
    --- PASS: TestTrieStorageManager_Put/should_work (0.00s)
--- PASS: TestBranchNode_setHashNilNode (0.00s)
--- PASS: TestTrieStorageManager_Close (0.00s)
    --- PASS: TestTrieStorageManager_Close/should_work (0.00s)
    --- PASS: TestTrieStorageManager_Close/error_on_main_storer_close (0.00s)
--- PASS: TestBranchNode_commitSnapshotChildIsMissingErr (0.00s)
--- PASS: TestTrieStorageManager_PutInEpochWithoutCache (0.00s)
    --- PASS: TestTrieStorageManager_PutInEpochWithoutCache/closed_storage_manager_should_error (0.00s)
    --- PASS: TestTrieStorageManager_PutInEpochWithoutCache/should_work (0.00s)
    --- PASS: TestTrieStorageManager_PutInEpochWithoutCache/main_storer_not_snapshotPruningStorer_should_error (0.00s)
=== CONT  TestPatriciaMerkleTrie_GetAllLeavesOnChannel/nil_err_chan
--- PASS: TestTrieStorageManager_Get (0.00s)
    --- PASS: TestTrieStorageManager_Get/closed_storage_manager_should_error (0.00s)
    --- PASS: TestTrieStorageManager_Get/main_storer_closing_should_error (0.00s)
    --- PASS: TestTrieStorageManager_Get/should_return_from_main_storer (0.00s)
=== CONT  TestPatriciaMerkleTrie_GetAllLeavesOnChannel/nil__trieLeafParser
=== CONT  TestPatriciaMerkleTrie_GetAllLeavesOnChannel/nil_leaves_chan
--- PASS: TestIterator_Search (0.00s)
    --- PASS: TestIterator_Search/dfs_iterator_search (0.00s)
[0;31mERROR[0m[2026-03-16 10:14:40.282]   could not get all trie leaves:           [0;31merror[0m = expected error 
[0;31mERROR[0m[2026-03-16 10:14:40.283]   could not get all trie leaves:           [0;31merror[0m = expected error 
=== CONT  TestPatriciaMerkleTrie_CollectLeavesForMigration/migrate_all_non_migrated_leaves
=== CONT  TestPatriciaMerkleTrie_CollectLeavesForMigration/migrate_to_same_version
=== CONT  TestPatriciaMerkleTrie_CollectLeavesForMigration/migrate_from_non_existent_version
=== CONT  TestPatriciaMerkleTrie_CollectLeavesForMigration/migrate_to_non_existent_version
=== CONT  TestPatriciaMerkleTrie_CollectLeavesForMigration/not_enough_gas_to_migrate_the_whole_trie
=== CONT  TestPatriciaMerkleTrie_CollectLeavesForMigration/not_enough_gas_to_load_the_whole_trie
=== CONT  TestPatriciaMerkleTrie_CollectLeavesForMigration/nil_root
=== CONT  TestPatriciaMerkleTrie_CollectLeavesForMigration/trie_partially_migrated
=== CONT  TestPatriciaMerkleTrie_CollectLeavesForMigration/data_trie_already_migrated
=== CONT  TestPatriciaMerkleTrie_CollectLeavesForMigration/nil_trie_migrator
=== CONT  TestBranchNode_getNodeData/nil_node
=== CONT  TestPatriciaMerkleTrie_CollectLeavesForMigration/migrate_collapsed_trie
=== CONT  TestBranchNode_VerifyChildrenVersionIsSetCorrectlyAfterInsertAndDelete/revert_child_from_version_1_to_0
=== CONT  TestBranchNode_VerifyChildrenVersionIsSetCorrectlyAfterInsertAndDelete/remove_migrated_child
--- PASS: TestLeafNode_getNodeData (0.00s)
    --- PASS: TestLeafNode_getNodeData/nil_node (0.00s)
    --- PASS: TestLeafNode_getNodeData/gets_data_from_child (0.00s)
=== CONT  TestBranchNode_getVersion/nil_ChildrenVersion
=== CONT  TestBranchNode_getVersion/one_child_with_autoBalanceEnabled
=== CONT  TestBranchNode_getVersion/AutoBalanceEnabled_for_all_children
=== CONT  TestBranchNode_revertChildrenVersionSliceIfNeeded/nil_ChildrenVersion_does_not_panic
=== CONT  TestBranchNode_getVersion/NotSpecified_for_all_children
--- PASS: TestPatriciaMerkleTrie_Recreate (0.00s)
    --- PASS: TestPatriciaMerkleTrie_Recreate/with_epoch_data (0.00s)
    --- PASS: TestPatriciaMerkleTrie_Recreate/nil_options (0.00s)
    --- PASS: TestPatriciaMerkleTrie_Recreate/no_epoch_data (0.00s)
=== CONT  TestBranchNode_revertChildrenVersionSliceIfNeeded/revert_is_needed
--- PASS: TestBranchNode_VerifyChildrenVersionIsSetCorrectlyAfterInsertAndDelete (0.00s)
    --- PASS: TestBranchNode_VerifyChildrenVersionIsSetCorrectlyAfterInsertAndDelete/revert_child_from_version_1_to_0 (0.00s)
    --- PASS: TestBranchNode_VerifyChildrenVersionIsSetCorrectlyAfterInsertAndDelete/remove_migrated_child (0.00s)
--- PASS: TestPatriciaMerkleTree_VerifyProof (0.00s)
=== CONT  TestBranchNode_revertChildrenVersionSliceIfNeeded/revert_is_not_needed
=== CONT  TestBranchNode_getNodeData/gets_data_from_all_non-nil_children
--- PASS: TestNodesVersion_deleteFromBn (0.00s)
    --- PASS: TestNodesVersion_deleteFromBn/delete_leaf_-_branch_does_not_reduce_-_bn_should_not_change_version (0.00s)
    --- PASS: TestNodesVersion_deleteFromBn/branch_with_extension_child_is_reduced (0.00s)
    --- PASS: TestNodesVersion_deleteFromBn/delete_leaf_-_branch_does_not_reduce_-_bn_should_change_version (0.00s)
    --- PASS: TestNodesVersion_deleteFromBn/branch_with_branch_child_is_reduced (0.00s)
    --- PASS: TestNodesVersion_deleteFromBn/branch_with_leaf_child_is_reduced (0.00s)
--- PASS: TestNewTrieStorageManagerWithoutSnapshot (0.00s)
    --- PASS: TestNewTrieStorageManagerWithoutSnapshot/should_work (0.00s)
    --- PASS: TestNewTrieStorageManagerWithoutSnapshot/nil_trie_storage_manager_should_error (0.00s)
=== CONT  TestPatriciaMerkleTrie_GetAllLeavesOnChannel/nil_keyBuilder
--- PASS: TestPatriciaMerkleTrie_IsMigrated (0.00s)
    --- PASS: TestPatriciaMerkleTrie_IsMigrated/nil_root (0.00s)
    --- PASS: TestPatriciaMerkleTrie_IsMigrated/not_migrated (0.00s)
    --- PASS: TestPatriciaMerkleTrie_IsMigrated/migrated (0.00s)
--- PASS: TestExtensionNode_getVersion (0.00s)
    --- PASS: TestExtensionNode_getVersion/AutoBalanceEnabled_version (0.00s)
    --- PASS: TestExtensionNode_getVersion/NotSpecified_version (0.00s)
    --- PASS: TestExtensionNode_getVersion/invalid_node_version (0.00s)
=== RUN   TestReplaceHashesAtPosition/1_existing_and_replace_on_first_position
=== RUN   TestSnapshotTrieStorageManager_AlsoAddInPreviousEpoch/key_is_ActiveDBKey
--- PASS: TestNewDFSIterator (0.00s)
    --- PASS: TestNewDFSIterator/nil_trie_should_error (0.00s)
    --- PASS: TestNewDFSIterator/should_work (0.00s)
--- PASS: TestTrieStorageManager_SetEpochForPutOperation (0.00s)
    --- PASS: TestTrieStorageManager_SetEpochForPutOperation/should_work (0.00s)
    --- PASS: TestTrieStorageManager_SetEpochForPutOperation/main_storer_not_epochStorer_should_early_exit (0.00s)
--- PASS: TestTrieStorageManager_ShouldTakeSnapshot (0.00s)
    --- PASS: TestTrieStorageManager_ShouldTakeSnapshot/invalid_storer_should_return_false (0.00s)
    --- PASS: TestTrieStorageManager_ShouldTakeSnapshot/different_syncVal_marker_should_return_true (0.00s)
    --- PASS: TestTrieStorageManager_ShouldTakeSnapshot/trie_synced_should_return_false (0.00s)
    --- PASS: TestTrieStorageManager_ShouldTakeSnapshot/GetFromOldEpochsWithoutAddingToCacheCalled_returns_ActiveDBVal_should_return_true (0.00s)
--- PASS: TestTreatLogError (0.00s)
    --- PASS: TestTreatLogError/logger_instance_is_not_in_Trace_mode,_should_not_call (0.00s)
    --- PASS: TestTreatLogError/logger_instance_is_in_Trace_mode,_should_call (0.00s)
--- PASS: TestExtensionNode_getNodeData (0.00s)
    --- PASS: TestExtensionNode_getNodeData/nil_node (0.00s)
    --- PASS: TestExtensionNode_getNodeData/gets_data_from_child (0.00s)
--- PASS: TestNodesVersion_insertInLn (0.00s)
    --- PASS: TestNodesVersion_insertInLn/insert_in_same_leaf_-_change_version (0.00s)
    --- PASS: TestNodesVersion_insertInLn/insert_in_leaf_-_create_new_extension (0.00s)
    --- PASS: TestNodesVersion_insertInLn/insert_in_leaf_-_create_new_branch_node (0.00s)
--- PASS: TestNewTrieStorageManager (0.00s)
    --- PASS: TestNewTrieStorageManager/nil_hasher (0.00s)
    --- PASS: TestNewTrieStorageManager/should_work (0.00s)
    --- PASS: TestNewTrieStorageManager/invalid_identifier (0.00s)
    --- PASS: TestNewTrieStorageManager/nil_marshaller (0.00s)
    --- PASS: TestNewTrieStorageManager/invalid_config_should_error (0.00s)
    --- PASS: TestNewTrieStorageManager/nil_main_storer (0.00s)
    --- PASS: TestNewTrieStorageManager/nil_idle_provider (0.00s)
=== RUN   TestTrieNodesHandler_replaceParentWithChildren/test_the_order_position
--- PASS: TestSnapshotTrieStorageManager_Get (0.00s)
    --- PASS: TestSnapshotTrieStorageManager_Get/closed_storage_manager_should_error (0.00s)
    --- PASS: TestSnapshotTrieStorageManager_Get/should_work_from_old_epochs_without_cache (0.00s)
    --- PASS: TestSnapshotTrieStorageManager_Get/GetFromOldEpochsWithoutAddingToCache_returns_db_closed_should_error (0.00s)
--- PASS: TestTrieSync_StartSyncing (0.00s)
    --- PASS: TestTrieSync_StartSyncing/nil_hash_should_return_nil (0.00s)
    --- PASS: TestTrieSync_StartSyncing/nil_context_should_error (0.00s)
    --- PASS: TestTrieSync_StartSyncing/empty_trie_hash_should_return_nil (0.00s)
    --- PASS: TestTrieSync_StartSyncing/closed_context_should_error (0.00s)
--- PASS: TestNodesVersion_insertInBn (0.00s)
    --- PASS: TestNodesVersion_insertInBn/insert_in_branch_node_on_nil_child_-_same_version (0.00s)
    --- PASS: TestNodesVersion_insertInBn/insert_in_branch_node_on_existing_child_-_change_version (0.00s)
    --- PASS: TestNodesVersion_insertInBn/insert_in_branch_node_on_existing_child_-_same_version (0.00s)
    --- PASS: TestNodesVersion_insertInBn/insert_in_branch_node_on_nil_child_-_change_version (0.00s)
--- PASS: TestSnapshotTrieStorageManager_GetFromLastEpoch (0.00s)
    --- PASS: TestSnapshotTrieStorageManager_GetFromLastEpoch/closed_storage_manager_should_error (0.00s)
    --- PASS: TestSnapshotTrieStorageManager_GetFromLastEpoch/should_work (0.00s)
--- PASS: TestSnapshotTrieStorageManager_Put (0.00s)
    --- PASS: TestSnapshotTrieStorageManager_Put/closed_storage_manager_should_error (0.00s)
    --- PASS: TestSnapshotTrieStorageManager_Put/should_work (0.00s)
--- PASS: TestTrieNodesHandler_replaceParentWithChildren (0.01s)
    --- PASS: TestTrieNodesHandler_replaceParentWithChildren/test_the_initial_roothash_is_deleted (0.00s)
    --- PASS: TestTrieNodesHandler_replaceParentWithChildren/test_that_the_2_existing_nodes_are_added (0.00s)
    --- PASS: TestTrieNodesHandler_replaceParentWithChildren/test_that_the_missing_node_is_added (0.00s)
    --- PASS: TestTrieNodesHandler_replaceParentWithChildren/test_the_order_position (0.00s)
=== RUN   TestReplaceHashesAtPosition/1_existing_and_replace_on_an_out_of_bound_position
--- PASS: TestTrieStorageManagerInEpoch_GetFromEpoch (0.00s)
    --- PASS: TestTrieStorageManagerInEpoch_GetFromEpoch/epoch_0_does_not_panic (0.00s)
    --- PASS: TestTrieStorageManagerInEpoch_GetFromEpoch/other_error_should_work (0.00s)
    --- PASS: TestTrieStorageManagerInEpoch_GetFromEpoch/getFromEpoch_searches_more_storers (0.00s)
    --- PASS: TestTrieStorageManagerInEpoch_GetFromEpoch/closed_storage_manager_should_error (0.00s)
    --- PASS: TestTrieStorageManagerInEpoch_GetFromEpoch/closing_error_should_work (0.00s)
--- PASS: Test_treatCommitSnapshotErr (0.00s)
    --- PASS: Test_treatCommitSnapshotErr/nil_err (0.00s)
    --- PASS: Test_treatCommitSnapshotErr/child_is_missing (0.00s)
    --- PASS: Test_treatCommitSnapshotErr/is_closing_err (0.00s)
    --- PASS: Test_treatCommitSnapshotErr/err_is_not_of_type_GetNodeFromDBError (0.00s)
--- PASS: TestNodesVersion_insertInEn (0.00s)
    --- PASS: TestNodesVersion_insertInEn/insert_in_same_extension_node_-_change_version (0.00s)
    --- PASS: TestNodesVersion_insertInEn/insert_in_extension_node_-_create_new_branch_with_following_extension_node_-_do_not_change_version (0.00s)
    --- PASS: TestNodesVersion_insertInEn/insert_in_extension_node_-_create_new_extension_and_branch_-_do_not_change_version (0.00s)
    --- PASS: TestNodesVersion_insertInEn/insert_in_extension_node_-_create_new_branch_with_following_extension_node_-_change_version (0.00s)
    --- PASS: TestNodesVersion_insertInEn/insert_in_extension_node_-_create_new_branch_-_change_version (0.00s)
    --- PASS: TestNodesVersion_insertInEn/insert_in_extension_node_-_create_new_extension_and_branch_-_change_version (0.00s)
    --- PASS: TestNodesVersion_insertInEn/insert_in_extension_node_-_create_new_branch_-_do_not_change_version (0.00s)
--- PASS: TestNewSnapshotTrieStorageManager_GetFromCurrentEpoch (0.00s)
    --- PASS: TestNewSnapshotTrieStorageManager_GetFromCurrentEpoch/closed_storage_manager_should_error (0.00s)
    --- PASS: TestNewSnapshotTrieStorageManager_GetFromCurrentEpoch/main_storer_not_snapshotPruningStorer_should_error (0.00s)
    --- PASS: TestNewSnapshotTrieStorageManager_GetFromCurrentEpoch/should_work (0.00s)
=== RUN   TestReplaceHashesAtPosition/1_existing_and_replace_with_empty
--- PASS: TestTrieStorageManager_Remove (0.00s)
    --- PASS: TestTrieStorageManager_Remove/main_storer_not_snapshotPruningStorer_should_call_remove (0.00s)
    --- PASS: TestTrieStorageManager_Remove/should_work (0.00s)
--- PASS: TestNewTrieSyncer (0.00s)
    --- PASS: TestNewTrieSyncer/nil_request_handler (0.00s)
    --- PASS: TestNewTrieSyncer/should_work (0.00s)
    --- PASS: TestNewTrieSyncer/nil_timeout_handler (0.00s)
    --- PASS: TestNewTrieSyncer/nil_marshalizer (0.00s)
    --- PASS: TestNewTrieSyncer/nil_database (0.00s)
    --- PASS: TestNewTrieSyncer/invalid_max_hard_capacity_for_missing_nodes (0.00s)
    --- PASS: TestNewTrieSyncer/nil_hasher (0.00s)
    --- PASS: TestNewTrieSyncer/nil_intercepted_nodes (0.00s)
    --- PASS: TestNewTrieSyncer/empty_topic_should_fail (0.00s)
    --- PASS: TestNewTrieSyncer/nil_trie_statistics (0.00s)
=== RUN   TestReplaceHashesAtPosition/2_existing_and_replace_on_first_position
--- PASS: TestNodesVersion_deleteFromEn (0.00s)
    --- PASS: TestNodesVersion_deleteFromEn/new_child_is_leaf_node_-_change_version (0.00s)
    --- PASS: TestNodesVersion_deleteFromEn/new_child_is_branch_node_-_same_version (0.00s)
    --- PASS: TestNodesVersion_deleteFromEn/new_child_is_extension_node_-_same_version (0.00s)
    --- PASS: TestNodesVersion_deleteFromEn/new_child_is_extension_node_-_change_version (0.00s)
    --- PASS: TestNodesVersion_deleteFromEn/new_child_is_branch_node_-_change_version (0.00s)
    --- PASS: TestNodesVersion_deleteFromEn/new_child_is_leaf_node_-_same_version (0.00s)
--- PASS: TestBranchNode_getVersion (0.00s)
    --- PASS: TestBranchNode_getVersion/nil_ChildrenVersion (0.00s)
    --- PASS: TestBranchNode_getVersion/AutoBalanceEnabled_for_all_children (0.00s)
    --- PASS: TestBranchNode_getVersion/one_child_with_autoBalanceEnabled (0.00s)
    --- PASS: TestBranchNode_getVersion/NotSpecified_for_all_children (0.00s)
--- PASS: TestBranchNode_getNodeData (0.00s)
    --- PASS: TestBranchNode_getNodeData/nil_node (0.00s)
    --- PASS: TestBranchNode_getNodeData/gets_data_from_all_non-nil_children (0.00s)
--- PASS: TestPatriciaMerkleTrie_CollectLeavesForMigration (0.00s)
    --- PASS: TestPatriciaMerkleTrie_CollectLeavesForMigration/migrate_all_non_migrated_leaves (0.00s)
    --- PASS: TestPatriciaMerkleTrie_CollectLeavesForMigration/migrate_to_same_version (0.00s)
    --- PASS: TestPatriciaMerkleTrie_CollectLeavesForMigration/migrate_from_non_existent_version (0.00s)
    --- PASS: TestPatriciaMerkleTrie_CollectLeavesForMigration/migrate_to_non_existent_version (0.00s)
    --- PASS: TestPatriciaMerkleTrie_CollectLeavesForMigration/not_enough_gas_to_migrate_the_whole_trie (0.00s)
    --- PASS: TestPatriciaMerkleTrie_CollectLeavesForMigration/not_enough_gas_to_load_the_whole_trie (0.00s)
    --- PASS: TestPatriciaMerkleTrie_CollectLeavesForMigration/nil_root (0.00s)
    --- PASS: TestPatriciaMerkleTrie_CollectLeavesForMigration/trie_partially_migrated (0.00s)
    --- PASS: TestPatriciaMerkleTrie_CollectLeavesForMigration/data_trie_already_migrated (0.00s)
    --- PASS: TestPatriciaMerkleTrie_CollectLeavesForMigration/nil_trie_migrator (0.00s)
    --- PASS: TestPatriciaMerkleTrie_CollectLeavesForMigration/migrate_collapsed_trie (0.00s)
=== RUN   TestReplaceHashesAtPosition/2_existing_and_replace_on_second_position
--- PASS: TestBranchNode_revertChildrenVersionSliceIfNeeded (0.00s)
    --- PASS: TestBranchNode_revertChildrenVersionSliceIfNeeded/nil_ChildrenVersion_does_not_panic (0.00s)
    --- PASS: TestBranchNode_revertChildrenVersionSliceIfNeeded/revert_is_needed (0.00s)
    --- PASS: TestBranchNode_revertChildrenVersionSliceIfNeeded/revert_is_not_needed (0.00s)
=== RUN   TestSnapshotTrieStorageManager_AlsoAddInPreviousEpoch/key_is_TrieSyncedKey
=== RUN   TestReplaceHashesAtPosition/2_existing_and_replace_on_an_out_of_bound_position
=== RUN   TestReplaceHashesAtPosition/2_existing_and_replace_with_empty
=== RUN   TestSnapshotTrieStorageManager_AlsoAddInPreviousEpoch/add_in_previous_epoch
=== RUN   TestReplaceHashesAtPosition/3_existing_and_replace_on_first_position
--- PASS: TestLeafNode_getVersion (0.00s)
    --- PASS: TestLeafNode_getVersion/AutoBalanceEnabled_version (0.00s)
    --- PASS: TestLeafNode_getVersion/NotSpecified_version (0.00s)
    --- PASS: TestLeafNode_getVersion/invalid_node_version (0.00s)
[0;33mWARN [0m[2026-03-16 10:14:40.283]   can not put in epoch                     [0;33merror[0m = error for coverage only [0;33mepoch[0m = 4 
--- PASS: TestPatriciaMerkleTrie_GetAllLeavesOnChannel (0.00s)
    --- PASS: TestPatriciaMerkleTrie_GetAllLeavesOnChannel/nil_trie_iterator_channels (0.00s)
    --- PASS: TestPatriciaMerkleTrie_GetAllLeavesOnChannel/empty_trie (0.00s)
    --- PASS: TestPatriciaMerkleTrie_GetAllLeavesOnChannel/should_work (0.00s)
    --- PASS: TestPatriciaMerkleTrie_GetAllLeavesOnChannel/nil_err_chan (0.00s)
    --- PASS: TestPatriciaMerkleTrie_GetAllLeavesOnChannel/nil__trieLeafParser (0.00s)
    --- PASS: TestPatriciaMerkleTrie_GetAllLeavesOnChannel/nil_leaves_chan (0.00s)
    --- PASS: TestPatriciaMerkleTrie_GetAllLeavesOnChannel/should_work_for_first_leaf_but_fail_at_second_one (0.00s)
    --- PASS: TestPatriciaMerkleTrie_GetAllLeavesOnChannel/should_fail_on_getting_leaves (0.00s)
    --- PASS: TestPatriciaMerkleTrie_GetAllLeavesOnChannel/nil_keyBuilder (0.00s)
=== RUN   TestReplaceHashesAtPosition/3_existing_and_replace_on_second_position
--- PASS: TestSnapshotTrieStorageManager_AlsoAddInPreviousEpoch (0.01s)
    --- PASS: TestSnapshotTrieStorageManager_AlsoAddInPreviousEpoch/HasValue_is_false (0.00s)
    --- PASS: TestSnapshotTrieStorageManager_AlsoAddInPreviousEpoch/epoch_is_previous_epoch (0.00s)
    --- PASS: TestSnapshotTrieStorageManager_AlsoAddInPreviousEpoch/epoch_is_0 (0.00s)
    --- PASS: TestSnapshotTrieStorageManager_AlsoAddInPreviousEpoch/key_is_ActiveDBKey (0.00s)
    --- PASS: TestSnapshotTrieStorageManager_AlsoAddInPreviousEpoch/key_is_TrieSyncedKey (0.00s)
    --- PASS: TestSnapshotTrieStorageManager_AlsoAddInPreviousEpoch/add_in_previous_epoch (0.00s)
=== RUN   TestReplaceHashesAtPosition/3_existing_and_replace_on_third_position
=== RUN   TestReplaceHashesAtPosition/3_existing_and_replace_on_an_out_of_bound_position
=== RUN   TestReplaceHashesAtPosition/3_existing_and_replace_with_empty
=== RUN   TestReplaceHashesAtPosition/3_existing_and_replace_with_empty_on_second_position
=== RUN   TestReplaceHashesAtPosition/3_existing_and_replace_with_empty_on_third_position
--- PASS: TestReplaceHashesAtPosition (0.01s)
    --- PASS: TestReplaceHashesAtPosition/empty_initial (0.00s)
    --- PASS: TestReplaceHashesAtPosition/empty_initial_with_index_out_of_bound (0.00s)
    --- PASS: TestReplaceHashesAtPosition/empty_initial_provided_data (0.00s)
    --- PASS: TestReplaceHashesAtPosition/1_existing_and_replace_on_first_position (0.00s)
    --- PASS: TestReplaceHashesAtPosition/1_existing_and_replace_on_an_out_of_bound_position (0.00s)
    --- PASS: TestReplaceHashesAtPosition/1_existing_and_replace_with_empty (0.00s)
    --- PASS: TestReplaceHashesAtPosition/2_existing_and_replace_on_first_position (0.00s)
    --- PASS: TestReplaceHashesAtPosition/2_existing_and_replace_on_second_position (0.00s)
    --- PASS: TestReplaceHashesAtPosition/2_existing_and_replace_on_an_out_of_bound_position (0.00s)
    --- PASS: TestReplaceHashesAtPosition/2_existing_and_replace_with_empty (0.00s)
    --- PASS: TestReplaceHashesAtPosition/3_existing_and_replace_on_first_position (0.00s)
    --- PASS: TestReplaceHashesAtPosition/3_existing_and_replace_on_second_position (0.00s)
    --- PASS: TestReplaceHashesAtPosition/3_existing_and_replace_on_third_position (0.00s)
    --- PASS: TestReplaceHashesAtPosition/3_existing_and_replace_on_an_out_of_bound_position (0.00s)
    --- PASS: TestReplaceHashesAtPosition/3_existing_and_replace_with_empty (0.00s)
    --- PASS: TestReplaceHashesAtPosition/3_existing_and_replace_with_empty_on_second_position (0.00s)
    --- PASS: TestReplaceHashesAtPosition/3_existing_and_replace_with_empty_on_third_position (0.00s)
--- PASS: TestPatriciaMerkleTrie_ConcurrentOperations (0.02s)
--- PASS: TestPatriciaMerkleTree_Get (0.03s)
--- PASS: TestBranchNode_setRootHash (0.07s)
--- PASS: TestPatriciaMerkleTrie_GetAndVerifyProof (0.16s)
--- PASS: TestWriteInChanNonBlocking (0.00s)
    --- PASS: TestWriteInChanNonBlocking/buffered_(two_elements),_empty_chan_should_add (0.00s)
    --- PASS: TestWriteInChanNonBlocking/buffered_(2_elements),_full_chan_should_not_add,_but_should_finish (0.00s)
    --- PASS: TestWriteInChanNonBlocking/unbuffered,_no_reader_should_skip (0.00s)
    --- PASS: TestWriteInChanNonBlocking/buffered_(one_element),_empty_chan_should_add (0.00s)
    --- PASS: TestWriteInChanNonBlocking/buffered_(1_element),_full_chan_should_not_add,_but_should_finish (0.00s)
    --- PASS: TestWriteInChanNonBlocking/unbuffered,_reader_has_been_set_up,_should_add (1.00s)
--- PASS: TestShouldStopIfContextDoneBlockingIfBusy (0.00s)
    --- PASS: TestShouldStopIfContextDoneBlockingIfBusy/context_done (0.00s)
    --- PASS: TestShouldStopIfContextDoneBlockingIfBusy/wait_until_idle (1.00s)
--- PASS: TestPatriciaMerkleTrie_GetSerializedNodesShouldSerializeTheCalls (1.16s)
--- PASS: TestTrieSync_InterceptedNodeTimedOut (2.00s)
PASS
ok  	github.com/TerraDharitri/drt-go-chain/trie	(cached)
=== RUN   TestNewTrieNodeFactory
=== PAUSE TestNewTrieNodeFactory
=== RUN   TestTrieNodeFactory_CreateEmpty
=== PAUSE TestTrieNodeFactory_CreateEmpty
=== RUN   TestNewTrieFactory_NilMarshalizerShouldErr
=== PAUSE TestNewTrieFactory_NilMarshalizerShouldErr
=== RUN   TestNewTrieFactory_NilHasherShouldErr
=== PAUSE TestNewTrieFactory_NilHasherShouldErr
=== RUN   TestNewTrieFactory_NilPathManagerShouldErr
=== PAUSE TestNewTrieFactory_NilPathManagerShouldErr
=== RUN   TestNewTrieFactory_ShouldWork
=== PAUSE TestNewTrieFactory_ShouldWork
=== RUN   TestTrieFactory_CreateWithoutPruningShouldWork
=== PAUSE TestTrieFactory_CreateWithoutPruningShouldWork
=== RUN   TestTrieCreator_CreateWithPruningShouldWork
=== PAUSE TestTrieCreator_CreateWithPruningShouldWork
=== RUN   TestTrieCreator_CreateWithoutSnapshotsShouldWork
=== PAUSE TestTrieCreator_CreateWithoutSnapshotsShouldWork
=== RUN   TestTrieCreator_CreateWithNilMainStorerShouldErr
=== PAUSE TestTrieCreator_CreateWithNilMainStorerShouldErr
=== RUN   TestTrieCreator_CreateWithInvalidMaxTrieLevelInMemShouldErr
=== PAUSE TestTrieCreator_CreateWithInvalidMaxTrieLevelInMemShouldErr
=== RUN   TestTrieCreator_CreateTriesComponentsForShardId
=== PAUSE TestTrieCreator_CreateTriesComponentsForShardId
=== CONT  TestNewTrieNodeFactory
--- PASS: TestNewTrieNodeFactory (0.00s)
=== CONT  TestTrieCreator_CreateTriesComponentsForShardId
=== RUN   TestTrieCreator_CreateTriesComponentsForShardId/missing_UserAccountsUnit
=== PAUSE TestTrieCreator_CreateTriesComponentsForShardId/missing_UserAccountsUnit
=== RUN   TestTrieCreator_CreateTriesComponentsForShardId/missing_PeerAccountsUnit
=== PAUSE TestTrieCreator_CreateTriesComponentsForShardId/missing_PeerAccountsUnit
=== RUN   TestTrieCreator_CreateTriesComponentsForShardId/should_work
=== PAUSE TestTrieCreator_CreateTriesComponentsForShardId/should_work
=== CONT  TestTrieCreator_CreateTriesComponentsForShardId/missing_UserAccountsUnit
=== CONT  TestTrieCreator_CreateWithInvalidMaxTrieLevelInMemShouldErr
--- PASS: TestTrieCreator_CreateWithInvalidMaxTrieLevelInMemShouldErr (0.00s)
=== CONT  TestTrieCreator_CreateWithNilMainStorerShouldErr
--- PASS: TestTrieCreator_CreateWithNilMainStorerShouldErr (0.00s)
=== CONT  TestTrieCreator_CreateWithoutSnapshotsShouldWork
--- PASS: TestTrieCreator_CreateWithoutSnapshotsShouldWork (0.00s)
=== CONT  TestTrieCreator_CreateWithPruningShouldWork
--- PASS: TestTrieCreator_CreateWithPruningShouldWork (0.00s)
=== CONT  TestTrieFactory_CreateWithoutPruningShouldWork
--- PASS: TestTrieFactory_CreateWithoutPruningShouldWork (0.00s)
=== CONT  TestNewTrieFactory_ShouldWork
--- PASS: TestNewTrieFactory_ShouldWork (0.00s)
=== CONT  TestNewTrieFactory_NilPathManagerShouldErr
--- PASS: TestNewTrieFactory_NilPathManagerShouldErr (0.00s)
=== CONT  TestNewTrieFactory_NilHasherShouldErr
--- PASS: TestNewTrieFactory_NilHasherShouldErr (0.00s)
=== CONT  TestNewTrieFactory_NilMarshalizerShouldErr
--- PASS: TestNewTrieFactory_NilMarshalizerShouldErr (0.00s)
=== CONT  TestTrieNodeFactory_CreateEmpty
--- PASS: TestTrieNodeFactory_CreateEmpty (0.00s)
=== CONT  TestTrieCreator_CreateTriesComponentsForShardId/should_work
=== CONT  TestTrieCreator_CreateTriesComponentsForShardId/missing_PeerAccountsUnit
--- PASS: TestTrieCreator_CreateTriesComponentsForShardId (0.00s)
    --- PASS: TestTrieCreator_CreateTriesComponentsForShardId/missing_UserAccountsUnit (0.00s)
    --- PASS: TestTrieCreator_CreateTriesComponentsForShardId/should_work (0.00s)
    --- PASS: TestTrieCreator_CreateTriesComponentsForShardId/missing_PeerAccountsUnit (0.00s)
PASS
ok  	github.com/TerraDharitri/drt-go-chain/trie/factory	(cached)
=== RUN   TestDisabledKeyBuilder
=== PAUSE TestDisabledKeyBuilder
=== RUN   TestKeyBuilder_Clone
=== PAUSE TestKeyBuilder_Clone
=== RUN   TestHexToTrieKeyBytes
=== PAUSE TestHexToTrieKeyBytes
=== RUN   TestHexToTrieKeyBytesInvalidLength
=== PAUSE TestHexToTrieKeyBytesInvalidLength
=== CONT  TestDisabledKeyBuilder
--- PASS: TestDisabledKeyBuilder (0.00s)
=== CONT  TestHexToTrieKeyBytesInvalidLength
--- PASS: TestHexToTrieKeyBytesInvalidLength (0.00s)
=== CONT  TestHexToTrieKeyBytes
--- PASS: TestHexToTrieKeyBytes (0.00s)
=== CONT  TestKeyBuilder_Clone
--- PASS: TestKeyBuilder_Clone (0.00s)
PASS
ok  	github.com/TerraDharitri/drt-go-chain/trie/keyBuilder	(cached)
=== RUN   TestNewLeavesRetriever
=== PAUSE TestNewLeavesRetriever
=== RUN   TestLeavesRetriever_GetLeaves
=== PAUSE TestLeavesRetriever_GetLeaves
=== CONT  TestNewLeavesRetriever
=== RUN   TestNewLeavesRetriever/nil_db
=== PAUSE TestNewLeavesRetriever/nil_db
=== CONT  TestLeavesRetriever_GetLeaves
=== RUN   TestNewLeavesRetriever/nil_marshaller
=== PAUSE TestNewLeavesRetriever/nil_marshaller
=== RUN   TestNewLeavesRetriever/nil_hasher
=== PAUSE TestNewLeavesRetriever/nil_hasher
=== RUN   TestNewLeavesRetriever/new_leaves_retriever
=== PAUSE TestNewLeavesRetriever/new_leaves_retriever
=== CONT  TestNewLeavesRetriever/nil_db
=== CONT  TestNewLeavesRetriever/new_leaves_retriever
=== CONT  TestNewLeavesRetriever/nil_hasher
=== CONT  TestNewLeavesRetriever/nil_marshaller
--- PASS: TestNewLeavesRetriever (0.00s)
    --- PASS: TestNewLeavesRetriever/nil_db (0.00s)
    --- PASS: TestNewLeavesRetriever/new_leaves_retriever (0.00s)
    --- PASS: TestNewLeavesRetriever/nil_hasher (0.00s)
    --- PASS: TestNewLeavesRetriever/nil_marshaller (0.00s)
--- PASS: TestLeavesRetriever_GetLeaves (0.00s)
PASS
ok  	github.com/TerraDharitri/drt-go-chain/trie/leavesRetriever	(cached)
=== RUN   TestNewIterator
=== PAUSE TestNewIterator
=== RUN   TestDfsIterator_GetLeaves
=== PAUSE TestDfsIterator_GetLeaves
=== RUN   TestDfsIterator_GetIteratorState
=== PAUSE TestDfsIterator_GetIteratorState
=== RUN   TestDfsIterator_FinishedIteration
=== PAUSE TestDfsIterator_FinishedIteration
=== CONT  TestNewIterator
=== RUN   TestNewIterator/nil_db
=== PAUSE TestNewIterator/nil_db
=== RUN   TestNewIterator/nil_marshaller
=== PAUSE TestNewIterator/nil_marshaller
=== RUN   TestNewIterator/nil_hasher
=== PAUSE TestNewIterator/nil_hasher
=== RUN   TestNewIterator/empty_initial_state
=== PAUSE TestNewIterator/empty_initial_state
=== RUN   TestNewIterator/invalid_initial_state
=== PAUSE TestNewIterator/invalid_initial_state
=== RUN   TestNewIterator/should_work
=== PAUSE TestNewIterator/should_work
=== CONT  TestNewIterator/nil_db
=== CONT  TestDfsIterator_FinishedIteration
=== CONT  TestDfsIterator_GetIteratorState
=== CONT  TestDfsIterator_GetLeaves
=== RUN   TestDfsIterator_GetLeaves/context_done_returns_retrieved_leaves_and_saves_iterator_state
=== PAUSE TestDfsIterator_GetLeaves/context_done_returns_retrieved_leaves_and_saves_iterator_state
=== RUN   TestDfsIterator_GetLeaves/finishes_iteration_returns_retrieved_leaves
=== PAUSE TestDfsIterator_GetLeaves/finishes_iteration_returns_retrieved_leaves
=== RUN   TestDfsIterator_GetLeaves/num_leaves_reached_returns_retrieved_leaves_and_saves_iterator_context
=== PAUSE TestDfsIterator_GetLeaves/num_leaves_reached_returns_retrieved_leaves_and_saves_iterator_context
=== RUN   TestDfsIterator_GetLeaves/num_leaves_0_iterates_until_maxSize_reached
=== PAUSE TestDfsIterator_GetLeaves/num_leaves_0_iterates_until_maxSize_reached
=== RUN   TestDfsIterator_GetLeaves/max_size_reached_returns_retrieved_leaves_and_saves_iterator_context
=== PAUSE TestDfsIterator_GetLeaves/max_size_reached_returns_retrieved_leaves_and_saves_iterator_context
=== RUN   TestDfsIterator_GetLeaves/retrieve_all_leaves_in_multiple_calls
=== PAUSE TestDfsIterator_GetLeaves/retrieve_all_leaves_in_multiple_calls
=== RUN   TestDfsIterator_GetLeaves/retrieve_leaves_with_nil_context_does_not_panic
=== PAUSE TestDfsIterator_GetLeaves/retrieve_leaves_with_nil_context_does_not_panic
=== CONT  TestDfsIterator_GetLeaves/context_done_returns_retrieved_leaves_and_saves_iterator_state
=== CONT  TestNewIterator/should_work
=== CONT  TestDfsIterator_GetLeaves/finishes_iteration_returns_retrieved_leaves
=== CONT  TestDfsIterator_GetLeaves/retrieve_leaves_with_nil_context_does_not_panic
=== CONT  TestNewIterator/invalid_initial_state
=== CONT  TestNewIterator/empty_initial_state
=== CONT  TestDfsIterator_GetLeaves/num_leaves_reached_returns_retrieved_leaves_and_saves_iterator_context
--- PASS: TestDfsIterator_GetIteratorState (0.00s)
=== CONT  TestNewIterator/nil_hasher
=== CONT  TestDfsIterator_GetLeaves/max_size_reached_returns_retrieved_leaves_and_saves_iterator_context
=== CONT  TestDfsIterator_GetLeaves/num_leaves_0_iterates_until_maxSize_reached
=== CONT  TestNewIterator/nil_marshaller
--- PASS: TestNewIterator (0.00s)
    --- PASS: TestNewIterator/nil_db (0.00s)
    --- PASS: TestNewIterator/should_work (0.00s)
    --- PASS: TestNewIterator/invalid_initial_state (0.00s)
    --- PASS: TestNewIterator/empty_initial_state (0.00s)
    --- PASS: TestNewIterator/nil_hasher (0.00s)
    --- PASS: TestNewIterator/nil_marshaller (0.00s)
=== CONT  TestDfsIterator_GetLeaves/retrieve_all_leaves_in_multiple_calls
--- PASS: TestDfsIterator_FinishedIteration (0.00s)
--- PASS: TestDfsIterator_GetLeaves (0.00s)
    --- PASS: TestDfsIterator_GetLeaves/retrieve_leaves_with_nil_context_does_not_panic (0.00s)
    --- PASS: TestDfsIterator_GetLeaves/max_size_reached_returns_retrieved_leaves_and_saves_iterator_context (0.00s)
    --- PASS: TestDfsIterator_GetLeaves/num_leaves_0_iterates_until_maxSize_reached (0.00s)
    --- PASS: TestDfsIterator_GetLeaves/retrieve_all_leaves_in_multiple_calls (0.01s)
    --- PASS: TestDfsIterator_GetLeaves/num_leaves_reached_returns_retrieved_leaves_and_saves_iterator_context (0.01s)
    --- PASS: TestDfsIterator_GetLeaves/finishes_iteration_returns_retrieved_leaves (0.01s)
    --- PASS: TestDfsIterator_GetLeaves/context_done_returns_retrieved_leaves_and_saves_iterator_state (0.01s)
PASS
ok  	github.com/TerraDharitri/drt-go-chain/trie/leavesRetriever/dfsTrieIterator	(cached)
=== RUN   TestBaseNodeData
=== PAUSE TestBaseNodeData
=== RUN   TestNewIntermediaryNodeData
=== PAUSE TestNewIntermediaryNodeData
=== RUN   TestIntermediaryNodeData
=== PAUSE TestIntermediaryNodeData
=== RUN   TestNewLeafNodeData
=== PAUSE TestNewLeafNodeData
=== RUN   TestLeafNodeData
=== PAUSE TestLeafNodeData
=== CONT  TestBaseNodeData
=== RUN   TestBaseNodeData/empty_base_node_data
=== PAUSE TestBaseNodeData/empty_base_node_data
=== RUN   TestBaseNodeData/base_node_data_with_data
=== PAUSE TestBaseNodeData/base_node_data_with_data
=== CONT  TestBaseNodeData/empty_base_node_data
=== CONT  TestLeafNodeData
--- PASS: TestLeafNodeData (0.00s)
=== CONT  TestNewLeafNodeData
--- PASS: TestNewLeafNodeData (0.00s)
=== CONT  TestIntermediaryNodeData
--- PASS: TestIntermediaryNodeData (0.00s)
=== CONT  TestNewIntermediaryNodeData
--- PASS: TestNewIntermediaryNodeData (0.00s)
=== CONT  TestBaseNodeData/base_node_data_with_data
--- PASS: TestBaseNodeData (0.00s)
    --- PASS: TestBaseNodeData/empty_base_node_data (0.00s)
    --- PASS: TestBaseNodeData/base_node_data_with_data (0.00s)
PASS
ok  	github.com/TerraDharitri/drt-go-chain/trie/leavesRetriever/trieNodeData	(cached)
=== RUN   TestSnapshotStatistics_Add
=== PAUSE TestSnapshotStatistics_Add
=== RUN   TestGetNumTriesByTypeString
=== PAUSE TestGetNumTriesByTypeString
=== RUN   TestTrieStatistics_AddBranchNode
=== PAUSE TestTrieStatistics_AddBranchNode
=== RUN   TestTrieStatistics_AddExtensionNode
=== PAUSE TestTrieStatistics_AddExtensionNode
=== RUN   TestTrieStatistics_AddLeafNode
=== PAUSE TestTrieStatistics_AddLeafNode
=== RUN   TestTrieStatistics_AddAccountInfo
=== PAUSE TestTrieStatistics_AddAccountInfo
=== RUN   TestTrieStatistics_GetTrieStats
=== PAUSE TestTrieStatistics_GetTrieStats
=== RUN   TestTrieStatistics_MergeTriesStatistics
=== PAUSE TestTrieStatistics_MergeTriesStatistics
=== RUN   TestNewTrieSyncStatistics_ShouldWork
=== PAUSE TestNewTrieSyncStatistics_ShouldWork
=== RUN   TestTrieSyncStatistics_Processed
=== PAUSE TestTrieSyncStatistics_Processed
=== RUN   TestTrieSyncStatistics_Missing
=== PAUSE TestTrieSyncStatistics_Missing
=== RUN   TestTrieSyncStatistics_Large
=== PAUSE TestTrieSyncStatistics_Large
=== RUN   TestTrieSyncStatistics_BytesReceived
=== PAUSE TestTrieSyncStatistics_BytesReceived
=== RUN   TestTrieSyncStatistics_IncrementIteration
=== PAUSE TestTrieSyncStatistics_IncrementIteration
=== RUN   TestTrieSyncStatistics_AddProcessingTime
=== PAUSE TestTrieSyncStatistics_AddProcessingTime
=== RUN   TestParallelOperationsShouldNotPanic
=== PAUSE TestParallelOperationsShouldNotPanic
=== CONT  TestSnapshotStatistics_Add
[0;33mWARN [0m[2026-03-16 10:14:17.711]   programming error, nil trie stats received 
=== CONT  TestTrieStatistics_AddLeafNode
--- PASS: TestTrieStatistics_AddLeafNode (0.00s)
=== CONT  TestNewTrieSyncStatistics_ShouldWork
--- PASS: TestNewTrieSyncStatistics_ShouldWork (0.00s)
=== CONT  TestParallelOperationsShouldNotPanic
=== CONT  TestTrieSyncStatistics_AddProcessingTime
=== RUN   TestTrieSyncStatistics_AddProcessingTime/one_go_routine
=== RUN   TestTrieSyncStatistics_AddProcessingTime/more_go_routines
=== CONT  TestTrieSyncStatistics_IncrementIteration
--- PASS: TestTrieSyncStatistics_IncrementIteration (0.00s)
=== CONT  TestTrieSyncStatistics_BytesReceived
--- PASS: TestTrieSyncStatistics_BytesReceived (0.00s)
=== CONT  TestTrieSyncStatistics_Large
--- PASS: TestTrieSyncStatistics_Large (0.00s)
=== CONT  TestTrieSyncStatistics_Missing
--- PASS: TestTrieSyncStatistics_Missing (0.00s)
=== CONT  TestTrieSyncStatistics_Processed
--- PASS: TestTrieSyncStatistics_Processed (0.00s)
=== CONT  TestTrieStatistics_GetTrieStats
--- PASS: TestTrieStatistics_GetTrieStats (0.00s)
=== CONT  TestTrieStatistics_MergeTriesStatistics
--- PASS: TestTrieStatistics_MergeTriesStatistics (0.00s)
=== CONT  TestTrieStatistics_AddAccountInfo
--- PASS: TestTrieStatistics_AddAccountInfo (0.00s)
=== CONT  TestTrieStatistics_AddBranchNode
--- PASS: TestTrieStatistics_AddBranchNode (0.00s)
=== CONT  TestTrieStatistics_AddExtensionNode
--- PASS: TestTrieStatistics_AddExtensionNode (0.00s)
=== CONT  TestGetNumTriesByTypeString
--- PASS: TestGetNumTriesByTypeString (0.00s)
--- PASS: TestTrieSyncStatistics_AddProcessingTime (0.01s)
    --- PASS: TestTrieSyncStatistics_AddProcessingTime/one_go_routine (0.00s)
    --- PASS: TestTrieSyncStatistics_AddProcessingTime/more_go_routines (0.01s)
--- PASS: TestParallelOperationsShouldNotPanic (0.01s)
--- PASS: TestSnapshotStatistics_Add (0.02s)
PASS
ok  	github.com/TerraDharitri/drt-go-chain/trie/statistics	(cached)
=== RUN   TestDisabledStorageMarker_MarkStorerAsSyncedAndActive
=== PAUSE TestDisabledStorageMarker_MarkStorerAsSyncedAndActive
=== RUN   TestTrieStorageMarker_MarkStorerAsSyncedAndActive
=== PAUSE TestTrieStorageMarker_MarkStorerAsSyncedAndActive
=== CONT  TestDisabledStorageMarker_MarkStorerAsSyncedAndActive
--- PASS: TestDisabledStorageMarker_MarkStorerAsSyncedAndActive (0.00s)
=== CONT  TestTrieStorageMarker_MarkStorerAsSyncedAndActive
=== RUN   TestTrieStorageMarker_MarkStorerAsSyncedAndActive/all_operations_error_should_work
=== PAUSE TestTrieStorageMarker_MarkStorerAsSyncedAndActive/all_operations_error_should_work
=== RUN   TestTrieStorageMarker_MarkStorerAsSyncedAndActive/mark_storer_as_synced_and_active_epoch_5
=== RUN   TestTrieStorageMarker_MarkStorerAsSyncedAndActive/mark_storer_as_synced_and_active_epoch_0
=== CONT  TestTrieStorageMarker_MarkStorerAsSyncedAndActive/all_operations_error_should_work
[0;31mERROR[0m[2026-03-16 10:14:17.711]   getLatestStorageEpoch error              [0;31merror[0m = expected err 
[0;31mERROR[0m[2026-03-16 10:14:17.711]   error while putting trieSynced value into main storer after sync [0;31merror[0m = expected err 
[0;31mERROR[0m[2026-03-16 10:14:17.711]   error while putting activeDB value into main storer after sync [0;31merror[0m = expected err 
--- PASS: TestTrieStorageMarker_MarkStorerAsSyncedAndActive (0.00s)
    --- PASS: TestTrieStorageMarker_MarkStorerAsSyncedAndActive/mark_storer_as_synced_and_active_epoch_5 (0.00s)
    --- PASS: TestTrieStorageMarker_MarkStorerAsSyncedAndActive/mark_storer_as_synced_and_active_epoch_0 (0.00s)
    --- PASS: TestTrieStorageMarker_MarkStorerAsSyncedAndActive/all_operations_error_should_work (0.00s)
PASS
ok  	github.com/TerraDharitri/drt-go-chain/trie/storageMarker	(cached)
=== RUN   TestCreateBody_ShouldErrNilHardForkBlockProcessor
--- PASS: TestCreateBody_ShouldErrNilHardForkBlockProcessor (0.00s)
=== RUN   TestCreateBody_ShouldErrWhenCreateBodyFails
--- PASS: TestCreateBody_ShouldErrWhenCreateBodyFails (0.00s)
=== RUN   TestCreateBody_ShouldErrWhenCleanDuplicatesFails
--- PASS: TestCreateBody_ShouldErrWhenCleanDuplicatesFails (0.00s)
=== RUN   TestCreateBody_ShouldWork
--- PASS: TestCreateBody_ShouldWork (0.00s)
=== RUN   TestCreatePostMiniBlocks_ShouldErrNilHardForkBlockProcessor
--- PASS: TestCreatePostMiniBlocks_ShouldErrNilHardForkBlockProcessor (0.00s)
=== RUN   TestCreatePostMiniBlocks_ShouldErrWhenCreatePostMiniBlocksFails
--- PASS: TestCreatePostMiniBlocks_ShouldErrWhenCreatePostMiniBlocksFails (0.00s)
=== RUN   TestCreatePostMiniBlocks_ShouldErrNilBlockBody
--- PASS: TestCreatePostMiniBlocks_ShouldErrNilBlockBody (0.00s)
=== RUN   TestCreatePostMiniBlocks_ShouldErrWhenCleanDuplicatesFails
--- PASS: TestCreatePostMiniBlocks_ShouldErrWhenCleanDuplicatesFails (0.00s)
=== RUN   TestCreatePostMiniBlocks_ShouldWork
--- PASS: TestCreatePostMiniBlocks_ShouldWork (0.00s)
=== RUN   TestCleanDuplicates_ShouldErrNilHasher
--- PASS: TestCleanDuplicates_ShouldErrNilHasher (0.00s)
=== RUN   TestCleanDuplicates_ShouldErrNilMarshalizer
--- PASS: TestCleanDuplicates_ShouldErrNilMarshalizer (0.00s)
=== RUN   TestCleanDuplicates_ShouldErrNilBlockBody
--- PASS: TestCleanDuplicates_ShouldErrNilBlockBody (0.00s)
=== RUN   TestCleanDuplicates_ShouldErrWhenCalculateHashFails
--- PASS: TestCleanDuplicates_ShouldErrWhenCalculateHashFails (0.00s)
=== RUN   TestCleanDuplicates_ShouldWork
--- PASS: TestCleanDuplicates_ShouldWork (0.00s)
PASS
ok  	github.com/TerraDharitri/drt-go-chain/update	(cached)
=== RUN   TestNewAccountsDBSyncersContainer
=== PAUSE TestNewAccountsDBSyncersContainer
=== RUN   TestAccountDBSyncers_Get
=== PAUSE TestAccountDBSyncers_Get
=== RUN   TestAccountDBSyncers_Add
=== PAUSE TestAccountDBSyncers_Add
=== RUN   TestAccountDBSyncers_AddMultiple
=== PAUSE TestAccountDBSyncers_AddMultiple
=== RUN   TestAccountDBSyncers_Replace
=== PAUSE TestAccountDBSyncers_Replace
=== RUN   TestAccountDBSyncers_RemoveShouldWork
=== PAUSE TestAccountDBSyncers_RemoveShouldWork
=== RUN   TestNewTrieSyncersContainer
=== PAUSE TestNewTrieSyncersContainer
=== RUN   TestTrieSyncers_Get
=== PAUSE TestTrieSyncers_Get
=== RUN   TestTrieSyncers_Add
=== PAUSE TestTrieSyncers_Add
=== RUN   TestTrieSyncers_AddMultiple
=== PAUSE TestTrieSyncers_AddMultiple
=== RUN   TestTrieSyncers_Replace
=== PAUSE TestTrieSyncers_Replace
=== RUN   TestTrieSyncers_RemoveShouldWork
=== PAUSE TestTrieSyncers_RemoveShouldWork
=== CONT  TestNewAccountsDBSyncersContainer
--- PASS: TestNewAccountsDBSyncersContainer (0.00s)
=== CONT  TestTrieSyncers_RemoveShouldWork
--- PASS: TestTrieSyncers_RemoveShouldWork (0.00s)
=== CONT  TestTrieSyncers_Replace
=== RUN   TestTrieSyncers_Replace/nil_val_should_error
=== PAUSE TestTrieSyncers_Replace/nil_val_should_error
=== RUN   TestTrieSyncers_Replace/should_work
=== PAUSE TestTrieSyncers_Replace/should_work
=== CONT  TestTrieSyncers_Replace/nil_val_should_error
=== CONT  TestTrieSyncers_AddMultiple
=== RUN   TestTrieSyncers_AddMultiple/different_lengths_should_error
=== PAUSE TestTrieSyncers_AddMultiple/different_lengths_should_error
=== RUN   TestTrieSyncers_AddMultiple/duplicated_keys_should_error_on_Add
=== PAUSE TestTrieSyncers_AddMultiple/duplicated_keys_should_error_on_Add
=== RUN   TestTrieSyncers_AddMultiple/should_work
=== PAUSE TestTrieSyncers_AddMultiple/should_work
=== CONT  TestTrieSyncers_AddMultiple/different_lengths_should_error
=== CONT  TestTrieSyncers_Add
=== RUN   TestTrieSyncers_Add/nil_value_should_error
=== PAUSE TestTrieSyncers_Add/nil_value_should_error
=== RUN   TestTrieSyncers_Add/duplicated_key_should_error
=== PAUSE TestTrieSyncers_Add/duplicated_key_should_error
=== RUN   TestTrieSyncers_Add/should_work
=== PAUSE TestTrieSyncers_Add/should_work
=== CONT  TestTrieSyncers_Add/nil_value_should_error
=== CONT  TestTrieSyncers_Get
=== RUN   TestTrieSyncers_Get/missing_key_should_error
=== PAUSE TestTrieSyncers_Get/missing_key_should_error
=== RUN   TestTrieSyncers_Get/invalid_data_should_error
=== PAUSE TestTrieSyncers_Get/invalid_data_should_error
=== RUN   TestTrieSyncers_Get/should_work
=== PAUSE TestTrieSyncers_Get/should_work
=== CONT  TestTrieSyncers_Get/missing_key_should_error
=== CONT  TestNewTrieSyncersContainer
--- PASS: TestNewTrieSyncersContainer (0.00s)
=== CONT  TestAccountDBSyncers_RemoveShouldWork
--- PASS: TestAccountDBSyncers_RemoveShouldWork (0.00s)
=== CONT  TestAccountDBSyncers_Replace
=== RUN   TestAccountDBSyncers_Replace/nil_val_should_error
=== PAUSE TestAccountDBSyncers_Replace/nil_val_should_error
=== RUN   TestAccountDBSyncers_Replace/should_work
=== PAUSE TestAccountDBSyncers_Replace/should_work
=== CONT  TestAccountDBSyncers_Replace/nil_val_should_error
=== CONT  TestAccountDBSyncers_AddMultiple
=== RUN   TestAccountDBSyncers_AddMultiple/different_lengths_should_error
=== PAUSE TestAccountDBSyncers_AddMultiple/different_lengths_should_error
=== RUN   TestAccountDBSyncers_AddMultiple/duplicated_keys_should_error_on_Add
=== PAUSE TestAccountDBSyncers_AddMultiple/duplicated_keys_should_error_on_Add
=== RUN   TestAccountDBSyncers_AddMultiple/should_work
=== PAUSE TestAccountDBSyncers_AddMultiple/should_work
=== CONT  TestAccountDBSyncers_AddMultiple/different_lengths_should_error
=== CONT  TestAccountDBSyncers_Add
=== RUN   TestAccountDBSyncers_Add/nil_value_should_error
=== PAUSE TestAccountDBSyncers_Add/nil_value_should_error
=== RUN   TestAccountDBSyncers_Add/duplicated_key_should_error
=== PAUSE TestAccountDBSyncers_Add/duplicated_key_should_error
=== RUN   TestAccountDBSyncers_Add/should_work
=== PAUSE TestAccountDBSyncers_Add/should_work
=== CONT  TestAccountDBSyncers_Add/nil_value_should_error
=== CONT  TestAccountDBSyncers_Get
=== RUN   TestAccountDBSyncers_Get/missing_key_should_error
=== PAUSE TestAccountDBSyncers_Get/missing_key_should_error
=== RUN   TestAccountDBSyncers_Get/invalid_data_should_error
=== PAUSE TestAccountDBSyncers_Get/invalid_data_should_error
=== RUN   TestAccountDBSyncers_Get/should_work
=== PAUSE TestAccountDBSyncers_Get/should_work
=== CONT  TestAccountDBSyncers_Get/missing_key_should_error
=== CONT  TestTrieSyncers_Replace/should_work
--- PASS: TestTrieSyncers_Replace (0.00s)
    --- PASS: TestTrieSyncers_Replace/nil_val_should_error (0.00s)
    --- PASS: TestTrieSyncers_Replace/should_work (0.00s)
=== CONT  TestTrieSyncers_AddMultiple/should_work
=== CONT  TestTrieSyncers_AddMultiple/duplicated_keys_should_error_on_Add
--- PASS: TestTrieSyncers_AddMultiple (0.00s)
    --- PASS: TestTrieSyncers_AddMultiple/different_lengths_should_error (0.00s)
    --- PASS: TestTrieSyncers_AddMultiple/should_work (0.00s)
    --- PASS: TestTrieSyncers_AddMultiple/duplicated_keys_should_error_on_Add (0.00s)
=== CONT  TestAccountDBSyncers_AddMultiple/should_work
=== CONT  TestAccountDBSyncers_AddMultiple/duplicated_keys_should_error_on_Add
--- PASS: TestAccountDBSyncers_AddMultiple (0.00s)
    --- PASS: TestAccountDBSyncers_AddMultiple/different_lengths_should_error (0.00s)
    --- PASS: TestAccountDBSyncers_AddMultiple/should_work (0.00s)
    --- PASS: TestAccountDBSyncers_AddMultiple/duplicated_keys_should_error_on_Add (0.00s)
=== CONT  TestAccountDBSyncers_Add/should_work
=== CONT  TestAccountDBSyncers_Add/duplicated_key_should_error
--- PASS: TestAccountDBSyncers_Add (0.00s)
    --- PASS: TestAccountDBSyncers_Add/nil_value_should_error (0.00s)
    --- PASS: TestAccountDBSyncers_Add/should_work (0.00s)
    --- PASS: TestAccountDBSyncers_Add/duplicated_key_should_error (0.00s)
=== CONT  TestAccountDBSyncers_Get/should_work
=== CONT  TestAccountDBSyncers_Get/invalid_data_should_error
--- PASS: TestAccountDBSyncers_Get (0.00s)
    --- PASS: TestAccountDBSyncers_Get/missing_key_should_error (0.00s)
    --- PASS: TestAccountDBSyncers_Get/should_work (0.00s)
    --- PASS: TestAccountDBSyncers_Get/invalid_data_should_error (0.00s)
=== CONT  TestTrieSyncers_Get/should_work
=== CONT  TestTrieSyncers_Add/should_work
=== CONT  TestTrieSyncers_Add/duplicated_key_should_error
--- PASS: TestTrieSyncers_Add (0.00s)
    --- PASS: TestTrieSyncers_Add/nil_value_should_error (0.00s)
    --- PASS: TestTrieSyncers_Add/should_work (0.00s)
    --- PASS: TestTrieSyncers_Add/duplicated_key_should_error (0.00s)
=== CONT  TestTrieSyncers_Get/invalid_data_should_error
--- PASS: TestTrieSyncers_Get (0.00s)
    --- PASS: TestTrieSyncers_Get/missing_key_should_error (0.00s)
    --- PASS: TestTrieSyncers_Get/should_work (0.00s)
    --- PASS: TestTrieSyncers_Get/invalid_data_should_error (0.00s)
=== CONT  TestAccountDBSyncers_Replace/should_work
--- PASS: TestAccountDBSyncers_Replace (0.00s)
    --- PASS: TestAccountDBSyncers_Replace/nil_val_should_error (0.00s)
    --- PASS: TestAccountDBSyncers_Replace/should_work (0.00s)
PASS
ok  	github.com/TerraDharitri/drt-go-chain/update/container	(cached)
=== RUN   TestNewStateExporter
=== RUN   TestNewStateExporter/NilCoordinator
=== RUN   TestNewStateExporter/NilStateSyncer
=== RUN   TestNewStateExporter/NilMarshalizer
=== RUN   TestNewStateExporter/NilHardforkStorer
=== RUN   TestNewStateExporter/NilHasher
=== RUN   TestNewStateExporter/NilAddressPubKeyConverter
=== RUN   TestNewStateExporter/NilValidatorPubKeyConverter
=== RUN   TestNewStateExporter/NilGenesisNodesSetupHandler
=== RUN   TestNewStateExporter/EmptyExportFolder
=== RUN   TestNewStateExporter/Ok
--- PASS: TestNewStateExporter (0.00s)
    --- PASS: TestNewStateExporter/NilCoordinator (0.00s)
    --- PASS: TestNewStateExporter/NilStateSyncer (0.00s)
    --- PASS: TestNewStateExporter/NilMarshalizer (0.00s)
    --- PASS: TestNewStateExporter/NilHardforkStorer (0.00s)
    --- PASS: TestNewStateExporter/NilHasher (0.00s)
    --- PASS: TestNewStateExporter/NilAddressPubKeyConverter (0.00s)
    --- PASS: TestNewStateExporter/NilValidatorPubKeyConverter (0.00s)
    --- PASS: TestNewStateExporter/NilGenesisNodesSetupHandler (0.00s)
    --- PASS: TestNewStateExporter/EmptyExportFolder (0.00s)
    --- PASS: TestNewStateExporter/Ok (0.00s)
=== RUN   TestExportAll
=== PAUSE TestExportAll
=== RUN   TestStateExport_ExportTrieShouldExportNodesSetupJson
=== PAUSE TestStateExport_ExportTrieShouldExportNodesSetupJson
=== RUN   TestStateExport_ExportNodesSetupJsonShouldExportKeysInAlphabeticalOrder
=== PAUSE TestStateExport_ExportNodesSetupJsonShouldExportKeysInAlphabeticalOrder
=== RUN   TestStateExport_ExportUnfinishedMetaBlocksShouldWork
=== PAUSE TestStateExport_ExportUnfinishedMetaBlocksShouldWork
=== RUN   TestStateExport_ExportAllValidatorsInfo
=== PAUSE TestStateExport_ExportAllValidatorsInfo
=== RUN   TestStateExport_ExportValidatorInfo
=== PAUSE TestStateExport_ExportValidatorInfo
=== RUN   TestNewStateImport
=== RUN   TestNewStateImport/NilHarforkStorer
=== RUN   TestNewStateImport/NilMarshalizer
=== RUN   TestNewStateImport/NilHasher
=== RUN   TestNewStateImport/Ok
--- PASS: TestNewStateImport (0.00s)
    --- PASS: TestNewStateImport/NilHarforkStorer (0.00s)
    --- PASS: TestNewStateImport/NilMarshalizer (0.00s)
    --- PASS: TestNewStateImport/NilHasher (0.00s)
    --- PASS: TestNewStateImport/Ok (0.00s)
=== RUN   TestImportAll
=== PAUSE TestImportAll
=== RUN   TestStateImport_ImportUnFinishedMetaBlocksShouldWork
=== PAUSE TestStateImport_ImportUnFinishedMetaBlocksShouldWork
=== CONT  TestExportAll
=== CONT  TestStateExport_ExportAllValidatorsInfo
=== RUN   TestStateExport_ExportAllValidatorsInfo/export_all_validators_info_with_state_syncer_error
=== CONT  TestStateExport_ExportUnfinishedMetaBlocksShouldWork
=== CONT  TestStateExport_ExportNodesSetupJsonShouldExportKeysInAlphabeticalOrder
=== CONT  TestStateExport_ExportTrieShouldExportNodesSetupJson
=== RUN   TestStateExport_ExportTrieShouldExportNodesSetupJson/should_fail_on_getting_trie_nodes
=== PAUSE TestStateExport_ExportTrieShouldExportNodesSetupJson/should_fail_on_getting_trie_nodes
=== RUN   TestStateExport_ExportTrieShouldExportNodesSetupJson/should_work_export_nodes_setup_json
=== PAUSE TestStateExport_ExportTrieShouldExportNodesSetupJson/should_work_export_nodes_setup_json
=== CONT  TestStateExport_ExportTrieShouldExportNodesSetupJson/should_fail_on_getting_trie_nodes
=== CONT  TestStateExport_ExportTrieShouldExportNodesSetupJson/should_work_export_nodes_setup_json
=== PAUSE TestStateExport_ExportAllValidatorsInfo/export_all_validators_info_with_state_syncer_error
=== RUN   TestStateExport_ExportAllValidatorsInfo/export_all_validators_info_with_hardfork_storer_error
=== PAUSE TestStateExport_ExportAllValidatorsInfo/export_all_validators_info_with_hardfork_storer_error
=== CONT  TestStateExport_ExportValidatorInfo
=== CONT  TestImportAll
--- PASS: TestExportAll (0.00s)
=== RUN   TestStateExport_ExportValidatorInfo/export_validator_info_with_error
=== CONT  TestStateImport_ImportUnFinishedMetaBlocksShouldWork
--- PASS: TestImportAll (0.00s)
--- PASS: TestStateExport_ExportNodesSetupJsonShouldExportKeysInAlphabeticalOrder (0.00s)
--- PASS: TestStateExport_ExportUnfinishedMetaBlocksShouldWork (0.00s)
=== PAUSE TestStateExport_ExportValidatorInfo/export_validator_info_with_error
--- PASS: TestStateExport_ExportTrieShouldExportNodesSetupJson (0.00s)
    --- PASS: TestStateExport_ExportTrieShouldExportNodesSetupJson/should_work_export_nodes_setup_json (0.00s)
    --- PASS: TestStateExport_ExportTrieShouldExportNodesSetupJson/should_fail_on_getting_trie_nodes (0.00s)
=== RUN   TestStateExport_ExportValidatorInfo/export_validator_info_without_error
=== RUN   TestStateExport_ExportAllValidatorsInfo/export_all_validators_info_without_error
=== PAUSE TestStateExport_ExportValidatorInfo/export_validator_info_without_error
=== CONT  TestStateExport_ExportValidatorInfo/export_validator_info_with_error
=== PAUSE TestStateExport_ExportAllValidatorsInfo/export_all_validators_info_without_error
=== CONT  TestStateExport_ExportAllValidatorsInfo/export_all_validators_info_with_state_syncer_error
=== CONT  TestStateExport_ExportValidatorInfo/export_validator_info_without_error
--- PASS: TestStateImport_ImportUnFinishedMetaBlocksShouldWork (0.00s)
=== CONT  TestStateExport_ExportAllValidatorsInfo/export_all_validators_info_without_error
--- PASS: TestStateExport_ExportValidatorInfo (0.00s)
    --- PASS: TestStateExport_ExportValidatorInfo/export_validator_info_without_error (0.00s)
    --- PASS: TestStateExport_ExportValidatorInfo/export_validator_info_with_error (0.00s)
=== CONT  TestStateExport_ExportAllValidatorsInfo/export_all_validators_info_with_hardfork_storer_error
--- PASS: TestStateExport_ExportAllValidatorsInfo (0.00s)
    --- PASS: TestStateExport_ExportAllValidatorsInfo/export_all_validators_info_with_state_syncer_error (0.00s)
    --- PASS: TestStateExport_ExportAllValidatorsInfo/export_all_validators_info_without_error (0.00s)
    --- PASS: TestStateExport_ExportAllValidatorsInfo/export_all_validators_info_with_hardfork_storer_error (0.00s)
PASS
ok  	github.com/TerraDharitri/drt-go-chain/update/genesis	(cached)
=== RUN   TestNewAfterHardForkBlockCreation
=== PAUSE TestNewAfterHardForkBlockCreation
=== RUN   TestCreateAllBlocksAfterHardfork
=== PAUSE TestCreateAllBlocksAfterHardfork
=== RUN   TestNewMetaBlockCreatorAfterHardfork_NilImport
=== PAUSE TestNewMetaBlockCreatorAfterHardfork_NilImport
=== RUN   TestNewMetaBlockCreatorAfterHardfork_NilMarshalizer
=== PAUSE TestNewMetaBlockCreatorAfterHardfork_NilMarshalizer
=== RUN   TestNewMetaBlockCreatorAfterHardfork_NilHasher
=== PAUSE TestNewMetaBlockCreatorAfterHardfork_NilHasher
=== RUN   TestNewMetaBlockCreatorAfterHardfork_NilShardCoordinator
=== PAUSE TestNewMetaBlockCreatorAfterHardfork_NilShardCoordinator
=== RUN   TestNewMetaBlockCreatorAfterHardforkShouldWork
=== PAUSE TestNewMetaBlockCreatorAfterHardforkShouldWork
=== RUN   TestMetaBlockCreator_CreateBlock
=== PAUSE TestMetaBlockCreator_CreateBlock
=== RUN   TestNewPendingTransactionProcessor
=== PAUSE TestNewPendingTransactionProcessor
=== RUN   TestPendingTransactionProcessor_ProcessTransactionsDstMe
=== PAUSE TestPendingTransactionProcessor_ProcessTransactionsDstMe
=== RUN   TestRootHash
=== PAUSE TestRootHash
=== RUN   TestNewShardBlockCreatorAfterHardFork
=== PAUSE TestNewShardBlockCreatorAfterHardFork
=== RUN   TestCreateBody
=== PAUSE TestCreateBody
=== RUN   TestCreateMiniBlockHeader
=== PAUSE TestCreateMiniBlockHeader
=== RUN   TestCreateBlock
=== PAUSE TestCreateBlock
=== RUN   TestGetPendingMbsAndTxsInCorrectOrder_ShouldErrWhenGetPendingMiniBlocksFails
=== PAUSE TestGetPendingMbsAndTxsInCorrectOrder_ShouldErrWhenGetPendingMiniBlocksFails
=== RUN   TestGetPendingMbsAndTxsInCorrectOrder_ShouldErrWrongImportedMiniBlocksMap
=== PAUSE TestGetPendingMbsAndTxsInCorrectOrder_ShouldErrWrongImportedMiniBlocksMap
=== RUN   TestGetPendingMbsAndTxsInCorrectOrder_ShouldErrMiniBlockNotFoundInImportedMap
=== PAUSE TestGetPendingMbsAndTxsInCorrectOrder_ShouldErrMiniBlockNotFoundInImportedMap
=== RUN   TestGetPendingMbsAndTxsInCorrectOrder_ShouldErrTransactionNotFoundInImportedMap
=== PAUSE TestGetPendingMbsAndTxsInCorrectOrder_ShouldErrTransactionNotFoundInImportedMap
=== RUN   TestGetPendingMbsAndTxsInCorrectOrder_ShouldErrWrongImportedTransactionsMap
=== PAUSE TestGetPendingMbsAndTxsInCorrectOrder_ShouldErrWrongImportedTransactionsMap
=== RUN   TestGetPendingMbsAndTxsInCorrectOrder_ShouldWork
=== PAUSE TestGetPendingMbsAndTxsInCorrectOrder_ShouldWork
=== RUN   TestCreateMiniBlockInfoForPostProcessMiniBlock_ShouldErrPostProcessTransactionNotFound
=== PAUSE TestCreateMiniBlockInfoForPostProcessMiniBlock_ShouldErrPostProcessTransactionNotFound
=== RUN   TestCreateMiniBlockInfoForPostProcessMiniBlock_ShouldWork
=== PAUSE TestCreateMiniBlockInfoForPostProcessMiniBlock_ShouldWork
=== CONT  TestNewAfterHardForkBlockCreation
=== CONT  TestGetPendingMbsAndTxsInCorrectOrder_ShouldErrTransactionNotFoundInImportedMap
=== CONT  TestGetPendingMbsAndTxsInCorrectOrder_ShouldErrMiniBlockNotFoundInImportedMap
=== CONT  TestNewShardBlockCreatorAfterHardFork
=== CONT  TestNewMetaBlockCreatorAfterHardfork_NilHasher
=== CONT  TestNewMetaBlockCreatorAfterHardfork_NilMarshalizer
=== CONT  TestNewMetaBlockCreatorAfterHardfork_NilImport
=== CONT  TestCreateMiniBlockInfoForPostProcessMiniBlock_ShouldWork
=== CONT  TestCreateMiniBlockInfoForPostProcessMiniBlock_ShouldErrPostProcessTransactionNotFound
=== CONT  TestRootHash
=== CONT  TestGetPendingMbsAndTxsInCorrectOrder_ShouldWork
=== CONT  TestPendingTransactionProcessor_ProcessTransactionsDstMe
=== CONT  TestGetPendingMbsAndTxsInCorrectOrder_ShouldErrWrongImportedMiniBlocksMap
=== CONT  TestNewPendingTransactionProcessor
=== CONT  TestMetaBlockCreator_CreateBlock
=== CONT  TestNewMetaBlockCreatorAfterHardforkShouldWork
=== CONT  TestNewMetaBlockCreatorAfterHardfork_NilShardCoordinator
=== CONT  TestGetPendingMbsAndTxsInCorrectOrder_ShouldErrWrongImportedTransactionsMap
=== CONT  TestGetPendingMbsAndTxsInCorrectOrder_ShouldErrWhenGetPendingMiniBlocksFails
=== CONT  TestCreateBody
--- PASS: TestNewAfterHardForkBlockCreation (0.00s)
--- PASS: TestGetPendingMbsAndTxsInCorrectOrder_ShouldErrTransactionNotFoundInImportedMap (0.00s)
--- PASS: TestNewShardBlockCreatorAfterHardFork (0.00s)
--- PASS: TestNewMetaBlockCreatorAfterHardfork_NilHasher (0.00s)
--- PASS: TestNewMetaBlockCreatorAfterHardfork_NilMarshalizer (0.00s)
--- PASS: TestNewMetaBlockCreatorAfterHardfork_NilImport (0.00s)
--- PASS: TestGetPendingMbsAndTxsInCorrectOrder_ShouldErrMiniBlockNotFoundInImportedMap (0.00s)
--- PASS: TestCreateMiniBlockInfoForPostProcessMiniBlock_ShouldWork (0.00s)
--- PASS: TestRootHash (0.00s)
--- PASS: TestGetPendingMbsAndTxsInCorrectOrder_ShouldWork (0.00s)
--- PASS: TestPendingTransactionProcessor_ProcessTransactionsDstMe (0.00s)
--- PASS: TestGetPendingMbsAndTxsInCorrectOrder_ShouldErrWrongImportedMiniBlocksMap (0.00s)
--- PASS: TestNewPendingTransactionProcessor (0.00s)
--- PASS: TestNewMetaBlockCreatorAfterHardforkShouldWork (0.00s)
--- PASS: TestNewMetaBlockCreatorAfterHardfork_NilShardCoordinator (0.00s)
--- PASS: TestCreateMiniBlockInfoForPostProcessMiniBlock_ShouldErrPostProcessTransactionNotFound (0.00s)
--- PASS: TestGetPendingMbsAndTxsInCorrectOrder_ShouldErrWrongImportedTransactionsMap (0.00s)
--- PASS: TestGetPendingMbsAndTxsInCorrectOrder_ShouldErrWhenGetPendingMiniBlocksFails (0.00s)
--- PASS: TestCreateBody (0.00s)
--- PASS: TestMetaBlockCreator_CreateBlock (0.00s)
=== CONT  TestCreateAllBlocksAfterHardfork
--- PASS: TestCreateAllBlocksAfterHardfork (0.00s)
=== CONT  TestCreateBlock
=== CONT  TestCreateMiniBlockHeader
--- PASS: TestCreateMiniBlockHeader (0.00s)
[0;33mWARN [0m[2026-03-16 10:14:18.456]   saveTransactions                         [0;33merror[0m = transaction was not found in imported map 
[0;33mWARN [0m[2026-03-16 10:14:18.456]   saveTransactions                         [0;33merror[0m = transaction was not found in imported map 
--- PASS: TestCreateBlock (0.00s)
PASS
ok  	github.com/TerraDharitri/drt-go-chain/update/process	(cached)
=== RUN   TestNewHardforkStorer_NilKeysStorerShouldErr
=== PAUSE TestNewHardforkStorer_NilKeysStorerShouldErr
=== RUN   TestNewHardforkStorer_NilKeyValStorerShouldErr
=== PAUSE TestNewHardforkStorer_NilKeyValStorerShouldErr
=== RUN   TestNewHardforkStorer_NilMarshalizerShouldErr
=== PAUSE TestNewHardforkStorer_NilMarshalizerShouldErr
=== RUN   TestNewHardforkStorer_ShouldWork
=== PAUSE TestNewHardforkStorer_ShouldWork
=== RUN   TestHardforkStorer_WriteReadTests
=== PAUSE TestHardforkStorer_WriteReadTests
=== RUN   TestHardforkStorer_Get
=== PAUSE TestHardforkStorer_Get
=== RUN   TestHardforkStorer_CloseKeysCloseErrors
=== PAUSE TestHardforkStorer_CloseKeysCloseErrors
=== RUN   TestHardforkStorer_CloseKeyValueCloseErrors
=== PAUSE TestHardforkStorer_CloseKeyValueCloseErrors
=== RUN   TestHardforkStorer_RangeKeysNilHandlerShouldWork
=== PAUSE TestHardforkStorer_RangeKeysNilHandlerShouldWork
=== CONT  TestNewHardforkStorer_NilKeysStorerShouldErr
=== CONT  TestHardforkStorer_Get
=== CONT  TestHardforkStorer_CloseKeyValueCloseErrors
--- PASS: TestNewHardforkStorer_NilKeysStorerShouldErr (0.00s)
=== CONT  TestNewHardforkStorer_NilMarshalizerShouldErr
=== CONT  TestNewHardforkStorer_ShouldWork
=== CONT  TestHardforkStorer_RangeKeysNilHandlerShouldWork
--- PASS: TestNewHardforkStorer_NilMarshalizerShouldErr (0.00s)
--- PASS: TestNewHardforkStorer_ShouldWork (0.00s)
=== CONT  TestNewHardforkStorer_NilKeyValStorerShouldErr
--- PASS: TestHardforkStorer_RangeKeysNilHandlerShouldWork (0.00s)
--- PASS: TestHardforkStorer_Get (0.00s)
=== CONT  TestHardforkStorer_WriteReadTests
--- PASS: TestNewHardforkStorer_NilKeyValStorerShouldErr (0.00s)
=== CONT  TestHardforkStorer_CloseKeysCloseErrors
--- PASS: TestHardforkStorer_CloseKeysCloseErrors (0.00s)
--- PASS: TestHardforkStorer_CloseKeyValueCloseErrors (0.00s)
--- PASS: TestHardforkStorer_WriteReadTests (0.00s)
PASS
ok  	github.com/TerraDharitri/drt-go-chain/update/storing	(cached)
=== RUN   TestGetDataFromStorage_NilStorageShouldErr
=== PAUSE TestGetDataFromStorage_NilStorageShouldErr
=== RUN   TestGetDataFromStorage_NotFoundShouldErr
=== PAUSE TestGetDataFromStorage_NotFoundShouldErr
=== RUN   TestGetDataFromStorage_FoundShouldWork
=== PAUSE TestGetDataFromStorage_FoundShouldWork
=== RUN   TestWaitFor_ShouldTimeout
=== PAUSE TestWaitFor_ShouldTimeout
=== RUN   TestWaitFor_ShouldWorkAfterTheChannelIsWrittenIn
=== PAUSE TestWaitFor_ShouldWorkAfterTheChannelIsWrittenIn
=== RUN   TestNewConcurrentTriesMap
=== PAUSE TestNewConcurrentTriesMap
=== RUN   TestConcurrentTriesMap_ConcurrentAccesses
=== PAUSE TestConcurrentTriesMap_ConcurrentAccesses
=== RUN   TestNewSyncState_Ok
=== PAUSE TestNewSyncState_Ok
=== RUN   TestNewSyncState_CannotSyncHeaderErr
=== PAUSE TestNewSyncState_CannotSyncHeaderErr
=== RUN   TestNewSyncState_CannotSyncTriesErr
=== PAUSE TestNewSyncState_CannotSyncTriesErr
=== RUN   TestSyncState_SyncAllStatePendingMiniBlocksErr
=== PAUSE TestSyncState_SyncAllStatePendingMiniBlocksErr
=== RUN   TestSyncState_SyncAllStateGetMiniBlocksErr
=== PAUSE TestSyncState_SyncAllStateGetMiniBlocksErr
=== RUN   TestSyncState_SyncAllStateSyncTxsErr
=== PAUSE TestSyncState_SyncAllStateSyncTxsErr
=== RUN   TestNewSyncState_NilTrieSyncersShouldErr
=== PAUSE TestNewSyncState_NilTrieSyncersShouldErr
=== RUN   TestNewSyncState
=== PAUSE TestNewSyncState
=== RUN   TestNewPendingEpochStartShardHeaderSyncer
=== PAUSE TestNewPendingEpochStartShardHeaderSyncer
=== RUN   TestNewPendingEpochStartShardHeaderSyncer_NilHeadersPool
=== PAUSE TestNewPendingEpochStartShardHeaderSyncer_NilHeadersPool
=== RUN   TestNewPendingEpochStartShardHeaderSyncer_NilMarshalizer
=== PAUSE TestNewPendingEpochStartShardHeaderSyncer_NilMarshalizer
=== RUN   TestNewPendingEpochStartShardHeaderSyncer_NilRequestHandler
=== PAUSE TestNewPendingEpochStartShardHeaderSyncer_NilRequestHandler
=== RUN   TestNewPendingEpochStartShardHeaderSyncer_NilProofsPool
=== PAUSE TestNewPendingEpochStartShardHeaderSyncer_NilProofsPool
=== RUN   TestNewPendingEpochStartShardHeaderSyncer_NilEnableEpochsHandler
=== PAUSE TestNewPendingEpochStartShardHeaderSyncer_NilEnableEpochsHandler
=== RUN   TestSyncEpochStartShardHeader_Success
=== PAUSE TestSyncEpochStartShardHeader_Success
=== RUN   TestSyncEpochStartShardHeader_Timeout
=== PAUSE TestSyncEpochStartShardHeader_Timeout
=== RUN   TestSyncEpochStartShardHeader_GetEpochStartHeaderNotSynced
=== PAUSE TestSyncEpochStartShardHeader_GetEpochStartHeaderNotSynced
=== RUN   TestSyncEpochStartShardHeader_ClearFields
=== PAUSE TestSyncEpochStartShardHeader_ClearFields
=== RUN   TestSyncEpochStartShardHeader_DifferentShardIDsShouldNotInterfere
=== PAUSE TestSyncEpochStartShardHeader_DifferentShardIDsShouldNotInterfere
=== RUN   TestSyncEpochStartShardHeader_NonEpochStartHeadersShouldTriggerNextAttempt
=== PAUSE TestSyncEpochStartShardHeader_NonEpochStartHeadersShouldTriggerNextAttempt
=== RUN   TestSyncEpochStartShardHeader_MultipleGoroutines
=== PAUSE TestSyncEpochStartShardHeader_MultipleGoroutines
=== RUN   TestPendingEpochStartShardHeader_IsInterfaceNil
--- PASS: TestPendingEpochStartShardHeader_IsInterfaceNil (0.00s)
=== RUN   TestSyncEpochStartShardHeader_TwoConsecutiveProofsWithSameHeaderHash
=== PAUSE TestSyncEpochStartShardHeader_TwoConsecutiveProofsWithSameHeaderHash
=== RUN   TestSyncEpochStartShardHeader_ProofsBeforeHeaderShouldWork
=== PAUSE TestSyncEpochStartShardHeader_ProofsBeforeHeaderShouldWork
=== RUN   TestSyncEpochStartShardHeader_ShouldWorkWithoutAndromedaActivated
=== PAUSE TestSyncEpochStartShardHeader_ShouldWorkWithoutAndromedaActivated
=== RUN   TestNewMissingheadersByHashSyncer_NilParamsShouldErr
=== PAUSE TestNewMissingheadersByHashSyncer_NilParamsShouldErr
=== RUN   TestNewMissingheadersByHashSyncer_OkValsShouldWork
=== PAUSE TestNewMissingheadersByHashSyncer_OkValsShouldWork
=== RUN   TestSyncHeadersByHash_SyncMissingHeadersByHashHeaderFoundInCacheShouldWork
=== PAUSE TestSyncHeadersByHash_SyncMissingHeadersByHashHeaderFoundInCacheShouldWork
=== RUN   TestSyncHeadersByHash_SyncMissingHeadersByHashHeaderFoundInStorageShouldWork
=== PAUSE TestSyncHeadersByHash_SyncMissingHeadersByHashHeaderFoundInStorageShouldWork
=== RUN   TestSyncHeadersByHash_SyncMissingHeadersByHashHeaderNotFoundShouldTimeout
=== PAUSE TestSyncHeadersByHash_SyncMissingHeadersByHashHeaderNotFoundShouldTimeout
=== RUN   TestSyncHeadersByHash_GetHeadersNotSyncedShouldErr
=== PAUSE TestSyncHeadersByHash_GetHeadersNotSyncedShouldErr
=== RUN   TestSyncHeadersByHash_GetHeadersShouldReceiveAndReturnOkMb
=== PAUSE TestSyncHeadersByHash_GetHeadersShouldReceiveAndReturnOkMb
=== RUN   TestHeadersSyncHandler
=== PAUSE TestHeadersSyncHandler
=== RUN   TestHeadersSyncHandler_NilStorageErr
=== PAUSE TestHeadersSyncHandler_NilStorageErr
=== RUN   TestHeadersSyncHandler_NilCacheErr
=== PAUSE TestHeadersSyncHandler_NilCacheErr
=== RUN   TestHeadersSyncHandler_NilEpochHandlerErr
=== PAUSE TestHeadersSyncHandler_NilEpochHandlerErr
=== RUN   TestHeadersSyncHandler_NilMarshalizerEr
=== PAUSE TestHeadersSyncHandler_NilMarshalizerEr
=== RUN   TestHeadersSyncHandler_NilRequestHandlerEr
=== PAUSE TestHeadersSyncHandler_NilRequestHandlerEr
=== RUN   TestSyncEpochStartMetaHeader_MetaBlockInStorage
=== PAUSE TestSyncEpochStartMetaHeader_MetaBlockInStorage
=== RUN   TestSyncEpochStartMetaHeader_MissingHeaderTimeout
=== PAUSE TestSyncEpochStartMetaHeader_MissingHeaderTimeout
=== RUN   TestSyncEpochStartMetaHeader_ReceiveWrongHeaderTimeout
=== PAUSE TestSyncEpochStartMetaHeader_ReceiveWrongHeaderTimeout
=== RUN   TestSyncEpochStartMetaHeader_ReceiveHeaderOk
=== PAUSE TestSyncEpochStartMetaHeader_ReceiveHeaderOk
=== RUN   TestNewPendingMiniBlocksSyncer
=== PAUSE TestNewPendingMiniBlocksSyncer
=== RUN   TestNewPendingMiniBlocksSyncer_NilStorage
=== PAUSE TestNewPendingMiniBlocksSyncer_NilStorage
=== RUN   TestNewPendingMiniBlocksSyncer_NilCache
=== PAUSE TestNewPendingMiniBlocksSyncer_NilCache
=== RUN   TestNewPendingMiniBlocksSyncer_NilMarshalizer
=== PAUSE TestNewPendingMiniBlocksSyncer_NilMarshalizer
=== RUN   TestNewPendingMiniBlocksSyncer_NilRequestHandler
=== PAUSE TestNewPendingMiniBlocksSyncer_NilRequestHandler
=== RUN   TestSyncPendingMiniBlocksFromMeta_MiniBlocksInPool
=== PAUSE TestSyncPendingMiniBlocksFromMeta_MiniBlocksInPool
=== RUN   TestSyncPendingMiniBlocksFromMeta_MiniBlocksInPoolWithRewards
=== PAUSE TestSyncPendingMiniBlocksFromMeta_MiniBlocksInPoolWithRewards
=== RUN   TestSyncPendingMiniBlocksFromMeta_MiniBlocksInPoolMissingTimeout
=== PAUSE TestSyncPendingMiniBlocksFromMeta_MiniBlocksInPoolMissingTimeout
=== RUN   TestSyncPendingMiniBlocksFromMeta_MiniBlocksInPoolReceive
=== PAUSE TestSyncPendingMiniBlocksFromMeta_MiniBlocksInPoolReceive
=== RUN   TestSyncPendingMiniBlocksFromMeta_MiniBlocksInStorageReceive
=== PAUSE TestSyncPendingMiniBlocksFromMeta_MiniBlocksInStorageReceive
=== RUN   TestSyncPendingMiniBlocksFromMeta_GetMiniBlocksShouldWork
=== PAUSE TestSyncPendingMiniBlocksFromMeta_GetMiniBlocksShouldWork
=== RUN   TestNewPendingTransactionsSyncer
=== PAUSE TestNewPendingTransactionsSyncer
=== RUN   TestNewPendingTransactionsSyncer_NilStorages
=== PAUSE TestNewPendingTransactionsSyncer_NilStorages
=== RUN   TestNewPendingTransactionsSyncer_NilDataPools
=== PAUSE TestNewPendingTransactionsSyncer_NilDataPools
=== RUN   TestNewPendingTransactionsSyncer_NilMarshalizer
=== PAUSE TestNewPendingTransactionsSyncer_NilMarshalizer
=== RUN   TestNewPendingTransactionsSyncer_NilRequestHandler
=== PAUSE TestNewPendingTransactionsSyncer_NilRequestHandler
=== RUN   TestNewPendingTransactionsSyncer_GetStorerReturnsError
=== PAUSE TestNewPendingTransactionsSyncer_GetStorerReturnsError
=== RUN   TestSyncPendingTransactionsFor
=== PAUSE TestSyncPendingTransactionsFor
=== RUN   TestSyncPendingTransactionsFor_MissingTxFromPool
=== PAUSE TestSyncPendingTransactionsFor_MissingTxFromPool
=== RUN   TestSyncPendingTransactionsFor_requestTransactionsFor
=== PAUSE TestSyncPendingTransactionsFor_requestTransactionsFor
=== RUN   TestSyncPendingTransactionsFor_ReceiveMissingTx
=== PAUSE TestSyncPendingTransactionsFor_ReceiveMissingTx
=== RUN   TestTransactionsSync_RequestTransactionsForPeerMiniBlockShouldWork
=== PAUSE TestTransactionsSync_RequestTransactionsForPeerMiniBlockShouldWork
=== RUN   TestTransactionsSync_ReceivedValidatorInfo
=== PAUSE TestTransactionsSync_ReceivedValidatorInfo
=== RUN   TestTransactionsSync_GetValidatorInfoFromPoolShouldWork
=== PAUSE TestTransactionsSync_GetValidatorInfoFromPoolShouldWork
=== RUN   TestTransactionsSync_GetValidatorInfoFromPoolWithSearchFirstShouldWork
=== PAUSE TestTransactionsSync_GetValidatorInfoFromPoolWithSearchFirstShouldWork
=== RUN   TestTransactionsSync_GetValidatorInfoFromPoolOrStorage
=== PAUSE TestTransactionsSync_GetValidatorInfoFromPoolOrStorage
=== RUN   TestTransactionsSync_GetValidatorsInfoShouldWork
=== PAUSE TestTransactionsSync_GetValidatorsInfoShouldWork
=== RUN   TestTransactionsSync_ClearFieldsShouldWork
=== PAUSE TestTransactionsSync_ClearFieldsShouldWork
=== CONT  TestGetDataFromStorage_NilStorageShouldErr
=== CONT  TestNewPendingTransactionsSyncer_GetStorerReturnsError
=== CONT  TestNewPendingTransactionsSyncer
=== CONT  TestSyncPendingMiniBlocksFromMeta_MiniBlocksInStorageReceive
=== CONT  TestSyncEpochStartShardHeader_ShouldWorkWithoutAndromedaActivated
=== CONT  TestTransactionsSync_ReceivedValidatorInfo
=== CONT  TestTransactionsSync_RequestTransactionsForPeerMiniBlockShouldWork
=== CONT  TestTransactionsSync_GetValidatorsInfoShouldWork
=== CONT  TestTransactionsSync_ClearFieldsShouldWork
=== CONT  TestTransactionsSync_GetValidatorInfoFromPoolOrStorage
=== CONT  TestSyncPendingTransactionsFor_requestTransactionsFor
=== RUN   TestSyncPendingTransactionsFor_requestTransactionsFor/request_transactions
=== CONT  TestSyncPendingTransactionsFor_ReceiveMissingTx
=== CONT  TestSyncPendingTransactionsFor_MissingTxFromPool
=== CONT  TestSyncEpochStartMetaHeader_MetaBlockInStorage
=== CONT  TestSyncPendingMiniBlocksFromMeta_MiniBlocksInPoolReceive
=== CONT  TestSyncPendingMiniBlocksFromMeta_MiniBlocksInPoolMissingTimeout
=== CONT  TestNewPendingTransactionsSyncer_NilRequestHandler
=== CONT  TestSyncPendingMiniBlocksFromMeta_MiniBlocksInPoolWithRewards
=== CONT  TestSyncPendingMiniBlocksFromMeta_MiniBlocksInPool
=== CONT  TestNewPendingMiniBlocksSyncer_NilRequestHandler
=== CONT  TestNewPendingMiniBlocksSyncer_NilMarshalizer
=== CONT  TestNewPendingMiniBlocksSyncer_NilCache
=== CONT  TestNewPendingMiniBlocksSyncer_NilStorage
=== CONT  TestNewPendingMiniBlocksSyncer
=== CONT  TestSyncEpochStartMetaHeader_ReceiveHeaderOk
=== RUN   TestNewPendingTransactionsSyncer_NilRequestHandler/TransactionUnit_not_found
=== PAUSE TestNewPendingTransactionsSyncer_NilRequestHandler/TransactionUnit_not_found
=== RUN   TestNewPendingTransactionsSyncer_NilRequestHandler/UnsignedTransactionUnit_not_found
=== PAUSE TestNewPendingTransactionsSyncer_NilRequestHandler/UnsignedTransactionUnit_not_found
=== RUN   TestNewPendingTransactionsSyncer_NilRequestHandler/RewardTransactionUnit_not_found
=== PAUSE TestNewPendingTransactionsSyncer_NilRequestHandler/RewardTransactionUnit_not_found
=== CONT  TestNewPendingTransactionsSyncer_NilDataPools
=== CONT  TestSyncEpochStartMetaHeader_ReceiveWrongHeaderTimeout
=== CONT  TestSyncEpochStartMetaHeader_MissingHeaderTimeout
=== CONT  TestNewPendingTransactionsSyncer_NilStorages
=== CONT  TestSyncPendingTransactionsFor
[0;31mERROR[0m[2026-03-16 10:14:18.577]   transactionsSync.receivedValidatorInfo   [0;31mtx hash[0m = 68617368 [0;31merror[0m = wrong type assertion 
=== CONT  TestSyncHeadersByHash_GetHeadersShouldReceiveAndReturnOkMb
=== CONT  TestTransactionsSync_GetValidatorInfoFromPoolShouldWork
=== RUN   TestTransactionsSync_GetValidatorInfoFromPoolShouldWork/get_validator_info_from_pool_when_tx_hash_does_not_exist_in_mapTxsToMiniBlocks
=== PAUSE TestTransactionsSync_GetValidatorInfoFromPoolShouldWork/get_validator_info_from_pool_when_tx_hash_does_not_exist_in_mapTxsToMiniBlocks
=== RUN   TestTransactionsSync_GetValidatorInfoFromPoolShouldWork/get_validator_info_from_pool_when_shard_data_store_is_missing
=== PAUSE TestTransactionsSync_GetValidatorInfoFromPoolShouldWork/get_validator_info_from_pool_when_shard_data_store_is_missing
=== RUN   TestTransactionsSync_GetValidatorInfoFromPoolShouldWork/get_validator_info_from_pool_when_tx_hash_is_not_found_in_shard_data_store
=== CONT  TestHeadersSyncHandler_NilMarshalizerEr
=== PAUSE TestTransactionsSync_GetValidatorInfoFromPoolShouldWork/get_validator_info_from_pool_when_tx_hash_is_not_found_in_shard_data_store
=== CONT  TestHeadersSyncHandler_NilCacheErr
=== CONT  TestHeadersSyncHandler_NilRequestHandlerEr
=== CONT  TestSyncPendingMiniBlocksFromMeta_GetMiniBlocksShouldWork
=== CONT  TestHeadersSyncHandler
=== CONT  TestTransactionsSync_GetValidatorInfoFromPoolWithSearchFirstShouldWork
=== CONT  TestNewPendingEpochStartShardHeaderSyncer
=== CONT  TestSyncEpochStartShardHeader_ProofsBeforeHeaderShouldWork
=== CONT  TestSyncEpochStartShardHeader_TwoConsecutiveProofsWithSameHeaderHash
=== CONT  TestSyncEpochStartShardHeader_MultipleGoroutines
=== CONT  TestHeadersSyncHandler_NilEpochHandlerErr
--- PASS: TestGetDataFromStorage_NilStorageShouldErr (0.00s)
=== CONT  TestHeadersSyncHandler_NilStorageErr
--- PASS: TestSyncEpochStartShardHeader_ShouldWorkWithoutAndromedaActivated (0.00s)
=== CONT  TestSyncEpochStartShardHeader_DifferentShardIDsShouldNotInterfere
--- PASS: TestSyncPendingMiniBlocksFromMeta_MiniBlocksInStorageReceive (0.00s)
=== CONT  TestSyncEpochStartShardHeader_ClearFields
--- PASS: TestNewPendingTransactionsSyncer_GetStorerReturnsError (0.00s)
--- PASS: TestTransactionsSync_RequestTransactionsForPeerMiniBlockShouldWork (0.00s)
=== CONT  TestSyncEpochStartShardHeader_GetEpochStartHeaderNotSynced
=== CONT  TestSyncEpochStartShardHeader_NonEpochStartHeadersShouldTriggerNextAttempt
=== CONT  TestNewPendingTransactionsSyncer_NilMarshalizer
=== RUN   TestTransactionsSync_GetValidatorInfoFromPoolShouldWork/get_validator_info_from_pool_when_value_received_from_pool_is_not_of_type_*state.ShardValidatorInfo
=== PAUSE TestTransactionsSync_GetValidatorInfoFromPoolShouldWork/get_validator_info_from_pool_when_value_received_from_pool_is_not_of_type_*state.ShardValidatorInfo
=== CONT  TestSyncEpochStartShardHeader_Success
--- PASS: TestTransactionsSync_GetValidatorsInfoShouldWork (0.00s)
--- PASS: TestTransactionsSync_ClearFieldsShouldWork (0.00s)
--- PASS: TestNewPendingTransactionsSyncer (0.00s)
--- PASS: TestSyncPendingMiniBlocksFromMeta_MiniBlocksInPoolWithRewards (0.00s)
=== RUN   TestSyncPendingTransactionsFor_requestTransactionsFor/request_invalid_transactions
=== RUN   TestSyncPendingTransactionsFor_requestTransactionsFor/request_unsigned_txs
=== RUN   TestTransactionsSync_GetValidatorInfoFromPoolOrStorage/get_validator_info_from_pool_or_storage_should_work_from_pool
=== CONT  TestSyncEpochStartShardHeader_Timeout
=== RUN   TestTransactionsSync_GetValidatorInfoFromPoolShouldWork/get_validator_info_from_pool_should_work
--- PASS: TestSyncPendingMiniBlocksFromMeta_MiniBlocksInPool (0.00s)
--- PASS: TestNewPendingMiniBlocksSyncer_NilRequestHandler (0.00s)
--- PASS: TestNewPendingMiniBlocksSyncer_NilMarshalizer (0.00s)
--- PASS: TestNewPendingMiniBlocksSyncer_NilCache (0.00s)
--- PASS: TestNewPendingMiniBlocksSyncer_NilStorage (0.00s)
--- PASS: TestNewPendingMiniBlocksSyncer (0.00s)
=== PAUSE TestTransactionsSync_GetValidatorInfoFromPoolOrStorage/get_validator_info_from_pool_or_storage_should_work_from_pool
=== PAUSE TestTransactionsSync_GetValidatorInfoFromPoolShouldWork/get_validator_info_from_pool_should_work
=== RUN   TestTransactionsSync_GetValidatorInfoFromPoolOrStorage/get_validator_info_from_pool_or_storage_when_txHash_does_not_exist_in_mapTxsToMiniBlocks
=== PAUSE TestTransactionsSync_GetValidatorInfoFromPoolOrStorage/get_validator_info_from_pool_or_storage_when_txHash_does_not_exist_in_mapTxsToMiniBlocks
--- PASS: TestNewPendingTransactionsSyncer_NilDataPools (0.00s)
=== CONT  TestNewPendingEpochStartShardHeaderSyncer_NilEnableEpochsHandler
--- PASS: TestNewPendingTransactionsSyncer_NilStorages (0.00s)
--- PASS: TestTransactionsSync_ReceivedValidatorInfo (0.00s)
--- PASS: TestSyncEpochStartMetaHeader_MetaBlockInStorage (0.00s)
=== RUN   TestTransactionsSync_GetValidatorInfoFromPoolOrStorage/get_validator_info_from_pool_or_storage_should_work_using_search_first
=== CONT  TestNewPendingEpochStartShardHeaderSyncer_NilProofsPool
--- PASS: TestNewPendingEpochStartShardHeaderSyncer_NilEnableEpochsHandler (0.00s)
--- PASS: TestSyncHeadersByHash_GetHeadersShouldReceiveAndReturnOkMb (0.00s)
--- PASS: TestSyncPendingTransactionsFor (0.00s)
--- PASS: TestHeadersSyncHandler_NilMarshalizerEr (0.00s)
--- PASS: TestSyncEpochStartMetaHeader_ReceiveHeaderOk (0.00s)
--- PASS: TestHeadersSyncHandler_NilCacheErr (0.00s)
--- PASS: TestHeadersSyncHandler_NilRequestHandlerEr (0.00s)
--- PASS: TestHeadersSyncHandler (0.00s)
--- PASS: TestNewPendingEpochStartShardHeaderSyncer (0.00s)
--- PASS: TestSyncEpochStartShardHeader_ProofsBeforeHeaderShouldWork (0.00s)
--- PASS: TestSyncPendingMiniBlocksFromMeta_GetMiniBlocksShouldWork (0.00s)
--- PASS: TestHeadersSyncHandler_NilEpochHandlerErr (0.00s)
--- PASS: TestHeadersSyncHandler_NilStorageErr (0.00s)
--- PASS: TestTransactionsSync_GetValidatorInfoFromPoolWithSearchFirstShouldWork (0.00s)
--- PASS: TestSyncEpochStartShardHeader_GetEpochStartHeaderNotSynced (0.00s)
--- PASS: TestNewPendingTransactionsSyncer_NilMarshalizer (0.00s)
=== CONT  TestNewPendingEpochStartShardHeaderSyncer_NilRequestHandler
=== RUN   TestSyncPendingTransactionsFor_requestTransactionsFor/request_rewards_txs
--- PASS: TestNewPendingEpochStartShardHeaderSyncer_NilRequestHandler (0.00s)
=== CONT  TestNewPendingEpochStartShardHeaderSyncer_NilMarshalizer
--- PASS: TestNewPendingEpochStartShardHeaderSyncer_NilMarshalizer (0.00s)
=== CONT  TestSyncHeadersByHash_SyncMissingHeadersByHashHeaderFoundInStorageShouldWork
=== PAUSE TestTransactionsSync_GetValidatorInfoFromPoolOrStorage/get_validator_info_from_pool_or_storage_should_work_using_search_first
--- PASS: TestNewPendingEpochStartShardHeaderSyncer_NilProofsPool (0.00s)
=== RUN   TestTransactionsSync_GetValidatorInfoFromPoolOrStorage/get_validator_info_from_pool_or_storage_when_txHash_does_not_exist_in_storage
=== PAUSE TestTransactionsSync_GetValidatorInfoFromPoolOrStorage/get_validator_info_from_pool_or_storage_when_txHash_does_not_exist_in_storage
=== RUN   TestTransactionsSync_GetValidatorInfoFromPoolOrStorage/get_validator_info_from_pool_or_storage_should_work_from_storage
--- PASS: TestSyncPendingTransactionsFor_requestTransactionsFor (0.00s)
    --- PASS: TestSyncPendingTransactionsFor_requestTransactionsFor/request_transactions (0.00s)
    --- PASS: TestSyncPendingTransactionsFor_requestTransactionsFor/request_invalid_transactions (0.00s)
    --- PASS: TestSyncPendingTransactionsFor_requestTransactionsFor/request_unsigned_txs (0.00s)
    --- PASS: TestSyncPendingTransactionsFor_requestTransactionsFor/request_rewards_txs (0.00s)
=== PAUSE TestTransactionsSync_GetValidatorInfoFromPoolOrStorage/get_validator_info_from_pool_or_storage_should_work_from_storage
=== CONT  TestNewPendingEpochStartShardHeaderSyncer_NilHeadersPool
--- PASS: TestNewPendingEpochStartShardHeaderSyncer_NilHeadersPool (0.00s)
=== CONT  TestSyncHeadersByHash_SyncMissingHeadersByHashHeaderNotFoundShouldTimeout
=== CONT  TestSyncHeadersByHash_GetHeadersNotSyncedShouldErr
--- PASS: TestSyncHeadersByHash_GetHeadersNotSyncedShouldErr (0.00s)
=== CONT  TestNewMissingheadersByHashSyncer_OkValsShouldWork
--- PASS: TestNewMissingheadersByHashSyncer_OkValsShouldWork (0.00s)
=== CONT  TestSyncHeadersByHash_SyncMissingHeadersByHashHeaderFoundInCacheShouldWork
--- PASS: TestSyncHeadersByHash_SyncMissingHeadersByHashHeaderFoundInCacheShouldWork (0.00s)
=== CONT  TestNewSyncState_CannotSyncHeaderErr
[0;32mINFO [0m[2026-03-16 10:14:18.579]   syncing un-finished meta headers for epoch 1 [0;32mstatus[0m = syncing...please wait 
--- PASS: TestSyncHeadersByHash_SyncMissingHeadersByHashHeaderFoundInStorageShouldWork (0.00s)
=== CONT  TestNewMissingheadersByHashSyncer_NilParamsShouldErr
--- PASS: TestNewMissingheadersByHashSyncer_NilParamsShouldErr (0.00s)
=== CONT  TestNewSyncState
--- PASS: TestNewSyncState (0.00s)
=== CONT  TestNewSyncState_NilTrieSyncersShouldErr
--- PASS: TestNewSyncState_NilTrieSyncersShouldErr (0.00s)
=== CONT  TestWaitFor_ShouldWorkAfterTheChannelIsWrittenIn
--- PASS: TestWaitFor_ShouldWorkAfterTheChannelIsWrittenIn (0.01s)
--- PASS: TestSyncHeadersByHash_SyncMissingHeadersByHashHeaderNotFoundShouldTimeout (0.01s)
=== CONT  TestSyncState_SyncAllStateSyncTxsErr
=== CONT  TestSyncState_SyncAllStateGetMiniBlocksErr
[0;32mINFO [0m[2026-03-16 10:14:18.589]   epoch start meta block                   [0;32mnonce[0m = 0 [0;32mround[0m = 0 [0;32mroot hash[0m =  [0;32mepoch[0m = 0 
[0;32mINFO [0m[2026-03-16 10:14:18.589]   epoch start meta block                   [0;32mnonce[0m = 0 [0;32mround[0m = 0 [0;32mroot hash[0m =  [0;32mepoch[0m = 0 
[0;32mINFO [0m[2026-03-16 10:14:18.589]   getting epoch start metablock            [0;32mstatus[0m = syncing...please wait 
[0;32mINFO [0m[2026-03-16 10:14:18.589]   getting miniblocks                       [0;32mstatus[0m = syncing...please wait 
[0;32mINFO [0m[2026-03-16 10:14:18.589]   getting epoch start metablock            [0;32mstatus[0m = done 
[0;32mINFO [0m[2026-03-16 10:14:18.589]   getting miniblocks                       [0;32mstatus[0m = done 
[0;31mERROR[0m[2026-03-16 10:14:18.589]   sync data process finished with error    [0;31merror[0m = err in syncState.SyncAllState - SyncTransactionsFor 
[0;32mINFO [0m[2026-03-16 10:14:18.589]   syncing un-finished meta headers for epoch 0 [0;32mstatus[0m = syncing...please wait 
[0;32mINFO [0m[2026-03-16 10:14:18.589]   syncing un-finished meta headers for epoch 0 [0;32mstatus[0m = done 
[0;32mINFO [0m[2026-03-16 10:14:18.589]   syncing un-finished meta headers for epoch 0 [0;32mstatus[0m = syncing...please wait 
--- PASS: TestSyncState_SyncAllStateSyncTxsErr (0.00s)
[0;32mINFO [0m[2026-03-16 10:14:18.589]   getting epoch start metablock            [0;32mstatus[0m = syncing...please wait 
=== CONT  TestNewSyncState_Ok
[0;32mINFO [0m[2026-03-16 10:14:18.589]   getting miniblocks                       [0;32mstatus[0m = syncing...please wait 
[0;32mINFO [0m[2026-03-16 10:14:18.589]   getting epoch start metablock            [0;32mstatus[0m = done 
[0;32mINFO [0m[2026-03-16 10:14:18.589]   syncing pending miniblocks for epoch 0   [0;32mstatus[0m = syncing...please wait 
[0;31mERROR[0m[2026-03-16 10:14:18.589]   sync data process finished with error    [0;31merror[0m = err in syncState.SyncAllState - GetMiniBlocks 
[0;32mINFO [0m[2026-03-16 10:14:18.589]   getting un-finished metablocks           [0;32mstatus[0m = syncing...please wait 
[0;32mINFO [0m[2026-03-16 10:14:18.589]   syncing pending miniblocks for epoch 0   [0;32mstatus[0m = done 
[0;32mINFO [0m[2026-03-16 10:14:18.589]   syncing pending transactions for epoch 0 [0;32mstatus[0m = syncing...please wait 
[0;32mINFO [0m[2026-03-16 10:14:18.589]   getting un-finished metablocks           [0;32mstatus[0m = done 
--- PASS: TestSyncState_SyncAllStateGetMiniBlocksErr (0.00s)
[0;32mINFO [0m[2026-03-16 10:14:18.589]   getting miniblocks                       [0;32mstatus[0m = done 
=== CONT  TestSyncState_SyncAllStatePendingMiniBlocksErr
[0;32mINFO [0m[2026-03-16 10:14:18.589]   syncing pending miniblocks for epoch 0   [0;32mstatus[0m = syncing...please wait 
[0;32mINFO [0m[2026-03-16 10:14:18.589]   epoch start meta block                   [0;32mnonce[0m = 0 [0;32mround[0m = 0 [0;32mroot hash[0m =  [0;32mepoch[0m = 0 
[0;32mINFO [0m[2026-03-16 10:14:18.589]   syncing pending miniblocks for epoch 0   [0;32mstatus[0m = done 
[0;32mINFO [0m[2026-03-16 10:14:18.589]   syncing un-finished meta headers for epoch 0 [0;32mstatus[0m = done 
[0;32mINFO [0m[2026-03-16 10:14:18.589]   getting un-finished metablocks           [0;32mstatus[0m = syncing...please wait 
[0;32mINFO [0m[2026-03-16 10:14:18.589]   syncing pending transactions for epoch 0 [0;32mstatus[0m = done 
[0;32mINFO [0m[2026-03-16 10:14:18.589]   getting epoch start metablock            [0;32mstatus[0m = syncing...please wait 
[0;32mINFO [0m[2026-03-16 10:14:18.589]   getting un-finished metablocks           [0;32mstatus[0m = done 
[0;32mINFO [0m[2026-03-16 10:14:18.589]   syncing pending miniblocks for epoch 0   [0;32mstatus[0m = syncing...please wait 
[0;32mINFO [0m[2026-03-16 10:14:18.589]   syncing un-finished meta headers for epoch 0 [0;32mstatus[0m = syncing...please wait 
[0;31mERROR[0m[2026-03-16 10:14:18.589]   sync data process finished with error    [0;31merror[0m = err in syncState.SyncAllState - SyncPendingMiniBlocksFromMeta 
[0;32mINFO [0m[2026-03-16 10:14:18.589]   syncing un-finished meta headers for epoch 0 [0;32mstatus[0m = done 
[0;32mINFO [0m[2026-03-16 10:14:18.589]   getting un-finished metablocks           [0;32mstatus[0m = syncing...please wait 
--- PASS: TestSyncState_SyncAllStatePendingMiniBlocksErr (0.00s)
[0;32mINFO [0m[2026-03-16 10:14:18.589]   getting epoch start metablock            [0;32mstatus[0m = done 
[0;32mINFO [0m[2026-03-16 10:14:18.589]   getting un-finished metablocks           [0;32mstatus[0m = done 
[0;32mINFO [0m[2026-03-16 10:14:18.589]   syncing pending miniblocks for epoch 0   [0;32mstatus[0m = done 
=== CONT  TestConcurrentTriesMap_ConcurrentAccesses
[0;32mINFO [0m[2026-03-16 10:14:18.589]   epoch start meta block                   [0;32mnonce[0m = 1 [0;32mround[0m = 0 [0;32mroot hash[0m = 6d657461526f6f7448617368 [0;32mepoch[0m = 1 
[0;32mINFO [0m[2026-03-16 10:14:18.589]   getting un-finished metablocks           [0;32mstatus[0m = syncing...please wait 
[0;32mINFO [0m[2026-03-16 10:14:18.589]   getting un-finished metablocks           [0;32mstatus[0m = done 
[0;32mINFO [0m[2026-03-16 10:14:18.589]   syncing un-finished meta headers for epoch 1 [0;32mstatus[0m = syncing...please wait 
[0;32mINFO [0m[2026-03-16 10:14:18.589]   syncing pending miniblocks for epoch 1   [0;32mstatus[0m = syncing...please wait 
[0;32mINFO [0m[2026-03-16 10:14:18.590]   syncing pending miniblocks for epoch 1   [0;32mstatus[0m = done 
[0;32mINFO [0m[2026-03-16 10:14:18.589]   syncing un-finished meta headers for epoch 1 [0;32mstatus[0m = done 
[0;32mINFO [0m[2026-03-16 10:14:18.589]   getting epoch start metablock            [0;32mstatus[0m = syncing...please wait 
[0;32mINFO [0m[2026-03-16 10:14:18.590]   getting epoch start metablock            [0;32mstatus[0m = done 
[0;32mINFO [0m[2026-03-16 10:14:18.589]   getting miniblocks                       [0;32mstatus[0m = syncing...please wait 
[0;32mINFO [0m[2026-03-16 10:14:18.590]   getting miniblocks                       [0;32mstatus[0m = done 
[0;32mINFO [0m[2026-03-16 10:14:18.590]   sync data process finished successfully  
[0;32mINFO [0m[2026-03-16 10:14:18.590]   syncing pending transactions for epoch 1 [0;32mstatus[0m = syncing...please wait 
[0;32mINFO [0m[2026-03-16 10:14:18.590]   syncing pending transactions for epoch 1 [0;32mstatus[0m = done 
--- PASS: TestNewSyncState_Ok (0.00s)
=== CONT  TestNewSyncState_CannotSyncTriesErr
[0;32mINFO [0m[2026-03-16 10:14:18.590]   epoch start meta block                   [0;32mnonce[0m = 1 [0;32mround[0m = 0 [0;32mroot hash[0m = 6d657461526f6f7448617368 [0;32mepoch[0m = 1 
[0;32mINFO [0m[2026-03-16 10:14:18.590]   getting un-finished metablocks           [0;32mstatus[0m = syncing...please wait 
[0;32mINFO [0m[2026-03-16 10:14:18.590]   getting un-finished metablocks           [0;32mstatus[0m = done 
[0;32mINFO [0m[2026-03-16 10:14:18.590]   syncing un-finished meta headers for epoch 1 [0;32mstatus[0m = syncing...please wait 
[0;32mINFO [0m[2026-03-16 10:14:18.590]   syncing pending miniblocks for epoch 1   [0;32mstatus[0m = syncing...please wait 
[0;32mINFO [0m[2026-03-16 10:14:18.590]   syncing pending miniblocks for epoch 1   [0;32mstatus[0m = done 
[0;32mINFO [0m[2026-03-16 10:14:18.590]   syncing pending transactions for epoch 1 [0;32mstatus[0m = syncing...please wait 
[0;32mINFO [0m[2026-03-16 10:14:18.590]   getting miniblocks                       [0;32mstatus[0m = syncing...please wait 
[0;32mINFO [0m[2026-03-16 10:14:18.590]   syncing pending transactions for epoch 1 [0;32mstatus[0m = done 
[0;32mINFO [0m[2026-03-16 10:14:18.590]   getting epoch start metablock            [0;32mstatus[0m = syncing...please wait 
[0;32mINFO [0m[2026-03-16 10:14:18.590]   getting epoch start metablock            [0;32mstatus[0m = done 
[0;32mINFO [0m[2026-03-16 10:14:18.590]   syncing un-finished meta headers for epoch 1 [0;32mstatus[0m = done 
[0;32mINFO [0m[2026-03-16 10:14:18.590]   getting miniblocks                       [0;32mstatus[0m = done 
[0;31mERROR[0m[2026-03-16 10:14:18.590]   sync data process finished with error    [0;31merror[0m = err UserAccount, shard: meta in syncState.SyncAllState - SyncTriesFrom 
--- PASS: TestNewSyncState_CannotSyncTriesErr (0.00s)
=== CONT  TestNewConcurrentTriesMap
--- PASS: TestNewConcurrentTriesMap (0.00s)
=== CONT  TestGetDataFromStorage_FoundShouldWork
--- PASS: TestGetDataFromStorage_FoundShouldWork (0.00s)
=== CONT  TestGetDataFromStorage_NotFoundShouldErr
--- PASS: TestGetDataFromStorage_NotFoundShouldErr (0.00s)
=== CONT  TestWaitFor_ShouldTimeout
--- PASS: TestWaitFor_ShouldTimeout (0.01s)
=== CONT  TestNewPendingTransactionsSyncer_NilRequestHandler/TransactionUnit_not_found
=== CONT  TestNewPendingTransactionsSyncer_NilRequestHandler/RewardTransactionUnit_not_found
=== CONT  TestNewPendingTransactionsSyncer_NilRequestHandler/UnsignedTransactionUnit_not_found
--- PASS: TestNewPendingTransactionsSyncer_NilRequestHandler (0.00s)
    --- PASS: TestNewPendingTransactionsSyncer_NilRequestHandler/TransactionUnit_not_found (0.00s)
    --- PASS: TestNewPendingTransactionsSyncer_NilRequestHandler/RewardTransactionUnit_not_found (0.00s)
    --- PASS: TestNewPendingTransactionsSyncer_NilRequestHandler/UnsignedTransactionUnit_not_found (0.00s)
=== CONT  TestTransactionsSync_GetValidatorInfoFromPoolShouldWork/get_validator_info_from_pool_when_tx_hash_does_not_exist_in_mapTxsToMiniBlocks
=== CONT  TestTransactionsSync_GetValidatorInfoFromPoolShouldWork/get_validator_info_from_pool_should_work
=== CONT  TestTransactionsSync_GetValidatorInfoFromPoolShouldWork/get_validator_info_from_pool_when_value_received_from_pool_is_not_of_type_*state.ShardValidatorInfo
[0;31mERROR[0m[2026-03-16 10:14:18.601]   transactionsSync.getValidatorInfoFromPool [0;31mtx hash[0m = 68617368 [0;31merror[0m = wrong type assertion 
=== CONT  TestTransactionsSync_GetValidatorInfoFromPoolShouldWork/get_validator_info_from_pool_when_tx_hash_is_not_found_in_shard_data_store
=== CONT  TestTransactionsSync_GetValidatorInfoFromPoolShouldWork/get_validator_info_from_pool_when_shard_data_store_is_missing
--- PASS: TestTransactionsSync_GetValidatorInfoFromPoolShouldWork (0.00s)
    --- PASS: TestTransactionsSync_GetValidatorInfoFromPoolShouldWork/get_validator_info_from_pool_when_tx_hash_does_not_exist_in_mapTxsToMiniBlocks (0.00s)
    --- PASS: TestTransactionsSync_GetValidatorInfoFromPoolShouldWork/get_validator_info_from_pool_should_work (0.00s)
    --- PASS: TestTransactionsSync_GetValidatorInfoFromPoolShouldWork/get_validator_info_from_pool_when_value_received_from_pool_is_not_of_type_*state.ShardValidatorInfo (0.00s)
    --- PASS: TestTransactionsSync_GetValidatorInfoFromPoolShouldWork/get_validator_info_from_pool_when_tx_hash_is_not_found_in_shard_data_store (0.00s)
    --- PASS: TestTransactionsSync_GetValidatorInfoFromPoolShouldWork/get_validator_info_from_pool_when_shard_data_store_is_missing (0.00s)
=== CONT  TestTransactionsSync_GetValidatorInfoFromPoolOrStorage/get_validator_info_from_pool_or_storage_should_work_from_pool
=== CONT  TestTransactionsSync_GetValidatorInfoFromPoolOrStorage/get_validator_info_from_pool_or_storage_when_txHash_does_not_exist_in_storage
=== CONT  TestTransactionsSync_GetValidatorInfoFromPoolOrStorage/get_validator_info_from_pool_or_storage_should_work_from_storage
=== CONT  TestTransactionsSync_GetValidatorInfoFromPoolOrStorage/get_validator_info_from_pool_or_storage_should_work_using_search_first
=== CONT  TestTransactionsSync_GetValidatorInfoFromPoolOrStorage/get_validator_info_from_pool_or_storage_when_txHash_does_not_exist_in_mapTxsToMiniBlocks
--- PASS: TestTransactionsSync_GetValidatorInfoFromPoolOrStorage (0.00s)
    --- PASS: TestTransactionsSync_GetValidatorInfoFromPoolOrStorage/get_validator_info_from_pool_or_storage_should_work_from_pool (0.00s)
    --- PASS: TestTransactionsSync_GetValidatorInfoFromPoolOrStorage/get_validator_info_from_pool_or_storage_when_txHash_does_not_exist_in_storage (0.00s)
    --- PASS: TestTransactionsSync_GetValidatorInfoFromPoolOrStorage/get_validator_info_from_pool_or_storage_should_work_from_storage (0.00s)
    --- PASS: TestTransactionsSync_GetValidatorInfoFromPoolOrStorage/get_validator_info_from_pool_or_storage_should_work_using_search_first (0.00s)
    --- PASS: TestTransactionsSync_GetValidatorInfoFromPoolOrStorage/get_validator_info_from_pool_or_storage_when_txHash_does_not_exist_in_mapTxsToMiniBlocks (0.00s)
--- PASS: TestConcurrentTriesMap_ConcurrentAccesses (0.05s)
--- PASS: TestSyncPendingMiniBlocksFromMeta_MiniBlocksInPoolReceive (0.10s)
--- PASS: TestSyncEpochStartShardHeader_ClearFields (0.10s)
--- PASS: TestSyncEpochStartShardHeader_NonEpochStartHeadersShouldTriggerNextAttempt (0.10s)
--- PASS: TestSyncEpochStartShardHeader_Success (0.10s)
--- PASS: TestSyncEpochStartShardHeader_DifferentShardIDsShouldNotInterfere (0.10s)
--- PASS: TestSyncEpochStartShardHeader_MultipleGoroutines (0.20s)
--- PASS: TestSyncEpochStartShardHeader_Timeout (0.20s)
--- PASS: TestSyncPendingTransactionsFor_ReceiveMissingTx (0.50s)
--- PASS: TestSyncEpochStartMetaHeader_MissingHeaderTimeout (1.00s)
--- PASS: TestSyncEpochStartMetaHeader_ReceiveWrongHeaderTimeout (1.00s)
--- PASS: TestSyncEpochStartShardHeader_TwoConsecutiveProofsWithSameHeaderHash (1.00s)
--- PASS: TestSyncPendingMiniBlocksFromMeta_MiniBlocksInPoolMissingTimeout (1.50s)
--- PASS: TestSyncPendingTransactionsFor_MissingTxFromPool (1.50s)
[0;32mINFO [0m[2026-03-16 10:14:38.580]   syncing un-finished meta headers for epoch 1 [0;32mstatus[0m = syncing...please wait 
[0;32mINFO [0m[2026-03-16 10:14:58.580]   syncing un-finished meta headers for epoch 1 [0;32mstatus[0m = syncing...please wait 
--- PASS: TestNewSyncState_CannotSyncHeaderErr (60.00s)
PASS
[0;32mINFO [0m[2026-03-16 10:15:18.580]   syncing un-finished meta headers for epoch 1 [0;32mstatus[0m = done 
ok  	github.com/TerraDharitri/drt-go-chain/update/sync	(cached)
=== RUN   TestNewImportStartHandler_EmptyStringShouldErr
=== PAUSE TestNewImportStartHandler_EmptyStringShouldErr
=== RUN   TestNewImportStartHandler
=== PAUSE TestNewImportStartHandler
=== RUN   TestImportStartHandler_SetGetRemove
=== PAUSE TestImportStartHandler_SetGetRemove
=== RUN   TestImportStartHandler_DoubleSetShouldNotError
=== PAUSE TestImportStartHandler_DoubleSetShouldNotError
=== RUN   TestNewTrigger_EmptyTriggerPubKeyBytesShouldErr
=== PAUSE TestNewTrigger_EmptyTriggerPubKeyBytesShouldErr
=== RUN   TestNewTrigger_EmptySelfPubKeyBytesShouldErr
=== PAUSE TestNewTrigger_EmptySelfPubKeyBytesShouldErr
=== RUN   TestNewTrigger_ShouldWork
=== PAUSE TestNewTrigger_ShouldWork
=== RUN   TestSetExportFactoryHandler_NilArgShouldErr
=== PAUSE TestSetExportFactoryHandler_NilArgShouldErr
=== RUN   TestSetExportFactoryHandler_ShouldWork
=== PAUSE TestSetExportFactoryHandler_ShouldWork
=== RUN   TestTrigger_TriggerNotEnabledShouldErr
=== PAUSE TestTrigger_TriggerNotEnabledShouldErr
=== RUN   TestTrigger_TriggerWrongEpochShouldErr
=== PAUSE TestTrigger_TriggerWrongEpochShouldErr
=== RUN   TestTrigger_TriggerEnabledShouldWork
=== PAUSE TestTrigger_TriggerEnabledShouldWork
=== RUN   TestTrigger_TriggerWithEarlyEndOfEpochEnabledShouldWork
=== PAUSE TestTrigger_TriggerWithEarlyEndOfEpochEnabledShouldWork
=== RUN   TestTrigger_TriggerCalledTwiceShouldErr
=== PAUSE TestTrigger_TriggerCalledTwiceShouldErr
=== RUN   TestTrigger_TriggerReceivedNotAHardforkTriggerRetNilButNotCall
=== PAUSE TestTrigger_TriggerReceivedNotAHardforkTriggerRetNilButNotCall
=== RUN   TestTrigger_ComputeTriggerStartOfEpoch
=== PAUSE TestTrigger_ComputeTriggerStartOfEpoch
=== RUN   TestTrigger_TriggerReceivedNotEnabledShouldRetNilButNotCall
=== PAUSE TestTrigger_TriggerReceivedNotEnabledShouldRetNilButNotCall
=== RUN   TestTrigger_TriggerReceivedNotEnabledAuthenticatedShouldRetNilButNotCall
=== PAUSE TestTrigger_TriggerReceivedNotEnabledAuthenticatedShouldRetNilButNotCall
=== RUN   TestTrigger_TriggerReceivedPubkeysMismatchShouldErr
=== PAUSE TestTrigger_TriggerReceivedPubkeysMismatchShouldErr
=== RUN   TestTrigger_TriggerReceivedNotEnoughTokensShouldErr
=== PAUSE TestTrigger_TriggerReceivedNotEnoughTokensShouldErr
=== RUN   TestTrigger_TriggerReceivedNotAnIntShouldErr
=== PAUSE TestTrigger_TriggerReceivedNotAnIntShouldErr
=== RUN   TestTrigger_TriggerReceivedOutOfGracePeriodShouldErr
=== PAUSE TestTrigger_TriggerReceivedOutOfGracePeriodShouldErr
=== RUN   TestTrigger_TriggerReceivedInvalidEpochShouldErr
=== PAUSE TestTrigger_TriggerReceivedInvalidEpochShouldErr
=== RUN   TestTrigger_TriggerReceivedShouldWork
=== PAUSE TestTrigger_TriggerReceivedShouldWork
=== RUN   TestTrigger_TriggerReceivedCreatePayloadShouldWork
=== PAUSE TestTrigger_TriggerReceivedCreatePayloadShouldWork
=== RUN   TestTrigger_TriggerReceivedOneCloseErrorsShouldContinueCalling
=== PAUSE TestTrigger_TriggerReceivedOneCloseErrorsShouldContinueCalling
=== RUN   TestTrigger_IsSelfTrigger
=== PAUSE TestTrigger_IsSelfTrigger
=== RUN   TestTrigger_AddCloserNilInstanceShouldErr
=== PAUSE TestTrigger_AddCloserNilInstanceShouldErr
=== RUN   TestTrigger_AddCloserShouldWork
=== PAUSE TestTrigger_AddCloserShouldWork
=== CONT  TestNewImportStartHandler_EmptyStringShouldErr
--- PASS: TestNewImportStartHandler_EmptyStringShouldErr (0.00s)
=== CONT  TestTrigger_AddCloserShouldWork
--- PASS: TestTrigger_AddCloserShouldWork (0.00s)
=== CONT  TestTrigger_AddCloserNilInstanceShouldErr
--- PASS: TestTrigger_AddCloserNilInstanceShouldErr (0.00s)
=== CONT  TestTrigger_IsSelfTrigger
--- PASS: TestTrigger_IsSelfTrigger (0.00s)
=== CONT  TestTrigger_TriggerReceivedOneCloseErrorsShouldContinueCalling
[0;33mWARN [0m[2026-03-16 10:14:18.574]   error closing registered instance        [0;33merror[0m = expected error 
--- PASS: TestTrigger_TriggerReceivedOneCloseErrorsShouldContinueCalling (0.00s)
[0;32mINFO [0m[2026-03-16 10:14:18.574]   started hardFork export process          
[0;32mINFO [0m[2026-03-16 10:14:18.574]   finished hardFork export process         
[0;32mINFO [0m[2026-03-16 10:14:18.574]   node will still be active for            [0;32mtime duration[0m = 2m0s 
=== CONT  TestTrigger_TriggerReceivedCreatePayloadShouldWork
--- PASS: TestTrigger_TriggerReceivedCreatePayloadShouldWork (0.00s)
[0;32mINFO [0m[2026-03-16 10:14:18.574]   started hardFork export process          
[0;32mINFO [0m[2026-03-16 10:14:18.574]   finished hardFork export process         
[0;32mINFO [0m[2026-03-16 10:14:18.574]   node will still be active for            [0;32mtime duration[0m = 2m0s 
=== CONT  TestTrigger_TriggerWithEarlyEndOfEpochEnabledShouldWork
=== CONT  TestTrigger_TriggerNotEnabledShouldErr
--- PASS: TestTrigger_TriggerNotEnabledShouldErr (0.00s)
=== CONT  TestSetExportFactoryHandler_ShouldWork
=== CONT  TestSetExportFactoryHandler_NilArgShouldErr
--- PASS: TestSetExportFactoryHandler_NilArgShouldErr (0.00s)
=== CONT  TestNewTrigger_ShouldWork
--- PASS: TestNewTrigger_ShouldWork (0.00s)
=== CONT  TestNewTrigger_EmptySelfPubKeyBytesShouldErr
[0;32mINFO [0m[2026-03-16 10:14:18.574]   hardfork trigger                         [0;32mepoch[0m = 1 [0;32mwithEarlyEndOfEpoch[0m = true [0;32mround[0m = 4443 
--- PASS: TestNewTrigger_EmptySelfPubKeyBytesShouldErr (0.00s)
=== CONT  TestNewTrigger_EmptyTriggerPubKeyBytesShouldErr
--- PASS: TestSetExportFactoryHandler_ShouldWork (0.00s)
--- PASS: TestNewTrigger_EmptyTriggerPubKeyBytesShouldErr (0.00s)
=== CONT  TestImportStartHandler_DoubleSetShouldNotError
=== CONT  TestTrigger_TriggerReceivedInvalidEpochShouldErr
--- PASS: TestTrigger_TriggerReceivedInvalidEpochShouldErr (0.00s)
=== CONT  TestTrigger_TriggerReceivedOutOfGracePeriodShouldErr
--- PASS: TestTrigger_TriggerReceivedOutOfGracePeriodShouldErr (0.00s)
=== CONT  TestTrigger_TriggerReceivedNotAnIntShouldErr
--- PASS: TestTrigger_TriggerReceivedNotAnIntShouldErr (0.00s)
=== CONT  TestTrigger_TriggerReceivedNotEnoughTokensShouldErr
--- PASS: TestTrigger_TriggerReceivedNotEnoughTokensShouldErr (0.00s)
=== CONT  TestTrigger_TriggerReceivedPubkeysMismatchShouldErr
--- PASS: TestTrigger_TriggerReceivedPubkeysMismatchShouldErr (0.00s)
=== CONT  TestTrigger_TriggerReceivedNotEnabledAuthenticatedShouldRetNilButNotCall
--- PASS: TestTrigger_TriggerReceivedNotEnabledAuthenticatedShouldRetNilButNotCall (0.00s)
=== CONT  TestTrigger_TriggerReceivedNotEnabledShouldRetNilButNotCall
--- PASS: TestTrigger_TriggerReceivedNotEnabledShouldRetNilButNotCall (0.00s)
=== CONT  TestTrigger_ComputeTriggerStartOfEpoch
--- PASS: TestTrigger_ComputeTriggerStartOfEpoch (0.00s)
=== CONT  TestTrigger_TriggerReceivedNotAHardforkTriggerRetNilButNotCall
--- PASS: TestTrigger_TriggerReceivedNotAHardforkTriggerRetNilButNotCall (0.00s)
=== CONT  TestTrigger_TriggerCalledTwiceShouldErr
[0;32mINFO [0m[2026-03-16 10:14:18.574]   hardfork trigger                         [0;32mepoch[0m = 1 [0;32mwithEarlyEndOfEpoch[0m = false 
[0;32mINFO [0m[2026-03-16 10:14:18.574]   started hardFork export process          
[0;32mINFO [0m[2026-03-16 10:14:18.574]   finished hardFork export process         
[0;32mINFO [0m[2026-03-16 10:14:18.574]   node will still be active for            [0;32mtime duration[0m = 2m0s 
=== CONT  TestTrigger_TriggerEnabledShouldWork
[0;32mINFO [0m[2026-03-16 10:14:18.574]   hardfork trigger                         [0;32mepoch[0m = 1 [0;32mwithEarlyEndOfEpoch[0m = false 
[0;32mINFO [0m[2026-03-16 10:14:18.574]   started hardFork export process          
[0;32mINFO [0m[2026-03-16 10:14:18.574]   finished hardFork export process         
[0;32mINFO [0m[2026-03-16 10:14:18.574]   node will still be active for            [0;32mtime duration[0m = 2m0s 
=== CONT  TestTrigger_TriggerWrongEpochShouldErr
[0;32mINFO [0m[2026-03-16 10:14:18.574]   hardfork trigger                         [0;32mepoch[0m = 0 [0;32mwithEarlyEndOfEpoch[0m = false 
--- PASS: TestTrigger_TriggerWrongEpochShouldErr (0.00s)
=== CONT  TestImportStartHandler_SetGetRemove
=== CONT  TestNewImportStartHandler
[0;33mWARN [0m[2026-03-16 10:14:18.575]   version string is not in the correct format. Hardfork trigger will lead to unpredictable results 
--- PASS: TestNewImportStartHandler (0.00s)
=== CONT  TestTrigger_TriggerReceivedShouldWork
[0;32mINFO [0m[2026-03-16 10:14:18.575]   started hardFork export process          
[0;32mINFO [0m[2026-03-16 10:14:18.575]   finished hardFork export process         
[0;31mERROR[0m[2026-03-16 10:14:18.575]   error setting the node to start the import after the restart [0;31merror[0m = not a critical error 
[0;32mINFO [0m[2026-03-16 10:14:18.575]   node will still be active for            [0;32mtime duration[0m = 2m0s 
[0;33mWARN [0m[2026-03-16 10:14:18.575]   version string is not in the correct format. Hardfork trigger will lead to unpredictable results 
[0;33mWARN [0m[2026-03-16 10:14:18.575]   version string is not in the correct format. Hardfork trigger will lead to unpredictable results 
--- PASS: TestImportStartHandler_SetGetRemove (0.00s)
--- PASS: TestImportStartHandler_DoubleSetShouldNotError (0.00s)
--- PASS: TestTrigger_TriggerWithEarlyEndOfEpochEnabledShouldWork (1.00s)
--- PASS: TestTrigger_TriggerReceivedShouldWork (1.00s)
--- PASS: TestTrigger_TriggerEnabledShouldWork (1.00s)
[0;32mINFO [0m[2026-03-16 10:14:19.575]   hardfork trigger                         [0;32mepoch[0m = 1 [0;32mwithEarlyEndOfEpoch[0m = false 
--- PASS: TestTrigger_TriggerCalledTwiceShouldErr (1.00s)
PASS
ok  	github.com/TerraDharitri/drt-go-chain/update/trigger	(cached)
=== RUN   TestNewReadOnlySCContainer_NilScContainerShouldErr
=== PAUSE TestNewReadOnlySCContainer_NilScContainerShouldErr
=== RUN   TestNewReadOnlySCContainer_ShouldWork
=== PAUSE TestNewReadOnlySCContainer_ShouldWork
=== RUN   TestReadOnlySCContainer_WriteOperationShouldNotChangeAnything
=== PAUSE TestReadOnlySCContainer_WriteOperationShouldNotChangeAnything
=== RUN   TestReadOnlySCContainer_ReadOperationShouldGetFromOriginal
=== PAUSE TestReadOnlySCContainer_ReadOperationShouldGetFromOriginal
=== RUN   TestNewSystemSCContainer_ShouldWork
=== PAUSE TestNewSystemSCContainer_ShouldWork
=== RUN   TestSystemSCContainer_AddAlreadyExistingShouldErr
=== PAUSE TestSystemSCContainer_AddAlreadyExistingShouldErr
=== RUN   TestSystemSCContainer_AddNilShouldErr
=== PAUSE TestSystemSCContainer_AddNilShouldErr
=== RUN   TestSystemSCContainer_AddEmptyKeyShouldErr
=== PAUSE TestSystemSCContainer_AddEmptyKeyShouldErr
=== RUN   TestSystemSCContainer_AddShouldWork
=== PAUSE TestSystemSCContainer_AddShouldWork
=== RUN   TestSystemSCContainer_GetNotFoundShouldErr
=== PAUSE TestSystemSCContainer_GetNotFoundShouldErr
=== RUN   TestSystemSCContainer_GetShouldWork
=== PAUSE TestSystemSCContainer_GetShouldWork
=== RUN   TestSystemSCContainer_ReplaceNilValueShouldErrAndNotModify
=== PAUSE TestSystemSCContainer_ReplaceNilValueShouldErrAndNotModify
=== RUN   TestSystemSCContainer_ReplaceKeyNilOrEmptyKeyErrAndNotModify
=== PAUSE TestSystemSCContainer_ReplaceKeyNilOrEmptyKeyErrAndNotModify
=== RUN   TestSystemSCContainer_ReplaceShouldWork
=== PAUSE TestSystemSCContainer_ReplaceShouldWork
=== RUN   TestSystemSCContainer_RemoveShouldWork
=== PAUSE TestSystemSCContainer_RemoveShouldWork
=== RUN   TestSystemSCContainer_LenShouldWork
=== PAUSE TestSystemSCContainer_LenShouldWork
=== RUN   TestNewSystemSCFactory_NilSystemEI
=== PAUSE TestNewSystemSCFactory_NilSystemEI
=== RUN   TestNewSystemSCFactory_NilNodesCoordinator
=== PAUSE TestNewSystemSCFactory_NilNodesCoordinator
=== RUN   TestNewSystemSCFactory_NilSigVerifier
=== PAUSE TestNewSystemSCFactory_NilSigVerifier
=== RUN   TestNewSystemSCFactory_NilNodesConfigProvider
=== PAUSE TestNewSystemSCFactory_NilNodesConfigProvider
=== RUN   TestNewSystemSCFactory_NilMarshalizer
=== PAUSE TestNewSystemSCFactory_NilMarshalizer
=== RUN   TestNewSystemSCFactory_NilHasher
=== PAUSE TestNewSystemSCFactory_NilHasher
=== RUN   TestNewSystemSCFactory_NilEconomicsData
=== PAUSE TestNewSystemSCFactory_NilEconomicsData
=== RUN   TestNewSystemSCFactory_NilSystemScConfig
=== PAUSE TestNewSystemSCFactory_NilSystemScConfig
=== RUN   TestNewSystemSCFactory_NilPubKeyConverter
=== PAUSE TestNewSystemSCFactory_NilPubKeyConverter
=== RUN   TestNewSystemSCFactory_NilShardCoordinator
=== PAUSE TestNewSystemSCFactory_NilShardCoordinator
=== RUN   TestNewSystemSCFactory_Ok
=== PAUSE TestNewSystemSCFactory_Ok
=== RUN   TestNewSystemSCFactory_GasScheduleChangeMissingElementsShouldNotPanic
=== PAUSE TestNewSystemSCFactory_GasScheduleChangeMissingElementsShouldNotPanic
=== RUN   TestNewSystemSCFactory_GasScheduleChangeShouldWork
=== PAUSE TestNewSystemSCFactory_GasScheduleChangeShouldWork
=== RUN   TestSystemSCFactory_CreateWithBadDelegationManagerConfigChangeAddressShouldError
=== PAUSE TestSystemSCFactory_CreateWithBadDelegationManagerConfigChangeAddressShouldError
=== RUN   TestSystemSCFactory_Create
=== PAUSE TestSystemSCFactory_Create
=== RUN   TestSystemSCFactory_CreateForGenesis
=== PAUSE TestSystemSCFactory_CreateForGenesis
=== RUN   TestSystemSCFactory_IsInterfaceNil
=== PAUSE TestSystemSCFactory_IsInterfaceNil
=== CONT  TestNewReadOnlySCContainer_NilScContainerShouldErr
--- PASS: TestNewReadOnlySCContainer_NilScContainerShouldErr (0.00s)
=== CONT  TestSystemSCFactory_IsInterfaceNil
=== CONT  TestSystemSCContainer_LenShouldWork
--- PASS: TestSystemSCContainer_LenShouldWork (0.00s)
=== CONT  TestSystemSCContainer_ReplaceKeyNilOrEmptyKeyErrAndNotModify
=== CONT  TestNewSystemSCFactory_NilSystemEI
=== CONT  TestSystemSCContainer_ReplaceNilValueShouldErrAndNotModify
=== CONT  TestSystemSCContainer_GetShouldWork
=== CONT  TestSystemSCContainer_GetNotFoundShouldErr
=== CONT  TestSystemSCContainer_AddShouldWork
=== CONT  TestSystemSCContainer_AddEmptyKeyShouldErr
=== CONT  TestNewSystemSCFactory_NilSystemScConfig
=== CONT  TestNewSystemSCFactory_NilEconomicsData
=== CONT  TestNewSystemSCFactory_NilHasher
=== CONT  TestNewSystemSCFactory_NilMarshalizer
=== CONT  TestSystemSCContainer_AddAlreadyExistingShouldErr
=== CONT  TestNewSystemSCContainer_ShouldWork
=== CONT  TestReadOnlySCContainer_WriteOperationShouldNotChangeAnything
=== CONT  TestReadOnlySCContainer_ReadOperationShouldGetFromOriginal
=== CONT  TestNewReadOnlySCContainer_ShouldWork
=== CONT  TestNewSystemSCFactory_GasScheduleChangeShouldWork
=== CONT  TestNewSystemSCFactory_GasScheduleChangeMissingElementsShouldNotPanic
=== CONT  TestNewSystemSCFactory_Ok
=== CONT  TestSystemSCContainer_AddNilShouldErr
=== CONT  TestNewSystemSCFactory_NilShardCoordinator
=== CONT  TestNewSystemSCFactory_NilSigVerifier
=== CONT  TestNewSystemSCFactory_NilPubKeyConverter
=== CONT  TestSystemSCFactory_CreateForGenesis
=== CONT  TestSystemSCFactory_Create
=== CONT  TestNewSystemSCFactory_NilNodesCoordinator
=== CONT  TestSystemSCFactory_CreateWithBadDelegationManagerConfigChangeAddressShouldError
=== CONT  TestSystemSCContainer_RemoveShouldWork
=== CONT  TestSystemSCContainer_ReplaceShouldWork
--- PASS: TestSystemSCContainer_ReplaceKeyNilOrEmptyKeyErrAndNotModify (0.00s)
--- PASS: TestSystemSCContainer_ReplaceNilValueShouldErrAndNotModify (0.00s)
--- PASS: TestSystemSCContainer_GetShouldWork (0.00s)
--- PASS: TestSystemSCContainer_GetNotFoundShouldErr (0.00s)
--- PASS: TestSystemSCContainer_AddShouldWork (0.00s)
--- PASS: TestSystemSCContainer_AddEmptyKeyShouldErr (0.00s)
--- PASS: TestNewSystemSCFactory_NilMarshalizer (0.00s)
--- PASS: TestSystemSCContainer_AddAlreadyExistingShouldErr (0.00s)
--- PASS: TestNewSystemSCFactory_NilSystemScConfig (0.00s)
--- PASS: TestNewSystemSCContainer_ShouldWork (0.00s)
--- PASS: TestReadOnlySCContainer_WriteOperationShouldNotChangeAnything (0.00s)
--- PASS: TestReadOnlySCContainer_ReadOperationShouldGetFromOriginal (0.00s)
--- PASS: TestNewReadOnlySCContainer_ShouldWork (0.00s)
=== CONT  TestNewSystemSCFactory_NilNodesConfigProvider
--- PASS: TestNewSystemSCFactory_NilHasher (0.00s)
--- PASS: TestSystemSCContainer_AddNilShouldErr (0.00s)
--- PASS: TestSystemSCFactory_CreateForGenesis (0.00s)
--- PASS: TestNewSystemSCFactory_NilEconomicsData (0.00s)
--- PASS: TestNewSystemSCFactory_NilSystemEI (0.00s)
--- PASS: TestNewSystemSCFactory_NilShardCoordinator (0.00s)
--- PASS: TestNewSystemSCFactory_Ok (0.00s)
--- PASS: TestSystemSCFactory_IsInterfaceNil (0.00s)
--- PASS: TestNewSystemSCFactory_NilSigVerifier (0.00s)
--- PASS: TestNewSystemSCFactory_NilPubKeyConverter (0.00s)
--- PASS: TestSystemSCFactory_Create (0.00s)
--- PASS: TestNewSystemSCFactory_NilNodesCoordinator (0.00s)
--- PASS: TestSystemSCContainer_RemoveShouldWork (0.00s)
--- PASS: TestSystemSCContainer_ReplaceShouldWork (0.00s)
--- PASS: TestSystemSCFactory_CreateWithBadDelegationManagerConfigChangeAddressShouldError (0.00s)
--- PASS: TestNewSystemSCFactory_NilNodesConfigProvider (0.00s)
--- PASS: TestNewSystemSCFactory_GasScheduleChangeShouldWork (0.00s)
[0;31mERROR[0m[2026-03-16 10:14:18.579]   error changing gas schedule              [0;31merror[0m = gas cost for operation UnStakeTokens has been set to 0 or is not set 
--- PASS: TestNewSystemSCFactory_GasScheduleChangeMissingElementsShouldNotPanic (0.00s)
PASS
ok  	github.com/TerraDharitri/drt-go-chain/vm/factory	(cached)
=== RUN   TestNewMessageSigVerifier_NilKeyGenShouldErr
--- PASS: TestNewMessageSigVerifier_NilKeyGenShouldErr (0.00s)
=== RUN   TestNewMessageSigVerifier_NilSignerShouldErr
--- PASS: TestNewMessageSigVerifier_NilSignerShouldErr (0.00s)
=== RUN   TestNewMessageSigVerifier
--- PASS: TestNewMessageSigVerifier (0.00s)
=== RUN   TestMessageSigVerifier_IsInterfaceNil
--- PASS: TestMessageSigVerifier_IsInterfaceNil (0.00s)
=== RUN   TestMessageSigVerifier_VerifyNilPubKey
--- PASS: TestMessageSigVerifier_VerifyNilPubKey (0.00s)
=== RUN   TestMessageSigVerifier_VerifyInvalidPubKey
--- PASS: TestMessageSigVerifier_VerifyInvalidPubKey (0.00s)
=== RUN   TestMessageSigVerifier_VerifyInvalidSingature
--- PASS: TestMessageSigVerifier_VerifyInvalidSingature (0.00s)
=== RUN   TestMessageSigVerifier_Verify
--- PASS: TestMessageSigVerifier_Verify (0.00s)
=== RUN   TestNewSystemVM_NilSystemEI
=== PAUSE TestNewSystemVM_NilSystemEI
=== RUN   TestNewSystemVM_NilContainer
=== PAUSE TestNewSystemVM_NilContainer
=== RUN   TestNewSystemVM_NilVMType
=== PAUSE TestNewSystemVM_NilVMType
=== RUN   TestNewSystemVM_NilGasSchedule
=== PAUSE TestNewSystemVM_NilGasSchedule
=== RUN   TestNewSystemVM_NoApiCost
=== PAUSE TestNewSystemVM_NoApiCost
=== RUN   TestNewSystemVM_Ok
=== PAUSE TestNewSystemVM_Ok
=== RUN   TestSystemVM_RunSmartContractCreate
=== PAUSE TestSystemVM_RunSmartContractCreate
=== RUN   TestSystemVM_RunSmartContractCallWrongSmartContract
=== PAUSE TestSystemVM_RunSmartContractCallWrongSmartContract
=== RUN   TestSystemVM_RunSmartContractCall
=== PAUSE TestSystemVM_RunSmartContractCall
=== CONT  TestNewSystemVM_NilSystemEI
--- PASS: TestNewSystemVM_NilSystemEI (0.00s)
=== CONT  TestNewSystemVM_NoApiCost
=== CONT  TestNewSystemVM_Ok
--- PASS: TestNewSystemVM_NoApiCost (0.00s)
=== CONT  TestNewSystemVM_NilGasSchedule
=== CONT  TestNewSystemVM_NilVMType
--- PASS: TestNewSystemVM_NilVMType (0.00s)
=== CONT  TestNewSystemVM_NilContainer
--- PASS: TestNewSystemVM_NilContainer (0.00s)
=== CONT  TestSystemVM_RunSmartContractCallWrongSmartContract
--- PASS: TestSystemVM_RunSmartContractCallWrongSmartContract (0.00s)
=== CONT  TestSystemVM_RunSmartContractCall
--- PASS: TestSystemVM_RunSmartContractCall (0.00s)
=== CONT  TestSystemVM_RunSmartContractCreate
--- PASS: TestSystemVM_RunSmartContractCreate (0.00s)
--- PASS: TestNewSystemVM_NilGasSchedule (0.00s)
--- PASS: TestNewSystemVM_Ok (0.00s)
PASS
ok  	github.com/TerraDharitri/drt-go-chain/vm/process	(cached)
=== RUN   TestCheckIfNil_NilArgs
=== PAUSE TestCheckIfNil_NilArgs
=== RUN   TestCheckIfNil_NilCallerAddr
=== PAUSE TestCheckIfNil_NilCallerAddr
=== RUN   TestCheckIfNil_NilCallValue
=== PAUSE TestCheckIfNil_NilCallValue
=== RUN   TestCheckIfNil_NilRecipientAddr
=== PAUSE TestCheckIfNil_NilRecipientAddr
=== RUN   TestCheckIfNil_NilFunction
=== PAUSE TestCheckIfNil_NilFunction
=== RUN   TestCheckIfNil
=== PAUSE TestCheckIfNil
=== RUN   TestNewDCDTSmartContract
=== PAUSE TestNewDCDTSmartContract
=== RUN   TestNewDCDTSmartContract_NilEEIShouldErr
=== PAUSE TestNewDCDTSmartContract_NilEEIShouldErr
=== RUN   TestNewDCDTSmartContract_NilMarshalizerShouldErr
=== PAUSE TestNewDCDTSmartContract_NilMarshalizerShouldErr
=== RUN   TestNewDCDTSmartContract_NilHasherShouldErr
=== PAUSE TestNewDCDTSmartContract_NilHasherShouldErr
=== RUN   TestNewDCDTSmartContract_NilEnableEpochsHandlerShouldErr
=== PAUSE TestNewDCDTSmartContract_NilEnableEpochsHandlerShouldErr
=== RUN   TestNewDCDTSmartContract_InvalidEnableEpochsHandlerShouldErr
=== PAUSE TestNewDCDTSmartContract_InvalidEnableEpochsHandlerShouldErr
=== RUN   TestNewDCDTSmartContract_NilPubKeyConverterShouldErr
=== PAUSE TestNewDCDTSmartContract_NilPubKeyConverterShouldErr
=== RUN   TestNewDCDTSmartContract_BaseIssuingCostLessThanZeroShouldErr
=== PAUSE TestNewDCDTSmartContract_BaseIssuingCostLessThanZeroShouldErr
=== RUN   TestNewDCDTSmartContract_InvalidBaseIssuingCostShouldErr
=== PAUSE TestNewDCDTSmartContract_InvalidBaseIssuingCostShouldErr
=== RUN   TestDcdt_ExecuteIssueAlways6charactersForRandom
=== PAUSE TestDcdt_ExecuteIssueAlways6charactersForRandom
=== RUN   TestDcdt_ExecuteIssueWithMultiNFTCreate
=== PAUSE TestDcdt_ExecuteIssueWithMultiNFTCreate
=== RUN   TestDcdt_ExecuteIssue
=== PAUSE TestDcdt_ExecuteIssue
=== RUN   TestDcdt_ExecuteIssueWithZero
=== PAUSE TestDcdt_ExecuteIssueWithZero
=== RUN   TestDcdt_ExecuteIssueTooMuchSupply
=== PAUSE TestDcdt_ExecuteIssueTooMuchSupply
=== RUN   TestDcdt_IssueInvalidNumberOfDecimals
=== PAUSE TestDcdt_IssueInvalidNumberOfDecimals
=== RUN   TestDcdt_ExecuteNilArgsShouldErr
=== PAUSE TestDcdt_ExecuteNilArgsShouldErr
=== RUN   TestDcdt_ExecuteInit
=== PAUSE TestDcdt_ExecuteInit
=== RUN   TestDcdt_ExecuteWrongFunctionCall
=== PAUSE TestDcdt_ExecuteWrongFunctionCall
=== RUN   TestDcdt_ExecuteBurnWrongNumOfArgsShouldFail
=== PAUSE TestDcdt_ExecuteBurnWrongNumOfArgsShouldFail
=== RUN   TestDcdt_ExecuteBurnWrongCallValueShouldFail
=== PAUSE TestDcdt_ExecuteBurnWrongCallValueShouldFail
=== RUN   TestDcdt_ExecuteBurnWrongValueToBurnShouldFail
=== PAUSE TestDcdt_ExecuteBurnWrongValueToBurnShouldFail
=== RUN   TestDcdt_ExecuteBurnOnNonExistentTokenShouldFail
=== PAUSE TestDcdt_ExecuteBurnOnNonExistentTokenShouldFail
=== RUN   TestDcdt_ExecuteBurnAndMintDisabled
=== PAUSE TestDcdt_ExecuteBurnAndMintDisabled
=== RUN   TestDcdt_ExecuteBurnOnNonBurnableTokenShouldWorkAndReturnBurntTokens
=== PAUSE TestDcdt_ExecuteBurnOnNonBurnableTokenShouldWorkAndReturnBurntTokens
=== RUN   TestDcdt_ExecuteBurn
=== PAUSE TestDcdt_ExecuteBurn
=== RUN   TestDcdt_ExecuteMintTooFewArgumentsShouldFail
=== PAUSE TestDcdt_ExecuteMintTooFewArgumentsShouldFail
=== RUN   TestDcdt_ExecuteMintTooManyArgumentsShouldFail
=== PAUSE TestDcdt_ExecuteMintTooManyArgumentsShouldFail
=== RUN   TestDcdt_ExecuteMintWrongCallValueShouldFail
=== PAUSE TestDcdt_ExecuteMintWrongCallValueShouldFail
=== RUN   TestDcdt_ExecuteMintNotEnoughGasShouldFail
=== PAUSE TestDcdt_ExecuteMintNotEnoughGasShouldFail
=== RUN   TestDcdt_ExecuteMintOnNonExistentTokenShouldFail
=== PAUSE TestDcdt_ExecuteMintOnNonExistentTokenShouldFail
=== RUN   TestDcdt_ExecuteMintNotByOwnerShouldFail
=== PAUSE TestDcdt_ExecuteMintNotByOwnerShouldFail
=== RUN   TestDcdt_ExecuteMintWrongMintValueShouldFail
=== PAUSE TestDcdt_ExecuteMintWrongMintValueShouldFail
=== RUN   TestDcdt_ExecuteMintNonMintableTokenShouldFail
=== PAUSE TestDcdt_ExecuteMintNonMintableTokenShouldFail
=== RUN   TestDcdt_ExecuteMintSavesTokenWithMintedTokensAdded
=== PAUSE TestDcdt_ExecuteMintSavesTokenWithMintedTokensAdded
=== RUN   TestDcdt_ExecuteMintInvalidDestinationAddressShouldFail
=== PAUSE TestDcdt_ExecuteMintInvalidDestinationAddressShouldFail
=== RUN   TestDcdt_ExecuteMintTransferNoErr
=== PAUSE TestDcdt_ExecuteMintTransferNoErr
=== RUN   TestDcdt_ExecuteMintWithTwoArgsShouldSetOwnerAsDestination
=== PAUSE TestDcdt_ExecuteMintWithTwoArgsShouldSetOwnerAsDestination
=== RUN   TestDcdt_ExecuteMintWithThreeArgsShouldSetThirdArgAsDestination
=== PAUSE TestDcdt_ExecuteMintWithThreeArgsShouldSetThirdArgAsDestination
=== RUN   TestDcdt_ExecuteIssueDisabled
=== PAUSE TestDcdt_ExecuteIssueDisabled
=== RUN   TestDcdt_ExecuteToggleFreezeTooFewArgumentsShouldFail
=== PAUSE TestDcdt_ExecuteToggleFreezeTooFewArgumentsShouldFail
=== RUN   TestDcdt_ExecuteToggleFreezeWrongCallValueShouldFail
=== PAUSE TestDcdt_ExecuteToggleFreezeWrongCallValueShouldFail
=== RUN   TestDcdt_ExecuteToggleFreezeNotEnoughGasShouldFail
=== PAUSE TestDcdt_ExecuteToggleFreezeNotEnoughGasShouldFail
=== RUN   TestDcdt_ExecuteToggleFreezeOnNonExistentTokenShouldFail
=== PAUSE TestDcdt_ExecuteToggleFreezeOnNonExistentTokenShouldFail
=== RUN   TestDcdt_ExecuteToggleFreezeNotByOwnerShouldFail
=== PAUSE TestDcdt_ExecuteToggleFreezeNotByOwnerShouldFail
=== RUN   TestDcdt_ExecuteToggleFreezeNonFreezableTokenShouldFail
=== PAUSE TestDcdt_ExecuteToggleFreezeNonFreezableTokenShouldFail
=== RUN   TestDcdt_ExecuteToggleFreezeTransferNoErr
=== PAUSE TestDcdt_ExecuteToggleFreezeTransferNoErr
=== RUN   TestDcdt_ExecuteToggleFreezeSingleNFTTransferNoErr
=== PAUSE TestDcdt_ExecuteToggleFreezeSingleNFTTransferNoErr
=== RUN   TestDcdt_ExecuteToggleFreezeShouldWorkWithRealBech32Address
=== PAUSE TestDcdt_ExecuteToggleFreezeShouldWorkWithRealBech32Address
=== RUN   TestDcdt_ExecuteToggleFreezeShouldFailWithBech32Converter
=== PAUSE TestDcdt_ExecuteToggleFreezeShouldFailWithBech32Converter
=== RUN   TestDcdt_ExecuteToggleFreezeShouldWork
=== PAUSE TestDcdt_ExecuteToggleFreezeShouldWork
=== RUN   TestDcdt_ExecuteToggleUnFreezeShouldWork
=== PAUSE TestDcdt_ExecuteToggleUnFreezeShouldWork
=== RUN   TestDcdt_ExecuteToggleFreezeSingleNFTShouldWork
=== PAUSE TestDcdt_ExecuteToggleFreezeSingleNFTShouldWork
=== RUN   TestDcdt_ExecuteToggleUnFreezeSingleNFTShouldWork
=== PAUSE TestDcdt_ExecuteToggleUnFreezeSingleNFTShouldWork
=== RUN   TestDcdt_ExecuteWipeTooFewArgumentsShouldFail
=== PAUSE TestDcdt_ExecuteWipeTooFewArgumentsShouldFail
=== RUN   TestDcdt_ExecuteWipeWrongCallValueShouldFail
=== PAUSE TestDcdt_ExecuteWipeWrongCallValueShouldFail
=== RUN   TestDcdt_ExecuteWipeNotEnoughGasShouldFail
=== PAUSE TestDcdt_ExecuteWipeNotEnoughGasShouldFail
=== RUN   TestDcdt_ExecuteWipeOnNonExistentTokenShouldFail
=== PAUSE TestDcdt_ExecuteWipeOnNonExistentTokenShouldFail
=== RUN   TestDcdt_ExecuteWipeNotByOwnerShouldFail
=== PAUSE TestDcdt_ExecuteWipeNotByOwnerShouldFail
=== RUN   TestDcdt_ExecuteWipeNonWipeableTokenShouldFail
=== PAUSE TestDcdt_ExecuteWipeNonWipeableTokenShouldFail
=== RUN   TestDcdt_ExecuteWipeInvalidDestShouldFail
=== PAUSE TestDcdt_ExecuteWipeInvalidDestShouldFail
=== RUN   TestDcdt_ExecuteWipeTransferFailsNoErr
=== PAUSE TestDcdt_ExecuteWipeTransferFailsNoErr
=== RUN   TestDcdt_ExecuteWipeSingleNFTTransferNoErr
=== PAUSE TestDcdt_ExecuteWipeSingleNFTTransferNoErr
=== RUN   TestDcdt_ExecuteWipeShouldWork
=== PAUSE TestDcdt_ExecuteWipeShouldWork
=== RUN   TestDcdt_ExecuteWipeSingleNFTShouldWork
=== PAUSE TestDcdt_ExecuteWipeSingleNFTShouldWork
=== RUN   TestDcdt_ExecutePauseTooFewArgumentsShouldFail
=== PAUSE TestDcdt_ExecutePauseTooFewArgumentsShouldFail
=== RUN   TestDcdt_ExecutePauseWrongCallValueShouldFail
=== PAUSE TestDcdt_ExecutePauseWrongCallValueShouldFail
=== RUN   TestDcdt_ExecutePauseNotEnoughGasShouldFail
=== PAUSE TestDcdt_ExecutePauseNotEnoughGasShouldFail
=== RUN   TestDcdt_ExecutePauseOnNonExistentTokenShouldFail
=== PAUSE TestDcdt_ExecutePauseOnNonExistentTokenShouldFail
=== RUN   TestDcdt_ExecutePauseNotByOwnerShouldFail
=== PAUSE TestDcdt_ExecutePauseNotByOwnerShouldFail
=== RUN   TestDcdt_ExecutePauseNonPauseableTokenShouldFail
=== PAUSE TestDcdt_ExecutePauseNonPauseableTokenShouldFail
=== RUN   TestDcdt_ExecutePauseOnAPausedTokenShouldFail
=== PAUSE TestDcdt_ExecutePauseOnAPausedTokenShouldFail
=== RUN   TestDcdt_ExecuteTogglePauseSavesTokenWithPausedFlagSet
=== PAUSE TestDcdt_ExecuteTogglePauseSavesTokenWithPausedFlagSet
=== RUN   TestDcdt_ExecuteTogglePauseShouldWork
=== PAUSE TestDcdt_ExecuteTogglePauseShouldWork
=== RUN   TestDcdt_ExecuteUnPauseOnAnUnPausedTokenShouldFail
=== PAUSE TestDcdt_ExecuteUnPauseOnAnUnPausedTokenShouldFail
=== RUN   TestDcdt_ExecuteUnPauseSavesTokenWithPausedFlagSetToFalse
=== PAUSE TestDcdt_ExecuteUnPauseSavesTokenWithPausedFlagSetToFalse
=== RUN   TestDcdt_ExecuteUnPauseShouldWork
=== PAUSE TestDcdt_ExecuteUnPauseShouldWork
=== RUN   TestDcdt_ExecuteTransferOwnershipWrongNumOfArgumentsShouldFail
=== PAUSE TestDcdt_ExecuteTransferOwnershipWrongNumOfArgumentsShouldFail
=== RUN   TestDcdt_ExecuteTransferOwnershipWrongCallValueShouldFail
=== PAUSE TestDcdt_ExecuteTransferOwnershipWrongCallValueShouldFail
=== RUN   TestDcdt_ExecuteTransferOwnershipNotEnoughGasShouldFail
=== PAUSE TestDcdt_ExecuteTransferOwnershipNotEnoughGasShouldFail
=== RUN   TestDcdt_ExecuteTransferOwnershipOnNonExistentTokenShouldFail
=== PAUSE TestDcdt_ExecuteTransferOwnershipOnNonExistentTokenShouldFail
=== RUN   TestDcdt_ExecuteTransferOwnershipNotByOwnerShouldFail
=== PAUSE TestDcdt_ExecuteTransferOwnershipNotByOwnerShouldFail
=== RUN   TestDcdt_ExecuteTransferOwnershipNonTransferableTokenShouldFail
=== PAUSE TestDcdt_ExecuteTransferOwnershipNonTransferableTokenShouldFail
=== RUN   TestDcdt_ExecuteTransferOwnershipInvalidDestinationAddressShouldFail
=== PAUSE TestDcdt_ExecuteTransferOwnershipInvalidDestinationAddressShouldFail
=== RUN   TestDcdt_ExecuteTransferOwnershipSavesTokenWithNewOwnerAddressSet
=== PAUSE TestDcdt_ExecuteTransferOwnershipSavesTokenWithNewOwnerAddressSet
=== RUN   TestDcdt_ExecuteDcdtControlChangesWrongNumOfArgumentsShouldFail
=== PAUSE TestDcdt_ExecuteDcdtControlChangesWrongNumOfArgumentsShouldFail
=== RUN   TestDcdt_ExecuteDcdtControlChangesWrongCallValueShouldFail
=== PAUSE TestDcdt_ExecuteDcdtControlChangesWrongCallValueShouldFail
=== RUN   TestDcdt_ExecuteDcdtControlChangesNotEnoughGasShouldFail
=== PAUSE TestDcdt_ExecuteDcdtControlChangesNotEnoughGasShouldFail
=== RUN   TestDcdt_ExecuteDcdtControlChangesOnNonExistentTokenShouldFail
=== PAUSE TestDcdt_ExecuteDcdtControlChangesOnNonExistentTokenShouldFail
=== RUN   TestDcdt_ExecuteDcdtControlChangesNotByOwnerShouldFail
=== PAUSE TestDcdt_ExecuteDcdtControlChangesNotByOwnerShouldFail
=== RUN   TestDcdt_ExecuteDcdtControlChangesNonUpgradableTokenShouldFail
=== PAUSE TestDcdt_ExecuteDcdtControlChangesNonUpgradableTokenShouldFail
=== RUN   TestDcdt_ExecuteDcdtControlChangesSavesTokenWithUpgradedProperties
=== PAUSE TestDcdt_ExecuteDcdtControlChangesSavesTokenWithUpgradedProperties
=== RUN   TestDcdt_ExecuteDcdtControlChangesForMultiNFTTransferShouldFaild
=== PAUSE TestDcdt_ExecuteDcdtControlChangesForMultiNFTTransferShouldFaild
=== RUN   TestDcdt_GetSpecialRolesValueNotZeroShouldErr
=== PAUSE TestDcdt_GetSpecialRolesValueNotZeroShouldErr
=== RUN   TestDcdt_GetSpecialRolesInvalidNumOfArgsShouldErr
=== PAUSE TestDcdt_GetSpecialRolesInvalidNumOfArgsShouldErr
=== RUN   TestDcdt_GetSpecialRolesNotEnoughGasShouldErr
=== PAUSE TestDcdt_GetSpecialRolesNotEnoughGasShouldErr
=== RUN   TestDcdt_GetSpecialRolesInvalidTokenShouldErr
=== PAUSE TestDcdt_GetSpecialRolesInvalidTokenShouldErr
=== RUN   TestDcdt_GetSpecialRolesNoSpecialRoles
=== PAUSE TestDcdt_GetSpecialRolesNoSpecialRoles
=== RUN   TestDcdt_GetSpecialRolesShouldWork
=== PAUSE TestDcdt_GetSpecialRolesShouldWork
=== RUN   TestDcdt_GetSpecialRolesWithEmptyAddressShouldWork
=== PAUSE TestDcdt_GetSpecialRolesWithEmptyAddressShouldWork
=== RUN   TestDcdt_UnsetSpecialRoleWithRemoveEntryFromSpecialRoles
=== PAUSE TestDcdt_UnsetSpecialRoleWithRemoveEntryFromSpecialRoles
=== RUN   TestDcdt_ExecuteConfigChangeGetContractConfig
=== PAUSE TestDcdt_ExecuteConfigChangeGetContractConfig
=== RUN   TestDcdt_ExecuteClaim
=== PAUSE TestDcdt_ExecuteClaim
=== RUN   TestDcdt_SetSpecialRoleCheckArgumentsErr
=== PAUSE TestDcdt_SetSpecialRoleCheckArgumentsErr
=== RUN   TestDcdt_SetSpecialRoleCheckBasicOwnershipErr
=== PAUSE TestDcdt_SetSpecialRoleCheckBasicOwnershipErr
=== RUN   TestDcdt_SetSpecialRoleNewSendRoleChangeDataErr
=== PAUSE TestDcdt_SetSpecialRoleNewSendRoleChangeDataErr
=== RUN   TestDcdt_SetSpecialRoleAlreadyExists
=== PAUSE TestDcdt_SetSpecialRoleAlreadyExists
=== RUN   TestDcdt_SetSpecialRoleCannotSaveToken
=== PAUSE TestDcdt_SetSpecialRoleCannotSaveToken
=== RUN   TestDcdt_SetSpecialRoleShouldWork
=== PAUSE TestDcdt_SetSpecialRoleShouldWork
=== RUN   TestDcdt_SetSpecialRoleNFTShouldErr
=== PAUSE TestDcdt_SetSpecialRoleNFTShouldErr
=== RUN   TestDcdt_SetSpecialRoleTransferNotEnabledShouldErr
=== PAUSE TestDcdt_SetSpecialRoleTransferNotEnabledShouldErr
=== RUN   TestDcdt_SetSpecialRoleTransferWithTransferRoleEnhancement
=== PAUSE TestDcdt_SetSpecialRoleTransferWithTransferRoleEnhancement
=== RUN   TestDcdt_SendAllTransferRoleAddresses
=== PAUSE TestDcdt_SendAllTransferRoleAddresses
=== RUN   TestDcdt_SetSpecialRoleSFTShouldErr
=== PAUSE TestDcdt_SetSpecialRoleSFTShouldErr
=== RUN   TestDcdt_SetSpecialRoleCreateNFTTwoTimesShouldError
=== PAUSE TestDcdt_SetSpecialRoleCreateNFTTwoTimesShouldError
=== RUN   TestDcdt_SetSpecialRoleCreateNFTTwoTimesMultiShardShouldWork
=== PAUSE TestDcdt_SetSpecialRoleCreateNFTTwoTimesMultiShardShouldWork
=== RUN   TestDcdt_UnSetSpecialRoleCreateNFTShouldError
=== PAUSE TestDcdt_UnSetSpecialRoleCreateNFTShouldError
=== RUN   TestDcdt_UnsetSpecialRoleCheckArgumentsErr
=== PAUSE TestDcdt_UnsetSpecialRoleCheckArgumentsErr
=== RUN   TestDcdt_UnsetSpecialRoleCheckArgumentsInvalidRoleErr
=== PAUSE TestDcdt_UnsetSpecialRoleCheckArgumentsInvalidRoleErr
=== RUN   TestDcdt_UnsetSpecialRoleCheckArgumentsDuplicatedRoleInArgsShouldErr
=== PAUSE TestDcdt_UnsetSpecialRoleCheckArgumentsDuplicatedRoleInArgsShouldErr
=== RUN   TestDcdt_UnsetSpecialRoleCheckBasicOwnershipErr
=== PAUSE TestDcdt_UnsetSpecialRoleCheckBasicOwnershipErr
=== RUN   TestDcdt_UnsetSpecialRoleNewShouldErr
=== PAUSE TestDcdt_UnsetSpecialRoleNewShouldErr
=== RUN   TestDcdt_UnsetSpecialRoleCannotRemoveRoleNotExistsShouldErr
=== PAUSE TestDcdt_UnsetSpecialRoleCannotRemoveRoleNotExistsShouldErr
=== RUN   TestDcdt_UnsetSpecialRoleRemoveRoleTransfer
=== PAUSE TestDcdt_UnsetSpecialRoleRemoveRoleTransfer
=== RUN   TestDcdt_UnsetSpecialRoleRemoveRoleSaveTokenErr
=== PAUSE TestDcdt_UnsetSpecialRoleRemoveRoleSaveTokenErr
=== RUN   TestDcdt_UnsetSpecialRoleRemoveRoleShouldWork
=== PAUSE TestDcdt_UnsetSpecialRoleRemoveRoleShouldWork
=== RUN   TestDcdt_StopNFTCreateForeverCheckArgumentsErr
=== PAUSE TestDcdt_StopNFTCreateForeverCheckArgumentsErr
=== RUN   TestDcdt_StopNFTCreateForeverCallErrors
=== PAUSE TestDcdt_StopNFTCreateForeverCallErrors
=== RUN   TestDcdt_StopNFTCreateForeverCallShouldWork
=== PAUSE TestDcdt_StopNFTCreateForeverCallShouldWork
=== RUN   TestDcdt_TransferNFTCreateCheckArgumentsErr
=== PAUSE TestDcdt_TransferNFTCreateCheckArgumentsErr
=== RUN   TestDcdt_TransferNFTCreateCallErrors
=== PAUSE TestDcdt_TransferNFTCreateCallErrors
=== RUN   TestDcdt_TransferNFTCreateCallShouldWork
=== PAUSE TestDcdt_TransferNFTCreateCallShouldWork
=== RUN   TestDcdt_TransferNFTCreateCallMultiShardShouldWork
=== PAUSE TestDcdt_TransferNFTCreateCallMultiShardShouldWork
=== RUN   TestDcdt_SetNewGasCost
=== PAUSE TestDcdt_SetNewGasCost
=== RUN   TestDcdt_GetAllAddressesAndRolesNoArgumentsShouldErr
=== PAUSE TestDcdt_GetAllAddressesAndRolesNoArgumentsShouldErr
=== RUN   TestDcdt_GetAllAddressesAndRolesCallWithValueShouldErr
=== PAUSE TestDcdt_GetAllAddressesAndRolesCallWithValueShouldErr
=== RUN   TestDcdt_GetAllAddressesAndRolesCallGetExistingTokenErr
=== PAUSE TestDcdt_GetAllAddressesAndRolesCallGetExistingTokenErr
=== RUN   TestDcdt_CanUseContract
--- PASS: TestDcdt_CanUseContract (0.00s)
=== RUN   TestDcdt_ExecuteIssueMetaDCDT
=== PAUSE TestDcdt_ExecuteIssueMetaDCDT
=== RUN   TestDcdt_ExecuteChangeSFTToMetaDCDT
=== PAUSE TestDcdt_ExecuteChangeSFTToMetaDCDT
=== RUN   TestDcdt_ExecuteIssueSFTAndChangeSFTToMetaDCDT
=== PAUSE TestDcdt_ExecuteIssueSFTAndChangeSFTToMetaDCDT
=== RUN   TestDcdt_ExecuteRegisterAndSetErrors
=== PAUSE TestDcdt_ExecuteRegisterAndSetErrors
=== RUN   TestDcdt_ExecuteRegisterAndSetFungible
=== PAUSE TestDcdt_ExecuteRegisterAndSetFungible
=== RUN   TestDcdt_ExecuteRegisterAndSetNonFungible
=== PAUSE TestDcdt_ExecuteRegisterAndSetNonFungible
=== RUN   TestDcdt_ExecuteRegisterAndSetSemiFungible
=== PAUSE TestDcdt_ExecuteRegisterAndSetSemiFungible
=== RUN   TestDcdt_ExecuteRegisterAndSetMetaDCDTShouldSetType
=== PAUSE TestDcdt_ExecuteRegisterAndSetMetaDCDTShouldSetType
=== RUN   TestDcdt_setBurnRoleGlobally
=== PAUSE TestDcdt_setBurnRoleGlobally
=== RUN   TestDcdt_unsetBurnRoleGlobally
=== PAUSE TestDcdt_unsetBurnRoleGlobally
=== RUN   TestDcdt_CheckRolesOnMetaDCDT
=== PAUSE TestDcdt_CheckRolesOnMetaDCDT
=== RUN   TestDcdt_SetNFTCreateRoleAfterStopNFTCreateShouldNotWork
=== PAUSE TestDcdt_SetNFTCreateRoleAfterStopNFTCreateShouldNotWork
=== RUN   TestDcdt_UpdateTokenType
=== PAUSE TestDcdt_UpdateTokenType
=== RUN   TestDcdt_ExecuteChangeToMultiShardCreate
=== PAUSE TestDcdt_ExecuteChangeToMultiShardCreate
=== RUN   TestDcdt_UpdateTokenID
=== PAUSE TestDcdt_UpdateTokenID
=== RUN   TestDcdt_RegisterDynamic
=== PAUSE TestDcdt_RegisterDynamic
=== RUN   TestDcdt_RegisterAndSetAllRolesDynamic
=== PAUSE TestDcdt_RegisterAndSetAllRolesDynamic
=== RUN   TestDcdt_ChangeToDynamic
=== PAUSE TestDcdt_ChangeToDynamic
=== RUN   TestNewDelegationManagerSystemSC_NilEeiShouldErr
=== PAUSE TestNewDelegationManagerSystemSC_NilEeiShouldErr
=== RUN   TestNewDelegationManagerSystemSC_InvalidStakingSCAddressShouldErr
=== PAUSE TestNewDelegationManagerSystemSC_InvalidStakingSCAddressShouldErr
=== RUN   TestNewDelegationManagerSystemSC_InvalidValidatorSCAddressShouldErr
=== PAUSE TestNewDelegationManagerSystemSC_InvalidValidatorSCAddressShouldErr
=== RUN   TestNewDelegationManagerSystemSC_InvalidDelegationManagerSCAddressShouldErr
=== PAUSE TestNewDelegationManagerSystemSC_InvalidDelegationManagerSCAddressShouldErr
=== RUN   TestNewDelegationManagerSystemSC_InvalidConfigChangeAddressShouldErr
=== PAUSE TestNewDelegationManagerSystemSC_InvalidConfigChangeAddressShouldErr
=== RUN   TestNewDelegationManagerSystemSC_NilMarshalizerShouldErr
=== PAUSE TestNewDelegationManagerSystemSC_NilMarshalizerShouldErr
=== RUN   TestNewDelegationManagerSystemSC_NilEnableEpochsHandlerShouldErr
=== PAUSE TestNewDelegationManagerSystemSC_NilEnableEpochsHandlerShouldErr
=== RUN   TestNewDelegationManagerSystemSC_InvalidEnableEpochsHandlerShouldErr
=== PAUSE TestNewDelegationManagerSystemSC_InvalidEnableEpochsHandlerShouldErr
=== RUN   TestNewDelegationManagerSystemSC_InvalidMinCreationDepositShouldErr
=== PAUSE TestNewDelegationManagerSystemSC_InvalidMinCreationDepositShouldErr
=== RUN   TestNewDelegationManagerSystemSC_InvalidMinStakeAmountShouldErr
=== PAUSE TestNewDelegationManagerSystemSC_InvalidMinStakeAmountShouldErr
=== RUN   TestNewDelegationManagerSystemSC
=== PAUSE TestNewDelegationManagerSystemSC
=== RUN   TestDelegationManagerSystemSC_ExecuteWithNilArgsShouldErr
=== PAUSE TestDelegationManagerSystemSC_ExecuteWithNilArgsShouldErr
=== RUN   TestDelegationManagerSystemSC_ExecuteWithDelegationManagerDisabled
=== PAUSE TestDelegationManagerSystemSC_ExecuteWithDelegationManagerDisabled
=== RUN   TestDelegationManagerSystemSC_ExecuteInvalidFunction
=== PAUSE TestDelegationManagerSystemSC_ExecuteInvalidFunction
=== RUN   TestDelegationManagerSystemSC_ExecuteInit
=== PAUSE TestDelegationManagerSystemSC_ExecuteInit
=== RUN   TestDelegationManagerSystemSC_ExecuteCreateNewDelegationContractUserErrors
=== PAUSE TestDelegationManagerSystemSC_ExecuteCreateNewDelegationContractUserErrors
=== RUN   TestDelegationManagerSystemSC_ExecuteCreateNewDelegationContract
=== PAUSE TestDelegationManagerSystemSC_ExecuteCreateNewDelegationContract
=== RUN   TestDelegationManagerSystemSC_ExecuteGetAllContractAddresses
=== PAUSE TestDelegationManagerSystemSC_ExecuteGetAllContractAddresses
=== RUN   TestDelegationManagerSystemSC_ExecuteChangeMinDepositUserErrors
=== PAUSE TestDelegationManagerSystemSC_ExecuteChangeMinDepositUserErrors
=== RUN   TestDelegationManagerSystemSC_ExecuteChangeMinDeposit
=== PAUSE TestDelegationManagerSystemSC_ExecuteChangeMinDeposit
=== RUN   TestDelegationManager_ChangeMinDelegationAmountInvalidCallerShouldError
=== PAUSE TestDelegationManager_ChangeMinDelegationAmountInvalidCallerShouldError
=== RUN   TestDelegationManager_ChangeMinDelegationMarhalizingFailsShouldError
=== PAUSE TestDelegationManager_ChangeMinDelegationMarhalizingFailsShouldError
=== RUN   TestDelegationManager_ChangeMinDelegationShouldWork
=== PAUSE TestDelegationManager_ChangeMinDelegationShouldWork
=== RUN   TestCreateNewAddress_NextAddressShouldWork
=== PAUSE TestCreateNewAddress_NextAddressShouldWork
=== RUN   TestDelegationManager_GetContractConfigErrors
=== PAUSE TestDelegationManager_GetContractConfigErrors
=== RUN   TestDelegationManager_GetContractConfigShouldWork
=== PAUSE TestDelegationManager_GetContractConfigShouldWork
=== RUN   TestDelegationManagerSystemSC_checkValidatorToDelegationInput
--- PASS: TestDelegationManagerSystemSC_checkValidatorToDelegationInput (0.00s)
=== RUN   TestDelegationManagerSystemSC_MakeNewContractFromValidatorData
--- PASS: TestDelegationManagerSystemSC_MakeNewContractFromValidatorData (0.00s)
=== RUN   TestDelegationManagerSystemSC_mergeValidatorToDelegationSameOwner
--- PASS: TestDelegationManagerSystemSC_mergeValidatorToDelegationSameOwner (0.00s)
=== RUN   TestDelegationManagerSystemSC_mergeValidatorToDelegationWithWhiteListInvalidFunctionCall
--- PASS: TestDelegationManagerSystemSC_mergeValidatorToDelegationWithWhiteListInvalidFunctionCall (0.00s)
=== RUN   TestDelegationManagerSystemSC_mergeValidatorToDelegationWithWhiteListInvalidNumArgs
--- PASS: TestDelegationManagerSystemSC_mergeValidatorToDelegationWithWhiteListInvalidNumArgs (0.00s)
=== RUN   TestDelegationManagerSystemSC_mergeValidatorToDelegationWithWhiteListInvalidArgument
--- PASS: TestDelegationManagerSystemSC_mergeValidatorToDelegationWithWhiteListInvalidArgument (0.00s)
=== RUN   TestDelegationManagerSystemSC_mergeValidatorToDelegationWithWhiteListNotWhitelisted
--- PASS: TestDelegationManagerSystemSC_mergeValidatorToDelegationWithWhiteListNotWhitelisted (0.00s)
=== RUN   TestDelegationManagerSystemSC_mergeValidatorToDelegationWithWhiteListMissingSmartContract
--- PASS: TestDelegationManagerSystemSC_mergeValidatorToDelegationWithWhiteListMissingSmartContract (0.00s)
=== RUN   TestDelegationManagerSystemSC_mergeValidatorToDelegationWithWhiteListMergeFailShouldErr
--- PASS: TestDelegationManagerSystemSC_mergeValidatorToDelegationWithWhiteListMergeFailShouldErr (0.00s)
=== RUN   TestDelegationManagerSystemSC_mergeValidatorToDelegationWithWhiteListDeleteWhitelistFailShouldErr
--- PASS: TestDelegationManagerSystemSC_mergeValidatorToDelegationWithWhiteListDeleteWhitelistFailShouldErr (0.00s)
=== RUN   TestDelegationManagerSystemSC_mergeValidatorToDelegationWithWhiteListShouldWork
--- PASS: TestDelegationManagerSystemSC_mergeValidatorToDelegationWithWhiteListShouldWork (0.00s)
=== RUN   TestDelegationManagerSystemSC_MakeNewContractFromValidatorDataWithJailedNodes
--- PASS: TestDelegationManagerSystemSC_MakeNewContractFromValidatorDataWithJailedNodes (0.00s)
=== RUN   TestDelegationManagerSystemSC_MakeNewContractFromValidatorDataCallerAlreadyDeployedADelegationSC
--- PASS: TestDelegationManagerSystemSC_MakeNewContractFromValidatorDataCallerAlreadyDeployedADelegationSC (0.00s)
=== RUN   TestDelegationManagerSystemSC_ClaimMultipleDelegationFails
=== PAUSE TestDelegationManagerSystemSC_ClaimMultipleDelegationFails
=== RUN   TestDelegationManagerSystemSC_ClaimMultipleDelegationDuplicatedInput
=== PAUSE TestDelegationManagerSystemSC_ClaimMultipleDelegationDuplicatedInput
=== RUN   TestDelegationManagerSystemSC_ClaimMultipleDelegation
=== PAUSE TestDelegationManagerSystemSC_ClaimMultipleDelegation
=== RUN   TestDelegationManagerSystemSC_ReDelegateMulti
=== PAUSE TestDelegationManagerSystemSC_ReDelegateMulti
=== RUN   TestDelegationManager_CorrectOwnerOnAccount
=== PAUSE TestDelegationManager_CorrectOwnerOnAccount
=== RUN   TestNewDelegationSystemSC_NilSystemEnvironmentShouldErr
=== PAUSE TestNewDelegationSystemSC_NilSystemEnvironmentShouldErr
=== RUN   TestNewDelegationSystemSC_InvalidStakingSCAddrShouldErr
=== PAUSE TestNewDelegationSystemSC_InvalidStakingSCAddrShouldErr
=== RUN   TestNewDelegationSystemSC_InvalidValidatorSCAddrShouldErr
=== PAUSE TestNewDelegationSystemSC_InvalidValidatorSCAddrShouldErr
=== RUN   TestNewDelegationSystemSC_InvalidDelegationMgrSCAddrShouldErr
=== PAUSE TestNewDelegationSystemSC_InvalidDelegationMgrSCAddrShouldErr
=== RUN   TestNewDelegationSystemSC_NilMarshalizerShouldErr
=== PAUSE TestNewDelegationSystemSC_NilMarshalizerShouldErr
=== RUN   TestNewDelegationSystemSC_NilEnableEpochsHandlerShouldErr
=== PAUSE TestNewDelegationSystemSC_NilEnableEpochsHandlerShouldErr
=== RUN   TestNewDelegationSystemSC_InvalidEnableEpochsHandlerShouldErr
=== PAUSE TestNewDelegationSystemSC_InvalidEnableEpochsHandlerShouldErr
=== RUN   TestNewDelegationSystemSC_NilSigVerifierShouldErr
=== PAUSE TestNewDelegationSystemSC_NilSigVerifierShouldErr
=== RUN   TestNewDelegationSystemSC_InvalidUnJailValueShouldErr
=== PAUSE TestNewDelegationSystemSC_InvalidUnJailValueShouldErr
=== RUN   TestNewDelegationSystemSC_InvalidMinStakeValueShouldErr
=== PAUSE TestNewDelegationSystemSC_InvalidMinStakeValueShouldErr
=== RUN   TestNewDelegationSystemSC_InvalidGenesisNodePriceShouldErr
=== PAUSE TestNewDelegationSystemSC_InvalidGenesisNodePriceShouldErr
=== RUN   TestNewDelegationSystemSC_OkParamsShouldWork
=== PAUSE TestNewDelegationSystemSC_OkParamsShouldWork
=== RUN   TestDelegationSystemSC_ExecuteNilArgsShouldErr
=== PAUSE TestDelegationSystemSC_ExecuteNilArgsShouldErr
=== RUN   TestDelegationSystemSC_ExecuteDelegationDisabledShouldErr
=== PAUSE TestDelegationSystemSC_ExecuteDelegationDisabledShouldErr
=== RUN   TestDelegationSystemSC_ExecuteInitScAlreadyPresentShouldErr
=== PAUSE TestDelegationSystemSC_ExecuteInitScAlreadyPresentShouldErr
=== RUN   TestDelegationSystemSC_ExecuteInitWrongNumOfArgs
=== PAUSE TestDelegationSystemSC_ExecuteInitWrongNumOfArgs
=== RUN   TestDelegationSystemSC_ExecuteInitCallValueHigherThanMaxDelegationCapShouldErr
=== PAUSE TestDelegationSystemSC_ExecuteInitCallValueHigherThanMaxDelegationCapShouldErr
=== RUN   TestDelegationSystemSC_ExecuteInitShouldWork
=== PAUSE TestDelegationSystemSC_ExecuteInitShouldWork
=== RUN   TestDelegationSystemSC_ExecuteAddNodesUserErrors
=== PAUSE TestDelegationSystemSC_ExecuteAddNodesUserErrors
=== RUN   TestDelegationSystemSC_ExecuteAddNodesStakedKeyAlreadyExistsInStakedKeysShouldErr
=== PAUSE TestDelegationSystemSC_ExecuteAddNodesStakedKeyAlreadyExistsInStakedKeysShouldErr
=== RUN   TestDelegationSystemSC_ExecuteAddNodesStakedKeyAlreadyExistsInUnStakedKeysShouldErr
=== PAUSE TestDelegationSystemSC_ExecuteAddNodesStakedKeyAlreadyExistsInUnStakedKeysShouldErr
=== RUN   TestDelegationSystemSC_ExecuteAddNodesStakedKeyAlreadyExistsInNotStakedKeysShouldErr
=== PAUSE TestDelegationSystemSC_ExecuteAddNodesStakedKeyAlreadyExistsInNotStakedKeysShouldErr
=== RUN   TestDelegationSystemSC_ExecuteAddNodesShouldSaveAddedKeysAsNotStakedKeys
=== PAUSE TestDelegationSystemSC_ExecuteAddNodesShouldSaveAddedKeysAsNotStakedKeys
=== RUN   TestDelegationSystemSC_ExecuteAddNodesWithNoArgsShouldErr
=== PAUSE TestDelegationSystemSC_ExecuteAddNodesWithNoArgsShouldErr
=== RUN   TestDelegationSystemSC_ExecuteRemoveNodesUserErrors
=== PAUSE TestDelegationSystemSC_ExecuteRemoveNodesUserErrors
=== RUN   TestDelegationSystemSC_ExecuteRemoveNodesNotPresentInNotStakedShouldErr
=== PAUSE TestDelegationSystemSC_ExecuteRemoveNodesNotPresentInNotStakedShouldErr
=== RUN   TestDelegationSystemSC_ExecuteRemoveNodesShouldRemoveKeyFromNotStakedKeys
=== PAUSE TestDelegationSystemSC_ExecuteRemoveNodesShouldRemoveKeyFromNotStakedKeys
=== RUN   TestDelegationSystemSC_ExecuteRemoveNodesWithNoArgsShouldErr
=== PAUSE TestDelegationSystemSC_ExecuteRemoveNodesWithNoArgsShouldErr
=== RUN   TestDelegationSystemSC_ExecuteStakeNodesUserErrors
=== PAUSE TestDelegationSystemSC_ExecuteStakeNodesUserErrors
=== RUN   TestDelegationSystemSC_ExecuteStakeNodesNotPresentInNotStakedOrUnStakedShouldErr
=== PAUSE TestDelegationSystemSC_ExecuteStakeNodesNotPresentInNotStakedOrUnStakedShouldErr
=== RUN   TestDelegationSystemSC_ExecuteStakeNodesVerifiesBothUnStakedAndNotStaked
=== PAUSE TestDelegationSystemSC_ExecuteStakeNodesVerifiesBothUnStakedAndNotStaked
=== RUN   TestDelegationSystemSC_ExecuteDelegateStakeNodes
=== PAUSE TestDelegationSystemSC_ExecuteDelegateStakeNodes
=== RUN   TestDelegationSystemSC_ExecuteUnStakeNodesUserErrors
=== PAUSE TestDelegationSystemSC_ExecuteUnStakeNodesUserErrors
=== RUN   TestDelegationSystemSC_ExecuteUnStakeNodesNotPresentInStakedShouldErr
=== PAUSE TestDelegationSystemSC_ExecuteUnStakeNodesNotPresentInStakedShouldErr
=== RUN   TestDelegationSystemSC_ExecuteUnStakeNodes
=== PAUSE TestDelegationSystemSC_ExecuteUnStakeNodes
=== RUN   TestDelegationSystemSC_ExecuteUnStakeNodesAtEndOfEpoch
=== PAUSE TestDelegationSystemSC_ExecuteUnStakeNodesAtEndOfEpoch
=== RUN   TestDelegationSystemSC_ExecuteUnBondNodesUserErrors
=== PAUSE TestDelegationSystemSC_ExecuteUnBondNodesUserErrors
=== RUN   TestDelegationSystemSC_ExecuteUnBondNodesNotPresentInUnStakedShouldErr
=== PAUSE TestDelegationSystemSC_ExecuteUnBondNodesNotPresentInUnStakedShouldErr
=== RUN   TestDelegationSystemSC_ExecuteUnBondNodes
=== PAUSE TestDelegationSystemSC_ExecuteUnBondNodes
=== RUN   TestDelegationSystemSC_ExecuteUnJailNodesUserErrors
=== PAUSE TestDelegationSystemSC_ExecuteUnJailNodesUserErrors
=== RUN   TestDelegationSystemSC_ExecuteUnJailNodesNotPresentInStakedOrUnStakedShouldErr
=== PAUSE TestDelegationSystemSC_ExecuteUnJailNodesNotPresentInStakedOrUnStakedShouldErr
=== RUN   TestDelegationSystemSC_ExecuteUnJailNodesNotDelegatorShouldErr
=== PAUSE TestDelegationSystemSC_ExecuteUnJailNodesNotDelegatorShouldErr
=== RUN   TestDelegationSystemSC_ExecuteUnJailNodes
=== PAUSE TestDelegationSystemSC_ExecuteUnJailNodes
=== RUN   TestDelegationSystemSC_ExecuteDelegateUserErrors
=== PAUSE TestDelegationSystemSC_ExecuteDelegateUserErrors
=== RUN   TestDelegationSystemSC_ExecuteDelegateWrongInit
=== PAUSE TestDelegationSystemSC_ExecuteDelegateWrongInit
=== RUN   TestDelegationSystemSC_ExecuteDelegate
=== PAUSE TestDelegationSystemSC_ExecuteDelegate
=== RUN   TestDelegationSystemSC_ExecuteDelegateFailsWhenGettingDelegationManagement
=== PAUSE TestDelegationSystemSC_ExecuteDelegateFailsWhenGettingDelegationManagement
=== RUN   TestDelegationSystemSC_ExecuteUnDelegateUserErrors
=== PAUSE TestDelegationSystemSC_ExecuteUnDelegateUserErrors
=== RUN   TestDelegationSystemSC_ExecuteUnDelegateUserErrorsWhenAnInvalidValueToDelegateWasProvided
=== PAUSE TestDelegationSystemSC_ExecuteUnDelegateUserErrorsWhenAnInvalidValueToDelegateWasProvided
=== RUN   TestDelegationSystemSC_ExecuteUnDelegateUserErrorsWhenGettingMinimumDelegationAmount
=== PAUSE TestDelegationSystemSC_ExecuteUnDelegateUserErrorsWhenGettingMinimumDelegationAmount
=== RUN   TestDelegationSystemSC_ExecuteUnDelegateUserNotDelegatorOrNoActiveFundShouldErr
=== PAUSE TestDelegationSystemSC_ExecuteUnDelegateUserNotDelegatorOrNoActiveFundShouldErr
=== RUN   TestDelegationSystemSC_ExecuteUnDelegatePartOfFunds
=== PAUSE TestDelegationSystemSC_ExecuteUnDelegatePartOfFunds
=== RUN   TestDelegationSystemSC_ExecuteUnDelegateAllFunds
=== PAUSE TestDelegationSystemSC_ExecuteUnDelegateAllFunds
=== RUN   TestDelegationSystemSC_ExecuteUnDelegateAllFundsAsOwner
=== PAUSE TestDelegationSystemSC_ExecuteUnDelegateAllFundsAsOwner
=== RUN   TestDelegationSystemSC_ExecuteUnDelegateMultipleTimesSameAndDiffEpochAndWithdraw
=== PAUSE TestDelegationSystemSC_ExecuteUnDelegateMultipleTimesSameAndDiffEpochAndWithdraw
=== RUN   TestDelegationSystemSC_ExecuteWithdrawUserErrors
=== PAUSE TestDelegationSystemSC_ExecuteWithdrawUserErrors
=== RUN   TestDelegationSystemSC_ExecuteWithdrawWrongInit
=== PAUSE TestDelegationSystemSC_ExecuteWithdrawWrongInit
=== RUN   TestDelegationSystemSC_ExecuteWithdraw
=== PAUSE TestDelegationSystemSC_ExecuteWithdraw
=== RUN   TestDelegationSystemSC_ExecuteChangeServiceFeeUserErrors
=== PAUSE TestDelegationSystemSC_ExecuteChangeServiceFeeUserErrors
=== RUN   TestDelegationSystemSC_ExecuteChangeServiceFee
=== PAUSE TestDelegationSystemSC_ExecuteChangeServiceFee
=== RUN   TestDelegationSystemSC_ExecuteModifyTotalDelegationCapUserErrors
=== PAUSE TestDelegationSystemSC_ExecuteModifyTotalDelegationCapUserErrors
=== RUN   TestDelegationSystemSC_ExecuteModifyTotalDelegationCap
=== PAUSE TestDelegationSystemSC_ExecuteModifyTotalDelegationCap
=== RUN   TestDelegation_getSuccessAndUnSuccessKeysAllUnSuccess
=== PAUSE TestDelegation_getSuccessAndUnSuccessKeysAllUnSuccess
=== RUN   TestDelegation_getSuccessAndUnSuccessKeysAllSuccess
=== PAUSE TestDelegation_getSuccessAndUnSuccessKeysAllSuccess
=== RUN   TestDelegation_getSuccessAndUnSuccessKeys
=== PAUSE TestDelegation_getSuccessAndUnSuccessKeys
=== RUN   TestDelegation_ExecuteUpdateRewardsUserErrors
=== PAUSE TestDelegation_ExecuteUpdateRewardsUserErrors
=== RUN   TestDelegation_ExecuteUpdateRewards
=== PAUSE TestDelegation_ExecuteUpdateRewards
=== RUN   TestDelegation_ExecuteClaimRewardsUserErrors
=== PAUSE TestDelegation_ExecuteClaimRewardsUserErrors
=== RUN   TestDelegation_ExecuteClaimRewards
=== PAUSE TestDelegation_ExecuteClaimRewards
=== RUN   TestDelegation_ExecuteClaimRewardsShouldDeleteDelegator
=== PAUSE TestDelegation_ExecuteClaimRewardsShouldDeleteDelegator
=== RUN   TestDelegation_ExecuteReDelegateRewardsNoExtraCheck
=== PAUSE TestDelegation_ExecuteReDelegateRewardsNoExtraCheck
=== RUN   TestDelegation_ExecuteReDelegateRewardsWithExtraCheckReDelegateIsAboveMinimum
=== PAUSE TestDelegation_ExecuteReDelegateRewardsWithExtraCheckReDelegateIsAboveMinimum
=== RUN   TestDelegation_ExecuteReDelegateRewardsWithExtraCheckReDelegateIsBelowMinimum
=== PAUSE TestDelegation_ExecuteReDelegateRewardsWithExtraCheckReDelegateIsBelowMinimum
=== RUN   TestDelegation_ExecuteGetRewardDataUserErrors
=== PAUSE TestDelegation_ExecuteGetRewardDataUserErrors
=== RUN   TestDelegation_ExecuteGetRewardData
=== PAUSE TestDelegation_ExecuteGetRewardData
=== RUN   TestDelegation_ExecuteGetClaimableRewardsUserErrors
=== PAUSE TestDelegation_ExecuteGetClaimableRewardsUserErrors
=== RUN   TestDelegation_ExecuteGetClaimableRewards
=== PAUSE TestDelegation_ExecuteGetClaimableRewards
=== RUN   TestDelegation_ExecuteGetTotalCumulatedRewardsUserErrors
=== PAUSE TestDelegation_ExecuteGetTotalCumulatedRewardsUserErrors
=== RUN   TestDelegation_ExecuteGetTotalCumulatedRewards
=== PAUSE TestDelegation_ExecuteGetTotalCumulatedRewards
=== RUN   TestDelegation_ExecuteGetNumUsersUserErrors
=== PAUSE TestDelegation_ExecuteGetNumUsersUserErrors
=== RUN   TestDelegation_ExecuteGetNumUsers
=== PAUSE TestDelegation_ExecuteGetNumUsers
=== RUN   TestDelegation_ExecuteGetTotalUnStakedUserErrors
=== PAUSE TestDelegation_ExecuteGetTotalUnStakedUserErrors
=== RUN   TestDelegation_ExecuteGetTotalUnStaked
=== PAUSE TestDelegation_ExecuteGetTotalUnStaked
=== RUN   TestDelegation_ExecuteGetTotalActiveStakeUserErrors
=== PAUSE TestDelegation_ExecuteGetTotalActiveStakeUserErrors
=== RUN   TestDelegation_ExecuteGetTotalActiveStake
=== PAUSE TestDelegation_ExecuteGetTotalActiveStake
=== RUN   TestDelegation_ExecuteGetUserActiveStakeUserErrors
=== PAUSE TestDelegation_ExecuteGetUserActiveStakeUserErrors
=== RUN   TestDelegation_ExecuteGetUserActiveStakeNoActiveFund
=== PAUSE TestDelegation_ExecuteGetUserActiveStakeNoActiveFund
=== RUN   TestDelegation_ExecuteGetUserActiveStake
=== PAUSE TestDelegation_ExecuteGetUserActiveStake
=== RUN   TestDelegation_ExecuteGetUserUnStakedValueUserErrors
=== PAUSE TestDelegation_ExecuteGetUserUnStakedValueUserErrors
=== RUN   TestDelegation_ExecuteGetUserUnStakedValueNoUnStakedFund
=== PAUSE TestDelegation_ExecuteGetUserUnStakedValueNoUnStakedFund
=== RUN   TestDelegation_ExecuteGetUserUnStakedValue
=== PAUSE TestDelegation_ExecuteGetUserUnStakedValue
=== RUN   TestDelegation_ExecuteGetUserUnBondableUserErrors
=== PAUSE TestDelegation_ExecuteGetUserUnBondableUserErrors
=== RUN   TestDelegation_ExecuteGetUserUnBondableNoUnStakedFund
=== PAUSE TestDelegation_ExecuteGetUserUnBondableNoUnStakedFund
=== RUN   TestDelegation_ExecuteGetUserUnBondable
=== PAUSE TestDelegation_ExecuteGetUserUnBondable
=== RUN   TestDelegation_ExecuteGetNumNodesUserErrors
=== PAUSE TestDelegation_ExecuteGetNumNodesUserErrors
=== RUN   TestDelegation_ExecuteGetNumNodes
=== PAUSE TestDelegation_ExecuteGetNumNodes
=== RUN   TestDelegation_ExecuteGetAllNodeStatesUserErrors
=== PAUSE TestDelegation_ExecuteGetAllNodeStatesUserErrors
=== RUN   TestDelegation_ExecuteGetAllNodeStates
=== PAUSE TestDelegation_ExecuteGetAllNodeStates
=== RUN   TestDelegation_ExecuteGetContractConfigUserErrors
=== PAUSE TestDelegation_ExecuteGetContractConfigUserErrors
=== RUN   TestDelegation_ExecuteGetContractConfig
=== PAUSE TestDelegation_ExecuteGetContractConfig
=== RUN   TestDelegation_ExecuteUnknownFunc
=== PAUSE TestDelegation_ExecuteUnknownFunc
=== RUN   TestDelegation_computeAndUpdateRewardsWithTotalActiveZeroDoesNotPanic
=== PAUSE TestDelegation_computeAndUpdateRewardsWithTotalActiveZeroDoesNotPanic
=== RUN   TestDelegation_computeAndUpdateRewardsWithTotalActiveZeroSendsAllRewardsToOwner
=== PAUSE TestDelegation_computeAndUpdateRewardsWithTotalActiveZeroSendsAllRewardsToOwner
=== RUN   TestDelegation_isDelegatorShouldErrBecauseAddressIsNotFound
--- PASS: TestDelegation_isDelegatorShouldErrBecauseAddressIsNotFound (0.00s)
=== RUN   TestDelegation_isDelegatorShouldWork
--- PASS: TestDelegation_isDelegatorShouldWork (0.00s)
=== RUN   TestDelegation_getDelegatorFundsDataDelegatorNotFoundShouldErr
--- PASS: TestDelegation_getDelegatorFundsDataDelegatorNotFoundShouldErr (0.00s)
=== RUN   TestDelegation_getDelegatorFundsDataCannotLoadFundsShouldErr
--- PASS: TestDelegation_getDelegatorFundsDataCannotLoadFundsShouldErr (0.00s)
=== RUN   TestDelegation_getDelegatorFundsDataCannotFindConfigShouldErr
--- PASS: TestDelegation_getDelegatorFundsDataCannotFindConfigShouldErr (0.00s)
=== RUN   TestDelegation_getDelegatorFundsDataShouldWork
--- PASS: TestDelegation_getDelegatorFundsDataShouldWork (0.00s)
=== RUN   TestDelegation_setAndGetDelegationMetadata
--- PASS: TestDelegation_setAndGetDelegationMetadata (0.00s)
=== RUN   TestDelegation_setAutomaticActivation
--- PASS: TestDelegation_setAutomaticActivation (0.00s)
=== RUN   TestDelegation_GetDelegationManagementNoDataShouldError
=== PAUSE TestDelegation_GetDelegationManagementNoDataShouldError
=== RUN   TestDelegation_GetDelegationManagementMarshalizerFailsShouldError
=== PAUSE TestDelegation_GetDelegationManagementMarshalizerFailsShouldError
=== RUN   TestDelegation_GetDelegationManagementShouldWork
=== PAUSE TestDelegation_GetDelegationManagementShouldWork
=== RUN   TestDelegation_ExecuteInitFromValidatorData
=== PAUSE TestDelegation_ExecuteInitFromValidatorData
=== RUN   TestDelegation_checkArgumentsForValidatorToDelegation
=== PAUSE TestDelegation_checkArgumentsForValidatorToDelegation
=== RUN   TestDelegation_getAndVerifyValidatorData
=== PAUSE TestDelegation_getAndVerifyValidatorData
=== RUN   TestDelegation_initFromValidatorData
=== PAUSE TestDelegation_initFromValidatorData
=== RUN   TestDelegation_mergeValidatorDataToDelegation
--- PASS: TestDelegation_mergeValidatorDataToDelegation (0.00s)
=== RUN   TestDelegation_whitelistForMerge
--- PASS: TestDelegation_whitelistForMerge (0.00s)
=== RUN   TestDelegation_deleteWhitelistForMerge
--- PASS: TestDelegation_deleteWhitelistForMerge (0.00s)
=== RUN   TestDelegation_GetWhitelistForMerge
--- PASS: TestDelegation_GetWhitelistForMerge (0.00s)
=== RUN   TestDelegation_OptimizeRewardsComputation

--- PASS: TestDelegation_OptimizeRewardsComputation (0.00s)
=== RUN   TestDelegation_AddTokens
--- PASS: TestDelegation_AddTokens (0.00s)
=== RUN   TestDelegation_correctNodesStatus
--- PASS: TestDelegation_correctNodesStatus (0.00s)
=== RUN   TestDelegationSystemSC_ExecuteChangeOwnerUserErrors
=== PAUSE TestDelegationSystemSC_ExecuteChangeOwnerUserErrors
=== RUN   TestDelegationSystemSC_ExecuteChangeOwnerWithoutAccountUpdate
=== PAUSE TestDelegationSystemSC_ExecuteChangeOwnerWithoutAccountUpdate
=== RUN   TestDelegationSystemSC_ExecuteChangeOwnerWithAccountUpdate
=== PAUSE TestDelegationSystemSC_ExecuteChangeOwnerWithAccountUpdate
=== RUN   TestDelegationSystemSC_SynchronizeOwner
=== PAUSE TestDelegationSystemSC_SynchronizeOwner
=== RUN   TestDelegationSystemSC_ExecuteAddNodesStakeNodesWithNodesLimit
=== PAUSE TestDelegationSystemSC_ExecuteAddNodesStakeNodesWithNodesLimit
=== RUN   TestNewVMContext_NilBlockChainHook
=== PAUSE TestNewVMContext_NilBlockChainHook
=== RUN   TestNewVMContext_NilCryptoHook
=== PAUSE TestNewVMContext_NilCryptoHook
=== RUN   TestNewVMContext_NilInputParser
=== PAUSE TestNewVMContext_NilInputParser
=== RUN   TestNewVMContext_NilValidatorAccountsDB
=== PAUSE TestNewVMContext_NilValidatorAccountsDB
=== RUN   TestNewVMContext_NilUserAccountsDB
=== PAUSE TestNewVMContext_NilUserAccountsDB
=== RUN   TestNewVMContext_NilChanceComputer
=== PAUSE TestNewVMContext_NilChanceComputer
=== RUN   TestNewVMContext_NilEnableEpochsHandler
=== PAUSE TestNewVMContext_NilEnableEpochsHandler
=== RUN   TestNewVMContext_InvalidEnableEpochsHandler
=== PAUSE TestNewVMContext_InvalidEnableEpochsHandler
=== RUN   TestNewVMContext
=== PAUSE TestNewVMContext
=== RUN   TestVmContext_CleanCache
=== PAUSE TestVmContext_CleanCache
=== RUN   TestVmContext_GetBalance
=== PAUSE TestVmContext_GetBalance
=== RUN   TestVmContext_CreateVMOutput_Empty
=== PAUSE TestVmContext_CreateVMOutput_Empty
=== RUN   TestVmContext_SetStorage
=== PAUSE TestVmContext_SetStorage
=== RUN   TestVmContext_Transfer
=== PAUSE TestVmContext_Transfer
=== RUN   TestVmContext_IsValidatorNonexistentAccountShouldRetFalse
=== PAUSE TestVmContext_IsValidatorNonexistentAccountShouldRetFalse
=== RUN   TestVmContext_IsValidatorInvalidAccountTypeShouldRetFalse
=== PAUSE TestVmContext_IsValidatorInvalidAccountTypeShouldRetFalse
=== RUN   TestVmContext_IsValidator
=== PAUSE TestVmContext_IsValidator
=== RUN   TestVmContext_CleanStorage
=== PAUSE TestVmContext_CleanStorage
=== RUN   TestVmContext_SetOwnerOperatingOnAccount
=== PAUSE TestVmContext_SetOwnerOperatingOnAccount
=== RUN   TestVmContext_UpdateCodeDeployerAddress
=== PAUSE TestVmContext_UpdateCodeDeployerAddress
=== RUN   TestNewGovernanceContract_NilEeiShouldErr
=== PAUSE TestNewGovernanceContract_NilEeiShouldErr
=== RUN   TestNewGovernanceContract_NilMarshalizerShouldErr
=== PAUSE TestNewGovernanceContract_NilMarshalizerShouldErr
=== RUN   TestNewGovernanceContract_NilHasherShouldErr
=== PAUSE TestNewGovernanceContract_NilHasherShouldErr
=== RUN   TestNewGovernanceContract_NilEnableEpochsHandlerShouldErr
=== PAUSE TestNewGovernanceContract_NilEnableEpochsHandlerShouldErr
=== RUN   TestNewGovernanceContract_InvalidEnableEpochsHandlerShouldErr
=== PAUSE TestNewGovernanceContract_InvalidEnableEpochsHandlerShouldErr
=== RUN   TestNewGovernanceContract_ZeroBaseProposerCostShouldErr
=== PAUSE TestNewGovernanceContract_ZeroBaseProposerCostShouldErr
=== RUN   TestNewGovernanceContract_InvalidValidatorAddress
=== PAUSE TestNewGovernanceContract_InvalidValidatorAddress
=== RUN   TestNewGovernanceContract_InvalidDelegationMgrAddress
=== PAUSE TestNewGovernanceContract_InvalidDelegationMgrAddress
=== RUN   TestNewGovernanceContract_InvalidGovernanceAddress
=== PAUSE TestNewGovernanceContract_InvalidGovernanceAddress
=== RUN   TestGovernanceContract_SetNewGasCost
--- PASS: TestGovernanceContract_SetNewGasCost (0.00s)
=== RUN   TestGovernanceContract_ExecuteNilVMInputShouldErr
=== PAUSE TestGovernanceContract_ExecuteNilVMInputShouldErr
=== RUN   TestGovernanceContract_ExecuteInit
=== PAUSE TestGovernanceContract_ExecuteInit
=== RUN   TestGovernanceContract_ExecuteSendDCDT
=== PAUSE TestGovernanceContract_ExecuteSendDCDT
=== RUN   TestGovernanceContract_ExecuteInitV2InvalidCaller
=== PAUSE TestGovernanceContract_ExecuteInitV2InvalidCaller
=== RUN   TestGovernanceContract_ExecuteInitV2InvalidConfig
=== PAUSE TestGovernanceContract_ExecuteInitV2InvalidConfig
=== RUN   TestGovernanceContract_ExecuteInitV2MarshalError
=== PAUSE TestGovernanceContract_ExecuteInitV2MarshalError
=== RUN   TestGovernanceContract_ExecuteInitV2
=== PAUSE TestGovernanceContract_ExecuteInitV2
=== RUN   TestGovernanceContract_ChangeConfig
=== PAUSE TestGovernanceContract_ChangeConfig
=== RUN   TestGovernanceContract_ChangeConfigOutOfGas
=== PAUSE TestGovernanceContract_ChangeConfigOutOfGas
=== RUN   TestGovernanceContract_ValidatorVoteInvalidDelegated
=== PAUSE TestGovernanceContract_ValidatorVoteInvalidDelegated
=== RUN   TestGovernanceContract_DelegateVoteUserErrors
=== PAUSE TestGovernanceContract_DelegateVoteUserErrors
=== RUN   TestGovernanceContract_ChangeConfigWrongCaller
=== PAUSE TestGovernanceContract_ChangeConfigWrongCaller
=== RUN   TestGovernanceContract_ChangeConfigWrongCallValue
=== PAUSE TestGovernanceContract_ChangeConfigWrongCallValue
=== RUN   TestGovernanceContract_ChangeConfigWrongArgumentsLength
=== PAUSE TestGovernanceContract_ChangeConfigWrongArgumentsLength
=== RUN   TestGovernanceContract_ChangeConfigInvalidParams
=== PAUSE TestGovernanceContract_ChangeConfigInvalidParams
=== RUN   TestGovernanceContract_ChangeConfigGetConfigErr
=== PAUSE TestGovernanceContract_ChangeConfigGetConfigErr
=== RUN   TestGovernanceContract_ProposalNotEnoughGas
=== PAUSE TestGovernanceContract_ProposalNotEnoughGas
=== RUN   TestGovernanceContract_ProposalInvalidArgumentsLength
=== PAUSE TestGovernanceContract_ProposalInvalidArgumentsLength
=== RUN   TestGovernanceContract_ProposalWrongCallValue
=== PAUSE TestGovernanceContract_ProposalWrongCallValue
=== RUN   TestGovernanceContract_ProposalInvalidReferenceLength
=== PAUSE TestGovernanceContract_ProposalInvalidReferenceLength
=== RUN   TestGovernanceContract_ProposalAlreadyExists
=== PAUSE TestGovernanceContract_ProposalAlreadyExists
=== RUN   TestGovernanceContract_ProposalInvalidStartEndVoteEpochTooLong
=== PAUSE TestGovernanceContract_ProposalInvalidStartEndVoteEpochTooLong
=== RUN   TestGovernanceContract_ProposalInvalidStartEndVoteEpochTooFarV1
=== PAUSE TestGovernanceContract_ProposalInvalidStartEndVoteEpochTooFarV1
=== RUN   TestGovernanceContract_ProposalInvalidStartEndVoteEpochTooFarV2
=== PAUSE TestGovernanceContract_ProposalInvalidStartEndVoteEpochTooFarV2
=== RUN   TestGovernanceContract_ProposalOK
=== PAUSE TestGovernanceContract_ProposalOK
=== RUN   TestGovernanceContract_VoteWithBadArgsOrCallValue
=== PAUSE TestGovernanceContract_VoteWithBadArgsOrCallValue
=== RUN   TestGovernanceContract_VoteNotEnoughGas
=== PAUSE TestGovernanceContract_VoteNotEnoughGas
=== RUN   TestGovernanceContract_VoteInvalidProposal
=== PAUSE TestGovernanceContract_VoteInvalidProposal
=== RUN   TestGovernanceContract_VoteInvalidVote
=== PAUSE TestGovernanceContract_VoteInvalidVote
=== RUN   TestGovernanceContract_VoteTwice
=== PAUSE TestGovernanceContract_VoteTwice
=== RUN   TestGovernanceContract_VoteTwiceV2
=== PAUSE TestGovernanceContract_VoteTwiceV2
=== RUN   TestGovernanceContract_VoteAfterGovernanceFixesActivationWithOngoingListV1
=== PAUSE TestGovernanceContract_VoteAfterGovernanceFixesActivationWithOngoingListV1
=== RUN   TestGovernanceContract_DelegateVoteMoreErrors
=== PAUSE TestGovernanceContract_DelegateVoteMoreErrors
=== RUN   TestGovernanceContract_ProposalDuringDisableFlag
=== PAUSE TestGovernanceContract_ProposalDuringDisableFlag
=== RUN   TestGovernanceContract_DelegateVoteMultiple
=== PAUSE TestGovernanceContract_DelegateVoteMultiple
=== RUN   TestGovernanceContract_CloseProposal
=== PAUSE TestGovernanceContract_CloseProposal
=== RUN   TestGovernanceContract_CloseProposalWrongCallValue
=== PAUSE TestGovernanceContract_CloseProposalWrongCallValue
=== RUN   TestGovernanceContract_CloseProposalWrongArgumentsLength
=== PAUSE TestGovernanceContract_CloseProposalWrongArgumentsLength
=== RUN   TestGovernanceContract_CloseProposalNotEnoughGas
=== PAUSE TestGovernanceContract_CloseProposalNotEnoughGas
=== RUN   TestGovernanceContract_CloseProposalGetProposalErr
=== PAUSE TestGovernanceContract_CloseProposalGetProposalErr
=== RUN   TestGovernanceContract_CloseProposalAlreadyClosed
=== PAUSE TestGovernanceContract_CloseProposalAlreadyClosed
=== RUN   TestGovernanceContract_CloseProposalVoteNotfinished
=== PAUSE TestGovernanceContract_CloseProposalVoteNotfinished
=== RUN   TestGovernanceContract_CloseProposalCallerNotIssuer
=== PAUSE TestGovernanceContract_CloseProposalCallerNotIssuer
=== RUN   TestGovernanceContract_CloseProposalComputeResultsErr
=== PAUSE TestGovernanceContract_CloseProposalComputeResultsErr
=== RUN   TestGovernanceContract_CloseProposalAfterGovernanceFixesShouldSetLastEndedNonce
=== PAUSE TestGovernanceContract_CloseProposalAfterGovernanceFixesShouldSetLastEndedNonce
=== RUN   TestGovernanceContract_CannotClose
=== PAUSE TestGovernanceContract_CannotClose
=== RUN   TestGovernanceContract_ClearEndedProposalsCallValue
=== PAUSE TestGovernanceContract_ClearEndedProposalsCallValue
=== RUN   TestGovernanceContract_ClearEndedProposalsNoArguments
=== PAUSE TestGovernanceContract_ClearEndedProposalsNoArguments
=== RUN   TestGovernanceContract_ClearEndedProposalsBadArguments
=== PAUSE TestGovernanceContract_ClearEndedProposalsBadArguments
=== RUN   TestGovernanceContract_ClearEndedProposalsOutOfGas
=== PAUSE TestGovernanceContract_ClearEndedProposalsOutOfGas
=== RUN   TestGovernanceContract_GetVotingPower
=== PAUSE TestGovernanceContract_GetVotingPower
=== RUN   TestGovernanceContract_GetVVotingPowerWrongCallValue
=== PAUSE TestGovernanceContract_GetVVotingPowerWrongCallValue
=== RUN   TestGovernanceContract_GetVotingPowerWrongArgumentsLength
=== PAUSE TestGovernanceContract_GetVotingPowerWrongArgumentsLength
=== RUN   TestGovernanceContract_GetVotingPowerInvalidCaller
=== PAUSE TestGovernanceContract_GetVotingPowerInvalidCaller
=== RUN   TestGovernanceContract_GetVotingPowerComputeErr
=== PAUSE TestGovernanceContract_GetVotingPowerComputeErr
=== RUN   TestGovernanceContract_ViewConfig
=== PAUSE TestGovernanceContract_ViewConfig
=== RUN   TestGovernanceContract_ViewProposal
=== PAUSE TestGovernanceContract_ViewProposal
=== RUN   TestGovernanceContract_ViewDelegatedVoteInfo
=== PAUSE TestGovernanceContract_ViewDelegatedVoteInfo
=== RUN   TestGovernanceContract_GetGeneralProposalNotFound
=== PAUSE TestGovernanceContract_GetGeneralProposalNotFound
=== RUN   TestGovernanceContract_GetGeneralProposalUnmarshalErr
=== PAUSE TestGovernanceContract_GetGeneralProposalUnmarshalErr
=== RUN   TestGovernanceContract_GetGeneralProposal
=== PAUSE TestGovernanceContract_GetGeneralProposal
=== RUN   TestGovernanceContract_SaveGeneralProposalUnmarshalErr
=== PAUSE TestGovernanceContract_SaveGeneralProposalUnmarshalErr
=== RUN   TestGovernanceContract_SaveGeneralProposal
=== PAUSE TestGovernanceContract_SaveGeneralProposal
=== RUN   TestGovernanceContract_ProposalExists
=== PAUSE TestGovernanceContract_ProposalExists
=== RUN   TestGovernanceContract_addNewVote
=== PAUSE TestGovernanceContract_addNewVote
=== RUN   TestComputeEndResults
=== PAUSE TestComputeEndResults
=== RUN   TestGovernanceContract_ProposeVoteClose
=== PAUSE TestGovernanceContract_ProposeVoteClose
=== RUN   TestGovernanceContract_ProposeClosePayFee
=== PAUSE TestGovernanceContract_ProposeClosePayFee
=== RUN   TestGovernanceContract_ClaimAccumulatedFees
=== PAUSE TestGovernanceContract_ClaimAccumulatedFees
=== RUN   TestCreateLogEntryForDelegate
=== PAUSE TestCreateLogEntryForDelegate
=== RUN   TestCreateAndAddLogEntryForWithdraw
=== PAUSE TestCreateAndAddLogEntryForWithdraw
=== RUN   TestStakingWaitingSC_ExecuteStakeStakeWaitingUnStake
=== PAUSE TestStakingWaitingSC_ExecuteStakeStakeWaitingUnStake
=== RUN   TestStakingWaitingSC_ExecuteStakeStakeWaitingUnBondFromWaiting
=== PAUSE TestStakingWaitingSC_ExecuteStakeStakeWaitingUnBondFromWaiting
=== RUN   TestStakingWaitingSC_ExecuteStakeStakeUnStakeStakeUnstake
=== PAUSE TestStakingWaitingSC_ExecuteStakeStakeUnStakeStakeUnstake
=== RUN   TestNewStakingSmartContract_NilSystemEIShouldErr
=== PAUSE TestNewStakingSmartContract_NilSystemEIShouldErr
=== RUN   TestNewStakingSmartContract_NilStakingAccessAddrEIShouldErr
=== PAUSE TestNewStakingSmartContract_NilStakingAccessAddrEIShouldErr
=== RUN   TestNewStakingSmartContract_NilJailAccessAddrEIShouldErr
=== PAUSE TestNewStakingSmartContract_NilJailAccessAddrEIShouldErr
=== RUN   TestNewStakingSmartContract
=== PAUSE TestNewStakingSmartContract
=== RUN   TestNewStakingSmartContract_NilEnableEpochsHandlerShouldErr
=== PAUSE TestNewStakingSmartContract_NilEnableEpochsHandlerShouldErr
=== RUN   TestNewStakingSmartContract_InvalidEnableEpochsHandlerShouldErr
=== PAUSE TestNewStakingSmartContract_InvalidEnableEpochsHandlerShouldErr
=== RUN   TestStakingSC_ExecuteInit
=== PAUSE TestStakingSC_ExecuteInit
=== RUN   TestStakingSC_ExecuteInitTwoTimeShouldReturnUserError
--- PASS: TestStakingSC_ExecuteInitTwoTimeShouldReturnUserError (0.00s)
=== RUN   TestStakingSC_ExecuteStakeWrongStakeValueShouldErr
=== PAUSE TestStakingSC_ExecuteStakeWrongStakeValueShouldErr
=== RUN   TestStakingSC_ExecuteStakeWrongUnmarshalDataShouldErr
=== PAUSE TestStakingSC_ExecuteStakeWrongUnmarshalDataShouldErr
=== RUN   TestStakingSC_ExecuteStakeRegistrationDataStakedShouldErr
=== PAUSE TestStakingSC_ExecuteStakeRegistrationDataStakedShouldErr
=== RUN   TestStakingSC_ExecuteStakeNotEnoughArgsShouldErr
=== PAUSE TestStakingSC_ExecuteStakeNotEnoughArgsShouldErr
=== RUN   TestStakingSC_ExecuteStake
=== PAUSE TestStakingSC_ExecuteStake
=== RUN   TestStakingSC_ExecuteUnStakeAddressNotStakedShouldErr
=== PAUSE TestStakingSC_ExecuteUnStakeAddressNotStakedShouldErr
=== RUN   TestStakingSC_ExecuteUnStakeUnmarshalErr
=== PAUSE TestStakingSC_ExecuteUnStakeUnmarshalErr
=== RUN   TestStakingSC_ExecuteUnStakeAlreadyUnStakedAddrShouldErr
=== PAUSE TestStakingSC_ExecuteUnStakeAlreadyUnStakedAddrShouldErr
=== RUN   TestStakingSC_ExecuteUnStakeFailsWithWrongCaller
=== PAUSE TestStakingSC_ExecuteUnStakeFailsWithWrongCaller
=== RUN   TestStakingSC_ExecuteUnStakeShouldErrorNotEnoughNodes
=== PAUSE TestStakingSC_ExecuteUnStakeShouldErrorNotEnoughNodes
=== RUN   TestStakingSC_ExecuteUnStake
=== PAUSE TestStakingSC_ExecuteUnStake
=== RUN   TestStakingSC_ExecuteUnBoundUnmarshalErr
=== PAUSE TestStakingSC_ExecuteUnBoundUnmarshalErr
=== RUN   TestStakingSC_ExecuteUnBoundValidatorNotUnStakeShouldErr
=== PAUSE TestStakingSC_ExecuteUnBoundValidatorNotUnStakeShouldErr
=== RUN   TestStakingSC_ExecuteFinalizeUnBoundBeforePeriodEnds
=== PAUSE TestStakingSC_ExecuteFinalizeUnBoundBeforePeriodEnds
=== RUN   TestStakingSC_ExecuteUnBoundStillValidator
=== PAUSE TestStakingSC_ExecuteUnBoundStillValidator
=== RUN   TestStakingSC_ExecuteUnBound
=== PAUSE TestStakingSC_ExecuteUnBound
=== RUN   TestStakingSC_ExecuteSlashOwnerAddrNotOkShouldErr
=== PAUSE TestStakingSC_ExecuteSlashOwnerAddrNotOkShouldErr
=== RUN   TestStakingSC_ExecuteSlashArgumentsNotOkShouldErr
=== PAUSE TestStakingSC_ExecuteSlashArgumentsNotOkShouldErr
=== RUN   TestStakingSC_ExecuteSlashUnmarhsalErr
=== PAUSE TestStakingSC_ExecuteSlashUnmarhsalErr
=== RUN   TestStakingSC_ExecuteSlashNotStake
=== PAUSE TestStakingSC_ExecuteSlashNotStake
=== RUN   TestStakingSC_ExecuteUnStakeAndUnBoundStake
=== PAUSE TestStakingSC_ExecuteUnStakeAndUnBoundStake
=== RUN   TestStakingSC_ExecuteGetShouldReturnUserErr
=== PAUSE TestStakingSC_ExecuteGetShouldReturnUserErr
=== RUN   TestStakingSC_ExecuteGetShouldOk
=== PAUSE TestStakingSC_ExecuteGetShouldOk
=== RUN   TestStakingSc_ExecuteNilArgs
=== PAUSE TestStakingSc_ExecuteNilArgs
=== RUN   TestStakingSc_ExecuteIsStaked
=== PAUSE TestStakingSc_ExecuteIsStaked
=== RUN   TestStakingSc_StakeWithStakingV4
=== PAUSE TestStakingSc_StakeWithStakingV4
=== RUN   TestStakingSc_UnStakeNodeFromWaitingListAfterStakingV4ShouldError
=== PAUSE TestStakingSc_UnStakeNodeFromWaitingListAfterStakingV4ShouldError
=== RUN   TestStakingSc_StakeWithV1ShouldWork
=== PAUSE TestStakingSc_StakeWithV1ShouldWork
=== RUN   TestStakingSc_StakeJailAndUnJail
=== PAUSE TestStakingSc_StakeJailAndUnJail
=== RUN   TestStakingSc_ExecuteStakeStakeJailAndSwitch
=== PAUSE TestStakingSc_ExecuteStakeStakeJailAndSwitch
=== RUN   TestStakingSc_ExecuteStakeStakeJailAndSwitchWithBoundaries
=== PAUSE TestStakingSc_ExecuteStakeStakeJailAndSwitchWithBoundaries
=== RUN   TestStakingSc_ExecuteStakeStakeStakeJailJailUnJailTwice
=== PAUSE TestStakingSc_ExecuteStakeStakeStakeJailJailUnJailTwice
=== RUN   TestStakingSc_ExecuteStakeUnStakeJailCombinations
=== PAUSE TestStakingSc_ExecuteStakeUnStakeJailCombinations
=== RUN   TestStakingSc_UnBondFromWaitingNotPossible
=== PAUSE TestStakingSc_UnBondFromWaitingNotPossible
=== RUN   Test_NoActionAllowedForBadRatingOrJailed
=== PAUSE Test_NoActionAllowedForBadRatingOrJailed
=== RUN   Test_UnJailNotAllowedIfJailed
=== PAUSE Test_UnJailNotAllowedIfJailed
=== RUN   TestStakingSc_updateConfigMinNodesOK
=== PAUSE TestStakingSc_updateConfigMinNodesOK
=== RUN   TestStakingSc_updateConfigMaxNodesOK
=== PAUSE TestStakingSc_updateConfigMaxNodesOK
=== RUN   TestStakingSC_SetOwnersOnAddressesNotEnabledShouldErr
=== PAUSE TestStakingSC_SetOwnersOnAddressesNotEnabledShouldErr
=== RUN   TestStakingSC_SetOwnersOnAddressesWrongCallerShouldErr
=== PAUSE TestStakingSC_SetOwnersOnAddressesWrongCallerShouldErr
=== RUN   TestStakingSC_SetOwnersOnAddressesWrongArgumentsShouldErr
=== PAUSE TestStakingSC_SetOwnersOnAddressesWrongArgumentsShouldErr
=== RUN   TestStakingSC_SetOwnersOnAddressesShouldWork
=== PAUSE TestStakingSC_SetOwnersOnAddressesShouldWork
=== RUN   TestStakingSC_SetOwnersOnAddressesEmptyArgsShouldWork
=== PAUSE TestStakingSC_SetOwnersOnAddressesEmptyArgsShouldWork
=== RUN   TestStakingSC_GetOwnerStakingV2NotEnabledShouldErr
=== PAUSE TestStakingSC_GetOwnerStakingV2NotEnabledShouldErr
=== RUN   TestStakingSC_GetOwnerWrongCallerShouldErr
=== PAUSE TestStakingSC_GetOwnerWrongCallerShouldErr
=== RUN   TestStakingSC_GetOwnerWrongArgumentsShouldErr
=== PAUSE TestStakingSC_GetOwnerWrongArgumentsShouldErr
=== RUN   TestStakingSC_GetOwnerShouldWork
=== PAUSE TestStakingSC_GetOwnerShouldWork
=== RUN   TestStakingSc_StakeFromQueue
=== PAUSE TestStakingSc_StakeFromQueue
=== RUN   TestStakingSC_UnstakeAtEndOfEpoch
=== PAUSE TestStakingSC_UnstakeAtEndOfEpoch
=== RUN   TestStakingSC_ResetWaitingListUnJailed
=== PAUSE TestStakingSC_ResetWaitingListUnJailed
=== RUN   TestStakingSc_UnStakeNodeWhenMaxNumIsMoreShouldNotStakeFromWaiting
=== PAUSE TestStakingSc_UnStakeNodeWhenMaxNumIsMoreShouldNotStakeFromWaiting
=== RUN   TestStakingSc_ChangeRewardAndOwnerAddress
=== PAUSE TestStakingSc_ChangeRewardAndOwnerAddress
=== RUN   TestStakingSc_RemoveFromWaitingListFirst
=== PAUSE TestStakingSc_RemoveFromWaitingListFirst
=== RUN   TestStakingSc_RemoveFromWaitingListSecondThatLooksLikeFirstBeforeFix
=== PAUSE TestStakingSc_RemoveFromWaitingListSecondThatLooksLikeFirstBeforeFix
=== RUN   TestStakingSc_RemoveFromWaitingListSecondThatLooksLikeFirstAfterFix
=== PAUSE TestStakingSc_RemoveFromWaitingListSecondThatLooksLikeFirstAfterFix
=== RUN   TestStakingSc_RemoveFromWaitingListNotFoundPreviousShouldErrAndFinish
=== PAUSE TestStakingSc_RemoveFromWaitingListNotFoundPreviousShouldErrAndFinish
=== RUN   TestStakingSc_InsertAfterLastJailedBeforeFix
=== PAUSE TestStakingSc_InsertAfterLastJailedBeforeFix
=== RUN   TestStakingSc_InsertAfterLastJailedAfterFix
=== PAUSE TestStakingSc_InsertAfterLastJailedAfterFix
=== RUN   TestStakingSc_InsertAfterLastJailedAfterFixWithEmptyQueue
=== PAUSE TestStakingSc_InsertAfterLastJailedAfterFixWithEmptyQueue
=== RUN   TestStakingSc_getWaitingListRegisterNonceAndRewardAddressWhenLengthIsHigherThanOne
=== PAUSE TestStakingSc_getWaitingListRegisterNonceAndRewardAddressWhenLengthIsHigherThanOne
=== RUN   TestStakingSc_fixWaitingListQueueSize
=== PAUSE TestStakingSc_fixWaitingListQueueSize
=== RUN   TestStakingSc_fixMissingNodeOnQueue
=== PAUSE TestStakingSc_fixMissingNodeOnQueue
=== RUN   TestStakingSc_fixMissingNodeAddOneNodeOnly
=== PAUSE TestStakingSc_fixMissingNodeAddOneNodeOnly
=== RUN   TestStakingSC_StakingV4Flags
=== PAUSE TestStakingSC_StakingV4Flags
=== RUN   TestStakingSc_fixMissingNodeAddAsLast
=== PAUSE TestStakingSc_fixMissingNodeAddAsLast
=== RUN   TestStakingSC_UnStakeAllFromQueueErrors
=== PAUSE TestStakingSC_UnStakeAllFromQueueErrors
=== RUN   TestStakingSc_UnStakeAllFromQueue
=== PAUSE TestStakingSc_UnStakeAllFromQueue
=== RUN   TestStakingSc_UnStakeAllFromQueueWithDelegationContracts
=== PAUSE TestStakingSc_UnStakeAllFromQueueWithDelegationContracts
=== RUN   TestNewStakingValidatorSmartContract_InvalidUnJailValue
=== PAUSE TestNewStakingValidatorSmartContract_InvalidUnJailValue
=== RUN   TestNewStakingValidatorSmartContract_InvalidMinStakeValue
=== PAUSE TestNewStakingValidatorSmartContract_InvalidMinStakeValue
=== RUN   TestNewStakingValidatorSmartContract_InvalidGenesisNodePrice
=== PAUSE TestNewStakingValidatorSmartContract_InvalidGenesisNodePrice
=== RUN   TestNewStakingValidatorSmartContract_InvalidMinStepValue
=== PAUSE TestNewStakingValidatorSmartContract_InvalidMinStepValue
=== RUN   TestNewStakingValidatorSmartContract_NilSystemEnvironmentInterface
=== PAUSE TestNewStakingValidatorSmartContract_NilSystemEnvironmentInterface
=== RUN   TestNewStakingValidatorSmartContract_NilStakingSmartContractAddress
=== PAUSE TestNewStakingValidatorSmartContract_NilStakingSmartContractAddress
=== RUN   TestNewStakingValidatorSmartContract_NilValidatorSmartContractAddress
=== PAUSE TestNewStakingValidatorSmartContract_NilValidatorSmartContractAddress
=== RUN   TestNewStakingValidatorSmartContract_NilNodesCoordinator
=== PAUSE TestNewStakingValidatorSmartContract_NilNodesCoordinator
=== RUN   TestNewStakingValidatorSmartContract_ZeroStakeLimit
=== PAUSE TestNewStakingValidatorSmartContract_ZeroStakeLimit
=== RUN   TestNewStakingValidatorSmartContract_ZeroNodeLimit
=== PAUSE TestNewStakingValidatorSmartContract_ZeroNodeLimit
=== RUN   TestNewStakingValidatorSmartContract_NilSigVerifier
=== PAUSE TestNewStakingValidatorSmartContract_NilSigVerifier
=== RUN   TestNewStakingValidatorSmartContract_NilMarshalizer
=== PAUSE TestNewStakingValidatorSmartContract_NilMarshalizer
=== RUN   TestNewStakingValidatorSmartContract_InvalidGenesisTotalSupply
=== PAUSE TestNewStakingValidatorSmartContract_InvalidGenesisTotalSupply
=== RUN   TestNewStakingValidatorSmartContract_NilEnableEpochsHandler
=== PAUSE TestNewStakingValidatorSmartContract_NilEnableEpochsHandler
=== RUN   TestNewStakingValidatorSmartContract_InvalidEnableEpochsHandler
=== PAUSE TestNewStakingValidatorSmartContract_InvalidEnableEpochsHandler
=== RUN   TestNewStakingValidatorSmartContract_EmptyEndOfEpochAddress
=== PAUSE TestNewStakingValidatorSmartContract_EmptyEndOfEpochAddress
=== RUN   TestNewStakingValidatorSmartContract_EmptyDelegationManagerAddress
=== PAUSE TestNewStakingValidatorSmartContract_EmptyDelegationManagerAddress
=== RUN   TestNewStakingValidatorSmartContract_EmptyGovernanceAddress
=== PAUSE TestNewStakingValidatorSmartContract_EmptyGovernanceAddress
=== RUN   TestNewStakingValidatorSmartContract_NilShardCoordinator
=== PAUSE TestNewStakingValidatorSmartContract_NilShardCoordinator
=== RUN   TestStakingValidatorSC_ExecuteStakeWithoutArgumentsShouldWork
=== PAUSE TestStakingValidatorSC_ExecuteStakeWithoutArgumentsShouldWork
=== RUN   TestStakingValidatorSC_ExecuteStakeTooMuchStake
=== PAUSE TestStakingValidatorSC_ExecuteStakeTooMuchStake
=== RUN   TestStakingValidatorSC_ExecuteStakeTooManyNodes
=== PAUSE TestStakingValidatorSC_ExecuteStakeTooManyNodes
=== RUN   TestStakingValidatorSC_ExecuteStakeTooManyNodesAddOnly2
=== PAUSE TestStakingValidatorSC_ExecuteStakeTooManyNodesAddOnly2
=== RUN   TestStakingValidatorSC_ExecuteStakeAddedNewPubKeysShouldWork
=== PAUSE TestStakingValidatorSC_ExecuteStakeAddedNewPubKeysShouldWork
=== RUN   TestStakingValidatorSC_ExecuteStakeDoubleKeyAndCleanup
=== PAUSE TestStakingValidatorSC_ExecuteStakeDoubleKeyAndCleanup
=== RUN   TestStakingValidatorSC_ExecuteStakeWithRewardAddress
=== PAUSE TestStakingValidatorSC_ExecuteStakeWithRewardAddress
=== RUN   TestStakingValidatorSC_ExecuteStakeUnJail
=== PAUSE TestStakingValidatorSC_ExecuteStakeUnJail
=== RUN   TestStakingValidatorSC_ExecuteStakeUnStakeOneBlsPubKey
=== PAUSE TestStakingValidatorSC_ExecuteStakeUnStakeOneBlsPubKey
=== RUN   TestStakingValidatorSC_ExecuteStakeStakeClaim
=== PAUSE TestStakingValidatorSC_ExecuteStakeStakeClaim
=== RUN   TestStakingValidatorSC_ExecuteStakeStakeTokensUnBondRestakeUnStake
=== PAUSE TestStakingValidatorSC_ExecuteStakeStakeTokensUnBondRestakeUnStake
=== RUN   TestStakingValidatorSC_ExecuteStakeUnStakeStakeClaim
=== PAUSE TestStakingValidatorSC_ExecuteStakeUnStakeStakeClaim
=== RUN   TestStakingValidatorSC_ExecuteStakeUnStakeOneBlsPubKeyAndRestake
=== PAUSE TestStakingValidatorSC_ExecuteStakeUnStakeOneBlsPubKeyAndRestake
=== RUN   TestStakingValidatorSC_ExecuteStakeUnStake1Stake1More
=== PAUSE TestStakingValidatorSC_ExecuteStakeUnStake1Stake1More
=== RUN   TestStakingValidatorSC_ExecuteStakeUnStakeUnBondUnStakeUnBondOneBlsPubKey
=== PAUSE TestStakingValidatorSC_ExecuteStakeUnStakeUnBondUnStakeUnBondOneBlsPubKey
=== RUN   TestStakingValidatorSC_StakeUnStake3XUnBond2xWaitingList
=== PAUSE TestStakingValidatorSC_StakeUnStake3XUnBond2xWaitingList
=== RUN   TestStakingValidatorSC_StakeUnStake3XRestake2
=== PAUSE TestStakingValidatorSC_StakeUnStake3XRestake2
=== RUN   TestStakingValidatorSC_StakeShouldSetOwnerIfStakingV2IsEnabled
=== PAUSE TestStakingValidatorSC_StakeShouldSetOwnerIfStakingV2IsEnabled
=== RUN   TestStakingValidatorSC_ExecuteStakeChangeRewardAddresStakeUnStake
=== PAUSE TestStakingValidatorSC_ExecuteStakeChangeRewardAddresStakeUnStake
=== RUN   TestStakingValidatorSC_ExecuteStakeUnStakeUnBondBlsPubKeyAndReStake
=== PAUSE TestStakingValidatorSC_ExecuteStakeUnStakeUnBondBlsPubKeyAndReStake
=== RUN   TestStakingValidatorSC_ExecuteUnBond
=== PAUSE TestStakingValidatorSC_ExecuteUnBond
=== RUN   TestValidatorStakingSC_ExecuteInit
=== PAUSE TestValidatorStakingSC_ExecuteInit
=== RUN   TestValidatorStakingSC_ExecuteInitTwoTimeShouldReturnUserError
=== PAUSE TestValidatorStakingSC_ExecuteInitTwoTimeShouldReturnUserError
=== RUN   TestValidatorStakingSC_ExecuteStakeOutOfGasShouldErr
=== PAUSE TestValidatorStakingSC_ExecuteStakeOutOfGasShouldErr
=== RUN   TestValidatorStakingSC_ExecuteStakeWrongStakeValueShouldErr
=== PAUSE TestValidatorStakingSC_ExecuteStakeWrongStakeValueShouldErr
=== RUN   TestValidatorStakingSC_ExecuteStakeWrongUnmarshalDataShouldErr
=== PAUSE TestValidatorStakingSC_ExecuteStakeWrongUnmarshalDataShouldErr
=== RUN   TestValidatorStakingSC_ExecuteStakeAlreadyStakedShouldNotErr
=== PAUSE TestValidatorStakingSC_ExecuteStakeAlreadyStakedShouldNotErr
=== RUN   TestValidatorStakingSC_ExecuteStakeStakedInStakingButNotInValidatorShouldErr
=== PAUSE TestValidatorStakingSC_ExecuteStakeStakedInStakingButNotInValidatorShouldErr
=== RUN   TestValidatorStakingSC_ExecuteStakeWithMaxStakePerNode
=== PAUSE TestValidatorStakingSC_ExecuteStakeWithMaxStakePerNode
=== RUN   TestValidatorStakingSC_ExecuteStakeNotEnoughArgsShouldErr
=== PAUSE TestValidatorStakingSC_ExecuteStakeNotEnoughArgsShouldErr
=== RUN   TestValidatorStakingSC_ExecuteStakeNotEnoughFundsForMultipleNodesShouldErr
=== PAUSE TestValidatorStakingSC_ExecuteStakeNotEnoughFundsForMultipleNodesShouldErr
=== RUN   TestValidatorStakingSC_ExecuteStakeNotEnoughGasForMultipleNodesShouldErr
=== PAUSE TestValidatorStakingSC_ExecuteStakeNotEnoughGasForMultipleNodesShouldErr
=== RUN   TestValidatorStakingSC_ExecuteStakeOneKeyFailsOneRegisterStakeSCShouldErr
=== PAUSE TestValidatorStakingSC_ExecuteStakeOneKeyFailsOneRegisterStakeSCShouldErr
=== RUN   TestValidatorStakingSC_ExecuteStakeBeforeValidatorEnableNonce
=== PAUSE TestValidatorStakingSC_ExecuteStakeBeforeValidatorEnableNonce
=== RUN   TestValidatorStakingSC_ExecuteStake
=== PAUSE TestValidatorStakingSC_ExecuteStake
=== RUN   TestValidatorStakingSC_ExecuteUnStakeValueNotZeroShouldErr
=== PAUSE TestValidatorStakingSC_ExecuteUnStakeValueNotZeroShouldErr
=== RUN   TestValidatorStakingSC_ExecuteUnStakeAddressNotStakedShouldErr
=== PAUSE TestValidatorStakingSC_ExecuteUnStakeAddressNotStakedShouldErr
=== RUN   TestValidatorStakingSC_ExecuteUnStakeUnmarshalErr
=== PAUSE TestValidatorStakingSC_ExecuteUnStakeUnmarshalErr
=== RUN   TestValidatorStakingSC_ExecuteUnStakeAlreadyUnStakedAddrShouldNotErr
=== PAUSE TestValidatorStakingSC_ExecuteUnStakeAlreadyUnStakedAddrShouldNotErr
=== RUN   TestValidatorStakingSC_ExecuteUnStakeFailsWithWrongCaller
=== PAUSE TestValidatorStakingSC_ExecuteUnStakeFailsWithWrongCaller
=== RUN   TestValidatorStakingSC_ExecuteUnStake
=== PAUSE TestValidatorStakingSC_ExecuteUnStake
=== RUN   TestValidatorStakingSC_ExecuteUnBondUnmarshalErr
=== PAUSE TestValidatorStakingSC_ExecuteUnBondUnmarshalErr
=== RUN   TestValidatorStakingSC_ExecuteUnBondValidatorNotUnStakeShouldErr
=== PAUSE TestValidatorStakingSC_ExecuteUnBondValidatorNotUnStakeShouldErr
=== RUN   TestValidatorStakingSC_ExecuteStakeUnStakeReturnsErrAsNotEnabled
=== PAUSE TestValidatorStakingSC_ExecuteStakeUnStakeReturnsErrAsNotEnabled
=== RUN   TestValidatorStakingSC_ExecuteUnBondBeforePeriodEnds
=== PAUSE TestValidatorStakingSC_ExecuteUnBondBeforePeriodEnds
=== RUN   TestValidatorSC_ExecuteUnBondBeforePeriodEndsForV2
=== PAUSE TestValidatorSC_ExecuteUnBondBeforePeriodEndsForV2
=== RUN   TestValidatorStakingSC_ExecuteUnBond
=== PAUSE TestValidatorStakingSC_ExecuteUnBond
=== RUN   TestValidatorStakingSC_ExecuteSlashOwnerAddrNotOkShouldErr
=== PAUSE TestValidatorStakingSC_ExecuteSlashOwnerAddrNotOkShouldErr
=== RUN   TestValidatorStakingSC_ExecuteUnStakeAndUnBondStake
=== PAUSE TestValidatorStakingSC_ExecuteUnStakeAndUnBondStake
=== RUN   TestValidatorStakingSC_ExecuteGetShouldReturnUserErr
=== PAUSE TestValidatorStakingSC_ExecuteGetShouldReturnUserErr
=== RUN   TestValidatorStakingSC_ExecuteGetShouldOk
=== PAUSE TestValidatorStakingSC_ExecuteGetShouldOk
=== RUN   TestValidatorStakingSC_Claim
=== PAUSE TestValidatorStakingSC_Claim
=== RUN   TestValidatorStakingSC_SetConfig
=== PAUSE TestValidatorStakingSC_SetConfig
=== RUN   TestValidatorStakingSC_SetConfig_InvalidParameters
=== PAUSE TestValidatorStakingSC_SetConfig_InvalidParameters
=== RUN   TestValidatorStakingSC_getBlsStatusWrongCaller
=== PAUSE TestValidatorStakingSC_getBlsStatusWrongCaller
=== RUN   TestValidatorStakingSC_getBlsStatusWrongNumOfArguments
=== PAUSE TestValidatorStakingSC_getBlsStatusWrongNumOfArguments
=== RUN   TestValidatorStakingSC_getBlsStatusWrongRegistrationData
=== PAUSE TestValidatorStakingSC_getBlsStatusWrongRegistrationData
=== RUN   TestValidatorStakingSC_getBlsStatusNoBlsKeys
=== PAUSE TestValidatorStakingSC_getBlsStatusNoBlsKeys
=== RUN   TestValidatorStakingSC_getBlsStatusShouldWork
=== PAUSE TestValidatorStakingSC_getBlsStatusShouldWork
=== RUN   TestValidatorStakingSC_getBlsStatusShouldWorkEvenIfAnErrorOccursForOneOfTheBlsKeys
=== PAUSE TestValidatorStakingSC_getBlsStatusShouldWorkEvenIfAnErrorOccursForOneOfTheBlsKeys
=== RUN   TestValidatorStakingSC_ChangeRewardAddress
=== PAUSE TestValidatorStakingSC_ChangeRewardAddress
=== RUN   TestValidatorStakingSC_ChangeRewardAddressWithExtraChecks
=== PAUSE TestValidatorStakingSC_ChangeRewardAddressWithExtraChecks
=== RUN   TestStakingValidatorSC_UnstakeTokensNotEnabledShouldError
=== PAUSE TestStakingValidatorSC_UnstakeTokensNotEnabledShouldError
=== RUN   TestStakingValidatorSC_UnstakeTokensInvalidArgumentsShouldError
=== PAUSE TestStakingValidatorSC_UnstakeTokensInvalidArgumentsShouldError
=== RUN   TestStakingValidatorSC_UnstakeTokensWithCallValueShouldError
=== PAUSE TestStakingValidatorSC_UnstakeTokensWithCallValueShouldError
=== RUN   TestStakingValidatorSC_UnstakeTokensOverMaxShouldUnStake
=== PAUSE TestStakingValidatorSC_UnstakeTokensOverMaxShouldUnStake
=== RUN   TestStakingValidatorSC_UnstakeTokensUnderMinimumAllowedShouldErr
=== PAUSE TestStakingValidatorSC_UnstakeTokensUnderMinimumAllowedShouldErr
=== RUN   TestStakingValidatorSC_UnstakeAllTokensWithActiveNodesShouldError
=== PAUSE TestStakingValidatorSC_UnstakeAllTokensWithActiveNodesShouldError
=== RUN   TestStakingValidatorSC_UnstakeTokensShouldWork
=== PAUSE TestStakingValidatorSC_UnstakeTokensShouldWork
=== RUN   TestStakingValidatorSC_UnstakeTokensHavingUnstakedShouldWork
=== PAUSE TestStakingValidatorSC_UnstakeTokensHavingUnstakedShouldWork
=== RUN   TestStakingValidatorSC_UnstakeAllTokensShouldWork
=== PAUSE TestStakingValidatorSC_UnstakeAllTokensShouldWork
=== RUN   TestStakingValidatorSC_UnbondTokensNotEnabledShouldError
=== PAUSE TestStakingValidatorSC_UnbondTokensNotEnabledShouldError
=== RUN   TestStakingValidatorSC_UnbondTokensOneArgument
=== PAUSE TestStakingValidatorSC_UnbondTokensOneArgument
=== RUN   TestStakingValidatorSC_UnbondTokensWithCallValueShouldError
=== PAUSE TestStakingValidatorSC_UnbondTokensWithCallValueShouldError
=== RUN   TestStakingValidatorSC_UnBondTokensV1ShouldWork
=== PAUSE TestStakingValidatorSC_UnBondTokensV1ShouldWork
=== RUN   TestStakingValidatorSC_UnBondTokensV2ShouldWork
=== PAUSE TestStakingValidatorSC_UnBondTokensV2ShouldWork
=== RUN   TestStakingValidatorSC_UnBondTokensV2WithTooMuchToUnbondShouldWork
=== PAUSE TestStakingValidatorSC_UnBondTokensV2WithTooMuchToUnbondShouldWork
=== RUN   TestStakingValidatorSC_UnBondTokensV2WithSplitShouldWork
=== PAUSE TestStakingValidatorSC_UnBondTokensV2WithSplitShouldWork
=== RUN   TestStakingValidatorSC_UnBondAllTokensWithMinDepositShouldError
=== PAUSE TestStakingValidatorSC_UnBondAllTokensWithMinDepositShouldError
=== RUN   TestStakingValidatorSC_UnBondAllTokensShouldWork
=== PAUSE TestStakingValidatorSC_UnBondAllTokensShouldWork
=== RUN   TestStakingValidatorSC_UpdateStakingV2NotEnabledShouldError
=== PAUSE TestStakingValidatorSC_UpdateStakingV2NotEnabledShouldError
=== RUN   TestStakingValidatorSC_GetTopUpNotEnabledShouldError
=== PAUSE TestStakingValidatorSC_GetTopUpNotEnabledShouldError
=== RUN   TestStakingValidatorSC_GetTopUpTotalStakedWithValueShouldError
=== PAUSE TestStakingValidatorSC_GetTopUpTotalStakedWithValueShouldError
=== RUN   TestStakingValidatorSC_GetTopUpTotalStakedInsufficientGasShouldError
=== PAUSE TestStakingValidatorSC_GetTopUpTotalStakedInsufficientGasShouldError
=== RUN   TestStakingValidatorSC_GetTopUpTotalStakedCallerDoesNotExistShouldError
=== PAUSE TestStakingValidatorSC_GetTopUpTotalStakedCallerDoesNotExistShouldError
=== RUN   TestStakingValidatorSC_GetTopUpTotalStakedShouldWork
=== PAUSE TestStakingValidatorSC_GetTopUpTotalStakedShouldWork
=== RUN   TestMarshalingBetweenValidatorV1AndValidatorV2
=== PAUSE TestMarshalingBetweenValidatorV1AndValidatorV2
=== RUN   TestStakingValidatorSC_UnStakeUnBondFromWaitingList
=== PAUSE TestStakingValidatorSC_UnStakeUnBondFromWaitingList
=== RUN   TestStakingValidatorSC_StakeUnStakeUnBondTokensNoNodes
=== PAUSE TestStakingValidatorSC_StakeUnStakeUnBondTokensNoNodes
=== RUN   TestValidatorStakingSC_UnStakeUnBondPaused
=== PAUSE TestValidatorStakingSC_UnStakeUnBondPaused
=== RUN   TestValidatorSC_getUnStakedTokensList_InvalidArgumentsCountShouldErr
=== PAUSE TestValidatorSC_getUnStakedTokensList_InvalidArgumentsCountShouldErr
=== RUN   TestValidatorSC_getUnStakedTokensList_CallValueNotZeroShouldErr
=== PAUSE TestValidatorSC_getUnStakedTokensList_CallValueNotZeroShouldErr
=== RUN   TestValidatorSC_getUnStakedTokensList
=== PAUSE TestValidatorSC_getUnStakedTokensList
=== RUN   TestValidatorSC_getMinUnStakeTokensValueDelegationManagerNotActive
=== PAUSE TestValidatorSC_getMinUnStakeTokensValueDelegationManagerNotActive
=== RUN   TestValidatorSC_getMinUnStakeTokensValueFromDelegationManager
=== PAUSE TestValidatorSC_getMinUnStakeTokensValueFromDelegationManager
=== RUN   TestStakingValidatorSC_checkInputArgsForValidatorToDelegationErrors
=== PAUSE TestStakingValidatorSC_checkInputArgsForValidatorToDelegationErrors
=== RUN   TestStakingValidatorSC_getAndValidateRegistrationDataErrors
=== PAUSE TestStakingValidatorSC_getAndValidateRegistrationDataErrors
=== RUN   TestStakingValidatorSC_ChangeOwnerOfValidatorData
--- PASS: TestStakingValidatorSC_ChangeOwnerOfValidatorData (0.00s)
=== RUN   TestStakingValidatorSC_MergeValidatorData
=== PAUSE TestStakingValidatorSC_MergeValidatorData
=== RUN   TestStakingValidatorSC_MergeValidatorDataTooMuchStake
=== PAUSE TestStakingValidatorSC_MergeValidatorDataTooMuchStake
=== RUN   TestStakingValidatorSC_MergeValidatorDataTooMuchNodes
=== PAUSE TestStakingValidatorSC_MergeValidatorDataTooMuchNodes
=== RUN   TestValidatorSC_getMinUnStakeTokensValueFromDelegationManagerMarshalizerFail
=== PAUSE TestValidatorSC_getMinUnStakeTokensValueFromDelegationManagerMarshalizerFail
=== CONT  TestValidatorStakingSC_ExecuteUnStakeUnmarshalErr
=== CONT  TestCheckIfNil_NilArgs
=== CONT  TestValidatorStakingSC_ExecuteUnStakeAddressNotStakedShouldErr
=== CONT  TestStakingValidatorSC_ExecuteUnBond
--- PASS: TestCheckIfNil_NilArgs (0.00s)
=== CONT  TestStakingValidatorSC_ExecuteStakeUnStakeStakeClaim
=== CONT  TestDcdt_SetNFTCreateRoleAfterStopNFTCreateShouldNotWork
=== CONT  TestStakingValidatorSC_ExecuteStakeChangeRewardAddresStakeUnStake
=== CONT  TestValidatorStakingSC_ExecuteStakeStakedInStakingButNotInValidatorShouldErr
=== CONT  TestDcdt_CheckRolesOnMetaDCDT
=== CONT  TestValidatorStakingSC_ExecuteStakeAlreadyStakedShouldNotErr
=== CONT  TestValidatorStakingSC_ExecuteStakeWrongUnmarshalDataShouldErr
=== CONT  TestValidatorStakingSC_ExecuteStakeWrongStakeValueShouldErr
=== CONT  TestDcdt_unsetBurnRoleGlobally
=== CONT  TestValidatorStakingSC_ExecuteStakeOutOfGasShouldErr
=== CONT  TestDcdt_setBurnRoleGlobally
=== CONT  TestValidatorStakingSC_ExecuteInitTwoTimeShouldReturnUserError
=== CONT  TestDcdt_ExecuteRegisterAndSetMetaDCDTShouldSetType
=== CONT  TestValidatorStakingSC_ExecuteInit
=== CONT  TestDcdt_ExecuteRegisterAndSetSemiFungible
=== CONT  TestStakingValidatorSC_ExecuteStakeUnStakeUnBondBlsPubKeyAndReStake
--- PASS: TestValidatorStakingSC_ExecuteUnStakeAddressNotStakedShouldErr (0.00s)
--- PASS: TestValidatorStakingSC_ExecuteUnStakeUnmarshalErr (0.00s)
--- PASS: TestStakingValidatorSC_ExecuteUnBond (0.00s)
--- PASS: TestDcdt_CheckRolesOnMetaDCDT (0.00s)
=== CONT  TestDcdt_ExecuteRegisterAndSetNonFungible
--- PASS: TestValidatorStakingSC_ExecuteStakeStakedInStakingButNotInValidatorShouldErr (0.00s)
=== CONT  TestStakingValidatorSC_StakeShouldSetOwnerIfStakingV2IsEnabled
--- PASS: TestDcdt_ExecuteRegisterAndSetNonFungible (0.00s)
=== CONT  TestStakingValidatorSC_StakeUnStake3XRestake2
--- PASS: TestValidatorStakingSC_ExecuteStakeAlreadyStakedShouldNotErr (0.00s)
=== CONT  TestStakingValidatorSC_StakeUnStake3XUnBond2xWaitingList
[0;33mWARN [0m[2026-03-16 10:14:20.917]   unmarshal error on getConfig function, returning baseConfig [0;33merror[0m = invalid character 'd' looking for beginning of value 
--- PASS: TestValidatorStakingSC_ExecuteStakeWrongUnmarshalDataShouldErr (0.00s)
=== CONT  TestValidatorSC_getMinUnStakeTokensValueFromDelegationManagerMarshalizerFail
--- PASS: TestValidatorSC_getMinUnStakeTokensValueFromDelegationManagerMarshalizerFail (0.00s)
=== CONT  TestStakingValidatorSC_ExecuteStakeUnStakeUnBondUnStakeUnBondOneBlsPubKey
--- PASS: TestValidatorStakingSC_ExecuteStakeWrongStakeValueShouldErr (0.00s)
=== CONT  TestStakingValidatorSC_MergeValidatorDataTooMuchNodes
--- PASS: TestStakingValidatorSC_StakeShouldSetOwnerIfStakingV2IsEnabled (0.00s)
=== CONT  TestStakingValidatorSC_ExecuteStakeUnStake1Stake1More
--- PASS: TestStakingValidatorSC_ExecuteStakeUnStakeStakeClaim (0.00s)
=== CONT  TestStakingValidatorSC_MergeValidatorDataTooMuchStake
--- PASS: TestDcdt_unsetBurnRoleGlobally (0.00s)
=== CONT  TestStakingValidatorSC_ExecuteStakeUnStakeOneBlsPubKeyAndRestake
--- PASS: TestValidatorStakingSC_ExecuteStakeOutOfGasShouldErr (0.00s)
=== CONT  TestStakingValidatorSC_MergeValidatorData
--- PASS: TestStakingValidatorSC_ExecuteStakeUnStakeUnBondUnStakeUnBondOneBlsPubKey (0.00s)
=== CONT  TestStakingValidatorSC_getAndValidateRegistrationDataErrors
--- PASS: TestStakingValidatorSC_StakeUnStake3XRestake2 (0.00s)
=== CONT  TestDcdt_ExecuteRegisterAndSetFungible
--- PASS: TestValidatorStakingSC_ExecuteInitTwoTimeShouldReturnUserError (0.00s)
--- PASS: TestStakingValidatorSC_StakeUnStake3XUnBond2xWaitingList (0.00s)
=== CONT  TestStakingValidatorSC_checkInputArgsForValidatorToDelegationErrors
--- PASS: TestStakingValidatorSC_getAndValidateRegistrationDataErrors (0.00s)
=== CONT  TestDcdt_ExecuteRegisterAndSetErrors
--- PASS: TestDcdt_ExecuteRegisterAndSetFungible (0.00s)
--- PASS: TestDcdt_setBurnRoleGlobally (0.00s)
=== CONT  TestDcdt_ExecuteIssueSFTAndChangeSFTToMetaDCDT
--- PASS: TestStakingValidatorSC_checkInputArgsForValidatorToDelegationErrors (0.00s)
=== CONT  TestNewStakingValidatorSmartContract_NilSystemEnvironmentInterface
=== CONT  TestDcdt_ExecuteChangeSFTToMetaDCDT
=== CONT  TestNewStakingValidatorSmartContract_NilStakingSmartContractAddress
=== CONT  TestNewStakingValidatorSmartContract_InvalidMinStepValue
=== CONT  TestNewStakingValidatorSmartContract_InvalidGenesisNodePrice
=== CONT  TestValidatorSC_getMinUnStakeTokensValueDelegationManagerNotActive
=== CONT  TestDcdt_ExecuteIssueMetaDCDT
=== CONT  TestNewStakingValidatorSmartContract_InvalidMinStakeValue
=== CONT  TestValidatorSC_getUnStakedTokensList
=== CONT  TestNewStakingValidatorSmartContract_InvalidUnJailValue
=== CONT  TestDcdt_GetAllAddressesAndRolesCallGetExistingTokenErr
=== CONT  TestValidatorSC_getUnStakedTokensList_CallValueNotZeroShouldErr
=== CONT  TestDcdt_GetAllAddressesAndRolesCallWithValueShouldErr
=== CONT  TestValidatorSC_getMinUnStakeTokensValueFromDelegationManager
=== CONT  TestValidatorSC_getUnStakedTokensList_InvalidArgumentsCountShouldErr
=== CONT  TestDcdt_SetNewGasCost
=== CONT  TestValidatorStakingSC_UnStakeUnBondPaused
=== CONT  TestDcdt_TransferNFTCreateCallMultiShardShouldWork
=== CONT  TestStakingSc_UnStakeAllFromQueue
=== CONT  TestDcdt_TransferNFTCreateCallShouldWork
=== CONT  TestStakingSc_UnStakeAllFromQueueWithDelegationContracts
=== CONT  TestStakingSC_UnStakeAllFromQueueErrors
=== CONT  TestDcdt_TransferNFTCreateCallErrors
=== CONT  TestStakingValidatorSC_StakeUnStakeUnBondTokensNoNodes
=== CONT  TestNewStakingValidatorSmartContract_NilValidatorSmartContractAddress
=== CONT  TestStakingSC_StakingV4Flags
=== CONT  TestStakingValidatorSC_UnStakeUnBondFromWaitingList
=== CONT  TestStakingSc_fixMissingNodeAddAsLast
=== CONT  TestDcdt_GetAllAddressesAndRolesNoArgumentsShouldErr
=== CONT  TestMarshalingBetweenValidatorV1AndValidatorV2
=== CONT  TestStakingSc_fixMissingNodeAddOneNodeOnly
=== CONT  TestStakingSc_fixMissingNodeOnQueue
=== CONT  TestStakingValidatorSC_GetTopUpTotalStakedShouldWork
=== CONT  TestStakingSc_fixWaitingListQueueSize
=== RUN   TestStakingSc_fixWaitingListQueueSize/inactive_fix_should_error
=== CONT  TestStakingSc_getWaitingListRegisterNonceAndRewardAddressWhenLengthIsHigherThanOne
=== CONT  TestStakingValidatorSC_GetTopUpTotalStakedCallerDoesNotExistShouldError
=== CONT  TestDcdt_TransferNFTCreateCheckArgumentsErr
--- PASS: TestDcdt_ExecuteRegisterAndSetErrors (0.00s)
--- PASS: TestStakingValidatorSC_ExecuteStakeUnStakeOneBlsPubKeyAndRestake (0.00s)
--- PASS: TestNewStakingValidatorSmartContract_NilSystemEnvironmentInterface (0.00s)
--- PASS: TestNewStakingValidatorSmartContract_NilStakingSmartContractAddress (0.00s)
=== CONT  TestStakingValidatorSC_GetTopUpTotalStakedInsufficientGasShouldError
--- PASS: TestNewStakingValidatorSmartContract_InvalidMinStepValue (0.00s)
=== CONT  TestStakingSc_InsertAfterLastJailedAfterFixWithEmptyQueue
--- PASS: TestNewStakingValidatorSmartContract_InvalidGenesisNodePrice (0.00s)
--- PASS: TestDcdt_ExecuteChangeSFTToMetaDCDT (0.00s)
--- PASS: TestValidatorSC_getMinUnStakeTokensValueDelegationManagerNotActive (0.00s)
--- PASS: TestNewStakingValidatorSmartContract_InvalidMinStakeValue (0.00s)
--- PASS: TestStakingValidatorSC_ExecuteStakeUnStake1Stake1More (0.00s)
--- PASS: TestDcdt_ExecuteIssueMetaDCDT (0.00s)
--- PASS: TestNewStakingValidatorSmartContract_InvalidUnJailValue (0.00s)
--- PASS: TestDcdt_ExecuteIssueSFTAndChangeSFTToMetaDCDT (0.00s)
--- PASS: TestDcdt_GetAllAddressesAndRolesCallWithValueShouldErr (0.00s)
--- PASS: TestDcdt_ExecuteRegisterAndSetSemiFungible (0.00s)
--- PASS: TestValidatorSC_getUnStakedTokensList (0.00s)
--- PASS: TestValidatorSC_getMinUnStakeTokensValueFromDelegationManager (0.00s)
--- PASS: TestValidatorSC_getUnStakedTokensList_InvalidArgumentsCountShouldErr (0.00s)
--- PASS: TestDcdt_SetNewGasCost (0.00s)
--- PASS: TestDcdt_GetAllAddressesAndRolesCallGetExistingTokenErr (0.00s)
--- PASS: TestDcdt_TransferNFTCreateCallShouldWork (0.00s)
--- PASS: TestValidatorStakingSC_UnStakeUnBondPaused (0.00s)
--- PASS: TestStakingSC_UnStakeAllFromQueueErrors (0.00s)
--- PASS: TestStakingValidatorSC_MergeValidatorDataTooMuchNodes (0.00s)
--- PASS: TestNewStakingValidatorSmartContract_NilValidatorSmartContractAddress (0.00s)
--- PASS: TestStakingValidatorSC_StakeUnStakeUnBondTokensNoNodes (0.00s)
--- PASS: TestDcdt_TransferNFTCreateCallErrors (0.00s)
--- PASS: TestDcdt_GetAllAddressesAndRolesNoArgumentsShouldErr (0.00s)
--- PASS: TestMarshalingBetweenValidatorV1AndValidatorV2 (0.00s)
--- PASS: TestStakingSc_fixMissingNodeAddOneNodeOnly (0.00s)
--- PASS: TestStakingValidatorSC_ExecuteStakeUnStakeUnBondBlsPubKeyAndReStake (0.00s)
--- PASS: TestDcdt_TransferNFTCreateCallMultiShardShouldWork (0.00s)
--- PASS: TestDcdt_ExecuteRegisterAndSetMetaDCDTShouldSetType (0.00s)
--- PASS: TestValidatorSC_getUnStakedTokensList_CallValueNotZeroShouldErr (0.00s)
--- PASS: TestStakingSc_fixMissingNodeAddAsLast (0.00s)
--- PASS: TestStakingValidatorSC_GetTopUpTotalStakedShouldWork (0.00s)
--- PASS: TestStakingSC_StakingV4Flags (0.00s)
=== RUN   TestStakingSc_fixWaitingListQueueSize/provided_value_should_error
--- PASS: TestDcdt_TransferNFTCreateCheckArgumentsErr (0.00s)
=== CONT  TestStakingValidatorSC_GetTopUpTotalStakedWithValueShouldError
=== CONT  TestStakingSc_RemoveFromWaitingListFirst
=== CONT  TestDcdt_StopNFTCreateForeverCallErrors
=== RUN   TestStakingSc_RemoveFromWaitingListFirst/BeforeFix
--- PASS: TestStakingSc_fixMissingNodeOnQueue (0.00s)
=== CONT  TestDcdt_UnsetSpecialRoleRemoveRoleShouldWork
=== CONT  TestDcdt_UnsetSpecialRoleRemoveRoleSaveTokenErr
=== CONT  TestDcdt_UnsetSpecialRoleRemoveRoleTransfer
=== CONT  TestDcdt_UnsetSpecialRoleCannotRemoveRoleNotExistsShouldErr
=== CONT  TestDcdt_UnsetSpecialRoleNewShouldErr
=== CONT  TestDcdt_UnsetSpecialRoleCheckBasicOwnershipErr
=== CONT  TestDcdt_UnsetSpecialRoleCheckArgumentsDuplicatedRoleInArgsShouldErr
=== CONT  TestDcdt_UnsetSpecialRoleCheckArgumentsInvalidRoleErr
=== CONT  TestDcdt_UnsetSpecialRoleCheckArgumentsErr
--- PASS: TestValidatorStakingSC_ExecuteInit (0.00s)
--- PASS: TestDcdt_UnsetSpecialRoleCheckArgumentsDuplicatedRoleInArgsShouldErr (0.00s)
=== CONT  TestDcdt_SetSpecialRoleCreateNFTTwoTimesShouldError

=== CONT  TestDcdt_SetSpecialRoleCreateNFTTwoTimesMultiShardShouldWork
=== CONT  TestDcdt_SetSpecialRoleCannotSaveToken
[0;33mWARN [0m[2026-03-16 10:14:20.919]   mismatch length on waiting list elements in stakingSC.getFirstElementsFromWaitingList 
=== CONT  TestDcdt_SetSpecialRoleAlreadyExists
=== CONT  TestDcdt_SetSpecialRoleCheckBasicOwnershipErr
=== CONT  TestDcdt_SetSpecialRoleCheckArgumentsErr
=== CONT  TestDcdt_UnSetSpecialRoleCreateNFTShouldError
=== CONT  TestDcdt_ExecuteClaim
=== CONT  TestDcdt_ExecuteConfigChangeGetContractConfig
=== CONT  TestDcdt_UnsetSpecialRoleWithRemoveEntryFromSpecialRoles
=== CONT  TestDcdt_GetSpecialRolesWithEmptyAddressShouldWork
=== CONT  TestDcdt_SetSpecialRoleNewSendRoleChangeDataErr
=== CONT  TestDcdt_GetSpecialRolesShouldWork
[0;33mWARN [0m[2026-03-16 10:14:20.919]   dcdt.treatEncodeErrorForGetSpecialRoles  [0;33mhex specialRole.Address[0m =  [0;33mroles[0m = DCDTRoleLocalMint, DCDTRoleLocalBurn [0;33merror[0m = wrong size when encoding address, expected length 32, received 0 
=== CONT  TestDcdt_GetSpecialRolesNoSpecialRoles
[0;33mWARN [0m[2026-03-16 10:14:20.919]   dcdt.treatEncodeErrorForGetSpecialRoles  [0;33mhex specialRole.Address[0m =  [0;33mroles[0m = DCDTRoleNFTAddQuantity, DCDTRoleNFTCreate, DCDTRoleNFTBurn [0;33merror[0m = wrong size when encoding address, expected length 32, received 0 
=== CONT  TestDcdt_GetSpecialRolesInvalidTokenShouldErr
=== CONT  TestDcdt_GetSpecialRolesNotEnoughGasShouldErr
=== CONT  TestDcdt_GetSpecialRolesValueNotZeroShouldErr
=== CONT  TestDcdt_ExecuteDcdtControlChangesSavesTokenWithUpgradedProperties
=== CONT  TestDcdt_ExecuteDcdtControlChangesForMultiNFTTransferShouldFaild
=== CONT  TestStakingSc_ExecuteStakeStakeStakeJailJailUnJailTwice
=== CONT  TestDcdt_SetSpecialRoleSFTShouldErr
=== CONT  TestDcdt_ExecuteDcdtControlChangesNonUpgradableTokenShouldFail
=== CONT  TestDcdt_ExecuteDcdtControlChangesNotByOwnerShouldFail
=== CONT  TestDcdt_ExecuteDcdtControlChangesOnNonExistentTokenShouldFail
=== CONT  TestDcdt_ExecuteDcdtControlChangesNotEnoughGasShouldFail
=== CONT  TestDcdt_ExecuteDcdtControlChangesWrongCallValueShouldFail
=== CONT  TestDcdt_ExecuteDcdtControlChangesWrongNumOfArgumentsShouldFail
=== CONT  TestDcdt_ExecuteTransferOwnershipSavesTokenWithNewOwnerAddressSet
=== CONT  TestDcdt_ExecuteTransferOwnershipInvalidDestinationAddressShouldFail
=== CONT  TestDcdt_ExecuteTransferOwnershipNonTransferableTokenShouldFail
=== CONT  TestDcdt_GetSpecialRolesInvalidNumOfArgsShouldErr
=== CONT  TestDcdt_ExecuteTransferOwnershipNotByOwnerShouldFail
=== CONT  TestDcdt_ExecuteTransferOwnershipNotEnoughGasShouldFail
=== CONT  TestDcdt_ExecuteTransferOwnershipOnNonExistentTokenShouldFail
=== CONT  TestDcdt_ExecuteTransferOwnershipWrongNumOfArgumentsShouldFail
=== CONT  TestDcdt_ExecuteTransferOwnershipWrongCallValueShouldFail
=== CONT  TestDcdt_ExecuteUnPauseShouldWork
=== CONT  TestDcdt_ExecuteUnPauseSavesTokenWithPausedFlagSetToFalse
=== CONT  TestDcdt_ExecuteUnPauseOnAnUnPausedTokenShouldFail
=== CONT  TestDcdt_ExecuteTogglePauseShouldWork
=== CONT  TestDcdt_StopNFTCreateForeverCheckArgumentsErr
=== CONT  TestStakingSc_InsertAfterLastJailedAfterFix
=== CONT  TestDcdt_ExecuteTogglePauseSavesTokenWithPausedFlagSet
=== CONT  TestDcdt_ExecutePauseOnAPausedTokenShouldFail
=== CONT  TestDcdt_ExecutePauseNonPauseableTokenShouldFail
=== CONT  TestDcdt_ExecutePauseNotByOwnerShouldFail
=== CONT  TestDcdt_ExecutePauseOnNonExistentTokenShouldFail
=== CONT  TestDcdt_ExecutePauseNotEnoughGasShouldFail
=== CONT  TestDcdt_ExecutePauseTooFewArgumentsShouldFail
=== CONT  TestDcdt_ExecutePauseWrongCallValueShouldFail
=== CONT  TestDcdt_ExecuteWipeSingleNFTShouldWork
=== CONT  TestDcdt_ExecuteWipeTransferFailsNoErr
=== CONT  TestDcdt_ExecuteWipeInvalidDestShouldFail
=== CONT  TestDcdt_ExecuteWipeNonWipeableTokenShouldFail
--- PASS: TestDcdt_UnsetSpecialRoleCheckArgumentsInvalidRoleErr (0.00s)
=== CONT  TestDcdt_ExecuteWipeOnNonExistentTokenShouldFail
--- PASS: TestDcdt_SetNFTCreateRoleAfterStopNFTCreateShouldNotWork (0.00s)
=== CONT  TestDcdt_ExecuteWipeNotEnoughGasShouldFail
--- PASS: TestStakingValidatorSC_ExecuteStakeChangeRewardAddresStakeUnStake (0.00s)
=== CONT  TestDcdt_ExecuteWipeWrongCallValueShouldFail
--- PASS: TestStakingValidatorSC_MergeValidatorData (0.00s)
--- PASS: TestStakingSc_UnStakeAllFromQueue (0.00s)
=== CONT  TestDcdt_SendAllTransferRoleAddresses
=== CONT  TestDcdt_ExecuteToggleUnFreezeSingleNFTShouldWork
=== CONT  TestDcdt_ExecuteToggleUnFreezeShouldWork
=== CONT  TestDcdt_ExecuteToggleFreezeShouldWork
=== CONT  TestDcdt_ExecuteToggleFreezeShouldFailWithBech32Converter
=== CONT  TestDcdt_ExecuteWipeShouldWork
=== CONT  TestDcdt_ExecuteToggleFreezeShouldWorkWithRealBech32Address
=== CONT  TestDcdt_ExecuteToggleFreezeSingleNFTTransferNoErr
=== CONT  TestDcdt_ExecuteToggleFreezeTransferNoErr
=== CONT  TestDcdt_SetSpecialRoleTransferWithTransferRoleEnhancement
=== CONT  TestDcdt_ExecuteToggleFreezeNonFreezableTokenShouldFail
=== CONT  TestDcdt_ExecuteToggleFreezeNotByOwnerShouldFail
=== CONT  TestDcdt_ExecuteToggleFreezeOnNonExistentTokenShouldFail
=== CONT  TestDcdt_ExecuteToggleFreezeNotEnoughGasShouldFail
=== CONT  TestDcdt_ExecuteToggleFreezeWrongCallValueShouldFail
=== CONT  TestStakingSc_ExecuteStakeUnStakeJailCombinations
=== CONT  TestDcdt_ExecuteIssueDisabled
=== CONT  TestDcdt_ExecuteToggleFreezeTooFewArgumentsShouldFail
=== CONT  TestStakingSc_ExecuteStakeStakeJailAndSwitchWithBoundaries
=== CONT  TestDcdt_ExecuteMintWithThreeArgsShouldSetThirdArgAsDestination
=== RUN   TestStakingSc_ExecuteStakeStakeJailAndSwitchWithBoundaries/no_queue,_before_fix,_max_nodes
=== CONT  TestDcdt_SetSpecialRoleTransferNotEnabledShouldErr
=== CONT  TestDcdt_SetSpecialRoleNFTShouldErr
=== CONT  TestStakingSc_ExecuteStakeStakeJailAndSwitch
=== CONT  TestDcdt_StopNFTCreateForeverCallShouldWork
=== CONT  TestDcdt_ExecuteMintWithTwoArgsShouldSetOwnerAsDestination
=== CONT  TestStakingSc_StakeJailAndUnJail
=== CONT  TestDcdt_ExecuteMintTransferNoErr
=== CONT  TestDcdt_SetSpecialRoleShouldWork
=== CONT  TestStakingSc_StakeWithV1ShouldWork
=== CONT  TestStakingSc_UnStakeNodeFromWaitingListAfterStakingV4ShouldError
=== CONT  TestStakingSc_StakeWithStakingV4
=== CONT  TestDcdt_ExecuteMintInvalidDestinationAddressShouldFail
=== CONT  TestStakingValidatorSC_ExecuteStakeStakeTokensUnBondRestakeUnStake
=== CONT  TestStakingSc_ExecuteIsStaked
=== CONT  TestDcdt_ExecuteMintSavesTokenWithMintedTokensAdded
=== CONT  TestStakingSc_ExecuteNilArgs
=== CONT  TestDcdt_ExecuteMintNonMintableTokenShouldFail
=== CONT  TestStakingSC_ExecuteGetShouldOk
=== CONT  TestStakingSC_ExecuteGetShouldReturnUserErr
=== CONT  TestStakingSC_ExecuteUnStakeAndUnBoundStake
=== CONT  TestStakingSC_ExecuteSlashNotStake
=== CONT  TestStakingSC_ExecuteSlashOwnerAddrNotOkShouldErr
=== CONT  TestStakingSC_ExecuteSlashUnmarhsalErr
=== CONT  TestStakingSC_ExecuteUnBoundStillValidator
=== CONT  TestStakingSC_ExecuteUnBound
=== CONT  TestStakingSC_ExecuteFinalizeUnBoundBeforePeriodEnds
=== CONT  TestDcdt_ExecuteMintWrongMintValueShouldFail
=== CONT  TestStakingSC_ExecuteUnBoundValidatorNotUnStakeShouldErr
=== CONT  TestStakingSC_ExecuteUnBoundUnmarshalErr
=== CONT  TestDcdt_ExecuteMintNotByOwnerShouldFail
=== CONT  TestStakingSC_ExecuteUnStake
=== CONT  TestNewStakingSmartContract_NilStakingAccessAddrEIShouldErr
=== CONT  TestStakingSC_ExecuteUnStakeShouldErrorNotEnoughNodes
=== CONT  TestDcdt_ExecuteMintNotEnoughGasShouldFail
=== CONT  TestStakingSC_ExecuteUnStakeFailsWithWrongCaller
=== CONT  TestDcdt_ExecuteMintWrongCallValueShouldFail
=== CONT  TestStakingSC_ExecuteUnStakeAlreadyUnStakedAddrShouldErr
=== CONT  TestDcdt_ExecuteMintTooManyArgumentsShouldFail
=== CONT  TestDcdt_ExecuteMintTooFewArgumentsShouldFail
=== CONT  TestDcdt_ExecuteBurn
=== CONT  TestStakingSC_ExecuteUnStakeUnmarshalErr
=== CONT  TestDcdt_ExecuteMintOnNonExistentTokenShouldFail
=== CONT  TestStakingSC_ExecuteUnStakeAddressNotStakedShouldErr
=== CONT  TestDcdt_ExecuteBurnAndMintDisabled
=== CONT  TestStakingSC_ExecuteStake
=== CONT  TestDcdt_ExecuteBurnOnNonExistentTokenShouldFail
=== CONT  TestDcdt_ExecuteBurnWrongValueToBurnShouldFail
=== CONT  TestStakingSC_ExecuteStakeWrongUnmarshalDataShouldErr
=== CONT  TestStakingSC_ExecuteStakeWrongStakeValueShouldErr
=== CONT  TestDcdt_ExecuteInit
=== CONT  TestStakingSC_ExecuteInit
=== CONT  TestNewStakingSmartContract_InvalidEnableEpochsHandlerShouldErr
=== CONT  TestDcdt_ExecuteBurnOnNonBurnableTokenShouldWorkAndReturnBurntTokens
=== CONT  TestNewStakingSmartContract_NilEnableEpochsHandlerShouldErr
=== CONT  TestNewStakingSmartContract
=== CONT  TestNewStakingSmartContract_NilJailAccessAddrEIShouldErr
=== CONT  TestNewStakingSmartContract_NilSystemEIShouldErr
=== CONT  TestDcdt_ExecuteNilArgsShouldErr
=== CONT  TestStakingWaitingSC_ExecuteStakeStakeUnStakeStakeUnstake
=== CONT  TestDcdt_ExecuteWrongFunctionCall
=== CONT  TestDcdt_IssueInvalidNumberOfDecimals
=== CONT  TestStakingWaitingSC_ExecuteStakeStakeWaitingUnBondFromWaiting
=== CONT  TestDelegation_ExecuteGetUserUnBondableNoUnStakedFund
=== CONT  TestDcdt_ExecuteIssueTooMuchSupply
=== CONT  TestStakingWaitingSC_ExecuteStakeStakeWaitingUnStake
=== CONT  TestDcdt_ExecuteIssueWithZero
=== CONT  TestDcdt_ExecuteBurnWrongNumOfArgsShouldFail
=== CONT  TestCreateAndAddLogEntryForWithdraw
=== CONT  TestDcdt_ExecuteIssue
=== CONT  TestCreateLogEntryForDelegate
=== CONT  TestStakingSC_ExecuteStakeRegistrationDataStakedShouldErr
=== CONT  TestDcdt_ExecuteIssueWithMultiNFTCreate
=== CONT  TestDcdt_ExecuteWipeTooFewArgumentsShouldFail
=== CONT  TestStakingSC_ExecuteSlashArgumentsNotOkShouldErr
=== CONT  TestGovernanceContract_ClaimAccumulatedFees
=== CONT  TestDcdt_ExecuteIssueAlways6charactersForRandom
=== CONT  TestGovernanceContract_ProposeClosePayFee
=== CONT  TestDcdt_ExecuteWipeSingleNFTTransferNoErr
=== CONT  TestComputeEndResults
=== CONT  TestGovernanceContract_addNewVote
=== CONT  TestGovernanceContract_ProposeVoteClose
=== CONT  TestNewDCDTSmartContract_BaseIssuingCostLessThanZeroShouldErr
=== CONT  TestNewDCDTSmartContract_InvalidEnableEpochsHandlerShouldErr
=== CONT  TestNewDCDTSmartContract_NilPubKeyConverterShouldErr
=== CONT  TestNewDCDTSmartContract_NilHasherShouldErr
=== CONT  TestNewDCDTSmartContract_NilEnableEpochsHandlerShouldErr
=== CONT  TestDcdt_ExecuteWipeNotByOwnerShouldFail
=== CONT  TestGovernanceContract_SaveGeneralProposalUnmarshalErr
=== CONT  TestGovernanceContract_SaveGeneralProposal
=== CONT  TestNewDCDTSmartContract_NilMarshalizerShouldErr
=== CONT  TestGovernanceContract_GetGeneralProposalUnmarshalErr
=== CONT  TestGovernanceContract_GetGeneralProposal
=== CONT  TestNewDCDTSmartContract
4e554d42415464636474747867656e44434454746b6e
=== CONT  TestCheckIfNil_NilRecipientAddr
=== CONT  TestNewDCDTSmartContract_NilEEIShouldErr
=== CONT  TestCheckIfNil_NilFunction
=== CONT  TestCheckIfNil
--- PASS: TestDcdt_ExecuteWipeWrongCallValueShouldFail (0.00s)
=== CONT  TestCheckIfNil_NilCallValue
=== CONT  TestGovernanceContract_GetVotingPowerComputeErr
=== CONT  TestGovernanceContract_GetVotingPowerInvalidCaller
=== CONT  TestGovernanceContract_ViewProposal
=== CONT  TestGovernanceContract_ViewConfig
=== RUN   TestStakingSc_fixWaitingListQueueSize/not_enough_gas_should_error
=== CONT  TestDcdt_ExecuteToggleFreezeSingleNFTShouldWork
=== CONT  TestGovernanceContract_GetVotingPower
=== CONT  TestGovernanceContract_ClearEndedProposalsOutOfGas
=== CONT  TestGovernanceContract_CloseProposalVoteNotfinished
=== CONT  TestStakingSC_ExecuteStakeNotEnoughArgsShouldErr
=== CONT  TestCheckIfNil_NilCallerAddr
=== CONT  TestGovernanceContract_GetVotingPowerWrongArgumentsLength
=== CONT  TestGovernanceContract_ClearEndedProposalsBadArguments
=== CONT  TestGovernanceContract_GetVVotingPowerWrongCallValue
=== CONT  TestGovernanceContract_CloseProposalAlreadyClosed

=== CONT  TestGovernanceContract_CloseProposalGetProposalErr
=== CONT  TestGovernanceContract_CloseProposalAfterGovernanceFixesShouldSetLastEndedNonce
=== CONT  TestGovernanceContract_GetGeneralProposalNotFound
=== CONT  TestGovernanceContract_ClearEndedProposalsCallValue
--- PASS: TestGovernanceContract_ViewConfig (0.00s)
--- PASS: TestStakingSC_ExecuteStakeNotEnoughArgsShouldErr (0.00s)
=== CONT  TestGovernanceContract_CloseProposalNotEnoughGas
--- PASS: TestGovernanceContract_ClearEndedProposalsBadArguments (0.00s)
--- PASS: TestGovernanceContract_GetVotingPowerInvalidCaller (0.00s)
=== CONT  TestGovernanceContract_CloseProposalWrongArgumentsLength
--- PASS: TestGovernanceContract_GetGeneralProposalNotFound (0.00s)
=== CONT  TestGovernanceContract_CloseProposalWrongCallValue
=== CONT  TestGovernanceContract_CloseProposalComputeResultsErr
--- PASS: TestDcdt_UnsetSpecialRoleRemoveRoleSaveTokenErr (0.00s)
--- PASS: TestGovernanceContract_CloseProposalNotEnoughGas (0.00s)
--- PASS: TestGovernanceContract_CloseProposalVoteNotfinished (0.00s)
--- PASS: TestGovernanceContract_CloseProposalGetProposalErr (0.00s)
=== CONT  TestGovernanceContract_ClearEndedProposalsNoArguments
--- PASS: TestDcdt_UnsetSpecialRoleRemoveRoleTransfer (0.00s)
=== CONT  TestGovernanceContract_CloseProposalCallerNotIssuer
=== CONT  TestGovernanceContract_DelegateVoteMultiple
=== CONT  TestGovernanceContract_ProposalDuringDisableFlag
=== CONT  TestGovernanceContract_VoteNotEnoughGas
=== CONT  TestGovernanceContract_DelegateVoteMoreErrors
=== CONT  TestNewDCDTSmartContract_InvalidBaseIssuingCostShouldErr
=== CONT  TestGovernanceContract_VoteWithBadArgsOrCallValue
=== CONT  TestGovernanceContract_CloseProposal
--- PASS: TestGovernanceContract_CloseProposalWrongCallValue (0.00s)
--- PASS: TestDcdt_UnsetSpecialRoleRemoveRoleShouldWork (0.00s)
--- PASS: TestDcdt_UnsetSpecialRoleCannotRemoveRoleNotExistsShouldErr (0.00s)
--- PASS: TestDcdt_UnsetSpecialRoleNewShouldErr (0.00s)
--- PASS: TestDcdt_UnsetSpecialRoleCheckBasicOwnershipErr (0.00s)
--- PASS: TestStakingValidatorSC_GetTopUpTotalStakedWithValueShouldError (0.00s)
--- PASS: TestDcdt_UnsetSpecialRoleCheckArgumentsErr (0.00s)
--- PASS: TestStakingSc_InsertAfterLastJailedAfterFixWithEmptyQueue (0.00s)
--- PASS: TestStakingValidatorSC_GetTopUpTotalStakedCallerDoesNotExistShouldError (0.00s)
--- PASS: TestDcdt_SetSpecialRoleCreateNFTTwoTimesShouldError (0.00s)
--- PASS: TestStakingValidatorSC_GetTopUpTotalStakedInsufficientGasShouldError (0.00s)
--- PASS: TestStakingValidatorSC_MergeValidatorDataTooMuchStake (0.00s)
--- PASS: TestStakingSc_UnStakeAllFromQueueWithDelegationContracts (0.00s)
--- PASS: TestDcdt_SetSpecialRoleCreateNFTTwoTimesMultiShardShouldWork (0.00s)
--- PASS: TestStakingValidatorSC_UnStakeUnBondFromWaitingList (0.00s)
--- PASS: TestStakingSc_getWaitingListRegisterNonceAndRewardAddressWhenLengthIsHigherThanOne (0.00s)
--- PASS: TestDcdt_SetSpecialRoleCannotSaveToken (0.00s)
--- PASS: TestDcdt_SetSpecialRoleCheckBasicOwnershipErr (0.00s)
--- PASS: TestDcdt_SetSpecialRoleCheckArgumentsErr (0.00s)
--- PASS: TestDcdt_SetSpecialRoleAlreadyExists (0.00s)
--- PASS: TestDcdt_ExecuteClaim (0.00s)
--- PASS: TestDcdt_UnSetSpecialRoleCreateNFTShouldError (0.00s)
--- PASS: TestDcdt_ExecuteConfigChangeGetContractConfig (0.00s)
--- PASS: TestDcdt_SetSpecialRoleNewSendRoleChangeDataErr (0.00s)
--- PASS: TestDcdt_GetSpecialRolesShouldWork (0.00s)
--- PASS: TestDcdt_GetSpecialRolesWithEmptyAddressShouldWork (0.00s)
--- PASS: TestDcdt_GetSpecialRolesNoSpecialRoles (0.00s)
--- PASS: TestDcdt_GetSpecialRolesInvalidTokenShouldErr (0.00s)
--- PASS: TestDcdt_GetSpecialRolesValueNotZeroShouldErr (0.00s)
--- PASS: TestDcdt_GetSpecialRolesNotEnoughGasShouldErr (0.00s)
--- PASS: TestDcdt_ExecuteDcdtControlChangesForMultiNFTTransferShouldFaild (0.00s)
--- PASS: TestDcdt_UnsetSpecialRoleWithRemoveEntryFromSpecialRoles (0.00s)
--- PASS: TestDcdt_ExecuteDcdtControlChangesSavesTokenWithUpgradedProperties (0.00s)
=== CONT  TestGovernanceContract_CannotClose
--- PASS: TestDcdt_ExecuteDcdtControlChangesNonUpgradableTokenShouldFail (0.00s)
--- PASS: TestDcdt_ExecuteDcdtControlChangesNotByOwnerShouldFail (0.00s)
--- PASS: TestDcdt_ExecuteDcdtControlChangesOnNonExistentTokenShouldFail (0.00s)
--- PASS: TestDcdt_ExecuteDcdtControlChangesNotEnoughGasShouldFail (0.00s)
--- PASS: TestDcdt_SetSpecialRoleSFTShouldErr (0.00s)
--- PASS: TestDcdt_ExecuteDcdtControlChangesWrongNumOfArgumentsShouldFail (0.00s)
--- PASS: TestDcdt_ExecuteTransferOwnershipInvalidDestinationAddressShouldFail (0.00s)
--- PASS: TestDcdt_GetSpecialRolesInvalidNumOfArgsShouldErr (0.00s)
--- PASS: TestDcdt_ExecuteTransferOwnershipNonTransferableTokenShouldFail (0.00s)
--- PASS: TestDcdt_ExecuteDcdtControlChangesWrongCallValueShouldFail (0.00s)
--- PASS: TestDcdt_ExecuteTransferOwnershipNotEnoughGasShouldFail (0.00s)
--- PASS: TestDcdt_ExecuteTransferOwnershipSavesTokenWithNewOwnerAddressSet (0.00s)
--- PASS: TestDcdt_ExecuteTransferOwnershipOnNonExistentTokenShouldFail (0.00s)
--- PASS: TestDcdt_ExecuteTransferOwnershipWrongNumOfArgumentsShouldFail (0.00s)
--- PASS: TestDcdt_ExecuteTransferOwnershipNotByOwnerShouldFail (0.00s)
--- PASS: TestDcdt_ExecuteTransferOwnershipWrongCallValueShouldFail (0.00s)
--- PASS: TestDcdt_ExecuteUnPauseSavesTokenWithPausedFlagSetToFalse (0.00s)
--- PASS: TestDcdt_ExecuteUnPauseOnAnUnPausedTokenShouldFail (0.00s)
--- PASS: TestDcdt_StopNFTCreateForeverCheckArgumentsErr (0.00s)
--- PASS: TestDcdt_ExecuteTogglePauseShouldWork (0.00s)
--- PASS: TestDcdt_ExecuteTogglePauseSavesTokenWithPausedFlagSet (0.00s)
--- PASS: TestDcdt_ExecutePauseOnNonExistentTokenShouldFail (0.00s)
--- PASS: TestDcdt_ExecutePauseNotEnoughGasShouldFail (0.00s)
--- PASS: TestDcdt_ExecutePauseNonPauseableTokenShouldFail (0.00s)
--- PASS: TestDcdt_ExecutePauseNotByOwnerShouldFail (0.00s)
--- PASS: TestDcdt_ExecutePauseTooFewArgumentsShouldFail (0.00s)
--- PASS: TestDcdt_ExecutePauseWrongCallValueShouldFail (0.00s)
--- PASS: TestStakingSc_InsertAfterLastJailedAfterFix (0.00s)
--- PASS: TestDcdt_ExecuteWipeTransferFailsNoErr (0.00s)
--- PASS: TestDcdt_ExecuteWipeSingleNFTShouldWork (0.00s)
--- PASS: TestDcdt_ExecuteWipeInvalidDestShouldFail (0.00s)
--- PASS: TestDcdt_ExecuteWipeOnNonExistentTokenShouldFail (0.00s)
--- PASS: TestDcdt_ExecuteWipeNonWipeableTokenShouldFail (0.00s)
--- PASS: TestDcdt_ExecuteWipeNotEnoughGasShouldFail (0.00s)
--- PASS: TestDcdt_StopNFTCreateForeverCallErrors (0.00s)
--- PASS: TestDcdt_ExecuteToggleUnFreezeSingleNFTShouldWork (0.00s)
--- PASS: TestDcdt_ExecuteToggleUnFreezeShouldWork (0.00s)
--- PASS: TestDcdt_SendAllTransferRoleAddresses (0.00s)
--- PASS: TestDcdt_ExecuteToggleFreezeShouldWork (0.00s)
--- PASS: TestDcdt_ExecuteToggleFreezeShouldFailWithBech32Converter (0.00s)
--- PASS: TestDcdt_ExecuteWipeShouldWork (0.00s)
--- PASS: TestDcdt_ExecuteToggleFreezeSingleNFTTransferNoErr (0.00s)
--- PASS: TestDcdt_ExecuteToggleFreezeShouldWorkWithRealBech32Address (0.00s)
--- PASS: TestDcdt_ExecuteToggleFreezeTransferNoErr (0.00s)
--- PASS: TestDcdt_ExecuteToggleFreezeNonFreezableTokenShouldFail (0.00s)
--- PASS: TestDcdt_ExecuteToggleFreezeNotEnoughGasShouldFail (0.00s)
--- PASS: TestDcdt_ExecuteToggleFreezeOnNonExistentTokenShouldFail (0.00s)
--- PASS: TestDcdt_ExecuteToggleFreezeWrongCallValueShouldFail (0.00s)
--- PASS: TestDcdt_ExecuteToggleFreezeNotByOwnerShouldFail (0.00s)
--- PASS: TestDcdt_ExecuteIssueDisabled (0.00s)
--- PASS: TestDcdt_ExecuteToggleFreezeTooFewArgumentsShouldFail (0.00s)
--- PASS: TestDcdt_SetSpecialRoleTransferWithTransferRoleEnhancement (0.00s)
--- PASS: TestDcdt_ExecuteMintWithThreeArgsShouldSetThirdArgAsDestination (0.00s)
--- PASS: TestDcdt_StopNFTCreateForeverCallShouldWork (0.00s)
--- PASS: TestDcdt_ExecuteMintWithTwoArgsShouldSetOwnerAsDestination (0.00s)
--- PASS: TestDcdt_ExecuteMintTransferNoErr (0.00s)
--- PASS: TestStakingSc_StakeJailAndUnJail (0.00s)
--- PASS: TestStakingSc_ExecuteStakeStakeJailAndSwitch (0.00s)
--- PASS: TestDcdt_SetSpecialRoleShouldWork (0.00s)
--- PASS: TestDcdt_ExecuteMintInvalidDestinationAddressShouldFail (0.00s)
--- PASS: TestStakingSc_StakeWithV1ShouldWork (0.00s)
--- PASS: TestDcdt_SetSpecialRoleTransferNotEnabledShouldErr (0.00s)
--- PASS: TestStakingSc_ExecuteIsStaked (0.00s)
--- PASS: TestStakingSc_ExecuteNilArgs (0.00s)
--- PASS: TestStakingSC_ExecuteGetShouldOk (0.00s)
--- PASS: TestStakingSC_ExecuteGetShouldReturnUserErr (0.00s)
--- PASS: TestDcdt_ExecuteMintNonMintableTokenShouldFail (0.00s)
=== CONT  TestGovernanceContract_ProposalInvalidStartEndVoteEpochTooLong
--- PASS: TestDcdt_ExecuteMintSavesTokenWithMintedTokensAdded (0.00s)
=== CONT  TestGovernanceContract_ProposalInvalidStartEndVoteEpochTooFarV2
--- PASS: TestDcdt_SetSpecialRoleNFTShouldErr (0.00s)
--- PASS: TestStakingSc_ExecuteStakeStakeStakeJailJailUnJailTwice (0.00s)
=== CONT  TestGovernanceContract_ProposalInvalidStartEndVoteEpochTooFarV1
--- PASS: TestStakingSc_UnStakeNodeFromWaitingListAfterStakingV4ShouldError (0.00s)
--- PASS: TestStakingSC_ExecuteSlashNotStake (0.00s)
=== CONT  TestGovernanceContract_VoteAfterGovernanceFixesActivationWithOngoingListV1
--- PASS: TestStakingSC_ExecuteSlashOwnerAddrNotOkShouldErr (0.00s)
--- PASS: TestStakingSC_ExecuteSlashUnmarhsalErr (0.00s)
--- PASS: TestStakingSC_ExecuteFinalizeUnBoundBeforePeriodEnds (0.00s)
--- PASS: TestStakingSC_ExecuteUnBoundValidatorNotUnStakeShouldErr (0.00s)
--- PASS: TestDcdt_ExecuteMintWrongMintValueShouldFail (0.00s)
--- PASS: TestStakingSC_ExecuteUnBound (0.00s)
--- PASS: TestStakingSC_ExecuteUnStakeAndUnBoundStake (0.00s)
=== CONT  TestGovernanceContract_VoteTwiceV2
--- PASS: TestStakingSC_ExecuteUnBoundUnmarshalErr (0.00s)
--- PASS: TestStakingSC_ExecuteUnBoundStillValidator (0.00s)
--- PASS: TestNewStakingSmartContract_NilStakingAccessAddrEIShouldErr (0.00s)
--- PASS: TestDcdt_ExecuteMintNotByOwnerShouldFail (0.00s)
--- PASS: TestDcdt_ExecuteMintNotEnoughGasShouldFail (0.00s)
--- PASS: TestStakingSC_ExecuteUnStakeFailsWithWrongCaller (0.00s)
=== CONT  TestGovernanceContract_ProposalWrongCallValue
--- PASS: TestDcdt_ExecuteMintWrongCallValueShouldFail (0.00s)
--- PASS: TestDcdt_ExecuteMintTooManyArgumentsShouldFail (0.00s)
--- PASS: TestStakingSC_ExecuteUnStakeAlreadyUnStakedAddrShouldErr (0.00s)
--- PASS: TestGovernanceContract_ProposalInvalidStartEndVoteEpochTooFarV1 (0.00s)
=== CONT  TestGovernanceContract_ProposalExists
=== CONT  TestGovernanceContract_ProposalAlreadyExists
=== CONT  TestGovernanceContract_VoteTwice
=== CONT  TestGovernanceContract_ProposalNotEnoughGas
=== RUN   TestStakingSc_ExecuteStakeStakeJailAndSwitchWithBoundaries/no_queue,_before_fix,_min_nodes
=== CONT  TestGovernanceContract_VoteInvalidVote
=== CONT  TestGovernanceContract_ChangeConfigGetConfigErr
=== CONT  TestGovernanceContract_VoteInvalidProposal
=== CONT  TestGovernanceContract_ProposalInvalidReferenceLength
=== CONT  TestGovernanceContract_ChangeConfigInvalidParams
=== CONT  TestGovernanceContract_ChangeConfigWrongCallValue
=== CONT  TestGovernanceContract_ChangeConfigWrongArgumentsLength
=== CONT  TestGovernanceContract_ChangeConfigWrongCaller
=== CONT  TestNewGovernanceContract_InvalidGovernanceAddress
=== CONT  TestGovernanceContract_DelegateVoteUserErrors
=== CONT  TestGovernanceContract_ValidatorVoteInvalidDelegated
=== CONT  TestNewGovernanceContract_InvalidDelegationMgrAddress
=== CONT  TestGovernanceContract_ChangeConfigOutOfGas
=== CONT  TestGovernanceContract_ChangeConfig
=== CONT  TestNewGovernanceContract_InvalidValidatorAddress
=== CONT  TestGovernanceContract_ProposalOK
=== CONT  TestGovernanceContract_ExecuteInitV2
=== CONT  TestNewGovernanceContract_ZeroBaseProposerCostShouldErr
=== CONT  TestNewGovernanceContract_InvalidEnableEpochsHandlerShouldErr
=== CONT  TestGovernanceContract_ExecuteInitV2MarshalError
=== CONT  TestNewGovernanceContract_NilEnableEpochsHandlerShouldErr
=== CONT  TestGovernanceContract_ExecuteInitV2InvalidConfig
=== CONT  TestGovernanceContract_ExecuteInitV2InvalidCaller
=== CONT  TestGovernanceContract_ExecuteSendDCDT
=== CONT  TestNewGovernanceContract_NilMarshalizerShouldErr
=== CONT  TestGovernanceContract_ExecuteInit
=== CONT  TestVmContext_SetOwnerOperatingOnAccount
=== CONT  TestVmContext_CleanStorage
=== CONT  TestGovernanceContract_ExecuteNilVMInputShouldErr
=== RUN   TestVmContext_SetOwnerOperatingOnAccount/load_account_errors,_should_error
=== CONT  TestVmContext_IsValidatorInvalidAccountTypeShouldRetFalse
=== PAUSE TestVmContext_SetOwnerOperatingOnAccount/load_account_errors,_should_error
=== CONT  TestVmContext_IsValidatorNonexistentAccountShouldRetFalse
=== CONT  TestNewVMContext_NilUserAccountsDB
=== CONT  TestVmContext_Transfer
=== RUN   TestVmContext_SetOwnerOperatingOnAccount/wrong_type_assertion,_should_error
--- PASS: TestDcdt_ExecuteMintTooFewArgumentsShouldFail (0.00s)
=== CONT  TestVmContext_CreateVMOutput_Empty
=== CONT  TestNewVMContext_NilInputParser
=== CONT  TestNewVMContext_NilCryptoHook
=== CONT  TestNewGovernanceContract_NilHasherShouldErr
=== CONT  TestDelegationSystemSC_ExecuteAddNodesStakeNodesWithNodesLimit
=== CONT  TestVmContext_CleanCache
=== CONT  TestNewVMContext
=== CONT  TestNewVMContext_InvalidEnableEpochsHandler
=== CONT  TestNewVMContext_NilEnableEpochsHandler
=== CONT  TestDelegationSystemSC_ExecuteChangeOwnerWithAccountUpdate
=== CONT  TestNewVMContext_NilBlockChainHook
=== CONT  TestNewVMContext_NilChanceComputer
=== CONT  TestDelegationSystemSC_ExecuteChangeOwnerWithoutAccountUpdate
=== CONT  TestVmContext_UpdateCodeDeployerAddress
[0;33mWARN [0m[2026-03-16 10:14:20.922]   d.changeOwner cannot get global fund data [0;33merror[0m = data was not found under requested key getGlobalFundData 
[0;33mWARN [0m[2026-03-16 10:14:20.922]   d.changeOwner cannot get global fund data [0;33merror[0m = data was not found under requested key getGlobalFundData 
[0;33mWARN [0m[2026-03-16 10:14:20.922]   d.changeOwner cannot get delegation status [0;33merror[0m = data was not found under requested key delegation status 
[0;33mWARN [0m[2026-03-16 10:14:20.922]   d.changeOwner cannot get delegation status [0;33merror[0m = data was not found under requested key delegation status 
[0;33mWARN [0m[2026-03-16 10:14:20.922]   d.changeOwner cannot get global fund data [0;33merror[0m = data was not found under requested key getGlobalFundData 
[0;33mWARN [0m[2026-03-16 10:14:20.922]   d.changeOwner cannot get delegation status [0;33merror[0m = data was not found under requested key delegation status 
=== CONT  TestDelegationSystemSC_SynchronizeOwner
=== RUN   TestDelegationSystemSC_SynchronizeOwner/function_is_disabled
=== CONT  TestNewVMContext_NilValidatorAccountsDB
=== CONT  TestDelegation_getAndVerifyValidatorData
=== CONT  TestVmContext_SetStorage
=== CONT  TestDelegation_checkArgumentsForValidatorToDelegation
=== CONT  TestDelegation_ExecuteInitFromValidatorData
=== CONT  TestGovernanceContract_ViewDelegatedVoteInfo
invalid number of arguments
=== CONT  TestDelegation_ExecuteGetContractConfig
=== CONT  TestDelegation_GetDelegationManagementShouldWork
=== CONT  TestDelegation_GetDelegationManagementMarshalizerFailsShouldError
=== CONT  TestDelegation_ExecuteGetContractConfigUserErrors
=== RUN   TestGovernanceContract_CannotClose/fixes_flag_disabled,_should_return_false_only_after_end_vote_epoch
=== CONT  TestDelegation_ExecuteGetUserUnStakedValue
=== CONT  TestDelegation_GetDelegationManagementNoDataShouldError
=== CONT  TestDelegation_ExecuteGetUserUnStakedValueNoUnStakedFund
=== CONT  TestDelegation_ExecuteGetAllNodeStates
=== RUN   TestGovernanceContract_CannotClose/fixes_flag_disabled,_should_return_false_only_after_end_vote_epoch/current_epoch_is_less_than_start_epoch
=== PAUSE TestGovernanceContract_CannotClose/fixes_flag_disabled,_should_return_false_only_after_end_vote_epoch/current_epoch_is_less_than_start_epoch
=== CONT  TestGovernanceContract_ProposalInvalidArgumentsLength
=== CONT  TestDelegation_ExecuteGetUserUnStakedValueUserErrors
=== RUN   TestGovernanceContract_CannotClose/fixes_flag_disabled,_should_return_false_only_after_end_vote_epoch/current_epoch_is_equal_with_start_epoch
=== CONT  TestDelegation_ExecuteGetAllNodeStatesUserErrors
=== PAUSE TestGovernanceContract_CannotClose/fixes_flag_disabled,_should_return_false_only_after_end_vote_epoch/current_epoch_is_equal_with_start_epoch
=== CONT  TestDelegation_ExecuteGetUserActiveStake
=== RUN   TestGovernanceContract_CannotClose/fixes_flag_disabled,_should_return_false_only_after_end_vote_epoch/current_epoch_is_between_start_and_end_epochs
=== CONT  TestDelegation_ExecuteGetUserActiveStakeNoActiveFund
=== PAUSE TestGovernanceContract_CannotClose/fixes_flag_disabled,_should_return_false_only_after_end_vote_epoch/current_epoch_is_between_start_and_end_epochs
=== CONT  TestDelegation_computeAndUpdateRewardsWithTotalActiveZeroSendsAllRewardsToOwner
=== CONT  TestDelegation_computeAndUpdateRewardsWithTotalActiveZeroDoesNotPanic
=== CONT  TestDelegation_ExecuteGetUserActiveStakeUserErrors
=== CONT  TestDelegation_ExecuteGetNumNodes
=== CONT  TestDelegation_ExecuteUnknownFunc
=== CONT  TestDelegation_ExecuteGetTotalUnStakedUserErrors
=== CONT  TestDelegation_ExecuteGetTotalActiveStake
=== CONT  TestDelegation_ExecuteGetTotalActiveStakeUserErrors
=== CONT  TestDelegation_ExecuteGetNumUsers
=== CONT  TestDelegation_ExecuteGetTotalUnStaked
=== CONT  TestDelegation_ExecuteGetNumUsersUserErrors
=== CONT  TestDelegation_ExecuteGetNumNodesUserErrors
=== CONT  TestDelegation_ExecuteGetRewardDataUserErrors
=== CONT  TestDelegation_ExecuteGetTotalCumulatedRewards
=== CONT  TestDelegation_ExecuteReDelegateRewardsWithExtraCheckReDelegateIsBelowMinimum
=== RUN   TestGovernanceContract_CannotClose/fixes_flag_disabled,_should_return_false_only_after_end_vote_epoch/current_epoch_is_equal_with_end_epoch
=== CONT  TestDelegation_ExecuteUpdateRewards
=== PAUSE TestGovernanceContract_CannotClose/fixes_flag_disabled,_should_return_false_only_after_end_vote_epoch/current_epoch_is_equal_with_end_epoch
=== RUN   TestGovernanceContract_CannotClose/fixes_flag_disabled,_should_return_false_only_after_end_vote_epoch/current_epoch_is_larger_than_end_epoch
=== CONT  TestDelegation_ExecuteGetTotalCumulatedRewardsUserErrors
=== PAUSE TestGovernanceContract_CannotClose/fixes_flag_disabled,_should_return_false_only_after_end_vote_epoch/current_epoch_is_larger_than_end_epoch
=== CONT  TestDelegation_ExecuteReDelegateRewardsNoExtraCheck
=== CONT  TestDelegation_ExecuteGetClaimableRewards
=== CONT  TestDelegation_ExecuteClaimRewardsShouldDeleteDelegator
=== CONT  TestDelegation_ExecuteGetClaimableRewardsUserErrors
=== CONT  TestDelegation_ExecuteClaimRewards
=== CONT  TestDelegation_ExecuteGetRewardData
--- PASS: TestStakingSC_ExecuteUnStakeShouldErrorNotEnoughNodes (0.00s)
--- PASS: TestStakingSC_ExecuteUnStake (0.00s)
--- PASS: TestStakingSC_ExecuteUnStakeUnmarshalErr (0.00s)
=== CONT  TestNewGovernanceContract_NilEeiShouldErr
=== CONT  TestDelegation_ExecuteClaimRewardsUserErrors
=== CONT  TestDelegation_ExecuteUpdateRewardsUserErrors
=== CONT  TestVmContext_GetBalance
=== CONT  TestDelegation_getSuccessAndUnSuccessKeys
=== CONT  TestDelegation_ExecuteGetUserUnBondable
=== CONT  TestDelegationSystemSC_ExecuteWithdraw
=== CONT  TestDcdt_UpdateTokenType
=== CONT  TestDelegation_ExecuteGetUserUnBondableUserErrors
=== CONT  TestDelegation_getSuccessAndUnSuccessKeysAllSuccess
=== CONT  TestDelegationSystemSC_ExecuteUnDelegatePartOfFunds
=== CONT  TestDelegationSystemSC_ExecuteUnDelegateUserNotDelegatorOrNoActiveFundShouldErr
=== CONT  TestDelegation_getSuccessAndUnSuccessKeysAllUnSuccess
=== CONT  TestDelegationSystemSC_ExecuteWithdrawUserErrors
=== CONT  TestDelegationSystemSC_ExecuteWithdrawWrongInit
=== CONT  TestDelegationSystemSC_ExecuteModifyTotalDelegationCap
=== CONT  TestDelegationSystemSC_ExecuteUnDelegateMultipleTimesSameAndDiffEpochAndWithdraw
=== CONT  TestVmContext_IsValidator
=== CONT  TestDelegationSystemSC_ExecuteUnDelegateUserErrorsWhenGettingMinimumDelegationAmount
=== CONT  TestDelegationSystemSC_ExecuteChangeServiceFee
=== CONT  TestDelegationSystemSC_ExecuteUnDelegateAllFunds
=== CONT  TestDelegationSystemSC_ExecuteUnDelegateAllFundsAsOwner
=== CONT  TestDelegationSystemSC_ExecuteUnDelegateUserErrorsWhenAnInvalidValueToDelegateWasProvided
=== CONT  TestDelegationSystemSC_ExecuteDelegate
=== CONT  TestDelegationSystemSC_ExecuteModifyTotalDelegationCapUserErrors
=== CONT  TestDelegationSystemSC_ExecuteChangeOwnerUserErrors
=== CONT  TestDelegationSystemSC_ExecuteUnDelegateUserErrors
=== CONT  TestDelegationSystemSC_ExecuteDelegateFailsWhenGettingDelegationManagement
=== CONT  TestDelegationSystemSC_ExecuteDelegateWrongInit
=== CONT  TestDelegation_ExecuteReDelegateRewardsWithExtraCheckReDelegateIsAboveMinimum
=== CONT  TestDelegationSystemSC_ExecuteUnStakeNodesNotPresentInStakedShouldErr
=== CONT  TestDelegationSystemSC_ExecuteUnJailNodesUserErrors
--- PASS: TestStakingValidatorSC_ExecuteStakeStakeTokensUnBondRestakeUnStake (0.00s)
=== CONT  TestDelegationSystemSC_ExecuteUnStakeNodes
=== CONT  TestDelegationSystemSC_ExecuteUnBondNodes
=== CONT  TestDelegationSystemSC_ExecuteChangeServiceFeeUserErrors
=== CONT  TestDelegationSystemSC_ExecuteDelegateUserErrors
=== RUN   TestVmContext_UpdateCodeDeployerAddress/programming_error:_account_is_missing,_should_error
=== PAUSE TestVmContext_UpdateCodeDeployerAddress/programming_error:_account_is_missing,_should_error
--- PASS: TestStakingSC_ExecuteUnStakeAddressNotStakedShouldErr (0.00s)
=== RUN   TestVmContext_UpdateCodeDeployerAddress/account_exists,_should_update
--- PASS: TestDcdt_ExecuteBurn (0.00s)
--- PASS: TestDcdt_ExecuteMintOnNonExistentTokenShouldFail (0.00s)
=== CONT  TestDelegation_initFromValidatorData
=== PAUSE TestVmContext_UpdateCodeDeployerAddress/account_exists,_should_update
--- PASS: TestDcdt_ExecuteBurnAndMintDisabled (0.00s)
--- PASS: TestDcdt_ExecuteBurnOnNonExistentTokenShouldFail (0.00s)
--- PASS: TestDcdt_ExecuteBurnWrongValueToBurnShouldFail (0.00s)
--- PASS: TestStakingSC_ExecuteStake (0.00s)
--- PASS: TestStakingSC_ExecuteStakeWrongUnmarshalDataShouldErr (0.00s)
--- PASS: TestStakingSC_ExecuteStakeWrongStakeValueShouldErr (0.00s)
--- PASS: TestDcdt_ExecuteInit (0.00s)
--- PASS: TestStakingSC_ExecuteInit (0.00s)
--- PASS: TestNewStakingSmartContract_InvalidEnableEpochsHandlerShouldErr (0.00s)
--- PASS: TestNewStakingSmartContract_NilEnableEpochsHandlerShouldErr (0.00s)
--- PASS: TestDcdt_ExecuteBurnOnNonBurnableTokenShouldWorkAndReturnBurntTokens (0.00s)
--- PASS: TestNewStakingSmartContract (0.00s)
--- PASS: TestNewStakingSmartContract_NilJailAccessAddrEIShouldErr (0.00s)
--- PASS: TestNewStakingSmartContract_NilSystemEIShouldErr (0.00s)
--- PASS: TestDcdt_ExecuteNilArgsShouldErr (0.00s)
=== CONT  TestDelegationSystemSC_ExecuteUnBondNodesNotPresentInUnStakedShouldErr
=== CONT  TestDelegationSystemSC_ExecuteUnBondNodesUserErrors
=== CONT  TestDelegationSystemSC_ExecuteDelegateStakeNodes
=== CONT  TestDelegationSystemSC_ExecuteUnStakeNodesUserErrors
=== CONT  TestDelegationSystemSC_ExecuteStakeNodesNotPresentInNotStakedOrUnStakedShouldErr
=== CONT  TestDelegationSystemSC_ExecuteStakeNodesVerifiesBothUnStakedAndNotStaked
=== CONT  TestDelegationSystemSC_ExecuteUnJailNodes
=== CONT  TestDelegationSystemSC_ExecuteUnStakeNodesAtEndOfEpoch
=== CONT  TestDelegationSystemSC_ExecuteRemoveNodesUserErrors
=== CONT  TestDelegationSystemSC_ExecuteAddNodesWithNoArgsShouldErr
=== CONT  TestDelegationSystemSC_ExecuteAddNodesShouldSaveAddedKeysAsNotStakedKeys
=== CONT  TestDelegationSystemSC_ExecuteUnJailNodesNotDelegatorShouldErr
=== CONT  TestDelegationSystemSC_ExecuteStakeNodesUserErrors
=== CONT  TestDelegationSystemSC_ExecuteAddNodesStakedKeyAlreadyExistsInNotStakedKeysShouldErr
=== CONT  TestDelegationSystemSC_ExecuteRemoveNodesShouldRemoveKeyFromNotStakedKeys
=== CONT  TestDelegationSystemSC_ExecuteAddNodesStakedKeyAlreadyExistsInUnStakedKeysShouldErr
=== CONT  TestDelegationSystemSC_ExecuteRemoveNodesWithNoArgsShouldErr
=== CONT  TestDelegationSystemSC_ExecuteRemoveNodesNotPresentInNotStakedShouldErr
=== CONT  TestDelegationSystemSC_ExecuteAddNodesStakedKeyAlreadyExistsInStakedKeysShouldErr
=== CONT  TestDelegationSystemSC_ExecuteInitCallValueHigherThanMaxDelegationCapShouldErr
=== CONT  TestDelegationSystemSC_ExecuteNilArgsShouldErr
=== CONT  TestDelegationSystemSC_ExecuteUnJailNodesNotPresentInStakedOrUnStakedShouldErr
=== CONT  TestDelegationSystemSC_ExecuteInitScAlreadyPresentShouldErr
=== CONT  TestDelegationSystemSC_ExecuteInitShouldWork
=== CONT  TestDelegationSystemSC_ExecuteInitWrongNumOfArgs
=== CONT  TestDelegationSystemSC_ExecuteAddNodesUserErrors
=== CONT  TestDelegationSystemSC_ExecuteDelegationDisabledShouldErr
=== CONT  TestNewDelegationSystemSC_OkParamsShouldWork
=== CONT  TestNewDelegationSystemSC_InvalidEnableEpochsHandlerShouldErr
=== CONT  TestNewDelegationSystemSC_InvalidGenesisNodePriceShouldErr
=== CONT  TestNewDelegationSystemSC_InvalidMinStakeValueShouldErr
=== CONT  TestNewDelegationSystemSC_NilEnableEpochsHandlerShouldErr
--- PASS: TestDcdt_ExecuteWrongFunctionCall (0.00s)
--- PASS: TestDcdt_IssueInvalidNumberOfDecimals (0.00s)
--- PASS: TestDelegation_ExecuteGetUserUnBondableNoUnStakedFund (0.00s)
--- PASS: TestStakingSc_StakeWithStakingV4 (0.00s)
--- PASS: TestDcdt_ExecuteIssueTooMuchSupply (0.00s)
=== PAUSE TestVmContext_SetOwnerOperatingOnAccount/wrong_type_assertion,_should_error
=== CONT  TestNewDelegationSystemSC_NilSigVerifierShouldErr
=== CONT  TestNewDelegationSystemSC_NilMarshalizerShouldErr
--- PASS: TestStakingSc_ExecuteStakeUnStakeJailCombinations (0.00s)
--- PASS: TestDcdt_ExecuteBurnWrongNumOfArgsShouldFail (0.00s)
=== CONT  TestNewDelegationSystemSC_InvalidDelegationMgrSCAddrShouldErr
=== CONT  TestNewDelegationSystemSC_InvalidValidatorSCAddrShouldErr
=== CONT  TestDelegationManagerSystemSC_ClaimMultipleDelegationDuplicatedInput
=== CONT  TestDelegationManager_GetContractConfigShouldWork
=== CONT  TestDelegationManager_GetContractConfigErrors
=== CONT  TestCreateNewAddress_NextAddressShouldWork
=== CONT  TestDelegationManager_ChangeMinDelegationMarhalizingFailsShouldError
--- PASS: TestCreateAndAddLogEntryForWithdraw (0.00s)
=== CONT  TestDelegationManager_ChangeMinDelegationShouldWork
=== RUN   TestVmContext_SetOwnerOperatingOnAccount/wrong_size_for_the_owner,_should_error
=== PAUSE TestVmContext_SetOwnerOperatingOnAccount/wrong_size_for_the_owner,_should_error
=== CONT  TestDelegationManager_ChangeMinDelegationAmountInvalidCallerShouldError
=== RUN   TestVmContext_SetOwnerOperatingOnAccount/should_work
=== PAUSE TestVmContext_SetOwnerOperatingOnAccount/should_work
=== CONT  TestNewDelegationSystemSC_NilSystemEnvironmentShouldErr
=== CONT  TestDelegationManagerSystemSC_ExecuteCreateNewDelegationContractUserErrors
=== CONT  TestDelegationManagerSystemSC_ExecuteCreateNewDelegationContract
=== CONT  TestNewDelegationSystemSC_InvalidStakingSCAddrShouldErr
=== CONT  TestDelegationManagerSystemSC_ExecuteChangeMinDepositUserErrors
=== CONT  TestDelegationManagerSystemSC_ExecuteInit
=== CONT  TestDelegationManagerSystemSC_ExecuteInvalidFunction
=== CONT  TestDelegationManagerSystemSC_ExecuteWithNilArgsShouldErr
=== CONT  TestDelegationManagerSystemSC_ClaimMultipleDelegationFails
=== CONT  TestDelegationManagerSystemSC_ClaimMultipleDelegation
=== CONT  TestNewDelegationManagerSystemSC_InvalidMinStakeAmountShouldErr
=== CONT  TestNewDelegationManagerSystemSC
=== CONT  TestNewDelegationManagerSystemSC_InvalidEnableEpochsHandlerShouldErr
=== CONT  TestDelegationManagerSystemSC_ExecuteWithDelegationManagerDisabled
=== CONT  TestDelegationManagerSystemSC_ExecuteGetAllContractAddresses
=== CONT  TestNewDelegationManagerSystemSC_NilMarshalizerShouldErr
=== CONT  TestNewDelegationManagerSystemSC_InvalidDelegationManagerSCAddressShouldErr
=== CONT  TestNewDelegationManagerSystemSC_InvalidValidatorSCAddressShouldErr
=== CONT  TestNewDelegationManagerSystemSC_InvalidConfigChangeAddressShouldErr
=== CONT  TestNewDelegationManagerSystemSC_InvalidStakingSCAddressShouldErr
=== CONT  TestDcdt_RegisterDynamic
=== CONT  TestDcdt_ExecuteChangeToMultiShardCreate
=== CONT  TestNewDelegationManagerSystemSC_NilEnableEpochsHandlerShouldErr
=== CONT  TestDcdt_ExecuteBurnWrongCallValueShouldFail
=== CONT  TestNewDelegationManagerSystemSC_NilEeiShouldErr
=== CONT  TestStakingSC_SetOwnersOnAddressesEmptyArgsShouldWork
=== CONT  TestValidatorStakingSC_ChangeRewardAddress
=== CONT  TestValidatorStakingSC_ExecuteStakeNotEnoughFundsForMultipleNodesShouldErr
=== CONT  TestStakingValidatorSC_GetTopUpNotEnabledShouldError
=== CONT  TestNewDelegationManagerSystemSC_InvalidMinCreationDepositShouldErr
=== CONT  TestStakingSc_ChangeRewardAndOwnerAddress
=== CONT  TestDcdt_ChangeToDynamic
=== CONT  TestStakingValidatorSC_UpdateStakingV2NotEnabledShouldError
=== CONT  TestStakingSc_UnStakeNodeWhenMaxNumIsMoreShouldNotStakeFromWaiting
=== CONT  TestStakingValidatorSC_UnBondAllTokensShouldWork
=== CONT  TestStakingSC_ResetWaitingListUnJailed
=== CONT  TestStakingValidatorSC_UnBondAllTokensWithMinDepositShouldError
cannot change to dynamic because of duplicated roles, role DCDTRoleNFTUpdateAttributes was found multiple times
--- PASS: TestCreateLogEntryForDelegate (0.00s)
--- PASS: TestStakingSC_ExecuteSlashArgumentsNotOkShouldErr (0.00s)
--- PASS: TestDcdt_ExecuteIssueWithMultiNFTCreate (0.00s)
--- PASS: TestDcdt_ExecuteIssueWithZero (0.00s)
--- PASS: TestStakingWaitingSC_ExecuteStakeStakeWaitingUnBondFromWaiting (0.00s)
=== CONT  TestStakingSC_UnstakeAtEndOfEpoch
=== CONT  TestStakingValidatorSC_UnBondTokensV2WithSplitShouldWork
=== CONT  TestDelegationManager_CorrectOwnerOnAccount
=== RUN   TestDelegationManager_CorrectOwnerOnAccount/the_fix_is_disabled,_returns_nil
=== CONT  TestStakingSc_StakeFromQueue
=== CONT  TestStakingValidatorSC_UnBondTokensV2WithTooMuchToUnbondShouldWork
=== CONT  TestDelegationManagerSystemSC_ReDelegateMulti
=== PAUSE TestDelegationManager_CorrectOwnerOnAccount/the_fix_is_disabled,_returns_nil
=== RUN   TestDelegationManager_CorrectOwnerOnAccount/should_work
=== PAUSE TestDelegationManager_CorrectOwnerOnAccount/should_work
=== CONT  TestDcdt_UpdateTokenID
=== CONT  TestValidatorStakingSC_ExecuteStake
=== CONT  TestStakingValidatorSC_UnBondTokensV2ShouldWork
=== CONT  TestStakingSC_GetOwnerWrongArgumentsShouldErr
=== CONT  TestDelegationManagerSystemSC_ExecuteChangeMinDeposit
=== CONT  TestStakingValidatorSC_UnBondTokensV1ShouldWork
=== CONT  TestStakingSC_GetOwnerShouldWork
=== CONT  TestStakingValidatorSC_UnbondTokensWithCallValueShouldError
=== CONT  TestStakingValidatorSC_UnbondTokensOneArgument
=== CONT  TestStakingValidatorSC_UnbondTokensNotEnabledShouldError
=== CONT  TestStakingSC_GetOwnerWrongCallerShouldErr
=== CONT  TestValidatorStakingSC_ExecuteUnStakeValueNotZeroShouldErr
=== CONT  TestValidatorStakingSC_ExecuteStakeOneKeyFailsOneRegisterStakeSCShouldErr
=== CONT  TestStakingValidatorSC_UnstakeAllTokensShouldWork
=== CONT  TestStakingValidatorSC_UnstakeTokensHavingUnstakedShouldWork
=== CONT  TestValidatorStakingSC_ExecuteStakeNotEnoughGasForMultipleNodesShouldErr
=== CONT  TestValidatorStakingSC_ExecuteStakeBeforeValidatorEnableNonce
=== CONT  TestStakingValidatorSC_UnstakeAllTokensWithActiveNodesShouldError
=== CONT  TestValidatorStakingSC_ExecuteGetShouldReturnUserErr
=== CONT  TestValidatorStakingSC_getBlsStatusShouldWorkEvenIfAnErrorOccursForOneOfTheBlsKeys
=== CONT  TestValidatorStakingSC_getBlsStatusShouldWork
=== CONT  TestStakingSC_GetOwnerStakingV2NotEnabledShouldErr
=== CONT  TestValidatorStakingSC_getBlsStatusNoBlsKeys
=== CONT  TestValidatorStakingSC_ExecuteStakeUnStakeReturnsErrAsNotEnabled
=== CONT  TestValidatorStakingSC_getBlsStatusWrongRegistrationData
=== CONT  TestValidatorStakingSC_ExecuteUnStakeAndUnBondStake
=== CONT  TestValidatorStakingSC_getBlsStatusWrongNumOfArguments
=== CONT  TestValidatorStakingSC_ExecuteSlashOwnerAddrNotOkShouldErr
=== CONT  TestValidatorStakingSC_getBlsStatusWrongCaller
=== CONT  TestValidatorStakingSC_ExecuteUnBond
=== CONT  TestNewDelegationSystemSC_InvalidUnJailValueShouldErr
=== CONT  TestValidatorStakingSC_SetConfig_InvalidParameters
=== CONT  TestValidatorSC_ExecuteUnBondBeforePeriodEndsForV2
=== CONT  TestValidatorStakingSC_Claim
=== CONT  TestValidatorStakingSC_ExecuteUnBondBeforePeriodEnds
=== CONT  TestValidatorStakingSC_ExecuteGetShouldOk
=== CONT  TestNewStakingValidatorSmartContract_NilShardCoordinator
=== CONT  TestNewStakingValidatorSmartContract_InvalidGenesisTotalSupply
=== CONT  TestStakingValidatorSC_ExecuteStakeStakeClaim
=== CONT  TestNewStakingValidatorSmartContract_EmptyGovernanceAddress
=== CONT  TestDcdt_RegisterAndSetAllRolesDynamic
=== CONT  TestStakingValidatorSC_UnstakeTokensUnderMinimumAllowedShouldErr
=== CONT  TestStakingValidatorSC_ExecuteStakeUnJail
=== CONT  TestValidatorStakingSC_SetConfig
=== CONT  TestStakingValidatorSC_ExecuteStakeWithRewardAddress
=== CONT  TestStakingValidatorSC_UnstakeTokensOverMaxShouldUnStake
=== CONT  TestStakingValidatorSC_UnstakeTokensWithCallValueShouldError
=== CONT  TestStakingValidatorSC_ExecuteStakeTooManyNodesAddOnly2
=== CONT  TestStakingValidatorSC_ExecuteStakeUnStakeOneBlsPubKey
--- PASS: TestStakingWaitingSC_ExecuteStakeStakeUnStakeStakeUnstake (0.00s)
--- PASS: TestGovernanceContract_ClaimAccumulatedFees (0.00s)
--- PASS: TestValidatorStakingSC_ExecuteUnStakeAndUnBondStake (0.00s)
=== CONT  TestStakingValidatorSC_UnstakeTokensShouldWork
=== CONT  TestStakingValidatorSC_ExecuteStakeDoubleKeyAndCleanup
=== CONT  TestStakingValidatorSC_ExecuteStakeTooManyNodes
--- PASS: TestDcdt_ExecuteIssue (0.00s)
--- PASS: TestGovernanceContract_ProposeClosePayFee (0.00s)
=== CONT  TestStakingValidatorSC_ExecuteStakeAddedNewPubKeysShouldWork
--- PASS: TestGovernanceContract_addNewVote (0.00s)
--- PASS: TestComputeEndResults (0.00s)
--- PASS: TestNewDCDTSmartContract_BaseIssuingCostLessThanZeroShouldErr (0.00s)
--- PASS: TestNewDCDTSmartContract_InvalidEnableEpochsHandlerShouldErr (0.00s)
--- PASS: TestStakingWaitingSC_ExecuteStakeStakeWaitingUnStake (0.00s)
--- PASS: TestStakingValidatorSC_ExecuteStakeStakeClaim (0.00s)
=== CONT  TestStakingValidatorSC_ExecuteStakeTooMuchStake
=== CONT  TestNewStakingValidatorSmartContract_EmptyEndOfEpochAddress
=== CONT  TestStakingValidatorSC_UnstakeTokensNotEnabledShouldError
=== CONT  TestStakingValidatorSC_UnstakeTokensInvalidArgumentsShouldError
=== CONT  TestValidatorStakingSC_ExecuteStakeNotEnoughArgsShouldErr
=== CONT  TestNewStakingValidatorSmartContract_ZeroNodeLimit
=== CONT  TestValidatorStakingSC_ChangeRewardAddressWithExtraChecks
--- PASS: TestValidatorStakingSC_SetConfig (0.00s)
=== CONT  TestStakingValidatorSC_ExecuteStakeWithoutArgumentsShouldWork
--- PASS: TestNewStakingValidatorSmartContract_EmptyEndOfEpochAddress (0.00s)
--- PASS: TestDcdt_ExecuteWipeSingleNFTTransferNoErr (0.00s)
--- PASS: TestNewDCDTSmartContract_NilPubKeyConverterShouldErr (0.00s)
--- PASS: TestStakingSC_ExecuteStakeRegistrationDataStakedShouldErr (0.00s)
--- PASS: TestNewDCDTSmartContract_NilHasherShouldErr (0.00s)
=== CONT  TestNewStakingValidatorSmartContract_InvalidEnableEpochsHandler
--- PASS: TestNewDCDTSmartContract_NilEnableEpochsHandlerShouldErr (0.00s)
--- PASS: TestGovernanceContract_SaveGeneralProposalUnmarshalErr (0.00s)
=== CONT  TestValidatorStakingSC_ExecuteStakeWithMaxStakePerNode
--- PASS: TestGovernanceContract_SaveGeneralProposal (0.00s)
--- PASS: TestNewDCDTSmartContract_NilMarshalizerShouldErr (0.00s)
--- PASS: TestGovernanceContract_GetGeneralProposalUnmarshalErr (0.00s)
--- PASS: TestNewDCDTSmartContract (0.00s)
--- PASS: TestCheckIfNil_NilRecipientAddr (0.00s)
--- PASS: TestCheckIfNil_NilFunction (0.00s)
--- PASS: TestStakingValidatorSC_ExecuteStakeUnStakeOneBlsPubKey (0.00s)
--- PASS: TestGovernanceContract_GetGeneralProposal (0.00s)
=== CONT  TestNewStakingValidatorSmartContract_NilMarshalizer
--- PASS: TestCheckIfNil (0.00s)
--- PASS: TestNewStakingValidatorSmartContract_NilMarshalizer (0.00s)
=== CONT  TestNewStakingValidatorSmartContract_EmptyDelegationManagerAddress
--- PASS: TestCheckIfNil_NilCallValue (0.00s)
=== CONT  TestNewStakingValidatorSmartContract_ZeroStakeLimit
--- PASS: TestNewDCDTSmartContract_NilEEIShouldErr (0.00s)
--- PASS: TestGovernanceContract_GetVotingPowerComputeErr (0.00s)
--- PASS: TestGovernanceContract_ViewProposal (0.00s)
=== CONT  TestValidatorStakingSC_ExecuteUnBondValidatorNotUnStakeShouldErr
--- PASS: TestStakingValidatorSC_ExecuteStakeWithRewardAddress (0.00s)
--- PASS: TestDcdt_ExecuteWipeNotByOwnerShouldFail (0.00s)
--- PASS: TestCheckIfNil_NilCallerAddr (0.00s)
--- PASS: TestGovernanceContract_GetVVotingPowerWrongCallValue (0.00s)
--- PASS: TestGovernanceContract_GetVotingPower (0.00s)
=== CONT  TestNewStakingValidatorSmartContract_NilSigVerifier
=== CONT  TestValidatorStakingSC_ExecuteUnStake
--- PASS: TestGovernanceContract_GetVotingPowerWrongArgumentsLength (0.00s)
--- PASS: TestDcdt_ExecuteToggleFreezeSingleNFTShouldWork (0.00s)
--- PASS: TestNewStakingValidatorSmartContract_NilSigVerifier (0.00s)
=== RUN   TestStakingSc_RemoveFromWaitingListFirst/AfterFix
--- PASS: TestGovernanceContract_CloseProposalAlreadyClosed (0.00s)
=== CONT  TestValidatorStakingSC_ExecuteUnBondUnmarshalErr
=== CONT  TestValidatorStakingSC_ExecuteUnStakeFailsWithWrongCaller
--- PASS: TestGovernanceContract_CloseProposalWrongArgumentsLength (0.00s)
--- PASS: TestGovernanceContract_ClearEndedProposalsNoArguments (0.00s)
--- PASS: TestGovernanceContract_ClearEndedProposalsOutOfGas (0.00s)
=== CONT  TestValidatorStakingSC_ExecuteUnStakeAlreadyUnStakedAddrShouldNotErr
--- PASS: TestGovernanceContract_CloseProposalComputeResultsErr (0.00s)
--- PASS: TestGovernanceContract_VoteNotEnoughGas (0.00s)
=== RUN   TestStakingSc_fixWaitingListQueueSize/should_repair
--- PASS: TestGovernanceContract_ClearEndedProposalsCallValue (0.00s)
--- PASS: TestGovernanceContract_ProposeVoteClose (0.00s)
--- PASS: TestGovernanceContract_ProposalDuringDisableFlag (0.00s)
--- PASS: TestGovernanceContract_CloseProposalCallerNotIssuer (0.00s)
--- PASS: TestNewDCDTSmartContract_InvalidBaseIssuingCostShouldErr (0.00s)
=== CONT  TestStakingSc_updateConfigMaxNodesOK
--- PASS: TestValidatorStakingSC_ExecuteUnStakeAlreadyUnStakedAddrShouldNotErr (0.00s)
=== CONT  TestStakingSC_SetOwnersOnAddressesWrongArgumentsShouldErr
=== CONT  TestStakingSC_SetOwnersOnAddressesWrongCallerShouldErr
--- PASS: TestStakingSc_updateConfigMaxNodesOK (0.00s)
=== CONT  TestStakingSC_SetOwnersOnAddressesShouldWork
--- PASS: TestStakingSC_SetOwnersOnAddressesWrongArgumentsShouldErr (0.00s)
=== CONT  TestStakingSC_SetOwnersOnAddressesNotEnabledShouldErr
--- PASS: TestNewStakingValidatorSmartContract_ZeroNodeLimit (0.00s)
=== CONT  TestStakingSc_InsertAfterLastJailedBeforeFix
=== CONT  TestStakingSc_RemoveFromWaitingListSecondThatLooksLikeFirstBeforeFix
--- PASS: TestDcdt_ExecuteUnPauseShouldWork (0.00s)
--- PASS: TestDcdt_ExecutePauseOnAPausedTokenShouldFail (0.00s)
--- PASS: TestGovernanceContract_ProposalInvalidStartEndVoteEpochTooLong (0.00s)
--- PASS: TestGovernanceContract_ProposalInvalidStartEndVoteEpochTooFarV2 (0.00s)
--- PASS: TestGovernanceContract_CloseProposal (0.00s)
--- PASS: TestGovernanceContract_ProposalWrongCallValue (0.00s)
--- PASS: TestGovernanceContract_ProposalExists (0.00s)
=== CONT  TestNewStakingValidatorSmartContract_NilEnableEpochsHandler
=== CONT  TestStakingSc_updateConfigMinNodesOK
=== CONT  Test_NoActionAllowedForBadRatingOrJailed
=== CONT  TestStakingSc_RemoveFromWaitingListNotFoundPreviousShouldErrAndFinish
=== CONT  Test_UnJailNotAllowedIfJailed
=== CONT  TestNewStakingValidatorSmartContract_NilNodesCoordinator
=== CONT  TestStakingSc_RemoveFromWaitingListSecondThatLooksLikeFirstAfterFix
=== CONT  TestStakingSc_UnBondFromWaitingNotPossible
--- PASS: TestGovernanceContract_ProposalNotEnoughGas (0.00s)
--- PASS: TestGovernanceContract_ProposalAlreadyExists (0.00s)
--- PASS: TestGovernanceContract_ChangeConfigGetConfigErr (0.00s)
--- PASS: TestGovernanceContract_VoteWithBadArgsOrCallValue (0.00s)
--- PASS: TestGovernanceContract_VoteTwiceV2 (0.00s)
--- PASS: TestGovernanceContract_ChangeConfigWrongCallValue (0.00s)
--- PASS: TestGovernanceContract_VoteTwice (0.00s)
--- PASS: TestGovernanceContract_ChangeConfigInvalidParams (0.00s)
--- PASS: TestGovernanceContract_DelegateVoteMoreErrors (0.00s)
=== CONT  TestGovernanceContract_CannotClose/fixes_flag_disabled,_should_return_false_only_after_end_vote_epoch/current_epoch_is_between_start_and_end_epochs
=== CONT  TestGovernanceContract_CannotClose/fixes_flag_disabled,_should_return_false_only_after_end_vote_epoch/current_epoch_is_equal_with_start_epoch
=== CONT  TestVmContext_UpdateCodeDeployerAddress/account_exists,_should_update
=== CONT  TestDelegationManager_CorrectOwnerOnAccount/should_work
=== CONT  TestVmContext_UpdateCodeDeployerAddress/programming_error:_account_is_missing,_should_error
=== CONT  TestVmContext_SetOwnerOperatingOnAccount/load_account_errors,_should_error
=== CONT  TestDelegationManager_CorrectOwnerOnAccount/the_fix_is_disabled,_returns_nil
--- PASS: TestGovernanceContract_ProposalInvalidReferenceLength (0.00s)
--- PASS: TestGovernanceContract_ChangeConfigWrongArgumentsLength (0.00s)
--- PASS: TestGovernanceContract_ChangeConfigWrongCaller (0.00s)
--- PASS: TestNewGovernanceContract_InvalidGovernanceAddress (0.00s)
--- PASS: TestGovernanceContract_DelegateVoteMultiple (0.00s)
--- PASS: TestGovernanceContract_VoteInvalidVote (0.00s)
--- PASS: TestNewGovernanceContract_InvalidDelegationMgrAddress (0.00s)
--- PASS: TestGovernanceContract_ValidatorVoteInvalidDelegated (0.00s)
--- PASS: TestGovernanceContract_CloseProposalAfterGovernanceFixesShouldSetLastEndedNonce (0.00s)
=== CONT  TestVmContext_SetOwnerOperatingOnAccount/wrong_type_assertion,_should_error
=== CONT  TestVmContext_SetOwnerOperatingOnAccount/should_work
=== RUN   TestStakingSc_ExecuteStakeStakeJailAndSwitchWithBoundaries/no_queue,_after_fix,_max_nodes
--- PASS: TestNewGovernanceContract_InvalidValidatorAddress (0.00s)
--- PASS: TestGovernanceContract_ExecuteInitV2 (0.00s)
--- PASS: TestNewGovernanceContract_ZeroBaseProposerCostShouldErr (0.00s)
=== CONT  TestVmContext_SetOwnerOperatingOnAccount/wrong_size_for_the_owner,_should_error
=== CONT  TestGovernanceContract_CannotClose/fixes_flag_disabled,_should_return_false_only_after_end_vote_epoch/current_epoch_is_larger_than_end_epoch
=== CONT  TestGovernanceContract_CannotClose/fixes_flag_disabled,_should_return_false_only_after_end_vote_epoch/current_epoch_is_less_than_start_epoch
--- PASS: TestNewGovernanceContract_InvalidEnableEpochsHandlerShouldErr (0.00s)
--- PASS: TestGovernanceContract_VoteInvalidProposal (0.00s)
--- PASS: TestGovernanceContract_ChangeConfig (0.00s)
=== CONT  TestGovernanceContract_CannotClose/fixes_flag_disabled,_should_return_false_only_after_end_vote_epoch/current_epoch_is_equal_with_end_epoch
--- PASS: TestGovernanceContract_ExecuteInitV2MarshalError (0.00s)
--- PASS: TestNewGovernanceContract_NilEnableEpochsHandlerShouldErr (0.00s)
--- PASS: TestGovernanceContract_DelegateVoteUserErrors (0.00s)
--- PASS: TestGovernanceContract_VoteAfterGovernanceFixesActivationWithOngoingListV1 (0.00s)
--- PASS: TestGovernanceContract_ExecuteInitV2InvalidConfig (0.00s)
--- PASS: TestGovernanceContract_ChangeConfigOutOfGas (0.00s)
--- PASS: TestNewGovernanceContract_NilMarshalizerShouldErr (0.00s)
--- PASS: TestVmContext_CleanStorage (0.00s)
--- PASS: TestGovernanceContract_ExecuteInitV2InvalidCaller (0.00s)
--- PASS: TestGovernanceContract_ExecuteNilVMInputShouldErr (0.00s)
--- PASS: TestGovernanceContract_ProposalOK (0.00s)
--- PASS: TestVmContext_IsValidatorNonexistentAccountShouldRetFalse (0.00s)
--- PASS: TestGovernanceContract_ExecuteInit (0.00s)
--- PASS: TestVmContext_IsValidatorInvalidAccountTypeShouldRetFalse (0.00s)
--- PASS: TestNewVMContext_NilUserAccountsDB (0.00s)
--- PASS: TestVmContext_Transfer (0.00s)
--- PASS: TestNewVMContext_NilInputParser (0.00s)
--- PASS: TestVmContext_CreateVMOutput_Empty (0.00s)
--- PASS: TestGovernanceContract_ExecuteSendDCDT (0.00s)
--- PASS: TestStakingSc_UnBondFromWaitingNotPossible (0.00s)
--- PASS: TestNewVMContext_NilCryptoHook (0.00s)
--- PASS: TestNewGovernanceContract_NilHasherShouldErr (0.00s)
--- PASS: TestVmContext_CleanCache (0.00s)
--- PASS: TestNewVMContext (0.00s)
--- PASS: TestNewVMContext_InvalidEnableEpochsHandler (0.00s)
--- PASS: TestNewVMContext_NilEnableEpochsHandler (0.00s)
--- PASS: TestNewVMContext_NilBlockChainHook (0.00s)
--- PASS: TestNewVMContext_NilChanceComputer (0.00s)
--- PASS: TestDelegationSystemSC_ExecuteChangeOwnerWithAccountUpdate (0.00s)
--- PASS: TestDelegationSystemSC_ExecuteChangeOwnerWithoutAccountUpdate (0.00s)
--- PASS: TestNewVMContext_NilValidatorAccountsDB (0.00s)
--- PASS: TestDelegationSystemSC_ExecuteAddNodesStakeNodesWithNodesLimit (0.00s)
--- PASS: TestVmContext_SetStorage (0.00s)
--- PASS: TestDelegation_checkArgumentsForValidatorToDelegation (0.00s)
--- PASS: TestGovernanceContract_ViewDelegatedVoteInfo (0.00s)
--- PASS: TestDelegation_ExecuteInitFromValidatorData (0.00s)
--- PASS: TestDelegation_getAndVerifyValidatorData (0.00s)
--- PASS: TestDelegation_GetDelegationManagementMarshalizerFailsShouldError (0.00s)
--- PASS: TestDelegation_GetDelegationManagementShouldWork (0.00s)
--- PASS: TestDelegation_ExecuteGetContractConfig (0.00s)
--- PASS: TestDelegation_GetDelegationManagementNoDataShouldError (0.00s)
--- PASS: TestDelegation_ExecuteGetUserUnStakedValueNoUnStakedFund (0.00s)
=== RUN   TestDelegationSystemSC_SynchronizeOwner/transfer_value_is_not_zero
--- PASS: TestDelegation_ExecuteGetUserUnStakedValue (0.00s)
--- PASS: TestDelegation_ExecuteGetAllNodeStates (0.00s)
=== RUN   TestDelegationSystemSC_SynchronizeOwner/wrong_arguments
=== RUN   TestDelegationSystemSC_SynchronizeOwner/wrong_stored_address
=== RUN   TestDelegationSystemSC_SynchronizeOwner/should_work
--- PASS: TestDelegationSystemSC_SynchronizeOwner (0.00s)
    --- PASS: TestDelegationSystemSC_SynchronizeOwner/function_is_disabled (0.00s)
    --- PASS: TestDelegationSystemSC_SynchronizeOwner/transfer_value_is_not_zero (0.00s)
    --- PASS: TestDelegationSystemSC_SynchronizeOwner/wrong_arguments (0.00s)
    --- PASS: TestDelegationSystemSC_SynchronizeOwner/wrong_stored_address (0.00s)
    --- PASS: TestDelegationSystemSC_SynchronizeOwner/should_work (0.00s)
--- PASS: TestDelegation_ExecuteGetAllNodeStatesUserErrors (0.00s)
--- PASS: TestDelegation_ExecuteGetUserActiveStakeNoActiveFund (0.00s)
--- PASS: TestDelegation_ExecuteGetUserActiveStake (0.00s)
--- PASS: TestDelegation_ExecuteGetUserActiveStakeUserErrors (0.00s)
--- PASS: TestDelegation_computeAndUpdateRewardsWithTotalActiveZeroSendsAllRewardsToOwner (0.00s)
--- PASS: TestDelegation_computeAndUpdateRewardsWithTotalActiveZeroDoesNotPanic (0.00s)
--- PASS: TestDelegation_ExecuteUnknownFunc (0.00s)
--- PASS: TestDelegation_ExecuteGetTotalUnStakedUserErrors (0.00s)
--- PASS: TestDelegation_ExecuteGetTotalActiveStake (0.00s)
--- PASS: TestDelegation_ExecuteGetNumNodes (0.00s)
--- PASS: TestDelegation_ExecuteGetTotalActiveStakeUserErrors (0.00s)
--- PASS: TestDelegation_ExecuteGetTotalUnStaked (0.00s)
--- PASS: TestDelegation_ExecuteGetNumUsers (0.00s)
--- PASS: TestDelegation_ExecuteGetNumUsersUserErrors (0.00s)
--- PASS: TestDelegation_ExecuteGetRewardDataUserErrors (0.00s)
--- PASS: TestDelegation_ExecuteGetNumNodesUserErrors (0.00s)
--- PASS: TestDelegation_ExecuteGetTotalCumulatedRewards (0.00s)
--- PASS: TestDelegation_ExecuteUpdateRewards (0.00s)
--- PASS: TestDelegation_ExecuteGetTotalCumulatedRewardsUserErrors (0.00s)
--- PASS: TestDelegation_ExecuteGetClaimableRewards (0.00s)
--- PASS: TestDelegation_ExecuteClaimRewardsShouldDeleteDelegator (0.00s)
--- PASS: TestDelegation_ExecuteGetClaimableRewardsUserErrors (0.00s)
--- PASS: TestDelegation_ExecuteReDelegateRewardsWithExtraCheckReDelegateIsBelowMinimum (0.00s)
--- PASS: TestDelegation_ExecuteGetRewardData (0.00s)
--- PASS: TestNewGovernanceContract_NilEeiShouldErr (0.00s)
--- PASS: TestDelegation_ExecuteClaimRewardsUserErrors (0.00s)
--- PASS: TestDelegation_ExecuteUpdateRewardsUserErrors (0.00s)
--- PASS: TestDelegation_getSuccessAndUnSuccessKeys (0.00s)
--- PASS: TestDelegation_ExecuteReDelegateRewardsNoExtraCheck (0.00s)
--- PASS: TestVmContext_GetBalance (0.00s)
--- PASS: TestDelegation_ExecuteGetUserUnBondable (0.00s)
--- PASS: TestDelegation_ExecuteClaimRewards (0.00s)
--- PASS: TestDelegation_getSuccessAndUnSuccessKeysAllSuccess (0.00s)
--- PASS: TestDelegation_ExecuteGetUserUnBondableUserErrors (0.00s)
--- PASS: TestDcdt_UpdateTokenType (0.00s)
--- PASS: TestDelegation_getSuccessAndUnSuccessKeysAllUnSuccess (0.00s)
--- PASS: TestDelegationSystemSC_ExecuteWithdrawUserErrors (0.00s)
--- PASS: TestDelegationSystemSC_ExecuteUnDelegateUserNotDelegatorOrNoActiveFundShouldErr (0.00s)
--- PASS: TestDelegationSystemSC_ExecuteWithdrawWrongInit (0.00s)
--- PASS: TestDelegationSystemSC_ExecuteWithdraw (0.00s)
--- PASS: TestVmContext_IsValidator (0.00s)
--- PASS: TestDelegationSystemSC_ExecuteModifyTotalDelegationCap (0.00s)
--- PASS: TestDelegationSystemSC_ExecuteChangeServiceFee (0.00s)
--- PASS: TestDelegationSystemSC_ExecuteUnDelegateUserErrorsWhenGettingMinimumDelegationAmount (0.00s)
--- PASS: TestDelegationSystemSC_ExecuteUnDelegateUserErrorsWhenAnInvalidValueToDelegateWasProvided (0.00s)
--- PASS: TestDelegationSystemSC_ExecuteModifyTotalDelegationCapUserErrors (0.00s)
--- PASS: TestDelegationSystemSC_ExecuteUnDelegatePartOfFunds (0.00s)
--- PASS: TestDelegationSystemSC_ExecuteChangeOwnerUserErrors (0.00s)
--- PASS: TestDelegationSystemSC_ExecuteUnDelegateUserErrors (0.00s)
--- PASS: TestDelegationSystemSC_ExecuteDelegateFailsWhenGettingDelegationManagement (0.00s)
--- PASS: TestDelegationSystemSC_ExecuteDelegate (0.00s)
--- PASS: TestDelegationSystemSC_ExecuteUnDelegateAllFunds (0.00s)
--- PASS: TestDelegationSystemSC_ExecuteChangeServiceFeeUserErrors (0.00s)
--- PASS: TestDelegationSystemSC_ExecuteUnJailNodesUserErrors (0.00s)
--- PASS: TestDelegationSystemSC_ExecuteDelegateUserErrors (0.00s)
--- PASS: TestDelegationSystemSC_ExecuteUnBondNodesNotPresentInUnStakedShouldErr (0.00s)
--- PASS: TestDelegationSystemSC_ExecuteDelegateWrongInit (0.00s)
--- PASS: TestDelegationSystemSC_ExecuteUnBondNodesUserErrors (0.00s)
--- PASS: TestDelegationSystemSC_ExecuteUnStakeNodesUserErrors (0.00s)
--- PASS: TestDelegationSystemSC_ExecuteUnStakeNodesNotPresentInStakedShouldErr (0.00s)
--- PASS: TestDelegationSystemSC_ExecuteStakeNodesNotPresentInNotStakedOrUnStakedShouldErr (0.00s)
--- PASS: TestDelegationSystemSC_ExecuteUnStakeNodes (0.00s)
--- PASS: TestDelegation_ExecuteReDelegateRewardsWithExtraCheckReDelegateIsAboveMinimum (0.00s)
--- PASS: TestDelegationSystemSC_ExecuteRemoveNodesUserErrors (0.00s)
--- PASS: TestDelegationSystemSC_ExecuteAddNodesWithNoArgsShouldErr (0.00s)
--- PASS: TestDelegationSystemSC_ExecuteAddNodesShouldSaveAddedKeysAsNotStakedKeys (0.00s)
--- PASS: TestDelegationSystemSC_ExecuteUnJailNodesNotDelegatorShouldErr (0.00s)
--- PASS: TestDelegationSystemSC_ExecuteStakeNodesUserErrors (0.00s)
--- PASS: TestDelegationSystemSC_ExecuteAddNodesStakedKeyAlreadyExistsInNotStakedKeysShouldErr (0.00s)
--- PASS: TestDelegationSystemSC_ExecuteRemoveNodesShouldRemoveKeyFromNotStakedKeys (0.00s)
--- PASS: TestDelegationSystemSC_ExecuteRemoveNodesWithNoArgsShouldErr (0.00s)
--- PASS: TestDelegationSystemSC_ExecuteAddNodesStakedKeyAlreadyExistsInUnStakedKeysShouldErr (0.00s)
--- PASS: TestDelegationSystemSC_ExecuteRemoveNodesNotPresentInNotStakedShouldErr (0.00s)
--- PASS: TestDelegationSystemSC_ExecuteUnJailNodes (0.00s)
--- PASS: TestDelegationSystemSC_ExecuteAddNodesStakedKeyAlreadyExistsInStakedKeysShouldErr (0.00s)
--- PASS: TestDelegationSystemSC_ExecuteInitCallValueHigherThanMaxDelegationCapShouldErr (0.00s)
--- PASS: TestDelegationSystemSC_ExecuteNilArgsShouldErr (0.00s)
--- PASS: TestDelegationSystemSC_ExecuteStakeNodesVerifiesBothUnStakedAndNotStaked (0.00s)
--- PASS: TestDelegationSystemSC_ExecuteUnJailNodesNotPresentInStakedOrUnStakedShouldErr (0.00s)
--- PASS: TestDelegationSystemSC_ExecuteInitScAlreadyPresentShouldErr (0.00s)
--- PASS: TestDelegationSystemSC_ExecuteInitWrongNumOfArgs (0.00s)
--- PASS: TestDelegationSystemSC_ExecuteDelegationDisabledShouldErr (0.00s)
--- PASS: TestDelegationSystemSC_ExecuteAddNodesUserErrors (0.00s)
--- PASS: TestDelegationSystemSC_ExecuteUnStakeNodesAtEndOfEpoch (0.00s)
--- PASS: TestNewDelegationSystemSC_OkParamsShouldWork (0.00s)
--- PASS: TestNewDelegationSystemSC_InvalidEnableEpochsHandlerShouldErr (0.00s)
--- PASS: TestNewDelegationSystemSC_InvalidGenesisNodePriceShouldErr (0.00s)
--- PASS: TestNewDelegationSystemSC_NilEnableEpochsHandlerShouldErr (0.00s)
--- PASS: TestNewDelegationSystemSC_InvalidMinStakeValueShouldErr (0.00s)
--- PASS: TestNewDelegationSystemSC_NilSigVerifierShouldErr (0.00s)
--- PASS: TestNewDelegationSystemSC_NilMarshalizerShouldErr (0.00s)
--- PASS: TestDelegationSystemSC_ExecuteUnDelegateAllFundsAsOwner (0.00s)
--- PASS: TestDelegationSystemSC_ExecuteInitShouldWork (0.00s)
--- PASS: TestNewDelegationSystemSC_InvalidValidatorSCAddrShouldErr (0.00s)
--- PASS: TestNewDelegationSystemSC_InvalidDelegationMgrSCAddrShouldErr (0.00s)
--- PASS: TestDelegationSystemSC_ExecuteDelegateStakeNodes (0.00s)
--- PASS: TestDelegationSystemSC_ExecuteUnBondNodes (0.00s)
--- PASS: TestDelegationManager_GetContractConfigErrors (0.00s)
--- PASS: TestDelegationManager_GetContractConfigShouldWork (0.00s)
--- PASS: TestDelegationManagerSystemSC_ClaimMultipleDelegationDuplicatedInput (0.00s)
--- PASS: TestCreateNewAddress_NextAddressShouldWork (0.00s)
--- PASS: TestDelegationManager_ChangeMinDelegationMarhalizingFailsShouldError (0.00s)
--- PASS: TestDelegationManager_ChangeMinDelegationShouldWork (0.00s)
--- PASS: TestDelegationManager_ChangeMinDelegationAmountInvalidCallerShouldError (0.00s)
--- PASS: TestNewDelegationSystemSC_NilSystemEnvironmentShouldErr (0.00s)
--- PASS: TestDelegationManagerSystemSC_ExecuteCreateNewDelegationContractUserErrors (0.00s)
--- PASS: TestNewDelegationSystemSC_InvalidStakingSCAddrShouldErr (0.00s)
--- PASS: TestDelegationManagerSystemSC_ExecuteChangeMinDepositUserErrors (0.00s)
--- PASS: TestDelegationManagerSystemSC_ExecuteInvalidFunction (0.00s)
--- PASS: TestDelegationManagerSystemSC_ExecuteWithNilArgsShouldErr (0.00s)
--- PASS: TestDelegationManagerSystemSC_ExecuteInit (0.00s)
--- PASS: TestNewDelegationManagerSystemSC_InvalidMinStakeAmountShouldErr (0.00s)
--- PASS: TestDelegationManagerSystemSC_ClaimMultipleDelegationFails (0.00s)
--- PASS: TestNewDelegationManagerSystemSC (0.00s)
--- PASS: TestNewDelegationManagerSystemSC_InvalidEnableEpochsHandlerShouldErr (0.00s)
--- PASS: TestDelegationManagerSystemSC_ExecuteWithDelegationManagerDisabled (0.00s)
--- PASS: TestNewDelegationManagerSystemSC_NilMarshalizerShouldErr (0.00s)
--- PASS: TestDelegationManagerSystemSC_ClaimMultipleDelegation (0.00s)
--- PASS: TestNewDelegationManagerSystemSC_InvalidValidatorSCAddressShouldErr (0.00s)
--- PASS: TestDelegation_initFromValidatorData (0.00s)
--- PASS: TestDelegationManagerSystemSC_ExecuteGetAllContractAddresses (0.00s)
--- PASS: TestNewDelegationManagerSystemSC_InvalidDelegationManagerSCAddressShouldErr (0.00s)
--- PASS: TestNewDelegationManagerSystemSC_InvalidConfigChangeAddressShouldErr (0.00s)
--- PASS: TestNewDelegationManagerSystemSC_InvalidStakingSCAddressShouldErr (0.00s)
--- PASS: TestNewDelegationManagerSystemSC_NilEnableEpochsHandlerShouldErr (0.00s)
--- PASS: TestDcdt_ExecuteBurnWrongCallValueShouldFail (0.00s)
--- PASS: TestDelegationManagerSystemSC_ExecuteCreateNewDelegationContract (0.00s)
--- PASS: TestNewDelegationManagerSystemSC_NilEeiShouldErr (0.00s)
--- PASS: TestStakingSC_SetOwnersOnAddressesEmptyArgsShouldWork (0.00s)
--- PASS: TestDcdt_RegisterDynamic (0.00s)
--- PASS: TestNewDelegationManagerSystemSC_InvalidMinCreationDepositShouldErr (0.00s)
--- PASS: TestStakingValidatorSC_GetTopUpNotEnabledShouldError (0.00s)
--- PASS: TestDcdt_ExecuteChangeToMultiShardCreate (0.00s)
--- PASS: TestStakingValidatorSC_UpdateStakingV2NotEnabledShouldError (0.00s)
--- PASS: TestValidatorStakingSC_ExecuteStakeNotEnoughFundsForMultipleNodesShouldErr (0.00s)
--- PASS: TestValidatorStakingSC_ChangeRewardAddress (0.00s)
--- PASS: TestStakingValidatorSC_UnBondAllTokensShouldWork (0.00s)
--- PASS: TestStakingSc_ChangeRewardAndOwnerAddress (0.00s)
--- PASS: TestDcdt_ExecuteIssueAlways6charactersForRandom (0.00s)
--- PASS: TestDcdt_ChangeToDynamic (0.00s)
--- PASS: TestStakingValidatorSC_UnBondAllTokensWithMinDepositShouldError (0.00s)
--- PASS: TestStakingSc_UnStakeNodeWhenMaxNumIsMoreShouldNotStakeFromWaiting (0.00s)
--- PASS: TestStakingSC_ResetWaitingListUnJailed (0.00s)
--- PASS: TestStakingSC_UnstakeAtEndOfEpoch (0.00s)
--- PASS: TestStakingValidatorSC_UnBondTokensV2WithSplitShouldWork (0.00s)
--- PASS: TestDelegationManagerSystemSC_ReDelegateMulti (0.00s)
--- PASS: TestStakingSC_GetOwnerWrongArgumentsShouldErr (0.00s)
--- PASS: TestDelegationSystemSC_ExecuteUnDelegateMultipleTimesSameAndDiffEpochAndWithdraw (0.00s)
--- PASS: TestDcdt_UpdateTokenID (0.00s)
--- PASS: TestStakingValidatorSC_UnBondTokensV2WithTooMuchToUnbondShouldWork (0.00s)
--- PASS: TestStakingValidatorSC_UnbondTokensWithCallValueShouldError (0.00s)
--- PASS: TestStakingSC_GetOwnerWrongCallerShouldErr (0.00s)
--- PASS: TestDelegationManagerSystemSC_ExecuteChangeMinDeposit (0.00s)
--- PASS: TestStakingSC_GetOwnerShouldWork (0.00s)
--- PASS: TestStakingValidatorSC_UnbondTokensNotEnabledShouldError (0.00s)
--- PASS: TestValidatorStakingSC_ExecuteUnStakeValueNotZeroShouldErr (0.00s)
--- PASS: TestStakingValidatorSC_UnBondTokensV2ShouldWork (0.00s)
--- PASS: TestValidatorStakingSC_ExecuteStake (0.00s)
--- PASS: TestValidatorStakingSC_ExecuteStakeNotEnoughGasForMultipleNodesShouldErr (0.00s)
--- PASS: TestStakingValidatorSC_UnBondTokensV1ShouldWork (0.00s)
--- PASS: TestValidatorStakingSC_ExecuteGetShouldReturnUserErr (0.00s)
--- PASS: TestStakingValidatorSC_UnstakeAllTokensWithActiveNodesShouldError (0.00s)
--- PASS: TestStakingSC_GetOwnerStakingV2NotEnabledShouldErr (0.00s)
--- PASS: TestValidatorStakingSC_getBlsStatusNoBlsKeys (0.00s)
--- PASS: TestValidatorStakingSC_ExecuteStakeOneKeyFailsOneRegisterStakeSCShouldErr (0.00s)
--- PASS: TestValidatorStakingSC_ExecuteStakeUnStakeReturnsErrAsNotEnabled (0.00s)
--- PASS: TestStakingValidatorSC_UnstakeAllTokensShouldWork (0.00s)
--- PASS: TestValidatorStakingSC_getBlsStatusWrongRegistrationData (0.00s)
--- PASS: TestValidatorStakingSC_getBlsStatusWrongNumOfArguments (0.00s)
--- PASS: TestStakingValidatorSC_UnstakeTokensHavingUnstakedShouldWork (0.00s)
--- PASS: TestStakingValidatorSC_UnbondTokensOneArgument (0.00s)
--- PASS: TestValidatorStakingSC_ExecuteSlashOwnerAddrNotOkShouldErr (0.00s)
--- PASS: TestValidatorStakingSC_getBlsStatusWrongCaller (0.00s)
--- PASS: TestNewDelegationSystemSC_InvalidUnJailValueShouldErr (0.00s)
--- PASS: TestValidatorStakingSC_getBlsStatusShouldWorkEvenIfAnErrorOccursForOneOfTheBlsKeys (0.00s)
--- PASS: TestValidatorStakingSC_ExecuteStakeBeforeValidatorEnableNonce (0.00s)
--- PASS: TestValidatorStakingSC_getBlsStatusShouldWork (0.00s)
--- PASS: TestValidatorStakingSC_ExecuteGetShouldOk (0.00s)
--- PASS: TestNewStakingValidatorSmartContract_NilShardCoordinator (0.00s)
--- PASS: TestValidatorStakingSC_SetConfig_InvalidParameters (0.00s)
--- PASS: TestNewStakingValidatorSmartContract_EmptyGovernanceAddress (0.00s)
--- PASS: TestNewStakingValidatorSmartContract_InvalidGenesisTotalSupply (0.00s)
--- PASS: TestValidatorStakingSC_ExecuteUnBond (0.00s)
--- PASS: TestValidatorSC_ExecuteUnBondBeforePeriodEndsForV2 (0.00s)
--- PASS: TestValidatorStakingSC_ExecuteUnBondBeforePeriodEnds (0.00s)
--- PASS: TestStakingValidatorSC_UnstakeTokensUnderMinimumAllowedShouldErr (0.00s)
--- PASS: TestDcdt_RegisterAndSetAllRolesDynamic (0.00s)
--- PASS: TestStakingValidatorSC_UnstakeTokensOverMaxShouldUnStake (0.00s)
--- PASS: TestValidatorStakingSC_Claim (0.00s)
--- PASS: TestStakingValidatorSC_UnstakeTokensWithCallValueShouldError (0.00s)
--- PASS: TestStakingValidatorSC_ExecuteStakeTooManyNodes (0.00s)
--- PASS: TestStakingValidatorSC_ExecuteStakeUnJail (0.00s)
--- PASS: TestStakingValidatorSC_ExecuteStakeTooManyNodesAddOnly2 (0.00s)
--- PASS: TestStakingValidatorSC_ExecuteStakeTooMuchStake (0.00s)
--- PASS: TestStakingValidatorSC_UnstakeTokensNotEnabledShouldError (0.00s)
--- PASS: TestStakingSc_StakeFromQueue (0.00s)
--- PASS: TestStakingValidatorSC_ExecuteStakeDoubleKeyAndCleanup (0.00s)
--- PASS: TestDcdt_ExecuteWipeTooFewArgumentsShouldFail (0.00s)
--- PASS: TestStakingValidatorSC_UnstakeTokensInvalidArgumentsShouldError (0.00s)
--- PASS: TestStakingValidatorSC_ExecuteStakeAddedNewPubKeysShouldWork (0.00s)
--- PASS: TestNewStakingValidatorSmartContract_ZeroStakeLimit (0.00s)
--- PASS: TestNewStakingValidatorSmartContract_EmptyDelegationManagerAddress (0.00s)
--- PASS: TestValidatorStakingSC_ExecuteUnBondUnmarshalErr (0.00s)
--- PASS: TestValidatorStakingSC_ExecuteUnStakeFailsWithWrongCaller (0.00s)
--- PASS: TestValidatorStakingSC_ExecuteStakeNotEnoughArgsShouldErr (0.00s)
--- PASS: TestStakingSC_SetOwnersOnAddressesWrongCallerShouldErr (0.00s)
--- PASS: TestStakingSC_SetOwnersOnAddressesNotEnabledShouldErr (0.00s)
--- PASS: TestNewStakingValidatorSmartContract_InvalidEnableEpochsHandler (0.00s)
--- PASS: TestStakingValidatorSC_ExecuteStakeWithoutArgumentsShouldWork (0.00s)
--- PASS: TestStakingSc_InsertAfterLastJailedBeforeFix (0.00s)
--- PASS: TestStakingSc_RemoveFromWaitingListSecondThatLooksLikeFirstBeforeFix (0.00s)
--- PASS: TestValidatorStakingSC_ExecuteUnBondValidatorNotUnStakeShouldErr (0.00s)
--- PASS: TestValidatorStakingSC_ChangeRewardAddressWithExtraChecks (0.00s)
--- PASS: TestStakingSC_SetOwnersOnAddressesShouldWork (0.00s)
--- PASS: TestStakingValidatorSC_UnstakeTokensShouldWork (0.00s)
--- PASS: TestNewStakingValidatorSmartContract_NilEnableEpochsHandler (0.00s)
--- PASS: TestStakingSc_RemoveFromWaitingListFirst (0.01s)
    --- PASS: TestStakingSc_RemoveFromWaitingListFirst/BeforeFix (0.00s)
    --- PASS: TestStakingSc_RemoveFromWaitingListFirst/AfterFix (0.00s)
--- PASS: TestValidatorStakingSC_ExecuteUnStake (0.00s)
--- PASS: TestValidatorStakingSC_ExecuteStakeWithMaxStakePerNode (0.00s)
=== RUN   TestStakingSc_fixWaitingListQueueSize/should_not_alter_if_repair_is_not_needed
--- PASS: TestStakingSc_updateConfigMinNodesOK (0.00s)
--- PASS: TestStakingSc_RemoveFromWaitingListNotFoundPreviousShouldErrAndFinish (0.00s)
--- PASS: TestNewStakingValidatorSmartContract_NilNodesCoordinator (0.00s)
--- PASS: Test_UnJailNotAllowedIfJailed (0.00s)
--- PASS: TestStakingSc_RemoveFromWaitingListSecondThatLooksLikeFirstAfterFix (0.00s)
--- PASS: Test_NoActionAllowedForBadRatingOrJailed (0.00s)
--- PASS: TestVmContext_UpdateCodeDeployerAddress (0.00s)
    --- PASS: TestVmContext_UpdateCodeDeployerAddress/programming_error:_account_is_missing,_should_error (0.00s)
    --- PASS: TestVmContext_UpdateCodeDeployerAddress/account_exists,_should_update (0.00s)
--- PASS: TestDelegationManager_CorrectOwnerOnAccount (0.00s)
    --- PASS: TestDelegationManager_CorrectOwnerOnAccount/should_work (0.00s)
    --- PASS: TestDelegationManager_CorrectOwnerOnAccount/the_fix_is_disabled,_returns_nil (0.00s)
--- PASS: TestVmContext_SetOwnerOperatingOnAccount (0.00s)
    --- PASS: TestVmContext_SetOwnerOperatingOnAccount/load_account_errors,_should_error (0.00s)
    --- PASS: TestVmContext_SetOwnerOperatingOnAccount/wrong_type_assertion,_should_error (0.00s)
    --- PASS: TestVmContext_SetOwnerOperatingOnAccount/should_work (0.00s)
    --- PASS: TestVmContext_SetOwnerOperatingOnAccount/wrong_size_for_the_owner,_should_error (0.00s)
=== RUN   TestStakingSc_fixWaitingListQueueSize/should_not_alter_if_the_waiting_list_size_is_1
--- PASS: TestDelegation_ExecuteGetContractConfigUserErrors (0.00s)
--- PASS: TestDelegation_ExecuteGetUserUnStakedValueUserErrors (0.00s)
=== RUN   TestGovernanceContract_CannotClose/fixes_flag_enabled,_should_return_false_only_between_start_and_end_epoch
=== RUN   TestStakingSc_fixWaitingListQueueSize/should_not_alter_if_the_waiting_list_size_is_0
--- PASS: TestGovernanceContract_ProposalInvalidArgumentsLength (0.00s)
=== RUN   TestStakingSc_ExecuteStakeStakeJailAndSwitchWithBoundaries/no_queue,_after_fix,_min_nodes_
=== RUN   TestGovernanceContract_CannotClose/fixes_flag_enabled,_should_return_false_only_between_start_and_end_epoch/current_epoch_is_less_than_start_epoch
=== PAUSE TestGovernanceContract_CannotClose/fixes_flag_enabled,_should_return_false_only_between_start_and_end_epoch/current_epoch_is_less_than_start_epoch
=== RUN   TestGovernanceContract_CannotClose/fixes_flag_enabled,_should_return_false_only_between_start_and_end_epoch/current_epoch_is_equal_with_start_epoch
=== PAUSE TestGovernanceContract_CannotClose/fixes_flag_enabled,_should_return_false_only_between_start_and_end_epoch/current_epoch_is_equal_with_start_epoch
=== RUN   TestStakingSc_fixWaitingListQueueSize/should_not_alter_lastJailedKey_if_exists
=== RUN   TestGovernanceContract_CannotClose/fixes_flag_enabled,_should_return_false_only_between_start_and_end_epoch/current_epoch_is_between_start_and_end_epochs
=== PAUSE TestGovernanceContract_CannotClose/fixes_flag_enabled,_should_return_false_only_between_start_and_end_epoch/current_epoch_is_between_start_and_end_epochs
=== RUN   TestGovernanceContract_CannotClose/fixes_flag_enabled,_should_return_false_only_between_start_and_end_epoch/current_epoch_is_equal_with_end_epoch
=== PAUSE TestGovernanceContract_CannotClose/fixes_flag_enabled,_should_return_false_only_between_start_and_end_epoch/current_epoch_is_equal_with_end_epoch
=== RUN   TestGovernanceContract_CannotClose/fixes_flag_enabled,_should_return_false_only_between_start_and_end_epoch/current_epoch_is_larger_than_end_epoch
=== PAUSE TestGovernanceContract_CannotClose/fixes_flag_enabled,_should_return_false_only_between_start_and_end_epoch/current_epoch_is_larger_than_end_epoch
=== CONT  TestGovernanceContract_CannotClose/fixes_flag_enabled,_should_return_false_only_between_start_and_end_epoch/current_epoch_is_less_than_start_epoch
=== CONT  TestGovernanceContract_CannotClose/fixes_flag_enabled,_should_return_false_only_between_start_and_end_epoch/current_epoch_is_equal_with_end_epoch
=== CONT  TestGovernanceContract_CannotClose/fixes_flag_enabled,_should_return_false_only_between_start_and_end_epoch/current_epoch_is_equal_with_start_epoch
=== CONT  TestGovernanceContract_CannotClose/fixes_flag_enabled,_should_return_false_only_between_start_and_end_epoch/current_epoch_is_larger_than_end_epoch
=== CONT  TestGovernanceContract_CannotClose/fixes_flag_enabled,_should_return_false_only_between_start_and_end_epoch/current_epoch_is_between_start_and_end_epochs
=== RUN   TestStakingSc_fixWaitingListQueueSize/should_alter_lastJailedKey_if_NOT_exists
--- PASS: TestGovernanceContract_CannotClose (0.01s)
    --- PASS: TestGovernanceContract_CannotClose/fixes_flag_disabled,_should_return_false_only_after_end_vote_epoch (0.00s)
        --- PASS: TestGovernanceContract_CannotClose/fixes_flag_disabled,_should_return_false_only_after_end_vote_epoch/current_epoch_is_between_start_and_end_epochs (0.00s)
        --- PASS: TestGovernanceContract_CannotClose/fixes_flag_disabled,_should_return_false_only_after_end_vote_epoch/current_epoch_is_equal_with_start_epoch (0.00s)
        --- PASS: TestGovernanceContract_CannotClose/fixes_flag_disabled,_should_return_false_only_after_end_vote_epoch/current_epoch_is_larger_than_end_epoch (0.00s)
        --- PASS: TestGovernanceContract_CannotClose/fixes_flag_disabled,_should_return_false_only_after_end_vote_epoch/current_epoch_is_less_than_start_epoch (0.00s)
        --- PASS: TestGovernanceContract_CannotClose/fixes_flag_disabled,_should_return_false_only_after_end_vote_epoch/current_epoch_is_equal_with_end_epoch (0.00s)
    --- PASS: TestGovernanceContract_CannotClose/fixes_flag_enabled,_should_return_false_only_between_start_and_end_epoch (0.00s)
        --- PASS: TestGovernanceContract_CannotClose/fixes_flag_enabled,_should_return_false_only_between_start_and_end_epoch/current_epoch_is_less_than_start_epoch (0.00s)
        --- PASS: TestGovernanceContract_CannotClose/fixes_flag_enabled,_should_return_false_only_between_start_and_end_epoch/current_epoch_is_equal_with_start_epoch (0.00s)
        --- PASS: TestGovernanceContract_CannotClose/fixes_flag_enabled,_should_return_false_only_between_start_and_end_epoch/current_epoch_is_equal_with_end_epoch (0.00s)
        --- PASS: TestGovernanceContract_CannotClose/fixes_flag_enabled,_should_return_false_only_between_start_and_end_epoch/current_epoch_is_larger_than_end_epoch (0.00s)
        --- PASS: TestGovernanceContract_CannotClose/fixes_flag_enabled,_should_return_false_only_between_start_and_end_epoch/current_epoch_is_between_start_and_end_epochs (0.00s)
=== RUN   TestStakingSc_ExecuteStakeStakeJailAndSwitchWithBoundaries/with_1_queue,_before_fix,_max_nodes
--- PASS: TestStakingSc_fixWaitingListQueueSize (0.01s)
    --- PASS: TestStakingSc_fixWaitingListQueueSize/inactive_fix_should_error (0.00s)
    --- PASS: TestStakingSc_fixWaitingListQueueSize/provided_value_should_error (0.00s)
    --- PASS: TestStakingSc_fixWaitingListQueueSize/not_enough_gas_should_error (0.00s)
    --- PASS: TestStakingSc_fixWaitingListQueueSize/should_repair (0.00s)
    --- PASS: TestStakingSc_fixWaitingListQueueSize/should_not_alter_if_repair_is_not_needed (0.00s)
    --- PASS: TestStakingSc_fixWaitingListQueueSize/should_not_alter_if_the_waiting_list_size_is_1 (0.00s)
    --- PASS: TestStakingSc_fixWaitingListQueueSize/should_not_alter_if_the_waiting_list_size_is_0 (0.00s)
    --- PASS: TestStakingSc_fixWaitingListQueueSize/should_not_alter_lastJailedKey_if_exists (0.00s)
    --- PASS: TestStakingSc_fixWaitingListQueueSize/should_alter_lastJailedKey_if_NOT_exists (0.00s)
=== RUN   TestStakingSc_ExecuteStakeStakeJailAndSwitchWithBoundaries/with_1_queue,_after_fix,_max_nodes
--- PASS: TestStakingSc_ExecuteStakeStakeJailAndSwitchWithBoundaries (0.01s)
    --- PASS: TestStakingSc_ExecuteStakeStakeJailAndSwitchWithBoundaries/no_queue,_before_fix,_max_nodes (0.00s)
    --- PASS: TestStakingSc_ExecuteStakeStakeJailAndSwitchWithBoundaries/no_queue,_before_fix,_min_nodes (0.00s)
    --- PASS: TestStakingSc_ExecuteStakeStakeJailAndSwitchWithBoundaries/no_queue,_after_fix,_max_nodes (0.00s)
    --- PASS: TestStakingSc_ExecuteStakeStakeJailAndSwitchWithBoundaries/no_queue,_after_fix,_min_nodes_ (0.00s)
    --- PASS: TestStakingSc_ExecuteStakeStakeJailAndSwitchWithBoundaries/with_1_queue,_before_fix,_max_nodes (0.00s)
    --- PASS: TestStakingSc_ExecuteStakeStakeJailAndSwitchWithBoundaries/with_1_queue,_after_fix,_max_nodes (0.00s)
PASS
ok  	github.com/TerraDharitri/drt-go-chain/vm/systemSmartContracts	(cached)
